10 Tests Remaining!
B.0.huge-simpleread.2-1G.3.O.1M
Begin
Node 0 MemTotal:       24743736 kB
Node 0 MemFree:        24355164 kB
Node 0 MemUsed:          388572 kB
Node 0 Active:            32808 kB
Node 0 Inactive:          63168 kB
Node 0 Active(anon):      15192 kB
Node 0 Inactive(anon):      520 kB
Node 0 Active(file):      17616 kB
Node 0 Inactive(file):    62648 kB
Node 0 Unevictable:       13264 kB
Node 0 Mlocked:           13264 kB
Node 0 Dirty:               116 kB
Node 0 Writeback:             0 kB
Node 0 FilePages:         83924 kB
Node 0 Mapped:            13384 kB
Node 0 AnonPages:         25244 kB
Node 0 Shmem:               724 kB
Node 0 KernelStack:        2168 kB
Node 0 PageTables:          636 kB
Node 0 NFS_Unstable:          0 kB
Node 0 Bounce:                0 kB
Node 0 WritebackTmp:          0 kB
Node 0 KReclaimable:      18620 kB
Node 0 Slab:              56100 kB
Node 0 SReclaimable:      18620 kB
Node 0 SUnreclaim:        37480 kB
Node 0 AnonHugePages:         0 kB
Node 0 ShmemHugePages:        0 kB
Node 0 ShmemPmdMapped:        0 kB
Node 0 FileHugePages:        0 kB
Node 0 FilePmdMapped:        0 kB
Node 0 HugePages_Total:     0
Node 0 HugePages_Free:      0
Node 0 HugePages_Surp:      0

Node 1 MemTotal:       24686196 kB
Node 1 MemFree:        24401932 kB
Node 1 MemUsed:          284264 kB
Node 1 Active:            63872 kB
Node 1 Inactive:          87728 kB
Node 1 Active(anon):      19168 kB
Node 1 Inactive(anon):      360 kB
Node 1 Active(file):      44704 kB
Node 1 Inactive(file):    87368 kB
Node 1 Unevictable:        5260 kB
Node 1 Mlocked:            5260 kB
Node 1 Dirty:                28 kB
Node 1 Writeback:             0 kB
Node 1 FilePages:        137872 kB
Node 1 Mapped:            78328 kB
Node 1 AnonPages:         19132 kB
Node 1 Shmem:               544 kB
Node 1 KernelStack:        1720 kB
Node 1 PageTables:          876 kB
Node 1 NFS_Unstable:          0 kB
Node 1 Bounce:                0 kB
Node 1 WritebackTmp:          0 kB
Node 1 KReclaimable:      23332 kB
Node 1 Slab:              49540 kB
Node 1 SReclaimable:      23332 kB
Node 1 SUnreclaim:        26208 kB
Node 1 AnonHugePages:         0 kB
Node 1 ShmemHugePages:        0 kB
Node 1 ShmemPmdMapped:        0 kB
Node 1 FileHugePages:        0 kB
Node 1 FilePmdMapped:        0 kB
Node 1 HugePages_Total:     0
Node 1 HugePages_Free:      0
Node 1 HugePages_Surp:      0

Load ZFS
Node 0 MemTotal:       24743736 kB
Node 0 MemFree:        24467896 kB
Node 0 MemUsed:          275840 kB
Node 0 Active:            45672 kB
Node 0 Inactive:          67612 kB
Node 0 Active(anon):      26936 kB
Node 0 Inactive(anon):      128 kB
Node 0 Active(file):      18736 kB
Node 0 Inactive(file):    67484 kB
Node 0 Unevictable:       13348 kB
Node 0 Mlocked:           13348 kB
Node 0 Dirty:               144 kB
Node 0 Writeback:             0 kB
Node 0 FilePages:         89832 kB
Node 0 Mapped:            15740 kB
Node 0 AnonPages:         37376 kB
Node 0 Shmem:               540 kB
Node 0 KernelStack:        2352 kB
Node 0 PageTables:          720 kB
Node 0 NFS_Unstable:          0 kB
Node 0 Bounce:                0 kB
Node 0 WritebackTmp:          0 kB
Node 0 KReclaimable:      18912 kB
Node 0 Slab:              57608 kB
Node 0 SReclaimable:      18912 kB
Node 0 SUnreclaim:        38696 kB
Node 0 AnonHugePages:         0 kB
Node 0 ShmemHugePages:        0 kB
Node 0 ShmemPmdMapped:        0 kB
Node 0 FileHugePages:        0 kB
Node 0 FilePmdMapped:        0 kB
Node 0 HugePages_Total:     0
Node 0 HugePages_Free:      0
Node 0 HugePages_Surp:      0

Node 1 MemTotal:       24686196 kB
Node 1 MemFree:        24148016 kB
Node 1 MemUsed:          538180 kB
Node 1 Active:            75560 kB
Node 1 Inactive:         186288 kB
Node 1 Active(anon):      29904 kB
Node 1 Inactive(anon):      392 kB
Node 1 Active(file):      45656 kB
Node 1 Inactive(file):   185896 kB
Node 1 Unevictable:        5260 kB
Node 1 Mlocked:            5260 kB
Node 1 Dirty:               152 kB
Node 1 Writeback:             0 kB
Node 1 FilePages:        237536 kB
Node 1 Mapped:            80776 kB
Node 1 AnonPages:         29276 kB
Node 1 Shmem:               728 kB
Node 1 KernelStack:        2080 kB
Node 1 PageTables:         2388 kB
Node 1 NFS_Unstable:          0 kB
Node 1 Bounce:                0 kB
Node 1 WritebackTmp:          0 kB
Node 1 KReclaimable:      24276 kB
Node 1 Slab:              54916 kB
Node 1 SReclaimable:      24276 kB
Node 1 SUnreclaim:        30640 kB
Node 1 AnonHugePages:         0 kB
Node 1 ShmemHugePages:        0 kB
Node 1 ShmemPmdMapped:        0 kB
Node 1 FileHugePages:        0 kB
Node 1 FilePmdMapped:        0 kB
Node 1 HugePages_Total:     0
Node 1 HugePages_Free:      0
Node 1 HugePages_Surp:      0

Import tank ZPool
Node 0 MemTotal:       24743736 kB
Node 0 MemFree:        24453364 kB
Node 0 MemUsed:          290372 kB
Node 0 Active:            45544 kB
Node 0 Inactive:          68228 kB
Node 0 Active(anon):      26636 kB
Node 0 Inactive(anon):      512 kB
Node 0 Active(file):      18908 kB
Node 0 Inactive(file):    67716 kB
Node 0 Unevictable:       13496 kB
Node 0 Mlocked:           13496 kB
Node 0 Dirty:                68 kB
Node 0 Writeback:             0 kB
Node 0 FilePages:         90272 kB
Node 0 Mapped:            15564 kB
Node 0 AnonPages:         37048 kB
Node 0 Shmem:               660 kB
Node 0 KernelStack:        3288 kB
Node 0 PageTables:          688 kB
Node 0 NFS_Unstable:          0 kB
Node 0 Bounce:                0 kB
Node 0 WritebackTmp:          0 kB
Node 0 KReclaimable:      19048 kB
Node 0 Slab:              59800 kB
Node 0 SReclaimable:      19048 kB
Node 0 SUnreclaim:        40752 kB
Node 0 AnonHugePages:         0 kB
Node 0 ShmemHugePages:        0 kB
Node 0 ShmemPmdMapped:        0 kB
Node 0 FileHugePages:        0 kB
Node 0 FilePmdMapped:        0 kB
Node 0 HugePages_Total:     0
Node 0 HugePages_Free:      0
Node 0 HugePages_Surp:      0

Node 1 MemTotal:       24686196 kB
Node 1 MemFree:        24142656 kB
Node 1 MemUsed:          543540 kB
Node 1 Active:            75372 kB
Node 1 Inactive:         187532 kB
Node 1 Active(anon):      29200 kB
Node 1 Inactive(anon):      436 kB
Node 1 Active(file):      46172 kB
Node 1 Inactive(file):   187096 kB
Node 1 Unevictable:        5260 kB
Node 1 Mlocked:            5260 kB
Node 1 Dirty:               568 kB
Node 1 Writeback:             0 kB
Node 1 FilePages:        239132 kB
Node 1 Mapped:            80420 kB
Node 1 AnonPages:         28660 kB
Node 1 Shmem:               608 kB
Node 1 KernelStack:        1976 kB
Node 1 PageTables:         2296 kB
Node 1 NFS_Unstable:          0 kB
Node 1 Bounce:                0 kB
Node 1 WritebackTmp:          0 kB
Node 1 KReclaimable:      24392 kB
Node 1 Slab:              58880 kB
Node 1 SReclaimable:      24392 kB
Node 1 SUnreclaim:        34488 kB
Node 1 AnonHugePages:         0 kB
Node 1 ShmemHugePages:        0 kB
Node 1 ShmemPmdMapped:        0 kB
Node 1 FileHugePages:        0 kB
Node 1 FilePmdMapped:        0 kB
Node 1 HugePages_Total:     0
Node 1 HugePages_Free:      0
Node 1 HugePages_Surp:      0

After Test
Node 0 MemTotal:       24743736 kB
Node 0 MemFree:        21952584 kB
Node 0 MemUsed:         2791152 kB
Node 0 Active:            34840 kB
Node 0 Inactive:        1044320 kB
Node 0 Active(anon):      14824 kB
Node 0 Inactive(anon):      508 kB
Node 0 Active(file):      20016 kB
Node 0 Inactive(file):  1043812 kB
Node 0 Unevictable:       13496 kB
Node 0 Mlocked:           13496 kB
Node 0 Dirty:                 4 kB
Node 0 Writeback:             0 kB
Node 0 FilePages:       1067432 kB
Node 0 Mapped:            13460 kB
Node 0 AnonPages:         25080 kB
Node 0 Shmem:               660 kB
Node 0 KernelStack:        3272 kB
Node 0 PageTables:          716 kB
Node 0 NFS_Unstable:          0 kB
Node 0 Bounce:                0 kB
Node 0 WritebackTmp:          0 kB
Node 0 KReclaimable:      21460 kB
Node 0 Slab:              70640 kB
Node 0 SReclaimable:      21460 kB
Node 0 SUnreclaim:        49180 kB
Node 0 AnonHugePages:         0 kB
Node 0 ShmemHugePages:        0 kB
Node 0 ShmemPmdMapped:        0 kB
Node 0 FileHugePages:        0 kB
Node 0 FilePmdMapped:        0 kB
Node 0 HugePages_Total:     0
Node 0 HugePages_Free:      0
Node 0 HugePages_Surp:      0

Node 1 MemTotal:       24686196 kB
Node 1 MemFree:        23813872 kB
Node 1 MemUsed:          872324 kB
Node 1 Active:            65520 kB
Node 1 Inactive:         186932 kB
Node 1 Active(anon):      18712 kB
Node 1 Inactive(anon):      432 kB
Node 1 Active(file):      46808 kB
Node 1 Inactive(file):   186500 kB
Node 1 Unevictable:        5260 kB
Node 1 Mlocked:            5260 kB
Node 1 Dirty:                24 kB
Node 1 Writeback:             0 kB
Node 1 FilePages:        239172 kB
Node 1 Mapped:            78936 kB
Node 1 AnonPages:         18536 kB
Node 1 Shmem:               608 kB
Node 1 KernelStack:        1432 kB
Node 1 PageTables:          728 kB
Node 1 NFS_Unstable:          0 kB
Node 1 Bounce:                0 kB
Node 1 WritebackTmp:          0 kB
Node 1 KReclaimable:      24400 kB
Node 1 Slab:              60360 kB
Node 1 SReclaimable:      24400 kB
Node 1 SUnreclaim:        35960 kB
Node 1 AnonHugePages:         0 kB
Node 1 ShmemHugePages:        0 kB
Node 1 ShmemPmdMapped:        0 kB
Node 1 FileHugePages:        0 kB
Node 1 FilePmdMapped:        0 kB
Node 1 HugePages_Total:     0
Node 1 HugePages_Free:      0
Node 1 HugePages_Surp:      0

After Opposite Node
Node 0 MemTotal:       24743736 kB
Node 0 MemFree:        21951592 kB
Node 0 MemUsed:         2792144 kB
Node 0 Active:            34336 kB
Node 0 Inactive:        1044320 kB
Node 0 Active(anon):      14292 kB
Node 0 Inactive(anon):      508 kB
Node 0 Active(file):      20044 kB
Node 0 Inactive(file):  1043812 kB
Node 0 Unevictable:       13496 kB
Node 0 Mlocked:           13496 kB
Node 0 Dirty:                28 kB
Node 0 Writeback:             0 kB
Node 0 FilePages:       1067452 kB
Node 0 Mapped:            13460 kB
Node 0 AnonPages:         24700 kB
Node 0 Shmem:               660 kB
Node 0 KernelStack:        3240 kB
Node 0 PageTables:          496 kB
Node 0 NFS_Unstable:          0 kB
Node 0 Bounce:                0 kB
Node 0 WritebackTmp:          0 kB
Node 0 KReclaimable:      21492 kB
Node 0 Slab:              70816 kB
Node 0 SReclaimable:      21492 kB
Node 0 SUnreclaim:        49324 kB
Node 0 AnonHugePages:         0 kB
Node 0 ShmemHugePages:        0 kB
Node 0 ShmemPmdMapped:        0 kB
Node 0 FileHugePages:        0 kB
Node 0 FilePmdMapped:        0 kB
Node 0 HugePages_Total:     0
Node 0 HugePages_Free:      0
Node 0 HugePages_Surp:      0

Node 1 MemTotal:       24686196 kB
Node 1 MemFree:        23817144 kB
Node 1 MemUsed:          869052 kB
Node 1 Active:            66336 kB
Node 1 Inactive:         186692 kB
Node 1 Active(anon):      19268 kB
Node 1 Inactive(anon):      432 kB
Node 1 Active(file):      47068 kB
Node 1 Inactive(file):   186260 kB
Node 1 Unevictable:        5260 kB
Node 1 Mlocked:            5260 kB
Node 1 Dirty:               188 kB
Node 1 Writeback:             0 kB
Node 1 FilePages:        239192 kB
Node 1 Mapped:            78940 kB
Node 1 AnonPages:         18920 kB
Node 1 Shmem:               608 kB
Node 1 KernelStack:        1464 kB
Node 1 PageTables:          940 kB
Node 1 NFS_Unstable:          0 kB
Node 1 Bounce:                0 kB
Node 1 WritebackTmp:          0 kB
Node 1 KReclaimable:      24432 kB
Node 1 Slab:              60652 kB
Node 1 SReclaimable:      24432 kB
Node 1 SUnreclaim:        36220 kB
Node 1 AnonHugePages:         0 kB
Node 1 ShmemHugePages:        0 kB
Node 1 ShmemPmdMapped:        0 kB
Node 1 FileHugePages:        0 kB
Node 1 FilePmdMapped:        0 kB
Node 1 HugePages_Total:     0
Node 1 HugePages_Free:      0
Node 1 HugePages_Surp:      0

B.0.huge-simpleread.2-1G.3.O.1M Complete!
