kernel.numa_balancing = 0
B.1.100M-simpleread.500M.2.O.1M
Begin
Node 0 MemTotal:       24743736 kB
Node 0 MemFree:        24391768 kB
Node 0 MemUsed:          351968 kB
Node 0 Active:            33828 kB
Node 0 Inactive:          34996 kB
Node 0 Active(anon):      10808 kB
Node 0 Inactive(anon):      512 kB
Node 0 Active(file):      23020 kB
Node 0 Inactive(file):    34484 kB
Node 0 Unevictable:       17180 kB
Node 0 Mlocked:           17180 kB
Node 0 Dirty:               380 kB
Node 0 Writeback:             0 kB
Node 0 FilePages:         65496 kB
Node 0 Mapped:            27032 kB
Node 0 AnonPages:         20940 kB
Node 0 Shmem:               704 kB
Node 0 KernelStack:        1784 kB
Node 0 PageTables:          468 kB
Node 0 NFS_Unstable:          0 kB
Node 0 Bounce:                0 kB
Node 0 WritebackTmp:          0 kB
Node 0 KReclaimable:      20428 kB
Node 0 Slab:              48124 kB
Node 0 SReclaimable:      20428 kB
Node 0 SUnreclaim:        27696 kB
Node 0 AnonHugePages:         0 kB
Node 0 ShmemHugePages:        0 kB
Node 0 ShmemPmdMapped:        0 kB
Node 0 FileHugePages:        0 kB
Node 0 FilePmdMapped:        0 kB
Node 0 HugePages_Total:     0
Node 0 HugePages_Free:      0
Node 0 HugePages_Surp:      0

Node 1 MemTotal:       24686196 kB
Node 1 MemFree:        24423268 kB
Node 1 MemUsed:          262928 kB
Node 1 Active:            61220 kB
Node 1 Inactive:          58332 kB
Node 1 Active(anon):      23376 kB
Node 1 Inactive(anon):      360 kB
Node 1 Active(file):      37844 kB
Node 1 Inactive(file):    57972 kB
Node 1 Unevictable:        1340 kB
Node 1 Mlocked:            1340 kB
Node 1 Dirty:               136 kB
Node 1 Writeback:             0 kB
Node 1 FilePages:         97720 kB
Node 1 Mapped:            17188 kB
Node 1 AnonPages:         23304 kB
Node 1 Shmem:               564 kB
Node 1 KernelStack:        1848 kB
Node 1 PageTables:          604 kB
Node 1 NFS_Unstable:          0 kB
Node 1 Bounce:                0 kB
Node 1 WritebackTmp:          0 kB
Node 1 KReclaimable:      20632 kB
Node 1 Slab:              56812 kB
Node 1 SReclaimable:      20632 kB
Node 1 SUnreclaim:        36180 kB
Node 1 AnonHugePages:         0 kB
Node 1 ShmemHugePages:        0 kB
Node 1 ShmemPmdMapped:        0 kB
Node 1 FileHugePages:        0 kB
Node 1 FilePmdMapped:        0 kB
Node 1 HugePages_Total:     0
Node 1 HugePages_Free:      0
Node 1 HugePages_Surp:      0

Load ZFS
Node 0 MemTotal:       24743736 kB
Node 0 MemFree:        24269348 kB
Node 0 MemUsed:          474388 kB
Node 0 Active:            43728 kB
Node 0 Inactive:         138008 kB
Node 0 Active(anon):      19232 kB
Node 0 Inactive(anon):      260 kB
Node 0 Active(file):      24496 kB
Node 0 Inactive(file):   137748 kB
Node 0 Unevictable:       17312 kB
Node 0 Mlocked:           17312 kB
Node 0 Dirty:               380 kB
Node 0 Writeback:             0 kB
Node 0 FilePages:        170100 kB
Node 0 Mapped:            29804 kB
Node 0 AnonPages:         29400 kB
Node 0 Shmem:               556 kB
Node 0 KernelStack:        2000 kB
Node 0 PageTables:          952 kB
Node 0 NFS_Unstable:          0 kB
Node 0 Bounce:                0 kB
Node 0 WritebackTmp:          0 kB
Node 0 KReclaimable:      21372 kB
Node 0 Slab:              52164 kB
Node 0 SReclaimable:      21372 kB
Node 0 SUnreclaim:        30792 kB
Node 0 AnonHugePages:         0 kB
Node 0 ShmemHugePages:        0 kB
Node 0 ShmemPmdMapped:        0 kB
Node 0 FileHugePages:        0 kB
Node 0 FilePmdMapped:        0 kB
Node 0 HugePages_Total:     0
Node 0 HugePages_Free:      0
Node 0 HugePages_Surp:      0

Node 1 MemTotal:       24686196 kB
Node 1 MemFree:        24401072 kB
Node 1 MemUsed:          285124 kB
Node 1 Active:            81608 kB
Node 1 Inactive:          58580 kB
Node 1 Active(anon):      42668 kB
Node 1 Inactive(anon):      584 kB
Node 1 Active(file):      38940 kB
Node 1 Inactive(file):    57996 kB
Node 1 Unevictable:        1340 kB
Node 1 Mlocked:            1340 kB
Node 1 Dirty:                20 kB
Node 1 Writeback:             0 kB
Node 1 FilePages:         98996 kB
Node 1 Mapped:            18912 kB
Node 1 AnonPages:         41764 kB
Node 1 Shmem:               712 kB
Node 1 KernelStack:        2364 kB
Node 1 PageTables:         1952 kB
Node 1 NFS_Unstable:          0 kB
Node 1 Bounce:                0 kB
Node 1 WritebackTmp:          0 kB
Node 1 KReclaimable:      21272 kB
Node 1 Slab:              60500 kB
Node 1 SReclaimable:      21272 kB
Node 1 SUnreclaim:        39228 kB
Node 1 AnonHugePages:         0 kB
Node 1 ShmemHugePages:        0 kB
Node 1 ShmemPmdMapped:        0 kB
Node 1 FileHugePages:        0 kB
Node 1 FilePmdMapped:        0 kB
Node 1 HugePages_Total:     0
Node 1 HugePages_Free:      0
Node 1 HugePages_Surp:      0

Import tank ZPool
Node 0 MemTotal:       24743736 kB
Node 0 MemFree:        24265584 kB
Node 0 MemUsed:          478152 kB
Node 0 Active:            37468 kB
Node 0 Inactive:         138936 kB
Node 0 Active(anon):      11828 kB
Node 0 Inactive(anon):      408 kB
Node 0 Active(file):      25640 kB
Node 0 Inactive(file):   138528 kB
Node 0 Unevictable:       17412 kB
Node 0 Mlocked:           17412 kB
Node 0 Dirty:               468 kB
Node 0 Writeback:             0 kB
Node 0 FilePages:        171596 kB
Node 0 Mapped:            27152 kB
Node 0 AnonPages:         21724 kB
Node 0 Shmem:               556 kB
Node 0 KernelStack:        1880 kB
Node 0 PageTables:          608 kB
Node 0 NFS_Unstable:          0 kB
Node 0 Bounce:                0 kB
Node 0 WritebackTmp:          0 kB
Node 0 KReclaimable:      21584 kB
Node 0 Slab:              57076 kB
Node 0 SReclaimable:      21584 kB
Node 0 SUnreclaim:        35492 kB
Node 0 AnonHugePages:         0 kB
Node 0 ShmemHugePages:        0 kB
Node 0 ShmemPmdMapped:        0 kB
Node 0 FileHugePages:        0 kB
Node 0 FilePmdMapped:        0 kB
Node 0 HugePages_Total:     0
Node 0 HugePages_Free:      0
Node 0 HugePages_Surp:      0

Node 1 MemTotal:       24686196 kB
Node 1 MemFree:        24411592 kB
Node 1 MemUsed:          274604 kB
Node 1 Active:            61984 kB
Node 1 Inactive:          58316 kB
Node 1 Active(anon):      22816 kB
Node 1 Inactive(anon):      540 kB
Node 1 Active(file):      39168 kB
Node 1 Inactive(file):    57776 kB
Node 1 Unevictable:        1340 kB
Node 1 Mlocked:            1340 kB
Node 1 Dirty:                32 kB
Node 1 Writeback:             0 kB
Node 1 FilePages:         99012 kB
Node 1 Mapped:            17352 kB
Node 1 AnonPages:         22372 kB
Node 1 Shmem:               712 kB
Node 1 KernelStack:        2952 kB
Node 1 PageTables:          824 kB
Node 1 NFS_Unstable:          0 kB
Node 1 Bounce:                0 kB
Node 1 WritebackTmp:          0 kB
Node 1 KReclaimable:      21272 kB
Node 1 Slab:              62044 kB
Node 1 SReclaimable:      21272 kB
Node 1 SUnreclaim:        40772 kB
Node 1 AnonHugePages:         0 kB
Node 1 ShmemHugePages:        0 kB
Node 1 ShmemPmdMapped:        0 kB
Node 1 FileHugePages:        0 kB
Node 1 FilePmdMapped:        0 kB
Node 1 HugePages_Total:     0
Node 1 HugePages_Free:      0
Node 1 HugePages_Surp:      0

After Test
Node 0 MemTotal:       24743736 kB
Node 0 MemFree:        23975328 kB
Node 0 MemUsed:          768408 kB
Node 0 Active:            37144 kB
Node 0 Inactive:         138544 kB
Node 0 Active(anon):      11096 kB
Node 0 Inactive(anon):      404 kB
Node 0 Active(file):      26048 kB
Node 0 Inactive(file):   138140 kB
Node 0 Unevictable:       17412 kB
Node 0 Mlocked:           17412 kB
Node 0 Dirty:               472 kB
Node 0 Writeback:             0 kB
Node 0 FilePages:        171596 kB
Node 0 Mapped:            26988 kB
Node 0 AnonPages:         21520 kB
Node 0 Shmem:               556 kB
Node 0 KernelStack:        1848 kB
Node 0 PageTables:          492 kB
Node 0 NFS_Unstable:          0 kB
Node 0 Bounce:                0 kB
Node 0 WritebackTmp:          0 kB
Node 0 KReclaimable:      21604 kB
Node 0 Slab:              57928 kB
Node 0 SReclaimable:      21604 kB
Node 0 SUnreclaim:        36324 kB
Node 0 AnonHugePages:         0 kB
Node 0 ShmemHugePages:        0 kB
Node 0 ShmemPmdMapped:        0 kB
Node 0 FileHugePages:        0 kB
Node 0 FilePmdMapped:        0 kB
Node 0 HugePages_Total:     0
Node 0 HugePages_Free:      0
Node 0 HugePages_Surp:      0

Node 1 MemTotal:       24686196 kB
Node 1 MemFree:        23547780 kB
Node 1 MemUsed:         1138416 kB
Node 1 Active:            62400 kB
Node 1 Inactive:         155892 kB
Node 1 Active(anon):      22648 kB
Node 1 Inactive(anon):      536 kB
Node 1 Active(file):      39752 kB
Node 1 Inactive(file):   155356 kB
Node 1 Unevictable:        1340 kB
Node 1 Mlocked:            1340 kB
Node 1 Dirty:                52 kB
Node 1 Writeback:             0 kB
Node 1 FilePages:        197164 kB
Node 1 Mapped:            17188 kB
Node 1 AnonPages:         22372 kB
Node 1 Shmem:               712 kB
Node 1 KernelStack:        3000 kB
Node 1 PageTables:          580 kB
Node 1 NFS_Unstable:          0 kB
Node 1 Bounce:                0 kB
Node 1 WritebackTmp:          0 kB
Node 1 KReclaimable:      21536 kB
Node 1 Slab:              67200 kB
Node 1 SReclaimable:      21536 kB
Node 1 SUnreclaim:        45664 kB
Node 1 AnonHugePages:         0 kB
Node 1 ShmemHugePages:        0 kB
Node 1 ShmemPmdMapped:        0 kB
Node 1 FileHugePages:        0 kB
Node 1 FilePmdMapped:        0 kB
Node 1 HugePages_Total:     0
Node 1 HugePages_Free:      0
Node 1 HugePages_Surp:      0

After Opposite Node
Node 0 MemTotal:       24743736 kB
Node 0 MemFree:        23975056 kB
Node 0 MemUsed:          768680 kB
Node 0 Active:            37256 kB
Node 0 Inactive:         138364 kB
Node 0 Active(anon):      11024 kB
Node 0 Inactive(anon):      404 kB
Node 0 Active(file):      26232 kB
Node 0 Inactive(file):   137960 kB
Node 0 Unevictable:       17412 kB
Node 0 Mlocked:           17412 kB
Node 0 Dirty:               472 kB
Node 0 Writeback:             0 kB
Node 0 FilePages:        171600 kB
Node 0 Mapped:            27060 kB
Node 0 AnonPages:         21308 kB
Node 0 Shmem:               556 kB
Node 0 KernelStack:        1832 kB
Node 0 PageTables:          524 kB
Node 0 NFS_Unstable:          0 kB
Node 0 Bounce:                0 kB
Node 0 WritebackTmp:          0 kB
Node 0 KReclaimable:      21604 kB
Node 0 Slab:              58004 kB
Node 0 SReclaimable:      21604 kB
Node 0 SUnreclaim:        36400 kB
Node 0 AnonHugePages:         0 kB
Node 0 ShmemHugePages:        0 kB
Node 0 ShmemPmdMapped:        0 kB
Node 0 FileHugePages:        0 kB
Node 0 FilePmdMapped:        0 kB
Node 0 HugePages_Total:     0
Node 0 HugePages_Free:      0
Node 0 HugePages_Surp:      0

Node 1 MemTotal:       24686196 kB
Node 1 MemFree:        23548296 kB
Node 1 MemUsed:         1137900 kB
Node 1 Active:            62488 kB
Node 1 Inactive:         155828 kB
Node 1 Active(anon):      22660 kB
Node 1 Inactive(anon):      536 kB
Node 1 Active(file):      39828 kB
Node 1 Inactive(file):   155292 kB
Node 1 Unevictable:        1340 kB
Node 1 Mlocked:            1340 kB
Node 1 Dirty:                64 kB
Node 1 Writeback:             0 kB
Node 1 FilePages:        197176 kB
Node 1 Mapped:            17188 kB
Node 1 AnonPages:         22528 kB
Node 1 Shmem:               712 kB
Node 1 KernelStack:        2888 kB
Node 1 PageTables:          532 kB
Node 1 NFS_Unstable:          0 kB
Node 1 Bounce:                0 kB
Node 1 WritebackTmp:          0 kB
Node 1 KReclaimable:      21540 kB
Node 1 Slab:              67140 kB
Node 1 SReclaimable:      21540 kB
Node 1 SUnreclaim:        45600 kB
Node 1 AnonHugePages:         0 kB
Node 1 ShmemHugePages:        0 kB
Node 1 ShmemPmdMapped:        0 kB
Node 1 FileHugePages:        0 kB
Node 1 FilePmdMapped:        0 kB
Node 1 HugePages_Total:     0
Node 1 HugePages_Free:      0
Node 1 HugePages_Surp:      0

B.1.100M-simpleread.500M.2.O.1M Complete!
