kernel.numa_balancing = 0
B.1.100M-simpleread.2G.3.O.1M
Begin
Node 0 MemTotal:       24743736 kB
Node 0 MemFree:        24314308 kB
Node 0 MemUsed:          429428 kB
Node 0 Active:            55040 kB
Node 0 Inactive:          94768 kB
Node 0 Active(anon):      27360 kB
Node 0 Inactive(anon):      504 kB
Node 0 Active(file):      27680 kB
Node 0 Inactive(file):    94264 kB
Node 0 Unevictable:        4816 kB
Node 0 Mlocked:            4816 kB
Node 0 Dirty:               240 kB
Node 0 Writeback:             0 kB
Node 0 FilePages:        127592 kB
Node 0 Mapped:            50032 kB
Node 0 AnonPages:         27224 kB
Node 0 Shmem:               692 kB
Node 0 KernelStack:        2216 kB
Node 0 PageTables:          868 kB
Node 0 NFS_Unstable:          0 kB
Node 0 Bounce:                0 kB
Node 0 WritebackTmp:          0 kB
Node 0 KReclaimable:      25720 kB
Node 0 Slab:              57932 kB
Node 0 SReclaimable:      25720 kB
Node 0 SUnreclaim:        32212 kB
Node 0 AnonHugePages:         0 kB
Node 0 ShmemHugePages:        0 kB
Node 0 ShmemPmdMapped:        0 kB
Node 0 FileHugePages:        0 kB
Node 0 FilePmdMapped:        0 kB
Node 0 HugePages_Total:     0
Node 0 HugePages_Free:      0
Node 0 HugePages_Surp:      0

Node 1 MemTotal:       24686196 kB
Node 1 MemFree:        24476904 kB
Node 1 MemUsed:          209292 kB
Node 1 Active:            41764 kB
Node 1 Inactive:          22068 kB
Node 1 Active(anon):       6412 kB
Node 1 Inactive(anon):      360 kB
Node 1 Active(file):      35352 kB
Node 1 Inactive(file):    21708 kB
Node 1 Unevictable:       13704 kB
Node 1 Mlocked:           13704 kB
Node 1 Dirty:               268 kB
Node 1 Writeback:             0 kB
Node 1 FilePages:         61040 kB
Node 1 Mapped:            15564 kB
Node 1 AnonPages:         16544 kB
Node 1 Shmem:               576 kB
Node 1 KernelStack:        1416 kB
Node 1 PageTables:          332 kB
Node 1 NFS_Unstable:          0 kB
Node 1 Bounce:                0 kB
Node 1 WritebackTmp:          0 kB
Node 1 KReclaimable:      15124 kB
Node 1 Slab:              45780 kB
Node 1 SReclaimable:      15124 kB
Node 1 SUnreclaim:        30656 kB
Node 1 AnonHugePages:         0 kB
Node 1 ShmemHugePages:        0 kB
Node 1 ShmemPmdMapped:        0 kB
Node 1 FileHugePages:        0 kB
Node 1 FilePmdMapped:        0 kB
Node 1 HugePages_Total:     0
Node 1 HugePages_Free:      0
Node 1 HugePages_Surp:      0

Load ZFS
Node 0 MemTotal:       24743736 kB
Node 0 MemFree:        24417400 kB
Node 0 MemUsed:          326336 kB
Node 0 Active:            74072 kB
Node 0 Inactive:         100424 kB
Node 0 Active(anon):      44932 kB
Node 0 Inactive(anon):      508 kB
Node 0 Active(file):      29140 kB
Node 0 Inactive(file):    99916 kB
Node 0 Unevictable:        4816 kB
Node 0 Mlocked:            4816 kB
Node 0 Dirty:               604 kB
Node 0 Writeback:             0 kB
Node 0 FilePages:        134528 kB
Node 0 Mapped:            51804 kB
Node 0 AnonPages:         44916 kB
Node 0 Shmem:               664 kB
Node 0 KernelStack:        2800 kB
Node 0 PageTables:         2004 kB
Node 0 NFS_Unstable:          0 kB
Node 0 Bounce:                0 kB
Node 0 WritebackTmp:          0 kB
Node 0 KReclaimable:      26344 kB
Node 0 Slab:              60844 kB
Node 0 SReclaimable:      26344 kB
Node 0 SUnreclaim:        34500 kB
Node 0 AnonHugePages:         0 kB
Node 0 ShmemHugePages:        0 kB
Node 0 ShmemPmdMapped:        0 kB
Node 0 FileHugePages:        0 kB
Node 0 FilePmdMapped:        0 kB
Node 0 HugePages_Total:     0
Node 0 HugePages_Free:      0
Node 0 HugePages_Surp:      0

Node 1 MemTotal:       24686196 kB
Node 1 MemFree:        24228196 kB
Node 1 MemUsed:          458000 kB
Node 1 Active:            51032 kB
Node 1 Inactive:         119768 kB
Node 1 Active(anon):      14540 kB
Node 1 Inactive(anon):      432 kB
Node 1 Active(file):      36492 kB
Node 1 Inactive(file):   119336 kB
Node 1 Unevictable:       13920 kB
Node 1 Mlocked:           13920 kB
Node 1 Dirty:                36 kB
Node 1 Writeback:             0 kB
Node 1 FilePages:        159812 kB
Node 1 Mapped:            18176 kB
Node 1 AnonPages:         24996 kB
Node 1 Shmem:               604 kB
Node 1 KernelStack:        1528 kB
Node 1 PageTables:         1284 kB
Node 1 NFS_Unstable:          0 kB
Node 1 Bounce:                0 kB
Node 1 WritebackTmp:          0 kB
Node 1 KReclaimable:      16120 kB
Node 1 Slab:              50548 kB
Node 1 SReclaimable:      16120 kB
Node 1 SUnreclaim:        34428 kB
Node 1 AnonHugePages:         0 kB
Node 1 ShmemHugePages:        0 kB
Node 1 ShmemPmdMapped:        0 kB
Node 1 FileHugePages:        0 kB
Node 1 FilePmdMapped:        0 kB
Node 1 HugePages_Total:     0
Node 1 HugePages_Free:      0
Node 1 HugePages_Surp:      0

Import tank ZPool
Node 0 MemTotal:       24743736 kB
Node 0 MemFree:        24400168 kB
Node 0 MemUsed:          343568 kB
Node 0 Active:            74664 kB
Node 0 Inactive:         101760 kB
Node 0 Active(anon):      45128 kB
Node 0 Inactive(anon):      516 kB
Node 0 Active(file):      29536 kB
Node 0 Inactive(file):   101244 kB
Node 0 Unevictable:        4816 kB
Node 0 Mlocked:            4816 kB
Node 0 Dirty:               564 kB
Node 0 Writeback:             0 kB
Node 0 FilePages:        136264 kB
Node 0 Mapped:            51760 kB
Node 0 AnonPages:         44628 kB
Node 0 Shmem:               668 kB
Node 0 KernelStack:        2840 kB
Node 0 PageTables:         2284 kB
Node 0 NFS_Unstable:          0 kB
Node 0 Bounce:                0 kB
Node 0 WritebackTmp:          0 kB
Node 0 KReclaimable:      26484 kB
Node 0 Slab:              65592 kB
Node 0 SReclaimable:      26484 kB
Node 0 SUnreclaim:        39108 kB
Node 0 AnonHugePages:         0 kB
Node 0 ShmemHugePages:        0 kB
Node 0 ShmemPmdMapped:        0 kB
Node 0 FileHugePages:        0 kB
Node 0 FilePmdMapped:        0 kB
Node 0 HugePages_Total:     0
Node 0 HugePages_Free:      0
Node 0 HugePages_Surp:      0

Node 1 MemTotal:       24686196 kB
Node 1 MemFree:        24227504 kB
Node 1 MemUsed:          458692 kB
Node 1 Active:            50628 kB
Node 1 Inactive:         119768 kB
Node 1 Active(anon):      14136 kB
Node 1 Inactive(anon):      432 kB
Node 1 Active(file):      36492 kB
Node 1 Inactive(file):   119336 kB
Node 1 Unevictable:       13936 kB
Node 1 Mlocked:           13936 kB
Node 1 Dirty:                32 kB
Node 1 Writeback:             0 kB
Node 1 FilePages:        159808 kB
Node 1 Mapped:            17968 kB
Node 1 AnonPages:         24524 kB
Node 1 Shmem:               600 kB
Node 1 KernelStack:        2392 kB
Node 1 PageTables:          704 kB
Node 1 NFS_Unstable:          0 kB
Node 1 Bounce:                0 kB
Node 1 WritebackTmp:          0 kB
Node 1 KReclaimable:      16120 kB
Node 1 Slab:              52664 kB
Node 1 SReclaimable:      16120 kB
Node 1 SUnreclaim:        36544 kB
Node 1 AnonHugePages:         0 kB
Node 1 ShmemHugePages:        0 kB
Node 1 ShmemPmdMapped:        0 kB
Node 1 FileHugePages:        0 kB
Node 1 FilePmdMapped:        0 kB
Node 1 HugePages_Total:     0
Node 1 HugePages_Free:      0
Node 1 HugePages_Surp:      0

After Test
Node 0 MemTotal:       24743736 kB
Node 0 MemFree:        23708988 kB
Node 0 MemUsed:         1034748 kB
Node 0 Active:            57024 kB
Node 0 Inactive:         101216 kB
Node 0 Active(anon):      26876 kB
Node 0 Inactive(anon):      512 kB
Node 0 Active(file):      30148 kB
Node 0 Inactive(file):   100704 kB
Node 0 Unevictable:        4816 kB
Node 0 Mlocked:            4816 kB
Node 0 Dirty:                56 kB
Node 0 Writeback:             0 kB
Node 0 FilePages:        136344 kB
Node 0 Mapped:            50376 kB
Node 0 AnonPages:         26736 kB
Node 0 Shmem:               668 kB
Node 0 KernelStack:        2312 kB
Node 0 PageTables:          792 kB
Node 0 NFS_Unstable:          0 kB
Node 0 Bounce:                0 kB
Node 0 WritebackTmp:          0 kB
Node 0 KReclaimable:      26620 kB
Node 0 Slab:              68432 kB
Node 0 SReclaimable:      26620 kB
Node 0 SUnreclaim:        41812 kB
Node 0 AnonHugePages:         0 kB
Node 0 ShmemHugePages:        0 kB
Node 0 ShmemPmdMapped:        0 kB
Node 0 FileHugePages:        0 kB
Node 0 FilePmdMapped:        0 kB
Node 0 HugePages_Total:     0
Node 0 HugePages_Free:      0
Node 0 HugePages_Surp:      0

Node 1 MemTotal:       24686196 kB
Node 1 MemFree:        21915060 kB
Node 1 MemUsed:         2771136 kB
Node 1 Active:            43980 kB
Node 1 Inactive:         216976 kB
Node 1 Active(anon):       6604 kB
Node 1 Inactive(anon):      428 kB
Node 1 Active(file):      37376 kB
Node 1 Inactive(file):   216548 kB
Node 1 Unevictable:       13936 kB
Node 1 Mlocked:           13936 kB
Node 1 Dirty:                28 kB
Node 1 Writeback:             0 kB
Node 1 FilePages:        257904 kB
Node 1 Mapped:            15548 kB
Node 1 AnonPages:         17160 kB
Node 1 Shmem:               600 kB
Node 1 KernelStack:        2280 kB
Node 1 PageTables:          548 kB
Node 1 NFS_Unstable:          0 kB
Node 1 Bounce:                0 kB
Node 1 WritebackTmp:          0 kB
Node 1 KReclaimable:      16416 kB
Node 1 Slab:              64064 kB
Node 1 SReclaimable:      16416 kB
Node 1 SUnreclaim:        47648 kB
Node 1 AnonHugePages:         0 kB
Node 1 ShmemHugePages:        0 kB
Node 1 ShmemPmdMapped:        0 kB
Node 1 FileHugePages:        0 kB
Node 1 FilePmdMapped:        0 kB
Node 1 HugePages_Total:     0
Node 1 HugePages_Free:      0
Node 1 HugePages_Surp:      0

After Opposite Node
Node 0 MemTotal:       24743736 kB
Node 0 MemFree:        23710116 kB
Node 0 MemUsed:         1033620 kB
Node 0 Active:            57800 kB
Node 0 Inactive:         100964 kB
Node 0 Active(anon):      27372 kB
Node 0 Inactive(anon):      512 kB
Node 0 Active(file):      30428 kB
Node 0 Inactive(file):   100452 kB
Node 0 Unevictable:        4816 kB
Node 0 Mlocked:            4816 kB
Node 0 Dirty:                72 kB
Node 0 Writeback:             0 kB
Node 0 FilePages:        136360 kB
Node 0 Mapped:            50164 kB
Node 0 AnonPages:         27080 kB
Node 0 Shmem:               668 kB
Node 0 KernelStack:        2328 kB
Node 0 PageTables:         1032 kB
Node 0 NFS_Unstable:          0 kB
Node 0 Bounce:                0 kB
Node 0 WritebackTmp:          0 kB
Node 0 KReclaimable:      26620 kB
Node 0 Slab:              68504 kB
Node 0 SReclaimable:      26620 kB
Node 0 SUnreclaim:        41884 kB
Node 0 AnonHugePages:         0 kB
Node 0 ShmemHugePages:        0 kB
Node 0 ShmemPmdMapped:        0 kB
Node 0 FileHugePages:        0 kB
Node 0 FilePmdMapped:        0 kB
Node 0 HugePages_Total:     0
Node 0 HugePages_Free:      0
Node 0 HugePages_Surp:      0

Node 1 MemTotal:       24686196 kB
Node 1 MemFree:        21917300 kB
Node 1 MemUsed:         2768896 kB
Node 1 Active:            43800 kB
Node 1 Inactive:         216976 kB
Node 1 Active(anon):       6420 kB
Node 1 Inactive(anon):      428 kB
Node 1 Active(file):      37380 kB
Node 1 Inactive(file):   216548 kB
Node 1 Unevictable:       13936 kB
Node 1 Mlocked:           13936 kB
Node 1 Dirty:                32 kB
Node 1 Writeback:             0 kB
Node 1 FilePages:        257908 kB
Node 1 Mapped:            15548 kB
Node 1 AnonPages:         16824 kB
Node 1 Shmem:               600 kB
Node 1 KernelStack:        2264 kB
Node 1 PageTables:          312 kB
Node 1 NFS_Unstable:          0 kB
Node 1 Bounce:                0 kB
Node 1 WritebackTmp:          0 kB
Node 1 KReclaimable:      16416 kB
Node 1 Slab:              64080 kB
Node 1 SReclaimable:      16416 kB
Node 1 SUnreclaim:        47664 kB
Node 1 AnonHugePages:         0 kB
Node 1 ShmemHugePages:        0 kB
Node 1 ShmemPmdMapped:        0 kB
Node 1 FileHugePages:        0 kB
Node 1 FilePmdMapped:        0 kB
Node 1 HugePages_Total:     0
Node 1 HugePages_Free:      0
Node 1 HugePages_Surp:      0

B.1.100M-simpleread.2G.3.O.1M Complete!
