kernel.numa_balancing = 0
B.1.100M-simpleread.4G.2.O.1M
Begin
Node 0 MemTotal:       24743736 kB
Node 0 MemFree:        24521308 kB
Node 0 MemUsed:          222428 kB
Node 0 Active:            54952 kB
Node 0 Inactive:          23196 kB
Node 0 Active(anon):      18876 kB
Node 0 Inactive(anon):      496 kB
Node 0 Active(file):      36076 kB
Node 0 Inactive(file):    22700 kB
Node 0 Unevictable:       13476 kB
Node 0 Mlocked:           13476 kB
Node 0 Dirty:                12 kB
Node 0 Writeback:             0 kB
Node 0 FilePages:         62756 kB
Node 0 Mapped:            17920 kB
Node 0 AnonPages:         29028 kB
Node 0 Shmem:               672 kB
Node 0 KernelStack:        2024 kB
Node 0 PageTables:          392 kB
Node 0 NFS_Unstable:          0 kB
Node 0 Bounce:                0 kB
Node 0 WritebackTmp:          0 kB
Node 0 KReclaimable:      18812 kB
Node 0 Slab:              49728 kB
Node 0 SReclaimable:      18812 kB
Node 0 SUnreclaim:        30916 kB
Node 0 AnonHugePages:         0 kB
Node 0 ShmemHugePages:        0 kB
Node 0 ShmemPmdMapped:        0 kB
Node 0 FileHugePages:        0 kB
Node 0 FilePmdMapped:        0 kB
Node 0 HugePages_Total:     0
Node 0 HugePages_Free:      0
Node 0 HugePages_Surp:      0

Node 1 MemTotal:       24686196 kB
Node 1 MemFree:        24289080 kB
Node 1 MemUsed:          397116 kB
Node 1 Active:            40436 kB
Node 1 Inactive:          74756 kB
Node 1 Active(anon):      15296 kB
Node 1 Inactive(anon):      372 kB
Node 1 Active(file):      25140 kB
Node 1 Inactive(file):    74384 kB
Node 1 Unevictable:        5048 kB
Node 1 Mlocked:            5048 kB
Node 1 Dirty:               124 kB
Node 1 Writeback:             0 kB
Node 1 FilePages:        105164 kB
Node 1 Mapped:            31908 kB
Node 1 AnonPages:         15144 kB
Node 1 Shmem:               596 kB
Node 1 KernelStack:        1576 kB
Node 1 PageTables:          664 kB
Node 1 NFS_Unstable:          0 kB
Node 1 Bounce:                0 kB
Node 1 WritebackTmp:          0 kB
Node 1 KReclaimable:      23224 kB
Node 1 Slab:              56524 kB
Node 1 SReclaimable:      23224 kB
Node 1 SUnreclaim:        33300 kB
Node 1 AnonHugePages:         0 kB
Node 1 ShmemHugePages:        0 kB
Node 1 ShmemPmdMapped:        0 kB
Node 1 FileHugePages:        0 kB
Node 1 FilePmdMapped:        0 kB
Node 1 HugePages_Total:     0
Node 1 HugePages_Free:      0
Node 1 HugePages_Surp:      0

Load ZFS
Node 0 MemTotal:       24743736 kB
Node 0 MemFree:        24280100 kB
Node 0 MemUsed:          463636 kB
Node 0 Active:            65808 kB
Node 0 Inactive:         111348 kB
Node 0 Active(anon):      28244 kB
Node 0 Inactive(anon):      460 kB
Node 0 Active(file):      37564 kB
Node 0 Inactive(file):   110888 kB
Node 0 Unevictable:       13576 kB
Node 0 Mlocked:           13576 kB
Node 0 Dirty:                48 kB
Node 0 Writeback:             0 kB
Node 0 FilePages:        152212 kB
Node 0 Mapped:            20492 kB
Node 0 AnonPages:         38216 kB
Node 0 Shmem:               600 kB
Node 0 KernelStack:        2132 kB
Node 0 PageTables:          560 kB
Node 0 NFS_Unstable:          0 kB
Node 0 Bounce:                0 kB
Node 0 WritebackTmp:          0 kB
Node 0 KReclaimable:      19804 kB
Node 0 Slab:              54008 kB
Node 0 SReclaimable:      19804 kB
Node 0 SUnreclaim:        34204 kB
Node 0 AnonHugePages:         0 kB
Node 0 ShmemHugePages:        0 kB
Node 0 ShmemPmdMapped:        0 kB
Node 0 FileHugePages:        0 kB
Node 0 FilePmdMapped:        0 kB
Node 0 HugePages_Total:     0
Node 0 HugePages_Free:      0
Node 0 HugePages_Surp:      0

Node 1 MemTotal:       24686196 kB
Node 1 MemFree:        24386220 kB
Node 1 MemUsed:          299976 kB
Node 1 Active:            56432 kB
Node 1 Inactive:          90144 kB
Node 1 Active(anon):      30420 kB
Node 1 Inactive(anon):      488 kB
Node 1 Active(file):      26012 kB
Node 1 Inactive(file):    89656 kB
Node 1 Unevictable:        5180 kB
Node 1 Mlocked:            5180 kB
Node 1 Dirty:               368 kB
Node 1 Writeback:             0 kB
Node 1 FilePages:        121380 kB
Node 1 Mapped:            33788 kB
Node 1 AnonPages:         30456 kB
Node 1 Shmem:               668 kB
Node 1 KernelStack:        2028 kB
Node 1 PageTables:         1980 kB
Node 1 NFS_Unstable:          0 kB
Node 1 Bounce:                0 kB
Node 1 WritebackTmp:          0 kB
Node 1 KReclaimable:      23992 kB
Node 1 Slab:              60072 kB
Node 1 SReclaimable:      23992 kB
Node 1 SUnreclaim:        36080 kB
Node 1 AnonHugePages:         0 kB
Node 1 ShmemHugePages:        0 kB
Node 1 ShmemPmdMapped:        0 kB
Node 1 FileHugePages:        0 kB
Node 1 FilePmdMapped:        0 kB
Node 1 HugePages_Total:     0
Node 1 HugePages_Free:      0
Node 1 HugePages_Surp:      0

Import tank ZPool
Node 0 MemTotal:       24743736 kB
Node 0 MemFree:        24274928 kB
Node 0 MemUsed:          468808 kB
Node 0 Active:            65976 kB
Node 0 Inactive:         112416 kB
Node 0 Active(anon):      28020 kB
Node 0 Inactive(anon):      468 kB
Node 0 Active(file):      37956 kB
Node 0 Inactive(file):   111948 kB
Node 0 Unevictable:       13576 kB
Node 0 Mlocked:           13576 kB
Node 0 Dirty:                56 kB
Node 0 Writeback:             0 kB
Node 0 FilePages:        153672 kB
Node 0 Mapped:            20400 kB
Node 0 AnonPages:         38364 kB
Node 0 Shmem:               604 kB
Node 0 KernelStack:        2104 kB
Node 0 PageTables:          664 kB
Node 0 NFS_Unstable:          0 kB
Node 0 Bounce:                0 kB
Node 0 WritebackTmp:          0 kB
Node 0 KReclaimable:      19916 kB
Node 0 Slab:              59140 kB
Node 0 SReclaimable:      19916 kB
Node 0 SUnreclaim:        39224 kB
Node 0 AnonHugePages:         0 kB
Node 0 ShmemHugePages:        0 kB
Node 0 ShmemPmdMapped:        0 kB
Node 0 FileHugePages:        0 kB
Node 0 FilePmdMapped:        0 kB
Node 0 HugePages_Total:     0
Node 0 HugePages_Free:      0
Node 0 HugePages_Surp:      0

Node 1 MemTotal:       24686196 kB
Node 1 MemFree:        24374304 kB
Node 1 MemUsed:          311892 kB
Node 1 Active:            56376 kB
Node 1 Inactive:          90144 kB
Node 1 Active(anon):      30352 kB
Node 1 Inactive(anon):      480 kB
Node 1 Active(file):      26024 kB
Node 1 Inactive(file):    89664 kB
Node 1 Unevictable:        5180 kB
Node 1 Mlocked:            5180 kB
Node 1 Dirty:               420 kB
Node 1 Writeback:             0 kB
Node 1 FilePages:        121396 kB
Node 1 Mapped:            33576 kB
Node 1 AnonPages:         30300 kB
Node 1 Shmem:               664 kB
Node 1 KernelStack:        3064 kB
Node 1 PageTables:         1876 kB
Node 1 NFS_Unstable:          0 kB
Node 1 Bounce:                0 kB
Node 1 WritebackTmp:          0 kB
Node 1 KReclaimable:      23996 kB
Node 1 Slab:              62296 kB
Node 1 SReclaimable:      23996 kB
Node 1 SUnreclaim:        38300 kB
Node 1 AnonHugePages:         0 kB
Node 1 ShmemHugePages:        0 kB
Node 1 ShmemPmdMapped:        0 kB
Node 1 FileHugePages:        0 kB
Node 1 FilePmdMapped:        0 kB
Node 1 HugePages_Total:     0
Node 1 HugePages_Free:      0
Node 1 HugePages_Surp:      0

After Test
Node 0 MemTotal:       24743736 kB
Node 0 MemFree:        23576404 kB
Node 0 MemUsed:         1167332 kB
Node 0 Active:            57956 kB
Node 0 Inactive:         111496 kB
Node 0 Active(anon):      18760 kB
Node 0 Inactive(anon):      464 kB
Node 0 Active(file):      39196 kB
Node 0 Inactive(file):   111032 kB
Node 0 Unevictable:       13576 kB
Node 0 Mlocked:           13576 kB
Node 0 Dirty:                 0 kB
Node 0 Writeback:             0 kB
Node 0 FilePages:        153992 kB
Node 0 Mapped:            18048 kB
Node 0 AnonPages:         29048 kB
Node 0 Shmem:               608 kB
Node 0 KernelStack:        1960 kB
Node 0 PageTables:          440 kB
Node 0 NFS_Unstable:          0 kB
Node 0 Bounce:                0 kB
Node 0 WritebackTmp:          0 kB
Node 0 KReclaimable:      20160 kB
Node 0 Slab:              62768 kB
Node 0 SReclaimable:      20160 kB
Node 0 SUnreclaim:        42608 kB
Node 0 AnonHugePages:         0 kB
Node 0 ShmemHugePages:        0 kB
Node 0 ShmemPmdMapped:        0 kB
Node 0 FileHugePages:        0 kB
Node 0 FilePmdMapped:        0 kB
Node 0 HugePages_Total:     0
Node 0 HugePages_Free:      0
Node 0 HugePages_Surp:      0

Node 1 MemTotal:       24686196 kB
Node 1 MemFree:        19962368 kB
Node 1 MemUsed:         4723828 kB
Node 1 Active:            41628 kB
Node 1 Inactive:         187444 kB
Node 1 Active(anon):      14940 kB
Node 1 Inactive(anon):      476 kB
Node 1 Active(file):      26688 kB
Node 1 Inactive(file):   186968 kB
Node 1 Unevictable:        5180 kB
Node 1 Mlocked:            5180 kB
Node 1 Dirty:                28 kB
Node 1 Writeback:             0 kB
Node 1 FilePages:        219360 kB
Node 1 Mapped:            32048 kB
Node 1 AnonPages:         15060 kB
Node 1 Shmem:               660 kB
Node 1 KernelStack:        2616 kB
Node 1 PageTables:          848 kB
Node 1 NFS_Unstable:          0 kB
Node 1 Bounce:                0 kB
Node 1 WritebackTmp:          0 kB
Node 1 KReclaimable:      24252 kB
Node 1 Slab:              79852 kB
Node 1 SReclaimable:      24252 kB
Node 1 SUnreclaim:        55600 kB
Node 1 AnonHugePages:         0 kB
Node 1 ShmemHugePages:        0 kB
Node 1 ShmemPmdMapped:        0 kB
Node 1 FileHugePages:        0 kB
Node 1 FilePmdMapped:        0 kB
Node 1 HugePages_Total:     0
Node 1 HugePages_Free:      0
Node 1 HugePages_Surp:      0

After Opposite Node
Node 0 MemTotal:       24743736 kB
Node 0 MemFree:        23576460 kB
Node 0 MemUsed:         1167276 kB
Node 0 Active:            58668 kB
Node 0 Inactive:         111288 kB
Node 0 Active(anon):      19240 kB
Node 0 Inactive(anon):      464 kB
Node 0 Active(file):      39428 kB
Node 0 Inactive(file):   110824 kB
Node 0 Unevictable:       13576 kB
Node 0 Mlocked:           13576 kB
Node 0 Dirty:                16 kB
Node 0 Writeback:             0 kB
Node 0 FilePages:        154008 kB
Node 0 Mapped:            18056 kB
Node 0 AnonPages:         29388 kB
Node 0 Shmem:               608 kB
Node 0 KernelStack:        1992 kB
Node 0 PageTables:          680 kB
Node 0 NFS_Unstable:          0 kB
Node 0 Bounce:                0 kB
Node 0 WritebackTmp:          0 kB
Node 0 KReclaimable:      20192 kB
Node 0 Slab:              62840 kB
Node 0 SReclaimable:      20192 kB
Node 0 SUnreclaim:        42648 kB
Node 0 AnonHugePages:         0 kB
Node 0 ShmemHugePages:        0 kB
Node 0 ShmemPmdMapped:        0 kB
Node 0 FileHugePages:        0 kB
Node 0 FilePmdMapped:        0 kB
Node 0 HugePages_Total:     0
Node 0 HugePages_Free:      0
Node 0 HugePages_Surp:      0

Node 1 MemTotal:       24686196 kB
Node 1 MemFree:        19963620 kB
Node 1 MemUsed:         4722576 kB
Node 1 Active:            41480 kB
Node 1 Inactive:         187408 kB
Node 1 Active(anon):      14752 kB
Node 1 Inactive(anon):      476 kB
Node 1 Active(file):      26728 kB
Node 1 Inactive(file):   186932 kB
Node 1 Unevictable:        5180 kB
Node 1 Mlocked:            5180 kB
Node 1 Dirty:                32 kB
Node 1 Writeback:             0 kB
Node 1 FilePages:        219364 kB
Node 1 Mapped:            32040 kB
Node 1 AnonPages:         14720 kB
Node 1 Shmem:               660 kB
Node 1 KernelStack:        2584 kB
Node 1 PageTables:          604 kB
Node 1 NFS_Unstable:          0 kB
Node 1 Bounce:                0 kB
Node 1 WritebackTmp:          0 kB
Node 1 KReclaimable:      24252 kB
Node 1 Slab:              79724 kB
Node 1 SReclaimable:      24252 kB
Node 1 SUnreclaim:        55472 kB
Node 1 AnonHugePages:         0 kB
Node 1 ShmemHugePages:        0 kB
Node 1 ShmemPmdMapped:        0 kB
Node 1 FileHugePages:        0 kB
Node 1 FilePmdMapped:        0 kB
Node 1 HugePages_Total:     0
Node 1 HugePages_Free:      0
Node 1 HugePages_Surp:      0

B.1.100M-simpleread.4G.2.O.1M Complete!
