kernel.numa_balancing = 0
B.1.100M-simpleread.250M.1.O.1M
Begin
Node 0 MemTotal:       24768352 kB
Node 0 MemFree:        24400232 kB
Node 0 MemUsed:          368120 kB
Node 0 Active:            53568 kB
Node 0 Inactive:          34108 kB
Node 0 Active(anon):       9588 kB
Node 0 Inactive(anon):      396 kB
Node 0 Active(file):      43980 kB
Node 0 Inactive(file):    33712 kB
Node 0 Unevictable:        5764 kB
Node 0 Mlocked:            5764 kB
Node 0 Dirty:               292 kB
Node 0 Writeback:             0 kB
Node 0 FilePages:         84108 kB
Node 0 Mapped:            24408 kB
Node 0 AnonPages:          9380 kB
Node 0 Shmem:               656 kB
Node 0 KernelStack:        2248 kB
Node 0 PageTables:          400 kB
Node 0 NFS_Unstable:          0 kB
Node 0 Bounce:                0 kB
Node 0 WritebackTmp:          0 kB
Node 0 KReclaimable:      20320 kB
Node 0 Slab:              56848 kB
Node 0 SReclaimable:      20320 kB
Node 0 SUnreclaim:        36528 kB
Node 0 AnonHugePages:         0 kB
Node 0 ShmemHugePages:        0 kB
Node 0 ShmemPmdMapped:        0 kB
Node 0 FileHugePages:        0 kB
Node 0 FilePmdMapped:        0 kB
Node 0 HugePages_Total:     0
Node 0 HugePages_Free:      0
Node 0 HugePages_Surp:      0

Node 1 MemTotal:       24661580 kB
Node 1 MemFree:        24415648 kB
Node 1 MemUsed:          245932 kB
Node 1 Active:            41280 kB
Node 1 Inactive:          59136 kB
Node 1 Active(anon):      24088 kB
Node 1 Inactive(anon):      472 kB
Node 1 Active(file):      17192 kB
Node 1 Inactive(file):    58664 kB
Node 1 Unevictable:       12760 kB
Node 1 Mlocked:           12760 kB
Node 1 Dirty:               220 kB
Node 1 Writeback:             0 kB
Node 1 FilePages:         79068 kB
Node 1 Mapped:            19576 kB
Node 1 AnonPages:         34332 kB
Node 1 Shmem:               612 kB
Node 1 KernelStack:        1320 kB
Node 1 PageTables:          652 kB
Node 1 NFS_Unstable:          0 kB
Node 1 Bounce:                0 kB
Node 1 WritebackTmp:          0 kB
Node 1 KReclaimable:      20992 kB
Node 1 Slab:              48512 kB
Node 1 SReclaimable:      20992 kB
Node 1 SUnreclaim:        27520 kB
Node 1 AnonHugePages:         0 kB
Node 1 ShmemHugePages:        0 kB
Node 1 ShmemPmdMapped:        0 kB
Node 1 FileHugePages:        0 kB
Node 1 FilePmdMapped:        0 kB
Node 1 HugePages_Total:     0
Node 1 HugePages_Free:      0
Node 1 HugePages_Surp:      0

Load ZFS
Node 0 MemTotal:       24768352 kB
Node 0 MemFree:        24470908 kB
Node 0 MemUsed:          297444 kB
Node 0 Active:            65724 kB
Node 0 Inactive:          82216 kB
Node 0 Active(anon):      20456 kB
Node 0 Inactive(anon):      500 kB
Node 0 Active(file):      45268 kB
Node 0 Inactive(file):    81716 kB
Node 0 Unevictable:        5764 kB
Node 0 Mlocked:            5764 kB
Node 0 Dirty:                32 kB
Node 0 Writeback:             0 kB
Node 0 FilePages:        133448 kB
Node 0 Mapped:            25772 kB
Node 0 AnonPages:         19852 kB
Node 0 Shmem:               704 kB
Node 0 KernelStack:        2424 kB
Node 0 PageTables:          588 kB
Node 0 NFS_Unstable:          0 kB
Node 0 Bounce:                0 kB
Node 0 WritebackTmp:          0 kB
Node 0 KReclaimable:      21336 kB
Node 0 Slab:              59780 kB
Node 0 SReclaimable:      21336 kB
Node 0 SUnreclaim:        38444 kB
Node 0 AnonHugePages:         0 kB
Node 0 ShmemHugePages:        0 kB
Node 0 ShmemPmdMapped:        0 kB
Node 0 FileHugePages:        0 kB
Node 0 FilePmdMapped:        0 kB
Node 0 HugePages_Total:     0
Node 0 HugePages_Free:      0
Node 0 HugePages_Surp:      0

Node 1 MemTotal:       24661580 kB
Node 1 MemFree:        24204152 kB
Node 1 MemUsed:          457428 kB
Node 1 Active:            54804 kB
Node 1 Inactive:         114412 kB
Node 1 Active(anon):      36356 kB
Node 1 Inactive(anon):      444 kB
Node 1 Active(file):      18448 kB
Node 1 Inactive(file):   113968 kB
Node 1 Unevictable:       12976 kB
Node 1 Mlocked:           12976 kB
Node 1 Dirty:               364 kB
Node 1 Writeback:             0 kB
Node 1 FilePages:        135412 kB
Node 1 Mapped:            22196 kB
Node 1 AnonPages:         46932 kB
Node 1 Shmem:               564 kB
Node 1 KernelStack:        1688 kB
Node 1 PageTables:         1772 kB
Node 1 NFS_Unstable:          0 kB
Node 1 Bounce:                0 kB
Node 1 WritebackTmp:          0 kB
Node 1 KReclaimable:      21828 kB
Node 1 Slab:              52260 kB
Node 1 SReclaimable:      21828 kB
Node 1 SUnreclaim:        30432 kB
Node 1 AnonHugePages:         0 kB
Node 1 ShmemHugePages:        0 kB
Node 1 ShmemPmdMapped:        0 kB
Node 1 FileHugePages:        0 kB
Node 1 FilePmdMapped:        0 kB
Node 1 HugePages_Total:     0
Node 1 HugePages_Free:      0
Node 1 HugePages_Surp:      0

Import tank ZPool
Node 0 MemTotal:       24768352 kB
Node 0 MemFree:        24460332 kB
Node 0 MemUsed:          308020 kB
Node 0 Active:            65132 kB
Node 0 Inactive:          82216 kB
Node 0 Active(anon):      19864 kB
Node 0 Inactive(anon):      500 kB
Node 0 Active(file):      45268 kB
Node 0 Inactive(file):    81716 kB
Node 0 Unevictable:        5764 kB
Node 0 Mlocked:            5764 kB
Node 0 Dirty:                84 kB
Node 0 Writeback:             0 kB
Node 0 FilePages:        133444 kB
Node 0 Mapped:            25576 kB
Node 0 AnonPages:         19664 kB
Node 0 Shmem:               700 kB
Node 0 KernelStack:        2472 kB
Node 0 PageTables:          968 kB
Node 0 NFS_Unstable:          0 kB
Node 0 Bounce:                0 kB
Node 0 WritebackTmp:          0 kB
Node 0 KReclaimable:      21336 kB
Node 0 Slab:              60940 kB
Node 0 SReclaimable:      21336 kB
Node 0 SUnreclaim:        39604 kB
Node 0 AnonHugePages:         0 kB
Node 0 ShmemHugePages:        0 kB
Node 0 ShmemPmdMapped:        0 kB
Node 0 FileHugePages:        0 kB
Node 0 FilePmdMapped:        0 kB
Node 0 HugePages_Total:     0
Node 0 HugePages_Free:      0
Node 0 HugePages_Surp:      0

Node 1 MemTotal:       24661580 kB
Node 1 MemFree:        24194848 kB
Node 1 MemUsed:          466732 kB
Node 1 Active:            55624 kB
Node 1 Inactive:         115596 kB
Node 1 Active(anon):      36736 kB
Node 1 Inactive(anon):      448 kB
Node 1 Active(file):      18888 kB
Node 1 Inactive(file):   115148 kB
Node 1 Unevictable:       12992 kB
Node 1 Mlocked:           12992 kB
Node 1 Dirty:               408 kB
Node 1 Writeback:             0 kB
Node 1 FilePages:        137056 kB
Node 1 Mapped:            22320 kB
Node 1 AnonPages:         47144 kB
Node 1 Shmem:               568 kB
Node 1 KernelStack:        2728 kB
Node 1 PageTables:         1844 kB
Node 1 NFS_Unstable:          0 kB
Node 1 Bounce:                0 kB
Node 1 WritebackTmp:          0 kB
Node 1 KReclaimable:      21932 kB
Node 1 Slab:              58336 kB
Node 1 SReclaimable:      21932 kB
Node 1 SUnreclaim:        36404 kB
Node 1 AnonHugePages:         0 kB
Node 1 ShmemHugePages:        0 kB
Node 1 ShmemPmdMapped:        0 kB
Node 1 FileHugePages:        0 kB
Node 1 FilePmdMapped:        0 kB
Node 1 HugePages_Total:     0
Node 1 HugePages_Free:      0
Node 1 HugePages_Surp:      0

After Test
Node 0 MemTotal:       24768352 kB
Node 0 MemFree:        24185360 kB
Node 0 MemUsed:          582992 kB
Node 0 Active:            55568 kB
Node 0 Inactive:          81792 kB
Node 0 Active(anon):       9868 kB
Node 0 Inactive(anon):      492 kB
Node 0 Active(file):      45700 kB
Node 0 Inactive(file):    81300 kB
Node 0 Unevictable:        5764 kB
Node 0 Mlocked:            5764 kB
Node 0 Dirty:                 0 kB
Node 0 Writeback:             0 kB
Node 0 FilePages:        133460 kB
Node 0 Mapped:            24452 kB
Node 0 AnonPages:          9660 kB
Node 0 Shmem:               700 kB
Node 0 KernelStack:        2344 kB
Node 0 PageTables:          400 kB
Node 0 NFS_Unstable:          0 kB
Node 0 Bounce:                0 kB
Node 0 WritebackTmp:          0 kB
Node 0 KReclaimable:      21344 kB
Node 0 Slab:              61700 kB
Node 0 SReclaimable:      21344 kB
Node 0 SUnreclaim:        40356 kB
Node 0 AnonHugePages:         0 kB
Node 0 ShmemHugePages:        0 kB
Node 0 ShmemPmdMapped:        0 kB
Node 0 FileHugePages:        0 kB
Node 0 FilePmdMapped:        0 kB
Node 0 HugePages_Total:     0
Node 0 HugePages_Free:      0
Node 0 HugePages_Surp:      0

Node 1 MemTotal:       24661580 kB
Node 1 MemFree:        23860400 kB
Node 1 MemUsed:          801180 kB
Node 1 Active:            43636 kB
Node 1 Inactive:         212836 kB
Node 1 Active(anon):      23908 kB
Node 1 Inactive(anon):      448 kB
Node 1 Active(file):      19728 kB
Node 1 Inactive(file):   212388 kB
Node 1 Unevictable:       12992 kB
Node 1 Mlocked:           12992 kB
Node 1 Dirty:                 8 kB
Node 1 Writeback:             0 kB
Node 1 FilePages:        235116 kB
Node 1 Mapped:            19860 kB
Node 1 AnonPages:         34216 kB
Node 1 Shmem:               568 kB
Node 1 KernelStack:        2376 kB
Node 1 PageTables:          656 kB
Node 1 NFS_Unstable:          0 kB
Node 1 Bounce:                0 kB
Node 1 WritebackTmp:          0 kB
Node 1 KReclaimable:      22168 kB
Node 1 Slab:              60532 kB
Node 1 SReclaimable:      22168 kB
Node 1 SUnreclaim:        38364 kB
Node 1 AnonHugePages:         0 kB
Node 1 ShmemHugePages:        0 kB
Node 1 ShmemPmdMapped:        0 kB
Node 1 FileHugePages:        0 kB
Node 1 FilePmdMapped:        0 kB
Node 1 HugePages_Total:     0
Node 1 HugePages_Free:      0
Node 1 HugePages_Surp:      0

After Opposite Node
Node 0 MemTotal:       24768352 kB
Node 0 MemFree:        24185164 kB
Node 0 MemUsed:          583188 kB
Node 0 Active:            55944 kB
Node 0 Inactive:          81800 kB
Node 0 Active(anon):      10244 kB
Node 0 Inactive(anon):      492 kB
Node 0 Active(file):      45700 kB
Node 0 Inactive(file):    81308 kB
Node 0 Unevictable:        5764 kB
Node 0 Mlocked:            5764 kB
Node 0 Dirty:                 8 kB
Node 0 Writeback:             0 kB
Node 0 FilePages:        133468 kB
Node 0 Mapped:            24416 kB
Node 0 AnonPages:         10088 kB
Node 0 Shmem:               700 kB
Node 0 KernelStack:        2396 kB
Node 0 PageTables:          504 kB
Node 0 NFS_Unstable:          0 kB
Node 0 Bounce:                0 kB
Node 0 WritebackTmp:          0 kB
Node 0 KReclaimable:      21376 kB
Node 0 Slab:              61848 kB
Node 0 SReclaimable:      21376 kB
Node 0 SUnreclaim:        40472 kB
Node 0 AnonHugePages:         0 kB
Node 0 ShmemHugePages:        0 kB
Node 0 ShmemPmdMapped:        0 kB
Node 0 FileHugePages:        0 kB
Node 0 FilePmdMapped:        0 kB
Node 0 HugePages_Total:     0
Node 0 HugePages_Free:      0
Node 0 HugePages_Surp:      0

Node 1 MemTotal:       24661580 kB
Node 1 MemFree:        23861060 kB
Node 1 MemUsed:          800520 kB
Node 1 Active:            43304 kB
Node 1 Inactive:         212592 kB
Node 1 Active(anon):      23316 kB
Node 1 Inactive(anon):      448 kB
Node 1 Active(file):      19988 kB
Node 1 Inactive(file):   212144 kB
Node 1 Unevictable:       12992 kB
Node 1 Mlocked:           12992 kB
Node 1 Dirty:                36 kB
Node 1 Writeback:             0 kB
Node 1 FilePages:        235140 kB
Node 1 Mapped:            19864 kB
Node 1 AnonPages:         33812 kB
Node 1 Shmem:               568 kB
Node 1 KernelStack:        2360 kB
Node 1 PageTables:          628 kB
Node 1 NFS_Unstable:          0 kB
Node 1 Bounce:                0 kB
Node 1 WritebackTmp:          0 kB
Node 1 KReclaimable:      22168 kB
Node 1 Slab:              60620 kB
Node 1 SReclaimable:      22168 kB
Node 1 SUnreclaim:        38452 kB
Node 1 AnonHugePages:         0 kB
Node 1 ShmemHugePages:        0 kB
Node 1 ShmemPmdMapped:        0 kB
Node 1 FileHugePages:        0 kB
Node 1 FilePmdMapped:        0 kB
Node 1 HugePages_Total:     0
Node 1 HugePages_Free:      0
Node 1 HugePages_Surp:      0

B.1.100M-simpleread.250M.1.O.1M Complete!
