kernel.numa_balancing = 0
B.1.100M-simpleread.500M.3.O.1M
Begin
Node 0 MemTotal:       24743736 kB
Node 0 MemFree:        24397016 kB
Node 0 MemUsed:          346720 kB
Node 0 Active:            38868 kB
Node 0 Inactive:          24124 kB
Node 0 Active(anon):      14260 kB
Node 0 Inactive(anon):      492 kB
Node 0 Active(file):      24608 kB
Node 0 Inactive(file):    23632 kB
Node 0 Unevictable:       17228 kB
Node 0 Mlocked:           17228 kB
Node 0 Dirty:               116 kB
Node 0 Writeback:             0 kB
Node 0 FilePages:         55808 kB
Node 0 Mapped:            23064 kB
Node 0 AnonPages:         24432 kB
Node 0 Shmem:               664 kB
Node 0 KernelStack:        2072 kB
Node 0 PageTables:          468 kB
Node 0 NFS_Unstable:          0 kB
Node 0 Bounce:                0 kB
Node 0 WritebackTmp:          0 kB
Node 0 KReclaimable:      20580 kB
Node 0 Slab:              50292 kB
Node 0 SReclaimable:      20580 kB
Node 0 SUnreclaim:        29712 kB
Node 0 AnonHugePages:         0 kB
Node 0 ShmemHugePages:        0 kB
Node 0 ShmemPmdMapped:        0 kB
Node 0 FileHugePages:        0 kB
Node 0 FilePmdMapped:        0 kB
Node 0 HugePages_Total:     0
Node 0 HugePages_Free:      0
Node 0 HugePages_Surp:      0

Node 1 MemTotal:       24686196 kB
Node 1 MemFree:        24425388 kB
Node 1 MemUsed:          260808 kB
Node 1 Active:            55256 kB
Node 1 Inactive:          64188 kB
Node 1 Active(anon):      19172 kB
Node 1 Inactive(anon):      388 kB
Node 1 Active(file):      36084 kB
Node 1 Inactive(file):    63800 kB
Node 1 Unevictable:        1292 kB
Node 1 Mlocked:            1292 kB
Node 1 Dirty:               388 kB
Node 1 Writeback:             0 kB
Node 1 FilePages:        101792 kB
Node 1 Mapped:            16276 kB
Node 1 AnonPages:         19048 kB
Node 1 Shmem:               604 kB
Node 1 KernelStack:        1528 kB
Node 1 PageTables:          600 kB
Node 1 NFS_Unstable:          0 kB
Node 1 Bounce:                0 kB
Node 1 WritebackTmp:          0 kB
Node 1 KReclaimable:      20684 kB
Node 1 Slab:              54732 kB
Node 1 SReclaimable:      20684 kB
Node 1 SUnreclaim:        34048 kB
Node 1 AnonHugePages:         0 kB
Node 1 ShmemHugePages:        0 kB
Node 1 ShmemPmdMapped:        0 kB
Node 1 FileHugePages:        0 kB
Node 1 FilePmdMapped:        0 kB
Node 1 HugePages_Total:     0
Node 1 HugePages_Free:      0
Node 1 HugePages_Surp:      0

Load ZFS
Node 0 MemTotal:       24743736 kB
Node 0 MemFree:        24292560 kB
Node 0 MemUsed:          451176 kB
Node 0 Active:            51824 kB
Node 0 Inactive:         107576 kB
Node 0 Active(anon):      26192 kB
Node 0 Inactive(anon):      412 kB
Node 0 Active(file):      25632 kB
Node 0 Inactive(file):   107164 kB
Node 0 Unevictable:       17460 kB
Node 0 Mlocked:           17460 kB
Node 0 Dirty:               320 kB
Node 0 Writeback:             0 kB
Node 0 FilePages:        140232 kB
Node 0 Mapped:            24468 kB
Node 0 AnonPages:         36484 kB
Node 0 Shmem:               532 kB
Node 0 KernelStack:        2392 kB
Node 0 PageTables:         1344 kB
Node 0 NFS_Unstable:          0 kB
Node 0 Bounce:                0 kB
Node 0 WritebackTmp:          0 kB
Node 0 KReclaimable:      21676 kB
Node 0 Slab:              54888 kB
Node 0 SReclaimable:      21676 kB
Node 0 SUnreclaim:        33212 kB
Node 0 AnonHugePages:         0 kB
Node 0 ShmemHugePages:        0 kB
Node 0 ShmemPmdMapped:        0 kB
Node 0 FileHugePages:        0 kB
Node 0 FilePmdMapped:        0 kB
Node 0 HugePages_Total:     0
Node 0 HugePages_Free:      0
Node 0 HugePages_Surp:      0

Node 1 MemTotal:       24686196 kB
Node 1 MemFree:        24386900 kB
Node 1 MemUsed:          299296 kB
Node 1 Active:            68328 kB
Node 1 Inactive:          84208 kB
Node 1 Active(anon):      30568 kB
Node 1 Inactive(anon):      532 kB
Node 1 Active(file):      37760 kB
Node 1 Inactive(file):    83676 kB
Node 1 Unevictable:        1292 kB
Node 1 Mlocked:            1292 kB
Node 1 Dirty:               160 kB
Node 1 Writeback:             0 kB
Node 1 FilePages:        123460 kB
Node 1 Mapped:            18796 kB
Node 1 AnonPages:         30240 kB
Node 1 Shmem:               736 kB
Node 1 KernelStack:        1736 kB
Node 1 PageTables:         1308 kB
Node 1 NFS_Unstable:          0 kB
Node 1 Bounce:                0 kB
Node 1 WritebackTmp:          0 kB
Node 1 KReclaimable:      21444 kB
Node 1 Slab:              57648 kB
Node 1 SReclaimable:      21444 kB
Node 1 SUnreclaim:        36204 kB
Node 1 AnonHugePages:         0 kB
Node 1 ShmemHugePages:        0 kB
Node 1 ShmemPmdMapped:        0 kB
Node 1 FileHugePages:        0 kB
Node 1 FilePmdMapped:        0 kB
Node 1 HugePages_Total:     0
Node 1 HugePages_Free:      0
Node 1 HugePages_Surp:      0

Import tank ZPool
Node 0 MemTotal:       24743736 kB
Node 0 MemFree:        24304848 kB
Node 0 MemUsed:          438888 kB
Node 0 Active:            41520 kB
Node 0 Inactive:         107364 kB
Node 0 Active(anon):      15680 kB
Node 0 Inactive(anon):      408 kB
Node 0 Active(file):      25840 kB
Node 0 Inactive(file):   106956 kB
Node 0 Unevictable:       17460 kB
Node 0 Mlocked:           17460 kB
Node 0 Dirty:               376 kB
Node 0 Writeback:             0 kB
Node 0 FilePages:        140228 kB
Node 0 Mapped:            23980 kB
Node 0 AnonPages:         25460 kB
Node 0 Shmem:               528 kB
Node 0 KernelStack:        2216 kB
Node 0 PageTables:          868 kB
Node 0 NFS_Unstable:          0 kB
Node 0 Bounce:                0 kB
Node 0 WritebackTmp:          0 kB
Node 0 KReclaimable:      21676 kB
Node 0 Slab:              54828 kB
Node 0 SReclaimable:      21676 kB
Node 0 SUnreclaim:        33152 kB
Node 0 AnonHugePages:         0 kB
Node 0 ShmemHugePages:        0 kB
Node 0 ShmemPmdMapped:        0 kB
Node 0 FileHugePages:        0 kB
Node 0 FilePmdMapped:        0 kB
Node 0 HugePages_Total:     0
Node 0 HugePages_Free:      0
Node 0 HugePages_Surp:      0

Node 1 MemTotal:       24686196 kB
Node 1 MemFree:        24379128 kB
Node 1 MemUsed:          307068 kB
Node 1 Active:            58520 kB
Node 1 Inactive:          85188 kB
Node 1 Active(anon):      20008 kB
Node 1 Inactive(anon):      540 kB
Node 1 Active(file):      38512 kB
Node 1 Inactive(file):    84648 kB
Node 1 Unevictable:        1292 kB
Node 1 Mlocked:            1292 kB
Node 1 Dirty:                80 kB
Node 1 Writeback:             0 kB
Node 1 FilePages:        125188 kB
Node 1 Mapped:            17204 kB
Node 1 AnonPages:         19300 kB
Node 1 Shmem:               740 kB
Node 1 KernelStack:        2728 kB
Node 1 PageTables:          928 kB
Node 1 NFS_Unstable:          0 kB
Node 1 Bounce:                0 kB
Node 1 WritebackTmp:          0 kB
Node 1 KReclaimable:      21592 kB
Node 1 Slab:              63660 kB
Node 1 SReclaimable:      21592 kB
Node 1 SUnreclaim:        42068 kB
Node 1 AnonHugePages:         0 kB
Node 1 ShmemHugePages:        0 kB
Node 1 ShmemPmdMapped:        0 kB
Node 1 FileHugePages:        0 kB
Node 1 FilePmdMapped:        0 kB
Node 1 HugePages_Total:     0
Node 1 HugePages_Free:      0
Node 1 HugePages_Surp:      0

After Test
Node 0 MemTotal:       24743736 kB
Node 0 MemFree:        24085940 kB
Node 0 MemUsed:          657796 kB
Node 0 Active:            40208 kB
Node 0 Inactive:         107300 kB
Node 0 Active(anon):      14276 kB
Node 0 Inactive(anon):      404 kB
Node 0 Active(file):      25932 kB
Node 0 Inactive(file):   106896 kB
Node 0 Unevictable:       17460 kB
Node 0 Mlocked:           17460 kB
Node 0 Dirty:               380 kB
Node 0 Writeback:             0 kB
Node 0 FilePages:        140260 kB
Node 0 Mapped:            23140 kB
Node 0 AnonPages:         24720 kB
Node 0 Shmem:               528 kB
Node 0 KernelStack:        2088 kB
Node 0 PageTables:          476 kB
Node 0 NFS_Unstable:          0 kB
Node 0 Bounce:                0 kB
Node 0 WritebackTmp:          0 kB
Node 0 KReclaimable:      21676 kB
Node 0 Slab:              55604 kB
Node 0 SReclaimable:      21676 kB
Node 0 SUnreclaim:        33928 kB
Node 0 AnonHugePages:         0 kB
Node 0 ShmemHugePages:        0 kB
Node 0 ShmemPmdMapped:        0 kB
Node 0 FileHugePages:        0 kB
Node 0 FilePmdMapped:        0 kB
Node 0 HugePages_Total:     0
Node 0 HugePages_Free:      0
Node 0 HugePages_Surp:      0

Node 1 MemTotal:       24686196 kB
Node 1 MemFree:        23444140 kB
Node 1 MemUsed:         1242056 kB
Node 1 Active:            58636 kB
Node 1 Inactive:         182328 kB
Node 1 Active(anon):      19204 kB
Node 1 Inactive(anon):      536 kB
Node 1 Active(file):      39432 kB
Node 1 Inactive(file):   181792 kB
Node 1 Unevictable:        1292 kB
Node 1 Mlocked:            1292 kB
Node 1 Dirty:               100 kB
Node 1 Writeback:             0 kB
Node 1 FilePages:        223292 kB
Node 1 Mapped:            16332 kB
Node 1 AnonPages:         19048 kB
Node 1 Shmem:               740 kB
Node 1 KernelStack:        2696 kB
Node 1 PageTables:          820 kB
Node 1 NFS_Unstable:          0 kB
Node 1 Bounce:                0 kB
Node 1 WritebackTmp:          0 kB
Node 1 KReclaimable:      21872 kB
Node 1 Slab:              69304 kB
Node 1 SReclaimable:      21872 kB
Node 1 SUnreclaim:        47432 kB
Node 1 AnonHugePages:         0 kB
Node 1 ShmemHugePages:        0 kB
Node 1 ShmemPmdMapped:        0 kB
Node 1 FileHugePages:        0 kB
Node 1 FilePmdMapped:        0 kB
Node 1 HugePages_Total:     0
Node 1 HugePages_Free:      0
Node 1 HugePages_Surp:      0

After Opposite Node
Node 0 MemTotal:       24743736 kB
Node 0 MemFree:        24085160 kB
Node 0 MemUsed:          658576 kB
Node 0 Active:            40860 kB
Node 0 Inactive:         107252 kB
Node 0 Active(anon):      14864 kB
Node 0 Inactive(anon):      404 kB
Node 0 Active(file):      25996 kB
Node 0 Inactive(file):   106848 kB
Node 0 Unevictable:       17460 kB
Node 0 Mlocked:           17460 kB
Node 0 Dirty:               392 kB
Node 0 Writeback:             0 kB
Node 0 FilePages:        140276 kB
Node 0 Mapped:            23096 kB
Node 0 AnonPages:         25276 kB
Node 0 Shmem:               528 kB
Node 0 KernelStack:        2104 kB
Node 0 PageTables:          576 kB
Node 0 NFS_Unstable:          0 kB
Node 0 Bounce:                0 kB
Node 0 WritebackTmp:          0 kB
Node 0 KReclaimable:      21712 kB
Node 0 Slab:              55860 kB
Node 0 SReclaimable:      21712 kB
Node 0 SUnreclaim:        34148 kB
Node 0 AnonHugePages:         0 kB
Node 0 ShmemHugePages:        0 kB
Node 0 ShmemPmdMapped:        0 kB
Node 0 FileHugePages:        0 kB
Node 0 FilePmdMapped:        0 kB
Node 0 HugePages_Total:     0
Node 0 HugePages_Free:      0
Node 0 HugePages_Surp:      0

Node 1 MemTotal:       24686196 kB
Node 1 MemFree:        23444940 kB
Node 1 MemUsed:         1241256 kB
Node 1 Active:            58252 kB
Node 1 Inactive:         182080 kB
Node 1 Active(anon):      18568 kB
Node 1 Inactive(anon):      536 kB
Node 1 Active(file):      39684 kB
Node 1 Inactive(file):   181544 kB
Node 1 Unevictable:        1292 kB
Node 1 Mlocked:            1292 kB
Node 1 Dirty:               104 kB
Node 1 Writeback:             0 kB
Node 1 FilePages:        223296 kB
Node 1 Mapped:            16296 kB
Node 1 AnonPages:         18364 kB
Node 1 Shmem:               740 kB
Node 1 KernelStack:        2616 kB
Node 1 PageTables:          548 kB
Node 1 NFS_Unstable:          0 kB
Node 1 Bounce:                0 kB
Node 1 WritebackTmp:          0 kB
Node 1 KReclaimable:      21872 kB
Node 1 Slab:              69308 kB
Node 1 SReclaimable:      21872 kB
Node 1 SUnreclaim:        47436 kB
Node 1 AnonHugePages:         0 kB
Node 1 ShmemHugePages:        0 kB
Node 1 ShmemPmdMapped:        0 kB
Node 1 FileHugePages:        0 kB
Node 1 FilePmdMapped:        0 kB
Node 1 HugePages_Total:     0
Node 1 HugePages_Free:      0
Node 1 HugePages_Surp:      0

B.1.100M-simpleread.500M.3.O.1M Complete!
