B.1.smallfio.250M.2.O
Begin
Node 0 MemTotal:       24768352 kB
Node 0 MemFree:        24549364 kB
Node 0 MemUsed:          218988 kB
Node 0 Active:            38468 kB
Node 0 Inactive:          18756 kB
Node 0 Active(anon):      18744 kB
Node 0 Inactive(anon):      308 kB
Node 0 Active(file):      19724 kB
Node 0 Inactive(file):    18448 kB
Node 0 Unevictable:       18000 kB
Node 0 Mlocked:           18000 kB
Node 0 Dirty:                32 kB
Node 0 Writeback:             0 kB
Node 0 FilePages:         46340 kB
Node 0 Mapped:            19172 kB
Node 0 AnonPages:         28948 kB
Node 0 Shmem:               500 kB
Node 0 KernelStack:        2040 kB
Node 0 PageTables:          596 kB
Node 0 NFS_Unstable:          0 kB
Node 0 Bounce:                0 kB
Node 0 WritebackTmp:          0 kB
Node 0 KReclaimable:      20340 kB
Node 0 Slab:              56256 kB
Node 0 SReclaimable:      20340 kB
Node 0 SUnreclaim:        35916 kB
Node 0 AnonHugePages:         0 kB
Node 0 ShmemHugePages:        0 kB
Node 0 ShmemPmdMapped:        0 kB
Node 0 FileHugePages:        0 kB
Node 0 FilePmdMapped:        0 kB
Node 0 HugePages_Total:     0
Node 0 HugePages_Free:      0
Node 0 HugePages_Surp:      0

Node 1 MemTotal:       24661580 kB
Node 1 MemFree:        24266200 kB
Node 1 MemUsed:          395380 kB
Node 1 Active:            55552 kB
Node 1 Inactive:          76044 kB
Node 1 Active(anon):      15124 kB
Node 1 Inactive(anon):      564 kB
Node 1 Active(file):      40428 kB
Node 1 Inactive(file):    75480 kB
Node 1 Unevictable:         524 kB
Node 1 Mlocked:             524 kB
Node 1 Dirty:               472 kB
Node 1 Writeback:             0 kB
Node 1 FilePages:        117360 kB
Node 1 Mapped:            29232 kB
Node 1 AnonPages:         14956 kB
Node 1 Shmem:               768 kB
Node 1 KernelStack:        1624 kB
Node 1 PageTables:          452 kB
Node 1 NFS_Unstable:          0 kB
Node 1 Bounce:                0 kB
Node 1 WritebackTmp:          0 kB
Node 1 KReclaimable:      21564 kB
Node 1 Slab:              50708 kB
Node 1 SReclaimable:      21564 kB
Node 1 SUnreclaim:        29144 kB
Node 1 AnonHugePages:         0 kB
Node 1 ShmemHugePages:        0 kB
Node 1 ShmemPmdMapped:        0 kB
Node 1 FileHugePages:        0 kB
Node 1 FilePmdMapped:        0 kB
Node 1 HugePages_Total:     0
Node 1 HugePages_Free:      0
Node 1 HugePages_Surp:      0

Load ZFS
Node 0 MemTotal:       24768352 kB
Node 0 MemFree:        24521664 kB
Node 0 MemUsed:          246688 kB
Node 0 Active:            52536 kB
Node 0 Inactive:          26444 kB
Node 0 Active(anon):      31636 kB
Node 0 Inactive(anon):      464 kB
Node 0 Active(file):      20900 kB
Node 0 Inactive(file):    25980 kB
Node 0 Unevictable:       18200 kB
Node 0 Mlocked:           18200 kB
Node 0 Dirty:                40 kB
Node 0 Writeback:             0 kB
Node 0 FilePages:         55196 kB
Node 0 Mapped:            21644 kB
Node 0 AnonPages:         42124 kB
Node 0 Shmem:               648 kB
Node 0 KernelStack:        2424 kB
Node 0 PageTables:         1704 kB
Node 0 NFS_Unstable:          0 kB
Node 0 Bounce:                0 kB
Node 0 WritebackTmp:          0 kB
Node 0 KReclaimable:      21172 kB
Node 0 Slab:              60092 kB
Node 0 SReclaimable:      21172 kB
Node 0 SUnreclaim:        38920 kB
Node 0 AnonHugePages:         0 kB
Node 0 ShmemHugePages:        0 kB
Node 0 ShmemPmdMapped:        0 kB
Node 0 FileHugePages:        0 kB
Node 0 FilePmdMapped:        0 kB
Node 0 HugePages_Total:     0
Node 0 HugePages_Free:      0
Node 0 HugePages_Surp:      0

Node 1 MemTotal:       24661580 kB
Node 1 MemFree:        24152380 kB
Node 1 MemUsed:          509200 kB
Node 1 Active:            67284 kB
Node 1 Inactive:         172324 kB
Node 1 Active(anon):      25080 kB
Node 1 Inactive(anon):      476 kB
Node 1 Active(file):      42204 kB
Node 1 Inactive(file):   171848 kB
Node 1 Unevictable:         524 kB
Node 1 Mlocked:             524 kB
Node 1 Dirty:               548 kB
Node 1 Writeback:             0 kB
Node 1 FilePages:        215196 kB
Node 1 Mapped:            31316 kB
Node 1 AnonPages:         24700 kB
Node 1 Shmem:               620 kB
Node 1 KernelStack:        1944 kB
Node 1 PageTables:          740 kB
Node 1 NFS_Unstable:          0 kB
Node 1 Bounce:                0 kB
Node 1 WritebackTmp:          0 kB
Node 1 KReclaimable:      22728 kB
Node 1 Slab:              54196 kB
Node 1 SReclaimable:      22728 kB
Node 1 SUnreclaim:        31468 kB
Node 1 AnonHugePages:         0 kB
Node 1 ShmemHugePages:        0 kB
Node 1 ShmemPmdMapped:        0 kB
Node 1 FileHugePages:        0 kB
Node 1 FilePmdMapped:        0 kB
Node 1 HugePages_Total:     0
Node 1 HugePages_Free:      0
Node 1 HugePages_Surp:      0

Import tank ZPool
Node 0 MemTotal:       24768352 kB
Node 0 MemFree:        24532932 kB
Node 0 MemUsed:          235420 kB
Node 0 Active:            40352 kB
Node 0 Inactive:          26448 kB
Node 0 Active(anon):      19452 kB
Node 0 Inactive(anon):      468 kB
Node 0 Active(file):      20900 kB
Node 0 Inactive(file):    25980 kB
Node 0 Unevictable:       18232 kB
Node 0 Mlocked:           18232 kB
Node 0 Dirty:                60 kB
Node 0 Writeback:             0 kB
Node 0 FilePages:         55188 kB
Node 0 Mapped:            19920 kB
Node 0 AnonPages:         28876 kB
Node 0 Shmem:               640 kB
Node 0 KernelStack:        2296 kB
Node 0 PageTables:         1388 kB
Node 0 NFS_Unstable:          0 kB
Node 0 Bounce:                0 kB
Node 0 WritebackTmp:          0 kB
Node 0 KReclaimable:      21188 kB
Node 0 Slab:              60196 kB
Node 0 SReclaimable:      21188 kB
Node 0 SUnreclaim:        39008 kB
Node 0 AnonHugePages:         0 kB
Node 0 ShmemHugePages:        0 kB
Node 0 ShmemPmdMapped:        0 kB
Node 0 FileHugePages:        0 kB
Node 0 FilePmdMapped:        0 kB
Node 0 HugePages_Total:     0
Node 0 HugePages_Free:      0
Node 0 HugePages_Surp:      0

Node 1 MemTotal:       24661580 kB
Node 1 MemFree:        24143264 kB
Node 1 MemUsed:          518316 kB
Node 1 Active:            58608 kB
Node 1 Inactive:         173420 kB
Node 1 Active(anon):      16156 kB
Node 1 Inactive(anon):      480 kB
Node 1 Active(file):      42452 kB
Node 1 Inactive(file):   172940 kB
Node 1 Unevictable:         524 kB
Node 1 Mlocked:             524 kB
Node 1 Dirty:               612 kB
Node 1 Writeback:             0 kB
Node 1 FilePages:        216564 kB
Node 1 Mapped:            30424 kB
Node 1 AnonPages:         15832 kB
Node 1 Shmem:               628 kB
Node 1 KernelStack:        2892 kB
Node 1 PageTables:         1084 kB
Node 1 NFS_Unstable:          0 kB
Node 1 Bounce:                0 kB
Node 1 WritebackTmp:          0 kB
Node 1 KReclaimable:      22860 kB
Node 1 Slab:              60468 kB
Node 1 SReclaimable:      22860 kB
Node 1 SUnreclaim:        37608 kB
Node 1 AnonHugePages:         0 kB
Node 1 ShmemHugePages:        0 kB
Node 1 ShmemPmdMapped:        0 kB
Node 1 FileHugePages:        0 kB
Node 1 FilePmdMapped:        0 kB
Node 1 HugePages_Total:     0
Node 1 HugePages_Free:      0
Node 1 HugePages_Surp:      0

After Test
Node 0 MemTotal:       24768352 kB
Node 0 MemFree:        24534044 kB
Node 0 MemUsed:          234308 kB
Node 0 Active:            39776 kB
Node 0 Inactive:          26020 kB
Node 0 Active(anon):      18452 kB
Node 0 Inactive(anon):      464 kB
Node 0 Active(file):      21324 kB
Node 0 Inactive(file):    25556 kB
Node 0 Unevictable:       18232 kB
Node 0 Mlocked:           18232 kB
Node 0 Dirty:                68 kB
Node 0 Writeback:             0 kB
Node 0 FilePages:         55188 kB
Node 0 Mapped:            19156 kB
Node 0 AnonPages:         28836 kB
Node 0 Shmem:               640 kB
Node 0 KernelStack:        2040 kB
Node 0 PageTables:          568 kB
Node 0 NFS_Unstable:          0 kB
Node 0 Bounce:                0 kB
Node 0 WritebackTmp:          0 kB
Node 0 KReclaimable:      21220 kB
Node 0 Slab:              60252 kB
Node 0 SReclaimable:      21220 kB
Node 0 SUnreclaim:        39032 kB
Node 0 AnonHugePages:         0 kB
Node 0 ShmemHugePages:        0 kB
Node 0 ShmemPmdMapped:        0 kB
Node 0 FileHugePages:        0 kB
Node 0 FilePmdMapped:        0 kB
Node 0 HugePages_Total:     0
Node 0 HugePages_Free:      0
Node 0 HugePages_Surp:      0

Node 1 MemTotal:       24661580 kB
Node 1 MemFree:        23607716 kB
Node 1 MemUsed:         1053864 kB
Node 1 Active:            59224 kB
Node 1 Inactive:         174052 kB
Node 1 Active(anon):      15112 kB
Node 1 Inactive(anon):      504 kB
Node 1 Active(file):      44112 kB
Node 1 Inactive(file):   173548 kB
Node 1 Unevictable:         524 kB
Node 1 Mlocked:             524 kB
Node 1 Dirty:               512 kB
Node 1 Writeback:             0 kB
Node 1 FilePages:        218856 kB
Node 1 Mapped:            29456 kB
Node 1 AnonPages:         14900 kB
Node 1 Shmem:               672 kB
Node 1 KernelStack:        2744 kB
Node 1 PageTables:          644 kB
Node 1 NFS_Unstable:          0 kB
Node 1 Bounce:                0 kB
Node 1 WritebackTmp:          0 kB
Node 1 KReclaimable:      24152 kB
Node 1 Slab:              65204 kB
Node 1 SReclaimable:      24152 kB
Node 1 SUnreclaim:        41052 kB
Node 1 AnonHugePages:         0 kB
Node 1 ShmemHugePages:        0 kB
Node 1 ShmemPmdMapped:        0 kB
Node 1 FileHugePages:        0 kB
Node 1 FilePmdMapped:        0 kB
Node 1 HugePages_Total:     0
Node 1 HugePages_Free:      0
Node 1 HugePages_Surp:      0

After Opposite Node
Node 0 MemTotal:       24768352 kB
Node 0 MemFree:        24534508 kB
Node 0 MemUsed:          233844 kB
Node 0 Active:            39972 kB
Node 0 Inactive:          26056 kB
Node 0 Active(anon):      18644 kB
Node 0 Inactive(anon):      492 kB
Node 0 Active(file):      21328 kB
Node 0 Inactive(file):    25564 kB
Node 0 Unevictable:       18232 kB
Node 0 Mlocked:           18232 kB
Node 0 Dirty:                88 kB
Node 0 Writeback:             0 kB
Node 0 FilePages:         55244 kB
Node 0 Mapped:            19200 kB
Node 0 AnonPages:         28968 kB
Node 0 Shmem:               684 kB
Node 0 KernelStack:        2136 kB
Node 0 PageTables:          740 kB
Node 0 NFS_Unstable:          0 kB
Node 0 Bounce:                0 kB
Node 0 WritebackTmp:          0 kB
Node 0 KReclaimable:      21316 kB
Node 0 Slab:              60740 kB
Node 0 SReclaimable:      21316 kB
Node 0 SUnreclaim:        39424 kB
Node 0 AnonHugePages:         0 kB
Node 0 ShmemHugePages:        0 kB
Node 0 ShmemPmdMapped:        0 kB
Node 0 FileHugePages:        0 kB
Node 0 FilePmdMapped:        0 kB
Node 0 HugePages_Total:     0
Node 0 HugePages_Free:      0
Node 0 HugePages_Surp:      0

Node 1 MemTotal:       24661580 kB
Node 1 MemFree:        23608216 kB
Node 1 MemUsed:         1053364 kB
Node 1 Active:            59264 kB
Node 1 Inactive:         173832 kB
Node 1 Active(anon):      14932 kB
Node 1 Inactive(anon):      476 kB
Node 1 Active(file):      44332 kB
Node 1 Inactive(file):   173356 kB
Node 1 Unevictable:         524 kB
Node 1 Mlocked:             524 kB
Node 1 Dirty:               556 kB
Node 1 Writeback:             0 kB
Node 1 FilePages:        218840 kB
Node 1 Mapped:            29408 kB
Node 1 AnonPages:         14780 kB
Node 1 Shmem:               628 kB
Node 1 KernelStack:        2712 kB
Node 1 PageTables:          468 kB
Node 1 NFS_Unstable:          0 kB
Node 1 Bounce:                0 kB
Node 1 WritebackTmp:          0 kB
Node 1 KReclaimable:      24152 kB
Node 1 Slab:              65216 kB
Node 1 SReclaimable:      24152 kB
Node 1 SUnreclaim:        41064 kB
Node 1 AnonHugePages:         0 kB
Node 1 ShmemHugePages:        0 kB
Node 1 ShmemPmdMapped:        0 kB
Node 1 FileHugePages:        0 kB
Node 1 FilePmdMapped:        0 kB
Node 1 HugePages_Total:     0
Node 1 HugePages_Free:      0
Node 1 HugePages_Surp:      0

B.1.smallfio.250M.2.O Complete!
