B.1.smallfio.16G.2.O
Begin
Node 0 MemTotal:       24743736 kB
Node 0 MemFree:        24522084 kB
Node 0 MemUsed:          221652 kB
Node 0 Active:            21712 kB
Node 0 Inactive:          52068 kB
Node 0 Active(anon):       9184 kB
Node 0 Inactive(anon):      476 kB
Node 0 Active(file):      12528 kB
Node 0 Inactive(file):    51592 kB
Node 0 Unevictable:       12516 kB
Node 0 Mlocked:           12516 kB
Node 0 Dirty:               420 kB
Node 0 Writeback:             0 kB
Node 0 FilePages:         66964 kB
Node 0 Mapped:             8960 kB
Node 0 AnonPages:         19424 kB
Node 0 Shmem:               644 kB
Node 0 KernelStack:        1928 kB
Node 0 PageTables:          436 kB
Node 0 NFS_Unstable:          0 kB
Node 0 Bounce:                0 kB
Node 0 WritebackTmp:          0 kB
Node 0 KReclaimable:      20896 kB
Node 0 Slab:              54184 kB
Node 0 SReclaimable:      20896 kB
Node 0 SUnreclaim:        33288 kB
Node 0 AnonHugePages:         0 kB
Node 0 ShmemHugePages:        0 kB
Node 0 ShmemPmdMapped:        0 kB
Node 0 FileHugePages:        0 kB
Node 0 FilePmdMapped:        0 kB
Node 0 HugePages_Total:     0
Node 0 HugePages_Free:      0
Node 0 HugePages_Surp:      0

Node 1 MemTotal:       24686196 kB
Node 1 MemFree:        24298856 kB
Node 1 MemUsed:          387340 kB
Node 1 Active:            72292 kB
Node 1 Inactive:          35524 kB
Node 1 Active(anon):      24388 kB
Node 1 Inactive(anon):      396 kB
Node 1 Active(file):      47904 kB
Node 1 Inactive(file):    35128 kB
Node 1 Unevictable:        6004 kB
Node 1 Mlocked:            6004 kB
Node 1 Dirty:                88 kB
Node 1 Writeback:             0 kB
Node 1 FilePages:         89660 kB
Node 1 Mapped:            33256 kB
Node 1 AnonPages:         24172 kB
Node 1 Shmem:               624 kB
Node 1 KernelStack:        1688 kB
Node 1 PageTables:          596 kB
Node 1 NFS_Unstable:          0 kB
Node 1 Bounce:                0 kB
Node 1 WritebackTmp:          0 kB
Node 1 KReclaimable:      20840 kB
Node 1 Slab:              52968 kB
Node 1 SReclaimable:      20840 kB
Node 1 SUnreclaim:        32128 kB
Node 1 AnonHugePages:         0 kB
Node 1 ShmemHugePages:        0 kB
Node 1 ShmemPmdMapped:        0 kB
Node 1 FileHugePages:        0 kB
Node 1 FilePmdMapped:        0 kB
Node 1 HugePages_Total:     0
Node 1 HugePages_Free:      0
Node 1 HugePages_Surp:      0

Load ZFS
Node 0 MemTotal:       24743736 kB
Node 0 MemFree:        24261540 kB
Node 0 MemUsed:          482196 kB
Node 0 Active:            34076 kB
Node 0 Inactive:         155332 kB
Node 0 Active(anon):      20284 kB
Node 0 Inactive(anon):      436 kB
Node 0 Active(file):      13792 kB
Node 0 Inactive(file):   154896 kB
Node 0 Unevictable:       12708 kB
Node 0 Mlocked:           12708 kB
Node 0 Dirty:               292 kB
Node 0 Writeback:             0 kB
Node 0 FilePages:        171444 kB
Node 0 Mapped:            11824 kB
Node 0 AnonPages:         31192 kB
Node 0 Shmem:               568 kB
Node 0 KernelStack:        2112 kB
Node 0 PageTables:         1416 kB
Node 0 NFS_Unstable:          0 kB
Node 0 Bounce:                0 kB
Node 0 WritebackTmp:          0 kB
Node 0 KReclaimable:      21924 kB
Node 0 Slab:              59040 kB
Node 0 SReclaimable:      21924 kB
Node 0 SUnreclaim:        37116 kB
Node 0 AnonHugePages:         0 kB
Node 0 ShmemHugePages:        0 kB
Node 0 ShmemPmdMapped:        0 kB
Node 0 FileHugePages:        0 kB
Node 0 FilePmdMapped:        0 kB
Node 0 HugePages_Total:     0
Node 0 HugePages_Free:      0
Node 0 HugePages_Surp:      0

Node 1 MemTotal:       24686196 kB
Node 1 MemFree:        24415020 kB
Node 1 MemUsed:          271176 kB
Node 1 Active:            87552 kB
Node 1 Inactive:          35660 kB
Node 1 Active(anon):      38424 kB
Node 1 Inactive(anon):      500 kB
Node 1 Active(file):      49128 kB
Node 1 Inactive(file):    35160 kB
Node 1 Unevictable:        6004 kB
Node 1 Mlocked:            6004 kB
Node 1 Dirty:               256 kB
Node 1 Writeback:             0 kB
Node 1 FilePages:         90988 kB
Node 1 Mapped:            35584 kB
Node 1 AnonPages:         38444 kB
Node 1 Shmem:               700 kB
Node 1 KernelStack:        2100 kB
Node 1 PageTables:         1516 kB
Node 1 NFS_Unstable:          0 kB
Node 1 Bounce:                0 kB
Node 1 WritebackTmp:          0 kB
Node 1 KReclaimable:      21540 kB
Node 1 Slab:              55780 kB
Node 1 SReclaimable:      21540 kB
Node 1 SUnreclaim:        34240 kB
Node 1 AnonHugePages:         0 kB
Node 1 ShmemHugePages:        0 kB
Node 1 ShmemPmdMapped:        0 kB
Node 1 FileHugePages:        0 kB
Node 1 FilePmdMapped:        0 kB
Node 1 HugePages_Total:     0
Node 1 HugePages_Free:      0
Node 1 HugePages_Surp:      0

Import tank ZPool
Node 0 MemTotal:       24743736 kB
Node 0 MemFree:        24255428 kB
Node 0 MemUsed:          488308 kB
Node 0 Active:            34292 kB
Node 0 Inactive:         156536 kB
Node 0 Active(anon):      20172 kB
Node 0 Inactive(anon):      452 kB
Node 0 Active(file):      14120 kB
Node 0 Inactive(file):   156084 kB
Node 0 Unevictable:       12740 kB
Node 0 Mlocked:           12740 kB
Node 0 Dirty:               328 kB
Node 0 Writeback:             0 kB
Node 0 FilePages:        172976 kB
Node 0 Mapped:            11496 kB
Node 0 AnonPages:         30252 kB
Node 0 Shmem:               576 kB
Node 0 KernelStack:        2248 kB
Node 0 PageTables:         1300 kB
Node 0 NFS_Unstable:          0 kB
Node 0 Bounce:                0 kB
Node 0 WritebackTmp:          0 kB
Node 0 KReclaimable:      22184 kB
Node 0 Slab:              64352 kB
Node 0 SReclaimable:      22184 kB
Node 0 SUnreclaim:        42168 kB
Node 0 AnonHugePages:         0 kB
Node 0 ShmemHugePages:        0 kB
Node 0 ShmemPmdMapped:        0 kB
Node 0 FileHugePages:        0 kB
Node 0 FilePmdMapped:        0 kB
Node 0 HugePages_Total:     0
Node 0 HugePages_Free:      0
Node 0 HugePages_Surp:      0

Node 1 MemTotal:       24686196 kB
Node 1 MemFree:        24402020 kB
Node 1 MemUsed:          284176 kB
Node 1 Active:            87412 kB
Node 1 Inactive:          35660 kB
Node 1 Active(anon):      38284 kB
Node 1 Inactive(anon):      500 kB
Node 1 Active(file):      49128 kB
Node 1 Inactive(file):    35160 kB
Node 1 Unevictable:        6004 kB
Node 1 Mlocked:            6004 kB
Node 1 Dirty:               304 kB
Node 1 Writeback:             0 kB
Node 1 FilePages:         90980 kB
Node 1 Mapped:            34652 kB
Node 1 AnonPages:         38092 kB
Node 1 Shmem:               692 kB
Node 1 KernelStack:        3000 kB
Node 1 PageTables:         1424 kB
Node 1 NFS_Unstable:          0 kB
Node 1 Bounce:                0 kB
Node 1 WritebackTmp:          0 kB
Node 1 KReclaimable:      21540 kB
Node 1 Slab:              57736 kB
Node 1 SReclaimable:      21540 kB
Node 1 SUnreclaim:        36196 kB
Node 1 AnonHugePages:         0 kB
Node 1 ShmemHugePages:        0 kB
Node 1 ShmemPmdMapped:        0 kB
Node 1 FileHugePages:        0 kB
Node 1 FilePmdMapped:        0 kB
Node 1 HugePages_Total:     0
Node 1 HugePages_Free:      0
Node 1 HugePages_Surp:      0

After Test
Node 0 MemTotal:       24743736 kB
Node 0 MemFree:        23271552 kB
Node 0 MemUsed:         1472184 kB
Node 0 Active:            23668 kB
Node 0 Inactive:         155856 kB
Node 0 Active(anon):       8400 kB
Node 0 Inactive(anon):      444 kB
Node 0 Active(file):      15268 kB
Node 0 Inactive(file):   155412 kB
Node 0 Unevictable:       12740 kB
Node 0 Mlocked:           12740 kB
Node 0 Dirty:                80 kB
Node 0 Writeback:             0 kB
Node 0 FilePages:        173460 kB
Node 0 Mapped:             9012 kB
Node 0 AnonPages:         18816 kB
Node 0 Shmem:               576 kB
Node 0 KernelStack:        1816 kB
Node 0 PageTables:          368 kB
Node 0 NFS_Unstable:          0 kB
Node 0 Bounce:                0 kB
Node 0 WritebackTmp:          0 kB
Node 0 KReclaimable:      22260 kB
Node 0 Slab:              67348 kB
Node 0 SReclaimable:      22260 kB
Node 0 SUnreclaim:        45088 kB
Node 0 AnonHugePages:         0 kB
Node 0 ShmemHugePages:        0 kB
Node 0 ShmemPmdMapped:        0 kB
Node 0 FileHugePages:        0 kB
Node 0 FilePmdMapped:        0 kB
Node 0 HugePages_Total:     0
Node 0 HugePages_Free:      0
Node 0 HugePages_Surp:      0

Node 1 MemTotal:       24686196 kB
Node 1 MemFree:         7760752 kB
Node 1 MemUsed:        16925444 kB
Node 1 Active:            75116 kB
Node 1 Inactive:          36692 kB
Node 1 Active(anon):      24908 kB
Node 1 Inactive(anon):      544 kB
Node 1 Active(file):      50208 kB
Node 1 Inactive(file):    36148 kB
Node 1 Unevictable:        6004 kB
Node 1 Mlocked:            6004 kB
Node 1 Dirty:                28 kB
Node 1 Writeback:             0 kB
Node 1 FilePages:         93092 kB
Node 1 Mapped:            33520 kB
Node 1 AnonPages:         24620 kB
Node 1 Shmem:               736 kB
Node 1 KernelStack:        2648 kB
Node 1 PageTables:          796 kB
Node 1 NFS_Unstable:          0 kB
Node 1 Bounce:                0 kB
Node 1 WritebackTmp:          0 kB
Node 1 KReclaimable:      23068 kB
Node 1 Slab:             116152 kB
Node 1 SReclaimable:      23068 kB
Node 1 SUnreclaim:        93084 kB
Node 1 AnonHugePages:         0 kB
Node 1 ShmemHugePages:        0 kB
Node 1 ShmemPmdMapped:        0 kB
Node 1 FileHugePages:        0 kB
Node 1 FilePmdMapped:        0 kB
Node 1 HugePages_Total:     0
Node 1 HugePages_Free:      0
Node 1 HugePages_Surp:      0

After Opposite Node
Node 0 MemTotal:       24743736 kB
Node 0 MemFree:        23279116 kB
Node 0 MemUsed:         1464620 kB
Node 0 Active:            24108 kB
Node 0 Inactive:         155892 kB
Node 0 Active(anon):       8684 kB
Node 0 Inactive(anon):      488 kB
Node 0 Active(file):      15424 kB
Node 0 Inactive(file):   155404 kB
Node 0 Unevictable:       12740 kB
Node 0 Mlocked:           12740 kB
Node 0 Dirty:                12 kB
Node 0 Writeback:             0 kB
Node 0 FilePages:        173672 kB
Node 0 Mapped:             9056 kB
Node 0 AnonPages:         18960 kB
Node 0 Shmem:               620 kB
Node 0 KernelStack:        1864 kB
Node 0 PageTables:          540 kB
Node 0 NFS_Unstable:          0 kB
Node 0 Bounce:                0 kB
Node 0 WritebackTmp:          0 kB
Node 0 KReclaimable:      22320 kB
Node 0 Slab:              68216 kB
Node 0 SReclaimable:      22320 kB
Node 0 SUnreclaim:        45896 kB
Node 0 AnonHugePages:         0 kB
Node 0 ShmemHugePages:        0 kB
Node 0 ShmemPmdMapped:        0 kB
Node 0 FileHugePages:        0 kB
Node 0 FilePmdMapped:        0 kB
Node 0 HugePages_Total:     0
Node 0 HugePages_Free:      0
Node 0 HugePages_Surp:      0

Node 1 MemTotal:       24686196 kB
Node 1 MemFree:         7751080 kB
Node 1 MemUsed:        16935116 kB
Node 1 Active:            75080 kB
Node 1 Inactive:          36460 kB
Node 1 Active(anon):      24676 kB
Node 1 Inactive(anon):      500 kB
Node 1 Active(file):      50404 kB
Node 1 Inactive(file):    35960 kB
Node 1 Unevictable:        6004 kB
Node 1 Mlocked:            6004 kB
Node 1 Dirty:                12 kB
Node 1 Writeback:             0 kB
Node 1 FilePages:         93056 kB
Node 1 Mapped:            33500 kB
Node 1 AnonPages:         24484 kB
Node 1 Shmem:               692 kB
Node 1 KernelStack:        2616 kB
Node 1 PageTables:          624 kB
Node 1 NFS_Unstable:          0 kB
Node 1 Bounce:                0 kB
Node 1 WritebackTmp:          0 kB
Node 1 KReclaimable:      23068 kB
Node 1 Slab:             116076 kB
Node 1 SReclaimable:      23068 kB
Node 1 SUnreclaim:        93008 kB
Node 1 AnonHugePages:         0 kB
Node 1 ShmemHugePages:        0 kB
Node 1 ShmemPmdMapped:        0 kB
Node 1 FileHugePages:        0 kB
Node 1 FilePmdMapped:        0 kB
Node 1 HugePages_Total:     0
Node 1 HugePages_Free:      0
Node 1 HugePages_Surp:      0

B.1.smallfio.16G.2.O Complete!
