B.1.bigfio.2G.2.O
Begin
Node 0 MemTotal:       24743736 kB
Node 0 MemFree:        24343440 kB
Node 0 MemUsed:          400296 kB
Node 0 Active:            39828 kB
Node 0 Inactive:          65740 kB
Node 0 Active(anon):      14532 kB
Node 0 Inactive(anon):      596 kB
Node 0 Active(file):      25296 kB
Node 0 Inactive(file):    65144 kB
Node 0 Unevictable:       13332 kB
Node 0 Mlocked:           13332 kB
Node 0 Dirty:                56 kB
Node 0 Writeback:             0 kB
Node 0 FilePages:         94260 kB
Node 0 Mapped:            13432 kB
Node 0 AnonPages:         24652 kB
Node 0 Shmem:               816 kB
Node 0 KernelStack:        2248 kB
Node 0 PageTables:          476 kB
Node 0 NFS_Unstable:          0 kB
Node 0 Bounce:                0 kB
Node 0 WritebackTmp:          0 kB
Node 0 KReclaimable:      21104 kB
Node 0 Slab:              61800 kB
Node 0 SReclaimable:      21104 kB
Node 0 SUnreclaim:        40696 kB
Node 0 AnonHugePages:         0 kB
Node 0 ShmemHugePages:        0 kB
Node 0 ShmemPmdMapped:        0 kB
Node 0 FileHugePages:        0 kB
Node 0 FilePmdMapped:        0 kB
Node 0 HugePages_Total:     0
Node 0 HugePages_Free:      0
Node 0 HugePages_Surp:      0

Node 1 MemTotal:       24686196 kB
Node 1 MemFree:        24437640 kB
Node 1 MemUsed:          248556 kB
Node 1 Active:            63672 kB
Node 1 Inactive:          52588 kB
Node 1 Active(anon):      19160 kB
Node 1 Inactive(anon):      288 kB
Node 1 Active(file):      44512 kB
Node 1 Inactive(file):    52300 kB
Node 1 Unevictable:        5192 kB
Node 1 Mlocked:            5192 kB
Node 1 Dirty:                36 kB
Node 1 Writeback:             0 kB
Node 1 FilePages:        102600 kB
Node 1 Mapped:            24780 kB
Node 1 AnonPages:         19288 kB
Node 1 Shmem:               452 kB
Node 1 KernelStack:        1352 kB
Node 1 PageTables:          504 kB
Node 1 NFS_Unstable:          0 kB
Node 1 Bounce:                0 kB
Node 1 WritebackTmp:          0 kB
Node 1 KReclaimable:      20096 kB
Node 1 Slab:              44516 kB
Node 1 SReclaimable:      20096 kB
Node 1 SUnreclaim:        24420 kB
Node 1 AnonHugePages:         0 kB
Node 1 ShmemHugePages:        0 kB
Node 1 ShmemPmdMapped:        0 kB
Node 1 FileHugePages:        0 kB
Node 1 FilePmdMapped:        0 kB
Node 1 HugePages_Total:     0
Node 1 HugePages_Free:      0
Node 1 HugePages_Surp:      0

Load ZFS
Node 0 MemTotal:       24743736 kB
Node 0 MemFree:        24234916 kB
Node 0 MemUsed:          508820 kB
Node 0 Active:            52968 kB
Node 0 Inactive:         155372 kB
Node 0 Active(anon):      26532 kB
Node 0 Inactive(anon):      528 kB
Node 0 Active(file):      26436 kB
Node 0 Inactive(file):   154844 kB
Node 0 Unevictable:       13548 kB
Node 0 Mlocked:           13548 kB
Node 0 Dirty:               256 kB
Node 0 Writeback:             0 kB
Node 0 FilePages:        184948 kB
Node 0 Mapped:            15816 kB
Node 0 AnonPages:         36876 kB
Node 0 Shmem:               664 kB
Node 0 KernelStack:        2648 kB
Node 0 PageTables:         1440 kB
Node 0 NFS_Unstable:          0 kB
Node 0 Bounce:                0 kB
Node 0 WritebackTmp:          0 kB
Node 0 KReclaimable:      22244 kB
Node 0 Slab:              65640 kB
Node 0 SReclaimable:      22244 kB
Node 0 SUnreclaim:        43396 kB
Node 0 AnonHugePages:         0 kB
Node 0 ShmemHugePages:        0 kB
Node 0 ShmemPmdMapped:        0 kB
Node 0 FileHugePages:        0 kB
Node 0 FilePmdMapped:        0 kB
Node 0 HugePages_Total:     0
Node 0 HugePages_Free:      0
Node 0 HugePages_Surp:      0

Node 1 MemTotal:       24686196 kB
Node 1 MemFree:        24406016 kB
Node 1 MemUsed:          280180 kB
Node 1 Active:            73996 kB
Node 1 Inactive:          66384 kB
Node 1 Active(anon):      28104 kB
Node 1 Inactive(anon):      416 kB
Node 1 Active(file):      45892 kB
Node 1 Inactive(file):    65968 kB
Node 1 Unevictable:        5192 kB
Node 1 Mlocked:            5192 kB
Node 1 Dirty:               128 kB
Node 1 Writeback:             0 kB
Node 1 FilePages:        117652 kB
Node 1 Mapped:            26388 kB
Node 1 AnonPages:         27776 kB
Node 1 Shmem:               604 kB
Node 1 KernelStack:        1588 kB
Node 1 PageTables:         1476 kB
Node 1 NFS_Unstable:          0 kB
Node 1 Bounce:                0 kB
Node 1 WritebackTmp:          0 kB
Node 1 KReclaimable:      20796 kB
Node 1 Slab:              47708 kB
Node 1 SReclaimable:      20796 kB
Node 1 SUnreclaim:        26912 kB
Node 1 AnonHugePages:         0 kB
Node 1 ShmemHugePages:        0 kB
Node 1 ShmemPmdMapped:        0 kB
Node 1 FileHugePages:        0 kB
Node 1 FilePmdMapped:        0 kB
Node 1 HugePages_Total:     0
Node 1 HugePages_Free:      0
Node 1 HugePages_Surp:      0

Import tank ZPool
Node 0 MemTotal:       24743736 kB
Node 0 MemFree:        24234964 kB
Node 0 MemUsed:          508772 kB
Node 0 Active:            52260 kB
Node 0 Inactive:         155376 kB
Node 0 Active(anon):      25824 kB
Node 0 Inactive(anon):      532 kB
Node 0 Active(file):      26436 kB
Node 0 Inactive(file):   154844 kB
Node 0 Unevictable:       13564 kB
Node 0 Mlocked:           13564 kB
Node 0 Dirty:               300 kB
Node 0 Writeback:             0 kB
Node 0 FilePages:        184948 kB
Node 0 Mapped:            15760 kB
Node 0 AnonPages:         36144 kB
Node 0 Shmem:               664 kB
Node 0 KernelStack:        2600 kB
Node 0 PageTables:         1356 kB
Node 0 NFS_Unstable:          0 kB
Node 0 Bounce:                0 kB
Node 0 WritebackTmp:          0 kB
Node 0 KReclaimable:      22244 kB
Node 0 Slab:              67256 kB
Node 0 SReclaimable:      22244 kB
Node 0 SUnreclaim:        45012 kB
Node 0 AnonHugePages:         0 kB
Node 0 ShmemHugePages:        0 kB
Node 0 ShmemPmdMapped:        0 kB
Node 0 FileHugePages:        0 kB
Node 0 FilePmdMapped:        0 kB
Node 0 HugePages_Total:     0
Node 0 HugePages_Free:      0
Node 0 HugePages_Surp:      0

Node 1 MemTotal:       24686196 kB
Node 1 MemFree:        24389372 kB
Node 1 MemUsed:          296824 kB
Node 1 Active:            74244 kB
Node 1 Inactive:          67524 kB
Node 1 Active(anon):      28028 kB
Node 1 Inactive(anon):      416 kB
Node 1 Active(file):      46216 kB
Node 1 Inactive(file):    67108 kB
Node 1 Unevictable:        5192 kB
Node 1 Mlocked:            5192 kB
Node 1 Dirty:               144 kB
Node 1 Writeback:             0 kB
Node 1 FilePages:        119136 kB
Node 1 Mapped:            26396 kB
Node 1 AnonPages:         28076 kB
Node 1 Shmem:               604 kB
Node 1 KernelStack:        2616 kB
Node 1 PageTables:         1112 kB
Node 1 NFS_Unstable:          0 kB
Node 1 Bounce:                0 kB
Node 1 WritebackTmp:          0 kB
Node 1 KReclaimable:      20916 kB
Node 1 Slab:              52820 kB
Node 1 SReclaimable:      20916 kB
Node 1 SUnreclaim:        31904 kB
Node 1 AnonHugePages:         0 kB
Node 1 ShmemHugePages:        0 kB
Node 1 ShmemPmdMapped:        0 kB
Node 1 FileHugePages:        0 kB
Node 1 FilePmdMapped:        0 kB
Node 1 HugePages_Total:     0
Node 1 HugePages_Free:      0
Node 1 HugePages_Surp:      0

After Test
Node 0 MemTotal:       24743736 kB
Node 0 MemFree:        23592092 kB
Node 0 MemUsed:         1151644 kB
Node 0 Active:            41904 kB
Node 0 Inactive:         154940 kB
Node 0 Active(anon):      14876 kB
Node 0 Inactive(anon):      528 kB
Node 0 Active(file):      27028 kB
Node 0 Inactive(file):   154412 kB
Node 0 Unevictable:       13564 kB
Node 0 Mlocked:           13564 kB
Node 0 Dirty:                24 kB
Node 0 Writeback:             0 kB
Node 0 FilePages:        185108 kB
Node 0 Mapped:            13432 kB
Node 0 AnonPages:         25300 kB
Node 0 Shmem:               664 kB
Node 0 KernelStack:        2216 kB
Node 0 PageTables:          480 kB
Node 0 NFS_Unstable:          0 kB
Node 0 Bounce:                0 kB
Node 0 WritebackTmp:          0 kB
Node 0 KReclaimable:      22308 kB
Node 0 Slab:              69664 kB
Node 0 SReclaimable:      22308 kB
Node 0 SUnreclaim:        47356 kB
Node 0 AnonHugePages:         0 kB
Node 0 ShmemHugePages:        0 kB
Node 0 ShmemPmdMapped:        0 kB
Node 0 FileHugePages:        0 kB
Node 0 FilePmdMapped:        0 kB
Node 0 HugePages_Total:     0
Node 0 HugePages_Free:      0
Node 0 HugePages_Surp:      0

Node 1 MemTotal:       24686196 kB
Node 1 MemFree:        22119608 kB
Node 1 MemUsed:         2566588 kB
Node 1 Active:            66264 kB
Node 1 Inactive:          68140 kB
Node 1 Active(anon):      18440 kB
Node 1 Inactive(anon):      436 kB
Node 1 Active(file):      47824 kB
Node 1 Inactive(file):    67704 kB
Node 1 Unevictable:        5192 kB
Node 1 Mlocked:            5192 kB
Node 1 Dirty:                28 kB
Node 1 Writeback:             0 kB
Node 1 FilePages:        121364 kB
Node 1 Mapped:            25044 kB
Node 1 AnonPages:         18144 kB
Node 1 Shmem:               648 kB
Node 1 KernelStack:        2424 kB
Node 1 PageTables:          640 kB
Node 1 NFS_Unstable:          0 kB
Node 1 Bounce:                0 kB
Node 1 WritebackTmp:          0 kB
Node 1 KReclaimable:      22204 kB
Node 1 Slab:              64964 kB
Node 1 SReclaimable:      22204 kB
Node 1 SUnreclaim:        42760 kB
Node 1 AnonHugePages:         0 kB
Node 1 ShmemHugePages:        0 kB
Node 1 ShmemPmdMapped:        0 kB
Node 1 FileHugePages:        0 kB
Node 1 FilePmdMapped:        0 kB
Node 1 HugePages_Total:     0
Node 1 HugePages_Free:      0
Node 1 HugePages_Surp:      0

After Opposite Node
Node 0 MemTotal:       24743736 kB
Node 0 MemFree:        23590936 kB
Node 0 MemUsed:         1152800 kB
Node 0 Active:            42352 kB
Node 0 Inactive:         154980 kB
Node 0 Active(anon):      15296 kB
Node 0 Inactive(anon):      572 kB
Node 0 Active(file):      27056 kB
Node 0 Inactive(file):   154408 kB
Node 0 Unevictable:       13564 kB
Node 0 Mlocked:           13564 kB
Node 0 Dirty:                76 kB
Node 0 Writeback:             0 kB
Node 0 FilePages:        185176 kB
Node 0 Mapped:            13476 kB
Node 0 AnonPages:         25592 kB
Node 0 Shmem:               708 kB
Node 0 KernelStack:        2248 kB
Node 0 PageTables:          656 kB
Node 0 NFS_Unstable:          0 kB
Node 0 Bounce:                0 kB
Node 0 WritebackTmp:          0 kB
Node 0 KReclaimable:      22392 kB
Node 0 Slab:              69604 kB
Node 0 SReclaimable:      22392 kB
Node 0 SUnreclaim:        47212 kB
Node 0 AnonHugePages:         0 kB
Node 0 ShmemHugePages:        0 kB
Node 0 ShmemPmdMapped:        0 kB
Node 0 FileHugePages:        0 kB
Node 0 FilePmdMapped:        0 kB
Node 0 HugePages_Total:     0
Node 0 HugePages_Free:      0
Node 0 HugePages_Surp:      0

Node 1 MemTotal:       24686196 kB
Node 1 MemFree:        22122428 kB
Node 1 MemUsed:         2563768 kB
Node 1 Active:            66264 kB
Node 1 Inactive:          67944 kB
Node 1 Active(anon):      18260 kB
Node 1 Inactive(anon):      412 kB
Node 1 Active(file):      48004 kB
Node 1 Inactive(file):    67532 kB
Node 1 Unevictable:        5192 kB
Node 1 Mlocked:            5192 kB
Node 1 Dirty:                64 kB
Node 1 Writeback:             0 kB
Node 1 FilePages:        121328 kB
Node 1 Mapped:            25008 kB
Node 1 AnonPages:         18068 kB
Node 1 Shmem:               604 kB
Node 1 KernelStack:        2408 kB
Node 1 PageTables:          524 kB
Node 1 NFS_Unstable:          0 kB
Node 1 Bounce:                0 kB
Node 1 WritebackTmp:          0 kB
Node 1 KReclaimable:      22204 kB
Node 1 Slab:              64964 kB
Node 1 SReclaimable:      22204 kB
Node 1 SUnreclaim:        42760 kB
Node 1 AnonHugePages:         0 kB
Node 1 ShmemHugePages:        0 kB
Node 1 ShmemPmdMapped:        0 kB
Node 1 FileHugePages:        0 kB
Node 1 FilePmdMapped:        0 kB
Node 1 HugePages_Total:     0
Node 1 HugePages_Free:      0
Node 1 HugePages_Surp:      0

B.1.bigfio.2G.2.O Complete!
