B.1.smallfio.4G.1.O
Begin
Node 0 MemTotal:       24743736 kB
Node 0 MemFree:        24291352 kB
Node 0 MemUsed:          452384 kB
Node 0 Active:            72388 kB
Node 0 Inactive:          87084 kB
Node 0 Active(anon):      23816 kB
Node 0 Inactive(anon):      496 kB
Node 0 Active(file):      48572 kB
Node 0 Inactive(file):    86588 kB
Node 0 Unevictable:       18116 kB
Node 0 Mlocked:           18116 kB
Node 0 Dirty:               416 kB
Node 0 Writeback:             0 kB
Node 0 FilePages:        143636 kB
Node 0 Mapped:            77700 kB
Node 0 AnonPages:         33992 kB
Node 0 Shmem:               680 kB
Node 0 KernelStack:        2152 kB
Node 0 PageTables:          812 kB
Node 0 NFS_Unstable:          0 kB
Node 0 Bounce:                0 kB
Node 0 WritebackTmp:          0 kB
Node 0 KReclaimable:      25144 kB
Node 0 Slab:              55348 kB
Node 0 SReclaimable:      25144 kB
Node 0 SUnreclaim:        30204 kB
Node 0 AnonHugePages:         0 kB
Node 0 ShmemHugePages:        0 kB
Node 0 ShmemPmdMapped:        0 kB
Node 0 FileHugePages:        0 kB
Node 0 FilePmdMapped:        0 kB
Node 0 HugePages_Total:     0
Node 0 HugePages_Free:      0
Node 0 HugePages_Surp:      0

Node 1 MemTotal:       24686196 kB
Node 1 MemFree:        24475176 kB
Node 1 MemUsed:          211020 kB
Node 1 Active:            24880 kB
Node 1 Inactive:          53644 kB
Node 1 Active(anon):       9928 kB
Node 1 Inactive(anon):      392 kB
Node 1 Active(file):      14952 kB
Node 1 Inactive(file):    53252 kB
Node 1 Unevictable:         408 kB
Node 1 Mlocked:             408 kB
Node 1 Dirty:               120 kB
Node 1 Writeback:             0 kB
Node 1 FilePages:         69200 kB
Node 1 Mapped:             9236 kB
Node 1 AnonPages:          9836 kB
Node 1 Shmem:               588 kB
Node 1 KernelStack:        1464 kB
Node 1 PageTables:          448 kB
Node 1 NFS_Unstable:          0 kB
Node 1 Bounce:                0 kB
Node 1 WritebackTmp:          0 kB
Node 1 KReclaimable:      16424 kB
Node 1 Slab:              49768 kB
Node 1 SReclaimable:      16424 kB
Node 1 SUnreclaim:        33344 kB
Node 1 AnonHugePages:         0 kB
Node 1 ShmemHugePages:        0 kB
Node 1 ShmemPmdMapped:        0 kB
Node 1 FileHugePages:        0 kB
Node 1 FilePmdMapped:        0 kB
Node 1 HugePages_Total:     0
Node 1 HugePages_Free:      0
Node 1 HugePages_Surp:      0

Load ZFS
Node 0 MemTotal:       24743736 kB
Node 0 MemFree:        24373968 kB
Node 0 MemUsed:          369768 kB
Node 0 Active:            87660 kB
Node 0 Inactive:         118848 kB
Node 0 Active(anon):      38144 kB
Node 0 Inactive(anon):      524 kB
Node 0 Active(file):      49516 kB
Node 0 Inactive(file):   118324 kB
Node 0 Unevictable:       18332 kB
Node 0 Mlocked:           18332 kB
Node 0 Dirty:               568 kB
Node 0 Writeback:             0 kB
Node 0 FilePages:        176320 kB
Node 0 Mapped:            80560 kB
Node 0 AnonPages:         47928 kB
Node 0 Shmem:               696 kB
Node 0 KernelStack:        2420 kB
Node 0 PageTables:         1516 kB
Node 0 NFS_Unstable:          0 kB
Node 0 Bounce:                0 kB
Node 0 WritebackTmp:          0 kB
Node 0 KReclaimable:      25884 kB
Node 0 Slab:              57900 kB
Node 0 SReclaimable:      25884 kB
Node 0 SUnreclaim:        32016 kB
Node 0 AnonHugePages:         0 kB
Node 0 ShmemHugePages:        0 kB
Node 0 ShmemPmdMapped:        0 kB
Node 0 FileHugePages:        0 kB
Node 0 FilePmdMapped:        0 kB
Node 0 HugePages_Total:     0
Node 0 HugePages_Free:      0
Node 0 HugePages_Surp:      0

Node 1 MemTotal:       24686196 kB
Node 1 MemFree:        24245924 kB
Node 1 MemUsed:          440272 kB
Node 1 Active:            39220 kB
Node 1 Inactive:         125512 kB
Node 1 Active(anon):      22864 kB
Node 1 Inactive(anon):      424 kB
Node 1 Active(file):      16356 kB
Node 1 Inactive(file):   125088 kB
Node 1 Unevictable:         408 kB
Node 1 Mlocked:             408 kB
Node 1 Dirty:               124 kB
Node 1 Writeback:             0 kB
Node 1 FilePages:        142424 kB
Node 1 Mapped:            10556 kB
Node 1 AnonPages:         22536 kB
Node 1 Shmem:               572 kB
Node 1 KernelStack:        1908 kB
Node 1 PageTables:         1800 kB
Node 1 NFS_Unstable:          0 kB
Node 1 Bounce:                0 kB
Node 1 WritebackTmp:          0 kB
Node 1 KReclaimable:      17452 kB
Node 1 Slab:              54064 kB
Node 1 SReclaimable:      17452 kB
Node 1 SUnreclaim:        36612 kB
Node 1 AnonHugePages:         0 kB
Node 1 ShmemHugePages:        0 kB
Node 1 ShmemPmdMapped:        0 kB
Node 1 FileHugePages:        0 kB
Node 1 FilePmdMapped:        0 kB
Node 1 HugePages_Total:     0
Node 1 HugePages_Free:      0
Node 1 HugePages_Surp:      0

Import tank ZPool
Node 0 MemTotal:       24743736 kB
Node 0 MemFree:        24356944 kB
Node 0 MemUsed:          386792 kB
Node 0 Active:            88208 kB
Node 0 Inactive:         120032 kB
Node 0 Active(anon):      38352 kB
Node 0 Inactive(anon):      528 kB
Node 0 Active(file):      49856 kB
Node 0 Inactive(file):   119504 kB
Node 0 Unevictable:       18348 kB
Node 0 Mlocked:           18348 kB
Node 0 Dirty:               632 kB
Node 0 Writeback:             0 kB
Node 0 FilePages:        177844 kB
Node 0 Mapped:            80684 kB
Node 0 AnonPages:         48100 kB
Node 0 Shmem:               696 kB
Node 0 KernelStack:        3480 kB
Node 0 PageTables:         1620 kB
Node 0 NFS_Unstable:          0 kB
Node 0 Bounce:                0 kB
Node 0 WritebackTmp:          0 kB
Node 0 KReclaimable:      26012 kB
Node 0 Slab:              64692 kB
Node 0 SReclaimable:      26012 kB
Node 0 SUnreclaim:        38680 kB
Node 0 AnonHugePages:         0 kB
Node 0 ShmemHugePages:        0 kB
Node 0 ShmemPmdMapped:        0 kB
Node 0 FileHugePages:        0 kB
Node 0 FilePmdMapped:        0 kB
Node 0 HugePages_Total:     0
Node 0 HugePages_Free:      0
Node 0 HugePages_Surp:      0

Node 1 MemTotal:       24686196 kB
Node 1 MemFree:        24247392 kB
Node 1 MemUsed:          438804 kB
Node 1 Active:            38628 kB
Node 1 Inactive:         125512 kB
Node 1 Active(anon):      22272 kB
Node 1 Inactive(anon):      424 kB
Node 1 Active(file):      16356 kB
Node 1 Inactive(file):   125088 kB
Node 1 Unevictable:         408 kB
Node 1 Mlocked:             408 kB
Node 1 Dirty:               128 kB
Node 1 Writeback:             0 kB
Node 1 FilePages:        142444 kB
Node 1 Mapped:            10520 kB
Node 1 AnonPages:         22124 kB
Node 1 Shmem:               572 kB
Node 1 KernelStack:        1752 kB
Node 1 PageTables:         1268 kB
Node 1 NFS_Unstable:          0 kB
Node 1 Bounce:                0 kB
Node 1 WritebackTmp:          0 kB
Node 1 KReclaimable:      17456 kB
Node 1 Slab:              54036 kB
Node 1 SReclaimable:      17456 kB
Node 1 SUnreclaim:        36580 kB
Node 1 AnonHugePages:         0 kB
Node 1 ShmemHugePages:        0 kB
Node 1 ShmemPmdMapped:        0 kB
Node 1 FileHugePages:        0 kB
Node 1 FilePmdMapped:        0 kB
Node 1 HugePages_Total:     0
Node 1 HugePages_Free:      0
Node 1 HugePages_Surp:      0

After Test
Node 0 MemTotal:       24743736 kB
Node 0 MemFree:        23582476 kB
Node 0 MemUsed:         1161260 kB
Node 0 Active:            74944 kB
Node 0 Inactive:         119380 kB
Node 0 Active(anon):      24276 kB
Node 0 Inactive(anon):      524 kB
Node 0 Active(file):      50668 kB
Node 0 Inactive(file):   118856 kB
Node 0 Unevictable:       18348 kB
Node 0 Mlocked:           18348 kB
Node 0 Dirty:                32 kB
Node 0 Writeback:             0 kB
Node 0 FilePages:        178004 kB
Node 0 Mapped:            78160 kB
Node 0 AnonPages:         34664 kB
Node 0 Shmem:               696 kB
Node 0 KernelStack:        3160 kB
Node 0 PageTables:          816 kB
Node 0 NFS_Unstable:          0 kB
Node 0 Bounce:                0 kB
Node 0 WritebackTmp:          0 kB
Node 0 KReclaimable:      26000 kB
Node 0 Slab:              67512 kB
Node 0 SReclaimable:      26000 kB
Node 0 SUnreclaim:        41512 kB
Node 0 AnonHugePages:         0 kB
Node 0 ShmemHugePages:        0 kB
Node 0 ShmemPmdMapped:        0 kB
Node 0 FileHugePages:        0 kB
Node 0 FilePmdMapped:        0 kB
Node 0 HugePages_Total:     0
Node 0 HugePages_Free:      0
Node 0 HugePages_Surp:      0

Node 1 MemTotal:       24686196 kB
Node 1 MemFree:        20013296 kB
Node 1 MemUsed:         4672900 kB
Node 1 Active:            26720 kB
Node 1 Inactive:         126512 kB
Node 1 Active(anon):       9028 kB
Node 1 Inactive(anon):      464 kB
Node 1 Active(file):      17692 kB
Node 1 Inactive(file):   126048 kB
Node 1 Unevictable:         408 kB
Node 1 Mlocked:             408 kB
Node 1 Dirty:                24 kB
Node 1 Writeback:             0 kB
Node 1 FilePages:        144776 kB
Node 1 Mapped:             9508 kB
Node 1 AnonPages:          8784 kB
Node 1 Shmem:               616 kB
Node 1 KernelStack:        1496 kB
Node 1 PageTables:          548 kB
Node 1 NFS_Unstable:          0 kB
Node 1 Bounce:                0 kB
Node 1 WritebackTmp:          0 kB
Node 1 KReclaimable:      18940 kB
Node 1 Slab:              73376 kB
Node 1 SReclaimable:      18940 kB
Node 1 SUnreclaim:        54436 kB
Node 1 AnonHugePages:         0 kB
Node 1 ShmemHugePages:        0 kB
Node 1 ShmemPmdMapped:        0 kB
Node 1 FileHugePages:        0 kB
Node 1 FilePmdMapped:        0 kB
Node 1 HugePages_Total:     0
Node 1 HugePages_Free:      0
Node 1 HugePages_Surp:      0

After Opposite Node
Node 0 MemTotal:       24743736 kB
Node 0 MemFree:        23582604 kB
Node 0 MemUsed:         1161132 kB
Node 0 Active:            75236 kB
Node 0 Inactive:         119420 kB
Node 0 Active(anon):      24540 kB
Node 0 Inactive(anon):      568 kB
Node 0 Active(file):      50696 kB
Node 0 Inactive(file):   118852 kB
Node 0 Unevictable:       18348 kB
Node 0 Mlocked:           18348 kB
Node 0 Dirty:                68 kB
Node 0 Writeback:             0 kB
Node 0 FilePages:        178072 kB
Node 0 Mapped:            78208 kB
Node 0 AnonPages:         34796 kB
Node 0 Shmem:               740 kB
Node 0 KernelStack:        3208 kB
Node 0 PageTables:          992 kB
Node 0 NFS_Unstable:          0 kB
Node 0 Bounce:                0 kB
Node 0 WritebackTmp:          0 kB
Node 0 KReclaimable:      26104 kB
Node 0 Slab:              67872 kB
Node 0 SReclaimable:      26104 kB
Node 0 SUnreclaim:        41768 kB
Node 0 AnonHugePages:         0 kB
Node 0 ShmemHugePages:        0 kB
Node 0 ShmemPmdMapped:        0 kB
Node 0 FileHugePages:        0 kB
Node 0 FilePmdMapped:        0 kB
Node 0 HugePages_Total:     0
Node 0 HugePages_Free:      0
Node 0 HugePages_Surp:      0

Node 1 MemTotal:       24686196 kB
Node 1 MemFree:        20016144 kB
Node 1 MemUsed:         4670052 kB
Node 1 Active:            26692 kB
Node 1 Inactive:         126320 kB
Node 1 Active(anon):       8804 kB
Node 1 Inactive(anon):      420 kB
Node 1 Active(file):      17888 kB
Node 1 Inactive(file):   125900 kB
Node 1 Unevictable:         408 kB
Node 1 Mlocked:             408 kB
Node 1 Dirty:                16 kB
Node 1 Writeback:             0 kB
Node 1 FilePages:        144784 kB
Node 1 Mapped:             9480 kB
Node 1 AnonPages:          8652 kB
Node 1 Shmem:               572 kB
Node 1 KernelStack:        1448 kB
Node 1 PageTables:          376 kB
Node 1 NFS_Unstable:          0 kB
Node 1 Bounce:                0 kB
Node 1 WritebackTmp:          0 kB
Node 1 KReclaimable:      18980 kB
Node 1 Slab:              73640 kB
Node 1 SReclaimable:      18980 kB
Node 1 SUnreclaim:        54660 kB
Node 1 AnonHugePages:         0 kB
Node 1 ShmemHugePages:        0 kB
Node 1 ShmemPmdMapped:        0 kB
Node 1 FileHugePages:        0 kB
Node 1 FilePmdMapped:        0 kB
Node 1 HugePages_Total:     0
Node 1 HugePages_Free:      0
Node 1 HugePages_Surp:      0

B.1.smallfio.4G.1.O Complete!
