B.1.bigfio.8G.1.O
Begin
Node 0 MemTotal:       24743736 kB
Node 0 MemFree:        24336784 kB
Node 0 MemUsed:          406952 kB
Node 0 Active:            59736 kB
Node 0 Inactive:          66492 kB
Node 0 Active(anon):      17256 kB
Node 0 Inactive(anon):      420 kB
Node 0 Active(file):      42480 kB
Node 0 Inactive(file):    66072 kB
Node 0 Unevictable:        1452 kB
Node 0 Mlocked:            1452 kB
Node 0 Dirty:               212 kB
Node 0 Writeback:             0 kB
Node 0 FilePages:        110592 kB
Node 0 Mapped:            26416 kB
Node 0 AnonPages:         17148 kB
Node 0 Shmem:               576 kB
Node 0 KernelStack:        1992 kB
Node 0 PageTables:          540 kB
Node 0 NFS_Unstable:          0 kB
Node 0 Bounce:                0 kB
Node 0 WritebackTmp:          0 kB
Node 0 KReclaimable:      23828 kB
Node 0 Slab:              59652 kB
Node 0 SReclaimable:      23828 kB
Node 0 SUnreclaim:        35824 kB
Node 0 AnonHugePages:         0 kB
Node 0 ShmemHugePages:        0 kB
Node 0 ShmemPmdMapped:        0 kB
Node 0 FileHugePages:        0 kB
Node 0 FilePmdMapped:        0 kB
Node 0 HugePages_Total:     0
Node 0 HugePages_Free:      0
Node 0 HugePages_Surp:      0

Node 1 MemTotal:       24686196 kB
Node 1 MemFree:        24463712 kB
Node 1 MemUsed:          222484 kB
Node 1 Active:            35548 kB
Node 1 Inactive:          40384 kB
Node 1 Active(anon):      16372 kB
Node 1 Inactive(anon):      456 kB
Node 1 Active(file):      19176 kB
Node 1 Inactive(file):    39928 kB
Node 1 Unevictable:       17072 kB
Node 1 Mlocked:           17072 kB
Node 1 Dirty:               320 kB
Node 1 Writeback:             0 kB
Node 1 FilePages:         66692 kB
Node 1 Mapped:            32904 kB
Node 1 AnonPages:         26560 kB
Node 1 Shmem:               692 kB
Node 1 KernelStack:        1640 kB
Node 1 PageTables:          588 kB
Node 1 NFS_Unstable:          0 kB
Node 1 Bounce:                0 kB
Node 1 WritebackTmp:          0 kB
Node 1 KReclaimable:      18032 kB
Node 1 Slab:              47732 kB
Node 1 SReclaimable:      18032 kB
Node 1 SUnreclaim:        29700 kB
Node 1 AnonHugePages:         0 kB
Node 1 ShmemHugePages:        0 kB
Node 1 ShmemPmdMapped:        0 kB
Node 1 FileHugePages:        0 kB
Node 1 FilePmdMapped:        0 kB
Node 1 HugePages_Total:     0
Node 1 HugePages_Free:      0
Node 1 HugePages_Surp:      0

Load ZFS
Node 0 MemTotal:       24743736 kB
Node 0 MemFree:        24236088 kB
Node 0 MemUsed:          507648 kB
Node 0 Active:            72288 kB
Node 0 Inactive:         149744 kB
Node 0 Active(anon):      28528 kB
Node 0 Inactive(anon):      444 kB
Node 0 Active(file):      43760 kB
Node 0 Inactive(file):   149300 kB
Node 0 Unevictable:        1452 kB
Node 0 Mlocked:            1452 kB
Node 0 Dirty:               396 kB
Node 0 Writeback:             0 kB
Node 0 FilePages:        195108 kB
Node 0 Mapped:            28956 kB
Node 0 AnonPages:         28084 kB
Node 0 Shmem:               600 kB
Node 0 KernelStack:        2248 kB
Node 0 PageTables:         1116 kB
Node 0 NFS_Unstable:          0 kB
Node 0 Bounce:                0 kB
Node 0 WritebackTmp:          0 kB
Node 0 KReclaimable:      24788 kB
Node 0 Slab:              63528 kB
Node 0 SReclaimable:      24788 kB
Node 0 SUnreclaim:        38740 kB
Node 0 AnonHugePages:         0 kB
Node 0 ShmemHugePages:        0 kB
Node 0 ShmemPmdMapped:        0 kB
Node 0 FileHugePages:        0 kB
Node 0 FilePmdMapped:        0 kB
Node 0 HugePages_Total:     0
Node 0 HugePages_Free:      0
Node 0 HugePages_Surp:      0

Node 1 MemTotal:       24686196 kB
Node 1 MemFree:        24421272 kB
Node 1 MemUsed:          264924 kB
Node 1 Active:            50236 kB
Node 1 Inactive:          60496 kB
Node 1 Active(anon):      29692 kB
Node 1 Inactive(anon):      504 kB
Node 1 Active(file):      20544 kB
Node 1 Inactive(file):    59992 kB
Node 1 Unevictable:       17288 kB
Node 1 Mlocked:           17288 kB
Node 1 Dirty:               240 kB
Node 1 Writeback:             0 kB
Node 1 FilePages:         87948 kB
Node 1 Mapped:            34480 kB
Node 1 AnonPages:         40228 kB
Node 1 Shmem:               668 kB
Node 1 KernelStack:        1788 kB
Node 1 PageTables:          880 kB
Node 1 NFS_Unstable:          0 kB
Node 1 Bounce:                0 kB
Node 1 WritebackTmp:          0 kB
Node 1 KReclaimable:      18864 kB
Node 1 Slab:              51168 kB
Node 1 SReclaimable:      18864 kB
Node 1 SUnreclaim:        32304 kB
Node 1 AnonHugePages:         0 kB
Node 1 ShmemHugePages:        0 kB
Node 1 ShmemPmdMapped:        0 kB
Node 1 FileHugePages:        0 kB
Node 1 FilePmdMapped:        0 kB
Node 1 HugePages_Total:     0
Node 1 HugePages_Free:      0
Node 1 HugePages_Surp:      0

Import tank ZPool
Node 0 MemTotal:       24743736 kB
Node 0 MemFree:        24228952 kB
Node 0 MemUsed:          514784 kB
Node 0 Active:            62744 kB
Node 0 Inactive:         150608 kB
Node 0 Active(anon):      18308 kB
Node 0 Inactive(anon):      444 kB
Node 0 Active(file):      44436 kB
Node 0 Inactive(file):   150164 kB
Node 0 Unevictable:        1452 kB
Node 0 Mlocked:            1452 kB
Node 0 Dirty:               312 kB
Node 0 Writeback:             0 kB
Node 0 FilePages:        196648 kB
Node 0 Mapped:            26828 kB
Node 0 AnonPages:         18268 kB
Node 0 Shmem:               596 kB
Node 0 KernelStack:        3128 kB
Node 0 PageTables:          648 kB
Node 0 NFS_Unstable:          0 kB
Node 0 Bounce:                0 kB
Node 0 WritebackTmp:          0 kB
Node 0 KReclaimable:      24908 kB
Node 0 Slab:              69584 kB
Node 0 SReclaimable:      24908 kB
Node 0 SUnreclaim:        44676 kB
Node 0 AnonHugePages:         0 kB
Node 0 ShmemHugePages:        0 kB
Node 0 ShmemPmdMapped:        0 kB
Node 0 FileHugePages:        0 kB
Node 0 FilePmdMapped:        0 kB
Node 0 HugePages_Total:     0
Node 0 HugePages_Free:      0
Node 0 HugePages_Surp:      0

Node 1 MemTotal:       24686196 kB
Node 1 MemFree:        24436216 kB
Node 1 MemUsed:          249980 kB
Node 1 Active:            36160 kB
Node 1 Inactive:          60340 kB
Node 1 Active(anon):      15456 kB
Node 1 Inactive(anon):      508 kB
Node 1 Active(file):      20704 kB
Node 1 Inactive(file):    59832 kB
Node 1 Unevictable:       17304 kB
Node 1 Mlocked:           17304 kB
Node 1 Dirty:               276 kB
Node 1 Writeback:             0 kB
Node 1 FilePages:         87952 kB
Node 1 Mapped:            33208 kB
Node 1 AnonPages:         25852 kB
Node 1 Shmem:               672 kB
Node 1 KernelStack:        1592 kB
Node 1 PageTables:          532 kB
Node 1 NFS_Unstable:          0 kB
Node 1 Bounce:                0 kB
Node 1 WritebackTmp:          0 kB
Node 1 KReclaimable:      18864 kB
Node 1 Slab:              51052 kB
Node 1 SReclaimable:      18864 kB
Node 1 SUnreclaim:        32188 kB
Node 1 AnonHugePages:         0 kB
Node 1 ShmemHugePages:        0 kB
Node 1 ShmemPmdMapped:        0 kB
Node 1 FileHugePages:        0 kB
Node 1 FilePmdMapped:        0 kB
Node 1 HugePages_Total:     0
Node 1 HugePages_Free:      0
Node 1 HugePages_Surp:      0

After Test
Node 0 MemTotal:       24743736 kB
Node 0 MemFree:        23770356 kB
Node 0 MemUsed:          973380 kB
Node 0 Active:            62880 kB
Node 0 Inactive:         150376 kB
Node 0 Active(anon):      17948 kB
Node 0 Inactive(anon):      444 kB
Node 0 Active(file):      44932 kB
Node 0 Inactive(file):   149932 kB
Node 0 Unevictable:        1452 kB
Node 0 Mlocked:            1452 kB
Node 0 Dirty:                 0 kB
Node 0 Writeback:             0 kB
Node 0 FilePages:        196908 kB
Node 0 Mapped:            26480 kB
Node 0 AnonPages:         17796 kB
Node 0 Shmem:               596 kB
Node 0 KernelStack:        3016 kB
Node 0 PageTables:          540 kB
Node 0 NFS_Unstable:          0 kB
Node 0 Bounce:                0 kB
Node 0 WritebackTmp:          0 kB
Node 0 KReclaimable:      24936 kB
Node 0 Slab:              70888 kB
Node 0 SReclaimable:      24936 kB
Node 0 SUnreclaim:        45952 kB
Node 0 AnonHugePages:         0 kB
Node 0 ShmemHugePages:        0 kB
Node 0 ShmemPmdMapped:        0 kB
Node 0 FileHugePages:        0 kB
Node 0 FilePmdMapped:        0 kB
Node 0 HugePages_Total:     0
Node 0 HugePages_Free:      0
Node 0 HugePages_Surp:      0

Node 1 MemTotal:       24686196 kB
Node 1 MemFree:        15644556 kB
Node 1 MemUsed:         9041640 kB
Node 1 Active:            36976 kB
Node 1 Inactive:          61548 kB
Node 1 Active(anon):      15392 kB
Node 1 Inactive(anon):      524 kB
Node 1 Active(file):      21584 kB
Node 1 Inactive(file):    61024 kB
Node 1 Unevictable:       17304 kB
Node 1 Mlocked:           17304 kB
Node 1 Dirty:                 8 kB
Node 1 Writeback:             0 kB
Node 1 FilePages:         90068 kB
Node 1 Mapped:            33292 kB
Node 1 AnonPages:         25684 kB
Node 1 Shmem:               716 kB
Node 1 KernelStack:        1608 kB
Node 1 PageTables:          644 kB
Node 1 NFS_Unstable:          0 kB
Node 1 Bounce:                0 kB
Node 1 WritebackTmp:          0 kB
Node 1 KReclaimable:      20416 kB
Node 1 Slab:              85612 kB
Node 1 SReclaimable:      20416 kB
Node 1 SUnreclaim:        65196 kB
Node 1 AnonHugePages:         0 kB
Node 1 ShmemHugePages:        0 kB
Node 1 ShmemPmdMapped:        0 kB
Node 1 FileHugePages:        0 kB
Node 1 FilePmdMapped:        0 kB
Node 1 HugePages_Total:     0
Node 1 HugePages_Free:      0
Node 1 HugePages_Surp:      0

After Opposite Node
Node 0 MemTotal:       24743736 kB
Node 0 MemFree:        23766160 kB
Node 0 MemUsed:          977576 kB
Node 0 Active:            63336 kB
Node 0 Inactive:         150416 kB
Node 0 Active(anon):      18368 kB
Node 0 Inactive(anon):      488 kB
Node 0 Active(file):      44968 kB
Node 0 Inactive(file):   149928 kB
Node 0 Unevictable:        1452 kB
Node 0 Mlocked:            1452 kB
Node 0 Dirty:               124 kB
Node 0 Writeback:             0 kB
Node 0 FilePages:        196984 kB
Node 0 Mapped:            26524 kB
Node 0 AnonPages:         18092 kB
Node 0 Shmem:               640 kB
Node 0 KernelStack:        3048 kB
Node 0 PageTables:          720 kB
Node 0 NFS_Unstable:          0 kB
Node 0 Bounce:                0 kB
Node 0 WritebackTmp:          0 kB
Node 0 KReclaimable:      24984 kB
Node 0 Slab:              71592 kB
Node 0 SReclaimable:      24984 kB
Node 0 SUnreclaim:        46608 kB
Node 0 AnonHugePages:         0 kB
Node 0 ShmemHugePages:        0 kB
Node 0 ShmemPmdMapped:        0 kB
Node 0 FileHugePages:        0 kB
Node 0 FilePmdMapped:        0 kB
Node 0 HugePages_Total:     0
Node 0 HugePages_Free:      0
Node 0 HugePages_Surp:      0

Node 1 MemTotal:       24686196 kB
Node 1 MemFree:        15649140 kB
Node 1 MemUsed:         9037056 kB
Node 1 Active:            37032 kB
Node 1 Inactive:          61320 kB
Node 1 Active(anon):      15236 kB
Node 1 Inactive(anon):      500 kB
Node 1 Active(file):      21796 kB
Node 1 Inactive(file):    60820 kB
Node 1 Unevictable:       17304 kB
Node 1 Mlocked:           17304 kB
Node 1 Dirty:                64 kB
Node 1 Writeback:             0 kB
Node 1 FilePages:         90032 kB
Node 1 Mapped:            33232 kB
Node 1 AnonPages:         25624 kB
Node 1 Shmem:               672 kB
Node 1 KernelStack:        1608 kB
Node 1 PageTables:          532 kB
Node 1 NFS_Unstable:          0 kB
Node 1 Bounce:                0 kB
Node 1 WritebackTmp:          0 kB
Node 1 KReclaimable:      20416 kB
Node 1 Slab:              85412 kB
Node 1 SReclaimable:      20416 kB
Node 1 SUnreclaim:        64996 kB
Node 1 AnonHugePages:         0 kB
Node 1 ShmemHugePages:        0 kB
Node 1 ShmemPmdMapped:        0 kB
Node 1 FileHugePages:        0 kB
Node 1 FilePmdMapped:        0 kB
Node 1 HugePages_Total:     0
Node 1 HugePages_Free:      0
Node 1 HugePages_Surp:      0

B.1.bigfio.8G.1.O Complete!
