B.1.smallfio.2-1G.3.O
Begin
Node 0 MemTotal:       24743736 kB
Node 0 MemFree:        24466864 kB
Node 0 MemUsed:          276872 kB
Node 0 Active:            33564 kB
Node 0 Inactive:          84100 kB
Node 0 Active(anon):      14488 kB
Node 0 Inactive(anon):      352 kB
Node 0 Active(file):      19076 kB
Node 0 Inactive(file):    83748 kB
Node 0 Unevictable:       13672 kB
Node 0 Mlocked:           13672 kB
Node 0 Dirty:               272 kB
Node 0 Writeback:             0 kB
Node 0 FilePages:        106720 kB
Node 0 Mapped:            66644 kB
Node 0 AnonPages:         24676 kB
Node 0 Shmem:               552 kB
Node 0 KernelStack:        2280 kB
Node 0 PageTables:          740 kB
Node 0 NFS_Unstable:          0 kB
Node 0 Bounce:                0 kB
Node 0 WritebackTmp:          0 kB
Node 0 KReclaimable:      19132 kB
Node 0 Slab:              56608 kB
Node 0 SReclaimable:      19132 kB
Node 0 SUnreclaim:        37476 kB
Node 0 AnonHugePages:         0 kB
Node 0 ShmemHugePages:        0 kB
Node 0 ShmemPmdMapped:        0 kB
Node 0 FileHugePages:        0 kB
Node 0 FilePmdMapped:        0 kB
Node 0 HugePages_Total:     0
Node 0 HugePages_Free:      0
Node 0 HugePages_Surp:      0

Node 1 MemTotal:       24686196 kB
Node 1 MemFree:        24297828 kB
Node 1 MemUsed:          388368 kB
Node 1 Active:            62988 kB
Node 1 Inactive:          57088 kB
Node 1 Active(anon):      19860 kB
Node 1 Inactive(anon):      524 kB
Node 1 Active(file):      43128 kB
Node 1 Inactive(file):    56564 kB
Node 1 Unevictable:        4848 kB
Node 1 Mlocked:            4848 kB
Node 1 Dirty:               144 kB
Node 1 Writeback:             0 kB
Node 1 FilePages:        105400 kB
Node 1 Mapped:            19600 kB
Node 1 AnonPages:         19668 kB
Node 1 Shmem:               716 kB
Node 1 KernelStack:        1288 kB
Node 1 PageTables:          424 kB
Node 1 NFS_Unstable:          0 kB
Node 1 Bounce:                0 kB
Node 1 WritebackTmp:          0 kB
Node 1 KReclaimable:      23016 kB
Node 1 Slab:              50108 kB
Node 1 SReclaimable:      23016 kB
Node 1 SUnreclaim:        27092 kB
Node 1 AnonHugePages:         0 kB
Node 1 ShmemHugePages:        0 kB
Node 1 ShmemPmdMapped:        0 kB
Node 1 FileHugePages:        0 kB
Node 1 FilePmdMapped:        0 kB
Node 1 HugePages_Total:     0
Node 1 HugePages_Free:      0
Node 1 HugePages_Surp:      0

Load ZFS
Node 0 MemTotal:       24743736 kB
Node 0 MemFree:        24432928 kB
Node 0 MemUsed:          310808 kB
Node 0 Active:            45492 kB
Node 0 Inactive:         100400 kB
Node 0 Active(anon):      25276 kB
Node 0 Inactive(anon):      500 kB
Node 0 Active(file):      20216 kB
Node 0 Inactive(file):    99900 kB
Node 0 Unevictable:       13888 kB
Node 0 Mlocked:           13888 kB
Node 0 Dirty:               388 kB
Node 0 Writeback:             0 kB
Node 0 FilePages:        124148 kB
Node 0 Mapped:            69184 kB
Node 0 AnonPages:         35216 kB
Node 0 Shmem:               688 kB
Node 0 KernelStack:        2504 kB
Node 0 PageTables:         1000 kB
Node 0 NFS_Unstable:          0 kB
Node 0 Bounce:                0 kB
Node 0 WritebackTmp:          0 kB
Node 0 KReclaimable:      20108 kB
Node 0 Slab:              60488 kB
Node 0 SReclaimable:      20108 kB
Node 0 SUnreclaim:        40380 kB
Node 0 AnonHugePages:         0 kB
Node 0 ShmemHugePages:        0 kB
Node 0 ShmemPmdMapped:        0 kB
Node 0 FileHugePages:        0 kB
Node 0 FilePmdMapped:        0 kB
Node 0 HugePages_Total:     0
Node 0 HugePages_Free:      0
Node 0 HugePages_Surp:      0

Node 1 MemTotal:       24686196 kB
Node 1 MemFree:        24187124 kB
Node 1 MemUsed:          499072 kB
Node 1 Active:            79460 kB
Node 1 Inactive:         144228 kB
Node 1 Active(anon):      34824 kB
Node 1 Inactive(anon):      444 kB
Node 1 Active(file):      44636 kB
Node 1 Inactive(file):   143784 kB
Node 1 Unevictable:        4848 kB
Node 1 Mlocked:            4848 kB
Node 1 Dirty:               220 kB
Node 1 Writeback:             0 kB
Node 1 FilePages:        193848 kB
Node 1 Mapped:            21340 kB
Node 1 AnonPages:         34400 kB
Node 1 Shmem:               580 kB
Node 1 KernelStack:        1688 kB
Node 1 PageTables:         1376 kB
Node 1 NFS_Unstable:          0 kB
Node 1 Bounce:                0 kB
Node 1 WritebackTmp:          0 kB
Node 1 KReclaimable:      23960 kB
Node 1 Slab:              53072 kB
Node 1 SReclaimable:      23960 kB
Node 1 SUnreclaim:        29112 kB
Node 1 AnonHugePages:         0 kB
Node 1 ShmemHugePages:        0 kB
Node 1 ShmemPmdMapped:        0 kB
Node 1 FileHugePages:        0 kB
Node 1 FilePmdMapped:        0 kB
Node 1 HugePages_Total:     0
Node 1 HugePages_Free:      0
Node 1 HugePages_Surp:      0

Import tank ZPool
Node 0 MemTotal:       24743736 kB
Node 0 MemFree:        24443468 kB
Node 0 MemUsed:          300268 kB
Node 0 Active:            34456 kB
Node 0 Inactive:         100232 kB
Node 0 Active(anon):      14048 kB
Node 0 Inactive(anon):      500 kB
Node 0 Active(file):      20408 kB
Node 0 Inactive(file):    99732 kB
Node 0 Unevictable:       13904 kB
Node 0 Mlocked:           13904 kB
Node 0 Dirty:               452 kB
Node 0 Writeback:             0 kB
Node 0 FilePages:        124188 kB
Node 0 Mapped:            67388 kB
Node 0 AnonPages:         24580 kB
Node 0 Shmem:               688 kB
Node 0 KernelStack:        2312 kB
Node 0 PageTables:          936 kB
Node 0 NFS_Unstable:          0 kB
Node 0 Bounce:                0 kB
Node 0 WritebackTmp:          0 kB
Node 0 KReclaimable:      20108 kB
Node 0 Slab:              60380 kB
Node 0 SReclaimable:      20108 kB
Node 0 SUnreclaim:        40272 kB
Node 0 AnonHugePages:         0 kB
Node 0 ShmemHugePages:        0 kB
Node 0 ShmemPmdMapped:        0 kB
Node 0 FileHugePages:        0 kB
Node 0 FilePmdMapped:        0 kB
Node 0 HugePages_Total:     0
Node 0 HugePages_Free:      0
Node 0 HugePages_Surp:      0

Node 1 MemTotal:       24686196 kB
Node 1 MemFree:        24185012 kB
Node 1 MemUsed:          501184 kB
Node 1 Active:            65296 kB
Node 1 Inactive:         145232 kB
Node 1 Active(anon):      20128 kB
Node 1 Inactive(anon):      448 kB
Node 1 Active(file):      45168 kB
Node 1 Inactive(file):   144784 kB
Node 1 Unevictable:        4848 kB
Node 1 Mlocked:            4848 kB
Node 1 Dirty:               132 kB
Node 1 Writeback:             0 kB
Node 1 FilePages:        195384 kB
Node 1 Mapped:            19920 kB
Node 1 AnonPages:         19208 kB
Node 1 Shmem:               580 kB
Node 1 KernelStack:        2520 kB
Node 1 PageTables:          756 kB
Node 1 NFS_Unstable:          0 kB
Node 1 Bounce:                0 kB
Node 1 WritebackTmp:          0 kB
Node 1 KReclaimable:      24088 kB
Node 1 Slab:              59084 kB
Node 1 SReclaimable:      24088 kB
Node 1 SUnreclaim:        34996 kB
Node 1 AnonHugePages:         0 kB
Node 1 ShmemHugePages:        0 kB
Node 1 ShmemPmdMapped:        0 kB
Node 1 FileHugePages:        0 kB
Node 1 FilePmdMapped:        0 kB
Node 1 HugePages_Total:     0
Node 1 HugePages_Free:      0
Node 1 HugePages_Surp:      0

After Test
Node 0 MemTotal:       24743736 kB
Node 0 MemFree:        23940436 kB
Node 0 MemUsed:          803300 kB
Node 0 Active:            34452 kB
Node 0 Inactive:         100064 kB
Node 0 Active(anon):      13852 kB
Node 0 Inactive(anon):      492 kB
Node 0 Active(file):      20600 kB
Node 0 Inactive(file):    99572 kB
Node 0 Unevictable:       13904 kB
Node 0 Mlocked:           13904 kB
Node 0 Dirty:                16 kB
Node 0 Writeback:             0 kB
Node 0 FilePages:        124212 kB
Node 0 Mapped:            66896 kB
Node 0 AnonPages:         24212 kB
Node 0 Shmem:               688 kB
Node 0 KernelStack:        2168 kB
Node 0 PageTables:          744 kB
Node 0 NFS_Unstable:          0 kB
Node 0 Bounce:                0 kB
Node 0 WritebackTmp:          0 kB
Node 0 KReclaimable:      20124 kB
Node 0 Slab:              62596 kB
Node 0 SReclaimable:      20124 kB
Node 0 SUnreclaim:        42472 kB
Node 0 AnonHugePages:         0 kB
Node 0 ShmemHugePages:        0 kB
Node 0 ShmemPmdMapped:        0 kB
Node 0 FileHugePages:        0 kB
Node 0 FilePmdMapped:        0 kB
Node 0 HugePages_Total:     0
Node 0 HugePages_Free:      0
Node 0 HugePages_Surp:      0

Node 1 MemTotal:       24686196 kB
Node 1 MemFree:        22809844 kB
Node 1 MemUsed:         1876352 kB
Node 1 Active:            66132 kB
Node 1 Inactive:         146020 kB
Node 1 Active(anon):      19492 kB
Node 1 Inactive(anon):      472 kB
Node 1 Active(file):      46640 kB
Node 1 Inactive(file):   145548 kB
Node 1 Unevictable:        4848 kB
Node 1 Mlocked:            4848 kB
Node 1 Dirty:                44 kB
Node 1 Writeback:             0 kB
Node 1 FilePages:        197660 kB
Node 1 Mapped:            19844 kB
Node 1 AnonPages:         19252 kB
Node 1 Shmem:               624 kB
Node 1 KernelStack:        2456 kB
Node 1 PageTables:          564 kB
Node 1 NFS_Unstable:          0 kB
Node 1 Bounce:                0 kB
Node 1 WritebackTmp:          0 kB
Node 1 KReclaimable:      25416 kB
Node 1 Slab:              68800 kB
Node 1 SReclaimable:      25416 kB
Node 1 SUnreclaim:        43384 kB
Node 1 AnonHugePages:         0 kB
Node 1 ShmemHugePages:        0 kB
Node 1 ShmemPmdMapped:        0 kB
Node 1 FileHugePages:        0 kB
Node 1 FilePmdMapped:        0 kB
Node 1 HugePages_Total:     0
Node 1 HugePages_Free:      0
Node 1 HugePages_Surp:      0

After Opposite Node
Node 0 MemTotal:       24743736 kB
Node 0 MemFree:        23938288 kB
Node 0 MemUsed:          805448 kB
Node 0 Active:            34728 kB
Node 0 Inactive:         100116 kB
Node 0 Active(anon):      14108 kB
Node 0 Inactive(anon):      536 kB
Node 0 Active(file):      20620 kB
Node 0 Inactive(file):    99580 kB
Node 0 Unevictable:       13904 kB
Node 0 Mlocked:           13904 kB
Node 0 Dirty:                88 kB
Node 0 Writeback:             0 kB
Node 0 FilePages:        124276 kB
Node 0 Mapped:            66940 kB
Node 0 AnonPages:         24336 kB
Node 0 Shmem:               732 kB
Node 0 KernelStack:        2216 kB
Node 0 PageTables:          924 kB
Node 0 NFS_Unstable:          0 kB
Node 0 Bounce:                0 kB
Node 0 WritebackTmp:          0 kB
Node 0 KReclaimable:      20172 kB
Node 0 Slab:              63020 kB
Node 0 SReclaimable:      20172 kB
Node 0 SUnreclaim:        42848 kB
Node 0 AnonHugePages:         0 kB
Node 0 ShmemHugePages:        0 kB
Node 0 ShmemPmdMapped:        0 kB
Node 0 FileHugePages:        0 kB
Node 0 FilePmdMapped:        0 kB
Node 0 HugePages_Total:     0
Node 0 HugePages_Free:      0
Node 0 HugePages_Surp:      0

Node 1 MemTotal:       24686196 kB
Node 1 MemFree:        22812568 kB
Node 1 MemUsed:         1873628 kB
Node 1 Active:            66148 kB
Node 1 Inactive:         145840 kB
Node 1 Active(anon):      19332 kB
Node 1 Inactive(anon):      448 kB
Node 1 Active(file):      46816 kB
Node 1 Inactive(file):   145392 kB
Node 1 Unevictable:        4848 kB
Node 1 Mlocked:            4848 kB
Node 1 Dirty:                92 kB
Node 1 Writeback:             0 kB
Node 1 FilePages:        197636 kB
Node 1 Mapped:            19800 kB
Node 1 AnonPages:         19200 kB
Node 1 Shmem:               580 kB
Node 1 KernelStack:        2424 kB
Node 1 PageTables:          452 kB
Node 1 NFS_Unstable:          0 kB
Node 1 Bounce:                0 kB
Node 1 WritebackTmp:          0 kB
Node 1 KReclaimable:      25420 kB
Node 1 Slab:              68776 kB
Node 1 SReclaimable:      25420 kB
Node 1 SUnreclaim:        43356 kB
Node 1 AnonHugePages:         0 kB
Node 1 ShmemHugePages:        0 kB
Node 1 ShmemPmdMapped:        0 kB
Node 1 FileHugePages:        0 kB
Node 1 FilePmdMapped:        0 kB
Node 1 HugePages_Total:     0
Node 1 HugePages_Free:      0
Node 1 HugePages_Surp:      0

B.1.smallfio.2-1G.3.O Complete!
