B.1.bigfio.250M.2.O
Begin
Node 0 MemTotal:       24768352 kB
Node 0 MemFree:        24588788 kB
Node 0 MemUsed:          179564 kB
Node 0 Active:            28552 kB
Node 0 Inactive:          16192 kB
Node 0 Active(anon):       8716 kB
Node 0 Inactive(anon):      296 kB
Node 0 Active(file):      19836 kB
Node 0 Inactive(file):    15896 kB
Node 0 Unevictable:        5912 kB
Node 0 Mlocked:            5912 kB
Node 0 Dirty:                40 kB
Node 0 Writeback:             0 kB
Node 0 FilePages:         42092 kB
Node 0 Mapped:            18532 kB
Node 0 AnonPages:          8576 kB
Node 0 Shmem:               436 kB
Node 0 KernelStack:        1928 kB
Node 0 PageTables:          352 kB
Node 0 NFS_Unstable:          0 kB
Node 0 Bounce:                0 kB
Node 0 WritebackTmp:          0 kB
Node 0 KReclaimable:      20196 kB
Node 0 Slab:              48612 kB
Node 0 SReclaimable:      20196 kB
Node 0 SUnreclaim:        28416 kB
Node 0 AnonHugePages:         0 kB
Node 0 ShmemHugePages:        0 kB
Node 0 ShmemPmdMapped:        0 kB
Node 0 FileHugePages:        0 kB
Node 0 FilePmdMapped:        0 kB
Node 0 HugePages_Total:     0
Node 0 HugePages_Free:      0
Node 0 HugePages_Surp:      0

Node 1 MemTotal:       24661580 kB
Node 1 MemFree:        24202152 kB
Node 1 MemUsed:          459428 kB
Node 1 Active:            67364 kB
Node 1 Inactive:         100948 kB
Node 1 Active(anon):      25064 kB
Node 1 Inactive(anon):      584 kB
Node 1 Active(file):      42300 kB
Node 1 Inactive(file):   100364 kB
Node 1 Unevictable:       12612 kB
Node 1 Mlocked:           12612 kB
Node 1 Dirty:               296 kB
Node 1 Writeback:             0 kB
Node 1 FilePages:        145780 kB
Node 1 Mapped:            50216 kB
Node 1 AnonPages:         35228 kB
Node 1 Shmem:               832 kB
Node 1 KernelStack:        1688 kB
Node 1 PageTables:          840 kB
Node 1 NFS_Unstable:          0 kB
Node 1 Bounce:                0 kB
Node 1 WritebackTmp:          0 kB
Node 1 KReclaimable:      21468 kB
Node 1 Slab:              57120 kB
Node 1 SReclaimable:      21468 kB
Node 1 SUnreclaim:        35652 kB
Node 1 AnonHugePages:         0 kB
Node 1 ShmemHugePages:        0 kB
Node 1 ShmemPmdMapped:        0 kB
Node 1 FileHugePages:        0 kB
Node 1 FilePmdMapped:        0 kB
Node 1 HugePages_Total:     0
Node 1 HugePages_Free:      0
Node 1 HugePages_Surp:      0

Load ZFS
Node 0 MemTotal:       24768352 kB
Node 0 MemFree:        24552480 kB
Node 0 MemUsed:          215872 kB
Node 0 Active:            41424 kB
Node 0 Inactive:          33324 kB
Node 0 Active(anon):      20408 kB
Node 0 Inactive(anon):      476 kB
Node 0 Active(file):      21016 kB
Node 0 Inactive(file):    32848 kB
Node 0 Unevictable:        5912 kB
Node 0 Mlocked:            5912 kB
Node 0 Dirty:                44 kB
Node 0 Writeback:             0 kB
Node 0 FilePages:         60404 kB
Node 0 Mapped:            20332 kB
Node 0 AnonPages:         20760 kB
Node 0 Shmem:               632 kB
Node 0 KernelStack:        2236 kB
Node 0 PageTables:         1528 kB
Node 0 NFS_Unstable:          0 kB
Node 0 Bounce:                0 kB
Node 0 WritebackTmp:          0 kB
Node 0 KReclaimable:      20916 kB
Node 0 Slab:              52192 kB
Node 0 SReclaimable:      20916 kB
Node 0 SUnreclaim:        31276 kB
Node 0 AnonHugePages:         0 kB
Node 0 ShmemHugePages:        0 kB
Node 0 ShmemPmdMapped:        0 kB
Node 0 FileHugePages:        0 kB
Node 0 FilePmdMapped:        0 kB
Node 0 HugePages_Total:     0
Node 0 HugePages_Free:      0
Node 0 HugePages_Surp:      0

Node 1 MemTotal:       24661580 kB
Node 1 MemFree:        24099200 kB
Node 1 MemUsed:          562380 kB
Node 1 Active:            79108 kB
Node 1 Inactive:         187256 kB
Node 1 Active(anon):      35560 kB
Node 1 Inactive(anon):      464 kB
Node 1 Active(file):      43548 kB
Node 1 Inactive(file):   186792 kB
Node 1 Unevictable:       12812 kB
Node 1 Mlocked:           12812 kB
Node 1 Dirty:               604 kB
Node 1 Writeback:             0 kB
Node 1 FilePages:        233548 kB
Node 1 Mapped:            52796 kB
Node 1 AnonPages:         46116 kB
Node 1 Shmem:               636 kB
Node 1 KernelStack:        1936 kB
Node 1 PageTables:         1556 kB
Node 1 NFS_Unstable:          0 kB
Node 1 Bounce:                0 kB
Node 1 WritebackTmp:          0 kB
Node 1 KReclaimable:      22256 kB
Node 1 Slab:              60268 kB
Node 1 SReclaimable:      22256 kB
Node 1 SUnreclaim:        38012 kB
Node 1 AnonHugePages:         0 kB
Node 1 ShmemHugePages:        0 kB
Node 1 ShmemPmdMapped:        0 kB
Node 1 FileHugePages:        0 kB
Node 1 FilePmdMapped:        0 kB
Node 1 HugePages_Total:     0
Node 1 HugePages_Free:      0
Node 1 HugePages_Surp:      0

Import tank ZPool
Node 0 MemTotal:       24768352 kB
Node 0 MemFree:        24553756 kB
Node 0 MemUsed:          214596 kB
Node 0 Active:            41424 kB
Node 0 Inactive:          33320 kB
Node 0 Active(anon):      20408 kB
Node 0 Inactive(anon):      472 kB
Node 0 Active(file):      21016 kB
Node 0 Inactive(file):    32848 kB
Node 0 Unevictable:        5912 kB
Node 0 Mlocked:            5912 kB
Node 0 Dirty:                12 kB
Node 0 Writeback:             0 kB
Node 0 FilePages:         60424 kB
Node 0 Mapped:            19928 kB
Node 0 AnonPages:         20260 kB
Node 0 Shmem:               620 kB
Node 0 KernelStack:        2200 kB
Node 0 PageTables:         1236 kB
Node 0 NFS_Unstable:          0 kB
Node 0 Bounce:                0 kB
Node 0 WritebackTmp:          0 kB
Node 0 KReclaimable:      20916 kB
Node 0 Slab:              52064 kB
Node 0 SReclaimable:      20916 kB
Node 0 SUnreclaim:        31148 kB
Node 0 AnonHugePages:         0 kB
Node 0 ShmemHugePages:        0 kB
Node 0 ShmemPmdMapped:        0 kB
Node 0 FileHugePages:        0 kB
Node 0 FilePmdMapped:        0 kB
Node 0 HugePages_Total:     0
Node 0 HugePages_Free:      0
Node 0 HugePages_Surp:      0

Node 1 MemTotal:       24661580 kB
Node 1 MemFree:        24083556 kB
Node 1 MemUsed:          578024 kB
Node 1 Active:            79108 kB
Node 1 Inactive:         188556 kB
Node 1 Active(anon):      35328 kB
Node 1 Inactive(anon):      476 kB
Node 1 Active(file):      43780 kB
Node 1 Inactive(file):   188080 kB
Node 1 Unevictable:       12844 kB
Node 1 Mlocked:           12844 kB
Node 1 Dirty:                40 kB
Node 1 Writeback:             0 kB
Node 1 FilePages:        234796 kB
Node 1 Mapped:            52960 kB
Node 1 AnonPages:         45788 kB
Node 1 Shmem:               648 kB
Node 1 KernelStack:        2952 kB
Node 1 PageTables:         1472 kB
Node 1 NFS_Unstable:          0 kB
Node 1 Bounce:                0 kB
Node 1 WritebackTmp:          0 kB
Node 1 KReclaimable:      22368 kB
Node 1 Slab:              65944 kB
Node 1 SReclaimable:      22368 kB
Node 1 SUnreclaim:        43576 kB
Node 1 AnonHugePages:         0 kB
Node 1 ShmemHugePages:        0 kB
Node 1 ShmemPmdMapped:        0 kB
Node 1 FileHugePages:        0 kB
Node 1 FilePmdMapped:        0 kB
Node 1 HugePages_Total:     0
Node 1 HugePages_Free:      0
Node 1 HugePages_Surp:      0

After Test
Node 0 MemTotal:       24768352 kB
Node 0 MemFree:        24436688 kB
Node 0 MemUsed:          331664 kB
Node 0 Active:            29624 kB
Node 0 Inactive:          33156 kB
Node 0 Active(anon):       8420 kB
Node 0 Inactive(anon):      464 kB
Node 0 Active(file):      21204 kB
Node 0 Inactive(file):    32692 kB
Node 0 Unevictable:        5912 kB
Node 0 Mlocked:            5912 kB
Node 0 Dirty:                12 kB
Node 0 Writeback:             0 kB
Node 0 FilePages:         60424 kB
Node 0 Mapped:            18568 kB
Node 0 AnonPages:          8264 kB
Node 0 Shmem:               620 kB
Node 0 KernelStack:        1928 kB
Node 0 PageTables:          352 kB
Node 0 NFS_Unstable:          0 kB
Node 0 Bounce:                0 kB
Node 0 WritebackTmp:          0 kB
Node 0 KReclaimable:      20916 kB
Node 0 Slab:              52672 kB
Node 0 SReclaimable:      20916 kB
Node 0 SUnreclaim:        31756 kB
Node 0 AnonHugePages:         0 kB
Node 0 ShmemHugePages:        0 kB
Node 0 ShmemPmdMapped:        0 kB
Node 0 FileHugePages:        0 kB
Node 0 FilePmdMapped:        0 kB
Node 0 HugePages_Total:     0
Node 0 HugePages_Free:      0
Node 0 HugePages_Surp:      0

Node 1 MemTotal:       24661580 kB
Node 1 MemFree:        23685424 kB
Node 1 MemUsed:          976156 kB
Node 1 Active:            70140 kB
Node 1 Inactive:         189184 kB
Node 1 Active(anon):      24860 kB
Node 1 Inactive(anon):      500 kB
Node 1 Active(file):      45280 kB
Node 1 Inactive(file):   188684 kB
Node 1 Unevictable:       12844 kB
Node 1 Mlocked:           12844 kB
Node 1 Dirty:                48 kB
Node 1 Writeback:             0 kB
Node 1 FilePages:        236940 kB
Node 1 Mapped:            50488 kB
Node 1 AnonPages:         35140 kB
Node 1 Shmem:               692 kB
Node 1 KernelStack:        2776 kB
Node 1 PageTables:          884 kB
Node 1 NFS_Unstable:          0 kB
Node 1 Bounce:                0 kB
Node 1 WritebackTmp:          0 kB
Node 1 KReclaimable:      23684 kB
Node 1 Slab:              69856 kB
Node 1 SReclaimable:      23684 kB
Node 1 SUnreclaim:        46172 kB
Node 1 AnonHugePages:         0 kB
Node 1 ShmemHugePages:        0 kB
Node 1 ShmemPmdMapped:        0 kB
Node 1 FileHugePages:        0 kB
Node 1 FilePmdMapped:        0 kB
Node 1 HugePages_Total:     0
Node 1 HugePages_Free:      0
Node 1 HugePages_Surp:      0

After Opposite Node
Node 0 MemTotal:       24768352 kB
Node 0 MemFree:        24435520 kB
Node 0 MemUsed:          332832 kB
Node 0 Active:            29952 kB
Node 0 Inactive:          33452 kB
Node 0 Active(anon):       8744 kB
Node 0 Inactive(anon):      752 kB
Node 0 Active(file):      21208 kB
Node 0 Inactive(file):    32700 kB
Node 0 Unevictable:        5912 kB
Node 0 Mlocked:            5912 kB
Node 0 Dirty:                20 kB
Node 0 Writeback:             0 kB
Node 0 FilePages:         60728 kB
Node 0 Mapped:            18856 kB
Node 0 AnonPages:          8424 kB
Node 0 Shmem:               620 kB
Node 0 KernelStack:        1864 kB
Node 0 PageTables:          276 kB
Node 0 NFS_Unstable:          0 kB
Node 0 Bounce:                0 kB
Node 0 WritebackTmp:          0 kB
Node 0 KReclaimable:      20932 kB
Node 0 Slab:              52772 kB
Node 0 SReclaimable:      20932 kB
Node 0 SUnreclaim:        31840 kB
Node 0 AnonHugePages:         0 kB
Node 0 ShmemHugePages:        0 kB
Node 0 ShmemPmdMapped:        0 kB
Node 0 FileHugePages:        0 kB
Node 0 FilePmdMapped:        0 kB
Node 0 HugePages_Total:     0
Node 0 HugePages_Free:      0
Node 0 HugePages_Surp:      0

Node 1 MemTotal:       24661580 kB
Node 1 MemFree:        23686112 kB
Node 1 MemUsed:          975468 kB
Node 1 Active:            70224 kB
Node 1 Inactive:         189020 kB
Node 1 Active(anon):      24784 kB
Node 1 Inactive(anon):      476 kB
Node 1 Active(file):      45440 kB
Node 1 Inactive(file):   188544 kB
Node 1 Unevictable:       12844 kB
Node 1 Mlocked:           12844 kB
Node 1 Dirty:                68 kB
Node 1 Writeback:             0 kB
Node 1 FilePages:        236916 kB
Node 1 Mapped:            50264 kB
Node 1 AnonPages:         35216 kB
Node 1 Shmem:               648 kB
Node 1 KernelStack:        2712 kB
Node 1 PageTables:          788 kB
Node 1 NFS_Unstable:          0 kB
Node 1 Bounce:                0 kB
Node 1 WritebackTmp:          0 kB
Node 1 KReclaimable:      23684 kB
Node 1 Slab:              69800 kB
Node 1 SReclaimable:      23684 kB
Node 1 SUnreclaim:        46116 kB
Node 1 AnonHugePages:         0 kB
Node 1 ShmemHugePages:        0 kB
Node 1 ShmemPmdMapped:        0 kB
Node 1 FileHugePages:        0 kB
Node 1 FilePmdMapped:        0 kB
Node 1 HugePages_Total:     0
Node 1 HugePages_Free:      0
Node 1 HugePages_Surp:      0

B.1.bigfio.250M.2.O Complete!
