B.1.smallfio.8G.2.O
Begin
Node 0 MemTotal:       24743736 kB
Node 0 MemFree:        24379988 kB
Node 0 MemUsed:          363748 kB
Node 0 Active:            40136 kB
Node 0 Inactive:          52512 kB
Node 0 Active(anon):      21728 kB
Node 0 Inactive(anon):      332 kB
Node 0 Active(file):      18408 kB
Node 0 Inactive(file):    52180 kB
Node 0 Unevictable:       13852 kB
Node 0 Mlocked:           13852 kB
Node 0 Dirty:               296 kB
Node 0 Writeback:             0 kB
Node 0 FilePages:         74636 kB
Node 0 Mapped:            26512 kB
Node 0 AnonPages:         31920 kB
Node 0 Shmem:               500 kB
Node 0 KernelStack:        2264 kB
Node 0 PageTables:          544 kB
Node 0 NFS_Unstable:          0 kB
Node 0 Bounce:                0 kB
Node 0 WritebackTmp:          0 kB
Node 0 KReclaimable:      15632 kB
Node 0 Slab:              41408 kB
Node 0 SReclaimable:      15632 kB
Node 0 SUnreclaim:        25776 kB
Node 0 AnonHugePages:         0 kB
Node 0 ShmemHugePages:        0 kB
Node 0 ShmemPmdMapped:        0 kB
Node 0 FileHugePages:        0 kB
Node 0 FilePmdMapped:        0 kB
Node 0 HugePages_Total:     0
Node 0 HugePages_Free:      0
Node 0 HugePages_Surp:      0

Node 1 MemTotal:       24686196 kB
Node 1 MemFree:        24426156 kB
Node 1 MemUsed:          260040 kB
Node 1 Active:            55212 kB
Node 1 Inactive:          51820 kB
Node 1 Active(anon):      12748 kB
Node 1 Inactive(anon):      548 kB
Node 1 Active(file):      42464 kB
Node 1 Inactive(file):    51272 kB
Node 1 Unevictable:        4668 kB
Node 1 Mlocked:            4668 kB
Node 1 Dirty:               116 kB
Node 1 Writeback:             0 kB
Node 1 FilePages:         99212 kB
Node 1 Mapped:            30504 kB
Node 1 AnonPages:         12644 kB
Node 1 Shmem:               768 kB
Node 1 KernelStack:        1368 kB
Node 1 PageTables:          628 kB
Node 1 NFS_Unstable:          0 kB
Node 1 Bounce:                0 kB
Node 1 WritebackTmp:          0 kB
Node 1 KReclaimable:      25016 kB
Node 1 Slab:              62956 kB
Node 1 SReclaimable:      25016 kB
Node 1 SUnreclaim:        37940 kB
Node 1 AnonHugePages:         0 kB
Node 1 ShmemHugePages:        0 kB
Node 1 ShmemPmdMapped:        0 kB
Node 1 FileHugePages:        0 kB
Node 1 FilePmdMapped:        0 kB
Node 1 HugePages_Total:     0
Node 1 HugePages_Free:      0
Node 1 HugePages_Surp:      0

Load ZFS
Node 0 MemTotal:       24743736 kB
Node 0 MemFree:        24435708 kB
Node 0 MemUsed:          308028 kB
Node 0 Active:            52156 kB
Node 0 Inactive:         112236 kB
Node 0 Active(anon):      32308 kB
Node 0 Inactive(anon):      528 kB
Node 0 Active(file):      19848 kB
Node 0 Inactive(file):   111708 kB
Node 0 Unevictable:       14052 kB
Node 0 Mlocked:           14052 kB
Node 0 Dirty:               284 kB
Node 0 Writeback:             0 kB
Node 0 FilePages:        135764 kB
Node 0 Mapped:            28808 kB
Node 0 AnonPages:         42700 kB
Node 0 Shmem:               680 kB
Node 0 KernelStack:        2688 kB
Node 0 PageTables:         1384 kB
Node 0 NFS_Unstable:          0 kB
Node 0 Bounce:                0 kB
Node 0 WritebackTmp:          0 kB
Node 0 KReclaimable:      16804 kB
Node 0 Slab:              45040 kB
Node 0 SReclaimable:      16804 kB
Node 0 SUnreclaim:        28236 kB
Node 0 AnonHugePages:         0 kB
Node 0 ShmemHugePages:        0 kB
Node 0 ShmemPmdMapped:        0 kB
Node 0 FileHugePages:        0 kB
Node 0 FilePmdMapped:        0 kB
Node 0 HugePages_Total:     0
Node 0 HugePages_Free:      0
Node 0 HugePages_Surp:      0

Node 1 MemTotal:       24686196 kB
Node 1 MemFree:        24225300 kB
Node 1 MemUsed:          460896 kB
Node 1 Active:            71424 kB
Node 1 Inactive:          95508 kB
Node 1 Active(anon):      27880 kB
Node 1 Inactive(anon):      412 kB
Node 1 Active(file):      43544 kB
Node 1 Inactive(file):    95096 kB
Node 1 Unevictable:        4668 kB
Node 1 Mlocked:            4668 kB
Node 1 Dirty:               292 kB
Node 1 Writeback:             0 kB
Node 1 FilePages:        143892 kB
Node 1 Mapped:            32792 kB
Node 1 AnonPages:         27584 kB
Node 1 Shmem:               588 kB
Node 1 KernelStack:        1560 kB
Node 1 PageTables:         1776 kB
Node 1 NFS_Unstable:          0 kB
Node 1 Bounce:                0 kB
Node 1 WritebackTmp:          0 kB
Node 1 KReclaimable:      25876 kB
Node 1 Slab:              66196 kB
Node 1 SReclaimable:      25876 kB
Node 1 SUnreclaim:        40320 kB
Node 1 AnonHugePages:         0 kB
Node 1 ShmemHugePages:        0 kB
Node 1 ShmemPmdMapped:        0 kB
Node 1 FileHugePages:        0 kB
Node 1 FilePmdMapped:        0 kB
Node 1 HugePages_Total:     0
Node 1 HugePages_Free:      0
Node 1 HugePages_Surp:      0

Import tank ZPool
Node 0 MemTotal:       24743736 kB
Node 0 MemFree:        24432316 kB
Node 0 MemUsed:          311420 kB
Node 0 Active:            41816 kB
Node 0 Inactive:         111916 kB
Node 0 Active(anon):      21644 kB
Node 0 Inactive(anon):      540 kB
Node 0 Active(file):      20172 kB
Node 0 Inactive(file):   111376 kB
Node 0 Unevictable:       14084 kB
Node 0 Mlocked:           14084 kB
Node 0 Dirty:                48 kB
Node 0 Writeback:             0 kB
Node 0 FilePages:        135768 kB
Node 0 Mapped:            26668 kB
Node 0 AnonPages:         32048 kB
Node 0 Shmem:               692 kB
Node 0 KernelStack:        2440 kB
Node 0 PageTables:          548 kB
Node 0 NFS_Unstable:          0 kB
Node 0 Bounce:                0 kB
Node 0 WritebackTmp:          0 kB
Node 0 KReclaimable:      16860 kB
Node 0 Slab:              46012 kB
Node 0 SReclaimable:      16860 kB
Node 0 SUnreclaim:        29152 kB
Node 0 AnonHugePages:         0 kB
Node 0 ShmemHugePages:        0 kB
Node 0 ShmemPmdMapped:        0 kB
Node 0 FileHugePages:        0 kB
Node 0 FilePmdMapped:        0 kB
Node 0 HugePages_Total:     0
Node 0 HugePages_Free:      0
Node 0 HugePages_Surp:      0

Node 1 MemTotal:       24686196 kB
Node 1 MemFree:        24233428 kB
Node 1 MemUsed:          452768 kB
Node 1 Active:            56172 kB
Node 1 Inactive:          96332 kB
Node 1 Active(anon):      12008 kB
Node 1 Inactive(anon):      408 kB
Node 1 Active(file):      44164 kB
Node 1 Inactive(file):    95924 kB
Node 1 Unevictable:        4668 kB
Node 1 Mlocked:            4668 kB
Node 1 Dirty:                72 kB
Node 1 Writeback:             0 kB
Node 1 FilePages:        145332 kB
Node 1 Mapped:            30596 kB
Node 1 AnonPages:         11852 kB
Node 1 Shmem:               576 kB
Node 1 KernelStack:        2280 kB
Node 1 PageTables:          576 kB
Node 1 NFS_Unstable:          0 kB
Node 1 Bounce:                0 kB
Node 1 WritebackTmp:          0 kB
Node 1 KReclaimable:      26016 kB
Node 1 Slab:              72332 kB
Node 1 SReclaimable:      26016 kB
Node 1 SUnreclaim:        46316 kB
Node 1 AnonHugePages:         0 kB
Node 1 ShmemHugePages:        0 kB
Node 1 ShmemPmdMapped:        0 kB
Node 1 FileHugePages:        0 kB
Node 1 FilePmdMapped:        0 kB
Node 1 HugePages_Total:     0
Node 1 HugePages_Free:      0
Node 1 HugePages_Surp:      0

After Test
Node 0 MemTotal:       24743736 kB
Node 0 MemFree:        23631084 kB
Node 0 MemUsed:         1112652 kB
Node 0 Active:            41648 kB
Node 0 Inactive:         111912 kB
Node 0 Active(anon):      21380 kB
Node 0 Inactive(anon):      532 kB
Node 0 Active(file):      20268 kB
Node 0 Inactive(file):   111380 kB
Node 0 Unevictable:       14084 kB
Node 0 Mlocked:           14084 kB
Node 0 Dirty:                 4 kB
Node 0 Writeback:             0 kB
Node 0 FilePages:        135868 kB
Node 0 Mapped:            26648 kB
Node 0 AnonPages:         31776 kB
Node 0 Shmem:               692 kB
Node 0 KernelStack:        2376 kB
Node 0 PageTables:          548 kB
Node 0 NFS_Unstable:          0 kB
Node 0 Bounce:                0 kB
Node 0 WritebackTmp:          0 kB
Node 0 KReclaimable:      17132 kB
Node 0 Slab:              50356 kB
Node 0 SReclaimable:      17132 kB
Node 0 SUnreclaim:        33224 kB
Node 0 AnonHugePages:         0 kB
Node 0 ShmemHugePages:        0 kB
Node 0 ShmemPmdMapped:        0 kB
Node 0 FileHugePages:        0 kB
Node 0 FilePmdMapped:        0 kB
Node 0 HugePages_Total:     0
Node 0 HugePages_Free:      0
Node 0 HugePages_Surp:      0

Node 1 MemTotal:       24686196 kB
Node 1 MemFree:        15798208 kB
Node 1 MemUsed:         8887988 kB
Node 1 Active:            57660 kB
Node 1 Inactive:          97268 kB
Node 1 Active(anon):      12164 kB
Node 1 Inactive(anon):      452 kB
Node 1 Active(file):      45496 kB
Node 1 Inactive(file):    96816 kB
Node 1 Unevictable:        4668 kB
Node 1 Mlocked:            4668 kB
Node 1 Dirty:                32 kB
Node 1 Writeback:             0 kB
Node 1 FilePages:        147608 kB
Node 1 Mapped:            30768 kB
Node 1 AnonPages:         11892 kB
Node 1 Shmem:               620 kB
Node 1 KernelStack:        2344 kB
Node 1 PageTables:          708 kB
Node 1 NFS_Unstable:          0 kB
Node 1 Bounce:                0 kB
Node 1 WritebackTmp:          0 kB
Node 1 KReclaimable:      27356 kB
Node 1 Slab:             103768 kB
Node 1 SReclaimable:      27356 kB
Node 1 SUnreclaim:        76412 kB
Node 1 AnonHugePages:         0 kB
Node 1 ShmemHugePages:        0 kB
Node 1 ShmemPmdMapped:        0 kB
Node 1 FileHugePages:        0 kB
Node 1 FilePmdMapped:        0 kB
Node 1 HugePages_Total:     0
Node 1 HugePages_Free:      0
Node 1 HugePages_Surp:      0

After Opposite Node
Node 0 MemTotal:       24743736 kB
Node 0 MemFree:        23634168 kB
Node 0 MemUsed:         1109568 kB
Node 0 Active:            41916 kB
Node 0 Inactive:         111964 kB
Node 0 Active(anon):      21644 kB
Node 0 Inactive(anon):      576 kB
Node 0 Active(file):      20272 kB
Node 0 Inactive(file):   111388 kB
Node 0 Unevictable:       14084 kB
Node 0 Mlocked:           14084 kB
Node 0 Dirty:                 4 kB
Node 0 Writeback:             0 kB
Node 0 FilePages:        135924 kB
Node 0 Mapped:            26692 kB
Node 0 AnonPages:         31908 kB
Node 0 Shmem:               736 kB
Node 0 KernelStack:        2408 kB
Node 0 PageTables:          720 kB
Node 0 NFS_Unstable:          0 kB
Node 0 Bounce:                0 kB
Node 0 WritebackTmp:          0 kB
Node 0 KReclaimable:      17212 kB
Node 0 Slab:              50756 kB
Node 0 SReclaimable:      17212 kB
Node 0 SUnreclaim:        33544 kB
Node 0 AnonHugePages:         0 kB
Node 0 ShmemHugePages:        0 kB
Node 0 ShmemPmdMapped:        0 kB
Node 0 FileHugePages:        0 kB
Node 0 FilePmdMapped:        0 kB
Node 0 HugePages_Total:     0
Node 0 HugePages_Free:      0
Node 0 HugePages_Surp:      0

Node 1 MemTotal:       24686196 kB
Node 1 MemFree:        15799132 kB
Node 1 MemUsed:         8887064 kB
Node 1 Active:            57672 kB
Node 1 Inactive:          97064 kB
Node 1 Active(anon):      11936 kB
Node 1 Inactive(anon):      408 kB
Node 1 Active(file):      45736 kB
Node 1 Inactive(file):    96656 kB
Node 1 Unevictable:        4668 kB
Node 1 Mlocked:            4668 kB
Node 1 Dirty:                36 kB
Node 1 Writeback:             0 kB
Node 1 FilePages:        147664 kB
Node 1 Mapped:            30712 kB
Node 1 AnonPages:         11768 kB
Node 1 Shmem:               576 kB
Node 1 KernelStack:        2312 kB
Node 1 PageTables:          532 kB
Node 1 NFS_Unstable:          0 kB
Node 1 Bounce:                0 kB
Node 1 WritebackTmp:          0 kB
Node 1 KReclaimable:      27376 kB
Node 1 Slab:             103984 kB
Node 1 SReclaimable:      27376 kB
Node 1 SUnreclaim:        76608 kB
Node 1 AnonHugePages:         0 kB
Node 1 ShmemHugePages:        0 kB
Node 1 ShmemPmdMapped:        0 kB
Node 1 FileHugePages:        0 kB
Node 1 FilePmdMapped:        0 kB
Node 1 HugePages_Total:     0
Node 1 HugePages_Free:      0
Node 1 HugePages_Surp:      0

B.1.smallfio.8G.2.O Complete!
