B.1.bigfio.2G.1.O
Begin
Node 0 MemTotal:       24768352 kB
Node 0 MemFree:        24529296 kB
Node 0 MemUsed:          239056 kB
Node 0 Active:            54480 kB
Node 0 Inactive:          39272 kB
Node 0 Active(anon):      12868 kB
Node 0 Inactive(anon):      520 kB
Node 0 Active(file):      41612 kB
Node 0 Inactive(file):    38752 kB
Node 0 Unevictable:       18228 kB
Node 0 Mlocked:           18228 kB
Node 0 Dirty:                16 kB
Node 0 Writeback:             0 kB
Node 0 FilePages:         89004 kB
Node 0 Mapped:            36648 kB
Node 0 AnonPages:         22972 kB
Node 0 Shmem:               744 kB
Node 0 KernelStack:        2024 kB
Node 0 PageTables:          368 kB
Node 0 NFS_Unstable:          0 kB
Node 0 Bounce:                0 kB
Node 0 WritebackTmp:          0 kB
Node 0 KReclaimable:      18292 kB
Node 0 Slab:              46084 kB
Node 0 SReclaimable:      18292 kB
Node 0 SUnreclaim:        27792 kB
Node 0 AnonHugePages:         0 kB
Node 0 ShmemHugePages:        0 kB
Node 0 ShmemPmdMapped:        0 kB
Node 0 FileHugePages:        0 kB
Node 0 FilePmdMapped:        0 kB
Node 0 HugePages_Total:     0
Node 0 HugePages_Free:      0
Node 0 HugePages_Surp:      0

Node 1 MemTotal:       24661580 kB
Node 1 MemFree:        24256636 kB
Node 1 MemUsed:          404944 kB
Node 1 Active:            42144 kB
Node 1 Inactive:          80064 kB
Node 1 Active(anon):      20992 kB
Node 1 Inactive(anon):      344 kB
Node 1 Active(file):      21152 kB
Node 1 Inactive(file):    79720 kB
Node 1 Unevictable:         296 kB
Node 1 Mlocked:             296 kB
Node 1 Dirty:               400 kB
Node 1 Writeback:             0 kB
Node 1 FilePages:        101700 kB
Node 1 Mapped:            33744 kB
Node 1 AnonPages:         20900 kB
Node 1 Shmem:               524 kB
Node 1 KernelStack:        1656 kB
Node 1 PageTables:          816 kB
Node 1 NFS_Unstable:          0 kB
Node 1 Bounce:                0 kB
Node 1 WritebackTmp:          0 kB
Node 1 KReclaimable:      24396 kB
Node 1 Slab:              62572 kB
Node 1 SReclaimable:      24396 kB
Node 1 SUnreclaim:        38176 kB
Node 1 AnonHugePages:         0 kB
Node 1 ShmemHugePages:        0 kB
Node 1 ShmemPmdMapped:        0 kB
Node 1 FileHugePages:        0 kB
Node 1 FilePmdMapped:        0 kB
Node 1 HugePages_Total:     0
Node 1 HugePages_Free:      0
Node 1 HugePages_Surp:      0

Load ZFS
Node 0 MemTotal:       24768352 kB
Node 0 MemFree:        24484232 kB
Node 0 MemUsed:          284120 kB
Node 0 Active:            69504 kB
Node 0 Inactive:          64356 kB
Node 0 Active(anon):      27012 kB
Node 0 Inactive(anon):      660 kB
Node 0 Active(file):      42492 kB
Node 0 Inactive(file):    63696 kB
Node 0 Unevictable:       18428 kB
Node 0 Mlocked:           18428 kB
Node 0 Dirty:                52 kB
Node 0 Writeback:             0 kB
Node 0 FilePages:        115032 kB
Node 0 Mapped:            39484 kB
Node 0 AnonPages:         37032 kB
Node 0 Shmem:               948 kB
Node 0 KernelStack:        2436 kB
Node 0 PageTables:         1424 kB
Node 0 NFS_Unstable:          0 kB
Node 0 Bounce:                0 kB
Node 0 WritebackTmp:          0 kB
Node 0 KReclaimable:      18796 kB
Node 0 Slab:              49524 kB
Node 0 SReclaimable:      18796 kB
Node 0 SUnreclaim:        30728 kB
Node 0 AnonHugePages:         0 kB
Node 0 ShmemHugePages:        0 kB
Node 0 ShmemPmdMapped:        0 kB
Node 0 FileHugePages:        0 kB
Node 0 FilePmdMapped:        0 kB
Node 0 HugePages_Total:     0
Node 0 HugePages_Free:      0
Node 0 HugePages_Surp:      0

Node 1 MemTotal:       24661580 kB
Node 1 MemFree:        24157468 kB
Node 1 MemUsed:          504112 kB
Node 1 Active:            56064 kB
Node 1 Inactive:         158364 kB
Node 1 Active(anon):      33500 kB
Node 1 Inactive(anon):      284 kB
Node 1 Active(file):      22564 kB
Node 1 Inactive(file):   158080 kB
Node 1 Unevictable:         296 kB
Node 1 Mlocked:             296 kB
Node 1 Dirty:               224 kB
Node 1 Writeback:             0 kB
Node 1 FilePages:        181848 kB
Node 1 Mapped:            36624 kB
Node 1 AnonPages:         33124 kB
Node 1 Shmem:               320 kB
Node 1 KernelStack:        2012 kB
Node 1 PageTables:         1908 kB
Node 1 NFS_Unstable:          0 kB
Node 1 Bounce:                0 kB
Node 1 WritebackTmp:          0 kB
Node 1 KReclaimable:      24976 kB
Node 1 Slab:              66456 kB
Node 1 SReclaimable:      24976 kB
Node 1 SUnreclaim:        41480 kB
Node 1 AnonHugePages:         0 kB
Node 1 ShmemHugePages:        0 kB
Node 1 ShmemPmdMapped:        0 kB
Node 1 FileHugePages:        0 kB
Node 1 FilePmdMapped:        0 kB
Node 1 HugePages_Total:     0
Node 1 HugePages_Free:      0
Node 1 HugePages_Surp:      0

Import tank ZPool
Node 0 MemTotal:       24768352 kB
Node 0 MemFree:        24496728 kB
Node 0 MemUsed:          271624 kB
Node 0 Active:            56476 kB
Node 0 Inactive:          63672 kB
Node 0 Active(anon):      13400 kB
Node 0 Inactive(anon):      572 kB
Node 0 Active(file):      43076 kB
Node 0 Inactive(file):    63100 kB
Node 0 Unevictable:       18460 kB
Node 0 Mlocked:           18460 kB
Node 0 Dirty:               264 kB
Node 0 Writeback:             0 kB
Node 0 FilePages:        114804 kB
Node 0 Mapped:            36900 kB
Node 0 AnonPages:         23800 kB
Node 0 Shmem:               732 kB
Node 0 KernelStack:        2024 kB
Node 0 PageTables:          372 kB
Node 0 NFS_Unstable:          0 kB
Node 0 Bounce:                0 kB
Node 0 WritebackTmp:          0 kB
Node 0 KReclaimable:      18800 kB
Node 0 Slab:              49300 kB
Node 0 SReclaimable:      18800 kB
Node 0 SUnreclaim:        30500 kB
Node 0 AnonHugePages:         0 kB
Node 0 ShmemHugePages:        0 kB
Node 0 ShmemPmdMapped:        0 kB
Node 0 FileHugePages:        0 kB
Node 0 FilePmdMapped:        0 kB
Node 0 HugePages_Total:     0
Node 0 HugePages_Free:      0
Node 0 HugePages_Surp:      0

Node 1 MemTotal:       24661580 kB
Node 1 MemFree:        24154696 kB
Node 1 MemUsed:          506884 kB
Node 1 Active:            43524 kB
Node 1 Inactive:         159560 kB
Node 1 Active(anon):      20248 kB
Node 1 Inactive(anon):      376 kB
Node 1 Active(file):      23276 kB
Node 1 Inactive(file):   159184 kB
Node 1 Unevictable:         296 kB
Node 1 Mlocked:             296 kB
Node 1 Dirty:               360 kB
Node 1 Writeback:             0 kB
Node 1 FilePages:        183292 kB
Node 1 Mapped:            34056 kB
Node 1 AnonPages:         19952 kB
Node 1 Shmem:               536 kB
Node 1 KernelStack:        2760 kB
Node 1 PageTables:          876 kB
Node 1 NFS_Unstable:          0 kB
Node 1 Bounce:                0 kB
Node 1 WritebackTmp:          0 kB
Node 1 KReclaimable:      25428 kB
Node 1 Slab:              72460 kB
Node 1 SReclaimable:      25428 kB
Node 1 SUnreclaim:        47032 kB
Node 1 AnonHugePages:         0 kB
Node 1 ShmemHugePages:        0 kB
Node 1 ShmemPmdMapped:        0 kB
Node 1 FileHugePages:        0 kB
Node 1 FilePmdMapped:        0 kB
Node 1 HugePages_Total:     0
Node 1 HugePages_Free:      0
Node 1 HugePages_Surp:      0

After Test
Node 0 MemTotal:       24768352 kB
Node 0 MemFree:        23889112 kB
Node 0 MemUsed:          879240 kB
Node 0 Active:            56432 kB
Node 0 Inactive:          63676 kB
Node 0 Active(anon):      13340 kB
Node 0 Inactive(anon):      576 kB
Node 0 Active(file):      43092 kB
Node 0 Inactive(file):    63100 kB
Node 0 Unevictable:       18460 kB
Node 0 Mlocked:           18460 kB
Node 0 Dirty:                20 kB
Node 0 Writeback:             0 kB
Node 0 FilePages:        114824 kB
Node 0 Mapped:            36672 kB
Node 0 AnonPages:         23740 kB
Node 0 Shmem:               736 kB
Node 0 KernelStack:        1944 kB
Node 0 PageTables:          372 kB
Node 0 NFS_Unstable:          0 kB
Node 0 Bounce:                0 kB
Node 0 WritebackTmp:          0 kB
Node 0 KReclaimable:      18892 kB
Node 0 Slab:              52388 kB
Node 0 SReclaimable:      18892 kB
Node 0 SUnreclaim:        33496 kB
Node 0 AnonHugePages:         0 kB
Node 0 ShmemHugePages:        0 kB
Node 0 ShmemPmdMapped:        0 kB
Node 0 FileHugePages:        0 kB
Node 0 FilePmdMapped:        0 kB
Node 0 HugePages_Total:     0
Node 0 HugePages_Free:      0
Node 0 HugePages_Surp:      0

Node 1 MemTotal:       24661580 kB
Node 1 MemFree:        21821492 kB
Node 1 MemUsed:         2840088 kB
Node 1 Active:            44736 kB
Node 1 Inactive:         160480 kB
Node 1 Active(anon):      20248 kB
Node 1 Inactive(anon):      392 kB
Node 1 Active(file):      24488 kB
Node 1 Inactive(file):   160088 kB
Node 1 Unevictable:         296 kB
Node 1 Mlocked:             296 kB
Node 1 Dirty:                60 kB
Node 1 Writeback:             0 kB
Node 1 FilePages:        185448 kB
Node 1 Mapped:            34048 kB
Node 1 AnonPages:         20028 kB
Node 1 Shmem:               576 kB
Node 1 KernelStack:        2744 kB
Node 1 PageTables:          936 kB
Node 1 NFS_Unstable:          0 kB
Node 1 Bounce:                0 kB
Node 1 WritebackTmp:          0 kB
Node 1 KReclaimable:      26660 kB
Node 1 Slab:              84556 kB
Node 1 SReclaimable:      26660 kB
Node 1 SUnreclaim:        57896 kB
Node 1 AnonHugePages:         0 kB
Node 1 ShmemHugePages:        0 kB
Node 1 ShmemPmdMapped:        0 kB
Node 1 FileHugePages:        0 kB
Node 1 FilePmdMapped:        0 kB
Node 1 HugePages_Total:     0
Node 1 HugePages_Free:      0
Node 1 HugePages_Surp:      0

After Opposite Node
Node 0 MemTotal:       24768352 kB
Node 0 MemFree:        23888396 kB
Node 0 MemUsed:          879956 kB
Node 0 Active:            56636 kB
Node 0 Inactive:          63720 kB
Node 0 Active(anon):      13540 kB
Node 0 Inactive(anon):      612 kB
Node 0 Active(file):      43096 kB
Node 0 Inactive(file):    63108 kB
Node 0 Unevictable:       18460 kB
Node 0 Mlocked:           18460 kB
Node 0 Dirty:                48 kB
Node 0 Writeback:             0 kB
Node 0 FilePages:        114888 kB
Node 0 Mapped:            36716 kB
Node 0 AnonPages:         23796 kB
Node 0 Shmem:               780 kB
Node 0 KernelStack:        1912 kB
Node 0 PageTables:          484 kB
Node 0 NFS_Unstable:          0 kB
Node 0 Bounce:                0 kB
Node 0 WritebackTmp:          0 kB
Node 0 KReclaimable:      18948 kB
Node 0 Slab:              52784 kB
Node 0 SReclaimable:      18948 kB
Node 0 SUnreclaim:        33836 kB
Node 0 AnonHugePages:         0 kB
Node 0 ShmemHugePages:        0 kB
Node 0 ShmemPmdMapped:        0 kB
Node 0 FileHugePages:        0 kB
Node 0 FilePmdMapped:        0 kB
Node 0 HugePages_Total:     0
Node 0 HugePages_Free:      0
Node 0 HugePages_Surp:      0

Node 1 MemTotal:       24661580 kB
Node 1 MemFree:        21821848 kB
Node 1 MemUsed:         2839732 kB
Node 1 Active:            44644 kB
Node 1 Inactive:         160232 kB
Node 1 Active(anon):      19916 kB
Node 1 Inactive(anon):      364 kB
Node 1 Active(file):      24728 kB
Node 1 Inactive(file):   159868 kB
Node 1 Unevictable:         296 kB
Node 1 Mlocked:             296 kB
Node 1 Dirty:               152 kB
Node 1 Writeback:             0 kB
Node 1 FilePages:        185424 kB
Node 1 Mapped:            34012 kB
Node 1 AnonPages:         19748 kB
Node 1 Shmem:               532 kB
Node 1 KernelStack:        2696 kB
Node 1 PageTables:          760 kB
Node 1 NFS_Unstable:          0 kB
Node 1 Bounce:                0 kB
Node 1 WritebackTmp:          0 kB
Node 1 KReclaimable:      26660 kB
Node 1 Slab:              84428 kB
Node 1 SReclaimable:      26660 kB
Node 1 SUnreclaim:        57768 kB
Node 1 AnonHugePages:         0 kB
Node 1 ShmemHugePages:        0 kB
Node 1 ShmemPmdMapped:        0 kB
Node 1 FileHugePages:        0 kB
Node 1 FilePmdMapped:        0 kB
Node 1 HugePages_Total:     0
Node 1 HugePages_Free:      0
Node 1 HugePages_Surp:      0

B.1.bigfio.2G.1.O Complete!
