B.1.smallfio.8G.3.O
Begin
Node 0 MemTotal:       24743736 kB
Node 0 MemFree:        24540708 kB
Node 0 MemUsed:          203028 kB
Node 0 Active:            42776 kB
Node 0 Inactive:          19876 kB
Node 0 Active(anon):       6768 kB
Node 0 Inactive(anon):      376 kB
Node 0 Active(file):      36008 kB
Node 0 Inactive(file):    19500 kB
Node 0 Unevictable:       17524 kB
Node 0 Mlocked:           17524 kB
Node 0 Dirty:               304 kB
Node 0 Writeback:             0 kB
Node 0 FilePages:         63248 kB
Node 0 Mapped:            24112 kB
Node 0 AnonPages:         16956 kB
Node 0 Shmem:               548 kB
Node 0 KernelStack:        1832 kB
Node 0 PageTables:          380 kB
Node 0 NFS_Unstable:          0 kB
Node 0 Bounce:                0 kB
Node 0 WritebackTmp:          0 kB
Node 0 KReclaimable:      18480 kB
Node 0 Slab:              42124 kB
Node 0 SReclaimable:      18480 kB
Node 0 SUnreclaim:        23644 kB
Node 0 AnonHugePages:         0 kB
Node 0 ShmemHugePages:        0 kB
Node 0 ShmemPmdMapped:        0 kB
Node 0 FileHugePages:        0 kB
Node 0 FilePmdMapped:        0 kB
Node 0 HugePages_Total:     0
Node 0 HugePages_Free:      0
Node 0 HugePages_Surp:      0

Node 1 MemTotal:       24686196 kB
Node 1 MemFree:        24258936 kB
Node 1 MemUsed:          427260 kB
Node 1 Active:            52300 kB
Node 1 Inactive:          88876 kB
Node 1 Active(anon):      26928 kB
Node 1 Inactive(anon):      504 kB
Node 1 Active(file):      25372 kB
Node 1 Inactive(file):    88372 kB
Node 1 Unevictable:        1000 kB
Node 1 Mlocked:            1000 kB
Node 1 Dirty:               232 kB
Node 1 Writeback:             0 kB
Node 1 FilePages:        115468 kB
Node 1 Mapped:            35436 kB
Node 1 AnonPages:         26740 kB
Node 1 Shmem:               720 kB
Node 1 KernelStack:        1800 kB
Node 1 PageTables:          732 kB
Node 1 NFS_Unstable:          0 kB
Node 1 Bounce:                0 kB
Node 1 WritebackTmp:          0 kB
Node 1 KReclaimable:      23692 kB
Node 1 Slab:              63832 kB
Node 1 SReclaimable:      23692 kB
Node 1 SUnreclaim:        40140 kB
Node 1 AnonHugePages:         0 kB
Node 1 ShmemHugePages:        0 kB
Node 1 ShmemPmdMapped:        0 kB
Node 1 FileHugePages:        0 kB
Node 1 FilePmdMapped:        0 kB
Node 1 HugePages_Total:     0
Node 1 HugePages_Free:      0
Node 1 HugePages_Surp:      0

Load ZFS
Node 0 MemTotal:       24743736 kB
Node 0 MemFree:        24481836 kB
Node 0 MemUsed:          261900 kB
Node 0 Active:            59764 kB
Node 0 Inactive:          53592 kB
Node 0 Active(anon):      23040 kB
Node 0 Inactive(anon):      476 kB
Node 0 Active(file):      36724 kB
Node 0 Inactive(file):    53116 kB
Node 0 Unevictable:       17740 kB
Node 0 Mlocked:           17740 kB
Node 0 Dirty:                36 kB
Node 0 Writeback:             0 kB
Node 0 FilePages:         97656 kB
Node 0 Mapped:            25456 kB
Node 0 AnonPages:         33312 kB
Node 0 Shmem:               624 kB
Node 0 KernelStack:        2372 kB
Node 0 PageTables:         1620 kB
Node 0 NFS_Unstable:          0 kB
Node 0 Bounce:                0 kB
Node 0 WritebackTmp:          0 kB
Node 0 KReclaimable:      19204 kB
Node 0 Slab:              46728 kB
Node 0 SReclaimable:      19204 kB
Node 0 SUnreclaim:        27524 kB
Node 0 AnonHugePages:         0 kB
Node 0 ShmemHugePages:        0 kB
Node 0 ShmemPmdMapped:        0 kB
Node 0 FileHugePages:        0 kB
Node 0 FilePmdMapped:        0 kB
Node 0 HugePages_Total:     0
Node 0 HugePages_Free:      0
Node 0 HugePages_Surp:      0

Node 1 MemTotal:       24686196 kB
Node 1 MemFree:        24172824 kB
Node 1 MemUsed:          513372 kB
Node 1 Active:            63724 kB
Node 1 Inactive:         158484 kB
Node 1 Active(anon):      36560 kB
Node 1 Inactive(anon):      468 kB
Node 1 Active(file):      27164 kB
Node 1 Inactive(file):   158016 kB
Node 1 Unevictable:        1000 kB
Node 1 Mlocked:            1000 kB
Node 1 Dirty:               416 kB
Node 1 Writeback:             0 kB
Node 1 FilePages:        186824 kB
Node 1 Mapped:            38340 kB
Node 1 AnonPages:         36952 kB
Node 1 Shmem:               644 kB
Node 1 KernelStack:        2008 kB
Node 1 PageTables:         1220 kB
Node 1 NFS_Unstable:          0 kB
Node 1 Bounce:                0 kB
Node 1 WritebackTmp:          0 kB
Node 1 KReclaimable:      24684 kB
Node 1 Slab:              66828 kB
Node 1 SReclaimable:      24684 kB
Node 1 SUnreclaim:        42144 kB
Node 1 AnonHugePages:         0 kB
Node 1 ShmemHugePages:        0 kB
Node 1 ShmemPmdMapped:        0 kB
Node 1 FileHugePages:        0 kB
Node 1 FilePmdMapped:        0 kB
Node 1 HugePages_Total:     0
Node 1 HugePages_Free:      0
Node 1 HugePages_Surp:      0

Import tank ZPool
Node 0 MemTotal:       24743736 kB
Node 0 MemFree:        24493332 kB
Node 0 MemUsed:          250404 kB
Node 0 Active:            44880 kB
Node 0 Inactive:          53304 kB
Node 0 Active(anon):       7836 kB
Node 0 Inactive(anon):      480 kB
Node 0 Active(file):      37044 kB
Node 0 Inactive(file):    52824 kB
Node 0 Unevictable:       17756 kB
Node 0 Mlocked:           17756 kB
Node 0 Dirty:                48 kB
Node 0 Writeback:             0 kB
Node 0 FilePages:         97684 kB
Node 0 Mapped:            24352 kB
Node 0 AnonPages:         17720 kB
Node 0 Shmem:               624 kB
Node 0 KernelStack:        1944 kB
Node 0 PageTables:          444 kB
Node 0 NFS_Unstable:          0 kB
Node 0 Bounce:                0 kB
Node 0 WritebackTmp:          0 kB
Node 0 KReclaimable:      19252 kB
Node 0 Slab:              51804 kB
Node 0 SReclaimable:      19252 kB
Node 0 SUnreclaim:        32552 kB
Node 0 AnonHugePages:         0 kB
Node 0 ShmemHugePages:        0 kB
Node 0 ShmemPmdMapped:        0 kB
Node 0 FileHugePages:        0 kB
Node 0 FilePmdMapped:        0 kB
Node 0 HugePages_Total:     0
Node 0 HugePages_Free:      0
Node 0 HugePages_Surp:      0

Node 1 MemTotal:       24686196 kB
Node 1 MemFree:        24166504 kB
Node 1 MemUsed:          519692 kB
Node 1 Active:            54072 kB
Node 1 Inactive:         159116 kB
Node 1 Active(anon):      26092 kB
Node 1 Inactive(anon):      468 kB
Node 1 Active(file):      27980 kB
Node 1 Inactive(file):   158648 kB
Node 1 Unevictable:        1000 kB
Node 1 Mlocked:            1000 kB
Node 1 Dirty:               492 kB
Node 1 Writeback:             0 kB
Node 1 FilePages:        188288 kB
Node 1 Mapped:            35840 kB
Node 1 AnonPages:         25772 kB
Node 1 Shmem:               644 kB
Node 1 KernelStack:        2808 kB
Node 1 PageTables:          744 kB
Node 1 NFS_Unstable:          0 kB
Node 1 Bounce:                0 kB
Node 1 WritebackTmp:          0 kB
Node 1 KReclaimable:      24784 kB
Node 1 Slab:              68924 kB
Node 1 SReclaimable:      24784 kB
Node 1 SUnreclaim:        44140 kB
Node 1 AnonHugePages:         0 kB
Node 1 ShmemHugePages:        0 kB
Node 1 ShmemPmdMapped:        0 kB
Node 1 FileHugePages:        0 kB
Node 1 FilePmdMapped:        0 kB
Node 1 HugePages_Total:     0
Node 1 HugePages_Free:      0
Node 1 HugePages_Surp:      0

After Test
Node 0 MemTotal:       24743736 kB
Node 0 MemFree:        15724128 kB
Node 0 MemUsed:         9019608 kB
Node 0 Active:            44404 kB
Node 0 Inactive:          53368 kB
Node 0 Active(anon):       7348 kB
Node 0 Inactive(anon):      480 kB
Node 0 Active(file):      37056 kB
Node 0 Inactive(file):    52888 kB
Node 0 Unevictable:       17756 kB
Node 0 Mlocked:           17756 kB
Node 0 Dirty:                16 kB
Node 0 Writeback:             0 kB
Node 0 FilePages:         97760 kB
Node 0 Mapped:            24116 kB
Node 0 AnonPages:         17764 kB
Node 0 Shmem:               624 kB
Node 0 KernelStack:        1816 kB
Node 0 PageTables:          384 kB
Node 0 NFS_Unstable:          0 kB
Node 0 Bounce:                0 kB
Node 0 WritebackTmp:          0 kB
Node 0 KReclaimable:      19460 kB
Node 0 Slab:              55012 kB
Node 0 SReclaimable:      19460 kB
Node 0 SUnreclaim:        35552 kB
Node 0 AnonHugePages:         0 kB
Node 0 ShmemHugePages:        0 kB
Node 0 ShmemPmdMapped:        0 kB
Node 0 FileHugePages:        0 kB
Node 0 FilePmdMapped:        0 kB
Node 0 HugePages_Total:     0
Node 0 HugePages_Free:      0
Node 0 HugePages_Surp:      0

Node 1 MemTotal:       24686196 kB
Node 1 MemFree:        23697920 kB
Node 1 MemUsed:          988276 kB
Node 1 Active:            55732 kB
Node 1 Inactive:         160012 kB
Node 1 Active(anon):      26124 kB
Node 1 Inactive(anon):      496 kB
Node 1 Active(file):      29608 kB
Node 1 Inactive(file):   159516 kB
Node 1 Unevictable:        1000 kB
Node 1 Mlocked:            1000 kB
Node 1 Dirty:               132 kB
Node 1 Writeback:             0 kB
Node 1 FilePages:        190860 kB
Node 1 Mapped:            35884 kB
Node 1 AnonPages:         25792 kB
Node 1 Shmem:               688 kB
Node 1 KernelStack:        2840 kB
Node 1 PageTables:          820 kB
Node 1 NFS_Unstable:          0 kB
Node 1 Bounce:                0 kB
Node 1 WritebackTmp:          0 kB
Node 1 KReclaimable:      26188 kB
Node 1 Slab:             101976 kB
Node 1 SReclaimable:      26188 kB
Node 1 SUnreclaim:        75788 kB
Node 1 AnonHugePages:         0 kB
Node 1 ShmemHugePages:        0 kB
Node 1 ShmemPmdMapped:        0 kB
Node 1 FileHugePages:        0 kB
Node 1 FilePmdMapped:        0 kB
Node 1 HugePages_Total:     0
Node 1 HugePages_Free:      0
Node 1 HugePages_Surp:      0

After Opposite Node
Node 0 MemTotal:       24743736 kB
Node 0 MemFree:        15718852 kB
Node 0 MemUsed:         9024884 kB
Node 0 Active:            44856 kB
Node 0 Inactive:          53964 kB
Node 0 Active(anon):       7560 kB
Node 0 Inactive(anon):      516 kB
Node 0 Active(file):      37296 kB
Node 0 Inactive(file):    53448 kB
Node 0 Unevictable:       17756 kB
Node 0 Mlocked:           17756 kB
Node 0 Dirty:                36 kB
Node 0 Writeback:             0 kB
Node 0 FilePages:         98604 kB
Node 0 Mapped:            24160 kB
Node 0 AnonPages:         17828 kB
Node 0 Shmem:               668 kB
Node 0 KernelStack:        1896 kB
Node 0 PageTables:          500 kB
Node 0 NFS_Unstable:          0 kB
Node 0 Bounce:                0 kB
Node 0 WritebackTmp:          0 kB
Node 0 KReclaimable:      19648 kB
Node 0 Slab:              56856 kB
Node 0 SReclaimable:      19648 kB
Node 0 SUnreclaim:        37208 kB
Node 0 AnonHugePages:         0 kB
Node 0 ShmemHugePages:        0 kB
Node 0 ShmemPmdMapped:        0 kB
Node 0 FileHugePages:        0 kB
Node 0 FilePmdMapped:        0 kB
Node 0 HugePages_Total:     0
Node 0 HugePages_Free:      0
Node 0 HugePages_Surp:      0

Node 1 MemTotal:       24686196 kB
Node 1 MemFree:        23701456 kB
Node 1 MemUsed:          984740 kB
Node 1 Active:            55856 kB
Node 1 Inactive:         159784 kB
Node 1 Active(anon):      25928 kB
Node 1 Inactive(anon):      460 kB
Node 1 Active(file):      29928 kB
Node 1 Inactive(file):   159324 kB
Node 1 Unevictable:        1000 kB
Node 1 Mlocked:            1000 kB
Node 1 Dirty:               124 kB
Node 1 Writeback:             0 kB
Node 1 FilePages:        190912 kB
Node 1 Mapped:            35824 kB
Node 1 AnonPages:         25744 kB
Node 1 Shmem:               644 kB
Node 1 KernelStack:        2808 kB
Node 1 PageTables:          708 kB
Node 1 NFS_Unstable:          0 kB
Node 1 Bounce:                0 kB
Node 1 WritebackTmp:          0 kB
Node 1 KReclaimable:      26236 kB
Node 1 Slab:             101664 kB
Node 1 SReclaimable:      26236 kB
Node 1 SUnreclaim:        75428 kB
Node 1 AnonHugePages:         0 kB
Node 1 ShmemHugePages:        0 kB
Node 1 ShmemPmdMapped:        0 kB
Node 1 FileHugePages:        0 kB
Node 1 FilePmdMapped:        0 kB
Node 1 HugePages_Total:     0
Node 1 HugePages_Free:      0
Node 1 HugePages_Surp:      0

B.1.smallfio.8G.3.O Complete!
