B.1.bigfio.8G.2.O
Begin
Node 0 MemTotal:       24768352 kB
Node 0 MemFree:        24429448 kB
Node 0 MemUsed:          338904 kB
Node 0 Active:            51332 kB
Node 0 Inactive:          25340 kB
Node 0 Active(anon):      17420 kB
Node 0 Inactive(anon):      300 kB
Node 0 Active(file):      33912 kB
Node 0 Inactive(file):    25040 kB
Node 0 Unevictable:         692 kB
Node 0 Mlocked:             692 kB
Node 0 Dirty:                20 kB
Node 0 Writeback:             0 kB
Node 0 FilePages:         60112 kB
Node 0 Mapped:            10860 kB
Node 0 AnonPages:         17312 kB
Node 0 Shmem:               436 kB
Node 0 KernelStack:        1928 kB
Node 0 PageTables:          376 kB
Node 0 NFS_Unstable:          0 kB
Node 0 Bounce:                0 kB
Node 0 WritebackTmp:          0 kB
Node 0 KReclaimable:      22704 kB
Node 0 Slab:              46548 kB
Node 0 SReclaimable:      22704 kB
Node 0 SUnreclaim:        23844 kB
Node 0 AnonHugePages:         0 kB
Node 0 ShmemHugePages:        0 kB
Node 0 ShmemPmdMapped:        0 kB
Node 0 FileHugePages:        0 kB
Node 0 FilePmdMapped:        0 kB
Node 0 HugePages_Total:     0
Node 0 HugePages_Free:      0
Node 0 HugePages_Surp:      0

Node 1 MemTotal:       24661580 kB
Node 1 MemFree:        24366496 kB
Node 1 MemUsed:          295084 kB
Node 1 Active:            43148 kB
Node 1 Inactive:          86856 kB
Node 1 Active(anon):      16408 kB
Node 1 Inactive(anon):      552 kB
Node 1 Active(file):      26740 kB
Node 1 Inactive(file):    86304 kB
Node 1 Unevictable:       17828 kB
Node 1 Mlocked:           17828 kB
Node 1 Dirty:               516 kB
Node 1 Writeback:             0 kB
Node 1 FilePages:        121400 kB
Node 1 Mapped:            52576 kB
Node 1 AnonPages:         26476 kB
Node 1 Shmem:               832 kB
Node 1 KernelStack:        1784 kB
Node 1 PageTables:          764 kB
Node 1 NFS_Unstable:          0 kB
Node 1 Bounce:                0 kB
Node 1 WritebackTmp:          0 kB
Node 1 KReclaimable:      19120 kB
Node 1 Slab:              60196 kB
Node 1 SReclaimable:      19120 kB
Node 1 SUnreclaim:        41076 kB
Node 1 AnonHugePages:         0 kB
Node 1 ShmemHugePages:        0 kB
Node 1 ShmemPmdMapped:        0 kB
Node 1 FileHugePages:        0 kB
Node 1 FilePmdMapped:        0 kB
Node 1 HugePages_Total:     0
Node 1 HugePages_Free:      0
Node 1 HugePages_Surp:      0

Load ZFS
Node 0 MemTotal:       24768352 kB
Node 0 MemFree:        24336168 kB
Node 0 MemUsed:          432184 kB
Node 0 Active:            65600 kB
Node 0 Inactive:          95088 kB
Node 0 Active(anon):      29940 kB
Node 0 Inactive(anon):      252 kB
Node 0 Active(file):      35660 kB
Node 0 Inactive(file):    94836 kB
Node 0 Unevictable:         692 kB
Node 0 Mlocked:             692 kB
Node 0 Dirty:                60 kB
Node 0 Writeback:             0 kB
Node 0 FilePages:        131612 kB
Node 0 Mapped:            12916 kB
Node 0 AnonPages:         29696 kB
Node 0 Shmem:               428 kB
Node 0 KernelStack:        2696 kB
Node 0 PageTables:         1992 kB
Node 0 NFS_Unstable:          0 kB
Node 0 Bounce:                0 kB
Node 0 WritebackTmp:          0 kB
Node 0 KReclaimable:      23512 kB
Node 0 Slab:              50676 kB
Node 0 SReclaimable:      23512 kB
Node 0 SUnreclaim:        27164 kB
Node 0 AnonHugePages:         0 kB
Node 0 ShmemHugePages:        0 kB
Node 0 ShmemPmdMapped:        0 kB
Node 0 FileHugePages:        0 kB
Node 0 FilePmdMapped:        0 kB
Node 0 HugePages_Total:     0
Node 0 HugePages_Free:      0
Node 0 HugePages_Surp:      0

Node 1 MemTotal:       24661580 kB
Node 1 MemFree:        24318172 kB
Node 1 MemUsed:          343408 kB
Node 1 Active:            55812 kB
Node 1 Inactive:         120464 kB
Node 1 Active(anon):      28228 kB
Node 1 Inactive(anon):      456 kB
Node 1 Active(file):      27584 kB
Node 1 Inactive(file):   120008 kB
Node 1 Unevictable:       18044 kB
Node 1 Mlocked:           18044 kB
Node 1 Dirty:               588 kB
Node 1 Writeback:             0 kB
Node 1 FilePages:        155936 kB
Node 1 Mapped:            55036 kB
Node 1 AnonPages:         38524 kB
Node 1 Shmem:               844 kB
Node 1 KernelStack:        1792 kB
Node 1 PageTables:          692 kB
Node 1 NFS_Unstable:          0 kB
Node 1 Bounce:                0 kB
Node 1 WritebackTmp:          0 kB
Node 1 KReclaimable:      19696 kB
Node 1 Slab:              62684 kB
Node 1 SReclaimable:      19696 kB
Node 1 SUnreclaim:        42988 kB
Node 1 AnonHugePages:         0 kB
Node 1 ShmemHugePages:        0 kB
Node 1 ShmemPmdMapped:        0 kB
Node 1 FileHugePages:        0 kB
Node 1 FilePmdMapped:        0 kB
Node 1 HugePages_Total:     0
Node 1 HugePages_Free:      0
Node 1 HugePages_Surp:      0

Import tank ZPool
Node 0 MemTotal:       24768352 kB
Node 0 MemFree:        24332720 kB
Node 0 MemUsed:          435632 kB
Node 0 Active:            53580 kB
Node 0 Inactive:          96188 kB
Node 0 Active(anon):      17464 kB
Node 0 Inactive(anon):      524 kB
Node 0 Active(file):      36116 kB
Node 0 Inactive(file):    95664 kB
Node 0 Unevictable:         692 kB
Node 0 Mlocked:             692 kB
Node 0 Dirty:                64 kB
Node 0 Writeback:             0 kB
Node 0 FilePages:        133128 kB
Node 0 Mapped:            11840 kB
Node 0 AnonPages:         16736 kB
Node 0 Shmem:               656 kB
Node 0 KernelStack:        3548 kB
Node 0 PageTables:         1492 kB
Node 0 NFS_Unstable:          0 kB
Node 0 Bounce:                0 kB
Node 0 WritebackTmp:          0 kB
Node 0 KReclaimable:      23672 kB
Node 0 Slab:              56524 kB
Node 0 SReclaimable:      23672 kB
Node 0 SUnreclaim:        32852 kB
Node 0 AnonHugePages:         0 kB
Node 0 ShmemHugePages:        0 kB
Node 0 ShmemPmdMapped:        0 kB
Node 0 FileHugePages:        0 kB
Node 0 FilePmdMapped:        0 kB
Node 0 HugePages_Total:     0
Node 0 HugePages_Free:      0
Node 0 HugePages_Surp:      0

Node 1 MemTotal:       24661580 kB
Node 1 MemFree:        24327888 kB
Node 1 MemUsed:          333692 kB
Node 1 Active:            45260 kB
Node 1 Inactive:         120348 kB
Node 1 Active(anon):      17616 kB
Node 1 Inactive(anon):      424 kB
Node 1 Active(file):      27644 kB
Node 1 Inactive(file):   119924 kB
Node 1 Unevictable:       18056 kB
Node 1 Mlocked:           18056 kB
Node 1 Dirty:               528 kB
Node 1 Writeback:             0 kB
Node 1 FilePages:        155696 kB
Node 1 Mapped:            53012 kB
Node 1 AnonPages:         27144 kB
Node 1 Shmem:               612 kB
Node 1 KernelStack:        1608 kB
Node 1 PageTables:          908 kB
Node 1 NFS_Unstable:          0 kB
Node 1 Bounce:                0 kB
Node 1 WritebackTmp:          0 kB
Node 1 KReclaimable:      19688 kB
Node 1 Slab:              62864 kB
Node 1 SReclaimable:      19688 kB
Node 1 SUnreclaim:        43176 kB
Node 1 AnonHugePages:         0 kB
Node 1 ShmemHugePages:        0 kB
Node 1 ShmemPmdMapped:        0 kB
Node 1 FileHugePages:        0 kB
Node 1 FilePmdMapped:        0 kB
Node 1 HugePages_Total:     0
Node 1 HugePages_Free:      0
Node 1 HugePages_Surp:      0

After Test
Node 0 MemTotal:       24768352 kB
Node 0 MemFree:        23750496 kB
Node 0 MemUsed:         1017856 kB
Node 0 Active:            53328 kB
Node 0 Inactive:          95608 kB
Node 0 Active(anon):      16380 kB
Node 0 Inactive(anon):      520 kB
Node 0 Active(file):      36948 kB
Node 0 Inactive(file):    95088 kB
Node 0 Unevictable:         692 kB
Node 0 Mlocked:             692 kB
Node 0 Dirty:                 0 kB
Node 0 Writeback:             0 kB
Node 0 FilePages:        133384 kB
Node 0 Mapped:            10860 kB
Node 0 AnonPages:         16244 kB
Node 0 Shmem:               656 kB
Node 0 KernelStack:        3080 kB
Node 0 PageTables:          328 kB
Node 0 NFS_Unstable:          0 kB
Node 0 Bounce:                0 kB
Node 0 WritebackTmp:          0 kB
Node 0 KReclaimable:      23760 kB
Node 0 Slab:              58144 kB
Node 0 SReclaimable:      23760 kB
Node 0 SUnreclaim:        34384 kB
Node 0 AnonHugePages:         0 kB
Node 0 ShmemHugePages:        0 kB
Node 0 ShmemPmdMapped:        0 kB
Node 0 FileHugePages:        0 kB
Node 0 FilePmdMapped:        0 kB
Node 0 HugePages_Total:     0
Node 0 HugePages_Free:      0
Node 0 HugePages_Surp:      0

Node 1 MemTotal:       24661580 kB
Node 1 MemFree:        15664320 kB
Node 1 MemUsed:         8997260 kB
Node 1 Active:            45740 kB
Node 1 Inactive:         121164 kB
Node 1 Active(anon):      16832 kB
Node 1 Inactive(anon):      444 kB
Node 1 Active(file):      28908 kB
Node 1 Inactive(file):   120720 kB
Node 1 Unevictable:       18056 kB
Node 1 Mlocked:           18056 kB
Node 1 Dirty:                84 kB
Node 1 Writeback:             0 kB
Node 1 FilePages:        157784 kB
Node 1 Mapped:            52876 kB
Node 1 AnonPages:         27092 kB
Node 1 Shmem:               656 kB
Node 1 KernelStack:        1544 kB
Node 1 PageTables:          884 kB
Node 1 NFS_Unstable:          0 kB
Node 1 Bounce:                0 kB
Node 1 WritebackTmp:          0 kB
Node 1 KReclaimable:      21244 kB
Node 1 Slab:              97264 kB
Node 1 SReclaimable:      21244 kB
Node 1 SUnreclaim:        76020 kB
Node 1 AnonHugePages:         0 kB
Node 1 ShmemHugePages:        0 kB
Node 1 ShmemPmdMapped:        0 kB
Node 1 FileHugePages:        0 kB
Node 1 FilePmdMapped:        0 kB
Node 1 HugePages_Total:     0
Node 1 HugePages_Free:      0
Node 1 HugePages_Surp:      0

After Opposite Node
Node 0 MemTotal:       24768352 kB
Node 0 MemFree:        23748404 kB
Node 0 MemUsed:         1019948 kB
Node 0 Active:            53764 kB
Node 0 Inactive:          95648 kB
Node 0 Active(anon):      16788 kB
Node 0 Inactive(anon):      564 kB
Node 0 Active(file):      36976 kB
Node 0 Inactive(file):    95084 kB
Node 0 Unevictable:         692 kB
Node 0 Mlocked:             692 kB
Node 0 Dirty:                52 kB
Node 0 Writeback:             0 kB
Node 0 FilePages:        133452 kB
Node 0 Mapped:            10904 kB
Node 0 AnonPages:         16528 kB
Node 0 Shmem:               700 kB
Node 0 KernelStack:        3128 kB
Node 0 PageTables:          508 kB
Node 0 NFS_Unstable:          0 kB
Node 0 Bounce:                0 kB
Node 0 WritebackTmp:          0 kB
Node 0 KReclaimable:      23800 kB
Node 0 Slab:              58248 kB
Node 0 SReclaimable:      23800 kB
Node 0 SUnreclaim:        34448 kB
Node 0 AnonHugePages:         0 kB
Node 0 ShmemHugePages:        0 kB
Node 0 ShmemPmdMapped:        0 kB
Node 0 FileHugePages:        0 kB
Node 0 FilePmdMapped:        0 kB
Node 0 HugePages_Total:     0
Node 0 HugePages_Free:      0
Node 0 HugePages_Surp:      0

Node 1 MemTotal:       24661580 kB
Node 1 MemFree:        15665628 kB
Node 1 MemUsed:         8995952 kB
Node 1 Active:            45752 kB
Node 1 Inactive:         120984 kB
Node 1 Active(anon):      16672 kB
Node 1 Inactive(anon):      420 kB
Node 1 Active(file):      29080 kB
Node 1 Inactive(file):   120564 kB
Node 1 Unevictable:       18056 kB
Node 1 Mlocked:           18056 kB
Node 1 Dirty:               140 kB
Node 1 Writeback:             0 kB
Node 1 FilePages:        157756 kB
Node 1 Mapped:            52848 kB
Node 1 AnonPages:         27032 kB
Node 1 Shmem:               612 kB
Node 1 KernelStack:        1512 kB
Node 1 PageTables:          768 kB
Node 1 NFS_Unstable:          0 kB
Node 1 Bounce:                0 kB
Node 1 WritebackTmp:          0 kB
Node 1 KReclaimable:      21248 kB
Node 1 Slab:              97260 kB
Node 1 SReclaimable:      21248 kB
Node 1 SUnreclaim:        76012 kB
Node 1 AnonHugePages:         0 kB
Node 1 ShmemHugePages:        0 kB
Node 1 ShmemPmdMapped:        0 kB
Node 1 FileHugePages:        0 kB
Node 1 FilePmdMapped:        0 kB
Node 1 HugePages_Total:     0
Node 1 HugePages_Free:      0
Node 1 HugePages_Surp:      0

B.1.bigfio.8G.2.O Complete!
