U.1.fio.~1G.9
Begin
Node 0 MemTotal:       24743552 kB
Node 0 MemFree:        24348952 kB
Node 0 MemUsed:          394600 kB
Node 0 Active:            50384 kB
Node 0 Inactive:          61648 kB
Node 0 Active(anon):      21352 kB
Node 0 Inactive(anon):      444 kB
Node 0 Active(file):      29032 kB
Node 0 Inactive(file):    61204 kB
Node 0 Unevictable:        6112 kB
Node 0 Mlocked:            6112 kB
Node 0 Dirty:               120 kB
Node 0 Writeback:             0 kB
Node 0 FilePages:         97036 kB
Node 0 Mapped:            25860 kB
Node 0 AnonPages:         21228 kB
Node 0 Shmem:               656 kB
Node 0 KernelStack:        2168 kB
Node 0 PageTables:          656 kB
Node 0 NFS_Unstable:          0 kB
Node 0 Bounce:                0 kB
Node 0 WritebackTmp:          0 kB
Node 0 KReclaimable:      20104 kB
Node 0 Slab:              53616 kB
Node 0 SReclaimable:      20104 kB
Node 0 SUnreclaim:        33512 kB
Node 0 AnonHugePages:         0 kB
Node 0 ShmemHugePages:        0 kB
Node 0 ShmemPmdMapped:        0 kB
Node 0 FileHugePages:        0 kB
Node 0 FilePmdMapped:        0 kB
Node 0 HugePages_Total:     0
Node 0 HugePages_Free:      0
Node 0 HugePages_Surp:      0

Node 1 MemTotal:       24686196 kB
Node 1 MemFree:        24439324 kB
Node 1 MemUsed:          246872 kB
Node 1 Active:            49424 kB
Node 1 Inactive:          51504 kB
Node 1 Active(anon):      13420 kB
Node 1 Inactive(anon):      396 kB
Node 1 Active(file):      36004 kB
Node 1 Inactive(file):    51108 kB
Node 1 Unevictable:       12284 kB
Node 1 Mlocked:           12284 kB
Node 1 Dirty:               292 kB
Node 1 Writeback:             0 kB
Node 1 FilePages:         89724 kB
Node 1 Mapped:            47080 kB
Node 1 AnonPages:         23504 kB
Node 1 Shmem:               528 kB
Node 1 KernelStack:        1432 kB
Node 1 PageTables:          556 kB
Node 1 NFS_Unstable:          0 kB
Node 1 Bounce:                0 kB
Node 1 WritebackTmp:          0 kB
Node 1 KReclaimable:      21456 kB
Node 1 Slab:              54676 kB
Node 1 SReclaimable:      21456 kB
Node 1 SUnreclaim:        33220 kB
Node 1 AnonHugePages:         0 kB
Node 1 ShmemHugePages:        0 kB
Node 1 ShmemPmdMapped:        0 kB
Node 1 FileHugePages:        0 kB
Node 1 FilePmdMapped:        0 kB
Node 1 HugePages_Total:     0
Node 1 HugePages_Free:      0
Node 1 HugePages_Surp:      0

Load ZFS
Node 0 MemTotal:       24743552 kB
Node 0 MemFree:        24348808 kB
Node 0 MemUsed:          394744 kB
Node 0 Active:            50384 kB
Node 0 Inactive:          61648 kB
Node 0 Active(anon):      21352 kB
Node 0 Inactive(anon):      444 kB
Node 0 Active(file):      29032 kB
Node 0 Inactive(file):    61204 kB
Node 0 Unevictable:        6112 kB
Node 0 Mlocked:            6112 kB
Node 0 Dirty:               120 kB
Node 0 Writeback:             0 kB
Node 0 FilePages:         97036 kB
Node 0 Mapped:            25860 kB
Node 0 AnonPages:         21376 kB
Node 0 Shmem:               656 kB
Node 0 KernelStack:        2168 kB
Node 0 PageTables:          656 kB
Node 0 NFS_Unstable:          0 kB
Node 0 Bounce:                0 kB
Node 0 WritebackTmp:          0 kB
Node 0 KReclaimable:      20104 kB
Node 0 Slab:              53912 kB
Node 0 SReclaimable:      20104 kB
Node 0 SUnreclaim:        33808 kB
Node 0 AnonHugePages:         0 kB
Node 0 ShmemHugePages:        0 kB
Node 0 ShmemPmdMapped:        0 kB
Node 0 FileHugePages:        0 kB
Node 0 FilePmdMapped:        0 kB
Node 0 HugePages_Total:     0
Node 0 HugePages_Free:      0
Node 0 HugePages_Surp:      0

Node 1 MemTotal:       24686196 kB
Node 1 MemFree:        24439324 kB
Node 1 MemUsed:          246872 kB
Node 1 Active:            49424 kB
Node 1 Inactive:          51504 kB
Node 1 Active(anon):      13420 kB
Node 1 Inactive(anon):      396 kB
Node 1 Active(file):      36004 kB
Node 1 Inactive(file):    51108 kB
Node 1 Unevictable:       12284 kB
Node 1 Mlocked:           12284 kB
Node 1 Dirty:               292 kB
Node 1 Writeback:             0 kB
Node 1 FilePages:         89724 kB
Node 1 Mapped:            47080 kB
Node 1 AnonPages:         23504 kB
Node 1 Shmem:               528 kB
Node 1 KernelStack:        1432 kB
Node 1 PageTables:          556 kB
Node 1 NFS_Unstable:          0 kB
Node 1 Bounce:                0 kB
Node 1 WritebackTmp:          0 kB
Node 1 KReclaimable:      21456 kB
Node 1 Slab:              54676 kB
Node 1 SReclaimable:      21456 kB
Node 1 SUnreclaim:        33220 kB
Node 1 AnonHugePages:         0 kB
Node 1 ShmemHugePages:        0 kB
Node 1 ShmemPmdMapped:        0 kB
Node 1 FileHugePages:        0 kB
Node 1 FilePmdMapped:        0 kB
Node 1 HugePages_Total:     0
Node 1 HugePages_Free:      0
Node 1 HugePages_Surp:      0

Import tank ZPool
Node 0 MemTotal:       24743552 kB
Node 0 MemFree:        24329188 kB
Node 0 MemUsed:          414364 kB
Node 0 Active:            50788 kB
Node 0 Inactive:          63156 kB
Node 0 Active(anon):      21552 kB
Node 0 Inactive(anon):      448 kB
Node 0 Active(file):      29236 kB
Node 0 Inactive(file):    62708 kB
Node 0 Unevictable:        6112 kB
Node 0 Mlocked:            6112 kB
Node 0 Dirty:               144 kB
Node 0 Writeback:             0 kB
Node 0 FilePages:         98712 kB
Node 0 Mapped:            26020 kB
Node 0 AnonPages:         21456 kB
Node 0 Shmem:               660 kB
Node 0 KernelStack:        3304 kB
Node 0 PageTables:          736 kB
Node 0 NFS_Unstable:          0 kB
Node 0 Bounce:                0 kB
Node 0 WritebackTmp:          0 kB
Node 0 KReclaimable:      20476 kB
Node 0 Slab:              61796 kB
Node 0 SReclaimable:      20476 kB
Node 0 SUnreclaim:        41320 kB
Node 0 AnonHugePages:         0 kB
Node 0 ShmemHugePages:        0 kB
Node 0 ShmemPmdMapped:        0 kB
Node 0 FileHugePages:        0 kB
Node 0 FilePmdMapped:        0 kB
Node 0 HugePages_Total:     0
Node 0 HugePages_Free:      0
Node 0 HugePages_Surp:      0

Node 1 MemTotal:       24686196 kB
Node 1 MemFree:        24439936 kB
Node 1 MemUsed:          246260 kB
Node 1 Active:            49424 kB
Node 1 Inactive:          51504 kB
Node 1 Active(anon):      13420 kB
Node 1 Inactive(anon):      396 kB
Node 1 Active(file):      36004 kB
Node 1 Inactive(file):    51108 kB
Node 1 Unevictable:       12284 kB
Node 1 Mlocked:           12284 kB
Node 1 Dirty:               304 kB
Node 1 Writeback:             0 kB
Node 1 FilePages:         89756 kB
Node 1 Mapped:            47100 kB
Node 1 AnonPages:         23508 kB
Node 1 Shmem:               528 kB
Node 1 KernelStack:        1448 kB
Node 1 PageTables:          556 kB
Node 1 NFS_Unstable:          0 kB
Node 1 Bounce:                0 kB
Node 1 WritebackTmp:          0 kB
Node 1 KReclaimable:      21456 kB
Node 1 Slab:              54836 kB
Node 1 SReclaimable:      21456 kB
Node 1 SUnreclaim:        33380 kB
Node 1 AnonHugePages:         0 kB
Node 1 ShmemHugePages:        0 kB
Node 1 ShmemPmdMapped:        0 kB
Node 1 FileHugePages:        0 kB
Node 1 FilePmdMapped:        0 kB
Node 1 HugePages_Total:     0
Node 1 HugePages_Free:      0
Node 1 HugePages_Surp:      0

After Test
Node 0 MemTotal:       24743552 kB
Node 0 MemFree:        24253164 kB
Node 0 MemUsed:          490388 kB
Node 0 Active:            49724 kB
Node 0 Inactive:          63168 kB
Node 0 Active(anon):      20332 kB
Node 0 Inactive(anon):      448 kB
Node 0 Active(file):      29392 kB
Node 0 Inactive(file):    62720 kB
Node 0 Unevictable:        6112 kB
Node 0 Mlocked:            6112 kB
Node 0 Dirty:                16 kB
Node 0 Writeback:             0 kB
Node 0 FilePages:         98880 kB
Node 0 Mapped:            25864 kB
Node 0 AnonPages:         20120 kB
Node 0 Shmem:               660 kB
Node 0 KernelStack:        3288 kB
Node 0 PageTables:          592 kB
Node 0 NFS_Unstable:          0 kB
Node 0 Bounce:                0 kB
Node 0 WritebackTmp:          0 kB
Node 0 KReclaimable:      20480 kB
Node 0 Slab:              61892 kB
Node 0 SReclaimable:      20480 kB
Node 0 SUnreclaim:        41412 kB
Node 0 AnonHugePages:         0 kB
Node 0 ShmemHugePages:        0 kB
Node 0 ShmemPmdMapped:        0 kB
Node 0 FileHugePages:        0 kB
Node 0 FilePmdMapped:        0 kB
Node 0 HugePages_Total:     0
Node 0 HugePages_Free:      0
Node 0 HugePages_Surp:      0

Node 1 MemTotal:       24686196 kB
Node 1 MemFree:        23076564 kB
Node 1 MemUsed:         1609632 kB
Node 1 Active:            49960 kB
Node 1 Inactive:          52660 kB
Node 1 Active(anon):      13072 kB
Node 1 Inactive(anon):      432 kB
Node 1 Active(file):      36888 kB
Node 1 Inactive(file):    52228 kB
Node 1 Unevictable:       12284 kB
Node 1 Mlocked:           12284 kB
Node 1 Dirty:                12 kB
Node 1 Writeback:             0 kB
Node 1 FilePages:         91772 kB
Node 1 Mapped:            47312 kB
Node 1 AnonPages:         23000 kB
Node 1 Shmem:               572 kB
Node 1 KernelStack:        1480 kB
Node 1 PageTables:          676 kB
Node 1 NFS_Unstable:          0 kB
Node 1 Bounce:                0 kB
Node 1 WritebackTmp:          0 kB
Node 1 KReclaimable:      22836 kB
Node 1 Slab:              64896 kB
Node 1 SReclaimable:      22836 kB
Node 1 SUnreclaim:        42060 kB
Node 1 AnonHugePages:         0 kB
Node 1 ShmemHugePages:        0 kB
Node 1 ShmemPmdMapped:        0 kB
Node 1 FileHugePages:        0 kB
Node 1 FilePmdMapped:        0 kB
Node 1 HugePages_Total:     0
Node 1 HugePages_Free:      0
Node 1 HugePages_Surp:      0

U.1.fio.~1G.9 Complete!
