kernel.numa_balancing = 0
60 Tests Remaining!
U.1.fio.250M.1.O
Begin
Node 0 MemTotal:       24743736 kB
Node 0 MemFree:        24300900 kB
Node 0 MemUsed:          442836 kB
Node 0 Active:            57180 kB
Node 0 Inactive:          95468 kB
Node 0 Active(anon):      26288 kB
Node 0 Inactive(anon):      480 kB
Node 0 Active(file):      30892 kB
Node 0 Inactive(file):    94988 kB
Node 0 Unevictable:        4884 kB
Node 0 Mlocked:            4884 kB
Node 0 Dirty:               140 kB
Node 0 Writeback:             0 kB
Node 0 FilePages:        131468 kB
Node 0 Mapped:            40596 kB
Node 0 AnonPages:         25908 kB
Node 0 Shmem:               700 kB
Node 0 KernelStack:        2200 kB
Node 0 PageTables:          852 kB
Node 0 NFS_Unstable:          0 kB
Node 0 Bounce:                0 kB
Node 0 WritebackTmp:          0 kB
Node 0 KReclaimable:      26136 kB
Node 0 Slab:              68132 kB
Node 0 SReclaimable:      26136 kB
Node 0 SUnreclaim:        41996 kB
Node 0 AnonHugePages:         0 kB
Node 0 ShmemHugePages:        0 kB
Node 0 ShmemPmdMapped:        0 kB
Node 0 FileHugePages:        0 kB
Node 0 FilePmdMapped:        0 kB
Node 0 HugePages_Total:     0
Node 0 HugePages_Free:      0
Node 0 HugePages_Surp:      0

Node 1 MemTotal:       24686196 kB
Node 1 MemFree:        24500040 kB
Node 1 MemUsed:          186156 kB
Node 1 Active:            41520 kB
Node 1 Inactive:           9892 kB
Node 1 Active(anon):       8764 kB
Node 1 Inactive(anon):      404 kB
Node 1 Active(file):      32756 kB
Node 1 Inactive(file):     9488 kB
Node 1 Unevictable:       13636 kB
Node 1 Mlocked:           13636 kB
Node 1 Dirty:               296 kB
Node 1 Writeback:             0 kB
Node 1 FilePages:         46124 kB
Node 1 Mapped:            12664 kB
Node 1 AnonPages:         19084 kB
Node 1 Shmem:               568 kB
Node 1 KernelStack:        1672 kB
Node 1 PageTables:          472 kB
Node 1 NFS_Unstable:          0 kB
Node 1 Bounce:                0 kB
Node 1 WritebackTmp:          0 kB
Node 1 KReclaimable:      16732 kB
Node 1 Slab:              39716 kB
Node 1 SReclaimable:      16732 kB
Node 1 SUnreclaim:        22984 kB
Node 1 AnonHugePages:         0 kB
Node 1 ShmemHugePages:        0 kB
Node 1 ShmemPmdMapped:        0 kB
Node 1 FileHugePages:        0 kB
Node 1 FilePmdMapped:        0 kB
Node 1 HugePages_Total:     0
Node 1 HugePages_Free:      0
Node 1 HugePages_Surp:      0

Load ZFS
Node 0 MemTotal:       24743736 kB
Node 0 MemFree:        24296172 kB
Node 0 MemUsed:          447564 kB
Node 0 Active:            63176 kB
Node 0 Inactive:          91088 kB
Node 0 Active(anon):      26004 kB
Node 0 Inactive(anon):      480 kB
Node 0 Active(file):      37172 kB
Node 0 Inactive(file):    90608 kB
Node 0 Unevictable:        4884 kB
Node 0 Mlocked:            4884 kB
Node 0 Dirty:               256 kB
Node 0 Writeback:             0 kB
Node 0 FilePages:        133368 kB
Node 0 Mapped:            40428 kB
Node 0 AnonPages:         25652 kB
Node 0 Shmem:               700 kB
Node 0 KernelStack:        2120 kB
Node 0 PageTables:          728 kB
Node 0 NFS_Unstable:          0 kB
Node 0 Bounce:                0 kB
Node 0 WritebackTmp:          0 kB
Node 0 KReclaimable:      26400 kB
Node 0 Slab:              69184 kB
Node 0 SReclaimable:      26400 kB
Node 0 SUnreclaim:        42784 kB
Node 0 AnonHugePages:         0 kB
Node 0 ShmemHugePages:        0 kB
Node 0 ShmemPmdMapped:        0 kB
Node 0 FileHugePages:        0 kB
Node 0 FilePmdMapped:        0 kB
Node 0 HugePages_Total:     0
Node 0 HugePages_Free:      0
Node 0 HugePages_Surp:      0

Node 1 MemTotal:       24686196 kB
Node 1 MemFree:        24495296 kB
Node 1 MemUsed:          190900 kB
Node 1 Active:            43684 kB
Node 1 Inactive:          10284 kB
Node 1 Active(anon):      10656 kB
Node 1 Inactive(anon):      404 kB
Node 1 Active(file):      33028 kB
Node 1 Inactive(file):     9880 kB
Node 1 Unevictable:       13636 kB
Node 1 Mlocked:           13636 kB
Node 1 Dirty:                36 kB
Node 1 Writeback:             0 kB
Node 1 FilePages:         46788 kB
Node 1 Mapped:            12824 kB
Node 1 AnonPages:         20884 kB
Node 1 Shmem:               568 kB
Node 1 KernelStack:        1592 kB
Node 1 PageTables:          560 kB
Node 1 NFS_Unstable:          0 kB
Node 1 Bounce:                0 kB
Node 1 WritebackTmp:          0 kB
Node 1 KReclaimable:      17176 kB
Node 1 Slab:              41688 kB
Node 1 SReclaimable:      17176 kB
Node 1 SUnreclaim:        24512 kB
Node 1 AnonHugePages:         0 kB
Node 1 ShmemHugePages:        0 kB
Node 1 ShmemPmdMapped:        0 kB
Node 1 FileHugePages:        0 kB
Node 1 FilePmdMapped:        0 kB
Node 1 HugePages_Total:     0
Node 1 HugePages_Free:      0
Node 1 HugePages_Surp:      0

Import tank ZPool
Node 0 MemTotal:       24743736 kB
Node 0 MemFree:        24279580 kB
Node 0 MemUsed:          464156 kB
Node 0 Active:            63544 kB
Node 0 Inactive:          92216 kB
Node 0 Active(anon):      25776 kB
Node 0 Inactive(anon):      484 kB
Node 0 Active(file):      37768 kB
Node 0 Inactive(file):    91732 kB
Node 0 Unevictable:        4884 kB
Node 0 Mlocked:            4884 kB
Node 0 Dirty:               208 kB
Node 0 Writeback:             0 kB
Node 0 FilePages:        135104 kB
Node 0 Mapped:            40600 kB
Node 0 AnonPages:         25384 kB
Node 0 Shmem:               700 kB
Node 0 KernelStack:        3208 kB
Node 0 PageTables:          816 kB
Node 0 NFS_Unstable:          0 kB
Node 0 Bounce:                0 kB
Node 0 WritebackTmp:          0 kB
Node 0 KReclaimable:      26568 kB
Node 0 Slab:              75932 kB
Node 0 SReclaimable:      26568 kB
Node 0 SUnreclaim:        49364 kB
Node 0 AnonHugePages:         0 kB
Node 0 ShmemHugePages:        0 kB
Node 0 ShmemPmdMapped:        0 kB
Node 0 FileHugePages:        0 kB
Node 0 FilePmdMapped:        0 kB
Node 0 HugePages_Total:     0
Node 0 HugePages_Free:      0
Node 0 HugePages_Surp:      0

Node 1 MemTotal:       24686196 kB
Node 1 MemFree:        24494376 kB
Node 1 MemUsed:          191820 kB
Node 1 Active:            40908 kB
Node 1 Inactive:          10284 kB
Node 1 Active(anon):       7880 kB
Node 1 Inactive(anon):      404 kB
Node 1 Active(file):      33028 kB
Node 1 Inactive(file):     9880 kB
Node 1 Unevictable:       13636 kB
Node 1 Mlocked:           13636 kB
Node 1 Dirty:                24 kB
Node 1 Writeback:             0 kB
Node 1 FilePages:         46788 kB
Node 1 Mapped:            12684 kB
Node 1 AnonPages:         18040 kB
Node 1 Shmem:               568 kB
Node 1 KernelStack:        1528 kB
Node 1 PageTables:          344 kB
Node 1 NFS_Unstable:          0 kB
Node 1 Bounce:                0 kB
Node 1 WritebackTmp:          0 kB
Node 1 KReclaimable:      17176 kB
Node 1 Slab:              42168 kB
Node 1 SReclaimable:      17176 kB
Node 1 SUnreclaim:        24992 kB
Node 1 AnonHugePages:         0 kB
Node 1 ShmemHugePages:        0 kB
Node 1 ShmemPmdMapped:        0 kB
Node 1 FileHugePages:        0 kB
Node 1 FilePmdMapped:        0 kB
Node 1 HugePages_Total:     0
Node 1 HugePages_Free:      0
Node 1 HugePages_Surp:      0

After Test
Node 0 MemTotal:       24743736 kB
Node 0 MemFree:        24280280 kB
Node 0 MemUsed:          463456 kB
Node 0 Active:            63400 kB
Node 0 Inactive:          91952 kB
Node 0 Active(anon):      25180 kB
Node 0 Inactive(anon):      484 kB
Node 0 Active(file):      38220 kB
Node 0 Inactive(file):    91468 kB
Node 0 Unevictable:        4884 kB
Node 0 Mlocked:            4884 kB
Node 0 Dirty:               208 kB
Node 0 Writeback:             0 kB
Node 0 FilePages:        135268 kB
Node 0 Mapped:            40432 kB
Node 0 AnonPages:         24964 kB
Node 0 Shmem:               700 kB
Node 0 KernelStack:        3192 kB
Node 0 PageTables:          700 kB
Node 0 NFS_Unstable:          0 kB
Node 0 Bounce:                0 kB
Node 0 WritebackTmp:          0 kB
Node 0 KReclaimable:      26572 kB
Node 0 Slab:              76112 kB
Node 0 SReclaimable:      26572 kB
Node 0 SUnreclaim:        49540 kB
Node 0 AnonHugePages:         0 kB
Node 0 ShmemHugePages:        0 kB
Node 0 ShmemPmdMapped:        0 kB
Node 0 FileHugePages:        0 kB
Node 0 FilePmdMapped:        0 kB
Node 0 HugePages_Total:     0
Node 0 HugePages_Free:      0
Node 0 HugePages_Surp:      0

Node 1 MemTotal:       24686196 kB
Node 1 MemFree:        23961940 kB
Node 1 MemUsed:          724256 kB
Node 1 Active:            41412 kB
Node 1 Inactive:          11536 kB
Node 1 Active(anon):       7784 kB
Node 1 Inactive(anon):      456 kB
Node 1 Active(file):      33628 kB
Node 1 Inactive(file):    11080 kB
Node 1 Unevictable:       13636 kB
Node 1 Mlocked:           13636 kB
Node 1 Dirty:                24 kB
Node 1 Writeback:             0 kB
Node 1 FilePages:         48676 kB
Node 1 Mapped:            13140 kB
Node 1 AnonPages:         17776 kB
Node 1 Shmem:               656 kB
Node 1 KernelStack:        1624 kB
Node 1 PageTables:          604 kB
Node 1 NFS_Unstable:          0 kB
Node 1 Bounce:                0 kB
Node 1 WritebackTmp:          0 kB
Node 1 KReclaimable:      18524 kB
Node 1 Slab:              46180 kB
Node 1 SReclaimable:      18524 kB
Node 1 SUnreclaim:        27656 kB
Node 1 AnonHugePages:         0 kB
Node 1 ShmemHugePages:        0 kB
Node 1 ShmemPmdMapped:        0 kB
Node 1 FileHugePages:        0 kB
Node 1 FilePmdMapped:        0 kB
Node 1 HugePages_Total:     0
Node 1 HugePages_Free:      0
Node 1 HugePages_Surp:      0

After Opposite Node
Node 0 MemTotal:       24743736 kB
Node 0 MemFree:        24279584 kB
Node 0 MemUsed:          464152 kB
Node 0 Active:            63784 kB
Node 0 Inactive:          91936 kB
Node 0 Active(anon):      25372 kB
Node 0 Inactive(anon):      512 kB
Node 0 Active(file):      38412 kB
Node 0 Inactive(file):    91424 kB
Node 0 Unevictable:        4884 kB
Node 0 Mlocked:            4884 kB
Node 0 Dirty:               128 kB
Node 0 Writeback:             0 kB
Node 0 FilePages:        135460 kB
Node 0 Mapped:            40476 kB
Node 0 AnonPages:         25104 kB
Node 0 Shmem:               744 kB
Node 0 KernelStack:        3208 kB
Node 0 PageTables:          872 kB
Node 0 NFS_Unstable:          0 kB
Node 0 Bounce:                0 kB
Node 0 WritebackTmp:          0 kB
Node 0 KReclaimable:      26612 kB
Node 0 Slab:              76268 kB
Node 0 SReclaimable:      26612 kB
Node 0 SUnreclaim:        49656 kB
Node 0 AnonHugePages:         0 kB
Node 0 ShmemHugePages:        0 kB
Node 0 ShmemPmdMapped:        0 kB
Node 0 FileHugePages:        0 kB
Node 0 FilePmdMapped:        0 kB
Node 0 HugePages_Total:     0
Node 0 HugePages_Free:      0
Node 0 HugePages_Surp:      0

Node 1 MemTotal:       24686196 kB
Node 1 MemFree:        23960488 kB
Node 1 MemUsed:          725708 kB
Node 1 Active:            41444 kB
Node 1 Inactive:          11272 kB
Node 1 Active(anon):       7588 kB
Node 1 Inactive(anon):      404 kB
Node 1 Active(file):      33856 kB
Node 1 Inactive(file):    10868 kB
Node 1 Unevictable:       13636 kB
Node 1 Mlocked:           13636 kB
Node 1 Dirty:                32 kB
Node 1 Writeback:             0 kB
Node 1 FilePages:         48604 kB
Node 1 Mapped:            12892 kB
Node 1 AnonPages:         17748 kB
Node 1 Shmem:               568 kB
Node 1 KernelStack:        1528 kB
Node 1 PageTables:          344 kB
Node 1 NFS_Unstable:          0 kB
Node 1 Bounce:                0 kB
Node 1 WritebackTmp:          0 kB
Node 1 KReclaimable:      18524 kB
Node 1 Slab:              46552 kB
Node 1 SReclaimable:      18524 kB
Node 1 SUnreclaim:        28028 kB
Node 1 AnonHugePages:         0 kB
Node 1 ShmemHugePages:        0 kB
Node 1 ShmemPmdMapped:        0 kB
Node 1 FileHugePages:        0 kB
Node 1 FilePmdMapped:        0 kB
Node 1 HugePages_Total:     0
Node 1 HugePages_Free:      0
Node 1 HugePages_Surp:      0

U.1.fio.250M.1.O Complete!
