kernel.numa_balancing = 0
U.1.fio.2G.3.O
Begin
Node 0 MemTotal:       24743736 kB
Node 0 MemFree:        24550900 kB
Node 0 MemUsed:          192836 kB
Node 0 Active:            40240 kB
Node 0 Inactive:          19000 kB
Node 0 Active(anon):      21364 kB
Node 0 Inactive(anon):      336 kB
Node 0 Active(file):      18876 kB
Node 0 Inactive(file):    18664 kB
Node 0 Unevictable:        1244 kB
Node 0 Mlocked:            1244 kB
Node 0 Dirty:                28 kB
Node 0 Writeback:             0 kB
Node 0 FilePages:         39360 kB
Node 0 Mapped:            11716 kB
Node 0 AnonPages:         21168 kB
Node 0 Shmem:               568 kB
Node 0 KernelStack:        2280 kB
Node 0 PageTables:          436 kB
Node 0 NFS_Unstable:          0 kB
Node 0 Bounce:                0 kB
Node 0 WritebackTmp:          0 kB
Node 0 KReclaimable:      16736 kB
Node 0 Slab:              50556 kB
Node 0 SReclaimable:      16736 kB
Node 0 SUnreclaim:        33820 kB
Node 0 AnonHugePages:         0 kB
Node 0 ShmemHugePages:        0 kB
Node 0 ShmemPmdMapped:        0 kB
Node 0 FileHugePages:        0 kB
Node 0 FilePmdMapped:        0 kB
Node 0 HugePages_Total:     0
Node 0 HugePages_Free:      0
Node 0 HugePages_Surp:      0

Node 1 MemTotal:       24686196 kB
Node 1 MemFree:        24265296 kB
Node 1 MemUsed:          420900 kB
Node 1 Active:            54524 kB
Node 1 Inactive:          74272 kB
Node 1 Active(anon):      11820 kB
Node 1 Inactive(anon):      544 kB
Node 1 Active(file):      42704 kB
Node 1 Inactive(file):    73728 kB
Node 1 Unevictable:       17276 kB
Node 1 Mlocked:           17276 kB
Node 1 Dirty:               136 kB
Node 1 Writeback:             0 kB
Node 1 FilePages:        124236 kB
Node 1 Mapped:            33436 kB
Node 1 AnonPages:         22072 kB
Node 1 Shmem:               700 kB
Node 1 KernelStack:        1336 kB
Node 1 PageTables:          600 kB
Node 1 NFS_Unstable:          0 kB
Node 1 Bounce:                0 kB
Node 1 WritebackTmp:          0 kB
Node 1 KReclaimable:      25624 kB
Node 1 Slab:              54636 kB
Node 1 SReclaimable:      25624 kB
Node 1 SUnreclaim:        29012 kB
Node 1 AnonHugePages:         0 kB
Node 1 ShmemHugePages:        0 kB
Node 1 ShmemPmdMapped:        0 kB
Node 1 FileHugePages:        0 kB
Node 1 FilePmdMapped:        0 kB
Node 1 HugePages_Total:     0
Node 1 HugePages_Free:      0
Node 1 HugePages_Surp:      0

Load ZFS
Node 0 MemTotal:       24743736 kB
Node 0 MemFree:        24542284 kB
Node 0 MemUsed:          201452 kB
Node 0 Active:            46560 kB
Node 0 Inactive:          19372 kB
Node 0 Active(anon):      27068 kB
Node 0 Inactive(anon):      340 kB
Node 0 Active(file):      19492 kB
Node 0 Inactive(file):    19032 kB
Node 0 Unevictable:        1244 kB
Node 0 Mlocked:            1244 kB
Node 0 Dirty:                32 kB
Node 0 Writeback:             0 kB
Node 0 FilePages:         40336 kB
Node 0 Mapped:            11864 kB
Node 0 AnonPages:         26936 kB
Node 0 Shmem:               568 kB
Node 0 KernelStack:        2360 kB
Node 0 PageTables:          660 kB
Node 0 NFS_Unstable:          0 kB
Node 0 Bounce:                0 kB
Node 0 WritebackTmp:          0 kB
Node 0 KReclaimable:      17216 kB
Node 0 Slab:              52792 kB
Node 0 SReclaimable:      17216 kB
Node 0 SUnreclaim:        35576 kB
Node 0 AnonHugePages:         0 kB
Node 0 ShmemHugePages:        0 kB
Node 0 ShmemPmdMapped:        0 kB
Node 0 FileHugePages:        0 kB
Node 0 FilePmdMapped:        0 kB
Node 0 HugePages_Total:     0
Node 0 HugePages_Free:      0
Node 0 HugePages_Surp:      0

Node 1 MemTotal:       24686196 kB
Node 1 MemFree:        24259500 kB
Node 1 MemUsed:          426696 kB
Node 1 Active:            64264 kB
Node 1 Inactive:          69852 kB
Node 1 Active(anon):      15560 kB
Node 1 Inactive(anon):      544 kB
Node 1 Active(file):      48704 kB
Node 1 Inactive(file):    69308 kB
Node 1 Unevictable:       17276 kB
Node 1 Mlocked:           17276 kB
Node 1 Dirty:               164 kB
Node 1 Writeback:             0 kB
Node 1 FilePages:        125660 kB
Node 1 Mapped:            33392 kB
Node 1 AnonPages:         25480 kB
Node 1 Shmem:               700 kB
Node 1 KernelStack:        1432 kB
Node 1 PageTables:          940 kB
Node 1 NFS_Unstable:          0 kB
Node 1 Bounce:                0 kB
Node 1 WritebackTmp:          0 kB
Node 1 KReclaimable:      26132 kB
Node 1 Slab:              56684 kB
Node 1 SReclaimable:      26132 kB
Node 1 SUnreclaim:        30552 kB
Node 1 AnonHugePages:         0 kB
Node 1 ShmemHugePages:        0 kB
Node 1 ShmemPmdMapped:        0 kB
Node 1 FileHugePages:        0 kB
Node 1 FilePmdMapped:        0 kB
Node 1 HugePages_Total:     0
Node 1 HugePages_Free:      0
Node 1 HugePages_Surp:      0

Import tank ZPool
Node 0 MemTotal:       24743736 kB
Node 0 MemFree:        24528072 kB
Node 0 MemUsed:          215664 kB
Node 0 Active:            46616 kB
Node 0 Inactive:          19376 kB
Node 0 Active(anon):      27088 kB
Node 0 Inactive(anon):      340 kB
Node 0 Active(file):      19528 kB
Node 0 Inactive(file):    19036 kB
Node 0 Unevictable:        1244 kB
Node 0 Mlocked:            1244 kB
Node 0 Dirty:                32 kB
Node 0 Writeback:             0 kB
Node 0 FilePages:         40376 kB
Node 0 Mapped:            11728 kB
Node 0 AnonPages:         26936 kB
Node 0 Shmem:               568 kB
Node 0 KernelStack:        3432 kB
Node 0 PageTables:          660 kB
Node 0 NFS_Unstable:          0 kB
Node 0 Bounce:                0 kB
Node 0 WritebackTmp:          0 kB
Node 0 KReclaimable:      17216 kB
Node 0 Slab:              55292 kB
Node 0 SReclaimable:      17216 kB
Node 0 SUnreclaim:        38076 kB
Node 0 AnonHugePages:         0 kB
Node 0 ShmemHugePages:        0 kB
Node 0 ShmemPmdMapped:        0 kB
Node 0 FileHugePages:        0 kB
Node 0 FilePmdMapped:        0 kB
Node 0 HugePages_Total:     0
Node 0 HugePages_Free:      0
Node 0 HugePages_Surp:      0

Node 1 MemTotal:       24686196 kB
Node 1 MemFree:        24251020 kB
Node 1 MemUsed:          435176 kB
Node 1 Active:            64912 kB
Node 1 Inactive:          71048 kB
Node 1 Active(anon):      15712 kB
Node 1 Inactive(anon):      548 kB
Node 1 Active(file):      49200 kB
Node 1 Inactive(file):    70500 kB
Node 1 Unevictable:       17276 kB
Node 1 Mlocked:           17276 kB
Node 1 Dirty:               208 kB
Node 1 Writeback:             0 kB
Node 1 FilePages:        127364 kB
Node 1 Mapped:            33548 kB
Node 1 AnonPages:         25572 kB
Node 1 Shmem:               700 kB
Node 1 KernelStack:        1512 kB
Node 1 PageTables:         1028 kB
Node 1 NFS_Unstable:          0 kB
Node 1 Bounce:                0 kB
Node 1 WritebackTmp:          0 kB
Node 1 KReclaimable:      26252 kB
Node 1 Slab:              61900 kB
Node 1 SReclaimable:      26252 kB
Node 1 SUnreclaim:        35648 kB
Node 1 AnonHugePages:         0 kB
Node 1 ShmemHugePages:        0 kB
Node 1 ShmemPmdMapped:        0 kB
Node 1 FileHugePages:        0 kB
Node 1 FilePmdMapped:        0 kB
Node 1 HugePages_Total:     0
Node 1 HugePages_Free:      0
Node 1 HugePages_Surp:      0

After Test
Node 0 MemTotal:       24743736 kB
Node 0 MemFree:        23723804 kB
Node 0 MemUsed:         1019932 kB
Node 0 Active:            40020 kB
Node 0 Inactive:          19372 kB
Node 0 Active(anon):      20448 kB
Node 0 Inactive(anon):      340 kB
Node 0 Active(file):      19572 kB
Node 0 Inactive(file):    19032 kB
Node 0 Unevictable:        1244 kB
Node 0 Mlocked:            1244 kB
Node 0 Dirty:                 0 kB
Node 0 Writeback:             0 kB
Node 0 FilePages:         40416 kB
Node 0 Mapped:            11704 kB
Node 0 AnonPages:         20220 kB
Node 0 Shmem:               568 kB
Node 0 KernelStack:        3304 kB
Node 0 PageTables:          432 kB
Node 0 NFS_Unstable:          0 kB
Node 0 Bounce:                0 kB
Node 0 WritebackTmp:          0 kB
Node 0 KReclaimable:      17216 kB
Node 0 Slab:              58308 kB
Node 0 SReclaimable:      17216 kB
Node 0 SUnreclaim:        41092 kB
Node 0 AnonHugePages:         0 kB
Node 0 ShmemHugePages:        0 kB
Node 0 ShmemPmdMapped:        0 kB
Node 0 FileHugePages:        0 kB
Node 0 FilePmdMapped:        0 kB
Node 0 HugePages_Total:     0
Node 0 HugePages_Free:      0
Node 0 HugePages_Surp:      0

Node 1 MemTotal:       24686196 kB
Node 1 MemFree:        22146836 kB
Node 1 MemUsed:         2539360 kB
Node 1 Active:            62752 kB
Node 1 Inactive:          72004 kB
Node 1 Active(anon):      12496 kB
Node 1 Inactive(anon):      572 kB
Node 1 Active(file):      50256 kB
Node 1 Inactive(file):    71432 kB
Node 1 Unevictable:       17276 kB
Node 1 Mlocked:           17276 kB
Node 1 Dirty:                 8 kB
Node 1 Writeback:             0 kB
Node 1 FilePages:        129380 kB
Node 1 Mapped:            33672 kB
Node 1 AnonPages:         22568 kB
Node 1 Shmem:               744 kB
Node 1 KernelStack:        1304 kB
Node 1 PageTables:          696 kB
Node 1 NFS_Unstable:          0 kB
Node 1 Bounce:                0 kB
Node 1 WritebackTmp:          0 kB
Node 1 KReclaimable:      27620 kB
Node 1 Slab:              73092 kB
Node 1 SReclaimable:      27620 kB
Node 1 SUnreclaim:        45472 kB
Node 1 AnonHugePages:         0 kB
Node 1 ShmemHugePages:        0 kB
Node 1 ShmemPmdMapped:        0 kB
Node 1 FileHugePages:        0 kB
Node 1 FilePmdMapped:        0 kB
Node 1 HugePages_Total:     0
Node 1 HugePages_Free:      0
Node 1 HugePages_Surp:      0

After Opposite Node
Node 0 MemTotal:       24743736 kB
Node 0 MemFree:        23720612 kB
Node 0 MemUsed:         1023124 kB
Node 0 Active:            40280 kB
Node 0 Inactive:          19336 kB
Node 0 Active(anon):      20620 kB
Node 0 Inactive(anon):      376 kB
Node 0 Active(file):      19660 kB
Node 0 Inactive(file):    18960 kB
Node 0 Unevictable:        1244 kB
Node 0 Mlocked:            1244 kB
Node 0 Dirty:                52 kB
Node 0 Writeback:             0 kB
Node 0 FilePages:         40476 kB
Node 0 Mapped:            11756 kB
Node 0 AnonPages:         20252 kB
Node 0 Shmem:               612 kB
Node 0 KernelStack:        3320 kB
Node 0 PageTables:          544 kB
Node 0 NFS_Unstable:          0 kB
Node 0 Bounce:                0 kB
Node 0 WritebackTmp:          0 kB
Node 0 KReclaimable:      17284 kB
Node 0 Slab:              59068 kB
Node 0 SReclaimable:      17284 kB
Node 0 SUnreclaim:        41784 kB
Node 0 AnonHugePages:         0 kB
Node 0 ShmemHugePages:        0 kB
Node 0 ShmemPmdMapped:        0 kB
Node 0 FileHugePages:        0 kB
Node 0 FilePmdMapped:        0 kB
Node 0 HugePages_Total:     0
Node 0 HugePages_Free:      0
Node 0 HugePages_Surp:      0

Node 1 MemTotal:       24686196 kB
Node 1 MemFree:        22145588 kB
Node 1 MemUsed:         2540608 kB
Node 1 Active:            63236 kB
Node 1 Inactive:          72408 kB
Node 1 Active(anon):      12380 kB
Node 1 Inactive(anon):      548 kB
Node 1 Active(file):      50856 kB
Node 1 Inactive(file):    71860 kB
Node 1 Unevictable:       17276 kB
Node 1 Mlocked:           17276 kB
Node 1 Dirty:               228 kB
Node 1 Writeback:             0 kB
Node 1 FilePages:        130364 kB
Node 1 Mapped:            33604 kB
Node 1 AnonPages:         22552 kB
Node 1 Shmem:               700 kB
Node 1 KernelStack:        1304 kB
Node 1 PageTables:          584 kB
Node 1 NFS_Unstable:          0 kB
Node 1 Bounce:                0 kB
Node 1 WritebackTmp:          0 kB
Node 1 KReclaimable:      27816 kB
Node 1 Slab:              73996 kB
Node 1 SReclaimable:      27816 kB
Node 1 SUnreclaim:        46180 kB
Node 1 AnonHugePages:         0 kB
Node 1 ShmemHugePages:        0 kB
Node 1 ShmemPmdMapped:        0 kB
Node 1 FileHugePages:        0 kB
Node 1 FilePmdMapped:        0 kB
Node 1 HugePages_Total:     0
Node 1 HugePages_Free:      0
Node 1 HugePages_Surp:      0

U.1.fio.2G.3.O Complete!
