kernel.numa_balancing = 0
50 Tests Remaining!
U.1.fio.2-1G.1.O
Begin
Node 0 MemTotal:       24768352 kB
Node 0 MemFree:        24396972 kB
Node 0 MemUsed:          371380 kB
Node 0 Active:            29188 kB
Node 0 Inactive:          68136 kB
Node 0 Active(anon):       7968 kB
Node 0 Inactive(anon):      396 kB
Node 0 Active(file):      21220 kB
Node 0 Inactive(file):    67740 kB
Node 0 Unevictable:        4992 kB
Node 0 Mlocked:            4992 kB
Node 0 Dirty:               460 kB
Node 0 Writeback:             0 kB
Node 0 FilePages:         94540 kB
Node 0 Mapped:            21748 kB
Node 0 AnonPages:          7952 kB
Node 0 Shmem:               592 kB
Node 0 KernelStack:        2136 kB
Node 0 PageTables:          392 kB
Node 0 NFS_Unstable:          0 kB
Node 0 Bounce:                0 kB
Node 0 WritebackTmp:          0 kB
Node 0 KReclaimable:      18796 kB
Node 0 Slab:              51256 kB
Node 0 SReclaimable:      18796 kB
Node 0 SUnreclaim:        32460 kB
Node 0 AnonHugePages:         0 kB
Node 0 ShmemHugePages:        0 kB
Node 0 ShmemPmdMapped:        0 kB
Node 0 FileHugePages:        0 kB
Node 0 FilePmdMapped:        0 kB
Node 0 HugePages_Total:     0
Node 0 HugePages_Free:      0
Node 0 HugePages_Surp:      0

Node 1 MemTotal:       24661580 kB
Node 1 MemFree:        24417644 kB
Node 1 MemUsed:          243936 kB
Node 1 Active:            68116 kB
Node 1 Inactive:          23684 kB
Node 1 Active(anon):      26788 kB
Node 1 Inactive(anon):      480 kB
Node 1 Active(file):      41328 kB
Node 1 Inactive(file):    23204 kB
Node 1 Unevictable:       13532 kB
Node 1 Mlocked:           13532 kB
Node 1 Dirty:                40 kB
Node 1 Writeback:             0 kB
Node 1 FilePages:         68428 kB
Node 1 Mapped:            18760 kB
Node 1 AnonPages:         36576 kB
Node 1 Shmem:               676 kB
Node 1 KernelStack:        1752 kB
Node 1 PageTables:          868 kB
Node 1 NFS_Unstable:          0 kB
Node 1 Bounce:                0 kB
Node 1 WritebackTmp:          0 kB
Node 1 KReclaimable:      23804 kB
Node 1 Slab:              56208 kB
Node 1 SReclaimable:      23804 kB
Node 1 SUnreclaim:        32404 kB
Node 1 AnonHugePages:         0 kB
Node 1 ShmemHugePages:        0 kB
Node 1 ShmemPmdMapped:        0 kB
Node 1 FileHugePages:        0 kB
Node 1 FilePmdMapped:        0 kB
Node 1 HugePages_Total:     0
Node 1 HugePages_Free:      0
Node 1 HugePages_Surp:      0

Load ZFS
Node 0 MemTotal:       24768352 kB
Node 0 MemFree:        24527728 kB
Node 0 MemUsed:          240624 kB
Node 0 Active:            37496 kB
Node 0 Inactive:          63652 kB
Node 0 Active(anon):      10800 kB
Node 0 Inactive(anon):      396 kB
Node 0 Active(file):      26696 kB
Node 0 Inactive(file):    63256 kB
Node 0 Unevictable:        4992 kB
Node 0 Mlocked:            4992 kB
Node 0 Dirty:               260 kB
Node 0 Writeback:             0 kB
Node 0 FilePages:         95532 kB
Node 0 Mapped:            21748 kB
Node 0 AnonPages:         10664 kB
Node 0 Shmem:               592 kB
Node 0 KernelStack:        2104 kB
Node 0 PageTables:          596 kB
Node 0 NFS_Unstable:          0 kB
Node 0 Bounce:                0 kB
Node 0 WritebackTmp:          0 kB
Node 0 KReclaimable:      19192 kB
Node 0 Slab:              52876 kB
Node 0 SReclaimable:      19192 kB
Node 0 SUnreclaim:        33684 kB
Node 0 AnonHugePages:         0 kB
Node 0 ShmemHugePages:        0 kB
Node 0 ShmemPmdMapped:        0 kB
Node 0 FileHugePages:        0 kB
Node 0 FilePmdMapped:        0 kB
Node 0 HugePages_Total:     0
Node 0 HugePages_Free:      0
Node 0 HugePages_Surp:      0

Node 1 MemTotal:       24661580 kB
Node 1 MemFree:        24277000 kB
Node 1 MemUsed:          384580 kB
Node 1 Active:            70560 kB
Node 1 Inactive:          24144 kB
Node 1 Active(anon):      28124 kB
Node 1 Inactive(anon):      480 kB
Node 1 Active(file):      42436 kB
Node 1 Inactive(file):    23664 kB
Node 1 Unevictable:       13532 kB
Node 1 Mlocked:           13532 kB
Node 1 Dirty:                40 kB
Node 1 Writeback:             0 kB
Node 1 FilePages:         69988 kB
Node 1 Mapped:            18780 kB
Node 1 AnonPages:         37756 kB
Node 1 Shmem:               676 kB
Node 1 KernelStack:        1720 kB
Node 1 PageTables:          824 kB
Node 1 NFS_Unstable:          0 kB
Node 1 Bounce:                0 kB
Node 1 WritebackTmp:          0 kB
Node 1 KReclaimable:      24088 kB
Node 1 Slab:              57700 kB
Node 1 SReclaimable:      24088 kB
Node 1 SUnreclaim:        33612 kB
Node 1 AnonHugePages:         0 kB
Node 1 ShmemHugePages:        0 kB
Node 1 ShmemPmdMapped:        0 kB
Node 1 FileHugePages:        0 kB
Node 1 FilePmdMapped:        0 kB
Node 1 HugePages_Total:     0
Node 1 HugePages_Free:      0
Node 1 HugePages_Surp:      0

Import tank ZPool
Node 0 MemTotal:       24768352 kB
Node 0 MemFree:        24530312 kB
Node 0 MemUsed:          238040 kB
Node 0 Active:            34444 kB
Node 0 Inactive:          63548 kB
Node 0 Active(anon):       7644 kB
Node 0 Inactive(anon):      396 kB
Node 0 Active(file):      26800 kB
Node 0 Inactive(file):    63152 kB
Node 0 Unevictable:        4992 kB
Node 0 Mlocked:            4992 kB
Node 0 Dirty:               304 kB
Node 0 Writeback:             0 kB
Node 0 FilePages:         95528 kB
Node 0 Mapped:            22060 kB
Node 0 AnonPages:          7608 kB
Node 0 Shmem:               588 kB
Node 0 KernelStack:        2056 kB
Node 0 PageTables:          452 kB
Node 0 NFS_Unstable:          0 kB
Node 0 Bounce:                0 kB
Node 0 WritebackTmp:          0 kB
Node 0 KReclaimable:      19192 kB
Node 0 Slab:              52876 kB
Node 0 SReclaimable:      19192 kB
Node 0 SUnreclaim:        33684 kB
Node 0 AnonHugePages:         0 kB
Node 0 ShmemHugePages:        0 kB
Node 0 ShmemPmdMapped:        0 kB
Node 0 FileHugePages:        0 kB
Node 0 FilePmdMapped:        0 kB
Node 0 HugePages_Total:     0
Node 0 HugePages_Free:      0
Node 0 HugePages_Surp:      0

Node 1 MemTotal:       24661580 kB
Node 1 MemFree:        24259832 kB
Node 1 MemUsed:          401748 kB
Node 1 Active:            69536 kB
Node 1 Inactive:          25092 kB
Node 1 Active(anon):      26328 kB
Node 1 Inactive(anon):      484 kB
Node 1 Active(file):      43208 kB
Node 1 Inactive(file):    24608 kB
Node 1 Unevictable:       13532 kB
Node 1 Mlocked:           13532 kB
Node 1 Dirty:                60 kB
Node 1 Writeback:             8 kB
Node 1 FilePages:         71728 kB
Node 1 Mapped:            18896 kB
Node 1 AnonPages:         36104 kB
Node 1 Shmem:               680 kB
Node 1 KernelStack:        2776 kB
Node 1 PageTables:          800 kB
Node 1 NFS_Unstable:          0 kB
Node 1 Bounce:                0 kB
Node 1 WritebackTmp:          0 kB
Node 1 KReclaimable:      24224 kB
Node 1 Slab:              64392 kB
Node 1 SReclaimable:      24224 kB
Node 1 SUnreclaim:        40168 kB
Node 1 AnonHugePages:         0 kB
Node 1 ShmemHugePages:        0 kB
Node 1 ShmemPmdMapped:        0 kB
Node 1 FileHugePages:        0 kB
Node 1 FilePmdMapped:        0 kB
Node 1 HugePages_Total:     0
Node 1 HugePages_Free:      0
Node 1 HugePages_Surp:      0

After Test
Node 0 MemTotal:       24768352 kB
Node 0 MemFree:        24535584 kB
Node 0 MemUsed:          232768 kB
Node 0 Active:            34248 kB
Node 0 Inactive:          63552 kB
Node 0 Active(anon):       7448 kB
Node 0 Inactive(anon):      400 kB
Node 0 Active(file):      26800 kB
Node 0 Inactive(file):    63152 kB
Node 0 Unevictable:        4992 kB
Node 0 Mlocked:            4992 kB
Node 0 Dirty:                24 kB
Node 0 Writeback:             0 kB
Node 0 FilePages:         95532 kB
Node 0 Mapped:            21748 kB
Node 0 AnonPages:          7256 kB
Node 0 Shmem:               592 kB
Node 0 KernelStack:        1928 kB
Node 0 PageTables:          380 kB
Node 0 NFS_Unstable:          0 kB
Node 0 Bounce:                0 kB
Node 0 WritebackTmp:          0 kB
Node 0 KReclaimable:      19232 kB
Node 0 Slab:              53012 kB
Node 0 SReclaimable:      19232 kB
Node 0 SUnreclaim:        33780 kB
Node 0 AnonHugePages:         0 kB
Node 0 ShmemHugePages:        0 kB
Node 0 ShmemPmdMapped:        0 kB
Node 0 FileHugePages:        0 kB
Node 0 FilePmdMapped:        0 kB
Node 0 HugePages_Total:     0
Node 0 HugePages_Free:      0
Node 0 HugePages_Surp:      0

Node 1 MemTotal:       24661580 kB
Node 1 MemFree:        22391324 kB
Node 1 MemUsed:         2270256 kB
Node 1 Active:            69612 kB
Node 1 Inactive:          26296 kB
Node 1 Active(anon):      25568 kB
Node 1 Inactive(anon):      508 kB
Node 1 Active(file):      44044 kB
Node 1 Inactive(file):    25788 kB
Node 1 Unevictable:       13532 kB
Node 1 Mlocked:           13532 kB
Node 1 Dirty:                20 kB
Node 1 Writeback:             0 kB
Node 1 FilePages:         73756 kB
Node 1 Mapped:            18908 kB
Node 1 AnonPages:         35648 kB
Node 1 Shmem:               720 kB
Node 1 KernelStack:        2728 kB
Node 1 PageTables:          784 kB
Node 1 NFS_Unstable:          0 kB
Node 1 Bounce:                0 kB
Node 1 WritebackTmp:          0 kB
Node 1 KReclaimable:      25588 kB
Node 1 Slab:              75164 kB
Node 1 SReclaimable:      25588 kB
Node 1 SUnreclaim:        49576 kB
Node 1 AnonHugePages:         0 kB
Node 1 ShmemHugePages:        0 kB
Node 1 ShmemPmdMapped:        0 kB
Node 1 FileHugePages:        0 kB
Node 1 FilePmdMapped:        0 kB
Node 1 HugePages_Total:     0
Node 1 HugePages_Free:      0
Node 1 HugePages_Surp:      0

After Opposite Node
Node 0 MemTotal:       24768352 kB
Node 0 MemFree:        24533124 kB
Node 0 MemUsed:          235228 kB
Node 0 Active:            34412 kB
Node 0 Inactive:          63584 kB
Node 0 Active(anon):       7604 kB
Node 0 Inactive(anon):      424 kB
Node 0 Active(file):      26808 kB
Node 0 Inactive(file):    63160 kB
Node 0 Unevictable:        4992 kB
Node 0 Mlocked:            4992 kB
Node 0 Dirty:                44 kB
Node 0 Writeback:             0 kB
Node 0 FilePages:         95592 kB
Node 0 Mapped:            21792 kB
Node 0 AnonPages:          7312 kB
Node 0 Shmem:               636 kB
Node 0 KernelStack:        1944 kB
Node 0 PageTables:          492 kB
Node 0 NFS_Unstable:          0 kB
Node 0 Bounce:                0 kB
Node 0 WritebackTmp:          0 kB
Node 0 KReclaimable:      19284 kB
Node 0 Slab:              53716 kB
Node 0 SReclaimable:      19284 kB
Node 0 SUnreclaim:        34432 kB
Node 0 AnonHugePages:         0 kB
Node 0 ShmemHugePages:        0 kB
Node 0 ShmemPmdMapped:        0 kB
Node 0 FileHugePages:        0 kB
Node 0 FilePmdMapped:        0 kB
Node 0 HugePages_Total:     0
Node 0 HugePages_Free:      0
Node 0 HugePages_Surp:      0

Node 1 MemTotal:       24661580 kB
Node 1 MemFree:        22390452 kB
Node 1 MemUsed:         2271128 kB
Node 1 Active:            69796 kB
Node 1 Inactive:          26036 kB
Node 1 Active(anon):      25380 kB
Node 1 Inactive(anon):      480 kB
Node 1 Active(file):      44416 kB
Node 1 Inactive(file):    25556 kB
Node 1 Unevictable:       13532 kB
Node 1 Mlocked:           13532 kB
Node 1 Dirty:                56 kB
Node 1 Writeback:             0 kB
Node 1 FilePages:         73852 kB
Node 1 Mapped:            18856 kB
Node 1 AnonPages:         35512 kB
Node 1 Shmem:               676 kB
Node 1 KernelStack:        2712 kB
Node 1 PageTables:          612 kB
Node 1 NFS_Unstable:          0 kB
Node 1 Bounce:                0 kB
Node 1 WritebackTmp:          0 kB
Node 1 KReclaimable:      25588 kB
Node 1 Slab:              75180 kB
Node 1 SReclaimable:      25588 kB
Node 1 SUnreclaim:        49592 kB
Node 1 AnonHugePages:         0 kB
Node 1 ShmemHugePages:        0 kB
Node 1 ShmemPmdMapped:        0 kB
Node 1 FileHugePages:        0 kB
Node 1 FilePmdMapped:        0 kB
Node 1 HugePages_Total:     0
Node 1 HugePages_Free:      0
Node 1 HugePages_Surp:      0

U.1.fio.2-1G.1.O Complete!
