kernel.numa_balancing = 0
10 Tests Remaining!
U.1.fio.250M.2.O
Begin
Node 0 MemTotal:       24743736 kB
Node 0 MemFree:        24389732 kB
Node 0 MemUsed:          354004 kB
Node 0 Active:            38908 kB
Node 0 Inactive:          37112 kB
Node 0 Active(anon):      20952 kB
Node 0 Inactive(anon):      580 kB
Node 0 Active(file):      17956 kB
Node 0 Inactive(file):    36532 kB
Node 0 Unevictable:       13092 kB
Node 0 Mlocked:           13092 kB
Node 0 Dirty:               284 kB
Node 0 Writeback:             0 kB
Node 0 FilePages:         58036 kB
Node 0 Mapped:            13500 kB
Node 0 AnonPages:         31016 kB
Node 0 Shmem:               780 kB
Node 0 KernelStack:        1900 kB
Node 0 PageTables:          820 kB
Node 0 NFS_Unstable:          0 kB
Node 0 Bounce:                0 kB
Node 0 WritebackTmp:          0 kB
Node 0 KReclaimable:      20144 kB
Node 0 Slab:              51684 kB
Node 0 SReclaimable:      20144 kB
Node 0 SUnreclaim:        31540 kB
Node 0 AnonHugePages:         0 kB
Node 0 ShmemHugePages:        0 kB
Node 0 ShmemPmdMapped:        0 kB
Node 0 FileHugePages:        0 kB
Node 0 FilePmdMapped:        0 kB
Node 0 HugePages_Total:     0
Node 0 HugePages_Free:      0
Node 0 HugePages_Surp:      0

Node 1 MemTotal:       24686196 kB
Node 1 MemFree:        24405292 kB
Node 1 MemUsed:          280904 kB
Node 1 Active:            59224 kB
Node 1 Inactive:          72876 kB
Node 1 Active(anon):      13712 kB
Node 1 Inactive(anon):      300 kB
Node 1 Active(file):      45512 kB
Node 1 Inactive(file):    72576 kB
Node 1 Unevictable:        5428 kB
Node 1 Mlocked:            5428 kB
Node 1 Dirty:               244 kB
Node 1 Writeback:             0 kB
Node 1 FilePages:        124004 kB
Node 1 Mapped:            43796 kB
Node 1 AnonPages:         13528 kB
Node 1 Shmem:               488 kB
Node 1 KernelStack:        1896 kB
Node 1 PageTables:          572 kB
Node 1 NFS_Unstable:          0 kB
Node 1 Bounce:                0 kB
Node 1 WritebackTmp:          0 kB
Node 1 KReclaimable:      22100 kB
Node 1 Slab:              55144 kB
Node 1 SReclaimable:      22100 kB
Node 1 SUnreclaim:        33044 kB
Node 1 AnonHugePages:         0 kB
Node 1 ShmemHugePages:        0 kB
Node 1 ShmemPmdMapped:        0 kB
Node 1 FileHugePages:        0 kB
Node 1 FilePmdMapped:        0 kB
Node 1 HugePages_Total:     0
Node 1 HugePages_Free:      0
Node 1 HugePages_Surp:      0

Load ZFS
Node 0 MemTotal:       24743736 kB
Node 0 MemFree:        24514388 kB
Node 0 MemUsed:          229348 kB
Node 0 Active:            47920 kB
Node 0 Inactive:          32924 kB
Node 0 Active(anon):      23636 kB
Node 0 Inactive(anon):      580 kB
Node 0 Active(file):      24284 kB
Node 0 Inactive(file):    32344 kB
Node 0 Unevictable:       13092 kB
Node 0 Mlocked:           13092 kB
Node 0 Dirty:                16 kB
Node 0 Writeback:             0 kB
Node 0 FilePages:         60176 kB
Node 0 Mapped:            13496 kB
Node 0 AnonPages:         33700 kB
Node 0 Shmem:               780 kB
Node 0 KernelStack:        1864 kB
Node 0 PageTables:          824 kB
Node 0 NFS_Unstable:          0 kB
Node 0 Bounce:                0 kB
Node 0 WritebackTmp:          0 kB
Node 0 KReclaimable:      20412 kB
Node 0 Slab:              52400 kB
Node 0 SReclaimable:      20412 kB
Node 0 SUnreclaim:        31988 kB
Node 0 AnonHugePages:         0 kB
Node 0 ShmemHugePages:        0 kB
Node 0 ShmemPmdMapped:        0 kB
Node 0 FileHugePages:        0 kB
Node 0 FilePmdMapped:        0 kB
Node 0 HugePages_Total:     0
Node 0 HugePages_Free:      0
Node 0 HugePages_Surp:      0

Node 1 MemTotal:       24686196 kB
Node 1 MemFree:        24272936 kB
Node 1 MemUsed:          413260 kB
Node 1 Active:            59436 kB
Node 1 Inactive:          73088 kB
Node 1 Active(anon):      13716 kB
Node 1 Inactive(anon):      300 kB
Node 1 Active(file):      45720 kB
Node 1 Inactive(file):    72788 kB
Node 1 Unevictable:        5428 kB
Node 1 Mlocked:            5428 kB
Node 1 Dirty:               300 kB
Node 1 Writeback:             0 kB
Node 1 FilePages:        124428 kB
Node 1 Mapped:            43796 kB
Node 1 AnonPages:         13528 kB
Node 1 Shmem:               488 kB
Node 1 KernelStack:        1816 kB
Node 1 PageTables:          572 kB
Node 1 NFS_Unstable:          0 kB
Node 1 Bounce:                0 kB
Node 1 WritebackTmp:          0 kB
Node 1 KReclaimable:      22556 kB
Node 1 Slab:              57348 kB
Node 1 SReclaimable:      22556 kB
Node 1 SUnreclaim:        34792 kB
Node 1 AnonHugePages:         0 kB
Node 1 ShmemHugePages:        0 kB
Node 1 ShmemPmdMapped:        0 kB
Node 1 FileHugePages:        0 kB
Node 1 FilePmdMapped:        0 kB
Node 1 HugePages_Total:     0
Node 1 HugePages_Free:      0
Node 1 HugePages_Surp:      0

Import tank ZPool
Node 0 MemTotal:       24743736 kB
Node 0 MemFree:        24514096 kB
Node 0 MemUsed:          229640 kB
Node 0 Active:            48004 kB
Node 0 Inactive:          33736 kB
Node 0 Active(anon):      23404 kB
Node 0 Inactive(anon):      580 kB
Node 0 Active(file):      24600 kB
Node 0 Inactive(file):    33156 kB
Node 0 Unevictable:       13092 kB
Node 0 Mlocked:           13092 kB
Node 0 Dirty:                56 kB
Node 0 Writeback:             0 kB
Node 0 FilePages:         61364 kB
Node 0 Mapped:            13412 kB
Node 0 AnonPages:         33448 kB
Node 0 Shmem:               780 kB
Node 0 KernelStack:        1864 kB
Node 0 PageTables:          820 kB
Node 0 NFS_Unstable:          0 kB
Node 0 Bounce:                0 kB
Node 0 WritebackTmp:          0 kB
Node 0 KReclaimable:      20412 kB
Node 0 Slab:              52392 kB
Node 0 SReclaimable:      20412 kB
Node 0 SUnreclaim:        31980 kB
Node 0 AnonHugePages:         0 kB
Node 0 ShmemHugePages:        0 kB
Node 0 ShmemPmdMapped:        0 kB
Node 0 FileHugePages:        0 kB
Node 0 FilePmdMapped:        0 kB
Node 0 HugePages_Total:     0
Node 0 HugePages_Free:      0
Node 0 HugePages_Surp:      0

Node 1 MemTotal:       24686196 kB
Node 1 MemFree:        24254188 kB
Node 1 MemUsed:          432008 kB
Node 1 Active:            59880 kB
Node 1 Inactive:          73456 kB
Node 1 Active(anon):      13992 kB
Node 1 Inactive(anon):      304 kB
Node 1 Active(file):      45888 kB
Node 1 Inactive(file):    73152 kB
Node 1 Unevictable:        5428 kB
Node 1 Mlocked:            5428 kB
Node 1 Dirty:               352 kB
Node 1 Writeback:             0 kB
Node 1 FilePages:        124976 kB
Node 1 Mapped:            43920 kB
Node 1 AnonPages:         13596 kB
Node 1 Shmem:               488 kB
Node 1 KernelStack:        2968 kB
Node 1 PageTables:          652 kB
Node 1 NFS_Unstable:          0 kB
Node 1 Bounce:                0 kB
Node 1 WritebackTmp:          0 kB
Node 1 KReclaimable:      22700 kB
Node 1 Slab:              64032 kB
Node 1 SReclaimable:      22700 kB
Node 1 SUnreclaim:        41332 kB
Node 1 AnonHugePages:         0 kB
Node 1 ShmemHugePages:        0 kB
Node 1 ShmemPmdMapped:        0 kB
Node 1 FileHugePages:        0 kB
Node 1 FilePmdMapped:        0 kB
Node 1 HugePages_Total:     0
Node 1 HugePages_Free:      0
Node 1 HugePages_Surp:      0

After Test
Node 0 MemTotal:       24743736 kB
Node 0 MemFree:        24517428 kB
Node 0 MemUsed:          226308 kB
Node 0 Active:            44236 kB
Node 0 Inactive:          33648 kB
Node 0 Active(anon):      19324 kB
Node 0 Inactive(anon):      580 kB
Node 0 Active(file):      24912 kB
Node 0 Inactive(file):    33068 kB
Node 0 Unevictable:       13092 kB
Node 0 Mlocked:           13092 kB
Node 0 Dirty:                56 kB
Node 0 Writeback:             0 kB
Node 0 FilePages:         61528 kB
Node 0 Mapped:            13336 kB
Node 0 AnonPages:         29448 kB
Node 0 Shmem:               780 kB
Node 0 KernelStack:        1736 kB
Node 0 PageTables:          512 kB
Node 0 NFS_Unstable:          0 kB
Node 0 Bounce:                0 kB
Node 0 WritebackTmp:          0 kB
Node 0 KReclaimable:      20416 kB
Node 0 Slab:              52404 kB
Node 0 SReclaimable:      20416 kB
Node 0 SUnreclaim:        31988 kB
Node 0 AnonHugePages:         0 kB
Node 0 ShmemHugePages:        0 kB
Node 0 ShmemPmdMapped:        0 kB
Node 0 FileHugePages:        0 kB
Node 0 FilePmdMapped:        0 kB
Node 0 HugePages_Total:     0
Node 0 HugePages_Free:      0
Node 0 HugePages_Surp:      0

Node 1 MemTotal:       24686196 kB
Node 1 MemFree:        23723832 kB
Node 1 MemUsed:          962364 kB
Node 1 Active:            60264 kB
Node 1 Inactive:          74440 kB
Node 1 Active(anon):      13504 kB
Node 1 Inactive(anon):      328 kB
Node 1 Active(file):      46760 kB
Node 1 Inactive(file):    74112 kB
Node 1 Unevictable:        5428 kB
Node 1 Mlocked:            5428 kB
Node 1 Dirty:               252 kB
Node 1 Writeback:             0 kB
Node 1 FilePages:        126828 kB
Node 1 Mapped:            44056 kB
Node 1 AnonPages:         13216 kB
Node 1 Shmem:               532 kB
Node 1 KernelStack:        2968 kB
Node 1 PageTables:          688 kB
Node 1 NFS_Unstable:          0 kB
Node 1 Bounce:                0 kB
Node 1 WritebackTmp:          0 kB
Node 1 KReclaimable:      24016 kB
Node 1 Slab:              68164 kB
Node 1 SReclaimable:      24016 kB
Node 1 SUnreclaim:        44148 kB
Node 1 AnonHugePages:         0 kB
Node 1 ShmemHugePages:        0 kB
Node 1 ShmemPmdMapped:        0 kB
Node 1 FileHugePages:        0 kB
Node 1 FilePmdMapped:        0 kB
Node 1 HugePages_Total:     0
Node 1 HugePages_Free:      0
Node 1 HugePages_Surp:      0

After Opposite Node
Node 0 MemTotal:       24743736 kB
Node 0 MemFree:        24517456 kB
Node 0 MemUsed:          226280 kB
Node 0 Active:            44560 kB
Node 0 Inactive:          33664 kB
Node 0 Active(anon):      19492 kB
Node 0 Inactive(anon):      604 kB
Node 0 Active(file):      25068 kB
Node 0 Inactive(file):    33060 kB
Node 0 Unevictable:       13092 kB
Node 0 Mlocked:           13092 kB
Node 0 Dirty:                80 kB
Node 0 Writeback:             0 kB
Node 0 FilePages:         61720 kB
Node 0 Mapped:            13380 kB
Node 0 AnonPages:         29508 kB
Node 0 Shmem:               824 kB
Node 0 KernelStack:        1752 kB
Node 0 PageTables:          624 kB
Node 0 NFS_Unstable:          0 kB
Node 0 Bounce:                0 kB
Node 0 WritebackTmp:          0 kB
Node 0 KReclaimable:      20468 kB
Node 0 Slab:              52664 kB
Node 0 SReclaimable:      20468 kB
Node 0 SUnreclaim:        32196 kB
Node 0 AnonHugePages:         0 kB
Node 0 ShmemHugePages:        0 kB
Node 0 ShmemPmdMapped:        0 kB
Node 0 FileHugePages:        0 kB
Node 0 FilePmdMapped:        0 kB
Node 0 HugePages_Total:     0
Node 0 HugePages_Free:      0
Node 0 HugePages_Surp:      0

Node 1 MemTotal:       24686196 kB
Node 1 MemFree:        23723824 kB
Node 1 MemUsed:          962372 kB
Node 1 Active:            60272 kB
Node 1 Inactive:          74260 kB
Node 1 Active(anon):      13340 kB
Node 1 Inactive(anon):      304 kB
Node 1 Active(file):      46932 kB
Node 1 Inactive(file):    73956 kB
Node 1 Unevictable:        5428 kB
Node 1 Mlocked:            5428 kB
Node 1 Dirty:               276 kB
Node 1 Writeback:             0 kB
Node 1 FilePages:        126800 kB
Node 1 Mapped:            44008 kB
Node 1 AnonPages:         13156 kB
Node 1 Shmem:               488 kB
Node 1 KernelStack:        2936 kB
Node 1 PageTables:          572 kB
Node 1 NFS_Unstable:          0 kB
Node 1 Bounce:                0 kB
Node 1 WritebackTmp:          0 kB
Node 1 KReclaimable:      24016 kB
Node 1 Slab:              68236 kB
Node 1 SReclaimable:      24016 kB
Node 1 SUnreclaim:        44220 kB
Node 1 AnonHugePages:         0 kB
Node 1 ShmemHugePages:        0 kB
Node 1 ShmemPmdMapped:        0 kB
Node 1 FileHugePages:        0 kB
Node 1 FilePmdMapped:        0 kB
Node 1 HugePages_Total:     0
Node 1 HugePages_Free:      0
Node 1 HugePages_Surp:      0

U.1.fio.250M.2.O Complete!
