kernel.numa_balancing = 0
U.1.fio.2-1G.2.O
Begin
Node 0 MemTotal:       24743736 kB
Node 0 MemFree:        24342816 kB
Node 0 MemUsed:          400920 kB
Node 0 Active:            57172 kB
Node 0 Inactive:          58632 kB
Node 0 Active(anon):      18812 kB
Node 0 Inactive(anon):      380 kB
Node 0 Active(file):      38360 kB
Node 0 Inactive(file):    58252 kB
Node 0 Unevictable:       13496 kB
Node 0 Mlocked:           13496 kB
Node 0 Dirty:               384 kB
Node 0 Writeback:             0 kB
Node 0 FilePages:        100352 kB
Node 0 Mapped:            18812 kB
Node 0 AnonPages:         28948 kB
Node 0 Shmem:               568 kB
Node 0 KernelStack:        1880 kB
Node 0 PageTables:          480 kB
Node 0 NFS_Unstable:          0 kB
Node 0 Bounce:                0 kB
Node 0 WritebackTmp:          0 kB
Node 0 KReclaimable:      18892 kB
Node 0 Slab:              51180 kB
Node 0 SReclaimable:      18892 kB
Node 0 SUnreclaim:        32288 kB
Node 0 AnonHugePages:         0 kB
Node 0 ShmemHugePages:        0 kB
Node 0 ShmemPmdMapped:        0 kB
Node 0 FileHugePages:        0 kB
Node 0 FilePmdMapped:        0 kB
Node 0 HugePages_Total:     0
Node 0 HugePages_Free:      0
Node 0 HugePages_Surp:      0

Node 1 MemTotal:       24686196 kB
Node 1 MemFree:        24473628 kB
Node 1 MemUsed:          212568 kB
Node 1 Active:            37696 kB
Node 1 Inactive:          31936 kB
Node 1 Active(anon):      14592 kB
Node 1 Inactive(anon):      500 kB
Node 1 Active(file):      23104 kB
Node 1 Inactive(file):    31436 kB
Node 1 Unevictable:        5024 kB
Node 1 Mlocked:            5024 kB
Node 1 Dirty:                44 kB
Node 1 Writeback:             0 kB
Node 1 FilePages:         60336 kB
Node 1 Mapped:            25204 kB
Node 1 AnonPages:         14704 kB
Node 1 Shmem:               700 kB
Node 1 KernelStack:        1768 kB
Node 1 PageTables:          644 kB
Node 1 NFS_Unstable:          0 kB
Node 1 Bounce:                0 kB
Node 1 WritebackTmp:          0 kB
Node 1 KReclaimable:      23124 kB
Node 1 Slab:              55524 kB
Node 1 SReclaimable:      23124 kB
Node 1 SUnreclaim:        32400 kB
Node 1 AnonHugePages:         0 kB
Node 1 ShmemHugePages:        0 kB
Node 1 ShmemPmdMapped:        0 kB
Node 1 FileHugePages:        0 kB
Node 1 FilePmdMapped:        0 kB
Node 1 HugePages_Total:     0
Node 1 HugePages_Free:      0
Node 1 HugePages_Surp:      0

Load ZFS
Node 0 MemTotal:       24743736 kB
Node 0 MemFree:        24473816 kB
Node 0 MemUsed:          269920 kB
Node 0 Active:            62388 kB
Node 0 Inactive:          54488 kB
Node 0 Active(anon):      18916 kB
Node 0 Inactive(anon):      380 kB
Node 0 Active(file):      43472 kB
Node 0 Inactive(file):    54108 kB
Node 0 Unevictable:       13496 kB
Node 0 Mlocked:           13496 kB
Node 0 Dirty:               388 kB
Node 0 Writeback:             0 kB
Node 0 FilePages:        101320 kB
Node 0 Mapped:            18940 kB
Node 0 AnonPages:         29052 kB
Node 0 Shmem:               568 kB
Node 0 KernelStack:        2008 kB
Node 0 PageTables:          484 kB
Node 0 NFS_Unstable:          0 kB
Node 0 Bounce:                0 kB
Node 0 WritebackTmp:          0 kB
Node 0 KReclaimable:      19336 kB
Node 0 Slab:              52696 kB
Node 0 SReclaimable:      19336 kB
Node 0 SUnreclaim:        33360 kB
Node 0 AnonHugePages:         0 kB
Node 0 ShmemHugePages:        0 kB
Node 0 ShmemPmdMapped:        0 kB
Node 0 FileHugePages:        0 kB
Node 0 FilePmdMapped:        0 kB
Node 0 HugePages_Total:     0
Node 0 HugePages_Free:      0
Node 0 HugePages_Surp:      0

Node 1 MemTotal:       24686196 kB
Node 1 MemFree:        24335132 kB
Node 1 MemUsed:          351064 kB
Node 1 Active:            41032 kB
Node 1 Inactive:          31976 kB
Node 1 Active(anon):      16304 kB
Node 1 Inactive(anon):      504 kB
Node 1 Active(file):      24728 kB
Node 1 Inactive(file):    31472 kB
Node 1 Unevictable:        5024 kB
Node 1 Mlocked:            5024 kB
Node 1 Dirty:               104 kB
Node 1 Writeback:             0 kB
Node 1 FilePages:         61920 kB
Node 1 Mapped:            25136 kB
Node 1 AnonPages:         15896 kB
Node 1 Shmem:               700 kB
Node 1 KernelStack:        1640 kB
Node 1 PageTables:          764 kB
Node 1 NFS_Unstable:          0 kB
Node 1 Bounce:                0 kB
Node 1 WritebackTmp:          0 kB
Node 1 KReclaimable:      23596 kB
Node 1 Slab:              57660 kB
Node 1 SReclaimable:      23596 kB
Node 1 SUnreclaim:        34064 kB
Node 1 AnonHugePages:         0 kB
Node 1 ShmemHugePages:        0 kB
Node 1 ShmemPmdMapped:        0 kB
Node 1 FileHugePages:        0 kB
Node 1 FilePmdMapped:        0 kB
Node 1 HugePages_Total:     0
Node 1 HugePages_Free:      0
Node 1 HugePages_Surp:      0

Import tank ZPool
Node 0 MemTotal:       24743736 kB
Node 0 MemFree:        24461336 kB
Node 0 MemUsed:          282400 kB
Node 0 Active:            62440 kB
Node 0 Inactive:          54488 kB
Node 0 Active(anon):      18916 kB
Node 0 Inactive(anon):      380 kB
Node 0 Active(file):      43524 kB
Node 0 Inactive(file):    54108 kB
Node 0 Unevictable:       13496 kB
Node 0 Mlocked:           13496 kB
Node 0 Dirty:               152 kB
Node 0 Writeback:             0 kB
Node 0 FilePages:        101372 kB
Node 0 Mapped:            18844 kB
Node 0 AnonPages:         29052 kB
Node 0 Shmem:               568 kB
Node 0 KernelStack:        3112 kB
Node 0 PageTables:          484 kB
Node 0 NFS_Unstable:          0 kB
Node 0 Bounce:                0 kB
Node 0 WritebackTmp:          0 kB
Node 0 KReclaimable:      19340 kB
Node 0 Slab:              55228 kB
Node 0 SReclaimable:      19340 kB
Node 0 SUnreclaim:        35888 kB
Node 0 AnonHugePages:         0 kB
Node 0 ShmemHugePages:        0 kB
Node 0 ShmemPmdMapped:        0 kB
Node 0 FileHugePages:        0 kB
Node 0 FilePmdMapped:        0 kB
Node 0 HugePages_Total:     0
Node 0 HugePages_Free:      0
Node 0 HugePages_Surp:      0

Node 1 MemTotal:       24686196 kB
Node 1 MemFree:        24328460 kB
Node 1 MemUsed:          357736 kB
Node 1 Active:            41656 kB
Node 1 Inactive:          33116 kB
Node 1 Active(anon):      16584 kB
Node 1 Inactive(anon):      508 kB
Node 1 Active(file):      25072 kB
Node 1 Inactive(file):    32608 kB
Node 1 Unevictable:        5024 kB
Node 1 Mlocked:            5024 kB
Node 1 Dirty:               176 kB
Node 1 Writeback:             0 kB
Node 1 FilePages:         63424 kB
Node 1 Mapped:            25320 kB
Node 1 AnonPages:         16168 kB
Node 1 Shmem:               700 kB
Node 1 KernelStack:        1672 kB
Node 1 PageTables:          836 kB
Node 1 NFS_Unstable:          0 kB
Node 1 Bounce:                0 kB
Node 1 WritebackTmp:          0 kB
Node 1 KReclaimable:      23720 kB
Node 1 Slab:              61868 kB
Node 1 SReclaimable:      23720 kB
Node 1 SUnreclaim:        38148 kB
Node 1 AnonHugePages:         0 kB
Node 1 ShmemHugePages:        0 kB
Node 1 ShmemPmdMapped:        0 kB
Node 1 FileHugePages:        0 kB
Node 1 FilePmdMapped:        0 kB
Node 1 HugePages_Total:     0
Node 1 HugePages_Free:      0
Node 1 HugePages_Surp:      0

After Test
Node 0 MemTotal:       24743736 kB
Node 0 MemFree:        23652356 kB
Node 0 MemUsed:         1091380 kB
Node 0 Active:            61800 kB
Node 0 Inactive:          54488 kB
Node 0 Active(anon):      18276 kB
Node 0 Inactive(anon):      380 kB
Node 0 Active(file):      43524 kB
Node 0 Inactive(file):    54108 kB
Node 0 Unevictable:       13496 kB
Node 0 Mlocked:           13496 kB
Node 0 Dirty:                 8 kB
Node 0 Writeback:             0 kB
Node 0 FilePages:        101372 kB
Node 0 Mapped:            18780 kB
Node 0 AnonPages:         28412 kB
Node 0 Shmem:               568 kB
Node 0 KernelStack:        3048 kB
Node 0 PageTables:          480 kB
Node 0 NFS_Unstable:          0 kB
Node 0 Bounce:                0 kB
Node 0 WritebackTmp:          0 kB
Node 0 KReclaimable:      19340 kB
Node 0 Slab:              58904 kB
Node 0 SReclaimable:      19340 kB
Node 0 SUnreclaim:        39564 kB
Node 0 AnonHugePages:         0 kB
Node 0 ShmemHugePages:        0 kB
Node 0 ShmemPmdMapped:        0 kB
Node 0 FileHugePages:        0 kB
Node 0 FilePmdMapped:        0 kB
Node 0 HugePages_Total:     0
Node 0 HugePages_Free:      0
Node 0 HugePages_Surp:      0

Node 1 MemTotal:       24686196 kB
Node 1 MemFree:        23274820 kB
Node 1 MemUsed:         1411376 kB
Node 1 Active:            40984 kB
Node 1 Inactive:          34136 kB
Node 1 Active(anon):      14668 kB
Node 1 Inactive(anon):      536 kB
Node 1 Active(file):      26316 kB
Node 1 Inactive(file):    33600 kB
Node 1 Unevictable:        5024 kB
Node 1 Mlocked:            5024 kB
Node 1 Dirty:               104 kB
Node 1 Writeback:             0 kB
Node 1 FilePages:         65680 kB
Node 1 Mapped:            25404 kB
Node 1 AnonPages:         14424 kB
Node 1 Shmem:               744 kB
Node 1 KernelStack:        1592 kB
Node 1 PageTables:          720 kB
Node 1 NFS_Unstable:          0 kB
Node 1 Bounce:                0 kB
Node 1 WritebackTmp:          0 kB
Node 1 KReclaimable:      25080 kB
Node 1 Slab:              69212 kB
Node 1 SReclaimable:      25080 kB
Node 1 SUnreclaim:        44132 kB
Node 1 AnonHugePages:         0 kB
Node 1 ShmemHugePages:        0 kB
Node 1 ShmemPmdMapped:        0 kB
Node 1 FileHugePages:        0 kB
Node 1 FilePmdMapped:        0 kB
Node 1 HugePages_Total:     0
Node 1 HugePages_Free:      0
Node 1 HugePages_Surp:      0

After Opposite Node
Node 0 MemTotal:       24743736 kB
Node 0 MemFree:        23650576 kB
Node 0 MemUsed:         1093160 kB
Node 0 Active:            61968 kB
Node 0 Inactive:          54520 kB
Node 0 Active(anon):      18436 kB
Node 0 Inactive(anon):      404 kB
Node 0 Active(file):      43532 kB
Node 0 Inactive(file):    54116 kB
Node 0 Unevictable:       13496 kB
Node 0 Mlocked:           13496 kB
Node 0 Dirty:                24 kB
Node 0 Writeback:             0 kB
Node 0 FilePages:        101432 kB
Node 0 Mapped:            18824 kB
Node 0 AnonPages:         28472 kB
Node 0 Shmem:               612 kB
Node 0 KernelStack:        3080 kB
Node 0 PageTables:          604 kB
Node 0 NFS_Unstable:          0 kB
Node 0 Bounce:                0 kB
Node 0 WritebackTmp:          0 kB
Node 0 KReclaimable:      19392 kB
Node 0 Slab:              59464 kB
Node 0 SReclaimable:      19392 kB
Node 0 SUnreclaim:        40072 kB
Node 0 AnonHugePages:         0 kB
Node 0 ShmemHugePages:        0 kB
Node 0 ShmemPmdMapped:        0 kB
Node 0 FileHugePages:        0 kB
Node 0 FilePmdMapped:        0 kB
Node 0 HugePages_Total:     0
Node 0 HugePages_Free:      0
Node 0 HugePages_Surp:      0

Node 1 MemTotal:       24686196 kB
Node 1 MemFree:        23276160 kB
Node 1 MemUsed:         1410036 kB
Node 1 Active:            41132 kB
Node 1 Inactive:          33908 kB
Node 1 Active(anon):      14480 kB
Node 1 Inactive(anon):      508 kB
Node 1 Active(file):      26652 kB
Node 1 Inactive(file):    33400 kB
Node 1 Unevictable:        5024 kB
Node 1 Mlocked:            5024 kB
Node 1 Dirty:                72 kB
Node 1 Writeback:             0 kB
Node 1 FilePages:         65780 kB
Node 1 Mapped:            25364 kB
Node 1 AnonPages:         14288 kB
Node 1 Shmem:               700 kB
Node 1 KernelStack:        1544 kB
Node 1 PageTables:          540 kB
Node 1 NFS_Unstable:          0 kB
Node 1 Bounce:                0 kB
Node 1 WritebackTmp:          0 kB
Node 1 KReclaimable:      25084 kB
Node 1 Slab:              69268 kB
Node 1 SReclaimable:      25084 kB
Node 1 SUnreclaim:        44184 kB
Node 1 AnonHugePages:         0 kB
Node 1 ShmemHugePages:        0 kB
Node 1 ShmemPmdMapped:        0 kB
Node 1 FileHugePages:        0 kB
Node 1 FilePmdMapped:        0 kB
Node 1 HugePages_Total:     0
Node 1 HugePages_Free:      0
Node 1 HugePages_Surp:      0

U.1.fio.2-1G.2.O Complete!
