U.0.fio.750M.1.O
Begin
Node 0 MemTotal:       24768352 kB
Node 0 MemFree:        24398468 kB
Node 0 MemUsed:          369884 kB
Node 0 Active:            30468 kB
Node 0 Inactive:          51392 kB
Node 0 Active(anon):       9164 kB
Node 0 Inactive(anon):      456 kB
Node 0 Active(file):      21304 kB
Node 0 Inactive(file):    50936 kB
Node 0 Unevictable:       17744 kB
Node 0 Mlocked:           17744 kB
Node 0 Dirty:               384 kB
Node 0 Writeback:             0 kB
Node 0 FilePages:         80304 kB
Node 0 Mapped:            17240 kB
Node 0 AnonPages:         19376 kB
Node 0 Shmem:               648 kB
Node 0 KernelStack:        2312 kB
Node 0 PageTables:          444 kB
Node 0 NFS_Unstable:          0 kB
Node 0 Bounce:                0 kB
Node 0 WritebackTmp:          0 kB
Node 0 KReclaimable:      17928 kB
Node 0 Slab:              51892 kB
Node 0 SReclaimable:      17928 kB
Node 0 SUnreclaim:        33964 kB
Node 0 AnonHugePages:         0 kB
Node 0 ShmemHugePages:        0 kB
Node 0 ShmemPmdMapped:        0 kB
Node 0 FileHugePages:        0 kB
Node 0 FilePmdMapped:        0 kB
Node 0 HugePages_Total:     0
Node 0 HugePages_Free:      0
Node 0 HugePages_Surp:      0

Node 1 MemTotal:       24661580 kB
Node 1 MemFree:        24410832 kB
Node 1 MemUsed:          250748 kB
Node 1 Active:            63500 kB
Node 1 Inactive:          46500 kB
Node 1 Active(anon):      24388 kB
Node 1 Inactive(anon):      412 kB
Node 1 Active(file):      39112 kB
Node 1 Inactive(file):    46088 kB
Node 1 Unevictable:         780 kB
Node 1 Mlocked:             780 kB
Node 1 Dirty:               140 kB
Node 1 Writeback:             0 kB
Node 1 FilePages:         86744 kB
Node 1 Mapped:            37360 kB
Node 1 AnonPages:         24200 kB
Node 1 Shmem:               620 kB
Node 1 KernelStack:        1304 kB
Node 1 PageTables:          612 kB
Node 1 NFS_Unstable:          0 kB
Node 1 Bounce:                0 kB
Node 1 WritebackTmp:          0 kB
Node 1 KReclaimable:      23848 kB
Node 1 Slab:              55900 kB
Node 1 SReclaimable:      23848 kB
Node 1 SUnreclaim:        32052 kB
Node 1 AnonHugePages:         0 kB
Node 1 ShmemHugePages:        0 kB
Node 1 ShmemPmdMapped:        0 kB
Node 1 FileHugePages:        0 kB
Node 1 FilePmdMapped:        0 kB
Node 1 HugePages_Total:     0
Node 1 HugePages_Free:      0
Node 1 HugePages_Surp:      0

Load ZFS
Node 0 MemTotal:       24768352 kB
Node 0 MemFree:        24527928 kB
Node 0 MemUsed:          240424 kB
Node 0 Active:            42344 kB
Node 0 Inactive:          46784 kB
Node 0 Active(anon):      15520 kB
Node 0 Inactive(anon):      456 kB
Node 0 Active(file):      26824 kB
Node 0 Inactive(file):    46328 kB
Node 0 Unevictable:       17744 kB
Node 0 Mlocked:           17744 kB
Node 0 Dirty:               384 kB
Node 0 Writeback:             0 kB
Node 0 FilePages:         81212 kB
Node 0 Mapped:            17404 kB
Node 0 AnonPages:         25748 kB
Node 0 Shmem:               648 kB
Node 0 KernelStack:        2456 kB
Node 0 PageTables:          908 kB
Node 0 NFS_Unstable:          0 kB
Node 0 Bounce:                0 kB
Node 0 WritebackTmp:          0 kB
Node 0 KReclaimable:      18340 kB
Node 0 Slab:              53288 kB
Node 0 SReclaimable:      18340 kB
Node 0 SUnreclaim:        34948 kB
Node 0 AnonHugePages:         0 kB
Node 0 ShmemHugePages:        0 kB
Node 0 ShmemPmdMapped:        0 kB
Node 0 FileHugePages:        0 kB
Node 0 FilePmdMapped:        0 kB
Node 0 HugePages_Total:     0
Node 0 HugePages_Free:      0
Node 0 HugePages_Surp:      0

Node 1 MemTotal:       24661580 kB
Node 1 MemFree:        24269936 kB
Node 1 MemUsed:          391644 kB
Node 1 Active:            65700 kB
Node 1 Inactive:          47136 kB
Node 1 Active(anon):      25484 kB
Node 1 Inactive(anon):      412 kB
Node 1 Active(file):      40216 kB
Node 1 Inactive(file):    46724 kB
Node 1 Unevictable:         780 kB
Node 1 Mlocked:             780 kB
Node 1 Dirty:               164 kB
Node 1 Writeback:             0 kB
Node 1 FilePages:         88340 kB
Node 1 Mapped:            37392 kB
Node 1 AnonPages:         25172 kB
Node 1 Shmem:               620 kB
Node 1 KernelStack:        1352 kB
Node 1 PageTables:          696 kB
Node 1 NFS_Unstable:          0 kB
Node 1 Bounce:                0 kB
Node 1 WritebackTmp:          0 kB
Node 1 KReclaimable:      24432 kB
Node 1 Slab:              58572 kB
Node 1 SReclaimable:      24432 kB
Node 1 SUnreclaim:        34140 kB
Node 1 AnonHugePages:         0 kB
Node 1 ShmemHugePages:        0 kB
Node 1 ShmemPmdMapped:        0 kB
Node 1 FileHugePages:        0 kB
Node 1 FilePmdMapped:        0 kB
Node 1 HugePages_Total:     0
Node 1 HugePages_Free:      0
Node 1 HugePages_Surp:      0

Import tank ZPool
Node 0 MemTotal:       24768352 kB
Node 0 MemFree:        24532532 kB
Node 0 MemUsed:          235820 kB
Node 0 Active:            35328 kB
Node 0 Inactive:          46748 kB
Node 0 Active(anon):       8448 kB
Node 0 Inactive(anon):      456 kB
Node 0 Active(file):      26880 kB
Node 0 Inactive(file):    46292 kB
Node 0 Unevictable:       17744 kB
Node 0 Mlocked:           17744 kB
Node 0 Dirty:                48 kB
Node 0 Writeback:             0 kB
Node 0 FilePages:         81248 kB
Node 0 Mapped:            17516 kB
Node 0 AnonPages:         18460 kB
Node 0 Shmem:               644 kB
Node 0 KernelStack:        2312 kB
Node 0 PageTables:          596 kB
Node 0 NFS_Unstable:          0 kB
Node 0 Bounce:                0 kB
Node 0 WritebackTmp:          0 kB
Node 0 KReclaimable:      18356 kB
Node 0 Slab:              53640 kB
Node 0 SReclaimable:      18356 kB
Node 0 SUnreclaim:        35284 kB
Node 0 AnonHugePages:         0 kB
Node 0 ShmemHugePages:        0 kB
Node 0 ShmemPmdMapped:        0 kB
Node 0 FileHugePages:        0 kB
Node 0 FilePmdMapped:        0 kB
Node 0 HugePages_Total:     0
Node 0 HugePages_Free:      0
Node 0 HugePages_Surp:      0

Node 1 MemTotal:       24661580 kB
Node 1 MemFree:        24248744 kB
Node 1 MemUsed:          412836 kB
Node 1 Active:            65688 kB
Node 1 Inactive:          48328 kB
Node 1 Active(anon):      25140 kB
Node 1 Inactive(anon):      416 kB
Node 1 Active(file):      40548 kB
Node 1 Inactive(file):    47912 kB
Node 1 Unevictable:         780 kB
Node 1 Mlocked:             780 kB
Node 1 Dirty:               212 kB
Node 1 Writeback:             0 kB
Node 1 FilePages:         89868 kB
Node 1 Mapped:            37620 kB
Node 1 AnonPages:         24428 kB
Node 1 Shmem:               624 kB
Node 1 KernelStack:        2520 kB
Node 1 PageTables:          776 kB
Node 1 NFS_Unstable:          0 kB
Node 1 Bounce:                0 kB
Node 1 WritebackTmp:          0 kB
Node 1 KReclaimable:      24536 kB
Node 1 Slab:              64932 kB
Node 1 SReclaimable:      24536 kB
Node 1 SUnreclaim:        40396 kB
Node 1 AnonHugePages:         0 kB
Node 1 ShmemHugePages:        0 kB
Node 1 ShmemPmdMapped:        0 kB
Node 1 FileHugePages:        0 kB
Node 1 FilePmdMapped:        0 kB
Node 1 HugePages_Total:     0
Node 1 HugePages_Free:      0
Node 1 HugePages_Surp:      0

After Test
Node 0 MemTotal:       24768352 kB
Node 0 MemFree:        23689840 kB
Node 0 MemUsed:         1078512 kB
Node 0 Active:            36124 kB
Node 0 Inactive:          47900 kB
Node 0 Active(anon):       8384 kB
Node 0 Inactive(anon):      484 kB
Node 0 Active(file):      27740 kB
Node 0 Inactive(file):    47416 kB
Node 0 Unevictable:       17744 kB
Node 0 Mlocked:           17744 kB
Node 0 Dirty:                 8 kB
Node 0 Writeback:             0 kB
Node 0 FilePages:         83256 kB
Node 0 Mapped:            17504 kB
Node 0 AnonPages:         18468 kB
Node 0 Shmem:               688 kB
Node 0 KernelStack:        2312 kB
Node 0 PageTables:          588 kB
Node 0 NFS_Unstable:          0 kB
Node 0 Bounce:                0 kB
Node 0 WritebackTmp:          0 kB
Node 0 KReclaimable:      19676 kB
Node 0 Slab:              62052 kB
Node 0 SReclaimable:      19676 kB
Node 0 SUnreclaim:        42376 kB
Node 0 AnonHugePages:         0 kB
Node 0 ShmemHugePages:        0 kB
Node 0 ShmemPmdMapped:        0 kB
Node 0 FileHugePages:        0 kB
Node 0 FilePmdMapped:        0 kB
Node 0 HugePages_Total:     0
Node 0 HugePages_Free:      0
Node 0 HugePages_Surp:      0

Node 1 MemTotal:       24661580 kB
Node 1 MemFree:        23501660 kB
Node 1 MemUsed:         1159920 kB
Node 1 Active:            65536 kB
Node 1 Inactive:          48072 kB
Node 1 Active(anon):      24568 kB
Node 1 Inactive(anon):      416 kB
Node 1 Active(file):      40968 kB
Node 1 Inactive(file):    47656 kB
Node 1 Unevictable:         780 kB
Node 1 Mlocked:             780 kB
Node 1 Dirty:               128 kB
Node 1 Writeback:             0 kB
Node 1 FilePages:         90028 kB
Node 1 Mapped:            37392 kB
Node 1 AnonPages:         24360 kB
Node 1 Shmem:               624 kB
Node 1 KernelStack:        2456 kB
Node 1 PageTables:          660 kB
Node 1 NFS_Unstable:          0 kB
Node 1 Bounce:                0 kB
Node 1 WritebackTmp:          0 kB
Node 1 KReclaimable:      24616 kB
Node 1 Slab:              67912 kB
Node 1 SReclaimable:      24616 kB
Node 1 SUnreclaim:        43296 kB
Node 1 AnonHugePages:         0 kB
Node 1 ShmemHugePages:        0 kB
Node 1 ShmemPmdMapped:        0 kB
Node 1 FileHugePages:        0 kB
Node 1 FilePmdMapped:        0 kB
Node 1 HugePages_Total:     0
Node 1 HugePages_Free:      0
Node 1 HugePages_Surp:      0

After Opposite Node
Node 0 MemTotal:       24768352 kB
Node 0 MemFree:        23690788 kB
Node 0 MemUsed:         1077564 kB
Node 0 Active:            36104 kB
Node 0 Inactive:          47708 kB
Node 0 Active(anon):       8192 kB
Node 0 Inactive(anon):      456 kB
Node 0 Active(file):      27912 kB
Node 0 Inactive(file):    47252 kB
Node 0 Unevictable:       17744 kB
Node 0 Mlocked:           17744 kB
Node 0 Dirty:                16 kB
Node 0 Writeback:             0 kB
Node 0 FilePages:         83220 kB
Node 0 Mapped:            17444 kB
Node 0 AnonPages:         18332 kB
Node 0 Shmem:               644 kB
Node 0 KernelStack:        2280 kB
Node 0 PageTables:          400 kB
Node 0 NFS_Unstable:          0 kB
Node 0 Bounce:                0 kB
Node 0 WritebackTmp:          0 kB
Node 0 KReclaimable:      19676 kB
Node 0 Slab:              61788 kB
Node 0 SReclaimable:      19676 kB
Node 0 SUnreclaim:        42112 kB
Node 0 AnonHugePages:         0 kB
Node 0 ShmemHugePages:        0 kB
Node 0 ShmemPmdMapped:        0 kB
Node 0 FileHugePages:        0 kB
Node 0 FilePmdMapped:        0 kB
Node 0 HugePages_Total:     0
Node 0 HugePages_Free:      0
Node 0 HugePages_Surp:      0

Node 1 MemTotal:       24661580 kB
Node 1 MemFree:        23500036 kB
Node 1 MemUsed:         1161544 kB
Node 1 Active:            65728 kB
Node 1 Inactive:          48092 kB
Node 1 Active(anon):      24732 kB
Node 1 Inactive(anon):      440 kB
Node 1 Active(file):      40996 kB
Node 1 Inactive(file):    47652 kB
Node 1 Unevictable:         780 kB
Node 1 Mlocked:             780 kB
Node 1 Dirty:               148 kB
Node 1 Writeback:             0 kB
Node 1 FilePages:         90096 kB
Node 1 Mapped:            37436 kB
Node 1 AnonPages:         24424 kB
Node 1 Shmem:               668 kB
Node 1 KernelStack:        2472 kB
Node 1 PageTables:          776 kB
Node 1 NFS_Unstable:          0 kB
Node 1 Bounce:                0 kB
Node 1 WritebackTmp:          0 kB
Node 1 KReclaimable:      24664 kB
Node 1 Slab:              68524 kB
Node 1 SReclaimable:      24664 kB
Node 1 SUnreclaim:        43860 kB
Node 1 AnonHugePages:         0 kB
Node 1 ShmemHugePages:        0 kB
Node 1 ShmemPmdMapped:        0 kB
Node 1 FileHugePages:        0 kB
Node 1 FilePmdMapped:        0 kB
Node 1 HugePages_Total:     0
Node 1 HugePages_Free:      0
Node 1 HugePages_Surp:      0

U.0.fio.750M.1.O Complete!
