Fio Node 0 pages
55bb6f526000 bind:0 file=/usr/bin/dash mapped=19 mapmax=3 N0=19 kernelpagesize_kB=4
55bb6f539000 bind:0 file=/usr/bin/dash mapped=6 mapmax=3 N0=6 kernelpagesize_kB=4
55bb6f53f000 bind:0 file=/usr/bin/dash anon=2 dirty=2 mapmax=2 N0=2 kernelpagesize_kB=4
55bb6f541000 bind:0 file=/usr/bin/dash anon=1 dirty=1 N0=1 kernelpagesize_kB=4
55bb6f542000 bind:0 anon=1 dirty=1 N0=1 kernelpagesize_kB=4
55bb70974000 bind:0 heap anon=2 dirty=2 mapmax=2 N0=2 kernelpagesize_kB=4
7fc7b9efd000 bind:0 file=/usr/lib/x86_64-linux-gnu/libc-2.31.so anon=3 dirty=3 mapmax=2 N0=3 kernelpagesize_kB=4
7fc7b9f00000 bind:0 file=/usr/lib/x86_64-linux-gnu/libc-2.31.so anon=3 dirty=3 mapmax=2 N0=3 kernelpagesize_kB=4
7fc7b9f03000 bind:0 anon=6 dirty=6 mapmax=2 N0=6 kernelpagesize_kB=4
7fc7b9f40000 bind:0 file=/usr/lib/x86_64-linux-gnu/ld-2.31.so anon=1 dirty=1 mapmax=2 N0=1 kernelpagesize_kB=4
7fc7b9f41000 bind:0 file=/usr/lib/x86_64-linux-gnu/ld-2.31.so anon=1 dirty=1 N0=1 kernelpagesize_kB=4
7fc7b9f42000 bind:0 anon=1 dirty=1 mapmax=2 N0=1 kernelpagesize_kB=4
7fff97ea9000 bind:0 stack anon=3 dirty=3 mapmax=2 N0=3 kernelpagesize_kB=4
Fio Node 1 pages
7fc7b9d3a000 bind:0 file=/usr/lib/x86_64-linux-gnu/libc-2.31.so mapped=144 mapmax=34 N1=144 kernelpagesize_kB=4
7fc7b9eb2000 bind:0 file=/usr/lib/x86_64-linux-gnu/libc-2.31.so mapped=30 mapmax=33 N1=30 kernelpagesize_kB=4
Fio Node 0 pages
5613b9d0e000 bind:0 file=/usr/local/bin/fio mapped=16 active=1 N0=16 kernelpagesize_kB=4
5613b9dd2000 bind:0 file=/usr/local/bin/fio anon=2 dirty=2 mapped=17 active=2 N0=17 kernelpagesize_kB=4
7fe070369000 bind:0 file=/usr/lib/x86_64-linux-gnu/libc-2.31.so anon=2 dirty=2 mapped=6 active=2 N0=2 N1=4 kernelpagesize_kB=4
7fe070373000 bind:0 file=/usr/lib/x86_64-linux-gnu/libaio.so.1.0.1 mapped=1 mapmax=2 N0=1 kernelpagesize_kB=4
7fe070376000 bind:0 file=/usr/lib/x86_64-linux-gnu/libaio.so.1.0.1 anon=2 dirty=2 N0=2 kernelpagesize_kB=4
7fe07037c000 bind:0 file=/usr/lib/x86_64-linux-gnu/libdl-2.31.so anon=2 dirty=2 N0=2 kernelpagesize_kB=4
7fe07037e000 bind:0 anon=2 dirty=2 N0=2 kernelpagesize_kB=4
7fe070380000 bind:0 file=/usr/lib/x86_64-linux-gnu/libmvec-2.31.so mapped=2 active=1 N0=2 kernelpagesize_kB=4
7fe0703aa000 bind:0 file=/usr/lib/x86_64-linux-gnu/libmvec-2.31.so anon=2 dirty=2 N0=2 kernelpagesize_kB=4
7fe0704f9000 bind:0 file=/usr/lib/x86_64-linux-gnu/libm-2.31.so anon=2 dirty=2 N0=2 kernelpagesize_kB=4
7fe070518000 bind:0 file=/usr/lib/x86_64-linux-gnu/libpthread-2.31.so anon=2 dirty=2 N0=2 kernelpagesize_kB=4
7fe07051e000 bind:0 file=/usr/lib/x86_64-linux-gnu/libz.so.1.2.11 mapped=2 mapmax=8 N0=2 kernelpagesize_kB=4
7fe070538000 bind:0 file=/usr/lib/x86_64-linux-gnu/libz.so.1.2.11 anon=2 dirty=2 N0=2 kernelpagesize_kB=4
7fe070543000 bind:0 file=/usr/lib/x86_64-linux-gnu/librt-2.31.so anon=2 dirty=2 N0=2 kernelpagesize_kB=4
7fe070545000 bind:0 file=/usr/lib/x86_64-linux-gnu/libnuma.so.1.0.0 mapped=3 mapmax=2 N0=3 kernelpagesize_kB=4
7fe070550000 bind:0 file=/usr/lib/x86_64-linux-gnu/libnuma.so.1.0.0 anon=2 dirty=2 N0=2 kernelpagesize_kB=4
7fe070552000 bind:0 anon=2 dirty=2 N0=2 kernelpagesize_kB=4
7fe07058b000 bind:0 file=/usr/lib/x86_64-linux-gnu/ld-2.31.so anon=2 dirty=2 N0=2 kernelpagesize_kB=4
7fe07058d000 bind:0 anon=1 dirty=1 N0=1 kernelpagesize_kB=4
7ffcc692f000 bind:0 stack anon=3 dirty=3 N0=3 kernelpagesize_kB=4
Fio Node 1 pages
7fe070181000 bind:0 file=/usr/lib/x86_64-linux-gnu/libc-2.31.so mapped=37 mapmax=25 N1=37 kernelpagesize_kB=4
7fe0701a6000 bind:0 file=/usr/lib/x86_64-linux-gnu/libc-2.31.so mapped=266 mapmax=25 N1=266 kernelpagesize_kB=4
7fe07031e000 bind:0 file=/usr/lib/x86_64-linux-gnu/libc-2.31.so mapped=50 mapmax=24 N1=50 kernelpagesize_kB=4
7fe070378000 bind:0 file=/usr/lib/x86_64-linux-gnu/libdl-2.31.so mapped=1 mapmax=20 N1=1 kernelpagesize_kB=4
7fe070379000 bind:0 file=/usr/lib/x86_64-linux-gnu/libdl-2.31.so mapped=2 mapmax=19 N1=2 kernelpagesize_kB=4
7fe0703ac000 bind:0 file=/usr/lib/x86_64-linux-gnu/libm-2.31.so mapped=15 mapmax=12 N1=15 kernelpagesize_kB=4
7fe0703bb000 bind:0 file=/usr/lib/x86_64-linux-gnu/libm-2.31.so mapped=64 mapmax=12 N1=64 kernelpagesize_kB=4
7fe0704fb000 bind:0 file=/usr/lib/x86_64-linux-gnu/libpthread-2.31.so mapped=7 mapmax=22 N1=7 kernelpagesize_kB=4
7fe070502000 bind:0 file=/usr/lib/x86_64-linux-gnu/libpthread-2.31.so mapped=17 mapmax=22 N1=17 kernelpagesize_kB=4
7fe07053a000 bind:0 file=/usr/lib/x86_64-linux-gnu/librt-2.31.so mapped=3 mapmax=17 N1=3 kernelpagesize_kB=4
7fe07053d000 bind:0 file=/usr/lib/x86_64-linux-gnu/librt-2.31.so mapped=4 mapmax=17 N1=4 kernelpagesize_kB=4
7fe07055e000 bind:0 file=/usr/lib/x86_64-linux-gnu/ld-2.31.so mapped=1 mapmax=25 N1=1 kernelpagesize_kB=4
7fe07055f000 bind:0 file=/usr/lib/x86_64-linux-gnu/ld-2.31.so mapped=35 mapmax=25 N1=35 kernelpagesize_kB=4
7fe070582000 bind:0 file=/usr/lib/x86_64-linux-gnu/ld-2.31.so mapped=8 mapmax=25 N1=8 kernelpagesize_kB=4
U.0.fio.875M.2.O
Begin
Node 0 MemTotal:       24768352 kB
Node 0 MemFree:        24396476 kB
Node 0 MemUsed:          371876 kB
Node 0 Active:            53312 kB
Node 0 Inactive:          26452 kB
Node 0 Active(anon):      15432 kB
Node 0 Inactive(anon):      532 kB
Node 0 Active(file):      37880 kB
Node 0 Inactive(file):    25920 kB
Node 0 Unevictable:       13412 kB
Node 0 Mlocked:           13412 kB
Node 0 Dirty:               284 kB
Node 0 Writeback:             0 kB
Node 0 FilePages:         67692 kB
Node 0 Mapped:            17152 kB
Node 0 AnonPages:         25532 kB
Node 0 Shmem:               796 kB
Node 0 KernelStack:        2376 kB
Node 0 PageTables:          476 kB
Node 0 NFS_Unstable:          0 kB
Node 0 Bounce:                0 kB
Node 0 WritebackTmp:          0 kB
Node 0 KReclaimable:      16680 kB
Node 0 Slab:              54616 kB
Node 0 SReclaimable:      16680 kB
Node 0 SUnreclaim:        37936 kB
Node 0 AnonHugePages:         0 kB
Node 0 ShmemHugePages:        0 kB
Node 0 ShmemPmdMapped:        0 kB
Node 0 FileHugePages:        0 kB
Node 0 FilePmdMapped:        0 kB
Node 0 HugePages_Total:     0
Node 0 HugePages_Free:      0
Node 0 HugePages_Surp:      0

Node 1 MemTotal:       24661580 kB
Node 1 MemFree:        24403992 kB
Node 1 MemUsed:          257588 kB
Node 1 Active:            42020 kB
Node 1 Inactive:          81380 kB
Node 1 Active(anon):      18044 kB
Node 1 Inactive(anon):      364 kB
Node 1 Active(file):      23976 kB
Node 1 Inactive(file):    81016 kB
Node 1 Unevictable:        5112 kB
Node 1 Mlocked:            5112 kB
Node 1 Dirty:               248 kB
Node 1 Writeback:             0 kB
Node 1 FilePages:        110572 kB
Node 1 Mapped:            43284 kB
Node 1 AnonPages:         17984 kB
Node 1 Shmem:               472 kB
Node 1 KernelStack:        1256 kB
Node 1 PageTables:          640 kB
Node 1 NFS_Unstable:          0 kB
Node 1 Bounce:                0 kB
Node 1 WritebackTmp:          0 kB
Node 1 KReclaimable:      24804 kB
Node 1 Slab:              51116 kB
Node 1 SReclaimable:      24804 kB
Node 1 SUnreclaim:        26312 kB
Node 1 AnonHugePages:         0 kB
Node 1 ShmemHugePages:        0 kB
Node 1 ShmemPmdMapped:        0 kB
Node 1 FileHugePages:        0 kB
Node 1 FilePmdMapped:        0 kB
Node 1 HugePages_Total:     0
Node 1 HugePages_Free:      0
Node 1 HugePages_Surp:      0

Load ZFS
Node 0 MemTotal:       24768352 kB
Node 0 MemFree:        24393220 kB
Node 0 MemUsed:          375132 kB
Node 0 Active:            59400 kB
Node 0 Inactive:          22048 kB
Node 0 Active(anon):      15548 kB
Node 0 Inactive(anon):      532 kB
Node 0 Active(file):      43852 kB
Node 0 Inactive(file):    21516 kB
Node 0 Unevictable:       13412 kB
Node 0 Mlocked:           13412 kB
Node 0 Dirty:               284 kB
Node 0 Writeback:             0 kB
Node 0 FilePages:         69248 kB
Node 0 Mapped:            17316 kB
Node 0 AnonPages:         25488 kB
Node 0 Shmem:               796 kB
Node 0 KernelStack:        2404 kB
Node 0 PageTables:          524 kB
Node 0 NFS_Unstable:          0 kB
Node 0 Bounce:                0 kB
Node 0 WritebackTmp:          0 kB
Node 0 KReclaimable:      17100 kB
Node 0 Slab:              56636 kB
Node 0 SReclaimable:      17100 kB
Node 0 SUnreclaim:        39536 kB
Node 0 AnonHugePages:         0 kB
Node 0 ShmemHugePages:        0 kB
Node 0 ShmemPmdMapped:        0 kB
Node 0 FileHugePages:        0 kB
Node 0 FilePmdMapped:        0 kB
Node 0 HugePages_Total:     0
Node 0 HugePages_Free:      0
Node 0 HugePages_Surp:      0

Node 1 MemTotal:       24661580 kB
Node 1 MemFree:        24397776 kB
Node 1 MemUsed:          263804 kB
Node 1 Active:            47552 kB
Node 1 Inactive:          81704 kB
Node 1 Active(anon):      22936 kB
Node 1 Inactive(anon):      364 kB
Node 1 Active(file):      24616 kB
Node 1 Inactive(file):    81340 kB
Node 1 Unevictable:        5112 kB
Node 1 Mlocked:            5112 kB
Node 1 Dirty:               280 kB
Node 1 Writeback:             0 kB
Node 1 FilePages:        111536 kB
Node 1 Mapped:            43292 kB
Node 1 AnonPages:         22916 kB
Node 1 Shmem:               472 kB
Node 1 KernelStack:        1304 kB
Node 1 PageTables:          892 kB
Node 1 NFS_Unstable:          0 kB
Node 1 Bounce:                0 kB
Node 1 WritebackTmp:          0 kB
Node 1 KReclaimable:      25240 kB
Node 1 Slab:              52840 kB
Node 1 SReclaimable:      25240 kB
Node 1 SUnreclaim:        27600 kB
Node 1 AnonHugePages:         0 kB
Node 1 ShmemHugePages:        0 kB
Node 1 ShmemPmdMapped:        0 kB
Node 1 FileHugePages:        0 kB
Node 1 FilePmdMapped:        0 kB
Node 1 HugePages_Total:     0
Node 1 HugePages_Free:      0
Node 1 HugePages_Surp:      0

Import tank ZPool
Node 0 MemTotal:       24768352 kB
Node 0 MemFree:        24369788 kB
Node 0 MemUsed:          398564 kB
Node 0 Active:            59672 kB
Node 0 Inactive:          23148 kB
Node 0 Active(anon):      15444 kB
Node 0 Inactive(anon):      536 kB
Node 0 Active(file):      44228 kB
Node 0 Inactive(file):    22612 kB
Node 0 Unevictable:       13412 kB
Node 0 Mlocked:           13412 kB
Node 0 Dirty:                60 kB
Node 0 Writeback:             4 kB
Node 0 FilePages:         70720 kB
Node 0 Mapped:            17380 kB
Node 0 AnonPages:         25092 kB
Node 0 Shmem:               796 kB
Node 0 KernelStack:        3592 kB
Node 0 PageTables:          548 kB
Node 0 NFS_Unstable:          0 kB
Node 0 Bounce:                0 kB
Node 0 WritebackTmp:          0 kB
Node 0 KReclaimable:      17240 kB
Node 0 Slab:              63652 kB
Node 0 SReclaimable:      17240 kB
Node 0 SUnreclaim:        46412 kB
Node 0 AnonHugePages:         0 kB
Node 0 ShmemHugePages:        0 kB
Node 0 ShmemPmdMapped:        0 kB
Node 0 FileHugePages:        0 kB
Node 0 FilePmdMapped:        0 kB
Node 0 HugePages_Total:     0
Node 0 HugePages_Free:      0
Node 0 HugePages_Surp:      0

Node 1 MemTotal:       24661580 kB
Node 1 MemFree:        24397756 kB
Node 1 MemUsed:          263824 kB
Node 1 Active:            47580 kB
Node 1 Inactive:          81704 kB
Node 1 Active(anon):      22960 kB
Node 1 Inactive(anon):      364 kB
Node 1 Active(file):      24620 kB
Node 1 Inactive(file):    81340 kB
Node 1 Unevictable:        5112 kB
Node 1 Mlocked:            5112 kB
Node 1 Dirty:               324 kB
Node 1 Writeback:             0 kB
Node 1 FilePages:        111576 kB
Node 1 Mapped:            43424 kB
Node 1 AnonPages:         22956 kB
Node 1 Shmem:               472 kB
Node 1 KernelStack:        1304 kB
Node 1 PageTables:          892 kB
Node 1 NFS_Unstable:          0 kB
Node 1 Bounce:                0 kB
Node 1 WritebackTmp:          0 kB
Node 1 KReclaimable:      25240 kB
Node 1 Slab:              53668 kB
Node 1 SReclaimable:      25240 kB
Node 1 SUnreclaim:        28428 kB
Node 1 AnonHugePages:         0 kB
Node 1 ShmemHugePages:        0 kB
Node 1 ShmemPmdMapped:        0 kB
Node 1 FileHugePages:        0 kB
Node 1 FilePmdMapped:        0 kB
Node 1 HugePages_Total:     0
Node 1 HugePages_Free:      0
Node 1 HugePages_Surp:      0

After Test
Node 0 MemTotal:       24768352 kB
Node 0 MemFree:        22997424 kB
Node 0 MemUsed:         1770928 kB
Node 0 Active:            61136 kB
Node 0 Inactive:          24144 kB
Node 0 Active(anon):      15684 kB
Node 0 Inactive(anon):      572 kB
Node 0 Active(file):      45452 kB
Node 0 Inactive(file):    23572 kB
Node 0 Unevictable:       13412 kB
Node 0 Mlocked:           13412 kB
Node 0 Dirty:                20 kB
Node 0 Writeback:             0 kB
Node 0 FilePages:         72948 kB
Node 0 Mapped:            17156 kB
Node 0 AnonPages:         25700 kB
Node 0 Shmem:               840 kB
Node 0 KernelStack:        3528 kB
Node 0 PageTables:          680 kB
Node 0 NFS_Unstable:          0 kB
Node 0 Bounce:                0 kB
Node 0 WritebackTmp:          0 kB
Node 0 KReclaimable:      18556 kB
Node 0 Slab:              73452 kB
Node 0 SReclaimable:      18556 kB
Node 0 SUnreclaim:        54896 kB
Node 0 AnonHugePages:         0 kB
Node 0 ShmemHugePages:        0 kB
Node 0 ShmemPmdMapped:        0 kB
Node 0 FileHugePages:        0 kB
Node 0 FilePmdMapped:        0 kB
Node 0 HugePages_Total:     0
Node 0 HugePages_Free:      0
Node 0 HugePages_Surp:      0
Fio Node 0 pages
556f9a5bd000 bind:1 file=/usr/local/bin/fio mapped=16 N0=16 kernelpagesize_kB=4
556f9a681000 bind:1 file=/usr/local/bin/fio anon=2 dirty=2 mapped=17 active=4 N0=15 N1=2 kernelpagesize_kB=4
7f95d7228000 bind:1 file=/usr/lib/x86_64-linux-gnu/libaio.so.1.0.1 mapped=1 mapmax=2 N0=1 kernelpagesize_kB=4
7f95d7235000 bind:1 file=/usr/lib/x86_64-linux-gnu/libmvec-2.31.so mapped=2 N0=2 kernelpagesize_kB=4
7f95d73d3000 bind:1 file=/usr/lib/x86_64-linux-gnu/libz.so.1.2.11 mapped=2 mapmax=8 N0=2 kernelpagesize_kB=4
7f95d73fa000 bind:1 file=/usr/lib/x86_64-linux-gnu/libnuma.so.1.0.0 mapped=3 mapmax=2 N0=3 kernelpagesize_kB=4
Fio Node 1 pages
556f9a681000 bind:1 file=/usr/local/bin/fio anon=2 dirty=2 N1=2 kernelpagesize_kB=4
556f9a683000 bind:1 file=/usr/local/bin/fio anon=110 dirty=110 mapped=114 active=112 N0=4 N1=110 kernelpagesize_kB=4
556f9a75f000 bind:1 anon=2 dirty=2 N1=2 kernelpagesize_kB=4
556f9b3de000 bind:1 heap anon=4 dirty=4 N1=4 kernelpagesize_kB=4
7f95d7034000 bind:1 anon=2 dirty=2 N1=2 kernelpagesize_kB=4
7f95d7036000 bind:1 file=/usr/lib/x86_64-linux-gnu/libc-2.31.so mapped=37 mapmax=25 N1=37 kernelpagesize_kB=4
7f95d705b000 bind:1 file=/usr/lib/x86_64-linux-gnu/libc-2.31.so mapped=277 mapmax=25 N1=277 kernelpagesize_kB=4
7f95d71d3000 bind:1 file=/usr/lib/x86_64-linux-gnu/libc-2.31.so mapped=45 mapmax=24 N1=45 kernelpagesize_kB=4
7f95d721e000 bind:1 file=/usr/lib/x86_64-linux-gnu/libc-2.31.so anon=3 dirty=3 N1=3 kernelpagesize_kB=4
7f95d7221000 bind:1 file=/usr/lib/x86_64-linux-gnu/libc-2.31.so anon=3 dirty=3 N1=3 kernelpagesize_kB=4
7f95d7224000 bind:1 anon=4 dirty=4 N1=4 kernelpagesize_kB=4
7f95d722b000 bind:1 file=/usr/lib/x86_64-linux-gnu/libaio.so.1.0.1 anon=1 dirty=1 N1=1 kernelpagesize_kB=4
7f95d722c000 bind:1 file=/usr/lib/x86_64-linux-gnu/libaio.so.1.0.1 anon=1 dirty=1 N1=1 kernelpagesize_kB=4
7f95d722d000 bind:1 file=/usr/lib/x86_64-linux-gnu/libdl-2.31.so mapped=1 mapmax=20 N1=1 kernelpagesize_kB=4
7f95d722e000 bind:1 file=/usr/lib/x86_64-linux-gnu/libdl-2.31.so mapped=2 mapmax=19 N1=2 kernelpagesize_kB=4
7f95d7231000 bind:1 file=/usr/lib/x86_64-linux-gnu/libdl-2.31.so anon=1 dirty=1 N1=1 kernelpagesize_kB=4
7f95d7232000 bind:1 file=/usr/lib/x86_64-linux-gnu/libdl-2.31.so anon=1 dirty=1 N1=1 kernelpagesize_kB=4
7f95d7233000 bind:1 anon=2 dirty=2 N1=2 kernelpagesize_kB=4
7f95d725f000 bind:1 file=/usr/lib/x86_64-linux-gnu/libmvec-2.31.so anon=1 dirty=1 N1=1 kernelpagesize_kB=4
7f95d7260000 bind:1 file=/usr/lib/x86_64-linux-gnu/libmvec-2.31.so anon=1 dirty=1 N1=1 kernelpagesize_kB=4
7f95d7261000 bind:1 file=/usr/lib/x86_64-linux-gnu/libm-2.31.so mapped=15 mapmax=12 N1=15 kernelpagesize_kB=4
7f95d7270000 bind:1 file=/usr/lib/x86_64-linux-gnu/libm-2.31.so mapped=80 mapmax=12 N1=80 kernelpagesize_kB=4
7f95d73ae000 bind:1 file=/usr/lib/x86_64-linux-gnu/libm-2.31.so anon=1 dirty=1 N1=1 kernelpagesize_kB=4
7f95d73af000 bind:1 file=/usr/lib/x86_64-linux-gnu/libm-2.31.so anon=1 dirty=1 N1=1 kernelpagesize_kB=4
7f95d73b0000 bind:1 file=/usr/lib/x86_64-linux-gnu/libpthread-2.31.so mapped=7 mapmax=22 N1=7 kernelpagesize_kB=4
7f95d73b7000 bind:1 file=/usr/lib/x86_64-linux-gnu/libpthread-2.31.so mapped=17 mapmax=22 N1=17 kernelpagesize_kB=4
7f95d73cd000 bind:1 file=/usr/lib/x86_64-linux-gnu/libpthread-2.31.so anon=1 dirty=1 N1=1 kernelpagesize_kB=4
7f95d73ce000 bind:1 file=/usr/lib/x86_64-linux-gnu/libpthread-2.31.so anon=1 dirty=1 N1=1 kernelpagesize_kB=4
7f95d73cf000 bind:1 anon=1 dirty=1 N1=1 kernelpagesize_kB=4
7f95d73ed000 bind:1 file=/usr/lib/x86_64-linux-gnu/libz.so.1.2.11 anon=1 dirty=1 N1=1 kernelpagesize_kB=4
7f95d73ee000 bind:1 file=/usr/lib/x86_64-linux-gnu/libz.so.1.2.11 anon=1 dirty=1 N1=1 kernelpagesize_kB=4
7f95d73ef000 bind:1 file=/usr/lib/x86_64-linux-gnu/librt-2.31.so mapped=3 mapmax=17 N1=3 kernelpagesize_kB=4
7f95d73f2000 bind:1 file=/usr/lib/x86_64-linux-gnu/librt-2.31.so mapped=4 mapmax=17 N1=4 kernelpagesize_kB=4
7f95d73f8000 bind:1 file=/usr/lib/x86_64-linux-gnu/librt-2.31.so anon=1 dirty=1 N1=1 kernelpagesize_kB=4
7f95d73f9000 bind:1 file=/usr/lib/x86_64-linux-gnu/librt-2.31.so anon=1 dirty=1 N1=1 kernelpagesize_kB=4
7f95d7405000 bind:1 file=/usr/lib/x86_64-linux-gnu/libnuma.so.1.0.0 anon=1 dirty=1 N1=1 kernelpagesize_kB=4
7f95d7406000 bind:1 file=/usr/lib/x86_64-linux-gnu/libnuma.so.1.0.0 anon=1 dirty=1 N1=1 kernelpagesize_kB=4
7f95d7407000 bind:1 anon=2 dirty=2 N1=2 kernelpagesize_kB=4
7f95d7413000 bind:1 file=/usr/lib/x86_64-linux-gnu/ld-2.31.so mapped=1 mapmax=25 N1=1 kernelpagesize_kB=4
7f95d7414000 bind:1 file=/usr/lib/x86_64-linux-gnu/ld-2.31.so mapped=35 mapmax=25 N1=35 kernelpagesize_kB=4
7f95d7437000 bind:1 file=/usr/lib/x86_64-linux-gnu/ld-2.31.so mapped=8 mapmax=25 N1=8 kernelpagesize_kB=4
7f95d743f000 bind:1 file=/dev/zero\040(deleted) dirty=1 active=0 N1=1 kernelpagesize_kB=4
7f95d7440000 bind:1 file=/usr/lib/x86_64-linux-gnu/ld-2.31.so anon=1 dirty=1 N1=1 kernelpagesize_kB=4
7f95d7441000 bind:1 file=/usr/lib/x86_64-linux-gnu/ld-2.31.so anon=1 dirty=1 N1=1 kernelpagesize_kB=4
7f95d7442000 bind:1 anon=1 dirty=1 N1=1 kernelpagesize_kB=4
7ffddc64f000 bind:1 stack anon=3 dirty=3 N1=3 kernelpagesize_kB=4
Fio Node 0 pages
5638af793000 bind:1 file=/usr/local/bin/fio mapped=16 N0=16 kernelpagesize_kB=4
5638af857000 bind:1 file=/usr/local/bin/fio anon=2 dirty=2 mapped=17 active=4 N0=15 N1=2 kernelpagesize_kB=4
7fea0ac6f000 bind:1 file=/usr/lib/x86_64-linux-gnu/libaio.so.1.0.1 mapped=1 mapmax=2 N0=1 kernelpagesize_kB=4
7fea0ac7c000 bind:1 file=/usr/lib/x86_64-linux-gnu/libmvec-2.31.so mapped=2 N0=2 kernelpagesize_kB=4
7fea0ae1a000 bind:1 file=/usr/lib/x86_64-linux-gnu/libz.so.1.2.11 mapped=2 mapmax=8 N0=2 kernelpagesize_kB=4
7fea0ae41000 bind:1 file=/usr/lib/x86_64-linux-gnu/libnuma.so.1.0.0 mapped=3 mapmax=2 N0=3 kernelpagesize_kB=4
Fio Node 1 pages
5638af857000 bind:1 file=/usr/local/bin/fio anon=2 dirty=2 N1=2 kernelpagesize_kB=4
5638af859000 bind:1 file=/usr/local/bin/fio anon=109 dirty=109 mapped=113 active=111 N0=4 N1=109 kernelpagesize_kB=4
5638af935000 bind:1 anon=1 dirty=1 N1=1 kernelpagesize_kB=4
5638b0fa2000 bind:1 heap anon=4 dirty=4 N1=4 kernelpagesize_kB=4
7fea0aa7b000 bind:1 anon=2 dirty=2 N1=2 kernelpagesize_kB=4
7fea0aa7d000 bind:1 file=/usr/lib/x86_64-linux-gnu/libc-2.31.so mapped=34 mapmax=25 N1=34 kernelpagesize_kB=4
7fea0aaa2000 bind:1 file=/usr/lib/x86_64-linux-gnu/libc-2.31.so mapped=254 mapmax=25 N1=254 kernelpagesize_kB=4
7fea0ac1a000 bind:1 file=/usr/lib/x86_64-linux-gnu/libc-2.31.so mapped=38 mapmax=24 N1=38 kernelpagesize_kB=4
7fea0ac65000 bind:1 file=/usr/lib/x86_64-linux-gnu/libc-2.31.so anon=3 dirty=3 N1=3 kernelpagesize_kB=4
7fea0ac68000 bind:1 file=/usr/lib/x86_64-linux-gnu/libc-2.31.so anon=3 dirty=3 N1=3 kernelpagesize_kB=4
7fea0ac6b000 bind:1 anon=4 dirty=4 N1=4 kernelpagesize_kB=4
7fea0ac72000 bind:1 file=/usr/lib/x86_64-linux-gnu/libaio.so.1.0.1 anon=1 dirty=1 N1=1 kernelpagesize_kB=4
7fea0ac73000 bind:1 file=/usr/lib/x86_64-linux-gnu/libaio.so.1.0.1 anon=1 dirty=1 N1=1 kernelpagesize_kB=4
7fea0ac74000 bind:1 file=/usr/lib/x86_64-linux-gnu/libdl-2.31.so mapped=1 mapmax=20 N1=1 kernelpagesize_kB=4
7fea0ac75000 bind:1 file=/usr/lib/x86_64-linux-gnu/libdl-2.31.so mapped=2 mapmax=19 N1=2 kernelpagesize_kB=4
7fea0ac78000 bind:1 file=/usr/lib/x86_64-linux-gnu/libdl-2.31.so anon=1 dirty=1 N1=1 kernelpagesize_kB=4
7fea0ac79000 bind:1 file=/usr/lib/x86_64-linux-gnu/libdl-2.31.so anon=1 dirty=1 N1=1 kernelpagesize_kB=4
7fea0ac7a000 bind:1 anon=2 dirty=2 N1=2 kernelpagesize_kB=4
7fea0aca6000 bind:1 file=/usr/lib/x86_64-linux-gnu/libmvec-2.31.so anon=1 dirty=1 N1=1 kernelpagesize_kB=4
7fea0aca7000 bind:1 file=/usr/lib/x86_64-linux-gnu/libmvec-2.31.so anon=1 dirty=1 N1=1 kernelpagesize_kB=4
7fea0aca8000 bind:1 file=/usr/lib/x86_64-linux-gnu/libm-2.31.so mapped=15 mapmax=12 N1=15 kernelpagesize_kB=4
7fea0acb7000 bind:1 file=/usr/lib/x86_64-linux-gnu/libm-2.31.so mapped=73 mapmax=12 N1=73 kernelpagesize_kB=4
7fea0adf5000 bind:1 file=/usr/lib/x86_64-linux-gnu/libm-2.31.so anon=1 dirty=1 N1=1 kernelpagesize_kB=4
7fea0adf6000 bind:1 file=/usr/lib/x86_64-linux-gnu/libm-2.31.so anon=1 dirty=1 N1=1 kernelpagesize_kB=4
7fea0adf7000 bind:1 file=/usr/lib/x86_64-linux-gnu/libpthread-2.31.so mapped=7 mapmax=22 N1=7 kernelpagesize_kB=4
7fea0adfe000 bind:1 file=/usr/lib/x86_64-linux-gnu/libpthread-2.31.so mapped=17 mapmax=22 N1=17 kernelpagesize_kB=4
7fea0ae14000 bind:1 file=/usr/lib/x86_64-linux-gnu/libpthread-2.31.so anon=1 dirty=1 N1=1 kernelpagesize_kB=4
7fea0ae15000 bind:1 file=/usr/lib/x86_64-linux-gnu/libpthread-2.31.so anon=1 dirty=1 N1=1 kernelpagesize_kB=4
7fea0ae16000 bind:1 anon=1 dirty=1 N1=1 kernelpagesize_kB=4
7fea0ae34000 bind:1 file=/usr/lib/x86_64-linux-gnu/libz.so.1.2.11 anon=1 dirty=1 N1=1 kernelpagesize_kB=4
7fea0ae35000 bind:1 file=/usr/lib/x86_64-linux-gnu/libz.so.1.2.11 anon=1 dirty=1 N1=1 kernelpagesize_kB=4
7fea0ae36000 bind:1 file=/usr/lib/x86_64-linux-gnu/librt-2.31.so mapped=3 mapmax=17 N1=3 kernelpagesize_kB=4
7fea0ae39000 bind:1 file=/usr/lib/x86_64-linux-gnu/librt-2.31.so mapped=4 mapmax=17 N1=4 kernelpagesize_kB=4
7fea0ae3f000 bind:1 file=/usr/lib/x86_64-linux-gnu/librt-2.31.so anon=1 dirty=1 N1=1 kernelpagesize_kB=4
7fea0ae40000 bind:1 file=/usr/lib/x86_64-linux-gnu/librt-2.31.so anon=1 dirty=1 N1=1 kernelpagesize_kB=4
7fea0ae4c000 bind:1 file=/usr/lib/x86_64-linux-gnu/libnuma.so.1.0.0 anon=1 dirty=1 N1=1 kernelpagesize_kB=4
7fea0ae4d000 bind:1 file=/usr/lib/x86_64-linux-gnu/libnuma.so.1.0.0 anon=1 dirty=1 N1=1 kernelpagesize_kB=4
7fea0ae4e000 bind:1 anon=2 dirty=2 N1=2 kernelpagesize_kB=4
7fea0ae5a000 bind:1 file=/usr/lib/x86_64-linux-gnu/ld-2.31.so mapped=1 mapmax=25 N1=1 kernelpagesize_kB=4
7fea0ae5b000 bind:1 file=/usr/lib/x86_64-linux-gnu/ld-2.31.so mapped=35 mapmax=25 N1=35 kernelpagesize_kB=4
7fea0ae7e000 bind:1 file=/usr/lib/x86_64-linux-gnu/ld-2.31.so mapped=8 mapmax=25 N1=8 kernelpagesize_kB=4
7fea0ae86000 bind:1 file=/dev/zero\040(deleted) dirty=1 active=0 N1=1 kernelpagesize_kB=4
7fea0ae87000 bind:1 file=/usr/lib/x86_64-linux-gnu/ld-2.31.so anon=1 dirty=1 N1=1 kernelpagesize_kB=4
7fea0ae88000 bind:1 file=/usr/lib/x86_64-linux-gnu/ld-2.31.so anon=1 dirty=1 N1=1 kernelpagesize_kB=4
7fea0ae89000 bind:1 anon=1 dirty=1 N1=1 kernelpagesize_kB=4
7ffdf245b000 bind:1 stack anon=3 dirty=3 N1=3 kernelpagesize_kB=4

Node 1 MemTotal:       24661580 kB
Node 1 MemFree:        24048112 kB
Node 1 MemUsed:          613468 kB
Node 1 Active:            41772 kB
Node 1 Inactive:          81704 kB
Node 1 Active(anon):      17108 kB
Node 1 Inactive(anon):      364 kB
Node 1 Active(file):      24664 kB
Node 1 Inactive(file):    81340 kB
Node 1 Unevictable:        5112 kB
Node 1 Mlocked:            5112 kB
Node 1 Dirty:               144 kB
Node 1 Writeback:             0 kB
Node 1 FilePages:        111584 kB
Node 1 Mapped:            43292 kB
Node 1 AnonPages:         17000 kB
Node 1 Shmem:               472 kB
Node 1 KernelStack:        1224 kB
Node 1 PageTables:          568 kB
Node 1 NFS_Unstable:          0 kB
Node 1 Bounce:                0 kB
Node 1 WritebackTmp:          0 kB
Node 1 KReclaimable:      25288 kB
Node 1 Slab:              54932 kB
Node 1 SReclaimable:      25288 kB
Node 1 SUnreclaim:        29644 kB
Node 1 AnonHugePages:         0 kB
Node 1 ShmemHugePages:        0 kB
Node 1 ShmemPmdMapped:        0 kB
Node 1 FileHugePages:        0 kB
Node 1 FilePmdMapped:        0 kB
Node 1 HugePages_Total:     0
Node 1 HugePages_Free:      0
Node 1 HugePages_Surp:      0

After Opposite Node
Node 0 MemTotal:       24768352 kB
Node 0 MemFree:        23000432 kB
Node 0 MemUsed:         1767920 kB
Node 0 Active:            61208 kB
Node 0 Inactive:          23876 kB
Node 0 Active(anon):      15508 kB
Node 0 Inactive(anon):      536 kB
Node 0 Active(file):      45700 kB
Node 0 Inactive(file):    23340 kB
Node 0 Unevictable:       13412 kB
Node 0 Mlocked:           13412 kB
Node 0 Dirty:                36 kB
Node 0 Writeback:             0 kB
Node 0 FilePages:         72920 kB
Node 0 Mapped:            17384 kB
Node 0 AnonPages:         25576 kB
Node 0 Shmem:               796 kB
Node 0 KernelStack:        3496 kB
Node 0 PageTables:          500 kB
Node 0 NFS_Unstable:          0 kB
Node 0 Bounce:                0 kB
Node 0 WritebackTmp:          0 kB
Node 0 KReclaimable:      18556 kB
Node 0 Slab:              73204 kB
Node 0 SReclaimable:      18556 kB
Node 0 SUnreclaim:        54648 kB
Node 0 AnonHugePages:         0 kB
Node 0 ShmemHugePages:        0 kB
Node 0 ShmemPmdMapped:        0 kB
Node 0 FileHugePages:        0 kB
Node 0 FilePmdMapped:        0 kB
Node 0 HugePages_Total:     0
Node 0 HugePages_Free:      0
Node 0 HugePages_Surp:      0

Node 1 MemTotal:       24661580 kB
Node 1 MemFree:        24043808 kB
Node 1 MemUsed:          617772 kB
Node 1 Active:            41932 kB
Node 1 Inactive:          81744 kB
Node 1 Active(anon):      17264 kB
Node 1 Inactive(anon):      388 kB
Node 1 Active(file):      24668 kB
Node 1 Inactive(file):    81356 kB
Node 1 Unevictable:        5112 kB
Node 1 Mlocked:            5112 kB
Node 1 Dirty:               160 kB
Node 1 Writeback:             0 kB
Node 1 FilePages:        111648 kB
Node 1 Mapped:            43336 kB
Node 1 AnonPages:         17056 kB
Node 1 Shmem:               516 kB
Node 1 KernelStack:        1240 kB
Node 1 PageTables:          684 kB
Node 1 NFS_Unstable:          0 kB
Node 1 Bounce:                0 kB
Node 1 WritebackTmp:          0 kB
Node 1 KReclaimable:      25400 kB
Node 1 Slab:              55780 kB
Node 1 SReclaimable:      25400 kB
Node 1 SUnreclaim:        30380 kB
Node 1 AnonHugePages:         0 kB
Node 1 ShmemHugePages:        0 kB
Node 1 ShmemPmdMapped:        0 kB
Node 1 FileHugePages:        0 kB
Node 1 FilePmdMapped:        0 kB
Node 1 HugePages_Total:     0
Node 1 HugePages_Free:      0
Node 1 HugePages_Surp:      0

U.0.fio.875M.2.O Complete!
