U.0.fio.250M.2.O
Begin
Node 0 MemTotal:       24743736 kB
Node 0 MemFree:        24523536 kB
Node 0 MemUsed:          220200 kB
Node 0 Active:            51904 kB
Node 0 Inactive:          19876 kB
Node 0 Active(anon):       8336 kB
Node 0 Inactive(anon):      512 kB
Node 0 Active(file):      43568 kB
Node 0 Inactive(file):    19364 kB
Node 0 Unevictable:       18160 kB
Node 0 Mlocked:           18160 kB
Node 0 Dirty:               292 kB
Node 0 Writeback:             0 kB
Node 0 FilePages:         71488 kB
Node 0 Mapped:            24992 kB
Node 0 AnonPages:         18448 kB
Node 0 Shmem:               728 kB
Node 0 KernelStack:        1848 kB
Node 0 PageTables:          444 kB
Node 0 NFS_Unstable:          0 kB
Node 0 Bounce:                0 kB
Node 0 WritebackTmp:          0 kB
Node 0 KReclaimable:      22016 kB
Node 0 Slab:              49048 kB
Node 0 SReclaimable:      22016 kB
Node 0 SUnreclaim:        27032 kB
Node 0 AnonHugePages:         0 kB
Node 0 ShmemHugePages:        0 kB
Node 0 ShmemPmdMapped:        0 kB
Node 0 FileHugePages:        0 kB
Node 0 FilePmdMapped:        0 kB
Node 0 HugePages_Total:     0
Node 0 HugePages_Free:      0
Node 0 HugePages_Surp:      0

Node 1 MemTotal:       24686196 kB
Node 1 MemFree:        24244572 kB
Node 1 MemUsed:          441624 kB
Node 1 Active:            42652 kB
Node 1 Inactive:         120040 kB
Node 1 Active(anon):      25740 kB
Node 1 Inactive(anon):      356 kB
Node 1 Active(file):      16912 kB
Node 1 Inactive(file):   119684 kB
Node 1 Unevictable:         364 kB
Node 1 Mlocked:             364 kB
Node 1 Dirty:               148 kB
Node 1 Writeback:             0 kB
Node 1 FilePages:        137648 kB
Node 1 Mapped:            62776 kB
Node 1 AnonPages:         25560 kB
Node 1 Shmem:               540 kB
Node 1 KernelStack:        1704 kB
Node 1 PageTables:          760 kB
Node 1 NFS_Unstable:          0 kB
Node 1 Bounce:                0 kB
Node 1 WritebackTmp:          0 kB
Node 1 KReclaimable:      19596 kB
Node 1 Slab:              56196 kB
Node 1 SReclaimable:      19596 kB
Node 1 SUnreclaim:        36600 kB
Node 1 AnonHugePages:         0 kB
Node 1 ShmemHugePages:        0 kB
Node 1 ShmemPmdMapped:        0 kB
Node 1 FileHugePages:        0 kB
Node 1 FilePmdMapped:        0 kB
Node 1 HugePages_Total:     0
Node 1 HugePages_Free:      0
Node 1 HugePages_Surp:      0

Load ZFS
Node 0 MemTotal:       24743736 kB
Node 0 MemFree:        24520216 kB
Node 0 MemUsed:          223520 kB
Node 0 Active:            55960 kB
Node 0 Inactive:          20176 kB
Node 0 Active(anon):      12076 kB
Node 0 Inactive(anon):      512 kB
Node 0 Active(file):      43884 kB
Node 0 Inactive(file):    19664 kB
Node 0 Unevictable:       18160 kB
Node 0 Mlocked:           18160 kB
Node 0 Dirty:               292 kB
Node 0 Writeback:             0 kB
Node 0 FilePages:         72104 kB
Node 0 Mapped:            25124 kB
Node 0 AnonPages:         22284 kB
Node 0 Shmem:               728 kB
Node 0 KernelStack:        1912 kB
Node 0 PageTables:          684 kB
Node 0 NFS_Unstable:          0 kB
Node 0 Bounce:                0 kB
Node 0 WritebackTmp:          0 kB
Node 0 KReclaimable:      22440 kB
Node 0 Slab:              51000 kB
Node 0 SReclaimable:      22440 kB
Node 0 SUnreclaim:        28560 kB
Node 0 AnonHugePages:         0 kB
Node 0 ShmemHugePages:        0 kB
Node 0 ShmemPmdMapped:        0 kB
Node 0 FileHugePages:        0 kB
Node 0 FilePmdMapped:        0 kB
Node 0 HugePages_Total:     0
Node 0 HugePages_Free:      0
Node 0 HugePages_Surp:      0

Node 1 MemTotal:       24686196 kB
Node 1 MemFree:        24240260 kB
Node 1 MemUsed:          445936 kB
Node 1 Active:            49820 kB
Node 1 Inactive:         115732 kB
Node 1 Active(anon):      26548 kB
Node 1 Inactive(anon):      360 kB
Node 1 Active(file):      23272 kB
Node 1 Inactive(file):   115372 kB
Node 1 Unevictable:         364 kB
Node 1 Mlocked:             364 kB
Node 1 Dirty:               216 kB
Node 1 Writeback:             0 kB
Node 1 FilePages:        139548 kB
Node 1 Mapped:            62788 kB
Node 1 AnonPages:         26276 kB
Node 1 Shmem:               540 kB
Node 1 KernelStack:        1784 kB
Node 1 PageTables:         1004 kB
Node 1 NFS_Unstable:          0 kB
Node 1 Bounce:                0 kB
Node 1 WritebackTmp:          0 kB
Node 1 KReclaimable:      20180 kB
Node 1 Slab:              58116 kB
Node 1 SReclaimable:      20180 kB
Node 1 SUnreclaim:        37936 kB
Node 1 AnonHugePages:         0 kB
Node 1 ShmemHugePages:        0 kB
Node 1 ShmemPmdMapped:        0 kB
Node 1 FileHugePages:        0 kB
Node 1 FilePmdMapped:        0 kB
Node 1 HugePages_Total:     0
Node 1 HugePages_Free:      0
Node 1 HugePages_Surp:      0

Import tank ZPool
Node 0 MemTotal:       24743736 kB
Node 0 MemFree:        24519944 kB
Node 0 MemUsed:          223792 kB
Node 0 Active:            52232 kB
Node 0 Inactive:          20176 kB
Node 0 Active(anon):       8324 kB
Node 0 Inactive(anon):      512 kB
Node 0 Active(file):      43908 kB
Node 0 Inactive(file):    19664 kB
Node 0 Unevictable:       18160 kB
Node 0 Mlocked:           18160 kB
Node 0 Dirty:                64 kB
Node 0 Writeback:             0 kB
Node 0 FilePages:         72124 kB
Node 0 Mapped:            25180 kB
Node 0 AnonPages:         18440 kB
Node 0 Shmem:               724 kB
Node 0 KernelStack:        1816 kB
Node 0 PageTables:          416 kB
Node 0 NFS_Unstable:          0 kB
Node 0 Bounce:                0 kB
Node 0 WritebackTmp:          0 kB
Node 0 KReclaimable:      22444 kB
Node 0 Slab:              51860 kB
Node 0 SReclaimable:      22444 kB
Node 0 SUnreclaim:        29416 kB
Node 0 AnonHugePages:         0 kB
Node 0 ShmemHugePages:        0 kB
Node 0 ShmemPmdMapped:        0 kB
Node 0 FileHugePages:        0 kB
Node 0 FilePmdMapped:        0 kB
Node 0 HugePages_Total:     0
Node 0 HugePages_Free:      0
Node 0 HugePages_Surp:      0

Node 1 MemTotal:       24686196 kB
Node 1 MemFree:        24222244 kB
Node 1 MemUsed:          463952 kB
Node 1 Active:            49080 kB
Node 1 Inactive:         116820 kB
Node 1 Active(anon):      25348 kB
Node 1 Inactive(anon):      364 kB
Node 1 Active(file):      23732 kB
Node 1 Inactive(file):   116456 kB
Node 1 Unevictable:         364 kB
Node 1 Mlocked:             364 kB
Node 1 Dirty:               136 kB
Node 1 Writeback:             8 kB
Node 1 FilePages:        141096 kB
Node 1 Mapped:            63012 kB
Node 1 AnonPages:         25192 kB
Node 1 Shmem:               544 kB
Node 1 KernelStack:        2840 kB
Node 1 PageTables:          908 kB
Node 1 NFS_Unstable:          0 kB
Node 1 Bounce:                0 kB
Node 1 WritebackTmp:          0 kB
Node 1 KReclaimable:      20304 kB
Node 1 Slab:              65008 kB
Node 1 SReclaimable:      20304 kB
Node 1 SUnreclaim:        44704 kB
Node 1 AnonHugePages:         0 kB
Node 1 ShmemHugePages:        0 kB
Node 1 ShmemPmdMapped:        0 kB
Node 1 FileHugePages:        0 kB
Node 1 FilePmdMapped:        0 kB
Node 1 HugePages_Total:     0
Node 1 HugePages_Free:      0
Node 1 HugePages_Surp:      0

After Test
Node 0 MemTotal:       24743736 kB
Node 0 MemFree:        23981052 kB
Node 0 MemUsed:          762684 kB
Node 0 Active:            52960 kB
Node 0 Inactive:          21348 kB
Node 0 Active(anon):       8124 kB
Node 0 Inactive(anon):      540 kB
Node 0 Active(file):      44836 kB
Node 0 Inactive(file):    20808 kB
Node 0 Unevictable:       18160 kB
Node 0 Mlocked:           18160 kB
Node 0 Dirty:                72 kB
Node 0 Writeback:             0 kB
Node 0 FilePages:         74240 kB
Node 0 Mapped:            24964 kB
Node 0 AnonPages:         18124 kB
Node 0 Shmem:               768 kB
Node 0 KernelStack:        1816 kB
Node 0 PageTables:          528 kB
Node 0 NFS_Unstable:          0 kB
Node 0 Bounce:                0 kB
Node 0 WritebackTmp:          0 kB
Node 0 KReclaimable:      23760 kB
Node 0 Slab:              57096 kB
Node 0 SReclaimable:      23760 kB
Node 0 SUnreclaim:        33336 kB
Node 0 AnonHugePages:         0 kB
Node 0 ShmemHugePages:        0 kB
Node 0 ShmemPmdMapped:        0 kB
Node 0 FileHugePages:        0 kB
Node 0 FilePmdMapped:        0 kB
Node 0 HugePages_Total:     0
Node 0 HugePages_Free:      0
Node 0 HugePages_Surp:      0

Node 1 MemTotal:       24686196 kB
Node 1 MemFree:        24223088 kB
Node 1 MemUsed:          463108 kB
Node 1 Active:            49140 kB
Node 1 Inactive:         116520 kB
Node 1 Active(anon):      24928 kB
Node 1 Inactive(anon):      364 kB
Node 1 Active(file):      24212 kB
Node 1 Inactive(file):   116156 kB
Node 1 Unevictable:         364 kB
Node 1 Mlocked:             364 kB
Node 1 Dirty:               136 kB
Node 1 Writeback:             0 kB
Node 1 FilePages:        141276 kB
Node 1 Mapped:            62788 kB
Node 1 AnonPages:         24748 kB
Node 1 Shmem:               544 kB
Node 1 KernelStack:        2840 kB
Node 1 PageTables:          808 kB
Node 1 NFS_Unstable:          0 kB
Node 1 Bounce:                0 kB
Node 1 WritebackTmp:          0 kB
Node 1 KReclaimable:      20304 kB
Node 1 Slab:              64852 kB
Node 1 SReclaimable:      20304 kB
Node 1 SUnreclaim:        44548 kB
Node 1 AnonHugePages:         0 kB
Node 1 ShmemHugePages:        0 kB
Node 1 ShmemPmdMapped:        0 kB
Node 1 FileHugePages:        0 kB
Node 1 FilePmdMapped:        0 kB
Node 1 HugePages_Total:     0
Node 1 HugePages_Free:      0
Node 1 HugePages_Surp:      0

After Opposite Node
Node 0 MemTotal:       24743736 kB
Node 0 MemFree:        23980832 kB
Node 0 MemUsed:          762904 kB
Node 0 Active:            52960 kB
Node 0 Inactive:          21172 kB
Node 0 Active(anon):       7968 kB
Node 0 Inactive(anon):      512 kB
Node 0 Active(file):      44992 kB
Node 0 Inactive(file):    20660 kB
Node 0 Unevictable:       18160 kB
Node 0 Mlocked:           18160 kB
Node 0 Dirty:                80 kB
Node 0 Writeback:             0 kB
Node 0 FilePages:         74204 kB
Node 0 Mapped:            25172 kB
Node 0 AnonPages:         18084 kB
Node 0 Shmem:               724 kB
Node 0 KernelStack:        1832 kB
Node 0 PageTables:          416 kB
Node 0 NFS_Unstable:          0 kB
Node 0 Bounce:                0 kB
Node 0 WritebackTmp:          0 kB
Node 0 KReclaimable:      23760 kB
Node 0 Slab:              57112 kB
Node 0 SReclaimable:      23760 kB
Node 0 SUnreclaim:        33352 kB
Node 0 AnonHugePages:         0 kB
Node 0 ShmemHugePages:        0 kB
Node 0 ShmemPmdMapped:        0 kB
Node 0 FileHugePages:        0 kB
Node 0 FilePmdMapped:        0 kB
Node 0 HugePages_Total:     0
Node 0 HugePages_Free:      0
Node 0 HugePages_Surp:      0

Node 1 MemTotal:       24686196 kB
Node 1 MemFree:        24221776 kB
Node 1 MemUsed:          464420 kB
Node 1 Active:            49352 kB
Node 1 Inactive:         116544 kB
Node 1 Active(anon):      25112 kB
Node 1 Inactive(anon):      392 kB
Node 1 Active(file):      24240 kB
Node 1 Inactive(file):   116152 kB
Node 1 Unevictable:         364 kB
Node 1 Mlocked:             364 kB
Node 1 Dirty:               156 kB
Node 1 Writeback:             0 kB
Node 1 FilePages:        141344 kB
Node 1 Mapped:            62832 kB
Node 1 AnonPages:         24868 kB
Node 1 Shmem:               588 kB
Node 1 KernelStack:        2872 kB
Node 1 PageTables:          980 kB
Node 1 NFS_Unstable:          0 kB
Node 1 Bounce:                0 kB
Node 1 WritebackTmp:          0 kB
Node 1 KReclaimable:      20344 kB
Node 1 Slab:              65120 kB
Node 1 SReclaimable:      20344 kB
Node 1 SUnreclaim:        44776 kB
Node 1 AnonHugePages:         0 kB
Node 1 ShmemHugePages:        0 kB
Node 1 ShmemPmdMapped:        0 kB
Node 1 FileHugePages:        0 kB
Node 1 FilePmdMapped:        0 kB
Node 1 HugePages_Total:     0
Node 1 HugePages_Free:      0
Node 1 HugePages_Surp:      0

U.0.fio.250M.2.O Complete!
