U.0.fio.100M.1.O
Begin
Node 0 MemTotal:       24768352 kB
Node 0 MemFree:        24473628 kB
Node 0 MemUsed:          294724 kB
Node 0 Active:            42224 kB
Node 0 Inactive:          85676 kB
Node 0 Active(anon):      18112 kB
Node 0 Inactive(anon):      480 kB
Node 0 Active(file):      24112 kB
Node 0 Inactive(file):    85196 kB
Node 0 Unevictable:       17444 kB
Node 0 Mlocked:           17444 kB
Node 0 Dirty:                56 kB
Node 0 Writeback:             0 kB
Node 0 FilePages:        117260 kB
Node 0 Mapped:            73632 kB
Node 0 AnonPages:         28228 kB
Node 0 Shmem:               692 kB
Node 0 KernelStack:        1784 kB
Node 0 PageTables:          984 kB
Node 0 NFS_Unstable:          0 kB
Node 0 Bounce:                0 kB
Node 0 WritebackTmp:          0 kB
Node 0 KReclaimable:      22916 kB
Node 0 Slab:              63204 kB
Node 0 SReclaimable:      22916 kB
Node 0 SUnreclaim:        40288 kB
Node 0 AnonHugePages:         0 kB
Node 0 ShmemHugePages:        0 kB
Node 0 ShmemPmdMapped:        0 kB
Node 0 FileHugePages:        0 kB
Node 0 FilePmdMapped:        0 kB
Node 0 HugePages_Total:     0
Node 0 HugePages_Free:      0
Node 0 HugePages_Surp:      0

Node 1 MemTotal:       24661580 kB
Node 1 MemFree:        24276972 kB
Node 1 MemUsed:          384608 kB
Node 1 Active:            54416 kB
Node 1 Inactive:          72056 kB
Node 1 Active(anon):      15812 kB
Node 1 Inactive(anon):      380 kB
Node 1 Active(file):      38604 kB
Node 1 Inactive(file):    71676 kB
Node 1 Unevictable:        1076 kB
Node 1 Mlocked:            1076 kB
Node 1 Dirty:               380 kB
Node 1 Writeback:             0 kB
Node 1 FilePages:        111948 kB
Node 1 Mapped:            25876 kB
Node 1 AnonPages:         15616 kB
Node 1 Shmem:               576 kB
Node 1 KernelStack:        1784 kB
Node 1 PageTables:          300 kB
Node 1 NFS_Unstable:          0 kB
Node 1 Bounce:                0 kB
Node 1 WritebackTmp:          0 kB
Node 1 KReclaimable:      18680 kB
Node 1 Slab:              43116 kB
Node 1 SReclaimable:      18680 kB
Node 1 SUnreclaim:        24436 kB
Node 1 AnonHugePages:         0 kB
Node 1 ShmemHugePages:        0 kB
Node 1 ShmemPmdMapped:        0 kB
Node 1 FileHugePages:        0 kB
Node 1 FilePmdMapped:        0 kB
Node 1 HugePages_Total:     0
Node 1 HugePages_Free:      0
Node 1 HugePages_Surp:      0

Load ZFS
Node 0 MemTotal:       24768352 kB
Node 0 MemFree:        24332216 kB
Node 0 MemUsed:          436136 kB
Node 0 Active:            44608 kB
Node 0 Inactive:          85636 kB
Node 0 Active(anon):      18912 kB
Node 0 Inactive(anon):      484 kB
Node 0 Active(file):      25696 kB
Node 0 Inactive(file):    85152 kB
Node 0 Unevictable:       17444 kB
Node 0 Mlocked:           17444 kB
Node 0 Dirty:               100 kB
Node 0 Writeback:             0 kB
Node 0 FilePages:        118656 kB
Node 0 Mapped:            73596 kB
Node 0 AnonPages:         28952 kB
Node 0 Shmem:               692 kB
Node 0 KernelStack:        1784 kB
Node 0 PageTables:         1028 kB
Node 0 NFS_Unstable:          0 kB
Node 0 Bounce:                0 kB
Node 0 WritebackTmp:          0 kB
Node 0 KReclaimable:      23500 kB
Node 0 Slab:              65648 kB
Node 0 SReclaimable:      23500 kB
Node 0 SUnreclaim:        42148 kB
Node 0 AnonHugePages:         0 kB
Node 0 ShmemHugePages:        0 kB
Node 0 ShmemPmdMapped:        0 kB
Node 0 FileHugePages:        0 kB
Node 0 FilePmdMapped:        0 kB
Node 0 HugePages_Total:     0
Node 0 HugePages_Free:      0
Node 0 HugePages_Surp:      0

Node 1 MemTotal:       24661580 kB
Node 1 MemFree:        24407300 kB
Node 1 MemUsed:          254280 kB
Node 1 Active:            63692 kB
Node 1 Inactive:          68032 kB
Node 1 Active(anon):      19912 kB
Node 1 Inactive(anon):      380 kB
Node 1 Active(file):      43780 kB
Node 1 Inactive(file):    67652 kB
Node 1 Unevictable:        1076 kB
Node 1 Mlocked:            1076 kB
Node 1 Dirty:               132 kB
Node 1 Writeback:             0 kB
Node 1 FilePages:        113084 kB
Node 1 Mapped:            26036 kB
Node 1 AnonPages:         19820 kB
Node 1 Shmem:               576 kB
Node 1 KernelStack:        1976 kB
Node 1 PageTables:          732 kB
Node 1 NFS_Unstable:          0 kB
Node 1 Bounce:                0 kB
Node 1 WritebackTmp:          0 kB
Node 1 KReclaimable:      19200 kB
Node 1 Slab:              44692 kB
Node 1 SReclaimable:      19200 kB
Node 1 SUnreclaim:        25492 kB
Node 1 AnonHugePages:         0 kB
Node 1 ShmemHugePages:        0 kB
Node 1 ShmemPmdMapped:        0 kB
Node 1 FileHugePages:        0 kB
Node 1 FilePmdMapped:        0 kB
Node 1 HugePages_Total:     0
Node 1 HugePages_Free:      0
Node 1 HugePages_Surp:      0

Import tank ZPool
Node 0 MemTotal:       24768352 kB
Node 0 MemFree:        24324456 kB
Node 0 MemUsed:          443896 kB
Node 0 Active:            45304 kB
Node 0 Inactive:          86796 kB
Node 0 Active(anon):      19244 kB
Node 0 Inactive(anon):      488 kB
Node 0 Active(file):      26060 kB
Node 0 Inactive(file):    86308 kB
Node 0 Unevictable:       17444 kB
Node 0 Mlocked:           17444 kB
Node 0 Dirty:               164 kB
Node 0 Writeback:             0 kB
Node 0 FilePages:        120180 kB
Node 0 Mapped:            73812 kB
Node 0 AnonPages:         29468 kB
Node 0 Shmem:               692 kB
Node 0 KernelStack:        1896 kB
Node 0 PageTables:         1116 kB
Node 0 NFS_Unstable:          0 kB
Node 0 Bounce:                0 kB
Node 0 WritebackTmp:          0 kB
Node 0 KReclaimable:      23624 kB
Node 0 Slab:              70788 kB
Node 0 SReclaimable:      23624 kB
Node 0 SUnreclaim:        47164 kB
Node 0 AnonHugePages:         0 kB
Node 0 ShmemHugePages:        0 kB
Node 0 ShmemPmdMapped:        0 kB
Node 0 FileHugePages:        0 kB
Node 0 FilePmdMapped:        0 kB
Node 0 HugePages_Total:     0
Node 0 HugePages_Free:      0
Node 0 HugePages_Surp:      0

Node 1 MemTotal:       24661580 kB
Node 1 MemFree:        24391324 kB
Node 1 MemUsed:          270256 kB
Node 1 Active:            63704 kB
Node 1 Inactive:          68020 kB
Node 1 Active(anon):      19912 kB
Node 1 Inactive(anon):      380 kB
Node 1 Active(file):      43792 kB
Node 1 Inactive(file):    67640 kB
Node 1 Unevictable:        1076 kB
Node 1 Mlocked:            1076 kB
Node 1 Dirty:               160 kB
Node 1 Writeback:             0 kB
Node 1 FilePages:        113124 kB
Node 1 Mapped:            25916 kB
Node 1 AnonPages:         19848 kB
Node 1 Shmem:               576 kB
Node 1 KernelStack:        2984 kB
Node 1 PageTables:          732 kB
Node 1 NFS_Unstable:          0 kB
Node 1 Bounce:                0 kB
Node 1 WritebackTmp:          0 kB
Node 1 KReclaimable:      19200 kB
Node 1 Slab:              47212 kB
Node 1 SReclaimable:      19200 kB
Node 1 SUnreclaim:        28012 kB
Node 1 AnonHugePages:         0 kB
Node 1 ShmemHugePages:        0 kB
Node 1 ShmemPmdMapped:        0 kB
Node 1 FileHugePages:        0 kB
Node 1 FilePmdMapped:        0 kB
Node 1 HugePages_Total:     0
Node 1 HugePages_Free:      0
Node 1 HugePages_Surp:      0

After Test
Node 0 MemTotal:       24768352 kB
Node 0 MemFree:        24217612 kB
Node 0 MemUsed:          550740 kB
Node 0 Active:            46316 kB
Node 0 Inactive:          87772 kB
Node 0 Active(anon):      19092 kB
Node 0 Inactive(anon):      512 kB
Node 0 Active(file):      27224 kB
Node 0 Inactive(file):    87260 kB
Node 0 Unevictable:       17444 kB
Node 0 Mlocked:           17444 kB
Node 0 Dirty:               172 kB
Node 0 Writeback:             0 kB
Node 0 FilePages:        122336 kB
Node 0 Mapped:            73880 kB
Node 0 AnonPages:         29104 kB
Node 0 Shmem:               736 kB
Node 0 KernelStack:        1896 kB
Node 0 PageTables:         1116 kB
Node 0 NFS_Unstable:          0 kB
Node 0 Bounce:                0 kB
Node 0 WritebackTmp:          0 kB
Node 0 KReclaimable:      24936 kB
Node 0 Slab:              73376 kB
Node 0 SReclaimable:      24936 kB
Node 0 SUnreclaim:        48440 kB
Node 0 AnonHugePages:         0 kB
Node 0 ShmemHugePages:        0 kB
Node 0 ShmemPmdMapped:        0 kB
Node 0 FileHugePages:        0 kB
Node 0 FilePmdMapped:        0 kB
Node 0 HugePages_Total:     0
Node 0 HugePages_Free:      0
Node 0 HugePages_Surp:      0

Node 1 MemTotal:       24661580 kB
Node 1 MemFree:        24281448 kB
Node 1 MemUsed:          380132 kB
Node 1 Active:            63916 kB
Node 1 Inactive:          67980 kB
Node 1 Active(anon):      20044 kB
Node 1 Inactive(anon):      380 kB
Node 1 Active(file):      43872 kB
Node 1 Inactive(file):    67600 kB
Node 1 Unevictable:        1076 kB
Node 1 Mlocked:            1076 kB
Node 1 Dirty:                52 kB
Node 1 Writeback:             0 kB
Node 1 FilePages:        113124 kB
Node 1 Mapped:            25876 kB
Node 1 AnonPages:         19848 kB
Node 1 Shmem:               576 kB
Node 1 KernelStack:        2984 kB
Node 1 PageTables:          732 kB
Node 1 NFS_Unstable:          0 kB
Node 1 Bounce:                0 kB
Node 1 WritebackTmp:          0 kB
Node 1 KReclaimable:      19200 kB
Node 1 Slab:              47472 kB
Node 1 SReclaimable:      19200 kB
Node 1 SUnreclaim:        28272 kB
Node 1 AnonHugePages:         0 kB
Node 1 ShmemHugePages:        0 kB
Node 1 ShmemPmdMapped:        0 kB
Node 1 FileHugePages:        0 kB
Node 1 FilePmdMapped:        0 kB
Node 1 HugePages_Total:     0
Node 1 HugePages_Free:      0
Node 1 HugePages_Surp:      0

After Opposite Node
Node 0 MemTotal:       24768352 kB
Node 0 MemFree:        24217652 kB
Node 0 MemUsed:          550700 kB
Node 0 Active:            46200 kB
Node 0 Inactive:          87760 kB
Node 0 Active(anon):      18948 kB
Node 0 Inactive(anon):      512 kB
Node 0 Active(file):      27252 kB
Node 0 Inactive(file):    87248 kB
Node 0 Unevictable:       17444 kB
Node 0 Mlocked:           17444 kB
Node 0 Dirty:               184 kB
Node 0 Writeback:             0 kB
Node 0 FilePages:        122352 kB
Node 0 Mapped:            74064 kB
Node 0 AnonPages:         29208 kB
Node 0 Shmem:               736 kB
Node 0 KernelStack:        1912 kB
Node 0 PageTables:         1096 kB
Node 0 NFS_Unstable:          0 kB
Node 0 Bounce:                0 kB
Node 0 WritebackTmp:          0 kB
Node 0 KReclaimable:      24940 kB
Node 0 Slab:              73388 kB
Node 0 SReclaimable:      24940 kB
Node 0 SUnreclaim:        48448 kB
Node 0 AnonHugePages:         0 kB
Node 0 ShmemHugePages:        0 kB
Node 0 ShmemPmdMapped:        0 kB
Node 0 FileHugePages:        0 kB
Node 0 FilePmdMapped:        0 kB
Node 0 HugePages_Total:     0
Node 0 HugePages_Free:      0
Node 0 HugePages_Surp:      0

Node 1 MemTotal:       24661580 kB
Node 1 MemFree:        24278724 kB
Node 1 MemUsed:          382856 kB
Node 1 Active:            64100 kB
Node 1 Inactive:          68008 kB
Node 1 Active(anon):      20228 kB
Node 1 Inactive(anon):      408 kB
Node 1 Active(file):      43872 kB
Node 1 Inactive(file):    67600 kB
Node 1 Unevictable:        1076 kB
Node 1 Mlocked:            1076 kB
Node 1 Dirty:                52 kB
Node 1 Writeback:             0 kB
Node 1 FilePages:        113460 kB
Node 1 Mapped:            25920 kB
Node 1 AnonPages:         19808 kB
Node 1 Shmem:               620 kB
Node 1 KernelStack:        3108 kB
Node 1 PageTables:          932 kB
Node 1 NFS_Unstable:          0 kB
Node 1 Bounce:                0 kB
Node 1 WritebackTmp:          0 kB
Node 1 KReclaimable:      19272 kB
Node 1 Slab:              47724 kB
Node 1 SReclaimable:      19272 kB
Node 1 SUnreclaim:        28452 kB
Node 1 AnonHugePages:         0 kB
Node 1 ShmemHugePages:        0 kB
Node 1 ShmemPmdMapped:        0 kB
Node 1 FileHugePages:        0 kB
Node 1 FilePmdMapped:        0 kB
Node 1 HugePages_Total:     0
Node 1 HugePages_Free:      0
Node 1 HugePages_Surp:      0

U.0.fio.100M.1.O Complete!
