U.0.fio.512K.3.O
Begin
Node 0 MemTotal:       24743736 kB
Node 0 MemFree:        24513920 kB
Node 0 MemUsed:          229816 kB
Node 0 Active:            40432 kB
Node 0 Inactive:          32400 kB
Node 0 Active(anon):      15748 kB
Node 0 Inactive(anon):      484 kB
Node 0 Active(file):      24684 kB
Node 0 Inactive(file):    31916 kB
Node 0 Unevictable:       17152 kB
Node 0 Mlocked:           17152 kB
Node 0 Dirty:               412 kB
Node 0 Writeback:             0 kB
Node 0 FilePages:         64176 kB
Node 0 Mapped:            27788 kB
Node 0 AnonPages:         25832 kB
Node 0 Shmem:               724 kB
Node 0 KernelStack:        1976 kB
Node 0 PageTables:          568 kB
Node 0 NFS_Unstable:          0 kB
Node 0 Bounce:                0 kB
Node 0 WritebackTmp:          0 kB
Node 0 KReclaimable:      23104 kB
Node 0 Slab:              53180 kB
Node 0 SReclaimable:      23104 kB
Node 0 SUnreclaim:        30076 kB
Node 0 AnonHugePages:         0 kB
Node 0 ShmemHugePages:        0 kB
Node 0 ShmemPmdMapped:        0 kB
Node 0 FileHugePages:        0 kB
Node 0 FilePmdMapped:        0 kB
Node 0 HugePages_Total:     0
Node 0 HugePages_Free:      0
Node 0 HugePages_Surp:      0

Node 1 MemTotal:       24686196 kB
Node 1 MemFree:        24311592 kB
Node 1 MemUsed:          374604 kB
Node 1 Active:            53784 kB
Node 1 Inactive:          50640 kB
Node 1 Active(anon):      17736 kB
Node 1 Inactive(anon):      392 kB
Node 1 Active(file):      36048 kB
Node 1 Inactive(file):    50248 kB
Node 1 Unevictable:        1368 kB
Node 1 Mlocked:            1368 kB
Node 1 Dirty:               124 kB
Node 1 Writeback:             0 kB
Node 1 FilePages:         88208 kB
Node 1 Mapped:            14372 kB
Node 1 AnonPages:         17708 kB
Node 1 Shmem:               544 kB
Node 1 KernelStack:        1656 kB
Node 1 PageTables:          468 kB
Node 1 NFS_Unstable:          0 kB
Node 1 Bounce:                0 kB
Node 1 WritebackTmp:          0 kB
Node 1 KReclaimable:      18420 kB
Node 1 Slab:              53380 kB
Node 1 SReclaimable:      18420 kB
Node 1 SUnreclaim:        34960 kB
Node 1 AnonHugePages:         0 kB
Node 1 ShmemHugePages:        0 kB
Node 1 ShmemPmdMapped:        0 kB
Node 1 FileHugePages:        0 kB
Node 1 FilePmdMapped:        0 kB
Node 1 HugePages_Total:     0
Node 1 HugePages_Free:      0
Node 1 HugePages_Surp:      0

Load ZFS
Node 0 MemTotal:       24743736 kB
Node 0 MemFree:        24374188 kB
Node 0 MemUsed:          369548 kB
Node 0 Active:            41708 kB
Node 0 Inactive:          32936 kB
Node 0 Active(anon):      15804 kB
Node 0 Inactive(anon):      484 kB
Node 0 Active(file):      25904 kB
Node 0 Inactive(file):    32452 kB
Node 0 Unevictable:       17152 kB
Node 0 Mlocked:           17152 kB
Node 0 Dirty:               440 kB
Node 0 Writeback:             0 kB
Node 0 FilePages:         65904 kB
Node 0 Mapped:            27948 kB
Node 0 AnonPages:         25804 kB
Node 0 Shmem:               724 kB
Node 0 KernelStack:        2216 kB
Node 0 PageTables:          636 kB
Node 0 NFS_Unstable:          0 kB
Node 0 Bounce:                0 kB
Node 0 WritebackTmp:          0 kB
Node 0 KReclaimable:      23592 kB
Node 0 Slab:              55480 kB
Node 0 SReclaimable:      23592 kB
Node 0 SUnreclaim:        31888 kB
Node 0 AnonHugePages:         0 kB
Node 0 ShmemHugePages:        0 kB
Node 0 ShmemPmdMapped:        0 kB
Node 0 FileHugePages:        0 kB
Node 0 FilePmdMapped:        0 kB
Node 0 HugePages_Total:     0
Node 0 HugePages_Free:      0
Node 0 HugePages_Surp:      0

Node 1 MemTotal:       24686196 kB
Node 1 MemFree:        24443564 kB
Node 1 MemUsed:          242632 kB
Node 1 Active:            62188 kB
Node 1 Inactive:          45908 kB
Node 1 Active(anon):      20608 kB
Node 1 Inactive(anon):      392 kB
Node 1 Active(file):      41580 kB
Node 1 Inactive(file):    45516 kB
Node 1 Unevictable:        1368 kB
Node 1 Mlocked:            1368 kB
Node 1 Dirty:               124 kB
Node 1 Writeback:             0 kB
Node 1 FilePages:         89008 kB
Node 1 Mapped:            14372 kB
Node 1 AnonPages:         20580 kB
Node 1 Shmem:               544 kB
Node 1 KernelStack:        1528 kB
Node 1 PageTables:          648 kB
Node 1 NFS_Unstable:          0 kB
Node 1 Bounce:                0 kB
Node 1 WritebackTmp:          0 kB
Node 1 KReclaimable:      18884 kB
Node 1 Slab:              55124 kB
Node 1 SReclaimable:      18884 kB
Node 1 SUnreclaim:        36240 kB
Node 1 AnonHugePages:         0 kB
Node 1 ShmemHugePages:        0 kB
Node 1 ShmemPmdMapped:        0 kB
Node 1 FileHugePages:        0 kB
Node 1 FilePmdMapped:        0 kB
Node 1 HugePages_Total:     0
Node 1 HugePages_Free:      0
Node 1 HugePages_Surp:      0

Import tank ZPool
Node 0 MemTotal:       24743736 kB
Node 0 MemFree:        24350808 kB
Node 0 MemUsed:          392928 kB
Node 0 Active:            42112 kB
Node 0 Inactive:          34128 kB
Node 0 Active(anon):      15836 kB
Node 0 Inactive(anon):      488 kB
Node 0 Active(file):      26276 kB
Node 0 Inactive(file):    33640 kB
Node 0 Unevictable:       17152 kB
Node 0 Mlocked:           17152 kB
Node 0 Dirty:               244 kB
Node 0 Writeback:             0 kB
Node 0 FilePages:         67464 kB
Node 0 Mapped:            28060 kB
Node 0 AnonPages:         25556 kB
Node 0 Shmem:               724 kB
Node 0 KernelStack:        3304 kB
Node 0 PageTables:          728 kB
Node 0 NFS_Unstable:          0 kB
Node 0 Bounce:                0 kB
Node 0 WritebackTmp:          0 kB
Node 0 KReclaimable:      23696 kB
Node 0 Slab:              62248 kB
Node 0 SReclaimable:      23696 kB
Node 0 SUnreclaim:        38552 kB
Node 0 AnonHugePages:         0 kB
Node 0 ShmemHugePages:        0 kB
Node 0 ShmemPmdMapped:        0 kB
Node 0 FileHugePages:        0 kB
Node 0 FilePmdMapped:        0 kB
Node 0 HugePages_Total:     0
Node 0 HugePages_Free:      0
Node 0 HugePages_Surp:      0

Node 1 MemTotal:       24686196 kB
Node 1 MemFree:        24445384 kB
Node 1 MemUsed:          240812 kB
Node 1 Active:            58956 kB
Node 1 Inactive:          45872 kB
Node 1 Active(anon):      17308 kB
Node 1 Inactive(anon):      392 kB
Node 1 Active(file):      41648 kB
Node 1 Inactive(file):    45480 kB
Node 1 Unevictable:        1368 kB
Node 1 Mlocked:            1368 kB
Node 1 Dirty:               140 kB
Node 1 Writeback:             0 kB
Node 1 FilePages:         89040 kB
Node 1 Mapped:            14408 kB
Node 1 AnonPages:         17156 kB
Node 1 Shmem:               544 kB
Node 1 KernelStack:        1448 kB
Node 1 PageTables:          396 kB
Node 1 NFS_Unstable:          0 kB
Node 1 Bounce:                0 kB
Node 1 WritebackTmp:          0 kB
Node 1 KReclaimable:      18888 kB
Node 1 Slab:              56228 kB
Node 1 SReclaimable:      18888 kB
Node 1 SUnreclaim:        37340 kB
Node 1 AnonHugePages:         0 kB
Node 1 ShmemHugePages:        0 kB
Node 1 ShmemPmdMapped:        0 kB
Node 1 FileHugePages:        0 kB
Node 1 FilePmdMapped:        0 kB
Node 1 HugePages_Total:     0
Node 1 HugePages_Free:      0
Node 1 HugePages_Surp:      0

After Test
Node 0 MemTotal:       24743736 kB
Node 0 MemFree:        24345332 kB
Node 0 MemUsed:          398404 kB
Node 0 Active:            43412 kB
Node 0 Inactive:          35104 kB
Node 0 Active(anon):      15988 kB
Node 0 Inactive(anon):      516 kB
Node 0 Active(file):      27424 kB
Node 0 Inactive(file):    34588 kB
Node 0 Unevictable:       17152 kB
Node 0 Mlocked:           17152 kB
Node 0 Dirty:               244 kB
Node 0 Writeback:             0 kB
Node 0 FilePages:         69588 kB
Node 0 Mapped:            27992 kB
Node 0 AnonPages:         25912 kB
Node 0 Shmem:               752 kB
Node 0 KernelStack:        3300 kB
Node 0 PageTables:          752 kB
Node 0 NFS_Unstable:          0 kB
Node 0 Bounce:                0 kB
Node 0 WritebackTmp:          0 kB
Node 0 KReclaimable:      24928 kB
Node 0 Slab:              63684 kB
Node 0 SReclaimable:      24928 kB
Node 0 SUnreclaim:        38756 kB
Node 0 AnonHugePages:         0 kB
Node 0 ShmemHugePages:        0 kB
Node 0 ShmemPmdMapped:        0 kB
Node 0 FileHugePages:        0 kB
Node 0 FilePmdMapped:        0 kB
Node 0 HugePages_Total:     0
Node 0 HugePages_Free:      0
Node 0 HugePages_Surp:      0

Node 1 MemTotal:       24686196 kB
Node 1 MemFree:        24445368 kB
Node 1 MemUsed:          240828 kB
Node 1 Active:            59112 kB
Node 1 Inactive:          45868 kB
Node 1 Active(anon):      17460 kB
Node 1 Inactive(anon):      392 kB
Node 1 Active(file):      41652 kB
Node 1 Inactive(file):    45476 kB
Node 1 Unevictable:        1368 kB
Node 1 Mlocked:            1368 kB
Node 1 Dirty:               140 kB
Node 1 Writeback:             0 kB
Node 1 FilePages:         89040 kB
Node 1 Mapped:            14372 kB
Node 1 AnonPages:         17308 kB
Node 1 Shmem:               544 kB
Node 1 KernelStack:        1464 kB
Node 1 PageTables:          432 kB
Node 1 NFS_Unstable:          0 kB
Node 1 Bounce:                0 kB
Node 1 WritebackTmp:          0 kB
Node 1 KReclaimable:      18888 kB
Node 1 Slab:              56244 kB
Node 1 SReclaimable:      18888 kB
Node 1 SUnreclaim:        37356 kB
Node 1 AnonHugePages:         0 kB
Node 1 ShmemHugePages:        0 kB
Node 1 ShmemPmdMapped:        0 kB
Node 1 FileHugePages:        0 kB
Node 1 FilePmdMapped:        0 kB
Node 1 HugePages_Total:     0
Node 1 HugePages_Free:      0
Node 1 HugePages_Surp:      0

After Opposite Node
Node 0 MemTotal:       24743736 kB
Node 0 MemFree:        24345324 kB
Node 0 MemUsed:          398412 kB
Node 0 Active:            43292 kB
Node 0 Inactive:          34860 kB
Node 0 Active(anon):      15624 kB
Node 0 Inactive(anon):      488 kB
Node 0 Active(file):      27668 kB
Node 0 Inactive(file):    34372 kB
Node 0 Unevictable:       17152 kB
Node 0 Mlocked:           17152 kB
Node 0 Dirty:               272 kB
Node 0 Writeback:             0 kB
Node 0 FilePages:         69588 kB
Node 0 Mapped:            27988 kB
Node 0 AnonPages:         25712 kB
Node 0 Shmem:               724 kB
Node 0 KernelStack:        3256 kB
Node 0 PageTables:          608 kB
Node 0 NFS_Unstable:          0 kB
Node 0 Bounce:                0 kB
Node 0 WritebackTmp:          0 kB
Node 0 KReclaimable:      25032 kB
Node 0 Slab:              63968 kB
Node 0 SReclaimable:      25032 kB
Node 0 SUnreclaim:        38936 kB
Node 0 AnonHugePages:         0 kB
Node 0 ShmemHugePages:        0 kB
Node 0 ShmemPmdMapped:        0 kB
Node 0 FileHugePages:        0 kB
Node 0 FilePmdMapped:        0 kB
Node 0 HugePages_Total:     0
Node 0 HugePages_Free:      0
Node 0 HugePages_Surp:      0

Node 1 MemTotal:       24686196 kB
Node 1 MemFree:        24444632 kB
Node 1 MemUsed:          241564 kB
Node 1 Active:            59312 kB
Node 1 Inactive:          45864 kB
Node 1 Active(anon):      17620 kB
Node 1 Inactive(anon):      416 kB
Node 1 Active(file):      41692 kB
Node 1 Inactive(file):    45448 kB
Node 1 Unevictable:        1368 kB
Node 1 Mlocked:            1368 kB
Node 1 Dirty:               148 kB
Node 1 Writeback:             0 kB
Node 1 FilePages:         89096 kB
Node 1 Mapped:            14416 kB
Node 1 AnonPages:         17360 kB
Node 1 Shmem:               588 kB
Node 1 KernelStack:        1496 kB
Node 1 PageTables:          544 kB
Node 1 NFS_Unstable:          0 kB
Node 1 Bounce:                0 kB
Node 1 WritebackTmp:          0 kB
Node 1 KReclaimable:      18920 kB
Node 1 Slab:              56404 kB
Node 1 SReclaimable:      18920 kB
Node 1 SUnreclaim:        37484 kB
Node 1 AnonHugePages:         0 kB
Node 1 ShmemHugePages:        0 kB
Node 1 ShmemPmdMapped:        0 kB
Node 1 FileHugePages:        0 kB
Node 1 FilePmdMapped:        0 kB
Node 1 HugePages_Total:     0
Node 1 HugePages_Free:      0
Node 1 HugePages_Surp:      0

U.0.fio.512K.3.O Complete!
