U.0.fio.500M.3.O
Begin
Node 0 MemTotal:       24743736 kB
Node 0 MemFree:        24473052 kB
Node 0 MemUsed:          270684 kB
Node 0 Active:            32048 kB
Node 0 Inactive:          28160 kB
Node 0 Active(anon):      11820 kB
Node 0 Inactive(anon):      576 kB
Node 0 Active(file):      20228 kB
Node 0 Inactive(file):    27584 kB
Node 0 Unevictable:       12540 kB
Node 0 Mlocked:           12540 kB
Node 0 Dirty:               156 kB
Node 0 Writeback:             0 kB
Node 0 FilePages:         50772 kB
Node 0 Mapped:            21396 kB
Node 0 AnonPages:         21988 kB
Node 0 Shmem:               748 kB
Node 0 KernelStack:        2056 kB
Node 0 PageTables:          464 kB
Node 0 NFS_Unstable:          0 kB
Node 0 Bounce:                0 kB
Node 0 WritebackTmp:          0 kB
Node 0 KReclaimable:      23048 kB
Node 0 Slab:              53320 kB
Node 0 SReclaimable:      23048 kB
Node 0 SUnreclaim:        30272 kB
Node 0 AnonHugePages:         0 kB
Node 0 ShmemHugePages:        0 kB
Node 0 ShmemPmdMapped:        0 kB
Node 0 FileHugePages:        0 kB
Node 0 FilePmdMapped:        0 kB
Node 0 HugePages_Total:     0
Node 0 HugePages_Free:      0
Node 0 HugePages_Surp:      0

Node 1 MemTotal:       24686196 kB
Node 1 MemFree:        24346476 kB
Node 1 MemUsed:          339720 kB
Node 1 Active:            61724 kB
Node 1 Inactive:          61676 kB
Node 1 Active(anon):      21488 kB
Node 1 Inactive(anon):      320 kB
Node 1 Active(file):      40236 kB
Node 1 Inactive(file):    61356 kB
Node 1 Unevictable:        5984 kB
Node 1 Mlocked:            5984 kB
Node 1 Dirty:               372 kB
Node 1 Writeback:             0 kB
Node 1 FilePages:        108096 kB
Node 1 Mapped:            25300 kB
Node 1 AnonPages:         21364 kB
Node 1 Shmem:               520 kB
Node 1 KernelStack:        1560 kB
Node 1 PageTables:          600 kB
Node 1 NFS_Unstable:          0 kB
Node 1 Bounce:                0 kB
Node 1 WritebackTmp:          0 kB
Node 1 KReclaimable:      19028 kB
Node 1 Slab:              54644 kB
Node 1 SReclaimable:      19028 kB
Node 1 SUnreclaim:        35616 kB
Node 1 AnonHugePages:         0 kB
Node 1 ShmemHugePages:        0 kB
Node 1 ShmemPmdMapped:        0 kB
Node 1 FileHugePages:        0 kB
Node 1 FilePmdMapped:        0 kB
Node 1 HugePages_Total:     0
Node 1 HugePages_Free:      0
Node 1 HugePages_Surp:      0

Load ZFS
Node 0 MemTotal:       24743736 kB
Node 0 MemFree:        24397480 kB
Node 0 MemUsed:          346256 kB
Node 0 Active:            34960 kB
Node 0 Inactive:          28880 kB
Node 0 Active(anon):      13556 kB
Node 0 Inactive(anon):      576 kB
Node 0 Active(file):      21404 kB
Node 0 Inactive(file):    28304 kB
Node 0 Unevictable:       12540 kB
Node 0 Mlocked:           12540 kB
Node 0 Dirty:               192 kB
Node 0 Writeback:             0 kB
Node 0 FilePages:         52664 kB
Node 0 Mapped:            21440 kB
Node 0 AnonPages:         23772 kB
Node 0 Shmem:               748 kB
Node 0 KernelStack:        2200 kB
Node 0 PageTables:          720 kB
Node 0 NFS_Unstable:          0 kB
Node 0 Bounce:                0 kB
Node 0 WritebackTmp:          0 kB
Node 0 KReclaimable:      23584 kB
Node 0 Slab:              55100 kB
Node 0 SReclaimable:      23584 kB
Node 0 SUnreclaim:        31516 kB
Node 0 AnonHugePages:         0 kB
Node 0 ShmemHugePages:        0 kB
Node 0 ShmemPmdMapped:        0 kB
Node 0 FileHugePages:        0 kB
Node 0 FilePmdMapped:        0 kB
Node 0 HugePages_Total:     0
Node 0 HugePages_Free:      0
Node 0 HugePages_Surp:      0

Node 1 MemTotal:       24686196 kB
Node 1 MemFree:        24412600 kB
Node 1 MemUsed:          273596 kB
Node 1 Active:            69908 kB
Node 1 Inactive:          56920 kB
Node 1 Active(anon):      24280 kB
Node 1 Inactive(anon):      320 kB
Node 1 Active(file):      45628 kB
Node 1 Inactive(file):    56600 kB
Node 1 Unevictable:        5984 kB
Node 1 Mlocked:            5984 kB
Node 1 Dirty:               372 kB
Node 1 Writeback:             0 kB
Node 1 FilePages:        108732 kB
Node 1 Mapped:            25300 kB
Node 1 AnonPages:         24196 kB
Node 1 Shmem:               520 kB
Node 1 KernelStack:        1544 kB
Node 1 PageTables:          720 kB
Node 1 NFS_Unstable:          0 kB
Node 1 Bounce:                0 kB
Node 1 WritebackTmp:          0 kB
Node 1 KReclaimable:      19508 kB
Node 1 Slab:              56316 kB
Node 1 SReclaimable:      19508 kB
Node 1 SUnreclaim:        36808 kB
Node 1 AnonHugePages:         0 kB
Node 1 ShmemHugePages:        0 kB
Node 1 ShmemPmdMapped:        0 kB
Node 1 FileHugePages:        0 kB
Node 1 FilePmdMapped:        0 kB
Node 1 HugePages_Total:     0
Node 1 HugePages_Free:      0
Node 1 HugePages_Surp:      0

Import tank ZPool
Node 0 MemTotal:       24743736 kB
Node 0 MemFree:        24391400 kB
Node 0 MemUsed:          352336 kB
Node 0 Active:            34276 kB
Node 0 Inactive:          30020 kB
Node 0 Active(anon):      12500 kB
Node 0 Inactive(anon):      580 kB
Node 0 Active(file):      21776 kB
Node 0 Inactive(file):    29440 kB
Node 0 Unevictable:       12540 kB
Node 0 Mlocked:           12540 kB
Node 0 Dirty:               232 kB
Node 0 Writeback:             0 kB
Node 0 FilePages:         54232 kB
Node 0 Mapped:            21696 kB
Node 0 AnonPages:         22768 kB
Node 0 Shmem:               752 kB
Node 0 KernelStack:        2216 kB
Node 0 PageTables:          632 kB
Node 0 NFS_Unstable:          0 kB
Node 0 Bounce:                0 kB
Node 0 WritebackTmp:          0 kB
Node 0 KReclaimable:      23684 kB
Node 0 Slab:              60040 kB
Node 0 SReclaimable:      23684 kB
Node 0 SUnreclaim:        36356 kB
Node 0 AnonHugePages:         0 kB
Node 0 ShmemHugePages:        0 kB
Node 0 ShmemPmdMapped:        0 kB
Node 0 FileHugePages:        0 kB
Node 0 FilePmdMapped:        0 kB
Node 0 HugePages_Total:     0
Node 0 HugePages_Free:      0
Node 0 HugePages_Surp:      0

Node 1 MemTotal:       24686196 kB
Node 1 MemFree:        24398672 kB
Node 1 MemUsed:          287524 kB
Node 1 Active:            66344 kB
Node 1 Inactive:          56884 kB
Node 1 Active(anon):      20656 kB
Node 1 Inactive(anon):      320 kB
Node 1 Active(file):      45688 kB
Node 1 Inactive(file):    56564 kB
Node 1 Unevictable:        5984 kB
Node 1 Mlocked:            5984 kB
Node 1 Dirty:               128 kB
Node 1 Writeback:             0 kB
Node 1 FilePages:        108752 kB
Node 1 Mapped:            25556 kB
Node 1 AnonPages:         20460 kB
Node 1 Shmem:               516 kB
Node 1 KernelStack:        2536 kB
Node 1 PageTables:          520 kB
Node 1 NFS_Unstable:          0 kB
Node 1 Bounce:                0 kB
Node 1 WritebackTmp:          0 kB
Node 1 KReclaimable:      19508 kB
Node 1 Slab:              58780 kB
Node 1 SReclaimable:      19508 kB
Node 1 SUnreclaim:        39272 kB
Node 1 AnonHugePages:         0 kB
Node 1 ShmemHugePages:        0 kB
Node 1 ShmemPmdMapped:        0 kB
Node 1 FileHugePages:        0 kB
Node 1 FilePmdMapped:        0 kB
Node 1 HugePages_Total:     0
Node 1 HugePages_Free:      0
Node 1 HugePages_Surp:      0

After Test
Node 0 MemTotal:       24743736 kB
Node 0 MemFree:        23709648 kB
Node 0 MemUsed:         1034088 kB
Node 0 Active:            35148 kB
Node 0 Inactive:          31028 kB
Node 0 Active(anon):      12060 kB
Node 0 Inactive(anon):      604 kB
Node 0 Active(file):      23088 kB
Node 0 Inactive(file):    30424 kB
Node 0 Unevictable:       12540 kB
Node 0 Mlocked:           12540 kB
Node 0 Dirty:               244 kB
Node 0 Writeback:             0 kB
Node 0 FilePages:         56516 kB
Node 0 Mapped:            21712 kB
Node 0 AnonPages:         22116 kB
Node 0 Shmem:               796 kB
Node 0 KernelStack:        2200 kB
Node 0 PageTables:          632 kB
Node 0 NFS_Unstable:          0 kB
Node 0 Bounce:                0 kB
Node 0 WritebackTmp:          0 kB
Node 0 KReclaimable:      25012 kB
Node 0 Slab:              65764 kB
Node 0 SReclaimable:      25012 kB
Node 0 SUnreclaim:        40752 kB
Node 0 AnonHugePages:         0 kB
Node 0 ShmemHugePages:        0 kB
Node 0 ShmemPmdMapped:        0 kB
Node 0 FileHugePages:        0 kB
Node 0 FilePmdMapped:        0 kB
Node 0 HugePages_Total:     0
Node 0 HugePages_Free:      0
Node 0 HugePages_Surp:      0

Node 1 MemTotal:       24686196 kB
Node 1 MemFree:        24018452 kB
Node 1 MemUsed:          667744 kB
Node 1 Active:            66384 kB
Node 1 Inactive:          56844 kB
Node 1 Active(anon):      20656 kB
Node 1 Inactive(anon):      320 kB
Node 1 Active(file):      45728 kB
Node 1 Inactive(file):    56524 kB
Node 1 Unevictable:        5984 kB
Node 1 Mlocked:            5984 kB
Node 1 Dirty:                44 kB
Node 1 Writeback:             0 kB
Node 1 FilePages:        108752 kB
Node 1 Mapped:            25300 kB
Node 1 AnonPages:         20460 kB
Node 1 Shmem:               516 kB
Node 1 KernelStack:        2536 kB
Node 1 PageTables:          520 kB
Node 1 NFS_Unstable:          0 kB
Node 1 Bounce:                0 kB
Node 1 WritebackTmp:          0 kB
Node 1 KReclaimable:      19508 kB
Node 1 Slab:              60104 kB
Node 1 SReclaimable:      19508 kB
Node 1 SUnreclaim:        40596 kB
Node 1 AnonHugePages:         0 kB
Node 1 ShmemHugePages:        0 kB
Node 1 ShmemPmdMapped:        0 kB
Node 1 FileHugePages:        0 kB
Node 1 FilePmdMapped:        0 kB
Node 1 HugePages_Total:     0
Node 1 HugePages_Free:      0
Node 1 HugePages_Surp:      0

After Opposite Node
Node 0 MemTotal:       24743736 kB
Node 0 MemFree:        23710216 kB
Node 0 MemUsed:         1033520 kB
Node 0 Active:            35228 kB
Node 0 Inactive:          30796 kB
Node 0 Active(anon):      11912 kB
Node 0 Inactive(anon):      580 kB
Node 0 Active(file):      23316 kB
Node 0 Inactive(file):    30216 kB
Node 0 Unevictable:       12540 kB
Node 0 Mlocked:           12540 kB
Node 0 Dirty:               264 kB
Node 0 Writeback:             0 kB
Node 0 FilePages:         56492 kB
Node 0 Mapped:            21440 kB
Node 0 AnonPages:         22068 kB
Node 0 Shmem:               752 kB
Node 0 KernelStack:        2168 kB
Node 0 PageTables:          520 kB
Node 0 NFS_Unstable:          0 kB
Node 0 Bounce:                0 kB
Node 0 WritebackTmp:          0 kB
Node 0 KReclaimable:      25012 kB
Node 0 Slab:              65748 kB
Node 0 SReclaimable:      25012 kB
Node 0 SUnreclaim:        40736 kB
Node 0 AnonHugePages:         0 kB
Node 0 ShmemHugePages:        0 kB
Node 0 ShmemPmdMapped:        0 kB
Node 0 FileHugePages:        0 kB
Node 0 FilePmdMapped:        0 kB
Node 0 HugePages_Total:     0
Node 0 HugePages_Free:      0
Node 0 HugePages_Surp:      0

Node 1 MemTotal:       24686196 kB
Node 1 MemFree:        24017620 kB
Node 1 MemUsed:          668576 kB
Node 1 Active:            66480 kB
Node 1 Inactive:          56860 kB
Node 1 Active(anon):      20748 kB
Node 1 Inactive(anon):      320 kB
Node 1 Active(file):      45732 kB
Node 1 Inactive(file):    56540 kB
Node 1 Unevictable:        5984 kB
Node 1 Mlocked:            5984 kB
Node 1 Dirty:                60 kB
Node 1 Writeback:             0 kB
Node 1 FilePages:        108772 kB
Node 1 Mapped:            25300 kB
Node 1 AnonPages:         20556 kB
Node 1 Shmem:               516 kB
Node 1 KernelStack:        2552 kB
Node 1 PageTables:          540 kB
Node 1 NFS_Unstable:          0 kB
Node 1 Bounce:                0 kB
Node 1 WritebackTmp:          0 kB
Node 1 KReclaimable:      19544 kB
Node 1 Slab:              60416 kB
Node 1 SReclaimable:      19544 kB
Node 1 SUnreclaim:        40872 kB
Node 1 AnonHugePages:         0 kB
Node 1 ShmemHugePages:        0 kB
Node 1 ShmemPmdMapped:        0 kB
Node 1 FileHugePages:        0 kB
Node 1 FilePmdMapped:        0 kB
Node 1 HugePages_Total:     0
Node 1 HugePages_Free:      0
Node 1 HugePages_Surp:      0

U.0.fio.500M.3.O Complete!
