kernel.numa_balancing = 1
M.0.manyfio.8G.1.O.1M
Begin
Node 0 MemTotal:       24768352 kB
Node 0 MemFree:        24597652 kB
Node 0 MemUsed:          170700 kB
Node 0 Active:            23928 kB
Node 0 Inactive:          23912 kB
Node 0 Active(anon):       7020 kB
Node 0 Inactive(anon):      472 kB
Node 0 Active(file):      16908 kB
Node 0 Inactive(file):    23440 kB
Node 0 Unevictable:        1660 kB
Node 0 Mlocked:            1660 kB
Node 0 Dirty:                16 kB
Node 0 Writeback:             0 kB
Node 0 FilePages:         42692 kB
Node 0 Mapped:             9304 kB
Node 0 AnonPages:          6816 kB
Node 0 Shmem:               684 kB
Node 0 KernelStack:        1880 kB
Node 0 PageTables:          168 kB
Node 0 NFS_Unstable:          0 kB
Node 0 Bounce:                0 kB
Node 0 WritebackTmp:          0 kB
Node 0 KReclaimable:      12964 kB
Node 0 Slab:              36080 kB
Node 0 SReclaimable:      12964 kB
Node 0 SUnreclaim:        23116 kB
Node 0 AnonHugePages:         0 kB
Node 0 ShmemHugePages:        0 kB
Node 0 ShmemPmdMapped:        0 kB
Node 0 FileHugePages:        0 kB
Node 0 FilePmdMapped:        0 kB
Node 0 HugePages_Total:     0
Node 0 HugePages_Free:      0
Node 0 HugePages_Surp:      0

Node 1 MemTotal:       24661580 kB
Node 1 MemFree:        24192636 kB
Node 1 MemUsed:          468944 kB
Node 1 Active:            72972 kB
Node 1 Inactive:          90316 kB
Node 1 Active(anon):      26864 kB
Node 1 Inactive(anon):      404 kB
Node 1 Active(file):      46108 kB
Node 1 Inactive(file):    89912 kB
Node 1 Unevictable:       16860 kB
Node 1 Mlocked:           16860 kB
Node 1 Dirty:               500 kB
Node 1 Writeback:             0 kB
Node 1 FilePages:        143176 kB
Node 1 Mapped:            54136 kB
Node 1 AnonPages:         37072 kB
Node 1 Shmem:               584 kB
Node 1 KernelStack:        1736 kB
Node 1 PageTables:         1000 kB
Node 1 NFS_Unstable:          0 kB
Node 1 Bounce:                0 kB
Node 1 WritebackTmp:          0 kB
Node 1 KReclaimable:      28772 kB
Node 1 Slab:              69240 kB
Node 1 SReclaimable:      28772 kB
Node 1 SUnreclaim:        40468 kB
Node 1 AnonHugePages:         0 kB
Node 1 ShmemHugePages:        0 kB
Node 1 ShmemPmdMapped:        0 kB
Node 1 FileHugePages:        0 kB
Node 1 FilePmdMapped:        0 kB
Node 1 HugePages_Total:     0
Node 1 HugePages_Free:      0
Node 1 HugePages_Surp:      0

Load ZFS
Node 0 MemTotal:       24768352 kB
Node 0 MemFree:        24598208 kB
Node 0 MemUsed:          170144 kB
Node 0 Active:            32120 kB
Node 0 Inactive:          19240 kB
Node 0 Active(anon):       9972 kB
Node 0 Inactive(anon):      472 kB
Node 0 Active(file):      22148 kB
Node 0 Inactive(file):    18768 kB
Node 0 Unevictable:        1660 kB
Node 0 Mlocked:            1660 kB
Node 0 Dirty:                16 kB
Node 0 Writeback:             0 kB
Node 0 FilePages:         43260 kB
Node 0 Mapped:             9304 kB
Node 0 AnonPages:          9884 kB
Node 0 Shmem:               684 kB
Node 0 KernelStack:        1864 kB
Node 0 PageTables:          168 kB
Node 0 NFS_Unstable:          0 kB
Node 0 Bounce:                0 kB
Node 0 WritebackTmp:          0 kB
Node 0 KReclaimable:      13432 kB
Node 0 Slab:              38056 kB
Node 0 SReclaimable:      13432 kB
Node 0 SUnreclaim:        24624 kB
Node 0 AnonHugePages:         0 kB
Node 0 ShmemHugePages:        0 kB
Node 0 ShmemPmdMapped:        0 kB
Node 0 FileHugePages:        0 kB
Node 0 FilePmdMapped:        0 kB
Node 0 HugePages_Total:     0
Node 0 HugePages_Free:      0
Node 0 HugePages_Surp:      0

Node 1 MemTotal:       24661580 kB
Node 1 MemFree:        24176584 kB
Node 1 MemUsed:          484996 kB
Node 1 Active:            80300 kB
Node 1 Inactive:          90972 kB
Node 1 Active(anon):      32856 kB
Node 1 Inactive(anon):      404 kB
Node 1 Active(file):      47444 kB
Node 1 Inactive(file):    90568 kB
Node 1 Unevictable:       16860 kB
Node 1 Mlocked:           16860 kB
Node 1 Dirty:               536 kB
Node 1 Writeback:             0 kB
Node 1 FilePages:        145128 kB
Node 1 Mapped:            54136 kB
Node 1 AnonPages:         43056 kB
Node 1 Shmem:               584 kB
Node 1 KernelStack:        1960 kB
Node 1 PageTables:         1468 kB
Node 1 NFS_Unstable:          0 kB
Node 1 Bounce:                0 kB
Node 1 WritebackTmp:          0 kB
Node 1 KReclaimable:      29212 kB
Node 1 Slab:              71388 kB
Node 1 SReclaimable:      29212 kB
Node 1 SUnreclaim:        42176 kB
Node 1 AnonHugePages:         0 kB
Node 1 ShmemHugePages:        0 kB
Node 1 ShmemPmdMapped:        0 kB
Node 1 FileHugePages:        0 kB
Node 1 FilePmdMapped:        0 kB
Node 1 HugePages_Total:     0
Node 1 HugePages_Free:      0
Node 1 HugePages_Surp:      0

Import tank ZPool
Node 0 MemTotal:       24768352 kB
Node 0 MemFree:        24599728 kB
Node 0 MemUsed:          168624 kB
Node 0 Active:            29380 kB
Node 0 Inactive:          19196 kB
Node 0 Active(anon):       7140 kB
Node 0 Inactive(anon):      472 kB
Node 0 Active(file):      22240 kB
Node 0 Inactive(file):    18724 kB
Node 0 Unevictable:        1660 kB
Node 0 Mlocked:            1660 kB
Node 0 Dirty:                 8 kB
Node 0 Writeback:             0 kB
Node 0 FilePages:         43324 kB
Node 0 Mapped:             9368 kB
Node 0 AnonPages:          6792 kB
Node 0 Shmem:               684 kB
Node 0 KernelStack:        1864 kB
Node 0 PageTables:          168 kB
Node 0 NFS_Unstable:          0 kB
Node 0 Bounce:                0 kB
Node 0 WritebackTmp:          0 kB
Node 0 KReclaimable:      13436 kB
Node 0 Slab:              38092 kB
Node 0 SReclaimable:      13436 kB
Node 0 SUnreclaim:        24656 kB
Node 0 AnonHugePages:         0 kB
Node 0 ShmemHugePages:        0 kB
Node 0 ShmemPmdMapped:        0 kB
Node 0 FileHugePages:        0 kB
Node 0 FilePmdMapped:        0 kB
Node 0 HugePages_Total:     0
Node 0 HugePages_Free:      0
Node 0 HugePages_Surp:      0

Node 1 MemTotal:       24661580 kB
Node 1 MemFree:        24164044 kB
Node 1 MemUsed:          497536 kB
Node 1 Active:            75076 kB
Node 1 Inactive:          92152 kB
Node 1 Active(anon):      27032 kB
Node 1 Inactive(anon):      408 kB
Node 1 Active(file):      48044 kB
Node 1 Inactive(file):    91744 kB
Node 1 Unevictable:       16860 kB
Node 1 Mlocked:           16860 kB
Node 1 Dirty:                60 kB
Node 1 Writeback:             0 kB
Node 1 FilePages:        146612 kB
Node 1 Mapped:            54300 kB
Node 1 AnonPages:         36552 kB
Node 1 Shmem:               584 kB
Node 1 KernelStack:        2920 kB
Node 1 PageTables:         1280 kB
Node 1 NFS_Unstable:          0 kB
Node 1 Bounce:                0 kB
Node 1 WritebackTmp:          0 kB
Node 1 KReclaimable:      29312 kB
Node 1 Slab:              77732 kB
Node 1 SReclaimable:      29312 kB
Node 1 SUnreclaim:        48420 kB
Node 1 AnonHugePages:         0 kB
Node 1 ShmemHugePages:        0 kB
Node 1 ShmemPmdMapped:        0 kB
Node 1 FileHugePages:        0 kB
Node 1 FilePmdMapped:        0 kB
Node 1 HugePages_Total:     0
Node 1 HugePages_Free:      0
Node 1 HugePages_Surp:      0

After Test
Node 0 MemTotal:       24768352 kB
Node 0 MemFree:        15941568 kB
Node 0 MemUsed:         8826784 kB
Node 0 Active:            29840 kB
Node 0 Inactive:          20448 kB
Node 0 Active(anon):       6840 kB
Node 0 Inactive(anon):      516 kB
Node 0 Active(file):      23000 kB
Node 0 Inactive(file):    19932 kB
Node 0 Unevictable:        1660 kB
Node 0 Mlocked:            1660 kB
Node 0 Dirty:                 0 kB
Node 0 Writeback:             0 kB
Node 0 FilePages:         45384 kB
Node 0 Mapped:             9516 kB
Node 0 AnonPages:          6348 kB
Node 0 Shmem:               728 kB
Node 0 KernelStack:        1880 kB
Node 0 PageTables:          352 kB
Node 0 NFS_Unstable:          0 kB
Node 0 Bounce:                0 kB
Node 0 WritebackTmp:          0 kB
Node 0 KReclaimable:      14720 kB
Node 0 Slab:              71124 kB
Node 0 SReclaimable:      14720 kB
Node 0 SUnreclaim:        56404 kB
Node 0 AnonHugePages:         0 kB
Node 0 ShmemHugePages:        0 kB
Node 0 ShmemPmdMapped:        0 kB
Node 0 FileHugePages:        0 kB
Node 0 FilePmdMapped:        0 kB
Node 0 HugePages_Total:     0
Node 0 HugePages_Free:      0
Node 0 HugePages_Surp:      0

Node 1 MemTotal:       24661580 kB
Node 1 MemFree:        23574324 kB
Node 1 MemUsed:         1087256 kB
Node 1 Active:            74276 kB
Node 1 Inactive:          91940 kB
Node 1 Active(anon):      26072 kB
Node 1 Inactive(anon):      408 kB
Node 1 Active(file):      48204 kB
Node 1 Inactive(file):    91532 kB
Node 1 Unevictable:       16860 kB
Node 1 Mlocked:           16860 kB
Node 1 Dirty:                 0 kB
Node 1 Writeback:             0 kB
Node 1 FilePages:        146852 kB
Node 1 Mapped:            54136 kB
Node 1 AnonPages:         36228 kB
Node 1 Shmem:               584 kB
Node 1 KernelStack:        2792 kB
Node 1 PageTables:          928 kB
Node 1 NFS_Unstable:          0 kB
Node 1 Bounce:                0 kB
Node 1 WritebackTmp:          0 kB
Node 1 KReclaimable:      29372 kB
Node 1 Slab:              79776 kB
Node 1 SReclaimable:      29372 kB
Node 1 SUnreclaim:        50404 kB
Node 1 AnonHugePages:         0 kB
Node 1 ShmemHugePages:        0 kB
Node 1 ShmemPmdMapped:        0 kB
Node 1 FileHugePages:        0 kB
Node 1 FilePmdMapped:        0 kB
Node 1 HugePages_Total:     0
Node 1 HugePages_Free:      0
Node 1 HugePages_Surp:      0

After Opposite Node
Node 0 MemTotal:       24768352 kB
Node 0 MemFree:        15948812 kB
Node 0 MemUsed:         8819540 kB
Node 0 Active:            30020 kB
Node 0 Inactive:          20180 kB
Node 0 Active(anon):       6708 kB
Node 0 Inactive(anon):      472 kB
Node 0 Active(file):      23312 kB
Node 0 Inactive(file):    19708 kB
Node 0 Unevictable:        1660 kB
Node 0 Mlocked:            1660 kB
Node 0 Dirty:                16 kB
Node 0 Writeback:             0 kB
Node 0 FilePages:         45372 kB
Node 0 Mapped:             9544 kB
Node 0 AnonPages:          6496 kB
Node 0 Shmem:               684 kB
Node 0 KernelStack:        1864 kB
Node 0 PageTables:          168 kB
Node 0 NFS_Unstable:          0 kB
Node 0 Bounce:                0 kB
Node 0 WritebackTmp:          0 kB
Node 0 KReclaimable:      14720 kB
Node 0 Slab:              69588 kB
Node 0 SReclaimable:      14720 kB
Node 0 SUnreclaim:        54868 kB
Node 0 AnonHugePages:         0 kB
Node 0 ShmemHugePages:        0 kB
Node 0 ShmemPmdMapped:        0 kB
Node 0 FileHugePages:        0 kB
Node 0 FilePmdMapped:        0 kB
Node 0 HugePages_Total:     0
Node 0 HugePages_Free:      0
Node 0 HugePages_Surp:      0

Node 1 MemTotal:       24661580 kB
Node 1 MemFree:        23569292 kB
Node 1 MemUsed:         1092288 kB
Node 1 Active:            74552 kB
Node 1 Inactive:          91964 kB
Node 1 Active(anon):      26288 kB
Node 1 Inactive(anon):      444 kB
Node 1 Active(file):      48264 kB
Node 1 Inactive(file):    91520 kB
Node 1 Unevictable:       16860 kB
Node 1 Mlocked:           16860 kB
Node 1 Dirty:               104 kB
Node 1 Writeback:             0 kB
Node 1 FilePages:        146944 kB
Node 1 Mapped:            54180 kB
Node 1 AnonPages:         36296 kB
Node 1 Shmem:               628 kB
Node 1 KernelStack:        2792 kB
Node 1 PageTables:         1044 kB
Node 1 NFS_Unstable:          0 kB
Node 1 Bounce:                0 kB
Node 1 WritebackTmp:          0 kB
Node 1 KReclaimable:      29492 kB
Node 1 Slab:              82148 kB
Node 1 SReclaimable:      29492 kB
Node 1 SUnreclaim:        52656 kB
Node 1 AnonHugePages:         0 kB
Node 1 ShmemHugePages:        0 kB
Node 1 ShmemPmdMapped:        0 kB
Node 1 FileHugePages:        0 kB
Node 1 FilePmdMapped:        0 kB
Node 1 HugePages_Total:     0
Node 1 HugePages_Free:      0
Node 1 HugePages_Surp:      0

M.0.manyfio.8G.1.O.1M Complete!
