kernel.numa_balancing = 1
M.0.manyfio.16G.1.O.1M
Begin
Node 0 MemTotal:       24768352 kB
Node 0 MemFree:        24502296 kB
Node 0 MemUsed:          266056 kB
Node 0 Active:            53432 kB
Node 0 Inactive:          59224 kB
Node 0 Active(anon):      22876 kB
Node 0 Inactive(anon):      384 kB
Node 0 Active(file):      30556 kB
Node 0 Inactive(file):    58840 kB
Node 0 Unevictable:       12936 kB
Node 0 Mlocked:           12936 kB
Node 0 Dirty:                28 kB
Node 0 Writeback:             0 kB
Node 0 FilePages:         92620 kB
Node 0 Mapped:            18624 kB
Node 0 AnonPages:         33136 kB
Node 0 Shmem:               572 kB
Node 0 KernelStack:        2536 kB
Node 0 PageTables:          652 kB
Node 0 NFS_Unstable:          0 kB
Node 0 Bounce:                0 kB
Node 0 WritebackTmp:          0 kB
Node 0 KReclaimable:      20576 kB
Node 0 Slab:              58204 kB
Node 0 SReclaimable:      20576 kB
Node 0 SUnreclaim:        37628 kB
Node 0 AnonHugePages:         0 kB
Node 0 ShmemHugePages:        0 kB
Node 0 ShmemPmdMapped:        0 kB
Node 0 FileHugePages:        0 kB
Node 0 FilePmdMapped:        0 kB
Node 0 HugePages_Total:     0
Node 0 HugePages_Free:      0
Node 0 HugePages_Surp:      0

Node 1 MemTotal:       24661580 kB
Node 1 MemFree:        24290544 kB
Node 1 MemUsed:          371036 kB
Node 1 Active:            43900 kB
Node 1 Inactive:          56352 kB
Node 1 Active(anon):      10680 kB
Node 1 Inactive(anon):      480 kB
Node 1 Active(file):      33220 kB
Node 1 Inactive(file):    55872 kB
Node 1 Unevictable:        5588 kB
Node 1 Mlocked:            5588 kB
Node 1 Dirty:               300 kB
Node 1 Writeback:             0 kB
Node 1 FilePages:         95396 kB
Node 1 Mapped:            47880 kB
Node 1 AnonPages:         10464 kB
Node 1 Shmem:               696 kB
Node 1 KernelStack:        1096 kB
Node 1 PageTables:          504 kB
Node 1 NFS_Unstable:          0 kB
Node 1 Bounce:                0 kB
Node 1 WritebackTmp:          0 kB
Node 1 KReclaimable:      21308 kB
Node 1 Slab:              47000 kB
Node 1 SReclaimable:      21308 kB
Node 1 SUnreclaim:        25692 kB
Node 1 AnonHugePages:         0 kB
Node 1 ShmemHugePages:        0 kB
Node 1 ShmemPmdMapped:        0 kB
Node 1 FileHugePages:        0 kB
Node 1 FilePmdMapped:        0 kB
Node 1 HugePages_Total:     0
Node 1 HugePages_Free:      0
Node 1 HugePages_Surp:      0

Load ZFS
Node 0 MemTotal:       24768352 kB
Node 0 MemFree:        24359796 kB
Node 0 MemUsed:          408556 kB
Node 0 Active:            57820 kB
Node 0 Inactive:          59756 kB
Node 0 Active(anon):      25864 kB
Node 0 Inactive(anon):      384 kB
Node 0 Active(file):      31956 kB
Node 0 Inactive(file):    59372 kB
Node 0 Unevictable:       12936 kB
Node 0 Mlocked:           12936 kB
Node 0 Dirty:                32 kB
Node 0 Writeback:             0 kB
Node 0 FilePages:         94508 kB
Node 0 Mapped:            18624 kB
Node 0 AnonPages:         35992 kB
Node 0 Shmem:               572 kB
Node 0 KernelStack:        2600 kB
Node 0 PageTables:          840 kB
Node 0 NFS_Unstable:          0 kB
Node 0 Bounce:                0 kB
Node 0 WritebackTmp:          0 kB
Node 0 KReclaimable:      20976 kB
Node 0 Slab:              60540 kB
Node 0 SReclaimable:      20976 kB
Node 0 SUnreclaim:        39564 kB
Node 0 AnonHugePages:         0 kB
Node 0 ShmemHugePages:        0 kB
Node 0 ShmemPmdMapped:        0 kB
Node 0 FileHugePages:        0 kB
Node 0 FilePmdMapped:        0 kB
Node 0 HugePages_Total:     0
Node 0 HugePages_Free:      0
Node 0 HugePages_Surp:      0

Node 1 MemTotal:       24661580 kB
Node 1 MemFree:        24424908 kB
Node 1 MemUsed:          236672 kB
Node 1 Active:            49424 kB
Node 1 Inactive:          51788 kB
Node 1 Active(anon):      10984 kB
Node 1 Inactive(anon):      480 kB
Node 1 Active(file):      38440 kB
Node 1 Inactive(file):    51308 kB
Node 1 Unevictable:        5588 kB
Node 1 Mlocked:            5588 kB
Node 1 Dirty:               320 kB
Node 1 Writeback:             0 kB
Node 1 FilePages:         96028 kB
Node 1 Mapped:            48040 kB
Node 1 AnonPages:         10776 kB
Node 1 Shmem:               696 kB
Node 1 KernelStack:        1128 kB
Node 1 PageTables:          504 kB
Node 1 NFS_Unstable:          0 kB
Node 1 Bounce:                0 kB
Node 1 WritebackTmp:          0 kB
Node 1 KReclaimable:      21692 kB
Node 1 Slab:              48388 kB
Node 1 SReclaimable:      21692 kB
Node 1 SUnreclaim:        26696 kB
Node 1 AnonHugePages:         0 kB
Node 1 ShmemHugePages:        0 kB
Node 1 ShmemPmdMapped:        0 kB
Node 1 FileHugePages:        0 kB
Node 1 FilePmdMapped:        0 kB
Node 1 HugePages_Total:     0
Node 1 HugePages_Free:      0
Node 1 HugePages_Surp:      0

Import tank ZPool
Node 0 MemTotal:       24768352 kB
Node 0 MemFree:        24336880 kB
Node 0 MemUsed:          431472 kB
Node 0 Active:            58120 kB
Node 0 Inactive:          60980 kB
Node 0 Active(anon):      25828 kB
Node 0 Inactive(anon):      388 kB
Node 0 Active(file):      32292 kB
Node 0 Inactive(file):    60592 kB
Node 0 Unevictable:       12936 kB
Node 0 Mlocked:           12936 kB
Node 0 Dirty:                52 kB
Node 0 Writeback:             0 kB
Node 0 FilePages:         96064 kB
Node 0 Mapped:            18876 kB
Node 0 AnonPages:         35588 kB
Node 0 Shmem:               572 kB
Node 0 KernelStack:        3768 kB
Node 0 PageTables:          880 kB
Node 0 NFS_Unstable:          0 kB
Node 0 Bounce:                0 kB
Node 0 WritebackTmp:          0 kB
Node 0 KReclaimable:      21104 kB
Node 0 Slab:              67748 kB
Node 0 SReclaimable:      21104 kB
Node 0 SUnreclaim:        46644 kB
Node 0 AnonHugePages:         0 kB
Node 0 ShmemHugePages:        0 kB
Node 0 ShmemPmdMapped:        0 kB
Node 0 FileHugePages:        0 kB
Node 0 FilePmdMapped:        0 kB
Node 0 HugePages_Total:     0
Node 0 HugePages_Free:      0
Node 0 HugePages_Surp:      0

Node 1 MemTotal:       24661580 kB
Node 1 MemFree:        24425804 kB
Node 1 MemUsed:          235776 kB
Node 1 Active:            49468 kB
Node 1 Inactive:          51744 kB
Node 1 Active(anon):      10984 kB
Node 1 Inactive(anon):      480 kB
Node 1 Active(file):      38484 kB
Node 1 Inactive(file):    51264 kB
Node 1 Unevictable:        5588 kB
Node 1 Mlocked:            5588 kB
Node 1 Dirty:               352 kB
Node 1 Writeback:             0 kB
Node 1 FilePages:         96068 kB
Node 1 Mapped:            48104 kB
Node 1 AnonPages:         10776 kB
Node 1 Shmem:               696 kB
Node 1 KernelStack:        1128 kB
Node 1 PageTables:          504 kB
Node 1 NFS_Unstable:          0 kB
Node 1 Bounce:                0 kB
Node 1 WritebackTmp:          0 kB
Node 1 KReclaimable:      21712 kB
Node 1 Slab:              48584 kB
Node 1 SReclaimable:      21712 kB
Node 1 SUnreclaim:        26872 kB
Node 1 AnonHugePages:         0 kB
Node 1 ShmemHugePages:        0 kB
Node 1 ShmemPmdMapped:        0 kB
Node 1 FileHugePages:        0 kB
Node 1 FilePmdMapped:        0 kB
Node 1 HugePages_Total:     0
Node 1 HugePages_Free:      0
Node 1 HugePages_Surp:      0

After Test
Node 0 MemTotal:       24768352 kB
Node 0 MemFree:         7412180 kB
Node 0 MemUsed:        17356172 kB
Node 0 Active:            55696 kB
Node 0 Inactive:          61980 kB
Node 0 Active(anon):      22208 kB
Node 0 Inactive(anon):      428 kB
Node 0 Active(file):      33488 kB
Node 0 Inactive(file):    61552 kB
Node 0 Unevictable:       12936 kB
Node 0 Mlocked:           12936 kB
Node 0 Dirty:                 0 kB
Node 0 Writeback:             0 kB
Node 0 FilePages:         98260 kB
Node 0 Mapped:            18876 kB
Node 0 AnonPages:         32080 kB
Node 0 Shmem:               612 kB
Node 0 KernelStack:        3512 kB
Node 0 PageTables:          768 kB
Node 0 NFS_Unstable:          0 kB
Node 0 Bounce:                0 kB
Node 0 WritebackTmp:          0 kB
Node 0 KReclaimable:      22436 kB
Node 0 Slab:             125336 kB
Node 0 SReclaimable:      22436 kB
Node 0 SUnreclaim:       102900 kB
Node 0 AnonHugePages:         0 kB
Node 0 ShmemHugePages:        0 kB
Node 0 ShmemPmdMapped:        0 kB
Node 0 FileHugePages:        0 kB
Node 0 FilePmdMapped:        0 kB
Node 0 HugePages_Total:     0
Node 0 HugePages_Free:      0
Node 0 HugePages_Surp:      0

Node 1 MemTotal:       24661580 kB
Node 1 MemFree:        23690256 kB
Node 1 MemUsed:          971324 kB
Node 1 Active:            49348 kB
Node 1 Inactive:          51748 kB
Node 1 Active(anon):      10660 kB
Node 1 Inactive(anon):      484 kB
Node 1 Active(file):      38688 kB
Node 1 Inactive(file):    51264 kB
Node 1 Unevictable:        5588 kB
Node 1 Mlocked:            5588 kB
Node 1 Dirty:                28 kB
Node 1 Writeback:             0 kB
Node 1 FilePages:         96236 kB
Node 1 Mapped:            47884 kB
Node 1 AnonPages:         10444 kB
Node 1 Shmem:               700 kB
Node 1 KernelStack:        1016 kB
Node 1 PageTables:          504 kB
Node 1 NFS_Unstable:          0 kB
Node 1 Bounce:                0 kB
Node 1 WritebackTmp:          0 kB
Node 1 KReclaimable:      21760 kB
Node 1 Slab:              52068 kB
Node 1 SReclaimable:      21760 kB
Node 1 SUnreclaim:        30308 kB
Node 1 AnonHugePages:         0 kB
Node 1 ShmemHugePages:        0 kB
Node 1 ShmemPmdMapped:        0 kB
Node 1 FileHugePages:        0 kB
Node 1 FilePmdMapped:        0 kB
Node 1 HugePages_Total:     0
Node 1 HugePages_Free:      0
Node 1 HugePages_Surp:      0

After Opposite Node
Node 0 MemTotal:       24768352 kB
Node 0 MemFree:         7426600 kB
Node 0 MemUsed:        17341752 kB
Node 0 Active:            55928 kB
Node 0 Inactive:          61660 kB
Node 0 Active(anon):      22096 kB
Node 0 Inactive(anon):      384 kB
Node 0 Active(file):      33832 kB
Node 0 Inactive(file):    61276 kB
Node 0 Unevictable:       12936 kB
Node 0 Mlocked:           12936 kB
Node 0 Dirty:                20 kB
Node 0 Writeback:             0 kB
Node 0 FilePages:         98292 kB
Node 0 Mapped:            18816 kB
Node 0 AnonPages:         32240 kB
Node 0 Shmem:               568 kB
Node 0 KernelStack:        3432 kB
Node 0 PageTables:          588 kB
Node 0 NFS_Unstable:          0 kB
Node 0 Bounce:                0 kB
Node 0 WritebackTmp:          0 kB
Node 0 KReclaimable:      22440 kB
Node 0 Slab:             122884 kB
Node 0 SReclaimable:      22440 kB
Node 0 SUnreclaim:       100444 kB
Node 0 AnonHugePages:         0 kB
Node 0 ShmemHugePages:        0 kB
Node 0 ShmemPmdMapped:        0 kB
Node 0 FileHugePages:        0 kB
Node 0 FilePmdMapped:        0 kB
Node 0 HugePages_Total:     0
Node 0 HugePages_Free:      0
Node 0 HugePages_Surp:      0

Node 1 MemTotal:       24661580 kB
Node 1 MemFree:        23673140 kB
Node 1 MemUsed:          988440 kB
Node 1 Active:            49516 kB
Node 1 Inactive:          51812 kB
Node 1 Active(anon):      10824 kB
Node 1 Inactive(anon):      508 kB
Node 1 Active(file):      38692 kB
Node 1 Inactive(file):    51304 kB
Node 1 Unevictable:        5588 kB
Node 1 Mlocked:            5588 kB
Node 1 Dirty:                76 kB
Node 1 Writeback:             0 kB
Node 1 FilePages:         96324 kB
Node 1 Mapped:            47928 kB
Node 1 AnonPages:         10504 kB
Node 1 Shmem:               744 kB
Node 1 KernelStack:         968 kB
Node 1 PageTables:          612 kB
Node 1 NFS_Unstable:          0 kB
Node 1 Bounce:                0 kB
Node 1 WritebackTmp:          0 kB
Node 1 KReclaimable:      21960 kB
Node 1 Slab:              55600 kB
Node 1 SReclaimable:      21960 kB
Node 1 SUnreclaim:        33640 kB
Node 1 AnonHugePages:         0 kB
Node 1 ShmemHugePages:        0 kB
Node 1 ShmemPmdMapped:        0 kB
Node 1 FileHugePages:        0 kB
Node 1 FilePmdMapped:        0 kB
Node 1 HugePages_Total:     0
Node 1 HugePages_Free:      0
Node 1 HugePages_Surp:      0

M.0.manyfio.16G.1.O.1M Complete!
