kernel.numa_balancing = 0
B.0.fio.2G.1.O
Begin
Node 0 MemTotal:       24768352 kB
Node 0 MemFree:        24386436 kB
Node 0 MemUsed:          381916 kB
Node 0 Active:            47932 kB
Node 0 Inactive:          35044 kB
Node 0 Active(anon):      24700 kB
Node 0 Inactive(anon):      316 kB
Node 0 Active(file):      23232 kB
Node 0 Inactive(file):    34728 kB
Node 0 Unevictable:       17152 kB
Node 0 Mlocked:           17152 kB
Node 0 Dirty:               124 kB
Node 0 Writeback:             0 kB
Node 0 FilePages:         65328 kB
Node 0 Mapped:            29368 kB
Node 0 AnonPages:         34916 kB
Node 0 Shmem:               500 kB
Node 0 KernelStack:        1864 kB
Node 0 PageTables:          848 kB
Node 0 NFS_Unstable:          0 kB
Node 0 Bounce:                0 kB
Node 0 WritebackTmp:          0 kB
Node 0 KReclaimable:      23820 kB
Node 0 Slab:              63644 kB
Node 0 SReclaimable:      23820 kB
Node 0 SUnreclaim:        39824 kB
Node 0 AnonHugePages:         0 kB
Node 0 ShmemHugePages:        0 kB
Node 0 ShmemPmdMapped:        0 kB
Node 0 FileHugePages:        0 kB
Node 0 FilePmdMapped:        0 kB
Node 0 HugePages_Total:     0
Node 0 HugePages_Free:      0
Node 0 HugePages_Surp:      0

Node 1 MemTotal:       24661580 kB
Node 1 MemFree:        24429384 kB
Node 1 MemUsed:          232196 kB
Node 1 Active:            47448 kB
Node 1 Inactive:          57032 kB
Node 1 Active(anon):       9032 kB
Node 1 Inactive(anon):      556 kB
Node 1 Active(file):      38416 kB
Node 1 Inactive(file):    56476 kB
Node 1 Unevictable:        1368 kB
Node 1 Mlocked:            1368 kB
Node 1 Dirty:               396 kB
Node 1 Writeback:             0 kB
Node 1 FilePages:         97044 kB
Node 1 Mapped:            14472 kB
Node 1 AnonPages:          8860 kB
Node 1 Shmem:               768 kB
Node 1 KernelStack:        1752 kB
Node 1 PageTables:          252 kB
Node 1 NFS_Unstable:          0 kB
Node 1 Bounce:                0 kB
Node 1 WritebackTmp:          0 kB
Node 1 KReclaimable:      18200 kB
Node 1 Slab:              42452 kB
Node 1 SReclaimable:      18200 kB
Node 1 SUnreclaim:        24252 kB
Node 1 AnonHugePages:         0 kB
Node 1 ShmemHugePages:        0 kB
Node 1 ShmemPmdMapped:        0 kB
Node 1 FileHugePages:        0 kB
Node 1 FilePmdMapped:        0 kB
Node 1 HugePages_Total:     0
Node 1 HugePages_Free:      0
Node 1 HugePages_Surp:      0

Load ZFS
Node 0 MemTotal:       24768352 kB
Node 0 MemFree:        24462172 kB
Node 0 MemUsed:          306180 kB
Node 0 Active:            61716 kB
Node 0 Inactive:          74260 kB
Node 0 Active(anon):      37408 kB
Node 0 Inactive(anon):      332 kB
Node 0 Active(file):      24308 kB
Node 0 Inactive(file):    73928 kB
Node 0 Unevictable:       17284 kB
Node 0 Mlocked:           17284 kB
Node 0 Dirty:               264 kB
Node 0 Writeback:             0 kB
Node 0 FilePages:        105804 kB
Node 0 Mapped:            31592 kB
Node 0 AnonPages:         48212 kB
Node 0 Shmem:               600 kB
Node 0 KernelStack:        2264 kB
Node 0 PageTables:         1772 kB
Node 0 NFS_Unstable:          0 kB
Node 0 Bounce:                0 kB
Node 0 WritebackTmp:          0 kB
Node 0 KReclaimable:      24528 kB
Node 0 Slab:              67332 kB
Node 0 SReclaimable:      24528 kB
Node 0 SUnreclaim:        42804 kB
Node 0 AnonHugePages:         0 kB
Node 0 ShmemHugePages:        0 kB
Node 0 ShmemPmdMapped:        0 kB
Node 0 FileHugePages:        0 kB
Node 0 FilePmdMapped:        0 kB
Node 0 HugePages_Total:     0
Node 0 HugePages_Free:      0
Node 0 HugePages_Surp:      0

Node 1 MemTotal:       24661580 kB
Node 1 MemFree:        24210676 kB
Node 1 MemUsed:          450904 kB
Node 1 Active:            61560 kB
Node 1 Inactive:         120936 kB
Node 1 Active(anon):      21744 kB
Node 1 Inactive(anon):      292 kB
Node 1 Active(file):      39816 kB
Node 1 Inactive(file):   120644 kB
Node 1 Unevictable:        1368 kB
Node 1 Mlocked:            1368 kB
Node 1 Dirty:                48 kB
Node 1 Writeback:             0 kB
Node 1 FilePages:        162664 kB
Node 1 Mapped:            16772 kB
Node 1 AnonPages:         21420 kB
Node 1 Shmem:               668 kB
Node 1 KernelStack:        2076 kB
Node 1 PageTables:         1188 kB
Node 1 NFS_Unstable:          0 kB
Node 1 Bounce:                0 kB
Node 1 WritebackTmp:          0 kB
Node 1 KReclaimable:      18784 kB
Node 1 Slab:              45872 kB
Node 1 SReclaimable:      18784 kB
Node 1 SUnreclaim:        27088 kB
Node 1 AnonHugePages:         0 kB
Node 1 ShmemHugePages:        0 kB
Node 1 ShmemPmdMapped:        0 kB
Node 1 FileHugePages:        0 kB
Node 1 FilePmdMapped:        0 kB
Node 1 HugePages_Total:     0
Node 1 HugePages_Free:      0
Node 1 HugePages_Surp:      0

Import tank ZPool
Node 0 MemTotal:       24768352 kB
Node 0 MemFree:        24463372 kB
Node 0 MemUsed:          304980 kB
Node 0 Active:            49640 kB
Node 0 Inactive:          75524 kB
Node 0 Active(anon):      24780 kB
Node 0 Inactive(anon):      420 kB
Node 0 Active(file):      24860 kB
Node 0 Inactive(file):    75104 kB
Node 0 Unevictable:       17384 kB
Node 0 Mlocked:           17384 kB
Node 0 Dirty:               412 kB
Node 0 Writeback:             0 kB
Node 0 FilePages:        107072 kB
Node 0 Mapped:            30060 kB
Node 0 AnonPages:         34760 kB
Node 0 Shmem:               576 kB
Node 0 KernelStack:        2096 kB
Node 0 PageTables:         1732 kB
Node 0 NFS_Unstable:          0 kB
Node 0 Bounce:                0 kB
Node 0 WritebackTmp:          0 kB
Node 0 KReclaimable:      24788 kB
Node 0 Slab:              72244 kB
Node 0 SReclaimable:      24788 kB
Node 0 SUnreclaim:        47456 kB
Node 0 AnonHugePages:         0 kB
Node 0 ShmemHugePages:        0 kB
Node 0 ShmemPmdMapped:        0 kB
Node 0 FileHugePages:        0 kB
Node 0 FilePmdMapped:        0 kB
Node 0 HugePages_Total:     0
Node 0 HugePages_Free:      0
Node 0 HugePages_Surp:      0

Node 1 MemTotal:       24661580 kB
Node 1 MemFree:        24211604 kB
Node 1 MemUsed:          449976 kB
Node 1 Active:            50380 kB
Node 1 Inactive:         121232 kB
Node 1 Active(anon):      10504 kB
Node 1 Inactive(anon):      528 kB
Node 1 Active(file):      39876 kB
Node 1 Inactive(file):   120704 kB
Node 1 Unevictable:        1368 kB
Node 1 Mlocked:            1368 kB
Node 1 Dirty:                76 kB
Node 1 Writeback:             0 kB
Node 1 FilePages:        162656 kB
Node 1 Mapped:            15500 kB
Node 1 AnonPages:         10680 kB
Node 1 Shmem:               692 kB
Node 1 KernelStack:        2936 kB
Node 1 PageTables:          708 kB
Node 1 NFS_Unstable:          0 kB
Node 1 Bounce:                0 kB
Node 1 WritebackTmp:          0 kB
Node 1 KReclaimable:      18932 kB
Node 1 Slab:              47880 kB
Node 1 SReclaimable:      18932 kB
Node 1 SUnreclaim:        28948 kB
Node 1 AnonHugePages:         0 kB
Node 1 ShmemHugePages:        0 kB
Node 1 ShmemPmdMapped:        0 kB
Node 1 FileHugePages:        0 kB
Node 1 FilePmdMapped:        0 kB
Node 1 HugePages_Total:     0
Node 1 HugePages_Free:      0
Node 1 HugePages_Surp:      0

After Test
Node 0 MemTotal:       24768352 kB
Node 0 MemFree:        22106516 kB
Node 0 MemUsed:         2661836 kB
Node 0 Active:            49680 kB
Node 0 Inactive:          76200 kB
Node 0 Active(anon):      23780 kB
Node 0 Inactive(anon):      452 kB
Node 0 Active(file):      25900 kB
Node 0 Inactive(file):    75748 kB
Node 0 Unevictable:       17384 kB
Node 0 Mlocked:           17384 kB
Node 0 Dirty:                40 kB
Node 0 Writeback:             0 kB
Node 0 FilePages:        109088 kB
Node 0 Mapped:            29652 kB
Node 0 AnonPages:         34132 kB
Node 0 Shmem:               616 kB
Node 0 KernelStack:        1848 kB
Node 0 PageTables:          960 kB
Node 0 NFS_Unstable:          0 kB
Node 0 Bounce:                0 kB
Node 0 WritebackTmp:          0 kB
Node 0 KReclaimable:      26088 kB
Node 0 Slab:              84904 kB
Node 0 SReclaimable:      26088 kB
Node 0 SUnreclaim:        58816 kB
Node 0 AnonHugePages:         0 kB
Node 0 ShmemHugePages:        0 kB
Node 0 ShmemPmdMapped:        0 kB
Node 0 FileHugePages:        0 kB
Node 0 FilePmdMapped:        0 kB
Node 0 HugePages_Total:     0
Node 0 HugePages_Free:      0
Node 0 HugePages_Surp:      0

Node 1 MemTotal:       24661580 kB
Node 1 MemFree:        23642532 kB
Node 1 MemUsed:         1019048 kB
Node 1 Active:            49860 kB
Node 1 Inactive:         120828 kB
Node 1 Active(anon):       9536 kB
Node 1 Inactive(anon):      524 kB
Node 1 Active(file):      40324 kB
Node 1 Inactive(file):   120304 kB
Node 1 Unevictable:        1368 kB
Node 1 Mlocked:            1368 kB
Node 1 Dirty:                 8 kB
Node 1 Writeback:             0 kB
Node 1 FilePages:        162692 kB
Node 1 Mapped:            14480 kB
Node 1 AnonPages:          9364 kB
Node 1 Shmem:               696 kB
Node 1 KernelStack:        2840 kB
Node 1 PageTables:          252 kB
Node 1 NFS_Unstable:          0 kB
Node 1 Bounce:                0 kB
Node 1 WritebackTmp:          0 kB
Node 1 KReclaimable:      18996 kB
Node 1 Slab:              50020 kB
Node 1 SReclaimable:      18996 kB
Node 1 SUnreclaim:        31024 kB
Node 1 AnonHugePages:         0 kB
Node 1 ShmemHugePages:        0 kB
Node 1 ShmemPmdMapped:        0 kB
Node 1 FileHugePages:        0 kB
Node 1 FilePmdMapped:        0 kB
Node 1 HugePages_Total:     0
Node 1 HugePages_Free:      0
Node 1 HugePages_Surp:      0

After Opposite Node
Node 0 MemTotal:       24768352 kB
Node 0 MemFree:        22106800 kB
Node 0 MemUsed:         2661552 kB
Node 0 Active:            49756 kB
Node 0 Inactive:          75936 kB
Node 0 Active(anon):      23612 kB
Node 0 Inactive(anon):      416 kB
Node 0 Active(file):      26144 kB
Node 0 Inactive(file):    75520 kB
Node 0 Unevictable:       17384 kB
Node 0 Mlocked:           17384 kB
Node 0 Dirty:                76 kB
Node 0 Writeback:             0 kB
Node 0 FilePages:        109060 kB
Node 0 Mapped:            29576 kB
Node 0 AnonPages:         34012 kB
Node 0 Shmem:               572 kB
Node 0 KernelStack:        1848 kB
Node 0 PageTables:          788 kB
Node 0 NFS_Unstable:          0 kB
Node 0 Bounce:                0 kB
Node 0 WritebackTmp:          0 kB
Node 0 KReclaimable:      26088 kB
Node 0 Slab:              84844 kB
Node 0 SReclaimable:      26088 kB
Node 0 SUnreclaim:        58756 kB
Node 0 AnonHugePages:         0 kB
Node 0 ShmemHugePages:        0 kB
Node 0 ShmemPmdMapped:        0 kB
Node 0 FileHugePages:        0 kB
Node 0 FilePmdMapped:        0 kB
Node 0 HugePages_Total:     0
Node 0 HugePages_Free:      0
Node 0 HugePages_Surp:      0

Node 1 MemTotal:       24661580 kB
Node 1 MemFree:        23643424 kB
Node 1 MemUsed:         1018156 kB
Node 1 Active:            50144 kB
Node 1 Inactive:         120880 kB
Node 1 Active(anon):       9808 kB
Node 1 Inactive(anon):      568 kB
Node 1 Active(file):      40336 kB
Node 1 Inactive(file):   120312 kB
Node 1 Unevictable:        1368 kB
Node 1 Mlocked:            1368 kB
Node 1 Dirty:                32 kB
Node 1 Writeback:             0 kB
Node 1 FilePages:        162756 kB
Node 1 Mapped:            14524 kB
Node 1 AnonPages:          9504 kB
Node 1 Shmem:               740 kB
Node 1 KernelStack:        2840 kB
Node 1 PageTables:          440 kB
Node 1 NFS_Unstable:          0 kB
Node 1 Bounce:                0 kB
Node 1 WritebackTmp:          0 kB
Node 1 KReclaimable:      19104 kB
Node 1 Slab:              50452 kB
Node 1 SReclaimable:      19104 kB
Node 1 SUnreclaim:        31348 kB
Node 1 AnonHugePages:         0 kB
Node 1 ShmemHugePages:        0 kB
Node 1 ShmemPmdMapped:        0 kB
Node 1 FileHugePages:        0 kB
Node 1 FilePmdMapped:        0 kB
Node 1 HugePages_Total:     0
Node 1 HugePages_Free:      0
Node 1 HugePages_Surp:      0

B.0.fio.2G.1.O Complete!
