kernel.numa_balancing = 0
B.0.fio.16G.1.O
Begin
Node 0 MemTotal:       24768352 kB
Node 0 MemFree:        24560752 kB
Node 0 MemUsed:          207600 kB
Node 0 Active:            41412 kB
Node 0 Inactive:          24464 kB
Node 0 Active(anon):      25768 kB
Node 0 Inactive(anon):      460 kB
Node 0 Active(file):      15644 kB
Node 0 Inactive(file):    24004 kB
Node 0 Unevictable:       14064 kB
Node 0 Mlocked:           14064 kB
Node 0 Dirty:                36 kB
Node 0 Writeback:             0 kB
Node 0 FilePages:         44120 kB
Node 0 Mapped:            13464 kB
Node 0 AnonPages:         35956 kB
Node 0 Shmem:               692 kB
Node 0 KernelStack:        2120 kB
Node 0 PageTables:          628 kB
Node 0 NFS_Unstable:          0 kB
Node 0 Bounce:                0 kB
Node 0 WritebackTmp:          0 kB
Node 0 KReclaimable:      16400 kB
Node 0 Slab:              50328 kB
Node 0 SReclaimable:      16400 kB
Node 0 SUnreclaim:        33928 kB
Node 0 AnonHugePages:         0 kB
Node 0 ShmemHugePages:        0 kB
Node 0 ShmemPmdMapped:        0 kB
Node 0 FileHugePages:        0 kB
Node 0 FilePmdMapped:        0 kB
Node 0 HugePages_Total:     0
Node 0 HugePages_Free:      0
Node 0 HugePages_Surp:      0

Node 1 MemTotal:       24661580 kB
Node 1 MemFree:        24248628 kB
Node 1 MemUsed:          412952 kB
Node 1 Active:            54580 kB
Node 1 Inactive:          75680 kB
Node 1 Active(anon):       7928 kB
Node 1 Inactive(anon):      408 kB
Node 1 Active(file):      46652 kB
Node 1 Inactive(file):    75272 kB
Node 1 Unevictable:        4456 kB
Node 1 Mlocked:            4456 kB
Node 1 Dirty:               172 kB
Node 1 Writeback:             0 kB
Node 1 FilePages:        126976 kB
Node 1 Mapped:            38208 kB
Node 1 AnonPages:          7768 kB
Node 1 Shmem:               576 kB
Node 1 KernelStack:        1480 kB
Node 1 PageTables:          492 kB
Node 1 NFS_Unstable:          0 kB
Node 1 Bounce:                0 kB
Node 1 WritebackTmp:          0 kB
Node 1 KReclaimable:      25128 kB
Node 1 Slab:              54476 kB
Node 1 SReclaimable:      25128 kB
Node 1 SUnreclaim:        29348 kB
Node 1 AnonHugePages:         0 kB
Node 1 ShmemHugePages:        0 kB
Node 1 ShmemPmdMapped:        0 kB
Node 1 FileHugePages:        0 kB
Node 1 FilePmdMapped:        0 kB
Node 1 HugePages_Total:     0
Node 1 HugePages_Free:      0
Node 1 HugePages_Surp:      0

Load ZFS
Node 0 MemTotal:       24768352 kB
Node 0 MemFree:        24507172 kB
Node 0 MemUsed:          261180 kB
Node 0 Active:            54744 kB
Node 0 Inactive:          53584 kB
Node 0 Active(anon):      37384 kB
Node 0 Inactive(anon):      420 kB
Node 0 Active(file):      17360 kB
Node 0 Inactive(file):    53164 kB
Node 0 Unevictable:       14144 kB
Node 0 Mlocked:           14144 kB
Node 0 Dirty:                60 kB
Node 0 Writeback:             0 kB
Node 0 FilePages:         75120 kB
Node 0 Mapped:            16652 kB
Node 0 AnonPages:         47100 kB
Node 0 Shmem:               712 kB
Node 0 KernelStack:        2412 kB
Node 0 PageTables:         1252 kB
Node 0 NFS_Unstable:          0 kB
Node 0 Bounce:                0 kB
Node 0 WritebackTmp:          0 kB
Node 0 KReclaimable:      16864 kB
Node 0 Slab:              53596 kB
Node 0 SReclaimable:      16864 kB
Node 0 SUnreclaim:        36732 kB
Node 0 AnonHugePages:         0 kB
Node 0 ShmemHugePages:        0 kB
Node 0 ShmemPmdMapped:        0 kB
Node 0 FileHugePages:        0 kB
Node 0 FilePmdMapped:        0 kB
Node 0 HugePages_Total:     0
Node 0 HugePages_Free:      0
Node 0 HugePages_Surp:      0

Node 1 MemTotal:       24661580 kB
Node 1 MemFree:        24156052 kB
Node 1 MemUsed:          505528 kB
Node 1 Active:            68976 kB
Node 1 Inactive:         149772 kB
Node 1 Active(anon):      21412 kB
Node 1 Inactive(anon):      356 kB
Node 1 Active(file):      47564 kB
Node 1 Inactive(file):   149416 kB
Node 1 Unevictable:        4456 kB
Node 1 Mlocked:            4456 kB
Node 1 Dirty:               376 kB
Node 1 Writeback:             0 kB
Node 1 FilePages:        202024 kB
Node 1 Mapped:            39564 kB
Node 1 AnonPages:         20928 kB
Node 1 Shmem:               556 kB
Node 1 KernelStack:        1856 kB
Node 1 PageTables:         1344 kB
Node 1 NFS_Unstable:          0 kB
Node 1 Bounce:                0 kB
Node 1 WritebackTmp:          0 kB
Node 1 KReclaimable:      25964 kB
Node 1 Slab:              58508 kB
Node 1 SReclaimable:      25964 kB
Node 1 SUnreclaim:        32544 kB
Node 1 AnonHugePages:         0 kB
Node 1 ShmemHugePages:        0 kB
Node 1 ShmemPmdMapped:        0 kB
Node 1 FileHugePages:        0 kB
Node 1 FilePmdMapped:        0 kB
Node 1 HugePages_Total:     0
Node 1 HugePages_Free:      0
Node 1 HugePages_Surp:      0

Import tank ZPool
Node 0 MemTotal:       24768352 kB
Node 0 MemFree:        24520988 kB
Node 0 MemUsed:          247364 kB
Node 0 Active:            42148 kB
Node 0 Inactive:          53312 kB
Node 0 Active(anon):      24416 kB
Node 0 Inactive(anon):      532 kB
Node 0 Active(file):      17732 kB
Node 0 Inactive(file):    52780 kB
Node 0 Unevictable:       14292 kB
Node 0 Mlocked:           14292 kB
Node 0 Dirty:                64 kB
Node 0 Writeback:             0 kB
Node 0 FilePages:         74960 kB
Node 0 Mapped:            13496 kB
Node 0 AnonPages:         34792 kB
Node 0 Shmem:               708 kB
Node 0 KernelStack:        2088 kB
Node 0 PageTables:          564 kB
Node 0 NFS_Unstable:          0 kB
Node 0 Bounce:                0 kB
Node 0 WritebackTmp:          0 kB
Node 0 KReclaimable:      17016 kB
Node 0 Slab:              53356 kB
Node 0 SReclaimable:      17016 kB
Node 0 SUnreclaim:        36340 kB
Node 0 AnonHugePages:         0 kB
Node 0 ShmemHugePages:        0 kB
Node 0 ShmemPmdMapped:        0 kB
Node 0 FileHugePages:        0 kB
Node 0 FilePmdMapped:        0 kB
Node 0 HugePages_Total:     0
Node 0 HugePages_Free:      0
Node 0 HugePages_Surp:      0

Node 1 MemTotal:       24661580 kB
Node 1 MemFree:        24151320 kB
Node 1 MemUsed:          510260 kB
Node 1 Active:            57576 kB
Node 1 Inactive:         150728 kB
Node 1 Active(anon):       9284 kB
Node 1 Inactive(anon):      420 kB
Node 1 Active(file):      48292 kB
Node 1 Inactive(file):   150308 kB
Node 1 Unevictable:        4456 kB
Node 1 Mlocked:            4456 kB
Node 1 Dirty:               464 kB
Node 1 Writeback:             0 kB
Node 1 FilePages:        203632 kB
Node 1 Mapped:            38388 kB
Node 1 AnonPages:          8824 kB
Node 1 Shmem:               560 kB
Node 1 KernelStack:        2616 kB
Node 1 PageTables:          608 kB
Node 1 NFS_Unstable:          0 kB
Node 1 Bounce:                0 kB
Node 1 WritebackTmp:          0 kB
Node 1 KReclaimable:      26324 kB
Node 1 Slab:              65048 kB
Node 1 SReclaimable:      26324 kB
Node 1 SUnreclaim:        38724 kB
Node 1 AnonHugePages:         0 kB
Node 1 ShmemHugePages:        0 kB
Node 1 ShmemPmdMapped:        0 kB
Node 1 FileHugePages:        0 kB
Node 1 FilePmdMapped:        0 kB
Node 1 HugePages_Total:     0
Node 1 HugePages_Free:      0
Node 1 HugePages_Surp:      0

After Test
Node 0 MemTotal:       24768352 kB
Node 0 MemFree:        23240628 kB
Node 0 MemUsed:         1527724 kB
Node 0 Active:            43404 kB
Node 0 Inactive:          55072 kB
Node 0 Active(anon):      24628 kB
Node 0 Inactive(anon):      572 kB
Node 0 Active(file):      18776 kB
Node 0 Inactive(file):    54500 kB
Node 0 Unevictable:       14292 kB
Node 0 Mlocked:           14292 kB
Node 0 Dirty:                 8 kB
Node 0 Writeback:             0 kB
Node 0 FilePages:         77788 kB
Node 0 Mapped:            13704 kB
Node 0 AnonPages:         34872 kB
Node 0 Shmem:               748 kB
Node 0 KernelStack:        2104 kB
Node 0 PageTables:          736 kB
Node 0 NFS_Unstable:          0 kB
Node 0 Bounce:                0 kB
Node 0 WritebackTmp:          0 kB
Node 0 KReclaimable:      17636 kB
Node 0 Slab:              60732 kB
Node 0 SReclaimable:      17636 kB
Node 0 SUnreclaim:        43096 kB
Node 0 AnonHugePages:         0 kB
Node 0 ShmemHugePages:        0 kB
Node 0 ShmemPmdMapped:        0 kB
Node 0 FileHugePages:        0 kB
Node 0 FilePmdMapped:        0 kB
Node 0 HugePages_Total:     0
Node 0 HugePages_Free:      0
Node 0 HugePages_Surp:      0

Node 1 MemTotal:       24661580 kB
Node 1 MemFree:         7768528 kB
Node 1 MemUsed:        16893052 kB
Node 1 Active:            57576 kB
Node 1 Inactive:         150464 kB
Node 1 Active(anon):       8808 kB
Node 1 Inactive(anon):      416 kB
Node 1 Active(file):      48768 kB
Node 1 Inactive(file):   150048 kB
Node 1 Unevictable:        4456 kB
Node 1 Mlocked:            4456 kB
Node 1 Dirty:                24 kB
Node 1 Writeback:             0 kB
Node 1 FilePages:        203832 kB
Node 1 Mapped:            38208 kB
Node 1 AnonPages:          8660 kB
Node 1 Shmem:               564 kB
Node 1 KernelStack:        2408 kB
Node 1 PageTables:          492 kB
Node 1 NFS_Unstable:          0 kB
Node 1 Bounce:                0 kB
Node 1 WritebackTmp:          0 kB
Node 1 KReclaimable:      27668 kB
Node 1 Slab:             120908 kB
Node 1 SReclaimable:      27668 kB
Node 1 SUnreclaim:        93240 kB
Node 1 AnonHugePages:         0 kB
Node 1 ShmemHugePages:        0 kB
Node 1 ShmemPmdMapped:        0 kB
Node 1 FileHugePages:        0 kB
Node 1 FilePmdMapped:        0 kB
Node 1 HugePages_Total:     0
Node 1 HugePages_Free:      0
Node 1 HugePages_Surp:      0

After Opposite Node
Node 0 MemTotal:       24768352 kB
Node 0 MemFree:        23246384 kB
Node 0 MemUsed:         1521968 kB
Node 0 Active:            43360 kB
Node 0 Inactive:          54860 kB
Node 0 Active(anon):      24348 kB
Node 0 Inactive(anon):      528 kB
Node 0 Active(file):      19012 kB
Node 0 Inactive(file):    54332 kB
Node 0 Unevictable:       14292 kB
Node 0 Mlocked:           14292 kB
Node 0 Dirty:                12 kB
Node 0 Writeback:             0 kB
Node 0 FilePages:         77812 kB
Node 0 Mapped:            13720 kB
Node 0 AnonPages:         34724 kB
Node 0 Shmem:               704 kB
Node 0 KernelStack:        2008 kB
Node 0 PageTables:          564 kB
Node 0 NFS_Unstable:          0 kB
Node 0 Bounce:                0 kB
Node 0 WritebackTmp:          0 kB
Node 0 KReclaimable:      17636 kB
Node 0 Slab:              60824 kB
Node 0 SReclaimable:      17636 kB
Node 0 SUnreclaim:        43188 kB
Node 0 AnonHugePages:         0 kB
Node 0 ShmemHugePages:        0 kB
Node 0 ShmemPmdMapped:        0 kB
Node 0 FileHugePages:        0 kB
Node 0 FilePmdMapped:        0 kB
Node 0 HugePages_Total:     0
Node 0 HugePages_Free:      0
Node 0 HugePages_Surp:      0

Node 1 MemTotal:       24661580 kB
Node 1 MemFree:         7771112 kB
Node 1 MemUsed:        16890468 kB
Node 1 Active:            57880 kB
Node 1 Inactive:         150500 kB
Node 1 Active(anon):       9084 kB
Node 1 Inactive(anon):      460 kB
Node 1 Active(file):      48796 kB
Node 1 Inactive(file):   150040 kB
Node 1 Unevictable:        4456 kB
Node 1 Mlocked:            4456 kB
Node 1 Dirty:                56 kB
Node 1 Writeback:             0 kB
Node 1 FilePages:        203896 kB
Node 1 Mapped:            38252 kB
Node 1 AnonPages:          8804 kB
Node 1 Shmem:               608 kB
Node 1 KernelStack:        2424 kB
Node 1 PageTables:          664 kB
Node 1 NFS_Unstable:          0 kB
Node 1 Bounce:                0 kB
Node 1 WritebackTmp:          0 kB
Node 1 KReclaimable:      27708 kB
Node 1 Slab:             121120 kB
Node 1 SReclaimable:      27708 kB
Node 1 SUnreclaim:        93412 kB
Node 1 AnonHugePages:         0 kB
Node 1 ShmemHugePages:        0 kB
Node 1 ShmemPmdMapped:        0 kB
Node 1 FileHugePages:        0 kB
Node 1 FilePmdMapped:        0 kB
Node 1 HugePages_Total:     0
Node 1 HugePages_Free:      0
Node 1 HugePages_Surp:      0

B.0.fio.16G.1.O Complete!
