kernel.numa_balancing = 0
B.0.fio.250M.2.O
Begin
Node 0 MemTotal:       24743736 kB
Node 0 MemFree:        24343488 kB
Node 0 MemUsed:          400248 kB
Node 0 Active:            48192 kB
Node 0 Inactive:          62984 kB
Node 0 Active(anon):      12256 kB
Node 0 Inactive(anon):      328 kB
Node 0 Active(file):      35936 kB
Node 0 Inactive(file):    62656 kB
Node 0 Unevictable:       13776 kB
Node 0 Mlocked:           13776 kB
Node 0 Dirty:               132 kB
Node 0 Writeback:             0 kB
Node 0 FilePages:        102520 kB
Node 0 Mapped:            15708 kB
Node 0 AnonPages:         22480 kB
Node 0 Shmem:               480 kB
Node 0 KernelStack:        1752 kB
Node 0 PageTables:          400 kB
Node 0 NFS_Unstable:          0 kB
Node 0 Bounce:                0 kB
Node 0 WritebackTmp:          0 kB
Node 0 KReclaimable:      23248 kB
Node 0 Slab:              51800 kB
Node 0 SReclaimable:      23248 kB
Node 0 SUnreclaim:        28552 kB
Node 0 AnonHugePages:         0 kB
Node 0 ShmemHugePages:        0 kB
Node 0 ShmemPmdMapped:        0 kB
Node 0 FileHugePages:        0 kB
Node 0 FilePmdMapped:        0 kB
Node 0 HugePages_Total:     0
Node 0 HugePages_Free:      0
Node 0 HugePages_Surp:      0

Node 1 MemTotal:       24686196 kB
Node 1 MemFree:        24478624 kB
Node 1 MemUsed:          207572 kB
Node 1 Active:            46920 kB
Node 1 Inactive:          25620 kB
Node 1 Active(anon):      21192 kB
Node 1 Inactive(anon):      524 kB
Node 1 Active(file):      25728 kB
Node 1 Inactive(file):    25096 kB
Node 1 Unevictable:        4748 kB
Node 1 Mlocked:            4748 kB
Node 1 Dirty:               380 kB
Node 1 Writeback:             0 kB
Node 1 FilePages:         56408 kB
Node 1 Mapped:            26544 kB
Node 1 AnonPages:         20952 kB
Node 1 Shmem:               788 kB
Node 1 KernelStack:        1848 kB
Node 1 PageTables:          648 kB
Node 1 NFS_Unstable:          0 kB
Node 1 Bounce:                0 kB
Node 1 WritebackTmp:          0 kB
Node 1 KReclaimable:      18108 kB
Node 1 Slab:              53956 kB
Node 1 SReclaimable:      18108 kB
Node 1 SUnreclaim:        35848 kB
Node 1 AnonHugePages:         0 kB
Node 1 ShmemHugePages:        0 kB
Node 1 ShmemPmdMapped:        0 kB
Node 1 FileHugePages:        0 kB
Node 1 FilePmdMapped:        0 kB
Node 1 HugePages_Total:     0
Node 1 HugePages_Free:      0
Node 1 HugePages_Surp:      0

Load ZFS
Node 0 MemTotal:       24743736 kB
Node 0 MemFree:        24223916 kB
Node 0 MemUsed:          519820 kB
Node 0 Active:            60884 kB
Node 0 Inactive:         160720 kB
Node 0 Active(anon):      23724 kB
Node 0 Inactive(anon):      404 kB
Node 0 Active(file):      37160 kB
Node 0 Inactive(file):   160316 kB
Node 0 Unevictable:       14008 kB
Node 0 Mlocked:           14008 kB
Node 0 Dirty:               128 kB
Node 0 Writeback:             0 kB
Node 0 FilePages:        201456 kB
Node 0 Mapped:            17560 kB
Node 0 AnonPages:         33868 kB
Node 0 Shmem:               532 kB
Node 0 KernelStack:        2184 kB
Node 0 PageTables:         1372 kB
Node 0 NFS_Unstable:          0 kB
Node 0 Bounce:                0 kB
Node 0 WritebackTmp:          0 kB
Node 0 KReclaimable:      24304 kB
Node 0 Slab:              57348 kB
Node 0 SReclaimable:      24304 kB
Node 0 SUnreclaim:        33044 kB
Node 0 AnonHugePages:         0 kB
Node 0 ShmemHugePages:        0 kB
Node 0 ShmemPmdMapped:        0 kB
Node 0 FileHugePages:        0 kB
Node 0 FilePmdMapped:        0 kB
Node 0 HugePages_Total:     0
Node 0 HugePages_Free:      0
Node 0 HugePages_Surp:      0

Node 1 MemTotal:       24686196 kB
Node 1 MemFree:        24454988 kB
Node 1 MemUsed:          231208 kB
Node 1 Active:            60152 kB
Node 1 Inactive:          31320 kB
Node 1 Active(anon):      33156 kB
Node 1 Inactive(anon):      540 kB
Node 1 Active(file):      26996 kB
Node 1 Inactive(file):    30780 kB
Node 1 Unevictable:        4748 kB
Node 1 Mlocked:            4748 kB
Node 1 Dirty:               396 kB
Node 1 Writeback:             0 kB
Node 1 FilePages:         63256 kB
Node 1 Mapped:            28616 kB
Node 1 AnonPages:         32696 kB
Node 1 Shmem:               736 kB
Node 1 KernelStack:        1960 kB
Node 1 PageTables:          564 kB
Node 1 NFS_Unstable:          0 kB
Node 1 Bounce:                0 kB
Node 1 WritebackTmp:          0 kB
Node 1 KReclaimable:      18664 kB
Node 1 Slab:              55848 kB
Node 1 SReclaimable:      18664 kB
Node 1 SUnreclaim:        37184 kB
Node 1 AnonHugePages:         0 kB
Node 1 ShmemHugePages:        0 kB
Node 1 ShmemPmdMapped:        0 kB
Node 1 FileHugePages:        0 kB
Node 1 FilePmdMapped:        0 kB
Node 1 HugePages_Total:     0
Node 1 HugePages_Free:      0
Node 1 HugePages_Surp:      0

Import tank ZPool
Node 0 MemTotal:       24743736 kB
Node 0 MemFree:        24231408 kB
Node 0 MemUsed:          512328 kB
Node 0 Active:            50180 kB
Node 0 Inactive:         160724 kB
Node 0 Active(anon):      12988 kB
Node 0 Inactive(anon):      400 kB
Node 0 Active(file):      37192 kB
Node 0 Inactive(file):   160324 kB
Node 0 Unevictable:       14008 kB
Node 0 Mlocked:           14008 kB
Node 0 Dirty:               136 kB
Node 0 Writeback:             0 kB
Node 0 FilePages:        201548 kB
Node 0 Mapped:            15988 kB
Node 0 AnonPages:         23452 kB
Node 0 Shmem:               532 kB
Node 0 KernelStack:        1884 kB
Node 0 PageTables:          876 kB
Node 0 NFS_Unstable:          0 kB
Node 0 Bounce:                0 kB
Node 0 WritebackTmp:          0 kB
Node 0 KReclaimable:      24304 kB
Node 0 Slab:              61044 kB
Node 0 SReclaimable:      24304 kB
Node 0 SUnreclaim:        36740 kB
Node 0 AnonHugePages:         0 kB
Node 0 ShmemHugePages:        0 kB
Node 0 ShmemPmdMapped:        0 kB
Node 0 FileHugePages:        0 kB
Node 0 FilePmdMapped:        0 kB
Node 0 HugePages_Total:     0
Node 0 HugePages_Free:      0
Node 0 HugePages_Surp:      0

Node 1 MemTotal:       24686196 kB
Node 1 MemFree:        24448904 kB
Node 1 MemUsed:          237292 kB
Node 1 Active:            48444 kB
Node 1 Inactive:          32504 kB
Node 1 Active(anon):      21120 kB
Node 1 Inactive(anon):      548 kB
Node 1 Active(file):      27324 kB
Node 1 Inactive(file):    31956 kB
Node 1 Unevictable:        4748 kB
Node 1 Mlocked:            4748 kB
Node 1 Dirty:               464 kB
Node 1 Writeback:             0 kB
Node 1 FilePages:         64760 kB
Node 1 Mapped:            26812 kB
Node 1 AnonPages:         20964 kB
Node 1 Shmem:               736 kB
Node 1 KernelStack:        2984 kB
Node 1 PageTables:          832 kB
Node 1 NFS_Unstable:          0 kB
Node 1 Bounce:                0 kB
Node 1 WritebackTmp:          0 kB
Node 1 KReclaimable:      18780 kB
Node 1 Slab:              59600 kB
Node 1 SReclaimable:      18780 kB
Node 1 SUnreclaim:        40820 kB
Node 1 AnonHugePages:         0 kB
Node 1 ShmemHugePages:        0 kB
Node 1 ShmemPmdMapped:        0 kB
Node 1 FileHugePages:        0 kB
Node 1 FilePmdMapped:        0 kB
Node 1 HugePages_Total:     0
Node 1 HugePages_Free:      0
Node 1 HugePages_Surp:      0

After Test
Node 0 MemTotal:       24743736 kB
Node 0 MemFree:        23899208 kB
Node 0 MemUsed:          844528 kB
Node 0 Active:            50912 kB
Node 0 Inactive:         161644 kB
Node 0 Active(anon):      12488 kB
Node 0 Inactive(anon):      424 kB
Node 0 Active(file):      38424 kB
Node 0 Inactive(file):   161220 kB
Node 0 Unevictable:       14008 kB
Node 0 Mlocked:           14008 kB
Node 0 Dirty:                36 kB
Node 0 Writeback:             0 kB
Node 0 FilePages:        203668 kB
Node 0 Mapped:            15960 kB
Node 0 AnonPages:         22812 kB
Node 0 Shmem:               576 kB
Node 0 KernelStack:        1832 kB
Node 0 PageTables:          516 kB
Node 0 NFS_Unstable:          0 kB
Node 0 Bounce:                0 kB
Node 0 WritebackTmp:          0 kB
Node 0 KReclaimable:      25592 kB
Node 0 Slab:              65024 kB
Node 0 SReclaimable:      25592 kB
Node 0 SUnreclaim:        39432 kB
Node 0 AnonHugePages:         0 kB
Node 0 ShmemHugePages:        0 kB
Node 0 ShmemPmdMapped:        0 kB
Node 0 FileHugePages:        0 kB
Node 0 FilePmdMapped:        0 kB
Node 0 HugePages_Total:     0
Node 0 HugePages_Free:      0
Node 0 HugePages_Surp:      0

Node 1 MemTotal:       24686196 kB
Node 1 MemFree:        24247984 kB
Node 1 MemUsed:          438212 kB
Node 1 Active:            48568 kB
Node 1 Inactive:          32016 kB
Node 1 Active(anon):      20732 kB
Node 1 Inactive(anon):      540 kB
Node 1 Active(file):      27836 kB
Node 1 Inactive(file):    31476 kB
Node 1 Unevictable:        4748 kB
Node 1 Mlocked:            4748 kB
Node 1 Dirty:               464 kB
Node 1 Writeback:             0 kB
Node 1 FilePages:         64792 kB
Node 1 Mapped:            26552 kB
Node 1 AnonPages:         20536 kB
Node 1 Shmem:               736 kB
Node 1 KernelStack:        2968 kB
Node 1 PageTables:          620 kB
Node 1 NFS_Unstable:          0 kB
Node 1 Bounce:                0 kB
Node 1 WritebackTmp:          0 kB
Node 1 KReclaimable:      18784 kB
Node 1 Slab:              60132 kB
Node 1 SReclaimable:      18784 kB
Node 1 SUnreclaim:        41348 kB
Node 1 AnonHugePages:         0 kB
Node 1 ShmemHugePages:        0 kB
Node 1 ShmemPmdMapped:        0 kB
Node 1 FileHugePages:        0 kB
Node 1 FilePmdMapped:        0 kB
Node 1 HugePages_Total:     0
Node 1 HugePages_Free:      0
Node 1 HugePages_Surp:      0

After Opposite Node
Node 0 MemTotal:       24743736 kB
Node 0 MemFree:        23899500 kB
Node 0 MemUsed:          844236 kB
Node 0 Active:            51004 kB
Node 0 Inactive:         161456 kB
Node 0 Active(anon):      12408 kB
Node 0 Inactive(anon):      400 kB
Node 0 Active(file):      38596 kB
Node 0 Inactive(file):   161056 kB
Node 0 Unevictable:       14008 kB
Node 0 Mlocked:           14008 kB
Node 0 Dirty:                44 kB
Node 0 Writeback:             0 kB
Node 0 FilePages:        203632 kB
Node 0 Mapped:            15904 kB
Node 0 AnonPages:         22836 kB
Node 0 Shmem:               532 kB
Node 0 KernelStack:        1768 kB
Node 0 PageTables:          404 kB
Node 0 NFS_Unstable:          0 kB
Node 0 Bounce:                0 kB
Node 0 WritebackTmp:          0 kB
Node 0 KReclaimable:      25592 kB
Node 0 Slab:              65008 kB
Node 0 SReclaimable:      25592 kB
Node 0 SUnreclaim:        39416 kB
Node 0 AnonHugePages:         0 kB
Node 0 ShmemHugePages:        0 kB
Node 0 ShmemPmdMapped:        0 kB
Node 0 FileHugePages:        0 kB
Node 0 FilePmdMapped:        0 kB
Node 0 HugePages_Total:     0
Node 0 HugePages_Free:      0
Node 0 HugePages_Surp:      0

Node 1 MemTotal:       24686196 kB
Node 1 MemFree:        24248152 kB
Node 1 MemUsed:          438044 kB
Node 1 Active:            48732 kB
Node 1 Inactive:          32032 kB
Node 1 Active(anon):      20868 kB
Node 1 Inactive(anon):      564 kB
Node 1 Active(file):      27864 kB
Node 1 Inactive(file):    31468 kB
Node 1 Unevictable:        4748 kB
Node 1 Mlocked:            4748 kB
Node 1 Dirty:               480 kB
Node 1 Writeback:             0 kB
Node 1 FilePages:         64856 kB
Node 1 Mapped:            26596 kB
Node 1 AnonPages:         20572 kB
Node 1 Shmem:               780 kB
Node 1 KernelStack:        2984 kB
Node 1 PageTables:          736 kB
Node 1 NFS_Unstable:          0 kB
Node 1 Bounce:                0 kB
Node 1 WritebackTmp:          0 kB
Node 1 KReclaimable:      18832 kB
Node 1 Slab:              60384 kB
Node 1 SReclaimable:      18832 kB
Node 1 SUnreclaim:        41552 kB
Node 1 AnonHugePages:         0 kB
Node 1 ShmemHugePages:        0 kB
Node 1 ShmemPmdMapped:        0 kB
Node 1 FileHugePages:        0 kB
Node 1 FilePmdMapped:        0 kB
Node 1 HugePages_Total:     0
Node 1 HugePages_Free:      0
Node 1 HugePages_Surp:      0

B.0.fio.250M.2.O Complete!
