kernel.numa_balancing = 0
U.0.simpleread.500M.3.O.1M
Begin
Node 0 MemTotal:       24743736 kB
Node 0 MemFree:        24504364 kB
Node 0 MemUsed:          239372 kB
Node 0 Active:            29680 kB
Node 0 Inactive:          61204 kB
Node 0 Active(anon):      16048 kB
Node 0 Inactive(anon):      352 kB
Node 0 Active(file):      13632 kB
Node 0 Inactive(file):    60852 kB
Node 0 Unevictable:         332 kB
Node 0 Mlocked:             332 kB
Node 0 Dirty:                56 kB
Node 0 Writeback:             0 kB
Node 0 FilePages:         75404 kB
Node 0 Mapped:            33200 kB
Node 0 AnonPages:         15924 kB
Node 0 Shmem:               552 kB
Node 0 KernelStack:        2168 kB
Node 0 PageTables:          588 kB
Node 0 NFS_Unstable:          0 kB
Node 0 Bounce:                0 kB
Node 0 WritebackTmp:          0 kB
Node 0 KReclaimable:      22524 kB
Node 0 Slab:              61544 kB
Node 0 SReclaimable:      22524 kB
Node 0 SUnreclaim:        39020 kB
Node 0 AnonHugePages:         0 kB
Node 0 ShmemHugePages:        0 kB
Node 0 ShmemPmdMapped:        0 kB
Node 0 FileHugePages:        0 kB
Node 0 FilePmdMapped:        0 kB
Node 0 HugePages_Total:     0
Node 0 HugePages_Free:      0
Node 0 HugePages_Surp:      0

Node 1 MemTotal:       24686196 kB
Node 1 MemFree:        24252168 kB
Node 1 MemUsed:          434028 kB
Node 1 Active:            68800 kB
Node 1 Inactive:          87872 kB
Node 1 Active(anon):      17700 kB
Node 1 Inactive(anon):      512 kB
Node 1 Active(file):      51100 kB
Node 1 Inactive(file):    87360 kB
Node 1 Unevictable:       18188 kB
Node 1 Mlocked:           18188 kB
Node 1 Dirty:               472 kB
Node 1 Writeback:             0 kB
Node 1 FilePages:        147040 kB
Node 1 Mapped:            56232 kB
Node 1 AnonPages:         27840 kB
Node 1 Shmem:               716 kB
Node 1 KernelStack:        1416 kB
Node 1 PageTables:          724 kB
Node 1 NFS_Unstable:          0 kB
Node 1 Bounce:                0 kB
Node 1 WritebackTmp:          0 kB
Node 1 KReclaimable:      19728 kB
Node 1 Slab:              46096 kB
Node 1 SReclaimable:      19728 kB
Node 1 SUnreclaim:        26368 kB
Node 1 AnonHugePages:         0 kB
Node 1 ShmemHugePages:        0 kB
Node 1 ShmemPmdMapped:        0 kB
Node 1 FileHugePages:        0 kB
Node 1 FilePmdMapped:        0 kB
Node 1 HugePages_Total:     0
Node 1 HugePages_Free:      0
Node 1 HugePages_Surp:      0

Load ZFS
Node 0 MemTotal:       24743736 kB
Node 0 MemFree:        24366192 kB
Node 0 MemUsed:          377544 kB
Node 0 Active:            38308 kB
Node 0 Inactive:          57208 kB
Node 0 Active(anon):      19424 kB
Node 0 Inactive(anon):      352 kB
Node 0 Active(file):      18884 kB
Node 0 Inactive(file):    56856 kB
Node 0 Unevictable:         332 kB
Node 0 Mlocked:             332 kB
Node 0 Dirty:                56 kB
Node 0 Writeback:             0 kB
Node 0 FilePages:         76636 kB
Node 0 Mapped:            33200 kB
Node 0 AnonPages:         18768 kB
Node 0 Shmem:               552 kB
Node 0 KernelStack:        2168 kB
Node 0 PageTables:          888 kB
Node 0 NFS_Unstable:          0 kB
Node 0 Bounce:                0 kB
Node 0 WritebackTmp:          0 kB
Node 0 KReclaimable:      22916 kB
Node 0 Slab:              63536 kB
Node 0 SReclaimable:      22916 kB
Node 0 SUnreclaim:        40620 kB
Node 0 AnonHugePages:         0 kB
Node 0 ShmemHugePages:        0 kB
Node 0 ShmemPmdMapped:        0 kB
Node 0 FileHugePages:        0 kB
Node 0 FilePmdMapped:        0 kB
Node 0 HugePages_Total:     0
Node 0 HugePages_Free:      0
Node 0 HugePages_Surp:      0

Node 1 MemTotal:       24686196 kB
Node 1 MemFree:        24377788 kB
Node 1 MemUsed:          308408 kB
Node 1 Active:            72764 kB
Node 1 Inactive:          87824 kB
Node 1 Active(anon):      20288 kB
Node 1 Inactive(anon):      512 kB
Node 1 Active(file):      52476 kB
Node 1 Inactive(file):    87312 kB
Node 1 Unevictable:       18188 kB
Node 1 Mlocked:           18188 kB
Node 1 Dirty:               228 kB
Node 1 Writeback:             0 kB
Node 1 FilePages:        148368 kB
Node 1 Mapped:            56456 kB
Node 1 AnonPages:         30468 kB
Node 1 Shmem:               716 kB
Node 1 KernelStack:        1544 kB
Node 1 PageTables:          816 kB
Node 1 NFS_Unstable:          0 kB
Node 1 Bounce:                0 kB
Node 1 WritebackTmp:          0 kB
Node 1 KReclaimable:      20176 kB
Node 1 Slab:              47720 kB
Node 1 SReclaimable:      20176 kB
Node 1 SUnreclaim:        27544 kB
Node 1 AnonHugePages:         0 kB
Node 1 ShmemHugePages:        0 kB
Node 1 ShmemPmdMapped:        0 kB
Node 1 FileHugePages:        0 kB
Node 1 FilePmdMapped:        0 kB
Node 1 HugePages_Total:     0
Node 1 HugePages_Free:      0
Node 1 HugePages_Surp:      0

Import tank ZPool
Node 0 MemTotal:       24743736 kB
Node 0 MemFree:        24362760 kB
Node 0 MemUsed:          380976 kB
Node 0 Active:            34372 kB
Node 0 Inactive:          58364 kB
Node 0 Active(anon):      15120 kB
Node 0 Inactive(anon):      356 kB
Node 0 Active(file):      19252 kB
Node 0 Inactive(file):    58008 kB
Node 0 Unevictable:         332 kB
Node 0 Mlocked:             332 kB
Node 0 Dirty:                84 kB
Node 0 Writeback:             0 kB
Node 0 FilePages:         78156 kB
Node 0 Mapped:            33472 kB
Node 0 AnonPages:         14944 kB
Node 0 Shmem:               552 kB
Node 0 KernelStack:        2104 kB
Node 0 PageTables:          556 kB
Node 0 NFS_Unstable:          0 kB
Node 0 Bounce:                0 kB
Node 0 WritebackTmp:          0 kB
Node 0 KReclaimable:      23064 kB
Node 0 Slab:              68880 kB
Node 0 SReclaimable:      23064 kB
Node 0 SUnreclaim:        45816 kB
Node 0 AnonHugePages:         0 kB
Node 0 ShmemHugePages:        0 kB
Node 0 ShmemPmdMapped:        0 kB
Node 0 FileHugePages:        0 kB
Node 0 FilePmdMapped:        0 kB
Node 0 HugePages_Total:     0
Node 0 HugePages_Free:      0
Node 0 HugePages_Surp:      0

Node 1 MemTotal:       24686196 kB
Node 1 MemFree:        24364380 kB
Node 1 MemUsed:          321816 kB
Node 1 Active:            70920 kB
Node 1 Inactive:          87864 kB
Node 1 Active(anon):      18296 kB
Node 1 Inactive(anon):      512 kB
Node 1 Active(file):      52624 kB
Node 1 Inactive(file):    87352 kB
Node 1 Unevictable:       18188 kB
Node 1 Mlocked:           18188 kB
Node 1 Dirty:               284 kB
Node 1 Writeback:             0 kB
Node 1 FilePages:        148576 kB
Node 1 Mapped:            56472 kB
Node 1 AnonPages:         28148 kB
Node 1 Shmem:               716 kB
Node 1 KernelStack:        2552 kB
Node 1 PageTables:          740 kB
Node 1 NFS_Unstable:          0 kB
Node 1 Bounce:                0 kB
Node 1 WritebackTmp:          0 kB
Node 1 KReclaimable:      20196 kB
Node 1 Slab:              50156 kB
Node 1 SReclaimable:      20196 kB
Node 1 SUnreclaim:        29960 kB
Node 1 AnonHugePages:         0 kB
Node 1 ShmemHugePages:        0 kB
Node 1 ShmemPmdMapped:        0 kB
Node 1 FileHugePages:        0 kB
Node 1 FilePmdMapped:        0 kB
Node 1 HugePages_Total:     0
Node 1 HugePages_Free:      0
Node 1 HugePages_Surp:      0

After Test
Node 0 MemTotal:       24743736 kB
Node 0 MemFree:        23634260 kB
Node 0 MemUsed:         1109476 kB
Node 0 Active:            35464 kB
Node 0 Inactive:          58060 kB
Node 0 Active(anon):      15596 kB
Node 0 Inactive(anon):      356 kB
Node 0 Active(file):      19868 kB
Node 0 Inactive(file):    57704 kB
Node 0 Unevictable:         332 kB
Node 0 Mlocked:             332 kB
Node 0 Dirty:               104 kB
Node 0 Writeback:             0 kB
Node 0 FilePages:         78488 kB
Node 0 Mapped:            33264 kB
Node 0 AnonPages:         15112 kB
Node 0 Shmem:               552 kB
Node 0 KernelStack:        2136 kB
Node 0 PageTables:          536 kB
Node 0 NFS_Unstable:          0 kB
Node 0 Bounce:                0 kB
Node 0 WritebackTmp:          0 kB
Node 0 KReclaimable:      23120 kB
Node 0 Slab:              73740 kB
Node 0 SReclaimable:      23120 kB
Node 0 SUnreclaim:        50620 kB
Node 0 AnonHugePages:         0 kB
Node 0 ShmemHugePages:        0 kB
Node 0 ShmemPmdMapped:        0 kB
Node 0 FileHugePages:        0 kB
Node 0 FilePmdMapped:        0 kB
Node 0 HugePages_Total:     0
Node 0 HugePages_Free:      0
Node 0 HugePages_Surp:      0

Node 1 MemTotal:       24686196 kB
Node 1 MemFree:        24033832 kB
Node 1 MemUsed:          652364 kB
Node 1 Active:            70276 kB
Node 1 Inactive:          87856 kB
Node 1 Active(anon):      17624 kB
Node 1 Inactive(anon):      512 kB
Node 1 Active(file):      52652 kB
Node 1 Inactive(file):    87344 kB
Node 1 Unevictable:       18188 kB
Node 1 Mlocked:           18188 kB
Node 1 Dirty:               188 kB
Node 1 Writeback:             0 kB
Node 1 FilePages:        148576 kB
Node 1 Mapped:            56236 kB
Node 1 AnonPages:         27752 kB
Node 1 Shmem:               716 kB
Node 1 KernelStack:        2536 kB
Node 1 PageTables:          724 kB
Node 1 NFS_Unstable:          0 kB
Node 1 Bounce:                0 kB
Node 1 WritebackTmp:          0 kB
Node 1 KReclaimable:      20196 kB
Node 1 Slab:              51388 kB
Node 1 SReclaimable:      20196 kB
Node 1 SUnreclaim:        31192 kB
Node 1 AnonHugePages:         0 kB
Node 1 ShmemHugePages:        0 kB
Node 1 ShmemPmdMapped:        0 kB
Node 1 FileHugePages:        0 kB
Node 1 FilePmdMapped:        0 kB
Node 1 HugePages_Total:     0
Node 1 HugePages_Free:      0
Node 1 HugePages_Surp:      0

After Opposite Node
Node 0 MemTotal:       24743736 kB
Node 0 MemFree:        23634244 kB
Node 0 MemUsed:         1109492 kB
Node 0 Active:            35204 kB
Node 0 Inactive:          57880 kB
Node 0 Active(anon):      15140 kB
Node 0 Inactive(anon):      356 kB
Node 0 Active(file):      20064 kB
Node 0 Inactive(file):    57524 kB
Node 0 Unevictable:         332 kB
Node 0 Mlocked:             332 kB
Node 0 Dirty:               120 kB
Node 0 Writeback:             0 kB
Node 0 FilePages:         78504 kB
Node 0 Mapped:            33228 kB
Node 0 AnonPages:         14988 kB
Node 0 Shmem:               552 kB
Node 0 KernelStack:        2120 kB
Node 0 PageTables:          528 kB
Node 0 NFS_Unstable:          0 kB
Node 0 Bounce:                0 kB
Node 0 WritebackTmp:          0 kB
Node 0 KReclaimable:      23128 kB
Node 0 Slab:              73776 kB
Node 0 SReclaimable:      23128 kB
Node 0 SUnreclaim:        50648 kB
Node 0 AnonHugePages:         0 kB
Node 0 ShmemHugePages:        0 kB
Node 0 ShmemPmdMapped:        0 kB
Node 0 FileHugePages:        0 kB
Node 0 FilePmdMapped:        0 kB
Node 0 HugePages_Total:     0
Node 0 HugePages_Free:      0
Node 0 HugePages_Surp:      0

Node 1 MemTotal:       24686196 kB
Node 1 MemFree:        24032476 kB
Node 1 MemUsed:          653720 kB
Node 1 Active:            70568 kB
Node 1 Inactive:          87856 kB
Node 1 Active(anon):      17916 kB
Node 1 Inactive(anon):      512 kB
Node 1 Active(file):      52652 kB
Node 1 Inactive(file):    87344 kB
Node 1 Unevictable:       18188 kB
Node 1 Mlocked:           18188 kB
Node 1 Dirty:               188 kB
Node 1 Writeback:             0 kB
Node 1 FilePages:        148576 kB
Node 1 Mapped:            56236 kB
Node 1 AnonPages:         28052 kB
Node 1 Shmem:               716 kB
Node 1 KernelStack:        2552 kB
Node 1 PageTables:          724 kB
Node 1 NFS_Unstable:          0 kB
Node 1 Bounce:                0 kB
Node 1 WritebackTmp:          0 kB
Node 1 KReclaimable:      20196 kB
Node 1 Slab:              51388 kB
Node 1 SReclaimable:      20196 kB
Node 1 SUnreclaim:        31192 kB
Node 1 AnonHugePages:         0 kB
Node 1 ShmemHugePages:        0 kB
Node 1 ShmemPmdMapped:        0 kB
Node 1 FileHugePages:        0 kB
Node 1 FilePmdMapped:        0 kB
Node 1 HugePages_Total:     0
Node 1 HugePages_Free:      0
Node 1 HugePages_Surp:      0

U.0.simpleread.500M.3.O.1M Complete!
