kernel.numa_balancing = 0
U.0.simpleread.250M.1.O.1M
Begin
Node 0 MemTotal:       24768352 kB
Node 0 MemFree:        24355580 kB
Node 0 MemUsed:          412772 kB
Node 0 Active:            58548 kB
Node 0 Inactive:          70552 kB
Node 0 Active(anon):      23004 kB
Node 0 Inactive(anon):      468 kB
Node 0 Active(file):      35544 kB
Node 0 Inactive(file):    70084 kB
Node 0 Unevictable:       18192 kB
Node 0 Mlocked:           18192 kB
Node 0 Dirty:               396 kB
Node 0 Writeback:             0 kB
Node 0 FilePages:        114192 kB
Node 0 Mapped:            28040 kB
Node 0 AnonPages:         33252 kB
Node 0 Shmem:               652 kB
Node 0 KernelStack:        1976 kB
Node 0 PageTables:          668 kB
Node 0 NFS_Unstable:          0 kB
Node 0 Bounce:                0 kB
Node 0 WritebackTmp:          0 kB
Node 0 KReclaimable:      21920 kB
Node 0 Slab:              53096 kB
Node 0 SReclaimable:      21920 kB
Node 0 SUnreclaim:        31176 kB
Node 0 AnonHugePages:         0 kB
Node 0 ShmemHugePages:        0 kB
Node 0 ShmemPmdMapped:        0 kB
Node 0 FileHugePages:        0 kB
Node 0 FilePmdMapped:        0 kB
Node 0 HugePages_Total:     0
Node 0 HugePages_Free:      0
Node 0 HugePages_Surp:      0

Node 1 MemTotal:       24661580 kB
Node 1 MemFree:        24406800 kB
Node 1 MemUsed:          254780 kB
Node 1 Active:            40196 kB
Node 1 Inactive:          78156 kB
Node 1 Active(anon):      10644 kB
Node 1 Inactive(anon):      400 kB
Node 1 Active(file):      29552 kB
Node 1 Inactive(file):    77756 kB
Node 1 Unevictable:         328 kB
Node 1 Mlocked:             328 kB
Node 1 Dirty:               160 kB
Node 1 Writeback:             0 kB
Node 1 FilePages:        108252 kB
Node 1 Mapped:            58628 kB
Node 1 AnonPages:         10428 kB
Node 1 Shmem:               616 kB
Node 1 KernelStack:        1688 kB
Node 1 PageTables:          640 kB
Node 1 NFS_Unstable:          0 kB
Node 1 Bounce:                0 kB
Node 1 WritebackTmp:          0 kB
Node 1 KReclaimable:      19520 kB
Node 1 Slab:              51156 kB
Node 1 SReclaimable:      19520 kB
Node 1 SUnreclaim:        31636 kB
Node 1 AnonHugePages:         0 kB
Node 1 ShmemHugePages:        0 kB
Node 1 ShmemPmdMapped:        0 kB
Node 1 FileHugePages:        0 kB
Node 1 FilePmdMapped:        0 kB
Node 1 HugePages_Total:     0
Node 1 HugePages_Free:      0
Node 1 HugePages_Surp:      0

Load ZFS
Node 0 MemTotal:       24768352 kB
Node 0 MemFree:        24346096 kB
Node 0 MemUsed:          422256 kB
Node 0 Active:            61280 kB
Node 0 Inactive:          70404 kB
Node 0 Active(anon):      24292 kB
Node 0 Inactive(anon):      468 kB
Node 0 Active(file):      36988 kB
Node 0 Inactive(file):    69936 kB
Node 0 Unevictable:       18192 kB
Node 0 Mlocked:           18192 kB
Node 0 Dirty:               396 kB
Node 0 Writeback:             0 kB
Node 0 FilePages:        115440 kB
Node 0 Mapped:            28252 kB
Node 0 AnonPages:         34356 kB
Node 0 Shmem:               652 kB
Node 0 KernelStack:        2008 kB
Node 0 PageTables:          740 kB
Node 0 NFS_Unstable:          0 kB
Node 0 Bounce:                0 kB
Node 0 WritebackTmp:          0 kB
Node 0 KReclaimable:      22248 kB
Node 0 Slab:              54716 kB
Node 0 SReclaimable:      22248 kB
Node 0 SUnreclaim:        32468 kB
Node 0 AnonHugePages:         0 kB
Node 0 ShmemHugePages:        0 kB
Node 0 ShmemPmdMapped:        0 kB
Node 0 FileHugePages:        0 kB
Node 0 FilePmdMapped:        0 kB
Node 0 HugePages_Total:     0
Node 0 HugePages_Free:      0
Node 0 HugePages_Surp:      0

Node 1 MemTotal:       24661580 kB
Node 1 MemFree:        24402844 kB
Node 1 MemUsed:          258736 kB
Node 1 Active:            49396 kB
Node 1 Inactive:          74296 kB
Node 1 Active(anon):      14712 kB
Node 1 Inactive(anon):      400 kB
Node 1 Active(file):      34684 kB
Node 1 Inactive(file):    73896 kB
Node 1 Unevictable:         328 kB
Node 1 Mlocked:             328 kB
Node 1 Dirty:               184 kB
Node 1 Writeback:             0 kB
Node 1 FilePages:        109524 kB
Node 1 Mapped:            58632 kB
Node 1 AnonPages:         14628 kB
Node 1 Shmem:               616 kB
Node 1 KernelStack:        1800 kB
Node 1 PageTables:         1036 kB
Node 1 NFS_Unstable:          0 kB
Node 1 Bounce:                0 kB
Node 1 WritebackTmp:          0 kB
Node 1 KReclaimable:      20056 kB
Node 1 Slab:              53040 kB
Node 1 SReclaimable:      20056 kB
Node 1 SUnreclaim:        32984 kB
Node 1 AnonHugePages:         0 kB
Node 1 ShmemHugePages:        0 kB
Node 1 ShmemPmdMapped:        0 kB
Node 1 FileHugePages:        0 kB
Node 1 FilePmdMapped:        0 kB
Node 1 HugePages_Total:     0
Node 1 HugePages_Free:      0
Node 1 HugePages_Surp:      0

Import tank ZPool
Node 0 MemTotal:       24768352 kB
Node 0 MemFree:        24348640 kB
Node 0 MemUsed:          419712 kB
Node 0 Active:            58904 kB
Node 0 Inactive:          70368 kB
Node 0 Active(anon):      21856 kB
Node 0 Inactive(anon):      468 kB
Node 0 Active(file):      37048 kB
Node 0 Inactive(file):    69900 kB
Node 0 Unevictable:       18192 kB
Node 0 Mlocked:           18192 kB
Node 0 Dirty:                72 kB
Node 0 Writeback:             0 kB
Node 0 FilePages:        115476 kB
Node 0 Mapped:            28332 kB
Node 0 AnonPages:         32000 kB
Node 0 Shmem:               648 kB
Node 0 KernelStack:        1992 kB
Node 0 PageTables:          580 kB
Node 0 NFS_Unstable:          0 kB
Node 0 Bounce:                0 kB
Node 0 WritebackTmp:          0 kB
Node 0 KReclaimable:      22248 kB
Node 0 Slab:              54676 kB
Node 0 SReclaimable:      22248 kB
Node 0 SUnreclaim:        32428 kB
Node 0 AnonHugePages:         0 kB
Node 0 ShmemHugePages:        0 kB
Node 0 ShmemPmdMapped:        0 kB
Node 0 FileHugePages:        0 kB
Node 0 FilePmdMapped:        0 kB
Node 0 HugePages_Total:     0
Node 0 HugePages_Free:      0
Node 0 HugePages_Surp:      0

Node 1 MemTotal:       24661580 kB
Node 1 MemFree:        24385140 kB
Node 1 MemUsed:          276440 kB
Node 1 Active:            46752 kB
Node 1 Inactive:          75532 kB
Node 1 Active(anon):      11580 kB
Node 1 Inactive(anon):      404 kB
Node 1 Active(file):      35172 kB
Node 1 Inactive(file):    75128 kB
Node 1 Unevictable:         328 kB
Node 1 Mlocked:             328 kB
Node 1 Dirty:               228 kB
Node 1 Writeback:             0 kB
Node 1 FilePages:        111268 kB
Node 1 Mapped:            58904 kB
Node 1 AnonPages:         11432 kB
Node 1 Shmem:               620 kB
Node 1 KernelStack:        2776 kB
Node 1 PageTables:          756 kB
Node 1 NFS_Unstable:          0 kB
Node 1 Bounce:                0 kB
Node 1 WritebackTmp:          0 kB
Node 1 KReclaimable:      20192 kB
Node 1 Slab:              59684 kB
Node 1 SReclaimable:      20192 kB
Node 1 SUnreclaim:        39492 kB
Node 1 AnonHugePages:         0 kB
Node 1 ShmemHugePages:        0 kB
Node 1 ShmemPmdMapped:        0 kB
Node 1 FileHugePages:        0 kB
Node 1 FilePmdMapped:        0 kB
Node 1 HugePages_Total:     0
Node 1 HugePages_Free:      0
Node 1 HugePages_Surp:      0

After Test
Node 0 MemTotal:       24768352 kB
Node 0 MemFree:        23951672 kB
Node 0 MemUsed:          816680 kB
Node 0 Active:            59444 kB
Node 0 Inactive:          70424 kB
Node 0 Active(anon):      22144 kB
Node 0 Inactive(anon):      468 kB
Node 0 Active(file):      37300 kB
Node 0 Inactive(file):    69956 kB
Node 0 Unevictable:       18192 kB
Node 0 Mlocked:           18192 kB
Node 0 Dirty:                72 kB
Node 0 Writeback:             0 kB
Node 0 FilePages:        115800 kB
Node 0 Mapped:            28048 kB
Node 0 AnonPages:         32048 kB
Node 0 Shmem:               648 kB
Node 0 KernelStack:        1976 kB
Node 0 PageTables:          628 kB
Node 0 NFS_Unstable:          0 kB
Node 0 Bounce:                0 kB
Node 0 WritebackTmp:          0 kB
Node 0 KReclaimable:      22320 kB
Node 0 Slab:              58268 kB
Node 0 SReclaimable:      22320 kB
Node 0 SUnreclaim:        35948 kB
Node 0 AnonHugePages:         0 kB
Node 0 ShmemHugePages:        0 kB
Node 0 ShmemPmdMapped:        0 kB
Node 0 FileHugePages:        0 kB
Node 0 FilePmdMapped:        0 kB
Node 0 HugePages_Total:     0
Node 0 HugePages_Free:      0
Node 0 HugePages_Surp:      0

Node 1 MemTotal:       24661580 kB
Node 1 MemFree:        24249444 kB
Node 1 MemUsed:          412136 kB
Node 1 Active:            47500 kB
Node 1 Inactive:          75164 kB
Node 1 Active(anon):      11940 kB
Node 1 Inactive(anon):      404 kB
Node 1 Active(file):      35560 kB
Node 1 Inactive(file):    74760 kB
Node 1 Unevictable:         328 kB
Node 1 Mlocked:             328 kB
Node 1 Dirty:               228 kB
Node 1 Writeback:             0 kB
Node 1 FilePages:        111268 kB
Node 1 Mapped:            58696 kB
Node 1 AnonPages:         11796 kB
Node 1 Shmem:               620 kB
Node 1 KernelStack:        2872 kB
Node 1 PageTables:          728 kB
Node 1 NFS_Unstable:          0 kB
Node 1 Bounce:                0 kB
Node 1 WritebackTmp:          0 kB
Node 1 KReclaimable:      20192 kB
Node 1 Slab:              59780 kB
Node 1 SReclaimable:      20192 kB
Node 1 SUnreclaim:        39588 kB
Node 1 AnonHugePages:         0 kB
Node 1 ShmemHugePages:        0 kB
Node 1 ShmemPmdMapped:        0 kB
Node 1 FileHugePages:        0 kB
Node 1 FilePmdMapped:        0 kB
Node 1 HugePages_Total:     0
Node 1 HugePages_Free:      0
Node 1 HugePages_Surp:      0

After Opposite Node
Node 0 MemTotal:       24768352 kB
Node 0 MemFree:        23951892 kB
Node 0 MemUsed:          816460 kB
Node 0 Active:            59464 kB
Node 0 Inactive:          70368 kB
Node 0 Active(anon):      22060 kB
Node 0 Inactive(anon):      468 kB
Node 0 Active(file):      37404 kB
Node 0 Inactive(file):    69900 kB
Node 0 Unevictable:       18192 kB
Node 0 Mlocked:           18192 kB
Node 0 Dirty:                88 kB
Node 0 Writeback:             0 kB
Node 0 FilePages:        115816 kB
Node 0 Mapped:            28052 kB
Node 0 AnonPages:         32220 kB
Node 0 Shmem:               648 kB
Node 0 KernelStack:        1976 kB
Node 0 PageTables:          580 kB
Node 0 NFS_Unstable:          0 kB
Node 0 Bounce:                0 kB
Node 0 WritebackTmp:          0 kB
Node 0 KReclaimable:      22320 kB
Node 0 Slab:              58292 kB
Node 0 SReclaimable:      22320 kB
Node 0 SUnreclaim:        35972 kB
Node 0 AnonHugePages:         0 kB
Node 0 ShmemHugePages:        0 kB
Node 0 ShmemPmdMapped:        0 kB
Node 0 FileHugePages:        0 kB
Node 0 FilePmdMapped:        0 kB
Node 0 HugePages_Total:     0
Node 0 HugePages_Free:      0
Node 0 HugePages_Surp:      0

Node 1 MemTotal:       24661580 kB
Node 1 MemFree:        24248048 kB
Node 1 MemUsed:          413532 kB
Node 1 Active:            47824 kB
Node 1 Inactive:          74968 kB
Node 1 Active(anon):      12060 kB
Node 1 Inactive(anon):      404 kB
Node 1 Active(file):      35764 kB
Node 1 Inactive(file):    74564 kB
Node 1 Unevictable:         328 kB
Node 1 Mlocked:             328 kB
Node 1 Dirty:               232 kB
Node 1 Writeback:             0 kB
Node 1 FilePages:        111276 kB
Node 1 Mapped:            58912 kB
Node 1 AnonPages:         11644 kB
Node 1 Shmem:               620 kB
Node 1 KernelStack:        2812 kB
Node 1 PageTables:          880 kB
Node 1 NFS_Unstable:          0 kB
Node 1 Bounce:                0 kB
Node 1 WritebackTmp:          0 kB
Node 1 KReclaimable:      20224 kB
Node 1 Slab:              59896 kB
Node 1 SReclaimable:      20224 kB
Node 1 SUnreclaim:        39672 kB
Node 1 AnonHugePages:         0 kB
Node 1 ShmemHugePages:        0 kB
Node 1 ShmemPmdMapped:        0 kB
Node 1 FileHugePages:        0 kB
Node 1 FilePmdMapped:        0 kB
Node 1 HugePages_Total:     0
Node 1 HugePages_Free:      0
Node 1 HugePages_Surp:      0

U.0.simpleread.250M.1.O.1M Complete!
