kernel.numa_balancing = 0
B.1.fio.2-1G.1.O
Begin
Node 0 MemTotal:       24743736 kB
Node 0 MemFree:        24405092 kB
Node 0 MemUsed:          338644 kB
Node 0 Active:            45276 kB
Node 0 Inactive:          21244 kB
Node 0 Active(anon):       8464 kB
Node 0 Inactive(anon):      488 kB
Node 0 Active(file):      36812 kB
Node 0 Inactive(file):    20756 kB
Node 0 Unevictable:       13656 kB
Node 0 Mlocked:           13656 kB
Node 0 Dirty:               284 kB
Node 0 Writeback:             0 kB
Node 0 FilePages:         61576 kB
Node 0 Mapped:            15256 kB
Node 0 AnonPages:         18732 kB
Node 0 Shmem:               676 kB
Node 0 KernelStack:        1928 kB
Node 0 PageTables:          396 kB
Node 0 NFS_Unstable:          0 kB
Node 0 Bounce:                0 kB
Node 0 WritebackTmp:          0 kB
Node 0 KReclaimable:      17824 kB
Node 0 Slab:              42536 kB
Node 0 SReclaimable:      17824 kB
Node 0 SUnreclaim:        24712 kB
Node 0 AnonHugePages:         0 kB
Node 0 ShmemHugePages:        0 kB
Node 0 ShmemPmdMapped:        0 kB
Node 0 FileHugePages:        0 kB
Node 0 FilePmdMapped:        0 kB
Node 0 HugePages_Total:     0
Node 0 HugePages_Free:      0
Node 0 HugePages_Surp:      0

Node 1 MemTotal:       24686196 kB
Node 1 MemFree:        24414724 kB
Node 1 MemUsed:          271472 kB
Node 1 Active:            51672 kB
Node 1 Inactive:          66852 kB
Node 1 Active(anon):      25836 kB
Node 1 Inactive(anon):      400 kB
Node 1 Active(file):      25836 kB
Node 1 Inactive(file):    66452 kB
Node 1 Unevictable:        4864 kB
Node 1 Mlocked:            4864 kB
Node 1 Dirty:               236 kB
Node 1 Writeback:             0 kB
Node 1 FilePages:         97780 kB
Node 1 Mapped:            27700 kB
Node 1 AnonPages:         25704 kB
Node 1 Shmem:               592 kB
Node 1 KernelStack:        1736 kB
Node 1 PageTables:          744 kB
Node 1 NFS_Unstable:          0 kB
Node 1 Bounce:                0 kB
Node 1 WritebackTmp:          0 kB
Node 1 KReclaimable:      24164 kB
Node 1 Slab:              63312 kB
Node 1 SReclaimable:      24164 kB
Node 1 SUnreclaim:        39148 kB
Node 1 AnonHugePages:         0 kB
Node 1 ShmemHugePages:        0 kB
Node 1 ShmemPmdMapped:        0 kB
Node 1 FileHugePages:        0 kB
Node 1 FilePmdMapped:        0 kB
Node 1 HugePages_Total:     0
Node 1 HugePages_Free:      0
Node 1 HugePages_Surp:      0

Load ZFS
Node 0 MemTotal:       24743736 kB
Node 0 MemFree:        24503324 kB
Node 0 MemUsed:          240412 kB
Node 0 Active:            60696 kB
Node 0 Inactive:          37588 kB
Node 0 Active(anon):      22920 kB
Node 0 Inactive(anon):      588 kB
Node 0 Active(file):      37776 kB
Node 0 Inactive(file):    37000 kB
Node 0 Unevictable:       13888 kB
Node 0 Mlocked:           13888 kB
Node 0 Dirty:                40 kB
Node 0 Writeback:             0 kB
Node 0 FilePages:         78868 kB
Node 0 Mapped:            17704 kB
Node 0 AnonPages:         33316 kB
Node 0 Shmem:               760 kB
Node 0 KernelStack:        2328 kB
Node 0 PageTables:         1580 kB
Node 0 NFS_Unstable:          0 kB
Node 0 Bounce:                0 kB
Node 0 WritebackTmp:          0 kB
Node 0 KReclaimable:      18556 kB
Node 0 Slab:              45536 kB
Node 0 SReclaimable:      18556 kB
Node 0 SUnreclaim:        26980 kB
Node 0 AnonHugePages:         0 kB
Node 0 ShmemHugePages:        0 kB
Node 0 ShmemPmdMapped:        0 kB
Node 0 FileHugePages:        0 kB
Node 0 FilePmdMapped:        0 kB
Node 0 HugePages_Total:     0
Node 0 HugePages_Free:      0
Node 0 HugePages_Surp:      0

Node 1 MemTotal:       24686196 kB
Node 1 MemFree:        24175304 kB
Node 1 MemUsed:          510892 kB
Node 1 Active:            61944 kB
Node 1 Inactive:         153952 kB
Node 1 Active(anon):      34608 kB
Node 1 Inactive(anon):      352 kB
Node 1 Active(file):      27336 kB
Node 1 Inactive(file):   153600 kB
Node 1 Unevictable:        4864 kB
Node 1 Mlocked:            4864 kB
Node 1 Dirty:               468 kB
Node 1 Writeback:             0 kB
Node 1 FilePages:        186304 kB
Node 1 Mapped:            29384 kB
Node 1 AnonPages:         34320 kB
Node 1 Shmem:               508 kB
Node 1 KernelStack:        1868 kB
Node 1 PageTables:         1488 kB
Node 1 NFS_Unstable:          0 kB
Node 1 Bounce:                0 kB
Node 1 WritebackTmp:          0 kB
Node 1 KReclaimable:      25148 kB
Node 1 Slab:              67504 kB
Node 1 SReclaimable:      25148 kB
Node 1 SUnreclaim:        42356 kB
Node 1 AnonHugePages:         0 kB
Node 1 ShmemHugePages:        0 kB
Node 1 ShmemPmdMapped:        0 kB
Node 1 FileHugePages:        0 kB
Node 1 FilePmdMapped:        0 kB
Node 1 HugePages_Total:     0
Node 1 HugePages_Free:      0
Node 1 HugePages_Surp:      0

Import tank ZPool
Node 0 MemTotal:       24743736 kB
Node 0 MemFree:        24504340 kB
Node 0 MemUsed:          239396 kB
Node 0 Active:            60648 kB
Node 0 Inactive:          37584 kB
Node 0 Active(anon):      22872 kB
Node 0 Inactive(anon):      584 kB
Node 0 Active(file):      37776 kB
Node 0 Inactive(file):    37000 kB
Node 0 Unevictable:       13888 kB
Node 0 Mlocked:           13888 kB
Node 0 Dirty:                52 kB
Node 0 Writeback:             0 kB
Node 0 FilePages:         78864 kB
Node 0 Mapped:            17480 kB
Node 0 AnonPages:         33256 kB
Node 0 Shmem:               756 kB
Node 0 KernelStack:        2296 kB
Node 0 PageTables:         1560 kB
Node 0 NFS_Unstable:          0 kB
Node 0 Bounce:                0 kB
Node 0 WritebackTmp:          0 kB
Node 0 KReclaimable:      18556 kB
Node 0 Slab:              45544 kB
Node 0 SReclaimable:      18556 kB
Node 0 SUnreclaim:        26988 kB
Node 0 AnonHugePages:         0 kB
Node 0 ShmemHugePages:        0 kB
Node 0 ShmemPmdMapped:        0 kB
Node 0 FileHugePages:        0 kB
Node 0 FilePmdMapped:        0 kB
Node 0 HugePages_Total:     0
Node 0 HugePages_Free:      0
Node 0 HugePages_Surp:      0

Node 1 MemTotal:       24686196 kB
Node 1 MemFree:        24159852 kB
Node 1 MemUsed:          526344 kB
Node 1 Active:            62340 kB
Node 1 Inactive:         155196 kB
Node 1 Active(anon):      34732 kB
Node 1 Inactive(anon):      364 kB
Node 1 Active(file):      27608 kB
Node 1 Inactive(file):   154832 kB
Node 1 Unevictable:        4864 kB
Node 1 Mlocked:            4864 kB
Node 1 Dirty:               544 kB
Node 1 Writeback:             0 kB
Node 1 FilePages:        187840 kB
Node 1 Mapped:            29452 kB
Node 1 AnonPages:         34220 kB
Node 1 Shmem:               512 kB
Node 1 KernelStack:        2968 kB
Node 1 PageTables:         1284 kB
Node 1 NFS_Unstable:          0 kB
Node 1 Bounce:                0 kB
Node 1 WritebackTmp:          0 kB
Node 1 KReclaimable:      25272 kB
Node 1 Slab:              73300 kB
Node 1 SReclaimable:      25272 kB
Node 1 SUnreclaim:        48028 kB
Node 1 AnonHugePages:         0 kB
Node 1 ShmemHugePages:        0 kB
Node 1 ShmemPmdMapped:        0 kB
Node 1 FileHugePages:        0 kB
Node 1 FilePmdMapped:        0 kB
Node 1 HugePages_Total:     0
Node 1 HugePages_Free:      0
Node 1 HugePages_Surp:      0

After Test
Node 0 MemTotal:       24743736 kB
Node 0 MemFree:        24389600 kB
Node 0 MemUsed:          354136 kB
Node 0 Active:            44780 kB
Node 0 Inactive:          37280 kB
Node 0 Active(anon):       6704 kB
Node 0 Inactive(anon):      580 kB
Node 0 Active(file):      38076 kB
Node 0 Inactive(file):    36700 kB
Node 0 Unevictable:       13888 kB
Node 0 Mlocked:           13888 kB
Node 0 Dirty:                32 kB
Node 0 Writeback:             0 kB
Node 0 FilePages:         78864 kB
Node 0 Mapped:            15272 kB
Node 0 AnonPages:         17084 kB
Node 0 Shmem:               756 kB
Node 0 KernelStack:        1928 kB
Node 0 PageTables:          284 kB
Node 0 NFS_Unstable:          0 kB
Node 0 Bounce:                0 kB
Node 0 WritebackTmp:          0 kB
Node 0 KReclaimable:      18560 kB
Node 0 Slab:              45436 kB
Node 0 SReclaimable:      18560 kB
Node 0 SUnreclaim:        26876 kB
Node 0 AnonHugePages:         0 kB
Node 0 ShmemHugePages:        0 kB
Node 0 ShmemPmdMapped:        0 kB
Node 0 FileHugePages:        0 kB
Node 0 FilePmdMapped:        0 kB
Node 0 HugePages_Total:     0
Node 0 HugePages_Free:      0
Node 0 HugePages_Surp:      0

Node 1 MemTotal:       24686196 kB
Node 1 MemFree:        22423572 kB
Node 1 MemUsed:         2262624 kB
Node 1 Active:            55520 kB
Node 1 Inactive:         155800 kB
Node 1 Active(anon):      26484 kB
Node 1 Inactive(anon):      384 kB
Node 1 Active(file):      29036 kB
Node 1 Inactive(file):   155416 kB
Node 1 Unevictable:        4864 kB
Node 1 Mlocked:            4864 kB
Node 1 Dirty:               356 kB
Node 1 Writeback:             0 kB
Node 1 FilePages:        189868 kB
Node 1 Mapped:            27956 kB
Node 1 AnonPages:         26232 kB
Node 1 Shmem:               556 kB
Node 1 KernelStack:        2824 kB
Node 1 PageTables:          860 kB
Node 1 NFS_Unstable:          0 kB
Node 1 Bounce:                0 kB
Node 1 WritebackTmp:          0 kB
Node 1 KReclaimable:      26540 kB
Node 1 Slab:              84528 kB
Node 1 SReclaimable:      26540 kB
Node 1 SUnreclaim:        57988 kB
Node 1 AnonHugePages:         0 kB
Node 1 ShmemHugePages:        0 kB
Node 1 ShmemPmdMapped:        0 kB
Node 1 FileHugePages:        0 kB
Node 1 FilePmdMapped:        0 kB
Node 1 HugePages_Total:     0
Node 1 HugePages_Free:      0
Node 1 HugePages_Surp:      0

After Opposite Node
Node 0 MemTotal:       24743736 kB
Node 0 MemFree:        24390436 kB
Node 0 MemUsed:          353300 kB
Node 0 Active:            45008 kB
Node 0 Inactive:          37332 kB
Node 0 Active(anon):       6924 kB
Node 0 Inactive(anon):      624 kB
Node 0 Active(file):      38084 kB
Node 0 Inactive(file):    36708 kB
Node 0 Unevictable:       13888 kB
Node 0 Mlocked:           13888 kB
Node 0 Dirty:                40 kB
Node 0 Writeback:             0 kB
Node 0 FilePages:         78924 kB
Node 0 Mapped:            15316 kB
Node 0 AnonPages:         17164 kB
Node 0 Shmem:               800 kB
Node 0 KernelStack:        1832 kB
Node 0 PageTables:          456 kB
Node 0 NFS_Unstable:          0 kB
Node 0 Bounce:                0 kB
Node 0 WritebackTmp:          0 kB
Node 0 KReclaimable:      18624 kB
Node 0 Slab:              45680 kB
Node 0 SReclaimable:      18624 kB
Node 0 SUnreclaim:        27056 kB
Node 0 AnonHugePages:         0 kB
Node 0 ShmemHugePages:        0 kB
Node 0 ShmemPmdMapped:        0 kB
Node 0 FileHugePages:        0 kB
Node 0 FilePmdMapped:        0 kB
Node 0 HugePages_Total:     0
Node 0 HugePages_Free:      0
Node 0 HugePages_Surp:      0

Node 1 MemTotal:       24686196 kB
Node 1 MemFree:        22424472 kB
Node 1 MemUsed:         2261724 kB
Node 1 Active:            55696 kB
Node 1 Inactive:         155596 kB
Node 1 Active(anon):      26332 kB
Node 1 Inactive(anon):      360 kB
Node 1 Active(file):      29364 kB
Node 1 Inactive(file):   155236 kB
Node 1 Unevictable:        4864 kB
Node 1 Mlocked:            4864 kB
Node 1 Dirty:               372 kB
Node 1 Writeback:             0 kB
Node 1 FilePages:        189972 kB
Node 1 Mapped:            27896 kB
Node 1 AnonPages:         26180 kB
Node 1 Shmem:               512 kB
Node 1 KernelStack:        2808 kB
Node 1 PageTables:          744 kB
Node 1 NFS_Unstable:          0 kB
Node 1 Bounce:                0 kB
Node 1 WritebackTmp:          0 kB
Node 1 KReclaimable:      26560 kB
Node 1 Slab:              84644 kB
Node 1 SReclaimable:      26560 kB
Node 1 SUnreclaim:        58084 kB
Node 1 AnonHugePages:         0 kB
Node 1 ShmemHugePages:        0 kB
Node 1 ShmemPmdMapped:        0 kB
Node 1 FileHugePages:        0 kB
Node 1 FilePmdMapped:        0 kB
Node 1 HugePages_Total:     0
Node 1 HugePages_Free:      0
Node 1 HugePages_Surp:      0

B.1.fio.2-1G.1.O Complete!
