kernel.numa_balancing = 0
B.1.fio.2G.3.O
Begin
Node 0 MemTotal:       24743736 kB
Node 0 MemFree:        24345868 kB
Node 0 MemUsed:          397868 kB
Node 0 Active:            63488 kB
Node 0 Inactive:          57548 kB
Node 0 Active(anon):      18680 kB
Node 0 Inactive(anon):      400 kB
Node 0 Active(file):      44808 kB
Node 0 Inactive(file):    57148 kB
Node 0 Unevictable:       17992 kB
Node 0 Mlocked:           17992 kB
Node 0 Dirty:               128 kB
Node 0 Writeback:             0 kB
Node 0 FilePages:        110600 kB
Node 0 Mapped:            24260 kB
Node 0 AnonPages:         28860 kB
Node 0 Shmem:               548 kB
Node 0 KernelStack:        2040 kB
Node 0 PageTables:          464 kB
Node 0 NFS_Unstable:          0 kB
Node 0 Bounce:                0 kB
Node 0 WritebackTmp:          0 kB
Node 0 KReclaimable:      15508 kB
Node 0 Slab:              45952 kB
Node 0 SReclaimable:      15508 kB
Node 0 SUnreclaim:        30444 kB
Node 0 AnonHugePages:         0 kB
Node 0 ShmemHugePages:        0 kB
Node 0 ShmemPmdMapped:        0 kB
Node 0 FileHugePages:        0 kB
Node 0 FilePmdMapped:        0 kB
Node 0 HugePages_Total:     0
Node 0 HugePages_Free:      0
Node 0 HugePages_Surp:      0

Node 1 MemTotal:       24686196 kB
Node 1 MemFree:        24429896 kB
Node 1 MemUsed:          256300 kB
Node 1 Active:            34176 kB
Node 1 Inactive:          71936 kB
Node 1 Active(anon):      15404 kB
Node 1 Inactive(anon):      480 kB
Node 1 Active(file):      18772 kB
Node 1 Inactive(file):    71456 kB
Node 1 Unevictable:         532 kB
Node 1 Mlocked:             532 kB
Node 1 Dirty:               292 kB
Node 1 Writeback:             0 kB
Node 1 FilePages:         91496 kB
Node 1 Mapped:            51880 kB
Node 1 AnonPages:         15168 kB
Node 1 Shmem:               720 kB
Node 1 KernelStack:        1576 kB
Node 1 PageTables:          680 kB
Node 1 NFS_Unstable:          0 kB
Node 1 Bounce:                0 kB
Node 1 WritebackTmp:          0 kB
Node 1 KReclaimable:      26180 kB
Node 1 Slab:              60328 kB
Node 1 SReclaimable:      26180 kB
Node 1 SUnreclaim:        34148 kB
Node 1 AnonHugePages:         0 kB
Node 1 ShmemHugePages:        0 kB
Node 1 ShmemPmdMapped:        0 kB
Node 1 FileHugePages:        0 kB
Node 1 FilePmdMapped:        0 kB
Node 1 HugePages_Total:     0
Node 1 HugePages_Free:      0
Node 1 HugePages_Surp:      0

Load ZFS
Node 0 MemTotal:       24743736 kB
Node 0 MemFree:        24379220 kB
Node 0 MemUsed:          364516 kB
Node 0 Active:            80780 kB
Node 0 Inactive:          64744 kB
Node 0 Active(anon):      34452 kB
Node 0 Inactive(anon):      540 kB
Node 0 Active(file):      46328 kB
Node 0 Inactive(file):    64204 kB
Node 0 Unevictable:       18188 kB
Node 0 Mlocked:           18188 kB
Node 0 Dirty:               176 kB
Node 0 Writeback:             0 kB
Node 0 FilePages:        118920 kB
Node 0 Mapped:            26692 kB
Node 0 AnonPages:         44712 kB
Node 0 Shmem:               728 kB
Node 0 KernelStack:        2564 kB
Node 0 PageTables:         1832 kB
Node 0 NFS_Unstable:          0 kB
Node 0 Bounce:                0 kB
Node 0 WritebackTmp:          0 kB
Node 0 KReclaimable:      16516 kB
Node 0 Slab:              49328 kB
Node 0 SReclaimable:      16516 kB
Node 0 SUnreclaim:        32812 kB
Node 0 AnonHugePages:         0 kB
Node 0 ShmemHugePages:        0 kB
Node 0 ShmemPmdMapped:        0 kB
Node 0 FileHugePages:        0 kB
Node 0 FilePmdMapped:        0 kB
Node 0 HugePages_Total:     0
Node 0 HugePages_Free:      0
Node 0 HugePages_Surp:      0

Node 1 MemTotal:       24686196 kB
Node 1 MemFree:        24253064 kB
Node 1 MemUsed:          433132 kB
Node 1 Active:            44496 kB
Node 1 Inactive:         168180 kB
Node 1 Active(anon):      24540 kB
Node 1 Inactive(anon):      396 kB
Node 1 Active(file):      19956 kB
Node 1 Inactive(file):   167784 kB
Node 1 Unevictable:         532 kB
Node 1 Mlocked:             532 kB
Node 1 Dirty:               388 kB
Node 1 Writeback:             0 kB
Node 1 FilePages:        189100 kB
Node 1 Mapped:            54604 kB
Node 1 AnonPages:         24360 kB
Node 1 Shmem:               540 kB
Node 1 KernelStack:        1656 kB
Node 1 PageTables:          952 kB
Node 1 NFS_Unstable:          0 kB
Node 1 Bounce:                0 kB
Node 1 WritebackTmp:          0 kB
Node 1 KReclaimable:      27252 kB
Node 1 Slab:              65028 kB
Node 1 SReclaimable:      27252 kB
Node 1 SUnreclaim:        37776 kB
Node 1 AnonHugePages:         0 kB
Node 1 ShmemHugePages:        0 kB
Node 1 ShmemPmdMapped:        0 kB
Node 1 FileHugePages:        0 kB
Node 1 FilePmdMapped:        0 kB
Node 1 HugePages_Total:     0
Node 1 HugePages_Free:      0
Node 1 HugePages_Surp:      0

Import tank ZPool
Node 0 MemTotal:       24743736 kB
Node 0 MemFree:        24394948 kB
Node 0 MemUsed:          348788 kB
Node 0 Active:            64504 kB
Node 0 Inactive:          64680 kB
Node 0 Active(anon):      18112 kB
Node 0 Inactive(anon):      540 kB
Node 0 Active(file):      46392 kB
Node 0 Inactive(file):    64140 kB
Node 0 Unevictable:       18220 kB
Node 0 Mlocked:           18220 kB
Node 0 Dirty:                72 kB
Node 0 Writeback:             0 kB
Node 0 FilePages:        118908 kB
Node 0 Mapped:            24624 kB
Node 0 AnonPages:         28504 kB
Node 0 Shmem:               716 kB
Node 0 KernelStack:        3176 kB
Node 0 PageTables:          768 kB
Node 0 NFS_Unstable:          0 kB
Node 0 Bounce:                0 kB
Node 0 WritebackTmp:          0 kB
Node 0 KReclaimable:      16524 kB
Node 0 Slab:              51336 kB
Node 0 SReclaimable:      16524 kB
Node 0 SUnreclaim:        34812 kB
Node 0 AnonHugePages:         0 kB
Node 0 ShmemHugePages:        0 kB
Node 0 ShmemPmdMapped:        0 kB
Node 0 FileHugePages:        0 kB
Node 0 FilePmdMapped:        0 kB
Node 0 HugePages_Total:     0
Node 0 HugePages_Free:      0
Node 0 HugePages_Surp:      0

Node 1 MemTotal:       24686196 kB
Node 1 MemFree:        24241016 kB
Node 1 MemUsed:          445180 kB
Node 1 Active:            37364 kB
Node 1 Inactive:         168976 kB
Node 1 Active(anon):      16504 kB
Node 1 Inactive(anon):      408 kB
Node 1 Active(file):      20860 kB
Node 1 Inactive(file):   168568 kB
Node 1 Unevictable:         532 kB
Node 1 Mlocked:             532 kB
Node 1 Dirty:               488 kB
Node 1 Writeback:             8 kB
Node 1 FilePages:        190548 kB
Node 1 Mapped:            52112 kB
Node 1 AnonPages:         15968 kB
Node 1 Shmem:               552 kB
Node 1 KernelStack:        1688 kB
Node 1 PageTables:          920 kB
Node 1 NFS_Unstable:          0 kB
Node 1 Bounce:                0 kB
Node 1 WritebackTmp:          0 kB
Node 1 KReclaimable:      27384 kB
Node 1 Slab:              70056 kB
Node 1 SReclaimable:      27384 kB
Node 1 SUnreclaim:        42672 kB
Node 1 AnonHugePages:         0 kB
Node 1 ShmemHugePages:        0 kB
Node 1 ShmemPmdMapped:        0 kB
Node 1 FileHugePages:        0 kB
Node 1 FilePmdMapped:        0 kB
Node 1 HugePages_Total:     0
Node 1 HugePages_Free:      0
Node 1 HugePages_Surp:      0

After Test
Node 0 MemTotal:       24743736 kB
Node 0 MemFree:        23750656 kB
Node 0 MemUsed:          993080 kB
Node 0 Active:            63752 kB
Node 0 Inactive:          64676 kB
Node 0 Active(anon):      17340 kB
Node 0 Inactive(anon):      536 kB
Node 0 Active(file):      46412 kB
Node 0 Inactive(file):    64140 kB
Node 0 Unevictable:       18220 kB
Node 0 Mlocked:           18220 kB
Node 0 Dirty:                 8 kB
Node 0 Writeback:             0 kB
Node 0 FilePages:        118928 kB
Node 0 Mapped:            24272 kB
Node 0 AnonPages:         27716 kB
Node 0 Shmem:               716 kB
Node 0 KernelStack:        3032 kB
Node 0 PageTables:          484 kB
Node 0 NFS_Unstable:          0 kB
Node 0 Bounce:                0 kB
Node 0 WritebackTmp:          0 kB
Node 0 KReclaimable:      16672 kB
Node 0 Slab:              53956 kB
Node 0 SReclaimable:      16672 kB
Node 0 SUnreclaim:        37284 kB
Node 0 AnonHugePages:         0 kB
Node 0 ShmemHugePages:        0 kB
Node 0 ShmemPmdMapped:        0 kB
Node 0 FileHugePages:        0 kB
Node 0 FilePmdMapped:        0 kB
Node 0 HugePages_Total:     0
Node 0 HugePages_Free:      0
Node 0 HugePages_Surp:      0

Node 1 MemTotal:       24686196 kB
Node 1 MemFree:        21957100 kB
Node 1 MemUsed:         2729096 kB
Node 1 Active:            38100 kB
Node 1 Inactive:         169744 kB
Node 1 Active(anon):      16076 kB
Node 1 Inactive(anon):      448 kB
Node 1 Active(file):      22024 kB
Node 1 Inactive(file):   169296 kB
Node 1 Unevictable:         532 kB
Node 1 Mlocked:             532 kB
Node 1 Dirty:                36 kB
Node 1 Writeback:             0 kB
Node 1 FilePages:        192448 kB
Node 1 Mapped:            52236 kB
Node 1 AnonPages:         15844 kB
Node 1 Shmem:               596 kB
Node 1 KernelStack:        1624 kB
Node 1 PageTables:          852 kB
Node 1 NFS_Unstable:          0 kB
Node 1 Bounce:                0 kB
Node 1 WritebackTmp:          0 kB
Node 1 KReclaimable:      28676 kB
Node 1 Slab:              82292 kB
Node 1 SReclaimable:      28676 kB
Node 1 SUnreclaim:        53616 kB
Node 1 AnonHugePages:         0 kB
Node 1 ShmemHugePages:        0 kB
Node 1 ShmemPmdMapped:        0 kB
Node 1 FileHugePages:        0 kB
Node 1 FilePmdMapped:        0 kB
Node 1 HugePages_Total:     0
Node 1 HugePages_Free:      0
Node 1 HugePages_Surp:      0

After Opposite Node
Node 0 MemTotal:       24743736 kB
Node 0 MemFree:        23750440 kB
Node 0 MemUsed:          993296 kB
Node 0 Active:            64024 kB
Node 0 Inactive:          64728 kB
Node 0 Active(anon):      17596 kB
Node 0 Inactive(anon):      580 kB
Node 0 Active(file):      46428 kB
Node 0 Inactive(file):    64148 kB
Node 0 Unevictable:       18220 kB
Node 0 Mlocked:           18220 kB
Node 0 Dirty:                 8 kB
Node 0 Writeback:             0 kB
Node 0 FilePages:        118996 kB
Node 0 Mapped:            24316 kB
Node 0 AnonPages:         27840 kB
Node 0 Shmem:               760 kB
Node 0 KernelStack:        3064 kB
Node 0 PageTables:          668 kB
Node 0 NFS_Unstable:          0 kB
Node 0 Bounce:                0 kB
Node 0 WritebackTmp:          0 kB
Node 0 KReclaimable:      16704 kB
Node 0 Slab:              54140 kB
Node 0 SReclaimable:      16704 kB
Node 0 SUnreclaim:        37436 kB
Node 0 AnonHugePages:         0 kB
Node 0 ShmemHugePages:        0 kB
Node 0 ShmemPmdMapped:        0 kB
Node 0 FileHugePages:        0 kB
Node 0 FilePmdMapped:        0 kB
Node 0 HugePages_Total:     0
Node 0 HugePages_Free:      0
Node 0 HugePages_Surp:      0

Node 1 MemTotal:       24686196 kB
Node 1 MemFree:        21958904 kB
Node 1 MemUsed:         2727292 kB
Node 1 Active:            38208 kB
Node 1 Inactive:         169528 kB
Node 1 Active(anon):      15864 kB
Node 1 Inactive(anon):      404 kB
Node 1 Active(file):      22344 kB
Node 1 Inactive(file):   169124 kB
Node 1 Unevictable:         532 kB
Node 1 Mlocked:             532 kB
Node 1 Dirty:                28 kB
Node 1 Writeback:             0 kB
Node 1 FilePages:        192552 kB
Node 1 Mapped:            52212 kB
Node 1 AnonPages:         15716 kB
Node 1 Shmem:               552 kB
Node 1 KernelStack:        1592 kB
Node 1 PageTables:          680 kB
Node 1 NFS_Unstable:          0 kB
Node 1 Bounce:                0 kB
Node 1 WritebackTmp:          0 kB
Node 1 KReclaimable:      28680 kB
Node 1 Slab:              82224 kB
Node 1 SReclaimable:      28680 kB
Node 1 SUnreclaim:        53544 kB
Node 1 AnonHugePages:         0 kB
Node 1 ShmemHugePages:        0 kB
Node 1 ShmemPmdMapped:        0 kB
Node 1 FileHugePages:        0 kB
Node 1 FilePmdMapped:        0 kB
Node 1 HugePages_Total:     0
Node 1 HugePages_Free:      0
Node 1 HugePages_Surp:      0

B.1.fio.2G.3.O Complete!
