kernel.numa_balancing = 0
B.1.fio.2G.1.O
Begin
Node 0 MemTotal:       24743736 kB
Node 0 MemFree:        24412532 kB
Node 0 MemUsed:          331204 kB
Node 0 Active:            39720 kB
Node 0 Inactive:          17340 kB
Node 0 Active(anon):      12484 kB
Node 0 Inactive(anon):      324 kB
Node 0 Active(file):      27236 kB
Node 0 Inactive(file):    17016 kB
Node 0 Unevictable:        4684 kB
Node 0 Mlocked:            4684 kB
Node 0 Dirty:                24 kB
Node 0 Writeback:             0 kB
Node 0 FilePages:         49452 kB
Node 0 Mapped:            17580 kB
Node 0 AnonPages:         12428 kB
Node 0 Shmem:               472 kB
Node 0 KernelStack:        2184 kB
Node 0 PageTables:          460 kB
Node 0 NFS_Unstable:          0 kB
Node 0 Bounce:                0 kB
Node 0 WritebackTmp:          0 kB
Node 0 KReclaimable:      16372 kB
Node 0 Slab:              48536 kB
Node 0 SReclaimable:      16372 kB
Node 0 SUnreclaim:        32164 kB
Node 0 AnonHugePages:         0 kB
Node 0 ShmemHugePages:        0 kB
Node 0 ShmemPmdMapped:        0 kB
Node 0 FileHugePages:        0 kB
Node 0 FilePmdMapped:        0 kB
Node 0 HugePages_Total:     0
Node 0 HugePages_Free:      0
Node 0 HugePages_Surp:      0

Node 1 MemTotal:       24686196 kB
Node 1 MemFree:        24387380 kB
Node 1 MemUsed:          298816 kB
Node 1 Active:            57428 kB
Node 1 Inactive:          88720 kB
Node 1 Active(anon):      21440 kB
Node 1 Inactive(anon):      548 kB
Node 1 Active(file):      35988 kB
Node 1 Inactive(file):    88172 kB
Node 1 Unevictable:       13836 kB
Node 1 Mlocked:           13836 kB
Node 1 Dirty:                28 kB
Node 1 Writeback:             0 kB
Node 1 FilePages:        128468 kB
Node 1 Mapped:            41048 kB
Node 1 AnonPages:         31568 kB
Node 1 Shmem:               796 kB
Node 1 KernelStack:        1416 kB
Node 1 PageTables:          740 kB
Node 1 NFS_Unstable:          0 kB
Node 1 Bounce:                0 kB
Node 1 WritebackTmp:          0 kB
Node 1 KReclaimable:      25352 kB
Node 1 Slab:              57456 kB
Node 1 SReclaimable:      25352 kB
Node 1 SUnreclaim:        32104 kB
Node 1 AnonHugePages:         0 kB
Node 1 ShmemHugePages:        0 kB
Node 1 ShmemPmdMapped:        0 kB
Node 1 FileHugePages:        0 kB
Node 1 FilePmdMapped:        0 kB
Node 1 HugePages_Total:     0
Node 1 HugePages_Free:      0
Node 1 HugePages_Surp:      0

Load ZFS
Node 0 MemTotal:       24743736 kB
Node 0 MemFree:        24504756 kB
Node 0 MemUsed:          238980 kB
Node 0 Active:            53136 kB
Node 0 Inactive:          40568 kB
Node 0 Active(anon):      24832 kB
Node 0 Inactive(anon):      556 kB
Node 0 Active(file):      28304 kB
Node 0 Inactive(file):    40012 kB
Node 0 Unevictable:        4684 kB
Node 0 Mlocked:            4684 kB
Node 0 Dirty:                44 kB
Node 0 Writeback:             0 kB
Node 0 FilePages:         73728 kB
Node 0 Mapped:            19752 kB
Node 0 AnonPages:         24340 kB
Node 0 Shmem:               732 kB
Node 0 KernelStack:        2496 kB
Node 0 PageTables:         1592 kB
Node 0 NFS_Unstable:          0 kB
Node 0 Bounce:                0 kB
Node 0 WritebackTmp:          0 kB
Node 0 KReclaimable:      16928 kB
Node 0 Slab:              51288 kB
Node 0 SReclaimable:      16928 kB
Node 0 SUnreclaim:        34360 kB
Node 0 AnonHugePages:         0 kB
Node 0 ShmemHugePages:        0 kB
Node 0 ShmemPmdMapped:        0 kB
Node 0 FileHugePages:        0 kB
Node 0 FilePmdMapped:        0 kB
Node 0 HugePages_Total:     0
Node 0 HugePages_Free:      0
Node 0 HugePages_Surp:      0

Node 1 MemTotal:       24686196 kB
Node 1 MemFree:        24153496 kB
Node 1 MemUsed:          532700 kB
Node 1 Active:            69140 kB
Node 1 Inactive:         169044 kB
Node 1 Active(anon):      31932 kB
Node 1 Inactive(anon):      384 kB
Node 1 Active(file):      37208 kB
Node 1 Inactive(file):   168660 kB
Node 1 Unevictable:       14064 kB
Node 1 Mlocked:           14064 kB
Node 1 Dirty:               388 kB
Node 1 Writeback:             0 kB
Node 1 FilePages:        209920 kB
Node 1 Mapped:            43144 kB
Node 1 AnonPages:         41868 kB
Node 1 Shmem:               536 kB
Node 1 KernelStack:        1764 kB
Node 1 PageTables:         1888 kB
Node 1 NFS_Unstable:          0 kB
Node 1 Bounce:                0 kB
Node 1 WritebackTmp:          0 kB
Node 1 KReclaimable:      26384 kB
Node 1 Slab:              61880 kB
Node 1 SReclaimable:      26384 kB
Node 1 SUnreclaim:        35496 kB
Node 1 AnonHugePages:         0 kB
Node 1 ShmemHugePages:        0 kB
Node 1 ShmemPmdMapped:        0 kB
Node 1 FileHugePages:        0 kB
Node 1 FilePmdMapped:        0 kB
Node 1 HugePages_Total:     0
Node 1 HugePages_Free:      0
Node 1 HugePages_Surp:      0

Import tank ZPool
Node 0 MemTotal:       24743736 kB
Node 0 MemFree:        24484404 kB
Node 0 MemUsed:          259332 kB
Node 0 Active:            53568 kB
Node 0 Inactive:          41512 kB
Node 0 Active(anon):      24480 kB
Node 0 Inactive(anon):      560 kB
Node 0 Active(file):      29088 kB
Node 0 Inactive(file):    40952 kB
Node 0 Unevictable:        4684 kB
Node 0 Mlocked:            4684 kB
Node 0 Dirty:                72 kB
Node 0 Writeback:             0 kB
Node 0 FilePages:         75460 kB
Node 0 Mapped:            19664 kB
Node 0 AnonPages:         23948 kB
Node 0 Shmem:               728 kB
Node 0 KernelStack:        3496 kB
Node 0 PageTables:         1304 kB
Node 0 NFS_Unstable:          0 kB
Node 0 Bounce:                0 kB
Node 0 WritebackTmp:          0 kB
Node 0 KReclaimable:      17060 kB
Node 0 Slab:              58256 kB
Node 0 SReclaimable:      17060 kB
Node 0 SUnreclaim:        41196 kB
Node 0 AnonHugePages:         0 kB
Node 0 ShmemHugePages:        0 kB
Node 0 ShmemPmdMapped:        0 kB
Node 0 FileHugePages:        0 kB
Node 0 FilePmdMapped:        0 kB
Node 0 HugePages_Total:     0
Node 0 HugePages_Free:      0
Node 0 HugePages_Surp:      0

Node 1 MemTotal:       24686196 kB
Node 1 MemFree:        24155544 kB
Node 1 MemUsed:          530652 kB
Node 1 Active:            68716 kB
Node 1 Inactive:         168980 kB
Node 1 Active(anon):      31532 kB
Node 1 Inactive(anon):      388 kB
Node 1 Active(file):      37184 kB
Node 1 Inactive(file):   168592 kB
Node 1 Unevictable:       14064 kB
Node 1 Mlocked:           14064 kB
Node 1 Dirty:               436 kB
Node 1 Writeback:             0 kB
Node 1 FilePages:        209828 kB
Node 1 Mapped:            43004 kB
Node 1 AnonPages:         41932 kB
Node 1 Shmem:               540 kB
Node 1 KernelStack:        1704 kB
Node 1 PageTables:         1604 kB
Node 1 NFS_Unstable:          0 kB
Node 1 Bounce:                0 kB
Node 1 WritebackTmp:          0 kB
Node 1 KReclaimable:      26424 kB
Node 1 Slab:              61884 kB
Node 1 SReclaimable:      26424 kB
Node 1 SUnreclaim:        35460 kB
Node 1 AnonHugePages:         0 kB
Node 1 ShmemHugePages:        0 kB
Node 1 ShmemPmdMapped:        0 kB
Node 1 FileHugePages:        0 kB
Node 1 FilePmdMapped:        0 kB
Node 1 HugePages_Total:     0
Node 1 HugePages_Free:      0
Node 1 HugePages_Surp:      0

After Test
Node 0 MemTotal:       24743736 kB
Node 0 MemFree:        21768484 kB
Node 0 MemUsed:         2975252 kB
Node 0 Active:            40960 kB
Node 0 Inactive:          41520 kB
Node 0 Active(anon):      11780 kB
Node 0 Inactive(anon):      560 kB
Node 0 Active(file):      29180 kB
Node 0 Inactive(file):    40960 kB
Node 0 Unevictable:        4684 kB
Node 0 Mlocked:            4684 kB
Node 0 Dirty:                 8 kB
Node 0 Writeback:             0 kB
Node 0 FilePages:         75548 kB
Node 0 Mapped:            17580 kB
Node 0 AnonPages:         11612 kB
Node 0 Shmem:               728 kB
Node 0 KernelStack:        3272 kB
Node 0 PageTables:          344 kB
Node 0 NFS_Unstable:          0 kB
Node 0 Bounce:                0 kB
Node 0 WritebackTmp:          0 kB
Node 0 KReclaimable:      18448 kB
Node 0 Slab:              72356 kB
Node 0 SReclaimable:      18448 kB
Node 0 SUnreclaim:        53908 kB
Node 0 AnonHugePages:         0 kB
Node 0 ShmemHugePages:        0 kB
Node 0 ShmemPmdMapped:        0 kB
Node 0 FileHugePages:        0 kB
Node 0 FilePmdMapped:        0 kB
Node 0 HugePages_Total:     0
Node 0 HugePages_Free:      0
Node 0 HugePages_Surp:      0

Node 1 MemTotal:       24686196 kB
Node 1 MemFree:        23962908 kB
Node 1 MemUsed:          723288 kB
Node 1 Active:            59812 kB
Node 1 Inactive:         169708 kB
Node 1 Active(anon):      21524 kB
Node 1 Inactive(anon):      424 kB
Node 1 Active(file):      38288 kB
Node 1 Inactive(file):   169284 kB
Node 1 Unevictable:       14064 kB
Node 1 Mlocked:           14064 kB
Node 1 Dirty:                 0 kB
Node 1 Writeback:             0 kB
Node 1 FilePages:        211668 kB
Node 1 Mapped:            41412 kB
Node 1 AnonPages:         31784 kB
Node 1 Shmem:               584 kB
Node 1 KernelStack:        1368 kB
Node 1 PageTables:          912 kB
Node 1 NFS_Unstable:          0 kB
Node 1 Bounce:                0 kB
Node 1 WritebackTmp:          0 kB
Node 1 KReclaimable:      26512 kB
Node 1 Slab:              62876 kB
Node 1 SReclaimable:      26512 kB
Node 1 SUnreclaim:        36364 kB
Node 1 AnonHugePages:         0 kB
Node 1 ShmemHugePages:        0 kB
Node 1 ShmemPmdMapped:        0 kB
Node 1 FileHugePages:        0 kB
Node 1 FilePmdMapped:        0 kB
Node 1 HugePages_Total:     0
Node 1 HugePages_Free:      0
Node 1 HugePages_Surp:      0

After Opposite Node
Node 0 MemTotal:       24743736 kB
Node 0 MemFree:        21767756 kB
Node 0 MemUsed:         2975980 kB
Node 0 Active:            41404 kB
Node 0 Inactive:          41556 kB
Node 0 Active(anon):      12052 kB
Node 0 Inactive(anon):      604 kB
Node 0 Active(file):      29352 kB
Node 0 Inactive(file):    40952 kB
Node 0 Unevictable:        4684 kB
Node 0 Mlocked:            4684 kB
Node 0 Dirty:                64 kB
Node 0 Writeback:             0 kB
Node 0 FilePages:         75756 kB
Node 0 Mapped:            17624 kB
Node 0 AnonPages:         11752 kB
Node 0 Shmem:               772 kB
Node 0 KernelStack:        3304 kB
Node 0 PageTables:          520 kB
Node 0 NFS_Unstable:          0 kB
Node 0 Bounce:                0 kB
Node 0 WritebackTmp:          0 kB
Node 0 KReclaimable:      18484 kB
Node 0 Slab:              72588 kB
Node 0 SReclaimable:      18484 kB
Node 0 SUnreclaim:        54104 kB
Node 0 AnonHugePages:         0 kB
Node 0 ShmemHugePages:        0 kB
Node 0 ShmemPmdMapped:        0 kB
Node 0 FileHugePages:        0 kB
Node 0 FilePmdMapped:        0 kB
Node 0 HugePages_Total:     0
Node 0 HugePages_Free:      0
Node 0 HugePages_Surp:      0

Node 1 MemTotal:       24686196 kB
Node 1 MemFree:        23963256 kB
Node 1 MemUsed:          722940 kB
Node 1 Active:            59700 kB
Node 1 Inactive:         169520 kB
Node 1 Active(anon):      21260 kB
Node 1 Inactive(anon):      380 kB
Node 1 Active(file):      38440 kB
Node 1 Inactive(file):   169140 kB
Node 1 Unevictable:       14064 kB
Node 1 Mlocked:           14064 kB
Node 1 Dirty:                40 kB
Node 1 Writeback:             0 kB
Node 1 FilePages:        211632 kB
Node 1 Mapped:            41360 kB
Node 1 AnonPages:         31652 kB
Node 1 Shmem:               540 kB
Node 1 KernelStack:        1336 kB
Node 1 PageTables:          740 kB
Node 1 NFS_Unstable:          0 kB
Node 1 Bounce:                0 kB
Node 1 WritebackTmp:          0 kB
Node 1 KReclaimable:      26512 kB
Node 1 Slab:              62868 kB
Node 1 SReclaimable:      26512 kB
Node 1 SUnreclaim:        36356 kB
Node 1 AnonHugePages:         0 kB
Node 1 ShmemHugePages:        0 kB
Node 1 ShmemPmdMapped:        0 kB
Node 1 FileHugePages:        0 kB
Node 1 FilePmdMapped:        0 kB
Node 1 HugePages_Total:     0
Node 1 HugePages_Free:      0
Node 1 HugePages_Surp:      0

B.1.fio.2G.1.O Complete!
