kernel.numa_balancing = 0
U.0.100M-simpleread.16G.3.O.1M
Begin
Node 0 MemTotal:       24743736 kB
Node 0 MemFree:        24322312 kB
Node 0 MemUsed:          421424 kB
Node 0 Active:            46236 kB
Node 0 Inactive:          81760 kB
Node 0 Active(anon):      16116 kB
Node 0 Inactive(anon):      496 kB
Node 0 Active(file):      30120 kB
Node 0 Inactive(file):    81264 kB
Node 0 Unevictable:       13320 kB
Node 0 Mlocked:           13320 kB
Node 0 Dirty:               124 kB
Node 0 Writeback:             0 kB
Node 0 FilePages:        115088 kB
Node 0 Mapped:            59732 kB
Node 0 AnonPages:         26264 kB
Node 0 Shmem:               680 kB
Node 0 KernelStack:        2168 kB
Node 0 PageTables:          888 kB
Node 0 NFS_Unstable:          0 kB
Node 0 Bounce:                0 kB
Node 0 WritebackTmp:          0 kB
Node 0 KReclaimable:      26840 kB
Node 0 Slab:              63584 kB
Node 0 SReclaimable:      26840 kB
Node 0 SUnreclaim:        36744 kB
Node 0 AnonHugePages:         0 kB
Node 0 ShmemHugePages:        0 kB
Node 0 ShmemPmdMapped:        0 kB
Node 0 FileHugePages:        0 kB
Node 0 FilePmdMapped:        0 kB
Node 0 HugePages_Total:     0
Node 0 HugePages_Free:      0
Node 0 HugePages_Surp:      0

Node 1 MemTotal:       24686196 kB
Node 1 MemFree:        24445848 kB
Node 1 MemUsed:          240348 kB
Node 1 Active:            49940 kB
Node 1 Inactive:          57676 kB
Node 1 Active(anon):      18380 kB
Node 1 Inactive(anon):      380 kB
Node 1 Active(file):      31560 kB
Node 1 Inactive(file):    57296 kB
Node 1 Unevictable:        5204 kB
Node 1 Mlocked:            5204 kB
Node 1 Dirty:                28 kB
Node 1 Writeback:             0 kB
Node 1 FilePages:         94644 kB
Node 1 Mapped:            21388 kB
Node 1 AnonPages:         18244 kB
Node 1 Shmem:               588 kB
Node 1 KernelStack:        1496 kB
Node 1 PageTables:          404 kB
Node 1 NFS_Unstable:          0 kB
Node 1 Bounce:                0 kB
Node 1 WritebackTmp:          0 kB
Node 1 KReclaimable:      15224 kB
Node 1 Slab:              43584 kB
Node 1 SReclaimable:      15224 kB
Node 1 SUnreclaim:        28360 kB
Node 1 AnonHugePages:         0 kB
Node 1 ShmemHugePages:        0 kB
Node 1 ShmemPmdMapped:        0 kB
Node 1 FileHugePages:        0 kB
Node 1 FilePmdMapped:        0 kB
Node 1 HugePages_Total:     0
Node 1 HugePages_Free:      0
Node 1 HugePages_Surp:      0

Load ZFS
Node 0 MemTotal:       24743736 kB
Node 0 MemFree:        24316740 kB
Node 0 MemUsed:          426996 kB
Node 0 Active:            54220 kB
Node 0 Inactive:          77500 kB
Node 0 Active(anon):      17748 kB
Node 0 Inactive(anon):      496 kB
Node 0 Active(file):      36472 kB
Node 0 Inactive(file):    77004 kB
Node 0 Unevictable:       13320 kB
Node 0 Mlocked:           13320 kB
Node 0 Dirty:               152 kB
Node 0 Writeback:             0 kB
Node 0 FilePages:        117164 kB
Node 0 Mapped:            59756 kB
Node 0 AnonPages:         27676 kB
Node 0 Shmem:               680 kB
Node 0 KernelStack:        2200 kB
Node 0 PageTables:          992 kB
Node 0 NFS_Unstable:          0 kB
Node 0 Bounce:                0 kB
Node 0 WritebackTmp:          0 kB
Node 0 KReclaimable:      27260 kB
Node 0 Slab:              64924 kB
Node 0 SReclaimable:      27260 kB
Node 0 SUnreclaim:        37664 kB
Node 0 AnonHugePages:         0 kB
Node 0 ShmemHugePages:        0 kB
Node 0 ShmemPmdMapped:        0 kB
Node 0 FileHugePages:        0 kB
Node 0 FilePmdMapped:        0 kB
Node 0 HugePages_Total:     0
Node 0 HugePages_Free:      0
Node 0 HugePages_Surp:      0

Node 1 MemTotal:       24686196 kB
Node 1 MemFree:        24440920 kB
Node 1 MemUsed:          245276 kB
Node 1 Active:            53736 kB
Node 1 Inactive:          57908 kB
Node 1 Active(anon):      21940 kB
Node 1 Inactive(anon):      380 kB
Node 1 Active(file):      31796 kB
Node 1 Inactive(file):    57528 kB
Node 1 Unevictable:        5204 kB
Node 1 Mlocked:            5204 kB
Node 1 Dirty:                32 kB
Node 1 Writeback:             0 kB
Node 1 FilePages:         95112 kB
Node 1 Mapped:            21540 kB
Node 1 AnonPages:         21876 kB
Node 1 Shmem:               588 kB
Node 1 KernelStack:        1576 kB
Node 1 PageTables:          620 kB
Node 1 NFS_Unstable:          0 kB
Node 1 Bounce:                0 kB
Node 1 WritebackTmp:          0 kB
Node 1 KReclaimable:      15680 kB
Node 1 Slab:              45600 kB
Node 1 SReclaimable:      15680 kB
Node 1 SUnreclaim:        29920 kB
Node 1 AnonHugePages:         0 kB
Node 1 ShmemHugePages:        0 kB
Node 1 ShmemPmdMapped:        0 kB
Node 1 FileHugePages:        0 kB
Node 1 FilePmdMapped:        0 kB
Node 1 HugePages_Total:     0
Node 1 HugePages_Free:      0
Node 1 HugePages_Surp:      0

Import tank ZPool
Node 0 MemTotal:       24743736 kB
Node 0 MemFree:        24319056 kB
Node 0 MemUsed:          424680 kB
Node 0 Active:            52608 kB
Node 0 Inactive:          77532 kB
Node 0 Active(anon):      16132 kB
Node 0 Inactive(anon):      496 kB
Node 0 Active(file):      36476 kB
Node 0 Inactive(file):    77036 kB
Node 0 Unevictable:       13320 kB
Node 0 Mlocked:           13320 kB
Node 0 Dirty:               196 kB
Node 0 Writeback:             0 kB
Node 0 FilePages:        117200 kB
Node 0 Mapped:            59812 kB
Node 0 AnonPages:         26040 kB
Node 0 Shmem:               680 kB
Node 0 KernelStack:        2184 kB
Node 0 PageTables:          956 kB
Node 0 NFS_Unstable:          0 kB
Node 0 Bounce:                0 kB
Node 0 WritebackTmp:          0 kB
Node 0 KReclaimable:      27260 kB
Node 0 Slab:              65016 kB
Node 0 SReclaimable:      27260 kB
Node 0 SUnreclaim:        37756 kB
Node 0 AnonHugePages:         0 kB
Node 0 ShmemHugePages:        0 kB
Node 0 ShmemPmdMapped:        0 kB
Node 0 FileHugePages:        0 kB
Node 0 FilePmdMapped:        0 kB
Node 0 HugePages_Total:     0
Node 0 HugePages_Free:      0
Node 0 HugePages_Surp:      0

Node 1 MemTotal:       24686196 kB
Node 1 MemFree:        24422740 kB
Node 1 MemUsed:          263456 kB
Node 1 Active:            50640 kB
Node 1 Inactive:          59060 kB
Node 1 Active(anon):      18492 kB
Node 1 Inactive(anon):      384 kB
Node 1 Active(file):      32148 kB
Node 1 Inactive(file):    58676 kB
Node 1 Unevictable:        5204 kB
Node 1 Mlocked:            5204 kB
Node 1 Dirty:                44 kB
Node 1 Writeback:             0 kB
Node 1 FilePages:         96664 kB
Node 1 Mapped:            21440 kB
Node 1 AnonPages:         17996 kB
Node 1 Shmem:               588 kB
Node 1 KernelStack:        2680 kB
Node 1 PageTables:          560 kB
Node 1 NFS_Unstable:          0 kB
Node 1 Bounce:                0 kB
Node 1 WritebackTmp:          0 kB
Node 1 KReclaimable:      15856 kB
Node 1 Slab:              52428 kB
Node 1 SReclaimable:      15856 kB
Node 1 SUnreclaim:        36572 kB
Node 1 AnonHugePages:         0 kB
Node 1 ShmemHugePages:        0 kB
Node 1 ShmemPmdMapped:        0 kB
Node 1 FileHugePages:        0 kB
Node 1 FilePmdMapped:        0 kB
Node 1 HugePages_Total:     0
Node 1 HugePages_Free:      0
Node 1 HugePages_Surp:      0

After Test
Node 0 MemTotal:       24743736 kB
Node 0 MemFree:         7239148 kB
Node 0 MemUsed:        17504588 kB
Node 0 Active:            52284 kB
Node 0 Inactive:         175104 kB
Node 0 Active(anon):      15268 kB
Node 0 Inactive(anon):      496 kB
Node 0 Active(file):      37016 kB
Node 0 Inactive(file):   174608 kB
Node 0 Unevictable:       13320 kB
Node 0 Mlocked:           13320 kB
Node 0 Dirty:                36 kB
Node 0 Writeback:             0 kB
Node 0 FilePages:        215328 kB
Node 0 Mapped:            59984 kB
Node 0 AnonPages:         25584 kB
Node 0 Shmem:               680 kB
Node 0 KernelStack:        2024 kB
Node 0 PageTables:         1096 kB
Node 0 NFS_Unstable:          0 kB
Node 0 Bounce:                0 kB
Node 0 WritebackTmp:          0 kB
Node 0 KReclaimable:      27704 kB
Node 0 Slab:             123296 kB
Node 0 SReclaimable:      27704 kB
Node 0 SUnreclaim:        95592 kB
Node 0 AnonHugePages:         0 kB
Node 0 ShmemHugePages:        0 kB
Node 0 ShmemPmdMapped:        0 kB
Node 0 FileHugePages:        0 kB
Node 0 FilePmdMapped:        0 kB
Node 0 HugePages_Total:     0
Node 0 HugePages_Free:      0
Node 0 HugePages_Surp:      0

Node 1 MemTotal:       24686196 kB
Node 1 MemFree:        23740292 kB
Node 1 MemUsed:          945904 kB
Node 1 Active:            50448 kB
Node 1 Inactive:          58912 kB
Node 1 Active(anon):      17744 kB
Node 1 Inactive(anon):      384 kB
Node 1 Active(file):      32704 kB
Node 1 Inactive(file):    58528 kB
Node 1 Unevictable:        5204 kB
Node 1 Mlocked:            5204 kB
Node 1 Dirty:                16 kB
Node 1 Writeback:             0 kB
Node 1 FilePages:         97028 kB
Node 1 Mapped:            21380 kB
Node 1 AnonPages:         17544 kB
Node 1 Shmem:               588 kB
Node 1 KernelStack:        2472 kB
Node 1 PageTables:          332 kB
Node 1 NFS_Unstable:          0 kB
Node 1 Bounce:                0 kB
Node 1 WritebackTmp:          0 kB
Node 1 KReclaimable:      15916 kB
Node 1 Slab:              55468 kB
Node 1 SReclaimable:      15916 kB
Node 1 SUnreclaim:        39552 kB
Node 1 AnonHugePages:         0 kB
Node 1 ShmemHugePages:        0 kB
Node 1 ShmemPmdMapped:        0 kB
Node 1 FileHugePages:        0 kB
Node 1 FilePmdMapped:        0 kB
Node 1 HugePages_Total:     0
Node 1 HugePages_Free:      0
Node 1 HugePages_Surp:      0

After Opposite Node
Node 0 MemTotal:       24743736 kB
Node 0 MemFree:         7239928 kB
Node 0 MemUsed:        17503808 kB
Node 0 Active:            52228 kB
Node 0 Inactive:         174884 kB
Node 0 Active(anon):      14988 kB
Node 0 Inactive(anon):      496 kB
Node 0 Active(file):      37240 kB
Node 0 Inactive(file):   174388 kB
Node 0 Unevictable:       13320 kB
Node 0 Mlocked:           13320 kB
Node 0 Dirty:                48 kB
Node 0 Writeback:             0 kB
Node 0 FilePages:        215332 kB
Node 0 Mapped:            59984 kB
Node 0 AnonPages:         25132 kB
Node 0 Shmem:               680 kB
Node 0 KernelStack:        1976 kB
Node 0 PageTables:          848 kB
Node 0 NFS_Unstable:          0 kB
Node 0 Bounce:                0 kB
Node 0 WritebackTmp:          0 kB
Node 0 KReclaimable:      27704 kB
Node 0 Slab:             122748 kB
Node 0 SReclaimable:      27704 kB
Node 0 SUnreclaim:        95044 kB
Node 0 AnonHugePages:         0 kB
Node 0 ShmemHugePages:        0 kB
Node 0 ShmemPmdMapped:        0 kB
Node 0 FileHugePages:        0 kB
Node 0 FilePmdMapped:        0 kB
Node 0 HugePages_Total:     0
Node 0 HugePages_Free:      0
Node 0 HugePages_Surp:      0

Node 1 MemTotal:       24686196 kB
Node 1 MemFree:        23737312 kB
Node 1 MemUsed:          948884 kB
Node 1 Active:            50848 kB
Node 1 Inactive:          58908 kB
Node 1 Active(anon):      17992 kB
Node 1 Inactive(anon):      384 kB
Node 1 Active(file):      32856 kB
Node 1 Inactive(file):    58524 kB
Node 1 Unevictable:        5204 kB
Node 1 Mlocked:            5204 kB
Node 1 Dirty:                44 kB
Node 1 Writeback:             0 kB
Node 1 FilePages:         97192 kB
Node 1 Mapped:            21380 kB
Node 1 AnonPages:         18008 kB
Node 1 Shmem:               588 kB
Node 1 KernelStack:        2472 kB
Node 1 PageTables:          580 kB
Node 1 NFS_Unstable:          0 kB
Node 1 Bounce:                0 kB
Node 1 WritebackTmp:          0 kB
Node 1 KReclaimable:      15984 kB
Node 1 Slab:              57512 kB
Node 1 SReclaimable:      15984 kB
Node 1 SUnreclaim:        41528 kB
Node 1 AnonHugePages:         0 kB
Node 1 ShmemHugePages:        0 kB
Node 1 ShmemPmdMapped:        0 kB
Node 1 FileHugePages:        0 kB
Node 1 FilePmdMapped:        0 kB
Node 1 HugePages_Total:     0
Node 1 HugePages_Free:      0
Node 1 HugePages_Surp:      0

U.0.100M-simpleread.16G.3.O.1M Complete!
