kernel.numa_balancing = 0
U.0.100M-simpleread.4G.1.O.1M
Begin
Node 0 MemTotal:       24768352 kB
Node 0 MemFree:        24504824 kB
Node 0 MemUsed:          263528 kB
Node 0 Active:            40216 kB
Node 0 Inactive:          63892 kB
Node 0 Active(anon):      15452 kB
Node 0 Inactive(anon):      484 kB
Node 0 Active(file):      24764 kB
Node 0 Inactive(file):    63408 kB
Node 0 Unevictable:       18240 kB
Node 0 Mlocked:           18240 kB
Node 0 Dirty:               264 kB
Node 0 Writeback:             0 kB
Node 0 FilePages:         97236 kB
Node 0 Mapped:            50712 kB
Node 0 AnonPages:         25564 kB
Node 0 Shmem:               712 kB
Node 0 KernelStack:        2040 kB
Node 0 PageTables:          580 kB
Node 0 NFS_Unstable:          0 kB
Node 0 Bounce:                0 kB
Node 0 WritebackTmp:          0 kB
Node 0 KReclaimable:      22328 kB
Node 0 Slab:              54876 kB
Node 0 SReclaimable:      22328 kB
Node 0 SUnreclaim:        32548 kB
Node 0 AnonHugePages:         0 kB
Node 0 ShmemHugePages:        0 kB
Node 0 ShmemPmdMapped:        0 kB
Node 0 FileHugePages:        0 kB
Node 0 FilePmdMapped:        0 kB
Node 0 HugePages_Total:     0
Node 0 HugePages_Free:      0
Node 0 HugePages_Surp:      0

Node 1 MemTotal:       24661580 kB
Node 1 MemFree:        24271864 kB
Node 1 MemUsed:          389716 kB
Node 1 Active:            55456 kB
Node 1 Inactive:          69148 kB
Node 1 Active(anon):      18784 kB
Node 1 Inactive(anon):      384 kB
Node 1 Active(file):      36672 kB
Node 1 Inactive(file):    68764 kB
Node 1 Unevictable:         280 kB
Node 1 Mlocked:             280 kB
Node 1 Dirty:               164 kB
Node 1 Writeback:             0 kB
Node 1 FilePages:        106284 kB
Node 1 Mapped:            24792 kB
Node 1 AnonPages:         18612 kB
Node 1 Shmem:               556 kB
Node 1 KernelStack:        1576 kB
Node 1 PageTables:          528 kB
Node 1 NFS_Unstable:          0 kB
Node 1 Bounce:                0 kB
Node 1 WritebackTmp:          0 kB
Node 1 KReclaimable:      19040 kB
Node 1 Slab:              49952 kB
Node 1 SReclaimable:      19040 kB
Node 1 SUnreclaim:        30912 kB
Node 1 AnonHugePages:         0 kB
Node 1 ShmemHugePages:        0 kB
Node 1 ShmemPmdMapped:        0 kB
Node 1 FileHugePages:        0 kB
Node 1 FilePmdMapped:        0 kB
Node 1 HugePages_Total:     0
Node 1 HugePages_Free:      0
Node 1 HugePages_Surp:      0

Load ZFS
Node 0 MemTotal:       24768352 kB
Node 0 MemFree:        24361692 kB
Node 0 MemUsed:          406660 kB
Node 0 Active:            44824 kB
Node 0 Inactive:          64420 kB
Node 0 Active(anon):      18792 kB
Node 0 Inactive(anon):      484 kB
Node 0 Active(file):      26032 kB
Node 0 Inactive(file):    63936 kB
Node 0 Unevictable:       18240 kB
Node 0 Mlocked:           18240 kB
Node 0 Dirty:                40 kB
Node 0 Writeback:             0 kB
Node 0 FilePages:         98596 kB
Node 0 Mapped:            50680 kB
Node 0 AnonPages:         28504 kB
Node 0 Shmem:               712 kB
Node 0 KernelStack:        2136 kB
Node 0 PageTables:          896 kB
Node 0 NFS_Unstable:          0 kB
Node 0 Bounce:                0 kB
Node 0 WritebackTmp:          0 kB
Node 0 KReclaimable:      22968 kB
Node 0 Slab:              57796 kB
Node 0 SReclaimable:      22968 kB
Node 0 SUnreclaim:        34828 kB
Node 0 AnonHugePages:         0 kB
Node 0 ShmemHugePages:        0 kB
Node 0 ShmemPmdMapped:        0 kB
Node 0 FileHugePages:        0 kB
Node 0 FilePmdMapped:        0 kB
Node 0 HugePages_Total:     0
Node 0 HugePages_Free:      0
Node 0 HugePages_Surp:      0

Node 1 MemTotal:       24661580 kB
Node 1 MemFree:        24404940 kB
Node 1 MemUsed:          256640 kB
Node 1 Active:            62700 kB
Node 1 Inactive:          64620 kB
Node 1 Active(anon):      20408 kB
Node 1 Inactive(anon):      384 kB
Node 1 Active(file):      42292 kB
Node 1 Inactive(file):    64236 kB
Node 1 Unevictable:         280 kB
Node 1 Mlocked:             280 kB
Node 1 Dirty:               252 kB
Node 1 Writeback:             0 kB
Node 1 FilePages:        107364 kB
Node 1 Mapped:            24956 kB
Node 1 AnonPages:         20292 kB
Node 1 Shmem:               556 kB
Node 1 KernelStack:        1624 kB
Node 1 PageTables:          560 kB
Node 1 NFS_Unstable:          0 kB
Node 1 Bounce:                0 kB
Node 1 WritebackTmp:          0 kB
Node 1 KReclaimable:      19488 kB
Node 1 Slab:              51612 kB
Node 1 SReclaimable:      19488 kB
Node 1 SUnreclaim:        32124 kB
Node 1 AnonHugePages:         0 kB
Node 1 ShmemHugePages:        0 kB
Node 1 ShmemPmdMapped:        0 kB
Node 1 FileHugePages:        0 kB
Node 1 FilePmdMapped:        0 kB
Node 1 HugePages_Total:     0
Node 1 HugePages_Free:      0
Node 1 HugePages_Surp:      0

Import tank ZPool
Node 0 MemTotal:       24768352 kB
Node 0 MemFree:        24357492 kB
Node 0 MemUsed:          410860 kB
Node 0 Active:            41632 kB
Node 0 Inactive:          65656 kB
Node 0 Active(anon):      15156 kB
Node 0 Inactive(anon):      488 kB
Node 0 Active(file):      26476 kB
Node 0 Inactive(file):    65168 kB
Node 0 Unevictable:       18240 kB
Node 0 Mlocked:           18240 kB
Node 0 Dirty:                60 kB
Node 0 Writeback:             0 kB
Node 0 FilePages:        100296 kB
Node 0 Mapped:            50896 kB
Node 0 AnonPages:         24940 kB
Node 0 Shmem:               712 kB
Node 0 KernelStack:        2072 kB
Node 0 PageTables:          732 kB
Node 0 NFS_Unstable:          0 kB
Node 0 Bounce:                0 kB
Node 0 WritebackTmp:          0 kB
Node 0 KReclaimable:      23088 kB
Node 0 Slab:              62352 kB
Node 0 SReclaimable:      23088 kB
Node 0 SUnreclaim:        39264 kB
Node 0 AnonHugePages:         0 kB
Node 0 ShmemHugePages:        0 kB
Node 0 ShmemPmdMapped:        0 kB
Node 0 FileHugePages:        0 kB
Node 0 FilePmdMapped:        0 kB
Node 0 HugePages_Total:     0
Node 0 HugePages_Free:      0
Node 0 HugePages_Surp:      0

Node 1 MemTotal:       24661580 kB
Node 1 MemFree:        24392200 kB
Node 1 MemUsed:          269380 kB
Node 1 Active:            60632 kB
Node 1 Inactive:          64580 kB
Node 1 Active(anon):      18276 kB
Node 1 Inactive(anon):      384 kB
Node 1 Active(file):      42356 kB
Node 1 Inactive(file):    64196 kB
Node 1 Unevictable:         280 kB
Node 1 Mlocked:             280 kB
Node 1 Dirty:               160 kB
Node 1 Writeback:             0 kB
Node 1 FilePages:        107400 kB
Node 1 Mapped:            24860 kB
Node 1 AnonPages:         18104 kB
Node 1 Shmem:               556 kB
Node 1 KernelStack:        2696 kB
Node 1 PageTables:          528 kB
Node 1 NFS_Unstable:          0 kB
Node 1 Bounce:                0 kB
Node 1 WritebackTmp:          0 kB
Node 1 KReclaimable:      19488 kB
Node 1 Slab:              54168 kB
Node 1 SReclaimable:      19488 kB
Node 1 SUnreclaim:        34680 kB
Node 1 AnonHugePages:         0 kB
Node 1 ShmemHugePages:        0 kB
Node 1 ShmemPmdMapped:        0 kB
Node 1 FileHugePages:        0 kB
Node 1 FilePmdMapped:        0 kB
Node 1 HugePages_Total:     0
Node 1 HugePages_Free:      0
Node 1 HugePages_Surp:      0

After Test
Node 0 MemTotal:       24768352 kB
Node 0 MemFree:        19528488 kB
Node 0 MemUsed:         5239864 kB
Node 0 Active:            42140 kB
Node 0 Inactive:         162988 kB
Node 0 Active(anon):      14972 kB
Node 0 Inactive(anon):      488 kB
Node 0 Active(file):      27168 kB
Node 0 Inactive(file):   162500 kB
Node 0 Unevictable:       18240 kB
Node 0 Mlocked:           18240 kB
Node 0 Dirty:                 8 kB
Node 0 Writeback:             0 kB
Node 0 FilePages:        198296 kB
Node 0 Mapped:            50788 kB
Node 0 AnonPages:         25244 kB
Node 0 Shmem:               712 kB
Node 0 KernelStack:        1960 kB
Node 0 PageTables:          852 kB
Node 0 NFS_Unstable:          0 kB
Node 0 Bounce:                0 kB
Node 0 WritebackTmp:          0 kB
Node 0 KReclaimable:      23480 kB
Node 0 Slab:              82076 kB
Node 0 SReclaimable:      23480 kB
Node 0 SUnreclaim:        58596 kB
Node 0 AnonHugePages:         0 kB
Node 0 ShmemHugePages:        0 kB
Node 0 ShmemPmdMapped:        0 kB
Node 0 FileHugePages:        0 kB
Node 0 FilePmdMapped:        0 kB
Node 0 HugePages_Total:     0
Node 0 HugePages_Free:      0
Node 0 HugePages_Surp:      0

Node 1 MemTotal:       24661580 kB
Node 1 MemFree:        24085848 kB
Node 1 MemUsed:          575732 kB
Node 1 Active:            60564 kB
Node 1 Inactive:          64580 kB
Node 1 Active(anon):      18148 kB
Node 1 Inactive(anon):      384 kB
Node 1 Active(file):      42416 kB
Node 1 Inactive(file):    64196 kB
Node 1 Unevictable:         280 kB
Node 1 Mlocked:             280 kB
Node 1 Dirty:                24 kB
Node 1 Writeback:             0 kB
Node 1 FilePages:        107448 kB
Node 1 Mapped:            24796 kB
Node 1 AnonPages:         17976 kB
Node 1 Shmem:               556 kB
Node 1 KernelStack:        2680 kB
Node 1 PageTables:          528 kB
Node 1 NFS_Unstable:          0 kB
Node 1 Bounce:                0 kB
Node 1 WritebackTmp:          0 kB
Node 1 KReclaimable:      19488 kB
Node 1 Slab:              55040 kB
Node 1 SReclaimable:      19488 kB
Node 1 SUnreclaim:        35552 kB
Node 1 AnonHugePages:         0 kB
Node 1 ShmemHugePages:        0 kB
Node 1 ShmemPmdMapped:        0 kB
Node 1 FileHugePages:        0 kB
Node 1 FilePmdMapped:        0 kB
Node 1 HugePages_Total:     0
Node 1 HugePages_Free:      0
Node 1 HugePages_Surp:      0

After Opposite Node
Node 0 MemTotal:       24768352 kB
Node 0 MemFree:        19529012 kB
Node 0 MemUsed:         5239340 kB
Node 0 Active:            42200 kB
Node 0 Inactive:         162756 kB
Node 0 Active(anon):      14656 kB
Node 0 Inactive(anon):      488 kB
Node 0 Active(file):      27544 kB
Node 0 Inactive(file):   162268 kB
Node 0 Unevictable:       18240 kB
Node 0 Mlocked:           18240 kB
Node 0 Dirty:                44 kB
Node 0 Writeback:             0 kB
Node 0 FilePages:        198440 kB
Node 0 Mapped:            50816 kB
Node 0 AnonPages:         24808 kB
Node 0 Shmem:               712 kB
Node 0 KernelStack:        1960 kB
Node 0 PageTables:          616 kB
Node 0 NFS_Unstable:          0 kB
Node 0 Bounce:                0 kB
Node 0 WritebackTmp:          0 kB
Node 0 KReclaimable:      23480 kB
Node 0 Slab:              82076 kB
Node 0 SReclaimable:      23480 kB
Node 0 SUnreclaim:        58596 kB
Node 0 AnonHugePages:         0 kB
Node 0 ShmemHugePages:        0 kB
Node 0 ShmemPmdMapped:        0 kB
Node 0 FileHugePages:        0 kB
Node 0 FilePmdMapped:        0 kB
Node 0 HugePages_Total:     0
Node 0 HugePages_Free:      0
Node 0 HugePages_Surp:      0

Node 1 MemTotal:       24661580 kB
Node 1 MemFree:        24083552 kB
Node 1 MemUsed:          578028 kB
Node 1 Active:            60832 kB
Node 1 Inactive:          64548 kB
Node 1 Active(anon):      18376 kB
Node 1 Inactive(anon):      384 kB
Node 1 Active(file):      42456 kB
Node 1 Inactive(file):    64164 kB
Node 1 Unevictable:         280 kB
Node 1 Mlocked:             280 kB
Node 1 Dirty:                48 kB
Node 1 Writeback:             0 kB
Node 1 FilePages:        107464 kB
Node 1 Mapped:            24796 kB
Node 1 AnonPages:         18420 kB
Node 1 Shmem:               556 kB
Node 1 KernelStack:        2680 kB
Node 1 PageTables:          772 kB
Node 1 NFS_Unstable:          0 kB
Node 1 Bounce:                0 kB
Node 1 WritebackTmp:          0 kB
Node 1 KReclaimable:      19520 kB
Node 1 Slab:              55972 kB
Node 1 SReclaimable:      19520 kB
Node 1 SUnreclaim:        36452 kB
Node 1 AnonHugePages:         0 kB
Node 1 ShmemHugePages:        0 kB
Node 1 ShmemPmdMapped:        0 kB
Node 1 FileHugePages:        0 kB
Node 1 FilePmdMapped:        0 kB
Node 1 HugePages_Total:     0
Node 1 HugePages_Free:      0
Node 1 HugePages_Surp:      0

U.0.100M-simpleread.4G.1.O.1M Complete!
