1.onefio.1G
Begin
Node 0 MemTotal:       24768352 kB
Node 0 MemFree:        24556820 kB
Node 0 MemUsed:          211532 kB
Node 0 Active:            47176 kB
Node 0 Inactive:          13656 kB
Node 0 Active(anon):      11032 kB
Node 0 Inactive(anon):      476 kB
Node 0 Active(file):      36144 kB
Node 0 Inactive(file):    13180 kB
Node 0 Unevictable:        4572 kB
Node 0 Mlocked:            4572 kB
Node 0 Dirty:                44 kB
Node 0 Writeback:             0 kB
Node 0 FilePages:         54536 kB
Node 0 Mapped:            14124 kB
Node 0 AnonPages:         10980 kB
Node 0 Shmem:               644 kB
Node 0 KernelStack:        2264 kB
Node 0 PageTables:          360 kB
Node 0 NFS_Unstable:          0 kB
Node 0 Bounce:                0 kB
Node 0 WritebackTmp:          0 kB
Node 0 KReclaimable:      18632 kB
Node 0 Slab:              49672 kB
Node 0 SReclaimable:      18632 kB
Node 0 SUnreclaim:        31040 kB
Node 0 AnonHugePages:         0 kB
Node 0 ShmemHugePages:        0 kB
Node 0 ShmemPmdMapped:        0 kB
Node 0 FileHugePages:        0 kB
Node 0 FilePmdMapped:        0 kB
Node 0 HugePages_Total:     0
Node 0 HugePages_Free:      0
Node 0 HugePages_Surp:      0

Node 1 MemTotal:       24661368 kB
Node 1 MemFree:        24373844 kB
Node 1 MemUsed:          287524 kB
Node 1 Active:            48352 kB
Node 1 Inactive:          65768 kB
Node 1 Active(anon):      23912 kB
Node 1 Inactive(anon):      384 kB
Node 1 Active(file):      24440 kB
Node 1 Inactive(file):    65384 kB
Node 1 Unevictable:       13876 kB
Node 1 Mlocked:           13876 kB
Node 1 Dirty:                48 kB
Node 1 Writeback:             0 kB
Node 1 FilePages:         94020 kB
Node 1 Mapped:            45812 kB
Node 1 AnonPages:         33992 kB
Node 1 Shmem:               568 kB
Node 1 KernelStack:        2232 kB
Node 1 PageTables:          804 kB
Node 1 NFS_Unstable:          0 kB
Node 1 Bounce:                0 kB
Node 1 WritebackTmp:          0 kB
Node 1 KReclaimable:      26368 kB
Node 1 Slab:              70336 kB
Node 1 SReclaimable:      26368 kB
Node 1 SUnreclaim:        43968 kB
Node 1 AnonHugePages:         0 kB
Node 1 ShmemHugePages:        0 kB
Node 1 ShmemPmdMapped:        0 kB
Node 1 FileHugePages:        0 kB
Node 1 FilePmdMapped:        0 kB
Node 1 HugePages_Total:     0
Node 1 HugePages_Free:      0
Node 1 HugePages_Surp:      0

Mount tmpfs
Node 0 MemTotal:       24768352 kB
Node 0 MemFree:        24555952 kB
Node 0 MemUsed:          212400 kB
Node 0 Active:            47176 kB
Node 0 Inactive:          13656 kB
Node 0 Active(anon):      11032 kB
Node 0 Inactive(anon):      476 kB
Node 0 Active(file):      36144 kB
Node 0 Inactive(file):    13180 kB
Node 0 Unevictable:        4572 kB
Node 0 Mlocked:            4572 kB
Node 0 Dirty:                44 kB
Node 0 Writeback:             0 kB
Node 0 FilePages:         54536 kB
Node 0 Mapped:            14124 kB
Node 0 AnonPages:         11344 kB
Node 0 Shmem:               644 kB
Node 0 KernelStack:        2264 kB
Node 0 PageTables:          360 kB
Node 0 NFS_Unstable:          0 kB
Node 0 Bounce:                0 kB
Node 0 WritebackTmp:          0 kB
Node 0 KReclaimable:      18632 kB
Node 0 Slab:              49672 kB
Node 0 SReclaimable:      18632 kB
Node 0 SUnreclaim:        31040 kB
Node 0 AnonHugePages:         0 kB
Node 0 ShmemHugePages:        0 kB
Node 0 ShmemPmdMapped:        0 kB
Node 0 FileHugePages:        0 kB
Node 0 FilePmdMapped:        0 kB
Node 0 HugePages_Total:     0
Node 0 HugePages_Free:      0
Node 0 HugePages_Surp:      0

Node 1 MemTotal:       24661368 kB
Node 1 MemFree:        24373844 kB
Node 1 MemUsed:          287524 kB
Node 1 Active:            48352 kB
Node 1 Inactive:          65768 kB
Node 1 Active(anon):      23912 kB
Node 1 Inactive(anon):      384 kB
Node 1 Active(file):      24440 kB
Node 1 Inactive(file):    65384 kB
Node 1 Unevictable:       13876 kB
Node 1 Mlocked:           13876 kB
Node 1 Dirty:                48 kB
Node 1 Writeback:             0 kB
Node 1 FilePages:         94020 kB
Node 1 Mapped:            45812 kB
Node 1 AnonPages:         33992 kB
Node 1 Shmem:               568 kB
Node 1 KernelStack:        2232 kB
Node 1 PageTables:          804 kB
Node 1 NFS_Unstable:          0 kB
Node 1 Bounce:                0 kB
Node 1 WritebackTmp:          0 kB
Node 1 KReclaimable:      26368 kB
Node 1 Slab:              70336 kB
Node 1 SReclaimable:      26368 kB
Node 1 SUnreclaim:        43968 kB
Node 1 AnonHugePages:         0 kB
Node 1 ShmemHugePages:        0 kB
Node 1 ShmemPmdMapped:        0 kB
Node 1 FileHugePages:        0 kB
Node 1 FilePmdMapped:        0 kB
Node 1 HugePages_Total:     0
Node 1 HugePages_Free:      0
Node 1 HugePages_Surp:      0

Create File
Node 0 MemTotal:       24768352 kB
Node 0 MemFree:        24556548 kB
Node 0 MemUsed:          211804 kB
Node 0 Active:            46396 kB
Node 0 Inactive:          13696 kB
Node 0 Active(anon):       9712 kB
Node 0 Inactive(anon):      476 kB
Node 0 Active(file):      36684 kB
Node 0 Inactive(file):    13220 kB
Node 0 Unevictable:        4572 kB
Node 0 Mlocked:            4572 kB
Node 0 Dirty:                44 kB
Node 0 Writeback:             0 kB
Node 0 FilePages:         55120 kB
Node 0 Mapped:            14084 kB
Node 0 AnonPages:          9592 kB
Node 0 Shmem:               644 kB
Node 0 KernelStack:        2264 kB
Node 0 PageTables:          268 kB
Node 0 NFS_Unstable:          0 kB
Node 0 Bounce:                0 kB
Node 0 WritebackTmp:          0 kB
Node 0 KReclaimable:      18880 kB
Node 0 Slab:              50548 kB
Node 0 SReclaimable:      18880 kB
Node 0 SUnreclaim:        31668 kB
Node 0 AnonHugePages:         0 kB
Node 0 ShmemHugePages:        0 kB
Node 0 ShmemPmdMapped:        0 kB
Node 0 FileHugePages:        0 kB
Node 0 FilePmdMapped:        0 kB
Node 0 HugePages_Total:     0
Node 0 HugePages_Free:      0
Node 0 HugePages_Surp:      0

Node 1 MemTotal:       24661368 kB
Node 1 MemFree:        23323644 kB
Node 1 MemUsed:         1337724 kB
Node 1 Active:            48528 kB
Node 1 Inactive:        1114068 kB
Node 1 Active(anon):      24080 kB
Node 1 Inactive(anon):  1048640 kB
Node 1 Active(file):      24448 kB
Node 1 Inactive(file):    65428 kB
Node 1 Unevictable:       13876 kB
Node 1 Mlocked:           13876 kB
Node 1 Dirty:                48 kB
Node 1 Writeback:             0 kB
Node 1 FilePages:       1142364 kB
Node 1 Mapped:            45864 kB
Node 1 AnonPages:         34200 kB
Node 1 Shmem:           1048860 kB
Node 1 KernelStack:        2216 kB
Node 1 PageTables:          848 kB
Node 1 NFS_Unstable:          0 kB
Node 1 Bounce:                0 kB
Node 1 WritebackTmp:          0 kB
Node 1 KReclaimable:      28552 kB
Node 1 Slab:              72948 kB
Node 1 SReclaimable:      28552 kB
Node 1 SUnreclaim:        44396 kB
Node 1 AnonHugePages:         0 kB
Node 1 ShmemHugePages:        0 kB
Node 1 ShmemPmdMapped:        0 kB
Node 1 FileHugePages:        0 kB
Node 1 FilePmdMapped:        0 kB
Node 1 HugePages_Total:     0
Node 1 HugePages_Free:      0
Node 1 HugePages_Surp:      0

After Test
Node 0 MemTotal:       24768352 kB
Node 0 MemFree:        24557020 kB
Node 0 MemUsed:          211332 kB
Node 0 Active:            46496 kB
Node 0 Inactive:          13656 kB
Node 0 Active(anon):       9768 kB
Node 0 Inactive(anon):      476 kB
Node 0 Active(file):      36728 kB
Node 0 Inactive(file):    13180 kB
Node 0 Unevictable:        4572 kB
Node 0 Mlocked:            4572 kB
Node 0 Dirty:                80 kB
Node 0 Writeback:             0 kB
Node 0 FilePages:         55120 kB
Node 0 Mapped:            14084 kB
Node 0 AnonPages:          9600 kB
Node 0 Shmem:               644 kB
Node 0 KernelStack:        2248 kB
Node 0 PageTables:          268 kB
Node 0 NFS_Unstable:          0 kB
Node 0 Bounce:                0 kB
Node 0 WritebackTmp:          0 kB
Node 0 KReclaimable:      18912 kB
Node 0 Slab:              50632 kB
Node 0 SReclaimable:      18912 kB
Node 0 SUnreclaim:        31720 kB
Node 0 AnonHugePages:         0 kB
Node 0 ShmemHugePages:        0 kB
Node 0 ShmemPmdMapped:        0 kB
Node 0 FileHugePages:        0 kB
Node 0 FilePmdMapped:        0 kB
Node 0 HugePages_Total:     0
Node 0 HugePages_Free:      0
Node 0 HugePages_Surp:      0

Node 1 MemTotal:       24661368 kB
Node 1 MemFree:        23304952 kB
Node 1 MemUsed:         1356416 kB
Node 1 Active:          1099500 kB
Node 1 Inactive:          78800 kB
Node 1 Active(anon):    1072660 kB
Node 1 Inactive(anon):      528 kB
Node 1 Active(file):      26840 kB
Node 1 Inactive(file):    78272 kB
Node 1 Unevictable:       13876 kB
Node 1 Mlocked:           13876 kB
Node 1 Dirty:                56 kB
Node 1 Writeback:             0 kB
Node 1 FilePages:       1157852 kB
Node 1 Mapped:            46144 kB
Node 1 AnonPages:         34208 kB
Node 1 Shmem:           1049312 kB
Node 1 KernelStack:        2232 kB
Node 1 PageTables:          688 kB
Node 1 NFS_Unstable:          0 kB
Node 1 Bounce:                0 kB
Node 1 WritebackTmp:          0 kB
Node 1 KReclaimable:      30272 kB
Node 1 Slab:              75308 kB
Node 1 SReclaimable:      30272 kB
Node 1 SUnreclaim:        45036 kB
Node 1 AnonHugePages:         0 kB
Node 1 ShmemHugePages:        0 kB
Node 1 ShmemPmdMapped:        0 kB
Node 1 FileHugePages:        0 kB
Node 1 FilePmdMapped:        0 kB
Node 1 HugePages_Total:     0
Node 1 HugePages_Free:      0
Node 1 HugePages_Surp:      0

1.onefio.1G Complete!
