U.1.fio.2-1G.1.O
Begin
Node 0 MemTotal:       24743736 kB
Node 0 MemFree:        24512504 kB
Node 0 MemUsed:          231232 kB
Node 0 Active:            37964 kB
Node 0 Inactive:          51216 kB
Node 0 Active(anon):      13088 kB
Node 0 Inactive(anon):      420 kB
Node 0 Active(file):      24876 kB
Node 0 Inactive(file):    50796 kB
Node 0 Unevictable:        5564 kB
Node 0 Mlocked:            5564 kB
Node 0 Dirty:               116 kB
Node 0 Writeback:             0 kB
Node 0 FilePages:         81856 kB
Node 0 Mapped:            21524 kB
Node 0 AnonPages:         12928 kB
Node 0 Shmem:               624 kB
Node 0 KernelStack:        2072 kB
Node 0 PageTables:          492 kB
Node 0 NFS_Unstable:          0 kB
Node 0 Bounce:                0 kB
Node 0 WritebackTmp:          0 kB
Node 0 KReclaimable:      15140 kB
Node 0 Slab:              47468 kB
Node 0 SReclaimable:      15140 kB
Node 0 SUnreclaim:        32328 kB
Node 0 AnonHugePages:         0 kB
Node 0 ShmemHugePages:        0 kB
Node 0 ShmemPmdMapped:        0 kB
Node 0 FileHugePages:        0 kB
Node 0 FilePmdMapped:        0 kB
Node 0 HugePages_Total:     0
Node 0 HugePages_Free:      0
Node 0 HugePages_Surp:      0

Node 1 MemTotal:       24686196 kB
Node 1 MemFree:        24279148 kB
Node 1 MemUsed:          407048 kB
Node 1 Active:            58556 kB
Node 1 Inactive:          65544 kB
Node 1 Active(anon):      20312 kB
Node 1 Inactive(anon):      460 kB
Node 1 Active(file):      38244 kB
Node 1 Inactive(file):    65084 kB
Node 1 Unevictable:       12960 kB
Node 1 Mlocked:           12960 kB
Node 1 Dirty:               404 kB
Node 1 Writeback:             0 kB
Node 1 FilePages:        106748 kB
Node 1 Mapped:            50524 kB
Node 1 AnonPages:         30460 kB
Node 1 Shmem:               644 kB
Node 1 KernelStack:        1560 kB
Node 1 PageTables:          692 kB
Node 1 NFS_Unstable:          0 kB
Node 1 Bounce:                0 kB
Node 1 WritebackTmp:          0 kB
Node 1 KReclaimable:      26064 kB
Node 1 Slab:              57712 kB
Node 1 SReclaimable:      26064 kB
Node 1 SUnreclaim:        31648 kB
Node 1 AnonHugePages:         0 kB
Node 1 ShmemHugePages:        0 kB
Node 1 ShmemPmdMapped:        0 kB
Node 1 FileHugePages:        0 kB
Node 1 FilePmdMapped:        0 kB
Node 1 HugePages_Total:     0
Node 1 HugePages_Free:      0
Node 1 HugePages_Surp:      0

Load ZFS
Node 0 MemTotal:       24743736 kB
Node 0 MemFree:        24503488 kB
Node 0 MemUsed:          240248 kB
Node 0 Active:            44832 kB
Node 0 Inactive:          51676 kB
Node 0 Active(anon):      19592 kB
Node 0 Inactive(anon):      420 kB
Node 0 Active(file):      25240 kB
Node 0 Inactive(file):    51256 kB
Node 0 Unevictable:        5564 kB
Node 0 Mlocked:            5564 kB
Node 0 Dirty:               128 kB
Node 0 Writeback:             0 kB
Node 0 FilePages:         82680 kB
Node 0 Mapped:            21684 kB
Node 0 AnonPages:         19468 kB
Node 0 Shmem:               624 kB
Node 0 KernelStack:        2216 kB
Node 0 PageTables:          888 kB
Node 0 NFS_Unstable:          0 kB
Node 0 Bounce:                0 kB
Node 0 WritebackTmp:          0 kB
Node 0 KReclaimable:      15584 kB
Node 0 Slab:              49568 kB
Node 0 SReclaimable:      15584 kB
Node 0 SUnreclaim:        33984 kB
Node 0 AnonHugePages:         0 kB
Node 0 ShmemHugePages:        0 kB
Node 0 ShmemPmdMapped:        0 kB
Node 0 FileHugePages:        0 kB
Node 0 FilePmdMapped:        0 kB
Node 0 HugePages_Total:     0
Node 0 HugePages_Free:      0
Node 0 HugePages_Surp:      0

Node 1 MemTotal:       24686196 kB
Node 1 MemFree:        24273916 kB
Node 1 MemUsed:          412280 kB
Node 1 Active:            65212 kB
Node 1 Inactive:          61128 kB
Node 1 Active(anon):      20720 kB
Node 1 Inactive(anon):      464 kB
Node 1 Active(file):      44492 kB
Node 1 Inactive(file):    60664 kB
Node 1 Unevictable:       12960 kB
Node 1 Mlocked:           12960 kB
Node 1 Dirty:               208 kB
Node 1 Writeback:             0 kB
Node 1 FilePages:        108432 kB
Node 1 Mapped:            50524 kB
Node 1 AnonPages:         30780 kB
Node 1 Shmem:               644 kB
Node 1 KernelStack:        1576 kB
Node 1 PageTables:          748 kB
Node 1 NFS_Unstable:          0 kB
Node 1 Bounce:                0 kB
Node 1 WritebackTmp:          0 kB
Node 1 KReclaimable:      26596 kB
Node 1 Slab:              59776 kB
Node 1 SReclaimable:      26596 kB
Node 1 SUnreclaim:        33180 kB
Node 1 AnonHugePages:         0 kB
Node 1 ShmemHugePages:        0 kB
Node 1 ShmemPmdMapped:        0 kB
Node 1 FileHugePages:        0 kB
Node 1 FilePmdMapped:        0 kB
Node 1 HugePages_Total:     0
Node 1 HugePages_Free:      0
Node 1 HugePages_Surp:      0

Import tank ZPool
Node 0 MemTotal:       24743736 kB
Node 0 MemFree:        24490068 kB
Node 0 MemUsed:          253668 kB
Node 0 Active:            44852 kB
Node 0 Inactive:          51680 kB
Node 0 Active(anon):      19612 kB
Node 0 Inactive(anon):      420 kB
Node 0 Active(file):      25240 kB
Node 0 Inactive(file):    51260 kB
Node 0 Unevictable:        5564 kB
Node 0 Mlocked:            5564 kB
Node 0 Dirty:               132 kB
Node 0 Writeback:             0 kB
Node 0 FilePages:         82712 kB
Node 0 Mapped:            21740 kB
Node 0 AnonPages:         19492 kB
Node 0 Shmem:               620 kB
Node 0 KernelStack:        3336 kB
Node 0 PageTables:          888 kB
Node 0 NFS_Unstable:          0 kB
Node 0 Bounce:                0 kB
Node 0 WritebackTmp:          0 kB
Node 0 KReclaimable:      15592 kB
Node 0 Slab:              52272 kB
Node 0 SReclaimable:      15592 kB
Node 0 SUnreclaim:        36680 kB
Node 0 AnonHugePages:         0 kB
Node 0 ShmemHugePages:        0 kB
Node 0 ShmemPmdMapped:        0 kB
Node 0 FileHugePages:        0 kB
Node 0 FilePmdMapped:        0 kB
Node 0 HugePages_Total:     0
Node 0 HugePages_Free:      0
Node 0 HugePages_Surp:      0

Node 1 MemTotal:       24686196 kB
Node 1 MemFree:        24268432 kB
Node 1 MemUsed:          417764 kB
Node 1 Active:            65976 kB
Node 1 Inactive:          62308 kB
Node 1 Active(anon):      21140 kB
Node 1 Inactive(anon):      468 kB
Node 1 Active(file):      44836 kB
Node 1 Inactive(file):    61840 kB
Node 1 Unevictable:       12960 kB
Node 1 Mlocked:           12960 kB
Node 1 Dirty:               232 kB
Node 1 Writeback:             0 kB
Node 1 FilePages:        109960 kB
Node 1 Mapped:            50728 kB
Node 1 AnonPages:         31096 kB
Node 1 Shmem:               648 kB
Node 1 KernelStack:        1576 kB
Node 1 PageTables:          780 kB
Node 1 NFS_Unstable:          0 kB
Node 1 Bounce:                0 kB
Node 1 WritebackTmp:          0 kB
Node 1 KReclaimable:      26712 kB
Node 1 Slab:              64232 kB
Node 1 SReclaimable:      26712 kB
Node 1 SUnreclaim:        37520 kB
Node 1 AnonHugePages:         0 kB
Node 1 ShmemHugePages:        0 kB
Node 1 ShmemPmdMapped:        0 kB
Node 1 FileHugePages:        0 kB
Node 1 FilePmdMapped:        0 kB
Node 1 HugePages_Total:     0
Node 1 HugePages_Free:      0
Node 1 HugePages_Surp:      0

After Test
Node 0 MemTotal:       24743736 kB
Node 0 MemFree:        23760704 kB
Node 0 MemUsed:          983032 kB
Node 0 Active:            37512 kB
Node 0 Inactive:          51680 kB
Node 0 Active(anon):      12232 kB
Node 0 Inactive(anon):      420 kB
Node 0 Active(file):      25280 kB
Node 0 Inactive(file):    51260 kB
Node 0 Unevictable:        5564 kB
Node 0 Mlocked:            5564 kB
Node 0 Dirty:                12 kB
Node 0 Writeback:             0 kB
Node 0 FilePages:         82720 kB
Node 0 Mapped:            21524 kB
Node 0 AnonPages:         12032 kB
Node 0 Shmem:               620 kB
Node 0 KernelStack:        3160 kB
Node 0 PageTables:          420 kB
Node 0 NFS_Unstable:          0 kB
Node 0 Bounce:                0 kB
Node 0 WritebackTmp:          0 kB
Node 0 KReclaimable:      15596 kB
Node 0 Slab:              54908 kB
Node 0 SReclaimable:      15596 kB
Node 0 SUnreclaim:        39312 kB
Node 0 AnonHugePages:         0 kB
Node 0 ShmemHugePages:        0 kB
Node 0 ShmemPmdMapped:        0 kB
Node 0 FileHugePages:        0 kB
Node 0 FilePmdMapped:        0 kB
Node 0 HugePages_Total:     0
Node 0 HugePages_Free:      0
Node 0 HugePages_Surp:      0

Node 1 MemTotal:       24686196 kB
Node 1 MemFree:        23126152 kB
Node 1 MemUsed:         1560044 kB
Node 1 Active:            66604 kB
Node 1 Inactive:          63216 kB
Node 1 Active(anon):      20544 kB
Node 1 Inactive(anon):      496 kB
Node 1 Active(file):      46060 kB
Node 1 Inactive(file):    62720 kB
Node 1 Unevictable:       12960 kB
Node 1 Mlocked:           12960 kB
Node 1 Dirty:               204 kB
Node 1 Writeback:             0 kB
Node 1 FilePages:        112104 kB
Node 1 Mapped:            50792 kB
Node 1 AnonPages:         30636 kB
Node 1 Shmem:               692 kB
Node 1 KernelStack:        1560 kB
Node 1 PageTables:          896 kB
Node 1 NFS_Unstable:          0 kB
Node 1 Bounce:                0 kB
Node 1 WritebackTmp:          0 kB
Node 1 KReclaimable:      27992 kB
Node 1 Slab:              72528 kB
Node 1 SReclaimable:      27992 kB
Node 1 SUnreclaim:        44536 kB
Node 1 AnonHugePages:         0 kB
Node 1 ShmemHugePages:        0 kB
Node 1 ShmemPmdMapped:        0 kB
Node 1 FileHugePages:        0 kB
Node 1 FilePmdMapped:        0 kB
Node 1 HugePages_Total:     0
Node 1 HugePages_Free:      0
Node 1 HugePages_Surp:      0

After Opposite Node
Node 0 MemTotal:       24743736 kB
Node 0 MemFree:        23758672 kB
Node 0 MemUsed:          985064 kB
Node 0 Active:            37724 kB
Node 0 Inactive:          51728 kB
Node 0 Active(anon):      12436 kB
Node 0 Inactive(anon):      456 kB
Node 0 Active(file):      25288 kB
Node 0 Inactive(file):    51272 kB
Node 0 Unevictable:        5564 kB
Node 0 Mlocked:            5564 kB
Node 0 Dirty:                24 kB
Node 0 Writeback:             0 kB
Node 0 FilePages:         82784 kB
Node 0 Mapped:            21568 kB
Node 0 AnonPages:         12092 kB
Node 0 Shmem:               664 kB
Node 0 KernelStack:        3032 kB
Node 0 PageTables:          536 kB
Node 0 NFS_Unstable:          0 kB
Node 0 Bounce:                0 kB
Node 0 WritebackTmp:          0 kB
Node 0 KReclaimable:      15648 kB
Node 0 Slab:              55524 kB
Node 0 SReclaimable:      15648 kB
Node 0 SUnreclaim:        39876 kB
Node 0 AnonHugePages:         0 kB
Node 0 ShmemHugePages:        0 kB
Node 0 ShmemPmdMapped:        0 kB
Node 0 FileHugePages:        0 kB
Node 0 FilePmdMapped:        0 kB
Node 0 HugePages_Total:     0
Node 0 HugePages_Free:      0
Node 0 HugePages_Surp:      0

Node 1 MemTotal:       24686196 kB
Node 1 MemFree:        23126964 kB
Node 1 MemUsed:         1559232 kB
Node 1 Active:            66596 kB
Node 1 Inactive:          63028 kB
Node 1 Active(anon):      20356 kB
Node 1 Inactive(anon):      468 kB
Node 1 Active(file):      46240 kB
Node 1 Inactive(file):    62560 kB
Node 1 Unevictable:       12960 kB
Node 1 Mlocked:           12960 kB
Node 1 Dirty:               236 kB
Node 1 Writeback:             0 kB
Node 1 FilePages:        112080 kB
Node 1 Mapped:            50760 kB
Node 1 AnonPages:         30504 kB
Node 1 Shmem:               648 kB
Node 1 KernelStack:        1572 kB
Node 1 PageTables:          720 kB
Node 1 NFS_Unstable:          0 kB
Node 1 Bounce:                0 kB
Node 1 WritebackTmp:          0 kB
Node 1 KReclaimable:      27992 kB
Node 1 Slab:              72508 kB
Node 1 SReclaimable:      27992 kB
Node 1 SUnreclaim:        44516 kB
Node 1 AnonHugePages:         0 kB
Node 1 ShmemHugePages:        0 kB
Node 1 ShmemPmdMapped:        0 kB
Node 1 FileHugePages:        0 kB
Node 1 FilePmdMapped:        0 kB
Node 1 HugePages_Total:     0
Node 1 HugePages_Free:      0
Node 1 HugePages_Surp:      0

U.1.fio.2-1G.1.O Complete!
