U.1.fio.4G.2.O
Begin
Node 0 MemTotal:       24743736 kB
Node 0 MemFree:        24410396 kB
Node 0 MemUsed:          333340 kB
Node 0 Active:            32416 kB
Node 0 Inactive:          23536 kB
Node 0 Active(anon):      12024 kB
Node 0 Inactive(anon):      332 kB
Node 0 Active(file):      20392 kB
Node 0 Inactive(file):    23204 kB
Node 0 Unevictable:       13016 kB
Node 0 Mlocked:           13016 kB
Node 0 Dirty:               236 kB
Node 0 Writeback:             0 kB
Node 0 FilePages:         46820 kB
Node 0 Mapped:            11912 kB
Node 0 AnonPages:         22200 kB
Node 0 Shmem:               508 kB
Node 0 KernelStack:        2008 kB
Node 0 PageTables:          456 kB
Node 0 NFS_Unstable:          0 kB
Node 0 Bounce:                0 kB
Node 0 WritebackTmp:          0 kB
Node 0 KReclaimable:      16356 kB
Node 0 Slab:              47872 kB
Node 0 SReclaimable:      16356 kB
Node 0 SUnreclaim:        31516 kB
Node 0 AnonHugePages:         0 kB
Node 0 ShmemHugePages:        0 kB
Node 0 ShmemPmdMapped:        0 kB
Node 0 FileHugePages:        0 kB
Node 0 FilePmdMapped:        0 kB
Node 0 HugePages_Total:     0
Node 0 HugePages_Free:      0
Node 0 HugePages_Surp:      0

Node 1 MemTotal:       24686196 kB
Node 1 MemFree:        24393272 kB
Node 1 MemUsed:          292924 kB
Node 1 Active:            62956 kB
Node 1 Inactive:          82188 kB
Node 1 Active(anon):      21684 kB
Node 1 Inactive(anon):      532 kB
Node 1 Active(file):      41272 kB
Node 1 Inactive(file):    81656 kB
Node 1 Unevictable:        5504 kB
Node 1 Mlocked:            5504 kB
Node 1 Dirty:               288 kB
Node 1 Writeback:             0 kB
Node 1 FilePages:        129188 kB
Node 1 Mapped:            48272 kB
Node 1 AnonPages:         21596 kB
Node 1 Shmem:               760 kB
Node 1 KernelStack:        1608 kB
Node 1 PageTables:          684 kB
Node 1 NFS_Unstable:          0 kB
Node 1 Bounce:                0 kB
Node 1 WritebackTmp:          0 kB
Node 1 KReclaimable:      24568 kB
Node 1 Slab:              56632 kB
Node 1 SReclaimable:      24568 kB
Node 1 SUnreclaim:        32064 kB
Node 1 AnonHugePages:         0 kB
Node 1 ShmemHugePages:        0 kB
Node 1 ShmemPmdMapped:        0 kB
Node 1 FileHugePages:        0 kB
Node 1 FilePmdMapped:        0 kB
Node 1 HugePages_Total:     0
Node 1 HugePages_Free:      0
Node 1 HugePages_Surp:      0

Load ZFS
Node 0 MemTotal:       24743736 kB
Node 0 MemFree:        24405844 kB
Node 0 MemUsed:          337892 kB
Node 0 Active:            38316 kB
Node 0 Inactive:          19040 kB
Node 0 Active(anon):      12136 kB
Node 0 Inactive(anon):      332 kB
Node 0 Active(file):      26180 kB
Node 0 Inactive(file):    18708 kB
Node 0 Unevictable:       13016 kB
Node 0 Mlocked:           13016 kB
Node 0 Dirty:               236 kB
Node 0 Writeback:             0 kB
Node 0 FilePages:         48088 kB
Node 0 Mapped:            12072 kB
Node 0 AnonPages:         22160 kB
Node 0 Shmem:               508 kB
Node 0 KernelStack:        2040 kB
Node 0 PageTables:          516 kB
Node 0 NFS_Unstable:          0 kB
Node 0 Bounce:                0 kB
Node 0 WritebackTmp:          0 kB
Node 0 KReclaimable:      16768 kB
Node 0 Slab:              49612 kB
Node 0 SReclaimable:      16768 kB
Node 0 SUnreclaim:        32844 kB
Node 0 AnonHugePages:         0 kB
Node 0 ShmemHugePages:        0 kB
Node 0 ShmemPmdMapped:        0 kB
Node 0 FileHugePages:        0 kB
Node 0 FilePmdMapped:        0 kB
Node 0 HugePages_Total:     0
Node 0 HugePages_Free:      0
Node 0 HugePages_Surp:      0

Node 1 MemTotal:       24686196 kB
Node 1 MemFree:        24387100 kB
Node 1 MemUsed:          299096 kB
Node 1 Active:            66884 kB
Node 1 Inactive:          82784 kB
Node 1 Active(anon):      24948 kB
Node 1 Inactive(anon):      536 kB
Node 1 Active(file):      41936 kB
Node 1 Inactive(file):    82248 kB
Node 1 Unevictable:        5504 kB
Node 1 Mlocked:            5504 kB
Node 1 Dirty:               320 kB
Node 1 Writeback:             0 kB
Node 1 FilePages:        130444 kB
Node 1 Mapped:            48284 kB
Node 1 AnonPages:         24744 kB
Node 1 Shmem:               760 kB
Node 1 KernelStack:        1640 kB
Node 1 PageTables:          844 kB
Node 1 NFS_Unstable:          0 kB
Node 1 Bounce:                0 kB
Node 1 WritebackTmp:          0 kB
Node 1 KReclaimable:      25100 kB
Node 1 Slab:              58592 kB
Node 1 SReclaimable:      25100 kB
Node 1 SUnreclaim:        33492 kB
Node 1 AnonHugePages:         0 kB
Node 1 ShmemHugePages:        0 kB
Node 1 ShmemPmdMapped:        0 kB
Node 1 FileHugePages:        0 kB
Node 1 FilePmdMapped:        0 kB
Node 1 HugePages_Total:     0
Node 1 HugePages_Free:      0
Node 1 HugePages_Surp:      0

Import tank ZPool
Node 0 MemTotal:       24743736 kB
Node 0 MemFree:        24400132 kB
Node 0 MemUsed:          343604 kB
Node 0 Active:            38852 kB
Node 0 Inactive:          20148 kB
Node 0 Active(anon):      12324 kB
Node 0 Inactive(anon):      336 kB
Node 0 Active(file):      26528 kB
Node 0 Inactive(file):    19812 kB
Node 0 Unevictable:       13016 kB
Node 0 Mlocked:           13016 kB
Node 0 Dirty:                16 kB
Node 0 Writeback:             0 kB
Node 0 FilePages:         49548 kB
Node 0 Mapped:            12132 kB
Node 0 AnonPages:         22664 kB
Node 0 Shmem:               512 kB
Node 0 KernelStack:        2072 kB
Node 0 PageTables:          532 kB
Node 0 NFS_Unstable:          0 kB
Node 0 Bounce:                0 kB
Node 0 WritebackTmp:          0 kB
Node 0 KReclaimable:      16892 kB
Node 0 Slab:              54336 kB
Node 0 SReclaimable:      16892 kB
Node 0 SUnreclaim:        37444 kB
Node 0 AnonHugePages:         0 kB
Node 0 ShmemHugePages:        0 kB
Node 0 ShmemPmdMapped:        0 kB
Node 0 FileHugePages:        0 kB
Node 0 FilePmdMapped:        0 kB
Node 0 HugePages_Total:     0
Node 0 HugePages_Free:      0
Node 0 HugePages_Surp:      0

Node 1 MemTotal:       24686196 kB
Node 1 MemFree:        24371948 kB
Node 1 MemUsed:          314248 kB
Node 1 Active:            67108 kB
Node 1 Inactive:          82788 kB
Node 1 Active(anon):      25160 kB
Node 1 Inactive(anon):      536 kB
Node 1 Active(file):      41948 kB
Node 1 Inactive(file):    82252 kB
Node 1 Unevictable:        5504 kB
Node 1 Mlocked:            5504 kB
Node 1 Dirty:               308 kB
Node 1 Writeback:             0 kB
Node 1 FilePages:        130456 kB
Node 1 Mapped:            48484 kB
Node 1 AnonPages:         24956 kB
Node 1 Shmem:               756 kB
Node 1 KernelStack:        2760 kB
Node 1 PageTables:          844 kB
Node 1 NFS_Unstable:          0 kB
Node 1 Bounce:                0 kB
Node 1 WritebackTmp:          0 kB
Node 1 KReclaimable:      25136 kB
Node 1 Slab:              61280 kB
Node 1 SReclaimable:      25136 kB
Node 1 SUnreclaim:        36144 kB
Node 1 AnonHugePages:         0 kB
Node 1 ShmemHugePages:        0 kB
Node 1 ShmemPmdMapped:        0 kB
Node 1 FileHugePages:        0 kB
Node 1 FilePmdMapped:        0 kB
Node 1 HugePages_Total:     0
Node 1 HugePages_Free:      0
Node 1 HugePages_Surp:      0

After Test
Node 0 MemTotal:       24743736 kB
Node 0 MemFree:        23847748 kB
Node 0 MemUsed:          895988 kB
Node 0 Active:            38744 kB
Node 0 Inactive:          19920 kB
Node 0 Active(anon):      11672 kB
Node 0 Inactive(anon):      336 kB
Node 0 Active(file):      27072 kB
Node 0 Inactive(file):    19584 kB
Node 0 Unevictable:       13016 kB
Node 0 Mlocked:           13016 kB
Node 0 Dirty:                12 kB
Node 0 Writeback:             0 kB
Node 0 FilePages:         49868 kB
Node 0 Mapped:            11912 kB
Node 0 AnonPages:         21820 kB
Node 0 Shmem:               512 kB
Node 0 KernelStack:        1896 kB
Node 0 PageTables:          488 kB
Node 0 NFS_Unstable:          0 kB
Node 0 Bounce:                0 kB
Node 0 WritebackTmp:          0 kB
Node 0 KReclaimable:      16896 kB
Node 0 Slab:              56704 kB
Node 0 SReclaimable:      16896 kB
Node 0 SUnreclaim:        39808 kB
Node 0 AnonHugePages:         0 kB
Node 0 ShmemHugePages:        0 kB
Node 0 ShmemPmdMapped:        0 kB
Node 0 FileHugePages:        0 kB
Node 0 FilePmdMapped:        0 kB
Node 0 HugePages_Total:     0
Node 0 HugePages_Free:      0
Node 0 HugePages_Surp:      0

Node 1 MemTotal:       24686196 kB
Node 1 MemFree:        19887760 kB
Node 1 MemUsed:         4798436 kB
Node 1 Active:            63960 kB
Node 1 Inactive:          83976 kB
Node 1 Active(anon):      21232 kB
Node 1 Inactive(anon):      564 kB
Node 1 Active(file):      42728 kB
Node 1 Inactive(file):    83412 kB
Node 1 Unevictable:        5504 kB
Node 1 Mlocked:            5504 kB
Node 1 Dirty:                44 kB
Node 1 Writeback:             0 kB
Node 1 FilePages:        132440 kB
Node 1 Mapped:            48520 kB
Node 1 AnonPages:         20968 kB
Node 1 Shmem:               800 kB
Node 1 KernelStack:        2712 kB
Node 1 PageTables:          796 kB
Node 1 NFS_Unstable:          0 kB
Node 1 Bounce:                0 kB
Node 1 WritebackTmp:          0 kB
Node 1 KReclaimable:      26468 kB
Node 1 Slab:              80912 kB
Node 1 SReclaimable:      26468 kB
Node 1 SUnreclaim:        54444 kB
Node 1 AnonHugePages:         0 kB
Node 1 ShmemHugePages:        0 kB
Node 1 ShmemPmdMapped:        0 kB
Node 1 FileHugePages:        0 kB
Node 1 FilePmdMapped:        0 kB
Node 1 HugePages_Total:     0
Node 1 HugePages_Free:      0
Node 1 HugePages_Surp:      0

After Opposite Node
Node 0 MemTotal:       24743736 kB
Node 0 MemFree:        23848296 kB
Node 0 MemUsed:          895440 kB
Node 0 Active:            38948 kB
Node 0 Inactive:          19944 kB
Node 0 Active(anon):      11832 kB
Node 0 Inactive(anon):      364 kB
Node 0 Active(file):      27116 kB
Node 0 Inactive(file):    19580 kB
Node 0 Unevictable:       13016 kB
Node 0 Mlocked:           13016 kB
Node 0 Dirty:                40 kB
Node 0 Writeback:             0 kB
Node 0 FilePages:         49952 kB
Node 0 Mapped:            11956 kB
Node 0 AnonPages:         21876 kB
Node 0 Shmem:               556 kB
Node 0 KernelStack:        1912 kB
Node 0 PageTables:          604 kB
Node 0 NFS_Unstable:          0 kB
Node 0 Bounce:                0 kB
Node 0 WritebackTmp:          0 kB
Node 0 KReclaimable:      16948 kB
Node 0 Slab:              57984 kB
Node 0 SReclaimable:      16948 kB
Node 0 SUnreclaim:        41036 kB
Node 0 AnonHugePages:         0 kB
Node 0 ShmemHugePages:        0 kB
Node 0 ShmemPmdMapped:        0 kB
Node 0 FileHugePages:        0 kB
Node 0 FilePmdMapped:        0 kB
Node 0 HugePages_Total:     0
Node 0 HugePages_Free:      0
Node 0 HugePages_Surp:      0

Node 1 MemTotal:       24686196 kB
Node 1 MemFree:        19890780 kB
Node 1 MemUsed:         4795416 kB
Node 1 Active:            63992 kB
Node 1 Inactive:          83740 kB
Node 1 Active(anon):      21048 kB
Node 1 Inactive(anon):      536 kB
Node 1 Active(file):      42944 kB
Node 1 Inactive(file):    83204 kB
Node 1 Unevictable:        5504 kB
Node 1 Mlocked:            5504 kB
Node 1 Dirty:                56 kB
Node 1 Writeback:             0 kB
Node 1 FilePages:        132404 kB
Node 1 Mapped:            48500 kB
Node 1 AnonPages:         20828 kB
Node 1 Shmem:               756 kB
Node 1 KernelStack:        2680 kB
Node 1 PageTables:          620 kB
Node 1 NFS_Unstable:          0 kB
Node 1 Bounce:                0 kB
Node 1 WritebackTmp:          0 kB
Node 1 KReclaimable:      26468 kB
Node 1 Slab:              80616 kB
Node 1 SReclaimable:      26468 kB
Node 1 SUnreclaim:        54148 kB
Node 1 AnonHugePages:         0 kB
Node 1 ShmemHugePages:        0 kB
Node 1 ShmemPmdMapped:        0 kB
Node 1 FileHugePages:        0 kB
Node 1 FilePmdMapped:        0 kB
Node 1 HugePages_Total:     0
Node 1 HugePages_Free:      0
Node 1 HugePages_Surp:      0

U.1.fio.4G.2.O Complete!
