U.1.fio.4G.1.O
Begin
Node 0 MemTotal:       24768352 kB
Node 0 MemFree:        24407884 kB
Node 0 MemUsed:          360468 kB
Node 0 Active:            58424 kB
Node 0 Inactive:          25404 kB
Node 0 Active(anon):      22624 kB
Node 0 Inactive(anon):      400 kB
Node 0 Active(file):      35800 kB
Node 0 Inactive(file):    25004 kB
Node 0 Unevictable:       13660 kB
Node 0 Mlocked:           13660 kB
Node 0 Dirty:                28 kB
Node 0 Writeback:             0 kB
Node 0 FilePages:         64724 kB
Node 0 Mapped:            19388 kB
Node 0 AnonPages:         32832 kB
Node 0 Shmem:               588 kB
Node 0 KernelStack:        2104 kB
Node 0 PageTables:          680 kB
Node 0 NFS_Unstable:          0 kB
Node 0 Bounce:                0 kB
Node 0 WritebackTmp:          0 kB
Node 0 KReclaimable:      17712 kB
Node 0 Slab:              46732 kB
Node 0 SReclaimable:      17712 kB
Node 0 SUnreclaim:        29020 kB
Node 0 AnonHugePages:         0 kB
Node 0 ShmemHugePages:        0 kB
Node 0 ShmemPmdMapped:        0 kB
Node 0 FileHugePages:        0 kB
Node 0 FilePmdMapped:        0 kB
Node 0 HugePages_Total:     0
Node 0 HugePages_Free:      0
Node 0 HugePages_Surp:      0

Node 1 MemTotal:       24661580 kB
Node 1 MemFree:        24399524 kB
Node 1 MemUsed:          262056 kB
Node 1 Active:            36300 kB
Node 1 Inactive:          75860 kB
Node 1 Active(anon):      10948 kB
Node 1 Inactive(anon):      480 kB
Node 1 Active(file):      25352 kB
Node 1 Inactive(file):    75380 kB
Node 1 Unevictable:        4864 kB
Node 1 Mlocked:            4864 kB
Node 1 Dirty:               492 kB
Node 1 Writeback:             0 kB
Node 1 FilePages:        106316 kB
Node 1 Mapped:            38924 kB
Node 1 AnonPages:         10788 kB
Node 1 Shmem:               680 kB
Node 1 KernelStack:        1544 kB
Node 1 PageTables:          424 kB
Node 1 NFS_Unstable:          0 kB
Node 1 Bounce:                0 kB
Node 1 WritebackTmp:          0 kB
Node 1 KReclaimable:      24108 kB
Node 1 Slab:              59632 kB
Node 1 SReclaimable:      24108 kB
Node 1 SUnreclaim:        35524 kB
Node 1 AnonHugePages:         0 kB
Node 1 ShmemHugePages:        0 kB
Node 1 ShmemPmdMapped:        0 kB
Node 1 FileHugePages:        0 kB
Node 1 FilePmdMapped:        0 kB
Node 1 HugePages_Total:     0
Node 1 HugePages_Free:      0
Node 1 HugePages_Surp:      0

Load ZFS
Node 0 MemTotal:       24768352 kB
Node 0 MemFree:        24536164 kB
Node 0 MemUsed:          232188 kB
Node 0 Active:            68056 kB
Node 0 Inactive:          20988 kB
Node 0 Active(anon):      26860 kB
Node 0 Inactive(anon):      400 kB
Node 0 Active(file):      41196 kB
Node 0 Inactive(file):    20588 kB
Node 0 Unevictable:       13660 kB
Node 0 Mlocked:           13660 kB
Node 0 Dirty:                28 kB
Node 0 Writeback:             0 kB
Node 0 FilePages:         65704 kB
Node 0 Mapped:            19396 kB
Node 0 AnonPages:         37056 kB
Node 0 Shmem:               588 kB
Node 0 KernelStack:        2152 kB
Node 0 PageTables:          960 kB
Node 0 NFS_Unstable:          0 kB
Node 0 Bounce:                0 kB
Node 0 WritebackTmp:          0 kB
Node 0 KReclaimable:      18240 kB
Node 0 Slab:              48440 kB
Node 0 SReclaimable:      18240 kB
Node 0 SUnreclaim:        30200 kB
Node 0 AnonHugePages:         0 kB
Node 0 ShmemHugePages:        0 kB
Node 0 ShmemPmdMapped:        0 kB
Node 0 FileHugePages:        0 kB
Node 0 FilePmdMapped:        0 kB
Node 0 HugePages_Total:     0
Node 0 HugePages_Free:      0
Node 0 HugePages_Surp:      0

Node 1 MemTotal:       24661580 kB
Node 1 MemFree:        24260612 kB
Node 1 MemUsed:          400968 kB
Node 1 Active:            37828 kB
Node 1 Inactive:          76324 kB
Node 1 Active(anon):      11076 kB
Node 1 Inactive(anon):      484 kB
Node 1 Active(file):      26752 kB
Node 1 Inactive(file):    75840 kB
Node 1 Unevictable:        4864 kB
Node 1 Mlocked:            4864 kB
Node 1 Dirty:               516 kB
Node 1 Writeback:             0 kB
Node 1 FilePages:        108132 kB
Node 1 Mapped:            39092 kB
Node 1 AnonPages:         10744 kB
Node 1 Shmem:               680 kB
Node 1 KernelStack:        1592 kB
Node 1 PageTables:          476 kB
Node 1 NFS_Unstable:          0 kB
Node 1 Bounce:                0 kB
Node 1 WritebackTmp:          0 kB
Node 1 KReclaimable:      24532 kB
Node 1 Slab:              61756 kB
Node 1 SReclaimable:      24532 kB
Node 1 SUnreclaim:        37224 kB
Node 1 AnonHugePages:         0 kB
Node 1 ShmemHugePages:        0 kB
Node 1 ShmemPmdMapped:        0 kB
Node 1 FileHugePages:        0 kB
Node 1 FilePmdMapped:        0 kB
Node 1 HugePages_Total:     0
Node 1 HugePages_Free:      0
Node 1 HugePages_Surp:      0

Import tank ZPool
Node 0 MemTotal:       24768352 kB
Node 0 MemFree:        24532568 kB
Node 0 MemUsed:          235784 kB
Node 0 Active:            68100 kB
Node 0 Inactive:          20944 kB
Node 0 Active(anon):      26860 kB
Node 0 Inactive(anon):      400 kB
Node 0 Active(file):      41240 kB
Node 0 Inactive(file):    20544 kB
Node 0 Unevictable:       13660 kB
Node 0 Mlocked:           13660 kB
Node 0 Dirty:                36 kB
Node 0 Writeback:             0 kB
Node 0 FilePages:         65704 kB
Node 0 Mapped:            19412 kB
Node 0 AnonPages:         37084 kB
Node 0 Shmem:               588 kB
Node 0 KernelStack:        2168 kB
Node 0 PageTables:          960 kB
Node 0 NFS_Unstable:          0 kB
Node 0 Bounce:                0 kB
Node 0 WritebackTmp:          0 kB
Node 0 KReclaimable:      18240 kB
Node 0 Slab:              48640 kB
Node 0 SReclaimable:      18240 kB
Node 0 SUnreclaim:        30400 kB
Node 0 AnonHugePages:         0 kB
Node 0 ShmemHugePages:        0 kB
Node 0 ShmemPmdMapped:        0 kB
Node 0 FileHugePages:        0 kB
Node 0 FilePmdMapped:        0 kB
Node 0 HugePages_Total:     0
Node 0 HugePages_Free:      0
Node 0 HugePages_Surp:      0

Node 1 MemTotal:       24661580 kB
Node 1 MemFree:        24243552 kB
Node 1 MemUsed:          418028 kB
Node 1 Active:            38204 kB
Node 1 Inactive:          77480 kB
Node 1 Active(anon):      11100 kB
Node 1 Inactive(anon):      488 kB
Node 1 Active(file):      27104 kB
Node 1 Inactive(file):    76992 kB
Node 1 Unevictable:        4864 kB
Node 1 Mlocked:            4864 kB
Node 1 Dirty:               212 kB
Node 1 Writeback:             0 kB
Node 1 FilePages:        109692 kB
Node 1 Mapped:            39140 kB
Node 1 AnonPages:         10572 kB
Node 1 Shmem:               680 kB
Node 1 KernelStack:        2760 kB
Node 1 PageTables:          536 kB
Node 1 NFS_Unstable:          0 kB
Node 1 Bounce:                0 kB
Node 1 WritebackTmp:          0 kB
Node 1 KReclaimable:      24676 kB
Node 1 Slab:              68748 kB
Node 1 SReclaimable:      24676 kB
Node 1 SUnreclaim:        44072 kB
Node 1 AnonHugePages:         0 kB
Node 1 ShmemHugePages:        0 kB
Node 1 ShmemPmdMapped:        0 kB
Node 1 FileHugePages:        0 kB
Node 1 FilePmdMapped:        0 kB
Node 1 HugePages_Total:     0
Node 1 HugePages_Free:      0
Node 1 HugePages_Surp:      0

After Test
Node 0 MemTotal:       24768352 kB
Node 0 MemFree:        23880204 kB
Node 0 MemUsed:          888148 kB
Node 0 Active:            63224 kB
Node 0 Inactive:          20944 kB
Node 0 Active(anon):      21984 kB
Node 0 Inactive(anon):      400 kB
Node 0 Active(file):      41240 kB
Node 0 Inactive(file):    20544 kB
Node 0 Unevictable:       13660 kB
Node 0 Mlocked:           13660 kB
Node 0 Dirty:                 8 kB
Node 0 Writeback:             0 kB
Node 0 FilePages:         65704 kB
Node 0 Mapped:            19396 kB
Node 0 AnonPages:         32124 kB
Node 0 Shmem:               588 kB
Node 0 KernelStack:        2104 kB
Node 0 PageTables:          600 kB
Node 0 NFS_Unstable:          0 kB
Node 0 Bounce:                0 kB
Node 0 WritebackTmp:          0 kB
Node 0 KReclaimable:      18256 kB
Node 0 Slab:              52304 kB
Node 0 SReclaimable:      18256 kB
Node 0 SUnreclaim:        34048 kB
Node 0 AnonHugePages:         0 kB
Node 0 ShmemHugePages:        0 kB
Node 0 ShmemPmdMapped:        0 kB
Node 0 FileHugePages:        0 kB
Node 0 FilePmdMapped:        0 kB
Node 0 HugePages_Total:     0
Node 0 HugePages_Free:      0
Node 0 HugePages_Surp:      0

Node 1 MemTotal:       24661580 kB
Node 1 MemFree:        19860044 kB
Node 1 MemUsed:         4801536 kB
Node 1 Active:            39260 kB
Node 1 Inactive:          78420 kB
Node 1 Active(anon):      10860 kB
Node 1 Inactive(anon):      516 kB
Node 1 Active(file):      28400 kB
Node 1 Inactive(file):    77904 kB
Node 1 Unevictable:        4864 kB
Node 1 Mlocked:            4864 kB
Node 1 Dirty:                48 kB
Node 1 Writeback:             0 kB
Node 1 FilePages:        111896 kB
Node 1 Mapped:            39188 kB
Node 1 AnonPages:         10624 kB
Node 1 Shmem:               724 kB
Node 1 KernelStack:        2568 kB
Node 1 PageTables:          624 kB
Node 1 NFS_Unstable:          0 kB
Node 1 Bounce:                0 kB
Node 1 WritebackTmp:          0 kB
Node 1 KReclaimable:      26044 kB
Node 1 Slab:              86956 kB
Node 1 SReclaimable:      26044 kB
Node 1 SUnreclaim:        60912 kB
Node 1 AnonHugePages:         0 kB
Node 1 ShmemHugePages:        0 kB
Node 1 ShmemPmdMapped:        0 kB
Node 1 FileHugePages:        0 kB
Node 1 FilePmdMapped:        0 kB
Node 1 HugePages_Total:     0
Node 1 HugePages_Free:      0
Node 1 HugePages_Surp:      0

After Opposite Node
Node 0 MemTotal:       24768352 kB
Node 0 MemFree:        23876180 kB
Node 0 MemUsed:          892172 kB
Node 0 Active:            63416 kB
Node 0 Inactive:          20980 kB
Node 0 Active(anon):      22172 kB
Node 0 Inactive(anon):      428 kB
Node 0 Active(file):      41244 kB
Node 0 Inactive(file):    20552 kB
Node 0 Unevictable:       13660 kB
Node 0 Mlocked:           13660 kB
Node 0 Dirty:                24 kB
Node 0 Writeback:             0 kB
Node 0 FilePages:         65760 kB
Node 0 Mapped:            19440 kB
Node 0 AnonPages:         32268 kB
Node 0 Shmem:               632 kB
Node 0 KernelStack:        2104 kB
Node 0 PageTables:          772 kB
Node 0 NFS_Unstable:          0 kB
Node 0 Bounce:                0 kB
Node 0 WritebackTmp:          0 kB
Node 0 KReclaimable:      18288 kB
Node 0 Slab:              53416 kB
Node 0 SReclaimable:      18288 kB
Node 0 SUnreclaim:        35128 kB
Node 0 AnonHugePages:         0 kB
Node 0 ShmemHugePages:        0 kB
Node 0 ShmemPmdMapped:        0 kB
Node 0 FileHugePages:        0 kB
Node 0 FilePmdMapped:        0 kB
Node 0 HugePages_Total:     0
Node 0 HugePages_Free:      0
Node 0 HugePages_Surp:      0

Node 1 MemTotal:       24661580 kB
Node 1 MemFree:        19863712 kB
Node 1 MemUsed:         4797868 kB
Node 1 Active:            39296 kB
Node 1 Inactive:          78208 kB
Node 1 Active(anon):      10676 kB
Node 1 Inactive(anon):      488 kB
Node 1 Active(file):      28620 kB
Node 1 Inactive(file):    77720 kB
Node 1 Unevictable:        4864 kB
Node 1 Mlocked:            4864 kB
Node 1 Dirty:                72 kB
Node 1 Writeback:             0 kB
Node 1 FilePages:        111888 kB
Node 1 Mapped:            39116 kB
Node 1 AnonPages:         10484 kB
Node 1 Shmem:               680 kB
Node 1 KernelStack:        2536 kB
Node 1 PageTables:          448 kB
Node 1 NFS_Unstable:          0 kB
Node 1 Bounce:                0 kB
Node 1 WritebackTmp:          0 kB
Node 1 KReclaimable:      26044 kB
Node 1 Slab:              86436 kB
Node 1 SReclaimable:      26044 kB
Node 1 SUnreclaim:        60392 kB
Node 1 AnonHugePages:         0 kB
Node 1 ShmemHugePages:        0 kB
Node 1 ShmemPmdMapped:        0 kB
Node 1 FileHugePages:        0 kB
Node 1 FilePmdMapped:        0 kB
Node 1 HugePages_Total:     0
Node 1 HugePages_Free:      0
Node 1 HugePages_Surp:      0

U.1.fio.4G.1.O Complete!
