U.1.fio.16G.1.O
Begin
Node 0 MemTotal:       24768352 kB
Node 0 MemFree:        24390968 kB
Node 0 MemUsed:          377384 kB
Node 0 Active:            44240 kB
Node 0 Inactive:          56096 kB
Node 0 Active(anon):      19396 kB
Node 0 Inactive(anon):      528 kB
Node 0 Active(file):      24844 kB
Node 0 Inactive(file):    55568 kB
Node 0 Unevictable:       13732 kB
Node 0 Mlocked:           13732 kB
Node 0 Dirty:               376 kB
Node 0 Writeback:             0 kB
Node 0 FilePages:         84560 kB
Node 0 Mapped:            16796 kB
Node 0 AnonPages:         29672 kB
Node 0 Shmem:               728 kB
Node 0 KernelStack:        2072 kB
Node 0 PageTables:          564 kB
Node 0 NFS_Unstable:          0 kB
Node 0 Bounce:                0 kB
Node 0 WritebackTmp:          0 kB
Node 0 KReclaimable:      17564 kB
Node 0 Slab:              49260 kB
Node 0 SReclaimable:      17564 kB
Node 0 SUnreclaim:        31696 kB
Node 0 AnonHugePages:         0 kB
Node 0 ShmemHugePages:        0 kB
Node 0 ShmemPmdMapped:        0 kB
Node 0 FileHugePages:        0 kB
Node 0 FilePmdMapped:        0 kB
Node 0 HugePages_Total:     0
Node 0 HugePages_Free:      0
Node 0 HugePages_Surp:      0

Node 1 MemTotal:       24661580 kB
Node 1 MemFree:        24389700 kB
Node 1 MemUsed:          271880 kB
Node 1 Active:            52636 kB
Node 1 Inactive:          70604 kB
Node 1 Active(anon):      14416 kB
Node 1 Inactive(anon):      348 kB
Node 1 Active(file):      38220 kB
Node 1 Inactive(file):    70256 kB
Node 1 Unevictable:        4788 kB
Node 1 Mlocked:            4788 kB
Node 1 Dirty:               144 kB
Node 1 Writeback:             0 kB
Node 1 FilePages:        113800 kB
Node 1 Mapped:            61612 kB
Node 1 AnonPages:         14276 kB
Node 1 Shmem:               540 kB
Node 1 KernelStack:        1544 kB
Node 1 PageTables:          652 kB
Node 1 NFS_Unstable:          0 kB
Node 1 Bounce:                0 kB
Node 1 WritebackTmp:          0 kB
Node 1 KReclaimable:      23636 kB
Node 1 Slab:              56992 kB
Node 1 SReclaimable:      23636 kB
Node 1 SUnreclaim:        33356 kB
Node 1 AnonHugePages:         0 kB
Node 1 ShmemHugePages:        0 kB
Node 1 ShmemPmdMapped:        0 kB
Node 1 FileHugePages:        0 kB
Node 1 FilePmdMapped:        0 kB
Node 1 HugePages_Total:     0
Node 1 HugePages_Free:      0
Node 1 HugePages_Surp:      0

Load ZFS
Node 0 MemTotal:       24768352 kB
Node 0 MemFree:        24381348 kB
Node 0 MemUsed:          387004 kB
Node 0 Active:            54548 kB
Node 0 Inactive:          51608 kB
Node 0 Active(anon):      23852 kB
Node 0 Inactive(anon):      528 kB
Node 0 Active(file):      30696 kB
Node 0 Inactive(file):    51080 kB
Node 0 Unevictable:       13732 kB
Node 0 Mlocked:           13732 kB
Node 0 Dirty:               144 kB
Node 0 Writeback:             0 kB
Node 0 FilePages:         85912 kB
Node 0 Mapped:            16940 kB
Node 0 AnonPages:         33976 kB
Node 0 Shmem:               728 kB
Node 0 KernelStack:        2248 kB
Node 0 PageTables:          944 kB
Node 0 NFS_Unstable:          0 kB
Node 0 Bounce:                0 kB
Node 0 WritebackTmp:          0 kB
Node 0 KReclaimable:      18016 kB
Node 0 Slab:              51088 kB
Node 0 SReclaimable:      18016 kB
Node 0 SUnreclaim:        33072 kB
Node 0 AnonHugePages:         0 kB
Node 0 ShmemHugePages:        0 kB
Node 0 ShmemPmdMapped:        0 kB
Node 0 FileHugePages:        0 kB
Node 0 FilePmdMapped:        0 kB
Node 0 HugePages_Total:     0
Node 0 HugePages_Free:      0
Node 0 HugePages_Surp:      0

Node 1 MemTotal:       24661580 kB
Node 1 MemFree:        24385464 kB
Node 1 MemUsed:          276116 kB
Node 1 Active:            55640 kB
Node 1 Inactive:          71220 kB
Node 1 Active(anon):      16848 kB
Node 1 Inactive(anon):      348 kB
Node 1 Active(file):      38792 kB
Node 1 Inactive(file):    70872 kB
Node 1 Unevictable:        4788 kB
Node 1 Mlocked:            4788 kB
Node 1 Dirty:               192 kB
Node 1 Writeback:             0 kB
Node 1 FilePages:        114988 kB
Node 1 Mapped:            61668 kB
Node 1 AnonPages:         16756 kB
Node 1 Shmem:               540 kB
Node 1 KernelStack:        1528 kB
Node 1 PageTables:          652 kB
Node 1 NFS_Unstable:          0 kB
Node 1 Bounce:                0 kB
Node 1 WritebackTmp:          0 kB
Node 1 KReclaimable:      24128 kB
Node 1 Slab:              59184 kB
Node 1 SReclaimable:      24128 kB
Node 1 SUnreclaim:        35056 kB
Node 1 AnonHugePages:         0 kB
Node 1 ShmemHugePages:        0 kB
Node 1 ShmemPmdMapped:        0 kB
Node 1 FileHugePages:        0 kB
Node 1 FilePmdMapped:        0 kB
Node 1 HugePages_Total:     0
Node 1 HugePages_Free:      0
Node 1 HugePages_Surp:      0

Import tank ZPool
Node 0 MemTotal:       24768352 kB
Node 0 MemFree:        24373688 kB
Node 0 MemUsed:          394664 kB
Node 0 Active:            55656 kB
Node 0 Inactive:          52752 kB
Node 0 Active(anon):      24540 kB
Node 0 Inactive(anon):      532 kB
Node 0 Active(file):      31116 kB
Node 0 Inactive(file):    52220 kB
Node 0 Unevictable:       13732 kB
Node 0 Mlocked:           13732 kB
Node 0 Dirty:                36 kB
Node 0 Writeback:             0 kB
Node 0 FilePages:         87480 kB
Node 0 Mapped:            17024 kB
Node 0 AnonPages:         34464 kB
Node 0 Shmem:               732 kB
Node 0 KernelStack:        2280 kB
Node 0 PageTables:          976 kB
Node 0 NFS_Unstable:          0 kB
Node 0 Bounce:                0 kB
Node 0 WritebackTmp:          0 kB
Node 0 KReclaimable:      18156 kB
Node 0 Slab:              56212 kB
Node 0 SReclaimable:      18156 kB
Node 0 SUnreclaim:        38056 kB
Node 0 AnonHugePages:         0 kB
Node 0 ShmemHugePages:        0 kB
Node 0 ShmemPmdMapped:        0 kB
Node 0 FileHugePages:        0 kB
Node 0 FilePmdMapped:        0 kB
Node 0 HugePages_Total:     0
Node 0 HugePages_Free:      0
Node 0 HugePages_Surp:      0

Node 1 MemTotal:       24661580 kB
Node 1 MemFree:        24370472 kB
Node 1 MemUsed:          291108 kB
Node 1 Active:            55688 kB
Node 1 Inactive:          71224 kB
Node 1 Active(anon):      16896 kB
Node 1 Inactive(anon):      348 kB
Node 1 Active(file):      38792 kB
Node 1 Inactive(file):    70876 kB
Node 1 Unevictable:        4788 kB
Node 1 Mlocked:            4788 kB
Node 1 Dirty:               232 kB
Node 1 Writeback:             0 kB
Node 1 FilePages:        114988 kB
Node 1 Mapped:            61892 kB
Node 1 AnonPages:         16756 kB
Node 1 Shmem:               536 kB
Node 1 KernelStack:        2616 kB
Node 1 PageTables:          652 kB
Node 1 NFS_Unstable:          0 kB
Node 1 Bounce:                0 kB
Node 1 WritebackTmp:          0 kB
Node 1 KReclaimable:      24136 kB
Node 1 Slab:              61704 kB
Node 1 SReclaimable:      24136 kB
Node 1 SUnreclaim:        37568 kB
Node 1 AnonHugePages:         0 kB
Node 1 ShmemHugePages:        0 kB
Node 1 ShmemPmdMapped:        0 kB
Node 1 FileHugePages:        0 kB
Node 1 FilePmdMapped:        0 kB
Node 1 HugePages_Total:     0
Node 1 HugePages_Free:      0
Node 1 HugePages_Surp:      0

After Test
Node 0 MemTotal:       24768352 kB
Node 0 MemFree:        23877508 kB
Node 0 MemUsed:          890844 kB
Node 0 Active:            52936 kB
Node 0 Inactive:          56116 kB
Node 0 Active(anon):      18884 kB
Node 0 Inactive(anon):      528 kB
Node 0 Active(file):      34052 kB
Node 0 Inactive(file):    55588 kB
Node 0 Unevictable:       13732 kB
Node 0 Mlocked:           13732 kB
Node 0 Dirty:                 8 kB
Node 0 Writeback:             0 kB
Node 0 FilePages:         93792 kB
Node 0 Mapped:            16780 kB
Node 0 AnonPages:         29008 kB
Node 0 Shmem:               728 kB
Node 0 KernelStack:        1896 kB
Node 0 PageTables:          500 kB
Node 0 NFS_Unstable:          0 kB
Node 0 Bounce:                0 kB
Node 0 WritebackTmp:          0 kB
Node 0 KReclaimable:      18956 kB
Node 0 Slab:              60804 kB
Node 0 SReclaimable:      18956 kB
Node 0 SUnreclaim:        41848 kB
Node 0 AnonHugePages:         0 kB
Node 0 ShmemHugePages:        0 kB
Node 0 ShmemPmdMapped:        0 kB
Node 0 FileHugePages:        0 kB
Node 0 FilePmdMapped:        0 kB
Node 0 HugePages_Total:     0
Node 0 HugePages_Free:      0
Node 0 HugePages_Surp:      0

Node 1 MemTotal:       24661580 kB
Node 1 MemFree:         7202208 kB
Node 1 MemUsed:        17459372 kB
Node 1 Active:            54328 kB
Node 1 Inactive:          73348 kB
Node 1 Active(anon):      14164 kB
Node 1 Inactive(anon):      380 kB
Node 1 Active(file):      40164 kB
Node 1 Inactive(file):    72968 kB
Node 1 Unevictable:        4788 kB
Node 1 Mlocked:            4788 kB
Node 1 Dirty:                48 kB
Node 1 Writeback:             0 kB
Node 1 FilePages:        118500 kB
Node 1 Mapped:            61956 kB
Node 1 AnonPages:         13924 kB
Node 1 Shmem:               584 kB
Node 1 KernelStack:        2568 kB
Node 1 PageTables:          828 kB
Node 1 NFS_Unstable:          0 kB
Node 1 Bounce:                0 kB
Node 1 WritebackTmp:          0 kB
Node 1 KReclaimable:      25916 kB
Node 1 Slab:             122364 kB
Node 1 SReclaimable:      25916 kB
Node 1 SUnreclaim:        96448 kB
Node 1 AnonHugePages:         0 kB
Node 1 ShmemHugePages:        0 kB
Node 1 ShmemPmdMapped:        0 kB
Node 1 FileHugePages:        0 kB
Node 1 FilePmdMapped:        0 kB
Node 1 HugePages_Total:     0
Node 1 HugePages_Free:      0
Node 1 HugePages_Surp:      0

After Opposite Node
Node 0 MemTotal:       24768352 kB
Node 0 MemFree:        23875584 kB
Node 0 MemUsed:          892768 kB
Node 0 Active:            53256 kB
Node 0 Inactive:          56168 kB
Node 0 Active(anon):      19116 kB
Node 0 Inactive(anon):      572 kB
Node 0 Active(file):      34140 kB
Node 0 Inactive(file):    55596 kB
Node 0 Unevictable:       13732 kB
Node 0 Mlocked:           13732 kB
Node 0 Dirty:                12 kB
Node 0 Writeback:             0 kB
Node 0 FilePages:         93940 kB
Node 0 Mapped:            16824 kB
Node 0 AnonPages:         29156 kB
Node 0 Shmem:               772 kB
Node 0 KernelStack:        1944 kB
Node 0 PageTables:          680 kB
Node 0 NFS_Unstable:          0 kB
Node 0 Bounce:                0 kB
Node 0 WritebackTmp:          0 kB
Node 0 KReclaimable:      19020 kB
Node 0 Slab:              63120 kB
Node 0 SReclaimable:      19020 kB
Node 0 SUnreclaim:        44100 kB
Node 0 AnonHugePages:         0 kB
Node 0 ShmemHugePages:        0 kB
Node 0 ShmemPmdMapped:        0 kB
Node 0 FileHugePages:        0 kB
Node 0 FilePmdMapped:        0 kB
Node 0 HugePages_Total:     0
Node 0 HugePages_Free:      0
Node 0 HugePages_Surp:      0

Node 1 MemTotal:       24661580 kB
Node 1 MemFree:         7208432 kB
Node 1 MemUsed:        17453148 kB
Node 1 Active:            54332 kB
Node 1 Inactive:          73136 kB
Node 1 Active(anon):      13976 kB
Node 1 Inactive(anon):      352 kB
Node 1 Active(file):      40356 kB
Node 1 Inactive(file):    72784 kB
Node 1 Unevictable:        4788 kB
Node 1 Mlocked:            4788 kB
Node 1 Dirty:                40 kB
Node 1 Writeback:             0 kB
Node 1 FilePages:        118464 kB
Node 1 Mapped:            61924 kB
Node 1 AnonPages:         13788 kB
Node 1 Shmem:               540 kB
Node 1 KernelStack:        2520 kB
Node 1 PageTables:          652 kB
Node 1 NFS_Unstable:          0 kB
Node 1 Bounce:                0 kB
Node 1 WritebackTmp:          0 kB
Node 1 KReclaimable:      25916 kB
Node 1 Slab:             120884 kB
Node 1 SReclaimable:      25916 kB
Node 1 SUnreclaim:        94968 kB
Node 1 AnonHugePages:         0 kB
Node 1 ShmemHugePages:        0 kB
Node 1 ShmemPmdMapped:        0 kB
Node 1 FileHugePages:        0 kB
Node 1 FilePmdMapped:        0 kB
Node 1 HugePages_Total:     0
Node 1 HugePages_Free:      0
Node 1 HugePages_Surp:      0

U.1.fio.16G.1.O Complete!
