kernel.numa_balancing = 0
B.0.simpleread.8G.2.O.1M
Begin
Node 0 MemTotal:       24768352 kB
Node 0 MemFree:        24395996 kB
Node 0 MemUsed:          372356 kB
Node 0 Active:            41856 kB
Node 0 Inactive:          46952 kB
Node 0 Active(anon):      17888 kB
Node 0 Inactive(anon):      500 kB
Node 0 Active(file):      23968 kB
Node 0 Inactive(file):    46452 kB
Node 0 Unevictable:        5676 kB
Node 0 Mlocked:            5676 kB
Node 0 Dirty:                44 kB
Node 0 Writeback:             0 kB
Node 0 FilePages:         76820 kB
Node 0 Mapped:            32364 kB
Node 0 AnonPages:         17752 kB
Node 0 Shmem:               712 kB
Node 0 KernelStack:        2008 kB
Node 0 PageTables:          580 kB
Node 0 NFS_Unstable:          0 kB
Node 0 Bounce:                0 kB
Node 0 WritebackTmp:          0 kB
Node 0 KReclaimable:      18544 kB
Node 0 Slab:              56860 kB
Node 0 SReclaimable:      18544 kB
Node 0 SUnreclaim:        38316 kB
Node 0 AnonHugePages:         0 kB
Node 0 ShmemHugePages:        0 kB
Node 0 ShmemPmdMapped:        0 kB
Node 0 FileHugePages:        0 kB
Node 0 FilePmdMapped:        0 kB
Node 0 HugePages_Total:     0
Node 0 HugePages_Free:      0
Node 0 HugePages_Surp:      0

Node 1 MemTotal:       24661580 kB
Node 1 MemFree:        24397624 kB
Node 1 MemUsed:          263956 kB
Node 1 Active:            54860 kB
Node 1 Inactive:          71044 kB
Node 1 Active(anon):      15964 kB
Node 1 Inactive(anon):      380 kB
Node 1 Active(file):      38896 kB
Node 1 Inactive(file):    70664 kB
Node 1 Unevictable:       12848 kB
Node 1 Mlocked:           12848 kB
Node 1 Dirty:                64 kB
Node 1 Writeback:             0 kB
Node 1 FilePages:        112668 kB
Node 1 Mapped:            39992 kB
Node 1 AnonPages:         26128 kB
Node 1 Shmem:               556 kB
Node 1 KernelStack:        1608 kB
Node 1 PageTables:          608 kB
Node 1 NFS_Unstable:          0 kB
Node 1 Bounce:                0 kB
Node 1 WritebackTmp:          0 kB
Node 1 KReclaimable:      23112 kB
Node 1 Slab:              47792 kB
Node 1 SReclaimable:      23112 kB
Node 1 SUnreclaim:        24680 kB
Node 1 AnonHugePages:         0 kB
Node 1 ShmemHugePages:        0 kB
Node 1 ShmemPmdMapped:        0 kB
Node 1 FileHugePages:        0 kB
Node 1 FilePmdMapped:        0 kB
Node 1 HugePages_Total:     0
Node 1 HugePages_Free:      0
Node 1 HugePages_Surp:      0

Load ZFS
Node 0 MemTotal:       24768352 kB
Node 0 MemFree:        24299496 kB
Node 0 MemUsed:          468856 kB
Node 0 Active:            55380 kB
Node 0 Inactive:         121888 kB
Node 0 Active(anon):      30232 kB
Node 0 Inactive(anon):      388 kB
Node 0 Active(file):      25148 kB
Node 0 Inactive(file):   121500 kB
Node 0 Unevictable:        5676 kB
Node 0 Mlocked:            5676 kB
Node 0 Dirty:               176 kB
Node 0 Writeback:             0 kB
Node 0 FilePages:        152768 kB
Node 0 Mapped:            35812 kB
Node 0 AnonPages:         29388 kB
Node 0 Shmem:               580 kB
Node 0 KernelStack:        2372 kB
Node 0 PageTables:         1472 kB
Node 0 NFS_Unstable:          0 kB
Node 0 Bounce:                0 kB
Node 0 WritebackTmp:          0 kB
Node 0 KReclaimable:      19292 kB
Node 0 Slab:              60928 kB
Node 0 SReclaimable:      19292 kB
Node 0 SUnreclaim:        41636 kB
Node 0 AnonHugePages:         0 kB
Node 0 ShmemHugePages:        0 kB
Node 0 ShmemPmdMapped:        0 kB
Node 0 FileHugePages:        0 kB
Node 0 FilePmdMapped:        0 kB
Node 0 HugePages_Total:     0
Node 0 HugePages_Free:      0
Node 0 HugePages_Surp:      0

Node 1 MemTotal:       24661580 kB
Node 1 MemFree:        24349928 kB
Node 1 MemUsed:          311652 kB
Node 1 Active:            68952 kB
Node 1 Inactive:          99972 kB
Node 1 Active(anon):      28824 kB
Node 1 Inactive(anon):      540 kB
Node 1 Active(file):      40128 kB
Node 1 Inactive(file):    99432 kB
Node 1 Unevictable:       13048 kB
Node 1 Mlocked:           13048 kB
Node 1 Dirty:               356 kB
Node 1 Writeback:             0 kB
Node 1 FilePages:        142796 kB
Node 1 Mapped:            41792 kB
Node 1 AnonPages:         38524 kB
Node 1 Shmem:               688 kB
Node 1 KernelStack:        2000 kB
Node 1 PageTables:         1588 kB
Node 1 NFS_Unstable:          0 kB
Node 1 Bounce:                0 kB
Node 1 WritebackTmp:          0 kB
Node 1 KReclaimable:      23864 kB
Node 1 Slab:              50864 kB
Node 1 SReclaimable:      23864 kB
Node 1 SUnreclaim:        27000 kB
Node 1 AnonHugePages:         0 kB
Node 1 ShmemHugePages:        0 kB
Node 1 ShmemPmdMapped:        0 kB
Node 1 FileHugePages:        0 kB
Node 1 FilePmdMapped:        0 kB
Node 1 HugePages_Total:     0
Node 1 HugePages_Free:      0
Node 1 HugePages_Surp:      0

Import tank ZPool
Node 0 MemTotal:       24768352 kB
Node 0 MemFree:        24298320 kB
Node 0 MemUsed:          470032 kB
Node 0 Active:            54672 kB
Node 0 Inactive:         122868 kB
Node 0 Active(anon):      29212 kB
Node 0 Inactive(anon):      408 kB
Node 0 Active(file):      25460 kB
Node 0 Inactive(file):   122460 kB
Node 0 Unevictable:        5676 kB
Node 0 Mlocked:            5676 kB
Node 0 Dirty:               208 kB
Node 0 Writeback:             0 kB
Node 0 FilePages:        154188 kB
Node 0 Mapped:            34908 kB
Node 0 AnonPages:         28776 kB
Node 0 Shmem:               592 kB
Node 0 KernelStack:        2296 kB
Node 0 PageTables:         1340 kB
Node 0 NFS_Unstable:          0 kB
Node 0 Bounce:                0 kB
Node 0 WritebackTmp:          0 kB
Node 0 KReclaimable:      19468 kB
Node 0 Slab:              62744 kB
Node 0 SReclaimable:      19468 kB
Node 0 SUnreclaim:        43276 kB
Node 0 AnonHugePages:         0 kB
Node 0 ShmemHugePages:        0 kB
Node 0 ShmemPmdMapped:        0 kB
Node 0 FileHugePages:        0 kB
Node 0 FilePmdMapped:        0 kB
Node 0 HugePages_Total:     0
Node 0 HugePages_Free:      0
Node 0 HugePages_Surp:      0

Node 1 MemTotal:       24661580 kB
Node 1 MemFree:        24332560 kB
Node 1 MemUsed:          329020 kB
Node 1 Active:            68180 kB
Node 1 Inactive:          99928 kB
Node 1 Active(anon):      27872 kB
Node 1 Inactive(anon):      540 kB
Node 1 Active(file):      40308 kB
Node 1 Inactive(file):    99388 kB
Node 1 Unevictable:       13080 kB
Node 1 Mlocked:           13080 kB
Node 1 Dirty:               400 kB
Node 1 Writeback:             0 kB
Node 1 FilePages:        142892 kB
Node 1 Mapped:            41420 kB
Node 1 AnonPages:         38344 kB
Node 1 Shmem:               676 kB
Node 1 KernelStack:        2872 kB
Node 1 PageTables:         1256 kB
Node 1 NFS_Unstable:          0 kB
Node 1 Bounce:                0 kB
Node 1 WritebackTmp:          0 kB
Node 1 KReclaimable:      23896 kB
Node 1 Slab:              55904 kB
Node 1 SReclaimable:      23896 kB
Node 1 SUnreclaim:        32008 kB
Node 1 AnonHugePages:         0 kB
Node 1 ShmemHugePages:        0 kB
Node 1 ShmemPmdMapped:        0 kB
Node 1 FileHugePages:        0 kB
Node 1 FilePmdMapped:        0 kB
Node 1 HugePages_Total:     0
Node 1 HugePages_Free:      0
Node 1 HugePages_Surp:      0

After Test
Node 0 MemTotal:       24768352 kB
Node 0 MemFree:        15799416 kB
Node 0 MemUsed:         8968936 kB
Node 0 Active:            43776 kB
Node 0 Inactive:         122320 kB
Node 0 Active(anon):      17404 kB
Node 0 Inactive(anon):      404 kB
Node 0 Active(file):      26372 kB
Node 0 Inactive(file):   121916 kB
Node 0 Unevictable:        5676 kB
Node 0 Mlocked:            5676 kB
Node 0 Dirty:                20 kB
Node 0 Writeback:             0 kB
Node 0 FilePages:        154588 kB
Node 0 Mapped:            32472 kB
Node 0 AnonPages:         17260 kB
Node 0 Shmem:               592 kB
Node 0 KernelStack:        2008 kB
Node 0 PageTables:          604 kB
Node 0 NFS_Unstable:          0 kB
Node 0 Bounce:                0 kB
Node 0 WritebackTmp:          0 kB
Node 0 KReclaimable:      19628 kB
Node 0 Slab:              93872 kB
Node 0 SReclaimable:      19628 kB
Node 0 SUnreclaim:        74244 kB
Node 0 AnonHugePages:         0 kB
Node 0 ShmemHugePages:        0 kB
Node 0 ShmemPmdMapped:        0 kB
Node 0 FileHugePages:        0 kB
Node 0 FilePmdMapped:        0 kB
Node 0 HugePages_Total:     0
Node 0 HugePages_Free:      0
Node 0 HugePages_Surp:      0

Node 1 MemTotal:       24661580 kB
Node 1 MemFree:        23603596 kB
Node 1 MemUsed:         1057984 kB
Node 1 Active:            56864 kB
Node 1 Inactive:          99672 kB
Node 1 Active(anon):      16232 kB
Node 1 Inactive(anon):      536 kB
Node 1 Active(file):      40632 kB
Node 1 Inactive(file):    99136 kB
Node 1 Unevictable:       13080 kB
Node 1 Mlocked:           13080 kB
Node 1 Dirty:                 8 kB
Node 1 Writeback:             0 kB
Node 1 FilePages:        142992 kB
Node 1 Mapped:            40064 kB
Node 1 AnonPages:         26652 kB
Node 1 Shmem:               676 kB
Node 1 KernelStack:        2632 kB
Node 1 PageTables:          612 kB
Node 1 NFS_Unstable:          0 kB
Node 1 Bounce:                0 kB
Node 1 WritebackTmp:          0 kB
Node 1 KReclaimable:      23952 kB
Node 1 Slab:              58840 kB
Node 1 SReclaimable:      23952 kB
Node 1 SUnreclaim:        34888 kB
Node 1 AnonHugePages:         0 kB
Node 1 ShmemHugePages:        0 kB
Node 1 ShmemPmdMapped:        0 kB
Node 1 FileHugePages:        0 kB
Node 1 FilePmdMapped:        0 kB
Node 1 HugePages_Total:     0
Node 1 HugePages_Free:      0
Node 1 HugePages_Surp:      0

After Opposite Node
Node 0 MemTotal:       24768352 kB
Node 0 MemFree:        15801172 kB
Node 0 MemUsed:         8967180 kB
Node 0 Active:            43560 kB
Node 0 Inactive:         122268 kB
Node 0 Active(anon):      17080 kB
Node 0 Inactive(anon):      404 kB
Node 0 Active(file):      26480 kB
Node 0 Inactive(file):   121864 kB
Node 0 Unevictable:        5676 kB
Node 0 Mlocked:            5676 kB
Node 0 Dirty:                56 kB
Node 0 Writeback:             0 kB
Node 0 FilePages:        154608 kB
Node 0 Mapped:            32484 kB
Node 0 AnonPages:         16912 kB
Node 0 Shmem:               592 kB
Node 0 KernelStack:        2008 kB
Node 0 PageTables:          548 kB
Node 0 NFS_Unstable:          0 kB
Node 0 Bounce:                0 kB
Node 0 WritebackTmp:          0 kB
Node 0 KReclaimable:      19644 kB
Node 0 Slab:              93932 kB
Node 0 SReclaimable:      19644 kB
Node 0 SUnreclaim:        74288 kB
Node 0 AnonHugePages:         0 kB
Node 0 ShmemHugePages:        0 kB
Node 0 ShmemPmdMapped:        0 kB
Node 0 FileHugePages:        0 kB
Node 0 FilePmdMapped:        0 kB
Node 0 HugePages_Total:     0
Node 0 HugePages_Free:      0
Node 0 HugePages_Surp:      0

Node 1 MemTotal:       24661580 kB
Node 1 MemFree:        23604784 kB
Node 1 MemUsed:         1056796 kB
Node 1 Active:            57480 kB
Node 1 Inactive:          99444 kB
Node 1 Active(anon):      16584 kB
Node 1 Inactive(anon):      536 kB
Node 1 Active(file):      40896 kB
Node 1 Inactive(file):    98908 kB
Node 1 Unevictable:       13080 kB
Node 1 Mlocked:           13080 kB
Node 1 Dirty:                20 kB
Node 1 Writeback:             0 kB
Node 1 FilePages:        143000 kB
Node 1 Mapped:            40060 kB
Node 1 AnonPages:         27004 kB
Node 1 Shmem:               676 kB
Node 1 KernelStack:        2648 kB
Node 1 PageTables:          660 kB
Node 1 NFS_Unstable:          0 kB
Node 1 Bounce:                0 kB
Node 1 WritebackTmp:          0 kB
Node 1 KReclaimable:      23984 kB
Node 1 Slab:              59032 kB
Node 1 SReclaimable:      23984 kB
Node 1 SUnreclaim:        35048 kB
Node 1 AnonHugePages:         0 kB
Node 1 ShmemHugePages:        0 kB
Node 1 ShmemPmdMapped:        0 kB
Node 1 FileHugePages:        0 kB
Node 1 FilePmdMapped:        0 kB
Node 1 HugePages_Total:     0
Node 1 HugePages_Free:      0
Node 1 HugePages_Surp:      0

B.0.simpleread.8G.2.O.1M Complete!
