kernel.numa_balancing = 0
B.0.100M-simpleread.250M.1.O.1M
Begin
Node 0 MemTotal:       24743736 kB
Node 0 MemFree:        24325900 kB
Node 0 MemUsed:          417836 kB
Node 0 Active:            53932 kB
Node 0 Inactive:          79412 kB
Node 0 Active(anon):      17196 kB
Node 0 Inactive(anon):      468 kB
Node 0 Active(file):      36736 kB
Node 0 Inactive(file):    78944 kB
Node 0 Unevictable:        4996 kB
Node 0 Mlocked:            4996 kB
Node 0 Dirty:               360 kB
Node 0 Writeback:             0 kB
Node 0 FilePages:        121368 kB
Node 0 Mapped:            66088 kB
Node 0 AnonPages:         17132 kB
Node 0 Shmem:               644 kB
Node 0 KernelStack:        2248 kB
Node 0 PageTables:          592 kB
Node 0 NFS_Unstable:          0 kB
Node 0 Bounce:                0 kB
Node 0 WritebackTmp:          0 kB
Node 0 KReclaimable:      25400 kB
Node 0 Slab:              61668 kB
Node 0 SReclaimable:      25400 kB
Node 0 SUnreclaim:        36268 kB
Node 0 AnonHugePages:         0 kB
Node 0 ShmemHugePages:        0 kB
Node 0 ShmemPmdMapped:        0 kB
Node 0 FileHugePages:        0 kB
Node 0 FilePmdMapped:        0 kB
Node 0 HugePages_Total:     0
Node 0 HugePages_Free:      0
Node 0 HugePages_Surp:      0

Node 1 MemTotal:       24686196 kB
Node 1 MemFree:        24439088 kB
Node 1 MemUsed:          247108 kB
Node 1 Active:            40840 kB
Node 1 Inactive:          66792 kB
Node 1 Active(anon):      16544 kB
Node 1 Inactive(anon):      392 kB
Node 1 Active(file):      24296 kB
Node 1 Inactive(file):    66400 kB
Node 1 Unevictable:       13528 kB
Node 1 Mlocked:           13528 kB
Node 1 Dirty:               196 kB
Node 1 Writeback:             0 kB
Node 1 FilePages:         94520 kB
Node 1 Mapped:            20580 kB
Node 1 AnonPages:         26692 kB
Node 1 Shmem:               624 kB
Node 1 KernelStack:        1384 kB
Node 1 PageTables:          652 kB
Node 1 NFS_Unstable:          0 kB
Node 1 Bounce:                0 kB
Node 1 WritebackTmp:          0 kB
Node 1 KReclaimable:      16052 kB
Node 1 Slab:              43692 kB
Node 1 SReclaimable:      16052 kB
Node 1 SUnreclaim:        27640 kB
Node 1 AnonHugePages:         0 kB
Node 1 ShmemHugePages:        0 kB
Node 1 ShmemPmdMapped:        0 kB
Node 1 FileHugePages:        0 kB
Node 1 FilePmdMapped:        0 kB
Node 1 HugePages_Total:     0
Node 1 HugePages_Free:      0
Node 1 HugePages_Surp:      0

Load ZFS
Node 0 MemTotal:       24743736 kB
Node 0 MemFree:        24414948 kB
Node 0 MemUsed:          328788 kB
Node 0 Active:            68688 kB
Node 0 Inactive:         107072 kB
Node 0 Active(anon):      30496 kB
Node 0 Inactive(anon):      552 kB
Node 0 Active(file):      38192 kB
Node 0 Inactive(file):   106520 kB
Node 0 Unevictable:        4996 kB
Node 0 Mlocked:            4996 kB
Node 0 Dirty:               348 kB
Node 0 Writeback:             0 kB
Node 0 FilePages:        150432 kB
Node 0 Mapped:            69016 kB
Node 0 AnonPages:         30672 kB
Node 0 Shmem:               728 kB
Node 0 KernelStack:        2280 kB
Node 0 PageTables:         1296 kB
Node 0 NFS_Unstable:          0 kB
Node 0 Bounce:                0 kB
Node 0 WritebackTmp:          0 kB
Node 0 KReclaimable:      26152 kB
Node 0 Slab:              64248 kB
Node 0 SReclaimable:      26152 kB
Node 0 SUnreclaim:        38096 kB
Node 0 AnonHugePages:         0 kB
Node 0 ShmemHugePages:        0 kB
Node 0 ShmemPmdMapped:        0 kB
Node 0 FileHugePages:        0 kB
Node 0 FilePmdMapped:        0 kB
Node 0 HugePages_Total:     0
Node 0 HugePages_Free:      0
Node 0 HugePages_Surp:      0

Node 1 MemTotal:       24686196 kB
Node 1 MemFree:        24206608 kB
Node 1 MemUsed:          479588 kB
Node 1 Active:            53912 kB
Node 1 Inactive:         142796 kB
Node 1 Active(anon):      28504 kB
Node 1 Inactive(anon):      392 kB
Node 1 Active(file):      25408 kB
Node 1 Inactive(file):   142404 kB
Node 1 Unevictable:       13760 kB
Node 1 Mlocked:           13760 kB
Node 1 Dirty:               328 kB
Node 1 Writeback:             0 kB
Node 1 FilePages:        171552 kB
Node 1 Mapped:            21880 kB
Node 1 AnonPages:         38800 kB
Node 1 Shmem:               540 kB
Node 1 KernelStack:        1912 kB
Node 1 PageTables:         1684 kB
Node 1 NFS_Unstable:          0 kB
Node 1 Bounce:                0 kB
Node 1 WritebackTmp:          0 kB
Node 1 KReclaimable:      17144 kB
Node 1 Slab:              47648 kB
Node 1 SReclaimable:      17144 kB
Node 1 SUnreclaim:        30504 kB
Node 1 AnonHugePages:         0 kB
Node 1 ShmemHugePages:        0 kB
Node 1 ShmemPmdMapped:        0 kB
Node 1 FileHugePages:        0 kB
Node 1 FilePmdMapped:        0 kB
Node 1 HugePages_Total:     0
Node 1 HugePages_Free:      0
Node 1 HugePages_Surp:      0

Import tank ZPool
Node 0 MemTotal:       24743736 kB
Node 0 MemFree:        24404364 kB
Node 0 MemUsed:          339372 kB
Node 0 Active:            69208 kB
Node 0 Inactive:         108304 kB
Node 0 Active(anon):      30604 kB
Node 0 Inactive(anon):      560 kB
Node 0 Active(file):      38604 kB
Node 0 Inactive(file):   107744 kB
Node 0 Unevictable:        4996 kB
Node 0 Mlocked:            4996 kB
Node 0 Dirty:               412 kB
Node 0 Writeback:             0 kB
Node 0 FilePages:        152108 kB
Node 0 Mapped:            69016 kB
Node 0 AnonPages:         30520 kB
Node 0 Shmem:               728 kB
Node 0 KernelStack:        2280 kB
Node 0 PageTables:         1240 kB
Node 0 NFS_Unstable:          0 kB
Node 0 Bounce:                0 kB
Node 0 WritebackTmp:          0 kB
Node 0 KReclaimable:      26260 kB
Node 0 Slab:              69152 kB
Node 0 SReclaimable:      26260 kB
Node 0 SUnreclaim:        42892 kB
Node 0 AnonHugePages:         0 kB
Node 0 ShmemHugePages:        0 kB
Node 0 ShmemPmdMapped:        0 kB
Node 0 FileHugePages:        0 kB
Node 0 FilePmdMapped:        0 kB
Node 0 HugePages_Total:     0
Node 0 HugePages_Free:      0
Node 0 HugePages_Surp:      0

Node 1 MemTotal:       24686196 kB
Node 1 MemFree:        24199036 kB
Node 1 MemUsed:          487160 kB
Node 1 Active:            53724 kB
Node 1 Inactive:         142804 kB
Node 1 Active(anon):      28284 kB
Node 1 Inactive(anon):      388 kB
Node 1 Active(file):      25440 kB
Node 1 Inactive(file):   142416 kB
Node 1 Unevictable:       13760 kB
Node 1 Mlocked:           13760 kB
Node 1 Dirty:               244 kB
Node 1 Writeback:             0 kB
Node 1 FilePages:        171612 kB
Node 1 Mapped:            21916 kB
Node 1 AnonPages:         38692 kB
Node 1 Shmem:               540 kB
Node 1 KernelStack:        2968 kB
Node 1 PageTables:         1636 kB
Node 1 NFS_Unstable:          0 kB
Node 1 Bounce:                0 kB
Node 1 WritebackTmp:          0 kB
Node 1 KReclaimable:      17156 kB
Node 1 Slab:              49972 kB
Node 1 SReclaimable:      17156 kB
Node 1 SUnreclaim:        32816 kB
Node 1 AnonHugePages:         0 kB
Node 1 ShmemHugePages:        0 kB
Node 1 ShmemPmdMapped:        0 kB
Node 1 FileHugePages:        0 kB
Node 1 FilePmdMapped:        0 kB
Node 1 HugePages_Total:     0
Node 1 HugePages_Free:      0
Node 1 HugePages_Surp:      0

After Test
Node 0 MemTotal:       24743736 kB
Node 0 MemFree:        23819304 kB
Node 0 MemUsed:          924432 kB
Node 0 Active:            57048 kB
Node 0 Inactive:         205200 kB
Node 0 Active(anon):      17312 kB
Node 0 Inactive(anon):      552 kB
Node 0 Active(file):      39736 kB
Node 0 Inactive(file):   204648 kB
Node 0 Unevictable:        4996 kB
Node 0 Mlocked:            4996 kB
Node 0 Dirty:               416 kB
Node 0 Writeback:             0 kB
Node 0 FilePages:        250104 kB
Node 0 Mapped:            66180 kB
Node 0 AnonPages:         17004 kB
Node 0 Shmem:               728 kB
Node 0 KernelStack:        2104 kB
Node 0 PageTables:          604 kB
Node 0 NFS_Unstable:          0 kB
Node 0 Bounce:                0 kB
Node 0 WritebackTmp:          0 kB
Node 0 KReclaimable:      26520 kB
Node 0 Slab:              72464 kB
Node 0 SReclaimable:      26520 kB
Node 0 SUnreclaim:        45944 kB
Node 0 AnonHugePages:         0 kB
Node 0 ShmemHugePages:        0 kB
Node 0 ShmemPmdMapped:        0 kB
Node 0 FileHugePages:        0 kB
Node 0 FilePmdMapped:        0 kB
Node 0 HugePages_Total:     0
Node 0 HugePages_Free:      0
Node 0 HugePages_Surp:      0

Node 1 MemTotal:       24686196 kB
Node 1 MemFree:        24177448 kB
Node 1 MemUsed:          508748 kB
Node 1 Active:            42072 kB
Node 1 Inactive:         142396 kB
Node 1 Active(anon):      16208 kB
Node 1 Inactive(anon):      388 kB
Node 1 Active(file):      25864 kB
Node 1 Inactive(file):   142008 kB
Node 1 Unevictable:       13760 kB
Node 1 Mlocked:           13760 kB
Node 1 Dirty:               244 kB
Node 1 Writeback:             0 kB
Node 1 FilePages:        171612 kB
Node 1 Mapped:            20840 kB
Node 1 AnonPages:         26616 kB
Node 1 Shmem:               540 kB
Node 1 KernelStack:        2552 kB
Node 1 PageTables:          632 kB
Node 1 NFS_Unstable:          0 kB
Node 1 Bounce:                0 kB
Node 1 WritebackTmp:          0 kB
Node 1 KReclaimable:      17156 kB
Node 1 Slab:              49956 kB
Node 1 SReclaimable:      17156 kB
Node 1 SUnreclaim:        32800 kB
Node 1 AnonHugePages:         0 kB
Node 1 ShmemHugePages:        0 kB
Node 1 ShmemPmdMapped:        0 kB
Node 1 FileHugePages:        0 kB
Node 1 FilePmdMapped:        0 kB
Node 1 HugePages_Total:     0
Node 1 HugePages_Free:      0
Node 1 HugePages_Surp:      0

After Opposite Node
Node 0 MemTotal:       24743736 kB
Node 0 MemFree:        23820024 kB
Node 0 MemUsed:          923712 kB
Node 0 Active:            56720 kB
Node 0 Inactive:         205184 kB
Node 0 Active(anon):      16956 kB
Node 0 Inactive(anon):      552 kB
Node 0 Active(file):      39764 kB
Node 0 Inactive(file):   204632 kB
Node 0 Unevictable:        4996 kB
Node 0 Mlocked:            4996 kB
Node 0 Dirty:               440 kB
Node 0 Writeback:             0 kB
Node 0 FilePages:        250116 kB
Node 0 Mapped:            66188 kB
Node 0 AnonPages:         16832 kB
Node 0 Shmem:               728 kB
Node 0 KernelStack:        2104 kB
Node 0 PageTables:          556 kB
Node 0 NFS_Unstable:          0 kB
Node 0 Bounce:                0 kB
Node 0 WritebackTmp:          0 kB
Node 0 KReclaimable:      26520 kB
Node 0 Slab:              72340 kB
Node 0 SReclaimable:      26520 kB
Node 0 SUnreclaim:        45820 kB
Node 0 AnonHugePages:         0 kB
Node 0 ShmemHugePages:        0 kB
Node 0 ShmemPmdMapped:        0 kB
Node 0 FileHugePages:        0 kB
Node 0 FilePmdMapped:        0 kB
Node 0 HugePages_Total:     0
Node 0 HugePages_Free:      0
Node 0 HugePages_Surp:      0

Node 1 MemTotal:       24686196 kB
Node 1 MemFree:        24177364 kB
Node 1 MemUsed:          508832 kB
Node 1 Active:            42692 kB
Node 1 Inactive:         142164 kB
Node 1 Active(anon):      16588 kB
Node 1 Inactive(anon):      388 kB
Node 1 Active(file):      26104 kB
Node 1 Inactive(file):   141776 kB
Node 1 Unevictable:       13760 kB
Node 1 Mlocked:           13760 kB
Node 1 Dirty:               248 kB
Node 1 Writeback:             0 kB
Node 1 FilePages:        171628 kB
Node 1 Mapped:            20812 kB
Node 1 AnonPages:         26776 kB
Node 1 Shmem:               540 kB
Node 1 KernelStack:        2632 kB
Node 1 PageTables:          884 kB
Node 1 NFS_Unstable:          0 kB
Node 1 Bounce:                0 kB
Node 1 WritebackTmp:          0 kB
Node 1 KReclaimable:      17188 kB
Node 1 Slab:              50100 kB
Node 1 SReclaimable:      17188 kB
Node 1 SUnreclaim:        32912 kB
Node 1 AnonHugePages:         0 kB
Node 1 ShmemHugePages:        0 kB
Node 1 ShmemPmdMapped:        0 kB
Node 1 FileHugePages:        0 kB
Node 1 FilePmdMapped:        0 kB
Node 1 HugePages_Total:     0
Node 1 HugePages_Free:      0
Node 1 HugePages_Surp:      0

B.0.100M-simpleread.250M.1.O.1M Complete!
