30 Tests Remaining!
B.0.simpleread.4G.2.O.1M
Begin
Node 0 MemTotal:       24743736 kB
Node 0 MemFree:        24502428 kB
Node 0 MemUsed:          241308 kB
Node 0 Active:            34840 kB
Node 0 Inactive:          63404 kB
Node 0 Active(anon):      18700 kB
Node 0 Inactive(anon):      428 kB
Node 0 Active(file):      16140 kB
Node 0 Inactive(file):    62976 kB
Node 0 Unevictable:         712 kB
Node 0 Mlocked:             712 kB
Node 0 Dirty:               176 kB
Node 0 Writeback:             0 kB
Node 0 FilePages:         80452 kB
Node 0 Mapped:            16572 kB
Node 0 AnonPages:         18300 kB
Node 0 Shmem:               628 kB
Node 0 KernelStack:        2344 kB
Node 0 PageTables:          656 kB
Node 0 NFS_Unstable:          0 kB
Node 0 Bounce:                0 kB
Node 0 WritebackTmp:          0 kB
Node 0 KReclaimable:      25028 kB
Node 0 Slab:              55352 kB
Node 0 SReclaimable:      25028 kB
Node 0 SUnreclaim:        30324 kB
Node 0 AnonHugePages:         0 kB
Node 0 ShmemHugePages:        0 kB
Node 0 ShmemPmdMapped:        0 kB
Node 0 FileHugePages:        0 kB
Node 0 FilePmdMapped:        0 kB
Node 0 HugePages_Total:     0
Node 0 HugePages_Free:      0
Node 0 HugePages_Surp:      0

Node 1 MemTotal:       24686196 kB
Node 1 MemFree:        24301732 kB
Node 1 MemUsed:          384464 kB
Node 1 Active:            61360 kB
Node 1 Inactive:          37680 kB
Node 1 Active(anon):      15476 kB
Node 1 Inactive(anon):      448 kB
Node 1 Active(file):      45884 kB
Node 1 Inactive(file):    37232 kB
Node 1 Unevictable:       17812 kB
Node 1 Mlocked:           17812 kB
Node 1 Dirty:               364 kB
Node 1 Writeback:             0 kB
Node 1 FilePages:         91244 kB
Node 1 Mapped:            37172 kB
Node 1 AnonPages:         25268 kB
Node 1 Shmem:               640 kB
Node 1 KernelStack:        1528 kB
Node 1 PageTables:          640 kB
Node 1 NFS_Unstable:          0 kB
Node 1 Bounce:                0 kB
Node 1 WritebackTmp:          0 kB
Node 1 KReclaimable:      17284 kB
Node 1 Slab:              53472 kB
Node 1 SReclaimable:      17284 kB
Node 1 SUnreclaim:        36188 kB
Node 1 AnonHugePages:         0 kB
Node 1 ShmemHugePages:        0 kB
Node 1 ShmemPmdMapped:        0 kB
Node 1 FileHugePages:        0 kB
Node 1 FilePmdMapped:        0 kB
Node 1 HugePages_Total:     0
Node 1 HugePages_Free:      0
Node 1 HugePages_Surp:      0

Load ZFS
Node 0 MemTotal:       24743736 kB
Node 0 MemFree:        24477976 kB
Node 0 MemUsed:          265760 kB
Node 0 Active:            52212 kB
Node 0 Inactive:          63416 kB
Node 0 Active(anon):      33832 kB
Node 0 Inactive(anon):      520 kB
Node 0 Active(file):      18380 kB
Node 0 Inactive(file):    62896 kB
Node 0 Unevictable:         712 kB
Node 0 Mlocked:             712 kB
Node 0 Dirty:               344 kB
Node 0 Writeback:             0 kB
Node 0 FilePages:         82644 kB
Node 0 Mapped:            19508 kB
Node 0 AnonPages:         33924 kB
Node 0 Shmem:               660 kB
Node 0 KernelStack:        2548 kB
Node 0 PageTables:         2060 kB
Node 0 NFS_Unstable:          0 kB
Node 0 Bounce:                0 kB
Node 0 WritebackTmp:          0 kB
Node 0 KReclaimable:      25640 kB
Node 0 Slab:              57872 kB
Node 0 SReclaimable:      25640 kB
Node 0 SUnreclaim:        32232 kB
Node 0 AnonHugePages:         0 kB
Node 0 ShmemHugePages:        0 kB
Node 0 ShmemPmdMapped:        0 kB
Node 0 FileHugePages:        0 kB
Node 0 FilePmdMapped:        0 kB
Node 0 HugePages_Total:     0
Node 0 HugePages_Free:      0
Node 0 HugePages_Surp:      0

Node 1 MemTotal:       24686196 kB
Node 1 MemFree:        24183816 kB
Node 1 MemUsed:          502380 kB
Node 1 Active:            71968 kB
Node 1 Inactive:         140904 kB
Node 1 Active(anon):      25592 kB
Node 1 Inactive(anon):      424 kB
Node 1 Active(file):      46376 kB
Node 1 Inactive(file):   140480 kB
Node 1 Unevictable:       18040 kB
Node 1 Mlocked:           18040 kB
Node 1 Dirty:               252 kB
Node 1 Writeback:             0 kB
Node 1 FilePages:        194948 kB
Node 1 Mapped:            38444 kB
Node 1 AnonPages:         35712 kB
Node 1 Shmem:               608 kB
Node 1 KernelStack:        1532 kB
Node 1 PageTables:          940 kB
Node 1 NFS_Unstable:          0 kB
Node 1 Bounce:                0 kB
Node 1 WritebackTmp:          0 kB
Node 1 KReclaimable:      18356 kB
Node 1 Slab:              56584 kB
Node 1 SReclaimable:      18356 kB
Node 1 SUnreclaim:        38228 kB
Node 1 AnonHugePages:         0 kB
Node 1 ShmemHugePages:        0 kB
Node 1 ShmemPmdMapped:        0 kB
Node 1 FileHugePages:        0 kB
Node 1 FilePmdMapped:        0 kB
Node 1 HugePages_Total:     0
Node 1 HugePages_Free:      0
Node 1 HugePages_Surp:      0

Import tank ZPool
Node 0 MemTotal:       24743736 kB
Node 0 MemFree:        24475016 kB
Node 0 MemUsed:          268720 kB
Node 0 Active:            37304 kB
Node 0 Inactive:          64032 kB
Node 0 Active(anon):      18092 kB
Node 0 Inactive(anon):      520 kB
Node 0 Active(file):      19212 kB
Node 0 Inactive(file):    63512 kB
Node 0 Unevictable:         712 kB
Node 0 Mlocked:             712 kB
Node 0 Dirty:               296 kB
Node 0 Writeback:             0 kB
Node 0 FilePages:         84096 kB
Node 0 Mapped:            16656 kB
Node 0 AnonPages:         18004 kB
Node 0 Shmem:               660 kB
Node 0 KernelStack:        3304 kB
Node 0 PageTables:          512 kB
Node 0 NFS_Unstable:          0 kB
Node 0 Bounce:                0 kB
Node 0 WritebackTmp:          0 kB
Node 0 KReclaimable:      25784 kB
Node 0 Slab:              64524 kB
Node 0 SReclaimable:      25784 kB
Node 0 SUnreclaim:        38740 kB
Node 0 AnonHugePages:         0 kB
Node 0 ShmemHugePages:        0 kB
Node 0 ShmemPmdMapped:        0 kB
Node 0 FileHugePages:        0 kB
Node 0 FilePmdMapped:        0 kB
Node 0 HugePages_Total:     0
Node 0 HugePages_Free:      0
Node 0 HugePages_Surp:      0

Node 1 MemTotal:       24686196 kB
Node 1 MemFree:        24193172 kB
Node 1 MemUsed:          493024 kB
Node 1 Active:            61988 kB
Node 1 Inactive:         140744 kB
Node 1 Active(anon):      15424 kB
Node 1 Inactive(anon):      428 kB
Node 1 Active(file):      46564 kB
Node 1 Inactive(file):   140316 kB
Node 1 Unevictable:       18040 kB
Node 1 Mlocked:           18040 kB
Node 1 Dirty:               284 kB
Node 1 Writeback:             0 kB
Node 1 FilePages:        194972 kB
Node 1 Mapped:            37440 kB
Node 1 AnonPages:         25800 kB
Node 1 Shmem:               608 kB
Node 1 KernelStack:        1448 kB
Node 1 PageTables:          632 kB
Node 1 NFS_Unstable:          0 kB
Node 1 Bounce:                0 kB
Node 1 WritebackTmp:          0 kB
Node 1 KReclaimable:      18364 kB
Node 1 Slab:              56588 kB
Node 1 SReclaimable:      18364 kB
Node 1 SUnreclaim:        38224 kB
Node 1 AnonHugePages:         0 kB
Node 1 ShmemHugePages:        0 kB
Node 1 ShmemPmdMapped:        0 kB
Node 1 FileHugePages:        0 kB
Node 1 FilePmdMapped:        0 kB
Node 1 HugePages_Total:     0
Node 1 HugePages_Free:      0
Node 1 HugePages_Surp:      0

After Test
Node 0 MemTotal:       24743736 kB
Node 0 MemFree:        19933556 kB
Node 0 MemUsed:         4810180 kB
Node 0 Active:            38256 kB
Node 0 Inactive:          63792 kB
Node 0 Active(anon):      18272 kB
Node 0 Inactive(anon):      516 kB
Node 0 Active(file):      19984 kB
Node 0 Inactive(file):    63276 kB
Node 0 Unevictable:         712 kB
Node 0 Mlocked:             712 kB
Node 0 Dirty:                16 kB
Node 0 Writeback:             0 kB
Node 0 FilePages:         84628 kB
Node 0 Mapped:            16708 kB
Node 0 AnonPages:         18172 kB
Node 0 Shmem:               660 kB
Node 0 KernelStack:        3176 kB
Node 0 PageTables:          472 kB
Node 0 NFS_Unstable:          0 kB
Node 0 Bounce:                0 kB
Node 0 WritebackTmp:          0 kB
Node 0 KReclaimable:      25864 kB
Node 0 Slab:              82872 kB
Node 0 SReclaimable:      25864 kB
Node 0 SUnreclaim:        57008 kB
Node 0 AnonHugePages:         0 kB
Node 0 ShmemHugePages:        0 kB
Node 0 ShmemPmdMapped:        0 kB
Node 0 FileHugePages:        0 kB
Node 0 FilePmdMapped:        0 kB
Node 0 HugePages_Total:     0
Node 0 HugePages_Free:      0
Node 0 HugePages_Surp:      0

Node 1 MemTotal:       24686196 kB
Node 1 MemFree:        23694368 kB
Node 1 MemUsed:          991828 kB
Node 1 Active:            61900 kB
Node 1 Inactive:         140740 kB
Node 1 Active(anon):      15300 kB
Node 1 Inactive(anon):      424 kB
Node 1 Active(file):      46600 kB
Node 1 Inactive(file):   140316 kB
Node 1 Unevictable:       18040 kB
Node 1 Mlocked:           18040 kB
Node 1 Dirty:                16 kB
Node 1 Writeback:             0 kB
Node 1 FilePages:        195044 kB
Node 1 Mapped:            37164 kB
Node 1 AnonPages:         25688 kB
Node 1 Shmem:               608 kB
Node 1 KernelStack:        1496 kB
Node 1 PageTables:          632 kB
Node 1 NFS_Unstable:          0 kB
Node 1 Bounce:                0 kB
Node 1 WritebackTmp:          0 kB
Node 1 KReclaimable:      18452 kB
Node 1 Slab:              58872 kB
Node 1 SReclaimable:      18452 kB
Node 1 SUnreclaim:        40420 kB
Node 1 AnonHugePages:         0 kB
Node 1 ShmemHugePages:        0 kB
Node 1 ShmemPmdMapped:        0 kB
Node 1 FileHugePages:        0 kB
Node 1 FilePmdMapped:        0 kB
Node 1 HugePages_Total:     0
Node 1 HugePages_Free:      0
Node 1 HugePages_Surp:      0

After Opposite Node
Node 0 MemTotal:       24743736 kB
Node 0 MemFree:        19934320 kB
Node 0 MemUsed:         4809416 kB
Node 0 Active:            38120 kB
Node 0 Inactive:          63544 kB
Node 0 Active(anon):      17872 kB
Node 0 Inactive(anon):      516 kB
Node 0 Active(file):      20248 kB
Node 0 Inactive(file):    63028 kB
Node 0 Unevictable:         712 kB
Node 0 Mlocked:             712 kB
Node 0 Dirty:                52 kB
Node 0 Writeback:             0 kB
Node 0 FilePages:         84644 kB
Node 0 Mapped:            16524 kB
Node 0 AnonPages:         17728 kB
Node 0 Shmem:               660 kB
Node 0 KernelStack:        3176 kB
Node 0 PageTables:          416 kB
Node 0 NFS_Unstable:          0 kB
Node 0 Bounce:                0 kB
Node 0 WritebackTmp:          0 kB
Node 0 KReclaimable:      25864 kB
Node 0 Slab:              82880 kB
Node 0 SReclaimable:      25864 kB
Node 0 SUnreclaim:        57016 kB
Node 0 AnonHugePages:         0 kB
Node 0 ShmemHugePages:        0 kB
Node 0 ShmemPmdMapped:        0 kB
Node 0 FileHugePages:        0 kB
Node 0 FilePmdMapped:        0 kB
Node 0 HugePages_Total:     0
Node 0 HugePages_Free:      0
Node 0 HugePages_Surp:      0

Node 1 MemTotal:       24686196 kB
Node 1 MemFree:        23694380 kB
Node 1 MemUsed:          991816 kB
Node 1 Active:            62388 kB
Node 1 Inactive:         140744 kB
Node 1 Active(anon):      15748 kB
Node 1 Inactive(anon):      424 kB
Node 1 Active(file):      46640 kB
Node 1 Inactive(file):   140320 kB
Node 1 Unevictable:       18040 kB
Node 1 Mlocked:           18040 kB
Node 1 Dirty:                76 kB
Node 1 Writeback:             0 kB
Node 1 FilePages:        195052 kB
Node 1 Mapped:            37164 kB
Node 1 AnonPages:         26140 kB
Node 1 Shmem:               608 kB
Node 1 KernelStack:        1496 kB
Node 1 PageTables:          684 kB
Node 1 NFS_Unstable:          0 kB
Node 1 Bounce:                0 kB
Node 1 WritebackTmp:          0 kB
Node 1 KReclaimable:      18456 kB
Node 1 Slab:              59076 kB
Node 1 SReclaimable:      18456 kB
Node 1 SUnreclaim:        40620 kB
Node 1 AnonHugePages:         0 kB
Node 1 ShmemHugePages:        0 kB
Node 1 ShmemPmdMapped:        0 kB
Node 1 FileHugePages:        0 kB
Node 1 FilePmdMapped:        0 kB
Node 1 HugePages_Total:     0
Node 1 HugePages_Free:      0
Node 1 HugePages_Surp:      0

B.0.simpleread.4G.2.O.1M Complete!
