U.0.fio.~1G.5
Begin
Node 0 MemTotal:       24768352 kB
Node 0 MemFree:        24511080 kB
Node 0 MemUsed:          257272 kB
Node 0 Active:            55316 kB
Node 0 Inactive:          62628 kB
Node 0 Active(anon):       7028 kB
Node 0 Inactive(anon):      492 kB
Node 0 Active(file):      48288 kB
Node 0 Inactive(file):    62136 kB
Node 0 Unevictable:       18068 kB
Node 0 Mlocked:           18068 kB
Node 0 Dirty:               128 kB
Node 0 Writeback:             0 kB
Node 0 FilePages:        118992 kB
Node 0 Mapped:            59088 kB
Node 0 AnonPages:         17048 kB
Node 0 Shmem:               704 kB
Node 0 KernelStack:        2120 kB
Node 0 PageTables:          488 kB
Node 0 NFS_Unstable:          0 kB
Node 0 Bounce:                0 kB
Node 0 WritebackTmp:          0 kB
Node 0 KReclaimable:      18672 kB
Node 0 Slab:              42792 kB
Node 0 SReclaimable:      18672 kB
Node 0 SUnreclaim:        24120 kB
Node 0 AnonHugePages:         0 kB
Node 0 ShmemHugePages:        0 kB
Node 0 ShmemPmdMapped:        0 kB
Node 0 FileHugePages:        0 kB
Node 0 FilePmdMapped:        0 kB
Node 0 HugePages_Total:     0
Node 0 HugePages_Free:      0
Node 0 HugePages_Surp:      0

Node 1 MemTotal:       24661396 kB
Node 1 MemFree:        24267300 kB
Node 1 MemUsed:          394096 kB
Node 1 Active:            44232 kB
Node 1 Inactive:          64608 kB
Node 1 Active(anon):      27204 kB
Node 1 Inactive(anon):      368 kB
Node 1 Active(file):      17028 kB
Node 1 Inactive(file):    64240 kB
Node 1 Unevictable:         328 kB
Node 1 Mlocked:             328 kB
Node 1 Dirty:               128 kB
Node 1 Writeback:             0 kB
Node 1 FilePages:         82220 kB
Node 1 Mapped:            24988 kB
Node 1 AnonPages:         27092 kB
Node 1 Shmem:               480 kB
Node 1 KernelStack:        1416 kB
Node 1 PageTables:          768 kB
Node 1 NFS_Unstable:          0 kB
Node 1 Bounce:                0 kB
Node 1 WritebackTmp:          0 kB
Node 1 KReclaimable:      22096 kB
Node 1 Slab:              61252 kB
Node 1 SReclaimable:      22096 kB
Node 1 SUnreclaim:        39156 kB
Node 1 AnonHugePages:         0 kB
Node 1 ShmemHugePages:        0 kB
Node 1 ShmemPmdMapped:        0 kB
Node 1 FileHugePages:        0 kB
Node 1 FilePmdMapped:        0 kB
Node 1 HugePages_Total:     0
Node 1 HugePages_Free:      0
Node 1 HugePages_Surp:      0

Load ZFS
Node 0 MemTotal:       24768352 kB
Node 0 MemFree:        24511080 kB
Node 0 MemUsed:          257272 kB
Node 0 Active:            55316 kB
Node 0 Inactive:          62628 kB
Node 0 Active(anon):       7028 kB
Node 0 Inactive(anon):      492 kB
Node 0 Active(file):      48288 kB
Node 0 Inactive(file):    62136 kB
Node 0 Unevictable:       18068 kB
Node 0 Mlocked:           18068 kB
Node 0 Dirty:               128 kB
Node 0 Writeback:             0 kB
Node 0 FilePages:        118992 kB
Node 0 Mapped:            59088 kB
Node 0 AnonPages:         17048 kB
Node 0 Shmem:               704 kB
Node 0 KernelStack:        2120 kB
Node 0 PageTables:          488 kB
Node 0 NFS_Unstable:          0 kB
Node 0 Bounce:                0 kB
Node 0 WritebackTmp:          0 kB
Node 0 KReclaimable:      18672 kB
Node 0 Slab:              42792 kB
Node 0 SReclaimable:      18672 kB
Node 0 SUnreclaim:        24120 kB
Node 0 AnonHugePages:         0 kB
Node 0 ShmemHugePages:        0 kB
Node 0 ShmemPmdMapped:        0 kB
Node 0 FileHugePages:        0 kB
Node 0 FilePmdMapped:        0 kB
Node 0 HugePages_Total:     0
Node 0 HugePages_Free:      0
Node 0 HugePages_Surp:      0

Node 1 MemTotal:       24661396 kB
Node 1 MemFree:        24266540 kB
Node 1 MemUsed:          394856 kB
Node 1 Active:            44232 kB
Node 1 Inactive:          64608 kB
Node 1 Active(anon):      27204 kB
Node 1 Inactive(anon):      368 kB
Node 1 Active(file):      17028 kB
Node 1 Inactive(file):    64240 kB
Node 1 Unevictable:         328 kB
Node 1 Mlocked:             328 kB
Node 1 Dirty:               128 kB
Node 1 Writeback:             0 kB
Node 1 FilePages:         82220 kB
Node 1 Mapped:            24988 kB
Node 1 AnonPages:         27240 kB
Node 1 Shmem:               480 kB
Node 1 KernelStack:        1416 kB
Node 1 PageTables:          768 kB
Node 1 NFS_Unstable:          0 kB
Node 1 Bounce:                0 kB
Node 1 WritebackTmp:          0 kB
Node 1 KReclaimable:      22096 kB
Node 1 Slab:              61560 kB
Node 1 SReclaimable:      22096 kB
Node 1 SUnreclaim:        39464 kB
Node 1 AnonHugePages:         0 kB
Node 1 ShmemHugePages:        0 kB
Node 1 ShmemPmdMapped:        0 kB
Node 1 FileHugePages:        0 kB
Node 1 FilePmdMapped:        0 kB
Node 1 HugePages_Total:     0
Node 1 HugePages_Free:      0
Node 1 HugePages_Surp:      0

Import tank ZPool
Node 0 MemTotal:       24768352 kB
Node 0 MemFree:        24506740 kB
Node 0 MemUsed:          261612 kB
Node 0 Active:            55392 kB
Node 0 Inactive:          62628 kB
Node 0 Active(anon):       7104 kB
Node 0 Inactive(anon):      492 kB
Node 0 Active(file):      48288 kB
Node 0 Inactive(file):    62136 kB
Node 0 Unevictable:       18068 kB
Node 0 Mlocked:           18068 kB
Node 0 Dirty:               136 kB
Node 0 Writeback:             0 kB
Node 0 FilePages:        118992 kB
Node 0 Mapped:            59380 kB
Node 0 AnonPages:         17220 kB
Node 0 Shmem:               704 kB
Node 0 KernelStack:        3144 kB
Node 0 PageTables:          488 kB
Node 0 NFS_Unstable:          0 kB
Node 0 Bounce:                0 kB
Node 0 WritebackTmp:          0 kB
Node 0 KReclaimable:      18672 kB
Node 0 Slab:              45900 kB
Node 0 SReclaimable:      18672 kB
Node 0 SUnreclaim:        27228 kB
Node 0 AnonHugePages:         0 kB
Node 0 ShmemHugePages:        0 kB
Node 0 ShmemPmdMapped:        0 kB
Node 0 FileHugePages:        0 kB
Node 0 FilePmdMapped:        0 kB
Node 0 HugePages_Total:     0
Node 0 HugePages_Free:      0
Node 0 HugePages_Surp:      0

Node 1 MemTotal:       24661396 kB
Node 1 MemFree:        24248576 kB
Node 1 MemUsed:          412820 kB
Node 1 Active:            44996 kB
Node 1 Inactive:          66156 kB
Node 1 Active(anon):      27604 kB
Node 1 Inactive(anon):      372 kB
Node 1 Active(file):      17392 kB
Node 1 Inactive(file):    65784 kB
Node 1 Unevictable:         328 kB
Node 1 Mlocked:             328 kB
Node 1 Dirty:               148 kB
Node 1 Writeback:             0 kB
Node 1 FilePages:         84036 kB
Node 1 Mapped:            25220 kB
Node 1 AnonPages:         27560 kB
Node 1 Shmem:               484 kB
Node 1 KernelStack:        1608 kB
Node 1 PageTables:          876 kB
Node 1 NFS_Unstable:          0 kB
Node 1 Bounce:                0 kB
Node 1 WritebackTmp:          0 kB
Node 1 KReclaimable:      22604 kB
Node 1 Slab:              68132 kB
Node 1 SReclaimable:      22604 kB
Node 1 SUnreclaim:        45528 kB
Node 1 AnonHugePages:         0 kB
Node 1 ShmemHugePages:        0 kB
Node 1 ShmemPmdMapped:        0 kB
Node 1 FileHugePages:        0 kB
Node 1 FilePmdMapped:        0 kB
Node 1 HugePages_Total:     0
Node 1 HugePages_Free:      0
Node 1 HugePages_Surp:      0

After Test
Node 0 MemTotal:       24768352 kB
Node 0 MemFree:        23154676 kB
Node 0 MemUsed:         1613676 kB
Node 0 Active:            55684 kB
Node 0 Inactive:          63804 kB
Node 0 Active(anon):       6592 kB
Node 0 Inactive(anon):      536 kB
Node 0 Active(file):      49092 kB
Node 0 Inactive(file):    63268 kB
Node 0 Unevictable:       18068 kB
Node 0 Mlocked:           18068 kB
Node 0 Dirty:                24 kB
Node 0 Writeback:             0 kB
Node 0 FilePages:        120972 kB
Node 0 Mapped:            59344 kB
Node 0 AnonPages:         16448 kB
Node 0 Shmem:               748 kB
Node 0 KernelStack:        3160 kB
Node 0 PageTables:          568 kB
Node 0 NFS_Unstable:          0 kB
Node 0 Bounce:                0 kB
Node 0 WritebackTmp:          0 kB
Node 0 KReclaimable:      20004 kB
Node 0 Slab:              54840 kB
Node 0 SReclaimable:      20004 kB
Node 0 SUnreclaim:        34836 kB
Node 0 AnonHugePages:         0 kB
Node 0 ShmemHugePages:        0 kB
Node 0 ShmemPmdMapped:        0 kB
Node 0 FileHugePages:        0 kB
Node 0 FilePmdMapped:        0 kB
Node 0 HugePages_Total:     0
Node 0 HugePages_Free:      0
Node 0 HugePages_Surp:      0

Node 1 MemTotal:       24661396 kB
Node 1 MemFree:        24166440 kB
Node 1 MemUsed:          494956 kB
Node 1 Active:            44360 kB
Node 1 Inactive:          66112 kB
Node 1 Active(anon):      26816 kB
Node 1 Inactive(anon):      372 kB
Node 1 Active(file):      17544 kB
Node 1 Inactive(file):    65740 kB
Node 1 Unevictable:         328 kB
Node 1 Mlocked:             328 kB
Node 1 Dirty:                24 kB
Node 1 Writeback:             0 kB
Node 1 FilePages:         84096 kB
Node 1 Mapped:            24988 kB
Node 1 AnonPages:         26704 kB
Node 1 Shmem:               484 kB
Node 1 KernelStack:        1624 kB
Node 1 PageTables:          828 kB
Node 1 NFS_Unstable:          0 kB
Node 1 Bounce:                0 kB
Node 1 WritebackTmp:          0 kB
Node 1 KReclaimable:      22608 kB
Node 1 Slab:              68608 kB
Node 1 SReclaimable:      22608 kB
Node 1 SUnreclaim:        46000 kB
Node 1 AnonHugePages:         0 kB
Node 1 ShmemHugePages:        0 kB
Node 1 ShmemPmdMapped:        0 kB
Node 1 FileHugePages:        0 kB
Node 1 FilePmdMapped:        0 kB
Node 1 HugePages_Total:     0
Node 1 HugePages_Free:      0
Node 1 HugePages_Surp:      0

U.0.fio.~1G.5 Complete!
