B.0.doublefio.500M.1.O
Begin
Node 0 MemTotal:       24743736 kB
Node 0 MemFree:        24500968 kB
Node 0 MemUsed:          242768 kB
Node 0 Active:            38340 kB
Node 0 Inactive:          49656 kB
Node 0 Active(anon):      21628 kB
Node 0 Inactive(anon):      360 kB
Node 0 Active(file):      16712 kB
Node 0 Inactive(file):    49296 kB
Node 0 Unevictable:       13044 kB
Node 0 Mlocked:           13044 kB
Node 0 Dirty:                76 kB
Node 0 Writeback:             0 kB
Node 0 FilePages:         69236 kB
Node 0 Mapped:            10240 kB
Node 0 AnonPages:         31860 kB
Node 0 Shmem:               508 kB
Node 0 KernelStack:        2392 kB
Node 0 PageTables:          588 kB
Node 0 NFS_Unstable:          0 kB
Node 0 Bounce:                0 kB
Node 0 WritebackTmp:          0 kB
Node 0 KReclaimable:      20044 kB
Node 0 Slab:              54916 kB
Node 0 SReclaimable:      20044 kB
Node 0 SUnreclaim:        34872 kB
Node 0 AnonHugePages:         0 kB
Node 0 ShmemHugePages:        0 kB
Node 0 ShmemPmdMapped:        0 kB
Node 0 FileHugePages:        0 kB
Node 0 FilePmdMapped:        0 kB
Node 0 HugePages_Total:     0
Node 0 HugePages_Free:      0
Node 0 HugePages_Surp:      0

Node 1 MemTotal:       24686196 kB
Node 1 MemFree:        24307272 kB
Node 1 MemUsed:          378924 kB
Node 1 Active:            56000 kB
Node 1 Inactive:          48604 kB
Node 1 Active(anon):      11872 kB
Node 1 Inactive(anon):      528 kB
Node 1 Active(file):      44128 kB
Node 1 Inactive(file):    48076 kB
Node 1 Unevictable:        5476 kB
Node 1 Mlocked:            5476 kB
Node 1 Dirty:               456 kB
Node 1 Writeback:             0 kB
Node 1 FilePages:         98452 kB
Node 1 Mapped:            41180 kB
Node 1 AnonPages:         11652 kB
Node 1 Shmem:               760 kB
Node 1 KernelStack:        1192 kB
Node 1 PageTables:          492 kB
Node 1 NFS_Unstable:          0 kB
Node 1 Bounce:                0 kB
Node 1 WritebackTmp:          0 kB
Node 1 KReclaimable:      22320 kB
Node 1 Slab:              54860 kB
Node 1 SReclaimable:      22320 kB
Node 1 SUnreclaim:        32540 kB
Node 1 AnonHugePages:         0 kB
Node 1 ShmemHugePages:        0 kB
Node 1 ShmemPmdMapped:        0 kB
Node 1 FileHugePages:        0 kB
Node 1 FilePmdMapped:        0 kB
Node 1 HugePages_Total:     0
Node 1 HugePages_Free:      0
Node 1 HugePages_Surp:      0

Load ZFS
Node 0 MemTotal:       24743736 kB
Node 0 MemFree:        24475520 kB
Node 0 MemUsed:          268216 kB
Node 0 Active:            54856 kB
Node 0 Inactive:          50940 kB
Node 0 Active(anon):      36752 kB
Node 0 Inactive(anon):      484 kB
Node 0 Active(file):      18104 kB
Node 0 Inactive(file):    50456 kB
Node 0 Unevictable:       13256 kB
Node 0 Mlocked:           13256 kB
Node 0 Dirty:               100 kB
Node 0 Writeback:             0 kB
Node 0 FilePages:         71908 kB
Node 0 Mapped:            12616 kB
Node 0 AnonPages:         47436 kB
Node 0 Shmem:               632 kB
Node 0 KernelStack:        2992 kB
Node 0 PageTables:         1660 kB
Node 0 NFS_Unstable:          0 kB
Node 0 Bounce:                0 kB
Node 0 WritebackTmp:          0 kB
Node 0 KReclaimable:      20740 kB
Node 0 Slab:              58760 kB
Node 0 SReclaimable:      20740 kB
Node 0 SUnreclaim:        38020 kB
Node 0 AnonHugePages:         0 kB
Node 0 ShmemHugePages:        0 kB
Node 0 ShmemPmdMapped:        0 kB
Node 0 FileHugePages:        0 kB
Node 0 FilePmdMapped:        0 kB
Node 0 HugePages_Total:     0
Node 0 HugePages_Free:      0
Node 0 HugePages_Surp:      0

Node 1 MemTotal:       24686196 kB
Node 1 MemFree:        24189756 kB
Node 1 MemUsed:          496440 kB
Node 1 Active:            65452 kB
Node 1 Inactive:         150844 kB
Node 1 Active(anon):      20264 kB
Node 1 Inactive(anon):      460 kB
Node 1 Active(file):      45188 kB
Node 1 Inactive(file):   150384 kB
Node 1 Unevictable:        5476 kB
Node 1 Mlocked:            5476 kB
Node 1 Dirty:               472 kB
Node 1 Writeback:             0 kB
Node 1 FilePages:        201684 kB
Node 1 Mapped:            42644 kB
Node 1 AnonPages:         20140 kB
Node 1 Shmem:               636 kB
Node 1 KernelStack:        1192 kB
Node 1 PageTables:          764 kB
Node 1 NFS_Unstable:          0 kB
Node 1 Bounce:                0 kB
Node 1 WritebackTmp:          0 kB
Node 1 KReclaimable:      23372 kB
Node 1 Slab:              58576 kB
Node 1 SReclaimable:      23372 kB
Node 1 SUnreclaim:        35204 kB
Node 1 AnonHugePages:         0 kB
Node 1 ShmemHugePages:        0 kB
Node 1 ShmemPmdMapped:        0 kB
Node 1 FileHugePages:        0 kB
Node 1 FilePmdMapped:        0 kB
Node 1 HugePages_Total:     0
Node 1 HugePages_Free:      0
Node 1 HugePages_Surp:      0

Import tank ZPool
Node 0 MemTotal:       24743736 kB
Node 0 MemFree:        24472184 kB
Node 0 MemUsed:          271552 kB
Node 0 Active:            41492 kB
Node 0 Inactive:          51728 kB
Node 0 Active(anon):      22648 kB
Node 0 Inactive(anon):      492 kB
Node 0 Active(file):      18844 kB
Node 0 Inactive(file):    51236 kB
Node 0 Unevictable:       13272 kB
Node 0 Mlocked:           13272 kB
Node 0 Dirty:                20 kB
Node 0 Writeback:            48 kB
Node 0 FilePages:         73432 kB
Node 0 Mapped:            10724 kB
Node 0 AnonPages:         31984 kB
Node 0 Shmem:               632 kB
Node 0 KernelStack:        3688 kB
Node 0 PageTables:         1024 kB
Node 0 NFS_Unstable:          0 kB
Node 0 Bounce:                0 kB
Node 0 WritebackTmp:          0 kB
Node 0 KReclaimable:      20848 kB
Node 0 Slab:              65076 kB
Node 0 SReclaimable:      20848 kB
Node 0 SUnreclaim:        44228 kB
Node 0 AnonHugePages:         0 kB
Node 0 ShmemHugePages:        0 kB
Node 0 ShmemPmdMapped:        0 kB
Node 0 FileHugePages:        0 kB
Node 0 FilePmdMapped:        0 kB
Node 0 HugePages_Total:     0
Node 0 HugePages_Free:      0
Node 0 HugePages_Surp:      0

Node 1 MemTotal:       24686196 kB
Node 1 MemFree:        24198112 kB
Node 1 MemUsed:          488084 kB
Node 1 Active:            57504 kB
Node 1 Inactive:         150584 kB
Node 1 Active(anon):      12044 kB
Node 1 Inactive(anon):      456 kB
Node 1 Active(file):      45460 kB
Node 1 Inactive(file):   150128 kB
Node 1 Unevictable:        5476 kB
Node 1 Mlocked:            5476 kB
Node 1 Dirty:               356 kB
Node 1 Writeback:           136 kB
Node 1 FilePages:        201716 kB
Node 1 Mapped:            41544 kB
Node 1 AnonPages:         12020 kB
Node 1 Shmem:               636 kB
Node 1 KernelStack:        1128 kB
Node 1 PageTables:          556 kB
Node 1 NFS_Unstable:          0 kB
Node 1 Bounce:                0 kB
Node 1 WritebackTmp:          0 kB
Node 1 KReclaimable:      23372 kB
Node 1 Slab:              58160 kB
Node 1 SReclaimable:      23372 kB
Node 1 SUnreclaim:        34788 kB
Node 1 AnonHugePages:         0 kB
Node 1 ShmemHugePages:        0 kB
Node 1 ShmemPmdMapped:        0 kB
Node 1 FileHugePages:        0 kB
Node 1 FilePmdMapped:        0 kB
Node 1 HugePages_Total:     0
Node 1 HugePages_Free:      0
Node 1 HugePages_Surp:      0

After Test
Node 0 MemTotal:       24743736 kB
Node 0 MemFree:        23606720 kB
Node 0 MemUsed:         1137016 kB
Node 0 Active:            41568 kB
Node 0 Inactive:          52516 kB
Node 0 Active(anon):      21520 kB
Node 0 Inactive(anon):      512 kB
Node 0 Active(file):      20048 kB
Node 0 Inactive(file):    52004 kB
Node 0 Unevictable:       13272 kB
Node 0 Mlocked:           13272 kB
Node 0 Dirty:                36 kB
Node 0 Writeback:             0 kB
Node 0 FilePages:         75444 kB
Node 0 Mapped:            10552 kB
Node 0 AnonPages:         31828 kB
Node 0 Shmem:               676 kB
Node 0 KernelStack:        3544 kB
Node 0 PageTables:          668 kB
Node 0 NFS_Unstable:          0 kB
Node 0 Bounce:                0 kB
Node 0 WritebackTmp:          0 kB
Node 0 KReclaimable:      22132 kB
Node 0 Slab:              71384 kB
Node 0 SReclaimable:      22132 kB
Node 0 SUnreclaim:        49252 kB
Node 0 AnonHugePages:         0 kB
Node 0 ShmemHugePages:        0 kB
Node 0 ShmemPmdMapped:        0 kB
Node 0 FileHugePages:        0 kB
Node 0 FilePmdMapped:        0 kB
Node 0 HugePages_Total:     0
Node 0 HugePages_Free:      0
Node 0 HugePages_Surp:      0

Node 1 MemTotal:       24686196 kB
Node 1 MemFree:        24004616 kB
Node 1 MemUsed:          681580 kB
Node 1 Active:            57168 kB
Node 1 Inactive:         150580 kB
Node 1 Active(anon):      11684 kB
Node 1 Inactive(anon):      452 kB
Node 1 Active(file):      45484 kB
Node 1 Inactive(file):   150128 kB
Node 1 Unevictable:        5476 kB
Node 1 Mlocked:            5476 kB
Node 1 Dirty:                24 kB
Node 1 Writeback:             0 kB
Node 1 FilePages:        201724 kB
Node 1 Mapped:            41208 kB
Node 1 AnonPages:         11500 kB
Node 1 Shmem:               636 kB
Node 1 KernelStack:        1112 kB
Node 1 PageTables:          492 kB
Node 1 NFS_Unstable:          0 kB
Node 1 Bounce:                0 kB
Node 1 WritebackTmp:          0 kB
Node 1 KReclaimable:      23404 kB
Node 1 Slab:              58928 kB
Node 1 SReclaimable:      23404 kB
Node 1 SUnreclaim:        35524 kB
Node 1 AnonHugePages:         0 kB
Node 1 ShmemHugePages:        0 kB
Node 1 ShmemPmdMapped:        0 kB
Node 1 FileHugePages:        0 kB
Node 1 FilePmdMapped:        0 kB
Node 1 HugePages_Total:     0
Node 1 HugePages_Free:      0
Node 1 HugePages_Surp:      0

After Opposite Node
Node 0 MemTotal:       24743736 kB
Node 0 MemFree:        23607232 kB
Node 0 MemUsed:         1136504 kB
Node 0 Active:            41592 kB
Node 0 Inactive:          52336 kB
Node 0 Active(anon):      21368 kB
Node 0 Inactive(anon):      488 kB
Node 0 Active(file):      20224 kB
Node 0 Inactive(file):    51848 kB
Node 0 Unevictable:       13272 kB
Node 0 Mlocked:           13272 kB
Node 0 Dirty:                56 kB
Node 0 Writeback:             0 kB
Node 0 FilePages:         75420 kB
Node 0 Mapped:            10504 kB
Node 0 AnonPages:         31776 kB
Node 0 Shmem:               632 kB
Node 0 KernelStack:        3512 kB
Node 0 PageTables:          556 kB
Node 0 NFS_Unstable:          0 kB
Node 0 Bounce:                0 kB
Node 0 WritebackTmp:          0 kB
Node 0 KReclaimable:      22140 kB
Node 0 Slab:              71352 kB
Node 0 SReclaimable:      22140 kB
Node 0 SUnreclaim:        49212 kB
Node 0 AnonHugePages:         0 kB
Node 0 ShmemHugePages:        0 kB
Node 0 ShmemPmdMapped:        0 kB
Node 0 FileHugePages:        0 kB
Node 0 FilePmdMapped:        0 kB
Node 0 HugePages_Total:     0
Node 0 HugePages_Free:      0
Node 0 HugePages_Surp:      0

Node 1 MemTotal:       24686196 kB
Node 1 MemFree:        24003948 kB
Node 1 MemUsed:          682248 kB
Node 1 Active:            57336 kB
Node 1 Inactive:         150616 kB
Node 1 Active(anon):      11848 kB
Node 1 Inactive(anon):      480 kB
Node 1 Active(file):      45488 kB
Node 1 Inactive(file):   150136 kB
Node 1 Unevictable:        5476 kB
Node 1 Mlocked:            5476 kB
Node 1 Dirty:                32 kB
Node 1 Writeback:             0 kB
Node 1 FilePages:        201780 kB
Node 1 Mapped:            41252 kB
Node 1 AnonPages:         11600 kB
Node 1 Shmem:               680 kB
Node 1 KernelStack:        1208 kB
Node 1 PageTables:          668 kB
Node 1 NFS_Unstable:          0 kB
Node 1 Bounce:                0 kB
Node 1 WritebackTmp:          0 kB
Node 1 KReclaimable:      23436 kB
Node 1 Slab:              59260 kB
Node 1 SReclaimable:      23436 kB
Node 1 SUnreclaim:        35824 kB
Node 1 AnonHugePages:         0 kB
Node 1 ShmemHugePages:        0 kB
Node 1 ShmemPmdMapped:        0 kB
Node 1 FileHugePages:        0 kB
Node 1 FilePmdMapped:        0 kB
Node 1 HugePages_Total:     0
Node 1 HugePages_Free:      0
Node 1 HugePages_Surp:      0

B.0.doublefio.500M.1.O Complete!
