B.0.doublefio.250M.3.O
Begin
Node 0 MemTotal:       24743744 kB
Node 0 MemFree:        24542060 kB
Node 0 MemUsed:          201684 kB
Node 0 Active:            43060 kB
Node 0 Inactive:          25412 kB
Node 0 Active(anon):      15276 kB
Node 0 Inactive(anon):      468 kB
Node 0 Active(file):      27784 kB
Node 0 Inactive(file):    24944 kB
Node 0 Unevictable:        1360 kB
Node 0 Mlocked:            1360 kB
Node 0 Dirty:                20 kB
Node 0 Writeback:             0 kB
Node 0 FilePages:         54832 kB
Node 0 Mapped:            15836 kB
Node 0 AnonPages:         15032 kB
Node 0 Shmem:               716 kB
Node 0 KernelStack:        2232 kB
Node 0 PageTables:          492 kB
Node 0 NFS_Unstable:          0 kB
Node 0 Bounce:                0 kB
Node 0 WritebackTmp:          0 kB
Node 0 KReclaimable:      19952 kB
Node 0 Slab:              49676 kB
Node 0 SReclaimable:      19952 kB
Node 0 SUnreclaim:        29724 kB
Node 0 AnonHugePages:         0 kB
Node 0 ShmemHugePages:        0 kB
Node 0 ShmemPmdMapped:        0 kB
Node 0 FileHugePages:        0 kB
Node 0 FilePmdMapped:        0 kB
Node 0 HugePages_Total:     0
Node 0 HugePages_Free:      0
Node 0 HugePages_Surp:      0

Node 1 MemTotal:       24686196 kB
Node 1 MemFree:        24276448 kB
Node 1 MemUsed:          409748 kB
Node 1 Active:            51300 kB
Node 1 Inactive:          65908 kB
Node 1 Active(anon):      18568 kB
Node 1 Inactive(anon):      404 kB
Node 1 Active(file):      32732 kB
Node 1 Inactive(file):    65504 kB
Node 1 Unevictable:       17164 kB
Node 1 Mlocked:           17164 kB
Node 1 Dirty:               480 kB
Node 1 Writeback:             0 kB
Node 1 FilePages:        105620 kB
Node 1 Mapped:            29148 kB
Node 1 AnonPages:         28888 kB
Node 1 Shmem:               552 kB
Node 1 KernelStack:        1416 kB
Node 1 PageTables:          604 kB
Node 1 NFS_Unstable:          0 kB
Node 1 Bounce:                0 kB
Node 1 WritebackTmp:          0 kB
Node 1 KReclaimable:      21688 kB
Node 1 Slab:              55792 kB
Node 1 SReclaimable:      21688 kB
Node 1 SUnreclaim:        34104 kB
Node 1 AnonHugePages:         0 kB
Node 1 ShmemHugePages:        0 kB
Node 1 ShmemPmdMapped:        0 kB
Node 1 FileHugePages:        0 kB
Node 1 FilePmdMapped:        0 kB
Node 1 HugePages_Total:     0
Node 1 HugePages_Free:      0
Node 1 HugePages_Surp:      0

Load ZFS
Node 0 MemTotal:       24743744 kB
Node 0 MemFree:        24302624 kB
Node 0 MemUsed:          441120 kB
Node 0 Active:            52304 kB
Node 0 Inactive:         114168 kB
Node 0 Active(anon):      22544 kB
Node 0 Inactive(anon):      484 kB
Node 0 Active(file):      29760 kB
Node 0 Inactive(file):   113684 kB
Node 0 Unevictable:        1360 kB
Node 0 Mlocked:            1360 kB
Node 0 Dirty:                44 kB
Node 0 Writeback:             0 kB
Node 0 FilePages:        145500 kB
Node 0 Mapped:            16612 kB
Node 0 AnonPages:         22612 kB
Node 0 Shmem:               696 kB
Node 0 KernelStack:        2300 kB
Node 0 PageTables:          408 kB
Node 0 NFS_Unstable:          0 kB
Node 0 Bounce:                0 kB
Node 0 WritebackTmp:          0 kB
Node 0 KReclaimable:      20988 kB
Node 0 Slab:              54044 kB
Node 0 SReclaimable:      20988 kB
Node 0 SUnreclaim:        33056 kB
Node 0 AnonHugePages:         0 kB
Node 0 ShmemHugePages:        0 kB
Node 0 ShmemPmdMapped:        0 kB
Node 0 FileHugePages:        0 kB
Node 0 FilePmdMapped:        0 kB
Node 0 HugePages_Total:     0
Node 0 HugePages_Free:      0
Node 0 HugePages_Surp:      0

Node 1 MemTotal:       24686196 kB
Node 1 MemFree:        24373388 kB
Node 1 MemUsed:          312808 kB
Node 1 Active:            69856 kB
Node 1 Inactive:          80552 kB
Node 1 Active(anon):      36620 kB
Node 1 Inactive(anon):      460 kB
Node 1 Active(file):      33236 kB
Node 1 Inactive(file):    80092 kB
Node 1 Unevictable:       17380 kB
Node 1 Mlocked:           17380 kB
Node 1 Dirty:               472 kB
Node 1 Writeback:             0 kB
Node 1 FilePages:        120732 kB
Node 1 Mapped:            32208 kB
Node 1 AnonPages:         47068 kB
Node 1 Shmem:               572 kB
Node 1 KernelStack:        1880 kB
Node 1 PageTables:         2236 kB
Node 1 NFS_Unstable:          0 kB
Node 1 Bounce:                0 kB
Node 1 WritebackTmp:          0 kB
Node 1 KReclaimable:      22256 kB
Node 1 Slab:              58160 kB
Node 1 SReclaimable:      22256 kB
Node 1 SUnreclaim:        35904 kB
Node 1 AnonHugePages:         0 kB
Node 1 ShmemHugePages:        0 kB
Node 1 ShmemPmdMapped:        0 kB
Node 1 FileHugePages:        0 kB
Node 1 FilePmdMapped:        0 kB
Node 1 HugePages_Total:     0
Node 1 HugePages_Free:      0
Node 1 HugePages_Surp:      0

Import tank ZPool
Node 0 MemTotal:       24743744 kB
Node 0 MemFree:        24292272 kB
Node 0 MemUsed:          451472 kB
Node 0 Active:            46080 kB
Node 0 Inactive:         115164 kB
Node 0 Active(anon):      15748 kB
Node 0 Inactive(anon):      488 kB
Node 0 Active(file):      30332 kB
Node 0 Inactive(file):   114676 kB
Node 0 Unevictable:        1360 kB
Node 0 Mlocked:            1360 kB
Node 0 Dirty:                56 kB
Node 0 Writeback:             0 kB
Node 0 FilePages:        147068 kB
Node 0 Mapped:            16036 kB
Node 0 AnonPages:         15268 kB
Node 0 Shmem:               700 kB
Node 0 KernelStack:        3320 kB
Node 0 PageTables:          588 kB
Node 0 NFS_Unstable:          0 kB
Node 0 Bounce:                0 kB
Node 0 WritebackTmp:          0 kB
Node 0 KReclaimable:      21116 kB
Node 0 Slab:              60284 kB
Node 0 SReclaimable:      21116 kB
Node 0 SUnreclaim:        39168 kB
Node 0 AnonHugePages:         0 kB
Node 0 ShmemHugePages:        0 kB
Node 0 ShmemPmdMapped:        0 kB
Node 0 FileHugePages:        0 kB
Node 0 FilePmdMapped:        0 kB
Node 0 HugePages_Total:     0
Node 0 HugePages_Free:      0
Node 0 HugePages_Surp:      0

Node 1 MemTotal:       24686196 kB
Node 1 MemFree:        24393348 kB
Node 1 MemUsed:          292848 kB
Node 1 Active:            51660 kB
Node 1 Inactive:          80200 kB
Node 1 Active(anon):      18068 kB
Node 1 Inactive(anon):      460 kB
Node 1 Active(file):      33592 kB
Node 1 Inactive(file):    79740 kB
Node 1 Unevictable:       17396 kB
Node 1 Mlocked:           17396 kB
Node 1 Dirty:               552 kB
Node 1 Writeback:             0 kB
Node 1 FilePages:        120732 kB
Node 1 Mapped:            29396 kB
Node 1 AnonPages:         28376 kB
Node 1 Shmem:               568 kB
Node 1 KernelStack:        1432 kB
Node 1 PageTables:          556 kB
Node 1 NFS_Unstable:          0 kB
Node 1 Bounce:                0 kB
Node 1 WritebackTmp:          0 kB
Node 1 KReclaimable:      22260 kB
Node 1 Slab:              58188 kB
Node 1 SReclaimable:      22260 kB
Node 1 SUnreclaim:        35928 kB
Node 1 AnonHugePages:         0 kB
Node 1 ShmemHugePages:        0 kB
Node 1 ShmemPmdMapped:        0 kB
Node 1 FileHugePages:        0 kB
Node 1 FilePmdMapped:        0 kB
Node 1 HugePages_Total:     0
Node 1 HugePages_Free:      0
Node 1 HugePages_Surp:      0

After Test
Node 0 MemTotal:       24743744 kB
Node 0 MemFree:        23920868 kB
Node 0 MemUsed:          822876 kB
Node 0 Active:            46912 kB
Node 0 Inactive:         116116 kB
Node 0 Active(anon):      15528 kB
Node 0 Inactive(anon):      524 kB
Node 0 Active(file):      31384 kB
Node 0 Inactive(file):   115592 kB
Node 0 Unevictable:        1360 kB
Node 0 Mlocked:            1360 kB
Node 0 Dirty:                64 kB
Node 0 Writeback:             0 kB
Node 0 FilePages:        149080 kB
Node 0 Mapped:            16084 kB
Node 0 AnonPages:         15520 kB
Node 0 Shmem:               744 kB
Node 0 KernelStack:        3320 kB
Node 0 PageTables:          672 kB
Node 0 NFS_Unstable:          0 kB
Node 0 Bounce:                0 kB
Node 0 WritebackTmp:          0 kB
Node 0 KReclaimable:      22356 kB
Node 0 Slab:              64100 kB
Node 0 SReclaimable:      22356 kB
Node 0 SUnreclaim:        41744 kB
Node 0 AnonHugePages:         0 kB
Node 0 ShmemHugePages:        0 kB
Node 0 ShmemPmdMapped:        0 kB
Node 0 FileHugePages:        0 kB
Node 0 FilePmdMapped:        0 kB
Node 0 HugePages_Total:     0
Node 0 HugePages_Free:      0
Node 0 HugePages_Surp:      0

Node 1 MemTotal:       24686196 kB
Node 1 MemFree:        24225760 kB
Node 1 MemUsed:          460436 kB
Node 1 Active:            51416 kB
Node 1 Inactive:          80160 kB
Node 1 Active(anon):      17784 kB
Node 1 Inactive(anon):      460 kB
Node 1 Active(file):      33632 kB
Node 1 Inactive(file):    79700 kB
Node 1 Unevictable:       17396 kB
Node 1 Mlocked:           17396 kB
Node 1 Dirty:               444 kB
Node 1 Writeback:             0 kB
Node 1 FilePages:        120732 kB
Node 1 Mapped:            29148 kB
Node 1 AnonPages:         28236 kB
Node 1 Shmem:               568 kB
Node 1 KernelStack:        1416 kB
Node 1 PageTables:          524 kB
Node 1 NFS_Unstable:          0 kB
Node 1 Bounce:                0 kB
Node 1 WritebackTmp:          0 kB
Node 1 KReclaimable:      22260 kB
Node 1 Slab:              58708 kB
Node 1 SReclaimable:      22260 kB
Node 1 SUnreclaim:        36448 kB
Node 1 AnonHugePages:         0 kB
Node 1 ShmemHugePages:        0 kB
Node 1 ShmemPmdMapped:        0 kB
Node 1 FileHugePages:        0 kB
Node 1 FilePmdMapped:        0 kB
Node 1 HugePages_Total:     0
Node 1 HugePages_Free:      0
Node 1 HugePages_Surp:      0

After Opposite Node
Node 0 MemTotal:       24743744 kB
Node 0 MemFree:        23921116 kB
Node 0 MemUsed:          822628 kB
Node 0 Active:            46944 kB
Node 0 Inactive:         115884 kB
Node 0 Active(anon):      15352 kB
Node 0 Inactive(anon):      480 kB
Node 0 Active(file):      31592 kB
Node 0 Inactive(file):   115404 kB
Node 0 Unevictable:        1360 kB
Node 0 Mlocked:            1360 kB
Node 0 Dirty:                84 kB
Node 0 Writeback:             0 kB
Node 0 FilePages:        149056 kB
Node 0 Mapped:            16008 kB
Node 0 AnonPages:         15132 kB
Node 0 Shmem:               700 kB
Node 0 KernelStack:        3304 kB
Node 0 PageTables:          500 kB
Node 0 NFS_Unstable:          0 kB
Node 0 Bounce:                0 kB
Node 0 WritebackTmp:          0 kB
Node 0 KReclaimable:      22372 kB
Node 0 Slab:              63908 kB
Node 0 SReclaimable:      22372 kB
Node 0 SUnreclaim:        41536 kB
Node 0 AnonHugePages:         0 kB
Node 0 ShmemHugePages:        0 kB
Node 0 ShmemPmdMapped:        0 kB
Node 0 FileHugePages:        0 kB
Node 0 FilePmdMapped:        0 kB
Node 0 HugePages_Total:     0
Node 0 HugePages_Free:      0
Node 0 HugePages_Surp:      0

Node 1 MemTotal:       24686196 kB
Node 1 MemFree:        24225488 kB
Node 1 MemUsed:          460708 kB
Node 1 Active:            51576 kB
Node 1 Inactive:          80192 kB
Node 1 Active(anon):      17940 kB
Node 1 Inactive(anon):      484 kB
Node 1 Active(file):      33636 kB
Node 1 Inactive(file):    79708 kB
Node 1 Unevictable:       17396 kB
Node 1 Mlocked:           17396 kB
Node 1 Dirty:               452 kB
Node 1 Writeback:             0 kB
Node 1 FilePages:        120788 kB
Node 1 Mapped:            29192 kB
Node 1 AnonPages:         28292 kB
Node 1 Shmem:               612 kB
Node 1 KernelStack:        1432 kB
Node 1 PageTables:          640 kB
Node 1 NFS_Unstable:          0 kB
Node 1 Bounce:                0 kB
Node 1 WritebackTmp:          0 kB
Node 1 KReclaimable:      22292 kB
Node 1 Slab:              58980 kB
Node 1 SReclaimable:      22292 kB
Node 1 SUnreclaim:        36688 kB
Node 1 AnonHugePages:         0 kB
Node 1 ShmemHugePages:        0 kB
Node 1 ShmemPmdMapped:        0 kB
Node 1 FileHugePages:        0 kB
Node 1 FilePmdMapped:        0 kB
Node 1 HugePages_Total:     0
Node 1 HugePages_Free:      0
Node 1 HugePages_Surp:      0

B.0.doublefio.250M.3.O Complete!
