B.0.doublefio.2G.1.O
Begin
Node 0 MemTotal:       24768352 kB
Node 0 MemFree:        24368520 kB
Node 0 MemUsed:          399832 kB
Node 0 Active:            59440 kB
Node 0 Inactive:          62952 kB
Node 0 Active(anon):      21436 kB
Node 0 Inactive(anon):      392 kB
Node 0 Active(file):      38004 kB
Node 0 Inactive(file):    62560 kB
Node 0 Unevictable:        1444 kB
Node 0 Mlocked:            1444 kB
Node 0 Dirty:               380 kB
Node 0 Writeback:             0 kB
Node 0 FilePages:        102676 kB
Node 0 Mapped:            16908 kB
Node 0 AnonPages:         21240 kB
Node 0 Shmem:               640 kB
Node 0 KernelStack:        1960 kB
Node 0 PageTables:          396 kB
Node 0 NFS_Unstable:          0 kB
Node 0 Bounce:                0 kB
Node 0 WritebackTmp:          0 kB
Node 0 KReclaimable:      23976 kB
Node 0 Slab:              55284 kB
Node 0 SReclaimable:      23976 kB
Node 0 SUnreclaim:        31308 kB
Node 0 AnonHugePages:         0 kB
Node 0 ShmemHugePages:        0 kB
Node 0 ShmemPmdMapped:        0 kB
Node 0 FileHugePages:        0 kB
Node 0 FilePmdMapped:        0 kB
Node 0 HugePages_Total:     0
Node 0 HugePages_Free:      0
Node 0 HugePages_Surp:      0

Node 1 MemTotal:       24661580 kB
Node 1 MemFree:        24441360 kB
Node 1 MemUsed:          220220 kB
Node 1 Active:            35912 kB
Node 1 Inactive:          39640 kB
Node 1 Active(anon):      12292 kB
Node 1 Inactive(anon):      488 kB
Node 1 Active(file):      23620 kB
Node 1 Inactive(file):    39152 kB
Node 1 Unevictable:       17076 kB
Node 1 Mlocked:           17076 kB
Node 1 Dirty:               164 kB
Node 1 Writeback:             0 kB
Node 1 FilePages:         70148 kB
Node 1 Mapped:            38692 kB
Node 1 AnonPages:         22544 kB
Node 1 Shmem:               628 kB
Node 1 KernelStack:        1640 kB
Node 1 PageTables:          688 kB
Node 1 NFS_Unstable:          0 kB
Node 1 Bounce:                0 kB
Node 1 WritebackTmp:          0 kB
Node 1 KReclaimable:      16664 kB
Node 1 Slab:              49152 kB
Node 1 SReclaimable:      16664 kB
Node 1 SUnreclaim:        32488 kB
Node 1 AnonHugePages:         0 kB
Node 1 ShmemHugePages:        0 kB
Node 1 ShmemPmdMapped:        0 kB
Node 1 FileHugePages:        0 kB
Node 1 FilePmdMapped:        0 kB
Node 1 HugePages_Total:     0
Node 1 HugePages_Free:      0
Node 1 HugePages_Surp:      0

Load ZFS
Node 0 MemTotal:       24768352 kB
Node 0 MemFree:        24458964 kB
Node 0 MemUsed:          309388 kB
Node 0 Active:            74112 kB
Node 0 Inactive:          87004 kB
Node 0 Active(anon):      34668 kB
Node 0 Inactive(anon):      432 kB
Node 0 Active(file):      39444 kB
Node 0 Inactive(file):    86572 kB
Node 0 Unevictable:        1444 kB
Node 0 Mlocked:            1444 kB
Node 0 Dirty:               184 kB
Node 0 Writeback:             0 kB
Node 0 FilePages:        128064 kB
Node 0 Mapped:            18904 kB
Node 0 AnonPages:         35020 kB
Node 0 Shmem:               604 kB
Node 0 KernelStack:        2348 kB
Node 0 PageTables:         1264 kB
Node 0 NFS_Unstable:          0 kB
Node 0 Bounce:                0 kB
Node 0 WritebackTmp:          0 kB
Node 0 KReclaimable:      24716 kB
Node 0 Slab:              57336 kB
Node 0 SReclaimable:      24716 kB
Node 0 SUnreclaim:        32620 kB
Node 0 AnonHugePages:         0 kB
Node 0 ShmemHugePages:        0 kB
Node 0 ShmemPmdMapped:        0 kB
Node 0 FileHugePages:        0 kB
Node 0 FilePmdMapped:        0 kB
Node 0 HugePages_Total:     0
Node 0 HugePages_Free:      0
Node 0 HugePages_Surp:      0

Node 1 MemTotal:       24661580 kB
Node 1 MemFree:        24204196 kB
Node 1 MemUsed:          457384 kB
Node 1 Active:            50028 kB
Node 1 Inactive:         119016 kB
Node 1 Active(anon):      25424 kB
Node 1 Inactive(anon):      512 kB
Node 1 Active(file):      24604 kB
Node 1 Inactive(file):   118504 kB
Node 1 Unevictable:       17292 kB
Node 1 Mlocked:           17292 kB
Node 1 Dirty:               440 kB
Node 1 Writeback:             0 kB
Node 1 FilePages:        150520 kB
Node 1 Mapped:            40532 kB
Node 1 AnonPages:         35960 kB
Node 1 Shmem:               664 kB
Node 1 KernelStack:        1876 kB
Node 1 PageTables:         1956 kB
Node 1 NFS_Unstable:          0 kB
Node 1 Bounce:                0 kB
Node 1 WritebackTmp:          0 kB
Node 1 KReclaimable:      17676 kB
Node 1 Slab:              53948 kB
Node 1 SReclaimable:      17676 kB
Node 1 SUnreclaim:        36272 kB
Node 1 AnonHugePages:         0 kB
Node 1 ShmemHugePages:        0 kB
Node 1 ShmemPmdMapped:        0 kB
Node 1 FileHugePages:        0 kB
Node 1 FilePmdMapped:        0 kB
Node 1 HugePages_Total:     0
Node 1 HugePages_Free:      0
Node 1 HugePages_Surp:      0

Import tank ZPool
Node 0 MemTotal:       24768352 kB
Node 0 MemFree:        24444856 kB
Node 0 MemUsed:          323496 kB
Node 0 Active:            73700 kB
Node 0 Inactive:          87008 kB
Node 0 Active(anon):      34240 kB
Node 0 Inactive(anon):      432 kB
Node 0 Active(file):      39460 kB
Node 0 Inactive(file):    86576 kB
Node 0 Unevictable:        1444 kB
Node 0 Mlocked:            1444 kB
Node 0 Dirty:                88 kB
Node 0 Writeback:             0 kB
Node 0 FilePages:        128100 kB
Node 0 Mapped:            18916 kB
Node 0 AnonPages:         34068 kB
Node 0 Shmem:               604 kB
Node 0 KernelStack:        3432 kB
Node 0 PageTables:         1124 kB
Node 0 NFS_Unstable:          0 kB
Node 0 Bounce:                0 kB
Node 0 WritebackTmp:          0 kB
Node 0 KReclaimable:      24724 kB
Node 0 Slab:              59716 kB
Node 0 SReclaimable:      24724 kB
Node 0 SUnreclaim:        34992 kB
Node 0 AnonHugePages:         0 kB
Node 0 ShmemHugePages:        0 kB
Node 0 ShmemPmdMapped:        0 kB
Node 0 FileHugePages:        0 kB
Node 0 FilePmdMapped:        0 kB
Node 0 HugePages_Total:     0
Node 0 HugePages_Free:      0
Node 0 HugePages_Surp:      0

Node 1 MemTotal:       24661580 kB
Node 1 MemFree:        24198236 kB
Node 1 MemUsed:          463344 kB
Node 1 Active:            50444 kB
Node 1 Inactive:         120208 kB
Node 1 Active(anon):      25508 kB
Node 1 Inactive(anon):      516 kB
Node 1 Active(file):      24936 kB
Node 1 Inactive(file):   119692 kB
Node 1 Unevictable:       17308 kB
Node 1 Mlocked:           17308 kB
Node 1 Dirty:               548 kB
Node 1 Writeback:             0 kB
Node 1 FilePages:        152044 kB
Node 1 Mapped:            40484 kB
Node 1 AnonPages:         35588 kB
Node 1 Shmem:               664 kB
Node 1 KernelStack:        1800 kB
Node 1 PageTables:         1604 kB
Node 1 NFS_Unstable:          0 kB
Node 1 Bounce:                0 kB
Node 1 WritebackTmp:          0 kB
Node 1 KReclaimable:      17848 kB
Node 1 Slab:              59104 kB
Node 1 SReclaimable:      17848 kB
Node 1 SUnreclaim:        41256 kB
Node 1 AnonHugePages:         0 kB
Node 1 ShmemHugePages:        0 kB
Node 1 ShmemPmdMapped:        0 kB
Node 1 FileHugePages:        0 kB
Node 1 FilePmdMapped:        0 kB
Node 1 HugePages_Total:     0
Node 1 HugePages_Free:      0
Node 1 HugePages_Surp:      0

After Test
Node 0 MemTotal:       24768352 kB
Node 0 MemFree:        21825488 kB
Node 0 MemUsed:         2942864 kB
Node 0 Active:            62748 kB
Node 0 Inactive:          87288 kB
Node 0 Active(anon):      21572 kB
Node 0 Inactive(anon):      444 kB
Node 0 Active(file):      41176 kB
Node 0 Inactive(file):    86844 kB
Node 0 Unevictable:        1444 kB
Node 0 Mlocked:            1444 kB
Node 0 Dirty:                32 kB
Node 0 Writeback:             0 kB
Node 0 FilePages:        130108 kB
Node 0 Mapped:            17168 kB
Node 0 AnonPages:         21296 kB
Node 0 Shmem:               644 kB
Node 0 KernelStack:        3144 kB
Node 0 PageTables:          568 kB
Node 0 NFS_Unstable:          0 kB
Node 0 Bounce:                0 kB
Node 0 WritebackTmp:          0 kB
Node 0 KReclaimable:      26184 kB
Node 0 Slab:              74408 kB
Node 0 SReclaimable:      26184 kB
Node 0 SUnreclaim:        48224 kB
Node 0 AnonHugePages:         0 kB
Node 0 ShmemHugePages:        0 kB
Node 0 ShmemPmdMapped:        0 kB
Node 0 FileHugePages:        0 kB
Node 0 FilePmdMapped:        0 kB
Node 0 HugePages_Total:     0
Node 0 HugePages_Free:      0
Node 0 HugePages_Surp:      0

Node 1 MemTotal:       24661580 kB
Node 1 MemFree:        23910888 kB
Node 1 MemUsed:          750692 kB
Node 1 Active:            37016 kB
Node 1 Inactive:         119880 kB
Node 1 Active(anon):      11712 kB
Node 1 Inactive(anon):      520 kB
Node 1 Active(file):      25304 kB
Node 1 Inactive(file):   119360 kB
Node 1 Unevictable:       17308 kB
Node 1 Mlocked:           17308 kB
Node 1 Dirty:                68 kB
Node 1 Writeback:             0 kB
Node 1 FilePages:        152080 kB
Node 1 Mapped:            38692 kB
Node 1 AnonPages:         22120 kB
Node 1 Shmem:               668 kB
Node 1 KernelStack:        1496 kB
Node 1 PageTables:          620 kB
Node 1 NFS_Unstable:          0 kB
Node 1 Bounce:                0 kB
Node 1 WritebackTmp:          0 kB
Node 1 KReclaimable:      17888 kB
Node 1 Slab:              59532 kB
Node 1 SReclaimable:      17888 kB
Node 1 SUnreclaim:        41644 kB
Node 1 AnonHugePages:         0 kB
Node 1 ShmemHugePages:        0 kB
Node 1 ShmemPmdMapped:        0 kB
Node 1 FileHugePages:        0 kB
Node 1 FilePmdMapped:        0 kB
Node 1 HugePages_Total:     0
Node 1 HugePages_Free:      0
Node 1 HugePages_Surp:      0

After Opposite Node
Node 0 MemTotal:       24768352 kB
Node 0 MemFree:        21828252 kB
Node 0 MemUsed:         2940100 kB
Node 0 Active:            62756 kB
Node 0 Inactive:          87092 kB
Node 0 Active(anon):      21400 kB
Node 0 Inactive(anon):      420 kB
Node 0 Active(file):      41356 kB
Node 0 Inactive(file):    86672 kB
Node 0 Unevictable:        1444 kB
Node 0 Mlocked:            1444 kB
Node 0 Dirty:                32 kB
Node 0 Writeback:             0 kB
Node 0 FilePages:        130080 kB
Node 0 Mapped:            17108 kB
Node 0 AnonPages:         21220 kB
Node 0 Shmem:               600 kB
Node 0 KernelStack:        3112 kB
Node 0 PageTables:          456 kB
Node 0 NFS_Unstable:          0 kB
Node 0 Bounce:                0 kB
Node 0 WritebackTmp:          0 kB
Node 0 KReclaimable:      26216 kB
Node 0 Slab:              74424 kB
Node 0 SReclaimable:      26216 kB
Node 0 SUnreclaim:        48208 kB
Node 0 AnonHugePages:         0 kB
Node 0 ShmemHugePages:        0 kB
Node 0 ShmemPmdMapped:        0 kB
Node 0 FileHugePages:        0 kB
Node 0 FilePmdMapped:        0 kB
Node 0 HugePages_Total:     0
Node 0 HugePages_Free:      0
Node 0 HugePages_Surp:      0

Node 1 MemTotal:       24661580 kB
Node 1 MemFree:        23909172 kB
Node 1 MemUsed:          752408 kB
Node 1 Active:            37352 kB
Node 1 Inactive:         119920 kB
Node 1 Active(anon):      12020 kB
Node 1 Inactive(anon):      564 kB
Node 1 Active(file):      25332 kB
Node 1 Inactive(file):   119356 kB
Node 1 Unevictable:       17308 kB
Node 1 Mlocked:           17308 kB
Node 1 Dirty:               124 kB
Node 1 Writeback:             0 kB
Node 1 FilePages:        152148 kB
Node 1 Mapped:            38736 kB
Node 1 AnonPages:         22292 kB
Node 1 Shmem:               712 kB
Node 1 KernelStack:        1528 kB
Node 1 PageTables:          796 kB
Node 1 NFS_Unstable:          0 kB
Node 1 Bounce:                0 kB
Node 1 WritebackTmp:          0 kB
Node 1 KReclaimable:      17920 kB
Node 1 Slab:              59880 kB
Node 1 SReclaimable:      17920 kB
Node 1 SUnreclaim:        41960 kB
Node 1 AnonHugePages:         0 kB
Node 1 ShmemHugePages:        0 kB
Node 1 ShmemPmdMapped:        0 kB
Node 1 FileHugePages:        0 kB
Node 1 FilePmdMapped:        0 kB
Node 1 HugePages_Total:     0
Node 1 HugePages_Free:      0
Node 1 HugePages_Surp:      0

B.0.doublefio.2G.1.O Complete!
