B.0.doublefio.4G.1.O
Begin
Node 0 MemTotal:       24743736 kB
Node 0 MemFree:        24382528 kB
Node 0 MemUsed:          361208 kB
Node 0 Active:            59212 kB
Node 0 Inactive:          28960 kB
Node 0 Active(anon):      20040 kB
Node 0 Inactive(anon):      388 kB
Node 0 Active(file):      39172 kB
Node 0 Inactive(file):    28572 kB
Node 0 Unevictable:         956 kB
Node 0 Mlocked:             956 kB
Node 0 Dirty:                28 kB
Node 0 Writeback:             0 kB
Node 0 FilePages:         69328 kB
Node 0 Mapped:            16188 kB
Node 0 AnonPages:         19836 kB
Node 0 Shmem:               628 kB
Node 0 KernelStack:        2072 kB
Node 0 PageTables:          448 kB
Node 0 NFS_Unstable:          0 kB
Node 0 Bounce:                0 kB
Node 0 WritebackTmp:          0 kB
Node 0 KReclaimable:      22020 kB
Node 0 Slab:              55384 kB
Node 0 SReclaimable:      22020 kB
Node 0 SUnreclaim:        33364 kB
Node 0 AnonHugePages:         0 kB
Node 0 ShmemHugePages:        0 kB
Node 0 ShmemPmdMapped:        0 kB
Node 0 FileHugePages:        0 kB
Node 0 FilePmdMapped:        0 kB
Node 0 HugePages_Total:     0
Node 0 HugePages_Free:      0
Node 0 HugePages_Surp:      0

Node 1 MemTotal:       24686196 kB
Node 1 MemFree:        24440896 kB
Node 1 MemUsed:          245300 kB
Node 1 Active:            35020 kB
Node 1 Inactive:          56476 kB
Node 1 Active(anon):      13660 kB
Node 1 Inactive(anon):      488 kB
Node 1 Active(file):      21360 kB
Node 1 Inactive(file):    55988 kB
Node 1 Unevictable:       17568 kB
Node 1 Mlocked:           17568 kB
Node 1 Dirty:               448 kB
Node 1 Writeback:             0 kB
Node 1 FilePages:         85392 kB
Node 1 Mapped:            23132 kB
Node 1 AnonPages:         23944 kB
Node 1 Shmem:               640 kB
Node 1 KernelStack:        1624 kB
Node 1 PageTables:          604 kB
Node 1 NFS_Unstable:          0 kB
Node 1 Bounce:                0 kB
Node 1 WritebackTmp:          0 kB
Node 1 KReclaimable:      18912 kB
Node 1 Slab:              50264 kB
Node 1 SReclaimable:      18912 kB
Node 1 SUnreclaim:        31352 kB
Node 1 AnonHugePages:         0 kB
Node 1 ShmemHugePages:        0 kB
Node 1 ShmemPmdMapped:        0 kB
Node 1 FileHugePages:        0 kB
Node 1 FilePmdMapped:        0 kB
Node 1 HugePages_Total:     0
Node 1 HugePages_Free:      0
Node 1 HugePages_Surp:      0

Load ZFS
Node 0 MemTotal:       24743736 kB
Node 0 MemFree:        24273740 kB
Node 0 MemUsed:          469996 kB
Node 0 Active:            72708 kB
Node 0 Inactive:         117484 kB
Node 0 Active(anon):      32588 kB
Node 0 Inactive(anon):      516 kB
Node 0 Active(file):      40120 kB
Node 0 Inactive(file):   116968 kB
Node 0 Unevictable:         956 kB
Node 0 Mlocked:             956 kB
Node 0 Dirty:                80 kB
Node 0 Writeback:             0 kB
Node 0 FilePages:        158760 kB
Node 0 Mapped:            18780 kB
Node 0 AnonPages:         32100 kB
Node 0 Shmem:               716 kB
Node 0 KernelStack:        2596 kB
Node 0 PageTables:         1304 kB
Node 0 NFS_Unstable:          0 kB
Node 0 Bounce:                0 kB
Node 0 WritebackTmp:          0 kB
Node 0 KReclaimable:      22924 kB
Node 0 Slab:              58944 kB
Node 0 SReclaimable:      22924 kB
Node 0 SUnreclaim:        36020 kB
Node 0 AnonHugePages:         0 kB
Node 0 ShmemHugePages:        0 kB
Node 0 ShmemPmdMapped:        0 kB
Node 0 FileHugePages:        0 kB
Node 0 FilePmdMapped:        0 kB
Node 0 HugePages_Total:     0
Node 0 HugePages_Free:      0
Node 0 HugePages_Surp:      0

Node 1 MemTotal:       24686196 kB
Node 1 MemFree:        24407208 kB
Node 1 MemUsed:          278988 kB
Node 1 Active:            49604 kB
Node 1 Inactive:          71368 kB
Node 1 Active(anon):      26636 kB
Node 1 Inactive(anon):      432 kB
Node 1 Active(file):      22968 kB
Node 1 Inactive(file):    70936 kB
Node 1 Unevictable:       17784 kB
Node 1 Mlocked:           17784 kB
Node 1 Dirty:               668 kB
Node 1 Writeback:             0 kB
Node 1 FilePages:        101692 kB
Node 1 Mapped:            24548 kB
Node 1 AnonPages:         37068 kB
Node 1 Shmem:               552 kB
Node 1 KernelStack:        1688 kB
Node 1 PageTables:          560 kB
Node 1 NFS_Unstable:          0 kB
Node 1 Bounce:                0 kB
Node 1 WritebackTmp:          0 kB
Node 1 KReclaimable:      19864 kB
Node 1 Slab:              53780 kB
Node 1 SReclaimable:      19864 kB
Node 1 SUnreclaim:        33916 kB
Node 1 AnonHugePages:         0 kB
Node 1 ShmemHugePages:        0 kB
Node 1 ShmemPmdMapped:        0 kB
Node 1 FileHugePages:        0 kB
Node 1 FilePmdMapped:        0 kB
Node 1 HugePages_Total:     0
Node 1 HugePages_Free:      0
Node 1 HugePages_Surp:      0

Import tank ZPool
Node 0 MemTotal:       24743736 kB
Node 0 MemFree:        24280528 kB
Node 0 MemUsed:          463208 kB
Node 0 Active:            62404 kB
Node 0 Inactive:         118228 kB
Node 0 Active(anon):      21480 kB
Node 0 Inactive(anon):      520 kB
Node 0 Active(file):      40924 kB
Node 0 Inactive(file):   117708 kB
Node 0 Unevictable:         956 kB
Node 0 Mlocked:             956 kB
Node 0 Dirty:                84 kB
Node 0 Writeback:             0 kB
Node 0 FilePages:        160312 kB
Node 0 Mapped:            16508 kB
Node 0 AnonPages:         21076 kB
Node 0 Shmem:               720 kB
Node 0 KernelStack:        2172 kB
Node 0 PageTables:          812 kB
Node 0 NFS_Unstable:          0 kB
Node 0 Bounce:                0 kB
Node 0 WritebackTmp:          0 kB
Node 0 KReclaimable:      23076 kB
Node 0 Slab:              63464 kB
Node 0 SReclaimable:      23076 kB
Node 0 SUnreclaim:        40388 kB
Node 0 AnonHugePages:         0 kB
Node 0 ShmemHugePages:        0 kB
Node 0 ShmemPmdMapped:        0 kB
Node 0 FileHugePages:        0 kB
Node 0 FilePmdMapped:        0 kB
Node 0 HugePages_Total:     0
Node 0 HugePages_Free:      0
Node 0 HugePages_Surp:      0

Node 1 MemTotal:       24686196 kB
Node 1 MemFree:        24406944 kB
Node 1 MemUsed:          279252 kB
Node 1 Active:            35948 kB
Node 1 Inactive:          71304 kB
Node 1 Active(anon):      12892 kB
Node 1 Inactive(anon):      432 kB
Node 1 Active(file):      23056 kB
Node 1 Inactive(file):    70872 kB
Node 1 Unevictable:       17800 kB
Node 1 Mlocked:           17800 kB
Node 1 Dirty:               420 kB
Node 1 Writeback:             0 kB
Node 1 FilePages:        101728 kB
Node 1 Mapped:            23616 kB
Node 1 AnonPages:         23496 kB
Node 1 Shmem:               548 kB
Node 1 KernelStack:        2712 kB
Node 1 PageTables:          656 kB
Node 1 NFS_Unstable:          0 kB
Node 1 Bounce:                0 kB
Node 1 WritebackTmp:          0 kB
Node 1 KReclaimable:      19868 kB
Node 1 Slab:              55940 kB
Node 1 SReclaimable:      19868 kB
Node 1 SUnreclaim:        36072 kB
Node 1 AnonHugePages:         0 kB
Node 1 ShmemHugePages:        0 kB
Node 1 ShmemPmdMapped:        0 kB
Node 1 FileHugePages:        0 kB
Node 1 FilePmdMapped:        0 kB
Node 1 HugePages_Total:     0
Node 1 HugePages_Free:      0
Node 1 HugePages_Surp:      0

After Test
Node 0 MemTotal:       24743736 kB
Node 0 MemFree:        19383696 kB
Node 0 MemUsed:         5360040 kB
Node 0 Active:            62556 kB
Node 0 Inactive:         119204 kB
Node 0 Active(anon):      20612 kB
Node 0 Inactive(anon):      548 kB
Node 0 Active(file):      41944 kB
Node 0 Inactive(file):   118656 kB
Node 0 Unevictable:         956 kB
Node 0 Mlocked:             956 kB
Node 0 Dirty:                12 kB
Node 0 Writeback:             0 kB
Node 0 FilePages:        162320 kB
Node 0 Mapped:            16464 kB
Node 0 AnonPages:         20368 kB
Node 0 Shmem:               764 kB
Node 0 KernelStack:        2056 kB
Node 0 PageTables:          632 kB
Node 0 NFS_Unstable:          0 kB
Node 0 Bounce:                0 kB
Node 0 WritebackTmp:          0 kB
Node 0 KReclaimable:      24360 kB
Node 0 Slab:              84384 kB
Node 0 SReclaimable:      24360 kB
Node 0 SUnreclaim:        60024 kB
Node 0 AnonHugePages:         0 kB
Node 0 ShmemHugePages:        0 kB
Node 0 ShmemPmdMapped:        0 kB
Node 0 FileHugePages:        0 kB
Node 0 FilePmdMapped:        0 kB
Node 0 HugePages_Total:     0
Node 0 HugePages_Free:      0
Node 0 HugePages_Surp:      0

Node 1 MemTotal:       24686196 kB
Node 1 MemFree:        24268536 kB
Node 1 MemUsed:          417660 kB
Node 1 Active:            35776 kB
Node 1 Inactive:          71300 kB
Node 1 Active(anon):      12648 kB
Node 1 Inactive(anon):      424 kB
Node 1 Active(file):      23128 kB
Node 1 Inactive(file):    70876 kB
Node 1 Unevictable:       17800 kB
Node 1 Mlocked:           17800 kB
Node 1 Dirty:                20 kB
Node 1 Writeback:             0 kB
Node 1 FilePages:        101788 kB
Node 1 Mapped:            23216 kB
Node 1 AnonPages:         23088 kB
Node 1 Shmem:               548 kB
Node 1 KernelStack:        2632 kB
Node 1 PageTables:          552 kB
Node 1 NFS_Unstable:          0 kB
Node 1 Bounce:                0 kB
Node 1 WritebackTmp:          0 kB
Node 1 KReclaimable:      19940 kB
Node 1 Slab:              56496 kB
Node 1 SReclaimable:      19940 kB
Node 1 SUnreclaim:        36556 kB
Node 1 AnonHugePages:         0 kB
Node 1 ShmemHugePages:        0 kB
Node 1 ShmemPmdMapped:        0 kB
Node 1 FileHugePages:        0 kB
Node 1 FilePmdMapped:        0 kB
Node 1 HugePages_Total:     0
Node 1 HugePages_Free:      0
Node 1 HugePages_Surp:      0

After Opposite Node
Node 0 MemTotal:       24743736 kB
Node 0 MemFree:        19386208 kB
Node 0 MemUsed:         5357528 kB
Node 0 Active:            62568 kB
Node 0 Inactive:         119008 kB
Node 0 Active(anon):      20436 kB
Node 0 Inactive(anon):      520 kB
Node 0 Active(file):      42132 kB
Node 0 Inactive(file):   118488 kB
Node 0 Unevictable:         956 kB
Node 0 Mlocked:             956 kB
Node 0 Dirty:                60 kB
Node 0 Writeback:             0 kB
Node 0 FilePages:        162296 kB
Node 0 Mapped:            16428 kB
Node 0 AnonPages:         20236 kB
Node 0 Shmem:               720 kB
Node 0 KernelStack:        2008 kB
Node 0 PageTables:          448 kB
Node 0 NFS_Unstable:          0 kB
Node 0 Bounce:                0 kB
Node 0 WritebackTmp:          0 kB
Node 0 KReclaimable:      24368 kB
Node 0 Slab:              84456 kB
Node 0 SReclaimable:      24368 kB
Node 0 SUnreclaim:        60088 kB
Node 0 AnonHugePages:         0 kB
Node 0 ShmemHugePages:        0 kB
Node 0 ShmemPmdMapped:        0 kB
Node 0 FileHugePages:        0 kB
Node 0 FilePmdMapped:        0 kB
Node 0 HugePages_Total:     0
Node 0 HugePages_Free:      0
Node 0 HugePages_Surp:      0

Node 1 MemTotal:       24686196 kB
Node 1 MemFree:        24268568 kB
Node 1 MemUsed:          417628 kB
Node 1 Active:            35976 kB
Node 1 Inactive:          71344 kB
Node 1 Active(anon):      12836 kB
Node 1 Inactive(anon):      460 kB
Node 1 Active(file):      23140 kB
Node 1 Inactive(file):    70884 kB
Node 1 Unevictable:       17800 kB
Node 1 Mlocked:           17800 kB
Node 1 Dirty:               128 kB
Node 1 Writeback:             0 kB
Node 1 FilePages:        101852 kB
Node 1 Mapped:            23260 kB
Node 1 AnonPages:         23132 kB
Node 1 Shmem:               592 kB
Node 1 KernelStack:        2664 kB
Node 1 PageTables:          668 kB
Node 1 NFS_Unstable:          0 kB
Node 1 Bounce:                0 kB
Node 1 WritebackTmp:          0 kB
Node 1 KReclaimable:      19984 kB
Node 1 Slab:              56996 kB
Node 1 SReclaimable:      19984 kB
Node 1 SUnreclaim:        37012 kB
Node 1 AnonHugePages:         0 kB
Node 1 ShmemHugePages:        0 kB
Node 1 ShmemPmdMapped:        0 kB
Node 1 FileHugePages:        0 kB
Node 1 FilePmdMapped:        0 kB
Node 1 HugePages_Total:     0
Node 1 HugePages_Free:      0
Node 1 HugePages_Surp:      0

B.0.doublefio.4G.1.O Complete!
