kernel.numa_balancing = 0
B.1.fio.4G.2.O
Begin
Node 0 MemTotal:       24743736 kB
Node 0 MemFree:        24361780 kB
Node 0 MemUsed:          381956 kB
Node 0 Active:            55516 kB
Node 0 Inactive:          37900 kB
Node 0 Active(anon):      12160 kB
Node 0 Inactive(anon):      480 kB
Node 0 Active(file):      43356 kB
Node 0 Inactive(file):    37420 kB
Node 0 Unevictable:       18204 kB
Node 0 Mlocked:           18204 kB
Node 0 Dirty:               372 kB
Node 0 Writeback:             0 kB
Node 0 FilePages:         89328 kB
Node 0 Mapped:            27864 kB
Node 0 AnonPages:         22292 kB
Node 0 Shmem:               672 kB
Node 0 KernelStack:        2152 kB
Node 0 PageTables:          416 kB
Node 0 NFS_Unstable:          0 kB
Node 0 Bounce:                0 kB
Node 0 WritebackTmp:          0 kB
Node 0 KReclaimable:      21136 kB
Node 0 Slab:              52828 kB
Node 0 SReclaimable:      21136 kB
Node 0 SUnreclaim:        31692 kB
Node 0 AnonHugePages:         0 kB
Node 0 ShmemHugePages:        0 kB
Node 0 ShmemPmdMapped:        0 kB
Node 0 FileHugePages:        0 kB
Node 0 FilePmdMapped:        0 kB
Node 0 HugePages_Total:     0
Node 0 HugePages_Free:      0
Node 0 HugePages_Surp:      0

Node 1 MemTotal:       24686196 kB
Node 1 MemFree:        24460632 kB
Node 1 MemUsed:          225564 kB
Node 1 Active:            39672 kB
Node 1 Inactive:          47368 kB
Node 1 Active(anon):      21812 kB
Node 1 Inactive(anon):      408 kB
Node 1 Active(file):      17860 kB
Node 1 Inactive(file):    46960 kB
Node 1 Unevictable:         316 kB
Node 1 Mlocked:             316 kB
Node 1 Dirty:                48 kB
Node 1 Writeback:             0 kB
Node 1 FilePages:         65760 kB
Node 1 Mapped:            12612 kB
Node 1 AnonPages:         21612 kB
Node 1 Shmem:               596 kB
Node 1 KernelStack:        1448 kB
Node 1 PageTables:          592 kB
Node 1 NFS_Unstable:          0 kB
Node 1 Bounce:                0 kB
Node 1 WritebackTmp:          0 kB
Node 1 KReclaimable:      20960 kB
Node 1 Slab:              54196 kB
Node 1 SReclaimable:      20960 kB
Node 1 SUnreclaim:        33236 kB
Node 1 AnonHugePages:         0 kB
Node 1 ShmemHugePages:        0 kB
Node 1 ShmemPmdMapped:        0 kB
Node 1 FileHugePages:        0 kB
Node 1 FilePmdMapped:        0 kB
Node 1 HugePages_Total:     0
Node 1 HugePages_Free:      0
Node 1 HugePages_Surp:      0

Load ZFS
Node 0 MemTotal:       24743736 kB
Node 0 MemFree:        24427404 kB
Node 0 MemUsed:          316332 kB
Node 0 Active:            71228 kB
Node 0 Inactive:          83136 kB
Node 0 Active(anon):      26816 kB
Node 0 Inactive(anon):      448 kB
Node 0 Active(file):      44412 kB
Node 0 Inactive(file):    82688 kB
Node 0 Unevictable:       18416 kB
Node 0 Mlocked:           18416 kB
Node 0 Dirty:               156 kB
Node 0 Writeback:             0 kB
Node 0 FilePages:        135600 kB
Node 0 Mapped:            29588 kB
Node 0 AnonPages:         37072 kB
Node 0 Shmem:               624 kB
Node 0 KernelStack:        2664 kB
Node 0 PageTables:         1852 kB
Node 0 NFS_Unstable:          0 kB
Node 0 Bounce:                0 kB
Node 0 WritebackTmp:          0 kB
Node 0 KReclaimable:      22080 kB
Node 0 Slab:              57120 kB
Node 0 SReclaimable:      22080 kB
Node 0 SUnreclaim:        35040 kB
Node 0 AnonHugePages:         0 kB
Node 0 ShmemHugePages:        0 kB
Node 0 ShmemPmdMapped:        0 kB
Node 0 FileHugePages:        0 kB
Node 0 FilePmdMapped:        0 kB
Node 0 HugePages_Total:     0
Node 0 HugePages_Free:      0
Node 0 HugePages_Surp:      0

Node 1 MemTotal:       24686196 kB
Node 1 MemFree:        24251012 kB
Node 1 MemUsed:          435184 kB
Node 1 Active:            52832 kB
Node 1 Inactive:         105508 kB
Node 1 Active(anon):      33528 kB
Node 1 Inactive(anon):      500 kB
Node 1 Active(file):      19304 kB
Node 1 Inactive(file):   105008 kB
Node 1 Unevictable:         316 kB
Node 1 Mlocked:             316 kB
Node 1 Dirty:               344 kB
Node 1 Writeback:             0 kB
Node 1 FilePages:        125272 kB
Node 1 Mapped:            14736 kB
Node 1 AnonPages:         33196 kB
Node 1 Shmem:               644 kB
Node 1 KernelStack:        1536 kB
Node 1 PageTables:         1024 kB
Node 1 NFS_Unstable:          0 kB
Node 1 Bounce:                0 kB
Node 1 WritebackTmp:          0 kB
Node 1 KReclaimable:      21888 kB
Node 1 Slab:              57484 kB
Node 1 SReclaimable:      21888 kB
Node 1 SUnreclaim:        35596 kB
Node 1 AnonHugePages:         0 kB
Node 1 ShmemHugePages:        0 kB
Node 1 ShmemPmdMapped:        0 kB
Node 1 FileHugePages:        0 kB
Node 1 FilePmdMapped:        0 kB
Node 1 HugePages_Total:     0
Node 1 HugePages_Free:      0
Node 1 HugePages_Surp:      0

Import tank ZPool
Node 0 MemTotal:       24743736 kB
Node 0 MemFree:        24441040 kB
Node 0 MemUsed:          302696 kB
Node 0 Active:            57040 kB
Node 0 Inactive:          82864 kB
Node 0 Active(anon):      12352 kB
Node 0 Inactive(anon):      448 kB
Node 0 Active(file):      44688 kB
Node 0 Inactive(file):    82416 kB
Node 0 Unevictable:       18432 kB
Node 0 Mlocked:           18432 kB
Node 0 Dirty:               160 kB
Node 0 Writeback:             0 kB
Node 0 FilePages:        135616 kB
Node 0 Mapped:            28168 kB
Node 0 AnonPages:         22748 kB
Node 0 Shmem:               620 kB
Node 0 KernelStack:        3292 kB
Node 0 PageTables:          936 kB
Node 0 NFS_Unstable:          0 kB
Node 0 Bounce:                0 kB
Node 0 WritebackTmp:          0 kB
Node 0 KReclaimable:      22080 kB
Node 0 Slab:              59160 kB
Node 0 SReclaimable:      22080 kB
Node 0 SUnreclaim:        37080 kB
Node 0 AnonHugePages:         0 kB
Node 0 ShmemHugePages:        0 kB
Node 0 ShmemPmdMapped:        0 kB
Node 0 FileHugePages:        0 kB
Node 0 FilePmdMapped:        0 kB
Node 0 HugePages_Total:     0
Node 0 HugePages_Free:      0
Node 0 HugePages_Surp:      0

Node 1 MemTotal:       24686196 kB
Node 1 MemFree:        24240320 kB
Node 1 MemUsed:          445876 kB
Node 1 Active:            41724 kB
Node 1 Inactive:         106504 kB
Node 1 Active(anon):      21852 kB
Node 1 Inactive(anon):      500 kB
Node 1 Active(file):      19872 kB
Node 1 Inactive(file):   106004 kB
Node 1 Unevictable:         316 kB
Node 1 Mlocked:             316 kB
Node 1 Dirty:               380 kB
Node 1 Writeback:             0 kB
Node 1 FilePages:        126840 kB
Node 1 Mapped:            12900 kB
Node 1 AnonPages:         21328 kB
Node 1 Shmem:               648 kB
Node 1 KernelStack:        1512 kB
Node 1 PageTables:          744 kB
Node 1 NFS_Unstable:          0 kB
Node 1 Bounce:                0 kB
Node 1 WritebackTmp:          0 kB
Node 1 KReclaimable:      22004 kB
Node 1 Slab:              63516 kB
Node 1 SReclaimable:      22004 kB
Node 1 SUnreclaim:        41512 kB
Node 1 AnonHugePages:         0 kB
Node 1 ShmemHugePages:        0 kB
Node 1 ShmemPmdMapped:        0 kB
Node 1 FileHugePages:        0 kB
Node 1 FilePmdMapped:        0 kB
Node 1 HugePages_Total:     0
Node 1 HugePages_Free:      0
Node 1 HugePages_Surp:      0

After Test
Node 0 MemTotal:       24743736 kB
Node 0 MemFree:        24349256 kB
Node 0 MemUsed:          394480 kB
Node 0 Active:            56852 kB
Node 0 Inactive:          82808 kB
Node 0 Active(anon):      12024 kB
Node 0 Inactive(anon):      444 kB
Node 0 Active(file):      44828 kB
Node 0 Inactive(file):    82364 kB
Node 0 Unevictable:       18432 kB
Node 0 Mlocked:           18432 kB
Node 0 Dirty:                28 kB
Node 0 Writeback:             0 kB
Node 0 FilePages:        135696 kB
Node 0 Mapped:            27852 kB
Node 0 AnonPages:         22400 kB
Node 0 Shmem:               620 kB
Node 0 KernelStack:        3064 kB
Node 0 PageTables:          424 kB
Node 0 NFS_Unstable:          0 kB
Node 0 Bounce:                0 kB
Node 0 WritebackTmp:          0 kB
Node 0 KReclaimable:      22144 kB
Node 0 Slab:              59368 kB
Node 0 SReclaimable:      22144 kB
Node 0 SUnreclaim:        37224 kB
Node 0 AnonHugePages:         0 kB
Node 0 ShmemHugePages:        0 kB
Node 0 ShmemPmdMapped:        0 kB
Node 0 FileHugePages:        0 kB
Node 0 FilePmdMapped:        0 kB
Node 0 HugePages_Total:     0
Node 0 HugePages_Free:      0
Node 0 HugePages_Surp:      0

Node 1 MemTotal:       24686196 kB
Node 1 MemFree:        19302084 kB
Node 1 MemUsed:         5384112 kB
Node 1 Active:            42288 kB
Node 1 Inactive:         107460 kB
Node 1 Active(anon):      21372 kB
Node 1 Inactive(anon):      524 kB
Node 1 Active(file):      20916 kB
Node 1 Inactive(file):   106936 kB
Node 1 Unevictable:         316 kB
Node 1 Mlocked:             316 kB
Node 1 Dirty:                28 kB
Node 1 Writeback:             0 kB
Node 1 FilePages:        128860 kB
Node 1 Mapped:            12848 kB
Node 1 AnonPages:         21172 kB
Node 1 Shmem:               692 kB
Node 1 KernelStack:        1496 kB
Node 1 PageTables:          756 kB
Node 1 NFS_Unstable:          0 kB
Node 1 Bounce:                0 kB
Node 1 WritebackTmp:          0 kB
Node 1 KReclaimable:      23372 kB
Node 1 Slab:              84440 kB
Node 1 SReclaimable:      23372 kB
Node 1 SUnreclaim:        61068 kB
Node 1 AnonHugePages:         0 kB
Node 1 ShmemHugePages:        0 kB
Node 1 ShmemPmdMapped:        0 kB
Node 1 FileHugePages:        0 kB
Node 1 FilePmdMapped:        0 kB
Node 1 HugePages_Total:     0
Node 1 HugePages_Free:      0
Node 1 HugePages_Surp:      0

After Opposite Node
Node 0 MemTotal:       24743736 kB
Node 0 MemFree:        24349956 kB
Node 0 MemUsed:          393780 kB
Node 0 Active:            57144 kB
Node 0 Inactive:          82864 kB
Node 0 Active(anon):      12292 kB
Node 0 Inactive(anon):      492 kB
Node 0 Active(file):      44852 kB
Node 0 Inactive(file):    82372 kB
Node 0 Unevictable:       18432 kB
Node 0 Mlocked:           18432 kB
Node 0 Dirty:                 8 kB
Node 0 Writeback:             0 kB
Node 0 FilePages:        135768 kB
Node 0 Mapped:            27896 kB
Node 0 AnonPages:         22536 kB
Node 0 Shmem:               668 kB
Node 0 KernelStack:        3096 kB
Node 0 PageTables:          608 kB
Node 0 NFS_Unstable:          0 kB
Node 0 Bounce:                0 kB
Node 0 WritebackTmp:          0 kB
Node 0 KReclaimable:      22232 kB
Node 0 Slab:              59668 kB
Node 0 SReclaimable:      22232 kB
Node 0 SUnreclaim:        37436 kB
Node 0 AnonHugePages:         0 kB
Node 0 ShmemHugePages:        0 kB
Node 0 ShmemPmdMapped:        0 kB
Node 0 FileHugePages:        0 kB
Node 0 FilePmdMapped:        0 kB
Node 0 HugePages_Total:     0
Node 0 HugePages_Free:      0
Node 0 HugePages_Surp:      0

Node 1 MemTotal:       24686196 kB
Node 1 MemFree:        19303564 kB
Node 1 MemUsed:         5382632 kB
Node 1 Active:            42440 kB
Node 1 Inactive:         107248 kB
Node 1 Active(anon):      21196 kB
Node 1 Inactive(anon):      492 kB
Node 1 Active(file):      21244 kB
Node 1 Inactive(file):   106756 kB
Node 1 Unevictable:         316 kB
Node 1 Mlocked:             316 kB
Node 1 Dirty:                28 kB
Node 1 Writeback:             0 kB
Node 1 FilePages:        128960 kB
Node 1 Mapped:            12836 kB
Node 1 AnonPages:         21044 kB
Node 1 Shmem:               644 kB
Node 1 KernelStack:        1464 kB
Node 1 PageTables:          584 kB
Node 1 NFS_Unstable:          0 kB
Node 1 Bounce:                0 kB
Node 1 WritebackTmp:          0 kB
Node 1 KReclaimable:      23376 kB
Node 1 Slab:              84452 kB
Node 1 SReclaimable:      23376 kB
Node 1 SUnreclaim:        61076 kB
Node 1 AnonHugePages:         0 kB
Node 1 ShmemHugePages:        0 kB
Node 1 ShmemPmdMapped:        0 kB
Node 1 FileHugePages:        0 kB
Node 1 FilePmdMapped:        0 kB
Node 1 HugePages_Total:     0
Node 1 HugePages_Free:      0
Node 1 HugePages_Surp:      0

B.1.fio.4G.2.O Complete!
