kernel.numa_balancing = 0
B.1.simpleread.2-1G.3.O
Begin
Node 0 MemTotal:       24743736 kB
Node 0 MemFree:        24290312 kB
Node 0 MemUsed:          453424 kB
Node 0 Active:            69428 kB
Node 0 Inactive:         102088 kB
Node 0 Active(anon):      21364 kB
Node 0 Inactive(anon):      536 kB
Node 0 Active(file):      48064 kB
Node 0 Inactive(file):   101552 kB
Node 0 Unevictable:        4932 kB
Node 0 Mlocked:            4932 kB
Node 0 Dirty:               496 kB
Node 0 Writeback:             0 kB
Node 0 FilePages:        155304 kB
Node 0 Mapped:            62804 kB
Node 0 AnonPages:         21172 kB
Node 0 Shmem:               728 kB
Node 0 KernelStack:        1896 kB
Node 0 PageTables:          756 kB
Node 0 NFS_Unstable:          0 kB
Node 0 Bounce:                0 kB
Node 0 WritebackTmp:          0 kB
Node 0 KReclaimable:      24244 kB
Node 0 Slab:              56728 kB
Node 0 SReclaimable:      24244 kB
Node 0 SUnreclaim:        32484 kB
Node 0 AnonHugePages:         0 kB
Node 0 ShmemHugePages:        0 kB
Node 0 ShmemPmdMapped:        0 kB
Node 0 FileHugePages:        0 kB
Node 0 FilePmdMapped:        0 kB
Node 0 HugePages_Total:     0
Node 0 HugePages_Free:      0
Node 0 HugePages_Surp:      0

Node 1 MemTotal:       24686196 kB
Node 1 MemFree:        24483140 kB
Node 1 MemUsed:          203056 kB
Node 1 Active:            28744 kB
Node 1 Inactive:          33772 kB
Node 1 Active(anon):      12512 kB
Node 1 Inactive(anon):      344 kB
Node 1 Active(file):      16232 kB
Node 1 Inactive(file):    33428 kB
Node 1 Unevictable:       13588 kB
Node 1 Mlocked:           13588 kB
Node 1 Dirty:                16 kB
Node 1 Writeback:             0 kB
Node 1 FilePages:         53464 kB
Node 1 Mapped:            18948 kB
Node 1 AnonPages:         22740 kB
Node 1 Shmem:               540 kB
Node 1 KernelStack:        1720 kB
Node 1 PageTables:          476 kB
Node 1 NFS_Unstable:          0 kB
Node 1 Bounce:                0 kB
Node 1 WritebackTmp:          0 kB
Node 1 KReclaimable:      17296 kB
Node 1 Slab:              47972 kB
Node 1 SReclaimable:      17296 kB
Node 1 SUnreclaim:        30676 kB
Node 1 AnonHugePages:         0 kB
Node 1 ShmemHugePages:        0 kB
Node 1 ShmemPmdMapped:        0 kB
Node 1 FileHugePages:        0 kB
Node 1 FilePmdMapped:        0 kB
Node 1 HugePages_Total:     0
Node 1 HugePages_Free:      0
Node 1 HugePages_Surp:      0

Load ZFS
Node 0 MemTotal:       24743736 kB
Node 0 MemFree:        24405184 kB
Node 0 MemUsed:          338552 kB
Node 0 Active:            83336 kB
Node 0 Inactive:         102444 kB
Node 0 Active(anon):      33796 kB
Node 0 Inactive(anon):      392 kB
Node 0 Active(file):      49540 kB
Node 0 Inactive(file):   102052 kB
Node 0 Unevictable:        4932 kB
Node 0 Mlocked:            4932 kB
Node 0 Dirty:               592 kB
Node 0 Writeback:             0 kB
Node 0 FilePages:        157052 kB
Node 0 Mapped:            65952 kB
Node 0 AnonPages:         34076 kB
Node 0 Shmem:               528 kB
Node 0 KernelStack:        2276 kB
Node 0 PageTables:         1144 kB
Node 0 NFS_Unstable:          0 kB
Node 0 Bounce:                0 kB
Node 0 WritebackTmp:          0 kB
Node 0 KReclaimable:      24720 kB
Node 0 Slab:              59372 kB
Node 0 SReclaimable:      24720 kB
Node 0 SUnreclaim:        34652 kB
Node 0 AnonHugePages:         0 kB
Node 0 ShmemHugePages:        0 kB
Node 0 ShmemPmdMapped:        0 kB
Node 0 FileHugePages:        0 kB
Node 0 FilePmdMapped:        0 kB
Node 0 HugePages_Total:     0
Node 0 HugePages_Free:      0
Node 0 HugePages_Surp:      0

Node 1 MemTotal:       24686196 kB
Node 1 MemFree:        24222268 kB
Node 1 MemUsed:          463928 kB
Node 1 Active:            45112 kB
Node 1 Inactive:         137212 kB
Node 1 Active(anon):      27960 kB
Node 1 Inactive(anon):      548 kB
Node 1 Active(file):      17152 kB
Node 1 Inactive(file):   136664 kB
Node 1 Unevictable:       13784 kB
Node 1 Mlocked:           13784 kB
Node 1 Dirty:                96 kB
Node 1 Writeback:             0 kB
Node 1 FilePages:        157820 kB
Node 1 Mapped:            20684 kB
Node 1 AnonPages:         37836 kB
Node 1 Shmem:               740 kB
Node 1 KernelStack:        1988 kB
Node 1 PageTables:         1488 kB
Node 1 NFS_Unstable:          0 kB
Node 1 Bounce:                0 kB
Node 1 WritebackTmp:          0 kB
Node 1 KReclaimable:      18292 kB
Node 1 Slab:              51652 kB
Node 1 SReclaimable:      18292 kB
Node 1 SUnreclaim:        33360 kB
Node 1 AnonHugePages:         0 kB
Node 1 ShmemHugePages:        0 kB
Node 1 ShmemPmdMapped:        0 kB
Node 1 FileHugePages:        0 kB
Node 1 FilePmdMapped:        0 kB
Node 1 HugePages_Total:     0
Node 1 HugePages_Free:      0
Node 1 HugePages_Surp:      0

Import tank ZPool
Node 0 MemTotal:       24743736 kB
Node 0 MemFree:        24398028 kB
Node 0 MemUsed:          345708 kB
Node 0 Active:            72708 kB
Node 0 Inactive:         103428 kB
Node 0 Active(anon):      22556 kB
Node 0 Inactive(anon):      404 kB
Node 0 Active(file):      50152 kB
Node 0 Inactive(file):   103024 kB
Node 0 Unevictable:        4932 kB
Node 0 Mlocked:            4932 kB
Node 0 Dirty:                68 kB
Node 0 Writeback:             0 kB
Node 0 FilePages:        158660 kB
Node 0 Mapped:            63764 kB
Node 0 AnonPages:         22008 kB
Node 0 Shmem:               536 kB
Node 0 KernelStack:        3208 kB
Node 0 PageTables:         1056 kB
Node 0 NFS_Unstable:          0 kB
Node 0 Bounce:                0 kB
Node 0 WritebackTmp:          0 kB
Node 0 KReclaimable:      24888 kB
Node 0 Slab:              65620 kB
Node 0 SReclaimable:      24888 kB
Node 0 SUnreclaim:        40732 kB
Node 0 AnonHugePages:         0 kB
Node 0 ShmemHugePages:        0 kB
Node 0 ShmemPmdMapped:        0 kB
Node 0 FileHugePages:        0 kB
Node 0 FilePmdMapped:        0 kB
Node 0 HugePages_Total:     0
Node 0 HugePages_Free:      0
Node 0 HugePages_Surp:      0

Node 1 MemTotal:       24686196 kB
Node 1 MemFree:        24239068 kB
Node 1 MemUsed:          447128 kB
Node 1 Active:            29288 kB
Node 1 Inactive:         136904 kB
Node 1 Active(anon):      11804 kB
Node 1 Inactive(anon):      548 kB
Node 1 Active(file):      17484 kB
Node 1 Inactive(file):   136356 kB
Node 1 Unevictable:       13816 kB
Node 1 Mlocked:           13816 kB
Node 1 Dirty:                 8 kB
Node 1 Writeback:             0 kB
Node 1 FilePages:        157852 kB
Node 1 Mapped:            19088 kB
Node 1 AnonPages:         21980 kB
Node 1 Shmem:               732 kB
Node 1 KernelStack:        1672 kB
Node 1 PageTables:          704 kB
Node 1 NFS_Unstable:          0 kB
Node 1 Bounce:                0 kB
Node 1 WritebackTmp:          0 kB
Node 1 KReclaimable:      18304 kB
Node 1 Slab:              51644 kB
Node 1 SReclaimable:      18304 kB
Node 1 SUnreclaim:        33340 kB
Node 1 AnonHugePages:         0 kB
Node 1 ShmemHugePages:        0 kB
Node 1 ShmemPmdMapped:        0 kB
Node 1 FileHugePages:        0 kB
Node 1 FilePmdMapped:        0 kB
Node 1 HugePages_Total:     0
Node 1 HugePages_Free:      0
Node 1 HugePages_Surp:      0

After Test
Node 0 MemTotal:       24743736 kB
Node 0 MemFree:        23561676 kB
Node 0 MemUsed:         1182060 kB
Node 0 Active:            72436 kB
Node 0 Inactive:         103128 kB
Node 0 Active(anon):      21820 kB
Node 0 Inactive(anon):      404 kB
Node 0 Active(file):      50616 kB
Node 0 Inactive(file):   102724 kB
Node 0 Unevictable:        4932 kB
Node 0 Mlocked:            4932 kB
Node 0 Dirty:                72 kB
Node 0 Writeback:             0 kB
Node 0 FilePages:        158824 kB
Node 0 Mapped:            63168 kB
Node 0 AnonPages:         21692 kB
Node 0 Shmem:               536 kB
Node 0 KernelStack:        3080 kB
Node 0 PageTables:          756 kB
Node 0 NFS_Unstable:          0 kB
Node 0 Bounce:                0 kB
Node 0 WritebackTmp:          0 kB
Node 0 KReclaimable:      24908 kB
Node 0 Slab:              68492 kB
Node 0 SReclaimable:      24908 kB
Node 0 SUnreclaim:        43584 kB
Node 0 AnonHugePages:         0 kB
Node 0 ShmemHugePages:        0 kB
Node 0 ShmemPmdMapped:        0 kB
Node 0 FileHugePages:        0 kB
Node 0 FilePmdMapped:        0 kB
Node 0 HugePages_Total:     0
Node 0 HugePages_Free:      0
Node 0 HugePages_Surp:      0

Node 1 MemTotal:       24686196 kB
Node 1 MemFree:        23197968 kB
Node 1 MemUsed:         1488228 kB
Node 1 Active:            29620 kB
Node 1 Inactive:         136736 kB
Node 1 Active(anon):      11660 kB
Node 1 Inactive(anon):      548 kB
Node 1 Active(file):      17960 kB
Node 1 Inactive(file):   136188 kB
Node 1 Unevictable:       13816 kB
Node 1 Mlocked:           13816 kB
Node 1 Dirty:                28 kB
Node 1 Writeback:             0 kB
Node 1 FilePages:        158168 kB
Node 1 Mapped:            19040 kB
Node 1 AnonPages:         22104 kB
Node 1 Shmem:               732 kB
Node 1 KernelStack:        1640 kB
Node 1 PageTables:          464 kB
Node 1 NFS_Unstable:          0 kB
Node 1 Bounce:                0 kB
Node 1 WritebackTmp:          0 kB
Node 1 KReclaimable:      18460 kB
Node 1 Slab:              58992 kB
Node 1 SReclaimable:      18460 kB
Node 1 SUnreclaim:        40532 kB
Node 1 AnonHugePages:         0 kB
Node 1 ShmemHugePages:        0 kB
Node 1 ShmemPmdMapped:        0 kB
Node 1 FileHugePages:        0 kB
Node 1 FilePmdMapped:        0 kB
Node 1 HugePages_Total:     0
Node 1 HugePages_Free:      0
Node 1 HugePages_Surp:      0

After Opposite Node
Node 0 MemTotal:       24743736 kB
Node 0 MemFree:        23561564 kB
Node 0 MemUsed:         1182172 kB
Node 0 Active:            72852 kB
Node 0 Inactive:         103096 kB
Node 0 Active(anon):      22172 kB
Node 0 Inactive(anon):      400 kB
Node 0 Active(file):      50680 kB
Node 0 Inactive(file):   102696 kB
Node 0 Unevictable:        4932 kB
Node 0 Mlocked:            4932 kB
Node 0 Dirty:                88 kB
Node 0 Writeback:             0 kB
Node 0 FilePages:        158840 kB
Node 0 Mapped:            63164 kB
Node 0 AnonPages:         22036 kB
Node 0 Shmem:               536 kB
Node 0 KernelStack:        3096 kB
Node 0 PageTables:          804 kB
Node 0 NFS_Unstable:          0 kB
Node 0 Bounce:                0 kB
Node 0 WritebackTmp:          0 kB
Node 0 KReclaimable:      24908 kB
Node 0 Slab:              68564 kB
Node 0 SReclaimable:      24908 kB
Node 0 SUnreclaim:        43656 kB
Node 0 AnonHugePages:         0 kB
Node 0 ShmemHugePages:        0 kB
Node 0 ShmemPmdMapped:        0 kB
Node 0 FileHugePages:        0 kB
Node 0 FilePmdMapped:        0 kB
Node 0 HugePages_Total:     0
Node 0 HugePages_Free:      0
Node 0 HugePages_Surp:      0

Node 1 MemTotal:       24686196 kB
Node 1 MemFree:        23198220 kB
Node 1 MemUsed:         1487976 kB
Node 1 Active:            29620 kB
Node 1 Inactive:         136492 kB
Node 1 Active(anon):      11392 kB
Node 1 Inactive(anon):      544 kB
Node 1 Active(file):      18228 kB
Node 1 Inactive(file):   135948 kB
Node 1 Unevictable:       13816 kB
Node 1 Mlocked:           13816 kB
Node 1 Dirty:                32 kB
Node 1 Writeback:             0 kB
Node 1 FilePages:        158172 kB
Node 1 Mapped:            19012 kB
Node 1 AnonPages:         21756 kB
Node 1 Shmem:               732 kB
Node 1 KernelStack:        1592 kB
Node 1 PageTables:          416 kB
Node 1 NFS_Unstable:          0 kB
Node 1 Bounce:                0 kB
Node 1 WritebackTmp:          0 kB
Node 1 KReclaimable:      18460 kB
Node 1 Slab:              59064 kB
Node 1 SReclaimable:      18460 kB
Node 1 SUnreclaim:        40604 kB
Node 1 AnonHugePages:         0 kB
Node 1 ShmemHugePages:        0 kB
Node 1 ShmemPmdMapped:        0 kB
Node 1 FileHugePages:        0 kB
Node 1 FilePmdMapped:        0 kB
Node 1 HugePages_Total:     0
Node 1 HugePages_Free:      0
Node 1 HugePages_Surp:      0

B.1.simpleread.2-1G.3.O Complete!
