kernel.numa_balancing = 0
B.1.simpleread.2G.3.O
Begin
Node 0 MemTotal:       24743736 kB
Node 0 MemFree:        24531040 kB
Node 0 MemUsed:          212696 kB
Node 0 Active:            42528 kB
Node 0 Inactive:          28340 kB
Node 0 Active(anon):      18108 kB
Node 0 Inactive(anon):      392 kB
Node 0 Active(file):      24420 kB
Node 0 Inactive(file):    27948 kB
Node 0 Unevictable:       17624 kB
Node 0 Mlocked:           17624 kB
Node 0 Dirty:               264 kB
Node 0 Writeback:             0 kB
Node 0 FilePages:         60244 kB
Node 0 Mapped:            29856 kB
Node 0 AnonPages:         28372 kB
Node 0 Shmem:               580 kB
Node 0 KernelStack:        1752 kB
Node 0 PageTables:          504 kB
Node 0 NFS_Unstable:          0 kB
Node 0 Bounce:                0 kB
Node 0 WritebackTmp:          0 kB
Node 0 KReclaimable:      18356 kB
Node 0 Slab:              45916 kB
Node 0 SReclaimable:      18356 kB
Node 0 SUnreclaim:        27560 kB
Node 0 AnonHugePages:         0 kB
Node 0 ShmemHugePages:        0 kB
Node 0 ShmemPmdMapped:        0 kB
Node 0 FileHugePages:        0 kB
Node 0 FilePmdMapped:        0 kB
Node 0 HugePages_Total:     0
Node 0 HugePages_Free:      0
Node 0 HugePages_Surp:      0

Node 1 MemTotal:       24686196 kB
Node 1 MemFree:        24289744 kB
Node 1 MemUsed:          396452 kB
Node 1 Active:            52860 kB
Node 1 Inactive:          62244 kB
Node 1 Active(anon):      15596 kB
Node 1 Inactive(anon):      488 kB
Node 1 Active(file):      37264 kB
Node 1 Inactive(file):    61756 kB
Node 1 Unevictable:         896 kB
Node 1 Mlocked:             896 kB
Node 1 Dirty:               112 kB
Node 1 Writeback:             0 kB
Node 1 FilePages:        100656 kB
Node 1 Mapped:            13944 kB
Node 1 AnonPages:         15428 kB
Node 1 Shmem:               688 kB
Node 1 KernelStack:        1912 kB
Node 1 PageTables:          564 kB
Node 1 NFS_Unstable:          0 kB
Node 1 Bounce:                0 kB
Node 1 WritebackTmp:          0 kB
Node 1 KReclaimable:      23340 kB
Node 1 Slab:              60456 kB
Node 1 SReclaimable:      23340 kB
Node 1 SUnreclaim:        37116 kB
Node 1 AnonHugePages:         0 kB
Node 1 ShmemHugePages:        0 kB
Node 1 ShmemPmdMapped:        0 kB
Node 1 FileHugePages:        0 kB
Node 1 FilePmdMapped:        0 kB
Node 1 HugePages_Total:     0
Node 1 HugePages_Free:      0
Node 1 HugePages_Surp:      0

Load ZFS
Node 0 MemTotal:       24743736 kB
Node 0 MemFree:        24494180 kB
Node 0 MemUsed:          249556 kB
Node 0 Active:            59348 kB
Node 0 Inactive:          40396 kB
Node 0 Active(anon):      33456 kB
Node 0 Inactive(anon):      476 kB
Node 0 Active(file):      25892 kB
Node 0 Inactive(file):    39920 kB
Node 0 Unevictable:       17776 kB
Node 0 Mlocked:           17776 kB
Node 0 Dirty:               328 kB
Node 0 Writeback:             0 kB
Node 0 FilePages:         73760 kB
Node 0 Mapped:            31820 kB
Node 0 AnonPages:         43524 kB
Node 0 Shmem:               652 kB
Node 0 KernelStack:        2224 kB
Node 0 PageTables:         1992 kB
Node 0 NFS_Unstable:          0 kB
Node 0 Bounce:                0 kB
Node 0 WritebackTmp:          0 kB
Node 0 KReclaimable:      18992 kB
Node 0 Slab:              49092 kB
Node 0 SReclaimable:      18992 kB
Node 0 SUnreclaim:        30100 kB
Node 0 AnonHugePages:         0 kB
Node 0 ShmemHugePages:        0 kB
Node 0 ShmemPmdMapped:        0 kB
Node 0 FileHugePages:        0 kB
Node 0 FilePmdMapped:        0 kB
Node 0 HugePages_Total:     0
Node 0 HugePages_Free:      0
Node 0 HugePages_Surp:      0

Node 1 MemTotal:       24686196 kB
Node 1 MemFree:        24182352 kB
Node 1 MemUsed:          503844 kB
Node 1 Active:            63404 kB
Node 1 Inactive:         153720 kB
Node 1 Active(anon):      25324 kB
Node 1 Inactive(anon):      456 kB
Node 1 Active(file):      38080 kB
Node 1 Inactive(file):   153264 kB
Node 1 Unevictable:         896 kB
Node 1 Mlocked:             896 kB
Node 1 Dirty:               128 kB
Node 1 Writeback:             0 kB
Node 1 FilePages:        192852 kB
Node 1 Mapped:            15920 kB
Node 1 AnonPages:         25536 kB
Node 1 Shmem:               616 kB
Node 1 KernelStack:        2240 kB
Node 1 PageTables:         1936 kB
Node 1 NFS_Unstable:          0 kB
Node 1 Bounce:                0 kB
Node 1 WritebackTmp:          0 kB
Node 1 KReclaimable:      24360 kB
Node 1 Slab:              64152 kB
Node 1 SReclaimable:      24360 kB
Node 1 SUnreclaim:        39792 kB
Node 1 AnonHugePages:         0 kB
Node 1 ShmemHugePages:        0 kB
Node 1 ShmemPmdMapped:        0 kB
Node 1 FileHugePages:        0 kB
Node 1 FilePmdMapped:        0 kB
Node 1 HugePages_Total:     0
Node 1 HugePages_Free:      0
Node 1 HugePages_Surp:      0

Import tank ZPool
Node 0 MemTotal:       24743736 kB
Node 0 MemFree:        24496180 kB
Node 0 MemUsed:          247556 kB
Node 0 Active:            58636 kB
Node 0 Inactive:          40364 kB
Node 0 Active(anon):      32756 kB
Node 0 Inactive(anon):      480 kB
Node 0 Active(file):      25880 kB
Node 0 Inactive(file):    39884 kB
Node 0 Unevictable:       17856 kB
Node 0 Mlocked:           17856 kB
Node 0 Dirty:               384 kB
Node 0 Writeback:             0 kB
Node 0 FilePages:         73716 kB
Node 0 Mapped:            31940 kB
Node 0 AnonPages:         43140 kB
Node 0 Shmem:               652 kB
Node 0 KernelStack:        2120 kB
Node 0 PageTables:         1288 kB
Node 0 NFS_Unstable:          0 kB
Node 0 Bounce:                0 kB
Node 0 WritebackTmp:          0 kB
Node 0 KReclaimable:      18992 kB
Node 0 Slab:              49048 kB
Node 0 SReclaimable:      18992 kB
Node 0 SUnreclaim:        30056 kB
Node 0 AnonHugePages:         0 kB
Node 0 ShmemHugePages:        0 kB
Node 0 ShmemPmdMapped:        0 kB
Node 0 FileHugePages:        0 kB
Node 0 FilePmdMapped:        0 kB
Node 0 HugePages_Total:     0
Node 0 HugePages_Free:      0
Node 0 HugePages_Surp:      0

Node 1 MemTotal:       24686196 kB
Node 1 MemFree:        24166552 kB
Node 1 MemUsed:          519644 kB
Node 1 Active:            64328 kB
Node 1 Inactive:         154952 kB
Node 1 Active(anon):      25468 kB
Node 1 Inactive(anon):      468 kB
Node 1 Active(file):      38860 kB
Node 1 Inactive(file):   154484 kB
Node 1 Unevictable:         896 kB
Node 1 Mlocked:             896 kB
Node 1 Dirty:               152 kB
Node 1 Writeback:             0 kB
Node 1 FilePages:        194572 kB
Node 1 Mapped:            15796 kB
Node 1 AnonPages:         24956 kB
Node 1 Shmem:               616 kB
Node 1 KernelStack:        3160 kB
Node 1 PageTables:         1100 kB
Node 1 NFS_Unstable:          0 kB
Node 1 Bounce:                0 kB
Node 1 WritebackTmp:          0 kB
Node 1 KReclaimable:      24460 kB
Node 1 Slab:              70216 kB
Node 1 SReclaimable:      24460 kB
Node 1 SUnreclaim:        45756 kB
Node 1 AnonHugePages:         0 kB
Node 1 ShmemHugePages:        0 kB
Node 1 ShmemPmdMapped:        0 kB
Node 1 FileHugePages:        0 kB
Node 1 FilePmdMapped:        0 kB
Node 1 HugePages_Total:     0
Node 1 HugePages_Free:      0
Node 1 HugePages_Surp:      0

After Test
Node 0 MemTotal:       24743736 kB
Node 0 MemFree:        23957196 kB
Node 0 MemUsed:          786540 kB
Node 0 Active:            42980 kB
Node 0 Inactive:          40340 kB
Node 0 Active(anon):      17080 kB
Node 0 Inactive(anon):      472 kB
Node 0 Active(file):      25900 kB
Node 0 Inactive(file):    39868 kB
Node 0 Unevictable:       17856 kB
Node 0 Mlocked:           17856 kB
Node 0 Dirty:                40 kB
Node 0 Writeback:             0 kB
Node 0 FilePages:         73712 kB
Node 0 Mapped:            29868 kB
Node 0 AnonPages:         27472 kB
Node 0 Shmem:               648 kB
Node 0 KernelStack:        1720 kB
Node 0 PageTables:          452 kB
Node 0 NFS_Unstable:          0 kB
Node 0 Bounce:                0 kB
Node 0 WritebackTmp:          0 kB
Node 0 KReclaimable:      19144 kB
Node 0 Slab:              51720 kB
Node 0 SReclaimable:      19144 kB
Node 0 SUnreclaim:        32576 kB
Node 0 AnonHugePages:         0 kB
Node 0 ShmemHugePages:        0 kB
Node 0 ShmemPmdMapped:        0 kB
Node 0 FileHugePages:        0 kB
Node 0 FilePmdMapped:        0 kB
Node 0 HugePages_Total:     0
Node 0 HugePages_Free:      0
Node 0 HugePages_Surp:      0

Node 1 MemTotal:       24686196 kB
Node 1 MemFree:        21790168 kB
Node 1 MemUsed:         2896028 kB
Node 1 Active:            56348 kB
Node 1 Inactive:         154032 kB
Node 1 Active(anon):      16348 kB
Node 1 Inactive(anon):      468 kB
Node 1 Active(file):      40000 kB
Node 1 Inactive(file):   153564 kB
Node 1 Unevictable:         896 kB
Node 1 Mlocked:             896 kB
Node 1 Dirty:                20 kB
Node 1 Writeback:             0 kB
Node 1 FilePages:        195080 kB
Node 1 Mapped:            14020 kB
Node 1 AnonPages:         16220 kB
Node 1 Shmem:               620 kB
Node 1 KernelStack:        2952 kB
Node 1 PageTables:          612 kB
Node 1 NFS_Unstable:          0 kB
Node 1 Bounce:                0 kB
Node 1 WritebackTmp:          0 kB
Node 1 KReclaimable:      24512 kB
Node 1 Slab:              81612 kB
Node 1 SReclaimable:      24512 kB
Node 1 SUnreclaim:        57100 kB
Node 1 AnonHugePages:         0 kB
Node 1 ShmemHugePages:        0 kB
Node 1 ShmemPmdMapped:        0 kB
Node 1 FileHugePages:        0 kB
Node 1 FilePmdMapped:        0 kB
Node 1 HugePages_Total:     0
Node 1 HugePages_Free:      0
Node 1 HugePages_Surp:      0

After Opposite Node
Node 0 MemTotal:       24743736 kB
Node 0 MemFree:        23957424 kB
Node 0 MemUsed:          786312 kB
Node 0 Active:            43344 kB
Node 0 Inactive:          40344 kB
Node 0 Active(anon):      17440 kB
Node 0 Inactive(anon):      472 kB
Node 0 Active(file):      25904 kB
Node 0 Inactive(file):    39872 kB
Node 0 Unevictable:       17856 kB
Node 0 Mlocked:           17856 kB
Node 0 Dirty:                52 kB
Node 0 Writeback:             0 kB
Node 0 FilePages:         73720 kB
Node 0 Mapped:            29868 kB
Node 0 AnonPages:         27820 kB
Node 0 Shmem:               648 kB
Node 0 KernelStack:        1736 kB
Node 0 PageTables:          508 kB
Node 0 NFS_Unstable:          0 kB
Node 0 Bounce:                0 kB
Node 0 WritebackTmp:          0 kB
Node 0 KReclaimable:      19176 kB
Node 0 Slab:              52240 kB
Node 0 SReclaimable:      19176 kB
Node 0 SUnreclaim:        33064 kB
Node 0 AnonHugePages:         0 kB
Node 0 ShmemHugePages:        0 kB
Node 0 ShmemPmdMapped:        0 kB
Node 0 FileHugePages:        0 kB
Node 0 FilePmdMapped:        0 kB
Node 0 HugePages_Total:     0
Node 0 HugePages_Free:      0
Node 0 HugePages_Surp:      0

Node 1 MemTotal:       24686196 kB
Node 1 MemFree:        21792876 kB
Node 1 MemUsed:         2893320 kB
Node 1 Active:            56320 kB
Node 1 Inactive:         153752 kB
Node 1 Active(anon):      16028 kB
Node 1 Inactive(anon):      468 kB
Node 1 Active(file):      40292 kB
Node 1 Inactive(file):   153284 kB
Node 1 Unevictable:         896 kB
Node 1 Mlocked:             896 kB
Node 1 Dirty:                56 kB
Node 1 Writeback:             0 kB
Node 1 FilePages:        195100 kB
Node 1 Mapped:            14020 kB
Node 1 AnonPages:         15876 kB
Node 1 Shmem:               620 kB
Node 1 KernelStack:        2904 kB
Node 1 PageTables:          564 kB
Node 1 NFS_Unstable:          0 kB
Node 1 Bounce:                0 kB
Node 1 WritebackTmp:          0 kB
Node 1 KReclaimable:      24512 kB
Node 1 Slab:              81676 kB
Node 1 SReclaimable:      24512 kB
Node 1 SUnreclaim:        57164 kB
Node 1 AnonHugePages:         0 kB
Node 1 ShmemHugePages:        0 kB
Node 1 ShmemPmdMapped:        0 kB
Node 1 FileHugePages:        0 kB
Node 1 FilePmdMapped:        0 kB
Node 1 HugePages_Total:     0
Node 1 HugePages_Free:      0
Node 1 HugePages_Surp:      0

B.1.simpleread.2G.3.O Complete!
