kernel.numa_balancing = 0
B.1.simpleread.250M.2.O
Begin
Node 0 MemTotal:       24743736 kB
Node 0 MemFree:        24497492 kB
Node 0 MemUsed:          246244 kB
Node 0 Active:            51200 kB
Node 0 Inactive:          54756 kB
Node 0 Active(anon):      17364 kB
Node 0 Inactive(anon):      504 kB
Node 0 Active(file):      33836 kB
Node 0 Inactive(file):    54252 kB
Node 0 Unevictable:       13396 kB
Node 0 Mlocked:           13396 kB
Node 0 Dirty:                 8 kB
Node 0 Writeback:             0 kB
Node 0 FilePages:         92300 kB
Node 0 Mapped:            14720 kB
Node 0 AnonPages:         27580 kB
Node 0 Shmem:               692 kB
Node 0 KernelStack:        2024 kB
Node 0 PageTables:          368 kB
Node 0 NFS_Unstable:          0 kB
Node 0 Bounce:                0 kB
Node 0 WritebackTmp:          0 kB
Node 0 KReclaimable:      16892 kB
Node 0 Slab:              43504 kB
Node 0 SReclaimable:      16892 kB
Node 0 SUnreclaim:        26612 kB
Node 0 AnonHugePages:         0 kB
Node 0 ShmemHugePages:        0 kB
Node 0 ShmemPmdMapped:        0 kB
Node 0 FileHugePages:        0 kB
Node 0 FilePmdMapped:        0 kB
Node 0 HugePages_Total:     0
Node 0 HugePages_Free:      0
Node 0 HugePages_Surp:      0

Node 1 MemTotal:       24686196 kB
Node 1 MemFree:        24282972 kB
Node 1 MemUsed:          403224 kB
Node 1 Active:            44960 kB
Node 1 Inactive:          76564 kB
Node 1 Active(anon):      17044 kB
Node 1 Inactive(anon):      368 kB
Node 1 Active(file):      27916 kB
Node 1 Inactive(file):    76196 kB
Node 1 Unevictable:        5124 kB
Node 1 Mlocked:            5124 kB
Node 1 Dirty:                56 kB
Node 1 Writeback:             0 kB
Node 1 FilePages:        109808 kB
Node 1 Mapped:            62044 kB
Node 1 AnonPages:         16900 kB
Node 1 Shmem:               576 kB
Node 1 KernelStack:        1640 kB
Node 1 PageTables:          876 kB
Node 1 NFS_Unstable:          0 kB
Node 1 Bounce:                0 kB
Node 1 WritebackTmp:          0 kB
Node 1 KReclaimable:      24464 kB
Node 1 Slab:              61804 kB
Node 1 SReclaimable:      24464 kB
Node 1 SUnreclaim:        37340 kB
Node 1 AnonHugePages:         0 kB
Node 1 ShmemHugePages:        0 kB
Node 1 ShmemPmdMapped:        0 kB
Node 1 FileHugePages:        0 kB
Node 1 FilePmdMapped:        0 kB
Node 1 HugePages_Total:     0
Node 1 HugePages_Free:      0
Node 1 HugePages_Surp:      0

Load ZFS
Node 0 MemTotal:       24743736 kB
Node 0 MemFree:        24462452 kB
Node 0 MemUsed:          281284 kB
Node 0 Active:            65000 kB
Node 0 Inactive:          69868 kB
Node 0 Active(anon):      29920 kB
Node 0 Inactive(anon):      420 kB
Node 0 Active(file):      35080 kB
Node 0 Inactive(file):    69448 kB
Node 0 Unevictable:       13596 kB
Node 0 Mlocked:           13596 kB
Node 0 Dirty:                32 kB
Node 0 Writeback:             0 kB
Node 0 FilePages:        108152 kB
Node 0 Mapped:            16732 kB
Node 0 AnonPages:         40108 kB
Node 0 Shmem:               552 kB
Node 0 KernelStack:        2440 kB
Node 0 PageTables:         1312 kB
Node 0 NFS_Unstable:          0 kB
Node 0 Bounce:                0 kB
Node 0 WritebackTmp:          0 kB
Node 0 KReclaimable:      17596 kB
Node 0 Slab:              45440 kB
Node 0 SReclaimable:      17596 kB
Node 0 SUnreclaim:        27844 kB
Node 0 AnonHugePages:         0 kB
Node 0 ShmemHugePages:        0 kB
Node 0 ShmemPmdMapped:        0 kB
Node 0 FileHugePages:        0 kB
Node 0 FilePmdMapped:        0 kB
Node 0 HugePages_Total:     0
Node 0 HugePages_Free:      0
Node 0 HugePages_Surp:      0

Node 1 MemTotal:       24686196 kB
Node 1 MemFree:        24168920 kB
Node 1 MemUsed:          517276 kB
Node 1 Active:            61704 kB
Node 1 Inactive:         164956 kB
Node 1 Active(anon):      32456 kB
Node 1 Inactive(anon):      524 kB
Node 1 Active(file):      29248 kB
Node 1 Inactive(file):   164432 kB
Node 1 Unevictable:        5124 kB
Node 1 Mlocked:            5124 kB
Node 1 Dirty:               424 kB
Node 1 Writeback:             0 kB
Node 1 FilePages:        199516 kB
Node 1 Mapped:            64164 kB
Node 1 AnonPages:         32168 kB
Node 1 Shmem:               716 kB
Node 1 KernelStack:        1916 kB
Node 1 PageTables:         2248 kB
Node 1 NFS_Unstable:          0 kB
Node 1 Bounce:                0 kB
Node 1 WritebackTmp:          0 kB
Node 1 KReclaimable:      25752 kB
Node 1 Slab:              67436 kB
Node 1 SReclaimable:      25752 kB
Node 1 SUnreclaim:        41684 kB
Node 1 AnonHugePages:         0 kB
Node 1 ShmemHugePages:        0 kB
Node 1 ShmemPmdMapped:        0 kB
Node 1 FileHugePages:        0 kB
Node 1 FilePmdMapped:        0 kB
Node 1 HugePages_Total:     0
Node 1 HugePages_Free:      0
Node 1 HugePages_Surp:      0

Import tank ZPool
Node 0 MemTotal:       24743736 kB
Node 0 MemFree:        24461688 kB
Node 0 MemUsed:          282048 kB
Node 0 Active:            52932 kB
Node 0 Inactive:          69624 kB
Node 0 Active(anon):      17460 kB
Node 0 Inactive(anon):      420 kB
Node 0 Active(file):      35472 kB
Node 0 Inactive(file):    69204 kB
Node 0 Unevictable:       13628 kB
Node 0 Mlocked:           13628 kB
Node 0 Dirty:                12 kB
Node 0 Writeback:             0 kB
Node 0 FilePages:        108304 kB
Node 0 Mapped:            14804 kB
Node 0 AnonPages:         27880 kB
Node 0 Shmem:               556 kB
Node 0 KernelStack:        3304 kB
Node 0 PageTables:          404 kB
Node 0 NFS_Unstable:          0 kB
Node 0 Bounce:                0 kB
Node 0 WritebackTmp:          0 kB
Node 0 KReclaimable:      17596 kB
Node 0 Slab:              47784 kB
Node 0 SReclaimable:      17596 kB
Node 0 SUnreclaim:        30188 kB
Node 0 AnonHugePages:         0 kB
Node 0 ShmemHugePages:        0 kB
Node 0 ShmemPmdMapped:        0 kB
Node 0 FileHugePages:        0 kB
Node 0 FilePmdMapped:        0 kB
Node 0 HugePages_Total:     0
Node 0 HugePages_Free:      0
Node 0 HugePages_Surp:      0

Node 1 MemTotal:       24686196 kB
Node 1 MemFree:        24180776 kB
Node 1 MemUsed:          505420 kB
Node 1 Active:            46200 kB
Node 1 Inactive:         166116 kB
Node 1 Active(anon):      16444 kB
Node 1 Inactive(anon):      528 kB
Node 1 Active(file):      29756 kB
Node 1 Inactive(file):   165588 kB
Node 1 Unevictable:        5124 kB
Node 1 Mlocked:            5124 kB
Node 1 Dirty:                44 kB
Node 1 Writeback:             0 kB
Node 1 FilePages:        201200 kB
Node 1 Mapped:            62468 kB
Node 1 AnonPages:         15896 kB
Node 1 Shmem:               712 kB
Node 1 KernelStack:        1464 kB
Node 1 PageTables:          884 kB
Node 1 NFS_Unstable:          0 kB
Node 1 Bounce:                0 kB
Node 1 WritebackTmp:          0 kB
Node 1 KReclaimable:      25888 kB
Node 1 Slab:              71736 kB
Node 1 SReclaimable:      25888 kB
Node 1 SUnreclaim:        45848 kB
Node 1 AnonHugePages:         0 kB
Node 1 ShmemHugePages:        0 kB
Node 1 ShmemPmdMapped:        0 kB
Node 1 FileHugePages:        0 kB
Node 1 FilePmdMapped:        0 kB
Node 1 HugePages_Total:     0
Node 1 HugePages_Free:      0
Node 1 HugePages_Surp:      0

After Test
Node 0 MemTotal:       24743736 kB
Node 0 MemFree:        24181780 kB
Node 0 MemUsed:          561956 kB
Node 0 Active:            53020 kB
Node 0 Inactive:          69624 kB
Node 0 Active(anon):      17532 kB
Node 0 Inactive(anon):      420 kB
Node 0 Active(file):      35488 kB
Node 0 Inactive(file):    69204 kB
Node 0 Unevictable:       13628 kB
Node 0 Mlocked:           13628 kB
Node 0 Dirty:                 0 kB
Node 0 Writeback:             0 kB
Node 0 FilePages:        108320 kB
Node 0 Mapped:            14784 kB
Node 0 AnonPages:         27696 kB
Node 0 Shmem:               556 kB
Node 0 KernelStack:        3288 kB
Node 0 PageTables:          476 kB
Node 0 NFS_Unstable:          0 kB
Node 0 Bounce:                0 kB
Node 0 WritebackTmp:          0 kB
Node 0 KReclaimable:      17596 kB
Node 0 Slab:              48756 kB
Node 0 SReclaimable:      17596 kB
Node 0 SUnreclaim:        31160 kB
Node 0 AnonHugePages:         0 kB
Node 0 ShmemHugePages:        0 kB
Node 0 ShmemPmdMapped:        0 kB
Node 0 FileHugePages:        0 kB
Node 0 FilePmdMapped:        0 kB
Node 0 HugePages_Total:     0
Node 0 HugePages_Free:      0
Node 0 HugePages_Surp:      0

Node 1 MemTotal:       24686196 kB
Node 1 MemFree:        23930212 kB
Node 1 MemUsed:          755984 kB
Node 1 Active:            47016 kB
Node 1 Inactive:         165784 kB
Node 1 Active(anon):      16448 kB
Node 1 Inactive(anon):      528 kB
Node 1 Active(file):      30568 kB
Node 1 Inactive(file):   165256 kB
Node 1 Unevictable:        5124 kB
Node 1 Mlocked:            5124 kB
Node 1 Dirty:                44 kB
Node 1 Writeback:             0 kB
Node 1 FilePages:        201664 kB
Node 1 Mapped:            62504 kB
Node 1 AnonPages:         16316 kB
Node 1 Shmem:               712 kB
Node 1 KernelStack:        1512 kB
Node 1 PageTables:          828 kB
Node 1 NFS_Unstable:          0 kB
Node 1 Bounce:                0 kB
Node 1 WritebackTmp:          0 kB
Node 1 KReclaimable:      25924 kB
Node 1 Slab:              73908 kB
Node 1 SReclaimable:      25924 kB
Node 1 SUnreclaim:        47984 kB
Node 1 AnonHugePages:         0 kB
Node 1 ShmemHugePages:        0 kB
Node 1 ShmemPmdMapped:        0 kB
Node 1 FileHugePages:        0 kB
Node 1 FilePmdMapped:        0 kB
Node 1 HugePages_Total:     0
Node 1 HugePages_Free:      0
Node 1 HugePages_Surp:      0

After Opposite Node
Node 0 MemTotal:       24743736 kB
Node 0 MemFree:        24181564 kB
Node 0 MemUsed:          562172 kB
Node 0 Active:            52860 kB
Node 0 Inactive:          69620 kB
Node 0 Active(anon):      17368 kB
Node 0 Inactive(anon):      412 kB
Node 0 Active(file):      35492 kB
Node 0 Inactive(file):    69208 kB
Node 0 Unevictable:       13628 kB
Node 0 Mlocked:           13628 kB
Node 0 Dirty:                 4 kB
Node 0 Writeback:             0 kB
Node 0 FilePages:        108328 kB
Node 0 Mapped:            14776 kB
Node 0 AnonPages:         27840 kB
Node 0 Shmem:               556 kB
Node 0 KernelStack:        3288 kB
Node 0 PageTables:          460 kB
Node 0 NFS_Unstable:          0 kB
Node 0 Bounce:                0 kB
Node 0 WritebackTmp:          0 kB
Node 0 KReclaimable:      17628 kB
Node 0 Slab:              48920 kB
Node 0 SReclaimable:      17628 kB
Node 0 SUnreclaim:        31292 kB
Node 0 AnonHugePages:         0 kB
Node 0 ShmemHugePages:        0 kB
Node 0 ShmemPmdMapped:        0 kB
Node 0 FileHugePages:        0 kB
Node 0 FilePmdMapped:        0 kB
Node 0 HugePages_Total:     0
Node 0 HugePages_Free:      0
Node 0 HugePages_Surp:      0

Node 1 MemTotal:       24686196 kB
Node 1 MemFree:        23930212 kB
Node 1 MemUsed:          755984 kB
Node 1 Active:            47084 kB
Node 1 Inactive:         165496 kB
Node 1 Active(anon):      16208 kB
Node 1 Inactive(anon):      528 kB
Node 1 Active(file):      30876 kB
Node 1 Inactive(file):   164968 kB
Node 1 Unevictable:        5124 kB
Node 1 Mlocked:            5124 kB
Node 1 Dirty:                60 kB
Node 1 Writeback:             0 kB
Node 1 FilePages:        201676 kB
Node 1 Mapped:            62304 kB
Node 1 AnonPages:         16024 kB
Node 1 Shmem:               712 kB
Node 1 KernelStack:        1464 kB
Node 1 PageTables:          768 kB
Node 1 NFS_Unstable:          0 kB
Node 1 Bounce:                0 kB
Node 1 WritebackTmp:          0 kB
Node 1 KReclaimable:      25924 kB
Node 1 Slab:              73928 kB
Node 1 SReclaimable:      25924 kB
Node 1 SUnreclaim:        48004 kB
Node 1 AnonHugePages:         0 kB
Node 1 ShmemHugePages:        0 kB
Node 1 ShmemPmdMapped:        0 kB
Node 1 FileHugePages:        0 kB
Node 1 FilePmdMapped:        0 kB
Node 1 HugePages_Total:     0
Node 1 HugePages_Free:      0
Node 1 HugePages_Surp:      0

B.1.simpleread.250M.2.O Complete!
