kernel.numa_balancing = 0
B.1.simpleread.4G.2.O
Begin
Node 0 MemTotal:       24743736 kB
Node 0 MemFree:        24328852 kB
Node 0 MemUsed:          414884 kB
Node 0 Active:            45576 kB
Node 0 Inactive:          70452 kB
Node 0 Active(anon):      17032 kB
Node 0 Inactive(anon):      476 kB
Node 0 Active(file):      28544 kB
Node 0 Inactive(file):    69976 kB
Node 0 Unevictable:       18320 kB
Node 0 Mlocked:           18320 kB
Node 0 Dirty:               120 kB
Node 0 Writeback:             0 kB
Node 0 FilePages:        107252 kB
Node 0 Mapped:            31256 kB
Node 0 AnonPages:         27156 kB
Node 0 Shmem:               712 kB
Node 0 KernelStack:        1976 kB
Node 0 PageTables:          660 kB
Node 0 NFS_Unstable:          0 kB
Node 0 Bounce:                0 kB
Node 0 WritebackTmp:          0 kB
Node 0 KReclaimable:      22532 kB
Node 0 Slab:              59524 kB
Node 0 SReclaimable:      22532 kB
Node 0 SUnreclaim:        36992 kB
Node 0 AnonHugePages:         0 kB
Node 0 ShmemHugePages:        0 kB
Node 0 ShmemPmdMapped:        0 kB
Node 0 FileHugePages:        0 kB
Node 0 FilePmdMapped:        0 kB
Node 0 HugePages_Total:     0
Node 0 HugePages_Free:      0
Node 0 HugePages_Surp:      0

Node 1 MemTotal:       24686196 kB
Node 1 MemFree:        24491720 kB
Node 1 MemUsed:          194476 kB
Node 1 Active:            50508 kB
Node 1 Inactive:          20072 kB
Node 1 Active(anon):      17216 kB
Node 1 Inactive(anon):      392 kB
Node 1 Active(file):      33292 kB
Node 1 Inactive(file):    19680 kB
Node 1 Unevictable:         200 kB
Node 1 Mlocked:             200 kB
Node 1 Dirty:                60 kB
Node 1 Writeback:             0 kB
Node 1 FilePages:         53748 kB
Node 1 Mapped:            12432 kB
Node 1 AnonPages:         17072 kB
Node 1 Shmem:               556 kB
Node 1 KernelStack:        1656 kB
Node 1 PageTables:          472 kB
Node 1 NFS_Unstable:          0 kB
Node 1 Bounce:                0 kB
Node 1 WritebackTmp:          0 kB
Node 1 KReclaimable:      19644 kB
Node 1 Slab:              46308 kB
Node 1 SReclaimable:      19644 kB
Node 1 SUnreclaim:        26664 kB
Node 1 AnonHugePages:         0 kB
Node 1 ShmemHugePages:        0 kB
Node 1 ShmemPmdMapped:        0 kB
Node 1 FileHugePages:        0 kB
Node 1 FilePmdMapped:        0 kB
Node 1 HugePages_Total:     0
Node 1 HugePages_Free:      0
Node 1 HugePages_Surp:      0

Load ZFS
Node 0 MemTotal:       24743736 kB
Node 0 MemFree:        24229680 kB
Node 0 MemUsed:          514056 kB
Node 0 Active:            59900 kB
Node 0 Inactive:         146124 kB
Node 0 Active(anon):      30284 kB
Node 0 Inactive(anon):      536 kB
Node 0 Active(file):      29616 kB
Node 0 Inactive(file):   145588 kB
Node 0 Unevictable:       18536 kB
Node 0 Mlocked:           18536 kB
Node 0 Dirty:               384 kB
Node 0 Writeback:             0 kB
Node 0 FilePages:        183948 kB
Node 0 Mapped:            34152 kB
Node 0 AnonPages:         40028 kB
Node 0 Shmem:               752 kB
Node 0 KernelStack:        2492 kB
Node 0 PageTables:         2248 kB
Node 0 NFS_Unstable:          0 kB
Node 0 Bounce:                0 kB
Node 0 WritebackTmp:          0 kB
Node 0 KReclaimable:      23264 kB
Node 0 Slab:              63688 kB
Node 0 SReclaimable:      23264 kB
Node 0 SUnreclaim:        40424 kB
Node 0 AnonHugePages:         0 kB
Node 0 ShmemHugePages:        0 kB
Node 0 ShmemPmdMapped:        0 kB
Node 0 FileHugePages:        0 kB
Node 0 FilePmdMapped:        0 kB
Node 0 HugePages_Total:     0
Node 0 HugePages_Free:      0
Node 0 HugePages_Surp:      0

Node 1 MemTotal:       24686196 kB
Node 1 MemFree:        24448424 kB
Node 1 MemUsed:          237772 kB
Node 1 Active:            61232 kB
Node 1 Inactive:          48064 kB
Node 1 Active(anon):      26920 kB
Node 1 Inactive(anon):      408 kB
Node 1 Active(file):      34312 kB
Node 1 Inactive(file):    47656 kB
Node 1 Unevictable:         200 kB
Node 1 Mlocked:             200 kB
Node 1 Dirty:                68 kB
Node 1 Writeback:             0 kB
Node 1 FilePages:         82684 kB
Node 1 Mapped:            13700 kB
Node 1 AnonPages:         26464 kB
Node 1 Shmem:               516 kB
Node 1 KernelStack:        1792 kB
Node 1 PageTables:          480 kB
Node 1 NFS_Unstable:          0 kB
Node 1 Bounce:                0 kB
Node 1 WritebackTmp:          0 kB
Node 1 KReclaimable:      20428 kB
Node 1 Slab:              48940 kB
Node 1 SReclaimable:      20428 kB
Node 1 SUnreclaim:        28512 kB
Node 1 AnonHugePages:         0 kB
Node 1 ShmemHugePages:        0 kB
Node 1 ShmemPmdMapped:        0 kB
Node 1 FileHugePages:        0 kB
Node 1 FilePmdMapped:        0 kB
Node 1 HugePages_Total:     0
Node 1 HugePages_Free:      0
Node 1 HugePages_Surp:      0

Import tank ZPool
Node 0 MemTotal:       24743736 kB
Node 0 MemFree:        24238652 kB
Node 0 MemUsed:          505084 kB
Node 0 Active:            47144 kB
Node 0 Inactive:         146796 kB
Node 0 Active(anon):      16516 kB
Node 0 Inactive(anon):      540 kB
Node 0 Active(file):      30628 kB
Node 0 Inactive(file):   146256 kB
Node 0 Unevictable:       18552 kB
Node 0 Mlocked:           18552 kB
Node 0 Dirty:               424 kB
Node 0 Writeback:             0 kB
Node 0 FilePages:        185648 kB
Node 0 Mapped:            31444 kB
Node 0 AnonPages:         26492 kB
Node 0 Shmem:               752 kB
Node 0 KernelStack:        1992 kB
Node 0 PageTables:          656 kB
Node 0 NFS_Unstable:          0 kB
Node 0 Bounce:                0 kB
Node 0 WritebackTmp:          0 kB
Node 0 KReclaimable:      23376 kB
Node 0 Slab:              68580 kB
Node 0 SReclaimable:      23376 kB
Node 0 SUnreclaim:        45204 kB
Node 0 AnonHugePages:         0 kB
Node 0 ShmemHugePages:        0 kB
Node 0 ShmemPmdMapped:        0 kB
Node 0 FileHugePages:        0 kB
Node 0 FilePmdMapped:        0 kB
Node 0 HugePages_Total:     0
Node 0 HugePages_Free:      0
Node 0 HugePages_Surp:      0

Node 1 MemTotal:       24686196 kB
Node 1 MemFree:        24441752 kB
Node 1 MemUsed:          244444 kB
Node 1 Active:            52016 kB
Node 1 Inactive:          47684 kB
Node 1 Active(anon):      17304 kB
Node 1 Inactive(anon):      408 kB
Node 1 Active(file):      34712 kB
Node 1 Inactive(file):    47276 kB
Node 1 Unevictable:         200 kB
Node 1 Mlocked:             200 kB
Node 1 Dirty:                68 kB
Node 1 Writeback:             0 kB
Node 1 FilePages:         82720 kB
Node 1 Mapped:            12512 kB
Node 1 AnonPages:         17196 kB
Node 1 Shmem:               516 kB
Node 1 KernelStack:        2744 kB
Node 1 PageTables:          472 kB
Node 1 NFS_Unstable:          0 kB
Node 1 Bounce:                0 kB
Node 1 WritebackTmp:          0 kB
Node 1 KReclaimable:      20452 kB
Node 1 Slab:              51244 kB
Node 1 SReclaimable:      20452 kB
Node 1 SUnreclaim:        30792 kB
Node 1 AnonHugePages:         0 kB
Node 1 ShmemHugePages:        0 kB
Node 1 ShmemPmdMapped:        0 kB
Node 1 FileHugePages:        0 kB
Node 1 FilePmdMapped:        0 kB
Node 1 HugePages_Total:     0
Node 1 HugePages_Free:      0
Node 1 HugePages_Surp:      0

After Test
Node 0 MemTotal:       24743736 kB
Node 0 MemFree:        23437308 kB
Node 0 MemUsed:         1306428 kB
Node 0 Active:            47128 kB
Node 0 Inactive:         146404 kB
Node 0 Active(anon):      15932 kB
Node 0 Inactive(anon):      532 kB
Node 0 Active(file):      31196 kB
Node 0 Inactive(file):   145872 kB
Node 0 Unevictable:       18552 kB
Node 0 Mlocked:           18552 kB
Node 0 Dirty:                16 kB
Node 0 Writeback:             0 kB
Node 0 FilePages:        185808 kB
Node 0 Mapped:            31276 kB
Node 0 AnonPages:         26272 kB
Node 0 Shmem:               748 kB
Node 0 KernelStack:        1896 kB
Node 0 PageTables:          544 kB
Node 0 NFS_Unstable:          0 kB
Node 0 Bounce:                0 kB
Node 0 WritebackTmp:          0 kB
Node 0 KReclaimable:      23380 kB
Node 0 Slab:              71248 kB
Node 0 SReclaimable:      23380 kB
Node 0 SUnreclaim:        47868 kB
Node 0 AnonHugePages:         0 kB
Node 0 ShmemHugePages:        0 kB
Node 0 ShmemPmdMapped:        0 kB
Node 0 FileHugePages:        0 kB
Node 0 FilePmdMapped:        0 kB
Node 0 HugePages_Total:     0
Node 0 HugePages_Free:      0
Node 0 HugePages_Surp:      0

Node 1 MemTotal:       24686196 kB
Node 1 MemFree:        20207984 kB
Node 1 MemUsed:         4478212 kB
Node 1 Active:            52868 kB
Node 1 Inactive:          48136 kB
Node 1 Active(anon):      17340 kB
Node 1 Inactive(anon):      408 kB
Node 1 Active(file):      35528 kB
Node 1 Inactive(file):    47728 kB
Node 1 Unevictable:         200 kB
Node 1 Mlocked:             200 kB
Node 1 Dirty:                20 kB
Node 1 Writeback:             0 kB
Node 1 FilePages:         83976 kB
Node 1 Mapped:            12444 kB
Node 1 AnonPages:         17256 kB
Node 1 Shmem:               520 kB
Node 1 KernelStack:        2792 kB
Node 1 PageTables:          492 kB
Node 1 NFS_Unstable:          0 kB
Node 1 Bounce:                0 kB
Node 1 WritebackTmp:          0 kB
Node 1 KReclaimable:      20944 kB
Node 1 Slab:              70236 kB
Node 1 SReclaimable:      20944 kB
Node 1 SUnreclaim:        49292 kB
Node 1 AnonHugePages:         0 kB
Node 1 ShmemHugePages:        0 kB
Node 1 ShmemPmdMapped:        0 kB
Node 1 FileHugePages:        0 kB
Node 1 FilePmdMapped:        0 kB
Node 1 HugePages_Total:     0
Node 1 HugePages_Free:      0
Node 1 HugePages_Surp:      0

After Opposite Node
Node 0 MemTotal:       24743736 kB
Node 0 MemFree:        23438412 kB
Node 0 MemUsed:         1305324 kB
Node 0 Active:            47504 kB
Node 0 Inactive:         146392 kB
Node 0 Active(anon):      16280 kB
Node 0 Inactive(anon):      532 kB
Node 0 Active(file):      31224 kB
Node 0 Inactive(file):   145860 kB
Node 0 Unevictable:       18552 kB
Node 0 Mlocked:           18552 kB
Node 0 Dirty:                56 kB
Node 0 Writeback:             0 kB
Node 0 FilePages:        185824 kB
Node 0 Mapped:            31276 kB
Node 0 AnonPages:         26620 kB
Node 0 Shmem:               748 kB
Node 0 KernelStack:        1896 kB
Node 0 PageTables:          600 kB
Node 0 NFS_Unstable:          0 kB
Node 0 Bounce:                0 kB
Node 0 WritebackTmp:          0 kB
Node 0 KReclaimable:      23412 kB
Node 0 Slab:              71476 kB
Node 0 SReclaimable:      23412 kB
Node 0 SUnreclaim:        48064 kB
Node 0 AnonHugePages:         0 kB
Node 0 ShmemHugePages:        0 kB
Node 0 ShmemPmdMapped:        0 kB
Node 0 FileHugePages:        0 kB
Node 0 FilePmdMapped:        0 kB
Node 0 HugePages_Total:     0
Node 0 HugePages_Free:      0
Node 0 HugePages_Surp:      0

Node 1 MemTotal:       24686196 kB
Node 1 MemFree:        20208732 kB
Node 1 MemUsed:         4477464 kB
Node 1 Active:            52896 kB
Node 1 Inactive:          48064 kB
Node 1 Active(anon):      17288 kB
Node 1 Inactive(anon):      408 kB
Node 1 Active(file):      35608 kB
Node 1 Inactive(file):    47656 kB
Node 1 Unevictable:         200 kB
Node 1 Mlocked:             200 kB
Node 1 Dirty:                28 kB
Node 1 Writeback:             0 kB
Node 1 FilePages:         83984 kB
Node 1 Mapped:            12508 kB
Node 1 AnonPages:         17176 kB
Node 1 Shmem:               520 kB
Node 1 KernelStack:        2808 kB
Node 1 PageTables:          472 kB
Node 1 NFS_Unstable:          0 kB
Node 1 Bounce:                0 kB
Node 1 WritebackTmp:          0 kB
Node 1 KReclaimable:      20944 kB
Node 1 Slab:              70240 kB
Node 1 SReclaimable:      20944 kB
Node 1 SUnreclaim:        49296 kB
Node 1 AnonHugePages:         0 kB
Node 1 ShmemHugePages:        0 kB
Node 1 ShmemPmdMapped:        0 kB
Node 1 FileHugePages:        0 kB
Node 1 FilePmdMapped:        0 kB
Node 1 HugePages_Total:     0
Node 1 HugePages_Free:      0
Node 1 HugePages_Surp:      0

B.1.simpleread.4G.2.O Complete!
