kernel.numa_balancing = 0
B.1.simpleread.8G.1.O
Begin
Node 0 MemTotal:       24768352 kB
Node 0 MemFree:        24362212 kB
Node 0 MemUsed:          406140 kB
Node 0 Active:            44552 kB
Node 0 Inactive:          67456 kB
Node 0 Active(anon):      18536 kB
Node 0 Inactive(anon):      456 kB
Node 0 Active(file):      26016 kB
Node 0 Inactive(file):    67000 kB
Node 0 Unevictable:       12804 kB
Node 0 Mlocked:           12804 kB
Node 0 Dirty:                36 kB
Node 0 Writeback:             0 kB
Node 0 FilePages:         96196 kB
Node 0 Mapped:            20360 kB
Node 0 AnonPages:         28748 kB
Node 0 Shmem:               644 kB
Node 0 KernelStack:        2120 kB
Node 0 PageTables:          608 kB
Node 0 NFS_Unstable:          0 kB
Node 0 Bounce:                0 kB
Node 0 WritebackTmp:          0 kB
Node 0 KReclaimable:      24944 kB
Node 0 Slab:              63036 kB
Node 0 SReclaimable:      24944 kB
Node 0 SUnreclaim:        38092 kB
Node 0 AnonHugePages:         0 kB
Node 0 ShmemHugePages:        0 kB
Node 0 ShmemPmdMapped:        0 kB
Node 0 FileHugePages:        0 kB
Node 0 FilePmdMapped:        0 kB
Node 0 HugePages_Total:     0
Node 0 HugePages_Free:      0
Node 0 HugePages_Surp:      0

Node 1 MemTotal:       24661580 kB
Node 1 MemFree:        24461540 kB
Node 1 MemUsed:          200040 kB
Node 1 Active:            50980 kB
Node 1 Inactive:          19448 kB
Node 1 Active(anon):      15484 kB
Node 1 Inactive(anon):      424 kB
Node 1 Active(file):      35496 kB
Node 1 Inactive(file):    19024 kB
Node 1 Unevictable:        5720 kB
Node 1 Mlocked:            5720 kB
Node 1 Dirty:                36 kB
Node 1 Writeback:             0 kB
Node 1 FilePages:         60860 kB
Node 1 Mapped:            19764 kB
Node 1 AnonPages:         15400 kB
Node 1 Shmem:               624 kB
Node 1 KernelStack:        1480 kB
Node 1 PageTables:          488 kB
Node 1 NFS_Unstable:          0 kB
Node 1 Bounce:                0 kB
Node 1 WritebackTmp:          0 kB
Node 1 KReclaimable:      16432 kB
Node 1 Slab:              41548 kB
Node 1 SReclaimable:      16432 kB
Node 1 SUnreclaim:        25116 kB
Node 1 AnonHugePages:         0 kB
Node 1 ShmemHugePages:        0 kB
Node 1 ShmemPmdMapped:        0 kB
Node 1 FileHugePages:        0 kB
Node 1 FilePmdMapped:        0 kB
Node 1 HugePages_Total:     0
Node 1 HugePages_Free:      0
Node 1 HugePages_Surp:      0

Load ZFS
Node 0 MemTotal:       24768352 kB
Node 0 MemFree:        24458340 kB
Node 0 MemUsed:          310012 kB
Node 0 Active:            59052 kB
Node 0 Inactive:          87604 kB
Node 0 Active(anon):      31772 kB
Node 0 Inactive(anon):      508 kB
Node 0 Active(file):      27280 kB
Node 0 Inactive(file):    87096 kB
Node 0 Unevictable:       13004 kB
Node 0 Mlocked:           13004 kB
Node 0 Dirty:               304 kB
Node 0 Writeback:             0 kB
Node 0 FilePages:        117508 kB
Node 0 Mapped:            21420 kB
Node 0 AnonPages:         42480 kB
Node 0 Shmem:               660 kB
Node 0 KernelStack:        2416 kB
Node 0 PageTables:         1764 kB
Node 0 NFS_Unstable:          0 kB
Node 0 Bounce:                0 kB
Node 0 WritebackTmp:          0 kB
Node 0 KReclaimable:      25748 kB
Node 0 Slab:              65728 kB
Node 0 SReclaimable:      25748 kB
Node 0 SUnreclaim:        39980 kB
Node 0 AnonHugePages:         0 kB
Node 0 ShmemHugePages:        0 kB
Node 0 ShmemPmdMapped:        0 kB
Node 0 FileHugePages:        0 kB
Node 0 FilePmdMapped:        0 kB
Node 0 HugePages_Total:     0
Node 0 HugePages_Free:      0
Node 0 HugePages_Surp:      0

Node 1 MemTotal:       24661580 kB
Node 1 MemFree:        24224324 kB
Node 1 MemUsed:          437256 kB
Node 1 Active:            61652 kB
Node 1 Inactive:         102832 kB
Node 1 Active(anon):      25132 kB
Node 1 Inactive(anon):      432 kB
Node 1 Active(file):      36520 kB
Node 1 Inactive(file):   102400 kB
Node 1 Unevictable:        5720 kB
Node 1 Mlocked:            5720 kB
Node 1 Dirty:                72 kB
Node 1 Writeback:             0 kB
Node 1 FilePages:        145244 kB
Node 1 Mapped:            22800 kB
Node 1 AnonPages:         24868 kB
Node 1 Shmem:               608 kB
Node 1 KernelStack:        1876 kB
Node 1 PageTables:         1292 kB
Node 1 NFS_Unstable:          0 kB
Node 1 Bounce:                0 kB
Node 1 WritebackTmp:          0 kB
Node 1 KReclaimable:      17316 kB
Node 1 Slab:              45740 kB
Node 1 SReclaimable:      17316 kB
Node 1 SUnreclaim:        28424 kB
Node 1 AnonHugePages:         0 kB
Node 1 ShmemHugePages:        0 kB
Node 1 ShmemPmdMapped:        0 kB
Node 1 FileHugePages:        0 kB
Node 1 FilePmdMapped:        0 kB
Node 1 HugePages_Total:     0
Node 1 HugePages_Free:      0
Node 1 HugePages_Surp:      0

Import tank ZPool
Node 0 MemTotal:       24768352 kB
Node 0 MemFree:        24464832 kB
Node 0 MemUsed:          303520 kB
Node 0 Active:            46820 kB
Node 0 Inactive:          88508 kB
Node 0 Active(anon):      19012 kB
Node 0 Inactive(anon):      516 kB
Node 0 Active(file):      27808 kB
Node 0 Inactive(file):    87992 kB
Node 0 Unevictable:       13036 kB
Node 0 Mlocked:           13036 kB
Node 0 Dirty:               344 kB
Node 0 Writeback:             0 kB
Node 0 FilePages:        118948 kB
Node 0 Mapped:            20900 kB
Node 0 AnonPages:         29252 kB
Node 0 Shmem:               668 kB
Node 0 KernelStack:        2184 kB
Node 0 PageTables:         1012 kB
Node 0 NFS_Unstable:          0 kB
Node 0 Bounce:                0 kB
Node 0 WritebackTmp:          0 kB
Node 0 KReclaimable:      25876 kB
Node 0 Slab:              70720 kB
Node 0 SReclaimable:      25876 kB
Node 0 SUnreclaim:        44844 kB
Node 0 AnonHugePages:         0 kB
Node 0 ShmemHugePages:        0 kB
Node 0 ShmemPmdMapped:        0 kB
Node 0 FileHugePages:        0 kB
Node 0 FilePmdMapped:        0 kB
Node 0 HugePages_Total:     0
Node 0 HugePages_Free:      0
Node 0 HugePages_Surp:      0

Node 1 MemTotal:       24661580 kB
Node 1 MemFree:        24222404 kB
Node 1 MemUsed:          439176 kB
Node 1 Active:            51656 kB
Node 1 Inactive:         102472 kB
Node 1 Active(anon):      14772 kB
Node 1 Inactive(anon):      432 kB
Node 1 Active(file):      36884 kB
Node 1 Inactive(file):   102040 kB
Node 1 Unevictable:        5720 kB
Node 1 Mlocked:            5720 kB
Node 1 Dirty:                72 kB
Node 1 Writeback:             0 kB
Node 1 FilePages:        145240 kB
Node 1 Mapped:            20484 kB
Node 1 AnonPages:         14480 kB
Node 1 Shmem:               600 kB
Node 1 KernelStack:        2696 kB
Node 1 PageTables:          712 kB
Node 1 NFS_Unstable:          0 kB
Node 1 Bounce:                0 kB
Node 1 WritebackTmp:          0 kB
Node 1 KReclaimable:      17316 kB
Node 1 Slab:              47924 kB
Node 1 SReclaimable:      17316 kB
Node 1 SUnreclaim:        30608 kB
Node 1 AnonHugePages:         0 kB
Node 1 ShmemHugePages:        0 kB
Node 1 ShmemPmdMapped:        0 kB
Node 1 FileHugePages:        0 kB
Node 1 FilePmdMapped:        0 kB
Node 1 HugePages_Total:     0
Node 1 HugePages_Free:      0
Node 1 HugePages_Surp:      0

After Test
Node 0 MemTotal:       24768352 kB
Node 0 MemFree:        24105876 kB
Node 0 MemUsed:          662476 kB
Node 0 Active:            47284 kB
Node 0 Inactive:          88172 kB
Node 0 Active(anon):      18768 kB
Node 0 Inactive(anon):      512 kB
Node 0 Active(file):      28516 kB
Node 0 Inactive(file):    87660 kB
Node 0 Unevictable:       13036 kB
Node 0 Mlocked:           13036 kB
Node 0 Dirty:                 0 kB
Node 0 Writeback:             0 kB
Node 0 FilePages:        119316 kB
Node 0 Mapped:            20436 kB
Node 0 AnonPages:         29188 kB
Node 0 Shmem:               664 kB
Node 0 KernelStack:        2040 kB
Node 0 PageTables:          636 kB
Node 0 NFS_Unstable:          0 kB
Node 0 Bounce:                0 kB
Node 0 WritebackTmp:          0 kB
Node 0 KReclaimable:      25880 kB
Node 0 Slab:              71860 kB
Node 0 SReclaimable:      25880 kB
Node 0 SUnreclaim:        45980 kB
Node 0 AnonHugePages:         0 kB
Node 0 ShmemHugePages:        0 kB
Node 0 ShmemPmdMapped:        0 kB
Node 0 FileHugePages:        0 kB
Node 0 FilePmdMapped:        0 kB
Node 0 HugePages_Total:     0
Node 0 HugePages_Free:      0
Node 0 HugePages_Surp:      0

Node 1 MemTotal:       24661580 kB
Node 1 MemFree:        15340532 kB
Node 1 MemUsed:         9321048 kB
Node 1 Active:            52216 kB
Node 1 Inactive:         102328 kB
Node 1 Active(anon):      14832 kB
Node 1 Inactive(anon):      428 kB
Node 1 Active(file):      37384 kB
Node 1 Inactive(file):   101900 kB
Node 1 Unevictable:        5720 kB
Node 1 Mlocked:            5720 kB
Node 1 Dirty:                 4 kB
Node 1 Writeback:             0 kB
Node 1 FilePages:        145672 kB
Node 1 Mapped:            19800 kB
Node 1 AnonPages:         14684 kB
Node 1 Shmem:               604 kB
Node 1 KernelStack:        2568 kB
Node 1 PageTables:          424 kB
Node 1 NFS_Unstable:          0 kB
Node 1 Bounce:                0 kB
Node 1 WritebackTmp:          0 kB
Node 1 KReclaimable:      17628 kB
Node 1 Slab:              80904 kB
Node 1 SReclaimable:      17628 kB
Node 1 SUnreclaim:        63276 kB
Node 1 AnonHugePages:         0 kB
Node 1 ShmemHugePages:        0 kB
Node 1 ShmemPmdMapped:        0 kB
Node 1 FileHugePages:        0 kB
Node 1 FilePmdMapped:        0 kB
Node 1 HugePages_Total:     0
Node 1 HugePages_Free:      0
Node 1 HugePages_Surp:      0

After Opposite Node
Node 0 MemTotal:       24768352 kB
Node 0 MemFree:        24102912 kB
Node 0 MemUsed:          665440 kB
Node 0 Active:            47916 kB
Node 0 Inactive:          87920 kB
Node 0 Active(anon):      19132 kB
Node 0 Inactive(anon):      512 kB
Node 0 Active(file):      28784 kB
Node 0 Inactive(file):    87408 kB
Node 0 Unevictable:       13036 kB
Node 0 Mlocked:           13036 kB
Node 0 Dirty:                44 kB
Node 0 Writeback:             0 kB
Node 0 FilePages:        119332 kB
Node 0 Mapped:            20436 kB
Node 0 AnonPages:         29540 kB
Node 0 Shmem:               664 kB
Node 0 KernelStack:        2008 kB
Node 0 PageTables:          684 kB
Node 0 NFS_Unstable:          0 kB
Node 0 Bounce:                0 kB
Node 0 WritebackTmp:          0 kB
Node 0 KReclaimable:      25880 kB
Node 0 Slab:              71920 kB
Node 0 SReclaimable:      25880 kB
Node 0 SUnreclaim:        46040 kB
Node 0 AnonHugePages:         0 kB
Node 0 ShmemHugePages:        0 kB
Node 0 ShmemPmdMapped:        0 kB
Node 0 FileHugePages:        0 kB
Node 0 FilePmdMapped:        0 kB
Node 0 HugePages_Total:     0
Node 0 HugePages_Free:      0
Node 0 HugePages_Surp:      0

Node 1 MemTotal:       24661580 kB
Node 1 MemFree:        15346712 kB
Node 1 MemUsed:         9314868 kB
Node 1 Active:            52012 kB
Node 1 Inactive:         102292 kB
Node 1 Active(anon):      14512 kB
Node 1 Inactive(anon):      428 kB
Node 1 Active(file):      37500 kB
Node 1 Inactive(file):   101864 kB
Node 1 Unevictable:        5720 kB
Node 1 Mlocked:            5720 kB
Node 1 Dirty:                28 kB
Node 1 Writeback:             0 kB
Node 1 FilePages:        145692 kB
Node 1 Mapped:            19820 kB
Node 1 AnonPages:         14336 kB
Node 1 Shmem:               604 kB
Node 1 KernelStack:        2568 kB
Node 1 PageTables:          372 kB
Node 1 NFS_Unstable:          0 kB
Node 1 Bounce:                0 kB
Node 1 WritebackTmp:          0 kB
Node 1 KReclaimable:      17628 kB
Node 1 Slab:              80904 kB
Node 1 SReclaimable:      17628 kB
Node 1 SUnreclaim:        63276 kB
Node 1 AnonHugePages:         0 kB
Node 1 ShmemHugePages:        0 kB
Node 1 ShmemPmdMapped:        0 kB
Node 1 FileHugePages:        0 kB
Node 1 FilePmdMapped:        0 kB
Node 1 HugePages_Total:     0
Node 1 HugePages_Free:      0
Node 1 HugePages_Surp:      0

B.1.simpleread.8G.1.O Complete!
