kernel.numa_balancing = 0
U.0.simpleread.2G.2.O
Begin
Node 0 MemTotal:       24743736 kB
Node 0 MemFree:        24407168 kB
Node 0 MemUsed:          336568 kB
Node 0 Active:            55860 kB
Node 0 Inactive:          20604 kB
Node 0 Active(anon):      17644 kB
Node 0 Inactive(anon):      308 kB
Node 0 Active(file):      38216 kB
Node 0 Inactive(file):    20296 kB
Node 0 Unevictable:        1452 kB
Node 0 Mlocked:            1452 kB
Node 0 Dirty:               268 kB
Node 0 Writeback:             0 kB
Node 0 FilePages:         60856 kB
Node 0 Mapped:            13156 kB
Node 0 AnonPages:         17524 kB
Node 0 Shmem:               448 kB
Node 0 KernelStack:        1848 kB
Node 0 PageTables:          344 kB
Node 0 NFS_Unstable:          0 kB
Node 0 Bounce:                0 kB
Node 0 WritebackTmp:          0 kB
Node 0 KReclaimable:      17424 kB
Node 0 Slab:              42884 kB
Node 0 SReclaimable:      17424 kB
Node 0 SUnreclaim:        25460 kB
Node 0 AnonHugePages:         0 kB
Node 0 ShmemHugePages:        0 kB
Node 0 ShmemPmdMapped:        0 kB
Node 0 FileHugePages:        0 kB
Node 0 FilePmdMapped:        0 kB
Node 0 HugePages_Total:     0
Node 0 HugePages_Free:      0
Node 0 HugePages_Surp:      0

Node 1 MemTotal:       24686196 kB
Node 1 MemFree:        24365016 kB
Node 1 MemUsed:          321180 kB
Node 1 Active:            41244 kB
Node 1 Inactive:         114460 kB
Node 1 Active(anon):      15660 kB
Node 1 Inactive(anon):      548 kB
Node 1 Active(file):      25584 kB
Node 1 Inactive(file):   113912 kB
Node 1 Unevictable:       17068 kB
Node 1 Mlocked:           17068 kB
Node 1 Dirty:               164 kB
Node 1 Writeback:             0 kB
Node 1 FilePages:        147060 kB
Node 1 Mapped:            67480 kB
Node 1 AnonPages:         25712 kB
Node 1 Shmem:               820 kB
Node 1 KernelStack:        1784 kB
Node 1 PageTables:          860 kB
Node 1 NFS_Unstable:          0 kB
Node 1 Bounce:                0 kB
Node 1 WritebackTmp:          0 kB
Node 1 KReclaimable:      23792 kB
Node 1 Slab:              61996 kB
Node 1 SReclaimable:      23792 kB
Node 1 SUnreclaim:        38204 kB
Node 1 AnonHugePages:         0 kB
Node 1 ShmemHugePages:        0 kB
Node 1 ShmemPmdMapped:        0 kB
Node 1 FileHugePages:        0 kB
Node 1 FilePmdMapped:        0 kB
Node 1 HugePages_Total:     0
Node 1 HugePages_Free:      0
Node 1 HugePages_Surp:      0

Load ZFS
Node 0 MemTotal:       24743736 kB
Node 0 MemFree:        24401252 kB
Node 0 MemUsed:          342484 kB
Node 0 Active:            65296 kB
Node 0 Inactive:          16040 kB
Node 0 Active(anon):      20692 kB
Node 0 Inactive(anon):      308 kB
Node 0 Active(file):      44604 kB
Node 0 Inactive(file):    15732 kB
Node 0 Unevictable:        1452 kB
Node 0 Mlocked:            1452 kB
Node 0 Dirty:               280 kB
Node 0 Writeback:             0 kB
Node 0 FilePages:         62252 kB
Node 0 Mapped:            13328 kB
Node 0 AnonPages:         20512 kB
Node 0 Shmem:               448 kB
Node 0 KernelStack:        1976 kB
Node 0 PageTables:          764 kB
Node 0 NFS_Unstable:          0 kB
Node 0 Bounce:                0 kB
Node 0 WritebackTmp:          0 kB
Node 0 KReclaimable:      17952 kB
Node 0 Slab:              44580 kB
Node 0 SReclaimable:      17952 kB
Node 0 SUnreclaim:        26628 kB
Node 0 AnonHugePages:         0 kB
Node 0 ShmemHugePages:        0 kB
Node 0 ShmemPmdMapped:        0 kB
Node 0 FileHugePages:        0 kB
Node 0 FilePmdMapped:        0 kB
Node 0 HugePages_Total:     0
Node 0 HugePages_Free:      0
Node 0 HugePages_Surp:      0

Node 1 MemTotal:       24686196 kB
Node 1 MemFree:        24362348 kB
Node 1 MemUsed:          323848 kB
Node 1 Active:            43252 kB
Node 1 Inactive:         114860 kB
Node 1 Active(anon):      17152 kB
Node 1 Inactive(anon):      548 kB
Node 1 Active(file):      26100 kB
Node 1 Inactive(file):   114312 kB
Node 1 Unevictable:       17068 kB
Node 1 Mlocked:           17068 kB
Node 1 Dirty:               248 kB
Node 1 Writeback:             0 kB
Node 1 FilePages:        147972 kB
Node 1 Mapped:            67456 kB
Node 1 AnonPages:         27272 kB
Node 1 Shmem:               820 kB
Node 1 KernelStack:        1800 kB
Node 1 PageTables:          832 kB
Node 1 NFS_Unstable:          0 kB
Node 1 Bounce:                0 kB
Node 1 WritebackTmp:          0 kB
Node 1 KReclaimable:      24292 kB
Node 1 Slab:              64052 kB
Node 1 SReclaimable:      24292 kB
Node 1 SUnreclaim:        39760 kB
Node 1 AnonHugePages:         0 kB
Node 1 ShmemHugePages:        0 kB
Node 1 ShmemPmdMapped:        0 kB
Node 1 FileHugePages:        0 kB
Node 1 FilePmdMapped:        0 kB
Node 1 HugePages_Total:     0
Node 1 HugePages_Free:      0
Node 1 HugePages_Surp:      0

Import tank ZPool
Node 0 MemTotal:       24743736 kB
Node 0 MemFree:        24394216 kB
Node 0 MemUsed:          349520 kB
Node 0 Active:            66172 kB
Node 0 Inactive:          16980 kB
Node 0 Active(anon):      20828 kB
Node 0 Inactive(anon):      312 kB
Node 0 Active(file):      45344 kB
Node 0 Inactive(file):    16668 kB
Node 0 Unevictable:        1452 kB
Node 0 Mlocked:            1452 kB
Node 0 Dirty:                56 kB
Node 0 Writeback:             0 kB
Node 0 FilePages:         63936 kB
Node 0 Mapped:            13212 kB
Node 0 AnonPages:         20400 kB
Node 0 Shmem:               452 kB
Node 0 KernelStack:        1944 kB
Node 0 PageTables:          712 kB
Node 0 NFS_Unstable:          0 kB
Node 0 Bounce:                0 kB
Node 0 WritebackTmp:          0 kB
Node 0 KReclaimable:      18092 kB
Node 0 Slab:              49536 kB
Node 0 SReclaimable:      18092 kB
Node 0 SUnreclaim:        31444 kB
Node 0 AnonHugePages:         0 kB
Node 0 ShmemHugePages:        0 kB
Node 0 ShmemPmdMapped:        0 kB
Node 0 FileHugePages:        0 kB
Node 0 FilePmdMapped:        0 kB
Node 0 HugePages_Total:     0
Node 0 HugePages_Free:      0
Node 0 HugePages_Surp:      0

Node 1 MemTotal:       24686196 kB
Node 1 MemFree:        24347276 kB
Node 1 MemUsed:          338920 kB
Node 1 Active:            43312 kB
Node 1 Inactive:         114872 kB
Node 1 Active(anon):      17200 kB
Node 1 Inactive(anon):      548 kB
Node 1 Active(file):      26112 kB
Node 1 Inactive(file):   114324 kB
Node 1 Unevictable:       17068 kB
Node 1 Mlocked:           17068 kB
Node 1 Dirty:               176 kB
Node 1 Writeback:             0 kB
Node 1 FilePages:        148032 kB
Node 1 Mapped:            67512 kB
Node 1 AnonPages:         27288 kB
Node 1 Shmem:               816 kB
Node 1 KernelStack:        2920 kB
Node 1 PageTables:          832 kB
Node 1 NFS_Unstable:          0 kB
Node 1 Bounce:                0 kB
Node 1 WritebackTmp:          0 kB
Node 1 KReclaimable:      24296 kB
Node 1 Slab:              66644 kB
Node 1 SReclaimable:      24296 kB
Node 1 SUnreclaim:        42348 kB
Node 1 AnonHugePages:         0 kB
Node 1 ShmemHugePages:        0 kB
Node 1 ShmemPmdMapped:        0 kB
Node 1 FileHugePages:        0 kB
Node 1 FilePmdMapped:        0 kB
Node 1 HugePages_Total:     0
Node 1 HugePages_Free:      0
Node 1 HugePages_Surp:      0

After Test
Node 0 MemTotal:       24743736 kB
Node 0 MemFree:        21936628 kB
Node 0 MemUsed:         2807108 kB
Node 0 Active:            63500 kB
Node 0 Inactive:          16916 kB
Node 0 Active(anon):      17736 kB
Node 0 Inactive(anon):      312 kB
Node 0 Active(file):      45764 kB
Node 0 Inactive(file):    16604 kB
Node 0 Unevictable:        1452 kB
Node 0 Mlocked:            1452 kB
Node 0 Dirty:                 4 kB
Node 0 Writeback:             0 kB
Node 0 FilePages:         64276 kB
Node 0 Mapped:            13216 kB
Node 0 AnonPages:         17620 kB
Node 0 Shmem:               452 kB
Node 0 KernelStack:        1720 kB
Node 0 PageTables:          416 kB
Node 0 NFS_Unstable:          0 kB
Node 0 Bounce:                0 kB
Node 0 WritebackTmp:          0 kB
Node 0 KReclaimable:      18116 kB
Node 0 Slab:              61744 kB
Node 0 SReclaimable:      18116 kB
Node 0 SUnreclaim:        43628 kB
Node 0 AnonHugePages:         0 kB
Node 0 ShmemHugePages:        0 kB
Node 0 ShmemPmdMapped:        0 kB
Node 0 FileHugePages:        0 kB
Node 0 FilePmdMapped:        0 kB
Node 0 HugePages_Total:     0
Node 0 HugePages_Free:      0
Node 0 HugePages_Surp:      0

Node 1 MemTotal:       24686196 kB
Node 1 MemFree:        23874584 kB
Node 1 MemUsed:          811612 kB
Node 1 Active:            41464 kB
Node 1 Inactive:         114876 kB
Node 1 Active(anon):      15316 kB
Node 1 Inactive(anon):      548 kB
Node 1 Active(file):      26148 kB
Node 1 Inactive(file):   114328 kB
Node 1 Unevictable:       17068 kB
Node 1 Mlocked:           17068 kB
Node 1 Dirty:                28 kB
Node 1 Writeback:             0 kB
Node 1 FilePages:        148048 kB
Node 1 Mapped:            67512 kB
Node 1 AnonPages:         25376 kB
Node 1 Shmem:               816 kB
Node 1 KernelStack:        2872 kB
Node 1 PageTables:          832 kB
Node 1 NFS_Unstable:          0 kB
Node 1 Bounce:                0 kB
Node 1 WritebackTmp:          0 kB
Node 1 KReclaimable:      24328 kB
Node 1 Slab:              68420 kB
Node 1 SReclaimable:      24328 kB
Node 1 SUnreclaim:        44092 kB
Node 1 AnonHugePages:         0 kB
Node 1 ShmemHugePages:        0 kB
Node 1 ShmemPmdMapped:        0 kB
Node 1 FileHugePages:        0 kB
Node 1 FilePmdMapped:        0 kB
Node 1 HugePages_Total:     0
Node 1 HugePages_Free:      0
Node 1 HugePages_Surp:      0

After Opposite Node
Node 0 MemTotal:       24743736 kB
Node 0 MemFree:        21938904 kB
Node 0 MemUsed:         2804832 kB
Node 0 Active:            63364 kB
Node 0 Inactive:          16696 kB
Node 0 Active(anon):      17364 kB
Node 0 Inactive(anon):      312 kB
Node 0 Active(file):      46000 kB
Node 0 Inactive(file):    16384 kB
Node 0 Unevictable:        1452 kB
Node 0 Mlocked:            1452 kB
Node 0 Dirty:                36 kB
Node 0 Writeback:             0 kB
Node 0 FilePages:         64300 kB
Node 0 Mapped:            13240 kB
Node 0 AnonPages:         17280 kB
Node 0 Shmem:               452 kB
Node 0 KernelStack:        1736 kB
Node 0 PageTables:          368 kB
Node 0 NFS_Unstable:          0 kB
Node 0 Bounce:                0 kB
Node 0 WritebackTmp:          0 kB
Node 0 KReclaimable:      18120 kB
Node 0 Slab:              61588 kB
Node 0 SReclaimable:      18120 kB
Node 0 SUnreclaim:        43468 kB
Node 0 AnonHugePages:         0 kB
Node 0 ShmemHugePages:        0 kB
Node 0 ShmemPmdMapped:        0 kB
Node 0 FileHugePages:        0 kB
Node 0 FilePmdMapped:        0 kB
Node 0 HugePages_Total:     0
Node 0 HugePages_Free:      0
Node 0 HugePages_Surp:      0

Node 1 MemTotal:       24686196 kB
Node 1 MemFree:        23875388 kB
Node 1 MemUsed:          810808 kB
Node 1 Active:            41796 kB
Node 1 Inactive:         114844 kB
Node 1 Active(anon):      15596 kB
Node 1 Inactive(anon):      548 kB
Node 1 Active(file):      26200 kB
Node 1 Inactive(file):   114296 kB
Node 1 Unevictable:       17068 kB
Node 1 Mlocked:           17068 kB
Node 1 Dirty:                44 kB
Node 1 Writeback:             0 kB
Node 1 FilePages:        148056 kB
Node 1 Mapped:            67512 kB
Node 1 AnonPages:         25724 kB
Node 1 Shmem:               816 kB
Node 1 KernelStack:        2888 kB
Node 1 PageTables:          884 kB
Node 1 NFS_Unstable:          0 kB
Node 1 Bounce:                0 kB
Node 1 WritebackTmp:          0 kB
Node 1 KReclaimable:      24360 kB
Node 1 Slab:              68932 kB
Node 1 SReclaimable:      24360 kB
Node 1 SUnreclaim:        44572 kB
Node 1 AnonHugePages:         0 kB
Node 1 ShmemHugePages:        0 kB
Node 1 ShmemPmdMapped:        0 kB
Node 1 FileHugePages:        0 kB
Node 1 FilePmdMapped:        0 kB
Node 1 HugePages_Total:     0
Node 1 HugePages_Free:      0
Node 1 HugePages_Surp:      0

U.0.simpleread.2G.2.O Complete!
