U.1.fio.16G.2.O
Begin
Node 0 MemTotal:       24768352 kB
Node 0 MemFree:        24440336 kB
Node 0 MemUsed:          328016 kB
Node 0 Active:            60356 kB
Node 0 Inactive:         103396 kB
Node 0 Active(anon):      15620 kB
Node 0 Inactive(anon):      320 kB
Node 0 Active(file):      44736 kB
Node 0 Inactive(file):   103076 kB
Node 0 Unevictable:       17212 kB
Node 0 Mlocked:           17212 kB
Node 0 Dirty:               444 kB
Node 0 Writeback:             0 kB
Node 0 FilePages:        155324 kB
Node 0 Mapped:            69304 kB
Node 0 AnonPages:         25880 kB
Node 0 Shmem:               476 kB
Node 0 KernelStack:        1896 kB
Node 0 PageTables:          840 kB
Node 0 NFS_Unstable:          0 kB
Node 0 Bounce:                0 kB
Node 0 WritebackTmp:          0 kB
Node 0 KReclaimable:      25012 kB
Node 0 Slab:              59056 kB
Node 0 SReclaimable:      25012 kB
Node 0 SUnreclaim:        34044 kB
Node 0 AnonHugePages:         0 kB
Node 0 ShmemHugePages:        0 kB
Node 0 ShmemPmdMapped:        0 kB
Node 0 FileHugePages:        0 kB
Node 0 FilePmdMapped:        0 kB
Node 0 HugePages_Total:     0
Node 0 HugePages_Free:      0
Node 0 HugePages_Surp:      0

Node 1 MemTotal:       24661580 kB
Node 1 MemFree:        24317092 kB
Node 1 MemUsed:          344488 kB
Node 1 Active:            33960 kB
Node 1 Inactive:          48376 kB
Node 1 Active(anon):      17972 kB
Node 1 Inactive(anon):      568 kB
Node 1 Active(file):      15988 kB
Node 1 Inactive(file):    47808 kB
Node 1 Unevictable:        1312 kB
Node 1 Mlocked:            1312 kB
Node 1 Dirty:               116 kB
Node 1 Writeback:             0 kB
Node 1 FilePages:         65900 kB
Node 1 Mapped:            25176 kB
Node 1 AnonPages:         17840 kB
Node 1 Shmem:               792 kB
Node 1 KernelStack:        1736 kB
Node 1 PageTables:          472 kB
Node 1 NFS_Unstable:          0 kB
Node 1 Bounce:                0 kB
Node 1 WritebackTmp:          0 kB
Node 1 KReclaimable:      16468 kB
Node 1 Slab:              45916 kB
Node 1 SReclaimable:      16468 kB
Node 1 SUnreclaim:        29448 kB
Node 1 AnonHugePages:         0 kB
Node 1 ShmemHugePages:        0 kB
Node 1 ShmemPmdMapped:        0 kB
Node 1 FileHugePages:        0 kB
Node 1 FilePmdMapped:        0 kB
Node 1 HugePages_Total:     0
Node 1 HugePages_Free:      0
Node 1 HugePages_Surp:      0

Load ZFS
Node 0 MemTotal:       24768352 kB
Node 0 MemFree:        24300024 kB
Node 0 MemUsed:          468328 kB
Node 0 Active:            63384 kB
Node 0 Inactive:         103676 kB
Node 0 Active(anon):      17652 kB
Node 0 Inactive(anon):      320 kB
Node 0 Active(file):      45732 kB
Node 0 Inactive(file):   103356 kB
Node 0 Unevictable:       17212 kB
Node 0 Mlocked:           17212 kB
Node 0 Dirty:               216 kB
Node 0 Writeback:             0 kB
Node 0 FilePages:        156444 kB
Node 0 Mapped:            69528 kB
Node 0 AnonPages:         27800 kB
Node 0 Shmem:               476 kB
Node 0 KernelStack:        1976 kB
Node 0 PageTables:          968 kB
Node 0 NFS_Unstable:          0 kB
Node 0 Bounce:                0 kB
Node 0 WritebackTmp:          0 kB
Node 0 KReclaimable:      25484 kB
Node 0 Slab:              60992 kB
Node 0 SReclaimable:      25484 kB
Node 0 SUnreclaim:        35508 kB
Node 0 AnonHugePages:         0 kB
Node 0 ShmemHugePages:        0 kB
Node 0 ShmemPmdMapped:        0 kB
Node 0 FileHugePages:        0 kB
Node 0 FilePmdMapped:        0 kB
Node 0 HugePages_Total:     0
Node 0 HugePages_Free:      0
Node 0 HugePages_Surp:      0

Node 1 MemTotal:       24661580 kB
Node 1 MemFree:        24449976 kB
Node 1 MemUsed:          211604 kB
Node 1 Active:            40000 kB
Node 1 Inactive:          44024 kB
Node 1 Active(anon):      18252 kB
Node 1 Inactive(anon):      572 kB
Node 1 Active(file):      21748 kB
Node 1 Inactive(file):    43452 kB
Node 1 Unevictable:        1312 kB
Node 1 Mlocked:            1312 kB
Node 1 Dirty:               116 kB
Node 1 Writeback:             0 kB
Node 1 FilePages:         67304 kB
Node 1 Mapped:            25176 kB
Node 1 AnonPages:         18052 kB
Node 1 Shmem:               792 kB
Node 1 KernelStack:        1704 kB
Node 1 PageTables:          472 kB
Node 1 NFS_Unstable:          0 kB
Node 1 Bounce:                0 kB
Node 1 WritebackTmp:          0 kB
Node 1 KReclaimable:      16908 kB
Node 1 Slab:              47352 kB
Node 1 SReclaimable:      16908 kB
Node 1 SUnreclaim:        30444 kB
Node 1 AnonHugePages:         0 kB
Node 1 ShmemHugePages:        0 kB
Node 1 ShmemPmdMapped:        0 kB
Node 1 FileHugePages:        0 kB
Node 1 FilePmdMapped:        0 kB
Node 1 HugePages_Total:     0
Node 1 HugePages_Free:      0
Node 1 HugePages_Surp:      0

Import tank ZPool
Node 0 MemTotal:       24768352 kB
Node 0 MemFree:        24298068 kB
Node 0 MemUsed:          470284 kB
Node 0 Active:            63960 kB
Node 0 Inactive:         104800 kB
Node 0 Active(anon):      17908 kB
Node 0 Inactive(anon):      324 kB
Node 0 Active(file):      46052 kB
Node 0 Inactive(file):   104476 kB
Node 0 Unevictable:       17212 kB
Node 0 Mlocked:           17212 kB
Node 0 Dirty:               284 kB
Node 0 Writeback:             0 kB
Node 0 FilePages:        157916 kB
Node 0 Mapped:            69684 kB
Node 0 AnonPages:         27908 kB
Node 0 Shmem:               476 kB
Node 0 KernelStack:        1976 kB
Node 0 PageTables:          992 kB
Node 0 NFS_Unstable:          0 kB
Node 0 Bounce:                0 kB
Node 0 WritebackTmp:          0 kB
Node 0 KReclaimable:      25600 kB
Node 0 Slab:              62536 kB
Node 0 SReclaimable:      25600 kB
Node 0 SUnreclaim:        36936 kB
Node 0 AnonHugePages:         0 kB
Node 0 ShmemHugePages:        0 kB
Node 0 ShmemPmdMapped:        0 kB
Node 0 FileHugePages:        0 kB
Node 0 FilePmdMapped:        0 kB
Node 0 HugePages_Total:     0
Node 0 HugePages_Free:      0
Node 0 HugePages_Surp:      0

Node 1 MemTotal:       24661580 kB
Node 1 MemFree:        24430172 kB
Node 1 MemUsed:          231408 kB
Node 1 Active:            40456 kB
Node 1 Inactive:          44080 kB
Node 1 Active(anon):      18664 kB
Node 1 Inactive(anon):      572 kB
Node 1 Active(file):      21792 kB
Node 1 Inactive(file):    43508 kB
Node 1 Unevictable:        1312 kB
Node 1 Mlocked:            1312 kB
Node 1 Dirty:               136 kB
Node 1 Writeback:             0 kB
Node 1 FilePages:         67408 kB
Node 1 Mapped:            25216 kB
Node 1 AnonPages:         18532 kB
Node 1 Shmem:               792 kB
Node 1 KernelStack:        2840 kB
Node 1 PageTables:          540 kB
Node 1 NFS_Unstable:          0 kB
Node 1 Bounce:                0 kB
Node 1 WritebackTmp:          0 kB
Node 1 KReclaimable:      16960 kB
Node 1 Slab:              53024 kB
Node 1 SReclaimable:      16960 kB
Node 1 SUnreclaim:        36064 kB
Node 1 AnonHugePages:         0 kB
Node 1 ShmemHugePages:        0 kB
Node 1 ShmemPmdMapped:        0 kB
Node 1 FileHugePages:        0 kB
Node 1 FilePmdMapped:        0 kB
Node 1 HugePages_Total:     0
Node 1 HugePages_Free:      0
Node 1 HugePages_Surp:      0

After Test
Node 0 MemTotal:       24768352 kB
Node 0 MemFree:        23164128 kB
Node 0 MemUsed:         1604224 kB
Node 0 Active:            62016 kB
Node 0 Inactive:         104512 kB
Node 0 Active(anon):      15268 kB
Node 0 Inactive(anon):      324 kB
Node 0 Active(file):      46748 kB
Node 0 Inactive(file):   104188 kB
Node 0 Unevictable:       17212 kB
Node 0 Mlocked:           17212 kB
Node 0 Dirty:                32 kB
Node 0 Writeback:             0 kB
Node 0 FilePages:        158308 kB
Node 0 Mapped:            69368 kB
Node 0 AnonPages:         25444 kB
Node 0 Shmem:               476 kB
Node 0 KernelStack:        1784 kB
Node 0 PageTables:          848 kB
Node 0 NFS_Unstable:          0 kB
Node 0 Bounce:                0 kB
Node 0 WritebackTmp:          0 kB
Node 0 KReclaimable:      25744 kB
Node 0 Slab:              67020 kB
Node 0 SReclaimable:      25744 kB
Node 0 SUnreclaim:        41276 kB
Node 0 AnonHugePages:         0 kB
Node 0 ShmemHugePages:        0 kB
Node 0 ShmemPmdMapped:        0 kB
Node 0 FileHugePages:        0 kB
Node 0 FilePmdMapped:        0 kB
Node 0 HugePages_Total:     0
Node 0 HugePages_Free:      0
Node 0 HugePages_Surp:      0

Node 1 MemTotal:       24661580 kB
Node 1 MemFree:         7899360 kB
Node 1 MemUsed:        16762220 kB
Node 1 Active:            40480 kB
Node 1 Inactive:          45260 kB
Node 1 Active(anon):      17768 kB
Node 1 Inactive(anon):      600 kB
Node 1 Active(file):      22712 kB
Node 1 Inactive(file):    44660 kB
Node 1 Unevictable:        1312 kB
Node 1 Mlocked:            1312 kB
Node 1 Dirty:                24 kB
Node 1 Writeback:             0 kB
Node 1 FilePages:         69520 kB
Node 1 Mapped:            25448 kB
Node 1 AnonPages:         17508 kB
Node 1 Shmem:               836 kB
Node 1 KernelStack:        2680 kB
Node 1 PageTables:          588 kB
Node 1 NFS_Unstable:          0 kB
Node 1 Bounce:                0 kB
Node 1 WritebackTmp:          0 kB
Node 1 KReclaimable:      18356 kB
Node 1 Slab:             110116 kB
Node 1 SReclaimable:      18356 kB
Node 1 SUnreclaim:        91760 kB
Node 1 AnonHugePages:         0 kB
Node 1 ShmemHugePages:        0 kB
Node 1 ShmemPmdMapped:        0 kB
Node 1 FileHugePages:        0 kB
Node 1 FilePmdMapped:        0 kB
Node 1 HugePages_Total:     0
Node 1 HugePages_Free:      0
Node 1 HugePages_Surp:      0

After Opposite Node
Node 0 MemTotal:       24768352 kB
Node 0 MemFree:        23164452 kB
Node 0 MemUsed:         1603900 kB
Node 0 Active:            62300 kB
Node 0 Inactive:         104548 kB
Node 0 Active(anon):      15464 kB
Node 0 Inactive(anon):      360 kB
Node 0 Active(file):      46836 kB
Node 0 Inactive(file):   104188 kB
Node 0 Unevictable:       17212 kB
Node 0 Mlocked:           17212 kB
Node 0 Dirty:                36 kB
Node 0 Writeback:             0 kB
Node 0 FilePages:        158432 kB
Node 0 Mapped:            69412 kB
Node 0 AnonPages:         25500 kB
Node 0 Shmem:               520 kB
Node 0 KernelStack:        1784 kB
Node 0 PageTables:          968 kB
Node 0 NFS_Unstable:          0 kB
Node 0 Bounce:                0 kB
Node 0 WritebackTmp:          0 kB
Node 0 KReclaimable:      25788 kB
Node 0 Slab:              69392 kB
Node 0 SReclaimable:      25788 kB
Node 0 SUnreclaim:        43604 kB
Node 0 AnonHugePages:         0 kB
Node 0 ShmemHugePages:        0 kB
Node 0 ShmemPmdMapped:        0 kB
Node 0 FileHugePages:        0 kB
Node 0 FilePmdMapped:        0 kB
Node 0 HugePages_Total:     0
Node 0 HugePages_Free:      0
Node 0 HugePages_Surp:      0

Node 1 MemTotal:       24661580 kB
Node 1 MemFree:         7906920 kB
Node 1 MemUsed:        16754660 kB
Node 1 Active:            40528 kB
Node 1 Inactive:          45024 kB
Node 1 Active(anon):      17588 kB
Node 1 Inactive(anon):      572 kB
Node 1 Active(file):      22940 kB
Node 1 Inactive(file):    44452 kB
Node 1 Unevictable:        1312 kB
Node 1 Mlocked:            1312 kB
Node 1 Dirty:                16 kB
Node 1 Writeback:             0 kB
Node 1 FilePages:         69496 kB
Node 1 Mapped:            25372 kB
Node 1 AnonPages:         17368 kB
Node 1 Shmem:               792 kB
Node 1 KernelStack:        2648 kB
Node 1 PageTables:          408 kB
Node 1 NFS_Unstable:          0 kB
Node 1 Bounce:                0 kB
Node 1 WritebackTmp:          0 kB
Node 1 KReclaimable:      18364 kB
Node 1 Slab:             108436 kB
Node 1 SReclaimable:      18364 kB
Node 1 SUnreclaim:        90072 kB
Node 1 AnonHugePages:         0 kB
Node 1 ShmemHugePages:        0 kB
Node 1 ShmemPmdMapped:        0 kB
Node 1 FileHugePages:        0 kB
Node 1 FilePmdMapped:        0 kB
Node 1 HugePages_Total:     0
Node 1 HugePages_Free:      0
Node 1 HugePages_Surp:      0

U.1.fio.16G.2.O Complete!
