U.1.fio.1-128K.3.O
Begin
Node 0 MemTotal:       24768352 kB
Node 0 MemFree:        24490876 kB
Node 0 MemUsed:          277476 kB
Node 0 Active:            51320 kB
Node 0 Inactive:          73268 kB
Node 0 Active(anon):      23916 kB
Node 0 Inactive(anon):      460 kB
Node 0 Active(file):      27404 kB
Node 0 Inactive(file):    72808 kB
Node 0 Unevictable:       18188 kB
Node 0 Mlocked:           18188 kB
Node 0 Dirty:               240 kB
Node 0 Writeback:             0 kB
Node 0 FilePages:        108772 kB
Node 0 Mapped:            39384 kB
Node 0 AnonPages:         34112 kB
Node 0 Shmem:               704 kB
Node 0 KernelStack:        2104 kB
Node 0 PageTables:          716 kB
Node 0 NFS_Unstable:          0 kB
Node 0 Bounce:                0 kB
Node 0 WritebackTmp:          0 kB
Node 0 KReclaimable:      20548 kB
Node 0 Slab:              55820 kB
Node 0 SReclaimable:      20548 kB
Node 0 SUnreclaim:        35272 kB
Node 0 AnonHugePages:         0 kB
Node 0 ShmemHugePages:        0 kB
Node 0 ShmemPmdMapped:        0 kB
Node 0 FileHugePages:        0 kB
Node 0 FilePmdMapped:        0 kB
Node 0 HugePages_Total:     0
Node 0 HugePages_Free:      0
Node 0 HugePages_Surp:      0

Node 1 MemTotal:       24661580 kB
Node 1 MemFree:        24328928 kB
Node 1 MemUsed:          332652 kB
Node 1 Active:            42728 kB
Node 1 Inactive:          17280 kB
Node 1 Active(anon):       9876 kB
Node 1 Inactive(anon):      420 kB
Node 1 Active(file):      32852 kB
Node 1 Inactive(file):    16860 kB
Node 1 Unevictable:         336 kB
Node 1 Mlocked:             336 kB
Node 1 Dirty:               276 kB
Node 1 Writeback:             0 kB
Node 1 FilePages:         50648 kB
Node 1 Mapped:             9456 kB
Node 1 AnonPages:          9776 kB
Node 1 Shmem:               564 kB
Node 1 KernelStack:        1496 kB
Node 1 PageTables:          372 kB
Node 1 NFS_Unstable:          0 kB
Node 1 Bounce:                0 kB
Node 1 WritebackTmp:          0 kB
Node 1 KReclaimable:      20892 kB
Node 1 Slab:              49792 kB
Node 1 SReclaimable:      20892 kB
Node 1 SUnreclaim:        28900 kB
Node 1 AnonHugePages:         0 kB
Node 1 ShmemHugePages:        0 kB
Node 1 ShmemPmdMapped:        0 kB
Node 1 FileHugePages:        0 kB
Node 1 FilePmdMapped:        0 kB
Node 1 HugePages_Total:     0
Node 1 HugePages_Free:      0
Node 1 HugePages_Surp:      0

Load ZFS
Node 0 MemTotal:       24768352 kB
Node 0 MemFree:        24483964 kB
Node 0 MemUsed:          284388 kB
Node 0 Active:            55932 kB
Node 0 Inactive:          73720 kB
Node 0 Active(anon):      27860 kB
Node 0 Inactive(anon):      464 kB
Node 0 Active(file):      28072 kB
Node 0 Inactive(file):    73256 kB
Node 0 Unevictable:       18188 kB
Node 0 Mlocked:           18188 kB
Node 0 Dirty:               272 kB
Node 0 Writeback:             0 kB
Node 0 FilePages:        109888 kB
Node 0 Mapped:            39556 kB
Node 0 AnonPages:         38016 kB
Node 0 Shmem:               704 kB
Node 0 KernelStack:        2136 kB
Node 0 PageTables:          788 kB
Node 0 NFS_Unstable:          0 kB
Node 0 Bounce:                0 kB
Node 0 WritebackTmp:          0 kB
Node 0 KReclaimable:      20996 kB
Node 0 Slab:              57792 kB
Node 0 SReclaimable:      20996 kB
Node 0 SUnreclaim:        36796 kB
Node 0 AnonHugePages:         0 kB
Node 0 ShmemHugePages:        0 kB
Node 0 ShmemPmdMapped:        0 kB
Node 0 FileHugePages:        0 kB
Node 0 FilePmdMapped:        0 kB
Node 0 HugePages_Total:     0
Node 0 HugePages_Free:      0
Node 0 HugePages_Surp:      0

Node 1 MemTotal:       24661580 kB
Node 1 MemFree:        24322100 kB
Node 1 MemUsed:          339480 kB
Node 1 Active:            52512 kB
Node 1 Inactive:          12816 kB
Node 1 Active(anon):      13756 kB
Node 1 Inactive(anon):      420 kB
Node 1 Active(file):      38756 kB
Node 1 Inactive(file):    12396 kB
Node 1 Unevictable:         336 kB
Node 1 Mlocked:             336 kB
Node 1 Dirty:               276 kB
Node 1 Writeback:             0 kB
Node 1 FilePages:         52052 kB
Node 1 Mapped:             9456 kB
Node 1 AnonPages:         13536 kB
Node 1 Shmem:               564 kB
Node 1 KernelStack:        1640 kB
Node 1 PageTables:          776 kB
Node 1 NFS_Unstable:          0 kB
Node 1 Bounce:                0 kB
Node 1 WritebackTmp:          0 kB
Node 1 KReclaimable:      21312 kB
Node 1 Slab:              51668 kB
Node 1 SReclaimable:      21312 kB
Node 1 SUnreclaim:        30356 kB
Node 1 AnonHugePages:         0 kB
Node 1 ShmemHugePages:        0 kB
Node 1 ShmemPmdMapped:        0 kB
Node 1 FileHugePages:        0 kB
Node 1 FilePmdMapped:        0 kB
Node 1 HugePages_Total:     0
Node 1 HugePages_Free:      0
Node 1 HugePages_Surp:      0

Import tank ZPool
Node 0 MemTotal:       24768352 kB
Node 0 MemFree:        24484720 kB
Node 0 MemUsed:          283632 kB
Node 0 Active:            55952 kB
Node 0 Inactive:          73720 kB
Node 0 Active(anon):      27868 kB
Node 0 Inactive(anon):      464 kB
Node 0 Active(file):      28084 kB
Node 0 Inactive(file):    73256 kB
Node 0 Unevictable:       18188 kB
Node 0 Mlocked:           18188 kB
Node 0 Dirty:               304 kB
Node 0 Writeback:             0 kB
Node 0 FilePages:        109896 kB
Node 0 Mapped:            39688 kB
Node 0 AnonPages:         38052 kB
Node 0 Shmem:               700 kB
Node 0 KernelStack:        2136 kB
Node 0 PageTables:          788 kB
Node 0 NFS_Unstable:          0 kB
Node 0 Bounce:                0 kB
Node 0 WritebackTmp:          0 kB
Node 0 KReclaimable:      20996 kB
Node 0 Slab:              57792 kB
Node 0 SReclaimable:      20996 kB
Node 0 SUnreclaim:        36796 kB
Node 0 AnonHugePages:         0 kB
Node 0 ShmemHugePages:        0 kB
Node 0 ShmemPmdMapped:        0 kB
Node 0 FileHugePages:        0 kB
Node 0 FilePmdMapped:        0 kB
Node 0 HugePages_Total:     0
Node 0 HugePages_Free:      0
Node 0 HugePages_Surp:      0

Node 1 MemTotal:       24661580 kB
Node 1 MemFree:        24303688 kB
Node 1 MemUsed:          357892 kB
Node 1 Active:            53840 kB
Node 1 Inactive:          13708 kB
Node 1 Active(anon):      14412 kB
Node 1 Inactive(anon):      424 kB
Node 1 Active(file):      39428 kB
Node 1 Inactive(file):    13284 kB
Node 1 Unevictable:         336 kB
Node 1 Mlocked:             336 kB
Node 1 Dirty:                52 kB
Node 1 Writeback:             0 kB
Node 1 FilePages:         53620 kB
Node 1 Mapped:             9708 kB
Node 1 AnonPages:         14088 kB
Node 1 Shmem:               568 kB
Node 1 KernelStack:        2792 kB
Node 1 PageTables:          868 kB
Node 1 NFS_Unstable:          0 kB
Node 1 Bounce:                0 kB
Node 1 WritebackTmp:          0 kB
Node 1 KReclaimable:      21452 kB
Node 1 Slab:              58520 kB
Node 1 SReclaimable:      21452 kB
Node 1 SUnreclaim:        37068 kB
Node 1 AnonHugePages:         0 kB
Node 1 ShmemHugePages:        0 kB
Node 1 ShmemPmdMapped:        0 kB
Node 1 FileHugePages:        0 kB
Node 1 FilePmdMapped:        0 kB
Node 1 HugePages_Total:     0
Node 1 HugePages_Free:      0
Node 1 HugePages_Surp:      0

After Test
Node 0 MemTotal:       24768352 kB
Node 0 MemFree:        24484972 kB
Node 0 MemUsed:          283380 kB
Node 0 Active:            56084 kB
Node 0 Inactive:          73680 kB
Node 0 Active(anon):      27960 kB
Node 0 Inactive(anon):      464 kB
Node 0 Active(file):      28124 kB
Node 0 Inactive(file):    73216 kB
Node 0 Unevictable:       18188 kB
Node 0 Mlocked:           18188 kB
Node 0 Dirty:               304 kB
Node 0 Writeback:             0 kB
Node 0 FilePages:        109896 kB
Node 0 Mapped:            39388 kB
Node 0 AnonPages:         38052 kB
Node 0 Shmem:               700 kB
Node 0 KernelStack:        2136 kB
Node 0 PageTables:          788 kB
Node 0 NFS_Unstable:          0 kB
Node 0 Bounce:                0 kB
Node 0 WritebackTmp:          0 kB
Node 0 KReclaimable:      20996 kB
Node 0 Slab:              57792 kB
Node 0 SReclaimable:      20996 kB
Node 0 SUnreclaim:        36796 kB
Node 0 AnonHugePages:         0 kB
Node 0 ShmemHugePages:        0 kB
Node 0 ShmemPmdMapped:        0 kB
Node 0 FileHugePages:        0 kB
Node 0 FilePmdMapped:        0 kB
Node 0 HugePages_Total:     0
Node 0 HugePages_Free:      0
Node 0 HugePages_Surp:      0

Node 1 MemTotal:       24661580 kB
Node 1 MemFree:        24298180 kB
Node 1 MemUsed:          363400 kB
Node 1 Active:            54364 kB
Node 1 Inactive:          14920 kB
Node 1 Active(anon):      14004 kB
Node 1 Inactive(anon):      452 kB
Node 1 Active(file):      40360 kB
Node 1 Inactive(file):    14468 kB
Node 1 Unevictable:         336 kB
Node 1 Mlocked:             336 kB
Node 1 Dirty:                60 kB
Node 1 Writeback:             0 kB
Node 1 FilePages:         55776 kB
Node 1 Mapped:             9728 kB
Node 1 AnonPages:         13792 kB
Node 1 Shmem:               612 kB
Node 1 KernelStack:        2792 kB
Node 1 PageTables:          916 kB
Node 1 NFS_Unstable:          0 kB
Node 1 Bounce:                0 kB
Node 1 WritebackTmp:          0 kB
Node 1 KReclaimable:      22736 kB
Node 1 Slab:              60164 kB
Node 1 SReclaimable:      22736 kB
Node 1 SUnreclaim:        37428 kB
Node 1 AnonHugePages:         0 kB
Node 1 ShmemHugePages:        0 kB
Node 1 ShmemPmdMapped:        0 kB
Node 1 FileHugePages:        0 kB
Node 1 FilePmdMapped:        0 kB
Node 1 HugePages_Total:     0
Node 1 HugePages_Free:      0
Node 1 HugePages_Surp:      0

After Opposite Node
Node 0 MemTotal:       24768352 kB
Node 0 MemFree:        24482216 kB
Node 0 MemUsed:          286136 kB
Node 0 Active:            56244 kB
Node 0 Inactive:          73716 kB
Node 0 Active(anon):      28120 kB
Node 0 Inactive(anon):      492 kB
Node 0 Active(file):      28124 kB
Node 0 Inactive(file):    73224 kB
Node 0 Unevictable:       18188 kB
Node 0 Mlocked:           18188 kB
Node 0 Dirty:               312 kB
Node 0 Writeback:             0 kB
Node 0 FilePages:        109948 kB
Node 0 Mapped:            39432 kB
Node 0 AnonPages:         38100 kB
Node 0 Shmem:               744 kB
Node 0 KernelStack:        2168 kB
Node 0 PageTables:          904 kB
Node 0 NFS_Unstable:          0 kB
Node 0 Bounce:                0 kB
Node 0 WritebackTmp:          0 kB
Node 0 KReclaimable:      21080 kB
Node 0 Slab:              58244 kB
Node 0 SReclaimable:      21080 kB
Node 0 SUnreclaim:        37164 kB
Node 0 AnonHugePages:         0 kB
Node 0 ShmemHugePages:        0 kB
Node 0 ShmemPmdMapped:        0 kB
Node 0 FileHugePages:        0 kB
Node 0 FilePmdMapped:        0 kB
Node 0 HugePages_Total:     0
Node 0 HugePages_Free:      0
Node 0 HugePages_Surp:      0

Node 1 MemTotal:       24661580 kB
Node 1 MemFree:        24298464 kB
Node 1 MemUsed:          363116 kB
Node 1 Active:            54372 kB
Node 1 Inactive:          14732 kB
Node 1 Active(anon):      13828 kB
Node 1 Inactive(anon):      424 kB
Node 1 Active(file):      40544 kB
Node 1 Inactive(file):    14308 kB
Node 1 Unevictable:         336 kB
Node 1 Mlocked:             336 kB
Node 1 Dirty:                80 kB
Node 1 Writeback:             0 kB
Node 1 FilePages:         55756 kB
Node 1 Mapped:             9648 kB
Node 1 AnonPages:         13684 kB
Node 1 Shmem:               568 kB
Node 1 KernelStack:        2744 kB
Node 1 PageTables:          752 kB
Node 1 NFS_Unstable:          0 kB
Node 1 Bounce:                0 kB
Node 1 WritebackTmp:          0 kB
Node 1 KReclaimable:      22736 kB
Node 1 Slab:              60140 kB
Node 1 SReclaimable:      22736 kB
Node 1 SUnreclaim:        37404 kB
Node 1 AnonHugePages:         0 kB
Node 1 ShmemHugePages:        0 kB
Node 1 ShmemPmdMapped:        0 kB
Node 1 FileHugePages:        0 kB
Node 1 FilePmdMapped:        0 kB
Node 1 HugePages_Total:     0
Node 1 HugePages_Free:      0
Node 1 HugePages_Surp:      0

U.1.fio.1-128K.3.O Complete!
