U.1.fio.2G.2.O
Begin
Node 0 MemTotal:       24743736 kB
Node 0 MemFree:        24366844 kB
Node 0 MemUsed:          376892 kB
Node 0 Active:            41028 kB
Node 0 Inactive:          61016 kB
Node 0 Active(anon):      19112 kB
Node 0 Inactive(anon):      364 kB
Node 0 Active(file):      21916 kB
Node 0 Inactive(file):    60652 kB
Node 0 Unevictable:       13492 kB
Node 0 Mlocked:           13492 kB
Node 0 Dirty:               396 kB
Node 0 Writeback:             0 kB
Node 0 FilePages:         86264 kB
Node 0 Mapped:            43296 kB
Node 0 AnonPages:         29348 kB
Node 0 Shmem:               532 kB
Node 0 KernelStack:        1896 kB
Node 0 PageTables:          612 kB
Node 0 NFS_Unstable:          0 kB
Node 0 Bounce:                0 kB
Node 0 WritebackTmp:          0 kB
Node 0 KReclaimable:      19152 kB
Node 0 Slab:              46520 kB
Node 0 SReclaimable:      19152 kB
Node 0 SUnreclaim:        27368 kB
Node 0 AnonHugePages:         0 kB
Node 0 ShmemHugePages:        0 kB
Node 0 ShmemPmdMapped:        0 kB
Node 0 FileHugePages:        0 kB
Node 0 FilePmdMapped:        0 kB
Node 0 HugePages_Total:     0
Node 0 HugePages_Free:      0
Node 0 HugePages_Surp:      0

Node 1 MemTotal:       24686196 kB
Node 1 MemFree:        24433512 kB
Node 1 MemUsed:          252684 kB
Node 1 Active:            55044 kB
Node 1 Inactive:          49308 kB
Node 1 Active(anon):      14608 kB
Node 1 Inactive(anon):      508 kB
Node 1 Active(file):      40436 kB
Node 1 Inactive(file):    48800 kB
Node 1 Unevictable:        5032 kB
Node 1 Mlocked:            5032 kB
Node 1 Dirty:               120 kB
Node 1 Writeback:             0 kB
Node 1 FilePages:         95008 kB
Node 1 Mapped:            22904 kB
Node 1 AnonPages:         14400 kB
Node 1 Shmem:               736 kB
Node 1 KernelStack:        1704 kB
Node 1 PageTables:          488 kB
Node 1 NFS_Unstable:          0 kB
Node 1 Bounce:                0 kB
Node 1 WritebackTmp:          0 kB
Node 1 KReclaimable:      21640 kB
Node 1 Slab:              56744 kB
Node 1 SReclaimable:      21640 kB
Node 1 SUnreclaim:        35104 kB
Node 1 AnonHugePages:         0 kB
Node 1 ShmemHugePages:        0 kB
Node 1 ShmemPmdMapped:        0 kB
Node 1 FileHugePages:        0 kB
Node 1 FilePmdMapped:        0 kB
Node 1 HugePages_Total:     0
Node 1 HugePages_Free:      0
Node 1 HugePages_Surp:      0

Load ZFS
Node 0 MemTotal:       24743736 kB
Node 0 MemFree:        24494536 kB
Node 0 MemUsed:          249200 kB
Node 0 Active:            51416 kB
Node 0 Inactive:          56480 kB
Node 0 Active(anon):      23784 kB
Node 0 Inactive(anon):      364 kB
Node 0 Active(file):      27632 kB
Node 0 Inactive(file):    56116 kB
Node 0 Unevictable:       13492 kB
Node 0 Mlocked:           13492 kB
Node 0 Dirty:               192 kB
Node 0 Writeback:             0 kB
Node 0 FilePages:         87448 kB
Node 0 Mapped:            43324 kB
Node 0 AnonPages:         33972 kB
Node 0 Shmem:               532 kB
Node 0 KernelStack:        2024 kB
Node 0 PageTables:          912 kB
Node 0 NFS_Unstable:          0 kB
Node 0 Bounce:                0 kB
Node 0 WritebackTmp:          0 kB
Node 0 KReclaimable:      19556 kB
Node 0 Slab:              47972 kB
Node 0 SReclaimable:      19556 kB
Node 0 SUnreclaim:        28416 kB
Node 0 AnonHugePages:         0 kB
Node 0 ShmemHugePages:        0 kB
Node 0 ShmemPmdMapped:        0 kB
Node 0 FileHugePages:        0 kB
Node 0 FilePmdMapped:        0 kB
Node 0 HugePages_Total:     0
Node 0 HugePages_Free:      0
Node 0 HugePages_Surp:      0

Node 1 MemTotal:       24686196 kB
Node 1 MemFree:        24294352 kB
Node 1 MemUsed:          391844 kB
Node 1 Active:            56044 kB
Node 1 Inactive:          49768 kB
Node 1 Active(anon):      14692 kB
Node 1 Inactive(anon):      512 kB
Node 1 Active(file):      41352 kB
Node 1 Inactive(file):    49256 kB
Node 1 Unevictable:        5032 kB
Node 1 Mlocked:            5032 kB
Node 1 Dirty:               140 kB
Node 1 Writeback:             0 kB
Node 1 FilePages:         96372 kB
Node 1 Mapped:            23088 kB
Node 1 AnonPages:         14384 kB
Node 1 Shmem:               736 kB
Node 1 KernelStack:        1752 kB
Node 1 PageTables:          572 kB
Node 1 NFS_Unstable:          0 kB
Node 1 Bounce:                0 kB
Node 1 WritebackTmp:          0 kB
Node 1 KReclaimable:      22064 kB
Node 1 Slab:              59092 kB
Node 1 SReclaimable:      22064 kB
Node 1 SUnreclaim:        37028 kB
Node 1 AnonHugePages:         0 kB
Node 1 ShmemHugePages:        0 kB
Node 1 ShmemPmdMapped:        0 kB
Node 1 FileHugePages:        0 kB
Node 1 FilePmdMapped:        0 kB
Node 1 HugePages_Total:     0
Node 1 HugePages_Free:      0
Node 1 HugePages_Surp:      0

Import tank ZPool
Node 0 MemTotal:       24743736 kB
Node 0 MemFree:        24499220 kB
Node 0 MemUsed:          244516 kB
Node 0 Active:            46072 kB
Node 0 Inactive:          56436 kB
Node 0 Active(anon):      18376 kB
Node 0 Inactive(anon):      364 kB
Node 0 Active(file):      27696 kB
Node 0 Inactive(file):    56072 kB
Node 0 Unevictable:       13492 kB
Node 0 Mlocked:           13492 kB
Node 0 Dirty:               204 kB
Node 0 Writeback:             0 kB
Node 0 FilePages:         87476 kB
Node 0 Mapped:            43360 kB
Node 0 AnonPages:         28284 kB
Node 0 Shmem:               528 kB
Node 0 KernelStack:        1992 kB
Node 0 PageTables:          832 kB
Node 0 NFS_Unstable:          0 kB
Node 0 Bounce:                0 kB
Node 0 WritebackTmp:          0 kB
Node 0 KReclaimable:      19560 kB
Node 0 Slab:              47988 kB
Node 0 SReclaimable:      19560 kB
Node 0 SUnreclaim:        28428 kB
Node 0 AnonHugePages:         0 kB
Node 0 ShmemHugePages:        0 kB
Node 0 ShmemPmdMapped:        0 kB
Node 0 FileHugePages:        0 kB
Node 0 FilePmdMapped:        0 kB
Node 0 HugePages_Total:     0
Node 0 HugePages_Free:      0
Node 0 HugePages_Surp:      0

Node 1 MemTotal:       24686196 kB
Node 1 MemFree:        24275392 kB
Node 1 MemUsed:          410804 kB
Node 1 Active:            56476 kB
Node 1 Inactive:          50960 kB
Node 1 Active(anon):      14788 kB
Node 1 Inactive(anon):      516 kB
Node 1 Active(file):      41688 kB
Node 1 Inactive(file):    50444 kB
Node 1 Unevictable:        5032 kB
Node 1 Mlocked:            5032 kB
Node 1 Dirty:               152 kB
Node 1 Writeback:             0 kB
Node 1 FilePages:         97900 kB
Node 1 Mapped:            23056 kB
Node 1 AnonPages:         14468 kB
Node 1 Shmem:               740 kB
Node 1 KernelStack:        2872 kB
Node 1 PageTables:          616 kB
Node 1 NFS_Unstable:          0 kB
Node 1 Bounce:                0 kB
Node 1 WritebackTmp:          0 kB
Node 1 KReclaimable:      22224 kB
Node 1 Slab:              65828 kB
Node 1 SReclaimable:      22224 kB
Node 1 SUnreclaim:        43604 kB
Node 1 AnonHugePages:         0 kB
Node 1 ShmemHugePages:        0 kB
Node 1 ShmemPmdMapped:        0 kB
Node 1 FileHugePages:        0 kB
Node 1 FilePmdMapped:        0 kB
Node 1 HugePages_Total:     0
Node 1 HugePages_Free:      0
Node 1 HugePages_Surp:      0

After Test
Node 0 MemTotal:       24743736 kB
Node 0 MemFree:        24479160 kB
Node 0 MemUsed:          264576 kB
Node 0 Active:            45828 kB
Node 0 Inactive:          56396 kB
Node 0 Active(anon):      18052 kB
Node 0 Inactive(anon):      364 kB
Node 0 Active(file):      27776 kB
Node 0 Inactive(file):    56032 kB
Node 0 Unevictable:       13492 kB
Node 0 Mlocked:           13492 kB
Node 0 Dirty:                16 kB
Node 0 Writeback:             0 kB
Node 0 FilePages:         87500 kB
Node 0 Mapped:            43324 kB
Node 0 AnonPages:         28216 kB
Node 0 Shmem:               528 kB
Node 0 KernelStack:        1832 kB
Node 0 PageTables:          568 kB
Node 0 NFS_Unstable:          0 kB
Node 0 Bounce:                0 kB
Node 0 WritebackTmp:          0 kB
Node 0 KReclaimable:      19560 kB
Node 0 Slab:              48240 kB
Node 0 SReclaimable:      19560 kB
Node 0 SUnreclaim:        28680 kB
Node 0 AnonHugePages:         0 kB
Node 0 ShmemHugePages:        0 kB
Node 0 ShmemPmdMapped:        0 kB
Node 0 FileHugePages:        0 kB
Node 0 FilePmdMapped:        0 kB
Node 0 HugePages_Total:     0
Node 0 HugePages_Free:      0
Node 0 HugePages_Surp:      0

Node 1 MemTotal:       24686196 kB
Node 1 MemFree:        21360056 kB
Node 1 MemUsed:         3326140 kB
Node 1 Active:            57724 kB
Node 1 Inactive:          51904 kB
Node 1 Active(anon):      14856 kB
Node 1 Inactive(anon):      540 kB
Node 1 Active(file):      42868 kB
Node 1 Inactive(file):    51364 kB
Node 1 Unevictable:        5032 kB
Node 1 Mlocked:            5032 kB
Node 1 Dirty:                20 kB
Node 1 Writeback:             0 kB
Node 1 FilePages:        100044 kB
Node 1 Mapped:            22928 kB
Node 1 AnonPages:         14536 kB
Node 1 Shmem:               784 kB
Node 1 KernelStack:        2840 kB
Node 1 PageTables:          656 kB
Node 1 NFS_Unstable:          0 kB
Node 1 Bounce:                0 kB
Node 1 WritebackTmp:          0 kB
Node 1 KReclaimable:      23516 kB
Node 1 Slab:              80768 kB
Node 1 SReclaimable:      23516 kB
Node 1 SUnreclaim:        57252 kB
Node 1 AnonHugePages:         0 kB
Node 1 ShmemHugePages:        0 kB
Node 1 ShmemPmdMapped:        0 kB
Node 1 FileHugePages:        0 kB
Node 1 FilePmdMapped:        0 kB
Node 1 HugePages_Total:     0
Node 1 HugePages_Free:      0
Node 1 HugePages_Surp:      0

After Opposite Node
Node 0 MemTotal:       24743736 kB
Node 0 MemFree:        24478284 kB
Node 0 MemUsed:          265452 kB
Node 0 Active:            46012 kB
Node 0 Inactive:          56432 kB
Node 0 Active(anon):      18224 kB
Node 0 Inactive(anon):      392 kB
Node 0 Active(file):      27788 kB
Node 0 Inactive(file):    56040 kB
Node 0 Unevictable:       13492 kB
Node 0 Mlocked:           13492 kB
Node 0 Dirty:                32 kB
Node 0 Writeback:             0 kB
Node 0 FilePages:         87564 kB
Node 0 Mapped:            43368 kB
Node 0 AnonPages:         28348 kB
Node 0 Shmem:               572 kB
Node 0 KernelStack:        1896 kB
Node 0 PageTables:          744 kB
Node 0 NFS_Unstable:          0 kB
Node 0 Bounce:                0 kB
Node 0 WritebackTmp:          0 kB
Node 0 KReclaimable:      19688 kB
Node 0 Slab:              49920 kB
Node 0 SReclaimable:      19688 kB
Node 0 SUnreclaim:        30232 kB
Node 0 AnonHugePages:         0 kB
Node 0 ShmemHugePages:        0 kB
Node 0 ShmemPmdMapped:        0 kB
Node 0 FileHugePages:        0 kB
Node 0 FilePmdMapped:        0 kB
Node 0 HugePages_Total:     0
Node 0 HugePages_Free:      0
Node 0 HugePages_Surp:      0

Node 1 MemTotal:       24686196 kB
Node 1 MemFree:        21363772 kB
Node 1 MemUsed:         3322424 kB
Node 1 Active:            57748 kB
Node 1 Inactive:          51724 kB
Node 1 Active(anon):      14704 kB
Node 1 Inactive(anon):      516 kB
Node 1 Active(file):      43044 kB
Node 1 Inactive(file):    51208 kB
Node 1 Unevictable:        5032 kB
Node 1 Mlocked:            5032 kB
Node 1 Dirty:                72 kB
Node 1 Writeback:             0 kB
Node 1 FilePages:        100020 kB
Node 1 Mapped:            23164 kB
Node 1 AnonPages:         14480 kB
Node 1 Shmem:               740 kB
Node 1 KernelStack:        2776 kB
Node 1 PageTables:          544 kB
Node 1 NFS_Unstable:          0 kB
Node 1 Bounce:                0 kB
Node 1 WritebackTmp:          0 kB
Node 1 KReclaimable:      23564 kB
Node 1 Slab:              80852 kB
Node 1 SReclaimable:      23564 kB
Node 1 SUnreclaim:        57288 kB
Node 1 AnonHugePages:         0 kB
Node 1 ShmemHugePages:        0 kB
Node 1 ShmemPmdMapped:        0 kB
Node 1 FileHugePages:        0 kB
Node 1 FilePmdMapped:        0 kB
Node 1 HugePages_Total:     0
Node 1 HugePages_Free:      0
Node 1 HugePages_Surp:      0

U.1.fio.2G.2.O Complete!
