U.1.fio.8G.3.O
Begin
Node 0 MemTotal:       24743736 kB
Node 0 MemFree:        24349880 kB
Node 0 MemUsed:          393856 kB
Node 0 Active:            53436 kB
Node 0 Inactive:          56768 kB
Node 0 Active(anon):      14696 kB
Node 0 Inactive(anon):      464 kB
Node 0 Active(file):      38740 kB
Node 0 Inactive(file):    56304 kB
Node 0 Unevictable:        4800 kB
Node 0 Mlocked:            4800 kB
Node 0 Dirty:                68 kB
Node 0 Writeback:             0 kB
Node 0 FilePages:        100608 kB
Node 0 Mapped:            45420 kB
Node 0 AnonPages:         14596 kB
Node 0 Shmem:               608 kB
Node 0 KernelStack:        2216 kB
Node 0 PageTables:          364 kB
Node 0 NFS_Unstable:          0 kB
Node 0 Bounce:                0 kB
Node 0 WritebackTmp:          0 kB
Node 0 KReclaimable:      20444 kB
Node 0 Slab:              54060 kB
Node 0 SReclaimable:      20444 kB
Node 0 SUnreclaim:        33616 kB
Node 0 AnonHugePages:         0 kB
Node 0 ShmemHugePages:        0 kB
Node 0 ShmemPmdMapped:        0 kB
Node 0 FileHugePages:        0 kB
Node 0 FilePmdMapped:        0 kB
Node 0 HugePages_Total:     0
Node 0 HugePages_Free:      0
Node 0 HugePages_Surp:      0

Node 1 MemTotal:       24686196 kB
Node 1 MemFree:        24434668 kB
Node 1 MemUsed:          251528 kB
Node 1 Active:            43712 kB
Node 1 Inactive:          64300 kB
Node 1 Active(anon):      18756 kB
Node 1 Inactive(anon):      404 kB
Node 1 Active(file):      24956 kB
Node 1 Inactive(file):    63896 kB
Node 1 Unevictable:       13720 kB
Node 1 Mlocked:           13720 kB
Node 1 Dirty:               444 kB
Node 1 Writeback:             0 kB
Node 1 FilePages:         92908 kB
Node 1 Mapped:            30452 kB
Node 1 AnonPages:         28872 kB
Node 1 Shmem:               660 kB
Node 1 KernelStack:        1368 kB
Node 1 PageTables:          776 kB
Node 1 NFS_Unstable:          0 kB
Node 1 Bounce:                0 kB
Node 1 WritebackTmp:          0 kB
Node 1 KReclaimable:      21228 kB
Node 1 Slab:              52600 kB
Node 1 SReclaimable:      21228 kB
Node 1 SUnreclaim:        31372 kB
Node 1 AnonHugePages:         0 kB
Node 1 ShmemHugePages:        0 kB
Node 1 ShmemPmdMapped:        0 kB
Node 1 FileHugePages:        0 kB
Node 1 FilePmdMapped:        0 kB
Node 1 HugePages_Total:     0
Node 1 HugePages_Free:      0
Node 1 HugePages_Surp:      0

Load ZFS
Node 0 MemTotal:       24743736 kB
Node 0 MemFree:        24346448 kB
Node 0 MemUsed:          397288 kB
Node 0 Active:            60668 kB
Node 0 Inactive:          52620 kB
Node 0 Active(anon):      15500 kB
Node 0 Inactive(anon):      464 kB
Node 0 Active(file):      45168 kB
Node 0 Inactive(file):    52156 kB
Node 0 Unevictable:        4800 kB
Node 0 Mlocked:            4800 kB
Node 0 Dirty:                84 kB
Node 0 Writeback:             0 kB
Node 0 FilePages:        102732 kB
Node 0 Mapped:            45592 kB
Node 0 AnonPages:         15260 kB
Node 0 Shmem:               608 kB
Node 0 KernelStack:        2264 kB
Node 0 PageTables:          428 kB
Node 0 NFS_Unstable:          0 kB
Node 0 Bounce:                0 kB
Node 0 WritebackTmp:          0 kB
Node 0 KReclaimable:      20940 kB
Node 0 Slab:              55572 kB
Node 0 SReclaimable:      20940 kB
Node 0 SUnreclaim:        34632 kB
Node 0 AnonHugePages:         0 kB
Node 0 ShmemHugePages:        0 kB
Node 0 ShmemPmdMapped:        0 kB
Node 0 FileHugePages:        0 kB
Node 0 FilePmdMapped:        0 kB
Node 0 HugePages_Total:     0
Node 0 HugePages_Free:      0
Node 0 HugePages_Surp:      0

Node 1 MemTotal:       24686196 kB
Node 1 MemFree:        24428408 kB
Node 1 MemUsed:          257788 kB
Node 1 Active:            48032 kB
Node 1 Inactive:          64528 kB
Node 1 Active(anon):      22908 kB
Node 1 Inactive(anon):      404 kB
Node 1 Active(file):      25124 kB
Node 1 Inactive(file):    64124 kB
Node 1 Unevictable:       13720 kB
Node 1 Mlocked:           13720 kB
Node 1 Dirty:               248 kB
Node 1 Writeback:             0 kB
Node 1 FilePages:         93304 kB
Node 1 Mapped:            30452 kB
Node 1 AnonPages:         33136 kB
Node 1 Shmem:               660 kB
Node 1 KernelStack:        1464 kB
Node 1 PageTables:         1084 kB
Node 1 NFS_Unstable:          0 kB
Node 1 Bounce:                0 kB
Node 1 WritebackTmp:          0 kB
Node 1 KReclaimable:      21728 kB
Node 1 Slab:              54732 kB
Node 1 SReclaimable:      21728 kB
Node 1 SUnreclaim:        33004 kB
Node 1 AnonHugePages:         0 kB
Node 1 ShmemHugePages:        0 kB
Node 1 ShmemPmdMapped:        0 kB
Node 1 FileHugePages:        0 kB
Node 1 FilePmdMapped:        0 kB
Node 1 HugePages_Total:     0
Node 1 HugePages_Free:      0
Node 1 HugePages_Surp:      0

Import tank ZPool
Node 0 MemTotal:       24743736 kB
Node 0 MemFree:        24324764 kB
Node 0 MemUsed:          418972 kB
Node 0 Active:            61196 kB
Node 0 Inactive:          53672 kB
Node 0 Active(anon):      15628 kB
Node 0 Inactive(anon):      468 kB
Node 0 Active(file):      45568 kB
Node 0 Inactive(file):    53204 kB
Node 0 Unevictable:        4800 kB
Node 0 Mlocked:            4800 kB
Node 0 Dirty:               104 kB
Node 0 Writeback:             0 kB
Node 0 FilePages:        104200 kB
Node 0 Mapped:            45516 kB
Node 0 AnonPages:         15560 kB
Node 0 Shmem:               608 kB
Node 0 KernelStack:        3480 kB
Node 0 PageTables:          496 kB
Node 0 NFS_Unstable:          0 kB
Node 0 Bounce:                0 kB
Node 0 WritebackTmp:          0 kB
Node 0 KReclaimable:      21052 kB
Node 0 Slab:              62688 kB
Node 0 SReclaimable:      21052 kB
Node 0 SUnreclaim:        41636 kB
Node 0 AnonHugePages:         0 kB
Node 0 ShmemHugePages:        0 kB
Node 0 ShmemPmdMapped:        0 kB
Node 0 FileHugePages:        0 kB
Node 0 FilePmdMapped:        0 kB
Node 0 HugePages_Total:     0
Node 0 HugePages_Free:      0
Node 0 HugePages_Surp:      0

Node 1 MemTotal:       24686196 kB
Node 1 MemFree:        24429416 kB
Node 1 MemUsed:          256780 kB
Node 1 Active:            48080 kB
Node 1 Inactive:          64528 kB
Node 1 Active(anon):      22956 kB
Node 1 Inactive(anon):      404 kB
Node 1 Active(file):      25124 kB
Node 1 Inactive(file):    64124 kB
Node 1 Unevictable:       13720 kB
Node 1 Mlocked:           13720 kB
Node 1 Dirty:               256 kB
Node 1 Writeback:             0 kB
Node 1 FilePages:         93304 kB
Node 1 Mapped:            30520 kB
Node 1 AnonPages:         33140 kB
Node 1 Shmem:               660 kB
Node 1 KernelStack:        1464 kB
Node 1 PageTables:         1084 kB
Node 1 NFS_Unstable:          0 kB
Node 1 Bounce:                0 kB
Node 1 WritebackTmp:          0 kB
Node 1 KReclaimable:      21728 kB
Node 1 Slab:              54732 kB
Node 1 SReclaimable:      21728 kB
Node 1 SUnreclaim:        33004 kB
Node 1 AnonHugePages:         0 kB
Node 1 ShmemHugePages:        0 kB
Node 1 ShmemPmdMapped:        0 kB
Node 1 FileHugePages:        0 kB
Node 1 FilePmdMapped:        0 kB
Node 1 HugePages_Total:     0
Node 1 HugePages_Free:      0
Node 1 HugePages_Surp:      0

After Test
Node 0 MemTotal:       24743736 kB
Node 0 MemFree:        23367564 kB
Node 0 MemUsed:         1376172 kB
Node 0 Active:            60732 kB
Node 0 Inactive:          53420 kB
Node 0 Active(anon):      14552 kB
Node 0 Inactive(anon):      468 kB
Node 0 Active(file):      46180 kB
Node 0 Inactive(file):    52952 kB
Node 0 Unevictable:        4800 kB
Node 0 Mlocked:            4800 kB
Node 0 Dirty:                20 kB
Node 0 Writeback:             0 kB
Node 0 FilePages:        104544 kB
Node 0 Mapped:            45432 kB
Node 0 AnonPages:         14412 kB
Node 0 Shmem:               608 kB
Node 0 KernelStack:        3304 kB
Node 0 PageTables:          392 kB
Node 0 NFS_Unstable:          0 kB
Node 0 Bounce:                0 kB
Node 0 WritebackTmp:          0 kB
Node 0 KReclaimable:      21156 kB
Node 0 Slab:              66408 kB
Node 0 SReclaimable:      21156 kB
Node 0 SUnreclaim:        45252 kB
Node 0 AnonHugePages:         0 kB
Node 0 ShmemHugePages:        0 kB
Node 0 ShmemPmdMapped:        0 kB
Node 0 FileHugePages:        0 kB
Node 0 FilePmdMapped:        0 kB
Node 0 HugePages_Total:     0
Node 0 HugePages_Free:      0
Node 0 HugePages_Surp:      0

Node 1 MemTotal:       24686196 kB
Node 1 MemFree:        16138496 kB
Node 1 MemUsed:         8547700 kB
Node 1 Active:            44280 kB
Node 1 Inactive:          65740 kB
Node 1 Active(anon):      18400 kB
Node 1 Inactive(anon):      432 kB
Node 1 Active(file):      25880 kB
Node 1 Inactive(file):    65308 kB
Node 1 Unevictable:       13720 kB
Node 1 Mlocked:           13720 kB
Node 1 Dirty:                36 kB
Node 1 Writeback:             0 kB
Node 1 FilePages:         95296 kB
Node 1 Mapped:            30696 kB
Node 1 AnonPages:         28424 kB
Node 1 Shmem:               704 kB
Node 1 KernelStack:        1320 kB
Node 1 PageTables:          920 kB
Node 1 NFS_Unstable:          0 kB
Node 1 Bounce:                0 kB
Node 1 WritebackTmp:          0 kB
Node 1 KReclaimable:      23048 kB
Node 1 Slab:              87140 kB
Node 1 SReclaimable:      23048 kB
Node 1 SUnreclaim:        64092 kB
Node 1 AnonHugePages:         0 kB
Node 1 ShmemHugePages:        0 kB
Node 1 ShmemPmdMapped:        0 kB
Node 1 FileHugePages:        0 kB
Node 1 FilePmdMapped:        0 kB
Node 1 HugePages_Total:     0
Node 1 HugePages_Free:      0
Node 1 HugePages_Surp:      0

After Opposite Node
Node 0 MemTotal:       24743736 kB
Node 0 MemFree:        23362664 kB
Node 0 MemUsed:         1381072 kB
Node 0 Active:            60992 kB
Node 0 Inactive:          53460 kB
Node 0 Active(anon):      14764 kB
Node 0 Inactive(anon):      512 kB
Node 0 Active(file):      46228 kB
Node 0 Inactive(file):    52948 kB
Node 0 Unevictable:        4800 kB
Node 0 Mlocked:            4800 kB
Node 0 Dirty:                52 kB
Node 0 Writeback:             0 kB
Node 0 FilePages:        104624 kB
Node 0 Mapped:            45476 kB
Node 0 AnonPages:         14540 kB
Node 0 Shmem:               652 kB
Node 0 KernelStack:        3336 kB
Node 0 PageTables:          576 kB
Node 0 NFS_Unstable:          0 kB
Node 0 Bounce:                0 kB
Node 0 WritebackTmp:          0 kB
Node 0 KReclaimable:      21220 kB
Node 0 Slab:              67612 kB
Node 0 SReclaimable:      21220 kB
Node 0 SUnreclaim:        46392 kB
Node 0 AnonHugePages:         0 kB
Node 0 ShmemHugePages:        0 kB
Node 0 ShmemPmdMapped:        0 kB
Node 0 FileHugePages:        0 kB
Node 0 FilePmdMapped:        0 kB
Node 0 HugePages_Total:     0
Node 0 HugePages_Free:      0
Node 0 HugePages_Surp:      0

Node 1 MemTotal:       24686196 kB
Node 1 MemFree:        16142268 kB
Node 1 MemUsed:         8543928 kB
Node 1 Active:            44296 kB
Node 1 Inactive:          65544 kB
Node 1 Active(anon):      18212 kB
Node 1 Inactive(anon):      404 kB
Node 1 Active(file):      26084 kB
Node 1 Inactive(file):    65140 kB
Node 1 Unevictable:       13720 kB
Node 1 Mlocked:           13720 kB
Node 1 Dirty:                28 kB
Node 1 Writeback:             0 kB
Node 1 FilePages:         95284 kB
Node 1 Mapped:            30652 kB
Node 1 AnonPages:         28280 kB
Node 1 Shmem:               660 kB
Node 1 KernelStack:        1288 kB
Node 1 PageTables:          740 kB
Node 1 NFS_Unstable:          0 kB
Node 1 Bounce:                0 kB
Node 1 WritebackTmp:          0 kB
Node 1 KReclaimable:      23052 kB
Node 1 Slab:              87440 kB
Node 1 SReclaimable:      23052 kB
Node 1 SUnreclaim:        64388 kB
Node 1 AnonHugePages:         0 kB
Node 1 ShmemHugePages:        0 kB
Node 1 ShmemPmdMapped:        0 kB
Node 1 FileHugePages:        0 kB
Node 1 FilePmdMapped:        0 kB
Node 1 HugePages_Total:     0
Node 1 HugePages_Free:      0
Node 1 HugePages_Surp:      0

U.1.fio.8G.3.O Complete!
