U.1.fio.2-1G.3.O
Begin
Node 0 MemTotal:       24743736 kB
Node 0 MemFree:        24281332 kB
Node 0 MemUsed:          462404 kB
Node 0 Active:            63476 kB
Node 0 Inactive:         108276 kB
Node 0 Active(anon):      15344 kB
Node 0 Inactive(anon):      364 kB
Node 0 Active(file):      48132 kB
Node 0 Inactive(file):   107912 kB
Node 0 Unevictable:        4896 kB
Node 0 Mlocked:            4896 kB
Node 0 Dirty:               156 kB
Node 0 Writeback:             0 kB
Node 0 FilePages:        161540 kB
Node 0 Mapped:            70980 kB
Node 0 AnonPages:         15244 kB
Node 0 Shmem:               564 kB
Node 0 KernelStack:        2264 kB
Node 0 PageTables:          880 kB
Node 0 NFS_Unstable:          0 kB
Node 0 Bounce:                0 kB
Node 0 WritebackTmp:          0 kB
Node 0 KReclaimable:      24820 kB
Node 0 Slab:              66624 kB
Node 0 SReclaimable:      24820 kB
Node 0 SUnreclaim:        41804 kB
Node 0 AnonHugePages:         0 kB
Node 0 ShmemHugePages:        0 kB
Node 0 ShmemPmdMapped:        0 kB
Node 0 FileHugePages:        0 kB
Node 0 FilePmdMapped:        0 kB
Node 0 HugePages_Total:     0
Node 0 HugePages_Free:      0
Node 0 HugePages_Surp:      0

Node 1 MemTotal:       24686196 kB
Node 1 MemFree:        24489244 kB
Node 1 MemUsed:          196952 kB
Node 1 Active:            34124 kB
Node 1 Inactive:          28724 kB
Node 1 Active(anon):      18236 kB
Node 1 Inactive(anon):      516 kB
Node 1 Active(file):      15888 kB
Node 1 Inactive(file):    28208 kB
Node 1 Unevictable:       13628 kB
Node 1 Mlocked:           13628 kB
Node 1 Dirty:               260 kB
Node 1 Writeback:             0 kB
Node 1 FilePages:         48100 kB
Node 1 Mapped:            16404 kB
Node 1 AnonPages:         28384 kB
Node 1 Shmem:               704 kB
Node 1 KernelStack:        1352 kB
Node 1 PageTables:          400 kB
Node 1 NFS_Unstable:          0 kB
Node 1 Bounce:                0 kB
Node 1 WritebackTmp:          0 kB
Node 1 KReclaimable:      16732 kB
Node 1 Slab:              39124 kB
Node 1 SReclaimable:      16732 kB
Node 1 SUnreclaim:        22392 kB
Node 1 AnonHugePages:         0 kB
Node 1 ShmemHugePages:        0 kB
Node 1 ShmemPmdMapped:        0 kB
Node 1 FileHugePages:        0 kB
Node 1 FilePmdMapped:        0 kB
Node 1 HugePages_Total:     0
Node 1 HugePages_Free:      0
Node 1 HugePages_Surp:      0

Load ZFS
Node 0 MemTotal:       24743736 kB
Node 0 MemFree:        24276040 kB
Node 0 MemUsed:          467696 kB
Node 0 Active:            72064 kB
Node 0 Inactive:         103776 kB
Node 0 Active(anon):      18036 kB
Node 0 Inactive(anon):      364 kB
Node 0 Active(file):      54028 kB
Node 0 Inactive(file):   103412 kB
Node 0 Unevictable:        4896 kB
Node 0 Mlocked:            4896 kB
Node 0 Dirty:               216 kB
Node 0 Writeback:             0 kB
Node 0 FilePages:        162896 kB
Node 0 Mapped:            70980 kB
Node 0 AnonPages:         17792 kB
Node 0 Shmem:               564 kB
Node 0 KernelStack:        2312 kB
Node 0 PageTables:         1128 kB
Node 0 NFS_Unstable:          0 kB
Node 0 Bounce:                0 kB
Node 0 WritebackTmp:          0 kB
Node 0 KReclaimable:      25220 kB
Node 0 Slab:              68188 kB
Node 0 SReclaimable:      25220 kB
Node 0 SUnreclaim:        42968 kB
Node 0 AnonHugePages:         0 kB
Node 0 ShmemHugePages:        0 kB
Node 0 ShmemPmdMapped:        0 kB
Node 0 FileHugePages:        0 kB
Node 0 FilePmdMapped:        0 kB
Node 0 HugePages_Total:     0
Node 0 HugePages_Free:      0
Node 0 HugePages_Surp:      0

Node 1 MemTotal:       24686196 kB
Node 1 MemFree:        24484980 kB
Node 1 MemUsed:          201216 kB
Node 1 Active:            35144 kB
Node 1 Inactive:          29176 kB
Node 1 Active(anon):      18544 kB
Node 1 Inactive(anon):      516 kB
Node 1 Active(file):      16600 kB
Node 1 Inactive(file):    28660 kB
Node 1 Unevictable:       13628 kB
Node 1 Mlocked:           13628 kB
Node 1 Dirty:               264 kB
Node 1 Writeback:             0 kB
Node 1 FilePages:         49264 kB
Node 1 Mapped:            16564 kB
Node 1 AnonPages:         28692 kB
Node 1 Shmem:               704 kB
Node 1 KernelStack:        1400 kB
Node 1 PageTables:          400 kB
Node 1 NFS_Unstable:          0 kB
Node 1 Bounce:                0 kB
Node 1 WritebackTmp:          0 kB
Node 1 KReclaimable:      17224 kB
Node 1 Slab:              41064 kB
Node 1 SReclaimable:      17224 kB
Node 1 SUnreclaim:        23840 kB
Node 1 AnonHugePages:         0 kB
Node 1 ShmemHugePages:        0 kB
Node 1 ShmemPmdMapped:        0 kB
Node 1 FileHugePages:        0 kB
Node 1 FilePmdMapped:        0 kB
Node 1 HugePages_Total:     0
Node 1 HugePages_Free:      0
Node 1 HugePages_Surp:      0

Import tank ZPool
Node 0 MemTotal:       24743736 kB
Node 0 MemFree:        24262280 kB
Node 0 MemUsed:          481456 kB
Node 0 Active:            69036 kB
Node 0 Inactive:         103736 kB
Node 0 Active(anon):      14964 kB
Node 0 Inactive(anon):      364 kB
Node 0 Active(file):      54072 kB
Node 0 Inactive(file):   103372 kB
Node 0 Unevictable:        4896 kB
Node 0 Mlocked:            4896 kB
Node 0 Dirty:               256 kB
Node 0 Writeback:             0 kB
Node 0 FilePages:        162896 kB
Node 0 Mapped:            71240 kB
Node 0 AnonPages:         14768 kB
Node 0 Shmem:               560 kB
Node 0 KernelStack:        2296 kB
Node 0 PageTables:          860 kB
Node 0 NFS_Unstable:          0 kB
Node 0 Bounce:                0 kB
Node 0 WritebackTmp:          0 kB
Node 0 KReclaimable:      25248 kB
Node 0 Slab:              69472 kB
Node 0 SReclaimable:      25248 kB
Node 0 SUnreclaim:        44224 kB
Node 0 AnonHugePages:         0 kB
Node 0 ShmemHugePages:        0 kB
Node 0 ShmemPmdMapped:        0 kB
Node 0 FileHugePages:        0 kB
Node 0 FilePmdMapped:        0 kB
Node 0 HugePages_Total:     0
Node 0 HugePages_Free:      0
Node 0 HugePages_Surp:      0

Node 1 MemTotal:       24686196 kB
Node 1 MemFree:        24475352 kB
Node 1 MemUsed:          210844 kB
Node 1 Active:            35280 kB
Node 1 Inactive:          30320 kB
Node 1 Active(anon):      18348 kB
Node 1 Inactive(anon):      520 kB
Node 1 Active(file):      16932 kB
Node 1 Inactive(file):    29800 kB
Node 1 Unevictable:       13628 kB
Node 1 Mlocked:           13628 kB
Node 1 Dirty:                24 kB
Node 1 Writeback:             0 kB
Node 1 FilePages:         50768 kB
Node 1 Mapped:            16628 kB
Node 1 AnonPages:         28268 kB
Node 1 Shmem:               708 kB
Node 1 KernelStack:        2440 kB
Node 1 PageTables:          504 kB
Node 1 NFS_Unstable:          0 kB
Node 1 Bounce:                0 kB
Node 1 WritebackTmp:          0 kB
Node 1 KReclaimable:      17332 kB
Node 1 Slab:              48164 kB
Node 1 SReclaimable:      17332 kB
Node 1 SUnreclaim:        30832 kB
Node 1 AnonHugePages:         0 kB
Node 1 ShmemHugePages:        0 kB
Node 1 ShmemPmdMapped:        0 kB
Node 1 FileHugePages:        0 kB
Node 1 FilePmdMapped:        0 kB
Node 1 HugePages_Total:     0
Node 1 HugePages_Free:      0
Node 1 HugePages_Surp:      0

After Test
Node 0 MemTotal:       24743736 kB
Node 0 MemFree:        24077948 kB
Node 0 MemUsed:          665788 kB
Node 0 Active:            68264 kB
Node 0 Inactive:         103696 kB
Node 0 Active(anon):      14152 kB
Node 0 Inactive(anon):      364 kB
Node 0 Active(file):      54112 kB
Node 0 Inactive(file):   103332 kB
Node 0 Unevictable:        4896 kB
Node 0 Mlocked:            4896 kB
Node 0 Dirty:               220 kB
Node 0 Writeback:             0 kB
Node 0 FilePages:        162896 kB
Node 0 Mapped:            70988 kB
Node 0 AnonPages:         13956 kB
Node 0 Shmem:               560 kB
Node 0 KernelStack:        2264 kB
Node 0 PageTables:          820 kB
Node 0 NFS_Unstable:          0 kB
Node 0 Bounce:                0 kB
Node 0 WritebackTmp:          0 kB
Node 0 KReclaimable:      25256 kB
Node 0 Slab:              70200 kB
Node 0 SReclaimable:      25256 kB
Node 0 SUnreclaim:        44944 kB
Node 0 AnonHugePages:         0 kB
Node 0 ShmemHugePages:        0 kB
Node 0 ShmemPmdMapped:        0 kB
Node 0 FileHugePages:        0 kB
Node 0 FilePmdMapped:        0 kB
Node 0 HugePages_Total:     0
Node 0 HugePages_Free:      0
Node 0 HugePages_Surp:      0

Node 1 MemTotal:       24686196 kB
Node 1 MemFree:        22777512 kB
Node 1 MemUsed:         1908684 kB
Node 1 Active:            37048 kB
Node 1 Inactive:          31308 kB
Node 1 Active(anon):      18724 kB
Node 1 Inactive(anon):      548 kB
Node 1 Active(file):      18324 kB
Node 1 Inactive(file):    30760 kB
Node 1 Unevictable:       13628 kB
Node 1 Mlocked:           13628 kB
Node 1 Dirty:                84 kB
Node 1 Writeback:             0 kB
Node 1 FilePages:         53136 kB
Node 1 Mapped:            16688 kB
Node 1 AnonPages:         28816 kB
Node 1 Shmem:               752 kB
Node 1 KernelStack:        2456 kB
Node 1 PageTables:          572 kB
Node 1 NFS_Unstable:          0 kB
Node 1 Bounce:                0 kB
Node 1 WritebackTmp:          0 kB
Node 1 KReclaimable:      18648 kB
Node 1 Slab:              58576 kB
Node 1 SReclaimable:      18648 kB
Node 1 SUnreclaim:        39928 kB
Node 1 AnonHugePages:         0 kB
Node 1 ShmemHugePages:        0 kB
Node 1 ShmemPmdMapped:        0 kB
Node 1 FileHugePages:        0 kB
Node 1 FilePmdMapped:        0 kB
Node 1 HugePages_Total:     0
Node 1 HugePages_Free:      0
Node 1 HugePages_Surp:      0

After Opposite Node
Node 0 MemTotal:       24743736 kB
Node 0 MemFree:        24074868 kB
Node 0 MemUsed:          668868 kB
Node 0 Active:            68408 kB
Node 0 Inactive:         103724 kB
Node 0 Active(anon):      14292 kB
Node 0 Inactive(anon):      384 kB
Node 0 Active(file):      54116 kB
Node 0 Inactive(file):   103340 kB
Node 0 Unevictable:        4896 kB
Node 0 Mlocked:            4896 kB
Node 0 Dirty:               168 kB
Node 0 Writeback:             0 kB
Node 0 FilePages:        162948 kB
Node 0 Mapped:            71032 kB
Node 0 AnonPages:         13996 kB
Node 0 Shmem:               600 kB
Node 0 KernelStack:        2280 kB
Node 0 PageTables:          936 kB
Node 0 NFS_Unstable:          0 kB
Node 0 Bounce:                0 kB
Node 0 WritebackTmp:          0 kB
Node 0 KReclaimable:      25296 kB
Node 0 Slab:              70836 kB
Node 0 SReclaimable:      25296 kB
Node 0 SUnreclaim:        45540 kB
Node 0 AnonHugePages:         0 kB
Node 0 ShmemHugePages:        0 kB
Node 0 ShmemPmdMapped:        0 kB
Node 0 FileHugePages:        0 kB
Node 0 FilePmdMapped:        0 kB
Node 0 HugePages_Total:     0
Node 0 HugePages_Free:      0
Node 0 HugePages_Surp:      0

Node 1 MemTotal:       24686196 kB
Node 1 MemFree:        22779092 kB
Node 1 MemUsed:         1907104 kB
Node 1 Active:            37104 kB
Node 1 Inactive:          31096 kB
Node 1 Active(anon):      18572 kB
Node 1 Inactive(anon):      524 kB
Node 1 Active(file):      18532 kB
Node 1 Inactive(file):    30572 kB
Node 1 Unevictable:       13628 kB
Node 1 Mlocked:           13628 kB
Node 1 Dirty:                84 kB
Node 1 Writeback:             0 kB
Node 1 FilePages:         53124 kB
Node 1 Mapped:            16632 kB
Node 1 AnonPages:         28712 kB
Node 1 Shmem:               712 kB
Node 1 KernelStack:        2392 kB
Node 1 PageTables:          400 kB
Node 1 NFS_Unstable:          0 kB
Node 1 Bounce:                0 kB
Node 1 WritebackTmp:          0 kB
Node 1 KReclaimable:      18656 kB
Node 1 Slab:              58632 kB
Node 1 SReclaimable:      18656 kB
Node 1 SUnreclaim:        39976 kB
Node 1 AnonHugePages:         0 kB
Node 1 ShmemHugePages:        0 kB
Node 1 ShmemPmdMapped:        0 kB
Node 1 FileHugePages:        0 kB
Node 1 FilePmdMapped:        0 kB
Node 1 HugePages_Total:     0
Node 1 HugePages_Free:      0
Node 1 HugePages_Surp:      0

U.1.fio.2-1G.3.O Complete!
