U.1.fio.1-128K.1.O
Begin
Node 0 MemTotal:       24743736 kB
Node 0 MemFree:        24390860 kB
Node 0 MemUsed:          352876 kB
Node 0 Active:            46224 kB
Node 0 Inactive:          22564 kB
Node 0 Active(anon):      25804 kB
Node 0 Inactive(anon):      328 kB
Node 0 Active(file):      20420 kB
Node 0 Inactive(file):    22236 kB
Node 0 Unevictable:        5260 kB
Node 0 Mlocked:            5260 kB
Node 0 Dirty:                28 kB
Node 0 Writeback:             0 kB
Node 0 FilePages:         48464 kB
Node 0 Mapped:            19928 kB
Node 0 AnonPages:         25608 kB
Node 0 Shmem:               540 kB
Node 0 KernelStack:        2168 kB
Node 0 PageTables:          568 kB
Node 0 NFS_Unstable:          0 kB
Node 0 Bounce:                0 kB
Node 0 WritebackTmp:          0 kB
Node 0 KReclaimable:      23032 kB
Node 0 Slab:              60004 kB
Node 0 SReclaimable:      23032 kB
Node 0 SUnreclaim:        36972 kB
Node 0 AnonHugePages:         0 kB
Node 0 ShmemHugePages:        0 kB
Node 0 ShmemPmdMapped:        0 kB
Node 0 FileHugePages:        0 kB
Node 0 FilePmdMapped:        0 kB
Node 0 HugePages_Total:     0
Node 0 HugePages_Free:      0
Node 0 HugePages_Surp:      0

Node 1 MemTotal:       24686196 kB
Node 1 MemFree:        24362316 kB
Node 1 MemUsed:          323880 kB
Node 1 Active:            51848 kB
Node 1 Inactive:         128236 kB
Node 1 Active(anon):       8088 kB
Node 1 Inactive(anon):      516 kB
Node 1 Active(file):      43760 kB
Node 1 Inactive(file):   127720 kB
Node 1 Unevictable:       13260 kB
Node 1 Mlocked:           13260 kB
Node 1 Dirty:               404 kB
Node 1 Writeback:             0 kB
Node 1 FilePages:        175156 kB
Node 1 Mapped:            70992 kB
Node 1 AnonPages:         18204 kB
Node 1 Shmem:               728 kB
Node 1 KernelStack:        1432 kB
Node 1 PageTables:          640 kB
Node 1 NFS_Unstable:          0 kB
Node 1 Bounce:                0 kB
Node 1 WritebackTmp:          0 kB
Node 1 KReclaimable:      18996 kB
Node 1 Slab:              47212 kB
Node 1 SReclaimable:      18996 kB
Node 1 SUnreclaim:        28216 kB
Node 1 AnonHugePages:         0 kB
Node 1 ShmemHugePages:        0 kB
Node 1 ShmemPmdMapped:        0 kB
Node 1 FileHugePages:        0 kB
Node 1 FilePmdMapped:        0 kB
Node 1 HugePages_Total:     0
Node 1 HugePages_Free:      0
Node 1 HugePages_Surp:      0

Load ZFS
Node 0 MemTotal:       24743736 kB
Node 0 MemFree:        24388564 kB
Node 0 MemUsed:          355172 kB
Node 0 Active:            52908 kB
Node 0 Inactive:          18080 kB
Node 0 Active(anon):      26608 kB
Node 0 Inactive(anon):      328 kB
Node 0 Active(file):      26300 kB
Node 0 Inactive(file):    17752 kB
Node 0 Unevictable:        5260 kB
Node 0 Mlocked:            5260 kB
Node 0 Dirty:                28 kB
Node 0 Writeback:             0 kB
Node 0 FilePages:         49848 kB
Node 0 Mapped:            20160 kB
Node 0 AnonPages:         26264 kB
Node 0 Shmem:               540 kB
Node 0 KernelStack:        2136 kB
Node 0 PageTables:          620 kB
Node 0 NFS_Unstable:          0 kB
Node 0 Bounce:                0 kB
Node 0 WritebackTmp:          0 kB
Node 0 KReclaimable:      23500 kB
Node 0 Slab:              61328 kB
Node 0 SReclaimable:      23500 kB
Node 0 SUnreclaim:        37828 kB
Node 0 AnonHugePages:         0 kB
Node 0 ShmemHugePages:        0 kB
Node 0 ShmemPmdMapped:        0 kB
Node 0 FileHugePages:        0 kB
Node 0 FilePmdMapped:        0 kB
Node 0 HugePages_Total:     0
Node 0 HugePages_Free:      0
Node 0 HugePages_Surp:      0

Node 1 MemTotal:       24686196 kB
Node 1 MemFree:        24351244 kB
Node 1 MemUsed:          334952 kB
Node 1 Active:            60312 kB
Node 1 Inactive:         128668 kB
Node 1 Active(anon):      15832 kB
Node 1 Inactive(anon):      520 kB
Node 1 Active(file):      44480 kB
Node 1 Inactive(file):   128148 kB
Node 1 Unevictable:       13260 kB
Node 1 Mlocked:           13260 kB
Node 1 Dirty:               464 kB
Node 1 Writeback:             0 kB
Node 1 FilePages:        176292 kB
Node 1 Mapped:            70992 kB
Node 1 AnonPages:         26088 kB
Node 1 Shmem:               728 kB
Node 1 KernelStack:        1672 kB
Node 1 PageTables:         1088 kB
Node 1 NFS_Unstable:          0 kB
Node 1 Bounce:                0 kB
Node 1 WritebackTmp:          0 kB
Node 1 KReclaimable:      19440 kB
Node 1 Slab:              49316 kB
Node 1 SReclaimable:      19440 kB
Node 1 SUnreclaim:        29876 kB
Node 1 AnonHugePages:         0 kB
Node 1 ShmemHugePages:        0 kB
Node 1 ShmemPmdMapped:        0 kB
Node 1 FileHugePages:        0 kB
Node 1 FilePmdMapped:        0 kB
Node 1 HugePages_Total:     0
Node 1 HugePages_Free:      0
Node 1 HugePages_Surp:      0

Import tank ZPool
Node 0 MemTotal:       24743736 kB
Node 0 MemFree:        24366952 kB
Node 0 MemUsed:          376784 kB
Node 0 Active:            53460 kB
Node 0 Inactive:          19228 kB
Node 0 Active(anon):      26748 kB
Node 0 Inactive(anon):      332 kB
Node 0 Active(file):      26712 kB
Node 0 Inactive(file):    18896 kB
Node 0 Unevictable:        5260 kB
Node 0 Mlocked:            5260 kB
Node 0 Dirty:                56 kB
Node 0 Writeback:             0 kB
Node 0 FilePages:         51408 kB
Node 0 Mapped:            20152 kB
Node 0 AnonPages:         26584 kB
Node 0 Shmem:               540 kB
Node 0 KernelStack:        3272 kB
Node 0 PageTables:          648 kB
Node 0 NFS_Unstable:          0 kB
Node 0 Bounce:                0 kB
Node 0 WritebackTmp:          0 kB
Node 0 KReclaimable:      23632 kB
Node 0 Slab:              68488 kB
Node 0 SReclaimable:      23632 kB
Node 0 SUnreclaim:        44856 kB
Node 0 AnonHugePages:         0 kB
Node 0 ShmemHugePages:        0 kB
Node 0 ShmemPmdMapped:        0 kB
Node 0 FileHugePages:        0 kB
Node 0 FilePmdMapped:        0 kB
Node 0 HugePages_Total:     0
Node 0 HugePages_Free:      0
Node 0 HugePages_Surp:      0

Node 1 MemTotal:       24686196 kB
Node 1 MemFree:        24352076 kB
Node 1 MemUsed:          334120 kB
Node 1 Active:            60428 kB
Node 1 Inactive:         128672 kB
Node 1 Active(anon):      15912 kB
Node 1 Inactive(anon):      520 kB
Node 1 Active(file):      44516 kB
Node 1 Inactive(file):   128152 kB
Node 1 Unevictable:       13260 kB
Node 1 Mlocked:           13260 kB
Node 1 Dirty:                36 kB
Node 1 Writeback:             0 kB
Node 1 FilePages:        176332 kB
Node 1 Mapped:            71012 kB
Node 1 AnonPages:         26116 kB
Node 1 Shmem:               728 kB
Node 1 KernelStack:        1672 kB
Node 1 PageTables:         1088 kB
Node 1 NFS_Unstable:          0 kB
Node 1 Bounce:                0 kB
Node 1 WritebackTmp:          0 kB
Node 1 KReclaimable:      19440 kB
Node 1 Slab:              49508 kB
Node 1 SReclaimable:      19440 kB
Node 1 SUnreclaim:        30068 kB
Node 1 AnonHugePages:         0 kB
Node 1 ShmemHugePages:        0 kB
Node 1 ShmemPmdMapped:        0 kB
Node 1 FileHugePages:        0 kB
Node 1 FilePmdMapped:        0 kB
Node 1 HugePages_Total:     0
Node 1 HugePages_Free:      0
Node 1 HugePages_Surp:      0

After Test
Node 0 MemTotal:       24743736 kB
Node 0 MemFree:        24365744 kB
Node 0 MemUsed:          377992 kB
Node 0 Active:            53604 kB
Node 0 Inactive:          18972 kB
Node 0 Active(anon):      26600 kB
Node 0 Inactive(anon):      332 kB
Node 0 Active(file):      27004 kB
Node 0 Inactive(file):    18640 kB
Node 0 Unevictable:        5260 kB
Node 0 Mlocked:            5260 kB
Node 0 Dirty:                56 kB
Node 0 Writeback:             0 kB
Node 0 FilePages:         51440 kB
Node 0 Mapped:            20028 kB
Node 0 AnonPages:         26448 kB
Node 0 Shmem:               540 kB
Node 0 KernelStack:        3208 kB
Node 0 PageTables:          552 kB
Node 0 NFS_Unstable:          0 kB
Node 0 Bounce:                0 kB
Node 0 WritebackTmp:          0 kB
Node 0 KReclaimable:      23632 kB
Node 0 Slab:              68564 kB
Node 0 SReclaimable:      23632 kB
Node 0 SUnreclaim:        44932 kB
Node 0 AnonHugePages:         0 kB
Node 0 ShmemHugePages:        0 kB
Node 0 ShmemPmdMapped:        0 kB
Node 0 FileHugePages:        0 kB
Node 0 FilePmdMapped:        0 kB
Node 0 HugePages_Total:     0
Node 0 HugePages_Free:      0
Node 0 HugePages_Surp:      0

Node 1 MemTotal:       24686196 kB
Node 1 MemFree:        24346012 kB
Node 1 MemUsed:          340184 kB
Node 1 Active:            61420 kB
Node 1 Inactive:         129804 kB
Node 1 Active(anon):      16232 kB
Node 1 Inactive(anon):      520 kB
Node 1 Active(file):      45188 kB
Node 1 Inactive(file):   129284 kB
Node 1 Unevictable:       13260 kB
Node 1 Mlocked:           13260 kB
Node 1 Dirty:                44 kB
Node 1 Writeback:             0 kB
Node 1 FilePages:        178428 kB
Node 1 Mapped:            70992 kB
Node 1 AnonPages:         26236 kB
Node 1 Shmem:               728 kB
Node 1 KernelStack:        1732 kB
Node 1 PageTables:         1060 kB
Node 1 NFS_Unstable:          0 kB
Node 1 Bounce:                0 kB
Node 1 WritebackTmp:          0 kB
Node 1 KReclaimable:      20688 kB
Node 1 Slab:              51060 kB
Node 1 SReclaimable:      20688 kB
Node 1 SUnreclaim:        30372 kB
Node 1 AnonHugePages:         0 kB
Node 1 ShmemHugePages:        0 kB
Node 1 ShmemPmdMapped:        0 kB
Node 1 FileHugePages:        0 kB
Node 1 FilePmdMapped:        0 kB
Node 1 HugePages_Total:     0
Node 1 HugePages_Free:      0
Node 1 HugePages_Surp:      0

After Opposite Node
Node 0 MemTotal:       24743736 kB
Node 0 MemFree:        24364372 kB
Node 0 MemUsed:          379364 kB
Node 0 Active:            53892 kB
Node 0 Inactive:          18996 kB
Node 0 Active(anon):      26732 kB
Node 0 Inactive(anon):      360 kB
Node 0 Active(file):      27160 kB
Node 0 Inactive(file):    18636 kB
Node 0 Unevictable:        5260 kB
Node 0 Mlocked:            5260 kB
Node 0 Dirty:                76 kB
Node 0 Writeback:             0 kB
Node 0 FilePages:         51636 kB
Node 0 Mapped:            20048 kB
Node 0 AnonPages:         26408 kB
Node 0 Shmem:               584 kB
Node 0 KernelStack:        3256 kB
Node 0 PageTables:          704 kB
Node 0 NFS_Unstable:          0 kB
Node 0 Bounce:                0 kB
Node 0 WritebackTmp:          0 kB
Node 0 KReclaimable:      23676 kB
Node 0 Slab:              68748 kB
Node 0 SReclaimable:      23676 kB
Node 0 SUnreclaim:        45072 kB
Node 0 AnonHugePages:         0 kB
Node 0 ShmemHugePages:        0 kB
Node 0 ShmemPmdMapped:        0 kB
Node 0 FileHugePages:        0 kB
Node 0 FilePmdMapped:        0 kB
Node 0 HugePages_Total:     0
Node 0 HugePages_Free:      0
Node 0 HugePages_Surp:      0

Node 1 MemTotal:       24686196 kB
Node 1 MemFree:        24346140 kB
Node 1 MemUsed:          340056 kB
Node 1 Active:            61632 kB
Node 1 Inactive:         129632 kB
Node 1 Active(anon):      16000 kB
Node 1 Inactive(anon):      520 kB
Node 1 Active(file):      45632 kB
Node 1 Inactive(file):   129112 kB
Node 1 Unevictable:       13260 kB
Node 1 Mlocked:           13260 kB
Node 1 Dirty:                52 kB
Node 1 Writeback:             0 kB
Node 1 FilePages:        178408 kB
Node 1 Mapped:            71196 kB
Node 1 AnonPages:         26116 kB
Node 1 Shmem:               728 kB
Node 1 KernelStack:        1688 kB
Node 1 PageTables:         1088 kB
Node 1 NFS_Unstable:          0 kB
Node 1 Bounce:                0 kB
Node 1 WritebackTmp:          0 kB
Node 1 KReclaimable:      20760 kB
Node 1 Slab:              51316 kB
Node 1 SReclaimable:      20760 kB
Node 1 SUnreclaim:        30556 kB
Node 1 AnonHugePages:         0 kB
Node 1 ShmemHugePages:        0 kB
Node 1 ShmemPmdMapped:        0 kB
Node 1 FileHugePages:        0 kB
Node 1 FilePmdMapped:        0 kB
Node 1 HugePages_Total:     0
Node 1 HugePages_Free:      0
Node 1 HugePages_Surp:      0

U.1.fio.1-128K.1.O Complete!
