U.1.fio.2-1G.2.O
Begin
Node 0 MemTotal:       24768352 kB
Node 0 MemFree:        24530516 kB
Node 0 MemUsed:          237836 kB
Node 0 Active:            35152 kB
Node 0 Inactive:          65712 kB
Node 0 Active(anon):       9680 kB
Node 0 Inactive(anon):      564 kB
Node 0 Active(file):      25472 kB
Node 0 Inactive(file):    65148 kB
Node 0 Unevictable:        5320 kB
Node 0 Mlocked:            5320 kB
Node 0 Dirty:               304 kB
Node 0 Writeback:             0 kB
Node 0 FilePages:         96716 kB
Node 0 Mapped:            54044 kB
Node 0 AnonPages:          9484 kB
Node 0 Shmem:               760 kB
Node 0 KernelStack:        2136 kB
Node 0 PageTables:          468 kB
Node 0 NFS_Unstable:          0 kB
Node 0 Bounce:                0 kB
Node 0 WritebackTmp:          0 kB
Node 0 KReclaimable:      21180 kB
Node 0 Slab:              52900 kB
Node 0 SReclaimable:      21180 kB
Node 0 SUnreclaim:        31720 kB
Node 0 AnonHugePages:         0 kB
Node 0 ShmemHugePages:        0 kB
Node 0 ShmemPmdMapped:        0 kB
Node 0 FileHugePages:        0 kB
Node 0 FilePmdMapped:        0 kB
Node 0 HugePages_Total:     0
Node 0 HugePages_Free:      0
Node 0 HugePages_Surp:      0

Node 1 MemTotal:       24661580 kB
Node 1 MemFree:        24258680 kB
Node 1 MemUsed:          402900 kB
Node 1 Active:            60992 kB
Node 1 Inactive:          55080 kB
Node 1 Active(anon):      23980 kB
Node 1 Inactive(anon):      316 kB
Node 1 Active(file):      37012 kB
Node 1 Inactive(file):    54764 kB
Node 1 Unevictable:       13200 kB
Node 1 Mlocked:           13200 kB
Node 1 Dirty:               112 kB
Node 1 Writeback:             0 kB
Node 1 FilePages:         95164 kB
Node 1 Mapped:            21104 kB
Node 1 AnonPages:         34124 kB
Node 1 Shmem:               508 kB
Node 1 KernelStack:        1416 kB
Node 1 PageTables:          680 kB
Node 1 NFS_Unstable:          0 kB
Node 1 Bounce:                0 kB
Node 1 WritebackTmp:          0 kB
Node 1 KReclaimable:      21348 kB
Node 1 Slab:              53248 kB
Node 1 SReclaimable:      21348 kB
Node 1 SUnreclaim:        31900 kB
Node 1 AnonHugePages:         0 kB
Node 1 ShmemHugePages:        0 kB
Node 1 ShmemPmdMapped:        0 kB
Node 1 FileHugePages:        0 kB
Node 1 FilePmdMapped:        0 kB
Node 1 HugePages_Total:     0
Node 1 HugePages_Free:      0
Node 1 HugePages_Surp:      0

Load ZFS
Node 0 MemTotal:       24768352 kB
Node 0 MemFree:        24522068 kB
Node 0 MemUsed:          246284 kB
Node 0 Active:            40668 kB
Node 0 Inactive:          66412 kB
Node 0 Active(anon):      14460 kB
Node 0 Inactive(anon):      564 kB
Node 0 Active(file):      26208 kB
Node 0 Inactive(file):    65848 kB
Node 0 Unevictable:        5320 kB
Node 0 Mlocked:            5320 kB
Node 0 Dirty:               148 kB
Node 0 Writeback:             0 kB
Node 0 FilePages:         98136 kB
Node 0 Mapped:            54152 kB
Node 0 AnonPages:         14320 kB
Node 0 Shmem:               760 kB
Node 0 KernelStack:        2184 kB
Node 0 PageTables:          964 kB
Node 0 NFS_Unstable:          0 kB
Node 0 Bounce:                0 kB
Node 0 WritebackTmp:          0 kB
Node 0 KReclaimable:      21656 kB
Node 0 Slab:              54980 kB
Node 0 SReclaimable:      21656 kB
Node 0 SUnreclaim:        33324 kB
Node 0 AnonHugePages:         0 kB
Node 0 ShmemHugePages:        0 kB
Node 0 ShmemPmdMapped:        0 kB
Node 0 FileHugePages:        0 kB
Node 0 FilePmdMapped:        0 kB
Node 0 HugePages_Total:     0
Node 0 HugePages_Free:      0
Node 0 HugePages_Surp:      0

Node 1 MemTotal:       24661580 kB
Node 1 MemFree:        24254872 kB
Node 1 MemUsed:          406708 kB
Node 1 Active:            68400 kB
Node 1 Inactive:          50320 kB
Node 1 Active(anon):      25496 kB
Node 1 Inactive(anon):      316 kB
Node 1 Active(file):      42904 kB
Node 1 Inactive(file):    50004 kB
Node 1 Unevictable:       13200 kB
Node 1 Mlocked:           13200 kB
Node 1 Dirty:               128 kB
Node 1 Writeback:             0 kB
Node 1 FilePages:         96292 kB
Node 1 Mapped:            21100 kB
Node 1 AnonPages:         35552 kB
Node 1 Shmem:               508 kB
Node 1 KernelStack:        1560 kB
Node 1 PageTables:          752 kB
Node 1 NFS_Unstable:          0 kB
Node 1 Bounce:                0 kB
Node 1 WritebackTmp:          0 kB
Node 1 KReclaimable:      21816 kB
Node 1 Slab:              55152 kB
Node 1 SReclaimable:      21816 kB
Node 1 SUnreclaim:        33336 kB
Node 1 AnonHugePages:         0 kB
Node 1 ShmemHugePages:        0 kB
Node 1 ShmemPmdMapped:        0 kB
Node 1 FileHugePages:        0 kB
Node 1 FilePmdMapped:        0 kB
Node 1 HugePages_Total:     0
Node 1 HugePages_Free:      0
Node 1 HugePages_Surp:      0

Import tank ZPool
Node 0 MemTotal:       24768352 kB
Node 0 MemFree:        24518008 kB
Node 0 MemUsed:          250344 kB
Node 0 Active:            40664 kB
Node 0 Inactive:          66412 kB
Node 0 Active(anon):      14456 kB
Node 0 Inactive(anon):      564 kB
Node 0 Active(file):      26208 kB
Node 0 Inactive(file):    65848 kB
Node 0 Unevictable:        5320 kB
Node 0 Mlocked:            5320 kB
Node 0 Dirty:               180 kB
Node 0 Writeback:             0 kB
Node 0 FilePages:         98148 kB
Node 0 Mapped:            54284 kB
Node 0 AnonPages:         14352 kB
Node 0 Shmem:               756 kB
Node 0 KernelStack:        2184 kB
Node 0 PageTables:          964 kB
Node 0 NFS_Unstable:          0 kB
Node 0 Bounce:                0 kB
Node 0 WritebackTmp:          0 kB
Node 0 KReclaimable:      21656 kB
Node 0 Slab:              55808 kB
Node 0 SReclaimable:      21656 kB
Node 0 SUnreclaim:        34152 kB
Node 0 AnonHugePages:         0 kB
Node 0 ShmemHugePages:        0 kB
Node 0 ShmemPmdMapped:        0 kB
Node 0 FileHugePages:        0 kB
Node 0 FilePmdMapped:        0 kB
Node 0 HugePages_Total:     0
Node 0 HugePages_Free:      0
Node 0 HugePages_Surp:      0

Node 1 MemTotal:       24661580 kB
Node 1 MemFree:        24236872 kB
Node 1 MemUsed:          424708 kB
Node 1 Active:            69808 kB
Node 1 Inactive:          51372 kB
Node 1 Active(anon):      26196 kB
Node 1 Inactive(anon):      320 kB
Node 1 Active(file):      43612 kB
Node 1 Inactive(file):    51052 kB
Node 1 Unevictable:       13200 kB
Node 1 Mlocked:           13200 kB
Node 1 Dirty:               132 kB
Node 1 Writeback:             0 kB
Node 1 FilePages:         97816 kB
Node 1 Mapped:            21312 kB
Node 1 AnonPages:         35800 kB
Node 1 Shmem:               512 kB
Node 1 KernelStack:        2712 kB
Node 1 PageTables:          804 kB
Node 1 NFS_Unstable:          0 kB
Node 1 Bounce:                0 kB
Node 1 WritebackTmp:          0 kB
Node 1 KReclaimable:      21944 kB
Node 1 Slab:              61740 kB
Node 1 SReclaimable:      21944 kB
Node 1 SUnreclaim:        39796 kB
Node 1 AnonHugePages:         0 kB
Node 1 ShmemHugePages:        0 kB
Node 1 ShmemPmdMapped:        0 kB
Node 1 FileHugePages:        0 kB
Node 1 FilePmdMapped:        0 kB
Node 1 HugePages_Total:     0
Node 1 HugePages_Free:      0
Node 1 HugePages_Surp:      0

After Test
Node 0 MemTotal:       24768352 kB
Node 0 MemFree:        24149208 kB
Node 0 MemUsed:          619144 kB
Node 0 Active:            35336 kB
Node 0 Inactive:          66412 kB
Node 0 Active(anon):       9084 kB
Node 0 Inactive(anon):      564 kB
Node 0 Active(file):      26252 kB
Node 0 Inactive(file):    65848 kB
Node 0 Unevictable:        5320 kB
Node 0 Mlocked:            5320 kB
Node 0 Dirty:                80 kB
Node 0 Writeback:             0 kB
Node 0 FilePages:         98172 kB
Node 0 Mapped:            53984 kB
Node 0 AnonPages:          8892 kB
Node 0 Shmem:               756 kB
Node 0 KernelStack:        1992 kB
Node 0 PageTables:          444 kB
Node 0 NFS_Unstable:          0 kB
Node 0 Bounce:                0 kB
Node 0 WritebackTmp:          0 kB
Node 0 KReclaimable:      21672 kB
Node 0 Slab:              58012 kB
Node 0 SReclaimable:      21672 kB
Node 0 SUnreclaim:        36340 kB
Node 0 AnonHugePages:         0 kB
Node 0 ShmemHugePages:        0 kB
Node 0 ShmemPmdMapped:        0 kB
Node 0 FileHugePages:        0 kB
Node 0 FilePmdMapped:        0 kB
Node 0 HugePages_Total:     0
Node 0 HugePages_Free:      0
Node 0 HugePages_Surp:      0

Node 1 MemTotal:       24661580 kB
Node 1 MemFree:        22734092 kB
Node 1 MemUsed:         1927488 kB
Node 1 Active:            68428 kB
Node 1 Inactive:          52332 kB
Node 1 Active(anon):      23880 kB
Node 1 Inactive(anon):      348 kB
Node 1 Active(file):      44548 kB
Node 1 Inactive(file):    51984 kB
Node 1 Unevictable:       13200 kB
Node 1 Mlocked:           13200 kB
Node 1 Dirty:                 8 kB
Node 1 Writeback:             0 kB
Node 1 FilePages:         99964 kB
Node 1 Mapped:            21352 kB
Node 1 AnonPages:         33968 kB
Node 1 Shmem:               556 kB
Node 1 KernelStack:        2728 kB
Node 1 PageTables:          896 kB
Node 1 NFS_Unstable:          0 kB
Node 1 Bounce:                0 kB
Node 1 WritebackTmp:          0 kB
Node 1 KReclaimable:      23244 kB
Node 1 Slab:              70956 kB
Node 1 SReclaimable:      23244 kB
Node 1 SUnreclaim:        47712 kB
Node 1 AnonHugePages:         0 kB
Node 1 ShmemHugePages:        0 kB
Node 1 ShmemPmdMapped:        0 kB
Node 1 FileHugePages:        0 kB
Node 1 FilePmdMapped:        0 kB
Node 1 HugePages_Total:     0
Node 1 HugePages_Free:      0
Node 1 HugePages_Surp:      0

After Opposite Node
Node 0 MemTotal:       24768352 kB
Node 0 MemFree:        24148592 kB
Node 0 MemUsed:          619760 kB
Node 0 Active:            35496 kB
Node 0 Inactive:          66448 kB
Node 0 Active(anon):       9240 kB
Node 0 Inactive(anon):      592 kB
Node 0 Active(file):      26256 kB
Node 0 Inactive(file):    65856 kB
Node 0 Unevictable:        5320 kB
Node 0 Mlocked:            5320 kB
Node 0 Dirty:               116 kB
Node 0 Writeback:             0 kB
Node 0 FilePages:         98236 kB
Node 0 Mapped:            54028 kB
Node 0 AnonPages:          8940 kB
Node 0 Shmem:               800 kB
Node 0 KernelStack:        1960 kB
Node 0 PageTables:          560 kB
Node 0 NFS_Unstable:          0 kB
Node 0 Bounce:                0 kB
Node 0 WritebackTmp:          0 kB
Node 0 KReclaimable:      21720 kB
Node 0 Slab:              58668 kB
Node 0 SReclaimable:      21720 kB
Node 0 SUnreclaim:        36948 kB
Node 0 AnonHugePages:         0 kB
Node 0 ShmemHugePages:        0 kB
Node 0 ShmemPmdMapped:        0 kB
Node 0 FileHugePages:        0 kB
Node 0 FilePmdMapped:        0 kB
Node 0 HugePages_Total:     0
Node 0 HugePages_Free:      0
Node 0 HugePages_Surp:      0

Node 1 MemTotal:       24661580 kB
Node 1 MemFree:        22734084 kB
Node 1 MemUsed:         1927496 kB
Node 1 Active:            68476 kB
Node 1 Inactive:          52100 kB
Node 1 Active(anon):      23704 kB
Node 1 Inactive(anon):      320 kB
Node 1 Active(file):      44772 kB
Node 1 Inactive(file):    51780 kB
Node 1 Unevictable:       13200 kB
Node 1 Mlocked:           13200 kB
Node 1 Dirty:                60 kB
Node 1 Writeback:             0 kB
Node 1 FilePages:         99940 kB
Node 1 Mapped:            21320 kB
Node 1 AnonPages:         33836 kB
Node 1 Shmem:               512 kB
Node 1 KernelStack:        2760 kB
Node 1 PageTables:          724 kB
Node 1 NFS_Unstable:          0 kB
Node 1 Bounce:                0 kB
Node 1 WritebackTmp:          0 kB
Node 1 KReclaimable:      23252 kB
Node 1 Slab:              70984 kB
Node 1 SReclaimable:      23252 kB
Node 1 SUnreclaim:        47732 kB
Node 1 AnonHugePages:         0 kB
Node 1 ShmemHugePages:        0 kB
Node 1 ShmemPmdMapped:        0 kB
Node 1 FileHugePages:        0 kB
Node 1 FilePmdMapped:        0 kB
Node 1 HugePages_Total:     0
Node 1 HugePages_Free:      0
Node 1 HugePages_Surp:      0

U.1.fio.2-1G.2.O Complete!
