U.1.fio.500M.1.O
Begin
Node 0 MemTotal:       24743744 kB
Node 0 MemFree:        24342284 kB
Node 0 MemUsed:          401460 kB
Node 0 Active:            59368 kB
Node 0 Inactive:          64784 kB
Node 0 Active(anon):      24080 kB
Node 0 Inactive(anon):      480 kB
Node 0 Active(file):      35288 kB
Node 0 Inactive(file):    64304 kB
Node 0 Unevictable:       12696 kB
Node 0 Mlocked:           12696 kB
Node 0 Dirty:               236 kB
Node 0 Writeback:             0 kB
Node 0 FilePages:        102640 kB
Node 0 Mapped:            26000 kB
Node 0 AnonPages:         34320 kB
Node 0 Shmem:               660 kB
Node 0 KernelStack:        2056 kB
Node 0 PageTables:          664 kB
Node 0 NFS_Unstable:          0 kB
Node 0 Bounce:                0 kB
Node 0 WritebackTmp:          0 kB
Node 0 KReclaimable:      25692 kB
Node 0 Slab:              55572 kB
Node 0 SReclaimable:      25692 kB
Node 0 SUnreclaim:        29880 kB
Node 0 AnonHugePages:         0 kB
Node 0 ShmemHugePages:        0 kB
Node 0 ShmemPmdMapped:        0 kB
Node 0 FileHugePages:        0 kB
Node 0 FilePmdMapped:        0 kB
Node 0 HugePages_Total:     0
Node 0 HugePages_Free:      0
Node 0 HugePages_Surp:      0

Node 1 MemTotal:       24686196 kB
Node 1 MemFree:        24473968 kB
Node 1 MemUsed:          212228 kB
Node 1 Active:            35052 kB
Node 1 Inactive:          29300 kB
Node 1 Active(anon):       9632 kB
Node 1 Inactive(anon):      408 kB
Node 1 Active(file):      25420 kB
Node 1 Inactive(file):    28892 kB
Node 1 Unevictable:        5828 kB
Node 1 Mlocked:            5828 kB
Node 1 Dirty:               292 kB
Node 1 Writeback:             0 kB
Node 1 FilePages:         60744 kB
Node 1 Mapped:            24912 kB
Node 1 AnonPages:          9448 kB
Node 1 Shmem:               608 kB
Node 1 KernelStack:        1544 kB
Node 1 PageTables:          404 kB
Node 1 NFS_Unstable:          0 kB
Node 1 Bounce:                0 kB
Node 1 WritebackTmp:          0 kB
Node 1 KReclaimable:      15856 kB
Node 1 Slab:              50560 kB
Node 1 SReclaimable:      15856 kB
Node 1 SUnreclaim:        34704 kB
Node 1 AnonHugePages:         0 kB
Node 1 ShmemHugePages:        0 kB
Node 1 ShmemPmdMapped:        0 kB
Node 1 FileHugePages:        0 kB
Node 1 FilePmdMapped:        0 kB
Node 1 HugePages_Total:     0
Node 1 HugePages_Free:      0
Node 1 HugePages_Surp:      0

Load ZFS
Node 0 MemTotal:       24743744 kB
Node 0 MemFree:        24329664 kB
Node 0 MemUsed:          414080 kB
Node 0 Active:            61752 kB
Node 0 Inactive:          65056 kB
Node 0 Active(anon):      25680 kB
Node 0 Inactive(anon):      480 kB
Node 0 Active(file):      36072 kB
Node 0 Inactive(file):    64576 kB
Node 0 Unevictable:       12696 kB
Node 0 Mlocked:           12696 kB
Node 0 Dirty:               260 kB
Node 0 Writeback:             0 kB
Node 0 FilePages:        103676 kB
Node 0 Mapped:            26068 kB
Node 0 AnonPages:         35752 kB
Node 0 Shmem:               660 kB
Node 0 KernelStack:        2280 kB
Node 0 PageTables:          828 kB
Node 0 NFS_Unstable:          0 kB
Node 0 Bounce:                0 kB
Node 0 WritebackTmp:          0 kB
Node 0 KReclaimable:      26164 kB
Node 0 Slab:              57544 kB
Node 0 SReclaimable:      26164 kB
Node 0 SUnreclaim:        31380 kB
Node 0 AnonHugePages:         0 kB
Node 0 ShmemHugePages:        0 kB
Node 0 ShmemPmdMapped:        0 kB
Node 0 FileHugePages:        0 kB
Node 0 FilePmdMapped:        0 kB
Node 0 HugePages_Total:     0
Node 0 HugePages_Free:      0
Node 0 HugePages_Surp:      0

Node 1 MemTotal:       24686196 kB
Node 1 MemFree:        24475508 kB
Node 1 MemUsed:          210688 kB
Node 1 Active:            43844 kB
Node 1 Inactive:          25136 kB
Node 1 Active(anon):      12776 kB
Node 1 Inactive(anon):      408 kB
Node 1 Active(file):      31068 kB
Node 1 Inactive(file):    24728 kB
Node 1 Unevictable:        5828 kB
Node 1 Mlocked:            5828 kB
Node 1 Dirty:               292 kB
Node 1 Writeback:             0 kB
Node 1 FilePages:         62228 kB
Node 1 Mapped:            25084 kB
Node 1 AnonPages:         12644 kB
Node 1 Shmem:               608 kB
Node 1 KernelStack:        1464 kB
Node 1 PageTables:          584 kB
Node 1 NFS_Unstable:          0 kB
Node 1 Bounce:                0 kB
Node 1 WritebackTmp:          0 kB
Node 1 KReclaimable:      16352 kB
Node 1 Slab:              52312 kB
Node 1 SReclaimable:      16352 kB
Node 1 SUnreclaim:        35960 kB
Node 1 AnonHugePages:         0 kB
Node 1 ShmemHugePages:        0 kB
Node 1 ShmemPmdMapped:        0 kB
Node 1 FileHugePages:        0 kB
Node 1 FilePmdMapped:        0 kB
Node 1 HugePages_Total:     0
Node 1 HugePages_Free:      0
Node 1 HugePages_Surp:      0

Import tank ZPool
Node 0 MemTotal:       24743744 kB
Node 0 MemFree:        24310164 kB
Node 0 MemUsed:          433580 kB
Node 0 Active:            62672 kB
Node 0 Inactive:          66248 kB
Node 0 Active(anon):      26228 kB
Node 0 Inactive(anon):      484 kB
Node 0 Active(file):      36444 kB
Node 0 Inactive(file):    65764 kB
Node 0 Unevictable:       12696 kB
Node 0 Mlocked:           12696 kB
Node 0 Dirty:               316 kB
Node 0 Writeback:             0 kB
Node 0 FilePages:        105244 kB
Node 0 Mapped:            26352 kB
Node 0 AnonPages:         35740 kB
Node 0 Shmem:               664 kB
Node 0 KernelStack:        3400 kB
Node 0 PageTables:          912 kB
Node 0 NFS_Unstable:          0 kB
Node 0 Bounce:                0 kB
Node 0 WritebackTmp:          0 kB
Node 0 KReclaimable:      26288 kB
Node 0 Slab:              64592 kB
Node 0 SReclaimable:      26288 kB
Node 0 SUnreclaim:        38304 kB
Node 0 AnonHugePages:         0 kB
Node 0 ShmemHugePages:        0 kB
Node 0 ShmemPmdMapped:        0 kB
Node 0 FileHugePages:        0 kB
Node 0 FilePmdMapped:        0 kB
Node 0 HugePages_Total:     0
Node 0 HugePages_Free:      0
Node 0 HugePages_Surp:      0

Node 1 MemTotal:       24686196 kB
Node 1 MemFree:        24476264 kB
Node 1 MemUsed:          209932 kB
Node 1 Active:            43992 kB
Node 1 Inactive:          25032 kB
Node 1 Active(anon):      12808 kB
Node 1 Inactive(anon):      408 kB
Node 1 Active(file):      31184 kB
Node 1 Inactive(file):    24624 kB
Node 1 Unevictable:        5828 kB
Node 1 Mlocked:            5828 kB
Node 1 Dirty:                52 kB
Node 1 Writeback:             0 kB
Node 1 FilePages:         62236 kB
Node 1 Mapped:            25180 kB
Node 1 AnonPages:         12668 kB
Node 1 Shmem:               604 kB
Node 1 KernelStack:        1464 kB
Node 1 PageTables:          584 kB
Node 1 NFS_Unstable:          0 kB
Node 1 Bounce:                0 kB
Node 1 WritebackTmp:          0 kB
Node 1 KReclaimable:      16352 kB
Node 1 Slab:              52320 kB
Node 1 SReclaimable:      16352 kB
Node 1 SUnreclaim:        35968 kB
Node 1 AnonHugePages:         0 kB
Node 1 ShmemHugePages:        0 kB
Node 1 ShmemPmdMapped:        0 kB
Node 1 FileHugePages:        0 kB
Node 1 FilePmdMapped:        0 kB
Node 1 HugePages_Total:     0
Node 1 HugePages_Free:      0
Node 1 HugePages_Surp:      0

After Test
Node 0 MemTotal:       24743744 kB
Node 0 MemFree:        24198576 kB
Node 0 MemUsed:          545168 kB
Node 0 Active:            59856 kB
Node 0 Inactive:          66016 kB
Node 0 Active(anon):      23016 kB
Node 0 Inactive(anon):      484 kB
Node 0 Active(file):      36840 kB
Node 0 Inactive(file):    65532 kB
Node 0 Unevictable:       12696 kB
Node 0 Mlocked:           12696 kB
Node 0 Dirty:               228 kB
Node 0 Writeback:             0 kB
Node 0 FilePages:        105412 kB
Node 0 Mapped:            26068 kB
Node 0 AnonPages:         33164 kB
Node 0 Shmem:               664 kB
Node 0 KernelStack:        3284 kB
Node 0 PageTables:          620 kB
Node 0 NFS_Unstable:          0 kB
Node 0 Bounce:                0 kB
Node 0 WritebackTmp:          0 kB
Node 0 KReclaimable:      26300 kB
Node 0 Slab:              64892 kB
Node 0 SReclaimable:      26300 kB
Node 0 SUnreclaim:        38592 kB
Node 0 AnonHugePages:         0 kB
Node 0 ShmemHugePages:        0 kB
Node 0 ShmemPmdMapped:        0 kB
Node 0 FileHugePages:        0 kB
Node 0 FilePmdMapped:        0 kB
Node 0 HugePages_Total:     0
Node 0 HugePages_Free:      0
Node 0 HugePages_Surp:      0

Node 1 MemTotal:       24686196 kB
Node 1 MemFree:        23524568 kB
Node 1 MemUsed:         1161628 kB
Node 1 Active:            41996 kB
Node 1 Inactive:          26208 kB
Node 1 Active(anon):      10024 kB
Node 1 Inactive(anon):      432 kB
Node 1 Active(file):      31972 kB
Node 1 Inactive(file):    25776 kB
Node 1 Unevictable:        5828 kB
Node 1 Mlocked:            5828 kB
Node 1 Dirty:                72 kB
Node 1 Writeback:             0 kB
Node 1 FilePages:         64220 kB
Node 1 Mapped:            25184 kB
Node 1 AnonPages:          9728 kB
Node 1 Shmem:               648 kB
Node 1 KernelStack:        1384 kB
Node 1 PageTables:          516 kB
Node 1 NFS_Unstable:          0 kB
Node 1 Bounce:                0 kB
Node 1 WritebackTmp:          0 kB
Node 1 KReclaimable:      17672 kB
Node 1 Slab:              59952 kB
Node 1 SReclaimable:      17672 kB
Node 1 SUnreclaim:        42280 kB
Node 1 AnonHugePages:         0 kB
Node 1 ShmemHugePages:        0 kB
Node 1 ShmemPmdMapped:        0 kB
Node 1 FileHugePages:        0 kB
Node 1 FilePmdMapped:        0 kB
Node 1 HugePages_Total:     0
Node 1 HugePages_Free:      0
Node 1 HugePages_Surp:      0

After Opposite Node
Node 0 MemTotal:       24743744 kB
Node 0 MemFree:        24197128 kB
Node 0 MemUsed:          546616 kB
Node 0 Active:            60040 kB
Node 0 Inactive:          66036 kB
Node 0 Active(anon):      23164 kB
Node 0 Inactive(anon):      508 kB
Node 0 Active(file):      36876 kB
Node 0 Inactive(file):    65528 kB
Node 0 Unevictable:       12696 kB
Node 0 Mlocked:           12696 kB
Node 0 Dirty:               248 kB
Node 0 Writeback:             0 kB
Node 0 FilePages:        105480 kB
Node 0 Mapped:            26112 kB
Node 0 AnonPages:         33224 kB
Node 0 Shmem:               708 kB
Node 0 KernelStack:        3336 kB
Node 0 PageTables:          736 kB
Node 0 NFS_Unstable:          0 kB
Node 0 Bounce:                0 kB
Node 0 WritebackTmp:          0 kB
Node 0 KReclaimable:      26348 kB
Node 0 Slab:              65260 kB
Node 0 SReclaimable:      26348 kB
Node 0 SUnreclaim:        38912 kB
Node 0 AnonHugePages:         0 kB
Node 0 ShmemHugePages:        0 kB
Node 0 ShmemPmdMapped:        0 kB
Node 0 FileHugePages:        0 kB
Node 0 FilePmdMapped:        0 kB
Node 0 HugePages_Total:     0
Node 0 HugePages_Free:      0
Node 0 HugePages_Surp:      0

Node 1 MemTotal:       24686196 kB
Node 1 MemFree:        23524608 kB
Node 1 MemUsed:         1161588 kB
Node 1 Active:            42008 kB
Node 1 Inactive:          26040 kB
Node 1 Active(anon):       9884 kB
Node 1 Inactive(anon):      408 kB
Node 1 Active(file):      32124 kB
Node 1 Inactive(file):    25632 kB
Node 1 Unevictable:        5828 kB
Node 1 Mlocked:            5828 kB
Node 1 Dirty:                80 kB
Node 1 Writeback:             0 kB
Node 1 FilePages:         64184 kB
Node 1 Mapped:            25132 kB
Node 1 AnonPages:          9688 kB
Node 1 Shmem:               604 kB
Node 1 KernelStack:        1368 kB
Node 1 PageTables:          404 kB
Node 1 NFS_Unstable:          0 kB
Node 1 Bounce:                0 kB
Node 1 WritebackTmp:          0 kB
Node 1 KReclaimable:      17672 kB
Node 1 Slab:              59960 kB
Node 1 SReclaimable:      17672 kB
Node 1 SUnreclaim:        42288 kB
Node 1 AnonHugePages:         0 kB
Node 1 ShmemHugePages:        0 kB
Node 1 ShmemPmdMapped:        0 kB
Node 1 FileHugePages:        0 kB
Node 1 FilePmdMapped:        0 kB
Node 1 HugePages_Total:     0
Node 1 HugePages_Free:      0
Node 1 HugePages_Surp:      0

U.1.fio.500M.1.O Complete!
