kernel.numa_balancing = 0
30 Tests Remaining!
U.1.fio.500M.2.O
Begin
Node 0 MemTotal:       24768352 kB
Node 0 MemFree:        24563572 kB
Node 0 MemUsed:          204780 kB
Node 0 Active:            34492 kB
Node 0 Inactive:          22476 kB
Node 0 Active(anon):      13724 kB
Node 0 Inactive(anon):      464 kB
Node 0 Active(file):      20768 kB
Node 0 Inactive(file):    22012 kB
Node 0 Unevictable:       18108 kB
Node 0 Mlocked:           18108 kB
Node 0 Dirty:               272 kB
Node 0 Writeback:             0 kB
Node 0 FilePages:         51276 kB
Node 0 Mapped:            17752 kB
Node 0 AnonPages:         23904 kB
Node 0 Shmem:               680 kB
Node 0 KernelStack:        1912 kB
Node 0 PageTables:          428 kB
Node 0 NFS_Unstable:          0 kB
Node 0 Bounce:                0 kB
Node 0 WritebackTmp:          0 kB
Node 0 KReclaimable:      17236 kB
Node 0 Slab:              49104 kB
Node 0 SReclaimable:      17236 kB
Node 0 SUnreclaim:        31868 kB
Node 0 AnonHugePages:         0 kB
Node 0 ShmemHugePages:        0 kB
Node 0 ShmemPmdMapped:        0 kB
Node 0 FileHugePages:        0 kB
Node 0 FilePmdMapped:        0 kB
Node 0 HugePages_Total:     0
Node 0 HugePages_Free:      0
Node 0 HugePages_Surp:      0

Node 1 MemTotal:       24661580 kB
Node 1 MemFree:        24202000 kB
Node 1 MemUsed:          459580 kB
Node 1 Active:            66176 kB
Node 1 Inactive:         111528 kB
Node 1 Active(anon):      21144 kB
Node 1 Inactive(anon):      416 kB
Node 1 Active(file):      45032 kB
Node 1 Inactive(file):   111112 kB
Node 1 Unevictable:         416 kB
Node 1 Mlocked:             416 kB
Node 1 Dirty:               160 kB
Node 1 Writeback:             0 kB
Node 1 FilePages:        157160 kB
Node 1 Mapped:            60212 kB
Node 1 AnonPages:         21052 kB
Node 1 Shmem:               588 kB
Node 1 KernelStack:        1912 kB
Node 1 PageTables:          984 kB
Node 1 NFS_Unstable:          0 kB
Node 1 Bounce:                0 kB
Node 1 WritebackTmp:          0 kB
Node 1 KReclaimable:      25948 kB
Node 1 Slab:              60964 kB
Node 1 SReclaimable:      25948 kB
Node 1 SUnreclaim:        35016 kB
Node 1 AnonHugePages:         0 kB
Node 1 ShmemHugePages:        0 kB
Node 1 ShmemPmdMapped:        0 kB
Node 1 FileHugePages:        0 kB
Node 1 FilePmdMapped:        0 kB
Node 1 HugePages_Total:     0
Node 1 HugePages_Free:      0
Node 1 HugePages_Surp:      0

Load ZFS
Node 0 MemTotal:       24768352 kB
Node 0 MemFree:        24553696 kB
Node 0 MemUsed:          214656 kB
Node 0 Active:            41588 kB
Node 0 Inactive:          21984 kB
Node 0 Active(anon):      19572 kB
Node 0 Inactive(anon):      464 kB
Node 0 Active(file):      22016 kB
Node 0 Inactive(file):    21520 kB
Node 0 Unevictable:       18108 kB
Node 0 Mlocked:           18108 kB
Node 0 Dirty:               272 kB
Node 0 Writeback:             0 kB
Node 0 FilePages:         51996 kB
Node 0 Mapped:            17668 kB
Node 0 AnonPages:         29788 kB
Node 0 Shmem:               680 kB
Node 0 KernelStack:        2168 kB
Node 0 PageTables:          740 kB
Node 0 NFS_Unstable:          0 kB
Node 0 Bounce:                0 kB
Node 0 WritebackTmp:          0 kB
Node 0 KReclaimable:      17772 kB
Node 0 Slab:              51356 kB
Node 0 SReclaimable:      17772 kB
Node 0 SUnreclaim:        33584 kB
Node 0 AnonHugePages:         0 kB
Node 0 ShmemHugePages:        0 kB
Node 0 ShmemPmdMapped:        0 kB
Node 0 FileHugePages:        0 kB
Node 0 FilePmdMapped:        0 kB
Node 0 HugePages_Total:     0
Node 0 HugePages_Free:      0
Node 0 HugePages_Surp:      0

Node 1 MemTotal:       24661580 kB
Node 1 MemFree:        24197228 kB
Node 1 MemUsed:          464352 kB
Node 1 Active:            72188 kB
Node 1 Inactive:         107928 kB
Node 1 Active(anon):      21868 kB
Node 1 Inactive(anon):      416 kB
Node 1 Active(file):      50320 kB
Node 1 Inactive(file):   107512 kB
Node 1 Unevictable:         416 kB
Node 1 Mlocked:             416 kB
Node 1 Dirty:               228 kB
Node 1 Writeback:             0 kB
Node 1 FilePages:        158832 kB
Node 1 Mapped:            60288 kB
Node 1 AnonPages:         21144 kB
Node 1 Shmem:               588 kB
Node 1 KernelStack:        1592 kB
Node 1 PageTables:          836 kB
Node 1 NFS_Unstable:          0 kB
Node 1 Bounce:                0 kB
Node 1 WritebackTmp:          0 kB
Node 1 KReclaimable:      26180 kB
Node 1 Slab:              62428 kB
Node 1 SReclaimable:      26180 kB
Node 1 SUnreclaim:        36248 kB
Node 1 AnonHugePages:         0 kB
Node 1 ShmemHugePages:        0 kB
Node 1 ShmemPmdMapped:        0 kB
Node 1 FileHugePages:        0 kB
Node 1 FilePmdMapped:        0 kB
Node 1 HugePages_Total:     0
Node 1 HugePages_Free:      0
Node 1 HugePages_Surp:      0

Import tank ZPool
Node 0 MemTotal:       24768352 kB
Node 0 MemFree:        24542664 kB
Node 0 MemUsed:          225688 kB
Node 0 Active:            35324 kB
Node 0 Inactive:          21952 kB
Node 0 Active(anon):      13240 kB
Node 0 Inactive(anon):      464 kB
Node 0 Active(file):      22084 kB
Node 0 Inactive(file):    21488 kB
Node 0 Unevictable:       18108 kB
Node 0 Mlocked:           18108 kB
Node 0 Dirty:                40 kB
Node 0 Writeback:             0 kB
Node 0 FilePages:         52044 kB
Node 0 Mapped:            17900 kB
Node 0 AnonPages:         23552 kB
Node 0 Shmem:               676 kB
Node 0 KernelStack:        3144 kB
Node 0 PageTables:          452 kB
Node 0 NFS_Unstable:          0 kB
Node 0 Bounce:                0 kB
Node 0 WritebackTmp:          0 kB
Node 0 KReclaimable:      17776 kB
Node 0 Slab:              54056 kB
Node 0 SReclaimable:      17776 kB
Node 0 SUnreclaim:        36280 kB
Node 0 AnonHugePages:         0 kB
Node 0 ShmemHugePages:        0 kB
Node 0 ShmemPmdMapped:        0 kB
Node 0 FileHugePages:        0 kB
Node 0 FilePmdMapped:        0 kB
Node 0 HugePages_Total:     0
Node 0 HugePages_Free:      0
Node 0 HugePages_Surp:      0

Node 1 MemTotal:       24661580 kB
Node 1 MemFree:        24190836 kB
Node 1 MemUsed:          470744 kB
Node 1 Active:            71224 kB
Node 1 Inactive:         109156 kB
Node 1 Active(anon):      20444 kB
Node 1 Inactive(anon):      420 kB
Node 1 Active(file):      50780 kB
Node 1 Inactive(file):   108736 kB
Node 1 Unevictable:         416 kB
Node 1 Mlocked:             416 kB
Node 1 Dirty:               168 kB
Node 1 Writeback:             0 kB
Node 1 FilePages:        160540 kB
Node 1 Mapped:            60440 kB
Node 1 AnonPages:         20056 kB
Node 1 Shmem:               592 kB
Node 1 KernelStack:        1608 kB
Node 1 PageTables:          876 kB
Node 1 NFS_Unstable:          0 kB
Node 1 Bounce:                0 kB
Node 1 WritebackTmp:          0 kB
Node 1 KReclaimable:      26284 kB
Node 1 Slab:              67720 kB
Node 1 SReclaimable:      26284 kB
Node 1 SUnreclaim:        41436 kB
Node 1 AnonHugePages:         0 kB
Node 1 ShmemHugePages:        0 kB
Node 1 ShmemPmdMapped:        0 kB
Node 1 FileHugePages:        0 kB
Node 1 FilePmdMapped:        0 kB
Node 1 HugePages_Total:     0
Node 1 HugePages_Free:      0
Node 1 HugePages_Surp:      0

After Test
Node 0 MemTotal:       24768352 kB
Node 0 MemFree:        24434736 kB
Node 0 MemUsed:          333616 kB
Node 0 Active:            34924 kB
Node 0 Inactive:          21952 kB
Node 0 Active(anon):      12800 kB
Node 0 Inactive(anon):      464 kB
Node 0 Active(file):      22124 kB
Node 0 Inactive(file):    21488 kB
Node 0 Unevictable:       18108 kB
Node 0 Mlocked:           18108 kB
Node 0 Dirty:                 0 kB
Node 0 Writeback:             0 kB
Node 0 FilePages:         52068 kB
Node 0 Mapped:            17668 kB
Node 0 AnonPages:         22916 kB
Node 0 Shmem:               676 kB
Node 0 KernelStack:        3080 kB
Node 0 PageTables:          324 kB
Node 0 NFS_Unstable:          0 kB
Node 0 Bounce:                0 kB
Node 0 WritebackTmp:          0 kB
Node 0 KReclaimable:      17808 kB
Node 0 Slab:              54336 kB
Node 0 SReclaimable:      17808 kB
Node 0 SUnreclaim:        36528 kB
Node 0 AnonHugePages:         0 kB
Node 0 ShmemHugePages:        0 kB
Node 0 ShmemPmdMapped:        0 kB
Node 0 FileHugePages:        0 kB
Node 0 FilePmdMapped:        0 kB
Node 0 HugePages_Total:     0
Node 0 HugePages_Free:      0
Node 0 HugePages_Surp:      0

Node 1 MemTotal:       24661580 kB
Node 1 MemFree:        23238080 kB
Node 1 MemUsed:         1423500 kB
Node 1 Active:            72004 kB
Node 1 Inactive:         110052 kB
Node 1 Active(anon):      20104 kB
Node 1 Inactive(anon):      444 kB
Node 1 Active(file):      51900 kB
Node 1 Inactive(file):   109608 kB
Node 1 Unevictable:         416 kB
Node 1 Mlocked:             416 kB
Node 1 Dirty:                92 kB
Node 1 Writeback:             0 kB
Node 1 FilePages:        162556 kB
Node 1 Mapped:            60412 kB
Node 1 AnonPages:         19828 kB
Node 1 Shmem:               636 kB
Node 1 KernelStack:        1608 kB
Node 1 PageTables:          928 kB
Node 1 NFS_Unstable:          0 kB
Node 1 Bounce:                0 kB
Node 1 WritebackTmp:          0 kB
Node 1 KReclaimable:      27600 kB
Node 1 Slab:              75148 kB
Node 1 SReclaimable:      27600 kB
Node 1 SUnreclaim:        47548 kB
Node 1 AnonHugePages:         0 kB
Node 1 ShmemHugePages:        0 kB
Node 1 ShmemPmdMapped:        0 kB
Node 1 FileHugePages:        0 kB
Node 1 FilePmdMapped:        0 kB
Node 1 HugePages_Total:     0
Node 1 HugePages_Free:      0
Node 1 HugePages_Surp:      0

After Opposite Node
Node 0 MemTotal:       24768352 kB
Node 0 MemFree:        24434068 kB
Node 0 MemUsed:          334284 kB
Node 0 Active:            35048 kB
Node 0 Inactive:          21988 kB
Node 0 Active(anon):      12920 kB
Node 0 Inactive(anon):      492 kB
Node 0 Active(file):      22128 kB
Node 0 Inactive(file):    21496 kB
Node 0 Unevictable:       18108 kB
Node 0 Mlocked:           18108 kB
Node 0 Dirty:                 8 kB
Node 0 Writeback:             0 kB
Node 0 FilePages:         52124 kB
Node 0 Mapped:            17712 kB
Node 0 AnonPages:         22920 kB
Node 0 Shmem:               720 kB
Node 0 KernelStack:        3128 kB
Node 0 PageTables:          440 kB
Node 0 NFS_Unstable:          0 kB
Node 0 Bounce:                0 kB
Node 0 WritebackTmp:          0 kB
Node 0 KReclaimable:      17840 kB
Node 0 Slab:              54668 kB
Node 0 SReclaimable:      17840 kB
Node 0 SUnreclaim:        36828 kB
Node 0 AnonHugePages:         0 kB
Node 0 ShmemHugePages:        0 kB
Node 0 ShmemPmdMapped:        0 kB
Node 0 FileHugePages:        0 kB
Node 0 FilePmdMapped:        0 kB
Node 0 HugePages_Total:     0
Node 0 HugePages_Free:      0
Node 0 HugePages_Surp:      0

Node 1 MemTotal:       24661580 kB
Node 1 MemFree:        23237884 kB
Node 1 MemUsed:         1423696 kB
Node 1 Active:            72060 kB
Node 1 Inactive:         109832 kB
Node 1 Active(anon):      19948 kB
Node 1 Inactive(anon):      420 kB
Node 1 Active(file):      52112 kB
Node 1 Inactive(file):   109412 kB
Node 1 Unevictable:         416 kB
Node 1 Mlocked:             416 kB
Node 1 Dirty:               108 kB
Node 1 Writeback:             0 kB
Node 1 FilePages:        162528 kB
Node 1 Mapped:            60348 kB
Node 1 AnonPages:         19776 kB
Node 1 Shmem:               592 kB
Node 1 KernelStack:        1608 kB
Node 1 PageTables:          812 kB
Node 1 NFS_Unstable:          0 kB
Node 1 Bounce:                0 kB
Node 1 WritebackTmp:          0 kB
Node 1 KReclaimable:      27600 kB
Node 1 Slab:              75140 kB
Node 1 SReclaimable:      27600 kB
Node 1 SUnreclaim:        47540 kB
Node 1 AnonHugePages:         0 kB
Node 1 ShmemHugePages:        0 kB
Node 1 ShmemPmdMapped:        0 kB
Node 1 FileHugePages:        0 kB
Node 1 FilePmdMapped:        0 kB
Node 1 HugePages_Total:     0
Node 1 HugePages_Free:      0
Node 1 HugePages_Surp:      0

U.1.fio.500M.2.O Complete!
