kernel.numa_balancing = 0
60 Tests Remaining!
U.1.fio.250M.1.O
Begin
Node 0 MemTotal:       24768352 kB
Node 0 MemFree:        24567084 kB
Node 0 MemUsed:          201268 kB
Node 0 Active:            28136 kB
Node 0 Inactive:          26788 kB
Node 0 Active(anon):       7056 kB
Node 0 Inactive(anon):      384 kB
Node 0 Active(file):      21080 kB
Node 0 Inactive(file):    26404 kB
Node 0 Unevictable:       18328 kB
Node 0 Mlocked:           18328 kB
Node 0 Dirty:                84 kB
Node 0 Writeback:             0 kB
Node 0 FilePages:         56056 kB
Node 0 Mapped:            21316 kB
Node 0 AnonPages:         17208 kB
Node 0 Shmem:               560 kB
Node 0 KernelStack:        2024 kB
Node 0 PageTables:          420 kB
Node 0 NFS_Unstable:          0 kB
Node 0 Bounce:                0 kB
Node 0 WritebackTmp:          0 kB
Node 0 KReclaimable:      16632 kB
Node 0 Slab:              43544 kB
Node 0 SReclaimable:      16632 kB
Node 0 SUnreclaim:        26912 kB
Node 0 AnonHugePages:         0 kB
Node 0 ShmemHugePages:        0 kB
Node 0 ShmemPmdMapped:        0 kB
Node 0 FileHugePages:        0 kB
Node 0 FilePmdMapped:        0 kB
Node 0 HugePages_Total:     0
Node 0 HugePages_Free:      0
Node 0 HugePages_Surp:      0

Node 1 MemTotal:       24661580 kB
Node 1 MemFree:        24225676 kB
Node 1 MemUsed:          435904 kB
Node 1 Active:            70532 kB
Node 1 Inactive:          87588 kB
Node 1 Active(anon):      26852 kB
Node 1 Inactive(anon):      488 kB
Node 1 Active(file):      43680 kB
Node 1 Inactive(file):    87100 kB
Node 1 Unevictable:         196 kB
Node 1 Mlocked:             196 kB
Node 1 Dirty:               260 kB
Node 1 Writeback:             0 kB
Node 1 FilePages:        131684 kB
Node 1 Mapped:            40636 kB
Node 1 AnonPages:         26628 kB
Node 1 Shmem:               708 kB
Node 1 KernelStack:        1672 kB
Node 1 PageTables:          764 kB
Node 1 NFS_Unstable:          0 kB
Node 1 Bounce:                0 kB
Node 1 WritebackTmp:          0 kB
Node 1 KReclaimable:      25676 kB
Node 1 Slab:              62380 kB
Node 1 SReclaimable:      25676 kB
Node 1 SUnreclaim:        36704 kB
Node 1 AnonHugePages:         0 kB
Node 1 ShmemHugePages:        0 kB
Node 1 ShmemPmdMapped:        0 kB
Node 1 FileHugePages:        0 kB
Node 1 FilePmdMapped:        0 kB
Node 1 HugePages_Total:     0
Node 1 HugePages_Free:      0
Node 1 HugePages_Surp:      0

Load ZFS
Node 0 MemTotal:       24768352 kB
Node 0 MemFree:        24561780 kB
Node 0 MemUsed:          206572 kB
Node 0 Active:            31244 kB
Node 0 Inactive:          27248 kB
Node 0 Active(anon):       9440 kB
Node 0 Inactive(anon):      384 kB
Node 0 Active(file):      21804 kB
Node 0 Inactive(file):    26864 kB
Node 0 Unevictable:       18328 kB
Node 0 Mlocked:           18328 kB
Node 0 Dirty:                96 kB
Node 0 Writeback:             0 kB
Node 0 FilePages:         57224 kB
Node 0 Mapped:            21316 kB
Node 0 AnonPages:         19704 kB
Node 0 Shmem:               560 kB
Node 0 KernelStack:        1992 kB
Node 0 PageTables:          452 kB
Node 0 NFS_Unstable:          0 kB
Node 0 Bounce:                0 kB
Node 0 WritebackTmp:          0 kB
Node 0 KReclaimable:      17112 kB
Node 0 Slab:              45388 kB
Node 0 SReclaimable:      17112 kB
Node 0 SUnreclaim:        28276 kB
Node 0 AnonHugePages:         0 kB
Node 0 ShmemHugePages:        0 kB
Node 0 ShmemPmdMapped:        0 kB
Node 0 FileHugePages:        0 kB
Node 0 FilePmdMapped:        0 kB
Node 0 HugePages_Total:     0
Node 0 HugePages_Free:      0
Node 0 HugePages_Surp:      0

Node 1 MemTotal:       24661580 kB
Node 1 MemFree:        24219164 kB
Node 1 MemUsed:          442416 kB
Node 1 Active:            79324 kB
Node 1 Inactive:          83104 kB
Node 1 Active(anon):      29940 kB
Node 1 Inactive(anon):      488 kB
Node 1 Active(file):      49384 kB
Node 1 Inactive(file):    82616 kB
Node 1 Unevictable:         196 kB
Node 1 Mlocked:             196 kB
Node 1 Dirty:               288 kB
Node 1 Writeback:             0 kB
Node 1 FilePages:        132904 kB
Node 1 Mapped:            40796 kB
Node 1 AnonPages:         29776 kB
Node 1 Shmem:               708 kB
Node 1 KernelStack:        1736 kB
Node 1 PageTables:         1068 kB
Node 1 NFS_Unstable:          0 kB
Node 1 Bounce:                0 kB
Node 1 WritebackTmp:          0 kB
Node 1 KReclaimable:      25888 kB
Node 1 Slab:              63400 kB
Node 1 SReclaimable:      25888 kB
Node 1 SUnreclaim:        37512 kB
Node 1 AnonHugePages:         0 kB
Node 1 ShmemHugePages:        0 kB
Node 1 ShmemPmdMapped:        0 kB
Node 1 FileHugePages:        0 kB
Node 1 FilePmdMapped:        0 kB
Node 1 HugePages_Total:     0
Node 1 HugePages_Free:      0
Node 1 HugePages_Surp:      0

Import tank ZPool
Node 0 MemTotal:       24768352 kB
Node 0 MemFree:        24555488 kB
Node 0 MemUsed:          212864 kB
Node 0 Active:            28068 kB
Node 0 Inactive:          27248 kB
Node 0 Active(anon):       6240 kB
Node 0 Inactive(anon):      384 kB
Node 0 Active(file):      21828 kB
Node 0 Inactive(file):    26864 kB
Node 0 Unevictable:       18328 kB
Node 0 Mlocked:           18328 kB
Node 0 Dirty:                16 kB
Node 0 Writeback:             0 kB
Node 0 FilePages:         57260 kB
Node 0 Mapped:            21556 kB
Node 0 AnonPages:         16108 kB
Node 0 Shmem:               556 kB
Node 0 KernelStack:        2056 kB
Node 0 PageTables:          356 kB
Node 0 NFS_Unstable:          0 kB
Node 0 Bounce:                0 kB
Node 0 WritebackTmp:          0 kB
Node 0 KReclaimable:      17128 kB
Node 0 Slab:              46436 kB
Node 0 SReclaimable:      17128 kB
Node 0 SUnreclaim:        29308 kB
Node 0 AnonHugePages:         0 kB
Node 0 ShmemHugePages:        0 kB
Node 0 ShmemPmdMapped:        0 kB
Node 0 FileHugePages:        0 kB
Node 0 FilePmdMapped:        0 kB
Node 0 HugePages_Total:     0
Node 0 HugePages_Free:      0
Node 0 HugePages_Surp:      0

Node 1 MemTotal:       24661580 kB
Node 1 MemFree:        24205008 kB
Node 1 MemUsed:          456572 kB
Node 1 Active:            77400 kB
Node 1 Inactive:          84244 kB
Node 1 Active(anon):      27552 kB
Node 1 Inactive(anon):      492 kB
Node 1 Active(file):      49848 kB
Node 1 Inactive(file):    83752 kB
Node 1 Unevictable:         196 kB
Node 1 Mlocked:             196 kB
Node 1 Dirty:                20 kB
Node 1 Writeback:             0 kB
Node 1 FilePages:        134528 kB
Node 1 Mapped:            40888 kB
Node 1 AnonPages:         26760 kB
Node 1 Shmem:               712 kB
Node 1 KernelStack:        2712 kB
Node 1 PageTables:          944 kB
Node 1 NFS_Unstable:          0 kB
Node 1 Bounce:                0 kB
Node 1 WritebackTmp:          0 kB
Node 1 KReclaimable:      26008 kB
Node 1 Slab:              69956 kB
Node 1 SReclaimable:      26008 kB
Node 1 SUnreclaim:        43948 kB
Node 1 AnonHugePages:         0 kB
Node 1 ShmemHugePages:        0 kB
Node 1 ShmemPmdMapped:        0 kB
Node 1 FileHugePages:        0 kB
Node 1 FilePmdMapped:        0 kB
Node 1 HugePages_Total:     0
Node 1 HugePages_Free:      0
Node 1 HugePages_Surp:      0

After Test
Node 0 MemTotal:       24768352 kB
Node 0 MemFree:        24547840 kB
Node 0 MemUsed:          220512 kB
Node 0 Active:            27688 kB
Node 0 Inactive:          27220 kB
Node 0 Active(anon):       5800 kB
Node 0 Inactive(anon):      384 kB
Node 0 Active(file):      21888 kB
Node 0 Inactive(file):    26836 kB
Node 0 Unevictable:       18328 kB
Node 0 Mlocked:           18328 kB
Node 0 Dirty:                16 kB
Node 0 Writeback:             0 kB
Node 0 FilePages:         57276 kB
Node 0 Mapped:            21320 kB
Node 0 AnonPages:         15956 kB
Node 0 Shmem:               556 kB
Node 0 KernelStack:        2040 kB
Node 0 PageTables:          356 kB
Node 0 NFS_Unstable:          0 kB
Node 0 Bounce:                0 kB
Node 0 WritebackTmp:          0 kB
Node 0 KReclaimable:      17132 kB
Node 0 Slab:              46544 kB
Node 0 SReclaimable:      17132 kB
Node 0 SUnreclaim:        29412 kB
Node 0 AnonHugePages:         0 kB
Node 0 ShmemHugePages:        0 kB
Node 0 ShmemPmdMapped:        0 kB
Node 0 FileHugePages:        0 kB
Node 0 FilePmdMapped:        0 kB
Node 0 HugePages_Total:     0
Node 0 HugePages_Free:      0
Node 0 HugePages_Surp:      0

Node 1 MemTotal:       24661580 kB
Node 1 MemFree:        23673360 kB
Node 1 MemUsed:          988220 kB
Node 1 Active:            78180 kB
Node 1 Inactive:          85192 kB
Node 1 Active(anon):      27196 kB
Node 1 Inactive(anon):      516 kB
Node 1 Active(file):      50984 kB
Node 1 Inactive(file):    84676 kB
Node 1 Unevictable:         196 kB
Node 1 Mlocked:             196 kB
Node 1 Dirty:                28 kB
Node 1 Writeback:             0 kB
Node 1 FilePages:        136612 kB
Node 1 Mapped:            40900 kB
Node 1 AnonPages:         26872 kB
Node 1 Shmem:               756 kB
Node 1 KernelStack:        2648 kB
Node 1 PageTables:          860 kB
Node 1 NFS_Unstable:          0 kB
Node 1 Bounce:                0 kB
Node 1 WritebackTmp:          0 kB
Node 1 KReclaimable:      27352 kB
Node 1 Slab:              74660 kB
Node 1 SReclaimable:      27352 kB
Node 1 SUnreclaim:        47308 kB
Node 1 AnonHugePages:         0 kB
Node 1 ShmemHugePages:        0 kB
Node 1 ShmemPmdMapped:        0 kB
Node 1 FileHugePages:        0 kB
Node 1 FilePmdMapped:        0 kB
Node 1 HugePages_Total:     0
Node 1 HugePages_Free:      0
Node 1 HugePages_Surp:      0

After Opposite Node
Node 0 MemTotal:       24768352 kB
Node 0 MemFree:        24546252 kB
Node 0 MemUsed:          222100 kB
Node 0 Active:            27868 kB
Node 0 Inactive:          27256 kB
Node 0 Active(anon):       5976 kB
Node 0 Inactive(anon):      412 kB
Node 0 Active(file):      21892 kB
Node 0 Inactive(file):    26844 kB
Node 0 Unevictable:       18328 kB
Node 0 Mlocked:           18328 kB
Node 0 Dirty:                24 kB
Node 0 Writeback:             0 kB
Node 0 FilePages:         57336 kB
Node 0 Mapped:            21364 kB
Node 0 AnonPages:         16068 kB
Node 0 Shmem:               600 kB
Node 0 KernelStack:        2056 kB
Node 0 PageTables:          524 kB
Node 0 NFS_Unstable:          0 kB
Node 0 Bounce:                0 kB
Node 0 WritebackTmp:          0 kB
Node 0 KReclaimable:      17168 kB
Node 0 Slab:              46844 kB
Node 0 SReclaimable:      17168 kB
Node 0 SUnreclaim:        29676 kB
Node 0 AnonHugePages:         0 kB
Node 0 ShmemHugePages:        0 kB
Node 0 ShmemPmdMapped:        0 kB
Node 0 FileHugePages:        0 kB
Node 0 FilePmdMapped:        0 kB
Node 0 HugePages_Total:     0
Node 0 HugePages_Free:      0
Node 0 HugePages_Surp:      0

Node 1 MemTotal:       24661580 kB
Node 1 MemFree:        23673424 kB
Node 1 MemUsed:          988156 kB
Node 1 Active:            78216 kB
Node 1 Inactive:          84992 kB
Node 1 Active(anon):      27040 kB
Node 1 Inactive(anon):      492 kB
Node 1 Active(file):      51176 kB
Node 1 Inactive(file):    84500 kB
Node 1 Unevictable:         196 kB
Node 1 Mlocked:             196 kB
Node 1 Dirty:                44 kB
Node 1 Writeback:             0 kB
Node 1 FilePages:        136584 kB
Node 1 Mapped:            40852 kB
Node 1 AnonPages:         26820 kB
Node 1 Shmem:               712 kB
Node 1 KernelStack:        2648 kB
Node 1 PageTables:          748 kB
Node 1 NFS_Unstable:          0 kB
Node 1 Bounce:                0 kB
Node 1 WritebackTmp:          0 kB
Node 1 KReclaimable:      27352 kB
Node 1 Slab:              74648 kB
Node 1 SReclaimable:      27352 kB
Node 1 SUnreclaim:        47296 kB
Node 1 AnonHugePages:         0 kB
Node 1 ShmemHugePages:        0 kB
Node 1 ShmemPmdMapped:        0 kB
Node 1 FileHugePages:        0 kB
Node 1 FilePmdMapped:        0 kB
Node 1 HugePages_Total:     0
Node 1 HugePages_Free:      0
Node 1 HugePages_Surp:      0

U.1.fio.250M.1.O Complete!
