U.0.2Mfio.2G.1.O
Begin
Node 0 MemTotal:       24768352 kB
Node 0 MemFree:        24532744 kB
Node 0 MemUsed:          235608 kB
Node 0 Active:            57416 kB
Node 0 Inactive:          24352 kB
Node 0 Active(anon):      18800 kB
Node 0 Inactive(anon):      528 kB
Node 0 Active(file):      38616 kB
Node 0 Inactive(file):    23824 kB
Node 0 Unevictable:         800 kB
Node 0 Mlocked:             800 kB
Node 0 Dirty:                44 kB
Node 0 Writeback:             0 kB
Node 0 FilePages:         64080 kB
Node 0 Mapped:            16128 kB
Node 0 AnonPages:         18508 kB
Node 0 Shmem:               840 kB
Node 0 KernelStack:        1880 kB
Node 0 PageTables:          436 kB
Node 0 NFS_Unstable:          0 kB
Node 0 Bounce:                0 kB
Node 0 WritebackTmp:          0 kB
Node 0 KReclaimable:      21036 kB
Node 0 Slab:              59556 kB
Node 0 SReclaimable:      21036 kB
Node 0 SUnreclaim:        38520 kB
Node 0 AnonHugePages:         0 kB
Node 0 ShmemHugePages:        0 kB
Node 0 ShmemPmdMapped:        0 kB
Node 0 FileHugePages:        0 kB
Node 0 FilePmdMapped:        0 kB
Node 0 HugePages_Total:     0
Node 0 HugePages_Free:      0
Node 0 HugePages_Surp:      0

Node 1 MemTotal:       24661580 kB
Node 1 MemFree:        24271616 kB
Node 1 MemUsed:          389964 kB
Node 1 Active:            37652 kB
Node 1 Inactive:          79524 kB
Node 1 Active(anon):      15000 kB
Node 1 Inactive(anon):      360 kB
Node 1 Active(file):      22652 kB
Node 1 Inactive(file):    79164 kB
Node 1 Unevictable:       17724 kB
Node 1 Mlocked:           17724 kB
Node 1 Dirty:               484 kB
Node 1 Writeback:             0 kB
Node 1 FilePages:        109692 kB
Node 1 Mapped:            39728 kB
Node 1 AnonPages:         25268 kB
Node 1 Shmem:               428 kB
Node 1 KernelStack:        1656 kB
Node 1 PageTables:          640 kB
Node 1 NFS_Unstable:          0 kB
Node 1 Bounce:                0 kB
Node 1 WritebackTmp:          0 kB
Node 1 KReclaimable:      19992 kB
Node 1 Slab:              45028 kB
Node 1 SReclaimable:      19992 kB
Node 1 SUnreclaim:        25036 kB
Node 1 AnonHugePages:         0 kB
Node 1 ShmemHugePages:        0 kB
Node 1 ShmemPmdMapped:        0 kB
Node 1 FileHugePages:        0 kB
Node 1 FilePmdMapped:        0 kB
Node 1 HugePages_Total:     0
Node 1 HugePages_Free:      0
Node 1 HugePages_Surp:      0

Load ZFS
Node 0 MemTotal:       24768352 kB
Node 0 MemFree:        24536464 kB
Node 0 MemUsed:          231888 kB
Node 0 Active:            63236 kB
Node 0 Inactive:          20084 kB
Node 0 Active(anon):      18824 kB
Node 0 Inactive(anon):      528 kB
Node 0 Active(file):      44412 kB
Node 0 Inactive(file):    19556 kB
Node 0 Unevictable:         800 kB
Node 0 Mlocked:             800 kB
Node 0 Dirty:                44 kB
Node 0 Writeback:             0 kB
Node 0 FilePages:         65604 kB
Node 0 Mapped:            16128 kB
Node 0 AnonPages:         18512 kB
Node 0 Shmem:               840 kB
Node 0 KernelStack:        1896 kB
Node 0 PageTables:          448 kB
Node 0 NFS_Unstable:          0 kB
Node 0 Bounce:                0 kB
Node 0 WritebackTmp:          0 kB
Node 0 KReclaimable:      21488 kB
Node 0 Slab:              60908 kB
Node 0 SReclaimable:      21488 kB
Node 0 SUnreclaim:        39420 kB
Node 0 AnonHugePages:         0 kB
Node 0 ShmemHugePages:        0 kB
Node 0 ShmemPmdMapped:        0 kB
Node 0 FileHugePages:        0 kB
Node 0 FilePmdMapped:        0 kB
Node 0 HugePages_Total:     0
Node 0 HugePages_Free:      0
Node 0 HugePages_Surp:      0

Node 1 MemTotal:       24661580 kB
Node 1 MemFree:        24260476 kB
Node 1 MemUsed:          401104 kB
Node 1 Active:            40760 kB
Node 1 Inactive:          79796 kB
Node 1 Active(anon):      17264 kB
Node 1 Inactive(anon):      360 kB
Node 1 Active(file):      23496 kB
Node 1 Inactive(file):    79436 kB
Node 1 Unevictable:       17724 kB
Node 1 Mlocked:           17724 kB
Node 1 Dirty:               520 kB
Node 1 Writeback:             0 kB
Node 1 FilePages:        110756 kB
Node 1 Mapped:            39928 kB
Node 1 AnonPages:         27452 kB
Node 1 Shmem:               428 kB
Node 1 KernelStack:        1704 kB
Node 1 PageTables:          808 kB
Node 1 NFS_Unstable:          0 kB
Node 1 Bounce:                0 kB
Node 1 WritebackTmp:          0 kB
Node 1 KReclaimable:      20584 kB
Node 1 Slab:              47560 kB
Node 1 SReclaimable:      20584 kB
Node 1 SUnreclaim:        26976 kB
Node 1 AnonHugePages:         0 kB
Node 1 ShmemHugePages:        0 kB
Node 1 ShmemPmdMapped:        0 kB
Node 1 FileHugePages:        0 kB
Node 1 FilePmdMapped:        0 kB
Node 1 HugePages_Total:     0
Node 1 HugePages_Free:      0
Node 1 HugePages_Surp:      0

Import tank ZPool
Node 0 MemTotal:       24768352 kB
Node 0 MemFree:        24537424 kB
Node 0 MemUsed:          230928 kB
Node 0 Active:            63360 kB
Node 0 Inactive:          19980 kB
Node 0 Active(anon):      18820 kB
Node 0 Inactive(anon):      528 kB
Node 0 Active(file):      44540 kB
Node 0 Inactive(file):    19452 kB
Node 0 Unevictable:         800 kB
Node 0 Mlocked:             800 kB
Node 0 Dirty:                72 kB
Node 0 Writeback:             0 kB
Node 0 FilePages:         65624 kB
Node 0 Mapped:            16148 kB
Node 0 AnonPages:         18512 kB
Node 0 Shmem:               836 kB
Node 0 KernelStack:        1880 kB
Node 0 PageTables:          448 kB
Node 0 NFS_Unstable:          0 kB
Node 0 Bounce:                0 kB
Node 0 WritebackTmp:          0 kB
Node 0 KReclaimable:      21488 kB
Node 0 Slab:              60956 kB
Node 0 SReclaimable:      21488 kB
Node 0 SUnreclaim:        39468 kB
Node 0 AnonHugePages:         0 kB
Node 0 ShmemHugePages:        0 kB
Node 0 ShmemPmdMapped:        0 kB
Node 0 FileHugePages:        0 kB
Node 0 FilePmdMapped:        0 kB
Node 0 HugePages_Total:     0
Node 0 HugePages_Free:      0
Node 0 HugePages_Surp:      0

Node 1 MemTotal:       24661580 kB
Node 1 MemFree:        24243372 kB
Node 1 MemUsed:          418208 kB
Node 1 Active:            38440 kB
Node 1 Inactive:          80988 kB
Node 1 Active(anon):      14588 kB
Node 1 Inactive(anon):      364 kB
Node 1 Active(file):      23852 kB
Node 1 Inactive(file):    80624 kB
Node 1 Unevictable:       17724 kB
Node 1 Mlocked:           17724 kB
Node 1 Dirty:               308 kB
Node 1 Writeback:             0 kB
Node 1 FilePages:        112320 kB
Node 1 Mapped:            39936 kB
Node 1 AnonPages:         24492 kB
Node 1 Shmem:               432 kB
Node 1 KernelStack:        2776 kB
Node 1 PageTables:          736 kB
Node 1 NFS_Unstable:          0 kB
Node 1 Bounce:                0 kB
Node 1 WritebackTmp:          0 kB
Node 1 KReclaimable:      20692 kB
Node 1 Slab:              54088 kB
Node 1 SReclaimable:      20692 kB
Node 1 SUnreclaim:        33396 kB
Node 1 AnonHugePages:         0 kB
Node 1 ShmemHugePages:        0 kB
Node 1 ShmemPmdMapped:        0 kB
Node 1 FileHugePages:        0 kB
Node 1 FilePmdMapped:        0 kB
Node 1 HugePages_Total:     0
Node 1 HugePages_Free:      0
Node 1 HugePages_Surp:      0

After Test
Node 0 MemTotal:       24768352 kB
Node 0 MemFree:        22058268 kB
Node 0 MemUsed:         2710084 kB
Node 0 Active:            64288 kB
Node 0 Inactive:          21192 kB
Node 0 Active(anon):      19004 kB
Node 0 Inactive(anon):      556 kB
Node 0 Active(file):      45284 kB
Node 0 Inactive(file):    20636 kB
Node 0 Unevictable:         800 kB
Node 0 Mlocked:             800 kB
Node 0 Dirty:                24 kB
Node 0 Writeback:             0 kB
Node 0 FilePages:         67596 kB
Node 0 Mapped:            16340 kB
Node 0 AnonPages:         18512 kB
Node 0 Shmem:               880 kB
Node 0 KernelStack:        1880 kB
Node 0 PageTables:          636 kB
Node 0 NFS_Unstable:          0 kB
Node 0 Bounce:                0 kB
Node 0 WritebackTmp:          0 kB
Node 0 KReclaimable:      22824 kB
Node 0 Slab:              74584 kB
Node 0 SReclaimable:      22824 kB
Node 0 SUnreclaim:        51760 kB
Node 0 AnonHugePages:         0 kB
Node 0 ShmemHugePages:        0 kB
Node 0 ShmemPmdMapped:        0 kB
Node 0 FileHugePages:        0 kB
Node 0 FilePmdMapped:        0 kB
Node 0 HugePages_Total:     0
Node 0 HugePages_Free:      0
Node 0 HugePages_Surp:      0

Node 1 MemTotal:       24661580 kB
Node 1 MemFree:        23784996 kB
Node 1 MemUsed:          876584 kB
Node 1 Active:            38116 kB
Node 1 Inactive:          80756 kB
Node 1 Active(anon):      13956 kB
Node 1 Inactive(anon):      364 kB
Node 1 Active(file):      24160 kB
Node 1 Inactive(file):    80392 kB
Node 1 Unevictable:       17724 kB
Node 1 Mlocked:           17724 kB
Node 1 Dirty:                16 kB
Node 1 Writeback:             0 kB
Node 1 FilePages:        112380 kB
Node 1 Mapped:            39768 kB
Node 1 AnonPages:         24216 kB
Node 1 Shmem:               432 kB
Node 1 KernelStack:        2728 kB
Node 1 PageTables:          620 kB
Node 1 NFS_Unstable:          0 kB
Node 1 Bounce:                0 kB
Node 1 WritebackTmp:          0 kB
Node 1 KReclaimable:      20692 kB
Node 1 Slab:              55608 kB
Node 1 SReclaimable:      20692 kB
Node 1 SUnreclaim:        34916 kB
Node 1 AnonHugePages:         0 kB
Node 1 ShmemHugePages:        0 kB
Node 1 ShmemPmdMapped:        0 kB
Node 1 FileHugePages:        0 kB
Node 1 FilePmdMapped:        0 kB
Node 1 HugePages_Total:     0
Node 1 HugePages_Free:      0
Node 1 HugePages_Surp:      0

After Opposite Node
Node 0 MemTotal:       24768352 kB
Node 0 MemFree:        22060156 kB
Node 0 MemUsed:         2708196 kB
Node 0 Active:            64276 kB
Node 0 Inactive:          21004 kB
Node 0 Active(anon):      18824 kB
Node 0 Inactive(anon):      528 kB
Node 0 Active(file):      45452 kB
Node 0 Inactive(file):    20476 kB
Node 0 Unevictable:         800 kB
Node 0 Mlocked:             800 kB
Node 0 Dirty:                32 kB
Node 0 Writeback:             0 kB
Node 0 FilePages:         67560 kB
Node 0 Mapped:            16364 kB
Node 0 AnonPages:         18516 kB
Node 0 Shmem:               836 kB
Node 0 KernelStack:        1848 kB
Node 0 PageTables:          448 kB
Node 0 NFS_Unstable:          0 kB
Node 0 Bounce:                0 kB
Node 0 WritebackTmp:          0 kB
Node 0 KReclaimable:      22824 kB
Node 0 Slab:              74556 kB
Node 0 SReclaimable:      22824 kB
Node 0 SUnreclaim:        51732 kB
Node 0 AnonHugePages:         0 kB
Node 0 ShmemHugePages:        0 kB
Node 0 ShmemPmdMapped:        0 kB
Node 0 FileHugePages:        0 kB
Node 0 FilePmdMapped:        0 kB
Node 0 HugePages_Total:     0
Node 0 HugePages_Free:      0
Node 0 HugePages_Surp:      0

Node 1 MemTotal:       24661580 kB
Node 1 MemFree:        23785472 kB
Node 1 MemUsed:          876108 kB
Node 1 Active:            38296 kB
Node 1 Inactive:          80776 kB
Node 1 Active(anon):      14112 kB
Node 1 Inactive(anon):      388 kB
Node 1 Active(file):      24184 kB
Node 1 Inactive(file):    80388 kB
Node 1 Unevictable:       17724 kB
Node 1 Mlocked:           17724 kB
Node 1 Dirty:                36 kB
Node 1 Writeback:             0 kB
Node 1 FilePages:        112444 kB
Node 1 Mapped:            39812 kB
Node 1 AnonPages:         24272 kB
Node 1 Shmem:               476 kB
Node 1 KernelStack:        2728 kB
Node 1 PageTables:          732 kB
Node 1 NFS_Unstable:          0 kB
Node 1 Bounce:                0 kB
Node 1 WritebackTmp:          0 kB
Node 1 KReclaimable:      20744 kB
Node 1 Slab:              56504 kB
Node 1 SReclaimable:      20744 kB
Node 1 SUnreclaim:        35760 kB
Node 1 AnonHugePages:         0 kB
Node 1 ShmemHugePages:        0 kB
Node 1 ShmemPmdMapped:        0 kB
Node 1 FileHugePages:        0 kB
Node 1 FilePmdMapped:        0 kB
Node 1 HugePages_Total:     0
Node 1 HugePages_Free:      0
Node 1 HugePages_Surp:      0

U.0.2Mfio.2G.1.O Complete!
