U.0.4Mfio.4G.3.O
Begin
Node 0 MemTotal:       24743736 kB
Node 0 MemFree:        24447812 kB
Node 0 MemUsed:          295924 kB
Node 0 Active:            46420 kB
Node 0 Inactive:         100944 kB
Node 0 Active(anon):      18584 kB
Node 0 Inactive(anon):      516 kB
Node 0 Active(file):      27836 kB
Node 0 Inactive(file):   100428 kB
Node 0 Unevictable:        5180 kB
Node 0 Mlocked:            5180 kB
Node 0 Dirty:               504 kB
Node 0 Writeback:             0 kB
Node 0 FilePages:        134144 kB
Node 0 Mapped:            56824 kB
Node 0 AnonPages:         18440 kB
Node 0 Shmem:               692 kB
Node 0 KernelStack:        2232 kB
Node 0 PageTables:          724 kB
Node 0 NFS_Unstable:          0 kB
Node 0 Bounce:                0 kB
Node 0 WritebackTmp:          0 kB
Node 0 KReclaimable:      19808 kB
Node 0 Slab:              60608 kB
Node 0 SReclaimable:      19808 kB
Node 0 SUnreclaim:        40800 kB
Node 0 AnonHugePages:         0 kB
Node 0 ShmemHugePages:        0 kB
Node 0 ShmemPmdMapped:        0 kB
Node 0 FileHugePages:        0 kB
Node 0 FilePmdMapped:        0 kB
Node 0 HugePages_Total:     0
Node 0 HugePages_Free:      0
Node 0 HugePages_Surp:      0

Node 1 MemTotal:       24686196 kB
Node 1 MemFree:        24328992 kB
Node 1 MemUsed:          357204 kB
Node 1 Active:            50680 kB
Node 1 Inactive:          30168 kB
Node 1 Active(anon):      15120 kB
Node 1 Inactive(anon):      360 kB
Node 1 Active(file):      35560 kB
Node 1 Inactive(file):    29808 kB
Node 1 Unevictable:       13340 kB
Node 1 Mlocked:           13340 kB
Node 1 Dirty:                16 kB
Node 1 Writeback:             0 kB
Node 1 FilePages:         68980 kB
Node 1 Mapped:            19020 kB
Node 1 AnonPages:         25312 kB
Node 1 Shmem:               576 kB
Node 1 KernelStack:        1416 kB
Node 1 PageTables:          488 kB
Node 1 NFS_Unstable:          0 kB
Node 1 Bounce:                0 kB
Node 1 WritebackTmp:          0 kB
Node 1 KReclaimable:      21840 kB
Node 1 Slab:              44528 kB
Node 1 SReclaimable:      21840 kB
Node 1 SUnreclaim:        22688 kB
Node 1 AnonHugePages:         0 kB
Node 1 ShmemHugePages:        0 kB
Node 1 ShmemPmdMapped:        0 kB
Node 1 FileHugePages:        0 kB
Node 1 FilePmdMapped:        0 kB
Node 1 HugePages_Total:     0
Node 1 HugePages_Free:      0
Node 1 HugePages_Surp:      0

Load ZFS
Node 0 MemTotal:       24743736 kB
Node 0 MemFree:        24307992 kB
Node 0 MemUsed:          435744 kB
Node 0 Active:            48520 kB
Node 0 Inactive:         100748 kB
Node 0 Active(anon):      19248 kB
Node 0 Inactive(anon):      516 kB
Node 0 Active(file):      29272 kB
Node 0 Inactive(file):   100232 kB
Node 0 Unevictable:        5180 kB
Node 0 Mlocked:            5180 kB
Node 0 Dirty:               328 kB
Node 0 Writeback:             0 kB
Node 0 FilePages:        135372 kB
Node 0 Mapped:            56828 kB
Node 0 AnonPages:         19040 kB
Node 0 Shmem:               692 kB
Node 0 KernelStack:        2312 kB
Node 0 PageTables:          868 kB
Node 0 NFS_Unstable:          0 kB
Node 0 Bounce:                0 kB
Node 0 WritebackTmp:          0 kB
Node 0 KReclaimable:      20196 kB
Node 0 Slab:              62788 kB
Node 0 SReclaimable:      20196 kB
Node 0 SUnreclaim:        42592 kB
Node 0 AnonHugePages:         0 kB
Node 0 ShmemHugePages:        0 kB
Node 0 ShmemPmdMapped:        0 kB
Node 0 FileHugePages:        0 kB
Node 0 FilePmdMapped:        0 kB
Node 0 HugePages_Total:     0
Node 0 HugePages_Free:      0
Node 0 HugePages_Surp:      0

Node 1 MemTotal:       24686196 kB
Node 1 MemFree:        24458936 kB
Node 1 MemUsed:          227260 kB
Node 1 Active:            58688 kB
Node 1 Inactive:          26348 kB
Node 1 Active(anon):      17984 kB
Node 1 Inactive(anon):      360 kB
Node 1 Active(file):      40704 kB
Node 1 Inactive(file):    25988 kB
Node 1 Unevictable:       13340 kB
Node 1 Mlocked:           13340 kB
Node 1 Dirty:                20 kB
Node 1 Writeback:             0 kB
Node 1 FilePages:         70288 kB
Node 1 Mapped:            19148 kB
Node 1 AnonPages:         28128 kB
Node 1 Shmem:               576 kB
Node 1 KernelStack:        1400 kB
Node 1 PageTables:          560 kB
Node 1 NFS_Unstable:          0 kB
Node 1 Bounce:                0 kB
Node 1 WritebackTmp:          0 kB
Node 1 KReclaimable:      22332 kB
Node 1 Slab:              46152 kB
Node 1 SReclaimable:      22332 kB
Node 1 SUnreclaim:        23820 kB
Node 1 AnonHugePages:         0 kB
Node 1 ShmemHugePages:        0 kB
Node 1 ShmemPmdMapped:        0 kB
Node 1 FileHugePages:        0 kB
Node 1 FilePmdMapped:        0 kB
Node 1 HugePages_Total:     0
Node 1 HugePages_Free:      0
Node 1 HugePages_Surp:      0

Import tank ZPool
Node 0 MemTotal:       24743736 kB
Node 0 MemFree:        24289396 kB
Node 0 MemUsed:          454340 kB
Node 0 Active:            49072 kB
Node 0 Inactive:         101912 kB
Node 0 Active(anon):      19428 kB
Node 0 Inactive(anon):      520 kB
Node 0 Active(file):      29644 kB
Node 0 Inactive(file):   101392 kB
Node 0 Unevictable:        5180 kB
Node 0 Mlocked:            5180 kB
Node 0 Dirty:               248 kB
Node 0 Writeback:             0 kB
Node 0 FilePages:        136904 kB
Node 0 Mapped:            57068 kB
Node 0 AnonPages:         18884 kB
Node 0 Shmem:               692 kB
Node 0 KernelStack:        3368 kB
Node 0 PageTables:          852 kB
Node 0 NFS_Unstable:          0 kB
Node 0 Bounce:                0 kB
Node 0 WritebackTmp:          0 kB
Node 0 KReclaimable:      20336 kB
Node 0 Slab:              69484 kB
Node 0 SReclaimable:      20336 kB
Node 0 SUnreclaim:        49148 kB
Node 0 AnonHugePages:         0 kB
Node 0 ShmemHugePages:        0 kB
Node 0 ShmemPmdMapped:        0 kB
Node 0 FileHugePages:        0 kB
Node 0 FilePmdMapped:        0 kB
Node 0 HugePages_Total:     0
Node 0 HugePages_Free:      0
Node 0 HugePages_Surp:      0

Node 1 MemTotal:       24686196 kB
Node 1 MemFree:        24461528 kB
Node 1 MemUsed:          224668 kB
Node 1 Active:            54652 kB
Node 1 Inactive:          26280 kB
Node 1 Active(anon):      13868 kB
Node 1 Inactive(anon):      360 kB
Node 1 Active(file):      40784 kB
Node 1 Inactive(file):    25920 kB
Node 1 Unevictable:       13340 kB
Node 1 Mlocked:           13340 kB
Node 1 Dirty:                16 kB
Node 1 Writeback:             0 kB
Node 1 FilePages:         70304 kB
Node 1 Mapped:            19008 kB
Node 1 AnonPages:         23976 kB
Node 1 Shmem:               576 kB
Node 1 KernelStack:        1352 kB
Node 1 PageTables:          400 kB
Node 1 NFS_Unstable:          0 kB
Node 1 Bounce:                0 kB
Node 1 WritebackTmp:          0 kB
Node 1 KReclaimable:      22332 kB
Node 1 Slab:              46652 kB
Node 1 SReclaimable:      22332 kB
Node 1 SUnreclaim:        24320 kB
Node 1 AnonHugePages:         0 kB
Node 1 ShmemHugePages:        0 kB
Node 1 ShmemPmdMapped:        0 kB
Node 1 FileHugePages:        0 kB
Node 1 FilePmdMapped:        0 kB
Node 1 HugePages_Total:     0
Node 1 HugePages_Free:      0
Node 1 HugePages_Surp:      0

After Test
Node 0 MemTotal:       24743736 kB
Node 0 MemFree:        19761164 kB
Node 0 MemUsed:         4982572 kB
Node 0 Active:            49808 kB
Node 0 Inactive:         102896 kB
Node 0 Active(anon):      19128 kB
Node 0 Inactive(anon):      560 kB
Node 0 Active(file):      30680 kB
Node 0 Inactive(file):   102336 kB
Node 0 Unevictable:        5180 kB
Node 0 Mlocked:            5180 kB
Node 0 Dirty:                20 kB
Node 0 Writeback:             0 kB
Node 0 FilePages:        138924 kB
Node 0 Mapped:            57084 kB
Node 0 AnonPages:         18608 kB
Node 0 Shmem:               732 kB
Node 0 KernelStack:        3352 kB
Node 0 PageTables:          932 kB
Node 0 NFS_Unstable:          0 kB
Node 0 Bounce:                0 kB
Node 0 WritebackTmp:          0 kB
Node 0 KReclaimable:      21676 kB
Node 0 Slab:              88872 kB
Node 0 SReclaimable:      21676 kB
Node 0 SUnreclaim:        67196 kB
Node 0 AnonHugePages:         0 kB
Node 0 ShmemHugePages:        0 kB
Node 0 ShmemPmdMapped:        0 kB
Node 0 FileHugePages:        0 kB
Node 0 FilePmdMapped:        0 kB
Node 0 HugePages_Total:     0
Node 0 HugePages_Free:      0
Node 0 HugePages_Surp:      0

Node 1 MemTotal:       24686196 kB
Node 1 MemFree:        23947332 kB
Node 1 MemUsed:          738864 kB
Node 1 Active:            54728 kB
Node 1 Inactive:          26284 kB
Node 1 Active(anon):      13872 kB
Node 1 Inactive(anon):      364 kB
Node 1 Active(file):      40856 kB
Node 1 Inactive(file):    25920 kB
Node 1 Unevictable:       13340 kB
Node 1 Mlocked:           13340 kB
Node 1 Dirty:                 4 kB
Node 1 Writeback:             0 kB
Node 1 FilePages:         70372 kB
Node 1 Mapped:            18988 kB
Node 1 AnonPages:         23980 kB
Node 1 Shmem:               580 kB
Node 1 KernelStack:        1320 kB
Node 1 PageTables:          400 kB
Node 1 NFS_Unstable:          0 kB
Node 1 Bounce:                0 kB
Node 1 WritebackTmp:          0 kB
Node 1 KReclaimable:      22356 kB
Node 1 Slab:              49016 kB
Node 1 SReclaimable:      22356 kB
Node 1 SUnreclaim:        26660 kB
Node 1 AnonHugePages:         0 kB
Node 1 ShmemHugePages:        0 kB
Node 1 ShmemPmdMapped:        0 kB
Node 1 FileHugePages:        0 kB
Node 1 FilePmdMapped:        0 kB
Node 1 HugePages_Total:     0
Node 1 HugePages_Free:      0
Node 1 HugePages_Surp:      0

After Opposite Node
Node 0 MemTotal:       24743736 kB
Node 0 MemFree:        19762384 kB
Node 0 MemUsed:         4981352 kB
Node 0 Active:            49796 kB
Node 0 Inactive:         102676 kB
Node 0 Active(anon):      18920 kB
Node 0 Inactive(anon):      516 kB
Node 0 Active(file):      30876 kB
Node 0 Inactive(file):   102160 kB
Node 0 Unevictable:        5180 kB
Node 0 Mlocked:            5180 kB
Node 0 Dirty:                52 kB
Node 0 Writeback:             0 kB
Node 0 FilePages:        138900 kB
Node 0 Mapped:            57048 kB
Node 0 AnonPages:         18748 kB
Node 0 Shmem:               688 kB
Node 0 KernelStack:        3320 kB
Node 0 PageTables:          744 kB
Node 0 NFS_Unstable:          0 kB
Node 0 Bounce:                0 kB
Node 0 WritebackTmp:          0 kB
Node 0 KReclaimable:      21716 kB
Node 0 Slab:              89032 kB
Node 0 SReclaimable:      21716 kB
Node 0 SUnreclaim:        67316 kB
Node 0 AnonHugePages:         0 kB
Node 0 ShmemHugePages:        0 kB
Node 0 ShmemPmdMapped:        0 kB
Node 0 FileHugePages:        0 kB
Node 0 FilePmdMapped:        0 kB
Node 0 HugePages_Total:     0
Node 0 HugePages_Free:      0
Node 0 HugePages_Surp:      0

Node 1 MemTotal:       24686196 kB
Node 1 MemFree:        23943128 kB
Node 1 MemUsed:          743068 kB
Node 1 Active:            54920 kB
Node 1 Inactive:          26332 kB
Node 1 Active(anon):      14032 kB
Node 1 Inactive(anon):      388 kB
Node 1 Active(file):      40888 kB
Node 1 Inactive(file):    25944 kB
Node 1 Unevictable:       13340 kB
Node 1 Mlocked:           13340 kB
Node 1 Dirty:                 4 kB
Node 1 Writeback:             0 kB
Node 1 FilePages:         70472 kB
Node 1 Mapped:            19032 kB
Node 1 AnonPages:         24044 kB
Node 1 Shmem:               624 kB
Node 1 KernelStack:        1336 kB
Node 1 PageTables:          520 kB
Node 1 NFS_Unstable:          0 kB
Node 1 Bounce:                0 kB
Node 1 WritebackTmp:          0 kB
Node 1 KReclaimable:      22396 kB
Node 1 Slab:              50028 kB
Node 1 SReclaimable:      22396 kB
Node 1 SUnreclaim:        27632 kB
Node 1 AnonHugePages:         0 kB
Node 1 ShmemHugePages:        0 kB
Node 1 ShmemPmdMapped:        0 kB
Node 1 FileHugePages:        0 kB
Node 1 FilePmdMapped:        0 kB
Node 1 HugePages_Total:     0
Node 1 HugePages_Free:      0
Node 1 HugePages_Surp:      0

U.0.4Mfio.4G.3.O Complete!
