U.0.4Mfio.2-1G.2.O
Begin
Node 0 MemTotal:       24768352 kB
Node 0 MemFree:        24336992 kB
Node 0 MemUsed:          431360 kB
Node 0 Active:            70568 kB
Node 0 Inactive:          69368 kB
Node 0 Active(anon):      19376 kB
Node 0 Inactive(anon):      292 kB
Node 0 Active(file):      51192 kB
Node 0 Inactive(file):    69076 kB
Node 0 Unevictable:       17576 kB
Node 0 Mlocked:           17576 kB
Node 0 Dirty:               160 kB
Node 0 Writeback:             0 kB
Node 0 FilePages:        128144 kB
Node 0 Mapped:            33396 kB
Node 0 AnonPages:         29556 kB
Node 0 Shmem:               468 kB
Node 0 KernelStack:        1928 kB
Node 0 PageTables:          704 kB
Node 0 NFS_Unstable:          0 kB
Node 0 Bounce:                0 kB
Node 0 WritebackTmp:          0 kB
Node 0 KReclaimable:      27512 kB
Node 0 Slab:              60080 kB
Node 0 SReclaimable:      27512 kB
Node 0 SUnreclaim:        32568 kB
Node 0 AnonHugePages:         0 kB
Node 0 ShmemHugePages:        0 kB
Node 0 ShmemPmdMapped:        0 kB
Node 0 FileHugePages:        0 kB
Node 0 FilePmdMapped:        0 kB
Node 0 HugePages_Total:     0
Node 0 HugePages_Free:      0
Node 0 HugePages_Surp:      0

Node 1 MemTotal:       24661580 kB
Node 1 MemFree:        24468932 kB
Node 1 MemUsed:          192648 kB
Node 1 Active:            30092 kB
Node 1 Inactive:          19188 kB
Node 1 Active(anon):      14340 kB
Node 1 Inactive(anon):      600 kB
Node 1 Active(file):      15752 kB
Node 1 Inactive(file):    18588 kB
Node 1 Unevictable:         948 kB
Node 1 Mlocked:             948 kB
Node 1 Dirty:               268 kB
Node 1 Writeback:             0 kB
Node 1 FilePages:         36088 kB
Node 1 Mapped:             8208 kB
Node 1 AnonPages:         14140 kB
Node 1 Shmem:               800 kB
Node 1 KernelStack:        1752 kB
Node 1 PageTables:          320 kB
Node 1 NFS_Unstable:          0 kB
Node 1 Bounce:                0 kB
Node 1 WritebackTmp:          0 kB
Node 1 KReclaimable:      22272 kB
Node 1 Slab:              53372 kB
Node 1 SReclaimable:      22272 kB
Node 1 SUnreclaim:        31100 kB
Node 1 AnonHugePages:         0 kB
Node 1 ShmemHugePages:        0 kB
Node 1 ShmemPmdMapped:        0 kB
Node 1 FileHugePages:        0 kB
Node 1 FilePmdMapped:        0 kB
Node 1 HugePages_Total:     0
Node 1 HugePages_Free:      0
Node 1 HugePages_Surp:      0

Load ZFS
Node 0 MemTotal:       24768352 kB
Node 0 MemFree:        24328308 kB
Node 0 MemUsed:          440044 kB
Node 0 Active:            72420 kB
Node 0 Inactive:          69800 kB
Node 0 Active(anon):      19992 kB
Node 0 Inactive(anon):      292 kB
Node 0 Active(file):      52428 kB
Node 0 Inactive(file):    69508 kB
Node 0 Unevictable:       17576 kB
Node 0 Mlocked:           17576 kB
Node 0 Dirty:               224 kB
Node 0 Writeback:             0 kB
Node 0 FilePages:        129648 kB
Node 0 Mapped:            33336 kB
Node 0 AnonPages:         30024 kB
Node 0 Shmem:               468 kB
Node 0 KernelStack:        1928 kB
Node 0 PageTables:          716 kB
Node 0 NFS_Unstable:          0 kB
Node 0 Bounce:                0 kB
Node 0 WritebackTmp:          0 kB
Node 0 KReclaimable:      27980 kB
Node 0 Slab:              62052 kB
Node 0 SReclaimable:      27980 kB
Node 0 SUnreclaim:        34072 kB
Node 0 AnonHugePages:         0 kB
Node 0 ShmemHugePages:        0 kB
Node 0 ShmemPmdMapped:        0 kB
Node 0 FileHugePages:        0 kB
Node 0 FilePmdMapped:        0 kB
Node 0 HugePages_Total:     0
Node 0 HugePages_Free:      0
Node 0 HugePages_Surp:      0

Node 1 MemTotal:       24661580 kB
Node 1 MemFree:        24467660 kB
Node 1 MemUsed:          193920 kB
Node 1 Active:            40216 kB
Node 1 Inactive:          14624 kB
Node 1 Active(anon):      18896 kB
Node 1 Inactive(anon):      600 kB
Node 1 Active(file):      21320 kB
Node 1 Inactive(file):    14024 kB
Node 1 Unevictable:         948 kB
Node 1 Mlocked:             948 kB
Node 1 Dirty:               268 kB
Node 1 Writeback:             0 kB
Node 1 FilePages:         37092 kB
Node 1 Mapped:             8376 kB
Node 1 AnonPages:         18800 kB
Node 1 Shmem:               800 kB
Node 1 KernelStack:        1880 kB
Node 1 PageTables:          716 kB
Node 1 NFS_Unstable:          0 kB
Node 1 Bounce:                0 kB
Node 1 WritebackTmp:          0 kB
Node 1 KReclaimable:      22752 kB
Node 1 Slab:              55248 kB
Node 1 SReclaimable:      22752 kB
Node 1 SUnreclaim:        32496 kB
Node 1 AnonHugePages:         0 kB
Node 1 ShmemHugePages:        0 kB
Node 1 ShmemPmdMapped:        0 kB
Node 1 FileHugePages:        0 kB
Node 1 FilePmdMapped:        0 kB
Node 1 HugePages_Total:     0
Node 1 HugePages_Free:      0
Node 1 HugePages_Surp:      0

Import tank ZPool
Node 0 MemTotal:       24768352 kB
Node 0 MemFree:        24321964 kB
Node 0 MemUsed:          446388 kB
Node 0 Active:            72988 kB
Node 0 Inactive:          70980 kB
Node 0 Active(anon):      20180 kB
Node 0 Inactive(anon):      296 kB
Node 0 Active(file):      52808 kB
Node 0 Inactive(file):    70684 kB
Node 0 Unevictable:       17576 kB
Node 0 Mlocked:           17576 kB
Node 0 Dirty:               292 kB
Node 0 Writeback:             0 kB
Node 0 FilePages:        131208 kB
Node 0 Mapped:            33480 kB
Node 0 AnonPages:         29932 kB
Node 0 Shmem:               468 kB
Node 0 KernelStack:        1944 kB
Node 0 PageTables:          752 kB
Node 0 NFS_Unstable:          0 kB
Node 0 Bounce:                0 kB
Node 0 WritebackTmp:          0 kB
Node 0 KReclaimable:      28100 kB
Node 0 Slab:              66712 kB
Node 0 SReclaimable:      28100 kB
Node 0 SUnreclaim:        38612 kB
Node 0 AnonHugePages:         0 kB
Node 0 ShmemHugePages:        0 kB
Node 0 ShmemPmdMapped:        0 kB
Node 0 FileHugePages:        0 kB
Node 0 FilePmdMapped:        0 kB
Node 0 HugePages_Total:     0
Node 0 HugePages_Free:      0
Node 0 HugePages_Surp:      0

Node 1 MemTotal:       24661580 kB
Node 1 MemFree:        24456212 kB
Node 1 MemUsed:          205368 kB
Node 1 Active:            40300 kB
Node 1 Inactive:          14584 kB
Node 1 Active(anon):      18924 kB
Node 1 Inactive(anon):      600 kB
Node 1 Active(file):      21376 kB
Node 1 Inactive(file):    13984 kB
Node 1 Unevictable:         948 kB
Node 1 Mlocked:             948 kB
Node 1 Dirty:                28 kB
Node 1 Writeback:             0 kB
Node 1 FilePages:         37108 kB
Node 1 Mapped:             8236 kB
Node 1 AnonPages:         18800 kB
Node 1 Shmem:               800 kB
Node 1 KernelStack:        2968 kB
Node 1 PageTables:          716 kB
Node 1 NFS_Unstable:          0 kB
Node 1 Bounce:                0 kB
Node 1 WritebackTmp:          0 kB
Node 1 KReclaimable:      22768 kB
Node 1 Slab:              57744 kB
Node 1 SReclaimable:      22768 kB
Node 1 SUnreclaim:        34976 kB
Node 1 AnonHugePages:         0 kB
Node 1 ShmemHugePages:        0 kB
Node 1 ShmemPmdMapped:        0 kB
Node 1 FileHugePages:        0 kB
Node 1 FilePmdMapped:        0 kB
Node 1 HugePages_Total:     0
Node 1 HugePages_Free:      0
Node 1 HugePages_Surp:      0

After Test
Node 0 MemTotal:       24768352 kB
Node 0 MemFree:        22779500 kB
Node 0 MemUsed:         1988852 kB
Node 0 Active:            72884 kB
Node 0 Inactive:          71932 kB
Node 0 Active(anon):      19016 kB
Node 0 Inactive(anon):      332 kB
Node 0 Active(file):      53868 kB
Node 0 Inactive(file):    71600 kB
Node 0 Unevictable:       17576 kB
Node 0 Mlocked:           17576 kB
Node 0 Dirty:                84 kB
Node 0 Writeback:             0 kB
Node 0 FilePages:        133224 kB
Node 0 Mapped:            33576 kB
Node 0 AnonPages:         29288 kB
Node 0 Shmem:               512 kB
Node 0 KernelStack:        1960 kB
Node 0 PageTables:          848 kB
Node 0 NFS_Unstable:          0 kB
Node 0 Bounce:                0 kB
Node 0 WritebackTmp:          0 kB
Node 0 KReclaimable:      29364 kB
Node 0 Slab:              76928 kB
Node 0 SReclaimable:      29364 kB
Node 0 SUnreclaim:        47564 kB
Node 0 AnonHugePages:         0 kB
Node 0 ShmemHugePages:        0 kB
Node 0 ShmemPmdMapped:        0 kB
Node 0 FileHugePages:        0 kB
Node 0 FilePmdMapped:        0 kB
Node 0 HugePages_Total:     0
Node 0 HugePages_Free:      0
Node 0 HugePages_Surp:      0

Node 1 MemTotal:       24661580 kB
Node 1 MemFree:        24121348 kB
Node 1 MemUsed:          540232 kB
Node 1 Active:            35336 kB
Node 1 Inactive:          14548 kB
Node 1 Active(anon):      13924 kB
Node 1 Inactive(anon):      600 kB
Node 1 Active(file):      21412 kB
Node 1 Inactive(file):    13948 kB
Node 1 Unevictable:         948 kB
Node 1 Mlocked:             948 kB
Node 1 Dirty:                 0 kB
Node 1 Writeback:             0 kB
Node 1 FilePages:         37108 kB
Node 1 Mapped:             8216 kB
Node 1 AnonPages:         13724 kB
Node 1 Shmem:               800 kB
Node 1 KernelStack:        2892 kB
Node 1 PageTables:          320 kB
Node 1 NFS_Unstable:          0 kB
Node 1 Bounce:                0 kB
Node 1 WritebackTmp:          0 kB
Node 1 KReclaimable:      22768 kB
Node 1 Slab:              58596 kB
Node 1 SReclaimable:      22768 kB
Node 1 SUnreclaim:        35828 kB
Node 1 AnonHugePages:         0 kB
Node 1 ShmemHugePages:        0 kB
Node 1 ShmemPmdMapped:        0 kB
Node 1 FileHugePages:        0 kB
Node 1 FilePmdMapped:        0 kB
Node 1 HugePages_Total:     0
Node 1 HugePages_Free:      0
Node 1 HugePages_Surp:      0

After Opposite Node
Node 0 MemTotal:       24768352 kB
Node 0 MemFree:        22779016 kB
Node 0 MemUsed:         1989336 kB
Node 0 Active:            72980 kB
Node 0 Inactive:          71720 kB
Node 0 Active(anon):      18916 kB
Node 0 Inactive(anon):      296 kB
Node 0 Active(file):      54064 kB
Node 0 Inactive(file):    71424 kB
Node 0 Unevictable:       17576 kB
Node 0 Mlocked:           17576 kB
Node 0 Dirty:               104 kB
Node 0 Writeback:             0 kB
Node 0 FilePages:        133200 kB
Node 0 Mapped:            33556 kB
Node 0 AnonPages:         29072 kB
Node 0 Shmem:               468 kB
Node 0 KernelStack:        1896 kB
Node 0 PageTables:          688 kB
Node 0 NFS_Unstable:          0 kB
Node 0 Bounce:                0 kB
Node 0 WritebackTmp:          0 kB
Node 0 KReclaimable:      29364 kB
Node 0 Slab:              76768 kB
Node 0 SReclaimable:      29364 kB
Node 0 SUnreclaim:        47404 kB
Node 0 AnonHugePages:         0 kB
Node 0 ShmemHugePages:        0 kB
Node 0 ShmemPmdMapped:        0 kB
Node 0 FileHugePages:        0 kB
Node 0 FilePmdMapped:        0 kB
Node 0 HugePages_Total:     0
Node 0 HugePages_Free:      0
Node 0 HugePages_Surp:      0

Node 1 MemTotal:       24661580 kB
Node 1 MemFree:        24119512 kB
Node 1 MemUsed:          542068 kB
Node 1 Active:            35520 kB
Node 1 Inactive:          14580 kB
Node 1 Active(anon):      14100 kB
Node 1 Inactive(anon):      628 kB
Node 1 Active(file):      21420 kB
Node 1 Inactive(file):    13952 kB
Node 1 Unevictable:         948 kB
Node 1 Mlocked:             948 kB
Node 1 Dirty:                 8 kB
Node 1 Writeback:             0 kB
Node 1 FilePages:         37164 kB
Node 1 Mapped:             8260 kB
Node 1 AnonPages:         13996 kB
Node 1 Shmem:               844 kB
Node 1 KernelStack:        2952 kB
Node 1 PageTables:          484 kB
Node 1 NFS_Unstable:          0 kB
Node 1 Bounce:                0 kB
Node 1 WritebackTmp:          0 kB
Node 1 KReclaimable:      22848 kB
Node 1 Slab:              58952 kB
Node 1 SReclaimable:      22848 kB
Node 1 SUnreclaim:        36104 kB
Node 1 AnonHugePages:         0 kB
Node 1 ShmemHugePages:        0 kB
Node 1 ShmemPmdMapped:        0 kB
Node 1 FileHugePages:        0 kB
Node 1 FilePmdMapped:        0 kB
Node 1 HugePages_Total:     0
Node 1 HugePages_Free:      0
Node 1 HugePages_Surp:      0

U.0.4Mfio.2-1G.2.O Complete!
