U.0.8Mfio.2G.1.O
Begin
Node 0 MemTotal:       24768352 kB
Node 0 MemFree:        24381280 kB
Node 0 MemUsed:          387072 kB
Node 0 Active:            45948 kB
Node 0 Inactive:          44984 kB
Node 0 Active(anon):      20488 kB
Node 0 Inactive(anon):      396 kB
Node 0 Active(file):      25460 kB
Node 0 Inactive(file):    44588 kB
Node 0 Unevictable:       17500 kB
Node 0 Mlocked:           17500 kB
Node 0 Dirty:                16 kB
Node 0 Writeback:             0 kB
Node 0 FilePages:         77964 kB
Node 0 Mapped:            29960 kB
Node 0 AnonPages:         30624 kB
Node 0 Shmem:               604 kB
Node 0 KernelStack:        1976 kB
Node 0 PageTables:          612 kB
Node 0 NFS_Unstable:          0 kB
Node 0 Bounce:                0 kB
Node 0 WritebackTmp:          0 kB
Node 0 KReclaimable:      24928 kB
Node 0 Slab:              60768 kB
Node 0 SReclaimable:      24928 kB
Node 0 SUnreclaim:        35840 kB
Node 0 AnonHugePages:         0 kB
Node 0 ShmemHugePages:        0 kB
Node 0 ShmemPmdMapped:        0 kB
Node 0 FileHugePages:        0 kB
Node 0 FilePmdMapped:        0 kB
Node 0 HugePages_Total:     0
Node 0 HugePages_Free:      0
Node 0 HugePages_Surp:      0

Node 1 MemTotal:       24661580 kB
Node 1 MemFree:        24436616 kB
Node 1 MemUsed:          224964 kB
Node 1 Active:            49088 kB
Node 1 Inactive:          44060 kB
Node 1 Active(anon):      13604 kB
Node 1 Inactive(anon):      468 kB
Node 1 Active(file):      35484 kB
Node 1 Inactive(file):    43592 kB
Node 1 Unevictable:        1024 kB
Node 1 Mlocked:            1024 kB
Node 1 Dirty:                 8 kB
Node 1 Writeback:             0 kB
Node 1 FilePages:         80788 kB
Node 1 Mapped:            13820 kB
Node 1 AnonPages:         13408 kB
Node 1 Shmem:               664 kB
Node 1 KernelStack:        1592 kB
Node 1 PageTables:          372 kB
Node 1 NFS_Unstable:          0 kB
Node 1 Bounce:                0 kB
Node 1 WritebackTmp:          0 kB
Node 1 KReclaimable:      17012 kB
Node 1 Slab:              45420 kB
Node 1 SReclaimable:      17012 kB
Node 1 SUnreclaim:        28408 kB
Node 1 AnonHugePages:         0 kB
Node 1 ShmemHugePages:        0 kB
Node 1 ShmemPmdMapped:        0 kB
Node 1 FileHugePages:        0 kB
Node 1 FilePmdMapped:        0 kB
Node 1 HugePages_Total:     0
Node 1 HugePages_Free:      0
Node 1 HugePages_Surp:      0

Load ZFS
Node 0 MemTotal:       24768352 kB
Node 0 MemFree:        24375304 kB
Node 0 MemUsed:          393048 kB
Node 0 Active:            56544 kB
Node 0 Inactive:          40324 kB
Node 0 Active(anon):      25060 kB
Node 0 Inactive(anon):      400 kB
Node 0 Active(file):      31484 kB
Node 0 Inactive(file):    39924 kB
Node 0 Unevictable:       17500 kB
Node 0 Mlocked:           17500 kB
Node 0 Dirty:                 0 kB
Node 0 Writeback:             0 kB
Node 0 FilePages:         79180 kB
Node 0 Mapped:            29908 kB
Node 0 AnonPages:         35100 kB
Node 0 Shmem:               604 kB
Node 0 KernelStack:        2136 kB
Node 0 PageTables:          980 kB
Node 0 NFS_Unstable:          0 kB
Node 0 Bounce:                0 kB
Node 0 WritebackTmp:          0 kB
Node 0 KReclaimable:      25500 kB
Node 0 Slab:              62236 kB
Node 0 SReclaimable:      25500 kB
Node 0 SUnreclaim:        36736 kB
Node 0 AnonHugePages:         0 kB
Node 0 ShmemHugePages:        0 kB
Node 0 ShmemPmdMapped:        0 kB
Node 0 FileHugePages:        0 kB
Node 0 FilePmdMapped:        0 kB
Node 0 HugePages_Total:     0
Node 0 HugePages_Free:      0
Node 0 HugePages_Surp:      0

Node 1 MemTotal:       24661580 kB
Node 1 MemFree:        24429720 kB
Node 1 MemUsed:          231860 kB
Node 1 Active:            54612 kB
Node 1 Inactive:          44600 kB
Node 1 Active(anon):      18344 kB
Node 1 Inactive(anon):      468 kB
Node 1 Active(file):      36268 kB
Node 1 Inactive(file):    44132 kB
Node 1 Unevictable:        1024 kB
Node 1 Mlocked:            1024 kB
Node 1 Dirty:                 0 kB
Node 1 Writeback:             0 kB
Node 1 FilePages:         82088 kB
Node 1 Mapped:            13984 kB
Node 1 AnonPages:         18288 kB
Node 1 Shmem:               664 kB
Node 1 KernelStack:        1688 kB
Node 1 PageTables:          532 kB
Node 1 NFS_Unstable:          0 kB
Node 1 Bounce:                0 kB
Node 1 WritebackTmp:          0 kB
Node 1 KReclaimable:      17588 kB
Node 1 Slab:              47436 kB
Node 1 SReclaimable:      17588 kB
Node 1 SUnreclaim:        29848 kB
Node 1 AnonHugePages:         0 kB
Node 1 ShmemHugePages:        0 kB
Node 1 ShmemPmdMapped:        0 kB
Node 1 FileHugePages:        0 kB
Node 1 FilePmdMapped:        0 kB
Node 1 HugePages_Total:     0
Node 1 HugePages_Free:      0
Node 1 HugePages_Surp:      0

Import tank ZPool
Node 0 MemTotal:       24768352 kB
Node 0 MemFree:        24370764 kB
Node 0 MemUsed:          397588 kB
Node 0 Active:            52516 kB
Node 0 Inactive:          41416 kB
Node 0 Active(anon):      20660 kB
Node 0 Inactive(anon):      404 kB
Node 0 Active(file):      31856 kB
Node 0 Inactive(file):    41012 kB
Node 0 Unevictable:       17500 kB
Node 0 Mlocked:           17500 kB
Node 0 Dirty:               112 kB
Node 0 Writeback:             0 kB
Node 0 FilePages:         80640 kB
Node 0 Mapped:            30104 kB
Node 0 AnonPages:         30820 kB
Node 0 Shmem:               604 kB
Node 0 KernelStack:        1960 kB
Node 0 PageTables:          676 kB
Node 0 NFS_Unstable:          0 kB
Node 0 Bounce:                0 kB
Node 0 WritebackTmp:          0 kB
Node 0 KReclaimable:      25616 kB
Node 0 Slab:              67420 kB
Node 0 SReclaimable:      25616 kB
Node 0 SUnreclaim:        41804 kB
Node 0 AnonHugePages:         0 kB
Node 0 ShmemHugePages:        0 kB
Node 0 ShmemPmdMapped:        0 kB
Node 0 FileHugePages:        0 kB
Node 0 FilePmdMapped:        0 kB
Node 0 HugePages_Total:     0
Node 0 HugePages_Free:      0
Node 0 HugePages_Surp:      0

Node 1 MemTotal:       24661580 kB
Node 1 MemFree:        24418956 kB
Node 1 MemUsed:          242624 kB
Node 1 Active:            49444 kB
Node 1 Inactive:          44664 kB
Node 1 Active(anon):      13128 kB
Node 1 Inactive(anon):      468 kB
Node 1 Active(file):      36316 kB
Node 1 Inactive(file):    44196 kB
Node 1 Unevictable:        1024 kB
Node 1 Mlocked:            1024 kB
Node 1 Dirty:                20 kB
Node 1 Writeback:             0 kB
Node 1 FilePages:         82204 kB
Node 1 Mapped:            13884 kB
Node 1 AnonPages:         12292 kB
Node 1 Shmem:               664 kB
Node 1 KernelStack:        2728 kB
Node 1 PageTables:          444 kB
Node 1 NFS_Unstable:          0 kB
Node 1 Bounce:                0 kB
Node 1 WritebackTmp:          0 kB
Node 1 KReclaimable:      17588 kB
Node 1 Slab:              50220 kB
Node 1 SReclaimable:      17588 kB
Node 1 SUnreclaim:        32632 kB
Node 1 AnonHugePages:         0 kB
Node 1 ShmemHugePages:        0 kB
Node 1 ShmemPmdMapped:        0 kB
Node 1 FileHugePages:        0 kB
Node 1 FilePmdMapped:        0 kB
Node 1 HugePages_Total:     0
Node 1 HugePages_Free:      0
Node 1 HugePages_Surp:      0

After Test
Node 0 MemTotal:       24768352 kB
Node 0 MemFree:        21874460 kB
Node 0 MemUsed:         2893892 kB
Node 0 Active:            53708 kB
Node 0 Inactive:          42364 kB
Node 0 Active(anon):      20780 kB
Node 0 Inactive(anon):      448 kB
Node 0 Active(file):      32928 kB
Node 0 Inactive(file):    41916 kB
Node 0 Unevictable:       17500 kB
Node 0 Mlocked:           17500 kB
Node 0 Dirty:                 0 kB
Node 0 Writeback:             0 kB
Node 0 FilePages:         82660 kB
Node 0 Mapped:            29908 kB
Node 0 AnonPages:         30676 kB
Node 0 Shmem:               648 kB
Node 0 KernelStack:        2008 kB
Node 0 PageTables:          824 kB
Node 0 NFS_Unstable:          0 kB
Node 0 Bounce:                0 kB
Node 0 WritebackTmp:          0 kB
Node 0 KReclaimable:      26976 kB
Node 0 Slab:              80624 kB
Node 0 SReclaimable:      26976 kB
Node 0 SUnreclaim:        53648 kB
Node 0 AnonHugePages:         0 kB
Node 0 ShmemHugePages:        0 kB
Node 0 ShmemPmdMapped:        0 kB
Node 0 FileHugePages:        0 kB
Node 0 FilePmdMapped:        0 kB
Node 0 HugePages_Total:     0
Node 0 HugePages_Free:      0
Node 0 HugePages_Surp:      0

Node 1 MemTotal:       24661580 kB
Node 1 MemFree:        23981960 kB
Node 1 MemUsed:          679620 kB
Node 1 Active:            48756 kB
Node 1 Inactive:          44664 kB
Node 1 Active(anon):      12412 kB
Node 1 Inactive(anon):      468 kB
Node 1 Active(file):      36344 kB
Node 1 Inactive(file):    44196 kB
Node 1 Unevictable:        1024 kB
Node 1 Mlocked:            1024 kB
Node 1 Dirty:                 0 kB
Node 1 Writeback:             0 kB
Node 1 FilePages:         82228 kB
Node 1 Mapped:            13824 kB
Node 1 AnonPages:         12216 kB
Node 1 Shmem:               664 kB
Node 1 KernelStack:        2680 kB
Node 1 PageTables:          372 kB
Node 1 NFS_Unstable:          0 kB
Node 1 Bounce:                0 kB
Node 1 WritebackTmp:          0 kB
Node 1 KReclaimable:      17592 kB
Node 1 Slab:              51628 kB
Node 1 SReclaimable:      17592 kB
Node 1 SUnreclaim:        34036 kB
Node 1 AnonHugePages:         0 kB
Node 1 ShmemHugePages:        0 kB
Node 1 ShmemPmdMapped:        0 kB
Node 1 FileHugePages:        0 kB
Node 1 FilePmdMapped:        0 kB
Node 1 HugePages_Total:     0
Node 1 HugePages_Free:      0
Node 1 HugePages_Surp:      0

After Opposite Node
Node 0 MemTotal:       24768352 kB
Node 0 MemFree:        21876192 kB
Node 0 MemUsed:         2892160 kB
Node 0 Active:            53696 kB
Node 0 Inactive:          42096 kB
Node 0 Active(anon):      20524 kB
Node 0 Inactive(anon):      404 kB
Node 0 Active(file):      33172 kB
Node 0 Inactive(file):    41692 kB
Node 0 Unevictable:       17500 kB
Node 0 Mlocked:           17500 kB
Node 0 Dirty:                40 kB
Node 0 Writeback:             0 kB
Node 0 FilePages:         82636 kB
Node 0 Mapped:            30112 kB
Node 0 AnonPages:         30652 kB
Node 0 Shmem:               604 kB
Node 0 KernelStack:        1960 kB
Node 0 PageTables:          632 kB
Node 0 NFS_Unstable:          0 kB
Node 0 Bounce:                0 kB
Node 0 WritebackTmp:          0 kB
Node 0 KReclaimable:      26976 kB
Node 0 Slab:              80644 kB
Node 0 SReclaimable:      26976 kB
Node 0 SUnreclaim:        53668 kB
Node 0 AnonHugePages:         0 kB
Node 0 ShmemHugePages:        0 kB
Node 0 ShmemPmdMapped:        0 kB
Node 0 FileHugePages:        0 kB
Node 0 FilePmdMapped:        0 kB
Node 0 HugePages_Total:     0
Node 0 HugePages_Free:      0
Node 0 HugePages_Surp:      0

Node 1 MemTotal:       24661580 kB
Node 1 MemFree:        23979516 kB
Node 1 MemUsed:          682064 kB
Node 1 Active:            48944 kB
Node 1 Inactive:          44704 kB
Node 1 Active(anon):      12572 kB
Node 1 Inactive(anon):      492 kB
Node 1 Active(file):      36372 kB
Node 1 Inactive(file):    44212 kB
Node 1 Unevictable:        1024 kB
Node 1 Mlocked:            1024 kB
Node 1 Dirty:                16 kB
Node 1 Writeback:             0 kB
Node 1 FilePages:         82316 kB
Node 1 Mapped:            13868 kB
Node 1 AnonPages:         12272 kB
Node 1 Shmem:               708 kB
Node 1 KernelStack:        2696 kB
Node 1 PageTables:          484 kB
Node 1 NFS_Unstable:          0 kB
Node 1 Bounce:                0 kB
Node 1 WritebackTmp:          0 kB
Node 1 KReclaimable:      17644 kB
Node 1 Slab:              52484 kB
Node 1 SReclaimable:      17644 kB
Node 1 SUnreclaim:        34840 kB
Node 1 AnonHugePages:         0 kB
Node 1 ShmemHugePages:        0 kB
Node 1 ShmemPmdMapped:        0 kB
Node 1 FileHugePages:        0 kB
Node 1 FilePmdMapped:        0 kB
Node 1 HugePages_Total:     0
Node 1 HugePages_Free:      0
Node 1 HugePages_Surp:      0

U.0.8Mfio.2G.1.O Complete!
