kernel.numa_balancing = 0
25 Tests Remaining!
B.0.simpleread.2-1G.3.O
Begin
Node 0 MemTotal:       24768352 kB
Node 0 MemFree:        24478488 kB
Node 0 MemUsed:          289864 kB
Node 0 Active:            52584 kB
Node 0 Inactive:          89464 kB
Node 0 Active(anon):      14692 kB
Node 0 Inactive(anon):      420 kB
Node 0 Active(file):      37892 kB
Node 0 Inactive(file):    89044 kB
Node 0 Unevictable:       12896 kB
Node 0 Mlocked:           12896 kB
Node 0 Dirty:               496 kB
Node 0 Writeback:             0 kB
Node 0 FilePages:        130092 kB
Node 0 Mapped:            39088 kB
Node 0 AnonPages:         24652 kB
Node 0 Shmem:               584 kB
Node 0 KernelStack:        2280 kB
Node 0 PageTables:          776 kB
Node 0 NFS_Unstable:          0 kB
Node 0 Bounce:                0 kB
Node 0 WritebackTmp:          0 kB
Node 0 KReclaimable:      23640 kB
Node 0 Slab:              52760 kB
Node 0 SReclaimable:      23640 kB
Node 0 SUnreclaim:        29120 kB
Node 0 AnonHugePages:         0 kB
Node 0 ShmemHugePages:        0 kB
Node 0 ShmemPmdMapped:        0 kB
Node 0 FileHugePages:        0 kB
Node 0 FilePmdMapped:        0 kB
Node 0 HugePages_Total:     0
Node 0 HugePages_Free:      0
Node 0 HugePages_Surp:      0

Node 1 MemTotal:       24661580 kB
Node 1 MemFree:        24313320 kB
Node 1 MemUsed:          348260 kB
Node 1 Active:            45692 kB
Node 1 Inactive:          27884 kB
Node 1 Active(anon):      20412 kB
Node 1 Inactive(anon):      448 kB
Node 1 Active(file):      25280 kB
Node 1 Inactive(file):    27436 kB
Node 1 Unevictable:        5624 kB
Node 1 Mlocked:            5624 kB
Node 1 Dirty:                24 kB
Node 1 Writeback:             0 kB
Node 1 FilePages:         59020 kB
Node 1 Mapped:            21560 kB
Node 1 AnonPages:         20060 kB
Node 1 Shmem:               684 kB
Node 1 KernelStack:        1560 kB
Node 1 PageTables:          616 kB
Node 1 NFS_Unstable:          0 kB
Node 1 Bounce:                0 kB
Node 1 WritebackTmp:          0 kB
Node 1 KReclaimable:      18628 kB
Node 1 Slab:              53612 kB
Node 1 SReclaimable:      18628 kB
Node 1 SUnreclaim:        34984 kB
Node 1 AnonHugePages:         0 kB
Node 1 ShmemHugePages:        0 kB
Node 1 ShmemPmdMapped:        0 kB
Node 1 FileHugePages:        0 kB
Node 1 FilePmdMapped:        0 kB
Node 1 HugePages_Total:     0
Node 1 HugePages_Free:      0
Node 1 HugePages_Surp:      0

Load ZFS
Node 0 MemTotal:       24768352 kB
Node 0 MemFree:        24454340 kB
Node 0 MemUsed:          314012 kB
Node 0 Active:            68072 kB
Node 0 Inactive:          90660 kB
Node 0 Active(anon):      28568 kB
Node 0 Inactive(anon):      488 kB
Node 0 Active(file):      39504 kB
Node 0 Inactive(file):    90172 kB
Node 0 Unevictable:       13112 kB
Node 0 Mlocked:           13112 kB
Node 0 Dirty:               544 kB
Node 0 Writeback:             0 kB
Node 0 FilePages:        132876 kB
Node 0 Mapped:            40220 kB
Node 0 AnonPages:         38856 kB
Node 0 Shmem:               628 kB
Node 0 KernelStack:        2436 kB
Node 0 PageTables:         1924 kB
Node 0 NFS_Unstable:          0 kB
Node 0 Bounce:                0 kB
Node 0 WritebackTmp:          0 kB
Node 0 KReclaimable:      24104 kB
Node 0 Slab:              55712 kB
Node 0 SReclaimable:      24104 kB
Node 0 SUnreclaim:        31608 kB
Node 0 AnonHugePages:         0 kB
Node 0 ShmemHugePages:        0 kB
Node 0 ShmemPmdMapped:        0 kB
Node 0 FileHugePages:        0 kB
Node 0 FilePmdMapped:        0 kB
Node 0 HugePages_Total:     0
Node 0 HugePages_Free:      0
Node 0 HugePages_Surp:      0

Node 1 MemTotal:       24661580 kB
Node 1 MemFree:        24193188 kB
Node 1 MemUsed:          468392 kB
Node 1 Active:            57132 kB
Node 1 Inactive:         130160 kB
Node 1 Active(anon):      31212 kB
Node 1 Inactive(anon):      456 kB
Node 1 Active(file):      25920 kB
Node 1 Inactive(file):   129704 kB
Node 1 Unevictable:        5624 kB
Node 1 Mlocked:            5624 kB
Node 1 Dirty:                48 kB
Node 1 Writeback:             0 kB
Node 1 FilePages:        161884 kB
Node 1 Mapped:            24216 kB
Node 1 AnonPages:         31032 kB
Node 1 Shmem:               640 kB
Node 1 KernelStack:        1752 kB
Node 1 PageTables:         1452 kB
Node 1 NFS_Unstable:          0 kB
Node 1 Bounce:                0 kB
Node 1 WritebackTmp:          0 kB
Node 1 KReclaimable:      19536 kB
Node 1 Slab:              56964 kB
Node 1 SReclaimable:      19536 kB
Node 1 SUnreclaim:        37428 kB
Node 1 AnonHugePages:         0 kB
Node 1 ShmemHugePages:        0 kB
Node 1 ShmemPmdMapped:        0 kB
Node 1 FileHugePages:        0 kB
Node 1 FilePmdMapped:        0 kB
Node 1 HugePages_Total:     0
Node 1 HugePages_Free:      0
Node 1 HugePages_Surp:      0

Import tank ZPool
Node 0 MemTotal:       24768352 kB
Node 0 MemFree:        24463020 kB
Node 0 MemUsed:          305332 kB
Node 0 Active:            53764 kB
Node 0 Inactive:          91656 kB
Node 0 Active(anon):      13328 kB
Node 0 Inactive(anon):      492 kB
Node 0 Active(file):      40436 kB
Node 0 Inactive(file):    91164 kB
Node 0 Unevictable:       13128 kB
Node 0 Mlocked:           13128 kB
Node 0 Dirty:               512 kB
Node 0 Writeback:             0 kB
Node 0 FilePages:        134512 kB
Node 0 Mapped:            39232 kB
Node 0 AnonPages:         23632 kB
Node 0 Shmem:               632 kB
Node 0 KernelStack:        2184 kB
Node 0 PageTables:          848 kB
Node 0 NFS_Unstable:          0 kB
Node 0 Bounce:                0 kB
Node 0 WritebackTmp:          0 kB
Node 0 KReclaimable:      24228 kB
Node 0 Slab:              60876 kB
Node 0 SReclaimable:      24228 kB
Node 0 SUnreclaim:        36648 kB
Node 0 AnonHugePages:         0 kB
Node 0 ShmemHugePages:        0 kB
Node 0 ShmemPmdMapped:        0 kB
Node 0 FileHugePages:        0 kB
Node 0 FilePmdMapped:        0 kB
Node 0 HugePages_Total:     0
Node 0 HugePages_Free:      0
Node 0 HugePages_Surp:      0

Node 1 MemTotal:       24661580 kB
Node 1 MemFree:        24188732 kB
Node 1 MemUsed:          472848 kB
Node 1 Active:            47128 kB
Node 1 Inactive:         130104 kB
Node 1 Active(anon):      21148 kB
Node 1 Inactive(anon):      456 kB
Node 1 Active(file):      25980 kB
Node 1 Inactive(file):   129648 kB
Node 1 Unevictable:        5624 kB
Node 1 Mlocked:            5624 kB
Node 1 Dirty:                60 kB
Node 1 Writeback:             0 kB
Node 1 FilePages:        161904 kB
Node 1 Mapped:            22236 kB
Node 1 AnonPages:         20984 kB
Node 1 Shmem:               636 kB
Node 1 KernelStack:        2664 kB
Node 1 PageTables:          900 kB
Node 1 NFS_Unstable:          0 kB
Node 1 Bounce:                0 kB
Node 1 WritebackTmp:          0 kB
Node 1 KReclaimable:      19536 kB
Node 1 Slab:              59016 kB
Node 1 SReclaimable:      19536 kB
Node 1 SUnreclaim:        39480 kB
Node 1 AnonHugePages:         0 kB
Node 1 ShmemHugePages:        0 kB
Node 1 ShmemPmdMapped:        0 kB
Node 1 FileHugePages:        0 kB
Node 1 FilePmdMapped:        0 kB
Node 1 HugePages_Total:     0
Node 1 HugePages_Free:      0
Node 1 HugePages_Surp:      0

After Test
Node 0 MemTotal:       24768352 kB
Node 0 MemFree:        23013792 kB
Node 0 MemUsed:         1754560 kB
Node 0 Active:            53868 kB
Node 0 Inactive:          91348 kB
Node 0 Active(anon):      12888 kB
Node 0 Inactive(anon):      492 kB
Node 0 Active(file):      40980 kB
Node 0 Inactive(file):    90856 kB
Node 0 Unevictable:       13128 kB
Node 0 Mlocked:           13128 kB
Node 0 Dirty:               452 kB
Node 0 Writeback:             0 kB
Node 0 FilePages:        135040 kB
Node 0 Mapped:            39012 kB
Node 0 AnonPages:         23344 kB
Node 0 Shmem:               632 kB
Node 0 KernelStack:        1992 kB
Node 0 PageTables:          560 kB
Node 0 NFS_Unstable:          0 kB
Node 0 Bounce:                0 kB
Node 0 WritebackTmp:          0 kB
Node 0 KReclaimable:      24348 kB
Node 0 Slab:              68572 kB
Node 0 SReclaimable:      24348 kB
Node 0 SUnreclaim:        44224 kB
Node 0 AnonHugePages:         0 kB
Node 0 ShmemHugePages:        0 kB
Node 0 ShmemPmdMapped:        0 kB
Node 0 FileHugePages:        0 kB
Node 0 FilePmdMapped:        0 kB
Node 0 HugePages_Total:     0
Node 0 HugePages_Free:      0
Node 0 HugePages_Surp:      0

Node 1 MemTotal:       24661580 kB
Node 1 MemFree:        23765196 kB
Node 1 MemUsed:          896384 kB
Node 1 Active:            46936 kB
Node 1 Inactive:         129852 kB
Node 1 Active(anon):      20664 kB
Node 1 Inactive(anon):      456 kB
Node 1 Active(file):      26272 kB
Node 1 Inactive(file):   129396 kB
Node 1 Unevictable:        5624 kB
Node 1 Mlocked:            5624 kB
Node 1 Dirty:                52 kB
Node 1 Writeback:             0 kB
Node 1 FilePages:        161940 kB
Node 1 Mapped:            21596 kB
Node 1 AnonPages:         20520 kB
Node 1 Shmem:               636 kB
Node 1 KernelStack:        2568 kB
Node 1 PageTables:          588 kB
Node 1 NFS_Unstable:          0 kB
Node 1 Bounce:                0 kB
Node 1 WritebackTmp:          0 kB
Node 1 KReclaimable:      19540 kB
Node 1 Slab:              60864 kB
Node 1 SReclaimable:      19540 kB
Node 1 SUnreclaim:        41324 kB
Node 1 AnonHugePages:         0 kB
Node 1 ShmemHugePages:        0 kB
Node 1 ShmemPmdMapped:        0 kB
Node 1 FileHugePages:        0 kB
Node 1 FilePmdMapped:        0 kB
Node 1 HugePages_Total:     0
Node 1 HugePages_Free:      0
Node 1 HugePages_Surp:      0

After Opposite Node
Node 0 MemTotal:       24768352 kB
Node 0 MemFree:        23013252 kB
Node 0 MemUsed:         1755100 kB
Node 0 Active:            53824 kB
Node 0 Inactive:          91108 kB
Node 0 Active(anon):      12592 kB
Node 0 Inactive(anon):      492 kB
Node 0 Active(file):      41232 kB
Node 0 Inactive(file):    90616 kB
Node 0 Unevictable:       13128 kB
Node 0 Mlocked:           13128 kB
Node 0 Dirty:                52 kB
Node 0 Writeback:             0 kB
Node 0 FilePages:        135052 kB
Node 0 Mapped:            39216 kB
Node 0 AnonPages:         23008 kB
Node 0 Shmem:               632 kB
Node 0 KernelStack:        1976 kB
Node 0 PageTables:          512 kB
Node 0 NFS_Unstable:          0 kB
Node 0 Bounce:                0 kB
Node 0 WritebackTmp:          0 kB
Node 0 KReclaimable:      24388 kB
Node 0 Slab:              69124 kB
Node 0 SReclaimable:      24388 kB
Node 0 SUnreclaim:        44736 kB
Node 0 AnonHugePages:         0 kB
Node 0 ShmemHugePages:        0 kB
Node 0 ShmemPmdMapped:        0 kB
Node 0 FileHugePages:        0 kB
Node 0 FilePmdMapped:        0 kB
Node 0 HugePages_Total:     0
Node 0 HugePages_Free:      0
Node 0 HugePages_Surp:      0

Node 1 MemTotal:       24661580 kB
Node 1 MemFree:        23765068 kB
Node 1 MemUsed:          896512 kB
Node 1 Active:            47380 kB
Node 1 Inactive:         129812 kB
Node 1 Active(anon):      21052 kB
Node 1 Inactive(anon):      448 kB
Node 1 Active(file):      26328 kB
Node 1 Inactive(file):   129364 kB
Node 1 Unevictable:        5624 kB
Node 1 Mlocked:            5624 kB
Node 1 Dirty:                28 kB
Node 1 Writeback:             0 kB
Node 1 FilePages:        161948 kB
Node 1 Mapped:            21588 kB
Node 1 AnonPages:         20864 kB
Node 1 Shmem:               636 kB
Node 1 KernelStack:        2568 kB
Node 1 PageTables:          640 kB
Node 1 NFS_Unstable:          0 kB
Node 1 Bounce:                0 kB
Node 1 WritebackTmp:          0 kB
Node 1 KReclaimable:      19572 kB
Node 1 Slab:              60980 kB
Node 1 SReclaimable:      19572 kB
Node 1 SUnreclaim:        41408 kB
Node 1 AnonHugePages:         0 kB
Node 1 ShmemHugePages:        0 kB
Node 1 ShmemPmdMapped:        0 kB
Node 1 FileHugePages:        0 kB
Node 1 FilePmdMapped:        0 kB
Node 1 HugePages_Total:     0
Node 1 HugePages_Free:      0
Node 1 HugePages_Surp:      0

B.0.simpleread.2-1G.3.O Complete!
