kernel.numa_balancing = 0
B.0.simpleread.16G.3.O
Begin
Node 0 MemTotal:       24743736 kB
Node 0 MemFree:        24545912 kB
Node 0 MemUsed:          197824 kB
Node 0 Active:            35844 kB
Node 0 Inactive:          16080 kB
Node 0 Active(anon):      10624 kB
Node 0 Inactive(anon):      416 kB
Node 0 Active(file):      25220 kB
Node 0 Inactive(file):    15664 kB
Node 0 Unevictable:        5768 kB
Node 0 Mlocked:            5768 kB
Node 0 Dirty:               272 kB
Node 0 Writeback:             0 kB
Node 0 FilePages:         47752 kB
Node 0 Mapped:            17848 kB
Node 0 AnonPages:         10392 kB
Node 0 Shmem:               652 kB
Node 0 KernelStack:        2264 kB
Node 0 PageTables:          304 kB
Node 0 NFS_Unstable:          0 kB
Node 0 Bounce:                0 kB
Node 0 WritebackTmp:          0 kB
Node 0 KReclaimable:      20168 kB
Node 0 Slab:              54572 kB
Node 0 SReclaimable:      20168 kB
Node 0 SUnreclaim:        34404 kB
Node 0 AnonHugePages:         0 kB
Node 0 ShmemHugePages:        0 kB
Node 0 ShmemPmdMapped:        0 kB
Node 0 FileHugePages:        0 kB
Node 0 FilePmdMapped:        0 kB
Node 0 HugePages_Total:     0
Node 0 HugePages_Free:      0
Node 0 HugePages_Surp:      0

Node 1 MemTotal:       24686196 kB
Node 1 MemFree:        24237484 kB
Node 1 MemUsed:          448712 kB
Node 1 Active:            61948 kB
Node 1 Inactive:         109332 kB
Node 1 Active(anon):      23300 kB
Node 1 Inactive(anon):      460 kB
Node 1 Active(file):      38648 kB
Node 1 Inactive(file):   108872 kB
Node 1 Unevictable:       12752 kB
Node 1 Mlocked:           12752 kB
Node 1 Dirty:               132 kB
Node 1 Writeback:             0 kB
Node 1 FilePages:        150564 kB
Node 1 Mapped:            56504 kB
Node 1 AnonPages:         33468 kB
Node 1 Shmem:               616 kB
Node 1 KernelStack:        1352 kB
Node 1 PageTables:          812 kB
Node 1 NFS_Unstable:          0 kB
Node 1 Bounce:                0 kB
Node 1 WritebackTmp:          0 kB
Node 1 KReclaimable:      21004 kB
Node 1 Slab:              49460 kB
Node 1 SReclaimable:      21004 kB
Node 1 SUnreclaim:        28456 kB
Node 1 AnonHugePages:         0 kB
Node 1 ShmemHugePages:        0 kB
Node 1 ShmemPmdMapped:        0 kB
Node 1 FileHugePages:        0 kB
Node 1 FilePmdMapped:        0 kB
Node 1 HugePages_Total:     0
Node 1 HugePages_Free:      0
Node 1 HugePages_Surp:      0

Load ZFS
Node 0 MemTotal:       24743736 kB
Node 0 MemFree:        24524032 kB
Node 0 MemUsed:          219704 kB
Node 0 Active:            50180 kB
Node 0 Inactive:          16756 kB
Node 0 Active(anon):      23816 kB
Node 0 Inactive(anon):      568 kB
Node 0 Active(file):      26364 kB
Node 0 Inactive(file):    16188 kB
Node 0 Unevictable:        5768 kB
Node 0 Mlocked:            5768 kB
Node 0 Dirty:                68 kB
Node 0 Writeback:             0 kB
Node 0 FilePages:         49092 kB
Node 0 Mapped:            19572 kB
Node 0 AnonPages:         23640 kB
Node 0 Shmem:               776 kB
Node 0 KernelStack:        2472 kB
Node 0 PageTables:         1248 kB
Node 0 NFS_Unstable:          0 kB
Node 0 Bounce:                0 kB
Node 0 WritebackTmp:          0 kB
Node 0 KReclaimable:      20964 kB
Node 0 Slab:              58048 kB
Node 0 SReclaimable:      20964 kB
Node 0 SUnreclaim:        37084 kB
Node 0 AnonHugePages:         0 kB
Node 0 ShmemHugePages:        0 kB
Node 0 ShmemPmdMapped:        0 kB
Node 0 FileHugePages:        0 kB
Node 0 FilePmdMapped:        0 kB
Node 0 HugePages_Total:     0
Node 0 HugePages_Free:      0
Node 0 HugePages_Surp:      0

Node 1 MemTotal:       24686196 kB
Node 1 MemFree:        24118860 kB
Node 1 MemUsed:          567336 kB
Node 1 Active:            72228 kB
Node 1 Inactive:         212344 kB
Node 1 Active(anon):      32040 kB
Node 1 Inactive(anon):      376 kB
Node 1 Active(file):      40188 kB
Node 1 Inactive(file):   211968 kB
Node 1 Unevictable:       12968 kB
Node 1 Mlocked:           12968 kB
Node 1 Dirty:               504 kB
Node 1 Writeback:             0 kB
Node 1 FilePages:        255076 kB
Node 1 Mapped:            58984 kB
Node 1 AnonPages:         42908 kB
Node 1 Shmem:               492 kB
Node 1 KernelStack:        1548 kB
Node 1 PageTables:         1332 kB
Node 1 NFS_Unstable:          0 kB
Node 1 Bounce:                0 kB
Node 1 WritebackTmp:          0 kB
Node 1 KReclaimable:      22064 kB
Node 1 Slab:              53712 kB
Node 1 SReclaimable:      22064 kB
Node 1 SUnreclaim:        31648 kB
Node 1 AnonHugePages:         0 kB
Node 1 ShmemHugePages:        0 kB
Node 1 ShmemPmdMapped:        0 kB
Node 1 FileHugePages:        0 kB
Node 1 FilePmdMapped:        0 kB
Node 1 HugePages_Total:     0
Node 1 HugePages_Free:      0
Node 1 HugePages_Surp:      0

Import tank ZPool
Node 0 MemTotal:       24743736 kB
Node 0 MemFree:        24504208 kB
Node 0 MemUsed:          239528 kB
Node 0 Active:            50512 kB
Node 0 Inactive:          17988 kB
Node 0 Active(anon):      23684 kB
Node 0 Inactive(anon):      572 kB
Node 0 Active(file):      26828 kB
Node 0 Inactive(file):    17416 kB
Node 0 Unevictable:        5768 kB
Node 0 Mlocked:            5768 kB
Node 0 Dirty:               108 kB
Node 0 Writeback:             0 kB
Node 0 FilePages:         50788 kB
Node 0 Mapped:            19820 kB
Node 0 AnonPages:         23076 kB
Node 0 Shmem:               776 kB
Node 0 KernelStack:        3544 kB
Node 0 PageTables:         1264 kB
Node 0 NFS_Unstable:          0 kB
Node 0 Bounce:                0 kB
Node 0 WritebackTmp:          0 kB
Node 0 KReclaimable:      21120 kB
Node 0 Slab:              65044 kB
Node 0 SReclaimable:      21120 kB
Node 0 SUnreclaim:        43924 kB
Node 0 AnonHugePages:         0 kB
Node 0 ShmemHugePages:        0 kB
Node 0 ShmemPmdMapped:        0 kB
Node 0 FileHugePages:        0 kB
Node 0 FilePmdMapped:        0 kB
Node 0 HugePages_Total:     0
Node 0 HugePages_Free:      0
Node 0 HugePages_Surp:      0

Node 1 MemTotal:       24686196 kB
Node 1 MemFree:        24119016 kB
Node 1 MemUsed:          567180 kB
Node 1 Active:            72288 kB
Node 1 Inactive:         212336 kB
Node 1 Active(anon):      32092 kB
Node 1 Inactive(anon):      376 kB
Node 1 Active(file):      40196 kB
Node 1 Inactive(file):   211960 kB
Node 1 Unevictable:       12984 kB
Node 1 Mlocked:           12984 kB
Node 1 Dirty:               464 kB
Node 1 Writeback:             0 kB
Node 1 FilePages:        255112 kB
Node 1 Mapped:            58672 kB
Node 1 AnonPages:         42532 kB
Node 1 Shmem:               492 kB
Node 1 KernelStack:        1608 kB
Node 1 PageTables:         1300 kB
Node 1 NFS_Unstable:          0 kB
Node 1 Bounce:                0 kB
Node 1 WritebackTmp:          0 kB
Node 1 KReclaimable:      22068 kB
Node 1 Slab:              53748 kB
Node 1 SReclaimable:      22068 kB
Node 1 SUnreclaim:        31680 kB
Node 1 AnonHugePages:         0 kB
Node 1 ShmemHugePages:        0 kB
Node 1 ShmemPmdMapped:        0 kB
Node 1 FileHugePages:        0 kB
Node 1 FilePmdMapped:        0 kB
Node 1 HugePages_Total:     0
Node 1 HugePages_Free:      0
Node 1 HugePages_Surp:      0

After Test
Node 0 MemTotal:       24743736 kB
Node 0 MemFree:         7796128 kB
Node 0 MemUsed:        16947608 kB
Node 0 Active:            38400 kB
Node 0 Inactive:          17088 kB
Node 0 Active(anon):      10336 kB
Node 0 Inactive(anon):      564 kB
Node 0 Active(file):      28064 kB
Node 0 Inactive(file):    16524 kB
Node 0 Unevictable:        5768 kB
Node 0 Mlocked:            5768 kB
Node 0 Dirty:                28 kB
Node 0 Writeback:             0 kB
Node 0 FilePages:         51140 kB
Node 0 Mapped:            18336 kB
Node 0 AnonPages:         10152 kB
Node 0 Shmem:               772 kB
Node 0 KernelStack:        3192 kB
Node 0 PageTables:          396 kB
Node 0 NFS_Unstable:          0 kB
Node 0 Bounce:                0 kB
Node 0 WritebackTmp:          0 kB
Node 0 KReclaimable:      21252 kB
Node 0 Slab:             122608 kB
Node 0 SReclaimable:      21252 kB
Node 0 SUnreclaim:       101356 kB
Node 0 AnonHugePages:         0 kB
Node 0 ShmemHugePages:        0 kB
Node 0 ShmemPmdMapped:        0 kB
Node 0 FileHugePages:        0 kB
Node 0 FilePmdMapped:        0 kB
Node 0 HugePages_Total:     0
Node 0 HugePages_Free:      0
Node 0 HugePages_Surp:      0

Node 1 MemTotal:       24686196 kB
Node 1 MemFree:        23193768 kB
Node 1 MemUsed:         1492428 kB
Node 1 Active:            63880 kB
Node 1 Inactive:         212088 kB
Node 1 Active(anon):      23200 kB
Node 1 Inactive(anon):      376 kB
Node 1 Active(file):      40680 kB
Node 1 Inactive(file):   211712 kB
Node 1 Unevictable:       12984 kB
Node 1 Mlocked:           12984 kB
Node 1 Dirty:                20 kB
Node 1 Writeback:             0 kB
Node 1 FilePages:        255324 kB
Node 1 Mapped:            56608 kB
Node 1 AnonPages:         33640 kB
Node 1 Shmem:               496 kB
Node 1 KernelStack:        1256 kB
Node 1 PageTables:          792 kB
Node 1 NFS_Unstable:          0 kB
Node 1 Bounce:                0 kB
Node 1 WritebackTmp:          0 kB
Node 1 KReclaimable:      22144 kB
Node 1 Slab:              56920 kB
Node 1 SReclaimable:      22144 kB
Node 1 SUnreclaim:        34776 kB
Node 1 AnonHugePages:         0 kB
Node 1 ShmemHugePages:        0 kB
Node 1 ShmemPmdMapped:        0 kB
Node 1 FileHugePages:        0 kB
Node 1 FilePmdMapped:        0 kB
Node 1 HugePages_Total:     0
Node 1 HugePages_Free:      0
Node 1 HugePages_Surp:      0

After Opposite Node
Node 0 MemTotal:       24743736 kB
Node 0 MemFree:         7799416 kB
Node 0 MemUsed:        16944320 kB
Node 0 Active:            38420 kB
Node 0 Inactive:          16816 kB
Node 0 Active(anon):      10020 kB
Node 0 Inactive(anon):      564 kB
Node 0 Active(file):      28400 kB
Node 0 Inactive(file):    16252 kB
Node 0 Unevictable:        5768 kB
Node 0 Mlocked:            5768 kB
Node 0 Dirty:                32 kB
Node 0 Writeback:             0 kB
Node 0 FilePages:         51196 kB
Node 0 Mapped:            18128 kB
Node 0 AnonPages:          9812 kB
Node 0 Shmem:               772 kB
Node 0 KernelStack:        3176 kB
Node 0 PageTables:          348 kB
Node 0 NFS_Unstable:          0 kB
Node 0 Bounce:                0 kB
Node 0 WritebackTmp:          0 kB
Node 0 KReclaimable:      21260 kB
Node 0 Slab:             122896 kB
Node 0 SReclaimable:      21260 kB
Node 0 SUnreclaim:       101636 kB
Node 0 AnonHugePages:         0 kB
Node 0 ShmemHugePages:        0 kB
Node 0 ShmemPmdMapped:        0 kB
Node 0 FileHugePages:        0 kB
Node 0 FilePmdMapped:        0 kB
Node 0 HugePages_Total:     0
Node 0 HugePages_Free:      0
Node 0 HugePages_Surp:      0

Node 1 MemTotal:       24686196 kB
Node 1 MemFree:        23193016 kB
Node 1 MemUsed:         1493180 kB
Node 1 Active:            64244 kB
Node 1 Inactive:         212092 kB
Node 1 Active(anon):      23552 kB
Node 1 Inactive(anon):      376 kB
Node 1 Active(file):      40692 kB
Node 1 Inactive(file):   211716 kB
Node 1 Unevictable:       12984 kB
Node 1 Mlocked:           12984 kB
Node 1 Dirty:                32 kB
Node 1 Writeback:             0 kB
Node 1 FilePages:        255332 kB
Node 1 Mapped:            56584 kB
Node 1 AnonPages:         33988 kB
Node 1 Shmem:               496 kB
Node 1 KernelStack:        1272 kB
Node 1 PageTables:          840 kB
Node 1 NFS_Unstable:          0 kB
Node 1 Bounce:                0 kB
Node 1 WritebackTmp:          0 kB
Node 1 KReclaimable:      22148 kB
Node 1 Slab:              57116 kB
Node 1 SReclaimable:      22148 kB
Node 1 SUnreclaim:        34968 kB
Node 1 AnonHugePages:         0 kB
Node 1 ShmemHugePages:        0 kB
Node 1 ShmemPmdMapped:        0 kB
Node 1 FileHugePages:        0 kB
Node 1 FilePmdMapped:        0 kB
Node 1 HugePages_Total:     0
Node 1 HugePages_Free:      0
Node 1 HugePages_Surp:      0

B.0.simpleread.16G.3.O Complete!
