kernel.numa_balancing = 0
B.0.simpleread.2G.1.O
Begin
Node 0 MemTotal:       24768352 kB
Node 0 MemFree:        24542608 kB
Node 0 MemUsed:          225744 kB
Node 0 Active:            36740 kB
Node 0 Inactive:          47884 kB
Node 0 Active(anon):       9088 kB
Node 0 Inactive(anon):      436 kB
Node 0 Active(file):      27652 kB
Node 0 Inactive(file):    47448 kB
Node 0 Unevictable:        5996 kB
Node 0 Mlocked:            5996 kB
Node 0 Dirty:               148 kB
Node 0 Writeback:             0 kB
Node 0 FilePages:         81720 kB
Node 0 Mapped:            44088 kB
Node 0 AnonPages:          8940 kB
Node 0 Shmem:               628 kB
Node 0 KernelStack:        2072 kB
Node 0 PageTables:          484 kB
Node 0 NFS_Unstable:          0 kB
Node 0 Bounce:                0 kB
Node 0 WritebackTmp:          0 kB
Node 0 KReclaimable:      21912 kB
Node 0 Slab:              51480 kB
Node 0 SReclaimable:      21912 kB
Node 0 SUnreclaim:        29568 kB
Node 0 AnonHugePages:         0 kB
Node 0 ShmemHugePages:        0 kB
Node 0 ShmemPmdMapped:        0 kB
Node 0 FileHugePages:        0 kB
Node 0 FilePmdMapped:        0 kB
Node 0 HugePages_Total:     0
Node 0 HugePages_Free:      0
Node 0 HugePages_Surp:      0

Node 1 MemTotal:       24661580 kB
Node 1 MemFree:        24254336 kB
Node 1 MemUsed:          407244 kB
Node 1 Active:            59308 kB
Node 1 Inactive:          63724 kB
Node 1 Active(anon):      24436 kB
Node 1 Inactive(anon):      432 kB
Node 1 Active(file):      34872 kB
Node 1 Inactive(file):    63292 kB
Node 1 Unevictable:       12524 kB
Node 1 Mlocked:           12524 kB
Node 1 Dirty:               380 kB
Node 1 Writeback:             0 kB
Node 1 FilePages:        101044 kB
Node 1 Mapped:            19000 kB
Node 1 AnonPages:         34572 kB
Node 1 Shmem:               640 kB
Node 1 KernelStack:        1576 kB
Node 1 PageTables:          676 kB
Node 1 NFS_Unstable:          0 kB
Node 1 Bounce:                0 kB
Node 1 WritebackTmp:          0 kB
Node 1 KReclaimable:      20932 kB
Node 1 Slab:              56840 kB
Node 1 SReclaimable:      20932 kB
Node 1 SUnreclaim:        35908 kB
Node 1 AnonHugePages:         0 kB
Node 1 ShmemHugePages:        0 kB
Node 1 ShmemPmdMapped:        0 kB
Node 1 FileHugePages:        0 kB
Node 1 FilePmdMapped:        0 kB
Node 1 HugePages_Total:     0
Node 1 HugePages_Free:      0
Node 1 HugePages_Surp:      0

Load ZFS
Node 0 MemTotal:       24768352 kB
Node 0 MemFree:        24508560 kB
Node 0 MemUsed:          259792 kB
Node 0 Active:            56368 kB
Node 0 Inactive:          52728 kB
Node 0 Active(anon):      27928 kB
Node 0 Inactive(anon):      456 kB
Node 0 Active(file):      28440 kB
Node 0 Inactive(file):    52272 kB
Node 0 Unevictable:        5996 kB
Node 0 Mlocked:            5996 kB
Node 0 Dirty:               464 kB
Node 0 Writeback:             0 kB
Node 0 FilePages:         87332 kB
Node 0 Mapped:            46704 kB
Node 0 AnonPages:         27756 kB
Node 0 Shmem:               628 kB
Node 0 KernelStack:        2504 kB
Node 0 PageTables:         1668 kB
Node 0 NFS_Unstable:          0 kB
Node 0 Bounce:                0 kB
Node 0 WritebackTmp:          0 kB
Node 0 KReclaimable:      22496 kB
Node 0 Slab:              55580 kB
Node 0 SReclaimable:      22496 kB
Node 0 SUnreclaim:        33084 kB
Node 0 AnonHugePages:         0 kB
Node 0 ShmemHugePages:        0 kB
Node 0 ShmemPmdMapped:        0 kB
Node 0 FileHugePages:        0 kB
Node 0 FilePmdMapped:        0 kB
Node 0 HugePages_Total:     0
Node 0 HugePages_Free:      0
Node 0 HugePages_Surp:      0

Node 1 MemTotal:       24661580 kB
Node 1 MemFree:        24144088 kB
Node 1 MemUsed:          517492 kB
Node 1 Active:            66856 kB
Node 1 Inactive:         162268 kB
Node 1 Active(anon):      30384 kB
Node 1 Inactive(anon):      492 kB
Node 1 Active(file):      36472 kB
Node 1 Inactive(file):   161776 kB
Node 1 Unevictable:       12756 kB
Node 1 Mlocked:           12756 kB
Node 1 Dirty:               152 kB
Node 1 Writeback:             0 kB
Node 1 FilePages:        201104 kB
Node 1 Mapped:            20028 kB
Node 1 AnonPages:         40840 kB
Node 1 Shmem:               640 kB
Node 1 KernelStack:        1624 kB
Node 1 PageTables:          952 kB
Node 1 NFS_Unstable:          0 kB
Node 1 Bounce:                0 kB
Node 1 WritebackTmp:          0 kB
Node 1 KReclaimable:      21940 kB
Node 1 Slab:              59724 kB
Node 1 SReclaimable:      21940 kB
Node 1 SUnreclaim:        37784 kB
Node 1 AnonHugePages:         0 kB
Node 1 ShmemHugePages:        0 kB
Node 1 ShmemPmdMapped:        0 kB
Node 1 FileHugePages:        0 kB
Node 1 FilePmdMapped:        0 kB
Node 1 HugePages_Total:     0
Node 1 HugePages_Free:      0
Node 1 HugePages_Surp:      0

Import tank ZPool
Node 0 MemTotal:       24768352 kB
Node 0 MemFree:        24515256 kB
Node 0 MemUsed:          253096 kB
Node 0 Active:            38040 kB
Node 0 Inactive:          52336 kB
Node 0 Active(anon):       9208 kB
Node 0 Inactive(anon):      452 kB
Node 0 Active(file):      28832 kB
Node 0 Inactive(file):    51884 kB
Node 0 Unevictable:        5996 kB
Node 0 Mlocked:            5996 kB
Node 0 Dirty:               532 kB
Node 0 Writeback:             0 kB
Node 0 FilePages:         87332 kB
Node 0 Mapped:            44448 kB
Node 0 AnonPages:          9044 kB
Node 0 Shmem:               624 kB
Node 0 KernelStack:        2184 kB
Node 0 PageTables:          508 kB
Node 0 NFS_Unstable:          0 kB
Node 0 Bounce:                0 kB
Node 0 WritebackTmp:          0 kB
Node 0 KReclaimable:      22496 kB
Node 0 Slab:              56460 kB
Node 0 SReclaimable:      22496 kB
Node 0 SUnreclaim:        33964 kB
Node 0 AnonHugePages:         0 kB
Node 0 ShmemHugePages:        0 kB
Node 0 ShmemPmdMapped:        0 kB
Node 0 FileHugePages:        0 kB
Node 0 FilePmdMapped:        0 kB
Node 0 HugePages_Total:     0
Node 0 HugePages_Free:      0
Node 0 HugePages_Surp:      0

Node 1 MemTotal:       24661580 kB
Node 1 MemFree:        24141712 kB
Node 1 MemUsed:          519868 kB
Node 1 Active:            61592 kB
Node 1 Inactive:         163184 kB
Node 1 Active(anon):      24420 kB
Node 1 Inactive(anon):      496 kB
Node 1 Active(file):      37172 kB
Node 1 Inactive(file):   162688 kB
Node 1 Unevictable:       12756 kB
Node 1 Mlocked:           12756 kB
Node 1 Dirty:                68 kB
Node 1 Writeback:             0 kB
Node 1 FilePages:        202728 kB
Node 1 Mapped:            19300 kB
Node 1 AnonPages:         34592 kB
Node 1 Shmem:               644 kB
Node 1 KernelStack:        2600 kB
Node 1 PageTables:          812 kB
Node 1 NFS_Unstable:          0 kB
Node 1 Bounce:                0 kB
Node 1 WritebackTmp:          0 kB
Node 1 KReclaimable:      22044 kB
Node 1 Slab:              65576 kB
Node 1 SReclaimable:      22044 kB
Node 1 SUnreclaim:        43532 kB
Node 1 AnonHugePages:         0 kB
Node 1 ShmemHugePages:        0 kB
Node 1 ShmemPmdMapped:        0 kB
Node 1 FileHugePages:        0 kB
Node 1 FilePmdMapped:        0 kB
Node 1 HugePages_Total:     0
Node 1 HugePages_Free:      0
Node 1 HugePages_Surp:      0

After Test
Node 0 MemTotal:       24768352 kB
Node 0 MemFree:        24404432 kB
Node 0 MemUsed:          363920 kB
Node 0 Active:            38520 kB
Node 0 Inactive:          52256 kB
Node 0 Active(anon):       9156 kB
Node 0 Inactive(anon):      452 kB
Node 0 Active(file):      29364 kB
Node 0 Inactive(file):    51804 kB
Node 0 Unevictable:        5996 kB
Node 0 Mlocked:            5996 kB
Node 0 Dirty:                48 kB
Node 0 Writeback:             0 kB
Node 0 FilePages:         87784 kB
Node 0 Mapped:            44184 kB
Node 0 AnonPages:          8984 kB
Node 0 Shmem:               624 kB
Node 0 KernelStack:        2088 kB
Node 0 PageTables:          460 kB
Node 0 NFS_Unstable:          0 kB
Node 0 Bounce:                0 kB
Node 0 WritebackTmp:          0 kB
Node 0 KReclaimable:      22540 kB
Node 0 Slab:              57016 kB
Node 0 SReclaimable:      22540 kB
Node 0 SUnreclaim:        34476 kB
Node 0 AnonHugePages:         0 kB
Node 0 ShmemHugePages:        0 kB
Node 0 ShmemPmdMapped:        0 kB
Node 0 FileHugePages:        0 kB
Node 0 FilePmdMapped:        0 kB
Node 0 HugePages_Total:     0
Node 0 HugePages_Free:      0
Node 0 HugePages_Surp:      0

Node 1 MemTotal:       24661580 kB
Node 1 MemFree:        21322644 kB
Node 1 MemUsed:         3338936 kB
Node 1 Active:            61712 kB
Node 1 Inactive:         163028 kB
Node 1 Active(anon):      24240 kB
Node 1 Inactive(anon):      488 kB
Node 1 Active(file):      37472 kB
Node 1 Inactive(file):   162540 kB
Node 1 Unevictable:       12756 kB
Node 1 Mlocked:           12756 kB
Node 1 Dirty:                 8 kB
Node 1 Writeback:             0 kB
Node 1 FilePages:        202856 kB
Node 1 Mapped:            19016 kB
Node 1 AnonPages:         34640 kB
Node 1 Shmem:               644 kB
Node 1 KernelStack:        2536 kB
Node 1 PageTables:          668 kB
Node 1 NFS_Unstable:          0 kB
Node 1 Bounce:                0 kB
Node 1 WritebackTmp:          0 kB
Node 1 KReclaimable:      22092 kB
Node 1 Slab:              77908 kB
Node 1 SReclaimable:      22092 kB
Node 1 SUnreclaim:        55816 kB
Node 1 AnonHugePages:         0 kB
Node 1 ShmemHugePages:        0 kB
Node 1 ShmemPmdMapped:        0 kB
Node 1 FileHugePages:        0 kB
Node 1 FilePmdMapped:        0 kB
Node 1 HugePages_Total:     0
Node 1 HugePages_Free:      0
Node 1 HugePages_Surp:      0

After Opposite Node
Node 0 MemTotal:       24768352 kB
Node 0 MemFree:        24405036 kB
Node 0 MemUsed:          363316 kB
Node 0 Active:            38752 kB
Node 0 Inactive:          52032 kB
Node 0 Active(anon):       9144 kB
Node 0 Inactive(anon):      452 kB
Node 0 Active(file):      29608 kB
Node 0 Inactive(file):    51580 kB
Node 0 Unevictable:        5996 kB
Node 0 Mlocked:            5996 kB
Node 0 Dirty:                16 kB
Node 0 Writeback:             0 kB
Node 0 FilePages:         87804 kB
Node 0 Mapped:            44392 kB
Node 0 AnonPages:          8972 kB
Node 0 Shmem:               624 kB
Node 0 KernelStack:        2104 kB
Node 0 PageTables:          416 kB
Node 0 NFS_Unstable:          0 kB
Node 0 Bounce:                0 kB
Node 0 WritebackTmp:          0 kB
Node 0 KReclaimable:      22556 kB
Node 0 Slab:              57188 kB
Node 0 SReclaimable:      22556 kB
Node 0 SUnreclaim:        34632 kB
Node 0 AnonHugePages:         0 kB
Node 0 ShmemHugePages:        0 kB
Node 0 ShmemPmdMapped:        0 kB
Node 0 FileHugePages:        0 kB
Node 0 FilePmdMapped:        0 kB
Node 0 HugePages_Total:     0
Node 0 HugePages_Free:      0
Node 0 HugePages_Surp:      0

Node 1 MemTotal:       24661580 kB
Node 1 MemFree:        21324928 kB
Node 1 MemUsed:         3336652 kB
Node 1 Active:            61776 kB
Node 1 Inactive:         162996 kB
Node 1 Active(anon):      24264 kB
Node 1 Inactive(anon):      488 kB
Node 1 Active(file):      37512 kB
Node 1 Inactive(file):   162508 kB
Node 1 Unevictable:       12756 kB
Node 1 Mlocked:           12756 kB
Node 1 Dirty:                 8 kB
Node 1 Writeback:             0 kB
Node 1 FilePages:        202864 kB
Node 1 Mapped:            19016 kB
Node 1 AnonPages:         34664 kB
Node 1 Shmem:               644 kB
Node 1 KernelStack:        2504 kB
Node 1 PageTables:          716 kB
Node 1 NFS_Unstable:          0 kB
Node 1 Bounce:                0 kB
Node 1 WritebackTmp:          0 kB
Node 1 KReclaimable:      22092 kB
Node 1 Slab:              78152 kB
Node 1 SReclaimable:      22092 kB
Node 1 SUnreclaim:        56060 kB
Node 1 AnonHugePages:         0 kB
Node 1 ShmemHugePages:        0 kB
Node 1 ShmemPmdMapped:        0 kB
Node 1 FileHugePages:        0 kB
Node 1 FilePmdMapped:        0 kB
Node 1 HugePages_Total:     0
Node 1 HugePages_Free:      0
Node 1 HugePages_Surp:      0

B.0.simpleread.2G.1.O Complete!
