kernel.numa_balancing = 0
B.0.simpleread.500M.3.O
Begin
Node 0 MemTotal:       24743736 kB
Node 0 MemFree:        24532188 kB
Node 0 MemUsed:          211548 kB
Node 0 Active:            47592 kB
Node 0 Inactive:          20868 kB
Node 0 Active(anon):      20472 kB
Node 0 Inactive(anon):      372 kB
Node 0 Active(file):      27120 kB
Node 0 Inactive(file):    20496 kB
Node 0 Unevictable:       17996 kB
Node 0 Mlocked:           17996 kB
Node 0 Dirty:               256 kB
Node 0 Writeback:             0 kB
Node 0 FilePages:         55868 kB
Node 0 Mapped:            20896 kB
Node 0 AnonPages:         30604 kB
Node 0 Shmem:               564 kB
Node 0 KernelStack:        1832 kB
Node 0 PageTables:          504 kB
Node 0 NFS_Unstable:          0 kB
Node 0 Bounce:                0 kB
Node 0 WritebackTmp:          0 kB
Node 0 KReclaimable:      16324 kB
Node 0 Slab:              45116 kB
Node 0 SReclaimable:      16324 kB
Node 0 SUnreclaim:        28792 kB
Node 0 AnonHugePages:         0 kB
Node 0 ShmemHugePages:        0 kB
Node 0 ShmemPmdMapped:        0 kB
Node 0 FileHugePages:        0 kB
Node 0 FilePmdMapped:        0 kB
Node 0 HugePages_Total:     0
Node 0 HugePages_Free:      0
Node 0 HugePages_Surp:      0

Node 1 MemTotal:       24686196 kB
Node 1 MemFree:        24285136 kB
Node 1 MemUsed:          401060 kB
Node 1 Active:            48092 kB
Node 1 Inactive:          70552 kB
Node 1 Active(anon):      13524 kB
Node 1 Inactive(anon):      492 kB
Node 1 Active(file):      34568 kB
Node 1 Inactive(file):    70060 kB
Node 1 Unevictable:         524 kB
Node 1 Mlocked:             524 kB
Node 1 Dirty:               116 kB
Node 1 Writeback:             0 kB
Node 1 FilePages:        105864 kB
Node 1 Mapped:            23968 kB
Node 1 AnonPages:         13312 kB
Node 1 Shmem:               704 kB
Node 1 KernelStack:        1816 kB
Node 1 PageTables:          596 kB
Node 1 NFS_Unstable:          0 kB
Node 1 Bounce:                0 kB
Node 1 WritebackTmp:          0 kB
Node 1 KReclaimable:      25300 kB
Node 1 Slab:              60244 kB
Node 1 SReclaimable:      25300 kB
Node 1 SUnreclaim:        34944 kB
Node 1 AnonHugePages:         0 kB
Node 1 ShmemHugePages:        0 kB
Node 1 ShmemPmdMapped:        0 kB
Node 1 FileHugePages:        0 kB
Node 1 FilePmdMapped:        0 kB
Node 1 HugePages_Total:     0
Node 1 HugePages_Free:      0
Node 1 HugePages_Surp:      0

Load ZFS
Node 0 MemTotal:       24743736 kB
Node 0 MemFree:        24484000 kB
Node 0 MemUsed:          259736 kB
Node 0 Active:            58880 kB
Node 0 Inactive:          49668 kB
Node 0 Active(anon):      30580 kB
Node 0 Inactive(anon):      420 kB
Node 0 Active(file):      28300 kB
Node 0 Inactive(file):    49248 kB
Node 0 Unevictable:       18228 kB
Node 0 Mlocked:           18228 kB
Node 0 Dirty:                56 kB
Node 0 Writeback:             0 kB
Node 0 FilePages:         85796 kB
Node 0 Mapped:            23304 kB
Node 0 AnonPages:         41620 kB
Node 0 Shmem:               580 kB
Node 0 KernelStack:        2360 kB
Node 0 PageTables:         1944 kB
Node 0 NFS_Unstable:          0 kB
Node 0 Bounce:                0 kB
Node 0 WritebackTmp:          0 kB
Node 0 KReclaimable:      17120 kB
Node 0 Slab:              49684 kB
Node 0 SReclaimable:      17120 kB
Node 0 SUnreclaim:        32564 kB
Node 0 AnonHugePages:         0 kB
Node 0 ShmemHugePages:        0 kB
Node 0 ShmemPmdMapped:        0 kB
Node 0 FileHugePages:        0 kB
Node 0 FilePmdMapped:        0 kB
Node 0 HugePages_Total:     0
Node 0 HugePages_Free:      0
Node 0 HugePages_Surp:      0

Node 1 MemTotal:       24686196 kB
Node 1 MemFree:        24194932 kB
Node 1 MemUsed:          491264 kB
Node 1 Active:            60828 kB
Node 1 Inactive:         145264 kB
Node 1 Active(anon):      25048 kB
Node 1 Inactive(anon):      520 kB
Node 1 Active(file):      35780 kB
Node 1 Inactive(file):   144744 kB
Node 1 Unevictable:         524 kB
Node 1 Mlocked:             524 kB
Node 1 Dirty:               424 kB
Node 1 Writeback:             0 kB
Node 1 FilePages:        181736 kB
Node 1 Mapped:            25844 kB
Node 1 AnonPages:         24116 kB
Node 1 Shmem:               688 kB
Node 1 KernelStack:        1864 kB
Node 1 PageTables:         1408 kB
Node 1 NFS_Unstable:          0 kB
Node 1 Bounce:                0 kB
Node 1 WritebackTmp:          0 kB
Node 1 KReclaimable:      26256 kB
Node 1 Slab:              63176 kB
Node 1 SReclaimable:      26256 kB
Node 1 SUnreclaim:        36920 kB
Node 1 AnonHugePages:         0 kB
Node 1 ShmemHugePages:        0 kB
Node 1 ShmemPmdMapped:        0 kB
Node 1 FileHugePages:        0 kB
Node 1 FilePmdMapped:        0 kB
Node 1 HugePages_Total:     0
Node 1 HugePages_Free:      0
Node 1 HugePages_Surp:      0

Import tank ZPool
Node 0 MemTotal:       24743736 kB
Node 0 MemFree:        24478428 kB
Node 0 MemUsed:          265308 kB
Node 0 Active:            59320 kB
Node 0 Inactive:          50848 kB
Node 0 Active(anon):      30704 kB
Node 0 Inactive(anon):      420 kB
Node 0 Active(file):      28616 kB
Node 0 Inactive(file):    50428 kB
Node 0 Unevictable:       18228 kB
Node 0 Mlocked:           18228 kB
Node 0 Dirty:                80 kB
Node 0 Writeback:             0 kB
Node 0 FilePages:         87288 kB
Node 0 Mapped:            22972 kB
Node 0 AnonPages:         40684 kB
Node 0 Shmem:               576 kB
Node 0 KernelStack:        2296 kB
Node 0 PageTables:         1608 kB
Node 0 NFS_Unstable:          0 kB
Node 0 Bounce:                0 kB
Node 0 WritebackTmp:          0 kB
Node 0 KReclaimable:      17260 kB
Node 0 Slab:              54668 kB
Node 0 SReclaimable:      17260 kB
Node 0 SUnreclaim:        37408 kB
Node 0 AnonHugePages:         0 kB
Node 0 ShmemHugePages:        0 kB
Node 0 ShmemPmdMapped:        0 kB
Node 0 FileHugePages:        0 kB
Node 0 FilePmdMapped:        0 kB
Node 0 HugePages_Total:     0
Node 0 HugePages_Free:      0
Node 0 HugePages_Surp:      0

Node 1 MemTotal:       24686196 kB
Node 1 MemFree:        24183092 kB
Node 1 MemUsed:          503104 kB
Node 1 Active:            60112 kB
Node 1 Inactive:         145204 kB
Node 1 Active(anon):      24356 kB
Node 1 Inactive(anon):      528 kB
Node 1 Active(file):      35756 kB
Node 1 Inactive(file):   144676 kB
Node 1 Unevictable:         524 kB
Node 1 Mlocked:             524 kB
Node 1 Dirty:               356 kB
Node 1 Writeback:           100 kB
Node 1 FilePages:        181664 kB
Node 1 Mapped:            25828 kB
Node 1 AnonPages:         24192 kB
Node 1 Shmem:               692 kB
Node 1 KernelStack:        2968 kB
Node 1 PageTables:          872 kB
Node 1 NFS_Unstable:          0 kB
Node 1 Bounce:                0 kB
Node 1 WritebackTmp:          0 kB
Node 1 KReclaimable:      26272 kB
Node 1 Slab:              65528 kB
Node 1 SReclaimable:      26272 kB
Node 1 SUnreclaim:        39256 kB
Node 1 AnonHugePages:         0 kB
Node 1 ShmemHugePages:        0 kB
Node 1 ShmemPmdMapped:        0 kB
Node 1 FileHugePages:        0 kB
Node 1 FilePmdMapped:        0 kB
Node 1 HugePages_Total:     0
Node 1 HugePages_Free:      0
Node 1 HugePages_Surp:      0

After Test
Node 0 MemTotal:       24743736 kB
Node 0 MemFree:        23843720 kB
Node 0 MemUsed:          900016 kB
Node 0 Active:            49940 kB
Node 0 Inactive:          50264 kB
Node 0 Active(anon):      20076 kB
Node 0 Inactive(anon):      420 kB
Node 0 Active(file):      29864 kB
Node 0 Inactive(file):    49844 kB
Node 0 Unevictable:       18228 kB
Node 0 Mlocked:           18228 kB
Node 0 Dirty:               100 kB
Node 0 Writeback:             0 kB
Node 0 FilePages:         87956 kB
Node 0 Mapped:            20864 kB
Node 0 AnonPages:         30508 kB
Node 0 Shmem:               580 kB
Node 0 KernelStack:        1848 kB
Node 0 PageTables:          464 kB
Node 0 NFS_Unstable:          0 kB
Node 0 Bounce:                0 kB
Node 0 WritebackTmp:          0 kB
Node 0 KReclaimable:      17408 kB
Node 0 Slab:              59312 kB
Node 0 SReclaimable:      17408 kB
Node 0 SUnreclaim:        41904 kB
Node 0 AnonHugePages:         0 kB
Node 0 ShmemHugePages:        0 kB
Node 0 ShmemPmdMapped:        0 kB
Node 0 FileHugePages:        0 kB
Node 0 FilePmdMapped:        0 kB
Node 0 HugePages_Total:     0
Node 0 HugePages_Free:      0
Node 0 HugePages_Surp:      0

Node 1 MemTotal:       24686196 kB
Node 1 MemFree:        23777160 kB
Node 1 MemUsed:          909036 kB
Node 1 Active:            49536 kB
Node 1 Inactive:         144792 kB
Node 1 Active(anon):      13356 kB
Node 1 Inactive(anon):      520 kB
Node 1 Active(file):      36180 kB
Node 1 Inactive(file):   144272 kB
Node 1 Unevictable:         524 kB
Node 1 Mlocked:             524 kB
Node 1 Dirty:               368 kB
Node 1 Writeback:             0 kB
Node 1 FilePages:        181672 kB
Node 1 Mapped:            24260 kB
Node 1 AnonPages:         13188 kB
Node 1 Shmem:               688 kB
Node 1 KernelStack:        2872 kB
Node 1 PageTables:          596 kB
Node 1 NFS_Unstable:          0 kB
Node 1 Bounce:                0 kB
Node 1 WritebackTmp:          0 kB
Node 1 KReclaimable:      26280 kB
Node 1 Slab:              66820 kB
Node 1 SReclaimable:      26280 kB
Node 1 SUnreclaim:        40540 kB
Node 1 AnonHugePages:         0 kB
Node 1 ShmemHugePages:        0 kB
Node 1 ShmemPmdMapped:        0 kB
Node 1 FileHugePages:        0 kB
Node 1 FilePmdMapped:        0 kB
Node 1 HugePages_Total:     0
Node 1 HugePages_Free:      0
Node 1 HugePages_Surp:      0

After Opposite Node
Node 0 MemTotal:       24743736 kB
Node 0 MemFree:        23844004 kB
Node 0 MemUsed:          899732 kB
Node 0 Active:            49648 kB
Node 0 Inactive:          50248 kB
Node 0 Active(anon):      19756 kB
Node 0 Inactive(anon):      420 kB
Node 0 Active(file):      29892 kB
Node 0 Inactive(file):    49828 kB
Node 0 Unevictable:       18228 kB
Node 0 Mlocked:           18228 kB
Node 0 Dirty:               112 kB
Node 0 Writeback:             0 kB
Node 0 FilePages:         87968 kB
Node 0 Mapped:            20868 kB
Node 0 AnonPages:         30164 kB
Node 0 Shmem:               580 kB
Node 0 KernelStack:        1832 kB
Node 0 PageTables:          424 kB
Node 0 NFS_Unstable:          0 kB
Node 0 Bounce:                0 kB
Node 0 WritebackTmp:          0 kB
Node 0 KReclaimable:      17412 kB
Node 0 Slab:              59312 kB
Node 0 SReclaimable:      17412 kB
Node 0 SUnreclaim:        41900 kB
Node 0 AnonHugePages:         0 kB
Node 0 ShmemHugePages:        0 kB
Node 0 ShmemPmdMapped:        0 kB
Node 0 FileHugePages:        0 kB
Node 0 FilePmdMapped:        0 kB
Node 0 HugePages_Total:     0
Node 0 HugePages_Free:      0
Node 0 HugePages_Surp:      0

Node 1 MemTotal:       24686196 kB
Node 1 MemFree:        23776708 kB
Node 1 MemUsed:          909488 kB
Node 1 Active:            50052 kB
Node 1 Inactive:         144576 kB
Node 1 Active(anon):      13640 kB
Node 1 Inactive(anon):      520 kB
Node 1 Active(file):      36412 kB
Node 1 Inactive(file):   144056 kB
Node 1 Unevictable:         524 kB
Node 1 Mlocked:             524 kB
Node 1 Dirty:               372 kB
Node 1 Writeback:             0 kB
Node 1 FilePages:        181680 kB
Node 1 Mapped:            24052 kB
Node 1 AnonPages:         13532 kB
Node 1 Shmem:               688 kB
Node 1 KernelStack:        2888 kB
Node 1 PageTables:          644 kB
Node 1 NFS_Unstable:          0 kB
Node 1 Bounce:                0 kB
Node 1 WritebackTmp:          0 kB
Node 1 KReclaimable:      26348 kB
Node 1 Slab:              66996 kB
Node 1 SReclaimable:      26348 kB
Node 1 SUnreclaim:        40648 kB
Node 1 AnonHugePages:         0 kB
Node 1 ShmemHugePages:        0 kB
Node 1 ShmemPmdMapped:        0 kB
Node 1 FileHugePages:        0 kB
Node 1 FilePmdMapped:        0 kB
Node 1 HugePages_Total:     0
Node 1 HugePages_Free:      0
Node 1 HugePages_Surp:      0

B.0.simpleread.500M.3.O Complete!
