kernel.numa_balancing = 0
B.0.fio.2-1G.3.O.1M
Begin
Node 0 MemTotal:       24768352 kB
Node 0 MemFree:        24515468 kB
Node 0 MemUsed:          252884 kB
Node 0 Active:            55404 kB
Node 0 Inactive:          55108 kB
Node 0 Active(anon):       9352 kB
Node 0 Inactive(anon):      524 kB
Node 0 Active(file):      46052 kB
Node 0 Inactive(file):    54584 kB
Node 0 Unevictable:        5344 kB
Node 0 Mlocked:            5344 kB
Node 0 Dirty:               148 kB
Node 0 Writeback:             0 kB
Node 0 FilePages:        106796 kB
Node 0 Mapped:            23364 kB
Node 0 AnonPages:          9172 kB
Node 0 Shmem:               796 kB
Node 0 KernelStack:        2104 kB
Node 0 PageTables:          412 kB
Node 0 NFS_Unstable:          0 kB
Node 0 Bounce:                0 kB
Node 0 WritebackTmp:          0 kB
Node 0 KReclaimable:      18768 kB
Node 0 Slab:              54564 kB
Node 0 SReclaimable:      18768 kB
Node 0 SUnreclaim:        35796 kB
Node 0 AnonHugePages:         0 kB
Node 0 ShmemHugePages:        0 kB
Node 0 ShmemPmdMapped:        0 kB
Node 0 FileHugePages:        0 kB
Node 0 FilePmdMapped:        0 kB
Node 0 HugePages_Total:     0
Node 0 HugePages_Free:      0
Node 0 HugePages_Surp:      0

Node 1 MemTotal:       24661580 kB
Node 1 MemFree:        24288876 kB
Node 1 MemUsed:          372704 kB
Node 1 Active:            39440 kB
Node 1 Inactive:          51856 kB
Node 1 Active(anon):      24204 kB
Node 1 Inactive(anon):      348 kB
Node 1 Active(file):      15236 kB
Node 1 Inactive(file):    51508 kB
Node 1 Unevictable:       13176 kB
Node 1 Mlocked:           13176 kB
Node 1 Dirty:               408 kB
Node 1 Writeback:             0 kB
Node 1 FilePages:         70100 kB
Node 1 Mapped:            36208 kB
Node 1 AnonPages:         34408 kB
Node 1 Shmem:               472 kB
Node 1 KernelStack:        1496 kB
Node 1 PageTables:          728 kB
Node 1 NFS_Unstable:          0 kB
Node 1 Bounce:                0 kB
Node 1 WritebackTmp:          0 kB
Node 1 KReclaimable:      23176 kB
Node 1 Slab:              50684 kB
Node 1 SReclaimable:      23176 kB
Node 1 SUnreclaim:        27508 kB
Node 1 AnonHugePages:         0 kB
Node 1 ShmemHugePages:        0 kB
Node 1 ShmemPmdMapped:        0 kB
Node 1 FileHugePages:        0 kB
Node 1 FilePmdMapped:        0 kB
Node 1 HugePages_Total:     0
Node 1 HugePages_Free:      0
Node 1 HugePages_Surp:      0

Load ZFS
Node 0 MemTotal:       24768352 kB
Node 0 MemFree:        24473868 kB
Node 0 MemUsed:          294484 kB
Node 0 Active:            70788 kB
Node 0 Inactive:          74756 kB
Node 0 Active(anon):      24012 kB
Node 0 Inactive(anon):      512 kB
Node 0 Active(file):      46776 kB
Node 0 Inactive(file):    74244 kB
Node 0 Unevictable:        5344 kB
Node 0 Mlocked:            5344 kB
Node 0 Dirty:               168 kB
Node 0 Writeback:             0 kB
Node 0 FilePages:        127084 kB
Node 0 Mapped:            26508 kB
Node 0 AnonPages:         23688 kB
Node 0 Shmem:               724 kB
Node 0 KernelStack:        2408 kB
Node 0 PageTables:         1704 kB
Node 0 NFS_Unstable:          0 kB
Node 0 Bounce:                0 kB
Node 0 WritebackTmp:          0 kB
Node 0 KReclaimable:      19536 kB
Node 0 Slab:              57320 kB
Node 0 SReclaimable:      19536 kB
Node 0 SUnreclaim:        37784 kB
Node 0 AnonHugePages:         0 kB
Node 0 ShmemHugePages:        0 kB
Node 0 ShmemPmdMapped:        0 kB
Node 0 FileHugePages:        0 kB
Node 0 FilePmdMapped:        0 kB
Node 0 HugePages_Total:     0
Node 0 HugePages_Free:      0
Node 0 HugePages_Surp:      0

Node 1 MemTotal:       24661580 kB
Node 1 MemFree:        24186876 kB
Node 1 MemUsed:          474704 kB
Node 1 Active:            50492 kB
Node 1 Inactive:         135660 kB
Node 1 Active(anon):      33524 kB
Node 1 Inactive(anon):      432 kB
Node 1 Active(file):      16968 kB
Node 1 Inactive(file):   135228 kB
Node 1 Unevictable:       13388 kB
Node 1 Mlocked:           13388 kB
Node 1 Dirty:               484 kB
Node 1 Writeback:             0 kB
Node 1 FilePages:        155592 kB
Node 1 Mapped:            36968 kB
Node 1 AnonPages:         43952 kB
Node 1 Shmem:               544 kB
Node 1 KernelStack:        1720 kB
Node 1 PageTables:         1624 kB
Node 1 NFS_Unstable:          0 kB
Node 1 Bounce:                0 kB
Node 1 WritebackTmp:          0 kB
Node 1 KReclaimable:      24060 kB
Node 1 Slab:              54544 kB
Node 1 SReclaimable:      24060 kB
Node 1 SUnreclaim:        30484 kB
Node 1 AnonHugePages:         0 kB
Node 1 ShmemHugePages:        0 kB
Node 1 ShmemPmdMapped:        0 kB
Node 1 FileHugePages:        0 kB
Node 1 FilePmdMapped:        0 kB
Node 1 HugePages_Total:     0
Node 1 HugePages_Free:      0
Node 1 HugePages_Surp:      0

Import tank ZPool
Node 0 MemTotal:       24768352 kB
Node 0 MemFree:        24459356 kB
Node 0 MemUsed:          308996 kB
Node 0 Active:            70424 kB
Node 0 Inactive:          74760 kB
Node 0 Active(anon):      23648 kB
Node 0 Inactive(anon):      512 kB
Node 0 Active(file):      46776 kB
Node 0 Inactive(file):    74248 kB
Node 0 Unevictable:        5344 kB
Node 0 Mlocked:            5344 kB
Node 0 Dirty:                72 kB
Node 0 Writeback:             0 kB
Node 0 FilePages:        127124 kB
Node 0 Mapped:            26284 kB
Node 0 AnonPages:         23440 kB
Node 0 Shmem:               720 kB
Node 0 KernelStack:        3464 kB
Node 0 PageTables:         1248 kB
Node 0 NFS_Unstable:          0 kB
Node 0 Bounce:                0 kB
Node 0 WritebackTmp:          0 kB
Node 0 KReclaimable:      19536 kB
Node 0 Slab:              59828 kB
Node 0 SReclaimable:      19536 kB
Node 0 SUnreclaim:        40292 kB
Node 0 AnonHugePages:         0 kB
Node 0 ShmemHugePages:        0 kB
Node 0 ShmemPmdMapped:        0 kB
Node 0 FileHugePages:        0 kB
Node 0 FilePmdMapped:        0 kB
Node 0 HugePages_Total:     0
Node 0 HugePages_Free:      0
Node 0 HugePages_Surp:      0

Node 1 MemTotal:       24661580 kB
Node 1 MemFree:        24181148 kB
Node 1 MemUsed:          480432 kB
Node 1 Active:            50828 kB
Node 1 Inactive:         136852 kB
Node 1 Active(anon):      33420 kB
Node 1 Inactive(anon):      436 kB
Node 1 Active(file):      17408 kB
Node 1 Inactive(file):   136416 kB
Node 1 Unevictable:       13404 kB
Node 1 Mlocked:           13404 kB
Node 1 Dirty:               560 kB
Node 1 Writeback:             0 kB
Node 1 FilePages:        157224 kB
Node 1 Mapped:            37180 kB
Node 1 AnonPages:         43912 kB
Node 1 Shmem:               548 kB
Node 1 KernelStack:        1736 kB
Node 1 PageTables:         1676 kB
Node 1 NFS_Unstable:          0 kB
Node 1 Bounce:                0 kB
Node 1 WritebackTmp:          0 kB
Node 1 KReclaimable:      24172 kB
Node 1 Slab:              60108 kB
Node 1 SReclaimable:      24172 kB
Node 1 SUnreclaim:        35936 kB
Node 1 AnonHugePages:         0 kB
Node 1 ShmemHugePages:        0 kB
Node 1 ShmemPmdMapped:        0 kB
Node 1 FileHugePages:        0 kB
Node 1 FilePmdMapped:        0 kB
Node 1 HugePages_Total:     0
Node 1 HugePages_Free:      0
Node 1 HugePages_Surp:      0

After Test
Node 0 MemTotal:       24768352 kB
Node 0 MemFree:        24119780 kB
Node 0 MemUsed:          648572 kB
Node 0 Active:            57444 kB
Node 0 Inactive:          75496 kB
Node 0 Active(anon):       9536 kB
Node 0 Inactive(anon):      544 kB
Node 0 Active(file):      47908 kB
Node 0 Inactive(file):    74952 kB
Node 0 Unevictable:        5344 kB
Node 0 Mlocked:            5344 kB
Node 0 Dirty:                40 kB
Node 0 Writeback:             0 kB
Node 0 FilePages:        128976 kB
Node 0 Mapped:            23604 kB
Node 0 AnonPages:          9192 kB
Node 0 Shmem:               760 kB
Node 0 KernelStack:        3316 kB
Node 0 PageTables:          472 kB
Node 0 NFS_Unstable:          0 kB
Node 0 Bounce:                0 kB
Node 0 WritebackTmp:          0 kB
Node 0 KReclaimable:      19564 kB
Node 0 Slab:              61344 kB
Node 0 SReclaimable:      19564 kB
Node 0 SUnreclaim:        41780 kB
Node 0 AnonHugePages:         0 kB
Node 0 ShmemHugePages:        0 kB
Node 0 ShmemPmdMapped:        0 kB
Node 0 FileHugePages:        0 kB
Node 0 FilePmdMapped:        0 kB
Node 0 HugePages_Total:     0
Node 0 HugePages_Free:      0
Node 0 HugePages_Surp:      0

Node 1 MemTotal:       24661580 kB
Node 1 MemFree:        22663744 kB
Node 1 MemUsed:         1997836 kB
Node 1 Active:            42432 kB
Node 1 Inactive:         136556 kB
Node 1 Active(anon):      24516 kB
Node 1 Inactive(anon):      456 kB
Node 1 Active(file):      17916 kB
Node 1 Inactive(file):   136100 kB
Node 1 Unevictable:       13404 kB
Node 1 Mlocked:           13404 kB
Node 1 Dirty:               492 kB
Node 1 Writeback:             0 kB
Node 1 FilePages:        157436 kB
Node 1 Mapped:            36244 kB
Node 1 AnonPages:         34960 kB
Node 1 Shmem:               568 kB
Node 1 KernelStack:        1416 kB
Node 1 PageTables:          816 kB
Node 1 NFS_Unstable:          0 kB
Node 1 Bounce:                0 kB
Node 1 WritebackTmp:          0 kB
Node 1 KReclaimable:      25400 kB
Node 1 Slab:              68648 kB
Node 1 SReclaimable:      25400 kB
Node 1 SUnreclaim:        43248 kB
Node 1 AnonHugePages:         0 kB
Node 1 ShmemHugePages:        0 kB
Node 1 ShmemPmdMapped:        0 kB
Node 1 FileHugePages:        0 kB
Node 1 FilePmdMapped:        0 kB
Node 1 HugePages_Total:     0
Node 1 HugePages_Free:      0
Node 1 HugePages_Surp:      0

After Opposite Node
Node 0 MemTotal:       24768352 kB
Node 0 MemFree:        24120716 kB
Node 0 MemUsed:          647636 kB
Node 0 Active:            57220 kB
Node 0 Inactive:          75244 kB
Node 0 Active(anon):       9076 kB
Node 0 Inactive(anon):      504 kB
Node 0 Active(file):      48144 kB
Node 0 Inactive(file):    74740 kB
Node 0 Unevictable:        5344 kB
Node 0 Mlocked:            5344 kB
Node 0 Dirty:                48 kB
Node 0 Writeback:             0 kB
Node 0 FilePages:        128944 kB
Node 0 Mapped:            23568 kB
Node 0 AnonPages:          8860 kB
Node 0 Shmem:               720 kB
Node 0 KernelStack:        3240 kB
Node 0 PageTables:          332 kB
Node 0 NFS_Unstable:          0 kB
Node 0 Bounce:                0 kB
Node 0 WritebackTmp:          0 kB
Node 0 KReclaimable:      19580 kB
Node 0 Slab:              61312 kB
Node 0 SReclaimable:      19580 kB
Node 0 SUnreclaim:        41732 kB
Node 0 AnonHugePages:         0 kB
Node 0 ShmemHugePages:        0 kB
Node 0 ShmemPmdMapped:        0 kB
Node 0 FileHugePages:        0 kB
Node 0 FilePmdMapped:        0 kB
Node 0 HugePages_Total:     0
Node 0 HugePages_Free:      0
Node 0 HugePages_Surp:      0

Node 1 MemTotal:       24661580 kB
Node 1 MemFree:        22661324 kB
Node 1 MemUsed:         2000256 kB
Node 1 Active:            42244 kB
Node 1 Inactive:         136536 kB
Node 1 Active(anon):      24264 kB
Node 1 Inactive(anon):      472 kB
Node 1 Active(file):      17980 kB
Node 1 Inactive(file):   136064 kB
Node 1 Unevictable:       13404 kB
Node 1 Mlocked:           13404 kB
Node 1 Dirty:               516 kB
Node 1 Writeback:             0 kB
Node 1 FilePages:        157488 kB
Node 1 Mapped:            36268 kB
Node 1 AnonPages:         34560 kB
Node 1 Shmem:               592 kB
Node 1 KernelStack:        1448 kB
Node 1 PageTables:          848 kB
Node 1 NFS_Unstable:          0 kB
Node 1 Bounce:                0 kB
Node 1 WritebackTmp:          0 kB
Node 1 KReclaimable:      25456 kB
Node 1 Slab:              69272 kB
Node 1 SReclaimable:      25456 kB
Node 1 SUnreclaim:        43816 kB
Node 1 AnonHugePages:         0 kB
Node 1 ShmemHugePages:        0 kB
Node 1 ShmemPmdMapped:        0 kB
Node 1 FileHugePages:        0 kB
Node 1 FilePmdMapped:        0 kB
Node 1 HugePages_Total:     0
Node 1 HugePages_Free:      0
Node 1 HugePages_Surp:      0

B.0.fio.2-1G.3.O.1M Complete!
