kernel.numa_balancing = 0
B.0.fio.16G.2.O.1M
Begin
Node 0 MemTotal:       24743736 kB
Node 0 MemFree:        24391416 kB
Node 0 MemUsed:          352320 kB
Node 0 Active:            45716 kB
Node 0 Inactive:          24688 kB
Node 0 Active(anon):       7784 kB
Node 0 Inactive(anon):      380 kB
Node 0 Active(file):      37932 kB
Node 0 Inactive(file):    24308 kB
Node 0 Unevictable:        1264 kB
Node 0 Mlocked:            1264 kB
Node 0 Dirty:               276 kB
Node 0 Writeback:             0 kB
Node 0 FilePages:         64116 kB
Node 0 Mapped:            16120 kB
Node 0 AnonPages:          7616 kB
Node 0 Shmem:               604 kB
Node 0 KernelStack:        2168 kB
Node 0 PageTables:          416 kB
Node 0 NFS_Unstable:          0 kB
Node 0 Bounce:                0 kB
Node 0 WritebackTmp:          0 kB
Node 0 KReclaimable:      24740 kB
Node 0 Slab:              57248 kB
Node 0 SReclaimable:      24740 kB
Node 0 SUnreclaim:        32508 kB
Node 0 AnonHugePages:         0 kB
Node 0 ShmemHugePages:        0 kB
Node 0 ShmemPmdMapped:        0 kB
Node 0 FileHugePages:        0 kB
Node 0 FilePmdMapped:        0 kB
Node 0 HugePages_Total:     0
Node 0 HugePages_Free:      0
Node 0 HugePages_Surp:      0

Node 1 MemTotal:       24686196 kB
Node 1 MemFree:        24368752 kB
Node 1 MemUsed:          317444 kB
Node 1 Active:            52732 kB
Node 1 Inactive:         120568 kB
Node 1 Active(anon):      25960 kB
Node 1 Inactive(anon):      492 kB
Node 1 Active(file):      26772 kB
Node 1 Inactive(file):   120076 kB
Node 1 Unevictable:       17260 kB
Node 1 Mlocked:           17260 kB
Node 1 Dirty:               264 kB
Node 1 Writeback:             0 kB
Node 1 FilePages:        154460 kB
Node 1 Mapped:            70368 kB
Node 1 AnonPages:         36176 kB
Node 1 Shmem:               664 kB
Node 1 KernelStack:        1448 kB
Node 1 PageTables:          852 kB
Node 1 NFS_Unstable:          0 kB
Node 1 Bounce:                0 kB
Node 1 WritebackTmp:          0 kB
Node 1 KReclaimable:      17068 kB
Node 1 Slab:              49096 kB
Node 1 SReclaimable:      17068 kB
Node 1 SUnreclaim:        32028 kB
Node 1 AnonHugePages:         0 kB
Node 1 ShmemHugePages:        0 kB
Node 1 ShmemPmdMapped:        0 kB
Node 1 FileHugePages:        0 kB
Node 1 FilePmdMapped:        0 kB
Node 1 HugePages_Total:     0
Node 1 HugePages_Free:      0
Node 1 HugePages_Surp:      0

Load ZFS
Node 0 MemTotal:       24743736 kB
Node 0 MemFree:        24489348 kB
Node 0 MemUsed:          254388 kB
Node 0 Active:            63468 kB
Node 0 Inactive:          39536 kB
Node 0 Active(anon):      24512 kB
Node 0 Inactive(anon):      512 kB
Node 0 Active(file):      38956 kB
Node 0 Inactive(file):    39024 kB
Node 0 Unevictable:        1264 kB
Node 0 Mlocked:            1264 kB
Node 0 Dirty:                24 kB
Node 0 Writeback:             0 kB
Node 0 FilePages:         79920 kB
Node 0 Mapped:            18368 kB
Node 0 AnonPages:         24496 kB
Node 0 Shmem:               676 kB
Node 0 KernelStack:        2392 kB
Node 0 PageTables:         1164 kB
Node 0 NFS_Unstable:          0 kB
Node 0 Bounce:                0 kB
Node 0 WritebackTmp:          0 kB
Node 0 KReclaimable:      25744 kB
Node 0 Slab:              60536 kB
Node 0 SReclaimable:      25744 kB
Node 0 SUnreclaim:        34792 kB
Node 0 AnonHugePages:         0 kB
Node 0 ShmemHugePages:        0 kB
Node 0 ShmemPmdMapped:        0 kB
Node 0 FileHugePages:        0 kB
Node 0 FilePmdMapped:        0 kB
Node 0 HugePages_Total:     0
Node 0 HugePages_Free:      0
Node 0 HugePages_Surp:      0

Node 1 MemTotal:       24686196 kB
Node 1 MemFree:        24125148 kB
Node 1 MemUsed:          561048 kB
Node 1 Active:            63540 kB
Node 1 Inactive:         209144 kB
Node 1 Active(anon):      35296 kB
Node 1 Inactive(anon):      432 kB
Node 1 Active(file):      28244 kB
Node 1 Inactive(file):   208712 kB
Node 1 Unevictable:       17476 kB
Node 1 Mlocked:           17476 kB
Node 1 Dirty:               652 kB
Node 1 Writeback:             0 kB
Node 1 FilePages:        244476 kB
Node 1 Mapped:            72184 kB
Node 1 AnonPages:         45892 kB
Node 1 Shmem:               592 kB
Node 1 KernelStack:        1836 kB
Node 1 PageTables:         1780 kB
Node 1 NFS_Unstable:          0 kB
Node 1 Bounce:                0 kB
Node 1 WritebackTmp:          0 kB
Node 1 KReclaimable:      18064 kB
Node 1 Slab:              54380 kB
Node 1 SReclaimable:      18064 kB
Node 1 SUnreclaim:        36316 kB
Node 1 AnonHugePages:         0 kB
Node 1 ShmemHugePages:        0 kB
Node 1 ShmemPmdMapped:        0 kB
Node 1 FileHugePages:        0 kB
Node 1 FilePmdMapped:        0 kB
Node 1 HugePages_Total:     0
Node 1 HugePages_Free:      0
Node 1 HugePages_Surp:      0

Import tank ZPool
Node 0 MemTotal:       24743736 kB
Node 0 MemFree:        24474896 kB
Node 0 MemUsed:          268840 kB
Node 0 Active:            63468 kB
Node 0 Inactive:          39532 kB
Node 0 Active(anon):      24512 kB
Node 0 Inactive(anon):      504 kB
Node 0 Active(file):      38956 kB
Node 0 Inactive(file):    39028 kB
Node 0 Unevictable:        1264 kB
Node 0 Mlocked:            1264 kB
Node 0 Dirty:                32 kB
Node 0 Writeback:             0 kB
Node 0 FilePages:         79920 kB
Node 0 Mapped:            18424 kB
Node 0 AnonPages:         24344 kB
Node 0 Shmem:               672 kB
Node 0 KernelStack:        3416 kB
Node 0 PageTables:         1164 kB
Node 0 NFS_Unstable:          0 kB
Node 0 Bounce:                0 kB
Node 0 WritebackTmp:          0 kB
Node 0 KReclaimable:      25760 kB
Node 0 Slab:              62772 kB
Node 0 SReclaimable:      25760 kB
Node 0 SUnreclaim:        37012 kB
Node 0 AnonHugePages:         0 kB
Node 0 ShmemHugePages:        0 kB
Node 0 ShmemPmdMapped:        0 kB
Node 0 FileHugePages:        0 kB
Node 0 FilePmdMapped:        0 kB
Node 0 HugePages_Total:     0
Node 0 HugePages_Free:      0
Node 0 HugePages_Surp:      0

Node 1 MemTotal:       24686196 kB
Node 1 MemFree:        24118620 kB
Node 1 MemUsed:          567576 kB
Node 1 Active:            63756 kB
Node 1 Inactive:         210388 kB
Node 1 Active(anon):      35032 kB
Node 1 Inactive(anon):      444 kB
Node 1 Active(file):      28724 kB
Node 1 Inactive(file):   209944 kB
Node 1 Unevictable:       17492 kB
Node 1 Mlocked:           17492 kB
Node 1 Dirty:               620 kB
Node 1 Writeback:             0 kB
Node 1 FilePages:        246212 kB
Node 1 Mapped:            72220 kB
Node 1 AnonPages:         45076 kB
Node 1 Shmem:               596 kB
Node 1 KernelStack:        1832 kB
Node 1 PageTables:         1940 kB
Node 1 NFS_Unstable:          0 kB
Node 1 Bounce:                0 kB
Node 1 WritebackTmp:          0 kB
Node 1 KReclaimable:      18184 kB
Node 1 Slab:              59224 kB
Node 1 SReclaimable:      18184 kB
Node 1 SUnreclaim:        41040 kB
Node 1 AnonHugePages:         0 kB
Node 1 ShmemHugePages:        0 kB
Node 1 ShmemPmdMapped:        0 kB
Node 1 FileHugePages:        0 kB
Node 1 FilePmdMapped:        0 kB
Node 1 HugePages_Total:     0
Node 1 HugePages_Free:      0
Node 1 HugePages_Surp:      0

After Test
Node 0 MemTotal:       24743736 kB
Node 0 MemFree:        23687584 kB
Node 0 MemUsed:         1056152 kB
Node 0 Active:            47032 kB
Node 0 Inactive:          40172 kB
Node 0 Active(anon):       6876 kB
Node 0 Inactive(anon):      548 kB
Node 0 Active(file):      40156 kB
Node 0 Inactive(file):    39624 kB
Node 0 Unevictable:        1264 kB
Node 0 Mlocked:            1264 kB
Node 0 Dirty:                 8 kB
Node 0 Writeback:             0 kB
Node 0 FilePages:         81764 kB
Node 0 Mapped:            16376 kB
Node 0 AnonPages:          6576 kB
Node 0 Shmem:               720 kB
Node 0 KernelStack:        3128 kB
Node 0 PageTables:          512 kB
Node 0 NFS_Unstable:          0 kB
Node 0 Bounce:                0 kB
Node 0 WritebackTmp:          0 kB
Node 0 KReclaimable:      25816 kB
Node 0 Slab:              65216 kB
Node 0 SReclaimable:      25816 kB
Node 0 SUnreclaim:        39400 kB
Node 0 AnonHugePages:         0 kB
Node 0 ShmemHugePages:        0 kB
Node 0 ShmemPmdMapped:        0 kB
Node 0 FileHugePages:        0 kB
Node 0 FilePmdMapped:        0 kB
Node 0 HugePages_Total:     0
Node 0 HugePages_Free:      0
Node 0 HugePages_Surp:      0

Node 1 MemTotal:       24686196 kB
Node 1 MemFree:         7268612 kB
Node 1 MemUsed:        17417584 kB
Node 1 Active:            56292 kB
Node 1 Inactive:         209900 kB
Node 1 Active(anon):      26680 kB
Node 1 Inactive(anon):      436 kB
Node 1 Active(file):      29612 kB
Node 1 Inactive(file):   209464 kB
Node 1 Unevictable:       17492 kB
Node 1 Mlocked:           17492 kB
Node 1 Dirty:                48 kB
Node 1 Writeback:             0 kB
Node 1 FilePages:        246604 kB
Node 1 Mapped:            70452 kB
Node 1 AnonPages:         37084 kB
Node 1 Shmem:               592 kB
Node 1 KernelStack:        1384 kB
Node 1 PageTables:          872 kB
Node 1 NFS_Unstable:          0 kB
Node 1 Bounce:                0 kB
Node 1 WritebackTmp:          0 kB
Node 1 KReclaimable:      19736 kB
Node 1 Slab:             118624 kB
Node 1 SReclaimable:      19736 kB
Node 1 SUnreclaim:        98888 kB
Node 1 AnonHugePages:         0 kB
Node 1 ShmemHugePages:        0 kB
Node 1 ShmemPmdMapped:        0 kB
Node 1 FileHugePages:        0 kB
Node 1 FilePmdMapped:        0 kB
Node 1 HugePages_Total:     0
Node 1 HugePages_Free:      0
Node 1 HugePages_Surp:      0

After Opposite Node
Node 0 MemTotal:       24743736 kB
Node 0 MemFree:        23689412 kB
Node 0 MemUsed:         1054324 kB
Node 0 Active:            46980 kB
Node 0 Inactive:          39936 kB
Node 0 Active(anon):       6616 kB
Node 0 Inactive(anon):      504 kB
Node 0 Active(file):      40364 kB
Node 0 Inactive(file):    39432 kB
Node 0 Unevictable:        1264 kB
Node 0 Mlocked:            1264 kB
Node 0 Dirty:                20 kB
Node 0 Writeback:             0 kB
Node 0 FilePages:         81744 kB
Node 0 Mapped:            16344 kB
Node 0 AnonPages:          6448 kB
Node 0 Shmem:               676 kB
Node 0 KernelStack:        3112 kB
Node 0 PageTables:          336 kB
Node 0 NFS_Unstable:          0 kB
Node 0 Bounce:                0 kB
Node 0 WritebackTmp:          0 kB
Node 0 KReclaimable:      25828 kB
Node 0 Slab:              65116 kB
Node 0 SReclaimable:      25828 kB
Node 0 SUnreclaim:        39288 kB
Node 0 AnonHugePages:         0 kB
Node 0 ShmemHugePages:        0 kB
Node 0 ShmemPmdMapped:        0 kB
Node 0 FileHugePages:        0 kB
Node 0 FilePmdMapped:        0 kB
Node 0 HugePages_Total:     0
Node 0 HugePages_Free:      0
Node 0 HugePages_Surp:      0

Node 1 MemTotal:       24686196 kB
Node 1 MemFree:         7269880 kB
Node 1 MemUsed:        17416316 kB
Node 1 Active:            56592 kB
Node 1 Inactive:         209936 kB
Node 1 Active(anon):      26944 kB
Node 1 Inactive(anon):      480 kB
Node 1 Active(file):      29648 kB
Node 1 Inactive(file):   209456 kB
Node 1 Unevictable:       17492 kB
Node 1 Mlocked:           17492 kB
Node 1 Dirty:                76 kB
Node 1 Writeback:             0 kB
Node 1 FilePages:        246668 kB
Node 1 Mapped:            70496 kB
Node 1 AnonPages:         37216 kB
Node 1 Shmem:               636 kB
Node 1 KernelStack:        1368 kB
Node 1 PageTables:         1052 kB
Node 1 NFS_Unstable:          0 kB
Node 1 Bounce:                0 kB
Node 1 WritebackTmp:          0 kB
Node 1 KReclaimable:      19760 kB
Node 1 Slab:             118728 kB
Node 1 SReclaimable:      19760 kB
Node 1 SUnreclaim:        98968 kB
Node 1 AnonHugePages:         0 kB
Node 1 ShmemHugePages:        0 kB
Node 1 ShmemPmdMapped:        0 kB
Node 1 FileHugePages:        0 kB
Node 1 FilePmdMapped:        0 kB
Node 1 HugePages_Total:     0
Node 1 HugePages_Free:      0
Node 1 HugePages_Surp:      0

B.0.fio.16G.2.O.1M Complete!
