U.0.fio.500M.1.O
Begin
Node 0 MemTotal:       24768352 kB
Node 0 MemFree:        24348868 kB
Node 0 MemUsed:          419484 kB
Node 0 Active:            64900 kB
Node 0 Inactive:          61024 kB
Node 0 Active(anon):      19400 kB
Node 0 Inactive(anon):      532 kB
Node 0 Active(file):      45500 kB
Node 0 Inactive(file):    60492 kB
Node 0 Unevictable:       16060 kB
Node 0 Mlocked:           16060 kB
Node 0 Dirty:               140 kB
Node 0 Writeback:             0 kB
Node 0 FilePages:        113016 kB
Node 0 Mapped:            27708 kB
Node 0 AnonPages:         28976 kB
Node 0 Shmem:               780 kB
Node 0 KernelStack:        2216 kB
Node 0 PageTables:          540 kB
Node 0 NFS_Unstable:          0 kB
Node 0 Bounce:                0 kB
Node 0 WritebackTmp:          0 kB
Node 0 KReclaimable:      22664 kB
Node 0 Slab:              55896 kB
Node 0 SReclaimable:      22664 kB
Node 0 SUnreclaim:        33232 kB
Node 0 AnonHugePages:         0 kB
Node 0 ShmemHugePages:        0 kB
Node 0 ShmemPmdMapped:        0 kB
Node 0 FileHugePages:        0 kB
Node 0 FilePmdMapped:        0 kB
Node 0 HugePages_Total:     0
Node 0 HugePages_Free:      0
Node 0 HugePages_Surp:      0

Node 1 MemTotal:       24661580 kB
Node 1 MemFree:        24479060 kB
Node 1 MemUsed:          182520 kB
Node 1 Active:            29748 kB
Node 1 Inactive:          20700 kB
Node 1 Active(anon):      14480 kB
Node 1 Inactive(anon):      348 kB
Node 1 Active(file):      15268 kB
Node 1 Inactive(file):    20352 kB
Node 1 Unevictable:        2464 kB
Node 1 Mlocked:            2464 kB
Node 1 Dirty:               364 kB
Node 1 Writeback:             0 kB
Node 1 FilePages:         38092 kB
Node 1 Mapped:            12484 kB
Node 1 AnonPages:         14936 kB
Node 1 Shmem:               488 kB
Node 1 KernelStack:        1416 kB
Node 1 PageTables:          508 kB
Node 1 NFS_Unstable:          0 kB
Node 1 Bounce:                0 kB
Node 1 WritebackTmp:          0 kB
Node 1 KReclaimable:      19028 kB
Node 1 Slab:              50548 kB
Node 1 SReclaimable:      19028 kB
Node 1 SUnreclaim:        31520 kB
Node 1 AnonHugePages:         0 kB
Node 1 ShmemHugePages:        0 kB
Node 1 ShmemPmdMapped:        0 kB
Node 1 FileHugePages:        0 kB
Node 1 FilePmdMapped:        0 kB
Node 1 HugePages_Total:     0
Node 1 HugePages_Free:      0
Node 1 HugePages_Surp:      0

Load ZFS
Node 0 MemTotal:       24768352 kB
Node 0 MemFree:        24480452 kB
Node 0 MemUsed:          287900 kB
Node 0 Active:            71436 kB
Node 0 Inactive:          56852 kB
Node 0 Active(anon):      21196 kB
Node 0 Inactive(anon):      532 kB
Node 0 Active(file):      50240 kB
Node 0 Inactive(file):    56320 kB
Node 0 Unevictable:       16060 kB
Node 0 Mlocked:           16060 kB
Node 0 Dirty:               140 kB
Node 0 Writeback:             0 kB
Node 0 FilePages:        113584 kB
Node 0 Mapped:            27880 kB
Node 0 AnonPages:         30820 kB
Node 0 Shmem:               780 kB
Node 0 KernelStack:        2328 kB
Node 0 PageTables:          612 kB
Node 0 NFS_Unstable:          0 kB
Node 0 Bounce:                0 kB
Node 0 WritebackTmp:          0 kB
Node 0 KReclaimable:      23096 kB
Node 0 Slab:              57336 kB
Node 0 SReclaimable:      23096 kB
Node 0 SUnreclaim:        34240 kB
Node 0 AnonHugePages:         0 kB
Node 0 ShmemHugePages:        0 kB
Node 0 ShmemPmdMapped:        0 kB
Node 0 FileHugePages:        0 kB
Node 0 FilePmdMapped:        0 kB
Node 0 HugePages_Total:     0
Node 0 HugePages_Free:      0
Node 0 HugePages_Surp:      0

Node 1 MemTotal:       24661580 kB
Node 1 MemFree:        24335508 kB
Node 1 MemUsed:          326072 kB
Node 1 Active:            35284 kB
Node 1 Inactive:          20896 kB
Node 1 Active(anon):      18096 kB
Node 1 Inactive(anon):      348 kB
Node 1 Active(file):      17188 kB
Node 1 Inactive(file):    20548 kB
Node 1 Unevictable:        2464 kB
Node 1 Mlocked:            2464 kB
Node 1 Dirty:               388 kB
Node 1 Writeback:             0 kB
Node 1 FilePages:         40172 kB
Node 1 Mapped:            12484 kB
Node 1 AnonPages:         18392 kB
Node 1 Shmem:               488 kB
Node 1 KernelStack:        1416 kB
Node 1 PageTables:          776 kB
Node 1 NFS_Unstable:          0 kB
Node 1 Bounce:                0 kB
Node 1 WritebackTmp:          0 kB
Node 1 KReclaimable:      19432 kB
Node 1 Slab:              52732 kB
Node 1 SReclaimable:      19432 kB
Node 1 SUnreclaim:        33300 kB
Node 1 AnonHugePages:         0 kB
Node 1 ShmemHugePages:        0 kB
Node 1 ShmemPmdMapped:        0 kB
Node 1 FileHugePages:        0 kB
Node 1 FilePmdMapped:        0 kB
Node 1 HugePages_Total:     0
Node 1 HugePages_Free:      0
Node 1 HugePages_Surp:      0

Import tank ZPool
Node 0 MemTotal:       24768352 kB
Node 0 MemFree:        24465884 kB
Node 0 MemUsed:          302468 kB
Node 0 Active:            71452 kB
Node 0 Inactive:          56832 kB
Node 0 Active(anon):      21192 kB
Node 0 Inactive(anon):      532 kB
Node 0 Active(file):      50260 kB
Node 0 Inactive(file):    56300 kB
Node 0 Unevictable:       16060 kB
Node 0 Mlocked:           16060 kB
Node 0 Dirty:                44 kB
Node 0 Writeback:             0 kB
Node 0 FilePages:        113580 kB
Node 0 Mapped:            27876 kB
Node 0 AnonPages:         30864 kB
Node 0 Shmem:               776 kB
Node 0 KernelStack:        3368 kB
Node 0 PageTables:          612 kB
Node 0 NFS_Unstable:          0 kB
Node 0 Bounce:                0 kB
Node 0 WritebackTmp:          0 kB
Node 0 KReclaimable:      23096 kB
Node 0 Slab:              59928 kB
Node 0 SReclaimable:      23096 kB
Node 0 SUnreclaim:        36832 kB
Node 0 AnonHugePages:         0 kB
Node 0 ShmemHugePages:        0 kB
Node 0 ShmemPmdMapped:        0 kB
Node 0 FileHugePages:        0 kB
Node 0 FilePmdMapped:        0 kB
Node 0 HugePages_Total:     0
Node 0 HugePages_Free:      0
Node 0 HugePages_Surp:      0

Node 1 MemTotal:       24661580 kB
Node 1 MemFree:        24327864 kB
Node 1 MemUsed:          333716 kB
Node 1 Active:            35700 kB
Node 1 Inactive:          22012 kB
Node 1 Active(anon):      18140 kB
Node 1 Inactive(anon):      352 kB
Node 1 Active(file):      17560 kB
Node 1 Inactive(file):    21660 kB
Node 1 Unevictable:        2464 kB
Node 1 Mlocked:            2464 kB
Node 1 Dirty:               200 kB
Node 1 Writeback:             0 kB
Node 1 FilePages:         41660 kB
Node 1 Mapped:            12696 kB
Node 1 AnonPages:         18756 kB
Node 1 Shmem:               492 kB
Node 1 KernelStack:        1512 kB
Node 1 PageTables:          796 kB
Node 1 NFS_Unstable:          0 kB
Node 1 Bounce:                0 kB
Node 1 WritebackTmp:          0 kB
Node 1 KReclaimable:      19548 kB
Node 1 Slab:              57664 kB
Node 1 SReclaimable:      19548 kB
Node 1 SUnreclaim:        38116 kB
Node 1 AnonHugePages:         0 kB
Node 1 ShmemHugePages:        0 kB
Node 1 ShmemPmdMapped:        0 kB
Node 1 FileHugePages:        0 kB
Node 1 FilePmdMapped:        0 kB
Node 1 HugePages_Total:     0
Node 1 HugePages_Free:      0
Node 1 HugePages_Surp:      0

After Opposite Node
Node 0 MemTotal:       24768352 kB
Node 0 MemFree:        23944980 kB
Node 0 MemUsed:          823372 kB
Node 0 Active:            70024 kB
Node 0 Inactive:          56792 kB
Node 0 Active(anon):      19724 kB
Node 0 Inactive(anon):      532 kB
Node 0 Active(file):      50300 kB
Node 0 Inactive(file):    56260 kB
Node 0 Unevictable:       16060 kB
Node 0 Mlocked:           16060 kB
Node 0 Dirty:                48 kB
Node 0 Writeback:             0 kB
Node 0 FilePages:        113580 kB
Node 0 Mapped:            27708 kB
Node 0 AnonPages:         29292 kB
Node 0 Shmem:               776 kB
Node 0 KernelStack:        3304 kB
Node 0 PageTables:          540 kB
Node 0 NFS_Unstable:          0 kB
Node 0 Bounce:                0 kB
Node 0 WritebackTmp:          0 kB
Node 0 KReclaimable:      23096 kB
Node 0 Slab:              61776 kB
Node 0 SReclaimable:      23096 kB
Node 0 SUnreclaim:        38680 kB
Node 0 AnonHugePages:         0 kB
Node 0 ShmemHugePages:        0 kB
Node 0 ShmemPmdMapped:        0 kB
Node 0 FileHugePages:        0 kB
Node 0 FilePmdMapped:        0 kB
Node 0 HugePages_Total:     0
Node 0 HugePages_Free:      0
Node 0 HugePages_Surp:      0

Node 1 MemTotal:       24661580 kB
Node 1 MemFree:        23791560 kB
Node 1 MemUsed:          870020 kB
Node 1 Active:            32048 kB
Node 1 Inactive:          23028 kB
Node 1 Active(anon):      13272 kB
Node 1 Inactive(anon):      380 kB
Node 1 Active(file):      18776 kB
Node 1 Inactive(file):    22648 kB
Node 1 Unevictable:        2464 kB
Node 1 Mlocked:            2464 kB
Node 1 Dirty:               228 kB
Node 1 Writeback:             0 kB
Node 1 FilePages:         43908 kB
Node 1 Mapped:            12756 kB
Node 1 AnonPages:         13592 kB
Node 1 Shmem:               536 kB
Node 1 KernelStack:        1448 kB
Node 1 PageTables:          632 kB
Node 1 NFS_Unstable:          0 kB
Node 1 Bounce:                0 kB
Node 1 WritebackTmp:          0 kB
Node 1 KReclaimable:      20908 kB
Node 1 Slab:              63864 kB
Node 1 SReclaimable:      20908 kB
Node 1 SUnreclaim:        42956 kB
Node 1 AnonHugePages:         0 kB
Node 1 ShmemHugePages:        0 kB
Node 1 ShmemPmdMapped:        0 kB
Node 1 FileHugePages:        0 kB
Node 1 FilePmdMapped:        0 kB
Node 1 HugePages_Total:     0
Node 1 HugePages_Free:      0
Node 1 HugePages_Surp:      0

After Test
Node 0 MemTotal:       24768352 kB
Node 0 MemFree:        23943448 kB
Node 0 MemUsed:          824904 kB
Node 0 Active:            70176 kB
Node 0 Inactive:          56824 kB
Node 0 Active(anon):      19876 kB
Node 0 Inactive(anon):      556 kB
Node 0 Active(file):      50300 kB
Node 0 Inactive(file):    56268 kB
Node 0 Unevictable:       16060 kB
Node 0 Mlocked:           16060 kB
Node 0 Dirty:                56 kB
Node 0 Writeback:             0 kB
Node 0 FilePages:        113632 kB
Node 0 Mapped:            27752 kB
Node 0 AnonPages:         29336 kB
Node 0 Shmem:               820 kB
Node 0 KernelStack:        3336 kB
Node 0 PageTables:          652 kB
Node 0 NFS_Unstable:          0 kB
Node 0 Bounce:                0 kB
Node 0 WritebackTmp:          0 kB
Node 0 KReclaimable:      23128 kB
Node 0 Slab:              62004 kB
Node 0 SReclaimable:      23128 kB
Node 0 SUnreclaim:        38876 kB
Node 0 AnonHugePages:         0 kB
Node 0 ShmemHugePages:        0 kB
Node 0 ShmemPmdMapped:        0 kB
Node 0 FileHugePages:        0 kB
Node 0 FilePmdMapped:        0 kB
Node 0 HugePages_Total:     0
Node 0 HugePages_Free:      0
Node 0 HugePages_Surp:      0

Node 1 MemTotal:       24661580 kB
Node 1 MemFree:        23792136 kB
Node 1 MemUsed:          869444 kB
Node 1 Active:            32108 kB
Node 1 Inactive:          22776 kB
Node 1 Active(anon):      13088 kB
Node 1 Inactive(anon):      352 kB
Node 1 Active(file):      19020 kB
Node 1 Inactive(file):    22424 kB
Node 1 Unevictable:        2464 kB
Node 1 Mlocked:            2464 kB
Node 1 Dirty:               248 kB
Node 1 Writeback:             0 kB
Node 1 FilePages:         43884 kB
Node 1 Mapped:            12732 kB
Node 1 AnonPages:         13464 kB
Node 1 Shmem:               492 kB
Node 1 KernelStack:        1416 kB
Node 1 PageTables:          460 kB
Node 1 NFS_Unstable:          0 kB
Node 1 Bounce:                0 kB
Node 1 WritebackTmp:          0 kB
Node 1 KReclaimable:      20908 kB
Node 1 Slab:              63800 kB
Node 1 SReclaimable:      20908 kB
Node 1 SUnreclaim:        42892 kB
Node 1 AnonHugePages:         0 kB
Node 1 ShmemHugePages:        0 kB
Node 1 ShmemPmdMapped:        0 kB
Node 1 FileHugePages:        0 kB
Node 1 FilePmdMapped:        0 kB
Node 1 HugePages_Total:     0
Node 1 HugePages_Free:      0
Node 1 HugePages_Surp:      0

U.0.fio.500M.1.O Complete!
