kernel.numa_balancing = 1
10 Tests Remaining!
M.1.manyfio.8G.1.O.1M
Begin
Node 0 MemTotal:       24768352 kB
Node 0 MemFree:        24502884 kB
Node 0 MemUsed:          265468 kB
Node 0 Active:            57760 kB
Node 0 Inactive:          56120 kB
Node 0 Active(anon):      15092 kB
Node 0 Inactive(anon):      452 kB
Node 0 Active(file):      42668 kB
Node 0 Inactive(file):    55668 kB
Node 0 Unevictable:       14560 kB
Node 0 Mlocked:           14560 kB
Node 0 Dirty:               328 kB
Node 0 Writeback:             0 kB
Node 0 FilePages:        103168 kB
Node 0 Mapped:            13624 kB
Node 0 AnonPages:         25008 kB
Node 0 Shmem:               596 kB
Node 0 KernelStack:        2376 kB
Node 0 PageTables:          816 kB
Node 0 NFS_Unstable:          0 kB
Node 0 Bounce:                0 kB
Node 0 WritebackTmp:          0 kB
Node 0 KReclaimable:      21800 kB
Node 0 Slab:              57628 kB
Node 0 SReclaimable:      21800 kB
Node 0 SUnreclaim:        35828 kB
Node 0 AnonHugePages:         0 kB
Node 0 ShmemHugePages:        0 kB
Node 0 ShmemPmdMapped:        0 kB
Node 0 FileHugePages:        0 kB
Node 0 FilePmdMapped:        0 kB
Node 0 HugePages_Total:     0
Node 0 HugePages_Free:      0
Node 0 HugePages_Surp:      0

Node 1 MemTotal:       24661580 kB
Node 1 MemFree:        24291248 kB
Node 1 MemUsed:          370332 kB
Node 1 Active:            40180 kB
Node 1 Inactive:          51472 kB
Node 1 Active(anon):      19900 kB
Node 1 Inactive(anon):      420 kB
Node 1 Active(file):      20280 kB
Node 1 Inactive(file):    51052 kB
Node 1 Unevictable:        3964 kB
Node 1 Mlocked:            3964 kB
Node 1 Dirty:                84 kB
Node 1 Writeback:             0 kB
Node 1 FilePages:         75976 kB
Node 1 Mapped:            41796 kB
Node 1 AnonPages:         19680 kB
Node 1 Shmem:               672 kB
Node 1 KernelStack:        1432 kB
Node 1 PageTables:          508 kB
Node 1 NFS_Unstable:          0 kB
Node 1 Bounce:                0 kB
Node 1 WritebackTmp:          0 kB
Node 1 KReclaimable:      21452 kB
Node 1 Slab:              52772 kB
Node 1 SReclaimable:      21452 kB
Node 1 SUnreclaim:        31320 kB
Node 1 AnonHugePages:         0 kB
Node 1 ShmemHugePages:        0 kB
Node 1 ShmemPmdMapped:        0 kB
Node 1 FileHugePages:        0 kB
Node 1 FilePmdMapped:        0 kB
Node 1 HugePages_Total:     0
Node 1 HugePages_Free:      0
Node 1 HugePages_Surp:      0

Load ZFS
Node 0 MemTotal:       24768352 kB
Node 0 MemFree:        24359804 kB
Node 0 MemUsed:          408548 kB
Node 0 Active:            60728 kB
Node 0 Inactive:          56520 kB
Node 0 Active(anon):      16976 kB
Node 0 Inactive(anon):      452 kB
Node 0 Active(file):      43752 kB
Node 0 Inactive(file):    56068 kB
Node 0 Unevictable:       14560 kB
Node 0 Mlocked:           14560 kB
Node 0 Dirty:               156 kB
Node 0 Writeback:             0 kB
Node 0 FilePages:        104644 kB
Node 0 Mapped:            13548 kB
Node 0 AnonPages:         26904 kB
Node 0 Shmem:               596 kB
Node 0 KernelStack:        2184 kB
Node 0 PageTables:          796 kB
Node 0 NFS_Unstable:          0 kB
Node 0 Bounce:                0 kB
Node 0 WritebackTmp:          0 kB
Node 0 KReclaimable:      22052 kB
Node 0 Slab:              59152 kB
Node 0 SReclaimable:      22052 kB
Node 0 SUnreclaim:        37100 kB
Node 0 AnonHugePages:         0 kB
Node 0 ShmemHugePages:        0 kB
Node 0 ShmemPmdMapped:        0 kB
Node 0 FileHugePages:        0 kB
Node 0 FilePmdMapped:        0 kB
Node 0 HugePages_Total:     0
Node 0 HugePages_Free:      0
Node 0 HugePages_Surp:      0

Node 1 MemTotal:       24661580 kB
Node 1 MemFree:        24426564 kB
Node 1 MemUsed:          235016 kB
Node 1 Active:            45796 kB
Node 1 Inactive:          46932 kB
Node 1 Active(anon):      19892 kB
Node 1 Inactive(anon):      420 kB
Node 1 Active(file):      25904 kB
Node 1 Inactive(file):    46512 kB
Node 1 Unevictable:        3964 kB
Node 1 Mlocked:            3964 kB
Node 1 Dirty:               132 kB
Node 1 Writeback:             0 kB
Node 1 FilePages:         77052 kB
Node 1 Mapped:            41864 kB
Node 1 AnonPages:         19640 kB
Node 1 Shmem:               672 kB
Node 1 KernelStack:        1444 kB
Node 1 PageTables:          504 kB
Node 1 NFS_Unstable:          0 kB
Node 1 Bounce:                0 kB
Node 1 WritebackTmp:          0 kB
Node 1 KReclaimable:      21940 kB
Node 1 Slab:              54260 kB
Node 1 SReclaimable:      21940 kB
Node 1 SUnreclaim:        32320 kB
Node 1 AnonHugePages:         0 kB
Node 1 ShmemHugePages:        0 kB
Node 1 ShmemPmdMapped:        0 kB
Node 1 FileHugePages:        0 kB
Node 1 FilePmdMapped:        0 kB
Node 1 HugePages_Total:     0
Node 1 HugePages_Free:      0
Node 1 HugePages_Surp:      0

Import tank ZPool
Node 0 MemTotal:       24768352 kB
Node 0 MemFree:        24354856 kB
Node 0 MemUsed:          413496 kB
Node 0 Active:            57896 kB
Node 0 Inactive:          57704 kB
Node 0 Active(anon):      13696 kB
Node 0 Inactive(anon):      456 kB
Node 0 Active(file):      44200 kB
Node 0 Inactive(file):    57248 kB
Node 0 Unevictable:       14560 kB
Node 0 Mlocked:           14560 kB
Node 0 Dirty:                64 kB
Node 0 Writeback:             0 kB
Node 0 FilePages:        106304 kB
Node 0 Mapped:            13812 kB
Node 0 AnonPages:         24100 kB
Node 0 Shmem:               596 kB
Node 0 KernelStack:        2264 kB
Node 0 PageTables:          720 kB
Node 0 NFS_Unstable:          0 kB
Node 0 Bounce:                0 kB
Node 0 WritebackTmp:          0 kB
Node 0 KReclaimable:      22168 kB
Node 0 Slab:              64196 kB
Node 0 SReclaimable:      22168 kB
Node 0 SUnreclaim:        42028 kB
Node 0 AnonHugePages:         0 kB
Node 0 ShmemHugePages:        0 kB
Node 0 ShmemPmdMapped:        0 kB
Node 0 FileHugePages:        0 kB
Node 0 FilePmdMapped:        0 kB
Node 0 HugePages_Total:     0
Node 0 HugePages_Free:      0
Node 0 HugePages_Surp:      0

Node 1 MemTotal:       24661580 kB
Node 1 MemFree:        24414448 kB
Node 1 MemUsed:          247132 kB
Node 1 Active:            45328 kB
Node 1 Inactive:          46900 kB
Node 1 Active(anon):      19392 kB
Node 1 Inactive(anon):      420 kB
Node 1 Active(file):      25936 kB
Node 1 Inactive(file):    46480 kB
Node 1 Unevictable:        3964 kB
Node 1 Mlocked:            3964 kB
Node 1 Dirty:                16 kB
Node 1 Writeback:             0 kB
Node 1 FilePages:         77056 kB
Node 1 Mapped:            41908 kB
Node 1 AnonPages:         19172 kB
Node 1 Shmem:               672 kB
Node 1 KernelStack:        2488 kB
Node 1 PageTables:          500 kB
Node 1 NFS_Unstable:          0 kB
Node 1 Bounce:                0 kB
Node 1 WritebackTmp:          0 kB
Node 1 KReclaimable:      21960 kB
Node 1 Slab:              56716 kB
Node 1 SReclaimable:      21960 kB
Node 1 SUnreclaim:        34756 kB
Node 1 AnonHugePages:         0 kB
Node 1 ShmemHugePages:        0 kB
Node 1 ShmemPmdMapped:        0 kB
Node 1 FileHugePages:        0 kB
Node 1 FilePmdMapped:        0 kB
Node 1 HugePages_Total:     0
Node 1 HugePages_Free:      0
Node 1 HugePages_Surp:      0

After Test
Node 0 MemTotal:       24768352 kB
Node 0 MemFree:        23723120 kB
Node 0 MemUsed:         1045232 kB
Node 0 Active:            57956 kB
Node 0 Inactive:          57552 kB
Node 0 Active(anon):      13364 kB
Node 0 Inactive(anon):      456 kB
Node 0 Active(file):      44592 kB
Node 0 Inactive(file):    57096 kB
Node 0 Unevictable:       14560 kB
Node 0 Mlocked:           14560 kB
Node 0 Dirty:                32 kB
Node 0 Writeback:             0 kB
Node 0 FilePages:        106512 kB
Node 0 Mapped:            13548 kB
Node 0 AnonPages:         23552 kB
Node 0 Shmem:               596 kB
Node 0 KernelStack:        2104 kB
Node 0 PageTables:          556 kB
Node 0 NFS_Unstable:          0 kB
Node 0 Bounce:                0 kB
Node 0 WritebackTmp:          0 kB
Node 0 KReclaimable:      22220 kB
Node 0 Slab:              67200 kB
Node 0 SReclaimable:      22220 kB
Node 0 SUnreclaim:        44980 kB
Node 0 AnonHugePages:         0 kB
Node 0 ShmemHugePages:        0 kB
Node 0 ShmemPmdMapped:        0 kB
Node 0 FileHugePages:        0 kB
Node 0 FilePmdMapped:        0 kB
Node 0 HugePages_Total:     0
Node 0 HugePages_Free:      0
Node 0 HugePages_Surp:      0

Node 1 MemTotal:       24661580 kB
Node 1 MemFree:        15802400 kB
Node 1 MemUsed:         8859180 kB
Node 1 Active:            46736 kB
Node 1 Inactive:          47896 kB
Node 1 Active(anon):      19796 kB
Node 1 Inactive(anon):      448 kB
Node 1 Active(file):      26940 kB
Node 1 Inactive(file):    47448 kB
Node 1 Unevictable:        3964 kB
Node 1 Mlocked:            3964 kB
Node 1 Dirty:                56 kB
Node 1 Writeback:             0 kB
Node 1 FilePages:         79068 kB
Node 1 Mapped:            41992 kB
Node 1 AnonPages:         19500 kB
Node 1 Shmem:               716 kB
Node 1 KernelStack:        2504 kB
Node 1 PageTables:          680 kB
Node 1 NFS_Unstable:          0 kB
Node 1 Bounce:                0 kB
Node 1 WritebackTmp:          0 kB
Node 1 KReclaimable:      23272 kB
Node 1 Slab:              88848 kB
Node 1 SReclaimable:      23272 kB
Node 1 SUnreclaim:        65576 kB
Node 1 AnonHugePages:         0 kB
Node 1 ShmemHugePages:        0 kB
Node 1 ShmemPmdMapped:        0 kB
Node 1 FileHugePages:        0 kB
Node 1 FilePmdMapped:        0 kB
Node 1 HugePages_Total:     0
Node 1 HugePages_Free:      0
Node 1 HugePages_Surp:      0

After Opposite Node
Node 0 MemTotal:       24768352 kB
Node 0 MemFree:        23719068 kB
Node 0 MemUsed:         1049284 kB
Node 0 Active:            58168 kB
Node 0 Inactive:          57600 kB
Node 0 Active(anon):      13524 kB
Node 0 Inactive(anon):      480 kB
Node 0 Active(file):      44644 kB
Node 0 Inactive(file):    57120 kB
Node 0 Unevictable:       14560 kB
Node 0 Mlocked:           14560 kB
Node 0 Dirty:                76 kB
Node 0 Writeback:             0 kB
Node 0 FilePages:        106632 kB
Node 0 Mapped:            13592 kB
Node 0 AnonPages:         23612 kB
Node 0 Shmem:               640 kB
Node 0 KernelStack:        2136 kB
Node 0 PageTables:          672 kB
Node 0 NFS_Unstable:          0 kB
Node 0 Bounce:                0 kB
Node 0 WritebackTmp:          0 kB
Node 0 KReclaimable:      22332 kB
Node 0 Slab:              69776 kB
Node 0 SReclaimable:      22332 kB
Node 0 SUnreclaim:        47444 kB
Node 0 AnonHugePages:         0 kB
Node 0 ShmemHugePages:        0 kB
Node 0 ShmemPmdMapped:        0 kB
Node 0 FileHugePages:        0 kB
Node 0 FilePmdMapped:        0 kB
Node 0 HugePages_Total:     0
Node 0 HugePages_Free:      0
Node 0 HugePages_Surp:      0

Node 1 MemTotal:       24661580 kB
Node 1 MemFree:        15808848 kB
Node 1 MemUsed:         8852732 kB
Node 1 Active:            46444 kB
Node 1 Inactive:          47864 kB
Node 1 Active(anon):      19472 kB
Node 1 Inactive(anon):      420 kB
Node 1 Active(file):      26972 kB
Node 1 Inactive(file):    47444 kB
Node 1 Unevictable:        3964 kB
Node 1 Mlocked:            3964 kB
Node 1 Dirty:                40 kB
Node 1 Writeback:             0 kB
Node 1 FilePages:         79052 kB
Node 1 Mapped:            41904 kB
Node 1 AnonPages:         19220 kB
Node 1 Shmem:               672 kB
Node 1 KernelStack:        2456 kB
Node 1 PageTables:          500 kB
Node 1 NFS_Unstable:          0 kB
Node 1 Bounce:                0 kB
Node 1 WritebackTmp:          0 kB
Node 1 KReclaimable:      23276 kB
Node 1 Slab:              87468 kB
Node 1 SReclaimable:      23276 kB
Node 1 SUnreclaim:        64192 kB
Node 1 AnonHugePages:         0 kB
Node 1 ShmemHugePages:        0 kB
Node 1 ShmemPmdMapped:        0 kB
Node 1 FileHugePages:        0 kB
Node 1 FilePmdMapped:        0 kB
Node 1 HugePages_Total:     0
Node 1 HugePages_Free:      0
Node 1 HugePages_Surp:      0

M.1.manyfio.8G.1.O.1M Complete!
