kernel.numa_balancing = 0
U.0.fio.2-1G.2.O.1M
Begin
Node 0 MemTotal:       24743736 kB
Node 0 MemFree:        24472376 kB
Node 0 MemUsed:          271360 kB
Node 0 Active:            65180 kB
Node 0 Inactive:          60088 kB
Node 0 Active(anon):      18656 kB
Node 0 Inactive(anon):      460 kB
Node 0 Active(file):      46524 kB
Node 0 Inactive(file):    59628 kB
Node 0 Unevictable:        5016 kB
Node 0 Mlocked:            5016 kB
Node 0 Dirty:               176 kB
Node 0 Writeback:             0 kB
Node 0 FilePages:        111800 kB
Node 0 Mapped:            58820 kB
Node 0 AnonPages:         18536 kB
Node 0 Shmem:               600 kB
Node 0 KernelStack:        1720 kB
Node 0 PageTables:          544 kB
Node 0 NFS_Unstable:          0 kB
Node 0 Bounce:                0 kB
Node 0 WritebackTmp:          0 kB
Node 0 KReclaimable:      21980 kB
Node 0 Slab:              55044 kB
Node 0 SReclaimable:      21980 kB
Node 0 SUnreclaim:        33064 kB
Node 0 AnonHugePages:         0 kB
Node 0 ShmemHugePages:        0 kB
Node 0 ShmemPmdMapped:        0 kB
Node 0 FileHugePages:        0 kB
Node 0 FilePmdMapped:        0 kB
Node 0 HugePages_Total:     0
Node 0 HugePages_Free:      0
Node 0 HugePages_Surp:      0

Node 1 MemTotal:       24686196 kB
Node 1 MemFree:        24303712 kB
Node 1 MemUsed:          382484 kB
Node 1 Active:            31804 kB
Node 1 Inactive:          69520 kB
Node 1 Active(anon):      15052 kB
Node 1 Inactive(anon):      416 kB
Node 1 Active(file):      16752 kB
Node 1 Inactive(file):    69104 kB
Node 1 Unevictable:       13504 kB
Node 1 Mlocked:           13504 kB
Node 1 Dirty:               344 kB
Node 1 Writeback:             0 kB
Node 1 FilePages:         89704 kB
Node 1 Mapped:            14248 kB
Node 1 AnonPages:         25240 kB
Node 1 Shmem:               668 kB
Node 1 KernelStack:        1880 kB
Node 1 PageTables:          680 kB
Node 1 NFS_Unstable:          0 kB
Node 1 Bounce:                0 kB
Node 1 WritebackTmp:          0 kB
Node 1 KReclaimable:      20120 kB
Node 1 Slab:              52320 kB
Node 1 SReclaimable:      20120 kB
Node 1 SUnreclaim:        32200 kB
Node 1 AnonHugePages:         0 kB
Node 1 ShmemHugePages:        0 kB
Node 1 ShmemPmdMapped:        0 kB
Node 1 FileHugePages:        0 kB
Node 1 FilePmdMapped:        0 kB
Node 1 HugePages_Total:     0
Node 1 HugePages_Free:      0
Node 1 HugePages_Surp:      0

Load ZFS
Node 0 MemTotal:       24743736 kB
Node 0 MemFree:        24468852 kB
Node 0 MemUsed:          274884 kB
Node 0 Active:            67076 kB
Node 0 Inactive:          60400 kB
Node 0 Active(anon):      18692 kB
Node 0 Inactive(anon):      460 kB
Node 0 Active(file):      48384 kB
Node 0 Inactive(file):    59940 kB
Node 0 Unevictable:        5016 kB
Node 0 Mlocked:            5016 kB
Node 0 Dirty:               244 kB
Node 0 Writeback:             0 kB
Node 0 FilePages:        113940 kB
Node 0 Mapped:            58820 kB
Node 0 AnonPages:         18552 kB
Node 0 Shmem:               600 kB
Node 0 KernelStack:        1736 kB
Node 0 PageTables:          548 kB
Node 0 NFS_Unstable:          0 kB
Node 0 Bounce:                0 kB
Node 0 WritebackTmp:          0 kB
Node 0 KReclaimable:      22352 kB
Node 0 Slab:              56424 kB
Node 0 SReclaimable:      22352 kB
Node 0 SUnreclaim:        34072 kB
Node 0 AnonHugePages:         0 kB
Node 0 ShmemHugePages:        0 kB
Node 0 ShmemPmdMapped:        0 kB
Node 0 FileHugePages:        0 kB
Node 0 FilePmdMapped:        0 kB
Node 0 HugePages_Total:     0
Node 0 HugePages_Free:      0
Node 0 HugePages_Surp:      0

Node 1 MemTotal:       24686196 kB
Node 1 MemFree:        24299368 kB
Node 1 MemUsed:          386828 kB
Node 1 Active:            38876 kB
Node 1 Inactive:          65244 kB
Node 1 Active(anon):      17460 kB
Node 1 Inactive(anon):      416 kB
Node 1 Active(file):      21416 kB
Node 1 Inactive(file):    64828 kB
Node 1 Unevictable:       13504 kB
Node 1 Mlocked:           13504 kB
Node 1 Dirty:               108 kB
Node 1 Writeback:             0 kB
Node 1 FilePages:         90092 kB
Node 1 Mapped:            14408 kB
Node 1 AnonPages:         27452 kB
Node 1 Shmem:               668 kB
Node 1 KernelStack:        1880 kB
Node 1 PageTables:          776 kB
Node 1 NFS_Unstable:          0 kB
Node 1 Bounce:                0 kB
Node 1 WritebackTmp:          0 kB
Node 1 KReclaimable:      20560 kB
Node 1 Slab:              54080 kB
Node 1 SReclaimable:      20560 kB
Node 1 SUnreclaim:        33520 kB
Node 1 AnonHugePages:         0 kB
Node 1 ShmemHugePages:        0 kB
Node 1 ShmemPmdMapped:        0 kB
Node 1 FileHugePages:        0 kB
Node 1 FilePmdMapped:        0 kB
Node 1 HugePages_Total:     0
Node 1 HugePages_Free:      0
Node 1 HugePages_Surp:      0

Import tank ZPool
Node 0 MemTotal:       24743736 kB
Node 0 MemFree:        24463060 kB
Node 0 MemUsed:          280676 kB
Node 0 Active:            67884 kB
Node 0 Inactive:          61560 kB
Node 0 Active(anon):      19036 kB
Node 0 Inactive(anon):      464 kB
Node 0 Active(file):      48848 kB
Node 0 Inactive(file):    61096 kB
Node 0 Unevictable:        5016 kB
Node 0 Mlocked:            5016 kB
Node 0 Dirty:               272 kB
Node 0 Writeback:             0 kB
Node 0 FilePages:        115612 kB
Node 0 Mapped:            58976 kB
Node 0 AnonPages:         18972 kB
Node 0 Shmem:               600 kB
Node 0 KernelStack:        1768 kB
Node 0 PageTables:          664 kB
Node 0 NFS_Unstable:          0 kB
Node 0 Bounce:                0 kB
Node 0 WritebackTmp:          0 kB
Node 0 KReclaimable:      22464 kB
Node 0 Slab:              60996 kB
Node 0 SReclaimable:      22464 kB
Node 0 SUnreclaim:        38532 kB
Node 0 AnonHugePages:         0 kB
Node 0 ShmemHugePages:        0 kB
Node 0 ShmemPmdMapped:        0 kB
Node 0 FileHugePages:        0 kB
Node 0 FilePmdMapped:        0 kB
Node 0 HugePages_Total:     0
Node 0 HugePages_Free:      0
Node 0 HugePages_Surp:      0

Node 1 MemTotal:       24686196 kB
Node 1 MemFree:        24287352 kB
Node 1 MemUsed:          398844 kB
Node 1 Active:            38920 kB
Node 1 Inactive:          65288 kB
Node 1 Active(anon):      17484 kB
Node 1 Inactive(anon):      416 kB
Node 1 Active(file):      21436 kB
Node 1 Inactive(file):    64872 kB
Node 1 Unevictable:       13504 kB
Node 1 Mlocked:           13504 kB
Node 1 Dirty:               120 kB
Node 1 Writeback:             0 kB
Node 1 FilePages:         90156 kB
Node 1 Mapped:            14268 kB
Node 1 AnonPages:         27624 kB
Node 1 Shmem:               668 kB
Node 1 KernelStack:        3016 kB
Node 1 PageTables:          788 kB
Node 1 NFS_Unstable:          0 kB
Node 1 Bounce:                0 kB
Node 1 WritebackTmp:          0 kB
Node 1 KReclaimable:      20572 kB
Node 1 Slab:              56680 kB
Node 1 SReclaimable:      20572 kB
Node 1 SUnreclaim:        36108 kB
Node 1 AnonHugePages:         0 kB
Node 1 ShmemHugePages:        0 kB
Node 1 ShmemPmdMapped:        0 kB
Node 1 FileHugePages:        0 kB
Node 1 FilePmdMapped:        0 kB
Node 1 HugePages_Total:     0
Node 1 HugePages_Free:      0
Node 1 HugePages_Surp:      0

After Test
Node 0 MemTotal:       24743736 kB
Node 0 MemFree:        22933492 kB
Node 0 MemUsed:         1810244 kB
Node 0 Active:            68480 kB
Node 0 Inactive:          62416 kB
Node 0 Active(anon):      18432 kB
Node 0 Inactive(anon):      488 kB
Node 0 Active(file):      50048 kB
Node 0 Inactive(file):    61928 kB
Node 0 Unevictable:        5016 kB
Node 0 Mlocked:            5016 kB
Node 0 Dirty:               216 kB
Node 0 Writeback:             0 kB
Node 0 FilePages:        117632 kB
Node 0 Mapped:            59104 kB
Node 0 AnonPages:         18192 kB
Node 0 Shmem:               644 kB
Node 0 KernelStack:        1784 kB
Node 0 PageTables:          660 kB
Node 0 NFS_Unstable:          0 kB
Node 0 Bounce:                0 kB
Node 0 WritebackTmp:          0 kB
Node 0 KReclaimable:      23800 kB
Node 0 Slab:              70748 kB
Node 0 SReclaimable:      23800 kB
Node 0 SUnreclaim:        46948 kB
Node 0 AnonHugePages:         0 kB
Node 0 ShmemHugePages:        0 kB
Node 0 ShmemPmdMapped:        0 kB
Node 0 FileHugePages:        0 kB
Node 0 FilePmdMapped:        0 kB
Node 0 HugePages_Total:     0
Node 0 HugePages_Free:      0
Node 0 HugePages_Surp:      0

Node 1 MemTotal:       24686196 kB
Node 1 MemFree:        23936596 kB
Node 1 MemUsed:          749600 kB
Node 1 Active:            35944 kB
Node 1 Inactive:          65288 kB
Node 1 Active(anon):      14508 kB
Node 1 Inactive(anon):      416 kB
Node 1 Active(file):      21436 kB
Node 1 Inactive(file):    64872 kB
Node 1 Unevictable:       13504 kB
Node 1 Mlocked:           13504 kB
Node 1 Dirty:                12 kB
Node 1 Writeback:             0 kB
Node 1 FilePages:         90156 kB
Node 1 Mapped:            14244 kB
Node 1 AnonPages:         24580 kB
Node 1 Shmem:               668 kB
Node 1 KernelStack:        2984 kB
Node 1 PageTables:          608 kB
Node 1 NFS_Unstable:          0 kB
Node 1 Bounce:                0 kB
Node 1 WritebackTmp:          0 kB
Node 1 KReclaimable:      20604 kB
Node 1 Slab:              58016 kB
Node 1 SReclaimable:      20604 kB
Node 1 SUnreclaim:        37412 kB
Node 1 AnonHugePages:         0 kB
Node 1 ShmemHugePages:        0 kB
Node 1 ShmemPmdMapped:        0 kB
Node 1 FileHugePages:        0 kB
Node 1 FilePmdMapped:        0 kB
Node 1 HugePages_Total:     0
Node 1 HugePages_Free:      0
Node 1 HugePages_Surp:      0

After Opposite Node
Node 0 MemTotal:       24743736 kB
Node 0 MemFree:        22933972 kB
Node 0 MemUsed:         1809764 kB
Node 0 Active:            68528 kB
Node 0 Inactive:          62228 kB
Node 0 Active(anon):      18300 kB
Node 0 Inactive(anon):      464 kB
Node 0 Active(file):      50228 kB
Node 0 Inactive(file):    61764 kB
Node 0 Unevictable:        5016 kB
Node 0 Mlocked:            5016 kB
Node 0 Dirty:               232 kB
Node 0 Writeback:             0 kB
Node 0 FilePages:        117604 kB
Node 0 Mapped:            59032 kB
Node 0 AnonPages:         18164 kB
Node 0 Shmem:               600 kB
Node 0 KernelStack:        1736 kB
Node 0 PageTables:          548 kB
Node 0 NFS_Unstable:          0 kB
Node 0 Bounce:                0 kB
Node 0 WritebackTmp:          0 kB
Node 0 KReclaimable:      23800 kB
Node 0 Slab:              70744 kB
Node 0 SReclaimable:      23800 kB
Node 0 SUnreclaim:        46944 kB
Node 0 AnonHugePages:         0 kB
Node 0 ShmemHugePages:        0 kB
Node 0 ShmemPmdMapped:        0 kB
Node 0 FileHugePages:        0 kB
Node 0 FilePmdMapped:        0 kB
Node 0 HugePages_Total:     0
Node 0 HugePages_Free:      0
Node 0 HugePages_Surp:      0

Node 1 MemTotal:       24686196 kB
Node 1 MemFree:        23932732 kB
Node 1 MemUsed:          753464 kB
Node 1 Active:            36080 kB
Node 1 Inactive:          65320 kB
Node 1 Active(anon):      14640 kB
Node 1 Inactive(anon):      440 kB
Node 1 Active(file):      21440 kB
Node 1 Inactive(file):    64880 kB
Node 1 Unevictable:       13504 kB
Node 1 Mlocked:           13504 kB
Node 1 Dirty:                20 kB
Node 1 Writeback:             0 kB
Node 1 FilePages:         90212 kB
Node 1 Mapped:            14288 kB
Node 1 AnonPages:         24608 kB
Node 1 Shmem:               712 kB
Node 1 KernelStack:        3016 kB
Node 1 PageTables:          720 kB
Node 1 NFS_Unstable:          0 kB
Node 1 Bounce:                0 kB
Node 1 WritebackTmp:          0 kB
Node 1 KReclaimable:      20656 kB
Node 1 Slab:              58652 kB
Node 1 SReclaimable:      20656 kB
Node 1 SUnreclaim:        37996 kB
Node 1 AnonHugePages:         0 kB
Node 1 ShmemHugePages:        0 kB
Node 1 ShmemPmdMapped:        0 kB
Node 1 FileHugePages:        0 kB
Node 1 FilePmdMapped:        0 kB
Node 1 HugePages_Total:     0
Node 1 HugePages_Free:      0
Node 1 HugePages_Surp:      0

U.0.fio.2-1G.2.O.1M Complete!
