kernel.numa_balancing = 0
U.0.fio.8G.3.O.1M
Begin
Node 0 MemTotal:       24768352 kB
Node 0 MemFree:        24545636 kB
Node 0 MemUsed:          222716 kB
Node 0 Active:            59560 kB
Node 0 Inactive:          19596 kB
Node 0 Active(anon):      13720 kB
Node 0 Inactive(anon):      564 kB
Node 0 Active(file):      45840 kB
Node 0 Inactive(file):    19032 kB
Node 0 Unevictable:        5676 kB
Node 0 Mlocked:            5676 kB
Node 0 Dirty:               292 kB
Node 0 Writeback:             0 kB
Node 0 FilePages:         71796 kB
Node 0 Mapped:            22400 kB
Node 0 AnonPages:         13532 kB
Node 0 Shmem:               784 kB
Node 0 KernelStack:        2072 kB
Node 0 PageTables:          404 kB
Node 0 NFS_Unstable:          0 kB
Node 0 Bounce:                0 kB
Node 0 WritebackTmp:          0 kB
Node 0 KReclaimable:      25552 kB
Node 0 Slab:              55592 kB
Node 0 SReclaimable:      25552 kB
Node 0 SUnreclaim:        30040 kB
Node 0 AnonHugePages:         0 kB
Node 0 ShmemHugePages:        0 kB
Node 0 ShmemPmdMapped:        0 kB
Node 0 FileHugePages:        0 kB
Node 0 FilePmdMapped:        0 kB
Node 0 HugePages_Total:     0
Node 0 HugePages_Free:      0
Node 0 HugePages_Surp:      0

Node 1 MemTotal:       24661580 kB
Node 1 MemFree:        24270436 kB
Node 1 MemUsed:          391144 kB
Node 1 Active:            35076 kB
Node 1 Inactive:          72552 kB
Node 1 Active(anon):      19900 kB
Node 1 Inactive(anon):      320 kB
Node 1 Active(file):      15176 kB
Node 1 Inactive(file):    72232 kB
Node 1 Unevictable:       12848 kB
Node 1 Mlocked:           12848 kB
Node 1 Dirty:               148 kB
Node 1 Writeback:             0 kB
Node 1 FilePages:         90412 kB
Node 1 Mapped:            26456 kB
Node 1 AnonPages:         30064 kB
Node 1 Shmem:               484 kB
Node 1 KernelStack:        1480 kB
Node 1 PageTables:          648 kB
Node 1 NFS_Unstable:          0 kB
Node 1 Bounce:                0 kB
Node 1 WritebackTmp:          0 kB
Node 1 KReclaimable:      16272 kB
Node 1 Slab:              50344 kB
Node 1 SReclaimable:      16272 kB
Node 1 SUnreclaim:        34072 kB
Node 1 AnonHugePages:         0 kB
Node 1 ShmemHugePages:        0 kB
Node 1 ShmemPmdMapped:        0 kB
Node 1 FileHugePages:        0 kB
Node 1 FilePmdMapped:        0 kB
Node 1 HugePages_Total:     0
Node 1 HugePages_Free:      0
Node 1 HugePages_Surp:      0

Load ZFS
Node 0 MemTotal:       24768352 kB
Node 0 MemFree:        24540176 kB
Node 0 MemUsed:          228176 kB
Node 0 Active:            62972 kB
Node 0 Inactive:          20228 kB
Node 0 Active(anon):      16088 kB
Node 0 Inactive(anon):      564 kB
Node 0 Active(file):      46884 kB
Node 0 Inactive(file):    19664 kB
Node 0 Unevictable:        5676 kB
Node 0 Mlocked:            5676 kB
Node 0 Dirty:               300 kB
Node 0 Writeback:             0 kB
Node 0 FilePages:         73004 kB
Node 0 Mapped:            22564 kB
Node 0 AnonPages:         15632 kB
Node 0 Shmem:               784 kB
Node 0 KernelStack:        2056 kB
Node 0 PageTables:          460 kB
Node 0 NFS_Unstable:          0 kB
Node 0 Bounce:                0 kB
Node 0 WritebackTmp:          0 kB
Node 0 KReclaimable:      26020 kB
Node 0 Slab:              57544 kB
Node 0 SReclaimable:      26020 kB
Node 0 SUnreclaim:        31524 kB
Node 0 AnonHugePages:         0 kB
Node 0 ShmemHugePages:        0 kB
Node 0 ShmemPmdMapped:        0 kB
Node 0 FileHugePages:        0 kB
Node 0 FilePmdMapped:        0 kB
Node 0 HugePages_Total:     0
Node 0 HugePages_Free:      0
Node 0 HugePages_Surp:      0

Node 1 MemTotal:       24661580 kB
Node 1 MemFree:        24263984 kB
Node 1 MemUsed:          397596 kB
Node 1 Active:            45724 kB
Node 1 Inactive:          67940 kB
Node 1 Active(anon):      24744 kB
Node 1 Inactive(anon):      320 kB
Node 1 Active(file):      20980 kB
Node 1 Inactive(file):    67620 kB
Node 1 Unevictable:       12848 kB
Node 1 Mlocked:           12848 kB
Node 1 Dirty:               224 kB
Node 1 Writeback:             0 kB
Node 1 FilePages:         91604 kB
Node 1 Mapped:            26424 kB
Node 1 AnonPages:         34952 kB
Node 1 Shmem:               484 kB
Node 1 KernelStack:        1640 kB
Node 1 PageTables:         1080 kB
Node 1 NFS_Unstable:          0 kB
Node 1 Bounce:                0 kB
Node 1 WritebackTmp:          0 kB
Node 1 KReclaimable:      16796 kB
Node 1 Slab:              52396 kB
Node 1 SReclaimable:      16796 kB
Node 1 SUnreclaim:        35600 kB
Node 1 AnonHugePages:         0 kB
Node 1 ShmemHugePages:        0 kB
Node 1 ShmemPmdMapped:        0 kB
Node 1 FileHugePages:        0 kB
Node 1 FilePmdMapped:        0 kB
Node 1 HugePages_Total:     0
Node 1 HugePages_Free:      0
Node 1 HugePages_Surp:      0

Import tank ZPool
Node 0 MemTotal:       24768352 kB
Node 0 MemFree:        24526316 kB
Node 0 MemUsed:          242036 kB
Node 0 Active:            60488 kB
Node 0 Inactive:          20264 kB
Node 0 Active(anon):      13564 kB
Node 0 Inactive(anon):      564 kB
Node 0 Active(file):      46924 kB
Node 0 Inactive(file):    19700 kB
Node 0 Unevictable:        5676 kB
Node 0 Mlocked:            5676 kB
Node 0 Dirty:                76 kB
Node 0 Writeback:             0 kB
Node 0 FilePages:         73092 kB
Node 0 Mapped:            22672 kB
Node 0 AnonPages:         13420 kB
Node 0 Shmem:               780 kB
Node 0 KernelStack:        3192 kB
Node 0 PageTables:          416 kB
Node 0 NFS_Unstable:          0 kB
Node 0 Bounce:                0 kB
Node 0 WritebackTmp:          0 kB
Node 0 KReclaimable:      26084 kB
Node 0 Slab:              60360 kB
Node 0 SReclaimable:      26084 kB
Node 0 SUnreclaim:        34276 kB
Node 0 AnonHugePages:         0 kB
Node 0 ShmemHugePages:        0 kB
Node 0 ShmemPmdMapped:        0 kB
Node 0 FileHugePages:        0 kB
Node 0 FilePmdMapped:        0 kB
Node 0 HugePages_Total:     0
Node 0 HugePages_Free:      0
Node 0 HugePages_Surp:      0

Node 1 MemTotal:       24661580 kB
Node 1 MemFree:        24260672 kB
Node 1 MemUsed:          400908 kB
Node 1 Active:            41064 kB
Node 1 Inactive:          69084 kB
Node 1 Active(anon):      19656 kB
Node 1 Inactive(anon):      324 kB
Node 1 Active(file):      21408 kB
Node 1 Inactive(file):    68760 kB
Node 1 Unevictable:       12848 kB
Node 1 Mlocked:           12848 kB
Node 1 Dirty:               244 kB
Node 1 Writeback:             0 kB
Node 1 FilePages:         93200 kB
Node 1 Mapped:            26644 kB
Node 1 AnonPages:         29812 kB
Node 1 Shmem:               488 kB
Node 1 KernelStack:        1496 kB
Node 1 PageTables:          796 kB
Node 1 NFS_Unstable:          0 kB
Node 1 Bounce:                0 kB
Node 1 WritebackTmp:          0 kB
Node 1 KReclaimable:      16904 kB
Node 1 Slab:              57304 kB
Node 1 SReclaimable:      16904 kB
Node 1 SUnreclaim:        40400 kB
Node 1 AnonHugePages:         0 kB
Node 1 ShmemHugePages:        0 kB
Node 1 ShmemPmdMapped:        0 kB
Node 1 FileHugePages:        0 kB
Node 1 FilePmdMapped:        0 kB
Node 1 HugePages_Total:     0
Node 1 HugePages_Free:      0
Node 1 HugePages_Surp:      0

After Test
Node 0 MemTotal:       24768352 kB
Node 0 MemFree:        15702664 kB
Node 0 MemUsed:         9065688 kB
Node 0 Active:            61100 kB
Node 0 Inactive:          21484 kB
Node 0 Active(anon):      13376 kB
Node 0 Inactive(anon):      588 kB
Node 0 Active(file):      47724 kB
Node 0 Inactive(file):    20896 kB
Node 0 Unevictable:        5676 kB
Node 0 Mlocked:            5676 kB
Node 0 Dirty:                20 kB
Node 0 Writeback:             0 kB
Node 0 FilePages:         75116 kB
Node 0 Mapped:            22676 kB
Node 0 AnonPages:         13064 kB
Node 0 Shmem:               824 kB
Node 0 KernelStack:        3112 kB
Node 0 PageTables:          532 kB
Node 0 NFS_Unstable:          0 kB
Node 0 Bounce:                0 kB
Node 0 WritebackTmp:          0 kB
Node 0 KReclaimable:      27444 kB
Node 0 Slab:              93756 kB
Node 0 SReclaimable:      27444 kB
Node 0 SUnreclaim:        66312 kB
Node 0 AnonHugePages:         0 kB
Node 0 ShmemHugePages:        0 kB
Node 0 ShmemPmdMapped:        0 kB
Node 0 FileHugePages:        0 kB
Node 0 FilePmdMapped:        0 kB
Node 0 HugePages_Total:     0
Node 0 HugePages_Free:      0
Node 0 HugePages_Surp:      0

Node 1 MemTotal:       24661580 kB
Node 1 MemFree:        23837424 kB
Node 1 MemUsed:          824156 kB
Node 1 Active:            41380 kB
Node 1 Inactive:          68792 kB
Node 1 Active(anon):      19552 kB
Node 1 Inactive(anon):      324 kB
Node 1 Active(file):      21828 kB
Node 1 Inactive(file):    68468 kB
Node 1 Unevictable:       12848 kB
Node 1 Mlocked:           12848 kB
Node 1 Dirty:                12 kB
Node 1 Writeback:             0 kB
Node 1 FilePages:         93304 kB
Node 1 Mapped:            26424 kB
Node 1 AnonPages:         29716 kB
Node 1 Shmem:               488 kB
Node 1 KernelStack:        1464 kB
Node 1 PageTables:          620 kB
Node 1 NFS_Unstable:          0 kB
Node 1 Bounce:                0 kB
Node 1 WritebackTmp:          0 kB
Node 1 KReclaimable:      16904 kB
Node 1 Slab:              58780 kB
Node 1 SReclaimable:      16904 kB
Node 1 SUnreclaim:        41876 kB
Node 1 AnonHugePages:         0 kB
Node 1 ShmemHugePages:        0 kB
Node 1 ShmemPmdMapped:        0 kB
Node 1 FileHugePages:        0 kB
Node 1 FilePmdMapped:        0 kB
Node 1 HugePages_Total:     0
Node 1 HugePages_Free:      0
Node 1 HugePages_Surp:      0

After Opposite Node
Node 0 MemTotal:       24768352 kB
Node 0 MemFree:        15705152 kB
Node 0 MemUsed:         9063200 kB
Node 0 Active:            61148 kB
Node 0 Inactive:          21252 kB
Node 0 Active(anon):      13200 kB
Node 0 Inactive(anon):      564 kB
Node 0 Active(file):      47948 kB
Node 0 Inactive(file):    20688 kB
Node 0 Unevictable:        5676 kB
Node 0 Mlocked:            5676 kB
Node 0 Dirty:                56 kB
Node 0 Writeback:             0 kB
Node 0 FilePages:         75088 kB
Node 0 Mapped:            22628 kB
Node 0 AnonPages:         12984 kB
Node 0 Shmem:               780 kB
Node 0 KernelStack:        3080 kB
Node 0 PageTables:          416 kB
Node 0 NFS_Unstable:          0 kB
Node 0 Bounce:                0 kB
Node 0 WritebackTmp:          0 kB
Node 0 KReclaimable:      27444 kB
Node 0 Slab:              92800 kB
Node 0 SReclaimable:      27444 kB
Node 0 SUnreclaim:        65356 kB
Node 0 AnonHugePages:         0 kB
Node 0 ShmemHugePages:        0 kB
Node 0 ShmemPmdMapped:        0 kB
Node 0 FileHugePages:        0 kB
Node 0 FilePmdMapped:        0 kB
Node 0 HugePages_Total:     0
Node 0 HugePages_Free:      0
Node 0 HugePages_Surp:      0

Node 1 MemTotal:       24661580 kB
Node 1 MemFree:        23834136 kB
Node 1 MemUsed:          827444 kB
Node 1 Active:            41588 kB
Node 1 Inactive:          68808 kB
Node 1 Active(anon):      19732 kB
Node 1 Inactive(anon):      348 kB
Node 1 Active(file):      21856 kB
Node 1 Inactive(file):    68460 kB
Node 1 Unevictable:       12848 kB
Node 1 Mlocked:           12848 kB
Node 1 Dirty:                32 kB
Node 1 Writeback:             0 kB
Node 1 FilePages:         93368 kB
Node 1 Mapped:            26468 kB
Node 1 AnonPages:         29796 kB
Node 1 Shmem:               532 kB
Node 1 KernelStack:        1496 kB
Node 1 PageTables:          732 kB
Node 1 NFS_Unstable:          0 kB
Node 1 Bounce:                0 kB
Node 1 WritebackTmp:          0 kB
Node 1 KReclaimable:      16936 kB
Node 1 Slab:              60452 kB
Node 1 SReclaimable:      16936 kB
Node 1 SUnreclaim:        43516 kB
Node 1 AnonHugePages:         0 kB
Node 1 ShmemHugePages:        0 kB
Node 1 ShmemPmdMapped:        0 kB
Node 1 FileHugePages:        0 kB
Node 1 FilePmdMapped:        0 kB
Node 1 HugePages_Total:     0
Node 1 HugePages_Free:      0
Node 1 HugePages_Surp:      0

U.0.fio.8G.3.O.1M Complete!
