kernel.numa_balancing = 0
U.0.fio.8G.2.O.1M
Begin
Node 0 MemTotal:       24768352 kB
Node 0 MemFree:        24314984 kB
Node 0 MemUsed:          453368 kB
Node 0 Active:            42092 kB
Node 0 Inactive:          98208 kB
Node 0 Active(anon):      15164 kB
Node 0 Inactive(anon):      448 kB
Node 0 Active(file):      26928 kB
Node 0 Inactive(file):    97760 kB
Node 0 Unevictable:       17176 kB
Node 0 Mlocked:           17176 kB
Node 0 Dirty:               140 kB
Node 0 Writeback:             0 kB
Node 0 FilePages:        132220 kB
Node 0 Mapped:            72172 kB
Node 0 AnonPages:         25320 kB
Node 0 Shmem:               668 kB
Node 0 KernelStack:        2360 kB
Node 0 PageTables:          832 kB
Node 0 NFS_Unstable:          0 kB
Node 0 Bounce:                0 kB
Node 0 WritebackTmp:          0 kB
Node 0 KReclaimable:      25440 kB
Node 0 Slab:              68560 kB
Node 0 SReclaimable:      25440 kB
Node 0 SUnreclaim:        43120 kB
Node 0 AnonHugePages:         0 kB
Node 0 ShmemHugePages:        0 kB
Node 0 ShmemPmdMapped:        0 kB
Node 0 FileHugePages:        0 kB
Node 0 FilePmdMapped:        0 kB
Node 0 HugePages_Total:     0
Node 0 HugePages_Free:      0
Node 0 HugePages_Surp:      0

Node 1 MemTotal:       24661580 kB
Node 1 MemFree:        24448376 kB
Node 1 MemUsed:          213204 kB
Node 1 Active:            55744 kB
Node 1 Inactive:          46004 kB
Node 1 Active(anon):      18492 kB
Node 1 Inactive(anon):      432 kB
Node 1 Active(file):      37252 kB
Node 1 Inactive(file):    45572 kB
Node 1 Unevictable:        1344 kB
Node 1 Mlocked:            1344 kB
Node 1 Dirty:                 0 kB
Node 1 Writeback:             0 kB
Node 1 FilePages:         84796 kB
Node 1 Mapped:            12876 kB
Node 1 AnonPages:         18612 kB
Node 1 Shmem:               600 kB
Node 1 KernelStack:        1208 kB
Node 1 PageTables:          380 kB
Node 1 NFS_Unstable:          0 kB
Node 1 Bounce:                0 kB
Node 1 WritebackTmp:          0 kB
Node 1 KReclaimable:      16292 kB
Node 1 Slab:              37320 kB
Node 1 SReclaimable:      16292 kB
Node 1 SUnreclaim:        21028 kB
Node 1 AnonHugePages:         0 kB
Node 1 ShmemHugePages:        0 kB
Node 1 ShmemPmdMapped:        0 kB
Node 1 FileHugePages:        0 kB
Node 1 FilePmdMapped:        0 kB
Node 1 HugePages_Total:     0
Node 1 HugePages_Free:      0
Node 1 HugePages_Surp:      0

Load ZFS
Node 0 MemTotal:       24768352 kB
Node 0 MemFree:        24451280 kB
Node 0 MemUsed:          317072 kB
Node 0 Active:            49268 kB
Node 0 Inactive:          93420 kB
Node 0 Active(anon):      17032 kB
Node 0 Inactive(anon):      448 kB
Node 0 Active(file):      32236 kB
Node 0 Inactive(file):    92972 kB
Node 0 Unevictable:       17176 kB
Node 0 Mlocked:           17176 kB
Node 0 Dirty:                68 kB
Node 0 Writeback:             0 kB
Node 0 FilePages:        132724 kB
Node 0 Mapped:            72172 kB
Node 0 AnonPages:         27216 kB
Node 0 Shmem:               668 kB
Node 0 KernelStack:        2232 kB
Node 0 PageTables:          832 kB
Node 0 NFS_Unstable:          0 kB
Node 0 Bounce:                0 kB
Node 0 WritebackTmp:          0 kB
Node 0 KReclaimable:      25832 kB
Node 0 Slab:              69912 kB
Node 0 SReclaimable:      25832 kB
Node 0 SUnreclaim:        44080 kB
Node 0 AnonHugePages:         0 kB
Node 0 ShmemHugePages:        0 kB
Node 0 ShmemPmdMapped:        0 kB
Node 0 FileHugePages:        0 kB
Node 0 FilePmdMapped:        0 kB
Node 0 HugePages_Total:     0
Node 0 HugePages_Free:      0
Node 0 HugePages_Surp:      0

Node 1 MemTotal:       24661580 kB
Node 1 MemFree:        24298492 kB
Node 1 MemUsed:          363088 kB
Node 1 Active:            62928 kB
Node 1 Inactive:          46692 kB
Node 1 Active(anon):      24312 kB
Node 1 Inactive(anon):      432 kB
Node 1 Active(file):      38616 kB
Node 1 Inactive(file):    46260 kB
Node 1 Unevictable:        1344 kB
Node 1 Mlocked:            1344 kB
Node 1 Dirty:                 0 kB
Node 1 Writeback:             0 kB
Node 1 FilePages:         86820 kB
Node 1 Mapped:            13036 kB
Node 1 AnonPages:         24132 kB
Node 1 Shmem:               600 kB
Node 1 KernelStack:        1544 kB
Node 1 PageTables:          880 kB
Node 1 NFS_Unstable:          0 kB
Node 1 Bounce:                0 kB
Node 1 WritebackTmp:          0 kB
Node 1 KReclaimable:      16796 kB
Node 1 Slab:              39700 kB
Node 1 SReclaimable:      16796 kB
Node 1 SUnreclaim:        22904 kB
Node 1 AnonHugePages:         0 kB
Node 1 ShmemHugePages:        0 kB
Node 1 ShmemPmdMapped:        0 kB
Node 1 FileHugePages:        0 kB
Node 1 FilePmdMapped:        0 kB
Node 1 HugePages_Total:     0
Node 1 HugePages_Free:      0
Node 1 HugePages_Surp:      0

Import tank ZPool
Node 0 MemTotal:       24768352 kB
Node 0 MemFree:        24447944 kB
Node 0 MemUsed:          320408 kB
Node 0 Active:            48024 kB
Node 0 Inactive:          93384 kB
Node 0 Active(anon):      15704 kB
Node 0 Inactive(anon):      448 kB
Node 0 Active(file):      32320 kB
Node 0 Inactive(file):    92936 kB
Node 0 Unevictable:       17176 kB
Node 0 Mlocked:           17176 kB
Node 0 Dirty:                24 kB
Node 0 Writeback:             0 kB
Node 0 FilePages:        132784 kB
Node 0 Mapped:            72380 kB
Node 0 AnonPages:         25692 kB
Node 0 Shmem:               664 kB
Node 0 KernelStack:        2248 kB
Node 0 PageTables:          832 kB
Node 0 NFS_Unstable:          0 kB
Node 0 Bounce:                0 kB
Node 0 WritebackTmp:          0 kB
Node 0 KReclaimable:      25872 kB
Node 0 Slab:              73232 kB
Node 0 SReclaimable:      25872 kB
Node 0 SUnreclaim:        47360 kB
Node 0 AnonHugePages:         0 kB
Node 0 ShmemHugePages:        0 kB
Node 0 ShmemPmdMapped:        0 kB
Node 0 FileHugePages:        0 kB
Node 0 FilePmdMapped:        0 kB
Node 0 HugePages_Total:     0
Node 0 HugePages_Free:      0
Node 0 HugePages_Surp:      0

Node 1 MemTotal:       24661580 kB
Node 1 MemFree:        24286816 kB
Node 1 MemUsed:          374764 kB
Node 1 Active:            56864 kB
Node 1 Inactive:          47872 kB
Node 1 Active(anon):      17952 kB
Node 1 Inactive(anon):      436 kB
Node 1 Active(file):      38912 kB
Node 1 Inactive(file):    47436 kB
Node 1 Unevictable:        1344 kB
Node 1 Mlocked:            1344 kB
Node 1 Dirty:                 0 kB
Node 1 Writeback:             0 kB
Node 1 FilePages:         88296 kB
Node 1 Mapped:            13072 kB
Node 1 AnonPages:         17796 kB
Node 1 Shmem:               604 kB
Node 1 KernelStack:        2504 kB
Node 1 PageTables:          608 kB
Node 1 NFS_Unstable:          0 kB
Node 1 Bounce:                0 kB
Node 1 WritebackTmp:          0 kB
Node 1 KReclaimable:      16896 kB
Node 1 Slab:              44132 kB
Node 1 SReclaimable:      16896 kB
Node 1 SUnreclaim:        27236 kB
Node 1 AnonHugePages:         0 kB
Node 1 ShmemHugePages:        0 kB
Node 1 ShmemPmdMapped:        0 kB
Node 1 FileHugePages:        0 kB
Node 1 FilePmdMapped:        0 kB
Node 1 HugePages_Total:     0
Node 1 HugePages_Free:      0
Node 1 HugePages_Surp:      0

After Test
Node 0 MemTotal:       24768352 kB
Node 0 MemFree:        15621996 kB
Node 0 MemUsed:         9146356 kB
Node 0 Active:            48748 kB
Node 0 Inactive:          94672 kB
Node 0 Active(anon):      15404 kB
Node 0 Inactive(anon):      468 kB
Node 0 Active(file):      33344 kB
Node 0 Inactive(file):    94204 kB
Node 0 Unevictable:       17176 kB
Node 0 Mlocked:           17176 kB
Node 0 Dirty:                 0 kB
Node 0 Writeback:             0 kB
Node 0 FilePages:        135100 kB
Node 0 Mapped:            72452 kB
Node 0 AnonPages:         25408 kB
Node 0 Shmem:               704 kB
Node 0 KernelStack:        2200 kB
Node 0 PageTables:          944 kB
Node 0 NFS_Unstable:          0 kB
Node 0 Bounce:                0 kB
Node 0 WritebackTmp:          0 kB
Node 0 KReclaimable:      27284 kB
Node 0 Slab:             107536 kB
Node 0 SReclaimable:      27284 kB
Node 0 SUnreclaim:        80252 kB
Node 0 AnonHugePages:         0 kB
Node 0 ShmemHugePages:        0 kB
Node 0 ShmemPmdMapped:        0 kB
Node 0 FileHugePages:        0 kB
Node 0 FilePmdMapped:        0 kB
Node 0 HugePages_Total:     0
Node 0 HugePages_Free:      0
Node 0 HugePages_Surp:      0

Node 1 MemTotal:       24661580 kB
Node 1 MemFree:        23859328 kB
Node 1 MemUsed:          802252 kB
Node 1 Active:            56808 kB
Node 1 Inactive:          47600 kB
Node 1 Active(anon):      17620 kB
Node 1 Inactive(anon):      440 kB
Node 1 Active(file):      39188 kB
Node 1 Inactive(file):    47160 kB
Node 1 Unevictable:        1344 kB
Node 1 Mlocked:            1344 kB
Node 1 Dirty:                 0 kB
Node 1 Writeback:             0 kB
Node 1 FilePages:         88300 kB
Node 1 Mapped:            12880 kB
Node 1 AnonPages:         17456 kB
Node 1 Shmem:               608 kB
Node 1 KernelStack:        2424 kB
Node 1 PageTables:          384 kB
Node 1 NFS_Unstable:          0 kB
Node 1 Bounce:                0 kB
Node 1 WritebackTmp:          0 kB
Node 1 KReclaimable:      17088 kB
Node 1 Slab:              46144 kB
Node 1 SReclaimable:      17088 kB
Node 1 SUnreclaim:        29056 kB
Node 1 AnonHugePages:         0 kB
Node 1 ShmemHugePages:        0 kB
Node 1 ShmemPmdMapped:        0 kB
Node 1 FileHugePages:        0 kB
Node 1 FilePmdMapped:        0 kB
Node 1 HugePages_Total:     0
Node 1 HugePages_Free:      0
Node 1 HugePages_Surp:      0

After Opposite Node
Node 0 MemTotal:       24768352 kB
Node 0 MemFree:        15633984 kB
Node 0 MemUsed:         9134368 kB
Node 0 Active:            49120 kB
Node 0 Inactive:          94468 kB
Node 0 Active(anon):      15572 kB
Node 0 Inactive(anon):      444 kB
Node 0 Active(file):      33548 kB
Node 0 Inactive(file):    94024 kB
Node 0 Unevictable:       17176 kB
Node 0 Mlocked:           17176 kB
Node 0 Dirty:                 0 kB
Node 0 Writeback:             0 kB
Node 0 FilePages:        135080 kB
Node 0 Mapped:            72380 kB
Node 0 AnonPages:         25680 kB
Node 0 Shmem:               660 kB
Node 0 KernelStack:        2184 kB
Node 0 PageTables:          832 kB
Node 0 NFS_Unstable:          0 kB
Node 0 Bounce:                0 kB
Node 0 WritebackTmp:          0 kB
Node 0 KReclaimable:      27296 kB
Node 0 Slab:             107100 kB
Node 0 SReclaimable:      27296 kB
Node 0 SUnreclaim:        79804 kB
Node 0 AnonHugePages:         0 kB
Node 0 ShmemHugePages:        0 kB
Node 0 ShmemPmdMapped:        0 kB
Node 0 FileHugePages:        0 kB
Node 0 FilePmdMapped:        0 kB
Node 0 HugePages_Total:     0
Node 0 HugePages_Free:      0
Node 0 HugePages_Surp:      0

Node 1 MemTotal:       24661580 kB
Node 1 MemFree:        23845896 kB
Node 1 MemUsed:          815684 kB
Node 1 Active:            56656 kB
Node 1 Inactive:          47632 kB
Node 1 Active(anon):      17464 kB
Node 1 Inactive(anon):      464 kB
Node 1 Active(file):      39192 kB
Node 1 Inactive(file):    47168 kB
Node 1 Unevictable:        1344 kB
Node 1 Mlocked:            1344 kB
Node 1 Dirty:                 0 kB
Node 1 Writeback:             0 kB
Node 1 FilePages:         88356 kB
Node 1 Mapped:            12924 kB
Node 1 AnonPages:         17188 kB
Node 1 Shmem:               652 kB
Node 1 KernelStack:        2424 kB
Node 1 PageTables:          500 kB
Node 1 NFS_Unstable:          0 kB
Node 1 Bounce:                0 kB
Node 1 WritebackTmp:          0 kB
Node 1 KReclaimable:      17140 kB
Node 1 Slab:              47680 kB
Node 1 SReclaimable:      17140 kB
Node 1 SUnreclaim:        30540 kB
Node 1 AnonHugePages:         0 kB
Node 1 ShmemHugePages:        0 kB
Node 1 ShmemPmdMapped:        0 kB
Node 1 FileHugePages:        0 kB
Node 1 FilePmdMapped:        0 kB
Node 1 HugePages_Total:     0
Node 1 HugePages_Free:      0
Node 1 HugePages_Surp:      0

U.0.fio.8G.2.O.1M Complete!
