kernel.numa_balancing = 0
240 Tests Remaining!
U.0.fio.250M.2.O.1M
Begin
Node 0 MemTotal:       24768352 kB
Node 0 MemFree:        24487048 kB
Node 0 MemUsed:          281304 kB
Node 0 Active:            63536 kB
Node 0 Inactive:          62404 kB
Node 0 Active(anon):      21584 kB
Node 0 Inactive(anon):      500 kB
Node 0 Active(file):      41952 kB
Node 0 Inactive(file):    61904 kB
Node 0 Unevictable:        5272 kB
Node 0 Mlocked:            5272 kB
Node 0 Dirty:               160 kB
Node 0 Writeback:             0 kB
Node 0 FilePages:        109820 kB
Node 0 Mapped:            25272 kB
Node 0 AnonPages:         21476 kB
Node 0 Shmem:               696 kB
Node 0 KernelStack:        2344 kB
Node 0 PageTables:          532 kB
Node 0 NFS_Unstable:          0 kB
Node 0 Bounce:                0 kB
Node 0 WritebackTmp:          0 kB
Node 0 KReclaimable:      24548 kB
Node 0 Slab:              62416 kB
Node 0 SReclaimable:      24548 kB
Node 0 SUnreclaim:        37868 kB
Node 0 AnonHugePages:         0 kB
Node 0 ShmemHugePages:        0 kB
Node 0 ShmemPmdMapped:        0 kB
Node 0 FileHugePages:        0 kB
Node 0 FilePmdMapped:        0 kB
Node 0 HugePages_Total:     0
Node 0 HugePages_Free:      0
Node 0 HugePages_Surp:      0

Node 1 MemTotal:       24661580 kB
Node 1 MemFree:        24323008 kB
Node 1 MemUsed:          338572 kB
Node 1 Active:            33536 kB
Node 1 Inactive:          37724 kB
Node 1 Active(anon):      12952 kB
Node 1 Inactive(anon):      380 kB
Node 1 Active(file):      20584 kB
Node 1 Inactive(file):    37344 kB
Node 1 Unevictable:       13252 kB
Node 1 Mlocked:           13252 kB
Node 1 Dirty:               288 kB
Node 1 Writeback:             0 kB
Node 1 FilePages:         61440 kB
Node 1 Mapped:            19560 kB
Node 1 AnonPages:         22756 kB
Node 1 Shmem:               572 kB
Node 1 KernelStack:        1480 kB
Node 1 PageTables:          732 kB
Node 1 NFS_Unstable:          0 kB
Node 1 Bounce:                0 kB
Node 1 WritebackTmp:          0 kB
Node 1 KReclaimable:      17136 kB
Node 1 Slab:              43124 kB
Node 1 SReclaimable:      17136 kB
Node 1 SUnreclaim:        25988 kB
Node 1 AnonHugePages:         0 kB
Node 1 ShmemHugePages:        0 kB
Node 1 ShmemPmdMapped:        0 kB
Node 1 FileHugePages:        0 kB
Node 1 FilePmdMapped:        0 kB
Node 1 HugePages_Total:     0
Node 1 HugePages_Free:      0
Node 1 HugePages_Surp:      0

Load ZFS
Node 0 MemTotal:       24768352 kB
Node 0 MemFree:        24484292 kB
Node 0 MemUsed:          284060 kB
Node 0 Active:            74688 kB
Node 0 Inactive:          57672 kB
Node 0 Active(anon):      27436 kB
Node 0 Inactive(anon):      500 kB
Node 0 Active(file):      47252 kB
Node 0 Inactive(file):    57172 kB
Node 0 Unevictable:        5272 kB
Node 0 Mlocked:            5272 kB
Node 0 Dirty:               180 kB
Node 0 Writeback:             0 kB
Node 0 FilePages:        110388 kB
Node 0 Mapped:            25432 kB
Node 0 AnonPages:         27296 kB
Node 0 Shmem:               696 kB
Node 0 KernelStack:        2424 kB
Node 0 PageTables:          868 kB
Node 0 NFS_Unstable:          0 kB
Node 0 Bounce:                0 kB
Node 0 WritebackTmp:          0 kB
Node 0 KReclaimable:      25000 kB
Node 0 Slab:              63752 kB
Node 0 SReclaimable:      25000 kB
Node 0 SUnreclaim:        38752 kB
Node 0 AnonHugePages:         0 kB
Node 0 ShmemHugePages:        0 kB
Node 0 ShmemPmdMapped:        0 kB
Node 0 FileHugePages:        0 kB
Node 0 FilePmdMapped:        0 kB
Node 0 HugePages_Total:     0
Node 0 HugePages_Free:      0
Node 0 HugePages_Surp:      0

Node 1 MemTotal:       24661580 kB
Node 1 MemFree:        24312732 kB
Node 1 MemUsed:          348848 kB
Node 1 Active:            35476 kB
Node 1 Inactive:          38376 kB
Node 1 Active(anon):      13576 kB
Node 1 Inactive(anon):      380 kB
Node 1 Active(file):      21900 kB
Node 1 Inactive(file):    37996 kB
Node 1 Unevictable:       13252 kB
Node 1 Mlocked:           13252 kB
Node 1 Dirty:               400 kB
Node 1 Writeback:             0 kB
Node 1 FilePages:         63400 kB
Node 1 Mapped:            19396 kB
Node 1 AnonPages:         23996 kB
Node 1 Shmem:               572 kB
Node 1 KernelStack:        1384 kB
Node 1 PageTables:          656 kB
Node 1 NFS_Unstable:          0 kB
Node 1 Bounce:                0 kB
Node 1 WritebackTmp:          0 kB
Node 1 KReclaimable:      17400 kB
Node 1 Slab:              44568 kB
Node 1 SReclaimable:      17400 kB
Node 1 SUnreclaim:        27168 kB
Node 1 AnonHugePages:         0 kB
Node 1 ShmemHugePages:        0 kB
Node 1 ShmemPmdMapped:        0 kB
Node 1 FileHugePages:        0 kB
Node 1 FilePmdMapped:        0 kB
Node 1 HugePages_Total:     0
Node 1 HugePages_Free:      0
Node 1 HugePages_Surp:      0

Import tank ZPool
Node 0 MemTotal:       24768352 kB
Node 0 MemFree:        24469376 kB
Node 0 MemUsed:          298976 kB
Node 0 Active:            74812 kB
Node 0 Inactive:          57628 kB
Node 0 Active(anon):      27480 kB
Node 0 Inactive(anon):      500 kB
Node 0 Active(file):      47332 kB
Node 0 Inactive(file):    57128 kB
Node 0 Unevictable:        5272 kB
Node 0 Mlocked:            5272 kB
Node 0 Dirty:               176 kB
Node 0 Writeback:             0 kB
Node 0 FilePages:        110420 kB
Node 0 Mapped:            25512 kB
Node 0 AnonPages:         27316 kB
Node 0 Shmem:               692 kB
Node 0 KernelStack:        3464 kB
Node 0 PageTables:          868 kB
Node 0 NFS_Unstable:          0 kB
Node 0 Bounce:                0 kB
Node 0 WritebackTmp:          0 kB
Node 0 KReclaimable:      25000 kB
Node 0 Slab:              66432 kB
Node 0 SReclaimable:      25000 kB
Node 0 SUnreclaim:        41432 kB
Node 0 AnonHugePages:         0 kB
Node 0 ShmemHugePages:        0 kB
Node 0 ShmemPmdMapped:        0 kB
Node 0 FileHugePages:        0 kB
Node 0 FilePmdMapped:        0 kB
Node 0 HugePages_Total:     0
Node 0 HugePages_Free:      0
Node 0 HugePages_Surp:      0

Node 1 MemTotal:       24661580 kB
Node 1 MemFree:        24304932 kB
Node 1 MemUsed:          356648 kB
Node 1 Active:            36656 kB
Node 1 Inactive:          39608 kB
Node 1 Active(anon):      14288 kB
Node 1 Inactive(anon):      384 kB
Node 1 Active(file):      22368 kB
Node 1 Inactive(file):    39224 kB
Node 1 Unevictable:       13252 kB
Node 1 Mlocked:           13252 kB
Node 1 Dirty:               164 kB
Node 1 Writeback:             0 kB
Node 1 FilePages:         65128 kB
Node 1 Mapped:            19676 kB
Node 1 AnonPages:         24220 kB
Node 1 Shmem:               576 kB
Node 1 KernelStack:        1464 kB
Node 1 PageTables:          704 kB
Node 1 NFS_Unstable:          0 kB
Node 1 Bounce:                0 kB
Node 1 WritebackTmp:          0 kB
Node 1 KReclaimable:      17540 kB
Node 1 Slab:              50088 kB
Node 1 SReclaimable:      17540 kB
Node 1 SUnreclaim:        32548 kB
Node 1 AnonHugePages:         0 kB
Node 1 ShmemHugePages:        0 kB
Node 1 ShmemPmdMapped:        0 kB
Node 1 FileHugePages:        0 kB
Node 1 FilePmdMapped:        0 kB
Node 1 HugePages_Total:     0
Node 1 HugePages_Free:      0
Node 1 HugePages_Surp:      0

After Test
Node 0 MemTotal:       24768352 kB
Node 0 MemFree:        24047080 kB
Node 0 MemUsed:          721272 kB
Node 0 Active:            69940 kB
Node 0 Inactive:          58772 kB
Node 0 Active(anon):      21920 kB
Node 0 Inactive(anon):      524 kB
Node 0 Active(file):      48020 kB
Node 0 Inactive(file):    58248 kB
Node 0 Unevictable:        5272 kB
Node 0 Mlocked:            5272 kB
Node 0 Dirty:                76 kB
Node 0 Writeback:             0 kB
Node 0 FilePages:        112272 kB
Node 0 Mapped:            25520 kB
Node 0 AnonPages:         21620 kB
Node 0 Shmem:               736 kB
Node 0 KernelStack:        3368 kB
Node 0 PageTables:          620 kB
Node 0 NFS_Unstable:          0 kB
Node 0 Bounce:                0 kB
Node 0 WritebackTmp:          0 kB
Node 0 KReclaimable:      26284 kB
Node 0 Slab:              71232 kB
Node 0 SReclaimable:      26284 kB
Node 0 SUnreclaim:        44948 kB
Node 0 AnonHugePages:         0 kB
Node 0 ShmemHugePages:        0 kB
Node 0 ShmemPmdMapped:        0 kB
Node 0 FileHugePages:        0 kB
Node 0 FilePmdMapped:        0 kB
Node 0 HugePages_Total:     0
Node 0 HugePages_Free:      0
Node 0 HugePages_Surp:      0

Node 1 MemTotal:       24661580 kB
Node 1 MemFree:        24195076 kB
Node 1 MemUsed:          466504 kB
Node 1 Active:            33904 kB
Node 1 Inactive:          39408 kB
Node 1 Active(anon):      11268 kB
Node 1 Inactive(anon):      384 kB
Node 1 Active(file):      22636 kB
Node 1 Inactive(file):    39024 kB
Node 1 Unevictable:       13252 kB
Node 1 Mlocked:           13252 kB
Node 1 Dirty:               228 kB
Node 1 Writeback:             0 kB
Node 1 FilePages:         65160 kB
Node 1 Mapped:            19396 kB
Node 1 AnonPages:         21404 kB
Node 1 Shmem:               576 kB
Node 1 KernelStack:        1336 kB
Node 1 PageTables:          516 kB
Node 1 NFS_Unstable:          0 kB
Node 1 Bounce:                0 kB
Node 1 WritebackTmp:          0 kB
Node 1 KReclaimable:      17576 kB
Node 1 Slab:              50192 kB
Node 1 SReclaimable:      17576 kB
Node 1 SUnreclaim:        32616 kB
Node 1 AnonHugePages:         0 kB
Node 1 ShmemHugePages:        0 kB
Node 1 ShmemPmdMapped:        0 kB
Node 1 FileHugePages:        0 kB
Node 1 FilePmdMapped:        0 kB
Node 1 HugePages_Total:     0
Node 1 HugePages_Free:      0
Node 1 HugePages_Surp:      0

After Opposite Node
Node 0 MemTotal:       24768352 kB
Node 0 MemFree:        24047436 kB
Node 0 MemUsed:          720916 kB
Node 0 Active:            69972 kB
Node 0 Inactive:          58564 kB
Node 0 Active(anon):      21760 kB
Node 0 Inactive(anon):      500 kB
Node 0 Active(file):      48212 kB
Node 0 Inactive(file):    58064 kB
Node 0 Unevictable:        5272 kB
Node 0 Mlocked:            5272 kB
Node 0 Dirty:                84 kB
Node 0 Writeback:             0 kB
Node 0 FilePages:        112236 kB
Node 0 Mapped:            25272 kB
Node 0 AnonPages:         21568 kB
Node 0 Shmem:               692 kB
Node 0 KernelStack:        3352 kB
Node 0 PageTables:          508 kB
Node 0 NFS_Unstable:          0 kB
Node 0 Bounce:                0 kB
Node 0 WritebackTmp:          0 kB
Node 0 KReclaimable:      26284 kB
Node 0 Slab:              71216 kB
Node 0 SReclaimable:      26284 kB
Node 0 SUnreclaim:        44932 kB
Node 0 AnonHugePages:         0 kB
Node 0 ShmemHugePages:        0 kB
Node 0 ShmemPmdMapped:        0 kB
Node 0 FileHugePages:        0 kB
Node 0 FilePmdMapped:        0 kB
Node 0 HugePages_Total:     0
Node 0 HugePages_Free:      0
Node 0 HugePages_Surp:      0

Node 1 MemTotal:       24661580 kB
Node 1 MemFree:        24193424 kB
Node 1 MemUsed:          468156 kB
Node 1 Active:            34116 kB
Node 1 Inactive:          39692 kB
Node 1 Active(anon):      11452 kB
Node 1 Inactive(anon):      676 kB
Node 1 Active(file):      22664 kB
Node 1 Inactive(file):    39016 kB
Node 1 Unevictable:       13252 kB
Node 1 Mlocked:           13252 kB
Node 1 Dirty:               244 kB
Node 1 Writeback:             0 kB
Node 1 FilePages:         65472 kB
Node 1 Mapped:            19396 kB
Node 1 AnonPages:         21484 kB
Node 1 Shmem:               576 kB
Node 1 KernelStack:        1364 kB
Node 1 PageTables:          556 kB
Node 1 NFS_Unstable:          0 kB
Node 1 Bounce:                0 kB
Node 1 WritebackTmp:          0 kB
Node 1 KReclaimable:      17608 kB
Node 1 Slab:              50364 kB
Node 1 SReclaimable:      17608 kB
Node 1 SUnreclaim:        32756 kB
Node 1 AnonHugePages:         0 kB
Node 1 ShmemHugePages:        0 kB
Node 1 ShmemPmdMapped:        0 kB
Node 1 FileHugePages:        0 kB
Node 1 FilePmdMapped:        0 kB
Node 1 HugePages_Total:     0
Node 1 HugePages_Free:      0
Node 1 HugePages_Surp:      0

U.0.fio.250M.2.O.1M Complete!
