kernel.numa_balancing = 1
M.0.simpleread.8G.3.O.1M
Begin
Node 0 MemTotal:       24768352 kB
Node 0 MemFree:        24371612 kB
Node 0 MemUsed:          396740 kB
Node 0 Active:            60640 kB
Node 0 Inactive:          38904 kB
Node 0 Active(anon):      14852 kB
Node 0 Inactive(anon):      368 kB
Node 0 Active(file):      45788 kB
Node 0 Inactive(file):    38536 kB
Node 0 Unevictable:       17608 kB
Node 0 Mlocked:           17608 kB
Node 0 Dirty:               176 kB
Node 0 Writeback:             0 kB
Node 0 FilePages:         92200 kB
Node 0 Mapped:            36784 kB
Node 0 AnonPages:         25048 kB
Node 0 Shmem:               580 kB
Node 0 KernelStack:        1848 kB
Node 0 PageTables:          684 kB
Node 0 NFS_Unstable:          0 kB
Node 0 Bounce:                0 kB
Node 0 WritebackTmp:          0 kB
Node 0 KReclaimable:      21636 kB
Node 0 Slab:              62328 kB
Node 0 SReclaimable:      21636 kB
Node 0 SUnreclaim:        40692 kB
Node 0 AnonHugePages:         0 kB
Node 0 ShmemHugePages:        0 kB
Node 0 ShmemPmdMapped:        0 kB
Node 0 FileHugePages:        0 kB
Node 0 FilePmdMapped:        0 kB
Node 0 HugePages_Total:     0
Node 0 HugePages_Free:      0
Node 0 HugePages_Surp:      0

Node 1 MemTotal:       24661580 kB
Node 1 MemFree:        24457204 kB
Node 1 MemUsed:          204376 kB
Node 1 Active:            34536 kB
Node 1 Inactive:          38224 kB
Node 1 Active(anon):      19076 kB
Node 1 Inactive(anon):      500 kB
Node 1 Active(file):      15460 kB
Node 1 Inactive(file):    37724 kB
Node 1 Unevictable:         912 kB
Node 1 Mlocked:             912 kB
Node 1 Dirty:               348 kB
Node 1 Writeback:             0 kB
Node 1 FilePages:         54816 kB
Node 1 Mapped:             6804 kB
Node 1 AnonPages:         18876 kB
Node 1 Shmem:               688 kB
Node 1 KernelStack:        1736 kB
Node 1 PageTables:          364 kB
Node 1 NFS_Unstable:          0 kB
Node 1 Bounce:                0 kB
Node 1 WritebackTmp:          0 kB
Node 1 KReclaimable:      20156 kB
Node 1 Slab:              44104 kB
Node 1 SReclaimable:      20156 kB
Node 1 SUnreclaim:        23948 kB
Node 1 AnonHugePages:         0 kB
Node 1 ShmemHugePages:        0 kB
Node 1 ShmemPmdMapped:        0 kB
Node 1 FileHugePages:        0 kB
Node 1 FilePmdMapped:        0 kB
Node 1 HugePages_Total:     0
Node 1 HugePages_Free:      0
Node 1 HugePages_Surp:      0

Load ZFS
Node 0 MemTotal:       24768352 kB
Node 0 MemFree:        24500760 kB
Node 0 MemUsed:          267592 kB
Node 0 Active:            70548 kB
Node 0 Inactive:          34300 kB
Node 0 Active(anon):      19460 kB
Node 0 Inactive(anon):      368 kB
Node 0 Active(file):      51088 kB
Node 0 Inactive(file):    33932 kB
Node 0 Unevictable:       17608 kB
Node 0 Mlocked:           17608 kB
Node 0 Dirty:               204 kB
Node 0 Writeback:             0 kB
Node 0 FilePages:         92880 kB
Node 0 Mapped:            36852 kB
Node 0 AnonPages:         29724 kB
Node 0 Shmem:               580 kB
Node 0 KernelStack:        1960 kB
Node 0 PageTables:          936 kB
Node 0 NFS_Unstable:          0 kB
Node 0 Bounce:                0 kB
Node 0 WritebackTmp:          0 kB
Node 0 KReclaimable:      22104 kB
Node 0 Slab:              63960 kB
Node 0 SReclaimable:      22104 kB
Node 0 SUnreclaim:        41856 kB
Node 0 AnonHugePages:         0 kB
Node 0 ShmemHugePages:        0 kB
Node 0 ShmemPmdMapped:        0 kB
Node 0 FileHugePages:        0 kB
Node 0 FilePmdMapped:        0 kB
Node 0 HugePages_Total:     0
Node 0 HugePages_Free:      0
Node 0 HugePages_Surp:      0

Node 1 MemTotal:       24661580 kB
Node 1 MemFree:        24316864 kB
Node 1 MemUsed:          344716 kB
Node 1 Active:            36096 kB
Node 1 Inactive:          38860 kB
Node 1 Active(anon):      19396 kB
Node 1 Inactive(anon):      500 kB
Node 1 Active(file):      16700 kB
Node 1 Inactive(file):    38360 kB
Node 1 Unevictable:         912 kB
Node 1 Mlocked:             912 kB
Node 1 Dirty:               348 kB
Node 1 Writeback:             0 kB
Node 1 FilePages:         56676 kB
Node 1 Mapped:             6964 kB
Node 1 AnonPages:         18712 kB
Node 1 Shmem:               688 kB
Node 1 KernelStack:        1752 kB
Node 1 PageTables:          428 kB
Node 1 NFS_Unstable:          0 kB
Node 1 Bounce:                0 kB
Node 1 WritebackTmp:          0 kB
Node 1 KReclaimable:      20628 kB
Node 1 Slab:              46148 kB
Node 1 SReclaimable:      20628 kB
Node 1 SUnreclaim:        25520 kB
Node 1 AnonHugePages:         0 kB
Node 1 ShmemHugePages:        0 kB
Node 1 ShmemPmdMapped:        0 kB
Node 1 FileHugePages:        0 kB
Node 1 FilePmdMapped:        0 kB
Node 1 HugePages_Total:     0
Node 1 HugePages_Free:      0
Node 1 HugePages_Surp:      0

Import tank ZPool
Node 0 MemTotal:       24768352 kB
Node 0 MemFree:        24501264 kB
Node 0 MemUsed:          267088 kB
Node 0 Active:            70688 kB
Node 0 Inactive:          34196 kB
Node 0 Active(anon):      19492 kB
Node 0 Inactive(anon):      368 kB
Node 0 Active(file):      51196 kB
Node 0 Inactive(file):    33828 kB
Node 0 Unevictable:       17608 kB
Node 0 Mlocked:           17608 kB
Node 0 Dirty:               240 kB
Node 0 Writeback:             0 kB
Node 0 FilePages:         92908 kB
Node 0 Mapped:            37068 kB
Node 0 AnonPages:         29756 kB
Node 0 Shmem:               576 kB
Node 0 KernelStack:        1960 kB
Node 0 PageTables:          936 kB
Node 0 NFS_Unstable:          0 kB
Node 0 Bounce:                0 kB
Node 0 WritebackTmp:          0 kB
Node 0 KReclaimable:      22104 kB
Node 0 Slab:              63960 kB
Node 0 SReclaimable:      22104 kB
Node 0 SUnreclaim:        41856 kB
Node 0 AnonHugePages:         0 kB
Node 0 ShmemHugePages:        0 kB
Node 0 ShmemPmdMapped:        0 kB
Node 0 FileHugePages:        0 kB
Node 0 FilePmdMapped:        0 kB
Node 0 HugePages_Total:     0
Node 0 HugePages_Free:      0
Node 0 HugePages_Surp:      0

Node 1 MemTotal:       24661580 kB
Node 1 MemFree:        24299052 kB
Node 1 MemUsed:          362528 kB
Node 1 Active:            36536 kB
Node 1 Inactive:          40092 kB
Node 1 Active(anon):      19472 kB
Node 1 Inactive(anon):      504 kB
Node 1 Active(file):      17064 kB
Node 1 Inactive(file):    39588 kB
Node 1 Unevictable:         912 kB
Node 1 Mlocked:             912 kB
Node 1 Dirty:               128 kB
Node 1 Writeback:             0 kB
Node 1 FilePages:         58260 kB
Node 1 Mapped:             7080 kB
Node 1 AnonPages:         18916 kB
Node 1 Shmem:               692 kB
Node 1 KernelStack:        2904 kB
Node 1 PageTables:          504 kB
Node 1 NFS_Unstable:          0 kB
Node 1 Bounce:                0 kB
Node 1 WritebackTmp:          0 kB
Node 1 KReclaimable:      20792 kB
Node 1 Slab:              52964 kB
Node 1 SReclaimable:      20792 kB
Node 1 SUnreclaim:        32172 kB
Node 1 AnonHugePages:         0 kB
Node 1 ShmemHugePages:        0 kB
Node 1 ShmemPmdMapped:        0 kB
Node 1 FileHugePages:        0 kB
Node 1 FilePmdMapped:        0 kB
Node 1 HugePages_Total:     0
Node 1 HugePages_Free:      0
Node 1 HugePages_Surp:      0

After Test
Node 0 MemTotal:       24768352 kB
Node 0 MemFree:        15689380 kB
Node 0 MemUsed:         9078972 kB
Node 0 Active:            66156 kB
Node 0 Inactive:          34148 kB
Node 0 Active(anon):      14504 kB
Node 0 Inactive(anon):      364 kB
Node 0 Active(file):      51652 kB
Node 0 Inactive(file):    33784 kB
Node 0 Unevictable:       17608 kB
Node 0 Mlocked:           17608 kB
Node 0 Dirty:                32 kB
Node 0 Writeback:             0 kB
Node 0 FilePages:         93288 kB
Node 0 Mapped:            36816 kB
Node 0 AnonPages:         24676 kB
Node 0 Shmem:               572 kB
Node 0 KernelStack:        1832 kB
Node 0 PageTables:          660 kB
Node 0 NFS_Unstable:          0 kB
Node 0 Bounce:                0 kB
Node 0 WritebackTmp:          0 kB
Node 0 KReclaimable:      22296 kB
Node 0 Slab:              96860 kB
Node 0 SReclaimable:      22296 kB
Node 0 SUnreclaim:        74564 kB
Node 0 AnonHugePages:         0 kB
Node 0 ShmemHugePages:        0 kB
Node 0 ShmemPmdMapped:        0 kB
Node 0 FileHugePages:        0 kB
Node 0 FilePmdMapped:        0 kB
Node 0 HugePages_Total:     0
Node 0 HugePages_Free:      0
Node 0 HugePages_Surp:      0

Node 1 MemTotal:       24661580 kB
Node 1 MemFree:        23865808 kB
Node 1 MemUsed:          795772 kB
Node 1 Active:            36208 kB
Node 1 Inactive:          39848 kB
Node 1 Active(anon):      18860 kB
Node 1 Inactive(anon):      508 kB
Node 1 Active(file):      17348 kB
Node 1 Inactive(file):    39340 kB
Node 1 Unevictable:         912 kB
Node 1 Mlocked:             912 kB
Node 1 Dirty:                 0 kB
Node 1 Writeback:             0 kB
Node 1 FilePages:         58296 kB
Node 1 Mapped:             6808 kB
Node 1 AnonPages:         18672 kB
Node 1 Shmem:               696 kB
Node 1 KernelStack:        2760 kB
Node 1 PageTables:          396 kB
Node 1 NFS_Unstable:          0 kB
Node 1 Bounce:                0 kB
Node 1 WritebackTmp:          0 kB
Node 1 KReclaimable:      20832 kB
Node 1 Slab:              54368 kB
Node 1 SReclaimable:      20832 kB
Node 1 SUnreclaim:        33536 kB
Node 1 AnonHugePages:         0 kB
Node 1 ShmemHugePages:        0 kB
Node 1 ShmemPmdMapped:        0 kB
Node 1 FileHugePages:        0 kB
Node 1 FilePmdMapped:        0 kB
Node 1 HugePages_Total:     0
Node 1 HugePages_Free:      0
Node 1 HugePages_Surp:      0

After Opposite Node
Node 0 MemTotal:       24768352 kB
Node 0 MemFree:        15691184 kB
Node 0 MemUsed:         9077168 kB
Node 0 Active:            65948 kB
Node 0 Inactive:          33964 kB
Node 0 Active(anon):      14100 kB
Node 0 Inactive(anon):      364 kB
Node 0 Active(file):      51848 kB
Node 0 Inactive(file):    33600 kB
Node 0 Unevictable:       17608 kB
Node 0 Mlocked:           17608 kB
Node 0 Dirty:                 8 kB
Node 0 Writeback:             0 kB
Node 0 FilePages:         93300 kB
Node 0 Mapped:            37068 kB
Node 0 AnonPages:         24228 kB
Node 0 Shmem:               572 kB
Node 0 KernelStack:        1816 kB
Node 0 PageTables:          612 kB
Node 0 NFS_Unstable:          0 kB
Node 0 Bounce:                0 kB
Node 0 WritebackTmp:          0 kB
Node 0 KReclaimable:      22296 kB
Node 0 Slab:              96212 kB
Node 0 SReclaimable:      22296 kB
Node 0 SUnreclaim:        73916 kB
Node 0 AnonHugePages:         0 kB
Node 0 ShmemHugePages:        0 kB
Node 0 ShmemPmdMapped:        0 kB
Node 0 FileHugePages:        0 kB
Node 0 FilePmdMapped:        0 kB
Node 0 HugePages_Total:     0
Node 0 HugePages_Free:      0
Node 0 HugePages_Surp:      0

Node 1 MemTotal:       24661580 kB
Node 1 MemFree:        23863368 kB
Node 1 MemUsed:          798212 kB
Node 1 Active:            36640 kB
Node 1 Inactive:          39800 kB
Node 1 Active(anon):      19228 kB
Node 1 Inactive(anon):      508 kB
Node 1 Active(file):      17412 kB
Node 1 Inactive(file):    39292 kB
Node 1 Unevictable:         912 kB
Node 1 Mlocked:             912 kB
Node 1 Dirty:                16 kB
Node 1 Writeback:             0 kB
Node 1 FilePages:         58312 kB
Node 1 Mapped:             6804 kB
Node 1 AnonPages:         19128 kB
Node 1 Shmem:               696 kB
Node 1 KernelStack:        2776 kB
Node 1 PageTables:          452 kB
Node 1 NFS_Unstable:          0 kB
Node 1 Bounce:                0 kB
Node 1 WritebackTmp:          0 kB
Node 1 KReclaimable:      20868 kB
Node 1 Slab:              55820 kB
Node 1 SReclaimable:      20868 kB
Node 1 SUnreclaim:        34952 kB
Node 1 AnonHugePages:         0 kB
Node 1 ShmemHugePages:        0 kB
Node 1 ShmemPmdMapped:        0 kB
Node 1 FileHugePages:        0 kB
Node 1 FilePmdMapped:        0 kB
Node 1 HugePages_Total:     0
Node 1 HugePages_Free:      0
Node 1 HugePages_Surp:      0

M.0.simpleread.8G.3.O.1M Complete!
