kernel.numa_balancing = 1
M.0.simpleread.500M.2.O.1M
Begin
Node 0 MemTotal:       24768352 kB
Node 0 MemFree:        24507844 kB
Node 0 MemUsed:          260508 kB
Node 0 Active:            51452 kB
Node 0 Inactive:          56180 kB
Node 0 Active(anon):      13340 kB
Node 0 Inactive(anon):      360 kB
Node 0 Active(file):      38112 kB
Node 0 Inactive(file):    55820 kB
Node 0 Unevictable:       12848 kB
Node 0 Mlocked:           12848 kB
Node 0 Dirty:               468 kB
Node 0 Writeback:             0 kB
Node 0 FilePages:         96996 kB
Node 0 Mapped:            30060 kB
Node 0 AnonPages:         23536 kB
Node 0 Shmem:               536 kB
Node 0 KernelStack:        2136 kB
Node 0 PageTables:          536 kB
Node 0 NFS_Unstable:          0 kB
Node 0 Bounce:                0 kB
Node 0 WritebackTmp:          0 kB
Node 0 KReclaimable:      22664 kB
Node 0 Slab:              52492 kB
Node 0 SReclaimable:      22664 kB
Node 0 SUnreclaim:        29828 kB
Node 0 AnonHugePages:         0 kB
Node 0 ShmemHugePages:        0 kB
Node 0 ShmemPmdMapped:        0 kB
Node 0 FileHugePages:        0 kB
Node 0 FilePmdMapped:        0 kB
Node 0 HugePages_Total:     0
Node 0 HugePages_Free:      0
Node 0 HugePages_Surp:      0

Node 1 MemTotal:       24661580 kB
Node 1 MemFree:        24317268 kB
Node 1 MemUsed:          344312 kB
Node 1 Active:            42632 kB
Node 1 Inactive:          26584 kB
Node 1 Active(anon):      20196 kB
Node 1 Inactive(anon):      532 kB
Node 1 Active(file):      22436 kB
Node 1 Inactive(file):    26052 kB
Node 1 Unevictable:        5676 kB
Node 1 Mlocked:            5676 kB
Node 1 Dirty:                52 kB
Node 1 Writeback:             0 kB
Node 1 FilePages:         55044 kB
Node 1 Mapped:            18432 kB
Node 1 AnonPages:         20056 kB
Node 1 Shmem:               732 kB
Node 1 KernelStack:        1480 kB
Node 1 PageTables:          544 kB
Node 1 NFS_Unstable:          0 kB
Node 1 Bounce:                0 kB
Node 1 WritebackTmp:          0 kB
Node 1 KReclaimable:      19328 kB
Node 1 Slab:              54128 kB
Node 1 SReclaimable:      19328 kB
Node 1 SUnreclaim:        34800 kB
Node 1 AnonHugePages:         0 kB
Node 1 ShmemHugePages:        0 kB
Node 1 ShmemPmdMapped:        0 kB
Node 1 FileHugePages:        0 kB
Node 1 FilePmdMapped:        0 kB
Node 1 HugePages_Total:     0
Node 1 HugePages_Free:      0
Node 1 HugePages_Surp:      0

Load ZFS
Node 0 MemTotal:       24768352 kB
Node 0 MemFree:        24504060 kB
Node 0 MemUsed:          264292 kB
Node 0 Active:            52288 kB
Node 0 Inactive:          56480 kB
Node 0 Active(anon):      13380 kB
Node 0 Inactive(anon):      364 kB
Node 0 Active(file):      38908 kB
Node 0 Inactive(file):    56116 kB
Node 0 Unevictable:       12848 kB
Node 0 Mlocked:           12848 kB
Node 0 Dirty:               488 kB
Node 0 Writeback:             0 kB
Node 0 FilePages:         98080 kB
Node 0 Mapped:            30048 kB
Node 0 AnonPages:         23536 kB
Node 0 Shmem:               536 kB
Node 0 KernelStack:        2280 kB
Node 0 PageTables:          536 kB
Node 0 NFS_Unstable:          0 kB
Node 0 Bounce:                0 kB
Node 0 WritebackTmp:          0 kB
Node 0 KReclaimable:      23152 kB
Node 0 Slab:              54456 kB
Node 0 SReclaimable:      23152 kB
Node 0 SUnreclaim:        31304 kB
Node 0 AnonHugePages:         0 kB
Node 0 ShmemHugePages:        0 kB
Node 0 ShmemPmdMapped:        0 kB
Node 0 FileHugePages:        0 kB
Node 0 FilePmdMapped:        0 kB
Node 0 HugePages_Total:     0
Node 0 HugePages_Free:      0
Node 0 HugePages_Surp:      0

Node 1 MemTotal:       24661580 kB
Node 1 MemFree:        24310956 kB
Node 1 MemUsed:          350624 kB
Node 1 Active:            51540 kB
Node 1 Inactive:          22148 kB
Node 1 Active(anon):      23072 kB
Node 1 Inactive(anon):      532 kB
Node 1 Active(file):      28468 kB
Node 1 Inactive(file):    21616 kB
Node 1 Unevictable:        5676 kB
Node 1 Mlocked:            5676 kB
Node 1 Dirty:                56 kB
Node 1 Writeback:             0 kB
Node 1 FilePages:         56488 kB
Node 1 Mapped:            18560 kB
Node 1 AnonPages:         22788 kB
Node 1 Shmem:               732 kB
Node 1 KernelStack:        1352 kB
Node 1 PageTables:          704 kB
Node 1 NFS_Unstable:          0 kB
Node 1 Bounce:                0 kB
Node 1 WritebackTmp:          0 kB
Node 1 KReclaimable:      19840 kB
Node 1 Slab:              55988 kB
Node 1 SReclaimable:      19840 kB
Node 1 SUnreclaim:        36148 kB
Node 1 AnonHugePages:         0 kB
Node 1 ShmemHugePages:        0 kB
Node 1 ShmemPmdMapped:        0 kB
Node 1 FileHugePages:        0 kB
Node 1 FilePmdMapped:        0 kB
Node 1 HugePages_Total:     0
Node 1 HugePages_Free:      0
Node 1 HugePages_Surp:      0

Import tank ZPool
Node 0 MemTotal:       24768352 kB
Node 0 MemFree:        24489392 kB
Node 0 MemUsed:          278960 kB
Node 0 Active:            52288 kB
Node 0 Inactive:          56480 kB
Node 0 Active(anon):      13380 kB
Node 0 Inactive(anon):      364 kB
Node 0 Active(file):      38908 kB
Node 0 Inactive(file):    56116 kB
Node 0 Unevictable:       12848 kB
Node 0 Mlocked:           12848 kB
Node 0 Dirty:               212 kB
Node 0 Writeback:             0 kB
Node 0 FilePages:         98120 kB
Node 0 Mapped:            30100 kB
Node 0 AnonPages:         23580 kB
Node 0 Shmem:               536 kB
Node 0 KernelStack:        3336 kB
Node 0 PageTables:          536 kB
Node 0 NFS_Unstable:          0 kB
Node 0 Bounce:                0 kB
Node 0 WritebackTmp:          0 kB
Node 0 KReclaimable:      23152 kB
Node 0 Slab:              56912 kB
Node 0 SReclaimable:      23152 kB
Node 0 SUnreclaim:        33760 kB
Node 0 AnonHugePages:         0 kB
Node 0 ShmemHugePages:        0 kB
Node 0 ShmemPmdMapped:        0 kB
Node 0 FileHugePages:        0 kB
Node 0 FilePmdMapped:        0 kB
Node 0 HugePages_Total:     0
Node 0 HugePages_Free:      0
Node 0 HugePages_Surp:      0

Node 1 MemTotal:       24661580 kB
Node 1 MemFree:        24303276 kB
Node 1 MemUsed:          358304 kB
Node 1 Active:            51848 kB
Node 1 Inactive:          23292 kB
Node 1 Active(anon):      23020 kB
Node 1 Inactive(anon):      536 kB
Node 1 Active(file):      28828 kB
Node 1 Inactive(file):    22756 kB
Node 1 Unevictable:        5676 kB
Node 1 Mlocked:            5676 kB
Node 1 Dirty:                76 kB
Node 1 Writeback:             0 kB
Node 1 FilePages:         57992 kB
Node 1 Mapped:            18524 kB
Node 1 AnonPages:         23032 kB
Node 1 Shmem:               732 kB
Node 1 KernelStack:        1464 kB
Node 1 PageTables:          776 kB
Node 1 NFS_Unstable:          0 kB
Node 1 Bounce:                0 kB
Node 1 WritebackTmp:          0 kB
Node 1 KReclaimable:      19960 kB
Node 1 Slab:              60632 kB
Node 1 SReclaimable:      19960 kB
Node 1 SUnreclaim:        40672 kB
Node 1 AnonHugePages:         0 kB
Node 1 ShmemHugePages:        0 kB
Node 1 ShmemPmdMapped:        0 kB
Node 1 FileHugePages:        0 kB
Node 1 FilePmdMapped:        0 kB
Node 1 HugePages_Total:     0
Node 1 HugePages_Free:      0
Node 1 HugePages_Surp:      0

After Test
Node 0 MemTotal:       24768352 kB
Node 0 MemFree:        23612520 kB
Node 0 MemUsed:         1155832 kB
Node 0 Active:            52748 kB
Node 0 Inactive:          56388 kB
Node 0 Active(anon):      13416 kB
Node 0 Inactive(anon):      364 kB
Node 0 Active(file):      39332 kB
Node 0 Inactive(file):    56024 kB
Node 0 Unevictable:       12848 kB
Node 0 Mlocked:           12848 kB
Node 0 Dirty:                48 kB
Node 0 Writeback:             0 kB
Node 0 FilePages:         98420 kB
Node 0 Mapped:            30084 kB
Node 0 AnonPages:         23576 kB
Node 0 Shmem:               536 kB
Node 0 KernelStack:        3320 kB
Node 0 PageTables:          564 kB
Node 0 NFS_Unstable:          0 kB
Node 0 Bounce:                0 kB
Node 0 WritebackTmp:          0 kB
Node 0 KReclaimable:      23240 kB
Node 0 Slab:              62712 kB
Node 0 SReclaimable:      23240 kB
Node 0 SUnreclaim:        39472 kB
Node 0 AnonHugePages:         0 kB
Node 0 ShmemHugePages:        0 kB
Node 0 ShmemPmdMapped:        0 kB
Node 0 FileHugePages:        0 kB
Node 0 FilePmdMapped:        0 kB
Node 0 HugePages_Total:     0
Node 0 HugePages_Free:      0
Node 0 HugePages_Surp:      0

Node 1 MemTotal:       24661580 kB
Node 1 MemFree:        24121048 kB
Node 1 MemUsed:          540532 kB
Node 1 Active:            48732 kB
Node 1 Inactive:          23096 kB
Node 1 Active(anon):      19600 kB
Node 1 Inactive(anon):      536 kB
Node 1 Active(file):      29132 kB
Node 1 Inactive(file):    22560 kB
Node 1 Unevictable:        5676 kB
Node 1 Mlocked:            5676 kB
Node 1 Dirty:                28 kB
Node 1 Writeback:             0 kB
Node 1 FilePages:         58096 kB
Node 1 Mapped:            18392 kB
Node 1 AnonPages:         19408 kB
Node 1 Shmem:               732 kB
Node 1 KernelStack:        1368 kB
Node 1 PageTables:          496 kB
Node 1 NFS_Unstable:          0 kB
Node 1 Bounce:                0 kB
Node 1 WritebackTmp:          0 kB
Node 1 KReclaimable:      19980 kB
Node 1 Slab:              61340 kB
Node 1 SReclaimable:      19980 kB
Node 1 SUnreclaim:        41360 kB
Node 1 AnonHugePages:         0 kB
Node 1 ShmemHugePages:        0 kB
Node 1 ShmemPmdMapped:        0 kB
Node 1 FileHugePages:        0 kB
Node 1 FilePmdMapped:        0 kB
Node 1 HugePages_Total:     0
Node 1 HugePages_Free:      0
Node 1 HugePages_Surp:      0

After Opposite Node
Node 0 MemTotal:       24768352 kB
Node 0 MemFree:        23612836 kB
Node 0 MemUsed:         1155516 kB
Node 0 Active:            52736 kB
Node 0 Inactive:          56348 kB
Node 0 Active(anon):      13364 kB
Node 0 Inactive(anon):      364 kB
Node 0 Active(file):      39372 kB
Node 0 Inactive(file):    55984 kB
Node 0 Unevictable:       12848 kB
Node 0 Mlocked:           12848 kB
Node 0 Dirty:                48 kB
Node 0 Writeback:             0 kB
Node 0 FilePages:         98420 kB
Node 0 Mapped:            30148 kB
Node 0 AnonPages:         23520 kB
Node 0 Shmem:               536 kB
Node 0 KernelStack:        3304 kB
Node 0 PageTables:          540 kB
Node 0 NFS_Unstable:          0 kB
Node 0 Bounce:                0 kB
Node 0 WritebackTmp:          0 kB
Node 0 KReclaimable:      23240 kB
Node 0 Slab:              62652 kB
Node 0 SReclaimable:      23240 kB
Node 0 SUnreclaim:        39412 kB
Node 0 AnonHugePages:         0 kB
Node 0 ShmemHugePages:        0 kB
Node 0 ShmemPmdMapped:        0 kB
Node 0 FileHugePages:        0 kB
Node 0 FilePmdMapped:        0 kB
Node 0 HugePages_Total:     0
Node 0 HugePages_Free:      0
Node 0 HugePages_Surp:      0

Node 1 MemTotal:       24661580 kB
Node 1 MemFree:        24119708 kB
Node 1 MemUsed:          541872 kB
Node 1 Active:            49092 kB
Node 1 Inactive:          23084 kB
Node 1 Active(anon):      19932 kB
Node 1 Inactive(anon):      536 kB
Node 1 Active(file):      29160 kB
Node 1 Inactive(file):    22548 kB
Node 1 Unevictable:        5676 kB
Node 1 Mlocked:            5676 kB
Node 1 Dirty:                40 kB
Node 1 Writeback:             0 kB
Node 1 FilePages:         58112 kB
Node 1 Mapped:            18392 kB
Node 1 AnonPages:         19868 kB
Node 1 Shmem:               732 kB
Node 1 KernelStack:        1448 kB
Node 1 PageTables:          648 kB
Node 1 NFS_Unstable:          0 kB
Node 1 Bounce:                0 kB
Node 1 WritebackTmp:          0 kB
Node 1 KReclaimable:      19980 kB
Node 1 Slab:              61408 kB
Node 1 SReclaimable:      19980 kB
Node 1 SUnreclaim:        41428 kB
Node 1 AnonHugePages:         0 kB
Node 1 ShmemHugePages:        0 kB
Node 1 ShmemPmdMapped:        0 kB
Node 1 FileHugePages:        0 kB
Node 1 FilePmdMapped:        0 kB
Node 1 HugePages_Total:     0
Node 1 HugePages_Free:      0
Node 1 HugePages_Surp:      0

M.0.simpleread.500M.2.O.1M Complete!
