kernel.numa_balancing = 1
M.0.simpleread.16G.1.O.1M
Begin
Node 0 MemTotal:       24768352 kB
Node 0 MemFree:        24530012 kB
Node 0 MemUsed:          238340 kB
Node 0 Active:            44968 kB
Node 0 Inactive:          47008 kB
Node 0 Active(anon):      18052 kB
Node 0 Inactive(anon):      428 kB
Node 0 Active(file):      26916 kB
Node 0 Inactive(file):    46580 kB
Node 0 Unevictable:        5136 kB
Node 0 Mlocked:            5136 kB
Node 0 Dirty:               428 kB
Node 0 Writeback:             0 kB
Node 0 FilePages:         79280 kB
Node 0 Mapped:            38728 kB
Node 0 AnonPages:         17940 kB
Node 0 Shmem:               596 kB
Node 0 KernelStack:        2392 kB
Node 0 PageTables:          712 kB
Node 0 NFS_Unstable:          0 kB
Node 0 Bounce:                0 kB
Node 0 WritebackTmp:          0 kB
Node 0 KReclaimable:      22900 kB
Node 0 Slab:              58368 kB
Node 0 SReclaimable:      22900 kB
Node 0 SUnreclaim:        35468 kB
Node 0 AnonHugePages:         0 kB
Node 0 ShmemHugePages:        0 kB
Node 0 ShmemPmdMapped:        0 kB
Node 0 FileHugePages:        0 kB
Node 0 FilePmdMapped:        0 kB
Node 0 HugePages_Total:     0
Node 0 HugePages_Free:      0
Node 0 HugePages_Surp:      0

Node 1 MemTotal:       24661580 kB
Node 1 MemFree:        24273428 kB
Node 1 MemUsed:          388152 kB
Node 1 Active:            51108 kB
Node 1 Inactive:          56128 kB
Node 1 Active(anon):      15948 kB
Node 1 Inactive(anon):      456 kB
Node 1 Active(file):      35160 kB
Node 1 Inactive(file):    55672 kB
Node 1 Unevictable:       13384 kB
Node 1 Mlocked:           13384 kB
Node 1 Dirty:               100 kB
Node 1 Writeback:             0 kB
Node 1 FilePages:         94564 kB
Node 1 Mapped:            17776 kB
Node 1 AnonPages:         26136 kB
Node 1 Shmem:               672 kB
Node 1 KernelStack:        1224 kB
Node 1 PageTables:          460 kB
Node 1 NFS_Unstable:          0 kB
Node 1 Bounce:                0 kB
Node 1 WritebackTmp:          0 kB
Node 1 KReclaimable:      19056 kB
Node 1 Slab:              47104 kB
Node 1 SReclaimable:      19056 kB
Node 1 SUnreclaim:        28048 kB
Node 1 AnonHugePages:         0 kB
Node 1 ShmemHugePages:        0 kB
Node 1 ShmemPmdMapped:        0 kB
Node 1 FileHugePages:        0 kB
Node 1 FilePmdMapped:        0 kB
Node 1 HugePages_Total:     0
Node 1 HugePages_Free:      0
Node 1 HugePages_Surp:      0

Load ZFS
Node 0 MemTotal:       24768352 kB
Node 0 MemFree:        24388908 kB
Node 0 MemUsed:          379444 kB
Node 0 Active:            46656 kB
Node 0 Inactive:          47928 kB
Node 0 Active(anon):      18392 kB
Node 0 Inactive(anon):      428 kB
Node 0 Active(file):      28264 kB
Node 0 Inactive(file):    47500 kB
Node 0 Unevictable:        5136 kB
Node 0 Mlocked:            5136 kB
Node 0 Dirty:               452 kB
Node 0 Writeback:             0 kB
Node 0 FilePages:         81492 kB
Node 0 Mapped:            38888 kB
Node 0 AnonPages:         18680 kB
Node 0 Shmem:               596 kB
Node 0 KernelStack:        2440 kB
Node 0 PageTables:          744 kB
Node 0 NFS_Unstable:          0 kB
Node 0 Bounce:                0 kB
Node 0 WritebackTmp:          0 kB
Node 0 KReclaimable:      23280 kB
Node 0 Slab:              60468 kB
Node 0 SReclaimable:      23280 kB
Node 0 SUnreclaim:        37188 kB
Node 0 AnonHugePages:         0 kB
Node 0 ShmemHugePages:        0 kB
Node 0 ShmemPmdMapped:        0 kB
Node 0 FileHugePages:        0 kB
Node 0 FilePmdMapped:        0 kB
Node 0 HugePages_Total:     0
Node 0 HugePages_Free:      0
Node 0 HugePages_Surp:      0

Node 1 MemTotal:       24661580 kB
Node 1 MemFree:        24402844 kB
Node 1 MemUsed:          258736 kB
Node 1 Active:            60720 kB
Node 1 Inactive:          51316 kB
Node 1 Active(anon):      20444 kB
Node 1 Inactive(anon):      456 kB
Node 1 Active(file):      40276 kB
Node 1 Inactive(file):    50860 kB
Node 1 Unevictable:       13384 kB
Node 1 Mlocked:           13384 kB
Node 1 Dirty:               100 kB
Node 1 Writeback:             0 kB
Node 1 FilePages:         94868 kB
Node 1 Mapped:            17744 kB
Node 1 AnonPages:         30728 kB
Node 1 Shmem:               672 kB
Node 1 KernelStack:        1256 kB
Node 1 PageTables:          688 kB
Node 1 NFS_Unstable:          0 kB
Node 1 Bounce:                0 kB
Node 1 WritebackTmp:          0 kB
Node 1 KReclaimable:      19504 kB
Node 1 Slab:              48520 kB
Node 1 SReclaimable:      19504 kB
Node 1 SUnreclaim:        29016 kB
Node 1 AnonHugePages:         0 kB
Node 1 ShmemHugePages:        0 kB
Node 1 ShmemPmdMapped:        0 kB
Node 1 FileHugePages:        0 kB
Node 1 FilePmdMapped:        0 kB
Node 1 HugePages_Total:     0
Node 1 HugePages_Free:      0
Node 1 HugePages_Surp:      0

Import tank ZPool
Node 0 MemTotal:       24768352 kB
Node 0 MemFree:        24366160 kB
Node 0 MemUsed:          402192 kB
Node 0 Active:            47644 kB
Node 0 Inactive:          49164 kB
Node 0 Active(anon):      18988 kB
Node 0 Inactive(anon):      432 kB
Node 0 Active(file):      28656 kB
Node 0 Inactive(file):    48732 kB
Node 0 Unevictable:        5136 kB
Node 0 Mlocked:            5136 kB
Node 0 Dirty:               260 kB
Node 0 Writeback:             0 kB
Node 0 FilePages:         83120 kB
Node 0 Mapped:            38880 kB
Node 0 AnonPages:         18468 kB
Node 0 Shmem:               596 kB
Node 0 KernelStack:        3576 kB
Node 0 PageTables:          832 kB
Node 0 NFS_Unstable:          0 kB
Node 0 Bounce:                0 kB
Node 0 WritebackTmp:          0 kB
Node 0 KReclaimable:      23416 kB
Node 0 Slab:              67196 kB
Node 0 SReclaimable:      23416 kB
Node 0 SUnreclaim:        43780 kB
Node 0 AnonHugePages:         0 kB
Node 0 ShmemHugePages:        0 kB
Node 0 ShmemPmdMapped:        0 kB
Node 0 FileHugePages:        0 kB
Node 0 FilePmdMapped:        0 kB
Node 0 HugePages_Total:     0
Node 0 HugePages_Free:      0
Node 0 HugePages_Surp:      0

Node 1 MemTotal:       24661580 kB
Node 1 MemFree:        24403084 kB
Node 1 MemUsed:          258496 kB
Node 1 Active:            60808 kB
Node 1 Inactive:          51272 kB
Node 1 Active(anon):      20488 kB
Node 1 Inactive(anon):      456 kB
Node 1 Active(file):      40320 kB
Node 1 Inactive(file):    50816 kB
Node 1 Unevictable:       13384 kB
Node 1 Mlocked:           13384 kB
Node 1 Dirty:                96 kB
Node 1 Writeback:             0 kB
Node 1 FilePages:         94868 kB
Node 1 Mapped:            17804 kB
Node 1 AnonPages:         30732 kB
Node 1 Shmem:               672 kB
Node 1 KernelStack:        1272 kB
Node 1 PageTables:          688 kB
Node 1 NFS_Unstable:          0 kB
Node 1 Bounce:                0 kB
Node 1 WritebackTmp:          0 kB
Node 1 KReclaimable:      19504 kB
Node 1 Slab:              49332 kB
Node 1 SReclaimable:      19504 kB
Node 1 SUnreclaim:        29828 kB
Node 1 AnonHugePages:         0 kB
Node 1 ShmemHugePages:        0 kB
Node 1 ShmemPmdMapped:        0 kB
Node 1 FileHugePages:        0 kB
Node 1 FilePmdMapped:        0 kB
Node 1 HugePages_Total:     0
Node 1 HugePages_Free:      0
Node 1 HugePages_Surp:      0

After Test
Node 0 MemTotal:       24768352 kB
Node 0 MemFree:         7441952 kB
Node 0 MemUsed:        17326400 kB
Node 0 Active:            47064 kB
Node 0 Inactive:          48928 kB
Node 0 Active(anon):      17628 kB
Node 0 Inactive(anon):      436 kB
Node 0 Active(file):      29436 kB
Node 0 Inactive(file):    48492 kB
Node 0 Unevictable:        5136 kB
Node 0 Mlocked:            5136 kB
Node 0 Dirty:                44 kB
Node 0 Writeback:             0 kB
Node 0 FilePages:         83676 kB
Node 0 Mapped:            38740 kB
Node 0 AnonPages:         17544 kB
Node 0 Shmem:               600 kB
Node 0 KernelStack:        3336 kB
Node 0 PageTables:          692 kB
Node 0 NFS_Unstable:          0 kB
Node 0 Bounce:                0 kB
Node 0 WritebackTmp:          0 kB
Node 0 KReclaimable:      23572 kB
Node 0 Slab:             124300 kB
Node 0 SReclaimable:      23572 kB
Node 0 SUnreclaim:       100728 kB
Node 0 AnonHugePages:         0 kB
Node 0 ShmemHugePages:        0 kB
Node 0 ShmemPmdMapped:        0 kB
Node 0 FileHugePages:        0 kB
Node 0 FilePmdMapped:        0 kB
Node 0 HugePages_Total:     0
Node 0 HugePages_Free:      0
Node 0 HugePages_Surp:      0

Node 1 MemTotal:       24661580 kB
Node 1 MemFree:        23668864 kB
Node 1 MemUsed:          992716 kB
Node 1 Active:            55960 kB
Node 1 Inactive:          51200 kB
Node 1 Active(anon):      15572 kB
Node 1 Inactive(anon):      452 kB
Node 1 Active(file):      40388 kB
Node 1 Inactive(file):    50748 kB
Node 1 Unevictable:       13384 kB
Node 1 Mlocked:           13384 kB
Node 1 Dirty:                 4 kB
Node 1 Writeback:             0 kB
Node 1 FilePages:         94864 kB
Node 1 Mapped:            18032 kB
Node 1 AnonPages:         25680 kB
Node 1 Shmem:               668 kB
Node 1 KernelStack:        1112 kB
Node 1 PageTables:          436 kB
Node 1 NFS_Unstable:          0 kB
Node 1 Bounce:                0 kB
Node 1 WritebackTmp:          0 kB
Node 1 KReclaimable:      19520 kB
Node 1 Slab:              52760 kB
Node 1 SReclaimable:      19520 kB
Node 1 SUnreclaim:        33240 kB
Node 1 AnonHugePages:         0 kB
Node 1 ShmemHugePages:        0 kB
Node 1 ShmemPmdMapped:        0 kB
Node 1 FileHugePages:        0 kB
Node 1 FilePmdMapped:        0 kB
Node 1 HugePages_Total:     0
Node 1 HugePages_Free:      0
Node 1 HugePages_Surp:      0

After Opposite Node
Node 0 MemTotal:       24768352 kB
Node 0 MemFree:         7446144 kB
Node 0 MemUsed:        17322208 kB
Node 0 Active:            46740 kB
Node 0 Inactive:          48876 kB
Node 0 Active(anon):      17224 kB
Node 0 Inactive(anon):      436 kB
Node 0 Active(file):      29516 kB
Node 0 Inactive(file):    48440 kB
Node 0 Unevictable:        5136 kB
Node 0 Mlocked:            5136 kB
Node 0 Dirty:                64 kB
Node 0 Writeback:             0 kB
Node 0 FilePages:         83704 kB
Node 0 Mapped:            38736 kB
Node 0 AnonPages:         17100 kB
Node 0 Shmem:               600 kB
Node 0 KernelStack:        3336 kB
Node 0 PageTables:          640 kB
Node 0 NFS_Unstable:          0 kB
Node 0 Bounce:                0 kB
Node 0 WritebackTmp:          0 kB
Node 0 KReclaimable:      23584 kB
Node 0 Slab:             123280 kB
Node 0 SReclaimable:      23584 kB
Node 0 SUnreclaim:        99696 kB
Node 0 AnonHugePages:         0 kB
Node 0 ShmemHugePages:        0 kB
Node 0 ShmemPmdMapped:        0 kB
Node 0 FileHugePages:        0 kB
Node 0 FilePmdMapped:        0 kB
Node 0 HugePages_Total:     0
Node 0 HugePages_Free:      0
Node 0 HugePages_Surp:      0

Node 1 MemTotal:       24661580 kB
Node 1 MemFree:        23666232 kB
Node 1 MemUsed:          995348 kB
Node 1 Active:            56564 kB
Node 1 Inactive:          50964 kB
Node 1 Active(anon):      15932 kB
Node 1 Inactive(anon):      452 kB
Node 1 Active(file):      40632 kB
Node 1 Inactive(file):    50512 kB
Node 1 Unevictable:       13384 kB
Node 1 Mlocked:           13384 kB
Node 1 Dirty:                12 kB
Node 1 Writeback:             0 kB
Node 1 FilePages:         94872 kB
Node 1 Mapped:            17780 kB
Node 1 AnonPages:         26128 kB
Node 1 Shmem:               668 kB
Node 1 KernelStack:        1128 kB
Node 1 PageTables:          492 kB
Node 1 NFS_Unstable:          0 kB
Node 1 Bounce:                0 kB
Node 1 WritebackTmp:          0 kB
Node 1 KReclaimable:      19596 kB
Node 1 Slab:              54820 kB
Node 1 SReclaimable:      19596 kB
Node 1 SUnreclaim:        35224 kB
Node 1 AnonHugePages:         0 kB
Node 1 ShmemHugePages:        0 kB
Node 1 ShmemPmdMapped:        0 kB
Node 1 FileHugePages:        0 kB
Node 1 FilePmdMapped:        0 kB
Node 1 HugePages_Total:     0
Node 1 HugePages_Free:      0
Node 1 HugePages_Surp:      0

M.0.simpleread.16G.1.O.1M Complete!
