kernel.numa_balancing = 1
M.0.simpleread.2G.2.O.1M
Begin
Node 0 MemTotal:       24743736 kB
Node 0 MemFree:        24502044 kB
Node 0 MemUsed:          241692 kB
Node 0 Active:            38380 kB
Node 0 Inactive:          67928 kB
Node 0 Active(anon):      13092 kB
Node 0 Inactive(anon):      412 kB
Node 0 Active(file):      25288 kB
Node 0 Inactive(file):    67516 kB
Node 0 Unevictable:        5756 kB
Node 0 Mlocked:            5756 kB
Node 0 Dirty:               120 kB
Node 0 Writeback:             0 kB
Node 0 FilePages:         99240 kB
Node 0 Mapped:            32004 kB
Node 0 AnonPages:         13096 kB
Node 0 Shmem:               532 kB
Node 0 KernelStack:        2248 kB
Node 0 PageTables:          544 kB
Node 0 NFS_Unstable:          0 kB
Node 0 Bounce:                0 kB
Node 0 WritebackTmp:          0 kB
Node 0 KReclaimable:      19208 kB
Node 0 Slab:              47684 kB
Node 0 SReclaimable:      19208 kB
Node 0 SUnreclaim:        28476 kB
Node 0 AnonHugePages:         0 kB
Node 0 ShmemHugePages:        0 kB
Node 0 ShmemPmdMapped:        0 kB
Node 0 FileHugePages:        0 kB
Node 0 FilePmdMapped:        0 kB
Node 0 HugePages_Total:     0
Node 0 HugePages_Free:      0
Node 0 HugePages_Surp:      0

Node 1 MemTotal:       24686196 kB
Node 1 MemFree:        24317316 kB
Node 1 MemUsed:          368880 kB
Node 1 Active:            55636 kB
Node 1 Inactive:          23864 kB
Node 1 Active(anon):      20320 kB
Node 1 Inactive(anon):      472 kB
Node 1 Active(file):      35316 kB
Node 1 Inactive(file):    23392 kB
Node 1 Unevictable:       12764 kB
Node 1 Mlocked:           12764 kB
Node 1 Dirty:                40 kB
Node 1 Writeback:             0 kB
Node 1 FilePages:         61896 kB
Node 1 Mapped:            17120 kB
Node 1 AnonPages:         30424 kB
Node 1 Shmem:               736 kB
Node 1 KernelStack:        1432 kB
Node 1 PageTables:          572 kB
Node 1 NFS_Unstable:          0 kB
Node 1 Bounce:                0 kB
Node 1 WritebackTmp:          0 kB
Node 1 KReclaimable:      22536 kB
Node 1 Slab:              59140 kB
Node 1 SReclaimable:      22536 kB
Node 1 SUnreclaim:        36604 kB
Node 1 AnonHugePages:         0 kB
Node 1 ShmemHugePages:        0 kB
Node 1 ShmemPmdMapped:        0 kB
Node 1 FileHugePages:        0 kB
Node 1 FilePmdMapped:        0 kB
Node 1 HugePages_Total:     0
Node 1 HugePages_Free:      0
Node 1 HugePages_Surp:      0

Load ZFS
Node 0 MemTotal:       24743736 kB
Node 0 MemFree:        24359260 kB
Node 0 MemUsed:          384476 kB
Node 0 Active:            41536 kB
Node 0 Inactive:          68296 kB
Node 0 Active(anon):      15084 kB
Node 0 Inactive(anon):      412 kB
Node 0 Active(file):      26452 kB
Node 0 Inactive(file):    67884 kB
Node 0 Unevictable:        5756 kB
Node 0 Mlocked:            5756 kB
Node 0 Dirty:               148 kB
Node 0 Writeback:             0 kB
Node 0 FilePages:        100620 kB
Node 0 Mapped:            32224 kB
Node 0 AnonPages:         14860 kB
Node 0 Shmem:               532 kB
Node 0 KernelStack:        2280 kB
Node 0 PageTables:          728 kB
Node 0 NFS_Unstable:          0 kB
Node 0 Bounce:                0 kB
Node 0 WritebackTmp:          0 kB
Node 0 KReclaimable:      19752 kB
Node 0 Slab:              50136 kB
Node 0 SReclaimable:      19752 kB
Node 0 SUnreclaim:        30384 kB
Node 0 AnonHugePages:         0 kB
Node 0 ShmemHugePages:        0 kB
Node 0 ShmemPmdMapped:        0 kB
Node 0 FileHugePages:        0 kB
Node 0 FilePmdMapped:        0 kB
Node 0 HugePages_Total:     0
Node 0 HugePages_Free:      0
Node 0 HugePages_Surp:      0

Node 1 MemTotal:       24686196 kB
Node 1 MemFree:        24448720 kB
Node 1 MemUsed:          237476 kB
Node 1 Active:            61276 kB
Node 1 Inactive:          19428 kB
Node 1 Active(anon):      20360 kB
Node 1 Inactive(anon):      476 kB
Node 1 Active(file):      40916 kB
Node 1 Inactive(file):    18952 kB
Node 1 Unevictable:       12764 kB
Node 1 Mlocked:           12764 kB
Node 1 Dirty:                44 kB
Node 1 Writeback:             0 kB
Node 1 FilePages:         63044 kB
Node 1 Mapped:            17124 kB
Node 1 AnonPages:         30424 kB
Node 1 Shmem:               736 kB
Node 1 KernelStack:        1432 kB
Node 1 PageTables:          572 kB
Node 1 NFS_Unstable:          0 kB
Node 1 Bounce:                0 kB
Node 1 WritebackTmp:          0 kB
Node 1 KReclaimable:      22976 kB
Node 1 Slab:              60428 kB
Node 1 SReclaimable:      22976 kB
Node 1 SUnreclaim:        37452 kB
Node 1 AnonHugePages:         0 kB
Node 1 ShmemHugePages:        0 kB
Node 1 ShmemPmdMapped:        0 kB
Node 1 FileHugePages:        0 kB
Node 1 FilePmdMapped:        0 kB
Node 1 HugePages_Total:     0
Node 1 HugePages_Free:      0
Node 1 HugePages_Surp:      0

Import tank ZPool
Node 0 MemTotal:       24743736 kB
Node 0 MemFree:        24346472 kB
Node 0 MemUsed:          397264 kB
Node 0 Active:            41520 kB
Node 0 Inactive:          68328 kB
Node 0 Active(anon):      15064 kB
Node 0 Inactive(anon):      412 kB
Node 0 Active(file):      26456 kB
Node 0 Inactive(file):    67916 kB
Node 0 Unevictable:        5756 kB
Node 0 Mlocked:            5756 kB
Node 0 Dirty:               184 kB
Node 0 Writeback:             0 kB
Node 0 FilePages:        100652 kB
Node 0 Mapped:            32228 kB
Node 0 AnonPages:         14988 kB
Node 0 Shmem:               528 kB
Node 0 KernelStack:        3448 kB
Node 0 PageTables:          700 kB
Node 0 NFS_Unstable:          0 kB
Node 0 Bounce:                0 kB
Node 0 WritebackTmp:          0 kB
Node 0 KReclaimable:      19760 kB
Node 0 Slab:              52764 kB
Node 0 SReclaimable:      19760 kB
Node 0 SUnreclaim:        33004 kB
Node 0 AnonHugePages:         0 kB
Node 0 ShmemHugePages:        0 kB
Node 0 ShmemPmdMapped:        0 kB
Node 0 FileHugePages:        0 kB
Node 0 FilePmdMapped:        0 kB
Node 0 HugePages_Total:     0
Node 0 HugePages_Free:      0
Node 0 HugePages_Surp:      0

Node 1 MemTotal:       24686196 kB
Node 1 MemFree:        24443128 kB
Node 1 MemUsed:          243068 kB
Node 1 Active:            61964 kB
Node 1 Inactive:          20572 kB
Node 1 Active(anon):      20452 kB
Node 1 Inactive(anon):      480 kB
Node 1 Active(file):      41512 kB
Node 1 Inactive(file):    20092 kB
Node 1 Unevictable:       12764 kB
Node 1 Mlocked:           12764 kB
Node 1 Dirty:                48 kB
Node 1 Writeback:             0 kB
Node 1 FilePages:         64508 kB
Node 1 Mapped:            17368 kB
Node 1 AnonPages:         30576 kB
Node 1 Shmem:               740 kB
Node 1 KernelStack:        1416 kB
Node 1 PageTables:          672 kB
Node 1 NFS_Unstable:          0 kB
Node 1 Bounce:                0 kB
Node 1 WritebackTmp:          0 kB
Node 1 KReclaimable:      23140 kB
Node 1 Slab:              64744 kB
Node 1 SReclaimable:      23140 kB
Node 1 SUnreclaim:        41604 kB
Node 1 AnonHugePages:         0 kB
Node 1 ShmemHugePages:        0 kB
Node 1 ShmemPmdMapped:        0 kB
Node 1 FileHugePages:        0 kB
Node 1 FilePmdMapped:        0 kB
Node 1 HugePages_Total:     0
Node 1 HugePages_Free:      0
Node 1 HugePages_Surp:      0

After Test
Node 0 MemTotal:       24743736 kB
Node 0 MemFree:        21856404 kB
Node 0 MemUsed:         2887332 kB
Node 0 Active:            39300 kB
Node 0 Inactive:          68352 kB
Node 0 Active(anon):      12556 kB
Node 0 Inactive(anon):      412 kB
Node 0 Active(file):      26744 kB
Node 0 Inactive(file):    67940 kB
Node 0 Unevictable:        5756 kB
Node 0 Mlocked:            5756 kB
Node 0 Dirty:                28 kB
Node 0 Writeback:             0 kB
Node 0 FilePages:        100964 kB
Node 0 Mapped:            32020 kB
Node 0 AnonPages:         12484 kB
Node 0 Shmem:               528 kB
Node 0 KernelStack:        3256 kB
Node 0 PageTables:          536 kB
Node 0 NFS_Unstable:          0 kB
Node 0 Bounce:                0 kB
Node 0 WritebackTmp:          0 kB
Node 0 KReclaimable:      19828 kB
Node 0 Slab:              64384 kB
Node 0 SReclaimable:      19828 kB
Node 0 SUnreclaim:        44556 kB
Node 0 AnonHugePages:         0 kB
Node 0 ShmemHugePages:        0 kB
Node 0 ShmemPmdMapped:        0 kB
Node 0 FileHugePages:        0 kB
Node 0 FilePmdMapped:        0 kB
Node 0 HugePages_Total:     0
Node 0 HugePages_Free:      0
Node 0 HugePages_Surp:      0

Node 1 MemTotal:       24686196 kB
Node 1 MemFree:        24000968 kB
Node 1 MemUsed:          685228 kB
Node 1 Active:            62308 kB
Node 1 Inactive:          20172 kB
Node 1 Active(anon):      20532 kB
Node 1 Inactive(anon):      480 kB
Node 1 Active(file):      41776 kB
Node 1 Inactive(file):    19692 kB
Node 1 Unevictable:       12764 kB
Node 1 Mlocked:           12764 kB
Node 1 Dirty:                12 kB
Node 1 Writeback:             0 kB
Node 1 FilePages:         64652 kB
Node 1 Mapped:            17192 kB
Node 1 AnonPages:         30596 kB
Node 1 Shmem:               740 kB
Node 1 KernelStack:        1432 kB
Node 1 PageTables:          572 kB
Node 1 NFS_Unstable:          0 kB
Node 1 Bounce:                0 kB
Node 1 WritebackTmp:          0 kB
Node 1 KReclaimable:      23156 kB
Node 1 Slab:              66264 kB
Node 1 SReclaimable:      23156 kB
Node 1 SUnreclaim:        43108 kB
Node 1 AnonHugePages:         0 kB
Node 1 ShmemHugePages:        0 kB
Node 1 ShmemPmdMapped:        0 kB
Node 1 FileHugePages:        0 kB
Node 1 FilePmdMapped:        0 kB
Node 1 HugePages_Total:     0
Node 1 HugePages_Free:      0
Node 1 HugePages_Surp:      0

After Opposite Node
Node 0 MemTotal:       24743736 kB
Node 0 MemFree:        21857652 kB
Node 0 MemUsed:         2886084 kB
Node 0 Active:            38892 kB
Node 0 Inactive:          68352 kB
Node 0 Active(anon):      12144 kB
Node 0 Inactive(anon):      412 kB
Node 0 Active(file):      26748 kB
Node 0 Inactive(file):    67940 kB
Node 0 Unevictable:        5756 kB
Node 0 Mlocked:            5756 kB
Node 0 Dirty:                36 kB
Node 0 Writeback:             0 kB
Node 0 FilePages:        100968 kB
Node 0 Mapped:            32012 kB
Node 0 AnonPages:         12028 kB
Node 0 Shmem:               528 kB
Node 0 KernelStack:        3240 kB
Node 0 PageTables:          480 kB
Node 0 NFS_Unstable:          0 kB
Node 0 Bounce:                0 kB
Node 0 WritebackTmp:          0 kB
Node 0 KReclaimable:      19828 kB
Node 0 Slab:              64472 kB
Node 0 SReclaimable:      19828 kB
Node 0 SUnreclaim:        44644 kB
Node 0 AnonHugePages:         0 kB
Node 0 ShmemHugePages:        0 kB
Node 0 ShmemPmdMapped:        0 kB
Node 0 FileHugePages:        0 kB
Node 0 FilePmdMapped:        0 kB
Node 0 HugePages_Total:     0
Node 0 HugePages_Free:      0
Node 0 HugePages_Surp:      0

Node 1 MemTotal:       24686196 kB
Node 1 MemFree:        23999620 kB
Node 1 MemUsed:          686576 kB
Node 1 Active:            62932 kB
Node 1 Inactive:          19908 kB
Node 1 Active(anon):      20872 kB
Node 1 Inactive(anon):      480 kB
Node 1 Active(file):      42060 kB
Node 1 Inactive(file):    19428 kB
Node 1 Unevictable:       12764 kB
Node 1 Mlocked:           12764 kB
Node 1 Dirty:                24 kB
Node 1 Writeback:             0 kB
Node 1 FilePages:         64668 kB
Node 1 Mapped:            17404 kB
Node 1 AnonPages:         31068 kB
Node 1 Shmem:               740 kB
Node 1 KernelStack:        1432 kB
Node 1 PageTables:          616 kB
Node 1 NFS_Unstable:          0 kB
Node 1 Bounce:                0 kB
Node 1 WritebackTmp:          0 kB
Node 1 KReclaimable:      23188 kB
Node 1 Slab:              66912 kB
Node 1 SReclaimable:      23188 kB
Node 1 SUnreclaim:        43724 kB
Node 1 AnonHugePages:         0 kB
Node 1 ShmemHugePages:        0 kB
Node 1 ShmemPmdMapped:        0 kB
Node 1 FileHugePages:        0 kB
Node 1 FilePmdMapped:        0 kB
Node 1 HugePages_Total:     0
Node 1 HugePages_Free:      0
Node 1 HugePages_Surp:      0

M.0.simpleread.2G.2.O.1M Complete!
