U.0.simpleread.500M.2.O.1M
Begin
Node 0 MemTotal:       24743736 kB
Node 0 MemFree:        24338976 kB
Node 0 MemUsed:          404760 kB
Node 0 Active:            38300 kB
Node 0 Inactive:          86764 kB
Node 0 Active(anon):      15876 kB
Node 0 Inactive(anon):      448 kB
Node 0 Active(file):      22424 kB
Node 0 Inactive(file):    86316 kB
Node 0 Unevictable:        5424 kB
Node 0 Mlocked:            5424 kB
Node 0 Dirty:                92 kB
Node 0 Writeback:             0 kB
Node 0 FilePages:        114820 kB
Node 0 Mapped:            46332 kB
Node 0 AnonPages:         15676 kB
Node 0 Shmem:               648 kB
Node 0 KernelStack:        2024 kB
Node 0 PageTables:          576 kB
Node 0 NFS_Unstable:          0 kB
Node 0 Bounce:                0 kB
Node 0 WritebackTmp:          0 kB
Node 0 KReclaimable:      19676 kB
Node 0 Slab:              49128 kB
Node 0 SReclaimable:      19676 kB
Node 0 SUnreclaim:        29452 kB
Node 0 AnonHugePages:         0 kB
Node 0 ShmemHugePages:        0 kB
Node 0 ShmemPmdMapped:        0 kB
Node 0 FileHugePages:        0 kB
Node 0 FilePmdMapped:        0 kB
Node 0 HugePages_Total:     0
Node 0 HugePages_Free:      0
Node 0 HugePages_Surp:      0

Node 1 MemTotal:       24686196 kB
Node 1 MemFree:        24400948 kB
Node 1 MemUsed:          285248 kB
Node 1 Active:            56584 kB
Node 1 Inactive:          82580 kB
Node 1 Active(anon):      18016 kB
Node 1 Inactive(anon):      424 kB
Node 1 Active(file):      38568 kB
Node 1 Inactive(file):    82156 kB
Node 1 Unevictable:       13100 kB
Node 1 Mlocked:           13100 kB
Node 1 Dirty:               344 kB
Node 1 Writeback:             0 kB
Node 1 FilePages:        124256 kB
Node 1 Mapped:            60100 kB
Node 1 AnonPages:         28148 kB
Node 1 Shmem:               620 kB
Node 1 KernelStack:        1592 kB
Node 1 PageTables:          720 kB
Node 1 NFS_Unstable:          0 kB
Node 1 Bounce:                0 kB
Node 1 WritebackTmp:          0 kB
Node 1 KReclaimable:      21996 kB
Node 1 Slab:              56008 kB
Node 1 SReclaimable:      21996 kB
Node 1 SUnreclaim:        34012 kB
Node 1 AnonHugePages:         0 kB
Node 1 ShmemHugePages:        0 kB
Node 1 ShmemPmdMapped:        0 kB
Node 1 FileHugePages:        0 kB
Node 1 FilePmdMapped:        0 kB
Node 1 HugePages_Total:     0
Node 1 HugePages_Free:      0
Node 1 HugePages_Surp:      0

Load ZFS
Node 0 MemTotal:       24743736 kB
Node 0 MemFree:        24474456 kB
Node 0 MemUsed:          269280 kB
Node 0 Active:            43608 kB
Node 0 Inactive:          82008 kB
Node 0 Active(anon):      16004 kB
Node 0 Inactive(anon):      448 kB
Node 0 Active(file):      27604 kB
Node 0 Inactive(file):    81560 kB
Node 0 Unevictable:        5424 kB
Node 0 Mlocked:            5424 kB
Node 0 Dirty:                96 kB
Node 0 Writeback:             0 kB
Node 0 FilePages:        115244 kB
Node 0 Mapped:            46504 kB
Node 0 AnonPages:         15804 kB
Node 0 Shmem:               648 kB
Node 0 KernelStack:        2056 kB
Node 0 PageTables:          580 kB
Node 0 NFS_Unstable:          0 kB
Node 0 Bounce:                0 kB
Node 0 WritebackTmp:          0 kB
Node 0 KReclaimable:      20056 kB
Node 0 Slab:              50656 kB
Node 0 SReclaimable:      20056 kB
Node 0 SUnreclaim:        30600 kB
Node 0 AnonHugePages:         0 kB
Node 0 ShmemHugePages:        0 kB
Node 0 ShmemPmdMapped:        0 kB
Node 0 FileHugePages:        0 kB
Node 0 FilePmdMapped:        0 kB
Node 0 HugePages_Total:     0
Node 0 HugePages_Free:      0
Node 0 HugePages_Surp:      0

Node 1 MemTotal:       24686196 kB
Node 1 MemFree:        24257288 kB
Node 1 MemUsed:          428908 kB
Node 1 Active:            59684 kB
Node 1 Inactive:          83192 kB
Node 1 Active(anon):      19464 kB
Node 1 Inactive(anon):      424 kB
Node 1 Active(file):      40220 kB
Node 1 Inactive(file):    82768 kB
Node 1 Unevictable:       13100 kB
Node 1 Mlocked:           13100 kB
Node 1 Dirty:               416 kB
Node 1 Writeback:             0 kB
Node 1 FilePages:        126376 kB
Node 1 Mapped:            60076 kB
Node 1 AnonPages:         29496 kB
Node 1 Shmem:               620 kB
Node 1 KernelStack:        1656 kB
Node 1 PageTables:          980 kB
Node 1 NFS_Unstable:          0 kB
Node 1 Bounce:                0 kB
Node 1 WritebackTmp:          0 kB
Node 1 KReclaimable:      22596 kB
Node 1 Slab:              58588 kB
Node 1 SReclaimable:      22596 kB
Node 1 SUnreclaim:        35992 kB
Node 1 AnonHugePages:         0 kB
Node 1 ShmemHugePages:        0 kB
Node 1 ShmemPmdMapped:        0 kB
Node 1 FileHugePages:        0 kB
Node 1 FilePmdMapped:        0 kB
Node 1 HugePages_Total:     0
Node 1 HugePages_Free:      0
Node 1 HugePages_Surp:      0

Import tank ZPool
Node 0 MemTotal:       24743736 kB
Node 0 MemFree:        24460536 kB
Node 0 MemUsed:          283200 kB
Node 0 Active:            43184 kB
Node 0 Inactive:          81964 kB
Node 0 Active(anon):      15536 kB
Node 0 Inactive(anon):      448 kB
Node 0 Active(file):      27648 kB
Node 0 Inactive(file):    81516 kB
Node 0 Unevictable:        5424 kB
Node 0 Mlocked:            5424 kB
Node 0 Dirty:                16 kB
Node 0 Writeback:             0 kB
Node 0 FilePages:        115264 kB
Node 0 Mapped:            46568 kB
Node 0 AnonPages:         15340 kB
Node 0 Shmem:               644 kB
Node 0 KernelStack:        3048 kB
Node 0 PageTables:          576 kB
Node 0 NFS_Unstable:          0 kB
Node 0 Bounce:                0 kB
Node 0 WritebackTmp:          0 kB
Node 0 KReclaimable:      20056 kB
Node 0 Slab:              53144 kB
Node 0 SReclaimable:      20056 kB
Node 0 SUnreclaim:        33088 kB
Node 0 AnonHugePages:         0 kB
Node 0 ShmemHugePages:        0 kB
Node 0 ShmemPmdMapped:        0 kB
Node 0 FileHugePages:        0 kB
Node 0 FilePmdMapped:        0 kB
Node 0 HugePages_Total:     0
Node 0 HugePages_Free:      0
Node 0 HugePages_Surp:      0

Node 1 MemTotal:       24686196 kB
Node 1 MemFree:        24252568 kB
Node 1 MemUsed:          433628 kB
Node 1 Active:            58568 kB
Node 1 Inactive:          84384 kB
Node 1 Active(anon):      18016 kB
Node 1 Inactive(anon):      428 kB
Node 1 Active(file):      40552 kB
Node 1 Inactive(file):    83956 kB
Node 1 Unevictable:       13100 kB
Node 1 Mlocked:           13100 kB
Node 1 Dirty:               188 kB
Node 1 Writeback:             0 kB
Node 1 FilePages:        127900 kB
Node 1 Mapped:            60308 kB
Node 1 AnonPages:         27784 kB
Node 1 Shmem:               624 kB
Node 1 KernelStack:        1704 kB
Node 1 PageTables:          892 kB
Node 1 NFS_Unstable:          0 kB
Node 1 Bounce:                0 kB
Node 1 WritebackTmp:          0 kB
Node 1 KReclaimable:      22712 kB
Node 1 Slab:              63868 kB
Node 1 SReclaimable:      22712 kB
Node 1 SUnreclaim:        41156 kB
Node 1 AnonHugePages:         0 kB
Node 1 ShmemHugePages:        0 kB
Node 1 ShmemPmdMapped:        0 kB
Node 1 FileHugePages:        0 kB
Node 1 FilePmdMapped:        0 kB
Node 1 HugePages_Total:     0
Node 1 HugePages_Free:      0
Node 1 HugePages_Surp:      0

After Test
Node 0 MemTotal:       24743736 kB
Node 0 MemFree:        23758468 kB
Node 0 MemUsed:          985268 kB
Node 0 Active:            43660 kB
Node 0 Inactive:          81984 kB
Node 0 Active(anon):      15552 kB
Node 0 Inactive(anon):      448 kB
Node 0 Active(file):      28108 kB
Node 0 Inactive(file):    81536 kB
Node 0 Unevictable:        5424 kB
Node 0 Mlocked:            5424 kB
Node 0 Dirty:                20 kB
Node 0 Writeback:             0 kB
Node 0 FilePages:        115712 kB
Node 0 Mapped:            46344 kB
Node 0 AnonPages:         15360 kB
Node 0 Shmem:               644 kB
Node 0 KernelStack:        3032 kB
Node 0 PageTables:          604 kB
Node 0 NFS_Unstable:          0 kB
Node 0 Bounce:                0 kB
Node 0 WritebackTmp:          0 kB
Node 0 KReclaimable:      20200 kB
Node 0 Slab:              58560 kB
Node 0 SReclaimable:      20200 kB
Node 0 SUnreclaim:        38360 kB
Node 0 AnonHugePages:         0 kB
Node 0 ShmemHugePages:        0 kB
Node 0 ShmemPmdMapped:        0 kB
Node 0 FileHugePages:        0 kB
Node 0 FilePmdMapped:        0 kB
Node 0 HugePages_Total:     0
Node 0 HugePages_Free:      0
Node 0 HugePages_Surp:      0

Node 1 MemTotal:       24686196 kB
Node 1 MemFree:        23892012 kB
Node 1 MemUsed:          794184 kB
Node 1 Active:            58332 kB
Node 1 Inactive:          84036 kB
Node 1 Active(anon):      17396 kB
Node 1 Inactive(anon):      428 kB
Node 1 Active(file):      40936 kB
Node 1 Inactive(file):    83608 kB
Node 1 Unevictable:       13100 kB
Node 1 Mlocked:           13100 kB
Node 1 Dirty:               204 kB
Node 1 Writeback:             0 kB
Node 1 FilePages:        127936 kB
Node 1 Mapped:            60352 kB
Node 1 AnonPages:         27560 kB
Node 1 Shmem:               624 kB
Node 1 KernelStack:        1672 kB
Node 1 PageTables:          740 kB
Node 1 NFS_Unstable:          0 kB
Node 1 Bounce:                0 kB
Node 1 WritebackTmp:          0 kB
Node 1 KReclaimable:      22712 kB
Node 1 Slab:              64724 kB
Node 1 SReclaimable:      22712 kB
Node 1 SUnreclaim:        42012 kB
Node 1 AnonHugePages:         0 kB
Node 1 ShmemHugePages:        0 kB
Node 1 ShmemPmdMapped:        0 kB
Node 1 FileHugePages:        0 kB
Node 1 FilePmdMapped:        0 kB
Node 1 HugePages_Total:     0
Node 1 HugePages_Free:      0
Node 1 HugePages_Surp:      0

After Opposite Node
Node 0 MemTotal:       24743736 kB
Node 0 MemFree:        23758224 kB
Node 0 MemUsed:          985512 kB
Node 0 Active:            43644 kB
Node 0 Inactive:          81944 kB
Node 0 Active(anon):      15496 kB
Node 0 Inactive(anon):      448 kB
Node 0 Active(file):      28148 kB
Node 0 Inactive(file):    81496 kB
Node 0 Unevictable:        5424 kB
Node 0 Mlocked:            5424 kB
Node 0 Dirty:                20 kB
Node 0 Writeback:             0 kB
Node 0 FilePages:        115712 kB
Node 0 Mapped:            46348 kB
Node 0 AnonPages:         15300 kB
Node 0 Shmem:               644 kB
Node 0 KernelStack:        3048 kB
Node 0 PageTables:          580 kB
Node 0 NFS_Unstable:          0 kB
Node 0 Bounce:                0 kB
Node 0 WritebackTmp:          0 kB
Node 0 KReclaimable:      20200 kB
Node 0 Slab:              58564 kB
Node 0 SReclaimable:      20200 kB
Node 0 SUnreclaim:        38364 kB
Node 0 AnonHugePages:         0 kB
Node 0 ShmemHugePages:        0 kB
Node 0 ShmemPmdMapped:        0 kB
Node 0 FileHugePages:        0 kB
Node 0 FilePmdMapped:        0 kB
Node 0 HugePages_Total:     0
Node 0 HugePages_Free:      0
Node 0 HugePages_Surp:      0

Node 1 MemTotal:       24686196 kB
Node 1 MemFree:        23890624 kB
Node 1 MemUsed:          795572 kB
Node 1 Active:            58756 kB
Node 1 Inactive:          84028 kB
Node 1 Active(anon):      17792 kB
Node 1 Inactive(anon):      428 kB
Node 1 Active(file):      40964 kB
Node 1 Inactive(file):    83600 kB
Node 1 Unevictable:       13100 kB
Node 1 Mlocked:           13100 kB
Node 1 Dirty:               220 kB
Node 1 Writeback:             0 kB
Node 1 FilePages:        127956 kB
Node 1 Mapped:            60436 kB
Node 1 AnonPages:         28008 kB
Node 1 Shmem:               624 kB
Node 1 KernelStack:        1720 kB
Node 1 PageTables:          868 kB
Node 1 NFS_Unstable:          0 kB
Node 1 Bounce:                0 kB
Node 1 WritebackTmp:          0 kB
Node 1 KReclaimable:      22744 kB
Node 1 Slab:              64832 kB
Node 1 SReclaimable:      22744 kB
Node 1 SUnreclaim:        42088 kB
Node 1 AnonHugePages:         0 kB
Node 1 ShmemHugePages:        0 kB
Node 1 ShmemPmdMapped:        0 kB
Node 1 FileHugePages:        0 kB
Node 1 FilePmdMapped:        0 kB
Node 1 HugePages_Total:     0
Node 1 HugePages_Free:      0
Node 1 HugePages_Surp:      0

U.0.simpleread.500M.2.O.1M Complete!
