kernel.numa_balancing = 0
B.0.simpleread.250M.2.O.1M
Begin
Node 0 MemTotal:       24743736 kB
Node 0 MemFree:        24486360 kB
Node 0 MemUsed:          257376 kB
Node 0 Active:            58996 kB
Node 0 Inactive:          42656 kB
Node 0 Active(anon):      13352 kB
Node 0 Inactive(anon):      336 kB
Node 0 Active(file):      45644 kB
Node 0 Inactive(file):    42320 kB
Node 0 Unevictable:       17584 kB
Node 0 Mlocked:           17584 kB
Node 0 Dirty:               136 kB
Node 0 Writeback:             0 kB
Node 0 FilePages:         95716 kB
Node 0 Mapped:            37640 kB
Node 0 AnonPages:         23572 kB
Node 0 Shmem:               468 kB
Node 0 KernelStack:        2232 kB
Node 0 PageTables:          700 kB
Node 0 NFS_Unstable:          0 kB
Node 0 Bounce:                0 kB
Node 0 WritebackTmp:          0 kB
Node 0 KReclaimable:      23264 kB
Node 0 Slab:              54980 kB
Node 0 SReclaimable:      23264 kB
Node 0 SUnreclaim:        31716 kB
Node 0 AnonHugePages:         0 kB
Node 0 ShmemHugePages:        0 kB
Node 0 ShmemPmdMapped:        0 kB
Node 0 FileHugePages:        0 kB
Node 0 FilePmdMapped:        0 kB
Node 0 HugePages_Total:     0
Node 0 HugePages_Free:      0
Node 0 HugePages_Surp:      0

Node 1 MemTotal:       24686196 kB
Node 1 MemFree:        24279508 kB
Node 1 MemUsed:          406688 kB
Node 1 Active:            39512 kB
Node 1 Inactive:          97120 kB
Node 1 Active(anon):      20288 kB
Node 1 Inactive(anon):      552 kB
Node 1 Active(file):      19224 kB
Node 1 Inactive(file):    96568 kB
Node 1 Unevictable:         936 kB
Node 1 Mlocked:             936 kB
Node 1 Dirty:                72 kB
Node 1 Writeback:             0 kB
Node 1 FilePages:        117544 kB
Node 1 Mapped:            46548 kB
Node 1 AnonPages:         20124 kB
Node 1 Shmem:               800 kB
Node 1 KernelStack:        1400 kB
Node 1 PageTables:          592 kB
Node 1 NFS_Unstable:          0 kB
Node 1 Bounce:                0 kB
Node 1 WritebackTmp:          0 kB
Node 1 KReclaimable:      18720 kB
Node 1 Slab:              50304 kB
Node 1 SReclaimable:      18720 kB
Node 1 SUnreclaim:        31584 kB
Node 1 AnonHugePages:         0 kB
Node 1 ShmemHugePages:        0 kB
Node 1 ShmemPmdMapped:        0 kB
Node 1 FileHugePages:        0 kB
Node 1 FilePmdMapped:        0 kB
Node 1 HugePages_Total:     0
Node 1 HugePages_Free:      0
Node 1 HugePages_Surp:      0

Load ZFS
Node 0 MemTotal:       24743736 kB
Node 0 MemFree:        24441688 kB
Node 0 MemUsed:          302048 kB
Node 0 Active:            73400 kB
Node 0 Inactive:          68000 kB
Node 0 Active(anon):      25800 kB
Node 0 Inactive(anon):      432 kB
Node 0 Active(file):      47600 kB
Node 0 Inactive(file):    67568 kB
Node 0 Unevictable:       17816 kB
Node 0 Mlocked:           17816 kB
Node 0 Dirty:               320 kB
Node 0 Writeback:             0 kB
Node 0 FilePages:        123012 kB
Node 0 Mapped:            38800 kB
Node 0 AnonPages:         36628 kB
Node 0 Shmem:               588 kB
Node 0 KernelStack:        2372 kB
Node 0 PageTables:         1888 kB
Node 0 NFS_Unstable:          0 kB
Node 0 Bounce:                0 kB
Node 0 WritebackTmp:          0 kB
Node 0 KReclaimable:      23960 kB
Node 0 Slab:              58656 kB
Node 0 SReclaimable:      23960 kB
Node 0 SUnreclaim:        34696 kB
Node 0 AnonHugePages:         0 kB
Node 0 ShmemHugePages:        0 kB
Node 0 ShmemPmdMapped:        0 kB
Node 0 FileHugePages:        0 kB
Node 0 FilePmdMapped:        0 kB
Node 0 HugePages_Total:     0
Node 0 HugePages_Free:      0
Node 0 HugePages_Surp:      0

Node 1 MemTotal:       24686196 kB
Node 1 MemFree:        24180336 kB
Node 1 MemUsed:          505860 kB
Node 1 Active:            53856 kB
Node 1 Inactive:         175520 kB
Node 1 Active(anon):      34384 kB
Node 1 Inactive(anon):      504 kB
Node 1 Active(file):      19472 kB
Node 1 Inactive(file):   175016 kB
Node 1 Unevictable:         936 kB
Node 1 Mlocked:             936 kB
Node 1 Dirty:               264 kB
Node 1 Writeback:             0 kB
Node 1 FilePages:        196104 kB
Node 1 Mapped:            49960 kB
Node 1 AnonPages:         34352 kB
Node 1 Shmem:               680 kB
Node 1 KernelStack:        1928 kB
Node 1 PageTables:         1616 kB
Node 1 NFS_Unstable:          0 kB
Node 1 Bounce:                0 kB
Node 1 WritebackTmp:          0 kB
Node 1 KReclaimable:      19620 kB
Node 1 Slab:              53948 kB
Node 1 SReclaimable:      19620 kB
Node 1 SUnreclaim:        34328 kB
Node 1 AnonHugePages:         0 kB
Node 1 ShmemHugePages:        0 kB
Node 1 ShmemPmdMapped:        0 kB
Node 1 FileHugePages:        0 kB
Node 1 FilePmdMapped:        0 kB
Node 1 HugePages_Total:     0
Node 1 HugePages_Free:      0
Node 1 HugePages_Surp:      0

Import tank ZPool
Node 0 MemTotal:       24743736 kB
Node 0 MemFree:        24448144 kB
Node 0 MemUsed:          295592 kB
Node 0 Active:            61552 kB
Node 0 Inactive:          68996 kB
Node 0 Active(anon):      12976 kB
Node 0 Inactive(anon):      436 kB
Node 0 Active(file):      48576 kB
Node 0 Inactive(file):    68560 kB
Node 0 Unevictable:       17816 kB
Node 0 Mlocked:           17816 kB
Node 0 Dirty:               348 kB
Node 0 Writeback:             0 kB
Node 0 FilePages:        124708 kB
Node 0 Mapped:            38104 kB
Node 0 AnonPages:         23320 kB
Node 0 Shmem:               584 kB
Node 0 KernelStack:        2184 kB
Node 0 PageTables:          844 kB
Node 0 NFS_Unstable:          0 kB
Node 0 Bounce:                0 kB
Node 0 WritebackTmp:          0 kB
Node 0 KReclaimable:      24092 kB
Node 0 Slab:              63464 kB
Node 0 SReclaimable:      24092 kB
Node 0 SUnreclaim:        39372 kB
Node 0 AnonHugePages:         0 kB
Node 0 ShmemHugePages:        0 kB
Node 0 ShmemPmdMapped:        0 kB
Node 0 FileHugePages:        0 kB
Node 0 FilePmdMapped:        0 kB
Node 0 HugePages_Total:     0
Node 0 HugePages_Free:      0
Node 0 HugePages_Surp:      0

Node 1 MemTotal:       24686196 kB
Node 1 MemFree:        24178872 kB
Node 1 MemUsed:          507324 kB
Node 1 Active:            40968 kB
Node 1 Inactive:         175108 kB
Node 1 Active(anon):      21048 kB
Node 1 Inactive(anon):      512 kB
Node 1 Active(file):      19920 kB
Node 1 Inactive(file):   174596 kB
Node 1 Unevictable:         936 kB
Node 1 Mlocked:             936 kB
Node 1 Dirty:               308 kB
Node 1 Writeback:             0 kB
Node 1 FilePages:        196152 kB
Node 1 Mapped:            46964 kB
Node 1 AnonPages:         20452 kB
Node 1 Shmem:               684 kB
Node 1 KernelStack:        2664 kB
Node 1 PageTables:          780 kB
Node 1 NFS_Unstable:          0 kB
Node 1 Bounce:                0 kB
Node 1 WritebackTmp:          0 kB
Node 1 KReclaimable:      19644 kB
Node 1 Slab:              56032 kB
Node 1 SReclaimable:      19644 kB
Node 1 SUnreclaim:        36388 kB
Node 1 AnonHugePages:         0 kB
Node 1 ShmemHugePages:        0 kB
Node 1 ShmemPmdMapped:        0 kB
Node 1 FileHugePages:        0 kB
Node 1 FilePmdMapped:        0 kB
Node 1 HugePages_Total:     0
Node 1 HugePages_Free:      0
Node 1 HugePages_Surp:      0

After Test
Node 0 MemTotal:       24743736 kB
Node 0 MemFree:        24168748 kB
Node 0 MemUsed:          574988 kB
Node 0 Active:            62060 kB
Node 0 Inactive:          68764 kB
Node 0 Active(anon):      13196 kB
Node 0 Inactive(anon):      436 kB
Node 0 Active(file):      48864 kB
Node 0 Inactive(file):    68328 kB
Node 0 Unevictable:       17816 kB
Node 0 Mlocked:           17816 kB
Node 0 Dirty:               348 kB
Node 0 Writeback:             0 kB
Node 0 FilePages:        125032 kB
Node 0 Mapped:            37732 kB
Node 0 AnonPages:         23464 kB
Node 0 Shmem:               584 kB
Node 0 KernelStack:        2152 kB
Node 0 PageTables:          692 kB
Node 0 NFS_Unstable:          0 kB
Node 0 Bounce:                0 kB
Node 0 WritebackTmp:          0 kB
Node 0 KReclaimable:      24128 kB
Node 0 Slab:              65628 kB
Node 0 SReclaimable:      24128 kB
Node 0 SUnreclaim:        41500 kB
Node 0 AnonHugePages:         0 kB
Node 0 ShmemHugePages:        0 kB
Node 0 ShmemPmdMapped:        0 kB
Node 0 FileHugePages:        0 kB
Node 0 FilePmdMapped:        0 kB
Node 0 HugePages_Total:     0
Node 0 HugePages_Free:      0
Node 0 HugePages_Surp:      0

Node 1 MemTotal:       24686196 kB
Node 1 MemFree:        23925388 kB
Node 1 MemUsed:          760808 kB
Node 1 Active:            41484 kB
Node 1 Inactive:         174972 kB
Node 1 Active(anon):      21428 kB
Node 1 Inactive(anon):      512 kB
Node 1 Active(file):      20056 kB
Node 1 Inactive(file):   174460 kB
Node 1 Unevictable:         936 kB
Node 1 Mlocked:             936 kB
Node 1 Dirty:               308 kB
Node 1 Writeback:             0 kB
Node 1 FilePages:        196152 kB
Node 1 Mapped:            46776 kB
Node 1 AnonPages:         21356 kB
Node 1 Shmem:               684 kB
Node 1 KernelStack:        2584 kB
Node 1 PageTables:          672 kB
Node 1 NFS_Unstable:          0 kB
Node 1 Bounce:                0 kB
Node 1 WritebackTmp:          0 kB
Node 1 KReclaimable:      19644 kB
Node 1 Slab:              56928 kB
Node 1 SReclaimable:      19644 kB
Node 1 SUnreclaim:        37284 kB
Node 1 AnonHugePages:         0 kB
Node 1 ShmemHugePages:        0 kB
Node 1 ShmemPmdMapped:        0 kB
Node 1 FileHugePages:        0 kB
Node 1 FilePmdMapped:        0 kB
Node 1 HugePages_Total:     0
Node 1 HugePages_Free:      0
Node 1 HugePages_Surp:      0

After Opposite Node
Node 0 MemTotal:       24743736 kB
Node 0 MemFree:        24169196 kB
Node 0 MemUsed:          574540 kB
Node 0 Active:            61772 kB
Node 0 Inactive:          68764 kB
Node 0 Active(anon):      12900 kB
Node 0 Inactive(anon):      432 kB
Node 0 Active(file):      48872 kB
Node 0 Inactive(file):    68332 kB
Node 0 Unevictable:       17816 kB
Node 0 Mlocked:           17816 kB
Node 0 Dirty:               360 kB
Node 0 Writeback:             0 kB
Node 0 FilePages:        125044 kB
Node 0 Mapped:            37752 kB
Node 0 AnonPages:         23400 kB
Node 0 Shmem:               584 kB
Node 0 KernelStack:        2120 kB
Node 0 PageTables:          692 kB
Node 0 NFS_Unstable:          0 kB
Node 0 Bounce:                0 kB
Node 0 WritebackTmp:          0 kB
Node 0 KReclaimable:      24128 kB
Node 0 Slab:              65668 kB
Node 0 SReclaimable:      24128 kB
Node 0 SUnreclaim:        41540 kB
Node 0 AnonHugePages:         0 kB
Node 0 ShmemHugePages:        0 kB
Node 0 ShmemPmdMapped:        0 kB
Node 0 FileHugePages:        0 kB
Node 0 FilePmdMapped:        0 kB
Node 0 HugePages_Total:     0
Node 0 HugePages_Free:      0
Node 0 HugePages_Surp:      0

Node 1 MemTotal:       24686196 kB
Node 1 MemFree:        23925008 kB
Node 1 MemUsed:          761188 kB
Node 1 Active:            41780 kB
Node 1 Inactive:         174968 kB
Node 1 Active(anon):      21724 kB
Node 1 Inactive(anon):      508 kB
Node 1 Active(file):      20056 kB
Node 1 Inactive(file):   174460 kB
Node 1 Unevictable:         936 kB
Node 1 Mlocked:             936 kB
Node 1 Dirty:               308 kB
Node 1 Writeback:             0 kB
Node 1 FilePages:        196152 kB
Node 1 Mapped:            46776 kB
Node 1 AnonPages:         21656 kB
Node 1 Shmem:               684 kB
Node 1 KernelStack:        2568 kB
Node 1 PageTables:          672 kB
Node 1 NFS_Unstable:          0 kB
Node 1 Bounce:                0 kB
Node 1 WritebackTmp:          0 kB
Node 1 KReclaimable:      19644 kB
Node 1 Slab:              56928 kB
Node 1 SReclaimable:      19644 kB
Node 1 SUnreclaim:        37284 kB
Node 1 AnonHugePages:         0 kB
Node 1 ShmemHugePages:        0 kB
Node 1 ShmemPmdMapped:        0 kB
Node 1 FileHugePages:        0 kB
Node 1 FilePmdMapped:        0 kB
Node 1 HugePages_Total:     0
Node 1 HugePages_Free:      0
Node 1 HugePages_Surp:      0

B.0.simpleread.250M.2.O.1M Complete!
