kernel.numa_balancing = 0
U.1.fio.2-1G.1.O.1M
Begin
Node 0 MemTotal:       24743736 kB
Node 0 MemFree:        24468888 kB
Node 0 MemUsed:          274848 kB
Node 0 Active:            59988 kB
Node 0 Inactive:          58780 kB
Node 0 Active(anon):      18764 kB
Node 0 Inactive(anon):      476 kB
Node 0 Active(file):      41224 kB
Node 0 Inactive(file):    58304 kB
Node 0 Unevictable:        5860 kB
Node 0 Mlocked:            5860 kB
Node 0 Dirty:               412 kB
Node 0 Writeback:             0 kB
Node 0 FilePages:        106064 kB
Node 0 Mapped:            25520 kB
Node 0 AnonPages:         18608 kB
Node 0 Shmem:               680 kB
Node 0 KernelStack:        2440 kB
Node 0 PageTables:          544 kB
Node 0 NFS_Unstable:          0 kB
Node 0 Bounce:                0 kB
Node 0 WritebackTmp:          0 kB
Node 0 KReclaimable:      19548 kB
Node 0 Slab:              59980 kB
Node 0 SReclaimable:      19548 kB
Node 0 SUnreclaim:        40432 kB
Node 0 AnonHugePages:         0 kB
Node 0 ShmemHugePages:        0 kB
Node 0 ShmemPmdMapped:        0 kB
Node 0 FileHugePages:        0 kB
Node 0 FilePmdMapped:        0 kB
Node 0 HugePages_Total:     0
Node 0 HugePages_Free:      0
Node 0 HugePages_Surp:      0

Node 1 MemTotal:       24686196 kB
Node 1 MemFree:        24348860 kB
Node 1 MemUsed:          337336 kB
Node 1 Active:            35096 kB
Node 1 Inactive:          28796 kB
Node 1 Active(anon):      15132 kB
Node 1 Inactive(anon):      384 kB
Node 1 Active(file):      19964 kB
Node 1 Inactive(file):    28412 kB
Node 1 Unevictable:       12660 kB
Node 1 Mlocked:           12660 kB
Node 1 Dirty:                92 kB
Node 1 Writeback:             0 kB
Node 1 FilePages:         51360 kB
Node 1 Mapped:            15816 kB
Node 1 AnonPages:         25008 kB
Node 1 Shmem:               588 kB
Node 1 KernelStack:        1160 kB
Node 1 PageTables:          504 kB
Node 1 NFS_Unstable:          0 kB
Node 1 Bounce:                0 kB
Node 1 WritebackTmp:          0 kB
Node 1 KReclaimable:      22780 kB
Node 1 Slab:              48176 kB
Node 1 SReclaimable:      22780 kB
Node 1 SUnreclaim:        25396 kB
Node 1 AnonHugePages:         0 kB
Node 1 ShmemHugePages:        0 kB
Node 1 ShmemPmdMapped:        0 kB
Node 1 FileHugePages:        0 kB
Node 1 FilePmdMapped:        0 kB
Node 1 HugePages_Total:     0
Node 1 HugePages_Free:      0
Node 1 HugePages_Surp:      0

Load ZFS
Node 0 MemTotal:       24743736 kB
Node 0 MemFree:        24468276 kB
Node 0 MemUsed:          275460 kB
Node 0 Active:            61636 kB
Node 0 Inactive:          58672 kB
Node 0 Active(anon):      19112 kB
Node 0 Inactive(anon):      476 kB
Node 0 Active(file):      42524 kB
Node 0 Inactive(file):    58196 kB
Node 0 Unevictable:        5860 kB
Node 0 Mlocked:            5860 kB
Node 0 Dirty:               412 kB
Node 0 Writeback:             0 kB
Node 0 FilePages:        107256 kB
Node 0 Mapped:            25660 kB
Node 0 AnonPages:         18932 kB
Node 0 Shmem:               680 kB
Node 0 KernelStack:        2264 kB
Node 0 PageTables:          548 kB
Node 0 NFS_Unstable:          0 kB
Node 0 Bounce:                0 kB
Node 0 WritebackTmp:          0 kB
Node 0 KReclaimable:      20048 kB
Node 0 Slab:              62080 kB
Node 0 SReclaimable:      20048 kB
Node 0 SUnreclaim:        42032 kB
Node 0 AnonHugePages:         0 kB
Node 0 ShmemHugePages:        0 kB
Node 0 ShmemPmdMapped:        0 kB
Node 0 FileHugePages:        0 kB
Node 0 FilePmdMapped:        0 kB
Node 0 HugePages_Total:     0
Node 0 HugePages_Free:      0
Node 0 HugePages_Surp:      0

Node 1 MemTotal:       24686196 kB
Node 1 MemFree:        24342212 kB
Node 1 MemUsed:          343984 kB
Node 1 Active:            43404 kB
Node 1 Inactive:          24920 kB
Node 1 Active(anon):      18164 kB
Node 1 Inactive(anon):      384 kB
Node 1 Active(file):      25240 kB
Node 1 Inactive(file):    24536 kB
Node 1 Unevictable:       12660 kB
Node 1 Mlocked:           12660 kB
Node 1 Dirty:               124 kB
Node 1 Writeback:             0 kB
Node 1 FilePages:         52700 kB
Node 1 Mapped:            15776 kB
Node 1 AnonPages:         27796 kB
Node 1 Shmem:               588 kB
Node 1 KernelStack:        1432 kB
Node 1 PageTables:          696 kB
Node 1 NFS_Unstable:          0 kB
Node 1 Bounce:                0 kB
Node 1 WritebackTmp:          0 kB
Node 1 KReclaimable:      23228 kB
Node 1 Slab:              49920 kB
Node 1 SReclaimable:      23228 kB
Node 1 SUnreclaim:        26692 kB
Node 1 AnonHugePages:         0 kB
Node 1 ShmemHugePages:        0 kB
Node 1 ShmemPmdMapped:        0 kB
Node 1 FileHugePages:        0 kB
Node 1 FilePmdMapped:        0 kB
Node 1 HugePages_Total:     0
Node 1 HugePages_Free:      0
Node 1 HugePages_Surp:      0

Import tank ZPool
Node 0 MemTotal:       24743736 kB
Node 0 MemFree:        24469160 kB
Node 0 MemUsed:          274576 kB
Node 0 Active:            61188 kB
Node 0 Inactive:          58636 kB
Node 0 Active(anon):      18604 kB
Node 0 Inactive(anon):      476 kB
Node 0 Active(file):      42584 kB
Node 0 Inactive(file):    58160 kB
Node 0 Unevictable:        5860 kB
Node 0 Mlocked:            5860 kB
Node 0 Dirty:               172 kB
Node 0 Writeback:             0 kB
Node 0 FilePages:        107276 kB
Node 0 Mapped:            25776 kB
Node 0 AnonPages:         18404 kB
Node 0 Shmem:               676 kB
Node 0 KernelStack:        2216 kB
Node 0 PageTables:          544 kB
Node 0 NFS_Unstable:          0 kB
Node 0 Bounce:                0 kB
Node 0 WritebackTmp:          0 kB
Node 0 KReclaimable:      20048 kB
Node 0 Slab:              61896 kB
Node 0 SReclaimable:      20048 kB
Node 0 SUnreclaim:        41848 kB
Node 0 AnonHugePages:         0 kB
Node 0 ShmemHugePages:        0 kB
Node 0 ShmemPmdMapped:        0 kB
Node 0 FileHugePages:        0 kB
Node 0 FilePmdMapped:        0 kB
Node 0 HugePages_Total:     0
Node 0 HugePages_Free:      0
Node 0 HugePages_Surp:      0

Node 1 MemTotal:       24686196 kB
Node 1 MemFree:        24325328 kB
Node 1 MemUsed:          360868 kB
Node 1 Active:            40480 kB
Node 1 Inactive:          26152 kB
Node 1 Active(anon):      14764 kB
Node 1 Inactive(anon):      388 kB
Node 1 Active(file):      25716 kB
Node 1 Inactive(file):    25764 kB
Node 1 Unevictable:       12660 kB
Node 1 Mlocked:           12660 kB
Node 1 Dirty:               172 kB
Node 1 Writeback:             0 kB
Node 1 FilePages:         54448 kB
Node 1 Mapped:            16044 kB
Node 1 AnonPages:         24520 kB
Node 1 Shmem:               592 kB
Node 1 KernelStack:        2488 kB
Node 1 PageTables:          560 kB
Node 1 NFS_Unstable:          0 kB
Node 1 Bounce:                0 kB
Node 1 WritebackTmp:          0 kB
Node 1 KReclaimable:      23356 kB
Node 1 Slab:              56808 kB
Node 1 SReclaimable:      23356 kB
Node 1 SUnreclaim:        33452 kB
Node 1 AnonHugePages:         0 kB
Node 1 ShmemHugePages:        0 kB
Node 1 ShmemPmdMapped:        0 kB
Node 1 FileHugePages:        0 kB
Node 1 FilePmdMapped:        0 kB
Node 1 HugePages_Total:     0
Node 1 HugePages_Free:      0
Node 1 HugePages_Surp:      0

After Test
Node 0 MemTotal:       24743736 kB
Node 0 MemFree:        24473328 kB
Node 0 MemUsed:          270408 kB
Node 0 Active:            61196 kB
Node 0 Inactive:          58632 kB
Node 0 Active(anon):      18608 kB
Node 0 Inactive(anon):      476 kB
Node 0 Active(file):      42588 kB
Node 0 Inactive(file):    58156 kB
Node 0 Unevictable:        5860 kB
Node 0 Mlocked:            5860 kB
Node 0 Dirty:                24 kB
Node 0 Writeback:             0 kB
Node 0 FilePages:        107276 kB
Node 0 Mapped:            25500 kB
Node 0 AnonPages:         18408 kB
Node 0 Shmem:               676 kB
Node 0 KernelStack:        2168 kB
Node 0 PageTables:          544 kB
Node 0 NFS_Unstable:          0 kB
Node 0 Bounce:                0 kB
Node 0 WritebackTmp:          0 kB
Node 0 KReclaimable:      20048 kB
Node 0 Slab:              62288 kB
Node 0 SReclaimable:      20048 kB
Node 0 SUnreclaim:        42240 kB
Node 0 AnonHugePages:         0 kB
Node 0 ShmemHugePages:        0 kB
Node 0 ShmemPmdMapped:        0 kB
Node 0 FileHugePages:        0 kB
Node 0 FilePmdMapped:        0 kB
Node 0 HugePages_Total:     0
Node 0 HugePages_Free:      0
Node 0 HugePages_Surp:      0

Node 1 MemTotal:       24686196 kB
Node 1 MemFree:        22455716 kB
Node 1 MemUsed:         2230480 kB
Node 1 Active:            41320 kB
Node 1 Inactive:          27136 kB
Node 1 Active(anon):      14556 kB
Node 1 Inactive(anon):      416 kB
Node 1 Active(file):      26764 kB
Node 1 Inactive(file):    26720 kB
Node 1 Unevictable:       12660 kB
Node 1 Mlocked:           12660 kB
Node 1 Dirty:               120 kB
Node 1 Writeback:             0 kB
Node 1 FilePages:         56472 kB
Node 1 Mapped:            15996 kB
Node 1 AnonPages:         24452 kB
Node 1 Shmem:               636 kB
Node 1 KernelStack:        2424 kB
Node 1 PageTables:          640 kB
Node 1 NFS_Unstable:          0 kB
Node 1 Bounce:                0 kB
Node 1 WritebackTmp:          0 kB
Node 1 KReclaimable:      24676 kB
Node 1 Slab:              67308 kB
Node 1 SReclaimable:      24676 kB
Node 1 SUnreclaim:        42632 kB
Node 1 AnonHugePages:         0 kB
Node 1 ShmemHugePages:        0 kB
Node 1 ShmemPmdMapped:        0 kB
Node 1 FileHugePages:        0 kB
Node 1 FilePmdMapped:        0 kB
Node 1 HugePages_Total:     0
Node 1 HugePages_Free:      0
Node 1 HugePages_Surp:      0

After Opposite Node
Node 0 MemTotal:       24743736 kB
Node 0 MemFree:        24470784 kB
Node 0 MemUsed:          272952 kB
Node 0 Active:            61392 kB
Node 0 Inactive:          58628 kB
Node 0 Active(anon):      18764 kB
Node 0 Inactive(anon):      500 kB
Node 0 Active(file):      42628 kB
Node 0 Inactive(file):    58128 kB
Node 0 Unevictable:        5860 kB
Node 0 Mlocked:            5860 kB
Node 0 Dirty:                32 kB
Node 0 Writeback:             0 kB
Node 0 FilePages:        107332 kB
Node 0 Mapped:            25544 kB
Node 0 AnonPages:         18452 kB
Node 0 Shmem:               720 kB
Node 0 KernelStack:        2184 kB
Node 0 PageTables:          652 kB
Node 0 NFS_Unstable:          0 kB
Node 0 Bounce:                0 kB
Node 0 WritebackTmp:          0 kB
Node 0 KReclaimable:      20112 kB
Node 0 Slab:              62924 kB
Node 0 SReclaimable:      20112 kB
Node 0 SUnreclaim:        42812 kB
Node 0 AnonHugePages:         0 kB
Node 0 ShmemHugePages:        0 kB
Node 0 ShmemPmdMapped:        0 kB
Node 0 FileHugePages:        0 kB
Node 0 FilePmdMapped:        0 kB
Node 0 HugePages_Total:     0
Node 0 HugePages_Free:      0
Node 0 HugePages_Surp:      0

Node 1 MemTotal:       24686196 kB
Node 1 MemFree:        22455036 kB
Node 1 MemUsed:         2231160 kB
Node 1 Active:            41152 kB
Node 1 Inactive:          26892 kB
Node 1 Active(anon):      14132 kB
Node 1 Inactive(anon):      388 kB
Node 1 Active(file):      27020 kB
Node 1 Inactive(file):    26504 kB
Node 1 Unevictable:       12660 kB
Node 1 Mlocked:           12660 kB
Node 1 Dirty:               144 kB
Node 1 Writeback:             0 kB
Node 1 FilePages:         56452 kB
Node 1 Mapped:            15980 kB
Node 1 AnonPages:         24252 kB
Node 1 Shmem:               592 kB
Node 1 KernelStack:        2408 kB
Node 1 PageTables:          444 kB
Node 1 NFS_Unstable:          0 kB
Node 1 Bounce:                0 kB
Node 1 WritebackTmp:          0 kB
Node 1 KReclaimable:      24704 kB
Node 1 Slab:              67400 kB
Node 1 SReclaimable:      24704 kB
Node 1 SUnreclaim:        42696 kB
Node 1 AnonHugePages:         0 kB
Node 1 ShmemHugePages:        0 kB
Node 1 ShmemPmdMapped:        0 kB
Node 1 FileHugePages:        0 kB
Node 1 FilePmdMapped:        0 kB
Node 1 HugePages_Total:     0
Node 1 HugePages_Free:      0
Node 1 HugePages_Surp:      0

U.1.fio.2-1G.1.O.1M Complete!
