kernel.numa_balancing = 0
B.0.fio.8G.1.O
Begin
Node 0 MemTotal:       24743736 kB
Node 0 MemFree:        24360116 kB
Node 0 MemUsed:          383620 kB
Node 0 Active:            61760 kB
Node 0 Inactive:          43316 kB
Node 0 Active(anon):      16052 kB
Node 0 Inactive(anon):      448 kB
Node 0 Active(file):      45708 kB
Node 0 Inactive(file):    42868 kB
Node 0 Unevictable:        5216 kB
Node 0 Mlocked:            5216 kB
Node 0 Dirty:                72 kB
Node 0 Writeback:             0 kB
Node 0 FilePages:         94436 kB
Node 0 Mapped:            37000 kB
Node 0 AnonPages:         16168 kB
Node 0 Shmem:               624 kB
Node 0 KernelStack:        2328 kB
Node 0 PageTables:          496 kB
Node 0 NFS_Unstable:          0 kB
Node 0 Bounce:                0 kB
Node 0 WritebackTmp:          0 kB
Node 0 KReclaimable:      23620 kB
Node 0 Slab:              54932 kB
Node 0 SReclaimable:      23620 kB
Node 0 SUnreclaim:        31312 kB
Node 0 AnonHugePages:         0 kB
Node 0 ShmemHugePages:        0 kB
Node 0 ShmemPmdMapped:        0 kB
Node 0 FileHugePages:        0 kB
Node 0 FilePmdMapped:        0 kB
Node 0 HugePages_Total:     0
Node 0 HugePages_Free:      0
Node 0 HugePages_Surp:      0

Node 1 MemTotal:       24686196 kB
Node 1 MemFree:        24452056 kB
Node 1 MemUsed:          234140 kB
Node 1 Active:            33608 kB
Node 1 Inactive:          53232 kB
Node 1 Active(anon):      17824 kB
Node 1 Inactive(anon):      432 kB
Node 1 Active(file):      15784 kB
Node 1 Inactive(file):    52800 kB
Node 1 Unevictable:       13308 kB
Node 1 Mlocked:           13308 kB
Node 1 Dirty:                20 kB
Node 1 Writeback:             0 kB
Node 1 FilePages:         72644 kB
Node 1 Mapped:            12648 kB
Node 1 AnonPages:         27940 kB
Node 1 Shmem:               644 kB
Node 1 KernelStack:        1272 kB
Node 1 PageTables:          516 kB
Node 1 NFS_Unstable:          0 kB
Node 1 Bounce:                0 kB
Node 1 WritebackTmp:          0 kB
Node 1 KReclaimable:      18052 kB
Node 1 Slab:              51860 kB
Node 1 SReclaimable:      18052 kB
Node 1 SUnreclaim:        33808 kB
Node 1 AnonHugePages:         0 kB
Node 1 ShmemHugePages:        0 kB
Node 1 ShmemPmdMapped:        0 kB
Node 1 FileHugePages:        0 kB
Node 1 FilePmdMapped:        0 kB
Node 1 HugePages_Total:     0
Node 1 HugePages_Free:      0
Node 1 HugePages_Surp:      0

Load ZFS
Node 0 MemTotal:       24743736 kB
Node 0 MemFree:        24471108 kB
Node 0 MemUsed:          272628 kB
Node 0 Active:            75960 kB
Node 0 Inactive:          48160 kB
Node 0 Active(anon):      29688 kB
Node 0 Inactive(anon):      540 kB
Node 0 Active(file):      46272 kB
Node 0 Inactive(file):    47620 kB
Node 0 Unevictable:        5216 kB
Node 0 Mlocked:            5216 kB
Node 0 Dirty:               380 kB
Node 0 Writeback:             0 kB
Node 0 FilePages:         99800 kB
Node 0 Mapped:            38508 kB
Node 0 AnonPages:         29488 kB
Node 0 Shmem:               696 kB
Node 0 KernelStack:        2844 kB
Node 0 PageTables:         1772 kB
Node 0 NFS_Unstable:          0 kB
Node 0 Bounce:                0 kB
Node 0 WritebackTmp:          0 kB
Node 0 KReclaimable:      24236 kB
Node 0 Slab:              57944 kB
Node 0 SReclaimable:      24236 kB
Node 0 SUnreclaim:        33708 kB
Node 0 AnonHugePages:         0 kB
Node 0 ShmemHugePages:        0 kB
Node 0 ShmemPmdMapped:        0 kB
Node 0 FileHugePages:        0 kB
Node 0 FilePmdMapped:        0 kB
Node 0 HugePages_Total:     0
Node 0 HugePages_Free:      0
Node 0 HugePages_Surp:      0

Node 1 MemTotal:       24686196 kB
Node 1 MemFree:        24197792 kB
Node 1 MemUsed:          488404 kB
Node 1 Active:            45660 kB
Node 1 Inactive:         151596 kB
Node 1 Active(anon):      27768 kB
Node 1 Inactive(anon):      312 kB
Node 1 Active(file):      17892 kB
Node 1 Inactive(file):   151284 kB
Node 1 Unevictable:       13392 kB
Node 1 Mlocked:           13392 kB
Node 1 Dirty:                36 kB
Node 1 Writeback:             0 kB
Node 1 FilePages:        173016 kB
Node 1 Mapped:            15204 kB
Node 1 AnonPages:         37824 kB
Node 1 Shmem:               572 kB
Node 1 KernelStack:        1504 kB
Node 1 PageTables:         1368 kB
Node 1 NFS_Unstable:          0 kB
Node 1 Bounce:                0 kB
Node 1 WritebackTmp:          0 kB
Node 1 KReclaimable:      19208 kB
Node 1 Slab:              56504 kB
Node 1 SReclaimable:      19208 kB
Node 1 SUnreclaim:        37296 kB
Node 1 AnonHugePages:         0 kB
Node 1 ShmemHugePages:        0 kB
Node 1 ShmemPmdMapped:        0 kB
Node 1 FileHugePages:        0 kB
Node 1 FilePmdMapped:        0 kB
Node 1 HugePages_Total:     0
Node 1 HugePages_Free:      0
Node 1 HugePages_Surp:      0

Import tank ZPool
Node 0 MemTotal:       24743736 kB
Node 0 MemFree:        24458516 kB
Node 0 MemUsed:          285220 kB
Node 0 Active:            75384 kB
Node 0 Inactive:          48152 kB
Node 0 Active(anon):      29112 kB
Node 0 Inactive(anon):      532 kB
Node 0 Active(file):      46272 kB
Node 0 Inactive(file):    47620 kB
Node 0 Unevictable:        5216 kB
Node 0 Mlocked:            5216 kB
Node 0 Dirty:               440 kB
Node 0 Writeback:             0 kB
Node 0 FilePages:         99744 kB
Node 0 Mapped:            38512 kB
Node 0 AnonPages:         29004 kB
Node 0 Shmem:               640 kB
Node 0 KernelStack:        3768 kB
Node 0 PageTables:         1684 kB
Node 0 NFS_Unstable:          0 kB
Node 0 Bounce:                0 kB
Node 0 WritebackTmp:          0 kB
Node 0 KReclaimable:      24252 kB
Node 0 Slab:              59972 kB
Node 0 SReclaimable:      24252 kB
Node 0 SUnreclaim:        35720 kB
Node 0 AnonHugePages:         0 kB
Node 0 ShmemHugePages:        0 kB
Node 0 ShmemPmdMapped:        0 kB
Node 0 FileHugePages:        0 kB
Node 0 FilePmdMapped:        0 kB
Node 0 HugePages_Total:     0
Node 0 HugePages_Free:      0
Node 0 HugePages_Surp:      0

Node 1 MemTotal:       24686196 kB
Node 1 MemFree:        24192396 kB
Node 1 MemUsed:          493800 kB
Node 1 Active:            46224 kB
Node 1 Inactive:         153132 kB
Node 1 Active(anon):      27920 kB
Node 1 Inactive(anon):      416 kB
Node 1 Active(file):      18304 kB
Node 1 Inactive(file):   152716 kB
Node 1 Unevictable:       13540 kB
Node 1 Mlocked:           13540 kB
Node 1 Dirty:                52 kB
Node 1 Writeback:             0 kB
Node 1 FilePages:        174644 kB
Node 1 Mapped:            15324 kB
Node 1 AnonPages:         37904 kB
Node 1 Shmem:               628 kB
Node 1 KernelStack:        1480 kB
Node 1 PageTables:         1040 kB
Node 1 NFS_Unstable:          0 kB
Node 1 Bounce:                0 kB
Node 1 WritebackTmp:          0 kB
Node 1 KReclaimable:      19416 kB
Node 1 Slab:              62296 kB
Node 1 SReclaimable:      19416 kB
Node 1 SUnreclaim:        42880 kB
Node 1 AnonHugePages:         0 kB
Node 1 ShmemHugePages:        0 kB
Node 1 ShmemPmdMapped:        0 kB
Node 1 FileHugePages:        0 kB
Node 1 FilePmdMapped:        0 kB
Node 1 HugePages_Total:     0
Node 1 HugePages_Free:      0
Node 1 HugePages_Surp:      0

After Test
Node 0 MemTotal:       24743736 kB
Node 0 MemFree:        15461104 kB
Node 0 MemUsed:         9282632 kB
Node 0 Active:            62764 kB
Node 0 Inactive:          49228 kB
Node 0 Active(anon):      15736 kB
Node 0 Inactive(anon):      556 kB
Node 0 Active(file):      47028 kB
Node 0 Inactive(file):    48672 kB
Node 0 Unevictable:        5216 kB
Node 0 Mlocked:            5216 kB
Node 0 Dirty:                44 kB
Node 0 Writeback:             0 kB
Node 0 FilePages:        101596 kB
Node 0 Mapped:            37260 kB
Node 0 AnonPages:         15576 kB
Node 0 Shmem:               684 kB
Node 0 KernelStack:        3320 kB
Node 0 PageTables:          672 kB
Node 0 NFS_Unstable:          0 kB
Node 0 Bounce:                0 kB
Node 0 WritebackTmp:          0 kB
Node 0 KReclaimable:      25568 kB
Node 0 Slab:              94084 kB
Node 0 SReclaimable:      25568 kB
Node 0 SUnreclaim:        68516 kB
Node 0 AnonHugePages:         0 kB
Node 0 ShmemHugePages:        0 kB
Node 0 ShmemPmdMapped:        0 kB
Node 0 FileHugePages:        0 kB
Node 0 FilePmdMapped:        0 kB
Node 0 HugePages_Total:     0
Node 0 HugePages_Free:      0
Node 0 HugePages_Surp:      0

Node 1 MemTotal:       24686196 kB
Node 1 MemFree:        23965884 kB
Node 1 MemUsed:          720312 kB
Node 1 Active:            37096 kB
Node 1 Inactive:         152308 kB
Node 1 Active(anon):      17828 kB
Node 1 Inactive(anon):      412 kB
Node 1 Active(file):      19268 kB
Node 1 Inactive(file):   151896 kB
Node 1 Unevictable:       13540 kB
Node 1 Mlocked:           13540 kB
Node 1 Dirty:                 8 kB
Node 1 Writeback:             0 kB
Node 1 FilePages:        174780 kB
Node 1 Mapped:            12728 kB
Node 1 AnonPages:         28172 kB
Node 1 Shmem:               628 kB
Node 1 KernelStack:        1320 kB
Node 1 PageTables:          548 kB
Node 1 NFS_Unstable:          0 kB
Node 1 Bounce:                0 kB
Node 1 WritebackTmp:          0 kB
Node 1 KReclaimable:      19500 kB
Node 1 Slab:              62752 kB
Node 1 SReclaimable:      19500 kB
Node 1 SUnreclaim:        43252 kB
Node 1 AnonHugePages:         0 kB
Node 1 ShmemHugePages:        0 kB
Node 1 ShmemPmdMapped:        0 kB
Node 1 FileHugePages:        0 kB
Node 1 FilePmdMapped:        0 kB
Node 1 HugePages_Total:     0
Node 1 HugePages_Free:      0
Node 1 HugePages_Surp:      0

After Opposite Node
Node 0 MemTotal:       24743736 kB
Node 0 MemFree:        15464664 kB
Node 0 MemUsed:         9279072 kB
Node 0 Active:            62732 kB
Node 0 Inactive:          49056 kB
Node 0 Active(anon):      15552 kB
Node 0 Inactive(anon):      528 kB
Node 0 Active(file):      47180 kB
Node 0 Inactive(file):    48528 kB
Node 0 Unevictable:        5216 kB
Node 0 Mlocked:            5216 kB
Node 0 Dirty:                36 kB
Node 0 Writeback:             0 kB
Node 0 FilePages:        101560 kB
Node 0 Mapped:            37224 kB
Node 0 AnonPages:         15440 kB
Node 0 Shmem:               640 kB
Node 0 KernelStack:        3256 kB
Node 0 PageTables:          496 kB
Node 0 NFS_Unstable:          0 kB
Node 0 Bounce:                0 kB
Node 0 WritebackTmp:          0 kB
Node 0 KReclaimable:      25568 kB
Node 0 Slab:              94080 kB
Node 0 SReclaimable:      25568 kB
Node 0 SUnreclaim:        68512 kB
Node 0 AnonHugePages:         0 kB
Node 0 ShmemHugePages:        0 kB
Node 0 ShmemPmdMapped:        0 kB
Node 0 FileHugePages:        0 kB
Node 0 FilePmdMapped:        0 kB
Node 0 HugePages_Total:     0
Node 0 HugePages_Free:      0
Node 0 HugePages_Surp:      0

Node 1 MemTotal:       24686196 kB
Node 1 MemFree:        23966112 kB
Node 1 MemUsed:          720084 kB
Node 1 Active:            37432 kB
Node 1 Inactive:         152344 kB
Node 1 Active(anon):      18108 kB
Node 1 Inactive(anon):      456 kB
Node 1 Active(file):      19324 kB
Node 1 Inactive(file):   151888 kB
Node 1 Unevictable:       13540 kB
Node 1 Mlocked:           13540 kB
Node 1 Dirty:                28 kB
Node 1 Writeback:             0 kB
Node 1 FilePages:        174880 kB
Node 1 Mapped:            12772 kB
Node 1 AnonPages:         28312 kB
Node 1 Shmem:               672 kB
Node 1 KernelStack:        1368 kB
Node 1 PageTables:          720 kB
Node 1 NFS_Unstable:          0 kB
Node 1 Bounce:                0 kB
Node 1 WritebackTmp:          0 kB
Node 1 KReclaimable:      19552 kB
Node 1 Slab:              63216 kB
Node 1 SReclaimable:      19552 kB
Node 1 SUnreclaim:        43664 kB
Node 1 AnonHugePages:         0 kB
Node 1 ShmemHugePages:        0 kB
Node 1 ShmemPmdMapped:        0 kB
Node 1 FileHugePages:        0 kB
Node 1 FilePmdMapped:        0 kB
Node 1 HugePages_Total:     0
Node 1 HugePages_Free:      0
Node 1 HugePages_Surp:      0

B.0.fio.8G.1.O Complete!
