kernel.numa_balancing = 0
B.0.fio.16G.3.O
Begin
Node 0 MemTotal:       24768352 kB
Node 0 MemFree:        24358768 kB
Node 0 MemUsed:          409584 kB
Node 0 Active:            64088 kB
Node 0 Inactive:          58712 kB
Node 0 Active(anon):      16428 kB
Node 0 Inactive(anon):      464 kB
Node 0 Active(file):      47660 kB
Node 0 Inactive(file):    58248 kB
Node 0 Unevictable:       18108 kB
Node 0 Mlocked:           18108 kB
Node 0 Dirty:               136 kB
Node 0 Writeback:             0 kB
Node 0 FilePages:        114360 kB
Node 0 Mapped:            25420 kB
Node 0 AnonPages:         26580 kB
Node 0 Shmem:               676 kB
Node 0 KernelStack:        2248 kB
Node 0 PageTables:          472 kB
Node 0 NFS_Unstable:          0 kB
Node 0 Bounce:                0 kB
Node 0 WritebackTmp:          0 kB
Node 0 KReclaimable:      17716 kB
Node 0 Slab:              51312 kB
Node 0 SReclaimable:      17716 kB
Node 0 SUnreclaim:        33596 kB
Node 0 AnonHugePages:         0 kB
Node 0 ShmemHugePages:        0 kB
Node 0 ShmemPmdMapped:        0 kB
Node 0 FileHugePages:        0 kB
Node 0 FilePmdMapped:        0 kB
Node 0 HugePages_Total:     0
Node 0 HugePages_Free:      0
Node 0 HugePages_Surp:      0

Node 1 MemTotal:       24661580 kB
Node 1 MemFree:        24450772 kB
Node 1 MemUsed:          210808 kB
Node 1 Active:            33436 kB
Node 1 Inactive:          40728 kB
Node 1 Active(anon):      18740 kB
Node 1 Inactive(anon):      400 kB
Node 1 Active(file):      14696 kB
Node 1 Inactive(file):    40328 kB
Node 1 Unevictable:         416 kB
Node 1 Mlocked:             416 kB
Node 1 Dirty:               436 kB
Node 1 Writeback:             0 kB
Node 1 FilePages:         56468 kB
Node 1 Mapped:            26792 kB
Node 1 AnonPages:         18628 kB
Node 1 Shmem:               592 kB
Node 1 KernelStack:        1416 kB
Node 1 PageTables:          740 kB
Node 1 NFS_Unstable:          0 kB
Node 1 Bounce:                0 kB
Node 1 WritebackTmp:          0 kB
Node 1 KReclaimable:      23756 kB
Node 1 Slab:              54504 kB
Node 1 SReclaimable:      23756 kB
Node 1 SUnreclaim:        30748 kB
Node 1 AnonHugePages:         0 kB
Node 1 ShmemHugePages:        0 kB
Node 1 ShmemPmdMapped:        0 kB
Node 1 FileHugePages:        0 kB
Node 1 FilePmdMapped:        0 kB
Node 1 HugePages_Total:     0
Node 1 HugePages_Free:      0
Node 1 HugePages_Surp:      0

Load ZFS
Node 0 MemTotal:       24768352 kB
Node 0 MemFree:        24234760 kB
Node 0 MemUsed:          533592 kB
Node 0 Active:            75412 kB
Node 0 Inactive:         160912 kB
Node 0 Active(anon):      26728 kB
Node 0 Inactive(anon):      500 kB
Node 0 Active(file):      48684 kB
Node 0 Inactive(file):   160412 kB
Node 0 Unevictable:       18324 kB
Node 0 Mlocked:           18324 kB
Node 0 Dirty:               140 kB
Node 0 Writeback:             0 kB
Node 0 FilePages:        217536 kB
Node 0 Mapped:            27328 kB
Node 0 AnonPages:         37260 kB
Node 0 Shmem:               664 kB
Node 0 KernelStack:        2184 kB
Node 0 PageTables:          976 kB
Node 0 NFS_Unstable:          0 kB
Node 0 Bounce:                0 kB
Node 0 WritebackTmp:          0 kB
Node 0 KReclaimable:      18992 kB
Node 0 Slab:              55620 kB
Node 0 SReclaimable:      18992 kB
Node 0 SUnreclaim:        36628 kB
Node 0 AnonHugePages:         0 kB
Node 0 ShmemHugePages:        0 kB
Node 0 ShmemPmdMapped:        0 kB
Node 0 FileHugePages:        0 kB
Node 0 FilePmdMapped:        0 kB
Node 0 HugePages_Total:     0
Node 0 HugePages_Free:      0
Node 0 HugePages_Surp:      0

Node 1 MemTotal:       24661580 kB
Node 1 MemFree:        24433940 kB
Node 1 MemUsed:          227640 kB
Node 1 Active:            45668 kB
Node 1 Inactive:          41988 kB
Node 1 Active(anon):      29404 kB
Node 1 Inactive(anon):      444 kB
Node 1 Active(file):      16264 kB
Node 1 Inactive(file):    41544 kB
Node 1 Unevictable:         416 kB
Node 1 Mlocked:             416 kB
Node 1 Dirty:               476 kB
Node 1 Writeback:             0 kB
Node 1 FilePages:         58828 kB
Node 1 Mapped:            28784 kB
Node 1 AnonPages:         29096 kB
Node 1 Shmem:               604 kB
Node 1 KernelStack:        2020 kB
Node 1 PageTables:         2104 kB
Node 1 NFS_Unstable:          0 kB
Node 1 Bounce:                0 kB
Node 1 WritebackTmp:          0 kB
Node 1 KReclaimable:      24404 kB
Node 1 Slab:              57068 kB
Node 1 SReclaimable:      24404 kB
Node 1 SUnreclaim:        32664 kB
Node 1 AnonHugePages:         0 kB
Node 1 ShmemHugePages:        0 kB
Node 1 ShmemPmdMapped:        0 kB
Node 1 FileHugePages:        0 kB
Node 1 FilePmdMapped:        0 kB
Node 1 HugePages_Total:     0
Node 1 HugePages_Free:      0
Node 1 HugePages_Surp:      0

Import tank ZPool
Node 0 MemTotal:       24768352 kB
Node 0 MemFree:        24237540 kB
Node 0 MemUsed:          530812 kB
Node 0 Active:            67060 kB
Node 0 Inactive:         161436 kB
Node 0 Active(anon):      17232 kB
Node 0 Inactive(anon):      500 kB
Node 0 Active(file):      49828 kB
Node 0 Inactive(file):   160936 kB
Node 0 Unevictable:       18340 kB
Node 0 Mlocked:           18340 kB
Node 0 Dirty:                60 kB
Node 0 Writeback:             0 kB
Node 0 FilePages:        219220 kB
Node 0 Mapped:            25656 kB
Node 0 AnonPages:         27268 kB
Node 0 Shmem:               660 kB
Node 0 KernelStack:        2136 kB
Node 0 PageTables:          608 kB
Node 0 NFS_Unstable:          0 kB
Node 0 Bounce:                0 kB
Node 0 WritebackTmp:          0 kB
Node 0 KReclaimable:      19136 kB
Node 0 Slab:              60504 kB
Node 0 SReclaimable:      19136 kB
Node 0 SUnreclaim:        41368 kB
Node 0 AnonHugePages:         0 kB
Node 0 ShmemHugePages:        0 kB
Node 0 ShmemPmdMapped:        0 kB
Node 0 FileHugePages:        0 kB
Node 0 FilePmdMapped:        0 kB
Node 0 HugePages_Total:     0
Node 0 HugePages_Free:      0
Node 0 HugePages_Surp:      0

Node 1 MemTotal:       24661580 kB
Node 1 MemFree:        24434440 kB
Node 1 MemUsed:          227140 kB
Node 1 Active:            33448 kB
Node 1 Inactive:          41884 kB
Node 1 Active(anon):      17040 kB
Node 1 Inactive(anon):      448 kB
Node 1 Active(file):      16408 kB
Node 1 Inactive(file):    41436 kB
Node 1 Unevictable:         416 kB
Node 1 Mlocked:             416 kB
Node 1 Dirty:               536 kB
Node 1 Writeback:             0 kB
Node 1 FilePages:         58868 kB
Node 1 Mapped:            26876 kB
Node 1 AnonPages:         17032 kB
Node 1 Shmem:               608 kB
Node 1 KernelStack:        2632 kB
Node 1 PageTables:          696 kB
Node 1 NFS_Unstable:          0 kB
Node 1 Bounce:                0 kB
Node 1 WritebackTmp:          0 kB
Node 1 KReclaimable:      24436 kB
Node 1 Slab:              59416 kB
Node 1 SReclaimable:      24436 kB
Node 1 SUnreclaim:        34980 kB
Node 1 AnonHugePages:         0 kB
Node 1 ShmemHugePages:        0 kB
Node 1 ShmemPmdMapped:        0 kB
Node 1 FileHugePages:        0 kB
Node 1 FilePmdMapped:        0 kB
Node 1 HugePages_Total:     0
Node 1 HugePages_Free:      0
Node 1 HugePages_Surp:      0

After Test
Node 0 MemTotal:       24768352 kB
Node 0 MemFree:         7205728 kB
Node 0 MemUsed:        17562624 kB
Node 0 Active:            67788 kB
Node 0 Inactive:         162528 kB
Node 0 Active(anon):      16912 kB
Node 0 Inactive(anon):      536 kB
Node 0 Active(file):      50876 kB
Node 0 Inactive(file):   161992 kB
Node 0 Unevictable:       18340 kB
Node 0 Mlocked:           18340 kB
Node 0 Dirty:                20 kB
Node 0 Writeback:             0 kB
Node 0 FilePages:        221344 kB
Node 0 Mapped:            25712 kB
Node 0 AnonPages:         27216 kB
Node 0 Shmem:               700 kB
Node 0 KernelStack:        2008 kB
Node 0 PageTables:          648 kB
Node 0 NFS_Unstable:          0 kB
Node 0 Bounce:                0 kB
Node 0 WritebackTmp:          0 kB
Node 0 KReclaimable:      20424 kB
Node 0 Slab:             119148 kB
Node 0 SReclaimable:      20424 kB
Node 0 SUnreclaim:        98724 kB
Node 0 AnonHugePages:         0 kB
Node 0 ShmemHugePages:        0 kB
Node 0 ShmemPmdMapped:        0 kB
Node 0 FileHugePages:        0 kB
Node 0 FilePmdMapped:        0 kB
Node 0 HugePages_Total:     0
Node 0 HugePages_Free:      0
Node 0 HugePages_Surp:      0

Node 1 MemTotal:       24661580 kB
Node 1 MemFree:        23809528 kB
Node 1 MemUsed:          852052 kB
Node 1 Active:            32888 kB
Node 1 Inactive:          41868 kB
Node 1 Active(anon):      16464 kB
Node 1 Inactive(anon):      448 kB
Node 1 Active(file):      16424 kB
Node 1 Inactive(file):    41420 kB
Node 1 Unevictable:         416 kB
Node 1 Mlocked:             416 kB
Node 1 Dirty:                12 kB
Node 1 Writeback:             0 kB
Node 1 FilePages:         58872 kB
Node 1 Mapped:            26768 kB
Node 1 AnonPages:         16300 kB
Node 1 Shmem:               612 kB
Node 1 KernelStack:        2440 kB
Node 1 PageTables:          572 kB
Node 1 NFS_Unstable:          0 kB
Node 1 Bounce:                0 kB
Node 1 WritebackTmp:          0 kB
Node 1 KReclaimable:      24608 kB
Node 1 Slab:              62308 kB
Node 1 SReclaimable:      24608 kB
Node 1 SUnreclaim:        37700 kB
Node 1 AnonHugePages:         0 kB
Node 1 ShmemHugePages:        0 kB
Node 1 ShmemPmdMapped:        0 kB
Node 1 FileHugePages:        0 kB
Node 1 FilePmdMapped:        0 kB
Node 1 HugePages_Total:     0
Node 1 HugePages_Free:      0
Node 1 HugePages_Surp:      0

After Opposite Node
Node 0 MemTotal:       24768352 kB
Node 0 MemFree:         7210412 kB
Node 0 MemUsed:        17557940 kB
Node 0 Active:            67832 kB
Node 0 Inactive:         162284 kB
Node 0 Active(anon):      16704 kB
Node 0 Inactive(anon):      492 kB
Node 0 Active(file):      51128 kB
Node 0 Inactive(file):   161792 kB
Node 0 Unevictable:       18340 kB
Node 0 Mlocked:           18340 kB
Node 0 Dirty:                24 kB
Node 0 Writeback:             0 kB
Node 0 FilePages:        221376 kB
Node 0 Mapped:            25656 kB
Node 0 AnonPages:         27100 kB
Node 0 Shmem:               656 kB
Node 0 KernelStack:        1976 kB
Node 0 PageTables:          476 kB
Node 0 NFS_Unstable:          0 kB
Node 0 Bounce:                0 kB
Node 0 WritebackTmp:          0 kB
Node 0 KReclaimable:      20436 kB
Node 0 Slab:             119204 kB
Node 0 SReclaimable:      20436 kB
Node 0 SUnreclaim:        98768 kB
Node 0 AnonHugePages:         0 kB
Node 0 ShmemHugePages:        0 kB
Node 0 ShmemPmdMapped:        0 kB
Node 0 FileHugePages:        0 kB
Node 0 FilePmdMapped:        0 kB
Node 0 HugePages_Total:     0
Node 0 HugePages_Free:      0
Node 0 HugePages_Surp:      0

Node 1 MemTotal:       24661580 kB
Node 1 MemFree:        23809032 kB
Node 1 MemUsed:          852548 kB
Node 1 Active:            33160 kB
Node 1 Inactive:          42040 kB
Node 1 Active(anon):      16732 kB
Node 1 Inactive(anon):      492 kB
Node 1 Active(file):      16428 kB
Node 1 Inactive(file):    41548 kB
Node 1 Unevictable:         416 kB
Node 1 Mlocked:             416 kB
Node 1 Dirty:               112 kB
Node 1 Writeback:             0 kB
Node 1 FilePages:         59056 kB
Node 1 Mapped:            26816 kB
Node 1 AnonPages:         16428 kB
Node 1 Shmem:               656 kB
Node 1 KernelStack:        2472 kB
Node 1 PageTables:          744 kB
Node 1 NFS_Unstable:          0 kB
Node 1 Bounce:                0 kB
Node 1 WritebackTmp:          0 kB
Node 1 KReclaimable:      24648 kB
Node 1 Slab:              62436 kB
Node 1 SReclaimable:      24648 kB
Node 1 SUnreclaim:        37788 kB
Node 1 AnonHugePages:         0 kB
Node 1 ShmemHugePages:        0 kB
Node 1 ShmemPmdMapped:        0 kB
Node 1 FileHugePages:        0 kB
Node 1 FilePmdMapped:        0 kB
Node 1 HugePages_Total:     0
Node 1 HugePages_Free:      0
Node 1 HugePages_Surp:      0

B.0.fio.16G.3.O Complete!
