kernel.numa_balancing = 0
70 Tests Remaining!
B.0.fio.4G.3.O
Begin
Node 0 MemTotal:       24743736 kB
Node 0 MemFree:        24516548 kB
Node 0 MemUsed:          227188 kB
Node 0 Active:            53652 kB
Node 0 Inactive:          27928 kB
Node 0 Active(anon):       8664 kB
Node 0 Inactive(anon):      480 kB
Node 0 Active(file):      44988 kB
Node 0 Inactive(file):    27448 kB
Node 0 Unevictable:        5548 kB
Node 0 Mlocked:            5548 kB
Node 0 Dirty:               308 kB
Node 0 Writeback:             0 kB
Node 0 FilePages:         78692 kB
Node 0 Mapped:            23460 kB
Node 0 AnonPages:          8404 kB
Node 0 Shmem:               712 kB
Node 0 KernelStack:        2312 kB
Node 0 PageTables:          360 kB
Node 0 NFS_Unstable:          0 kB
Node 0 Bounce:                0 kB
Node 0 WritebackTmp:          0 kB
Node 0 KReclaimable:      17380 kB
Node 0 Slab:              53072 kB
Node 0 SReclaimable:      17380 kB
Node 0 SUnreclaim:        35692 kB
Node 0 AnonHugePages:         0 kB
Node 0 ShmemHugePages:        0 kB
Node 0 ShmemPmdMapped:        0 kB
Node 0 FileHugePages:        0 kB
Node 0 FilePmdMapped:        0 kB
Node 0 HugePages_Total:     0
Node 0 HugePages_Free:      0
Node 0 HugePages_Surp:      0

Node 1 MemTotal:       24686196 kB
Node 1 MemFree:        24285736 kB
Node 1 MemUsed:          400460 kB
Node 1 Active:            43880 kB
Node 1 Inactive:          77420 kB
Node 1 Active(anon):      25492 kB
Node 1 Inactive(anon):      396 kB
Node 1 Active(file):      18388 kB
Node 1 Inactive(file):    77024 kB
Node 1 Unevictable:       12972 kB
Node 1 Mlocked:           12972 kB
Node 1 Dirty:               240 kB
Node 1 Writeback:             0 kB
Node 1 FilePages:         98624 kB
Node 1 Mapped:            31800 kB
Node 1 AnonPages:         35620 kB
Node 1 Shmem:               556 kB
Node 1 KernelStack:        1592 kB
Node 1 PageTables:          956 kB
Node 1 NFS_Unstable:          0 kB
Node 1 Bounce:                0 kB
Node 1 WritebackTmp:          0 kB
Node 1 KReclaimable:      24992 kB
Node 1 Slab:              54488 kB
Node 1 SReclaimable:      24992 kB
Node 1 SUnreclaim:        29496 kB
Node 1 AnonHugePages:         0 kB
Node 1 ShmemHugePages:        0 kB
Node 1 ShmemPmdMapped:        0 kB
Node 1 FileHugePages:        0 kB
Node 1 FilePmdMapped:        0 kB
Node 1 HugePages_Total:     0
Node 1 HugePages_Free:      0
Node 1 HugePages_Surp:      0

Load ZFS
Node 0 MemTotal:       24743736 kB
Node 0 MemFree:        24294856 kB
Node 0 MemUsed:          448880 kB
Node 0 Active:            63640 kB
Node 0 Inactive:          97436 kB
Node 0 Active(anon):      18044 kB
Node 0 Inactive(anon):      480 kB
Node 0 Active(file):      45596 kB
Node 0 Inactive(file):    96956 kB
Node 0 Unevictable:        5548 kB
Node 0 Mlocked:            5548 kB
Node 0 Dirty:               108 kB
Node 0 Writeback:             0 kB
Node 0 FilePages:        148752 kB
Node 0 Mapped:            25376 kB
Node 0 AnonPages:         18164 kB
Node 0 Shmem:               656 kB
Node 0 KernelStack:        2548 kB
Node 0 PageTables:         1016 kB
Node 0 NFS_Unstable:          0 kB
Node 0 Bounce:                0 kB
Node 0 WritebackTmp:          0 kB
Node 0 KReclaimable:      18296 kB
Node 0 Slab:              57536 kB
Node 0 SReclaimable:      18296 kB
Node 0 SUnreclaim:        39240 kB
Node 0 AnonHugePages:         0 kB
Node 0 ShmemHugePages:        0 kB
Node 0 ShmemPmdMapped:        0 kB
Node 0 FileHugePages:        0 kB
Node 0 FilePmdMapped:        0 kB
Node 0 HugePages_Total:     0
Node 0 HugePages_Free:      0
Node 0 HugePages_Surp:      0

Node 1 MemTotal:       24686196 kB
Node 1 MemFree:        24362884 kB
Node 1 MemUsed:          323312 kB
Node 1 Active:            60132 kB
Node 1 Inactive:         111360 kB
Node 1 Active(anon):      40064 kB
Node 1 Inactive(anon):      464 kB
Node 1 Active(file):      20068 kB
Node 1 Inactive(file):   110896 kB
Node 1 Unevictable:       13188 kB
Node 1 Mlocked:           13188 kB
Node 1 Dirty:               500 kB
Node 1 Writeback:             0 kB
Node 1 FilePages:        134224 kB
Node 1 Mapped:            33800 kB
Node 1 AnonPages:         50664 kB
Node 1 Shmem:               612 kB
Node 1 KernelStack:        1844 kB
Node 1 PageTables:         1680 kB
Node 1 NFS_Unstable:          0 kB
Node 1 Bounce:                0 kB
Node 1 WritebackTmp:          0 kB
Node 1 KReclaimable:      25508 kB
Node 1 Slab:              55828 kB
Node 1 SReclaimable:      25508 kB
Node 1 SUnreclaim:        30320 kB
Node 1 AnonHugePages:         0 kB
Node 1 ShmemHugePages:        0 kB
Node 1 ShmemPmdMapped:        0 kB
Node 1 FileHugePages:        0 kB
Node 1 FilePmdMapped:        0 kB
Node 1 HugePages_Total:     0
Node 1 HugePages_Free:      0
Node 1 HugePages_Surp:      0

Import tank ZPool
Node 0 MemTotal:       24743736 kB
Node 0 MemFree:        24290904 kB
Node 0 MemUsed:          452832 kB
Node 0 Active:            54156 kB
Node 0 Inactive:          97440 kB
Node 0 Active(anon):       8560 kB
Node 0 Inactive(anon):      480 kB
Node 0 Active(file):      45596 kB
Node 0 Inactive(file):    96960 kB
Node 0 Unevictable:        5548 kB
Node 0 Mlocked:            5548 kB
Node 0 Dirty:               136 kB
Node 0 Writeback:             0 kB
Node 0 FilePages:        148792 kB
Node 0 Mapped:            24280 kB
Node 0 AnonPages:          7844 kB
Node 0 Shmem:               652 kB
Node 0 KernelStack:        3464 kB
Node 0 PageTables:          868 kB
Node 0 NFS_Unstable:          0 kB
Node 0 Bounce:                0 kB
Node 0 WritebackTmp:          0 kB
Node 0 KReclaimable:      18312 kB
Node 0 Slab:              59632 kB
Node 0 SReclaimable:      18312 kB
Node 0 SUnreclaim:        41320 kB
Node 0 AnonHugePages:         0 kB
Node 0 ShmemHugePages:        0 kB
Node 0 ShmemPmdMapped:        0 kB
Node 0 FileHugePages:        0 kB
Node 0 FilePmdMapped:        0 kB
Node 0 HugePages_Total:     0
Node 0 HugePages_Free:      0
Node 0 HugePages_Surp:      0

Node 1 MemTotal:       24686196 kB
Node 1 MemFree:        24369636 kB
Node 1 MemUsed:          316560 kB
Node 1 Active:            46968 kB
Node 1 Inactive:         112468 kB
Node 1 Active(anon):      26388 kB
Node 1 Inactive(anon):      468 kB
Node 1 Active(file):      20580 kB
Node 1 Inactive(file):   112000 kB
Node 1 Unevictable:       13204 kB
Node 1 Mlocked:           13204 kB
Node 1 Dirty:               440 kB
Node 1 Writeback:             0 kB
Node 1 FilePages:        135844 kB
Node 1 Mapped:            32504 kB
Node 1 AnonPages:         35768 kB
Node 1 Shmem:               616 kB
Node 1 KernelStack:        1660 kB
Node 1 PageTables:         1572 kB
Node 1 NFS_Unstable:          0 kB
Node 1 Bounce:                0 kB
Node 1 WritebackTmp:          0 kB
Node 1 KReclaimable:      25612 kB
Node 1 Slab:              61896 kB
Node 1 SReclaimable:      25612 kB
Node 1 SUnreclaim:        36284 kB
Node 1 AnonHugePages:         0 kB
Node 1 ShmemHugePages:        0 kB
Node 1 ShmemPmdMapped:        0 kB
Node 1 FileHugePages:        0 kB
Node 1 FilePmdMapped:        0 kB
Node 1 HugePages_Total:     0
Node 1 HugePages_Free:      0
Node 1 HugePages_Surp:      0

After Test
Node 0 MemTotal:       24743736 kB
Node 0 MemFree:        23883536 kB
Node 0 MemUsed:          860200 kB
Node 0 Active:            54644 kB
Node 0 Inactive:          98236 kB
Node 0 Active(anon):       7968 kB
Node 0 Inactive(anon):      512 kB
Node 0 Active(file):      46676 kB
Node 0 Inactive(file):    97724 kB
Node 0 Unevictable:        5548 kB
Node 0 Mlocked:            5548 kB
Node 0 Dirty:                28 kB
Node 0 Writeback:             0 kB
Node 0 FilePages:        150640 kB
Node 0 Mapped:            23712 kB
Node 0 AnonPages:          7652 kB
Node 0 Shmem:               696 kB
Node 0 KernelStack:        3256 kB
Node 0 PageTables:          396 kB
Node 0 NFS_Unstable:          0 kB
Node 0 Bounce:                0 kB
Node 0 WritebackTmp:          0 kB
Node 0 KReclaimable:      18444 kB
Node 0 Slab:              60760 kB
Node 0 SReclaimable:      18444 kB
Node 0 SUnreclaim:        42316 kB
Node 0 AnonHugePages:         0 kB
Node 0 ShmemHugePages:        0 kB
Node 0 ShmemPmdMapped:        0 kB
Node 0 FileHugePages:        0 kB
Node 0 FilePmdMapped:        0 kB
Node 0 HugePages_Total:     0
Node 0 HugePages_Free:      0
Node 0 HugePages_Surp:      0

Node 1 MemTotal:       24686196 kB
Node 1 MemFree:        19744304 kB
Node 1 MemUsed:         4941892 kB
Node 1 Active:            46328 kB
Node 1 Inactive:         112128 kB
Node 1 Active(anon):      25248 kB
Node 1 Inactive(anon):      464 kB
Node 1 Active(file):      21080 kB
Node 1 Inactive(file):   111664 kB
Node 1 Unevictable:       13204 kB
Node 1 Mlocked:           13204 kB
Node 1 Dirty:                24 kB
Node 1 Writeback:             0 kB
Node 1 FilePages:        136016 kB
Node 1 Mapped:            31752 kB
Node 1 AnonPages:         35656 kB
Node 1 Shmem:               616 kB
Node 1 KernelStack:        1416 kB
Node 1 PageTables:          808 kB
Node 1 NFS_Unstable:          0 kB
Node 1 Bounce:                0 kB
Node 1 WritebackTmp:          0 kB
Node 1 KReclaimable:      26932 kB
Node 1 Slab:              81936 kB
Node 1 SReclaimable:      26932 kB
Node 1 SUnreclaim:        55004 kB
Node 1 AnonHugePages:         0 kB
Node 1 ShmemHugePages:        0 kB
Node 1 ShmemPmdMapped:        0 kB
Node 1 FileHugePages:        0 kB
Node 1 FilePmdMapped:        0 kB
Node 1 HugePages_Total:     0
Node 1 HugePages_Free:      0
Node 1 HugePages_Surp:      0

After Opposite Node
Node 0 MemTotal:       24743736 kB
Node 0 MemFree:        23885728 kB
Node 0 MemUsed:          858008 kB
Node 0 Active:            54592 kB
Node 0 Inactive:          98056 kB
Node 0 Active(anon):       7764 kB
Node 0 Inactive(anon):      476 kB
Node 0 Active(file):      46828 kB
Node 0 Inactive(file):    97580 kB
Node 0 Unevictable:        5548 kB
Node 0 Mlocked:            5548 kB
Node 0 Dirty:                36 kB
Node 0 Writeback:             0 kB
Node 0 FilePages:        150604 kB
Node 0 Mapped:            23676 kB
Node 0 AnonPages:          7588 kB
Node 0 Shmem:               652 kB
Node 0 KernelStack:        3240 kB
Node 0 PageTables:          276 kB
Node 0 NFS_Unstable:          0 kB
Node 0 Bounce:                0 kB
Node 0 WritebackTmp:          0 kB
Node 0 KReclaimable:      18444 kB
Node 0 Slab:              60680 kB
Node 0 SReclaimable:      18444 kB
Node 0 SUnreclaim:        42236 kB
Node 0 AnonHugePages:         0 kB
Node 0 ShmemHugePages:        0 kB
Node 0 ShmemPmdMapped:        0 kB
Node 0 FileHugePages:        0 kB
Node 0 FilePmdMapped:        0 kB
Node 0 HugePages_Total:     0
Node 0 HugePages_Free:      0
Node 0 HugePages_Surp:      0

Node 1 MemTotal:       24686196 kB
Node 1 MemFree:        19745608 kB
Node 1 MemUsed:         4940588 kB
Node 1 Active:            46652 kB
Node 1 Inactive:         112164 kB
Node 1 Active(anon):      25528 kB
Node 1 Inactive(anon):      508 kB
Node 1 Active(file):      21124 kB
Node 1 Inactive(file):   111656 kB
Node 1 Unevictable:       13204 kB
Node 1 Mlocked:           13204 kB
Node 1 Dirty:                52 kB
Node 1 Writeback:             0 kB
Node 1 FilePages:        136096 kB
Node 1 Mapped:            31796 kB
Node 1 AnonPages:         35800 kB
Node 1 Shmem:               660 kB
Node 1 KernelStack:        1448 kB
Node 1 PageTables:          984 kB
Node 1 NFS_Unstable:          0 kB
Node 1 Bounce:                0 kB
Node 1 WritebackTmp:          0 kB
Node 1 KReclaimable:      26976 kB
Node 1 Slab:              82100 kB
Node 1 SReclaimable:      26976 kB
Node 1 SUnreclaim:        55124 kB
Node 1 AnonHugePages:         0 kB
Node 1 ShmemHugePages:        0 kB
Node 1 ShmemPmdMapped:        0 kB
Node 1 FileHugePages:        0 kB
Node 1 FilePmdMapped:        0 kB
Node 1 HugePages_Total:     0
Node 1 HugePages_Free:      0
Node 1 HugePages_Surp:      0

B.0.fio.4G.3.O Complete!
