kernel.numa_balancing = 0
B.0.randomfio.8G.2.O.1M
Begin
Node 0 MemTotal:       24743744 kB
Node 0 MemFree:        24330996 kB
Node 0 MemUsed:          412748 kB
Node 0 Active:            42764 kB
Node 0 Inactive:          74536 kB
Node 0 Active(anon):      20540 kB
Node 0 Inactive(anon):      412 kB
Node 0 Active(file):      22224 kB
Node 0 Inactive(file):    74124 kB
Node 0 Unevictable:       17224 kB
Node 0 Mlocked:           17224 kB
Node 0 Dirty:               244 kB
Node 0 Writeback:             0 kB
Node 0 FilePages:        103992 kB
Node 0 Mapped:            30332 kB
Node 0 AnonPages:         30676 kB
Node 0 Shmem:               604 kB
Node 0 KernelStack:        1928 kB
Node 0 PageTables:          496 kB
Node 0 NFS_Unstable:          0 kB
Node 0 Bounce:                0 kB
Node 0 WritebackTmp:          0 kB
Node 0 KReclaimable:      22796 kB
Node 0 Slab:              55832 kB
Node 0 SReclaimable:      22796 kB
Node 0 SUnreclaim:        33036 kB
Node 0 AnonHugePages:         0 kB
Node 0 ShmemHugePages:        0 kB
Node 0 ShmemPmdMapped:        0 kB
Node 0 FileHugePages:        0 kB
Node 0 FilePmdMapped:        0 kB
Node 0 HugePages_Total:     0
Node 0 HugePages_Free:      0
Node 0 HugePages_Surp:      0

Node 1 MemTotal:       24686196 kB
Node 1 MemFree:        24480132 kB
Node 1 MemUsed:          206064 kB
Node 1 Active:            53508 kB
Node 1 Inactive:          21172 kB
Node 1 Active(anon):      13372 kB
Node 1 Inactive(anon):      452 kB
Node 1 Active(file):      40136 kB
Node 1 Inactive(file):    20720 kB
Node 1 Unevictable:        1300 kB
Node 1 Mlocked:            1300 kB
Node 1 Dirty:               288 kB
Node 1 Writeback:             0 kB
Node 1 FilePages:         62828 kB
Node 1 Mapped:            17068 kB
Node 1 AnonPages:         13236 kB
Node 1 Shmem:               664 kB
Node 1 KernelStack:        1640 kB
Node 1 PageTables:          556 kB
Node 1 NFS_Unstable:          0 kB
Node 1 Bounce:                0 kB
Node 1 WritebackTmp:          0 kB
Node 1 KReclaimable:      18428 kB
Node 1 Slab:              48808 kB
Node 1 SReclaimable:      18428 kB
Node 1 SUnreclaim:        30380 kB
Node 1 AnonHugePages:         0 kB
Node 1 ShmemHugePages:        0 kB
Node 1 ShmemPmdMapped:        0 kB
Node 1 FileHugePages:        0 kB
Node 1 FilePmdMapped:        0 kB
Node 1 HugePages_Total:     0
Node 1 HugePages_Free:      0
Node 1 HugePages_Surp:      0

Load ZFS
Node 0 MemTotal:       24743744 kB
Node 0 MemFree:        24407912 kB
Node 0 MemUsed:          335832 kB
Node 0 Active:            55048 kB
Node 0 Inactive:         113192 kB
Node 0 Active(anon):      31276 kB
Node 0 Inactive(anon):      424 kB
Node 0 Active(file):      23772 kB
Node 0 Inactive(file):   112768 kB
Node 0 Unevictable:       17424 kB
Node 0 Mlocked:           17424 kB
Node 0 Dirty:               520 kB
Node 0 Writeback:             0 kB
Node 0 FilePages:        144316 kB
Node 0 Mapped:            32032 kB
Node 0 AnonPages:         41456 kB
Node 0 Shmem:               556 kB
Node 0 KernelStack:        2196 kB
Node 0 PageTables:          992 kB
Node 0 NFS_Unstable:          0 kB
Node 0 Bounce:                0 kB
Node 0 WritebackTmp:          0 kB
Node 0 KReclaimable:      23708 kB
Node 0 Slab:              60172 kB
Node 0 SReclaimable:      23708 kB
Node 0 SUnreclaim:        36464 kB
Node 0 AnonHugePages:         0 kB
Node 0 ShmemHugePages:        0 kB
Node 0 ShmemPmdMapped:        0 kB
Node 0 FileHugePages:        0 kB
Node 0 FilePmdMapped:        0 kB
Node 0 HugePages_Total:     0
Node 0 HugePages_Free:      0
Node 0 HugePages_Surp:      0

Node 1 MemTotal:       24686196 kB
Node 1 MemFree:        24261288 kB
Node 1 MemUsed:          424908 kB
Node 1 Active:            68420 kB
Node 1 Inactive:          85820 kB
Node 1 Active(anon):      27328 kB
Node 1 Inactive(anon):      516 kB
Node 1 Active(file):      41092 kB
Node 1 Inactive(file):    85304 kB
Node 1 Unevictable:        1300 kB
Node 1 Mlocked:            1300 kB
Node 1 Dirty:                52 kB
Node 1 Writeback:             0 kB
Node 1 FilePages:        128404 kB
Node 1 Mapped:            19436 kB
Node 1 AnonPages:         27044 kB
Node 1 Shmem:               712 kB
Node 1 KernelStack:        1864 kB
Node 1 PageTables:         1352 kB
Node 1 NFS_Unstable:          0 kB
Node 1 Bounce:                0 kB
Node 1 WritebackTmp:          0 kB
Node 1 KReclaimable:      19324 kB
Node 1 Slab:              52136 kB
Node 1 SReclaimable:      19324 kB
Node 1 SUnreclaim:        32812 kB
Node 1 AnonHugePages:         0 kB
Node 1 ShmemHugePages:        0 kB
Node 1 ShmemPmdMapped:        0 kB
Node 1 FileHugePages:        0 kB
Node 1 FilePmdMapped:        0 kB
Node 1 HugePages_Total:     0
Node 1 HugePages_Free:      0
Node 1 HugePages_Surp:      0

Import tank ZPool
Node 0 MemTotal:       24743744 kB
Node 0 MemFree:        24402300 kB
Node 0 MemUsed:          341444 kB
Node 0 Active:            55648 kB
Node 0 Inactive:         114520 kB
Node 0 Active(anon):      31448 kB
Node 0 Inactive(anon):      432 kB
Node 0 Active(file):      24200 kB
Node 0 Inactive(file):   114088 kB
Node 0 Unevictable:       17456 kB
Node 0 Mlocked:           17456 kB
Node 0 Dirty:               572 kB
Node 0 Writeback:             0 kB
Node 0 FilePages:        145768 kB
Node 0 Mapped:            31976 kB
Node 0 AnonPages:         41528 kB
Node 0 Shmem:               564 kB
Node 0 KernelStack:        2232 kB
Node 0 PageTables:         1204 kB
Node 0 NFS_Unstable:          0 kB
Node 0 Bounce:                0 kB
Node 0 WritebackTmp:          0 kB
Node 0 KReclaimable:      23828 kB
Node 0 Slab:              65288 kB
Node 0 SReclaimable:      23828 kB
Node 0 SUnreclaim:        41460 kB
Node 0 AnonHugePages:         0 kB
Node 0 ShmemHugePages:        0 kB
Node 0 ShmemPmdMapped:        0 kB
Node 0 FileHugePages:        0 kB
Node 0 FilePmdMapped:        0 kB
Node 0 HugePages_Total:     0
Node 0 HugePages_Free:      0
Node 0 HugePages_Surp:      0

Node 1 MemTotal:       24686196 kB
Node 1 MemFree:        24247636 kB
Node 1 MemUsed:          438560 kB
Node 1 Active:            68376 kB
Node 1 Inactive:          85832 kB
Node 1 Active(anon):      27280 kB
Node 1 Inactive(anon):      516 kB
Node 1 Active(file):      41096 kB
Node 1 Inactive(file):    85316 kB
Node 1 Unevictable:        1300 kB
Node 1 Mlocked:            1300 kB
Node 1 Dirty:                60 kB
Node 1 Writeback:             8 kB
Node 1 FilePages:        128428 kB
Node 1 Mapped:            19464 kB
Node 1 AnonPages:         27096 kB
Node 1 Shmem:               704 kB
Node 1 KernelStack:        2956 kB
Node 1 PageTables:         1312 kB
Node 1 NFS_Unstable:          0 kB
Node 1 Bounce:                0 kB
Node 1 WritebackTmp:          0 kB
Node 1 KReclaimable:      19332 kB
Node 1 Slab:              54016 kB
Node 1 SReclaimable:      19332 kB
Node 1 SUnreclaim:        34684 kB
Node 1 AnonHugePages:         0 kB
Node 1 ShmemHugePages:        0 kB
Node 1 ShmemPmdMapped:        0 kB
Node 1 FileHugePages:        0 kB
Node 1 FilePmdMapped:        0 kB
Node 1 HugePages_Total:     0
Node 1 HugePages_Free:      0
Node 1 HugePages_Surp:      0

After Test
Node 0 MemTotal:       24743744 kB
Node 0 MemFree:        15955040 kB
Node 0 MemUsed:         8788704 kB
Node 0 Active:            46884 kB
Node 0 Inactive:         115120 kB
Node 0 Active(anon):      21136 kB
Node 0 Inactive(anon):      452 kB
Node 0 Active(file):      25748 kB
Node 0 Inactive(file):   114668 kB
Node 0 Unevictable:       17456 kB
Node 0 Mlocked:           17456 kB
Node 0 Dirty:                28 kB
Node 0 Writeback:             0 kB
Node 0 FilePages:        147920 kB
Node 0 Mapped:            30672 kB
Node 0 AnonPages:         31068 kB
Node 0 Shmem:               608 kB
Node 0 KernelStack:        1880 kB
Node 0 PageTables:          716 kB
Node 0 NFS_Unstable:          0 kB
Node 0 Bounce:                0 kB
Node 0 WritebackTmp:          0 kB
Node 0 KReclaimable:      25328 kB
Node 0 Slab:              96008 kB
Node 0 SReclaimable:      25328 kB
Node 0 SUnreclaim:        70680 kB
Node 0 AnonHugePages:         0 kB
Node 0 ShmemHugePages:        0 kB
Node 0 ShmemPmdMapped:        0 kB
Node 0 FileHugePages:        0 kB
Node 0 FilePmdMapped:        0 kB
Node 0 HugePages_Total:     0
Node 0 HugePages_Free:      0
Node 0 HugePages_Surp:      0

Node 1 MemTotal:       24686196 kB
Node 1 MemFree:        23479260 kB
Node 1 MemUsed:         1206936 kB
Node 1 Active:            54140 kB
Node 1 Inactive:          85448 kB
Node 1 Active(anon):      12464 kB
Node 1 Inactive(anon):      516 kB
Node 1 Active(file):      41676 kB
Node 1 Inactive(file):    84932 kB
Node 1 Unevictable:        1300 kB
Node 1 Mlocked:            1300 kB
Node 1 Dirty:                 4 kB
Node 1 Writeback:             0 kB
Node 1 FilePages:        128608 kB
Node 1 Mapped:            17072 kB
Node 1 AnonPages:         12280 kB
Node 1 Shmem:               704 kB
Node 1 KernelStack:        2664 kB
Node 1 PageTables:          492 kB
Node 1 NFS_Unstable:          0 kB
Node 1 Bounce:                0 kB
Node 1 WritebackTmp:          0 kB
Node 1 KReclaimable:      19368 kB
Node 1 Slab:              57176 kB
Node 1 SReclaimable:      19368 kB
Node 1 SUnreclaim:        37808 kB
Node 1 AnonHugePages:         0 kB
Node 1 ShmemHugePages:        0 kB
Node 1 ShmemPmdMapped:        0 kB
Node 1 FileHugePages:        0 kB
Node 1 FilePmdMapped:        0 kB
Node 1 HugePages_Total:     0
Node 1 HugePages_Free:      0
Node 1 HugePages_Surp:      0

After Opposite Node
Node 0 MemTotal:       24743744 kB
Node 0 MemFree:        15955152 kB
Node 0 MemUsed:         8788592 kB
Node 0 Active:            46880 kB
Node 0 Inactive:         114920 kB
Node 0 Active(anon):      20812 kB
Node 0 Inactive(anon):      424 kB
Node 0 Active(file):      26068 kB
Node 0 Inactive(file):   114496 kB
Node 0 Unevictable:       17456 kB
Node 0 Mlocked:           17456 kB
Node 0 Dirty:                72 kB
Node 0 Writeback:             0 kB
Node 0 FilePages:        148024 kB
Node 0 Mapped:            30656 kB
Node 0 AnonPages:         31228 kB
Node 0 Shmem:               564 kB
Node 0 KernelStack:        1864 kB
Node 0 PageTables:          544 kB
Node 0 NFS_Unstable:          0 kB
Node 0 Bounce:                0 kB
Node 0 WritebackTmp:          0 kB
Node 0 KReclaimable:      25372 kB
Node 0 Slab:              96160 kB
Node 0 SReclaimable:      25372 kB
Node 0 SUnreclaim:        70788 kB
Node 0 AnonHugePages:         0 kB
Node 0 ShmemHugePages:        0 kB
Node 0 ShmemPmdMapped:        0 kB
Node 0 FileHugePages:        0 kB
Node 0 FilePmdMapped:        0 kB
Node 0 HugePages_Total:     0
Node 0 HugePages_Free:      0
Node 0 HugePages_Surp:      0

Node 1 MemTotal:       24686196 kB
Node 1 MemFree:        23478784 kB
Node 1 MemUsed:         1207412 kB
Node 1 Active:            54348 kB
Node 1 Inactive:          85492 kB
Node 1 Active(anon):      12656 kB
Node 1 Inactive(anon):      552 kB
Node 1 Active(file):      41692 kB
Node 1 Inactive(file):    84940 kB
Node 1 Unevictable:        1300 kB
Node 1 Mlocked:            1300 kB
Node 1 Dirty:                24 kB
Node 1 Writeback:             0 kB
Node 1 FilePages:        128676 kB
Node 1 Mapped:            17116 kB
Node 1 AnonPages:         12332 kB
Node 1 Shmem:               748 kB
Node 1 KernelStack:        2664 kB
Node 1 PageTables:          608 kB
Node 1 NFS_Unstable:          0 kB
Node 1 Bounce:                0 kB
Node 1 WritebackTmp:          0 kB
Node 1 KReclaimable:      19416 kB
Node 1 Slab:              57360 kB
Node 1 SReclaimable:      19416 kB
Node 1 SUnreclaim:        37944 kB
Node 1 AnonHugePages:         0 kB
Node 1 ShmemHugePages:        0 kB
Node 1 ShmemPmdMapped:        0 kB
Node 1 FileHugePages:        0 kB
Node 1 FilePmdMapped:        0 kB
Node 1 HugePages_Total:     0
Node 1 HugePages_Free:      0
Node 1 HugePages_Surp:      0

B.0.randomfio.8G.2.O.1M Complete!
