kernel.numa_balancing = 0
215 Tests Remaining!
B.0.randomfio.2G.2.O.1M
Begin
Node 0 MemTotal:       24743736 kB
Node 0 MemFree:        24291764 kB
Node 0 MemUsed:          451972 kB
Node 0 Active:            53900 kB
Node 0 Inactive:         117560 kB
Node 0 Active(anon):      11644 kB
Node 0 Inactive(anon):      540 kB
Node 0 Active(file):      42256 kB
Node 0 Inactive(file):   117020 kB
Node 0 Unevictable:        4856 kB
Node 0 Mlocked:            4856 kB
Node 0 Dirty:               120 kB
Node 0 Writeback:             0 kB
Node 0 FilePages:        164860 kB
Node 0 Mapped:            69188 kB
Node 0 AnonPages:         11560 kB
Node 0 Shmem:               724 kB
Node 0 KernelStack:        1784 kB
Node 0 PageTables:          728 kB
Node 0 NFS_Unstable:          0 kB
Node 0 Bounce:                0 kB
Node 0 WritebackTmp:          0 kB
Node 0 KReclaimable:      23536 kB
Node 0 Slab:              54836 kB
Node 0 SReclaimable:      23536 kB
Node 0 SUnreclaim:        31300 kB
Node 0 AnonHugePages:         0 kB
Node 0 ShmemHugePages:        0 kB
Node 0 ShmemPmdMapped:        0 kB
Node 0 FileHugePages:        0 kB
Node 0 FilePmdMapped:        0 kB
Node 0 HugePages_Total:     0
Node 0 HugePages_Free:      0
Node 0 HugePages_Surp:      0

Node 1 MemTotal:       24686196 kB
Node 1 MemFree:        24469712 kB
Node 1 MemUsed:          216484 kB
Node 1 Active:            44872 kB
Node 1 Inactive:          27976 kB
Node 1 Active(anon):      23648 kB
Node 1 Inactive(anon):      344 kB
Node 1 Active(file):      21224 kB
Node 1 Inactive(file):    27632 kB
Node 1 Unevictable:       13664 kB
Node 1 Mlocked:           13664 kB
Node 1 Dirty:                48 kB
Node 1 Writeback:             0 kB
Node 1 FilePages:         52744 kB
Node 1 Mapped:            15976 kB
Node 1 AnonPages:         33544 kB
Node 1 Shmem:               544 kB
Node 1 KernelStack:        2088 kB
Node 1 PageTables:          748 kB
Node 1 NFS_Unstable:          0 kB
Node 1 Bounce:                0 kB
Node 1 WritebackTmp:          0 kB
Node 1 KReclaimable:      18820 kB
Node 1 Slab:              52328 kB
Node 1 SReclaimable:      18820 kB
Node 1 SUnreclaim:        33508 kB
Node 1 AnonHugePages:         0 kB
Node 1 ShmemHugePages:        0 kB
Node 1 ShmemPmdMapped:        0 kB
Node 1 FileHugePages:        0 kB
Node 1 FilePmdMapped:        0 kB
Node 1 HugePages_Total:     0
Node 1 HugePages_Free:      0
Node 1 HugePages_Surp:      0

Load ZFS
Node 0 MemTotal:       24743736 kB
Node 0 MemFree:        24384432 kB
Node 0 MemUsed:          359304 kB
Node 0 Active:            70560 kB
Node 0 Inactive:         137552 kB
Node 0 Active(anon):      26708 kB
Node 0 Inactive(anon):      488 kB
Node 0 Active(file):      43852 kB
Node 0 Inactive(file):   137064 kB
Node 0 Unevictable:        4856 kB
Node 0 Mlocked:            4856 kB
Node 0 Dirty:               448 kB
Node 0 Writeback:             0 kB
Node 0 FilePages:        186392 kB
Node 0 Mapped:            71480 kB
Node 0 AnonPages:         26580 kB
Node 0 Shmem:               620 kB
Node 0 KernelStack:        1912 kB
Node 0 PageTables:         1472 kB
Node 0 NFS_Unstable:          0 kB
Node 0 Bounce:                0 kB
Node 0 WritebackTmp:          0 kB
Node 0 KReclaimable:      24044 kB
Node 0 Slab:              56276 kB
Node 0 SReclaimable:      24044 kB
Node 0 SUnreclaim:        32232 kB
Node 0 AnonHugePages:         0 kB
Node 0 ShmemHugePages:        0 kB
Node 0 ShmemPmdMapped:        0 kB
Node 0 FileHugePages:        0 kB
Node 0 FilePmdMapped:        0 kB
Node 0 HugePages_Total:     0
Node 0 HugePages_Free:      0
Node 0 HugePages_Surp:      0

Node 1 MemTotal:       24686196 kB
Node 1 MemFree:        24233728 kB
Node 1 MemUsed:          452468 kB
Node 1 Active:            54120 kB
Node 1 Inactive:         111688 kB
Node 1 Active(anon):      32168 kB
Node 1 Inactive(anon):      456 kB
Node 1 Active(file):      21952 kB
Node 1 Inactive(file):   111232 kB
Node 1 Unevictable:       13880 kB
Node 1 Mlocked:           13880 kB
Node 1 Dirty:                48 kB
Node 1 Writeback:             0 kB
Node 1 FilePages:        137168 kB
Node 1 Mapped:            17496 kB
Node 1 AnonPages:         42856 kB
Node 1 Shmem:               648 kB
Node 1 KernelStack:        2324 kB
Node 1 PageTables:         1476 kB
Node 1 NFS_Unstable:          0 kB
Node 1 Bounce:                0 kB
Node 1 WritebackTmp:          0 kB
Node 1 KReclaimable:      19728 kB
Node 1 Slab:              56220 kB
Node 1 SReclaimable:      19728 kB
Node 1 SUnreclaim:        36492 kB
Node 1 AnonHugePages:         0 kB
Node 1 ShmemHugePages:        0 kB
Node 1 ShmemPmdMapped:        0 kB
Node 1 FileHugePages:        0 kB
Node 1 FilePmdMapped:        0 kB
Node 1 HugePages_Total:     0
Node 1 HugePages_Free:      0
Node 1 HugePages_Surp:      0

Import tank ZPool
Node 0 MemTotal:       24743736 kB
Node 0 MemFree:        24392388 kB
Node 0 MemUsed:          351348 kB
Node 0 Active:            56536 kB
Node 0 Inactive:         138396 kB
Node 0 Active(anon):      11832 kB
Node 0 Inactive(anon):      488 kB
Node 0 Active(file):      44704 kB
Node 0 Inactive(file):   137908 kB
Node 0 Unevictable:        4856 kB
Node 0 Mlocked:            4856 kB
Node 0 Dirty:               524 kB
Node 0 Writeback:             0 kB
Node 0 FilePages:        188088 kB
Node 0 Mapped:            69472 kB
Node 0 AnonPages:         11632 kB
Node 0 Shmem:               616 kB
Node 0 KernelStack:        1768 kB
Node 0 PageTables:          904 kB
Node 0 NFS_Unstable:          0 kB
Node 0 Bounce:                0 kB
Node 0 WritebackTmp:          0 kB
Node 0 KReclaimable:      24220 kB
Node 0 Slab:              61420 kB
Node 0 SReclaimable:      24220 kB
Node 0 SUnreclaim:        37200 kB
Node 0 AnonHugePages:         0 kB
Node 0 ShmemHugePages:        0 kB
Node 0 ShmemPmdMapped:        0 kB
Node 0 FileHugePages:        0 kB
Node 0 FilePmdMapped:        0 kB
Node 0 HugePages_Total:     0
Node 0 HugePages_Free:      0
Node 0 HugePages_Surp:      0

Node 1 MemTotal:       24686196 kB
Node 1 MemFree:        24227728 kB
Node 1 MemUsed:          458468 kB
Node 1 Active:            44548 kB
Node 1 Inactive:         111476 kB
Node 1 Active(anon):      22344 kB
Node 1 Inactive(anon):      460 kB
Node 1 Active(file):      22204 kB
Node 1 Inactive(file):   111016 kB
Node 1 Unevictable:       13896 kB
Node 1 Mlocked:           13896 kB
Node 1 Dirty:                52 kB
Node 1 Writeback:             0 kB
Node 1 FilePages:        137208 kB
Node 1 Mapped:            16008 kB
Node 1 AnonPages:         32424 kB
Node 1 Shmem:               652 kB
Node 1 KernelStack:        3064 kB
Node 1 PageTables:          716 kB
Node 1 NFS_Unstable:          0 kB
Node 1 Bounce:                0 kB
Node 1 WritebackTmp:          0 kB
Node 1 KReclaimable:      19744 kB
Node 1 Slab:              58236 kB
Node 1 SReclaimable:      19744 kB
Node 1 SUnreclaim:        38492 kB
Node 1 AnonHugePages:         0 kB
Node 1 ShmemHugePages:        0 kB
Node 1 ShmemPmdMapped:        0 kB
Node 1 FileHugePages:        0 kB
Node 1 FilePmdMapped:        0 kB
Node 1 HugePages_Total:     0
Node 1 HugePages_Free:      0
Node 1 HugePages_Surp:      0

After Test
Node 0 MemTotal:       24743736 kB
Node 0 MemFree:        22286356 kB
Node 0 MemUsed:         2457380 kB
Node 0 Active:            57820 kB
Node 0 Inactive:         139112 kB
Node 0 Active(anon):      11680 kB
Node 0 Inactive(anon):      512 kB
Node 0 Active(file):      46140 kB
Node 0 Inactive(file):   138600 kB
Node 0 Unevictable:        4856 kB
Node 0 Mlocked:            4856 kB
Node 0 Dirty:                20 kB
Node 0 Writeback:             0 kB
Node 0 FilePages:        190256 kB
Node 0 Mapped:            69472 kB
Node 0 AnonPages:         11508 kB
Node 0 Shmem:               660 kB
Node 0 KernelStack:        1656 kB
Node 0 PageTables:          780 kB
Node 0 NFS_Unstable:          0 kB
Node 0 Bounce:                0 kB
Node 0 WritebackTmp:          0 kB
Node 0 KReclaimable:      25532 kB
Node 0 Slab:              72408 kB
Node 0 SReclaimable:      25532 kB
Node 0 SUnreclaim:        46876 kB
Node 0 AnonHugePages:         0 kB
Node 0 ShmemHugePages:        0 kB
Node 0 ShmemPmdMapped:        0 kB
Node 0 FileHugePages:        0 kB
Node 0 FilePmdMapped:        0 kB
Node 0 HugePages_Total:     0
Node 0 HugePages_Free:      0
Node 0 HugePages_Surp:      0

Node 1 MemTotal:       24686196 kB
Node 1 MemFree:        23417540 kB
Node 1 MemUsed:         1268656 kB
Node 1 Active:            44188 kB
Node 1 Inactive:         111468 kB
Node 1 Active(anon):      21924 kB
Node 1 Inactive(anon):      456 kB
Node 1 Active(file):      22264 kB
Node 1 Inactive(file):   111012 kB
Node 1 Unevictable:       13896 kB
Node 1 Mlocked:           13896 kB
Node 1 Dirty:                12 kB
Node 1 Writeback:             0 kB
Node 1 FilePages:        137264 kB
Node 1 Mapped:            15964 kB
Node 1 AnonPages:         32288 kB
Node 1 Shmem:               652 kB
Node 1 KernelStack:        3000 kB
Node 1 PageTables:          592 kB
Node 1 NFS_Unstable:          0 kB
Node 1 Bounce:                0 kB
Node 1 WritebackTmp:          0 kB
Node 1 KReclaimable:      19944 kB
Node 1 Slab:              62484 kB
Node 1 SReclaimable:      19944 kB
Node 1 SUnreclaim:        42540 kB
Node 1 AnonHugePages:         0 kB
Node 1 ShmemHugePages:        0 kB
Node 1 ShmemPmdMapped:        0 kB
Node 1 FileHugePages:        0 kB
Node 1 FilePmdMapped:        0 kB
Node 1 HugePages_Total:     0
Node 1 HugePages_Free:      0
Node 1 HugePages_Surp:      0

After Opposite Node
Node 0 MemTotal:       24743736 kB
Node 0 MemFree:        22286848 kB
Node 0 MemUsed:         2456888 kB
Node 0 Active:            57828 kB
Node 0 Inactive:         138900 kB
Node 0 Active(anon):      11356 kB
Node 0 Inactive(anon):      484 kB
Node 0 Active(file):      46472 kB
Node 0 Inactive(file):   138416 kB
Node 0 Unevictable:        4856 kB
Node 0 Mlocked:            4856 kB
Node 0 Dirty:                40 kB
Node 0 Writeback:             0 kB
Node 0 FilePages:        190360 kB
Node 0 Mapped:            69416 kB
Node 0 AnonPages:         11224 kB
Node 0 Shmem:               616 kB
Node 0 KernelStack:        1624 kB
Node 0 PageTables:          604 kB
Node 0 NFS_Unstable:          0 kB
Node 0 Bounce:                0 kB
Node 0 WritebackTmp:          0 kB
Node 0 KReclaimable:      25544 kB
Node 0 Slab:              72640 kB
Node 0 SReclaimable:      25544 kB
Node 0 SUnreclaim:        47096 kB
Node 0 AnonHugePages:         0 kB
Node 0 ShmemHugePages:        0 kB
Node 0 ShmemPmdMapped:        0 kB
Node 0 FileHugePages:        0 kB
Node 0 FilePmdMapped:        0 kB
Node 0 HugePages_Total:     0
Node 0 HugePages_Free:      0
Node 0 HugePages_Surp:      0

Node 1 MemTotal:       24686196 kB
Node 1 MemFree:        23415796 kB
Node 1 MemUsed:         1270400 kB
Node 1 Active:            44408 kB
Node 1 Inactive:         111512 kB
Node 1 Active(anon):      22136 kB
Node 1 Inactive(anon):      492 kB
Node 1 Active(file):      22272 kB
Node 1 Inactive(file):   111020 kB
Node 1 Unevictable:       13896 kB
Node 1 Mlocked:           13896 kB
Node 1 Dirty:                20 kB
Node 1 Writeback:             0 kB
Node 1 FilePages:        137324 kB
Node 1 Mapped:            16008 kB
Node 1 AnonPages:         32352 kB
Node 1 Shmem:               696 kB
Node 1 KernelStack:        3016 kB
Node 1 PageTables:          704 kB
Node 1 NFS_Unstable:          0 kB
Node 1 Bounce:                0 kB
Node 1 WritebackTmp:          0 kB
Node 1 KReclaimable:      19976 kB
Node 1 Slab:              62672 kB
Node 1 SReclaimable:      19976 kB
Node 1 SUnreclaim:        42696 kB
Node 1 AnonHugePages:         0 kB
Node 1 ShmemHugePages:        0 kB
Node 1 ShmemPmdMapped:        0 kB
Node 1 FileHugePages:        0 kB
Node 1 FilePmdMapped:        0 kB
Node 1 HugePages_Total:     0
Node 1 HugePages_Free:      0
Node 1 HugePages_Surp:      0

B.0.randomfio.2G.2.O.1M Complete!
