kernel.numa_balancing = 0
245 Tests Remaining!
B.0.randomfio.8G.3.O.1M
Begin
Node 0 MemTotal:       24768352 kB
Node 0 MemFree:        24507656 kB
Node 0 MemUsed:          260696 kB
Node 0 Active:            44012 kB
Node 0 Inactive:          71156 kB
Node 0 Active(anon):      22692 kB
Node 0 Inactive(anon):      480 kB
Node 0 Active(file):      21320 kB
Node 0 Inactive(file):    70676 kB
Node 0 Unevictable:        4736 kB
Node 0 Mlocked:            4736 kB
Node 0 Dirty:               152 kB
Node 0 Writeback:             0 kB
Node 0 FilePages:         97396 kB
Node 0 Mapped:            44276 kB
Node 0 AnonPages:         22252 kB
Node 0 Shmem:               668 kB
Node 0 KernelStack:        2504 kB
Node 0 PageTables:          812 kB
Node 0 NFS_Unstable:          0 kB
Node 0 Bounce:                0 kB
Node 0 WritebackTmp:          0 kB
Node 0 KReclaimable:      18988 kB
Node 0 Slab:              54620 kB
Node 0 SReclaimable:      18988 kB
Node 0 SUnreclaim:        35632 kB
Node 0 AnonHugePages:         0 kB
Node 0 ShmemHugePages:        0 kB
Node 0 ShmemPmdMapped:        0 kB
Node 0 FileHugePages:        0 kB
Node 0 FilePmdMapped:        0 kB
Node 0 HugePages_Total:     0
Node 0 HugePages_Free:      0
Node 0 HugePages_Surp:      0

Node 1 MemTotal:       24661580 kB
Node 1 MemFree:        24271964 kB
Node 1 MemUsed:          389616 kB
Node 1 Active:            55180 kB
Node 1 Inactive:          55404 kB
Node 1 Active(anon):      11916 kB
Node 1 Inactive(anon):      392 kB
Node 1 Active(file):      43264 kB
Node 1 Inactive(file):    55012 kB
Node 1 Unevictable:       13784 kB
Node 1 Mlocked:           13784 kB
Node 1 Dirty:               388 kB
Node 1 Writeback:             0 kB
Node 1 FilePages:        102352 kB
Node 1 Mapped:            26432 kB
Node 1 AnonPages:         22084 kB
Node 1 Shmem:               600 kB
Node 1 KernelStack:        1352 kB
Node 1 PageTables:          560 kB
Node 1 NFS_Unstable:          0 kB
Node 1 Bounce:                0 kB
Node 1 WritebackTmp:          0 kB
Node 1 KReclaimable:      23572 kB
Node 1 Slab:              52888 kB
Node 1 SReclaimable:      23572 kB
Node 1 SUnreclaim:        29316 kB
Node 1 AnonHugePages:         0 kB
Node 1 ShmemHugePages:        0 kB
Node 1 ShmemPmdMapped:        0 kB
Node 1 FileHugePages:        0 kB
Node 1 FilePmdMapped:        0 kB
Node 1 HugePages_Total:     0
Node 1 HugePages_Free:      0
Node 1 HugePages_Surp:      0

Load ZFS
Node 0 MemTotal:       24768352 kB
Node 0 MemFree:        24477384 kB
Node 0 MemUsed:          290968 kB
Node 0 Active:            61724 kB
Node 0 Inactive:          76964 kB
Node 0 Active(anon):      39052 kB
Node 0 Inactive(anon):      532 kB
Node 0 Active(file):      22672 kB
Node 0 Inactive(file):    76432 kB
Node 0 Unevictable:        4736 kB
Node 0 Mlocked:            4736 kB
Node 0 Dirty:               428 kB
Node 0 Writeback:             0 kB
Node 0 FilePages:        104532 kB
Node 0 Mapped:            46548 kB
Node 0 AnonPages:         39116 kB
Node 0 Shmem:               696 kB
Node 0 KernelStack:        2796 kB
Node 0 PageTables:         2140 kB
Node 0 NFS_Unstable:          0 kB
Node 0 Bounce:                0 kB
Node 0 WritebackTmp:          0 kB
Node 0 KReclaimable:      19396 kB
Node 0 Slab:              56256 kB
Node 0 SReclaimable:      19396 kB
Node 0 SUnreclaim:        36860 kB
Node 0 AnonHugePages:         0 kB
Node 0 ShmemHugePages:        0 kB
Node 0 ShmemPmdMapped:        0 kB
Node 0 FileHugePages:        0 kB
Node 0 FilePmdMapped:        0 kB
Node 0 HugePages_Total:     0
Node 0 HugePages_Free:      0
Node 0 HugePages_Surp:      0

Node 1 MemTotal:       24661580 kB
Node 1 MemFree:        24156524 kB
Node 1 MemUsed:          505056 kB
Node 1 Active:            65576 kB
Node 1 Inactive:         153016 kB
Node 1 Active(anon):      21012 kB
Node 1 Inactive(anon):      408 kB
Node 1 Active(file):      44564 kB
Node 1 Inactive(file):   152608 kB
Node 1 Unevictable:       13984 kB
Node 1 Mlocked:           13984 kB
Node 1 Dirty:               212 kB
Node 1 Writeback:             0 kB
Node 1 FilePages:        201204 kB
Node 1 Mapped:            28296 kB
Node 1 AnonPages:         31336 kB
Node 1 Shmem:               572 kB
Node 1 KernelStack:        1364 kB
Node 1 PageTables:         1288 kB
Node 1 NFS_Unstable:          0 kB
Node 1 Bounce:                0 kB
Node 1 WritebackTmp:          0 kB
Node 1 KReclaimable:      24324 kB
Node 1 Slab:              56708 kB
Node 1 SReclaimable:      24324 kB
Node 1 SUnreclaim:        32384 kB
Node 1 AnonHugePages:         0 kB
Node 1 ShmemHugePages:        0 kB
Node 1 ShmemPmdMapped:        0 kB
Node 1 FileHugePages:        0 kB
Node 1 FilePmdMapped:        0 kB
Node 1 HugePages_Total:     0
Node 1 HugePages_Free:      0
Node 1 HugePages_Surp:      0

Import tank ZPool
Node 0 MemTotal:       24768352 kB
Node 0 MemFree:        24466568 kB
Node 0 MemUsed:          301784 kB
Node 0 Active:            61632 kB
Node 0 Inactive:          76964 kB
Node 0 Active(anon):      38960 kB
Node 0 Inactive(anon):      528 kB
Node 0 Active(file):      22672 kB
Node 0 Inactive(file):    76436 kB
Node 0 Unevictable:        4736 kB
Node 0 Mlocked:            4736 kB
Node 0 Dirty:               496 kB
Node 0 Writeback:             0 kB
Node 0 FilePages:        104564 kB
Node 0 Mapped:            46308 kB
Node 0 AnonPages:         38804 kB
Node 0 Shmem:               684 kB
Node 0 KernelStack:        2888 kB
Node 0 PageTables:         2080 kB
Node 0 NFS_Unstable:          0 kB
Node 0 Bounce:                0 kB
Node 0 WritebackTmp:          0 kB
Node 0 KReclaimable:      19396 kB
Node 0 Slab:              56996 kB
Node 0 SReclaimable:      19396 kB
Node 0 SUnreclaim:        37600 kB
Node 0 AnonHugePages:         0 kB
Node 0 ShmemHugePages:        0 kB
Node 0 ShmemPmdMapped:        0 kB
Node 0 FileHugePages:        0 kB
Node 0 FilePmdMapped:        0 kB
Node 0 HugePages_Total:     0
Node 0 HugePages_Free:      0
Node 0 HugePages_Surp:      0

Node 1 MemTotal:       24661580 kB
Node 1 MemFree:        24148216 kB
Node 1 MemUsed:          513364 kB
Node 1 Active:            65908 kB
Node 1 Inactive:         154232 kB
Node 1 Active(anon):      21072 kB
Node 1 Inactive(anon):      420 kB
Node 1 Active(file):      44836 kB
Node 1 Inactive(file):   153812 kB
Node 1 Unevictable:       14016 kB
Node 1 Mlocked:           14016 kB
Node 1 Dirty:               120 kB
Node 1 Writeback:             0 kB
Node 1 FilePages:        202708 kB
Node 1 Mapped:            28344 kB
Node 1 AnonPages:         31228 kB
Node 1 Shmem:               584 kB
Node 1 KernelStack:        2360 kB
Node 1 PageTables:          908 kB
Node 1 NFS_Unstable:          0 kB
Node 1 Bounce:                0 kB
Node 1 WritebackTmp:          0 kB
Node 1 KReclaimable:      24460 kB
Node 1 Slab:              63036 kB
Node 1 SReclaimable:      24460 kB
Node 1 SUnreclaim:        38576 kB
Node 1 AnonHugePages:         0 kB
Node 1 ShmemHugePages:        0 kB
Node 1 ShmemPmdMapped:        0 kB
Node 1 FileHugePages:        0 kB
Node 1 FilePmdMapped:        0 kB
Node 1 HugePages_Total:     0
Node 1 HugePages_Free:      0
Node 1 HugePages_Surp:      0

After Test
Node 0 MemTotal:       24768352 kB
Node 0 MemFree:        16024808 kB
Node 0 MemUsed:         8743544 kB
Node 0 Active:            45232 kB
Node 0 Inactive:          77776 kB
Node 0 Active(anon):      21204 kB
Node 0 Inactive(anon):      556 kB
Node 0 Active(file):      24028 kB
Node 0 Inactive(file):    77220 kB
Node 0 Unevictable:        4736 kB
Node 0 Mlocked:            4736 kB
Node 0 Dirty:                 8 kB
Node 0 Writeback:             0 kB
Node 0 FilePages:        106708 kB
Node 0 Mapped:            44692 kB
Node 0 AnonPages:         20900 kB
Node 0 Shmem:               728 kB
Node 0 KernelStack:        2412 kB
Node 0 PageTables:          804 kB
Node 0 NFS_Unstable:          0 kB
Node 0 Bounce:                0 kB
Node 0 WritebackTmp:          0 kB
Node 0 KReclaimable:      20752 kB
Node 0 Slab:              88140 kB
Node 0 SReclaimable:      20752 kB
Node 0 SUnreclaim:        67388 kB
Node 0 AnonHugePages:         0 kB
Node 0 ShmemHugePages:        0 kB
Node 0 ShmemPmdMapped:        0 kB
Node 0 FileHugePages:        0 kB
Node 0 FilePmdMapped:        0 kB
Node 0 HugePages_Total:     0
Node 0 HugePages_Free:      0
Node 0 HugePages_Surp:      0

Node 1 MemTotal:       24661580 kB
Node 1 MemFree:        23375492 kB
Node 1 MemUsed:         1286088 kB
Node 1 Active:            57768 kB
Node 1 Inactive:         153596 kB
Node 1 Active(anon):      12100 kB
Node 1 Inactive(anon):      420 kB
Node 1 Active(file):      45668 kB
Node 1 Inactive(file):   153176 kB
Node 1 Unevictable:       14016 kB
Node 1 Mlocked:           14016 kB
Node 1 Dirty:                 0 kB
Node 1 Writeback:             0 kB
Node 1 FilePages:        202888 kB
Node 1 Mapped:            26280 kB
Node 1 AnonPages:         22492 kB
Node 1 Shmem:               584 kB
Node 1 KernelStack:        2216 kB
Node 1 PageTables:          428 kB
Node 1 NFS_Unstable:          0 kB
Node 1 Bounce:                0 kB
Node 1 WritebackTmp:          0 kB
Node 1 KReclaimable:      24696 kB
Node 1 Slab:              67224 kB
Node 1 SReclaimable:      24696 kB
Node 1 SUnreclaim:        42528 kB
Node 1 AnonHugePages:         0 kB
Node 1 ShmemHugePages:        0 kB
Node 1 ShmemPmdMapped:        0 kB
Node 1 FileHugePages:        0 kB
Node 1 FilePmdMapped:        0 kB
Node 1 HugePages_Total:     0
Node 1 HugePages_Free:      0
Node 1 HugePages_Surp:      0

After Opposite Node
Node 0 MemTotal:       24768352 kB
Node 0 MemFree:        16024216 kB
Node 0 MemUsed:         8744136 kB
Node 0 Active:            45192 kB
Node 0 Inactive:          77596 kB
Node 0 Active(anon):      21004 kB
Node 0 Inactive(anon):      520 kB
Node 0 Active(file):      24188 kB
Node 0 Inactive(file):    77076 kB
Node 0 Unevictable:        4736 kB
Node 0 Mlocked:            4736 kB
Node 0 Dirty:                56 kB
Node 0 Writeback:             0 kB
Node 0 FilePages:        106680 kB
Node 0 Mapped:            44640 kB
Node 0 AnonPages:         20840 kB
Node 0 Shmem:               684 kB
Node 0 KernelStack:        2392 kB
Node 0 PageTables:          688 kB
Node 0 NFS_Unstable:          0 kB
Node 0 Bounce:                0 kB
Node 0 WritebackTmp:          0 kB
Node 0 KReclaimable:      20752 kB
Node 0 Slab:              88220 kB
Node 0 SReclaimable:      20752 kB
Node 0 SUnreclaim:        67468 kB
Node 0 AnonHugePages:         0 kB
Node 0 ShmemHugePages:        0 kB
Node 0 ShmemPmdMapped:        0 kB
Node 0 FileHugePages:        0 kB
Node 0 FilePmdMapped:        0 kB
Node 0 HugePages_Total:     0
Node 0 HugePages_Free:      0
Node 0 HugePages_Surp:      0

Node 1 MemTotal:       24661580 kB
Node 1 MemFree:        23377432 kB
Node 1 MemUsed:         1284148 kB
Node 1 Active:            58132 kB
Node 1 Inactive:         153624 kB
Node 1 Active(anon):      12308 kB
Node 1 Inactive(anon):      456 kB
Node 1 Active(file):      45824 kB
Node 1 Inactive(file):   153168 kB
Node 1 Unevictable:       14016 kB
Node 1 Mlocked:           14016 kB
Node 1 Dirty:                44 kB
Node 1 Writeback:             0 kB
Node 1 FilePages:        203080 kB
Node 1 Mapped:            26324 kB
Node 1 AnonPages:         22560 kB
Node 1 Shmem:               628 kB
Node 1 KernelStack:        2232 kB
Node 1 PageTables:          548 kB
Node 1 NFS_Unstable:          0 kB
Node 1 Bounce:                0 kB
Node 1 WritebackTmp:          0 kB
Node 1 KReclaimable:      24748 kB
Node 1 Slab:              67004 kB
Node 1 SReclaimable:      24748 kB
Node 1 SUnreclaim:        42256 kB
Node 1 AnonHugePages:         0 kB
Node 1 ShmemHugePages:        0 kB
Node 1 ShmemPmdMapped:        0 kB
Node 1 FileHugePages:        0 kB
Node 1 FilePmdMapped:        0 kB
Node 1 HugePages_Total:     0
Node 1 HugePages_Free:      0
Node 1 HugePages_Surp:      0

B.0.randomfio.8G.3.O.1M Complete!
