U.1.fio.2-1G.3.O
Begin
Node 0 MemTotal:       24768352 kB
Node 0 MemFree:        24397172 kB
Node 0 MemUsed:          371180 kB
Node 0 Active:            64320 kB
Node 0 Inactive:          19736 kB
Node 0 Active(anon):      20264 kB
Node 0 Inactive(anon):      488 kB
Node 0 Active(file):      44056 kB
Node 0 Inactive(file):    19248 kB
Node 0 Unevictable:        4456 kB
Node 0 Mlocked:            4456 kB
Node 0 Dirty:                36 kB
Node 0 Writeback:             0 kB
Node 0 FilePages:         68452 kB
Node 0 Mapped:            22132 kB
Node 0 AnonPages:         20148 kB
Node 0 Shmem:               684 kB
Node 0 KernelStack:        2056 kB
Node 0 PageTables:          544 kB
Node 0 NFS_Unstable:          0 kB
Node 0 Bounce:                0 kB
Node 0 WritebackTmp:          0 kB
Node 0 KReclaimable:      23016 kB
Node 0 Slab:              58816 kB
Node 0 SReclaimable:      23016 kB
Node 0 SUnreclaim:        35800 kB
Node 0 AnonHugePages:         0 kB
Node 0 ShmemHugePages:        0 kB
Node 0 ShmemPmdMapped:        0 kB
Node 0 FileHugePages:        0 kB
Node 0 FilePmdMapped:        0 kB
Node 0 HugePages_Total:     0
Node 0 HugePages_Free:      0
Node 0 HugePages_Surp:      0

Node 1 MemTotal:       24661580 kB
Node 1 MemFree:        24432184 kB
Node 1 MemUsed:          229396 kB
Node 1 Active:            29708 kB
Node 1 Inactive:          60224 kB
Node 1 Active(anon):      13460 kB
Node 1 Inactive(anon):      364 kB
Node 1 Active(file):      16248 kB
Node 1 Inactive(file):    59860 kB
Node 1 Unevictable:       14064 kB
Node 1 Mlocked:           14064 kB
Node 1 Dirty:               472 kB
Node 1 Writeback:             0 kB
Node 1 FilePages:         80444 kB
Node 1 Mapped:            18028 kB
Node 1 AnonPages:         23616 kB
Node 1 Shmem:               584 kB
Node 1 KernelStack:        1560 kB
Node 1 PageTables:          496 kB
Node 1 NFS_Unstable:          0 kB
Node 1 Bounce:                0 kB
Node 1 WritebackTmp:          0 kB
Node 1 KReclaimable:      18928 kB
Node 1 Slab:              48252 kB
Node 1 SReclaimable:      18928 kB
Node 1 SUnreclaim:        29324 kB
Node 1 AnonHugePages:         0 kB
Node 1 ShmemHugePages:        0 kB
Node 1 ShmemPmdMapped:        0 kB
Node 1 FileHugePages:        0 kB
Node 1 FilePmdMapped:        0 kB
Node 1 HugePages_Total:     0
Node 1 HugePages_Free:      0
Node 1 HugePages_Surp:      0

Load ZFS
Node 0 MemTotal:       24768352 kB
Node 0 MemFree:        24392136 kB
Node 0 MemUsed:          376216 kB
Node 0 Active:            71516 kB
Node 0 Inactive:          15828 kB
Node 0 Active(anon):      21968 kB
Node 0 Inactive(anon):      488 kB
Node 0 Active(file):      49548 kB
Node 0 Inactive(file):    15340 kB
Node 0 Unevictable:        4456 kB
Node 0 Mlocked:            4456 kB
Node 0 Dirty:                40 kB
Node 0 Writeback:             0 kB
Node 0 FilePages:         70024 kB
Node 0 Mapped:            22132 kB
Node 0 AnonPages:         21720 kB
Node 0 Shmem:               684 kB
Node 0 KernelStack:        2136 kB
Node 0 PageTables:          660 kB
Node 0 NFS_Unstable:          0 kB
Node 0 Bounce:                0 kB
Node 0 WritebackTmp:          0 kB
Node 0 KReclaimable:      23456 kB
Node 0 Slab:              60052 kB
Node 0 SReclaimable:      23456 kB
Node 0 SUnreclaim:        36596 kB
Node 0 AnonHugePages:         0 kB
Node 0 ShmemHugePages:        0 kB
Node 0 ShmemPmdMapped:        0 kB
Node 0 FileHugePages:        0 kB
Node 0 FilePmdMapped:        0 kB
Node 0 HugePages_Total:     0
Node 0 HugePages_Free:      0
Node 0 HugePages_Surp:      0

Node 1 MemTotal:       24661580 kB
Node 1 MemFree:        24428864 kB
Node 1 MemUsed:          232716 kB
Node 1 Active:            31032 kB
Node 1 Inactive:          60048 kB
Node 1 Active(anon):      13512 kB
Node 1 Inactive(anon):      364 kB
Node 1 Active(file):      17520 kB
Node 1 Inactive(file):    59684 kB
Node 1 Unevictable:       14064 kB
Node 1 Mlocked:           14064 kB
Node 1 Dirty:               504 kB
Node 1 Writeback:             0 kB
Node 1 FilePages:         81528 kB
Node 1 Mapped:            18192 kB
Node 1 AnonPages:         23616 kB
Node 1 Shmem:               584 kB
Node 1 KernelStack:        1528 kB
Node 1 PageTables:          496 kB
Node 1 NFS_Unstable:          0 kB
Node 1 Bounce:                0 kB
Node 1 WritebackTmp:          0 kB
Node 1 KReclaimable:      19408 kB
Node 1 Slab:              50264 kB
Node 1 SReclaimable:      19408 kB
Node 1 SUnreclaim:        30856 kB
Node 1 AnonHugePages:         0 kB
Node 1 ShmemHugePages:        0 kB
Node 1 ShmemPmdMapped:        0 kB
Node 1 FileHugePages:        0 kB
Node 1 FilePmdMapped:        0 kB
Node 1 HugePages_Total:     0
Node 1 HugePages_Free:      0
Node 1 HugePages_Surp:      0

Import tank ZPool
Node 0 MemTotal:       24768352 kB
Node 0 MemFree:        24380256 kB
Node 0 MemUsed:          388096 kB
Node 0 Active:            71540 kB
Node 0 Inactive:          15832 kB
Node 0 Active(anon):      21968 kB
Node 0 Inactive(anon):      488 kB
Node 0 Active(file):      49572 kB
Node 0 Inactive(file):    15344 kB
Node 0 Unevictable:        4456 kB
Node 0 Mlocked:            4456 kB
Node 0 Dirty:                64 kB
Node 0 Writeback:             0 kB
Node 0 FilePages:         70048 kB
Node 0 Mapped:            22444 kB
Node 0 AnonPages:         21836 kB
Node 0 Shmem:               680 kB
Node 0 KernelStack:        3224 kB
Node 0 PageTables:          632 kB
Node 0 NFS_Unstable:          0 kB
Node 0 Bounce:                0 kB
Node 0 WritebackTmp:          0 kB
Node 0 KReclaimable:      23464 kB
Node 0 Slab:              62480 kB
Node 0 SReclaimable:      23464 kB
Node 0 SUnreclaim:        39016 kB
Node 0 AnonHugePages:         0 kB
Node 0 ShmemHugePages:        0 kB
Node 0 ShmemPmdMapped:        0 kB
Node 0 FileHugePages:        0 kB
Node 0 FilePmdMapped:        0 kB
Node 0 HugePages_Total:     0
Node 0 HugePages_Free:      0
Node 0 HugePages_Surp:      0

Node 1 MemTotal:       24661580 kB
Node 1 MemFree:        24423404 kB
Node 1 MemUsed:          238176 kB
Node 1 Active:            31596 kB
Node 1 Inactive:          61236 kB
Node 1 Active(anon):      13744 kB
Node 1 Inactive(anon):      368 kB
Node 1 Active(file):      17852 kB
Node 1 Inactive(file):    60868 kB
Node 1 Unevictable:       14064 kB
Node 1 Mlocked:           14064 kB
Node 1 Dirty:               160 kB
Node 1 Writeback:             0 kB
Node 1 FilePages:         83088 kB
Node 1 Mapped:            18256 kB
Node 1 AnonPages:         23912 kB
Node 1 Shmem:               588 kB
Node 1 KernelStack:        1560 kB
Node 1 PageTables:          608 kB
Node 1 NFS_Unstable:          0 kB
Node 1 Bounce:                0 kB
Node 1 WritebackTmp:          0 kB
Node 1 KReclaimable:      19524 kB
Node 1 Slab:              54756 kB
Node 1 SReclaimable:      19524 kB
Node 1 SUnreclaim:        35232 kB
Node 1 AnonHugePages:         0 kB
Node 1 ShmemHugePages:        0 kB
Node 1 ShmemPmdMapped:        0 kB
Node 1 FileHugePages:        0 kB
Node 1 FilePmdMapped:        0 kB
Node 1 HugePages_Total:     0
Node 1 HugePages_Free:      0
Node 1 HugePages_Surp:      0

After Opposite Node
Node 0 MemTotal:       24768352 kB
Node 0 MemFree:        22606808 kB
Node 0 MemUsed:         2161544 kB
Node 0 Active:            69904 kB
Node 0 Inactive:          16988 kB
Node 0 Active(anon):      19388 kB
Node 0 Inactive(anon):      532 kB
Node 0 Active(file):      50516 kB
Node 0 Inactive(file):    16456 kB
Node 0 Unevictable:        4456 kB
Node 0 Mlocked:            4456 kB
Node 0 Dirty:                 8 kB
Node 0 Writeback:             0 kB
Node 0 FilePages:         72148 kB
Node 0 Mapped:            22368 kB
Node 0 AnonPages:         19116 kB
Node 0 Shmem:               724 kB
Node 0 KernelStack:        3176 kB
Node 0 PageTables:          660 kB
Node 0 NFS_Unstable:          0 kB
Node 0 Bounce:                0 kB
Node 0 WritebackTmp:          0 kB
Node 0 KReclaimable:      24796 kB
Node 0 Slab:              73760 kB
Node 0 SReclaimable:      24796 kB
Node 0 SUnreclaim:        48964 kB
Node 0 AnonHugePages:         0 kB
Node 0 ShmemHugePages:        0 kB
Node 0 ShmemPmdMapped:        0 kB
Node 0 FileHugePages:        0 kB
Node 0 FilePmdMapped:        0 kB
Node 0 HugePages_Total:     0
Node 0 HugePages_Free:      0
Node 0 HugePages_Surp:      0

Node 1 MemTotal:       24661580 kB
Node 1 MemFree:        24315312 kB
Node 1 MemUsed:          346268 kB
Node 1 Active:            31884 kB
Node 1 Inactive:          60960 kB
Node 1 Active(anon):      13540 kB
Node 1 Inactive(anon):      368 kB
Node 1 Active(file):      18344 kB
Node 1 Inactive(file):    60592 kB
Node 1 Unevictable:       14064 kB
Node 1 Mlocked:           14064 kB
Node 1 Dirty:               100 kB
Node 1 Writeback:             0 kB
Node 1 FilePages:         83264 kB
Node 1 Mapped:            18032 kB
Node 1 AnonPages:         23644 kB
Node 1 Shmem:               588 kB
Node 1 KernelStack:        1544 kB
Node 1 PageTables:          496 kB
Node 1 NFS_Unstable:          0 kB
Node 1 Bounce:                0 kB
Node 1 WritebackTmp:          0 kB
Node 1 KReclaimable:      19544 kB
Node 1 Slab:              54844 kB
Node 1 SReclaimable:      19544 kB
Node 1 SUnreclaim:        35300 kB
Node 1 AnonHugePages:         0 kB
Node 1 ShmemHugePages:        0 kB
Node 1 ShmemPmdMapped:        0 kB
Node 1 FileHugePages:        0 kB
Node 1 FilePmdMapped:        0 kB
Node 1 HugePages_Total:     0
Node 1 HugePages_Free:      0
Node 1 HugePages_Surp:      0

After Test
Node 0 MemTotal:       24768352 kB
Node 0 MemFree:        22606944 kB
Node 0 MemUsed:         2161408 kB
Node 0 Active:            69836 kB
Node 0 Inactive:          16776 kB
Node 0 Active(anon):      19148 kB
Node 0 Inactive(anon):      488 kB
Node 0 Active(file):      50688 kB
Node 0 Inactive(file):    16288 kB
Node 0 Unevictable:        4456 kB
Node 0 Mlocked:            4456 kB
Node 0 Dirty:                44 kB
Node 0 Writeback:             0 kB
Node 0 FilePages:         72108 kB
Node 0 Mapped:            22344 kB
Node 0 AnonPages:         18956 kB
Node 0 Shmem:               680 kB
Node 0 KernelStack:        3144 kB
Node 0 PageTables:          488 kB
Node 0 NFS_Unstable:          0 kB
Node 0 Bounce:                0 kB
Node 0 WritebackTmp:          0 kB
Node 0 KReclaimable:      24796 kB
Node 0 Slab:              73632 kB
Node 0 SReclaimable:      24796 kB
Node 0 SUnreclaim:        48836 kB
Node 0 AnonHugePages:         0 kB
Node 0 ShmemHugePages:        0 kB
Node 0 ShmemPmdMapped:        0 kB
Node 0 FileHugePages:        0 kB
Node 0 FilePmdMapped:        0 kB
Node 0 HugePages_Total:     0
Node 0 HugePages_Free:      0
Node 0 HugePages_Surp:      0

Node 1 MemTotal:       24661580 kB
Node 1 MemFree:        24312788 kB
Node 1 MemUsed:          348792 kB
Node 1 Active:            32156 kB
Node 1 Inactive:          61000 kB
Node 1 Active(anon):      13788 kB
Node 1 Inactive(anon):      412 kB
Node 1 Active(file):      18368 kB
Node 1 Inactive(file):    60588 kB
Node 1 Unevictable:       14064 kB
Node 1 Mlocked:           14064 kB
Node 1 Dirty:               144 kB
Node 1 Writeback:             0 kB
Node 1 FilePages:         83332 kB
Node 1 Mapped:            18076 kB
Node 1 AnonPages:         23808 kB
Node 1 Shmem:               632 kB
Node 1 KernelStack:        1592 kB
Node 1 PageTables:          680 kB
Node 1 NFS_Unstable:          0 kB
Node 1 Bounce:                0 kB
Node 1 WritebackTmp:          0 kB
Node 1 KReclaimable:      19592 kB
Node 1 Slab:              55612 kB
Node 1 SReclaimable:      19592 kB
Node 1 SUnreclaim:        36020 kB
Node 1 AnonHugePages:         0 kB
Node 1 ShmemHugePages:        0 kB
Node 1 ShmemPmdMapped:        0 kB
Node 1 FileHugePages:        0 kB
Node 1 FilePmdMapped:        0 kB
Node 1 HugePages_Total:     0
Node 1 HugePages_Free:      0
Node 1 HugePages_Surp:      0

U.1.fio.2-1G.3.O Complete!
