U.1.fio.2G.1.O
Begin
Node 0 MemTotal:       24768352 kB
Node 0 MemFree:        24430240 kB
Node 0 MemUsed:          338112 kB
Node 0 Active:            28992 kB
Node 0 Inactive:          29472 kB
Node 0 Active(anon):      15372 kB
Node 0 Inactive(anon):      352 kB
Node 0 Active(file):      13620 kB
Node 0 Inactive(file):    29120 kB
Node 0 Unevictable:         692 kB
Node 0 Mlocked:             692 kB
Node 0 Dirty:                44 kB
Node 0 Writeback:             0 kB
Node 0 FilePages:         43960 kB
Node 0 Mapped:            15408 kB
Node 0 AnonPages:         15220 kB
Node 0 Shmem:               516 kB
Node 0 KernelStack:        2200 kB
Node 0 PageTables:          444 kB
Node 0 NFS_Unstable:          0 kB
Node 0 Bounce:                0 kB
Node 0 WritebackTmp:          0 kB
Node 0 KReclaimable:      18976 kB
Node 0 Slab:              53292 kB
Node 0 SReclaimable:      18976 kB
Node 0 SUnreclaim:        34316 kB
Node 0 AnonHugePages:         0 kB
Node 0 ShmemHugePages:        0 kB
Node 0 ShmemPmdMapped:        0 kB
Node 0 FileHugePages:        0 kB
Node 0 FilePmdMapped:        0 kB
Node 0 HugePages_Total:     0
Node 0 HugePages_Free:      0
Node 0 HugePages_Surp:      0

Node 1 MemTotal:       24661580 kB
Node 1 MemFree:        24394308 kB
Node 1 MemUsed:          267272 kB
Node 1 Active:            65004 kB
Node 1 Inactive:          54388 kB
Node 1 Active(anon):      18380 kB
Node 1 Inactive(anon):      528 kB
Node 1 Active(file):      46624 kB
Node 1 Inactive(file):    53860 kB
Node 1 Unevictable:       17832 kB
Node 1 Mlocked:           17832 kB
Node 1 Dirty:               396 kB
Node 1 Writeback:             0 kB
Node 1 FilePages:        108780 kB
Node 1 Mapped:            26680 kB
Node 1 AnonPages:         28572 kB
Node 1 Shmem:               752 kB
Node 1 KernelStack:        1432 kB
Node 1 PageTables:          624 kB
Node 1 NFS_Unstable:          0 kB
Node 1 Bounce:                0 kB
Node 1 WritebackTmp:          0 kB
Node 1 KReclaimable:      22424 kB
Node 1 Slab:              52964 kB
Node 1 SReclaimable:      22424 kB
Node 1 SUnreclaim:        30540 kB
Node 1 AnonHugePages:         0 kB
Node 1 ShmemHugePages:        0 kB
Node 1 ShmemPmdMapped:        0 kB
Node 1 FileHugePages:        0 kB
Node 1 FilePmdMapped:        0 kB
Node 1 HugePages_Total:     0
Node 1 HugePages_Free:      0
Node 1 HugePages_Surp:      0

Load ZFS
Node 0 MemTotal:       24768352 kB
Node 0 MemFree:        24565572 kB
Node 0 MemUsed:          202780 kB
Node 0 Active:            34988 kB
Node 0 Inactive:          25116 kB
Node 0 Active(anon):      15744 kB
Node 0 Inactive(anon):      352 kB
Node 0 Active(file):      19244 kB
Node 0 Inactive(file):    24764 kB
Node 0 Unevictable:         692 kB
Node 0 Mlocked:             692 kB
Node 0 Dirty:               112 kB
Node 0 Writeback:             0 kB
Node 0 FilePages:         45216 kB
Node 0 Mapped:            15444 kB
Node 0 AnonPages:         15636 kB
Node 0 Shmem:               516 kB
Node 0 KernelStack:        2056 kB
Node 0 PageTables:          444 kB
Node 0 NFS_Unstable:          0 kB
Node 0 Bounce:                0 kB
Node 0 WritebackTmp:          0 kB
Node 0 KReclaimable:      19476 kB
Node 0 Slab:              54760 kB
Node 0 SReclaimable:      19476 kB
Node 0 SUnreclaim:        35284 kB
Node 0 AnonHugePages:         0 kB
Node 0 ShmemHugePages:        0 kB
Node 0 ShmemPmdMapped:        0 kB
Node 0 FileHugePages:        0 kB
Node 0 FilePmdMapped:        0 kB
Node 0 HugePages_Total:     0
Node 0 HugePages_Free:      0
Node 0 HugePages_Surp:      0

Node 1 MemTotal:       24661580 kB
Node 1 MemFree:        24250464 kB
Node 1 MemUsed:          411116 kB
Node 1 Active:            67968 kB
Node 1 Inactive:          54792 kB
Node 1 Active(anon):      20312 kB
Node 1 Inactive(anon):      528 kB
Node 1 Active(file):      47656 kB
Node 1 Inactive(file):    54264 kB
Node 1 Unevictable:       17832 kB
Node 1 Mlocked:           17832 kB
Node 1 Dirty:               396 kB
Node 1 Writeback:             0 kB
Node 1 FilePages:        110172 kB
Node 1 Mapped:            26840 kB
Node 1 AnonPages:         30336 kB
Node 1 Shmem:               752 kB
Node 1 KernelStack:        1608 kB
Node 1 PageTables:          796 kB
Node 1 NFS_Unstable:          0 kB
Node 1 Bounce:                0 kB
Node 1 WritebackTmp:          0 kB
Node 1 KReclaimable:      22832 kB
Node 1 Slab:              55088 kB
Node 1 SReclaimable:      22832 kB
Node 1 SUnreclaim:        32256 kB
Node 1 AnonHugePages:         0 kB
Node 1 ShmemHugePages:        0 kB
Node 1 ShmemPmdMapped:        0 kB
Node 1 FileHugePages:        0 kB
Node 1 FilePmdMapped:        0 kB
Node 1 HugePages_Total:     0
Node 1 HugePages_Free:      0
Node 1 HugePages_Surp:      0

Import tank ZPool
Node 0 MemTotal:       24768352 kB
Node 0 MemFree:        24566840 kB
Node 0 MemUsed:          201512 kB
Node 0 Active:            35172 kB
Node 0 Inactive:          25012 kB
Node 0 Active(anon):      15800 kB
Node 0 Inactive(anon):      352 kB
Node 0 Active(file):      19372 kB
Node 0 Inactive(file):    24660 kB
Node 0 Unevictable:         692 kB
Node 0 Mlocked:             692 kB
Node 0 Dirty:               144 kB
Node 0 Writeback:             0 kB
Node 0 FilePages:         45260 kB
Node 0 Mapped:            15532 kB
Node 0 AnonPages:         15640 kB
Node 0 Shmem:               512 kB
Node 0 KernelStack:        2056 kB
Node 0 PageTables:          444 kB
Node 0 NFS_Unstable:          0 kB
Node 0 Bounce:                0 kB
Node 0 WritebackTmp:          0 kB
Node 0 KReclaimable:      19480 kB
Node 0 Slab:              54712 kB
Node 0 SReclaimable:      19480 kB
Node 0 SUnreclaim:        35232 kB
Node 0 AnonHugePages:         0 kB
Node 0 ShmemHugePages:        0 kB
Node 0 ShmemPmdMapped:        0 kB
Node 0 FileHugePages:        0 kB
Node 0 FilePmdMapped:        0 kB
Node 0 HugePages_Total:     0
Node 0 HugePages_Free:      0
Node 0 HugePages_Surp:      0

Node 1 MemTotal:       24661580 kB
Node 1 MemFree:        24232652 kB
Node 1 MemUsed:          428928 kB
Node 1 Active:            68672 kB
Node 1 Inactive:          55984 kB
Node 1 Active(anon):      20684 kB
Node 1 Inactive(anon):      532 kB
Node 1 Active(file):      47988 kB
Node 1 Inactive(file):    55452 kB
Node 1 Unevictable:       17832 kB
Node 1 Mlocked:           17832 kB
Node 1 Dirty:                76 kB
Node 1 Writeback:             0 kB
Node 1 FilePages:        111700 kB
Node 1 Mapped:            26792 kB
Node 1 AnonPages:         30864 kB
Node 1 Shmem:               756 kB
Node 1 KernelStack:        2760 kB
Node 1 PageTables:          880 kB
Node 1 NFS_Unstable:          0 kB
Node 1 Bounce:                0 kB
Node 1 WritebackTmp:          0 kB
Node 1 KReclaimable:      23008 kB
Node 1 Slab:              61492 kB
Node 1 SReclaimable:      23008 kB
Node 1 SUnreclaim:        38484 kB
Node 1 AnonHugePages:         0 kB
Node 1 ShmemHugePages:        0 kB
Node 1 ShmemPmdMapped:        0 kB
Node 1 FileHugePages:        0 kB
Node 1 FilePmdMapped:        0 kB
Node 1 HugePages_Total:     0
Node 1 HugePages_Free:      0
Node 1 HugePages_Surp:      0

After Opposite Node
Node 0 MemTotal:       24768352 kB
Node 0 MemFree:        21830536 kB
Node 0 MemUsed:         2937816 kB
Node 0 Active:            35392 kB
Node 0 Inactive:          26184 kB
Node 0 Active(anon):      15168 kB
Node 0 Inactive(anon):      380 kB
Node 0 Active(file):      20224 kB
Node 0 Inactive(file):    25804 kB
Node 0 Unevictable:         692 kB
Node 0 Mlocked:             692 kB
Node 0 Dirty:                20 kB
Node 0 Writeback:             0 kB
Node 0 FilePages:         47284 kB
Node 0 Mapped:            15700 kB
Node 0 AnonPages:         14952 kB
Node 0 Shmem:               556 kB
Node 0 KernelStack:        1992 kB
Node 0 PageTables:          620 kB
Node 0 NFS_Unstable:          0 kB
Node 0 Bounce:                0 kB
Node 0 WritebackTmp:          0 kB
Node 0 KReclaimable:      20848 kB
Node 0 Slab:              70576 kB
Node 0 SReclaimable:      20848 kB
Node 0 SUnreclaim:        49728 kB
Node 0 AnonHugePages:         0 kB
Node 0 ShmemHugePages:        0 kB
Node 0 ShmemPmdMapped:        0 kB
Node 0 FileHugePages:        0 kB
Node 0 FilePmdMapped:        0 kB
Node 0 HugePages_Total:     0
Node 0 HugePages_Free:      0
Node 0 HugePages_Surp:      0

Node 1 MemTotal:       24661580 kB
Node 1 MemFree:        24034096 kB
Node 1 MemUsed:          627484 kB
Node 1 Active:            66160 kB
Node 1 Inactive:          55728 kB
Node 1 Active(anon):      17748 kB
Node 1 Inactive(anon):      532 kB
Node 1 Active(file):      48412 kB
Node 1 Inactive(file):    55196 kB
Node 1 Unevictable:       17832 kB
Node 1 Mlocked:           17832 kB
Node 1 Dirty:                32 kB
Node 1 Writeback:             0 kB
Node 1 FilePages:        111864 kB
Node 1 Mapped:            26680 kB
Node 1 AnonPages:         27852 kB
Node 1 Shmem:               756 kB
Node 1 KernelStack:        2632 kB
Node 1 PageTables:          572 kB
Node 1 NFS_Unstable:          0 kB
Node 1 Bounce:                0 kB
Node 1 WritebackTmp:          0 kB
Node 1 KReclaimable:      23056 kB
Node 1 Slab:              61648 kB
Node 1 SReclaimable:      23056 kB
Node 1 SUnreclaim:        38592 kB
Node 1 AnonHugePages:         0 kB
Node 1 ShmemHugePages:        0 kB
Node 1 ShmemPmdMapped:        0 kB
Node 1 FileHugePages:        0 kB
Node 1 FilePmdMapped:        0 kB
Node 1 HugePages_Total:     0
Node 1 HugePages_Free:      0
Node 1 HugePages_Surp:      0

After Test
Node 0 MemTotal:       24768352 kB
Node 0 MemFree:        21834128 kB
Node 0 MemUsed:         2934224 kB
Node 0 Active:            35408 kB
Node 0 Inactive:          25964 kB
Node 0 Active(anon):      14980 kB
Node 0 Inactive(anon):      352 kB
Node 0 Active(file):      20428 kB
Node 0 Inactive(file):    25612 kB
Node 0 Unevictable:         692 kB
Node 0 Mlocked:             692 kB
Node 0 Dirty:                28 kB
Node 0 Writeback:             0 kB
Node 0 FilePages:         47252 kB
Node 0 Mapped:            15628 kB
Node 0 AnonPages:         14820 kB
Node 0 Shmem:               512 kB
Node 0 KernelStack:        1992 kB
Node 0 PageTables:          444 kB
Node 0 NFS_Unstable:          0 kB
Node 0 Bounce:                0 kB
Node 0 WritebackTmp:          0 kB
Node 0 KReclaimable:      20848 kB
Node 0 Slab:              70400 kB
Node 0 SReclaimable:      20848 kB
Node 0 SUnreclaim:        49552 kB
Node 0 AnonHugePages:         0 kB
Node 0 ShmemHugePages:        0 kB
Node 0 ShmemPmdMapped:        0 kB
Node 0 FileHugePages:        0 kB
Node 0 FilePmdMapped:        0 kB
Node 0 HugePages_Total:     0
Node 0 HugePages_Free:      0
Node 0 HugePages_Surp:      0

Node 1 MemTotal:       24661580 kB
Node 1 MemFree:        24030712 kB
Node 1 MemUsed:          630868 kB
Node 1 Active:            66344 kB
Node 1 Inactive:          55744 kB
Node 1 Active(anon):      17908 kB
Node 1 Inactive(anon):      556 kB
Node 1 Active(file):      48436 kB
Node 1 Inactive(file):    55188 kB
Node 1 Unevictable:       17832 kB
Node 1 Mlocked:           17832 kB
Node 1 Dirty:                56 kB
Node 1 Writeback:             0 kB
Node 1 FilePages:        111924 kB
Node 1 Mapped:            26724 kB
Node 1 AnonPages:         27916 kB
Node 1 Shmem:               800 kB
Node 1 KernelStack:        2648 kB
Node 1 PageTables:          692 kB
Node 1 NFS_Unstable:          0 kB
Node 1 Bounce:                0 kB
Node 1 WritebackTmp:          0 kB
Node 1 KReclaimable:      23088 kB
Node 1 Slab:              62576 kB
Node 1 SReclaimable:      23088 kB
Node 1 SUnreclaim:        39488 kB
Node 1 AnonHugePages:         0 kB
Node 1 ShmemHugePages:        0 kB
Node 1 ShmemPmdMapped:        0 kB
Node 1 FileHugePages:        0 kB
Node 1 FilePmdMapped:        0 kB
Node 1 HugePages_Total:     0
Node 1 HugePages_Free:      0
Node 1 HugePages_Surp:      0

U.1.fio.2G.1.O Complete!
