U.1.fio.1-128K.2.O
Begin
Node 0 MemTotal:       24743736 kB
Node 0 MemFree:        24514432 kB
Node 0 MemUsed:          229304 kB
Node 0 Active:            49844 kB
Node 0 Inactive:          30592 kB
Node 0 Active(anon):      23856 kB
Node 0 Inactive(anon):      524 kB
Node 0 Active(file):      25988 kB
Node 0 Inactive(file):    30068 kB
Node 0 Unevictable:       18096 kB
Node 0 Mlocked:           18096 kB
Node 0 Dirty:                 0 kB
Node 0 Writeback:            24 kB
Node 0 FilePages:         64580 kB
Node 0 Mapped:            28372 kB
Node 0 AnonPages:         34012 kB
Node 0 Shmem:               732 kB
Node 0 KernelStack:        1752 kB
Node 0 PageTables:          660 kB
Node 0 NFS_Unstable:          0 kB
Node 0 Bounce:                0 kB
Node 0 WritebackTmp:          0 kB
Node 0 KReclaimable:      18224 kB
Node 0 Slab:              50552 kB
Node 0 SReclaimable:      18224 kB
Node 0 SUnreclaim:        32328 kB
Node 0 AnonHugePages:         0 kB
Node 0 ShmemHugePages:        0 kB
Node 0 ShmemPmdMapped:        0 kB
Node 0 FileHugePages:        0 kB
Node 0 FilePmdMapped:        0 kB
Node 0 HugePages_Total:     0
Node 0 HugePages_Free:      0
Node 0 HugePages_Surp:      0

Node 1 MemTotal:       24686196 kB
Node 1 MemFree:        24311452 kB
Node 1 MemUsed:          374744 kB
Node 1 Active:            44224 kB
Node 1 Inactive:          52076 kB
Node 1 Active(anon):       9956 kB
Node 1 Inactive(anon):      344 kB
Node 1 Active(file):      34268 kB
Node 1 Inactive(file):    51732 kB
Node 1 Unevictable:         424 kB
Node 1 Mlocked:             424 kB
Node 1 Dirty:                 0 kB
Node 1 Writeback:            16 kB
Node 1 FilePages:         86972 kB
Node 1 Mapped:            13032 kB
Node 1 AnonPages:          9804 kB
Node 1 Shmem:               536 kB
Node 1 KernelStack:        1880 kB
Node 1 PageTables:          404 kB
Node 1 NFS_Unstable:          0 kB
Node 1 Bounce:                0 kB
Node 1 WritebackTmp:          0 kB
Node 1 KReclaimable:      23100 kB
Node 1 Slab:              57048 kB
Node 1 SReclaimable:      23100 kB
Node 1 SUnreclaim:        33948 kB
Node 1 AnonHugePages:         0 kB
Node 1 ShmemHugePages:        0 kB
Node 1 ShmemPmdMapped:        0 kB
Node 1 FileHugePages:        0 kB
Node 1 FilePmdMapped:        0 kB
Node 1 HugePages_Total:     0
Node 1 HugePages_Free:      0
Node 1 HugePages_Surp:      0

Load ZFS
Node 0 MemTotal:       24743736 kB
Node 0 MemFree:        24503792 kB
Node 0 MemUsed:          239944 kB
Node 0 Active:            56624 kB
Node 0 Inactive:          31080 kB
Node 0 Active(anon):      29680 kB
Node 0 Inactive(anon):      524 kB
Node 0 Active(file):      26944 kB
Node 0 Inactive(file):    30556 kB
Node 0 Unevictable:       18096 kB
Node 0 Mlocked:           18096 kB
Node 0 Dirty:                60 kB
Node 0 Writeback:             0 kB
Node 0 FilePages:         66000 kB
Node 0 Mapped:            28540 kB
Node 0 AnonPages:         39724 kB
Node 0 Shmem:               732 kB
Node 0 KernelStack:        2024 kB
Node 0 PageTables:         1072 kB
Node 0 NFS_Unstable:          0 kB
Node 0 Bounce:                0 kB
Node 0 WritebackTmp:          0 kB
Node 0 KReclaimable:      18616 kB
Node 0 Slab:              52340 kB
Node 0 SReclaimable:      18616 kB
Node 0 SUnreclaim:        33724 kB
Node 0 AnonHugePages:         0 kB
Node 0 ShmemHugePages:        0 kB
Node 0 ShmemPmdMapped:        0 kB
Node 0 FileHugePages:        0 kB
Node 0 FilePmdMapped:        0 kB
Node 0 HugePages_Total:     0
Node 0 HugePages_Free:      0
Node 0 HugePages_Surp:      0

Node 1 MemTotal:       24686196 kB
Node 1 MemFree:        24310480 kB
Node 1 MemUsed:          375716 kB
Node 1 Active:            50488 kB
Node 1 Inactive:          47608 kB
Node 1 Active(anon):      10508 kB
Node 1 Inactive(anon):      348 kB
Node 1 Active(file):      39980 kB
Node 1 Inactive(file):    47260 kB
Node 1 Unevictable:         424 kB
Node 1 Mlocked:             424 kB
Node 1 Dirty:                 8 kB
Node 1 Writeback:             0 kB
Node 1 FilePages:         88200 kB
Node 1 Mapped:            13096 kB
Node 1 AnonPages:         10388 kB
Node 1 Shmem:               536 kB
Node 1 KernelStack:        1768 kB
Node 1 PageTables:          404 kB
Node 1 NFS_Unstable:          0 kB
Node 1 Bounce:                0 kB
Node 1 WritebackTmp:          0 kB
Node 1 KReclaimable:      23624 kB
Node 1 Slab:              58636 kB
Node 1 SReclaimable:      23624 kB
Node 1 SUnreclaim:        35012 kB
Node 1 AnonHugePages:         0 kB
Node 1 ShmemHugePages:        0 kB
Node 1 ShmemPmdMapped:        0 kB
Node 1 FileHugePages:        0 kB
Node 1 FilePmdMapped:        0 kB
Node 1 HugePages_Total:     0
Node 1 HugePages_Free:      0
Node 1 HugePages_Surp:      0

Import tank ZPool
Node 0 MemTotal:       24743736 kB
Node 0 MemFree:        24483516 kB
Node 0 MemUsed:          260220 kB
Node 0 Active:            57628 kB
Node 0 Inactive:          32272 kB
Node 0 Active(anon):      30352 kB
Node 0 Inactive(anon):      528 kB
Node 0 Active(file):      27276 kB
Node 0 Inactive(file):    31744 kB
Node 0 Unevictable:       18096 kB
Node 0 Mlocked:           18096 kB
Node 0 Dirty:               140 kB
Node 0 Writeback:             0 kB
Node 0 FilePages:         67524 kB
Node 0 Mapped:            28576 kB
Node 0 AnonPages:         40256 kB
Node 0 Shmem:               732 kB
Node 0 KernelStack:        3144 kB
Node 0 PageTables:         1152 kB
Node 0 NFS_Unstable:          0 kB
Node 0 Bounce:                0 kB
Node 0 WritebackTmp:          0 kB
Node 0 KReclaimable:      18720 kB
Node 0 Slab:              58432 kB
Node 0 SReclaimable:      18720 kB
Node 0 SUnreclaim:        39712 kB
Node 0 AnonHugePages:         0 kB
Node 0 ShmemHugePages:        0 kB
Node 0 ShmemPmdMapped:        0 kB
Node 0 FileHugePages:        0 kB
Node 0 FilePmdMapped:        0 kB
Node 0 HugePages_Total:     0
Node 0 HugePages_Free:      0
Node 0 HugePages_Surp:      0

Node 1 MemTotal:       24686196 kB
Node 1 MemFree:        24311456 kB
Node 1 MemUsed:          374740 kB
Node 1 Active:            50608 kB
Node 1 Inactive:          47532 kB
Node 1 Active(anon):      10548 kB
Node 1 Inactive(anon):      348 kB
Node 1 Active(file):      40060 kB
Node 1 Inactive(file):    47184 kB
Node 1 Unevictable:         424 kB
Node 1 Mlocked:             424 kB
Node 1 Dirty:                24 kB
Node 1 Writeback:             0 kB
Node 1 FilePages:         88232 kB
Node 1 Mapped:            13096 kB
Node 1 AnonPages:         10416 kB
Node 1 Shmem:               536 kB
Node 1 KernelStack:        1768 kB
Node 1 PageTables:          404 kB
Node 1 NFS_Unstable:          0 kB
Node 1 Bounce:                0 kB
Node 1 WritebackTmp:          0 kB
Node 1 KReclaimable:      23640 kB
Node 1 Slab:              58704 kB
Node 1 SReclaimable:      23640 kB
Node 1 SUnreclaim:        35064 kB
Node 1 AnonHugePages:         0 kB
Node 1 ShmemHugePages:        0 kB
Node 1 ShmemPmdMapped:        0 kB
Node 1 FileHugePages:        0 kB
Node 1 FilePmdMapped:        0 kB
Node 1 HugePages_Total:     0
Node 1 HugePages_Free:      0
Node 1 HugePages_Surp:      0

After Opposite Node
Node 0 MemTotal:       24743736 kB
Node 0 MemFree:        24477244 kB
Node 0 MemUsed:          266492 kB
Node 0 Active:            58240 kB
Node 0 Inactive:          33204 kB
Node 0 Active(anon):      29772 kB
Node 0 Inactive(anon):      552 kB
Node 0 Active(file):      28468 kB
Node 0 Inactive(file):    32652 kB
Node 0 Unevictable:       18096 kB
Node 0 Mlocked:           18096 kB
Node 0 Dirty:               144 kB
Node 0 Writeback:             0 kB
Node 0 FilePages:         69664 kB
Node 0 Mapped:            28620 kB
Node 0 AnonPages:         39784 kB
Node 0 Shmem:               776 kB
Node 0 KernelStack:        3256 kB
Node 0 PageTables:         1156 kB
Node 0 NFS_Unstable:          0 kB
Node 0 Bounce:                0 kB
Node 0 WritebackTmp:          0 kB
Node 0 KReclaimable:      20012 kB
Node 0 Slab:              59980 kB
Node 0 SReclaimable:      20012 kB
Node 0 SUnreclaim:        39968 kB
Node 0 AnonHugePages:         0 kB
Node 0 ShmemHugePages:        0 kB
Node 0 ShmemPmdMapped:        0 kB
Node 0 FileHugePages:        0 kB
Node 0 FilePmdMapped:        0 kB
Node 0 HugePages_Total:     0
Node 0 HugePages_Free:      0
Node 0 HugePages_Surp:      0

Node 1 MemTotal:       24686196 kB
Node 1 MemFree:        24311708 kB
Node 1 MemUsed:          374488 kB
Node 1 Active:            50676 kB
Node 1 Inactive:          47492 kB
Node 1 Active(anon):      10548 kB
Node 1 Inactive(anon):      348 kB
Node 1 Active(file):      40128 kB
Node 1 Inactive(file):    47144 kB
Node 1 Unevictable:         424 kB
Node 1 Mlocked:             424 kB
Node 1 Dirty:                24 kB
Node 1 Writeback:             0 kB
Node 1 FilePages:         88232 kB
Node 1 Mapped:            13096 kB
Node 1 AnonPages:         10416 kB
Node 1 Shmem:               536 kB
Node 1 KernelStack:        1768 kB
Node 1 PageTables:          404 kB
Node 1 NFS_Unstable:          0 kB
Node 1 Bounce:                0 kB
Node 1 WritebackTmp:          0 kB
Node 1 KReclaimable:      23640 kB
Node 1 Slab:              58704 kB
Node 1 SReclaimable:      23640 kB
Node 1 SUnreclaim:        35064 kB
Node 1 AnonHugePages:         0 kB
Node 1 ShmemHugePages:        0 kB
Node 1 ShmemPmdMapped:        0 kB
Node 1 FileHugePages:        0 kB
Node 1 FilePmdMapped:        0 kB
Node 1 HugePages_Total:     0
Node 1 HugePages_Free:      0
Node 1 HugePages_Surp:      0

After Test
Node 0 MemTotal:       24743736 kB
Node 0 MemFree:        24477356 kB
Node 0 MemUsed:          266380 kB
Node 0 Active:            58320 kB
Node 0 Inactive:          33036 kB
Node 0 Active(anon):      29692 kB
Node 0 Inactive(anon):      528 kB
Node 0 Active(file):      28628 kB
Node 0 Inactive(file):    32508 kB
Node 0 Unevictable:       18096 kB
Node 0 Mlocked:           18096 kB
Node 0 Dirty:               160 kB
Node 0 Writeback:             0 kB
Node 0 FilePages:         69636 kB
Node 0 Mapped:            28408 kB
Node 0 AnonPages:         39856 kB
Node 0 Shmem:               732 kB
Node 0 KernelStack:        3224 kB
Node 0 PageTables:         1064 kB
Node 0 NFS_Unstable:          0 kB
Node 0 Bounce:                0 kB
Node 0 WritebackTmp:          0 kB
Node 0 KReclaimable:      20012 kB
Node 0 Slab:              59948 kB
Node 0 SReclaimable:      20012 kB
Node 0 SUnreclaim:        39936 kB
Node 0 AnonHugePages:         0 kB
Node 0 ShmemHugePages:        0 kB
Node 0 ShmemPmdMapped:        0 kB
Node 0 FileHugePages:        0 kB
Node 0 FilePmdMapped:        0 kB
Node 0 HugePages_Total:     0
Node 0 HugePages_Free:      0
Node 0 HugePages_Surp:      0

Node 1 MemTotal:       24686196 kB
Node 1 MemFree:        24310404 kB
Node 1 MemUsed:          375792 kB
Node 1 Active:            50648 kB
Node 1 Inactive:          47788 kB
Node 1 Active(anon):      10520 kB
Node 1 Inactive(anon):      640 kB
Node 1 Active(file):      40128 kB
Node 1 Inactive(file):    47148 kB
Node 1 Unevictable:         424 kB
Node 1 Mlocked:             424 kB
Node 1 Dirty:                28 kB
Node 1 Writeback:             0 kB
Node 1 FilePages:         88528 kB
Node 1 Mapped:            13096 kB
Node 1 AnonPages:         10536 kB
Node 1 Shmem:               536 kB
Node 1 KernelStack:        1844 kB
Node 1 PageTables:          368 kB
Node 1 NFS_Unstable:          0 kB
Node 1 Bounce:                0 kB
Node 1 WritebackTmp:          0 kB
Node 1 KReclaimable:      23656 kB
Node 1 Slab:              58864 kB
Node 1 SReclaimable:      23656 kB
Node 1 SUnreclaim:        35208 kB
Node 1 AnonHugePages:         0 kB
Node 1 ShmemHugePages:        0 kB
Node 1 ShmemPmdMapped:        0 kB
Node 1 FileHugePages:        0 kB
Node 1 FilePmdMapped:        0 kB
Node 1 HugePages_Total:     0
Node 1 HugePages_Free:      0
Node 1 HugePages_Surp:      0

U.1.fio.1-128K.2.O Complete!
