U.1.fio.2G.3.O
Begin
Node 0 MemTotal:       24768352 kB
Node 0 MemFree:        24406848 kB
Node 0 MemUsed:          361504 kB
Node 0 Active:            37584 kB
Node 0 Inactive:          31272 kB
Node 0 Active(anon):      11492 kB
Node 0 Inactive(anon):      464 kB
Node 0 Active(file):      26092 kB
Node 0 Inactive(file):    30808 kB
Node 0 Unevictable:       17448 kB
Node 0 Mlocked:           17448 kB
Node 0 Dirty:               348 kB
Node 0 Writeback:             0 kB
Node 0 FilePages:         64700 kB
Node 0 Mapped:            32712 kB
Node 0 AnonPages:         21656 kB
Node 0 Shmem:               656 kB
Node 0 KernelStack:        1896 kB
Node 0 PageTables:          484 kB
Node 0 NFS_Unstable:          0 kB
Node 0 Bounce:                0 kB
Node 0 WritebackTmp:          0 kB
Node 0 KReclaimable:      20568 kB
Node 0 Slab:              52596 kB
Node 0 SReclaimable:      20568 kB
Node 0 SUnreclaim:        32028 kB
Node 0 AnonHugePages:         0 kB
Node 0 ShmemHugePages:        0 kB
Node 0 ShmemPmdMapped:        0 kB
Node 0 FileHugePages:        0 kB
Node 0 FilePmdMapped:        0 kB
Node 0 HugePages_Total:     0
Node 0 HugePages_Free:      0
Node 0 HugePages_Surp:      0

Node 1 MemTotal:       24661580 kB
Node 1 MemFree:        24407304 kB
Node 1 MemUsed:          254276 kB
Node 1 Active:            55996 kB
Node 1 Inactive:          64108 kB
Node 1 Active(anon):      22032 kB
Node 1 Inactive(anon):      420 kB
Node 1 Active(file):      33964 kB
Node 1 Inactive(file):    63688 kB
Node 1 Unevictable:        1072 kB
Node 1 Mlocked:            1072 kB
Node 1 Dirty:               184 kB
Node 1 Writeback:             0 kB
Node 1 FilePages:         99336 kB
Node 1 Mapped:            19796 kB
Node 1 AnonPages:         21904 kB
Node 1 Shmem:               612 kB
Node 1 KernelStack:        1704 kB
Node 1 PageTables:          580 kB
Node 1 NFS_Unstable:          0 kB
Node 1 Bounce:                0 kB
Node 1 WritebackTmp:          0 kB
Node 1 KReclaimable:      21112 kB
Node 1 Slab:              52648 kB
Node 1 SReclaimable:      21112 kB
Node 1 SUnreclaim:        31536 kB
Node 1 AnonHugePages:         0 kB
Node 1 ShmemHugePages:        0 kB
Node 1 ShmemPmdMapped:        0 kB
Node 1 FileHugePages:        0 kB
Node 1 FilePmdMapped:        0 kB
Node 1 HugePages_Total:     0
Node 1 HugePages_Free:      0
Node 1 HugePages_Surp:      0

Load ZFS
Node 0 MemTotal:       24768352 kB
Node 0 MemFree:        24402128 kB
Node 0 MemUsed:          366224 kB
Node 0 Active:            44116 kB
Node 0 Inactive:          27408 kB
Node 0 Active(anon):      11800 kB
Node 0 Inactive(anon):      464 kB
Node 0 Active(file):      32316 kB
Node 0 Inactive(file):    26944 kB
Node 0 Unevictable:       17448 kB
Node 0 Mlocked:           17448 kB
Node 0 Dirty:               368 kB
Node 0 Writeback:             0 kB
Node 0 FilePages:         67036 kB
Node 0 Mapped:            32880 kB
Node 0 AnonPages:         21848 kB
Node 0 Shmem:               656 kB
Node 0 KernelStack:        1944 kB
Node 0 PageTables:          544 kB
Node 0 NFS_Unstable:          0 kB
Node 0 Bounce:                0 kB
Node 0 WritebackTmp:          0 kB
Node 0 KReclaimable:      21136 kB
Node 0 Slab:              54584 kB
Node 0 SReclaimable:      21136 kB
Node 0 SUnreclaim:        33448 kB
Node 0 AnonHugePages:         0 kB
Node 0 ShmemHugePages:        0 kB
Node 0 ShmemPmdMapped:        0 kB
Node 0 FileHugePages:        0 kB
Node 0 FilePmdMapped:        0 kB
Node 0 HugePages_Total:     0
Node 0 HugePages_Free:      0
Node 0 HugePages_Surp:      0

Node 1 MemTotal:       24661580 kB
Node 1 MemFree:        24401968 kB
Node 1 MemUsed:          259612 kB
Node 1 Active:            60540 kB
Node 1 Inactive:          63912 kB
Node 1 Active(anon):      25644 kB
Node 1 Inactive(anon):      420 kB
Node 1 Active(file):      34896 kB
Node 1 Inactive(file):    63492 kB
Node 1 Unevictable:        1072 kB
Node 1 Mlocked:            1072 kB
Node 1 Dirty:               188 kB
Node 1 Writeback:             0 kB
Node 1 FilePages:        100072 kB
Node 1 Mapped:            19784 kB
Node 1 AnonPages:         25532 kB
Node 1 Shmem:               612 kB
Node 1 KernelStack:        1736 kB
Node 1 PageTables:          740 kB
Node 1 NFS_Unstable:          0 kB
Node 1 Bounce:                0 kB
Node 1 WritebackTmp:          0 kB
Node 1 KReclaimable:      21580 kB
Node 1 Slab:              54500 kB
Node 1 SReclaimable:      21580 kB
Node 1 SUnreclaim:        32920 kB
Node 1 AnonHugePages:         0 kB
Node 1 ShmemHugePages:        0 kB
Node 1 ShmemPmdMapped:        0 kB
Node 1 FileHugePages:        0 kB
Node 1 FilePmdMapped:        0 kB
Node 1 HugePages_Total:     0
Node 1 HugePages_Free:      0
Node 1 HugePages_Surp:      0

Import tank ZPool
Node 0 MemTotal:       24768352 kB
Node 0 MemFree:        24395956 kB
Node 0 MemUsed:          372396 kB
Node 0 Active:            45392 kB
Node 0 Inactive:          28292 kB
Node 0 Active(anon):      12400 kB
Node 0 Inactive(anon):      468 kB
Node 0 Active(file):      32992 kB
Node 0 Inactive(file):    27824 kB
Node 0 Unevictable:       17448 kB
Node 0 Mlocked:           17448 kB
Node 0 Dirty:               172 kB
Node 0 Writeback:             0 kB
Node 0 FilePages:         68596 kB
Node 0 Mapped:            32952 kB
Node 0 AnonPages:         22348 kB
Node 0 Shmem:               656 kB
Node 0 KernelStack:        1976 kB
Node 0 PageTables:          636 kB
Node 0 NFS_Unstable:          0 kB
Node 0 Bounce:                0 kB
Node 0 WritebackTmp:          0 kB
Node 0 KReclaimable:      21272 kB
Node 0 Slab:              59708 kB
Node 0 SReclaimable:      21272 kB
Node 0 SUnreclaim:        38436 kB
Node 0 AnonHugePages:         0 kB
Node 0 ShmemHugePages:        0 kB
Node 0 ShmemPmdMapped:        0 kB
Node 0 FileHugePages:        0 kB
Node 0 FilePmdMapped:        0 kB
Node 0 HugePages_Total:     0
Node 0 HugePages_Free:      0
Node 0 HugePages_Surp:      0

Node 1 MemTotal:       24661580 kB
Node 1 MemFree:        24388952 kB
Node 1 MemUsed:          272628 kB
Node 1 Active:            60664 kB
Node 1 Inactive:          63884 kB
Node 1 Active(anon):      25712 kB
Node 1 Inactive(anon):      420 kB
Node 1 Active(file):      34952 kB
Node 1 Inactive(file):    63464 kB
Node 1 Unevictable:        1072 kB
Node 1 Mlocked:            1072 kB
Node 1 Dirty:                92 kB
Node 1 Writeback:             0 kB
Node 1 FilePages:        100100 kB
Node 1 Mapped:            19824 kB
Node 1 AnonPages:         25564 kB
Node 1 Shmem:               612 kB
Node 1 KernelStack:        2856 kB
Node 1 PageTables:          740 kB
Node 1 NFS_Unstable:          0 kB
Node 1 Bounce:                0 kB
Node 1 WritebackTmp:          0 kB
Node 1 KReclaimable:      21580 kB
Node 1 Slab:              57064 kB
Node 1 SReclaimable:      21580 kB
Node 1 SUnreclaim:        35484 kB
Node 1 AnonHugePages:         0 kB
Node 1 ShmemHugePages:        0 kB
Node 1 ShmemPmdMapped:        0 kB
Node 1 FileHugePages:        0 kB
Node 1 FilePmdMapped:        0 kB
Node 1 HugePages_Total:     0
Node 1 HugePages_Free:      0
Node 1 HugePages_Surp:      0

After Opposite Node
Node 0 MemTotal:       24768352 kB
Node 0 MemFree:        22327260 kB
Node 0 MemUsed:         2441092 kB
Node 0 Active:            45380 kB
Node 0 Inactive:          29520 kB
Node 0 Active(anon):      11464 kB
Node 0 Inactive(anon):      492 kB
Node 0 Active(file):      33916 kB
Node 0 Inactive(file):    29028 kB
Node 0 Unevictable:       17448 kB
Node 0 Mlocked:           17448 kB
Node 0 Dirty:                28 kB
Node 0 Writeback:             0 kB
Node 0 FilePages:         70760 kB
Node 0 Mapped:            32724 kB
Node 0 AnonPages:         21492 kB
Node 0 Shmem:               696 kB
Node 0 KernelStack:        1848 kB
Node 0 PageTables:          636 kB
Node 0 NFS_Unstable:          0 kB
Node 0 Bounce:                0 kB
Node 0 WritebackTmp:          0 kB
Node 0 KReclaimable:      22580 kB
Node 0 Slab:              71096 kB
Node 0 SReclaimable:      22580 kB
Node 0 SUnreclaim:        48516 kB
Node 0 AnonHugePages:         0 kB
Node 0 ShmemHugePages:        0 kB
Node 0 ShmemPmdMapped:        0 kB
Node 0 FileHugePages:        0 kB
Node 0 FilePmdMapped:        0 kB
Node 0 HugePages_Total:     0
Node 0 HugePages_Free:      0
Node 0 HugePages_Surp:      0

Node 1 MemTotal:       24661580 kB
Node 1 MemFree:        23524628 kB
Node 1 MemUsed:         1136952 kB
Node 1 Active:            56420 kB
Node 1 Inactive:          63848 kB
Node 1 Active(anon):      21428 kB
Node 1 Inactive(anon):      424 kB
Node 1 Active(file):      34992 kB
Node 1 Inactive(file):    63424 kB
Node 1 Unevictable:        1072 kB
Node 1 Mlocked:            1072 kB
Node 1 Dirty:                 4 kB
Node 1 Writeback:             0 kB
Node 1 FilePages:        100104 kB
Node 1 Mapped:            19784 kB
Node 1 AnonPages:         21236 kB
Node 1 Shmem:               616 kB
Node 1 KernelStack:        2792 kB
Node 1 PageTables:          516 kB
Node 1 NFS_Unstable:          0 kB
Node 1 Bounce:                0 kB
Node 1 WritebackTmp:          0 kB
Node 1 KReclaimable:      21668 kB
Node 1 Slab:              60444 kB
Node 1 SReclaimable:      21668 kB
Node 1 SUnreclaim:        38776 kB
Node 1 AnonHugePages:         0 kB
Node 1 ShmemHugePages:        0 kB
Node 1 ShmemPmdMapped:        0 kB
Node 1 FileHugePages:        0 kB
Node 1 FilePmdMapped:        0 kB
Node 1 HugePages_Total:     0
Node 1 HugePages_Free:      0
Node 1 HugePages_Surp:      0

After Test
Node 0 MemTotal:       24768352 kB
Node 0 MemFree:        22328892 kB
Node 0 MemUsed:         2439460 kB
Node 0 Active:            45472 kB
Node 0 Inactive:          29276 kB
Node 0 Active(anon):      11316 kB
Node 0 Inactive(anon):      464 kB
Node 0 Active(file):      34156 kB
Node 0 Inactive(file):    28812 kB
Node 0 Unevictable:       17448 kB
Node 0 Mlocked:           17448 kB
Node 0 Dirty:                72 kB
Node 0 Writeback:             0 kB
Node 0 FilePages:         70740 kB
Node 0 Mapped:            32924 kB
Node 0 AnonPages:         21452 kB
Node 0 Shmem:               652 kB
Node 0 KernelStack:        1832 kB
Node 0 PageTables:          520 kB
Node 0 NFS_Unstable:          0 kB
Node 0 Bounce:                0 kB
Node 0 WritebackTmp:          0 kB
Node 0 KReclaimable:      22580 kB
Node 0 Slab:              71064 kB
Node 0 SReclaimable:      22580 kB
Node 0 SUnreclaim:        48484 kB
Node 0 AnonHugePages:         0 kB
Node 0 ShmemHugePages:        0 kB
Node 0 ShmemPmdMapped:        0 kB
Node 0 FileHugePages:        0 kB
Node 0 FilePmdMapped:        0 kB
Node 0 HugePages_Total:     0
Node 0 HugePages_Free:      0
Node 0 HugePages_Surp:      0

Node 1 MemTotal:       24661580 kB
Node 1 MemFree:        23523332 kB
Node 1 MemUsed:         1138248 kB
Node 1 Active:            56580 kB
Node 1 Inactive:          63876 kB
Node 1 Active(anon):      21588 kB
Node 1 Inactive(anon):      448 kB
Node 1 Active(file):      34992 kB
Node 1 Inactive(file):    63428 kB
Node 1 Unevictable:        1072 kB
Node 1 Mlocked:            1072 kB
Node 1 Dirty:                 8 kB
Node 1 Writeback:             0 kB
Node 1 FilePages:        100152 kB
Node 1 Mapped:            19828 kB
Node 1 AnonPages:         21296 kB
Node 1 Shmem:               660 kB
Node 1 KernelStack:        2808 kB
Node 1 PageTables:          636 kB
Node 1 NFS_Unstable:          0 kB
Node 1 Bounce:                0 kB
Node 1 WritebackTmp:          0 kB
Node 1 KReclaimable:      21716 kB
Node 1 Slab:              61408 kB
Node 1 SReclaimable:      21716 kB
Node 1 SUnreclaim:        39692 kB
Node 1 AnonHugePages:         0 kB
Node 1 ShmemHugePages:        0 kB
Node 1 ShmemPmdMapped:        0 kB
Node 1 FileHugePages:        0 kB
Node 1 FilePmdMapped:        0 kB
Node 1 HugePages_Total:     0
Node 1 HugePages_Free:      0
Node 1 HugePages_Surp:      0

U.1.fio.2G.3.O Complete!
