kernel.numa_balancing = 0
U.1.simplememory.16G.2.O
Begin
Node 0 MemTotal:       24768352 kB
Node 0 MemFree:        24364716 kB
Node 0 MemUsed:          403636 kB
Node 0 Active:            64548 kB
Node 0 Inactive:          50100 kB
Node 0 Active(anon):      23292 kB
Node 0 Inactive(anon):      260 kB
Node 0 Active(file):      41256 kB
Node 0 Inactive(file):    49840 kB
Node 0 Unevictable:       17048 kB
Node 0 Mlocked:           17048 kB
Node 0 Dirty:               396 kB
Node 0 Writeback:             0 kB
Node 0 FilePages:         98248 kB
Node 0 Mapped:            22500 kB
Node 0 AnonPages:         33596 kB
Node 0 Shmem:               392 kB
Node 0 KernelStack:        2056 kB
Node 0 PageTables:          740 kB
Node 0 NFS_Unstable:          0 kB
Node 0 Bounce:                0 kB
Node 0 WritebackTmp:          0 kB
Node 0 KReclaimable:      24944 kB
Node 0 Slab:              59988 kB
Node 0 SReclaimable:      24944 kB
Node 0 SUnreclaim:        35044 kB
Node 0 AnonHugePages:         0 kB
Node 0 ShmemHugePages:        0 kB
Node 0 ShmemPmdMapped:        0 kB
Node 0 FileHugePages:        0 kB
Node 0 FilePmdMapped:        0 kB
Node 0 HugePages_Total:     0
Node 0 HugePages_Free:      0
Node 0 HugePages_Surp:      0

Node 1 MemTotal:       24661580 kB
Node 1 MemFree:        24448412 kB
Node 1 MemUsed:          213168 kB
Node 1 Active:            31364 kB
Node 1 Inactive:          45156 kB
Node 1 Active(anon):      10876 kB
Node 1 Inactive(anon):      632 kB
Node 1 Active(file):      20488 kB
Node 1 Inactive(file):    44524 kB
Node 1 Unevictable:        1476 kB
Node 1 Mlocked:            1476 kB
Node 1 Dirty:                52 kB
Node 1 Writeback:             0 kB
Node 1 FilePages:         67384 kB
Node 1 Mapped:            26212 kB
Node 1 AnonPages:         10688 kB
Node 1 Shmem:               876 kB
Node 1 KernelStack:        1592 kB
Node 1 PageTables:          400 kB
Node 1 NFS_Unstable:          0 kB
Node 1 Bounce:                0 kB
Node 1 WritebackTmp:          0 kB
Node 1 KReclaimable:      16292 kB
Node 1 Slab:              45120 kB
Node 1 SReclaimable:      16292 kB
Node 1 SUnreclaim:        28828 kB
Node 1 AnonHugePages:         0 kB
Node 1 ShmemHugePages:        0 kB
Node 1 ShmemPmdMapped:        0 kB
Node 1 FileHugePages:        0 kB
Node 1 FilePmdMapped:        0 kB
Node 1 HugePages_Total:     0
Node 1 HugePages_Free:      0
Node 1 HugePages_Surp:      0

Load ZFS
Node 0 MemTotal:       24768352 kB
Node 0 MemFree:        24355368 kB
Node 0 MemUsed:          412984 kB
Node 0 Active:            67476 kB
Node 0 Inactive:          50492 kB
Node 0 Active(anon):      24968 kB
Node 0 Inactive(anon):      260 kB
Node 0 Active(file):      42508 kB
Node 0 Inactive(file):    50232 kB
Node 0 Unevictable:       17048 kB
Node 0 Mlocked:           17048 kB
Node 0 Dirty:               396 kB
Node 0 Writeback:             4 kB
Node 0 FilePages:         99848 kB
Node 0 Mapped:            22660 kB
Node 0 AnonPages:         35124 kB
Node 0 Shmem:               392 kB
Node 0 KernelStack:        2120 kB
Node 0 PageTables:          872 kB
Node 0 NFS_Unstable:          0 kB
Node 0 Bounce:                0 kB
Node 0 WritebackTmp:          0 kB
Node 0 KReclaimable:      25328 kB
Node 0 Slab:              61636 kB
Node 0 SReclaimable:      25328 kB
Node 0 SUnreclaim:        36308 kB
Node 0 AnonHugePages:         0 kB
Node 0 ShmemHugePages:        0 kB
Node 0 ShmemPmdMapped:        0 kB
Node 0 FileHugePages:        0 kB
Node 0 FilePmdMapped:        0 kB
Node 0 HugePages_Total:     0
Node 0 HugePages_Free:      0
Node 0 HugePages_Surp:      0

Node 1 MemTotal:       24661580 kB
Node 1 MemFree:        24451152 kB
Node 1 MemUsed:          210428 kB
Node 1 Active:            36908 kB
Node 1 Inactive:          40656 kB
Node 1 Active(anon):      10980 kB
Node 1 Inactive(anon):      632 kB
Node 1 Active(file):      25928 kB
Node 1 Inactive(file):    40024 kB
Node 1 Unevictable:        1476 kB
Node 1 Mlocked:            1476 kB
Node 1 Dirty:               112 kB
Node 1 Writeback:             0 kB
Node 1 FilePages:         68316 kB
Node 1 Mapped:            26212 kB
Node 1 AnonPages:         10740 kB
Node 1 Shmem:               876 kB
Node 1 KernelStack:        1592 kB
Node 1 PageTables:          400 kB
Node 1 NFS_Unstable:          0 kB
Node 1 Bounce:                0 kB
Node 1 WritebackTmp:          0 kB
Node 1 KReclaimable:      16760 kB
Node 1 Slab:              47208 kB
Node 1 SReclaimable:      16760 kB
Node 1 SUnreclaim:        30448 kB
Node 1 AnonHugePages:         0 kB
Node 1 ShmemHugePages:        0 kB
Node 1 ShmemPmdMapped:        0 kB
Node 1 FileHugePages:        0 kB
Node 1 FilePmdMapped:        0 kB
Node 1 HugePages_Total:     0
Node 1 HugePages_Free:      0
Node 1 HugePages_Surp:      0

Import tank ZPool
Node 0 MemTotal:       24768352 kB
Node 0 MemFree:        24356848 kB
Node 0 MemUsed:          411504 kB
Node 0 Active:            67368 kB
Node 0 Inactive:          50492 kB
Node 0 Active(anon):      24860 kB
Node 0 Inactive(anon):      260 kB
Node 0 Active(file):      42508 kB
Node 0 Inactive(file):    50232 kB
Node 0 Unevictable:       17048 kB
Node 0 Mlocked:           17048 kB
Node 0 Dirty:               180 kB
Node 0 Writeback:             0 kB
Node 0 FilePages:         99844 kB
Node 0 Mapped:            22720 kB
Node 0 AnonPages:         35168 kB
Node 0 Shmem:               388 kB
Node 0 KernelStack:        2104 kB
Node 0 PageTables:          848 kB
Node 0 NFS_Unstable:          0 kB
Node 0 Bounce:                0 kB
Node 0 WritebackTmp:          0 kB
Node 0 KReclaimable:      25328 kB
Node 0 Slab:              61612 kB
Node 0 SReclaimable:      25328 kB
Node 0 SUnreclaim:        36284 kB
Node 0 AnonHugePages:         0 kB
Node 0 ShmemHugePages:        0 kB
Node 0 ShmemPmdMapped:        0 kB
Node 0 FileHugePages:        0 kB
Node 0 FilePmdMapped:        0 kB
Node 0 HugePages_Total:     0
Node 0 HugePages_Free:      0
Node 0 HugePages_Surp:      0

Node 1 MemTotal:       24661580 kB
Node 1 MemFree:        24434048 kB
Node 1 MemUsed:          227532 kB
Node 1 Active:            38088 kB
Node 1 Inactive:          41892 kB
Node 1 Active(anon):      11648 kB
Node 1 Inactive(anon):      636 kB
Node 1 Active(file):      26440 kB
Node 1 Inactive(file):    41256 kB
Node 1 Unevictable:        1476 kB
Node 1 Mlocked:            1476 kB
Node 1 Dirty:               152 kB
Node 1 Writeback:             0 kB
Node 1 FilePages:         70052 kB
Node 1 Mapped:            26464 kB
Node 1 AnonPages:         11036 kB
Node 1 Shmem:               880 kB
Node 1 KernelStack:        2728 kB
Node 1 PageTables:          512 kB
Node 1 NFS_Unstable:          0 kB
Node 1 Bounce:                0 kB
Node 1 WritebackTmp:          0 kB
Node 1 KReclaimable:      16956 kB
Node 1 Slab:              54024 kB
Node 1 SReclaimable:      16956 kB
Node 1 SUnreclaim:        37068 kB
Node 1 AnonHugePages:         0 kB
Node 1 ShmemHugePages:        0 kB
Node 1 ShmemPmdMapped:        0 kB
Node 1 FileHugePages:        0 kB
Node 1 FilePmdMapped:        0 kB
Node 1 HugePages_Total:     0
Node 1 HugePages_Free:      0
Node 1 HugePages_Surp:      0

After Test
Node 0 MemTotal:       24768352 kB
Node 0 MemFree:        24360208 kB
Node 0 MemUsed:          408144 kB
Node 0 Active:            64764 kB
Node 0 Inactive:          50464 kB
Node 0 Active(anon):      22228 kB
Node 0 Inactive(anon):      260 kB
Node 0 Active(file):      42536 kB
Node 0 Inactive(file):    50204 kB
Node 0 Unevictable:       17048 kB
Node 0 Mlocked:           17048 kB
Node 0 Dirty:                16 kB
Node 0 Writeback:             0 kB
Node 0 FilePages:         99844 kB
Node 0 Mapped:            22784 kB
Node 0 AnonPages:         32428 kB
Node 0 Shmem:               388 kB
Node 0 KernelStack:        1944 kB
Node 0 PageTables:          636 kB
Node 0 NFS_Unstable:          0 kB
Node 0 Bounce:                0 kB
Node 0 WritebackTmp:          0 kB
Node 0 KReclaimable:      25328 kB
Node 0 Slab:              61540 kB
Node 0 SReclaimable:      25328 kB
Node 0 SUnreclaim:        36212 kB
Node 0 AnonHugePages:         0 kB
Node 0 ShmemHugePages:        0 kB
Node 0 ShmemPmdMapped:        0 kB
Node 0 FileHugePages:        0 kB
Node 0 FilePmdMapped:        0 kB
Node 0 HugePages_Total:     0
Node 0 HugePages_Free:      0
Node 0 HugePages_Surp:      0

Node 1 MemTotal:       24661580 kB
Node 1 MemFree:        24433896 kB
Node 1 MemUsed:          227684 kB
Node 1 Active:            38100 kB
Node 1 Inactive:          41668 kB
Node 1 Active(anon):      11104 kB
Node 1 Inactive(anon):      636 kB
Node 1 Active(file):      26996 kB
Node 1 Inactive(file):    41032 kB
Node 1 Unevictable:        1476 kB
Node 1 Mlocked:            1476 kB
Node 1 Dirty:                16 kB
Node 1 Writeback:             0 kB
Node 1 FilePages:         70416 kB
Node 1 Mapped:            26212 kB
Node 1 AnonPages:         11000 kB
Node 1 Shmem:               880 kB
Node 1 KernelStack:        2680 kB
Node 1 PageTables:          448 kB
Node 1 NFS_Unstable:          0 kB
Node 1 Bounce:                0 kB
Node 1 WritebackTmp:          0 kB
Node 1 KReclaimable:      17040 kB
Node 1 Slab:              54424 kB
Node 1 SReclaimable:      17040 kB
Node 1 SUnreclaim:        37384 kB
Node 1 AnonHugePages:         0 kB
Node 1 ShmemHugePages:        0 kB
Node 1 ShmemPmdMapped:        0 kB
Node 1 FileHugePages:        0 kB
Node 1 FilePmdMapped:        0 kB
Node 1 HugePages_Total:     0
Node 1 HugePages_Free:      0
Node 1 HugePages_Surp:      0

After Opposite Node
Node 0 MemTotal:       24768352 kB
Node 0 MemFree:        24360340 kB
Node 0 MemUsed:          408012 kB
Node 0 Active:            65280 kB
Node 0 Inactive:          50220 kB
Node 0 Active(anon):      22496 kB
Node 0 Inactive(anon):      260 kB
Node 0 Active(file):      42784 kB
Node 0 Inactive(file):    49960 kB
Node 0 Unevictable:       17048 kB
Node 0 Mlocked:           17048 kB
Node 0 Dirty:                20 kB
Node 0 Writeback:             0 kB
Node 0 FilePages:         99848 kB
Node 0 Mapped:            22568 kB
Node 0 AnonPages:         32532 kB
Node 0 Shmem:               388 kB
Node 0 KernelStack:        1960 kB
Node 0 PageTables:          688 kB
Node 0 NFS_Unstable:          0 kB
Node 0 Bounce:                0 kB
Node 0 WritebackTmp:          0 kB
Node 0 KReclaimable:      25364 kB
Node 0 Slab:              61660 kB
Node 0 SReclaimable:      25364 kB
Node 0 SUnreclaim:        36296 kB
Node 0 AnonHugePages:         0 kB
Node 0 ShmemHugePages:        0 kB
Node 0 ShmemPmdMapped:        0 kB
Node 0 FileHugePages:        0 kB
Node 0 FilePmdMapped:        0 kB
Node 0 HugePages_Total:     0
Node 0 HugePages_Free:      0
Node 0 HugePages_Surp:      0

Node 1 MemTotal:       24661580 kB
Node 1 MemFree:        24434660 kB
Node 1 MemUsed:          226920 kB
Node 1 Active:            37800 kB
Node 1 Inactive:          41648 kB
Node 1 Active(anon):      10712 kB
Node 1 Inactive(anon):      636 kB
Node 1 Active(file):      27088 kB
Node 1 Inactive(file):    41012 kB
Node 1 Unevictable:        1476 kB
Node 1 Mlocked:            1476 kB
Node 1 Dirty:                20 kB
Node 1 Writeback:             0 kB
Node 1 FilePages:         70472 kB
Node 1 Mapped:            26212 kB
Node 1 AnonPages:         10508 kB
Node 1 Shmem:               880 kB
Node 1 KernelStack:        2664 kB
Node 1 PageTables:          396 kB
Node 1 NFS_Unstable:          0 kB
Node 1 Bounce:                0 kB
Node 1 WritebackTmp:          0 kB
Node 1 KReclaimable:      17096 kB
Node 1 Slab:              54748 kB
Node 1 SReclaimable:      17096 kB
Node 1 SUnreclaim:        37652 kB
Node 1 AnonHugePages:         0 kB
Node 1 ShmemHugePages:        0 kB
Node 1 ShmemPmdMapped:        0 kB
Node 1 FileHugePages:        0 kB
Node 1 FilePmdMapped:        0 kB
Node 1 HugePages_Total:     0
Node 1 HugePages_Free:      0
Node 1 HugePages_Surp:      0

U.1.simplememory.16G.2.O Complete!
