kernel.numa_balancing = 0
U.1.simplememory.250M.2.O
Begin
Node 0 MemTotal:       24743736 kB
Node 0 MemFree:        24471212 kB
Node 0 MemUsed:          272524 kB
Node 0 Active:            28740 kB
Node 0 Inactive:          35576 kB
Node 0 Active(anon):      12080 kB
Node 0 Inactive(anon):      496 kB
Node 0 Active(file):      16660 kB
Node 0 Inactive(file):    35080 kB
Node 0 Unevictable:         436 kB
Node 0 Mlocked:             436 kB
Node 0 Dirty:                 0 kB
Node 0 Writeback:             0 kB
Node 0 FilePages:         53308 kB
Node 0 Mapped:            26396 kB
Node 0 AnonPages:         11920 kB
Node 0 Shmem:               692 kB
Node 0 KernelStack:        2232 kB
Node 0 PageTables:          448 kB
Node 0 NFS_Unstable:          0 kB
Node 0 Bounce:                0 kB
Node 0 WritebackTmp:          0 kB
Node 0 KReclaimable:      21916 kB
Node 0 Slab:              54332 kB
Node 0 SReclaimable:      21916 kB
Node 0 SUnreclaim:        32416 kB
Node 0 AnonHugePages:         0 kB
Node 0 ShmemHugePages:        0 kB
Node 0 ShmemPmdMapped:        0 kB
Node 0 FileHugePages:        0 kB
Node 0 FilePmdMapped:        0 kB
Node 0 HugePages_Total:     0
Node 0 HugePages_Free:      0
Node 0 HugePages_Surp:      0

Node 1 MemTotal:       24686196 kB
Node 1 MemFree:        24346580 kB
Node 1 MemUsed:          339616 kB
Node 1 Active:            66736 kB
Node 1 Inactive:          54020 kB
Node 1 Active(anon):      21720 kB
Node 1 Inactive(anon):      380 kB
Node 1 Active(file):      45016 kB
Node 1 Inactive(file):    53640 kB
Node 1 Unevictable:       18088 kB
Node 1 Mlocked:           18088 kB
Node 1 Dirty:                 0 kB
Node 1 Writeback:             0 kB
Node 1 FilePages:        106988 kB
Node 1 Mapped:            26984 kB
Node 1 AnonPages:         31884 kB
Node 1 Shmem:               576 kB
Node 1 KernelStack:        1368 kB
Node 1 PageTables:          616 kB
Node 1 NFS_Unstable:          0 kB
Node 1 Bounce:                0 kB
Node 1 WritebackTmp:          0 kB
Node 1 KReclaimable:      19528 kB
Node 1 Slab:              51004 kB
Node 1 SReclaimable:      19528 kB
Node 1 SUnreclaim:        31476 kB
Node 1 AnonHugePages:         0 kB
Node 1 ShmemHugePages:        0 kB
Node 1 ShmemPmdMapped:        0 kB
Node 1 FileHugePages:        0 kB
Node 1 FilePmdMapped:        0 kB
Node 1 HugePages_Total:     0
Node 1 HugePages_Free:      0
Node 1 HugePages_Surp:      0

Load ZFS
Node 0 MemTotal:       24743736 kB
Node 0 MemFree:        24390496 kB
Node 0 MemUsed:          353240 kB
Node 0 Active:            36704 kB
Node 0 Inactive:          35664 kB
Node 0 Active(anon):      18384 kB
Node 0 Inactive(anon):      496 kB
Node 0 Active(file):      18320 kB
Node 0 Inactive(file):    35168 kB
Node 0 Unevictable:         436 kB
Node 0 Mlocked:             436 kB
Node 0 Dirty:                68 kB
Node 0 Writeback:             0 kB
Node 0 FilePages:         54616 kB
Node 0 Mapped:            26556 kB
Node 0 AnonPages:         17704 kB
Node 0 Shmem:               692 kB
Node 0 KernelStack:        2424 kB
Node 0 PageTables:          968 kB
Node 0 NFS_Unstable:          0 kB
Node 0 Bounce:                0 kB
Node 0 WritebackTmp:          0 kB
Node 0 KReclaimable:      22476 kB
Node 0 Slab:              56728 kB
Node 0 SReclaimable:      22476 kB
Node 0 SUnreclaim:        34252 kB
Node 0 AnonHugePages:         0 kB
Node 0 ShmemHugePages:        0 kB
Node 0 ShmemPmdMapped:        0 kB
Node 0 FileHugePages:        0 kB
Node 0 FilePmdMapped:        0 kB
Node 0 HugePages_Total:     0
Node 0 HugePages_Free:      0
Node 0 HugePages_Surp:      0

Node 1 MemTotal:       24686196 kB
Node 1 MemFree:        24412320 kB
Node 1 MemUsed:          273876 kB
Node 1 Active:            75100 kB
Node 1 Inactive:          49972 kB
Node 1 Active(anon):      24932 kB
Node 1 Inactive(anon):      380 kB
Node 1 Active(file):      50168 kB
Node 1 Inactive(file):    49592 kB
Node 1 Unevictable:       18088 kB
Node 1 Mlocked:           18088 kB
Node 1 Dirty:                 4 kB
Node 1 Writeback:             0 kB
Node 1 FilePages:        108092 kB
Node 1 Mapped:            26984 kB
Node 1 AnonPages:         35144 kB
Node 1 Shmem:               576 kB
Node 1 KernelStack:        1432 kB
Node 1 PageTables:          616 kB
Node 1 NFS_Unstable:          0 kB
Node 1 Bounce:                0 kB
Node 1 WritebackTmp:          0 kB
Node 1 KReclaimable:      19996 kB
Node 1 Slab:              52788 kB
Node 1 SReclaimable:      19996 kB
Node 1 SUnreclaim:        32792 kB
Node 1 AnonHugePages:         0 kB
Node 1 ShmemHugePages:        0 kB
Node 1 ShmemPmdMapped:        0 kB
Node 1 FileHugePages:        0 kB
Node 1 FilePmdMapped:        0 kB
Node 1 HugePages_Total:     0
Node 1 HugePages_Free:      0
Node 1 HugePages_Surp:      0

Import tank ZPool
Node 0 MemTotal:       24743736 kB
Node 0 MemFree:        24371664 kB
Node 0 MemUsed:          372072 kB
Node 0 Active:            37016 kB
Node 0 Inactive:          36796 kB
Node 0 Active(anon):      18200 kB
Node 0 Inactive(anon):      500 kB
Node 0 Active(file):      18816 kB
Node 0 Inactive(file):    36296 kB
Node 0 Unevictable:         436 kB
Node 0 Mlocked:             436 kB
Node 0 Dirty:               132 kB
Node 0 Writeback:             0 kB
Node 0 FilePages:         56264 kB
Node 0 Mapped:            26668 kB
Node 0 AnonPages:         17688 kB
Node 0 Shmem:               696 kB
Node 0 KernelStack:        3560 kB
Node 0 PageTables:         1036 kB
Node 0 NFS_Unstable:          0 kB
Node 0 Bounce:                0 kB
Node 0 WritebackTmp:          0 kB
Node 0 KReclaimable:      22608 kB
Node 0 Slab:              63768 kB
Node 0 SReclaimable:      22608 kB
Node 0 SUnreclaim:        41160 kB
Node 0 AnonHugePages:         0 kB
Node 0 ShmemHugePages:        0 kB
Node 0 ShmemPmdMapped:        0 kB
Node 0 FileHugePages:        0 kB
Node 0 FilePmdMapped:        0 kB
Node 0 HugePages_Total:     0
Node 0 HugePages_Free:      0
Node 0 HugePages_Surp:      0

Node 1 MemTotal:       24686196 kB
Node 1 MemFree:        24413076 kB
Node 1 MemUsed:          273120 kB
Node 1 Active:            75108 kB
Node 1 Inactive:          49960 kB
Node 1 Active(anon):      24928 kB
Node 1 Inactive(anon):      380 kB
Node 1 Active(file):      50180 kB
Node 1 Inactive(file):    49580 kB
Node 1 Unevictable:       18088 kB
Node 1 Mlocked:           18088 kB
Node 1 Dirty:                24 kB
Node 1 Writeback:             0 kB
Node 1 FilePages:        108088 kB
Node 1 Mapped:            27228 kB
Node 1 AnonPages:         35144 kB
Node 1 Shmem:               572 kB
Node 1 KernelStack:        1432 kB
Node 1 PageTables:          616 kB
Node 1 NFS_Unstable:          0 kB
Node 1 Bounce:                0 kB
Node 1 WritebackTmp:          0 kB
Node 1 KReclaimable:      19996 kB
Node 1 Slab:              52788 kB
Node 1 SReclaimable:      19996 kB
Node 1 SUnreclaim:        32792 kB
Node 1 AnonHugePages:         0 kB
Node 1 ShmemHugePages:        0 kB
Node 1 ShmemPmdMapped:        0 kB
Node 1 FileHugePages:        0 kB
Node 1 FilePmdMapped:        0 kB
Node 1 HugePages_Total:     0
Node 1 HugePages_Free:      0
Node 1 HugePages_Surp:      0

After Test
Node 0 MemTotal:       24743736 kB
Node 0 MemFree:        24371772 kB
Node 0 MemUsed:          371964 kB
Node 0 Active:            37368 kB
Node 0 Inactive:          36480 kB
Node 0 Active(anon):      18148 kB
Node 0 Inactive(anon):      500 kB
Node 0 Active(file):      19220 kB
Node 0 Inactive(file):    35980 kB
Node 0 Unevictable:         436 kB
Node 0 Mlocked:             436 kB
Node 0 Dirty:               132 kB
Node 0 Writeback:             0 kB
Node 0 FilePages:         56352 kB
Node 0 Mapped:            26444 kB
Node 0 AnonPages:         17964 kB
Node 0 Shmem:               696 kB
Node 0 KernelStack:        3496 kB
Node 0 PageTables:          940 kB
Node 0 NFS_Unstable:          0 kB
Node 0 Bounce:                0 kB
Node 0 WritebackTmp:          0 kB
Node 0 KReclaimable:      22608 kB
Node 0 Slab:              63912 kB
Node 0 SReclaimable:      22608 kB
Node 0 SUnreclaim:        41304 kB
Node 0 AnonHugePages:         0 kB
Node 0 ShmemHugePages:        0 kB
Node 0 ShmemPmdMapped:        0 kB
Node 0 FileHugePages:        0 kB
Node 0 FilePmdMapped:        0 kB
Node 0 HugePages_Total:     0
Node 0 HugePages_Free:      0
Node 0 HugePages_Surp:      0

Node 1 MemTotal:       24686196 kB
Node 1 MemFree:        24412068 kB
Node 1 MemUsed:          274128 kB
Node 1 Active:            75864 kB
Node 1 Inactive:          50008 kB
Node 1 Active(anon):      25400 kB
Node 1 Inactive(anon):      380 kB
Node 1 Active(file):      50464 kB
Node 1 Inactive(file):    49628 kB
Node 1 Unevictable:       18088 kB
Node 1 Mlocked:           18088 kB
Node 1 Dirty:                24 kB
Node 1 Writeback:             0 kB
Node 1 FilePages:        108420 kB
Node 1 Mapped:            26992 kB
Node 1 AnonPages:         35296 kB
Node 1 Shmem:               572 kB
Node 1 KernelStack:        1448 kB
Node 1 PageTables:          772 kB
Node 1 NFS_Unstable:          0 kB
Node 1 Bounce:                0 kB
Node 1 WritebackTmp:          0 kB
Node 1 KReclaimable:      20032 kB
Node 1 Slab:              52916 kB
Node 1 SReclaimable:      20032 kB
Node 1 SUnreclaim:        32884 kB
Node 1 AnonHugePages:         0 kB
Node 1 ShmemHugePages:        0 kB
Node 1 ShmemPmdMapped:        0 kB
Node 1 FileHugePages:        0 kB
Node 1 FilePmdMapped:        0 kB
Node 1 HugePages_Total:     0
Node 1 HugePages_Free:      0
Node 1 HugePages_Surp:      0

After Opposite Node
Node 0 MemTotal:       24743736 kB
Node 0 MemFree:        24372056 kB
Node 0 MemUsed:          371680 kB
Node 0 Active:            37644 kB
Node 0 Inactive:          36256 kB
Node 0 Active(anon):      18196 kB
Node 0 Inactive(anon):      500 kB
Node 0 Active(file):      19448 kB
Node 0 Inactive(file):    35756 kB
Node 0 Unevictable:         436 kB
Node 0 Mlocked:             436 kB
Node 0 Dirty:               132 kB
Node 0 Writeback:             0 kB
Node 0 FilePages:         56356 kB
Node 0 Mapped:            26412 kB
Node 0 AnonPages:         18124 kB
Node 0 Shmem:               696 kB
Node 0 KernelStack:        3496 kB
Node 0 PageTables:          908 kB
Node 0 NFS_Unstable:          0 kB
Node 0 Bounce:                0 kB
Node 0 WritebackTmp:          0 kB
Node 0 KReclaimable:      22640 kB
Node 0 Slab:              64012 kB
Node 0 SReclaimable:      22640 kB
Node 0 SUnreclaim:        41372 kB
Node 0 AnonHugePages:         0 kB
Node 0 ShmemHugePages:        0 kB
Node 0 ShmemPmdMapped:        0 kB
Node 0 FileHugePages:        0 kB
Node 0 FilePmdMapped:        0 kB
Node 0 HugePages_Total:     0
Node 0 HugePages_Free:      0
Node 0 HugePages_Surp:      0

Node 1 MemTotal:       24686196 kB
Node 1 MemFree:        24411696 kB
Node 1 MemUsed:          274500 kB
Node 1 Active:            75828 kB
Node 1 Inactive:          49956 kB
Node 1 Active(anon):      25300 kB
Node 1 Inactive(anon):      380 kB
Node 1 Active(file):      50528 kB
Node 1 Inactive(file):    49576 kB
Node 1 Unevictable:       18088 kB
Node 1 Mlocked:           18088 kB
Node 1 Dirty:                36 kB
Node 1 Writeback:             0 kB
Node 1 FilePages:        108432 kB
Node 1 Mapped:            27016 kB
Node 1 AnonPages:         35480 kB
Node 1 Shmem:               572 kB
Node 1 KernelStack:        1448 kB
Node 1 PageTables:          616 kB
Node 1 NFS_Unstable:          0 kB
Node 1 Bounce:                0 kB
Node 1 WritebackTmp:          0 kB
Node 1 KReclaimable:      20032 kB
Node 1 Slab:              52916 kB
Node 1 SReclaimable:      20032 kB
Node 1 SUnreclaim:        32884 kB
Node 1 AnonHugePages:         0 kB
Node 1 ShmemHugePages:        0 kB
Node 1 ShmemPmdMapped:        0 kB
Node 1 FileHugePages:        0 kB
Node 1 FilePmdMapped:        0 kB
Node 1 HugePages_Total:     0
Node 1 HugePages_Free:      0
Node 1 HugePages_Surp:      0

U.1.simplememory.250M.2.O Complete!
