kernel.numa_balancing = 0
5 Tests Remaining!
U.1.simplememory.250M.1.O
Begin
Node 0 MemTotal:       24743736 kB
Node 0 MemFree:        24340156 kB
Node 0 MemUsed:          403580 kB
Node 0 Active:            55392 kB
Node 0 Inactive:          61724 kB
Node 0 Active(anon):      16088 kB
Node 0 Inactive(anon):      396 kB
Node 0 Active(file):      39304 kB
Node 0 Inactive(file):    61328 kB
Node 0 Unevictable:        1616 kB
Node 0 Mlocked:            1616 kB
Node 0 Dirty:               408 kB
Node 0 Writeback:             0 kB
Node 0 FilePages:        102820 kB
Node 0 Mapped:            14380 kB
Node 0 AnonPages:         15720 kB
Node 0 Shmem:               560 kB
Node 0 KernelStack:        2472 kB
Node 0 PageTables:          604 kB
Node 0 NFS_Unstable:          0 kB
Node 0 Bounce:                0 kB
Node 0 WritebackTmp:          0 kB
Node 0 KReclaimable:      24820 kB
Node 0 Slab:              62656 kB
Node 0 SReclaimable:      24820 kB
Node 0 SUnreclaim:        37836 kB
Node 0 AnonHugePages:         0 kB
Node 0 ShmemHugePages:        0 kB
Node 0 ShmemPmdMapped:        0 kB
Node 0 FileHugePages:        0 kB
Node 0 FilePmdMapped:        0 kB
Node 0 HugePages_Total:     0
Node 0 HugePages_Free:      0
Node 0 HugePages_Surp:      0

Node 1 MemTotal:       24686196 kB
Node 1 MemFree:        24455920 kB
Node 1 MemUsed:          230276 kB
Node 1 Active:            42700 kB
Node 1 Inactive:          50140 kB
Node 1 Active(anon):      18856 kB
Node 1 Inactive(anon):      496 kB
Node 1 Active(file):      23844 kB
Node 1 Inactive(file):    49644 kB
Node 1 Unevictable:       16908 kB
Node 1 Mlocked:           16908 kB
Node 1 Dirty:               132 kB
Node 1 Writeback:             0 kB
Node 1 FilePages:         80772 kB
Node 1 Mapped:            43448 kB
Node 1 AnonPages:         28952 kB
Node 1 Shmem:               708 kB
Node 1 KernelStack:        1400 kB
Node 1 PageTables:          772 kB
Node 1 NFS_Unstable:          0 kB
Node 1 Bounce:                0 kB
Node 1 WritebackTmp:          0 kB
Node 1 KReclaimable:      17172 kB
Node 1 Slab:              44452 kB
Node 1 SReclaimable:      17172 kB
Node 1 SUnreclaim:        27280 kB
Node 1 AnonHugePages:         0 kB
Node 1 ShmemHugePages:        0 kB
Node 1 ShmemPmdMapped:        0 kB
Node 1 FileHugePages:        0 kB
Node 1 FilePmdMapped:        0 kB
Node 1 HugePages_Total:     0
Node 1 HugePages_Free:      0
Node 1 HugePages_Surp:      0

Load ZFS
Node 0 MemTotal:       24743736 kB
Node 0 MemFree:        24333916 kB
Node 0 MemUsed:          409820 kB
Node 0 Active:            61032 kB
Node 0 Inactive:          57924 kB
Node 0 Active(anon):      16156 kB
Node 0 Inactive(anon):      396 kB
Node 0 Active(file):      44876 kB
Node 0 Inactive(file):    57528 kB
Node 0 Unevictable:        1616 kB
Node 0 Mlocked:            1616 kB
Node 0 Dirty:               172 kB
Node 0 Writeback:             0 kB
Node 0 FilePages:        104584 kB
Node 0 Mapped:            14216 kB
Node 0 AnonPages:         15624 kB
Node 0 Shmem:               560 kB
Node 0 KernelStack:        2360 kB
Node 0 PageTables:          468 kB
Node 0 NFS_Unstable:          0 kB
Node 0 Bounce:                0 kB
Node 0 WritebackTmp:          0 kB
Node 0 KReclaimable:      25104 kB
Node 0 Slab:              63980 kB
Node 0 SReclaimable:      25104 kB
Node 0 SUnreclaim:        38876 kB
Node 0 AnonHugePages:         0 kB
Node 0 ShmemHugePages:        0 kB
Node 0 ShmemPmdMapped:        0 kB
Node 0 FileHugePages:        0 kB
Node 0 FilePmdMapped:        0 kB
Node 0 HugePages_Total:     0
Node 0 HugePages_Free:      0
Node 0 HugePages_Surp:      0

Node 1 MemTotal:       24686196 kB
Node 1 MemFree:        24450452 kB
Node 1 MemUsed:          235744 kB
Node 1 Active:            47200 kB
Node 1 Inactive:          49832 kB
Node 1 Active(anon):      22272 kB
Node 1 Inactive(anon):      496 kB
Node 1 Active(file):      24928 kB
Node 1 Inactive(file):    49336 kB
Node 1 Unevictable:       16908 kB
Node 1 Mlocked:           16908 kB
Node 1 Dirty:               176 kB
Node 1 Writeback:             0 kB
Node 1 FilePages:         81548 kB
Node 1 Mapped:            43608 kB
Node 1 AnonPages:         32540 kB
Node 1 Shmem:               708 kB
Node 1 KernelStack:        1352 kB
Node 1 PageTables:          988 kB
Node 1 NFS_Unstable:          0 kB
Node 1 Bounce:                0 kB
Node 1 WritebackTmp:          0 kB
Node 1 KReclaimable:      17592 kB
Node 1 Slab:              46304 kB
Node 1 SReclaimable:      17592 kB
Node 1 SUnreclaim:        28712 kB
Node 1 AnonHugePages:         0 kB
Node 1 ShmemHugePages:        0 kB
Node 1 ShmemPmdMapped:        0 kB
Node 1 FileHugePages:        0 kB
Node 1 FilePmdMapped:        0 kB
Node 1 HugePages_Total:     0
Node 1 HugePages_Free:      0
Node 1 HugePages_Surp:      0

Import tank ZPool
Node 0 MemTotal:       24743736 kB
Node 0 MemFree:        24315848 kB
Node 0 MemUsed:          427888 kB
Node 0 Active:            61572 kB
Node 0 Inactive:          59144 kB
Node 0 Active(anon):      16216 kB
Node 0 Inactive(anon):      400 kB
Node 0 Active(file):      45356 kB
Node 0 Inactive(file):    58744 kB
Node 0 Unevictable:        1616 kB
Node 0 Mlocked:            1616 kB
Node 0 Dirty:               196 kB
Node 0 Writeback:             0 kB
Node 0 FilePages:        106308 kB
Node 0 Mapped:            14416 kB
Node 0 AnonPages:         15712 kB
Node 0 Shmem:               560 kB
Node 0 KernelStack:        3528 kB
Node 0 PageTables:          564 kB
Node 0 NFS_Unstable:          0 kB
Node 0 Bounce:                0 kB
Node 0 WritebackTmp:          0 kB
Node 0 KReclaimable:      25252 kB
Node 0 Slab:              70604 kB
Node 0 SReclaimable:      25252 kB
Node 0 SUnreclaim:        45352 kB
Node 0 AnonHugePages:         0 kB
Node 0 ShmemHugePages:        0 kB
Node 0 ShmemPmdMapped:        0 kB
Node 0 FileHugePages:        0 kB
Node 0 FilePmdMapped:        0 kB
Node 0 HugePages_Total:     0
Node 0 HugePages_Free:      0
Node 0 HugePages_Surp:      0

Node 1 MemTotal:       24686196 kB
Node 1 MemFree:        24451924 kB
Node 1 MemUsed:          234272 kB
Node 1 Active:            47292 kB
Node 1 Inactive:          49776 kB
Node 1 Active(anon):      22308 kB
Node 1 Inactive(anon):      496 kB
Node 1 Active(file):      24984 kB
Node 1 Inactive(file):    49280 kB
Node 1 Unevictable:       16908 kB
Node 1 Mlocked:           16908 kB
Node 1 Dirty:               200 kB
Node 1 Writeback:             0 kB
Node 1 FilePages:         81548 kB
Node 1 Mapped:            43732 kB
Node 1 AnonPages:         32556 kB
Node 1 Shmem:               708 kB
Node 1 KernelStack:        1336 kB
Node 1 PageTables:          988 kB
Node 1 NFS_Unstable:          0 kB
Node 1 Bounce:                0 kB
Node 1 WritebackTmp:          0 kB
Node 1 KReclaimable:      17608 kB
Node 1 Slab:              46360 kB
Node 1 SReclaimable:      17608 kB
Node 1 SUnreclaim:        28752 kB
Node 1 AnonHugePages:         0 kB
Node 1 ShmemHugePages:        0 kB
Node 1 ShmemPmdMapped:        0 kB
Node 1 FileHugePages:        0 kB
Node 1 FilePmdMapped:        0 kB
Node 1 HugePages_Total:     0
Node 1 HugePages_Free:      0
Node 1 HugePages_Surp:      0

After Test
Node 0 MemTotal:       24743736 kB
Node 0 MemFree:        24316208 kB
Node 0 MemUsed:          427528 kB
Node 0 Active:            61588 kB
Node 0 Inactive:          58944 kB
Node 0 Active(anon):      15968 kB
Node 0 Inactive(anon):      400 kB
Node 0 Active(file):      45620 kB
Node 0 Inactive(file):    58544 kB
Node 0 Unevictable:        1616 kB
Node 0 Mlocked:            1616 kB
Node 0 Dirty:                88 kB
Node 0 Writeback:             0 kB
Node 0 FilePages:        106340 kB
Node 0 Mapped:            14244 kB
Node 0 AnonPages:         15852 kB
Node 0 Shmem:               560 kB
Node 0 KernelStack:        3480 kB
Node 0 PageTables:          468 kB
Node 0 NFS_Unstable:          0 kB
Node 0 Bounce:                0 kB
Node 0 WritebackTmp:          0 kB
Node 0 KReclaimable:      25252 kB
Node 0 Slab:              70648 kB
Node 0 SReclaimable:      25252 kB
Node 0 SUnreclaim:        45396 kB
Node 0 AnonHugePages:         0 kB
Node 0 ShmemHugePages:        0 kB
Node 0 ShmemPmdMapped:        0 kB
Node 0 FileHugePages:        0 kB
Node 0 FilePmdMapped:        0 kB
Node 0 HugePages_Total:     0
Node 0 HugePages_Free:      0
Node 0 HugePages_Surp:      0

Node 1 MemTotal:       24686196 kB
Node 1 MemFree:        24449900 kB
Node 1 MemUsed:          236296 kB
Node 1 Active:            47588 kB
Node 1 Inactive:          49772 kB
Node 1 Active(anon):      22600 kB
Node 1 Inactive(anon):      496 kB
Node 1 Active(file):      24988 kB
Node 1 Inactive(file):    49276 kB
Node 1 Unevictable:       16908 kB
Node 1 Mlocked:           16908 kB
Node 1 Dirty:               200 kB
Node 1 Writeback:             0 kB
Node 1 FilePages:         81548 kB
Node 1 Mapped:            43448 kB
Node 1 AnonPages:         32800 kB
Node 1 Shmem:               708 kB
Node 1 KernelStack:        1336 kB
Node 1 PageTables:          988 kB
Node 1 NFS_Unstable:          0 kB
Node 1 Bounce:                0 kB
Node 1 WritebackTmp:          0 kB
Node 1 KReclaimable:      17608 kB
Node 1 Slab:              46360 kB
Node 1 SReclaimable:      17608 kB
Node 1 SUnreclaim:        28752 kB
Node 1 AnonHugePages:         0 kB
Node 1 ShmemHugePages:        0 kB
Node 1 ShmemPmdMapped:        0 kB
Node 1 FileHugePages:        0 kB
Node 1 FilePmdMapped:        0 kB
Node 1 HugePages_Total:     0
Node 1 HugePages_Free:      0
Node 1 HugePages_Surp:      0

After Opposite Node
Node 0 MemTotal:       24743736 kB
Node 0 MemFree:        24315184 kB
Node 0 MemUsed:          428552 kB
Node 0 Active:            62264 kB
Node 0 Inactive:          58644 kB
Node 0 Active(anon):      16332 kB
Node 0 Inactive(anon):      400 kB
Node 0 Active(file):      45932 kB
Node 0 Inactive(file):    58244 kB
Node 0 Unevictable:        1616 kB
Node 0 Mlocked:            1616 kB
Node 0 Dirty:                96 kB
Node 0 Writeback:             0 kB
Node 0 FilePages:        106352 kB
Node 0 Mapped:            14280 kB
Node 0 AnonPages:         15892 kB
Node 0 Shmem:               560 kB
Node 0 KernelStack:        3496 kB
Node 0 PageTables:          604 kB
Node 0 NFS_Unstable:          0 kB
Node 0 Bounce:                0 kB
Node 0 WritebackTmp:          0 kB
Node 0 KReclaimable:      25284 kB
Node 0 Slab:              70756 kB
Node 0 SReclaimable:      25284 kB
Node 0 SUnreclaim:        45472 kB
Node 0 AnonHugePages:         0 kB
Node 0 ShmemHugePages:        0 kB
Node 0 ShmemPmdMapped:        0 kB
Node 0 FileHugePages:        0 kB
Node 0 FilePmdMapped:        0 kB
Node 0 HugePages_Total:     0
Node 0 HugePages_Free:      0
Node 0 HugePages_Surp:      0

Node 1 MemTotal:       24686196 kB
Node 1 MemFree:        24450220 kB
Node 1 MemUsed:          235976 kB
Node 1 Active:            47744 kB
Node 1 Inactive:          49760 kB
Node 1 Active(anon):      22440 kB
Node 1 Inactive(anon):      496 kB
Node 1 Active(file):      25304 kB
Node 1 Inactive(file):    49264 kB
Node 1 Unevictable:       16908 kB
Node 1 Mlocked:           16908 kB
Node 1 Dirty:               204 kB
Node 1 Writeback:             0 kB
Node 1 FilePages:         81852 kB
Node 1 Mapped:            43456 kB
Node 1 AnonPages:         32560 kB
Node 1 Shmem:               708 kB
Node 1 KernelStack:        1336 kB
Node 1 PageTables:          988 kB
Node 1 NFS_Unstable:          0 kB
Node 1 Bounce:                0 kB
Node 1 WritebackTmp:          0 kB
Node 1 KReclaimable:      17700 kB
Node 1 Slab:              46552 kB
Node 1 SReclaimable:      17700 kB
Node 1 SUnreclaim:        28852 kB
Node 1 AnonHugePages:         0 kB
Node 1 ShmemHugePages:        0 kB
Node 1 ShmemPmdMapped:        0 kB
Node 1 FileHugePages:        0 kB
Node 1 FilePmdMapped:        0 kB
Node 1 HugePages_Total:     0
Node 1 HugePages_Free:      0
Node 1 HugePages_Surp:      0

U.1.simplememory.250M.1.O Complete!
