kernel.numa_balancing = 0
U.1.simplememory.2G.1.O
Begin
Node 0 MemTotal:       24743736 kB
Node 0 MemFree:        24502568 kB
Node 0 MemUsed:          241168 kB
Node 0 Active:            35568 kB
Node 0 Inactive:          55596 kB
Node 0 Active(anon):      13724 kB
Node 0 Inactive(anon):      464 kB
Node 0 Active(file):      21844 kB
Node 0 Inactive(file):    55132 kB
Node 0 Unevictable:        6124 kB
Node 0 Mlocked:            6124 kB
Node 0 Dirty:               388 kB
Node 0 Writeback:             0 kB
Node 0 FilePages:         83768 kB
Node 0 Mapped:            13824 kB
Node 0 AnonPages:         13544 kB
Node 0 Shmem:               644 kB
Node 0 KernelStack:        2104 kB
Node 0 PageTables:          300 kB
Node 0 NFS_Unstable:          0 kB
Node 0 Bounce:                0 kB
Node 0 WritebackTmp:          0 kB
Node 0 KReclaimable:      22620 kB
Node 0 Slab:              51216 kB
Node 0 SReclaimable:      22620 kB
Node 0 SUnreclaim:        28596 kB
Node 0 AnonHugePages:         0 kB
Node 0 ShmemHugePages:        0 kB
Node 0 ShmemPmdMapped:        0 kB
Node 0 FileHugePages:        0 kB
Node 0 FilePmdMapped:        0 kB
Node 0 HugePages_Total:     0
Node 0 HugePages_Free:      0
Node 0 HugePages_Surp:      0

Node 1 MemTotal:       24686196 kB
Node 1 MemFree:        24313260 kB
Node 1 MemUsed:          372936 kB
Node 1 Active:            59592 kB
Node 1 Inactive:          35268 kB
Node 1 Active(anon):      19920 kB
Node 1 Inactive(anon):      392 kB
Node 1 Active(file):      39672 kB
Node 1 Inactive(file):    34876 kB
Node 1 Unevictable:       12400 kB
Node 1 Mlocked:           12400 kB
Node 1 Dirty:               140 kB
Node 1 Writeback:             0 kB
Node 1 FilePages:         77276 kB
Node 1 Mapped:            31008 kB
Node 1 AnonPages:         30104 kB
Node 1 Shmem:               624 kB
Node 1 KernelStack:        1544 kB
Node 1 PageTables:          796 kB
Node 1 NFS_Unstable:          0 kB
Node 1 Bounce:                0 kB
Node 1 WritebackTmp:          0 kB
Node 1 KReclaimable:      19232 kB
Node 1 Slab:              56072 kB
Node 1 SReclaimable:      19232 kB
Node 1 SUnreclaim:        36840 kB
Node 1 AnonHugePages:         0 kB
Node 1 ShmemHugePages:        0 kB
Node 1 ShmemPmdMapped:        0 kB
Node 1 FileHugePages:        0 kB
Node 1 FilePmdMapped:        0 kB
Node 1 HugePages_Total:     0
Node 1 HugePages_Free:      0
Node 1 HugePages_Surp:      0

Load ZFS
Node 0 MemTotal:       24743736 kB
Node 0 MemFree:        24503136 kB
Node 0 MemUsed:          240600 kB
Node 0 Active:            43944 kB
Node 0 Inactive:          51004 kB
Node 0 Active(anon):      16760 kB
Node 0 Inactive(anon):      464 kB
Node 0 Active(file):      27184 kB
Node 0 Inactive(file):    50540 kB
Node 0 Unevictable:        6124 kB
Node 0 Mlocked:            6124 kB
Node 0 Dirty:               388 kB
Node 0 Writeback:             0 kB
Node 0 FilePages:         84488 kB
Node 0 Mapped:            13824 kB
Node 0 AnonPages:         16656 kB
Node 0 Shmem:               644 kB
Node 0 KernelStack:        2104 kB
Node 0 PageTables:          332 kB
Node 0 NFS_Unstable:          0 kB
Node 0 Bounce:                0 kB
Node 0 WritebackTmp:          0 kB
Node 0 KReclaimable:      23092 kB
Node 0 Slab:              53404 kB
Node 0 SReclaimable:      23092 kB
Node 0 SUnreclaim:        30312 kB
Node 0 AnonHugePages:         0 kB
Node 0 ShmemHugePages:        0 kB
Node 0 ShmemPmdMapped:        0 kB
Node 0 FileHugePages:        0 kB
Node 0 FilePmdMapped:        0 kB
Node 0 HugePages_Total:     0
Node 0 HugePages_Free:      0
Node 0 HugePages_Surp:      0

Node 1 MemTotal:       24686196 kB
Node 1 MemFree:        24300284 kB
Node 1 MemUsed:          385912 kB
Node 1 Active:            65168 kB
Node 1 Inactive:          35868 kB
Node 1 Active(anon):      24264 kB
Node 1 Inactive(anon):      392 kB
Node 1 Active(file):      40904 kB
Node 1 Inactive(file):    35476 kB
Node 1 Unevictable:       12400 kB
Node 1 Mlocked:           12400 kB
Node 1 Dirty:               168 kB
Node 1 Writeback:             0 kB
Node 1 FilePages:         79076 kB
Node 1 Mapped:            31168 kB
Node 1 AnonPages:         33880 kB
Node 1 Shmem:               624 kB
Node 1 KernelStack:        1720 kB
Node 1 PageTables:         1272 kB
Node 1 NFS_Unstable:          0 kB
Node 1 Bounce:                0 kB
Node 1 WritebackTmp:          0 kB
Node 1 KReclaimable:      19648 kB
Node 1 Slab:              58324 kB
Node 1 SReclaimable:      19648 kB
Node 1 SUnreclaim:        38676 kB
Node 1 AnonHugePages:         0 kB
Node 1 ShmemHugePages:        0 kB
Node 1 ShmemPmdMapped:        0 kB
Node 1 FileHugePages:        0 kB
Node 1 FilePmdMapped:        0 kB
Node 1 HugePages_Total:     0
Node 1 HugePages_Free:      0
Node 1 HugePages_Surp:      0

Import tank ZPool
Node 0 MemTotal:       24743736 kB
Node 0 MemFree:        24490440 kB
Node 0 MemUsed:          253296 kB
Node 0 Active:            41100 kB
Node 0 Inactive:          50964 kB
Node 0 Active(anon):      13852 kB
Node 0 Inactive(anon):      464 kB
Node 0 Active(file):      27248 kB
Node 0 Inactive(file):    50500 kB
Node 0 Unevictable:        6124 kB
Node 0 Mlocked:            6124 kB
Node 0 Dirty:               148 kB
Node 0 Writeback:             0 kB
Node 0 FilePages:         84524 kB
Node 0 Mapped:            14120 kB
Node 0 AnonPages:         13388 kB
Node 0 Shmem:               640 kB
Node 0 KernelStack:        3224 kB
Node 0 PageTables:          308 kB
Node 0 NFS_Unstable:          0 kB
Node 0 Bounce:                0 kB
Node 0 WritebackTmp:          0 kB
Node 0 KReclaimable:      23092 kB
Node 0 Slab:              55668 kB
Node 0 SReclaimable:      23092 kB
Node 0 SUnreclaim:        32576 kB
Node 0 AnonHugePages:         0 kB
Node 0 ShmemHugePages:        0 kB
Node 0 ShmemPmdMapped:        0 kB
Node 0 FileHugePages:        0 kB
Node 0 FilePmdMapped:        0 kB
Node 0 HugePages_Total:     0
Node 0 HugePages_Free:      0
Node 0 HugePages_Surp:      0

Node 1 MemTotal:       24686196 kB
Node 1 MemFree:        24296248 kB
Node 1 MemUsed:          389948 kB
Node 1 Active:            61492 kB
Node 1 Inactive:          37088 kB
Node 1 Active(anon):      20116 kB
Node 1 Inactive(anon):      396 kB
Node 1 Active(file):      41376 kB
Node 1 Inactive(file):    36692 kB
Node 1 Unevictable:       12400 kB
Node 1 Mlocked:           12400 kB
Node 1 Dirty:               216 kB
Node 1 Writeback:             0 kB
Node 1 FilePages:         80768 kB
Node 1 Mapped:            31244 kB
Node 1 AnonPages:         29800 kB
Node 1 Shmem:               628 kB
Node 1 KernelStack:        1560 kB
Node 1 PageTables:          892 kB
Node 1 NFS_Unstable:          0 kB
Node 1 Bounce:                0 kB
Node 1 WritebackTmp:          0 kB
Node 1 KReclaimable:      19768 kB
Node 1 Slab:              63504 kB
Node 1 SReclaimable:      19768 kB
Node 1 SUnreclaim:        43736 kB
Node 1 AnonHugePages:         0 kB
Node 1 ShmemHugePages:        0 kB
Node 1 ShmemPmdMapped:        0 kB
Node 1 FileHugePages:        0 kB
Node 1 FilePmdMapped:        0 kB
Node 1 HugePages_Total:     0
Node 1 HugePages_Free:      0
Node 1 HugePages_Surp:      0

After Test
Node 0 MemTotal:       24743736 kB
Node 0 MemFree:        24490832 kB
Node 0 MemUsed:          252904 kB
Node 0 Active:            41108 kB
Node 0 Inactive:          50868 kB
Node 0 Active(anon):      13732 kB
Node 0 Inactive(anon):      464 kB
Node 0 Active(file):      27376 kB
Node 0 Inactive(file):    50404 kB
Node 0 Unevictable:        6124 kB
Node 0 Mlocked:            6124 kB
Node 0 Dirty:                48 kB
Node 0 Writeback:             0 kB
Node 0 FilePages:         84540 kB
Node 0 Mapped:            14112 kB
Node 0 AnonPages:         13608 kB
Node 0 Shmem:               640 kB
Node 0 KernelStack:        3192 kB
Node 0 PageTables:          336 kB
Node 0 NFS_Unstable:          0 kB
Node 0 Bounce:                0 kB
Node 0 WritebackTmp:          0 kB
Node 0 KReclaimable:      23092 kB
Node 0 Slab:              55732 kB
Node 0 SReclaimable:      23092 kB
Node 0 SUnreclaim:        32640 kB
Node 0 AnonHugePages:         0 kB
Node 0 ShmemHugePages:        0 kB
Node 0 ShmemPmdMapped:        0 kB
Node 0 FileHugePages:        0 kB
Node 0 FilePmdMapped:        0 kB
Node 0 HugePages_Total:     0
Node 0 HugePages_Free:      0
Node 0 HugePages_Surp:      0

Node 1 MemTotal:       24686196 kB
Node 1 MemFree:        24296524 kB
Node 1 MemUsed:          389672 kB
Node 1 Active:            61448 kB
Node 1 Inactive:          36868 kB
Node 1 Active(anon):      19520 kB
Node 1 Inactive(anon):      396 kB
Node 1 Active(file):      41928 kB
Node 1 Inactive(file):    36472 kB
Node 1 Unevictable:       12400 kB
Node 1 Mlocked:           12400 kB
Node 1 Dirty:               216 kB
Node 1 Writeback:             0 kB
Node 1 FilePages:         81100 kB
Node 1 Mapped:            31028 kB
Node 1 AnonPages:         29580 kB
Node 1 Shmem:               628 kB
Node 1 KernelStack:        1544 kB
Node 1 PageTables:          880 kB
Node 1 NFS_Unstable:          0 kB
Node 1 Bounce:                0 kB
Node 1 WritebackTmp:          0 kB
Node 1 KReclaimable:      19804 kB
Node 1 Slab:              63696 kB
Node 1 SReclaimable:      19804 kB
Node 1 SUnreclaim:        43892 kB
Node 1 AnonHugePages:         0 kB
Node 1 ShmemHugePages:        0 kB
Node 1 ShmemPmdMapped:        0 kB
Node 1 FileHugePages:        0 kB
Node 1 FilePmdMapped:        0 kB
Node 1 HugePages_Total:     0
Node 1 HugePages_Free:      0
Node 1 HugePages_Surp:      0

After Opposite Node
Node 0 MemTotal:       24743736 kB
Node 0 MemFree:        24491024 kB
Node 0 MemUsed:          252712 kB
Node 0 Active:            41724 kB
Node 0 Inactive:          50652 kB
Node 0 Active(anon):      14120 kB
Node 0 Inactive(anon):      464 kB
Node 0 Active(file):      27604 kB
Node 0 Inactive(file):    50188 kB
Node 0 Unevictable:        6124 kB
Node 0 Mlocked:            6124 kB
Node 0 Dirty:                52 kB
Node 0 Writeback:             0 kB
Node 0 FilePages:         84552 kB
Node 0 Mapped:            13872 kB
Node 0 AnonPages:         14124 kB
Node 0 Shmem:               640 kB
Node 0 KernelStack:        3208 kB
Node 0 PageTables:          456 kB
Node 0 NFS_Unstable:          0 kB
Node 0 Bounce:                0 kB
Node 0 WritebackTmp:          0 kB
Node 0 KReclaimable:      23128 kB
Node 0 Slab:              55836 kB
Node 0 SReclaimable:      23128 kB
Node 0 SUnreclaim:        32708 kB
Node 0 AnonHugePages:         0 kB
Node 0 ShmemHugePages:        0 kB
Node 0 ShmemPmdMapped:        0 kB
Node 0 FileHugePages:        0 kB
Node 0 FilePmdMapped:        0 kB
Node 0 HugePages_Total:     0
Node 0 HugePages_Free:      0
Node 0 HugePages_Surp:      0

Node 1 MemTotal:       24686196 kB
Node 1 MemFree:        24297920 kB
Node 1 MemUsed:          388276 kB
Node 1 Active:            60888 kB
Node 1 Inactive:          36852 kB
Node 1 Active(anon):      18932 kB
Node 1 Inactive(anon):      396 kB
Node 1 Active(file):      41956 kB
Node 1 Inactive(file):    36456 kB
Node 1 Unevictable:       12400 kB
Node 1 Mlocked:           12400 kB
Node 1 Dirty:               252 kB
Node 1 Writeback:             0 kB
Node 1 FilePages:         81112 kB
Node 1 Mapped:            31032 kB
Node 1 AnonPages:         29064 kB
Node 1 Shmem:               628 kB
Node 1 KernelStack:        1512 kB
Node 1 PageTables:          716 kB
Node 1 NFS_Unstable:          0 kB
Node 1 Bounce:                0 kB
Node 1 WritebackTmp:          0 kB
Node 1 KReclaimable:      19804 kB
Node 1 Slab:              63784 kB
Node 1 SReclaimable:      19804 kB
Node 1 SUnreclaim:        43980 kB
Node 1 AnonHugePages:         0 kB
Node 1 ShmemHugePages:        0 kB
Node 1 ShmemPmdMapped:        0 kB
Node 1 FileHugePages:        0 kB
Node 1 FilePmdMapped:        0 kB
Node 1 HugePages_Total:     0
Node 1 HugePages_Free:      0
Node 1 HugePages_Surp:      0

U.1.simplememory.2G.1.O Complete!
