kernel.numa_balancing = 0
U.1.simplememory.500M.2.O
Begin
Node 0 MemTotal:       24743736 kB
Node 0 MemFree:        24359192 kB
Node 0 MemUsed:          384544 kB
Node 0 Active:            49696 kB
Node 0 Inactive:          64792 kB
Node 0 Active(anon):       4324 kB
Node 0 Inactive(anon):      548 kB
Node 0 Active(file):      45372 kB
Node 0 Inactive(file):    64244 kB
Node 0 Unevictable:        6024 kB
Node 0 Mlocked:            6024 kB
Node 0 Dirty:               472 kB
Node 0 Writeback:             0 kB
Node 0 FilePages:        116400 kB
Node 0 Mapped:            29580 kB
Node 0 AnonPages:          4112 kB
Node 0 Shmem:               760 kB
Node 0 KernelStack:        2264 kB
Node 0 PageTables:          268 kB
Node 0 NFS_Unstable:          0 kB
Node 0 Bounce:                0 kB
Node 0 WritebackTmp:          0 kB
Node 0 KReclaimable:      20996 kB
Node 0 Slab:              46220 kB
Node 0 SReclaimable:      20996 kB
Node 0 SUnreclaim:        25224 kB
Node 0 AnonHugePages:         0 kB
Node 0 ShmemHugePages:        0 kB
Node 0 ShmemPmdMapped:        0 kB
Node 0 FileHugePages:        0 kB
Node 0 FilePmdMapped:        0 kB
Node 0 HugePages_Total:     0
Node 0 HugePages_Free:      0
Node 0 HugePages_Surp:      0

Node 1 MemTotal:       24686196 kB
Node 1 MemFree:        24458452 kB
Node 1 MemUsed:          227744 kB
Node 1 Active:            45408 kB
Node 1 Inactive:          25500 kB
Node 1 Active(anon):      29524 kB
Node 1 Inactive(anon):      324 kB
Node 1 Active(file):      15884 kB
Node 1 Inactive(file):    25176 kB
Node 1 Unevictable:       12500 kB
Node 1 Mlocked:           12500 kB
Node 1 Dirty:                28 kB
Node 1 Writeback:             0 kB
Node 1 FilePages:         43804 kB
Node 1 Mapped:            14084 kB
Node 1 AnonPages:         39784 kB
Node 1 Shmem:               508 kB
Node 1 KernelStack:        1416 kB
Node 1 PageTables:          844 kB
Node 1 NFS_Unstable:          0 kB
Node 1 Bounce:                0 kB
Node 1 WritebackTmp:          0 kB
Node 1 KReclaimable:      21080 kB
Node 1 Slab:              60684 kB
Node 1 SReclaimable:      21080 kB
Node 1 SUnreclaim:        39604 kB
Node 1 AnonHugePages:         0 kB
Node 1 ShmemHugePages:        0 kB
Node 1 ShmemPmdMapped:        0 kB
Node 1 FileHugePages:        0 kB
Node 1 FilePmdMapped:        0 kB
Node 1 HugePages_Total:     0
Node 1 HugePages_Free:      0
Node 1 HugePages_Surp:      0

Load ZFS
Node 0 MemTotal:       24743736 kB
Node 0 MemFree:        24492876 kB
Node 0 MemUsed:          250860 kB
Node 0 Active:            56408 kB
Node 0 Inactive:          61020 kB
Node 0 Active(anon):       5852 kB
Node 0 Inactive(anon):      548 kB
Node 0 Active(file):      50556 kB
Node 0 Inactive(file):    60472 kB
Node 0 Unevictable:        6024 kB
Node 0 Mlocked:            6024 kB
Node 0 Dirty:               500 kB
Node 0 Writeback:             0 kB
Node 0 FilePages:        117808 kB
Node 0 Mapped:            29708 kB
Node 0 AnonPages:          5764 kB
Node 0 Shmem:               760 kB
Node 0 KernelStack:        2280 kB
Node 0 PageTables:          260 kB
Node 0 NFS_Unstable:          0 kB
Node 0 Bounce:                0 kB
Node 0 WritebackTmp:          0 kB
Node 0 KReclaimable:      21496 kB
Node 0 Slab:              47776 kB
Node 0 SReclaimable:      21496 kB
Node 0 SUnreclaim:        26280 kB
Node 0 AnonHugePages:         0 kB
Node 0 ShmemHugePages:        0 kB
Node 0 ShmemPmdMapped:        0 kB
Node 0 FileHugePages:        0 kB
Node 0 FilePmdMapped:        0 kB
Node 0 HugePages_Total:     0
Node 0 HugePages_Free:      0
Node 0 HugePages_Surp:      0

Node 1 MemTotal:       24686196 kB
Node 1 MemFree:        24313460 kB
Node 1 MemUsed:          372736 kB
Node 1 Active:            50492 kB
Node 1 Inactive:          25344 kB
Node 1 Active(anon):      33244 kB
Node 1 Inactive(anon):      324 kB
Node 1 Active(file):      17248 kB
Node 1 Inactive(file):    25020 kB
Node 1 Unevictable:       12500 kB
Node 1 Mlocked:           12500 kB
Node 1 Dirty:                28 kB
Node 1 Writeback:             0 kB
Node 1 FilePages:         44948 kB
Node 1 Mapped:            14096 kB
Node 1 AnonPages:         43644 kB
Node 1 Shmem:               508 kB
Node 1 KernelStack:        1528 kB
Node 1 PageTables:         1228 kB
Node 1 NFS_Unstable:          0 kB
Node 1 Bounce:                0 kB
Node 1 WritebackTmp:          0 kB
Node 1 KReclaimable:      21512 kB
Node 1 Slab:              62656 kB
Node 1 SReclaimable:      21512 kB
Node 1 SUnreclaim:        41144 kB
Node 1 AnonHugePages:         0 kB
Node 1 ShmemHugePages:        0 kB
Node 1 ShmemPmdMapped:        0 kB
Node 1 FileHugePages:        0 kB
Node 1 FilePmdMapped:        0 kB
Node 1 HugePages_Total:     0
Node 1 HugePages_Free:      0
Node 1 HugePages_Surp:      0

Import tank ZPool
Node 0 MemTotal:       24743736 kB
Node 0 MemFree:        24481244 kB
Node 0 MemUsed:          262492 kB
Node 0 Active:            56556 kB
Node 0 Inactive:          61016 kB
Node 0 Active(anon):       5944 kB
Node 0 Inactive(anon):      548 kB
Node 0 Active(file):      50612 kB
Node 0 Inactive(file):    60468 kB
Node 0 Unevictable:        6024 kB
Node 0 Mlocked:            6024 kB
Node 0 Dirty:               332 kB
Node 0 Writeback:             0 kB
Node 0 FilePages:        117860 kB
Node 0 Mapped:            29784 kB
Node 0 AnonPages:          5764 kB
Node 0 Shmem:               756 kB
Node 0 KernelStack:        3352 kB
Node 0 PageTables:          260 kB
Node 0 NFS_Unstable:          0 kB
Node 0 Bounce:                0 kB
Node 0 WritebackTmp:          0 kB
Node 0 KReclaimable:      21496 kB
Node 0 Slab:              50472 kB
Node 0 SReclaimable:      21496 kB
Node 0 SUnreclaim:        28976 kB
Node 0 AnonHugePages:         0 kB
Node 0 ShmemHugePages:        0 kB
Node 0 ShmemPmdMapped:        0 kB
Node 0 FileHugePages:        0 kB
Node 0 FilePmdMapped:        0 kB
Node 0 HugePages_Total:     0
Node 0 HugePages_Free:      0
Node 0 HugePages_Surp:      0

Node 1 MemTotal:       24686196 kB
Node 1 MemFree:        24301156 kB
Node 1 MemUsed:          385040 kB
Node 1 Active:            51672 kB
Node 1 Inactive:          26248 kB
Node 1 Active(anon):      33644 kB
Node 1 Inactive(anon):      328 kB
Node 1 Active(file):      18028 kB
Node 1 Inactive(file):    25920 kB
Node 1 Unevictable:       12500 kB
Node 1 Mlocked:           12500 kB
Node 1 Dirty:                64 kB
Node 1 Writeback:             0 kB
Node 1 FilePages:         46652 kB
Node 1 Mapped:            14392 kB
Node 1 AnonPages:         43892 kB
Node 1 Shmem:               512 kB
Node 1 KernelStack:        1576 kB
Node 1 PageTables:         1316 kB
Node 1 NFS_Unstable:          0 kB
Node 1 Bounce:                0 kB
Node 1 WritebackTmp:          0 kB
Node 1 KReclaimable:      21620 kB
Node 1 Slab:              68276 kB
Node 1 SReclaimable:      21620 kB
Node 1 SUnreclaim:        46656 kB
Node 1 AnonHugePages:         0 kB
Node 1 ShmemHugePages:        0 kB
Node 1 ShmemPmdMapped:        0 kB
Node 1 FileHugePages:        0 kB
Node 1 FilePmdMapped:        0 kB
Node 1 HugePages_Total:     0
Node 1 HugePages_Free:      0
Node 1 HugePages_Surp:      0

After Test
Node 0 MemTotal:       24743736 kB
Node 0 MemFree:        24481424 kB
Node 0 MemUsed:          262312 kB
Node 0 Active:            56556 kB
Node 0 Inactive:          61016 kB
Node 0 Active(anon):       5944 kB
Node 0 Inactive(anon):      548 kB
Node 0 Active(file):      50612 kB
Node 0 Inactive(file):    60468 kB
Node 0 Unevictable:        6024 kB
Node 0 Mlocked:            6024 kB
Node 0 Dirty:               332 kB
Node 0 Writeback:             0 kB
Node 0 FilePages:        117860 kB
Node 0 Mapped:            29548 kB
Node 0 AnonPages:          5796 kB
Node 0 Shmem:               756 kB
Node 0 KernelStack:        3352 kB
Node 0 PageTables:          260 kB
Node 0 NFS_Unstable:          0 kB
Node 0 Bounce:                0 kB
Node 0 WritebackTmp:          0 kB
Node 0 KReclaimable:      21496 kB
Node 0 Slab:              50544 kB
Node 0 SReclaimable:      21496 kB
Node 0 SUnreclaim:        29048 kB
Node 0 AnonHugePages:         0 kB
Node 0 ShmemHugePages:        0 kB
Node 0 ShmemPmdMapped:        0 kB
Node 0 FileHugePages:        0 kB
Node 0 FilePmdMapped:        0 kB
Node 0 HugePages_Total:     0
Node 0 HugePages_Free:      0
Node 0 HugePages_Surp:      0

Node 1 MemTotal:       24686196 kB
Node 1 MemFree:        24300756 kB
Node 1 MemUsed:          385440 kB
Node 1 Active:            52140 kB
Node 1 Inactive:          26180 kB
Node 1 Active(anon):      33696 kB
Node 1 Inactive(anon):      328 kB
Node 1 Active(file):      18444 kB
Node 1 Inactive(file):    25852 kB
Node 1 Unevictable:       12500 kB
Node 1 Mlocked:           12500 kB
Node 1 Dirty:                64 kB
Node 1 Writeback:             0 kB
Node 1 FilePages:         46980 kB
Node 1 Mapped:            14168 kB
Node 1 AnonPages:         43760 kB
Node 1 Shmem:               512 kB
Node 1 KernelStack:        1544 kB
Node 1 PageTables:         1204 kB
Node 1 NFS_Unstable:          0 kB
Node 1 Bounce:                0 kB
Node 1 WritebackTmp:          0 kB
Node 1 KReclaimable:      21660 kB
Node 1 Slab:              68472 kB
Node 1 SReclaimable:      21660 kB
Node 1 SUnreclaim:        46812 kB
Node 1 AnonHugePages:         0 kB
Node 1 ShmemHugePages:        0 kB
Node 1 ShmemPmdMapped:        0 kB
Node 1 FileHugePages:        0 kB
Node 1 FilePmdMapped:        0 kB
Node 1 HugePages_Total:     0
Node 1 HugePages_Free:      0
Node 1 HugePages_Surp:      0

After Opposite Node
Node 0 MemTotal:       24743736 kB
Node 0 MemFree:        24480844 kB
Node 0 MemUsed:          262892 kB
Node 0 Active:            57056 kB
Node 0 Inactive:          61016 kB
Node 0 Active(anon):       6444 kB
Node 0 Inactive(anon):      548 kB
Node 0 Active(file):      50612 kB
Node 0 Inactive(file):    60468 kB
Node 0 Unevictable:        6024 kB
Node 0 Mlocked:            6024 kB
Node 0 Dirty:               332 kB
Node 0 Writeback:             0 kB
Node 0 FilePages:        117860 kB
Node 0 Mapped:            29548 kB
Node 0 AnonPages:          5904 kB
Node 0 Shmem:               756 kB
Node 0 KernelStack:        3368 kB
Node 0 PageTables:          176 kB
Node 0 NFS_Unstable:          0 kB
Node 0 Bounce:                0 kB
Node 0 WritebackTmp:          0 kB
Node 0 KReclaimable:      21528 kB
Node 0 Slab:              50668 kB
Node 0 SReclaimable:      21528 kB
Node 0 SUnreclaim:        29140 kB
Node 0 AnonHugePages:         0 kB
Node 0 ShmemHugePages:        0 kB
Node 0 ShmemPmdMapped:        0 kB
Node 0 FileHugePages:        0 kB
Node 0 FilePmdMapped:        0 kB
Node 0 HugePages_Total:     0
Node 0 HugePages_Free:      0
Node 0 HugePages_Surp:      0

Node 1 MemTotal:       24686196 kB
Node 1 MemFree:        24300924 kB
Node 1 MemUsed:          385272 kB
Node 1 Active:            52012 kB
Node 1 Inactive:          25924 kB
Node 1 Active(anon):      33300 kB
Node 1 Inactive(anon):      328 kB
Node 1 Active(file):      18712 kB
Node 1 Inactive(file):    25596 kB
Node 1 Unevictable:       12500 kB
Node 1 Mlocked:           12500 kB
Node 1 Dirty:                76 kB
Node 1 Writeback:             0 kB
Node 1 FilePages:         46992 kB
Node 1 Mapped:            14168 kB
Node 1 AnonPages:         43488 kB
Node 1 Shmem:               512 kB
Node 1 KernelStack:        1528 kB
Node 1 PageTables:         1204 kB
Node 1 NFS_Unstable:          0 kB
Node 1 Bounce:                0 kB
Node 1 WritebackTmp:          0 kB
Node 1 KReclaimable:      21660 kB
Node 1 Slab:              68472 kB
Node 1 SReclaimable:      21660 kB
Node 1 SUnreclaim:        46812 kB
Node 1 AnonHugePages:         0 kB
Node 1 ShmemHugePages:        0 kB
Node 1 ShmemPmdMapped:        0 kB
Node 1 FileHugePages:        0 kB
Node 1 FilePmdMapped:        0 kB
Node 1 HugePages_Total:     0
Node 1 HugePages_Free:      0
Node 1 HugePages_Surp:      0

U.1.simplememory.500M.2.O Complete!
