kernel.numa_balancing = 0
10 Tests Remaining!
U.1.simplememory.4G.3.O
Begin
Node 0 MemTotal:       24768352 kB
Node 0 MemFree:        24500296 kB
Node 0 MemUsed:          268056 kB
Node 0 Active:            45956 kB
Node 0 Inactive:          51312 kB
Node 0 Active(anon):      21496 kB
Node 0 Inactive(anon):      316 kB
Node 0 Active(file):      24460 kB
Node 0 Inactive(file):    50996 kB
Node 0 Unevictable:       17628 kB
Node 0 Mlocked:           17628 kB
Node 0 Dirty:               400 kB
Node 0 Writeback:             0 kB
Node 0 FilePages:         83268 kB
Node 0 Mapped:            42556 kB
Node 0 AnonPages:         31900 kB
Node 0 Shmem:               500 kB
Node 0 KernelStack:        2616 kB
Node 0 PageTables:          996 kB
Node 0 NFS_Unstable:          0 kB
Node 0 Bounce:                0 kB
Node 0 WritebackTmp:          0 kB
Node 0 KReclaimable:      20200 kB
Node 0 Slab:              64412 kB
Node 0 SReclaimable:      20200 kB
Node 0 SUnreclaim:        44212 kB
Node 0 AnonHugePages:         0 kB
Node 0 ShmemHugePages:        0 kB
Node 0 ShmemPmdMapped:        0 kB
Node 0 FileHugePages:        0 kB
Node 0 FilePmdMapped:        0 kB
Node 0 HugePages_Total:     0
Node 0 HugePages_Free:      0
Node 0 HugePages_Surp:      0

Node 1 MemTotal:       24661580 kB
Node 1 MemFree:        24296084 kB
Node 1 MemUsed:          365496 kB
Node 1 Active:            51656 kB
Node 1 Inactive:          56660 kB
Node 1 Active(anon):      13384 kB
Node 1 Inactive(anon):      564 kB
Node 1 Active(file):      38272 kB
Node 1 Inactive(file):    56096 kB
Node 1 Unevictable:         892 kB
Node 1 Mlocked:             892 kB
Node 1 Dirty:                40 kB
Node 1 Writeback:             0 kB
Node 1 FilePages:         96044 kB
Node 1 Mapped:            12236 kB
Node 1 AnonPages:         13156 kB
Node 1 Shmem:               768 kB
Node 1 KernelStack:        1288 kB
Node 1 PageTables:          348 kB
Node 1 NFS_Unstable:          0 kB
Node 1 Bounce:                0 kB
Node 1 WritebackTmp:          0 kB
Node 1 KReclaimable:      22584 kB
Node 1 Slab:              45000 kB
Node 1 SReclaimable:      22584 kB
Node 1 SUnreclaim:        22416 kB
Node 1 AnonHugePages:         0 kB
Node 1 ShmemHugePages:        0 kB
Node 1 ShmemPmdMapped:        0 kB
Node 1 FileHugePages:        0 kB
Node 1 FilePmdMapped:        0 kB
Node 1 HugePages_Total:     0
Node 1 HugePages_Free:      0
Node 1 HugePages_Surp:      0

Load ZFS
Node 0 MemTotal:       24768352 kB
Node 0 MemFree:        24360036 kB
Node 0 MemUsed:          408316 kB
Node 0 Active:            48160 kB
Node 0 Inactive:          51652 kB
Node 0 Active(anon):      22608 kB
Node 0 Inactive(anon):      316 kB
Node 0 Active(file):      25552 kB
Node 0 Inactive(file):    51336 kB
Node 0 Unevictable:       17628 kB
Node 0 Mlocked:           17628 kB
Node 0 Dirty:               236 kB
Node 0 Writeback:             0 kB
Node 0 FilePages:         84696 kB
Node 0 Mapped:            42392 kB
Node 0 AnonPages:         32996 kB
Node 0 Shmem:               500 kB
Node 0 KernelStack:        2472 kB
Node 0 PageTables:          864 kB
Node 0 NFS_Unstable:          0 kB
Node 0 Bounce:                0 kB
Node 0 WritebackTmp:          0 kB
Node 0 KReclaimable:      20352 kB
Node 0 Slab:              65904 kB
Node 0 SReclaimable:      20352 kB
Node 0 SUnreclaim:        45552 kB
Node 0 AnonHugePages:         0 kB
Node 0 ShmemHugePages:        0 kB
Node 0 ShmemPmdMapped:        0 kB
Node 0 FileHugePages:        0 kB
Node 0 FilePmdMapped:        0 kB
Node 0 HugePages_Total:     0
Node 0 HugePages_Free:      0
Node 0 HugePages_Surp:      0

Node 1 MemTotal:       24661580 kB
Node 1 MemFree:        24424556 kB
Node 1 MemUsed:          237024 kB
Node 1 Active:            61504 kB
Node 1 Inactive:          52376 kB
Node 1 Active(anon):      17820 kB
Node 1 Inactive(anon):      564 kB
Node 1 Active(file):      43684 kB
Node 1 Inactive(file):    51812 kB
Node 1 Unevictable:         892 kB
Node 1 Mlocked:             892 kB
Node 1 Dirty:                52 kB
Node 1 Writeback:             0 kB
Node 1 FilePages:         97156 kB
Node 1 Mapped:            12396 kB
Node 1 AnonPages:         17692 kB
Node 1 Shmem:               768 kB
Node 1 KernelStack:        1352 kB
Node 1 PageTables:          620 kB
Node 1 NFS_Unstable:          0 kB
Node 1 Bounce:                0 kB
Node 1 WritebackTmp:          0 kB
Node 1 KReclaimable:      22940 kB
Node 1 Slab:              46716 kB
Node 1 SReclaimable:      22940 kB
Node 1 SUnreclaim:        23776 kB
Node 1 AnonHugePages:         0 kB
Node 1 ShmemHugePages:        0 kB
Node 1 ShmemPmdMapped:        0 kB
Node 1 FileHugePages:        0 kB
Node 1 FilePmdMapped:        0 kB
Node 1 HugePages_Total:     0
Node 1 HugePages_Free:      0
Node 1 HugePages_Surp:      0

Import tank ZPool
Node 0 MemTotal:       24768352 kB
Node 0 MemFree:        24340796 kB
Node 0 MemUsed:          427556 kB
Node 0 Active:            47636 kB
Node 0 Inactive:          52884 kB
Node 0 Active(anon):      21600 kB
Node 0 Inactive(anon):      320 kB
Node 0 Active(file):      26036 kB
Node 0 Inactive(file):    52564 kB
Node 0 Unevictable:       17628 kB
Node 0 Mlocked:           17628 kB
Node 0 Dirty:               184 kB
Node 0 Writeback:             0 kB
Node 0 FilePages:         86420 kB
Node 0 Mapped:            42668 kB
Node 0 AnonPages:         31432 kB
Node 0 Shmem:               500 kB
Node 0 KernelStack:        3560 kB
Node 0 PageTables:          944 kB
Node 0 NFS_Unstable:          0 kB
Node 0 Bounce:                0 kB
Node 0 WritebackTmp:          0 kB
Node 0 KReclaimable:      20516 kB
Node 0 Slab:              72896 kB
Node 0 SReclaimable:      20516 kB
Node 0 SUnreclaim:        52380 kB
Node 0 AnonHugePages:         0 kB
Node 0 ShmemHugePages:        0 kB
Node 0 ShmemPmdMapped:        0 kB
Node 0 FileHugePages:        0 kB
Node 0 FilePmdMapped:        0 kB
Node 0 HugePages_Total:     0
Node 0 HugePages_Free:      0
Node 0 HugePages_Surp:      0

Node 1 MemTotal:       24661580 kB
Node 1 MemFree:        24427512 kB
Node 1 MemUsed:          234068 kB
Node 1 Active:            56668 kB
Node 1 Inactive:          52272 kB
Node 1 Active(anon):      12880 kB
Node 1 Inactive(anon):      564 kB
Node 1 Active(file):      43788 kB
Node 1 Inactive(file):    51708 kB
Node 1 Unevictable:         892 kB
Node 1 Mlocked:             892 kB
Node 1 Dirty:                20 kB
Node 1 Writeback:             0 kB
Node 1 FilePages:         97156 kB
Node 1 Mapped:            12284 kB
Node 1 AnonPages:         12636 kB
Node 1 Shmem:               768 kB
Node 1 KernelStack:        1336 kB
Node 1 PageTables:          524 kB
Node 1 NFS_Unstable:          0 kB
Node 1 Bounce:                0 kB
Node 1 WritebackTmp:          0 kB
Node 1 KReclaimable:      22940 kB
Node 1 Slab:              46716 kB
Node 1 SReclaimable:      22940 kB
Node 1 SUnreclaim:        23776 kB
Node 1 AnonHugePages:         0 kB
Node 1 ShmemHugePages:        0 kB
Node 1 ShmemPmdMapped:        0 kB
Node 1 FileHugePages:        0 kB
Node 1 FilePmdMapped:        0 kB
Node 1 HugePages_Total:     0
Node 1 HugePages_Free:      0
Node 1 HugePages_Surp:      0

After Test
Node 0 MemTotal:       24768352 kB
Node 0 MemFree:        24342528 kB
Node 0 MemUsed:          425824 kB
Node 0 Active:            46864 kB
Node 0 Inactive:          52616 kB
Node 0 Active(anon):      20508 kB
Node 0 Inactive(anon):      320 kB
Node 0 Active(file):      26356 kB
Node 0 Inactive(file):    52296 kB
Node 0 Unevictable:       17628 kB
Node 0 Mlocked:           17628 kB
Node 0 Dirty:               108 kB
Node 0 Writeback:             0 kB
Node 0 FilePages:         86460 kB
Node 0 Mapped:            42448 kB
Node 0 AnonPages:         30652 kB
Node 0 Shmem:               500 kB
Node 0 KernelStack:        3528 kB
Node 0 PageTables:          832 kB
Node 0 NFS_Unstable:          0 kB
Node 0 Bounce:                0 kB
Node 0 WritebackTmp:          0 kB
Node 0 KReclaimable:      20564 kB
Node 0 Slab:              72904 kB
Node 0 SReclaimable:      20564 kB
Node 0 SUnreclaim:        52340 kB
Node 0 AnonHugePages:         0 kB
Node 0 ShmemHugePages:        0 kB
Node 0 ShmemPmdMapped:        0 kB
Node 0 FileHugePages:        0 kB
Node 0 FilePmdMapped:        0 kB
Node 0 HugePages_Total:     0
Node 0 HugePages_Free:      0
Node 0 HugePages_Surp:      0

Node 1 MemTotal:       24661580 kB
Node 1 MemFree:        24428316 kB
Node 1 MemUsed:          233264 kB
Node 1 Active:            56752 kB
Node 1 Inactive:          52280 kB
Node 1 Active(anon):      12672 kB
Node 1 Inactive(anon):      564 kB
Node 1 Active(file):      44080 kB
Node 1 Inactive(file):    51716 kB
Node 1 Unevictable:         892 kB
Node 1 Mlocked:             892 kB
Node 1 Dirty:                20 kB
Node 1 Writeback:             0 kB
Node 1 FilePages:         97456 kB
Node 1 Mapped:            12316 kB
Node 1 AnonPages:         12496 kB
Node 1 Shmem:               768 kB
Node 1 KernelStack:        1192 kB
Node 1 PageTables:          388 kB
Node 1 NFS_Unstable:          0 kB
Node 1 Bounce:                0 kB
Node 1 WritebackTmp:          0 kB
Node 1 KReclaimable:      23000 kB
Node 1 Slab:              46820 kB
Node 1 SReclaimable:      23000 kB
Node 1 SUnreclaim:        23820 kB
Node 1 AnonHugePages:         0 kB
Node 1 ShmemHugePages:        0 kB
Node 1 ShmemPmdMapped:        0 kB
Node 1 FileHugePages:        0 kB
Node 1 FilePmdMapped:        0 kB
Node 1 HugePages_Total:     0
Node 1 HugePages_Free:      0
Node 1 HugePages_Surp:      0

After Opposite Node
Node 0 MemTotal:       24768352 kB
Node 0 MemFree:        24343364 kB
Node 0 MemUsed:          424988 kB
Node 0 Active:            47420 kB
Node 0 Inactive:          52564 kB
Node 0 Active(anon):      20992 kB
Node 0 Inactive(anon):      320 kB
Node 0 Active(file):      26428 kB
Node 0 Inactive(file):    52244 kB
Node 0 Unevictable:       17628 kB
Node 0 Mlocked:           17628 kB
Node 0 Dirty:               124 kB
Node 0 Writeback:             0 kB
Node 0 FilePages:         86480 kB
Node 0 Mapped:            42440 kB
Node 0 AnonPages:         30860 kB
Node 0 Shmem:               500 kB
Node 0 KernelStack:        3528 kB
Node 0 PageTables:          908 kB
Node 0 NFS_Unstable:          0 kB
Node 0 Bounce:                0 kB
Node 0 WritebackTmp:          0 kB
Node 0 KReclaimable:      20596 kB
Node 0 Slab:              73024 kB
Node 0 SReclaimable:      20596 kB
Node 0 SUnreclaim:        52428 kB
Node 0 AnonHugePages:         0 kB
Node 0 ShmemHugePages:        0 kB
Node 0 ShmemPmdMapped:        0 kB
Node 0 FileHugePages:        0 kB
Node 0 FilePmdMapped:        0 kB
Node 0 HugePages_Total:     0
Node 0 HugePages_Free:      0
Node 0 HugePages_Surp:      0

Node 1 MemTotal:       24661580 kB
Node 1 MemFree:        24430076 kB
Node 1 MemUsed:          231504 kB
Node 1 Active:            56576 kB
Node 1 Inactive:          52048 kB
Node 1 Active(anon):      12260 kB
Node 1 Inactive(anon):      564 kB
Node 1 Active(file):      44316 kB
Node 1 Inactive(file):    51484 kB
Node 1 Unevictable:         892 kB
Node 1 Mlocked:             892 kB
Node 1 Dirty:                28 kB
Node 1 Writeback:             0 kB
Node 1 FilePages:         97460 kB
Node 1 Mapped:            12252 kB
Node 1 AnonPages:         12056 kB
Node 1 Shmem:               768 kB
Node 1 KernelStack:        1144 kB
Node 1 PageTables:          236 kB
Node 1 NFS_Unstable:          0 kB
Node 1 Bounce:                0 kB
Node 1 WritebackTmp:          0 kB
Node 1 KReclaimable:      23032 kB
Node 1 Slab:              46884 kB
Node 1 SReclaimable:      23032 kB
Node 1 SUnreclaim:        23852 kB
Node 1 AnonHugePages:         0 kB
Node 1 ShmemHugePages:        0 kB
Node 1 ShmemPmdMapped:        0 kB
Node 1 FileHugePages:        0 kB
Node 1 FilePmdMapped:        0 kB
Node 1 HugePages_Total:     0
Node 1 HugePages_Free:      0
Node 1 HugePages_Surp:      0

U.1.simplememory.4G.3.O Complete!
