B.0.huge-simpleread.2-1G.1.O.1M
Begin
Node 0 MemTotal:       24768352 kB
Node 0 MemFree:        24415376 kB
Node 0 MemUsed:          352976 kB
Node 0 Active:            29604 kB
Node 0 Inactive:          53476 kB
Node 0 Active(anon):      13108 kB
Node 0 Inactive(anon):      512 kB
Node 0 Active(file):      16496 kB
Node 0 Inactive(file):    52964 kB
Node 0 Unevictable:         812 kB
Node 0 Mlocked:             812 kB
Node 0 Dirty:               160 kB
Node 0 Writeback:             0 kB
Node 0 FilePages:         71008 kB
Node 0 Mapped:             9700 kB
Node 0 AnonPages:         12928 kB
Node 0 Shmem:               696 kB
Node 0 KernelStack:        2184 kB
Node 0 PageTables:          400 kB
Node 0 NFS_Unstable:          0 kB
Node 0 Bounce:                0 kB
Node 0 WritebackTmp:          0 kB
Node 0 KReclaimable:      17772 kB
Node 0 Slab:              51496 kB
Node 0 SReclaimable:      17772 kB
Node 0 SUnreclaim:        33724 kB
Node 0 AnonHugePages:         0 kB
Node 0 ShmemHugePages:        0 kB
Node 0 ShmemPmdMapped:        0 kB
Node 0 FileHugePages:        0 kB
Node 0 FilePmdMapped:        0 kB
Node 0 HugePages_Total:     0
Node 0 HugePages_Free:      0
Node 0 HugePages_Surp:      0

Node 1 MemTotal:       24661580 kB
Node 1 MemFree:        24399328 kB
Node 1 MemUsed:          262252 kB
Node 1 Active:            65468 kB
Node 1 Inactive:          38488 kB
Node 1 Active(anon):      20912 kB
Node 1 Inactive(anon):      384 kB
Node 1 Active(file):      44556 kB
Node 1 Inactive(file):    38104 kB
Node 1 Unevictable:       17712 kB
Node 1 Mlocked:           17712 kB
Node 1 Dirty:               352 kB
Node 1 Writeback:             0 kB
Node 1 FilePages:         90612 kB
Node 1 Mapped:            39540 kB
Node 1 AnonPages:         31144 kB
Node 1 Shmem:               572 kB
Node 1 KernelStack:        1384 kB
Node 1 PageTables:          704 kB
Node 1 NFS_Unstable:          0 kB
Node 1 Bounce:                0 kB
Node 1 WritebackTmp:          0 kB
Node 1 KReclaimable:      23824 kB
Node 1 Slab:              55628 kB
Node 1 SReclaimable:      23824 kB
Node 1 SUnreclaim:        31804 kB
Node 1 AnonHugePages:         0 kB
Node 1 ShmemHugePages:        0 kB
Node 1 ShmemPmdMapped:        0 kB
Node 1 FileHugePages:        0 kB
Node 1 FilePmdMapped:        0 kB
Node 1 HugePages_Total:     0
Node 1 HugePages_Free:      0
Node 1 HugePages_Surp:      0

Load ZFS
Node 0 MemTotal:       24768352 kB
Node 0 MemFree:        24501144 kB
Node 0 MemUsed:          267208 kB
Node 0 Active:            42168 kB
Node 0 Inactive:          85968 kB
Node 0 Active(anon):      24432 kB
Node 0 Inactive(anon):      492 kB
Node 0 Active(file):      17736 kB
Node 0 Inactive(file):    85476 kB
Node 0 Unevictable:         812 kB
Node 0 Mlocked:             812 kB
Node 0 Dirty:               108 kB
Node 0 Writeback:             0 kB
Node 0 FilePages:        104688 kB
Node 0 Mapped:            12680 kB
Node 0 AnonPages:         24140 kB
Node 0 Shmem:               664 kB
Node 0 KernelStack:        2500 kB
Node 0 PageTables:         1028 kB
Node 0 NFS_Unstable:          0 kB
Node 0 Bounce:                0 kB
Node 0 WritebackTmp:          0 kB
Node 0 KReclaimable:      18572 kB
Node 0 Slab:              54360 kB
Node 0 SReclaimable:      18572 kB
Node 0 SUnreclaim:        35788 kB
Node 0 AnonHugePages:         0 kB
Node 0 ShmemHugePages:        0 kB
Node 0 ShmemPmdMapped:        0 kB
Node 0 FileHugePages:        0 kB
Node 0 FilePmdMapped:        0 kB
Node 0 HugePages_Total:     0
Node 0 HugePages_Free:      0
Node 0 HugePages_Surp:      0

Node 1 MemTotal:       24661580 kB
Node 1 MemFree:        24174224 kB
Node 1 MemUsed:          487356 kB
Node 1 Active:            76904 kB
Node 1 Inactive:         109408 kB
Node 1 Active(anon):      31144 kB
Node 1 Inactive(anon):      452 kB
Node 1 Active(file):      45760 kB
Node 1 Inactive(file):   108956 kB
Node 1 Unevictable:       17944 kB
Node 1 Mlocked:           17944 kB
Node 1 Dirty:               316 kB
Node 1 Writeback:             0 kB
Node 1 FilePages:        162700 kB
Node 1 Mapped:            40576 kB
Node 1 AnonPages:         41296 kB
Node 1 Shmem:               604 kB
Node 1 KernelStack:        1656 kB
Node 1 PageTables:         1704 kB
Node 1 NFS_Unstable:          0 kB
Node 1 Bounce:                0 kB
Node 1 WritebackTmp:          0 kB
Node 1 KReclaimable:      24744 kB
Node 1 Slab:              60208 kB
Node 1 SReclaimable:      24744 kB
Node 1 SUnreclaim:        35464 kB
Node 1 AnonHugePages:         0 kB
Node 1 ShmemHugePages:        0 kB
Node 1 ShmemPmdMapped:        0 kB
Node 1 FileHugePages:        0 kB
Node 1 FilePmdMapped:        0 kB
Node 1 HugePages_Total:     0
Node 1 HugePages_Free:      0
Node 1 HugePages_Surp:      0

Import tank ZPool
Node 0 MemTotal:       24768352 kB
Node 0 MemFree:        24501284 kB
Node 0 MemUsed:          267068 kB
Node 0 Active:            32144 kB
Node 0 Inactive:          85780 kB
Node 0 Active(anon):      14068 kB
Node 0 Inactive(anon):      488 kB
Node 0 Active(file):      18076 kB
Node 0 Inactive(file):    85292 kB
Node 0 Unevictable:         812 kB
Node 0 Mlocked:             812 kB
Node 0 Dirty:               128 kB
Node 0 Writeback:             0 kB
Node 0 FilePages:        104848 kB
Node 0 Mapped:             9764 kB
Node 0 AnonPages:         13764 kB
Node 0 Shmem:               660 kB
Node 0 KernelStack:        3320 kB
Node 0 PageTables:          556 kB
Node 0 NFS_Unstable:          0 kB
Node 0 Bounce:                0 kB
Node 0 WritebackTmp:          0 kB
Node 0 KReclaimable:      18584 kB
Node 0 Slab:              56552 kB
Node 0 SReclaimable:      18584 kB
Node 0 SUnreclaim:        37968 kB
Node 0 AnonHugePages:         0 kB
Node 0 ShmemHugePages:        0 kB
Node 0 ShmemPmdMapped:        0 kB
Node 0 FileHugePages:        0 kB
Node 0 FilePmdMapped:        0 kB
Node 0 HugePages_Total:     0
Node 0 HugePages_Free:      0
Node 0 HugePages_Surp:      0

Node 1 MemTotal:       24661580 kB
Node 1 MemFree:        24173580 kB
Node 1 MemUsed:          488000 kB
Node 1 Active:            66780 kB
Node 1 Inactive:         110224 kB
Node 1 Active(anon):      20384 kB
Node 1 Inactive(anon):      460 kB
Node 1 Active(file):      46396 kB
Node 1 Inactive(file):   109764 kB
Node 1 Unevictable:       17944 kB
Node 1 Mlocked:           17944 kB
Node 1 Dirty:               436 kB
Node 1 Writeback:             0 kB
Node 1 FilePages:        164152 kB
Node 1 Mapped:            39716 kB
Node 1 AnonPages:         30608 kB
Node 1 Shmem:               608 kB
Node 1 KernelStack:        1448 kB
Node 1 PageTables:          808 kB
Node 1 NFS_Unstable:          0 kB
Node 1 Bounce:                0 kB
Node 1 WritebackTmp:          0 kB
Node 1 KReclaimable:      24884 kB
Node 1 Slab:              65680 kB
Node 1 SReclaimable:      24884 kB
Node 1 SUnreclaim:        40796 kB
Node 1 AnonHugePages:         0 kB
Node 1 ShmemHugePages:        0 kB
Node 1 ShmemPmdMapped:        0 kB
Node 1 FileHugePages:        0 kB
Node 1 FilePmdMapped:        0 kB
Node 1 HugePages_Total:     0
Node 1 HugePages_Free:      0
Node 1 HugePages_Surp:      0

After Test
Node 0 MemTotal:       24768352 kB
Node 0 MemFree:        22907932 kB
Node 0 MemUsed:         1860420 kB
Node 0 Active:            32436 kB
Node 0 Inactive:          85672 kB
Node 0 Active(anon):      13820 kB
Node 0 Inactive(anon):      488 kB
Node 0 Active(file):      18616 kB
Node 0 Inactive(file):    85184 kB
Node 0 Unevictable:         812 kB
Node 0 Mlocked:             812 kB
Node 0 Dirty:               100 kB
Node 0 Writeback:             0 kB
Node 0 FilePages:        105288 kB
Node 0 Mapped:             9784 kB
Node 0 AnonPages:         13696 kB
Node 0 Shmem:               660 kB
Node 0 KernelStack:        3272 kB
Node 0 PageTables:          460 kB
Node 0 NFS_Unstable:          0 kB
Node 0 Bounce:                0 kB
Node 0 WritebackTmp:          0 kB
Node 0 KReclaimable:      18624 kB
Node 0 Slab:              65788 kB
Node 0 SReclaimable:      18624 kB
Node 0 SUnreclaim:        47164 kB
Node 0 AnonHugePages:         0 kB
Node 0 ShmemHugePages:        0 kB
Node 0 ShmemPmdMapped:        0 kB
Node 0 FileHugePages:        0 kB
Node 0 FilePmdMapped:        0 kB
Node 0 HugePages_Total:     0
Node 0 HugePages_Free:      0
Node 0 HugePages_Surp:      0

Node 1 MemTotal:       24661580 kB
Node 1 MemFree:        23895272 kB
Node 1 MemUsed:          766308 kB
Node 1 Active:            66832 kB
Node 1 Inactive:         110020 kB
Node 1 Active(anon):      20124 kB
Node 1 Inactive(anon):      460 kB
Node 1 Active(file):      46708 kB
Node 1 Inactive(file):   109560 kB
Node 1 Unevictable:       17944 kB
Node 1 Mlocked:           17944 kB
Node 1 Dirty:               364 kB
Node 1 Writeback:             0 kB
Node 1 FilePages:        164256 kB
Node 1 Mapped:            39556 kB
Node 1 AnonPages:         30552 kB
Node 1 Shmem:               608 kB
Node 1 KernelStack:        1412 kB
Node 1 PageTables:          620 kB
Node 1 NFS_Unstable:          0 kB
Node 1 Bounce:                0 kB
Node 1 WritebackTmp:          0 kB
Node 1 KReclaimable:      24940 kB
Node 1 Slab:              66612 kB
Node 1 SReclaimable:      24940 kB
Node 1 SUnreclaim:        41672 kB
Node 1 AnonHugePages:         0 kB
Node 1 ShmemHugePages:        0 kB
Node 1 ShmemPmdMapped:        0 kB
Node 1 FileHugePages:        0 kB
Node 1 FilePmdMapped:        0 kB
Node 1 HugePages_Total:     0
Node 1 HugePages_Free:      0
Node 1 HugePages_Surp:      0

After Opposite Node
Node 0 MemTotal:       24768352 kB
Node 0 MemFree:        22908420 kB
Node 0 MemUsed:         1859932 kB
Node 0 Active:            32304 kB
Node 0 Inactive:          85468 kB
Node 0 Active(anon):      13468 kB
Node 0 Inactive(anon):      480 kB
Node 0 Active(file):      18836 kB
Node 0 Inactive(file):    84988 kB
Node 0 Unevictable:         812 kB
Node 0 Mlocked:             812 kB
Node 0 Dirty:               108 kB
Node 0 Writeback:             0 kB
Node 0 FilePages:        105296 kB
Node 0 Mapped:             9760 kB
Node 0 AnonPages:         13288 kB
Node 0 Shmem:               660 kB
Node 0 KernelStack:        3272 kB
Node 0 PageTables:          432 kB
Node 0 NFS_Unstable:          0 kB
Node 0 Bounce:                0 kB
Node 0 WritebackTmp:          0 kB
Node 0 KReclaimable:      18624 kB
Node 0 Slab:              65668 kB
Node 0 SReclaimable:      18624 kB
Node 0 SUnreclaim:        47044 kB
Node 0 AnonHugePages:         0 kB
Node 0 ShmemHugePages:        0 kB
Node 0 ShmemPmdMapped:        0 kB
Node 0 FileHugePages:        0 kB
Node 0 FilePmdMapped:        0 kB
Node 0 HugePages_Total:     0
Node 0 HugePages_Free:      0
Node 0 HugePages_Surp:      0

Node 1 MemTotal:       24661580 kB
Node 1 MemFree:        23892704 kB
Node 1 MemUsed:          768876 kB
Node 1 Active:            67364 kB
Node 1 Inactive:         109976 kB
Node 1 Active(anon):      20592 kB
Node 1 Inactive(anon):      460 kB
Node 1 Active(file):      46772 kB
Node 1 Inactive(file):   109516 kB
Node 1 Unevictable:       17944 kB
Node 1 Mlocked:           17944 kB
Node 1 Dirty:               396 kB
Node 1 Writeback:             0 kB
Node 1 FilePages:        164276 kB
Node 1 Mapped:            39556 kB
Node 1 AnonPages:         31024 kB
Node 1 Shmem:               608 kB
Node 1 KernelStack:        1464 kB
Node 1 PageTables:          672 kB
Node 1 NFS_Unstable:          0 kB
Node 1 Bounce:                0 kB
Node 1 WritebackTmp:          0 kB
Node 1 KReclaimable:      24940 kB
Node 1 Slab:              66748 kB
Node 1 SReclaimable:      24940 kB
Node 1 SUnreclaim:        41808 kB
Node 1 AnonHugePages:         0 kB
Node 1 ShmemHugePages:        0 kB
Node 1 ShmemPmdMapped:        0 kB
Node 1 FileHugePages:        0 kB
Node 1 FilePmdMapped:        0 kB
Node 1 HugePages_Total:     0
Node 1 HugePages_Free:      0
Node 1 HugePages_Surp:      0

B.0.huge-simpleread.2-1G.1.O.1M Complete!
