B.0.huge-simpleread.2G.3.O.1M
Begin
Node 0 MemTotal:       24768352 kB
Node 0 MemFree:        24553492 kB
Node 0 MemUsed:          214860 kB
Node 0 Active:            47644 kB
Node 0 Inactive:          39088 kB
Node 0 Active(anon):      11412 kB
Node 0 Inactive(anon):      456 kB
Node 0 Active(file):      36232 kB
Node 0 Inactive(file):    38632 kB
Node 0 Unevictable:        1016 kB
Node 0 Mlocked:            1016 kB
Node 0 Dirty:               372 kB
Node 0 Writeback:             0 kB
Node 0 FilePages:         76504 kB
Node 0 Mapped:            28792 kB
Node 0 AnonPages:         11304 kB
Node 0 Shmem:               584 kB
Node 0 KernelStack:        2232 kB
Node 0 PageTables:          464 kB
Node 0 NFS_Unstable:          0 kB
Node 0 Bounce:                0 kB
Node 0 WritebackTmp:          0 kB
Node 0 KReclaimable:      19856 kB
Node 0 Slab:              46736 kB
Node 0 SReclaimable:      19856 kB
Node 0 SUnreclaim:        26880 kB
Node 0 AnonHugePages:         0 kB
Node 0 ShmemHugePages:        0 kB
Node 0 ShmemPmdMapped:        0 kB
Node 0 FileHugePages:        0 kB
Node 0 FilePmdMapped:        0 kB
Node 0 HugePages_Total:     0
Node 0 HugePages_Free:      0
Node 0 HugePages_Surp:      0

Node 1 MemTotal:       24661580 kB
Node 1 MemFree:        24240584 kB
Node 1 MemUsed:          420996 kB
Node 1 Active:            48224 kB
Node 1 Inactive:          68152 kB
Node 1 Active(anon):      22108 kB
Node 1 Inactive(anon):      420 kB
Node 1 Active(file):      26116 kB
Node 1 Inactive(file):    67732 kB
Node 1 Unevictable:       17504 kB
Node 1 Mlocked:           17504 kB
Node 1 Dirty:               188 kB
Node 1 Writeback:             0 kB
Node 1 FilePages:        101708 kB
Node 1 Mapped:            33040 kB
Node 1 AnonPages:         32288 kB
Node 1 Shmem:               684 kB
Node 1 KernelStack:        1400 kB
Node 1 PageTables:          700 kB
Node 1 NFS_Unstable:          0 kB
Node 1 Bounce:                0 kB
Node 1 WritebackTmp:          0 kB
Node 1 KReclaimable:      23032 kB
Node 1 Slab:              63244 kB
Node 1 SReclaimable:      23032 kB
Node 1 SUnreclaim:        40212 kB
Node 1 AnonHugePages:         0 kB
Node 1 ShmemHugePages:        0 kB
Node 1 ShmemPmdMapped:        0 kB
Node 1 FileHugePages:        0 kB
Node 1 FilePmdMapped:        0 kB
Node 1 HugePages_Total:     0
Node 1 HugePages_Free:      0
Node 1 HugePages_Surp:      0

Load ZFS
Node 0 MemTotal:       24768352 kB
Node 0 MemFree:        24316284 kB
Node 0 MemUsed:          452068 kB
Node 0 Active:            54936 kB
Node 0 Inactive:         127368 kB
Node 0 Active(anon):      17376 kB
Node 0 Inactive(anon):      400 kB
Node 0 Active(file):      37560 kB
Node 0 Inactive(file):   126968 kB
Node 0 Unevictable:        1016 kB
Node 0 Mlocked:            1016 kB
Node 0 Dirty:               324 kB
Node 0 Writeback:             0 kB
Node 0 FilePages:        166084 kB
Node 0 Mapped:            30460 kB
Node 0 AnonPages:         16732 kB
Node 0 Shmem:               540 kB
Node 0 KernelStack:        2400 kB
Node 0 PageTables:          536 kB
Node 0 NFS_Unstable:          0 kB
Node 0 Bounce:                0 kB
Node 0 WritebackTmp:          0 kB
Node 0 KReclaimable:      20936 kB
Node 0 Slab:              50728 kB
Node 0 SReclaimable:      20936 kB
Node 0 SUnreclaim:        29792 kB
Node 0 AnonHugePages:         0 kB
Node 0 ShmemHugePages:        0 kB
Node 0 ShmemPmdMapped:        0 kB
Node 0 FileHugePages:        0 kB
Node 0 FilePmdMapped:        0 kB
Node 0 HugePages_Total:     0
Node 0 HugePages_Free:      0
Node 0 HugePages_Surp:      0

Node 1 MemTotal:       24661580 kB
Node 1 MemFree:        24333116 kB
Node 1 MemUsed:          328464 kB
Node 1 Active:            69108 kB
Node 1 Inactive:          83452 kB
Node 1 Active(anon):      41952 kB
Node 1 Inactive(anon):      548 kB
Node 1 Active(file):      27156 kB
Node 1 Inactive(file):    82904 kB
Node 1 Unevictable:       17732 kB
Node 1 Mlocked:           17732 kB
Node 1 Dirty:               312 kB
Node 1 Writeback:             0 kB
Node 1 FilePages:        117964 kB
Node 1 Mapped:            35224 kB
Node 1 AnonPages:         52192 kB
Node 1 Shmem:               728 kB
Node 1 KernelStack:        1880 kB
Node 1 PageTables:         2280 kB
Node 1 NFS_Unstable:          0 kB
Node 1 Bounce:                0 kB
Node 1 WritebackTmp:          0 kB
Node 1 KReclaimable:      23660 kB
Node 1 Slab:              66192 kB
Node 1 SReclaimable:      23660 kB
Node 1 SUnreclaim:        42532 kB
Node 1 AnonHugePages:         0 kB
Node 1 ShmemHugePages:        0 kB
Node 1 ShmemPmdMapped:        0 kB
Node 1 FileHugePages:        0 kB
Node 1 FilePmdMapped:        0 kB
Node 1 HugePages_Total:     0
Node 1 HugePages_Free:      0
Node 1 HugePages_Surp:      0

Import tank ZPool
Node 0 MemTotal:       24768352 kB
Node 0 MemFree:        24299972 kB
Node 0 MemUsed:          468380 kB
Node 0 Active:            55036 kB
Node 0 Inactive:         128560 kB
Node 0 Active(anon):      17136 kB
Node 0 Inactive(anon):      404 kB
Node 0 Active(file):      37900 kB
Node 0 Inactive(file):   128156 kB
Node 0 Unevictable:        1016 kB
Node 0 Mlocked:            1016 kB
Node 0 Dirty:                32 kB
Node 0 Writeback:             0 kB
Node 0 FilePages:        167636 kB
Node 0 Mapped:            30664 kB
Node 0 AnonPages:         16628 kB
Node 0 Shmem:               548 kB
Node 0 KernelStack:        3400 kB
Node 0 PageTables:          660 kB
Node 0 NFS_Unstable:          0 kB
Node 0 Bounce:                0 kB
Node 0 WritebackTmp:          0 kB
Node 0 KReclaimable:      21072 kB
Node 0 Slab:              56788 kB
Node 0 SReclaimable:      21072 kB
Node 0 SUnreclaim:        35716 kB
Node 0 AnonHugePages:         0 kB
Node 0 ShmemHugePages:        0 kB
Node 0 ShmemPmdMapped:        0 kB
Node 0 FileHugePages:        0 kB
Node 0 FilePmdMapped:        0 kB
Node 0 HugePages_Total:     0
Node 0 HugePages_Free:      0
Node 0 HugePages_Surp:      0

Node 1 MemTotal:       24661580 kB
Node 1 MemFree:        24334628 kB
Node 1 MemUsed:          326952 kB
Node 1 Active:            68988 kB
Node 1 Inactive:          83452 kB
Node 1 Active(anon):      41832 kB
Node 1 Inactive(anon):      548 kB
Node 1 Active(file):      27156 kB
Node 1 Inactive(file):    82904 kB
Node 1 Unevictable:       17732 kB
Node 1 Mlocked:           17732 kB
Node 1 Dirty:                16 kB
Node 1 Writeback:             0 kB
Node 1 FilePages:        117956 kB
Node 1 Mapped:            35228 kB
Node 1 AnonPages:         52212 kB
Node 1 Shmem:               720 kB
Node 1 KernelStack:        1848 kB
Node 1 PageTables:         2240 kB
Node 1 NFS_Unstable:          0 kB
Node 1 Bounce:                0 kB
Node 1 WritebackTmp:          0 kB
Node 1 KReclaimable:      23668 kB
Node 1 Slab:              66232 kB
Node 1 SReclaimable:      23668 kB
Node 1 SUnreclaim:        42564 kB
Node 1 AnonHugePages:         0 kB
Node 1 ShmemHugePages:        0 kB
Node 1 ShmemPmdMapped:        0 kB
Node 1 FileHugePages:        0 kB
Node 1 FilePmdMapped:        0 kB
Node 1 HugePages_Total:     0
Node 1 HugePages_Free:      0
Node 1 HugePages_Surp:      0

After Test
Node 0 MemTotal:       24768352 kB
Node 0 MemFree:        21732748 kB
Node 0 MemUsed:         3035604 kB
Node 0 Active:            50680 kB
Node 0 Inactive:         128068 kB
Node 0 Active(anon):      11784 kB
Node 0 Inactive(anon):      400 kB
Node 0 Active(file):      38896 kB
Node 0 Inactive(file):   127668 kB
Node 0 Unevictable:        1016 kB
Node 0 Mlocked:            1016 kB
Node 0 Dirty:                 8 kB
Node 0 Writeback:             0 kB
Node 0 FilePages:        168128 kB
Node 0 Mapped:            28788 kB
Node 0 AnonPages:         11700 kB
Node 0 Shmem:               548 kB
Node 0 KernelStack:        3272 kB
Node 0 PageTables:          492 kB
Node 0 NFS_Unstable:          0 kB
Node 0 Bounce:                0 kB
Node 0 WritebackTmp:          0 kB
Node 0 KReclaimable:      21128 kB
Node 0 Slab:              69036 kB
Node 0 SReclaimable:      21128 kB
Node 0 SUnreclaim:        47908 kB
Node 0 AnonHugePages:         0 kB
Node 0 ShmemHugePages:        0 kB
Node 0 ShmemPmdMapped:        0 kB
Node 0 FileHugePages:        0 kB
Node 0 FilePmdMapped:        0 kB
Node 0 HugePages_Total:     0
Node 0 HugePages_Free:      0
Node 0 HugePages_Surp:      0

Node 1 MemTotal:       24661580 kB
Node 1 MemFree:        23988976 kB
Node 1 MemUsed:          672604 kB
Node 1 Active:            49580 kB
Node 1 Inactive:          82652 kB
Node 1 Active(anon):      21628 kB
Node 1 Inactive(anon):      544 kB
Node 1 Active(file):      27952 kB
Node 1 Inactive(file):    82108 kB
Node 1 Unevictable:       17732 kB
Node 1 Mlocked:           17732 kB
Node 1 Dirty:                20 kB
Node 1 Writeback:             0 kB
Node 1 FilePages:        117956 kB
Node 1 Mapped:            33192 kB
Node 1 AnonPages:         32004 kB
Node 1 Shmem:               720 kB
Node 1 KernelStack:        1320 kB
Node 1 PageTables:          664 kB
Node 1 NFS_Unstable:          0 kB
Node 1 Bounce:                0 kB
Node 1 WritebackTmp:          0 kB
Node 1 KReclaimable:      23668 kB
Node 1 Slab:              67776 kB
Node 1 SReclaimable:      23668 kB
Node 1 SUnreclaim:        44108 kB
Node 1 AnonHugePages:         0 kB
Node 1 ShmemHugePages:        0 kB
Node 1 ShmemPmdMapped:        0 kB
Node 1 FileHugePages:        0 kB
Node 1 FilePmdMapped:        0 kB
Node 1 HugePages_Total:     0
Node 1 HugePages_Free:      0
Node 1 HugePages_Surp:      0

After Opposite Node
Node 0 MemTotal:       24768352 kB
Node 0 MemFree:        21735248 kB
Node 0 MemUsed:         3033104 kB
Node 0 Active:            50360 kB
Node 0 Inactive:         128020 kB
Node 0 Active(anon):      11400 kB
Node 0 Inactive(anon):      400 kB
Node 0 Active(file):      38960 kB
Node 0 Inactive(file):   127620 kB
Node 0 Unevictable:        1016 kB
Node 0 Mlocked:            1016 kB
Node 0 Dirty:                48 kB
Node 0 Writeback:             0 kB
Node 0 FilePages:        168144 kB
Node 0 Mapped:            28788 kB
Node 0 AnonPages:         11252 kB
Node 0 Shmem:               548 kB
Node 0 KernelStack:        3256 kB
Node 0 PageTables:          436 kB
Node 0 NFS_Unstable:          0 kB
Node 0 Bounce:                0 kB
Node 0 WritebackTmp:          0 kB
Node 0 KReclaimable:      21128 kB
Node 0 Slab:              68940 kB
Node 0 SReclaimable:      21128 kB
Node 0 SUnreclaim:        47812 kB
Node 0 AnonHugePages:         0 kB
Node 0 ShmemHugePages:        0 kB
Node 0 ShmemPmdMapped:        0 kB
Node 0 FileHugePages:        0 kB
Node 0 FilePmdMapped:        0 kB
Node 0 HugePages_Total:     0
Node 0 HugePages_Free:      0
Node 0 HugePages_Surp:      0

Node 1 MemTotal:       24661580 kB
Node 1 MemFree:        23988940 kB
Node 1 MemUsed:          672640 kB
Node 1 Active:            50224 kB
Node 1 Inactive:          82448 kB
Node 1 Active(anon):      22060 kB
Node 1 Inactive(anon):      544 kB
Node 1 Active(file):      28164 kB
Node 1 Inactive(file):    81904 kB
Node 1 Unevictable:       17732 kB
Node 1 Mlocked:           17732 kB
Node 1 Dirty:                76 kB
Node 1 Writeback:             0 kB
Node 1 FilePages:        117964 kB
Node 1 Mapped:            33192 kB
Node 1 AnonPages:         32456 kB
Node 1 Shmem:               720 kB
Node 1 KernelStack:        1320 kB
Node 1 PageTables:          720 kB
Node 1 NFS_Unstable:          0 kB
Node 1 Bounce:                0 kB
Node 1 WritebackTmp:          0 kB
Node 1 KReclaimable:      23700 kB
Node 1 Slab:              68060 kB
Node 1 SReclaimable:      23700 kB
Node 1 SUnreclaim:        44360 kB
Node 1 AnonHugePages:         0 kB
Node 1 ShmemHugePages:        0 kB
Node 1 ShmemPmdMapped:        0 kB
Node 1 FileHugePages:        0 kB
Node 1 FilePmdMapped:        0 kB
Node 1 HugePages_Total:     0
Node 1 HugePages_Free:      0
Node 1 HugePages_Surp:      0

B.0.huge-simpleread.2G.3.O.1M Complete!
