U.0.fio.1-128K.3.O
Begin
Node 0 MemTotal:       24768352 kB
Node 0 MemFree:        24557364 kB
Node 0 MemUsed:          210988 kB
Node 0 Active:            22620 kB
Node 0 Inactive:          47868 kB
Node 0 Active(anon):      11460 kB
Node 0 Inactive(anon):      280 kB
Node 0 Active(file):      11160 kB
Node 0 Inactive(file):    47588 kB
Node 0 Unevictable:         544 kB
Node 0 Mlocked:             544 kB
Node 0 Dirty:               392 kB
Node 0 Writeback:             0 kB
Node 0 FilePages:         59768 kB
Node 0 Mapped:             7460 kB
Node 0 AnonPages:         11284 kB
Node 0 Shmem:               480 kB
Node 0 KernelStack:        2504 kB
Node 0 PageTables:          448 kB
Node 0 NFS_Unstable:          0 kB
Node 0 Bounce:                0 kB
Node 0 WritebackTmp:          0 kB
Node 0 KReclaimable:      18584 kB
Node 0 Slab:              56176 kB
Node 0 SReclaimable:      18584 kB
Node 0 SUnreclaim:        37592 kB
Node 0 AnonHugePages:         0 kB
Node 0 ShmemHugePages:        0 kB
Node 0 ShmemPmdMapped:        0 kB
Node 0 FileHugePages:        0 kB
Node 0 FilePmdMapped:        0 kB
Node 0 HugePages_Total:     0
Node 0 HugePages_Free:      0
Node 0 HugePages_Surp:      0

Node 1 MemTotal:       24661580 kB
Node 1 MemFree:        24253504 kB
Node 1 MemUsed:          408076 kB
Node 1 Active:            71392 kB
Node 1 Inactive:          52500 kB
Node 1 Active(anon):      21972 kB
Node 1 Inactive(anon):      600 kB
Node 1 Active(file):      49420 kB
Node 1 Inactive(file):    51900 kB
Node 1 Unevictable:       17980 kB
Node 1 Mlocked:           17980 kB
Node 1 Dirty:               140 kB
Node 1 Writeback:             0 kB
Node 1 FilePages:        109768 kB
Node 1 Mapped:            46600 kB
Node 1 AnonPages:         32152 kB
Node 1 Shmem:               788 kB
Node 1 KernelStack:        1128 kB
Node 1 PageTables:          684 kB
Node 1 NFS_Unstable:          0 kB
Node 1 Bounce:                0 kB
Node 1 WritebackTmp:          0 kB
Node 1 KReclaimable:      22316 kB
Node 1 Slab:              48660 kB
Node 1 SReclaimable:      22316 kB
Node 1 SUnreclaim:        26344 kB
Node 1 AnonHugePages:         0 kB
Node 1 ShmemHugePages:        0 kB
Node 1 ShmemPmdMapped:        0 kB
Node 1 FileHugePages:        0 kB
Node 1 FilePmdMapped:        0 kB
Node 1 HugePages_Total:     0
Node 1 HugePages_Free:      0
Node 1 HugePages_Surp:      0

Load ZFS
Node 0 MemTotal:       24768352 kB
Node 0 MemFree:        24557340 kB
Node 0 MemUsed:          211012 kB
Node 0 Active:            23772 kB
Node 0 Inactive:          47928 kB
Node 0 Active(anon):      11480 kB
Node 0 Inactive(anon):      284 kB
Node 0 Active(file):      12292 kB
Node 0 Inactive(file):    47644 kB
Node 0 Unevictable:         544 kB
Node 0 Mlocked:             544 kB
Node 0 Dirty:               392 kB
Node 0 Writeback:             0 kB
Node 0 FilePages:         60956 kB
Node 0 Mapped:             7620 kB
Node 0 AnonPages:         11284 kB
Node 0 Shmem:               480 kB
Node 0 KernelStack:        2328 kB
Node 0 PageTables:          448 kB
Node 0 NFS_Unstable:          0 kB
Node 0 Bounce:                0 kB
Node 0 WritebackTmp:          0 kB
Node 0 KReclaimable:      19020 kB
Node 0 Slab:              57700 kB
Node 0 SReclaimable:      19020 kB
Node 0 SUnreclaim:        38680 kB
Node 0 AnonHugePages:         0 kB
Node 0 ShmemHugePages:        0 kB
Node 0 ShmemPmdMapped:        0 kB
Node 0 FileHugePages:        0 kB
Node 0 FilePmdMapped:        0 kB
Node 0 HugePages_Total:     0
Node 0 HugePages_Free:      0
Node 0 HugePages_Surp:      0

Node 1 MemTotal:       24661580 kB
Node 1 MemFree:        24245000 kB
Node 1 MemUsed:          416580 kB
Node 1 Active:            78656 kB
Node 1 Inactive:          48584 kB
Node 1 Active(anon):      23852 kB
Node 1 Inactive(anon):      600 kB
Node 1 Active(file):      54804 kB
Node 1 Inactive(file):    47984 kB
Node 1 Unevictable:       17980 kB
Node 1 Mlocked:           17980 kB
Node 1 Dirty:               176 kB
Node 1 Writeback:             0 kB
Node 1 FilePages:        111228 kB
Node 1 Mapped:            46596 kB
Node 1 AnonPages:         33924 kB
Node 1 Shmem:               788 kB
Node 1 KernelStack:        1336 kB
Node 1 PageTables:          820 kB
Node 1 NFS_Unstable:          0 kB
Node 1 Bounce:                0 kB
Node 1 WritebackTmp:          0 kB
Node 1 KReclaimable:      22748 kB
Node 1 Slab:              50064 kB
Node 1 SReclaimable:      22748 kB
Node 1 SUnreclaim:        27316 kB
Node 1 AnonHugePages:         0 kB
Node 1 ShmemHugePages:        0 kB
Node 1 ShmemPmdMapped:        0 kB
Node 1 FileHugePages:        0 kB
Node 1 FilePmdMapped:        0 kB
Node 1 HugePages_Total:     0
Node 1 HugePages_Free:      0
Node 1 HugePages_Surp:      0

Import tank ZPool
Node 0 MemTotal:       24768352 kB
Node 0 MemFree:        24558356 kB
Node 0 MemUsed:          209996 kB
Node 0 Active:            23888 kB
Node 0 Inactive:          47836 kB
Node 0 Active(anon):      11476 kB
Node 0 Inactive(anon):      284 kB
Node 0 Active(file):      12412 kB
Node 0 Inactive(file):    47552 kB
Node 0 Unevictable:         544 kB
Node 0 Mlocked:             544 kB
Node 0 Dirty:               160 kB
Node 0 Writeback:             0 kB
Node 0 FilePages:         61016 kB
Node 0 Mapped:             7460 kB
Node 0 AnonPages:         11284 kB
Node 0 Shmem:               476 kB
Node 0 KernelStack:        2312 kB
Node 0 PageTables:          448 kB
Node 0 NFS_Unstable:          0 kB
Node 0 Bounce:                0 kB
Node 0 WritebackTmp:          0 kB
Node 0 KReclaimable:      19024 kB
Node 0 Slab:              57700 kB
Node 0 SReclaimable:      19024 kB
Node 0 SUnreclaim:        38676 kB
Node 0 AnonHugePages:         0 kB
Node 0 ShmemHugePages:        0 kB
Node 0 ShmemPmdMapped:        0 kB
Node 0 FileHugePages:        0 kB
Node 0 FilePmdMapped:        0 kB
Node 0 HugePages_Total:     0
Node 0 HugePages_Free:      0
Node 0 HugePages_Surp:      0

Node 1 MemTotal:       24661580 kB
Node 1 MemFree:        24227540 kB
Node 1 MemUsed:          434040 kB
Node 1 Active:            79400 kB
Node 1 Inactive:          49764 kB
Node 1 Active(anon):      24252 kB
Node 1 Inactive(anon):      604 kB
Node 1 Active(file):      55148 kB
Node 1 Inactive(file):    49160 kB
Node 1 Unevictable:       17980 kB
Node 1 Mlocked:           17980 kB
Node 1 Dirty:               224 kB
Node 1 Writeback:             0 kB
Node 1 FilePages:        112756 kB
Node 1 Mapped:            46784 kB
Node 1 AnonPages:         34028 kB
Node 1 Shmem:               792 kB
Node 1 KernelStack:        2552 kB
Node 1 PageTables:          904 kB
Node 1 NFS_Unstable:          0 kB
Node 1 Bounce:                0 kB
Node 1 WritebackTmp:          0 kB
Node 1 KReclaimable:      22864 kB
Node 1 Slab:              57004 kB
Node 1 SReclaimable:      22864 kB
Node 1 SUnreclaim:        34140 kB
Node 1 AnonHugePages:         0 kB
Node 1 ShmemHugePages:        0 kB
Node 1 ShmemPmdMapped:        0 kB
Node 1 FileHugePages:        0 kB
Node 1 FilePmdMapped:        0 kB
Node 1 HugePages_Total:     0
Node 1 HugePages_Free:      0
Node 1 HugePages_Surp:      0

After Opposite Node
Node 0 MemTotal:       24768352 kB
Node 0 MemFree:        24558372 kB
Node 0 MemUsed:          209980 kB
Node 0 Active:            23964 kB
Node 0 Inactive:          47796 kB
Node 0 Active(anon):      11476 kB
Node 0 Inactive(anon):      284 kB
Node 0 Active(file):      12488 kB
Node 0 Inactive(file):    47512 kB
Node 0 Unevictable:         544 kB
Node 0 Mlocked:             544 kB
Node 0 Dirty:               160 kB
Node 0 Writeback:             0 kB
Node 0 FilePages:         61016 kB
Node 0 Mapped:             7460 kB
Node 0 AnonPages:         11284 kB
Node 0 Shmem:               476 kB
Node 0 KernelStack:        2312 kB
Node 0 PageTables:          448 kB
Node 0 NFS_Unstable:          0 kB
Node 0 Bounce:                0 kB
Node 0 WritebackTmp:          0 kB
Node 0 KReclaimable:      19024 kB
Node 0 Slab:              57700 kB
Node 0 SReclaimable:      19024 kB
Node 0 SUnreclaim:        38676 kB
Node 0 AnonHugePages:         0 kB
Node 0 ShmemHugePages:        0 kB
Node 0 ShmemPmdMapped:        0 kB
Node 0 FileHugePages:        0 kB
Node 0 FilePmdMapped:        0 kB
Node 0 HugePages_Total:     0
Node 0 HugePages_Free:      0
Node 0 HugePages_Surp:      0

Node 1 MemTotal:       24661580 kB
Node 1 MemFree:        24222052 kB
Node 1 MemUsed:          439528 kB
Node 1 Active:            80308 kB
Node 1 Inactive:          50768 kB
Node 1 Active(anon):      24040 kB
Node 1 Inactive(anon):      628 kB
Node 1 Active(file):      56268 kB
Node 1 Inactive(file):    50140 kB
Node 1 Unevictable:       17980 kB
Node 1 Mlocked:           17980 kB
Node 1 Dirty:               228 kB
Node 1 Writeback:             0 kB
Node 1 FilePages:        114896 kB
Node 1 Mapped:            46856 kB
Node 1 AnonPages:         34072 kB
Node 1 Shmem:               836 kB
Node 1 KernelStack:        2536 kB
Node 1 PageTables:          908 kB
Node 1 NFS_Unstable:          0 kB
Node 1 Bounce:                0 kB
Node 1 WritebackTmp:          0 kB
Node 1 KReclaimable:      24160 kB
Node 1 Slab:              58784 kB
Node 1 SReclaimable:      24160 kB
Node 1 SUnreclaim:        34624 kB
Node 1 AnonHugePages:         0 kB
Node 1 ShmemHugePages:        0 kB
Node 1 ShmemPmdMapped:        0 kB
Node 1 FileHugePages:        0 kB
Node 1 FilePmdMapped:        0 kB
Node 1 HugePages_Total:     0
Node 1 HugePages_Free:      0
Node 1 HugePages_Surp:      0

After Test
Node 0 MemTotal:       24768352 kB
Node 0 MemFree:        24556876 kB
Node 0 MemUsed:          211476 kB
Node 0 Active:            24072 kB
Node 0 Inactive:          47824 kB
Node 0 Active(anon):      11584 kB
Node 0 Inactive(anon):      308 kB
Node 0 Active(file):      12488 kB
Node 0 Inactive(file):    47516 kB
Node 0 Unevictable:         544 kB
Node 0 Mlocked:             544 kB
Node 0 Dirty:               164 kB
Node 0 Writeback:             0 kB
Node 0 FilePages:         61064 kB
Node 0 Mapped:             7504 kB
Node 0 AnonPages:         11284 kB
Node 0 Shmem:               520 kB
Node 0 KernelStack:        2408 kB
Node 0 PageTables:          556 kB
Node 0 NFS_Unstable:          0 kB
Node 0 Bounce:                0 kB
Node 0 WritebackTmp:          0 kB
Node 0 KReclaimable:      19104 kB
Node 0 Slab:              58136 kB
Node 0 SReclaimable:      19104 kB
Node 0 SUnreclaim:        39032 kB
Node 0 AnonHugePages:         0 kB
Node 0 ShmemHugePages:        0 kB
Node 0 ShmemPmdMapped:        0 kB
Node 0 FileHugePages:        0 kB
Node 0 FilePmdMapped:        0 kB
Node 0 HugePages_Total:     0
Node 0 HugePages_Free:      0
Node 0 HugePages_Surp:      0

Node 1 MemTotal:       24661580 kB
Node 1 MemFree:        24222344 kB
Node 1 MemUsed:          439236 kB
Node 1 Active:            80392 kB
Node 1 Inactive:          50556 kB
Node 1 Active(anon):      23920 kB
Node 1 Inactive(anon):      604 kB
Node 1 Active(file):      56472 kB
Node 1 Inactive(file):    49952 kB
Node 1 Unevictable:       17980 kB
Node 1 Mlocked:           17980 kB
Node 1 Dirty:               244 kB
Node 1 Writeback:             0 kB
Node 1 FilePages:        114868 kB
Node 1 Mapped:            46840 kB
Node 1 AnonPages:         34060 kB
Node 1 Shmem:               792 kB
Node 1 KernelStack:        2472 kB
Node 1 PageTables:          792 kB
Node 1 NFS_Unstable:          0 kB
Node 1 Bounce:                0 kB
Node 1 WritebackTmp:          0 kB
Node 1 KReclaimable:      24160 kB
Node 1 Slab:              58792 kB
Node 1 SReclaimable:      24160 kB
Node 1 SUnreclaim:        34632 kB
Node 1 AnonHugePages:         0 kB
Node 1 ShmemHugePages:        0 kB
Node 1 ShmemPmdMapped:        0 kB
Node 1 FileHugePages:        0 kB
Node 1 FilePmdMapped:        0 kB
Node 1 HugePages_Total:     0
Node 1 HugePages_Free:      0
Node 1 HugePages_Surp:      0

U.0.fio.1-128K.3.O Complete!
