U.1.doublefio.2-1G.1.O
Begin
Node 0 MemTotal:       24768352 kB
Node 0 MemFree:        24510696 kB
Node 0 MemUsed:          257656 kB
Node 0 Active:            51596 kB
Node 0 Inactive:          73688 kB
Node 0 Active(anon):      17076 kB
Node 0 Inactive(anon):      280 kB
Node 0 Active(file):      34520 kB
Node 0 Inactive(file):    73408 kB
Node 0 Unevictable:         400 kB
Node 0 Mlocked:             400 kB
Node 0 Dirty:               468 kB
Node 0 Writeback:             0 kB
Node 0 FilePages:        108784 kB
Node 0 Mapped:            33952 kB
Node 0 AnonPages:         16952 kB
Node 0 Shmem:               444 kB
Node 0 KernelStack:        1880 kB
Node 0 PageTables:          460 kB
Node 0 NFS_Unstable:          0 kB
Node 0 Bounce:                0 kB
Node 0 WritebackTmp:          0 kB
Node 0 KReclaimable:      23664 kB
Node 0 Slab:              52296 kB
Node 0 SReclaimable:      23664 kB
Node 0 SUnreclaim:        28632 kB
Node 0 AnonHugePages:         0 kB
Node 0 ShmemHugePages:        0 kB
Node 0 ShmemPmdMapped:        0 kB
Node 0 FileHugePages:        0 kB
Node 0 FilePmdMapped:        0 kB
Node 0 HugePages_Total:     0
Node 0 HugePages_Free:      0
Node 0 HugePages_Surp:      0

Node 1 MemTotal:       24661580 kB
Node 1 MemFree:        24292988 kB
Node 1 MemUsed:          368592 kB
Node 1 Active:            43136 kB
Node 1 Inactive:          34368 kB
Node 1 Active(anon):      16636 kB
Node 1 Inactive(anon):      596 kB
Node 1 Active(file):      26500 kB
Node 1 Inactive(file):    33772 kB
Node 1 Unevictable:       18124 kB
Node 1 Mlocked:           18124 kB
Node 1 Dirty:                44 kB
Node 1 Writeback:             0 kB
Node 1 FilePages:         68888 kB
Node 1 Mapped:            25724 kB
Node 1 AnonPages:         26860 kB
Node 1 Shmem:               824 kB
Node 1 KernelStack:        1736 kB
Node 1 PageTables:          652 kB
Node 1 NFS_Unstable:          0 kB
Node 1 Bounce:                0 kB
Node 1 WritebackTmp:          0 kB
Node 1 KReclaimable:      17872 kB
Node 1 Slab:              52864 kB
Node 1 SReclaimable:      17872 kB
Node 1 SUnreclaim:        34992 kB
Node 1 AnonHugePages:         0 kB
Node 1 ShmemHugePages:        0 kB
Node 1 ShmemPmdMapped:        0 kB
Node 1 FileHugePages:        0 kB
Node 1 FilePmdMapped:        0 kB
Node 1 HugePages_Total:     0
Node 1 HugePages_Free:      0
Node 1 HugePages_Surp:      0

Load ZFS
Node 0 MemTotal:       24768352 kB
Node 0 MemFree:        24370552 kB
Node 0 MemUsed:          397800 kB
Node 0 Active:            53404 kB
Node 0 Inactive:          74144 kB
Node 0 Active(anon):      17868 kB
Node 0 Inactive(anon):      280 kB
Node 0 Active(file):      35536 kB
Node 0 Inactive(file):    73864 kB
Node 0 Unevictable:         400 kB
Node 0 Mlocked:             400 kB
Node 0 Dirty:               496 kB
Node 0 Writeback:             0 kB
Node 0 FilePages:        110244 kB
Node 0 Mapped:            33968 kB
Node 0 AnonPages:         17608 kB
Node 0 Shmem:               444 kB
Node 0 KernelStack:        1912 kB
Node 0 PageTables:          512 kB
Node 0 NFS_Unstable:          0 kB
Node 0 Bounce:                0 kB
Node 0 WritebackTmp:          0 kB
Node 0 KReclaimable:      24044 kB
Node 0 Slab:              54572 kB
Node 0 SReclaimable:      24044 kB
Node 0 SUnreclaim:        30528 kB
Node 0 AnonHugePages:         0 kB
Node 0 ShmemHugePages:        0 kB
Node 0 ShmemPmdMapped:        0 kB
Node 0 FileHugePages:        0 kB
Node 0 FilePmdMapped:        0 kB
Node 0 HugePages_Total:     0
Node 0 HugePages_Free:      0
Node 0 HugePages_Surp:      0

Node 1 MemTotal:       24661580 kB
Node 1 MemFree:        24420488 kB
Node 1 MemUsed:          241092 kB
Node 1 Active:            54776 kB
Node 1 Inactive:          29948 kB
Node 1 Active(anon):      22784 kB
Node 1 Inactive(anon):      600 kB
Node 1 Active(file):      31992 kB
Node 1 Inactive(file):    29348 kB
Node 1 Unevictable:       18124 kB
Node 1 Mlocked:           18124 kB
Node 1 Dirty:                44 kB
Node 1 Writeback:             0 kB
Node 1 FilePages:         69956 kB
Node 1 Mapped:            25896 kB
Node 1 AnonPages:         33036 kB
Node 1 Shmem:               824 kB
Node 1 KernelStack:        1896 kB
Node 1 PageTables:         1004 kB
Node 1 NFS_Unstable:          0 kB
Node 1 Bounce:                0 kB
Node 1 WritebackTmp:          0 kB
Node 1 KReclaimable:      18404 kB
Node 1 Slab:              54648 kB
Node 1 SReclaimable:      18404 kB
Node 1 SUnreclaim:        36244 kB
Node 1 AnonHugePages:         0 kB
Node 1 ShmemHugePages:        0 kB
Node 1 ShmemPmdMapped:        0 kB
Node 1 FileHugePages:        0 kB
Node 1 FilePmdMapped:        0 kB
Node 1 HugePages_Total:     0
Node 1 HugePages_Free:      0
Node 1 HugePages_Surp:      0

Import tank ZPool
Node 0 MemTotal:       24768352 kB
Node 0 MemFree:        24352140 kB
Node 0 MemUsed:          416212 kB
Node 0 Active:            53620 kB
Node 0 Inactive:          75300 kB
Node 0 Active(anon):      17492 kB
Node 0 Inactive(anon):      284 kB
Node 0 Active(file):      36128 kB
Node 0 Inactive(file):    75016 kB
Node 0 Unevictable:         400 kB
Node 0 Mlocked:             400 kB
Node 0 Dirty:               296 kB
Node 0 Writeback:             0 kB
Node 0 FilePages:        111700 kB
Node 0 Mapped:            34188 kB
Node 0 AnonPages:         17096 kB
Node 0 Shmem:               444 kB
Node 0 KernelStack:        3016 kB
Node 0 PageTables:          584 kB
Node 0 NFS_Unstable:          0 kB
Node 0 Bounce:                0 kB
Node 0 WritebackTmp:          0 kB
Node 0 KReclaimable:      24204 kB
Node 0 Slab:              61028 kB
Node 0 SReclaimable:      24204 kB
Node 0 SUnreclaim:        36824 kB
Node 0 AnonHugePages:         0 kB
Node 0 ShmemHugePages:        0 kB
Node 0 ShmemPmdMapped:        0 kB
Node 0 FileHugePages:        0 kB
Node 0 FilePmdMapped:        0 kB
Node 0 HugePages_Total:     0
Node 0 HugePages_Free:      0
Node 0 HugePages_Surp:      0

Node 1 MemTotal:       24661580 kB
Node 1 MemFree:        24425860 kB
Node 1 MemUsed:          235720 kB
Node 1 Active:            48004 kB
Node 1 Inactive:          29844 kB
Node 1 Active(anon):      15860 kB
Node 1 Inactive(anon):      600 kB
Node 1 Active(file):      32144 kB
Node 1 Inactive(file):    29244 kB
Node 1 Unevictable:       18124 kB
Node 1 Mlocked:           18124 kB
Node 1 Dirty:                80 kB
Node 1 Writeback:             0 kB
Node 1 FilePages:         70020 kB
Node 1 Mapped:            26076 kB
Node 1 AnonPages:         25964 kB
Node 1 Shmem:               824 kB
Node 1 KernelStack:        1704 kB
Node 1 PageTables:          588 kB
Node 1 NFS_Unstable:          0 kB
Node 1 Bounce:                0 kB
Node 1 WritebackTmp:          0 kB
Node 1 KReclaimable:      18408 kB
Node 1 Slab:              54620 kB
Node 1 SReclaimable:      18408 kB
Node 1 SUnreclaim:        36212 kB
Node 1 AnonHugePages:         0 kB
Node 1 ShmemHugePages:        0 kB
Node 1 ShmemPmdMapped:        0 kB
Node 1 FileHugePages:        0 kB
Node 1 FilePmdMapped:        0 kB
Node 1 HugePages_Total:     0
Node 1 HugePages_Free:      0
Node 1 HugePages_Surp:      0

After Test
Node 0 MemTotal:       24768352 kB
Node 0 MemFree:        24266004 kB
Node 0 MemUsed:          502348 kB
Node 0 Active:            53092 kB
Node 0 Inactive:          75052 kB
Node 0 Active(anon):      16900 kB
Node 0 Inactive(anon):      284 kB
Node 0 Active(file):      36192 kB
Node 0 Inactive(file):    74768 kB
Node 0 Unevictable:         400 kB
Node 0 Mlocked:             400 kB
Node 0 Dirty:               136 kB
Node 0 Writeback:             0 kB
Node 0 FilePages:        111804 kB
Node 0 Mapped:            33968 kB
Node 0 AnonPages:         16740 kB
Node 0 Shmem:               444 kB
Node 0 KernelStack:        3000 kB
Node 0 PageTables:          484 kB
Node 0 NFS_Unstable:          0 kB
Node 0 Bounce:                0 kB
Node 0 WritebackTmp:          0 kB
Node 0 KReclaimable:      24204 kB
Node 0 Slab:              61032 kB
Node 0 SReclaimable:      24204 kB
Node 0 SUnreclaim:        36828 kB
Node 0 AnonHugePages:         0 kB
Node 0 ShmemHugePages:        0 kB
Node 0 ShmemPmdMapped:        0 kB
Node 0 FileHugePages:        0 kB
Node 0 FilePmdMapped:        0 kB
Node 0 HugePages_Total:     0
Node 0 HugePages_Free:      0
Node 0 HugePages_Surp:      0

Node 1 MemTotal:       24661580 kB
Node 1 MemFree:        22625380 kB
Node 1 MemUsed:         2036200 kB
Node 1 Active:            48876 kB
Node 1 Inactive:          31028 kB
Node 1 Active(anon):      15932 kB
Node 1 Inactive(anon):      624 kB
Node 1 Active(file):      32944 kB
Node 1 Inactive(file):    30404 kB
Node 1 Unevictable:       18124 kB
Node 1 Mlocked:           18124 kB
Node 1 Dirty:                 8 kB
Node 1 Writeback:             0 kB
Node 1 FilePages:         72008 kB
Node 1 Mapped:            25972 kB
Node 1 AnonPages:         25932 kB
Node 1 Shmem:               868 kB
Node 1 KernelStack:        1720 kB
Node 1 PageTables:          708 kB
Node 1 NFS_Unstable:          0 kB
Node 1 Bounce:                0 kB
Node 1 WritebackTmp:          0 kB
Node 1 KReclaimable:      19788 kB
Node 1 Slab:              66100 kB
Node 1 SReclaimable:      19788 kB
Node 1 SUnreclaim:        46312 kB
Node 1 AnonHugePages:         0 kB
Node 1 ShmemHugePages:        0 kB
Node 1 ShmemPmdMapped:        0 kB
Node 1 FileHugePages:        0 kB
Node 1 FilePmdMapped:        0 kB
Node 1 HugePages_Total:     0
Node 1 HugePages_Free:      0
Node 1 HugePages_Surp:      0

After Opposite Node
Node 0 MemTotal:       24768352 kB
Node 0 MemFree:        24264388 kB
Node 0 MemUsed:          503964 kB
Node 0 Active:            53276 kB
Node 0 Inactive:          75076 kB
Node 0 Active(anon):      17056 kB
Node 0 Inactive(anon):      312 kB
Node 0 Active(file):      36220 kB
Node 0 Inactive(file):    74764 kB
Node 0 Unevictable:         400 kB
Node 0 Mlocked:             400 kB
Node 0 Dirty:               156 kB
Node 0 Writeback:             0 kB
Node 0 FilePages:        111872 kB
Node 0 Mapped:            34012 kB
Node 0 AnonPages:         16788 kB
Node 0 Shmem:               488 kB
Node 0 KernelStack:        3016 kB
Node 0 PageTables:          600 kB
Node 0 NFS_Unstable:          0 kB
Node 0 Bounce:                0 kB
Node 0 WritebackTmp:          0 kB
Node 0 KReclaimable:      24244 kB
Node 0 Slab:              61636 kB
Node 0 SReclaimable:      24244 kB
Node 0 SUnreclaim:        37392 kB
Node 0 AnonHugePages:         0 kB
Node 0 ShmemHugePages:        0 kB
Node 0 ShmemPmdMapped:        0 kB
Node 0 FileHugePages:        0 kB
Node 0 FilePmdMapped:        0 kB
Node 0 HugePages_Total:     0
Node 0 HugePages_Free:      0
Node 0 HugePages_Surp:      0

Node 1 MemTotal:       24661580 kB
Node 1 MemFree:        22624728 kB
Node 1 MemUsed:         2036852 kB
Node 1 Active:            48892 kB
Node 1 Inactive:          30836 kB
Node 1 Active(anon):      15772 kB
Node 1 Inactive(anon):      600 kB
Node 1 Active(file):      33120 kB
Node 1 Inactive(file):    30236 kB
Node 1 Unevictable:       18124 kB
Node 1 Mlocked:           18124 kB
Node 1 Dirty:                16 kB
Node 1 Writeback:             0 kB
Node 1 FilePages:         71976 kB
Node 1 Mapped:            25920 kB
Node 1 AnonPages:         25876 kB
Node 1 Shmem:               824 kB
Node 1 KernelStack:        1704 kB
Node 1 PageTables:          588 kB
Node 1 NFS_Unstable:          0 kB
Node 1 Bounce:                0 kB
Node 1 WritebackTmp:          0 kB
Node 1 KReclaimable:      19788 kB
Node 1 Slab:              66056 kB
Node 1 SReclaimable:      19788 kB
Node 1 SUnreclaim:        46268 kB
Node 1 AnonHugePages:         0 kB
Node 1 ShmemHugePages:        0 kB
Node 1 ShmemPmdMapped:        0 kB
Node 1 FileHugePages:        0 kB
Node 1 FilePmdMapped:        0 kB
Node 1 HugePages_Total:     0
Node 1 HugePages_Free:      0
Node 1 HugePages_Surp:      0

U.1.doublefio.2-1G.1.O Complete!
