U.1.doublefio.8G.3.O
Begin
Node 0 MemTotal:       24743736 kB
Node 0 MemFree:        24537140 kB
Node 0 MemUsed:          206596 kB
Node 0 Active:            35180 kB
Node 0 Inactive:          31588 kB
Node 0 Active(anon):       9376 kB
Node 0 Inactive(anon):      372 kB
Node 0 Active(file):      25804 kB
Node 0 Inactive(file):    31216 kB
Node 0 Unevictable:        1272 kB
Node 0 Mlocked:            1272 kB
Node 0 Dirty:               308 kB
Node 0 Writeback:             0 kB
Node 0 FilePages:         58860 kB
Node 0 Mapped:            16272 kB
Node 0 AnonPages:          9184 kB
Node 0 Shmem:               564 kB
Node 0 KernelStack:        1976 kB
Node 0 PageTables:          392 kB
Node 0 NFS_Unstable:          0 kB
Node 0 Bounce:                0 kB
Node 0 WritebackTmp:          0 kB
Node 0 KReclaimable:      24324 kB
Node 0 Slab:              56904 kB
Node 0 SReclaimable:      24324 kB
Node 0 SUnreclaim:        32580 kB
Node 0 AnonHugePages:         0 kB
Node 0 ShmemHugePages:        0 kB
Node 0 ShmemPmdMapped:        0 kB
Node 0 FileHugePages:        0 kB
Node 0 FilePmdMapped:        0 kB
Node 0 HugePages_Total:     0
Node 0 HugePages_Free:      0
Node 0 HugePages_Surp:      0

Node 1 MemTotal:       24686196 kB
Node 1 MemFree:        24259544 kB
Node 1 MemUsed:          426652 kB
Node 1 Active:            66428 kB
Node 1 Inactive:          61032 kB
Node 1 Active(anon):      24720 kB
Node 1 Inactive(anon):      512 kB
Node 1 Active(file):      41708 kB
Node 1 Inactive(file):    60520 kB
Node 1 Unevictable:       17252 kB
Node 1 Mlocked:           17252 kB
Node 1 Dirty:               116 kB
Node 1 Writeback:             0 kB
Node 1 FilePages:        109996 kB
Node 1 Mapped:            28804 kB
Node 1 AnonPages:         34876 kB
Node 1 Shmem:               704 kB
Node 1 KernelStack:        1640 kB
Node 1 PageTables:          596 kB
Node 1 NFS_Unstable:          0 kB
Node 1 Bounce:                0 kB
Node 1 WritebackTmp:          0 kB
Node 1 KReclaimable:      26380 kB
Node 1 Slab:              58908 kB
Node 1 SReclaimable:      26380 kB
Node 1 SUnreclaim:        32528 kB
Node 1 AnonHugePages:         0 kB
Node 1 ShmemHugePages:        0 kB
Node 1 ShmemPmdMapped:        0 kB
Node 1 FileHugePages:        0 kB
Node 1 FilePmdMapped:        0 kB
Node 1 HugePages_Total:     0
Node 1 HugePages_Free:      0
Node 1 HugePages_Surp:      0

Load ZFS
Node 0 MemTotal:       24743736 kB
Node 0 MemFree:        24532788 kB
Node 0 MemUsed:          210948 kB
Node 0 Active:            38236 kB
Node 0 Inactive:          32028 kB
Node 0 Active(anon):      11808 kB
Node 0 Inactive(anon):      372 kB
Node 0 Active(file):      26428 kB
Node 0 Inactive(file):    31656 kB
Node 0 Unevictable:        1272 kB
Node 0 Mlocked:            1272 kB
Node 0 Dirty:               372 kB
Node 0 Writeback:             0 kB
Node 0 FilePages:         59920 kB
Node 0 Mapped:            16412 kB
Node 0 AnonPages:         11644 kB
Node 0 Shmem:               564 kB
Node 0 KernelStack:        1944 kB
Node 0 PageTables:          512 kB
Node 0 NFS_Unstable:          0 kB
Node 0 Bounce:                0 kB
Node 0 WritebackTmp:          0 kB
Node 0 KReclaimable:      24832 kB
Node 0 Slab:              58916 kB
Node 0 SReclaimable:      24832 kB
Node 0 SUnreclaim:        34084 kB
Node 0 AnonHugePages:         0 kB
Node 0 ShmemHugePages:        0 kB
Node 0 ShmemPmdMapped:        0 kB
Node 0 FileHugePages:        0 kB
Node 0 FilePmdMapped:        0 kB
Node 0 HugePages_Total:     0
Node 0 HugePages_Free:      0
Node 0 HugePages_Surp:      0

Node 1 MemTotal:       24686196 kB
Node 1 MemFree:        24256824 kB
Node 1 MemUsed:          429372 kB
Node 1 Active:            73172 kB
Node 1 Inactive:          56632 kB
Node 1 Active(anon):      25456 kB
Node 1 Inactive(anon):      512 kB
Node 1 Active(file):      47716 kB
Node 1 Inactive(file):    56120 kB
Node 1 Unevictable:       17252 kB
Node 1 Mlocked:           17252 kB
Node 1 Dirty:               124 kB
Node 1 Writeback:             0 kB
Node 1 FilePages:        111460 kB
Node 1 Mapped:            28808 kB
Node 1 AnonPages:         35508 kB
Node 1 Shmem:               704 kB
Node 1 KernelStack:        1832 kB
Node 1 PageTables:          812 kB
Node 1 NFS_Unstable:          0 kB
Node 1 Bounce:                0 kB
Node 1 WritebackTmp:          0 kB
Node 1 KReclaimable:      26848 kB
Node 1 Slab:              60688 kB
Node 1 SReclaimable:      26848 kB
Node 1 SUnreclaim:        33840 kB
Node 1 AnonHugePages:         0 kB
Node 1 ShmemHugePages:        0 kB
Node 1 ShmemPmdMapped:        0 kB
Node 1 FileHugePages:        0 kB
Node 1 FilePmdMapped:        0 kB
Node 1 HugePages_Total:     0
Node 1 HugePages_Free:      0
Node 1 HugePages_Surp:      0

Import tank ZPool
Node 0 MemTotal:       24743736 kB
Node 0 MemFree:        24531080 kB
Node 0 MemUsed:          212656 kB
Node 0 Active:            39016 kB
Node 0 Inactive:          32096 kB
Node 0 Active(anon):      12516 kB
Node 0 Inactive(anon):      372 kB
Node 0 Active(file):      26500 kB
Node 0 Inactive(file):    31724 kB
Node 0 Unevictable:        1272 kB
Node 0 Mlocked:            1272 kB
Node 0 Dirty:               180 kB
Node 0 Writeback:             0 kB
Node 0 FilePages:         60064 kB
Node 0 Mapped:            16384 kB
Node 0 AnonPages:         12148 kB
Node 0 Shmem:               564 kB
Node 0 KernelStack:        2072 kB
Node 0 PageTables:          584 kB
Node 0 NFS_Unstable:          0 kB
Node 0 Bounce:                0 kB
Node 0 WritebackTmp:          0 kB
Node 0 KReclaimable:      24872 kB
Node 0 Slab:              60452 kB
Node 0 SReclaimable:      24872 kB
Node 0 SUnreclaim:        35580 kB
Node 0 AnonHugePages:         0 kB
Node 0 ShmemHugePages:        0 kB
Node 0 ShmemPmdMapped:        0 kB
Node 0 FileHugePages:        0 kB
Node 0 FilePmdMapped:        0 kB
Node 0 HugePages_Total:     0
Node 0 HugePages_Free:      0
Node 0 HugePages_Surp:      0

Node 1 MemTotal:       24686196 kB
Node 1 MemFree:        24233460 kB
Node 1 MemUsed:          452736 kB
Node 1 Active:            73720 kB
Node 1 Inactive:          57720 kB
Node 1 Active(anon):      25656 kB
Node 1 Inactive(anon):      516 kB
Node 1 Active(file):      48064 kB
Node 1 Inactive(file):    57204 kB
Node 1 Unevictable:       17252 kB
Node 1 Mlocked:           17252 kB
Node 1 Dirty:               140 kB
Node 1 Writeback:             0 kB
Node 1 FilePages:        112892 kB
Node 1 Mapped:            28896 kB
Node 1 AnonPages:         35544 kB
Node 1 Shmem:               704 kB
Node 1 KernelStack:        2824 kB
Node 1 PageTables:          836 kB
Node 1 NFS_Unstable:          0 kB
Node 1 Bounce:                0 kB
Node 1 WritebackTmp:          0 kB
Node 1 KReclaimable:      26964 kB
Node 1 Slab:              67464 kB
Node 1 SReclaimable:      26964 kB
Node 1 SUnreclaim:        40500 kB
Node 1 AnonHugePages:         0 kB
Node 1 ShmemHugePages:        0 kB
Node 1 ShmemPmdMapped:        0 kB
Node 1 FileHugePages:        0 kB
Node 1 FilePmdMapped:        0 kB
Node 1 HugePages_Total:     0
Node 1 HugePages_Free:      0
Node 1 HugePages_Surp:      0

After Test
Node 0 MemTotal:       24743736 kB
Node 0 MemFree:        23984340 kB
Node 0 MemUsed:          759396 kB
Node 0 Active:            35920 kB
Node 0 Inactive:          32056 kB
Node 0 Active(anon):       9288 kB
Node 0 Inactive(anon):      372 kB
Node 0 Active(file):      26632 kB
Node 0 Inactive(file):    31684 kB
Node 0 Unevictable:        1272 kB
Node 0 Mlocked:            1272 kB
Node 0 Dirty:                 0 kB
Node 0 Writeback:             0 kB
Node 0 FilePages:         60160 kB
Node 0 Mapped:            16256 kB
Node 0 AnonPages:          9100 kB
Node 0 Shmem:               564 kB
Node 0 KernelStack:        1864 kB
Node 0 PageTables:          364 kB
Node 0 NFS_Unstable:          0 kB
Node 0 Bounce:                0 kB
Node 0 WritebackTmp:          0 kB
Node 0 KReclaimable:      24984 kB
Node 0 Slab:              62664 kB
Node 0 SReclaimable:      24984 kB
Node 0 SUnreclaim:        37680 kB
Node 0 AnonHugePages:         0 kB
Node 0 ShmemHugePages:        0 kB
Node 0 ShmemPmdMapped:        0 kB
Node 0 FileHugePages:        0 kB
Node 0 FilePmdMapped:        0 kB
Node 0 HugePages_Total:     0
Node 0 HugePages_Free:      0
Node 0 HugePages_Surp:      0

Node 1 MemTotal:       24686196 kB
Node 1 MemFree:        15537476 kB
Node 1 MemUsed:         9148720 kB
Node 1 Active:            72904 kB
Node 1 Inactive:          58592 kB
Node 1 Active(anon):      23716 kB
Node 1 Inactive(anon):      544 kB
Node 1 Active(file):      49188 kB
Node 1 Inactive(file):    58048 kB
Node 1 Unevictable:       17252 kB
Node 1 Mlocked:           17252 kB
Node 1 Dirty:                 8 kB
Node 1 Writeback:             0 kB
Node 1 FilePages:        114904 kB
Node 1 Mapped:            29052 kB
Node 1 AnonPages:         33812 kB
Node 1 Shmem:               748 kB
Node 1 KernelStack:        2808 kB
Node 1 PageTables:          820 kB
Node 1 NFS_Unstable:          0 kB
Node 1 Bounce:                0 kB
Node 1 WritebackTmp:          0 kB
Node 1 KReclaimable:      28372 kB
Node 1 Slab:              99916 kB
Node 1 SReclaimable:      28372 kB
Node 1 SUnreclaim:        71544 kB
Node 1 AnonHugePages:         0 kB
Node 1 ShmemHugePages:        0 kB
Node 1 ShmemPmdMapped:        0 kB
Node 1 FileHugePages:        0 kB
Node 1 FilePmdMapped:        0 kB
Node 1 HugePages_Total:     0
Node 1 HugePages_Free:      0
Node 1 HugePages_Surp:      0

After Opposite Node
Node 0 MemTotal:       24743736 kB
Node 0 MemFree:        23984048 kB
Node 0 MemUsed:          759688 kB
Node 0 Active:            36104 kB
Node 0 Inactive:          32092 kB
Node 0 Active(anon):       9452 kB
Node 0 Inactive(anon):      400 kB
Node 0 Active(file):      26652 kB
Node 0 Inactive(file):    31692 kB
Node 0 Unevictable:        1272 kB
Node 0 Mlocked:            1272 kB
Node 0 Dirty:                28 kB
Node 0 Writeback:             0 kB
Node 0 FilePages:         60232 kB
Node 0 Mapped:            16300 kB
Node 0 AnonPages:          9152 kB
Node 0 Shmem:               608 kB
Node 0 KernelStack:        1896 kB
Node 0 PageTables:          480 kB
Node 0 NFS_Unstable:          0 kB
Node 0 Bounce:                0 kB
Node 0 WritebackTmp:          0 kB
Node 0 KReclaimable:      25048 kB
Node 0 Slab:              63968 kB
Node 0 SReclaimable:      25048 kB
Node 0 SUnreclaim:        38920 kB
Node 0 AnonHugePages:         0 kB
Node 0 ShmemHugePages:        0 kB
Node 0 ShmemPmdMapped:        0 kB
Node 0 FileHugePages:        0 kB
Node 0 FilePmdMapped:        0 kB
Node 0 HugePages_Total:     0
Node 0 HugePages_Free:      0
Node 0 HugePages_Surp:      0

Node 1 MemTotal:       24686196 kB
Node 1 MemFree:        15543144 kB
Node 1 MemUsed:         9143052 kB
Node 1 Active:            72928 kB
Node 1 Inactive:          58376 kB
Node 1 Active(anon):      23532 kB
Node 1 Inactive(anon):      516 kB
Node 1 Active(file):      49396 kB
Node 1 Inactive(file):    57860 kB
Node 1 Unevictable:       17252 kB
Node 1 Mlocked:           17252 kB
Node 1 Dirty:                60 kB
Node 1 Writeback:             0 kB
Node 1 FilePages:        114880 kB
Node 1 Mapped:            29036 kB
Node 1 AnonPages:         33672 kB
Node 1 Shmem:               704 kB
Node 1 KernelStack:        2760 kB
Node 1 PageTables:          648 kB
Node 1 NFS_Unstable:          0 kB
Node 1 Bounce:                0 kB
Node 1 WritebackTmp:          0 kB
Node 1 KReclaimable:      28372 kB
Node 1 Slab:             100012 kB
Node 1 SReclaimable:      28372 kB
Node 1 SUnreclaim:        71640 kB
Node 1 AnonHugePages:         0 kB
Node 1 ShmemHugePages:        0 kB
Node 1 ShmemPmdMapped:        0 kB
Node 1 FileHugePages:        0 kB
Node 1 FilePmdMapped:        0 kB
Node 1 HugePages_Total:     0
Node 1 HugePages_Free:      0
Node 1 HugePages_Surp:      0

U.1.doublefio.8G.3.O Complete!
