U.1.doublefio.16G.1.O
Begin
Node 0 MemTotal:       24743736 kB
Node 0 MemFree:        24496716 kB
Node 0 MemUsed:          247020 kB
Node 0 Active:            47752 kB
Node 0 Inactive:          67144 kB
Node 0 Active(anon):      18916 kB
Node 0 Inactive(anon):      272 kB
Node 0 Active(file):      28836 kB
Node 0 Inactive(file):    66872 kB
Node 0 Unevictable:        5968 kB
Node 0 Mlocked:            5968 kB
Node 0 Dirty:               484 kB
Node 0 Writeback:             0 kB
Node 0 FilePages:        102300 kB
Node 0 Mapped:            45244 kB
Node 0 AnonPages:         18756 kB
Node 0 Shmem:               480 kB
Node 0 KernelStack:        2024 kB
Node 0 PageTables:          488 kB
Node 0 NFS_Unstable:          0 kB
Node 0 Bounce:                0 kB
Node 0 WritebackTmp:          0 kB
Node 0 KReclaimable:      15952 kB
Node 0 Slab:              44040 kB
Node 0 SReclaimable:      15952 kB
Node 0 SUnreclaim:        28088 kB
Node 0 AnonHugePages:         0 kB
Node 0 ShmemHugePages:        0 kB
Node 0 ShmemPmdMapped:        0 kB
Node 0 FileHugePages:        0 kB
Node 0 FilePmdMapped:        0 kB
Node 0 HugePages_Total:     0
Node 0 HugePages_Free:      0
Node 0 HugePages_Surp:      0

Node 1 MemTotal:       24686196 kB
Node 1 MemFree:        24313032 kB
Node 1 MemUsed:          373164 kB
Node 1 Active:            46572 kB
Node 1 Inactive:          33604 kB
Node 1 Active(anon):      14648 kB
Node 1 Inactive(anon):      596 kB
Node 1 Active(file):      31924 kB
Node 1 Inactive(file):    33008 kB
Node 1 Unevictable:       12552 kB
Node 1 Mlocked:           12552 kB
Node 1 Dirty:                40 kB
Node 1 Writeback:             0 kB
Node 1 FilePages:         67948 kB
Node 1 Mapped:            14308 kB
Node 1 AnonPages:         24836 kB
Node 1 Shmem:               788 kB
Node 1 KernelStack:        1592 kB
Node 1 PageTables:          588 kB
Node 1 NFS_Unstable:          0 kB
Node 1 Bounce:                0 kB
Node 1 WritebackTmp:          0 kB
Node 1 KReclaimable:      25672 kB
Node 1 Slab:              61228 kB
Node 1 SReclaimable:      25672 kB
Node 1 SUnreclaim:        35556 kB
Node 1 AnonHugePages:         0 kB
Node 1 ShmemHugePages:        0 kB
Node 1 ShmemPmdMapped:        0 kB
Node 1 FileHugePages:        0 kB
Node 1 FilePmdMapped:        0 kB
Node 1 HugePages_Total:     0
Node 1 HugePages_Free:      0
Node 1 HugePages_Surp:      0

Load ZFS
Node 0 MemTotal:       24743736 kB
Node 0 MemFree:        24354648 kB
Node 0 MemUsed:          389088 kB
Node 0 Active:            52232 kB
Node 0 Inactive:          67272 kB
Node 0 Active(anon):      21984 kB
Node 0 Inactive(anon):      272 kB
Node 0 Active(file):      30248 kB
Node 0 Inactive(file):    67000 kB
Node 0 Unevictable:        5968 kB
Node 0 Mlocked:            5968 kB
Node 0 Dirty:               244 kB
Node 0 Writeback:             0 kB
Node 0 FilePages:        103692 kB
Node 0 Mapped:            45452 kB
Node 0 AnonPages:         21720 kB
Node 0 Shmem:               480 kB
Node 0 KernelStack:        2056 kB
Node 0 PageTables:          676 kB
Node 0 NFS_Unstable:          0 kB
Node 0 Bounce:                0 kB
Node 0 WritebackTmp:          0 kB
Node 0 KReclaimable:      16452 kB
Node 0 Slab:              46512 kB
Node 0 SReclaimable:      16452 kB
Node 0 SUnreclaim:        30060 kB
Node 0 AnonHugePages:         0 kB
Node 0 ShmemHugePages:        0 kB
Node 0 ShmemPmdMapped:        0 kB
Node 0 FileHugePages:        0 kB
Node 0 FilePmdMapped:        0 kB
Node 0 HugePages_Total:     0
Node 0 HugePages_Free:      0
Node 0 HugePages_Surp:      0

Node 1 MemTotal:       24686196 kB
Node 1 MemFree:        24443048 kB
Node 1 MemUsed:          243148 kB
Node 1 Active:            55116 kB
Node 1 Inactive:          29608 kB
Node 1 Active(anon):      18076 kB
Node 1 Inactive(anon):      600 kB
Node 1 Active(file):      37040 kB
Node 1 Inactive(file):    29008 kB
Node 1 Unevictable:       12552 kB
Node 1 Mlocked:           12552 kB
Node 1 Dirty:                40 kB
Node 1 Writeback:             0 kB
Node 1 FilePages:         69064 kB
Node 1 Mapped:            14308 kB
Node 1 AnonPages:         28240 kB
Node 1 Shmem:               788 kB
Node 1 KernelStack:        1704 kB
Node 1 PageTables:          780 kB
Node 1 NFS_Unstable:          0 kB
Node 1 Bounce:                0 kB
Node 1 WritebackTmp:          0 kB
Node 1 KReclaimable:      26152 kB
Node 1 Slab:              62608 kB
Node 1 SReclaimable:      26152 kB
Node 1 SUnreclaim:        36456 kB
Node 1 AnonHugePages:         0 kB
Node 1 ShmemHugePages:        0 kB
Node 1 ShmemPmdMapped:        0 kB
Node 1 FileHugePages:        0 kB
Node 1 FilePmdMapped:        0 kB
Node 1 HugePages_Total:     0
Node 1 HugePages_Free:      0
Node 1 HugePages_Surp:      0

Import tank ZPool
Node 0 MemTotal:       24743736 kB
Node 0 MemFree:        24336068 kB
Node 0 MemUsed:          407668 kB
Node 0 Active:            53060 kB
Node 0 Inactive:          68372 kB
Node 0 Active(anon):      22348 kB
Node 0 Inactive(anon):      276 kB
Node 0 Active(file):      30712 kB
Node 0 Inactive(file):    68096 kB
Node 0 Unevictable:        5968 kB
Node 0 Mlocked:            5968 kB
Node 0 Dirty:               308 kB
Node 0 Writeback:             0 kB
Node 0 FilePages:        105256 kB
Node 0 Mapped:            45520 kB
Node 0 AnonPages:         21828 kB
Node 0 Shmem:               480 kB
Node 0 KernelStack:        3192 kB
Node 0 PageTables:          764 kB
Node 0 NFS_Unstable:          0 kB
Node 0 Bounce:                0 kB
Node 0 WritebackTmp:          0 kB
Node 0 KReclaimable:      16568 kB
Node 0 Slab:              53600 kB
Node 0 SReclaimable:      16568 kB
Node 0 SUnreclaim:        37032 kB
Node 0 AnonHugePages:         0 kB
Node 0 ShmemHugePages:        0 kB
Node 0 ShmemPmdMapped:        0 kB
Node 0 FileHugePages:        0 kB
Node 0 FilePmdMapped:        0 kB
Node 0 HugePages_Total:     0
Node 0 HugePages_Free:      0
Node 0 HugePages_Surp:      0

Node 1 MemTotal:       24686196 kB
Node 1 MemFree:        24444276 kB
Node 1 MemUsed:          241920 kB
Node 1 Active:            55116 kB
Node 1 Inactive:          29608 kB
Node 1 Active(anon):      18076 kB
Node 1 Inactive(anon):      600 kB
Node 1 Active(file):      37040 kB
Node 1 Inactive(file):    29008 kB
Node 1 Unevictable:       12552 kB
Node 1 Mlocked:           12552 kB
Node 1 Dirty:                64 kB
Node 1 Writeback:             0 kB
Node 1 FilePages:         69064 kB
Node 1 Mapped:            14344 kB
Node 1 AnonPages:         28248 kB
Node 1 Shmem:               788 kB
Node 1 KernelStack:        1720 kB
Node 1 PageTables:          780 kB
Node 1 NFS_Unstable:          0 kB
Node 1 Bounce:                0 kB
Node 1 WritebackTmp:          0 kB
Node 1 KReclaimable:      26152 kB
Node 1 Slab:              62624 kB
Node 1 SReclaimable:      26152 kB
Node 1 SUnreclaim:        36472 kB
Node 1 AnonHugePages:         0 kB
Node 1 ShmemHugePages:        0 kB
Node 1 ShmemPmdMapped:        0 kB
Node 1 FileHugePages:        0 kB
Node 1 FilePmdMapped:        0 kB
Node 1 HugePages_Total:     0
Node 1 HugePages_Free:      0
Node 1 HugePages_Surp:      0

After Test
Node 0 MemTotal:       24743736 kB
Node 0 MemFree:        23493608 kB
Node 0 MemUsed:         1250128 kB
Node 0 Active:            49120 kB
Node 0 Inactive:          68136 kB
Node 0 Active(anon):      17968 kB
Node 0 Inactive(anon):      276 kB
Node 0 Active(file):      31152 kB
Node 0 Inactive(file):    67860 kB
Node 0 Unevictable:        5968 kB
Node 0 Mlocked:            5968 kB
Node 0 Dirty:                20 kB
Node 0 Writeback:             0 kB
Node 0 FilePages:        105472 kB
Node 0 Mapped:            45292 kB
Node 0 AnonPages:         17764 kB
Node 0 Shmem:               480 kB
Node 0 KernelStack:        2936 kB
Node 0 PageTables:          488 kB
Node 0 NFS_Unstable:          0 kB
Node 0 Bounce:                0 kB
Node 0 WritebackTmp:          0 kB
Node 0 KReclaimable:      16672 kB
Node 0 Slab:              56876 kB
Node 0 SReclaimable:      16672 kB
Node 0 SUnreclaim:        40204 kB
Node 0 AnonHugePages:         0 kB
Node 0 ShmemHugePages:        0 kB
Node 0 ShmemPmdMapped:        0 kB
Node 0 FileHugePages:        0 kB
Node 0 FilePmdMapped:        0 kB
Node 0 HugePages_Total:     0
Node 0 HugePages_Free:      0
Node 0 HugePages_Surp:      0

Node 1 MemTotal:       24686196 kB
Node 1 MemFree:         7628992 kB
Node 1 MemUsed:        17057204 kB
Node 1 Active:            52980 kB
Node 1 Inactive:          30776 kB
Node 1 Active(anon):      15104 kB
Node 1 Inactive(anon):      628 kB
Node 1 Active(file):      37876 kB
Node 1 Inactive(file):    30148 kB
Node 1 Unevictable:       12552 kB
Node 1 Mlocked:           12552 kB
Node 1 Dirty:                32 kB
Node 1 Writeback:             0 kB
Node 1 FilePages:         71084 kB
Node 1 Mapped:            14572 kB
Node 1 AnonPages:         25148 kB
Node 1 Shmem:               832 kB
Node 1 KernelStack:        1480 kB
Node 1 PageTables:          768 kB
Node 1 NFS_Unstable:          0 kB
Node 1 Bounce:                0 kB
Node 1 WritebackTmp:          0 kB
Node 1 KReclaimable:      27568 kB
Node 1 Slab:             122252 kB
Node 1 SReclaimable:      27568 kB
Node 1 SUnreclaim:        94684 kB
Node 1 AnonHugePages:         0 kB
Node 1 ShmemHugePages:        0 kB
Node 1 ShmemPmdMapped:        0 kB
Node 1 FileHugePages:        0 kB
Node 1 FilePmdMapped:        0 kB
Node 1 HugePages_Total:     0
Node 1 HugePages_Free:      0
Node 1 HugePages_Surp:      0

After Opposite Node
Node 0 MemTotal:       24743736 kB
Node 0 MemFree:        23490024 kB
Node 0 MemUsed:         1253712 kB
Node 0 Active:            49344 kB
Node 0 Inactive:          68168 kB
Node 0 Active(anon):      18136 kB
Node 0 Inactive(anon):      312 kB
Node 0 Active(file):      31208 kB
Node 0 Inactive(file):    67856 kB
Node 0 Unevictable:        5968 kB
Node 0 Mlocked:            5968 kB
Node 0 Dirty:                40 kB
Node 0 Writeback:             0 kB
Node 0 FilePages:        105556 kB
Node 0 Mapped:            45336 kB
Node 0 AnonPages:         18084 kB
Node 0 Shmem:               524 kB
Node 0 KernelStack:        2952 kB
Node 0 PageTables:          600 kB
Node 0 NFS_Unstable:          0 kB
Node 0 Bounce:                0 kB
Node 0 WritebackTmp:          0 kB
Node 0 KReclaimable:      16704 kB
Node 0 Slab:              58712 kB
Node 0 SReclaimable:      16704 kB
Node 0 SUnreclaim:        42008 kB
Node 0 AnonHugePages:         0 kB
Node 0 ShmemHugePages:        0 kB
Node 0 ShmemPmdMapped:        0 kB
Node 0 FileHugePages:        0 kB
Node 0 FilePmdMapped:        0 kB
Node 0 HugePages_Total:     0
Node 0 HugePages_Free:      0
Node 0 HugePages_Surp:      0

Node 1 MemTotal:       24686196 kB
Node 1 MemFree:         7634572 kB
Node 1 MemUsed:        17051624 kB
Node 1 Active:            52972 kB
Node 1 Inactive:          30556 kB
Node 1 Active(anon):      14872 kB
Node 1 Inactive(anon):      600 kB
Node 1 Active(file):      38100 kB
Node 1 Inactive(file):    29956 kB
Node 1 Unevictable:       12552 kB
Node 1 Mlocked:           12552 kB
Node 1 Dirty:                20 kB
Node 1 Writeback:             0 kB
Node 1 FilePages:         71072 kB
Node 1 Mapped:            14504 kB
Node 1 AnonPages:         25008 kB
Node 1 Shmem:               788 kB
Node 1 KernelStack:        1448 kB
Node 1 PageTables:          588 kB
Node 1 NFS_Unstable:          0 kB
Node 1 Bounce:                0 kB
Node 1 WritebackTmp:          0 kB
Node 1 KReclaimable:      27568 kB
Node 1 Slab:             120912 kB
Node 1 SReclaimable:      27568 kB
Node 1 SUnreclaim:        93344 kB
Node 1 AnonHugePages:         0 kB
Node 1 ShmemHugePages:        0 kB
Node 1 ShmemPmdMapped:        0 kB
Node 1 FileHugePages:        0 kB
Node 1 FilePmdMapped:        0 kB
Node 1 HugePages_Total:     0
Node 1 HugePages_Free:      0
Node 1 HugePages_Surp:      0

U.1.doublefio.16G.1.O Complete!
