U.0.fio.~1G.9
Begin
Node 0 MemTotal:       24743552 kB
Node 0 MemFree:        24395580 kB
Node 0 MemUsed:          347972 kB
Node 0 Active:            25664 kB
Node 0 Inactive:          45468 kB
Node 0 Active(anon):      13924 kB
Node 0 Inactive(anon):      408 kB
Node 0 Active(file):      11740 kB
Node 0 Inactive(file):    45060 kB
Node 0 Unevictable:        1196 kB
Node 0 Mlocked:            1196 kB
Node 0 Dirty:                92 kB
Node 0 Writeback:             0 kB
Node 0 FilePages:         58588 kB
Node 0 Mapped:             8268 kB
Node 0 AnonPages:         13760 kB
Node 0 Shmem:               592 kB
Node 0 KernelStack:        2088 kB
Node 0 PageTables:          320 kB
Node 0 NFS_Unstable:          0 kB
Node 0 Bounce:                0 kB
Node 0 WritebackTmp:          0 kB
Node 0 KReclaimable:      19624 kB
Node 0 Slab:              54384 kB
Node 0 SReclaimable:      19624 kB
Node 0 SUnreclaim:        34760 kB
Node 0 AnonHugePages:         0 kB
Node 0 ShmemHugePages:        0 kB
Node 0 ShmemPmdMapped:        0 kB
Node 0 FileHugePages:        0 kB
Node 0 FilePmdMapped:        0 kB
Node 0 HugePages_Total:     0
Node 0 HugePages_Free:      0
Node 0 HugePages_Surp:      0

Node 1 MemTotal:       24686196 kB
Node 1 MemFree:        24385348 kB
Node 1 MemUsed:          300848 kB
Node 1 Active:            73880 kB
Node 1 Inactive:          77684 kB
Node 1 Active(anon):      19884 kB
Node 1 Inactive(anon):      432 kB
Node 1 Active(file):      53996 kB
Node 1 Inactive(file):    77252 kB
Node 1 Unevictable:       17200 kB
Node 1 Mlocked:           17200 kB
Node 1 Dirty:               412 kB
Node 1 Writeback:             0 kB
Node 1 FilePages:        138984 kB
Node 1 Mapped:            71828 kB
Node 1 AnonPages:         29928 kB
Node 1 Shmem:               592 kB
Node 1 KernelStack:        1416 kB
Node 1 PageTables:          856 kB
Node 1 NFS_Unstable:          0 kB
Node 1 Bounce:                0 kB
Node 1 WritebackTmp:          0 kB
Node 1 KReclaimable:      21460 kB
Node 1 Slab:              51384 kB
Node 1 SReclaimable:      21460 kB
Node 1 SUnreclaim:        29924 kB
Node 1 AnonHugePages:         0 kB
Node 1 ShmemHugePages:        0 kB
Node 1 ShmemPmdMapped:        0 kB
Node 1 FileHugePages:        0 kB
Node 1 FilePmdMapped:        0 kB
Node 1 HugePages_Total:     0
Node 1 HugePages_Free:      0
Node 1 HugePages_Surp:      0

Load ZFS
Node 0 MemTotal:       24743552 kB
Node 0 MemFree:        24395580 kB
Node 0 MemUsed:          347972 kB
Node 0 Active:            25664 kB
Node 0 Inactive:          45468 kB
Node 0 Active(anon):      13924 kB
Node 0 Inactive(anon):      408 kB
Node 0 Active(file):      11740 kB
Node 0 Inactive(file):    45060 kB
Node 0 Unevictable:        1196 kB
Node 0 Mlocked:            1196 kB
Node 0 Dirty:                92 kB
Node 0 Writeback:             0 kB
Node 0 FilePages:         58588 kB
Node 0 Mapped:             8268 kB
Node 0 AnonPages:         13760 kB
Node 0 Shmem:               592 kB
Node 0 KernelStack:        2088 kB
Node 0 PageTables:          320 kB
Node 0 NFS_Unstable:          0 kB
Node 0 Bounce:                0 kB
Node 0 WritebackTmp:          0 kB
Node 0 KReclaimable:      19624 kB
Node 0 Slab:              54384 kB
Node 0 SReclaimable:      19624 kB
Node 0 SUnreclaim:        34760 kB
Node 0 AnonHugePages:         0 kB
Node 0 ShmemHugePages:        0 kB
Node 0 ShmemPmdMapped:        0 kB
Node 0 FileHugePages:        0 kB
Node 0 FilePmdMapped:        0 kB
Node 0 HugePages_Total:     0
Node 0 HugePages_Free:      0
Node 0 HugePages_Surp:      0

Node 1 MemTotal:       24686196 kB
Node 1 MemFree:        24385132 kB
Node 1 MemUsed:          301064 kB
Node 1 Active:            73880 kB
Node 1 Inactive:          77684 kB
Node 1 Active(anon):      19884 kB
Node 1 Inactive(anon):      432 kB
Node 1 Active(file):      53996 kB
Node 1 Inactive(file):    77252 kB
Node 1 Unevictable:       17200 kB
Node 1 Mlocked:           17200 kB
Node 1 Dirty:               412 kB
Node 1 Writeback:             0 kB
Node 1 FilePages:        138984 kB
Node 1 Mapped:            71828 kB
Node 1 AnonPages:         30076 kB
Node 1 Shmem:               592 kB
Node 1 KernelStack:        1416 kB
Node 1 PageTables:          856 kB
Node 1 NFS_Unstable:          0 kB
Node 1 Bounce:                0 kB
Node 1 WritebackTmp:          0 kB
Node 1 KReclaimable:      21460 kB
Node 1 Slab:              51680 kB
Node 1 SReclaimable:      21460 kB
Node 1 SUnreclaim:        30220 kB
Node 1 AnonHugePages:         0 kB
Node 1 ShmemHugePages:        0 kB
Node 1 ShmemPmdMapped:        0 kB
Node 1 FileHugePages:        0 kB
Node 1 FilePmdMapped:        0 kB
Node 1 HugePages_Total:     0
Node 1 HugePages_Free:      0
Node 1 HugePages_Surp:      0

Import tank ZPool
Node 0 MemTotal:       24743552 kB
Node 0 MemFree:        24383188 kB
Node 0 MemUsed:          360364 kB
Node 0 Active:            25576 kB
Node 0 Inactive:          45468 kB
Node 0 Active(anon):      13836 kB
Node 0 Inactive(anon):      408 kB
Node 0 Active(file):      11740 kB
Node 0 Inactive(file):    45060 kB
Node 0 Unevictable:        1196 kB
Node 0 Mlocked:            1196 kB
Node 0 Dirty:                92 kB
Node 0 Writeback:             0 kB
Node 0 FilePages:         58588 kB
Node 0 Mapped:             8256 kB
Node 0 AnonPages:         13672 kB
Node 0 Shmem:               592 kB
Node 0 KernelStack:        3304 kB
Node 0 PageTables:          296 kB
Node 0 NFS_Unstable:          0 kB
Node 0 Bounce:                0 kB
Node 0 WritebackTmp:          0 kB
Node 0 KReclaimable:      19624 kB
Node 0 Slab:              57688 kB
Node 0 SReclaimable:      19624 kB
Node 0 SUnreclaim:        38064 kB
Node 0 AnonHugePages:         0 kB
Node 0 ShmemHugePages:        0 kB
Node 0 ShmemPmdMapped:        0 kB
Node 0 FileHugePages:        0 kB
Node 0 FilePmdMapped:        0 kB
Node 0 HugePages_Total:     0
Node 0 HugePages_Free:      0
Node 0 HugePages_Surp:      0

Node 1 MemTotal:       24686196 kB
Node 1 MemFree:        24376960 kB
Node 1 MemUsed:          309236 kB
Node 1 Active:            74632 kB
Node 1 Inactive:          79224 kB
Node 1 Active(anon):      20364 kB
Node 1 Inactive(anon):      436 kB
Node 1 Active(file):      54268 kB
Node 1 Inactive(file):    78788 kB
Node 1 Unevictable:       17200 kB
Node 1 Mlocked:           17200 kB
Node 1 Dirty:               444 kB
Node 1 Writeback:             0 kB
Node 1 FilePages:        140680 kB
Node 1 Mapped:            72064 kB
Node 1 AnonPages:         30520 kB
Node 1 Shmem:               596 kB
Node 1 KernelStack:        1448 kB
Node 1 PageTables:         1032 kB
Node 1 NFS_Unstable:          0 kB
Node 1 Bounce:                0 kB
Node 1 WritebackTmp:          0 kB
Node 1 KReclaimable:      21976 kB
Node 1 Slab:              57272 kB
Node 1 SReclaimable:      21976 kB
Node 1 SUnreclaim:        35296 kB
Node 1 AnonHugePages:         0 kB
Node 1 ShmemHugePages:        0 kB
Node 1 ShmemPmdMapped:        0 kB
Node 1 FileHugePages:        0 kB
Node 1 FilePmdMapped:        0 kB
Node 1 HugePages_Total:     0
Node 1 HugePages_Free:      0
Node 1 HugePages_Surp:      0

After Test
Node 0 MemTotal:       24743552 kB
Node 0 MemFree:        22955928 kB
Node 0 MemUsed:         1787624 kB
Node 0 Active:            26524 kB
Node 0 Inactive:          46624 kB
Node 0 Active(anon):      13940 kB
Node 0 Inactive(anon):      444 kB
Node 0 Active(file):      12584 kB
Node 0 Inactive(file):    46180 kB
Node 0 Unevictable:        1196 kB
Node 0 Mlocked:            1196 kB
Node 0 Dirty:                 4 kB
Node 0 Writeback:             0 kB
Node 0 FilePages:         60596 kB
Node 0 Mapped:             8472 kB
Node 0 AnonPages:         13616 kB
Node 0 Shmem:               636 kB
Node 0 KernelStack:        3304 kB
Node 0 PageTables:          416 kB
Node 0 NFS_Unstable:          0 kB
Node 0 Bounce:                0 kB
Node 0 WritebackTmp:          0 kB
Node 0 KReclaimable:      21100 kB
Node 0 Slab:              67224 kB
Node 0 SReclaimable:      21100 kB
Node 0 SUnreclaim:        46124 kB
Node 0 AnonHugePages:         0 kB
Node 0 ShmemHugePages:        0 kB
Node 0 ShmemPmdMapped:        0 kB
Node 0 FileHugePages:        0 kB
Node 0 FilePmdMapped:        0 kB
Node 0 HugePages_Total:     0
Node 0 HugePages_Free:      0
Node 0 HugePages_Surp:      0

Node 1 MemTotal:       24686196 kB
Node 1 MemFree:        24365376 kB
Node 1 MemUsed:          320820 kB
Node 1 Active:            73984 kB
Node 1 Inactive:          79224 kB
Node 1 Active(anon):      19496 kB
Node 1 Inactive(anon):      436 kB
Node 1 Active(file):      54488 kB
Node 1 Inactive(file):    78788 kB
Node 1 Unevictable:       17200 kB
Node 1 Mlocked:           17200 kB
Node 1 Dirty:                24 kB
Node 1 Writeback:             0 kB
Node 1 FilePages:        140868 kB
Node 1 Mapped:            71868 kB
Node 1 AnonPages:         29536 kB
Node 1 Shmem:               596 kB
Node 1 KernelStack:        1432 kB
Node 1 PageTables:          916 kB
Node 1 NFS_Unstable:          0 kB
Node 1 Bounce:                0 kB
Node 1 WritebackTmp:          0 kB
Node 1 KReclaimable:      22140 kB
Node 1 Slab:              57688 kB
Node 1 SReclaimable:      22140 kB
Node 1 SUnreclaim:        35548 kB
Node 1 AnonHugePages:         0 kB
Node 1 ShmemHugePages:        0 kB
Node 1 ShmemPmdMapped:        0 kB
Node 1 FileHugePages:        0 kB
Node 1 FilePmdMapped:        0 kB
Node 1 HugePages_Total:     0
Node 1 HugePages_Free:      0
Node 1 HugePages_Surp:      0

U.0.fio.~1G.9 Complete!
