B.0.fio.2-1G.3.O
Begin
Node 0 MemTotal:       24768352 kB
Node 0 MemFree:        24512936 kB
Node 0 MemUsed:          255416 kB
Node 0 Active:            36760 kB
Node 0 Inactive:          78208 kB
Node 0 Active(anon):      12504 kB
Node 0 Inactive(anon):      456 kB
Node 0 Active(file):      24256 kB
Node 0 Inactive(file):    77752 kB
Node 0 Unevictable:        5364 kB
Node 0 Mlocked:            5364 kB
Node 0 Dirty:                88 kB
Node 0 Writeback:             0 kB
Node 0 FilePages:        108052 kB
Node 0 Mapped:            43132 kB
Node 0 AnonPages:         12332 kB
Node 0 Shmem:               672 kB
Node 0 KernelStack:        2072 kB
Node 0 PageTables:          528 kB
Node 0 NFS_Unstable:          0 kB
Node 0 Bounce:                0 kB
Node 0 WritebackTmp:          0 kB
Node 0 KReclaimable:      21196 kB
Node 0 Slab:              53900 kB
Node 0 SReclaimable:      21196 kB
Node 0 SUnreclaim:        32704 kB
Node 0 AnonHugePages:         0 kB
Node 0 ShmemHugePages:        0 kB
Node 0 ShmemPmdMapped:        0 kB
Node 0 FileHugePages:        0 kB
Node 0 FilePmdMapped:        0 kB
Node 0 HugePages_Total:     0
Node 0 HugePages_Free:      0
Node 0 HugePages_Surp:      0

Node 1 MemTotal:       24661580 kB
Node 1 MemFree:        24287144 kB
Node 1 MemUsed:          374436 kB
Node 1 Active:            59196 kB
Node 1 Inactive:          28292 kB
Node 1 Active(anon):      21204 kB
Node 1 Inactive(anon):      400 kB
Node 1 Active(file):      37992 kB
Node 1 Inactive(file):    27892 kB
Node 1 Unevictable:       13160 kB
Node 1 Mlocked:           13160 kB
Node 1 Dirty:                24 kB
Node 1 Writeback:             0 kB
Node 1 FilePages:         69312 kB
Node 1 Mapped:            19096 kB
Node 1 AnonPages:         31436 kB
Node 1 Shmem:               596 kB
Node 1 KernelStack:        1528 kB
Node 1 PageTables:          608 kB
Node 1 NFS_Unstable:          0 kB
Node 1 Bounce:                0 kB
Node 1 WritebackTmp:          0 kB
Node 1 KReclaimable:      21256 kB
Node 1 Slab:              53492 kB
Node 1 SReclaimable:      21256 kB
Node 1 SUnreclaim:        32236 kB
Node 1 AnonHugePages:         0 kB
Node 1 ShmemHugePages:        0 kB
Node 1 ShmemPmdMapped:        0 kB
Node 1 FileHugePages:        0 kB
Node 1 FilePmdMapped:        0 kB
Node 1 HugePages_Total:     0
Node 1 HugePages_Free:      0
Node 1 HugePages_Surp:      0

Load ZFS
Node 0 MemTotal:       24768352 kB
Node 0 MemFree:        24480220 kB
Node 0 MemUsed:          288132 kB
Node 0 Active:            50440 kB
Node 0 Inactive:          90936 kB
Node 0 Active(anon):      24472 kB
Node 0 Inactive(anon):      528 kB
Node 0 Active(file):      25968 kB
Node 0 Inactive(file):    90408 kB
Node 0 Unevictable:        5364 kB
Node 0 Mlocked:            5364 kB
Node 0 Dirty:               428 kB
Node 0 Writeback:             0 kB
Node 0 FilePages:        122560 kB
Node 0 Mapped:            44964 kB
Node 0 AnonPages:         24292 kB
Node 0 Shmem:               676 kB
Node 0 KernelStack:        2452 kB
Node 0 PageTables:         1280 kB
Node 0 NFS_Unstable:          0 kB
Node 0 Bounce:                0 kB
Node 0 WritebackTmp:          0 kB
Node 0 KReclaimable:      21784 kB
Node 0 Slab:              57796 kB
Node 0 SReclaimable:      21784 kB
Node 0 SUnreclaim:        36012 kB
Node 0 AnonHugePages:         0 kB
Node 0 ShmemHugePages:        0 kB
Node 0 ShmemPmdMapped:        0 kB
Node 0 FileHugePages:        0 kB
Node 0 FilePmdMapped:        0 kB
Node 0 HugePages_Total:     0
Node 0 HugePages_Free:      0
Node 0 HugePages_Surp:      0

Node 1 MemTotal:       24661580 kB
Node 1 MemFree:        24173532 kB
Node 1 MemUsed:          488048 kB
Node 1 Active:            74256 kB
Node 1 Inactive:         118956 kB
Node 1 Active(anon):      35576 kB
Node 1 Inactive(anon):      416 kB
Node 1 Active(file):      38680 kB
Node 1 Inactive(file):   118540 kB
Node 1 Unevictable:       13360 kB
Node 1 Mlocked:           13360 kB
Node 1 Dirty:                32 kB
Node 1 Writeback:             0 kB
Node 1 FilePages:        160644 kB
Node 1 Mapped:            21700 kB
Node 1 AnonPages:         45156 kB
Node 1 Shmem:               592 kB
Node 1 KernelStack:        1928 kB
Node 1 PageTables:         1896 kB
Node 1 NFS_Unstable:          0 kB
Node 1 Bounce:                0 kB
Node 1 WritebackTmp:          0 kB
Node 1 KReclaimable:      22164 kB
Node 1 Slab:              56812 kB
Node 1 SReclaimable:      22164 kB
Node 1 SUnreclaim:        34648 kB
Node 1 AnonHugePages:         0 kB
Node 1 ShmemHugePages:        0 kB
Node 1 ShmemPmdMapped:        0 kB
Node 1 FileHugePages:        0 kB
Node 1 FilePmdMapped:        0 kB
Node 1 HugePages_Total:     0
Node 1 HugePages_Free:      0
Node 1 HugePages_Surp:      0

Import tank ZPool
Node 0 MemTotal:       24768352 kB
Node 0 MemFree:        24461928 kB
Node 0 MemUsed:          306424 kB
Node 0 Active:            50604 kB
Node 0 Inactive:          92220 kB
Node 0 Active(anon):      24140 kB
Node 0 Inactive(anon):      528 kB
Node 0 Active(file):      26464 kB
Node 0 Inactive(file):    91692 kB
Node 0 Unevictable:        5364 kB
Node 0 Mlocked:            5364 kB
Node 0 Dirty:                76 kB
Node 0 Writeback:             0 kB
Node 0 FilePages:        124192 kB
Node 0 Mapped:            44420 kB
Node 0 AnonPages:         23620 kB
Node 0 Shmem:               672 kB
Node 0 KernelStack:        3416 kB
Node 0 PageTables:         1268 kB
Node 0 NFS_Unstable:          0 kB
Node 0 Bounce:                0 kB
Node 0 WritebackTmp:          0 kB
Node 0 KReclaimable:      21936 kB
Node 0 Slab:              64140 kB
Node 0 SReclaimable:      21936 kB
Node 0 SUnreclaim:        42204 kB
Node 0 AnonHugePages:         0 kB
Node 0 ShmemHugePages:        0 kB
Node 0 ShmemPmdMapped:        0 kB
Node 0 FileHugePages:        0 kB
Node 0 FilePmdMapped:        0 kB
Node 0 HugePages_Total:     0
Node 0 HugePages_Free:      0
Node 0 HugePages_Surp:      0

Node 1 MemTotal:       24661580 kB
Node 1 MemFree:        24173624 kB
Node 1 MemUsed:          487956 kB
Node 1 Active:            73456 kB
Node 1 Inactive:         118960 kB
Node 1 Active(anon):      34776 kB
Node 1 Inactive(anon):      420 kB
Node 1 Active(file):      38680 kB
Node 1 Inactive(file):   118540 kB
Node 1 Unevictable:       13392 kB
Node 1 Mlocked:           13392 kB
Node 1 Dirty:                 8 kB
Node 1 Writeback:             0 kB
Node 1 FilePages:        160648 kB
Node 1 Mapped:            21644 kB
Node 1 AnonPages:         45160 kB
Node 1 Shmem:               596 kB
Node 1 KernelStack:        1800 kB
Node 1 PageTables:         1280 kB
Node 1 NFS_Unstable:          0 kB
Node 1 Bounce:                0 kB
Node 1 WritebackTmp:          0 kB
Node 1 KReclaimable:      22168 kB
Node 1 Slab:              56904 kB
Node 1 SReclaimable:      22168 kB
Node 1 SUnreclaim:        34736 kB
Node 1 AnonHugePages:         0 kB
Node 1 ShmemHugePages:        0 kB
Node 1 ShmemPmdMapped:        0 kB
Node 1 FileHugePages:        0 kB
Node 1 FilePmdMapped:        0 kB
Node 1 HugePages_Total:     0
Node 1 HugePages_Free:      0
Node 1 HugePages_Surp:      0

After Opposite Node
Node 0 MemTotal:       24768352 kB
Node 0 MemFree:        24462232 kB
Node 0 MemUsed:          306120 kB
Node 0 Active:            39644 kB
Node 0 Inactive:          91792 kB
Node 0 Active(anon):      12676 kB
Node 0 Inactive(anon):      524 kB
Node 0 Active(file):      26968 kB
Node 0 Inactive(file):    91268 kB
Node 0 Unevictable:        5364 kB
Node 0 Mlocked:            5364 kB
Node 0 Dirty:                64 kB
Node 0 Writeback:             0 kB
Node 0 FilePages:        124268 kB
Node 0 Mapped:            43200 kB
Node 0 AnonPages:         12528 kB
Node 0 Shmem:               672 kB
Node 0 KernelStack:        3112 kB
Node 0 PageTables:          556 kB
Node 0 NFS_Unstable:          0 kB
Node 0 Bounce:                0 kB
Node 0 WritebackTmp:          0 kB
Node 0 KReclaimable:      21936 kB
Node 0 Slab:              63892 kB
Node 0 SReclaimable:      21936 kB
Node 0 SUnreclaim:        41956 kB
Node 0 AnonHugePages:         0 kB
Node 0 ShmemHugePages:        0 kB
Node 0 ShmemPmdMapped:        0 kB
Node 0 FileHugePages:        0 kB
Node 0 FilePmdMapped:        0 kB
Node 0 HugePages_Total:     0
Node 0 HugePages_Free:      0
Node 0 HugePages_Surp:      0

Node 1 MemTotal:       24661580 kB
Node 1 MemFree:        22251012 kB
Node 1 MemUsed:         2410568 kB
Node 1 Active:            60484 kB
Node 1 Inactive:         119576 kB
Node 1 Active(anon):      20476 kB
Node 1 Inactive(anon):      440 kB
Node 1 Active(file):      40008 kB
Node 1 Inactive(file):   119136 kB
Node 1 Unevictable:       13392 kB
Node 1 Mlocked:           13392 kB
Node 1 Dirty:                 4 kB
Node 1 Writeback:             0 kB
Node 1 FilePages:        162616 kB
Node 1 Mapped:            19356 kB
Node 1 AnonPages:         30756 kB
Node 1 Shmem:               640 kB
Node 1 KernelStack:        1528 kB
Node 1 PageTables:          664 kB
Node 1 NFS_Unstable:          0 kB
Node 1 Bounce:                0 kB
Node 1 WritebackTmp:          0 kB
Node 1 KReclaimable:      23632 kB
Node 1 Slab:              69956 kB
Node 1 SReclaimable:      23632 kB
Node 1 SUnreclaim:        46324 kB
Node 1 AnonHugePages:         0 kB
Node 1 ShmemHugePages:        0 kB
Node 1 ShmemPmdMapped:        0 kB
Node 1 FileHugePages:        0 kB
Node 1 FilePmdMapped:        0 kB
Node 1 HugePages_Total:     0
Node 1 HugePages_Free:      0
Node 1 HugePages_Surp:      0

After Test
Node 0 MemTotal:       24768352 kB
Node 0 MemFree:        24464056 kB
Node 0 MemUsed:          304296 kB
Node 0 Active:            39948 kB
Node 0 Inactive:          91828 kB
Node 0 Active(anon):      12948 kB
Node 0 Inactive(anon):      568 kB
Node 0 Active(file):      27000 kB
Node 0 Inactive(file):    91260 kB
Node 0 Unevictable:        5364 kB
Node 0 Mlocked:            5364 kB
Node 0 Dirty:               172 kB
Node 0 Writeback:             0 kB
Node 0 FilePages:        124336 kB
Node 0 Mapped:            43264 kB
Node 0 AnonPages:         12668 kB
Node 0 Shmem:               716 kB
Node 0 KernelStack:        3176 kB
Node 0 PageTables:          732 kB
Node 0 NFS_Unstable:          0 kB
Node 0 Bounce:                0 kB
Node 0 WritebackTmp:          0 kB
Node 0 KReclaimable:      21992 kB
Node 0 Slab:              64132 kB
Node 0 SReclaimable:      21992 kB
Node 0 SUnreclaim:        42140 kB
Node 0 AnonHugePages:         0 kB
Node 0 ShmemHugePages:        0 kB
Node 0 ShmemPmdMapped:        0 kB
Node 0 FileHugePages:        0 kB
Node 0 FilePmdMapped:        0 kB
Node 0 HugePages_Total:     0
Node 0 HugePages_Free:      0
Node 0 HugePages_Surp:      0

Node 1 MemTotal:       24661580 kB
Node 1 MemFree:        22165628 kB
Node 1 MemUsed:         2495952 kB
Node 1 Active:            60480 kB
Node 1 Inactive:         119404 kB
Node 1 Active(anon):      20316 kB
Node 1 Inactive(anon):      416 kB
Node 1 Active(file):      40164 kB
Node 1 Inactive(file):   118988 kB
Node 1 Unevictable:       13392 kB
Node 1 Mlocked:           13392 kB
Node 1 Dirty:                16 kB
Node 1 Writeback:             0 kB
Node 1 FilePages:        162580 kB
Node 1 Mapped:            19344 kB
Node 1 AnonPages:         30700 kB
Node 1 Shmem:               596 kB
Node 1 KernelStack:        1496 kB
Node 1 PageTables:          548 kB
Node 1 NFS_Unstable:          0 kB
Node 1 Bounce:                0 kB
Node 1 WritebackTmp:          0 kB
Node 1 KReclaimable:      23636 kB
Node 1 Slab:              70116 kB
Node 1 SReclaimable:      23636 kB
Node 1 SUnreclaim:        46480 kB
Node 1 AnonHugePages:         0 kB
Node 1 ShmemHugePages:        0 kB
Node 1 ShmemPmdMapped:        0 kB
Node 1 FileHugePages:        0 kB
Node 1 FilePmdMapped:        0 kB
Node 1 HugePages_Total:     0
Node 1 HugePages_Free:      0
Node 1 HugePages_Surp:      0

B.0.fio.2-1G.3.O Complete!
