B.0.fio.500M.1.O
Begin
Node 0 MemTotal:       24743736 kB
Node 0 MemFree:        24387424 kB
Node 0 MemUsed:          356312 kB
Node 0 Active:            38840 kB
Node 0 Inactive:          29400 kB
Node 0 Active(anon):      16244 kB
Node 0 Inactive(anon):      524 kB
Node 0 Active(file):      22596 kB
Node 0 Inactive(file):    28876 kB
Node 0 Unevictable:       17520 kB
Node 0 Mlocked:           17520 kB
Node 0 Dirty:               284 kB
Node 0 Writeback:             0 kB
Node 0 FilePages:         59384 kB
Node 0 Mapped:            22916 kB
Node 0 AnonPages:         26448 kB
Node 0 Shmem:               708 kB
Node 0 KernelStack:        2024 kB
Node 0 PageTables:          540 kB
Node 0 NFS_Unstable:          0 kB
Node 0 Bounce:                0 kB
Node 0 WritebackTmp:          0 kB
Node 0 KReclaimable:      19632 kB
Node 0 Slab:              52332 kB
Node 0 SReclaimable:      19632 kB
Node 0 SUnreclaim:        32700 kB
Node 0 AnonHugePages:         0 kB
Node 0 ShmemHugePages:        0 kB
Node 0 ShmemPmdMapped:        0 kB
Node 0 FileHugePages:        0 kB
Node 0 FilePmdMapped:        0 kB
Node 0 HugePages_Total:     0
Node 0 HugePages_Free:      0
Node 0 HugePages_Surp:      0

Node 1 MemTotal:       24686196 kB
Node 1 MemFree:        24426432 kB
Node 1 MemUsed:          259764 kB
Node 1 Active:            55292 kB
Node 1 Inactive:          66868 kB
Node 1 Active(anon):      17168 kB
Node 1 Inactive(anon):      360 kB
Node 1 Active(file):      38124 kB
Node 1 Inactive(file):    66508 kB
Node 1 Unevictable:        1000 kB
Node 1 Mlocked:            1000 kB
Node 1 Dirty:               232 kB
Node 1 Writeback:             0 kB
Node 1 FilePages:        106192 kB
Node 1 Mapped:            30840 kB
Node 1 AnonPages:         17116 kB
Node 1 Shmem:               560 kB
Node 1 KernelStack:        1624 kB
Node 1 PageTables:          540 kB
Node 1 NFS_Unstable:          0 kB
Node 1 Bounce:                0 kB
Node 1 WritebackTmp:          0 kB
Node 1 KReclaimable:      21860 kB
Node 1 Slab:              52676 kB
Node 1 SReclaimable:      21860 kB
Node 1 SUnreclaim:        30816 kB
Node 1 AnonHugePages:         0 kB
Node 1 ShmemHugePages:        0 kB
Node 1 ShmemPmdMapped:        0 kB
Node 1 FileHugePages:        0 kB
Node 1 FilePmdMapped:        0 kB
Node 1 HugePages_Total:     0
Node 1 HugePages_Free:      0
Node 1 HugePages_Surp:      0

Load ZFS
Node 0 MemTotal:       24743736 kB
Node 0 MemFree:        24282936 kB
Node 0 MemUsed:          460800 kB
Node 0 Active:            50136 kB
Node 0 Inactive:         116896 kB
Node 0 Active(anon):      25804 kB
Node 0 Inactive(anon):      408 kB
Node 0 Active(file):      24332 kB
Node 0 Inactive(file):   116488 kB
Node 0 Unevictable:       17716 kB
Node 0 Mlocked:           17716 kB
Node 0 Dirty:                60 kB
Node 0 Writeback:             0 kB
Node 0 FilePages:        148600 kB
Node 0 Mapped:            24380 kB
Node 0 AnonPages:         36228 kB
Node 0 Shmem:               588 kB
Node 0 KernelStack:        2216 kB
Node 0 PageTables:          544 kB
Node 0 NFS_Unstable:          0 kB
Node 0 Bounce:                0 kB
Node 0 WritebackTmp:          0 kB
Node 0 KReclaimable:      20540 kB
Node 0 Slab:              56192 kB
Node 0 SReclaimable:      20540 kB
Node 0 SUnreclaim:        35652 kB
Node 0 AnonHugePages:         0 kB
Node 0 ShmemHugePages:        0 kB
Node 0 ShmemPmdMapped:        0 kB
Node 0 FileHugePages:        0 kB
Node 0 FilePmdMapped:        0 kB
Node 0 HugePages_Total:     0
Node 0 HugePages_Free:      0
Node 0 HugePages_Surp:      0

Node 1 MemTotal:       24686196 kB
Node 1 MemFree:        24388956 kB
Node 1 MemUsed:          297240 kB
Node 1 Active:            71892 kB
Node 1 Inactive:          83052 kB
Node 1 Active(anon):      33156 kB
Node 1 Inactive(anon):      536 kB
Node 1 Active(file):      38736 kB
Node 1 Inactive(file):    82516 kB
Node 1 Unevictable:        1000 kB
Node 1 Mlocked:            1000 kB
Node 1 Dirty:               496 kB
Node 1 Writeback:             0 kB
Node 1 FilePages:        122932 kB
Node 1 Mapped:            33464 kB
Node 1 AnonPages:         32904 kB
Node 1 Shmem:               680 kB
Node 1 KernelStack:        2072 kB
Node 1 PageTables:         1696 kB
Node 1 NFS_Unstable:          0 kB
Node 1 Bounce:                0 kB
Node 1 WritebackTmp:          0 kB
Node 1 KReclaimable:      22488 kB
Node 1 Slab:              56052 kB
Node 1 SReclaimable:      22488 kB
Node 1 SUnreclaim:        33564 kB
Node 1 AnonHugePages:         0 kB
Node 1 ShmemHugePages:        0 kB
Node 1 ShmemPmdMapped:        0 kB
Node 1 FileHugePages:        0 kB
Node 1 FilePmdMapped:        0 kB
Node 1 HugePages_Total:     0
Node 1 HugePages_Free:      0
Node 1 HugePages_Surp:      0

Import tank ZPool
Node 0 MemTotal:       24743736 kB
Node 0 MemFree:        24278144 kB
Node 0 MemUsed:          465592 kB
Node 0 Active:            41812 kB
Node 0 Inactive:         117748 kB
Node 0 Active(anon):      16800 kB
Node 0 Inactive(anon):      416 kB
Node 0 Active(file):      25012 kB
Node 0 Inactive(file):   117332 kB
Node 0 Unevictable:       17748 kB
Node 0 Mlocked:           17748 kB
Node 0 Dirty:               132 kB
Node 0 Writeback:             0 kB
Node 0 FilePages:        150132 kB
Node 0 Mapped:            23068 kB
Node 0 AnonPages:         26820 kB
Node 0 Shmem:               592 kB
Node 0 KernelStack:        2104 kB
Node 0 PageTables:          704 kB
Node 0 NFS_Unstable:          0 kB
Node 0 Bounce:                0 kB
Node 0 WritebackTmp:          0 kB
Node 0 KReclaimable:      20652 kB
Node 0 Slab:              60968 kB
Node 0 SReclaimable:      20652 kB
Node 0 SUnreclaim:        40316 kB
Node 0 AnonHugePages:         0 kB
Node 0 ShmemHugePages:        0 kB
Node 0 ShmemPmdMapped:        0 kB
Node 0 FileHugePages:        0 kB
Node 0 FilePmdMapped:        0 kB
Node 0 HugePages_Total:     0
Node 0 HugePages_Free:      0
Node 0 HugePages_Surp:      0

Node 1 MemTotal:       24686196 kB
Node 1 MemFree:        24394328 kB
Node 1 MemUsed:          291868 kB
Node 1 Active:            56204 kB
Node 1 Inactive:          82660 kB
Node 1 Active(anon):      17060 kB
Node 1 Inactive(anon):      532 kB
Node 1 Active(file):      39144 kB
Node 1 Inactive(file):    82128 kB
Node 1 Unevictable:        1000 kB
Node 1 Mlocked:            1000 kB
Node 1 Dirty:               576 kB
Node 1 Writeback:             8 kB
Node 1 FilePages:        122964 kB
Node 1 Mapped:            31028 kB
Node 1 AnonPages:         16780 kB
Node 1 Shmem:               676 kB
Node 1 KernelStack:        2696 kB
Node 1 PageTables:          636 kB
Node 1 NFS_Unstable:          0 kB
Node 1 Bounce:                0 kB
Node 1 WritebackTmp:          0 kB
Node 1 KReclaimable:      22488 kB
Node 1 Slab:              58056 kB
Node 1 SReclaimable:      22488 kB
Node 1 SUnreclaim:        35568 kB
Node 1 AnonHugePages:         0 kB
Node 1 ShmemHugePages:        0 kB
Node 1 ShmemPmdMapped:        0 kB
Node 1 FileHugePages:        0 kB
Node 1 FilePmdMapped:        0 kB
Node 1 HugePages_Total:     0
Node 1 HugePages_Free:      0
Node 1 HugePages_Surp:      0

After Opposite Node
Node 0 MemTotal:       24743736 kB
Node 0 MemFree:        24226776 kB
Node 0 MemUsed:          516960 kB
Node 0 Active:            41712 kB
Node 0 Inactive:         117472 kB
Node 0 Active(anon):      16384 kB
Node 0 Inactive(anon):      416 kB
Node 0 Active(file):      25328 kB
Node 0 Inactive(file):   117056 kB
Node 0 Unevictable:       17748 kB
Node 0 Mlocked:           17748 kB
Node 0 Dirty:               144 kB
Node 0 Writeback:             0 kB
Node 0 FilePages:        150168 kB
Node 0 Mapped:            22916 kB
Node 0 AnonPages:         26760 kB
Node 0 Shmem:               592 kB
Node 0 KernelStack:        2040 kB
Node 0 PageTables:          568 kB
Node 0 NFS_Unstable:          0 kB
Node 0 Bounce:                0 kB
Node 0 WritebackTmp:          0 kB
Node 0 KReclaimable:      20660 kB
Node 0 Slab:              60708 kB
Node 0 SReclaimable:      20660 kB
Node 0 SUnreclaim:        40048 kB
Node 0 AnonHugePages:         0 kB
Node 0 ShmemHugePages:        0 kB
Node 0 ShmemPmdMapped:        0 kB
Node 0 FileHugePages:        0 kB
Node 0 FilePmdMapped:        0 kB
Node 0 HugePages_Total:     0
Node 0 HugePages_Free:      0
Node 0 HugePages_Surp:      0

Node 1 MemTotal:       24686196 kB
Node 1 MemFree:        23382576 kB
Node 1 MemUsed:         1303620 kB
Node 1 Active:            56844 kB
Node 1 Inactive:          83852 kB
Node 1 Active(anon):      16792 kB
Node 1 Inactive(anon):      548 kB
Node 1 Active(file):      40052 kB
Node 1 Inactive(file):    83304 kB
Node 1 Unevictable:        1000 kB
Node 1 Mlocked:            1000 kB
Node 1 Dirty:               496 kB
Node 1 Writeback:             0 kB
Node 1 FilePages:        125076 kB
Node 1 Mapped:            31144 kB
Node 1 AnonPages:         16536 kB
Node 1 Shmem:               720 kB
Node 1 KernelStack:        2712 kB
Node 1 PageTables:          592 kB
Node 1 NFS_Unstable:          0 kB
Node 1 Bounce:                0 kB
Node 1 WritebackTmp:          0 kB
Node 1 KReclaimable:      23772 kB
Node 1 Slab:              65716 kB
Node 1 SReclaimable:      23772 kB
Node 1 SUnreclaim:        41944 kB
Node 1 AnonHugePages:         0 kB
Node 1 ShmemHugePages:        0 kB
Node 1 ShmemPmdMapped:        0 kB
Node 1 FileHugePages:        0 kB
Node 1 FilePmdMapped:        0 kB
Node 1 HugePages_Total:     0
Node 1 HugePages_Free:      0
Node 1 HugePages_Surp:      0

After Test
Node 0 MemTotal:       24743736 kB
Node 0 MemFree:        24225396 kB
Node 0 MemUsed:          518340 kB
Node 0 Active:            41896 kB
Node 0 Inactive:         117492 kB
Node 0 Active(anon):      16544 kB
Node 0 Inactive(anon):      444 kB
Node 0 Active(file):      25352 kB
Node 0 Inactive(file):   117048 kB
Node 0 Unevictable:       17748 kB
Node 0 Mlocked:           17748 kB
Node 0 Dirty:               160 kB
Node 0 Writeback:             0 kB
Node 0 FilePages:        150228 kB
Node 0 Mapped:            22960 kB
Node 0 AnonPages:         26808 kB
Node 0 Shmem:               636 kB
Node 0 KernelStack:        2072 kB
Node 0 PageTables:          684 kB
Node 0 NFS_Unstable:          0 kB
Node 0 Bounce:                0 kB
Node 0 WritebackTmp:          0 kB
Node 0 KReclaimable:      20740 kB
Node 0 Slab:              60864 kB
Node 0 SReclaimable:      20740 kB
Node 0 SUnreclaim:        40124 kB
Node 0 AnonHugePages:         0 kB
Node 0 ShmemHugePages:        0 kB
Node 0 ShmemPmdMapped:        0 kB
Node 0 FileHugePages:        0 kB
Node 0 FilePmdMapped:        0 kB
Node 0 HugePages_Total:     0
Node 0 HugePages_Free:      0
Node 0 HugePages_Surp:      0

Node 1 MemTotal:       24686196 kB
Node 1 MemFree:        23383024 kB
Node 1 MemUsed:         1303172 kB
Node 1 Active:            56884 kB
Node 1 Inactive:          83632 kB
Node 1 Active(anon):      16632 kB
Node 1 Inactive(anon):      524 kB
Node 1 Active(file):      40252 kB
Node 1 Inactive(file):    83108 kB
Node 1 Unevictable:        1000 kB
Node 1 Mlocked:            1000 kB
Node 1 Dirty:               500 kB
Node 1 Writeback:             0 kB
Node 1 FilePages:        125036 kB
Node 1 Mapped:            31160 kB
Node 1 AnonPages:         16480 kB
Node 1 Shmem:               676 kB
Node 1 KernelStack:        2680 kB
Node 1 PageTables:          476 kB
Node 1 NFS_Unstable:          0 kB
Node 1 Bounce:                0 kB
Node 1 WritebackTmp:          0 kB
Node 1 KReclaimable:      23776 kB
Node 1 Slab:              65704 kB
Node 1 SReclaimable:      23776 kB
Node 1 SUnreclaim:        41928 kB
Node 1 AnonHugePages:         0 kB
Node 1 ShmemHugePages:        0 kB
Node 1 ShmemPmdMapped:        0 kB
Node 1 FileHugePages:        0 kB
Node 1 FilePmdMapped:        0 kB
Node 1 HugePages_Total:     0
Node 1 HugePages_Free:      0
Node 1 HugePages_Surp:      0

B.0.fio.500M.1.O Complete!
