U.1.fio.500M.3.O
Begin
Node 0 MemTotal:       24768352 kB
Node 0 MemFree:        24386872 kB
Node 0 MemUsed:          381480 kB
Node 0 Active:            41832 kB
Node 0 Inactive:          37568 kB
Node 0 Active(anon):      15784 kB
Node 0 Inactive(anon):      452 kB
Node 0 Active(file):      26048 kB
Node 0 Inactive(file):    37116 kB
Node 0 Unevictable:       17420 kB
Node 0 Mlocked:           17420 kB
Node 0 Dirty:               392 kB
Node 0 Writeback:             0 kB
Node 0 FilePages:         70980 kB
Node 0 Mapped:            27104 kB
Node 0 AnonPages:         25868 kB
Node 0 Shmem:               724 kB
Node 0 KernelStack:        2008 kB
Node 0 PageTables:          548 kB
Node 0 NFS_Unstable:          0 kB
Node 0 Bounce:                0 kB
Node 0 WritebackTmp:          0 kB
Node 0 KReclaimable:      21292 kB
Node 0 Slab:              61596 kB
Node 0 SReclaimable:      21292 kB
Node 0 SUnreclaim:        40304 kB
Node 0 AnonHugePages:         0 kB
Node 0 ShmemHugePages:        0 kB
Node 0 ShmemPmdMapped:        0 kB
Node 0 FileHugePages:        0 kB
Node 0 FilePmdMapped:        0 kB
Node 0 HugePages_Total:     0
Node 0 HugePages_Free:      0
Node 0 HugePages_Surp:      0

Node 1 MemTotal:       24661580 kB
Node 1 MemFree:        24443064 kB
Node 1 MemUsed:          218516 kB
Node 1 Active:            52324 kB
Node 1 Inactive:          44376 kB
Node 1 Active(anon):      17720 kB
Node 1 Inactive(anon):      428 kB
Node 1 Active(file):      34604 kB
Node 1 Inactive(file):    43948 kB
Node 1 Unevictable:        1104 kB
Node 1 Mlocked:            1104 kB
Node 1 Dirty:               112 kB
Node 1 Writeback:             0 kB
Node 1 FilePages:         80200 kB
Node 1 Mapped:            13192 kB
Node 1 AnonPages:         17680 kB
Node 1 Shmem:               544 kB
Node 1 KernelStack:        1608 kB
Node 1 PageTables:          468 kB
Node 1 NFS_Unstable:          0 kB
Node 1 Bounce:                0 kB
Node 1 WritebackTmp:          0 kB
Node 1 KReclaimable:      20344 kB
Node 1 Slab:              43452 kB
Node 1 SReclaimable:      20344 kB
Node 1 SUnreclaim:        23108 kB
Node 1 AnonHugePages:         0 kB
Node 1 ShmemHugePages:        0 kB
Node 1 ShmemPmdMapped:        0 kB
Node 1 FileHugePages:        0 kB
Node 1 FilePmdMapped:        0 kB
Node 1 HugePages_Total:     0
Node 1 HugePages_Free:      0
Node 1 HugePages_Surp:      0

Load ZFS
Node 0 MemTotal:       24768352 kB
Node 0 MemFree:        24518308 kB
Node 0 MemUsed:          250044 kB
Node 0 Active:            49824 kB
Node 0 Inactive:          33140 kB
Node 0 Active(anon):      17632 kB
Node 0 Inactive(anon):      452 kB
Node 0 Active(file):      32192 kB
Node 0 Inactive(file):    32688 kB
Node 0 Unevictable:       17420 kB
Node 0 Mlocked:           17420 kB
Node 0 Dirty:               420 kB
Node 0 Writeback:             0 kB
Node 0 FilePages:         72692 kB
Node 0 Mapped:            27264 kB
Node 0 AnonPages:         27832 kB
Node 0 Shmem:               724 kB
Node 0 KernelStack:        2008 kB
Node 0 PageTables:          604 kB
Node 0 NFS_Unstable:          0 kB
Node 0 Bounce:                0 kB
Node 0 WritebackTmp:          0 kB
Node 0 KReclaimable:      21816 kB
Node 0 Slab:              62996 kB
Node 0 SReclaimable:      21816 kB
Node 0 SUnreclaim:        41180 kB
Node 0 AnonHugePages:         0 kB
Node 0 ShmemHugePages:        0 kB
Node 0 ShmemPmdMapped:        0 kB
Node 0 FileHugePages:        0 kB
Node 0 FilePmdMapped:        0 kB
Node 0 HugePages_Total:     0
Node 0 HugePages_Free:      0
Node 0 HugePages_Surp:      0

Node 1 MemTotal:       24661580 kB
Node 1 MemFree:        24298028 kB
Node 1 MemUsed:          363552 kB
Node 1 Active:            58200 kB
Node 1 Inactive:          44852 kB
Node 1 Active(anon):      23128 kB
Node 1 Inactive(anon):      428 kB
Node 1 Active(file):      35072 kB
Node 1 Inactive(file):    44424 kB
Node 1 Unevictable:        1104 kB
Node 1 Mlocked:            1104 kB
Node 1 Dirty:               112 kB
Node 1 Writeback:             0 kB
Node 1 FilePages:         81144 kB
Node 1 Mapped:            13192 kB
Node 1 AnonPages:         22932 kB
Node 1 Shmem:               544 kB
Node 1 KernelStack:        1832 kB
Node 1 PageTables:          908 kB
Node 1 NFS_Unstable:          0 kB
Node 1 Bounce:                0 kB
Node 1 WritebackTmp:          0 kB
Node 1 KReclaimable:      20820 kB
Node 1 Slab:              46168 kB
Node 1 SReclaimable:      20820 kB
Node 1 SUnreclaim:        25348 kB
Node 1 AnonHugePages:         0 kB
Node 1 ShmemHugePages:        0 kB
Node 1 ShmemPmdMapped:        0 kB
Node 1 FileHugePages:        0 kB
Node 1 FilePmdMapped:        0 kB
Node 1 HugePages_Total:     0
Node 1 HugePages_Free:      0
Node 1 HugePages_Surp:      0

Import tank ZPool
Node 0 MemTotal:       24768352 kB
Node 0 MemFree:        24518668 kB
Node 0 MemUsed:          249684 kB
Node 0 Active:            49904 kB
Node 0 Inactive:          33036 kB
Node 0 Active(anon):      17608 kB
Node 0 Inactive(anon):      452 kB
Node 0 Active(file):      32296 kB
Node 0 Inactive(file):    32584 kB
Node 0 Unevictable:       17420 kB
Node 0 Mlocked:           17420 kB
Node 0 Dirty:               232 kB
Node 0 Writeback:             0 kB
Node 0 FilePages:         72688 kB
Node 0 Mapped:            27324 kB
Node 0 AnonPages:         27832 kB
Node 0 Shmem:               720 kB
Node 0 KernelStack:        2008 kB
Node 0 PageTables:          604 kB
Node 0 NFS_Unstable:          0 kB
Node 0 Bounce:                0 kB
Node 0 WritebackTmp:          0 kB
Node 0 KReclaimable:      21816 kB
Node 0 Slab:              63132 kB
Node 0 SReclaimable:      21816 kB
Node 0 SUnreclaim:        41316 kB
Node 0 AnonHugePages:         0 kB
Node 0 ShmemHugePages:        0 kB
Node 0 ShmemPmdMapped:        0 kB
Node 0 FileHugePages:        0 kB
Node 0 FilePmdMapped:        0 kB
Node 0 HugePages_Total:     0
Node 0 HugePages_Free:      0
Node 0 HugePages_Surp:      0

Node 1 MemTotal:       24661580 kB
Node 1 MemFree:        24275760 kB
Node 1 MemUsed:          385820 kB
Node 1 Active:            59072 kB
Node 1 Inactive:          46044 kB
Node 1 Active(anon):      23592 kB
Node 1 Inactive(anon):      432 kB
Node 1 Active(file):      35480 kB
Node 1 Inactive(file):    45612 kB
Node 1 Unevictable:        1104 kB
Node 1 Mlocked:            1104 kB
Node 1 Dirty:                36 kB
Node 1 Writeback:             8 kB
Node 1 FilePages:         82748 kB
Node 1 Mapped:            13452 kB
Node 1 AnonPages:         23264 kB
Node 1 Shmem:               548 kB
Node 1 KernelStack:        2984 kB
Node 1 PageTables:          944 kB
Node 1 NFS_Unstable:          0 kB
Node 1 Bounce:                0 kB
Node 1 WritebackTmp:          0 kB
Node 1 KReclaimable:      20940 kB
Node 1 Slab:              52400 kB
Node 1 SReclaimable:      20940 kB
Node 1 SUnreclaim:        31460 kB
Node 1 AnonHugePages:         0 kB
Node 1 ShmemHugePages:        0 kB
Node 1 ShmemPmdMapped:        0 kB
Node 1 FileHugePages:        0 kB
Node 1 FilePmdMapped:        0 kB
Node 1 HugePages_Total:     0
Node 1 HugePages_Free:      0
Node 1 HugePages_Surp:      0

After Opposite Node
Node 0 MemTotal:       24768352 kB
Node 0 MemFree:        23555140 kB
Node 0 MemUsed:         1213212 kB
Node 0 Active:            48800 kB
Node 0 Inactive:          34188 kB
Node 0 Active(anon):      15696 kB
Node 0 Inactive(anon):      480 kB
Node 0 Active(file):      33104 kB
Node 0 Inactive(file):    33708 kB
Node 0 Unevictable:       17420 kB
Node 0 Mlocked:           17420 kB
Node 0 Dirty:               252 kB
Node 0 Writeback:             0 kB
Node 0 FilePages:         74664 kB
Node 0 Mapped:            27336 kB
Node 0 AnonPages:         25648 kB
Node 0 Shmem:               764 kB
Node 0 KernelStack:        1992 kB
Node 0 PageTables:          716 kB
Node 0 NFS_Unstable:          0 kB
Node 0 Bounce:                0 kB
Node 0 WritebackTmp:          0 kB
Node 0 KReclaimable:      23092 kB
Node 0 Slab:              70908 kB
Node 0 SReclaimable:      23092 kB
Node 0 SUnreclaim:        47816 kB
Node 0 AnonHugePages:         0 kB
Node 0 ShmemHugePages:        0 kB
Node 0 ShmemPmdMapped:        0 kB
Node 0 FileHugePages:        0 kB
Node 0 FilePmdMapped:        0 kB
Node 0 HugePages_Total:     0
Node 0 HugePages_Free:      0
Node 0 HugePages_Surp:      0

Node 1 MemTotal:       24661580 kB
Node 1 MemFree:        24181196 kB
Node 1 MemUsed:          480384 kB
Node 1 Active:            53048 kB
Node 1 Inactive:          45784 kB
Node 1 Active(anon):      17132 kB
Node 1 Inactive(anon):      432 kB
Node 1 Active(file):      35916 kB
Node 1 Inactive(file):    45352 kB
Node 1 Unevictable:        1104 kB
Node 1 Mlocked:            1104 kB
Node 1 Dirty:                40 kB
Node 1 Writeback:             0 kB
Node 1 FilePages:         82920 kB
Node 1 Mapped:            13192 kB
Node 1 AnonPages:         17016 kB
Node 1 Shmem:               548 kB
Node 1 KernelStack:        2744 kB
Node 1 PageTables:          404 kB
Node 1 NFS_Unstable:          0 kB
Node 1 Bounce:                0 kB
Node 1 WritebackTmp:          0 kB
Node 1 KReclaimable:      20996 kB
Node 1 Slab:              52608 kB
Node 1 SReclaimable:      20996 kB
Node 1 SUnreclaim:        31612 kB
Node 1 AnonHugePages:         0 kB
Node 1 ShmemHugePages:        0 kB
Node 1 ShmemPmdMapped:        0 kB
Node 1 FileHugePages:        0 kB
Node 1 FilePmdMapped:        0 kB
Node 1 HugePages_Total:     0
Node 1 HugePages_Free:      0
Node 1 HugePages_Surp:      0

After Test
Node 0 MemTotal:       24768352 kB
Node 0 MemFree:        23555896 kB
Node 0 MemUsed:         1212456 kB
Node 0 Active:            48832 kB
Node 0 Inactive:          33984 kB
Node 0 Active(anon):      15548 kB
Node 0 Inactive(anon):      452 kB
Node 0 Active(file):      33284 kB
Node 0 Inactive(file):    33532 kB
Node 0 Unevictable:       17420 kB
Node 0 Mlocked:           17420 kB
Node 0 Dirty:               256 kB
Node 0 Writeback:             0 kB
Node 0 FilePages:         74624 kB
Node 0 Mapped:            27328 kB
Node 0 AnonPages:         25608 kB
Node 0 Shmem:               720 kB
Node 0 KernelStack:        1976 kB
Node 0 PageTables:          604 kB
Node 0 NFS_Unstable:          0 kB
Node 0 Bounce:                0 kB
Node 0 WritebackTmp:          0 kB
Node 0 KReclaimable:      23092 kB
Node 0 Slab:              70876 kB
Node 0 SReclaimable:      23092 kB
Node 0 SUnreclaim:        47784 kB
Node 0 AnonHugePages:         0 kB
Node 0 ShmemHugePages:        0 kB
Node 0 ShmemPmdMapped:        0 kB
Node 0 FileHugePages:        0 kB
Node 0 FilePmdMapped:        0 kB
Node 0 HugePages_Total:     0
Node 0 HugePages_Free:      0
Node 0 HugePages_Surp:      0

Node 1 MemTotal:       24661580 kB
Node 1 MemFree:        24180272 kB
Node 1 MemUsed:          481308 kB
Node 1 Active:            53220 kB
Node 1 Inactive:          45800 kB
Node 1 Active(anon):      17280 kB
Node 1 Inactive(anon):      456 kB
Node 1 Active(file):      35940 kB
Node 1 Inactive(file):    45344 kB
Node 1 Unevictable:        1104 kB
Node 1 Mlocked:            1104 kB
Node 1 Dirty:                56 kB
Node 1 Writeback:             0 kB
Node 1 FilePages:         82980 kB
Node 1 Mapped:            13236 kB
Node 1 AnonPages:         17064 kB
Node 1 Shmem:               592 kB
Node 1 KernelStack:        2776 kB
Node 1 PageTables:          516 kB
Node 1 NFS_Unstable:          0 kB
Node 1 Bounce:                0 kB
Node 1 WritebackTmp:          0 kB
Node 1 KReclaimable:      21044 kB
Node 1 Slab:              52744 kB
Node 1 SReclaimable:      21044 kB
Node 1 SUnreclaim:        31700 kB
Node 1 AnonHugePages:         0 kB
Node 1 ShmemHugePages:        0 kB
Node 1 ShmemPmdMapped:        0 kB
Node 1 FileHugePages:        0 kB
Node 1 FilePmdMapped:        0 kB
Node 1 HugePages_Total:     0
Node 1 HugePages_Free:      0
Node 1 HugePages_Surp:      0

U.1.fio.500M.3.O Complete!
