U.1.fio.500M.1.O
Begin
Node 0 MemTotal:       24743736 kB
Node 0 MemFree:        24491032 kB
Node 0 MemUsed:          252704 kB
Node 0 Active:            42396 kB
Node 0 Inactive:          55164 kB
Node 0 Active(anon):      15816 kB
Node 0 Inactive(anon):      456 kB
Node 0 Active(file):      26580 kB
Node 0 Inactive(file):    54708 kB
Node 0 Unevictable:       18280 kB
Node 0 Mlocked:           18280 kB
Node 0 Dirty:               152 kB
Node 0 Writeback:             0 kB
Node 0 FilePages:         89856 kB
Node 0 Mapped:            28316 kB
Node 0 AnonPages:         25980 kB
Node 0 Shmem:               616 kB
Node 0 KernelStack:        2120 kB
Node 0 PageTables:          500 kB
Node 0 NFS_Unstable:          0 kB
Node 0 Bounce:                0 kB
Node 0 WritebackTmp:          0 kB
Node 0 KReclaimable:      21876 kB
Node 0 Slab:              53988 kB
Node 0 SReclaimable:      21876 kB
Node 0 SUnreclaim:        32112 kB
Node 0 AnonHugePages:         0 kB
Node 0 ShmemHugePages:        0 kB
Node 0 ShmemPmdMapped:        0 kB
Node 0 FileHugePages:        0 kB
Node 0 FilePmdMapped:        0 kB
Node 0 HugePages_Total:     0
Node 0 HugePages_Free:      0
Node 0 HugePages_Surp:      0

Node 1 MemTotal:       24686196 kB
Node 1 MemFree:        24335328 kB
Node 1 MemUsed:          350868 kB
Node 1 Active:            51560 kB
Node 1 Inactive:          26956 kB
Node 1 Active(anon):      17996 kB
Node 1 Inactive(anon):      412 kB
Node 1 Active(file):      33564 kB
Node 1 Inactive(file):    26544 kB
Node 1 Unevictable:         240 kB
Node 1 Mlocked:             240 kB
Node 1 Dirty:               268 kB
Node 1 Writeback:             0 kB
Node 1 FilePages:         61168 kB
Node 1 Mapped:            12872 kB
Node 1 AnonPages:         17760 kB
Node 1 Shmem:               652 kB
Node 1 KernelStack:        1464 kB
Node 1 PageTables:          476 kB
Node 1 NFS_Unstable:          0 kB
Node 1 Bounce:                0 kB
Node 1 WritebackTmp:          0 kB
Node 1 KReclaimable:      19620 kB
Node 1 Slab:              51968 kB
Node 1 SReclaimable:      19620 kB
Node 1 SUnreclaim:        32348 kB
Node 1 AnonHugePages:         0 kB
Node 1 ShmemHugePages:        0 kB
Node 1 ShmemPmdMapped:        0 kB
Node 1 FileHugePages:        0 kB
Node 1 FilePmdMapped:        0 kB
Node 1 HugePages_Total:     0
Node 1 HugePages_Free:      0
Node 1 HugePages_Surp:      0

Load ZFS
Node 0 MemTotal:       24743736 kB
Node 0 MemFree:        24489116 kB
Node 0 MemUsed:          254620 kB
Node 0 Active:            44584 kB
Node 0 Inactive:          55188 kB
Node 0 Active(anon):      17676 kB
Node 0 Inactive(anon):      456 kB
Node 0 Active(file):      26908 kB
Node 0 Inactive(file):    54732 kB
Node 0 Unevictable:       18280 kB
Node 0 Mlocked:           18280 kB
Node 0 Dirty:               252 kB
Node 0 Writeback:             0 kB
Node 0 FilePages:         90208 kB
Node 0 Mapped:            28320 kB
Node 0 AnonPages:         28000 kB
Node 0 Shmem:               616 kB
Node 0 KernelStack:        2088 kB
Node 0 PageTables:          500 kB
Node 0 NFS_Unstable:          0 kB
Node 0 Bounce:                0 kB
Node 0 WritebackTmp:          0 kB
Node 0 KReclaimable:      22348 kB
Node 0 Slab:              55716 kB
Node 0 SReclaimable:      22348 kB
Node 0 SUnreclaim:        33368 kB
Node 0 AnonHugePages:         0 kB
Node 0 ShmemHugePages:        0 kB
Node 0 ShmemPmdMapped:        0 kB
Node 0 FileHugePages:        0 kB
Node 0 FilePmdMapped:        0 kB
Node 0 HugePages_Total:     0
Node 0 HugePages_Free:      0
Node 0 HugePages_Surp:      0

Node 1 MemTotal:       24686196 kB
Node 1 MemFree:        24326856 kB
Node 1 MemUsed:          359340 kB
Node 1 Active:            62124 kB
Node 1 Inactive:          22880 kB
Node 1 Active(anon):      22028 kB
Node 1 Inactive(anon):      416 kB
Node 1 Active(file):      40096 kB
Node 1 Inactive(file):    22464 kB
Node 1 Unevictable:         240 kB
Node 1 Mlocked:             240 kB
Node 1 Dirty:               272 kB
Node 1 Writeback:             0 kB
Node 1 FilePages:         63452 kB
Node 1 Mapped:            13004 kB
Node 1 AnonPages:         21708 kB
Node 1 Shmem:               652 kB
Node 1 KernelStack:        1640 kB
Node 1 PageTables:          920 kB
Node 1 NFS_Unstable:          0 kB
Node 1 Bounce:                0 kB
Node 1 WritebackTmp:          0 kB
Node 1 KReclaimable:      20276 kB
Node 1 Slab:              54632 kB
Node 1 SReclaimable:      20276 kB
Node 1 SUnreclaim:        34356 kB
Node 1 AnonHugePages:         0 kB
Node 1 ShmemHugePages:        0 kB
Node 1 ShmemPmdMapped:        0 kB
Node 1 FileHugePages:        0 kB
Node 1 FilePmdMapped:        0 kB
Node 1 HugePages_Total:     0
Node 1 HugePages_Free:      0
Node 1 HugePages_Surp:      0

Import tank ZPool
Node 0 MemTotal:       24743736 kB
Node 0 MemFree:        24483180 kB
Node 0 MemUsed:          260556 kB
Node 0 Active:            45000 kB
Node 0 Inactive:          56332 kB
Node 0 Active(anon):      17760 kB
Node 0 Inactive(anon):      460 kB
Node 0 Active(file):      27240 kB
Node 0 Inactive(file):    55872 kB
Node 0 Unevictable:       18280 kB
Node 0 Mlocked:           18280 kB
Node 0 Dirty:               208 kB
Node 0 Writeback:             4 kB
Node 0 FilePages:         91680 kB
Node 0 Mapped:            28516 kB
Node 0 AnonPages:         28036 kB
Node 0 Shmem:               616 kB
Node 0 KernelStack:        2200 kB
Node 0 PageTables:          596 kB
Node 0 NFS_Unstable:          0 kB
Node 0 Bounce:                0 kB
Node 0 WritebackTmp:          0 kB
Node 0 KReclaimable:      22464 kB
Node 0 Slab:              59740 kB
Node 0 SReclaimable:      22464 kB
Node 0 SUnreclaim:        37276 kB
Node 0 AnonHugePages:         0 kB
Node 0 ShmemHugePages:        0 kB
Node 0 ShmemPmdMapped:        0 kB
Node 0 FileHugePages:        0 kB
Node 0 FilePmdMapped:        0 kB
Node 0 HugePages_Total:     0
Node 0 HugePages_Free:      0
Node 0 HugePages_Surp:      0

Node 1 MemTotal:       24686196 kB
Node 1 MemFree:        24310428 kB
Node 1 MemUsed:          375768 kB
Node 1 Active:            62164 kB
Node 1 Inactive:          22824 kB
Node 1 Active(anon):      22012 kB
Node 1 Inactive(anon):      416 kB
Node 1 Active(file):      40152 kB
Node 1 Inactive(file):    22408 kB
Node 1 Unevictable:         240 kB
Node 1 Mlocked:             240 kB
Node 1 Dirty:                36 kB
Node 1 Writeback:             0 kB
Node 1 FilePages:         63492 kB
Node 1 Mapped:            12900 kB
Node 1 AnonPages:         21828 kB
Node 1 Shmem:               652 kB
Node 1 KernelStack:        2680 kB
Node 1 PageTables:          892 kB
Node 1 NFS_Unstable:          0 kB
Node 1 Bounce:                0 kB
Node 1 WritebackTmp:          0 kB
Node 1 KReclaimable:      20276 kB
Node 1 Slab:              57324 kB
Node 1 SReclaimable:      20276 kB
Node 1 SUnreclaim:        37048 kB
Node 1 AnonHugePages:         0 kB
Node 1 ShmemHugePages:        0 kB
Node 1 ShmemPmdMapped:        0 kB
Node 1 FileHugePages:        0 kB
Node 1 FilePmdMapped:        0 kB
Node 1 HugePages_Total:     0
Node 1 HugePages_Free:      0
Node 1 HugePages_Surp:      0

After Opposite Node
Node 0 MemTotal:       24743736 kB
Node 0 MemFree:        23860428 kB
Node 0 MemUsed:          883308 kB
Node 0 Active:            44704 kB
Node 0 Inactive:          57324 kB
Node 0 Active(anon):      16260 kB
Node 0 Inactive(anon):      484 kB
Node 0 Active(file):      28444 kB
Node 0 Inactive(file):    56840 kB
Node 0 Unevictable:       18280 kB
Node 0 Mlocked:           18280 kB
Node 0 Dirty:               232 kB
Node 0 Writeback:             0 kB
Node 0 FilePages:         93880 kB
Node 0 Mapped:            28572 kB
Node 0 AnonPages:         26288 kB
Node 0 Shmem:               644 kB
Node 0 KernelStack:        2128 kB
Node 0 PageTables:          576 kB
Node 0 NFS_Unstable:          0 kB
Node 0 Bounce:                0 kB
Node 0 WritebackTmp:          0 kB
Node 0 KReclaimable:      23788 kB
Node 0 Slab:              65748 kB
Node 0 SReclaimable:      23788 kB
Node 0 SUnreclaim:        41960 kB
Node 0 AnonHugePages:         0 kB
Node 0 ShmemHugePages:        0 kB
Node 0 ShmemPmdMapped:        0 kB
Node 0 FileHugePages:        0 kB
Node 0 FilePmdMapped:        0 kB
Node 0 HugePages_Total:     0
Node 0 HugePages_Free:      0
Node 0 HugePages_Surp:      0

Node 1 MemTotal:       24686196 kB
Node 1 MemFree:        23874948 kB
Node 1 MemUsed:          811248 kB
Node 1 Active:            57072 kB
Node 1 Inactive:          22736 kB
Node 1 Active(anon):      16784 kB
Node 1 Inactive(anon):      416 kB
Node 1 Active(file):      40288 kB
Node 1 Inactive(file):    22320 kB
Node 1 Unevictable:         240 kB
Node 1 Mlocked:             240 kB
Node 1 Dirty:                40 kB
Node 1 Writeback:             0 kB
Node 1 FilePages:         63500 kB
Node 1 Mapped:            12844 kB
Node 1 AnonPages:         16548 kB
Node 1 Shmem:               652 kB
Node 1 KernelStack:        2520 kB
Node 1 PageTables:          492 kB
Node 1 NFS_Unstable:          0 kB
Node 1 Bounce:                0 kB
Node 1 WritebackTmp:          0 kB
Node 1 KReclaimable:      20308 kB
Node 1 Slab:              58992 kB
Node 1 SReclaimable:      20308 kB
Node 1 SUnreclaim:        38684 kB
Node 1 AnonHugePages:         0 kB
Node 1 ShmemHugePages:        0 kB
Node 1 ShmemPmdMapped:        0 kB
Node 1 FileHugePages:        0 kB
Node 1 FilePmdMapped:        0 kB
Node 1 HugePages_Total:     0
Node 1 HugePages_Free:      0
Node 1 HugePages_Surp:      0

After Test
Node 0 MemTotal:       24743736 kB
Node 0 MemFree:        23860856 kB
Node 0 MemUsed:          882880 kB
Node 0 Active:            44580 kB
Node 0 Inactive:          57112 kB
Node 0 Active(anon):      15932 kB
Node 0 Inactive(anon):      460 kB
Node 0 Active(file):      28648 kB
Node 0 Inactive(file):    56652 kB
Node 0 Unevictable:       18280 kB
Node 0 Mlocked:           18280 kB
Node 0 Dirty:               248 kB
Node 0 Writeback:             0 kB
Node 0 FilePages:         93868 kB
Node 0 Mapped:            28564 kB
Node 0 AnonPages:         26100 kB
Node 0 Shmem:               616 kB
Node 0 KernelStack:        2200 kB
Node 0 PageTables:          500 kB
Node 0 NFS_Unstable:          0 kB
Node 0 Bounce:                0 kB
Node 0 WritebackTmp:          0 kB
Node 0 KReclaimable:      23788 kB
Node 0 Slab:              65712 kB
Node 0 SReclaimable:      23788 kB
Node 0 SUnreclaim:        41924 kB
Node 0 AnonHugePages:         0 kB
Node 0 ShmemHugePages:        0 kB
Node 0 ShmemPmdMapped:        0 kB
Node 0 FileHugePages:        0 kB
Node 0 FilePmdMapped:        0 kB
Node 0 HugePages_Total:     0
Node 0 HugePages_Free:      0
Node 0 HugePages_Surp:      0

Node 1 MemTotal:       24686196 kB
Node 1 MemFree:        23874164 kB
Node 1 MemUsed:          812032 kB
Node 1 Active:            57204 kB
Node 1 Inactive:          22768 kB
Node 1 Active(anon):      16916 kB
Node 1 Inactive(anon):      444 kB
Node 1 Active(file):      40288 kB
Node 1 Inactive(file):    22324 kB
Node 1 Unevictable:         240 kB
Node 1 Mlocked:             240 kB
Node 1 Dirty:                44 kB
Node 1 Writeback:             0 kB
Node 1 FilePages:         63548 kB
Node 1 Mapped:            12888 kB
Node 1 AnonPages:         16628 kB
Node 1 Shmem:               696 kB
Node 1 KernelStack:        2584 kB
Node 1 PageTables:          668 kB
Node 1 NFS_Unstable:          0 kB
Node 1 Bounce:                0 kB
Node 1 WritebackTmp:          0 kB
Node 1 KReclaimable:      20348 kB
Node 1 Slab:              59192 kB
Node 1 SReclaimable:      20348 kB
Node 1 SUnreclaim:        38844 kB
Node 1 AnonHugePages:         0 kB
Node 1 ShmemHugePages:        0 kB
Node 1 ShmemPmdMapped:        0 kB
Node 1 FileHugePages:        0 kB
Node 1 FilePmdMapped:        0 kB
Node 1 HugePages_Total:     0
Node 1 HugePages_Free:      0
Node 1 HugePages_Surp:      0

U.1.fio.500M.1.O Complete!
