U.1.fio.4G.2.O
Begin
Node 0 MemTotal:       24743736 kB
Node 0 MemFree:        24389476 kB
Node 0 MemUsed:          354260 kB
Node 0 Active:            35780 kB
Node 0 Inactive:          29600 kB
Node 0 Active(anon):      13688 kB
Node 0 Inactive(anon):      316 kB
Node 0 Active(file):      22092 kB
Node 0 Inactive(file):    29284 kB
Node 0 Unevictable:       17784 kB
Node 0 Mlocked:           17784 kB
Node 0 Dirty:                20 kB
Node 0 Writeback:             0 kB
Node 0 FilePages:         59360 kB
Node 0 Mapped:            20312 kB
Node 0 AnonPages:         23868 kB
Node 0 Shmem:               480 kB
Node 0 KernelStack:        2104 kB
Node 0 PageTables:          464 kB
Node 0 NFS_Unstable:          0 kB
Node 0 Bounce:                0 kB
Node 0 WritebackTmp:          0 kB
Node 0 KReclaimable:      19044 kB
Node 0 Slab:              48988 kB
Node 0 SReclaimable:      19044 kB
Node 0 SUnreclaim:        29944 kB
Node 0 AnonHugePages:         0 kB
Node 0 ShmemHugePages:        0 kB
Node 0 ShmemPmdMapped:        0 kB
Node 0 FileHugePages:        0 kB
Node 0 FilePmdMapped:        0 kB
Node 0 HugePages_Total:     0
Node 0 HugePages_Free:      0
Node 0 HugePages_Surp:      0

Node 1 MemTotal:       24686196 kB
Node 1 MemFree:        24437128 kB
Node 1 MemUsed:          249068 kB
Node 1 Active:            58192 kB
Node 1 Inactive:          52708 kB
Node 1 Active(anon):      19972 kB
Node 1 Inactive(anon):      544 kB
Node 1 Active(file):      38220 kB
Node 1 Inactive(file):    52164 kB
Node 1 Unevictable:         740 kB
Node 1 Mlocked:             740 kB
Node 1 Dirty:               488 kB
Node 1 Writeback:             0 kB
Node 1 FilePages:         91908 kB
Node 1 Mapped:            20704 kB
Node 1 AnonPages:         19780 kB
Node 1 Shmem:               788 kB
Node 1 KernelStack:        1544 kB
Node 1 PageTables:          588 kB
Node 1 NFS_Unstable:          0 kB
Node 1 Bounce:                0 kB
Node 1 WritebackTmp:          0 kB
Node 1 KReclaimable:      22756 kB
Node 1 Slab:              57896 kB
Node 1 SReclaimable:      22756 kB
Node 1 SUnreclaim:        35140 kB
Node 1 AnonHugePages:         0 kB
Node 1 ShmemHugePages:        0 kB
Node 1 ShmemPmdMapped:        0 kB
Node 1 FileHugePages:        0 kB
Node 1 FilePmdMapped:        0 kB
Node 1 HugePages_Total:     0
Node 1 HugePages_Free:      0
Node 1 HugePages_Surp:      0

Load ZFS
Node 0 MemTotal:       24743736 kB
Node 0 MemFree:        24380856 kB
Node 0 MemUsed:          362880 kB
Node 0 Active:            45492 kB
Node 0 Inactive:          25044 kB
Node 0 Active(anon):      17656 kB
Node 0 Inactive(anon):      316 kB
Node 0 Active(file):      27836 kB
Node 0 Inactive(file):    24728 kB
Node 0 Unevictable:       17784 kB
Node 0 Mlocked:           17784 kB
Node 0 Dirty:                20 kB
Node 0 Writeback:             0 kB
Node 0 FilePages:         60500 kB
Node 0 Mapped:            20472 kB
Node 0 AnonPages:         27796 kB
Node 0 Shmem:               480 kB
Node 0 KernelStack:        2344 kB
Node 0 PageTables:          728 kB
Node 0 NFS_Unstable:          0 kB
Node 0 Bounce:                0 kB
Node 0 WritebackTmp:          0 kB
Node 0 KReclaimable:      19552 kB
Node 0 Slab:              50868 kB
Node 0 SReclaimable:      19552 kB
Node 0 SUnreclaim:        31316 kB
Node 0 AnonHugePages:         0 kB
Node 0 ShmemHugePages:        0 kB
Node 0 ShmemPmdMapped:        0 kB
Node 0 FileHugePages:        0 kB
Node 0 FilePmdMapped:        0 kB
Node 0 HugePages_Total:     0
Node 0 HugePages_Free:      0
Node 0 HugePages_Surp:      0

Node 1 MemTotal:       24686196 kB
Node 1 MemFree:        24435408 kB
Node 1 MemUsed:          250788 kB
Node 1 Active:            59636 kB
Node 1 Inactive:          53184 kB
Node 1 Active(anon):      20384 kB
Node 1 Inactive(anon):      544 kB
Node 1 Active(file):      39252 kB
Node 1 Inactive(file):    52640 kB
Node 1 Unevictable:         740 kB
Node 1 Mlocked:             740 kB
Node 1 Dirty:               520 kB
Node 1 Writeback:             0 kB
Node 1 FilePages:         93416 kB
Node 1 Mapped:            20716 kB
Node 1 AnonPages:         20212 kB
Node 1 Shmem:               788 kB
Node 1 KernelStack:        1416 kB
Node 1 PageTables:          588 kB
Node 1 NFS_Unstable:          0 kB
Node 1 Bounce:                0 kB
Node 1 WritebackTmp:          0 kB
Node 1 KReclaimable:      23224 kB
Node 1 Slab:              59824 kB
Node 1 SReclaimable:      23224 kB
Node 1 SUnreclaim:        36600 kB
Node 1 AnonHugePages:         0 kB
Node 1 ShmemHugePages:        0 kB
Node 1 ShmemPmdMapped:        0 kB
Node 1 FileHugePages:        0 kB
Node 1 FilePmdMapped:        0 kB
Node 1 HugePages_Total:     0
Node 1 HugePages_Free:      0
Node 1 HugePages_Surp:      0

Import tank ZPool
Node 0 MemTotal:       24743736 kB
Node 0 MemFree:        24364304 kB
Node 0 MemUsed:          379432 kB
Node 0 Active:            46108 kB
Node 0 Inactive:          26100 kB
Node 0 Active(anon):      17888 kB
Node 0 Inactive(anon):      316 kB
Node 0 Active(file):      28220 kB
Node 0 Inactive(file):    25784 kB
Node 0 Unevictable:       17784 kB
Node 0 Mlocked:           17784 kB
Node 0 Dirty:                16 kB
Node 0 Writeback:             0 kB
Node 0 FilePages:         61940 kB
Node 0 Mapped:            20452 kB
Node 0 AnonPages:         27976 kB
Node 0 Shmem:               476 kB
Node 0 KernelStack:        3476 kB
Node 0 PageTables:          740 kB
Node 0 NFS_Unstable:          0 kB
Node 0 Bounce:                0 kB
Node 0 WritebackTmp:          0 kB
Node 0 KReclaimable:      19652 kB
Node 0 Slab:              53484 kB
Node 0 SReclaimable:      19652 kB
Node 0 SUnreclaim:        33832 kB
Node 0 AnonHugePages:         0 kB
Node 0 ShmemHugePages:        0 kB
Node 0 ShmemPmdMapped:        0 kB
Node 0 FileHugePages:        0 kB
Node 0 FilePmdMapped:        0 kB
Node 0 HugePages_Total:     0
Node 0 HugePages_Free:      0
Node 0 HugePages_Surp:      0

Node 1 MemTotal:       24686196 kB
Node 1 MemFree:        24430540 kB
Node 1 MemUsed:          255656 kB
Node 1 Active:            59816 kB
Node 1 Inactive:          53248 kB
Node 1 Active(anon):      20532 kB
Node 1 Inactive(anon):      548 kB
Node 1 Active(file):      39284 kB
Node 1 Inactive(file):    52700 kB
Node 1 Unevictable:         740 kB
Node 1 Mlocked:             740 kB
Node 1 Dirty:               300 kB
Node 1 Writeback:             0 kB
Node 1 FilePages:         93516 kB
Node 1 Mapped:            20760 kB
Node 1 AnonPages:         20216 kB
Node 1 Shmem:               792 kB
Node 1 KernelStack:        1432 kB
Node 1 PageTables:          608 kB
Node 1 NFS_Unstable:          0 kB
Node 1 Bounce:                0 kB
Node 1 WritebackTmp:          0 kB
Node 1 KReclaimable:      23224 kB
Node 1 Slab:              64688 kB
Node 1 SReclaimable:      23224 kB
Node 1 SUnreclaim:        41464 kB
Node 1 AnonHugePages:         0 kB
Node 1 ShmemHugePages:        0 kB
Node 1 ShmemPmdMapped:        0 kB
Node 1 FileHugePages:        0 kB
Node 1 FilePmdMapped:        0 kB
Node 1 HugePages_Total:     0
Node 1 HugePages_Free:      0
Node 1 HugePages_Surp:      0

After Opposite Node
Node 0 MemTotal:       24743736 kB
Node 0 MemFree:        19646996 kB
Node 0 MemUsed:         5096740 kB
Node 0 Active:            42328 kB
Node 0 Inactive:          27072 kB
Node 0 Active(anon):      12884 kB
Node 0 Inactive(anon):      360 kB
Node 0 Active(file):      29444 kB
Node 0 Inactive(file):    26712 kB
Node 0 Unevictable:       17784 kB
Node 0 Mlocked:           17784 kB
Node 0 Dirty:                24 kB
Node 0 Writeback:             0 kB
Node 0 FilePages:         64132 kB
Node 0 Mapped:            20312 kB
Node 0 AnonPages:         22972 kB
Node 0 Shmem:               520 kB
Node 0 KernelStack:        3240 kB
Node 0 PageTables:          596 kB
Node 0 NFS_Unstable:          0 kB
Node 0 Bounce:                0 kB
Node 0 WritebackTmp:          0 kB
Node 0 KReclaimable:      21020 kB
Node 0 Slab:              74636 kB
Node 0 SReclaimable:      21020 kB
Node 0 SUnreclaim:        53616 kB
Node 0 AnonHugePages:         0 kB
Node 0 ShmemHugePages:        0 kB
Node 0 ShmemPmdMapped:        0 kB
Node 0 FileHugePages:        0 kB
Node 0 FilePmdMapped:        0 kB
Node 0 HugePages_Total:     0
Node 0 HugePages_Free:      0
Node 0 HugePages_Surp:      0

Node 1 MemTotal:       24686196 kB
Node 1 MemFree:        24115196 kB
Node 1 MemUsed:          571000 kB
Node 1 Active:            59500 kB
Node 1 Inactive:          53240 kB
Node 1 Active(anon):      20152 kB
Node 1 Inactive(anon):      548 kB
Node 1 Active(file):      39348 kB
Node 1 Inactive(file):    52692 kB
Node 1 Unevictable:         740 kB
Node 1 Mlocked:             740 kB
Node 1 Dirty:                28 kB
Node 1 Writeback:             0 kB
Node 1 FilePages:         93568 kB
Node 1 Mapped:            20716 kB
Node 1 AnonPages:         19908 kB
Node 1 Shmem:               792 kB
Node 1 KernelStack:        1432 kB
Node 1 PageTables:          588 kB
Node 1 NFS_Unstable:          0 kB
Node 1 Bounce:                0 kB
Node 1 WritebackTmp:          0 kB
Node 1 KReclaimable:      23288 kB
Node 1 Slab:              65212 kB
Node 1 SReclaimable:      23288 kB
Node 1 SUnreclaim:        41924 kB
Node 1 AnonHugePages:         0 kB
Node 1 ShmemHugePages:        0 kB
Node 1 ShmemPmdMapped:        0 kB
Node 1 FileHugePages:        0 kB
Node 1 FilePmdMapped:        0 kB
Node 1 HugePages_Total:     0
Node 1 HugePages_Free:      0
Node 1 HugePages_Surp:      0

After Test
Node 0 MemTotal:       24743736 kB
Node 0 MemFree:        19652696 kB
Node 0 MemUsed:         5091040 kB
Node 0 Active:            42308 kB
Node 0 Inactive:          26828 kB
Node 0 Active(anon):      12652 kB
Node 0 Inactive(anon):      316 kB
Node 0 Active(file):      29656 kB
Node 0 Inactive(file):    26512 kB
Node 0 Unevictable:       17784 kB
Node 0 Mlocked:           17784 kB
Node 0 Dirty:                32 kB
Node 0 Writeback:             0 kB
Node 0 FilePages:         64108 kB
Node 0 Mapped:            20504 kB
Node 0 AnonPages:         22820 kB
Node 0 Shmem:               476 kB
Node 0 KernelStack:        3192 kB
Node 0 PageTables:          416 kB
Node 0 NFS_Unstable:          0 kB
Node 0 Bounce:                0 kB
Node 0 WritebackTmp:          0 kB
Node 0 KReclaimable:      21024 kB
Node 0 Slab:              74276 kB
Node 0 SReclaimable:      21024 kB
Node 0 SUnreclaim:        53252 kB
Node 0 AnonHugePages:         0 kB
Node 0 ShmemHugePages:        0 kB
Node 0 ShmemPmdMapped:        0 kB
Node 0 FileHugePages:        0 kB
Node 0 FilePmdMapped:        0 kB
Node 0 HugePages_Total:     0
Node 0 HugePages_Free:      0
Node 0 HugePages_Surp:      0

Node 1 MemTotal:       24686196 kB
Node 1 MemFree:        24113816 kB
Node 1 MemUsed:          572380 kB
Node 1 Active:            59696 kB
Node 1 Inactive:          53256 kB
Node 1 Active(anon):      20324 kB
Node 1 Inactive(anon):      572 kB
Node 1 Active(file):      39372 kB
Node 1 Inactive(file):    52684 kB
Node 1 Unevictable:         740 kB
Node 1 Mlocked:             740 kB
Node 1 Dirty:                48 kB
Node 1 Writeback:             0 kB
Node 1 FilePages:         93628 kB
Node 1 Mapped:            20760 kB
Node 1 AnonPages:         19980 kB
Node 1 Shmem:               836 kB
Node 1 KernelStack:        1464 kB
Node 1 PageTables:          704 kB
Node 1 NFS_Unstable:          0 kB
Node 1 Bounce:                0 kB
Node 1 WritebackTmp:          0 kB
Node 1 KReclaimable:      23368 kB
Node 1 Slab:              66772 kB
Node 1 SReclaimable:      23368 kB
Node 1 SUnreclaim:        43404 kB
Node 1 AnonHugePages:         0 kB
Node 1 ShmemHugePages:        0 kB
Node 1 ShmemPmdMapped:        0 kB
Node 1 FileHugePages:        0 kB
Node 1 FilePmdMapped:        0 kB
Node 1 HugePages_Total:     0
Node 1 HugePages_Free:      0
Node 1 HugePages_Surp:      0

U.1.fio.4G.2.O Complete!
