U.1.fio.2G.2.O
Begin
Node 0 MemTotal:       24768352 kB
Node 0 MemFree:        24528864 kB
Node 0 MemUsed:          239488 kB
Node 0 Active:            44536 kB
Node 0 Inactive:          38636 kB
Node 0 Active(anon):      17456 kB
Node 0 Inactive(anon):      276 kB
Node 0 Active(file):      27080 kB
Node 0 Inactive(file):    38360 kB
Node 0 Unevictable:        5192 kB
Node 0 Mlocked:            5192 kB
Node 0 Dirty:               236 kB
Node 0 Writeback:             0 kB
Node 0 FilePages:         71096 kB
Node 0 Mapped:            36272 kB
Node 0 AnonPages:         17596 kB
Node 0 Shmem:               468 kB
Node 0 KernelStack:        2056 kB
Node 0 PageTables:          628 kB
Node 0 NFS_Unstable:          0 kB
Node 0 Bounce:                0 kB
Node 0 WritebackTmp:          0 kB
Node 0 KReclaimable:      21188 kB
Node 0 Slab:              60916 kB
Node 0 SReclaimable:      21188 kB
Node 0 SUnreclaim:        39728 kB
Node 0 AnonHugePages:         0 kB
Node 0 ShmemHugePages:        0 kB
Node 0 ShmemPmdMapped:        0 kB
Node 0 FileHugePages:        0 kB
Node 0 FilePmdMapped:        0 kB
Node 0 HugePages_Total:     0
Node 0 HugePages_Free:      0
Node 0 HugePages_Surp:      0

Node 1 MemTotal:       24661580 kB
Node 1 MemFree:        24292912 kB
Node 1 MemUsed:          368668 kB
Node 1 Active:            49528 kB
Node 1 Inactive:          52544 kB
Node 1 Active(anon):      16336 kB
Node 1 Inactive(anon):      616 kB
Node 1 Active(file):      33192 kB
Node 1 Inactive(file):    51928 kB
Node 1 Unevictable:       13332 kB
Node 1 Mlocked:           13332 kB
Node 1 Dirty:               136 kB
Node 1 Writeback:             0 kB
Node 1 FilePages:         88928 kB
Node 1 Mapped:            11604 kB
Node 1 AnonPages:         26480 kB
Node 1 Shmem:               800 kB
Node 1 KernelStack:        1528 kB
Node 1 PageTables:          360 kB
Node 1 NFS_Unstable:          0 kB
Node 1 Bounce:                0 kB
Node 1 WritebackTmp:          0 kB
Node 1 KReclaimable:      19664 kB
Node 1 Slab:              43168 kB
Node 1 SReclaimable:      19664 kB
Node 1 SUnreclaim:        23504 kB
Node 1 AnonHugePages:         0 kB
Node 1 ShmemHugePages:        0 kB
Node 1 ShmemPmdMapped:        0 kB
Node 1 FileHugePages:        0 kB
Node 1 FilePmdMapped:        0 kB
Node 1 HugePages_Total:     0
Node 1 HugePages_Free:      0
Node 1 HugePages_Surp:      0

Load ZFS
Node 0 MemTotal:       24768352 kB
Node 0 MemFree:        24527644 kB
Node 0 MemUsed:          240708 kB
Node 0 Active:            47812 kB
Node 0 Inactive:          38348 kB
Node 0 Active(anon):      19744 kB
Node 0 Inactive(anon):      276 kB
Node 0 Active(file):      28068 kB
Node 0 Inactive(file):    38072 kB
Node 0 Unevictable:        5192 kB
Node 0 Mlocked:            5192 kB
Node 0 Dirty:               300 kB
Node 0 Writeback:             0 kB
Node 0 FilePages:         71796 kB
Node 0 Mapped:            36440 kB
Node 0 AnonPages:         19628 kB
Node 0 Shmem:               468 kB
Node 0 KernelStack:        1944 kB
Node 0 PageTables:          740 kB
Node 0 NFS_Unstable:          0 kB
Node 0 Bounce:                0 kB
Node 0 WritebackTmp:          0 kB
Node 0 KReclaimable:      21640 kB
Node 0 Slab:              62556 kB
Node 0 SReclaimable:      21640 kB
Node 0 SUnreclaim:        40916 kB
Node 0 AnonHugePages:         0 kB
Node 0 ShmemHugePages:        0 kB
Node 0 ShmemPmdMapped:        0 kB
Node 0 FileHugePages:        0 kB
Node 0 FilePmdMapped:        0 kB
Node 0 HugePages_Total:     0
Node 0 HugePages_Free:      0
Node 0 HugePages_Surp:      0

Node 1 MemTotal:       24661580 kB
Node 1 MemFree:        24285896 kB
Node 1 MemUsed:          375684 kB
Node 1 Active:            56740 kB
Node 1 Inactive:          48744 kB
Node 1 Active(anon):      17788 kB
Node 1 Inactive(anon):      616 kB
Node 1 Active(file):      38952 kB
Node 1 Inactive(file):    48128 kB
Node 1 Unevictable:       13332 kB
Node 1 Mlocked:           13332 kB
Node 1 Dirty:               140 kB
Node 1 Writeback:             0 kB
Node 1 FilePages:         90884 kB
Node 1 Mapped:            11612 kB
Node 1 AnonPages:         27840 kB
Node 1 Shmem:               800 kB
Node 1 KernelStack:        1784 kB
Node 1 PageTables:          540 kB
Node 1 NFS_Unstable:          0 kB
Node 1 Bounce:                0 kB
Node 1 WritebackTmp:          0 kB
Node 1 KReclaimable:      20188 kB
Node 1 Slab:              45116 kB
Node 1 SReclaimable:      20188 kB
Node 1 SUnreclaim:        24928 kB
Node 1 AnonHugePages:         0 kB
Node 1 ShmemHugePages:        0 kB
Node 1 ShmemPmdMapped:        0 kB
Node 1 FileHugePages:        0 kB
Node 1 FilePmdMapped:        0 kB
Node 1 HugePages_Total:     0
Node 1 HugePages_Free:      0
Node 1 HugePages_Surp:      0

Import tank ZPool
Node 0 MemTotal:       24768352 kB
Node 0 MemFree:        24528412 kB
Node 0 MemUsed:          239940 kB
Node 0 Active:            47836 kB
Node 0 Inactive:          38348 kB
Node 0 Active(anon):      19744 kB
Node 0 Inactive(anon):      276 kB
Node 0 Active(file):      28092 kB
Node 0 Inactive(file):    38072 kB
Node 0 Unevictable:        5192 kB
Node 0 Mlocked:            5192 kB
Node 0 Dirty:               148 kB
Node 0 Writeback:             0 kB
Node 0 FilePages:         71824 kB
Node 0 Mapped:            36528 kB
Node 0 AnonPages:         19636 kB
Node 0 Shmem:               468 kB
Node 0 KernelStack:        1944 kB
Node 0 PageTables:          740 kB
Node 0 NFS_Unstable:          0 kB
Node 0 Bounce:                0 kB
Node 0 WritebackTmp:          0 kB
Node 0 KReclaimable:      21640 kB
Node 0 Slab:              62780 kB
Node 0 SReclaimable:      21640 kB
Node 0 SUnreclaim:        41140 kB
Node 0 AnonHugePages:         0 kB
Node 0 ShmemHugePages:        0 kB
Node 0 ShmemPmdMapped:        0 kB
Node 0 FileHugePages:        0 kB
Node 0 FilePmdMapped:        0 kB
Node 0 HugePages_Total:     0
Node 0 HugePages_Free:      0
Node 0 HugePages_Surp:      0

Node 1 MemTotal:       24661580 kB
Node 1 MemFree:        24265908 kB
Node 1 MemUsed:          395672 kB
Node 1 Active:            57160 kB
Node 1 Inactive:          49880 kB
Node 1 Active(anon):      17852 kB
Node 1 Inactive(anon):      620 kB
Node 1 Active(file):      39308 kB
Node 1 Inactive(file):    49260 kB
Node 1 Unevictable:       13332 kB
Node 1 Mlocked:           13332 kB
Node 1 Dirty:               140 kB
Node 1 Writeback:             0 kB
Node 1 FilePages:         92372 kB
Node 1 Mapped:            11832 kB
Node 1 AnonPages:         28124 kB
Node 1 Shmem:               800 kB
Node 1 KernelStack:        2904 kB
Node 1 PageTables:          612 kB
Node 1 NFS_Unstable:          0 kB
Node 1 Bounce:                0 kB
Node 1 WritebackTmp:          0 kB
Node 1 KReclaimable:      20308 kB
Node 1 Slab:              51904 kB
Node 1 SReclaimable:      20308 kB
Node 1 SUnreclaim:        31596 kB
Node 1 AnonHugePages:         0 kB
Node 1 ShmemHugePages:        0 kB
Node 1 ShmemPmdMapped:        0 kB
Node 1 FileHugePages:        0 kB
Node 1 FilePmdMapped:        0 kB
Node 1 HugePages_Total:     0
Node 1 HugePages_Free:      0
Node 1 HugePages_Surp:      0

After Opposite Node
Node 0 MemTotal:       24768352 kB
Node 0 MemFree:        21917188 kB
Node 0 MemUsed:         2851164 kB
Node 0 Active:            45404 kB
Node 0 Inactive:          39500 kB
Node 0 Active(anon):      16460 kB
Node 0 Inactive(anon):      300 kB
Node 0 Active(file):      28944 kB
Node 0 Inactive(file):    39200 kB
Node 0 Unevictable:        5192 kB
Node 0 Mlocked:            5192 kB
Node 0 Dirty:                28 kB
Node 0 Writeback:             0 kB
Node 0 FilePages:         73844 kB
Node 0 Mapped:            36272 kB
Node 0 AnonPages:         16168 kB
Node 0 Shmem:               512 kB
Node 0 KernelStack:        1896 kB
Node 0 PageTables:          704 kB
Node 0 NFS_Unstable:          0 kB
Node 0 Bounce:                0 kB
Node 0 WritebackTmp:          0 kB
Node 0 KReclaimable:      22948 kB
Node 0 Slab:              77300 kB
Node 0 SReclaimable:      22948 kB
Node 0 SUnreclaim:        54352 kB
Node 0 AnonHugePages:         0 kB
Node 0 ShmemHugePages:        0 kB
Node 0 ShmemPmdMapped:        0 kB
Node 0 FileHugePages:        0 kB
Node 0 FilePmdMapped:        0 kB
Node 0 HugePages_Total:     0
Node 0 HugePages_Free:      0
Node 0 HugePages_Surp:      0

Node 1 MemTotal:       24661580 kB
Node 1 MemFree:        23938464 kB
Node 1 MemUsed:          723116 kB
Node 1 Active:            56492 kB
Node 1 Inactive:          49640 kB
Node 1 Active(anon):      16720 kB
Node 1 Inactive(anon):      620 kB
Node 1 Active(file):      39772 kB
Node 1 Inactive(file):    49020 kB
Node 1 Unevictable:       13332 kB
Node 1 Mlocked:           13332 kB
Node 1 Dirty:                 8 kB
Node 1 Writeback:             0 kB
Node 1 FilePages:         92596 kB
Node 1 Mapped:            11612 kB
Node 1 AnonPages:         26868 kB
Node 1 Shmem:               800 kB
Node 1 KernelStack:        2792 kB
Node 1 PageTables:          412 kB
Node 1 NFS_Unstable:          0 kB
Node 1 Bounce:                0 kB
Node 1 WritebackTmp:          0 kB
Node 1 KReclaimable:      20328 kB
Node 1 Slab:              52756 kB
Node 1 SReclaimable:      20328 kB
Node 1 SUnreclaim:        32428 kB
Node 1 AnonHugePages:         0 kB
Node 1 ShmemHugePages:        0 kB
Node 1 ShmemPmdMapped:        0 kB
Node 1 FileHugePages:        0 kB
Node 1 FilePmdMapped:        0 kB
Node 1 HugePages_Total:     0
Node 1 HugePages_Free:      0
Node 1 HugePages_Surp:      0

After Test
Node 0 MemTotal:       24768352 kB
Node 0 MemFree:        21919896 kB
Node 0 MemUsed:         2848456 kB
Node 0 Active:            45792 kB
Node 0 Inactive:          39260 kB
Node 0 Active(anon):      16608 kB
Node 0 Inactive(anon):      276 kB
Node 0 Active(file):      29184 kB
Node 0 Inactive(file):    38984 kB
Node 0 Unevictable:        5192 kB
Node 0 Mlocked:            5192 kB
Node 0 Dirty:                60 kB
Node 0 Writeback:             0 kB
Node 0 FilePages:         73824 kB
Node 0 Mapped:            36516 kB
Node 0 AnonPages:         16416 kB
Node 0 Shmem:               468 kB
Node 0 KernelStack:        1848 kB
Node 0 PageTables:          592 kB
Node 0 NFS_Unstable:          0 kB
Node 0 Bounce:                0 kB
Node 0 WritebackTmp:          0 kB
Node 0 KReclaimable:      22956 kB
Node 0 Slab:              77436 kB
Node 0 SReclaimable:      22956 kB
Node 0 SUnreclaim:        54480 kB
Node 0 AnonHugePages:         0 kB
Node 0 ShmemHugePages:        0 kB
Node 0 ShmemPmdMapped:        0 kB
Node 0 FileHugePages:        0 kB
Node 0 FilePmdMapped:        0 kB
Node 0 HugePages_Total:     0
Node 0 HugePages_Free:      0
Node 0 HugePages_Surp:      0

Node 1 MemTotal:       24661580 kB
Node 1 MemFree:        23939176 kB
Node 1 MemUsed:          722404 kB
Node 1 Active:            56368 kB
Node 1 Inactive:          49672 kB
Node 1 Active(anon):      16596 kB
Node 1 Inactive(anon):      648 kB
Node 1 Active(file):      39772 kB
Node 1 Inactive(file):    49024 kB
Node 1 Unevictable:       13332 kB
Node 1 Mlocked:           13332 kB
Node 1 Dirty:                32 kB
Node 1 Writeback:             0 kB
Node 1 FilePages:         92644 kB
Node 1 Mapped:            11656 kB
Node 1 AnonPages:         26700 kB
Node 1 Shmem:               844 kB
Node 1 KernelStack:        2824 kB
Node 1 PageTables:          584 kB
Node 1 NFS_Unstable:          0 kB
Node 1 Bounce:                0 kB
Node 1 WritebackTmp:          0 kB
Node 1 KReclaimable:      20392 kB
Node 1 Slab:              53640 kB
Node 1 SReclaimable:      20392 kB
Node 1 SUnreclaim:        33248 kB
Node 1 AnonHugePages:         0 kB
Node 1 ShmemHugePages:        0 kB
Node 1 ShmemPmdMapped:        0 kB
Node 1 FileHugePages:        0 kB
Node 1 FilePmdMapped:        0 kB
Node 1 HugePages_Total:     0
Node 1 HugePages_Free:      0
Node 1 HugePages_Surp:      0

U.1.fio.2G.2.O Complete!
