U.1.fio.16G.3.O
Begin
Node 0 MemTotal:       24743736 kB
Node 0 MemFree:        24507616 kB
Node 0 MemUsed:          236120 kB
Node 0 Active:            52412 kB
Node 0 Inactive:          31432 kB
Node 0 Active(anon):       9428 kB
Node 0 Inactive(anon):      452 kB
Node 0 Active(file):      42984 kB
Node 0 Inactive(file):    30980 kB
Node 0 Unevictable:        5288 kB
Node 0 Mlocked:            5288 kB
Node 0 Dirty:               316 kB
Node 0 Writeback:             0 kB
Node 0 FilePages:         79892 kB
Node 0 Mapped:            22172 kB
Node 0 AnonPages:          9256 kB
Node 0 Shmem:               628 kB
Node 0 KernelStack:        2152 kB
Node 0 PageTables:          468 kB
Node 0 NFS_Unstable:          0 kB
Node 0 Bounce:                0 kB
Node 0 WritebackTmp:          0 kB
Node 0 KReclaimable:      20360 kB
Node 0 Slab:              58120 kB
Node 0 SReclaimable:      20360 kB
Node 0 SUnreclaim:        37760 kB
Node 0 AnonHugePages:         0 kB
Node 0 ShmemHugePages:        0 kB
Node 0 ShmemPmdMapped:        0 kB
Node 0 FileHugePages:        0 kB
Node 0 FilePmdMapped:        0 kB
Node 0 HugePages_Total:     0
Node 0 HugePages_Free:      0
Node 0 HugePages_Surp:      0

Node 1 MemTotal:       24686196 kB
Node 1 MemFree:        24303852 kB
Node 1 MemUsed:          382344 kB
Node 1 Active:            42608 kB
Node 1 Inactive:          65624 kB
Node 1 Active(anon):      24128 kB
Node 1 Inactive(anon):      432 kB
Node 1 Active(file):      18480 kB
Node 1 Inactive(file):    65192 kB
Node 1 Unevictable:       13236 kB
Node 1 Mlocked:           13236 kB
Node 1 Dirty:               212 kB
Node 1 Writeback:             0 kB
Node 1 FilePages:         87256 kB
Node 1 Mapped:            32976 kB
Node 1 AnonPages:         34316 kB
Node 1 Shmem:               640 kB
Node 1 KernelStack:        1464 kB
Node 1 PageTables:          612 kB
Node 1 NFS_Unstable:          0 kB
Node 1 Bounce:                0 kB
Node 1 WritebackTmp:          0 kB
Node 1 KReclaimable:      20964 kB
Node 1 Slab:              48048 kB
Node 1 SReclaimable:      20964 kB
Node 1 SUnreclaim:        27084 kB
Node 1 AnonHugePages:         0 kB
Node 1 ShmemHugePages:        0 kB
Node 1 ShmemPmdMapped:        0 kB
Node 1 FileHugePages:        0 kB
Node 1 FilePmdMapped:        0 kB
Node 1 HugePages_Total:     0
Node 1 HugePages_Free:      0
Node 1 HugePages_Surp:      0

Load ZFS
Node 0 MemTotal:       24743736 kB
Node 0 MemFree:        24503116 kB
Node 0 MemUsed:          240620 kB
Node 0 Active:            56460 kB
Node 0 Inactive:          32016 kB
Node 0 Active(anon):      12616 kB
Node 0 Inactive(anon):      452 kB
Node 0 Active(file):      43844 kB
Node 0 Inactive(file):    31564 kB
Node 0 Unevictable:        5288 kB
Node 0 Mlocked:            5288 kB
Node 0 Dirty:               316 kB
Node 0 Writeback:             0 kB
Node 0 FilePages:         81320 kB
Node 0 Mapped:            22192 kB
Node 0 AnonPages:         12544 kB
Node 0 Shmem:               628 kB
Node 0 KernelStack:        2072 kB
Node 0 PageTables:          668 kB
Node 0 NFS_Unstable:          0 kB
Node 0 Bounce:                0 kB
Node 0 WritebackTmp:          0 kB
Node 0 KReclaimable:      20860 kB
Node 0 Slab:              59976 kB
Node 0 SReclaimable:      20860 kB
Node 0 SUnreclaim:        39116 kB
Node 0 AnonHugePages:         0 kB
Node 0 ShmemHugePages:        0 kB
Node 0 ShmemPmdMapped:        0 kB
Node 0 FileHugePages:        0 kB
Node 0 FilePmdMapped:        0 kB
Node 0 HugePages_Total:     0
Node 0 HugePages_Free:      0
Node 0 HugePages_Surp:      0

Node 1 MemTotal:       24686196 kB
Node 1 MemFree:        24297236 kB
Node 1 MemUsed:          388960 kB
Node 1 Active:            50872 kB
Node 1 Inactive:          61128 kB
Node 1 Active(anon):      26640 kB
Node 1 Inactive(anon):      432 kB
Node 1 Active(file):      24232 kB
Node 1 Inactive(file):    60696 kB
Node 1 Unevictable:       13236 kB
Node 1 Mlocked:           13236 kB
Node 1 Dirty:               248 kB
Node 1 Writeback:             0 kB
Node 1 FilePages:         88476 kB
Node 1 Mapped:            33136 kB
Node 1 AnonPages:         36696 kB
Node 1 Shmem:               640 kB
Node 1 KernelStack:        1672 kB
Node 1 PageTables:          800 kB
Node 1 NFS_Unstable:          0 kB
Node 1 Bounce:                0 kB
Node 1 WritebackTmp:          0 kB
Node 1 KReclaimable:      21404 kB
Node 1 Slab:              49624 kB
Node 1 SReclaimable:      21404 kB
Node 1 SUnreclaim:        28220 kB
Node 1 AnonHugePages:         0 kB
Node 1 ShmemHugePages:        0 kB
Node 1 ShmemPmdMapped:        0 kB
Node 1 FileHugePages:        0 kB
Node 1 FilePmdMapped:        0 kB
Node 1 HugePages_Total:     0
Node 1 HugePages_Free:      0
Node 1 HugePages_Surp:      0

Import tank ZPool
Node 0 MemTotal:       24743736 kB
Node 0 MemFree:        24504376 kB
Node 0 MemUsed:          239360 kB
Node 0 Active:            56568 kB
Node 0 Inactive:          32020 kB
Node 0 Active(anon):      12688 kB
Node 0 Inactive(anon):      452 kB
Node 0 Active(file):      43880 kB
Node 0 Inactive(file):    31568 kB
Node 0 Unevictable:        5288 kB
Node 0 Mlocked:            5288 kB
Node 0 Dirty:                92 kB
Node 0 Writeback:             0 kB
Node 0 FilePages:         81380 kB
Node 0 Mapped:            22368 kB
Node 0 AnonPages:         12584 kB
Node 0 Shmem:               624 kB
Node 0 KernelStack:        2072 kB
Node 0 PageTables:          668 kB
Node 0 NFS_Unstable:          0 kB
Node 0 Bounce:                0 kB
Node 0 WritebackTmp:          0 kB
Node 0 KReclaimable:      20860 kB
Node 0 Slab:              59972 kB
Node 0 SReclaimable:      20860 kB
Node 0 SUnreclaim:        39112 kB
Node 0 AnonHugePages:         0 kB
Node 0 ShmemHugePages:        0 kB
Node 0 ShmemPmdMapped:        0 kB
Node 0 FileHugePages:        0 kB
Node 0 FilePmdMapped:        0 kB
Node 0 HugePages_Total:     0
Node 0 HugePages_Free:      0
Node 0 HugePages_Surp:      0

Node 1 MemTotal:       24686196 kB
Node 1 MemFree:        24278480 kB
Node 1 MemUsed:          407716 kB
Node 1 Active:            51476 kB
Node 1 Inactive:          61912 kB
Node 1 Active(anon):      26576 kB
Node 1 Inactive(anon):      436 kB
Node 1 Active(file):      24900 kB
Node 1 Inactive(file):    61476 kB
Node 1 Unevictable:       13236 kB
Node 1 Mlocked:           13236 kB
Node 1 Dirty:               292 kB
Node 1 Writeback:             0 kB
Node 1 FilePages:         89932 kB
Node 1 Mapped:            33188 kB
Node 1 AnonPages:         36740 kB
Node 1 Shmem:               644 kB
Node 1 KernelStack:        2808 kB
Node 1 PageTables:          824 kB
Node 1 NFS_Unstable:          0 kB
Node 1 Bounce:                0 kB
Node 1 WritebackTmp:          0 kB
Node 1 KReclaimable:      21528 kB
Node 1 Slab:              56464 kB
Node 1 SReclaimable:      21528 kB
Node 1 SUnreclaim:        34936 kB
Node 1 AnonHugePages:         0 kB
Node 1 ShmemHugePages:        0 kB
Node 1 ShmemPmdMapped:        0 kB
Node 1 FileHugePages:        0 kB
Node 1 FilePmdMapped:        0 kB
Node 1 HugePages_Total:     0
Node 1 HugePages_Free:      0
Node 1 HugePages_Surp:      0

After Opposite Node
Node 0 MemTotal:       24743736 kB
Node 0 MemFree:         7545264 kB
Node 0 MemUsed:        17198472 kB
Node 0 Active:            54932 kB
Node 0 Inactive:          33184 kB
Node 0 Active(anon):      10004 kB
Node 0 Inactive(anon):      492 kB
Node 0 Active(file):      44928 kB
Node 0 Inactive(file):    32692 kB
Node 0 Unevictable:        5288 kB
Node 0 Mlocked:            5288 kB
Node 0 Dirty:                36 kB
Node 0 Writeback:             0 kB
Node 0 FilePages:         83584 kB
Node 0 Mapped:            22456 kB
Node 0 AnonPages:          9748 kB
Node 0 Shmem:               664 kB
Node 0 KernelStack:        1912 kB
Node 0 PageTables:          644 kB
Node 0 NFS_Unstable:          0 kB
Node 0 Bounce:                0 kB
Node 0 WritebackTmp:          0 kB
Node 0 KReclaimable:      22288 kB
Node 0 Slab:             119968 kB
Node 0 SReclaimable:      22288 kB
Node 0 SUnreclaim:        97680 kB
Node 0 AnonHugePages:         0 kB
Node 0 ShmemHugePages:        0 kB
Node 0 ShmemPmdMapped:        0 kB
Node 0 FileHugePages:        0 kB
Node 0 FilePmdMapped:        0 kB
Node 0 HugePages_Total:     0
Node 0 HugePages_Free:      0
Node 0 HugePages_Surp:      0

Node 1 MemTotal:       24686196 kB
Node 1 MemFree:        23580920 kB
Node 1 MemUsed:         1105276 kB
Node 1 Active:            48024 kB
Node 1 Inactive:          61956 kB
Node 1 Active(anon):      22924 kB
Node 1 Inactive(anon):      440 kB
Node 1 Active(file):      25100 kB
Node 1 Inactive(file):    61516 kB
Node 1 Unevictable:       13236 kB
Node 1 Mlocked:           13236 kB
Node 1 Dirty:                16 kB
Node 1 Writeback:             0 kB
Node 1 FilePages:         90172 kB
Node 1 Mapped:            32976 kB
Node 1 AnonPages:         33044 kB
Node 1 Shmem:               648 kB
Node 1 KernelStack:        2584 kB
Node 1 PageTables:          572 kB
Node 1 NFS_Unstable:          0 kB
Node 1 Bounce:                0 kB
Node 1 WritebackTmp:          0 kB
Node 1 KReclaimable:      21604 kB
Node 1 Slab:              59224 kB
Node 1 SReclaimable:      21604 kB
Node 1 SUnreclaim:        37620 kB
Node 1 AnonHugePages:         0 kB
Node 1 ShmemHugePages:        0 kB
Node 1 ShmemPmdMapped:        0 kB
Node 1 FileHugePages:        0 kB
Node 1 FilePmdMapped:        0 kB
Node 1 HugePages_Total:     0
Node 1 HugePages_Free:      0
Node 1 HugePages_Surp:      0

After Test
Node 0 MemTotal:       24743736 kB
Node 0 MemFree:         7548480 kB
Node 0 MemUsed:        17195256 kB
Node 0 Active:            54964 kB
Node 0 Inactive:          32944 kB
Node 0 Active(anon):       9784 kB
Node 0 Inactive(anon):      448 kB
Node 0 Active(file):      45180 kB
Node 0 Inactive(file):    32496 kB
Node 0 Unevictable:        5288 kB
Node 0 Mlocked:            5288 kB
Node 0 Dirty:                20 kB
Node 0 Writeback:             0 kB
Node 0 FilePages:         83592 kB
Node 0 Mapped:            22384 kB
Node 0 AnonPages:          9612 kB
Node 0 Shmem:               620 kB
Node 0 KernelStack:        1976 kB
Node 0 PageTables:          468 kB
Node 0 NFS_Unstable:          0 kB
Node 0 Bounce:                0 kB
Node 0 WritebackTmp:          0 kB
Node 0 KReclaimable:      22288 kB
Node 0 Slab:             118832 kB
Node 0 SReclaimable:      22288 kB
Node 0 SUnreclaim:        96544 kB
Node 0 AnonHugePages:         0 kB
Node 0 ShmemHugePages:        0 kB
Node 0 ShmemPmdMapped:        0 kB
Node 0 FileHugePages:        0 kB
Node 0 FilePmdMapped:        0 kB
Node 0 HugePages_Total:     0
Node 0 HugePages_Free:      0
Node 0 HugePages_Surp:      0

Node 1 MemTotal:       24686196 kB
Node 1 MemFree:        23577808 kB
Node 1 MemUsed:         1108388 kB
Node 1 Active:            48220 kB
Node 1 Inactive:          61972 kB
Node 1 Active(anon):      23084 kB
Node 1 Inactive(anon):      464 kB
Node 1 Active(file):      25136 kB
Node 1 Inactive(file):    61508 kB
Node 1 Unevictable:       13236 kB
Node 1 Mlocked:           13236 kB
Node 1 Dirty:                 8 kB
Node 1 Writeback:             0 kB
Node 1 FilePages:         90244 kB
Node 1 Mapped:            33020 kB
Node 1 AnonPages:         33104 kB
Node 1 Shmem:               692 kB
Node 1 KernelStack:        2600 kB
Node 1 PageTables:          684 kB
Node 1 NFS_Unstable:          0 kB
Node 1 Bounce:                0 kB
Node 1 WritebackTmp:          0 kB
Node 1 KReclaimable:      21676 kB
Node 1 Slab:              61468 kB
Node 1 SReclaimable:      21676 kB
Node 1 SUnreclaim:        39792 kB
Node 1 AnonHugePages:         0 kB
Node 1 ShmemHugePages:        0 kB
Node 1 ShmemPmdMapped:        0 kB
Node 1 FileHugePages:        0 kB
Node 1 FilePmdMapped:        0 kB
Node 1 HugePages_Total:     0
Node 1 HugePages_Free:      0
Node 1 HugePages_Surp:      0

U.1.fio.16G.3.O Complete!
