U.1.doublefio.4G.2.O
Begin
Node 0 MemTotal:       24768352 kB
Node 0 MemFree:        24484292 kB
Node 0 MemUsed:          284060 kB
Node 0 Active:            57900 kB
Node 0 Inactive:          64396 kB
Node 0 Active(anon):      20904 kB
Node 0 Inactive(anon):      452 kB
Node 0 Active(file):      36996 kB
Node 0 Inactive(file):    63944 kB
Node 0 Unevictable:       12660 kB
Node 0 Mlocked:           12660 kB
Node 0 Dirty:               192 kB
Node 0 Writeback:             0 kB
Node 0 FilePages:        103932 kB
Node 0 Mapped:            29024 kB
Node 0 AnonPages:         31172 kB
Node 0 Shmem:               664 kB
Node 0 KernelStack:        2200 kB
Node 0 PageTables:          596 kB
Node 0 NFS_Unstable:          0 kB
Node 0 Bounce:                0 kB
Node 0 WritebackTmp:          0 kB
Node 0 KReclaimable:      24340 kB
Node 0 Slab:              66436 kB
Node 0 SReclaimable:      24340 kB
Node 0 SUnreclaim:        42096 kB
Node 0 AnonHugePages:         0 kB
Node 0 ShmemHugePages:        0 kB
Node 0 ShmemPmdMapped:        0 kB
Node 0 FileHugePages:        0 kB
Node 0 FilePmdMapped:        0 kB
Node 0 HugePages_Total:     0
Node 0 HugePages_Free:      0
Node 0 HugePages_Surp:      0

Node 1 MemTotal:       24661580 kB
Node 1 MemFree:        24330204 kB
Node 1 MemUsed:          331376 kB
Node 1 Active:            36968 kB
Node 1 Inactive:          29636 kB
Node 1 Active(anon):      13112 kB
Node 1 Inactive(anon):      424 kB
Node 1 Active(file):      23856 kB
Node 1 Inactive(file):    29212 kB
Node 1 Unevictable:        5864 kB
Node 1 Mlocked:            5864 kB
Node 1 Dirty:               308 kB
Node 1 Writeback:             0 kB
Node 1 FilePages:         59704 kB
Node 1 Mapped:            19216 kB
Node 1 AnonPages:         12932 kB
Node 1 Shmem:               604 kB
Node 1 KernelStack:        1432 kB
Node 1 PageTables:          516 kB
Node 1 NFS_Unstable:          0 kB
Node 1 Bounce:                0 kB
Node 1 WritebackTmp:          0 kB
Node 1 KReclaimable:      17012 kB
Node 1 Slab:              38520 kB
Node 1 SReclaimable:      17012 kB
Node 1 SUnreclaim:        21508 kB
Node 1 AnonHugePages:         0 kB
Node 1 ShmemHugePages:        0 kB
Node 1 ShmemPmdMapped:        0 kB
Node 1 FileHugePages:        0 kB
Node 1 FilePmdMapped:        0 kB
Node 1 HugePages_Total:     0
Node 1 HugePages_Free:      0
Node 1 HugePages_Surp:      0

Load ZFS
Node 0 MemTotal:       24768352 kB
Node 0 MemFree:        24475188 kB
Node 0 MemUsed:          293164 kB
Node 0 Active:            65764 kB
Node 0 Inactive:          64588 kB
Node 0 Active(anon):      28192 kB
Node 0 Inactive(anon):      456 kB
Node 0 Active(file):      37572 kB
Node 0 Inactive(file):    64132 kB
Node 0 Unevictable:       12660 kB
Node 0 Mlocked:           12660 kB
Node 0 Dirty:               216 kB
Node 0 Writeback:             0 kB
Node 0 FilePages:        104696 kB
Node 0 Mapped:            29196 kB
Node 0 AnonPages:         38412 kB
Node 0 Shmem:               664 kB
Node 0 KernelStack:        2328 kB
Node 0 PageTables:         1076 kB
Node 0 NFS_Unstable:          0 kB
Node 0 Bounce:                0 kB
Node 0 WritebackTmp:          0 kB
Node 0 KReclaimable:      24816 kB
Node 0 Slab:              68032 kB
Node 0 SReclaimable:      24816 kB
Node 0 SUnreclaim:        43216 kB
Node 0 AnonHugePages:         0 kB
Node 0 ShmemHugePages:        0 kB
Node 0 ShmemPmdMapped:        0 kB
Node 0 FileHugePages:        0 kB
Node 0 FilePmdMapped:        0 kB
Node 0 HugePages_Total:     0
Node 0 HugePages_Free:      0
Node 0 HugePages_Surp:      0

Node 1 MemTotal:       24661580 kB
Node 1 MemFree:        24327584 kB
Node 1 MemUsed:          333996 kB
Node 1 Active:            43212 kB
Node 1 Inactive:          25340 kB
Node 1 Active(anon):      13140 kB
Node 1 Inactive(anon):      424 kB
Node 1 Active(file):      30072 kB
Node 1 Inactive(file):    24916 kB
Node 1 Unevictable:        5864 kB
Node 1 Mlocked:            5864 kB
Node 1 Dirty:               312 kB
Node 1 Writeback:             0 kB
Node 1 FilePages:         61456 kB
Node 1 Mapped:            19180 kB
Node 1 AnonPages:         12824 kB
Node 1 Shmem:               604 kB
Node 1 KernelStack:        1480 kB
Node 1 PageTables:          564 kB
Node 1 NFS_Unstable:          0 kB
Node 1 Bounce:                0 kB
Node 1 WritebackTmp:          0 kB
Node 1 KReclaimable:      17576 kB
Node 1 Slab:              40604 kB
Node 1 SReclaimable:      17576 kB
Node 1 SUnreclaim:        23028 kB
Node 1 AnonHugePages:         0 kB
Node 1 ShmemHugePages:        0 kB
Node 1 ShmemPmdMapped:        0 kB
Node 1 FileHugePages:        0 kB
Node 1 FilePmdMapped:        0 kB
Node 1 HugePages_Total:     0
Node 1 HugePages_Free:      0
Node 1 HugePages_Surp:      0

Import tank ZPool
Node 0 MemTotal:       24768352 kB
Node 0 MemFree:        24477080 kB
Node 0 MemUsed:          291272 kB
Node 0 Active:            57644 kB
Node 0 Inactive:          64588 kB
Node 0 Active(anon):      20072 kB
Node 0 Inactive(anon):      456 kB
Node 0 Active(file):      37572 kB
Node 0 Inactive(file):    64132 kB
Node 0 Unevictable:       12660 kB
Node 0 Mlocked:           12660 kB
Node 0 Dirty:               236 kB
Node 0 Writeback:             0 kB
Node 0 FilePages:        104692 kB
Node 0 Mapped:            29080 kB
Node 0 AnonPages:         30196 kB
Node 0 Shmem:               660 kB
Node 0 KernelStack:        2104 kB
Node 0 PageTables:          516 kB
Node 0 NFS_Unstable:          0 kB
Node 0 Bounce:                0 kB
Node 0 WritebackTmp:          0 kB
Node 0 KReclaimable:      24816 kB
Node 0 Slab:              69000 kB
Node 0 SReclaimable:      24816 kB
Node 0 SUnreclaim:        44184 kB
Node 0 AnonHugePages:         0 kB
Node 0 ShmemHugePages:        0 kB
Node 0 ShmemPmdMapped:        0 kB
Node 0 FileHugePages:        0 kB
Node 0 FilePmdMapped:        0 kB
Node 0 HugePages_Total:     0
Node 0 HugePages_Free:      0
Node 0 HugePages_Surp:      0

Node 1 MemTotal:       24661580 kB
Node 1 MemFree:        24308384 kB
Node 1 MemUsed:          353196 kB
Node 1 Active:            44148 kB
Node 1 Inactive:          26536 kB
Node 1 Active(anon):      13688 kB
Node 1 Inactive(anon):      428 kB
Node 1 Active(file):      30460 kB
Node 1 Inactive(file):    26108 kB
Node 1 Unevictable:        5864 kB
Node 1 Mlocked:            5864 kB
Node 1 Dirty:               100 kB
Node 1 Writeback:             0 kB
Node 1 FilePages:         63060 kB
Node 1 Mapped:            19376 kB
Node 1 AnonPages:         13620 kB
Node 1 Shmem:               608 kB
Node 1 KernelStack:        2632 kB
Node 1 PageTables:          648 kB
Node 1 NFS_Unstable:          0 kB
Node 1 Bounce:                0 kB
Node 1 WritebackTmp:          0 kB
Node 1 KReclaimable:      17716 kB
Node 1 Slab:              47884 kB
Node 1 SReclaimable:      17716 kB
Node 1 SUnreclaim:        30168 kB
Node 1 AnonHugePages:         0 kB
Node 1 ShmemHugePages:        0 kB
Node 1 ShmemPmdMapped:        0 kB
Node 1 FileHugePages:        0 kB
Node 1 FilePmdMapped:        0 kB
Node 1 HugePages_Total:     0
Node 1 HugePages_Free:      0
Node 1 HugePages_Surp:      0

After Test
Node 0 MemTotal:       24768352 kB
Node 0 MemFree:        23951172 kB
Node 0 MemUsed:          817180 kB
Node 0 Active:            57600 kB
Node 0 Inactive:          64548 kB
Node 0 Active(anon):      19988 kB
Node 0 Inactive(anon):      456 kB
Node 0 Active(file):      37612 kB
Node 0 Inactive(file):    64092 kB
Node 0 Unevictable:       12660 kB
Node 0 Mlocked:           12660 kB
Node 0 Dirty:                 8 kB
Node 0 Writeback:             0 kB
Node 0 FilePages:        104692 kB
Node 0 Mapped:            29032 kB
Node 0 AnonPages:         30112 kB
Node 0 Shmem:               660 kB
Node 0 KernelStack:        2040 kB
Node 0 PageTables:          516 kB
Node 0 NFS_Unstable:          0 kB
Node 0 Bounce:                0 kB
Node 0 WritebackTmp:          0 kB
Node 0 KReclaimable:      24848 kB
Node 0 Slab:              71164 kB
Node 0 SReclaimable:      24848 kB
Node 0 SUnreclaim:        46316 kB
Node 0 AnonHugePages:         0 kB
Node 0 ShmemHugePages:        0 kB
Node 0 ShmemPmdMapped:        0 kB
Node 0 FileHugePages:        0 kB
Node 0 FilePmdMapped:        0 kB
Node 0 HugePages_Total:     0
Node 0 HugePages_Free:      0
Node 0 HugePages_Surp:      0

Node 1 MemTotal:       24661580 kB
Node 1 MemFree:        19796656 kB
Node 1 MemUsed:         4864924 kB
Node 1 Active:            44984 kB
Node 1 Inactive:          27440 kB
Node 1 Active(anon):      13364 kB
Node 1 Inactive(anon):      456 kB
Node 1 Active(file):      31620 kB
Node 1 Inactive(file):    26984 kB
Node 1 Unevictable:        5864 kB
Node 1 Mlocked:            5864 kB
Node 1 Dirty:                24 kB
Node 1 Writeback:             0 kB
Node 1 FilePages:         65120 kB
Node 1 Mapped:            19420 kB
Node 1 AnonPages:         13144 kB
Node 1 Shmem:               652 kB
Node 1 KernelStack:        2632 kB
Node 1 PageTables:          720 kB
Node 1 NFS_Unstable:          0 kB
Node 1 Bounce:                0 kB
Node 1 WritebackTmp:          0 kB
Node 1 KReclaimable:      19068 kB
Node 1 Slab:              66616 kB
Node 1 SReclaimable:      19068 kB
Node 1 SUnreclaim:        47548 kB
Node 1 AnonHugePages:         0 kB
Node 1 ShmemHugePages:        0 kB
Node 1 ShmemPmdMapped:        0 kB
Node 1 FileHugePages:        0 kB
Node 1 FilePmdMapped:        0 kB
Node 1 HugePages_Total:     0
Node 1 HugePages_Free:      0
Node 1 HugePages_Surp:      0

After Opposite Node
Node 0 MemTotal:       24768352 kB
Node 0 MemFree:        23950704 kB
Node 0 MemUsed:          817648 kB
Node 0 Active:            57760 kB
Node 0 Inactive:          64584 kB
Node 0 Active(anon):      20144 kB
Node 0 Inactive(anon):      484 kB
Node 0 Active(file):      37616 kB
Node 0 Inactive(file):    64100 kB
Node 0 Unevictable:       12660 kB
Node 0 Mlocked:           12660 kB
Node 0 Dirty:                32 kB
Node 0 Writeback:             0 kB
Node 0 FilePages:        104748 kB
Node 0 Mapped:            29076 kB
Node 0 AnonPages:         30160 kB
Node 0 Shmem:               704 kB
Node 0 KernelStack:        2072 kB
Node 0 PageTables:          640 kB
Node 0 NFS_Unstable:          0 kB
Node 0 Bounce:                0 kB
Node 0 WritebackTmp:          0 kB
Node 0 KReclaimable:      24888 kB
Node 0 Slab:              72496 kB
Node 0 SReclaimable:      24888 kB
Node 0 SUnreclaim:        47608 kB
Node 0 AnonHugePages:         0 kB
Node 0 ShmemHugePages:        0 kB
Node 0 ShmemPmdMapped:        0 kB
Node 0 FileHugePages:        0 kB
Node 0 FilePmdMapped:        0 kB
Node 0 HugePages_Total:     0
Node 0 HugePages_Free:      0
Node 0 HugePages_Surp:      0

Node 1 MemTotal:       24661580 kB
Node 1 MemFree:        19798492 kB
Node 1 MemUsed:         4863088 kB
Node 1 Active:            45028 kB
Node 1 Inactive:          27224 kB
Node 1 Active(anon):      13192 kB
Node 1 Inactive(anon):      428 kB
Node 1 Active(file):      31836 kB
Node 1 Inactive(file):    26796 kB
Node 1 Unevictable:        5864 kB
Node 1 Mlocked:            5864 kB
Node 1 Dirty:                56 kB
Node 1 Writeback:             0 kB
Node 1 FilePages:         65112 kB
Node 1 Mapped:            19408 kB
Node 1 AnonPages:         13012 kB
Node 1 Shmem:               608 kB
Node 1 KernelStack:        2584 kB
Node 1 PageTables:          532 kB
Node 1 NFS_Unstable:          0 kB
Node 1 Bounce:                0 kB
Node 1 WritebackTmp:          0 kB
Node 1 KReclaimable:      19072 kB
Node 1 Slab:              66600 kB
Node 1 SReclaimable:      19072 kB
Node 1 SUnreclaim:        47528 kB
Node 1 AnonHugePages:         0 kB
Node 1 ShmemHugePages:        0 kB
Node 1 ShmemPmdMapped:        0 kB
Node 1 FileHugePages:        0 kB
Node 1 FilePmdMapped:        0 kB
Node 1 HugePages_Total:     0
Node 1 HugePages_Free:      0
Node 1 HugePages_Surp:      0

U.1.doublefio.4G.2.O Complete!
