U.1.doublefio.250M.1.O
Begin
Node 0 MemTotal:       24743736 kB
Node 0 MemFree:        24450604 kB
Node 0 MemUsed:          293132 kB
Node 0 Active:            71224 kB
Node 0 Inactive:          63584 kB
Node 0 Active(anon):      26580 kB
Node 0 Inactive(anon):      564 kB
Node 0 Active(file):      44644 kB
Node 0 Inactive(file):    63020 kB
Node 0 Unevictable:        5760 kB
Node 0 Mlocked:            5760 kB
Node 0 Dirty:               136 kB
Node 0 Writeback:             0 kB
Node 0 FilePages:        114372 kB
Node 0 Mapped:            25320 kB
Node 0 AnonPages:         26412 kB
Node 0 Shmem:               792 kB
Node 0 KernelStack:        2392 kB
Node 0 PageTables:          608 kB
Node 0 NFS_Unstable:          0 kB
Node 0 Bounce:                0 kB
Node 0 WritebackTmp:          0 kB
Node 0 KReclaimable:      20916 kB
Node 0 Slab:              64200 kB
Node 0 SReclaimable:      20916 kB
Node 0 SUnreclaim:        43284 kB
Node 0 AnonHugePages:         0 kB
Node 0 ShmemHugePages:        0 kB
Node 0 ShmemPmdMapped:        0 kB
Node 0 FileHugePages:        0 kB
Node 0 FilePmdMapped:        0 kB
Node 0 HugePages_Total:     0
Node 0 HugePages_Free:      0
Node 0 HugePages_Surp:      0

Node 1 MemTotal:       24686196 kB
Node 1 MemFree:        24364952 kB
Node 1 MemUsed:          321244 kB
Node 1 Active:            24684 kB
Node 1 Inactive:          29260 kB
Node 1 Active(anon):       8024 kB
Node 1 Inactive(anon):      300 kB
Node 1 Active(file):      16660 kB
Node 1 Inactive(file):    28960 kB
Node 1 Unevictable:       12760 kB
Node 1 Mlocked:           12760 kB
Node 1 Dirty:               304 kB
Node 1 Writeback:             0 kB
Node 1 FilePages:         48532 kB
Node 1 Mapped:            22260 kB
Node 1 AnonPages:         18248 kB
Node 1 Shmem:               476 kB
Node 1 KernelStack:        1240 kB
Node 1 PageTables:          500 kB
Node 1 NFS_Unstable:          0 kB
Node 1 Bounce:                0 kB
Node 1 WritebackTmp:          0 kB
Node 1 KReclaimable:      20708 kB
Node 1 Slab:              43336 kB
Node 1 SReclaimable:      20708 kB
Node 1 SUnreclaim:        22628 kB
Node 1 AnonHugePages:         0 kB
Node 1 ShmemHugePages:        0 kB
Node 1 ShmemPmdMapped:        0 kB
Node 1 FileHugePages:        0 kB
Node 1 FilePmdMapped:        0 kB
Node 1 HugePages_Total:     0
Node 1 HugePages_Free:      0
Node 1 HugePages_Surp:      0

Load ZFS
Node 0 MemTotal:       24743736 kB
Node 0 MemFree:        24315308 kB
Node 0 MemUsed:          428428 kB
Node 0 Active:            77732 kB
Node 0 Inactive:          59288 kB
Node 0 Active(anon):      27112 kB
Node 0 Inactive(anon):      564 kB
Node 0 Active(file):      50620 kB
Node 0 Inactive(file):    58724 kB
Node 0 Unevictable:        5760 kB
Node 0 Mlocked:            5760 kB
Node 0 Dirty:               140 kB
Node 0 Writeback:             0 kB
Node 0 FilePages:        115892 kB
Node 0 Mapped:            25380 kB
Node 0 AnonPages:         26784 kB
Node 0 Shmem:               792 kB
Node 0 KernelStack:        2408 kB
Node 0 PageTables:          660 kB
Node 0 NFS_Unstable:          0 kB
Node 0 Bounce:                0 kB
Node 0 WritebackTmp:          0 kB
Node 0 KReclaimable:      21420 kB
Node 0 Slab:              66068 kB
Node 0 SReclaimable:      21420 kB
Node 0 SUnreclaim:        44648 kB
Node 0 AnonHugePages:         0 kB
Node 0 ShmemHugePages:        0 kB
Node 0 ShmemPmdMapped:        0 kB
Node 0 FileHugePages:        0 kB
Node 0 FilePmdMapped:        0 kB
Node 0 HugePages_Total:     0
Node 0 HugePages_Free:      0
Node 0 HugePages_Surp:      0

Node 1 MemTotal:       24686196 kB
Node 1 MemFree:        24487072 kB
Node 1 MemUsed:          199124 kB
Node 1 Active:            29772 kB
Node 1 Inactive:          29716 kB
Node 1 Active(anon):      12580 kB
Node 1 Inactive(anon):      300 kB
Node 1 Active(file):      17192 kB
Node 1 Inactive(file):    29416 kB
Node 1 Unevictable:       12760 kB
Node 1 Mlocked:           12760 kB
Node 1 Dirty:               360 kB
Node 1 Writeback:             0 kB
Node 1 FilePages:         49520 kB
Node 1 Mapped:            22428 kB
Node 1 AnonPages:         22840 kB
Node 1 Shmem:               476 kB
Node 1 KernelStack:        1320 kB
Node 1 PageTables:          752 kB
Node 1 NFS_Unstable:          0 kB
Node 1 Bounce:                0 kB
Node 1 WritebackTmp:          0 kB
Node 1 KReclaimable:      21212 kB
Node 1 Slab:              45304 kB
Node 1 SReclaimable:      21212 kB
Node 1 SUnreclaim:        24092 kB
Node 1 AnonHugePages:         0 kB
Node 1 ShmemHugePages:        0 kB
Node 1 ShmemPmdMapped:        0 kB
Node 1 FileHugePages:        0 kB
Node 1 FilePmdMapped:        0 kB
Node 1 HugePages_Total:     0
Node 1 HugePages_Free:      0
Node 1 HugePages_Surp:      0

Import tank ZPool
Node 0 MemTotal:       24743736 kB
Node 0 MemFree:        24301828 kB
Node 0 MemUsed:          441908 kB
Node 0 Active:            76704 kB
Node 0 Inactive:          59184 kB
Node 0 Active(anon):      25940 kB
Node 0 Inactive(anon):      564 kB
Node 0 Active(file):      50764 kB
Node 0 Inactive(file):    58620 kB
Node 0 Unevictable:        5760 kB
Node 0 Mlocked:            5760 kB
Node 0 Dirty:               156 kB
Node 0 Writeback:             0 kB
Node 0 FilePages:        115928 kB
Node 0 Mapped:            25572 kB
Node 0 AnonPages:         25864 kB
Node 0 Shmem:               788 kB
Node 0 KernelStack:        3448 kB
Node 0 PageTables:          632 kB
Node 0 NFS_Unstable:          0 kB
Node 0 Bounce:                0 kB
Node 0 WritebackTmp:          0 kB
Node 0 KReclaimable:      21436 kB
Node 0 Slab:              68680 kB
Node 0 SReclaimable:      21436 kB
Node 0 SUnreclaim:        47244 kB
Node 0 AnonHugePages:         0 kB
Node 0 ShmemHugePages:        0 kB
Node 0 ShmemPmdMapped:        0 kB
Node 0 FileHugePages:        0 kB
Node 0 FilePmdMapped:        0 kB
Node 0 HugePages_Total:     0
Node 0 HugePages_Free:      0
Node 0 HugePages_Surp:      0

Node 1 MemTotal:       24686196 kB
Node 1 MemFree:        24483908 kB
Node 1 MemUsed:          202288 kB
Node 1 Active:            25568 kB
Node 1 Inactive:          30860 kB
Node 1 Active(anon):       7752 kB
Node 1 Inactive(anon):      304 kB
Node 1 Active(file):      17816 kB
Node 1 Inactive(file):    30556 kB
Node 1 Unevictable:       12760 kB
Node 1 Mlocked:           12760 kB
Node 1 Dirty:               156 kB
Node 1 Writeback:             0 kB
Node 1 FilePages:         50996 kB
Node 1 Mapped:            22480 kB
Node 1 AnonPages:         17716 kB
Node 1 Shmem:               480 kB
Node 1 KernelStack:        1320 kB
Node 1 PageTables:          668 kB
Node 1 NFS_Unstable:          0 kB
Node 1 Bounce:                0 kB
Node 1 WritebackTmp:          0 kB
Node 1 KReclaimable:      21312 kB
Node 1 Slab:              49656 kB
Node 1 SReclaimable:      21312 kB
Node 1 SUnreclaim:        28344 kB
Node 1 AnonHugePages:         0 kB
Node 1 ShmemHugePages:        0 kB
Node 1 ShmemPmdMapped:        0 kB
Node 1 FileHugePages:        0 kB
Node 1 FilePmdMapped:        0 kB
Node 1 HugePages_Total:     0
Node 1 HugePages_Free:      0
Node 1 HugePages_Surp:      0

After Test
Node 0 MemTotal:       24743736 kB
Node 0 MemFree:        24038772 kB
Node 0 MemUsed:          704964 kB
Node 0 Active:            76424 kB
Node 0 Inactive:          59144 kB
Node 0 Active(anon):      25620 kB
Node 0 Inactive(anon):      564 kB
Node 0 Active(file):      50804 kB
Node 0 Inactive(file):    58580 kB
Node 0 Unevictable:        5760 kB
Node 0 Mlocked:            5760 kB
Node 0 Dirty:                48 kB
Node 0 Writeback:             0 kB
Node 0 FilePages:        115928 kB
Node 0 Mapped:            25324 kB
Node 0 AnonPages:         25396 kB
Node 0 Shmem:               788 kB
Node 0 KernelStack:        3416 kB
Node 0 PageTables:          632 kB
Node 0 NFS_Unstable:          0 kB
Node 0 Bounce:                0 kB
Node 0 WritebackTmp:          0 kB
Node 0 KReclaimable:      21436 kB
Node 0 Slab:              69600 kB
Node 0 SReclaimable:      21436 kB
Node 0 SUnreclaim:        48164 kB
Node 0 AnonHugePages:         0 kB
Node 0 ShmemHugePages:        0 kB
Node 0 ShmemPmdMapped:        0 kB
Node 0 FileHugePages:        0 kB
Node 0 FilePmdMapped:        0 kB
Node 0 HugePages_Total:     0
Node 0 HugePages_Free:      0
Node 0 HugePages_Surp:      0

Node 1 MemTotal:       24686196 kB
Node 1 MemFree:        24215096 kB
Node 1 MemUsed:          471100 kB
Node 1 Active:            26592 kB
Node 1 Inactive:          31856 kB
Node 1 Active(anon):       7992 kB
Node 1 Inactive(anon):      332 kB
Node 1 Active(file):      18600 kB
Node 1 Inactive(file):    31524 kB
Node 1 Unevictable:       12760 kB
Node 1 Mlocked:           12760 kB
Node 1 Dirty:               164 kB
Node 1 Writeback:             0 kB
Node 1 FilePages:         53084 kB
Node 1 Mapped:            22556 kB
Node 1 AnonPages:         18076 kB
Node 1 Shmem:               524 kB
Node 1 KernelStack:        1336 kB
Node 1 PageTables:          596 kB
Node 1 NFS_Unstable:          0 kB
Node 1 Bounce:                0 kB
Node 1 WritebackTmp:          0 kB
Node 1 KReclaimable:      22596 kB
Node 1 Slab:              53328 kB
Node 1 SReclaimable:      22596 kB
Node 1 SUnreclaim:        30732 kB
Node 1 AnonHugePages:         0 kB
Node 1 ShmemHugePages:        0 kB
Node 1 ShmemPmdMapped:        0 kB
Node 1 FileHugePages:        0 kB
Node 1 FilePmdMapped:        0 kB
Node 1 HugePages_Total:     0
Node 1 HugePages_Free:      0
Node 1 HugePages_Surp:      0

After Opposite Node
Node 0 MemTotal:       24743736 kB
Node 0 MemFree:        24037492 kB
Node 0 MemUsed:          706244 kB
Node 0 Active:            76536 kB
Node 0 Inactive:          59176 kB
Node 0 Active(anon):      25728 kB
Node 0 Inactive(anon):      588 kB
Node 0 Active(file):      50808 kB
Node 0 Inactive(file):    58588 kB
Node 0 Unevictable:        5760 kB
Node 0 Mlocked:            5760 kB
Node 0 Dirty:                56 kB
Node 0 Writeback:             0 kB
Node 0 FilePages:        115984 kB
Node 0 Mapped:            25368 kB
Node 0 AnonPages:         25696 kB
Node 0 Shmem:               832 kB
Node 0 KernelStack:        3432 kB
Node 0 PageTables:          728 kB
Node 0 NFS_Unstable:          0 kB
Node 0 Bounce:                0 kB
Node 0 WritebackTmp:          0 kB
Node 0 KReclaimable:      21476 kB
Node 0 Slab:              69804 kB
Node 0 SReclaimable:      21476 kB
Node 0 SUnreclaim:        48328 kB
Node 0 AnonHugePages:         0 kB
Node 0 ShmemHugePages:        0 kB
Node 0 ShmemPmdMapped:        0 kB
Node 0 FileHugePages:        0 kB
Node 0 FilePmdMapped:        0 kB
Node 0 HugePages_Total:     0
Node 0 HugePages_Free:      0
Node 0 HugePages_Surp:      0

Node 1 MemTotal:       24686196 kB
Node 1 MemFree:        24215332 kB
Node 1 MemUsed:          470864 kB
Node 1 Active:            26156 kB
Node 1 Inactive:          31652 kB
Node 1 Active(anon):       7360 kB
Node 1 Inactive(anon):      304 kB
Node 1 Active(file):      18796 kB
Node 1 Inactive(file):    31348 kB
Node 1 Unevictable:       12760 kB
Node 1 Mlocked:           12760 kB
Node 1 Dirty:               184 kB
Node 1 Writeback:             0 kB
Node 1 FilePages:         53060 kB
Node 1 Mapped:            22504 kB
Node 1 AnonPages:         17508 kB
Node 1 Shmem:               480 kB
Node 1 KernelStack:        1288 kB
Node 1 PageTables:          392 kB
Node 1 NFS_Unstable:          0 kB
Node 1 Bounce:                0 kB
Node 1 WritebackTmp:          0 kB
Node 1 KReclaimable:      22596 kB
Node 1 Slab:              53360 kB
Node 1 SReclaimable:      22596 kB
Node 1 SUnreclaim:        30764 kB
Node 1 AnonHugePages:         0 kB
Node 1 ShmemHugePages:        0 kB
Node 1 ShmemPmdMapped:        0 kB
Node 1 FileHugePages:        0 kB
Node 1 FilePmdMapped:        0 kB
Node 1 HugePages_Total:     0
Node 1 HugePages_Free:      0
Node 1 HugePages_Surp:      0

U.1.doublefio.250M.1.O Complete!
