U.1.doublefio.2G.2.O
Begin
Node 0 MemTotal:       24768352 kB
Node 0 MemFree:        24378712 kB
Node 0 MemUsed:          389640 kB
Node 0 Active:            57804 kB
Node 0 Inactive:          41572 kB
Node 0 Active(anon):      15984 kB
Node 0 Inactive(anon):      424 kB
Node 0 Active(file):      41820 kB
Node 0 Inactive(file):    41148 kB
Node 0 Unevictable:       17472 kB
Node 0 Mlocked:           17472 kB
Node 0 Dirty:               172 kB
Node 0 Writeback:             0 kB
Node 0 FilePages:         90720 kB
Node 0 Mapped:            34192 kB
Node 0 AnonPages:         26216 kB
Node 0 Shmem:               608 kB
Node 0 KernelStack:        2024 kB
Node 0 PageTables:          584 kB
Node 0 NFS_Unstable:          0 kB
Node 0 Bounce:                0 kB
Node 0 WritebackTmp:          0 kB
Node 0 KReclaimable:      24560 kB
Node 0 Slab:              57748 kB
Node 0 SReclaimable:      24560 kB
Node 0 SUnreclaim:        33188 kB
Node 0 AnonHugePages:         0 kB
Node 0 ShmemHugePages:        0 kB
Node 0 ShmemPmdMapped:        0 kB
Node 0 FileHugePages:        0 kB
Node 0 FilePmdMapped:        0 kB
Node 0 HugePages_Total:     0
Node 0 HugePages_Free:      0
Node 0 HugePages_Surp:      0

Node 1 MemTotal:       24661580 kB
Node 1 MemFree:        24438264 kB
Node 1 MemUsed:          223316 kB
Node 1 Active:            36528 kB
Node 1 Inactive:          53624 kB
Node 1 Active(anon):      17852 kB
Node 1 Inactive(anon):      452 kB
Node 1 Active(file):      18676 kB
Node 1 Inactive(file):    53172 kB
Node 1 Unevictable:        1048 kB
Node 1 Mlocked:            1048 kB
Node 1 Dirty:               352 kB
Node 1 Writeback:             0 kB
Node 1 FilePages:         73564 kB
Node 1 Mapped:            14208 kB
Node 1 AnonPages:         17656 kB
Node 1 Shmem:               660 kB
Node 1 KernelStack:        1640 kB
Node 1 PageTables:          476 kB
Node 1 NFS_Unstable:          0 kB
Node 1 Bounce:                0 kB
Node 1 WritebackTmp:          0 kB
Node 1 KReclaimable:      17228 kB
Node 1 Slab:              47848 kB
Node 1 SReclaimable:      17228 kB
Node 1 SUnreclaim:        30620 kB
Node 1 AnonHugePages:         0 kB
Node 1 ShmemHugePages:        0 kB
Node 1 ShmemPmdMapped:        0 kB
Node 1 FileHugePages:        0 kB
Node 1 FilePmdMapped:        0 kB
Node 1 HugePages_Total:     0
Node 1 HugePages_Free:      0
Node 1 HugePages_Surp:      0

Load ZFS
Node 0 MemTotal:       24768352 kB
Node 0 MemFree:        24506720 kB
Node 0 MemUsed:          261632 kB
Node 0 Active:            67580 kB
Node 0 Inactive:          36988 kB
Node 0 Active(anon):      20276 kB
Node 0 Inactive(anon):      424 kB
Node 0 Active(file):      47304 kB
Node 0 Inactive(file):    36564 kB
Node 0 Unevictable:       17472 kB
Node 0 Mlocked:           17472 kB
Node 0 Dirty:               196 kB
Node 0 Writeback:             0 kB
Node 0 FilePages:         91620 kB
Node 0 Mapped:            34384 kB
Node 0 AnonPages:         30544 kB
Node 0 Shmem:               608 kB
Node 0 KernelStack:        2072 kB
Node 0 PageTables:          904 kB
Node 0 NFS_Unstable:          0 kB
Node 0 Bounce:                0 kB
Node 0 WritebackTmp:          0 kB
Node 0 KReclaimable:      25012 kB
Node 0 Slab:              59220 kB
Node 0 SReclaimable:      25012 kB
Node 0 SUnreclaim:        34208 kB
Node 0 AnonHugePages:         0 kB
Node 0 ShmemHugePages:        0 kB
Node 0 ShmemPmdMapped:        0 kB
Node 0 FileHugePages:        0 kB
Node 0 FilePmdMapped:        0 kB
Node 0 HugePages_Total:     0
Node 0 HugePages_Free:      0
Node 0 HugePages_Surp:      0

Node 1 MemTotal:       24661580 kB
Node 1 MemFree:        24299184 kB
Node 1 MemUsed:          362396 kB
Node 1 Active:            37684 kB
Node 1 Inactive:          54216 kB
Node 1 Active(anon):      17964 kB
Node 1 Inactive(anon):      452 kB
Node 1 Active(file):      19720 kB
Node 1 Inactive(file):    53764 kB
Node 1 Unevictable:        1048 kB
Node 1 Mlocked:            1048 kB
Node 1 Dirty:               352 kB
Node 1 Writeback:             0 kB
Node 1 FilePages:         75192 kB
Node 1 Mapped:            14224 kB
Node 1 AnonPages:         17644 kB
Node 1 Shmem:               660 kB
Node 1 KernelStack:        1704 kB
Node 1 PageTables:          520 kB
Node 1 NFS_Unstable:          0 kB
Node 1 Bounce:                0 kB
Node 1 WritebackTmp:          0 kB
Node 1 KReclaimable:      17664 kB
Node 1 Slab:              49892 kB
Node 1 SReclaimable:      17664 kB
Node 1 SUnreclaim:        32228 kB
Node 1 AnonHugePages:         0 kB
Node 1 ShmemHugePages:        0 kB
Node 1 ShmemPmdMapped:        0 kB
Node 1 FileHugePages:        0 kB
Node 1 FilePmdMapped:        0 kB
Node 1 HugePages_Total:     0
Node 1 HugePages_Free:      0
Node 1 HugePages_Surp:      0

Import tank ZPool
Node 0 MemTotal:       24768352 kB
Node 0 MemFree:        24509836 kB
Node 0 MemUsed:          258516 kB
Node 0 Active:            63452 kB
Node 0 Inactive:          36944 kB
Node 0 Active(anon):      16056 kB
Node 0 Inactive(anon):      424 kB
Node 0 Active(file):      47396 kB
Node 0 Inactive(file):    36520 kB
Node 0 Unevictable:       17472 kB
Node 0 Mlocked:           17472 kB
Node 0 Dirty:               252 kB
Node 0 Writeback:             0 kB
Node 0 FilePages:         91680 kB
Node 0 Mapped:            34444 kB
Node 0 AnonPages:         25832 kB
Node 0 Shmem:               604 kB
Node 0 KernelStack:        2056 kB
Node 0 PageTables:          824 kB
Node 0 NFS_Unstable:          0 kB
Node 0 Bounce:                0 kB
Node 0 WritebackTmp:          0 kB
Node 0 KReclaimable:      25012 kB
Node 0 Slab:              59132 kB
Node 0 SReclaimable:      25012 kB
Node 0 SUnreclaim:        34120 kB
Node 0 AnonHugePages:         0 kB
Node 0 ShmemHugePages:        0 kB
Node 0 ShmemPmdMapped:        0 kB
Node 0 FileHugePages:        0 kB
Node 0 FilePmdMapped:        0 kB
Node 0 HugePages_Total:     0
Node 0 HugePages_Free:      0
Node 0 HugePages_Surp:      0

Node 1 MemTotal:       24661580 kB
Node 1 MemFree:        24277944 kB
Node 1 MemUsed:          383636 kB
Node 1 Active:            38392 kB
Node 1 Inactive:          55408 kB
Node 1 Active(anon):      18340 kB
Node 1 Inactive(anon):      456 kB
Node 1 Active(file):      20052 kB
Node 1 Inactive(file):    54952 kB
Node 1 Unevictable:        1048 kB
Node 1 Mlocked:            1048 kB
Node 1 Dirty:               104 kB
Node 1 Writeback:             0 kB
Node 1 FilePages:         76720 kB
Node 1 Mapped:            14472 kB
Node 1 AnonPages:         17920 kB
Node 1 Shmem:               664 kB
Node 1 KernelStack:        2888 kB
Node 1 PageTables:          556 kB
Node 1 NFS_Unstable:          0 kB
Node 1 Bounce:                0 kB
Node 1 WritebackTmp:          0 kB
Node 1 KReclaimable:      17784 kB
Node 1 Slab:              56824 kB
Node 1 SReclaimable:      17784 kB
Node 1 SUnreclaim:        39040 kB
Node 1 AnonHugePages:         0 kB
Node 1 ShmemHugePages:        0 kB
Node 1 ShmemPmdMapped:        0 kB
Node 1 FileHugePages:        0 kB
Node 1 FilePmdMapped:        0 kB
Node 1 HugePages_Total:     0
Node 1 HugePages_Free:      0
Node 1 HugePages_Surp:      0

After Test
Node 0 MemTotal:       24768352 kB
Node 0 MemFree:        24481904 kB
Node 0 MemUsed:          286448 kB
Node 0 Active:            62772 kB
Node 0 Inactive:          36944 kB
Node 0 Active(anon):      15336 kB
Node 0 Inactive(anon):      424 kB
Node 0 Active(file):      47436 kB
Node 0 Inactive(file):    36520 kB
Node 0 Unevictable:       17472 kB
Node 0 Mlocked:           17472 kB
Node 0 Dirty:                28 kB
Node 0 Writeback:             0 kB
Node 0 FilePages:         91704 kB
Node 0 Mapped:            34224 kB
Node 0 AnonPages:         25480 kB
Node 0 Shmem:               604 kB
Node 0 KernelStack:        1928 kB
Node 0 PageTables:          544 kB
Node 0 NFS_Unstable:          0 kB
Node 0 Bounce:                0 kB
Node 0 WritebackTmp:          0 kB
Node 0 KReclaimable:      25124 kB
Node 0 Slab:              59776 kB
Node 0 SReclaimable:      25124 kB
Node 0 SUnreclaim:        34652 kB
Node 0 AnonHugePages:         0 kB
Node 0 ShmemHugePages:        0 kB
Node 0 ShmemPmdMapped:        0 kB
Node 0 FileHugePages:        0 kB
Node 0 FilePmdMapped:        0 kB
Node 0 HugePages_Total:     0
Node 0 HugePages_Free:      0
Node 0 HugePages_Surp:      0

Node 1 MemTotal:       24661580 kB
Node 1 MemFree:        21367944 kB
Node 1 MemUsed:         3293636 kB
Node 1 Active:            39236 kB
Node 1 Inactive:          56288 kB
Node 1 Active(anon):      18064 kB
Node 1 Inactive(anon):      484 kB
Node 1 Active(file):      21172 kB
Node 1 Inactive(file):    55804 kB
Node 1 Unevictable:        1048 kB
Node 1 Mlocked:            1048 kB
Node 1 Dirty:                 8 kB
Node 1 Writeback:             0 kB
Node 1 FilePages:         78732 kB
Node 1 Mapped:            14496 kB
Node 1 AnonPages:         17812 kB
Node 1 Shmem:               708 kB
Node 1 KernelStack:        2760 kB
Node 1 PageTables:          668 kB
Node 1 NFS_Unstable:          0 kB
Node 1 Bounce:                0 kB
Node 1 WritebackTmp:          0 kB
Node 1 KReclaimable:      19092 kB
Node 1 Slab:              71468 kB
Node 1 SReclaimable:      19092 kB
Node 1 SUnreclaim:        52376 kB
Node 1 AnonHugePages:         0 kB
Node 1 ShmemHugePages:        0 kB
Node 1 ShmemPmdMapped:        0 kB
Node 1 FileHugePages:        0 kB
Node 1 FilePmdMapped:        0 kB
Node 1 HugePages_Total:     0
Node 1 HugePages_Free:      0
Node 1 HugePages_Surp:      0

After Opposite Node
Node 0 MemTotal:       24768352 kB
Node 0 MemFree:        24480424 kB
Node 0 MemUsed:          287928 kB
Node 0 Active:            62944 kB
Node 0 Inactive:          36976 kB
Node 0 Active(anon):      15496 kB
Node 0 Inactive(anon):      448 kB
Node 0 Active(file):      47448 kB
Node 0 Inactive(file):    36528 kB
Node 0 Unevictable:       17472 kB
Node 0 Mlocked:           17472 kB
Node 0 Dirty:                56 kB
Node 0 Writeback:             0 kB
Node 0 FilePages:         91768 kB
Node 0 Mapped:            34268 kB
Node 0 AnonPages:         25544 kB
Node 0 Shmem:               648 kB
Node 0 KernelStack:        1928 kB
Node 0 PageTables:          656 kB
Node 0 NFS_Unstable:          0 kB
Node 0 Bounce:                0 kB
Node 0 WritebackTmp:          0 kB
Node 0 KReclaimable:      25208 kB
Node 0 Slab:              60768 kB
Node 0 SReclaimable:      25208 kB
Node 0 SUnreclaim:        35560 kB
Node 0 AnonHugePages:         0 kB
Node 0 ShmemHugePages:        0 kB
Node 0 ShmemPmdMapped:        0 kB
Node 0 FileHugePages:        0 kB
Node 0 FilePmdMapped:        0 kB
Node 0 HugePages_Total:     0
Node 0 HugePages_Free:      0
Node 0 HugePages_Surp:      0

Node 1 MemTotal:       24661580 kB
Node 1 MemFree:        21369316 kB
Node 1 MemUsed:         3292264 kB
Node 1 Active:            39228 kB
Node 1 Inactive:          56100 kB
Node 1 Active(anon):      17876 kB
Node 1 Inactive(anon):      456 kB
Node 1 Active(file):      21352 kB
Node 1 Inactive(file):    55644 kB
Node 1 Unevictable:        1048 kB
Node 1 Mlocked:            1048 kB
Node 1 Dirty:                40 kB
Node 1 Writeback:             0 kB
Node 1 FilePages:         78708 kB
Node 1 Mapped:            14432 kB
Node 1 AnonPages:         17668 kB
Node 1 Shmem:               664 kB
Node 1 KernelStack:        2728 kB
Node 1 PageTables:          496 kB
Node 1 NFS_Unstable:          0 kB
Node 1 Bounce:                0 kB
Node 1 WritebackTmp:          0 kB
Node 1 KReclaimable:      19092 kB
Node 1 Slab:              71444 kB
Node 1 SReclaimable:      19092 kB
Node 1 SUnreclaim:        52352 kB
Node 1 AnonHugePages:         0 kB
Node 1 ShmemHugePages:        0 kB
Node 1 ShmemPmdMapped:        0 kB
Node 1 FileHugePages:        0 kB
Node 1 FilePmdMapped:        0 kB
Node 1 HugePages_Total:     0
Node 1 HugePages_Free:      0
Node 1 HugePages_Surp:      0

U.1.doublefio.2G.2.O Complete!
