U.1.doublefio.8G.1.O
Begin
Node 0 MemTotal:       24768352 kB
Node 0 MemFree:        24341576 kB
Node 0 MemUsed:          426776 kB
Node 0 Active:            65832 kB
Node 0 Inactive:          63016 kB
Node 0 Active(anon):      19720 kB
Node 0 Inactive(anon):      384 kB
Node 0 Active(file):      46112 kB
Node 0 Inactive(file):    62632 kB
Node 0 Unevictable:        5252 kB
Node 0 Mlocked:            5252 kB
Node 0 Dirty:               408 kB
Node 0 Writeback:             0 kB
Node 0 FilePages:        114700 kB
Node 0 Mapped:            29468 kB
Node 0 AnonPages:         19608 kB
Node 0 Shmem:               564 kB
Node 0 KernelStack:        2536 kB
Node 0 PageTables:          584 kB
Node 0 NFS_Unstable:          0 kB
Node 0 Bounce:                0 kB
Node 0 WritebackTmp:          0 kB
Node 0 KReclaimable:      24584 kB
Node 0 Slab:              66892 kB
Node 0 SReclaimable:      24584 kB
Node 0 SUnreclaim:        42308 kB
Node 0 AnonHugePages:         0 kB
Node 0 ShmemHugePages:        0 kB
Node 0 ShmemPmdMapped:        0 kB
Node 0 FileHugePages:        0 kB
Node 0 FilePmdMapped:        0 kB
Node 0 HugePages_Total:     0
Node 0 HugePages_Free:      0
Node 0 HugePages_Surp:      0

Node 1 MemTotal:       24661580 kB
Node 1 MemFree:        24477080 kB
Node 1 MemUsed:          184500 kB
Node 1 Active:            28200 kB
Node 1 Inactive:          25020 kB
Node 1 Active(anon):      13764 kB
Node 1 Inactive(anon):      488 kB
Node 1 Active(file):      14436 kB
Node 1 Inactive(file):    24532 kB
Node 1 Unevictable:       13268 kB
Node 1 Mlocked:           13268 kB
Node 1 Dirty:               100 kB
Node 1 Writeback:             0 kB
Node 1 FilePages:         42628 kB
Node 1 Mapped:            11640 kB
Node 1 AnonPages:         23872 kB
Node 1 Shmem:               704 kB
Node 1 KernelStack:        1096 kB
Node 1 PageTables:          468 kB
Node 1 NFS_Unstable:          0 kB
Node 1 Bounce:                0 kB
Node 1 WritebackTmp:          0 kB
Node 1 KReclaimable:      16904 kB
Node 1 Slab:              39388 kB
Node 1 SReclaimable:      16904 kB
Node 1 SUnreclaim:        22484 kB
Node 1 AnonHugePages:         0 kB
Node 1 ShmemHugePages:        0 kB
Node 1 ShmemPmdMapped:        0 kB
Node 1 FileHugePages:        0 kB
Node 1 FilePmdMapped:        0 kB
Node 1 HugePages_Total:     0
Node 1 HugePages_Free:      0
Node 1 HugePages_Surp:      0

Load ZFS
Node 0 MemTotal:       24768352 kB
Node 0 MemFree:        24337676 kB
Node 0 MemUsed:          430676 kB
Node 0 Active:            72012 kB
Node 0 Inactive:          59144 kB
Node 0 Active(anon):      20340 kB
Node 0 Inactive(anon):      384 kB
Node 0 Active(file):      51672 kB
Node 0 Inactive(file):    58760 kB
Node 0 Unevictable:        5252 kB
Node 0 Mlocked:            5252 kB
Node 0 Dirty:               436 kB
Node 0 Writeback:             0 kB
Node 0 FilePages:        116244 kB
Node 0 Mapped:            29484 kB
Node 0 AnonPages:         20068 kB
Node 0 Shmem:               564 kB
Node 0 KernelStack:        2536 kB
Node 0 PageTables:          624 kB
Node 0 NFS_Unstable:          0 kB
Node 0 Bounce:                0 kB
Node 0 WritebackTmp:          0 kB
Node 0 KReclaimable:      25056 kB
Node 0 Slab:              68660 kB
Node 0 SReclaimable:      25056 kB
Node 0 SUnreclaim:        43604 kB
Node 0 AnonHugePages:         0 kB
Node 0 ShmemHugePages:        0 kB
Node 0 ShmemPmdMapped:        0 kB
Node 0 FileHugePages:        0 kB
Node 0 FilePmdMapped:        0 kB
Node 0 HugePages_Total:     0
Node 0 HugePages_Free:      0
Node 0 HugePages_Surp:      0

Node 1 MemTotal:       24661580 kB
Node 1 MemFree:        24470548 kB
Node 1 MemUsed:          191032 kB
Node 1 Active:            33516 kB
Node 1 Inactive:          24908 kB
Node 1 Active(anon):      17992 kB
Node 1 Inactive(anon):      488 kB
Node 1 Active(file):      15524 kB
Node 1 Inactive(file):    24420 kB
Node 1 Unevictable:       13268 kB
Node 1 Mlocked:           13268 kB
Node 1 Dirty:               100 kB
Node 1 Writeback:             0 kB
Node 1 FilePages:         43592 kB
Node 1 Mapped:            11800 kB
Node 1 AnonPages:         28144 kB
Node 1 Shmem:               704 kB
Node 1 KernelStack:        1144 kB
Node 1 PageTables:          788 kB
Node 1 NFS_Unstable:          0 kB
Node 1 Bounce:                0 kB
Node 1 WritebackTmp:          0 kB
Node 1 KReclaimable:      17344 kB
Node 1 Slab:              41236 kB
Node 1 SReclaimable:      17344 kB
Node 1 SUnreclaim:        23892 kB
Node 1 AnonHugePages:         0 kB
Node 1 ShmemHugePages:        0 kB
Node 1 ShmemPmdMapped:        0 kB
Node 1 FileHugePages:        0 kB
Node 1 FilePmdMapped:        0 kB
Node 1 HugePages_Total:     0
Node 1 HugePages_Free:      0
Node 1 HugePages_Surp:      0

Import tank ZPool
Node 0 MemTotal:       24768352 kB
Node 0 MemFree:        24318244 kB
Node 0 MemUsed:          450108 kB
Node 0 Active:            71804 kB
Node 0 Inactive:          60336 kB
Node 0 Active(anon):      19788 kB
Node 0 Inactive(anon):      388 kB
Node 0 Active(file):      52016 kB
Node 0 Inactive(file):    59948 kB
Node 0 Unevictable:        5252 kB
Node 0 Mlocked:            5252 kB
Node 0 Dirty:               236 kB
Node 0 Writeback:             0 kB
Node 0 FilePages:        117780 kB
Node 0 Mapped:            29716 kB
Node 0 AnonPages:         18972 kB
Node 0 Shmem:               564 kB
Node 0 KernelStack:        3672 kB
Node 0 PageTables:          712 kB
Node 0 NFS_Unstable:          0 kB
Node 0 Bounce:                0 kB
Node 0 WritebackTmp:          0 kB
Node 0 KReclaimable:      25180 kB
Node 0 Slab:              76124 kB
Node 0 SReclaimable:      25180 kB
Node 0 SUnreclaim:        50944 kB
Node 0 AnonHugePages:         0 kB
Node 0 ShmemHugePages:        0 kB
Node 0 ShmemPmdMapped:        0 kB
Node 0 FileHugePages:        0 kB
Node 0 FilePmdMapped:        0 kB
Node 0 HugePages_Total:     0
Node 0 HugePages_Free:      0
Node 0 HugePages_Surp:      0

Node 1 MemTotal:       24661580 kB
Node 1 MemFree:        24472804 kB
Node 1 MemUsed:          188776 kB
Node 1 Active:            29692 kB
Node 1 Inactive:          24872 kB
Node 1 Active(anon):      14096 kB
Node 1 Inactive(anon):      488 kB
Node 1 Active(file):      15596 kB
Node 1 Inactive(file):    24384 kB
Node 1 Unevictable:       13268 kB
Node 1 Mlocked:           13268 kB
Node 1 Dirty:               108 kB
Node 1 Writeback:             0 kB
Node 1 FilePages:         43644 kB
Node 1 Mapped:            11660 kB
Node 1 AnonPages:         24208 kB
Node 1 Shmem:               704 kB
Node 1 KernelStack:        1096 kB
Node 1 PageTables:          508 kB
Node 1 NFS_Unstable:          0 kB
Node 1 Bounce:                0 kB
Node 1 WritebackTmp:          0 kB
Node 1 KReclaimable:      17352 kB
Node 1 Slab:              42164 kB
Node 1 SReclaimable:      17352 kB
Node 1 SUnreclaim:        24812 kB
Node 1 AnonHugePages:         0 kB
Node 1 ShmemHugePages:        0 kB
Node 1 ShmemPmdMapped:        0 kB
Node 1 FileHugePages:        0 kB
Node 1 FilePmdMapped:        0 kB
Node 1 HugePages_Total:     0
Node 1 HugePages_Free:      0
Node 1 HugePages_Surp:      0

After Test
Node 0 MemTotal:       24768352 kB
Node 0 MemFree:        24049892 kB
Node 0 MemUsed:          718460 kB
Node 0 Active:            71320 kB
Node 0 Inactive:          60120 kB
Node 0 Active(anon):      19052 kB
Node 0 Inactive(anon):      388 kB
Node 0 Active(file):      52268 kB
Node 0 Inactive(file):    59732 kB
Node 0 Unevictable:        5252 kB
Node 0 Mlocked:            5252 kB
Node 0 Dirty:                40 kB
Node 0 Writeback:             0 kB
Node 0 FilePages:        117812 kB
Node 0 Mapped:            29484 kB
Node 0 AnonPages:         18876 kB
Node 0 Shmem:               564 kB
Node 0 KernelStack:        3576 kB
Node 0 PageTables:          596 kB
Node 0 NFS_Unstable:          0 kB
Node 0 Bounce:                0 kB
Node 0 WritebackTmp:          0 kB
Node 0 KReclaimable:      25252 kB
Node 0 Slab:              76388 kB
Node 0 SReclaimable:      25252 kB
Node 0 SUnreclaim:        51136 kB
Node 0 AnonHugePages:         0 kB
Node 0 ShmemHugePages:        0 kB
Node 0 ShmemPmdMapped:        0 kB
Node 0 FileHugePages:        0 kB
Node 0 FilePmdMapped:        0 kB
Node 0 HugePages_Total:     0
Node 0 HugePages_Free:      0
Node 0 HugePages_Surp:      0

Node 1 MemTotal:       24661580 kB
Node 1 MemFree:        15494776 kB
Node 1 MemUsed:         9166804 kB
Node 1 Active:            30388 kB
Node 1 Inactive:          26084 kB
Node 1 Active(anon):      13936 kB
Node 1 Inactive(anon):      516 kB
Node 1 Active(file):      16452 kB
Node 1 Inactive(file):    25568 kB
Node 1 Unevictable:       13268 kB
Node 1 Mlocked:           13268 kB
Node 1 Dirty:                12 kB
Node 1 Writeback:             0 kB
Node 1 FilePages:         45720 kB
Node 1 Mapped:            11840 kB
Node 1 AnonPages:         24000 kB
Node 1 Shmem:               748 kB
Node 1 KernelStack:        1000 kB
Node 1 PageTables:          616 kB
Node 1 NFS_Unstable:          0 kB
Node 1 Bounce:                0 kB
Node 1 WritebackTmp:          0 kB
Node 1 KReclaimable:      18748 kB
Node 1 Slab:              77180 kB
Node 1 SReclaimable:      18748 kB
Node 1 SUnreclaim:        58432 kB
Node 1 AnonHugePages:         0 kB
Node 1 ShmemHugePages:        0 kB
Node 1 ShmemPmdMapped:        0 kB
Node 1 FileHugePages:        0 kB
Node 1 FilePmdMapped:        0 kB
Node 1 HugePages_Total:     0
Node 1 HugePages_Free:      0
Node 1 HugePages_Surp:      0

After Opposite Node
Node 0 MemTotal:       24768352 kB
Node 0 MemFree:        24048056 kB
Node 0 MemUsed:          720296 kB
Node 0 Active:            71524 kB
Node 0 Inactive:          60152 kB
Node 0 Active(anon):      19228 kB
Node 0 Inactive(anon):      424 kB
Node 0 Active(file):      52296 kB
Node 0 Inactive(file):    59728 kB
Node 0 Unevictable:        5252 kB
Node 0 Mlocked:            5252 kB
Node 0 Dirty:                64 kB
Node 0 Writeback:             0 kB
Node 0 FilePages:        117880 kB
Node 0 Mapped:            29528 kB
Node 0 AnonPages:         19008 kB
Node 0 Shmem:               608 kB
Node 0 KernelStack:        3592 kB
Node 0 PageTables:          772 kB
Node 0 NFS_Unstable:          0 kB
Node 0 Bounce:                0 kB
Node 0 WritebackTmp:          0 kB
Node 0 KReclaimable:      25308 kB
Node 0 Slab:              78036 kB
Node 0 SReclaimable:      25308 kB
Node 0 SUnreclaim:        52728 kB
Node 0 AnonHugePages:         0 kB
Node 0 ShmemHugePages:        0 kB
Node 0 ShmemPmdMapped:        0 kB
Node 0 FileHugePages:        0 kB
Node 0 FilePmdMapped:        0 kB
Node 0 HugePages_Total:     0
Node 0 HugePages_Free:      0
Node 0 HugePages_Surp:      0

Node 1 MemTotal:       24661580 kB
Node 1 MemFree:        15501180 kB
Node 1 MemUsed:         9160400 kB
Node 1 Active:            30424 kB
Node 1 Inactive:          25860 kB
Node 1 Active(anon):      13752 kB
Node 1 Inactive(anon):      488 kB
Node 1 Active(file):      16672 kB
Node 1 Inactive(file):    25372 kB
Node 1 Unevictable:       13268 kB
Node 1 Mlocked:           13268 kB
Node 1 Dirty:                16 kB
Node 1 Writeback:             0 kB
Node 1 FilePages:         45700 kB
Node 1 Mapped:            11828 kB
Node 1 AnonPages:         23860 kB
Node 1 Shmem:               704 kB
Node 1 KernelStack:         984 kB
Node 1 PageTables:          428 kB
Node 1 NFS_Unstable:          0 kB
Node 1 Bounce:                0 kB
Node 1 WritebackTmp:          0 kB
Node 1 KReclaimable:      18748 kB
Node 1 Slab:              76116 kB
Node 1 SReclaimable:      18748 kB
Node 1 SUnreclaim:        57368 kB
Node 1 AnonHugePages:         0 kB
Node 1 ShmemHugePages:        0 kB
Node 1 ShmemPmdMapped:        0 kB
Node 1 FileHugePages:        0 kB
Node 1 FilePmdMapped:        0 kB
Node 1 HugePages_Total:     0
Node 1 HugePages_Free:      0
Node 1 HugePages_Surp:      0

U.1.doublefio.8G.1.O Complete!
