U.1.doublefio.500M.1.O
Begin
Node 0 MemTotal:       24768352 kB
Node 0 MemFree:        24386788 kB
Node 0 MemUsed:          381564 kB
Node 0 Active:            64352 kB
Node 0 Inactive:          37072 kB
Node 0 Active(anon):      26104 kB
Node 0 Inactive(anon):      412 kB
Node 0 Active(file):      38248 kB
Node 0 Inactive(file):    36660 kB
Node 0 Unevictable:         320 kB
Node 0 Mlocked:             320 kB
Node 0 Dirty:                84 kB
Node 0 Writeback:             0 kB
Node 0 FilePages:         75856 kB
Node 0 Mapped:            24768 kB
Node 0 AnonPages:         25984 kB
Node 0 Shmem:               592 kB
Node 0 KernelStack:        2312 kB
Node 0 PageTables:          632 kB
Node 0 NFS_Unstable:          0 kB
Node 0 Bounce:                0 kB
Node 0 WritebackTmp:          0 kB
Node 0 KReclaimable:      25308 kB
Node 0 Slab:              61532 kB
Node 0 SReclaimable:      25308 kB
Node 0 SUnreclaim:        36224 kB
Node 0 AnonHugePages:         0 kB
Node 0 ShmemHugePages:        0 kB
Node 0 ShmemPmdMapped:        0 kB
Node 0 FileHugePages:        0 kB
Node 0 FilePmdMapped:        0 kB
Node 0 HugePages_Total:     0
Node 0 HugePages_Free:      0
Node 0 HugePages_Surp:      0

Node 1 MemTotal:       24661580 kB
Node 1 MemFree:        24421004 kB
Node 1 MemUsed:          240576 kB
Node 1 Active:            30460 kB
Node 1 Inactive:          65872 kB
Node 1 Active(anon):       7736 kB
Node 1 Inactive(anon):      460 kB
Node 1 Active(file):      22724 kB
Node 1 Inactive(file):    65412 kB
Node 1 Unevictable:       18200 kB
Node 1 Mlocked:           18200 kB
Node 1 Dirty:                48 kB
Node 1 Writeback:             0 kB
Node 1 FilePages:         96712 kB
Node 1 Mapped:            33036 kB
Node 1 AnonPages:         17864 kB
Node 1 Shmem:               676 kB
Node 1 KernelStack:        1272 kB
Node 1 PageTables:          492 kB
Node 1 NFS_Unstable:          0 kB
Node 1 Bounce:                0 kB
Node 1 WritebackTmp:          0 kB
Node 1 KReclaimable:      16276 kB
Node 1 Slab:              43964 kB
Node 1 SReclaimable:      16276 kB
Node 1 SUnreclaim:        27688 kB
Node 1 AnonHugePages:         0 kB
Node 1 ShmemHugePages:        0 kB
Node 1 ShmemPmdMapped:        0 kB
Node 1 FileHugePages:        0 kB
Node 1 FilePmdMapped:        0 kB
Node 1 HugePages_Total:     0
Node 1 HugePages_Free:      0
Node 1 HugePages_Surp:      0

Load ZFS
Node 0 MemTotal:       24768352 kB
Node 0 MemFree:        24376124 kB
Node 0 MemUsed:          392228 kB
Node 0 Active:            75884 kB
Node 0 Inactive:          32612 kB
Node 0 Active(anon):      31772 kB
Node 0 Inactive(anon):      412 kB
Node 0 Active(file):      44112 kB
Node 0 Inactive(file):    32200 kB
Node 0 Unevictable:         320 kB
Node 0 Mlocked:             320 kB
Node 0 Dirty:                84 kB
Node 0 Writeback:             0 kB
Node 0 FilePages:         77220 kB
Node 0 Mapped:            24928 kB
Node 0 AnonPages:         31512 kB
Node 0 Shmem:               592 kB
Node 0 KernelStack:        2520 kB
Node 0 PageTables:         1204 kB
Node 0 NFS_Unstable:          0 kB
Node 0 Bounce:                0 kB
Node 0 WritebackTmp:          0 kB
Node 0 KReclaimable:      25736 kB
Node 0 Slab:              63568 kB
Node 0 SReclaimable:      25736 kB
Node 0 SUnreclaim:        37832 kB
Node 0 AnonHugePages:         0 kB
Node 0 ShmemHugePages:        0 kB
Node 0 ShmemPmdMapped:        0 kB
Node 0 FileHugePages:        0 kB
Node 0 FilePmdMapped:        0 kB
Node 0 HugePages_Total:     0
Node 0 HugePages_Free:      0
Node 0 HugePages_Surp:      0

Node 1 MemTotal:       24661580 kB
Node 1 MemFree:        24415368 kB
Node 1 MemUsed:          246212 kB
Node 1 Active:            34676 kB
Node 1 Inactive:          66404 kB
Node 1 Active(anon):      11292 kB
Node 1 Inactive(anon):      464 kB
Node 1 Active(file):      23384 kB
Node 1 Inactive(file):    65940 kB
Node 1 Unevictable:       18200 kB
Node 1 Mlocked:           18200 kB
Node 1 Dirty:                80 kB
Node 1 Writeback:             0 kB
Node 1 FilePages:         97876 kB
Node 1 Mapped:            33036 kB
Node 1 AnonPages:         21476 kB
Node 1 Shmem:               676 kB
Node 1 KernelStack:        1256 kB
Node 1 PageTables:          492 kB
Node 1 NFS_Unstable:          0 kB
Node 1 Bounce:                0 kB
Node 1 WritebackTmp:          0 kB
Node 1 KReclaimable:      16768 kB
Node 1 Slab:              46036 kB
Node 1 SReclaimable:      16768 kB
Node 1 SUnreclaim:        29268 kB
Node 1 AnonHugePages:         0 kB
Node 1 ShmemHugePages:        0 kB
Node 1 ShmemPmdMapped:        0 kB
Node 1 FileHugePages:        0 kB
Node 1 FilePmdMapped:        0 kB
Node 1 HugePages_Total:     0
Node 1 HugePages_Free:      0
Node 1 HugePages_Surp:      0

Import tank ZPool
Node 0 MemTotal:       24768352 kB
Node 0 MemFree:        24357052 kB
Node 0 MemUsed:          411300 kB
Node 0 Active:            77092 kB
Node 0 Inactive:          33660 kB
Node 0 Active(anon):      32272 kB
Node 0 Inactive(anon):      416 kB
Node 0 Active(file):      44820 kB
Node 0 Inactive(file):    33244 kB
Node 0 Unevictable:         320 kB
Node 0 Mlocked:             320 kB
Node 0 Dirty:               116 kB
Node 0 Writeback:             0 kB
Node 0 FilePages:         78672 kB
Node 0 Mapped:            25040 kB
Node 0 AnonPages:         31880 kB
Node 0 Shmem:               592 kB
Node 0 KernelStack:        3656 kB
Node 0 PageTables:         1276 kB
Node 0 NFS_Unstable:          0 kB
Node 0 Bounce:                0 kB
Node 0 WritebackTmp:          0 kB
Node 0 KReclaimable:      25884 kB
Node 0 Slab:              70856 kB
Node 0 SReclaimable:      25884 kB
Node 0 SUnreclaim:        44972 kB
Node 0 AnonHugePages:         0 kB
Node 0 ShmemHugePages:        0 kB
Node 0 ShmemPmdMapped:        0 kB
Node 0 FileHugePages:        0 kB
Node 0 FilePmdMapped:        0 kB
Node 0 HugePages_Total:     0
Node 0 HugePages_Free:      0
Node 0 HugePages_Surp:      0

Node 1 MemTotal:       24661580 kB
Node 1 MemFree:        24416880 kB
Node 1 MemUsed:          244700 kB
Node 1 Active:            34732 kB
Node 1 Inactive:          66408 kB
Node 1 Active(anon):      11332 kB
Node 1 Inactive(anon):      464 kB
Node 1 Active(file):      23400 kB
Node 1 Inactive(file):    65944 kB
Node 1 Unevictable:       18200 kB
Node 1 Mlocked:           18200 kB
Node 1 Dirty:               104 kB
Node 1 Writeback:             0 kB
Node 1 FilePages:         97916 kB
Node 1 Mapped:            33268 kB
Node 1 AnonPages:         21496 kB
Node 1 Shmem:               676 kB
Node 1 KernelStack:        1256 kB
Node 1 PageTables:          492 kB
Node 1 NFS_Unstable:          0 kB
Node 1 Bounce:                0 kB
Node 1 WritebackTmp:          0 kB
Node 1 KReclaimable:      16768 kB
Node 1 Slab:              46036 kB
Node 1 SReclaimable:      16768 kB
Node 1 SUnreclaim:        29268 kB
Node 1 AnonHugePages:         0 kB
Node 1 ShmemHugePages:        0 kB
Node 1 ShmemPmdMapped:        0 kB
Node 1 FileHugePages:        0 kB
Node 1 FilePmdMapped:        0 kB
Node 1 HugePages_Total:     0
Node 1 HugePages_Free:      0
Node 1 HugePages_Surp:      0

After Test
Node 0 MemTotal:       24768352 kB
Node 0 MemFree:        23803928 kB
Node 0 MemUsed:          964424 kB
Node 0 Active:            69688 kB
Node 0 Inactive:          33400 kB
Node 0 Active(anon):      24804 kB
Node 0 Inactive(anon):      416 kB
Node 0 Active(file):      44884 kB
Node 0 Inactive(file):    32984 kB
Node 0 Unevictable:         320 kB
Node 0 Mlocked:             320 kB
Node 0 Dirty:               128 kB
Node 0 Writeback:             0 kB
Node 0 FilePages:         78776 kB
Node 0 Mapped:            24768 kB
Node 0 AnonPages:         24628 kB
Node 0 Shmem:               592 kB
Node 0 KernelStack:        3384 kB
Node 0 PageTables:          576 kB
Node 0 NFS_Unstable:          0 kB
Node 0 Bounce:                0 kB
Node 0 WritebackTmp:          0 kB
Node 0 KReclaimable:      25884 kB
Node 0 Slab:              72048 kB
Node 0 SReclaimable:      25884 kB
Node 0 SUnreclaim:        46164 kB
Node 0 AnonHugePages:         0 kB
Node 0 ShmemHugePages:        0 kB
Node 0 ShmemPmdMapped:        0 kB
Node 0 FileHugePages:        0 kB
Node 0 FilePmdMapped:        0 kB
Node 0 HugePages_Total:     0
Node 0 HugePages_Free:      0
Node 0 HugePages_Surp:      0

Node 1 MemTotal:       24661580 kB
Node 1 MemFree:        23912980 kB
Node 1 MemUsed:          748600 kB
Node 1 Active:            32304 kB
Node 1 Inactive:          67592 kB
Node 1 Active(anon):       8088 kB
Node 1 Inactive(anon):      500 kB
Node 1 Active(file):      24216 kB
Node 1 Inactive(file):    67092 kB
Node 1 Unevictable:       18200 kB
Node 1 Mlocked:           18200 kB
Node 1 Dirty:               124 kB
Node 1 Writeback:             0 kB
Node 1 FilePages:         99904 kB
Node 1 Mapped:            33292 kB
Node 1 AnonPages:         18096 kB
Node 1 Shmem:               720 kB
Node 1 KernelStack:        1324 kB
Node 1 PageTables:          656 kB
Node 1 NFS_Unstable:          0 kB
Node 1 Bounce:                0 kB
Node 1 WritebackTmp:          0 kB
Node 1 KReclaimable:      18036 kB
Node 1 Slab:              52008 kB
Node 1 SReclaimable:      18036 kB
Node 1 SUnreclaim:        33972 kB
Node 1 AnonHugePages:         0 kB
Node 1 ShmemHugePages:        0 kB
Node 1 ShmemPmdMapped:        0 kB
Node 1 FileHugePages:        0 kB
Node 1 FilePmdMapped:        0 kB
Node 1 HugePages_Total:     0
Node 1 HugePages_Free:      0
Node 1 HugePages_Surp:      0

After Opposite Node
Node 0 MemTotal:       24768352 kB
Node 0 MemFree:        23803184 kB
Node 0 MemUsed:          965168 kB
Node 0 Active:            69868 kB
Node 0 Inactive:          33428 kB
Node 0 Active(anon):      24956 kB
Node 0 Inactive(anon):      448 kB
Node 0 Active(file):      44912 kB
Node 0 Inactive(file):    32980 kB
Node 0 Unevictable:         320 kB
Node 0 Mlocked:             320 kB
Node 0 Dirty:               148 kB
Node 0 Writeback:             0 kB
Node 0 FilePages:         78844 kB
Node 0 Mapped:            24812 kB
Node 0 AnonPages:         24668 kB
Node 0 Shmem:               636 kB
Node 0 KernelStack:        3384 kB
Node 0 PageTables:          688 kB
Node 0 NFS_Unstable:          0 kB
Node 0 Bounce:                0 kB
Node 0 WritebackTmp:          0 kB
Node 0 KReclaimable:      25924 kB
Node 0 Slab:              72220 kB
Node 0 SReclaimable:      25924 kB
Node 0 SUnreclaim:        46296 kB
Node 0 AnonHugePages:         0 kB
Node 0 ShmemHugePages:        0 kB
Node 0 ShmemPmdMapped:        0 kB
Node 0 FileHugePages:        0 kB
Node 0 FilePmdMapped:        0 kB
Node 0 HugePages_Total:     0
Node 0 HugePages_Free:      0
Node 0 HugePages_Surp:      0

Node 1 MemTotal:       24661580 kB
Node 1 MemFree:        23913672 kB
Node 1 MemUsed:          747908 kB
Node 1 Active:            32284 kB
Node 1 Inactive:          67404 kB
Node 1 Active(anon):       7908 kB
Node 1 Inactive(anon):      464 kB
Node 1 Active(file):      24376 kB
Node 1 Inactive(file):    66940 kB
Node 1 Unevictable:       18200 kB
Node 1 Mlocked:           18200 kB
Node 1 Dirty:               132 kB
Node 1 Writeback:             0 kB
Node 1 FilePages:         99868 kB
Node 1 Mapped:            33232 kB
Node 1 AnonPages:         18020 kB
Node 1 Shmem:               676 kB
Node 1 KernelStack:        1288 kB
Node 1 PageTables:          492 kB
Node 1 NFS_Unstable:          0 kB
Node 1 Bounce:                0 kB
Node 1 WritebackTmp:          0 kB
Node 1 KReclaimable:      18036 kB
Node 1 Slab:              52032 kB
Node 1 SReclaimable:      18036 kB
Node 1 SUnreclaim:        33996 kB
Node 1 AnonHugePages:         0 kB
Node 1 ShmemHugePages:        0 kB
Node 1 ShmemPmdMapped:        0 kB
Node 1 FileHugePages:        0 kB
Node 1 FilePmdMapped:        0 kB
Node 1 HugePages_Total:     0
Node 1 HugePages_Free:      0
Node 1 HugePages_Surp:      0

U.1.doublefio.500M.1.O Complete!
