U.1.doublefio.4G.3.O
Begin
Node 0 MemTotal:       24743736 kB
Node 0 MemFree:        24481648 kB
Node 0 MemUsed:          262088 kB
Node 0 Active:            43988 kB
Node 0 Inactive:          69188 kB
Node 0 Active(anon):      20356 kB
Node 0 Inactive(anon):      376 kB
Node 0 Active(file):      23632 kB
Node 0 Inactive(file):    68812 kB
Node 0 Unevictable:        4808 kB
Node 0 Mlocked:            4808 kB
Node 0 Dirty:               452 kB
Node 0 Writeback:             0 kB
Node 0 FilePages:         97840 kB
Node 0 Mapped:            25492 kB
Node 0 AnonPages:         20268 kB
Node 0 Shmem:               576 kB
Node 0 KernelStack:        2088 kB
Node 0 PageTables:          688 kB
Node 0 NFS_Unstable:          0 kB
Node 0 Bounce:                0 kB
Node 0 WritebackTmp:          0 kB
Node 0 KReclaimable:      19960 kB
Node 0 Slab:              52852 kB
Node 0 SReclaimable:      19960 kB
Node 0 SUnreclaim:        32892 kB
Node 0 AnonHugePages:         0 kB
Node 0 ShmemHugePages:        0 kB
Node 0 ShmemPmdMapped:        0 kB
Node 0 FileHugePages:        0 kB
Node 0 FilePmdMapped:        0 kB
Node 0 HugePages_Total:     0
Node 0 HugePages_Free:      0
Node 0 HugePages_Surp:      0

Node 1 MemTotal:       24686196 kB
Node 1 MemFree:        24330756 kB
Node 1 MemUsed:          355440 kB
Node 1 Active:            50600 kB
Node 1 Inactive:          28928 kB
Node 1 Active(anon):      13520 kB
Node 1 Inactive(anon):      492 kB
Node 1 Active(file):      37080 kB
Node 1 Inactive(file):    28436 kB
Node 1 Unevictable:       13716 kB
Node 1 Mlocked:           13716 kB
Node 1 Dirty:                76 kB
Node 1 Writeback:             0 kB
Node 1 FilePages:         69600 kB
Node 1 Mapped:            26328 kB
Node 1 AnonPages:         23664 kB
Node 1 Shmem:               692 kB
Node 1 KernelStack:        1560 kB
Node 1 PageTables:          460 kB
Node 1 NFS_Unstable:          0 kB
Node 1 Bounce:                0 kB
Node 1 WritebackTmp:          0 kB
Node 1 KReclaimable:      21372 kB
Node 1 Slab:              52172 kB
Node 1 SReclaimable:      21372 kB
Node 1 SUnreclaim:        30800 kB
Node 1 AnonHugePages:         0 kB
Node 1 ShmemHugePages:        0 kB
Node 1 ShmemPmdMapped:        0 kB
Node 1 FileHugePages:        0 kB
Node 1 FilePmdMapped:        0 kB
Node 1 HugePages_Total:     0
Node 1 HugePages_Free:      0
Node 1 HugePages_Surp:      0

Load ZFS
Node 0 MemTotal:       24743736 kB
Node 0 MemFree:        24474448 kB
Node 0 MemUsed:          269288 kB
Node 0 Active:            56384 kB
Node 0 Inactive:          64680 kB
Node 0 Active(anon):      27460 kB
Node 0 Inactive(anon):      376 kB
Node 0 Active(file):      28924 kB
Node 0 Inactive(file):    64304 kB
Node 0 Unevictable:        4808 kB
Node 0 Mlocked:            4808 kB
Node 0 Dirty:               476 kB
Node 0 Writeback:             0 kB
Node 0 FilePages:         98608 kB
Node 0 Mapped:            25432 kB
Node 0 AnonPages:         27396 kB
Node 0 Shmem:               576 kB
Node 0 KernelStack:        2264 kB
Node 0 PageTables:         1092 kB
Node 0 NFS_Unstable:          0 kB
Node 0 Bounce:                0 kB
Node 0 WritebackTmp:          0 kB
Node 0 KReclaimable:      20476 kB
Node 0 Slab:              54892 kB
Node 0 SReclaimable:      20476 kB
Node 0 SUnreclaim:        34416 kB
Node 0 AnonHugePages:         0 kB
Node 0 ShmemHugePages:        0 kB
Node 0 ShmemPmdMapped:        0 kB
Node 0 FileHugePages:        0 kB
Node 0 FilePmdMapped:        0 kB
Node 0 HugePages_Total:     0
Node 0 HugePages_Free:      0
Node 0 HugePages_Surp:      0

Node 1 MemTotal:       24686196 kB
Node 1 MemFree:        24322252 kB
Node 1 MemUsed:          363944 kB
Node 1 Active:            52752 kB
Node 1 Inactive:          29432 kB
Node 1 Active(anon):      14408 kB
Node 1 Inactive(anon):      496 kB
Node 1 Active(file):      38344 kB
Node 1 Inactive(file):    28936 kB
Node 1 Unevictable:       13716 kB
Node 1 Mlocked:           13716 kB
Node 1 Dirty:                80 kB
Node 1 Writeback:             0 kB
Node 1 FilePages:         71360 kB
Node 1 Mapped:            26488 kB
Node 1 AnonPages:         24460 kB
Node 1 Shmem:               692 kB
Node 1 KernelStack:        1544 kB
Node 1 PageTables:          512 kB
Node 1 NFS_Unstable:          0 kB
Node 1 Bounce:                0 kB
Node 1 WritebackTmp:          0 kB
Node 1 KReclaimable:      21764 kB
Node 1 Slab:              54296 kB
Node 1 SReclaimable:      21764 kB
Node 1 SUnreclaim:        32532 kB
Node 1 AnonHugePages:         0 kB
Node 1 ShmemHugePages:        0 kB
Node 1 ShmemPmdMapped:        0 kB
Node 1 FileHugePages:        0 kB
Node 1 FilePmdMapped:        0 kB
Node 1 HugePages_Total:     0
Node 1 HugePages_Free:      0
Node 1 HugePages_Surp:      0

Import tank ZPool
Node 0 MemTotal:       24743736 kB
Node 0 MemFree:        24467196 kB
Node 0 MemUsed:          276540 kB
Node 0 Active:            48468 kB
Node 0 Inactive:          64640 kB
Node 0 Active(anon):      19500 kB
Node 0 Inactive(anon):      376 kB
Node 0 Active(file):      28968 kB
Node 0 Inactive(file):    64264 kB
Node 0 Unevictable:        4808 kB
Node 0 Mlocked:            4808 kB
Node 0 Dirty:               144 kB
Node 0 Writeback:             0 kB
Node 0 FilePages:         98608 kB
Node 0 Mapped:            25684 kB
Node 0 AnonPages:         19304 kB
Node 0 Shmem:               572 kB
Node 0 KernelStack:        3176 kB
Node 0 PageTables:          588 kB
Node 0 NFS_Unstable:          0 kB
Node 0 Bounce:                0 kB
Node 0 WritebackTmp:          0 kB
Node 0 KReclaimable:      20480 kB
Node 0 Slab:              57016 kB
Node 0 SReclaimable:      20480 kB
Node 0 SUnreclaim:        36536 kB
Node 0 AnonHugePages:         0 kB
Node 0 ShmemHugePages:        0 kB
Node 0 ShmemPmdMapped:        0 kB
Node 0 FileHugePages:        0 kB
Node 0 FilePmdMapped:        0 kB
Node 0 HugePages_Total:     0
Node 0 HugePages_Free:      0
Node 0 HugePages_Surp:      0

Node 1 MemTotal:       24686196 kB
Node 1 MemFree:        24315516 kB
Node 1 MemUsed:          370680 kB
Node 1 Active:            52416 kB
Node 1 Inactive:          30572 kB
Node 1 Active(anon):      13716 kB
Node 1 Inactive(anon):      500 kB
Node 1 Active(file):      38700 kB
Node 1 Inactive(file):    30072 kB
Node 1 Unevictable:       13716 kB
Node 1 Mlocked:           13716 kB
Node 1 Dirty:               112 kB
Node 1 Writeback:             0 kB
Node 1 FilePages:         72860 kB
Node 1 Mapped:            26532 kB
Node 1 AnonPages:         23912 kB
Node 1 Shmem:               696 kB
Node 1 KernelStack:        1544 kB
Node 1 PageTables:          588 kB
Node 1 NFS_Unstable:          0 kB
Node 1 Bounce:                0 kB
Node 1 WritebackTmp:          0 kB
Node 1 KReclaimable:      21888 kB
Node 1 Slab:              58672 kB
Node 1 SReclaimable:      21888 kB
Node 1 SUnreclaim:        36784 kB
Node 1 AnonHugePages:         0 kB
Node 1 ShmemHugePages:        0 kB
Node 1 ShmemPmdMapped:        0 kB
Node 1 FileHugePages:        0 kB
Node 1 FilePmdMapped:        0 kB
Node 1 HugePages_Total:     0
Node 1 HugePages_Free:      0
Node 1 HugePages_Surp:      0

After Test
Node 0 MemTotal:       24743736 kB
Node 0 MemFree:        23924076 kB
Node 0 MemUsed:          819660 kB
Node 0 Active:            48396 kB
Node 0 Inactive:          64640 kB
Node 0 Active(anon):      19428 kB
Node 0 Inactive(anon):      376 kB
Node 0 Active(file):      28968 kB
Node 0 Inactive(file):    64264 kB
Node 0 Unevictable:        4808 kB
Node 0 Mlocked:            4808 kB
Node 0 Dirty:                20 kB
Node 0 Writeback:             0 kB
Node 0 FilePages:         98608 kB
Node 0 Mapped:            25428 kB
Node 0 AnonPages:         19232 kB
Node 0 Shmem:               572 kB
Node 0 KernelStack:        3112 kB
Node 0 PageTables:          588 kB
Node 0 NFS_Unstable:          0 kB
Node 0 Bounce:                0 kB
Node 0 WritebackTmp:          0 kB
Node 0 KReclaimable:      20480 kB
Node 0 Slab:              59240 kB
Node 0 SReclaimable:      20480 kB
Node 0 SUnreclaim:        38760 kB
Node 0 AnonHugePages:         0 kB
Node 0 ShmemHugePages:        0 kB
Node 0 ShmemPmdMapped:        0 kB
Node 0 FileHugePages:        0 kB
Node 0 FilePmdMapped:        0 kB
Node 0 HugePages_Total:     0
Node 0 HugePages_Free:      0
Node 0 HugePages_Surp:      0

Node 1 MemTotal:       24686196 kB
Node 1 MemFree:        19821344 kB
Node 1 MemUsed:         4864852 kB
Node 1 Active:            53320 kB
Node 1 Inactive:          31576 kB
Node 1 Active(anon):      13488 kB
Node 1 Inactive(anon):      528 kB
Node 1 Active(file):      39832 kB
Node 1 Inactive(file):    31048 kB
Node 1 Unevictable:       13716 kB
Node 1 Mlocked:           13716 kB
Node 1 Dirty:                12 kB
Node 1 Writeback:             0 kB
Node 1 FilePages:         75008 kB
Node 1 Mapped:            26596 kB
Node 1 AnonPages:         23576 kB
Node 1 Shmem:               740 kB
Node 1 KernelStack:        1576 kB
Node 1 PageTables:          656 kB
Node 1 NFS_Unstable:          0 kB
Node 1 Bounce:                0 kB
Node 1 WritebackTmp:          0 kB
Node 1 KReclaimable:      23300 kB
Node 1 Slab:              78396 kB
Node 1 SReclaimable:      23300 kB
Node 1 SUnreclaim:        55096 kB
Node 1 AnonHugePages:         0 kB
Node 1 ShmemHugePages:        0 kB
Node 1 ShmemPmdMapped:        0 kB
Node 1 FileHugePages:        0 kB
Node 1 FilePmdMapped:        0 kB
Node 1 HugePages_Total:     0
Node 1 HugePages_Free:      0
Node 1 HugePages_Surp:      0

After Opposite Node
Node 0 MemTotal:       24743736 kB
Node 0 MemFree:        23923736 kB
Node 0 MemUsed:          820000 kB
Node 0 Active:            48568 kB
Node 0 Inactive:          64672 kB
Node 0 Active(anon):      19596 kB
Node 0 Inactive(anon):      400 kB
Node 0 Active(file):      28972 kB
Node 0 Inactive(file):    64272 kB
Node 0 Unevictable:        4808 kB
Node 0 Mlocked:            4808 kB
Node 0 Dirty:                40 kB
Node 0 Writeback:             0 kB
Node 0 FilePages:         98664 kB
Node 0 Mapped:            25472 kB
Node 0 AnonPages:         19292 kB
Node 0 Shmem:               616 kB
Node 0 KernelStack:        3144 kB
Node 0 PageTables:          700 kB
Node 0 NFS_Unstable:          0 kB
Node 0 Bounce:                0 kB
Node 0 WritebackTmp:          0 kB
Node 0 KReclaimable:      20572 kB
Node 0 Slab:              60664 kB
Node 0 SReclaimable:      20572 kB
Node 0 SUnreclaim:        40092 kB
Node 0 AnonHugePages:         0 kB
Node 0 ShmemHugePages:        0 kB
Node 0 ShmemPmdMapped:        0 kB
Node 0 FileHugePages:        0 kB
Node 0 FilePmdMapped:        0 kB
Node 0 HugePages_Total:     0
Node 0 HugePages_Free:      0
Node 0 HugePages_Surp:      0

Node 1 MemTotal:       24686196 kB
Node 1 MemFree:        19821300 kB
Node 1 MemUsed:         4864896 kB
Node 1 Active:            53380 kB
Node 1 Inactive:          31332 kB
Node 1 Active(anon):      13304 kB
Node 1 Inactive(anon):      500 kB
Node 1 Active(file):      40076 kB
Node 1 Inactive(file):    30832 kB
Node 1 Unevictable:       13716 kB
Node 1 Mlocked:           13716 kB
Node 1 Dirty:                52 kB
Node 1 Writeback:             0 kB
Node 1 FilePages:         74992 kB
Node 1 Mapped:            26524 kB
Node 1 AnonPages:         23436 kB
Node 1 Shmem:               696 kB
Node 1 KernelStack:        1528 kB
Node 1 PageTables:          488 kB
Node 1 NFS_Unstable:          0 kB
Node 1 Bounce:                0 kB
Node 1 WritebackTmp:          0 kB
Node 1 KReclaimable:      23300 kB
Node 1 Slab:              78276 kB
Node 1 SReclaimable:      23300 kB
Node 1 SUnreclaim:        54976 kB
Node 1 AnonHugePages:         0 kB
Node 1 ShmemHugePages:        0 kB
Node 1 ShmemPmdMapped:        0 kB
Node 1 FileHugePages:        0 kB
Node 1 FilePmdMapped:        0 kB
Node 1 HugePages_Total:     0
Node 1 HugePages_Free:      0
Node 1 HugePages_Surp:      0

U.1.doublefio.4G.3.O Complete!
