U.1.huge-simpleread.2G.1.O.1M
Begin
Node 0 MemTotal:       24743736 kB
Node 0 MemFree:        24523104 kB
Node 0 MemUsed:          220632 kB
Node 0 Active:            39388 kB
Node 0 Inactive:          29760 kB
Node 0 Active(anon):      15188 kB
Node 0 Inactive(anon):      384 kB
Node 0 Active(file):      24200 kB
Node 0 Inactive(file):    29376 kB
Node 0 Unevictable:       17888 kB
Node 0 Mlocked:           17888 kB
Node 0 Dirty:                40 kB
Node 0 Writeback:             0 kB
Node 0 FilePages:         61736 kB
Node 0 Mapped:            26056 kB
Node 0 AnonPages:         25344 kB
Node 0 Shmem:               600 kB
Node 0 KernelStack:        1976 kB
Node 0 PageTables:          596 kB
Node 0 NFS_Unstable:          0 kB
Node 0 Bounce:                0 kB
Node 0 WritebackTmp:          0 kB
Node 0 KReclaimable:      20408 kB
Node 0 Slab:              52140 kB
Node 0 SReclaimable:      20408 kB
Node 0 SUnreclaim:        31732 kB
Node 0 AnonHugePages:         0 kB
Node 0 ShmemHugePages:        0 kB
Node 0 ShmemPmdMapped:        0 kB
Node 0 FileHugePages:        0 kB
Node 0 FilePmdMapped:        0 kB
Node 0 HugePages_Total:     0
Node 0 HugePages_Free:      0
Node 0 HugePages_Surp:      0

Node 1 MemTotal:       24686196 kB
Node 1 MemFree:        24249420 kB
Node 1 MemUsed:          436776 kB
Node 1 Active:            57924 kB
Node 1 Inactive:         102556 kB
Node 1 Active(anon):      18272 kB
Node 1 Inactive(anon):      488 kB
Node 1 Active(file):      39652 kB
Node 1 Inactive(file):   102068 kB
Node 1 Unevictable:         632 kB
Node 1 Mlocked:             632 kB
Node 1 Dirty:               168 kB
Node 1 Writeback:             0 kB
Node 1 FilePages:        143164 kB
Node 1 Mapped:            57024 kB
Node 1 AnonPages:         18124 kB
Node 1 Shmem:               668 kB
Node 1 KernelStack:        1608 kB
Node 1 PageTables:          620 kB
Node 1 NFS_Unstable:          0 kB
Node 1 Bounce:                0 kB
Node 1 WritebackTmp:          0 kB
Node 1 KReclaimable:      21588 kB
Node 1 Slab:              53956 kB
Node 1 SReclaimable:      21588 kB
Node 1 SUnreclaim:        32368 kB
Node 1 AnonHugePages:         0 kB
Node 1 ShmemHugePages:        0 kB
Node 1 ShmemPmdMapped:        0 kB
Node 1 FileHugePages:        0 kB
Node 1 FilePmdMapped:        0 kB
Node 1 HugePages_Total:     0
Node 1 HugePages_Free:      0
Node 1 HugePages_Surp:      0

Load ZFS
Node 0 MemTotal:       24743736 kB
Node 0 MemFree:        24520260 kB
Node 0 MemUsed:          223476 kB
Node 0 Active:            41676 kB
Node 0 Inactive:          30196 kB
Node 0 Active(anon):      16940 kB
Node 0 Inactive(anon):      384 kB
Node 0 Active(file):      24736 kB
Node 0 Inactive(file):    29812 kB
Node 0 Unevictable:       17888 kB
Node 0 Mlocked:           17888 kB
Node 0 Dirty:                40 kB
Node 0 Writeback:             0 kB
Node 0 FilePages:         62708 kB
Node 0 Mapped:            26220 kB
Node 0 AnonPages:         27172 kB
Node 0 Shmem:               600 kB
Node 0 KernelStack:        2152 kB
Node 0 PageTables:          724 kB
Node 0 NFS_Unstable:          0 kB
Node 0 Bounce:                0 kB
Node 0 WritebackTmp:          0 kB
Node 0 KReclaimable:      20828 kB
Node 0 Slab:              53836 kB
Node 0 SReclaimable:      20828 kB
Node 0 SUnreclaim:        33008 kB
Node 0 AnonHugePages:         0 kB
Node 0 ShmemHugePages:        0 kB
Node 0 ShmemPmdMapped:        0 kB
Node 0 FileHugePages:        0 kB
Node 0 FilePmdMapped:        0 kB
Node 0 HugePages_Total:     0
Node 0 HugePages_Free:      0
Node 0 HugePages_Surp:      0

Node 1 MemTotal:       24686196 kB
Node 1 MemFree:        24245052 kB
Node 1 MemUsed:          441144 kB
Node 1 Active:            67004 kB
Node 1 Inactive:          98164 kB
Node 1 Active(anon):      21252 kB
Node 1 Inactive(anon):      488 kB
Node 1 Active(file):      45752 kB
Node 1 Inactive(file):    97676 kB
Node 1 Unevictable:         632 kB
Node 1 Mlocked:             632 kB
Node 1 Dirty:               200 kB
Node 1 Writeback:             0 kB
Node 1 FilePages:        144728 kB
Node 1 Mapped:            57056 kB
Node 1 AnonPages:         20964 kB
Node 1 Shmem:               668 kB
Node 1 KernelStack:        1544 kB
Node 1 PageTables:          860 kB
Node 1 NFS_Unstable:          0 kB
Node 1 Bounce:                0 kB
Node 1 WritebackTmp:          0 kB
Node 1 KReclaimable:      22212 kB
Node 1 Slab:              55552 kB
Node 1 SReclaimable:      22212 kB
Node 1 SUnreclaim:        33340 kB
Node 1 AnonHugePages:         0 kB
Node 1 ShmemHugePages:        0 kB
Node 1 ShmemPmdMapped:        0 kB
Node 1 FileHugePages:        0 kB
Node 1 FilePmdMapped:        0 kB
Node 1 HugePages_Total:     0
Node 1 HugePages_Free:      0
Node 1 HugePages_Surp:      0

Import tank ZPool
Node 0 MemTotal:       24743736 kB
Node 0 MemFree:        24503416 kB
Node 0 MemUsed:          240320 kB
Node 0 Active:            40520 kB
Node 0 Inactive:          30276 kB
Node 0 Active(anon):      15760 kB
Node 0 Inactive(anon):      388 kB
Node 0 Active(file):      24760 kB
Node 0 Inactive(file):    29888 kB
Node 0 Unevictable:       17888 kB
Node 0 Mlocked:           17888 kB
Node 0 Dirty:                52 kB
Node 0 Writeback:             0 kB
Node 0 FilePages:         62812 kB
Node 0 Mapped:            26300 kB
Node 0 AnonPages:         25808 kB
Node 0 Shmem:               600 kB
Node 0 KernelStack:        3240 kB
Node 0 PageTables:          668 kB
Node 0 NFS_Unstable:          0 kB
Node 0 Bounce:                0 kB
Node 0 WritebackTmp:          0 kB
Node 0 KReclaimable:      20860 kB
Node 0 Slab:              60656 kB
Node 0 SReclaimable:      20860 kB
Node 0 SUnreclaim:        39796 kB
Node 0 AnonHugePages:         0 kB
Node 0 ShmemHugePages:        0 kB
Node 0 ShmemPmdMapped:        0 kB
Node 0 FileHugePages:        0 kB
Node 0 FilePmdMapped:        0 kB
Node 0 HugePages_Total:     0
Node 0 HugePages_Free:      0
Node 0 HugePages_Surp:      0

Node 1 MemTotal:       24686196 kB
Node 1 MemFree:        24245484 kB
Node 1 MemUsed:          440712 kB
Node 1 Active:            63924 kB
Node 1 Inactive:          99240 kB
Node 1 Active(anon):      17792 kB
Node 1 Inactive(anon):      488 kB
Node 1 Active(file):      46132 kB
Node 1 Inactive(file):    98752 kB
Node 1 Unevictable:         632 kB
Node 1 Mlocked:             632 kB
Node 1 Dirty:               232 kB
Node 1 Writeback:             0 kB
Node 1 FilePages:        146200 kB
Node 1 Mapped:            57332 kB
Node 1 AnonPages:         17468 kB
Node 1 Shmem:               668 kB
Node 1 KernelStack:        1480 kB
Node 1 PageTables:          644 kB
Node 1 NFS_Unstable:          0 kB
Node 1 Bounce:                0 kB
Node 1 WritebackTmp:          0 kB
Node 1 KReclaimable:      22312 kB
Node 1 Slab:              55692 kB
Node 1 SReclaimable:      22312 kB
Node 1 SUnreclaim:        33380 kB
Node 1 AnonHugePages:         0 kB
Node 1 ShmemHugePages:        0 kB
Node 1 ShmemPmdMapped:        0 kB
Node 1 FileHugePages:        0 kB
Node 1 FilePmdMapped:        0 kB
Node 1 HugePages_Total:     0
Node 1 HugePages_Free:      0
Node 1 HugePages_Surp:      0

After Test
Node 0 MemTotal:       24743736 kB
Node 0 MemFree:        24016484 kB
Node 0 MemUsed:          727252 kB
Node 0 Active:            39956 kB
Node 0 Inactive:          30252 kB
Node 0 Active(anon):      15168 kB
Node 0 Inactive(anon):      388 kB
Node 0 Active(file):      24788 kB
Node 0 Inactive(file):    29864 kB
Node 0 Unevictable:       17888 kB
Node 0 Mlocked:           17888 kB
Node 0 Dirty:                24 kB
Node 0 Writeback:             0 kB
Node 0 FilePages:         62812 kB
Node 0 Mapped:            26128 kB
Node 0 AnonPages:         25284 kB
Node 0 Shmem:               600 kB
Node 0 KernelStack:        3160 kB
Node 0 PageTables:          596 kB
Node 0 NFS_Unstable:          0 kB
Node 0 Bounce:                0 kB
Node 0 WritebackTmp:          0 kB
Node 0 KReclaimable:      20860 kB
Node 0 Slab:              62568 kB
Node 0 SReclaimable:      20860 kB
Node 0 SUnreclaim:        41708 kB
Node 0 AnonHugePages:         0 kB
Node 0 ShmemHugePages:        0 kB
Node 0 ShmemPmdMapped:        0 kB
Node 0 FileHugePages:        0 kB
Node 0 FilePmdMapped:        0 kB
Node 0 HugePages_Total:     0
Node 0 HugePages_Free:      0
Node 0 HugePages_Surp:      0

Node 1 MemTotal:       24686196 kB
Node 1 MemFree:        20820816 kB
Node 1 MemUsed:         3865380 kB
Node 1 Active:            65032 kB
Node 1 Inactive:        1075588 kB
Node 1 Active(anon):      18088 kB
Node 1 Inactive(anon):      488 kB
Node 1 Active(file):      46944 kB
Node 1 Inactive(file):  1075100 kB
Node 1 Unevictable:         632 kB
Node 1 Mlocked:             632 kB
Node 1 Dirty:                36 kB
Node 1 Writeback:             0 kB
Node 1 FilePages:       1123408 kB
Node 1 Mapped:            57064 kB
Node 1 AnonPages:         17756 kB
Node 1 Shmem:               668 kB
Node 1 KernelStack:        1464 kB
Node 1 PageTables:          820 kB
Node 1 NFS_Unstable:          0 kB
Node 1 Bounce:                0 kB
Node 1 WritebackTmp:          0 kB
Node 1 KReclaimable:      24596 kB
Node 1 Slab:              69792 kB
Node 1 SReclaimable:      24596 kB
Node 1 SUnreclaim:        45196 kB
Node 1 AnonHugePages:         0 kB
Node 1 ShmemHugePages:        0 kB
Node 1 ShmemPmdMapped:        0 kB
Node 1 FileHugePages:        0 kB
Node 1 FilePmdMapped:        0 kB
Node 1 HugePages_Total:     0
Node 1 HugePages_Free:      0
Node 1 HugePages_Surp:      0

After Opposite Node
Node 0 MemTotal:       24743736 kB
Node 0 MemFree:        24016924 kB
Node 0 MemUsed:          726812 kB
Node 0 Active:            40624 kB
Node 0 Inactive:          30068 kB
Node 0 Active(anon):      15644 kB
Node 0 Inactive(anon):      388 kB
Node 0 Active(file):      24980 kB
Node 0 Inactive(file):    29680 kB
Node 0 Unevictable:       17888 kB
Node 0 Mlocked:           17888 kB
Node 0 Dirty:                28 kB
Node 0 Writeback:             0 kB
Node 0 FilePages:         62820 kB
Node 0 Mapped:            26128 kB
Node 0 AnonPages:         25656 kB
Node 0 Shmem:               600 kB
Node 0 KernelStack:        3160 kB
Node 0 PageTables:          800 kB
Node 0 NFS_Unstable:          0 kB
Node 0 Bounce:                0 kB
Node 0 WritebackTmp:          0 kB
Node 0 KReclaimable:      20892 kB
Node 0 Slab:              63092 kB
Node 0 SReclaimable:      20892 kB
Node 0 SUnreclaim:        42200 kB
Node 0 AnonHugePages:         0 kB
Node 0 ShmemHugePages:        0 kB
Node 0 ShmemPmdMapped:        0 kB
Node 0 FileHugePages:        0 kB
Node 0 FilePmdMapped:        0 kB
Node 0 HugePages_Total:     0
Node 0 HugePages_Free:      0
Node 0 HugePages_Surp:      0

Node 1 MemTotal:       24686196 kB
Node 1 MemFree:        20821796 kB
Node 1 MemUsed:         3864400 kB
Node 1 Active:            64612 kB
Node 1 Inactive:        1075580 kB
Node 1 Active(anon):      17580 kB
Node 1 Inactive(anon):      488 kB
Node 1 Active(file):      47032 kB
Node 1 Inactive(file):  1075092 kB
Node 1 Unevictable:         632 kB
Node 1 Mlocked:             632 kB
Node 1 Dirty:                44 kB
Node 1 Writeback:             0 kB
Node 1 FilePages:       1123432 kB
Node 1 Mapped:            57076 kB
Node 1 AnonPages:         17404 kB
Node 1 Shmem:               668 kB
Node 1 KernelStack:        1464 kB
Node 1 PageTables:          608 kB
Node 1 NFS_Unstable:          0 kB
Node 1 Bounce:                0 kB
Node 1 WritebackTmp:          0 kB
Node 1 KReclaimable:      24596 kB
Node 1 Slab:              70140 kB
Node 1 SReclaimable:      24596 kB
Node 1 SUnreclaim:        45544 kB
Node 1 AnonHugePages:         0 kB
Node 1 ShmemHugePages:        0 kB
Node 1 ShmemPmdMapped:        0 kB
Node 1 FileHugePages:        0 kB
Node 1 FilePmdMapped:        0 kB
Node 1 HugePages_Total:     0
Node 1 HugePages_Free:      0
Node 1 HugePages_Surp:      0

U.1.huge-simpleread.2G.1.O.1M Complete!
