U.1.huge-simpleread.4G.2.O.1M
Begin
Node 0 MemTotal:       24743736 kB
Node 0 MemFree:        24342480 kB
Node 0 MemUsed:          401256 kB
Node 0 Active:            62856 kB
Node 0 Inactive:          58408 kB
Node 0 Active(anon):      19740 kB
Node 0 Inactive(anon):      384 kB
Node 0 Active(file):      43116 kB
Node 0 Inactive(file):    58024 kB
Node 0 Unevictable:        5844 kB
Node 0 Mlocked:            5844 kB
Node 0 Dirty:               136 kB
Node 0 Writeback:             0 kB
Node 0 FilePages:        107700 kB
Node 0 Mapped:            24716 kB
Node 0 AnonPages:         19556 kB
Node 0 Shmem:               576 kB
Node 0 KernelStack:        1912 kB
Node 0 PageTables:          468 kB
Node 0 NFS_Unstable:          0 kB
Node 0 Bounce:                0 kB
Node 0 WritebackTmp:          0 kB
Node 0 KReclaimable:      22224 kB
Node 0 Slab:              55752 kB
Node 0 SReclaimable:      22224 kB
Node 0 SUnreclaim:        33528 kB
Node 0 AnonHugePages:         0 kB
Node 0 ShmemHugePages:        0 kB
Node 0 ShmemPmdMapped:        0 kB
Node 0 FileHugePages:        0 kB
Node 0 FilePmdMapped:        0 kB
Node 0 HugePages_Total:     0
Node 0 HugePages_Free:      0
Node 0 HugePages_Surp:      0

Node 1 MemTotal:       24686196 kB
Node 1 MemFree:        24415680 kB
Node 1 MemUsed:          270516 kB
Node 1 Active:            45380 kB
Node 1 Inactive:          76976 kB
Node 1 Active(anon):      14416 kB
Node 1 Inactive(anon):      484 kB
Node 1 Active(file):      30964 kB
Node 1 Inactive(file):    76492 kB
Node 1 Unevictable:       12680 kB
Node 1 Mlocked:           12680 kB
Node 1 Dirty:                40 kB
Node 1 Writeback:             0 kB
Node 1 FilePages:        110504 kB
Node 1 Mapped:            13576 kB
Node 1 AnonPages:         24544 kB
Node 1 Shmem:               692 kB
Node 1 KernelStack:        1672 kB
Node 1 PageTables:          556 kB
Node 1 NFS_Unstable:          0 kB
Node 1 Bounce:                0 kB
Node 1 WritebackTmp:          0 kB
Node 1 KReclaimable:      19960 kB
Node 1 Slab:              51548 kB
Node 1 SReclaimable:      19960 kB
Node 1 SUnreclaim:        31588 kB
Node 1 AnonHugePages:         0 kB
Node 1 ShmemHugePages:        0 kB
Node 1 ShmemPmdMapped:        0 kB
Node 1 FileHugePages:        0 kB
Node 1 FilePmdMapped:        0 kB
Node 1 HugePages_Total:     0
Node 1 HugePages_Free:      0
Node 1 HugePages_Surp:      0

Load ZFS
Node 0 MemTotal:       24743736 kB
Node 0 MemFree:        24336184 kB
Node 0 MemUsed:          407552 kB
Node 0 Active:            71116 kB
Node 0 Inactive:          53788 kB
Node 0 Active(anon):      21748 kB
Node 0 Inactive(anon):      384 kB
Node 0 Active(file):      49368 kB
Node 0 Inactive(file):    53404 kB
Node 0 Unevictable:        5844 kB
Node 0 Mlocked:            5844 kB
Node 0 Dirty:                80 kB
Node 0 Writeback:             0 kB
Node 0 FilePages:        109188 kB
Node 0 Mapped:            24864 kB
Node 0 AnonPages:         21492 kB
Node 0 Shmem:               576 kB
Node 0 KernelStack:        2120 kB
Node 0 PageTables:          652 kB
Node 0 NFS_Unstable:          0 kB
Node 0 Bounce:                0 kB
Node 0 WritebackTmp:          0 kB
Node 0 KReclaimable:      22824 kB
Node 0 Slab:              57788 kB
Node 0 SReclaimable:      22824 kB
Node 0 SUnreclaim:        34964 kB
Node 0 AnonHugePages:         0 kB
Node 0 ShmemHugePages:        0 kB
Node 0 ShmemPmdMapped:        0 kB
Node 0 FileHugePages:        0 kB
Node 0 FilePmdMapped:        0 kB
Node 0 HugePages_Total:     0
Node 0 HugePages_Free:      0
Node 0 HugePages_Surp:      0

Node 1 MemTotal:       24686196 kB
Node 1 MemFree:        24410760 kB
Node 1 MemUsed:          275436 kB
Node 1 Active:            47968 kB
Node 1 Inactive:          77556 kB
Node 1 Active(anon):      16524 kB
Node 1 Inactive(anon):      484 kB
Node 1 Active(file):      31444 kB
Node 1 Inactive(file):    77072 kB
Node 1 Unevictable:       12680 kB
Node 1 Mlocked:           12680 kB
Node 1 Dirty:                80 kB
Node 1 Writeback:             0 kB
Node 1 FilePages:        111560 kB
Node 1 Mapped:            13604 kB
Node 1 AnonPages:         26764 kB
Node 1 Shmem:               692 kB
Node 1 KernelStack:        1592 kB
Node 1 PageTables:          716 kB
Node 1 NFS_Unstable:          0 kB
Node 1 Bounce:                0 kB
Node 1 WritebackTmp:          0 kB
Node 1 KReclaimable:      20460 kB
Node 1 Slab:              53628 kB
Node 1 SReclaimable:      20460 kB
Node 1 SUnreclaim:        33168 kB
Node 1 AnonHugePages:         0 kB
Node 1 ShmemHugePages:        0 kB
Node 1 ShmemPmdMapped:        0 kB
Node 1 FileHugePages:        0 kB
Node 1 FilePmdMapped:        0 kB
Node 1 HugePages_Total:     0
Node 1 HugePages_Free:      0
Node 1 HugePages_Surp:      0

Import tank ZPool
Node 0 MemTotal:       24743736 kB
Node 0 MemFree:        24317784 kB
Node 0 MemUsed:          425952 kB
Node 0 Active:            71916 kB
Node 0 Inactive:          54896 kB
Node 0 Active(anon):      22116 kB
Node 0 Inactive(anon):      388 kB
Node 0 Active(file):      49800 kB
Node 0 Inactive(file):    54508 kB
Node 0 Unevictable:        5844 kB
Node 0 Mlocked:            5844 kB
Node 0 Dirty:               108 kB
Node 0 Writeback:             0 kB
Node 0 FilePages:        110724 kB
Node 0 Mapped:            24844 kB
Node 0 AnonPages:         21572 kB
Node 0 Shmem:               576 kB
Node 0 KernelStack:        3256 kB
Node 0 PageTables:          732 kB
Node 0 NFS_Unstable:          0 kB
Node 0 Bounce:                0 kB
Node 0 WritebackTmp:          0 kB
Node 0 KReclaimable:      22964 kB
Node 0 Slab:              64960 kB
Node 0 SReclaimable:      22964 kB
Node 0 SUnreclaim:        41996 kB
Node 0 AnonHugePages:         0 kB
Node 0 ShmemHugePages:        0 kB
Node 0 ShmemPmdMapped:        0 kB
Node 0 FileHugePages:        0 kB
Node 0 FilePmdMapped:        0 kB
Node 0 HugePages_Total:     0
Node 0 HugePages_Free:      0
Node 0 HugePages_Surp:      0

Node 1 MemTotal:       24686196 kB
Node 1 MemFree:        24406984 kB
Node 1 MemUsed:          279212 kB
Node 1 Active:            47968 kB
Node 1 Inactive:          77556 kB
Node 1 Active(anon):      16524 kB
Node 1 Inactive(anon):      484 kB
Node 1 Active(file):      31444 kB
Node 1 Inactive(file):    77072 kB
Node 1 Unevictable:       12680 kB
Node 1 Mlocked:           12680 kB
Node 1 Dirty:               100 kB
Node 1 Writeback:             0 kB
Node 1 FilePages:        111584 kB
Node 1 Mapped:            13668 kB
Node 1 AnonPages:         26784 kB
Node 1 Shmem:               692 kB
Node 1 KernelStack:        1608 kB
Node 1 PageTables:          716 kB
Node 1 NFS_Unstable:          0 kB
Node 1 Bounce:                0 kB
Node 1 WritebackTmp:          0 kB
Node 1 KReclaimable:      20464 kB
Node 1 Slab:              54436 kB
Node 1 SReclaimable:      20464 kB
Node 1 SUnreclaim:        33972 kB
Node 1 AnonHugePages:         0 kB
Node 1 ShmemHugePages:        0 kB
Node 1 ShmemPmdMapped:        0 kB
Node 1 FileHugePages:        0 kB
Node 1 FilePmdMapped:        0 kB
Node 1 HugePages_Total:     0
Node 1 HugePages_Free:      0
Node 1 HugePages_Surp:      0

After Test
Node 0 MemTotal:       24743736 kB
Node 0 MemFree:        24007168 kB
Node 0 MemUsed:          736568 kB
Node 0 Active:            69676 kB
Node 0 Inactive:          54692 kB
Node 0 Active(anon):      19636 kB
Node 0 Inactive(anon):      392 kB
Node 0 Active(file):      50040 kB
Node 0 Inactive(file):    54300 kB
Node 0 Unevictable:        5844 kB
Node 0 Mlocked:            5844 kB
Node 0 Dirty:                16 kB
Node 0 Writeback:             0 kB
Node 0 FilePages:        110760 kB
Node 0 Mapped:            24696 kB
Node 0 AnonPages:         19448 kB
Node 0 Shmem:               580 kB
Node 0 KernelStack:        3016 kB
Node 0 PageTables:          464 kB
Node 0 NFS_Unstable:          0 kB
Node 0 Bounce:                0 kB
Node 0 WritebackTmp:          0 kB
Node 0 KReclaimable:      23044 kB
Node 0 Slab:              66124 kB
Node 0 SReclaimable:      23044 kB
Node 0 SUnreclaim:        43080 kB
Node 0 AnonHugePages:         0 kB
Node 0 ShmemHugePages:        0 kB
Node 0 ShmemPmdMapped:        0 kB
Node 0 FileHugePages:        0 kB
Node 0 FilePmdMapped:        0 kB
Node 0 HugePages_Total:     0
Node 0 HugePages_Free:      0
Node 0 HugePages_Surp:      0

Node 1 MemTotal:       24686196 kB
Node 1 MemFree:        18710124 kB
Node 1 MemUsed:         5976072 kB
Node 1 Active:            45936 kB
Node 1 Inactive:        1054060 kB
Node 1 Active(anon):      13804 kB
Node 1 Inactive(anon):      480 kB
Node 1 Active(file):      32132 kB
Node 1 Inactive(file):  1053580 kB
Node 1 Unevictable:       12680 kB
Node 1 Mlocked:           12680 kB
Node 1 Dirty:                32 kB
Node 1 Writeback:             0 kB
Node 1 FilePages:       1088796 kB
Node 1 Mapped:            13880 kB
Node 1 AnonPages:         23772 kB
Node 1 Shmem:               688 kB
Node 1 KernelStack:        1560 kB
Node 1 PageTables:          764 kB
Node 1 NFS_Unstable:          0 kB
Node 1 Bounce:                0 kB
Node 1 WritebackTmp:          0 kB
Node 1 KReclaimable:      22744 kB
Node 1 Slab:              75376 kB
Node 1 SReclaimable:      22744 kB
Node 1 SUnreclaim:        52632 kB
Node 1 AnonHugePages:         0 kB
Node 1 ShmemHugePages:        0 kB
Node 1 ShmemPmdMapped:        0 kB
Node 1 FileHugePages:        0 kB
Node 1 FilePmdMapped:        0 kB
Node 1 HugePages_Total:     0
Node 1 HugePages_Free:      0
Node 1 HugePages_Surp:      0

After Opposite Node
Node 0 MemTotal:       24743736 kB
Node 0 MemFree:        24004792 kB
Node 0 MemUsed:          738944 kB
Node 0 Active:            70224 kB
Node 0 Inactive:          54648 kB
Node 0 Active(anon):      20120 kB
Node 0 Inactive(anon):      392 kB
Node 0 Active(file):      50104 kB
Node 0 Inactive(file):    54256 kB
Node 0 Unevictable:        5844 kB
Node 0 Mlocked:            5844 kB
Node 0 Dirty:                40 kB
Node 0 Writeback:             0 kB
Node 0 FilePages:        110780 kB
Node 0 Mapped:            24696 kB
Node 0 AnonPages:         19824 kB
Node 0 Shmem:               580 kB
Node 0 KernelStack:        3016 kB
Node 0 PageTables:          680 kB
Node 0 NFS_Unstable:          0 kB
Node 0 Bounce:                0 kB
Node 0 WritebackTmp:          0 kB
Node 0 KReclaimable:      23084 kB
Node 0 Slab:              67096 kB
Node 0 SReclaimable:      23084 kB
Node 0 SUnreclaim:        44012 kB
Node 0 AnonHugePages:         0 kB
Node 0 ShmemHugePages:        0 kB
Node 0 ShmemPmdMapped:        0 kB
Node 0 FileHugePages:        0 kB
Node 0 FilePmdMapped:        0 kB
Node 0 HugePages_Total:     0
Node 0 HugePages_Free:      0
Node 0 HugePages_Surp:      0

Node 1 MemTotal:       24686196 kB
Node 1 MemFree:        18712468 kB
Node 1 MemUsed:         5973728 kB
Node 1 Active:            45632 kB
Node 1 Inactive:        1053848 kB
Node 1 Active(anon):      13284 kB
Node 1 Inactive(anon):      480 kB
Node 1 Active(file):      32348 kB
Node 1 Inactive(file):  1053368 kB
Node 1 Unevictable:       12680 kB
Node 1 Mlocked:           12680 kB
Node 1 Dirty:                36 kB
Node 1 Writeback:             0 kB
Node 1 FilePages:       1088808 kB
Node 1 Mapped:            13684 kB
Node 1 AnonPages:         23404 kB
Node 1 Shmem:               688 kB
Node 1 KernelStack:        1560 kB
Node 1 PageTables:          556 kB
Node 1 NFS_Unstable:          0 kB
Node 1 Bounce:                0 kB
Node 1 WritebackTmp:          0 kB
Node 1 KReclaimable:      22744 kB
Node 1 Slab:              75100 kB
Node 1 SReclaimable:      22744 kB
Node 1 SUnreclaim:        52356 kB
Node 1 AnonHugePages:         0 kB
Node 1 ShmemHugePages:        0 kB
Node 1 ShmemPmdMapped:        0 kB
Node 1 FileHugePages:        0 kB
Node 1 FilePmdMapped:        0 kB
Node 1 HugePages_Total:     0
Node 1 HugePages_Free:      0
Node 1 HugePages_Surp:      0

U.1.huge-simpleread.4G.2.O.1M Complete!
