U.0.fio.8G.1.O
Begin
Node 0 MemTotal:       24768352 kB
Node 0 MemFree:        24326168 kB
Node 0 MemUsed:          442184 kB
Node 0 Active:            64396 kB
Node 0 Inactive:          82500 kB
Node 0 Active(anon):      20872 kB
Node 0 Inactive(anon):      456 kB
Node 0 Active(file):      43524 kB
Node 0 Inactive(file):    82044 kB
Node 0 Unevictable:        5244 kB
Node 0 Mlocked:            5244 kB
Node 0 Dirty:               272 kB
Node 0 Writeback:             0 kB
Node 0 FilePages:        131468 kB
Node 0 Mapped:            50228 kB
Node 0 AnonPages:         20692 kB
Node 0 Shmem:               656 kB
Node 0 KernelStack:        2232 kB
Node 0 PageTables:          612 kB
Node 0 NFS_Unstable:          0 kB
Node 0 Bounce:                0 kB
Node 0 WritebackTmp:          0 kB
Node 0 KReclaimable:      24236 kB
Node 0 Slab:              64564 kB
Node 0 SReclaimable:      24236 kB
Node 0 SUnreclaim:        40328 kB
Node 0 AnonHugePages:         0 kB
Node 0 ShmemHugePages:        0 kB
Node 0 ShmemPmdMapped:        0 kB
Node 0 FileHugePages:        0 kB
Node 0 FilePmdMapped:        0 kB
Node 0 HugePages_Total:     0
Node 0 HugePages_Free:      0
Node 0 HugePages_Surp:      0

Node 1 MemTotal:       24661580 kB
Node 1 MemFree:        24480568 kB
Node 1 MemUsed:          181012 kB
Node 1 Active:            32536 kB
Node 1 Inactive:          21012 kB
Node 1 Active(anon):      13020 kB
Node 1 Inactive(anon):      416 kB
Node 1 Active(file):      19516 kB
Node 1 Inactive(file):    20596 kB
Node 1 Unevictable:       13280 kB
Node 1 Mlocked:           13280 kB
Node 1 Dirty:               276 kB
Node 1 Writeback:             0 kB
Node 1 FilePages:         43676 kB
Node 1 Mapped:            12580 kB
Node 1 AnonPages:         23244 kB
Node 1 Shmem:               612 kB
Node 1 KernelStack:        1304 kB
Node 1 PageTables:          512 kB
Node 1 NFS_Unstable:          0 kB
Node 1 Bounce:                0 kB
Node 1 WritebackTmp:          0 kB
Node 1 KReclaimable:      16724 kB
Node 1 Slab:              40488 kB
Node 1 SReclaimable:      16724 kB
Node 1 SUnreclaim:        23764 kB
Node 1 AnonHugePages:         0 kB
Node 1 ShmemHugePages:        0 kB
Node 1 ShmemPmdMapped:        0 kB
Node 1 FileHugePages:        0 kB
Node 1 FilePmdMapped:        0 kB
Node 1 HugePages_Total:     0
Node 1 HugePages_Free:      0
Node 1 HugePages_Surp:      0

Load ZFS
Node 0 MemTotal:       24768352 kB
Node 0 MemFree:        24321388 kB
Node 0 MemUsed:          446964 kB
Node 0 Active:            72944 kB
Node 0 Inactive:          78148 kB
Node 0 Active(anon):      23456 kB
Node 0 Inactive(anon):      460 kB
Node 0 Active(file):      49488 kB
Node 0 Inactive(file):    77688 kB
Node 0 Unevictable:        5244 kB
Node 0 Mlocked:            5244 kB
Node 0 Dirty:               300 kB
Node 0 Writeback:             0 kB
Node 0 FilePages:        133072 kB
Node 0 Mapped:            50232 kB
Node 0 AnonPages:         23140 kB
Node 0 Shmem:               656 kB
Node 0 KernelStack:        2376 kB
Node 0 PageTables:          852 kB
Node 0 NFS_Unstable:          0 kB
Node 0 Bounce:                0 kB
Node 0 WritebackTmp:          0 kB
Node 0 KReclaimable:      24712 kB
Node 0 Slab:              66072 kB
Node 0 SReclaimable:      24712 kB
Node 0 SUnreclaim:        41360 kB
Node 0 AnonHugePages:         0 kB
Node 0 ShmemHugePages:        0 kB
Node 0 ShmemPmdMapped:        0 kB
Node 0 FileHugePages:        0 kB
Node 0 FilePmdMapped:        0 kB
Node 0 HugePages_Total:     0
Node 0 HugePages_Free:      0
Node 0 HugePages_Surp:      0

Node 1 MemTotal:       24661580 kB
Node 1 MemFree:        24471908 kB
Node 1 MemUsed:          189672 kB
Node 1 Active:            37768 kB
Node 1 Inactive:          21408 kB
Node 1 Active(anon):      17596 kB
Node 1 Inactive(anon):      416 kB
Node 1 Active(file):      20172 kB
Node 1 Inactive(file):    20992 kB
Node 1 Unevictable:       13280 kB
Node 1 Mlocked:           13280 kB
Node 1 Dirty:               276 kB
Node 1 Writeback:             0 kB
Node 1 FilePages:         44728 kB
Node 1 Mapped:            12772 kB
Node 1 AnonPages:         27888 kB
Node 1 Shmem:               612 kB
Node 1 KernelStack:        1352 kB
Node 1 PageTables:          792 kB
Node 1 NFS_Unstable:          0 kB
Node 1 Bounce:                0 kB
Node 1 WritebackTmp:          0 kB
Node 1 KReclaimable:      17212 kB
Node 1 Slab:              42448 kB
Node 1 SReclaimable:      17212 kB
Node 1 SUnreclaim:        25236 kB
Node 1 AnonHugePages:         0 kB
Node 1 ShmemHugePages:        0 kB
Node 1 ShmemPmdMapped:        0 kB
Node 1 FileHugePages:        0 kB
Node 1 FilePmdMapped:        0 kB
Node 1 HugePages_Total:     0
Node 1 HugePages_Free:      0
Node 1 HugePages_Surp:      0

Import tank ZPool
Node 0 MemTotal:       24768352 kB
Node 0 MemFree:        24300360 kB
Node 0 MemUsed:          467992 kB
Node 0 Active:            73736 kB
Node 0 Inactive:          79232 kB
Node 0 Active(anon):      23764 kB
Node 0 Inactive(anon):      464 kB
Node 0 Active(file):      49972 kB
Node 0 Inactive(file):    78768 kB
Node 0 Unevictable:        5244 kB
Node 0 Mlocked:            5244 kB
Node 0 Dirty:               344 kB
Node 0 Writeback:             0 kB
Node 0 FilePages:        134636 kB
Node 0 Mapped:            50436 kB
Node 0 AnonPages:         23692 kB
Node 0 Shmem:               656 kB
Node 0 KernelStack:        3544 kB
Node 0 PageTables:          944 kB
Node 0 NFS_Unstable:          0 kB
Node 0 Bounce:                0 kB
Node 0 WritebackTmp:          0 kB
Node 0 KReclaimable:      24828 kB
Node 0 Slab:              73076 kB
Node 0 SReclaimable:      24828 kB
Node 0 SUnreclaim:        48248 kB
Node 0 AnonHugePages:         0 kB
Node 0 ShmemHugePages:        0 kB
Node 0 ShmemPmdMapped:        0 kB
Node 0 FileHugePages:        0 kB
Node 0 FilePmdMapped:        0 kB
Node 0 HugePages_Total:     0
Node 0 HugePages_Free:      0
Node 0 HugePages_Surp:      0

Node 1 MemTotal:       24661580 kB
Node 1 MemFree:        24472648 kB
Node 1 MemUsed:          188932 kB
Node 1 Active:            37808 kB
Node 1 Inactive:          21408 kB
Node 1 Active(anon):      17624 kB
Node 1 Inactive(anon):      416 kB
Node 1 Active(file):      20184 kB
Node 1 Inactive(file):    20992 kB
Node 1 Unevictable:       13280 kB
Node 1 Mlocked:           13280 kB
Node 1 Dirty:                40 kB
Node 1 Writeback:             0 kB
Node 1 FilePages:         44740 kB
Node 1 Mapped:            12652 kB
Node 1 AnonPages:         27888 kB
Node 1 Shmem:               612 kB
Node 1 KernelStack:        1352 kB
Node 1 PageTables:          792 kB
Node 1 NFS_Unstable:          0 kB
Node 1 Bounce:                0 kB
Node 1 WritebackTmp:          0 kB
Node 1 KReclaimable:      17212 kB
Node 1 Slab:              42464 kB
Node 1 SReclaimable:      17212 kB
Node 1 SUnreclaim:        25252 kB
Node 1 AnonHugePages:         0 kB
Node 1 ShmemHugePages:        0 kB
Node 1 ShmemPmdMapped:        0 kB
Node 1 FileHugePages:        0 kB
Node 1 FilePmdMapped:        0 kB
Node 1 HugePages_Total:     0
Node 1 HugePages_Free:      0
Node 1 HugePages_Surp:      0

After Opposite Node
Node 0 MemTotal:       24768352 kB
Node 0 MemFree:        23311620 kB
Node 0 MemUsed:         1456732 kB
Node 0 Active:            71720 kB
Node 0 Inactive:          78940 kB
Node 0 Active(anon):      21324 kB
Node 0 Inactive(anon):      464 kB
Node 0 Active(file):      50396 kB
Node 0 Inactive(file):    78476 kB
Node 0 Unevictable:        5244 kB
Node 0 Mlocked:            5244 kB
Node 0 Dirty:                32 kB
Node 0 Writeback:             0 kB
Node 0 FilePages:        134776 kB
Node 0 Mapped:            50232 kB
Node 0 AnonPages:         21132 kB
Node 0 Shmem:               656 kB
Node 0 KernelStack:        3272 kB
Node 0 PageTables:          668 kB
Node 0 NFS_Unstable:          0 kB
Node 0 Bounce:                0 kB
Node 0 WritebackTmp:          0 kB
Node 0 KReclaimable:      24868 kB
Node 0 Slab:              76588 kB
Node 0 SReclaimable:      24868 kB
Node 0 SUnreclaim:        51720 kB
Node 0 AnonHugePages:         0 kB
Node 0 ShmemHugePages:        0 kB
Node 0 ShmemPmdMapped:        0 kB
Node 0 FileHugePages:        0 kB
Node 0 FilePmdMapped:        0 kB
Node 0 HugePages_Total:     0
Node 0 HugePages_Free:      0
Node 0 HugePages_Surp:      0

Node 1 MemTotal:       24661580 kB
Node 1 MemFree:        16216448 kB
Node 1 MemUsed:         8445132 kB
Node 1 Active:            32760 kB
Node 1 Inactive:          22620 kB
Node 1 Active(anon):      11692 kB
Node 1 Inactive(anon):      444 kB
Node 1 Active(file):      21068 kB
Node 1 Inactive(file):    22176 kB
Node 1 Unevictable:       13280 kB
Node 1 Mlocked:           13280 kB
Node 1 Dirty:                24 kB
Node 1 Writeback:             0 kB
Node 1 FilePages:         46852 kB
Node 1 Mapped:            12848 kB
Node 1 AnonPages:         21772 kB
Node 1 Shmem:               656 kB
Node 1 KernelStack:        1304 kB
Node 1 PageTables:          608 kB
Node 1 NFS_Unstable:          0 kB
Node 1 Bounce:                0 kB
Node 1 WritebackTmp:          0 kB
Node 1 KReclaimable:      18580 kB
Node 1 Slab:              75096 kB
Node 1 SReclaimable:      18580 kB
Node 1 SUnreclaim:        56516 kB
Node 1 AnonHugePages:         0 kB
Node 1 ShmemHugePages:        0 kB
Node 1 ShmemPmdMapped:        0 kB
Node 1 FileHugePages:        0 kB
Node 1 FilePmdMapped:        0 kB
Node 1 HugePages_Total:     0
Node 1 HugePages_Free:      0
Node 1 HugePages_Surp:      0

After Test
Node 0 MemTotal:       24768352 kB
Node 0 MemFree:        23311264 kB
Node 0 MemUsed:         1457088 kB
Node 0 Active:            71980 kB
Node 0 Inactive:          78972 kB
Node 0 Active(anon):      21524 kB
Node 0 Inactive(anon):      500 kB
Node 0 Active(file):      50456 kB
Node 0 Inactive(file):    78472 kB
Node 0 Unevictable:        5244 kB
Node 0 Mlocked:            5244 kB
Node 0 Dirty:                52 kB
Node 0 Writeback:             0 kB
Node 0 FilePages:        134876 kB
Node 0 Mapped:            50276 kB
Node 0 AnonPages:         21192 kB
Node 0 Shmem:               700 kB
Node 0 KernelStack:        3304 kB
Node 0 PageTables:          780 kB
Node 0 NFS_Unstable:          0 kB
Node 0 Bounce:                0 kB
Node 0 WritebackTmp:          0 kB
Node 0 KReclaimable:      24900 kB
Node 0 Slab:              77944 kB
Node 0 SReclaimable:      24900 kB
Node 0 SUnreclaim:        53044 kB
Node 0 AnonHugePages:         0 kB
Node 0 ShmemHugePages:        0 kB
Node 0 ShmemPmdMapped:        0 kB
Node 0 FileHugePages:        0 kB
Node 0 FilePmdMapped:        0 kB
Node 0 HugePages_Total:     0
Node 0 HugePages_Free:      0
Node 0 HugePages_Surp:      0

Node 1 MemTotal:       24661580 kB
Node 1 MemFree:        16221112 kB
Node 1 MemUsed:         8440468 kB
Node 1 Active:            32744 kB
Node 1 Inactive:          22424 kB
Node 1 Active(anon):      11500 kB
Node 1 Inactive(anon):      416 kB
Node 1 Active(file):      21244 kB
Node 1 Inactive(file):    22008 kB
Node 1 Unevictable:       13280 kB
Node 1 Mlocked:           13280 kB
Node 1 Dirty:                20 kB
Node 1 Writeback:             0 kB
Node 1 FilePages:         46816 kB
Node 1 Mapped:            12848 kB
Node 1 AnonPages:         21632 kB
Node 1 Shmem:               612 kB
Node 1 KernelStack:        1288 kB
Node 1 PageTables:          432 kB
Node 1 NFS_Unstable:          0 kB
Node 1 Bounce:                0 kB
Node 1 WritebackTmp:          0 kB
Node 1 KReclaimable:      18580 kB
Node 1 Slab:              74288 kB
Node 1 SReclaimable:      18580 kB
Node 1 SUnreclaim:        55708 kB
Node 1 AnonHugePages:         0 kB
Node 1 ShmemHugePages:        0 kB
Node 1 ShmemPmdMapped:        0 kB
Node 1 FileHugePages:        0 kB
Node 1 FilePmdMapped:        0 kB
Node 1 HugePages_Total:     0
Node 1 HugePages_Free:      0
Node 1 HugePages_Surp:      0

U.0.fio.8G.1.O Complete!
