U.1.fio.~1G.3
Begin
Node 0 MemTotal:       24743552 kB
Node 0 MemFree:        24518924 kB
Node 0 MemUsed:          224628 kB
Node 0 Active:            50768 kB
Node 0 Inactive:          42776 kB
Node 0 Active(anon):      13884 kB
Node 0 Inactive(anon):      312 kB
Node 0 Active(file):      36884 kB
Node 0 Inactive(file):    42464 kB
Node 0 Unevictable:         996 kB
Node 0 Mlocked:             996 kB
Node 0 Dirty:               144 kB
Node 0 Writeback:             0 kB
Node 0 FilePages:         80856 kB
Node 0 Mapped:            11924 kB
Node 0 AnonPages:         13832 kB
Node 0 Shmem:               472 kB
Node 0 KernelStack:        1768 kB
Node 0 PageTables:          568 kB
Node 0 NFS_Unstable:          0 kB
Node 0 Bounce:                0 kB
Node 0 WritebackTmp:          0 kB
Node 0 KReclaimable:      20944 kB
Node 0 Slab:              50260 kB
Node 0 SReclaimable:      20944 kB
Node 0 SUnreclaim:        29316 kB
Node 0 AnonHugePages:         0 kB
Node 0 ShmemHugePages:        0 kB
Node 0 ShmemPmdMapped:        0 kB
Node 0 FileHugePages:        0 kB
Node 0 FilePmdMapped:        0 kB
Node 0 HugePages_Total:     0
Node 0 HugePages_Free:      0
Node 0 HugePages_Surp:      0

Node 1 MemTotal:       24686196 kB
Node 1 MemFree:        24283692 kB
Node 1 MemUsed:          402504 kB
Node 1 Active:            52612 kB
Node 1 Inactive:          55996 kB
Node 1 Active(anon):      21948 kB
Node 1 Inactive(anon):      520 kB
Node 1 Active(file):      30664 kB
Node 1 Inactive(file):    55476 kB
Node 1 Unevictable:       17400 kB
Node 1 Mlocked:           17400 kB
Node 1 Dirty:               632 kB
Node 1 Writeback:             0 kB
Node 1 FilePages:         94048 kB
Node 1 Mapped:            50408 kB
Node 1 AnonPages:         32028 kB
Node 1 Shmem:               712 kB
Node 1 KernelStack:        1816 kB
Node 1 PageTables:          760 kB
Node 1 NFS_Unstable:          0 kB
Node 1 Bounce:                0 kB
Node 1 WritebackTmp:          0 kB
Node 1 KReclaimable:      21372 kB
Node 1 Slab:              59788 kB
Node 1 SReclaimable:      21372 kB
Node 1 SUnreclaim:        38416 kB
Node 1 AnonHugePages:         0 kB
Node 1 ShmemHugePages:        0 kB
Node 1 ShmemPmdMapped:        0 kB
Node 1 FileHugePages:        0 kB
Node 1 FilePmdMapped:        0 kB
Node 1 HugePages_Total:     0
Node 1 HugePages_Free:      0
Node 1 HugePages_Surp:      0

Load ZFS
Node 0 MemTotal:       24743552 kB
Node 0 MemFree:        24518724 kB
Node 0 MemUsed:          224828 kB
Node 0 Active:            50768 kB
Node 0 Inactive:          42776 kB
Node 0 Active(anon):      13884 kB
Node 0 Inactive(anon):      312 kB
Node 0 Active(file):      36884 kB
Node 0 Inactive(file):    42464 kB
Node 0 Unevictable:         996 kB
Node 0 Mlocked:             996 kB
Node 0 Dirty:               144 kB
Node 0 Writeback:             0 kB
Node 0 FilePages:         80856 kB
Node 0 Mapped:            11924 kB
Node 0 AnonPages:         13980 kB
Node 0 Shmem:               472 kB
Node 0 KernelStack:        1768 kB
Node 0 PageTables:          568 kB
Node 0 NFS_Unstable:          0 kB
Node 0 Bounce:                0 kB
Node 0 WritebackTmp:          0 kB
Node 0 KReclaimable:      20944 kB
Node 0 Slab:              50552 kB
Node 0 SReclaimable:      20944 kB
Node 0 SUnreclaim:        29608 kB
Node 0 AnonHugePages:         0 kB
Node 0 ShmemHugePages:        0 kB
Node 0 ShmemPmdMapped:        0 kB
Node 0 FileHugePages:        0 kB
Node 0 FilePmdMapped:        0 kB
Node 0 HugePages_Total:     0
Node 0 HugePages_Free:      0
Node 0 HugePages_Surp:      0

Node 1 MemTotal:       24686196 kB
Node 1 MemFree:        24283692 kB
Node 1 MemUsed:          402504 kB
Node 1 Active:            52612 kB
Node 1 Inactive:          55996 kB
Node 1 Active(anon):      21948 kB
Node 1 Inactive(anon):      520 kB
Node 1 Active(file):      30664 kB
Node 1 Inactive(file):    55476 kB
Node 1 Unevictable:       17400 kB
Node 1 Mlocked:           17400 kB
Node 1 Dirty:               632 kB
Node 1 Writeback:             0 kB
Node 1 FilePages:         94048 kB
Node 1 Mapped:            50408 kB
Node 1 AnonPages:         32028 kB
Node 1 Shmem:               712 kB
Node 1 KernelStack:        1816 kB
Node 1 PageTables:          760 kB
Node 1 NFS_Unstable:          0 kB
Node 1 Bounce:                0 kB
Node 1 WritebackTmp:          0 kB
Node 1 KReclaimable:      21372 kB
Node 1 Slab:              59788 kB
Node 1 SReclaimable:      21372 kB
Node 1 SUnreclaim:        38416 kB
Node 1 AnonHugePages:         0 kB
Node 1 ShmemHugePages:        0 kB
Node 1 ShmemPmdMapped:        0 kB
Node 1 FileHugePages:        0 kB
Node 1 FilePmdMapped:        0 kB
Node 1 HugePages_Total:     0
Node 1 HugePages_Free:      0
Node 1 HugePages_Surp:      0

Import tank ZPool
Node 0 MemTotal:       24743552 kB
Node 0 MemFree:        24504584 kB
Node 0 MemUsed:          238968 kB
Node 0 Active:            52408 kB
Node 0 Inactive:          44284 kB
Node 0 Active(anon):      15236 kB
Node 0 Inactive(anon):      316 kB
Node 0 Active(file):      37172 kB
Node 0 Inactive(file):    43968 kB
Node 0 Unevictable:         996 kB
Node 0 Mlocked:             996 kB
Node 0 Dirty:               164 kB
Node 0 Writeback:             0 kB
Node 0 FilePages:         82660 kB
Node 0 Mapped:            12124 kB
Node 0 AnonPages:         15188 kB
Node 0 Shmem:               476 kB
Node 0 KernelStack:        2920 kB
Node 0 PageTables:          708 kB
Node 0 NFS_Unstable:          0 kB
Node 0 Bounce:                0 kB
Node 0 WritebackTmp:          0 kB
Node 0 KReclaimable:      21496 kB
Node 0 Slab:              59572 kB
Node 0 SReclaimable:      21496 kB
Node 0 SUnreclaim:        38076 kB
Node 0 AnonHugePages:         0 kB
Node 0 ShmemHugePages:        0 kB
Node 0 ShmemPmdMapped:        0 kB
Node 0 FileHugePages:        0 kB
Node 0 FilePmdMapped:        0 kB
Node 0 HugePages_Total:     0
Node 0 HugePages_Free:      0
Node 0 HugePages_Surp:      0

Node 1 MemTotal:       24686196 kB
Node 1 MemFree:        24273548 kB
Node 1 MemUsed:          412648 kB
Node 1 Active:            51164 kB
Node 1 Inactive:          56000 kB
Node 1 Active(anon):      20492 kB
Node 1 Inactive(anon):      520 kB
Node 1 Active(file):      30672 kB
Node 1 Inactive(file):    55480 kB
Node 1 Unevictable:       17400 kB
Node 1 Mlocked:           17400 kB
Node 1 Dirty:               712 kB
Node 1 Writeback:             0 kB
Node 1 FilePages:         94092 kB
Node 1 Mapped:            50328 kB
Node 1 AnonPages:         30500 kB
Node 1 Shmem:               712 kB
Node 1 KernelStack:        1816 kB
Node 1 PageTables:          680 kB
Node 1 NFS_Unstable:          0 kB
Node 1 Bounce:                0 kB
Node 1 WritebackTmp:          0 kB
Node 1 KReclaimable:      21420 kB
Node 1 Slab:              61024 kB
Node 1 SReclaimable:      21420 kB
Node 1 SUnreclaim:        39604 kB
Node 1 AnonHugePages:         0 kB
Node 1 ShmemHugePages:        0 kB
Node 1 ShmemPmdMapped:        0 kB
Node 1 FileHugePages:        0 kB
Node 1 FilePmdMapped:        0 kB
Node 1 HugePages_Total:     0
Node 1 HugePages_Free:      0
Node 1 HugePages_Surp:      0

After Test
Node 0 MemTotal:       24743552 kB
Node 0 MemFree:        24484848 kB
Node 0 MemUsed:          258704 kB
Node 0 Active:            50396 kB
Node 0 Inactive:          44240 kB
Node 0 Active(anon):      13096 kB
Node 0 Inactive(anon):      316 kB
Node 0 Active(file):      37300 kB
Node 0 Inactive(file):    43924 kB
Node 0 Unevictable:         996 kB
Node 0 Mlocked:             996 kB
Node 0 Dirty:                 4 kB
Node 0 Writeback:             0 kB
Node 0 FilePages:         82696 kB
Node 0 Mapped:            11884 kB
Node 0 AnonPages:         12936 kB
Node 0 Shmem:               476 kB
Node 0 KernelStack:        2888 kB
Node 0 PageTables:          464 kB
Node 0 NFS_Unstable:          0 kB
Node 0 Bounce:                0 kB
Node 0 WritebackTmp:          0 kB
Node 0 KReclaimable:      21532 kB
Node 0 Slab:              59380 kB
Node 0 SReclaimable:      21532 kB
Node 0 SUnreclaim:        37848 kB
Node 0 AnonHugePages:         0 kB
Node 0 ShmemHugePages:        0 kB
Node 0 ShmemPmdMapped:        0 kB
Node 0 FileHugePages:        0 kB
Node 0 FilePmdMapped:        0 kB
Node 0 HugePages_Total:     0
Node 0 HugePages_Free:      0
Node 0 HugePages_Surp:      0

Node 1 MemTotal:       24686196 kB
Node 1 MemFree:        22859064 kB
Node 1 MemUsed:         1827132 kB
Node 1 Active:            51880 kB
Node 1 Inactive:          57208 kB
Node 1 Active(anon):      20368 kB
Node 1 Inactive(anon):      564 kB
Node 1 Active(file):      31512 kB
Node 1 Inactive(file):    56644 kB
Node 1 Unevictable:       17400 kB
Node 1 Mlocked:           17400 kB
Node 1 Dirty:                28 kB
Node 1 Writeback:             0 kB
Node 1 FilePages:         96108 kB
Node 1 Mapped:            50028 kB
Node 1 AnonPages:         30244 kB
Node 1 Shmem:               756 kB
Node 1 KernelStack:        1816 kB
Node 1 PageTables:          852 kB
Node 1 NFS_Unstable:          0 kB
Node 1 Bounce:                0 kB
Node 1 WritebackTmp:          0 kB
Node 1 KReclaimable:      22860 kB
Node 1 Slab:              70712 kB
Node 1 SReclaimable:      22860 kB
Node 1 SUnreclaim:        47852 kB
Node 1 AnonHugePages:         0 kB
Node 1 ShmemHugePages:        0 kB
Node 1 ShmemPmdMapped:        0 kB
Node 1 FileHugePages:        0 kB
Node 1 FilePmdMapped:        0 kB
Node 1 HugePages_Total:     0
Node 1 HugePages_Free:      0
Node 1 HugePages_Surp:      0

U.1.fio.~1G.3 Complete!
