kernel.numa_balancing = 0
T.1.simpleread.250M.2.O.1M
Begin
Node 0 MemTotal:       24743736 kB
Node 0 MemFree:        24515928 kB
Node 0 MemUsed:          227808 kB
Node 0 Active:            50904 kB
Node 0 Inactive:          39528 kB
Node 0 Active(anon):       7324 kB
Node 0 Inactive(anon):      552 kB
Node 0 Active(file):      43580 kB
Node 0 Inactive(file):    38976 kB
Node 0 Unevictable:        4660 kB
Node 0 Mlocked:            4660 kB
Node 0 Dirty:               396 kB
Node 0 Writeback:             0 kB
Node 0 FilePages:         87992 kB
Node 0 Mapped:            35364 kB
Node 0 AnonPages:          7160 kB
Node 0 Shmem:               756 kB
Node 0 KernelStack:        2248 kB
Node 0 PageTables:          484 kB
Node 0 NFS_Unstable:          0 kB
Node 0 Bounce:                0 kB
Node 0 WritebackTmp:          0 kB
Node 0 KReclaimable:      21356 kB
Node 0 Slab:              52248 kB
Node 0 SReclaimable:      21356 kB
Node 0 SUnreclaim:        30892 kB
Node 0 AnonHugePages:         0 kB
Node 0 ShmemHugePages:        0 kB
Node 0 ShmemPmdMapped:        0 kB
Node 0 FileHugePages:        0 kB
Node 0 FilePmdMapped:        0 kB
Node 0 HugePages_Total:     0
Node 0 HugePages_Free:      0
Node 0 HugePages_Surp:      0

Node 1 MemTotal:       24686196 kB
Node 1 MemFree:        24298404 kB
Node 1 MemUsed:          387792 kB
Node 1 Active:            43704 kB
Node 1 Inactive:          54592 kB
Node 1 Active(anon):      26516 kB
Node 1 Inactive(anon):      328 kB
Node 1 Active(file):      17188 kB
Node 1 Inactive(file):    54264 kB
Node 1 Unevictable:       13860 kB
Node 1 Mlocked:           13860 kB
Node 1 Dirty:               128 kB
Node 1 Writeback:             0 kB
Node 1 FilePages:         75644 kB
Node 1 Mapped:            15808 kB
Node 1 AnonPages:         36708 kB
Node 1 Shmem:               512 kB
Node 1 KernelStack:        1432 kB
Node 1 PageTables:          632 kB
Node 1 NFS_Unstable:          0 kB
Node 1 Bounce:                0 kB
Node 1 WritebackTmp:          0 kB
Node 1 KReclaimable:      20092 kB
Node 1 Slab:              55024 kB
Node 1 SReclaimable:      20092 kB
Node 1 SUnreclaim:        34932 kB
Node 1 AnonHugePages:         0 kB
Node 1 ShmemHugePages:        0 kB
Node 1 ShmemPmdMapped:        0 kB
Node 1 FileHugePages:        0 kB
Node 1 FilePmdMapped:        0 kB
Node 1 HugePages_Total:     0
Node 1 HugePages_Free:      0
Node 1 HugePages_Surp:      0

Load ZFS
Node 0 MemTotal:       24743736 kB
Node 0 MemFree:        24477204 kB
Node 0 MemUsed:          266532 kB
Node 0 Active:            67060 kB
Node 0 Inactive:          54152 kB
Node 0 Active(anon):      22636 kB
Node 0 Inactive(anon):      540 kB
Node 0 Active(file):      44424 kB
Node 0 Inactive(file):    53612 kB
Node 0 Unevictable:        4660 kB
Node 0 Mlocked:            4660 kB
Node 0 Dirty:               416 kB
Node 0 Writeback:             0 kB
Node 0 FilePages:        103360 kB
Node 0 Mapped:            37412 kB
Node 0 AnonPages:         22508 kB
Node 0 Shmem:               668 kB
Node 0 KernelStack:        2616 kB
Node 0 PageTables:         1808 kB
Node 0 NFS_Unstable:          0 kB
Node 0 Bounce:                0 kB
Node 0 WritebackTmp:          0 kB
Node 0 KReclaimable:      21976 kB
Node 0 Slab:              55612 kB
Node 0 SReclaimable:      21976 kB
Node 0 SUnreclaim:        33636 kB
Node 0 AnonHugePages:         0 kB
Node 0 ShmemHugePages:        0 kB
Node 0 ShmemPmdMapped:        0 kB
Node 0 FileHugePages:        0 kB
Node 0 FilePmdMapped:        0 kB
Node 0 HugePages_Total:     0
Node 0 HugePages_Free:      0
Node 0 HugePages_Surp:      0

Node 1 MemTotal:       24686196 kB
Node 1 MemFree:        24194248 kB
Node 1 MemUsed:          491948 kB
Node 1 Active:            54540 kB
Node 1 Inactive:         143508 kB
Node 1 Active(anon):      35592 kB
Node 1 Inactive(anon):      408 kB
Node 1 Active(file):      18948 kB
Node 1 Inactive(file):   143100 kB
Node 1 Unevictable:       14092 kB
Node 1 Mlocked:           14092 kB
Node 1 Dirty:               128 kB
Node 1 Writeback:             0 kB
Node 1 FilePages:        166184 kB
Node 1 Mapped:            17848 kB
Node 1 AnonPages:         46460 kB
Node 1 Shmem:               600 kB
Node 1 KernelStack:        1664 kB
Node 1 PageTables:         1028 kB
Node 1 NFS_Unstable:          0 kB
Node 1 Bounce:                0 kB
Node 1 WritebackTmp:          0 kB
Node 1 KReclaimable:      21164 kB
Node 1 Slab:              58340 kB
Node 1 SReclaimable:      21164 kB
Node 1 SUnreclaim:        37176 kB
Node 1 AnonHugePages:         0 kB
Node 1 ShmemHugePages:        0 kB
Node 1 ShmemPmdMapped:        0 kB
Node 1 FileHugePages:        0 kB
Node 1 FilePmdMapped:        0 kB
Node 1 HugePages_Total:     0
Node 1 HugePages_Free:      0
Node 1 HugePages_Surp:      0

Import tank ZPool
Node 0 MemTotal:       24743736 kB
Node 0 MemFree:        24467696 kB
Node 0 MemUsed:          276040 kB
Node 0 Active:            67064 kB
Node 0 Inactive:          54148 kB
Node 0 Active(anon):      22624 kB
Node 0 Inactive(anon):      536 kB
Node 0 Active(file):      44440 kB
Node 0 Inactive(file):    53612 kB
Node 0 Unevictable:        4660 kB
Node 0 Mlocked:            4660 kB
Node 0 Dirty:               528 kB
Node 0 Writeback:             0 kB
Node 0 FilePages:        103388 kB
Node 0 Mapped:            37252 kB
Node 0 AnonPages:         22496 kB
Node 0 Shmem:               664 kB
Node 0 KernelStack:        3576 kB
Node 0 PageTables:         1808 kB
Node 0 NFS_Unstable:          0 kB
Node 0 Bounce:                0 kB
Node 0 WritebackTmp:          0 kB
Node 0 KReclaimable:      22016 kB
Node 0 Slab:              57960 kB
Node 0 SReclaimable:      22016 kB
Node 0 SUnreclaim:        35944 kB
Node 0 AnonHugePages:         0 kB
Node 0 ShmemHugePages:        0 kB
Node 0 ShmemPmdMapped:        0 kB
Node 0 FileHugePages:        0 kB
Node 0 FilePmdMapped:        0 kB
Node 0 HugePages_Total:     0
Node 0 HugePages_Free:      0
Node 0 HugePages_Surp:      0

Node 1 MemTotal:       24686196 kB
Node 1 MemFree:        24184124 kB
Node 1 MemUsed:          502072 kB
Node 1 Active:            55356 kB
Node 1 Inactive:         144740 kB
Node 1 Active(anon):      36068 kB
Node 1 Inactive(anon):      412 kB
Node 1 Active(file):      19288 kB
Node 1 Inactive(file):   144328 kB
Node 1 Unevictable:       14092 kB
Node 1 Mlocked:           14092 kB
Node 1 Dirty:                40 kB
Node 1 Writeback:             0 kB
Node 1 FilePages:        167760 kB
Node 1 Mapped:            17952 kB
Node 1 AnonPages:         46252 kB
Node 1 Shmem:               604 kB
Node 1 KernelStack:        1768 kB
Node 1 PageTables:         1240 kB
Node 1 NFS_Unstable:          0 kB
Node 1 Bounce:                0 kB
Node 1 WritebackTmp:          0 kB
Node 1 KReclaimable:      21284 kB
Node 1 Slab:              63352 kB
Node 1 SReclaimable:      21284 kB
Node 1 SUnreclaim:        42068 kB
Node 1 AnonHugePages:         0 kB
Node 1 ShmemHugePages:        0 kB
Node 1 ShmemPmdMapped:        0 kB
Node 1 FileHugePages:        0 kB
Node 1 FilePmdMapped:        0 kB
Node 1 HugePages_Total:     0
Node 1 HugePages_Free:      0
Node 1 HugePages_Surp:      0

After Test
Node 0 MemTotal:       24743736 kB
Node 0 MemFree:        24438500 kB
Node 0 MemUsed:          305236 kB
Node 0 Active:            52192 kB
Node 0 Inactive:          54128 kB
Node 0 Active(anon):       7732 kB
Node 0 Inactive(anon):      536 kB
Node 0 Active(file):      44460 kB
Node 0 Inactive(file):    53592 kB
Node 0 Unevictable:        4660 kB
Node 0 Mlocked:            4660 kB
Node 0 Dirty:               528 kB
Node 0 Writeback:             0 kB
Node 0 FilePages:        103388 kB
Node 0 Mapped:            36344 kB
Node 0 AnonPages:          7236 kB
Node 0 Shmem:               664 kB
Node 0 KernelStack:        3424 kB
Node 0 PageTables:         1808 kB
Node 0 NFS_Unstable:          0 kB
Node 0 Bounce:                0 kB
Node 0 WritebackTmp:          0 kB
Node 0 KReclaimable:      22016 kB
Node 0 Slab:              58020 kB
Node 0 SReclaimable:      22016 kB
Node 0 SUnreclaim:        36004 kB
Node 0 AnonHugePages:         0 kB
Node 0 ShmemHugePages:        0 kB
Node 0 ShmemPmdMapped:        0 kB
Node 0 FileHugePages:        0 kB
Node 0 FilePmdMapped:        0 kB
Node 0 HugePages_Total:     0
Node 0 HugePages_Free:      0
Node 0 HugePages_Surp:      0

Node 1 MemTotal:       24686196 kB
Node 1 MemFree:        23702400 kB
Node 1 MemUsed:          983796 kB
Node 1 Active:            47156 kB
Node 1 Inactive:         144568 kB
Node 1 Active(anon):      27372 kB
Node 1 Inactive(anon):      412 kB
Node 1 Active(file):      19784 kB
Node 1 Inactive(file):   144156 kB
Node 1 Unevictable:       14092 kB
Node 1 Mlocked:           14092 kB
Node 1 Dirty:                40 kB
Node 1 Writeback:             0 kB
Node 1 FilePages:        168084 kB
Node 1 Mapped:            16484 kB
Node 1 AnonPages:         36708 kB
Node 1 Shmem:               604 kB
Node 1 KernelStack:        1676 kB
Node 1 PageTables:         1176 kB
Node 1 NFS_Unstable:          0 kB
Node 1 Bounce:                0 kB
Node 1 WritebackTmp:          0 kB
Node 1 KReclaimable:      21324 kB
Node 1 Slab:              66544 kB
Node 1 SReclaimable:      21324 kB
Node 1 SUnreclaim:        45220 kB
Node 1 AnonHugePages:         0 kB
Node 1 ShmemHugePages:        0 kB
Node 1 ShmemPmdMapped:        0 kB
Node 1 FileHugePages:        0 kB
Node 1 FilePmdMapped:        0 kB
Node 1 HugePages_Total:     0
Node 1 HugePages_Free:      0
Node 1 HugePages_Surp:      0

After Opposite Node
Node 0 MemTotal:       24743736 kB
Node 0 MemFree:        24439512 kB
Node 0 MemUsed:          304224 kB
Node 0 Active:            51936 kB
Node 0 Inactive:          53724 kB
Node 0 Active(anon):       7060 kB
Node 0 Inactive(anon):      532 kB
Node 0 Active(file):      44876 kB
Node 0 Inactive(file):    53192 kB
Node 0 Unevictable:        4660 kB
Node 0 Mlocked:            4660 kB
Node 0 Dirty:               528 kB
Node 0 Writeback:             0 kB
Node 0 FilePages:        103388 kB
Node 0 Mapped:            35568 kB
Node 0 AnonPages:          6816 kB
Node 0 Shmem:               664 kB
Node 0 KernelStack:        3276 kB
Node 0 PageTables:          428 kB
Node 0 NFS_Unstable:          0 kB
Node 0 Bounce:                0 kB
Node 0 WritebackTmp:          0 kB
Node 0 KReclaimable:      22016 kB
Node 0 Slab:              57980 kB
Node 0 SReclaimable:      22016 kB
Node 0 SUnreclaim:        35964 kB
Node 0 AnonHugePages:         0 kB
Node 0 ShmemHugePages:        0 kB
Node 0 ShmemPmdMapped:        0 kB
Node 0 FileHugePages:        0 kB
Node 0 FilePmdMapped:        0 kB
Node 0 HugePages_Total:     0
Node 0 HugePages_Free:      0
Node 0 HugePages_Surp:      0

Node 1 MemTotal:       24686196 kB
Node 1 MemFree:        23703520 kB
Node 1 MemUsed:          982676 kB
Node 1 Active:            46560 kB
Node 1 Inactive:         144532 kB
Node 1 Active(anon):      26724 kB
Node 1 Inactive(anon):      408 kB
Node 1 Active(file):      19836 kB
Node 1 Inactive(file):   144124 kB
Node 1 Unevictable:       14092 kB
Node 1 Mlocked:           14092 kB
Node 1 Dirty:                56 kB
Node 1 Writeback:             0 kB
Node 1 FilePages:        168100 kB
Node 1 Mapped:            15900 kB
Node 1 AnonPages:         36740 kB
Node 1 Shmem:               604 kB
Node 1 KernelStack:        1592 kB
Node 1 PageTables:          780 kB
Node 1 NFS_Unstable:          0 kB
Node 1 Bounce:                0 kB
Node 1 WritebackTmp:          0 kB
Node 1 KReclaimable:      21324 kB
Node 1 Slab:              66568 kB
Node 1 SReclaimable:      21324 kB
Node 1 SUnreclaim:        45244 kB
Node 1 AnonHugePages:         0 kB
Node 1 ShmemHugePages:        0 kB
Node 1 ShmemPmdMapped:        0 kB
Node 1 FileHugePages:        0 kB
Node 1 FilePmdMapped:        0 kB
Node 1 HugePages_Total:     0
Node 1 HugePages_Free:      0
Node 1 HugePages_Surp:      0

T.1.simpleread.250M.2.O.1M Complete!
