kernel.numa_balancing = 0
T.1.simpleread.2G.1.O.1M
Begin
Node 0 MemTotal:       24743736 kB
Node 0 MemFree:        24457664 kB
Node 0 MemUsed:          286072 kB
Node 0 Active:            71108 kB
Node 0 Inactive:          46672 kB
Node 0 Active(anon):      21664 kB
Node 0 Inactive(anon):      456 kB
Node 0 Active(file):      49444 kB
Node 0 Inactive(file):    46216 kB
Node 0 Unevictable:       17896 kB
Node 0 Mlocked:           17896 kB
Node 0 Dirty:               204 kB
Node 0 Writeback:             0 kB
Node 0 FilePages:        103908 kB
Node 0 Mapped:            47528 kB
Node 0 AnonPages:         31808 kB
Node 0 Shmem:               680 kB
Node 0 KernelStack:        1960 kB
Node 0 PageTables:          684 kB
Node 0 NFS_Unstable:          0 kB
Node 0 Bounce:                0 kB
Node 0 WritebackTmp:          0 kB
Node 0 KReclaimable:      21768 kB
Node 0 Slab:              61152 kB
Node 0 SReclaimable:      21768 kB
Node 0 SUnreclaim:        39384 kB
Node 0 AnonHugePages:         0 kB
Node 0 ShmemHugePages:        0 kB
Node 0 ShmemPmdMapped:        0 kB
Node 0 FileHugePages:        0 kB
Node 0 FilePmdMapped:        0 kB
Node 0 HugePages_Total:     0
Node 0 HugePages_Free:      0
Node 0 HugePages_Surp:      0

Node 1 MemTotal:       24686196 kB
Node 1 MemFree:        24352036 kB
Node 1 MemUsed:          334160 kB
Node 1 Active:            24404 kB
Node 1 Inactive:          52060 kB
Node 1 Active(anon):      12160 kB
Node 1 Inactive(anon):      420 kB
Node 1 Active(file):      12244 kB
Node 1 Inactive(file):    51640 kB
Node 1 Unevictable:         628 kB
Node 1 Mlocked:             628 kB
Node 1 Dirty:               144 kB
Node 1 Writeback:             0 kB
Node 1 FilePages:         65240 kB
Node 1 Mapped:             7212 kB
Node 1 AnonPages:         12012 kB
Node 1 Shmem:               588 kB
Node 1 KernelStack:        1640 kB
Node 1 PageTables:          408 kB
Node 1 NFS_Unstable:          0 kB
Node 1 Bounce:                0 kB
Node 1 WritebackTmp:          0 kB
Node 1 KReclaimable:      20112 kB
Node 1 Slab:              44824 kB
Node 1 SReclaimable:      20112 kB
Node 1 SUnreclaim:        24712 kB
Node 1 AnonHugePages:         0 kB
Node 1 ShmemHugePages:        0 kB
Node 1 ShmemPmdMapped:        0 kB
Node 1 FileHugePages:        0 kB
Node 1 FilePmdMapped:        0 kB
Node 1 HugePages_Total:     0
Node 1 HugePages_Free:      0
Node 1 HugePages_Surp:      0

Load ZFS
Node 0 MemTotal:       24743736 kB
Node 0 MemFree:        24411360 kB
Node 0 MemUsed:          332376 kB
Node 0 Active:            83232 kB
Node 0 Inactive:          75768 kB
Node 0 Active(anon):      32620 kB
Node 0 Inactive(anon):      436 kB
Node 0 Active(file):      50612 kB
Node 0 Inactive(file):    75332 kB
Node 0 Unevictable:       18112 kB
Node 0 Mlocked:           18112 kB
Node 0 Dirty:               488 kB
Node 0 Writeback:             0 kB
Node 0 FilePages:        134180 kB
Node 0 Mapped:            49400 kB
Node 0 AnonPages:         43288 kB
Node 0 Shmem:               668 kB
Node 0 KernelStack:        2144 kB
Node 0 PageTables:         1032 kB
Node 0 NFS_Unstable:          0 kB
Node 0 Bounce:                0 kB
Node 0 WritebackTmp:          0 kB
Node 0 KReclaimable:      22364 kB
Node 0 Slab:              64552 kB
Node 0 SReclaimable:      22364 kB
Node 0 SUnreclaim:        42188 kB
Node 0 AnonHugePages:         0 kB
Node 0 ShmemHugePages:        0 kB
Node 0 ShmemPmdMapped:        0 kB
Node 0 FileHugePages:        0 kB
Node 0 FilePmdMapped:        0 kB
Node 0 HugePages_Total:     0
Node 0 HugePages_Free:      0
Node 0 HugePages_Surp:      0

Node 1 MemTotal:       24686196 kB
Node 1 MemFree:        24251448 kB
Node 1 MemUsed:          434748 kB
Node 1 Active:            42340 kB
Node 1 Inactive:         126088 kB
Node 1 Active(anon):      28456 kB
Node 1 Inactive(anon):      392 kB
Node 1 Active(file):      13884 kB
Node 1 Inactive(file):   125696 kB
Node 1 Unevictable:         628 kB
Node 1 Mlocked:             628 kB
Node 1 Dirty:               152 kB
Node 1 Writeback:             0 kB
Node 1 FilePages:        141092 kB
Node 1 Mapped:             9064 kB
Node 1 AnonPages:         28500 kB
Node 1 Shmem:               600 kB
Node 1 KernelStack:        2044 kB
Node 1 PageTables:         1776 kB
Node 1 NFS_Unstable:          0 kB
Node 1 Bounce:                0 kB
Node 1 WritebackTmp:          0 kB
Node 1 KReclaimable:      21020 kB
Node 1 Slab:              49080 kB
Node 1 SReclaimable:      21020 kB
Node 1 SUnreclaim:        28060 kB
Node 1 AnonHugePages:         0 kB
Node 1 ShmemHugePages:        0 kB
Node 1 ShmemPmdMapped:        0 kB
Node 1 FileHugePages:        0 kB
Node 1 FilePmdMapped:        0 kB
Node 1 HugePages_Total:     0
Node 1 HugePages_Free:      0
Node 1 HugePages_Surp:      0

Import tank ZPool
Node 0 MemTotal:       24743736 kB
Node 0 MemFree:        24418976 kB
Node 0 MemUsed:          324760 kB
Node 0 Active:            72032 kB
Node 0 Inactive:          75376 kB
Node 0 Active(anon):      21036 kB
Node 0 Inactive(anon):      432 kB
Node 0 Active(file):      50996 kB
Node 0 Inactive(file):    74944 kB
Node 0 Unevictable:       18128 kB
Node 0 Mlocked:           18128 kB
Node 0 Dirty:               560 kB
Node 0 Writeback:             0 kB
Node 0 FilePages:        134096 kB
Node 0 Mapped:            47816 kB
Node 0 AnonPages:         31440 kB
Node 0 Shmem:               588 kB
Node 0 KernelStack:        3016 kB
Node 0 PageTables:          688 kB
Node 0 NFS_Unstable:          0 kB
Node 0 Bounce:                0 kB
Node 0 WritebackTmp:          0 kB
Node 0 KReclaimable:      22356 kB
Node 0 Slab:              66476 kB
Node 0 SReclaimable:      22356 kB
Node 0 SUnreclaim:        44120 kB
Node 0 AnonHugePages:         0 kB
Node 0 ShmemHugePages:        0 kB
Node 0 ShmemPmdMapped:        0 kB
Node 0 FileHugePages:        0 kB
Node 0 FilePmdMapped:        0 kB
Node 0 HugePages_Total:     0
Node 0 HugePages_Free:      0
Node 0 HugePages_Surp:      0

Node 1 MemTotal:       24686196 kB
Node 1 MemFree:        24250268 kB
Node 1 MemUsed:          435928 kB
Node 1 Active:            27100 kB
Node 1 Inactive:         127516 kB
Node 1 Active(anon):      12992 kB
Node 1 Inactive(anon):      516 kB
Node 1 Active(file):      14108 kB
Node 1 Inactive(file):   127000 kB
Node 1 Unevictable:         628 kB
Node 1 Mlocked:             628 kB
Node 1 Dirty:               168 kB
Node 1 Writeback:             0 kB
Node 1 FilePages:        142412 kB
Node 1 Mapped:             7452 kB
Node 1 AnonPages:         12852 kB
Node 1 Shmem:               680 kB
Node 1 KernelStack:        1688 kB
Node 1 PageTables:          472 kB
Node 1 NFS_Unstable:          0 kB
Node 1 Bounce:                0 kB
Node 1 WritebackTmp:          0 kB
Node 1 KReclaimable:      21316 kB
Node 1 Slab:              54776 kB
Node 1 SReclaimable:      21316 kB
Node 1 SUnreclaim:        33460 kB
Node 1 AnonHugePages:         0 kB
Node 1 ShmemHugePages:        0 kB
Node 1 ShmemPmdMapped:        0 kB
Node 1 FileHugePages:        0 kB
Node 1 FilePmdMapped:        0 kB
Node 1 HugePages_Total:     0
Node 1 HugePages_Free:      0
Node 1 HugePages_Surp:      0

After Test
Node 0 MemTotal:       24743736 kB
Node 0 MemFree:        23846912 kB
Node 0 MemUsed:          896824 kB
Node 0 Active:            72132 kB
Node 0 Inactive:          75276 kB
Node 0 Active(anon):      21036 kB
Node 0 Inactive(anon):      432 kB
Node 0 Active(file):      51096 kB
Node 0 Inactive(file):    74844 kB
Node 0 Unevictable:       18128 kB
Node 0 Mlocked:           18128 kB
Node 0 Dirty:               136 kB
Node 0 Writeback:             0 kB
Node 0 FilePages:        134096 kB
Node 0 Mapped:            47604 kB
Node 0 AnonPages:         31444 kB
Node 0 Shmem:               588 kB
Node 0 KernelStack:        2984 kB
Node 0 PageTables:          688 kB
Node 0 NFS_Unstable:          0 kB
Node 0 Bounce:                0 kB
Node 0 WritebackTmp:          0 kB
Node 0 KReclaimable:      22356 kB
Node 0 Slab:              68712 kB
Node 0 SReclaimable:      22356 kB
Node 0 SUnreclaim:        46356 kB
Node 0 AnonHugePages:         0 kB
Node 0 ShmemHugePages:        0 kB
Node 0 ShmemPmdMapped:        0 kB
Node 0 FileHugePages:        0 kB
Node 0 FilePmdMapped:        0 kB
Node 0 HugePages_Total:     0
Node 0 HugePages_Free:      0
Node 0 HugePages_Surp:      0

Node 1 MemTotal:       24686196 kB
Node 1 MemFree:        21891660 kB
Node 1 MemUsed:         2794536 kB
Node 1 Active:            27380 kB
Node 1 Inactive:         127280 kB
Node 1 Active(anon):      12696 kB
Node 1 Inactive(anon):      516 kB
Node 1 Active(file):      14684 kB
Node 1 Inactive(file):   126764 kB
Node 1 Unevictable:         628 kB
Node 1 Mlocked:             628 kB
Node 1 Dirty:                28 kB
Node 1 Writeback:             0 kB
Node 1 FilePages:        142772 kB
Node 1 Mapped:             7188 kB
Node 1 AnonPages:         12612 kB
Node 1 Shmem:               680 kB
Node 1 KernelStack:        1640 kB
Node 1 PageTables:          400 kB
Node 1 NFS_Unstable:          0 kB
Node 1 Bounce:                0 kB
Node 1 WritebackTmp:          0 kB
Node 1 KReclaimable:      21380 kB
Node 1 Slab:              65616 kB
Node 1 SReclaimable:      21380 kB
Node 1 SUnreclaim:        44236 kB
Node 1 AnonHugePages:         0 kB
Node 1 ShmemHugePages:        0 kB
Node 1 ShmemPmdMapped:        0 kB
Node 1 FileHugePages:        0 kB
Node 1 FilePmdMapped:        0 kB
Node 1 HugePages_Total:     0
Node 1 HugePages_Free:      0
Node 1 HugePages_Surp:      0

After Opposite Node
Node 0 MemTotal:       24743736 kB
Node 0 MemFree:        23846792 kB
Node 0 MemUsed:          896944 kB
Node 0 Active:            72812 kB
Node 0 Inactive:          75040 kB
Node 0 Active(anon):      21468 kB
Node 0 Inactive(anon):      432 kB
Node 0 Active(file):      51344 kB
Node 0 Inactive(file):    74608 kB
Node 0 Unevictable:       18128 kB
Node 0 Mlocked:           18128 kB
Node 0 Dirty:               156 kB
Node 0 Writeback:             0 kB
Node 0 FilePages:        134108 kB
Node 0 Mapped:            47652 kB
Node 0 AnonPages:         31892 kB
Node 0 Shmem:               588 kB
Node 0 KernelStack:        3000 kB
Node 0 PageTables:          740 kB
Node 0 NFS_Unstable:          0 kB
Node 0 Bounce:                0 kB
Node 0 WritebackTmp:          0 kB
Node 0 KReclaimable:      22388 kB
Node 0 Slab:              68812 kB
Node 0 SReclaimable:      22388 kB
Node 0 SUnreclaim:        46424 kB
Node 0 AnonHugePages:         0 kB
Node 0 ShmemHugePages:        0 kB
Node 0 ShmemPmdMapped:        0 kB
Node 0 FileHugePages:        0 kB
Node 0 FilePmdMapped:        0 kB
Node 0 HugePages_Total:     0
Node 0 HugePages_Free:      0
Node 0 HugePages_Surp:      0

Node 1 MemTotal:       24686196 kB
Node 1 MemFree:        21892416 kB
Node 1 MemUsed:         2793780 kB
Node 1 Active:            27072 kB
Node 1 Inactive:         127256 kB
Node 1 Active(anon):      12340 kB
Node 1 Inactive(anon):      508 kB
Node 1 Active(file):      14732 kB
Node 1 Inactive(file):   126748 kB
Node 1 Unevictable:         628 kB
Node 1 Mlocked:             628 kB
Node 1 Dirty:                44 kB
Node 1 Writeback:             0 kB
Node 1 FilePages:        142784 kB
Node 1 Mapped:             7188 kB
Node 1 AnonPages:         12168 kB
Node 1 Shmem:               680 kB
Node 1 KernelStack:        1624 kB
Node 1 PageTables:          356 kB
Node 1 NFS_Unstable:          0 kB
Node 1 Bounce:                0 kB
Node 1 WritebackTmp:          0 kB
Node 1 KReclaimable:      21380 kB
Node 1 Slab:              65616 kB
Node 1 SReclaimable:      21380 kB
Node 1 SUnreclaim:        44236 kB
Node 1 AnonHugePages:         0 kB
Node 1 ShmemHugePages:        0 kB
Node 1 ShmemPmdMapped:        0 kB
Node 1 FileHugePages:        0 kB
Node 1 FilePmdMapped:        0 kB
Node 1 HugePages_Total:     0
Node 1 HugePages_Free:      0
Node 1 HugePages_Surp:      0

T.1.simpleread.2G.1.O.1M Complete!
