B.1.fio.2-1G.1.O
Begin
Node 0 MemTotal:       24743736 kB
Node 0 MemFree:        24528340 kB
Node 0 MemUsed:          215396 kB
Node 0 Active:            38068 kB
Node 0 Inactive:          26644 kB
Node 0 Active(anon):      12324 kB
Node 0 Inactive(anon):      464 kB
Node 0 Active(file):      25744 kB
Node 0 Inactive(file):    26180 kB
Node 0 Unevictable:       16848 kB
Node 0 Mlocked:           16848 kB
Node 0 Dirty:               140 kB
Node 0 Writeback:             0 kB
Node 0 FilePages:         59128 kB
Node 0 Mapped:            28120 kB
Node 0 AnonPages:         22488 kB
Node 0 Shmem:               676 kB
Node 0 KernelStack:        1960 kB
Node 0 PageTables:          528 kB
Node 0 NFS_Unstable:          0 kB
Node 0 Bounce:                0 kB
Node 0 WritebackTmp:          0 kB
Node 0 KReclaimable:      22672 kB
Node 0 Slab:              53096 kB
Node 0 SReclaimable:      22672 kB
Node 0 SUnreclaim:        30424 kB
Node 0 AnonHugePages:         0 kB
Node 0 ShmemHugePages:        0 kB
Node 0 ShmemPmdMapped:        0 kB
Node 0 FileHugePages:        0 kB
Node 0 FilePmdMapped:        0 kB
Node 0 HugePages_Total:     0
Node 0 HugePages_Free:      0
Node 0 HugePages_Surp:      0

Node 1 MemTotal:       24686196 kB
Node 1 MemFree:        24295752 kB
Node 1 MemUsed:          390444 kB
Node 1 Active:            56380 kB
Node 1 Inactive:          58448 kB
Node 1 Active(anon):      21360 kB
Node 1 Inactive(anon):      424 kB
Node 1 Active(file):      35020 kB
Node 1 Inactive(file):    58024 kB
Node 1 Unevictable:        1676 kB
Node 1 Mlocked:            1676 kB
Node 1 Dirty:               376 kB
Node 1 Writeback:             0 kB
Node 1 FilePages:         95352 kB
Node 1 Mapped:            15764 kB
Node 1 AnonPages:         21224 kB
Node 1 Shmem:               592 kB
Node 1 KernelStack:        1624 kB
Node 1 PageTables:          468 kB
Node 1 NFS_Unstable:          0 kB
Node 1 Bounce:                0 kB
Node 1 WritebackTmp:          0 kB
Node 1 KReclaimable:      18908 kB
Node 1 Slab:              54276 kB
Node 1 SReclaimable:      18908 kB
Node 1 SUnreclaim:        35368 kB
Node 1 AnonHugePages:         0 kB
Node 1 ShmemHugePages:        0 kB
Node 1 ShmemPmdMapped:        0 kB
Node 1 FileHugePages:        0 kB
Node 1 FilePmdMapped:        0 kB
Node 1 HugePages_Total:     0
Node 1 HugePages_Free:      0
Node 1 HugePages_Surp:      0

Load ZFS
Node 0 MemTotal:       24743736 kB
Node 0 MemFree:        24288488 kB
Node 0 MemUsed:          455248 kB
Node 0 Active:            48088 kB
Node 0 Inactive:         114244 kB
Node 0 Active(anon):      21408 kB
Node 0 Inactive(anon):      404 kB
Node 0 Active(file):      26680 kB
Node 0 Inactive(file):   113840 kB
Node 0 Unevictable:       17044 kB
Node 0 Mlocked:           17044 kB
Node 0 Dirty:               392 kB
Node 0 Writeback:             0 kB
Node 0 FilePages:        147596 kB
Node 0 Mapped:            31244 kB
Node 0 AnonPages:         32156 kB
Node 0 Shmem:               560 kB
Node 0 KernelStack:        2144 kB
Node 0 PageTables:          844 kB
Node 0 NFS_Unstable:          0 kB
Node 0 Bounce:                0 kB
Node 0 WritebackTmp:          0 kB
Node 0 KReclaimable:      23660 kB
Node 0 Slab:              57496 kB
Node 0 SReclaimable:      23660 kB
Node 0 SUnreclaim:        33836 kB
Node 0 AnonHugePages:         0 kB
Node 0 ShmemHugePages:        0 kB
Node 0 ShmemPmdMapped:        0 kB
Node 0 FileHugePages:        0 kB
Node 0 FilePmdMapped:        0 kB
Node 0 HugePages_Total:     0
Node 0 HugePages_Free:      0
Node 0 HugePages_Surp:      0

Node 1 MemTotal:       24686196 kB
Node 1 MemFree:        24388728 kB
Node 1 MemUsed:          297468 kB
Node 1 Active:            75900 kB
Node 1 Inactive:          74252 kB
Node 1 Active(anon):      39312 kB
Node 1 Inactive(anon):      528 kB
Node 1 Active(file):      36588 kB
Node 1 Inactive(file):    73724 kB
Node 1 Unevictable:        1676 kB
Node 1 Mlocked:            1676 kB
Node 1 Dirty:               128 kB
Node 1 Writeback:             0 kB
Node 1 FilePages:        112980 kB
Node 1 Mapped:            17560 kB
Node 1 AnonPages:         38796 kB
Node 1 Shmem:               708 kB
Node 1 KernelStack:        2232 kB
Node 1 PageTables:         2076 kB
Node 1 NFS_Unstable:          0 kB
Node 1 Bounce:                0 kB
Node 1 WritebackTmp:          0 kB
Node 1 KReclaimable:      19636 kB
Node 1 Slab:              57512 kB
Node 1 SReclaimable:      19636 kB
Node 1 SUnreclaim:        37876 kB
Node 1 AnonHugePages:         0 kB
Node 1 ShmemHugePages:        0 kB
Node 1 ShmemPmdMapped:        0 kB
Node 1 FileHugePages:        0 kB
Node 1 FilePmdMapped:        0 kB
Node 1 HugePages_Total:     0
Node 1 HugePages_Free:      0
Node 1 HugePages_Surp:      0

Import tank ZPool
Node 0 MemTotal:       24743736 kB
Node 0 MemFree:        24287996 kB
Node 0 MemUsed:          455740 kB
Node 0 Active:            47460 kB
Node 0 Inactive:         114220 kB
Node 0 Active(anon):      20756 kB
Node 0 Inactive(anon):      404 kB
Node 0 Active(file):      26704 kB
Node 0 Inactive(file):   113816 kB
Node 0 Unevictable:       17076 kB
Node 0 Mlocked:           17076 kB
Node 0 Dirty:               448 kB
Node 0 Writeback:             0 kB
Node 0 FilePages:        147616 kB
Node 0 Mapped:            30820 kB
Node 0 AnonPages:         31168 kB
Node 0 Shmem:               548 kB
Node 0 KernelStack:        2024 kB
Node 0 PageTables:          676 kB
Node 0 NFS_Unstable:          0 kB
Node 0 Bounce:                0 kB
Node 0 WritebackTmp:          0 kB
Node 0 KReclaimable:      23684 kB
Node 0 Slab:              57800 kB
Node 0 SReclaimable:      23684 kB
Node 0 SUnreclaim:        34116 kB
Node 0 AnonHugePages:         0 kB
Node 0 ShmemHugePages:        0 kB
Node 0 ShmemPmdMapped:        0 kB
Node 0 FileHugePages:        0 kB
Node 0 FilePmdMapped:        0 kB
Node 0 HugePages_Total:     0
Node 0 HugePages_Free:      0
Node 0 HugePages_Surp:      0

Node 1 MemTotal:       24686196 kB
Node 1 MemFree:        24373420 kB
Node 1 MemUsed:          312776 kB
Node 1 Active:            75824 kB
Node 1 Inactive:          75540 kB
Node 1 Active(anon):      38860 kB
Node 1 Inactive(anon):      544 kB
Node 1 Active(file):      36964 kB
Node 1 Inactive(file):    74996 kB
Node 1 Unevictable:        1676 kB
Node 1 Mlocked:            1676 kB
Node 1 Dirty:               144 kB
Node 1 Writeback:             0 kB
Node 1 FilePages:        114360 kB
Node 1 Mapped:            17144 kB
Node 1 AnonPages:         38584 kB
Node 1 Shmem:               720 kB
Node 1 KernelStack:        3192 kB
Node 1 PageTables:         1840 kB
Node 1 NFS_Unstable:          0 kB
Node 1 Bounce:                0 kB
Node 1 WritebackTmp:          0 kB
Node 1 KReclaimable:      19812 kB
Node 1 Slab:              64032 kB
Node 1 SReclaimable:      19812 kB
Node 1 SUnreclaim:        44220 kB
Node 1 AnonHugePages:         0 kB
Node 1 ShmemHugePages:        0 kB
Node 1 ShmemPmdMapped:        0 kB
Node 1 FileHugePages:        0 kB
Node 1 FilePmdMapped:        0 kB
Node 1 HugePages_Total:     0
Node 1 HugePages_Free:      0
Node 1 HugePages_Surp:      0

After Opposite Node
Node 0 MemTotal:       24743736 kB
Node 0 MemFree:        24210152 kB
Node 0 MemUsed:          533584 kB
Node 0 Active:            41848 kB
Node 0 Inactive:         114892 kB
Node 0 Active(anon):      13528 kB
Node 0 Inactive(anon):      444 kB
Node 0 Active(file):      28320 kB
Node 0 Inactive(file):   114448 kB
Node 0 Unevictable:       17076 kB
Node 0 Mlocked:           17076 kB
Node 0 Dirty:               392 kB
Node 0 Writeback:             0 kB
Node 0 FilePages:        149876 kB
Node 0 Mapped:            28412 kB
Node 0 AnonPages:         23804 kB
Node 0 Shmem:               592 kB
Node 0 KernelStack:        2056 kB
Node 0 PageTables:          712 kB
Node 0 NFS_Unstable:          0 kB
Node 0 Bounce:                0 kB
Node 0 WritebackTmp:          0 kB
Node 0 KReclaimable:      25056 kB
Node 0 Slab:              66576 kB
Node 0 SReclaimable:      25056 kB
Node 0 SUnreclaim:        41520 kB
Node 0 AnonHugePages:         0 kB
Node 0 ShmemHugePages:        0 kB
Node 0 ShmemPmdMapped:        0 kB
Node 0 FileHugePages:        0 kB
Node 0 FilePmdMapped:        0 kB
Node 0 HugePages_Total:     0
Node 0 HugePages_Free:      0
Node 0 HugePages_Surp:      0

Node 1 MemTotal:       24686196 kB
Node 1 MemFree:        22599708 kB
Node 1 MemUsed:         2086488 kB
Node 1 Active:            57236 kB
Node 1 Inactive:          75156 kB
Node 1 Active(anon):      19852 kB
Node 1 Inactive(anon):      540 kB
Node 1 Active(file):      37384 kB
Node 1 Inactive(file):    74616 kB
Node 1 Unevictable:        1676 kB
Node 1 Mlocked:            1676 kB
Node 1 Dirty:                12 kB
Node 1 Writeback:             0 kB
Node 1 FilePages:        114396 kB
Node 1 Mapped:            15764 kB
Node 1 AnonPages:         19672 kB
Node 1 Shmem:               720 kB
Node 1 KernelStack:        2712 kB
Node 1 PageTables:          476 kB
Node 1 NFS_Unstable:          0 kB
Node 1 Bounce:                0 kB
Node 1 WritebackTmp:          0 kB
Node 1 KReclaimable:      19852 kB
Node 1 Slab:              66548 kB
Node 1 SReclaimable:      19852 kB
Node 1 SUnreclaim:        46696 kB
Node 1 AnonHugePages:         0 kB
Node 1 ShmemHugePages:        0 kB
Node 1 ShmemPmdMapped:        0 kB
Node 1 FileHugePages:        0 kB
Node 1 FilePmdMapped:        0 kB
Node 1 HugePages_Total:     0
Node 1 HugePages_Free:      0
Node 1 HugePages_Surp:      0

After Test
Node 0 MemTotal:       24743736 kB
Node 0 MemFree:        24208852 kB
Node 0 MemUsed:          534884 kB
Node 0 Active:            41760 kB
Node 0 Inactive:         114688 kB
Node 0 Active(anon):      13268 kB
Node 0 Inactive(anon):      400 kB
Node 0 Active(file):      28492 kB
Node 0 Inactive(file):   114288 kB
Node 0 Unevictable:       17076 kB
Node 0 Mlocked:           17076 kB
Node 0 Dirty:               456 kB
Node 0 Writeback:             0 kB
Node 0 FilePages:        149852 kB
Node 0 Mapped:            28348 kB
Node 0 AnonPages:         23676 kB
Node 0 Shmem:               548 kB
Node 0 KernelStack:        1960 kB
Node 0 PageTables:          532 kB
Node 0 NFS_Unstable:          0 kB
Node 0 Bounce:                0 kB
Node 0 WritebackTmp:          0 kB
Node 0 KReclaimable:      25108 kB
Node 0 Slab:              66652 kB
Node 0 SReclaimable:      25108 kB
Node 0 SUnreclaim:        41544 kB
Node 0 AnonHugePages:         0 kB
Node 0 ShmemHugePages:        0 kB
Node 0 ShmemPmdMapped:        0 kB
Node 0 FileHugePages:        0 kB
Node 0 FilePmdMapped:        0 kB
Node 0 HugePages_Total:     0
Node 0 HugePages_Free:      0
Node 0 HugePages_Surp:      0

Node 1 MemTotal:       24686196 kB
Node 1 MemFree:        22599992 kB
Node 1 MemUsed:         2086204 kB
Node 1 Active:            57540 kB
Node 1 Inactive:          75196 kB
Node 1 Active(anon):      20132 kB
Node 1 Inactive(anon):      584 kB
Node 1 Active(file):      37408 kB
Node 1 Inactive(file):    74612 kB
Node 1 Unevictable:        1676 kB
Node 1 Mlocked:            1676 kB
Node 1 Dirty:                40 kB
Node 1 Writeback:             0 kB
Node 1 FilePages:        114460 kB
Node 1 Mapped:            15808 kB
Node 1 AnonPages:         19820 kB
Node 1 Shmem:               764 kB
Node 1 KernelStack:        2712 kB
Node 1 PageTables:          648 kB
Node 1 NFS_Unstable:          0 kB
Node 1 Bounce:                0 kB
Node 1 WritebackTmp:          0 kB
Node 1 KReclaimable:      19892 kB
Node 1 Slab:              67068 kB
Node 1 SReclaimable:      19892 kB
Node 1 SUnreclaim:        47176 kB
Node 1 AnonHugePages:         0 kB
Node 1 ShmemHugePages:        0 kB
Node 1 ShmemPmdMapped:        0 kB
Node 1 FileHugePages:        0 kB
Node 1 FilePmdMapped:        0 kB
Node 1 HugePages_Total:     0
Node 1 HugePages_Free:      0
Node 1 HugePages_Surp:      0

B.1.fio.2-1G.1.O Complete!
