B.1.fio.16G.1.O
Begin
Node 0 MemTotal:       24743736 kB
Node 0 MemFree:        24500536 kB
Node 0 MemUsed:          243200 kB
Node 0 Active:            47920 kB
Node 0 Inactive:          51044 kB
Node 0 Active(anon):      10496 kB
Node 0 Inactive(anon):      352 kB
Node 0 Active(file):      37424 kB
Node 0 Inactive(file):    50692 kB
Node 0 Unevictable:       17840 kB
Node 0 Mlocked:           17840 kB
Node 0 Dirty:               376 kB
Node 0 Writeback:             0 kB
Node 0 FilePages:         96104 kB
Node 0 Mapped:            23592 kB
Node 0 AnonPages:         20820 kB
Node 0 Shmem:               464 kB
Node 0 KernelStack:        2136 kB
Node 0 PageTables:          452 kB
Node 0 NFS_Unstable:          0 kB
Node 0 Bounce:                0 kB
Node 0 WritebackTmp:          0 kB
Node 0 KReclaimable:      21388 kB
Node 0 Slab:              48092 kB
Node 0 SReclaimable:      21388 kB
Node 0 SUnreclaim:        26704 kB
Node 0 AnonHugePages:         0 kB
Node 0 ShmemHugePages:        0 kB
Node 0 ShmemPmdMapped:        0 kB
Node 0 FileHugePages:        0 kB
Node 0 FilePmdMapped:        0 kB
Node 0 HugePages_Total:     0
Node 0 HugePages_Free:      0
Node 0 HugePages_Surp:      0

Node 1 MemTotal:       24686196 kB
Node 1 MemFree:        24330416 kB
Node 1 MemUsed:          355780 kB
Node 1 Active:            46060 kB
Node 1 Inactive:          28092 kB
Node 1 Active(anon):      23228 kB
Node 1 Inactive(anon):      516 kB
Node 1 Active(file):      22832 kB
Node 1 Inactive(file):    27576 kB
Node 1 Unevictable:         684 kB
Node 1 Mlocked:             684 kB
Node 1 Dirty:               128 kB
Node 1 Writeback:             0 kB
Node 1 FilePages:         52048 kB
Node 1 Mapped:            15676 kB
Node 1 AnonPages:         22972 kB
Node 1 Shmem:               804 kB
Node 1 KernelStack:        1512 kB
Node 1 PageTables:          608 kB
Node 1 NFS_Unstable:          0 kB
Node 1 Bounce:                0 kB
Node 1 WritebackTmp:          0 kB
Node 1 KReclaimable:      20572 kB
Node 1 Slab:              59476 kB
Node 1 SReclaimable:      20572 kB
Node 1 SUnreclaim:        38904 kB
Node 1 AnonHugePages:         0 kB
Node 1 ShmemHugePages:        0 kB
Node 1 ShmemPmdMapped:        0 kB
Node 1 FileHugePages:        0 kB
Node 1 FilePmdMapped:        0 kB
Node 1 HugePages_Total:     0
Node 1 HugePages_Free:      0
Node 1 HugePages_Surp:      0

Load ZFS
Node 0 MemTotal:       24743736 kB
Node 0 MemFree:        24449800 kB
Node 0 MemUsed:          293936 kB
Node 0 Active:            63680 kB
Node 0 Inactive:          76156 kB
Node 0 Active(anon):      25212 kB
Node 0 Inactive(anon):      428 kB
Node 0 Active(file):      38468 kB
Node 0 Inactive(file):    75728 kB
Node 0 Unevictable:       18036 kB
Node 0 Mlocked:           18036 kB
Node 0 Dirty:               128 kB
Node 0 Writeback:             0 kB
Node 0 FilePages:        122556 kB
Node 0 Mapped:            25736 kB
Node 0 AnonPages:         35964 kB
Node 0 Shmem:               564 kB
Node 0 KernelStack:        2464 kB
Node 0 PageTables:         2016 kB
Node 0 NFS_Unstable:          0 kB
Node 0 Bounce:                0 kB
Node 0 WritebackTmp:          0 kB
Node 0 KReclaimable:      22288 kB
Node 0 Slab:              51524 kB
Node 0 SReclaimable:      22288 kB
Node 0 SUnreclaim:        29236 kB
Node 0 AnonHugePages:         0 kB
Node 0 ShmemHugePages:        0 kB
Node 0 ShmemPmdMapped:        0 kB
Node 0 FileHugePages:        0 kB
Node 0 FilePmdMapped:        0 kB
Node 0 HugePages_Total:     0
Node 0 HugePages_Free:      0
Node 0 HugePages_Surp:      0

Node 1 MemTotal:       24686196 kB
Node 1 MemFree:        24234988 kB
Node 1 MemUsed:          451208 kB
Node 1 Active:            58044 kB
Node 1 Inactive:         106544 kB
Node 1 Active(anon):      33588 kB
Node 1 Inactive(anon):      504 kB
Node 1 Active(file):      24456 kB
Node 1 Inactive(file):   106040 kB
Node 1 Unevictable:         684 kB
Node 1 Mlocked:             684 kB
Node 1 Dirty:               340 kB
Node 1 Writeback:             0 kB
Node 1 FilePages:        131884 kB
Node 1 Mapped:            17788 kB
Node 1 AnonPages:         33084 kB
Node 1 Shmem:               704 kB
Node 1 KernelStack:        1752 kB
Node 1 PageTables:         1388 kB
Node 1 NFS_Unstable:          0 kB
Node 1 Bounce:                0 kB
Node 1 WritebackTmp:          0 kB
Node 1 KReclaimable:      21700 kB
Node 1 Slab:              63520 kB
Node 1 SReclaimable:      21700 kB
Node 1 SUnreclaim:        41820 kB
Node 1 AnonHugePages:         0 kB
Node 1 ShmemHugePages:        0 kB
Node 1 ShmemPmdMapped:        0 kB
Node 1 FileHugePages:        0 kB
Node 1 FilePmdMapped:        0 kB
Node 1 HugePages_Total:     0
Node 1 HugePages_Free:      0
Node 1 HugePages_Surp:      0

Import tank ZPool
Node 0 MemTotal:       24743736 kB
Node 0 MemFree:        24451504 kB
Node 0 MemUsed:          292232 kB
Node 0 Active:            63296 kB
Node 0 Inactive:          76120 kB
Node 0 Active(anon):      24860 kB
Node 0 Inactive(anon):      436 kB
Node 0 Active(file):      38436 kB
Node 0 Inactive(file):    75684 kB
Node 0 Unevictable:       18068 kB
Node 0 Mlocked:           18068 kB
Node 0 Dirty:               132 kB
Node 0 Writeback:             0 kB
Node 0 FilePages:        122192 kB
Node 0 Mapped:            25456 kB
Node 0 AnonPages:         35288 kB
Node 0 Shmem:               564 kB
Node 0 KernelStack:        2504 kB
Node 0 PageTables:         1316 kB
Node 0 NFS_Unstable:          0 kB
Node 0 Bounce:                0 kB
Node 0 WritebackTmp:          0 kB
Node 0 KReclaimable:      22296 kB
Node 0 Slab:              52028 kB
Node 0 SReclaimable:      22296 kB
Node 0 SUnreclaim:        29732 kB
Node 0 AnonHugePages:         0 kB
Node 0 ShmemHugePages:        0 kB
Node 0 ShmemPmdMapped:        0 kB
Node 0 FileHugePages:        0 kB
Node 0 FilePmdMapped:        0 kB
Node 0 HugePages_Total:     0
Node 0 HugePages_Free:      0
Node 0 HugePages_Surp:      0

Node 1 MemTotal:       24686196 kB
Node 1 MemFree:        24217916 kB
Node 1 MemUsed:          468280 kB
Node 1 Active:            57652 kB
Node 1 Inactive:         107740 kB
Node 1 Active(anon):      32864 kB
Node 1 Inactive(anon):      512 kB
Node 1 Active(file):      24788 kB
Node 1 Inactive(file):   107228 kB
Node 1 Unevictable:         684 kB
Node 1 Mlocked:             684 kB
Node 1 Dirty:               360 kB
Node 1 Writeback:             0 kB
Node 1 FilePages:        133408 kB
Node 1 Mapped:            17888 kB
Node 1 AnonPages:         32344 kB
Node 1 Shmem:               704 kB
Node 1 KernelStack:        2824 kB
Node 1 PageTables:         1356 kB
Node 1 NFS_Unstable:          0 kB
Node 1 Bounce:                0 kB
Node 1 WritebackTmp:          0 kB
Node 1 KReclaimable:      21800 kB
Node 1 Slab:              69908 kB
Node 1 SReclaimable:      21800 kB
Node 1 SUnreclaim:        48108 kB
Node 1 AnonHugePages:         0 kB
Node 1 ShmemHugePages:        0 kB
Node 1 ShmemPmdMapped:        0 kB
Node 1 FileHugePages:        0 kB
Node 1 FilePmdMapped:        0 kB
Node 1 HugePages_Total:     0
Node 1 HugePages_Free:      0
Node 1 HugePages_Surp:      0

After Opposite Node
Node 0 MemTotal:       24743736 kB
Node 0 MemFree:         6813148 kB
Node 0 MemUsed:        17930588 kB
Node 0 Active:            50084 kB
Node 0 Inactive:          77024 kB
Node 0 Active(anon):      10312 kB
Node 0 Inactive(anon):      472 kB
Node 0 Active(file):      39772 kB
Node 0 Inactive(file):    76552 kB
Node 0 Unevictable:       18068 kB
Node 0 Mlocked:           18068 kB
Node 0 Dirty:                28 kB
Node 0 Writeback:             0 kB
Node 0 FilePages:        124440 kB
Node 0 Mapped:            23944 kB
Node 0 AnonPages:         20684 kB
Node 0 Shmem:               608 kB
Node 0 KernelStack:        2056 kB
Node 0 PageTables:          548 kB
Node 0 NFS_Unstable:          0 kB
Node 0 Bounce:                0 kB
Node 0 WritebackTmp:          0 kB
Node 0 KReclaimable:      23584 kB
Node 0 Slab:             114260 kB
Node 0 SReclaimable:      23584 kB
Node 0 SUnreclaim:        90676 kB
Node 0 AnonHugePages:         0 kB
Node 0 ShmemHugePages:        0 kB
Node 0 ShmemPmdMapped:        0 kB
Node 0 FileHugePages:        0 kB
Node 0 FilePmdMapped:        0 kB
Node 0 HugePages_Total:     0
Node 0 HugePages_Free:      0
Node 0 HugePages_Surp:      0

Node 1 MemTotal:       24686196 kB
Node 1 MemFree:        23678148 kB
Node 1 MemUsed:         1008048 kB
Node 1 Active:            48680 kB
Node 1 Inactive:         107160 kB
Node 1 Active(anon):      23124 kB
Node 1 Inactive(anon):      504 kB
Node 1 Active(file):      25556 kB
Node 1 Inactive(file):   106656 kB
Node 1 Unevictable:         684 kB
Node 1 Mlocked:             684 kB
Node 1 Dirty:               112 kB
Node 1 Writeback:             0 kB
Node 1 FilePages:        133620 kB
Node 1 Mapped:            15696 kB
Node 1 AnonPages:         22924 kB
Node 1 Shmem:               704 kB
Node 1 KernelStack:        2440 kB
Node 1 PageTables:          604 kB
Node 1 NFS_Unstable:          0 kB
Node 1 Bounce:                0 kB
Node 1 WritebackTmp:          0 kB
Node 1 KReclaimable:      22052 kB
Node 1 Slab:              72132 kB
Node 1 SReclaimable:      22052 kB
Node 1 SUnreclaim:        50080 kB
Node 1 AnonHugePages:         0 kB
Node 1 ShmemHugePages:        0 kB
Node 1 ShmemPmdMapped:        0 kB
Node 1 FileHugePages:        0 kB
Node 1 FilePmdMapped:        0 kB
Node 1 HugePages_Total:     0
Node 1 HugePages_Free:      0
Node 1 HugePages_Surp:      0

After Test
Node 0 MemTotal:       24743736 kB
Node 0 MemFree:         6649164 kB
Node 0 MemUsed:        18094572 kB
Node 0 Active:            50124 kB
Node 0 Inactive:          76780 kB
Node 0 Active(anon):      10120 kB
Node 0 Inactive(anon):      436 kB
Node 0 Active(file):      40004 kB
Node 0 Inactive(file):    76344 kB
Node 0 Unevictable:       18068 kB
Node 0 Mlocked:           18068 kB
Node 0 Dirty:                16 kB
Node 0 Writeback:             0 kB
Node 0 FilePages:        124452 kB
Node 0 Mapped:            23856 kB
Node 0 AnonPages:         20548 kB
Node 0 Shmem:               564 kB
Node 0 KernelStack:        1992 kB
Node 0 PageTables:          384 kB
Node 0 NFS_Unstable:          0 kB
Node 0 Bounce:                0 kB
Node 0 WritebackTmp:          0 kB
Node 0 KReclaimable:      23584 kB
Node 0 Slab:             114872 kB
Node 0 SReclaimable:      23584 kB
Node 0 SUnreclaim:        91288 kB
Node 0 AnonHugePages:         0 kB
Node 0 ShmemHugePages:        0 kB
Node 0 ShmemPmdMapped:        0 kB
Node 0 FileHugePages:        0 kB
Node 0 FilePmdMapped:        0 kB
Node 0 HugePages_Total:     0
Node 0 HugePages_Free:      0
Node 0 HugePages_Surp:      0

Node 1 MemTotal:       24686196 kB
Node 1 MemFree:        23685112 kB
Node 1 MemUsed:         1001084 kB
Node 1 Active:            49028 kB
Node 1 Inactive:         107208 kB
Node 1 Active(anon):      23400 kB
Node 1 Inactive(anon):      548 kB
Node 1 Active(file):      25628 kB
Node 1 Inactive(file):   106660 kB
Node 1 Unevictable:         684 kB
Node 1 Mlocked:             684 kB
Node 1 Dirty:                28 kB
Node 1 Writeback:             0 kB
Node 1 FilePages:        133720 kB
Node 1 Mapped:            15740 kB
Node 1 AnonPages:         23060 kB
Node 1 Shmem:               748 kB
Node 1 KernelStack:        2504 kB
Node 1 PageTables:          780 kB
Node 1 NFS_Unstable:          0 kB
Node 1 Bounce:                0 kB
Node 1 WritebackTmp:          0 kB
Node 1 KReclaimable:      22120 kB
Node 1 Slab:              72356 kB
Node 1 SReclaimable:      22120 kB
Node 1 SUnreclaim:        50236 kB
Node 1 AnonHugePages:         0 kB
Node 1 ShmemHugePages:        0 kB
Node 1 ShmemPmdMapped:        0 kB
Node 1 FileHugePages:        0 kB
Node 1 FilePmdMapped:        0 kB
Node 1 HugePages_Total:     0
Node 1 HugePages_Free:      0
Node 1 HugePages_Surp:      0

B.1.fio.16G.1.O Complete!
