B.0.4Mfio.2G.1.O
Begin
Node 0 MemTotal:       24743736 kB
Node 0 MemFree:        24512704 kB
Node 0 MemUsed:          231032 kB
Node 0 Active:            29964 kB
Node 0 Inactive:          55264 kB
Node 0 Active(anon):       9332 kB
Node 0 Inactive(anon):      540 kB
Node 0 Active(file):      20632 kB
Node 0 Inactive(file):    54724 kB
Node 0 Unevictable:        5300 kB
Node 0 Mlocked:            5300 kB
Node 0 Dirty:                 0 kB
Node 0 Writeback:             0 kB
Node 0 FilePages:         81428 kB
Node 0 Mapped:            17860 kB
Node 0 AnonPages:          9112 kB
Node 0 Shmem:               776 kB
Node 0 KernelStack:        1784 kB
Node 0 PageTables:          488 kB
Node 0 NFS_Unstable:          0 kB
Node 0 Bounce:                0 kB
Node 0 WritebackTmp:          0 kB
Node 0 KReclaimable:      21852 kB
Node 0 Slab:              57812 kB
Node 0 SReclaimable:      21852 kB
Node 0 SUnreclaim:        35960 kB
Node 0 AnonHugePages:         0 kB
Node 0 ShmemHugePages:        0 kB
Node 0 ShmemPmdMapped:        0 kB
Node 0 FileHugePages:        0 kB
Node 0 FilePmdMapped:        0 kB
Node 0 HugePages_Total:     0
Node 0 HugePages_Free:      0
Node 0 HugePages_Surp:      0

Node 1 MemTotal:       24686196 kB
Node 1 MemFree:        24281480 kB
Node 1 MemUsed:          404716 kB
Node 1 Active:            66316 kB
Node 1 Inactive:          56752 kB
Node 1 Active(anon):      24184 kB
Node 1 Inactive(anon):      316 kB
Node 1 Active(file):      42132 kB
Node 1 Inactive(file):    56436 kB
Node 1 Unevictable:       13224 kB
Node 1 Mlocked:           13224 kB
Node 1 Dirty:                 0 kB
Node 1 Writeback:             0 kB
Node 1 FilePages:        102100 kB
Node 1 Mapped:            45608 kB
Node 1 AnonPages:         34344 kB
Node 1 Shmem:               492 kB
Node 1 KernelStack:        1816 kB
Node 1 PageTables:          636 kB
Node 1 NFS_Unstable:          0 kB
Node 1 Bounce:                0 kB
Node 1 WritebackTmp:          0 kB
Node 1 KReclaimable:      19604 kB
Node 1 Slab:              47984 kB
Node 1 SReclaimable:      19604 kB
Node 1 SUnreclaim:        28380 kB
Node 1 AnonHugePages:         0 kB
Node 1 ShmemHugePages:        0 kB
Node 1 ShmemPmdMapped:        0 kB
Node 1 FileHugePages:        0 kB
Node 1 FilePmdMapped:        0 kB
Node 1 HugePages_Total:     0
Node 1 HugePages_Free:      0
Node 1 HugePages_Surp:      0

Load ZFS
Node 0 MemTotal:       24743736 kB
Node 0 MemFree:        24266572 kB
Node 0 MemUsed:          477164 kB
Node 0 Active:            40584 kB
Node 0 Inactive:         149400 kB
Node 0 Active(anon):      18876 kB
Node 0 Inactive(anon):      432 kB
Node 0 Active(file):      21708 kB
Node 0 Inactive(file):   148968 kB
Node 0 Unevictable:        5300 kB
Node 0 Mlocked:            5300 kB
Node 0 Dirty:                72 kB
Node 0 Writeback:             0 kB
Node 0 FilePages:        176596 kB
Node 0 Mapped:            20744 kB
Node 0 AnonPages:         18580 kB
Node 0 Shmem:               624 kB
Node 0 KernelStack:        1980 kB
Node 0 PageTables:         1376 kB
Node 0 NFS_Unstable:          0 kB
Node 0 Bounce:                0 kB
Node 0 WritebackTmp:          0 kB
Node 0 KReclaimable:      22772 kB
Node 0 Slab:              62136 kB
Node 0 SReclaimable:      22772 kB
Node 0 SUnreclaim:        39364 kB
Node 0 AnonHugePages:         0 kB
Node 0 ShmemHugePages:        0 kB
Node 0 ShmemPmdMapped:        0 kB
Node 0 FileHugePages:        0 kB
Node 0 FilePmdMapped:        0 kB
Node 0 HugePages_Total:     0
Node 0 HugePages_Free:      0
Node 0 HugePages_Surp:      0

Node 1 MemTotal:       24686196 kB
Node 1 MemFree:        24382952 kB
Node 1 MemUsed:          303244 kB
Node 1 Active:            83664 kB
Node 1 Inactive:          66244 kB
Node 1 Active(anon):      39964 kB
Node 1 Inactive(anon):      512 kB
Node 1 Active(file):      43700 kB
Node 1 Inactive(file):    65732 kB
Node 1 Unevictable:       13424 kB
Node 1 Mlocked:           13424 kB
Node 1 Dirty:               428 kB
Node 1 Writeback:             0 kB
Node 1 FilePages:        112972 kB
Node 1 Mapped:            47292 kB
Node 1 AnonPages:         50388 kB
Node 1 Shmem:               644 kB
Node 1 KernelStack:        2268 kB
Node 1 PageTables:         1848 kB
Node 1 NFS_Unstable:          0 kB
Node 1 Bounce:                0 kB
Node 1 WritebackTmp:          0 kB
Node 1 KReclaimable:      20324 kB
Node 1 Slab:              51548 kB
Node 1 SReclaimable:      20324 kB
Node 1 SUnreclaim:        31224 kB
Node 1 AnonHugePages:         0 kB
Node 1 ShmemHugePages:        0 kB
Node 1 ShmemPmdMapped:        0 kB
Node 1 FileHugePages:        0 kB
Node 1 FilePmdMapped:        0 kB
Node 1 HugePages_Total:     0
Node 1 HugePages_Free:      0
Node 1 HugePages_Surp:      0

Import tank ZPool
Node 0 MemTotal:       24743736 kB
Node 0 MemFree:        24266672 kB
Node 0 MemUsed:          477064 kB
Node 0 Active:            32400 kB
Node 0 Inactive:         150140 kB
Node 0 Active(anon):      10088 kB
Node 0 Inactive(anon):      440 kB
Node 0 Active(file):      22312 kB
Node 0 Inactive(file):   149700 kB
Node 0 Unevictable:        5300 kB
Node 0 Mlocked:            5300 kB
Node 0 Dirty:                36 kB
Node 0 Writeback:             0 kB
Node 0 FilePages:        177936 kB
Node 0 Mapped:            18228 kB
Node 0 AnonPages:          9696 kB
Node 0 Shmem:               624 kB
Node 0 KernelStack:        2872 kB
Node 0 PageTables:          664 kB
Node 0 NFS_Unstable:          0 kB
Node 0 Bounce:                0 kB
Node 0 WritebackTmp:          0 kB
Node 0 KReclaimable:      22912 kB
Node 0 Slab:              68416 kB
Node 0 SReclaimable:      22912 kB
Node 0 SUnreclaim:        45504 kB
Node 0 AnonHugePages:         0 kB
Node 0 ShmemHugePages:        0 kB
Node 0 ShmemPmdMapped:        0 kB
Node 0 FileHugePages:        0 kB
Node 0 FilePmdMapped:        0 kB
Node 0 HugePages_Total:     0
Node 0 HugePages_Free:      0
Node 0 HugePages_Surp:      0

Node 1 MemTotal:       24686196 kB
Node 1 MemFree:        24390124 kB
Node 1 MemUsed:          296072 kB
Node 1 Active:            67924 kB
Node 1 Inactive:          66080 kB
Node 1 Active(anon):      24056 kB
Node 1 Inactive(anon):      512 kB
Node 1 Active(file):      43868 kB
Node 1 Inactive(file):    65568 kB
Node 1 Unevictable:       13456 kB
Node 1 Mlocked:           13456 kB
Node 1 Dirty:                88 kB
Node 1 Writeback:             8 kB
Node 1 FilePages:        112992 kB
Node 1 Mapped:            46048 kB
Node 1 AnonPages:         34356 kB
Node 1 Shmem:               644 kB
Node 1 KernelStack:        1900 kB
Node 1 PageTables:          868 kB
Node 1 NFS_Unstable:          0 kB
Node 1 Bounce:                0 kB
Node 1 WritebackTmp:          0 kB
Node 1 KReclaimable:      20324 kB
Node 1 Slab:              52232 kB
Node 1 SReclaimable:      20324 kB
Node 1 SUnreclaim:        31908 kB
Node 1 AnonHugePages:         0 kB
Node 1 ShmemHugePages:        0 kB
Node 1 ShmemPmdMapped:        0 kB
Node 1 FileHugePages:        0 kB
Node 1 FilePmdMapped:        0 kB
Node 1 HugePages_Total:     0
Node 1 HugePages_Free:      0
Node 1 HugePages_Surp:      0

After Test
Node 0 MemTotal:       24743736 kB
Node 0 MemFree:        21732312 kB
Node 0 MemUsed:         3011424 kB
Node 0 Active:            33060 kB
Node 0 Inactive:         151068 kB
Node 0 Active(anon):       9684 kB
Node 0 Inactive(anon):      464 kB
Node 0 Active(file):      23376 kB
Node 0 Inactive(file):   150604 kB
Node 0 Unevictable:        5300 kB
Node 0 Mlocked:            5300 kB
Node 0 Dirty:                 8 kB
Node 0 Writeback:             0 kB
Node 0 FilePages:        179948 kB
Node 0 Mapped:            18108 kB
Node 0 AnonPages:          9396 kB
Node 0 Shmem:               672 kB
Node 0 KernelStack:        2760 kB
Node 0 PageTables:          588 kB
Node 0 NFS_Unstable:          0 kB
Node 0 Bounce:                0 kB
Node 0 WritebackTmp:          0 kB
Node 0 KReclaimable:      24212 kB
Node 0 Slab:              80452 kB
Node 0 SReclaimable:      24212 kB
Node 0 SUnreclaim:        56240 kB
Node 0 AnonHugePages:         0 kB
Node 0 ShmemHugePages:        0 kB
Node 0 ShmemPmdMapped:        0 kB
Node 0 FileHugePages:        0 kB
Node 0 FilePmdMapped:        0 kB
Node 0 HugePages_Total:     0
Node 0 HugePages_Free:      0
Node 0 HugePages_Surp:      0

Node 1 MemTotal:       24686196 kB
Node 1 MemFree:        23987676 kB
Node 1 MemUsed:          698520 kB
Node 1 Active:            67612 kB
Node 1 Inactive:          66032 kB
Node 1 Active(anon):      23640 kB
Node 1 Inactive(anon):      504 kB
Node 1 Active(file):      43972 kB
Node 1 Inactive(file):    65528 kB
Node 1 Unevictable:       13456 kB
Node 1 Mlocked:           13456 kB
Node 1 Dirty:                40 kB
Node 1 Writeback:             0 kB
Node 1 FilePages:        113036 kB
Node 1 Mapped:            45780 kB
Node 1 AnonPages:         34064 kB
Node 1 Shmem:               640 kB
Node 1 KernelStack:        1832 kB
Node 1 PageTables:          640 kB
Node 1 NFS_Unstable:          0 kB
Node 1 Bounce:                0 kB
Node 1 WritebackTmp:          0 kB
Node 1 KReclaimable:      20332 kB
Node 1 Slab:              54256 kB
Node 1 SReclaimable:      20332 kB
Node 1 SUnreclaim:        33924 kB
Node 1 AnonHugePages:         0 kB
Node 1 ShmemHugePages:        0 kB
Node 1 ShmemPmdMapped:        0 kB
Node 1 FileHugePages:        0 kB
Node 1 FilePmdMapped:        0 kB
Node 1 HugePages_Total:     0
Node 1 HugePages_Free:      0
Node 1 HugePages_Surp:      0

After Opposite Node
Node 0 MemTotal:       24743736 kB
Node 0 MemFree:        21732684 kB
Node 0 MemUsed:         3011052 kB
Node 0 Active:            33096 kB
Node 0 Inactive:         150888 kB
Node 0 Active(anon):       9544 kB
Node 0 Inactive(anon):      440 kB
Node 0 Active(file):      23552 kB
Node 0 Inactive(file):   150448 kB
Node 0 Unevictable:        5300 kB
Node 0 Mlocked:            5300 kB
Node 0 Dirty:                12 kB
Node 0 Writeback:             0 kB
Node 0 FilePages:        179924 kB
Node 0 Mapped:            18084 kB
Node 0 AnonPages:          9356 kB
Node 0 Shmem:               628 kB
Node 0 KernelStack:        2744 kB
Node 0 PageTables:          464 kB
Node 0 NFS_Unstable:          0 kB
Node 0 Bounce:                0 kB
Node 0 WritebackTmp:          0 kB
Node 0 KReclaimable:      24212 kB
Node 0 Slab:              80404 kB
Node 0 SReclaimable:      24212 kB
Node 0 SUnreclaim:        56192 kB
Node 0 AnonHugePages:         0 kB
Node 0 ShmemHugePages:        0 kB
Node 0 ShmemPmdMapped:        0 kB
Node 0 FileHugePages:        0 kB
Node 0 FilePmdMapped:        0 kB
Node 0 HugePages_Total:     0
Node 0 HugePages_Free:      0
Node 0 HugePages_Surp:      0

Node 1 MemTotal:       24686196 kB
Node 1 MemFree:        23988884 kB
Node 1 MemUsed:          697312 kB
Node 1 Active:            67816 kB
Node 1 Inactive:          66076 kB
Node 1 Active(anon):      23828 kB
Node 1 Inactive(anon):      540 kB
Node 1 Active(file):      43988 kB
Node 1 Inactive(file):    65536 kB
Node 1 Unevictable:       13456 kB
Node 1 Mlocked:           13456 kB
Node 1 Dirty:                84 kB
Node 1 Writeback:             0 kB
Node 1 FilePages:        113108 kB
Node 1 Mapped:            45880 kB
Node 1 AnonPages:         34108 kB
Node 1 Shmem:               684 kB
Node 1 KernelStack:        1848 kB
Node 1 PageTables:          756 kB
Node 1 NFS_Unstable:          0 kB
Node 1 Bounce:                0 kB
Node 1 WritebackTmp:          0 kB
Node 1 KReclaimable:      20396 kB
Node 1 Slab:              54444 kB
Node 1 SReclaimable:      20396 kB
Node 1 SUnreclaim:        34048 kB
Node 1 AnonHugePages:         0 kB
Node 1 ShmemHugePages:        0 kB
Node 1 ShmemPmdMapped:        0 kB
Node 1 FileHugePages:        0 kB
Node 1 FilePmdMapped:        0 kB
Node 1 HugePages_Total:     0
Node 1 HugePages_Free:      0
Node 1 HugePages_Surp:      0

B.0.4Mfio.2G.1.O Complete!
