B.0.8Mfio.2G.3.O
Begin
Node 0 MemTotal:       24743736 kB
Node 0 MemFree:        24473084 kB
Node 0 MemUsed:          270652 kB
Node 0 Active:            46844 kB
Node 0 Inactive:          61788 kB
Node 0 Active(anon):      21268 kB
Node 0 Inactive(anon):      456 kB
Node 0 Active(file):      25576 kB
Node 0 Inactive(file):    61332 kB
Node 0 Unevictable:       17440 kB
Node 0 Mlocked:           17440 kB
Node 0 Dirty:               432 kB
Node 0 Writeback:             0 kB
Node 0 FilePages:         94840 kB
Node 0 Mapped:            51700 kB
Node 0 AnonPages:         31408 kB
Node 0 Shmem:               672 kB
Node 0 KernelStack:        2056 kB
Node 0 PageTables:          836 kB
Node 0 NFS_Unstable:          0 kB
Node 0 Bounce:                0 kB
Node 0 WritebackTmp:          0 kB
Node 0 KReclaimable:      22884 kB
Node 0 Slab:              61492 kB
Node 0 SReclaimable:      22884 kB
Node 0 SUnreclaim:        38608 kB
Node 0 AnonHugePages:         0 kB
Node 0 ShmemHugePages:        0 kB
Node 0 ShmemPmdMapped:        0 kB
Node 0 FileHugePages:        0 kB
Node 0 FilePmdMapped:        0 kB
Node 0 HugePages_Total:     0
Node 0 HugePages_Free:      0
Node 0 HugePages_Surp:      0

Node 1 MemTotal:       24686196 kB
Node 1 MemFree:        24316208 kB
Node 1 MemUsed:          369988 kB
Node 1 Active:            49188 kB
Node 1 Inactive:          52812 kB
Node 1 Active(anon):      12744 kB
Node 1 Inactive(anon):      420 kB
Node 1 Active(file):      36444 kB
Node 1 Inactive(file):    52392 kB
Node 1 Unevictable:        1084 kB
Node 1 Mlocked:            1084 kB
Node 1 Dirty:                96 kB
Node 1 Writeback:             0 kB
Node 1 FilePages:         90516 kB
Node 1 Mapped:            12824 kB
Node 1 AnonPages:         12648 kB
Node 1 Shmem:               596 kB
Node 1 KernelStack:        1592 kB
Node 1 PageTables:          272 kB
Node 1 NFS_Unstable:          0 kB
Node 1 Bounce:                0 kB
Node 1 WritebackTmp:          0 kB
Node 1 KReclaimable:      19332 kB
Node 1 Slab:              46836 kB
Node 1 SReclaimable:      19332 kB
Node 1 SUnreclaim:        27504 kB
Node 1 AnonHugePages:         0 kB
Node 1 ShmemHugePages:        0 kB
Node 1 ShmemPmdMapped:        0 kB
Node 1 FileHugePages:        0 kB
Node 1 FilePmdMapped:        0 kB
Node 1 HugePages_Total:     0
Node 1 HugePages_Free:      0
Node 1 HugePages_Surp:      0

Load ZFS
Node 0 MemTotal:       24743736 kB
Node 0 MemFree:        24209996 kB
Node 0 MemUsed:          533740 kB
Node 0 Active:            63740 kB
Node 0 Inactive:         164996 kB
Node 0 Active(anon):      36796 kB
Node 0 Inactive(anon):      424 kB
Node 0 Active(file):      26944 kB
Node 0 Inactive(file):   164572 kB
Node 0 Unevictable:       17656 kB
Node 0 Mlocked:           17656 kB
Node 0 Dirty:               508 kB
Node 0 Writeback:             0 kB
Node 0 FilePages:        199208 kB
Node 0 Mapped:            54760 kB
Node 0 AnonPages:         47564 kB
Node 0 Shmem:               584 kB
Node 0 KernelStack:        2568 kB
Node 0 PageTables:         2380 kB
Node 0 NFS_Unstable:          0 kB
Node 0 Bounce:                0 kB
Node 0 WritebackTmp:          0 kB
Node 0 KReclaimable:      24028 kB
Node 0 Slab:              65856 kB
Node 0 SReclaimable:      24028 kB
Node 0 SUnreclaim:        41828 kB
Node 0 AnonHugePages:         0 kB
Node 0 ShmemHugePages:        0 kB
Node 0 ShmemPmdMapped:        0 kB
Node 0 FileHugePages:        0 kB
Node 0 FilePmdMapped:        0 kB
Node 0 HugePages_Total:     0
Node 0 HugePages_Free:      0
Node 0 HugePages_Surp:      0

Node 1 MemTotal:       24686196 kB
Node 1 MemFree:        24435324 kB
Node 1 MemUsed:          250872 kB
Node 1 Active:            61280 kB
Node 1 Inactive:          52996 kB
Node 1 Active(anon):      23620 kB
Node 1 Inactive(anon):      520 kB
Node 1 Active(file):      37660 kB
Node 1 Inactive(file):    52476 kB
Node 1 Unevictable:        1084 kB
Node 1 Mlocked:            1084 kB
Node 1 Dirty:               128 kB
Node 1 Writeback:             0 kB
Node 1 FilePages:         91904 kB
Node 1 Mapped:            13764 kB
Node 1 AnonPages:         23504 kB
Node 1 Shmem:               684 kB
Node 1 KernelStack:        1728 kB
Node 1 PageTables:          824 kB
Node 1 NFS_Unstable:          0 kB
Node 1 Bounce:                0 kB
Node 1 WritebackTmp:          0 kB
Node 1 KReclaimable:      20100 kB
Node 1 Slab:              49864 kB
Node 1 SReclaimable:      20100 kB
Node 1 SUnreclaim:        29764 kB
Node 1 AnonHugePages:         0 kB
Node 1 ShmemHugePages:        0 kB
Node 1 ShmemPmdMapped:        0 kB
Node 1 FileHugePages:        0 kB
Node 1 FilePmdMapped:        0 kB
Node 1 HugePages_Total:     0
Node 1 HugePages_Free:      0
Node 1 HugePages_Surp:      0

Import tank ZPool
Node 0 MemTotal:       24743736 kB
Node 0 MemFree:        24221452 kB
Node 0 MemUsed:          522284 kB
Node 0 Active:            48904 kB
Node 0 Inactive:         165772 kB
Node 0 Active(anon):      21160 kB
Node 0 Inactive(anon):      432 kB
Node 0 Active(file):      27744 kB
Node 0 Inactive(file):   165340 kB
Node 0 Unevictable:       17672 kB
Node 0 Mlocked:           17672 kB
Node 0 Dirty:               580 kB
Node 0 Writeback:             0 kB
Node 0 FilePages:        200780 kB
Node 0 Mapped:            51880 kB
Node 0 AnonPages:         31212 kB
Node 0 Shmem:               584 kB
Node 0 KernelStack:        2056 kB
Node 0 PageTables:          952 kB
Node 0 NFS_Unstable:          0 kB
Node 0 Bounce:                0 kB
Node 0 WritebackTmp:          0 kB
Node 0 KReclaimable:      24148 kB
Node 0 Slab:              70228 kB
Node 0 SReclaimable:      24148 kB
Node 0 SUnreclaim:        46080 kB
Node 0 AnonHugePages:         0 kB
Node 0 ShmemHugePages:        0 kB
Node 0 ShmemPmdMapped:        0 kB
Node 0 FileHugePages:        0 kB
Node 0 FilePmdMapped:        0 kB
Node 0 HugePages_Total:     0
Node 0 HugePages_Free:      0
Node 0 HugePages_Surp:      0

Node 1 MemTotal:       24686196 kB
Node 1 MemFree:        24430956 kB
Node 1 MemUsed:          255240 kB
Node 1 Active:            50752 kB
Node 1 Inactive:          52616 kB
Node 1 Active(anon):      12712 kB
Node 1 Inactive(anon):      516 kB
Node 1 Active(file):      38040 kB
Node 1 Inactive(file):    52100 kB
Node 1 Unevictable:        1084 kB
Node 1 Mlocked:            1084 kB
Node 1 Dirty:                60 kB
Node 1 Writeback:             0 kB
Node 1 FilePages:         91908 kB
Node 1 Mapped:            12888 kB
Node 1 AnonPages:         12544 kB
Node 1 Shmem:               684 kB
Node 1 KernelStack:        2712 kB
Node 1 PageTables:          272 kB
Node 1 NFS_Unstable:          0 kB
Node 1 Bounce:                0 kB
Node 1 WritebackTmp:          0 kB
Node 1 KReclaimable:      20132 kB
Node 1 Slab:              51868 kB
Node 1 SReclaimable:      20132 kB
Node 1 SUnreclaim:        31736 kB
Node 1 AnonHugePages:         0 kB
Node 1 ShmemHugePages:        0 kB
Node 1 ShmemPmdMapped:        0 kB
Node 1 FileHugePages:        0 kB
Node 1 FilePmdMapped:        0 kB
Node 1 HugePages_Total:     0
Node 1 HugePages_Free:      0
Node 1 HugePages_Surp:      0

After Test
Node 0 MemTotal:       24743736 kB
Node 0 MemFree:        21623324 kB
Node 0 MemUsed:         3120412 kB
Node 0 Active:            49612 kB
Node 0 Inactive:         166748 kB
Node 0 Active(anon):      20760 kB
Node 0 Inactive(anon):      468 kB
Node 0 Active(file):      28852 kB
Node 0 Inactive(file):   166280 kB
Node 0 Unevictable:       17672 kB
Node 0 Mlocked:           17672 kB
Node 0 Dirty:                40 kB
Node 0 Writeback:             0 kB
Node 0 FilePages:        202864 kB
Node 0 Mapped:            51676 kB
Node 0 AnonPages:         30932 kB
Node 0 Shmem:               624 kB
Node 0 KernelStack:        2008 kB
Node 0 PageTables:         1024 kB
Node 0 NFS_Unstable:          0 kB
Node 0 Bounce:                0 kB
Node 0 WritebackTmp:          0 kB
Node 0 KReclaimable:      25384 kB
Node 0 Slab:              83528 kB
Node 0 SReclaimable:      25384 kB
Node 0 SUnreclaim:        58144 kB
Node 0 AnonHugePages:         0 kB
Node 0 ShmemHugePages:        0 kB
Node 0 ShmemPmdMapped:        0 kB
Node 0 FileHugePages:        0 kB
Node 0 FilePmdMapped:        0 kB
Node 0 HugePages_Total:     0
Node 0 HugePages_Free:      0
Node 0 HugePages_Surp:      0

Node 1 MemTotal:       24686196 kB
Node 1 MemFree:        24100676 kB
Node 1 MemUsed:          585520 kB
Node 1 Active:            50768 kB
Node 1 Inactive:          52616 kB
Node 1 Active(anon):      12728 kB
Node 1 Inactive(anon):      516 kB
Node 1 Active(file):      38040 kB
Node 1 Inactive(file):    52100 kB
Node 1 Unevictable:        1084 kB
Node 1 Mlocked:            1084 kB
Node 1 Dirty:                 4 kB
Node 1 Writeback:             0 kB
Node 1 FilePages:         91912 kB
Node 1 Mapped:            12864 kB
Node 1 AnonPages:         12560 kB
Node 1 Shmem:               688 kB
Node 1 KernelStack:        2776 kB
Node 1 PageTables:          272 kB
Node 1 NFS_Unstable:          0 kB
Node 1 Bounce:                0 kB
Node 1 WritebackTmp:          0 kB
Node 1 KReclaimable:      20192 kB
Node 1 Slab:              52988 kB
Node 1 SReclaimable:      20192 kB
Node 1 SUnreclaim:        32796 kB
Node 1 AnonHugePages:         0 kB
Node 1 ShmemHugePages:        0 kB
Node 1 ShmemPmdMapped:        0 kB
Node 1 FileHugePages:        0 kB
Node 1 FilePmdMapped:        0 kB
Node 1 HugePages_Total:     0
Node 1 HugePages_Free:      0
Node 1 HugePages_Surp:      0

After Opposite Node
Node 0 MemTotal:       24743736 kB
Node 0 MemFree:        21623704 kB
Node 0 MemUsed:         3120032 kB
Node 0 Active:            49588 kB
Node 0 Inactive:         166516 kB
Node 0 Active(anon):      20528 kB
Node 0 Inactive(anon):      424 kB
Node 0 Active(file):      29060 kB
Node 0 Inactive(file):   166092 kB
Node 0 Unevictable:       17672 kB
Node 0 Mlocked:           17672 kB
Node 0 Dirty:               136 kB
Node 0 Writeback:             0 kB
Node 0 FilePages:        202840 kB
Node 0 Mapped:            51868 kB
Node 0 AnonPages:         30932 kB
Node 0 Shmem:               580 kB
Node 0 KernelStack:        1944 kB
Node 0 PageTables:          832 kB
Node 0 NFS_Unstable:          0 kB
Node 0 Bounce:                0 kB
Node 0 WritebackTmp:          0 kB
Node 0 KReclaimable:      25384 kB
Node 0 Slab:              83448 kB
Node 0 SReclaimable:      25384 kB
Node 0 SUnreclaim:        58064 kB
Node 0 AnonHugePages:         0 kB
Node 0 ShmemHugePages:        0 kB
Node 0 ShmemPmdMapped:        0 kB
Node 0 FileHugePages:        0 kB
Node 0 FilePmdMapped:        0 kB
Node 0 HugePages_Total:     0
Node 0 HugePages_Free:      0
Node 0 HugePages_Surp:      0

Node 1 MemTotal:       24686196 kB
Node 1 MemFree:        24100420 kB
Node 1 MemUsed:          585776 kB
Node 1 Active:            50980 kB
Node 1 Inactive:          52788 kB
Node 1 Active(anon):      12936 kB
Node 1 Inactive(anon):      552 kB
Node 1 Active(file):      38044 kB
Node 1 Inactive(file):    52236 kB
Node 1 Unevictable:        1084 kB
Node 1 Mlocked:            1084 kB
Node 1 Dirty:                12 kB
Node 1 Writeback:             0 kB
Node 1 FilePages:         92096 kB
Node 1 Mapped:            12908 kB
Node 1 AnonPages:         12620 kB
Node 1 Shmem:               732 kB
Node 1 KernelStack:        2776 kB
Node 1 PageTables:          388 kB
Node 1 NFS_Unstable:          0 kB
Node 1 Bounce:                0 kB
Node 1 WritebackTmp:          0 kB
Node 1 KReclaimable:      20232 kB
Node 1 Slab:              53172 kB
Node 1 SReclaimable:      20232 kB
Node 1 SUnreclaim:        32940 kB
Node 1 AnonHugePages:         0 kB
Node 1 ShmemHugePages:        0 kB
Node 1 ShmemPmdMapped:        0 kB
Node 1 FileHugePages:        0 kB
Node 1 FilePmdMapped:        0 kB
Node 1 HugePages_Total:     0
Node 1 HugePages_Free:      0
Node 1 HugePages_Surp:      0

B.0.8Mfio.2G.3.O Complete!
