B.0.2Mfio.250M.1.O
Begin
Node 0 MemTotal:       24768352 kB
Node 0 MemFree:        24533364 kB
Node 0 MemUsed:          234988 kB
Node 0 Active:            38192 kB
Node 0 Inactive:          49584 kB
Node 0 Active(anon):      11332 kB
Node 0 Inactive(anon):      432 kB
Node 0 Active(file):      26860 kB
Node 0 Inactive(file):    49152 kB
Node 0 Unevictable:       18120 kB
Node 0 Mlocked:           18120 kB
Node 0 Dirty:                 0 kB
Node 0 Writeback:             0 kB
Node 0 FilePages:         84428 kB
Node 0 Mapped:            42940 kB
Node 0 AnonPages:         21480 kB
Node 0 Shmem:               628 kB
Node 0 KernelStack:        1976 kB
Node 0 PageTables:          664 kB
Node 0 NFS_Unstable:          0 kB
Node 0 Bounce:                0 kB
Node 0 WritebackTmp:          0 kB
Node 0 KReclaimable:      18724 kB
Node 0 Slab:              47384 kB
Node 0 SReclaimable:      18724 kB
Node 0 SUnreclaim:        28660 kB
Node 0 AnonHugePages:         0 kB
Node 0 ShmemHugePages:        0 kB
Node 0 ShmemPmdMapped:        0 kB
Node 0 FileHugePages:        0 kB
Node 0 FilePmdMapped:        0 kB
Node 0 HugePages_Total:     0
Node 0 HugePages_Free:      0
Node 0 HugePages_Surp:      0

Node 1 MemTotal:       24661580 kB
Node 1 MemFree:        24267624 kB
Node 1 MemUsed:          393956 kB
Node 1 Active:            57544 kB
Node 1 Inactive:          57708 kB
Node 1 Active(anon):      22376 kB
Node 1 Inactive(anon):      476 kB
Node 1 Active(file):      35168 kB
Node 1 Inactive(file):    57232 kB
Node 1 Unevictable:         404 kB
Node 1 Mlocked:             404 kB
Node 1 Dirty:                 0 kB
Node 1 Writeback:             0 kB
Node 1 FilePages:         93456 kB
Node 1 Mapped:            14508 kB
Node 1 AnonPages:         22268 kB
Node 1 Shmem:               640 kB
Node 1 KernelStack:        1656 kB
Node 1 PageTables:          496 kB
Node 1 NFS_Unstable:          0 kB
Node 1 Bounce:                0 kB
Node 1 WritebackTmp:          0 kB
Node 1 KReclaimable:      22712 kB
Node 1 Slab:              58440 kB
Node 1 SReclaimable:      22712 kB
Node 1 SUnreclaim:        35728 kB
Node 1 AnonHugePages:         0 kB
Node 1 ShmemHugePages:        0 kB
Node 1 ShmemPmdMapped:        0 kB
Node 1 FileHugePages:        0 kB
Node 1 FilePmdMapped:        0 kB
Node 1 HugePages_Total:     0
Node 1 HugePages_Free:      0
Node 1 HugePages_Surp:      0

Load ZFS
Node 0 MemTotal:       24768352 kB
Node 0 MemFree:        24481472 kB
Node 0 MemUsed:          286880 kB
Node 0 Active:            54460 kB
Node 0 Inactive:          78636 kB
Node 0 Active(anon):      26156 kB
Node 0 Inactive(anon):      492 kB
Node 0 Active(file):      28304 kB
Node 0 Inactive(file):    78144 kB
Node 0 Unevictable:       18336 kB
Node 0 Mlocked:           18336 kB
Node 0 Dirty:                64 kB
Node 0 Writeback:           124 kB
Node 0 FilePages:        114896 kB
Node 0 Mapped:            44840 kB
Node 0 AnonPages:         36436 kB
Node 0 Shmem:               660 kB
Node 0 KernelStack:        2468 kB
Node 0 PageTables:         2008 kB
Node 0 NFS_Unstable:          0 kB
Node 0 Bounce:                0 kB
Node 0 WritebackTmp:          0 kB
Node 0 KReclaimable:      19384 kB
Node 0 Slab:              50284 kB
Node 0 SReclaimable:      19384 kB
Node 0 SUnreclaim:        30900 kB
Node 0 AnonHugePages:         0 kB
Node 0 ShmemHugePages:        0 kB
Node 0 ShmemPmdMapped:        0 kB
Node 0 FileHugePages:        0 kB
Node 0 FilePmdMapped:        0 kB
Node 0 HugePages_Total:     0
Node 0 HugePages_Free:      0
Node 0 HugePages_Surp:      0

Node 1 MemTotal:       24661580 kB
Node 1 MemFree:        24174912 kB
Node 1 MemUsed:          486668 kB
Node 1 Active:            69080 kB
Node 1 Inactive:         132036 kB
Node 1 Active(anon):      32844 kB
Node 1 Inactive(anon):      452 kB
Node 1 Active(file):      36236 kB
Node 1 Inactive(file):   131584 kB
Node 1 Unevictable:         404 kB
Node 1 Mlocked:             404 kB
Node 1 Dirty:                28 kB
Node 1 Writeback:             0 kB
Node 1 FilePages:        168832 kB
Node 1 Mapped:            16680 kB
Node 1 AnonPages:         33008 kB
Node 1 Shmem:               608 kB
Node 1 KernelStack:        1780 kB
Node 1 PageTables:          984 kB
Node 1 NFS_Unstable:          0 kB
Node 1 Bounce:                0 kB
Node 1 WritebackTmp:          0 kB
Node 1 KReclaimable:      23464 kB
Node 1 Slab:              62004 kB
Node 1 SReclaimable:      23464 kB
Node 1 SUnreclaim:        38540 kB
Node 1 AnonHugePages:         0 kB
Node 1 ShmemHugePages:        0 kB
Node 1 ShmemPmdMapped:        0 kB
Node 1 FileHugePages:        0 kB
Node 1 FilePmdMapped:        0 kB
Node 1 HugePages_Total:     0
Node 1 HugePages_Free:      0
Node 1 HugePages_Surp:      0

Import tank ZPool
Node 0 MemTotal:       24768352 kB
Node 0 MemFree:        24488920 kB
Node 0 MemUsed:          279432 kB
Node 0 Active:            41260 kB
Node 0 Inactive:          78472 kB
Node 0 Active(anon):      12688 kB
Node 0 Inactive(anon):      496 kB
Node 0 Active(file):      28572 kB
Node 0 Inactive(file):    77976 kB
Node 0 Unevictable:       18352 kB
Node 0 Mlocked:           18352 kB
Node 0 Dirty:               268 kB
Node 0 Writeback:             0 kB
Node 0 FilePages:        115000 kB
Node 0 Mapped:            43244 kB
Node 0 AnonPages:         22864 kB
Node 0 Shmem:               660 kB
Node 0 KernelStack:        2120 kB
Node 0 PageTables:          708 kB
Node 0 NFS_Unstable:          0 kB
Node 0 Bounce:                0 kB
Node 0 WritebackTmp:          0 kB
Node 0 KReclaimable:      19384 kB
Node 0 Slab:              54432 kB
Node 0 SReclaimable:      19384 kB
Node 0 SUnreclaim:        35048 kB
Node 0 AnonHugePages:         0 kB
Node 0 ShmemHugePages:        0 kB
Node 0 ShmemPmdMapped:        0 kB
Node 0 FileHugePages:        0 kB
Node 0 FilePmdMapped:        0 kB
Node 0 HugePages_Total:     0
Node 0 HugePages_Free:      0
Node 0 HugePages_Surp:      0

Node 1 MemTotal:       24661580 kB
Node 1 MemFree:        24170524 kB
Node 1 MemUsed:          491056 kB
Node 1 Active:            58544 kB
Node 1 Inactive:         132880 kB
Node 1 Active(anon):      21688 kB
Node 1 Inactive(anon):      452 kB
Node 1 Active(file):      36856 kB
Node 1 Inactive(file):   132428 kB
Node 1 Unevictable:         404 kB
Node 1 Mlocked:             404 kB
Node 1 Dirty:                32 kB
Node 1 Writeback:             0 kB
Node 1 FilePages:        170296 kB
Node 1 Mapped:            14900 kB
Node 1 AnonPages:         21244 kB
Node 1 Shmem:               608 kB
Node 1 KernelStack:        2616 kB
Node 1 PageTables:          484 kB
Node 1 NFS_Unstable:          0 kB
Node 1 Bounce:                0 kB
Node 1 WritebackTmp:          0 kB
Node 1 KReclaimable:      23612 kB
Node 1 Slab:              65584 kB
Node 1 SReclaimable:      23612 kB
Node 1 SUnreclaim:        41972 kB
Node 1 AnonHugePages:         0 kB
Node 1 ShmemHugePages:        0 kB
Node 1 ShmemPmdMapped:        0 kB
Node 1 FileHugePages:        0 kB
Node 1 FilePmdMapped:        0 kB
Node 1 HugePages_Total:     0
Node 1 HugePages_Free:      0
Node 1 HugePages_Surp:      0

After Test
Node 0 MemTotal:       24768352 kB
Node 0 MemFree:        23977104 kB
Node 0 MemUsed:          791248 kB
Node 0 Active:            41484 kB
Node 0 Inactive:          79700 kB
Node 0 Active(anon):      12100 kB
Node 0 Inactive(anon):      516 kB
Node 0 Active(file):      29384 kB
Node 0 Inactive(file):    79184 kB
Node 0 Unevictable:       18352 kB
Node 0 Mlocked:           18352 kB
Node 0 Dirty:               184 kB
Node 0 Writeback:             0 kB
Node 0 FilePages:        117060 kB
Node 0 Mapped:            43200 kB
Node 0 AnonPages:         22384 kB
Node 0 Shmem:               704 kB
Node 0 KernelStack:        2104 kB
Node 0 PageTables:          748 kB
Node 0 NFS_Unstable:          0 kB
Node 0 Bounce:                0 kB
Node 0 WritebackTmp:          0 kB
Node 0 KReclaimable:      20704 kB
Node 0 Slab:              59148 kB
Node 0 SReclaimable:      20704 kB
Node 0 SUnreclaim:        38444 kB
Node 0 AnonHugePages:         0 kB
Node 0 ShmemHugePages:        0 kB
Node 0 ShmemPmdMapped:        0 kB
Node 0 FileHugePages:        0 kB
Node 0 FilePmdMapped:        0 kB
Node 0 HugePages_Total:     0
Node 0 HugePages_Free:      0
Node 0 HugePages_Surp:      0

Node 1 MemTotal:       24661580 kB
Node 1 MemFree:        24147900 kB
Node 1 MemUsed:          513680 kB
Node 1 Active:            58404 kB
Node 1 Inactive:         132592 kB
Node 1 Active(anon):      21232 kB
Node 1 Inactive(anon):      448 kB
Node 1 Active(file):      37172 kB
Node 1 Inactive(file):   132144 kB
Node 1 Unevictable:         404 kB
Node 1 Mlocked:             404 kB
Node 1 Dirty:                 0 kB
Node 1 Writeback:             0 kB
Node 1 FilePages:        170328 kB
Node 1 Mapped:            14560 kB
Node 1 AnonPages:         21072 kB
Node 1 Shmem:               608 kB
Node 1 KernelStack:        2600 kB
Node 1 PageTables:          436 kB
Node 1 NFS_Unstable:          0 kB
Node 1 Bounce:                0 kB
Node 1 WritebackTmp:          0 kB
Node 1 KReclaimable:      23612 kB
Node 1 Slab:              65328 kB
Node 1 SReclaimable:      23612 kB
Node 1 SUnreclaim:        41716 kB
Node 1 AnonHugePages:         0 kB
Node 1 ShmemHugePages:        0 kB
Node 1 ShmemPmdMapped:        0 kB
Node 1 FileHugePages:        0 kB
Node 1 FilePmdMapped:        0 kB
Node 1 HugePages_Total:     0
Node 1 HugePages_Free:      0
Node 1 HugePages_Surp:      0

After Opposite Node
Node 0 MemTotal:       24768352 kB
Node 0 MemFree:        23977184 kB
Node 0 MemUsed:          791168 kB
Node 0 Active:            41480 kB
Node 0 Inactive:          79524 kB
Node 0 Active(anon):      11936 kB
Node 0 Inactive(anon):      492 kB
Node 0 Active(file):      29544 kB
Node 0 Inactive(file):    79032 kB
Node 0 Unevictable:       18352 kB
Node 0 Mlocked:           18352 kB
Node 0 Dirty:               184 kB
Node 0 Writeback:             0 kB
Node 0 FilePages:        117024 kB
Node 0 Mapped:            43124 kB
Node 0 AnonPages:         22328 kB
Node 0 Shmem:               660 kB
Node 0 KernelStack:        2072 kB
Node 0 PageTables:          640 kB
Node 0 NFS_Unstable:          0 kB
Node 0 Bounce:                0 kB
Node 0 WritebackTmp:          0 kB
Node 0 KReclaimable:      20704 kB
Node 0 Slab:              59156 kB
Node 0 SReclaimable:      20704 kB
Node 0 SUnreclaim:        38452 kB
Node 0 AnonHugePages:         0 kB
Node 0 ShmemHugePages:        0 kB
Node 0 ShmemPmdMapped:        0 kB
Node 0 FileHugePages:        0 kB
Node 0 FilePmdMapped:        0 kB
Node 0 HugePages_Total:     0
Node 0 HugePages_Free:      0
Node 0 HugePages_Surp:      0

Node 1 MemTotal:       24661580 kB
Node 1 MemFree:        24147520 kB
Node 1 MemUsed:          514060 kB
Node 1 Active:            58592 kB
Node 1 Inactive:         132612 kB
Node 1 Active(anon):      21392 kB
Node 1 Inactive(anon):      472 kB
Node 1 Active(file):      37200 kB
Node 1 Inactive(file):   132140 kB
Node 1 Unevictable:         404 kB
Node 1 Mlocked:             404 kB
Node 1 Dirty:                12 kB
Node 1 Writeback:             0 kB
Node 1 FilePages:        170396 kB
Node 1 Mapped:            14604 kB
Node 1 AnonPages:         21124 kB
Node 1 Shmem:               652 kB
Node 1 KernelStack:        2632 kB
Node 1 PageTables:          544 kB
Node 1 NFS_Unstable:          0 kB
Node 1 Bounce:                0 kB
Node 1 WritebackTmp:          0 kB
Node 1 KReclaimable:      23704 kB
Node 1 Slab:              65516 kB
Node 1 SReclaimable:      23704 kB
Node 1 SUnreclaim:        41812 kB
Node 1 AnonHugePages:         0 kB
Node 1 ShmemHugePages:        0 kB
Node 1 ShmemPmdMapped:        0 kB
Node 1 FileHugePages:        0 kB
Node 1 FilePmdMapped:        0 kB
Node 1 HugePages_Total:     0
Node 1 HugePages_Free:      0
Node 1 HugePages_Surp:      0

B.0.2Mfio.250M.1.O Complete!
