B.0.8Mfio.4G.1.O
Begin
Node 0 MemTotal:       24743736 kB
Node 0 MemFree:        24377928 kB
Node 0 MemUsed:          365808 kB
Node 0 Active:            27044 kB
Node 0 Inactive:          59512 kB
Node 0 Active(anon):       8304 kB
Node 0 Inactive(anon):      396 kB
Node 0 Active(file):      18740 kB
Node 0 Inactive(file):    59116 kB
Node 0 Unevictable:        5032 kB
Node 0 Mlocked:            5032 kB
Node 0 Dirty:               476 kB
Node 0 Writeback:             0 kB
Node 0 FilePages:         83468 kB
Node 0 Mapped:            32700 kB
Node 0 AnonPages:          8116 kB
Node 0 Shmem:               584 kB
Node 0 KernelStack:        2104 kB
Node 0 PageTables:          424 kB
Node 0 NFS_Unstable:          0 kB
Node 0 Bounce:                0 kB
Node 0 WritebackTmp:          0 kB
Node 0 KReclaimable:      23188 kB
Node 0 Slab:              51556 kB
Node 0 SReclaimable:      23188 kB
Node 0 SUnreclaim:        28368 kB
Node 0 AnonHugePages:         0 kB
Node 0 ShmemHugePages:        0 kB
Node 0 ShmemPmdMapped:        0 kB
Node 0 FileHugePages:        0 kB
Node 0 FilePmdMapped:        0 kB
Node 0 HugePages_Total:     0
Node 0 HugePages_Free:      0
Node 0 HugePages_Surp:      0

Node 1 MemTotal:       24686196 kB
Node 1 MemFree:        24439192 kB
Node 1 MemUsed:          247004 kB
Node 1 Active:            67120 kB
Node 1 Inactive:          31956 kB
Node 1 Active(anon):      25180 kB
Node 1 Inactive(anon):      464 kB
Node 1 Active(file):      41940 kB
Node 1 Inactive(file):    31492 kB
Node 1 Unevictable:       13488 kB
Node 1 Mlocked:           13488 kB
Node 1 Dirty:                48 kB
Node 1 Writeback:             0 kB
Node 1 FilePages:         77448 kB
Node 1 Mapped:            19980 kB
Node 1 AnonPages:         35372 kB
Node 1 Shmem:               684 kB
Node 1 KernelStack:        1512 kB
Node 1 PageTables:          576 kB
Node 1 NFS_Unstable:          0 kB
Node 1 Bounce:                0 kB
Node 1 WritebackTmp:          0 kB
Node 1 KReclaimable:      18244 kB
Node 1 Slab:              54492 kB
Node 1 SReclaimable:      18244 kB
Node 1 SUnreclaim:        36248 kB
Node 1 AnonHugePages:         0 kB
Node 1 ShmemHugePages:        0 kB
Node 1 ShmemPmdMapped:        0 kB
Node 1 FileHugePages:        0 kB
Node 1 FilePmdMapped:        0 kB
Node 1 HugePages_Total:     0
Node 1 HugePages_Free:      0
Node 1 HugePages_Surp:      0

Load ZFS
Node 0 MemTotal:       24743736 kB
Node 0 MemFree:        24262372 kB
Node 0 MemUsed:          481364 kB
Node 0 Active:            38600 kB
Node 0 Inactive:         157376 kB
Node 0 Active(anon):      18468 kB
Node 0 Inactive(anon):      328 kB
Node 0 Active(file):      20132 kB
Node 0 Inactive(file):   157048 kB
Node 0 Unevictable:        5032 kB
Node 0 Mlocked:            5032 kB
Node 0 Dirty:               452 kB
Node 0 Writeback:             0 kB
Node 0 FilePages:        182924 kB
Node 0 Mapped:            34408 kB
Node 0 AnonPages:         18560 kB
Node 0 Shmem:               572 kB
Node 0 KernelStack:        2528 kB
Node 0 PageTables:         2232 kB
Node 0 NFS_Unstable:          0 kB
Node 0 Bounce:                0 kB
Node 0 WritebackTmp:          0 kB
Node 0 KReclaimable:      24120 kB
Node 0 Slab:              55012 kB
Node 0 SReclaimable:      24120 kB
Node 0 SUnreclaim:        30892 kB
Node 0 AnonHugePages:         0 kB
Node 0 ShmemHugePages:        0 kB
Node 0 ShmemPmdMapped:        0 kB
Node 0 FileHugePages:        0 kB
Node 0 FilePmdMapped:        0 kB
Node 0 HugePages_Total:     0
Node 0 HugePages_Free:      0
Node 0 HugePages_Surp:      0

Node 1 MemTotal:       24686196 kB
Node 1 MemFree:        24413316 kB
Node 1 MemUsed:          272880 kB
Node 1 Active:            83928 kB
Node 1 Inactive:          37636 kB
Node 1 Active(anon):      40740 kB
Node 1 Inactive(anon):      416 kB
Node 1 Active(file):      43188 kB
Node 1 Inactive(file):    37220 kB
Node 1 Unevictable:       13688 kB
Node 1 Mlocked:           13688 kB
Node 1 Dirty:                56 kB
Node 1 Writeback:             0 kB
Node 1 FilePages:         84264 kB
Node 1 Mapped:            23300 kB
Node 1 AnonPages:         51020 kB
Node 1 Shmem:               692 kB
Node 1 KernelStack:        1760 kB
Node 1 PageTables:          840 kB
Node 1 NFS_Unstable:          0 kB
Node 1 Bounce:                0 kB
Node 1 WritebackTmp:          0 kB
Node 1 KReclaimable:      18812 kB
Node 1 Slab:              57264 kB
Node 1 SReclaimable:      18812 kB
Node 1 SUnreclaim:        38452 kB
Node 1 AnonHugePages:         0 kB
Node 1 ShmemHugePages:        0 kB
Node 1 ShmemPmdMapped:        0 kB
Node 1 FileHugePages:        0 kB
Node 1 FilePmdMapped:        0 kB
Node 1 HugePages_Total:     0
Node 1 HugePages_Free:      0
Node 1 HugePages_Surp:      0

Import tank ZPool
Node 0 MemTotal:       24743736 kB
Node 0 MemFree:        24267260 kB
Node 0 MemUsed:          476476 kB
Node 0 Active:            30388 kB
Node 0 Inactive:         157824 kB
Node 0 Active(anon):       9312 kB
Node 0 Inactive(anon):      436 kB
Node 0 Active(file):      21076 kB
Node 0 Inactive(file):   157388 kB
Node 0 Unevictable:        5032 kB
Node 0 Mlocked:            5032 kB
Node 0 Dirty:               524 kB
Node 0 Writeback:             0 kB
Node 0 FilePages:        184068 kB
Node 0 Mapped:            32928 kB
Node 0 AnonPages:          8816 kB
Node 0 Shmem:               572 kB
Node 0 KernelStack:        2104 kB
Node 0 PageTables:          540 kB
Node 0 NFS_Unstable:          0 kB
Node 0 Bounce:                0 kB
Node 0 WritebackTmp:          0 kB
Node 0 KReclaimable:      24160 kB
Node 0 Slab:              59492 kB
Node 0 SReclaimable:      24160 kB
Node 0 SUnreclaim:        35332 kB
Node 0 AnonHugePages:         0 kB
Node 0 ShmemHugePages:        0 kB
Node 0 ShmemPmdMapped:        0 kB
Node 0 FileHugePages:        0 kB
Node 0 FilePmdMapped:        0 kB
Node 0 HugePages_Total:     0
Node 0 HugePages_Free:      0
Node 0 HugePages_Surp:      0

Node 1 MemTotal:       24686196 kB
Node 1 MemFree:        24414368 kB
Node 1 MemUsed:          271828 kB
Node 1 Active:            67684 kB
Node 1 Inactive:          37548 kB
Node 1 Active(anon):      24428 kB
Node 1 Inactive(anon):      512 kB
Node 1 Active(file):      43256 kB
Node 1 Inactive(file):    37036 kB
Node 1 Unevictable:       13720 kB
Node 1 Mlocked:           13720 kB
Node 1 Dirty:                44 kB
Node 1 Writeback:             0 kB
Node 1 FilePages:         84168 kB
Node 1 Mapped:            20040 kB
Node 1 AnonPages:         34800 kB
Node 1 Shmem:               696 kB
Node 1 KernelStack:        2696 kB
Node 1 PageTables:          600 kB
Node 1 NFS_Unstable:          0 kB
Node 1 Bounce:                0 kB
Node 1 WritebackTmp:          0 kB
Node 1 KReclaimable:      18832 kB
Node 1 Slab:              58824 kB
Node 1 SReclaimable:      18832 kB
Node 1 SUnreclaim:        39992 kB
Node 1 AnonHugePages:         0 kB
Node 1 ShmemHugePages:        0 kB
Node 1 ShmemPmdMapped:        0 kB
Node 1 FileHugePages:        0 kB
Node 1 FilePmdMapped:        0 kB
Node 1 HugePages_Total:     0
Node 1 HugePages_Free:      0
Node 1 HugePages_Surp:      0

After Test
Node 0 MemTotal:       24743736 kB
Node 0 MemFree:        19651696 kB
Node 0 MemUsed:         5092040 kB
Node 0 Active:            31268 kB
Node 0 Inactive:         158768 kB
Node 0 Active(anon):       9144 kB
Node 0 Inactive(anon):      460 kB
Node 0 Active(file):      22124 kB
Node 0 Inactive(file):   158308 kB
Node 0 Unevictable:        5032 kB
Node 0 Mlocked:            5032 kB
Node 0 Dirty:                28 kB
Node 0 Writeback:             0 kB
Node 0 FilePages:        186076 kB
Node 0 Mapped:            33012 kB
Node 0 AnonPages:          8896 kB
Node 0 Shmem:               616 kB
Node 0 KernelStack:        1976 kB
Node 0 PageTables:          540 kB
Node 0 NFS_Unstable:          0 kB
Node 0 Bounce:                0 kB
Node 0 WritebackTmp:          0 kB
Node 0 KReclaimable:      25476 kB
Node 0 Slab:              79432 kB
Node 0 SReclaimable:      25476 kB
Node 0 SUnreclaim:        53956 kB
Node 0 AnonHugePages:         0 kB
Node 0 ShmemHugePages:        0 kB
Node 0 ShmemPmdMapped:        0 kB
Node 0 FileHugePages:        0 kB
Node 0 FilePmdMapped:        0 kB
Node 0 HugePages_Total:     0
Node 0 HugePages_Free:      0
Node 0 HugePages_Surp:      0

Node 1 MemTotal:       24686196 kB
Node 1 MemFree:        23994168 kB
Node 1 MemUsed:          692028 kB
Node 1 Active:            67520 kB
Node 1 Inactive:          37504 kB
Node 1 Active(anon):      24144 kB
Node 1 Inactive(anon):      508 kB
Node 1 Active(file):      43376 kB
Node 1 Inactive(file):    36996 kB
Node 1 Unevictable:       13720 kB
Node 1 Mlocked:           13720 kB
Node 1 Dirty:                 4 kB
Node 1 Writeback:             0 kB
Node 1 FilePages:         84232 kB
Node 1 Mapped:            20020 kB
Node 1 AnonPages:         34512 kB
Node 1 Shmem:               696 kB
Node 1 KernelStack:        2648 kB
Node 1 PageTables:          600 kB
Node 1 NFS_Unstable:          0 kB
Node 1 Bounce:                0 kB
Node 1 WritebackTmp:          0 kB
Node 1 KReclaimable:      18936 kB
Node 1 Slab:              60856 kB
Node 1 SReclaimable:      18936 kB
Node 1 SUnreclaim:        41920 kB
Node 1 AnonHugePages:         0 kB
Node 1 ShmemHugePages:        0 kB
Node 1 ShmemPmdMapped:        0 kB
Node 1 FileHugePages:        0 kB
Node 1 FilePmdMapped:        0 kB
Node 1 HugePages_Total:     0
Node 1 HugePages_Free:      0
Node 1 HugePages_Surp:      0

After Opposite Node
Node 0 MemTotal:       24743736 kB
Node 0 MemFree:        19653272 kB
Node 0 MemUsed:         5090464 kB
Node 0 Active:            31344 kB
Node 0 Inactive:         158544 kB
Node 0 Active(anon):       9004 kB
Node 0 Inactive(anon):      432 kB
Node 0 Active(file):      22340 kB
Node 0 Inactive(file):   158112 kB
Node 0 Unevictable:        5032 kB
Node 0 Mlocked:            5032 kB
Node 0 Dirty:               152 kB
Node 0 Writeback:             0 kB
Node 0 FilePages:        186052 kB
Node 0 Mapped:            32932 kB
Node 0 AnonPages:          8864 kB
Node 0 Shmem:               572 kB
Node 0 KernelStack:        1960 kB
Node 0 PageTables:          424 kB
Node 0 NFS_Unstable:          0 kB
Node 0 Bounce:                0 kB
Node 0 WritebackTmp:          0 kB
Node 0 KReclaimable:      25476 kB
Node 0 Slab:              79416 kB
Node 0 SReclaimable:      25476 kB
Node 0 SUnreclaim:        53940 kB
Node 0 AnonHugePages:         0 kB
Node 0 ShmemHugePages:        0 kB
Node 0 ShmemPmdMapped:        0 kB
Node 0 FileHugePages:        0 kB
Node 0 FilePmdMapped:        0 kB
Node 0 HugePages_Total:     0
Node 0 HugePages_Free:      0
Node 0 HugePages_Surp:      0

Node 1 MemTotal:       24686196 kB
Node 1 MemFree:        23993164 kB
Node 1 MemUsed:          693032 kB
Node 1 Active:            67752 kB
Node 1 Inactive:          37556 kB
Node 1 Active(anon):      24372 kB
Node 1 Inactive(anon):      552 kB
Node 1 Active(file):      43380 kB
Node 1 Inactive(file):    37004 kB
Node 1 Unevictable:       13720 kB
Node 1 Mlocked:           13720 kB
Node 1 Dirty:                48 kB
Node 1 Writeback:             0 kB
Node 1 FilePages:         84296 kB
Node 1 Mapped:            20068 kB
Node 1 AnonPages:         34528 kB
Node 1 Shmem:               740 kB
Node 1 KernelStack:        2696 kB
Node 1 PageTables:          804 kB
Node 1 NFS_Unstable:          0 kB
Node 1 Bounce:                0 kB
Node 1 WritebackTmp:          0 kB
Node 1 KReclaimable:      18972 kB
Node 1 Slab:              61140 kB
Node 1 SReclaimable:      18972 kB
Node 1 SUnreclaim:        42168 kB
Node 1 AnonHugePages:         0 kB
Node 1 ShmemHugePages:        0 kB
Node 1 ShmemPmdMapped:        0 kB
Node 1 FileHugePages:        0 kB
Node 1 FilePmdMapped:        0 kB
Node 1 HugePages_Total:     0
Node 1 HugePages_Free:      0
Node 1 HugePages_Surp:      0

B.0.8Mfio.4G.1.O Complete!
