B.0.2Mfio.4G.1.O
Begin
Node 0 MemTotal:       24768352 kB
Node 0 MemFree:        24384164 kB
Node 0 MemUsed:          384188 kB
Node 0 Active:            64732 kB
Node 0 Inactive:          28420 kB
Node 0 Active(anon):      19524 kB
Node 0 Inactive(anon):      264 kB
Node 0 Active(file):      45208 kB
Node 0 Inactive(file):    28156 kB
Node 0 Unevictable:       17816 kB
Node 0 Mlocked:           17816 kB
Node 0 Dirty:                56 kB
Node 0 Writeback:             0 kB
Node 0 FilePages:         81448 kB
Node 0 Mapped:            23780 kB
Node 0 AnonPages:         29700 kB
Node 0 Shmem:               424 kB
Node 0 KernelStack:        1912 kB
Node 0 PageTables:          424 kB
Node 0 NFS_Unstable:          0 kB
Node 0 Bounce:                0 kB
Node 0 WritebackTmp:          0 kB
Node 0 KReclaimable:      20780 kB
Node 0 Slab:              50816 kB
Node 0 SReclaimable:      20780 kB
Node 0 SUnreclaim:        30036 kB
Node 0 AnonHugePages:         0 kB
Node 0 ShmemHugePages:        0 kB
Node 0 ShmemPmdMapped:        0 kB
Node 0 FileHugePages:        0 kB
Node 0 FilePmdMapped:        0 kB
Node 0 HugePages_Total:     0
Node 0 HugePages_Free:      0
Node 0 HugePages_Surp:      0

Node 1 MemTotal:       24661580 kB
Node 1 MemFree:        24421236 kB
Node 1 MemUsed:          240344 kB
Node 1 Active:            30520 kB
Node 1 Inactive:          75340 kB
Node 1 Active(anon):      14416 kB
Node 1 Inactive(anon):      620 kB
Node 1 Active(file):      16104 kB
Node 1 Inactive(file):    74720 kB
Node 1 Unevictable:         704 kB
Node 1 Mlocked:             704 kB
Node 1 Dirty:               472 kB
Node 1 Writeback:             0 kB
Node 1 FilePages:         92368 kB
Node 1 Mapped:            32872 kB
Node 1 AnonPages:         14276 kB
Node 1 Shmem:               844 kB
Node 1 KernelStack:        1704 kB
Node 1 PageTables:          656 kB
Node 1 NFS_Unstable:          0 kB
Node 1 Bounce:                0 kB
Node 1 WritebackTmp:          0 kB
Node 1 KReclaimable:      20668 kB
Node 1 Slab:              54972 kB
Node 1 SReclaimable:      20668 kB
Node 1 SUnreclaim:        34304 kB
Node 1 AnonHugePages:         0 kB
Node 1 ShmemHugePages:        0 kB
Node 1 ShmemPmdMapped:        0 kB
Node 1 FileHugePages:        0 kB
Node 1 FilePmdMapped:        0 kB
Node 1 HugePages_Total:     0
Node 1 HugePages_Free:      0
Node 1 HugePages_Surp:      0

Load ZFS
Node 0 MemTotal:       24768352 kB
Node 0 MemFree:        24469556 kB
Node 0 MemUsed:          298796 kB
Node 0 Active:            80020 kB
Node 0 Inactive:          57296 kB
Node 0 Active(anon):      33132 kB
Node 0 Inactive(anon):      440 kB
Node 0 Active(file):      46888 kB
Node 0 Inactive(file):    56856 kB
Node 0 Unevictable:       18032 kB
Node 0 Mlocked:           18032 kB
Node 0 Dirty:                56 kB
Node 0 Writeback:             0 kB
Node 0 FilePages:        111844 kB
Node 0 Mapped:            24880 kB
Node 0 AnonPages:         43416 kB
Node 0 Shmem:               608 kB
Node 0 KernelStack:        2084 kB
Node 0 PageTables:          920 kB
Node 0 NFS_Unstable:          0 kB
Node 0 Bounce:                0 kB
Node 0 WritebackTmp:          0 kB
Node 0 KReclaimable:      21568 kB
Node 0 Slab:              53868 kB
Node 0 SReclaimable:      21568 kB
Node 0 SUnreclaim:        32300 kB
Node 0 AnonHugePages:         0 kB
Node 0 ShmemHugePages:        0 kB
Node 0 ShmemPmdMapped:        0 kB
Node 0 FileHugePages:        0 kB
Node 0 FilePmdMapped:        0 kB
Node 0 HugePages_Total:     0
Node 0 HugePages_Free:      0
Node 0 HugePages_Surp:      0

Node 1 MemTotal:       24661580 kB
Node 1 MemFree:        24189424 kB
Node 1 MemUsed:          472156 kB
Node 1 Active:            44500 kB
Node 1 Inactive:         149864 kB
Node 1 Active(anon):      27484 kB
Node 1 Inactive(anon):      504 kB
Node 1 Active(file):      17016 kB
Node 1 Inactive(file):   149360 kB
Node 1 Unevictable:         704 kB
Node 1 Mlocked:             704 kB
Node 1 Dirty:               540 kB
Node 1 Writeback:             0 kB
Node 1 FilePages:        167736 kB
Node 1 Mapped:            35528 kB
Node 1 AnonPages:         27380 kB
Node 1 Shmem:               660 kB
Node 1 KernelStack:        2008 kB
Node 1 PageTables:         1572 kB
Node 1 NFS_Unstable:          0 kB
Node 1 Bounce:                0 kB
Node 1 WritebackTmp:          0 kB
Node 1 KReclaimable:      21848 kB
Node 1 Slab:              59396 kB
Node 1 SReclaimable:      21848 kB
Node 1 SUnreclaim:        37548 kB
Node 1 AnonHugePages:         0 kB
Node 1 ShmemHugePages:        0 kB
Node 1 ShmemPmdMapped:        0 kB
Node 1 FileHugePages:        0 kB
Node 1 FilePmdMapped:        0 kB
Node 1 HugePages_Total:     0
Node 1 HugePages_Free:      0
Node 1 HugePages_Surp:      0

Import tank ZPool
Node 0 MemTotal:       24768352 kB
Node 0 MemFree:        24463492 kB
Node 0 MemUsed:          304860 kB
Node 0 Active:            80504 kB
Node 0 Inactive:          58480 kB
Node 0 Active(anon):      33280 kB
Node 0 Inactive(anon):      440 kB
Node 0 Active(file):      47224 kB
Node 0 Inactive(file):    58040 kB
Node 0 Unevictable:       18048 kB
Node 0 Mlocked:           18048 kB
Node 0 Dirty:                56 kB
Node 0 Writeback:             0 kB
Node 0 FilePages:        113380 kB
Node 0 Mapped:            25112 kB
Node 0 AnonPages:         43772 kB
Node 0 Shmem:               608 kB
Node 0 KernelStack:        2152 kB
Node 0 PageTables:         1156 kB
Node 0 NFS_Unstable:          0 kB
Node 0 Bounce:                0 kB
Node 0 WritebackTmp:          0 kB
Node 0 KReclaimable:      21704 kB
Node 0 Slab:              59272 kB
Node 0 SReclaimable:      21704 kB
Node 0 SUnreclaim:        37568 kB
Node 0 AnonHugePages:         0 kB
Node 0 ShmemHugePages:        0 kB
Node 0 ShmemPmdMapped:        0 kB
Node 0 FileHugePages:        0 kB
Node 0 FilePmdMapped:        0 kB
Node 0 HugePages_Total:     0
Node 0 HugePages_Free:      0
Node 0 HugePages_Surp:      0

Node 1 MemTotal:       24661580 kB
Node 1 MemFree:        24174808 kB
Node 1 MemUsed:          486772 kB
Node 1 Active:            44360 kB
Node 1 Inactive:         149880 kB
Node 1 Active(anon):      27340 kB
Node 1 Inactive(anon):      508 kB
Node 1 Active(file):      17020 kB
Node 1 Inactive(file):   149372 kB
Node 1 Unevictable:         704 kB
Node 1 Mlocked:             704 kB
Node 1 Dirty:               560 kB
Node 1 Writeback:             0 kB
Node 1 FilePages:        167752 kB
Node 1 Mapped:            35600 kB
Node 1 AnonPages:         27188 kB
Node 1 Shmem:               660 kB
Node 1 KernelStack:        3080 kB
Node 1 PageTables:         1376 kB
Node 1 NFS_Unstable:          0 kB
Node 1 Bounce:                0 kB
Node 1 WritebackTmp:          0 kB
Node 1 KReclaimable:      21852 kB
Node 1 Slab:              61100 kB
Node 1 SReclaimable:      21852 kB
Node 1 SUnreclaim:        39248 kB
Node 1 AnonHugePages:         0 kB
Node 1 ShmemHugePages:        0 kB
Node 1 ShmemPmdMapped:        0 kB
Node 1 FileHugePages:        0 kB
Node 1 FilePmdMapped:        0 kB
Node 1 HugePages_Total:     0
Node 1 HugePages_Free:      0
Node 1 HugePages_Surp:      0

After Test
Node 0 MemTotal:       24768352 kB
Node 0 MemFree:        19727748 kB
Node 0 MemUsed:         5040604 kB
Node 0 Active:            68936 kB
Node 0 Inactive:          59280 kB
Node 0 Active(anon):      20360 kB
Node 0 Inactive(anon):      464 kB
Node 0 Active(file):      48576 kB
Node 0 Inactive(file):    58816 kB
Node 0 Unevictable:       18048 kB
Node 0 Mlocked:           18048 kB
Node 0 Dirty:                12 kB
Node 0 Writeback:             0 kB
Node 0 FilePages:        115536 kB
Node 0 Mapped:            24016 kB
Node 0 AnonPages:         30564 kB
Node 0 Shmem:               652 kB
Node 0 KernelStack:        1864 kB
Node 0 PageTables:          656 kB
Node 0 NFS_Unstable:          0 kB
Node 0 Bounce:                0 kB
Node 0 WritebackTmp:          0 kB
Node 0 KReclaimable:      23020 kB
Node 0 Slab:              79436 kB
Node 0 SReclaimable:      23020 kB
Node 0 SUnreclaim:        56416 kB
Node 0 AnonHugePages:         0 kB
Node 0 ShmemHugePages:        0 kB
Node 0 ShmemPmdMapped:        0 kB
Node 0 FileHugePages:        0 kB
Node 0 FilePmdMapped:        0 kB
Node 0 HugePages_Total:     0
Node 0 HugePages_Free:      0
Node 0 HugePages_Surp:      0

Node 1 MemTotal:       24661580 kB
Node 1 MemFree:        23905064 kB
Node 1 MemUsed:          756516 kB
Node 1 Active:            30596 kB
Node 1 Inactive:         149376 kB
Node 1 Active(anon):      13076 kB
Node 1 Inactive(anon):      504 kB
Node 1 Active(file):      17520 kB
Node 1 Inactive(file):   148872 kB
Node 1 Unevictable:         704 kB
Node 1 Mlocked:             704 kB
Node 1 Dirty:                84 kB
Node 1 Writeback:             0 kB
Node 1 FilePages:        167752 kB
Node 1 Mapped:            32996 kB
Node 1 AnonPages:         12920 kB
Node 1 Shmem:               660 kB
Node 1 KernelStack:        2792 kB
Node 1 PageTables:          592 kB
Node 1 NFS_Unstable:          0 kB
Node 1 Bounce:                0 kB
Node 1 WritebackTmp:          0 kB
Node 1 KReclaimable:      21964 kB
Node 1 Slab:              62340 kB
Node 1 SReclaimable:      21964 kB
Node 1 SUnreclaim:        40376 kB
Node 1 AnonHugePages:         0 kB
Node 1 ShmemHugePages:        0 kB
Node 1 ShmemPmdMapped:        0 kB
Node 1 FileHugePages:        0 kB
Node 1 FilePmdMapped:        0 kB
Node 1 HugePages_Total:     0
Node 1 HugePages_Free:      0
Node 1 HugePages_Surp:      0

After Opposite Node
Node 0 MemTotal:       24768352 kB
Node 0 MemFree:        19727100 kB
Node 0 MemUsed:         5041252 kB
Node 0 Active:            68960 kB
Node 0 Inactive:          59076 kB
Node 0 Active(anon):      20188 kB
Node 0 Inactive(anon):      436 kB
Node 0 Active(file):      48772 kB
Node 0 Inactive(file):    58640 kB
Node 0 Unevictable:       18048 kB
Node 0 Mlocked:           18048 kB
Node 0 Dirty:                24 kB
Node 0 Writeback:             0 kB
Node 0 FilePages:        115512 kB
Node 0 Mapped:            24020 kB
Node 0 AnonPages:         30572 kB
Node 0 Shmem:               608 kB
Node 0 KernelStack:        1864 kB
Node 0 PageTables:          468 kB
Node 0 NFS_Unstable:          0 kB
Node 0 Bounce:                0 kB
Node 0 WritebackTmp:          0 kB
Node 0 KReclaimable:      23020 kB
Node 0 Slab:              79476 kB
Node 0 SReclaimable:      23020 kB
Node 0 SUnreclaim:        56456 kB
Node 0 AnonHugePages:         0 kB
Node 0 ShmemHugePages:        0 kB
Node 0 ShmemPmdMapped:        0 kB
Node 0 FileHugePages:        0 kB
Node 0 FilePmdMapped:        0 kB
Node 0 HugePages_Total:     0
Node 0 HugePages_Free:      0
Node 0 HugePages_Surp:      0

Node 1 MemTotal:       24661580 kB
Node 1 MemFree:        23901396 kB
Node 1 MemUsed:          760184 kB
Node 1 Active:            30812 kB
Node 1 Inactive:         149424 kB
Node 1 Active(anon):      13288 kB
Node 1 Inactive(anon):      540 kB
Node 1 Active(file):      17524 kB
Node 1 Inactive(file):   148884 kB
Node 1 Unevictable:         704 kB
Node 1 Mlocked:             704 kB
Node 1 Dirty:               100 kB
Node 1 Writeback:             0 kB
Node 1 FilePages:        167812 kB
Node 1 Mapped:            33104 kB
Node 1 AnonPages:         12984 kB
Node 1 Shmem:               704 kB
Node 1 KernelStack:        2776 kB
Node 1 PageTables:          708 kB
Node 1 NFS_Unstable:          0 kB
Node 1 Bounce:                0 kB
Node 1 WritebackTmp:          0 kB
Node 1 KReclaimable:      22040 kB
Node 1 Slab:              62708 kB
Node 1 SReclaimable:      22040 kB
Node 1 SUnreclaim:        40668 kB
Node 1 AnonHugePages:         0 kB
Node 1 ShmemHugePages:        0 kB
Node 1 ShmemPmdMapped:        0 kB
Node 1 FileHugePages:        0 kB
Node 1 FilePmdMapped:        0 kB
Node 1 HugePages_Total:     0
Node 1 HugePages_Free:      0
Node 1 HugePages_Surp:      0

B.0.2Mfio.4G.1.O Complete!
