B.0.2Mfio.2G.2.O
Begin
Node 0 MemTotal:       24743736 kB
Node 0 MemFree:        24531896 kB
Node 0 MemUsed:          211840 kB
Node 0 Active:            38416 kB
Node 0 Inactive:          27320 kB
Node 0 Active(anon):      14812 kB
Node 0 Inactive(anon):      404 kB
Node 0 Active(file):      23604 kB
Node 0 Inactive(file):    26916 kB
Node 0 Unevictable:       18044 kB
Node 0 Mlocked:           18044 kB
Node 0 Dirty:               140 kB
Node 0 Writeback:             0 kB
Node 0 FilePages:         58864 kB
Node 0 Mapped:            27328 kB
Node 0 AnonPages:         24912 kB
Node 0 Shmem:               632 kB
Node 0 KernelStack:        1944 kB
Node 0 PageTables:          448 kB
Node 0 NFS_Unstable:          0 kB
Node 0 Bounce:                0 kB
Node 0 WritebackTmp:          0 kB
Node 0 KReclaimable:      16236 kB
Node 0 Slab:              47104 kB
Node 0 SReclaimable:      16236 kB
Node 0 SUnreclaim:        30868 kB
Node 0 AnonHugePages:         0 kB
Node 0 ShmemHugePages:        0 kB
Node 0 ShmemPmdMapped:        0 kB
Node 0 FileHugePages:        0 kB
Node 0 FilePmdMapped:        0 kB
Node 0 HugePages_Total:     0
Node 0 HugePages_Free:      0
Node 0 HugePages_Surp:      0

Node 1 MemTotal:       24686196 kB
Node 1 MemFree:        24284328 kB
Node 1 MemUsed:          401868 kB
Node 1 Active:            56676 kB
Node 1 Inactive:          63772 kB
Node 1 Active(anon):      19320 kB
Node 1 Inactive(anon):      480 kB
Node 1 Active(file):      37356 kB
Node 1 Inactive(file):    63292 kB
Node 1 Unevictable:         480 kB
Node 1 Mlocked:             480 kB
Node 1 Dirty:                40 kB
Node 1 Writeback:             0 kB
Node 1 FilePages:        101764 kB
Node 1 Mapped:            17528 kB
Node 1 AnonPages:         19256 kB
Node 1 Shmem:               636 kB
Node 1 KernelStack:        1704 kB
Node 1 PageTables:          676 kB
Node 1 NFS_Unstable:          0 kB
Node 1 Bounce:                0 kB
Node 1 WritebackTmp:          0 kB
Node 1 KReclaimable:      25796 kB
Node 1 Slab:              60276 kB
Node 1 SReclaimable:      25796 kB
Node 1 SUnreclaim:        34480 kB
Node 1 AnonHugePages:         0 kB
Node 1 ShmemHugePages:        0 kB
Node 1 ShmemPmdMapped:        0 kB
Node 1 FileHugePages:        0 kB
Node 1 FilePmdMapped:        0 kB
Node 1 HugePages_Total:     0
Node 1 HugePages_Free:      0
Node 1 HugePages_Surp:      0

Load ZFS
Node 0 MemTotal:       24743736 kB
Node 0 MemFree:        24277712 kB
Node 0 MemUsed:          466024 kB
Node 0 Active:            48140 kB
Node 0 Inactive:         129544 kB
Node 0 Active(anon):      24100 kB
Node 0 Inactive(anon):      420 kB
Node 0 Active(file):      24040 kB
Node 0 Inactive(file):   129124 kB
Node 0 Unevictable:       18260 kB
Node 0 Mlocked:           18260 kB
Node 0 Dirty:               392 kB
Node 0 Writeback:             0 kB
Node 0 FilePages:        161436 kB
Node 0 Mapped:            29176 kB
Node 0 AnonPages:         34800 kB
Node 0 Shmem:               560 kB
Node 0 KernelStack:        2276 kB
Node 0 PageTables:         1536 kB
Node 0 NFS_Unstable:          0 kB
Node 0 Bounce:                0 kB
Node 0 WritebackTmp:          0 kB
Node 0 KReclaimable:      17340 kB
Node 0 Slab:              50504 kB
Node 0 SReclaimable:      17340 kB
Node 0 SUnreclaim:        33164 kB
Node 0 AnonHugePages:         0 kB
Node 0 ShmemHugePages:        0 kB
Node 0 ShmemPmdMapped:        0 kB
Node 0 FileHugePages:        0 kB
Node 0 FilePmdMapped:        0 kB
Node 0 HugePages_Total:     0
Node 0 HugePages_Free:      0
Node 0 HugePages_Surp:      0

Node 1 MemTotal:       24686196 kB
Node 1 MemFree:        24399644 kB
Node 1 MemUsed:          286552 kB
Node 1 Active:            71072 kB
Node 1 Inactive:          64996 kB
Node 1 Active(anon):      31788 kB
Node 1 Inactive(anon):      528 kB
Node 1 Active(file):      39284 kB
Node 1 Inactive(file):    64468 kB
Node 1 Unevictable:         480 kB
Node 1 Mlocked:             480 kB
Node 1 Dirty:                64 kB
Node 1 Writeback:             0 kB
Node 1 FilePages:        104940 kB
Node 1 Mapped:            19660 kB
Node 1 AnonPages:         31692 kB
Node 1 Shmem:               708 kB
Node 1 KernelStack:        1876 kB
Node 1 PageTables:         1220 kB
Node 1 NFS_Unstable:          0 kB
Node 1 Bounce:                0 kB
Node 1 WritebackTmp:          0 kB
Node 1 KReclaimable:      26352 kB
Node 1 Slab:              63064 kB
Node 1 SReclaimable:      26352 kB
Node 1 SUnreclaim:        36712 kB
Node 1 AnonHugePages:         0 kB
Node 1 ShmemHugePages:        0 kB
Node 1 ShmemPmdMapped:        0 kB
Node 1 FileHugePages:        0 kB
Node 1 FilePmdMapped:        0 kB
Node 1 HugePages_Total:     0
Node 1 HugePages_Free:      0
Node 1 HugePages_Surp:      0

Import tank ZPool
Node 0 MemTotal:       24743736 kB
Node 0 MemFree:        24284892 kB
Node 0 MemUsed:          458844 kB
Node 0 Active:            39448 kB
Node 0 Inactive:         129296 kB
Node 0 Active(anon):      15160 kB
Node 0 Inactive(anon):      420 kB
Node 0 Active(file):      24288 kB
Node 0 Inactive(file):   128876 kB
Node 0 Unevictable:       18276 kB
Node 0 Mlocked:           18276 kB
Node 0 Dirty:               444 kB
Node 0 Writeback:             0 kB
Node 0 FilePages:        161432 kB
Node 0 Mapped:            28004 kB
Node 0 AnonPages:         25452 kB
Node 0 Shmem:               556 kB
Node 0 KernelStack:        2040 kB
Node 0 PageTables:          696 kB
Node 0 NFS_Unstable:          0 kB
Node 0 Bounce:                0 kB
Node 0 WritebackTmp:          0 kB
Node 0 KReclaimable:      17340 kB
Node 0 Slab:              51372 kB
Node 0 SReclaimable:      17340 kB
Node 0 SUnreclaim:        34032 kB
Node 0 AnonHugePages:         0 kB
Node 0 ShmemHugePages:        0 kB
Node 0 ShmemPmdMapped:        0 kB
Node 0 FileHugePages:        0 kB
Node 0 FilePmdMapped:        0 kB
Node 0 HugePages_Total:     0
Node 0 HugePages_Free:      0
Node 0 HugePages_Surp:      0

Node 1 MemTotal:       24686196 kB
Node 1 MemFree:        24394940 kB
Node 1 MemUsed:          291256 kB
Node 1 Active:            59228 kB
Node 1 Inactive:          66064 kB
Node 1 Active(anon):      19460 kB
Node 1 Inactive(anon):      532 kB
Node 1 Active(file):      39768 kB
Node 1 Inactive(file):    65532 kB
Node 1 Unevictable:         480 kB
Node 1 Mlocked:             480 kB
Node 1 Dirty:                80 kB
Node 1 Writeback:             0 kB
Node 1 FilePages:        106504 kB
Node 1 Mapped:            17840 kB
Node 1 AnonPages:         18680 kB
Node 1 Shmem:               712 kB
Node 1 KernelStack:        2856 kB
Node 1 PageTables:          968 kB
Node 1 NFS_Unstable:          0 kB
Node 1 Bounce:                0 kB
Node 1 WritebackTmp:          0 kB
Node 1 KReclaimable:      26524 kB
Node 1 Slab:              68904 kB
Node 1 SReclaimable:      26524 kB
Node 1 SUnreclaim:        42380 kB
Node 1 AnonHugePages:         0 kB
Node 1 ShmemHugePages:        0 kB
Node 1 ShmemPmdMapped:        0 kB
Node 1 FileHugePages:        0 kB
Node 1 FilePmdMapped:        0 kB
Node 1 HugePages_Total:     0
Node 1 HugePages_Free:      0
Node 1 HugePages_Surp:      0

After Test
Node 0 MemTotal:       24743736 kB
Node 0 MemFree:        21878236 kB
Node 0 MemUsed:         2865500 kB
Node 0 Active:            40128 kB
Node 0 Inactive:         130360 kB
Node 0 Active(anon):      14944 kB
Node 0 Inactive(anon):      448 kB
Node 0 Active(file):      25184 kB
Node 0 Inactive(file):   129912 kB
Node 0 Unevictable:       18276 kB
Node 0 Mlocked:           18276 kB
Node 0 Dirty:                68 kB
Node 0 Writeback:             0 kB
Node 0 FilePages:        163408 kB
Node 0 Mapped:            27572 kB
Node 0 AnonPages:         25256 kB
Node 0 Shmem:               600 kB
Node 0 KernelStack:        1816 kB
Node 0 PageTables:          568 kB
Node 0 NFS_Unstable:          0 kB
Node 0 Bounce:                0 kB
Node 0 WritebackTmp:          0 kB
Node 0 KReclaimable:      18668 kB
Node 0 Slab:              64440 kB
Node 0 SReclaimable:      18668 kB
Node 0 SUnreclaim:        45772 kB
Node 0 AnonHugePages:         0 kB
Node 0 ShmemHugePages:        0 kB
Node 0 ShmemPmdMapped:        0 kB
Node 0 FileHugePages:        0 kB
Node 0 FilePmdMapped:        0 kB
Node 0 HugePages_Total:     0
Node 0 HugePages_Free:      0
Node 0 HugePages_Surp:      0

Node 1 MemTotal:       24686196 kB
Node 1 MemFree:        23871304 kB
Node 1 MemUsed:          814892 kB
Node 1 Active:            58784 kB
Node 1 Inactive:          65840 kB
Node 1 Active(anon):      18712 kB
Node 1 Inactive(anon):      524 kB
Node 1 Active(file):      40072 kB
Node 1 Inactive(file):    65316 kB
Node 1 Unevictable:         480 kB
Node 1 Mlocked:             480 kB
Node 1 Dirty:                 8 kB
Node 1 Writeback:             0 kB
Node 1 FilePages:        106580 kB
Node 1 Mapped:            17528 kB
Node 1 AnonPages:         18524 kB
Node 1 Shmem:               712 kB
Node 1 KernelStack:        2824 kB
Node 1 PageTables:          580 kB
Node 1 NFS_Unstable:          0 kB
Node 1 Bounce:                0 kB
Node 1 WritebackTmp:          0 kB
Node 1 KReclaimable:      26576 kB
Node 1 Slab:              70236 kB
Node 1 SReclaimable:      26576 kB
Node 1 SUnreclaim:        43660 kB
Node 1 AnonHugePages:         0 kB
Node 1 ShmemHugePages:        0 kB
Node 1 ShmemPmdMapped:        0 kB
Node 1 FileHugePages:        0 kB
Node 1 FilePmdMapped:        0 kB
Node 1 HugePages_Total:     0
Node 1 HugePages_Free:      0
Node 1 HugePages_Surp:      0

After Opposite Node
Node 0 MemTotal:       24743736 kB
Node 0 MemFree:        21878908 kB
Node 0 MemUsed:         2864828 kB
Node 0 Active:            40120 kB
Node 0 Inactive:         130188 kB
Node 0 Active(anon):      14784 kB
Node 0 Inactive(anon):      420 kB
Node 0 Active(file):      25336 kB
Node 0 Inactive(file):   129768 kB
Node 0 Unevictable:       18276 kB
Node 0 Mlocked:           18276 kB
Node 0 Dirty:                84 kB
Node 0 Writeback:             0 kB
Node 0 FilePages:        163372 kB
Node 0 Mapped:            27524 kB
Node 0 AnonPages:         25208 kB
Node 0 Shmem:               556 kB
Node 0 KernelStack:        1800 kB
Node 0 PageTables:          452 kB
Node 0 NFS_Unstable:          0 kB
Node 0 Bounce:                0 kB
Node 0 WritebackTmp:          0 kB
Node 0 KReclaimable:      18668 kB
Node 0 Slab:              64320 kB
Node 0 SReclaimable:      18668 kB
Node 0 SUnreclaim:        45652 kB
Node 0 AnonHugePages:         0 kB
Node 0 ShmemHugePages:        0 kB
Node 0 ShmemPmdMapped:        0 kB
Node 0 FileHugePages:        0 kB
Node 0 FilePmdMapped:        0 kB
Node 0 HugePages_Total:     0
Node 0 HugePages_Free:      0
Node 0 HugePages_Surp:      0

Node 1 MemTotal:       24686196 kB
Node 1 MemFree:        23872732 kB
Node 1 MemUsed:          813464 kB
Node 1 Active:            59068 kB
Node 1 Inactive:          65880 kB
Node 1 Active(anon):      18968 kB
Node 1 Inactive(anon):      568 kB
Node 1 Active(file):      40100 kB
Node 1 Inactive(file):    65312 kB
Node 1 Unevictable:         480 kB
Node 1 Mlocked:             480 kB
Node 1 Dirty:                28 kB
Node 1 Writeback:             0 kB
Node 1 FilePages:        106648 kB
Node 1 Mapped:            17572 kB
Node 1 AnonPages:         18516 kB
Node 1 Shmem:               756 kB
Node 1 KernelStack:        2856 kB
Node 1 PageTables:          764 kB
Node 1 NFS_Unstable:          0 kB
Node 1 Bounce:                0 kB
Node 1 WritebackTmp:          0 kB
Node 1 KReclaimable:      26632 kB
Node 1 Slab:              70316 kB
Node 1 SReclaimable:      26632 kB
Node 1 SUnreclaim:        43684 kB
Node 1 AnonHugePages:         0 kB
Node 1 ShmemHugePages:        0 kB
Node 1 ShmemPmdMapped:        0 kB
Node 1 FileHugePages:        0 kB
Node 1 FilePmdMapped:        0 kB
Node 1 HugePages_Total:     0
Node 1 HugePages_Free:      0
Node 1 HugePages_Surp:      0

B.0.2Mfio.2G.2.O Complete!
