U.0.bigfio.250M.1.O
Begin
Node 0 MemTotal:       24768352 kB
Node 0 MemFree:        24443448 kB
Node 0 MemUsed:          324904 kB
Node 0 Active:            29760 kB
Node 0 Inactive:          28936 kB
Node 0 Active(anon):      13892 kB
Node 0 Inactive(anon):      320 kB
Node 0 Active(file):      15868 kB
Node 0 Inactive(file):    28616 kB
Node 0 Unevictable:        1616 kB
Node 0 Mlocked:            1616 kB
Node 0 Dirty:                92 kB
Node 0 Writeback:             0 kB
Node 0 FilePages:         46624 kB
Node 0 Mapped:            12032 kB
Node 0 AnonPages:         13704 kB
Node 0 Shmem:               520 kB
Node 0 KernelStack:        2024 kB
Node 0 PageTables:          488 kB
Node 0 NFS_Unstable:          0 kB
Node 0 Bounce:                0 kB
Node 0 WritebackTmp:          0 kB
Node 0 KReclaimable:      17412 kB
Node 0 Slab:              48776 kB
Node 0 SReclaimable:      17412 kB
Node 0 SUnreclaim:        31364 kB
Node 0 AnonHugePages:         0 kB
Node 0 ShmemHugePages:        0 kB
Node 0 ShmemPmdMapped:        0 kB
Node 0 FileHugePages:        0 kB
Node 0 FilePmdMapped:        0 kB
Node 0 HugePages_Total:     0
Node 0 HugePages_Free:      0
Node 0 HugePages_Surp:      0

Node 1 MemTotal:       24661580 kB
Node 1 MemFree:        24329584 kB
Node 1 MemUsed:          331996 kB
Node 1 Active:            68140 kB
Node 1 Inactive:         103828 kB
Node 1 Active(anon):      20124 kB
Node 1 Inactive(anon):      544 kB
Node 1 Active(file):      48016 kB
Node 1 Inactive(file):   103284 kB
Node 1 Unevictable:       16904 kB
Node 1 Mlocked:           16904 kB
Node 1 Dirty:               336 kB
Node 1 Writeback:             0 kB
Node 1 FilePages:        158768 kB
Node 1 Mapped:            68824 kB
Node 1 AnonPages:         30244 kB
Node 1 Shmem:               748 kB
Node 1 KernelStack:        1592 kB
Node 1 PageTables:          672 kB
Node 1 NFS_Unstable:          0 kB
Node 1 Bounce:                0 kB
Node 1 WritebackTmp:          0 kB
Node 1 KReclaimable:      24356 kB
Node 1 Slab:              55644 kB
Node 1 SReclaimable:      24356 kB
Node 1 SUnreclaim:        31288 kB
Node 1 AnonHugePages:         0 kB
Node 1 ShmemHugePages:        0 kB
Node 1 ShmemPmdMapped:        0 kB
Node 1 FileHugePages:        0 kB
Node 1 FilePmdMapped:        0 kB
Node 1 HugePages_Total:     0
Node 1 HugePages_Free:      0
Node 1 HugePages_Surp:      0

Load ZFS
Node 0 MemTotal:       24768352 kB
Node 0 MemFree:        24576220 kB
Node 0 MemUsed:          192132 kB
Node 0 Active:            35456 kB
Node 0 Inactive:          24832 kB
Node 0 Active(anon):      14532 kB
Node 0 Inactive(anon):      320 kB
Node 0 Active(file):      20924 kB
Node 0 Inactive(file):    24512 kB
Node 0 Unevictable:        1616 kB
Node 0 Mlocked:            1616 kB
Node 0 Dirty:                96 kB
Node 0 Writeback:             0 kB
Node 0 FilePages:         47572 kB
Node 0 Mapped:            12200 kB
Node 0 AnonPages:         14384 kB
Node 0 Shmem:               520 kB
Node 0 KernelStack:        2024 kB
Node 0 PageTables:          476 kB
Node 0 NFS_Unstable:          0 kB
Node 0 Bounce:                0 kB
Node 0 WritebackTmp:          0 kB
Node 0 KReclaimable:      17864 kB
Node 0 Slab:              50196 kB
Node 0 SReclaimable:      17864 kB
Node 0 SUnreclaim:        32332 kB
Node 0 AnonHugePages:         0 kB
Node 0 ShmemHugePages:        0 kB
Node 0 ShmemPmdMapped:        0 kB
Node 0 FileHugePages:        0 kB
Node 0 FilePmdMapped:        0 kB
Node 0 HugePages_Total:     0
Node 0 HugePages_Free:      0
Node 0 HugePages_Surp:      0

Node 1 MemTotal:       24661580 kB
Node 1 MemFree:        24188400 kB
Node 1 MemUsed:          473180 kB
Node 1 Active:            72540 kB
Node 1 Inactive:         103808 kB
Node 1 Active(anon):      22792 kB
Node 1 Inactive(anon):      544 kB
Node 1 Active(file):      49748 kB
Node 1 Inactive(file):   103264 kB
Node 1 Unevictable:       16904 kB
Node 1 Mlocked:           16904 kB
Node 1 Dirty:               392 kB
Node 1 Writeback:             0 kB
Node 1 FilePages:        160336 kB
Node 1 Mapped:            68876 kB
Node 1 AnonPages:         32836 kB
Node 1 Shmem:               748 kB
Node 1 KernelStack:        1704 kB
Node 1 PageTables:         1048 kB
Node 1 NFS_Unstable:          0 kB
Node 1 Bounce:                0 kB
Node 1 WritebackTmp:          0 kB
Node 1 KReclaimable:      24956 kB
Node 1 Slab:              58304 kB
Node 1 SReclaimable:      24956 kB
Node 1 SUnreclaim:        33348 kB
Node 1 AnonHugePages:         0 kB
Node 1 ShmemHugePages:        0 kB
Node 1 ShmemPmdMapped:        0 kB
Node 1 FileHugePages:        0 kB
Node 1 FilePmdMapped:        0 kB
Node 1 HugePages_Total:     0
Node 1 HugePages_Free:      0
Node 1 HugePages_Surp:      0

Import tank ZPool
Node 0 MemTotal:       24768352 kB
Node 0 MemFree:        24576520 kB
Node 0 MemUsed:          191832 kB
Node 0 Active:            35468 kB
Node 0 Inactive:          24820 kB
Node 0 Active(anon):      14532 kB
Node 0 Inactive(anon):      320 kB
Node 0 Active(file):      20936 kB
Node 0 Inactive(file):    24500 kB
Node 0 Unevictable:        1616 kB
Node 0 Mlocked:            1616 kB
Node 0 Dirty:                 8 kB
Node 0 Writeback:             0 kB
Node 0 FilePages:         47572 kB
Node 0 Mapped:            12072 kB
Node 0 AnonPages:         14408 kB
Node 0 Shmem:               520 kB
Node 0 KernelStack:        2024 kB
Node 0 PageTables:          476 kB
Node 0 NFS_Unstable:          0 kB
Node 0 Bounce:                0 kB
Node 0 WritebackTmp:          0 kB
Node 0 KReclaimable:      17864 kB
Node 0 Slab:              50132 kB
Node 0 SReclaimable:      17864 kB
Node 0 SUnreclaim:        32268 kB
Node 0 AnonHugePages:         0 kB
Node 0 ShmemHugePages:        0 kB
Node 0 ShmemPmdMapped:        0 kB
Node 0 FileHugePages:        0 kB
Node 0 FilePmdMapped:        0 kB
Node 0 HugePages_Total:     0
Node 0 HugePages_Free:      0
Node 0 HugePages_Surp:      0

Node 1 MemTotal:       24661580 kB
Node 1 MemFree:        24167520 kB
Node 1 MemUsed:          494060 kB
Node 1 Active:            73352 kB
Node 1 Inactive:         104908 kB
Node 1 Active(anon):      23144 kB
Node 1 Inactive(anon):      548 kB
Node 1 Active(file):      50208 kB
Node 1 Inactive(file):   104360 kB
Node 1 Unevictable:       16904 kB
Node 1 Mlocked:           16904 kB
Node 1 Dirty:               116 kB
Node 1 Writeback:             0 kB
Node 1 FilePages:        161896 kB
Node 1 Mapped:            69072 kB
Node 1 AnonPages:         33344 kB
Node 1 Shmem:               748 kB
Node 1 KernelStack:        2856 kB
Node 1 PageTables:         1132 kB
Node 1 NFS_Unstable:          0 kB
Node 1 Bounce:                0 kB
Node 1 WritebackTmp:          0 kB
Node 1 KReclaimable:      25076 kB
Node 1 Slab:              65048 kB
Node 1 SReclaimable:      25076 kB
Node 1 SUnreclaim:        39972 kB
Node 1 AnonHugePages:         0 kB
Node 1 ShmemHugePages:        0 kB
Node 1 ShmemPmdMapped:        0 kB
Node 1 FileHugePages:        0 kB
Node 1 FilePmdMapped:        0 kB
Node 1 HugePages_Total:     0
Node 1 HugePages_Free:      0
Node 1 HugePages_Surp:      0

After Test
Node 0 MemTotal:       24768352 kB
Node 0 MemFree:        24290316 kB
Node 0 MemUsed:          478036 kB
Node 0 Active:            35612 kB
Node 0 Inactive:          25952 kB
Node 0 Active(anon):      13548 kB
Node 0 Inactive(anon):      340 kB
Node 0 Active(file):      22064 kB
Node 0 Inactive(file):    25612 kB
Node 0 Unevictable:        1616 kB
Node 0 Mlocked:            1616 kB
Node 0 Dirty:                24 kB
Node 0 Writeback:             0 kB
Node 0 FilePages:         49856 kB
Node 0 Mapped:            12296 kB
Node 0 AnonPages:         13088 kB
Node 0 Shmem:               564 kB
Node 0 KernelStack:        2056 kB
Node 0 PageTables:          584 kB
Node 0 NFS_Unstable:          0 kB
Node 0 Bounce:                0 kB
Node 0 WritebackTmp:          0 kB
Node 0 KReclaimable:      19196 kB
Node 0 Slab:              55264 kB
Node 0 SReclaimable:      19196 kB
Node 0 SUnreclaim:        36068 kB
Node 0 AnonHugePages:         0 kB
Node 0 ShmemHugePages:        0 kB
Node 0 ShmemPmdMapped:        0 kB
Node 0 FileHugePages:        0 kB
Node 0 FilePmdMapped:        0 kB
Node 0 HugePages_Total:     0
Node 0 HugePages_Free:      0
Node 0 HugePages_Surp:      0

Node 1 MemTotal:       24661580 kB
Node 1 MemFree:        23914272 kB
Node 1 MemUsed:          747308 kB
Node 1 Active:            70900 kB
Node 1 Inactive:         104652 kB
Node 1 Active(anon):      20272 kB
Node 1 Inactive(anon):      548 kB
Node 1 Active(file):      50628 kB
Node 1 Inactive(file):   104104 kB
Node 1 Unevictable:       16904 kB
Node 1 Mlocked:           16904 kB
Node 1 Dirty:               192 kB
Node 1 Writeback:             0 kB
Node 1 FilePages:        162056 kB
Node 1 Mapped:            68868 kB
Node 1 AnonPages:         30108 kB
Node 1 Shmem:               748 kB
Node 1 KernelStack:        2744 kB
Node 1 PageTables:          828 kB
Node 1 NFS_Unstable:          0 kB
Node 1 Bounce:                0 kB
Node 1 WritebackTmp:          0 kB
Node 1 KReclaimable:      25080 kB
Node 1 Slab:              65704 kB
Node 1 SReclaimable:      25080 kB
Node 1 SUnreclaim:        40624 kB
Node 1 AnonHugePages:         0 kB
Node 1 ShmemHugePages:        0 kB
Node 1 ShmemPmdMapped:        0 kB
Node 1 FileHugePages:        0 kB
Node 1 FilePmdMapped:        0 kB
Node 1 HugePages_Total:     0
Node 1 HugePages_Free:      0
Node 1 HugePages_Surp:      0

After Opposite Node
Node 0 MemTotal:       24768352 kB
Node 0 MemFree:        24290876 kB
Node 0 MemUsed:          477476 kB
Node 0 Active:            35444 kB
Node 0 Inactive:          25788 kB
Node 0 Active(anon):      13228 kB
Node 0 Inactive(anon):      320 kB
Node 0 Active(file):      22216 kB
Node 0 Inactive(file):    25468 kB
Node 0 Unevictable:        1616 kB
Node 0 Mlocked:            1616 kB
Node 0 Dirty:                32 kB
Node 0 Writeback:             0 kB
Node 0 FilePages:         49820 kB
Node 0 Mapped:            12280 kB
Node 0 AnonPages:         13028 kB
Node 0 Shmem:               520 kB
Node 0 KernelStack:        2040 kB
Node 0 PageTables:          464 kB
Node 0 NFS_Unstable:          0 kB
Node 0 Bounce:                0 kB
Node 0 WritebackTmp:          0 kB
Node 0 KReclaimable:      19196 kB
Node 0 Slab:              55256 kB
Node 0 SReclaimable:      19196 kB
Node 0 SUnreclaim:        36060 kB
Node 0 AnonHugePages:         0 kB
Node 0 ShmemHugePages:        0 kB
Node 0 ShmemPmdMapped:        0 kB
Node 0 FileHugePages:        0 kB
Node 0 FilePmdMapped:        0 kB
Node 0 HugePages_Total:     0
Node 0 HugePages_Free:      0
Node 0 HugePages_Surp:      0

Node 1 MemTotal:       24661580 kB
Node 1 MemFree:        23913520 kB
Node 1 MemUsed:          748060 kB
Node 1 Active:            70440 kB
Node 1 Inactive:         104672 kB
Node 1 Active(anon):      19784 kB
Node 1 Inactive(anon):      572 kB
Node 1 Active(file):      50656 kB
Node 1 Inactive(file):   104100 kB
Node 1 Unevictable:       16904 kB
Node 1 Mlocked:           16904 kB
Node 1 Dirty:               212 kB
Node 1 Writeback:             0 kB
Node 1 FilePages:        162124 kB
Node 1 Mapped:            68912 kB
Node 1 AnonPages:         29804 kB
Node 1 Shmem:               792 kB
Node 1 KernelStack:        2712 kB
Node 1 PageTables:          820 kB
Node 1 NFS_Unstable:          0 kB
Node 1 Bounce:                0 kB
Node 1 WritebackTmp:          0 kB
Node 1 KReclaimable:      25148 kB
Node 1 Slab:              65968 kB
Node 1 SReclaimable:      25148 kB
Node 1 SUnreclaim:        40820 kB
Node 1 AnonHugePages:         0 kB
Node 1 ShmemHugePages:        0 kB
Node 1 ShmemPmdMapped:        0 kB
Node 1 FileHugePages:        0 kB
Node 1 FilePmdMapped:        0 kB
Node 1 HugePages_Total:     0
Node 1 HugePages_Free:      0
Node 1 HugePages_Surp:      0

U.0.bigfio.250M.1.O Complete!
