U.0.bigfio.500M.1.O
Begin
Node 0 MemTotal:       24768352 kB
Node 0 MemFree:        24430644 kB
Node 0 MemUsed:          337708 kB
Node 0 Active:            74664 kB
Node 0 Inactive:         103552 kB
Node 0 Active(anon):      25648 kB
Node 0 Inactive(anon):      460 kB
Node 0 Active(file):      49016 kB
Node 0 Inactive(file):   103092 kB
Node 0 Unevictable:       17300 kB
Node 0 Mlocked:           17300 kB
Node 0 Dirty:               504 kB
Node 0 Writeback:             0 kB
Node 0 FilePages:        159916 kB
Node 0 Mapped:            63348 kB
Node 0 AnonPages:         35768 kB
Node 0 Shmem:               692 kB
Node 0 KernelStack:        2088 kB
Node 0 PageTables:          808 kB
Node 0 NFS_Unstable:          0 kB
Node 0 Bounce:                0 kB
Node 0 WritebackTmp:          0 kB
Node 0 KReclaimable:      21996 kB
Node 0 Slab:              60896 kB
Node 0 SReclaimable:      21996 kB
Node 0 SUnreclaim:        38900 kB
Node 0 AnonHugePages:         0 kB
Node 0 ShmemHugePages:        0 kB
Node 0 ShmemPmdMapped:        0 kB
Node 0 FileHugePages:        0 kB
Node 0 FilePmdMapped:        0 kB
Node 0 HugePages_Total:     0
Node 0 HugePages_Free:      0
Node 0 HugePages_Surp:      0

Node 1 MemTotal:       24661580 kB
Node 1 MemFree:        24359492 kB
Node 1 MemUsed:          302088 kB
Node 1 Active:            21056 kB
Node 1 Inactive:          15816 kB
Node 1 Active(anon):       7740 kB
Node 1 Inactive(anon):      408 kB
Node 1 Active(file):      13316 kB
Node 1 Inactive(file):    15408 kB
Node 1 Unevictable:        1220 kB
Node 1 Mlocked:            1220 kB
Node 1 Dirty:                16 kB
Node 1 Writeback:             0 kB
Node 1 FilePages:         30528 kB
Node 1 Mapped:             5440 kB
Node 1 AnonPages:          7628 kB
Node 1 Shmem:               576 kB
Node 1 KernelStack:        1560 kB
Node 1 PageTables:          312 kB
Node 1 NFS_Unstable:          0 kB
Node 1 Bounce:                0 kB
Node 1 WritebackTmp:          0 kB
Node 1 KReclaimable:      19336 kB
Node 1 Slab:              45724 kB
Node 1 SReclaimable:      19336 kB
Node 1 SUnreclaim:        26388 kB
Node 1 AnonHugePages:         0 kB
Node 1 ShmemHugePages:        0 kB
Node 1 ShmemPmdMapped:        0 kB
Node 1 FileHugePages:        0 kB
Node 1 FilePmdMapped:        0 kB
Node 1 HugePages_Total:     0
Node 1 HugePages_Free:      0
Node 1 HugePages_Surp:      0

Load ZFS
Node 0 MemTotal:       24768352 kB
Node 0 MemFree:        24288904 kB
Node 0 MemUsed:          479448 kB
Node 0 Active:            76884 kB
Node 0 Inactive:         103460 kB
Node 0 Active(anon):      26176 kB
Node 0 Inactive(anon):      460 kB
Node 0 Active(file):      50708 kB
Node 0 Inactive(file):   103000 kB
Node 0 Unevictable:       17300 kB
Node 0 Mlocked:           17300 kB
Node 0 Dirty:               336 kB
Node 0 Writeback:             0 kB
Node 0 FilePages:        161372 kB
Node 0 Mapped:            63508 kB
Node 0 AnonPages:         36144 kB
Node 0 Shmem:               692 kB
Node 0 KernelStack:        2328 kB
Node 0 PageTables:          852 kB
Node 0 NFS_Unstable:          0 kB
Node 0 Bounce:                0 kB
Node 0 WritebackTmp:          0 kB
Node 0 KReclaimable:      22444 kB
Node 0 Slab:              63124 kB
Node 0 SReclaimable:      22444 kB
Node 0 SUnreclaim:        40680 kB
Node 0 AnonHugePages:         0 kB
Node 0 ShmemHugePages:        0 kB
Node 0 ShmemPmdMapped:        0 kB
Node 0 FileHugePages:        0 kB
Node 0 FilePmdMapped:        0 kB
Node 0 HugePages_Total:     0
Node 0 HugePages_Free:      0
Node 0 HugePages_Surp:      0

Node 1 MemTotal:       24661580 kB
Node 1 MemFree:        24489436 kB
Node 1 MemUsed:          172144 kB
Node 1 Active:            29220 kB
Node 1 Inactive:          11816 kB
Node 1 Active(anon):      10816 kB
Node 1 Inactive(anon):      408 kB
Node 1 Active(file):      18404 kB
Node 1 Inactive(file):    11408 kB
Node 1 Unevictable:        1220 kB
Node 1 Mlocked:            1220 kB
Node 1 Dirty:                32 kB
Node 1 Writeback:             0 kB
Node 1 FilePages:         31612 kB
Node 1 Mapped:             5556 kB
Node 1 AnonPages:         10720 kB
Node 1 Shmem:               576 kB
Node 1 KernelStack:        1432 kB
Node 1 PageTables:          508 kB
Node 1 NFS_Unstable:          0 kB
Node 1 Bounce:                0 kB
Node 1 WritebackTmp:          0 kB
Node 1 KReclaimable:      19872 kB
Node 1 Slab:              47196 kB
Node 1 SReclaimable:      19872 kB
Node 1 SUnreclaim:        27324 kB
Node 1 AnonHugePages:         0 kB
Node 1 ShmemHugePages:        0 kB
Node 1 ShmemPmdMapped:        0 kB
Node 1 FileHugePages:        0 kB
Node 1 FilePmdMapped:        0 kB
Node 1 HugePages_Total:     0
Node 1 HugePages_Free:      0
Node 1 HugePages_Surp:      0

Import tank ZPool
Node 0 MemTotal:       24768352 kB
Node 0 MemFree:        24271600 kB
Node 0 MemUsed:          496752 kB
Node 0 Active:            76220 kB
Node 0 Inactive:         104604 kB
Node 0 Active(anon):      25216 kB
Node 0 Inactive(anon):      464 kB
Node 0 Active(file):      51004 kB
Node 0 Inactive(file):   104140 kB
Node 0 Unevictable:       17300 kB
Node 0 Mlocked:           17300 kB
Node 0 Dirty:               352 kB
Node 0 Writeback:             0 kB
Node 0 FilePages:        162808 kB
Node 0 Mapped:            63504 kB
Node 0 AnonPages:         35308 kB
Node 0 Shmem:               692 kB
Node 0 KernelStack:        3400 kB
Node 0 PageTables:          920 kB
Node 0 NFS_Unstable:          0 kB
Node 0 Bounce:                0 kB
Node 0 WritebackTmp:          0 kB
Node 0 KReclaimable:      22592 kB
Node 0 Slab:              69848 kB
Node 0 SReclaimable:      22592 kB
Node 0 SUnreclaim:        47256 kB
Node 0 AnonHugePages:         0 kB
Node 0 ShmemHugePages:        0 kB
Node 0 ShmemPmdMapped:        0 kB
Node 0 FileHugePages:        0 kB
Node 0 FilePmdMapped:        0 kB
Node 0 HugePages_Total:     0
Node 0 HugePages_Free:      0
Node 0 HugePages_Surp:      0

Node 1 MemTotal:       24661580 kB
Node 1 MemFree:        24491444 kB
Node 1 MemUsed:          170136 kB
Node 1 Active:            26652 kB
Node 1 Inactive:          11748 kB
Node 1 Active(anon):       8144 kB
Node 1 Inactive(anon):      408 kB
Node 1 Active(file):      18508 kB
Node 1 Inactive(file):    11340 kB
Node 1 Unevictable:        1220 kB
Node 1 Mlocked:            1220 kB
Node 1 Dirty:                40 kB
Node 1 Writeback:             0 kB
Node 1 FilePages:         31644 kB
Node 1 Mapped:             5648 kB
Node 1 AnonPages:          7688 kB
Node 1 Shmem:               576 kB
Node 1 KernelStack:        1384 kB
Node 1 PageTables:          368 kB
Node 1 NFS_Unstable:          0 kB
Node 1 Bounce:                0 kB
Node 1 WritebackTmp:          0 kB
Node 1 KReclaimable:      19872 kB
Node 1 Slab:              47232 kB
Node 1 SReclaimable:      19872 kB
Node 1 SUnreclaim:        27360 kB
Node 1 AnonHugePages:         0 kB
Node 1 ShmemHugePages:        0 kB
Node 1 ShmemPmdMapped:        0 kB
Node 1 FileHugePages:        0 kB
Node 1 FilePmdMapped:        0 kB
Node 1 HugePages_Total:     0
Node 1 HugePages_Free:      0
Node 1 HugePages_Surp:      0

After Test
Node 0 MemTotal:       24768352 kB
Node 0 MemFree:        23499832 kB
Node 0 MemUsed:         1268520 kB
Node 0 Active:            77588 kB
Node 0 Inactive:         105572 kB
Node 0 Active(anon):      25240 kB
Node 0 Inactive(anon):      500 kB
Node 0 Active(file):      52348 kB
Node 0 Inactive(file):   105072 kB
Node 0 Unevictable:       17300 kB
Node 0 Mlocked:           17300 kB
Node 0 Dirty:               212 kB
Node 0 Writeback:             0 kB
Node 0 FilePages:        165128 kB
Node 0 Mapped:            63604 kB
Node 0 AnonPages:         35268 kB
Node 0 Shmem:               736 kB
Node 0 KernelStack:        3368 kB
Node 0 PageTables:          988 kB
Node 0 NFS_Unstable:          0 kB
Node 0 Bounce:                0 kB
Node 0 WritebackTmp:          0 kB
Node 0 KReclaimable:      23884 kB
Node 0 Slab:              76272 kB
Node 0 SReclaimable:      23884 kB
Node 0 SUnreclaim:        52388 kB
Node 0 AnonHugePages:         0 kB
Node 0 ShmemHugePages:        0 kB
Node 0 ShmemPmdMapped:        0 kB
Node 0 FileHugePages:        0 kB
Node 0 FilePmdMapped:        0 kB
Node 0 HugePages_Total:     0
Node 0 HugePages_Free:      0
Node 0 HugePages_Surp:      0

Node 1 MemTotal:       24661580 kB
Node 1 MemFree:        24200404 kB
Node 1 MemUsed:          461176 kB
Node 1 Active:            26192 kB
Node 1 Inactive:          11776 kB
Node 1 Active(anon):       7672 kB
Node 1 Inactive(anon):      408 kB
Node 1 Active(file):      18520 kB
Node 1 Inactive(file):    11368 kB
Node 1 Unevictable:        1220 kB
Node 1 Mlocked:            1220 kB
Node 1 Dirty:                12 kB
Node 1 Writeback:             0 kB
Node 1 FilePages:         31684 kB
Node 1 Mapped:             5556 kB
Node 1 AnonPages:          7504 kB
Node 1 Shmem:               576 kB
Node 1 KernelStack:        1480 kB
Node 1 PageTables:          284 kB
Node 1 NFS_Unstable:          0 kB
Node 1 Bounce:                0 kB
Node 1 WritebackTmp:          0 kB
Node 1 KReclaimable:      19872 kB
Node 1 Slab:              48368 kB
Node 1 SReclaimable:      19872 kB
Node 1 SUnreclaim:        28496 kB
Node 1 AnonHugePages:         0 kB
Node 1 ShmemHugePages:        0 kB
Node 1 ShmemPmdMapped:        0 kB
Node 1 FileHugePages:        0 kB
Node 1 FilePmdMapped:        0 kB
Node 1 HugePages_Total:     0
Node 1 HugePages_Free:      0
Node 1 HugePages_Surp:      0

After Opposite Node
Node 0 MemTotal:       24768352 kB
Node 0 MemFree:        23500212 kB
Node 0 MemUsed:         1268140 kB
Node 0 Active:            77308 kB
Node 0 Inactive:         105344 kB
Node 0 Active(anon):      24760 kB
Node 0 Inactive(anon):      464 kB
Node 0 Active(file):      52548 kB
Node 0 Inactive(file):   104880 kB
Node 0 Unevictable:       17300 kB
Node 0 Mlocked:           17300 kB
Node 0 Dirty:               220 kB
Node 0 Writeback:             0 kB
Node 0 FilePages:        165092 kB
Node 0 Mapped:            63348 kB
Node 0 AnonPages:         34856 kB
Node 0 Shmem:               692 kB
Node 0 KernelStack:        3288 kB
Node 0 PageTables:          824 kB
Node 0 NFS_Unstable:          0 kB
Node 0 Bounce:                0 kB
Node 0 WritebackTmp:          0 kB
Node 0 KReclaimable:      23884 kB
Node 0 Slab:              76240 kB
Node 0 SReclaimable:      23884 kB
Node 0 SUnreclaim:        52356 kB
Node 0 AnonHugePages:         0 kB
Node 0 ShmemHugePages:        0 kB
Node 0 ShmemPmdMapped:        0 kB
Node 0 FileHugePages:        0 kB
Node 0 FilePmdMapped:        0 kB
Node 0 HugePages_Total:     0
Node 0 HugePages_Free:      0
Node 0 HugePages_Surp:      0

Node 1 MemTotal:       24661580 kB
Node 1 MemFree:        24198012 kB
Node 1 MemUsed:          463568 kB
Node 1 Active:            26692 kB
Node 1 Inactive:          12052 kB
Node 1 Active(anon):       8144 kB
Node 1 Inactive(anon):      700 kB
Node 1 Active(file):      18548 kB
Node 1 Inactive(file):    11352 kB
Node 1 Unevictable:        1220 kB
Node 1 Mlocked:            1220 kB
Node 1 Dirty:                20 kB
Node 1 Writeback:             0 kB
Node 1 FilePages:         31988 kB
Node 1 Mapped:             5556 kB
Node 1 AnonPages:          7876 kB
Node 1 Shmem:               576 kB
Node 1 KernelStack:        1480 kB
Node 1 PageTables:          308 kB
Node 1 NFS_Unstable:          0 kB
Node 1 Bounce:                0 kB
Node 1 WritebackTmp:          0 kB
Node 1 KReclaimable:      19888 kB
Node 1 Slab:              48536 kB
Node 1 SReclaimable:      19888 kB
Node 1 SUnreclaim:        28648 kB
Node 1 AnonHugePages:         0 kB
Node 1 ShmemHugePages:        0 kB
Node 1 ShmemPmdMapped:        0 kB
Node 1 FileHugePages:        0 kB
Node 1 FilePmdMapped:        0 kB
Node 1 HugePages_Total:     0
Node 1 HugePages_Free:      0
Node 1 HugePages_Surp:      0

U.0.bigfio.500M.1.O Complete!
