U.0.bigfio.16G.1.O
Begin
Node 0 MemTotal:       24743736 kB
Node 0 MemFree:        24497696 kB
Node 0 MemUsed:          246040 kB
Node 0 Active:            52360 kB
Node 0 Inactive:          49948 kB
Node 0 Active(anon):      25716 kB
Node 0 Inactive(anon):      420 kB
Node 0 Active(file):      26644 kB
Node 0 Inactive(file):    49528 kB
Node 0 Unevictable:        5008 kB
Node 0 Mlocked:            5008 kB
Node 0 Dirty:               140 kB
Node 0 Writeback:             0 kB
Node 0 FilePages:         81952 kB
Node 0 Mapped:            46064 kB
Node 0 AnonPages:         25608 kB
Node 0 Shmem:               596 kB
Node 0 KernelStack:        2392 kB
Node 0 PageTables:          700 kB
Node 0 NFS_Unstable:          0 kB
Node 0 Bounce:                0 kB
Node 0 WritebackTmp:          0 kB
Node 0 KReclaimable:      19640 kB
Node 0 Slab:              55228 kB
Node 0 SReclaimable:      19640 kB
Node 0 SUnreclaim:        35588 kB
Node 0 AnonHugePages:         0 kB
Node 0 ShmemHugePages:        0 kB
Node 0 ShmemPmdMapped:        0 kB
Node 0 FileHugePages:        0 kB
Node 0 FilePmdMapped:        0 kB
Node 0 HugePages_Total:     0
Node 0 HugePages_Free:      0
Node 0 HugePages_Surp:      0

Node 1 MemTotal:       24686196 kB
Node 1 MemFree:        24297444 kB
Node 1 MemUsed:          388752 kB
Node 1 Active:            43176 kB
Node 1 Inactive:          62224 kB
Node 1 Active(anon):       7780 kB
Node 1 Inactive(anon):      440 kB
Node 1 Active(file):      35396 kB
Node 1 Inactive(file):    61784 kB
Node 1 Unevictable:       13512 kB
Node 1 Mlocked:           13512 kB
Node 1 Dirty:                32 kB
Node 1 Writeback:             0 kB
Node 1 FilePages:        101040 kB
Node 1 Mapped:            18372 kB
Node 1 AnonPages:         17884 kB
Node 1 Shmem:               672 kB
Node 1 KernelStack:        1160 kB
Node 1 PageTables:          400 kB
Node 1 NFS_Unstable:          0 kB
Node 1 Bounce:                0 kB
Node 1 WritebackTmp:          0 kB
Node 1 KReclaimable:      22144 kB
Node 1 Slab:              50892 kB
Node 1 SReclaimable:      22144 kB
Node 1 SUnreclaim:        28748 kB
Node 1 AnonHugePages:         0 kB
Node 1 ShmemHugePages:        0 kB
Node 1 ShmemPmdMapped:        0 kB
Node 1 FileHugePages:        0 kB
Node 1 FilePmdMapped:        0 kB
Node 1 HugePages_Total:     0
Node 1 HugePages_Free:      0
Node 1 HugePages_Surp:      0

Load ZFS
Node 0 MemTotal:       24743736 kB
Node 0 MemFree:        24488628 kB
Node 0 MemUsed:          255108 kB
Node 0 Active:            59092 kB
Node 0 Inactive:          50436 kB
Node 0 Active(anon):      31428 kB
Node 0 Inactive(anon):      420 kB
Node 0 Active(file):      27664 kB
Node 0 Inactive(file):    50016 kB
Node 0 Unevictable:        5008 kB
Node 0 Mlocked:            5008 kB
Node 0 Dirty:               172 kB
Node 0 Writeback:             0 kB
Node 0 FilePages:         83280 kB
Node 0 Mapped:            46032 kB
Node 0 AnonPages:         31220 kB
Node 0 Shmem:               596 kB
Node 0 KernelStack:        2456 kB
Node 0 PageTables:          972 kB
Node 0 NFS_Unstable:          0 kB
Node 0 Bounce:                0 kB
Node 0 WritebackTmp:          0 kB
Node 0 KReclaimable:      20200 kB
Node 0 Slab:              57056 kB
Node 0 SReclaimable:      20200 kB
Node 0 SUnreclaim:        36856 kB
Node 0 AnonHugePages:         0 kB
Node 0 ShmemHugePages:        0 kB
Node 0 ShmemPmdMapped:        0 kB
Node 0 FileHugePages:        0 kB
Node 0 FilePmdMapped:        0 kB
Node 0 HugePages_Total:     0
Node 0 HugePages_Free:      0
Node 0 HugePages_Surp:      0

Node 1 MemTotal:       24686196 kB
Node 1 MemFree:        24295376 kB
Node 1 MemUsed:          390820 kB
Node 1 Active:            50532 kB
Node 1 Inactive:          57700 kB
Node 1 Active(anon):       9424 kB
Node 1 Inactive(anon):      440 kB
Node 1 Active(file):      41108 kB
Node 1 Inactive(file):    57260 kB
Node 1 Unevictable:       13512 kB
Node 1 Mlocked:           13512 kB
Node 1 Dirty:                32 kB
Node 1 Writeback:             0 kB
Node 1 FilePages:        102228 kB
Node 1 Mapped:            18532 kB
Node 1 AnonPages:         19560 kB
Node 1 Shmem:               672 kB
Node 1 KernelStack:        1256 kB
Node 1 PageTables:          580 kB
Node 1 NFS_Unstable:          0 kB
Node 1 Bounce:                0 kB
Node 1 WritebackTmp:          0 kB
Node 1 KReclaimable:      22720 kB
Node 1 Slab:              53172 kB
Node 1 SReclaimable:      22720 kB
Node 1 SUnreclaim:        30452 kB
Node 1 AnonHugePages:         0 kB
Node 1 ShmemHugePages:        0 kB
Node 1 ShmemPmdMapped:        0 kB
Node 1 FileHugePages:        0 kB
Node 1 FilePmdMapped:        0 kB
Node 1 HugePages_Total:     0
Node 1 HugePages_Free:      0
Node 1 HugePages_Surp:      0

Import tank ZPool
Node 0 MemTotal:       24743736 kB
Node 0 MemFree:        24472780 kB
Node 0 MemUsed:          270956 kB
Node 0 Active:            53260 kB
Node 0 Inactive:          51628 kB
Node 0 Active(anon):      25236 kB
Node 0 Inactive(anon):      424 kB
Node 0 Active(file):      28024 kB
Node 0 Inactive(file):    51204 kB
Node 0 Unevictable:        5008 kB
Node 0 Mlocked:            5008 kB
Node 0 Dirty:                60 kB
Node 0 Writeback:             0 kB
Node 0 FilePages:         84832 kB
Node 0 Mapped:            46236 kB
Node 0 AnonPages:         24700 kB
Node 0 Shmem:               596 kB
Node 0 KernelStack:        3496 kB
Node 0 PageTables:          804 kB
Node 0 NFS_Unstable:          0 kB
Node 0 Bounce:                0 kB
Node 0 WritebackTmp:          0 kB
Node 0 KReclaimable:      20328 kB
Node 0 Slab:              64324 kB
Node 0 SReclaimable:      20328 kB
Node 0 SUnreclaim:        43996 kB
Node 0 AnonHugePages:         0 kB
Node 0 ShmemHugePages:        0 kB
Node 0 ShmemPmdMapped:        0 kB
Node 0 FileHugePages:        0 kB
Node 0 FilePmdMapped:        0 kB
Node 0 HugePages_Total:     0
Node 0 HugePages_Free:      0
Node 0 HugePages_Surp:      0

Node 1 MemTotal:       24686196 kB
Node 1 MemFree:        24295044 kB
Node 1 MemUsed:          391152 kB
Node 1 Active:            49384 kB
Node 1 Inactive:          57588 kB
Node 1 Active(anon):       8164 kB
Node 1 Inactive(anon):      440 kB
Node 1 Active(file):      41220 kB
Node 1 Inactive(file):    57148 kB
Node 1 Unevictable:       13512 kB
Node 1 Mlocked:           13512 kB
Node 1 Dirty:                12 kB
Node 1 Writeback:             0 kB
Node 1 FilePages:        102228 kB
Node 1 Mapped:            18392 kB
Node 1 AnonPages:         18256 kB
Node 1 Shmem:               672 kB
Node 1 KernelStack:        1176 kB
Node 1 PageTables:          400 kB
Node 1 NFS_Unstable:          0 kB
Node 1 Bounce:                0 kB
Node 1 WritebackTmp:          0 kB
Node 1 KReclaimable:      22720 kB
Node 1 Slab:              53788 kB
Node 1 SReclaimable:      22720 kB
Node 1 SUnreclaim:        31068 kB
Node 1 AnonHugePages:         0 kB
Node 1 ShmemHugePages:        0 kB
Node 1 ShmemPmdMapped:        0 kB
Node 1 FileHugePages:        0 kB
Node 1 FilePmdMapped:        0 kB
Node 1 HugePages_Total:     0
Node 1 HugePages_Free:      0
Node 1 HugePages_Surp:      0

After Test
Node 0 MemTotal:       24743736 kB
Node 0 MemFree:         7560524 kB
Node 0 MemUsed:        17183212 kB
Node 0 Active:            54400 kB
Node 0 Inactive:          52524 kB
Node 0 Active(anon):      24904 kB
Node 0 Inactive(anon):      460 kB
Node 0 Active(file):      29496 kB
Node 0 Inactive(file):    52064 kB
Node 0 Unevictable:        5008 kB
Node 0 Mlocked:            5008 kB
Node 0 Dirty:                 8 kB
Node 0 Writeback:             0 kB
Node 0 FilePages:         87204 kB
Node 0 Mapped:            46272 kB
Node 0 AnonPages:         24584 kB
Node 0 Shmem:               640 kB
Node 0 KernelStack:        3336 kB
Node 0 PageTables:          804 kB
Node 0 NFS_Unstable:          0 kB
Node 0 Bounce:                0 kB
Node 0 WritebackTmp:          0 kB
Node 0 KReclaimable:      21648 kB
Node 0 Slab:             122468 kB
Node 0 SReclaimable:      21648 kB
Node 0 SUnreclaim:       100820 kB
Node 0 AnonHugePages:         0 kB
Node 0 ShmemHugePages:        0 kB
Node 0 ShmemPmdMapped:        0 kB
Node 0 FileHugePages:        0 kB
Node 0 FilePmdMapped:        0 kB
Node 0 HugePages_Total:     0
Node 0 HugePages_Free:      0
Node 0 HugePages_Surp:      0

Node 1 MemTotal:       24686196 kB
Node 1 MemFree:        23537944 kB
Node 1 MemUsed:         1148252 kB
Node 1 Active:            49412 kB
Node 1 Inactive:          57588 kB
Node 1 Active(anon):       8080 kB
Node 1 Inactive(anon):      440 kB
Node 1 Active(file):      41332 kB
Node 1 Inactive(file):    57148 kB
Node 1 Unevictable:       13512 kB
Node 1 Mlocked:           13512 kB
Node 1 Dirty:                 0 kB
Node 1 Writeback:             0 kB
Node 1 FilePages:        102348 kB
Node 1 Mapped:            18372 kB
Node 1 AnonPages:         18172 kB
Node 1 Shmem:               672 kB
Node 1 KernelStack:        1096 kB
Node 1 PageTables:          400 kB
Node 1 NFS_Unstable:          0 kB
Node 1 Bounce:                0 kB
Node 1 WritebackTmp:          0 kB
Node 1 KReclaimable:      22860 kB
Node 1 Slab:              57052 kB
Node 1 SReclaimable:      22860 kB
Node 1 SUnreclaim:        34192 kB
Node 1 AnonHugePages:         0 kB
Node 1 ShmemHugePages:        0 kB
Node 1 ShmemPmdMapped:        0 kB
Node 1 FileHugePages:        0 kB
Node 1 FilePmdMapped:        0 kB
Node 1 HugePages_Total:     0
Node 1 HugePages_Free:      0
Node 1 HugePages_Surp:      0

After Opposite Node
Node 0 MemTotal:       24743736 kB
Node 0 MemFree:         7564872 kB
Node 0 MemUsed:        17178864 kB
Node 0 Active:            54388 kB
Node 0 Inactive:          52332 kB
Node 0 Active(anon):      24704 kB
Node 0 Inactive(anon):      424 kB
Node 0 Active(file):      29684 kB
Node 0 Inactive(file):    51908 kB
Node 0 Unevictable:        5008 kB
Node 0 Mlocked:            5008 kB
Node 0 Dirty:                44 kB
Node 0 Writeback:             0 kB
Node 0 FilePages:         87192 kB
Node 0 Mapped:            46280 kB
Node 0 AnonPages:         24532 kB
Node 0 Shmem:               596 kB
Node 0 KernelStack:        3304 kB
Node 0 PageTables:          688 kB
Node 0 NFS_Unstable:          0 kB
Node 0 Bounce:                0 kB
Node 0 WritebackTmp:          0 kB
Node 0 KReclaimable:      21648 kB
Node 0 Slab:             121180 kB
Node 0 SReclaimable:      21648 kB
Node 0 SUnreclaim:        99532 kB
Node 0 AnonHugePages:         0 kB
Node 0 ShmemHugePages:        0 kB
Node 0 ShmemPmdMapped:        0 kB
Node 0 FileHugePages:        0 kB
Node 0 FilePmdMapped:        0 kB
Node 0 HugePages_Total:     0
Node 0 HugePages_Free:      0
Node 0 HugePages_Surp:      0

Node 1 MemTotal:       24686196 kB
Node 1 MemFree:        23534980 kB
Node 1 MemUsed:         1151216 kB
Node 1 Active:            49760 kB
Node 1 Inactive:          57624 kB
Node 1 Active(anon):       8408 kB
Node 1 Inactive(anon):      468 kB
Node 1 Active(file):      41352 kB
Node 1 Inactive(file):    57156 kB
Node 1 Unevictable:       13512 kB
Node 1 Mlocked:           13512 kB
Node 1 Dirty:                12 kB
Node 1 Writeback:             0 kB
Node 1 FilePages:        102420 kB
Node 1 Mapped:            18416 kB
Node 1 AnonPages:         18456 kB
Node 1 Shmem:               716 kB
Node 1 KernelStack:        1128 kB
Node 1 PageTables:          580 kB
Node 1 NFS_Unstable:          0 kB
Node 1 Bounce:                0 kB
Node 1 WritebackTmp:          0 kB
Node 1 KReclaimable:      22908 kB
Node 1 Slab:              59060 kB
Node 1 SReclaimable:      22908 kB
Node 1 SUnreclaim:        36152 kB
Node 1 AnonHugePages:         0 kB
Node 1 ShmemHugePages:        0 kB
Node 1 ShmemPmdMapped:        0 kB
Node 1 FileHugePages:        0 kB
Node 1 FilePmdMapped:        0 kB
Node 1 HugePages_Total:     0
Node 1 HugePages_Free:      0
Node 1 HugePages_Surp:      0

U.0.bigfio.16G.1.O Complete!
