U.0.bigfio.250M.2.O
Begin
Node 0 MemTotal:       24768352 kB
Node 0 MemFree:        24486760 kB
Node 0 MemUsed:          281592 kB
Node 0 Active:            51068 kB
Node 0 Inactive:          88860 kB
Node 0 Active(anon):      16684 kB
Node 0 Inactive(anon):      344 kB
Node 0 Active(file):      34384 kB
Node 0 Inactive(file):    88516 kB
Node 0 Unevictable:        5568 kB
Node 0 Mlocked:            5568 kB
Node 0 Dirty:               240 kB
Node 0 Writeback:             0 kB
Node 0 FilePages:        129016 kB
Node 0 Mapped:            53616 kB
Node 0 AnonPages:         16524 kB
Node 0 Shmem:               552 kB
Node 0 KernelStack:        2120 kB
Node 0 PageTables:          672 kB
Node 0 NFS_Unstable:          0 kB
Node 0 Bounce:                0 kB
Node 0 WritebackTmp:          0 kB
Node 0 KReclaimable:      22996 kB
Node 0 Slab:              55540 kB
Node 0 SReclaimable:      22996 kB
Node 0 SUnreclaim:        32544 kB
Node 0 AnonHugePages:         0 kB
Node 0 ShmemHugePages:        0 kB
Node 0 ShmemPmdMapped:        0 kB
Node 0 FileHugePages:        0 kB
Node 0 FilePmdMapped:        0 kB
Node 0 HugePages_Total:     0
Node 0 HugePages_Free:      0
Node 0 HugePages_Surp:      0

Node 1 MemTotal:       24661580 kB
Node 1 MemFree:        24295592 kB
Node 1 MemUsed:          365988 kB
Node 1 Active:            44976 kB
Node 1 Inactive:          36336 kB
Node 1 Active(anon):      17012 kB
Node 1 Inactive(anon):      536 kB
Node 1 Active(file):      27964 kB
Node 1 Inactive(file):    35800 kB
Node 1 Unevictable:       12956 kB
Node 1 Mlocked:           12956 kB
Node 1 Dirty:               112 kB
Node 1 Writeback:             0 kB
Node 1 FilePages:         67280 kB
Node 1 Mapped:            17948 kB
Node 1 AnonPages:         27252 kB
Node 1 Shmem:               716 kB
Node 1 KernelStack:        1512 kB
Node 1 PageTables:          476 kB
Node 1 NFS_Unstable:          0 kB
Node 1 Bounce:                0 kB
Node 1 WritebackTmp:          0 kB
Node 1 KReclaimable:      18412 kB
Node 1 Slab:              50244 kB
Node 1 SReclaimable:      18412 kB
Node 1 SUnreclaim:        31832 kB
Node 1 AnonHugePages:         0 kB
Node 1 ShmemHugePages:        0 kB
Node 1 ShmemPmdMapped:        0 kB
Node 1 FileHugePages:        0 kB
Node 1 FilePmdMapped:        0 kB
Node 1 HugePages_Total:     0
Node 1 HugePages_Free:      0
Node 1 HugePages_Surp:      0

Load ZFS
Node 0 MemTotal:       24768352 kB
Node 0 MemFree:        24477728 kB
Node 0 MemUsed:          290624 kB
Node 0 Active:            57384 kB
Node 0 Inactive:          89480 kB
Node 0 Active(anon):      22216 kB
Node 0 Inactive(anon):      344 kB
Node 0 Active(file):      35168 kB
Node 0 Inactive(file):    89136 kB
Node 0 Unevictable:        5568 kB
Node 0 Mlocked:            5568 kB
Node 0 Dirty:                 0 kB
Node 0 Writeback:             0 kB
Node 0 FilePages:        130420 kB
Node 0 Mapped:            53620 kB
Node 0 AnonPages:         22136 kB
Node 0 Shmem:               552 kB
Node 0 KernelStack:        2248 kB
Node 0 PageTables:          928 kB
Node 0 NFS_Unstable:          0 kB
Node 0 Bounce:                0 kB
Node 0 WritebackTmp:          0 kB
Node 0 KReclaimable:      23524 kB
Node 0 Slab:              57616 kB
Node 0 SReclaimable:      23524 kB
Node 0 SUnreclaim:        34092 kB
Node 0 AnonHugePages:         0 kB
Node 0 ShmemHugePages:        0 kB
Node 0 ShmemPmdMapped:        0 kB
Node 0 FileHugePages:        0 kB
Node 0 FilePmdMapped:        0 kB
Node 0 HugePages_Total:     0
Node 0 HugePages_Free:      0
Node 0 HugePages_Surp:      0

Node 1 MemTotal:       24661580 kB
Node 1 MemFree:        24294220 kB
Node 1 MemUsed:          367360 kB
Node 1 Active:            51096 kB
Node 1 Inactive:          31684 kB
Node 1 Active(anon):      17200 kB
Node 1 Inactive(anon):      540 kB
Node 1 Active(file):      33896 kB
Node 1 Inactive(file):    31144 kB
Node 1 Unevictable:       12956 kB
Node 1 Mlocked:           12956 kB
Node 1 Dirty:                 8 kB
Node 1 Writeback:             0 kB
Node 1 FilePages:         68384 kB
Node 1 Mapped:            18108 kB
Node 1 AnonPages:         27228 kB
Node 1 Shmem:               716 kB
Node 1 KernelStack:        1528 kB
Node 1 PageTables:          532 kB
Node 1 NFS_Unstable:          0 kB
Node 1 Bounce:                0 kB
Node 1 WritebackTmp:          0 kB
Node 1 KReclaimable:      18920 kB
Node 1 Slab:              52012 kB
Node 1 SReclaimable:      18920 kB
Node 1 SUnreclaim:        33092 kB
Node 1 AnonHugePages:         0 kB
Node 1 ShmemHugePages:        0 kB
Node 1 ShmemPmdMapped:        0 kB
Node 1 FileHugePages:        0 kB
Node 1 FilePmdMapped:        0 kB
Node 1 HugePages_Total:     0
Node 1 HugePages_Free:      0
Node 1 HugePages_Surp:      0

Import tank ZPool
Node 0 MemTotal:       24768352 kB
Node 0 MemFree:        24464440 kB
Node 0 MemUsed:          303912 kB
Node 0 Active:            51456 kB
Node 0 Inactive:          89484 kB
Node 0 Active(anon):      16288 kB
Node 0 Inactive(anon):      344 kB
Node 0 Active(file):      35168 kB
Node 0 Inactive(file):    89140 kB
Node 0 Unevictable:        5568 kB
Node 0 Mlocked:            5568 kB
Node 0 Dirty:                96 kB
Node 0 Writeback:             0 kB
Node 0 FilePages:        130420 kB
Node 0 Mapped:            53896 kB
Node 0 AnonPages:         16276 kB
Node 0 Shmem:               548 kB
Node 0 KernelStack:        3240 kB
Node 0 PageTables:          736 kB
Node 0 NFS_Unstable:          0 kB
Node 0 Bounce:                0 kB
Node 0 WritebackTmp:          0 kB
Node 0 KReclaimable:      23532 kB
Node 0 Slab:              60108 kB
Node 0 SReclaimable:      23532 kB
Node 0 SUnreclaim:        36576 kB
Node 0 AnonHugePages:         0 kB
Node 0 ShmemHugePages:        0 kB
Node 0 ShmemPmdMapped:        0 kB
Node 0 FileHugePages:        0 kB
Node 0 FilePmdMapped:        0 kB
Node 0 HugePages_Total:     0
Node 0 HugePages_Free:      0
Node 0 HugePages_Surp:      0

Node 1 MemTotal:       24661580 kB
Node 1 MemFree:        24285164 kB
Node 1 MemUsed:          376416 kB
Node 1 Active:            51684 kB
Node 1 Inactive:          32780 kB
Node 1 Active(anon):      17424 kB
Node 1 Inactive(anon):      544 kB
Node 1 Active(file):      34260 kB
Node 1 Inactive(file):    32236 kB
Node 1 Unevictable:       12956 kB
Node 1 Mlocked:           12956 kB
Node 1 Dirty:                40 kB
Node 1 Writeback:             0 kB
Node 1 FilePages:         69868 kB
Node 1 Mapped:            18168 kB
Node 1 AnonPages:         27712 kB
Node 1 Shmem:               720 kB
Node 1 KernelStack:        1544 kB
Node 1 PageTables:          600 kB
Node 1 NFS_Unstable:          0 kB
Node 1 Bounce:                0 kB
Node 1 WritebackTmp:          0 kB
Node 1 KReclaimable:      19036 kB
Node 1 Slab:              56940 kB
Node 1 SReclaimable:      19036 kB
Node 1 SUnreclaim:        37904 kB
Node 1 AnonHugePages:         0 kB
Node 1 ShmemHugePages:        0 kB
Node 1 ShmemPmdMapped:        0 kB
Node 1 FileHugePages:        0 kB
Node 1 FilePmdMapped:        0 kB
Node 1 HugePages_Total:     0
Node 1 HugePages_Free:      0
Node 1 HugePages_Surp:      0

After Test
Node 0 MemTotal:       24768352 kB
Node 0 MemFree:        24024528 kB
Node 0 MemUsed:          743824 kB
Node 0 Active:            52596 kB
Node 0 Inactive:          90652 kB
Node 0 Active(anon):      16372 kB
Node 0 Inactive(anon):      368 kB
Node 0 Active(file):      36224 kB
Node 0 Inactive(file):    90284 kB
Node 0 Unevictable:        5568 kB
Node 0 Mlocked:            5568 kB
Node 0 Dirty:               104 kB
Node 0 Writeback:             0 kB
Node 0 FilePages:        132664 kB
Node 0 Mapped:            53904 kB
Node 0 AnonPages:         16060 kB
Node 0 Shmem:               592 kB
Node 0 KernelStack:        3272 kB
Node 0 PageTables:          752 kB
Node 0 NFS_Unstable:          0 kB
Node 0 Bounce:                0 kB
Node 0 WritebackTmp:          0 kB
Node 0 KReclaimable:      24884 kB
Node 0 Slab:              64844 kB
Node 0 SReclaimable:      24884 kB
Node 0 SUnreclaim:        39960 kB
Node 0 AnonHugePages:         0 kB
Node 0 ShmemHugePages:        0 kB
Node 0 ShmemPmdMapped:        0 kB
Node 0 FileHugePages:        0 kB
Node 0 FilePmdMapped:        0 kB
Node 0 HugePages_Total:     0
Node 0 HugePages_Free:      0
Node 0 HugePages_Surp:      0

Node 1 MemTotal:       24661580 kB
Node 1 MemFree:        24190140 kB
Node 1 MemUsed:          471440 kB
Node 1 Active:            51640 kB
Node 1 Inactive:          32576 kB
Node 1 Active(anon):      16900 kB
Node 1 Inactive(anon):      544 kB
Node 1 Active(file):      34740 kB
Node 1 Inactive(file):    32032 kB
Node 1 Unevictable:       12956 kB
Node 1 Mlocked:           12956 kB
Node 1 Dirty:                32 kB
Node 1 Writeback:             0 kB
Node 1 FilePages:         70120 kB
Node 1 Mapped:            17948 kB
Node 1 AnonPages:         27052 kB
Node 1 Shmem:               720 kB
Node 1 KernelStack:        1496 kB
Node 1 PageTables:          504 kB
Node 1 NFS_Unstable:          0 kB
Node 1 Bounce:                0 kB
Node 1 WritebackTmp:          0 kB
Node 1 KReclaimable:      19056 kB
Node 1 Slab:              56824 kB
Node 1 SReclaimable:      19056 kB
Node 1 SUnreclaim:        37768 kB
Node 1 AnonHugePages:         0 kB
Node 1 ShmemHugePages:        0 kB
Node 1 ShmemPmdMapped:        0 kB
Node 1 FileHugePages:        0 kB
Node 1 FilePmdMapped:        0 kB
Node 1 HugePages_Total:     0
Node 1 HugePages_Free:      0
Node 1 HugePages_Surp:      0

After Opposite Node
Node 0 MemTotal:       24768352 kB
Node 0 MemFree:        24025576 kB
Node 0 MemUsed:          742776 kB
Node 0 Active:            52240 kB
Node 0 Inactive:          90424 kB
Node 0 Active(anon):      15804 kB
Node 0 Inactive(anon):      344 kB
Node 0 Active(file):      36436 kB
Node 0 Inactive(file):    90080 kB
Node 0 Unevictable:        5568 kB
Node 0 Mlocked:            5568 kB
Node 0 Dirty:               112 kB
Node 0 Writeback:             0 kB
Node 0 FilePages:        132628 kB
Node 0 Mapped:            53828 kB
Node 0 AnonPages:         15600 kB
Node 0 Shmem:               548 kB
Node 0 KernelStack:        3192 kB
Node 0 PageTables:          608 kB
Node 0 NFS_Unstable:          0 kB
Node 0 Bounce:                0 kB
Node 0 WritebackTmp:          0 kB
Node 0 KReclaimable:      24884 kB
Node 0 Slab:              64860 kB
Node 0 SReclaimable:      24884 kB
Node 0 SUnreclaim:        39976 kB
Node 0 AnonHugePages:         0 kB
Node 0 ShmemHugePages:        0 kB
Node 0 ShmemPmdMapped:        0 kB
Node 0 FileHugePages:        0 kB
Node 0 FilePmdMapped:        0 kB
Node 0 HugePages_Total:     0
Node 0 HugePages_Free:      0
Node 0 HugePages_Surp:      0

Node 1 MemTotal:       24661580 kB
Node 1 MemFree:        24187632 kB
Node 1 MemUsed:          473948 kB
Node 1 Active:            51848 kB
Node 1 Inactive:          32600 kB
Node 1 Active(anon):      17080 kB
Node 1 Inactive(anon):      572 kB
Node 1 Active(file):      34768 kB
Node 1 Inactive(file):    32028 kB
Node 1 Unevictable:       12956 kB
Node 1 Mlocked:           12956 kB
Node 1 Dirty:                52 kB
Node 1 Writeback:             0 kB
Node 1 FilePages:         70188 kB
Node 1 Mapped:            17992 kB
Node 1 AnonPages:         27168 kB
Node 1 Shmem:               764 kB
Node 1 KernelStack:        1560 kB
Node 1 PageTables:          668 kB
Node 1 NFS_Unstable:          0 kB
Node 1 Bounce:                0 kB
Node 1 WritebackTmp:          0 kB
Node 1 KReclaimable:      19116 kB
Node 1 Slab:              57024 kB
Node 1 SReclaimable:      19116 kB
Node 1 SUnreclaim:        37908 kB
Node 1 AnonHugePages:         0 kB
Node 1 ShmemHugePages:        0 kB
Node 1 ShmemPmdMapped:        0 kB
Node 1 FileHugePages:        0 kB
Node 1 FilePmdMapped:        0 kB
Node 1 HugePages_Total:     0
Node 1 HugePages_Free:      0
Node 1 HugePages_Surp:      0

U.0.bigfio.250M.2.O Complete!
