U.0.bigfio.8G.2.O
Begin
Node 0 MemTotal:       24743744 kB
Node 0 MemFree:        24343656 kB
Node 0 MemUsed:          400088 kB
Node 0 Active:            41836 kB
Node 0 Inactive:          58424 kB
Node 0 Active(anon):      13856 kB
Node 0 Inactive(anon):      364 kB
Node 0 Active(file):      27980 kB
Node 0 Inactive(file):    58060 kB
Node 0 Unevictable:       17192 kB
Node 0 Mlocked:           17192 kB
Node 0 Dirty:               312 kB
Node 0 Writeback:             0 kB
Node 0 FilePages:         93484 kB
Node 0 Mapped:            50128 kB
Node 0 AnonPages:         24016 kB
Node 0 Shmem:               576 kB
Node 0 KernelStack:        1864 kB
Node 0 PageTables:          836 kB
Node 0 NFS_Unstable:          0 kB
Node 0 Bounce:                0 kB
Node 0 WritebackTmp:          0 kB
Node 0 KReclaimable:      24784 kB
Node 0 Slab:              64136 kB
Node 0 SReclaimable:      24784 kB
Node 0 SUnreclaim:        39352 kB
Node 0 AnonHugePages:         0 kB
Node 0 ShmemHugePages:        0 kB
Node 0 ShmemPmdMapped:        0 kB
Node 0 FileHugePages:        0 kB
Node 0 FilePmdMapped:        0 kB
Node 0 HugePages_Total:     0
Node 0 HugePages_Free:      0
Node 0 HugePages_Surp:      0

Node 1 MemTotal:       24686196 kB
Node 1 MemFree:        24451676 kB
Node 1 MemUsed:          234520 kB
Node 1 Active:            52740 kB
Node 1 Inactive:          56116 kB
Node 1 Active(anon):      19708 kB
Node 1 Inactive(anon):      516 kB
Node 1 Active(file):      33032 kB
Node 1 Inactive(file):    55600 kB
Node 1 Unevictable:        1332 kB
Node 1 Mlocked:            1332 kB
Node 1 Dirty:                28 kB
Node 1 Writeback:             0 kB
Node 1 FilePages:         90696 kB
Node 1 Mapped:            14976 kB
Node 1 AnonPages:         19588 kB
Node 1 Shmem:               692 kB
Node 1 KernelStack:        1784 kB
Node 1 PageTables:          372 kB
Node 1 NFS_Unstable:          0 kB
Node 1 Bounce:                0 kB
Node 1 WritebackTmp:          0 kB
Node 1 KReclaimable:      16744 kB
Node 1 Slab:              41124 kB
Node 1 SReclaimable:      16744 kB
Node 1 SUnreclaim:        24380 kB
Node 1 AnonHugePages:         0 kB
Node 1 ShmemHugePages:        0 kB
Node 1 ShmemPmdMapped:        0 kB
Node 1 FileHugePages:        0 kB
Node 1 FilePmdMapped:        0 kB
Node 1 HugePages_Total:     0
Node 1 HugePages_Free:      0
Node 1 HugePages_Surp:      0

Load ZFS
Node 0 MemTotal:       24743744 kB
Node 0 MemFree:        24471952 kB
Node 0 MemUsed:          271792 kB
Node 0 Active:            52180 kB
Node 0 Inactive:          54076 kB
Node 0 Active(anon):      18440 kB
Node 0 Inactive(anon):      364 kB
Node 0 Active(file):      33740 kB
Node 0 Inactive(file):    53712 kB
Node 0 Unevictable:       17192 kB
Node 0 Mlocked:           17192 kB
Node 0 Dirty:               352 kB
Node 0 Writeback:             0 kB
Node 0 FilePages:         94888 kB
Node 0 Mapped:            50152 kB
Node 0 AnonPages:         28712 kB
Node 0 Shmem:               576 kB
Node 0 KernelStack:        2136 kB
Node 0 PageTables:         1232 kB
Node 0 NFS_Unstable:          0 kB
Node 0 Bounce:                0 kB
Node 0 WritebackTmp:          0 kB
Node 0 KReclaimable:      25316 kB
Node 0 Slab:              65764 kB
Node 0 SReclaimable:      25316 kB
Node 0 SUnreclaim:        40448 kB
Node 0 AnonHugePages:         0 kB
Node 0 ShmemHugePages:        0 kB
Node 0 ShmemPmdMapped:        0 kB
Node 0 FileHugePages:        0 kB
Node 0 FilePmdMapped:        0 kB
Node 0 HugePages_Total:     0
Node 0 HugePages_Free:      0
Node 0 HugePages_Surp:      0

Node 1 MemTotal:       24686196 kB
Node 1 MemFree:        24312236 kB
Node 1 MemUsed:          373960 kB
Node 1 Active:            53720 kB
Node 1 Inactive:          56320 kB
Node 1 Active(anon):      19724 kB
Node 1 Inactive(anon):      516 kB
Node 1 Active(file):      33996 kB
Node 1 Inactive(file):    55804 kB
Node 1 Unevictable:        1332 kB
Node 1 Mlocked:            1332 kB
Node 1 Dirty:                32 kB
Node 1 Writeback:             0 kB
Node 1 FilePages:         91824 kB
Node 1 Mapped:            15104 kB
Node 1 AnonPages:         19472 kB
Node 1 Shmem:               692 kB
Node 1 KernelStack:        1608 kB
Node 1 PageTables:          380 kB
Node 1 NFS_Unstable:          0 kB
Node 1 Bounce:                0 kB
Node 1 WritebackTmp:          0 kB
Node 1 KReclaimable:      17160 kB
Node 1 Slab:              43192 kB
Node 1 SReclaimable:      17160 kB
Node 1 SUnreclaim:        26032 kB
Node 1 AnonHugePages:         0 kB
Node 1 ShmemHugePages:        0 kB
Node 1 ShmemPmdMapped:        0 kB
Node 1 FileHugePages:        0 kB
Node 1 FilePmdMapped:        0 kB
Node 1 HugePages_Total:     0
Node 1 HugePages_Free:      0
Node 1 HugePages_Surp:      0

Import tank ZPool
Node 0 MemTotal:       24743744 kB
Node 0 MemFree:        24462596 kB
Node 0 MemUsed:          281148 kB
Node 0 Active:            47208 kB
Node 0 Inactive:          54096 kB
Node 0 Active(anon):      13392 kB
Node 0 Inactive(anon):      364 kB
Node 0 Active(file):      33816 kB
Node 0 Inactive(file):    53732 kB
Node 0 Unevictable:       17192 kB
Node 0 Mlocked:           17192 kB
Node 0 Dirty:               380 kB
Node 0 Writeback:             0 kB
Node 0 FilePages:         94996 kB
Node 0 Mapped:            50468 kB
Node 0 AnonPages:         23268 kB
Node 0 Shmem:               572 kB
Node 0 KernelStack:        3032 kB
Node 0 PageTables:          820 kB
Node 0 NFS_Unstable:          0 kB
Node 0 Bounce:                0 kB
Node 0 WritebackTmp:          0 kB
Node 0 KReclaimable:      25340 kB
Node 0 Slab:              67992 kB
Node 0 SReclaimable:      25340 kB
Node 0 SUnreclaim:        42652 kB
Node 0 AnonHugePages:         0 kB
Node 0 ShmemHugePages:        0 kB
Node 0 ShmemPmdMapped:        0 kB
Node 0 FileHugePages:        0 kB
Node 0 FilePmdMapped:        0 kB
Node 0 HugePages_Total:     0
Node 0 HugePages_Free:      0
Node 0 HugePages_Surp:      0

Node 1 MemTotal:       24686196 kB
Node 1 MemFree:        24305492 kB
Node 1 MemUsed:          380704 kB
Node 1 Active:            54348 kB
Node 1 Inactive:          57448 kB
Node 1 Active(anon):      20040 kB
Node 1 Inactive(anon):      520 kB
Node 1 Active(file):      34308 kB
Node 1 Inactive(file):    56928 kB
Node 1 Unevictable:        1332 kB
Node 1 Mlocked:            1332 kB
Node 1 Dirty:                48 kB
Node 1 Writeback:             0 kB
Node 1 FilePages:         93264 kB
Node 1 Mapped:            15176 kB
Node 1 AnonPages:         19928 kB
Node 1 Shmem:               696 kB
Node 1 KernelStack:        1672 kB
Node 1 PageTables:          400 kB
Node 1 NFS_Unstable:          0 kB
Node 1 Bounce:                0 kB
Node 1 WritebackTmp:          0 kB
Node 1 KReclaimable:      17276 kB
Node 1 Slab:              48776 kB
Node 1 SReclaimable:      17276 kB
Node 1 SUnreclaim:        31500 kB
Node 1 AnonHugePages:         0 kB
Node 1 ShmemHugePages:        0 kB
Node 1 ShmemPmdMapped:        0 kB
Node 1 FileHugePages:        0 kB
Node 1 FilePmdMapped:        0 kB
Node 1 HugePages_Total:     0
Node 1 HugePages_Free:      0
Node 1 HugePages_Surp:      0

After Test
Node 0 MemTotal:       24743744 kB
Node 0 MemFree:        15817396 kB
Node 0 MemUsed:         8926348 kB
Node 0 Active:            47828 kB
Node 0 Inactive:          55292 kB
Node 0 Active(anon):      13128 kB
Node 0 Inactive(anon):      396 kB
Node 0 Active(file):      34700 kB
Node 0 Inactive(file):    54896 kB
Node 0 Unevictable:       17192 kB
Node 0 Mlocked:           17192 kB
Node 0 Dirty:                 8 kB
Node 0 Writeback:             0 kB
Node 0 FilePages:         97068 kB
Node 0 Mapped:            50400 kB
Node 0 AnonPages:         23108 kB
Node 0 Shmem:               612 kB
Node 0 KernelStack:        2984 kB
Node 0 PageTables:          864 kB
Node 0 NFS_Unstable:          0 kB
Node 0 Bounce:                0 kB
Node 0 WritebackTmp:          0 kB
Node 0 KReclaimable:      26776 kB
Node 0 Slab:             101144 kB
Node 0 SReclaimable:      26776 kB
Node 0 SUnreclaim:        74368 kB
Node 0 AnonHugePages:         0 kB
Node 0 ShmemHugePages:        0 kB
Node 0 ShmemPmdMapped:        0 kB
Node 0 FileHugePages:        0 kB
Node 0 FilePmdMapped:        0 kB
Node 0 HugePages_Total:     0
Node 0 HugePages_Free:      0
Node 0 HugePages_Surp:      0

Node 1 MemTotal:       24686196 kB
Node 1 MemFree:        23706212 kB
Node 1 MemUsed:          979984 kB
Node 1 Active:            54488 kB
Node 1 Inactive:          57220 kB
Node 1 Active(anon):      19788 kB
Node 1 Inactive(anon):      524 kB
Node 1 Active(file):      34700 kB
Node 1 Inactive(file):    56696 kB
Node 1 Unevictable:        1332 kB
Node 1 Mlocked:            1332 kB
Node 1 Dirty:                 0 kB
Node 1 Writeback:             0 kB
Node 1 FilePages:         93428 kB
Node 1 Mapped:            14944 kB
Node 1 AnonPages:         19612 kB
Node 1 Shmem:               700 kB
Node 1 KernelStack:        1640 kB
Node 1 PageTables:          356 kB
Node 1 NFS_Unstable:          0 kB
Node 1 Bounce:                0 kB
Node 1 WritebackTmp:          0 kB
Node 1 KReclaimable:      17336 kB
Node 1 Slab:              50712 kB
Node 1 SReclaimable:      17336 kB
Node 1 SUnreclaim:        33376 kB
Node 1 AnonHugePages:         0 kB
Node 1 ShmemHugePages:        0 kB
Node 1 ShmemPmdMapped:        0 kB
Node 1 FileHugePages:        0 kB
Node 1 FilePmdMapped:        0 kB
Node 1 HugePages_Total:     0
Node 1 HugePages_Free:      0
Node 1 HugePages_Surp:      0

After Opposite Node
Node 0 MemTotal:       24743744 kB
Node 0 MemFree:        15820968 kB
Node 0 MemUsed:         8922776 kB
Node 0 Active:            47816 kB
Node 0 Inactive:          55088 kB
Node 0 Active(anon):      12928 kB
Node 0 Inactive(anon):      364 kB
Node 0 Active(file):      34888 kB
Node 0 Inactive(file):    54724 kB
Node 0 Unevictable:       17192 kB
Node 0 Mlocked:           17192 kB
Node 0 Dirty:                56 kB
Node 0 Writeback:             0 kB
Node 0 FilePages:         97044 kB
Node 0 Mapped:            50352 kB
Node 0 AnonPages:         23048 kB
Node 0 Shmem:               572 kB
Node 0 KernelStack:        2952 kB
Node 0 PageTables:          748 kB
Node 0 NFS_Unstable:          0 kB
Node 0 Bounce:                0 kB
Node 0 WritebackTmp:          0 kB
Node 0 KReclaimable:      26776 kB
Node 0 Slab:             100700 kB
Node 0 SReclaimable:      26776 kB
Node 0 SUnreclaim:        73924 kB
Node 0 AnonHugePages:         0 kB
Node 0 ShmemHugePages:        0 kB
Node 0 ShmemPmdMapped:        0 kB
Node 0 FileHugePages:        0 kB
Node 0 FilePmdMapped:        0 kB
Node 0 HugePages_Total:     0
Node 0 HugePages_Free:      0
Node 0 HugePages_Surp:      0

Node 1 MemTotal:       24686196 kB
Node 1 MemFree:        23701160 kB
Node 1 MemUsed:          985036 kB
Node 1 Active:            54840 kB
Node 1 Inactive:          57240 kB
Node 1 Active(anon):      20112 kB
Node 1 Inactive(anon):      548 kB
Node 1 Active(file):      34728 kB
Node 1 Inactive(file):    56692 kB
Node 1 Unevictable:        1332 kB
Node 1 Mlocked:            1332 kB
Node 1 Dirty:                28 kB
Node 1 Writeback:             0 kB
Node 1 FilePages:         93492 kB
Node 1 Mapped:            14988 kB
Node 1 AnonPages:         19888 kB
Node 1 Shmem:               740 kB
Node 1 KernelStack:        1688 kB
Node 1 PageTables:          548 kB
Node 1 NFS_Unstable:          0 kB
Node 1 Bounce:                0 kB
Node 1 WritebackTmp:          0 kB
Node 1 KReclaimable:      17384 kB
Node 1 Slab:              52024 kB
Node 1 SReclaimable:      17384 kB
Node 1 SUnreclaim:        34640 kB
Node 1 AnonHugePages:         0 kB
Node 1 ShmemHugePages:        0 kB
Node 1 ShmemPmdMapped:        0 kB
Node 1 FileHugePages:        0 kB
Node 1 FilePmdMapped:        0 kB
Node 1 HugePages_Total:     0
Node 1 HugePages_Free:      0
Node 1 HugePages_Surp:      0

U.0.bigfio.8G.2.O Complete!
