U.0.bigfio.500M.3.O
Begin
Node 0 MemTotal:       24743736 kB
Node 0 MemFree:        24501780 kB
Node 0 MemUsed:          241956 kB
Node 0 Active:            32104 kB
Node 0 Inactive:          54532 kB
Node 0 Active(anon):      14132 kB
Node 0 Inactive(anon):      440 kB
Node 0 Active(file):      17972 kB
Node 0 Inactive(file):    54092 kB
Node 0 Unevictable:       13928 kB
Node 0 Mlocked:           13928 kB
Node 0 Dirty:                 0 kB
Node 0 Writeback:             0 kB
Node 0 FilePages:         76340 kB
Node 0 Mapped:            46040 kB
Node 0 AnonPages:         24280 kB
Node 0 Shmem:               648 kB
Node 0 KernelStack:        2056 kB
Node 0 PageTables:          716 kB
Node 0 NFS_Unstable:          0 kB
Node 0 Bounce:                0 kB
Node 0 WritebackTmp:          0 kB
Node 0 KReclaimable:      20976 kB
Node 0 Slab:              54624 kB
Node 0 SReclaimable:      20976 kB
Node 0 SUnreclaim:        33648 kB
Node 0 AnonHugePages:         0 kB
Node 0 ShmemHugePages:        0 kB
Node 0 ShmemPmdMapped:        0 kB
Node 0 FileHugePages:        0 kB
Node 0 FilePmdMapped:        0 kB
Node 0 HugePages_Total:     0
Node 0 HugePages_Free:      0
Node 0 HugePages_Surp:      0

Node 1 MemTotal:       24686196 kB
Node 1 MemFree:        24286084 kB
Node 1 MemUsed:          400112 kB
Node 1 Active:            61964 kB
Node 1 Inactive:          66336 kB
Node 1 Active(anon):      19500 kB
Node 1 Inactive(anon):      444 kB
Node 1 Active(file):      42464 kB
Node 1 Inactive(file):    65892 kB
Node 1 Unevictable:        4592 kB
Node 1 Mlocked:            4592 kB
Node 1 Dirty:                 0 kB
Node 1 Writeback:             0 kB
Node 1 FilePages:        113580 kB
Node 1 Mapped:            23600 kB
Node 1 AnonPages:         19372 kB
Node 1 Shmem:               620 kB
Node 1 KernelStack:        1592 kB
Node 1 PageTables:          424 kB
Node 1 NFS_Unstable:          0 kB
Node 1 Bounce:                0 kB
Node 1 WritebackTmp:          0 kB
Node 1 KReclaimable:      21072 kB
Node 1 Slab:              52192 kB
Node 1 SReclaimable:      21072 kB
Node 1 SUnreclaim:        31120 kB
Node 1 AnonHugePages:         0 kB
Node 1 ShmemHugePages:        0 kB
Node 1 ShmemPmdMapped:        0 kB
Node 1 FileHugePages:        0 kB
Node 1 FilePmdMapped:        0 kB
Node 1 HugePages_Total:     0
Node 1 HugePages_Free:      0
Node 1 HugePages_Surp:      0

Load ZFS
Node 0 MemTotal:       24743736 kB
Node 0 MemFree:        24359172 kB
Node 0 MemUsed:          384564 kB
Node 0 Active:            35168 kB
Node 0 Inactive:          54992 kB
Node 0 Active(anon):      16008 kB
Node 0 Inactive(anon):      440 kB
Node 0 Active(file):      19160 kB
Node 0 Inactive(file):    54552 kB
Node 0 Unevictable:       13928 kB
Node 0 Mlocked:           13928 kB
Node 0 Dirty:                64 kB
Node 0 Writeback:             0 kB
Node 0 FilePages:         77964 kB
Node 0 Mapped:            46204 kB
Node 0 AnonPages:         26080 kB
Node 0 Shmem:               648 kB
Node 0 KernelStack:        2120 kB
Node 0 PageTables:          876 kB
Node 0 NFS_Unstable:          0 kB
Node 0 Bounce:                0 kB
Node 0 WritebackTmp:          0 kB
Node 0 KReclaimable:      21452 kB
Node 0 Slab:              56720 kB
Node 0 SReclaimable:      21452 kB
Node 0 SUnreclaim:        35268 kB
Node 0 AnonHugePages:         0 kB
Node 0 ShmemHugePages:        0 kB
Node 0 ShmemPmdMapped:        0 kB
Node 0 FileHugePages:        0 kB
Node 0 FilePmdMapped:        0 kB
Node 0 HugePages_Total:     0
Node 0 HugePages_Free:      0
Node 0 HugePages_Surp:      0

Node 1 MemTotal:       24686196 kB
Node 1 MemFree:        24420032 kB
Node 1 MemUsed:          266164 kB
Node 1 Active:            67420 kB
Node 1 Inactive:          61852 kB
Node 1 Active(anon):      19552 kB
Node 1 Inactive(anon):      444 kB
Node 1 Active(file):      47868 kB
Node 1 Inactive(file):    61408 kB
Node 1 Unevictable:        4592 kB
Node 1 Mlocked:            4592 kB
Node 1 Dirty:                 4 kB
Node 1 Writeback:             0 kB
Node 1 FilePages:        114484 kB
Node 1 Mapped:            23600 kB
Node 1 AnonPages:         19376 kB
Node 1 Shmem:               620 kB
Node 1 KernelStack:        1560 kB
Node 1 PageTables:          424 kB
Node 1 NFS_Unstable:          0 kB
Node 1 Bounce:                0 kB
Node 1 WritebackTmp:          0 kB
Node 1 KReclaimable:      21476 kB
Node 1 Slab:              53384 kB
Node 1 SReclaimable:      21476 kB
Node 1 SUnreclaim:        31908 kB
Node 1 AnonHugePages:         0 kB
Node 1 ShmemHugePages:        0 kB
Node 1 ShmemPmdMapped:        0 kB
Node 1 FileHugePages:        0 kB
Node 1 FilePmdMapped:        0 kB
Node 1 HugePages_Total:     0
Node 1 HugePages_Free:      0
Node 1 HugePages_Surp:      0

Import tank ZPool
Node 0 MemTotal:       24743736 kB
Node 0 MemFree:        24354812 kB
Node 0 MemUsed:          388924 kB
Node 0 Active:            33000 kB
Node 0 Inactive:          56132 kB
Node 0 Active(anon):      13532 kB
Node 0 Inactive(anon):      444 kB
Node 0 Active(file):      19468 kB
Node 0 Inactive(file):    55688 kB
Node 0 Unevictable:       13928 kB
Node 0 Mlocked:           13928 kB
Node 0 Dirty:               140 kB
Node 0 Writeback:             0 kB
Node 0 FilePages:         79416 kB
Node 0 Mapped:            46320 kB
Node 0 AnonPages:         23488 kB
Node 0 Shmem:               652 kB
Node 0 KernelStack:        2104 kB
Node 0 PageTables:          804 kB
Node 0 NFS_Unstable:          0 kB
Node 0 Bounce:                0 kB
Node 0 WritebackTmp:          0 kB
Node 0 KReclaimable:      21572 kB
Node 0 Slab:              62128 kB
Node 0 SReclaimable:      21572 kB
Node 0 SUnreclaim:        40556 kB
Node 0 AnonHugePages:         0 kB
Node 0 ShmemHugePages:        0 kB
Node 0 ShmemPmdMapped:        0 kB
Node 0 FileHugePages:        0 kB
Node 0 FilePmdMapped:        0 kB
Node 0 HugePages_Total:     0
Node 0 HugePages_Free:      0
Node 0 HugePages_Surp:      0

Node 1 MemTotal:       24686196 kB
Node 1 MemFree:        24405996 kB
Node 1 MemUsed:          280200 kB
Node 1 Active:            67460 kB
Node 1 Inactive:          61812 kB
Node 1 Active(anon):      19548 kB
Node 1 Inactive(anon):      444 kB
Node 1 Active(file):      47912 kB
Node 1 Inactive(file):    61368 kB
Node 1 Unevictable:        4592 kB
Node 1 Mlocked:            4592 kB
Node 1 Dirty:                36 kB
Node 1 Writeback:             0 kB
Node 1 FilePages:        114508 kB
Node 1 Mapped:            23800 kB
Node 1 AnonPages:         19376 kB
Node 1 Shmem:               616 kB
Node 1 KernelStack:        2712 kB
Node 1 PageTables:          424 kB
Node 1 NFS_Unstable:          0 kB
Node 1 Bounce:                0 kB
Node 1 WritebackTmp:          0 kB
Node 1 KReclaimable:      21476 kB
Node 1 Slab:              55736 kB
Node 1 SReclaimable:      21476 kB
Node 1 SUnreclaim:        34260 kB
Node 1 AnonHugePages:         0 kB
Node 1 ShmemHugePages:        0 kB
Node 1 ShmemPmdMapped:        0 kB
Node 1 FileHugePages:        0 kB
Node 1 FilePmdMapped:        0 kB
Node 1 HugePages_Total:     0
Node 1 HugePages_Free:      0
Node 1 HugePages_Surp:      0

After Test
Node 0 MemTotal:       24743736 kB
Node 0 MemFree:        23492284 kB
Node 0 MemUsed:         1251452 kB
Node 0 Active:            34112 kB
Node 0 Inactive:          57176 kB
Node 0 Active(anon):      13344 kB
Node 0 Inactive(anon):      480 kB
Node 0 Active(file):      20768 kB
Node 0 Inactive(file):    56696 kB
Node 0 Unevictable:       13928 kB
Node 0 Mlocked:           13928 kB
Node 0 Dirty:               172 kB
Node 0 Writeback:             0 kB
Node 0 FilePages:         81764 kB
Node 0 Mapped:            46280 kB
Node 0 AnonPages:         23388 kB
Node 0 Shmem:               696 kB
Node 0 KernelStack:        2104 kB
Node 0 PageTables:          832 kB
Node 0 NFS_Unstable:          0 kB
Node 0 Bounce:                0 kB
Node 0 WritebackTmp:          0 kB
Node 0 KReclaimable:      22884 kB
Node 0 Slab:              68788 kB
Node 0 SReclaimable:      22884 kB
Node 0 SUnreclaim:        45904 kB
Node 0 AnonHugePages:         0 kB
Node 0 ShmemHugePages:        0 kB
Node 0 ShmemPmdMapped:        0 kB
Node 0 FileHugePages:        0 kB
Node 0 FilePmdMapped:        0 kB
Node 0 HugePages_Total:     0
Node 0 HugePages_Free:      0
Node 0 HugePages_Surp:      0

Node 1 MemTotal:       24686196 kB
Node 1 MemFree:        24204800 kB
Node 1 MemUsed:          481396 kB
Node 1 Active:            67508 kB
Node 1 Inactive:          61812 kB
Node 1 Active(anon):      19548 kB
Node 1 Inactive(anon):      444 kB
Node 1 Active(file):      47960 kB
Node 1 Inactive(file):    61368 kB
Node 1 Unevictable:        4592 kB
Node 1 Mlocked:            4592 kB
Node 1 Dirty:                48 kB
Node 1 Writeback:             0 kB
Node 1 FilePages:        114532 kB
Node 1 Mapped:            23600 kB
Node 1 AnonPages:         19376 kB
Node 1 Shmem:               616 kB
Node 1 KernelStack:        2740 kB
Node 1 PageTables:          424 kB
Node 1 NFS_Unstable:          0 kB
Node 1 Bounce:                0 kB
Node 1 WritebackTmp:          0 kB
Node 1 KReclaimable:      21476 kB
Node 1 Slab:              56504 kB
Node 1 SReclaimable:      21476 kB
Node 1 SUnreclaim:        35028 kB
Node 1 AnonHugePages:         0 kB
Node 1 ShmemHugePages:        0 kB
Node 1 ShmemPmdMapped:        0 kB
Node 1 FileHugePages:        0 kB
Node 1 FilePmdMapped:        0 kB
Node 1 HugePages_Total:     0
Node 1 HugePages_Free:      0
Node 1 HugePages_Surp:      0

After Opposite Node
Node 0 MemTotal:       24743736 kB
Node 0 MemFree:        23492912 kB
Node 0 MemUsed:         1250824 kB
Node 0 Active:            34204 kB
Node 0 Inactive:          56928 kB
Node 0 Active(anon):      13204 kB
Node 0 Inactive(anon):      444 kB
Node 0 Active(file):      21000 kB
Node 0 Inactive(file):    56484 kB
Node 0 Unevictable:       13928 kB
Node 0 Mlocked:           13928 kB
Node 0 Dirty:               192 kB
Node 0 Writeback:             0 kB
Node 0 FilePages:         81740 kB
Node 0 Mapped:            46236 kB
Node 0 AnonPages:         23320 kB
Node 0 Shmem:               652 kB
Node 0 KernelStack:        2040 kB
Node 0 PageTables:          672 kB
Node 0 NFS_Unstable:          0 kB
Node 0 Bounce:                0 kB
Node 0 WritebackTmp:          0 kB
Node 0 KReclaimable:      22900 kB
Node 0 Slab:              68820 kB
Node 0 SReclaimable:      22900 kB
Node 0 SUnreclaim:        45920 kB
Node 0 AnonHugePages:         0 kB
Node 0 ShmemHugePages:        0 kB
Node 0 ShmemPmdMapped:        0 kB
Node 0 FileHugePages:        0 kB
Node 0 FilePmdMapped:        0 kB
Node 0 HugePages_Total:     0
Node 0 HugePages_Free:      0
Node 0 HugePages_Surp:      0

Node 1 MemTotal:       24686196 kB
Node 1 MemFree:        24201092 kB
Node 1 MemUsed:          485104 kB
Node 1 Active:            67688 kB
Node 1 Inactive:          61848 kB
Node 1 Active(anon):      19724 kB
Node 1 Inactive(anon):      472 kB
Node 1 Active(file):      47964 kB
Node 1 Inactive(file):    61376 kB
Node 1 Unevictable:        4592 kB
Node 1 Mlocked:            4592 kB
Node 1 Dirty:                56 kB
Node 1 Writeback:             0 kB
Node 1 FilePages:        114588 kB
Node 1 Mapped:            23644 kB
Node 1 AnonPages:         19488 kB
Node 1 Shmem:               660 kB
Node 1 KernelStack:        2776 kB
Node 1 PageTables:          596 kB
Node 1 NFS_Unstable:          0 kB
Node 1 Bounce:                0 kB
Node 1 WritebackTmp:          0 kB
Node 1 KReclaimable:      21556 kB
Node 1 Slab:              56896 kB
Node 1 SReclaimable:      21556 kB
Node 1 SUnreclaim:        35340 kB
Node 1 AnonHugePages:         0 kB
Node 1 ShmemHugePages:        0 kB
Node 1 ShmemPmdMapped:        0 kB
Node 1 FileHugePages:        0 kB
Node 1 FilePmdMapped:        0 kB
Node 1 HugePages_Total:     0
Node 1 HugePages_Free:      0
Node 1 HugePages_Surp:      0

U.0.bigfio.500M.3.O Complete!
