U.0.smallfio.16G.1.O
Begin
Node 0 MemTotal:       24743736 kB
Node 0 MemFree:        24384936 kB
Node 0 MemUsed:          358800 kB
Node 0 Active:            31476 kB
Node 0 Inactive:          49416 kB
Node 0 Active(anon):      13564 kB
Node 0 Inactive(anon):      396 kB
Node 0 Active(file):      17912 kB
Node 0 Inactive(file):    49020 kB
Node 0 Unevictable:       13372 kB
Node 0 Mlocked:           13372 kB
Node 0 Dirty:                20 kB
Node 0 Writeback:             0 kB
Node 0 FilePages:         70588 kB
Node 0 Mapped:            34204 kB
Node 0 AnonPages:         23792 kB
Node 0 Shmem:               612 kB
Node 0 KernelStack:        2168 kB
Node 0 PageTables:          568 kB
Node 0 NFS_Unstable:          0 kB
Node 0 Bounce:                0 kB
Node 0 WritebackTmp:          0 kB
Node 0 KReclaimable:      17288 kB
Node 0 Slab:              48300 kB
Node 0 SReclaimable:      17288 kB
Node 0 SUnreclaim:        31012 kB
Node 0 AnonHugePages:         0 kB
Node 0 ShmemHugePages:        0 kB
Node 0 ShmemPmdMapped:        0 kB
Node 0 FileHugePages:        0 kB
Node 0 FilePmdMapped:        0 kB
Node 0 HugePages_Total:     0
Node 0 HugePages_Free:      0
Node 0 HugePages_Surp:      0

Node 1 MemTotal:       24686196 kB
Node 1 MemFree:        24406876 kB
Node 1 MemUsed:          279320 kB
Node 1 Active:            64664 kB
Node 1 Inactive:          68480 kB
Node 1 Active(anon):      20980 kB
Node 1 Inactive(anon):      476 kB
Node 1 Active(file):      43684 kB
Node 1 Inactive(file):    68004 kB
Node 1 Unevictable:        5148 kB
Node 1 Mlocked:            5148 kB
Node 1 Dirty:                44 kB
Node 1 Writeback:             0 kB
Node 1 FilePages:        117520 kB
Node 1 Mapped:            32772 kB
Node 1 AnonPages:         20840 kB
Node 1 Shmem:               656 kB
Node 1 KernelStack:        1464 kB
Node 1 PageTables:          620 kB
Node 1 NFS_Unstable:          0 kB
Node 1 Bounce:                0 kB
Node 1 WritebackTmp:          0 kB
Node 1 KReclaimable:      24244 kB
Node 1 Slab:              57344 kB
Node 1 SReclaimable:      24244 kB
Node 1 SUnreclaim:        33100 kB
Node 1 AnonHugePages:         0 kB
Node 1 ShmemHugePages:        0 kB
Node 1 ShmemPmdMapped:        0 kB
Node 1 FileHugePages:        0 kB
Node 1 FilePmdMapped:        0 kB
Node 1 HugePages_Total:     0
Node 1 HugePages_Free:      0
Node 1 HugePages_Surp:      0

Load ZFS
Node 0 MemTotal:       24743736 kB
Node 0 MemFree:        24509320 kB
Node 0 MemUsed:          234416 kB
Node 0 Active:            36956 kB
Node 0 Inactive:          49916 kB
Node 0 Active(anon):      18412 kB
Node 0 Inactive(anon):      396 kB
Node 0 Active(file):      18544 kB
Node 0 Inactive(file):    49520 kB
Node 0 Unevictable:       13372 kB
Node 0 Mlocked:           13372 kB
Node 0 Dirty:                40 kB
Node 0 Writeback:             0 kB
Node 0 FilePages:         71720 kB
Node 0 Mapped:            34396 kB
Node 0 AnonPages:         28656 kB
Node 0 Shmem:               612 kB
Node 0 KernelStack:        2232 kB
Node 0 PageTables:          820 kB
Node 0 NFS_Unstable:          0 kB
Node 0 Bounce:                0 kB
Node 0 WritebackTmp:          0 kB
Node 0 KReclaimable:      17712 kB
Node 0 Slab:              49788 kB
Node 0 SReclaimable:      17712 kB
Node 0 SUnreclaim:        32076 kB
Node 0 AnonHugePages:         0 kB
Node 0 ShmemHugePages:        0 kB
Node 0 ShmemPmdMapped:        0 kB
Node 0 FileHugePages:        0 kB
Node 0 FilePmdMapped:        0 kB
Node 0 HugePages_Total:     0
Node 0 HugePages_Free:      0
Node 0 HugePages_Surp:      0

Node 1 MemTotal:       24686196 kB
Node 1 MemFree:        24271476 kB
Node 1 MemUsed:          414720 kB
Node 1 Active:            71144 kB
Node 1 Inactive:          63972 kB
Node 1 Active(anon):      21528 kB
Node 1 Inactive(anon):      476 kB
Node 1 Active(file):      49616 kB
Node 1 Inactive(file):    63496 kB
Node 1 Unevictable:        5148 kB
Node 1 Mlocked:            5148 kB
Node 1 Dirty:                92 kB
Node 1 Writeback:             0 kB
Node 1 FilePages:        118916 kB
Node 1 Mapped:            32780 kB
Node 1 AnonPages:         21232 kB
Node 1 Shmem:               656 kB
Node 1 KernelStack:        1496 kB
Node 1 PageTables:          668 kB
Node 1 NFS_Unstable:          0 kB
Node 1 Bounce:                0 kB
Node 1 WritebackTmp:          0 kB
Node 1 KReclaimable:      24664 kB
Node 1 Slab:              59364 kB
Node 1 SReclaimable:      24664 kB
Node 1 SUnreclaim:        34700 kB
Node 1 AnonHugePages:         0 kB
Node 1 ShmemHugePages:        0 kB
Node 1 ShmemPmdMapped:        0 kB
Node 1 FileHugePages:        0 kB
Node 1 FilePmdMapped:        0 kB
Node 1 HugePages_Total:     0
Node 1 HugePages_Free:      0
Node 1 HugePages_Surp:      0

Import tank ZPool
Node 0 MemTotal:       24743736 kB
Node 0 MemFree:        24510296 kB
Node 0 MemUsed:          233440 kB
Node 0 Active:            36964 kB
Node 0 Inactive:          49916 kB
Node 0 Active(anon):      18420 kB
Node 0 Inactive(anon):      396 kB
Node 0 Active(file):      18544 kB
Node 0 Inactive(file):    49520 kB
Node 0 Unevictable:       13372 kB
Node 0 Mlocked:           13372 kB
Node 0 Dirty:                48 kB
Node 0 Writeback:             0 kB
Node 0 FilePages:         71716 kB
Node 0 Mapped:            34260 kB
Node 0 AnonPages:         28676 kB
Node 0 Shmem:               608 kB
Node 0 KernelStack:        2252 kB
Node 0 PageTables:          820 kB
Node 0 NFS_Unstable:          0 kB
Node 0 Bounce:                0 kB
Node 0 WritebackTmp:          0 kB
Node 0 KReclaimable:      17712 kB
Node 0 Slab:              49796 kB
Node 0 SReclaimable:      17712 kB
Node 0 SUnreclaim:        32084 kB
Node 0 AnonHugePages:         0 kB
Node 0 ShmemHugePages:        0 kB
Node 0 ShmemPmdMapped:        0 kB
Node 0 FileHugePages:        0 kB
Node 0 FilePmdMapped:        0 kB
Node 0 HugePages_Total:     0
Node 0 HugePages_Free:      0
Node 0 HugePages_Surp:      0

Node 1 MemTotal:       24686196 kB
Node 1 MemFree:        24251500 kB
Node 1 MemUsed:          434696 kB
Node 1 Active:            71924 kB
Node 1 Inactive:          65060 kB
Node 1 Active(anon):      21820 kB
Node 1 Inactive(anon):      480 kB
Node 1 Active(file):      50104 kB
Node 1 Inactive(file):    64580 kB
Node 1 Unevictable:        5148 kB
Node 1 Mlocked:            5148 kB
Node 1 Dirty:               124 kB
Node 1 Writeback:             0 kB
Node 1 FilePages:        120496 kB
Node 1 Mapped:            33036 kB
Node 1 AnonPages:         21312 kB
Node 1 Shmem:               660 kB
Node 1 KernelStack:        2648 kB
Node 1 PageTables:          744 kB
Node 1 NFS_Unstable:          0 kB
Node 1 Bounce:                0 kB
Node 1 WritebackTmp:          0 kB
Node 1 KReclaimable:      24764 kB
Node 1 Slab:              66480 kB
Node 1 SReclaimable:      24764 kB
Node 1 SUnreclaim:        41716 kB
Node 1 AnonHugePages:         0 kB
Node 1 ShmemHugePages:        0 kB
Node 1 ShmemPmdMapped:        0 kB
Node 1 FileHugePages:        0 kB
Node 1 FilePmdMapped:        0 kB
Node 1 HugePages_Total:     0
Node 1 HugePages_Free:      0
Node 1 HugePages_Surp:      0

After Test
Node 0 MemTotal:       24743736 kB
Node 0 MemFree:         8222040 kB
Node 0 MemUsed:        16521696 kB
Node 0 Active:            32252 kB
Node 0 Inactive:          51712 kB
Node 0 Active(anon):      12768 kB
Node 0 Inactive(anon):      428 kB
Node 0 Active(file):      19484 kB
Node 0 Inactive(file):    51284 kB
Node 0 Unevictable:       13372 kB
Node 0 Mlocked:           13372 kB
Node 0 Dirty:                12 kB
Node 0 Writeback:             0 kB
Node 0 FilePages:         74460 kB
Node 0 Mapped:            34508 kB
Node 0 AnonPages:         22740 kB
Node 0 Shmem:               648 kB
Node 0 KernelStack:        1992 kB
Node 0 PageTables:          576 kB
Node 0 NFS_Unstable:          0 kB
Node 0 Bounce:                0 kB
Node 0 WritebackTmp:          0 kB
Node 0 KReclaimable:      19288 kB
Node 0 Slab:             108444 kB
Node 0 SReclaimable:      19288 kB
Node 0 SUnreclaim:        89156 kB
Node 0 AnonHugePages:         0 kB
Node 0 ShmemHugePages:        0 kB
Node 0 ShmemPmdMapped:        0 kB
Node 0 FileHugePages:        0 kB
Node 0 FilePmdMapped:        0 kB
Node 0 HugePages_Total:     0
Node 0 HugePages_Free:      0
Node 0 HugePages_Surp:      0

Node 1 MemTotal:       24686196 kB
Node 1 MemFree:        22883784 kB
Node 1 MemUsed:         1802412 kB
Node 1 Active:            71208 kB
Node 1 Inactive:          64664 kB
Node 1 Active(anon):      20304 kB
Node 1 Inactive(anon):      484 kB
Node 1 Active(file):      50904 kB
Node 1 Inactive(file):    64180 kB
Node 1 Unevictable:        5148 kB
Node 1 Mlocked:            5148 kB
Node 1 Dirty:                12 kB
Node 1 Writeback:             0 kB
Node 1 FilePages:        120952 kB
Node 1 Mapped:            32784 kB
Node 1 AnonPages:         20124 kB
Node 1 Shmem:               664 kB
Node 1 KernelStack:        2456 kB
Node 1 PageTables:          640 kB
Node 1 NFS_Unstable:          0 kB
Node 1 Bounce:                0 kB
Node 1 WritebackTmp:          0 kB
Node 1 KReclaimable:      24980 kB
Node 1 Slab:              71640 kB
Node 1 SReclaimable:      24980 kB
Node 1 SUnreclaim:        46660 kB
Node 1 AnonHugePages:         0 kB
Node 1 ShmemHugePages:        0 kB
Node 1 ShmemPmdMapped:        0 kB
Node 1 FileHugePages:        0 kB
Node 1 FilePmdMapped:        0 kB
Node 1 HugePages_Total:     0
Node 1 HugePages_Free:      0
Node 1 HugePages_Surp:      0

After Opposite Node
Node 0 MemTotal:       24743736 kB
Node 0 MemFree:         8217436 kB
Node 0 MemUsed:        16526300 kB
Node 0 Active:            32240 kB
Node 0 Inactive:          51532 kB
Node 0 Active(anon):      12564 kB
Node 0 Inactive(anon):      392 kB
Node 0 Active(file):      19676 kB
Node 0 Inactive(file):    51140 kB
Node 0 Unevictable:       13372 kB
Node 0 Mlocked:           13372 kB
Node 0 Dirty:                 0 kB
Node 0 Writeback:             0 kB
Node 0 FilePages:         74536 kB
Node 0 Mapped:            34468 kB
Node 0 AnonPages:         22676 kB
Node 0 Shmem:               604 kB
Node 0 KernelStack:        1960 kB
Node 0 PageTables:          460 kB
Node 0 NFS_Unstable:          0 kB
Node 0 Bounce:                0 kB
Node 0 WritebackTmp:          0 kB
Node 0 KReclaimable:      19480 kB
Node 0 Slab:             109004 kB
Node 0 SReclaimable:      19480 kB
Node 0 SUnreclaim:        89524 kB
Node 0 AnonHugePages:         0 kB
Node 0 ShmemHugePages:        0 kB
Node 0 ShmemPmdMapped:        0 kB
Node 0 FileHugePages:        0 kB
Node 0 FilePmdMapped:        0 kB
Node 0 HugePages_Total:     0
Node 0 HugePages_Free:      0
Node 0 HugePages_Surp:      0

Node 1 MemTotal:       24686196 kB
Node 1 MemFree:        22884392 kB
Node 1 MemUsed:         1801804 kB
Node 1 Active:            71516 kB
Node 1 Inactive:          64688 kB
Node 1 Active(anon):      20496 kB
Node 1 Inactive(anon):      512 kB
Node 1 Active(file):      51020 kB
Node 1 Inactive(file):    64176 kB
Node 1 Unevictable:        5148 kB
Node 1 Mlocked:            5148 kB
Node 1 Dirty:                 0 kB
Node 1 Writeback:             0 kB
Node 1 FilePages:        121052 kB
Node 1 Mapped:            32828 kB
Node 1 AnonPages:         20252 kB
Node 1 Shmem:               708 kB
Node 1 KernelStack:        2504 kB
Node 1 PageTables:          816 kB
Node 1 NFS_Unstable:          0 kB
Node 1 Bounce:                0 kB
Node 1 WritebackTmp:          0 kB
Node 1 KReclaimable:      25072 kB
Node 1 Slab:              73776 kB
Node 1 SReclaimable:      25072 kB
Node 1 SUnreclaim:        48704 kB
Node 1 AnonHugePages:         0 kB
Node 1 ShmemHugePages:        0 kB
Node 1 ShmemPmdMapped:        0 kB
Node 1 FileHugePages:        0 kB
Node 1 FilePmdMapped:        0 kB
Node 1 HugePages_Total:     0
Node 1 HugePages_Free:      0
Node 1 HugePages_Surp:      0

U.0.smallfio.16G.1.O Complete!
