U.0.smallfio.500M.3.O
Begin
Node 0 MemTotal:       24743736 kB
Node 0 MemFree:        24379616 kB
Node 0 MemUsed:          364120 kB
Node 0 Active:            51976 kB
Node 0 Inactive:          31096 kB
Node 0 Active(anon):      15184 kB
Node 0 Inactive(anon):      524 kB
Node 0 Active(file):      36792 kB
Node 0 Inactive(file):    30572 kB
Node 0 Unevictable:       13320 kB
Node 0 Mlocked:           13320 kB
Node 0 Dirty:                 4 kB
Node 0 Writeback:             0 kB
Node 0 FilePages:         71240 kB
Node 0 Mapped:            18432 kB
Node 0 AnonPages:         25328 kB
Node 0 Shmem:               736 kB
Node 0 KernelStack:        2152 kB
Node 0 PageTables:          500 kB
Node 0 NFS_Unstable:          0 kB
Node 0 Bounce:                0 kB
Node 0 WritebackTmp:          0 kB
Node 0 KReclaimable:      18272 kB
Node 0 Slab:              52192 kB
Node 0 SReclaimable:      18272 kB
Node 0 SUnreclaim:        33920 kB
Node 0 AnonHugePages:         0 kB
Node 0 ShmemHugePages:        0 kB
Node 0 ShmemPmdMapped:        0 kB
Node 0 FileHugePages:        0 kB
Node 0 FilePmdMapped:        0 kB
Node 0 HugePages_Total:     0
Node 0 HugePages_Free:      0
Node 0 HugePages_Surp:      0

Node 1 MemTotal:       24686196 kB
Node 1 MemFree:        24407952 kB
Node 1 MemUsed:          278244 kB
Node 1 Active:            43696 kB
Node 1 Inactive:          88176 kB
Node 1 Active(anon):      18604 kB
Node 1 Inactive(anon):      348 kB
Node 1 Active(file):      25092 kB
Node 1 Inactive(file):    87828 kB
Node 1 Unevictable:        5200 kB
Node 1 Mlocked:            5200 kB
Node 1 Dirty:               412 kB
Node 1 Writeback:             0 kB
Node 1 FilePages:        118648 kB
Node 1 Mapped:            53524 kB
Node 1 AnonPages:         18504 kB
Node 1 Shmem:               532 kB
Node 1 KernelStack:        1480 kB
Node 1 PageTables:          676 kB
Node 1 NFS_Unstable:          0 kB
Node 1 Bounce:                0 kB
Node 1 WritebackTmp:          0 kB
Node 1 KReclaimable:      23920 kB
Node 1 Slab:              55652 kB
Node 1 SReclaimable:      23920 kB
Node 1 SUnreclaim:        31732 kB
Node 1 AnonHugePages:         0 kB
Node 1 ShmemHugePages:        0 kB
Node 1 ShmemPmdMapped:        0 kB
Node 1 FileHugePages:        0 kB
Node 1 FilePmdMapped:        0 kB
Node 1 HugePages_Total:     0
Node 1 HugePages_Free:      0
Node 1 HugePages_Surp:      0

Load ZFS
Node 0 MemTotal:       24743736 kB
Node 0 MemFree:        24504804 kB
Node 0 MemUsed:          238932 kB
Node 0 Active:            61084 kB
Node 0 Inactive:          26480 kB
Node 0 Active(anon):      17972 kB
Node 0 Inactive(anon):      524 kB
Node 0 Active(file):      43112 kB
Node 0 Inactive(file):    25956 kB
Node 0 Unevictable:       13320 kB
Node 0 Mlocked:           13320 kB
Node 0 Dirty:                32 kB
Node 0 Writeback:             0 kB
Node 0 FilePages:         72804 kB
Node 0 Mapped:            18584 kB
Node 0 AnonPages:         27984 kB
Node 0 Shmem:               736 kB
Node 0 KernelStack:        2184 kB
Node 0 PageTables:          584 kB
Node 0 NFS_Unstable:          0 kB
Node 0 Bounce:                0 kB
Node 0 WritebackTmp:          0 kB
Node 0 KReclaimable:      18860 kB
Node 0 Slab:              54040 kB
Node 0 SReclaimable:      18860 kB
Node 0 SUnreclaim:        35180 kB
Node 0 AnonHugePages:         0 kB
Node 0 ShmemHugePages:        0 kB
Node 0 ShmemPmdMapped:        0 kB
Node 0 FileHugePages:        0 kB
Node 0 FilePmdMapped:        0 kB
Node 0 HugePages_Total:     0
Node 0 HugePages_Free:      0
Node 0 HugePages_Surp:      0

Node 1 MemTotal:       24686196 kB
Node 1 MemFree:        24269740 kB
Node 1 MemUsed:          416456 kB
Node 1 Active:            48780 kB
Node 1 Inactive:          88796 kB
Node 1 Active(anon):      23324 kB
Node 1 Inactive(anon):      348 kB
Node 1 Active(file):      25456 kB
Node 1 Inactive(file):    88448 kB
Node 1 Unevictable:        5200 kB
Node 1 Mlocked:            5200 kB
Node 1 Dirty:               244 kB
Node 1 Writeback:             0 kB
Node 1 FilePages:        119632 kB
Node 1 Mapped:            53552 kB
Node 1 AnonPages:         23236 kB
Node 1 Shmem:               532 kB
Node 1 KernelStack:        1624 kB
Node 1 PageTables:         1048 kB
Node 1 NFS_Unstable:          0 kB
Node 1 Bounce:                0 kB
Node 1 WritebackTmp:          0 kB
Node 1 KReclaimable:      24356 kB
Node 1 Slab:              58204 kB
Node 1 SReclaimable:      24356 kB
Node 1 SUnreclaim:        33848 kB
Node 1 AnonHugePages:         0 kB
Node 1 ShmemHugePages:        0 kB
Node 1 ShmemPmdMapped:        0 kB
Node 1 FileHugePages:        0 kB
Node 1 FilePmdMapped:        0 kB
Node 1 HugePages_Total:     0
Node 1 HugePages_Free:      0
Node 1 HugePages_Surp:      0

Import tank ZPool
Node 0 MemTotal:       24743736 kB
Node 0 MemFree:        24498768 kB
Node 0 MemUsed:          244968 kB
Node 0 Active:            61412 kB
Node 0 Inactive:          27616 kB
Node 0 Active(anon):      18000 kB
Node 0 Inactive(anon):      528 kB
Node 0 Active(file):      43412 kB
Node 0 Inactive(file):    27088 kB
Node 0 Unevictable:       13320 kB
Node 0 Mlocked:           13320 kB
Node 0 Dirty:                32 kB
Node 0 Writeback:             0 kB
Node 0 FilePages:         74236 kB
Node 0 Mapped:            18712 kB
Node 0 AnonPages:         28236 kB
Node 0 Shmem:               740 kB
Node 0 KernelStack:        2216 kB
Node 0 PageTables:          652 kB
Node 0 NFS_Unstable:          0 kB
Node 0 Bounce:                0 kB
Node 0 WritebackTmp:          0 kB
Node 0 KReclaimable:      18960 kB
Node 0 Slab:              58408 kB
Node 0 SReclaimable:      18960 kB
Node 0 SUnreclaim:        39448 kB
Node 0 AnonHugePages:         0 kB
Node 0 ShmemHugePages:        0 kB
Node 0 ShmemPmdMapped:        0 kB
Node 0 FileHugePages:        0 kB
Node 0 FilePmdMapped:        0 kB
Node 0 HugePages_Total:     0
Node 0 HugePages_Free:      0
Node 0 HugePages_Surp:      0

Node 1 MemTotal:       24686196 kB
Node 1 MemFree:        24256840 kB
Node 1 MemUsed:          429356 kB
Node 1 Active:            48848 kB
Node 1 Inactive:          88800 kB
Node 1 Active(anon):      23392 kB
Node 1 Inactive(anon):      348 kB
Node 1 Active(file):      25456 kB
Node 1 Inactive(file):    88452 kB
Node 1 Unevictable:        5200 kB
Node 1 Mlocked:            5200 kB
Node 1 Dirty:               264 kB
Node 1 Writeback:             0 kB
Node 1 FilePages:        119632 kB
Node 1 Mapped:            53776 kB
Node 1 AnonPages:         23236 kB
Node 1 Shmem:               528 kB
Node 1 KernelStack:        2712 kB
Node 1 PageTables:         1048 kB
Node 1 NFS_Unstable:          0 kB
Node 1 Bounce:                0 kB
Node 1 WritebackTmp:          0 kB
Node 1 KReclaimable:      24372 kB
Node 1 Slab:              60924 kB
Node 1 SReclaimable:      24372 kB
Node 1 SUnreclaim:        36552 kB
Node 1 AnonHugePages:         0 kB
Node 1 ShmemHugePages:        0 kB
Node 1 ShmemPmdMapped:        0 kB
Node 1 FileHugePages:        0 kB
Node 1 FilePmdMapped:        0 kB
Node 1 HugePages_Total:     0
Node 1 HugePages_Free:      0
Node 1 HugePages_Surp:      0

After Test
Node 0 MemTotal:       24743736 kB
Node 0 MemFree:        23980892 kB
Node 0 MemUsed:          762844 kB
Node 0 Active:            60192 kB
Node 0 Inactive:          28684 kB
Node 0 Active(anon):      15452 kB
Node 0 Inactive(anon):      560 kB
Node 0 Active(file):      44740 kB
Node 0 Inactive(file):    28124 kB
Node 0 Unevictable:       13320 kB
Node 0 Mlocked:           13320 kB
Node 0 Dirty:                20 kB
Node 0 Writeback:             0 kB
Node 0 FilePages:         76640 kB
Node 0 Mapped:            18664 kB
Node 0 AnonPages:         25500 kB
Node 0 Shmem:               780 kB
Node 0 KernelStack:        2216 kB
Node 0 PageTables:          740 kB
Node 0 NFS_Unstable:          0 kB
Node 0 Bounce:                0 kB
Node 0 WritebackTmp:          0 kB
Node 0 KReclaimable:      20296 kB
Node 0 Slab:              64360 kB
Node 0 SReclaimable:      20296 kB
Node 0 SUnreclaim:        44064 kB
Node 0 AnonHugePages:         0 kB
Node 0 ShmemHugePages:        0 kB
Node 0 ShmemPmdMapped:        0 kB
Node 0 FileHugePages:        0 kB
Node 0 FilePmdMapped:        0 kB
Node 0 HugePages_Total:     0
Node 0 HugePages_Free:      0
Node 0 HugePages_Surp:      0

Node 1 MemTotal:       24686196 kB
Node 1 MemFree:        23711768 kB
Node 1 MemUsed:          974428 kB
Node 1 Active:            42932 kB
Node 1 Inactive:          88844 kB
Node 1 Active(anon):      17436 kB
Node 1 Inactive(anon):      352 kB
Node 1 Active(file):      25496 kB
Node 1 Inactive(file):    88492 kB
Node 1 Unevictable:        5200 kB
Node 1 Mlocked:            5200 kB
Node 1 Dirty:               180 kB
Node 1 Writeback:             0 kB
Node 1 FilePages:        119716 kB
Node 1 Mapped:            53616 kB
Node 1 AnonPages:         17256 kB
Node 1 Shmem:               532 kB
Node 1 KernelStack:        2536 kB
Node 1 PageTables:          584 kB
Node 1 NFS_Unstable:          0 kB
Node 1 Bounce:                0 kB
Node 1 WritebackTmp:          0 kB
Node 1 KReclaimable:      24420 kB
Node 1 Slab:              63148 kB
Node 1 SReclaimable:      24420 kB
Node 1 SUnreclaim:        38728 kB
Node 1 AnonHugePages:         0 kB
Node 1 ShmemHugePages:        0 kB
Node 1 ShmemPmdMapped:        0 kB
Node 1 FileHugePages:        0 kB
Node 1 FilePmdMapped:        0 kB
Node 1 HugePages_Total:     0
Node 1 HugePages_Free:      0
Node 1 HugePages_Surp:      0

After Opposite Node
Node 0 MemTotal:       24743736 kB
Node 0 MemFree:        23982936 kB
Node 0 MemUsed:          760800 kB
Node 0 Active:            60232 kB
Node 0 Inactive:          28460 kB
Node 0 Active(anon):      15276 kB
Node 0 Inactive(anon):      524 kB
Node 0 Active(file):      44956 kB
Node 0 Inactive(file):    27936 kB
Node 0 Unevictable:       13320 kB
Node 0 Mlocked:           13320 kB
Node 0 Dirty:                48 kB
Node 0 Writeback:             0 kB
Node 0 FilePages:         76624 kB
Node 0 Mapped:            18632 kB
Node 0 AnonPages:         25388 kB
Node 0 Shmem:               736 kB
Node 0 KernelStack:        2200 kB
Node 0 PageTables:          556 kB
Node 0 NFS_Unstable:          0 kB
Node 0 Bounce:                0 kB
Node 0 WritebackTmp:          0 kB
Node 0 KReclaimable:      20296 kB
Node 0 Slab:              64168 kB
Node 0 SReclaimable:      20296 kB
Node 0 SUnreclaim:        43872 kB
Node 0 AnonHugePages:         0 kB
Node 0 ShmemHugePages:        0 kB
Node 0 ShmemPmdMapped:        0 kB
Node 0 FileHugePages:        0 kB
Node 0 FilePmdMapped:        0 kB
Node 0 HugePages_Total:     0
Node 0 HugePages_Free:      0
Node 0 HugePages_Surp:      0

Node 1 MemTotal:       24686196 kB
Node 1 MemFree:        23710312 kB
Node 1 MemUsed:          975884 kB
Node 1 Active:            43112 kB
Node 1 Inactive:          88880 kB
Node 1 Active(anon):      17612 kB
Node 1 Inactive(anon):      380 kB
Node 1 Active(file):      25500 kB
Node 1 Inactive(file):    88500 kB
Node 1 Unevictable:        5200 kB
Node 1 Mlocked:            5200 kB
Node 1 Dirty:               192 kB
Node 1 Writeback:             0 kB
Node 1 FilePages:        119772 kB
Node 1 Mapped:            53660 kB
Node 1 AnonPages:         17376 kB
Node 1 Shmem:               576 kB
Node 1 KernelStack:        2552 kB
Node 1 PageTables:          760 kB
Node 1 NFS_Unstable:          0 kB
Node 1 Bounce:                0 kB
Node 1 WritebackTmp:          0 kB
Node 1 KReclaimable:      24460 kB
Node 1 Slab:              63532 kB
Node 1 SReclaimable:      24460 kB
Node 1 SUnreclaim:        39072 kB
Node 1 AnonHugePages:         0 kB
Node 1 ShmemHugePages:        0 kB
Node 1 ShmemPmdMapped:        0 kB
Node 1 FileHugePages:        0 kB
Node 1 FilePmdMapped:        0 kB
Node 1 HugePages_Total:     0
Node 1 HugePages_Free:      0
Node 1 HugePages_Surp:      0

U.0.smallfio.500M.3.O Complete!
