U.0.bigfio.4G.3.O
Begin
Node 0 MemTotal:       24768352 kB
Node 0 MemFree:        24497132 kB
Node 0 MemUsed:          271220 kB
Node 0 Active:            58776 kB
Node 0 Inactive:          63324 kB
Node 0 Active(anon):      21336 kB
Node 0 Inactive(anon):      456 kB
Node 0 Active(file):      37440 kB
Node 0 Inactive(file):    62868 kB
Node 0 Unevictable:        5120 kB
Node 0 Mlocked:            5120 kB
Node 0 Dirty:               136 kB
Node 0 Writeback:             0 kB
Node 0 FilePages:        106064 kB
Node 0 Mapped:            34940 kB
Node 0 AnonPages:         21264 kB
Node 0 Shmem:               628 kB
Node 0 KernelStack:        2024 kB
Node 0 PageTables:          592 kB
Node 0 NFS_Unstable:          0 kB
Node 0 Bounce:                0 kB
Node 0 WritebackTmp:          0 kB
Node 0 KReclaimable:      24660 kB
Node 0 Slab:              62672 kB
Node 0 SReclaimable:      24660 kB
Node 0 SUnreclaim:        38012 kB
Node 0 AnonHugePages:         0 kB
Node 0 ShmemHugePages:        0 kB
Node 0 ShmemPmdMapped:        0 kB
Node 0 FileHugePages:        0 kB
Node 0 FilePmdMapped:        0 kB
Node 0 HugePages_Total:     0
Node 0 HugePages_Free:      0
Node 0 HugePages_Surp:      0

Node 1 MemTotal:       24661580 kB
Node 1 MemFree:        24320552 kB
Node 1 MemUsed:          341028 kB
Node 1 Active:            36200 kB
Node 1 Inactive:          30000 kB
Node 1 Active(anon):      12464 kB
Node 1 Inactive(anon):      424 kB
Node 1 Active(file):      23736 kB
Node 1 Inactive(file):    29576 kB
Node 1 Unevictable:       13400 kB
Node 1 Mlocked:           13400 kB
Node 1 Dirty:                44 kB
Node 1 Writeback:             0 kB
Node 1 FilePages:         57028 kB
Node 1 Mapped:            13592 kB
Node 1 AnonPages:         22608 kB
Node 1 Shmem:               640 kB
Node 1 KernelStack:        1544 kB
Node 1 PageTables:          452 kB
Node 1 NFS_Unstable:          0 kB
Node 1 Bounce:                0 kB
Node 1 WritebackTmp:          0 kB
Node 1 KReclaimable:      16944 kB
Node 1 Slab:              42552 kB
Node 1 SReclaimable:      16944 kB
Node 1 SUnreclaim:        25608 kB
Node 1 AnonHugePages:         0 kB
Node 1 ShmemHugePages:        0 kB
Node 1 ShmemPmdMapped:        0 kB
Node 1 FileHugePages:        0 kB
Node 1 FilePmdMapped:        0 kB
Node 1 HugePages_Total:     0
Node 1 HugePages_Free:      0
Node 1 HugePages_Surp:      0

Load ZFS
Node 0 MemTotal:       24768352 kB
Node 0 MemFree:        24355636 kB
Node 0 MemUsed:          412716 kB
Node 0 Active:            61148 kB
Node 0 Inactive:          63704 kB
Node 0 Active(anon):      22572 kB
Node 0 Inactive(anon):      456 kB
Node 0 Active(file):      38576 kB
Node 0 Inactive(file):    63248 kB
Node 0 Unevictable:        5120 kB
Node 0 Mlocked:            5120 kB
Node 0 Dirty:               160 kB
Node 0 Writeback:             0 kB
Node 0 FilePages:        107568 kB
Node 0 Mapped:            35000 kB
Node 0 AnonPages:         22340 kB
Node 0 Shmem:               628 kB
Node 0 KernelStack:        1960 kB
Node 0 PageTables:          740 kB
Node 0 NFS_Unstable:          0 kB
Node 0 Bounce:                0 kB
Node 0 WritebackTmp:          0 kB
Node 0 KReclaimable:      25228 kB
Node 0 Slab:              64768 kB
Node 0 SReclaimable:      25228 kB
Node 0 SUnreclaim:        39540 kB
Node 0 AnonHugePages:         0 kB
Node 0 ShmemHugePages:        0 kB
Node 0 ShmemPmdMapped:        0 kB
Node 0 FileHugePages:        0 kB
Node 0 FilePmdMapped:        0 kB
Node 0 HugePages_Total:     0
Node 0 HugePages_Free:      0
Node 0 HugePages_Surp:      0

Node 1 MemTotal:       24661580 kB
Node 1 MemFree:        24452744 kB
Node 1 MemUsed:          208836 kB
Node 1 Active:            41696 kB
Node 1 Inactive:          25572 kB
Node 1 Active(anon):      12500 kB
Node 1 Inactive(anon):      424 kB
Node 1 Active(file):      29196 kB
Node 1 Inactive(file):    25148 kB
Node 1 Unevictable:       13400 kB
Node 1 Mlocked:           13400 kB
Node 1 Dirty:                48 kB
Node 1 Writeback:             0 kB
Node 1 FilePages:         58060 kB
Node 1 Mapped:            13752 kB
Node 1 AnonPages:         22608 kB
Node 1 Shmem:               640 kB
Node 1 KernelStack:        1688 kB
Node 1 PageTables:          452 kB
Node 1 NFS_Unstable:          0 kB
Node 1 Bounce:                0 kB
Node 1 WritebackTmp:          0 kB
Node 1 KReclaimable:      17444 kB
Node 1 Slab:              44504 kB
Node 1 SReclaimable:      17444 kB
Node 1 SUnreclaim:        27060 kB
Node 1 AnonHugePages:         0 kB
Node 1 ShmemHugePages:        0 kB
Node 1 ShmemPmdMapped:        0 kB
Node 1 FileHugePages:        0 kB
Node 1 FilePmdMapped:        0 kB
Node 1 HugePages_Total:     0
Node 1 HugePages_Free:      0
Node 1 HugePages_Surp:      0

Import tank ZPool
Node 0 MemTotal:       24768352 kB
Node 0 MemFree:        24349968 kB
Node 0 MemUsed:          418384 kB
Node 0 Active:            60364 kB
Node 0 Inactive:          64892 kB
Node 0 Active(anon):      21416 kB
Node 0 Inactive(anon):      460 kB
Node 0 Active(file):      38948 kB
Node 0 Inactive(file):    64432 kB
Node 0 Unevictable:        5120 kB
Node 0 Mlocked:            5120 kB
Node 0 Dirty:               200 kB
Node 0 Writeback:             0 kB
Node 0 FilePages:        109128 kB
Node 0 Mapped:            35172 kB
Node 0 AnonPages:         20900 kB
Node 0 Shmem:               628 kB
Node 0 KernelStack:        1960 kB
Node 0 PageTables:          728 kB
Node 0 NFS_Unstable:          0 kB
Node 0 Bounce:                0 kB
Node 0 WritebackTmp:          0 kB
Node 0 KReclaimable:      25332 kB
Node 0 Slab:              69448 kB
Node 0 SReclaimable:      25332 kB
Node 0 SUnreclaim:        44116 kB
Node 0 AnonHugePages:         0 kB
Node 0 ShmemHugePages:        0 kB
Node 0 ShmemPmdMapped:        0 kB
Node 0 FileHugePages:        0 kB
Node 0 FilePmdMapped:        0 kB
Node 0 HugePages_Total:     0
Node 0 HugePages_Free:      0
Node 0 HugePages_Surp:      0

Node 1 MemTotal:       24661580 kB
Node 1 MemFree:        24441108 kB
Node 1 MemUsed:          220472 kB
Node 1 Active:            41680 kB
Node 1 Inactive:          25532 kB
Node 1 Active(anon):      12440 kB
Node 1 Inactive(anon):      424 kB
Node 1 Active(file):      29240 kB
Node 1 Inactive(file):    25108 kB
Node 1 Unevictable:       13400 kB
Node 1 Mlocked:           13400 kB
Node 1 Dirty:                48 kB
Node 1 Writeback:             0 kB
Node 1 FilePages:         58064 kB
Node 1 Mapped:            13612 kB
Node 1 AnonPages:         22548 kB
Node 1 Shmem:               640 kB
Node 1 KernelStack:        2760 kB
Node 1 PageTables:          452 kB
Node 1 NFS_Unstable:          0 kB
Node 1 Bounce:                0 kB
Node 1 WritebackTmp:          0 kB
Node 1 KReclaimable:      17452 kB
Node 1 Slab:              46956 kB
Node 1 SReclaimable:      17452 kB
Node 1 SUnreclaim:        29504 kB
Node 1 AnonHugePages:         0 kB
Node 1 ShmemHugePages:        0 kB
Node 1 ShmemPmdMapped:        0 kB
Node 1 FileHugePages:        0 kB
Node 1 FilePmdMapped:        0 kB
Node 1 HugePages_Total:     0
Node 1 HugePages_Free:      0
Node 1 HugePages_Surp:      0

After Test
Node 0 MemTotal:       24768352 kB
Node 0 MemFree:        19788324 kB
Node 0 MemUsed:         4980028 kB
Node 0 Active:            61088 kB
Node 0 Inactive:          65888 kB
Node 0 Active(anon):      20828 kB
Node 0 Inactive(anon):      484 kB
Node 0 Active(file):      40260 kB
Node 0 Inactive(file):    65404 kB
Node 0 Unevictable:        5120 kB
Node 0 Mlocked:            5120 kB
Node 0 Dirty:                 8 kB
Node 0 Writeback:             0 kB
Node 0 FilePages:        111448 kB
Node 0 Mapped:            35268 kB
Node 0 AnonPages:         20552 kB
Node 0 Shmem:               668 kB
Node 0 KernelStack:        1912 kB
Node 0 PageTables:          704 kB
Node 0 NFS_Unstable:          0 kB
Node 0 Bounce:                0 kB
Node 0 WritebackTmp:          0 kB
Node 0 KReclaimable:      26736 kB
Node 0 Slab:              89456 kB
Node 0 SReclaimable:      26736 kB
Node 0 SUnreclaim:        62720 kB
Node 0 AnonHugePages:         0 kB
Node 0 ShmemHugePages:        0 kB
Node 0 ShmemPmdMapped:        0 kB
Node 0 FileHugePages:        0 kB
Node 0 FilePmdMapped:        0 kB
Node 0 HugePages_Total:     0
Node 0 HugePages_Free:      0
Node 0 HugePages_Surp:      0

Node 1 MemTotal:       24661580 kB
Node 1 MemFree:        23964224 kB
Node 1 MemUsed:          697356 kB
Node 1 Active:            41724 kB
Node 1 Inactive:          25496 kB
Node 1 Active(anon):      12444 kB
Node 1 Inactive(anon):      428 kB
Node 1 Active(file):      29280 kB
Node 1 Inactive(file):    25068 kB
Node 1 Unevictable:       13400 kB
Node 1 Mlocked:           13400 kB
Node 1 Dirty:                 0 kB
Node 1 Writeback:             0 kB
Node 1 FilePages:         58068 kB
Node 1 Mapped:            13592 kB
Node 1 AnonPages:         22552 kB
Node 1 Shmem:               644 kB
Node 1 KernelStack:        2664 kB
Node 1 PageTables:          452 kB
Node 1 NFS_Unstable:          0 kB
Node 1 Bounce:                0 kB
Node 1 WritebackTmp:          0 kB
Node 1 KReclaimable:      17492 kB
Node 1 Slab:              48536 kB
Node 1 SReclaimable:      17492 kB
Node 1 SUnreclaim:        31044 kB
Node 1 AnonHugePages:         0 kB
Node 1 ShmemHugePages:        0 kB
Node 1 ShmemPmdMapped:        0 kB
Node 1 FileHugePages:        0 kB
Node 1 FilePmdMapped:        0 kB
Node 1 HugePages_Total:     0
Node 1 HugePages_Free:      0
Node 1 HugePages_Surp:      0

After Opposite Node
Node 0 MemTotal:       24768352 kB
Node 0 MemFree:        19788664 kB
Node 0 MemUsed:         4979688 kB
Node 0 Active:            61124 kB
Node 0 Inactive:          65704 kB
Node 0 Active(anon):      20680 kB
Node 0 Inactive(anon):      456 kB
Node 0 Active(file):      40444 kB
Node 0 Inactive(file):    65248 kB
Node 0 Unevictable:        5120 kB
Node 0 Mlocked:            5120 kB
Node 0 Dirty:                56 kB
Node 0 Writeback:             0 kB
Node 0 FilePages:        111432 kB
Node 0 Mapped:            35224 kB
Node 0 AnonPages:         20512 kB
Node 0 Shmem:               624 kB
Node 0 KernelStack:        1880 kB
Node 0 PageTables:          584 kB
Node 0 NFS_Unstable:          0 kB
Node 0 Bounce:                0 kB
Node 0 WritebackTmp:          0 kB
Node 0 KReclaimable:      26736 kB
Node 0 Slab:              89336 kB
Node 0 SReclaimable:      26736 kB
Node 0 SUnreclaim:        62600 kB
Node 0 AnonHugePages:         0 kB
Node 0 ShmemHugePages:        0 kB
Node 0 ShmemPmdMapped:        0 kB
Node 0 FileHugePages:        0 kB
Node 0 FilePmdMapped:        0 kB
Node 0 HugePages_Total:     0
Node 0 HugePages_Free:      0
Node 0 HugePages_Surp:      0

Node 1 MemTotal:       24661580 kB
Node 1 MemFree:        23962084 kB
Node 1 MemUsed:          699496 kB
Node 1 Active:            42052 kB
Node 1 Inactive:          25532 kB
Node 1 Active(anon):      12768 kB
Node 1 Inactive(anon):      456 kB
Node 1 Active(file):      29284 kB
Node 1 Inactive(file):    25076 kB
Node 1 Unevictable:       13400 kB
Node 1 Mlocked:           13400 kB
Node 1 Dirty:                12 kB
Node 1 Writeback:             0 kB
Node 1 FilePages:         58124 kB
Node 1 Mapped:            13636 kB
Node 1 AnonPages:         22828 kB
Node 1 Shmem:               688 kB
Node 1 KernelStack:        2696 kB
Node 1 PageTables:          628 kB
Node 1 NFS_Unstable:          0 kB
Node 1 Bounce:                0 kB
Node 1 WritebackTmp:          0 kB
Node 1 KReclaimable:      17536 kB
Node 1 Slab:              49668 kB
Node 1 SReclaimable:      17536 kB
Node 1 SUnreclaim:        32132 kB
Node 1 AnonHugePages:         0 kB
Node 1 ShmemHugePages:        0 kB
Node 1 ShmemPmdMapped:        0 kB
Node 1 FileHugePages:        0 kB
Node 1 FilePmdMapped:        0 kB
Node 1 HugePages_Total:     0
Node 1 HugePages_Free:      0
Node 1 HugePages_Surp:      0

U.0.bigfio.4G.3.O Complete!
