U.0.smallfio.250M.3.O
Begin
Node 0 MemTotal:       24768352 kB
Node 0 MemFree:        24534976 kB
Node 0 MemUsed:          233376 kB
Node 0 Active:            33116 kB
Node 0 Inactive:          50888 kB
Node 0 Active(anon):      17660 kB
Node 0 Inactive(anon):      324 kB
Node 0 Active(file):      15456 kB
Node 0 Inactive(file):    50564 kB
Node 0 Unevictable:       13380 kB
Node 0 Mlocked:           13380 kB
Node 0 Dirty:               120 kB
Node 0 Writeback:             0 kB
Node 0 FilePages:         69716 kB
Node 0 Mapped:             9932 kB
Node 0 AnonPages:         27912 kB
Node 0 Shmem:               488 kB
Node 0 KernelStack:        2216 kB
Node 0 PageTables:          484 kB
Node 0 NFS_Unstable:          0 kB
Node 0 Bounce:                0 kB
Node 0 WritebackTmp:          0 kB
Node 0 KReclaimable:      17964 kB
Node 0 Slab:              48692 kB
Node 0 SReclaimable:      17964 kB
Node 0 SUnreclaim:        30728 kB
Node 0 AnonHugePages:         0 kB
Node 0 ShmemHugePages:        0 kB
Node 0 ShmemPmdMapped:        0 kB
Node 0 FileHugePages:        0 kB
Node 0 FilePmdMapped:        0 kB
Node 0 HugePages_Total:     0
Node 0 HugePages_Free:      0
Node 0 HugePages_Surp:      0

Node 1 MemTotal:       24661580 kB
Node 1 MemFree:        24287172 kB
Node 1 MemUsed:          374408 kB
Node 1 Active:            61304 kB
Node 1 Inactive:          36500 kB
Node 1 Active(anon):      15684 kB
Node 1 Inactive(anon):      564 kB
Node 1 Active(file):      45620 kB
Node 1 Inactive(file):    35936 kB
Node 1 Unevictable:        5140 kB
Node 1 Mlocked:            5140 kB
Node 1 Dirty:               408 kB
Node 1 Writeback:             0 kB
Node 1 FilePages:         87472 kB
Node 1 Mapped:            33196 kB
Node 1 AnonPages:         15512 kB
Node 1 Shmem:               780 kB
Node 1 KernelStack:        1448 kB
Node 1 PageTables:          564 kB
Node 1 NFS_Unstable:          0 kB
Node 1 Bounce:                0 kB
Node 1 WritebackTmp:          0 kB
Node 1 KReclaimable:      23500 kB
Node 1 Slab:              57432 kB
Node 1 SReclaimable:      23500 kB
Node 1 SUnreclaim:        33932 kB
Node 1 AnonHugePages:         0 kB
Node 1 ShmemHugePages:        0 kB
Node 1 ShmemPmdMapped:        0 kB
Node 1 FileHugePages:        0 kB
Node 1 FilePmdMapped:        0 kB
Node 1 HugePages_Total:     0
Node 1 HugePages_Free:      0
Node 1 HugePages_Surp:      0

Load ZFS
Node 0 MemTotal:       24768352 kB
Node 0 MemFree:        24396980 kB
Node 0 MemUsed:          371372 kB
Node 0 Active:            42556 kB
Node 0 Inactive:          46308 kB
Node 0 Active(anon):      20960 kB
Node 0 Inactive(anon):      324 kB
Node 0 Active(file):      21596 kB
Node 0 Inactive(file):    45984 kB
Node 0 Unevictable:       13380 kB
Node 0 Mlocked:           13380 kB
Node 0 Dirty:               120 kB
Node 0 Writeback:             0 kB
Node 0 FilePages:         71124 kB
Node 0 Mapped:            10076 kB
Node 0 AnonPages:         31048 kB
Node 0 Shmem:               488 kB
Node 0 KernelStack:        2280 kB
Node 0 PageTables:          980 kB
Node 0 NFS_Unstable:          0 kB
Node 0 Bounce:                0 kB
Node 0 WritebackTmp:          0 kB
Node 0 KReclaimable:      18496 kB
Node 0 Slab:              50568 kB
Node 0 SReclaimable:      18496 kB
Node 0 SUnreclaim:        32072 kB
Node 0 AnonHugePages:         0 kB
Node 0 ShmemHugePages:        0 kB
Node 0 ShmemPmdMapped:        0 kB
Node 0 FileHugePages:        0 kB
Node 0 FilePmdMapped:        0 kB
Node 0 HugePages_Total:     0
Node 0 HugePages_Free:      0
Node 0 HugePages_Surp:      0

Node 1 MemTotal:       24661580 kB
Node 1 MemFree:        24413044 kB
Node 1 MemUsed:          248536 kB
Node 1 Active:            64396 kB
Node 1 Inactive:          36908 kB
Node 1 Active(anon):      18080 kB
Node 1 Inactive(anon):      568 kB
Node 1 Active(file):      46316 kB
Node 1 Inactive(file):    36340 kB
Node 1 Unevictable:        5140 kB
Node 1 Mlocked:            5140 kB
Node 1 Dirty:               436 kB
Node 1 Writeback:             0 kB
Node 1 FilePages:         88572 kB
Node 1 Mapped:            33172 kB
Node 1 AnonPages:         17996 kB
Node 1 Shmem:               780 kB
Node 1 KernelStack:        1528 kB
Node 1 PageTables:          536 kB
Node 1 NFS_Unstable:          0 kB
Node 1 Bounce:                0 kB
Node 1 WritebackTmp:          0 kB
Node 1 KReclaimable:      24008 kB
Node 1 Slab:              59220 kB
Node 1 SReclaimable:      24008 kB
Node 1 SUnreclaim:        35212 kB
Node 1 AnonHugePages:         0 kB
Node 1 ShmemHugePages:        0 kB
Node 1 ShmemPmdMapped:        0 kB
Node 1 FileHugePages:        0 kB
Node 1 FilePmdMapped:        0 kB
Node 1 HugePages_Total:     0
Node 1 HugePages_Free:      0
Node 1 HugePages_Surp:      0

Import tank ZPool
Node 0 MemTotal:       24768352 kB
Node 0 MemFree:        24391376 kB
Node 0 MemUsed:          376976 kB
Node 0 Active:            43448 kB
Node 0 Inactive:          47192 kB
Node 0 Active(anon):      21228 kB
Node 0 Inactive(anon):      328 kB
Node 0 Active(file):      22220 kB
Node 0 Inactive(file):    46864 kB
Node 0 Unevictable:       13380 kB
Node 0 Mlocked:           13380 kB
Node 0 Dirty:               120 kB
Node 0 Writeback:             0 kB
Node 0 FilePages:         72640 kB
Node 0 Mapped:            10188 kB
Node 0 AnonPages:         31020 kB
Node 0 Shmem:               492 kB
Node 0 KernelStack:        2296 kB
Node 0 PageTables:         1064 kB
Node 0 NFS_Unstable:          0 kB
Node 0 Bounce:                0 kB
Node 0 WritebackTmp:          0 kB
Node 0 KReclaimable:      18628 kB
Node 0 Slab:              55212 kB
Node 0 SReclaimable:      18628 kB
Node 0 SUnreclaim:        36584 kB
Node 0 AnonHugePages:         0 kB
Node 0 ShmemHugePages:        0 kB
Node 0 ShmemPmdMapped:        0 kB
Node 0 FileHugePages:        0 kB
Node 0 FilePmdMapped:        0 kB
Node 0 HugePages_Total:     0
Node 0 HugePages_Free:      0
Node 0 HugePages_Surp:      0

Node 1 MemTotal:       24661580 kB
Node 1 MemFree:        24400664 kB
Node 1 MemUsed:          260916 kB
Node 1 Active:            64480 kB
Node 1 Inactive:          36904 kB
Node 1 Active(anon):      18132 kB
Node 1 Inactive(anon):      568 kB
Node 1 Active(file):      46348 kB
Node 1 Inactive(file):    36336 kB
Node 1 Unevictable:        5140 kB
Node 1 Mlocked:            5140 kB
Node 1 Dirty:               212 kB
Node 1 Writeback:             0 kB
Node 1 FilePages:         88596 kB
Node 1 Mapped:            33456 kB
Node 1 AnonPages:         17996 kB
Node 1 Shmem:               776 kB
Node 1 KernelStack:        2648 kB
Node 1 PageTables:          536 kB
Node 1 NFS_Unstable:          0 kB
Node 1 Bounce:                0 kB
Node 1 WritebackTmp:          0 kB
Node 1 KReclaimable:      24028 kB
Node 1 Slab:              61944 kB
Node 1 SReclaimable:      24028 kB
Node 1 SUnreclaim:        37916 kB
Node 1 AnonHugePages:         0 kB
Node 1 ShmemHugePages:        0 kB
Node 1 ShmemPmdMapped:        0 kB
Node 1 FileHugePages:        0 kB
Node 1 FilePmdMapped:        0 kB
Node 1 HugePages_Total:     0
Node 1 HugePages_Free:      0
Node 1 HugePages_Surp:      0

After Test
Node 0 MemTotal:       24768352 kB
Node 0 MemFree:        24008596 kB
Node 0 MemUsed:          759756 kB
Node 0 Active:            41164 kB
Node 0 Inactive:          48332 kB
Node 0 Active(anon):      17788 kB
Node 0 Inactive(anon):      352 kB
Node 0 Active(file):      23376 kB
Node 0 Inactive(file):    47980 kB
Node 0 Unevictable:       13380 kB
Node 0 Mlocked:           13380 kB
Node 0 Dirty:                24 kB
Node 0 Writeback:             0 kB
Node 0 FilePages:         74948 kB
Node 0 Mapped:            10164 kB
Node 0 AnonPages:         27844 kB
Node 0 Shmem:               536 kB
Node 0 KernelStack:        2120 kB
Node 0 PageTables:          592 kB
Node 0 NFS_Unstable:          0 kB
Node 0 Bounce:                0 kB
Node 0 WritebackTmp:          0 kB
Node 0 KReclaimable:      19932 kB
Node 0 Slab:              59252 kB
Node 0 SReclaimable:      19932 kB
Node 0 SUnreclaim:        39320 kB
Node 0 AnonHugePages:         0 kB
Node 0 ShmemHugePages:        0 kB
Node 0 ShmemPmdMapped:        0 kB
Node 0 FileHugePages:        0 kB
Node 0 FilePmdMapped:        0 kB
Node 0 HugePages_Total:     0
Node 0 HugePages_Free:      0
Node 0 HugePages_Surp:      0

Node 1 MemTotal:       24661580 kB
Node 1 MemFree:        24251836 kB
Node 1 MemUsed:          409744 kB
Node 1 Active:            61412 kB
Node 1 Inactive:          36904 kB
Node 1 Active(anon):      15064 kB
Node 1 Inactive(anon):      568 kB
Node 1 Active(file):      46348 kB
Node 1 Inactive(file):    36336 kB
Node 1 Unevictable:        5140 kB
Node 1 Mlocked:            5140 kB
Node 1 Dirty:               252 kB
Node 1 Writeback:             0 kB
Node 1 FilePages:         88596 kB
Node 1 Mapped:            33164 kB
Node 1 AnonPages:         14856 kB
Node 1 Shmem:               776 kB
Node 1 KernelStack:        2632 kB
Node 1 PageTables:          536 kB
Node 1 NFS_Unstable:          0 kB
Node 1 Bounce:                0 kB
Node 1 WritebackTmp:          0 kB
Node 1 KReclaimable:      24028 kB
Node 1 Slab:              62364 kB
Node 1 SReclaimable:      24028 kB
Node 1 SUnreclaim:        38336 kB
Node 1 AnonHugePages:         0 kB
Node 1 ShmemHugePages:        0 kB
Node 1 ShmemPmdMapped:        0 kB
Node 1 FileHugePages:        0 kB
Node 1 FilePmdMapped:        0 kB
Node 1 HugePages_Total:     0
Node 1 HugePages_Free:      0
Node 1 HugePages_Surp:      0

After Opposite Node
Node 0 MemTotal:       24768352 kB
Node 0 MemFree:        24009824 kB
Node 0 MemUsed:          758528 kB
Node 0 Active:            41216 kB
Node 0 Inactive:          48128 kB
Node 0 Active(anon):      17632 kB
Node 0 Inactive(anon):      328 kB
Node 0 Active(file):      23584 kB
Node 0 Inactive(file):    47800 kB
Node 0 Unevictable:       13380 kB
Node 0 Mlocked:           13380 kB
Node 0 Dirty:                68 kB
Node 0 Writeback:             0 kB
Node 0 FilePages:         74932 kB
Node 0 Mapped:            10144 kB
Node 0 AnonPages:         27792 kB
Node 0 Shmem:               492 kB
Node 0 KernelStack:        2136 kB
Node 0 PageTables:          472 kB
Node 0 NFS_Unstable:          0 kB
Node 0 Bounce:                0 kB
Node 0 WritebackTmp:          0 kB
Node 0 KReclaimable:      19944 kB
Node 0 Slab:              59256 kB
Node 0 SReclaimable:      19944 kB
Node 0 SUnreclaim:        39312 kB
Node 0 AnonHugePages:         0 kB
Node 0 ShmemHugePages:        0 kB
Node 0 ShmemPmdMapped:        0 kB
Node 0 FileHugePages:        0 kB
Node 0 FilePmdMapped:        0 kB
Node 0 HugePages_Total:     0
Node 0 HugePages_Free:      0
Node 0 HugePages_Surp:      0

Node 1 MemTotal:       24661580 kB
Node 1 MemFree:        24250656 kB
Node 1 MemUsed:          410924 kB
Node 1 Active:            61608 kB
Node 1 Inactive:          36940 kB
Node 1 Active(anon):      15256 kB
Node 1 Inactive(anon):      596 kB
Node 1 Active(file):      46352 kB
Node 1 Inactive(file):    36344 kB
Node 1 Unevictable:        5140 kB
Node 1 Mlocked:            5140 kB
Node 1 Dirty:               276 kB
Node 1 Writeback:             0 kB
Node 1 FilePages:         88652 kB
Node 1 Mapped:            33208 kB
Node 1 AnonPages:         14988 kB
Node 1 Shmem:               820 kB
Node 1 KernelStack:        2632 kB
Node 1 PageTables:          712 kB
Node 1 NFS_Unstable:          0 kB
Node 1 Bounce:                0 kB
Node 1 WritebackTmp:          0 kB
Node 1 KReclaimable:      24060 kB
Node 1 Slab:              62760 kB
Node 1 SReclaimable:      24060 kB
Node 1 SUnreclaim:        38700 kB
Node 1 AnonHugePages:         0 kB
Node 1 ShmemHugePages:        0 kB
Node 1 ShmemPmdMapped:        0 kB
Node 1 FileHugePages:        0 kB
Node 1 FilePmdMapped:        0 kB
Node 1 HugePages_Total:     0
Node 1 HugePages_Free:      0
Node 1 HugePages_Surp:      0

U.0.smallfio.250M.3.O Complete!
