kernel.numa_balancing = 0
U.0.randomfio.16G.1.O.1M
Begin
Node 0 MemTotal:       24768352 kB
Node 0 MemFree:        24509924 kB
Node 0 MemUsed:          258428 kB
Node 0 Active:            59360 kB
Node 0 Inactive:          59632 kB
Node 0 Active(anon):      17256 kB
Node 0 Inactive(anon):      468 kB
Node 0 Active(file):      42104 kB
Node 0 Inactive(file):    59164 kB
Node 0 Unevictable:        5144 kB
Node 0 Mlocked:            5144 kB
Node 0 Dirty:               148 kB
Node 0 Writeback:             0 kB
Node 0 FilePages:        107112 kB
Node 0 Mapped:            25196 kB
Node 0 AnonPages:         17116 kB
Node 0 Shmem:               704 kB
Node 0 KernelStack:        2168 kB
Node 0 PageTables:          504 kB
Node 0 NFS_Unstable:          0 kB
Node 0 Bounce:                0 kB
Node 0 WritebackTmp:          0 kB
Node 0 KReclaimable:      19716 kB
Node 0 Slab:              50656 kB
Node 0 SReclaimable:      19716 kB
Node 0 SUnreclaim:        30940 kB
Node 0 AnonHugePages:         0 kB
Node 0 ShmemHugePages:        0 kB
Node 0 ShmemPmdMapped:        0 kB
Node 0 FileHugePages:        0 kB
Node 0 FilePmdMapped:        0 kB
Node 0 HugePages_Total:     0
Node 0 HugePages_Free:      0
Node 0 HugePages_Surp:      0

Node 1 MemTotal:       24661580 kB
Node 1 MemFree:        24291204 kB
Node 1 MemUsed:          370376 kB
Node 1 Active:            36876 kB
Node 1 Inactive:          47792 kB
Node 1 Active(anon):      16536 kB
Node 1 Inactive(anon):      400 kB
Node 1 Active(file):      20340 kB
Node 1 Inactive(file):    47392 kB
Node 1 Unevictable:       13380 kB
Node 1 Mlocked:           13380 kB
Node 1 Dirty:               356 kB
Node 1 Writeback:             0 kB
Node 1 FilePages:         71504 kB
Node 1 Mapped:            33992 kB
Node 1 AnonPages:         26732 kB
Node 1 Shmem:               564 kB
Node 1 KernelStack:        1480 kB
Node 1 PageTables:          644 kB
Node 1 NFS_Unstable:          0 kB
Node 1 Bounce:                0 kB
Node 1 WritebackTmp:          0 kB
Node 1 KReclaimable:      22188 kB
Node 1 Slab:              55052 kB
Node 1 SReclaimable:      22188 kB
Node 1 SUnreclaim:        32864 kB
Node 1 AnonHugePages:         0 kB
Node 1 ShmemHugePages:        0 kB
Node 1 ShmemPmdMapped:        0 kB
Node 1 FileHugePages:        0 kB
Node 1 FilePmdMapped:        0 kB
Node 1 HugePages_Total:     0
Node 1 HugePages_Free:      0
Node 1 HugePages_Surp:      0

Load ZFS
Node 0 MemTotal:       24768352 kB
Node 0 MemFree:        24504068 kB
Node 0 MemUsed:          264284 kB
Node 0 Active:            65076 kB
Node 0 Inactive:          59256 kB
Node 0 Active(anon):      21804 kB
Node 0 Inactive(anon):      468 kB
Node 0 Active(file):      43272 kB
Node 0 Inactive(file):    58788 kB
Node 0 Unevictable:        5144 kB
Node 0 Mlocked:            5144 kB
Node 0 Dirty:               164 kB
Node 0 Writeback:             0 kB
Node 0 FilePages:        107904 kB
Node 0 Mapped:            25196 kB
Node 0 AnonPages:         21724 kB
Node 0 Shmem:               704 kB
Node 0 KernelStack:        2216 kB
Node 0 PageTables:          756 kB
Node 0 NFS_Unstable:          0 kB
Node 0 Bounce:                0 kB
Node 0 WritebackTmp:          0 kB
Node 0 KReclaimable:      20192 kB
Node 0 Slab:              52620 kB
Node 0 SReclaimable:      20192 kB
Node 0 SUnreclaim:        32428 kB
Node 0 AnonHugePages:         0 kB
Node 0 ShmemHugePages:        0 kB
Node 0 ShmemPmdMapped:        0 kB
Node 0 FileHugePages:        0 kB
Node 0 FilePmdMapped:        0 kB
Node 0 HugePages_Total:     0
Node 0 HugePages_Free:      0
Node 0 HugePages_Surp:      0

Node 1 MemTotal:       24661580 kB
Node 1 MemFree:        24286168 kB
Node 1 MemUsed:          375412 kB
Node 1 Active:            42564 kB
Node 1 Inactive:          44068 kB
Node 1 Active(anon):      16724 kB
Node 1 Inactive(anon):      400 kB
Node 1 Active(file):      25840 kB
Node 1 Inactive(file):    43668 kB
Node 1 Unevictable:       13380 kB
Node 1 Mlocked:           13380 kB
Node 1 Dirty:               416 kB
Node 1 Writeback:             0 kB
Node 1 FilePages:         73128 kB
Node 1 Mapped:            34152 kB
Node 1 AnonPages:         26600 kB
Node 1 Shmem:               564 kB
Node 1 KernelStack:        1512 kB
Node 1 PageTables:          672 kB
Node 1 NFS_Unstable:          0 kB
Node 1 Bounce:                0 kB
Node 1 WritebackTmp:          0 kB
Node 1 KReclaimable:      22688 kB
Node 1 Slab:              57040 kB
Node 1 SReclaimable:      22688 kB
Node 1 SUnreclaim:        34352 kB
Node 1 AnonHugePages:         0 kB
Node 1 ShmemHugePages:        0 kB
Node 1 ShmemPmdMapped:        0 kB
Node 1 FileHugePages:        0 kB
Node 1 FilePmdMapped:        0 kB
Node 1 HugePages_Total:     0
Node 1 HugePages_Free:      0
Node 1 HugePages_Surp:      0

Import tank ZPool
Node 0 MemTotal:       24768352 kB
Node 0 MemFree:        24488372 kB
Node 0 MemUsed:          279980 kB
Node 0 Active:            65144 kB
Node 0 Inactive:          59260 kB
Node 0 Active(anon):      21872 kB
Node 0 Inactive(anon):      468 kB
Node 0 Active(file):      43272 kB
Node 0 Inactive(file):    58792 kB
Node 0 Unevictable:        5144 kB
Node 0 Mlocked:            5144 kB
Node 0 Dirty:               180 kB
Node 0 Writeback:             0 kB
Node 0 FilePages:        107908 kB
Node 0 Mapped:            25408 kB
Node 0 AnonPages:         21752 kB
Node 0 Shmem:               700 kB
Node 0 KernelStack:        3320 kB
Node 0 PageTables:          756 kB
Node 0 NFS_Unstable:          0 kB
Node 0 Bounce:                0 kB
Node 0 WritebackTmp:          0 kB
Node 0 KReclaimable:      20196 kB
Node 0 Slab:              55356 kB
Node 0 SReclaimable:      20196 kB
Node 0 SUnreclaim:        35160 kB
Node 0 AnonHugePages:         0 kB
Node 0 ShmemHugePages:        0 kB
Node 0 ShmemPmdMapped:        0 kB
Node 0 FileHugePages:        0 kB
Node 0 FilePmdMapped:        0 kB
Node 0 HugePages_Total:     0
Node 0 HugePages_Free:      0
Node 0 HugePages_Surp:      0

Node 1 MemTotal:       24661580 kB
Node 1 MemFree:        24279560 kB
Node 1 MemUsed:          382020 kB
Node 1 Active:            43044 kB
Node 1 Inactive:          45248 kB
Node 1 Active(anon):      16740 kB
Node 1 Inactive(anon):      404 kB
Node 1 Active(file):      26304 kB
Node 1 Inactive(file):    44844 kB
Node 1 Unevictable:       13380 kB
Node 1 Mlocked:           13380 kB
Node 1 Dirty:               200 kB
Node 1 Writeback:             0 kB
Node 1 FilePages:         74872 kB
Node 1 Mapped:            34192 kB
Node 1 AnonPages:         26924 kB
Node 1 Shmem:               568 kB
Node 1 KernelStack:        1528 kB
Node 1 PageTables:          672 kB
Node 1 NFS_Unstable:          0 kB
Node 1 Bounce:                0 kB
Node 1 WritebackTmp:          0 kB
Node 1 KReclaimable:      22792 kB
Node 1 Slab:              61736 kB
Node 1 SReclaimable:      22792 kB
Node 1 SUnreclaim:        38944 kB
Node 1 AnonHugePages:         0 kB
Node 1 ShmemHugePages:        0 kB
Node 1 ShmemPmdMapped:        0 kB
Node 1 FileHugePages:        0 kB
Node 1 FilePmdMapped:        0 kB
Node 1 HugePages_Total:     0
Node 1 HugePages_Free:      0
Node 1 HugePages_Surp:      0

After Test
Node 0 MemTotal:       24768352 kB
Node 0 MemFree:         6821848 kB
Node 0 MemUsed:        17946504 kB
Node 0 Active:            60384 kB
Node 0 Inactive:          60500 kB
Node 0 Active(anon):      16484 kB
Node 0 Inactive(anon):      496 kB
Node 0 Active(file):      43900 kB
Node 0 Inactive(file):    60004 kB
Node 0 Unevictable:        5144 kB
Node 0 Mlocked:            5144 kB
Node 0 Dirty:                 8 kB
Node 0 Writeback:             0 kB
Node 0 FilePages:        109788 kB
Node 0 Mapped:            25488 kB
Node 0 AnonPages:         16212 kB
Node 0 Shmem:               744 kB
Node 0 KernelStack:        3128 kB
Node 0 PageTables:          612 kB
Node 0 NFS_Unstable:          0 kB
Node 0 Bounce:                0 kB
Node 0 WritebackTmp:          0 kB
Node 0 KReclaimable:      21472 kB
Node 0 Slab:             115752 kB
Node 0 SReclaimable:      21472 kB
Node 0 SUnreclaim:        94280 kB
Node 0 AnonHugePages:         0 kB
Node 0 ShmemHugePages:        0 kB
Node 0 ShmemPmdMapped:        0 kB
Node 0 FileHugePages:        0 kB
Node 0 FilePmdMapped:        0 kB
Node 0 HugePages_Total:     0
Node 0 HugePages_Free:      0
Node 0 HugePages_Surp:      0

Node 1 MemTotal:       24661580 kB
Node 1 MemFree:        24283464 kB
Node 1 MemUsed:          378116 kB
Node 1 Active:            43724 kB
Node 1 Inactive:          44960 kB
Node 1 Active(anon):      16664 kB
Node 1 Inactive(anon):      404 kB
Node 1 Active(file):      27060 kB
Node 1 Inactive(file):    44556 kB
Node 1 Unevictable:       13380 kB
Node 1 Mlocked:           13380 kB
Node 1 Dirty:                 0 kB
Node 1 Writeback:             0 kB
Node 1 FilePages:         75236 kB
Node 1 Mapped:            33992 kB
Node 1 AnonPages:         26828 kB
Node 1 Shmem:               568 kB
Node 1 KernelStack:        1336 kB
Node 1 PageTables:          644 kB
Node 1 NFS_Unstable:          0 kB
Node 1 Bounce:                0 kB
Node 1 WritebackTmp:          0 kB
Node 1 KReclaimable:      22984 kB
Node 1 Slab:              62744 kB
Node 1 SReclaimable:      22984 kB
Node 1 SUnreclaim:        39760 kB
Node 1 AnonHugePages:         0 kB
Node 1 ShmemHugePages:        0 kB
Node 1 ShmemPmdMapped:        0 kB
Node 1 FileHugePages:        0 kB
Node 1 FilePmdMapped:        0 kB
Node 1 HugePages_Total:     0
Node 1 HugePages_Free:      0
Node 1 HugePages_Surp:      0

After Opposite Node
Node 0 MemTotal:       24768352 kB
Node 0 MemFree:         6821236 kB
Node 0 MemUsed:        17947116 kB
Node 0 Active:            60772 kB
Node 0 Inactive:          60252 kB
Node 0 Active(anon):      16504 kB
Node 0 Inactive(anon):      468 kB
Node 0 Active(file):      44268 kB
Node 0 Inactive(file):    59784 kB
Node 0 Unevictable:        5144 kB
Node 0 Mlocked:            5144 kB
Node 0 Dirty:                64 kB
Node 0 Writeback:             0 kB
Node 0 FilePages:        109892 kB
Node 0 Mapped:            25448 kB
Node 0 AnonPages:         16272 kB
Node 0 Shmem:               700 kB
Node 0 KernelStack:        3080 kB
Node 0 PageTables:          432 kB
Node 0 NFS_Unstable:          0 kB
Node 0 Bounce:                0 kB
Node 0 WritebackTmp:          0 kB
Node 0 KReclaimable:      21520 kB
Node 0 Slab:             114764 kB
Node 0 SReclaimable:      21520 kB
Node 0 SUnreclaim:        93244 kB
Node 0 AnonHugePages:         0 kB
Node 0 ShmemHugePages:        0 kB
Node 0 ShmemPmdMapped:        0 kB
Node 0 FileHugePages:        0 kB
Node 0 FilePmdMapped:        0 kB
Node 0 HugePages_Total:     0
Node 0 HugePages_Free:      0
Node 0 HugePages_Surp:      0

Node 1 MemTotal:       24661580 kB
Node 1 MemFree:        24279344 kB
Node 1 MemUsed:          382236 kB
Node 1 Active:            43760 kB
Node 1 Inactive:          45012 kB
Node 1 Active(anon):      16684 kB
Node 1 Inactive(anon):      448 kB
Node 1 Active(file):      27076 kB
Node 1 Inactive(file):    44564 kB
Node 1 Unevictable:       13380 kB
Node 1 Mlocked:           13380 kB
Node 1 Dirty:                24 kB
Node 1 Writeback:             0 kB
Node 1 FilePages:         75312 kB
Node 1 Mapped:            34036 kB
Node 1 AnonPages:         26772 kB
Node 1 Shmem:               612 kB
Node 1 KernelStack:        1384 kB
Node 1 PageTables:          832 kB
Node 1 NFS_Unstable:          0 kB
Node 1 Bounce:                0 kB
Node 1 WritebackTmp:          0 kB
Node 1 KReclaimable:      23036 kB
Node 1 Slab:              64944 kB
Node 1 SReclaimable:      23036 kB
Node 1 SUnreclaim:        41908 kB
Node 1 AnonHugePages:         0 kB
Node 1 ShmemHugePages:        0 kB
Node 1 ShmemPmdMapped:        0 kB
Node 1 FileHugePages:        0 kB
Node 1 FilePmdMapped:        0 kB
Node 1 HugePages_Total:     0
Node 1 HugePages_Free:      0
Node 1 HugePages_Surp:      0

U.0.randomfio.16G.1.O.1M Complete!
