kernel.numa_balancing = 0
U.0.randomfio.4G.1.O.1M
Begin
Node 0 MemTotal:       24743736 kB
Node 0 MemFree:        24382340 kB
Node 0 MemUsed:          361396 kB
Node 0 Active:            38464 kB
Node 0 Inactive:          25656 kB
Node 0 Active(anon):      20492 kB
Node 0 Inactive(anon):      472 kB
Node 0 Active(file):      17972 kB
Node 0 Inactive(file):    25184 kB
Node 0 Unevictable:       17612 kB
Node 0 Mlocked:           17612 kB
Node 0 Dirty:               280 kB
Node 0 Writeback:             0 kB
Node 0 FilePages:         51096 kB
Node 0 Mapped:            19960 kB
Node 0 AnonPages:         30784 kB
Node 0 Shmem:               660 kB
Node 0 KernelStack:        1960 kB
Node 0 PageTables:          552 kB
Node 0 NFS_Unstable:          0 kB
Node 0 Bounce:                0 kB
Node 0 WritebackTmp:          0 kB
Node 0 KReclaimable:      20368 kB
Node 0 Slab:              55580 kB
Node 0 SReclaimable:      20368 kB
Node 0 SUnreclaim:        35212 kB
Node 0 AnonHugePages:         0 kB
Node 0 ShmemHugePages:        0 kB
Node 0 ShmemPmdMapped:        0 kB
Node 0 FileHugePages:        0 kB
Node 0 FilePmdMapped:        0 kB
Node 0 HugePages_Total:     0
Node 0 HugePages_Free:      0
Node 0 HugePages_Surp:      0

Node 1 MemTotal:       24686196 kB
Node 1 MemFree:        24422408 kB
Node 1 MemUsed:          263788 kB
Node 1 Active:            57316 kB
Node 1 Inactive:          74648 kB
Node 1 Active(anon):      13080 kB
Node 1 Inactive(anon):      392 kB
Node 1 Active(file):      44236 kB
Node 1 Inactive(file):    74256 kB
Node 1 Unevictable:         912 kB
Node 1 Mlocked:             912 kB
Node 1 Dirty:               148 kB
Node 1 Writeback:             0 kB
Node 1 FilePages:        120076 kB
Node 1 Mapped:            33264 kB
Node 1 AnonPages:         12856 kB
Node 1 Shmem:               608 kB
Node 1 KernelStack:        1656 kB
Node 1 PageTables:          520 kB
Node 1 NFS_Unstable:          0 kB
Node 1 Bounce:                0 kB
Node 1 WritebackTmp:          0 kB
Node 1 KReclaimable:      21340 kB
Node 1 Slab:              51224 kB
Node 1 SReclaimable:      21340 kB
Node 1 SUnreclaim:        29884 kB
Node 1 AnonHugePages:         0 kB
Node 1 ShmemHugePages:        0 kB
Node 1 ShmemPmdMapped:        0 kB
Node 1 FileHugePages:        0 kB
Node 1 FilePmdMapped:        0 kB
Node 1 HugePages_Total:     0
Node 1 HugePages_Free:      0
Node 1 HugePages_Surp:      0

Load ZFS
Node 0 MemTotal:       24743736 kB
Node 0 MemFree:        24510312 kB
Node 0 MemUsed:          233424 kB
Node 0 Active:            49276 kB
Node 0 Inactive:          21536 kB
Node 0 Active(anon):      26280 kB
Node 0 Inactive(anon):      472 kB
Node 0 Active(file):      22996 kB
Node 0 Inactive(file):    21064 kB
Node 0 Unevictable:       17612 kB
Node 0 Mlocked:           17612 kB
Node 0 Dirty:               280 kB
Node 0 Writeback:             0 kB
Node 0 FilePages:         52000 kB
Node 0 Mapped:            20096 kB
Node 0 AnonPages:         36512 kB
Node 0 Shmem:               660 kB
Node 0 KernelStack:        2200 kB
Node 0 PageTables:          912 kB
Node 0 NFS_Unstable:          0 kB
Node 0 Bounce:                0 kB
Node 0 WritebackTmp:          0 kB
Node 0 KReclaimable:      20900 kB
Node 0 Slab:              57240 kB
Node 0 SReclaimable:      20900 kB
Node 0 SUnreclaim:        36340 kB
Node 0 AnonHugePages:         0 kB
Node 0 ShmemHugePages:        0 kB
Node 0 ShmemPmdMapped:        0 kB
Node 0 FileHugePages:        0 kB
Node 0 FilePmdMapped:        0 kB
Node 0 HugePages_Total:     0
Node 0 HugePages_Free:      0
Node 0 HugePages_Surp:      0

Node 1 MemTotal:       24686196 kB
Node 1 MemFree:        24283288 kB
Node 1 MemUsed:          402908 kB
Node 1 Active:            58488 kB
Node 1 Inactive:          74884 kB
Node 1 Active(anon):      12796 kB
Node 1 Inactive(anon):      392 kB
Node 1 Active(file):      45692 kB
Node 1 Inactive(file):    74492 kB
Node 1 Unevictable:         912 kB
Node 1 Mlocked:             912 kB
Node 1 Dirty:               208 kB
Node 1 Writeback:             0 kB
Node 1 FilePages:        121704 kB
Node 1 Mapped:            33220 kB
Node 1 AnonPages:         12612 kB
Node 1 Shmem:               608 kB
Node 1 KernelStack:        1560 kB
Node 1 PageTables:          560 kB
Node 1 NFS_Unstable:          0 kB
Node 1 Bounce:                0 kB
Node 1 WritebackTmp:          0 kB
Node 1 KReclaimable:      21852 kB
Node 1 Slab:              53396 kB
Node 1 SReclaimable:      21852 kB
Node 1 SUnreclaim:        31544 kB
Node 1 AnonHugePages:         0 kB
Node 1 ShmemHugePages:        0 kB
Node 1 ShmemPmdMapped:        0 kB
Node 1 FileHugePages:        0 kB
Node 1 FilePmdMapped:        0 kB
Node 1 HugePages_Total:     0
Node 1 HugePages_Free:      0
Node 1 HugePages_Surp:      0

Import tank ZPool
Node 0 MemTotal:       24743736 kB
Node 0 MemFree:        24496752 kB
Node 0 MemUsed:          246984 kB
Node 0 Active:            49336 kB
Node 0 Inactive:          21524 kB
Node 0 Active(anon):      26304 kB
Node 0 Inactive(anon):      472 kB
Node 0 Active(file):      23032 kB
Node 0 Inactive(file):    21052 kB
Node 0 Unevictable:       17612 kB
Node 0 Mlocked:           17612 kB
Node 0 Dirty:                52 kB
Node 0 Writeback:             0 kB
Node 0 FilePages:         52020 kB
Node 0 Mapped:            20124 kB
Node 0 AnonPages:         36544 kB
Node 0 Shmem:               656 kB
Node 0 KernelStack:        3240 kB
Node 0 PageTables:          912 kB
Node 0 NFS_Unstable:          0 kB
Node 0 Bounce:                0 kB
Node 0 WritebackTmp:          0 kB
Node 0 KReclaimable:      20904 kB
Node 0 Slab:              59844 kB
Node 0 SReclaimable:      20904 kB
Node 0 SUnreclaim:        38940 kB
Node 0 AnonHugePages:         0 kB
Node 0 ShmemHugePages:        0 kB
Node 0 ShmemPmdMapped:        0 kB
Node 0 FileHugePages:        0 kB
Node 0 FilePmdMapped:        0 kB
Node 0 HugePages_Total:     0
Node 0 HugePages_Free:      0
Node 0 HugePages_Surp:      0

Node 1 MemTotal:       24686196 kB
Node 1 MemFree:        24277400 kB
Node 1 MemUsed:          408796 kB
Node 1 Active:            59536 kB
Node 1 Inactive:          76120 kB
Node 1 Active(anon):      13412 kB
Node 1 Inactive(anon):      396 kB
Node 1 Active(file):      46124 kB
Node 1 Inactive(file):    75724 kB
Node 1 Unevictable:         912 kB
Node 1 Mlocked:             912 kB
Node 1 Dirty:               248 kB
Node 1 Writeback:             0 kB
Node 1 FilePages:        123428 kB
Node 1 Mapped:            33528 kB
Node 1 AnonPages:         13268 kB
Node 1 Shmem:               612 kB
Node 1 KernelStack:        1672 kB
Node 1 PageTables:          644 kB
Node 1 NFS_Unstable:          0 kB
Node 1 Bounce:                0 kB
Node 1 WritebackTmp:          0 kB
Node 1 KReclaimable:      21972 kB
Node 1 Slab:              58648 kB
Node 1 SReclaimable:      21972 kB
Node 1 SUnreclaim:        36676 kB
Node 1 AnonHugePages:         0 kB
Node 1 ShmemHugePages:        0 kB
Node 1 ShmemPmdMapped:        0 kB
Node 1 FileHugePages:        0 kB
Node 1 FilePmdMapped:        0 kB
Node 1 HugePages_Total:     0
Node 1 HugePages_Free:      0
Node 1 HugePages_Surp:      0

After Test
Node 0 MemTotal:       24743736 kB
Node 0 MemFree:        19467748 kB
Node 0 MemUsed:         5275988 kB
Node 0 Active:            44584 kB
Node 0 Inactive:          22632 kB
Node 0 Active(anon):      20700 kB
Node 0 Inactive(anon):      496 kB
Node 0 Active(file):      23884 kB
Node 0 Inactive(file):    22136 kB
Node 0 Unevictable:       17612 kB
Node 0 Mlocked:           17612 kB
Node 0 Dirty:                20 kB
Node 0 Writeback:             0 kB
Node 0 FilePages:         53996 kB
Node 0 Mapped:            20160 kB
Node 0 AnonPages:         30796 kB
Node 0 Shmem:               696 kB
Node 0 KernelStack:        3112 kB
Node 0 PageTables:          688 kB
Node 0 NFS_Unstable:          0 kB
Node 0 Bounce:                0 kB
Node 0 WritebackTmp:          0 kB
Node 0 KReclaimable:      22192 kB
Node 0 Slab:              79820 kB
Node 0 SReclaimable:      22192 kB
Node 0 SUnreclaim:        57628 kB
Node 0 AnonHugePages:         0 kB
Node 0 ShmemHugePages:        0 kB
Node 0 ShmemPmdMapped:        0 kB
Node 0 FileHugePages:        0 kB
Node 0 FilePmdMapped:        0 kB
Node 0 HugePages_Total:     0
Node 0 HugePages_Free:      0
Node 0 HugePages_Surp:      0

Node 1 MemTotal:       24686196 kB
Node 1 MemFree:        24280784 kB
Node 1 MemUsed:          405412 kB
Node 1 Active:            59020 kB
Node 1 Inactive:          75868 kB
Node 1 Active(anon):      12464 kB
Node 1 Inactive(anon):      400 kB
Node 1 Active(file):      46556 kB
Node 1 Inactive(file):    75468 kB
Node 1 Unevictable:         912 kB
Node 1 Mlocked:             912 kB
Node 1 Dirty:                16 kB
Node 1 Writeback:             0 kB
Node 1 FilePages:        123552 kB
Node 1 Mapped:            33224 kB
Node 1 AnonPages:         12248 kB
Node 1 Shmem:               616 kB
Node 1 KernelStack:        1528 kB
Node 1 PageTables:          532 kB
Node 1 NFS_Unstable:          0 kB
Node 1 Bounce:                0 kB
Node 1 WritebackTmp:          0 kB
Node 1 KReclaimable:      22076 kB
Node 1 Slab:              59988 kB
Node 1 SReclaimable:      22076 kB
Node 1 SUnreclaim:        37912 kB
Node 1 AnonHugePages:         0 kB
Node 1 ShmemHugePages:        0 kB
Node 1 ShmemPmdMapped:        0 kB
Node 1 FileHugePages:        0 kB
Node 1 FilePmdMapped:        0 kB
Node 1 HugePages_Total:     0
Node 1 HugePages_Free:      0
Node 1 HugePages_Surp:      0

After Opposite Node
Node 0 MemTotal:       24743736 kB
Node 0 MemFree:        19468892 kB
Node 0 MemUsed:         5274844 kB
Node 0 Active:            44424 kB
Node 0 Inactive:          22448 kB
Node 0 Active(anon):      20376 kB
Node 0 Inactive(anon):      468 kB
Node 0 Active(file):      24048 kB
Node 0 Inactive(file):    21980 kB
Node 0 Unevictable:       17612 kB
Node 0 Mlocked:           17612 kB
Node 0 Dirty:                28 kB
Node 0 Writeback:             0 kB
Node 0 FilePages:         53960 kB
Node 0 Mapped:            20104 kB
Node 0 AnonPages:         30520 kB
Node 0 Shmem:               652 kB
Node 0 KernelStack:        3080 kB
Node 0 PageTables:          512 kB
Node 0 NFS_Unstable:          0 kB
Node 0 Bounce:                0 kB
Node 0 WritebackTmp:          0 kB
Node 0 KReclaimable:      22192 kB
Node 0 Slab:              79752 kB
Node 0 SReclaimable:      22192 kB
Node 0 SUnreclaim:        57560 kB
Node 0 AnonHugePages:         0 kB
Node 0 ShmemHugePages:        0 kB
Node 0 ShmemPmdMapped:        0 kB
Node 0 FileHugePages:        0 kB
Node 0 FilePmdMapped:        0 kB
Node 0 HugePages_Total:     0
Node 0 HugePages_Free:      0
Node 0 HugePages_Surp:      0

Node 1 MemTotal:       24686196 kB
Node 1 MemFree:        24277416 kB
Node 1 MemUsed:          408780 kB
Node 1 Active:            59480 kB
Node 1 Inactive:          75884 kB
Node 1 Active(anon):      12620 kB
Node 1 Inactive(anon):      424 kB
Node 1 Active(file):      46860 kB
Node 1 Inactive(file):    75460 kB
Node 1 Unevictable:         912 kB
Node 1 Mlocked:             912 kB
Node 1 Dirty:                36 kB
Node 1 Writeback:             0 kB
Node 1 FilePages:        123896 kB
Node 1 Mapped:            33268 kB
Node 1 AnonPages:         12308 kB
Node 1 Shmem:               660 kB
Node 1 KernelStack:        1544 kB
Node 1 PageTables:          648 kB
Node 1 NFS_Unstable:          0 kB
Node 1 Bounce:                0 kB
Node 1 WritebackTmp:          0 kB
Node 1 KReclaimable:      22120 kB
Node 1 Slab:              61208 kB
Node 1 SReclaimable:      22120 kB
Node 1 SUnreclaim:        39088 kB
Node 1 AnonHugePages:         0 kB
Node 1 ShmemHugePages:        0 kB
Node 1 ShmemPmdMapped:        0 kB
Node 1 FileHugePages:        0 kB
Node 1 FilePmdMapped:        0 kB
Node 1 HugePages_Total:     0
Node 1 HugePages_Free:      0
Node 1 HugePages_Surp:      0

U.0.randomfio.4G.1.O.1M Complete!
