kernel.numa_balancing = 0
375 Tests Remaining!
U.0.randomfio.2-1G.2.O.1M
Begin
Node 0 MemTotal:       24768352 kB
Node 0 MemFree:        24541584 kB
Node 0 MemUsed:          226768 kB
Node 0 Active:            38384 kB
Node 0 Inactive:          52932 kB
Node 0 Active(anon):      17060 kB
Node 0 Inactive(anon):      588 kB
Node 0 Active(file):      21324 kB
Node 0 Inactive(file):    52344 kB
Node 0 Unevictable:        1084 kB
Node 0 Mlocked:            1084 kB
Node 0 Dirty:                36 kB
Node 0 Writeback:             0 kB
Node 0 FilePages:         75552 kB
Node 0 Mapped:            36156 kB
Node 0 AnonPages:         16664 kB
Node 0 Shmem:               788 kB
Node 0 KernelStack:        2632 kB
Node 0 PageTables:          756 kB
Node 0 NFS_Unstable:          0 kB
Node 0 Bounce:                0 kB
Node 0 WritebackTmp:          0 kB
Node 0 KReclaimable:      20132 kB
Node 0 Slab:              54996 kB
Node 0 SReclaimable:      20132 kB
Node 0 SUnreclaim:        34864 kB
Node 0 AnonHugePages:         0 kB
Node 0 ShmemHugePages:        0 kB
Node 0 ShmemPmdMapped:        0 kB
Node 0 FileHugePages:        0 kB
Node 0 FilePmdMapped:        0 kB
Node 0 HugePages_Total:     0
Node 0 HugePages_Free:      0
Node 0 HugePages_Surp:      0

Node 1 MemTotal:       24661580 kB
Node 1 MemFree:        24253048 kB
Node 1 MemUsed:          408532 kB
Node 1 Active:            60416 kB
Node 1 Inactive:          59152 kB
Node 1 Active(anon):      18060 kB
Node 1 Inactive(anon):      288 kB
Node 1 Active(file):      42356 kB
Node 1 Inactive(file):    58864 kB
Node 1 Unevictable:       17440 kB
Node 1 Mlocked:           17440 kB
Node 1 Dirty:               408 kB
Node 1 Writeback:             0 kB
Node 1 FilePages:        108808 kB
Node 1 Mapped:            22864 kB
Node 1 AnonPages:         28276 kB
Node 1 Shmem:               480 kB
Node 1 KernelStack:        1176 kB
Node 1 PageTables:          624 kB
Node 1 NFS_Unstable:          0 kB
Node 1 Bounce:                0 kB
Node 1 WritebackTmp:          0 kB
Node 1 KReclaimable:      22320 kB
Node 1 Slab:              52264 kB
Node 1 SReclaimable:      22320 kB
Node 1 SUnreclaim:        29944 kB
Node 1 AnonHugePages:         0 kB
Node 1 ShmemHugePages:        0 kB
Node 1 ShmemPmdMapped:        0 kB
Node 1 FileHugePages:        0 kB
Node 1 FilePmdMapped:        0 kB
Node 1 HugePages_Total:     0
Node 1 HugePages_Free:      0
Node 1 HugePages_Surp:      0

Load ZFS
Node 0 MemTotal:       24768352 kB
Node 0 MemFree:        24398552 kB
Node 0 MemUsed:          369800 kB
Node 0 Active:            40432 kB
Node 0 Inactive:          53468 kB
Node 0 Active(anon):      17792 kB
Node 0 Inactive(anon):      588 kB
Node 0 Active(file):      22640 kB
Node 0 Inactive(file):    52880 kB
Node 0 Unevictable:        1084 kB
Node 0 Mlocked:            1084 kB
Node 0 Dirty:               108 kB
Node 0 Writeback:             0 kB
Node 0 FilePages:         77392 kB
Node 0 Mapped:            36148 kB
Node 0 AnonPages:         17420 kB
Node 0 Shmem:               788 kB
Node 0 KernelStack:        2584 kB
Node 0 PageTables:          664 kB
Node 0 NFS_Unstable:          0 kB
Node 0 Bounce:                0 kB
Node 0 WritebackTmp:          0 kB
Node 0 KReclaimable:      20356 kB
Node 0 Slab:              56348 kB
Node 0 SReclaimable:      20356 kB
Node 0 SUnreclaim:        35992 kB
Node 0 AnonHugePages:         0 kB
Node 0 ShmemHugePages:        0 kB
Node 0 ShmemPmdMapped:        0 kB
Node 0 FileHugePages:        0 kB
Node 0 FilePmdMapped:        0 kB
Node 0 HugePages_Total:     0
Node 0 HugePages_Free:      0
Node 0 HugePages_Surp:      0

Node 1 MemTotal:       24661580 kB
Node 1 MemFree:        24381756 kB
Node 1 MemUsed:          279824 kB
Node 1 Active:            70740 kB
Node 1 Inactive:          54564 kB
Node 1 Active(anon):      23080 kB
Node 1 Inactive(anon):      288 kB
Node 1 Active(file):      47660 kB
Node 1 Inactive(file):    54276 kB
Node 1 Unevictable:       17440 kB
Node 1 Mlocked:           17440 kB
Node 1 Dirty:               136 kB
Node 1 Writeback:             0 kB
Node 1 FilePages:        109524 kB
Node 1 Mapped:            22864 kB
Node 1 AnonPages:         33296 kB
Node 1 Shmem:               480 kB
Node 1 KernelStack:        1208 kB
Node 1 PageTables:          936 kB
Node 1 NFS_Unstable:          0 kB
Node 1 Bounce:                0 kB
Node 1 WritebackTmp:          0 kB
Node 1 KReclaimable:      22784 kB
Node 1 Slab:              53712 kB
Node 1 SReclaimable:      22784 kB
Node 1 SUnreclaim:        30928 kB
Node 1 AnonHugePages:         0 kB
Node 1 ShmemHugePages:        0 kB
Node 1 ShmemPmdMapped:        0 kB
Node 1 FileHugePages:        0 kB
Node 1 FilePmdMapped:        0 kB
Node 1 HugePages_Total:     0
Node 1 HugePages_Free:      0
Node 1 HugePages_Surp:      0

Import tank ZPool
Node 0 MemTotal:       24768352 kB
Node 0 MemFree:        24380980 kB
Node 0 MemUsed:          387372 kB
Node 0 Active:            40392 kB
Node 0 Inactive:          54700 kB
Node 0 Active(anon):      17272 kB
Node 0 Inactive(anon):      592 kB
Node 0 Active(file):      23120 kB
Node 0 Inactive(file):    54108 kB
Node 0 Unevictable:        1084 kB
Node 0 Mlocked:            1084 kB
Node 0 Dirty:               204 kB
Node 0 Writeback:             0 kB
Node 0 FilePages:         79128 kB
Node 0 Mapped:            36260 kB
Node 0 AnonPages:         16608 kB
Node 0 Shmem:               792 kB
Node 0 KernelStack:        3624 kB
Node 0 PageTables:          720 kB
Node 0 NFS_Unstable:          0 kB
Node 0 Bounce:                0 kB
Node 0 WritebackTmp:          0 kB
Node 0 KReclaimable:      20516 kB
Node 0 Slab:              63704 kB
Node 0 SReclaimable:      20516 kB
Node 0 SUnreclaim:        43188 kB
Node 0 AnonHugePages:         0 kB
Node 0 ShmemHugePages:        0 kB
Node 0 ShmemPmdMapped:        0 kB
Node 0 FileHugePages:        0 kB
Node 0 FilePmdMapped:        0 kB
Node 0 HugePages_Total:     0
Node 0 HugePages_Free:      0
Node 0 HugePages_Surp:      0

Node 1 MemTotal:       24661580 kB
Node 1 MemFree:        24385956 kB
Node 1 MemUsed:          275624 kB
Node 1 Active:            64528 kB
Node 1 Inactive:          54520 kB
Node 1 Active(anon):      16824 kB
Node 1 Inactive(anon):      288 kB
Node 1 Active(file):      47704 kB
Node 1 Inactive(file):    54232 kB
Node 1 Unevictable:       17440 kB
Node 1 Mlocked:           17440 kB
Node 1 Dirty:               260 kB
Node 1 Writeback:             0 kB
Node 1 FilePages:        109520 kB
Node 1 Mapped:            23128 kB
Node 1 AnonPages:         26996 kB
Node 1 Shmem:               476 kB
Node 1 KernelStack:        1144 kB
Node 1 PageTables:          648 kB
Node 1 NFS_Unstable:          0 kB
Node 1 Bounce:                0 kB
Node 1 WritebackTmp:          0 kB
Node 1 KReclaimable:      22784 kB
Node 1 Slab:              53672 kB
Node 1 SReclaimable:      22784 kB
Node 1 SUnreclaim:        30888 kB
Node 1 AnonHugePages:         0 kB
Node 1 ShmemHugePages:        0 kB
Node 1 ShmemPmdMapped:        0 kB
Node 1 FileHugePages:        0 kB
Node 1 FilePmdMapped:        0 kB
Node 1 HugePages_Total:     0
Node 1 HugePages_Free:      0
Node 1 HugePages_Surp:      0

After Test
Node 0 MemTotal:       24768352 kB
Node 0 MemFree:        22515392 kB
Node 0 MemUsed:         2252960 kB
Node 0 Active:            40656 kB
Node 0 Inactive:          56020 kB
Node 0 Active(anon):      16668 kB
Node 0 Inactive(anon):      912 kB
Node 0 Active(file):      23988 kB
Node 0 Inactive(file):    55108 kB
Node 0 Unevictable:        1084 kB
Node 0 Mlocked:            1084 kB
Node 0 Dirty:               104 kB
Node 0 Writeback:             0 kB
Node 0 FilePages:         81308 kB
Node 0 Mapped:            36200 kB
Node 0 AnonPages:         15836 kB
Node 0 Shmem:               836 kB
Node 0 KernelStack:        3572 kB
Node 0 PageTables:          740 kB
Node 0 NFS_Unstable:          0 kB
Node 0 Bounce:                0 kB
Node 0 WritebackTmp:          0 kB
Node 0 KReclaimable:      21772 kB
Node 0 Slab:              74024 kB
Node 0 SReclaimable:      21772 kB
Node 0 SUnreclaim:        52252 kB
Node 0 AnonHugePages:         0 kB
Node 0 ShmemHugePages:        0 kB
Node 0 ShmemPmdMapped:        0 kB
Node 0 FileHugePages:        0 kB
Node 0 FilePmdMapped:        0 kB
Node 0 HugePages_Total:     0
Node 0 HugePages_Free:      0
Node 0 HugePages_Surp:      0

Node 1 MemTotal:       24661580 kB
Node 1 MemFree:        24391652 kB
Node 1 MemUsed:          269928 kB
Node 1 Active:            64312 kB
Node 1 Inactive:          54516 kB
Node 1 Active(anon):      16604 kB
Node 1 Inactive(anon):      288 kB
Node 1 Active(file):      47708 kB
Node 1 Inactive(file):    54228 kB
Node 1 Unevictable:       17440 kB
Node 1 Mlocked:           17440 kB
Node 1 Dirty:                20 kB
Node 1 Writeback:             0 kB
Node 1 FilePages:        109520 kB
Node 1 Mapped:            22864 kB
Node 1 AnonPages:         26744 kB
Node 1 Shmem:               476 kB
Node 1 KernelStack:        1080 kB
Node 1 PageTables:          504 kB
Node 1 NFS_Unstable:          0 kB
Node 1 Bounce:                0 kB
Node 1 WritebackTmp:          0 kB
Node 1 KReclaimable:      22832 kB
Node 1 Slab:              53864 kB
Node 1 SReclaimable:      22832 kB
Node 1 SUnreclaim:        31032 kB
Node 1 AnonHugePages:         0 kB
Node 1 ShmemHugePages:        0 kB
Node 1 ShmemPmdMapped:        0 kB
Node 1 FileHugePages:        0 kB
Node 1 FilePmdMapped:        0 kB
Node 1 HugePages_Total:     0
Node 1 HugePages_Free:      0
Node 1 HugePages_Surp:      0

After Opposite Node
Node 0 MemTotal:       24768352 kB
Node 0 MemFree:        22513436 kB
Node 0 MemUsed:         2254916 kB
Node 0 Active:            40676 kB
Node 0 Inactive:          55468 kB
Node 0 Active(anon):      16300 kB
Node 0 Inactive(anon):      592 kB
Node 0 Active(file):      24376 kB
Node 0 Inactive(file):    54876 kB
Node 0 Unevictable:        1084 kB
Node 0 Mlocked:            1084 kB
Node 0 Dirty:                56 kB
Node 0 Writeback:             0 kB
Node 0 FilePages:         81128 kB
Node 0 Mapped:            36184 kB
Node 0 AnonPages:         16100 kB
Node 0 Shmem:               792 kB
Node 0 KernelStack:        3512 kB
Node 0 PageTables:          600 kB
Node 0 NFS_Unstable:          0 kB
Node 0 Bounce:                0 kB
Node 0 WritebackTmp:          0 kB
Node 0 KReclaimable:      21816 kB
Node 0 Slab:              73876 kB
Node 0 SReclaimable:      21816 kB
Node 0 SUnreclaim:        52060 kB
Node 0 AnonHugePages:         0 kB
Node 0 ShmemHugePages:        0 kB
Node 0 ShmemPmdMapped:        0 kB
Node 0 FileHugePages:        0 kB
Node 0 FilePmdMapped:        0 kB
Node 0 HugePages_Total:     0
Node 0 HugePages_Free:      0
Node 0 HugePages_Surp:      0

Node 1 MemTotal:       24661580 kB
Node 1 MemFree:        24388900 kB
Node 1 MemUsed:          272680 kB
Node 1 Active:            64680 kB
Node 1 Inactive:          54516 kB
Node 1 Active(anon):      16928 kB
Node 1 Inactive(anon):      316 kB
Node 1 Active(file):      47752 kB
Node 1 Inactive(file):    54200 kB
Node 1 Unevictable:       17440 kB
Node 1 Mlocked:           17440 kB
Node 1 Dirty:                28 kB
Node 1 Writeback:             0 kB
Node 1 FilePages:        109580 kB
Node 1 Mapped:            22908 kB
Node 1 AnonPages:         26592 kB
Node 1 Shmem:               520 kB
Node 1 KernelStack:        1128 kB
Node 1 PageTables:          684 kB
Node 1 NFS_Unstable:          0 kB
Node 1 Bounce:                0 kB
Node 1 WritebackTmp:          0 kB
Node 1 KReclaimable:      22972 kB
Node 1 Slab:              54648 kB
Node 1 SReclaimable:      22972 kB
Node 1 SUnreclaim:        31676 kB
Node 1 AnonHugePages:         0 kB
Node 1 ShmemHugePages:        0 kB
Node 1 ShmemPmdMapped:        0 kB
Node 1 FileHugePages:        0 kB
Node 1 FilePmdMapped:        0 kB
Node 1 HugePages_Total:     0
Node 1 HugePages_Free:      0
Node 1 HugePages_Surp:      0

U.0.randomfio.2-1G.2.O.1M Complete!
