kernel.numa_balancing = 0
U.0.randomfio.2G.3.O.1M
Begin
Node 0 MemTotal:       24743736 kB
Node 0 MemFree:        24351980 kB
Node 0 MemUsed:          391756 kB
Node 0 Active:            50744 kB
Node 0 Inactive:          52996 kB
Node 0 Active(anon):      14528 kB
Node 0 Inactive(anon):      360 kB
Node 0 Active(file):      36216 kB
Node 0 Inactive(file):    52636 kB
Node 0 Unevictable:       13716 kB
Node 0 Mlocked:           13716 kB
Node 0 Dirty:               128 kB
Node 0 Writeback:             0 kB
Node 0 FilePages:         92752 kB
Node 0 Mapped:            12568 kB
Node 0 AnonPages:         24708 kB
Node 0 Shmem:               512 kB
Node 0 KernelStack:        2200 kB
Node 0 PageTables:          436 kB
Node 0 NFS_Unstable:          0 kB
Node 0 Bounce:                0 kB
Node 0 WritebackTmp:          0 kB
Node 0 KReclaimable:      19148 kB
Node 0 Slab:              51404 kB
Node 0 SReclaimable:      19148 kB
Node 0 SUnreclaim:        32256 kB
Node 0 AnonHugePages:         0 kB
Node 0 ShmemHugePages:        0 kB
Node 0 ShmemPmdMapped:        0 kB
Node 0 FileHugePages:        0 kB
Node 0 FilePmdMapped:        0 kB
Node 0 HugePages_Total:     0
Node 0 HugePages_Free:      0
Node 0 HugePages_Surp:      0

Node 1 MemTotal:       24686196 kB
Node 1 MemFree:        24470044 kB
Node 1 MemUsed:          216152 kB
Node 1 Active:            44596 kB
Node 1 Inactive:          33744 kB
Node 1 Active(anon):      19244 kB
Node 1 Inactive(anon):      516 kB
Node 1 Active(file):      25352 kB
Node 1 Inactive(file):    33228 kB
Node 1 Unevictable:        4808 kB
Node 1 Mlocked:            4808 kB
Node 1 Dirty:               376 kB
Node 1 Writeback:             0 kB
Node 1 FilePages:         64180 kB
Node 1 Mapped:            27732 kB
Node 1 AnonPages:         19092 kB
Node 1 Shmem:               756 kB
Node 1 KernelStack:        1432 kB
Node 1 PageTables:          668 kB
Node 1 NFS_Unstable:          0 kB
Node 1 Bounce:                0 kB
Node 1 WritebackTmp:          0 kB
Node 1 KReclaimable:      22860 kB
Node 1 Slab:              55108 kB
Node 1 SReclaimable:      22860 kB
Node 1 SUnreclaim:        32248 kB
Node 1 AnonHugePages:         0 kB
Node 1 ShmemHugePages:        0 kB
Node 1 ShmemPmdMapped:        0 kB
Node 1 FileHugePages:        0 kB
Node 1 FilePmdMapped:        0 kB
Node 1 HugePages_Total:     0
Node 1 HugePages_Free:      0
Node 1 HugePages_Surp:      0

Load ZFS
Node 0 MemTotal:       24743736 kB
Node 0 MemFree:        24484444 kB
Node 0 MemUsed:          259292 kB
Node 0 Active:            59036 kB
Node 0 Inactive:          48568 kB
Node 0 Active(anon):      17112 kB
Node 0 Inactive(anon):      360 kB
Node 0 Active(file):      41924 kB
Node 0 Inactive(file):    48208 kB
Node 0 Unevictable:       13716 kB
Node 0 Mlocked:           13716 kB
Node 0 Dirty:               128 kB
Node 0 Writeback:             0 kB
Node 0 FilePages:         94032 kB
Node 0 Mapped:            12688 kB
Node 0 AnonPages:         27360 kB
Node 0 Shmem:               512 kB
Node 0 KernelStack:        2472 kB
Node 0 PageTables:          520 kB
Node 0 NFS_Unstable:          0 kB
Node 0 Bounce:                0 kB
Node 0 WritebackTmp:          0 kB
Node 0 KReclaimable:      19676 kB
Node 0 Slab:              52980 kB
Node 0 SReclaimable:      19676 kB
Node 0 SUnreclaim:        33304 kB
Node 0 AnonHugePages:         0 kB
Node 0 ShmemHugePages:        0 kB
Node 0 ShmemPmdMapped:        0 kB
Node 0 FileHugePages:        0 kB
Node 0 FilePmdMapped:        0 kB
Node 0 HugePages_Total:     0
Node 0 HugePages_Free:      0
Node 0 HugePages_Surp:      0

Node 1 MemTotal:       24686196 kB
Node 1 MemFree:        24328180 kB
Node 1 MemUsed:          358016 kB
Node 1 Active:            47148 kB
Node 1 Inactive:          34244 kB
Node 1 Active(anon):      21016 kB
Node 1 Inactive(anon):      516 kB
Node 1 Active(file):      26132 kB
Node 1 Inactive(file):    33728 kB
Node 1 Unevictable:        4808 kB
Node 1 Mlocked:            4808 kB
Node 1 Dirty:               404 kB
Node 1 Writeback:             0 kB
Node 1 FilePages:         65420 kB
Node 1 Mapped:            27728 kB
Node 1 AnonPages:         20712 kB
Node 1 Shmem:               756 kB
Node 1 KernelStack:        1288 kB
Node 1 PageTables:          876 kB
Node 1 NFS_Unstable:          0 kB
Node 1 Bounce:                0 kB
Node 1 WritebackTmp:          0 kB
Node 1 KReclaimable:      23224 kB
Node 1 Slab:              56848 kB
Node 1 SReclaimable:      23224 kB
Node 1 SUnreclaim:        33624 kB
Node 1 AnonHugePages:         0 kB
Node 1 ShmemHugePages:        0 kB
Node 1 ShmemPmdMapped:        0 kB
Node 1 FileHugePages:        0 kB
Node 1 FilePmdMapped:        0 kB
Node 1 HugePages_Total:     0
Node 1 HugePages_Free:      0
Node 1 HugePages_Surp:      0

Import tank ZPool
Node 0 MemTotal:       24743736 kB
Node 0 MemFree:        24470340 kB
Node 0 MemUsed:          273396 kB
Node 0 Active:            59128 kB
Node 0 Inactive:          48544 kB
Node 0 Active(anon):      17152 kB
Node 0 Inactive(anon):      360 kB
Node 0 Active(file):      41976 kB
Node 0 Inactive(file):    48184 kB
Node 0 Unevictable:       13716 kB
Node 0 Mlocked:           13716 kB
Node 0 Dirty:               136 kB
Node 0 Writeback:             0 kB
Node 0 FilePages:         94060 kB
Node 0 Mapped:            12572 kB
Node 0 AnonPages:         27368 kB
Node 0 Shmem:               512 kB
Node 0 KernelStack:        3544 kB
Node 0 PageTables:          520 kB
Node 0 NFS_Unstable:          0 kB
Node 0 Bounce:                0 kB
Node 0 WritebackTmp:          0 kB
Node 0 KReclaimable:      19676 kB
Node 0 Slab:              55620 kB
Node 0 SReclaimable:      19676 kB
Node 0 SUnreclaim:        35944 kB
Node 0 AnonHugePages:         0 kB
Node 0 ShmemHugePages:        0 kB
Node 0 ShmemPmdMapped:        0 kB
Node 0 FileHugePages:        0 kB
Node 0 FilePmdMapped:        0 kB
Node 0 HugePages_Total:     0
Node 0 HugePages_Free:      0
Node 0 HugePages_Surp:      0

Node 1 MemTotal:       24686196 kB
Node 1 MemFree:        24322364 kB
Node 1 MemUsed:          363832 kB
Node 1 Active:            48200 kB
Node 1 Inactive:          35428 kB
Node 1 Active(anon):      21424 kB
Node 1 Inactive(anon):      520 kB
Node 1 Active(file):      26776 kB
Node 1 Inactive(file):    34908 kB
Node 1 Unevictable:        4808 kB
Node 1 Mlocked:            4808 kB
Node 1 Dirty:               224 kB
Node 1 Writeback:             0 kB
Node 1 FilePages:         67044 kB
Node 1 Mapped:            27832 kB
Node 1 AnonPages:         20624 kB
Node 1 Shmem:               756 kB
Node 1 KernelStack:        1304 kB
Node 1 PageTables:          872 kB
Node 1 NFS_Unstable:          0 kB
Node 1 Bounce:                0 kB
Node 1 WritebackTmp:          0 kB
Node 1 KReclaimable:      23360 kB
Node 1 Slab:              61352 kB
Node 1 SReclaimable:      23360 kB
Node 1 SUnreclaim:        37992 kB
Node 1 AnonHugePages:         0 kB
Node 1 ShmemHugePages:        0 kB
Node 1 ShmemPmdMapped:        0 kB
Node 1 FileHugePages:        0 kB
Node 1 FilePmdMapped:        0 kB
Node 1 HugePages_Total:     0
Node 1 HugePages_Free:      0
Node 1 HugePages_Surp:      0

After Test
Node 0 MemTotal:       24743736 kB
Node 0 MemFree:        21546640 kB
Node 0 MemUsed:         3197096 kB
Node 0 Active:            57412 kB
Node 0 Inactive:          49668 kB
Node 0 Active(anon):      14592 kB
Node 0 Inactive(anon):      384 kB
Node 0 Active(file):      42820 kB
Node 0 Inactive(file):    49284 kB
Node 0 Unevictable:       13716 kB
Node 0 Mlocked:           13716 kB
Node 0 Dirty:                 8 kB
Node 0 Writeback:             0 kB
Node 0 FilePages:         96048 kB
Node 0 Mapped:            12796 kB
Node 0 AnonPages:         24664 kB
Node 0 Shmem:               556 kB
Node 0 KernelStack:        3400 kB
Node 0 PageTables:          520 kB
Node 0 NFS_Unstable:          0 kB
Node 0 Bounce:                0 kB
Node 0 WritebackTmp:          0 kB
Node 0 KReclaimable:      20972 kB
Node 0 Slab:              69168 kB
Node 0 SReclaimable:      20972 kB
Node 0 SUnreclaim:        48196 kB
Node 0 AnonHugePages:         0 kB
Node 0 ShmemHugePages:        0 kB
Node 0 ShmemPmdMapped:        0 kB
Node 0 FileHugePages:        0 kB
Node 0 FilePmdMapped:        0 kB
Node 0 HugePages_Total:     0
Node 0 HugePages_Free:      0
Node 0 HugePages_Surp:      0

Node 1 MemTotal:       24686196 kB
Node 1 MemFree:        24327868 kB
Node 1 MemUsed:          358328 kB
Node 1 Active:            45448 kB
Node 1 Inactive:          35208 kB
Node 1 Active(anon):      18440 kB
Node 1 Inactive(anon):      520 kB
Node 1 Active(file):      27008 kB
Node 1 Inactive(file):    34688 kB
Node 1 Unevictable:        4808 kB
Node 1 Mlocked:            4808 kB
Node 1 Dirty:                 0 kB
Node 1 Writeback:             0 kB
Node 1 FilePages:         67256 kB
Node 1 Mapped:            27732 kB
Node 1 AnonPages:         18204 kB
Node 1 Shmem:               756 kB
Node 1 KernelStack:        1192 kB
Node 1 PageTables:          596 kB
Node 1 NFS_Unstable:          0 kB
Node 1 Bounce:                0 kB
Node 1 WritebackTmp:          0 kB
Node 1 KReclaimable:      23456 kB
Node 1 Slab:              62472 kB
Node 1 SReclaimable:      23456 kB
Node 1 SUnreclaim:        39016 kB
Node 1 AnonHugePages:         0 kB
Node 1 ShmemHugePages:        0 kB
Node 1 ShmemPmdMapped:        0 kB
Node 1 FileHugePages:        0 kB
Node 1 FilePmdMapped:        0 kB
Node 1 HugePages_Total:     0
Node 1 HugePages_Free:      0
Node 1 HugePages_Surp:      0

After Opposite Node
Node 0 MemTotal:       24743736 kB
Node 0 MemFree:        21547584 kB
Node 0 MemUsed:         3196152 kB
Node 0 Active:            57412 kB
Node 0 Inactive:          49500 kB
Node 0 Active(anon):      14440 kB
Node 0 Inactive(anon):      360 kB
Node 0 Active(file):      42972 kB
Node 0 Inactive(file):    49140 kB
Node 0 Unevictable:       13716 kB
Node 0 Mlocked:           13716 kB
Node 0 Dirty:                40 kB
Node 0 Writeback:             0 kB
Node 0 FilePages:         96012 kB
Node 0 Mapped:            12776 kB
Node 0 AnonPages:         24616 kB
Node 0 Shmem:               512 kB
Node 0 KernelStack:        3384 kB
Node 0 PageTables:          412 kB
Node 0 NFS_Unstable:          0 kB
Node 0 Bounce:                0 kB
Node 0 WritebackTmp:          0 kB
Node 0 KReclaimable:      20972 kB
Node 0 Slab:              69156 kB
Node 0 SReclaimable:      20972 kB
Node 0 SUnreclaim:        48184 kB
Node 0 AnonHugePages:         0 kB
Node 0 ShmemHugePages:        0 kB
Node 0 ShmemPmdMapped:        0 kB
Node 0 FileHugePages:        0 kB
Node 0 FilePmdMapped:        0 kB
Node 0 HugePages_Total:     0
Node 0 HugePages_Free:      0
Node 0 HugePages_Surp:      0

Node 1 MemTotal:       24686196 kB
Node 1 MemFree:        24324216 kB
Node 1 MemUsed:          361980 kB
Node 1 Active:            46096 kB
Node 1 Inactive:          35228 kB
Node 1 Active(anon):      18776 kB
Node 1 Inactive(anon):      548 kB
Node 1 Active(file):      27320 kB
Node 1 Inactive(file):    34680 kB
Node 1 Unevictable:        4808 kB
Node 1 Mlocked:            4808 kB
Node 1 Dirty:                64 kB
Node 1 Writeback:             0 kB
Node 1 FilePages:         67604 kB
Node 1 Mapped:            27776 kB
Node 1 AnonPages:         18496 kB
Node 1 Shmem:               800 kB
Node 1 KernelStack:        1224 kB
Node 1 PageTables:          776 kB
Node 1 NFS_Unstable:          0 kB
Node 1 Bounce:                0 kB
Node 1 WritebackTmp:          0 kB
Node 1 KReclaimable:      23536 kB
Node 1 Slab:              63392 kB
Node 1 SReclaimable:      23536 kB
Node 1 SUnreclaim:        39856 kB
Node 1 AnonHugePages:         0 kB
Node 1 ShmemHugePages:        0 kB
Node 1 ShmemPmdMapped:        0 kB
Node 1 FileHugePages:        0 kB
Node 1 FilePmdMapped:        0 kB
Node 1 HugePages_Total:     0
Node 1 HugePages_Free:      0
Node 1 HugePages_Surp:      0

U.0.randomfio.2G.3.O.1M Complete!
