B.1.huge-simpleread.4G.1.O.1M
Begin
Node 0 MemTotal:       24743736 kB
Node 0 MemFree:        24488016 kB
Node 0 MemUsed:          255720 kB
Node 0 Active:            36596 kB
Node 0 Inactive:          71880 kB
Node 0 Active(anon):      17428 kB
Node 0 Inactive(anon):      372 kB
Node 0 Active(file):      19168 kB
Node 0 Inactive(file):    71508 kB
Node 0 Unevictable:       13704 kB
Node 0 Mlocked:           13704 kB
Node 0 Dirty:               152 kB
Node 0 Writeback:             0 kB
Node 0 FilePages:         94576 kB
Node 0 Mapped:            28824 kB
Node 0 AnonPages:         27896 kB
Node 0 Shmem:               524 kB
Node 0 KernelStack:        2216 kB
Node 0 PageTables:          584 kB
Node 0 NFS_Unstable:          0 kB
Node 0 Bounce:                0 kB
Node 0 WritebackTmp:          0 kB
Node 0 KReclaimable:      17028 kB
Node 0 Slab:              45896 kB
Node 0 SReclaimable:      17028 kB
Node 0 SUnreclaim:        28868 kB
Node 0 AnonHugePages:         0 kB
Node 0 ShmemHugePages:        0 kB
Node 0 ShmemPmdMapped:        0 kB
Node 0 FileHugePages:        0 kB
Node 0 FilePmdMapped:        0 kB
Node 0 HugePages_Total:     0
Node 0 HugePages_Free:      0
Node 0 HugePages_Surp:      0

Node 1 MemTotal:       24686196 kB
Node 1 MemFree:        24324708 kB
Node 1 MemUsed:          361488 kB
Node 1 Active:            58012 kB
Node 1 Inactive:          27244 kB
Node 1 Active(anon):      16160 kB
Node 1 Inactive(anon):      516 kB
Node 1 Active(file):      41852 kB
Node 1 Inactive(file):    26728 kB
Node 1 Unevictable:        4820 kB
Node 1 Mlocked:            4820 kB
Node 1 Dirty:               284 kB
Node 1 Writeback:             0 kB
Node 1 FilePages:         74308 kB
Node 1 Mapped:            21812 kB
Node 1 AnonPages:         15936 kB
Node 1 Shmem:               744 kB
Node 1 KernelStack:        1400 kB
Node 1 PageTables:          444 kB
Node 1 NFS_Unstable:          0 kB
Node 1 Bounce:                0 kB
Node 1 WritebackTmp:          0 kB
Node 1 KReclaimable:      24280 kB
Node 1 Slab:              58980 kB
Node 1 SReclaimable:      24280 kB
Node 1 SUnreclaim:        34700 kB
Node 1 AnonHugePages:         0 kB
Node 1 ShmemHugePages:        0 kB
Node 1 ShmemPmdMapped:        0 kB
Node 1 FileHugePages:        0 kB
Node 1 FilePmdMapped:        0 kB
Node 1 HugePages_Total:     0
Node 1 HugePages_Free:      0
Node 1 HugePages_Surp:      0

Load ZFS
Node 0 MemTotal:       24743736 kB
Node 0 MemFree:        24440748 kB
Node 0 MemUsed:          302988 kB
Node 0 Active:            50712 kB
Node 0 Inactive:         100600 kB
Node 0 Active(anon):      30324 kB
Node 0 Inactive(anon):      388 kB
Node 0 Active(file):      20388 kB
Node 0 Inactive(file):   100212 kB
Node 0 Unevictable:       13836 kB
Node 0 Mlocked:           13836 kB
Node 0 Dirty:               480 kB
Node 0 Writeback:             0 kB
Node 0 FilePages:        124596 kB
Node 0 Mapped:            31052 kB
Node 0 AnonPages:         40532 kB
Node 0 Shmem:               620 kB
Node 0 KernelStack:        2512 kB
Node 0 PageTables:         1972 kB
Node 0 NFS_Unstable:          0 kB
Node 0 Bounce:                0 kB
Node 0 WritebackTmp:          0 kB
Node 0 KReclaimable:      17768 kB
Node 0 Slab:              48636 kB
Node 0 SReclaimable:      17768 kB
Node 0 SUnreclaim:        30868 kB
Node 0 AnonHugePages:         0 kB
Node 0 ShmemHugePages:        0 kB
Node 0 ShmemPmdMapped:        0 kB
Node 0 FileHugePages:        0 kB
Node 0 FilePmdMapped:        0 kB
Node 0 HugePages_Total:     0
Node 0 HugePages_Free:      0
Node 0 HugePages_Surp:      0

Node 1 MemTotal:       24686196 kB
Node 1 MemFree:        24227908 kB
Node 1 MemUsed:          458288 kB
Node 1 Active:            70696 kB
Node 1 Inactive:         101656 kB
Node 1 Active(anon):      27204 kB
Node 1 Inactive(anon):      408 kB
Node 1 Active(file):      43492 kB
Node 1 Inactive(file):   101248 kB
Node 1 Unevictable:        4820 kB
Node 1 Mlocked:            4820 kB
Node 1 Dirty:                64 kB
Node 1 Writeback:             0 kB
Node 1 FilePages:        150200 kB
Node 1 Mapped:            24276 kB
Node 1 AnonPages:         26436 kB
Node 1 Shmem:               648 kB
Node 1 KernelStack:        1644 kB
Node 1 PageTables:         1436 kB
Node 1 NFS_Unstable:          0 kB
Node 1 Bounce:                0 kB
Node 1 WritebackTmp:          0 kB
Node 1 KReclaimable:      25332 kB
Node 1 Slab:              64132 kB
Node 1 SReclaimable:      25332 kB
Node 1 SUnreclaim:        38800 kB
Node 1 AnonHugePages:         0 kB
Node 1 ShmemHugePages:        0 kB
Node 1 ShmemPmdMapped:        0 kB
Node 1 FileHugePages:        0 kB
Node 1 FilePmdMapped:        0 kB
Node 1 HugePages_Total:     0
Node 1 HugePages_Free:      0
Node 1 HugePages_Surp:      0

Import tank ZPool
Node 0 MemTotal:       24743736 kB
Node 0 MemFree:        24453672 kB
Node 0 MemUsed:          290064 kB
Node 0 Active:            38216 kB
Node 0 Inactive:         100460 kB
Node 0 Active(anon):      17648 kB
Node 0 Inactive(anon):      544 kB
Node 0 Active(file):      20568 kB
Node 0 Inactive(file):    99916 kB
Node 0 Unevictable:       13932 kB
Node 0 Mlocked:           13932 kB
Node 0 Dirty:               516 kB
Node 0 Writeback:             0 kB
Node 0 FilePages:        124560 kB
Node 0 Mapped:            29040 kB
Node 0 AnonPages:         28072 kB
Node 0 Shmem:               700 kB
Node 0 KernelStack:        2392 kB
Node 0 PageTables:          992 kB
Node 0 NFS_Unstable:          0 kB
Node 0 Bounce:                0 kB
Node 0 WritebackTmp:          0 kB
Node 0 KReclaimable:      17824 kB
Node 0 Slab:              48800 kB
Node 0 SReclaimable:      17824 kB
Node 0 SUnreclaim:        30976 kB
Node 0 AnonHugePages:         0 kB
Node 0 ShmemHugePages:        0 kB
Node 0 ShmemPmdMapped:        0 kB
Node 0 FileHugePages:        0 kB
Node 0 FilePmdMapped:        0 kB
Node 0 HugePages_Total:     0
Node 0 HugePages_Free:      0
Node 0 HugePages_Surp:      0

Node 1 MemTotal:       24686196 kB
Node 1 MemFree:        24222644 kB
Node 1 MemUsed:          463552 kB
Node 1 Active:            60872 kB
Node 1 Inactive:         102280 kB
Node 1 Active(anon):      16476 kB
Node 1 Inactive(anon):      404 kB
Node 1 Active(file):      44396 kB
Node 1 Inactive(file):   101876 kB
Node 1 Unevictable:        4820 kB
Node 1 Mlocked:            4820 kB
Node 1 Dirty:                80 kB
Node 1 Writeback:             0 kB
Node 1 FilePages:        151660 kB
Node 1 Mapped:            22240 kB
Node 1 AnonPages:         15832 kB
Node 1 Shmem:               568 kB
Node 1 KernelStack:        2568 kB
Node 1 PageTables:          812 kB
Node 1 NFS_Unstable:          0 kB
Node 1 Bounce:                0 kB
Node 1 WritebackTmp:          0 kB
Node 1 KReclaimable:      25448 kB
Node 1 Slab:              70096 kB
Node 1 SReclaimable:      25448 kB
Node 1 SUnreclaim:        44648 kB
Node 1 AnonHugePages:         0 kB
Node 1 ShmemHugePages:        0 kB
Node 1 ShmemPmdMapped:        0 kB
Node 1 FileHugePages:        0 kB
Node 1 FilePmdMapped:        0 kB
Node 1 HugePages_Total:     0
Node 1 HugePages_Free:      0
Node 1 HugePages_Surp:      0

After Test
Node 0 MemTotal:       24743736 kB
Node 0 MemFree:        23764296 kB
Node 0 MemUsed:          979440 kB
Node 0 Active:            37956 kB
Node 0 Inactive:         100428 kB
Node 0 Active(anon):      17352 kB
Node 0 Inactive(anon):      548 kB
Node 0 Active(file):      20604 kB
Node 0 Inactive(file):    99880 kB
Node 0 Unevictable:       13932 kB
Node 0 Mlocked:           13932 kB
Node 0 Dirty:                12 kB
Node 0 Writeback:             0 kB
Node 0 FilePages:        124564 kB
Node 0 Mapped:            28888 kB
Node 0 AnonPages:         27752 kB
Node 0 Shmem:               704 kB
Node 0 KernelStack:        2184 kB
Node 0 PageTables:          564 kB
Node 0 NFS_Unstable:          0 kB
Node 0 Bounce:                0 kB
Node 0 WritebackTmp:          0 kB
Node 0 KReclaimable:      17872 kB
Node 0 Slab:              51788 kB
Node 0 SReclaimable:      17872 kB
Node 0 SUnreclaim:        33916 kB
Node 0 AnonHugePages:         0 kB
Node 0 ShmemHugePages:        0 kB
Node 0 ShmemPmdMapped:        0 kB
Node 0 FileHugePages:        0 kB
Node 0 FilePmdMapped:        0 kB
Node 0 HugePages_Total:     0
Node 0 HugePages_Free:      0
Node 0 HugePages_Surp:      0

Node 1 MemTotal:       24686196 kB
Node 1 MemFree:        19775448 kB
Node 1 MemUsed:         4910748 kB
Node 1 Active:            61428 kB
Node 1 Inactive:         199692 kB
Node 1 Active(anon):      16296 kB
Node 1 Inactive(anon):      392 kB
Node 1 Active(file):      45132 kB
Node 1 Inactive(file):   199300 kB
Node 1 Unevictable:        4820 kB
Node 1 Mlocked:            4820 kB
Node 1 Dirty:                20 kB
Node 1 Writeback:             0 kB
Node 1 FilePages:        249836 kB
Node 1 Mapped:            21828 kB
Node 1 AnonPages:         16060 kB
Node 1 Shmem:               564 kB
Node 1 KernelStack:        2472 kB
Node 1 PageTables:          736 kB
Node 1 NFS_Unstable:          0 kB
Node 1 Bounce:                0 kB
Node 1 WritebackTmp:          0 kB
Node 1 KReclaimable:      25892 kB
Node 1 Slab:              88408 kB
Node 1 SReclaimable:      25892 kB
Node 1 SUnreclaim:        62516 kB
Node 1 AnonHugePages:         0 kB
Node 1 ShmemHugePages:        0 kB
Node 1 ShmemPmdMapped:        0 kB
Node 1 FileHugePages:        0 kB
Node 1 FilePmdMapped:        0 kB
Node 1 HugePages_Total:     0
Node 1 HugePages_Free:      0
Node 1 HugePages_Surp:      0

After Opposite Node
Node 0 MemTotal:       24743736 kB
Node 0 MemFree:        23765864 kB
Node 0 MemUsed:          977872 kB
Node 0 Active:            38444 kB
Node 0 Inactive:         100208 kB
Node 0 Active(anon):      17612 kB
Node 0 Inactive(anon):      548 kB
Node 0 Active(file):      20832 kB
Node 0 Inactive(file):    99660 kB
Node 0 Unevictable:       13932 kB
Node 0 Mlocked:           13932 kB
Node 0 Dirty:                88 kB
Node 0 Writeback:             0 kB
Node 0 FilePages:        124572 kB
Node 0 Mapped:            28860 kB
Node 0 AnonPages:         28188 kB
Node 0 Shmem:               704 kB
Node 0 KernelStack:        2168 kB
Node 0 PageTables:          804 kB
Node 0 NFS_Unstable:          0 kB
Node 0 Bounce:                0 kB
Node 0 WritebackTmp:          0 kB
Node 0 KReclaimable:      17904 kB
Node 0 Slab:              52564 kB
Node 0 SReclaimable:      17904 kB
Node 0 SUnreclaim:        34660 kB
Node 0 AnonHugePages:         0 kB
Node 0 ShmemHugePages:        0 kB
Node 0 ShmemPmdMapped:        0 kB
Node 0 FileHugePages:        0 kB
Node 0 FilePmdMapped:        0 kB
Node 0 HugePages_Total:     0
Node 0 HugePages_Free:      0
Node 0 HugePages_Surp:      0

Node 1 MemTotal:       24686196 kB
Node 1 MemFree:        19776944 kB
Node 1 MemUsed:         4909252 kB
Node 1 Active:            60980 kB
Node 1 Inactive:         199680 kB
Node 1 Active(anon):      15796 kB
Node 1 Inactive(anon):      392 kB
Node 1 Active(file):      45184 kB
Node 1 Inactive(file):   199288 kB
Node 1 Unevictable:        4820 kB
Node 1 Mlocked:            4820 kB
Node 1 Dirty:                40 kB
Node 1 Writeback:             0 kB
Node 1 FilePages:        249852 kB
Node 1 Mapped:            21820 kB
Node 1 AnonPages:         15624 kB
Node 1 Shmem:               564 kB
Node 1 KernelStack:        2472 kB
Node 1 PageTables:          492 kB
Node 1 NFS_Unstable:          0 kB
Node 1 Bounce:                0 kB
Node 1 WritebackTmp:          0 kB
Node 1 KReclaimable:      25900 kB
Node 1 Slab:              88476 kB
Node 1 SReclaimable:      25900 kB
Node 1 SUnreclaim:        62576 kB
Node 1 AnonHugePages:         0 kB
Node 1 ShmemHugePages:        0 kB
Node 1 ShmemPmdMapped:        0 kB
Node 1 FileHugePages:        0 kB
Node 1 FilePmdMapped:        0 kB
Node 1 HugePages_Total:     0
Node 1 HugePages_Free:      0
Node 1 HugePages_Surp:      0

B.1.huge-simpleread.4G.1.O.1M Complete!
