B.1.huge-simpleread.4G.2.O.1M
Begin
Node 0 MemTotal:       24768352 kB
Node 0 MemFree:        24461956 kB
Node 0 MemUsed:          306396 kB
Node 0 Active:            70136 kB
Node 0 Inactive:          81616 kB
Node 0 Active(anon):      21116 kB
Node 0 Inactive(anon):      408 kB
Node 0 Active(file):      49020 kB
Node 0 Inactive(file):    81208 kB
Node 0 Unevictable:        5476 kB
Node 0 Mlocked:            5476 kB
Node 0 Dirty:               236 kB
Node 0 Writeback:             0 kB
Node 0 FilePages:        136324 kB
Node 0 Mapped:            47032 kB
Node 0 AnonPages:         20960 kB
Node 0 Shmem:               568 kB
Node 0 KernelStack:        2200 kB
Node 0 PageTables:          632 kB
Node 0 NFS_Unstable:          0 kB
Node 0 Bounce:                0 kB
Node 0 WritebackTmp:          0 kB
Node 0 KReclaimable:      23092 kB
Node 0 Slab:              61316 kB
Node 0 SReclaimable:      23092 kB
Node 0 SUnreclaim:        38224 kB
Node 0 AnonHugePages:         0 kB
Node 0 ShmemHugePages:        0 kB
Node 0 ShmemPmdMapped:        0 kB
Node 0 FileHugePages:        0 kB
Node 0 FilePmdMapped:        0 kB
Node 0 HugePages_Total:     0
Node 0 HugePages_Free:      0
Node 0 HugePages_Surp:      0

Node 1 MemTotal:       24661580 kB
Node 1 MemFree:        24339700 kB
Node 1 MemUsed:          321880 kB
Node 1 Active:            25608 kB
Node 1 Inactive:          23240 kB
Node 1 Active(anon):      12780 kB
Node 1 Inactive(anon):      468 kB
Node 1 Active(file):      12828 kB
Node 1 Inactive(file):    22772 kB
Node 1 Unevictable:       13048 kB
Node 1 Mlocked:           13048 kB
Node 1 Dirty:               284 kB
Node 1 Writeback:             0 kB
Node 1 FilePages:         39020 kB
Node 1 Mapped:            12220 kB
Node 1 AnonPages:         22920 kB
Node 1 Shmem:               700 kB
Node 1 KernelStack:        1320 kB
Node 1 PageTables:          440 kB
Node 1 NFS_Unstable:          0 kB
Node 1 Bounce:                0 kB
Node 1 WritebackTmp:          0 kB
Node 1 KReclaimable:      18676 kB
Node 1 Slab:              45784 kB
Node 1 SReclaimable:      18676 kB
Node 1 SUnreclaim:        27108 kB
Node 1 AnonHugePages:         0 kB
Node 1 ShmemHugePages:        0 kB
Node 1 ShmemPmdMapped:        0 kB
Node 1 FileHugePages:        0 kB
Node 1 FilePmdMapped:        0 kB
Node 1 HugePages_Total:     0
Node 1 HugePages_Free:      0
Node 1 HugePages_Surp:      0

Load ZFS
Node 0 MemTotal:       24768352 kB
Node 0 MemFree:        24368280 kB
Node 0 MemUsed:          400072 kB
Node 0 Active:            89608 kB
Node 0 Inactive:         146288 kB
Node 0 Active(anon):      34972 kB
Node 0 Inactive(anon):      540 kB
Node 0 Active(file):      54636 kB
Node 0 Inactive(file):   145748 kB
Node 0 Unevictable:        5476 kB
Node 0 Mlocked:            5476 kB
Node 0 Dirty:               632 kB
Node 0 Writeback:             0 kB
Node 0 FilePages:        206572 kB
Node 0 Mapped:            51400 kB
Node 0 AnonPages:         34844 kB
Node 0 Shmem:               712 kB
Node 0 KernelStack:        2536 kB
Node 0 PageTables:         1660 kB
Node 0 NFS_Unstable:          0 kB
Node 0 Bounce:                0 kB
Node 0 WritebackTmp:          0 kB
Node 0 KReclaimable:      24772 kB
Node 0 Slab:              67092 kB
Node 0 SReclaimable:      24772 kB
Node 0 SUnreclaim:        42320 kB
Node 0 AnonHugePages:         0 kB
Node 0 ShmemHugePages:        0 kB
Node 0 ShmemPmdMapped:        0 kB
Node 0 FileHugePages:        0 kB
Node 0 FilePmdMapped:        0 kB
Node 0 HugePages_Total:     0
Node 0 HugePages_Free:      0
Node 0 HugePages_Surp:      0

Node 1 MemTotal:       24661580 kB
Node 1 MemFree:        24240116 kB
Node 1 MemUsed:          421464 kB
Node 1 Active:            40320 kB
Node 1 Inactive:          98532 kB
Node 1 Active(anon):      26260 kB
Node 1 Inactive(anon):      404 kB
Node 1 Active(file):      14060 kB
Node 1 Inactive(file):    98128 kB
Node 1 Unevictable:       13264 kB
Node 1 Mlocked:           13264 kB
Node 1 Dirty:                52 kB
Node 1 Writeback:             0 kB
Node 1 FilePages:        115476 kB
Node 1 Mapped:            14028 kB
Node 1 AnonPages:         36416 kB
Node 1 Shmem:               560 kB
Node 1 KernelStack:        1744 kB
Node 1 PageTables:         1860 kB
Node 1 NFS_Unstable:          0 kB
Node 1 Bounce:                0 kB
Node 1 WritebackTmp:          0 kB
Node 1 KReclaimable:      19920 kB
Node 1 Slab:              50404 kB
Node 1 SReclaimable:      19920 kB
Node 1 SUnreclaim:        30484 kB
Node 1 AnonHugePages:         0 kB
Node 1 ShmemHugePages:        0 kB
Node 1 ShmemPmdMapped:        0 kB
Node 1 FileHugePages:        0 kB
Node 1 FilePmdMapped:        0 kB
Node 1 HugePages_Total:     0
Node 1 HugePages_Free:      0
Node 1 HugePages_Surp:      0

Import tank ZPool
Node 0 MemTotal:       24768352 kB
Node 0 MemFree:        24352264 kB
Node 0 MemUsed:          416088 kB
Node 0 Active:            88820 kB
Node 0 Inactive:         147128 kB
Node 0 Active(anon):      33436 kB
Node 0 Inactive(anon):      540 kB
Node 0 Active(file):      55384 kB
Node 0 Inactive(file):   146588 kB
Node 0 Unevictable:        5476 kB
Node 0 Mlocked:            5476 kB
Node 0 Dirty:               128 kB
Node 0 Writeback:             0 kB
Node 0 FilePages:        208152 kB
Node 0 Mapped:            49536 kB
Node 0 AnonPages:         32960 kB
Node 0 Shmem:               704 kB
Node 0 KernelStack:        3592 kB
Node 0 PageTables:         1476 kB
Node 0 NFS_Unstable:          0 kB
Node 0 Bounce:                0 kB
Node 0 WritebackTmp:          0 kB
Node 0 KReclaimable:      24548 kB
Node 0 Slab:              71564 kB
Node 0 SReclaimable:      24548 kB
Node 0 SUnreclaim:        47016 kB
Node 0 AnonHugePages:         0 kB
Node 0 ShmemHugePages:        0 kB
Node 0 ShmemPmdMapped:        0 kB
Node 0 FileHugePages:        0 kB
Node 0 FilePmdMapped:        0 kB
Node 0 HugePages_Total:     0
Node 0 HugePages_Free:      0
Node 0 HugePages_Surp:      0

Node 1 MemTotal:       24661580 kB
Node 1 MemFree:        24241472 kB
Node 1 MemUsed:          420108 kB
Node 1 Active:            39984 kB
Node 1 Inactive:          98248 kB
Node 1 Active(anon):      25528 kB
Node 1 Inactive(anon):      408 kB
Node 1 Active(file):      14456 kB
Node 1 Inactive(file):    97840 kB
Node 1 Unevictable:       13280 kB
Node 1 Mlocked:           13280 kB
Node 1 Dirty:                 8 kB
Node 1 Writeback:             0 kB
Node 1 FilePages:        115580 kB
Node 1 Mapped:            13604 kB
Node 1 AnonPages:         35940 kB
Node 1 Shmem:               564 kB
Node 1 KernelStack:        1624 kB
Node 1 PageTables:         1440 kB
Node 1 NFS_Unstable:          0 kB
Node 1 Bounce:                0 kB
Node 1 WritebackTmp:          0 kB
Node 1 KReclaimable:      19976 kB
Node 1 Slab:              51016 kB
Node 1 SReclaimable:      19976 kB
Node 1 SUnreclaim:        31040 kB
Node 1 AnonHugePages:         0 kB
Node 1 ShmemHugePages:        0 kB
Node 1 ShmemPmdMapped:        0 kB
Node 1 FileHugePages:        0 kB
Node 1 FilePmdMapped:        0 kB
Node 1 HugePages_Total:     0
Node 1 HugePages_Free:      0
Node 1 HugePages_Surp:      0

After Test
Node 0 MemTotal:       24768352 kB
Node 0 MemFree:        24136240 kB
Node 0 MemUsed:          632112 kB
Node 0 Active:            78284 kB
Node 0 Inactive:         146440 kB
Node 0 Active(anon):      22036 kB
Node 0 Inactive(anon):      536 kB
Node 0 Active(file):      56248 kB
Node 0 Inactive(file):   145904 kB
Node 0 Unevictable:        5476 kB
Node 0 Mlocked:            5476 kB
Node 0 Dirty:                 0 kB
Node 0 Writeback:             0 kB
Node 0 FilePages:        208328 kB
Node 0 Mapped:            47332 kB
Node 0 AnonPages:         21868 kB
Node 0 Shmem:               704 kB
Node 0 KernelStack:        3272 kB
Node 0 PageTables:          668 kB
Node 0 NFS_Unstable:          0 kB
Node 0 Bounce:                0 kB
Node 0 WritebackTmp:          0 kB
Node 0 KReclaimable:      24568 kB
Node 0 Slab:              71924 kB
Node 0 SReclaimable:      24568 kB
Node 0 SUnreclaim:        47356 kB
Node 0 AnonHugePages:         0 kB
Node 0 ShmemHugePages:        0 kB
Node 0 ShmemPmdMapped:        0 kB
Node 0 FileHugePages:        0 kB
Node 0 FilePmdMapped:        0 kB
Node 0 HugePages_Total:     0
Node 0 HugePages_Free:      0
Node 0 HugePages_Surp:      0

Node 1 MemTotal:       24661580 kB
Node 1 MemFree:        19351156 kB
Node 1 MemUsed:         5310424 kB
Node 1 Active:            26748 kB
Node 1 Inactive:         195684 kB
Node 1 Active(anon):      11644 kB
Node 1 Inactive(anon):      404 kB
Node 1 Active(file):      15104 kB
Node 1 Inactive(file):   195280 kB
Node 1 Unevictable:       13280 kB
Node 1 Mlocked:           13280 kB
Node 1 Dirty:                 4 kB
Node 1 Writeback:             0 kB
Node 1 FilePages:        213668 kB
Node 1 Mapped:            12228 kB
Node 1 AnonPages:         22216 kB
Node 1 Shmem:               564 kB
Node 1 KernelStack:        1272 kB
Node 1 PageTables:          644 kB
Node 1 NFS_Unstable:          0 kB
Node 1 Bounce:                0 kB
Node 1 WritebackTmp:          0 kB
Node 1 KReclaimable:      20448 kB
Node 1 Slab:              71816 kB
Node 1 SReclaimable:      20448 kB
Node 1 SUnreclaim:        51368 kB
Node 1 AnonHugePages:         0 kB
Node 1 ShmemHugePages:        0 kB
Node 1 ShmemPmdMapped:        0 kB
Node 1 FileHugePages:        0 kB
Node 1 FilePmdMapped:        0 kB
Node 1 HugePages_Total:     0
Node 1 HugePages_Free:      0
Node 1 HugePages_Surp:      0

After Opposite Node
Node 0 MemTotal:       24768352 kB
Node 0 MemFree:        24138040 kB
Node 0 MemUsed:          630312 kB
Node 0 Active:            78816 kB
Node 0 Inactive:         146200 kB
Node 0 Active(anon):      22308 kB
Node 0 Inactive(anon):      536 kB
Node 0 Active(file):      56508 kB
Node 0 Inactive(file):   145664 kB
Node 0 Unevictable:        5476 kB
Node 0 Mlocked:            5476 kB
Node 0 Dirty:                96 kB
Node 0 Writeback:             0 kB
Node 0 FilePages:        208348 kB
Node 0 Mapped:            47112 kB
Node 0 AnonPages:         22316 kB
Node 0 Shmem:               704 kB
Node 0 KernelStack:        3272 kB
Node 0 PageTables:          920 kB
Node 0 NFS_Unstable:          0 kB
Node 0 Bounce:                0 kB
Node 0 WritebackTmp:          0 kB
Node 0 KReclaimable:      24616 kB
Node 0 Slab:              71924 kB
Node 0 SReclaimable:      24616 kB
Node 0 SUnreclaim:        47308 kB
Node 0 AnonHugePages:         0 kB
Node 0 ShmemHugePages:        0 kB
Node 0 ShmemPmdMapped:        0 kB
Node 0 FileHugePages:        0 kB
Node 0 FilePmdMapped:        0 kB
Node 0 HugePages_Total:     0
Node 0 HugePages_Free:      0
Node 0 HugePages_Surp:      0

Node 1 MemTotal:       24661580 kB
Node 1 MemFree:        19350980 kB
Node 1 MemUsed:         5310600 kB
Node 1 Active:            26484 kB
Node 1 Inactive:         195684 kB
Node 1 Active(anon):      11376 kB
Node 1 Inactive(anon):      404 kB
Node 1 Active(file):      15108 kB
Node 1 Inactive(file):   195280 kB
Node 1 Unevictable:       13280 kB
Node 1 Mlocked:           13280 kB
Node 1 Dirty:                12 kB
Node 1 Writeback:             0 kB
Node 1 FilePages:        213672 kB
Node 1 Mapped:            12228 kB
Node 1 AnonPages:         21776 kB
Node 1 Shmem:               564 kB
Node 1 KernelStack:        1272 kB
Node 1 PageTables:          404 kB
Node 1 NFS_Unstable:          0 kB
Node 1 Bounce:                0 kB
Node 1 WritebackTmp:          0 kB
Node 1 KReclaimable:      20448 kB
Node 1 Slab:              71900 kB
Node 1 SReclaimable:      20448 kB
Node 1 SUnreclaim:        51452 kB
Node 1 AnonHugePages:         0 kB
Node 1 ShmemHugePages:        0 kB
Node 1 ShmemPmdMapped:        0 kB
Node 1 FileHugePages:        0 kB
Node 1 FilePmdMapped:        0 kB
Node 1 HugePages_Total:     0
Node 1 HugePages_Free:      0
Node 1 HugePages_Surp:      0

B.1.huge-simpleread.4G.2.O.1M Complete!
