B.1.huge-simpleread.4G.2.O.1M
Begin
Node 0 MemTotal:       24743736 kB
Node 0 MemFree:        24316208 kB
Node 0 MemUsed:          427528 kB
Node 0 Active:            50408 kB
Node 0 Inactive:          74212 kB
Node 0 Active(anon):       7332 kB
Node 0 Inactive(anon):      548 kB
Node 0 Active(file):      43076 kB
Node 0 Inactive(file):    73664 kB
Node 0 Unevictable:       16912 kB
Node 0 Mlocked:           16912 kB
Node 0 Dirty:               148 kB
Node 0 Writeback:             0 kB
Node 0 FilePages:        124076 kB
Node 0 Mapped:            37620 kB
Node 0 AnonPages:         17476 kB
Node 0 Shmem:               752 kB
Node 0 KernelStack:        2040 kB
Node 0 PageTables:          388 kB
Node 0 NFS_Unstable:          0 kB
Node 0 Bounce:                0 kB
Node 0 WritebackTmp:          0 kB
Node 0 KReclaimable:      24064 kB
Node 0 Slab:              62760 kB
Node 0 SReclaimable:      24064 kB
Node 0 SUnreclaim:        38696 kB
Node 0 AnonHugePages:         0 kB
Node 0 ShmemHugePages:        0 kB
Node 0 ShmemPmdMapped:        0 kB
Node 0 FileHugePages:        0 kB
Node 0 FilePmdMapped:        0 kB
Node 0 HugePages_Total:     0
Node 0 HugePages_Free:      0
Node 0 HugePages_Surp:      0

Node 1 MemTotal:       24686196 kB
Node 1 MemFree:        24461984 kB
Node 1 MemUsed:          224212 kB
Node 1 Active:            46608 kB
Node 1 Inactive:          54044 kB
Node 1 Active(anon):      26172 kB
Node 1 Inactive(anon):      352 kB
Node 1 Active(file):      20436 kB
Node 1 Inactive(file):    53692 kB
Node 1 Unevictable:        1612 kB
Node 1 Mlocked:            1612 kB
Node 1 Dirty:               380 kB
Node 1 Writeback:             0 kB
Node 1 FilePages:         76292 kB
Node 1 Mapped:            40972 kB
Node 1 AnonPages:         26092 kB
Node 1 Shmem:               516 kB
Node 1 KernelStack:        1608 kB
Node 1 PageTables:          824 kB
Node 1 NFS_Unstable:          0 kB
Node 1 Bounce:                0 kB
Node 1 WritebackTmp:          0 kB
Node 1 KReclaimable:      17008 kB
Node 1 Slab:              42952 kB
Node 1 SReclaimable:      17008 kB
Node 1 SUnreclaim:        25944 kB
Node 1 AnonHugePages:         0 kB
Node 1 ShmemHugePages:        0 kB
Node 1 ShmemPmdMapped:        0 kB
Node 1 FileHugePages:        0 kB
Node 1 FilePmdMapped:        0 kB
Node 1 HugePages_Total:     0
Node 1 HugePages_Free:      0
Node 1 HugePages_Surp:      0

Load ZFS
Node 0 MemTotal:       24743736 kB
Node 0 MemFree:        24399480 kB
Node 0 MemUsed:          344256 kB
Node 0 Active:            62388 kB
Node 0 Inactive:         107804 kB
Node 0 Active(anon):      18508 kB
Node 0 Inactive(anon):      428 kB
Node 0 Active(file):      43880 kB
Node 0 Inactive(file):   107376 kB
Node 0 Unevictable:       17128 kB
Node 0 Mlocked:           17128 kB
Node 0 Dirty:               264 kB
Node 0 Writeback:             0 kB
Node 0 FilePages:        158392 kB
Node 0 Mapped:            39904 kB
Node 0 AnonPages:         28768 kB
Node 0 Shmem:               552 kB
Node 0 KernelStack:        2328 kB
Node 0 PageTables:         1692 kB
Node 0 NFS_Unstable:          0 kB
Node 0 Bounce:                0 kB
Node 0 WritebackTmp:          0 kB
Node 0 KReclaimable:      24904 kB
Node 0 Slab:              66600 kB
Node 0 SReclaimable:      24904 kB
Node 0 SUnreclaim:        41696 kB
Node 0 AnonHugePages:         0 kB
Node 0 ShmemHugePages:        0 kB
Node 0 ShmemPmdMapped:        0 kB
Node 0 FileHugePages:        0 kB
Node 0 FilePmdMapped:        0 kB
Node 0 HugePages_Total:     0
Node 0 HugePages_Free:      0
Node 0 HugePages_Surp:      0

Node 1 MemTotal:       24686196 kB
Node 1 MemFree:        24237276 kB
Node 1 MemUsed:          448920 kB
Node 1 Active:            61664 kB
Node 1 Inactive:         123912 kB
Node 1 Active(anon):      39648 kB
Node 1 Inactive(anon):      516 kB
Node 1 Active(file):      22016 kB
Node 1 Inactive(file):   123396 kB
Node 1 Unevictable:        1612 kB
Node 1 Mlocked:            1612 kB
Node 1 Dirty:               408 kB
Node 1 Writeback:             0 kB
Node 1 FilePages:        147736 kB
Node 1 Mapped:            42888 kB
Node 1 AnonPages:         38796 kB
Node 1 Shmem:               716 kB
Node 1 KernelStack:        1892 kB
Node 1 PageTables:         1504 kB
Node 1 NFS_Unstable:          0 kB
Node 1 Bounce:                0 kB
Node 1 WritebackTmp:          0 kB
Node 1 KReclaimable:      17856 kB
Node 1 Slab:              45808 kB
Node 1 SReclaimable:      17856 kB
Node 1 SUnreclaim:        27952 kB
Node 1 AnonHugePages:         0 kB
Node 1 ShmemHugePages:        0 kB
Node 1 ShmemPmdMapped:        0 kB
Node 1 FileHugePages:        0 kB
Node 1 FilePmdMapped:        0 kB
Node 1 HugePages_Total:     0
Node 1 HugePages_Free:      0
Node 1 HugePages_Surp:      0

Import tank ZPool
Node 0 MemTotal:       24743736 kB
Node 0 MemFree:        24409684 kB
Node 0 MemUsed:          334052 kB
Node 0 Active:            52752 kB
Node 0 Inactive:         107804 kB
Node 0 Active(anon):       8848 kB
Node 0 Inactive(anon):      428 kB
Node 0 Active(file):      43904 kB
Node 0 Inactive(file):   107376 kB
Node 0 Unevictable:       17144 kB
Node 0 Mlocked:           17144 kB
Node 0 Dirty:                16 kB
Node 0 Writeback:             0 kB
Node 0 FilePages:        158428 kB
Node 0 Mapped:            38344 kB
Node 0 AnonPages:         18860 kB
Node 0 Shmem:               548 kB
Node 0 KernelStack:        2120 kB
Node 0 PageTables:          616 kB
Node 0 NFS_Unstable:          0 kB
Node 0 Bounce:                0 kB
Node 0 WritebackTmp:          0 kB
Node 0 KReclaimable:      24908 kB
Node 0 Slab:              67252 kB
Node 0 SReclaimable:      24908 kB
Node 0 SUnreclaim:        42344 kB
Node 0 AnonHugePages:         0 kB
Node 0 ShmemHugePages:        0 kB
Node 0 ShmemPmdMapped:        0 kB
Node 0 FileHugePages:        0 kB
Node 0 FilePmdMapped:        0 kB
Node 0 HugePages_Total:     0
Node 0 HugePages_Free:      0
Node 0 HugePages_Surp:      0

Node 1 MemTotal:       24686196 kB
Node 1 MemFree:        24232672 kB
Node 1 MemUsed:          453524 kB
Node 1 Active:            47692 kB
Node 1 Inactive:         124884 kB
Node 1 Active(anon):      25184 kB
Node 1 Inactive(anon):      520 kB
Node 1 Active(file):      22508 kB
Node 1 Inactive(file):   124364 kB
Node 1 Unevictable:        1612 kB
Node 1 Mlocked:            1612 kB
Node 1 Dirty:                72 kB
Node 1 Writeback:             0 kB
Node 1 FilePages:        149204 kB
Node 1 Mapped:            41576 kB
Node 1 AnonPages:         24388 kB
Node 1 Shmem:               720 kB
Node 1 KernelStack:        2824 kB
Node 1 PageTables:         1224 kB
Node 1 NFS_Unstable:          0 kB
Node 1 Bounce:                0 kB
Node 1 WritebackTmp:          0 kB
Node 1 KReclaimable:      17992 kB
Node 1 Slab:              51928 kB
Node 1 SReclaimable:      17992 kB
Node 1 SUnreclaim:        33936 kB
Node 1 AnonHugePages:         0 kB
Node 1 ShmemHugePages:        0 kB
Node 1 ShmemPmdMapped:        0 kB
Node 1 FileHugePages:        0 kB
Node 1 FilePmdMapped:        0 kB
Node 1 HugePages_Total:     0
Node 1 HugePages_Free:      0
Node 1 HugePages_Surp:      0

After Test
Node 0 MemTotal:       24743736 kB
Node 0 MemFree:        23933148 kB
Node 0 MemUsed:          810588 kB
Node 0 Active:            52336 kB
Node 0 Inactive:         107552 kB
Node 0 Active(anon):       8164 kB
Node 0 Inactive(anon):      428 kB
Node 0 Active(file):      44172 kB
Node 0 Inactive(file):   107124 kB
Node 0 Unevictable:       17144 kB
Node 0 Mlocked:           17144 kB
Node 0 Dirty:                 8 kB
Node 0 Writeback:             0 kB
Node 0 FilePages:        158460 kB
Node 0 Mapped:            37644 kB
Node 0 AnonPages:         18612 kB
Node 0 Shmem:               548 kB
Node 0 KernelStack:        1912 kB
Node 0 PageTables:          392 kB
Node 0 NFS_Unstable:          0 kB
Node 0 Bounce:                0 kB
Node 0 WritebackTmp:          0 kB
Node 0 KReclaimable:      24912 kB
Node 0 Slab:              68932 kB
Node 0 SReclaimable:      24912 kB
Node 0 SUnreclaim:        44020 kB
Node 0 AnonHugePages:         0 kB
Node 0 ShmemHugePages:        0 kB
Node 0 ShmemPmdMapped:        0 kB
Node 0 FileHugePages:        0 kB
Node 0 FilePmdMapped:        0 kB
Node 0 HugePages_Total:     0
Node 0 HugePages_Free:      0
Node 0 HugePages_Surp:      0

Node 1 MemTotal:       24686196 kB
Node 1 MemFree:        18696516 kB
Node 1 MemUsed:         5989680 kB
Node 1 Active:            49060 kB
Node 1 Inactive:        1100936 kB
Node 1 Active(anon):      25396 kB
Node 1 Inactive(anon):      520 kB
Node 1 Active(file):      23664 kB
Node 1 Inactive(file):  1100416 kB
Node 1 Unevictable:        1612 kB
Node 1 Mlocked:            1612 kB
Node 1 Dirty:                40 kB
Node 1 Writeback:             0 kB
Node 1 FilePages:       1126484 kB
Node 1 Mapped:            41284 kB
Node 1 AnonPages:         25060 kB
Node 1 Shmem:               720 kB
Node 1 KernelStack:        2696 kB
Node 1 PageTables:          980 kB
Node 1 NFS_Unstable:          0 kB
Node 1 Bounce:                0 kB
Node 1 WritebackTmp:          0 kB
Node 1 KReclaimable:      20336 kB
Node 1 Slab:              72128 kB
Node 1 SReclaimable:      20336 kB
Node 1 SUnreclaim:        51792 kB
Node 1 AnonHugePages:         0 kB
Node 1 ShmemHugePages:        0 kB
Node 1 ShmemPmdMapped:        0 kB
Node 1 FileHugePages:        0 kB
Node 1 FilePmdMapped:        0 kB
Node 1 HugePages_Total:     0
Node 1 HugePages_Free:      0
Node 1 HugePages_Surp:      0

After Opposite Node
Node 0 MemTotal:       24743736 kB
Node 0 MemFree:        23934068 kB
Node 0 MemUsed:          809668 kB
Node 0 Active:            52956 kB
Node 0 Inactive:         107520 kB
Node 0 Active(anon):       8712 kB
Node 0 Inactive(anon):      428 kB
Node 0 Active(file):      44244 kB
Node 0 Inactive(file):   107092 kB
Node 0 Unevictable:       17144 kB
Node 0 Mlocked:           17144 kB
Node 0 Dirty:                32 kB
Node 0 Writeback:             0 kB
Node 0 FilePages:        158468 kB
Node 0 Mapped:            37644 kB
Node 0 AnonPages:         18980 kB
Node 0 Shmem:               548 kB
Node 0 KernelStack:        1928 kB
Node 0 PageTables:          608 kB
Node 0 NFS_Unstable:          0 kB
Node 0 Bounce:                0 kB
Node 0 WritebackTmp:          0 kB
Node 0 KReclaimable:      24980 kB
Node 0 Slab:              69132 kB
Node 0 SReclaimable:      24980 kB
Node 0 SUnreclaim:        44152 kB
Node 0 AnonHugePages:         0 kB
Node 0 ShmemHugePages:        0 kB
Node 0 ShmemPmdMapped:        0 kB
Node 0 FileHugePages:        0 kB
Node 0 FilePmdMapped:        0 kB
Node 0 HugePages_Total:     0
Node 0 HugePages_Free:      0
Node 0 HugePages_Surp:      0

Node 1 MemTotal:       24686196 kB
Node 1 MemFree:        18700100 kB
Node 1 MemUsed:         5986096 kB
Node 1 Active:            48876 kB
Node 1 Inactive:        1100720 kB
Node 1 Active(anon):      24904 kB
Node 1 Inactive(anon):      512 kB
Node 1 Active(file):      23972 kB
Node 1 Inactive(file):  1100208 kB
Node 1 Unevictable:        1612 kB
Node 1 Mlocked:            1612 kB
Node 1 Dirty:               144 kB
Node 1 Writeback:             0 kB
Node 1 FilePages:       1126508 kB
Node 1 Mapped:            41144 kB
Node 1 AnonPages:         24696 kB
Node 1 Shmem:               720 kB
Node 1 KernelStack:        2680 kB
Node 1 PageTables:          764 kB
Node 1 NFS_Unstable:          0 kB
Node 1 Bounce:                0 kB
Node 1 WritebackTmp:          0 kB
Node 1 KReclaimable:      20336 kB
Node 1 Slab:              72132 kB
Node 1 SReclaimable:      20336 kB
Node 1 SUnreclaim:        51796 kB
Node 1 AnonHugePages:         0 kB
Node 1 ShmemHugePages:        0 kB
Node 1 ShmemPmdMapped:        0 kB
Node 1 FileHugePages:        0 kB
Node 1 FilePmdMapped:        0 kB
Node 1 HugePages_Total:     0
Node 1 HugePages_Free:      0
Node 1 HugePages_Surp:      0

B.1.huge-simpleread.4G.2.O.1M Complete!
