B.1.huge-simpleread.2-1G.3.O.1M
Begin
Node 0 MemTotal:       24768352 kB
Node 0 MemFree:        24510960 kB
Node 0 MemUsed:          257392 kB
Node 0 Active:            63068 kB
Node 0 Inactive:          39348 kB
Node 0 Active(anon):      14292 kB
Node 0 Inactive(anon):      448 kB
Node 0 Active(file):      48776 kB
Node 0 Inactive(file):    38900 kB
Node 0 Unevictable:        5108 kB
Node 0 Mlocked:            5108 kB
Node 0 Dirty:               332 kB
Node 0 Writeback:             0 kB
Node 0 FilePages:         93616 kB
Node 0 Mapped:            37620 kB
Node 0 AnonPages:         14068 kB
Node 0 Shmem:               676 kB
Node 0 KernelStack:        1928 kB
Node 0 PageTables:          664 kB
Node 0 NFS_Unstable:          0 kB
Node 0 Bounce:                0 kB
Node 0 WritebackTmp:          0 kB
Node 0 KReclaimable:      22592 kB
Node 0 Slab:              61180 kB
Node 0 SReclaimable:      22592 kB
Node 0 SUnreclaim:        38588 kB
Node 0 AnonHugePages:         0 kB
Node 0 ShmemHugePages:        0 kB
Node 0 ShmemPmdMapped:        0 kB
Node 0 FileHugePages:        0 kB
Node 0 FilePmdMapped:        0 kB
Node 0 HugePages_Total:     0
Node 0 HugePages_Free:      0
Node 0 HugePages_Surp:      0

Node 1 MemTotal:       24661580 kB
Node 1 MemFree:        24244868 kB
Node 1 MemUsed:          416712 kB
Node 1 Active:            34208 kB
Node 1 Inactive:         108624 kB
Node 1 Active(anon):      19620 kB
Node 1 Inactive(anon):      432 kB
Node 1 Active(file):      14588 kB
Node 1 Inactive(file):   108192 kB
Node 1 Unevictable:       13412 kB
Node 1 Mlocked:           13412 kB
Node 1 Dirty:               192 kB
Node 1 Writeback:             0 kB
Node 1 FilePages:        126460 kB
Node 1 Mapped:            55340 kB
Node 1 AnonPages:         29904 kB
Node 1 Shmem:               592 kB
Node 1 KernelStack:        1704 kB
Node 1 PageTables:          612 kB
Node 1 NFS_Unstable:          0 kB
Node 1 Bounce:                0 kB
Node 1 WritebackTmp:          0 kB
Node 1 KReclaimable:      19488 kB
Node 1 Slab:              46208 kB
Node 1 SReclaimable:      19488 kB
Node 1 SUnreclaim:        26720 kB
Node 1 AnonHugePages:         0 kB
Node 1 ShmemHugePages:        0 kB
Node 1 ShmemPmdMapped:        0 kB
Node 1 FileHugePages:        0 kB
Node 1 FilePmdMapped:        0 kB
Node 1 HugePages_Total:     0
Node 1 HugePages_Free:      0
Node 1 HugePages_Surp:      0

Load ZFS
Node 0 MemTotal:       24768352 kB
Node 0 MemFree:        24471064 kB
Node 0 MemUsed:          297288 kB
Node 0 Active:            76728 kB
Node 0 Inactive:          63308 kB
Node 0 Active(anon):      26660 kB
Node 0 Inactive(anon):      200 kB
Node 0 Active(file):      50068 kB
Node 0 Inactive(file):    63108 kB
Node 0 Unevictable:        5108 kB
Node 0 Mlocked:            5108 kB
Node 0 Dirty:               188 kB
Node 0 Writeback:             0 kB
Node 0 FilePages:        118924 kB
Node 0 Mapped:            39996 kB
Node 0 AnonPages:         26156 kB
Node 0 Shmem:               644 kB
Node 0 KernelStack:        1980 kB
Node 0 PageTables:         1436 kB
Node 0 NFS_Unstable:          0 kB
Node 0 Bounce:                0 kB
Node 0 WritebackTmp:          0 kB
Node 0 KReclaimable:      23172 kB
Node 0 Slab:              63176 kB
Node 0 SReclaimable:      23172 kB
Node 0 SUnreclaim:        40004 kB
Node 0 AnonHugePages:         0 kB
Node 0 ShmemHugePages:        0 kB
Node 0 ShmemPmdMapped:        0 kB
Node 0 FileHugePages:        0 kB
Node 0 FilePmdMapped:        0 kB
Node 0 HugePages_Total:     0
Node 0 HugePages_Free:      0
Node 0 HugePages_Surp:      0

Node 1 MemTotal:       24661580 kB
Node 1 MemFree:        24141604 kB
Node 1 MemUsed:          519976 kB
Node 1 Active:            49712 kB
Node 1 Inactive:         188944 kB
Node 1 Active(anon):      33976 kB
Node 1 Inactive(anon):      292 kB
Node 1 Active(file):      15736 kB
Node 1 Inactive(file):   188652 kB
Node 1 Unevictable:       13544 kB
Node 1 Mlocked:           13544 kB
Node 1 Dirty:               392 kB
Node 1 Writeback:             0 kB
Node 1 FilePages:        207972 kB
Node 1 Mapped:            58476 kB
Node 1 AnonPages:         43704 kB
Node 1 Shmem:               624 kB
Node 1 KernelStack:        2200 kB
Node 1 PageTables:         1768 kB
Node 1 NFS_Unstable:          0 kB
Node 1 Bounce:                0 kB
Node 1 WritebackTmp:          0 kB
Node 1 KReclaimable:      20372 kB
Node 1 Slab:              51328 kB
Node 1 SReclaimable:      20372 kB
Node 1 SUnreclaim:        30956 kB
Node 1 AnonHugePages:         0 kB
Node 1 ShmemHugePages:        0 kB
Node 1 ShmemPmdMapped:        0 kB
Node 1 FileHugePages:        0 kB
Node 1 FilePmdMapped:        0 kB
Node 1 HugePages_Total:     0
Node 1 HugePages_Free:      0
Node 1 HugePages_Surp:      0

Import tank ZPool
Node 0 MemTotal:       24768352 kB
Node 0 MemFree:        24452532 kB
Node 0 MemUsed:          315820 kB
Node 0 Active:            76944 kB
Node 0 Inactive:          64604 kB
Node 0 Active(anon):      26504 kB
Node 0 Inactive(anon):      464 kB
Node 0 Active(file):      50440 kB
Node 0 Inactive(file):    64140 kB
Node 0 Unevictable:        5108 kB
Node 0 Mlocked:            5108 kB
Node 0 Dirty:               272 kB
Node 0 Writeback:             0 kB
Node 0 FilePages:        120332 kB
Node 0 Mapped:            39444 kB
Node 0 AnonPages:         25720 kB
Node 0 Shmem:               628 kB
Node 0 KernelStack:        3160 kB
Node 0 PageTables:         1132 kB
Node 0 NFS_Unstable:          0 kB
Node 0 Bounce:                0 kB
Node 0 WritebackTmp:          0 kB
Node 0 KReclaimable:      23408 kB
Node 0 Slab:              70136 kB
Node 0 SReclaimable:      23408 kB
Node 0 SUnreclaim:        46728 kB
Node 0 AnonHugePages:         0 kB
Node 0 ShmemHugePages:        0 kB
Node 0 ShmemPmdMapped:        0 kB
Node 0 FileHugePages:        0 kB
Node 0 FilePmdMapped:        0 kB
Node 0 HugePages_Total:     0
Node 0 HugePages_Free:      0
Node 0 HugePages_Surp:      0

Node 1 MemTotal:       24661580 kB
Node 1 MemFree:        24142828 kB
Node 1 MemUsed:          518752 kB
Node 1 Active:            49404 kB
Node 1 Inactive:         188548 kB
Node 1 Active(anon):      33244 kB
Node 1 Inactive(anon):      484 kB
Node 1 Active(file):      16160 kB
Node 1 Inactive(file):   188064 kB
Node 1 Unevictable:       13640 kB
Node 1 Mlocked:           13640 kB
Node 1 Dirty:               240 kB
Node 1 Writeback:             0 kB
Node 1 FilePages:        207952 kB
Node 1 Mapped:            57976 kB
Node 1 AnonPages:         43652 kB
Node 1 Shmem:               640 kB
Node 1 KernelStack:        2088 kB
Node 1 PageTables:         1604 kB
Node 1 NFS_Unstable:          0 kB
Node 1 Bounce:                0 kB
Node 1 WritebackTmp:          0 kB
Node 1 KReclaimable:      20428 kB
Node 1 Slab:              51072 kB
Node 1 SReclaimable:      20428 kB
Node 1 SUnreclaim:        30644 kB
Node 1 AnonHugePages:         0 kB
Node 1 ShmemHugePages:        0 kB
Node 1 ShmemPmdMapped:        0 kB
Node 1 FileHugePages:        0 kB
Node 1 FilePmdMapped:        0 kB
Node 1 HugePages_Total:     0
Node 1 HugePages_Free:      0
Node 1 HugePages_Surp:      0

After Test
Node 0 MemTotal:       24768352 kB
Node 0 MemFree:        23053988 kB
Node 0 MemUsed:         1714364 kB
Node 0 Active:            65728 kB
Node 0 Inactive:          64056 kB
Node 0 Active(anon):      14576 kB
Node 0 Inactive(anon):      460 kB
Node 0 Active(file):      51152 kB
Node 0 Inactive(file):    63596 kB
Node 0 Unevictable:        5108 kB
Node 0 Mlocked:            5108 kB
Node 0 Dirty:               132 kB
Node 0 Writeback:             0 kB
Node 0 FilePages:        120480 kB
Node 0 Mapped:            37904 kB
Node 0 AnonPages:         14408 kB
Node 0 Shmem:               628 kB
Node 0 KernelStack:        3000 kB
Node 0 PageTables:          680 kB
Node 0 NFS_Unstable:          0 kB
Node 0 Bounce:                0 kB
Node 0 WritebackTmp:          0 kB
Node 0 KReclaimable:      23408 kB
Node 0 Slab:              71700 kB
Node 0 SReclaimable:      23408 kB
Node 0 SUnreclaim:        48292 kB
Node 0 AnonHugePages:         0 kB
Node 0 ShmemHugePages:        0 kB
Node 0 ShmemPmdMapped:        0 kB
Node 0 FileHugePages:        0 kB
Node 0 FilePmdMapped:        0 kB
Node 0 HugePages_Total:     0
Node 0 HugePages_Free:      0
Node 0 HugePages_Surp:      0

Node 1 MemTotal:       24661580 kB
Node 1 MemFree:        22716220 kB
Node 1 MemUsed:         1945360 kB
Node 1 Active:            35952 kB
Node 1 Inactive:        1164792 kB
Node 1 Active(anon):      18904 kB
Node 1 Inactive(anon):      480 kB
Node 1 Active(file):      17048 kB
Node 1 Inactive(file):  1164312 kB
Node 1 Unevictable:       13640 kB
Node 1 Mlocked:           13640 kB
Node 1 Dirty:                40 kB
Node 1 Writeback:             0 kB
Node 1 FilePages:       1185088 kB
Node 1 Mapped:            55900 kB
Node 1 AnonPages:         29404 kB
Node 1 Shmem:               640 kB
Node 1 KernelStack:        1688 kB
Node 1 PageTables:          768 kB
Node 1 NFS_Unstable:          0 kB
Node 1 Bounce:                0 kB
Node 1 WritebackTmp:          0 kB
Node 1 KReclaimable:      22676 kB
Node 1 Slab:              61920 kB
Node 1 SReclaimable:      22676 kB
Node 1 SUnreclaim:        39244 kB
Node 1 AnonHugePages:         0 kB
Node 1 ShmemHugePages:        0 kB
Node 1 ShmemPmdMapped:        0 kB
Node 1 FileHugePages:        0 kB
Node 1 FilePmdMapped:        0 kB
Node 1 HugePages_Total:     0
Node 1 HugePages_Free:      0
Node 1 HugePages_Surp:      0

After Opposite Node
Node 0 MemTotal:       24768352 kB
Node 0 MemFree:        23055048 kB
Node 0 MemUsed:         1713304 kB
Node 0 Active:            66236 kB
Node 0 Inactive:          63836 kB
Node 0 Active(anon):      14848 kB
Node 0 Inactive(anon):      456 kB
Node 0 Active(file):      51388 kB
Node 0 Inactive(file):    63380 kB
Node 0 Unevictable:        5108 kB
Node 0 Mlocked:            5108 kB
Node 0 Dirty:               144 kB
Node 0 Writeback:             0 kB
Node 0 FilePages:        120496 kB
Node 0 Mapped:            37700 kB
Node 0 AnonPages:         14784 kB
Node 0 Shmem:               624 kB
Node 0 KernelStack:        3000 kB
Node 0 PageTables:          896 kB
Node 0 NFS_Unstable:          0 kB
Node 0 Bounce:                0 kB
Node 0 WritebackTmp:          0 kB
Node 0 KReclaimable:      23440 kB
Node 0 Slab:              72124 kB
Node 0 SReclaimable:      23440 kB
Node 0 SUnreclaim:        48684 kB
Node 0 AnonHugePages:         0 kB
Node 0 ShmemHugePages:        0 kB
Node 0 ShmemPmdMapped:        0 kB
Node 0 FileHugePages:        0 kB
Node 0 FilePmdMapped:        0 kB
Node 0 HugePages_Total:     0
Node 0 HugePages_Free:      0
Node 0 HugePages_Surp:      0

Node 1 MemTotal:       24661580 kB
Node 1 MemFree:        22715228 kB
Node 1 MemUsed:         1946352 kB
Node 1 Active:            35744 kB
Node 1 Inactive:        1164760 kB
Node 1 Active(anon):      18648 kB
Node 1 Inactive(anon):      484 kB
Node 1 Active(file):      17096 kB
Node 1 Inactive(file):  1164276 kB
Node 1 Unevictable:       13640 kB
Node 1 Mlocked:           13640 kB
Node 1 Dirty:                56 kB
Node 1 Writeback:             0 kB
Node 1 FilePages:       1185104 kB
Node 1 Mapped:            55912 kB
Node 1 AnonPages:         29040 kB
Node 1 Shmem:               644 kB
Node 1 KernelStack:        1672 kB
Node 1 PageTables:          552 kB
Node 1 NFS_Unstable:          0 kB
Node 1 Bounce:                0 kB
Node 1 WritebackTmp:          0 kB
Node 1 KReclaimable:      22688 kB
Node 1 Slab:              61900 kB
Node 1 SReclaimable:      22688 kB
Node 1 SUnreclaim:        39212 kB
Node 1 AnonHugePages:         0 kB
Node 1 ShmemHugePages:        0 kB
Node 1 ShmemPmdMapped:        0 kB
Node 1 FileHugePages:        0 kB
Node 1 FilePmdMapped:        0 kB
Node 1 HugePages_Total:     0
Node 1 HugePages_Free:      0
Node 1 HugePages_Surp:      0

B.1.huge-simpleread.2-1G.3.O.1M Complete!
