B.0.fio.512K.2.O
Begin
Node 0 MemTotal:       24743736 kB
Node 0 MemFree:        24293964 kB
Node 0 MemUsed:          449772 kB
Node 0 Active:            74324 kB
Node 0 Inactive:          72528 kB
Node 0 Active(anon):      28828 kB
Node 0 Inactive(anon):      568 kB
Node 0 Active(file):      45496 kB
Node 0 Inactive(file):    71960 kB
Node 0 Unevictable:       17344 kB
Node 0 Mlocked:           17344 kB
Node 0 Dirty:               460 kB
Node 0 Writeback:             0 kB
Node 0 FilePages:        125312 kB
Node 0 Mapped:            39508 kB
Node 0 AnonPages:         38976 kB
Node 0 Shmem:               828 kB
Node 0 KernelStack:        1992 kB
Node 0 PageTables:          800 kB
Node 0 NFS_Unstable:          0 kB
Node 0 Bounce:                0 kB
Node 0 WritebackTmp:          0 kB
Node 0 KReclaimable:      29080 kB
Node 0 Slab:              68292 kB
Node 0 SReclaimable:      29080 kB
Node 0 SUnreclaim:        39212 kB
Node 0 AnonHugePages:         0 kB
Node 0 ShmemHugePages:        0 kB
Node 0 ShmemPmdMapped:        0 kB
Node 0 FileHugePages:        0 kB
Node 0 FilePmdMapped:        0 kB
Node 0 HugePages_Total:     0
Node 0 HugePages_Free:      0
Node 0 HugePages_Surp:      0

Node 1 MemTotal:       24686196 kB
Node 1 MemFree:        24522740 kB
Node 1 MemUsed:          163456 kB
Node 1 Active:            20400 kB
Node 1 Inactive:          19892 kB
Node 1 Active(anon):       4924 kB
Node 1 Inactive(anon):      300 kB
Node 1 Active(file):      15476 kB
Node 1 Inactive(file):    19592 kB
Node 1 Unevictable:        1180 kB
Node 1 Mlocked:            1180 kB
Node 1 Dirty:                64 kB
Node 1 Writeback:             0 kB
Node 1 FilePages:         36708 kB
Node 1 Mapped:            11140 kB
Node 1 AnonPages:          4792 kB
Node 1 Shmem:               440 kB
Node 1 KernelStack:        1640 kB
Node 1 PageTables:          272 kB
Node 1 NFS_Unstable:          0 kB
Node 1 Bounce:                0 kB
Node 1 WritebackTmp:          0 kB
Node 1 KReclaimable:      12672 kB
Node 1 Slab:              37532 kB
Node 1 SReclaimable:      12672 kB
Node 1 SUnreclaim:        24860 kB
Node 1 AnonHugePages:         0 kB
Node 1 ShmemHugePages:        0 kB
Node 1 ShmemPmdMapped:        0 kB
Node 1 FileHugePages:        0 kB
Node 1 FilePmdMapped:        0 kB
Node 1 HugePages_Total:     0
Node 1 HugePages_Free:      0
Node 1 HugePages_Surp:      0

Load ZFS
Node 0 MemTotal:       24743736 kB
Node 0 MemFree:        24175696 kB
Node 0 MemUsed:          568040 kB
Node 0 Active:            87004 kB
Node 0 Inactive:         172112 kB
Node 0 Active(anon):      40092 kB
Node 0 Inactive(anon):      472 kB
Node 0 Active(file):      46912 kB
Node 0 Inactive(file):   171640 kB
Node 0 Unevictable:       17576 kB
Node 0 Mlocked:           17576 kB
Node 0 Dirty:               408 kB
Node 0 Writeback:             0 kB
Node 0 FilePages:        226196 kB
Node 0 Mapped:            41840 kB
Node 0 AnonPages:         50064 kB
Node 0 Shmem:               628 kB
Node 0 KernelStack:        2400 kB
Node 0 PageTables:         1816 kB
Node 0 NFS_Unstable:          0 kB
Node 0 Bounce:                0 kB
Node 0 WritebackTmp:          0 kB
Node 0 KReclaimable:      29964 kB
Node 0 Slab:              72132 kB
Node 0 SReclaimable:      29964 kB
Node 0 SUnreclaim:        42168 kB
Node 0 AnonHugePages:         0 kB
Node 0 ShmemHugePages:        0 kB
Node 0 ShmemPmdMapped:        0 kB
Node 0 FileHugePages:        0 kB
Node 0 FilePmdMapped:        0 kB
Node 0 HugePages_Total:     0
Node 0 HugePages_Free:      0
Node 0 HugePages_Surp:      0

Node 1 MemTotal:       24686196 kB
Node 1 MemFree:        24497364 kB
Node 1 MemUsed:          188832 kB
Node 1 Active:            36672 kB
Node 1 Inactive:          24036 kB
Node 1 Active(anon):      20044 kB
Node 1 Inactive(anon):      464 kB
Node 1 Active(file):      16628 kB
Node 1 Inactive(file):    23572 kB
Node 1 Unevictable:        1180 kB
Node 1 Mlocked:            1180 kB
Node 1 Dirty:               140 kB
Node 1 Writeback:             0 kB
Node 1 FilePages:         42160 kB
Node 1 Mapped:            13328 kB
Node 1 AnonPages:         19684 kB
Node 1 Shmem:               640 kB
Node 1 KernelStack:        1888 kB
Node 1 PageTables:         1524 kB
Node 1 NFS_Unstable:          0 kB
Node 1 Bounce:                0 kB
Node 1 WritebackTmp:          0 kB
Node 1 KReclaimable:      13280 kB
Node 1 Slab:              40568 kB
Node 1 SReclaimable:      13280 kB
Node 1 SUnreclaim:        27288 kB
Node 1 AnonHugePages:         0 kB
Node 1 ShmemHugePages:        0 kB
Node 1 ShmemPmdMapped:        0 kB
Node 1 FileHugePages:        0 kB
Node 1 FilePmdMapped:        0 kB
Node 1 HugePages_Total:     0
Node 1 HugePages_Free:      0
Node 1 HugePages_Surp:      0

Import tank ZPool
Node 0 MemTotal:       24743736 kB
Node 0 MemFree:        24170912 kB
Node 0 MemUsed:          572824 kB
Node 0 Active:            87112 kB
Node 0 Inactive:         173076 kB
Node 0 Active(anon):      39640 kB
Node 0 Inactive(anon):      476 kB
Node 0 Active(file):      47472 kB
Node 0 Inactive(file):   172600 kB
Node 0 Unevictable:       17576 kB
Node 0 Mlocked:           17576 kB
Node 0 Dirty:               496 kB
Node 0 Writeback:             0 kB
Node 0 FilePages:        227712 kB
Node 0 Mapped:            41592 kB
Node 0 AnonPages:         49780 kB
Node 0 Shmem:               624 kB
Node 0 KernelStack:        2280 kB
Node 0 PageTables:         1636 kB
Node 0 NFS_Unstable:          0 kB
Node 0 Bounce:                0 kB
Node 0 WritebackTmp:          0 kB
Node 0 KReclaimable:      30084 kB
Node 0 Slab:              76612 kB
Node 0 SReclaimable:      30084 kB
Node 0 SUnreclaim:        46528 kB
Node 0 AnonHugePages:         0 kB
Node 0 ShmemHugePages:        0 kB
Node 0 ShmemPmdMapped:        0 kB
Node 0 FileHugePages:        0 kB
Node 0 FilePmdMapped:        0 kB
Node 0 HugePages_Total:     0
Node 0 HugePages_Free:      0
Node 0 HugePages_Surp:      0

Node 1 MemTotal:       24686196 kB
Node 1 MemFree:        24485356 kB
Node 1 MemUsed:          200840 kB
Node 1 Active:            36128 kB
Node 1 Inactive:          23904 kB
Node 1 Active(anon):      19624 kB
Node 1 Inactive(anon):      472 kB
Node 1 Active(file):      16504 kB
Node 1 Inactive(file):    23432 kB
Node 1 Unevictable:        1180 kB
Node 1 Mlocked:            1180 kB
Node 1 Dirty:               180 kB
Node 1 Writeback:             0 kB
Node 1 FilePages:         41776 kB
Node 1 Mapped:            12744 kB
Node 1 AnonPages:         19452 kB
Node 1 Shmem:               644 kB
Node 1 KernelStack:        2920 kB
Node 1 PageTables:         1120 kB
Node 1 NFS_Unstable:          0 kB
Node 1 Bounce:                0 kB
Node 1 WritebackTmp:          0 kB
Node 1 KReclaimable:      13328 kB
Node 1 Slab:              43032 kB
Node 1 SReclaimable:      13328 kB
Node 1 SUnreclaim:        29704 kB
Node 1 AnonHugePages:         0 kB
Node 1 ShmemHugePages:        0 kB
Node 1 ShmemPmdMapped:        0 kB
Node 1 FileHugePages:        0 kB
Node 1 FilePmdMapped:        0 kB
Node 1 HugePages_Total:     0
Node 1 HugePages_Free:      0
Node 1 HugePages_Surp:      0

After Test
Node 0 MemTotal:       24743736 kB
Node 0 MemFree:        24167124 kB
Node 0 MemUsed:          576612 kB
Node 0 Active:            87996 kB
Node 0 Inactive:         174260 kB
Node 0 Active(anon):      39576 kB
Node 0 Inactive(anon):      508 kB
Node 0 Active(file):      48420 kB
Node 0 Inactive(file):   173752 kB
Node 0 Unevictable:       17576 kB
Node 0 Mlocked:           17576 kB
Node 0 Dirty:               396 kB
Node 0 Writeback:             0 kB
Node 0 FilePages:        229856 kB
Node 0 Mapped:            41860 kB
Node 0 AnonPages:         49912 kB
Node 0 Shmem:               668 kB
Node 0 KernelStack:        2312 kB
Node 0 PageTables:         1772 kB
Node 0 NFS_Unstable:          0 kB
Node 0 Bounce:                0 kB
Node 0 WritebackTmp:          0 kB
Node 0 KReclaimable:      31356 kB
Node 0 Slab:              78064 kB
Node 0 SReclaimable:      31356 kB
Node 0 SUnreclaim:        46708 kB
Node 0 AnonHugePages:         0 kB
Node 0 ShmemHugePages:        0 kB
Node 0 ShmemPmdMapped:        0 kB
Node 0 FileHugePages:        0 kB
Node 0 FilePmdMapped:        0 kB
Node 0 HugePages_Total:     0
Node 0 HugePages_Free:      0
Node 0 HugePages_Surp:      0

Node 1 MemTotal:       24686196 kB
Node 1 MemFree:        24483340 kB
Node 1 MemUsed:          202856 kB
Node 1 Active:            36148 kB
Node 1 Inactive:          23904 kB
Node 1 Active(anon):      19628 kB
Node 1 Inactive(anon):      468 kB
Node 1 Active(file):      16520 kB
Node 1 Inactive(file):    23436 kB
Node 1 Unevictable:        1180 kB
Node 1 Mlocked:            1180 kB
Node 1 Dirty:               180 kB
Node 1 Writeback:             0 kB
Node 1 FilePages:         41776 kB
Node 1 Mapped:            12744 kB
Node 1 AnonPages:         19452 kB
Node 1 Shmem:               644 kB
Node 1 KernelStack:        2936 kB
Node 1 PageTables:         1120 kB
Node 1 NFS_Unstable:          0 kB
Node 1 Bounce:                0 kB
Node 1 WritebackTmp:          0 kB
Node 1 KReclaimable:      13328 kB
Node 1 Slab:              43020 kB
Node 1 SReclaimable:      13328 kB
Node 1 SUnreclaim:        29692 kB
Node 1 AnonHugePages:         0 kB
Node 1 ShmemHugePages:        0 kB
Node 1 ShmemPmdMapped:        0 kB
Node 1 FileHugePages:        0 kB
Node 1 FilePmdMapped:        0 kB
Node 1 HugePages_Total:     0
Node 1 HugePages_Free:      0
Node 1 HugePages_Surp:      0

After Opposite Node
Node 0 MemTotal:       24743736 kB
Node 0 MemFree:        24167408 kB
Node 0 MemUsed:          576328 kB
Node 0 Active:            88044 kB
Node 0 Inactive:         174024 kB
Node 0 Active(anon):      39404 kB
Node 0 Inactive(anon):      472 kB
Node 0 Active(file):      48640 kB
Node 0 Inactive(file):   173552 kB
Node 0 Unevictable:       17576 kB
Node 0 Mlocked:           17576 kB
Node 0 Dirty:               416 kB
Node 0 Writeback:             0 kB
Node 0 FilePages:        229832 kB
Node 0 Mapped:            41808 kB
Node 0 AnonPages:         49812 kB
Node 0 Shmem:               624 kB
Node 0 KernelStack:        2296 kB
Node 0 PageTables:         1600 kB
Node 0 NFS_Unstable:          0 kB
Node 0 Bounce:                0 kB
Node 0 WritebackTmp:          0 kB
Node 0 KReclaimable:      31356 kB
Node 0 Slab:              78040 kB
Node 0 SReclaimable:      31356 kB
Node 0 SUnreclaim:        46684 kB
Node 0 AnonHugePages:         0 kB
Node 0 ShmemHugePages:        0 kB
Node 0 ShmemPmdMapped:        0 kB
Node 0 FileHugePages:        0 kB
Node 0 FilePmdMapped:        0 kB
Node 0 HugePages_Total:     0
Node 0 HugePages_Free:      0
Node 0 HugePages_Surp:      0

Node 1 MemTotal:       24686196 kB
Node 1 MemFree:        24481924 kB
Node 1 MemUsed:          204272 kB
Node 1 Active:            36312 kB
Node 1 Inactive:          23936 kB
Node 1 Active(anon):      19788 kB
Node 1 Inactive(anon):      492 kB
Node 1 Active(file):      16524 kB
Node 1 Inactive(file):    23444 kB
Node 1 Unevictable:        1180 kB
Node 1 Mlocked:            1180 kB
Node 1 Dirty:               188 kB
Node 1 Writeback:             0 kB
Node 1 FilePages:         41832 kB
Node 1 Mapped:            12788 kB
Node 1 AnonPages:         19504 kB
Node 1 Shmem:               688 kB
Node 1 KernelStack:        2936 kB
Node 1 PageTables:         1228 kB
Node 1 NFS_Unstable:          0 kB
Node 1 Bounce:                0 kB
Node 1 WritebackTmp:          0 kB
Node 1 KReclaimable:      13376 kB
Node 1 Slab:              43344 kB
Node 1 SReclaimable:      13376 kB
Node 1 SUnreclaim:        29968 kB
Node 1 AnonHugePages:         0 kB
Node 1 ShmemHugePages:        0 kB
Node 1 ShmemPmdMapped:        0 kB
Node 1 FileHugePages:        0 kB
Node 1 FilePmdMapped:        0 kB
Node 1 HugePages_Total:     0
Node 1 HugePages_Free:      0
Node 1 HugePages_Surp:      0

B.0.fio.512K.2.O Complete!
