B.0.fio.250M.3.O
Begin
Node 0 MemTotal:       24743736 kB
Node 0 MemFree:        24262132 kB
Node 0 MemUsed:          481604 kB
Node 0 Active:            58400 kB
Node 0 Inactive:         143020 kB
Node 0 Active(anon):      11436 kB
Node 0 Inactive(anon):      468 kB
Node 0 Active(file):      46964 kB
Node 0 Inactive(file):   142552 kB
Node 0 Unevictable:        4876 kB
Node 0 Mlocked:            4876 kB
Node 0 Dirty:               448 kB
Node 0 Writeback:             0 kB
Node 0 FilePages:        195040 kB
Node 0 Mapped:            94884 kB
Node 0 AnonPages:         11316 kB
Node 0 Shmem:               652 kB
Node 0 KernelStack:        2168 kB
Node 0 PageTables:          912 kB
Node 0 NFS_Unstable:          0 kB
Node 0 Bounce:                0 kB
Node 0 WritebackTmp:          0 kB
Node 0 KReclaimable:      26296 kB
Node 0 Slab:              54072 kB
Node 0 SReclaimable:      26296 kB
Node 0 SUnreclaim:        27776 kB
Node 0 AnonHugePages:         0 kB
Node 0 ShmemHugePages:        0 kB
Node 0 ShmemPmdMapped:        0 kB
Node 0 FileHugePages:        0 kB
Node 0 FilePmdMapped:        0 kB
Node 0 HugePages_Total:     0
Node 0 HugePages_Free:      0
Node 0 HugePages_Surp:      0

Node 1 MemTotal:       24686196 kB
Node 1 MemFree:        24479376 kB
Node 1 MemUsed:          206820 kB
Node 1 Active:            39832 kB
Node 1 Inactive:          23136 kB
Node 1 Active(anon):      22520 kB
Node 1 Inactive(anon):      420 kB
Node 1 Active(file):      17312 kB
Node 1 Inactive(file):    22716 kB
Node 1 Unevictable:       13644 kB
Node 1 Mlocked:           13644 kB
Node 1 Dirty:                96 kB
Node 1 Writeback:             0 kB
Node 1 FilePages:         43980 kB
Node 1 Mapped:            13336 kB
Node 1 AnonPages:         32688 kB
Node 1 Shmem:               616 kB
Node 1 KernelStack:        1432 kB
Node 1 PageTables:          456 kB
Node 1 NFS_Unstable:          0 kB
Node 1 Bounce:                0 kB
Node 1 WritebackTmp:          0 kB
Node 1 KReclaimable:      15572 kB
Node 1 Slab:              51568 kB
Node 1 SReclaimable:      15572 kB
Node 1 SUnreclaim:        35996 kB
Node 1 AnonHugePages:         0 kB
Node 1 ShmemHugePages:        0 kB
Node 1 ShmemPmdMapped:        0 kB
Node 1 FileHugePages:        0 kB
Node 1 FilePmdMapped:        0 kB
Node 1 HugePages_Total:     0
Node 1 HugePages_Free:      0
Node 1 HugePages_Surp:      0

Load ZFS
Node 0 MemTotal:       24743736 kB
Node 0 MemFree:        24156804 kB
Node 0 MemUsed:          586932 kB
Node 0 Active:            73528 kB
Node 0 Inactive:         224184 kB
Node 0 Active(anon):      25544 kB
Node 0 Inactive(anon):      424 kB
Node 0 Active(file):      47984 kB
Node 0 Inactive(file):   223760 kB
Node 0 Unevictable:        4876 kB
Node 0 Mlocked:            4876 kB
Node 0 Dirty:               496 kB
Node 0 Writeback:             0 kB
Node 0 FilePages:        277184 kB
Node 0 Mapped:            97080 kB
Node 0 AnonPages:         24584 kB
Node 0 Shmem:               564 kB
Node 0 KernelStack:        2632 kB
Node 0 PageTables:         1748 kB
Node 0 NFS_Unstable:          0 kB
Node 0 Bounce:                0 kB
Node 0 WritebackTmp:          0 kB
Node 0 KReclaimable:      27196 kB
Node 0 Slab:              59168 kB
Node 0 SReclaimable:      27196 kB
Node 0 SUnreclaim:        31972 kB
Node 0 AnonHugePages:         0 kB
Node 0 ShmemHugePages:        0 kB
Node 0 ShmemPmdMapped:        0 kB
Node 0 FileHugePages:        0 kB
Node 0 FilePmdMapped:        0 kB
Node 0 HugePages_Total:     0
Node 0 HugePages_Free:      0
Node 0 HugePages_Surp:      0

Node 1 MemTotal:       24686196 kB
Node 1 MemFree:        24435664 kB
Node 1 MemUsed:          250532 kB
Node 1 Active:            54760 kB
Node 1 Inactive:          45720 kB
Node 1 Active(anon):      36132 kB
Node 1 Inactive(anon):      496 kB
Node 1 Active(file):      18628 kB
Node 1 Inactive(file):    45224 kB
Node 1 Unevictable:       13776 kB
Node 1 Mlocked:           13776 kB
Node 1 Dirty:               108 kB
Node 1 Writeback:             0 kB
Node 1 FilePages:         68444 kB
Node 1 Mapped:            16312 kB
Node 1 AnonPages:         45852 kB
Node 1 Shmem:               704 kB
Node 1 KernelStack:        1648 kB
Node 1 PageTables:         1044 kB
Node 1 NFS_Unstable:          0 kB
Node 1 Bounce:                0 kB
Node 1 WritebackTmp:          0 kB
Node 1 KReclaimable:      16116 kB
Node 1 Slab:              54408 kB
Node 1 SReclaimable:      16116 kB
Node 1 SUnreclaim:        38292 kB
Node 1 AnonHugePages:         0 kB
Node 1 ShmemHugePages:        0 kB
Node 1 ShmemPmdMapped:        0 kB
Node 1 FileHugePages:        0 kB
Node 1 FilePmdMapped:        0 kB
Node 1 HugePages_Total:     0
Node 1 HugePages_Free:      0
Node 1 HugePages_Surp:      0

Import tank ZPool
Node 0 MemTotal:       24743736 kB
Node 0 MemFree:        24154460 kB
Node 0 MemUsed:          589276 kB
Node 0 Active:            59912 kB
Node 0 Inactive:         224700 kB
Node 0 Active(anon):      11064 kB
Node 0 Inactive(anon):      424 kB
Node 0 Active(file):      48848 kB
Node 0 Inactive(file):   224276 kB
Node 0 Unevictable:        4876 kB
Node 0 Mlocked:            4876 kB
Node 0 Dirty:               668 kB
Node 0 Writeback:             0 kB
Node 0 FilePages:        278592 kB
Node 0 Mapped:            95448 kB
Node 0 AnonPages:         11136 kB
Node 0 Shmem:               540 kB
Node 0 KernelStack:        3288 kB
Node 0 PageTables:          884 kB
Node 0 NFS_Unstable:          0 kB
Node 0 Bounce:                0 kB
Node 0 WritebackTmp:          0 kB
Node 0 KReclaimable:      27296 kB
Node 0 Slab:              65476 kB
Node 0 SReclaimable:      27296 kB
Node 0 SUnreclaim:        38180 kB
Node 0 AnonHugePages:         0 kB
Node 0 ShmemHugePages:        0 kB
Node 0 ShmemPmdMapped:        0 kB
Node 0 FileHugePages:        0 kB
Node 0 FilePmdMapped:        0 kB
Node 0 HugePages_Total:     0
Node 0 HugePages_Free:      0
Node 0 HugePages_Surp:      0

Node 1 MemTotal:       24686196 kB
Node 1 MemFree:        24449296 kB
Node 1 MemUsed:          236900 kB
Node 1 Active:            41404 kB
Node 1 Inactive:          45628 kB
Node 1 Active(anon):      22576 kB
Node 1 Inactive(anon):      528 kB
Node 1 Active(file):      18828 kB
Node 1 Inactive(file):    45100 kB
Node 1 Unevictable:       13876 kB
Node 1 Mlocked:           13876 kB
Node 1 Dirty:                32 kB
Node 1 Writeback:             0 kB
Node 1 FilePages:         67992 kB
Node 1 Mapped:            13480 kB
Node 1 AnonPages:         32932 kB
Node 1 Shmem:               728 kB
Node 1 KernelStack:        1400 kB
Node 1 PageTables:          484 kB
Node 1 NFS_Unstable:          0 kB
Node 1 Bounce:                0 kB
Node 1 WritebackTmp:          0 kB
Node 1 KReclaimable:      16232 kB
Node 1 Slab:              54416 kB
Node 1 SReclaimable:      16232 kB
Node 1 SUnreclaim:        38184 kB
Node 1 AnonHugePages:         0 kB
Node 1 ShmemHugePages:        0 kB
Node 1 ShmemPmdMapped:        0 kB
Node 1 FileHugePages:        0 kB
Node 1 FilePmdMapped:        0 kB
Node 1 HugePages_Total:     0
Node 1 HugePages_Free:      0
Node 1 HugePages_Surp:      0

After Test
Node 0 MemTotal:       24743736 kB
Node 0 MemFree:        23880860 kB
Node 0 MemUsed:          862876 kB
Node 0 Active:            61120 kB
Node 0 Inactive:         225668 kB
Node 0 Active(anon):      11040 kB
Node 0 Inactive(anon):      452 kB
Node 0 Active(file):      50080 kB
Node 0 Inactive(file):   225216 kB
Node 0 Unevictable:        4876 kB
Node 0 Mlocked:            4876 kB
Node 0 Dirty:               676 kB
Node 0 Writeback:             0 kB
Node 0 FilePages:        280752 kB
Node 0 Mapped:            95580 kB
Node 0 AnonPages:         10812 kB
Node 0 Shmem:               584 kB
Node 0 KernelStack:        3304 kB
Node 0 PageTables:          956 kB
Node 0 NFS_Unstable:          0 kB
Node 0 Bounce:                0 kB
Node 0 WritebackTmp:          0 kB
Node 0 KReclaimable:      28568 kB
Node 0 Slab:              69176 kB
Node 0 SReclaimable:      28568 kB
Node 0 SUnreclaim:        40608 kB
Node 0 AnonHugePages:         0 kB
Node 0 ShmemHugePages:        0 kB
Node 0 ShmemPmdMapped:        0 kB
Node 0 FileHugePages:        0 kB
Node 0 FilePmdMapped:        0 kB
Node 0 HugePages_Total:     0
Node 0 HugePages_Free:      0
Node 0 HugePages_Surp:      0

Node 1 MemTotal:       24686196 kB
Node 1 MemFree:        24189792 kB
Node 1 MemUsed:          496404 kB
Node 1 Active:            41112 kB
Node 1 Inactive:          45620 kB
Node 1 Active(anon):      22268 kB
Node 1 Inactive(anon):      520 kB
Node 1 Active(file):      18844 kB
Node 1 Inactive(file):    45100 kB
Node 1 Unevictable:       13876 kB
Node 1 Mlocked:           13876 kB
Node 1 Dirty:                32 kB
Node 1 Writeback:             0 kB
Node 1 FilePages:         67992 kB
Node 1 Mapped:            13464 kB
Node 1 AnonPages:         32616 kB
Node 1 Shmem:               728 kB
Node 1 KernelStack:        1416 kB
Node 1 PageTables:          484 kB
Node 1 NFS_Unstable:          0 kB
Node 1 Bounce:                0 kB
Node 1 WritebackTmp:          0 kB
Node 1 KReclaimable:      16232 kB
Node 1 Slab:              55376 kB
Node 1 SReclaimable:      16232 kB
Node 1 SUnreclaim:        39144 kB
Node 1 AnonHugePages:         0 kB
Node 1 ShmemHugePages:        0 kB
Node 1 ShmemPmdMapped:        0 kB
Node 1 FileHugePages:        0 kB
Node 1 FilePmdMapped:        0 kB
Node 1 HugePages_Total:     0
Node 1 HugePages_Free:      0
Node 1 HugePages_Surp:      0

After Opposite Node
Node 0 MemTotal:       24743736 kB
Node 0 MemFree:        23881348 kB
Node 0 MemUsed:          862388 kB
Node 0 Active:            61236 kB
Node 0 Inactive:         225416 kB
Node 0 Active(anon):      10912 kB
Node 0 Inactive(anon):      424 kB
Node 0 Active(file):      50324 kB
Node 0 Inactive(file):   224992 kB
Node 0 Unevictable:        4876 kB
Node 0 Mlocked:            4876 kB
Node 0 Dirty:               696 kB
Node 0 Writeback:             0 kB
Node 0 FilePages:        280728 kB
Node 0 Mapped:            95544 kB
Node 0 AnonPages:         10796 kB
Node 0 Shmem:               540 kB
Node 0 KernelStack:        3304 kB
Node 0 PageTables:          848 kB
Node 0 NFS_Unstable:          0 kB
Node 0 Bounce:                0 kB
Node 0 WritebackTmp:          0 kB
Node 0 KReclaimable:      28568 kB
Node 0 Slab:              69160 kB
Node 0 SReclaimable:      28568 kB
Node 0 SUnreclaim:        40592 kB
Node 0 AnonHugePages:         0 kB
Node 0 ShmemHugePages:        0 kB
Node 0 ShmemPmdMapped:        0 kB
Node 0 FileHugePages:        0 kB
Node 0 FilePmdMapped:        0 kB
Node 0 HugePages_Total:     0
Node 0 HugePages_Free:      0
Node 0 HugePages_Surp:      0

Node 1 MemTotal:       24686196 kB
Node 1 MemFree:        24188976 kB
Node 1 MemUsed:          497220 kB
Node 1 Active:            41248 kB
Node 1 Inactive:          45652 kB
Node 1 Active(anon):      22400 kB
Node 1 Inactive(anon):      544 kB
Node 1 Active(file):      18848 kB
Node 1 Inactive(file):    45108 kB
Node 1 Unevictable:       13876 kB
Node 1 Mlocked:           13876 kB
Node 1 Dirty:                40 kB
Node 1 Writeback:             0 kB
Node 1 FilePages:         68048 kB
Node 1 Mapped:            13508 kB
Node 1 AnonPages:         32644 kB
Node 1 Shmem:               772 kB
Node 1 KernelStack:        1464 kB
Node 1 PageTables:          600 kB
Node 1 NFS_Unstable:          0 kB
Node 1 Bounce:                0 kB
Node 1 WritebackTmp:          0 kB
Node 1 KReclaimable:      16324 kB
Node 1 Slab:              55572 kB
Node 1 SReclaimable:      16324 kB
Node 1 SUnreclaim:        39248 kB
Node 1 AnonHugePages:         0 kB
Node 1 ShmemHugePages:        0 kB
Node 1 ShmemPmdMapped:        0 kB
Node 1 FileHugePages:        0 kB
Node 1 FilePmdMapped:        0 kB
Node 1 HugePages_Total:     0
Node 1 HugePages_Free:      0
Node 1 HugePages_Surp:      0

B.0.fio.250M.3.O Complete!
