B.0.fio.256K.3.O
Begin
Node 0 MemTotal:       24743736 kB
Node 0 MemFree:        24448784 kB
Node 0 MemUsed:          294952 kB
Node 0 Active:            48888 kB
Node 0 Inactive:          91932 kB
Node 0 Active(anon):      23272 kB
Node 0 Inactive(anon):      572 kB
Node 0 Active(file):      25616 kB
Node 0 Inactive(file):    91360 kB
Node 0 Unevictable:       17056 kB
Node 0 Mlocked:           17056 kB
Node 0 Dirty:               236 kB
Node 0 Writeback:             0 kB
Node 0 FilePages:        124536 kB
Node 0 Mapped:            56880 kB
Node 0 AnonPages:         33472 kB
Node 0 Shmem:               796 kB
Node 0 KernelStack:        1848 kB
Node 0 PageTables:          876 kB
Node 0 NFS_Unstable:          0 kB
Node 0 Bounce:                0 kB
Node 0 WritebackTmp:          0 kB
Node 0 KReclaimable:      20124 kB
Node 0 Slab:              56596 kB
Node 0 SReclaimable:      20124 kB
Node 0 SUnreclaim:        36472 kB
Node 0 AnonHugePages:         0 kB
Node 0 ShmemHugePages:        0 kB
Node 0 ShmemPmdMapped:        0 kB
Node 0 FileHugePages:        0 kB
Node 0 FilePmdMapped:        0 kB
Node 0 HugePages_Total:     0
Node 0 HugePages_Free:      0
Node 0 HugePages_Surp:      0

Node 1 MemTotal:       24686196 kB
Node 1 MemFree:        24323664 kB
Node 1 MemUsed:          362532 kB
Node 1 Active:            47628 kB
Node 1 Inactive:          39336 kB
Node 1 Active(anon):      10272 kB
Node 1 Inactive(anon):      304 kB
Node 1 Active(file):      37356 kB
Node 1 Inactive(file):    39032 kB
Node 1 Unevictable:        1468 kB
Node 1 Mlocked:            1468 kB
Node 1 Dirty:               128 kB
Node 1 Writeback:             0 kB
Node 1 FilePages:         78360 kB
Node 1 Mapped:            25132 kB
Node 1 AnonPages:         10156 kB
Node 1 Shmem:               472 kB
Node 1 KernelStack:        1736 kB
Node 1 PageTables:          276 kB
Node 1 NFS_Unstable:          0 kB
Node 1 Bounce:                0 kB
Node 1 WritebackTmp:          0 kB
Node 1 KReclaimable:      22024 kB
Node 1 Slab:              51672 kB
Node 1 SReclaimable:      22024 kB
Node 1 SUnreclaim:        29648 kB
Node 1 AnonHugePages:         0 kB
Node 1 ShmemHugePages:        0 kB
Node 1 ShmemPmdMapped:        0 kB
Node 1 FileHugePages:        0 kB
Node 1 FilePmdMapped:        0 kB
Node 1 HugePages_Total:     0
Node 1 HugePages_Free:      0
Node 1 HugePages_Surp:      0

Load ZFS
Node 0 MemTotal:       24743736 kB
Node 0 MemFree:        24353280 kB
Node 0 MemUsed:          390456 kB
Node 0 Active:            61652 kB
Node 0 Inactive:         167704 kB
Node 0 Active(anon):      34100 kB
Node 0 Inactive(anon):      488 kB
Node 0 Active(file):      27552 kB
Node 0 Inactive(file):   167216 kB
Node 0 Unevictable:       17268 kB
Node 0 Mlocked:           17268 kB
Node 0 Dirty:               496 kB
Node 0 Writeback:             0 kB
Node 0 FilePages:        202136 kB
Node 0 Mapped:            59864 kB
Node 0 AnonPages:         44228 kB
Node 0 Shmem:               644 kB
Node 0 KernelStack:        2200 kB
Node 0 PageTables:         2220 kB
Node 0 NFS_Unstable:          0 kB
Node 0 Bounce:                0 kB
Node 0 WritebackTmp:          0 kB
Node 0 KReclaimable:      21136 kB
Node 0 Slab:              60080 kB
Node 0 SReclaimable:      21136 kB
Node 0 SUnreclaim:        38944 kB
Node 0 AnonHugePages:         0 kB
Node 0 ShmemHugePages:        0 kB
Node 0 ShmemPmdMapped:        0 kB
Node 0 FileHugePages:        0 kB
Node 0 FilePmdMapped:        0 kB
Node 0 HugePages_Total:     0
Node 0 HugePages_Free:      0
Node 0 HugePages_Surp:      0

Node 1 MemTotal:       24686196 kB
Node 1 MemFree:        24276424 kB
Node 1 MemUsed:          409772 kB
Node 1 Active:            64292 kB
Node 1 Inactive:          67180 kB
Node 1 Active(anon):      26428 kB
Node 1 Inactive(anon):      456 kB
Node 1 Active(file):      37864 kB
Node 1 Inactive(file):    66724 kB
Node 1 Unevictable:        1468 kB
Node 1 Mlocked:            1468 kB
Node 1 Dirty:               216 kB
Node 1 Writeback:             0 kB
Node 1 FilePages:        106680 kB
Node 1 Mapped:            26568 kB
Node 1 AnonPages:         26096 kB
Node 1 Shmem:               624 kB
Node 1 KernelStack:        1980 kB
Node 1 PageTables:         1048 kB
Node 1 NFS_Unstable:          0 kB
Node 1 Bounce:                0 kB
Node 1 WritebackTmp:          0 kB
Node 1 KReclaimable:      22600 kB
Node 1 Slab:              54708 kB
Node 1 SReclaimable:      22600 kB
Node 1 SUnreclaim:        32108 kB
Node 1 AnonHugePages:         0 kB
Node 1 ShmemHugePages:        0 kB
Node 1 ShmemPmdMapped:        0 kB
Node 1 FileHugePages:        0 kB
Node 1 FilePmdMapped:        0 kB
Node 1 HugePages_Total:     0
Node 1 HugePages_Free:      0
Node 1 HugePages_Surp:      0

Import tank ZPool
Node 0 MemTotal:       24743736 kB
Node 0 MemFree:        24347368 kB
Node 0 MemUsed:          396368 kB
Node 0 Active:            62004 kB
Node 0 Inactive:         168888 kB
Node 0 Active(anon):      34116 kB
Node 0 Inactive(anon):      488 kB
Node 0 Active(file):      27888 kB
Node 0 Inactive(file):   168400 kB
Node 0 Unevictable:       17284 kB
Node 0 Mlocked:           17284 kB
Node 0 Dirty:               112 kB
Node 0 Writeback:             0 kB
Node 0 FilePages:        203656 kB
Node 0 Mapped:            59660 kB
Node 0 AnonPages:         44580 kB
Node 0 Shmem:               644 kB
Node 0 KernelStack:        2168 kB
Node 0 PageTables:         1820 kB
Node 0 NFS_Unstable:          0 kB
Node 0 Bounce:                0 kB
Node 0 WritebackTmp:          0 kB
Node 0 KReclaimable:      21276 kB
Node 0 Slab:              65208 kB
Node 0 SReclaimable:      21276 kB
Node 0 SUnreclaim:        43932 kB
Node 0 AnonHugePages:         0 kB
Node 0 ShmemHugePages:        0 kB
Node 0 ShmemPmdMapped:        0 kB
Node 0 FileHugePages:        0 kB
Node 0 FilePmdMapped:        0 kB
Node 0 HugePages_Total:     0
Node 0 HugePages_Free:      0
Node 0 HugePages_Surp:      0

Node 1 MemTotal:       24686196 kB
Node 1 MemFree:        24262064 kB
Node 1 MemUsed:          424132 kB
Node 1 Active:            63792 kB
Node 1 Inactive:          67188 kB
Node 1 Active(anon):      25928 kB
Node 1 Inactive(anon):      460 kB
Node 1 Active(file):      37864 kB
Node 1 Inactive(file):    66728 kB
Node 1 Unevictable:        1468 kB
Node 1 Mlocked:            1468 kB
Node 1 Dirty:                12 kB
Node 1 Writeback:             0 kB
Node 1 FilePages:        106708 kB
Node 1 Mapped:            26516 kB
Node 1 AnonPages:         25764 kB
Node 1 Shmem:               624 kB
Node 1 KernelStack:        3080 kB
Node 1 PageTables:          932 kB
Node 1 NFS_Unstable:          0 kB
Node 1 Bounce:                0 kB
Node 1 WritebackTmp:          0 kB
Node 1 KReclaimable:      22604 kB
Node 1 Slab:              57088 kB
Node 1 SReclaimable:      22604 kB
Node 1 SUnreclaim:        34484 kB
Node 1 AnonHugePages:         0 kB
Node 1 ShmemHugePages:        0 kB
Node 1 ShmemPmdMapped:        0 kB
Node 1 FileHugePages:        0 kB
Node 1 FilePmdMapped:        0 kB
Node 1 HugePages_Total:     0
Node 1 HugePages_Free:      0
Node 1 HugePages_Surp:      0

After Test
Node 0 MemTotal:       24743736 kB
Node 0 MemFree:        24342852 kB
Node 0 MemUsed:          400884 kB
Node 0 Active:            63032 kB
Node 0 Inactive:         169848 kB
Node 0 Active(anon):      33844 kB
Node 0 Inactive(anon):      516 kB
Node 0 Active(file):      29188 kB
Node 0 Inactive(file):   169332 kB
Node 0 Unevictable:       17284 kB
Node 0 Mlocked:           17284 kB
Node 0 Dirty:               120 kB
Node 0 Writeback:             0 kB
Node 0 FilePages:        205932 kB
Node 0 Mapped:            59636 kB
Node 0 AnonPages:         44132 kB
Node 0 Shmem:               688 kB
Node 0 KernelStack:        2264 kB
Node 0 PageTables:         1828 kB
Node 0 NFS_Unstable:          0 kB
Node 0 Bounce:                0 kB
Node 0 WritebackTmp:          0 kB
Node 0 KReclaimable:      22560 kB
Node 0 Slab:              66700 kB
Node 0 SReclaimable:      22560 kB
Node 0 SUnreclaim:        44140 kB
Node 0 AnonHugePages:         0 kB
Node 0 ShmemHugePages:        0 kB
Node 0 ShmemPmdMapped:        0 kB
Node 0 FileHugePages:        0 kB
Node 0 FilePmdMapped:        0 kB
Node 0 HugePages_Total:     0
Node 0 HugePages_Free:      0
Node 0 HugePages_Surp:      0

Node 1 MemTotal:       24686196 kB
Node 1 MemFree:        24260300 kB
Node 1 MemUsed:          425896 kB
Node 1 Active:            63840 kB
Node 1 Inactive:          67148 kB
Node 1 Active(anon):      25928 kB
Node 1 Inactive(anon):      460 kB
Node 1 Active(file):      37912 kB
Node 1 Inactive(file):    66688 kB
Node 1 Unevictable:        1468 kB
Node 1 Mlocked:            1468 kB
Node 1 Dirty:                12 kB
Node 1 Writeback:             0 kB
Node 1 FilePages:        106708 kB
Node 1 Mapped:            26512 kB
Node 1 AnonPages:         25764 kB
Node 1 Shmem:               624 kB
Node 1 KernelStack:        3032 kB
Node 1 PageTables:          932 kB
Node 1 NFS_Unstable:          0 kB
Node 1 Bounce:                0 kB
Node 1 WritebackTmp:          0 kB
Node 1 KReclaimable:      22604 kB
Node 1 Slab:              57088 kB
Node 1 SReclaimable:      22604 kB
Node 1 SUnreclaim:        34484 kB
Node 1 AnonHugePages:         0 kB
Node 1 ShmemHugePages:        0 kB
Node 1 ShmemPmdMapped:        0 kB
Node 1 FileHugePages:        0 kB
Node 1 FilePmdMapped:        0 kB
Node 1 HugePages_Total:     0
Node 1 HugePages_Free:      0
Node 1 HugePages_Surp:      0

After Opposite Node
Node 0 MemTotal:       24743736 kB
Node 0 MemFree:        24343264 kB
Node 0 MemUsed:          400472 kB
Node 0 Active:            63156 kB
Node 0 Inactive:         169636 kB
Node 0 Active(anon):      33768 kB
Node 0 Inactive(anon):      484 kB
Node 0 Active(file):      29388 kB
Node 0 Inactive(file):   169152 kB
Node 0 Unevictable:       17284 kB
Node 0 Mlocked:           17284 kB
Node 0 Dirty:               144 kB
Node 0 Writeback:             0 kB
Node 0 FilePages:        205908 kB
Node 0 Mapped:            59600 kB
Node 0 AnonPages:         44164 kB
Node 0 Shmem:               644 kB
Node 0 KernelStack:        2184 kB
Node 0 PageTables:         1712 kB
Node 0 NFS_Unstable:          0 kB
Node 0 Bounce:                0 kB
Node 0 WritebackTmp:          0 kB
Node 0 KReclaimable:      22560 kB
Node 0 Slab:              66500 kB
Node 0 SReclaimable:      22560 kB
Node 0 SUnreclaim:        43940 kB
Node 0 AnonHugePages:         0 kB
Node 0 ShmemHugePages:        0 kB
Node 0 ShmemPmdMapped:        0 kB
Node 0 FileHugePages:        0 kB
Node 0 FilePmdMapped:        0 kB
Node 0 HugePages_Total:     0
Node 0 HugePages_Free:      0
Node 0 HugePages_Surp:      0

Node 1 MemTotal:       24686196 kB
Node 1 MemFree:        24258552 kB
Node 1 MemUsed:          427644 kB
Node 1 Active:            64044 kB
Node 1 Inactive:          67180 kB
Node 1 Active(anon):      26104 kB
Node 1 Inactive(anon):      484 kB
Node 1 Active(file):      37940 kB
Node 1 Inactive(file):    66696 kB
Node 1 Unevictable:        1468 kB
Node 1 Mlocked:            1468 kB
Node 1 Dirty:                24 kB
Node 1 Writeback:             0 kB
Node 1 FilePages:        106772 kB
Node 1 Mapped:            26556 kB
Node 1 AnonPages:         25868 kB
Node 1 Shmem:               668 kB
Node 1 KernelStack:        3064 kB
Node 1 PageTables:         1104 kB
Node 1 NFS_Unstable:          0 kB
Node 1 Bounce:                0 kB
Node 1 WritebackTmp:          0 kB
Node 1 KReclaimable:      22736 kB
Node 1 Slab:              57536 kB
Node 1 SReclaimable:      22736 kB
Node 1 SUnreclaim:        34800 kB
Node 1 AnonHugePages:         0 kB
Node 1 ShmemHugePages:        0 kB
Node 1 ShmemPmdMapped:        0 kB
Node 1 FileHugePages:        0 kB
Node 1 FilePmdMapped:        0 kB
Node 1 HugePages_Total:     0
Node 1 HugePages_Free:      0
Node 1 HugePages_Surp:      0

B.0.fio.256K.3.O Complete!
