B.0.fio.750M.1.O
Begin
Node 0 MemTotal:       24743736 kB
Node 0 MemFree:        24493884 kB
Node 0 MemUsed:          249852 kB
Node 0 Active:            71988 kB
Node 0 Inactive:          20372 kB
Node 0 Active(anon):      24444 kB
Node 0 Inactive(anon):      300 kB
Node 0 Active(file):      47544 kB
Node 0 Inactive(file):    20072 kB
Node 0 Unevictable:       17876 kB
Node 0 Mlocked:           17876 kB
Node 0 Dirty:                52 kB
Node 0 Writeback:             0 kB
Node 0 FilePages:         75784 kB
Node 0 Mapped:            27680 kB
Node 0 AnonPages:         34728 kB
Node 0 Shmem:               460 kB
Node 0 KernelStack:        2328 kB
Node 0 PageTables:          764 kB
Node 0 NFS_Unstable:          0 kB
Node 0 Bounce:                0 kB
Node 0 WritebackTmp:          0 kB
Node 0 KReclaimable:      24184 kB
Node 0 Slab:              60024 kB
Node 0 SReclaimable:      24184 kB
Node 0 SUnreclaim:        35840 kB
Node 0 AnonHugePages:         0 kB
Node 0 ShmemHugePages:        0 kB
Node 0 ShmemPmdMapped:        0 kB
Node 0 FileHugePages:        0 kB
Node 0 FilePmdMapped:        0 kB
Node 0 HugePages_Total:     0
Node 0 HugePages_Free:      0
Node 0 HugePages_Surp:      0

Node 1 MemTotal:       24686196 kB
Node 1 MemFree:        24248432 kB
Node 1 MemUsed:          437764 kB
Node 1 Active:            25904 kB
Node 1 Inactive:         146280 kB
Node 1 Active(anon):       9080 kB
Node 1 Inactive(anon):      576 kB
Node 1 Active(file):      16824 kB
Node 1 Inactive(file):   145704 kB
Node 1 Unevictable:         648 kB
Node 1 Mlocked:             648 kB
Node 1 Dirty:               216 kB
Node 1 Writeback:             0 kB
Node 1 FilePages:        163984 kB
Node 1 Mapped:            81608 kB
Node 1 AnonPages:          8896 kB
Node 1 Shmem:               808 kB
Node 1 KernelStack:        1288 kB
Node 1 PageTables:          608 kB
Node 1 NFS_Unstable:          0 kB
Node 1 Bounce:                0 kB
Node 1 WritebackTmp:          0 kB
Node 1 KReclaimable:      17220 kB
Node 1 Slab:              45436 kB
Node 1 SReclaimable:      17220 kB
Node 1 SUnreclaim:        28216 kB
Node 1 AnonHugePages:         0 kB
Node 1 ShmemHugePages:        0 kB
Node 1 ShmemPmdMapped:        0 kB
Node 1 FileHugePages:        0 kB
Node 1 FilePmdMapped:        0 kB
Node 1 HugePages_Total:     0
Node 1 HugePages_Free:      0
Node 1 HugePages_Surp:      0

Load ZFS
Node 0 MemTotal:       24743736 kB
Node 0 MemFree:        24249824 kB
Node 0 MemUsed:          493912 kB
Node 0 Active:            84340 kB
Node 0 Inactive:         104848 kB
Node 0 Active(anon):      35620 kB
Node 0 Inactive(anon):      424 kB
Node 0 Active(file):      48720 kB
Node 0 Inactive(file):   104424 kB
Node 0 Unevictable:       18092 kB
Node 0 Mlocked:           18092 kB
Node 0 Dirty:                60 kB
Node 0 Writeback:             0 kB
Node 0 FilePages:        161272 kB
Node 0 Mapped:            29820 kB
Node 0 AnonPages:         46184 kB
Node 0 Shmem:               584 kB
Node 0 KernelStack:        2520 kB
Node 0 PageTables:         1228 kB
Node 0 NFS_Unstable:          0 kB
Node 0 Bounce:                0 kB
Node 0 WritebackTmp:          0 kB
Node 0 KReclaimable:      25320 kB
Node 0 Slab:              65232 kB
Node 0 SReclaimable:      25320 kB
Node 0 SUnreclaim:        39912 kB
Node 0 AnonHugePages:         0 kB
Node 0 ShmemHugePages:        0 kB
Node 0 ShmemPmdMapped:        0 kB
Node 0 FileHugePages:        0 kB
Node 0 FilePmdMapped:        0 kB
Node 0 HugePages_Total:     0
Node 0 HugePages_Free:      0
Node 0 HugePages_Surp:      0

Node 1 MemTotal:       24686196 kB
Node 1 MemFree:        24345540 kB
Node 1 MemUsed:          340656 kB
Node 1 Active:            41128 kB
Node 1 Inactive:         165404 kB
Node 1 Active(anon):      22868 kB
Node 1 Inactive(anon):      520 kB
Node 1 Active(file):      18260 kB
Node 1 Inactive(file):   164884 kB
Node 1 Unevictable:         648 kB
Node 1 Mlocked:             648 kB
Node 1 Dirty:               588 kB
Node 1 Writeback:             0 kB
Node 1 FilePages:        184476 kB
Node 1 Mapped:            83624 kB
Node 1 AnonPages:         22996 kB
Node 1 Shmem:               684 kB
Node 1 KernelStack:        1684 kB
Node 1 PageTables:         1976 kB
Node 1 NFS_Unstable:          0 kB
Node 1 Bounce:                0 kB
Node 1 WritebackTmp:          0 kB
Node 1 KReclaimable:      18008 kB
Node 1 Slab:              47780 kB
Node 1 SReclaimable:      18008 kB
Node 1 SUnreclaim:        29772 kB
Node 1 AnonHugePages:         0 kB
Node 1 ShmemHugePages:        0 kB
Node 1 ShmemPmdMapped:        0 kB
Node 1 FileHugePages:        0 kB
Node 1 FilePmdMapped:        0 kB
Node 1 HugePages_Total:     0
Node 1 HugePages_Free:      0
Node 1 HugePages_Surp:      0

Import tank ZPool
Node 0 MemTotal:       24743736 kB
Node 0 MemFree:        24232428 kB
Node 0 MemUsed:          511308 kB
Node 0 Active:            84900 kB
Node 0 Inactive:         106040 kB
Node 0 Active(anon):      35816 kB
Node 0 Inactive(anon):      428 kB
Node 0 Active(file):      49084 kB
Node 0 Inactive(file):   105612 kB
Node 0 Unevictable:       18108 kB
Node 0 Mlocked:           18108 kB
Node 0 Dirty:                28 kB
Node 0 Writeback:             0 kB
Node 0 FilePages:        162832 kB
Node 0 Mapped:            29944 kB
Node 0 AnonPages:         46036 kB
Node 0 Shmem:               588 kB
Node 0 KernelStack:        3624 kB
Node 0 PageTables:         1276 kB
Node 0 NFS_Unstable:          0 kB
Node 0 Bounce:                0 kB
Node 0 WritebackTmp:          0 kB
Node 0 KReclaimable:      25420 kB
Node 0 Slab:              71620 kB
Node 0 SReclaimable:      25420 kB
Node 0 SUnreclaim:        46200 kB
Node 0 AnonHugePages:         0 kB
Node 0 ShmemHugePages:        0 kB
Node 0 ShmemPmdMapped:        0 kB
Node 0 FileHugePages:        0 kB
Node 0 FilePmdMapped:        0 kB
Node 0 HugePages_Total:     0
Node 0 HugePages_Free:      0
Node 0 HugePages_Surp:      0

Node 1 MemTotal:       24686196 kB
Node 1 MemFree:        24347036 kB
Node 1 MemUsed:          339160 kB
Node 1 Active:            41124 kB
Node 1 Inactive:         165404 kB
Node 1 Active(anon):      22864 kB
Node 1 Inactive(anon):      520 kB
Node 1 Active(file):      18260 kB
Node 1 Inactive(file):   164884 kB
Node 1 Unevictable:         648 kB
Node 1 Mlocked:             648 kB
Node 1 Dirty:               564 kB
Node 1 Writeback:             0 kB
Node 1 FilePages:        184472 kB
Node 1 Mapped:            83440 kB
Node 1 AnonPages:         22704 kB
Node 1 Shmem:               680 kB
Node 1 KernelStack:        1608 kB
Node 1 PageTables:         1540 kB
Node 1 NFS_Unstable:          0 kB
Node 1 Bounce:                0 kB
Node 1 WritebackTmp:          0 kB
Node 1 KReclaimable:      18008 kB
Node 1 Slab:              47788 kB
Node 1 SReclaimable:      18008 kB
Node 1 SUnreclaim:        29780 kB
Node 1 AnonHugePages:         0 kB
Node 1 ShmemHugePages:        0 kB
Node 1 ShmemPmdMapped:        0 kB
Node 1 FileHugePages:        0 kB
Node 1 FilePmdMapped:        0 kB
Node 1 HugePages_Total:     0
Node 1 HugePages_Free:      0
Node 1 HugePages_Surp:      0

After Test
Node 0 MemTotal:       24743736 kB
Node 0 MemFree:        23325104 kB
Node 0 MemUsed:         1418632 kB
Node 0 Active:            75020 kB
Node 0 Inactive:         106836 kB
Node 0 Active(anon):      24592 kB
Node 0 Inactive(anon):      448 kB
Node 0 Active(file):      50428 kB
Node 0 Inactive(file):   106388 kB
Node 0 Unevictable:       18108 kB
Node 0 Mlocked:           18108 kB
Node 0 Dirty:                56 kB
Node 0 Writeback:             0 kB
Node 0 FilePages:        164992 kB
Node 0 Mapped:            27984 kB
Node 0 AnonPages:         34932 kB
Node 0 Shmem:               632 kB
Node 0 KernelStack:        3416 kB
Node 0 PageTables:          896 kB
Node 0 NFS_Unstable:          0 kB
Node 0 Bounce:                0 kB
Node 0 WritebackTmp:          0 kB
Node 0 KReclaimable:      26700 kB
Node 0 Slab:              79128 kB
Node 0 SReclaimable:      26700 kB
Node 0 SUnreclaim:        52428 kB
Node 0 AnonHugePages:         0 kB
Node 0 ShmemHugePages:        0 kB
Node 0 ShmemPmdMapped:        0 kB
Node 0 FileHugePages:        0 kB
Node 0 FilePmdMapped:        0 kB
Node 0 HugePages_Total:     0
Node 0 HugePages_Free:      0
Node 0 HugePages_Surp:      0

Node 1 MemTotal:       24686196 kB
Node 1 MemFree:        23683892 kB
Node 1 MemUsed:         1002304 kB
Node 1 Active:            27416 kB
Node 1 Inactive:         164976 kB
Node 1 Active(anon):       8728 kB
Node 1 Inactive(anon):      520 kB
Node 1 Active(file):      18688 kB
Node 1 Inactive(file):   164456 kB
Node 1 Unevictable:         648 kB
Node 1 Mlocked:             648 kB
Node 1 Dirty:               580 kB
Node 1 Writeback:             0 kB
Node 1 FilePages:        184472 kB
Node 1 Mapped:            81808 kB
Node 1 AnonPages:          8568 kB
Node 1 Shmem:               680 kB
Node 1 KernelStack:        1240 kB
Node 1 PageTables:          608 kB
Node 1 NFS_Unstable:          0 kB
Node 1 Bounce:                0 kB
Node 1 WritebackTmp:          0 kB
Node 1 KReclaimable:      18008 kB
Node 1 Slab:              50064 kB
Node 1 SReclaimable:      18008 kB
Node 1 SUnreclaim:        32056 kB
Node 1 AnonHugePages:         0 kB
Node 1 ShmemHugePages:        0 kB
Node 1 ShmemPmdMapped:        0 kB
Node 1 FileHugePages:        0 kB
Node 1 FilePmdMapped:        0 kB
Node 1 HugePages_Total:     0
Node 1 HugePages_Free:      0
Node 1 HugePages_Surp:      0

After Opposite Node
Node 0 MemTotal:       24743736 kB
Node 0 MemFree:        23341848 kB
Node 0 MemUsed:         1401888 kB
Node 0 Active:            75080 kB
Node 0 Inactive:         106588 kB
Node 0 Active(anon):      24412 kB
Node 0 Inactive(anon):      420 kB
Node 0 Active(file):      50668 kB
Node 0 Inactive(file):   106168 kB
Node 0 Unevictable:       18108 kB
Node 0 Mlocked:           18108 kB
Node 0 Dirty:                76 kB
Node 0 Writeback:             0 kB
Node 0 FilePages:        164968 kB
Node 0 Mapped:            27936 kB
Node 0 AnonPages:         34804 kB
Node 0 Shmem:               588 kB
Node 0 KernelStack:        3368 kB
Node 0 PageTables:          720 kB
Node 0 NFS_Unstable:          0 kB
Node 0 Bounce:                0 kB
Node 0 WritebackTmp:          0 kB
Node 0 KReclaimable:      26700 kB
Node 0 Slab:              78840 kB
Node 0 SReclaimable:      26700 kB
Node 0 SUnreclaim:        52140 kB
Node 0 AnonHugePages:         0 kB
Node 0 ShmemHugePages:        0 kB
Node 0 ShmemPmdMapped:        0 kB
Node 0 FileHugePages:        0 kB
Node 0 FilePmdMapped:        0 kB
Node 0 HugePages_Total:     0
Node 0 HugePages_Free:      0
Node 0 HugePages_Surp:      0

Node 1 MemTotal:       24686196 kB
Node 1 MemFree:        23666188 kB
Node 1 MemUsed:         1020008 kB
Node 1 Active:            27696 kB
Node 1 Inactive:         165028 kB
Node 1 Active(anon):       9004 kB
Node 1 Inactive(anon):      564 kB
Node 1 Active(file):      18692 kB
Node 1 Inactive(file):   164464 kB
Node 1 Unevictable:         648 kB
Node 1 Mlocked:             648 kB
Node 1 Dirty:               620 kB
Node 1 Writeback:             0 kB
Node 1 FilePages:        184528 kB
Node 1 Mapped:            81920 kB
Node 1 AnonPages:          8704 kB
Node 1 Shmem:               724 kB
Node 1 KernelStack:        1272 kB
Node 1 PageTables:          780 kB
Node 1 NFS_Unstable:          0 kB
Node 1 Bounce:                0 kB
Node 1 WritebackTmp:          0 kB
Node 1 KReclaimable:      18044 kB
Node 1 Slab:              50700 kB
Node 1 SReclaimable:      18044 kB
Node 1 SUnreclaim:        32656 kB
Node 1 AnonHugePages:         0 kB
Node 1 ShmemHugePages:        0 kB
Node 1 ShmemPmdMapped:        0 kB
Node 1 FileHugePages:        0 kB
Node 1 FilePmdMapped:        0 kB
Node 1 HugePages_Total:     0
Node 1 HugePages_Free:      0
Node 1 HugePages_Surp:      0

B.0.fio.750M.1.O Complete!
