B.0.fio.10M.1.O
Begin
Node 0 MemTotal:       24768352 kB
Node 0 MemFree:        24332704 kB
Node 0 MemUsed:          435648 kB
Node 0 Active:            46880 kB
Node 0 Inactive:          98724 kB
Node 0 Active(anon):      20928 kB
Node 0 Inactive(anon):      584 kB
Node 0 Active(file):      25952 kB
Node 0 Inactive(file):    98140 kB
Node 0 Unevictable:        4792 kB
Node 0 Mlocked:            4792 kB
Node 0 Dirty:               120 kB
Node 0 Writeback:             0 kB
Node 0 FilePages:        129748 kB
Node 0 Mapped:            57424 kB
Node 0 AnonPages:         20784 kB
Node 0 Shmem:               804 kB
Node 0 KernelStack:        2136 kB
Node 0 PageTables:          840 kB
Node 0 NFS_Unstable:          0 kB
Node 0 Bounce:                0 kB
Node 0 WritebackTmp:          0 kB
Node 0 KReclaimable:      23612 kB
Node 0 Slab:              65508 kB
Node 0 SReclaimable:      23612 kB
Node 0 SUnreclaim:        41896 kB
Node 0 AnonHugePages:         0 kB
Node 0 ShmemHugePages:        0 kB
Node 0 ShmemPmdMapped:        0 kB
Node 0 FileHugePages:        0 kB
Node 0 FilePmdMapped:        0 kB
Node 0 HugePages_Total:     0
Node 0 HugePages_Free:      0
Node 0 HugePages_Surp:      0

Node 1 MemTotal:       24661580 kB
Node 1 MemFree:        24451960 kB
Node 1 MemUsed:          209620 kB
Node 1 Active:            49692 kB
Node 1 Inactive:          20484 kB
Node 1 Active(anon):      12976 kB
Node 1 Inactive(anon):      280 kB
Node 1 Active(file):      36716 kB
Node 1 Inactive(file):    20204 kB
Node 1 Unevictable:       13728 kB
Node 1 Mlocked:           13728 kB
Node 1 Dirty:                12 kB
Node 1 Writeback:             0 kB
Node 1 FilePages:         60804 kB
Node 1 Mapped:            14348 kB
Node 1 AnonPages:         23128 kB
Node 1 Shmem:               464 kB
Node 1 KernelStack:        1480 kB
Node 1 PageTables:          336 kB
Node 1 NFS_Unstable:          0 kB
Node 1 Bounce:                0 kB
Node 1 WritebackTmp:          0 kB
Node 1 KReclaimable:      17952 kB
Node 1 Slab:              40072 kB
Node 1 SReclaimable:      17952 kB
Node 1 SUnreclaim:        22120 kB
Node 1 AnonHugePages:         0 kB
Node 1 ShmemHugePages:        0 kB
Node 1 ShmemPmdMapped:        0 kB
Node 1 FileHugePages:        0 kB
Node 1 FilePmdMapped:        0 kB
Node 1 HugePages_Total:     0
Node 1 HugePages_Free:      0
Node 1 HugePages_Surp:      0

Load ZFS
Node 0 MemTotal:       24768352 kB
Node 0 MemFree:        24232652 kB
Node 0 MemUsed:          535700 kB
Node 0 Active:            61444 kB
Node 0 Inactive:         172924 kB
Node 0 Active(anon):      34172 kB
Node 0 Inactive(anon):      236 kB
Node 0 Active(file):      27272 kB
Node 0 Inactive(file):   172688 kB
Node 0 Unevictable:        4792 kB
Node 0 Mlocked:            4792 kB
Node 0 Dirty:               372 kB
Node 0 Writeback:             0 kB
Node 0 FilePages:        205672 kB
Node 0 Mapped:            59388 kB
Node 0 AnonPages:         33948 kB
Node 0 Shmem:               648 kB
Node 0 KernelStack:        2648 kB
Node 0 PageTables:         1404 kB
Node 0 NFS_Unstable:          0 kB
Node 0 Bounce:                0 kB
Node 0 WritebackTmp:          0 kB
Node 0 KReclaimable:      24300 kB
Node 0 Slab:              69428 kB
Node 0 SReclaimable:      24300 kB
Node 0 SUnreclaim:        45128 kB
Node 0 AnonHugePages:         0 kB
Node 0 ShmemHugePages:        0 kB
Node 0 ShmemPmdMapped:        0 kB
Node 0 FileHugePages:        0 kB
Node 0 FilePmdMapped:        0 kB
Node 0 HugePages_Total:     0
Node 0 HugePages_Free:      0
Node 0 HugePages_Surp:      0

Node 1 MemTotal:       24661580 kB
Node 1 MemFree:        24408508 kB
Node 1 MemUsed:          253072 kB
Node 1 Active:            64124 kB
Node 1 Inactive:          49784 kB
Node 1 Active(anon):      26132 kB
Node 1 Inactive(anon):      364 kB
Node 1 Active(file):      37992 kB
Node 1 Inactive(file):    49420 kB
Node 1 Unevictable:       13792 kB
Node 1 Mlocked:           13792 kB
Node 1 Dirty:                12 kB
Node 1 Writeback:             0 kB
Node 1 FilePages:         91436 kB
Node 1 Mapped:            17444 kB
Node 1 AnonPages:         35860 kB
Node 1 Shmem:               620 kB
Node 1 KernelStack:        1760 kB
Node 1 PageTables:         1320 kB
Node 1 NFS_Unstable:          0 kB
Node 1 Bounce:                0 kB
Node 1 WritebackTmp:          0 kB
Node 1 KReclaimable:      18592 kB
Node 1 Slab:              43456 kB
Node 1 SReclaimable:      18592 kB
Node 1 SUnreclaim:        24864 kB
Node 1 AnonHugePages:         0 kB
Node 1 ShmemHugePages:        0 kB
Node 1 ShmemPmdMapped:        0 kB
Node 1 FileHugePages:        0 kB
Node 1 FilePmdMapped:        0 kB
Node 1 HugePages_Total:     0
Node 1 HugePages_Free:      0
Node 1 HugePages_Surp:      0

Import tank ZPool
Node 0 MemTotal:       24768352 kB
Node 0 MemFree:        24231880 kB
Node 0 MemUsed:          536472 kB
Node 0 Active:            48096 kB
Node 0 Inactive:         174064 kB
Node 0 Active(anon):      20392 kB
Node 0 Inactive(anon):      500 kB
Node 0 Active(file):      27704 kB
Node 0 Inactive(file):   173564 kB
Node 0 Unevictable:        4792 kB
Node 0 Mlocked:            4792 kB
Node 0 Dirty:               184 kB
Node 0 Writeback:             0 kB
Node 0 FilePages:        206736 kB
Node 0 Mapped:            57768 kB
Node 0 AnonPages:         19812 kB
Node 0 Shmem:               676 kB
Node 0 KernelStack:        3320 kB
Node 0 PageTables:          832 kB
Node 0 NFS_Unstable:          0 kB
Node 0 Bounce:                0 kB
Node 0 WritebackTmp:          0 kB
Node 0 KReclaimable:      24628 kB
Node 0 Slab:              74796 kB
Node 0 SReclaimable:      24628 kB
Node 0 SUnreclaim:        50168 kB
Node 0 AnonHugePages:         0 kB
Node 0 ShmemHugePages:        0 kB
Node 0 ShmemPmdMapped:        0 kB
Node 0 FileHugePages:        0 kB
Node 0 FilePmdMapped:        0 kB
Node 0 HugePages_Total:     0
Node 0 HugePages_Free:      0
Node 0 HugePages_Surp:      0

Node 1 MemTotal:       24661580 kB
Node 1 MemFree:        24420560 kB
Node 1 MemUsed:          241020 kB
Node 1 Active:            51692 kB
Node 1 Inactive:          49312 kB
Node 1 Active(anon):      13316 kB
Node 1 Inactive(anon):      448 kB
Node 1 Active(file):      38376 kB
Node 1 Inactive(file):    48864 kB
Node 1 Unevictable:       13956 kB
Node 1 Mlocked:           13956 kB
Node 1 Dirty:                16 kB
Node 1 Writeback:             0 kB
Node 1 FilePages:         91252 kB
Node 1 Mapped:            14380 kB
Node 1 AnonPages:         23724 kB
Node 1 Shmem:               592 kB
Node 1 KernelStack:        1368 kB
Node 1 PageTables:          340 kB
Node 1 NFS_Unstable:          0 kB
Node 1 Bounce:                0 kB
Node 1 WritebackTmp:          0 kB
Node 1 KReclaimable:      18836 kB
Node 1 Slab:              43616 kB
Node 1 SReclaimable:      18836 kB
Node 1 SUnreclaim:        24780 kB
Node 1 AnonHugePages:         0 kB
Node 1 ShmemHugePages:        0 kB
Node 1 ShmemPmdMapped:        0 kB
Node 1 FileHugePages:        0 kB
Node 1 FilePmdMapped:        0 kB
Node 1 HugePages_Total:     0
Node 1 HugePages_Free:      0
Node 1 HugePages_Surp:      0

After Test
Node 0 MemTotal:       24768352 kB
Node 0 MemFree:        24205980 kB
Node 0 MemUsed:          562372 kB
Node 0 Active:            49484 kB
Node 0 Inactive:         175124 kB
Node 0 Active(anon):      20508 kB
Node 0 Inactive(anon):      528 kB
Node 0 Active(file):      28976 kB
Node 0 Inactive(file):   174596 kB
Node 0 Unevictable:        4792 kB
Node 0 Mlocked:            4792 kB
Node 0 Dirty:               192 kB
Node 0 Writeback:             0 kB
Node 0 FilePages:        209080 kB
Node 0 Mapped:            57884 kB
Node 0 AnonPages:         20264 kB
Node 0 Shmem:               720 kB
Node 0 KernelStack:        3352 kB
Node 0 PageTables:          964 kB
Node 0 NFS_Unstable:          0 kB
Node 0 Bounce:                0 kB
Node 0 WritebackTmp:          0 kB
Node 0 KReclaimable:      25896 kB
Node 0 Slab:              76484 kB
Node 0 SReclaimable:      25896 kB
Node 0 SUnreclaim:        50588 kB
Node 0 AnonHugePages:         0 kB
Node 0 ShmemHugePages:        0 kB
Node 0 ShmemPmdMapped:        0 kB
Node 0 FileHugePages:        0 kB
Node 0 FilePmdMapped:        0 kB
Node 0 HugePages_Total:     0
Node 0 HugePages_Free:      0
Node 0 HugePages_Surp:      0

Node 1 MemTotal:       24661580 kB
Node 1 MemFree:        24420292 kB
Node 1 MemUsed:          241288 kB
Node 1 Active:            51948 kB
Node 1 Inactive:          49272 kB
Node 1 Active(anon):      13516 kB
Node 1 Inactive(anon):      448 kB
Node 1 Active(file):      38432 kB
Node 1 Inactive(file):    48824 kB
Node 1 Unevictable:       13956 kB
Node 1 Mlocked:           13956 kB
Node 1 Dirty:                16 kB
Node 1 Writeback:             0 kB
Node 1 FilePages:         91252 kB
Node 1 Mapped:            14360 kB
Node 1 AnonPages:         23924 kB
Node 1 Shmem:               592 kB
Node 1 KernelStack:        1384 kB
Node 1 PageTables:          380 kB
Node 1 NFS_Unstable:          0 kB
Node 1 Bounce:                0 kB
Node 1 WritebackTmp:          0 kB
Node 1 KReclaimable:      18836 kB
Node 1 Slab:              43632 kB
Node 1 SReclaimable:      18836 kB
Node 1 SUnreclaim:        24796 kB
Node 1 AnonHugePages:         0 kB
Node 1 ShmemHugePages:        0 kB
Node 1 ShmemPmdMapped:        0 kB
Node 1 FileHugePages:        0 kB
Node 1 FilePmdMapped:        0 kB
Node 1 HugePages_Total:     0
Node 1 HugePages_Free:      0
Node 1 HugePages_Surp:      0

After Opposite Node
Node 0 MemTotal:       24768352 kB
Node 0 MemFree:        24206036 kB
Node 0 MemUsed:          562316 kB
Node 0 Active:            49560 kB
Node 0 Inactive:         174936 kB
Node 0 Active(anon):      20412 kB
Node 0 Inactive(anon):      492 kB
Node 0 Active(file):      29148 kB
Node 0 Inactive(file):   174444 kB
Node 0 Unevictable:        4792 kB
Node 0 Mlocked:            4792 kB
Node 0 Dirty:               212 kB
Node 0 Writeback:             0 kB
Node 0 FilePages:        209056 kB
Node 0 Mapped:            57896 kB
Node 0 AnonPages:         20272 kB
Node 0 Shmem:               676 kB
Node 0 KernelStack:        3288 kB
Node 0 PageTables:          804 kB
Node 0 NFS_Unstable:          0 kB
Node 0 Bounce:                0 kB
Node 0 WritebackTmp:          0 kB
Node 0 KReclaimable:      25896 kB
Node 0 Slab:              76396 kB
Node 0 SReclaimable:      25896 kB
Node 0 SUnreclaim:        50500 kB
Node 0 AnonHugePages:         0 kB
Node 0 ShmemHugePages:        0 kB
Node 0 ShmemPmdMapped:        0 kB
Node 0 FileHugePages:        0 kB
Node 0 FilePmdMapped:        0 kB
Node 0 HugePages_Total:     0
Node 0 HugePages_Free:      0
Node 0 HugePages_Surp:      0

Node 1 MemTotal:       24661580 kB
Node 1 MemFree:        24421004 kB
Node 1 MemUsed:          240576 kB
Node 1 Active:            52228 kB
Node 1 Inactive:          49312 kB
Node 1 Active(anon):      13792 kB
Node 1 Inactive(anon):      480 kB
Node 1 Active(file):      38436 kB
Node 1 Inactive(file):    48832 kB
Node 1 Unevictable:       13956 kB
Node 1 Mlocked:           13956 kB
Node 1 Dirty:                24 kB
Node 1 Writeback:             0 kB
Node 1 FilePages:         91292 kB
Node 1 Mapped:            14388 kB
Node 1 AnonPages:         24076 kB
Node 1 Shmem:               620 kB
Node 1 KernelStack:        1416 kB
Node 1 PageTables:          484 kB
Node 1 NFS_Unstable:          0 kB
Node 1 Bounce:                0 kB
Node 1 WritebackTmp:          0 kB
Node 1 KReclaimable:      18868 kB
Node 1 Slab:              43868 kB
Node 1 SReclaimable:      18868 kB
Node 1 SUnreclaim:        25000 kB
Node 1 AnonHugePages:         0 kB
Node 1 ShmemHugePages:        0 kB
Node 1 ShmemPmdMapped:        0 kB
Node 1 FileHugePages:        0 kB
Node 1 FilePmdMapped:        0 kB
Node 1 HugePages_Total:     0
Node 1 HugePages_Free:      0
Node 1 HugePages_Surp:      0

B.0.fio.10M.1.O Complete!
