B.0.simpleread.2-1G.2.O.1M
Begin
Node 0 MemTotal:       24743736 kB
Node 0 MemFree:        24451468 kB
Node 0 MemUsed:          292268 kB
Node 0 Active:            65444 kB
Node 0 Inactive:          69080 kB
Node 0 Active(anon):      19248 kB
Node 0 Inactive(anon):      496 kB
Node 0 Active(file):      46196 kB
Node 0 Inactive(file):    68584 kB
Node 0 Unevictable:       17892 kB
Node 0 Mlocked:           17892 kB
Node 0 Dirty:               240 kB
Node 0 Writeback:             0 kB
Node 0 FilePages:        123076 kB
Node 0 Mapped:            35848 kB
Node 0 AnonPages:         29380 kB
Node 0 Shmem:               732 kB
Node 0 KernelStack:        2392 kB
Node 0 PageTables:          648 kB
Node 0 NFS_Unstable:          0 kB
Node 0 Bounce:                0 kB
Node 0 WritebackTmp:          0 kB
Node 0 KReclaimable:      19032 kB
Node 0 Slab:              57552 kB
Node 0 SReclaimable:      19032 kB
Node 0 SUnreclaim:        38520 kB
Node 0 AnonHugePages:         0 kB
Node 0 ShmemHugePages:        0 kB
Node 0 ShmemPmdMapped:        0 kB
Node 0 FileHugePages:        0 kB
Node 0 FilePmdMapped:        0 kB
Node 0 HugePages_Total:     0
Node 0 HugePages_Free:      0
Node 0 HugePages_Surp:      0

Node 1 MemTotal:       24686196 kB
Node 1 MemFree:        24368876 kB
Node 1 MemUsed:          317320 kB
Node 1 Active:            28848 kB
Node 1 Inactive:          18904 kB
Node 1 Active(anon):      14404 kB
Node 1 Inactive(anon):      364 kB
Node 1 Active(file):      14444 kB
Node 1 Inactive(file):    18540 kB
Node 1 Unevictable:         628 kB
Node 1 Mlocked:             628 kB
Node 1 Dirty:               276 kB
Node 1 Writeback:             0 kB
Node 1 FilePages:         34208 kB
Node 1 Mapped:             8204 kB
Node 1 AnonPages:         14316 kB
Node 1 Shmem:               536 kB
Node 1 KernelStack:        1240 kB
Node 1 PageTables:          468 kB
Node 1 NFS_Unstable:          0 kB
Node 1 Bounce:                0 kB
Node 1 WritebackTmp:          0 kB
Node 1 KReclaimable:      23668 kB
Node 1 Slab:              51364 kB
Node 1 SReclaimable:      23668 kB
Node 1 SUnreclaim:        27696 kB
Node 1 AnonHugePages:         0 kB
Node 1 ShmemHugePages:        0 kB
Node 1 ShmemPmdMapped:        0 kB
Node 1 FileHugePages:        0 kB
Node 1 FilePmdMapped:        0 kB
Node 1 HugePages_Total:     0
Node 1 HugePages_Free:      0
Node 1 HugePages_Surp:      0

Load ZFS
Node 0 MemTotal:       24743736 kB
Node 0 MemFree:        24401844 kB
Node 0 MemUsed:          341892 kB
Node 0 Active:            79640 kB
Node 0 Inactive:          97780 kB
Node 0 Active(anon):      32116 kB
Node 0 Inactive(anon):      488 kB
Node 0 Active(file):      47524 kB
Node 0 Inactive(file):    97292 kB
Node 0 Unevictable:       18092 kB
Node 0 Mlocked:           18092 kB
Node 0 Dirty:               508 kB
Node 0 Writeback:             0 kB
Node 0 FilePages:        153052 kB
Node 0 Mapped:            38964 kB
Node 0 AnonPages:         42488 kB
Node 0 Shmem:               672 kB
Node 0 KernelStack:        2720 kB
Node 0 PageTables:         1100 kB
Node 0 NFS_Unstable:          0 kB
Node 0 Bounce:                0 kB
Node 0 WritebackTmp:          0 kB
Node 0 KReclaimable:      19652 kB
Node 0 Slab:              60760 kB
Node 0 SReclaimable:      19652 kB
Node 0 SUnreclaim:        41108 kB
Node 0 AnonHugePages:         0 kB
Node 0 ShmemHugePages:        0 kB
Node 0 ShmemPmdMapped:        0 kB
Node 0 FileHugePages:        0 kB
Node 0 FilePmdMapped:        0 kB
Node 0 HugePages_Total:     0
Node 0 HugePages_Free:      0
Node 0 HugePages_Surp:      0

Node 1 MemTotal:       24686196 kB
Node 1 MemFree:        24274968 kB
Node 1 MemUsed:          411228 kB
Node 1 Active:            41692 kB
Node 1 Inactive:          93660 kB
Node 1 Active(anon):      26128 kB
Node 1 Inactive(anon):      456 kB
Node 1 Active(file):      15564 kB
Node 1 Inactive(file):    93204 kB
Node 1 Unevictable:         628 kB
Node 1 Mlocked:             628 kB
Node 1 Dirty:                28 kB
Node 1 Writeback:             0 kB
Node 1 FilePages:        109992 kB
Node 1 Mapped:             9384 kB
Node 1 AnonPages:         25704 kB
Node 1 Shmem:               596 kB
Node 1 KernelStack:        1540 kB
Node 1 PageTables:         1144 kB
Node 1 NFS_Unstable:          0 kB
Node 1 Bounce:                0 kB
Node 1 WritebackTmp:          0 kB
Node 1 KReclaimable:      24440 kB
Node 1 Slab:              54924 kB
Node 1 SReclaimable:      24440 kB
Node 1 SUnreclaim:        30484 kB
Node 1 AnonHugePages:         0 kB
Node 1 ShmemHugePages:        0 kB
Node 1 ShmemPmdMapped:        0 kB
Node 1 FileHugePages:        0 kB
Node 1 FilePmdMapped:        0 kB
Node 1 HugePages_Total:     0
Node 1 HugePages_Free:      0
Node 1 HugePages_Surp:      0

Import tank ZPool
Node 0 MemTotal:       24743736 kB
Node 0 MemFree:        24388376 kB
Node 0 MemUsed:          355360 kB
Node 0 Active:            79396 kB
Node 0 Inactive:          97788 kB
Node 0 Active(anon):      31872 kB
Node 0 Inactive(anon):      492 kB
Node 0 Active(file):      47524 kB
Node 0 Inactive(file):    97296 kB
Node 0 Unevictable:       18124 kB
Node 0 Mlocked:           18124 kB
Node 0 Dirty:               600 kB
Node 0 Writeback:             0 kB
Node 0 FilePages:        153088 kB
Node 0 Mapped:            38560 kB
Node 0 AnonPages:         42248 kB
Node 0 Shmem:               672 kB
Node 0 KernelStack:        3752 kB
Node 0 PageTables:         1336 kB
Node 0 NFS_Unstable:          0 kB
Node 0 Bounce:                0 kB
Node 0 WritebackTmp:          0 kB
Node 0 KReclaimable:      19652 kB
Node 0 Slab:              63176 kB
Node 0 SReclaimable:      19652 kB
Node 0 SUnreclaim:        43524 kB
Node 0 AnonHugePages:         0 kB
Node 0 ShmemHugePages:        0 kB
Node 0 ShmemPmdMapped:        0 kB
Node 0 FileHugePages:        0 kB
Node 0 FilePmdMapped:        0 kB
Node 0 HugePages_Total:     0
Node 0 HugePages_Free:      0
Node 0 HugePages_Surp:      0

Node 1 MemTotal:       24686196 kB
Node 1 MemFree:        24268396 kB
Node 1 MemUsed:          417800 kB
Node 1 Active:            41948 kB
Node 1 Inactive:          94848 kB
Node 1 Active(anon):      26052 kB
Node 1 Inactive(anon):      456 kB
Node 1 Active(file):      15896 kB
Node 1 Inactive(file):    94392 kB
Node 1 Unevictable:         628 kB
Node 1 Mlocked:             628 kB
Node 1 Dirty:                44 kB
Node 1 Writeback:             0 kB
Node 1 FilePages:        111516 kB
Node 1 Mapped:             9344 kB
Node 1 AnonPages:         25588 kB
Node 1 Shmem:               596 kB
Node 1 KernelStack:        1480 kB
Node 1 PageTables:         1168 kB
Node 1 NFS_Unstable:          0 kB
Node 1 Bounce:                0 kB
Node 1 WritebackTmp:          0 kB
Node 1 KReclaimable:      24564 kB
Node 1 Slab:              60572 kB
Node 1 SReclaimable:      24564 kB
Node 1 SUnreclaim:        36008 kB
Node 1 AnonHugePages:         0 kB
Node 1 ShmemHugePages:        0 kB
Node 1 ShmemPmdMapped:        0 kB
Node 1 FileHugePages:        0 kB
Node 1 FilePmdMapped:        0 kB
Node 1 HugePages_Total:     0
Node 1 HugePages_Free:      0
Node 1 HugePages_Surp:      0

After Test
Node 0 MemTotal:       24743736 kB
Node 0 MemFree:        22746220 kB
Node 0 MemUsed:         1997516 kB
Node 0 Active:            68372 kB
Node 0 Inactive:          97420 kB
Node 0 Active(anon):      20028 kB
Node 0 Inactive(anon):      484 kB
Node 0 Active(file):      48344 kB
Node 0 Inactive(file):    96936 kB
Node 0 Unevictable:       18124 kB
Node 0 Mlocked:           18124 kB
Node 0 Dirty:               416 kB
Node 0 Writeback:             0 kB
Node 0 FilePages:        153528 kB
Node 0 Mapped:            35888 kB
Node 0 AnonPages:         30444 kB
Node 0 Shmem:               668 kB
Node 0 KernelStack:        3580 kB
Node 0 PageTables:          680 kB
Node 0 NFS_Unstable:          0 kB
Node 0 Bounce:                0 kB
Node 0 WritebackTmp:          0 kB
Node 0 KReclaimable:      19692 kB
Node 0 Slab:              71664 kB
Node 0 SReclaimable:      19692 kB
Node 0 SUnreclaim:        51972 kB
Node 0 AnonHugePages:         0 kB
Node 0 ShmemHugePages:        0 kB
Node 0 ShmemPmdMapped:        0 kB
Node 0 FileHugePages:        0 kB
Node 0 FilePmdMapped:        0 kB
Node 0 HugePages_Total:     0
Node 0 HugePages_Free:      0
Node 0 HugePages_Surp:      0

Node 1 MemTotal:       24686196 kB
Node 1 MemFree:        24063472 kB
Node 1 MemUsed:          622724 kB
Node 1 Active:            30100 kB
Node 1 Inactive:          94156 kB
Node 1 Active(anon):      13476 kB
Node 1 Inactive(anon):      456 kB
Node 1 Active(file):      16624 kB
Node 1 Inactive(file):    93700 kB
Node 1 Unevictable:         628 kB
Node 1 Mlocked:             628 kB
Node 1 Dirty:                20 kB
Node 1 Writeback:             0 kB
Node 1 FilePages:        111552 kB
Node 1 Mapped:             8196 kB
Node 1 AnonPages:         13344 kB
Node 1 Shmem:               600 kB
Node 1 KernelStack:        1272 kB
Node 1 PageTables:          404 kB
Node 1 NFS_Unstable:          0 kB
Node 1 Bounce:                0 kB
Node 1 WritebackTmp:          0 kB
Node 1 KReclaimable:      24660 kB
Node 1 Slab:              61192 kB
Node 1 SReclaimable:      24660 kB
Node 1 SUnreclaim:        36532 kB
Node 1 AnonHugePages:         0 kB
Node 1 ShmemHugePages:        0 kB
Node 1 ShmemPmdMapped:        0 kB
Node 1 FileHugePages:        0 kB
Node 1 FilePmdMapped:        0 kB
Node 1 HugePages_Total:     0
Node 1 HugePages_Free:      0
Node 1 HugePages_Surp:      0

After Opposite Node
Node 0 MemTotal:       24743736 kB
Node 0 MemFree:        22745724 kB
Node 0 MemUsed:         1998012 kB
Node 0 Active:            68184 kB
Node 0 Inactive:          97224 kB
Node 0 Active(anon):      19624 kB
Node 0 Inactive(anon):      484 kB
Node 0 Active(file):      48560 kB
Node 0 Inactive(file):    96740 kB
Node 0 Unevictable:       18124 kB
Node 0 Mlocked:           18124 kB
Node 0 Dirty:               428 kB
Node 0 Writeback:             0 kB
Node 0 FilePages:        153532 kB
Node 0 Mapped:            35920 kB
Node 0 AnonPages:         29996 kB
Node 0 Shmem:               668 kB
Node 0 KernelStack:        3544 kB
Node 0 PageTables:          628 kB
Node 0 NFS_Unstable:          0 kB
Node 0 Bounce:                0 kB
Node 0 WritebackTmp:          0 kB
Node 0 KReclaimable:      19692 kB
Node 0 Slab:              71448 kB
Node 0 SReclaimable:      19692 kB
Node 0 SUnreclaim:        51756 kB
Node 0 AnonHugePages:         0 kB
Node 0 ShmemHugePages:        0 kB
Node 0 ShmemPmdMapped:        0 kB
Node 0 FileHugePages:        0 kB
Node 0 FilePmdMapped:        0 kB
Node 0 HugePages_Total:     0
Node 0 HugePages_Free:      0
Node 0 HugePages_Surp:      0

Node 1 MemTotal:       24686196 kB
Node 1 MemFree:        24064172 kB
Node 1 MemUsed:          622024 kB
Node 1 Active:            30704 kB
Node 1 Inactive:          94112 kB
Node 1 Active(anon):      14016 kB
Node 1 Inactive(anon):      456 kB
Node 1 Active(file):      16688 kB
Node 1 Inactive(file):    93656 kB
Node 1 Unevictable:         628 kB
Node 1 Mlocked:             628 kB
Node 1 Dirty:                36 kB
Node 1 Writeback:             0 kB
Node 1 FilePages:        111572 kB
Node 1 Mapped:             8188 kB
Node 1 AnonPages:         13604 kB
Node 1 Shmem:               600 kB
Node 1 KernelStack:        1256 kB
Node 1 PageTables:          480 kB
Node 1 NFS_Unstable:          0 kB
Node 1 Bounce:                0 kB
Node 1 WritebackTmp:          0 kB
Node 1 KReclaimable:      24660 kB
Node 1 Slab:              61252 kB
Node 1 SReclaimable:      24660 kB
Node 1 SUnreclaim:        36592 kB
Node 1 AnonHugePages:         0 kB
Node 1 ShmemHugePages:        0 kB
Node 1 ShmemPmdMapped:        0 kB
Node 1 FileHugePages:        0 kB
Node 1 FilePmdMapped:        0 kB
Node 1 HugePages_Total:     0
Node 1 HugePages_Free:      0
Node 1 HugePages_Surp:      0

B.0.simpleread.2-1G.2.O.1M Complete!
