B.0.simpleread.250M.1.O.1M
Begin
Node 0 MemTotal:       24743736 kB
Node 0 MemFree:        24316068 kB
Node 0 MemUsed:          427668 kB
Node 0 Active:            65616 kB
Node 0 Inactive:          68300 kB
Node 0 Active(anon):      15300 kB
Node 0 Inactive(anon):      540 kB
Node 0 Active(file):      50316 kB
Node 0 Inactive(file):    67760 kB
Node 0 Unevictable:       17928 kB
Node 0 Mlocked:           17928 kB
Node 0 Dirty:               168 kB
Node 0 Writeback:             0 kB
Node 0 FilePages:        126676 kB
Node 0 Mapped:            36276 kB
Node 0 AnonPages:         25452 kB
Node 0 Shmem:               824 kB
Node 0 KernelStack:        2232 kB
Node 0 PageTables:          648 kB
Node 0 NFS_Unstable:          0 kB
Node 0 Bounce:                0 kB
Node 0 WritebackTmp:          0 kB
Node 0 KReclaimable:      22908 kB
Node 0 Slab:              58608 kB
Node 0 SReclaimable:      22908 kB
Node 0 SUnreclaim:        35700 kB
Node 0 AnonHugePages:         0 kB
Node 0 ShmemHugePages:        0 kB
Node 0 ShmemPmdMapped:        0 kB
Node 0 FileHugePages:        0 kB
Node 0 FilePmdMapped:        0 kB
Node 0 HugePages_Total:     0
Node 0 HugePages_Free:      0
Node 0 HugePages_Surp:      0

Node 1 MemTotal:       24686196 kB
Node 1 MemFree:        24506472 kB
Node 1 MemUsed:          179724 kB
Node 1 Active:            28596 kB
Node 1 Inactive:          19048 kB
Node 1 Active(anon):      18400 kB
Node 1 Inactive(anon):      328 kB
Node 1 Active(file):      10196 kB
Node 1 Inactive(file):    18720 kB
Node 1 Unevictable:         592 kB
Node 1 Mlocked:             592 kB
Node 1 Dirty:                12 kB
Node 1 Writeback:             0 kB
Node 1 FilePages:         29952 kB
Node 1 Mapped:             9504 kB
Node 1 AnonPages:         18328 kB
Node 1 Shmem:               444 kB
Node 1 KernelStack:        1400 kB
Node 1 PageTables:          408 kB
Node 1 NFS_Unstable:          0 kB
Node 1 Bounce:                0 kB
Node 1 WritebackTmp:          0 kB
Node 1 KReclaimable:      18364 kB
Node 1 Slab:              46996 kB
Node 1 SReclaimable:      18364 kB
Node 1 SUnreclaim:        28632 kB
Node 1 AnonHugePages:         0 kB
Node 1 ShmemHugePages:        0 kB
Node 1 ShmemPmdMapped:        0 kB
Node 1 FileHugePages:        0 kB
Node 1 FilePmdMapped:        0 kB
Node 1 HugePages_Total:     0
Node 1 HugePages_Free:      0
Node 1 HugePages_Surp:      0

Load ZFS
Node 0 MemTotal:       24743736 kB
Node 0 MemFree:        24219404 kB
Node 0 MemUsed:          524332 kB
Node 0 Active:            76624 kB
Node 0 Inactive:         146608 kB
Node 0 Active(anon):      24744 kB
Node 0 Inactive(anon):      472 kB
Node 0 Active(file):      51880 kB
Node 0 Inactive(file):   146136 kB
Node 0 Unevictable:       18144 kB
Node 0 Mlocked:           18144 kB
Node 0 Dirty:               452 kB
Node 0 Writeback:             0 kB
Node 0 FilePages:        206280 kB
Node 0 Mapped:            39140 kB
Node 0 AnonPages:         35096 kB
Node 0 Shmem:               664 kB
Node 0 KernelStack:        2744 kB
Node 0 PageTables:         1572 kB
Node 0 NFS_Unstable:          0 kB
Node 0 Bounce:                0 kB
Node 0 WritebackTmp:          0 kB
Node 0 KReclaimable:      23752 kB
Node 0 Slab:              62472 kB
Node 0 SReclaimable:      23752 kB
Node 0 SUnreclaim:        38720 kB
Node 0 AnonHugePages:         0 kB
Node 0 ShmemHugePages:        0 kB
Node 0 ShmemPmdMapped:        0 kB
Node 0 FileHugePages:        0 kB
Node 0 FilePmdMapped:        0 kB
Node 0 HugePages_Total:     0
Node 0 HugePages_Free:      0
Node 0 HugePages_Surp:      0

Node 1 MemTotal:       24686196 kB
Node 1 MemFree:        24465476 kB
Node 1 MemUsed:          220720 kB
Node 1 Active:            39644 kB
Node 1 Inactive:          44120 kB
Node 1 Active(anon):      28388 kB
Node 1 Inactive(anon):      472 kB
Node 1 Active(file):      11256 kB
Node 1 Inactive(file):    43648 kB
Node 1 Unevictable:         592 kB
Node 1 Mlocked:             592 kB
Node 1 Dirty:                16 kB
Node 1 Writeback:             0 kB
Node 1 FilePages:         56100 kB
Node 1 Mapped:            10616 kB
Node 1 AnonPages:         28264 kB
Node 1 Shmem:               604 kB
Node 1 KernelStack:        1244 kB
Node 1 PageTables:          272 kB
Node 1 NFS_Unstable:          0 kB
Node 1 Bounce:                0 kB
Node 1 WritebackTmp:          0 kB
Node 1 KReclaimable:      19044 kB
Node 1 Slab:              50216 kB
Node 1 SReclaimable:      19044 kB
Node 1 SUnreclaim:        31172 kB
Node 1 AnonHugePages:         0 kB
Node 1 ShmemHugePages:        0 kB
Node 1 ShmemPmdMapped:        0 kB
Node 1 FileHugePages:        0 kB
Node 1 FilePmdMapped:        0 kB
Node 1 HugePages_Total:     0
Node 1 HugePages_Free:      0
Node 1 HugePages_Surp:      0

Import tank ZPool
Node 0 MemTotal:       24743736 kB
Node 0 MemFree:        24203212 kB
Node 0 MemUsed:          540524 kB
Node 0 Active:            76844 kB
Node 0 Inactive:         147804 kB
Node 0 Active(anon):      24624 kB
Node 0 Inactive(anon):      476 kB
Node 0 Active(file):      52220 kB
Node 0 Inactive(file):   147328 kB
Node 0 Unevictable:       18160 kB
Node 0 Mlocked:           18160 kB
Node 0 Dirty:               500 kB
Node 0 Writeback:             0 kB
Node 0 FilePages:        207816 kB
Node 0 Mapped:            39380 kB
Node 0 AnonPages:         34624 kB
Node 0 Shmem:               660 kB
Node 0 KernelStack:        3828 kB
Node 0 PageTables:         1636 kB
Node 0 NFS_Unstable:          0 kB
Node 0 Bounce:                0 kB
Node 0 WritebackTmp:          0 kB
Node 0 KReclaimable:      23864 kB
Node 0 Slab:              68372 kB
Node 0 SReclaimable:      23864 kB
Node 0 SUnreclaim:        44508 kB
Node 0 AnonHugePages:         0 kB
Node 0 ShmemHugePages:        0 kB
Node 0 ShmemPmdMapped:        0 kB
Node 0 FileHugePages:        0 kB
Node 0 FilePmdMapped:        0 kB
Node 0 HugePages_Total:     0
Node 0 HugePages_Free:      0
Node 0 HugePages_Surp:      0

Node 1 MemTotal:       24686196 kB
Node 1 MemFree:        24466760 kB
Node 1 MemUsed:          219436 kB
Node 1 Active:            39568 kB
Node 1 Inactive:          44120 kB
Node 1 Active(anon):      28312 kB
Node 1 Inactive(anon):      472 kB
Node 1 Active(file):      11256 kB
Node 1 Inactive(file):    43648 kB
Node 1 Unevictable:         592 kB
Node 1 Mlocked:             592 kB
Node 1 Dirty:                16 kB
Node 1 Writeback:             0 kB
Node 1 FilePages:         56104 kB
Node 1 Mapped:            10348 kB
Node 1 AnonPages:         28176 kB
Node 1 Shmem:               608 kB
Node 1 KernelStack:        1320 kB
Node 1 PageTables:          688 kB
Node 1 NFS_Unstable:          0 kB
Node 1 Bounce:                0 kB
Node 1 WritebackTmp:          0 kB
Node 1 KReclaimable:      19044 kB
Node 1 Slab:              50744 kB
Node 1 SReclaimable:      19044 kB
Node 1 SUnreclaim:        31700 kB
Node 1 AnonHugePages:         0 kB
Node 1 ShmemHugePages:        0 kB
Node 1 ShmemPmdMapped:        0 kB
Node 1 FileHugePages:        0 kB
Node 1 FilePmdMapped:        0 kB
Node 1 HugePages_Total:     0
Node 1 HugePages_Free:      0
Node 1 HugePages_Surp:      0

After Test
Node 0 MemTotal:       24743736 kB
Node 0 MemFree:        23770976 kB
Node 0 MemUsed:          972760 kB
Node 0 Active:            77704 kB
Node 0 Inactive:         147532 kB
Node 0 Active(anon):      24788 kB
Node 0 Inactive(anon):      476 kB
Node 0 Active(file):      52916 kB
Node 0 Inactive(file):   147056 kB
Node 0 Unevictable:       18160 kB
Node 0 Mlocked:           18160 kB
Node 0 Dirty:               500 kB
Node 0 Writeback:             0 kB
Node 0 FilePages:        208244 kB
Node 0 Mapped:            39068 kB
Node 0 AnonPages:         35228 kB
Node 0 Shmem:               660 kB
Node 0 KernelStack:        3864 kB
Node 0 PageTables:         1576 kB
Node 0 NFS_Unstable:          0 kB
Node 0 Bounce:                0 kB
Node 0 WritebackTmp:          0 kB
Node 0 KReclaimable:      23900 kB
Node 0 Slab:              71192 kB
Node 0 SReclaimable:      23900 kB
Node 0 SUnreclaim:        47292 kB
Node 0 AnonHugePages:         0 kB
Node 0 ShmemHugePages:        0 kB
Node 0 ShmemPmdMapped:        0 kB
Node 0 FileHugePages:        0 kB
Node 0 FilePmdMapped:        0 kB
Node 0 HugePages_Total:     0
Node 0 HugePages_Free:      0
Node 0 HugePages_Surp:      0

Node 1 MemTotal:       24686196 kB
Node 1 MemFree:        24366040 kB
Node 1 MemUsed:          320156 kB
Node 1 Active:            39688 kB
Node 1 Inactive:          44032 kB
Node 1 Active(anon):      28312 kB
Node 1 Inactive(anon):      472 kB
Node 1 Active(file):      11376 kB
Node 1 Inactive(file):    43560 kB
Node 1 Unevictable:         592 kB
Node 1 Mlocked:             592 kB
Node 1 Dirty:                16 kB
Node 1 Writeback:             0 kB
Node 1 FilePages:         56136 kB
Node 1 Mapped:            10372 kB
Node 1 AnonPages:         28180 kB
Node 1 Shmem:               608 kB
Node 1 KernelStack:        1336 kB
Node 1 PageTables:          688 kB
Node 1 NFS_Unstable:          0 kB
Node 1 Bounce:                0 kB
Node 1 WritebackTmp:          0 kB
Node 1 KReclaimable:      19076 kB
Node 1 Slab:              51208 kB
Node 1 SReclaimable:      19076 kB
Node 1 SUnreclaim:        32132 kB
Node 1 AnonHugePages:         0 kB
Node 1 ShmemHugePages:        0 kB
Node 1 ShmemPmdMapped:        0 kB
Node 1 FileHugePages:        0 kB
Node 1 FilePmdMapped:        0 kB
Node 1 HugePages_Total:     0
Node 1 HugePages_Free:      0
Node 1 HugePages_Surp:      0

After Opposite Node
Node 0 MemTotal:       24743736 kB
Node 0 MemFree:        23771212 kB
Node 0 MemUsed:          972524 kB
Node 0 Active:            77036 kB
Node 0 Inactive:         147484 kB
Node 0 Active(anon):      24064 kB
Node 0 Inactive(anon):      468 kB
Node 0 Active(file):      52972 kB
Node 0 Inactive(file):   147016 kB
Node 0 Unevictable:       18160 kB
Node 0 Mlocked:           18160 kB
Node 0 Dirty:               508 kB
Node 0 Writeback:             0 kB
Node 0 FilePages:        208252 kB
Node 0 Mapped:            39076 kB
Node 0 AnonPages:         34432 kB
Node 0 Shmem:               660 kB
Node 0 KernelStack:        3800 kB
Node 0 PageTables:         1524 kB
Node 0 NFS_Unstable:          0 kB
Node 0 Bounce:                0 kB
Node 0 WritebackTmp:          0 kB
Node 0 KReclaimable:      23904 kB
Node 0 Slab:              71224 kB
Node 0 SReclaimable:      23904 kB
Node 0 SUnreclaim:        47320 kB
Node 0 AnonHugePages:         0 kB
Node 0 ShmemHugePages:        0 kB
Node 0 ShmemPmdMapped:        0 kB
Node 0 FileHugePages:        0 kB
Node 0 FilePmdMapped:        0 kB
Node 0 HugePages_Total:     0
Node 0 HugePages_Free:      0
Node 0 HugePages_Surp:      0

Node 1 MemTotal:       24686196 kB
Node 1 MemFree:        24365148 kB
Node 1 MemUsed:          321048 kB
Node 1 Active:            40580 kB
Node 1 Inactive:          43804 kB
Node 1 Active(anon):      28968 kB
Node 1 Inactive(anon):      472 kB
Node 1 Active(file):      11612 kB
Node 1 Inactive(file):    43332 kB
Node 1 Unevictable:         592 kB
Node 1 Mlocked:             592 kB
Node 1 Dirty:                20 kB
Node 1 Writeback:             0 kB
Node 1 FilePages:         56144 kB
Node 1 Mapped:            10432 kB
Node 1 AnonPages:         28872 kB
Node 1 Shmem:               608 kB
Node 1 KernelStack:        1368 kB
Node 1 PageTables:          764 kB
Node 1 NFS_Unstable:          0 kB
Node 1 Bounce:                0 kB
Node 1 WritebackTmp:          0 kB
Node 1 KReclaimable:      19108 kB
Node 1 Slab:              51316 kB
Node 1 SReclaimable:      19108 kB
Node 1 SUnreclaim:        32208 kB
Node 1 AnonHugePages:         0 kB
Node 1 ShmemHugePages:        0 kB
Node 1 ShmemPmdMapped:        0 kB
Node 1 FileHugePages:        0 kB
Node 1 FilePmdMapped:        0 kB
Node 1 HugePages_Total:     0
Node 1 HugePages_Free:      0
Node 1 HugePages_Surp:      0

B.0.simpleread.250M.1.O.1M Complete!
