kernel.numa_balancing = 0
B.1.fio.2-1G.1.O.1M
Begin
Node 0 MemTotal:       24743736 kB
Node 0 MemFree:        24536036 kB
Node 0 MemUsed:          207700 kB
Node 0 Active:            45720 kB
Node 0 Inactive:          18336 kB
Node 0 Active(anon):      20428 kB
Node 0 Inactive(anon):      312 kB
Node 0 Active(file):      25292 kB
Node 0 Inactive(file):    18024 kB
Node 0 Unevictable:       18136 kB
Node 0 Mlocked:           18136 kB
Node 0 Dirty:                40 kB
Node 0 Writeback:             0 kB
Node 0 FilePages:         51668 kB
Node 0 Mapped:            20300 kB
Node 0 AnonPages:         30608 kB
Node 0 Shmem:               504 kB
Node 0 KernelStack:        1896 kB
Node 0 PageTables:          556 kB
Node 0 NFS_Unstable:          0 kB
Node 0 Bounce:                0 kB
Node 0 WritebackTmp:          0 kB
Node 0 KReclaimable:      18196 kB
Node 0 Slab:              46816 kB
Node 0 SReclaimable:      18196 kB
Node 0 SUnreclaim:        28620 kB
Node 0 AnonHugePages:         0 kB
Node 0 ShmemHugePages:        0 kB
Node 0 ShmemPmdMapped:        0 kB
Node 0 FileHugePages:        0 kB
Node 0 FilePmdMapped:        0 kB
Node 0 HugePages_Total:     0
Node 0 HugePages_Free:      0
Node 0 HugePages_Surp:      0

Node 1 MemTotal:       24686196 kB
Node 1 MemFree:        24273016 kB
Node 1 MemUsed:          413180 kB
Node 1 Active:            49936 kB
Node 1 Inactive:          80224 kB
Node 1 Active(anon):      13508 kB
Node 1 Inactive(anon):      552 kB
Node 1 Active(file):      36428 kB
Node 1 Inactive(file):    79672 kB
Node 1 Unevictable:         384 kB
Node 1 Mlocked:             384 kB
Node 1 Dirty:               500 kB
Node 1 Writeback:             0 kB
Node 1 FilePages:        117272 kB
Node 1 Mapped:            33084 kB
Node 1 AnonPages:         13336 kB
Node 1 Shmem:               764 kB
Node 1 KernelStack:        1704 kB
Node 1 PageTables:          596 kB
Node 1 NFS_Unstable:          0 kB
Node 1 Bounce:                0 kB
Node 1 WritebackTmp:          0 kB
Node 1 KReclaimable:      23372 kB
Node 1 Slab:              59020 kB
Node 1 SReclaimable:      23372 kB
Node 1 SUnreclaim:        35648 kB
Node 1 AnonHugePages:         0 kB
Node 1 ShmemHugePages:        0 kB
Node 1 ShmemPmdMapped:        0 kB
Node 1 FileHugePages:        0 kB
Node 1 FilePmdMapped:        0 kB
Node 1 HugePages_Total:     0
Node 1 HugePages_Free:      0
Node 1 HugePages_Surp:      0

Load ZFS
Node 0 MemTotal:       24743736 kB
Node 0 MemFree:        24500132 kB
Node 0 MemUsed:          243604 kB
Node 0 Active:            63732 kB
Node 0 Inactive:          24192 kB
Node 0 Active(anon):      37220 kB
Node 0 Inactive(anon):      516 kB
Node 0 Active(file):      26512 kB
Node 0 Inactive(file):    23676 kB
Node 0 Unevictable:       18352 kB
Node 0 Mlocked:           18352 kB
Node 0 Dirty:                72 kB
Node 0 Writeback:             0 kB
Node 0 FilePages:         58700 kB
Node 0 Mapped:            22972 kB
Node 0 AnonPages:         47588 kB
Node 0 Shmem:               704 kB
Node 0 KernelStack:        2568 kB
Node 0 PageTables:         1936 kB
Node 0 NFS_Unstable:          0 kB
Node 0 Bounce:                0 kB
Node 0 WritebackTmp:          0 kB
Node 0 KReclaimable:      18724 kB
Node 0 Slab:              50648 kB
Node 0 SReclaimable:      18724 kB
Node 0 SUnreclaim:        31924 kB
Node 0 AnonHugePages:         0 kB
Node 0 ShmemHugePages:        0 kB
Node 0 ShmemPmdMapped:        0 kB
Node 0 FileHugePages:        0 kB
Node 0 FilePmdMapped:        0 kB
Node 0 HugePages_Total:     0
Node 0 HugePages_Free:      0
Node 0 HugePages_Surp:      0

Node 1 MemTotal:       24686196 kB
Node 1 MemFree:        24162136 kB
Node 1 MemUsed:          524060 kB
Node 1 Active:            60260 kB
Node 1 Inactive:         177876 kB
Node 1 Active(anon):      22520 kB
Node 1 Inactive(anon):      428 kB
Node 1 Active(file):      37740 kB
Node 1 Inactive(file):   177448 kB
Node 1 Unevictable:         384 kB
Node 1 Mlocked:             384 kB
Node 1 Dirty:               512 kB
Node 1 Writeback:             0 kB
Node 1 FilePages:        216136 kB
Node 1 Mapped:            34448 kB
Node 1 AnonPages:         22336 kB
Node 1 Shmem:               564 kB
Node 1 KernelStack:        1664 kB
Node 1 PageTables:          964 kB
Node 1 NFS_Unstable:          0 kB
Node 1 Bounce:                0 kB
Node 1 WritebackTmp:          0 kB
Node 1 KReclaimable:      24508 kB
Node 1 Slab:              62444 kB
Node 1 SReclaimable:      24508 kB
Node 1 SUnreclaim:        37936 kB
Node 1 AnonHugePages:         0 kB
Node 1 ShmemHugePages:        0 kB
Node 1 ShmemPmdMapped:        0 kB
Node 1 FileHugePages:        0 kB
Node 1 FilePmdMapped:        0 kB
Node 1 HugePages_Total:     0
Node 1 HugePages_Free:      0
Node 1 HugePages_Surp:      0

Import tank ZPool
Node 0 MemTotal:       24743736 kB
Node 0 MemFree:        24503308 kB
Node 0 MemUsed:          240428 kB
Node 0 Active:            47032 kB
Node 0 Inactive:          24972 kB
Node 0 Active(anon):      19784 kB
Node 0 Inactive(anon):      516 kB
Node 0 Active(file):      27248 kB
Node 0 Inactive(file):    24456 kB
Node 0 Unevictable:       18368 kB
Node 0 Mlocked:           18368 kB
Node 0 Dirty:                96 kB
Node 0 Writeback:             0 kB
Node 0 FilePages:         60268 kB
Node 0 Mapped:            20424 kB
Node 0 AnonPages:         30176 kB
Node 0 Shmem:               704 kB
Node 0 KernelStack:        3192 kB
Node 0 PageTables:          604 kB
Node 0 NFS_Unstable:          0 kB
Node 0 Bounce:                0 kB
Node 0 WritebackTmp:          0 kB
Node 0 KReclaimable:      18856 kB
Node 0 Slab:              56752 kB
Node 0 SReclaimable:      18856 kB
Node 0 SUnreclaim:        37896 kB
Node 0 AnonHugePages:         0 kB
Node 0 ShmemHugePages:        0 kB
Node 0 ShmemPmdMapped:        0 kB
Node 0 FileHugePages:        0 kB
Node 0 FilePmdMapped:        0 kB
Node 0 HugePages_Total:     0
Node 0 HugePages_Free:      0
Node 0 HugePages_Surp:      0

Node 1 MemTotal:       24686196 kB
Node 1 MemFree:        24170504 kB
Node 1 MemUsed:          515692 kB
Node 1 Active:            51896 kB
Node 1 Inactive:         177700 kB
Node 1 Active(anon):      13960 kB
Node 1 Inactive(anon):      432 kB
Node 1 Active(file):      37936 kB
Node 1 Inactive(file):   177268 kB
Node 1 Unevictable:         384 kB
Node 1 Mlocked:             384 kB
Node 1 Dirty:               476 kB
Node 1 Writeback:             0 kB
Node 1 FilePages:        216152 kB
Node 1 Mapped:            33300 kB
Node 1 AnonPages:         13828 kB
Node 1 Shmem:               564 kB
Node 1 KernelStack:        1496 kB
Node 1 PageTables:          600 kB
Node 1 NFS_Unstable:          0 kB
Node 1 Bounce:                0 kB
Node 1 WritebackTmp:          0 kB
Node 1 KReclaimable:      24508 kB
Node 1 Slab:              62188 kB
Node 1 SReclaimable:      24508 kB
Node 1 SUnreclaim:        37680 kB
Node 1 AnonHugePages:         0 kB
Node 1 ShmemHugePages:        0 kB
Node 1 ShmemPmdMapped:        0 kB
Node 1 FileHugePages:        0 kB
Node 1 FilePmdMapped:        0 kB
Node 1 HugePages_Total:     0
Node 1 HugePages_Free:      0
Node 1 HugePages_Surp:      0

After Test
Node 0 MemTotal:       24743736 kB
Node 0 MemFree:        22886012 kB
Node 0 MemUsed:         1857724 kB
Node 0 Active:            47204 kB
Node 0 Inactive:          24772 kB
Node 0 Active(anon):      19444 kB
Node 0 Inactive(anon):      512 kB
Node 0 Active(file):      27760 kB
Node 0 Inactive(file):    24260 kB
Node 0 Unevictable:       18368 kB
Node 0 Mlocked:           18368 kB
Node 0 Dirty:                60 kB
Node 0 Writeback:             0 kB
Node 0 FilePages:         60532 kB
Node 0 Mapped:            20320 kB
Node 0 AnonPages:         29808 kB
Node 0 Shmem:               704 kB
Node 0 KernelStack:        3192 kB
Node 0 PageTables:          488 kB
Node 0 NFS_Unstable:          0 kB
Node 0 Bounce:                0 kB
Node 0 WritebackTmp:          0 kB
Node 0 KReclaimable:      20084 kB
Node 0 Slab:              67060 kB
Node 0 SReclaimable:      20084 kB
Node 0 SUnreclaim:        46976 kB
Node 0 AnonHugePages:         0 kB
Node 0 ShmemHugePages:        0 kB
Node 0 ShmemPmdMapped:        0 kB
Node 0 FileHugePages:        0 kB
Node 0 FilePmdMapped:        0 kB
Node 0 HugePages_Total:     0
Node 0 HugePages_Free:      0
Node 0 HugePages_Surp:      0

Node 1 MemTotal:       24686196 kB
Node 1 MemFree:        23903780 kB
Node 1 MemUsed:          782416 kB
Node 1 Active:            52620 kB
Node 1 Inactive:         178844 kB
Node 1 Active(anon):      13968 kB
Node 1 Inactive(anon):      464 kB
Node 1 Active(file):      38652 kB
Node 1 Inactive(file):   178380 kB
Node 1 Unevictable:         384 kB
Node 1 Mlocked:             384 kB
Node 1 Dirty:               416 kB
Node 1 Writeback:             0 kB
Node 1 FilePages:        218024 kB
Node 1 Mapped:            33424 kB
Node 1 AnonPages:         13688 kB
Node 1 Shmem:               608 kB
Node 1 KernelStack:        1528 kB
Node 1 PageTables:          720 kB
Node 1 NFS_Unstable:          0 kB
Node 1 Bounce:                0 kB
Node 1 WritebackTmp:          0 kB
Node 1 KReclaimable:      24612 kB
Node 1 Slab:              63456 kB
Node 1 SReclaimable:      24612 kB
Node 1 SUnreclaim:        38844 kB
Node 1 AnonHugePages:         0 kB
Node 1 ShmemHugePages:        0 kB
Node 1 ShmemPmdMapped:        0 kB
Node 1 FileHugePages:        0 kB
Node 1 FilePmdMapped:        0 kB
Node 1 HugePages_Total:     0
Node 1 HugePages_Free:      0
Node 1 HugePages_Surp:      0

After Opposite Node
Node 0 MemTotal:       24743736 kB
Node 0 MemFree:        22887136 kB
Node 0 MemUsed:         1856600 kB
Node 0 Active:            47436 kB
Node 0 Inactive:          24800 kB
Node 0 Active(anon):      19436 kB
Node 0 Inactive(anon):      556 kB
Node 0 Active(file):      28000 kB
Node 0 Inactive(file):    24244 kB
Node 0 Unevictable:       18368 kB
Node 0 Mlocked:           18368 kB
Node 0 Dirty:                68 kB
Node 0 Writeback:             0 kB
Node 0 FilePages:         60816 kB
Node 0 Mapped:            20380 kB
Node 0 AnonPages:         29796 kB
Node 0 Shmem:               764 kB
Node 0 KernelStack:        3268 kB
Node 0 PageTables:          576 kB
Node 0 NFS_Unstable:          0 kB
Node 0 Bounce:                0 kB
Node 0 WritebackTmp:          0 kB
Node 0 KReclaimable:      20112 kB
Node 0 Slab:              67132 kB
Node 0 SReclaimable:      20112 kB
Node 0 SUnreclaim:        47020 kB
Node 0 AnonHugePages:         0 kB
Node 0 ShmemHugePages:        0 kB
Node 0 ShmemPmdMapped:        0 kB
Node 0 FileHugePages:        0 kB
Node 0 FilePmdMapped:        0 kB
Node 0 HugePages_Total:     0
Node 0 HugePages_Free:      0
Node 0 HugePages_Surp:      0

Node 1 MemTotal:       24686196 kB
Node 1 MemFree:        23904008 kB
Node 1 MemUsed:          782188 kB
Node 1 Active:            52428 kB
Node 1 Inactive:         178664 kB
Node 1 Active(anon):      13624 kB
Node 1 Inactive(anon):      428 kB
Node 1 Active(file):      38804 kB
Node 1 Inactive(file):   178236 kB
Node 1 Unevictable:         384 kB
Node 1 Mlocked:             384 kB
Node 1 Dirty:               424 kB
Node 1 Writeback:             0 kB
Node 1 FilePages:        217988 kB
Node 1 Mapped:            33480 kB
Node 1 AnonPages:         13488 kB
Node 1 Shmem:               564 kB
Node 1 KernelStack:        1512 kB
Node 1 PageTables:          600 kB
Node 1 NFS_Unstable:          0 kB
Node 1 Bounce:                0 kB
Node 1 WritebackTmp:          0 kB
Node 1 KReclaimable:      24644 kB
Node 1 Slab:              63440 kB
Node 1 SReclaimable:      24644 kB
Node 1 SUnreclaim:        38796 kB
Node 1 AnonHugePages:         0 kB
Node 1 ShmemHugePages:        0 kB
Node 1 ShmemPmdMapped:        0 kB
Node 1 FileHugePages:        0 kB
Node 1 FilePmdMapped:        0 kB
Node 1 HugePages_Total:     0
Node 1 HugePages_Free:      0
Node 1 HugePages_Surp:      0

B.1.fio.2-1G.1.O.1M Complete!
