kernel.numa_balancing = 0
U.0.100M-simpleread.8G.3.O.1M
Begin
Node 0 MemTotal:       24768352 kB
Node 0 MemFree:        24496912 kB
Node 0 MemUsed:          271440 kB
Node 0 Active:            52660 kB
Node 0 Inactive:          53540 kB
Node 0 Active(anon):      22652 kB
Node 0 Inactive(anon):      460 kB
Node 0 Active(file):      30008 kB
Node 0 Inactive(file):    53080 kB
Node 0 Unevictable:       17852 kB
Node 0 Mlocked:           17852 kB
Node 0 Dirty:                 0 kB
Node 0 Writeback:             0 kB
Node 0 FilePages:         91312 kB
Node 0 Mapped:            41648 kB
Node 0 AnonPages:         32808 kB
Node 0 Shmem:               668 kB
Node 0 KernelStack:        2056 kB
Node 0 PageTables:          668 kB
Node 0 NFS_Unstable:          0 kB
Node 0 Bounce:                0 kB
Node 0 WritebackTmp:          0 kB
Node 0 KReclaimable:      23944 kB
Node 0 Slab:              59520 kB
Node 0 SReclaimable:      23944 kB
Node 0 SUnreclaim:        35576 kB
Node 0 AnonHugePages:         0 kB
Node 0 ShmemHugePages:        0 kB
Node 0 ShmemPmdMapped:        0 kB
Node 0 FileHugePages:        0 kB
Node 0 FilePmdMapped:        0 kB
Node 0 HugePages_Total:     0
Node 0 HugePages_Free:      0
Node 0 HugePages_Surp:      0

Node 1 MemTotal:       24661580 kB
Node 1 MemFree:        24302748 kB
Node 1 MemUsed:          358832 kB
Node 1 Active:            43860 kB
Node 1 Inactive:          53604 kB
Node 1 Active(anon):      11684 kB
Node 1 Inactive(anon):      420 kB
Node 1 Active(file):      32176 kB
Node 1 Inactive(file):    53184 kB
Node 1 Unevictable:         672 kB
Node 1 Mlocked:             672 kB
Node 1 Dirty:                 0 kB
Node 1 Writeback:             0 kB
Node 1 FilePages:         86652 kB
Node 1 Mapped:            14188 kB
Node 1 AnonPages:         11664 kB
Node 1 Shmem:               600 kB
Node 1 KernelStack:        1592 kB
Node 1 PageTables:          528 kB
Node 1 NFS_Unstable:          0 kB
Node 1 Bounce:                0 kB
Node 1 WritebackTmp:          0 kB
Node 1 KReclaimable:      18148 kB
Node 1 Slab:              48152 kB
Node 1 SReclaimable:      18148 kB
Node 1 SUnreclaim:        30004 kB
Node 1 AnonHugePages:         0 kB
Node 1 ShmemHugePages:        0 kB
Node 1 ShmemPmdMapped:        0 kB
Node 1 FileHugePages:        0 kB
Node 1 FilePmdMapped:        0 kB
Node 1 HugePages_Total:     0
Node 1 HugePages_Free:      0
Node 1 HugePages_Surp:      0

Load ZFS
Node 0 MemTotal:       24768352 kB
Node 0 MemFree:        24356964 kB
Node 0 MemUsed:          411388 kB
Node 0 Active:            54228 kB
Node 0 Inactive:          53920 kB
Node 0 Active(anon):      23424 kB
Node 0 Inactive(anon):      460 kB
Node 0 Active(file):      30804 kB
Node 0 Inactive(file):    53460 kB
Node 0 Unevictable:       17852 kB
Node 0 Mlocked:           17852 kB
Node 0 Dirty:               144 kB
Node 0 Writeback:             0 kB
Node 0 FilePages:         92452 kB
Node 0 Mapped:            41648 kB
Node 0 AnonPages:         33584 kB
Node 0 Shmem:               668 kB
Node 0 KernelStack:        2088 kB
Node 0 PageTables:          708 kB
Node 0 NFS_Unstable:          0 kB
Node 0 Bounce:                0 kB
Node 0 WritebackTmp:          0 kB
Node 0 KReclaimable:      24300 kB
Node 0 Slab:              61176 kB
Node 0 SReclaimable:      24300 kB
Node 0 SUnreclaim:        36876 kB
Node 0 AnonHugePages:         0 kB
Node 0 ShmemHugePages:        0 kB
Node 0 ShmemPmdMapped:        0 kB
Node 0 FileHugePages:        0 kB
Node 0 FilePmdMapped:        0 kB
Node 0 HugePages_Total:     0
Node 0 HugePages_Free:      0
Node 0 HugePages_Surp:      0

Node 1 MemTotal:       24661580 kB
Node 1 MemFree:        24432304 kB
Node 1 MemUsed:          229276 kB
Node 1 Active:            53680 kB
Node 1 Inactive:          49296 kB
Node 1 Active(anon):      15792 kB
Node 1 Inactive(anon):      420 kB
Node 1 Active(file):      37888 kB
Node 1 Inactive(file):    48876 kB
Node 1 Unevictable:         672 kB
Node 1 Mlocked:             672 kB
Node 1 Dirty:                16 kB
Node 1 Writeback:             0 kB
Node 1 FilePages:         88044 kB
Node 1 Mapped:            14188 kB
Node 1 AnonPages:         15668 kB
Node 1 Shmem:               600 kB
Node 1 KernelStack:        1672 kB
Node 1 PageTables:          788 kB
Node 1 NFS_Unstable:          0 kB
Node 1 Bounce:                0 kB
Node 1 WritebackTmp:          0 kB
Node 1 KReclaimable:      18628 kB
Node 1 Slab:              49772 kB
Node 1 SReclaimable:      18628 kB
Node 1 SUnreclaim:        31144 kB
Node 1 AnonHugePages:         0 kB
Node 1 ShmemHugePages:        0 kB
Node 1 ShmemPmdMapped:        0 kB
Node 1 FileHugePages:        0 kB
Node 1 FilePmdMapped:        0 kB
Node 1 HugePages_Total:     0
Node 1 HugePages_Free:      0
Node 1 HugePages_Surp:      0

Import tank ZPool
Node 0 MemTotal:       24768352 kB
Node 0 MemFree:        24336100 kB
Node 0 MemUsed:          432252 kB
Node 0 Active:            55036 kB
Node 0 Inactive:          54856 kB
Node 0 Active(anon):      23504 kB
Node 0 Inactive(anon):      464 kB
Node 0 Active(file):      31532 kB
Node 0 Inactive(file):    54392 kB
Node 0 Unevictable:       17852 kB
Node 0 Mlocked:           17852 kB
Node 0 Dirty:                32 kB
Node 0 Writeback:             0 kB
Node 0 FilePages:         94144 kB
Node 0 Mapped:            41800 kB
Node 0 AnonPages:         33228 kB
Node 0 Shmem:               668 kB
Node 0 KernelStack:        3176 kB
Node 0 PageTables:          732 kB
Node 0 NFS_Unstable:          0 kB
Node 0 Bounce:                0 kB
Node 0 WritebackTmp:          0 kB
Node 0 KReclaimable:      24456 kB
Node 0 Slab:              68200 kB
Node 0 SReclaimable:      24456 kB
Node 0 SUnreclaim:        43744 kB
Node 0 AnonHugePages:         0 kB
Node 0 ShmemHugePages:        0 kB
Node 0 ShmemPmdMapped:        0 kB
Node 0 FileHugePages:        0 kB
Node 0 FilePmdMapped:        0 kB
Node 0 HugePages_Total:     0
Node 0 HugePages_Free:      0
Node 0 HugePages_Surp:      0

Node 1 MemTotal:       24661580 kB
Node 1 MemFree:        24433924 kB
Node 1 MemUsed:          227656 kB
Node 1 Active:            53788 kB
Node 1 Inactive:          49188 kB
Node 1 Active(anon):      15792 kB
Node 1 Inactive(anon):      420 kB
Node 1 Active(file):      37996 kB
Node 1 Inactive(file):    48768 kB
Node 1 Unevictable:         672 kB
Node 1 Mlocked:             672 kB
Node 1 Dirty:                 0 kB
Node 1 Writeback:             0 kB
Node 1 FilePages:         88060 kB
Node 1 Mapped:            14188 kB
Node 1 AnonPages:         15676 kB
Node 1 Shmem:               600 kB
Node 1 KernelStack:        1672 kB
Node 1 PageTables:          788 kB
Node 1 NFS_Unstable:          0 kB
Node 1 Bounce:                0 kB
Node 1 WritebackTmp:          0 kB
Node 1 KReclaimable:      18628 kB
Node 1 Slab:              49924 kB
Node 1 SReclaimable:      18628 kB
Node 1 SUnreclaim:        31296 kB
Node 1 AnonHugePages:         0 kB
Node 1 ShmemHugePages:        0 kB
Node 1 ShmemPmdMapped:        0 kB
Node 1 FileHugePages:        0 kB
Node 1 FilePmdMapped:        0 kB
Node 1 HugePages_Total:     0
Node 1 HugePages_Free:      0
Node 1 HugePages_Surp:      0

After Test
Node 0 MemTotal:       24768352 kB
Node 0 MemFree:        15466808 kB
Node 0 MemUsed:         9301544 kB
Node 0 Active:            54280 kB
Node 0 Inactive:         152408 kB
Node 0 Active(anon):      22240 kB
Node 0 Inactive(anon):      464 kB
Node 0 Active(file):      32040 kB
Node 0 Inactive(file):   151944 kB
Node 0 Unevictable:       17852 kB
Node 0 Mlocked:           17852 kB
Node 0 Dirty:                28 kB
Node 0 Writeback:             0 kB
Node 0 FilePages:        192224 kB
Node 0 Mapped:            41712 kB
Node 0 AnonPages:         32552 kB
Node 0 Shmem:               668 kB
Node 0 KernelStack:        3096 kB
Node 0 PageTables:          908 kB
Node 0 NFS_Unstable:          0 kB
Node 0 Bounce:                0 kB
Node 0 WritebackTmp:          0 kB
Node 0 KReclaimable:      24768 kB
Node 0 Slab:             100520 kB
Node 0 SReclaimable:      24768 kB
Node 0 SUnreclaim:        75752 kB
Node 0 AnonHugePages:         0 kB
Node 0 ShmemHugePages:        0 kB
Node 0 ShmemPmdMapped:        0 kB
Node 0 FileHugePages:        0 kB
Node 0 FilePmdMapped:        0 kB
Node 0 HugePages_Total:     0
Node 0 HugePages_Free:      0
Node 0 HugePages_Surp:      0

Node 1 MemTotal:       24661580 kB
Node 1 MemFree:        23957336 kB
Node 1 MemUsed:          704244 kB
Node 1 Active:            48844 kB
Node 1 Inactive:          49188 kB
Node 1 Active(anon):      10808 kB
Node 1 Inactive(anon):      420 kB
Node 1 Active(file):      38036 kB
Node 1 Inactive(file):    48768 kB
Node 1 Unevictable:         672 kB
Node 1 Mlocked:             672 kB
Node 1 Dirty:                 0 kB
Node 1 Writeback:             0 kB
Node 1 FilePages:         88084 kB
Node 1 Mapped:            14188 kB
Node 1 AnonPages:         10628 kB
Node 1 Shmem:               600 kB
Node 1 KernelStack:        1528 kB
Node 1 PageTables:          400 kB
Node 1 NFS_Unstable:          0 kB
Node 1 Bounce:                0 kB
Node 1 WritebackTmp:          0 kB
Node 1 KReclaimable:      18628 kB
Node 1 Slab:              52168 kB
Node 1 SReclaimable:      18628 kB
Node 1 SUnreclaim:        33540 kB
Node 1 AnonHugePages:         0 kB
Node 1 ShmemHugePages:        0 kB
Node 1 ShmemPmdMapped:        0 kB
Node 1 FileHugePages:        0 kB
Node 1 FilePmdMapped:        0 kB
Node 1 HugePages_Total:     0
Node 1 HugePages_Free:      0
Node 1 HugePages_Surp:      0

After Opposite Node
Node 0 MemTotal:       24768352 kB
Node 0 MemFree:        15471996 kB
Node 0 MemUsed:         9296356 kB
Node 0 Active:            54336 kB
Node 0 Inactive:         152168 kB
Node 0 Active(anon):      21992 kB
Node 0 Inactive(anon):      464 kB
Node 0 Active(file):      32344 kB
Node 0 Inactive(file):   151704 kB
Node 0 Unevictable:       17852 kB
Node 0 Mlocked:           17852 kB
Node 0 Dirty:                20 kB
Node 0 Writeback:             0 kB
Node 0 FilePages:        192244 kB
Node 0 Mapped:            41732 kB
Node 0 AnonPages:         32116 kB
Node 0 Shmem:               668 kB
Node 0 KernelStack:        3096 kB
Node 0 PageTables:          664 kB
Node 0 NFS_Unstable:          0 kB
Node 0 Bounce:                0 kB
Node 0 WritebackTmp:          0 kB
Node 0 KReclaimable:      24768 kB
Node 0 Slab:              99656 kB
Node 0 SReclaimable:      24768 kB
Node 0 SUnreclaim:        74888 kB
Node 0 AnonHugePages:         0 kB
Node 0 ShmemHugePages:        0 kB
Node 0 ShmemPmdMapped:        0 kB
Node 0 FileHugePages:        0 kB
Node 0 FilePmdMapped:        0 kB
Node 0 HugePages_Total:     0
Node 0 HugePages_Free:      0
Node 0 HugePages_Surp:      0

Node 1 MemTotal:       24661580 kB
Node 1 MemFree:        23957108 kB
Node 1 MemUsed:          704472 kB
Node 1 Active:            49084 kB
Node 1 Inactive:          49192 kB
Node 1 Active(anon):      11036 kB
Node 1 Inactive(anon):      420 kB
Node 1 Active(file):      38048 kB
Node 1 Inactive(file):    48772 kB
Node 1 Unevictable:         672 kB
Node 1 Mlocked:             672 kB
Node 1 Dirty:                 4 kB
Node 1 Writeback:             0 kB
Node 1 FilePages:         88092 kB
Node 1 Mapped:            14208 kB
Node 1 AnonPages:         11072 kB
Node 1 Shmem:               600 kB
Node 1 KernelStack:        1528 kB
Node 1 PageTables:          636 kB
Node 1 NFS_Unstable:          0 kB
Node 1 Bounce:                0 kB
Node 1 WritebackTmp:          0 kB
Node 1 KReclaimable:      18720 kB
Node 1 Slab:              53644 kB
Node 1 SReclaimable:      18720 kB
Node 1 SUnreclaim:        34924 kB
Node 1 AnonHugePages:         0 kB
Node 1 ShmemHugePages:        0 kB
Node 1 ShmemPmdMapped:        0 kB
Node 1 FileHugePages:        0 kB
Node 1 FilePmdMapped:        0 kB
Node 1 HugePages_Total:     0
Node 1 HugePages_Free:      0
Node 1 HugePages_Surp:      0

U.0.100M-simpleread.8G.3.O.1M Complete!
