kernel.numa_balancing = 0
U.0.100M-simpleread.16G.2.O.1M
Begin
Node 0 MemTotal:       24743736 kB
Node 0 MemFree:        24442960 kB
Node 0 MemUsed:          300776 kB
Node 0 Active:            59752 kB
Node 0 Inactive:          77408 kB
Node 0 Active(anon):      13236 kB
Node 0 Inactive(anon):      560 kB
Node 0 Active(file):      46516 kB
Node 0 Inactive(file):    76848 kB
Node 0 Unevictable:        4920 kB
Node 0 Mlocked:            4920 kB
Node 0 Dirty:               252 kB
Node 0 Writeback:             0 kB
Node 0 FilePages:        129132 kB
Node 0 Mapped:            42564 kB
Node 0 AnonPages:         13032 kB
Node 0 Shmem:               820 kB
Node 0 KernelStack:        2344 kB
Node 0 PageTables:          572 kB
Node 0 NFS_Unstable:          0 kB
Node 0 Bounce:                0 kB
Node 0 WritebackTmp:          0 kB
Node 0 KReclaimable:      24324 kB
Node 0 Slab:              64168 kB
Node 0 SReclaimable:      24324 kB
Node 0 SUnreclaim:        39844 kB
Node 0 AnonHugePages:         0 kB
Node 0 ShmemHugePages:        0 kB
Node 0 ShmemPmdMapped:        0 kB
Node 0 FileHugePages:        0 kB
Node 0 FilePmdMapped:        0 kB
Node 0 HugePages_Total:     0
Node 0 HugePages_Free:      0
Node 0 HugePages_Surp:      0

Node 1 MemTotal:       24686196 kB
Node 1 MemFree:        24359772 kB
Node 1 MemUsed:          326424 kB
Node 1 Active:            36544 kB
Node 1 Inactive:          29152 kB
Node 1 Active(anon):      20680 kB
Node 1 Inactive(anon):      324 kB
Node 1 Active(file):      15864 kB
Node 1 Inactive(file):    28828 kB
Node 1 Unevictable:       13600 kB
Node 1 Mlocked:           13600 kB
Node 1 Dirty:               276 kB
Node 1 Writeback:             0 kB
Node 1 FilePages:         48416 kB
Node 1 Mapped:            13040 kB
Node 1 AnonPages:         30924 kB
Node 1 Shmem:               448 kB
Node 1 KernelStack:        1272 kB
Node 1 PageTables:          556 kB
Node 1 NFS_Unstable:          0 kB
Node 1 Bounce:                0 kB
Node 1 WritebackTmp:          0 kB
Node 1 KReclaimable:      16732 kB
Node 1 Slab:              41432 kB
Node 1 SReclaimable:      16732 kB
Node 1 SUnreclaim:        24700 kB
Node 1 AnonHugePages:         0 kB
Node 1 ShmemHugePages:        0 kB
Node 1 ShmemPmdMapped:        0 kB
Node 1 FileHugePages:        0 kB
Node 1 FilePmdMapped:        0 kB
Node 1 HugePages_Total:     0
Node 1 HugePages_Free:      0
Node 1 HugePages_Surp:      0

Load ZFS
Node 0 MemTotal:       24743736 kB
Node 0 MemFree:        24308504 kB
Node 0 MemUsed:          435232 kB
Node 0 Active:            66092 kB
Node 0 Inactive:          73000 kB
Node 0 Active(anon):      13368 kB
Node 0 Inactive(anon):      560 kB
Node 0 Active(file):      52724 kB
Node 0 Inactive(file):    72440 kB
Node 0 Unevictable:        4920 kB
Node 0 Mlocked:            4920 kB
Node 0 Dirty:               280 kB
Node 0 Writeback:             0 kB
Node 0 FilePages:        130900 kB
Node 0 Mapped:            42592 kB
Node 0 AnonPages:         13288 kB
Node 0 Shmem:               820 kB
Node 0 KernelStack:        2376 kB
Node 0 PageTables:          632 kB
Node 0 NFS_Unstable:          0 kB
Node 0 Bounce:                0 kB
Node 0 WritebackTmp:          0 kB
Node 0 KReclaimable:      24716 kB
Node 0 Slab:              66288 kB
Node 0 SReclaimable:      24716 kB
Node 0 SUnreclaim:        41572 kB
Node 0 AnonHugePages:         0 kB
Node 0 ShmemHugePages:        0 kB
Node 0 ShmemPmdMapped:        0 kB
Node 0 FileHugePages:        0 kB
Node 0 FilePmdMapped:        0 kB
Node 0 HugePages_Total:     0
Node 0 HugePages_Free:      0
Node 0 HugePages_Surp:      0

Node 1 MemTotal:       24686196 kB
Node 1 MemFree:        24481868 kB
Node 1 MemUsed:          204328 kB
Node 1 Active:            41892 kB
Node 1 Inactive:          29588 kB
Node 1 Active(anon):      25680 kB
Node 1 Inactive(anon):      324 kB
Node 1 Active(file):      16212 kB
Node 1 Inactive(file):    29264 kB
Node 1 Unevictable:       13600 kB
Node 1 Mlocked:           13600 kB
Node 1 Dirty:               276 kB
Node 1 Writeback:             0 kB
Node 1 FilePages:         49200 kB
Node 1 Mapped:            13200 kB
Node 1 AnonPages:         35988 kB
Node 1 Shmem:               448 kB
Node 1 KernelStack:        1352 kB
Node 1 PageTables:          808 kB
Node 1 NFS_Unstable:          0 kB
Node 1 Bounce:                0 kB
Node 1 WritebackTmp:          0 kB
Node 1 KReclaimable:      17232 kB
Node 1 Slab:              43196 kB
Node 1 SReclaimable:      17232 kB
Node 1 SUnreclaim:        25964 kB
Node 1 AnonHugePages:         0 kB
Node 1 ShmemHugePages:        0 kB
Node 1 ShmemPmdMapped:        0 kB
Node 1 FileHugePages:        0 kB
Node 1 FilePmdMapped:        0 kB
Node 1 HugePages_Total:     0
Node 1 HugePages_Free:      0
Node 1 HugePages_Surp:      0

Import tank ZPool
Node 0 MemTotal:       24743736 kB
Node 0 MemFree:        24287348 kB
Node 0 MemUsed:          456388 kB
Node 0 Active:            67236 kB
Node 0 Inactive:          74160 kB
Node 0 Active(anon):      13984 kB
Node 0 Inactive(anon):      564 kB
Node 0 Active(file):      53252 kB
Node 0 Inactive(file):    73596 kB
Node 0 Unevictable:        4920 kB
Node 0 Mlocked:            4920 kB
Node 0 Dirty:                96 kB
Node 0 Writeback:             0 kB
Node 0 FilePages:        132644 kB
Node 0 Mapped:            42776 kB
Node 0 AnonPages:         13804 kB
Node 0 Shmem:               820 kB
Node 0 KernelStack:        3528 kB
Node 0 PageTables:          720 kB
Node 0 NFS_Unstable:          0 kB
Node 0 Bounce:                0 kB
Node 0 WritebackTmp:          0 kB
Node 0 KReclaimable:      24868 kB
Node 0 Slab:              73028 kB
Node 0 SReclaimable:      24868 kB
Node 0 SUnreclaim:        48160 kB
Node 0 AnonHugePages:         0 kB
Node 0 ShmemHugePages:        0 kB
Node 0 ShmemPmdMapped:        0 kB
Node 0 FileHugePages:        0 kB
Node 0 FilePmdMapped:        0 kB
Node 0 HugePages_Total:     0
Node 0 HugePages_Free:      0
Node 0 HugePages_Surp:      0

Node 1 MemTotal:       24686196 kB
Node 1 MemFree:        24483140 kB
Node 1 MemUsed:          203056 kB
Node 1 Active:            41964 kB
Node 1 Inactive:          29588 kB
Node 1 Active(anon):      25752 kB
Node 1 Inactive(anon):      324 kB
Node 1 Active(file):      16212 kB
Node 1 Inactive(file):    29264 kB
Node 1 Unevictable:       13600 kB
Node 1 Mlocked:           13600 kB
Node 1 Dirty:                 8 kB
Node 1 Writeback:             0 kB
Node 1 FilePages:         49200 kB
Node 1 Mapped:            13060 kB
Node 1 AnonPages:         36016 kB
Node 1 Shmem:               448 kB
Node 1 KernelStack:        1352 kB
Node 1 PageTables:          808 kB
Node 1 NFS_Unstable:          0 kB
Node 1 Bounce:                0 kB
Node 1 WritebackTmp:          0 kB
Node 1 KReclaimable:      17236 kB
Node 1 Slab:              43436 kB
Node 1 SReclaimable:      17236 kB
Node 1 SUnreclaim:        26200 kB
Node 1 AnonHugePages:         0 kB
Node 1 ShmemHugePages:        0 kB
Node 1 ShmemPmdMapped:        0 kB
Node 1 FileHugePages:        0 kB
Node 1 FilePmdMapped:        0 kB
Node 1 HugePages_Total:     0
Node 1 HugePages_Free:      0
Node 1 HugePages_Surp:      0

After Test
Node 0 MemTotal:       24743736 kB
Node 0 MemFree:         7270300 kB
Node 0 MemUsed:        17473436 kB
Node 0 Active:            67916 kB
Node 0 Inactive:         171544 kB
Node 0 Active(anon):      13716 kB
Node 0 Inactive(anon):      564 kB
Node 0 Active(file):      54200 kB
Node 0 Inactive(file):   170980 kB
Node 0 Unevictable:        4920 kB
Node 0 Mlocked:            4920 kB
Node 0 Dirty:                44 kB
Node 0 Writeback:             0 kB
Node 0 FilePages:        230916 kB
Node 0 Mapped:            42564 kB
Node 0 AnonPages:         13636 kB
Node 0 Shmem:               820 kB
Node 0 KernelStack:        3336 kB
Node 0 PageTables:          812 kB
Node 0 NFS_Unstable:          0 kB
Node 0 Bounce:                0 kB
Node 0 WritebackTmp:          0 kB
Node 0 KReclaimable:      25176 kB
Node 0 Slab:             130904 kB
Node 0 SReclaimable:      25176 kB
Node 0 SUnreclaim:       105728 kB
Node 0 AnonHugePages:         0 kB
Node 0 ShmemHugePages:        0 kB
Node 0 ShmemPmdMapped:        0 kB
Node 0 FileHugePages:        0 kB
Node 0 FilePmdMapped:        0 kB
Node 0 HugePages_Total:     0
Node 0 HugePages_Free:      0
Node 0 HugePages_Surp:      0

Node 1 MemTotal:       24686196 kB
Node 1 MemFree:        23741836 kB
Node 1 MemUsed:          944360 kB
Node 1 Active:            35864 kB
Node 1 Inactive:          29500 kB
Node 1 Active(anon):      19540 kB
Node 1 Inactive(anon):      324 kB
Node 1 Active(file):      16324 kB
Node 1 Inactive(file):    29176 kB
Node 1 Unevictable:       13600 kB
Node 1 Mlocked:           13600 kB
Node 1 Dirty:                 4 kB
Node 1 Writeback:             0 kB
Node 1 FilePages:         49272 kB
Node 1 Mapped:            13320 kB
Node 1 AnonPages:         29740 kB
Node 1 Shmem:               448 kB
Node 1 KernelStack:        1160 kB
Node 1 PageTables:          484 kB
Node 1 NFS_Unstable:          0 kB
Node 1 Bounce:                0 kB
Node 1 WritebackTmp:          0 kB
Node 1 KReclaimable:      17368 kB
Node 1 Slab:              46132 kB
Node 1 SReclaimable:      17368 kB
Node 1 SUnreclaim:        28764 kB
Node 1 AnonHugePages:         0 kB
Node 1 ShmemHugePages:        0 kB
Node 1 ShmemPmdMapped:        0 kB
Node 1 FileHugePages:        0 kB
Node 1 FilePmdMapped:        0 kB
Node 1 HugePages_Total:     0
Node 1 HugePages_Free:      0
Node 1 HugePages_Surp:      0

After Opposite Node
Node 0 MemTotal:       24743736 kB
Node 0 MemFree:         7274876 kB
Node 0 MemUsed:        17468860 kB
Node 0 Active:            67644 kB
Node 0 Inactive:         171528 kB
Node 0 Active(anon):      13416 kB
Node 0 Inactive(anon):      564 kB
Node 0 Active(file):      54228 kB
Node 0 Inactive(file):   170964 kB
Node 0 Unevictable:        4920 kB
Node 0 Mlocked:            4920 kB
Node 0 Dirty:                68 kB
Node 0 Writeback:             0 kB
Node 0 FilePages:        230928 kB
Node 0 Mapped:            42564 kB
Node 0 AnonPages:         13200 kB
Node 0 Shmem:               820 kB
Node 0 KernelStack:        3304 kB
Node 0 PageTables:          572 kB
Node 0 NFS_Unstable:          0 kB
Node 0 Bounce:                0 kB
Node 0 WritebackTmp:          0 kB
Node 0 KReclaimable:      25176 kB
Node 0 Slab:             129940 kB
Node 0 SReclaimable:      25176 kB
Node 0 SUnreclaim:       104764 kB
Node 0 AnonHugePages:         0 kB
Node 0 ShmemHugePages:        0 kB
Node 0 ShmemPmdMapped:        0 kB
Node 0 FileHugePages:        0 kB
Node 0 FilePmdMapped:        0 kB
Node 0 HugePages_Total:     0
Node 0 HugePages_Free:      0
Node 0 HugePages_Surp:      0

Node 1 MemTotal:       24686196 kB
Node 1 MemFree:        23741636 kB
Node 1 MemUsed:          944560 kB
Node 1 Active:            36368 kB
Node 1 Inactive:          29280 kB
Node 1 Active(anon):      19760 kB
Node 1 Inactive(anon):      324 kB
Node 1 Active(file):      16608 kB
Node 1 Inactive(file):    28956 kB
Node 1 Unevictable:       13600 kB
Node 1 Mlocked:           13600 kB
Node 1 Dirty:                12 kB
Node 1 Writeback:             0 kB
Node 1 FilePages:         49296 kB
Node 1 Mapped:            13328 kB
Node 1 AnonPages:         30180 kB
Node 1 Shmem:               448 kB
Node 1 KernelStack:        1144 kB
Node 1 PageTables:          728 kB
Node 1 NFS_Unstable:          0 kB
Node 1 Bounce:                0 kB
Node 1 WritebackTmp:          0 kB
Node 1 KReclaimable:      17420 kB
Node 1 Slab:              47880 kB
Node 1 SReclaimable:      17420 kB
Node 1 SUnreclaim:        30460 kB
Node 1 AnonHugePages:         0 kB
Node 1 ShmemHugePages:        0 kB
Node 1 ShmemPmdMapped:        0 kB
Node 1 FileHugePages:        0 kB
Node 1 FilePmdMapped:        0 kB
Node 1 HugePages_Total:     0
Node 1 HugePages_Free:      0
Node 1 HugePages_Surp:      0

U.0.100M-simpleread.16G.2.O.1M Complete!
