kernel.numa_balancing = 0
U.0.100M-simpleread.2-1G.3.O.1M
Begin
Node 0 MemTotal:       24743744 kB
Node 0 MemFree:        24350980 kB
Node 0 MemUsed:          392764 kB
Node 0 Active:            42520 kB
Node 0 Inactive:          52744 kB
Node 0 Active(anon):      17464 kB
Node 0 Inactive(anon):      508 kB
Node 0 Active(file):      25056 kB
Node 0 Inactive(file):    52236 kB
Node 0 Unevictable:       17992 kB
Node 0 Mlocked:           17992 kB
Node 0 Dirty:               400 kB
Node 0 Writeback:             0 kB
Node 0 FilePages:         85632 kB
Node 0 Mapped:            22964 kB
Node 0 AnonPages:         27652 kB
Node 0 Shmem:               680 kB
Node 0 KernelStack:        2248 kB
Node 0 PageTables:          660 kB
Node 0 NFS_Unstable:          0 kB
Node 0 Bounce:                0 kB
Node 0 WritebackTmp:          0 kB
Node 0 KReclaimable:      23280 kB
Node 0 Slab:              60880 kB
Node 0 SReclaimable:      23280 kB
Node 0 SUnreclaim:        37600 kB
Node 0 AnonHugePages:         0 kB
Node 0 ShmemHugePages:        0 kB
Node 0 ShmemPmdMapped:        0 kB
Node 0 FileHugePages:        0 kB
Node 0 FilePmdMapped:        0 kB
Node 0 HugePages_Total:     0
Node 0 HugePages_Free:      0
Node 0 HugePages_Surp:      0

Node 1 MemTotal:       24686196 kB
Node 1 MemFree:        24471024 kB
Node 1 MemUsed:          215172 kB
Node 1 Active:            52824 kB
Node 1 Inactive:          32980 kB
Node 1 Active(anon):      16512 kB
Node 1 Inactive(anon):      360 kB
Node 1 Active(file):      36312 kB
Node 1 Inactive(file):    32620 kB
Node 1 Unevictable:         532 kB
Node 1 Mlocked:             532 kB
Node 1 Dirty:               108 kB
Node 1 Writeback:             0 kB
Node 1 FilePages:         70080 kB
Node 1 Mapped:            22768 kB
Node 1 AnonPages:         16320 kB
Node 1 Shmem:               588 kB
Node 1 KernelStack:        1368 kB
Node 1 PageTables:          432 kB
Node 1 NFS_Unstable:          0 kB
Node 1 Bounce:                0 kB
Node 1 WritebackTmp:          0 kB
Node 1 KReclaimable:      18896 kB
Node 1 Slab:              46728 kB
Node 1 SReclaimable:      18896 kB
Node 1 SUnreclaim:        27832 kB
Node 1 AnonHugePages:         0 kB
Node 1 ShmemHugePages:        0 kB
Node 1 ShmemPmdMapped:        0 kB
Node 1 FileHugePages:        0 kB
Node 1 FilePmdMapped:        0 kB
Node 1 HugePages_Total:     0
Node 1 HugePages_Free:      0
Node 1 HugePages_Surp:      0

Load ZFS
Node 0 MemTotal:       24743744 kB
Node 0 MemFree:        24481736 kB
Node 0 MemUsed:          262008 kB
Node 0 Active:            50472 kB
Node 0 Inactive:          48816 kB
Node 0 Active(anon):      20184 kB
Node 0 Inactive(anon):      508 kB
Node 0 Active(file):      30288 kB
Node 0 Inactive(file):    48308 kB
Node 0 Unevictable:       17992 kB
Node 0 Mlocked:           17992 kB
Node 0 Dirty:               400 kB
Node 0 Writeback:             0 kB
Node 0 FilePages:         86936 kB
Node 0 Mapped:            22964 kB
Node 0 AnonPages:         30440 kB
Node 0 Shmem:               680 kB
Node 0 KernelStack:        2536 kB
Node 0 PageTables:          900 kB
Node 0 NFS_Unstable:          0 kB
Node 0 Bounce:                0 kB
Node 0 WritebackTmp:          0 kB
Node 0 KReclaimable:      23760 kB
Node 0 Slab:              62284 kB
Node 0 SReclaimable:      23760 kB
Node 0 SUnreclaim:        38524 kB
Node 0 AnonHugePages:         0 kB
Node 0 ShmemHugePages:        0 kB
Node 0 ShmemPmdMapped:        0 kB
Node 0 FileHugePages:        0 kB
Node 0 FilePmdMapped:        0 kB
Node 0 HugePages_Total:     0
Node 0 HugePages_Free:      0
Node 0 HugePages_Surp:      0

Node 1 MemTotal:       24686196 kB
Node 1 MemFree:        24327328 kB
Node 1 MemUsed:          358868 kB
Node 1 Active:            56608 kB
Node 1 Inactive:          32896 kB
Node 1 Active(anon):      18968 kB
Node 1 Inactive(anon):      360 kB
Node 1 Active(file):      37640 kB
Node 1 Inactive(file):    32536 kB
Node 1 Unevictable:         532 kB
Node 1 Mlocked:             532 kB
Node 1 Dirty:               140 kB
Node 1 Writeback:             0 kB
Node 1 FilePages:         71312 kB
Node 1 Mapped:            22992 kB
Node 1 AnonPages:         18508 kB
Node 1 Shmem:               588 kB
Node 1 KernelStack:        1224 kB
Node 1 PageTables:          620 kB
Node 1 NFS_Unstable:          0 kB
Node 1 Bounce:                0 kB
Node 1 WritebackTmp:          0 kB
Node 1 KReclaimable:      19320 kB
Node 1 Slab:              48828 kB
Node 1 SReclaimable:      19320 kB
Node 1 SUnreclaim:        29508 kB
Node 1 AnonHugePages:         0 kB
Node 1 ShmemHugePages:        0 kB
Node 1 ShmemPmdMapped:        0 kB
Node 1 FileHugePages:        0 kB
Node 1 FilePmdMapped:        0 kB
Node 1 HugePages_Total:     0
Node 1 HugePages_Free:      0
Node 1 HugePages_Surp:      0

Import tank ZPool
Node 0 MemTotal:       24743744 kB
Node 0 MemFree:        24468280 kB
Node 0 MemUsed:          275464 kB
Node 0 Active:            48160 kB
Node 0 Inactive:          48808 kB
Node 0 Active(anon):      17860 kB
Node 0 Inactive(anon):      508 kB
Node 0 Active(file):      30300 kB
Node 0 Inactive(file):    48300 kB
Node 0 Unevictable:       17992 kB
Node 0 Mlocked:           17992 kB
Node 0 Dirty:               160 kB
Node 0 Writeback:             0 kB
Node 0 FilePages:         86936 kB
Node 0 Mapped:            23308 kB
Node 0 AnonPages:         27596 kB
Node 0 Shmem:               676 kB
Node 0 KernelStack:        3528 kB
Node 0 PageTables:          740 kB
Node 0 NFS_Unstable:          0 kB
Node 0 Bounce:                0 kB
Node 0 WritebackTmp:          0 kB
Node 0 KReclaimable:      23760 kB
Node 0 Slab:              64824 kB
Node 0 SReclaimable:      23760 kB
Node 0 SUnreclaim:        41064 kB
Node 0 AnonHugePages:         0 kB
Node 0 ShmemHugePages:        0 kB
Node 0 ShmemPmdMapped:        0 kB
Node 0 FileHugePages:        0 kB
Node 0 FilePmdMapped:        0 kB
Node 0 HugePages_Total:     0
Node 0 HugePages_Free:      0
Node 0 HugePages_Surp:      0

Node 1 MemTotal:       24686196 kB
Node 1 MemFree:        24322136 kB
Node 1 MemUsed:          364060 kB
Node 1 Active:            54228 kB
Node 1 Inactive:          34084 kB
Node 1 Active(anon):      16200 kB
Node 1 Inactive(anon):      364 kB
Node 1 Active(file):      38028 kB
Node 1 Inactive(file):    33720 kB
Node 1 Unevictable:         532 kB
Node 1 Mlocked:             532 kB
Node 1 Dirty:               176 kB
Node 1 Writeback:             0 kB
Node 1 FilePages:         72888 kB
Node 1 Mapped:            23012 kB
Node 1 AnonPages:         16040 kB
Node 1 Shmem:               592 kB
Node 1 KernelStack:        1224 kB
Node 1 PageTables:          548 kB
Node 1 NFS_Unstable:          0 kB
Node 1 Bounce:                0 kB
Node 1 WritebackTmp:          0 kB
Node 1 KReclaimable:      19448 kB
Node 1 Slab:              53268 kB
Node 1 SReclaimable:      19448 kB
Node 1 SUnreclaim:        33820 kB
Node 1 AnonHugePages:         0 kB
Node 1 ShmemHugePages:        0 kB
Node 1 ShmemPmdMapped:        0 kB
Node 1 FileHugePages:        0 kB
Node 1 FilePmdMapped:        0 kB
Node 1 HugePages_Total:     0
Node 1 HugePages_Free:      0
Node 1 HugePages_Surp:      0

After Test
Node 0 MemTotal:       24743744 kB
Node 0 MemFree:        22686056 kB
Node 0 MemUsed:         2057688 kB
Node 0 Active:            48160 kB
Node 0 Inactive:         146488 kB
Node 0 Active(anon):      17572 kB
Node 0 Inactive(anon):      508 kB
Node 0 Active(file):      30588 kB
Node 0 Inactive(file):   145980 kB
Node 0 Unevictable:       17992 kB
Node 0 Mlocked:           17992 kB
Node 0 Dirty:                 4 kB
Node 0 Writeback:             0 kB
Node 0 FilePages:        184904 kB
Node 0 Mapped:            22972 kB
Node 0 AnonPages:         27952 kB
Node 0 Shmem:               676 kB
Node 0 KernelStack:        3560 kB
Node 0 PageTables:          904 kB
Node 0 NFS_Unstable:          0 kB
Node 0 Bounce:                0 kB
Node 0 WritebackTmp:          0 kB
Node 0 KReclaimable:      24072 kB
Node 0 Slab:              74756 kB
Node 0 SReclaimable:      24072 kB
Node 0 SUnreclaim:        50684 kB
Node 0 AnonHugePages:         0 kB
Node 0 ShmemHugePages:        0 kB
Node 0 ShmemPmdMapped:        0 kB
Node 0 FileHugePages:        0 kB
Node 0 FilePmdMapped:        0 kB
Node 0 HugePages_Total:     0
Node 0 HugePages_Free:      0
Node 0 HugePages_Surp:      0

Node 1 MemTotal:       24686196 kB
Node 1 MemFree:        24131236 kB
Node 1 MemUsed:          554960 kB
Node 1 Active:            54312 kB
Node 1 Inactive:          33748 kB
Node 1 Active(anon):      15740 kB
Node 1 Inactive(anon):      364 kB
Node 1 Active(file):      38572 kB
Node 1 Inactive(file):    33384 kB
Node 1 Unevictable:         532 kB
Node 1 Mlocked:             532 kB
Node 1 Dirty:               124 kB
Node 1 Writeback:             0 kB
Node 1 FilePages:         73080 kB
Node 1 Mapped:            22832 kB
Node 1 AnonPages:         15516 kB
Node 1 Shmem:               592 kB
Node 1 KernelStack:        1192 kB
Node 1 PageTables:          352 kB
Node 1 NFS_Unstable:          0 kB
Node 1 Bounce:                0 kB
Node 1 WritebackTmp:          0 kB
Node 1 KReclaimable:      19460 kB
Node 1 Slab:              53872 kB
Node 1 SReclaimable:      19460 kB
Node 1 SUnreclaim:        34412 kB
Node 1 AnonHugePages:         0 kB
Node 1 ShmemHugePages:        0 kB
Node 1 ShmemPmdMapped:        0 kB
Node 1 FileHugePages:        0 kB
Node 1 FilePmdMapped:        0 kB
Node 1 HugePages_Total:     0
Node 1 HugePages_Free:      0
Node 1 HugePages_Surp:      0

After Opposite Node
Node 0 MemTotal:       24743744 kB
Node 0 MemFree:        22686436 kB
Node 0 MemUsed:         2057308 kB
Node 0 Active:            47980 kB
Node 0 Inactive:         146448 kB
Node 0 Active(anon):      17348 kB
Node 0 Inactive(anon):      508 kB
Node 0 Active(file):      30632 kB
Node 0 Inactive(file):   145940 kB
Node 0 Unevictable:       17992 kB
Node 0 Mlocked:           17992 kB
Node 0 Dirty:                 8 kB
Node 0 Writeback:             0 kB
Node 0 FilePages:        184908 kB
Node 0 Mapped:            22972 kB
Node 0 AnonPages:         27508 kB
Node 0 Shmem:               676 kB
Node 0 KernelStack:        3512 kB
Node 0 PageTables:          660 kB
Node 0 NFS_Unstable:          0 kB
Node 0 Bounce:                0 kB
Node 0 WritebackTmp:          0 kB
Node 0 KReclaimable:      24072 kB
Node 0 Slab:              74820 kB
Node 0 SReclaimable:      24072 kB
Node 0 SUnreclaim:        50748 kB
Node 0 AnonHugePages:         0 kB
Node 0 ShmemHugePages:        0 kB
Node 0 ShmemPmdMapped:        0 kB
Node 0 FileHugePages:        0 kB
Node 0 FilePmdMapped:        0 kB
Node 0 HugePages_Total:     0
Node 0 HugePages_Free:      0
Node 0 HugePages_Surp:      0

Node 1 MemTotal:       24686196 kB
Node 1 MemFree:        24127956 kB
Node 1 MemUsed:          558240 kB
Node 1 Active:            54792 kB
Node 1 Inactive:          33520 kB
Node 1 Active(anon):      15976 kB
Node 1 Inactive(anon):      364 kB
Node 1 Active(file):      38816 kB
Node 1 Inactive(file):    33156 kB
Node 1 Unevictable:         532 kB
Node 1 Mlocked:             532 kB
Node 1 Dirty:               136 kB
Node 1 Writeback:             0 kB
Node 1 FilePages:         73096 kB
Node 1 Mapped:            22816 kB
Node 1 AnonPages:         15964 kB
Node 1 Shmem:               592 kB
Node 1 KernelStack:        1192 kB
Node 1 PageTables:          592 kB
Node 1 NFS_Unstable:          0 kB
Node 1 Bounce:                0 kB
Node 1 WritebackTmp:          0 kB
Node 1 KReclaimable:      19496 kB
Node 1 Slab:              54460 kB
Node 1 SReclaimable:      19496 kB
Node 1 SUnreclaim:        34964 kB
Node 1 AnonHugePages:         0 kB
Node 1 ShmemHugePages:        0 kB
Node 1 ShmemPmdMapped:        0 kB
Node 1 FileHugePages:        0 kB
Node 1 FilePmdMapped:        0 kB
Node 1 HugePages_Total:     0
Node 1 HugePages_Free:      0
Node 1 HugePages_Surp:      0

U.0.100M-simpleread.2-1G.3.O.1M Complete!
