kernel.numa_balancing = 0
U.0.100M-simpleread.250M.3.O.1M
Begin
Node 0 MemTotal:       24768360 kB
Node 0 MemFree:        24535180 kB
Node 0 MemUsed:          233180 kB
Node 0 Active:            37688 kB
Node 0 Inactive:          51680 kB
Node 0 Active(anon):      15012 kB
Node 0 Inactive(anon):      384 kB
Node 0 Active(file):      22676 kB
Node 0 Inactive(file):    51296 kB
Node 0 Unevictable:        5620 kB
Node 0 Mlocked:            5620 kB
Node 0 Dirty:               144 kB
Node 0 Writeback:             0 kB
Node 0 FilePages:         80152 kB
Node 0 Mapped:            18524 kB
Node 0 AnonPages:         14940 kB
Node 0 Shmem:               564 kB
Node 0 KernelStack:        2312 kB
Node 0 PageTables:          340 kB
Node 0 NFS_Unstable:          0 kB
Node 0 Bounce:                0 kB
Node 0 WritebackTmp:          0 kB
Node 0 KReclaimable:      15780 kB
Node 0 Slab:              51064 kB
Node 0 SReclaimable:      15780 kB
Node 0 SUnreclaim:        35284 kB
Node 0 AnonHugePages:         0 kB
Node 0 ShmemHugePages:        0 kB
Node 0 ShmemPmdMapped:        0 kB
Node 0 FileHugePages:        0 kB
Node 0 FilePmdMapped:        0 kB
Node 0 HugePages_Total:     0
Node 0 HugePages_Free:      0
Node 0 HugePages_Surp:      0

Node 1 MemTotal:       24661580 kB
Node 1 MemFree:        24273464 kB
Node 1 MemUsed:          388116 kB
Node 1 Active:            56848 kB
Node 1 Inactive:          49160 kB
Node 1 Active(anon):      18812 kB
Node 1 Inactive(anon):      468 kB
Node 1 Active(file):      38036 kB
Node 1 Inactive(file):    48692 kB
Node 1 Unevictable:       12904 kB
Node 1 Mlocked:           12904 kB
Node 1 Dirty:               380 kB
Node 1 Writeback:             0 kB
Node 1 FilePages:         90444 kB
Node 1 Mapped:            28696 kB
Node 1 AnonPages:         28940 kB
Node 1 Shmem:               704 kB
Node 1 KernelStack:        1288 kB
Node 1 PageTables:          688 kB
Node 1 NFS_Unstable:          0 kB
Node 1 Bounce:                0 kB
Node 1 WritebackTmp:          0 kB
Node 1 KReclaimable:      25432 kB
Node 1 Slab:              54064 kB
Node 1 SReclaimable:      25432 kB
Node 1 SUnreclaim:        28632 kB
Node 1 AnonHugePages:         0 kB
Node 1 ShmemHugePages:        0 kB
Node 1 ShmemPmdMapped:        0 kB
Node 1 FileHugePages:        0 kB
Node 1 FilePmdMapped:        0 kB
Node 1 HugePages_Total:     0
Node 1 HugePages_Free:      0
Node 1 HugePages_Surp:      0

Load ZFS
Node 0 MemTotal:       24768360 kB
Node 0 MemFree:        24526860 kB
Node 0 MemUsed:          241500 kB
Node 0 Active:            43472 kB
Node 0 Inactive:          52068 kB
Node 0 Active(anon):      20200 kB
Node 0 Inactive(anon):      384 kB
Node 0 Active(file):      23272 kB
Node 0 Inactive(file):    51684 kB
Node 0 Unevictable:        5620 kB
Node 0 Mlocked:            5620 kB
Node 0 Dirty:               144 kB
Node 0 Writeback:             0 kB
Node 0 FilePages:         81136 kB
Node 0 Mapped:            18684 kB
Node 0 AnonPages:         20080 kB
Node 0 Shmem:               564 kB
Node 0 KernelStack:        2424 kB
Node 0 PageTables:          596 kB
Node 0 NFS_Unstable:          0 kB
Node 0 Bounce:                0 kB
Node 0 WritebackTmp:          0 kB
Node 0 KReclaimable:      16288 kB
Node 0 Slab:              52976 kB
Node 0 SReclaimable:      16288 kB
Node 0 SUnreclaim:        36688 kB
Node 0 AnonHugePages:         0 kB
Node 0 ShmemHugePages:        0 kB
Node 0 ShmemPmdMapped:        0 kB
Node 0 FileHugePages:        0 kB
Node 0 FilePmdMapped:        0 kB
Node 0 HugePages_Total:     0
Node 0 HugePages_Free:      0
Node 0 HugePages_Surp:      0

Node 1 MemTotal:       24661580 kB
Node 1 MemFree:        24269232 kB
Node 1 MemUsed:          392348 kB
Node 1 Active:            64092 kB
Node 1 Inactive:          44788 kB
Node 1 Active(anon):      19824 kB
Node 1 Inactive(anon):      468 kB
Node 1 Active(file):      44268 kB
Node 1 Inactive(file):    44320 kB
Node 1 Unevictable:       12904 kB
Node 1 Mlocked:           12904 kB
Node 1 Dirty:               408 kB
Node 1 Writeback:             0 kB
Node 1 FilePages:         91868 kB
Node 1 Mapped:            28708 kB
Node 1 AnonPages:         29884 kB
Node 1 Shmem:               704 kB
Node 1 KernelStack:        1320 kB
Node 1 PageTables:          776 kB
Node 1 NFS_Unstable:          0 kB
Node 1 Bounce:                0 kB
Node 1 WritebackTmp:          0 kB
Node 1 KReclaimable:      25976 kB
Node 1 Slab:              56024 kB
Node 1 SReclaimable:      25976 kB
Node 1 SUnreclaim:        30048 kB
Node 1 AnonHugePages:         0 kB
Node 1 ShmemHugePages:        0 kB
Node 1 ShmemPmdMapped:        0 kB
Node 1 FileHugePages:        0 kB
Node 1 FilePmdMapped:        0 kB
Node 1 HugePages_Total:     0
Node 1 HugePages_Free:      0
Node 1 HugePages_Surp:      0

Import tank ZPool
Node 0 MemTotal:       24768360 kB
Node 0 MemFree:        24514088 kB
Node 0 MemUsed:          254272 kB
Node 0 Active:            43576 kB
Node 0 Inactive:          52072 kB
Node 0 Active(anon):      20280 kB
Node 0 Inactive(anon):      384 kB
Node 0 Active(file):      23296 kB
Node 0 Inactive(file):    51688 kB
Node 0 Unevictable:        5620 kB
Node 0 Mlocked:            5620 kB
Node 0 Dirty:               148 kB
Node 0 Writeback:             0 kB
Node 0 FilePages:         81160 kB
Node 0 Mapped:            18836 kB
Node 0 AnonPages:         20108 kB
Node 0 Shmem:               560 kB
Node 0 KernelStack:        3544 kB
Node 0 PageTables:          596 kB
Node 0 NFS_Unstable:          0 kB
Node 0 Bounce:                0 kB
Node 0 WritebackTmp:          0 kB
Node 0 KReclaimable:      16288 kB
Node 0 Slab:              55532 kB
Node 0 SReclaimable:      16288 kB
Node 0 SUnreclaim:        39244 kB
Node 0 AnonHugePages:         0 kB
Node 0 ShmemHugePages:        0 kB
Node 0 ShmemPmdMapped:        0 kB
Node 0 FileHugePages:        0 kB
Node 0 FilePmdMapped:        0 kB
Node 0 HugePages_Total:     0
Node 0 HugePages_Free:      0
Node 0 HugePages_Surp:      0

Node 1 MemTotal:       24661580 kB
Node 1 MemFree:        24261600 kB
Node 1 MemUsed:          399980 kB
Node 1 Active:            64988 kB
Node 1 Inactive:          45972 kB
Node 1 Active(anon):      20244 kB
Node 1 Inactive(anon):      472 kB
Node 1 Active(file):      44744 kB
Node 1 Inactive(file):    45500 kB
Node 1 Unevictable:       12904 kB
Node 1 Mlocked:           12904 kB
Node 1 Dirty:               208 kB
Node 1 Writeback:             0 kB
Node 1 FilePages:         93572 kB
Node 1 Mapped:            28940 kB
Node 1 AnonPages:         30112 kB
Node 1 Shmem:               708 kB
Node 1 KernelStack:        1352 kB
Node 1 PageTables:          856 kB
Node 1 NFS_Unstable:          0 kB
Node 1 Bounce:                0 kB
Node 1 WritebackTmp:          0 kB
Node 1 KReclaimable:      26108 kB
Node 1 Slab:              60836 kB
Node 1 SReclaimable:      26108 kB
Node 1 SUnreclaim:        34728 kB
Node 1 AnonHugePages:         0 kB
Node 1 ShmemHugePages:        0 kB
Node 1 ShmemPmdMapped:        0 kB
Node 1 FileHugePages:        0 kB
Node 1 FilePmdMapped:        0 kB
Node 1 HugePages_Total:     0
Node 1 HugePages_Free:      0
Node 1 HugePages_Surp:      0

After Test
Node 0 MemTotal:       24768360 kB
Node 0 MemFree:        24139984 kB
Node 0 MemUsed:          628376 kB
Node 0 Active:            38212 kB
Node 0 Inactive:         149680 kB
Node 0 Active(anon):      14556 kB
Node 0 Inactive(anon):      384 kB
Node 0 Active(file):      23656 kB
Node 0 Inactive(file):   149296 kB
Node 0 Unevictable:        5620 kB
Node 0 Mlocked:            5620 kB
Node 0 Dirty:                48 kB
Node 0 Writeback:             0 kB
Node 0 FilePages:        179128 kB
Node 0 Mapped:            18816 kB
Node 0 AnonPages:         14264 kB
Node 0 Shmem:               560 kB
Node 0 KernelStack:        3448 kB
Node 0 PageTables:          496 kB
Node 0 NFS_Unstable:          0 kB
Node 0 Bounce:                0 kB
Node 0 WritebackTmp:          0 kB
Node 0 KReclaimable:      16536 kB
Node 0 Slab:              58352 kB
Node 0 SReclaimable:      16536 kB
Node 0 SUnreclaim:        41816 kB
Node 0 AnonHugePages:         0 kB
Node 0 ShmemHugePages:        0 kB
Node 0 ShmemPmdMapped:        0 kB
Node 0 FileHugePages:        0 kB
Node 0 FilePmdMapped:        0 kB
Node 0 HugePages_Total:     0
Node 0 HugePages_Free:      0
Node 0 HugePages_Surp:      0

Node 1 MemTotal:       24661580 kB
Node 1 MemFree:        24008948 kB
Node 1 MemUsed:          652632 kB
Node 1 Active:            63768 kB
Node 1 Inactive:          45704 kB
Node 1 Active(anon):      18664 kB
Node 1 Inactive(anon):      472 kB
Node 1 Active(file):      45104 kB
Node 1 Inactive(file):    45232 kB
Node 1 Unevictable:       12904 kB
Node 1 Mlocked:           12904 kB
Node 1 Dirty:               208 kB
Node 1 Writeback:             0 kB
Node 1 FilePages:         93620 kB
Node 1 Mapped:            28716 kB
Node 1 AnonPages:         28756 kB
Node 1 Shmem:               708 kB
Node 1 KernelStack:        1272 kB
Node 1 PageTables:          748 kB
Node 1 NFS_Unstable:          0 kB
Node 1 Bounce:                0 kB
Node 1 WritebackTmp:          0 kB
Node 1 KReclaimable:      26108 kB
Node 1 Slab:              61316 kB
Node 1 SReclaimable:      26108 kB
Node 1 SUnreclaim:        35208 kB
Node 1 AnonHugePages:         0 kB
Node 1 ShmemHugePages:        0 kB
Node 1 ShmemPmdMapped:        0 kB
Node 1 FileHugePages:        0 kB
Node 1 FilePmdMapped:        0 kB
Node 1 HugePages_Total:     0
Node 1 HugePages_Free:      0
Node 1 HugePages_Surp:      0

After Opposite Node
Node 0 MemTotal:       24768360 kB
Node 0 MemFree:        24140604 kB
Node 0 MemUsed:          627756 kB
Node 0 Active:            38164 kB
Node 0 Inactive:         149436 kB
Node 0 Active(anon):      14260 kB
Node 0 Inactive(anon):      384 kB
Node 0 Active(file):      23904 kB
Node 0 Inactive(file):   149052 kB
Node 0 Unevictable:        5620 kB
Node 0 Mlocked:            5620 kB
Node 0 Dirty:                56 kB
Node 0 Writeback:             0 kB
Node 0 FilePages:        179132 kB
Node 0 Mapped:            18596 kB
Node 0 AnonPages:         14084 kB
Node 0 Shmem:               560 kB
Node 0 KernelStack:        3384 kB
Node 0 PageTables:          276 kB
Node 0 NFS_Unstable:          0 kB
Node 0 Bounce:                0 kB
Node 0 WritebackTmp:          0 kB
Node 0 KReclaimable:      16536 kB
Node 0 Slab:              58168 kB
Node 0 SReclaimable:      16536 kB
Node 0 SUnreclaim:        41632 kB
Node 0 AnonHugePages:         0 kB
Node 0 ShmemHugePages:        0 kB
Node 0 ShmemPmdMapped:        0 kB
Node 0 FileHugePages:        0 kB
Node 0 FilePmdMapped:        0 kB
Node 0 HugePages_Total:     0
Node 0 HugePages_Free:      0
Node 0 HugePages_Surp:      0

Node 1 MemTotal:       24661580 kB
Node 1 MemFree:        24009404 kB
Node 1 MemUsed:          652176 kB
Node 1 Active:            64308 kB
Node 1 Inactive:          45656 kB
Node 1 Active(anon):      19140 kB
Node 1 Inactive(anon):      472 kB
Node 1 Active(file):      45168 kB
Node 1 Inactive(file):    45184 kB
Node 1 Unevictable:       12904 kB
Node 1 Mlocked:           12904 kB
Node 1 Dirty:               224 kB
Node 1 Writeback:             0 kB
Node 1 FilePages:         93644 kB
Node 1 Mapped:            28720 kB
Node 1 AnonPages:         29036 kB
Node 1 Shmem:               708 kB
Node 1 KernelStack:        1304 kB
Node 1 PageTables:          828 kB
Node 1 NFS_Unstable:          0 kB
Node 1 Bounce:                0 kB
Node 1 WritebackTmp:          0 kB
Node 1 KReclaimable:      26152 kB
Node 1 Slab:              61580 kB
Node 1 SReclaimable:      26152 kB
Node 1 SUnreclaim:        35428 kB
Node 1 AnonHugePages:         0 kB
Node 1 ShmemHugePages:        0 kB
Node 1 ShmemPmdMapped:        0 kB
Node 1 FileHugePages:        0 kB
Node 1 FilePmdMapped:        0 kB
Node 1 HugePages_Total:     0
Node 1 HugePages_Free:      0
Node 1 HugePages_Surp:      0

U.0.100M-simpleread.250M.3.O.1M Complete!
