kernel.numa_balancing = 0
U.0.100M-simpleread.4G.2.O.1M
Begin
Node 0 MemTotal:       24743736 kB
Node 0 MemFree:        24548232 kB
Node 0 MemUsed:          195504 kB
Node 0 Active:            33156 kB
Node 0 Inactive:          21164 kB
Node 0 Active(anon):      18356 kB
Node 0 Inactive(anon):      428 kB
Node 0 Active(file):      14800 kB
Node 0 Inactive(file):    20736 kB
Node 0 Unevictable:       13336 kB
Node 0 Mlocked:           13336 kB
Node 0 Dirty:               272 kB
Node 0 Writeback:             0 kB
Node 0 FilePages:         39204 kB
Node 0 Mapped:             9892 kB
Node 0 AnonPages:         28524 kB
Node 0 Shmem:               620 kB
Node 0 KernelStack:        2120 kB
Node 0 PageTables:          464 kB
Node 0 NFS_Unstable:          0 kB
Node 0 Bounce:                0 kB
Node 0 WritebackTmp:          0 kB
Node 0 KReclaimable:      15028 kB
Node 0 Slab:              47556 kB
Node 0 SReclaimable:      15028 kB
Node 0 SUnreclaim:        32528 kB
Node 0 AnonHugePages:         0 kB
Node 0 ShmemHugePages:        0 kB
Node 0 ShmemPmdMapped:        0 kB
Node 0 FileHugePages:        0 kB
Node 0 FilePmdMapped:        0 kB
Node 0 HugePages_Total:     0
Node 0 HugePages_Free:      0
Node 0 HugePages_Surp:      0

Node 1 MemTotal:       24686196 kB
Node 1 MemFree:        24269400 kB
Node 1 MemUsed:          416796 kB
Node 1 Active:            62080 kB
Node 1 Inactive:          68108 kB
Node 1 Active(anon):      15440 kB
Node 1 Inactive(anon):      440 kB
Node 1 Active(file):      46640 kB
Node 1 Inactive(file):    67668 kB
Node 1 Unevictable:        5188 kB
Node 1 Mlocked:            5188 kB
Node 1 Dirty:               228 kB
Node 1 Writeback:             0 kB
Node 1 FilePages:        120140 kB
Node 1 Mapped:            29556 kB
Node 1 AnonPages:         15276 kB
Node 1 Shmem:               648 kB
Node 1 KernelStack:        1560 kB
Node 1 PageTables:          596 kB
Node 1 NFS_Unstable:          0 kB
Node 1 Bounce:                0 kB
Node 1 WritebackTmp:          0 kB
Node 1 KReclaimable:      26988 kB
Node 1 Slab:              60628 kB
Node 1 SReclaimable:      26988 kB
Node 1 SUnreclaim:        33640 kB
Node 1 AnonHugePages:         0 kB
Node 1 ShmemHugePages:        0 kB
Node 1 ShmemPmdMapped:        0 kB
Node 1 FileHugePages:        0 kB
Node 1 FilePmdMapped:        0 kB
Node 1 HugePages_Total:     0
Node 1 HugePages_Free:      0
Node 1 HugePages_Surp:      0

Load ZFS
Node 0 MemTotal:       24743736 kB
Node 0 MemFree:        24537404 kB
Node 0 MemUsed:          206332 kB
Node 0 Active:            36184 kB
Node 0 Inactive:          21652 kB
Node 0 Active(anon):      20496 kB
Node 0 Inactive(anon):      428 kB
Node 0 Active(file):      15688 kB
Node 0 Inactive(file):    21224 kB
Node 0 Unevictable:       13336 kB
Node 0 Mlocked:           13336 kB
Node 0 Dirty:               272 kB
Node 0 Writeback:             0 kB
Node 0 FilePages:         40540 kB
Node 0 Mapped:            10052 kB
Node 0 AnonPages:         30116 kB
Node 0 Shmem:               620 kB
Node 0 KernelStack:        2344 kB
Node 0 PageTables:          532 kB
Node 0 NFS_Unstable:          0 kB
Node 0 Bounce:                0 kB
Node 0 WritebackTmp:          0 kB
Node 0 KReclaimable:      15396 kB
Node 0 Slab:              49212 kB
Node 0 SReclaimable:      15396 kB
Node 0 SUnreclaim:        33816 kB
Node 0 AnonHugePages:         0 kB
Node 0 ShmemHugePages:        0 kB
Node 0 ShmemPmdMapped:        0 kB
Node 0 FileHugePages:        0 kB
Node 0 FilePmdMapped:        0 kB
Node 0 HugePages_Total:     0
Node 0 HugePages_Free:      0
Node 0 HugePages_Surp:      0

Node 1 MemTotal:       24686196 kB
Node 1 MemFree:        24268100 kB
Node 1 MemUsed:          418096 kB
Node 1 Active:            71284 kB
Node 1 Inactive:          63768 kB
Node 1 Active(anon):      19120 kB
Node 1 Inactive(anon):      440 kB
Node 1 Active(file):      52164 kB
Node 1 Inactive(file):    63328 kB
Node 1 Unevictable:        5188 kB
Node 1 Mlocked:            5188 kB
Node 1 Dirty:               252 kB
Node 1 Writeback:             0 kB
Node 1 FilePages:        121324 kB
Node 1 Mapped:            29556 kB
Node 1 AnonPages:         19060 kB
Node 1 Shmem:               648 kB
Node 1 KernelStack:        1480 kB
Node 1 PageTables:          848 kB
Node 1 NFS_Unstable:          0 kB
Node 1 Bounce:                0 kB
Node 1 WritebackTmp:          0 kB
Node 1 KReclaimable:      27576 kB
Node 1 Slab:              62604 kB
Node 1 SReclaimable:      27576 kB
Node 1 SUnreclaim:        35028 kB
Node 1 AnonHugePages:         0 kB
Node 1 ShmemHugePages:        0 kB
Node 1 ShmemPmdMapped:        0 kB
Node 1 FileHugePages:        0 kB
Node 1 FilePmdMapped:        0 kB
Node 1 HugePages_Total:     0
Node 1 HugePages_Free:      0
Node 1 HugePages_Surp:      0

Import tank ZPool
Node 0 MemTotal:       24743736 kB
Node 0 MemFree:        24517848 kB
Node 0 MemUsed:          225888 kB
Node 0 Active:            36740 kB
Node 0 Inactive:          22884 kB
Node 0 Active(anon):      20568 kB
Node 0 Inactive(anon):      432 kB
Node 0 Active(file):      16172 kB
Node 0 Inactive(file):    22452 kB
Node 0 Unevictable:       13336 kB
Node 0 Mlocked:           13336 kB
Node 0 Dirty:                56 kB
Node 0 Writeback:             0 kB
Node 0 FilePages:         42272 kB
Node 0 Mapped:            10188 kB
Node 0 AnonPages:         30808 kB
Node 0 Shmem:               624 kB
Node 0 KernelStack:        3464 kB
Node 0 PageTables:          620 kB
Node 0 NFS_Unstable:          0 kB
Node 0 Bounce:                0 kB
Node 0 WritebackTmp:          0 kB
Node 0 KReclaimable:      15536 kB
Node 0 Slab:              56400 kB
Node 0 SReclaimable:      15536 kB
Node 0 SUnreclaim:        40864 kB
Node 0 AnonHugePages:         0 kB
Node 0 ShmemHugePages:        0 kB
Node 0 ShmemPmdMapped:        0 kB
Node 0 FileHugePages:        0 kB
Node 0 FilePmdMapped:        0 kB
Node 0 HugePages_Total:     0
Node 0 HugePages_Free:      0
Node 0 HugePages_Surp:      0

Node 1 MemTotal:       24686196 kB
Node 1 MemFree:        24269408 kB
Node 1 MemUsed:          416788 kB
Node 1 Active:            71480 kB
Node 1 Inactive:          63664 kB
Node 1 Active(anon):      19208 kB
Node 1 Inactive(anon):      440 kB
Node 1 Active(file):      52272 kB
Node 1 Inactive(file):    63224 kB
Node 1 Unevictable:        5188 kB
Node 1 Mlocked:            5188 kB
Node 1 Dirty:               300 kB
Node 1 Writeback:             0 kB
Node 1 FilePages:        121344 kB
Node 1 Mapped:            29804 kB
Node 1 AnonPages:         19060 kB
Node 1 Shmem:               644 kB
Node 1 KernelStack:        1480 kB
Node 1 PageTables:          848 kB
Node 1 NFS_Unstable:          0 kB
Node 1 Bounce:                0 kB
Node 1 WritebackTmp:          0 kB
Node 1 KReclaimable:      27576 kB
Node 1 Slab:              62556 kB
Node 1 SReclaimable:      27576 kB
Node 1 SUnreclaim:        34980 kB
Node 1 AnonHugePages:         0 kB
Node 1 ShmemHugePages:        0 kB
Node 1 ShmemPmdMapped:        0 kB
Node 1 FileHugePages:        0 kB
Node 1 FilePmdMapped:        0 kB
Node 1 HugePages_Total:     0
Node 1 HugePages_Free:      0
Node 1 HugePages_Surp:      0

After Test
Node 0 MemTotal:       24743736 kB
Node 0 MemFree:        20011184 kB
Node 0 MemUsed:         4732552 kB
Node 0 Active:            35576 kB
Node 0 Inactive:         120860 kB
Node 0 Active(anon):      18612 kB
Node 0 Inactive(anon):      428 kB
Node 0 Active(file):      16964 kB
Node 0 Inactive(file):   120432 kB
Node 0 Unevictable:       13336 kB
Node 0 Mlocked:           13336 kB
Node 0 Dirty:                 8 kB
Node 0 Writeback:             0 kB
Node 0 FilePages:        141024 kB
Node 0 Mapped:            10188 kB
Node 0 AnonPages:         28920 kB
Node 0 Shmem:               620 kB
Node 0 KernelStack:        3352 kB
Node 0 PageTables:          716 kB
Node 0 NFS_Unstable:          0 kB
Node 0 Bounce:                0 kB
Node 0 WritebackTmp:          0 kB
Node 0 KReclaimable:      16024 kB
Node 0 Slab:              74732 kB
Node 0 SReclaimable:      16024 kB
Node 0 SUnreclaim:        58708 kB
Node 0 AnonHugePages:         0 kB
Node 0 ShmemHugePages:        0 kB
Node 0 ShmemPmdMapped:        0 kB
Node 0 FileHugePages:        0 kB
Node 0 FilePmdMapped:        0 kB
Node 0 HugePages_Total:     0
Node 0 HugePages_Free:      0
Node 0 HugePages_Surp:      0

Node 1 MemTotal:       24686196 kB
Node 1 MemFree:        23637316 kB
Node 1 MemUsed:         1048880 kB
Node 1 Active:            66844 kB
Node 1 Inactive:          63572 kB
Node 1 Active(anon):      14412 kB
Node 1 Inactive(anon):      444 kB
Node 1 Active(file):      52432 kB
Node 1 Inactive(file):    63128 kB
Node 1 Unevictable:        5188 kB
Node 1 Mlocked:            5188 kB
Node 1 Dirty:                20 kB
Node 1 Writeback:             0 kB
Node 1 FilePages:        121416 kB
Node 1 Mapped:            29564 kB
Node 1 AnonPages:         14216 kB
Node 1 Shmem:               648 kB
Node 1 KernelStack:        1320 kB
Node 1 PageTables:          524 kB
Node 1 NFS_Unstable:          0 kB
Node 1 Bounce:                0 kB
Node 1 WritebackTmp:          0 kB
Node 1 KReclaimable:      27704 kB
Node 1 Slab:              65220 kB
Node 1 SReclaimable:      27704 kB
Node 1 SUnreclaim:        37516 kB
Node 1 AnonHugePages:         0 kB
Node 1 ShmemHugePages:        0 kB
Node 1 ShmemPmdMapped:        0 kB
Node 1 FileHugePages:        0 kB
Node 1 FilePmdMapped:        0 kB
Node 1 HugePages_Total:     0
Node 1 HugePages_Free:      0
Node 1 HugePages_Surp:      0

After Opposite Node
Node 0 MemTotal:       24743736 kB
Node 0 MemFree:        20014044 kB
Node 0 MemUsed:         4729692 kB
Node 0 Active:            35520 kB
Node 0 Inactive:         120620 kB
Node 0 Active(anon):      18304 kB
Node 0 Inactive(anon):      428 kB
Node 0 Active(file):      17216 kB
Node 0 Inactive(file):   120192 kB
Node 0 Unevictable:       13336 kB
Node 0 Mlocked:           13336 kB
Node 0 Dirty:                24 kB
Node 0 Writeback:             0 kB
Node 0 FilePages:        141040 kB
Node 0 Mapped:            10184 kB
Node 0 AnonPages:         28484 kB
Node 0 Shmem:               620 kB
Node 0 KernelStack:        3336 kB
Node 0 PageTables:          472 kB
Node 0 NFS_Unstable:          0 kB
Node 0 Bounce:                0 kB
Node 0 WritebackTmp:          0 kB
Node 0 KReclaimable:      16032 kB
Node 0 Slab:              74884 kB
Node 0 SReclaimable:      16032 kB
Node 0 SUnreclaim:        58852 kB
Node 0 AnonHugePages:         0 kB
Node 0 ShmemHugePages:        0 kB
Node 0 ShmemPmdMapped:        0 kB
Node 0 FileHugePages:        0 kB
Node 0 FilePmdMapped:        0 kB
Node 0 HugePages_Total:     0
Node 0 HugePages_Free:      0
Node 0 HugePages_Surp:      0

Node 1 MemTotal:       24686196 kB
Node 1 MemFree:        23635048 kB
Node 1 MemUsed:         1051148 kB
Node 1 Active:            67092 kB
Node 1 Inactive:          63576 kB
Node 1 Active(anon):      14632 kB
Node 1 Inactive(anon):      444 kB
Node 1 Active(file):      52460 kB
Node 1 Inactive(file):    63132 kB
Node 1 Unevictable:        5188 kB
Node 1 Mlocked:            5188 kB
Node 1 Dirty:                24 kB
Node 1 Writeback:             0 kB
Node 1 FilePages:        121424 kB
Node 1 Mapped:            29564 kB
Node 1 AnonPages:         14656 kB
Node 1 Shmem:               648 kB
Node 1 KernelStack:        1336 kB
Node 1 PageTables:          768 kB
Node 1 NFS_Unstable:          0 kB
Node 1 Bounce:                0 kB
Node 1 WritebackTmp:          0 kB
Node 1 KReclaimable:      27736 kB
Node 1 Slab:              66040 kB
Node 1 SReclaimable:      27736 kB
Node 1 SUnreclaim:        38304 kB
Node 1 AnonHugePages:         0 kB
Node 1 ShmemHugePages:        0 kB
Node 1 ShmemPmdMapped:        0 kB
Node 1 FileHugePages:        0 kB
Node 1 FilePmdMapped:        0 kB
Node 1 HugePages_Total:     0
Node 1 HugePages_Free:      0
Node 1 HugePages_Surp:      0

U.0.100M-simpleread.4G.2.O.1M Complete!
