kernel.numa_balancing = 1
M.1.manyfio.2G.1.O.1M
Begin
Node 0 MemTotal:       24768352 kB
Node 0 MemFree:        24533680 kB
Node 0 MemUsed:          234672 kB
Node 0 Active:            43396 kB
Node 0 Inactive:          53204 kB
Node 0 Active(anon):      17308 kB
Node 0 Inactive(anon):      484 kB
Node 0 Active(file):      26088 kB
Node 0 Inactive(file):    52720 kB
Node 0 Unevictable:        5520 kB
Node 0 Mlocked:            5520 kB
Node 0 Dirty:               156 kB
Node 0 Writeback:             0 kB
Node 0 FilePages:         85136 kB
Node 0 Mapped:            18468 kB
Node 0 AnonPages:         17056 kB
Node 0 Shmem:               760 kB
Node 0 KernelStack:        2264 kB
Node 0 PageTables:          488 kB
Node 0 NFS_Unstable:          0 kB
Node 0 Bounce:                0 kB
Node 0 WritebackTmp:          0 kB
Node 0 KReclaimable:      17484 kB
Node 0 Slab:              49076 kB
Node 0 SReclaimable:      17484 kB
Node 0 SUnreclaim:        31592 kB
Node 0 AnonHugePages:         0 kB
Node 0 ShmemHugePages:        0 kB
Node 0 ShmemPmdMapped:        0 kB
Node 0 FileHugePages:        0 kB
Node 0 FilePmdMapped:        0 kB
Node 0 HugePages_Total:     0
Node 0 HugePages_Free:      0
Node 0 HugePages_Surp:      0

Node 1 MemTotal:       24661580 kB
Node 1 MemFree:        24275008 kB
Node 1 MemUsed:          386572 kB
Node 1 Active:            51656 kB
Node 1 Inactive:          46216 kB
Node 1 Active(anon):      16488 kB
Node 1 Inactive(anon):      384 kB
Node 1 Active(file):      35168 kB
Node 1 Inactive(file):    45832 kB
Node 1 Unevictable:       13004 kB
Node 1 Mlocked:           13004 kB
Node 1 Dirty:               372 kB
Node 1 Writeback:             0 kB
Node 1 FilePages:         84184 kB
Node 1 Mapped:            34072 kB
Node 1 AnonPages:         26756 kB
Node 1 Shmem:               508 kB
Node 1 KernelStack:        1336 kB
Node 1 PageTables:          628 kB
Node 1 NFS_Unstable:          0 kB
Node 1 Bounce:                0 kB
Node 1 WritebackTmp:          0 kB
Node 1 KReclaimable:      24996 kB
Node 1 Slab:              57368 kB
Node 1 SReclaimable:      24996 kB
Node 1 SUnreclaim:        32372 kB
Node 1 AnonHugePages:         0 kB
Node 1 ShmemHugePages:        0 kB
Node 1 ShmemPmdMapped:        0 kB
Node 1 FileHugePages:        0 kB
Node 1 FilePmdMapped:        0 kB
Node 1 HugePages_Total:     0
Node 1 HugePages_Free:      0
Node 1 HugePages_Surp:      0

Load ZFS
Node 0 MemTotal:       24768352 kB
Node 0 MemFree:        24395040 kB
Node 0 MemUsed:          373312 kB
Node 0 Active:            45020 kB
Node 0 Inactive:          53168 kB
Node 0 Active(anon):      17108 kB
Node 0 Inactive(anon):      484 kB
Node 0 Active(file):      27912 kB
Node 0 Inactive(file):    52684 kB
Node 0 Unevictable:        5520 kB
Node 0 Mlocked:            5520 kB
Node 0 Dirty:               156 kB
Node 0 Writeback:             0 kB
Node 0 FilePages:         86872 kB
Node 0 Mapped:            18628 kB
Node 0 AnonPages:         16992 kB
Node 0 Shmem:               760 kB
Node 0 KernelStack:        2248 kB
Node 0 PageTables:          512 kB
Node 0 NFS_Unstable:          0 kB
Node 0 Bounce:                0 kB
Node 0 WritebackTmp:          0 kB
Node 0 KReclaimable:      17852 kB
Node 0 Slab:              51272 kB
Node 0 SReclaimable:      17852 kB
Node 0 SUnreclaim:        33420 kB
Node 0 AnonHugePages:         0 kB
Node 0 ShmemHugePages:        0 kB
Node 0 ShmemPmdMapped:        0 kB
Node 0 FileHugePages:        0 kB
Node 0 FilePmdMapped:        0 kB
Node 0 HugePages_Total:     0
Node 0 HugePages_Free:      0
Node 0 HugePages_Surp:      0

Node 1 MemTotal:       24661580 kB
Node 1 MemFree:        24404680 kB
Node 1 MemUsed:          256900 kB
Node 1 Active:            59724 kB
Node 1 Inactive:          42256 kB
Node 1 Active(anon):      19812 kB
Node 1 Inactive(anon):      384 kB
Node 1 Active(file):      39912 kB
Node 1 Inactive(file):    41872 kB
Node 1 Unevictable:       13004 kB
Node 1 Mlocked:           13004 kB
Node 1 Dirty:               400 kB
Node 1 Writeback:             0 kB
Node 1 FilePages:         84968 kB
Node 1 Mapped:            34072 kB
Node 1 AnonPages:         30168 kB
Node 1 Shmem:               508 kB
Node 1 KernelStack:        1416 kB
Node 1 PageTables:          808 kB
Node 1 NFS_Unstable:          0 kB
Node 1 Bounce:                0 kB
Node 1 WritebackTmp:          0 kB
Node 1 KReclaimable:      25500 kB
Node 1 Slab:              59116 kB
Node 1 SReclaimable:      25500 kB
Node 1 SUnreclaim:        33616 kB
Node 1 AnonHugePages:         0 kB
Node 1 ShmemHugePages:        0 kB
Node 1 ShmemPmdMapped:        0 kB
Node 1 FileHugePages:        0 kB
Node 1 FilePmdMapped:        0 kB
Node 1 HugePages_Total:     0
Node 1 HugePages_Free:      0
Node 1 HugePages_Surp:      0

Import tank ZPool
Node 0 MemTotal:       24768352 kB
Node 0 MemFree:        24374376 kB
Node 0 MemUsed:          393976 kB
Node 0 Active:            45888 kB
Node 0 Inactive:          54320 kB
Node 0 Active(anon):      17444 kB
Node 0 Inactive(anon):      488 kB
Node 0 Active(file):      28444 kB
Node 0 Inactive(file):    53832 kB
Node 0 Unevictable:        5520 kB
Node 0 Mlocked:            5520 kB
Node 0 Dirty:               192 kB
Node 0 Writeback:             0 kB
Node 0 FilePages:         88572 kB
Node 0 Mapped:            18644 kB
Node 0 AnonPages:         17244 kB
Node 0 Shmem:               760 kB
Node 0 KernelStack:        3400 kB
Node 0 PageTables:          584 kB
Node 0 NFS_Unstable:          0 kB
Node 0 Bounce:                0 kB
Node 0 WritebackTmp:          0 kB
Node 0 KReclaimable:      18000 kB
Node 0 Slab:              58072 kB
Node 0 SReclaimable:      18000 kB
Node 0 SUnreclaim:        40072 kB
Node 0 AnonHugePages:         0 kB
Node 0 ShmemHugePages:        0 kB
Node 0 ShmemPmdMapped:        0 kB
Node 0 FileHugePages:        0 kB
Node 0 FilePmdMapped:        0 kB
Node 0 HugePages_Total:     0
Node 0 HugePages_Free:      0
Node 0 HugePages_Surp:      0

Node 1 MemTotal:       24661580 kB
Node 1 MemFree:        24407480 kB
Node 1 MemUsed:          254100 kB
Node 1 Active:            55952 kB
Node 1 Inactive:          42248 kB
Node 1 Active(anon):      16032 kB
Node 1 Inactive(anon):      384 kB
Node 1 Active(file):      39920 kB
Node 1 Inactive(file):    41864 kB
Node 1 Unevictable:       13004 kB
Node 1 Mlocked:           13004 kB
Node 1 Dirty:               188 kB
Node 1 Writeback:             0 kB
Node 1 FilePages:         84968 kB
Node 1 Mapped:            34124 kB
Node 1 AnonPages:         26348 kB
Node 1 Shmem:               508 kB
Node 1 KernelStack:        1400 kB
Node 1 PageTables:          772 kB
Node 1 NFS_Unstable:          0 kB
Node 1 Bounce:                0 kB
Node 1 WritebackTmp:          0 kB
Node 1 KReclaimable:      25500 kB
Node 1 Slab:              59060 kB
Node 1 SReclaimable:      25500 kB
Node 1 SUnreclaim:        33560 kB
Node 1 AnonHugePages:         0 kB
Node 1 ShmemHugePages:        0 kB
Node 1 ShmemPmdMapped:        0 kB
Node 1 FileHugePages:        0 kB
Node 1 FilePmdMapped:        0 kB
Node 1 HugePages_Total:     0
Node 1 HugePages_Free:      0
Node 1 HugePages_Surp:      0

After Test
Node 0 MemTotal:       24768352 kB
Node 0 MemFree:        23843664 kB
Node 0 MemUsed:          924688 kB
Node 0 Active:            45988 kB
Node 0 Inactive:          54108 kB
Node 0 Active(anon):      17184 kB
Node 0 Inactive(anon):      488 kB
Node 0 Active(file):      28804 kB
Node 0 Inactive(file):    53620 kB
Node 0 Unevictable:        5520 kB
Node 0 Mlocked:            5520 kB
Node 0 Dirty:                32 kB
Node 0 Writeback:             0 kB
Node 0 FilePages:         88708 kB
Node 0 Mapped:            18468 kB
Node 0 AnonPages:         16912 kB
Node 0 Shmem:               760 kB
Node 0 KernelStack:        3272 kB
Node 0 PageTables:          488 kB
Node 0 NFS_Unstable:          0 kB
Node 0 Bounce:                0 kB
Node 0 WritebackTmp:          0 kB
Node 0 KReclaimable:      18104 kB
Node 0 Slab:              59832 kB
Node 0 SReclaimable:      18104 kB
Node 0 SUnreclaim:        41728 kB
Node 0 AnonHugePages:         0 kB
Node 0 ShmemHugePages:        0 kB
Node 0 ShmemPmdMapped:        0 kB
Node 0 FileHugePages:        0 kB
Node 0 FilePmdMapped:        0 kB
Node 0 HugePages_Total:     0
Node 0 HugePages_Free:      0
Node 0 HugePages_Surp:      0

Node 1 MemTotal:       24661580 kB
Node 1 MemFree:        21999336 kB
Node 1 MemUsed:         2662244 kB
Node 1 Active:            56656 kB
Node 1 Inactive:          43252 kB
Node 1 Active(anon):      15752 kB
Node 1 Inactive(anon):      408 kB
Node 1 Active(file):      40904 kB
Node 1 Inactive(file):    42844 kB
Node 1 Unevictable:       13004 kB
Node 1 Mlocked:           13004 kB
Node 1 Dirty:                60 kB
Node 1 Writeback:             0 kB
Node 1 FilePages:         86976 kB
Node 1 Mapped:            34320 kB
Node 1 AnonPages:         25856 kB
Node 1 Shmem:               552 kB
Node 1 KernelStack:        1320 kB
Node 1 PageTables:          672 kB
Node 1 NFS_Unstable:          0 kB
Node 1 Bounce:                0 kB
Node 1 WritebackTmp:          0 kB
Node 1 KReclaimable:      26852 kB
Node 1 Slab:              72780 kB
Node 1 SReclaimable:      26852 kB
Node 1 SUnreclaim:        45928 kB
Node 1 AnonHugePages:         0 kB
Node 1 ShmemHugePages:        0 kB
Node 1 ShmemPmdMapped:        0 kB
Node 1 FileHugePages:        0 kB
Node 1 FilePmdMapped:        0 kB
Node 1 HugePages_Total:     0
Node 1 HugePages_Free:      0
Node 1 HugePages_Surp:      0

After Opposite Node
Node 0 MemTotal:       24768352 kB
Node 0 MemFree:        23842108 kB
Node 0 MemUsed:          926244 kB
Node 0 Active:            46348 kB
Node 0 Inactive:          54164 kB
Node 0 Active(anon):      17504 kB
Node 0 Inactive(anon):      520 kB
Node 0 Active(file):      28844 kB
Node 0 Inactive(file):    53644 kB
Node 0 Unevictable:        5520 kB
Node 0 Mlocked:            5520 kB
Node 0 Dirty:                88 kB
Node 0 Writeback:             0 kB
Node 0 FilePages:         88804 kB
Node 0 Mapped:            18512 kB
Node 0 AnonPages:         16744 kB
Node 0 Shmem:               800 kB
Node 0 KernelStack:        3304 kB
Node 0 PageTables:          676 kB
Node 0 NFS_Unstable:          0 kB
Node 0 Bounce:                0 kB
Node 0 WritebackTmp:          0 kB
Node 0 KReclaimable:      18176 kB
Node 0 Slab:              61180 kB
Node 0 SReclaimable:      18176 kB
Node 0 SUnreclaim:        43004 kB
Node 0 AnonHugePages:         0 kB
Node 0 ShmemHugePages:        0 kB
Node 0 ShmemPmdMapped:        0 kB
Node 0 FileHugePages:        0 kB
Node 0 FilePmdMapped:        0 kB
Node 0 HugePages_Total:     0
Node 0 HugePages_Free:      0
Node 0 HugePages_Surp:      0

Node 1 MemTotal:       24661580 kB
Node 1 MemFree:        22003768 kB
Node 1 MemUsed:         2657812 kB
Node 1 Active:            56528 kB
Node 1 Inactive:          43216 kB
Node 1 Active(anon):      15600 kB
Node 1 Inactive(anon):      388 kB
Node 1 Active(file):      40928 kB
Node 1 Inactive(file):    42828 kB
Node 1 Unevictable:       13004 kB
Node 1 Mlocked:           13004 kB
Node 1 Dirty:                68 kB
Node 1 Writeback:             0 kB
Node 1 FilePages:         86944 kB
Node 1 Mapped:            34280 kB
Node 1 AnonPages:         25804 kB
Node 1 Shmem:               512 kB
Node 1 KernelStack:        1304 kB
Node 1 PageTables:          556 kB
Node 1 NFS_Unstable:          0 kB
Node 1 Bounce:                0 kB
Node 1 WritebackTmp:          0 kB
Node 1 KReclaimable:      26852 kB
Node 1 Slab:              72460 kB
Node 1 SReclaimable:      26852 kB
Node 1 SUnreclaim:        45608 kB
Node 1 AnonHugePages:         0 kB
Node 1 ShmemHugePages:        0 kB
Node 1 ShmemPmdMapped:        0 kB
Node 1 FileHugePages:        0 kB
Node 1 FilePmdMapped:        0 kB
Node 1 HugePages_Total:     0
Node 1 HugePages_Free:      0
Node 1 HugePages_Surp:      0

M.1.manyfio.2G.1.O.1M Complete!
