0.onefio.1G
Begin
Node 0 MemTotal:       24743524 kB
Node 0 MemFree:        24481564 kB
Node 0 MemUsed:          261960 kB
Node 0 Active:            47932 kB
Node 0 Inactive:          53964 kB
Node 0 Active(anon):      16400 kB
Node 0 Inactive(anon):      436 kB
Node 0 Active(file):      31532 kB
Node 0 Inactive(file):    53528 kB
Node 0 Unevictable:       12660 kB
Node 0 Mlocked:           12660 kB
Node 0 Dirty:               140 kB
Node 0 Writeback:             0 kB
Node 0 FilePages:         88248 kB
Node 0 Mapped:            43496 kB
Node 0 AnonPages:         26504 kB
Node 0 Shmem:               604 kB
Node 0 KernelStack:        2744 kB
Node 0 PageTables:          608 kB
Node 0 NFS_Unstable:          0 kB
Node 0 Bounce:                0 kB
Node 0 WritebackTmp:          0 kB
Node 0 KReclaimable:      23056 kB
Node 0 Slab:              57696 kB
Node 0 SReclaimable:      23056 kB
Node 0 SUnreclaim:        34640 kB
Node 0 AnonHugePages:         0 kB
Node 0 ShmemHugePages:        0 kB
Node 0 ShmemPmdMapped:        0 kB
Node 0 FileHugePages:        0 kB
Node 0 FilePmdMapped:        0 kB
Node 0 HugePages_Total:     0
Node 0 HugePages_Free:      0
Node 0 HugePages_Surp:      0

Node 1 MemTotal:       24686196 kB
Node 1 MemFree:        24449768 kB
Node 1 MemUsed:          236428 kB
Node 1 Active:            47168 kB
Node 1 Inactive:          29064 kB
Node 1 Active(anon):      17800 kB
Node 1 Inactive(anon):      436 kB
Node 1 Active(file):      29368 kB
Node 1 Inactive(file):    28628 kB
Node 1 Unevictable:        5784 kB
Node 1 Mlocked:            5784 kB
Node 1 Dirty:               372 kB
Node 1 Writeback:             0 kB
Node 1 FilePages:         64384 kB
Node 1 Mapped:            20252 kB
Node 1 AnonPages:         17668 kB
Node 1 Shmem:               608 kB
Node 1 KernelStack:        1832 kB
Node 1 PageTables:          612 kB
Node 1 NFS_Unstable:          0 kB
Node 1 Bounce:                0 kB
Node 1 WritebackTmp:          0 kB
Node 1 KReclaimable:      21752 kB
Node 1 Slab:              61356 kB
Node 1 SReclaimable:      21752 kB
Node 1 SUnreclaim:        39604 kB
Node 1 AnonHugePages:         0 kB
Node 1 ShmemHugePages:        0 kB
Node 1 ShmemPmdMapped:        0 kB
Node 1 FileHugePages:        0 kB
Node 1 FilePmdMapped:        0 kB
Node 1 HugePages_Total:     0
Node 1 HugePages_Free:      0
Node 1 HugePages_Surp:      0

Mount tmpfs
Node 0 MemTotal:       24743524 kB
Node 0 MemFree:        24480644 kB
Node 0 MemUsed:          262880 kB
Node 0 Active:            48296 kB
Node 0 Inactive:          53964 kB
Node 0 Active(anon):      16764 kB
Node 0 Inactive(anon):      436 kB
Node 0 Active(file):      31532 kB
Node 0 Inactive(file):    53528 kB
Node 0 Unevictable:       12660 kB
Node 0 Mlocked:           12660 kB
Node 0 Dirty:               140 kB
Node 0 Writeback:             0 kB
Node 0 FilePages:         88248 kB
Node 0 Mapped:            43496 kB
Node 0 AnonPages:         26868 kB
Node 0 Shmem:               604 kB
Node 0 KernelStack:        2744 kB
Node 0 PageTables:          608 kB
Node 0 NFS_Unstable:          0 kB
Node 0 Bounce:                0 kB
Node 0 WritebackTmp:          0 kB
Node 0 KReclaimable:      23056 kB
Node 0 Slab:              58060 kB
Node 0 SReclaimable:      23056 kB
Node 0 SUnreclaim:        35004 kB
Node 0 AnonHugePages:         0 kB
Node 0 ShmemHugePages:        0 kB
Node 0 ShmemPmdMapped:        0 kB
Node 0 FileHugePages:        0 kB
Node 0 FilePmdMapped:        0 kB
Node 0 HugePages_Total:     0
Node 0 HugePages_Free:      0
Node 0 HugePages_Surp:      0

Node 1 MemTotal:       24686196 kB
Node 1 MemFree:        24449768 kB
Node 1 MemUsed:          236428 kB
Node 1 Active:            47168 kB
Node 1 Inactive:          29064 kB
Node 1 Active(anon):      17800 kB
Node 1 Inactive(anon):      436 kB
Node 1 Active(file):      29368 kB
Node 1 Inactive(file):    28628 kB
Node 1 Unevictable:        5784 kB
Node 1 Mlocked:            5784 kB
Node 1 Dirty:               372 kB
Node 1 Writeback:             0 kB
Node 1 FilePages:         64384 kB
Node 1 Mapped:            20252 kB
Node 1 AnonPages:         17668 kB
Node 1 Shmem:               608 kB
Node 1 KernelStack:        1832 kB
Node 1 PageTables:          612 kB
Node 1 NFS_Unstable:          0 kB
Node 1 Bounce:                0 kB
Node 1 WritebackTmp:          0 kB
Node 1 KReclaimable:      21752 kB
Node 1 Slab:              61356 kB
Node 1 SReclaimable:      21752 kB
Node 1 SUnreclaim:        39604 kB
Node 1 AnonHugePages:         0 kB
Node 1 ShmemHugePages:        0 kB
Node 1 ShmemPmdMapped:        0 kB
Node 1 FileHugePages:        0 kB
Node 1 FilePmdMapped:        0 kB
Node 1 HugePages_Total:     0
Node 1 HugePages_Free:      0
Node 1 HugePages_Surp:      0

Create File
Node 0 MemTotal:       24743524 kB
Node 0 MemFree:        24481216 kB
Node 0 MemUsed:          262308 kB
Node 0 Active:            48700 kB
Node 0 Inactive:          54016 kB
Node 0 Active(anon):      16732 kB
Node 0 Inactive(anon):      436 kB
Node 0 Active(file):      31968 kB
Node 0 Inactive(file):    53580 kB
Node 0 Unevictable:       12660 kB
Node 0 Mlocked:           12660 kB
Node 0 Dirty:               140 kB
Node 0 Writeback:             0 kB
Node 0 FilePages:         88552 kB
Node 0 Mapped:            43496 kB
Node 0 AnonPages:         26836 kB
Node 0 Shmem:               604 kB
Node 0 KernelStack:        2760 kB
Node 0 PageTables:          636 kB
Node 0 NFS_Unstable:          0 kB
Node 0 Bounce:                0 kB
Node 0 WritebackTmp:          0 kB
Node 0 KReclaimable:      23344 kB
Node 0 Slab:              58616 kB
Node 0 SReclaimable:      23344 kB
Node 0 SUnreclaim:        35272 kB
Node 0 AnonHugePages:         0 kB
Node 0 ShmemHugePages:        0 kB
Node 0 ShmemPmdMapped:        0 kB
Node 0 FileHugePages:        0 kB
Node 0 FilePmdMapped:        0 kB
Node 0 HugePages_Total:     0
Node 0 HugePages_Free:      0
Node 0 HugePages_Surp:      0

Node 1 MemTotal:       24686196 kB
Node 1 MemFree:        23400176 kB
Node 1 MemUsed:         1286020 kB
Node 1 Active:            46412 kB
Node 1 Inactive:        1077552 kB
Node 1 Active(anon):      17012 kB
Node 1 Inactive(anon):  1048880 kB
Node 1 Active(file):      29400 kB
Node 1 Inactive(file):    28672 kB
Node 1 Unevictable:        5784 kB
Node 1 Mlocked:            5784 kB
Node 1 Dirty:               120 kB
Node 1 Writeback:             0 kB
Node 1 FilePages:       1112924 kB
Node 1 Mapped:            20292 kB
Node 1 AnonPages:         16884 kB
Node 1 Shmem:           1049072 kB
Node 1 KernelStack:        1800 kB
Node 1 PageTables:          552 kB
Node 1 NFS_Unstable:          0 kB
Node 1 Bounce:                0 kB
Node 1 WritebackTmp:          0 kB
Node 1 KReclaimable:      24120 kB
Node 1 Slab:              64024 kB
Node 1 SReclaimable:      24120 kB
Node 1 SUnreclaim:        39904 kB
Node 1 AnonHugePages:         0 kB
Node 1 ShmemHugePages:        0 kB
Node 1 ShmemPmdMapped:        0 kB
Node 1 FileHugePages:        0 kB
Node 1 FilePmdMapped:        0 kB
Node 1 HugePages_Total:     0
Node 1 HugePages_Free:      0
Node 1 HugePages_Surp:      0

After Test
Node 0 MemTotal:       24743524 kB
Node 0 MemFree:        24464088 kB
Node 0 MemUsed:          279436 kB
Node 0 Active:            51000 kB
Node 0 Inactive:          67360 kB
Node 0 Active(anon):      17004 kB
Node 0 Inactive(anon):      436 kB
Node 0 Active(file):      33996 kB
Node 0 Inactive(file):    66924 kB
Node 0 Unevictable:       12660 kB
Node 0 Mlocked:           12660 kB
Node 0 Dirty:               160 kB
Node 0 Writeback:             0 kB
Node 0 FilePages:        103956 kB
Node 0 Mapped:            43796 kB
Node 0 AnonPages:         26928 kB
Node 0 Shmem:               604 kB
Node 0 KernelStack:        2776 kB
Node 0 PageTables:          776 kB
Node 0 NFS_Unstable:          0 kB
Node 0 Bounce:                0 kB
Node 0 WritebackTmp:          0 kB
Node 0 KReclaimable:      24700 kB
Node 0 Slab:              60504 kB
Node 0 SReclaimable:      24700 kB
Node 0 SUnreclaim:        35804 kB
Node 0 AnonHugePages:         0 kB
Node 0 ShmemHugePages:        0 kB
Node 0 ShmemPmdMapped:        0 kB
Node 0 FileHugePages:        0 kB
Node 0 FilePmdMapped:        0 kB
Node 0 HugePages_Total:     0
Node 0 HugePages_Free:      0
Node 0 HugePages_Surp:      0

Node 1 MemTotal:       24686196 kB
Node 1 MemFree:        23400216 kB
Node 1 MemUsed:         1285980 kB
Node 1 Active:          1095236 kB
Node 1 Inactive:          28704 kB
Node 1 Active(anon):    1065432 kB
Node 1 Inactive(anon):      436 kB
Node 1 Active(file):      29804 kB
Node 1 Inactive(file):    28268 kB
Node 1 Unevictable:        5784 kB
Node 1 Mlocked:            5784 kB
Node 1 Dirty:                44 kB
Node 1 Writeback:             0 kB
Node 1 FilePages:       1113036 kB
Node 1 Mapped:            20352 kB
Node 1 AnonPages:         16684 kB
Node 1 Shmem:           1049184 kB
Node 1 KernelStack:        1784 kB
Node 1 PageTables:          504 kB
Node 1 NFS_Unstable:          0 kB
Node 1 Bounce:                0 kB
Node 1 WritebackTmp:          0 kB
Node 1 KReclaimable:      24216 kB
Node 1 Slab:              64120 kB
Node 1 SReclaimable:      24216 kB
Node 1 SUnreclaim:        39904 kB
Node 1 AnonHugePages:         0 kB
Node 1 ShmemHugePages:        0 kB
Node 1 ShmemPmdMapped:        0 kB
Node 1 FileHugePages:        0 kB
Node 1 FilePmdMapped:        0 kB
Node 1 HugePages_Total:     0
Node 1 HugePages_Free:      0
Node 1 HugePages_Surp:      0

0.onefio.1G Complete!
