kernel.numa_balancing = 0
U.0.fio.2G.3.O.1M
Begin
Node 0 MemTotal:       24743736 kB
Node 0 MemFree:        24429912 kB
Node 0 MemUsed:          313824 kB
Node 0 Active:            69520 kB
Node 0 Inactive:          82224 kB
Node 0 Active(anon):      23236 kB
Node 0 Inactive(anon):      532 kB
Node 0 Active(file):      46284 kB
Node 0 Inactive(file):    81692 kB
Node 0 Unevictable:       17904 kB
Node 0 Mlocked:           17904 kB
Node 0 Dirty:               396 kB
Node 0 Writeback:             0 kB
Node 0 FilePages:        136356 kB
Node 0 Mapped:            71716 kB
Node 0 AnonPages:         33396 kB
Node 0 Shmem:               752 kB
Node 0 KernelStack:        1896 kB
Node 0 PageTables:          924 kB
Node 0 NFS_Unstable:          0 kB
Node 0 Bounce:                0 kB
Node 0 WritebackTmp:          0 kB
Node 0 KReclaimable:      24904 kB
Node 0 Slab:              59020 kB
Node 0 SReclaimable:      24904 kB
Node 0 SUnreclaim:        34116 kB
Node 0 AnonHugePages:         0 kB
Node 0 ShmemHugePages:        0 kB
Node 0 ShmemPmdMapped:        0 kB
Node 0 FileHugePages:        0 kB
Node 0 FilePmdMapped:        0 kB
Node 0 HugePages_Total:     0
Node 0 HugePages_Free:      0
Node 0 HugePages_Surp:      0

Node 1 MemTotal:       24686196 kB
Node 1 MemFree:        24335552 kB
Node 1 MemUsed:          350644 kB
Node 1 Active:            27652 kB
Node 1 Inactive:          57664 kB
Node 1 Active(anon):      10644 kB
Node 1 Inactive(anon):      348 kB
Node 1 Active(file):      17008 kB
Node 1 Inactive(file):    57316 kB
Node 1 Unevictable:         616 kB
Node 1 Mlocked:             616 kB
Node 1 Dirty:               132 kB
Node 1 Writeback:             0 kB
Node 1 FilePages:         75472 kB
Node 1 Mapped:            13028 kB
Node 1 AnonPages:         10532 kB
Node 1 Shmem:               516 kB
Node 1 KernelStack:        1720 kB
Node 1 PageTables:          316 kB
Node 1 NFS_Unstable:          0 kB
Node 1 Bounce:                0 kB
Node 1 WritebackTmp:          0 kB
Node 1 KReclaimable:      16872 kB
Node 1 Slab:              46924 kB
Node 1 SReclaimable:      16872 kB
Node 1 SUnreclaim:        30052 kB
Node 1 AnonHugePages:         0 kB
Node 1 ShmemHugePages:        0 kB
Node 1 ShmemPmdMapped:        0 kB
Node 1 FileHugePages:        0 kB
Node 1 FilePmdMapped:        0 kB
Node 1 HugePages_Total:     0
Node 1 HugePages_Free:      0
Node 1 HugePages_Surp:      0

Load ZFS
Node 0 MemTotal:       24743736 kB
Node 0 MemFree:        24286224 kB
Node 0 MemUsed:          457512 kB
Node 0 Active:            73076 kB
Node 0 Inactive:          82880 kB
Node 0 Active(anon):      25780 kB
Node 0 Inactive(anon):      532 kB
Node 0 Active(file):      47296 kB
Node 0 Inactive(file):    82348 kB
Node 0 Unevictable:       17904 kB
Node 0 Mlocked:           17904 kB
Node 0 Dirty:               468 kB
Node 0 Writeback:             0 kB
Node 0 FilePages:        137972 kB
Node 0 Mapped:            71724 kB
Node 0 AnonPages:         35864 kB
Node 0 Shmem:               752 kB
Node 0 KernelStack:        1944 kB
Node 0 PageTables:         1072 kB
Node 0 NFS_Unstable:          0 kB
Node 0 Bounce:                0 kB
Node 0 WritebackTmp:          0 kB
Node 0 KReclaimable:      25300 kB
Node 0 Slab:              60636 kB
Node 0 SReclaimable:      25300 kB
Node 0 SUnreclaim:        35336 kB
Node 0 AnonHugePages:         0 kB
Node 0 ShmemHugePages:        0 kB
Node 0 ShmemPmdMapped:        0 kB
Node 0 FileHugePages:        0 kB
Node 0 FilePmdMapped:        0 kB
Node 0 HugePages_Total:     0
Node 0 HugePages_Free:      0
Node 0 HugePages_Surp:      0

Node 1 MemTotal:       24686196 kB
Node 1 MemFree:        24470592 kB
Node 1 MemUsed:          215604 kB
Node 1 Active:            35136 kB
Node 1 Inactive:          53040 kB
Node 1 Active(anon):      12576 kB
Node 1 Inactive(anon):      348 kB
Node 1 Active(file):      22560 kB
Node 1 Inactive(file):    52692 kB
Node 1 Unevictable:         616 kB
Node 1 Mlocked:             616 kB
Node 1 Dirty:               140 kB
Node 1 Writeback:             0 kB
Node 1 FilePages:         76384 kB
Node 1 Mapped:            13188 kB
Node 1 AnonPages:         12588 kB
Node 1 Shmem:               516 kB
Node 1 KernelStack:        1752 kB
Node 1 PageTables:          436 kB
Node 1 NFS_Unstable:          0 kB
Node 1 Bounce:                0 kB
Node 1 WritebackTmp:          0 kB
Node 1 KReclaimable:      17320 kB
Node 1 Slab:              48388 kB
Node 1 SReclaimable:      17320 kB
Node 1 SUnreclaim:        31068 kB
Node 1 AnonHugePages:         0 kB
Node 1 ShmemHugePages:        0 kB
Node 1 ShmemPmdMapped:        0 kB
Node 1 FileHugePages:        0 kB
Node 1 FilePmdMapped:        0 kB
Node 1 HugePages_Total:     0
Node 1 HugePages_Free:      0
Node 1 HugePages_Surp:      0

Import tank ZPool
Node 0 MemTotal:       24743736 kB
Node 0 MemFree:        24278856 kB
Node 0 MemUsed:          464880 kB
Node 0 Active:            73628 kB
Node 0 Inactive:          84060 kB
Node 0 Active(anon):      25908 kB
Node 0 Inactive(anon):      536 kB
Node 0 Active(file):      47720 kB
Node 0 Inactive(file):    83524 kB
Node 0 Unevictable:       17904 kB
Node 0 Mlocked:           17904 kB
Node 0 Dirty:               280 kB
Node 0 Writeback:             0 kB
Node 0 FilePages:        139600 kB
Node 0 Mapped:            71816 kB
Node 0 AnonPages:         35924 kB
Node 0 Shmem:               752 kB
Node 0 KernelStack:        1960 kB
Node 0 PageTables:         1096 kB
Node 0 NFS_Unstable:          0 kB
Node 0 Bounce:                0 kB
Node 0 WritebackTmp:          0 kB
Node 0 KReclaimable:      25420 kB
Node 0 Slab:              66244 kB
Node 0 SReclaimable:      25420 kB
Node 0 SUnreclaim:        40824 kB
Node 0 AnonHugePages:         0 kB
Node 0 ShmemHugePages:        0 kB
Node 0 ShmemPmdMapped:        0 kB
Node 0 FileHugePages:        0 kB
Node 0 FilePmdMapped:        0 kB
Node 0 HugePages_Total:     0
Node 0 HugePages_Free:      0
Node 0 HugePages_Surp:      0

Node 1 MemTotal:       24686196 kB
Node 1 MemFree:        24453900 kB
Node 1 MemUsed:          232296 kB
Node 1 Active:            35280 kB
Node 1 Inactive:          53004 kB
Node 1 Active(anon):      12660 kB
Node 1 Inactive(anon):      348 kB
Node 1 Active(file):      22620 kB
Node 1 Inactive(file):    52656 kB
Node 1 Unevictable:         616 kB
Node 1 Mlocked:             616 kB
Node 1 Dirty:                28 kB
Node 1 Writeback:             4 kB
Node 1 FilePages:         76424 kB
Node 1 Mapped:            13088 kB
Node 1 AnonPages:         12588 kB
Node 1 Shmem:               516 kB
Node 1 KernelStack:        2872 kB
Node 1 PageTables:          436 kB
Node 1 NFS_Unstable:          0 kB
Node 1 Bounce:                0 kB
Node 1 WritebackTmp:          0 kB
Node 1 KReclaimable:      17320 kB
Node 1 Slab:              50892 kB
Node 1 SReclaimable:      17320 kB
Node 1 SUnreclaim:        33572 kB
Node 1 AnonHugePages:         0 kB
Node 1 ShmemHugePages:        0 kB
Node 1 ShmemPmdMapped:        0 kB
Node 1 FileHugePages:        0 kB
Node 1 FilePmdMapped:        0 kB
Node 1 HugePages_Total:     0
Node 1 HugePages_Free:      0
Node 1 HugePages_Surp:      0

After Test
Node 0 MemTotal:       24743736 kB
Node 0 MemFree:        21939952 kB
Node 0 MemUsed:         2803784 kB
Node 0 Active:            71120 kB
Node 0 Inactive:          84992 kB
Node 0 Active(anon):      22400 kB
Node 0 Inactive(anon):      560 kB
Node 0 Active(file):      48720 kB
Node 0 Inactive(file):    84432 kB
Node 0 Unevictable:       17904 kB
Node 0 Mlocked:           17904 kB
Node 0 Dirty:                40 kB
Node 0 Writeback:             0 kB
Node 0 FilePages:        141524 kB
Node 0 Mapped:            72004 kB
Node 0 AnonPages:         32404 kB
Node 0 Shmem:               796 kB
Node 0 KernelStack:        1880 kB
Node 0 PageTables:          968 kB
Node 0 NFS_Unstable:          0 kB
Node 0 Bounce:                0 kB
Node 0 WritebackTmp:          0 kB
Node 0 KReclaimable:      26708 kB
Node 0 Slab:              77508 kB
Node 0 SReclaimable:      26708 kB
Node 0 SUnreclaim:        50800 kB
Node 0 AnonHugePages:         0 kB
Node 0 ShmemHugePages:        0 kB
Node 0 ShmemPmdMapped:        0 kB
Node 0 FileHugePages:        0 kB
Node 0 FilePmdMapped:        0 kB
Node 0 HugePages_Total:     0
Node 0 HugePages_Free:      0
Node 0 HugePages_Surp:      0

Node 1 MemTotal:       24686196 kB
Node 1 MemFree:        23874624 kB
Node 1 MemUsed:          811572 kB
Node 1 Active:            33312 kB
Node 1 Inactive:          53028 kB
Node 1 Active(anon):      10616 kB
Node 1 Inactive(anon):      348 kB
Node 1 Active(file):      22696 kB
Node 1 Inactive(file):    52680 kB
Node 1 Unevictable:         616 kB
Node 1 Mlocked:             616 kB
Node 1 Dirty:                 4 kB
Node 1 Writeback:             0 kB
Node 1 FilePages:         76508 kB
Node 1 Mapped:            13024 kB
Node 1 AnonPages:         10448 kB
Node 1 Shmem:               516 kB
Node 1 KernelStack:        2728 kB
Node 1 PageTables:          316 kB
Node 1 NFS_Unstable:          0 kB
Node 1 Bounce:                0 kB
Node 1 WritebackTmp:          0 kB
Node 1 KReclaimable:      17468 kB
Node 1 Slab:              54280 kB
Node 1 SReclaimable:      17468 kB
Node 1 SUnreclaim:        36812 kB
Node 1 AnonHugePages:         0 kB
Node 1 ShmemHugePages:        0 kB
Node 1 ShmemPmdMapped:        0 kB
Node 1 FileHugePages:        0 kB
Node 1 FilePmdMapped:        0 kB
Node 1 HugePages_Total:     0
Node 1 HugePages_Free:      0
Node 1 HugePages_Surp:      0

After Opposite Node
Node 0 MemTotal:       24743736 kB
Node 0 MemFree:        21940400 kB
Node 0 MemUsed:         2803336 kB
Node 0 Active:            70804 kB
Node 0 Inactive:          84804 kB
Node 0 Active(anon):      21912 kB
Node 0 Inactive(anon):      536 kB
Node 0 Active(file):      48892 kB
Node 0 Inactive(file):    84268 kB
Node 0 Unevictable:       17904 kB
Node 0 Mlocked:           17904 kB
Node 0 Dirty:                52 kB
Node 0 Writeback:             0 kB
Node 0 FilePages:        141488 kB
Node 0 Mapped:            71952 kB
Node 0 AnonPages:         32020 kB
Node 0 Shmem:               752 kB
Node 0 KernelStack:        1848 kB
Node 0 PageTables:          848 kB
Node 0 NFS_Unstable:          0 kB
Node 0 Bounce:                0 kB
Node 0 WritebackTmp:          0 kB
Node 0 KReclaimable:      26708 kB
Node 0 Slab:              77524 kB
Node 0 SReclaimable:      26708 kB
Node 0 SUnreclaim:        50816 kB
Node 0 AnonHugePages:         0 kB
Node 0 ShmemHugePages:        0 kB
Node 0 ShmemPmdMapped:        0 kB
Node 0 FileHugePages:        0 kB
Node 0 FilePmdMapped:        0 kB
Node 0 HugePages_Total:     0
Node 0 HugePages_Free:      0
Node 0 HugePages_Surp:      0

Node 1 MemTotal:       24686196 kB
Node 1 MemFree:        23871048 kB
Node 1 MemUsed:          815148 kB
Node 1 Active:            34132 kB
Node 1 Inactive:          53048 kB
Node 1 Active(anon):      11276 kB
Node 1 Inactive(anon):      376 kB
Node 1 Active(file):      22856 kB
Node 1 Inactive(file):    52672 kB
Node 1 Unevictable:         616 kB
Node 1 Mlocked:             616 kB
Node 1 Dirty:                20 kB
Node 1 Writeback:             0 kB
Node 1 FilePages:         76704 kB
Node 1 Mapped:            13068 kB
Node 1 AnonPages:         10624 kB
Node 1 Shmem:               560 kB
Node 1 KernelStack:        2776 kB
Node 1 PageTables:          492 kB
Node 1 NFS_Unstable:          0 kB
Node 1 Bounce:                0 kB
Node 1 WritebackTmp:          0 kB
Node 1 KReclaimable:      17504 kB
Node 1 Slab:              54756 kB
Node 1 SReclaimable:      17504 kB
Node 1 SUnreclaim:        37252 kB
Node 1 AnonHugePages:         0 kB
Node 1 ShmemHugePages:        0 kB
Node 1 ShmemPmdMapped:        0 kB
Node 1 FileHugePages:        0 kB
Node 1 FilePmdMapped:        0 kB
Node 1 HugePages_Total:     0
Node 1 HugePages_Free:      0
Node 1 HugePages_Surp:      0

U.0.fio.2G.3.O.1M Complete!
