kernel.numa_balancing = 0
20 Tests Remaining!
U.0.fio.8G.1.O.1M
Begin
Node 0 MemTotal:       24768352 kB
Node 0 MemFree:        24389832 kB
Node 0 MemUsed:          378520 kB
Node 0 Active:            45236 kB
Node 0 Inactive:          65516 kB
Node 0 Active(anon):      26468 kB
Node 0 Inactive(anon):      412 kB
Node 0 Active(file):      18768 kB
Node 0 Inactive(file):    65104 kB
Node 0 Unevictable:         924 kB
Node 0 Mlocked:             924 kB
Node 0 Dirty:               368 kB
Node 0 Writeback:             0 kB
Node 0 FilePages:         85376 kB
Node 0 Mapped:            12556 kB
Node 0 AnonPages:         26320 kB
Node 0 Shmem:               576 kB
Node 0 KernelStack:        2444 kB
Node 0 PageTables:          800 kB
Node 0 NFS_Unstable:          0 kB
Node 0 Bounce:                0 kB
Node 0 WritebackTmp:          0 kB
Node 0 KReclaimable:      20768 kB
Node 0 Slab:              49760 kB
Node 0 SReclaimable:      20768 kB
Node 0 SUnreclaim:        28992 kB
Node 0 AnonHugePages:         0 kB
Node 0 ShmemHugePages:        0 kB
Node 0 ShmemPmdMapped:        0 kB
Node 0 FileHugePages:        0 kB
Node 0 FilePmdMapped:        0 kB
Node 0 HugePages_Total:     0
Node 0 HugePages_Free:      0
Node 0 HugePages_Surp:      0

Node 1 MemTotal:       24661580 kB
Node 1 MemFree:        24418216 kB
Node 1 MemUsed:          243364 kB
Node 1 Active:            51596 kB
Node 1 Inactive:          28580 kB
Node 1 Active(anon):       7700 kB
Node 1 Inactive(anon):      460 kB
Node 1 Active(file):      43896 kB
Node 1 Inactive(file):    28120 kB
Node 1 Unevictable:       17600 kB
Node 1 Mlocked:           17600 kB
Node 1 Dirty:               144 kB
Node 1 Writeback:             0 kB
Node 1 FilePages:         79976 kB
Node 1 Mapped:            31412 kB
Node 1 AnonPages:         17796 kB
Node 1 Shmem:               692 kB
Node 1 KernelStack:        1304 kB
Node 1 PageTables:          464 kB
Node 1 NFS_Unstable:          0 kB
Node 1 Bounce:                0 kB
Node 1 WritebackTmp:          0 kB
Node 1 KReclaimable:      22256 kB
Node 1 Slab:              57756 kB
Node 1 SReclaimable:      22256 kB
Node 1 SUnreclaim:        35500 kB
Node 1 AnonHugePages:         0 kB
Node 1 ShmemHugePages:        0 kB
Node 1 ShmemPmdMapped:        0 kB
Node 1 FileHugePages:        0 kB
Node 1 FilePmdMapped:        0 kB
Node 1 HugePages_Total:     0
Node 1 HugePages_Free:      0
Node 1 HugePages_Surp:      0

Load ZFS
Node 0 MemTotal:       24768352 kB
Node 0 MemFree:        24384300 kB
Node 0 MemUsed:          384052 kB
Node 0 Active:            53260 kB
Node 0 Inactive:          61420 kB
Node 0 Active(anon):      28868 kB
Node 0 Inactive(anon):      412 kB
Node 0 Active(file):      24392 kB
Node 0 Inactive(file):    61008 kB
Node 0 Unevictable:         924 kB
Node 0 Mlocked:             924 kB
Node 0 Dirty:               116 kB
Node 0 Writeback:             0 kB
Node 0 FilePages:         86900 kB
Node 0 Mapped:            12560 kB
Node 0 AnonPages:         28908 kB
Node 0 Shmem:               576 kB
Node 0 KernelStack:        2344 kB
Node 0 PageTables:          748 kB
Node 0 NFS_Unstable:          0 kB
Node 0 Bounce:                0 kB
Node 0 WritebackTmp:          0 kB
Node 0 KReclaimable:      21032 kB
Node 0 Slab:              50732 kB
Node 0 SReclaimable:      21032 kB
Node 0 SUnreclaim:        29700 kB
Node 0 AnonHugePages:         0 kB
Node 0 ShmemHugePages:        0 kB
Node 0 ShmemPmdMapped:        0 kB
Node 0 FileHugePages:        0 kB
Node 0 FilePmdMapped:        0 kB
Node 0 HugePages_Total:     0
Node 0 HugePages_Free:      0
Node 0 HugePages_Surp:      0

Node 1 MemTotal:       24661580 kB
Node 1 MemFree:        24414108 kB
Node 1 MemUsed:          247472 kB
Node 1 Active:            56488 kB
Node 1 Inactive:          28760 kB
Node 1 Active(anon):      11732 kB
Node 1 Inactive(anon):      460 kB
Node 1 Active(file):      44756 kB
Node 1 Inactive(file):    28300 kB
Node 1 Unevictable:       17600 kB
Node 1 Mlocked:           17600 kB
Node 1 Dirty:               180 kB
Node 1 Writeback:             0 kB
Node 1 FilePages:         81016 kB
Node 1 Mapped:            31412 kB
Node 1 AnonPages:         21940 kB
Node 1 Shmem:               692 kB
Node 1 KernelStack:        1384 kB
Node 1 PageTables:          688 kB
Node 1 NFS_Unstable:          0 kB
Node 1 Bounce:                0 kB
Node 1 WritebackTmp:          0 kB
Node 1 KReclaimable:      22708 kB
Node 1 Slab:              59720 kB
Node 1 SReclaimable:      22708 kB
Node 1 SUnreclaim:        37012 kB
Node 1 AnonHugePages:         0 kB
Node 1 ShmemHugePages:        0 kB
Node 1 ShmemPmdMapped:        0 kB
Node 1 FileHugePages:        0 kB
Node 1 FilePmdMapped:        0 kB
Node 1 HugePages_Total:     0
Node 1 HugePages_Free:      0
Node 1 HugePages_Surp:      0

Import tank ZPool
Node 0 MemTotal:       24768352 kB
Node 0 MemFree:        24364876 kB
Node 0 MemUsed:          403476 kB
Node 0 Active:            53808 kB
Node 0 Inactive:          62600 kB
Node 0 Active(anon):      28960 kB
Node 0 Inactive(anon):      416 kB
Node 0 Active(file):      24848 kB
Node 0 Inactive(file):    62184 kB
Node 0 Unevictable:         924 kB
Node 0 Mlocked:             924 kB
Node 0 Dirty:                72 kB
Node 0 Writeback:             0 kB
Node 0 FilePages:         88536 kB
Node 0 Mapped:            12628 kB
Node 0 AnonPages:         28448 kB
Node 0 Shmem:               580 kB
Node 0 KernelStack:        3448 kB
Node 0 PageTables:          824 kB
Node 0 NFS_Unstable:          0 kB
Node 0 Bounce:                0 kB
Node 0 WritebackTmp:          0 kB
Node 0 KReclaimable:      21168 kB
Node 0 Slab:              57380 kB
Node 0 SReclaimable:      21168 kB
Node 0 SUnreclaim:        36212 kB
Node 0 AnonHugePages:         0 kB
Node 0 ShmemHugePages:        0 kB
Node 0 ShmemPmdMapped:        0 kB
Node 0 FileHugePages:        0 kB
Node 0 FilePmdMapped:        0 kB
Node 0 HugePages_Total:     0
Node 0 HugePages_Free:      0
Node 0 HugePages_Surp:      0

Node 1 MemTotal:       24661580 kB
Node 1 MemFree:        24414344 kB
Node 1 MemUsed:          247236 kB
Node 1 Active:            56548 kB
Node 1 Inactive:          28724 kB
Node 1 Active(anon):      11756 kB
Node 1 Inactive(anon):      460 kB
Node 1 Active(file):      44792 kB
Node 1 Inactive(file):    28264 kB
Node 1 Unevictable:       17600 kB
Node 1 Mlocked:           17600 kB
Node 1 Dirty:               204 kB
Node 1 Writeback:             0 kB
Node 1 FilePages:         81044 kB
Node 1 Mapped:            31680 kB
Node 1 AnonPages:         21960 kB
Node 1 Shmem:               688 kB
Node 1 KernelStack:        1384 kB
Node 1 PageTables:          688 kB
Node 1 NFS_Unstable:          0 kB
Node 1 Bounce:                0 kB
Node 1 WritebackTmp:          0 kB
Node 1 KReclaimable:      22708 kB
Node 1 Slab:              59736 kB
Node 1 SReclaimable:      22708 kB
Node 1 SUnreclaim:        37028 kB
Node 1 AnonHugePages:         0 kB
Node 1 ShmemHugePages:        0 kB
Node 1 ShmemPmdMapped:        0 kB
Node 1 FileHugePages:        0 kB
Node 1 FilePmdMapped:        0 kB
Node 1 HugePages_Total:     0
Node 1 HugePages_Free:      0
Node 1 HugePages_Surp:      0

After Test
Node 0 MemTotal:       24768352 kB
Node 0 MemFree:        15128824 kB
Node 0 MemUsed:         9639528 kB
Node 0 Active:            51132 kB
Node 0 Inactive:          63544 kB
Node 0 Active(anon):      25160 kB
Node 0 Inactive(anon):      444 kB
Node 0 Active(file):      25972 kB
Node 0 Inactive(file):    63100 kB
Node 0 Unevictable:         924 kB
Node 0 Mlocked:             924 kB
Node 0 Dirty:                12 kB
Node 0 Writeback:             0 kB
Node 0 FilePages:         90620 kB
Node 0 Mapped:            12664 kB
Node 0 AnonPages:         24948 kB
Node 0 Shmem:               624 kB
Node 0 KernelStack:        3416 kB
Node 0 PageTables:          736 kB
Node 0 NFS_Unstable:          0 kB
Node 0 Bounce:                0 kB
Node 0 WritebackTmp:          0 kB
Node 0 KReclaimable:      22476 kB
Node 0 Slab:              91148 kB
Node 0 SReclaimable:      22476 kB
Node 0 SUnreclaim:        68672 kB
Node 0 AnonHugePages:         0 kB
Node 0 ShmemHugePages:        0 kB
Node 0 ShmemPmdMapped:        0 kB
Node 0 FileHugePages:        0 kB
Node 0 FilePmdMapped:        0 kB
Node 0 HugePages_Total:     0
Node 0 HugePages_Free:      0
Node 0 HugePages_Surp:      0

Node 1 MemTotal:       24661580 kB
Node 1 MemFree:        24418884 kB
Node 1 MemUsed:          242696 kB
Node 1 Active:            52964 kB
Node 1 Inactive:          28668 kB
Node 1 Active(anon):       7964 kB
Node 1 Inactive(anon):      460 kB
Node 1 Active(file):      45000 kB
Node 1 Inactive(file):    28208 kB
Node 1 Unevictable:       17600 kB
Node 1 Mlocked:           17600 kB
Node 1 Dirty:                20 kB
Node 1 Writeback:             0 kB
Node 1 FilePages:         81164 kB
Node 1 Mapped:            31412 kB
Node 1 AnonPages:         18064 kB
Node 1 Shmem:               688 kB
Node 1 KernelStack:        1192 kB
Node 1 PageTables:          464 kB
Node 1 NFS_Unstable:          0 kB
Node 1 Bounce:                0 kB
Node 1 WritebackTmp:          0 kB
Node 1 KReclaimable:      22800 kB
Node 1 Slab:              61252 kB
Node 1 SReclaimable:      22800 kB
Node 1 SUnreclaim:        38452 kB
Node 1 AnonHugePages:         0 kB
Node 1 ShmemHugePages:        0 kB
Node 1 ShmemPmdMapped:        0 kB
Node 1 FileHugePages:        0 kB
Node 1 FilePmdMapped:        0 kB
Node 1 HugePages_Total:     0
Node 1 HugePages_Free:      0
Node 1 HugePages_Surp:      0

After Opposite Node
Node 0 MemTotal:       24768352 kB
Node 0 MemFree:        15131216 kB
Node 0 MemUsed:         9637136 kB
Node 0 Active:            51148 kB
Node 0 Inactive:          63328 kB
Node 0 Active(anon):      24840 kB
Node 0 Inactive(anon):      416 kB
Node 0 Active(file):      26308 kB
Node 0 Inactive(file):    62912 kB
Node 0 Unevictable:         924 kB
Node 0 Mlocked:             924 kB
Node 0 Dirty:                52 kB
Node 0 Writeback:             0 kB
Node 0 FilePages:         90724 kB
Node 0 Mapped:            12596 kB
Node 0 AnonPages:         24676 kB
Node 0 Shmem:               580 kB
Node 0 KernelStack:        3384 kB
Node 0 PageTables:          564 kB
Node 0 NFS_Unstable:          0 kB
Node 0 Bounce:                0 kB
Node 0 WritebackTmp:          0 kB
Node 0 KReclaimable:      22484 kB
Node 0 Slab:              90624 kB
Node 0 SReclaimable:      22484 kB
Node 0 SUnreclaim:        68140 kB
Node 0 AnonHugePages:         0 kB
Node 0 ShmemHugePages:        0 kB
Node 0 ShmemPmdMapped:        0 kB
Node 0 FileHugePages:        0 kB
Node 0 FilePmdMapped:        0 kB
Node 0 HugePages_Total:     0
Node 0 HugePages_Free:      0
Node 0 HugePages_Surp:      0

Node 1 MemTotal:       24661580 kB
Node 1 MemFree:        24415524 kB
Node 1 MemUsed:          246056 kB
Node 1 Active:            53316 kB
Node 1 Inactive:          28712 kB
Node 1 Active(anon):       8168 kB
Node 1 Inactive(anon):      496 kB
Node 1 Active(file):      45148 kB
Node 1 Inactive(file):    28216 kB
Node 1 Unevictable:       17600 kB
Node 1 Mlocked:           17600 kB
Node 1 Dirty:                48 kB
Node 1 Writeback:             0 kB
Node 1 FilePages:         81372 kB
Node 1 Mapped:            31456 kB
Node 1 AnonPages:         18128 kB
Node 1 Shmem:               732 kB
Node 1 KernelStack:        1208 kB
Node 1 PageTables:          576 kB
Node 1 NFS_Unstable:          0 kB
Node 1 Bounce:                0 kB
Node 1 WritebackTmp:          0 kB
Node 1 KReclaimable:      22852 kB
Node 1 Slab:              62840 kB
Node 1 SReclaimable:      22852 kB
Node 1 SUnreclaim:        39988 kB
Node 1 AnonHugePages:         0 kB
Node 1 ShmemHugePages:        0 kB
Node 1 ShmemPmdMapped:        0 kB
Node 1 FileHugePages:        0 kB
Node 1 FilePmdMapped:        0 kB
Node 1 HugePages_Total:     0
Node 1 HugePages_Free:      0
Node 1 HugePages_Surp:      0

U.0.fio.8G.1.O.1M Complete!
