kernel.numa_balancing = 0
U.0.fio.16G.2.O.1M
Begin
Node 0 MemTotal:       24743736 kB
Node 0 MemFree:        24376788 kB
Node 0 MemUsed:          366948 kB
Node 0 Active:            65616 kB
Node 0 Inactive:          22552 kB
Node 0 Active(anon):      20232 kB
Node 0 Inactive(anon):      404 kB
Node 0 Active(file):      45384 kB
Node 0 Inactive(file):    22148 kB
Node 0 Unevictable:        5484 kB
Node 0 Mlocked:            5484 kB
Node 0 Dirty:                12 kB
Node 0 Writeback:             0 kB
Node 0 FilePages:         74040 kB
Node 0 Mapped:            23944 kB
Node 0 AnonPages:         20048 kB
Node 0 Shmem:               592 kB
Node 0 KernelStack:        2104 kB
Node 0 PageTables:          376 kB
Node 0 NFS_Unstable:          0 kB
Node 0 Bounce:                0 kB
Node 0 WritebackTmp:          0 kB
Node 0 KReclaimable:      19148 kB
Node 0 Slab:              53688 kB
Node 0 SReclaimable:      19148 kB
Node 0 SUnreclaim:        34540 kB
Node 0 AnonHugePages:         0 kB
Node 0 ShmemHugePages:        0 kB
Node 0 ShmemPmdMapped:        0 kB
Node 0 FileHugePages:        0 kB
Node 0 FilePmdMapped:        0 kB
Node 0 HugePages_Total:     0
Node 0 HugePages_Free:      0
Node 0 HugePages_Surp:      0

Node 1 MemTotal:       24686196 kB
Node 1 MemFree:        24392232 kB
Node 1 MemUsed:          293964 kB
Node 1 Active:            32952 kB
Node 1 Inactive:         112316 kB
Node 1 Active(anon):      14068 kB
Node 1 Inactive(anon):      460 kB
Node 1 Active(file):      18884 kB
Node 1 Inactive(file):   111856 kB
Node 1 Unevictable:       13036 kB
Node 1 Mlocked:           13036 kB
Node 1 Dirty:               416 kB
Node 1 Writeback:             0 kB
Node 1 FilePages:        134136 kB
Node 1 Mapped:            56932 kB
Node 1 AnonPages:         24244 kB
Node 1 Shmem:               676 kB
Node 1 KernelStack:        1544 kB
Node 1 PageTables:          880 kB
Node 1 NFS_Unstable:          0 kB
Node 1 Bounce:                0 kB
Node 1 WritebackTmp:          0 kB
Node 1 KReclaimable:      22668 kB
Node 1 Slab:              52996 kB
Node 1 SReclaimable:      22668 kB
Node 1 SUnreclaim:        30328 kB
Node 1 AnonHugePages:         0 kB
Node 1 ShmemHugePages:        0 kB
Node 1 ShmemPmdMapped:        0 kB
Node 1 FileHugePages:        0 kB
Node 1 FilePmdMapped:        0 kB
Node 1 HugePages_Total:     0
Node 1 HugePages_Free:      0
Node 1 HugePages_Surp:      0

Load ZFS
Node 0 MemTotal:       24743736 kB
Node 0 MemFree:        24367764 kB
Node 0 MemUsed:          375972 kB
Node 0 Active:            67724 kB
Node 0 Inactive:          23272 kB
Node 0 Active(anon):      21112 kB
Node 0 Inactive(anon):      408 kB
Node 0 Active(file):      46612 kB
Node 0 Inactive(file):    22864 kB
Node 0 Unevictable:        5484 kB
Node 0 Mlocked:            5484 kB
Node 0 Dirty:                36 kB
Node 0 Writeback:             0 kB
Node 0 FilePages:         75584 kB
Node 0 Mapped:            24124 kB
Node 0 AnonPages:         20688 kB
Node 0 Shmem:               592 kB
Node 0 KernelStack:        2152 kB
Node 0 PageTables:          428 kB
Node 0 NFS_Unstable:          0 kB
Node 0 Bounce:                0 kB
Node 0 WritebackTmp:          0 kB
Node 0 KReclaimable:      19684 kB
Node 0 Slab:              55876 kB
Node 0 SReclaimable:      19684 kB
Node 0 SUnreclaim:        36192 kB
Node 0 AnonHugePages:         0 kB
Node 0 ShmemHugePages:        0 kB
Node 0 ShmemPmdMapped:        0 kB
Node 0 FileHugePages:        0 kB
Node 0 FilePmdMapped:        0 kB
Node 0 HugePages_Total:     0
Node 0 HugePages_Free:      0
Node 0 HugePages_Surp:      0

Node 1 MemTotal:       24686196 kB
Node 1 MemFree:        24391836 kB
Node 1 MemUsed:          294360 kB
Node 1 Active:            42372 kB
Node 1 Inactive:         107608 kB
Node 1 Active(anon):      17864 kB
Node 1 Inactive(anon):      460 kB
Node 1 Active(file):      24508 kB
Node 1 Inactive(file):   107148 kB
Node 1 Unevictable:       13036 kB
Node 1 Mlocked:           13036 kB
Node 1 Dirty:               264 kB
Node 1 Writeback:             0 kB
Node 1 FilePages:        135044 kB
Node 1 Mapped:            56984 kB
Node 1 AnonPages:         28120 kB
Node 1 Shmem:               676 kB
Node 1 KernelStack:        1592 kB
Node 1 PageTables:         1104 kB
Node 1 NFS_Unstable:          0 kB
Node 1 Bounce:                0 kB
Node 1 WritebackTmp:          0 kB
Node 1 KReclaimable:      22988 kB
Node 1 Slab:              54648 kB
Node 1 SReclaimable:      22988 kB
Node 1 SUnreclaim:        31660 kB
Node 1 AnonHugePages:         0 kB
Node 1 ShmemHugePages:        0 kB
Node 1 ShmemPmdMapped:        0 kB
Node 1 FileHugePages:        0 kB
Node 1 FilePmdMapped:        0 kB
Node 1 HugePages_Total:     0
Node 1 HugePages_Free:      0
Node 1 HugePages_Surp:      0

Import tank ZPool
Node 0 MemTotal:       24743736 kB
Node 0 MemFree:        24350556 kB
Node 0 MemUsed:          393180 kB
Node 0 Active:            67052 kB
Node 0 Inactive:          24472 kB
Node 0 Active(anon):      19840 kB
Node 0 Inactive(anon):      412 kB
Node 0 Active(file):      47212 kB
Node 0 Inactive(file):    24060 kB
Node 0 Unevictable:        5484 kB
Node 0 Mlocked:            5484 kB
Node 0 Dirty:                52 kB
Node 0 Writeback:             0 kB
Node 0 FilePages:         77052 kB
Node 0 Mapped:            23984 kB
Node 0 AnonPages:         19276 kB
Node 0 Shmem:               592 kB
Node 0 KernelStack:        3240 kB
Node 0 PageTables:          492 kB
Node 0 NFS_Unstable:          0 kB
Node 0 Bounce:                0 kB
Node 0 WritebackTmp:          0 kB
Node 0 KReclaimable:      19792 kB
Node 0 Slab:              62488 kB
Node 0 SReclaimable:      19792 kB
Node 0 SUnreclaim:        42696 kB
Node 0 AnonHugePages:         0 kB
Node 0 ShmemHugePages:        0 kB
Node 0 ShmemPmdMapped:        0 kB
Node 0 FileHugePages:        0 kB
Node 0 FilePmdMapped:        0 kB
Node 0 HugePages_Total:     0
Node 0 HugePages_Free:      0
Node 0 HugePages_Surp:      0

Node 1 MemTotal:       24686196 kB
Node 1 MemFree:        24394328 kB
Node 1 MemUsed:          291868 kB
Node 1 Active:            37944 kB
Node 1 Inactive:         107504 kB
Node 1 Active(anon):      13308 kB
Node 1 Inactive(anon):      460 kB
Node 1 Active(file):      24636 kB
Node 1 Inactive(file):   107044 kB
Node 1 Unevictable:       13036 kB
Node 1 Mlocked:           13036 kB
Node 1 Dirty:               172 kB
Node 1 Writeback:             0 kB
Node 1 FilePages:        135084 kB
Node 1 Mapped:            57088 kB
Node 1 AnonPages:         23464 kB
Node 1 Shmem:               676 kB
Node 1 KernelStack:        1480 kB
Node 1 PageTables:          784 kB
Node 1 NFS_Unstable:          0 kB
Node 1 Bounce:                0 kB
Node 1 WritebackTmp:          0 kB
Node 1 KReclaimable:      22988 kB
Node 1 Slab:              55516 kB
Node 1 SReclaimable:      22988 kB
Node 1 SUnreclaim:        32528 kB
Node 1 AnonHugePages:         0 kB
Node 1 ShmemHugePages:        0 kB
Node 1 ShmemPmdMapped:        0 kB
Node 1 FileHugePages:        0 kB
Node 1 FilePmdMapped:        0 kB
Node 1 HugePages_Total:     0
Node 1 HugePages_Free:      0
Node 1 HugePages_Surp:      0

After Test
Node 0 MemTotal:       24743736 kB
Node 0 MemFree:         7501380 kB
Node 0 MemUsed:        17242356 kB
Node 0 Active:            70312 kB
Node 0 Inactive:          29760 kB
Node 0 Active(anon):      19888 kB
Node 0 Inactive(anon):      432 kB
Node 0 Active(file):      50424 kB
Node 0 Inactive(file):    29328 kB
Node 0 Unevictable:        5484 kB
Node 0 Mlocked:            5484 kB
Node 0 Dirty:                36 kB
Node 0 Writeback:             0 kB
Node 0 FilePages:         85864 kB
Node 0 Mapped:            24232 kB
Node 0 AnonPages:         19608 kB
Node 0 Shmem:               632 kB
Node 0 KernelStack:        3096 kB
Node 0 PageTables:          512 kB
Node 0 NFS_Unstable:          0 kB
Node 0 Bounce:                0 kB
Node 0 WritebackTmp:          0 kB
Node 0 KReclaimable:      21832 kB
Node 0 Slab:             122268 kB
Node 0 SReclaimable:      21832 kB
Node 0 SUnreclaim:       100436 kB
Node 0 AnonHugePages:         0 kB
Node 0 ShmemHugePages:        0 kB
Node 0 ShmemPmdMapped:        0 kB
Node 0 FileHugePages:        0 kB
Node 0 FilePmdMapped:        0 kB
Node 0 HugePages_Total:     0
Node 0 HugePages_Free:      0
Node 0 HugePages_Surp:      0

Node 1 MemTotal:       24686196 kB
Node 1 MemFree:        23576764 kB
Node 1 MemUsed:         1109432 kB
Node 1 Active:            38240 kB
Node 1 Inactive:         107988 kB
Node 1 Active(anon):      13032 kB
Node 1 Inactive(anon):      464 kB
Node 1 Active(file):      25208 kB
Node 1 Inactive(file):   107524 kB
Node 1 Unevictable:       13036 kB
Node 1 Mlocked:           13036 kB
Node 1 Dirty:                16 kB
Node 1 Writeback:             0 kB
Node 1 FilePages:        136132 kB
Node 1 Mapped:            57400 kB
Node 1 AnonPages:         23140 kB
Node 1 Shmem:               680 kB
Node 1 KernelStack:        1320 kB
Node 1 PageTables:          784 kB
Node 1 NFS_Unstable:          0 kB
Node 1 Bounce:                0 kB
Node 1 WritebackTmp:          0 kB
Node 1 KReclaimable:      23248 kB
Node 1 Slab:              60124 kB
Node 1 SReclaimable:      23248 kB
Node 1 SUnreclaim:        36876 kB
Node 1 AnonHugePages:         0 kB
Node 1 ShmemHugePages:        0 kB
Node 1 ShmemPmdMapped:        0 kB
Node 1 FileHugePages:        0 kB
Node 1 FilePmdMapped:        0 kB
Node 1 HugePages_Total:     0
Node 1 HugePages_Free:      0
Node 1 HugePages_Surp:      0

After Opposite Node
Node 0 MemTotal:       24743736 kB
Node 0 MemFree:         7503544 kB
Node 0 MemUsed:        17240192 kB
Node 0 Active:            70508 kB
Node 0 Inactive:          29540 kB
Node 0 Active(anon):      19740 kB
Node 0 Inactive(anon):      408 kB
Node 0 Active(file):      50768 kB
Node 0 Inactive(file):    29132 kB
Node 0 Unevictable:        5484 kB
Node 0 Mlocked:            5484 kB
Node 0 Dirty:                44 kB
Node 0 Writeback:             0 kB
Node 0 FilePages:         85968 kB
Node 0 Mapped:            24160 kB
Node 0 AnonPages:         19560 kB
Node 0 Shmem:               588 kB
Node 0 KernelStack:        3080 kB
Node 0 PageTables:          396 kB
Node 0 NFS_Unstable:          0 kB
Node 0 Bounce:                0 kB
Node 0 WritebackTmp:          0 kB
Node 0 KReclaimable:      21844 kB
Node 0 Slab:             121044 kB
Node 0 SReclaimable:      21844 kB
Node 0 SUnreclaim:        99200 kB
Node 0 AnonHugePages:         0 kB
Node 0 ShmemHugePages:        0 kB
Node 0 ShmemPmdMapped:        0 kB
Node 0 FileHugePages:        0 kB
Node 0 FilePmdMapped:        0 kB
Node 0 HugePages_Total:     0
Node 0 HugePages_Free:      0
Node 0 HugePages_Surp:      0

Node 1 MemTotal:       24686196 kB
Node 1 MemFree:        23572812 kB
Node 1 MemUsed:         1113384 kB
Node 1 Active:            38420 kB
Node 1 Inactive:         108020 kB
Node 1 Active(anon):      13192 kB
Node 1 Inactive(anon):      488 kB
Node 1 Active(file):      25228 kB
Node 1 Inactive(file):   107532 kB
Node 1 Unevictable:       13036 kB
Node 1 Mlocked:           13036 kB
Node 1 Dirty:                36 kB
Node 1 Writeback:             0 kB
Node 1 FilePages:        136204 kB
Node 1 Mapped:            57444 kB
Node 1 AnonPages:         23200 kB
Node 1 Shmem:               724 kB
Node 1 KernelStack:        1336 kB
Node 1 PageTables:          904 kB
Node 1 NFS_Unstable:          0 kB
Node 1 Bounce:                0 kB
Node 1 WritebackTmp:          0 kB
Node 1 KReclaimable:      23356 kB
Node 1 Slab:              62204 kB
Node 1 SReclaimable:      23356 kB
Node 1 SUnreclaim:        38848 kB
Node 1 AnonHugePages:         0 kB
Node 1 ShmemHugePages:        0 kB
Node 1 ShmemPmdMapped:        0 kB
Node 1 FileHugePages:        0 kB
Node 1 FilePmdMapped:        0 kB
Node 1 HugePages_Total:     0
Node 1 HugePages_Free:      0
Node 1 HugePages_Surp:      0

U.0.fio.16G.2.O.1M Complete!
