kernel.numa_balancing = 0
U.0.fio.500M.1.O.1M
Begin
Node 0 MemTotal:       24768352 kB
Node 0 MemFree:        24509380 kB
Node 0 MemUsed:          258972 kB
Node 0 Active:            49508 kB
Node 0 Inactive:          68176 kB
Node 0 Active(anon):      12128 kB
Node 0 Inactive(anon):      444 kB
Node 0 Active(file):      37380 kB
Node 0 Inactive(file):    67732 kB
Node 0 Unevictable:        1144 kB
Node 0 Mlocked:            1144 kB
Node 0 Dirty:                48 kB
Node 0 Writeback:             0 kB
Node 0 FilePages:        107008 kB
Node 0 Mapped:            17404 kB
Node 0 AnonPages:         11868 kB
Node 0 Shmem:               720 kB
Node 0 KernelStack:        2360 kB
Node 0 PageTables:          392 kB
Node 0 NFS_Unstable:          0 kB
Node 0 Bounce:                0 kB
Node 0 WritebackTmp:          0 kB
Node 0 KReclaimable:      17700 kB
Node 0 Slab:              50156 kB
Node 0 SReclaimable:      17700 kB
Node 0 SUnreclaim:        32456 kB
Node 0 AnonHugePages:         0 kB
Node 0 ShmemHugePages:        0 kB
Node 0 ShmemPmdMapped:        0 kB
Node 0 FileHugePages:        0 kB
Node 0 FilePmdMapped:        0 kB
Node 0 HugePages_Total:     0
Node 0 HugePages_Free:      0
Node 0 HugePages_Surp:      0

Node 1 MemTotal:       24661580 kB
Node 1 MemFree:        24256964 kB
Node 1 MemUsed:          404616 kB
Node 1 Active:            49436 kB
Node 1 Inactive:          69036 kB
Node 1 Active(anon):      21860 kB
Node 1 Inactive(anon):      424 kB
Node 1 Active(file):      27576 kB
Node 1 Inactive(file):    68612 kB
Node 1 Unevictable:       17376 kB
Node 1 Mlocked:           17376 kB
Node 1 Dirty:               116 kB
Node 1 Writeback:             0 kB
Node 1 FilePages:        103800 kB
Node 1 Mapped:            65660 kB
Node 1 AnonPages:         32072 kB
Node 1 Shmem:               548 kB
Node 1 KernelStack:        1208 kB
Node 1 PageTables:          848 kB
Node 1 NFS_Unstable:          0 kB
Node 1 Bounce:                0 kB
Node 1 WritebackTmp:          0 kB
Node 1 KReclaimable:      24304 kB
Node 1 Slab:              55772 kB
Node 1 SReclaimable:      24304 kB
Node 1 SUnreclaim:        31468 kB
Node 1 AnonHugePages:         0 kB
Node 1 ShmemHugePages:        0 kB
Node 1 ShmemPmdMapped:        0 kB
Node 1 FileHugePages:        0 kB
Node 1 FilePmdMapped:        0 kB
Node 1 HugePages_Total:     0
Node 1 HugePages_Free:      0
Node 1 HugePages_Surp:      0

Load ZFS
Node 0 MemTotal:       24768352 kB
Node 0 MemFree:        24504944 kB
Node 0 MemUsed:          263408 kB
Node 0 Active:            58984 kB
Node 0 Inactive:          64208 kB
Node 0 Active(anon):      16436 kB
Node 0 Inactive(anon):      444 kB
Node 0 Active(file):      42548 kB
Node 0 Inactive(file):    63764 kB
Node 0 Unevictable:        1144 kB
Node 0 Mlocked:            1144 kB
Node 0 Dirty:                52 kB
Node 0 Writeback:             0 kB
Node 0 FilePages:        108172 kB
Node 0 Mapped:            17564 kB
Node 0 AnonPages:         15776 kB
Node 0 Shmem:               720 kB
Node 0 KernelStack:        2456 kB
Node 0 PageTables:          700 kB
Node 0 NFS_Unstable:          0 kB
Node 0 Bounce:                0 kB
Node 0 WritebackTmp:          0 kB
Node 0 KReclaimable:      18196 kB
Node 0 Slab:              51936 kB
Node 0 SReclaimable:      18196 kB
Node 0 SUnreclaim:        33740 kB
Node 0 AnonHugePages:         0 kB
Node 0 ShmemHugePages:        0 kB
Node 0 ShmemPmdMapped:        0 kB
Node 0 FileHugePages:        0 kB
Node 0 FilePmdMapped:        0 kB
Node 0 HugePages_Total:     0
Node 0 HugePages_Free:      0
Node 0 HugePages_Surp:      0

Node 1 MemTotal:       24661580 kB
Node 1 MemFree:        24249640 kB
Node 1 MemUsed:          411940 kB
Node 1 Active:            50656 kB
Node 1 Inactive:          69208 kB
Node 1 Active(anon):      21872 kB
Node 1 Inactive(anon):      424 kB
Node 1 Active(file):      28784 kB
Node 1 Inactive(file):    68784 kB
Node 1 Unevictable:       17376 kB
Node 1 Mlocked:           17376 kB
Node 1 Dirty:               148 kB
Node 1 Writeback:             0 kB
Node 1 FilePages:        105168 kB
Node 1 Mapped:            65660 kB
Node 1 AnonPages:         32072 kB
Node 1 Shmem:               548 kB
Node 1 KernelStack:        1224 kB
Node 1 PageTables:          848 kB
Node 1 NFS_Unstable:          0 kB
Node 1 Bounce:                0 kB
Node 1 WritebackTmp:          0 kB
Node 1 KReclaimable:      24792 kB
Node 1 Slab:              57800 kB
Node 1 SReclaimable:      24792 kB
Node 1 SUnreclaim:        33008 kB
Node 1 AnonHugePages:         0 kB
Node 1 ShmemHugePages:        0 kB
Node 1 ShmemPmdMapped:        0 kB
Node 1 FileHugePages:        0 kB
Node 1 FilePmdMapped:        0 kB
Node 1 HugePages_Total:     0
Node 1 HugePages_Free:      0
Node 1 HugePages_Surp:      0

Import tank ZPool
Node 0 MemTotal:       24768352 kB
Node 0 MemFree:        24483160 kB
Node 0 MemUsed:          285192 kB
Node 0 Active:            60000 kB
Node 0 Inactive:          65104 kB
Node 0 Active(anon):      16656 kB
Node 0 Inactive(anon):      448 kB
Node 0 Active(file):      43344 kB
Node 0 Inactive(file):    64656 kB
Node 0 Unevictable:        1144 kB
Node 0 Mlocked:            1144 kB
Node 0 Dirty:                76 kB
Node 0 Writeback:             0 kB
Node 0 FilePages:        109868 kB
Node 0 Mapped:            17668 kB
Node 0 AnonPages:         16008 kB
Node 0 Shmem:               724 kB
Node 0 KernelStack:        3608 kB
Node 0 PageTables:          788 kB
Node 0 NFS_Unstable:          0 kB
Node 0 Bounce:                0 kB
Node 0 WritebackTmp:          0 kB
Node 0 KReclaimable:      18300 kB
Node 0 Slab:              58308 kB
Node 0 SReclaimable:      18300 kB
Node 0 SUnreclaim:        40008 kB
Node 0 AnonHugePages:         0 kB
Node 0 ShmemHugePages:        0 kB
Node 0 ShmemPmdMapped:        0 kB
Node 0 FileHugePages:        0 kB
Node 0 FilePmdMapped:        0 kB
Node 0 HugePages_Total:     0
Node 0 HugePages_Free:      0
Node 0 HugePages_Surp:      0

Node 1 MemTotal:       24661580 kB
Node 1 MemFree:        24250404 kB
Node 1 MemUsed:          411176 kB
Node 1 Active:            50744 kB
Node 1 Inactive:          69116 kB
Node 1 Active(anon):      21868 kB
Node 1 Inactive(anon):      424 kB
Node 1 Active(file):      28876 kB
Node 1 Inactive(file):    68692 kB
Node 1 Unevictable:       17376 kB
Node 1 Mlocked:           17376 kB
Node 1 Dirty:               168 kB
Node 1 Writeback:             0 kB
Node 1 FilePages:        105188 kB
Node 1 Mapped:            65916 kB
Node 1 AnonPages:         32072 kB
Node 1 Shmem:               544 kB
Node 1 KernelStack:        1224 kB
Node 1 PageTables:          848 kB
Node 1 NFS_Unstable:          0 kB
Node 1 Bounce:                0 kB
Node 1 WritebackTmp:          0 kB
Node 1 KReclaimable:      24792 kB
Node 1 Slab:              58344 kB
Node 1 SReclaimable:      24792 kB
Node 1 SUnreclaim:        33552 kB
Node 1 AnonHugePages:         0 kB
Node 1 ShmemHugePages:        0 kB
Node 1 ShmemPmdMapped:        0 kB
Node 1 FileHugePages:        0 kB
Node 1 FilePmdMapped:        0 kB
Node 1 HugePages_Total:     0
Node 1 HugePages_Free:      0
Node 1 HugePages_Surp:      0

After Test
Node 0 MemTotal:       24768352 kB
Node 0 MemFree:        23430672 kB
Node 0 MemUsed:         1337680 kB
Node 0 Active:            55672 kB
Node 0 Inactive:          66272 kB
Node 0 Active(anon):      11616 kB
Node 0 Inactive(anon):      484 kB
Node 0 Active(file):      44056 kB
Node 0 Inactive(file):    65788 kB
Node 0 Unevictable:        1144 kB
Node 0 Mlocked:            1144 kB
Node 0 Dirty:                80 kB
Node 0 Writeback:             0 kB
Node 0 FilePages:        111752 kB
Node 0 Mapped:            17640 kB
Node 0 AnonPages:         11236 kB
Node 0 Shmem:               768 kB
Node 0 KernelStack:        3592 kB
Node 0 PageTables:          500 kB
Node 0 NFS_Unstable:          0 kB
Node 0 Bounce:                0 kB
Node 0 WritebackTmp:          0 kB
Node 0 KReclaimable:      19628 kB
Node 0 Slab:              64940 kB
Node 0 SReclaimable:      19628 kB
Node 0 SUnreclaim:        45312 kB
Node 0 AnonHugePages:         0 kB
Node 0 ShmemHugePages:        0 kB
Node 0 ShmemPmdMapped:        0 kB
Node 0 FileHugePages:        0 kB
Node 0 FilePmdMapped:        0 kB
Node 0 HugePages_Total:     0
Node 0 HugePages_Free:      0
Node 0 HugePages_Surp:      0

Node 1 MemTotal:       24661580 kB
Node 1 MemFree:        24252020 kB
Node 1 MemUsed:          409560 kB
Node 1 Active:            50288 kB
Node 1 Inactive:          69116 kB
Node 1 Active(anon):      21372 kB
Node 1 Inactive(anon):      424 kB
Node 1 Active(file):      28916 kB
Node 1 Inactive(file):    68692 kB
Node 1 Unevictable:       17376 kB
Node 1 Mlocked:           17376 kB
Node 1 Dirty:               136 kB
Node 1 Writeback:             0 kB
Node 1 FilePages:        105212 kB
Node 1 Mapped:            65660 kB
Node 1 AnonPages:         31576 kB
Node 1 Shmem:               544 kB
Node 1 KernelStack:        1192 kB
Node 1 PageTables:          848 kB
Node 1 NFS_Unstable:          0 kB
Node 1 Bounce:                0 kB
Node 1 WritebackTmp:          0 kB
Node 1 KReclaimable:      24792 kB
Node 1 Slab:              58752 kB
Node 1 SReclaimable:      24792 kB
Node 1 SUnreclaim:        33960 kB
Node 1 AnonHugePages:         0 kB
Node 1 ShmemHugePages:        0 kB
Node 1 ShmemPmdMapped:        0 kB
Node 1 FileHugePages:        0 kB
Node 1 FilePmdMapped:        0 kB
Node 1 HugePages_Total:     0
Node 1 HugePages_Free:      0
Node 1 HugePages_Surp:      0

After Opposite Node
Node 0 MemTotal:       24768352 kB
Node 0 MemFree:        23430776 kB
Node 0 MemUsed:         1337576 kB
Node 0 Active:            55916 kB
Node 0 Inactive:          66060 kB
Node 0 Active(anon):      11536 kB
Node 0 Inactive(anon):      448 kB
Node 0 Active(file):      44380 kB
Node 0 Inactive(file):    65612 kB
Node 0 Unevictable:        1144 kB
Node 0 Mlocked:            1144 kB
Node 0 Dirty:                96 kB
Node 0 Writeback:             0 kB
Node 0 FilePages:        111856 kB
Node 0 Mapped:            17804 kB
Node 0 AnonPages:         11260 kB
Node 0 Shmem:               724 kB
Node 0 KernelStack:        3496 kB
Node 0 PageTables:          352 kB
Node 0 NFS_Unstable:          0 kB
Node 0 Bounce:                0 kB
Node 0 WritebackTmp:          0 kB
Node 0 KReclaimable:      19632 kB
Node 0 Slab:              64956 kB
Node 0 SReclaimable:      19632 kB
Node 0 SUnreclaim:        45324 kB
Node 0 AnonHugePages:         0 kB
Node 0 ShmemHugePages:        0 kB
Node 0 ShmemPmdMapped:        0 kB
Node 0 FileHugePages:        0 kB
Node 0 FilePmdMapped:        0 kB
Node 0 HugePages_Total:     0
Node 0 HugePages_Free:      0
Node 0 HugePages_Surp:      0

Node 1 MemTotal:       24661580 kB
Node 1 MemFree:        24250060 kB
Node 1 MemUsed:          411520 kB
Node 1 Active:            50484 kB
Node 1 Inactive:          69164 kB
Node 1 Active(anon):      21556 kB
Node 1 Inactive(anon):      472 kB
Node 1 Active(file):      28928 kB
Node 1 Inactive(file):    68692 kB
Node 1 Unevictable:       17376 kB
Node 1 Mlocked:           17376 kB
Node 1 Dirty:               136 kB
Node 1 Writeback:             0 kB
Node 1 FilePages:        105304 kB
Node 1 Mapped:            65748 kB
Node 1 AnonPages:         31552 kB
Node 1 Shmem:               632 kB
Node 1 KernelStack:        1240 kB
Node 1 PageTables:         1048 kB
Node 1 NFS_Unstable:          0 kB
Node 1 Bounce:                0 kB
Node 1 WritebackTmp:          0 kB
Node 1 KReclaimable:      24824 kB
Node 1 Slab:              59016 kB
Node 1 SReclaimable:      24824 kB
Node 1 SUnreclaim:        34192 kB
Node 1 AnonHugePages:         0 kB
Node 1 ShmemHugePages:        0 kB
Node 1 ShmemPmdMapped:        0 kB
Node 1 FileHugePages:        0 kB
Node 1 FilePmdMapped:        0 kB
Node 1 HugePages_Total:     0
Node 1 HugePages_Free:      0
Node 1 HugePages_Surp:      0

U.0.fio.500M.1.O.1M Complete!
