kernel.numa_balancing = 0
U.0.fio.16G.1.O.1M
Begin
Node 0 MemTotal:       24768352 kB
Node 0 MemFree:        24571908 kB
Node 0 MemUsed:          196444 kB
Node 0 Active:            40584 kB
Node 0 Inactive:          14896 kB
Node 0 Active(anon):      10420 kB
Node 0 Inactive(anon):      480 kB
Node 0 Active(file):      30164 kB
Node 0 Inactive(file):    14416 kB
Node 0 Unevictable:       12708 kB
Node 0 Mlocked:           12708 kB
Node 0 Dirty:               272 kB
Node 0 Writeback:             0 kB
Node 0 FilePages:         48096 kB
Node 0 Mapped:            15788 kB
Node 0 AnonPages:         20544 kB
Node 0 Shmem:               684 kB
Node 0 KernelStack:        2136 kB
Node 0 PageTables:          392 kB
Node 0 NFS_Unstable:          0 kB
Node 0 Bounce:                0 kB
Node 0 WritebackTmp:          0 kB
Node 0 KReclaimable:      16892 kB
Node 0 Slab:              45592 kB
Node 0 SReclaimable:      16892 kB
Node 0 SUnreclaim:        28700 kB
Node 0 AnonHugePages:         0 kB
Node 0 ShmemHugePages:        0 kB
Node 0 ShmemPmdMapped:        0 kB
Node 0 FileHugePages:        0 kB
Node 0 FilePmdMapped:        0 kB
Node 0 HugePages_Total:     0
Node 0 HugePages_Free:      0
Node 0 HugePages_Surp:      0

Node 1 MemTotal:       24661580 kB
Node 1 MemFree:        24205460 kB
Node 1 MemUsed:          456120 kB
Node 1 Active:            56772 kB
Node 1 Inactive:         112832 kB
Node 1 Active(anon):      23140 kB
Node 1 Inactive(anon):      392 kB
Node 1 Active(file):      33632 kB
Node 1 Inactive(file):   112440 kB
Node 1 Unevictable:        5816 kB
Node 1 Mlocked:            5816 kB
Node 1 Dirty:               144 kB
Node 1 Writeback:             0 kB
Node 1 FilePages:        152468 kB
Node 1 Mapped:            60788 kB
Node 1 AnonPages:         22948 kB
Node 1 Shmem:               584 kB
Node 1 KernelStack:        1416 kB
Node 1 PageTables:          732 kB
Node 1 NFS_Unstable:          0 kB
Node 1 Bounce:                0 kB
Node 1 WritebackTmp:          0 kB
Node 1 KReclaimable:      24532 kB
Node 1 Slab:              59580 kB
Node 1 SReclaimable:      24532 kB
Node 1 SUnreclaim:        35048 kB
Node 1 AnonHugePages:         0 kB
Node 1 ShmemHugePages:        0 kB
Node 1 ShmemPmdMapped:        0 kB
Node 1 FileHugePages:        0 kB
Node 1 FilePmdMapped:        0 kB
Node 1 HugePages_Total:     0
Node 1 HugePages_Free:      0
Node 1 HugePages_Surp:      0

Load ZFS
Node 0 MemTotal:       24768352 kB
Node 0 MemFree:        24428992 kB
Node 0 MemUsed:          339360 kB
Node 0 Active:            46628 kB
Node 0 Inactive:          15460 kB
Node 0 Active(anon):      15260 kB
Node 0 Inactive(anon):      480 kB
Node 0 Active(file):      31368 kB
Node 0 Inactive(file):    14980 kB
Node 0 Unevictable:       12708 kB
Node 0 Mlocked:           12708 kB
Node 0 Dirty:                48 kB
Node 0 Writeback:             0 kB
Node 0 FilePages:         49416 kB
Node 0 Mapped:            15916 kB
Node 0 AnonPages:         25320 kB
Node 0 Shmem:               684 kB
Node 0 KernelStack:        2152 kB
Node 0 PageTables:          908 kB
Node 0 NFS_Unstable:          0 kB
Node 0 Bounce:                0 kB
Node 0 WritebackTmp:          0 kB
Node 0 KReclaimable:      17508 kB
Node 0 Slab:              48272 kB
Node 0 SReclaimable:      17508 kB
Node 0 SUnreclaim:        30764 kB
Node 0 AnonHugePages:         0 kB
Node 0 ShmemHugePages:        0 kB
Node 0 ShmemPmdMapped:        0 kB
Node 0 FileHugePages:        0 kB
Node 0 FilePmdMapped:        0 kB
Node 0 HugePages_Total:     0
Node 0 HugePages_Free:      0
Node 0 HugePages_Surp:      0

Node 1 MemTotal:       24661580 kB
Node 1 MemFree:        24337636 kB
Node 1 MemUsed:          323944 kB
Node 1 Active:            65196 kB
Node 1 Inactive:         108320 kB
Node 1 Active(anon):      25868 kB
Node 1 Inactive(anon):      392 kB
Node 1 Active(file):      39328 kB
Node 1 Inactive(file):   107928 kB
Node 1 Unevictable:        5816 kB
Node 1 Mlocked:            5816 kB
Node 1 Dirty:               244 kB
Node 1 Writeback:             0 kB
Node 1 FilePages:        153652 kB
Node 1 Mapped:            60840 kB
Node 1 AnonPages:         25684 kB
Node 1 Shmem:               584 kB
Node 1 KernelStack:        1608 kB
Node 1 PageTables:          732 kB
Node 1 NFS_Unstable:          0 kB
Node 1 Bounce:                0 kB
Node 1 WritebackTmp:          0 kB
Node 1 KReclaimable:      24980 kB
Node 1 Slab:              60948 kB
Node 1 SReclaimable:      24980 kB
Node 1 SUnreclaim:        35968 kB
Node 1 AnonHugePages:         0 kB
Node 1 ShmemHugePages:        0 kB
Node 1 ShmemPmdMapped:        0 kB
Node 1 FileHugePages:        0 kB
Node 1 FilePmdMapped:        0 kB
Node 1 HugePages_Total:     0
Node 1 HugePages_Free:      0
Node 1 HugePages_Surp:      0

Import tank ZPool
Node 0 MemTotal:       24768352 kB
Node 0 MemFree:        24426608 kB
Node 0 MemUsed:          341744 kB
Node 0 Active:            42480 kB
Node 0 Inactive:          16692 kB
Node 0 Active(anon):      10648 kB
Node 0 Inactive(anon):      484 kB
Node 0 Active(file):      31832 kB
Node 0 Inactive(file):    16208 kB
Node 0 Unevictable:       12708 kB
Node 0 Mlocked:           12708 kB
Node 0 Dirty:                52 kB
Node 0 Writeback:             0 kB
Node 0 FilePages:         51144 kB
Node 0 Mapped:            15964 kB
Node 0 AnonPages:         20404 kB
Node 0 Shmem:               688 kB
Node 0 KernelStack:        2088 kB
Node 0 PageTables:          536 kB
Node 0 NFS_Unstable:          0 kB
Node 0 Bounce:                0 kB
Node 0 WritebackTmp:          0 kB
Node 0 KReclaimable:      17640 kB
Node 0 Slab:              52592 kB
Node 0 SReclaimable:      17640 kB
Node 0 SUnreclaim:        34952 kB
Node 0 AnonHugePages:         0 kB
Node 0 ShmemHugePages:        0 kB
Node 0 ShmemPmdMapped:        0 kB
Node 0 FileHugePages:        0 kB
Node 0 FilePmdMapped:        0 kB
Node 0 HugePages_Total:     0
Node 0 HugePages_Free:      0
Node 0 HugePages_Surp:      0

Node 1 MemTotal:       24661580 kB
Node 1 MemFree:        24324552 kB
Node 1 MemUsed:          337028 kB
Node 1 Active:            62116 kB
Node 1 Inactive:         108216 kB
Node 1 Active(anon):      22684 kB
Node 1 Inactive(anon):      392 kB
Node 1 Active(file):      39432 kB
Node 1 Inactive(file):   107824 kB
Node 1 Unevictable:        5816 kB
Node 1 Mlocked:            5816 kB
Node 1 Dirty:               168 kB
Node 1 Writeback:             0 kB
Node 1 FilePages:        153648 kB
Node 1 Mapped:            60856 kB
Node 1 AnonPages:         22496 kB
Node 1 Shmem:               580 kB
Node 1 KernelStack:        2600 kB
Node 1 PageTables:          732 kB
Node 1 NFS_Unstable:          0 kB
Node 1 Bounce:                0 kB
Node 1 WritebackTmp:          0 kB
Node 1 KReclaimable:      24980 kB
Node 1 Slab:              63232 kB
Node 1 SReclaimable:      24980 kB
Node 1 SUnreclaim:        38252 kB
Node 1 AnonHugePages:         0 kB
Node 1 ShmemHugePages:        0 kB
Node 1 ShmemPmdMapped:        0 kB
Node 1 FileHugePages:        0 kB
Node 1 FilePmdMapped:        0 kB
Node 1 HugePages_Total:     0
Node 1 HugePages_Free:      0
Node 1 HugePages_Surp:      0

After Test
Node 0 MemTotal:       24768352 kB
Node 0 MemFree:         7590468 kB
Node 0 MemUsed:        17177884 kB
Node 0 Active:            43344 kB
Node 0 Inactive:          17588 kB
Node 0 Active(anon):      10296 kB
Node 0 Inactive(anon):      508 kB
Node 0 Active(file):      33048 kB
Node 0 Inactive(file):    17080 kB
Node 0 Unevictable:       12708 kB
Node 0 Mlocked:           12708 kB
Node 0 Dirty:                20 kB
Node 0 Writeback:             0 kB
Node 0 FilePages:         53236 kB
Node 0 Mapped:            16016 kB
Node 0 AnonPages:         20316 kB
Node 0 Shmem:               728 kB
Node 0 KernelStack:        1880 kB
Node 0 PageTables:          504 kB
Node 0 NFS_Unstable:          0 kB
Node 0 Bounce:                0 kB
Node 0 WritebackTmp:          0 kB
Node 0 KReclaimable:      18992 kB
Node 0 Slab:             110432 kB
Node 0 SReclaimable:      18992 kB
Node 0 SUnreclaim:        91440 kB
Node 0 AnonHugePages:         0 kB
Node 0 ShmemHugePages:        0 kB
Node 0 ShmemPmdMapped:        0 kB
Node 0 FileHugePages:        0 kB
Node 0 FilePmdMapped:        0 kB
Node 0 HugePages_Total:     0
Node 0 HugePages_Free:      0
Node 0 HugePages_Surp:      0

Node 1 MemTotal:       24661580 kB
Node 1 MemFree:        23507020 kB
Node 1 MemUsed:         1154560 kB
Node 1 Active:            61980 kB
Node 1 Inactive:         108208 kB
Node 1 Active(anon):      22468 kB
Node 1 Inactive(anon):      396 kB
Node 1 Active(file):      39512 kB
Node 1 Inactive(file):   107812 kB
Node 1 Unevictable:        5816 kB
Node 1 Mlocked:            5816 kB
Node 1 Dirty:                28 kB
Node 1 Writeback:             0 kB
Node 1 FilePages:        153728 kB
Node 1 Mapped:            60840 kB
Node 1 AnonPages:         22280 kB
Node 1 Shmem:               584 kB
Node 1 KernelStack:        2520 kB
Node 1 PageTables:          732 kB
Node 1 NFS_Unstable:          0 kB
Node 1 Bounce:                0 kB
Node 1 WritebackTmp:          0 kB
Node 1 KReclaimable:      25064 kB
Node 1 Slab:              67032 kB
Node 1 SReclaimable:      25064 kB
Node 1 SUnreclaim:        41968 kB
Node 1 AnonHugePages:         0 kB
Node 1 ShmemHugePages:        0 kB
Node 1 ShmemPmdMapped:        0 kB
Node 1 FileHugePages:        0 kB
Node 1 FilePmdMapped:        0 kB
Node 1 HugePages_Total:     0
Node 1 HugePages_Free:      0
Node 1 HugePages_Surp:      0

After Opposite Node
Node 0 MemTotal:       24768352 kB
Node 0 MemFree:         7592260 kB
Node 0 MemUsed:        17176092 kB
Node 0 Active:            43128 kB
Node 0 Inactive:          17400 kB
Node 0 Active(anon):       9912 kB
Node 0 Inactive(anon):      480 kB
Node 0 Active(file):      33216 kB
Node 0 Inactive(file):    16920 kB
Node 0 Unevictable:       12708 kB
Node 0 Mlocked:           12708 kB
Node 0 Dirty:                32 kB
Node 0 Writeback:             0 kB
Node 0 FilePages:         53200 kB
Node 0 Mapped:            15964 kB
Node 0 AnonPages:         20036 kB
Node 0 Shmem:               684 kB
Node 0 KernelStack:        1880 kB
Node 0 PageTables:          412 kB
Node 0 NFS_Unstable:          0 kB
Node 0 Bounce:                0 kB
Node 0 WritebackTmp:          0 kB
Node 0 KReclaimable:      18992 kB
Node 0 Slab:             109264 kB
Node 0 SReclaimable:      18992 kB
Node 0 SUnreclaim:        90272 kB
Node 0 AnonHugePages:         0 kB
Node 0 ShmemHugePages:        0 kB
Node 0 ShmemPmdMapped:        0 kB
Node 0 FileHugePages:        0 kB
Node 0 FilePmdMapped:        0 kB
Node 0 HugePages_Total:     0
Node 0 HugePages_Free:      0
Node 0 HugePages_Surp:      0

Node 1 MemTotal:       24661580 kB
Node 1 MemFree:        23505440 kB
Node 1 MemUsed:         1156140 kB
Node 1 Active:            62684 kB
Node 1 Inactive:         108228 kB
Node 1 Active(anon):      23132 kB
Node 1 Inactive(anon):      424 kB
Node 1 Active(file):      39552 kB
Node 1 Inactive(file):   107804 kB
Node 1 Unevictable:        5816 kB
Node 1 Mlocked:            5816 kB
Node 1 Dirty:                68 kB
Node 1 Writeback:             0 kB
Node 1 FilePages:        153804 kB
Node 1 Mapped:            60884 kB
Node 1 AnonPages:         22460 kB
Node 1 Shmem:               628 kB
Node 1 KernelStack:        2552 kB
Node 1 PageTables:          904 kB
Node 1 NFS_Unstable:          0 kB
Node 1 Bounce:                0 kB
Node 1 WritebackTmp:          0 kB
Node 1 KReclaimable:      25148 kB
Node 1 Slab:              68964 kB
Node 1 SReclaimable:      25148 kB
Node 1 SUnreclaim:        43816 kB
Node 1 AnonHugePages:         0 kB
Node 1 ShmemHugePages:        0 kB
Node 1 ShmemPmdMapped:        0 kB
Node 1 FileHugePages:        0 kB
Node 1 FilePmdMapped:        0 kB
Node 1 HugePages_Total:     0
Node 1 HugePages_Free:      0
Node 1 HugePages_Surp:      0

U.0.fio.16G.1.O.1M Complete!
