B.0.smallfio.250M.1.O
Begin
Node 0 MemTotal:       24743736 kB
Node 0 MemFree:        24349392 kB
Node 0 MemUsed:          394344 kB
Node 0 Active:            73592 kB
Node 0 Inactive:          32412 kB
Node 0 Active(anon):      26408 kB
Node 0 Inactive(anon):      440 kB
Node 0 Active(file):      47184 kB
Node 0 Inactive(file):    31972 kB
Node 0 Unevictable:        5664 kB
Node 0 Mlocked:            5664 kB
Node 0 Dirty:                40 kB
Node 0 Writeback:             0 kB
Node 0 FilePages:         85628 kB
Node 0 Mapped:            27736 kB
Node 0 AnonPages:         26228 kB
Node 0 Shmem:               668 kB
Node 0 KernelStack:        2312 kB
Node 0 PageTables:          708 kB
Node 0 NFS_Unstable:          0 kB
Node 0 Bounce:                0 kB
Node 0 WritebackTmp:          0 kB
Node 0 KReclaimable:      24724 kB
Node 0 Slab:              64568 kB
Node 0 SReclaimable:      24724 kB
Node 0 SUnreclaim:        39844 kB
Node 0 AnonHugePages:         0 kB
Node 0 ShmemHugePages:        0 kB
Node 0 ShmemPmdMapped:        0 kB
Node 0 FileHugePages:        0 kB
Node 0 FilePmdMapped:        0 kB
Node 0 HugePages_Total:     0
Node 0 HugePages_Free:      0
Node 0 HugePages_Surp:      0

Node 1 MemTotal:       24686196 kB
Node 1 MemFree:        24439544 kB
Node 1 MemUsed:          246652 kB
Node 1 Active:            22220 kB
Node 1 Inactive:          86564 kB
Node 1 Active(anon):       7352 kB
Node 1 Inactive(anon):      456 kB
Node 1 Active(file):      14868 kB
Node 1 Inactive(file):    86108 kB
Node 1 Unevictable:       12860 kB
Node 1 Mlocked:           12860 kB
Node 1 Dirty:               292 kB
Node 1 Writeback:             0 kB
Node 1 FilePages:        104128 kB
Node 1 Mapped:            41764 kB
Node 1 AnonPages:         17580 kB
Node 1 Shmem:               600 kB
Node 1 KernelStack:        1352 kB
Node 1 PageTables:          432 kB
Node 1 NFS_Unstable:          0 kB
Node 1 Bounce:                0 kB
Node 1 WritebackTmp:          0 kB
Node 1 KReclaimable:      16724 kB
Node 1 Slab:              41420 kB
Node 1 SReclaimable:      16724 kB
Node 1 SUnreclaim:        24696 kB
Node 1 AnonHugePages:         0 kB
Node 1 ShmemHugePages:        0 kB
Node 1 ShmemPmdMapped:        0 kB
Node 1 FileHugePages:        0 kB
Node 1 FilePmdMapped:        0 kB
Node 1 HugePages_Total:     0
Node 1 HugePages_Free:      0
Node 1 HugePages_Surp:      0

Load ZFS
Node 0 MemTotal:       24743736 kB
Node 0 MemFree:        24444808 kB
Node 0 MemUsed:          298928 kB
Node 0 Active:            90928 kB
Node 0 Inactive:          47484 kB
Node 0 Active(anon):      42184 kB
Node 0 Inactive(anon):      464 kB
Node 0 Active(file):      48744 kB
Node 0 Inactive(file):    47020 kB
Node 0 Unevictable:        5664 kB
Node 0 Mlocked:            5664 kB
Node 0 Dirty:                60 kB
Node 0 Writeback:             0 kB
Node 0 FilePages:        102104 kB
Node 0 Mapped:            31000 kB
Node 0 AnonPages:         41736 kB
Node 0 Shmem:               680 kB
Node 0 KernelStack:        2792 kB
Node 0 PageTables:         1952 kB
Node 0 NFS_Unstable:          0 kB
Node 0 Bounce:                0 kB
Node 0 WritebackTmp:          0 kB
Node 0 KReclaimable:      25452 kB
Node 0 Slab:              67784 kB
Node 0 SReclaimable:      25452 kB
Node 0 SUnreclaim:        42332 kB
Node 0 AnonHugePages:         0 kB
Node 0 ShmemHugePages:        0 kB
Node 0 ShmemPmdMapped:        0 kB
Node 0 FileHugePages:        0 kB
Node 0 FilePmdMapped:        0 kB
Node 0 HugePages_Total:     0
Node 0 HugePages_Free:      0
Node 0 HugePages_Surp:      0

Node 1 MemTotal:       24686196 kB
Node 1 MemFree:        24199784 kB
Node 1 MemUsed:          486412 kB
Node 1 Active:            32412 kB
Node 1 Inactive:         174968 kB
Node 1 Active(anon):      16636 kB
Node 1 Inactive(anon):      480 kB
Node 1 Active(file):      15776 kB
Node 1 Inactive(file):   174488 kB
Node 1 Unevictable:       13072 kB
Node 1 Mlocked:           13072 kB
Node 1 Dirty:               592 kB
Node 1 Writeback:             0 kB
Node 1 FilePages:        193384 kB
Node 1 Mapped:            42832 kB
Node 1 AnonPages:         27064 kB
Node 1 Shmem:               588 kB
Node 1 KernelStack:        1416 kB
Node 1 PageTables:         1264 kB
Node 1 NFS_Unstable:          0 kB
Node 1 Bounce:                0 kB
Node 1 WritebackTmp:          0 kB
Node 1 KReclaimable:      17928 kB
Node 1 Slab:              45932 kB
Node 1 SReclaimable:      17928 kB
Node 1 SUnreclaim:        28004 kB
Node 1 AnonHugePages:         0 kB
Node 1 ShmemHugePages:        0 kB
Node 1 ShmemPmdMapped:        0 kB
Node 1 FileHugePages:        0 kB
Node 1 FilePmdMapped:        0 kB
Node 1 HugePages_Total:     0
Node 1 HugePages_Free:      0
Node 1 HugePages_Surp:      0

Import tank ZPool
Node 0 MemTotal:       24743736 kB
Node 0 MemFree:        24425640 kB
Node 0 MemUsed:          318096 kB
Node 0 Active:            91276 kB
Node 0 Inactive:          48676 kB
Node 0 Active(anon):      42184 kB
Node 0 Inactive(anon):      468 kB
Node 0 Active(file):      49092 kB
Node 0 Inactive(file):    48208 kB
Node 0 Unevictable:        5664 kB
Node 0 Mlocked:            5664 kB
Node 0 Dirty:                20 kB
Node 0 Writeback:             0 kB
Node 0 FilePages:        103656 kB
Node 0 Mapped:            31328 kB
Node 0 AnonPages:         41736 kB
Node 0 Shmem:               680 kB
Node 0 KernelStack:        3880 kB
Node 0 PageTables:         1968 kB
Node 0 NFS_Unstable:          0 kB
Node 0 Bounce:                0 kB
Node 0 WritebackTmp:          0 kB
Node 0 KReclaimable:      25568 kB
Node 0 Slab:              74032 kB
Node 0 SReclaimable:      25568 kB
Node 0 SUnreclaim:        48464 kB
Node 0 AnonHugePages:         0 kB
Node 0 ShmemHugePages:        0 kB
Node 0 ShmemPmdMapped:        0 kB
Node 0 FileHugePages:        0 kB
Node 0 FilePmdMapped:        0 kB
Node 0 HugePages_Total:     0
Node 0 HugePages_Free:      0
Node 0 HugePages_Surp:      0

Node 1 MemTotal:       24686196 kB
Node 1 MemFree:        24200408 kB
Node 1 MemUsed:          485788 kB
Node 1 Active:            32084 kB
Node 1 Inactive:         174968 kB
Node 1 Active(anon):      16308 kB
Node 1 Inactive(anon):      480 kB
Node 1 Active(file):      15776 kB
Node 1 Inactive(file):   174488 kB
Node 1 Unevictable:       13088 kB
Node 1 Mlocked:           13088 kB
Node 1 Dirty:                24 kB
Node 1 Writeback:             0 kB
Node 1 FilePages:        193384 kB
Node 1 Mapped:            42364 kB
Node 1 AnonPages:         26756 kB
Node 1 Shmem:               588 kB
Node 1 KernelStack:        1384 kB
Node 1 PageTables:          828 kB
Node 1 NFS_Unstable:          0 kB
Node 1 Bounce:                0 kB
Node 1 WritebackTmp:          0 kB
Node 1 KReclaimable:      17928 kB
Node 1 Slab:              46456 kB
Node 1 SReclaimable:      17928 kB
Node 1 SUnreclaim:        28528 kB
Node 1 AnonHugePages:         0 kB
Node 1 ShmemHugePages:        0 kB
Node 1 ShmemPmdMapped:        0 kB
Node 1 FileHugePages:        0 kB
Node 1 FilePmdMapped:        0 kB
Node 1 HugePages_Total:     0
Node 1 HugePages_Free:      0
Node 1 HugePages_Surp:      0

After Test
Node 0 MemTotal:       24743736 kB
Node 0 MemFree:        23906436 kB
Node 0 MemUsed:          837300 kB
Node 0 Active:            77308 kB
Node 0 Inactive:          48784 kB
Node 0 Active(anon):      26048 kB
Node 0 Inactive(anon):      492 kB
Node 0 Active(file):      51260 kB
Node 0 Inactive(file):    48292 kB
Node 0 Unevictable:        5664 kB
Node 0 Mlocked:            5664 kB
Node 0 Dirty:                28 kB
Node 0 Writeback:             0 kB
Node 0 FilePages:        105936 kB
Node 0 Mapped:            28064 kB
Node 0 AnonPages:         25736 kB
Node 0 Shmem:               724 kB
Node 0 KernelStack:        3480 kB
Node 0 PageTables:          780 kB
Node 0 NFS_Unstable:          0 kB
Node 0 Bounce:                0 kB
Node 0 WritebackTmp:          0 kB
Node 0 KReclaimable:      26852 kB
Node 0 Slab:              78364 kB
Node 0 SReclaimable:      26852 kB
Node 0 SUnreclaim:        51512 kB
Node 0 AnonHugePages:         0 kB
Node 0 ShmemHugePages:        0 kB
Node 0 ShmemPmdMapped:        0 kB
Node 0 FileHugePages:        0 kB
Node 0 FilePmdMapped:        0 kB
Node 0 HugePages_Total:     0
Node 0 HugePages_Free:      0
Node 0 HugePages_Surp:      0

Node 1 MemTotal:       24686196 kB
Node 1 MemFree:        24207640 kB
Node 1 MemUsed:          478556 kB
Node 1 Active:            23204 kB
Node 1 Inactive:         174884 kB
Node 1 Active(anon):       7352 kB
Node 1 Inactive(anon):      472 kB
Node 1 Active(file):      15852 kB
Node 1 Inactive(file):   174412 kB
Node 1 Unevictable:       13088 kB
Node 1 Mlocked:           13088 kB
Node 1 Dirty:                24 kB
Node 1 Writeback:             0 kB
Node 1 FilePages:        193384 kB
Node 1 Mapped:            41808 kB
Node 1 AnonPages:         17792 kB
Node 1 Shmem:               588 kB
Node 1 KernelStack:        1304 kB
Node 1 PageTables:          436 kB
Node 1 NFS_Unstable:          0 kB
Node 1 Bounce:                0 kB
Node 1 WritebackTmp:          0 kB
Node 1 KReclaimable:      17928 kB
Node 1 Slab:              46272 kB
Node 1 SReclaimable:      17928 kB
Node 1 SUnreclaim:        28344 kB
Node 1 AnonHugePages:         0 kB
Node 1 ShmemHugePages:        0 kB
Node 1 ShmemPmdMapped:        0 kB
Node 1 FileHugePages:        0 kB
Node 1 FilePmdMapped:        0 kB
Node 1 HugePages_Total:     0
Node 1 HugePages_Free:      0
Node 1 HugePages_Surp:      0

After Opposite Node
Node 0 MemTotal:       24743736 kB
Node 0 MemFree:        23907712 kB
Node 0 MemUsed:          836024 kB
Node 0 Active:            77348 kB
Node 0 Inactive:          48596 kB
Node 0 Active(anon):      25896 kB
Node 0 Inactive(anon):      468 kB
Node 0 Active(file):      51452 kB
Node 0 Inactive(file):    48128 kB
Node 0 Unevictable:        5664 kB
Node 0 Mlocked:            5664 kB
Node 0 Dirty:                76 kB
Node 0 Writeback:             0 kB
Node 0 FilePages:        105920 kB
Node 0 Mapped:            28036 kB
Node 0 AnonPages:         25684 kB
Node 0 Shmem:               680 kB
Node 0 KernelStack:        3464 kB
Node 0 PageTables:          664 kB
Node 0 NFS_Unstable:          0 kB
Node 0 Bounce:                0 kB
Node 0 WritebackTmp:          0 kB
Node 0 KReclaimable:      26852 kB
Node 0 Slab:              78324 kB
Node 0 SReclaimable:      26852 kB
Node 0 SUnreclaim:        51472 kB
Node 0 AnonHugePages:         0 kB
Node 0 ShmemHugePages:        0 kB
Node 0 ShmemPmdMapped:        0 kB
Node 0 FileHugePages:        0 kB
Node 0 FilePmdMapped:        0 kB
Node 0 HugePages_Total:     0
Node 0 HugePages_Free:      0
Node 0 HugePages_Surp:      0

Node 1 MemTotal:       24686196 kB
Node 1 MemFree:        24208248 kB
Node 1 MemUsed:          477948 kB
Node 1 Active:            23372 kB
Node 1 Inactive:         174916 kB
Node 1 Active(anon):       7516 kB
Node 1 Inactive(anon):      496 kB
Node 1 Active(file):      15856 kB
Node 1 Inactive(file):   174420 kB
Node 1 Unevictable:       13088 kB
Node 1 Mlocked:           13088 kB
Node 1 Dirty:                40 kB
Node 1 Writeback:             0 kB
Node 1 FilePages:        193440 kB
Node 1 Mapped:            41852 kB
Node 1 AnonPages:         17856 kB
Node 1 Shmem:               632 kB
Node 1 KernelStack:        1320 kB
Node 1 PageTables:          548 kB
Node 1 NFS_Unstable:          0 kB
Node 1 Bounce:                0 kB
Node 1 WritebackTmp:          0 kB
Node 1 KReclaimable:      17968 kB
Node 1 Slab:              46680 kB
Node 1 SReclaimable:      17968 kB
Node 1 SUnreclaim:        28712 kB
Node 1 AnonHugePages:         0 kB
Node 1 ShmemHugePages:        0 kB
Node 1 ShmemPmdMapped:        0 kB
Node 1 FileHugePages:        0 kB
Node 1 FilePmdMapped:        0 kB
Node 1 HugePages_Total:     0
Node 1 HugePages_Free:      0
Node 1 HugePages_Surp:      0

B.0.smallfio.250M.1.O Complete!
