B.0.bigfio.500M.2.O
Begin
Node 0 MemTotal:       24768352 kB
Node 0 MemFree:        24569216 kB
Node 0 MemUsed:          199136 kB
Node 0 Active:            36812 kB
Node 0 Inactive:          30596 kB
Node 0 Active(anon):      17488 kB
Node 0 Inactive(anon):      588 kB
Node 0 Active(file):      19324 kB
Node 0 Inactive(file):    30008 kB
Node 0 Unevictable:        1000 kB
Node 0 Mlocked:            1000 kB
Node 0 Dirty:               480 kB
Node 0 Writeback:             0 kB
Node 0 FilePages:         51284 kB
Node 0 Mapped:            14752 kB
Node 0 AnonPages:         17316 kB
Node 0 Shmem:               792 kB
Node 0 KernelStack:        2184 kB
Node 0 PageTables:          504 kB
Node 0 NFS_Unstable:          0 kB
Node 0 Bounce:                0 kB
Node 0 WritebackTmp:          0 kB
Node 0 KReclaimable:      17392 kB
Node 0 Slab:              44528 kB
Node 0 SReclaimable:      17392 kB
Node 0 SUnreclaim:        27136 kB
Node 0 AnonHugePages:         0 kB
Node 0 ShmemHugePages:        0 kB
Node 0 ShmemPmdMapped:        0 kB
Node 0 FileHugePages:        0 kB
Node 0 FilePmdMapped:        0 kB
Node 0 HugePages_Total:     0
Node 0 HugePages_Free:      0
Node 0 HugePages_Surp:      0

Node 1 MemTotal:       24661580 kB
Node 1 MemFree:        24250404 kB
Node 1 MemUsed:          411176 kB
Node 1 Active:            57552 kB
Node 1 Inactive:          56852 kB
Node 1 Active(anon):      16160 kB
Node 1 Inactive(anon):      300 kB
Node 1 Active(file):      41392 kB
Node 1 Inactive(file):    56552 kB
Node 1 Unevictable:       17520 kB
Node 1 Mlocked:           17520 kB
Node 1 Dirty:               228 kB
Node 1 Writeback:             0 kB
Node 1 FilePages:        105612 kB
Node 1 Mapped:            27432 kB
Node 1 AnonPages:         26380 kB
Node 1 Shmem:               476 kB
Node 1 KernelStack:        1496 kB
Node 1 PageTables:          620 kB
Node 1 NFS_Unstable:          0 kB
Node 1 Bounce:                0 kB
Node 1 WritebackTmp:          0 kB
Node 1 KReclaimable:      23936 kB
Node 1 Slab:              60940 kB
Node 1 SReclaimable:      23936 kB
Node 1 SUnreclaim:        37004 kB
Node 1 AnonHugePages:         0 kB
Node 1 ShmemHugePages:        0 kB
Node 1 ShmemPmdMapped:        0 kB
Node 1 FileHugePages:        0 kB
Node 1 FilePmdMapped:        0 kB
Node 1 HugePages_Total:     0
Node 1 HugePages_Free:      0
Node 1 HugePages_Surp:      0

Load ZFS
Node 0 MemTotal:       24768352 kB
Node 0 MemFree:        24318868 kB
Node 0 MemUsed:          449484 kB
Node 0 Active:            47636 kB
Node 0 Inactive:         127712 kB
Node 0 Active(anon):      26740 kB
Node 0 Inactive(anon):      376 kB
Node 0 Active(file):      20896 kB
Node 0 Inactive(file):   127336 kB
Node 0 Unevictable:        1000 kB
Node 0 Mlocked:            1000 kB
Node 0 Dirty:               420 kB
Node 0 Writeback:             0 kB
Node 0 FilePages:        149744 kB
Node 0 Mapped:            16892 kB
Node 0 AnonPages:         26152 kB
Node 0 Shmem:               512 kB
Node 0 KernelStack:        2332 kB
Node 0 PageTables:          932 kB
Node 0 NFS_Unstable:          0 kB
Node 0 Bounce:                0 kB
Node 0 WritebackTmp:          0 kB
Node 0 KReclaimable:      18396 kB
Node 0 Slab:              48868 kB
Node 0 SReclaimable:      18396 kB
Node 0 SUnreclaim:        30472 kB
Node 0 AnonHugePages:         0 kB
Node 0 ShmemHugePages:        0 kB
Node 0 ShmemPmdMapped:        0 kB
Node 0 FileHugePages:        0 kB
Node 0 FilePmdMapped:        0 kB
Node 0 HugePages_Total:     0
Node 0 HugePages_Free:      0
Node 0 HugePages_Surp:      0

Node 1 MemTotal:       24661580 kB
Node 1 MemFree:        24356296 kB
Node 1 MemUsed:          305284 kB
Node 1 Active:            75488 kB
Node 1 Inactive:          63088 kB
Node 1 Active(anon):      33052 kB
Node 1 Inactive(anon):      568 kB
Node 1 Active(file):      42436 kB
Node 1 Inactive(file):    62520 kB
Node 1 Unevictable:       17736 kB
Node 1 Mlocked:           17736 kB
Node 1 Dirty:               244 kB
Node 1 Writeback:             0 kB
Node 1 FilePages:        112904 kB
Node 1 Mapped:            29624 kB
Node 1 AnonPages:         43500 kB
Node 1 Shmem:               756 kB
Node 1 KernelStack:        1884 kB
Node 1 PageTables:         1952 kB
Node 1 NFS_Unstable:          0 kB
Node 1 Bounce:                0 kB
Node 1 WritebackTmp:          0 kB
Node 1 KReclaimable:      24656 kB
Node 1 Slab:              64288 kB
Node 1 SReclaimable:      24656 kB
Node 1 SUnreclaim:        39632 kB
Node 1 AnonHugePages:         0 kB
Node 1 ShmemHugePages:        0 kB
Node 1 ShmemPmdMapped:        0 kB
Node 1 FileHugePages:        0 kB
Node 1 FilePmdMapped:        0 kB
Node 1 HugePages_Total:     0
Node 1 HugePages_Free:      0
Node 1 HugePages_Surp:      0

Import tank ZPool
Node 0 MemTotal:       24768352 kB
Node 0 MemFree:        24302172 kB
Node 0 MemUsed:          466180 kB
Node 0 Active:            47900 kB
Node 0 Inactive:         128908 kB
Node 0 Active(anon):      26644 kB
Node 0 Inactive(anon):      380 kB
Node 0 Active(file):      21256 kB
Node 0 Inactive(file):   128528 kB
Node 0 Unevictable:        1000 kB
Node 0 Mlocked:            1000 kB
Node 0 Dirty:               460 kB
Node 0 Writeback:             0 kB
Node 0 FilePages:        151308 kB
Node 0 Mapped:            16620 kB
Node 0 AnonPages:         26620 kB
Node 0 Shmem:               520 kB
Node 0 KernelStack:        3432 kB
Node 0 PageTables:          912 kB
Node 0 NFS_Unstable:          0 kB
Node 0 Bounce:                0 kB
Node 0 WritebackTmp:          0 kB
Node 0 KReclaimable:      18492 kB
Node 0 Slab:              55380 kB
Node 0 SReclaimable:      18492 kB
Node 0 SUnreclaim:        36888 kB
Node 0 AnonHugePages:         0 kB
Node 0 ShmemHugePages:        0 kB
Node 0 ShmemPmdMapped:        0 kB
Node 0 FileHugePages:        0 kB
Node 0 FilePmdMapped:        0 kB
Node 0 HugePages_Total:     0
Node 0 HugePages_Free:      0
Node 0 HugePages_Surp:      0

Node 1 MemTotal:       24661580 kB
Node 1 MemFree:        24357296 kB
Node 1 MemUsed:          304284 kB
Node 1 Active:            75376 kB
Node 1 Inactive:          63088 kB
Node 1 Active(anon):      32940 kB
Node 1 Inactive(anon):      568 kB
Node 1 Active(file):      42436 kB
Node 1 Inactive(file):    62520 kB
Node 1 Unevictable:       17752 kB
Node 1 Mlocked:           17752 kB
Node 1 Dirty:               276 kB
Node 1 Writeback:             0 kB
Node 1 FilePages:        112896 kB
Node 1 Mapped:            29440 kB
Node 1 AnonPages:         43316 kB
Node 1 Shmem:               748 kB
Node 1 KernelStack:        1832 kB
Node 1 PageTables:         1800 kB
Node 1 NFS_Unstable:          0 kB
Node 1 Bounce:                0 kB
Node 1 WritebackTmp:          0 kB
Node 1 KReclaimable:      24656 kB
Node 1 Slab:              64376 kB
Node 1 SReclaimable:      24656 kB
Node 1 SUnreclaim:        39720 kB
Node 1 AnonHugePages:         0 kB
Node 1 ShmemHugePages:        0 kB
Node 1 ShmemPmdMapped:        0 kB
Node 1 FileHugePages:        0 kB
Node 1 FilePmdMapped:        0 kB
Node 1 HugePages_Total:     0
Node 1 HugePages_Free:      0
Node 1 HugePages_Surp:      0

After Test
Node 0 MemTotal:       24768352 kB
Node 0 MemFree:        23626092 kB
Node 0 MemUsed:         1142260 kB
Node 0 Active:            41252 kB
Node 0 Inactive:         129708 kB
Node 0 Active(anon):      18536 kB
Node 0 Inactive(anon):      396 kB
Node 0 Active(file):      22716 kB
Node 0 Inactive(file):   129312 kB
Node 0 Unevictable:        1000 kB
Node 0 Mlocked:            1000 kB
Node 0 Dirty:               480 kB
Node 0 Writeback:             0 kB
Node 0 FilePages:        153592 kB
Node 0 Mapped:            15000 kB
Node 0 AnonPages:         18284 kB
Node 0 Shmem:               564 kB
Node 0 KernelStack:        3320 kB
Node 0 PageTables:          604 kB
Node 0 NFS_Unstable:          0 kB
Node 0 Bounce:                0 kB
Node 0 WritebackTmp:          0 kB
Node 0 KReclaimable:      19812 kB
Node 0 Slab:              61388 kB
Node 0 SReclaimable:      19812 kB
Node 0 SUnreclaim:        41576 kB
Node 0 AnonHugePages:         0 kB
Node 0 ShmemHugePages:        0 kB
Node 0 ShmemPmdMapped:        0 kB
Node 0 FileHugePages:        0 kB
Node 0 FilePmdMapped:        0 kB
Node 0 HugePages_Total:     0
Node 0 HugePages_Free:      0
Node 0 HugePages_Surp:      0

Node 1 MemTotal:       24661580 kB
Node 1 MemFree:        23995896 kB
Node 1 MemUsed:          665684 kB
Node 1 Active:            57624 kB
Node 1 Inactive:          62732 kB
Node 1 Active(anon):      14832 kB
Node 1 Inactive(anon):      568 kB
Node 1 Active(file):      42792 kB
Node 1 Inactive(file):    62164 kB
Node 1 Unevictable:       17752 kB
Node 1 Mlocked:           17752 kB
Node 1 Dirty:               180 kB
Node 1 Writeback:             0 kB
Node 1 FilePages:        112896 kB
Node 1 Mapped:            27436 kB
Node 1 AnonPages:         25208 kB
Node 1 Shmem:               748 kB
Node 1 KernelStack:        1476 kB
Node 1 PageTables:          544 kB
Node 1 NFS_Unstable:          0 kB
Node 1 Bounce:                0 kB
Node 1 WritebackTmp:          0 kB
Node 1 KReclaimable:      24656 kB
Node 1 Slab:              65068 kB
Node 1 SReclaimable:      24656 kB
Node 1 SUnreclaim:        40412 kB
Node 1 AnonHugePages:         0 kB
Node 1 ShmemHugePages:        0 kB
Node 1 ShmemPmdMapped:        0 kB
Node 1 FileHugePages:        0 kB
Node 1 FilePmdMapped:        0 kB
Node 1 HugePages_Total:     0
Node 1 HugePages_Free:      0
Node 1 HugePages_Surp:      0

After Opposite Node
Node 0 MemTotal:       24768352 kB
Node 0 MemFree:        23626924 kB
Node 0 MemUsed:         1141428 kB
Node 0 Active:            41280 kB
Node 0 Inactive:         129528 kB
Node 0 Active(anon):      18388 kB
Node 0 Inactive(anon):      372 kB
Node 0 Active(file):      22892 kB
Node 0 Inactive(file):   129156 kB
Node 0 Unevictable:        1000 kB
Node 0 Mlocked:            1000 kB
Node 0 Dirty:               500 kB
Node 0 Writeback:             0 kB
Node 0 FilePages:        153568 kB
Node 0 Mapped:            14756 kB
Node 0 AnonPages:         18240 kB
Node 0 Shmem:               520 kB
Node 0 KernelStack:        3256 kB
Node 0 PageTables:          492 kB
Node 0 NFS_Unstable:          0 kB
Node 0 Bounce:                0 kB
Node 0 WritebackTmp:          0 kB
Node 0 KReclaimable:      19812 kB
Node 0 Slab:              61140 kB
Node 0 SReclaimable:      19812 kB
Node 0 SUnreclaim:        41328 kB
Node 0 AnonHugePages:         0 kB
Node 0 ShmemHugePages:        0 kB
Node 0 ShmemPmdMapped:        0 kB
Node 0 FileHugePages:        0 kB
Node 0 FilePmdMapped:        0 kB
Node 0 HugePages_Total:     0
Node 0 HugePages_Free:      0
Node 0 HugePages_Surp:      0

Node 1 MemTotal:       24661580 kB
Node 1 MemFree:        23995196 kB
Node 1 MemUsed:          666384 kB
Node 1 Active:            57764 kB
Node 1 Inactive:          63028 kB
Node 1 Active(anon):      14968 kB
Node 1 Inactive(anon):      856 kB
Node 1 Active(file):      42796 kB
Node 1 Inactive(file):    62172 kB
Node 1 Unevictable:       17752 kB
Node 1 Mlocked:           17752 kB
Node 1 Dirty:               188 kB
Node 1 Writeback:             0 kB
Node 1 FilePages:        113200 kB
Node 1 Mapped:            27436 kB
Node 1 AnonPages:         25492 kB
Node 1 Shmem:               748 kB
Node 1 KernelStack:        1476 kB
Node 1 PageTables:          536 kB
Node 1 NFS_Unstable:          0 kB
Node 1 Bounce:                0 kB
Node 1 WritebackTmp:          0 kB
Node 1 KReclaimable:      24676 kB
Node 1 Slab:              65284 kB
Node 1 SReclaimable:      24676 kB
Node 1 SUnreclaim:        40608 kB
Node 1 AnonHugePages:         0 kB
Node 1 ShmemHugePages:        0 kB
Node 1 ShmemPmdMapped:        0 kB
Node 1 FileHugePages:        0 kB
Node 1 FilePmdMapped:        0 kB
Node 1 HugePages_Total:     0
Node 1 HugePages_Free:      0
Node 1 HugePages_Surp:      0

B.0.bigfio.500M.2.O Complete!
