B.0.bigfio.2-1G.1.O
Begin
Node 0 MemTotal:       24768352 kB
Node 0 MemFree:        24334688 kB
Node 0 MemUsed:          433664 kB
Node 0 Active:            70204 kB
Node 0 Inactive:          72944 kB
Node 0 Active(anon):      27648 kB
Node 0 Inactive(anon):      556 kB
Node 0 Active(file):      42556 kB
Node 0 Inactive(file):    72388 kB
Node 0 Unevictable:        5244 kB
Node 0 Mlocked:            5244 kB
Node 0 Dirty:               160 kB
Node 0 Writeback:             0 kB
Node 0 FilePages:        120972 kB
Node 0 Mapped:            37288 kB
Node 0 AnonPages:         27480 kB
Node 0 Shmem:               784 kB
Node 0 KernelStack:        2504 kB
Node 0 PageTables:          776 kB
Node 0 NFS_Unstable:          0 kB
Node 0 Bounce:                0 kB
Node 0 WritebackTmp:          0 kB
Node 0 KReclaimable:      22880 kB
Node 0 Slab:              65672 kB
Node 0 SReclaimable:      22880 kB
Node 0 SUnreclaim:        42792 kB
Node 0 AnonHugePages:         0 kB
Node 0 ShmemHugePages:        0 kB
Node 0 ShmemPmdMapped:        0 kB
Node 0 FileHugePages:        0 kB
Node 0 FilePmdMapped:        0 kB
Node 0 HugePages_Total:     0
Node 0 HugePages_Free:      0
Node 0 HugePages_Surp:      0

Node 1 MemTotal:       24661580 kB
Node 1 MemFree:        24461776 kB
Node 1 MemUsed:          199804 kB
Node 1 Active:            24980 kB
Node 1 Inactive:          38212 kB
Node 1 Active(anon):       6828 kB
Node 1 Inactive(anon):      304 kB
Node 1 Active(file):      18152 kB
Node 1 Inactive(file):    37908 kB
Node 1 Unevictable:       13280 kB
Node 1 Mlocked:           13280 kB
Node 1 Dirty:               264 kB
Node 1 Writeback:             0 kB
Node 1 FilePages:         59496 kB
Node 1 Mapped:            23616 kB
Node 1 AnonPages:         17024 kB
Node 1 Shmem:               484 kB
Node 1 KernelStack:        1128 kB
Node 1 PageTables:          388 kB
Node 1 NFS_Unstable:          0 kB
Node 1 Bounce:                0 kB
Node 1 WritebackTmp:          0 kB
Node 1 KReclaimable:      18944 kB
Node 1 Slab:              41860 kB
Node 1 SReclaimable:      18944 kB
Node 1 SUnreclaim:        22916 kB
Node 1 AnonHugePages:         0 kB
Node 1 ShmemHugePages:        0 kB
Node 1 ShmemPmdMapped:        0 kB
Node 1 FileHugePages:        0 kB
Node 1 FilePmdMapped:        0 kB
Node 1 HugePages_Total:     0
Node 1 HugePages_Free:      0
Node 1 HugePages_Surp:      0

Load ZFS
Node 0 MemTotal:       24768352 kB
Node 0 MemFree:        24423372 kB
Node 0 MemUsed:          344980 kB
Node 0 Active:            87448 kB
Node 0 Inactive:          98020 kB
Node 0 Active(anon):      43324 kB
Node 0 Inactive(anon):      420 kB
Node 0 Active(file):      44124 kB
Node 0 Inactive(file):    97600 kB
Node 0 Unevictable:        5244 kB
Node 0 Mlocked:            5244 kB
Node 0 Dirty:               368 kB
Node 0 Writeback:             0 kB
Node 0 FilePages:        147576 kB
Node 0 Mapped:            39104 kB
Node 0 AnonPages:         43592 kB
Node 0 Shmem:               612 kB
Node 0 KernelStack:        2776 kB
Node 0 PageTables:         1588 kB
Node 0 NFS_Unstable:          0 kB
Node 0 Bounce:                0 kB
Node 0 WritebackTmp:          0 kB
Node 0 KReclaimable:      23600 kB
Node 0 Slab:              68132 kB
Node 0 SReclaimable:      23600 kB
Node 0 SUnreclaim:        44532 kB
Node 0 AnonHugePages:         0 kB
Node 0 ShmemHugePages:        0 kB
Node 0 ShmemPmdMapped:        0 kB
Node 0 FileHugePages:        0 kB
Node 0 FilePmdMapped:        0 kB
Node 0 HugePages_Total:     0
Node 0 HugePages_Free:      0
Node 0 HugePages_Surp:      0

Node 1 MemTotal:       24661580 kB
Node 1 MemFree:        24227864 kB
Node 1 MemUsed:          433716 kB
Node 1 Active:            36884 kB
Node 1 Inactive:         116820 kB
Node 1 Active(anon):      17616 kB
Node 1 Inactive(anon):      516 kB
Node 1 Active(file):      19268 kB
Node 1 Inactive(file):   116304 kB
Node 1 Unevictable:       13412 kB
Node 1 Mlocked:           13412 kB
Node 1 Dirty:               264 kB
Node 1 Writeback:             0 kB
Node 1 FilePages:        139176 kB
Node 1 Mapped:            26620 kB
Node 1 AnonPages:         28404 kB
Node 1 Shmem:               656 kB
Node 1 KernelStack:        1528 kB
Node 1 PageTables:         1644 kB
Node 1 NFS_Unstable:          0 kB
Node 1 Bounce:                0 kB
Node 1 WritebackTmp:          0 kB
Node 1 KReclaimable:      20028 kB
Node 1 Slab:              46344 kB
Node 1 SReclaimable:      20028 kB
Node 1 SUnreclaim:        26316 kB
Node 1 AnonHugePages:         0 kB
Node 1 ShmemHugePages:        0 kB
Node 1 ShmemPmdMapped:        0 kB
Node 1 FileHugePages:        0 kB
Node 1 FilePmdMapped:        0 kB
Node 1 HugePages_Total:     0
Node 1 HugePages_Free:      0
Node 1 HugePages_Surp:      0

Import tank ZPool
Node 0 MemTotal:       24768352 kB
Node 0 MemFree:        24419264 kB
Node 0 MemUsed:          349088 kB
Node 0 Active:            73404 kB
Node 0 Inactive:          98976 kB
Node 0 Active(anon):      28720 kB
Node 0 Inactive(anon):      424 kB
Node 0 Active(file):      44684 kB
Node 0 Inactive(file):    98552 kB
Node 0 Unevictable:        5244 kB
Node 0 Mlocked:            5244 kB
Node 0 Dirty:               316 kB
Node 0 Writeback:             0 kB
Node 0 FilePages:        149072 kB
Node 0 Mapped:            37472 kB
Node 0 AnonPages:         28264 kB
Node 0 Shmem:               596 kB
Node 0 KernelStack:        3544 kB
Node 0 PageTables:          824 kB
Node 0 NFS_Unstable:          0 kB
Node 0 Bounce:                0 kB
Node 0 WritebackTmp:          0 kB
Node 0 KReclaimable:      23720 kB
Node 0 Slab:              74172 kB
Node 0 SReclaimable:      23720 kB
Node 0 SUnreclaim:        50452 kB
Node 0 AnonHugePages:         0 kB
Node 0 ShmemHugePages:        0 kB
Node 0 ShmemPmdMapped:        0 kB
Node 0 FileHugePages:        0 kB
Node 0 FilePmdMapped:        0 kB
Node 0 HugePages_Total:     0
Node 0 HugePages_Free:      0
Node 0 HugePages_Surp:      0

Node 1 MemTotal:       24661580 kB
Node 1 MemFree:        24241220 kB
Node 1 MemUsed:          420360 kB
Node 1 Active:            24848 kB
Node 1 Inactive:         116084 kB
Node 1 Active(anon):       5248 kB
Node 1 Inactive(anon):      528 kB
Node 1 Active(file):      19600 kB
Node 1 Inactive(file):   115556 kB
Node 1 Unevictable:       13512 kB
Node 1 Mlocked:           13512 kB
Node 1 Dirty:               312 kB
Node 1 Writeback:             0 kB
Node 1 FilePages:        138796 kB
Node 1 Mapped:            23656 kB
Node 1 AnonPages:         15664 kB
Node 1 Shmem:               672 kB
Node 1 KernelStack:        1144 kB
Node 1 PageTables:          320 kB
Node 1 NFS_Unstable:          0 kB
Node 1 Bounce:                0 kB
Node 1 WritebackTmp:          0 kB
Node 1 KReclaimable:      20056 kB
Node 1 Slab:              46272 kB
Node 1 SReclaimable:      20056 kB
Node 1 SUnreclaim:        26216 kB
Node 1 AnonHugePages:         0 kB
Node 1 ShmemHugePages:        0 kB
Node 1 ShmemPmdMapped:        0 kB
Node 1 FileHugePages:        0 kB
Node 1 FilePmdMapped:        0 kB
Node 1 HugePages_Total:     0
Node 1 HugePages_Free:      0
Node 1 HugePages_Surp:      0

After Test
Node 0 MemTotal:       24768352 kB
Node 0 MemFree:        23068988 kB
Node 0 MemUsed:         1699364 kB
Node 0 Active:            74232 kB
Node 0 Inactive:          99924 kB
Node 0 Active(anon):      28240 kB
Node 0 Inactive(anon):      444 kB
Node 0 Active(file):      45992 kB
Node 0 Inactive(file):    99480 kB
Node 0 Unevictable:        5244 kB
Node 0 Mlocked:            5244 kB
Node 0 Dirty:               280 kB
Node 0 Writeback:             0 kB
Node 0 FilePages:        151352 kB
Node 0 Mapped:            37632 kB
Node 0 AnonPages:         27576 kB
Node 0 Shmem:               640 kB
Node 0 KernelStack:        3640 kB
Node 0 PageTables:          944 kB
Node 0 NFS_Unstable:          0 kB
Node 0 Bounce:                0 kB
Node 0 WritebackTmp:          0 kB
Node 0 KReclaimable:      25100 kB
Node 0 Slab:              83344 kB
Node 0 SReclaimable:      25100 kB
Node 0 SUnreclaim:        58244 kB
Node 0 AnonHugePages:         0 kB
Node 0 ShmemHugePages:        0 kB
Node 0 ShmemPmdMapped:        0 kB
Node 0 FileHugePages:        0 kB
Node 0 FilePmdMapped:        0 kB
Node 0 HugePages_Total:     0
Node 0 HugePages_Free:      0
Node 0 HugePages_Surp:      0

Node 1 MemTotal:       24661580 kB
Node 1 MemFree:        23718764 kB
Node 1 MemUsed:          942816 kB
Node 1 Active:            24912 kB
Node 1 Inactive:         116044 kB
Node 1 Active(anon):       5248 kB
Node 1 Inactive(anon):      528 kB
Node 1 Active(file):      19664 kB
Node 1 Inactive(file):   115516 kB
Node 1 Unevictable:       13512 kB
Node 1 Mlocked:           13512 kB
Node 1 Dirty:               296 kB
Node 1 Writeback:             0 kB
Node 1 FilePages:        138812 kB
Node 1 Mapped:            23628 kB
Node 1 AnonPages:         15680 kB
Node 1 Shmem:               672 kB
Node 1 KernelStack:        1128 kB
Node 1 PageTables:          320 kB
Node 1 NFS_Unstable:          0 kB
Node 1 Bounce:                0 kB
Node 1 WritebackTmp:          0 kB
Node 1 KReclaimable:      20144 kB
Node 1 Slab:              48816 kB
Node 1 SReclaimable:      20144 kB
Node 1 SUnreclaim:        28672 kB
Node 1 AnonHugePages:         0 kB
Node 1 ShmemHugePages:        0 kB
Node 1 ShmemPmdMapped:        0 kB
Node 1 FileHugePages:        0 kB
Node 1 FilePmdMapped:        0 kB
Node 1 HugePages_Total:     0
Node 1 HugePages_Free:      0
Node 1 HugePages_Surp:      0

After Opposite Node
Node 0 MemTotal:       24768352 kB
Node 0 MemFree:        23067936 kB
Node 0 MemUsed:         1700416 kB
Node 0 Active:            74188 kB
Node 0 Inactive:          99676 kB
Node 0 Active(anon):      27956 kB
Node 0 Inactive(anon):      416 kB
Node 0 Active(file):      46232 kB
Node 0 Inactive(file):    99260 kB
Node 0 Unevictable:        5244 kB
Node 0 Mlocked:            5244 kB
Node 0 Dirty:               308 kB
Node 0 Writeback:             0 kB
Node 0 FilePages:        151328 kB
Node 0 Mapped:            37600 kB
Node 0 AnonPages:         27776 kB
Node 0 Shmem:               596 kB
Node 0 KernelStack:        3512 kB
Node 0 PageTables:          768 kB
Node 0 NFS_Unstable:          0 kB
Node 0 Bounce:                0 kB
Node 0 WritebackTmp:          0 kB
Node 0 KReclaimable:      25116 kB
Node 0 Slab:              83576 kB
Node 0 SReclaimable:      25116 kB
Node 0 SUnreclaim:        58460 kB
Node 0 AnonHugePages:         0 kB
Node 0 ShmemHugePages:        0 kB
Node 0 ShmemPmdMapped:        0 kB
Node 0 FileHugePages:        0 kB
Node 0 FilePmdMapped:        0 kB
Node 0 HugePages_Total:     0
Node 0 HugePages_Free:      0
Node 0 HugePages_Surp:      0

Node 1 MemTotal:       24661580 kB
Node 1 MemFree:        23717996 kB
Node 1 MemUsed:          943584 kB
Node 1 Active:            25136 kB
Node 1 Inactive:         116088 kB
Node 1 Active(anon):       5460 kB
Node 1 Inactive(anon):      564 kB
Node 1 Active(file):      19676 kB
Node 1 Inactive(file):   115524 kB
Node 1 Unevictable:       13512 kB
Node 1 Mlocked:           13512 kB
Node 1 Dirty:               312 kB
Node 1 Writeback:             0 kB
Node 1 FilePages:        138868 kB
Node 1 Mapped:            23672 kB
Node 1 AnonPages:         15736 kB
Node 1 Shmem:               716 kB
Node 1 KernelStack:        1160 kB
Node 1 PageTables:          440 kB
Node 1 NFS_Unstable:          0 kB
Node 1 Bounce:                0 kB
Node 1 WritebackTmp:          0 kB
Node 1 KReclaimable:      20192 kB
Node 1 Slab:              48980 kB
Node 1 SReclaimable:      20192 kB
Node 1 SUnreclaim:        28788 kB
Node 1 AnonHugePages:         0 kB
Node 1 ShmemHugePages:        0 kB
Node 1 ShmemPmdMapped:        0 kB
Node 1 FileHugePages:        0 kB
Node 1 FilePmdMapped:        0 kB
Node 1 HugePages_Total:     0
Node 1 HugePages_Free:      0
Node 1 HugePages_Surp:      0

B.0.bigfio.2-1G.1.O Complete!
