B.0.smallfio.8G.1.O
Begin
Node 0 MemTotal:       24768352 kB
Node 0 MemFree:        24342816 kB
Node 0 MemUsed:          425536 kB
Node 0 Active:            64768 kB
Node 0 Inactive:          86676 kB
Node 0 Active(anon):      22492 kB
Node 0 Inactive(anon):      320 kB
Node 0 Active(file):      42276 kB
Node 0 Inactive(file):    86356 kB
Node 0 Unevictable:         576 kB
Node 0 Mlocked:             576 kB
Node 0 Dirty:               520 kB
Node 0 Writeback:             0 kB
Node 0 FilePages:        129692 kB
Node 0 Mapped:            36956 kB
Node 0 AnonPages:         22420 kB
Node 0 Shmem:               484 kB
Node 0 KernelStack:        2424 kB
Node 0 PageTables:          708 kB
Node 0 NFS_Unstable:          0 kB
Node 0 Bounce:                0 kB
Node 0 WritebackTmp:          0 kB
Node 0 KReclaimable:      22616 kB
Node 0 Slab:              54884 kB
Node 0 SReclaimable:      22616 kB
Node 0 SUnreclaim:        32268 kB
Node 0 AnonHugePages:         0 kB
Node 0 ShmemHugePages:        0 kB
Node 0 ShmemPmdMapped:        0 kB
Node 0 FileHugePages:        0 kB
Node 0 FilePmdMapped:        0 kB
Node 0 HugePages_Total:     0
Node 0 HugePages_Free:      0
Node 0 HugePages_Surp:      0

Node 1 MemTotal:       24661580 kB
Node 1 MemFree:        24464444 kB
Node 1 MemUsed:          197136 kB
Node 1 Active:            29828 kB
Node 1 Inactive:          15268 kB
Node 1 Active(anon):      11340 kB
Node 1 Inactive(anon):      556 kB
Node 1 Active(file):      18488 kB
Node 1 Inactive(file):    14712 kB
Node 1 Unevictable:       17948 kB
Node 1 Mlocked:           17948 kB
Node 1 Dirty:                20 kB
Node 1 Writeback:             0 kB
Node 1 FilePages:         41768 kB
Node 1 Mapped:            17896 kB
Node 1 AnonPages:         21440 kB
Node 1 Shmem:               784 kB
Node 1 KernelStack:        1208 kB
Node 1 PageTables:          340 kB
Node 1 NFS_Unstable:          0 kB
Node 1 Bounce:                0 kB
Node 1 WritebackTmp:          0 kB
Node 1 KReclaimable:      18748 kB
Node 1 Slab:              50504 kB
Node 1 SReclaimable:      18748 kB
Node 1 SUnreclaim:        31756 kB
Node 1 AnonHugePages:         0 kB
Node 1 ShmemHugePages:        0 kB
Node 1 ShmemPmdMapped:        0 kB
Node 1 FileHugePages:        0 kB
Node 1 FilePmdMapped:        0 kB
Node 1 HugePages_Total:     0
Node 1 HugePages_Free:      0
Node 1 HugePages_Surp:      0

Load ZFS
Node 0 MemTotal:       24768352 kB
Node 0 MemFree:        24249144 kB
Node 0 MemUsed:          519208 kB
Node 0 Active:            78992 kB
Node 0 Inactive:         162224 kB
Node 0 Active(anon):      36040 kB
Node 0 Inactive(anon):      468 kB
Node 0 Active(file):      42952 kB
Node 0 Inactive(file):   161756 kB
Node 0 Unevictable:         576 kB
Node 0 Mlocked:             576 kB
Node 0 Dirty:               576 kB
Node 0 Writeback:             0 kB
Node 0 FilePages:        205920 kB
Node 0 Mapped:            39272 kB
Node 0 AnonPages:         36168 kB
Node 0 Shmem:               636 kB
Node 0 KernelStack:        2568 kB
Node 0 PageTables:         1660 kB
Node 0 NFS_Unstable:          0 kB
Node 0 Bounce:                0 kB
Node 0 WritebackTmp:          0 kB
Node 0 KReclaimable:      23432 kB
Node 0 Slab:              58392 kB
Node 0 SReclaimable:      23432 kB
Node 0 SUnreclaim:        34960 kB
Node 0 AnonHugePages:         0 kB
Node 0 ShmemHugePages:        0 kB
Node 0 ShmemPmdMapped:        0 kB
Node 0 FileHugePages:        0 kB
Node 0 FilePmdMapped:        0 kB
Node 0 HugePages_Total:     0
Node 0 HugePages_Free:      0
Node 0 HugePages_Surp:      0

Node 1 MemTotal:       24661580 kB
Node 1 MemFree:        24416060 kB
Node 1 MemUsed:          245520 kB
Node 1 Active:            42080 kB
Node 1 Inactive:          43108 kB
Node 1 Active(anon):      21656 kB
Node 1 Inactive(anon):      480 kB
Node 1 Active(file):      20424 kB
Node 1 Inactive(file):    42628 kB
Node 1 Unevictable:       18164 kB
Node 1 Mlocked:           18164 kB
Node 1 Dirty:                56 kB
Node 1 Writeback:             0 kB
Node 1 FilePages:         71300 kB
Node 1 Mapped:            19460 kB
Node 1 AnonPages:         32056 kB
Node 1 Shmem:               632 kB
Node 1 KernelStack:        1624 kB
Node 1 PageTables:         1132 kB
Node 1 NFS_Unstable:          0 kB
Node 1 Bounce:                0 kB
Node 1 WritebackTmp:          0 kB
Node 1 KReclaimable:      19692 kB
Node 1 Slab:              54744 kB
Node 1 SReclaimable:      19692 kB
Node 1 SUnreclaim:        35052 kB
Node 1 AnonHugePages:         0 kB
Node 1 ShmemHugePages:        0 kB
Node 1 ShmemPmdMapped:        0 kB
Node 1 FileHugePages:        0 kB
Node 1 FilePmdMapped:        0 kB
Node 1 HugePages_Total:     0
Node 1 HugePages_Free:      0
Node 1 HugePages_Surp:      0

Import tank ZPool
Node 0 MemTotal:       24768352 kB
Node 0 MemFree:        24262816 kB
Node 0 MemUsed:          505536 kB
Node 0 Active:            66264 kB
Node 0 Inactive:         162224 kB
Node 0 Active(anon):      23312 kB
Node 0 Inactive(anon):      468 kB
Node 0 Active(file):      42952 kB
Node 0 Inactive(file):   161756 kB
Node 0 Unevictable:         576 kB
Node 0 Mlocked:             576 kB
Node 0 Dirty:               504 kB
Node 0 Writeback:             0 kB
Node 0 FilePages:        205920 kB
Node 0 Mapped:            37388 kB
Node 0 AnonPages:         22036 kB
Node 0 Shmem:               636 kB
Node 0 KernelStack:        2536 kB
Node 0 PageTables:         1576 kB
Node 0 NFS_Unstable:          0 kB
Node 0 Bounce:                0 kB
Node 0 WritebackTmp:          0 kB
Node 0 KReclaimable:      23432 kB
Node 0 Slab:              58348 kB
Node 0 SReclaimable:      23432 kB
Node 0 SUnreclaim:        34916 kB
Node 0 AnonHugePages:         0 kB
Node 0 ShmemHugePages:        0 kB
Node 0 ShmemPmdMapped:        0 kB
Node 0 FileHugePages:        0 kB
Node 0 FilePmdMapped:        0 kB
Node 0 HugePages_Total:     0
Node 0 HugePages_Free:      0
Node 0 HugePages_Surp:      0

Node 1 MemTotal:       24661580 kB
Node 1 MemFree:        24405372 kB
Node 1 MemUsed:          256208 kB
Node 1 Active:            33212 kB
Node 1 Inactive:          44300 kB
Node 1 Active(anon):      12448 kB
Node 1 Inactive(anon):      484 kB
Node 1 Active(file):      20764 kB
Node 1 Inactive(file):    43816 kB
Node 1 Unevictable:       18180 kB
Node 1 Mlocked:           18180 kB
Node 1 Dirty:                72 kB
Node 1 Writeback:             0 kB
Node 1 FilePages:         72868 kB
Node 1 Mapped:            18532 kB
Node 1 AnonPages:         22280 kB
Node 1 Shmem:               632 kB
Node 1 KernelStack:        2652 kB
Node 1 PageTables:         1204 kB
Node 1 NFS_Unstable:          0 kB
Node 1 Bounce:                0 kB
Node 1 WritebackTmp:          0 kB
Node 1 KReclaimable:      19820 kB
Node 1 Slab:              61324 kB
Node 1 SReclaimable:      19820 kB
Node 1 SUnreclaim:        41504 kB
Node 1 AnonHugePages:         0 kB
Node 1 ShmemHugePages:        0 kB
Node 1 ShmemPmdMapped:        0 kB
Node 1 FileHugePages:        0 kB
Node 1 FilePmdMapped:        0 kB
Node 1 HugePages_Total:     0
Node 1 HugePages_Free:      0
Node 1 HugePages_Surp:      0

After Test
Node 0 MemTotal:       24768352 kB
Node 0 MemFree:        24091756 kB
Node 0 MemUsed:          676596 kB
Node 0 Active:            66392 kB
Node 0 Inactive:         163008 kB
Node 0 Active(anon):      22124 kB
Node 0 Inactive(anon):      496 kB
Node 0 Active(file):      44268 kB
Node 0 Inactive(file):   162512 kB
Node 0 Unevictable:         576 kB
Node 0 Mlocked:             576 kB
Node 0 Dirty:               120 kB
Node 0 Writeback:             0 kB
Node 0 FilePages:        208032 kB
Node 0 Mapped:            37236 kB
Node 0 AnonPages:         21812 kB
Node 0 Shmem:               676 kB
Node 0 KernelStack:        2184 kB
Node 0 PageTables:          772 kB
Node 0 NFS_Unstable:          0 kB
Node 0 Bounce:                0 kB
Node 0 WritebackTmp:          0 kB
Node 0 KReclaimable:      24812 kB
Node 0 Slab:              90236 kB
Node 0 SReclaimable:      24812 kB
Node 0 SUnreclaim:        65424 kB
Node 0 AnonHugePages:         0 kB
Node 0 ShmemHugePages:        0 kB
Node 0 ShmemPmdMapped:        0 kB
Node 0 FileHugePages:        0 kB
Node 0 FilePmdMapped:        0 kB
Node 0 HugePages_Total:     0
Node 0 HugePages_Free:      0
Node 0 HugePages_Surp:      0

Node 1 MemTotal:       24661580 kB
Node 1 MemFree:        15337404 kB
Node 1 MemUsed:         9324176 kB
Node 1 Active:            33068 kB
Node 1 Inactive:          43760 kB
Node 1 Active(anon):      11400 kB
Node 1 Inactive(anon):      484 kB
Node 1 Active(file):      21668 kB
Node 1 Inactive(file):    43276 kB
Node 1 Unevictable:       18180 kB
Node 1 Mlocked:           18180 kB
Node 1 Dirty:                24 kB
Node 1 Writeback:             0 kB
Node 1 FilePages:         73208 kB
Node 1 Mapped:            17924 kB
Node 1 AnonPages:         21808 kB
Node 1 Shmem:               636 kB
Node 1 KernelStack:        2488 kB
Node 1 PageTables:          384 kB
Node 1 NFS_Unstable:          0 kB
Node 1 Bounce:                0 kB
Node 1 WritebackTmp:          0 kB
Node 1 KReclaimable:      19968 kB
Node 1 Slab:              65472 kB
Node 1 SReclaimable:      19968 kB
Node 1 SUnreclaim:        45504 kB
Node 1 AnonHugePages:         0 kB
Node 1 ShmemHugePages:        0 kB
Node 1 ShmemPmdMapped:        0 kB
Node 1 FileHugePages:        0 kB
Node 1 FilePmdMapped:        0 kB
Node 1 HugePages_Total:     0
Node 1 HugePages_Free:      0
Node 1 HugePages_Surp:      0

After Opposite Node
Node 0 MemTotal:       24768352 kB
Node 0 MemFree:        24093664 kB
Node 0 MemUsed:          674688 kB
Node 0 Active:            66368 kB
Node 0 Inactive:         162828 kB
Node 0 Active(anon):      21924 kB
Node 0 Inactive(anon):      460 kB
Node 0 Active(file):      44444 kB
Node 0 Inactive(file):   162368 kB
Node 0 Unevictable:         576 kB
Node 0 Mlocked:             576 kB
Node 0 Dirty:                76 kB
Node 0 Writeback:            32 kB
Node 0 FilePages:        208072 kB
Node 0 Mapped:            37176 kB
Node 0 AnonPages:         21756 kB
Node 0 Shmem:               632 kB
Node 0 KernelStack:        2228 kB
Node 0 PageTables:          660 kB
Node 0 NFS_Unstable:          0 kB
Node 0 Bounce:                0 kB
Node 0 WritebackTmp:          0 kB
Node 0 KReclaimable:      24812 kB
Node 0 Slab:              88904 kB
Node 0 SReclaimable:      24812 kB
Node 0 SUnreclaim:        64092 kB
Node 0 AnonHugePages:         0 kB
Node 0 ShmemHugePages:        0 kB
Node 0 ShmemPmdMapped:        0 kB
Node 0 FileHugePages:        0 kB
Node 0 FilePmdMapped:        0 kB
Node 0 HugePages_Total:     0
Node 0 HugePages_Free:      0
Node 0 HugePages_Surp:      0

Node 1 MemTotal:       24661580 kB
Node 1 MemFree:        15335152 kB
Node 1 MemUsed:         9326428 kB
Node 1 Active:            33408 kB
Node 1 Inactive:          43804 kB
Node 1 Active(anon):      11672 kB
Node 1 Inactive(anon):      528 kB
Node 1 Active(file):      21736 kB
Node 1 Inactive(file):    43276 kB
Node 1 Unevictable:       18180 kB
Node 1 Mlocked:           18180 kB
Node 1 Dirty:                12 kB
Node 1 Writeback:             8 kB
Node 1 FilePages:         73308 kB
Node 1 Mapped:            17980 kB
Node 1 AnonPages:         21940 kB
Node 1 Shmem:               680 kB
Node 1 KernelStack:        2536 kB
Node 1 PageTables:          580 kB
Node 1 NFS_Unstable:          0 kB
Node 1 Bounce:                0 kB
Node 1 WritebackTmp:          0 kB
Node 1 KReclaimable:      20012 kB
Node 1 Slab:              67200 kB
Node 1 SReclaimable:      20012 kB
Node 1 SUnreclaim:        47188 kB
Node 1 AnonHugePages:         0 kB
Node 1 ShmemHugePages:        0 kB
Node 1 ShmemPmdMapped:        0 kB
Node 1 FileHugePages:        0 kB
Node 1 FilePmdMapped:        0 kB
Node 1 HugePages_Total:     0
Node 1 HugePages_Free:      0
Node 1 HugePages_Surp:      0

B.0.smallfio.8G.1.O Complete!
