B.0.smallfio.4G.2.O
Begin
Node 0 MemTotal:       24768352 kB
Node 0 MemFree:        24370740 kB
Node 0 MemUsed:          397612 kB
Node 0 Active:            58240 kB
Node 0 Inactive:          67948 kB
Node 0 Active(anon):      15056 kB
Node 0 Inactive(anon):      348 kB
Node 0 Active(file):      43184 kB
Node 0 Inactive(file):    67600 kB
Node 0 Unevictable:       18380 kB
Node 0 Mlocked:           18380 kB
Node 0 Dirty:               360 kB
Node 0 Writeback:             0 kB
Node 0 FilePages:        119332 kB
Node 0 Mapped:            67716 kB
Node 0 AnonPages:         25232 kB
Node 0 Shmem:               500 kB
Node 0 KernelStack:        1960 kB
Node 0 PageTables:          636 kB
Node 0 NFS_Unstable:          0 kB
Node 0 Bounce:                0 kB
Node 0 WritebackTmp:          0 kB
Node 0 KReclaimable:      16348 kB
Node 0 Slab:              43504 kB
Node 0 SReclaimable:      16348 kB
Node 0 SUnreclaim:        27156 kB
Node 0 AnonHugePages:         0 kB
Node 0 ShmemHugePages:        0 kB
Node 0 ShmemPmdMapped:        0 kB
Node 0 FileHugePages:        0 kB
Node 0 FilePmdMapped:        0 kB
Node 0 HugePages_Total:     0
Node 0 HugePages_Free:      0
Node 0 HugePages_Surp:      0

Node 1 MemTotal:       24661580 kB
Node 1 MemFree:        24394792 kB
Node 1 MemUsed:          266788 kB
Node 1 Active:            38876 kB
Node 1 Inactive:          73928 kB
Node 1 Active(anon):      18732 kB
Node 1 Inactive(anon):      540 kB
Node 1 Active(file):      20144 kB
Node 1 Inactive(file):    73388 kB
Node 1 Unevictable:         144 kB
Node 1 Mlocked:             144 kB
Node 1 Dirty:               164 kB
Node 1 Writeback:             0 kB
Node 1 FilePages:         94600 kB
Node 1 Mapped:            19812 kB
Node 1 AnonPages:         18548 kB
Node 1 Shmem:               768 kB
Node 1 KernelStack:        1672 kB
Node 1 PageTables:          596 kB
Node 1 NFS_Unstable:          0 kB
Node 1 Bounce:                0 kB
Node 1 WritebackTmp:          0 kB
Node 1 KReclaimable:      25024 kB
Node 1 Slab:              62072 kB
Node 1 SReclaimable:      25024 kB
Node 1 SUnreclaim:        37048 kB
Node 1 AnonHugePages:         0 kB
Node 1 ShmemHugePages:        0 kB
Node 1 ShmemPmdMapped:        0 kB
Node 1 FileHugePages:        0 kB
Node 1 FilePmdMapped:        0 kB
Node 1 HugePages_Total:     0
Node 1 HugePages_Free:      0
Node 1 HugePages_Surp:      0

Load ZFS
Node 0 MemTotal:       24768352 kB
Node 0 MemFree:        24263268 kB
Node 0 MemUsed:          505084 kB
Node 0 Active:            70516 kB
Node 0 Inactive:         150448 kB
Node 0 Active(anon):      26056 kB
Node 0 Inactive(anon):      448 kB
Node 0 Active(file):      44460 kB
Node 0 Inactive(file):   150000 kB
Node 0 Unevictable:       18596 kB
Node 0 Mlocked:           18596 kB
Node 0 Dirty:               532 kB
Node 0 Writeback:             0 kB
Node 0 FilePages:        203276 kB
Node 0 Mapped:            70260 kB
Node 0 AnonPages:         36440 kB
Node 0 Shmem:               632 kB
Node 0 KernelStack:        2364 kB
Node 0 PageTables:         1236 kB
Node 0 NFS_Unstable:          0 kB
Node 0 Bounce:                0 kB
Node 0 WritebackTmp:          0 kB
Node 0 KReclaimable:      17220 kB
Node 0 Slab:              46840 kB
Node 0 SReclaimable:      17220 kB
Node 0 SUnreclaim:        29620 kB
Node 0 AnonHugePages:         0 kB
Node 0 ShmemHugePages:        0 kB
Node 0 ShmemPmdMapped:        0 kB
Node 0 FileHugePages:        0 kB
Node 0 FilePmdMapped:        0 kB
Node 0 HugePages_Total:     0
Node 0 HugePages_Free:      0
Node 0 HugePages_Surp:      0

Node 1 MemTotal:       24661580 kB
Node 1 MemFree:        24356988 kB
Node 1 MemUsed:          304592 kB
Node 1 Active:            55804 kB
Node 1 Inactive:          94772 kB
Node 1 Active(anon):      34284 kB
Node 1 Inactive(anon):      352 kB
Node 1 Active(file):      21520 kB
Node 1 Inactive(file):    94420 kB
Node 1 Unevictable:         144 kB
Node 1 Mlocked:             144 kB
Node 1 Dirty:               192 kB
Node 1 Writeback:             0 kB
Node 1 FilePages:        116728 kB
Node 1 Mapped:            22076 kB
Node 1 AnonPages:         33696 kB
Node 1 Shmem:               636 kB
Node 1 KernelStack:        2024 kB
Node 1 PageTables:         2096 kB
Node 1 NFS_Unstable:          0 kB
Node 1 Bounce:                0 kB
Node 1 WritebackTmp:          0 kB
Node 1 KReclaimable:      25748 kB
Node 1 Slab:              65716 kB
Node 1 SReclaimable:      25748 kB
Node 1 SUnreclaim:        39968 kB
Node 1 AnonHugePages:         0 kB
Node 1 ShmemHugePages:        0 kB
Node 1 ShmemPmdMapped:        0 kB
Node 1 FileHugePages:        0 kB
Node 1 FilePmdMapped:        0 kB
Node 1 HugePages_Total:     0
Node 1 HugePages_Free:      0
Node 1 HugePages_Surp:      0

Import tank ZPool
Node 0 MemTotal:       24768352 kB
Node 0 MemFree:        24250272 kB
Node 0 MemUsed:          518080 kB
Node 0 Active:            70120 kB
Node 0 Inactive:         150744 kB
Node 0 Active(anon):      25860 kB
Node 0 Inactive(anon):      552 kB
Node 0 Active(file):      44260 kB
Node 0 Inactive(file):   150192 kB
Node 0 Unevictable:       18612 kB
Node 0 Mlocked:           18612 kB
Node 0 Dirty:               516 kB
Node 0 Writeback:             0 kB
Node 0 FilePages:        203200 kB
Node 0 Mapped:            69920 kB
Node 0 AnonPages:         36272 kB
Node 0 Shmem:               700 kB
Node 0 KernelStack:        3320 kB
Node 0 PageTables:         1228 kB
Node 0 NFS_Unstable:          0 kB
Node 0 Bounce:                0 kB
Node 0 WritebackTmp:          0 kB
Node 0 KReclaimable:      17252 kB
Node 0 Slab:              48872 kB
Node 0 SReclaimable:      17252 kB
Node 0 SUnreclaim:        31620 kB
Node 0 AnonHugePages:         0 kB
Node 0 ShmemHugePages:        0 kB
Node 0 ShmemPmdMapped:        0 kB
Node 0 FileHugePages:        0 kB
Node 0 FilePmdMapped:        0 kB
Node 0 HugePages_Total:     0
Node 0 HugePages_Free:      0
Node 0 HugePages_Surp:      0

Node 1 MemTotal:       24661580 kB
Node 1 MemFree:        24352740 kB
Node 1 MemUsed:          308840 kB
Node 1 Active:            55836 kB
Node 1 Inactive:          95924 kB
Node 1 Active(anon):      33900 kB
Node 1 Inactive(anon):      396 kB
Node 1 Active(file):      21936 kB
Node 1 Inactive(file):    95528 kB
Node 1 Unevictable:         144 kB
Node 1 Mlocked:             144 kB
Node 1 Dirty:               136 kB
Node 1 Writeback:             0 kB
Node 1 FilePages:        118196 kB
Node 1 Mapped:            22060 kB
Node 1 AnonPages:         33388 kB
Node 1 Shmem:               568 kB
Node 1 KernelStack:        1928 kB
Node 1 PageTables:         1684 kB
Node 1 NFS_Unstable:          0 kB
Node 1 Bounce:                0 kB
Node 1 WritebackTmp:          0 kB
Node 1 KReclaimable:      25964 kB
Node 1 Slab:              70132 kB
Node 1 SReclaimable:      25964 kB
Node 1 SUnreclaim:        44168 kB
Node 1 AnonHugePages:         0 kB
Node 1 ShmemHugePages:        0 kB
Node 1 ShmemPmdMapped:        0 kB
Node 1 FileHugePages:        0 kB
Node 1 FilePmdMapped:        0 kB
Node 1 HugePages_Total:     0
Node 1 HugePages_Free:      0
Node 1 HugePages_Surp:      0

After Test
Node 0 MemTotal:       24768352 kB
Node 0 MemFree:        19278312 kB
Node 0 MemUsed:         5490040 kB
Node 0 Active:            63492 kB
Node 0 Inactive:         176060 kB
Node 0 Active(anon):      15176 kB
Node 0 Inactive(anon):      592 kB
Node 0 Active(file):      48316 kB
Node 0 Inactive(file):   175468 kB
Node 0 Unevictable:       18612 kB
Node 0 Mlocked:           18612 kB
Node 0 Dirty:               344 kB
Node 0 Writeback:             0 kB
Node 0 FilePages:        232576 kB
Node 0 Mapped:            68396 kB
Node 0 AnonPages:         25480 kB
Node 0 Shmem:               744 kB
Node 0 KernelStack:        3128 kB
Node 0 PageTables:          812 kB
Node 0 NFS_Unstable:          0 kB
Node 0 Bounce:                0 kB
Node 0 WritebackTmp:          0 kB
Node 0 KReclaimable:      18824 kB
Node 0 Slab:              70632 kB
Node 0 SReclaimable:      18824 kB
Node 0 SUnreclaim:        51808 kB
Node 0 AnonHugePages:         0 kB
Node 0 ShmemHugePages:        0 kB
Node 0 ShmemPmdMapped:        0 kB
Node 0 FileHugePages:        0 kB
Node 0 FilePmdMapped:        0 kB
Node 0 HugePages_Total:     0
Node 0 HugePages_Free:      0
Node 0 HugePages_Surp:      0

Node 1 MemTotal:       24661580 kB
Node 1 MemFree:        24271724 kB
Node 1 MemUsed:          389856 kB
Node 1 Active:            43684 kB
Node 1 Inactive:         106700 kB
Node 1 Active(anon):      18360 kB
Node 1 Inactive(anon):      392 kB
Node 1 Active(file):      25324 kB
Node 1 Inactive(file):   106308 kB
Node 1 Unevictable:         144 kB
Node 1 Mlocked:             144 kB
Node 1 Dirty:               112 kB
Node 1 Writeback:             0 kB
Node 1 FilePages:        132352 kB
Node 1 Mapped:            19836 kB
Node 1 AnonPages:         18184 kB
Node 1 Shmem:               568 kB
Node 1 KernelStack:        1592 kB
Node 1 PageTables:          552 kB
Node 1 NFS_Unstable:          0 kB
Node 1 Bounce:                0 kB
Node 1 WritebackTmp:          0 kB
Node 1 KReclaimable:      26348 kB
Node 1 Slab:              70872 kB
Node 1 SReclaimable:      26348 kB
Node 1 SUnreclaim:        44524 kB
Node 1 AnonHugePages:         0 kB
Node 1 ShmemHugePages:        0 kB
Node 1 ShmemPmdMapped:        0 kB
Node 1 FileHugePages:        0 kB
Node 1 FilePmdMapped:        0 kB
Node 1 HugePages_Total:     0
Node 1 HugePages_Free:      0
Node 1 HugePages_Surp:      0

After Opposite Node
Node 0 MemTotal:       24768352 kB
Node 0 MemFree:        19286176 kB
Node 0 MemUsed:         5482176 kB
Node 0 Active:            63420 kB
Node 0 Inactive:         175872 kB
Node 0 Active(anon):      14952 kB
Node 0 Inactive(anon):      548 kB
Node 0 Active(file):      48468 kB
Node 0 Inactive(file):   175324 kB
Node 0 Unevictable:       18612 kB
Node 0 Mlocked:           18612 kB
Node 0 Dirty:               148 kB
Node 0 Writeback:             0 kB
Node 0 FilePages:        232540 kB
Node 0 Mapped:            68380 kB
Node 0 AnonPages:         25360 kB
Node 0 Shmem:               700 kB
Node 0 KernelStack:        3080 kB
Node 0 PageTables:          640 kB
Node 0 NFS_Unstable:          0 kB
Node 0 Bounce:                0 kB
Node 0 WritebackTmp:          0 kB
Node 0 KReclaimable:      18824 kB
Node 0 Slab:              70620 kB
Node 0 SReclaimable:      18824 kB
Node 0 SUnreclaim:        51796 kB
Node 0 AnonHugePages:         0 kB
Node 0 ShmemHugePages:        0 kB
Node 0 ShmemPmdMapped:        0 kB
Node 0 FileHugePages:        0 kB
Node 0 FilePmdMapped:        0 kB
Node 0 HugePages_Total:     0
Node 0 HugePages_Free:      0
Node 0 HugePages_Surp:      0

Node 1 MemTotal:       24661580 kB
Node 1 MemFree:        24272236 kB
Node 1 MemUsed:          389344 kB
Node 1 Active:            44024 kB
Node 1 Inactive:         106740 kB
Node 1 Active(anon):      18636 kB
Node 1 Inactive(anon):      436 kB
Node 1 Active(file):      25388 kB
Node 1 Inactive(file):   106304 kB
Node 1 Unevictable:         144 kB
Node 1 Mlocked:             144 kB
Node 1 Dirty:                36 kB
Node 1 Writeback:             0 kB
Node 1 FilePages:        132472 kB
Node 1 Mapped:            19880 kB
Node 1 AnonPages:         18320 kB
Node 1 Shmem:               612 kB
Node 1 KernelStack:        1640 kB
Node 1 PageTables:          728 kB
Node 1 NFS_Unstable:          0 kB
Node 1 Bounce:                0 kB
Node 1 WritebackTmp:          0 kB
Node 1 KReclaimable:      26400 kB
Node 1 Slab:              71288 kB
Node 1 SReclaimable:      26400 kB
Node 1 SUnreclaim:        44888 kB
Node 1 AnonHugePages:         0 kB
Node 1 ShmemHugePages:        0 kB
Node 1 ShmemPmdMapped:        0 kB
Node 1 FileHugePages:        0 kB
Node 1 FilePmdMapped:        0 kB
Node 1 HugePages_Total:     0
Node 1 HugePages_Free:      0
Node 1 HugePages_Surp:      0

B.0.smallfio.4G.2.O Complete!
