B.0.bigfio.16G.3.O
Begin
Node 0 MemTotal:       24743736 kB
Node 0 MemFree:        24480556 kB
Node 0 MemUsed:          263180 kB
Node 0 Active:            58968 kB
Node 0 Inactive:          59532 kB
Node 0 Active(anon):      10164 kB
Node 0 Inactive(anon):      424 kB
Node 0 Active(file):      48804 kB
Node 0 Inactive(file):    59108 kB
Node 0 Unevictable:        5436 kB
Node 0 Mlocked:            5436 kB
Node 0 Dirty:               144 kB
Node 0 Writeback:             0 kB
Node 0 FilePages:        113976 kB
Node 0 Mapped:            24048 kB
Node 0 AnonPages:         10024 kB
Node 0 Shmem:               624 kB
Node 0 KernelStack:        2024 kB
Node 0 PageTables:          496 kB
Node 0 NFS_Unstable:          0 kB
Node 0 Bounce:                0 kB
Node 0 WritebackTmp:          0 kB
Node 0 KReclaimable:      20940 kB
Node 0 Slab:              58708 kB
Node 0 SReclaimable:      20940 kB
Node 0 SUnreclaim:        37768 kB
Node 0 AnonHugePages:         0 kB
Node 0 ShmemHugePages:        0 kB
Node 0 ShmemPmdMapped:        0 kB
Node 0 FileHugePages:        0 kB
Node 0 FilePmdMapped:        0 kB
Node 0 HugePages_Total:     0
Node 0 HugePages_Free:      0
Node 0 HugePages_Surp:      0

Node 1 MemTotal:       24686196 kB
Node 1 MemFree:        24335812 kB
Node 1 MemUsed:          350384 kB
Node 1 Active:            35284 kB
Node 1 Inactive:          33324 kB
Node 1 Active(anon):      23448 kB
Node 1 Inactive(anon):      464 kB
Node 1 Active(file):      11836 kB
Node 1 Inactive(file):    32860 kB
Node 1 Unevictable:       13084 kB
Node 1 Mlocked:           13084 kB
Node 1 Dirty:               400 kB
Node 1 Writeback:             0 kB
Node 1 FilePages:         48108 kB
Node 1 Mapped:            23356 kB
Node 1 AnonPages:         33624 kB
Node 1 Shmem:               644 kB
Node 1 KernelStack:        1592 kB
Node 1 PageTables:          600 kB
Node 1 NFS_Unstable:          0 kB
Node 1 Bounce:                0 kB
Node 1 WritebackTmp:          0 kB
Node 1 KReclaimable:      21080 kB
Node 1 Slab:              49840 kB
Node 1 SReclaimable:      21080 kB
Node 1 SUnreclaim:        28760 kB
Node 1 AnonHugePages:         0 kB
Node 1 ShmemHugePages:        0 kB
Node 1 ShmemPmdMapped:        0 kB
Node 1 FileHugePages:        0 kB
Node 1 FilePmdMapped:        0 kB
Node 1 HugePages_Total:     0
Node 1 HugePages_Free:      0
Node 1 HugePages_Surp:      0

Load ZFS
Node 0 MemTotal:       24743736 kB
Node 0 MemFree:        24454892 kB
Node 0 MemUsed:          288844 kB
Node 0 Active:            73436 kB
Node 0 Inactive:          65640 kB
Node 0 Active(anon):      23496 kB
Node 0 Inactive(anon):      520 kB
Node 0 Active(file):      49940 kB
Node 0 Inactive(file):    65120 kB
Node 0 Unevictable:        5436 kB
Node 0 Mlocked:            5436 kB
Node 0 Dirty:               160 kB
Node 0 Writeback:             0 kB
Node 0 FilePages:        121196 kB
Node 0 Mapped:            27308 kB
Node 0 AnonPages:         22904 kB
Node 0 Shmem:               704 kB
Node 0 KernelStack:        2340 kB
Node 0 PageTables:         1304 kB
Node 0 NFS_Unstable:          0 kB
Node 0 Bounce:                0 kB
Node 0 WritebackTmp:          0 kB
Node 0 KReclaimable:      21620 kB
Node 0 Slab:              61904 kB
Node 0 SReclaimable:      21620 kB
Node 0 SUnreclaim:        40284 kB
Node 0 AnonHugePages:         0 kB
Node 0 ShmemHugePages:        0 kB
Node 0 ShmemPmdMapped:        0 kB
Node 0 FileHugePages:        0 kB
Node 0 FilePmdMapped:        0 kB
Node 0 HugePages_Total:     0
Node 0 HugePages_Free:      0
Node 0 HugePages_Surp:      0

Node 1 MemTotal:       24686196 kB
Node 1 MemFree:        24217988 kB
Node 1 MemUsed:          468208 kB
Node 1 Active:            47912 kB
Node 1 Inactive:         130660 kB
Node 1 Active(anon):      34816 kB
Node 1 Inactive(anon):      420 kB
Node 1 Active(file):      13096 kB
Node 1 Inactive(file):   130240 kB
Node 1 Unevictable:       13284 kB
Node 1 Mlocked:           13284 kB
Node 1 Dirty:               424 kB
Node 1 Writeback:             0 kB
Node 1 FilePages:        146948 kB
Node 1 Mapped:            24892 kB
Node 1 AnonPages:         45444 kB
Node 1 Shmem:               564 kB
Node 1 KernelStack:        1908 kB
Node 1 PageTables:         1612 kB
Node 1 NFS_Unstable:          0 kB
Node 1 Bounce:                0 kB
Node 1 WritebackTmp:          0 kB
Node 1 KReclaimable:      21988 kB
Node 1 Slab:              53204 kB
Node 1 SReclaimable:      21988 kB
Node 1 SUnreclaim:        31216 kB
Node 1 AnonHugePages:         0 kB
Node 1 ShmemHugePages:        0 kB
Node 1 ShmemPmdMapped:        0 kB
Node 1 FileHugePages:        0 kB
Node 1 FilePmdMapped:        0 kB
Node 1 HugePages_Total:     0
Node 1 HugePages_Free:      0
Node 1 HugePages_Surp:      0

Import tank ZPool
Node 0 MemTotal:       24743736 kB
Node 0 MemFree:        24466552 kB
Node 0 MemUsed:          277184 kB
Node 0 Active:            60060 kB
Node 0 Inactive:          65448 kB
Node 0 Active(anon):       9908 kB
Node 0 Inactive(anon):      520 kB
Node 0 Active(file):      50152 kB
Node 0 Inactive(file):    64928 kB
Node 0 Unevictable:        5436 kB
Node 0 Mlocked:            5436 kB
Node 0 Dirty:                68 kB
Node 0 Writeback:             0 kB
Node 0 FilePages:        121228 kB
Node 0 Mapped:            24680 kB
Node 0 AnonPages:          9328 kB
Node 0 Shmem:               700 kB
Node 0 KernelStack:        2236 kB
Node 0 PageTables:          956 kB
Node 0 NFS_Unstable:          0 kB
Node 0 Bounce:                0 kB
Node 0 WritebackTmp:          0 kB
Node 0 KReclaimable:      21628 kB
Node 0 Slab:              63124 kB
Node 0 SReclaimable:      21628 kB
Node 0 SUnreclaim:        41496 kB
Node 0 AnonHugePages:         0 kB
Node 0 ShmemHugePages:        0 kB
Node 0 ShmemPmdMapped:        0 kB
Node 0 FileHugePages:        0 kB
Node 0 FilePmdMapped:        0 kB
Node 0 HugePages_Total:     0
Node 0 HugePages_Free:      0
Node 0 HugePages_Surp:      0

Node 1 MemTotal:       24686196 kB
Node 1 MemFree:        24205680 kB
Node 1 MemUsed:          480516 kB
Node 1 Active:            38204 kB
Node 1 Inactive:         131676 kB
Node 1 Active(anon):      24596 kB
Node 1 Inactive(anon):      428 kB
Node 1 Active(file):      13608 kB
Node 1 Inactive(file):   131248 kB
Node 1 Unevictable:       13316 kB
Node 1 Mlocked:           13316 kB
Node 1 Dirty:               480 kB
Node 1 Writeback:             0 kB
Node 1 FilePages:        148184 kB
Node 1 Mapped:            24160 kB
Node 1 AnonPages:         34912 kB
Node 1 Shmem:               568 kB
Node 1 KernelStack:        2716 kB
Node 1 PageTables:         1112 kB
Node 1 NFS_Unstable:          0 kB
Node 1 Bounce:                0 kB
Node 1 WritebackTmp:          0 kB
Node 1 KReclaimable:      21988 kB
Node 1 Slab:              59508 kB
Node 1 SReclaimable:      21988 kB
Node 1 SUnreclaim:        37520 kB
Node 1 AnonHugePages:         0 kB
Node 1 ShmemHugePages:        0 kB
Node 1 ShmemPmdMapped:        0 kB
Node 1 FileHugePages:        0 kB
Node 1 FilePmdMapped:        0 kB
Node 1 HugePages_Total:     0
Node 1 HugePages_Free:      0
Node 1 HugePages_Surp:      0

After Test
Node 0 MemTotal:       24743736 kB
Node 0 MemFree:        23721652 kB
Node 0 MemUsed:         1022084 kB
Node 0 Active:            60712 kB
Node 0 Inactive:          66560 kB
Node 0 Active(anon):       9332 kB
Node 0 Inactive(anon):      548 kB
Node 0 Active(file):      51380 kB
Node 0 Inactive(file):    66012 kB
Node 0 Unevictable:        5436 kB
Node 0 Mlocked:            5436 kB
Node 0 Dirty:                48 kB
Node 0 Writeback:             0 kB
Node 0 FilePages:        123576 kB
Node 0 Mapped:            24300 kB
Node 0 AnonPages:          9008 kB
Node 0 Shmem:               740 kB
Node 0 KernelStack:        1928 kB
Node 0 PageTables:          532 kB
Node 0 NFS_Unstable:          0 kB
Node 0 Bounce:                0 kB
Node 0 WritebackTmp:          0 kB
Node 0 KReclaimable:      22936 kB
Node 0 Slab:             120672 kB
Node 0 SReclaimable:      22936 kB
Node 0 SUnreclaim:        97736 kB
Node 0 AnonHugePages:         0 kB
Node 0 ShmemHugePages:        0 kB
Node 0 ShmemPmdMapped:        0 kB
Node 0 FileHugePages:        0 kB
Node 0 FilePmdMapped:        0 kB
Node 0 HugePages_Total:     0
Node 0 HugePages_Free:      0
Node 0 HugePages_Surp:      0

Node 1 MemTotal:       24686196 kB
Node 1 MemFree:         7289584 kB
Node 1 MemUsed:        17396612 kB
Node 1 Active:            38208 kB
Node 1 Inactive:         131260 kB
Node 1 Active(anon):      24024 kB
Node 1 Inactive(anon):      428 kB
Node 1 Active(file):      14184 kB
Node 1 Inactive(file):   130832 kB
Node 1 Unevictable:       13316 kB
Node 1 Mlocked:           13316 kB
Node 1 Dirty:                96 kB
Node 1 Writeback:             0 kB
Node 1 FilePages:        148348 kB
Node 1 Mapped:            23380 kB
Node 1 AnonPages:         34436 kB
Node 1 Shmem:               572 kB
Node 1 KernelStack:        2568 kB
Node 1 PageTables:          604 kB
Node 1 NFS_Unstable:          0 kB
Node 1 Bounce:                0 kB
Node 1 WritebackTmp:          0 kB
Node 1 KReclaimable:      22112 kB
Node 1 Slab:              63904 kB
Node 1 SReclaimable:      22112 kB
Node 1 SUnreclaim:        41792 kB
Node 1 AnonHugePages:         0 kB
Node 1 ShmemHugePages:        0 kB
Node 1 ShmemPmdMapped:        0 kB
Node 1 FileHugePages:        0 kB
Node 1 FilePmdMapped:        0 kB
Node 1 HugePages_Total:     0
Node 1 HugePages_Free:      0
Node 1 HugePages_Surp:      0

After Opposite Node
Node 0 MemTotal:       24743736 kB
Node 0 MemFree:        23727596 kB
Node 0 MemUsed:         1016140 kB
Node 0 Active:            60720 kB
Node 0 Inactive:          66364 kB
Node 0 Active(anon):       9148 kB
Node 0 Inactive(anon):      512 kB
Node 0 Active(file):      51572 kB
Node 0 Inactive(file):    65852 kB
Node 0 Unevictable:        5436 kB
Node 0 Mlocked:            5436 kB
Node 0 Dirty:                56 kB
Node 0 Writeback:             0 kB
Node 0 FilePages:        123560 kB
Node 0 Mapped:            24268 kB
Node 0 AnonPages:          8964 kB
Node 0 Shmem:               696 kB
Node 0 KernelStack:        1880 kB
Node 0 PageTables:          424 kB
Node 0 NFS_Unstable:          0 kB
Node 0 Bounce:                0 kB
Node 0 WritebackTmp:          0 kB
Node 0 KReclaimable:      22940 kB
Node 0 Slab:             117960 kB
Node 0 SReclaimable:      22940 kB
Node 0 SUnreclaim:        95020 kB
Node 0 AnonHugePages:         0 kB
Node 0 ShmemHugePages:        0 kB
Node 0 ShmemPmdMapped:        0 kB
Node 0 FileHugePages:        0 kB
Node 0 FilePmdMapped:        0 kB
Node 0 HugePages_Total:     0
Node 0 HugePages_Free:      0
Node 0 HugePages_Surp:      0

Node 1 MemTotal:       24686196 kB
Node 1 MemFree:         7285712 kB
Node 1 MemUsed:        17400484 kB
Node 1 Active:            38360 kB
Node 1 Inactive:         131300 kB
Node 1 Active(anon):      24148 kB
Node 1 Inactive(anon):      472 kB
Node 1 Active(file):      14212 kB
Node 1 Inactive(file):   130828 kB
Node 1 Unevictable:       13316 kB
Node 1 Mlocked:           13316 kB
Node 1 Dirty:               136 kB
Node 1 Writeback:             0 kB
Node 1 FilePages:        148416 kB
Node 1 Mapped:            23424 kB
Node 1 AnonPages:         34280 kB
Node 1 Shmem:               616 kB
Node 1 KernelStack:        2600 kB
Node 1 PageTables:          784 kB
Node 1 NFS_Unstable:          0 kB
Node 1 Bounce:                0 kB
Node 1 WritebackTmp:          0 kB
Node 1 KReclaimable:      22168 kB
Node 1 Slab:              65596 kB
Node 1 SReclaimable:      22168 kB
Node 1 SUnreclaim:        43428 kB
Node 1 AnonHugePages:         0 kB
Node 1 ShmemHugePages:        0 kB
Node 1 ShmemPmdMapped:        0 kB
Node 1 FileHugePages:        0 kB
Node 1 FilePmdMapped:        0 kB
Node 1 HugePages_Total:     0
Node 1 HugePages_Free:      0
Node 1 HugePages_Surp:      0

B.0.bigfio.16G.3.O Complete!
