B.0.bigfio.500M.3.O
Begin
Node 0 MemTotal:       24768352 kB
Node 0 MemFree:        24521020 kB
Node 0 MemUsed:          247332 kB
Node 0 Active:            56380 kB
Node 0 Inactive:          48768 kB
Node 0 Active(anon):      11776 kB
Node 0 Inactive(anon):      304 kB
Node 0 Active(file):      44604 kB
Node 0 Inactive(file):    48464 kB
Node 0 Unevictable:        5436 kB
Node 0 Mlocked:            5436 kB
Node 0 Dirty:               140 kB
Node 0 Writeback:             0 kB
Node 0 FilePages:         98968 kB
Node 0 Mapped:            21312 kB
Node 0 AnonPages:         11652 kB
Node 0 Shmem:               456 kB
Node 0 KernelStack:        2152 kB
Node 0 PageTables:          340 kB
Node 0 NFS_Unstable:          0 kB
Node 0 Bounce:                0 kB
Node 0 WritebackTmp:          0 kB
Node 0 KReclaimable:      22884 kB
Node 0 Slab:              49632 kB
Node 0 SReclaimable:      22884 kB
Node 0 SUnreclaim:        26748 kB
Node 0 AnonHugePages:         0 kB
Node 0 ShmemHugePages:        0 kB
Node 0 ShmemPmdMapped:        0 kB
Node 0 FileHugePages:        0 kB
Node 0 FilePmdMapped:        0 kB
Node 0 HugePages_Total:     0
Node 0 HugePages_Free:      0
Node 0 HugePages_Surp:      0

Node 1 MemTotal:       24661580 kB
Node 1 MemFree:        24285600 kB
Node 1 MemUsed:          375980 kB
Node 1 Active:            39236 kB
Node 1 Inactive:          53404 kB
Node 1 Active(anon):      22464 kB
Node 1 Inactive(anon):      572 kB
Node 1 Active(file):      16772 kB
Node 1 Inactive(file):    52832 kB
Node 1 Unevictable:       13084 kB
Node 1 Mlocked:           13084 kB
Node 1 Dirty:               292 kB
Node 1 Writeback:             0 kB
Node 1 FilePages:         73176 kB
Node 1 Mapped:            34580 kB
Node 1 AnonPages:         32620 kB
Node 1 Shmem:               812 kB
Node 1 KernelStack:        1496 kB
Node 1 PageTables:          788 kB
Node 1 NFS_Unstable:          0 kB
Node 1 Bounce:                0 kB
Node 1 WritebackTmp:          0 kB
Node 1 KReclaimable:      19076 kB
Node 1 Slab:              56156 kB
Node 1 SReclaimable:      19076 kB
Node 1 SUnreclaim:        37080 kB
Node 1 AnonHugePages:         0 kB
Node 1 ShmemHugePages:        0 kB
Node 1 ShmemPmdMapped:        0 kB
Node 1 FileHugePages:        0 kB
Node 1 FilePmdMapped:        0 kB
Node 1 HugePages_Total:     0
Node 1 HugePages_Free:      0
Node 1 HugePages_Surp:      0

Load ZFS
Node 0 MemTotal:       24768352 kB
Node 0 MemFree:        24283424 kB
Node 0 MemUsed:          484928 kB
Node 0 Active:            67660 kB
Node 0 Inactive:         132300 kB
Node 0 Active(anon):      21312 kB
Node 0 Inactive(anon):      484 kB
Node 0 Active(file):      46348 kB
Node 0 Inactive(file):   131816 kB
Node 0 Unevictable:        5436 kB
Node 0 Mlocked:            5436 kB
Node 0 Dirty:               192 kB
Node 0 Writeback:             0 kB
Node 0 FilePages:        184244 kB
Node 0 Mapped:            23564 kB
Node 0 AnonPages:         21332 kB
Node 0 Shmem:               648 kB
Node 0 KernelStack:        2472 kB
Node 0 PageTables:         1112 kB
Node 0 NFS_Unstable:          0 kB
Node 0 Bounce:                0 kB
Node 0 WritebackTmp:          0 kB
Node 0 KReclaimable:      23768 kB
Node 0 Slab:              54424 kB
Node 0 SReclaimable:      23768 kB
Node 0 SUnreclaim:        30656 kB
Node 0 AnonHugePages:         0 kB
Node 0 ShmemHugePages:        0 kB
Node 0 ShmemPmdMapped:        0 kB
Node 0 FileHugePages:        0 kB
Node 0 FilePmdMapped:        0 kB
Node 0 HugePages_Total:     0
Node 0 HugePages_Free:      0
Node 0 HugePages_Surp:      0

Node 1 MemTotal:       24661580 kB
Node 1 MemFree:        24378708 kB
Node 1 MemUsed:          282872 kB
Node 1 Active:            56828 kB
Node 1 Inactive:          73268 kB
Node 1 Active(anon):      39356 kB
Node 1 Inactive(anon):      460 kB
Node 1 Active(file):      17472 kB
Node 1 Inactive(file):    72808 kB
Node 1 Unevictable:       13300 kB
Node 1 Mlocked:           13300 kB
Node 1 Dirty:               396 kB
Node 1 Writeback:             0 kB
Node 1 FilePages:         93660 kB
Node 1 Mapped:            36524 kB
Node 1 AnonPages:         49636 kB
Node 1 Shmem:               620 kB
Node 1 KernelStack:        1692 kB
Node 1 PageTables:         1668 kB
Node 1 NFS_Unstable:          0 kB
Node 1 Bounce:                0 kB
Node 1 WritebackTmp:          0 kB
Node 1 KReclaimable:      19952 kB
Node 1 Slab:              58472 kB
Node 1 SReclaimable:      19952 kB
Node 1 SUnreclaim:        38520 kB
Node 1 AnonHugePages:         0 kB
Node 1 ShmemHugePages:        0 kB
Node 1 ShmemPmdMapped:        0 kB
Node 1 FileHugePages:        0 kB
Node 1 FilePmdMapped:        0 kB
Node 1 HugePages_Total:     0
Node 1 HugePages_Free:      0
Node 1 HugePages_Surp:      0

Import tank ZPool
Node 0 MemTotal:       24768352 kB
Node 0 MemFree:        24276872 kB
Node 0 MemUsed:          491480 kB
Node 0 Active:            59084 kB
Node 0 Inactive:         133412 kB
Node 0 Active(anon):      12288 kB
Node 0 Inactive(anon):      492 kB
Node 0 Active(file):      46796 kB
Node 0 Inactive(file):   132920 kB
Node 0 Unevictable:        5436 kB
Node 0 Mlocked:            5436 kB
Node 0 Dirty:                28 kB
Node 0 Writeback:             0 kB
Node 0 FilePages:        185800 kB
Node 0 Mapped:            21556 kB
Node 0 AnonPages:         11832 kB
Node 0 Shmem:               648 kB
Node 0 KernelStack:        3288 kB
Node 0 PageTables:          476 kB
Node 0 NFS_Unstable:          0 kB
Node 0 Bounce:                0 kB
Node 0 WritebackTmp:          0 kB
Node 0 KReclaimable:      23892 kB
Node 0 Slab:              60624 kB
Node 0 SReclaimable:      23892 kB
Node 0 SUnreclaim:        36732 kB
Node 0 AnonHugePages:         0 kB
Node 0 ShmemHugePages:        0 kB
Node 0 ShmemPmdMapped:        0 kB
Node 0 FileHugePages:        0 kB
Node 0 FilePmdMapped:        0 kB
Node 0 HugePages_Total:     0
Node 0 HugePages_Free:      0
Node 0 HugePages_Surp:      0

Node 1 MemTotal:       24661580 kB
Node 1 MemFree:        24394664 kB
Node 1 MemUsed:          266916 kB
Node 1 Active:            39400 kB
Node 1 Inactive:          72892 kB
Node 1 Active(anon):      21556 kB
Node 1 Inactive(anon):      456 kB
Node 1 Active(file):      17844 kB
Node 1 Inactive(file):    72436 kB
Node 1 Unevictable:       13316 kB
Node 1 Mlocked:           13316 kB
Node 1 Dirty:                20 kB
Node 1 Writeback:             0 kB
Node 1 FilePages:         93660 kB
Node 1 Mapped:            34684 kB
Node 1 AnonPages:         31948 kB
Node 1 Shmem:               620 kB
Node 1 KernelStack:        1448 kB
Node 1 PageTables:          684 kB
Node 1 NFS_Unstable:          0 kB
Node 1 Bounce:                0 kB
Node 1 WritebackTmp:          0 kB
Node 1 KReclaimable:      19956 kB
Node 1 Slab:              59092 kB
Node 1 SReclaimable:      19956 kB
Node 1 SUnreclaim:        39136 kB
Node 1 AnonHugePages:         0 kB
Node 1 ShmemHugePages:        0 kB
Node 1 ShmemPmdMapped:        0 kB
Node 1 FileHugePages:        0 kB
Node 1 FilePmdMapped:        0 kB
Node 1 HugePages_Total:     0
Node 1 HugePages_Free:      0
Node 1 HugePages_Surp:      0

After Test
Node 0 MemTotal:       24768352 kB
Node 0 MemFree:        23454392 kB
Node 0 MemUsed:         1313960 kB
Node 0 Active:            60128 kB
Node 0 Inactive:         134312 kB
Node 0 Active(anon):      11968 kB
Node 0 Inactive(anon):      512 kB
Node 0 Active(file):      48160 kB
Node 0 Inactive(file):   133800 kB
Node 0 Unevictable:        5436 kB
Node 0 Mlocked:            5436 kB
Node 0 Dirty:                56 kB
Node 0 Writeback:             0 kB
Node 0 FilePages:        188088 kB
Node 0 Mapped:            21636 kB
Node 0 AnonPages:         11700 kB
Node 0 Shmem:               696 kB
Node 0 KernelStack:        3272 kB
Node 0 PageTables:          472 kB
Node 0 NFS_Unstable:          0 kB
Node 0 Bounce:                0 kB
Node 0 WritebackTmp:          0 kB
Node 0 KReclaimable:      25264 kB
Node 0 Slab:              67680 kB
Node 0 SReclaimable:      25264 kB
Node 0 SUnreclaim:        42416 kB
Node 0 AnonHugePages:         0 kB
Node 0 ShmemHugePages:        0 kB
Node 0 ShmemPmdMapped:        0 kB
Node 0 FileHugePages:        0 kB
Node 0 FilePmdMapped:        0 kB
Node 0 HugePages_Total:     0
Node 0 HugePages_Free:      0
Node 0 HugePages_Surp:      0

Node 1 MemTotal:       24661580 kB
Node 1 MemFree:        24152912 kB
Node 1 MemUsed:          508668 kB
Node 1 Active:            39304 kB
Node 1 Inactive:          72888 kB
Node 1 Active(anon):      21460 kB
Node 1 Inactive(anon):      452 kB
Node 1 Active(file):      17844 kB
Node 1 Inactive(file):    72436 kB
Node 1 Unevictable:       13316 kB
Node 1 Mlocked:           13316 kB
Node 1 Dirty:                16 kB
Node 1 Writeback:             0 kB
Node 1 FilePages:         93656 kB
Node 1 Mapped:            34588 kB
Node 1 AnonPages:         31852 kB
Node 1 Shmem:               616 kB
Node 1 KernelStack:        1544 kB
Node 1 PageTables:          684 kB
Node 1 NFS_Unstable:          0 kB
Node 1 Bounce:                0 kB
Node 1 WritebackTmp:          0 kB
Node 1 KReclaimable:      19956 kB
Node 1 Slab:              59936 kB
Node 1 SReclaimable:      19956 kB
Node 1 SUnreclaim:        39980 kB
Node 1 AnonHugePages:         0 kB
Node 1 ShmemHugePages:        0 kB
Node 1 ShmemPmdMapped:        0 kB
Node 1 FileHugePages:        0 kB
Node 1 FilePmdMapped:        0 kB
Node 1 HugePages_Total:     0
Node 1 HugePages_Free:      0
Node 1 HugePages_Surp:      0

After Opposite Node
Node 0 MemTotal:       24768352 kB
Node 0 MemFree:        23454244 kB
Node 0 MemUsed:         1314108 kB
Node 0 Active:            60324 kB
Node 0 Inactive:         134140 kB
Node 0 Active(anon):      11996 kB
Node 0 Inactive(anon):      488 kB
Node 0 Active(file):      48328 kB
Node 0 Inactive(file):   133652 kB
Node 0 Unevictable:        5436 kB
Node 0 Mlocked:            5436 kB
Node 0 Dirty:                76 kB
Node 0 Writeback:             0 kB
Node 0 FilePages:        188064 kB
Node 0 Mapped:            21416 kB
Node 0 AnonPages:         11876 kB
Node 0 Shmem:               652 kB
Node 0 KernelStack:        3256 kB
Node 0 PageTables:          404 kB
Node 0 NFS_Unstable:          0 kB
Node 0 Bounce:                0 kB
Node 0 WritebackTmp:          0 kB
Node 0 KReclaimable:      25264 kB
Node 0 Slab:              67660 kB
Node 0 SReclaimable:      25264 kB
Node 0 SUnreclaim:        42396 kB
Node 0 AnonHugePages:         0 kB
Node 0 ShmemHugePages:        0 kB
Node 0 ShmemPmdMapped:        0 kB
Node 0 FileHugePages:        0 kB
Node 0 FilePmdMapped:        0 kB
Node 0 HugePages_Total:     0
Node 0 HugePages_Free:      0
Node 0 HugePages_Surp:      0

Node 1 MemTotal:       24661580 kB
Node 1 MemFree:        24151860 kB
Node 1 MemUsed:          509720 kB
Node 1 Active:            39348 kB
Node 1 Inactive:          73188 kB
Node 1 Active(anon):      21500 kB
Node 1 Inactive(anon):      744 kB
Node 1 Active(file):      17848 kB
Node 1 Inactive(file):    72444 kB
Node 1 Unevictable:       13316 kB
Node 1 Mlocked:           13316 kB
Node 1 Dirty:                24 kB
Node 1 Writeback:             0 kB
Node 1 FilePages:         93960 kB
Node 1 Mapped:            34588 kB
Node 1 AnonPages:         32060 kB
Node 1 Shmem:               616 kB
Node 1 KernelStack:        1572 kB
Node 1 PageTables:          656 kB
Node 1 NFS_Unstable:          0 kB
Node 1 Bounce:                0 kB
Node 1 WritebackTmp:          0 kB
Node 1 KReclaimable:      19972 kB
Node 1 Slab:              60116 kB
Node 1 SReclaimable:      19972 kB
Node 1 SUnreclaim:        40144 kB
Node 1 AnonHugePages:         0 kB
Node 1 ShmemHugePages:        0 kB
Node 1 ShmemPmdMapped:        0 kB
Node 1 FileHugePages:        0 kB
Node 1 FilePmdMapped:        0 kB
Node 1 HugePages_Total:     0
Node 1 HugePages_Free:      0
Node 1 HugePages_Surp:      0

B.0.bigfio.500M.3.O Complete!
