B.0.smallfio.8G.3.O
Begin
Node 0 MemTotal:       24743736 kB
Node 0 MemFree:        24449688 kB
Node 0 MemUsed:          294048 kB
Node 0 Active:            51360 kB
Node 0 Inactive:          79252 kB
Node 0 Active(anon):      22700 kB
Node 0 Inactive(anon):      440 kB
Node 0 Active(file):      28660 kB
Node 0 Inactive(file):    78812 kB
Node 0 Unevictable:       18196 kB
Node 0 Mlocked:           18196 kB
Node 0 Dirty:               508 kB
Node 0 Writeback:             0 kB
Node 0 FilePages:        116044 kB
Node 0 Mapped:            43108 kB
Node 0 AnonPages:         32816 kB
Node 0 Shmem:               704 kB
Node 0 KernelStack:        2632 kB
Node 0 PageTables:          724 kB
Node 0 NFS_Unstable:          0 kB
Node 0 Bounce:                0 kB
Node 0 WritebackTmp:          0 kB
Node 0 KReclaimable:      23472 kB
Node 0 Slab:              61360 kB
Node 0 SReclaimable:      23472 kB
Node 0 SUnreclaim:        37888 kB
Node 0 AnonHugePages:         0 kB
Node 0 ShmemHugePages:        0 kB
Node 0 ShmemPmdMapped:        0 kB
Node 0 FileHugePages:        0 kB
Node 0 FilePmdMapped:        0 kB
Node 0 HugePages_Total:     0
Node 0 HugePages_Free:      0
Node 0 HugePages_Surp:      0

Node 1 MemTotal:       24686196 kB
Node 1 MemFree:        24361228 kB
Node 1 MemUsed:          324968 kB
Node 1 Active:            42760 kB
Node 1 Inactive:          22308 kB
Node 1 Active(anon):      11012 kB
Node 1 Inactive(anon):      424 kB
Node 1 Active(file):      31748 kB
Node 1 Inactive(file):    21884 kB
Node 1 Unevictable:         324 kB
Node 1 Mlocked:             324 kB
Node 1 Dirty:                20 kB
Node 1 Writeback:             0 kB
Node 1 FilePages:         54680 kB
Node 1 Mapped:            10580 kB
Node 1 AnonPages:         10944 kB
Node 1 Shmem:               564 kB
Node 1 KernelStack:        1064 kB
Node 1 PageTables:          380 kB
Node 1 NFS_Unstable:          0 kB
Node 1 Bounce:                0 kB
Node 1 WritebackTmp:          0 kB
Node 1 KReclaimable:      17392 kB
Node 1 Slab:              42992 kB
Node 1 SReclaimable:      17392 kB
Node 1 SUnreclaim:        25600 kB
Node 1 AnonHugePages:         0 kB
Node 1 ShmemHugePages:        0 kB
Node 1 ShmemPmdMapped:        0 kB
Node 1 FileHugePages:        0 kB
Node 1 FilePmdMapped:        0 kB
Node 1 HugePages_Total:     0
Node 1 HugePages_Free:      0
Node 1 HugePages_Surp:      0

Load ZFS
Node 0 MemTotal:       24743736 kB
Node 0 MemFree:        24403028 kB
Node 0 MemUsed:          340708 kB
Node 0 Active:            63792 kB
Node 0 Inactive:         106940 kB
Node 0 Active(anon):      34276 kB
Node 0 Inactive(anon):      612 kB
Node 0 Active(file):      29516 kB
Node 0 Inactive(file):   106328 kB
Node 0 Unevictable:       18412 kB
Node 0 Mlocked:           18412 kB
Node 0 Dirty:               568 kB
Node 0 Writeback:             0 kB
Node 0 FilePages:        144548 kB
Node 0 Mapped:            45432 kB
Node 0 AnonPages:         44600 kB
Node 0 Shmem:               836 kB
Node 0 KernelStack:        2952 kB
Node 0 PageTables:         1688 kB
Node 0 NFS_Unstable:          0 kB
Node 0 Bounce:                0 kB
Node 0 WritebackTmp:          0 kB
Node 0 KReclaimable:      24228 kB
Node 0 Slab:              65048 kB
Node 0 SReclaimable:      24228 kB
Node 0 SUnreclaim:        40820 kB
Node 0 AnonHugePages:         0 kB
Node 0 ShmemHugePages:        0 kB
Node 0 ShmemPmdMapped:        0 kB
Node 0 FileHugePages:        0 kB
Node 0 FilePmdMapped:        0 kB
Node 0 HugePages_Total:     0
Node 0 HugePages_Free:      0
Node 0 HugePages_Surp:      0

Node 1 MemTotal:       24686196 kB
Node 1 MemFree:        24266924 kB
Node 1 MemUsed:          419272 kB
Node 1 Active:            55764 kB
Node 1 Inactive:          97960 kB
Node 1 Active(anon):      22192 kB
Node 1 Inactive(anon):      332 kB
Node 1 Active(file):      33572 kB
Node 1 Inactive(file):    97628 kB
Node 1 Unevictable:         324 kB
Node 1 Mlocked:             324 kB
Node 1 Dirty:                48 kB
Node 1 Writeback:             0 kB
Node 1 FilePages:        131956 kB
Node 1 Mapped:            12228 kB
Node 1 AnonPages:         22024 kB
Node 1 Shmem:               432 kB
Node 1 KernelStack:        1304 kB
Node 1 PageTables:         1032 kB
Node 1 NFS_Unstable:          0 kB
Node 1 Bounce:                0 kB
Node 1 WritebackTmp:          0 kB
Node 1 KReclaimable:      18416 kB
Node 1 Slab:              46308 kB
Node 1 SReclaimable:      18416 kB
Node 1 SUnreclaim:        27892 kB
Node 1 AnonHugePages:         0 kB
Node 1 ShmemHugePages:        0 kB
Node 1 ShmemPmdMapped:        0 kB
Node 1 FileHugePages:        0 kB
Node 1 FilePmdMapped:        0 kB
Node 1 HugePages_Total:     0
Node 1 HugePages_Free:      0
Node 1 HugePages_Surp:      0

Import tank ZPool
Node 0 MemTotal:       24743736 kB
Node 0 MemFree:        24392112 kB
Node 0 MemUsed:          351624 kB
Node 0 Active:            63792 kB
Node 0 Inactive:         106940 kB
Node 0 Active(anon):      34276 kB
Node 0 Inactive(anon):      608 kB
Node 0 Active(file):      29516 kB
Node 0 Inactive(file):   106332 kB
Node 0 Unevictable:       18428 kB
Node 0 Mlocked:           18428 kB
Node 0 Dirty:               548 kB
Node 0 Writeback:             0 kB
Node 0 FilePages:        144548 kB
Node 0 Mapped:            45280 kB
Node 0 AnonPages:         44608 kB
Node 0 Shmem:               832 kB
Node 0 KernelStack:        4056 kB
Node 0 PageTables:         1688 kB
Node 0 NFS_Unstable:          0 kB
Node 0 Bounce:                0 kB
Node 0 WritebackTmp:          0 kB
Node 0 KReclaimable:      24228 kB
Node 0 Slab:              67360 kB
Node 0 SReclaimable:      24228 kB
Node 0 SUnreclaim:        43132 kB
Node 0 AnonHugePages:         0 kB
Node 0 ShmemHugePages:        0 kB
Node 0 ShmemPmdMapped:        0 kB
Node 0 FileHugePages:        0 kB
Node 0 FilePmdMapped:        0 kB
Node 0 HugePages_Total:     0
Node 0 HugePages_Free:      0
Node 0 HugePages_Surp:      0

Node 1 MemTotal:       24686196 kB
Node 1 MemFree:        24261088 kB
Node 1 MemUsed:          425108 kB
Node 1 Active:            55756 kB
Node 1 Inactive:          99152 kB
Node 1 Active(anon):      21852 kB
Node 1 Inactive(anon):      340 kB
Node 1 Active(file):      33904 kB
Node 1 Inactive(file):    98812 kB
Node 1 Unevictable:         324 kB
Node 1 Mlocked:             324 kB
Node 1 Dirty:                56 kB
Node 1 Writeback:             0 kB
Node 1 FilePages:        133508 kB
Node 1 Mapped:            12476 kB
Node 1 AnonPages:         21820 kB
Node 1 Shmem:               436 kB
Node 1 KernelStack:        1208 kB
Node 1 PageTables:         1012 kB
Node 1 NFS_Unstable:          0 kB
Node 1 Bounce:                0 kB
Node 1 WritebackTmp:          0 kB
Node 1 KReclaimable:      18536 kB
Node 1 Slab:              51280 kB
Node 1 SReclaimable:      18536 kB
Node 1 SUnreclaim:        32744 kB
Node 1 AnonHugePages:         0 kB
Node 1 ShmemHugePages:        0 kB
Node 1 ShmemPmdMapped:        0 kB
Node 1 FileHugePages:        0 kB
Node 1 FilePmdMapped:        0 kB
Node 1 HugePages_Total:     0
Node 1 HugePages_Free:      0
Node 1 HugePages_Surp:      0

After Test
Node 0 MemTotal:       24743736 kB
Node 0 MemFree:        23684252 kB
Node 0 MemUsed:         1059484 kB
Node 0 Active:            54328 kB
Node 0 Inactive:         107828 kB
Node 0 Active(anon):      23600 kB
Node 0 Inactive(anon):      636 kB
Node 0 Active(file):      30728 kB
Node 0 Inactive(file):   107192 kB
Node 0 Unevictable:       18428 kB
Node 0 Mlocked:           18428 kB
Node 0 Dirty:               148 kB
Node 0 Writeback:             0 kB
Node 0 FilePages:        146664 kB
Node 0 Mapped:            43476 kB
Node 0 AnonPages:         33788 kB
Node 0 Shmem:               872 kB
Node 0 KernelStack:        3640 kB
Node 0 PageTables:          840 kB
Node 0 NFS_Unstable:          0 kB
Node 0 Bounce:                0 kB
Node 0 WritebackTmp:          0 kB
Node 0 KReclaimable:      25500 kB
Node 0 Slab:             100000 kB
Node 0 SReclaimable:      25500 kB
Node 0 SUnreclaim:        74500 kB
Node 0 AnonHugePages:         0 kB
Node 0 ShmemHugePages:        0 kB
Node 0 ShmemPmdMapped:        0 kB
Node 0 FileHugePages:        0 kB
Node 0 FilePmdMapped:        0 kB
Node 0 HugePages_Total:     0
Node 0 HugePages_Free:      0
Node 0 HugePages_Surp:      0

Node 1 MemTotal:       24686196 kB
Node 1 MemFree:        15750224 kB
Node 1 MemUsed:         8935972 kB
Node 1 Active:            44812 kB
Node 1 Inactive:          98492 kB
Node 1 Active(anon):       9904 kB
Node 1 Inactive(anon):      340 kB
Node 1 Active(file):      34908 kB
Node 1 Inactive(file):    98152 kB
Node 1 Unevictable:         324 kB
Node 1 Mlocked:             324 kB
Node 1 Dirty:                12 kB
Node 1 Writeback:             0 kB
Node 1 FilePages:        133848 kB
Node 1 Mapped:            10656 kB
Node 1 AnonPages:          9804 kB
Node 1 Shmem:               440 kB
Node 1 KernelStack:        1000 kB
Node 1 PageTables:          336 kB
Node 1 NFS_Unstable:          0 kB
Node 1 Bounce:                0 kB
Node 1 WritebackTmp:          0 kB
Node 1 KReclaimable:      18752 kB
Node 1 Slab:              53996 kB
Node 1 SReclaimable:      18752 kB
Node 1 SUnreclaim:        35244 kB
Node 1 AnonHugePages:         0 kB
Node 1 ShmemHugePages:        0 kB
Node 1 ShmemPmdMapped:        0 kB
Node 1 FileHugePages:        0 kB
Node 1 FilePmdMapped:        0 kB
Node 1 HugePages_Total:     0
Node 1 HugePages_Free:      0
Node 1 HugePages_Surp:      0

After Opposite Node
Node 0 MemTotal:       24743736 kB
Node 0 MemFree:        23687460 kB
Node 0 MemUsed:         1056276 kB
Node 0 Active:            54372 kB
Node 0 Inactive:         107592 kB
Node 0 Active(anon):      23428 kB
Node 0 Inactive(anon):      600 kB
Node 0 Active(file):      30944 kB
Node 0 Inactive(file):   106992 kB
Node 0 Unevictable:       18428 kB
Node 0 Mlocked:           18428 kB
Node 0 Dirty:                20 kB
Node 0 Writeback:             0 kB
Node 0 FilePages:        146632 kB
Node 0 Mapped:            43392 kB
Node 0 AnonPages:         33756 kB
Node 0 Shmem:               828 kB
Node 0 KernelStack:        3608 kB
Node 0 PageTables:          728 kB
Node 0 NFS_Unstable:          0 kB
Node 0 Bounce:                0 kB
Node 0 WritebackTmp:          0 kB
Node 0 KReclaimable:      25500 kB
Node 0 Slab:              99276 kB
Node 0 SReclaimable:      25500 kB
Node 0 SUnreclaim:        73776 kB
Node 0 AnonHugePages:         0 kB
Node 0 ShmemHugePages:        0 kB
Node 0 ShmemPmdMapped:        0 kB
Node 0 FileHugePages:        0 kB
Node 0 FilePmdMapped:        0 kB
Node 0 HugePages_Total:     0
Node 0 HugePages_Free:      0
Node 0 HugePages_Surp:      0

Node 1 MemTotal:       24686196 kB
Node 1 MemFree:        15751044 kB
Node 1 MemUsed:         8935152 kB
Node 1 Active:            45224 kB
Node 1 Inactive:          98664 kB
Node 1 Active(anon):      10168 kB
Node 1 Inactive(anon):      384 kB
Node 1 Active(file):      35056 kB
Node 1 Inactive(file):    98280 kB
Node 1 Unevictable:         324 kB
Node 1 Mlocked:             324 kB
Node 1 Dirty:                 0 kB
Node 1 Writeback:             0 kB
Node 1 FilePages:        134184 kB
Node 1 Mapped:            10716 kB
Node 1 AnonPages:          9936 kB
Node 1 Shmem:               484 kB
Node 1 KernelStack:        1048 kB
Node 1 PageTables:          508 kB
Node 1 NFS_Unstable:          0 kB
Node 1 Bounce:                0 kB
Node 1 WritebackTmp:          0 kB
Node 1 KReclaimable:      18812 kB
Node 1 Slab:              55108 kB
Node 1 SReclaimable:      18812 kB
Node 1 SUnreclaim:        36296 kB
Node 1 AnonHugePages:         0 kB
Node 1 ShmemHugePages:        0 kB
Node 1 ShmemPmdMapped:        0 kB
Node 1 FileHugePages:        0 kB
Node 1 FilePmdMapped:        0 kB
Node 1 HugePages_Total:     0
Node 1 HugePages_Free:      0
Node 1 HugePages_Surp:      0

B.0.smallfio.8G.3.O Complete!
