B.0.smallfio.2G.3.O
Begin
Node 0 MemTotal:       24743736 kB
Node 0 MemFree:        24470404 kB
Node 0 MemUsed:          273332 kB
Node 0 Active:            54556 kB
Node 0 Inactive:          21832 kB
Node 0 Active(anon):      11208 kB
Node 0 Inactive(anon):      420 kB
Node 0 Active(file):      43348 kB
Node 0 Inactive(file):    21412 kB
Node 0 Unevictable:        4856 kB
Node 0 Mlocked:            4856 kB
Node 0 Dirty:               312 kB
Node 0 Writeback:             0 kB
Node 0 FilePages:         70244 kB
Node 0 Mapped:            18716 kB
Node 0 AnonPages:         11068 kB
Node 0 Shmem:               620 kB
Node 0 KernelStack:        2072 kB
Node 0 PageTables:          392 kB
Node 0 NFS_Unstable:          0 kB
Node 0 Bounce:                0 kB
Node 0 WritebackTmp:          0 kB
Node 0 KReclaimable:      21636 kB
Node 0 Slab:              48924 kB
Node 0 SReclaimable:      21636 kB
Node 0 SUnreclaim:        27288 kB
Node 0 AnonHugePages:         0 kB
Node 0 ShmemHugePages:        0 kB
Node 0 ShmemPmdMapped:        0 kB
Node 0 FileHugePages:        0 kB
Node 0 FilePmdMapped:        0 kB
Node 0 HugePages_Total:     0
Node 0 HugePages_Free:      0
Node 0 HugePages_Surp:      0

Node 1 MemTotal:       24686196 kB
Node 1 MemFree:        24334368 kB
Node 1 MemUsed:          351828 kB
Node 1 Active:            41484 kB
Node 1 Inactive:          81456 kB
Node 1 Active(anon):      22764 kB
Node 1 Inactive(anon):      456 kB
Node 1 Active(file):      18720 kB
Node 1 Inactive(file):    81000 kB
Node 1 Unevictable:       13668 kB
Node 1 Mlocked:           13668 kB
Node 1 Dirty:               224 kB
Node 1 Writeback:             0 kB
Node 1 FilePages:        103708 kB
Node 1 Mapped:            39540 kB
Node 1 AnonPages:         32964 kB
Node 1 Shmem:               648 kB
Node 1 KernelStack:        1528 kB
Node 1 PageTables:          720 kB
Node 1 NFS_Unstable:          0 kB
Node 1 Bounce:                0 kB
Node 1 WritebackTmp:          0 kB
Node 1 KReclaimable:      20072 kB
Node 1 Slab:              56488 kB
Node 1 SReclaimable:      20072 kB
Node 1 SUnreclaim:        36416 kB
Node 1 AnonHugePages:         0 kB
Node 1 ShmemHugePages:        0 kB
Node 1 ShmemPmdMapped:        0 kB
Node 1 FileHugePages:        0 kB
Node 1 FilePmdMapped:        0 kB
Node 1 HugePages_Total:     0
Node 1 HugePages_Free:      0
Node 1 HugePages_Surp:      0

Load ZFS
Node 0 MemTotal:       24743736 kB
Node 0 MemFree:        24297940 kB
Node 0 MemUsed:          445796 kB
Node 0 Active:            69780 kB
Node 0 Inactive:         100512 kB
Node 0 Active(anon):      25252 kB
Node 0 Inactive(anon):      496 kB
Node 0 Active(file):      44528 kB
Node 0 Inactive(file):   100016 kB
Node 0 Unevictable:        4856 kB
Node 0 Mlocked:            4856 kB
Node 0 Dirty:               100 kB
Node 0 Writeback:             0 kB
Node 0 FilePages:        150020 kB
Node 0 Mapped:            20748 kB
Node 0 AnonPages:         24576 kB
Node 0 Shmem:               624 kB
Node 0 KernelStack:        2412 kB
Node 0 PageTables:         1052 kB
Node 0 NFS_Unstable:          0 kB
Node 0 Bounce:                0 kB
Node 0 WritebackTmp:          0 kB
Node 0 KReclaimable:      22724 kB
Node 0 Slab:              53348 kB
Node 0 SReclaimable:      22724 kB
Node 0 SUnreclaim:        30624 kB
Node 0 AnonHugePages:         0 kB
Node 0 ShmemHugePages:        0 kB
Node 0 ShmemPmdMapped:        0 kB
Node 0 FileHugePages:        0 kB
Node 0 FilePmdMapped:        0 kB
Node 0 HugePages_Total:     0
Node 0 HugePages_Free:      0
Node 0 HugePages_Surp:      0

Node 1 MemTotal:       24686196 kB
Node 1 MemFree:        24364732 kB
Node 1 MemUsed:          321464 kB
Node 1 Active:            53104 kB
Node 1 Inactive:         106340 kB
Node 1 Active(anon):      33152 kB
Node 1 Inactive(anon):      448 kB
Node 1 Active(file):      19952 kB
Node 1 Inactive(file):   105892 kB
Node 1 Unevictable:       13884 kB
Node 1 Mlocked:           13884 kB
Node 1 Dirty:               508 kB
Node 1 Writeback:             0 kB
Node 1 FilePages:        129828 kB
Node 1 Mapped:            41668 kB
Node 1 AnonPages:         43356 kB
Node 1 Shmem:               644 kB
Node 1 KernelStack:        1608 kB
Node 1 PageTables:         1152 kB
Node 1 NFS_Unstable:          0 kB
Node 1 Bounce:                0 kB
Node 1 WritebackTmp:          0 kB
Node 1 KReclaimable:      20620 kB
Node 1 Slab:              59272 kB
Node 1 SReclaimable:      20620 kB
Node 1 SUnreclaim:        38652 kB
Node 1 AnonHugePages:         0 kB
Node 1 ShmemHugePages:        0 kB
Node 1 ShmemPmdMapped:        0 kB
Node 1 FileHugePages:        0 kB
Node 1 FilePmdMapped:        0 kB
Node 1 HugePages_Total:     0
Node 1 HugePages_Free:      0
Node 1 HugePages_Surp:      0

Import tank ZPool
Node 0 MemTotal:       24743736 kB
Node 0 MemFree:        24281452 kB
Node 0 MemUsed:          462284 kB
Node 0 Active:            69884 kB
Node 0 Inactive:         101368 kB
Node 0 Active(anon):      24756 kB
Node 0 Inactive(anon):      504 kB
Node 0 Active(file):      45128 kB
Node 0 Inactive(file):   100864 kB
Node 0 Unevictable:        4856 kB
Node 0 Mlocked:            4856 kB
Node 0 Dirty:               148 kB
Node 0 Writeback:             0 kB
Node 0 FilePages:        151472 kB
Node 0 Mapped:            20792 kB
Node 0 AnonPages:         24436 kB
Node 0 Shmem:               624 kB
Node 0 KernelStack:        3576 kB
Node 0 PageTables:         1520 kB
Node 0 NFS_Unstable:          0 kB
Node 0 Bounce:                0 kB
Node 0 WritebackTmp:          0 kB
Node 0 KReclaimable:      22840 kB
Node 0 Slab:              60132 kB
Node 0 SReclaimable:      22840 kB
Node 0 SUnreclaim:        37292 kB
Node 0 AnonHugePages:         0 kB
Node 0 ShmemHugePages:        0 kB
Node 0 ShmemPmdMapped:        0 kB
Node 0 FileHugePages:        0 kB
Node 0 FilePmdMapped:        0 kB
Node 0 HugePages_Total:     0
Node 0 HugePages_Free:      0
Node 0 HugePages_Surp:      0

Node 1 MemTotal:       24686196 kB
Node 1 MemFree:        24366180 kB
Node 1 MemUsed:          320016 kB
Node 1 Active:            53132 kB
Node 1 Inactive:         106336 kB
Node 1 Active(anon):      33152 kB
Node 1 Inactive(anon):      444 kB
Node 1 Active(file):      19980 kB
Node 1 Inactive(file):   105892 kB
Node 1 Unevictable:       13900 kB
Node 1 Mlocked:           13900 kB
Node 1 Dirty:               460 kB
Node 1 Writeback:             0 kB
Node 1 FilePages:        129860 kB
Node 1 Mapped:            41648 kB
Node 1 AnonPages:         43512 kB
Node 1 Shmem:               644 kB
Node 1 KernelStack:        1608 kB
Node 1 PageTables:         1152 kB
Node 1 NFS_Unstable:          0 kB
Node 1 Bounce:                0 kB
Node 1 WritebackTmp:          0 kB
Node 1 KReclaimable:      20620 kB
Node 1 Slab:              59300 kB
Node 1 SReclaimable:      20620 kB
Node 1 SUnreclaim:        38680 kB
Node 1 AnonHugePages:         0 kB
Node 1 ShmemHugePages:        0 kB
Node 1 ShmemPmdMapped:        0 kB
Node 1 FileHugePages:        0 kB
Node 1 FilePmdMapped:        0 kB
Node 1 HugePages_Total:     0
Node 1 HugePages_Free:      0
Node 1 HugePages_Surp:      0

After Test
Node 0 MemTotal:       24743736 kB
Node 0 MemFree:        21678356 kB
Node 0 MemUsed:         3065380 kB
Node 0 Active:            57960 kB
Node 0 Inactive:         102256 kB
Node 0 Active(anon):      11376 kB
Node 0 Inactive(anon):      540 kB
Node 0 Active(file):      46584 kB
Node 0 Inactive(file):   101716 kB
Node 0 Unevictable:        4856 kB
Node 0 Mlocked:            4856 kB
Node 0 Dirty:                48 kB
Node 0 Writeback:             0 kB
Node 0 FilePages:        153820 kB
Node 0 Mapped:            18804 kB
Node 0 AnonPages:         11152 kB
Node 0 Shmem:               668 kB
Node 0 KernelStack:        3272 kB
Node 0 PageTables:          520 kB
Node 0 NFS_Unstable:          0 kB
Node 0 Bounce:                0 kB
Node 0 WritebackTmp:          0 kB
Node 0 KReclaimable:      24192 kB
Node 0 Slab:              73564 kB
Node 0 SReclaimable:      24192 kB
Node 0 SUnreclaim:        49372 kB
Node 0 AnonHugePages:         0 kB
Node 0 ShmemHugePages:        0 kB
Node 0 ShmemPmdMapped:        0 kB
Node 0 FileHugePages:        0 kB
Node 0 FilePmdMapped:        0 kB
Node 0 HugePages_Total:     0
Node 0 HugePages_Free:      0
Node 0 HugePages_Surp:      0

Node 1 MemTotal:       24686196 kB
Node 1 MemFree:        24061308 kB
Node 1 MemUsed:          624888 kB
Node 1 Active:            42352 kB
Node 1 Inactive:         106156 kB
Node 1 Active(anon):      22156 kB
Node 1 Inactive(anon):      444 kB
Node 1 Active(file):      20196 kB
Node 1 Inactive(file):   105712 kB
Node 1 Unevictable:       13900 kB
Node 1 Mlocked:           13900 kB
Node 1 Dirty:                16 kB
Node 1 Writeback:             0 kB
Node 1 FilePages:        129900 kB
Node 1 Mapped:            39556 kB
Node 1 AnonPages:         32516 kB
Node 1 Shmem:               644 kB
Node 1 KernelStack:        1400 kB
Node 1 PageTables:          728 kB
Node 1 NFS_Unstable:          0 kB
Node 1 Bounce:                0 kB
Node 1 WritebackTmp:          0 kB
Node 1 KReclaimable:      20620 kB
Node 1 Slab:              60088 kB
Node 1 SReclaimable:      20620 kB
Node 1 SUnreclaim:        39468 kB
Node 1 AnonHugePages:         0 kB
Node 1 ShmemHugePages:        0 kB
Node 1 ShmemPmdMapped:        0 kB
Node 1 FileHugePages:        0 kB
Node 1 FilePmdMapped:        0 kB
Node 1 HugePages_Total:     0
Node 1 HugePages_Free:      0
Node 1 HugePages_Surp:      0

After Opposite Node
Node 0 MemTotal:       24743736 kB
Node 0 MemFree:        21681604 kB
Node 0 MemUsed:         3062132 kB
Node 0 Active:            57996 kB
Node 0 Inactive:         101992 kB
Node 0 Active(anon):      11172 kB
Node 0 Inactive(anon):      496 kB
Node 0 Active(file):      46824 kB
Node 0 Inactive(file):   101496 kB
Node 0 Unevictable:        4856 kB
Node 0 Mlocked:            4856 kB
Node 0 Dirty:                76 kB
Node 0 Writeback:             0 kB
Node 0 FilePages:        153796 kB
Node 0 Mapped:            19060 kB
Node 0 AnonPages:         11044 kB
Node 0 Shmem:               624 kB
Node 0 KernelStack:        3208 kB
Node 0 PageTables:          344 kB
Node 0 NFS_Unstable:          0 kB
Node 0 Bounce:                0 kB
Node 0 WritebackTmp:          0 kB
Node 0 KReclaimable:      24224 kB
Node 0 Slab:              73824 kB
Node 0 SReclaimable:      24224 kB
Node 0 SUnreclaim:        49600 kB
Node 0 AnonHugePages:         0 kB
Node 0 ShmemHugePages:        0 kB
Node 0 ShmemPmdMapped:        0 kB
Node 0 FileHugePages:        0 kB
Node 0 FilePmdMapped:        0 kB
Node 0 HugePages_Total:     0
Node 0 HugePages_Free:      0
Node 0 HugePages_Surp:      0

Node 1 MemTotal:       24686196 kB
Node 1 MemFree:        24063124 kB
Node 1 MemUsed:          623072 kB
Node 1 Active:            42632 kB
Node 1 Inactive:         106208 kB
Node 1 Active(anon):      22416 kB
Node 1 Inactive(anon):      488 kB
Node 1 Active(file):      20216 kB
Node 1 Inactive(file):   105720 kB
Node 1 Unevictable:       13900 kB
Node 1 Mlocked:           13900 kB
Node 1 Dirty:               108 kB
Node 1 Writeback:             0 kB
Node 1 FilePages:        129972 kB
Node 1 Mapped:            39600 kB
Node 1 AnonPages:         32644 kB
Node 1 Shmem:               688 kB
Node 1 KernelStack:        1432 kB
Node 1 PageTables:          904 kB
Node 1 NFS_Unstable:          0 kB
Node 1 Bounce:                0 kB
Node 1 WritebackTmp:          0 kB
Node 1 KReclaimable:      20668 kB
Node 1 Slab:              61036 kB
Node 1 SReclaimable:      20668 kB
Node 1 SUnreclaim:        40368 kB
Node 1 AnonHugePages:         0 kB
Node 1 ShmemHugePages:        0 kB
Node 1 ShmemPmdMapped:        0 kB
Node 1 FileHugePages:        0 kB
Node 1 FilePmdMapped:        0 kB
Node 1 HugePages_Total:     0
Node 1 HugePages_Free:      0
Node 1 HugePages_Surp:      0

B.0.smallfio.2G.3.O Complete!
