U.0.huge-simpleread.4G.3.O.1M
Begin
Node 0 MemTotal:       24743736 kB
Node 0 MemFree:        24500140 kB
Node 0 MemUsed:          243596 kB
Node 0 Active:            44728 kB
Node 0 Inactive:          51176 kB
Node 0 Active(anon):       9196 kB
Node 0 Inactive(anon):      408 kB
Node 0 Active(file):      35532 kB
Node 0 Inactive(file):    50768 kB
Node 0 Unevictable:        5616 kB
Node 0 Mlocked:            5616 kB
Node 0 Dirty:               404 kB
Node 0 Writeback:             0 kB
Node 0 FilePages:         92532 kB
Node 0 Mapped:            20456 kB
Node 0 AnonPages:          8992 kB
Node 0 Shmem:               620 kB
Node 0 KernelStack:        2280 kB
Node 0 PageTables:          460 kB
Node 0 NFS_Unstable:          0 kB
Node 0 Bounce:                0 kB
Node 0 WritebackTmp:          0 kB
Node 0 KReclaimable:      20492 kB
Node 0 Slab:              54056 kB
Node 0 SReclaimable:      20492 kB
Node 0 SUnreclaim:        33564 kB
Node 0 AnonHugePages:         0 kB
Node 0 ShmemHugePages:        0 kB
Node 0 ShmemPmdMapped:        0 kB
Node 0 FileHugePages:        0 kB
Node 0 FilePmdMapped:        0 kB
Node 0 HugePages_Total:     0
Node 0 HugePages_Free:      0
Node 0 HugePages_Surp:      0

Node 1 MemTotal:       24686196 kB
Node 1 MemFree:        24306684 kB
Node 1 MemUsed:          379512 kB
Node 1 Active:            50800 kB
Node 1 Inactive:          50116 kB
Node 1 Active(anon):      24748 kB
Node 1 Inactive(anon):      468 kB
Node 1 Active(file):      26052 kB
Node 1 Inactive(file):    49648 kB
Node 1 Unevictable:       12908 kB
Node 1 Mlocked:           12908 kB
Node 1 Dirty:                24 kB
Node 1 Writeback:             0 kB
Node 1 FilePages:         79080 kB
Node 1 Mapped:            37336 kB
Node 1 AnonPages:         34928 kB
Node 1 Shmem:               648 kB
Node 1 KernelStack:        1336 kB
Node 1 PageTables:          632 kB
Node 1 NFS_Unstable:          0 kB
Node 1 Bounce:                0 kB
Node 1 WritebackTmp:          0 kB
Node 1 KReclaimable:      21580 kB
Node 1 Slab:              53160 kB
Node 1 SReclaimable:      21580 kB
Node 1 SUnreclaim:        31580 kB
Node 1 AnonHugePages:         0 kB
Node 1 ShmemHugePages:        0 kB
Node 1 ShmemPmdMapped:        0 kB
Node 1 FileHugePages:        0 kB
Node 1 FilePmdMapped:        0 kB
Node 1 HugePages_Total:     0
Node 1 HugePages_Free:      0
Node 1 HugePages_Surp:      0

Load ZFS
Node 0 MemTotal:       24743736 kB
Node 0 MemFree:        24495780 kB
Node 0 MemUsed:          247956 kB
Node 0 Active:            48092 kB
Node 0 Inactive:          50908 kB
Node 0 Active(anon):      11344 kB
Node 0 Inactive(anon):      408 kB
Node 0 Active(file):      36748 kB
Node 0 Inactive(file):    50500 kB
Node 0 Unevictable:        5616 kB
Node 0 Mlocked:            5616 kB
Node 0 Dirty:               404 kB
Node 0 Writeback:             0 kB
Node 0 FilePages:         93480 kB
Node 0 Mapped:            20560 kB
Node 0 AnonPages:         11232 kB
Node 0 Shmem:               620 kB
Node 0 KernelStack:        2280 kB
Node 0 PageTables:          500 kB
Node 0 NFS_Unstable:          0 kB
Node 0 Bounce:                0 kB
Node 0 WritebackTmp:          0 kB
Node 0 KReclaimable:      21032 kB
Node 0 Slab:              56100 kB
Node 0 SReclaimable:      21032 kB
Node 0 SUnreclaim:        35068 kB
Node 0 AnonHugePages:         0 kB
Node 0 ShmemHugePages:        0 kB
Node 0 ShmemPmdMapped:        0 kB
Node 0 FileHugePages:        0 kB
Node 0 FilePmdMapped:        0 kB
Node 0 HugePages_Total:     0
Node 0 HugePages_Free:      0
Node 0 HugePages_Surp:      0

Node 1 MemTotal:       24686196 kB
Node 1 MemFree:        24299204 kB
Node 1 MemUsed:          386992 kB
Node 1 Active:            58932 kB
Node 1 Inactive:          46360 kB
Node 1 Active(anon):      27388 kB
Node 1 Inactive(anon):      472 kB
Node 1 Active(file):      31544 kB
Node 1 Inactive(file):    45888 kB
Node 1 Unevictable:       12908 kB
Node 1 Mlocked:           12908 kB
Node 1 Dirty:                84 kB
Node 1 Writeback:             0 kB
Node 1 FilePages:         80660 kB
Node 1 Mapped:            37336 kB
Node 1 AnonPages:         37516 kB
Node 1 Shmem:               648 kB
Node 1 KernelStack:        1464 kB
Node 1 PageTables:          940 kB
Node 1 NFS_Unstable:          0 kB
Node 1 Bounce:                0 kB
Node 1 WritebackTmp:          0 kB
Node 1 KReclaimable:      22052 kB
Node 1 Slab:              55160 kB
Node 1 SReclaimable:      22052 kB
Node 1 SUnreclaim:        33108 kB
Node 1 AnonHugePages:         0 kB
Node 1 ShmemHugePages:        0 kB
Node 1 ShmemPmdMapped:        0 kB
Node 1 FileHugePages:        0 kB
Node 1 FilePmdMapped:        0 kB
Node 1 HugePages_Total:     0
Node 1 HugePages_Free:      0
Node 1 HugePages_Surp:      0

Import tank ZPool
Node 0 MemTotal:       24743736 kB
Node 0 MemFree:        24482628 kB
Node 0 MemUsed:          261108 kB
Node 0 Active:            48144 kB
Node 0 Inactive:          50908 kB
Node 0 Active(anon):      11372 kB
Node 0 Inactive(anon):      408 kB
Node 0 Active(file):      36772 kB
Node 0 Inactive(file):    50500 kB
Node 0 Unevictable:        5616 kB
Node 0 Mlocked:            5616 kB
Node 0 Dirty:               176 kB
Node 0 Writeback:             0 kB
Node 0 FilePages:         93524 kB
Node 0 Mapped:            20720 kB
Node 0 AnonPages:         11244 kB
Node 0 Shmem:               616 kB
Node 0 KernelStack:        3368 kB
Node 0 PageTables:          500 kB
Node 0 NFS_Unstable:          0 kB
Node 0 Bounce:                0 kB
Node 0 WritebackTmp:          0 kB
Node 0 KReclaimable:      21040 kB
Node 0 Slab:              58740 kB
Node 0 SReclaimable:      21040 kB
Node 0 SUnreclaim:        37700 kB
Node 0 AnonHugePages:         0 kB
Node 0 ShmemHugePages:        0 kB
Node 0 ShmemPmdMapped:        0 kB
Node 0 FileHugePages:        0 kB
Node 0 FilePmdMapped:        0 kB
Node 0 HugePages_Total:     0
Node 0 HugePages_Free:      0
Node 0 HugePages_Surp:      0

Node 1 MemTotal:       24686196 kB
Node 1 MemFree:        24293224 kB
Node 1 MemUsed:          392972 kB
Node 1 Active:            59628 kB
Node 1 Inactive:          47492 kB
Node 1 Active(anon):      27764 kB
Node 1 Inactive(anon):      476 kB
Node 1 Active(file):      31864 kB
Node 1 Inactive(file):    47016 kB
Node 1 Unevictable:       12908 kB
Node 1 Mlocked:           12908 kB
Node 1 Dirty:               120 kB
Node 1 Writeback:             0 kB
Node 1 FilePages:         82116 kB
Node 1 Mapped:            37500 kB
Node 1 AnonPages:         37772 kB
Node 1 Shmem:               652 kB
Node 1 KernelStack:        1576 kB
Node 1 PageTables:         1016 kB
Node 1 NFS_Unstable:          0 kB
Node 1 Bounce:                0 kB
Node 1 WritebackTmp:          0 kB
Node 1 KReclaimable:      22204 kB
Node 1 Slab:              59548 kB
Node 1 SReclaimable:      22204 kB
Node 1 SUnreclaim:        37344 kB
Node 1 AnonHugePages:         0 kB
Node 1 ShmemHugePages:        0 kB
Node 1 ShmemPmdMapped:        0 kB
Node 1 FileHugePages:        0 kB
Node 1 FilePmdMapped:        0 kB
Node 1 HugePages_Total:     0
Node 1 HugePages_Free:      0
Node 1 HugePages_Surp:      0

After Test
Node 0 MemTotal:       24743736 kB
Node 0 MemFree:        19776428 kB
Node 0 MemUsed:         4967308 kB
Node 0 Active:            46540 kB
Node 0 Inactive:         148584 kB
Node 0 Active(anon):       9236 kB
Node 0 Inactive(anon):      408 kB
Node 0 Active(file):      37304 kB
Node 0 Inactive(file):   148176 kB
Node 0 Unevictable:        5616 kB
Node 0 Mlocked:            5616 kB
Node 0 Dirty:                24 kB
Node 0 Writeback:             0 kB
Node 0 FilePages:        191708 kB
Node 0 Mapped:            20416 kB
Node 0 AnonPages:          9224 kB
Node 0 Shmem:               616 kB
Node 0 KernelStack:        3288 kB
Node 0 PageTables:          684 kB
Node 0 NFS_Unstable:          0 kB
Node 0 Bounce:                0 kB
Node 0 WritebackTmp:          0 kB
Node 0 KReclaimable:      21372 kB
Node 0 Slab:              77432 kB
Node 0 SReclaimable:      21372 kB
Node 0 SUnreclaim:        56060 kB
Node 0 AnonHugePages:         0 kB
Node 0 ShmemHugePages:        0 kB
Node 0 ShmemPmdMapped:        0 kB
Node 0 FileHugePages:        0 kB
Node 0 FilePmdMapped:        0 kB
Node 0 HugePages_Total:     0
Node 0 HugePages_Free:      0
Node 0 HugePages_Surp:      0

Node 1 MemTotal:       24686196 kB
Node 1 MemFree:        23866320 kB
Node 1 MemUsed:          819876 kB
Node 1 Active:            56020 kB
Node 1 Inactive:          47104 kB
Node 1 Active(anon):      23692 kB
Node 1 Inactive(anon):      476 kB
Node 1 Active(file):      32328 kB
Node 1 Inactive(file):    46628 kB
Node 1 Unevictable:       12908 kB
Node 1 Mlocked:           12908 kB
Node 1 Dirty:                 8 kB
Node 1 Writeback:             0 kB
Node 1 FilePages:         82188 kB
Node 1 Mapped:            37384 kB
Node 1 AnonPages:         33844 kB
Node 1 Shmem:               652 kB
Node 1 KernelStack:        1352 kB
Node 1 PageTables:          632 kB
Node 1 NFS_Unstable:          0 kB
Node 1 Bounce:                0 kB
Node 1 WritebackTmp:          0 kB
Node 1 KReclaimable:      22264 kB
Node 1 Slab:              61436 kB
Node 1 SReclaimable:      22264 kB
Node 1 SUnreclaim:        39172 kB
Node 1 AnonHugePages:         0 kB
Node 1 ShmemHugePages:        0 kB
Node 1 ShmemPmdMapped:        0 kB
Node 1 FileHugePages:        0 kB
Node 1 FilePmdMapped:        0 kB
Node 1 HugePages_Total:     0
Node 1 HugePages_Free:      0
Node 1 HugePages_Surp:      0

After Opposite Node
Node 0 MemTotal:       24743736 kB
Node 0 MemFree:        19777572 kB
Node 0 MemUsed:         4966164 kB
Node 0 Active:            46608 kB
Node 0 Inactive:         148572 kB
Node 0 Active(anon):       9276 kB
Node 0 Inactive(anon):      408 kB
Node 0 Active(file):      37332 kB
Node 0 Inactive(file):   148164 kB
Node 0 Unevictable:        5616 kB
Node 0 Mlocked:            5616 kB
Node 0 Dirty:                44 kB
Node 0 Writeback:             0 kB
Node 0 FilePages:        191732 kB
Node 0 Mapped:            20464 kB
Node 0 AnonPages:          9108 kB
Node 0 Shmem:               616 kB
Node 0 KernelStack:        3304 kB
Node 0 PageTables:          436 kB
Node 0 NFS_Unstable:          0 kB
Node 0 Bounce:                0 kB
Node 0 WritebackTmp:          0 kB
Node 0 KReclaimable:      21392 kB
Node 0 Slab:              77424 kB
Node 0 SReclaimable:      21392 kB
Node 0 SUnreclaim:        56032 kB
Node 0 AnonHugePages:         0 kB
Node 0 ShmemHugePages:        0 kB
Node 0 ShmemPmdMapped:        0 kB
Node 0 FileHugePages:        0 kB
Node 0 FilePmdMapped:        0 kB
Node 0 HugePages_Total:     0
Node 0 HugePages_Free:      0
Node 0 HugePages_Surp:      0

Node 1 MemTotal:       24686196 kB
Node 1 MemFree:        23864644 kB
Node 1 MemUsed:          821552 kB
Node 1 Active:            56236 kB
Node 1 Inactive:          46848 kB
Node 1 Active(anon):      23644 kB
Node 1 Inactive(anon):      476 kB
Node 1 Active(file):      32592 kB
Node 1 Inactive(file):    46372 kB
Node 1 Unevictable:       12908 kB
Node 1 Mlocked:           12908 kB
Node 1 Dirty:                16 kB
Node 1 Writeback:             0 kB
Node 1 FilePages:         82196 kB
Node 1 Mapped:            37384 kB
Node 1 AnonPages:         33968 kB
Node 1 Shmem:               652 kB
Node 1 KernelStack:        1336 kB
Node 1 PageTables:          872 kB
Node 1 NFS_Unstable:          0 kB
Node 1 Bounce:                0 kB
Node 1 WritebackTmp:          0 kB
Node 1 KReclaimable:      22264 kB
Node 1 Slab:              62228 kB
Node 1 SReclaimable:      22264 kB
Node 1 SUnreclaim:        39964 kB
Node 1 AnonHugePages:         0 kB
Node 1 ShmemHugePages:        0 kB
Node 1 ShmemPmdMapped:        0 kB
Node 1 FileHugePages:        0 kB
Node 1 FilePmdMapped:        0 kB
Node 1 HugePages_Total:     0
Node 1 HugePages_Free:      0
Node 1 HugePages_Surp:      0

U.0.huge-simpleread.4G.3.O.1M Complete!
