U.0.huge-simpleread.500M.3.O.1M
Begin
Node 0 MemTotal:       24743736 kB
Node 0 MemFree:        24448376 kB
Node 0 MemUsed:          295360 kB
Node 0 Active:            52892 kB
Node 0 Inactive:          83920 kB
Node 0 Active(anon):      22892 kB
Node 0 Inactive(anon):      416 kB
Node 0 Active(file):      30000 kB
Node 0 Inactive(file):    83504 kB
Node 0 Unevictable:       17896 kB
Node 0 Mlocked:           17896 kB
Node 0 Dirty:               180 kB
Node 0 Writeback:             0 kB
Node 0 FilePages:        121656 kB
Node 0 Mapped:            48536 kB
Node 0 AnonPages:         33096 kB
Node 0 Shmem:               584 kB
Node 0 KernelStack:        2056 kB
Node 0 PageTables:          764 kB
Node 0 NFS_Unstable:          0 kB
Node 0 Bounce:                0 kB
Node 0 WritebackTmp:          0 kB
Node 0 KReclaimable:      23132 kB
Node 0 Slab:              58104 kB
Node 0 SReclaimable:      23132 kB
Node 0 SUnreclaim:        34972 kB
Node 0 AnonHugePages:         0 kB
Node 0 ShmemHugePages:        0 kB
Node 0 ShmemPmdMapped:        0 kB
Node 0 FileHugePages:        0 kB
Node 0 FilePmdMapped:        0 kB
Node 0 HugePages_Total:     0
Node 0 HugePages_Free:      0
Node 0 HugePages_Surp:      0

Node 1 MemTotal:       24686196 kB
Node 1 MemFree:        24350768 kB
Node 1 MemUsed:          335428 kB
Node 1 Active:            43080 kB
Node 1 Inactive:          21636 kB
Node 1 Active(anon):      11196 kB
Node 1 Inactive(anon):      468 kB
Node 1 Active(file):      31884 kB
Node 1 Inactive(file):    21168 kB
Node 1 Unevictable:         624 kB
Node 1 Mlocked:             624 kB
Node 1 Dirty:                24 kB
Node 1 Writeback:             0 kB
Node 1 FilePages:         54388 kB
Node 1 Mapped:            11612 kB
Node 1 AnonPages:         11032 kB
Node 1 Shmem:               684 kB
Node 1 KernelStack:        1560 kB
Node 1 PageTables:          384 kB
Node 1 NFS_Unstable:          0 kB
Node 1 Bounce:                0 kB
Node 1 WritebackTmp:          0 kB
Node 1 KReclaimable:      18328 kB
Node 1 Slab:              48424 kB
Node 1 SReclaimable:      18328 kB
Node 1 SUnreclaim:        30096 kB
Node 1 AnonHugePages:         0 kB
Node 1 ShmemHugePages:        0 kB
Node 1 ShmemPmdMapped:        0 kB
Node 1 FileHugePages:        0 kB
Node 1 FilePmdMapped:        0 kB
Node 1 HugePages_Total:     0
Node 1 HugePages_Free:      0
Node 1 HugePages_Surp:      0

Load ZFS
Node 0 MemTotal:       24743736 kB
Node 0 MemFree:        24446000 kB
Node 0 MemUsed:          297736 kB
Node 0 Active:            53232 kB
Node 0 Inactive:          84180 kB
Node 0 Active(anon):      22940 kB
Node 0 Inactive(anon):      416 kB
Node 0 Active(file):      30292 kB
Node 0 Inactive(file):    83764 kB
Node 0 Unevictable:       17896 kB
Node 0 Mlocked:           17896 kB
Node 0 Dirty:               208 kB
Node 0 Writeback:             0 kB
Node 0 FilePages:        122208 kB
Node 0 Mapped:            48536 kB
Node 0 AnonPages:         33096 kB
Node 0 Shmem:               584 kB
Node 0 KernelStack:        2040 kB
Node 0 PageTables:          764 kB
Node 0 NFS_Unstable:          0 kB
Node 0 Bounce:                0 kB
Node 0 WritebackTmp:          0 kB
Node 0 KReclaimable:      23572 kB
Node 0 Slab:              60160 kB
Node 0 SReclaimable:      23572 kB
Node 0 SUnreclaim:        36588 kB
Node 0 AnonHugePages:         0 kB
Node 0 ShmemHugePages:        0 kB
Node 0 ShmemPmdMapped:        0 kB
Node 0 FileHugePages:        0 kB
Node 0 FilePmdMapped:        0 kB
Node 0 HugePages_Total:     0
Node 0 HugePages_Free:      0
Node 0 HugePages_Surp:      0

Node 1 MemTotal:       24686196 kB
Node 1 MemFree:        24345808 kB
Node 1 MemUsed:          340388 kB
Node 1 Active:            51044 kB
Node 1 Inactive:          17356 kB
Node 1 Active(anon):      12880 kB
Node 1 Inactive(anon):      468 kB
Node 1 Active(file):      38164 kB
Node 1 Inactive(file):    16888 kB
Node 1 Unevictable:         624 kB
Node 1 Mlocked:             624 kB
Node 1 Dirty:                28 kB
Node 1 Writeback:             0 kB
Node 1 FilePages:         56360 kB
Node 1 Mapped:            11772 kB
Node 1 AnonPages:         12632 kB
Node 1 Shmem:               684 kB
Node 1 KernelStack:        1608 kB
Node 1 PageTables:          496 kB
Node 1 NFS_Unstable:          0 kB
Node 1 Bounce:                0 kB
Node 1 WritebackTmp:          0 kB
Node 1 KReclaimable:      18792 kB
Node 1 Slab:              50004 kB
Node 1 SReclaimable:      18792 kB
Node 1 SUnreclaim:        31212 kB
Node 1 AnonHugePages:         0 kB
Node 1 ShmemHugePages:        0 kB
Node 1 ShmemPmdMapped:        0 kB
Node 1 FileHugePages:        0 kB
Node 1 FilePmdMapped:        0 kB
Node 1 HugePages_Total:     0
Node 1 HugePages_Free:      0
Node 1 HugePages_Surp:      0

Import tank ZPool
Node 0 MemTotal:       24743736 kB
Node 0 MemFree:        24447520 kB
Node 0 MemUsed:          296216 kB
Node 0 Active:            53212 kB
Node 0 Inactive:          84176 kB
Node 0 Active(anon):      22916 kB
Node 0 Inactive(anon):      416 kB
Node 0 Active(file):      30296 kB
Node 0 Inactive(file):    83760 kB
Node 0 Unevictable:       17896 kB
Node 0 Mlocked:           17896 kB
Node 0 Dirty:               232 kB
Node 0 Writeback:             0 kB
Node 0 FilePages:        122204 kB
Node 0 Mapped:            48772 kB
Node 0 AnonPages:         33072 kB
Node 0 Shmem:               580 kB
Node 0 KernelStack:        2040 kB
Node 0 PageTables:          764 kB
Node 0 NFS_Unstable:          0 kB
Node 0 Bounce:                0 kB
Node 0 WritebackTmp:          0 kB
Node 0 KReclaimable:      23572 kB
Node 0 Slab:              60160 kB
Node 0 SReclaimable:      23572 kB
Node 0 SUnreclaim:        36588 kB
Node 0 AnonHugePages:         0 kB
Node 0 ShmemHugePages:        0 kB
Node 0 ShmemPmdMapped:        0 kB
Node 0 FileHugePages:        0 kB
Node 0 FilePmdMapped:        0 kB
Node 0 HugePages_Total:     0
Node 0 HugePages_Free:      0
Node 0 HugePages_Surp:      0

Node 1 MemTotal:       24686196 kB
Node 1 MemFree:        24331140 kB
Node 1 MemUsed:          355056 kB
Node 1 Active:            49072 kB
Node 1 Inactive:          18444 kB
Node 1 Active(anon):      10428 kB
Node 1 Inactive(anon):      472 kB
Node 1 Active(file):      38644 kB
Node 1 Inactive(file):    17972 kB
Node 1 Unevictable:         624 kB
Node 1 Mlocked:             624 kB
Node 1 Dirty:                40 kB
Node 1 Writeback:             0 kB
Node 1 FilePages:         57928 kB
Node 1 Mapped:            11812 kB
Node 1 AnonPages:         10524 kB
Node 1 Shmem:               688 kB
Node 1 KernelStack:        2712 kB
Node 1 PageTables:          464 kB
Node 1 NFS_Unstable:          0 kB
Node 1 Bounce:                0 kB
Node 1 WritebackTmp:          0 kB
Node 1 KReclaimable:      18952 kB
Node 1 Slab:              56940 kB
Node 1 SReclaimable:      18952 kB
Node 1 SUnreclaim:        37988 kB
Node 1 AnonHugePages:         0 kB
Node 1 ShmemHugePages:        0 kB
Node 1 ShmemPmdMapped:        0 kB
Node 1 FileHugePages:        0 kB
Node 1 FilePmdMapped:        0 kB
Node 1 HugePages_Total:     0
Node 1 HugePages_Free:      0
Node 1 HugePages_Surp:      0

After Test
Node 0 MemTotal:       24743736 kB
Node 0 MemFree:        23606568 kB
Node 0 MemUsed:         1137168 kB
Node 0 Active:            54004 kB
Node 0 Inactive:         181848 kB
Node 0 Active(anon):      23300 kB
Node 0 Inactive(anon):      416 kB
Node 0 Active(file):      30704 kB
Node 0 Inactive(file):   181432 kB
Node 0 Unevictable:       17896 kB
Node 0 Mlocked:           17896 kB
Node 0 Dirty:               140 kB
Node 0 Writeback:             0 kB
Node 0 FilePages:        220292 kB
Node 0 Mapped:            48560 kB
Node 0 AnonPages:         33244 kB
Node 0 Shmem:               580 kB
Node 0 KernelStack:        2084 kB
Node 0 PageTables:         1036 kB
Node 0 NFS_Unstable:          0 kB
Node 0 Bounce:                0 kB
Node 0 WritebackTmp:          0 kB
Node 0 KReclaimable:      23828 kB
Node 0 Slab:              65920 kB
Node 0 SReclaimable:      23828 kB
Node 0 SUnreclaim:        42092 kB
Node 0 AnonHugePages:         0 kB
Node 0 ShmemHugePages:        0 kB
Node 0 ShmemPmdMapped:        0 kB
Node 0 FileHugePages:        0 kB
Node 0 FilePmdMapped:        0 kB
Node 0 HugePages_Total:     0
Node 0 HugePages_Free:      0
Node 0 HugePages_Surp:      0

Node 1 MemTotal:       24686196 kB
Node 1 MemFree:        24008152 kB
Node 1 MemUsed:          678044 kB
Node 1 Active:            48876 kB
Node 1 Inactive:          18156 kB
Node 1 Active(anon):       9912 kB
Node 1 Inactive(anon):      472 kB
Node 1 Active(file):      38964 kB
Node 1 Inactive(file):    17684 kB
Node 1 Unevictable:         624 kB
Node 1 Mlocked:             624 kB
Node 1 Dirty:                 8 kB
Node 1 Writeback:             0 kB
Node 1 FilePages:         57968 kB
Node 1 Mapped:            11896 kB
Node 1 AnonPages:          9732 kB
Node 1 Shmem:               688 kB
Node 1 KernelStack:        2632 kB
Node 1 PageTables:          292 kB
Node 1 NFS_Unstable:          0 kB
Node 1 Bounce:                0 kB
Node 1 WritebackTmp:          0 kB
Node 1 KReclaimable:      18960 kB
Node 1 Slab:              57816 kB
Node 1 SReclaimable:      18960 kB
Node 1 SUnreclaim:        38856 kB
Node 1 AnonHugePages:         0 kB
Node 1 ShmemHugePages:        0 kB
Node 1 ShmemPmdMapped:        0 kB
Node 1 FileHugePages:        0 kB
Node 1 FilePmdMapped:        0 kB
Node 1 HugePages_Total:     0
Node 1 HugePages_Free:      0
Node 1 HugePages_Surp:      0

After Opposite Node
Node 0 MemTotal:       24743736 kB
Node 0 MemFree:        23607056 kB
Node 0 MemUsed:         1136680 kB
Node 0 Active:            53472 kB
Node 0 Inactive:         181816 kB
Node 0 Active(anon):      22724 kB
Node 0 Inactive(anon):      416 kB
Node 0 Active(file):      30748 kB
Node 0 Inactive(file):   181400 kB
Node 0 Unevictable:       17896 kB
Node 0 Mlocked:           17896 kB
Node 0 Dirty:               144 kB
Node 0 Writeback:             0 kB
Node 0 FilePages:        220296 kB
Node 0 Mapped:            48544 kB
Node 0 AnonPages:         32884 kB
Node 0 Shmem:               580 kB
Node 0 KernelStack:        2104 kB
Node 0 PageTables:          764 kB
Node 0 NFS_Unstable:          0 kB
Node 0 Bounce:                0 kB
Node 0 WritebackTmp:          0 kB
Node 0 KReclaimable:      23828 kB
Node 0 Slab:              66004 kB
Node 0 SReclaimable:      23828 kB
Node 0 SUnreclaim:        42176 kB
Node 0 AnonHugePages:         0 kB
Node 0 ShmemHugePages:        0 kB
Node 0 ShmemPmdMapped:        0 kB
Node 0 FileHugePages:        0 kB
Node 0 FilePmdMapped:        0 kB
Node 0 HugePages_Total:     0
Node 0 HugePages_Free:      0
Node 0 HugePages_Surp:      0

Node 1 MemTotal:       24686196 kB
Node 1 MemFree:        24007964 kB
Node 1 MemUsed:          678232 kB
Node 1 Active:            49396 kB
Node 1 Inactive:          17960 kB
Node 1 Active(anon):      10208 kB
Node 1 Inactive(anon):      472 kB
Node 1 Active(file):      39188 kB
Node 1 Inactive(file):    17488 kB
Node 1 Unevictable:         624 kB
Node 1 Mlocked:             624 kB
Node 1 Dirty:                24 kB
Node 1 Writeback:             0 kB
Node 1 FilePages:         57988 kB
Node 1 Mapped:            11660 kB
Node 1 AnonPages:         10104 kB
Node 1 Shmem:               688 kB
Node 1 KernelStack:        2648 kB
Node 1 PageTables:          564 kB
Node 1 NFS_Unstable:          0 kB
Node 1 Bounce:                0 kB
Node 1 WritebackTmp:          0 kB
Node 1 KReclaimable:      18992 kB
Node 1 Slab:              57968 kB
Node 1 SReclaimable:      18992 kB
Node 1 SUnreclaim:        38976 kB
Node 1 AnonHugePages:         0 kB
Node 1 ShmemHugePages:        0 kB
Node 1 ShmemPmdMapped:        0 kB
Node 1 FileHugePages:        0 kB
Node 1 FilePmdMapped:        0 kB
Node 1 HugePages_Total:     0
Node 1 HugePages_Free:      0
Node 1 HugePages_Surp:      0

U.0.huge-simpleread.500M.3.O.1M Complete!
