U.0.huge-simpleread.250M.2.O.1M
Begin
Node 0 MemTotal:       24768352 kB
Node 0 MemFree:        24370028 kB
Node 0 MemUsed:          398324 kB
Node 0 Active:            60452 kB
Node 0 Inactive:          33156 kB
Node 0 Active(anon):      15480 kB
Node 0 Inactive(anon):      320 kB
Node 0 Active(file):      44972 kB
Node 0 Inactive(file):    32836 kB
Node 0 Unevictable:       18292 kB
Node 0 Mlocked:           18292 kB
Node 0 Dirty:                56 kB
Node 0 Writeback:             0 kB
Node 0 FilePages:         86312 kB
Node 0 Mapped:            28564 kB
Node 0 AnonPages:         25588 kB
Node 0 Shmem:               544 kB
Node 0 KernelStack:        2040 kB
Node 0 PageTables:          560 kB
Node 0 NFS_Unstable:          0 kB
Node 0 Bounce:                0 kB
Node 0 WritebackTmp:          0 kB
Node 0 KReclaimable:      22796 kB
Node 0 Slab:              62444 kB
Node 0 SReclaimable:      22796 kB
Node 0 SUnreclaim:        39648 kB
Node 0 AnonHugePages:         0 kB
Node 0 ShmemHugePages:        0 kB
Node 0 ShmemPmdMapped:        0 kB
Node 0 FileHugePages:        0 kB
Node 0 FilePmdMapped:        0 kB
Node 0 HugePages_Total:     0
Node 0 HugePages_Free:      0
Node 0 HugePages_Surp:      0

Node 1 MemTotal:       24661580 kB
Node 1 MemFree:        24435872 kB
Node 1 MemUsed:          225708 kB
Node 1 Active:            41900 kB
Node 1 Inactive:          51576 kB
Node 1 Active(anon):      18356 kB
Node 1 Inactive(anon):      560 kB
Node 1 Active(file):      23544 kB
Node 1 Inactive(file):    51016 kB
Node 1 Unevictable:         232 kB
Node 1 Mlocked:             232 kB
Node 1 Dirty:               360 kB
Node 1 Writeback:             0 kB
Node 1 FilePages:         75664 kB
Node 1 Mapped:            14364 kB
Node 1 AnonPages:         18192 kB
Node 1 Shmem:               724 kB
Node 1 KernelStack:        1560 kB
Node 1 PageTables:          452 kB
Node 1 NFS_Unstable:          0 kB
Node 1 Bounce:                0 kB
Node 1 WritebackTmp:          0 kB
Node 1 KReclaimable:      27532 kB
Node 1 Slab:              54396 kB
Node 1 SReclaimable:      27532 kB
Node 1 SUnreclaim:        26864 kB
Node 1 AnonHugePages:         0 kB
Node 1 ShmemHugePages:        0 kB
Node 1 ShmemPmdMapped:        0 kB
Node 1 FileHugePages:        0 kB
Node 1 FilePmdMapped:        0 kB
Node 1 HugePages_Total:     0
Node 1 HugePages_Free:      0
Node 1 HugePages_Surp:      0

Load ZFS
Node 0 MemTotal:       24768352 kB
Node 0 MemFree:        24439020 kB
Node 0 MemUsed:          329332 kB
Node 0 Active:            67260 kB
Node 0 Inactive:          28420 kB
Node 0 Active(anon):      17244 kB
Node 0 Inactive(anon):      324 kB
Node 0 Active(file):      50016 kB
Node 0 Inactive(file):    28096 kB
Node 0 Unevictable:       18292 kB
Node 0 Mlocked:           18292 kB
Node 0 Dirty:                60 kB
Node 0 Writeback:             0 kB
Node 0 FilePages:         86616 kB
Node 0 Mapped:            28800 kB
Node 0 AnonPages:         27468 kB
Node 0 Shmem:               544 kB
Node 0 KernelStack:        2072 kB
Node 0 PageTables:          584 kB
Node 0 NFS_Unstable:          0 kB
Node 0 Bounce:                0 kB
Node 0 WritebackTmp:          0 kB
Node 0 KReclaimable:      23136 kB
Node 0 Slab:              63892 kB
Node 0 SReclaimable:      23136 kB
Node 0 SUnreclaim:        40756 kB
Node 0 AnonHugePages:         0 kB
Node 0 ShmemHugePages:        0 kB
Node 0 ShmemPmdMapped:        0 kB
Node 0 FileHugePages:        0 kB
Node 0 FilePmdMapped:        0 kB
Node 0 HugePages_Total:     0
Node 0 HugePages_Free:      0
Node 0 HugePages_Surp:      0

Node 1 MemTotal:       24661580 kB
Node 1 MemFree:        24357752 kB
Node 1 MemUsed:          303828 kB
Node 1 Active:            46396 kB
Node 1 Inactive:          52316 kB
Node 1 Active(anon):      21204 kB
Node 1 Inactive(anon):      560 kB
Node 1 Active(file):      25192 kB
Node 1 Inactive(file):    51756 kB
Node 1 Unevictable:         232 kB
Node 1 Mlocked:             232 kB
Node 1 Dirty:               416 kB
Node 1 Writeback:             0 kB
Node 1 FilePages:         77904 kB
Node 1 Mapped:            14332 kB
Node 1 AnonPages:         20980 kB
Node 1 Shmem:               724 kB
Node 1 KernelStack:        1688 kB
Node 1 PageTables:          964 kB
Node 1 NFS_Unstable:          0 kB
Node 1 Bounce:                0 kB
Node 1 WritebackTmp:          0 kB
Node 1 KReclaimable:      28120 kB
Node 1 Slab:              56616 kB
Node 1 SReclaimable:      28120 kB
Node 1 SUnreclaim:        28496 kB
Node 1 AnonHugePages:         0 kB
Node 1 ShmemHugePages:        0 kB
Node 1 ShmemPmdMapped:        0 kB
Node 1 FileHugePages:        0 kB
Node 1 FilePmdMapped:        0 kB
Node 1 HugePages_Total:     0
Node 1 HugePages_Free:      0
Node 1 HugePages_Surp:      0

Import tank ZPool
Node 0 MemTotal:       24768352 kB
Node 0 MemFree:        24440072 kB
Node 0 MemUsed:          328280 kB
Node 0 Active:            67364 kB
Node 0 Inactive:          28352 kB
Node 0 Active(anon):      17280 kB
Node 0 Inactive(anon):      324 kB
Node 0 Active(file):      50084 kB
Node 0 Inactive(file):    28028 kB
Node 0 Unevictable:       18292 kB
Node 0 Mlocked:           18292 kB
Node 0 Dirty:                72 kB
Node 0 Writeback:             0 kB
Node 0 FilePages:         86612 kB
Node 0 Mapped:            28816 kB
Node 0 AnonPages:         27468 kB
Node 0 Shmem:               540 kB
Node 0 KernelStack:        2072 kB
Node 0 PageTables:          584 kB
Node 0 NFS_Unstable:          0 kB
Node 0 Bounce:                0 kB
Node 0 WritebackTmp:          0 kB
Node 0 KReclaimable:      23136 kB
Node 0 Slab:              63916 kB
Node 0 SReclaimable:      23136 kB
Node 0 SUnreclaim:        40780 kB
Node 0 AnonHugePages:         0 kB
Node 0 ShmemHugePages:        0 kB
Node 0 ShmemPmdMapped:        0 kB
Node 0 FileHugePages:        0 kB
Node 0 FilePmdMapped:        0 kB
Node 0 HugePages_Total:     0
Node 0 HugePages_Free:      0
Node 0 HugePages_Surp:      0

Node 1 MemTotal:       24661580 kB
Node 1 MemFree:        24337032 kB
Node 1 MemUsed:          324548 kB
Node 1 Active:            47432 kB
Node 1 Inactive:          53500 kB
Node 1 Active(anon):      21884 kB
Node 1 Inactive(anon):      564 kB
Node 1 Active(file):      25548 kB
Node 1 Inactive(file):    52936 kB
Node 1 Unevictable:         232 kB
Node 1 Mlocked:             232 kB
Node 1 Dirty:               228 kB
Node 1 Writeback:             0 kB
Node 1 FilePages:         79472 kB
Node 1 Mapped:            14600 kB
Node 1 AnonPages:         21516 kB
Node 1 Shmem:               728 kB
Node 1 KernelStack:        2840 kB
Node 1 PageTables:         1044 kB
Node 1 NFS_Unstable:          0 kB
Node 1 Bounce:                0 kB
Node 1 WritebackTmp:          0 kB
Node 1 KReclaimable:      28244 kB
Node 1 Slab:              63496 kB
Node 1 SReclaimable:      28244 kB
Node 1 SUnreclaim:        35252 kB
Node 1 AnonHugePages:         0 kB
Node 1 ShmemHugePages:        0 kB
Node 1 ShmemPmdMapped:        0 kB
Node 1 FileHugePages:        0 kB
Node 1 FilePmdMapped:        0 kB
Node 1 HugePages_Total:     0
Node 1 HugePages_Free:      0
Node 1 HugePages_Surp:      0

After Test
Node 0 MemTotal:       24768352 kB
Node 0 MemFree:        24047160 kB
Node 0 MemUsed:          721192 kB
Node 0 Active:            66024 kB
Node 0 Inactive:         125976 kB
Node 0 Active(anon):      15476 kB
Node 0 Inactive(anon):      324 kB
Node 0 Active(file):      50548 kB
Node 0 Inactive(file):   125652 kB
Node 0 Unevictable:       18292 kB
Node 0 Mlocked:           18292 kB
Node 0 Dirty:                 4 kB
Node 0 Writeback:             0 kB
Node 0 FilePages:        184700 kB
Node 0 Mapped:            28632 kB
Node 0 AnonPages:         25456 kB
Node 0 Shmem:               540 kB
Node 0 KernelStack:        2056 kB
Node 0 PageTables:          620 kB
Node 0 NFS_Unstable:          0 kB
Node 0 Bounce:                0 kB
Node 0 WritebackTmp:          0 kB
Node 0 KReclaimable:      23500 kB
Node 0 Slab:              67244 kB
Node 0 SReclaimable:      23500 kB
Node 0 SUnreclaim:        43744 kB
Node 0 AnonHugePages:         0 kB
Node 0 ShmemHugePages:        0 kB
Node 0 ShmemPmdMapped:        0 kB
Node 0 FileHugePages:        0 kB
Node 0 FilePmdMapped:        0 kB
Node 0 HugePages_Total:     0
Node 0 HugePages_Free:      0
Node 0 HugePages_Surp:      0

Node 1 MemTotal:       24661580 kB
Node 1 MemFree:        24097808 kB
Node 1 MemUsed:          563772 kB
Node 1 Active:            43304 kB
Node 1 Inactive:          53308 kB
Node 1 Active(anon):      17504 kB
Node 1 Inactive(anon):      564 kB
Node 1 Active(file):      25800 kB
Node 1 Inactive(file):    52744 kB
Node 1 Unevictable:         232 kB
Node 1 Mlocked:             232 kB
Node 1 Dirty:                 0 kB
Node 1 Writeback:             0 kB
Node 1 FilePages:         79504 kB
Node 1 Mapped:            14344 kB
Node 1 AnonPages:         17340 kB
Node 1 Shmem:               728 kB
Node 1 KernelStack:        2680 kB
Node 1 PageTables:          472 kB
Node 1 NFS_Unstable:          0 kB
Node 1 Bounce:                0 kB
Node 1 WritebackTmp:          0 kB
Node 1 KReclaimable:      28276 kB
Node 1 Slab:              64112 kB
Node 1 SReclaimable:      28276 kB
Node 1 SUnreclaim:        35836 kB
Node 1 AnonHugePages:         0 kB
Node 1 ShmemHugePages:        0 kB
Node 1 ShmemPmdMapped:        0 kB
Node 1 FileHugePages:        0 kB
Node 1 FilePmdMapped:        0 kB
Node 1 HugePages_Total:     0
Node 1 HugePages_Free:      0
Node 1 HugePages_Surp:      0

After Opposite Node
Node 0 MemTotal:       24768352 kB
Node 0 MemFree:        24047668 kB
Node 0 MemUsed:          720684 kB
Node 0 Active:            66012 kB
Node 0 Inactive:         125680 kB
Node 0 Active(anon):      15164 kB
Node 0 Inactive(anon):      324 kB
Node 0 Active(file):      50848 kB
Node 0 Inactive(file):   125356 kB
Node 0 Unevictable:       18292 kB
Node 0 Mlocked:           18292 kB
Node 0 Dirty:                28 kB
Node 0 Writeback:             0 kB
Node 0 FilePages:        184704 kB
Node 0 Mapped:            28628 kB
Node 0 AnonPages:         25276 kB
Node 0 Shmem:               540 kB
Node 0 KernelStack:        2056 kB
Node 0 PageTables:          560 kB
Node 0 NFS_Unstable:          0 kB
Node 0 Bounce:                0 kB
Node 0 WritebackTmp:          0 kB
Node 0 KReclaimable:      23500 kB
Node 0 Slab:              67244 kB
Node 0 SReclaimable:      23500 kB
Node 0 SUnreclaim:        43744 kB
Node 0 AnonHugePages:         0 kB
Node 0 ShmemHugePages:        0 kB
Node 0 ShmemPmdMapped:        0 kB
Node 0 FileHugePages:        0 kB
Node 0 FilePmdMapped:        0 kB
Node 0 HugePages_Total:     0
Node 0 HugePages_Free:      0
Node 0 HugePages_Surp:      0

Node 1 MemTotal:       24661580 kB
Node 1 MemFree:        24098156 kB
Node 1 MemUsed:          563424 kB
Node 1 Active:            43764 kB
Node 1 Inactive:          53304 kB
Node 1 Active(anon):      17940 kB
Node 1 Inactive(anon):      564 kB
Node 1 Active(file):      25824 kB
Node 1 Inactive(file):    52740 kB
Node 1 Unevictable:         232 kB
Node 1 Mlocked:             232 kB
Node 1 Dirty:                40 kB
Node 1 Writeback:             0 kB
Node 1 FilePages:         79532 kB
Node 1 Mapped:            14332 kB
Node 1 AnonPages:         17712 kB
Node 1 Shmem:               728 kB
Node 1 KernelStack:        2648 kB
Node 1 PageTables:          704 kB
Node 1 NFS_Unstable:          0 kB
Node 1 Bounce:                0 kB
Node 1 WritebackTmp:          0 kB
Node 1 KReclaimable:      28308 kB
Node 1 Slab:              64236 kB
Node 1 SReclaimable:      28308 kB
Node 1 SUnreclaim:        35928 kB
Node 1 AnonHugePages:         0 kB
Node 1 ShmemHugePages:        0 kB
Node 1 ShmemPmdMapped:        0 kB
Node 1 FileHugePages:        0 kB
Node 1 FilePmdMapped:        0 kB
Node 1 HugePages_Total:     0
Node 1 HugePages_Free:      0
Node 1 HugePages_Surp:      0

U.0.huge-simpleread.250M.2.O.1M Complete!
