Fio Node 0 pages
7f4ffdc3d000 bind:1 file=/usr/lib/x86_64-linux-gnu/libc-2.31.so mapped=144 mapmax=38 N0=144 kernelpagesize_kB=4
7f4ffddb5000 bind:1 file=/usr/lib/x86_64-linux-gnu/libc-2.31.so mapped=27 mapmax=38 N0=27 kernelpagesize_kB=4
Fio Node 1 pages
5618be3b7000 bind:1 file=/usr/bin/dash mapped=19 mapmax=3 N1=19 kernelpagesize_kB=4
5618be3ca000 bind:1 file=/usr/bin/dash mapped=6 mapmax=3 N1=6 kernelpagesize_kB=4
5618be3d0000 bind:1 file=/usr/bin/dash anon=2 dirty=2 mapmax=2 N1=2 kernelpagesize_kB=4
5618be3d2000 bind:1 file=/usr/bin/dash anon=1 dirty=1 N1=1 kernelpagesize_kB=4
5618be3d3000 bind:1 anon=1 dirty=1 N1=1 kernelpagesize_kB=4
5618bffcb000 bind:1 heap anon=2 dirty=2 mapmax=2 N1=2 kernelpagesize_kB=4
7f4ffde00000 bind:1 file=/usr/lib/x86_64-linux-gnu/libc-2.31.so anon=3 dirty=3 mapmax=2 N1=3 kernelpagesize_kB=4
7f4ffde03000 bind:1 file=/usr/lib/x86_64-linux-gnu/libc-2.31.so anon=3 dirty=3 mapmax=2 N1=3 kernelpagesize_kB=4
7f4ffde06000 bind:1 anon=6 dirty=6 mapmax=2 N1=6 kernelpagesize_kB=4
7f4ffde43000 bind:1 file=/usr/lib/x86_64-linux-gnu/ld-2.31.so anon=1 dirty=1 mapmax=2 N1=1 kernelpagesize_kB=4
7f4ffde44000 bind:1 file=/usr/lib/x86_64-linux-gnu/ld-2.31.so anon=1 dirty=1 N1=1 kernelpagesize_kB=4
7f4ffde45000 bind:1 anon=1 dirty=1 mapmax=2 N1=1 kernelpagesize_kB=4
7ffeade28000 bind:1 stack anon=3 dirty=3 mapmax=2 N1=3 kernelpagesize_kB=4
Fio Node 0 pages
7f3b0bf1f000 bind:1 file=/usr/lib/x86_64-linux-gnu/libc-2.31.so mapped=36 mapmax=25 N0=36 kernelpagesize_kB=4
7f3b0bf44000 bind:1 file=/usr/lib/x86_64-linux-gnu/libc-2.31.so mapped=48 mapmax=25 N0=48 kernelpagesize_kB=4
7f3b0c111000 bind:1 file=/usr/lib/x86_64-linux-gnu/libaio.so.1.0.1 mapped=1 mapmax=2 N0=1 kernelpagesize_kB=4
7f3b0c116000 bind:1 file=/usr/lib/x86_64-linux-gnu/libdl-2.31.so mapped=1 mapmax=20 N0=1 kernelpagesize_kB=4
7f3b0c14a000 bind:1 file=/usr/lib/x86_64-linux-gnu/libm-2.31.so mapped=15 mapmax=12 N0=15 kernelpagesize_kB=4
7f3b0c299000 bind:1 file=/usr/lib/x86_64-linux-gnu/libpthread-2.31.so mapped=7 mapmax=22 N0=7 kernelpagesize_kB=4
7f3b0c2bc000 bind:1 file=/usr/lib/x86_64-linux-gnu/libz.so.1.2.11 mapped=2 mapmax=8 N0=2 kernelpagesize_kB=4
7f3b0c2d8000 bind:1 file=/usr/lib/x86_64-linux-gnu/librt-2.31.so mapped=3 mapmax=17 N0=3 kernelpagesize_kB=4
7f3b0c2f2000 bind:1 file=/etc/ld.so.cache mapped=10 N0=10 kernelpagesize_kB=4
7f3b0c2fc000 bind:1 file=/usr/lib/x86_64-linux-gnu/ld-2.31.so mapped=1 mapmax=25 N0=1 kernelpagesize_kB=4
7f3b0c2fd000 bind:1 file=/usr/lib/x86_64-linux-gnu/ld-2.31.so mapped=35 mapmax=25 N0=35 kernelpagesize_kB=4
7f3b0c320000 bind:1 file=/usr/lib/x86_64-linux-gnu/ld-2.31.so mapped=8 mapmax=25 N0=8 kernelpagesize_kB=4
Fio Node 1 pages
55cd270dc000 bind:1 file=/usr/local/bin/fio mapped=24 active=1 N1=24 kernelpagesize_kB=4
55cd270f4000 bind:1 file=/usr/local/bin/fio mapped=52 N1=52 kernelpagesize_kB=4
55cd27179000 bind:1 file=/usr/local/bin/fio mapped=16 N1=16 kernelpagesize_kB=4
55cd271a0000 bind:1 file=/usr/local/bin/fio anon=2 dirty=2 N1=2 kernelpagesize_kB=4
55cd271a2000 bind:1 file=/usr/local/bin/fio anon=109 dirty=109 mapped=113 active=109 N1=113 kernelpagesize_kB=4
55cd2727e000 bind:1 anon=1 dirty=1 N1=1 kernelpagesize_kB=4
55cd27697000 bind:1 heap anon=4 dirty=4 N1=4 kernelpagesize_kB=4
7f3b0bf1d000 bind:1 anon=2 dirty=2 N1=2 kernelpagesize_kB=4
7f3b0c107000 bind:1 file=/usr/lib/x86_64-linux-gnu/libc-2.31.so anon=3 dirty=3 N1=3 kernelpagesize_kB=4
7f3b0c10a000 bind:1 file=/usr/lib/x86_64-linux-gnu/libc-2.31.so anon=3 dirty=3 N1=3 kernelpagesize_kB=4
7f3b0c10d000 bind:1 anon=4 dirty=4 N1=4 kernelpagesize_kB=4
7f3b0c114000 bind:1 file=/usr/lib/x86_64-linux-gnu/libaio.so.1.0.1 anon=1 dirty=1 N1=1 kernelpagesize_kB=4
7f3b0c115000 bind:1 file=/usr/lib/x86_64-linux-gnu/libaio.so.1.0.1 anon=1 dirty=1 N1=1 kernelpagesize_kB=4
7f3b0c11a000 bind:1 file=/usr/lib/x86_64-linux-gnu/libdl-2.31.so anon=1 dirty=1 N1=1 kernelpagesize_kB=4
7f3b0c11b000 bind:1 file=/usr/lib/x86_64-linux-gnu/libdl-2.31.so anon=1 dirty=1 N1=1 kernelpagesize_kB=4
7f3b0c11c000 bind:1 anon=2 dirty=2 N1=2 kernelpagesize_kB=4
7f3b0c11e000 bind:1 file=/usr/lib/x86_64-linux-gnu/libmvec-2.31.so mapped=2 active=1 N1=2 kernelpagesize_kB=4
7f3b0c120000 bind:1 file=/usr/lib/x86_64-linux-gnu/libmvec-2.31.so mapped=12 active=0 N1=12 kernelpagesize_kB=4
7f3b0c148000 bind:1 file=/usr/lib/x86_64-linux-gnu/libmvec-2.31.so anon=1 dirty=1 N1=1 kernelpagesize_kB=4
7f3b0c149000 bind:1 file=/usr/lib/x86_64-linux-gnu/libmvec-2.31.so anon=1 dirty=1 N1=1 kernelpagesize_kB=4
7f3b0c297000 bind:1 file=/usr/lib/x86_64-linux-gnu/libm-2.31.so anon=1 dirty=1 N1=1 kernelpagesize_kB=4
7f3b0c298000 bind:1 file=/usr/lib/x86_64-linux-gnu/libm-2.31.so anon=1 dirty=1 N1=1 kernelpagesize_kB=4
7f3b0c2b6000 bind:1 file=/usr/lib/x86_64-linux-gnu/libpthread-2.31.so anon=1 dirty=1 N1=1 kernelpagesize_kB=4
7f3b0c2b7000 bind:1 file=/usr/lib/x86_64-linux-gnu/libpthread-2.31.so anon=1 dirty=1 N1=1 kernelpagesize_kB=4
7f3b0c2b8000 bind:1 anon=1 dirty=1 N1=1 kernelpagesize_kB=4
7f3b0c2d6000 bind:1 file=/usr/lib/x86_64-linux-gnu/libz.so.1.2.11 anon=1 dirty=1 N1=1 kernelpagesize_kB=4
7f3b0c2d7000 bind:1 file=/usr/lib/x86_64-linux-gnu/libz.so.1.2.11 anon=1 dirty=1 N1=1 kernelpagesize_kB=4
7f3b0c2e1000 bind:1 file=/usr/lib/x86_64-linux-gnu/librt-2.31.so anon=1 dirty=1 N1=1 kernelpagesize_kB=4
7f3b0c2e2000 bind:1 file=/usr/lib/x86_64-linux-gnu/librt-2.31.so anon=1 dirty=1 N1=1 kernelpagesize_kB=4
7f3b0c2e3000 bind:1 file=/usr/lib/x86_64-linux-gnu/libnuma.so.1.0.0 mapped=3 mapmax=2 N1=3 kernelpagesize_kB=4
7f3b0c2e6000 bind:1 file=/usr/lib/x86_64-linux-gnu/libnuma.so.1.0.0 mapped=5 mapmax=2 N1=5 kernelpagesize_kB=4
7f3b0c2eb000 bind:1 file=/usr/lib/x86_64-linux-gnu/libnuma.so.1.0.0 mapped=2 mapmax=2 N1=2 kernelpagesize_kB=4
7f3b0c2ee000 bind:1 file=/usr/lib/x86_64-linux-gnu/libnuma.so.1.0.0 anon=1 dirty=1 N1=1 kernelpagesize_kB=4
7f3b0c2ef000 bind:1 file=/usr/lib/x86_64-linux-gnu/libnuma.so.1.0.0 anon=1 dirty=1 N1=1 kernelpagesize_kB=4
7f3b0c2f0000 bind:1 anon=2 dirty=2 N1=2 kernelpagesize_kB=4
7f3b0c328000 bind:1 file=/dev/zero\040(deleted) dirty=1 active=0 N1=1 kernelpagesize_kB=4
7f3b0c329000 bind:1 file=/usr/lib/x86_64-linux-gnu/ld-2.31.so anon=1 dirty=1 N1=1 kernelpagesize_kB=4
7f3b0c32a000 bind:1 file=/usr/lib/x86_64-linux-gnu/ld-2.31.so anon=1 dirty=1 N1=1 kernelpagesize_kB=4
7f3b0c32b000 bind:1 anon=1 dirty=1 N1=1 kernelpagesize_kB=4
7fff0cfd9000 bind:1 stack anon=3 dirty=3 N1=3 kernelpagesize_kB=4
U.1.fio.2G.1.O
Begin
Node 0 MemTotal:       24768352 kB
Node 0 MemFree:        24366828 kB
Node 0 MemUsed:          401524 kB
Node 0 Active:            48508 kB
Node 0 Inactive:          65476 kB
Node 0 Active(anon):      23604 kB
Node 0 Inactive(anon):      424 kB
Node 0 Active(file):      24904 kB
Node 0 Inactive(file):    65052 kB
Node 0 Unevictable:       18196 kB
Node 0 Mlocked:           18196 kB
Node 0 Dirty:                92 kB
Node 0 Writeback:             0 kB
Node 0 FilePages:         98420 kB
Node 0 Mapped:            44516 kB
Node 0 AnonPages:         33776 kB
Node 0 Shmem:               596 kB
Node 0 KernelStack:        2296 kB
Node 0 PageTables:          600 kB
Node 0 NFS_Unstable:          0 kB
Node 0 Bounce:                0 kB
Node 0 WritebackTmp:          0 kB
Node 0 KReclaimable:      17064 kB
Node 0 Slab:              50532 kB
Node 0 SReclaimable:      17064 kB
Node 0 SUnreclaim:        33468 kB
Node 0 AnonHugePages:         0 kB
Node 0 ShmemHugePages:        0 kB
Node 0 ShmemPmdMapped:        0 kB
Node 0 FileHugePages:        0 kB
Node 0 FilePmdMapped:        0 kB
Node 0 HugePages_Total:     0
Node 0 HugePages_Free:      0
Node 0 HugePages_Surp:      0

Node 1 MemTotal:       24661580 kB
Node 1 MemFree:        24428340 kB
Node 1 MemUsed:          233240 kB
Node 1 Active:            47140 kB
Node 1 Inactive:          45376 kB
Node 1 Active(anon):      10176 kB
Node 1 Inactive(anon):      452 kB
Node 1 Active(file):      36964 kB
Node 1 Inactive(file):    44924 kB
Node 1 Unevictable:         328 kB
Node 1 Mlocked:             328 kB
Node 1 Dirty:               424 kB
Node 1 Writeback:             0 kB
Node 1 FilePages:         82888 kB
Node 1 Mapped:            19916 kB
Node 1 AnonPages:         10028 kB
Node 1 Shmem:               672 kB
Node 1 KernelStack:        1352 kB
Node 1 PageTables:          576 kB
Node 1 NFS_Unstable:          0 kB
Node 1 Bounce:                0 kB
Node 1 WritebackTmp:          0 kB
Node 1 KReclaimable:      25712 kB
Node 1 Slab:              57664 kB
Node 1 SReclaimable:      25712 kB
Node 1 SUnreclaim:        31952 kB
Node 1 AnonHugePages:         0 kB
Node 1 ShmemHugePages:        0 kB
Node 1 ShmemPmdMapped:        0 kB
Node 1 FileHugePages:        0 kB
Node 1 FilePmdMapped:        0 kB
Node 1 HugePages_Total:     0
Node 1 HugePages_Free:      0
Node 1 HugePages_Surp:      0

Load ZFS
Node 0 MemTotal:       24768352 kB
Node 0 MemFree:        24363880 kB
Node 0 MemUsed:          404472 kB
Node 0 Active:            54828 kB
Node 0 Inactive:          61424 kB
Node 0 Active(anon):      24388 kB
Node 0 Inactive(anon):      424 kB
Node 0 Active(file):      30440 kB
Node 0 Inactive(file):    61000 kB
Node 0 Unevictable:       18196 kB
Node 0 Mlocked:           18196 kB
Node 0 Dirty:               120 kB
Node 0 Writeback:             0 kB
Node 0 FilePages:         99904 kB
Node 0 Mapped:            44816 kB
Node 0 AnonPages:         34444 kB
Node 0 Shmem:               596 kB
Node 0 KernelStack:        2152 kB
Node 0 PageTables:          652 kB
Node 0 NFS_Unstable:          0 kB
Node 0 Bounce:                0 kB
Node 0 WritebackTmp:          0 kB
Node 0 KReclaimable:      17468 kB
Node 0 Slab:              52316 kB
Node 0 SReclaimable:      17468 kB
Node 0 SUnreclaim:        34848 kB
Node 0 AnonHugePages:         0 kB
Node 0 ShmemHugePages:        0 kB
Node 0 ShmemPmdMapped:        0 kB
Node 0 FileHugePages:        0 kB
Node 0 FilePmdMapped:        0 kB
Node 0 HugePages_Total:     0
Node 0 HugePages_Free:      0
Node 0 HugePages_Surp:      0

Node 1 MemTotal:       24661580 kB
Node 1 MemFree:        24417212 kB
Node 1 MemUsed:          244368 kB
Node 1 Active:            55724 kB
Node 1 Inactive:          45180 kB
Node 1 Active(anon):      17492 kB
Node 1 Inactive(anon):      456 kB
Node 1 Active(file):      38232 kB
Node 1 Inactive(file):    44724 kB
Node 1 Unevictable:         328 kB
Node 1 Mlocked:             328 kB
Node 1 Dirty:               220 kB
Node 1 Writeback:             0 kB
Node 1 FilePages:         83956 kB
Node 1 Mapped:            19916 kB
Node 1 AnonPages:         17356 kB
Node 1 Shmem:               672 kB
Node 1 KernelStack:        1672 kB
Node 1 PageTables:         1096 kB
Node 1 NFS_Unstable:          0 kB
Node 1 Bounce:                0 kB
Node 1 WritebackTmp:          0 kB
Node 1 KReclaimable:      26208 kB
Node 1 Slab:              59860 kB
Node 1 SReclaimable:      26208 kB
Node 1 SUnreclaim:        33652 kB
Node 1 AnonHugePages:         0 kB
Node 1 ShmemHugePages:        0 kB
Node 1 ShmemPmdMapped:        0 kB
Node 1 FileHugePages:        0 kB
Node 1 FilePmdMapped:        0 kB
Node 1 HugePages_Total:     0
Node 1 HugePages_Free:      0
Node 1 HugePages_Surp:      0

Import tank ZPool
Node 0 MemTotal:       24768352 kB
Node 0 MemFree:        24365360 kB
Node 0 MemUsed:          402992 kB
Node 0 Active:            54800 kB
Node 0 Inactive:          61424 kB
Node 0 Active(anon):      24360 kB
Node 0 Inactive(anon):      424 kB
Node 0 Active(file):      30440 kB
Node 0 Inactive(file):    61000 kB
Node 0 Unevictable:       18196 kB
Node 0 Mlocked:           18196 kB
Node 0 Dirty:               128 kB
Node 0 Writeback:             0 kB
Node 0 FilePages:         99932 kB
Node 0 Mapped:            44884 kB
Node 0 AnonPages:         34536 kB
Node 0 Shmem:               592 kB
Node 0 KernelStack:        2168 kB
Node 0 PageTables:          628 kB
Node 0 NFS_Unstable:          0 kB
Node 0 Bounce:                0 kB
Node 0 WritebackTmp:          0 kB
Node 0 KReclaimable:      17484 kB
Node 0 Slab:              52368 kB
Node 0 SReclaimable:      17484 kB
Node 0 SUnreclaim:        34884 kB
Node 0 AnonHugePages:         0 kB
Node 0 ShmemHugePages:        0 kB
Node 0 ShmemPmdMapped:        0 kB
Node 0 FileHugePages:        0 kB
Node 0 FilePmdMapped:        0 kB
Node 0 HugePages_Total:     0
Node 0 HugePages_Free:      0
Node 0 HugePages_Surp:      0

Node 1 MemTotal:       24661580 kB
Node 1 MemFree:        24395280 kB
Node 1 MemUsed:          266300 kB
Node 1 Active:            56544 kB
Node 1 Inactive:          46372 kB
Node 1 Active(anon):      17964 kB
Node 1 Inactive(anon):      460 kB
Node 1 Active(file):      38580 kB
Node 1 Inactive(file):    45912 kB
Node 1 Unevictable:         328 kB
Node 1 Mlocked:             328 kB
Node 1 Dirty:               248 kB
Node 1 Writeback:             0 kB
Node 1 FilePages:         85496 kB
Node 1 Mapped:            20232 kB
Node 1 AnonPages:         17380 kB
Node 1 Shmem:               676 kB
Node 1 KernelStack:        2808 kB
Node 1 PageTables:         1212 kB
Node 1 NFS_Unstable:          0 kB
Node 1 Bounce:                0 kB
Node 1 WritebackTmp:          0 kB
Node 1 KReclaimable:      26360 kB
Node 1 Slab:              66652 kB
Node 1 SReclaimable:      26360 kB
Node 1 SUnreclaim:        40292 kB
Node 1 AnonHugePages:         0 kB
Node 1 ShmemHugePages:        0 kB
Node 1 ShmemPmdMapped:        0 kB
Node 1 FileHugePages:        0 kB
Node 1 FilePmdMapped:        0 kB
Node 1 HugePages_Total:     0
Node 1 HugePages_Free:      0
Node 1 HugePages_Surp:      0

After Test
Node 0 MemTotal:       24768352 kB
Node 0 MemFree:        24315288 kB
Node 0 MemUsed:          453064 kB
Node 0 Active:            53592 kB
Node 0 Inactive:          61412 kB
Node 0 Active(anon):      23072 kB
Node 0 Inactive(anon):      424 kB
Node 0 Active(file):      30520 kB
Node 0 Inactive(file):    60988 kB
Node 0 Unevictable:       18196 kB
Node 0 Mlocked:           18196 kB
Node 0 Dirty:                12 kB
Node 0 Writeback:             0 kB
Node 0 FilePages:         99964 kB
Node 0 Mapped:            44656 kB
Node 0 AnonPages:         33232 kB
Node 0 Shmem:               592 kB
Node 0 KernelStack:        2008 kB
Node 0 PageTables:          620 kB
Node 0 NFS_Unstable:          0 kB
Node 0 Bounce:                0 kB
Node 0 WritebackTmp:          0 kB
Node 0 KReclaimable:      17484 kB
Node 0 Slab:              52520 kB
Node 0 SReclaimable:      17484 kB
Node 0 SUnreclaim:        35036 kB
Node 0 AnonHugePages:         0 kB
Node 0 ShmemHugePages:        0 kB
Node 0 ShmemPmdMapped:        0 kB
Node 0 FileHugePages:        0 kB
Node 0 FilePmdMapped:        0 kB
Node 0 HugePages_Total:     0
Node 0 HugePages_Free:      0
Node 0 HugePages_Surp:      0
Fio Node 0 pages
55884bad2000 bind:0 file=/usr/local/bin/fio anon=2 dirty=2 mapped=17 active=4 N0=2 N1=15 kernelpagesize_kB=4
7f3fd1379000 bind:0 anon=2 dirty=2 N0=2 kernelpagesize_kB=4
7f3fd137b000 bind:0 file=/usr/lib/x86_64-linux-gnu/libc-2.31.so mapped=37 mapmax=25 N0=37 kernelpagesize_kB=4
7f3fd1563000 bind:0 file=/usr/lib/x86_64-linux-gnu/libc-2.31.so anon=6 dirty=6 N0=6 kernelpagesize_kB=4
7f3fd156d000 bind:0 file=/usr/lib/x86_64-linux-gnu/libaio.so.1.0.1 mapped=1 mapmax=2 N0=1 kernelpagesize_kB=4
7f3fd1570000 bind:0 file=/usr/lib/x86_64-linux-gnu/libaio.so.1.0.1 anon=2 dirty=2 N0=2 kernelpagesize_kB=4
7f3fd1572000 bind:0 file=/usr/lib/x86_64-linux-gnu/libdl-2.31.so mapped=1 mapmax=20 N0=1 kernelpagesize_kB=4
7f3fd1576000 bind:0 file=/usr/lib/x86_64-linux-gnu/libdl-2.31.so anon=2 dirty=2 N0=2 kernelpagesize_kB=4
7f3fd1578000 bind:0 anon=2 dirty=2 N0=2 kernelpagesize_kB=4
7f3fd15a4000 bind:0 file=/usr/lib/x86_64-linux-gnu/libmvec-2.31.so anon=2 dirty=2 N0=2 kernelpagesize_kB=4
7f3fd15a6000 bind:0 file=/usr/lib/x86_64-linux-gnu/libm-2.31.so mapped=15 mapmax=12 N0=15 kernelpagesize_kB=4
7f3fd16f3000 bind:0 file=/usr/lib/x86_64-linux-gnu/libm-2.31.so anon=2 dirty=2 N0=2 kernelpagesize_kB=4
7f3fd16f5000 bind:0 file=/usr/lib/x86_64-linux-gnu/libpthread-2.31.so mapped=7 mapmax=22 N0=7 kernelpagesize_kB=4
7f3fd1712000 bind:0 file=/usr/lib/x86_64-linux-gnu/libpthread-2.31.so anon=2 dirty=2 N0=2 kernelpagesize_kB=4
7f3fd1718000 bind:0 file=/usr/lib/x86_64-linux-gnu/libz.so.1.2.11 mapped=2 mapmax=8 N0=2 kernelpagesize_kB=4
7f3fd1732000 bind:0 file=/usr/lib/x86_64-linux-gnu/libz.so.1.2.11 anon=2 dirty=2 N0=2 kernelpagesize_kB=4
7f3fd1734000 bind:0 file=/usr/lib/x86_64-linux-gnu/librt-2.31.so mapped=3 mapmax=17 N0=3 kernelpagesize_kB=4
7f3fd173d000 bind:0 file=/usr/lib/x86_64-linux-gnu/librt-2.31.so anon=2 dirty=2 N0=2 kernelpagesize_kB=4
7f3fd174a000 bind:0 file=/usr/lib/x86_64-linux-gnu/libnuma.so.1.0.0 anon=2 dirty=2 N0=2 kernelpagesize_kB=4
7f3fd174c000 bind:0 anon=2 dirty=2 N0=2 kernelpagesize_kB=4
7f3fd174e000 bind:0 file=/etc/ld.so.cache mapped=10 N0=10 kernelpagesize_kB=4
7f3fd1758000 bind:0 file=/usr/lib/x86_64-linux-gnu/ld-2.31.so mapped=1 mapmax=25 N0=1 kernelpagesize_kB=4
7f3fd1759000 bind:0 file=/usr/lib/x86_64-linux-gnu/ld-2.31.so mapped=35 mapmax=25 N0=35 kernelpagesize_kB=4
7f3fd177c000 bind:0 file=/usr/lib/x86_64-linux-gnu/ld-2.31.so mapped=8 mapmax=25 N0=8 kernelpagesize_kB=4
7f3fd1785000 bind:0 file=/usr/lib/x86_64-linux-gnu/ld-2.31.so anon=2 dirty=2 N0=2 kernelpagesize_kB=4
7f3fd1787000 bind:0 anon=1 dirty=1 N0=1 kernelpagesize_kB=4
7ffe049c4000 bind:0 stack anon=3 dirty=3 N0=3 kernelpagesize_kB=4
Fio Node 1 pages
55884ba0e000 bind:0 file=/usr/local/bin/fio mapped=24 N1=24 kernelpagesize_kB=4
55884ba26000 bind:0 file=/usr/local/bin/fio mapped=67 N1=67 kernelpagesize_kB=4
55884baab000 bind:0 file=/usr/local/bin/fio mapped=21 N1=21 kernelpagesize_kB=4
55884bad4000 bind:0 file=/usr/local/bin/fio anon=112 dirty=112 mapped=116 active=114 N0=112 N1=4 kernelpagesize_kB=4
7f3fd157a000 bind:0 file=/usr/lib/x86_64-linux-gnu/libmvec-2.31.so mapped=2 N1=2 kernelpagesize_kB=4
7f3fd157c000 bind:0 file=/usr/lib/x86_64-linux-gnu/libmvec-2.31.so mapped=12 N1=12 kernelpagesize_kB=4
7f3fd173f000 bind:0 file=/usr/lib/x86_64-linux-gnu/libnuma.so.1.0.0 mapped=3 mapmax=2 N1=3 kernelpagesize_kB=4
7f3fd1742000 bind:0 file=/usr/lib/x86_64-linux-gnu/libnuma.so.1.0.0 mapped=5 mapmax=2 N1=5 kernelpagesize_kB=4
7f3fd1747000 bind:0 file=/usr/lib/x86_64-linux-gnu/libnuma.so.1.0.0 mapped=2 mapmax=2 N1=2 kernelpagesize_kB=4
Fio Node 0 pages
558581e89000 bind:0 file=/usr/local/bin/fio anon=12 dirty=12 mapped=17 active=14 N0=12 N1=5 kernelpagesize_kB=4
7f294294e000 bind:0 anon=2 dirty=2 N0=2 kernelpagesize_kB=4
7f2942950000 bind:0 file=/usr/lib/x86_64-linux-gnu/libc-2.31.so mapped=37 mapmax=25 N0=37 kernelpagesize_kB=4
7f2942975000 bind:0 file=/usr/lib/x86_64-linux-gnu/libc-2.31.so mapped=48 mapmax=25 N0=48 kernelpagesize_kB=4
7f2942b38000 bind:0 file=/usr/lib/x86_64-linux-gnu/libc-2.31.so anon=3 dirty=3 N0=3 kernelpagesize_kB=4
7f2942b3b000 bind:0 file=/usr/lib/x86_64-linux-gnu/libc-2.31.so anon=3 dirty=3 N0=3 kernelpagesize_kB=4
7f2942b42000 bind:0 file=/usr/lib/x86_64-linux-gnu/libaio.so.1.0.1 mapped=1 mapmax=2 N0=1 kernelpagesize_kB=4
7f2942b45000 bind:0 file=/usr/lib/x86_64-linux-gnu/libaio.so.1.0.1 anon=1 dirty=1 N0=1 kernelpagesize_kB=4
7f2942b46000 bind:0 file=/usr/lib/x86_64-linux-gnu/libaio.so.1.0.1 anon=1 dirty=1 N0=1 kernelpagesize_kB=4
7f2942b47000 bind:0 file=/usr/lib/x86_64-linux-gnu/libdl-2.31.so mapped=1 mapmax=20 N0=1 kernelpagesize_kB=4
7f2942b4b000 bind:0 file=/usr/lib/x86_64-linux-gnu/libdl-2.31.so anon=1 dirty=1 N0=1 kernelpagesize_kB=4
7f2942b4c000 bind:0 file=/usr/lib/x86_64-linux-gnu/libdl-2.31.so anon=1 dirty=1 N0=1 kernelpagesize_kB=4
7f2942b4d000 bind:0 anon=2 dirty=2 N0=2 kernelpagesize_kB=4
7f2942b79000 bind:0 file=/usr/lib/x86_64-linux-gnu/libmvec-2.31.so anon=1 dirty=1 N0=1 kernelpagesize_kB=4
7f2942b7a000 bind:0 file=/usr/lib/x86_64-linux-gnu/libmvec-2.31.so anon=1 dirty=1 N0=1 kernelpagesize_kB=4
7f2942b7b000 bind:0 file=/usr/lib/x86_64-linux-gnu/libm-2.31.so mapped=15 mapmax=12 N0=15 kernelpagesize_kB=4
7f2942b8a000 bind:0 file=/usr/lib/x86_64-linux-gnu/libm-2.31.so mapped=48 mapmax=12 N0=48 kernelpagesize_kB=4
7f2942cc8000 bind:0 file=/usr/lib/x86_64-linux-gnu/libm-2.31.so anon=1 dirty=1 N0=1 kernelpagesize_kB=4
7f2942cc9000 bind:0 file=/usr/lib/x86_64-linux-gnu/libm-2.31.so anon=1 dirty=1 N0=1 kernelpagesize_kB=4
7f2942cca000 bind:0 file=/usr/lib/x86_64-linux-gnu/libpthread-2.31.so mapped=7 mapmax=22 N0=7 kernelpagesize_kB=4
7f2942ce7000 bind:0 file=/usr/lib/x86_64-linux-gnu/libpthread-2.31.so anon=1 dirty=1 N0=1 kernelpagesize_kB=4
7f2942ce8000 bind:0 file=/usr/lib/x86_64-linux-gnu/libpthread-2.31.so anon=1 dirty=1 N0=1 kernelpagesize_kB=4
7f2942ced000 bind:0 file=/usr/lib/x86_64-linux-gnu/libz.so.1.2.11 mapped=2 mapmax=8 N0=2 kernelpagesize_kB=4
7f2942d07000 bind:0 file=/usr/lib/x86_64-linux-gnu/libz.so.1.2.11 anon=1 dirty=1 N0=1 kernelpagesize_kB=4
7f2942d08000 bind:0 file=/usr/lib/x86_64-linux-gnu/libz.so.1.2.11 anon=1 dirty=1 N0=1 kernelpagesize_kB=4
7f2942d09000 bind:0 file=/usr/lib/x86_64-linux-gnu/librt-2.31.so mapped=3 mapmax=17 N0=3 kernelpagesize_kB=4
7f2942d12000 bind:0 file=/usr/lib/x86_64-linux-gnu/librt-2.31.so anon=1 dirty=1 N0=1 kernelpagesize_kB=4
7f2942d13000 bind:0 file=/usr/lib/x86_64-linux-gnu/librt-2.31.so anon=1 dirty=1 N0=1 kernelpagesize_kB=4
7f2942d1f000 bind:0 file=/usr/lib/x86_64-linux-gnu/libnuma.so.1.0.0 anon=1 dirty=1 N0=1 kernelpagesize_kB=4
7f2942d20000 bind:0 file=/usr/lib/x86_64-linux-gnu/libnuma.so.1.0.0 anon=1 dirty=1 N0=1 kernelpagesize_kB=4
7f2942d21000 bind:0 anon=2 dirty=2 N0=2 kernelpagesize_kB=4
7f2942d23000 bind:0 file=/etc/ld.so.cache mapped=10 N0=10 kernelpagesize_kB=4
7f2942d2d000 bind:0 file=/usr/lib/x86_64-linux-gnu/ld-2.31.so mapped=1 mapmax=25 N0=1 kernelpagesize_kB=4
7f2942d2e000 bind:0 file=/usr/lib/x86_64-linux-gnu/ld-2.31.so mapped=35 mapmax=25 N0=35 kernelpagesize_kB=4
7f2942d51000 bind:0 file=/usr/lib/x86_64-linux-gnu/ld-2.31.so mapped=8 mapmax=25 N0=8 kernelpagesize_kB=4
7f2942d5a000 bind:0 file=/usr/lib/x86_64-linux-gnu/ld-2.31.so anon=2 dirty=2 N0=2 kernelpagesize_kB=4
7f2942d5c000 bind:0 anon=1 dirty=1 N0=1 kernelpagesize_kB=4
7ffce4a48000 bind:0 stack anon=3 dirty=3 N0=3 kernelpagesize_kB=4
Fio Node 1 pages
558581dc5000 bind:0 file=/usr/local/bin/fio mapped=24 N1=24 kernelpagesize_kB=4
558581ddd000 bind:0 file=/usr/local/bin/fio mapped=83 N1=83 kernelpagesize_kB=4
558581e62000 bind:0 file=/usr/local/bin/fio mapped=30 active=23 N1=30 kernelpagesize_kB=4
558581e8b000 bind:0 file=/usr/local/bin/fio anon=112 dirty=112 mapped=116 active=114 N0=112 N1=4 kernelpagesize_kB=4
7f2942b4f000 bind:0 file=/usr/lib/x86_64-linux-gnu/libmvec-2.31.so mapped=2 N1=2 kernelpagesize_kB=4
7f2942b51000 bind:0 file=/usr/lib/x86_64-linux-gnu/libmvec-2.31.so mapped=12 N1=12 kernelpagesize_kB=4
7f2942d14000 bind:0 file=/usr/lib/x86_64-linux-gnu/libnuma.so.1.0.0 mapped=3 mapmax=2 N1=3 kernelpagesize_kB=4
7f2942d17000 bind:0 file=/usr/lib/x86_64-linux-gnu/libnuma.so.1.0.0 mapped=5 mapmax=2 N1=5 kernelpagesize_kB=4
7f2942d1c000 bind:0 file=/usr/lib/x86_64-linux-gnu/libnuma.so.1.0.0 mapped=2 mapmax=2 N1=2 kernelpagesize_kB=4

Node 1 MemTotal:       24661580 kB
Node 1 MemFree:        21519544 kB
Node 1 MemUsed:         3142036 kB
Node 1 Active:            49668 kB
Node 1 Inactive:          47300 kB
Node 1 Active(anon):       9880 kB
Node 1 Inactive(anon):      488 kB
Node 1 Active(file):      39788 kB
Node 1 Inactive(file):    46812 kB
Node 1 Unevictable:         328 kB
Node 1 Mlocked:             328 kB
Node 1 Dirty:                36 kB
Node 1 Writeback:             0 kB
Node 1 FilePages:         87648 kB
Node 1 Mapped:            20152 kB
Node 1 AnonPages:          9620 kB
Node 1 Shmem:               720 kB
Node 1 KernelStack:        2680 kB
Node 1 PageTables:          660 kB
Node 1 NFS_Unstable:          0 kB
Node 1 Bounce:                0 kB
Node 1 WritebackTmp:          0 kB
Node 1 KReclaimable:      27648 kB
Node 1 Slab:              81140 kB
Node 1 SReclaimable:      27648 kB
Node 1 SUnreclaim:        53492 kB
Node 1 AnonHugePages:         0 kB
Node 1 ShmemHugePages:        0 kB
Node 1 ShmemPmdMapped:        0 kB
Node 1 FileHugePages:        0 kB
Node 1 FilePmdMapped:        0 kB
Node 1 HugePages_Total:     0
Node 1 HugePages_Free:      0
Node 1 HugePages_Surp:      0

After Opposite Node
Node 0 MemTotal:       24768352 kB
Node 0 MemFree:        24312508 kB
Node 0 MemUsed:          455844 kB
Node 0 Active:            53732 kB
Node 0 Inactive:          61452 kB
Node 0 Active(anon):      23208 kB
Node 0 Inactive(anon):      448 kB
Node 0 Active(file):      30524 kB
Node 0 Inactive(file):    61004 kB
Node 0 Unevictable:       18196 kB
Node 0 Mlocked:           18196 kB
Node 0 Dirty:                44 kB
Node 0 Writeback:             0 kB
Node 0 FilePages:        100028 kB
Node 0 Mapped:            44700 kB
Node 0 AnonPages:         33272 kB
Node 0 Shmem:               636 kB
Node 0 KernelStack:        2008 kB
Node 0 PageTables:          732 kB
Node 0 NFS_Unstable:          0 kB
Node 0 Bounce:                0 kB
Node 0 WritebackTmp:          0 kB
Node 0 KReclaimable:      17536 kB
Node 0 Slab:              53376 kB
Node 0 SReclaimable:      17536 kB
Node 0 SUnreclaim:        35840 kB
Node 0 AnonHugePages:         0 kB
Node 0 ShmemHugePages:        0 kB
Node 0 ShmemPmdMapped:        0 kB
Node 0 FileHugePages:        0 kB
Node 0 FilePmdMapped:        0 kB
Node 0 HugePages_Total:     0
Node 0 HugePages_Free:      0
Node 0 HugePages_Surp:      0

Node 1 MemTotal:       24661580 kB
Node 1 MemFree:        21521640 kB
Node 1 MemUsed:         3139940 kB
Node 1 Active:            49720 kB
Node 1 Inactive:          47084 kB
Node 1 Active(anon):       9720 kB
Node 1 Inactive(anon):      460 kB
Node 1 Active(file):      40000 kB
Node 1 Inactive(file):    46624 kB
Node 1 Unevictable:         328 kB
Node 1 Mlocked:             328 kB
Node 1 Dirty:                68 kB
Node 1 Writeback:             0 kB
Node 1 FilePages:         87628 kB
Node 1 Mapped:            20136 kB
Node 1 AnonPages:          9504 kB
Node 1 Shmem:               676 kB
Node 1 KernelStack:        2632 kB
Node 1 PageTables:          488 kB
Node 1 NFS_Unstable:          0 kB
Node 1 Bounce:                0 kB
Node 1 WritebackTmp:          0 kB
Node 1 KReclaimable:      27652 kB
Node 1 Slab:              81108 kB
Node 1 SReclaimable:      27652 kB
Node 1 SUnreclaim:        53456 kB
Node 1 AnonHugePages:         0 kB
Node 1 ShmemHugePages:        0 kB
Node 1 ShmemPmdMapped:        0 kB
Node 1 FileHugePages:        0 kB
Node 1 FilePmdMapped:        0 kB
Node 1 HugePages_Total:     0
Node 1 HugePages_Free:      0
Node 1 HugePages_Surp:      0

U.1.fio.2G.1.O Complete!
