Fio Node 0 pages
55963d301000 bind:1 file=/usr/bin/dash mapped=19 mapmax=3 N0=9 N1=10 kernelpagesize_kB=4
55963d314000 bind:1 file=/usr/bin/dash mapped=6 mapmax=3 N0=6 kernelpagesize_kB=4
7f22b53ad000 bind:1 file=/usr/lib/x86_64-linux-gnu/libc-2.31.so mapped=144 mapmax=26 N0=144 kernelpagesize_kB=4
7f22b5525000 bind:1 file=/usr/lib/x86_64-linux-gnu/libc-2.31.so mapped=27 mapmax=25 N0=27 kernelpagesize_kB=4
Fio Node 1 pages
55963d301000 bind:1 file=/usr/bin/dash mapped=19 mapmax=3 N0=9 N1=10 kernelpagesize_kB=4
55963d31a000 bind:1 file=/usr/bin/dash anon=2 dirty=2 mapmax=2 N1=2 kernelpagesize_kB=4
55963d31c000 bind:1 file=/usr/bin/dash anon=1 dirty=1 N1=1 kernelpagesize_kB=4
55963d31d000 bind:1 anon=1 dirty=1 N1=1 kernelpagesize_kB=4
55963e296000 bind:1 heap anon=2 dirty=2 mapmax=2 N1=2 kernelpagesize_kB=4
7f22b5570000 bind:1 file=/usr/lib/x86_64-linux-gnu/libc-2.31.so anon=3 dirty=3 mapmax=2 N1=3 kernelpagesize_kB=4
7f22b5573000 bind:1 file=/usr/lib/x86_64-linux-gnu/libc-2.31.so anon=3 dirty=3 mapmax=2 N1=3 kernelpagesize_kB=4
7f22b5576000 bind:1 anon=6 dirty=6 mapmax=2 N1=6 kernelpagesize_kB=4
7f22b55b3000 bind:1 file=/usr/lib/x86_64-linux-gnu/ld-2.31.so anon=1 dirty=1 mapmax=2 N1=1 kernelpagesize_kB=4
7f22b55b4000 bind:1 file=/usr/lib/x86_64-linux-gnu/ld-2.31.so anon=1 dirty=1 N1=1 kernelpagesize_kB=4
7f22b55b5000 bind:1 anon=1 dirty=1 mapmax=2 N1=1 kernelpagesize_kB=4
7ffedd927000 bind:1 stack anon=3 dirty=3 mapmax=2 N1=3 kernelpagesize_kB=4
Fio Node 0 pages
7f7b09441000 bind:1 file=/usr/lib/x86_64-linux-gnu/libc-2.31.so mapped=37 mapmax=25 N0=37 kernelpagesize_kB=4
7f7b09466000 bind:1 file=/usr/lib/x86_64-linux-gnu/libc-2.31.so mapped=16 mapmax=25 N0=16 kernelpagesize_kB=4
7f7b09633000 bind:1 file=/usr/lib/x86_64-linux-gnu/libaio.so.1.0.1 mapped=1 mapmax=2 N0=1 kernelpagesize_kB=4
7f7b09638000 bind:1 file=/usr/lib/x86_64-linux-gnu/libdl-2.31.so mapped=1 mapmax=20 N0=1 kernelpagesize_kB=4
7f7b0966c000 bind:1 file=/usr/lib/x86_64-linux-gnu/libm-2.31.so mapped=15 mapmax=12 N0=15 kernelpagesize_kB=4
7f7b097bb000 bind:1 file=/usr/lib/x86_64-linux-gnu/libpthread-2.31.so mapped=7 mapmax=22 N0=7 kernelpagesize_kB=4
7f7b097fa000 bind:1 file=/usr/lib/x86_64-linux-gnu/librt-2.31.so mapped=3 mapmax=17 N0=3 kernelpagesize_kB=4
7f7b09805000 bind:1 file=/usr/lib/x86_64-linux-gnu/libnuma.so.1.0.0 mapped=3 mapmax=2 N0=3 kernelpagesize_kB=4
7f7b09814000 bind:1 file=/etc/ld.so.cache mapped=10 N0=10 kernelpagesize_kB=4
7f7b0981e000 bind:1 file=/usr/lib/x86_64-linux-gnu/ld-2.31.so mapped=1 mapmax=25 N0=1 kernelpagesize_kB=4
7f7b0981f000 bind:1 file=/usr/lib/x86_64-linux-gnu/ld-2.31.so mapped=35 mapmax=25 N0=35 kernelpagesize_kB=4
7f7b09842000 bind:1 file=/usr/lib/x86_64-linux-gnu/ld-2.31.so mapped=8 mapmax=25 N0=8 kernelpagesize_kB=4
Fio Node 1 pages
55cf74696000 bind:1 file=/usr/local/bin/fio mapped=24 active=1 N1=24 kernelpagesize_kB=4
55cf7475a000 bind:1 file=/usr/local/bin/fio anon=2 dirty=2 N1=2 kernelpagesize_kB=4
55cf7475c000 bind:1 file=/usr/local/bin/fio anon=108 dirty=108 mapped=112 active=108 N1=112 kernelpagesize_kB=4
55cf767a0000 bind:1 heap anon=4 dirty=4 N1=4 kernelpagesize_kB=4
7f7b0943f000 bind:1 anon=2 dirty=2 N1=2 kernelpagesize_kB=4
7f7b09629000 bind:1 file=/usr/lib/x86_64-linux-gnu/libc-2.31.so anon=3 dirty=3 N1=3 kernelpagesize_kB=4
7f7b0962c000 bind:1 file=/usr/lib/x86_64-linux-gnu/libc-2.31.so anon=3 dirty=3 N1=3 kernelpagesize_kB=4
7f7b0962f000 bind:1 anon=4 dirty=4 N1=4 kernelpagesize_kB=4
7f7b09636000 bind:1 file=/usr/lib/x86_64-linux-gnu/libaio.so.1.0.1 anon=1 dirty=1 N1=1 kernelpagesize_kB=4
7f7b09637000 bind:1 file=/usr/lib/x86_64-linux-gnu/libaio.so.1.0.1 anon=1 dirty=1 N1=1 kernelpagesize_kB=4
7f7b0963c000 bind:1 file=/usr/lib/x86_64-linux-gnu/libdl-2.31.so anon=1 dirty=1 N1=1 kernelpagesize_kB=4
7f7b0963d000 bind:1 file=/usr/lib/x86_64-linux-gnu/libdl-2.31.so anon=1 dirty=1 N1=1 kernelpagesize_kB=4
7f7b0963e000 bind:1 anon=2 dirty=2 N1=2 kernelpagesize_kB=4
7f7b09640000 bind:1 file=/usr/lib/x86_64-linux-gnu/libmvec-2.31.so mapped=2 active=1 N1=2 kernelpagesize_kB=4
7f7b09642000 bind:1 file=/usr/lib/x86_64-linux-gnu/libmvec-2.31.so mapped=12 active=0 N1=12 kernelpagesize_kB=4
7f7b0966a000 bind:1 file=/usr/lib/x86_64-linux-gnu/libmvec-2.31.so anon=1 dirty=1 N1=1 kernelpagesize_kB=4
7f7b0966b000 bind:1 file=/usr/lib/x86_64-linux-gnu/libmvec-2.31.so anon=1 dirty=1 N1=1 kernelpagesize_kB=4
7f7b097b9000 bind:1 file=/usr/lib/x86_64-linux-gnu/libm-2.31.so anon=1 dirty=1 N1=1 kernelpagesize_kB=4
7f7b097ba000 bind:1 file=/usr/lib/x86_64-linux-gnu/libm-2.31.so anon=1 dirty=1 N1=1 kernelpagesize_kB=4
7f7b097d8000 bind:1 file=/usr/lib/x86_64-linux-gnu/libpthread-2.31.so anon=1 dirty=1 N1=1 kernelpagesize_kB=4
7f7b097d9000 bind:1 file=/usr/lib/x86_64-linux-gnu/libpthread-2.31.so anon=1 dirty=1 N1=1 kernelpagesize_kB=4
7f7b097da000 bind:1 anon=1 dirty=1 N1=1 kernelpagesize_kB=4
7f7b097de000 bind:1 file=/usr/lib/x86_64-linux-gnu/libz.so.1.2.11 mapped=2 mapmax=8 N1=2 kernelpagesize_kB=4
7f7b097e0000 bind:1 file=/usr/lib/x86_64-linux-gnu/libz.so.1.2.11 mapped=15 mapmax=8 N1=15 kernelpagesize_kB=4
7f7b097f8000 bind:1 file=/usr/lib/x86_64-linux-gnu/libz.so.1.2.11 anon=1 dirty=1 N1=1 kernelpagesize_kB=4
7f7b097f9000 bind:1 file=/usr/lib/x86_64-linux-gnu/libz.so.1.2.11 anon=1 dirty=1 N1=1 kernelpagesize_kB=4
7f7b09803000 bind:1 file=/usr/lib/x86_64-linux-gnu/librt-2.31.so anon=1 dirty=1 N1=1 kernelpagesize_kB=4
7f7b09804000 bind:1 file=/usr/lib/x86_64-linux-gnu/librt-2.31.so anon=1 dirty=1 N1=1 kernelpagesize_kB=4
7f7b09810000 bind:1 file=/usr/lib/x86_64-linux-gnu/libnuma.so.1.0.0 anon=1 dirty=1 N1=1 kernelpagesize_kB=4
7f7b09811000 bind:1 file=/usr/lib/x86_64-linux-gnu/libnuma.so.1.0.0 anon=1 dirty=1 N1=1 kernelpagesize_kB=4
7f7b09812000 bind:1 anon=2 dirty=2 N1=2 kernelpagesize_kB=4
7f7b0984a000 bind:1 file=/dev/zero\040(deleted) dirty=1 active=0 N1=1 kernelpagesize_kB=4
7f7b0984b000 bind:1 file=/usr/lib/x86_64-linux-gnu/ld-2.31.so anon=1 dirty=1 N1=1 kernelpagesize_kB=4
7f7b0984c000 bind:1 file=/usr/lib/x86_64-linux-gnu/ld-2.31.so anon=1 dirty=1 N1=1 kernelpagesize_kB=4
7f7b0984d000 bind:1 anon=1 dirty=1 N1=1 kernelpagesize_kB=4
7ffddea28000 bind:1 stack anon=3 dirty=3 N1=3 kernelpagesize_kB=4
U.1.fio.500M.2.O
Begin
Node 0 MemTotal:       24743736 kB
Node 0 MemFree:        24493900 kB
Node 0 MemUsed:          249836 kB
Node 0 Active:            56488 kB
Node 0 Inactive:          24948 kB
Node 0 Active(anon):      13624 kB
Node 0 Inactive(anon):      528 kB
Node 0 Active(file):      42864 kB
Node 0 Inactive(file):    24420 kB
Node 0 Unevictable:       17680 kB
Node 0 Mlocked:           17680 kB
Node 0 Dirty:                20 kB
Node 0 Writeback:             0 kB
Node 0 FilePages:         75392 kB
Node 0 Mapped:            26280 kB
Node 0 AnonPages:         23800 kB
Node 0 Shmem:               736 kB
Node 0 KernelStack:        1912 kB
Node 0 PageTables:          544 kB
Node 0 NFS_Unstable:          0 kB
Node 0 Bounce:                0 kB
Node 0 WritebackTmp:          0 kB
Node 0 KReclaimable:      22880 kB
Node 0 Slab:              62272 kB
Node 0 SReclaimable:      22880 kB
Node 0 SUnreclaim:        39392 kB
Node 0 AnonHugePages:         0 kB
Node 0 ShmemHugePages:        0 kB
Node 0 ShmemPmdMapped:        0 kB
Node 0 FileHugePages:        0 kB
Node 0 FilePmdMapped:        0 kB
Node 0 HugePages_Total:     0
Node 0 HugePages_Free:      0
Node 0 HugePages_Surp:      0

Node 1 MemTotal:       24686196 kB
Node 1 MemFree:        24323104 kB
Node 1 MemUsed:          363092 kB
Node 1 Active:            38444 kB
Node 1 Inactive:          64384 kB
Node 1 Active(anon):      20552 kB
Node 1 Inactive(anon):      344 kB
Node 1 Active(file):      17892 kB
Node 1 Inactive(file):    64040 kB
Node 1 Unevictable:         844 kB
Node 1 Mlocked:             844 kB
Node 1 Dirty:               404 kB
Node 1 Writeback:             0 kB
Node 1 FilePages:         83452 kB
Node 1 Mapped:            20552 kB
Node 1 AnonPages:         20396 kB
Node 1 Shmem:               532 kB
Node 1 KernelStack:        1656 kB
Node 1 PageTables:          460 kB
Node 1 NFS_Unstable:          0 kB
Node 1 Bounce:                0 kB
Node 1 WritebackTmp:          0 kB
Node 1 KReclaimable:      18692 kB
Node 1 Slab:              46060 kB
Node 1 SReclaimable:      18692 kB
Node 1 SUnreclaim:        27368 kB
Node 1 AnonHugePages:         0 kB
Node 1 ShmemHugePages:        0 kB
Node 1 ShmemPmdMapped:        0 kB
Node 1 FileHugePages:        0 kB
Node 1 FilePmdMapped:        0 kB
Node 1 HugePages_Total:     0
Node 1 HugePages_Free:      0
Node 1 HugePages_Surp:      0

Load ZFS
Node 0 MemTotal:       24743736 kB
Node 0 MemFree:        24487972 kB
Node 0 MemUsed:          255764 kB
Node 0 Active:            61728 kB
Node 0 Inactive:          24888 kB
Node 0 Active(anon):      17724 kB
Node 0 Inactive(anon):      532 kB
Node 0 Active(file):      44004 kB
Node 0 Inactive(file):    24356 kB
Node 0 Unevictable:       17680 kB
Node 0 Mlocked:           17680 kB
Node 0 Dirty:                20 kB
Node 0 Writeback:             0 kB
Node 0 FilePages:         76444 kB
Node 0 Mapped:            26280 kB
Node 0 AnonPages:         27956 kB
Node 0 Shmem:               736 kB
Node 0 KernelStack:        2008 kB
Node 0 PageTables:          864 kB
Node 0 NFS_Unstable:          0 kB
Node 0 Bounce:                0 kB
Node 0 WritebackTmp:          0 kB
Node 0 KReclaimable:      23328 kB
Node 0 Slab:              64252 kB
Node 0 SReclaimable:      23328 kB
Node 0 SUnreclaim:        40924 kB
Node 0 AnonHugePages:         0 kB
Node 0 ShmemHugePages:        0 kB
Node 0 ShmemPmdMapped:        0 kB
Node 0 FileHugePages:        0 kB
Node 0 FilePmdMapped:        0 kB
Node 0 HugePages_Total:     0
Node 0 HugePages_Free:      0
Node 0 HugePages_Surp:      0

Node 1 MemTotal:       24686196 kB
Node 1 MemFree:        24318524 kB
Node 1 MemUsed:          367672 kB
Node 1 Active:            44628 kB
Node 1 Inactive:          60388 kB
Node 1 Active(anon):      21140 kB
Node 1 Inactive(anon):      344 kB
Node 1 Active(file):      23488 kB
Node 1 Inactive(file):    60044 kB
Node 1 Unevictable:         844 kB
Node 1 Mlocked:             844 kB
Node 1 Dirty:               464 kB
Node 1 Writeback:             0 kB
Node 1 FilePages:         84908 kB
Node 1 Mapped:            20680 kB
Node 1 AnonPages:         20952 kB
Node 1 Shmem:               532 kB
Node 1 KernelStack:        1704 kB
Node 1 PageTables:          504 kB
Node 1 NFS_Unstable:          0 kB
Node 1 Bounce:                0 kB
Node 1 WritebackTmp:          0 kB
Node 1 KReclaimable:      19264 kB
Node 1 Slab:              47940 kB
Node 1 SReclaimable:      19264 kB
Node 1 SUnreclaim:        28676 kB
Node 1 AnonHugePages:         0 kB
Node 1 ShmemHugePages:        0 kB
Node 1 ShmemPmdMapped:        0 kB
Node 1 FileHugePages:        0 kB
Node 1 FilePmdMapped:        0 kB
Node 1 HugePages_Total:     0
Node 1 HugePages_Free:      0
Node 1 HugePages_Surp:      0

Import tank ZPool
Node 0 MemTotal:       24743736 kB
Node 0 MemFree:        24490580 kB
Node 0 MemUsed:          253156 kB
Node 0 Active:            57792 kB
Node 0 Inactive:          24852 kB
Node 0 Active(anon):      13752 kB
Node 0 Inactive(anon):      532 kB
Node 0 Active(file):      44040 kB
Node 0 Inactive(file):    24320 kB
Node 0 Unevictable:       17680 kB
Node 0 Mlocked:           17680 kB
Node 0 Dirty:                20 kB
Node 0 Writeback:             0 kB
Node 0 FilePages:         76440 kB
Node 0 Mapped:            26508 kB
Node 0 AnonPages:         23680 kB
Node 0 Shmem:               732 kB
Node 0 KernelStack:        1992 kB
Node 0 PageTables:          800 kB
Node 0 NFS_Unstable:          0 kB
Node 0 Bounce:                0 kB
Node 0 WritebackTmp:          0 kB
Node 0 KReclaimable:      23328 kB
Node 0 Slab:              64252 kB
Node 0 SReclaimable:      23328 kB
Node 0 SUnreclaim:        40924 kB
Node 0 AnonHugePages:         0 kB
Node 0 ShmemHugePages:        0 kB
Node 0 ShmemPmdMapped:        0 kB
Node 0 FileHugePages:        0 kB
Node 0 FilePmdMapped:        0 kB
Node 0 HugePages_Total:     0
Node 0 HugePages_Free:      0
Node 0 HugePages_Surp:      0

Node 1 MemTotal:       24686196 kB
Node 1 MemFree:        24300512 kB
Node 1 MemUsed:          385684 kB
Node 1 Active:            44996 kB
Node 1 Inactive:          61472 kB
Node 1 Active(anon):      20812 kB
Node 1 Inactive(anon):      348 kB
Node 1 Active(file):      24184 kB
Node 1 Inactive(file):    61124 kB
Node 1 Unevictable:         844 kB
Node 1 Mlocked:             844 kB
Node 1 Dirty:               208 kB
Node 1 Writeback:             0 kB
Node 1 FilePages:         86400 kB
Node 1 Mapped:            20752 kB
Node 1 AnonPages:         20400 kB
Node 1 Shmem:               536 kB
Node 1 KernelStack:        2824 kB
Node 1 PageTables:          580 kB
Node 1 NFS_Unstable:          0 kB
Node 1 Bounce:                0 kB
Node 1 WritebackTmp:          0 kB
Node 1 KReclaimable:      19372 kB
Node 1 Slab:              54476 kB
Node 1 SReclaimable:      19372 kB
Node 1 SUnreclaim:        35104 kB
Node 1 AnonHugePages:         0 kB
Node 1 ShmemHugePages:        0 kB
Node 1 ShmemPmdMapped:        0 kB
Node 1 FileHugePages:        0 kB
Node 1 FilePmdMapped:        0 kB
Node 1 HugePages_Total:     0
Node 1 HugePages_Free:      0
Node 1 HugePages_Surp:      0

After Test
Node 0 MemTotal:       24743736 kB
Node 0 MemFree:        24479588 kB
Node 0 MemUsed:          264148 kB
Node 0 Active:            57184 kB
Node 0 Inactive:          24808 kB
Node 0 Active(anon):      13052 kB
Node 0 Inactive(anon):      532 kB
Node 0 Active(file):      44132 kB
Node 0 Inactive(file):    24276 kB
Node 0 Unevictable:       17680 kB
Node 0 Mlocked:           17680 kB
Node 0 Dirty:                40 kB
Node 0 Writeback:             0 kB
Node 0 FilePages:         76488 kB
Node 0 Mapped:            26280 kB
Node 0 AnonPages:         23180 kB
Node 0 Shmem:               732 kB
Node 0 KernelStack:        1992 kB
Node 0 PageTables:          544 kB
Node 0 NFS_Unstable:          0 kB
Node 0 Bounce:                0 kB
Node 0 WritebackTmp:          0 kB
Node 0 KReclaimable:      23328 kB
Node 0 Slab:              64420 kB
Node 0 SReclaimable:      23328 kB
Node 0 SUnreclaim:        41092 kB
Node 0 AnonHugePages:         0 kB
Node 0 ShmemHugePages:        0 kB
Node 0 ShmemPmdMapped:        0 kB
Node 0 FileHugePages:        0 kB
Node 0 FilePmdMapped:        0 kB
Node 0 HugePages_Total:     0
Node 0 HugePages_Free:      0
Node 0 HugePages_Surp:      0
Fio Node 0 pages
55ade985a000 bind:0 file=/usr/local/bin/fio anon=2 dirty=2 mapped=17 active=4 N0=2 N1=15 kernelpagesize_kB=4
7f4f176dd000 bind:0 anon=2 dirty=2 N0=2 kernelpagesize_kB=4
7f4f176df000 bind:0 file=/usr/lib/x86_64-linux-gnu/libc-2.31.so mapped=36 mapmax=25 N0=36 kernelpagesize_kB=4
7f4f17704000 bind:0 file=/usr/lib/x86_64-linux-gnu/libc-2.31.so mapped=48 mapmax=25 N0=48 kernelpagesize_kB=4
7f4f178c7000 bind:0 file=/usr/lib/x86_64-linux-gnu/libc-2.31.so anon=6 dirty=6 N0=6 kernelpagesize_kB=4
7f4f178d1000 bind:0 file=/usr/lib/x86_64-linux-gnu/libaio.so.1.0.1 mapped=1 mapmax=2 N0=1 kernelpagesize_kB=4
7f4f178d4000 bind:0 file=/usr/lib/x86_64-linux-gnu/libaio.so.1.0.1 anon=2 dirty=2 N0=2 kernelpagesize_kB=4
7f4f178d6000 bind:0 file=/usr/lib/x86_64-linux-gnu/libdl-2.31.so mapped=1 mapmax=20 N0=1 kernelpagesize_kB=4
7f4f178da000 bind:0 file=/usr/lib/x86_64-linux-gnu/libdl-2.31.so anon=2 dirty=2 N0=2 kernelpagesize_kB=4
7f4f178dc000 bind:0 anon=2 dirty=2 N0=2 kernelpagesize_kB=4
7f4f17908000 bind:0 file=/usr/lib/x86_64-linux-gnu/libmvec-2.31.so anon=2 dirty=2 N0=2 kernelpagesize_kB=4
7f4f1790a000 bind:0 file=/usr/lib/x86_64-linux-gnu/libm-2.31.so mapped=15 mapmax=12 N0=15 kernelpagesize_kB=4
7f4f17a57000 bind:0 file=/usr/lib/x86_64-linux-gnu/libm-2.31.so anon=2 dirty=2 N0=2 kernelpagesize_kB=4
7f4f17a59000 bind:0 file=/usr/lib/x86_64-linux-gnu/libpthread-2.31.so mapped=7 mapmax=22 N0=7 kernelpagesize_kB=4
7f4f17a76000 bind:0 file=/usr/lib/x86_64-linux-gnu/libpthread-2.31.so anon=2 dirty=2 N0=2 kernelpagesize_kB=4
7f4f17a96000 bind:0 file=/usr/lib/x86_64-linux-gnu/libz.so.1.2.11 anon=2 dirty=2 N0=2 kernelpagesize_kB=4
7f4f17a98000 bind:0 file=/usr/lib/x86_64-linux-gnu/librt-2.31.so mapped=3 mapmax=17 N0=3 kernelpagesize_kB=4
7f4f17aa1000 bind:0 file=/usr/lib/x86_64-linux-gnu/librt-2.31.so anon=2 dirty=2 N0=2 kernelpagesize_kB=4
7f4f17aa3000 bind:0 file=/usr/lib/x86_64-linux-gnu/libnuma.so.1.0.0 mapped=3 mapmax=2 N0=3 kernelpagesize_kB=4
7f4f17aae000 bind:0 file=/usr/lib/x86_64-linux-gnu/libnuma.so.1.0.0 anon=2 dirty=2 N0=2 kernelpagesize_kB=4
7f4f17ab0000 bind:0 anon=2 dirty=2 N0=2 kernelpagesize_kB=4
7f4f17ab2000 bind:0 file=/etc/ld.so.cache mapped=10 N0=10 kernelpagesize_kB=4
7f4f17abc000 bind:0 file=/usr/lib/x86_64-linux-gnu/ld-2.31.so mapped=1 mapmax=25 N0=1 kernelpagesize_kB=4
7f4f17abd000 bind:0 file=/usr/lib/x86_64-linux-gnu/ld-2.31.so mapped=35 mapmax=25 N0=35 kernelpagesize_kB=4
7f4f17ae0000 bind:0 file=/usr/lib/x86_64-linux-gnu/ld-2.31.so mapped=8 mapmax=25 N0=8 kernelpagesize_kB=4
7f4f17ae9000 bind:0 file=/usr/lib/x86_64-linux-gnu/ld-2.31.so anon=2 dirty=2 N0=2 kernelpagesize_kB=4
7f4f17aeb000 bind:0 anon=1 dirty=1 N0=1 kernelpagesize_kB=4
7fff81ef4000 bind:0 stack anon=3 dirty=3 N0=3 kernelpagesize_kB=4
Fio Node 1 pages
55ade9796000 bind:0 file=/usr/local/bin/fio mapped=24 N1=24 kernelpagesize_kB=4
55ade97ae000 bind:0 file=/usr/local/bin/fio mapped=52 N1=52 kernelpagesize_kB=4
55ade9833000 bind:0 file=/usr/local/bin/fio mapped=29 N1=29 kernelpagesize_kB=4
55ade985c000 bind:0 file=/usr/local/bin/fio anon=112 dirty=112 mapped=116 active=114 N0=112 N1=4 kernelpagesize_kB=4
7f4f178de000 bind:0 file=/usr/lib/x86_64-linux-gnu/libmvec-2.31.so mapped=2 N1=2 kernelpagesize_kB=4
7f4f178e0000 bind:0 file=/usr/lib/x86_64-linux-gnu/libmvec-2.31.so mapped=12 active=3 N1=12 kernelpagesize_kB=4
7f4f17a7c000 bind:0 file=/usr/lib/x86_64-linux-gnu/libz.so.1.2.11 mapped=2 mapmax=8 N1=2 kernelpagesize_kB=4
7f4f17a7e000 bind:0 file=/usr/lib/x86_64-linux-gnu/libz.so.1.2.11 mapped=15 mapmax=8 N1=15 kernelpagesize_kB=4
Fio Node 0 pages
55db800cf000 bind:0 file=/usr/local/bin/fio anon=2 dirty=2 mapped=17 active=4 N0=2 N1=15 kernelpagesize_kB=4
7fb880e3f000 bind:0 anon=2 dirty=2 N0=2 kernelpagesize_kB=4
7fb880e41000 bind:0 file=/usr/lib/x86_64-linux-gnu/libc-2.31.so mapped=37 mapmax=25 N0=37 kernelpagesize_kB=4
7fb881029000 bind:0 file=/usr/lib/x86_64-linux-gnu/libc-2.31.so anon=6 dirty=6 N0=6 kernelpagesize_kB=4
7fb881033000 bind:0 file=/usr/lib/x86_64-linux-gnu/libaio.so.1.0.1 mapped=1 mapmax=2 N0=1 kernelpagesize_kB=4
7fb881036000 bind:0 file=/usr/lib/x86_64-linux-gnu/libaio.so.1.0.1 anon=2 dirty=2 N0=2 kernelpagesize_kB=4
7fb881038000 bind:0 file=/usr/lib/x86_64-linux-gnu/libdl-2.31.so mapped=1 mapmax=20 N0=1 kernelpagesize_kB=4
7fb88103c000 bind:0 file=/usr/lib/x86_64-linux-gnu/libdl-2.31.so anon=2 dirty=2 N0=2 kernelpagesize_kB=4
7fb88103e000 bind:0 anon=2 dirty=2 N0=2 kernelpagesize_kB=4
7fb88106a000 bind:0 file=/usr/lib/x86_64-linux-gnu/libmvec-2.31.so anon=2 dirty=2 N0=2 kernelpagesize_kB=4
7fb88106c000 bind:0 file=/usr/lib/x86_64-linux-gnu/libm-2.31.so mapped=15 mapmax=12 N0=15 kernelpagesize_kB=4
7fb8811b9000 bind:0 file=/usr/lib/x86_64-linux-gnu/libm-2.31.so anon=2 dirty=2 N0=2 kernelpagesize_kB=4
7fb8811bb000 bind:0 file=/usr/lib/x86_64-linux-gnu/libpthread-2.31.so mapped=7 mapmax=22 N0=7 kernelpagesize_kB=4
7fb8811d8000 bind:0 file=/usr/lib/x86_64-linux-gnu/libpthread-2.31.so anon=2 dirty=2 N0=2 kernelpagesize_kB=4
7fb8811f8000 bind:0 file=/usr/lib/x86_64-linux-gnu/libz.so.1.2.11 anon=2 dirty=2 N0=2 kernelpagesize_kB=4
7fb8811fa000 bind:0 file=/usr/lib/x86_64-linux-gnu/librt-2.31.so mapped=3 mapmax=17 N0=3 kernelpagesize_kB=4
7fb881203000 bind:0 file=/usr/lib/x86_64-linux-gnu/librt-2.31.so anon=2 dirty=2 N0=2 kernelpagesize_kB=4
7fb881205000 bind:0 file=/usr/lib/x86_64-linux-gnu/libnuma.so.1.0.0 mapped=3 mapmax=2 N0=3 kernelpagesize_kB=4
7fb881210000 bind:0 file=/usr/lib/x86_64-linux-gnu/libnuma.so.1.0.0 anon=2 dirty=2 N0=2 kernelpagesize_kB=4
7fb881212000 bind:0 anon=2 dirty=2 N0=2 kernelpagesize_kB=4
7fb881214000 bind:0 file=/etc/ld.so.cache mapped=10 N0=10 kernelpagesize_kB=4
7fb88121e000 bind:0 file=/usr/lib/x86_64-linux-gnu/ld-2.31.so mapped=1 mapmax=25 N0=1 kernelpagesize_kB=4
7fb88121f000 bind:0 file=/usr/lib/x86_64-linux-gnu/ld-2.31.so mapped=35 mapmax=25 N0=35 kernelpagesize_kB=4
7fb881242000 bind:0 file=/usr/lib/x86_64-linux-gnu/ld-2.31.so mapped=8 mapmax=25 N0=8 kernelpagesize_kB=4
7fb88124b000 bind:0 file=/usr/lib/x86_64-linux-gnu/ld-2.31.so anon=2 dirty=2 N0=2 kernelpagesize_kB=4
7fb88124d000 bind:0 anon=1 dirty=1 N0=1 kernelpagesize_kB=4
7ffc7a3bc000 bind:0 stack anon=2 dirty=2 N0=2 kernelpagesize_kB=4
Fio Node 1 pages
55db8000b000 bind:0 file=/usr/local/bin/fio mapped=24 N1=24 kernelpagesize_kB=4
55db800d1000 bind:0 file=/usr/local/bin/fio anon=108 dirty=108 mapped=112 active=110 N0=108 N1=4 kernelpagesize_kB=4
7fb881040000 bind:0 file=/usr/lib/x86_64-linux-gnu/libmvec-2.31.so mapped=2 N1=2 kernelpagesize_kB=4
7fb881042000 bind:0 file=/usr/lib/x86_64-linux-gnu/libmvec-2.31.so mapped=12 N1=12 kernelpagesize_kB=4
7fb8811de000 bind:0 file=/usr/lib/x86_64-linux-gnu/libz.so.1.2.11 mapped=2 mapmax=8 N1=2 kernelpagesize_kB=4
7fb8811e0000 bind:0 file=/usr/lib/x86_64-linux-gnu/libz.so.1.2.11 mapped=15 mapmax=8 N1=15 kernelpagesize_kB=4

Node 1 MemTotal:       24686196 kB
Node 1 MemFree:        23246156 kB
Node 1 MemUsed:         1440040 kB
Node 1 Active:            45488 kB
Node 1 Inactive:          62456 kB
Node 1 Active(anon):      20244 kB
Node 1 Inactive(anon):      372 kB
Node 1 Active(file):      25244 kB
Node 1 Inactive(file):    62084 kB
Node 1 Unevictable:         844 kB
Node 1 Mlocked:             844 kB
Node 1 Dirty:               196 kB
Node 1 Writeback:             0 kB
Node 1 FilePages:         88752 kB
Node 1 Mapped:            20780 kB
Node 1 AnonPages:         19952 kB
Node 1 Shmem:               580 kB
Node 1 KernelStack:        2744 kB
Node 1 PageTables:          588 kB
Node 1 NFS_Unstable:          0 kB
Node 1 Bounce:                0 kB
Node 1 WritebackTmp:          0 kB
Node 1 KReclaimable:      20664 kB
Node 1 Slab:              61680 kB
Node 1 SReclaimable:      20664 kB
Node 1 SUnreclaim:        41016 kB
Node 1 AnonHugePages:         0 kB
Node 1 ShmemHugePages:        0 kB
Node 1 ShmemPmdMapped:        0 kB
Node 1 FileHugePages:        0 kB
Node 1 FilePmdMapped:        0 kB
Node 1 HugePages_Total:     0
Node 1 HugePages_Free:      0
Node 1 HugePages_Surp:      0

After Opposite Node
Node 0 MemTotal:       24743736 kB
Node 0 MemFree:        24478432 kB
Node 0 MemUsed:          265304 kB
Node 0 Active:            57360 kB
Node 0 Inactive:          24860 kB
Node 0 Active(anon):      13224 kB
Node 0 Inactive(anon):      568 kB
Node 0 Active(file):      44136 kB
Node 0 Inactive(file):    24292 kB
Node 0 Unevictable:       17680 kB
Node 0 Mlocked:           17680 kB
Node 0 Dirty:                56 kB
Node 0 Writeback:             0 kB
Node 0 FilePages:         76552 kB
Node 0 Mapped:            26324 kB
Node 0 AnonPages:         23300 kB
Node 0 Shmem:               776 kB
Node 0 KernelStack:        1976 kB
Node 0 PageTables:          732 kB
Node 0 NFS_Unstable:          0 kB
Node 0 Bounce:                0 kB
Node 0 WritebackTmp:          0 kB
Node 0 KReclaimable:      23412 kB
Node 0 Slab:              64748 kB
Node 0 SReclaimable:      23412 kB
Node 0 SUnreclaim:        41336 kB
Node 0 AnonHugePages:         0 kB
Node 0 ShmemHugePages:        0 kB
Node 0 ShmemPmdMapped:        0 kB
Node 0 FileHugePages:        0 kB
Node 0 FilePmdMapped:        0 kB
Node 0 HugePages_Total:     0
Node 0 HugePages_Free:      0
Node 0 HugePages_Surp:      0

Node 1 MemTotal:       24686196 kB
Node 1 MemFree:        23246204 kB
Node 1 MemUsed:         1439992 kB
Node 1 Active:            45516 kB
Node 1 Inactive:          62272 kB
Node 1 Active(anon):      20096 kB
Node 1 Inactive(anon):      348 kB
Node 1 Active(file):      25420 kB
Node 1 Inactive(file):    61924 kB
Node 1 Unevictable:         844 kB
Node 1 Mlocked:             844 kB
Node 1 Dirty:               212 kB
Node 1 Writeback:             0 kB
Node 1 FilePages:         88724 kB
Node 1 Mapped:            20716 kB
Node 1 AnonPages:         19908 kB
Node 1 Shmem:               536 kB
Node 1 KernelStack:        2728 kB
Node 1 PageTables:          476 kB
Node 1 NFS_Unstable:          0 kB
Node 1 Bounce:                0 kB
Node 1 WritebackTmp:          0 kB
Node 1 KReclaimable:      20664 kB
Node 1 Slab:              61680 kB
Node 1 SReclaimable:      20664 kB
Node 1 SUnreclaim:        41016 kB
Node 1 AnonHugePages:         0 kB
Node 1 ShmemHugePages:        0 kB
Node 1 ShmemPmdMapped:        0 kB
Node 1 FileHugePages:        0 kB
Node 1 FilePmdMapped:        0 kB
Node 1 HugePages_Total:     0
Node 1 HugePages_Free:      0
Node 1 HugePages_Surp:      0

U.1.fio.500M.2.O Complete!
