Fio Node 0 pages
7f6da19a1000 bind:1 file=/usr/lib/x86_64-linux-gnu/libc-2.31.so mapped=112 mapmax=36 N0=112 kernelpagesize_kB=4
7f6da1b19000 bind:1 file=/usr/lib/x86_64-linux-gnu/libc-2.31.so mapped=23 mapmax=35 N0=23 kernelpagesize_kB=4
Fio Node 1 pages
55f200cb8000 bind:1 file=/usr/bin/dash mapped=19 mapmax=3 N1=19 kernelpagesize_kB=4
55f200ccb000 bind:1 file=/usr/bin/dash mapped=6 mapmax=3 N1=6 kernelpagesize_kB=4
55f200cd1000 bind:1 file=/usr/bin/dash anon=2 dirty=2 mapmax=2 N1=2 kernelpagesize_kB=4
55f200cd3000 bind:1 file=/usr/bin/dash anon=1 dirty=1 N1=1 kernelpagesize_kB=4
55f200cd4000 bind:1 anon=1 dirty=1 N1=1 kernelpagesize_kB=4
55f20219b000 bind:1 heap anon=2 dirty=2 mapmax=2 N1=2 kernelpagesize_kB=4
7f6da1b64000 bind:1 file=/usr/lib/x86_64-linux-gnu/libc-2.31.so anon=3 dirty=3 mapmax=2 N1=3 kernelpagesize_kB=4
7f6da1b67000 bind:1 file=/usr/lib/x86_64-linux-gnu/libc-2.31.so anon=3 dirty=3 mapmax=2 N1=3 kernelpagesize_kB=4
7f6da1b6a000 bind:1 anon=6 dirty=6 mapmax=2 N1=6 kernelpagesize_kB=4
7f6da1ba7000 bind:1 file=/usr/lib/x86_64-linux-gnu/ld-2.31.so anon=1 dirty=1 mapmax=2 N1=1 kernelpagesize_kB=4
7f6da1ba8000 bind:1 file=/usr/lib/x86_64-linux-gnu/ld-2.31.so anon=1 dirty=1 N1=1 kernelpagesize_kB=4
7f6da1ba9000 bind:1 anon=1 dirty=1 mapmax=2 N1=1 kernelpagesize_kB=4
7ffcd482d000 bind:1 stack anon=4 dirty=4 mapmax=2 N1=4 kernelpagesize_kB=4
Fio Node 0 pages
7f9a3ba8e000 bind:1 file=/usr/lib/x86_64-linux-gnu/libc-2.31.so mapped=35 mapmax=25 N0=35 kernelpagesize_kB=4
7f9a3bab3000 bind:1 file=/usr/lib/x86_64-linux-gnu/libc-2.31.so mapped=32 mapmax=25 N0=32 kernelpagesize_kB=4
7f9a3bc85000 bind:1 file=/usr/lib/x86_64-linux-gnu/libdl-2.31.so mapped=1 mapmax=20 N0=1 kernelpagesize_kB=4
7f9a3bcb9000 bind:1 file=/usr/lib/x86_64-linux-gnu/libm-2.31.so mapped=15 mapmax=12 N0=15 kernelpagesize_kB=4
7f9a3be08000 bind:1 file=/usr/lib/x86_64-linux-gnu/libpthread-2.31.so mapped=7 mapmax=22 N0=7 kernelpagesize_kB=4
7f9a3be47000 bind:1 file=/usr/lib/x86_64-linux-gnu/librt-2.31.so mapped=3 mapmax=17 N0=3 kernelpagesize_kB=4
7f9a3be61000 bind:1 file=/etc/ld.so.cache mapped=10 N0=10 kernelpagesize_kB=4
7f9a3be6b000 bind:1 file=/usr/lib/x86_64-linux-gnu/ld-2.31.so mapped=1 mapmax=25 N0=1 kernelpagesize_kB=4
7f9a3be6c000 bind:1 file=/usr/lib/x86_64-linux-gnu/ld-2.31.so mapped=35 mapmax=25 N0=35 kernelpagesize_kB=4
7f9a3be8f000 bind:1 file=/usr/lib/x86_64-linux-gnu/ld-2.31.so mapped=8 mapmax=25 N0=8 kernelpagesize_kB=4
Fio Node 1 pages
563acc5bb000 bind:1 file=/usr/local/bin/fio mapped=24 active=1 N1=24 kernelpagesize_kB=4
563acc5d3000 bind:1 file=/usr/local/bin/fio mapped=52 N1=52 kernelpagesize_kB=4
563acc658000 bind:1 file=/usr/local/bin/fio mapped=24 active=16 N1=24 kernelpagesize_kB=4
563acc67f000 bind:1 file=/usr/local/bin/fio anon=2 dirty=2 N1=2 kernelpagesize_kB=4
563acc681000 bind:1 file=/usr/local/bin/fio anon=112 dirty=112 mapped=116 active=112 N1=116 kernelpagesize_kB=4
563acc75d000 bind:1 anon=2 dirty=2 N1=2 kernelpagesize_kB=4
563ace6ff000 bind:1 heap anon=4 dirty=4 N1=4 kernelpagesize_kB=4
7f9a3ba8c000 bind:1 anon=2 dirty=2 N1=2 kernelpagesize_kB=4
7f9a3bc76000 bind:1 file=/usr/lib/x86_64-linux-gnu/libc-2.31.so anon=3 dirty=3 N1=3 kernelpagesize_kB=4
7f9a3bc79000 bind:1 file=/usr/lib/x86_64-linux-gnu/libc-2.31.so anon=3 dirty=3 N1=3 kernelpagesize_kB=4
7f9a3bc7c000 bind:1 anon=4 dirty=4 N1=4 kernelpagesize_kB=4
7f9a3bc80000 bind:1 file=/usr/lib/x86_64-linux-gnu/libaio.so.1.0.1 mapped=1 mapmax=2 N1=1 kernelpagesize_kB=4
7f9a3bc81000 bind:1 file=/usr/lib/x86_64-linux-gnu/libaio.so.1.0.1 mapped=1 mapmax=2 N1=1 kernelpagesize_kB=4
7f9a3bc83000 bind:1 file=/usr/lib/x86_64-linux-gnu/libaio.so.1.0.1 anon=1 dirty=1 N1=1 kernelpagesize_kB=4
7f9a3bc84000 bind:1 file=/usr/lib/x86_64-linux-gnu/libaio.so.1.0.1 anon=1 dirty=1 N1=1 kernelpagesize_kB=4
7f9a3bc89000 bind:1 file=/usr/lib/x86_64-linux-gnu/libdl-2.31.so anon=1 dirty=1 N1=1 kernelpagesize_kB=4
7f9a3bc8a000 bind:1 file=/usr/lib/x86_64-linux-gnu/libdl-2.31.so anon=1 dirty=1 N1=1 kernelpagesize_kB=4
7f9a3bc8b000 bind:1 anon=2 dirty=2 N1=2 kernelpagesize_kB=4
7f9a3bc8d000 bind:1 file=/usr/lib/x86_64-linux-gnu/libmvec-2.31.so mapped=2 active=1 N1=2 kernelpagesize_kB=4
7f9a3bc8f000 bind:1 file=/usr/lib/x86_64-linux-gnu/libmvec-2.31.so mapped=12 active=0 N1=12 kernelpagesize_kB=4
7f9a3bcb7000 bind:1 file=/usr/lib/x86_64-linux-gnu/libmvec-2.31.so anon=1 dirty=1 N1=1 kernelpagesize_kB=4
7f9a3bcb8000 bind:1 file=/usr/lib/x86_64-linux-gnu/libmvec-2.31.so anon=1 dirty=1 N1=1 kernelpagesize_kB=4
7f9a3be06000 bind:1 file=/usr/lib/x86_64-linux-gnu/libm-2.31.so anon=1 dirty=1 N1=1 kernelpagesize_kB=4
7f9a3be07000 bind:1 file=/usr/lib/x86_64-linux-gnu/libm-2.31.so anon=1 dirty=1 N1=1 kernelpagesize_kB=4
7f9a3be25000 bind:1 file=/usr/lib/x86_64-linux-gnu/libpthread-2.31.so anon=1 dirty=1 N1=1 kernelpagesize_kB=4
7f9a3be26000 bind:1 file=/usr/lib/x86_64-linux-gnu/libpthread-2.31.so anon=1 dirty=1 N1=1 kernelpagesize_kB=4
7f9a3be27000 bind:1 anon=1 dirty=1 N1=1 kernelpagesize_kB=4
7f9a3be2b000 bind:1 file=/usr/lib/x86_64-linux-gnu/libz.so.1.2.11 mapped=2 mapmax=8 N1=2 kernelpagesize_kB=4
7f9a3be2d000 bind:1 file=/usr/lib/x86_64-linux-gnu/libz.so.1.2.11 mapped=15 mapmax=8 N1=15 kernelpagesize_kB=4
7f9a3be45000 bind:1 file=/usr/lib/x86_64-linux-gnu/libz.so.1.2.11 anon=1 dirty=1 N1=1 kernelpagesize_kB=4
7f9a3be46000 bind:1 file=/usr/lib/x86_64-linux-gnu/libz.so.1.2.11 anon=1 dirty=1 N1=1 kernelpagesize_kB=4
7f9a3be50000 bind:1 file=/usr/lib/x86_64-linux-gnu/librt-2.31.so anon=1 dirty=1 N1=1 kernelpagesize_kB=4
7f9a3be51000 bind:1 file=/usr/lib/x86_64-linux-gnu/librt-2.31.so anon=1 dirty=1 N1=1 kernelpagesize_kB=4
7f9a3be52000 bind:1 file=/usr/lib/x86_64-linux-gnu/libnuma.so.1.0.0 mapped=3 mapmax=2 N1=3 kernelpagesize_kB=4
7f9a3be55000 bind:1 file=/usr/lib/x86_64-linux-gnu/libnuma.so.1.0.0 mapped=5 mapmax=2 N1=5 kernelpagesize_kB=4
7f9a3be5a000 bind:1 file=/usr/lib/x86_64-linux-gnu/libnuma.so.1.0.0 mapped=2 mapmax=2 N1=2 kernelpagesize_kB=4
7f9a3be5d000 bind:1 file=/usr/lib/x86_64-linux-gnu/libnuma.so.1.0.0 anon=1 dirty=1 N1=1 kernelpagesize_kB=4
7f9a3be5e000 bind:1 file=/usr/lib/x86_64-linux-gnu/libnuma.so.1.0.0 anon=1 dirty=1 N1=1 kernelpagesize_kB=4
7f9a3be5f000 bind:1 anon=2 dirty=2 N1=2 kernelpagesize_kB=4
7f9a3be6a000 bind:1 file=/dev/zero\040(deleted) dirty=1 active=0 N1=1 kernelpagesize_kB=4
7f9a3be97000 bind:1 file=/dev/zero\040(deleted) dirty=1 active=0 N1=1 kernelpagesize_kB=4
7f9a3be98000 bind:1 file=/usr/lib/x86_64-linux-gnu/ld-2.31.so anon=1 dirty=1 N1=1 kernelpagesize_kB=4
7f9a3be99000 bind:1 file=/usr/lib/x86_64-linux-gnu/ld-2.31.so anon=1 dirty=1 N1=1 kernelpagesize_kB=4
7f9a3be9a000 bind:1 anon=1 dirty=1 N1=1 kernelpagesize_kB=4
7ffdbed22000 bind:1 stack anon=4 dirty=4 N1=4 kernelpagesize_kB=4
U.1.fio.2-1G.1.O
Begin
Node 0 MemTotal:       24743736 kB
Node 0 MemFree:        24347124 kB
Node 0 MemUsed:          396612 kB
Node 0 Active:            56412 kB
Node 0 Inactive:          52792 kB
Node 0 Active(anon):      17344 kB
Node 0 Inactive(anon):      308 kB
Node 0 Active(file):      39068 kB
Node 0 Inactive(file):    52484 kB
Node 0 Unevictable:       17260 kB
Node 0 Mlocked:           17260 kB
Node 0 Dirty:               132 kB
Node 0 Writeback:             0 kB
Node 0 FilePages:         98936 kB
Node 0 Mapped:            24096 kB
Node 0 AnonPages:         27828 kB
Node 0 Shmem:               456 kB
Node 0 KernelStack:        1912 kB
Node 0 PageTables:          572 kB
Node 0 NFS_Unstable:          0 kB
Node 0 Bounce:                0 kB
Node 0 WritebackTmp:          0 kB
Node 0 KReclaimable:      22020 kB
Node 0 Slab:              48772 kB
Node 0 SReclaimable:      22020 kB
Node 0 SUnreclaim:        26752 kB
Node 0 AnonHugePages:         0 kB
Node 0 ShmemHugePages:        0 kB
Node 0 ShmemPmdMapped:        0 kB
Node 0 FileHugePages:        0 kB
Node 0 FilePmdMapped:        0 kB
Node 0 HugePages_Total:     0
Node 0 HugePages_Free:      0
Node 0 HugePages_Surp:      0

Node 1 MemTotal:       24686196 kB
Node 1 MemFree:        24439144 kB
Node 1 MemUsed:          247052 kB
Node 1 Active:            40192 kB
Node 1 Inactive:          67680 kB
Node 1 Active(anon):      16348 kB
Node 1 Inactive(anon):      572 kB
Node 1 Active(file):      23844 kB
Node 1 Inactive(file):    67108 kB
Node 1 Unevictable:        1264 kB
Node 1 Mlocked:            1264 kB
Node 1 Dirty:               284 kB
Node 1 Writeback:             0 kB
Node 1 FilePages:         93188 kB
Node 1 Mapped:            48920 kB
Node 1 AnonPages:         16116 kB
Node 1 Shmem:               812 kB
Node 1 KernelStack:        1704 kB
Node 1 PageTables:          540 kB
Node 1 NFS_Unstable:          0 kB
Node 1 Bounce:                0 kB
Node 1 WritebackTmp:          0 kB
Node 1 KReclaimable:      19864 kB
Node 1 Slab:              57688 kB
Node 1 SReclaimable:      19864 kB
Node 1 SUnreclaim:        37824 kB
Node 1 AnonHugePages:         0 kB
Node 1 ShmemHugePages:        0 kB
Node 1 ShmemPmdMapped:        0 kB
Node 1 FileHugePages:        0 kB
Node 1 FilePmdMapped:        0 kB
Node 1 HugePages_Total:     0
Node 1 HugePages_Free:      0
Node 1 HugePages_Surp:      0

Load ZFS
Node 0 MemTotal:       24743736 kB
Node 0 MemFree:        24481276 kB
Node 0 MemUsed:          262460 kB
Node 0 Active:            63424 kB
Node 0 Inactive:          48272 kB
Node 0 Active(anon):      18692 kB
Node 0 Inactive(anon):      308 kB
Node 0 Active(file):      44732 kB
Node 0 Inactive(file):    47964 kB
Node 0 Unevictable:       17260 kB
Node 0 Mlocked:           17260 kB
Node 0 Dirty:               152 kB
Node 0 Writeback:             0 kB
Node 0 FilePages:        100080 kB
Node 0 Mapped:            24136 kB
Node 0 AnonPages:         28968 kB
Node 0 Shmem:               456 kB
Node 0 KernelStack:        1960 kB
Node 0 PageTables:          548 kB
Node 0 NFS_Unstable:          0 kB
Node 0 Bounce:                0 kB
Node 0 WritebackTmp:          0 kB
Node 0 KReclaimable:      22468 kB
Node 0 Slab:              50120 kB
Node 0 SReclaimable:      22468 kB
Node 0 SUnreclaim:        27652 kB
Node 0 AnonHugePages:         0 kB
Node 0 ShmemHugePages:        0 kB
Node 0 ShmemPmdMapped:        0 kB
Node 0 FileHugePages:        0 kB
Node 0 FilePmdMapped:        0 kB
Node 0 HugePages_Total:     0
Node 0 HugePages_Free:      0
Node 0 HugePages_Surp:      0

Node 1 MemTotal:       24686196 kB
Node 1 MemFree:        24294232 kB
Node 1 MemUsed:          391964 kB
Node 1 Active:            45260 kB
Node 1 Inactive:          68260 kB
Node 1 Active(anon):      20420 kB
Node 1 Inactive(anon):      572 kB
Node 1 Active(file):      24840 kB
Node 1 Inactive(file):    67688 kB
Node 1 Unevictable:        1264 kB
Node 1 Mlocked:            1264 kB
Node 1 Dirty:               372 kB
Node 1 Writeback:             0 kB
Node 1 FilePages:         94604 kB
Node 1 Mapped:            49100 kB
Node 1 AnonPages:         20148 kB
Node 1 Shmem:               812 kB
Node 1 KernelStack:        1848 kB
Node 1 PageTables:          924 kB
Node 1 NFS_Unstable:          0 kB
Node 1 Bounce:                0 kB
Node 1 WritebackTmp:          0 kB
Node 1 KReclaimable:      20432 kB
Node 1 Slab:              60288 kB
Node 1 SReclaimable:      20432 kB
Node 1 SUnreclaim:        39856 kB
Node 1 AnonHugePages:         0 kB
Node 1 ShmemHugePages:        0 kB
Node 1 ShmemPmdMapped:        0 kB
Node 1 FileHugePages:        0 kB
Node 1 FilePmdMapped:        0 kB
Node 1 HugePages_Total:     0
Node 1 HugePages_Free:      0
Node 1 HugePages_Surp:      0

Import tank ZPool
Node 0 MemTotal:       24743736 kB
Node 0 MemFree:        24481292 kB
Node 0 MemUsed:          262444 kB
Node 0 Active:            63596 kB
Node 0 Inactive:          48168 kB
Node 0 Active(anon):      18748 kB
Node 0 Inactive(anon):      308 kB
Node 0 Active(file):      44848 kB
Node 0 Inactive(file):    47860 kB
Node 0 Unevictable:       17260 kB
Node 0 Mlocked:           17260 kB
Node 0 Dirty:                56 kB
Node 0 Writeback:             0 kB
Node 0 FilePages:        100088 kB
Node 0 Mapped:            24360 kB
Node 0 AnonPages:         29020 kB
Node 0 Shmem:               452 kB
Node 0 KernelStack:        1960 kB
Node 0 PageTables:          548 kB
Node 0 NFS_Unstable:          0 kB
Node 0 Bounce:                0 kB
Node 0 WritebackTmp:          0 kB
Node 0 KReclaimable:      22468 kB
Node 0 Slab:              51148 kB
Node 0 SReclaimable:      22468 kB
Node 0 SUnreclaim:        28680 kB
Node 0 AnonHugePages:         0 kB
Node 0 ShmemHugePages:        0 kB
Node 0 ShmemPmdMapped:        0 kB
Node 0 FileHugePages:        0 kB
Node 0 FilePmdMapped:        0 kB
Node 0 HugePages_Total:     0
Node 0 HugePages_Free:      0
Node 0 HugePages_Surp:      0

Node 1 MemTotal:       24686196 kB
Node 1 MemFree:        24271832 kB
Node 1 MemUsed:          414364 kB
Node 1 Active:            46008 kB
Node 1 Inactive:          69460 kB
Node 1 Active(anon):      20828 kB
Node 1 Inactive(anon):      576 kB
Node 1 Active(file):      25180 kB
Node 1 Inactive(file):    68884 kB
Node 1 Unevictable:        1264 kB
Node 1 Mlocked:            1264 kB
Node 1 Dirty:               144 kB
Node 1 Writeback:             0 kB
Node 1 FilePages:         96176 kB
Node 1 Mapped:            49236 kB
Node 1 AnonPages:         20652 kB
Node 1 Shmem:               816 kB
Node 1 KernelStack:        2984 kB
Node 1 PageTables:         1008 kB
Node 1 NFS_Unstable:          0 kB
Node 1 Bounce:                0 kB
Node 1 WritebackTmp:          0 kB
Node 1 KReclaimable:      20552 kB
Node 1 Slab:              66972 kB
Node 1 SReclaimable:      20552 kB
Node 1 SUnreclaim:        46420 kB
Node 1 AnonHugePages:         0 kB
Node 1 ShmemHugePages:        0 kB
Node 1 ShmemPmdMapped:        0 kB
Node 1 FileHugePages:        0 kB
Node 1 FilePmdMapped:        0 kB
Node 1 HugePages_Total:     0
Node 1 HugePages_Free:      0
Node 1 HugePages_Surp:      0

After Test
Node 0 MemTotal:       24743736 kB
Node 0 MemFree:        23892192 kB
Node 0 MemUsed:          851544 kB
Node 0 Active:            61780 kB
Node 0 Inactive:          48168 kB
Node 0 Active(anon):      16932 kB
Node 0 Inactive(anon):      308 kB
Node 0 Active(file):      44848 kB
Node 0 Inactive(file):    47860 kB
Node 0 Unevictable:       17260 kB
Node 0 Mlocked:           17260 kB
Node 0 Dirty:                 4 kB
Node 0 Writeback:             0 kB
Node 0 FilePages:        100088 kB
Node 0 Mapped:            24136 kB
Node 0 AnonPages:         27116 kB
Node 0 Shmem:               452 kB
Node 0 KernelStack:        1896 kB
Node 0 PageTables:          548 kB
Node 0 NFS_Unstable:          0 kB
Node 0 Bounce:                0 kB
Node 0 WritebackTmp:          0 kB
Node 0 KReclaimable:      22552 kB
Node 0 Slab:              54304 kB
Node 0 SReclaimable:      22552 kB
Node 0 SUnreclaim:        31752 kB
Node 0 AnonHugePages:         0 kB
Node 0 ShmemHugePages:        0 kB
Node 0 ShmemPmdMapped:        0 kB
Node 0 FileHugePages:        0 kB
Node 0 FilePmdMapped:        0 kB
Node 0 HugePages_Total:     0
Node 0 HugePages_Free:      0
Node 0 HugePages_Surp:      0
Fio Node 0 pages
5641f29a7000 bind:0 file=/usr/local/bin/fio anon=2 dirty=2 mapped=17 active=4 N0=2 N1=15 kernelpagesize_kB=4
7f0d0d432000 bind:0 anon=2 dirty=2 N0=2 kernelpagesize_kB=4
7f0d0d434000 bind:0 file=/usr/lib/x86_64-linux-gnu/libc-2.31.so mapped=37 mapmax=25 N0=37 kernelpagesize_kB=4
7f0d0d61c000 bind:0 file=/usr/lib/x86_64-linux-gnu/libc-2.31.so anon=6 dirty=6 N0=6 kernelpagesize_kB=4
7f0d0d629000 bind:0 file=/usr/lib/x86_64-linux-gnu/libaio.so.1.0.1 anon=2 dirty=2 N0=2 kernelpagesize_kB=4
7f0d0d62b000 bind:0 file=/usr/lib/x86_64-linux-gnu/libdl-2.31.so mapped=1 mapmax=20 N0=1 kernelpagesize_kB=4
7f0d0d62f000 bind:0 file=/usr/lib/x86_64-linux-gnu/libdl-2.31.so anon=2 dirty=2 N0=2 kernelpagesize_kB=4
7f0d0d631000 bind:0 anon=2 dirty=2 N0=2 kernelpagesize_kB=4
7f0d0d65d000 bind:0 file=/usr/lib/x86_64-linux-gnu/libmvec-2.31.so anon=2 dirty=2 N0=2 kernelpagesize_kB=4
7f0d0d65f000 bind:0 file=/usr/lib/x86_64-linux-gnu/libm-2.31.so mapped=14 mapmax=12 N0=14 kernelpagesize_kB=4
7f0d0d7ac000 bind:0 file=/usr/lib/x86_64-linux-gnu/libm-2.31.so anon=2 dirty=2 N0=2 kernelpagesize_kB=4
7f0d0d7ae000 bind:0 file=/usr/lib/x86_64-linux-gnu/libpthread-2.31.so mapped=7 mapmax=22 N0=7 kernelpagesize_kB=4
7f0d0d7cb000 bind:0 file=/usr/lib/x86_64-linux-gnu/libpthread-2.31.so anon=2 dirty=2 N0=2 kernelpagesize_kB=4
7f0d0d7eb000 bind:0 file=/usr/lib/x86_64-linux-gnu/libz.so.1.2.11 anon=2 dirty=2 N0=2 kernelpagesize_kB=4
7f0d0d7ed000 bind:0 file=/usr/lib/x86_64-linux-gnu/librt-2.31.so mapped=3 mapmax=17 N0=3 kernelpagesize_kB=4
7f0d0d7f6000 bind:0 file=/usr/lib/x86_64-linux-gnu/librt-2.31.so anon=2 dirty=2 N0=2 kernelpagesize_kB=4
7f0d0d803000 bind:0 file=/usr/lib/x86_64-linux-gnu/libnuma.so.1.0.0 anon=2 dirty=2 N0=2 kernelpagesize_kB=4
7f0d0d805000 bind:0 anon=2 dirty=2 N0=2 kernelpagesize_kB=4
7f0d0d807000 bind:0 file=/etc/ld.so.cache mapped=10 N0=10 kernelpagesize_kB=4
7f0d0d811000 bind:0 file=/usr/lib/x86_64-linux-gnu/ld-2.31.so mapped=1 mapmax=25 N0=1 kernelpagesize_kB=4
7f0d0d812000 bind:0 file=/usr/lib/x86_64-linux-gnu/ld-2.31.so mapped=35 mapmax=25 N0=35 kernelpagesize_kB=4
7f0d0d835000 bind:0 file=/usr/lib/x86_64-linux-gnu/ld-2.31.so mapped=8 mapmax=25 N0=8 kernelpagesize_kB=4
7f0d0d83e000 bind:0 file=/usr/lib/x86_64-linux-gnu/ld-2.31.so anon=2 dirty=2 N0=2 kernelpagesize_kB=4
7f0d0d840000 bind:0 anon=1 dirty=1 N0=1 kernelpagesize_kB=4
7ffef2d87000 bind:0 stack anon=3 dirty=3 N0=3 kernelpagesize_kB=4
Fio Node 1 pages
5641f28e3000 bind:0 file=/usr/local/bin/fio mapped=24 N1=24 kernelpagesize_kB=4
5641f28fb000 bind:0 file=/usr/local/bin/fio mapped=83 N1=83 kernelpagesize_kB=4
5641f2980000 bind:0 file=/usr/local/bin/fio mapped=32 active=24 N1=32 kernelpagesize_kB=4
5641f29a9000 bind:0 file=/usr/local/bin/fio anon=112 dirty=112 mapped=116 active=114 N0=112 N1=4 kernelpagesize_kB=4
7f0d0d626000 bind:0 file=/usr/lib/x86_64-linux-gnu/libaio.so.1.0.1 mapped=1 mapmax=2 N1=1 kernelpagesize_kB=4
7f0d0d627000 bind:0 file=/usr/lib/x86_64-linux-gnu/libaio.so.1.0.1 mapped=1 mapmax=2 N1=1 kernelpagesize_kB=4
7f0d0d633000 bind:0 file=/usr/lib/x86_64-linux-gnu/libmvec-2.31.so mapped=2 N1=2 kernelpagesize_kB=4
7f0d0d635000 bind:0 file=/usr/lib/x86_64-linux-gnu/libmvec-2.31.so mapped=12 N1=12 kernelpagesize_kB=4
7f0d0d7d1000 bind:0 file=/usr/lib/x86_64-linux-gnu/libz.so.1.2.11 mapped=2 mapmax=8 N1=2 kernelpagesize_kB=4
7f0d0d7d3000 bind:0 file=/usr/lib/x86_64-linux-gnu/libz.so.1.2.11 mapped=15 mapmax=8 N1=15 kernelpagesize_kB=4
7f0d0d7f8000 bind:0 file=/usr/lib/x86_64-linux-gnu/libnuma.so.1.0.0 mapped=3 mapmax=2 N1=3 kernelpagesize_kB=4
7f0d0d7fb000 bind:0 file=/usr/lib/x86_64-linux-gnu/libnuma.so.1.0.0 mapped=5 mapmax=2 N1=5 kernelpagesize_kB=4
7f0d0d800000 bind:0 file=/usr/lib/x86_64-linux-gnu/libnuma.so.1.0.0 mapped=2 mapmax=2 N1=2 kernelpagesize_kB=4
Fio Node 0 pages
55ce6969d000 bind:0 file=/usr/local/bin/fio anon=2 dirty=2 N0=2 kernelpagesize_kB=4
55ce6969f000 bind:0 file=/usr/local/bin/fio anon=114 dirty=114 mapped=116 N0=114 N1=2 kernelpagesize_kB=4
55ce6977b000 bind:0 anon=71 dirty=71 N0=71 kernelpagesize_kB=4
55ce6aeea000 bind:0 heap anon=6 dirty=6 N0=6 kernelpagesize_kB=4
7f5945b33000 bind:0 file=/SYSV00000000\040(deleted) dirty=474 active=0 N0=474 kernelpagesize_kB=4
7f594603f000 bind:0 anon=1 dirty=1 N0=1 kernelpagesize_kB=4
7f5946240000 bind:0 file=/dev/zero\040(deleted) dirty=1 active=0 N0=1 kernelpagesize_kB=4
7f5946241000 bind:0 file=/dev/zero\040(deleted) dirty=17 active=0 N0=17 kernelpagesize_kB=4
7f5947252000 bind:0 file=/dev/zero\040(deleted) dirty=17 active=0 N0=17 kernelpagesize_kB=4
7f5948263000 bind:0 file=/dev/zero\040(deleted) dirty=17 active=0 N0=17 kernelpagesize_kB=4
7f5949274000 bind:0 file=/dev/zero\040(deleted) dirty=17 active=0 N0=17 kernelpagesize_kB=4
7f594a285000 bind:0 file=/dev/zero\040(deleted) dirty=17 active=0 N0=17 kernelpagesize_kB=4
7f594b296000 bind:0 file=/dev/zero\040(deleted) dirty=17 active=0 N0=17 kernelpagesize_kB=4
7f594c2a7000 bind:0 file=/dev/zero\040(deleted) dirty=17 active=0 N0=17 kernelpagesize_kB=4
7f594d2b8000 bind:0 file=/dev/zero\040(deleted) dirty=54 active=0 N0=54 kernelpagesize_kB=4
7f594e2c9000 bind:0 anon=2 dirty=2 N0=2 kernelpagesize_kB=4
7f594e2cb000 bind:0 file=/usr/lib/x86_64-linux-gnu/libc-2.31.so mapped=37 mapmax=25 N0=37 kernelpagesize_kB=4
7f594e2f0000 bind:0 file=/usr/lib/x86_64-linux-gnu/libc-2.31.so mapped=320 mapmax=25 N0=319 N1=1 kernelpagesize_kB=4
7f594e468000 bind:0 file=/usr/lib/x86_64-linux-gnu/libc-2.31.so mapped=40 mapmax=25 N0=40 kernelpagesize_kB=4
7f594e4b3000 bind:0 file=/usr/lib/x86_64-linux-gnu/libc-2.31.so anon=3 dirty=3 N0=3 kernelpagesize_kB=4
7f594e4b6000 bind:0 file=/usr/lib/x86_64-linux-gnu/libc-2.31.so anon=3 dirty=3 N0=3 kernelpagesize_kB=4
7f594e4b9000 bind:0 anon=4 dirty=4 N0=4 kernelpagesize_kB=4
7f594e4c0000 bind:0 file=/usr/lib/x86_64-linux-gnu/libaio.so.1.0.1 anon=1 dirty=1 N0=1 kernelpagesize_kB=4
7f594e4c1000 bind:0 file=/usr/lib/x86_64-linux-gnu/libaio.so.1.0.1 anon=1 dirty=1 N0=1 kernelpagesize_kB=4
7f594e4c2000 bind:0 file=/usr/lib/x86_64-linux-gnu/libdl-2.31.so mapped=1 mapmax=20 N0=1 kernelpagesize_kB=4
7f594e4c3000 bind:0 file=/usr/lib/x86_64-linux-gnu/libdl-2.31.so mapped=2 mapmax=20 N0=2 kernelpagesize_kB=4
7f594e4c6000 bind:0 file=/usr/lib/x86_64-linux-gnu/libdl-2.31.so anon=1 dirty=1 N0=1 kernelpagesize_kB=4
7f594e4c7000 bind:0 file=/usr/lib/x86_64-linux-gnu/libdl-2.31.so anon=1 dirty=1 N0=1 kernelpagesize_kB=4
7f594e4c8000 bind:0 anon=2 dirty=2 N0=2 kernelpagesize_kB=4
7f594e4f4000 bind:0 file=/usr/lib/x86_64-linux-gnu/libmvec-2.31.so anon=1 dirty=1 N0=1 kernelpagesize_kB=4
7f594e4f5000 bind:0 file=/usr/lib/x86_64-linux-gnu/libmvec-2.31.so anon=1 dirty=1 N0=1 kernelpagesize_kB=4
7f594e4f6000 bind:0 file=/usr/lib/x86_64-linux-gnu/libm-2.31.so mapped=15 mapmax=12 N0=15 kernelpagesize_kB=4
7f594e505000 bind:0 file=/usr/lib/x86_64-linux-gnu/libm-2.31.so mapped=75 mapmax=12 N0=75 kernelpagesize_kB=4
7f594e643000 bind:0 file=/usr/lib/x86_64-linux-gnu/libm-2.31.so anon=1 dirty=1 N0=1 kernelpagesize_kB=4
7f594e644000 bind:0 file=/usr/lib/x86_64-linux-gnu/libm-2.31.so anon=1 dirty=1 N0=1 kernelpagesize_kB=4
7f594e645000 bind:0 file=/usr/lib/x86_64-linux-gnu/libpthread-2.31.so mapped=7 mapmax=22 N0=7 kernelpagesize_kB=4
7f594e64c000 bind:0 file=/usr/lib/x86_64-linux-gnu/libpthread-2.31.so mapped=17 mapmax=22 N0=17 kernelpagesize_kB=4
7f594e662000 bind:0 file=/usr/lib/x86_64-linux-gnu/libpthread-2.31.so anon=1 dirty=1 N0=1 kernelpagesize_kB=4
7f594e663000 bind:0 file=/usr/lib/x86_64-linux-gnu/libpthread-2.31.so anon=1 dirty=1 N0=1 kernelpagesize_kB=4
7f594e664000 bind:0 anon=1 dirty=1 N0=1 kernelpagesize_kB=4
7f594e682000 bind:0 file=/usr/lib/x86_64-linux-gnu/libz.so.1.2.11 anon=1 dirty=1 N0=1 kernelpagesize_kB=4
7f594e683000 bind:0 file=/usr/lib/x86_64-linux-gnu/libz.so.1.2.11 anon=1 dirty=1 N0=1 kernelpagesize_kB=4
7f594e684000 bind:0 file=/usr/lib/x86_64-linux-gnu/librt-2.31.so mapped=3 mapmax=17 N0=3 kernelpagesize_kB=4
7f594e687000 bind:0 file=/usr/lib/x86_64-linux-gnu/librt-2.31.so mapped=4 mapmax=17 N0=4 kernelpagesize_kB=4
7f594e68d000 bind:0 file=/usr/lib/x86_64-linux-gnu/librt-2.31.so anon=1 dirty=1 N0=1 kernelpagesize_kB=4
7f594e68e000 bind:0 file=/usr/lib/x86_64-linux-gnu/librt-2.31.so anon=1 dirty=1 N0=1 kernelpagesize_kB=4
7f594e69a000 bind:0 file=/usr/lib/x86_64-linux-gnu/libnuma.so.1.0.0 anon=1 dirty=1 N0=1 kernelpagesize_kB=4
7f594e69b000 bind:0 file=/usr/lib/x86_64-linux-gnu/libnuma.so.1.0.0 anon=1 dirty=1 N0=1 kernelpagesize_kB=4
7f594e69c000 bind:0 anon=2 dirty=2 N0=2 kernelpagesize_kB=4
7f594e69e000 bind:0 file=/dev/zero\040(deleted) dirty=1 active=0 N0=1 kernelpagesize_kB=4
7f594e69f000 bind:0 file=/dev/zero\040(deleted) dirty=1 active=0 N0=1 kernelpagesize_kB=4
7f594e6a0000 bind:0 file=/dev/zero\040(deleted) dirty=1 active=0 N0=1 kernelpagesize_kB=4
7f594e6a1000 bind:0 file=/dev/zero\040(deleted) dirty=1 active=0 N0=1 kernelpagesize_kB=4
7f594e6a2000 bind:0 file=/dev/zero\040(deleted) dirty=1 active=0 N0=1 kernelpagesize_kB=4
7f594e6a3000 bind:0 file=/dev/zero\040(deleted) dirty=1 active=0 N0=1 kernelpagesize_kB=4
7f594e6a4000 bind:0 file=/dev/zero\040(deleted) dirty=1 active=0 N0=1 kernelpagesize_kB=4
7f594e6a5000 bind:0 file=/dev/zero\040(deleted) dirty=1 active=0 N0=1 kernelpagesize_kB=4
7f594e6a6000 bind:0 file=/dev/zero\040(deleted) dirty=1 active=0 N0=1 kernelpagesize_kB=4
7f594e6a7000 bind:0 file=/dev/zero\040(deleted) dirty=1 active=0 N0=1 kernelpagesize_kB=4
7f594e6a8000 bind:0 file=/usr/lib/x86_64-linux-gnu/ld-2.31.so mapped=1 mapmax=25 N0=1 kernelpagesize_kB=4
7f594e6a9000 bind:0 file=/usr/lib/x86_64-linux-gnu/ld-2.31.so mapped=35 mapmax=25 N0=35 kernelpagesize_kB=4
7f594e6cc000 bind:0 file=/usr/lib/x86_64-linux-gnu/ld-2.31.so mapped=8 mapmax=25 N0=8 kernelpagesize_kB=4
7f594e6d4000 bind:0 file=/dev/zero\040(deleted) dirty=1 active=0 N0=1 kernelpagesize_kB=4
7f594e6d5000 bind:0 file=/usr/lib/x86_64-linux-gnu/ld-2.31.so anon=1 dirty=1 N0=1 kernelpagesize_kB=4
7f594e6d6000 bind:0 file=/usr/lib/x86_64-linux-gnu/ld-2.31.so anon=1 dirty=1 N0=1 kernelpagesize_kB=4
7f594e6d7000 bind:0 anon=1 dirty=1 N0=1 kernelpagesize_kB=4
7fff8bda5000 bind:0 stack anon=17 dirty=17 N0=17 kernelpagesize_kB=4
Fio Node 1 pages
55ce695d9000 bind:0 file=/usr/local/bin/fio mapped=24 N1=24 kernelpagesize_kB=4
55ce695f1000 bind:0 file=/usr/local/bin/fio mapped=131 N1=131 kernelpagesize_kB=4
55ce69676000 bind:0 file=/usr/local/bin/fio mapped=26 N1=26 kernelpagesize_kB=4
55ce6969f000 bind:0 file=/usr/local/bin/fio anon=114 dirty=114 mapped=116 N0=114 N1=2 kernelpagesize_kB=4
7f5945d59000 bind:0 file=/usr/lib/locale/locale-archive mapped=16 mapmax=6 N1=16 kernelpagesize_kB=4
7f594e2f0000 bind:0 file=/usr/lib/x86_64-linux-gnu/libc-2.31.so mapped=320 mapmax=25 N0=319 N1=1 kernelpagesize_kB=4
7f594e4bd000 bind:0 file=/usr/lib/x86_64-linux-gnu/libaio.so.1.0.1 mapped=1 mapmax=2 N1=1 kernelpagesize_kB=4
7f594e4be000 bind:0 file=/usr/lib/x86_64-linux-gnu/libaio.so.1.0.1 mapped=1 mapmax=2 N1=1 kernelpagesize_kB=4
7f594e4ca000 bind:0 file=/usr/lib/x86_64-linux-gnu/libmvec-2.31.so mapped=2 N1=2 kernelpagesize_kB=4
7f594e4cc000 bind:0 file=/usr/lib/x86_64-linux-gnu/libmvec-2.31.so mapped=12 N1=12 kernelpagesize_kB=4
7f594e668000 bind:0 file=/usr/lib/x86_64-linux-gnu/libz.so.1.2.11 mapped=2 mapmax=8 N1=2 kernelpagesize_kB=4
7f594e66a000 bind:0 file=/usr/lib/x86_64-linux-gnu/libz.so.1.2.11 mapped=15 mapmax=8 N1=15 kernelpagesize_kB=4
7f594e68f000 bind:0 file=/usr/lib/x86_64-linux-gnu/libnuma.so.1.0.0 mapped=3 mapmax=2 N1=3 kernelpagesize_kB=4
7f594e692000 bind:0 file=/usr/lib/x86_64-linux-gnu/libnuma.so.1.0.0 mapped=5 mapmax=2 N1=5 kernelpagesize_kB=4
7f594e697000 bind:0 file=/usr/lib/x86_64-linux-gnu/libnuma.so.1.0.0 mapped=2 mapmax=2 N1=2 kernelpagesize_kB=4

Node 1 MemTotal:       24686196 kB
Node 1 MemFree:        22986716 kB
Node 1 MemUsed:         1699480 kB
Node 1 Active:            42412 kB
Node 1 Inactive:          70468 kB
Node 1 Active(anon):      16064 kB
Node 1 Inactive(anon):      604 kB
Node 1 Active(file):      26348 kB
Node 1 Inactive(file):    69864 kB
Node 1 Unevictable:        1264 kB
Node 1 Mlocked:            1264 kB
Node 1 Dirty:                84 kB
Node 1 Writeback:             0 kB
Node 1 FilePages:         98336 kB
Node 1 Mapped:            49180 kB
Node 1 AnonPages:         15780 kB
Node 1 Shmem:               860 kB
Node 1 KernelStack:        2792 kB
Node 1 PageTables:          760 kB
Node 1 NFS_Unstable:          0 kB
Node 1 Bounce:                0 kB
Node 1 WritebackTmp:          0 kB
Node 1 KReclaimable:      21844 kB
Node 1 Slab:              75068 kB
Node 1 SReclaimable:      21844 kB
Node 1 SUnreclaim:        53224 kB
Node 1 AnonHugePages:         0 kB
Node 1 ShmemHugePages:        0 kB
Node 1 ShmemPmdMapped:        0 kB
Node 1 FileHugePages:        0 kB
Node 1 FilePmdMapped:        0 kB
Node 1 HugePages_Total:     0
Node 1 HugePages_Free:      0
Node 1 HugePages_Surp:      0

After Opposite Node
Node 0 MemTotal:       24743736 kB
Node 0 MemFree:        23891088 kB
Node 0 MemUsed:          852648 kB
Node 0 Active:            61968 kB
Node 0 Inactive:          48224 kB
Node 0 Active(anon):      17116 kB
Node 0 Inactive(anon):      344 kB
Node 0 Active(file):      44852 kB
Node 0 Inactive(file):    47880 kB
Node 0 Unevictable:       17260 kB
Node 0 Mlocked:           17260 kB
Node 0 Dirty:                36 kB
Node 0 Writeback:             0 kB
Node 0 FilePages:        100156 kB
Node 0 Mapped:            24180 kB
Node 0 AnonPages:         27248 kB
Node 0 Shmem:               496 kB
Node 0 KernelStack:        1928 kB
Node 0 PageTables:          728 kB
Node 0 NFS_Unstable:          0 kB
Node 0 Bounce:                0 kB
Node 0 WritebackTmp:          0 kB
Node 0 KReclaimable:      22604 kB
Node 0 Slab:              54944 kB
Node 0 SReclaimable:      22604 kB
Node 0 SUnreclaim:        32340 kB
Node 0 AnonHugePages:         0 kB
Node 0 ShmemHugePages:        0 kB
Node 0 ShmemPmdMapped:        0 kB
Node 0 FileHugePages:        0 kB
Node 0 FilePmdMapped:        0 kB
Node 0 HugePages_Total:     0
Node 0 HugePages_Free:      0
Node 0 HugePages_Surp:      0

Node 1 MemTotal:       24686196 kB
Node 1 MemFree:        22986592 kB
Node 1 MemUsed:         1699604 kB
Node 1 Active:            42472 kB
Node 1 Inactive:          70216 kB
Node 1 Active(anon):      15876 kB
Node 1 Inactive(anon):      576 kB
Node 1 Active(file):      26596 kB
Node 1 Inactive(file):    69640 kB
Node 1 Unevictable:        1264 kB
Node 1 Mlocked:            1264 kB
Node 1 Dirty:               124 kB
Node 1 Writeback:             0 kB
Node 1 FilePages:         98316 kB
Node 1 Mapped:            49144 kB
Node 1 AnonPages:         15636 kB
Node 1 Shmem:               816 kB
Node 1 KernelStack:        2744 kB
Node 1 PageTables:          588 kB
Node 1 NFS_Unstable:          0 kB
Node 1 Bounce:                0 kB
Node 1 WritebackTmp:          0 kB
Node 1 KReclaimable:      21844 kB
Node 1 Slab:              74984 kB
Node 1 SReclaimable:      21844 kB
Node 1 SUnreclaim:        53140 kB
Node 1 AnonHugePages:         0 kB
Node 1 ShmemHugePages:        0 kB
Node 1 ShmemPmdMapped:        0 kB
Node 1 FileHugePages:        0 kB
Node 1 FilePmdMapped:        0 kB
Node 1 HugePages_Total:     0
Node 1 HugePages_Free:      0
Node 1 HugePages_Surp:      0

U.1.fio.2-1G.1.O Complete!
