Fio Node 0 pages
55e46b881000 bind:1 file=/usr/bin/dash mapped=19 mapmax=3 N0=9 N1=10 kernelpagesize_kB=4
55e46b894000 bind:1 file=/usr/bin/dash mapped=6 mapmax=3 N0=6 kernelpagesize_kB=4
7fe58ddfd000 bind:1 file=/usr/lib/x86_64-linux-gnu/libc-2.31.so mapped=144 mapmax=26 N0=144 kernelpagesize_kB=4
7fe58df75000 bind:1 file=/usr/lib/x86_64-linux-gnu/libc-2.31.so mapped=27 mapmax=25 N0=27 kernelpagesize_kB=4
Fio Node 1 pages
55e46b881000 bind:1 file=/usr/bin/dash mapped=19 mapmax=3 N0=9 N1=10 kernelpagesize_kB=4
55e46b89a000 bind:1 file=/usr/bin/dash anon=2 dirty=2 mapmax=2 N1=2 kernelpagesize_kB=4
55e46b89c000 bind:1 file=/usr/bin/dash anon=1 dirty=1 N1=1 kernelpagesize_kB=4
55e46b89d000 bind:1 anon=1 dirty=1 N1=1 kernelpagesize_kB=4
55e46ca16000 bind:1 heap anon=2 dirty=2 mapmax=2 N1=2 kernelpagesize_kB=4
7fe58dfc0000 bind:1 file=/usr/lib/x86_64-linux-gnu/libc-2.31.so anon=3 dirty=3 mapmax=2 N1=3 kernelpagesize_kB=4
7fe58dfc3000 bind:1 file=/usr/lib/x86_64-linux-gnu/libc-2.31.so anon=3 dirty=3 mapmax=2 N1=3 kernelpagesize_kB=4
7fe58dfc6000 bind:1 anon=6 dirty=6 mapmax=2 N1=6 kernelpagesize_kB=4
7fe58e003000 bind:1 file=/usr/lib/x86_64-linux-gnu/ld-2.31.so anon=1 dirty=1 mapmax=2 N1=1 kernelpagesize_kB=4
7fe58e004000 bind:1 file=/usr/lib/x86_64-linux-gnu/ld-2.31.so anon=1 dirty=1 N1=1 kernelpagesize_kB=4
7fe58e005000 bind:1 anon=1 dirty=1 mapmax=2 N1=1 kernelpagesize_kB=4
7ffc10b34000 bind:1 stack anon=3 dirty=3 mapmax=2 N1=3 kernelpagesize_kB=4
Fio Node 0 pages
7fe52e26a000 bind:1 file=/usr/lib/x86_64-linux-gnu/libc-2.31.so mapped=31 mapmax=25 N0=31 kernelpagesize_kB=4
7fe52e452000 bind:1 file=/usr/lib/x86_64-linux-gnu/libc-2.31.so anon=2 dirty=2 mapped=6 active=2 N0=4 N1=2 kernelpagesize_kB=4
7fe52e461000 bind:1 file=/usr/lib/x86_64-linux-gnu/libdl-2.31.so mapped=1 mapmax=20 N0=1 kernelpagesize_kB=4
7fe52e495000 bind:1 file=/usr/lib/x86_64-linux-gnu/libm-2.31.so mapped=15 mapmax=12 N0=15 kernelpagesize_kB=4
7fe52e5e4000 bind:1 file=/usr/lib/x86_64-linux-gnu/libpthread-2.31.so mapped=7 mapmax=22 N0=7 kernelpagesize_kB=4
7fe52e623000 bind:1 file=/usr/lib/x86_64-linux-gnu/librt-2.31.so mapped=3 mapmax=17 N0=3 kernelpagesize_kB=4
7fe52e63d000 bind:1 file=/etc/ld.so.cache mapped=10 N0=10 kernelpagesize_kB=4
7fe52e647000 bind:1 file=/usr/lib/x86_64-linux-gnu/ld-2.31.so mapped=1 mapmax=25 N0=1 kernelpagesize_kB=4
7fe52e648000 bind:1 file=/usr/lib/x86_64-linux-gnu/ld-2.31.so mapped=35 mapmax=25 N0=35 kernelpagesize_kB=4
7fe52e66b000 bind:1 file=/usr/lib/x86_64-linux-gnu/ld-2.31.so mapped=8 mapmax=25 N0=8 kernelpagesize_kB=4
Fio Node 1 pages
55f6c22a6000 bind:1 file=/usr/local/bin/fio mapped=24 active=1 N1=24 kernelpagesize_kB=4
55f6c22be000 bind:1 file=/usr/local/bin/fio mapped=68 N1=68 kernelpagesize_kB=4
55f6c2343000 bind:1 file=/usr/local/bin/fio mapped=29 active=25 N1=29 kernelpagesize_kB=4
55f6c236a000 bind:1 file=/usr/local/bin/fio anon=2 dirty=2 N1=2 kernelpagesize_kB=4
55f6c236c000 bind:1 file=/usr/local/bin/fio anon=112 dirty=112 mapped=116 active=112 N1=116 kernelpagesize_kB=4
55f6c2448000 bind:1 anon=2 dirty=2 N1=2 kernelpagesize_kB=4
55f6c343b000 bind:1 heap anon=4 dirty=4 N1=4 kernelpagesize_kB=4
7fe52d257000 bind:1 file=/dev/zero\040(deleted) dirty=17 active=0 N1=17 kernelpagesize_kB=4
7fe52e268000 bind:1 anon=2 dirty=2 N1=2 kernelpagesize_kB=4
7fe52e452000 bind:1 file=/usr/lib/x86_64-linux-gnu/libc-2.31.so anon=3 dirty=3 N1=3 kernelpagesize_kB=4
7fe52e455000 bind:1 file=/usr/lib/x86_64-linux-gnu/libc-2.31.so anon=3 dirty=3 N1=3 kernelpagesize_kB=4
7fe52e458000 bind:1 anon=4 dirty=4 N1=4 kernelpagesize_kB=4
7fe52e45c000 bind:1 file=/usr/lib/x86_64-linux-gnu/libaio.so.1.0.1 mapped=1 mapmax=2 N1=1 kernelpagesize_kB=4
7fe52e45d000 bind:1 file=/usr/lib/x86_64-linux-gnu/libaio.so.1.0.1 mapped=1 mapmax=2 N1=1 kernelpagesize_kB=4
7fe52e45f000 bind:1 file=/usr/lib/x86_64-linux-gnu/libaio.so.1.0.1 anon=1 dirty=1 N1=1 kernelpagesize_kB=4
7fe52e460000 bind:1 file=/usr/lib/x86_64-linux-gnu/libaio.so.1.0.1 anon=1 dirty=1 N1=1 kernelpagesize_kB=4
7fe52e465000 bind:1 file=/usr/lib/x86_64-linux-gnu/libdl-2.31.so anon=1 dirty=1 N1=1 kernelpagesize_kB=4
7fe52e466000 bind:1 file=/usr/lib/x86_64-linux-gnu/libdl-2.31.so anon=1 dirty=1 N1=1 kernelpagesize_kB=4
7fe52e467000 bind:1 anon=2 dirty=2 N1=2 kernelpagesize_kB=4
7fe52e469000 bind:1 file=/usr/lib/x86_64-linux-gnu/libmvec-2.31.so mapped=2 active=1 N1=2 kernelpagesize_kB=4
7fe52e46b000 bind:1 file=/usr/lib/x86_64-linux-gnu/libmvec-2.31.so mapped=12 active=0 N1=12 kernelpagesize_kB=4
7fe52e493000 bind:1 file=/usr/lib/x86_64-linux-gnu/libmvec-2.31.so anon=1 dirty=1 N1=1 kernelpagesize_kB=4
7fe52e494000 bind:1 file=/usr/lib/x86_64-linux-gnu/libmvec-2.31.so anon=1 dirty=1 N1=1 kernelpagesize_kB=4
7fe52e5e2000 bind:1 file=/usr/lib/x86_64-linux-gnu/libm-2.31.so anon=1 dirty=1 N1=1 kernelpagesize_kB=4
7fe52e5e3000 bind:1 file=/usr/lib/x86_64-linux-gnu/libm-2.31.so anon=1 dirty=1 N1=1 kernelpagesize_kB=4
7fe52e601000 bind:1 file=/usr/lib/x86_64-linux-gnu/libpthread-2.31.so anon=1 dirty=1 N1=1 kernelpagesize_kB=4
7fe52e602000 bind:1 file=/usr/lib/x86_64-linux-gnu/libpthread-2.31.so anon=1 dirty=1 N1=1 kernelpagesize_kB=4
7fe52e603000 bind:1 anon=1 dirty=1 N1=1 kernelpagesize_kB=4
7fe52e607000 bind:1 file=/usr/lib/x86_64-linux-gnu/libz.so.1.2.11 mapped=2 mapmax=8 N1=2 kernelpagesize_kB=4
7fe52e609000 bind:1 file=/usr/lib/x86_64-linux-gnu/libz.so.1.2.11 mapped=15 mapmax=8 N1=15 kernelpagesize_kB=4
7fe52e621000 bind:1 file=/usr/lib/x86_64-linux-gnu/libz.so.1.2.11 anon=1 dirty=1 N1=1 kernelpagesize_kB=4
7fe52e622000 bind:1 file=/usr/lib/x86_64-linux-gnu/libz.so.1.2.11 anon=1 dirty=1 N1=1 kernelpagesize_kB=4
7fe52e62c000 bind:1 file=/usr/lib/x86_64-linux-gnu/librt-2.31.so anon=1 dirty=1 N1=1 kernelpagesize_kB=4
7fe52e62d000 bind:1 file=/usr/lib/x86_64-linux-gnu/librt-2.31.so anon=1 dirty=1 N1=1 kernelpagesize_kB=4
7fe52e62e000 bind:1 file=/usr/lib/x86_64-linux-gnu/libnuma.so.1.0.0 mapped=3 mapmax=2 N1=3 kernelpagesize_kB=4
7fe52e631000 bind:1 file=/usr/lib/x86_64-linux-gnu/libnuma.so.1.0.0 mapped=5 mapmax=2 N1=5 kernelpagesize_kB=4
7fe52e636000 bind:1 file=/usr/lib/x86_64-linux-gnu/libnuma.so.1.0.0 mapped=2 mapmax=2 N1=2 kernelpagesize_kB=4
7fe52e639000 bind:1 file=/usr/lib/x86_64-linux-gnu/libnuma.so.1.0.0 anon=1 dirty=1 N1=1 kernelpagesize_kB=4
7fe52e63a000 bind:1 file=/usr/lib/x86_64-linux-gnu/libnuma.so.1.0.0 anon=1 dirty=1 N1=1 kernelpagesize_kB=4
7fe52e63b000 bind:1 anon=2 dirty=2 N1=2 kernelpagesize_kB=4
7fe52e644000 bind:1 file=/dev/zero\040(deleted) dirty=1 active=0 N1=1 kernelpagesize_kB=4
7fe52e645000 bind:1 file=/dev/zero\040(deleted) dirty=1 active=0 N1=1 kernelpagesize_kB=4
7fe52e646000 bind:1 file=/dev/zero\040(deleted) dirty=1 active=0 N1=1 kernelpagesize_kB=4
7fe52e673000 bind:1 file=/dev/zero\040(deleted) dirty=1 active=0 N1=1 kernelpagesize_kB=4
7fe52e674000 bind:1 file=/usr/lib/x86_64-linux-gnu/ld-2.31.so anon=1 dirty=1 N1=1 kernelpagesize_kB=4
7fe52e675000 bind:1 file=/usr/lib/x86_64-linux-gnu/ld-2.31.so anon=1 dirty=1 N1=1 kernelpagesize_kB=4
7fe52e676000 bind:1 anon=1 dirty=1 N1=1 kernelpagesize_kB=4
7fffe963f000 bind:1 stack anon=2 dirty=2 N1=2 kernelpagesize_kB=4
U.1.fio.2-1G.3.O
Begin
Node 0 MemTotal:       24768352 kB
Node 0 MemFree:        24482452 kB
Node 0 MemUsed:          285900 kB
Node 0 Active:            59040 kB
Node 0 Inactive:          59948 kB
Node 0 Active(anon):      14444 kB
Node 0 Inactive(anon):      512 kB
Node 0 Active(file):      44596 kB
Node 0 Inactive(file):    59436 kB
Node 0 Unevictable:       17476 kB
Node 0 Mlocked:           17476 kB
Node 0 Dirty:               500 kB
Node 0 Writeback:             0 kB
Node 0 FilePages:        111936 kB
Node 0 Mapped:            29752 kB
Node 0 AnonPages:         24664 kB
Node 0 Shmem:               724 kB
Node 0 KernelStack:        1976 kB
Node 0 PageTables:          612 kB
Node 0 NFS_Unstable:          0 kB
Node 0 Bounce:                0 kB
Node 0 WritebackTmp:          0 kB
Node 0 KReclaimable:      26708 kB
Node 0 Slab:              67996 kB
Node 0 SReclaimable:      26708 kB
Node 0 SUnreclaim:        41288 kB
Node 0 AnonHugePages:         0 kB
Node 0 ShmemHugePages:        0 kB
Node 0 ShmemPmdMapped:        0 kB
Node 0 FileHugePages:        0 kB
Node 0 FilePmdMapped:        0 kB
Node 0 HugePages_Total:     0
Node 0 HugePages_Free:      0
Node 0 HugePages_Surp:      0

Node 1 MemTotal:       24661580 kB
Node 1 MemFree:        24337084 kB
Node 1 MemUsed:          324496 kB
Node 1 Active:            34940 kB
Node 1 Inactive:          24700 kB
Node 1 Active(anon):      19216 kB
Node 1 Inactive(anon):      360 kB
Node 1 Active(file):      15724 kB
Node 1 Inactive(file):    24340 kB
Node 1 Unevictable:        1048 kB
Node 1 Mlocked:            1048 kB
Node 1 Dirty:                16 kB
Node 1 Writeback:             0 kB
Node 1 FilePages:         41656 kB
Node 1 Mapped:            11688 kB
Node 1 AnonPages:         19072 kB
Node 1 Shmem:               544 kB
Node 1 KernelStack:        1640 kB
Node 1 PageTables:          396 kB
Node 1 NFS_Unstable:          0 kB
Node 1 Bounce:                0 kB
Node 1 WritebackTmp:          0 kB
Node 1 KReclaimable:      15316 kB
Node 1 Slab:              39868 kB
Node 1 SReclaimable:      15316 kB
Node 1 SUnreclaim:        24552 kB
Node 1 AnonHugePages:         0 kB
Node 1 ShmemHugePages:        0 kB
Node 1 ShmemPmdMapped:        0 kB
Node 1 FileHugePages:        0 kB
Node 1 FilePmdMapped:        0 kB
Node 1 HugePages_Total:     0
Node 1 HugePages_Free:      0
Node 1 HugePages_Surp:      0

Load ZFS
Node 0 MemTotal:       24768352 kB
Node 0 MemFree:        24341176 kB
Node 0 MemUsed:          427176 kB
Node 0 Active:            62956 kB
Node 0 Inactive:          60168 kB
Node 0 Active(anon):      17488 kB
Node 0 Inactive(anon):      512 kB
Node 0 Active(file):      45468 kB
Node 0 Inactive(file):    59656 kB
Node 0 Unevictable:       17476 kB
Node 0 Mlocked:           17476 kB
Node 0 Dirty:               524 kB
Node 0 Writeback:             0 kB
Node 0 FilePages:        112992 kB
Node 0 Mapped:            29752 kB
Node 0 AnonPages:         27516 kB
Node 0 Shmem:               724 kB
Node 0 KernelStack:        2104 kB
Node 0 PageTables:          876 kB
Node 0 NFS_Unstable:          0 kB
Node 0 Bounce:                0 kB
Node 0 WritebackTmp:          0 kB
Node 0 KReclaimable:      27144 kB
Node 0 Slab:              70288 kB
Node 0 SReclaimable:      27144 kB
Node 0 SUnreclaim:        43144 kB
Node 0 AnonHugePages:         0 kB
Node 0 ShmemHugePages:        0 kB
Node 0 ShmemPmdMapped:        0 kB
Node 0 FileHugePages:        0 kB
Node 0 FilePmdMapped:        0 kB
Node 0 HugePages_Total:     0
Node 0 HugePages_Free:      0
Node 0 HugePages_Surp:      0

Node 1 MemTotal:       24661580 kB
Node 1 MemFree:        24469240 kB
Node 1 MemUsed:          192340 kB
Node 1 Active:            42864 kB
Node 1 Inactive:          20376 kB
Node 1 Active(anon):      21352 kB
Node 1 Inactive(anon):      360 kB
Node 1 Active(file):      21512 kB
Node 1 Inactive(file):    20016 kB
Node 1 Unevictable:        1048 kB
Node 1 Mlocked:            1048 kB
Node 1 Dirty:                16 kB
Node 1 Writeback:             0 kB
Node 1 FilePages:         43120 kB
Node 1 Mapped:            11848 kB
Node 1 AnonPages:         21344 kB
Node 1 Shmem:               544 kB
Node 1 KernelStack:        1640 kB
Node 1 PageTables:          504 kB
Node 1 NFS_Unstable:          0 kB
Node 1 Bounce:                0 kB
Node 1 WritebackTmp:          0 kB
Node 1 KReclaimable:      15796 kB
Node 1 Slab:              41412 kB
Node 1 SReclaimable:      15796 kB
Node 1 SUnreclaim:        25616 kB
Node 1 AnonHugePages:         0 kB
Node 1 ShmemHugePages:        0 kB
Node 1 ShmemPmdMapped:        0 kB
Node 1 FileHugePages:        0 kB
Node 1 FilePmdMapped:        0 kB
Node 1 HugePages_Total:     0
Node 1 HugePages_Free:      0
Node 1 HugePages_Surp:      0

Import tank ZPool
Node 0 MemTotal:       24768352 kB
Node 0 MemFree:        24336744 kB
Node 0 MemUsed:          431608 kB
Node 0 Active:            59800 kB
Node 0 Inactive:          61356 kB
Node 0 Active(anon):      13932 kB
Node 0 Inactive(anon):      516 kB
Node 0 Active(file):      45868 kB
Node 0 Inactive(file):    60840 kB
Node 0 Unevictable:       17476 kB
Node 0 Mlocked:           17476 kB
Node 0 Dirty:               344 kB
Node 0 Writeback:             0 kB
Node 0 FilePages:        114576 kB
Node 0 Mapped:            29992 kB
Node 0 AnonPages:         23548 kB
Node 0 Shmem:               724 kB
Node 0 KernelStack:        2008 kB
Node 0 PageTables:          756 kB
Node 0 NFS_Unstable:          0 kB
Node 0 Bounce:                0 kB
Node 0 WritebackTmp:          0 kB
Node 0 KReclaimable:      27260 kB
Node 0 Slab:              75048 kB
Node 0 SReclaimable:      27260 kB
Node 0 SUnreclaim:        47788 kB
Node 0 AnonHugePages:         0 kB
Node 0 ShmemHugePages:        0 kB
Node 0 ShmemPmdMapped:        0 kB
Node 0 FileHugePages:        0 kB
Node 0 FilePmdMapped:        0 kB
Node 0 HugePages_Total:     0
Node 0 HugePages_Free:      0
Node 0 HugePages_Surp:      0

Node 1 MemTotal:       24661580 kB
Node 1 MemFree:        24456964 kB
Node 1 MemUsed:          204616 kB
Node 1 Active:            41060 kB
Node 1 Inactive:          20344 kB
Node 1 Active(anon):      19500 kB
Node 1 Inactive(anon):      360 kB
Node 1 Active(file):      21560 kB
Node 1 Inactive(file):    19984 kB
Node 1 Unevictable:        1048 kB
Node 1 Mlocked:            1048 kB
Node 1 Dirty:                 8 kB
Node 1 Writeback:             0 kB
Node 1 FilePages:         43136 kB
Node 1 Mapped:            11768 kB
Node 1 AnonPages:         19388 kB
Node 1 Shmem:               544 kB
Node 1 KernelStack:        2712 kB
Node 1 PageTables:          396 kB
Node 1 NFS_Unstable:          0 kB
Node 1 Bounce:                0 kB
Node 1 WritebackTmp:          0 kB
Node 1 KReclaimable:      15844 kB
Node 1 Slab:              44020 kB
Node 1 SReclaimable:      15844 kB
Node 1 SUnreclaim:        28176 kB
Node 1 AnonHugePages:         0 kB
Node 1 ShmemHugePages:        0 kB
Node 1 ShmemPmdMapped:        0 kB
Node 1 FileHugePages:        0 kB
Node 1 FilePmdMapped:        0 kB
Node 1 HugePages_Total:     0
Node 1 HugePages_Free:      0
Node 1 HugePages_Surp:      0

After Test
Node 0 MemTotal:       24768352 kB
Node 0 MemFree:        23700440 kB
Node 0 MemUsed:         1067912 kB
Node 0 Active:            59652 kB
Node 0 Inactive:          61084 kB
Node 0 Active(anon):      13504 kB
Node 0 Inactive(anon):      516 kB
Node 0 Active(file):      46148 kB
Node 0 Inactive(file):    60568 kB
Node 0 Unevictable:       17476 kB
Node 0 Mlocked:           17476 kB
Node 0 Dirty:               120 kB
Node 0 Writeback:             0 kB
Node 0 FilePages:        114584 kB
Node 0 Mapped:            29744 kB
Node 0 AnonPages:         23624 kB
Node 0 Shmem:               724 kB
Node 0 KernelStack:        1992 kB
Node 0 PageTables:          604 kB
Node 0 NFS_Unstable:          0 kB
Node 0 Bounce:                0 kB
Node 0 WritebackTmp:          0 kB
Node 0 KReclaimable:      27324 kB
Node 0 Slab:              77344 kB
Node 0 SReclaimable:      27324 kB
Node 0 SUnreclaim:        50020 kB
Node 0 AnonHugePages:         0 kB
Node 0 ShmemHugePages:        0 kB
Node 0 ShmemPmdMapped:        0 kB
Node 0 FileHugePages:        0 kB
Node 0 FilePmdMapped:        0 kB
Node 0 HugePages_Total:     0
Node 0 HugePages_Free:      0
Node 0 HugePages_Surp:      0
Fio Node 0 pages
55671f864000 bind:0 file=/usr/local/bin/fio anon=2 dirty=2 mapped=17 active=4 N0=2 N1=15 kernelpagesize_kB=4
7f9f08894000 bind:0 anon=2 dirty=2 N0=2 kernelpagesize_kB=4
7f9f08896000 bind:0 file=/usr/lib/x86_64-linux-gnu/libc-2.31.so mapped=37 mapmax=25 N0=37 kernelpagesize_kB=4
7f9f08a7e000 bind:0 file=/usr/lib/x86_64-linux-gnu/libc-2.31.so anon=6 dirty=6 N0=6 kernelpagesize_kB=4
7f9f08a8b000 bind:0 file=/usr/lib/x86_64-linux-gnu/libaio.so.1.0.1 anon=2 dirty=2 N0=2 kernelpagesize_kB=4
7f9f08a8d000 bind:0 file=/usr/lib/x86_64-linux-gnu/libdl-2.31.so mapped=1 mapmax=20 N0=1 kernelpagesize_kB=4
7f9f08a91000 bind:0 file=/usr/lib/x86_64-linux-gnu/libdl-2.31.so anon=2 dirty=2 N0=2 kernelpagesize_kB=4
7f9f08a93000 bind:0 anon=2 dirty=2 N0=2 kernelpagesize_kB=4
7f9f08abf000 bind:0 file=/usr/lib/x86_64-linux-gnu/libmvec-2.31.so anon=2 dirty=2 N0=2 kernelpagesize_kB=4
7f9f08ac1000 bind:0 file=/usr/lib/x86_64-linux-gnu/libm-2.31.so mapped=15 mapmax=12 N0=15 kernelpagesize_kB=4
7f9f08c0e000 bind:0 file=/usr/lib/x86_64-linux-gnu/libm-2.31.so anon=2 dirty=2 N0=2 kernelpagesize_kB=4
7f9f08c10000 bind:0 file=/usr/lib/x86_64-linux-gnu/libpthread-2.31.so mapped=7 mapmax=22 N0=7 kernelpagesize_kB=4
7f9f08c2d000 bind:0 file=/usr/lib/x86_64-linux-gnu/libpthread-2.31.so anon=2 dirty=2 N0=2 kernelpagesize_kB=4
7f9f08c4d000 bind:0 file=/usr/lib/x86_64-linux-gnu/libz.so.1.2.11 anon=2 dirty=2 N0=2 kernelpagesize_kB=4
7f9f08c4f000 bind:0 file=/usr/lib/x86_64-linux-gnu/librt-2.31.so mapped=3 mapmax=17 N0=3 kernelpagesize_kB=4
7f9f08c58000 bind:0 file=/usr/lib/x86_64-linux-gnu/librt-2.31.so anon=2 dirty=2 N0=2 kernelpagesize_kB=4
7f9f08c65000 bind:0 file=/usr/lib/x86_64-linux-gnu/libnuma.so.1.0.0 anon=2 dirty=2 N0=2 kernelpagesize_kB=4
7f9f08c67000 bind:0 anon=2 dirty=2 N0=2 kernelpagesize_kB=4
7f9f08c69000 bind:0 file=/etc/ld.so.cache mapped=10 N0=10 kernelpagesize_kB=4
7f9f08c73000 bind:0 file=/usr/lib/x86_64-linux-gnu/ld-2.31.so mapped=1 mapmax=25 N0=1 kernelpagesize_kB=4
7f9f08c74000 bind:0 file=/usr/lib/x86_64-linux-gnu/ld-2.31.so mapped=35 mapmax=25 N0=35 kernelpagesize_kB=4
7f9f08c97000 bind:0 file=/usr/lib/x86_64-linux-gnu/ld-2.31.so mapped=8 mapmax=25 N0=8 kernelpagesize_kB=4
7f9f08ca0000 bind:0 file=/usr/lib/x86_64-linux-gnu/ld-2.31.so anon=2 dirty=2 N0=2 kernelpagesize_kB=4
7f9f08ca2000 bind:0 anon=1 dirty=1 N0=1 kernelpagesize_kB=4
7ffdab1a3000 bind:0 stack anon=2 dirty=2 N0=2 kernelpagesize_kB=4
Fio Node 1 pages
55671f7a0000 bind:0 file=/usr/local/bin/fio mapped=24 N1=24 kernelpagesize_kB=4
55671f7b8000 bind:0 file=/usr/local/bin/fio mapped=99 N1=99 kernelpagesize_kB=4
55671f83d000 bind:0 file=/usr/local/bin/fio mapped=35 active=29 N1=35 kernelpagesize_kB=4
55671f866000 bind:0 file=/usr/local/bin/fio anon=112 dirty=112 mapped=116 active=114 N0=112 N1=4 kernelpagesize_kB=4
7f9f08a88000 bind:0 file=/usr/lib/x86_64-linux-gnu/libaio.so.1.0.1 mapped=1 mapmax=2 N1=1 kernelpagesize_kB=4
7f9f08a89000 bind:0 file=/usr/lib/x86_64-linux-gnu/libaio.so.1.0.1 mapped=1 mapmax=2 N1=1 kernelpagesize_kB=4
7f9f08a95000 bind:0 file=/usr/lib/x86_64-linux-gnu/libmvec-2.31.so mapped=2 N1=2 kernelpagesize_kB=4
7f9f08a97000 bind:0 file=/usr/lib/x86_64-linux-gnu/libmvec-2.31.so mapped=12 active=4 N1=12 kernelpagesize_kB=4
7f9f08c33000 bind:0 file=/usr/lib/x86_64-linux-gnu/libz.so.1.2.11 mapped=2 mapmax=8 N1=2 kernelpagesize_kB=4
7f9f08c35000 bind:0 file=/usr/lib/x86_64-linux-gnu/libz.so.1.2.11 mapped=15 mapmax=8 N1=15 kernelpagesize_kB=4
7f9f08c5a000 bind:0 file=/usr/lib/x86_64-linux-gnu/libnuma.so.1.0.0 mapped=3 mapmax=2 N1=3 kernelpagesize_kB=4
7f9f08c5d000 bind:0 file=/usr/lib/x86_64-linux-gnu/libnuma.so.1.0.0 mapped=5 mapmax=2 N1=5 kernelpagesize_kB=4
7f9f08c62000 bind:0 file=/usr/lib/x86_64-linux-gnu/libnuma.so.1.0.0 mapped=2 mapmax=2 N1=2 kernelpagesize_kB=4
Fio Node 0 pages
5587df160000 bind:0 file=/usr/local/bin/fio anon=2 dirty=2 mapped=17 active=4 N0=2 N1=15 kernelpagesize_kB=4
7efd00f44000 bind:0 file=/usr/lib/x86_64-linux-gnu/libc-2.31.so mapped=37 mapmax=25 N0=37 kernelpagesize_kB=4
7efd0112c000 bind:0 file=/usr/lib/x86_64-linux-gnu/libc-2.31.so anon=2 dirty=2 mapped=6 active=2 N0=6 kernelpagesize_kB=4
7efd01139000 bind:0 file=/usr/lib/x86_64-linux-gnu/libaio.so.1.0.1 anon=2 dirty=2 N0=2 kernelpagesize_kB=4
7efd0113b000 bind:0 file=/usr/lib/x86_64-linux-gnu/libdl-2.31.so mapped=1 mapmax=20 N0=1 kernelpagesize_kB=4
7efd0113f000 bind:0 file=/usr/lib/x86_64-linux-gnu/libdl-2.31.so anon=2 dirty=2 N0=2 kernelpagesize_kB=4
7efd01141000 bind:0 anon=2 dirty=2 N0=2 kernelpagesize_kB=4
7efd0116d000 bind:0 file=/usr/lib/x86_64-linux-gnu/libmvec-2.31.so anon=2 dirty=2 N0=2 kernelpagesize_kB=4
7efd0116f000 bind:0 file=/usr/lib/x86_64-linux-gnu/libm-2.31.so mapped=14 mapmax=12 N0=14 kernelpagesize_kB=4
7efd012bc000 bind:0 file=/usr/lib/x86_64-linux-gnu/libm-2.31.so anon=2 dirty=2 N0=2 kernelpagesize_kB=4
7efd012be000 bind:0 file=/usr/lib/x86_64-linux-gnu/libpthread-2.31.so mapped=7 mapmax=22 N0=7 kernelpagesize_kB=4
7efd012db000 bind:0 file=/usr/lib/x86_64-linux-gnu/libpthread-2.31.so anon=2 dirty=2 N0=2 kernelpagesize_kB=4
7efd012fb000 bind:0 file=/usr/lib/x86_64-linux-gnu/libz.so.1.2.11 anon=2 dirty=2 N0=2 kernelpagesize_kB=4
7efd012fd000 bind:0 file=/usr/lib/x86_64-linux-gnu/librt-2.31.so mapped=3 mapmax=17 N0=3 kernelpagesize_kB=4
7efd01306000 bind:0 file=/usr/lib/x86_64-linux-gnu/librt-2.31.so anon=2 dirty=2 N0=2 kernelpagesize_kB=4
7efd01313000 bind:0 file=/usr/lib/x86_64-linux-gnu/libnuma.so.1.0.0 anon=2 dirty=2 N0=2 kernelpagesize_kB=4
7efd01315000 bind:0 anon=2 dirty=2 N0=2 kernelpagesize_kB=4
7efd01317000 bind:0 file=/etc/ld.so.cache mapped=10 N0=10 kernelpagesize_kB=4
7efd01321000 bind:0 file=/usr/lib/x86_64-linux-gnu/ld-2.31.so mapped=1 mapmax=25 N0=1 kernelpagesize_kB=4
7efd01322000 bind:0 file=/usr/lib/x86_64-linux-gnu/ld-2.31.so mapped=35 mapmax=25 N0=35 kernelpagesize_kB=4
7efd01345000 bind:0 file=/usr/lib/x86_64-linux-gnu/ld-2.31.so mapped=8 mapmax=25 N0=8 kernelpagesize_kB=4
7efd0134e000 bind:0 file=/usr/lib/x86_64-linux-gnu/ld-2.31.so anon=2 dirty=2 N0=2 kernelpagesize_kB=4
7efd01350000 bind:0 anon=1 dirty=1 N0=1 kernelpagesize_kB=4
7ffd22a22000 bind:0 stack anon=4 dirty=4 N0=4 kernelpagesize_kB=4
Fio Node 1 pages
5587df09c000 bind:0 file=/usr/local/bin/fio mapped=24 N1=24 kernelpagesize_kB=4
5587df0b4000 bind:0 file=/usr/local/bin/fio mapped=84 N1=84 kernelpagesize_kB=4
5587df139000 bind:0 file=/usr/local/bin/fio mapped=23 N1=23 kernelpagesize_kB=4
5587df162000 bind:0 file=/usr/local/bin/fio anon=112 dirty=112 mapped=116 active=114 N0=112 N1=4 kernelpagesize_kB=4
7efd01136000 bind:0 file=/usr/lib/x86_64-linux-gnu/libaio.so.1.0.1 mapped=1 mapmax=2 N1=1 kernelpagesize_kB=4
7efd01137000 bind:0 file=/usr/lib/x86_64-linux-gnu/libaio.so.1.0.1 mapped=1 mapmax=2 N1=1 kernelpagesize_kB=4
7efd01143000 bind:0 file=/usr/lib/x86_64-linux-gnu/libmvec-2.31.so mapped=2 N1=2 kernelpagesize_kB=4
7efd01145000 bind:0 file=/usr/lib/x86_64-linux-gnu/libmvec-2.31.so mapped=12 N1=12 kernelpagesize_kB=4
7efd012e1000 bind:0 file=/usr/lib/x86_64-linux-gnu/libz.so.1.2.11 mapped=2 mapmax=8 N1=2 kernelpagesize_kB=4
7efd012e3000 bind:0 file=/usr/lib/x86_64-linux-gnu/libz.so.1.2.11 mapped=15 mapmax=8 N1=15 kernelpagesize_kB=4
7efd01308000 bind:0 file=/usr/lib/x86_64-linux-gnu/libnuma.so.1.0.0 mapped=3 mapmax=2 N1=3 kernelpagesize_kB=4
7efd0130b000 bind:0 file=/usr/lib/x86_64-linux-gnu/libnuma.so.1.0.0 mapped=5 mapmax=2 N1=5 kernelpagesize_kB=4
7efd01310000 bind:0 file=/usr/lib/x86_64-linux-gnu/libnuma.so.1.0.0 mapped=2 mapmax=2 N1=2 kernelpagesize_kB=4

Node 1 MemTotal:       24661580 kB
Node 1 MemFree:        23212036 kB
Node 1 MemUsed:         1449544 kB
Node 1 Active:            41872 kB
Node 1 Inactive:          21528 kB
Node 1 Active(anon):      19360 kB
Node 1 Inactive(anon):      384 kB
Node 1 Active(file):      22512 kB
Node 1 Inactive(file):    21144 kB
Node 1 Unevictable:        1048 kB
Node 1 Mlocked:            1048 kB
Node 1 Dirty:                16 kB
Node 1 Writeback:             0 kB
Node 1 FilePages:         45292 kB
Node 1 Mapped:            11948 kB
Node 1 AnonPages:         19076 kB
Node 1 Shmem:               588 kB
Node 1 KernelStack:        2744 kB
Node 1 PageTables:          516 kB
Node 1 NFS_Unstable:          0 kB
Node 1 Bounce:                0 kB
Node 1 WritebackTmp:          0 kB
Node 1 KReclaimable:      17176 kB
Node 1 Slab:              53476 kB
Node 1 SReclaimable:      17176 kB
Node 1 SUnreclaim:        36300 kB
Node 1 AnonHugePages:         0 kB
Node 1 ShmemHugePages:        0 kB
Node 1 ShmemPmdMapped:        0 kB
Node 1 FileHugePages:        0 kB
Node 1 FilePmdMapped:        0 kB
Node 1 HugePages_Total:     0
Node 1 HugePages_Free:      0
Node 1 HugePages_Surp:      0

After Opposite Node
Node 0 MemTotal:       24768352 kB
Node 0 MemFree:        23695988 kB
Node 0 MemUsed:         1072364 kB
Node 0 Active:            59552 kB
Node 0 Inactive:          61128 kB
Node 0 Active(anon):      13400 kB
Node 0 Inactive(anon):      544 kB
Node 0 Active(file):      46152 kB
Node 0 Inactive(file):    60584 kB
Node 0 Unevictable:       17476 kB
Node 0 Mlocked:           17476 kB
Node 0 Dirty:               136 kB
Node 0 Writeback:             0 kB
Node 0 FilePages:        114648 kB
Node 0 Mapped:            29788 kB
Node 0 AnonPages:         23472 kB
Node 0 Shmem:               768 kB
Node 0 KernelStack:        2024 kB
Node 0 PageTables:          776 kB
Node 0 NFS_Unstable:          0 kB
Node 0 Bounce:                0 kB
Node 0 WritebackTmp:          0 kB
Node 0 KReclaimable:      27356 kB
Node 0 Slab:              77968 kB
Node 0 SReclaimable:      27356 kB
Node 0 SUnreclaim:        50612 kB
Node 0 AnonHugePages:         0 kB
Node 0 ShmemHugePages:        0 kB
Node 0 ShmemPmdMapped:        0 kB
Node 0 FileHugePages:        0 kB
Node 0 FilePmdMapped:        0 kB
Node 0 HugePages_Total:     0
Node 0 HugePages_Free:      0
Node 0 HugePages_Surp:      0

Node 1 MemTotal:       24661580 kB
Node 1 MemFree:        23213876 kB
Node 1 MemUsed:         1447704 kB
Node 1 Active:            42208 kB
Node 1 Inactive:          21328 kB
Node 1 Active(anon):      19504 kB
Node 1 Inactive(anon):      360 kB
Node 1 Active(file):      22704 kB
Node 1 Inactive(file):    20968 kB
Node 1 Unevictable:        1048 kB
Node 1 Mlocked:            1048 kB
Node 1 Dirty:                32 kB
Node 1 Writeback:             0 kB
Node 1 FilePages:         45264 kB
Node 1 Mapped:            11880 kB
Node 1 AnonPages:         19320 kB
Node 1 Shmem:               544 kB
Node 1 KernelStack:        2728 kB
Node 1 PageTables:          396 kB
Node 1 NFS_Unstable:          0 kB
Node 1 Bounce:                0 kB
Node 1 WritebackTmp:          0 kB
Node 1 KReclaimable:      17176 kB
Node 1 Slab:              53196 kB
Node 1 SReclaimable:      17176 kB
Node 1 SUnreclaim:        36020 kB
Node 1 AnonHugePages:         0 kB
Node 1 ShmemHugePages:        0 kB
Node 1 ShmemPmdMapped:        0 kB
Node 1 FileHugePages:        0 kB
Node 1 FilePmdMapped:        0 kB
Node 1 HugePages_Total:     0
Node 1 HugePages_Free:      0
Node 1 HugePages_Surp:      0

U.1.fio.2-1G.3.O Complete!
