Fio Node 0 pages
55ae5d8a7000 bind:1 file=/usr/bin/dash mapped=19 mapmax=3 N0=19 kernelpagesize_kB=4
55ae5d8ba000 bind:1 file=/usr/bin/dash mapped=6 mapmax=3 N0=6 kernelpagesize_kB=4
7f433c8ee000 bind:1 file=/usr/lib/x86_64-linux-gnu/libc-2.31.so mapped=128 mapmax=26 N0=128 kernelpagesize_kB=4
7f433ca66000 bind:1 file=/usr/lib/x86_64-linux-gnu/libc-2.31.so mapped=26 mapmax=25 N0=26 kernelpagesize_kB=4
Fio Node 1 pages
55ae5d8c0000 bind:1 file=/usr/bin/dash anon=2 dirty=2 mapmax=2 N1=2 kernelpagesize_kB=4
55ae5d8c2000 bind:1 file=/usr/bin/dash anon=1 dirty=1 N1=1 kernelpagesize_kB=4
55ae5d8c3000 bind:1 anon=1 dirty=1 N1=1 kernelpagesize_kB=4
55ae5effb000 bind:1 heap anon=2 dirty=2 mapmax=2 N1=2 kernelpagesize_kB=4
7f433cab1000 bind:1 file=/usr/lib/x86_64-linux-gnu/libc-2.31.so anon=3 dirty=3 mapmax=2 N1=3 kernelpagesize_kB=4
7f433cab4000 bind:1 file=/usr/lib/x86_64-linux-gnu/libc-2.31.so anon=3 dirty=3 mapmax=2 N1=3 kernelpagesize_kB=4
7f433cab7000 bind:1 anon=6 dirty=6 mapmax=2 N1=6 kernelpagesize_kB=4
7f433caf4000 bind:1 file=/usr/lib/x86_64-linux-gnu/ld-2.31.so anon=1 dirty=1 mapmax=2 N1=1 kernelpagesize_kB=4
7f433caf5000 bind:1 file=/usr/lib/x86_64-linux-gnu/ld-2.31.so anon=1 dirty=1 N1=1 kernelpagesize_kB=4
7f433caf6000 bind:1 anon=1 dirty=1 mapmax=2 N1=1 kernelpagesize_kB=4
7ffdcabe1000 bind:1 stack anon=4 dirty=4 mapmax=2 N1=4 kernelpagesize_kB=4
Fio Node 0 pages
7ffacb452000 bind:1 file=/usr/lib/x86_64-linux-gnu/libaio.so.1.0.1 mapped=1 mapmax=2 N0=1 kernelpagesize_kB=4
7ffacb457000 bind:1 file=/usr/lib/x86_64-linux-gnu/libdl-2.31.so mapped=1 mapmax=20 N0=1 kernelpagesize_kB=4
7ffacb48b000 bind:1 file=/usr/lib/x86_64-linux-gnu/libm-2.31.so mapped=15 mapmax=12 N0=15 kernelpagesize_kB=4
7ffacb5da000 bind:1 file=/usr/lib/x86_64-linux-gnu/libpthread-2.31.so mapped=7 mapmax=22 N0=7 kernelpagesize_kB=4
7ffacb5fd000 bind:1 file=/usr/lib/x86_64-linux-gnu/libz.so.1.2.11 mapped=2 mapmax=8 N0=2 kernelpagesize_kB=4
7ffacb619000 bind:1 file=/usr/lib/x86_64-linux-gnu/librt-2.31.so mapped=3 mapmax=17 N0=3 kernelpagesize_kB=4
7ffacb624000 bind:1 file=/usr/lib/x86_64-linux-gnu/libnuma.so.1.0.0 mapped=3 mapmax=2 N0=3 kernelpagesize_kB=4
7ffacb633000 bind:1 file=/etc/ld.so.cache mapped=10 N0=10 kernelpagesize_kB=4
7ffacb63d000 bind:1 file=/usr/lib/x86_64-linux-gnu/ld-2.31.so mapped=1 mapmax=25 N0=1 kernelpagesize_kB=4
7ffacb63e000 bind:1 file=/usr/lib/x86_64-linux-gnu/ld-2.31.so mapped=35 mapmax=25 N0=35 kernelpagesize_kB=4
7ffacb661000 bind:1 file=/usr/lib/x86_64-linux-gnu/ld-2.31.so mapped=8 mapmax=25 N0=8 kernelpagesize_kB=4
Fio Node 1 pages
563adf373000 bind:1 file=/usr/local/bin/fio mapped=24 active=1 N1=24 kernelpagesize_kB=4
563adf38b000 bind:1 file=/usr/local/bin/fio mapped=83 active=77 N1=83 kernelpagesize_kB=4
563adf410000 bind:1 file=/usr/local/bin/fio mapped=32 active=26 N1=32 kernelpagesize_kB=4
563adf437000 bind:1 file=/usr/local/bin/fio anon=2 dirty=2 N1=2 kernelpagesize_kB=4
563adf439000 bind:1 file=/usr/local/bin/fio anon=112 dirty=112 mapped=116 active=112 N1=116 kernelpagesize_kB=4
563adf515000 bind:1 anon=2 dirty=2 N1=2 kernelpagesize_kB=4
563ae0908000 bind:1 heap anon=4 dirty=4 N1=4 kernelpagesize_kB=4
7ffaca24d000 bind:1 file=/dev/zero\040(deleted) dirty=15 active=0 N1=15 kernelpagesize_kB=4
7ffacb25e000 bind:1 anon=2 dirty=2 N1=2 kernelpagesize_kB=4
7ffacb448000 bind:1 file=/usr/lib/x86_64-linux-gnu/libc-2.31.so anon=3 dirty=3 N1=3 kernelpagesize_kB=4
7ffacb44b000 bind:1 file=/usr/lib/x86_64-linux-gnu/libc-2.31.so anon=3 dirty=3 N1=3 kernelpagesize_kB=4
7ffacb44e000 bind:1 anon=4 dirty=4 N1=4 kernelpagesize_kB=4
7ffacb455000 bind:1 file=/usr/lib/x86_64-linux-gnu/libaio.so.1.0.1 anon=1 dirty=1 N1=1 kernelpagesize_kB=4
7ffacb456000 bind:1 file=/usr/lib/x86_64-linux-gnu/libaio.so.1.0.1 anon=1 dirty=1 N1=1 kernelpagesize_kB=4
7ffacb45b000 bind:1 file=/usr/lib/x86_64-linux-gnu/libdl-2.31.so anon=1 dirty=1 N1=1 kernelpagesize_kB=4
7ffacb45c000 bind:1 file=/usr/lib/x86_64-linux-gnu/libdl-2.31.so anon=1 dirty=1 N1=1 kernelpagesize_kB=4
7ffacb45d000 bind:1 anon=2 dirty=2 N1=2 kernelpagesize_kB=4
7ffacb45f000 bind:1 file=/usr/lib/x86_64-linux-gnu/libmvec-2.31.so mapped=2 active=1 N1=2 kernelpagesize_kB=4
7ffacb461000 bind:1 file=/usr/lib/x86_64-linux-gnu/libmvec-2.31.so mapped=12 active=0 N1=12 kernelpagesize_kB=4
7ffacb489000 bind:1 file=/usr/lib/x86_64-linux-gnu/libmvec-2.31.so anon=1 dirty=1 N1=1 kernelpagesize_kB=4
7ffacb48a000 bind:1 file=/usr/lib/x86_64-linux-gnu/libmvec-2.31.so anon=1 dirty=1 N1=1 kernelpagesize_kB=4
7ffacb5d8000 bind:1 file=/usr/lib/x86_64-linux-gnu/libm-2.31.so anon=1 dirty=1 N1=1 kernelpagesize_kB=4
7ffacb5d9000 bind:1 file=/usr/lib/x86_64-linux-gnu/libm-2.31.so anon=1 dirty=1 N1=1 kernelpagesize_kB=4
7ffacb5f7000 bind:1 file=/usr/lib/x86_64-linux-gnu/libpthread-2.31.so anon=1 dirty=1 N1=1 kernelpagesize_kB=4
7ffacb5f8000 bind:1 file=/usr/lib/x86_64-linux-gnu/libpthread-2.31.so anon=1 dirty=1 N1=1 kernelpagesize_kB=4
7ffacb5f9000 bind:1 anon=1 dirty=1 N1=1 kernelpagesize_kB=4
7ffacb617000 bind:1 file=/usr/lib/x86_64-linux-gnu/libz.so.1.2.11 anon=1 dirty=1 N1=1 kernelpagesize_kB=4
7ffacb618000 bind:1 file=/usr/lib/x86_64-linux-gnu/libz.so.1.2.11 anon=1 dirty=1 N1=1 kernelpagesize_kB=4
7ffacb622000 bind:1 file=/usr/lib/x86_64-linux-gnu/librt-2.31.so anon=1 dirty=1 N1=1 kernelpagesize_kB=4
7ffacb623000 bind:1 file=/usr/lib/x86_64-linux-gnu/librt-2.31.so anon=1 dirty=1 N1=1 kernelpagesize_kB=4
7ffacb62f000 bind:1 file=/usr/lib/x86_64-linux-gnu/libnuma.so.1.0.0 anon=1 dirty=1 N1=1 kernelpagesize_kB=4
7ffacb630000 bind:1 file=/usr/lib/x86_64-linux-gnu/libnuma.so.1.0.0 anon=1 dirty=1 N1=1 kernelpagesize_kB=4
7ffacb631000 bind:1 anon=2 dirty=2 N1=2 kernelpagesize_kB=4
7ffacb63a000 bind:1 file=/dev/zero\040(deleted) dirty=1 active=0 N1=1 kernelpagesize_kB=4
7ffacb63b000 bind:1 file=/dev/zero\040(deleted) dirty=1 active=0 N1=1 kernelpagesize_kB=4
7ffacb63c000 bind:1 file=/dev/zero\040(deleted) dirty=1 active=0 N1=1 kernelpagesize_kB=4
7ffacb669000 bind:1 file=/dev/zero\040(deleted) dirty=1 active=0 N1=1 kernelpagesize_kB=4
7ffacb66a000 bind:1 file=/usr/lib/x86_64-linux-gnu/ld-2.31.so anon=1 dirty=1 N1=1 kernelpagesize_kB=4
7ffacb66b000 bind:1 file=/usr/lib/x86_64-linux-gnu/ld-2.31.so anon=1 dirty=1 N1=1 kernelpagesize_kB=4
7ffacb66c000 bind:1 anon=1 dirty=1 N1=1 kernelpagesize_kB=4
7ffc07585000 bind:1 stack anon=3 dirty=3 N1=3 kernelpagesize_kB=4
U.1.fio.250M.1.O
Begin
Node 0 MemTotal:       24768352 kB
Node 0 MemFree:        24493124 kB
Node 0 MemUsed:          275228 kB
Node 0 Active:            37524 kB
Node 0 Inactive:          93468 kB
Node 0 Active(anon):      12036 kB
Node 0 Inactive(anon):      368 kB
Node 0 Active(file):      25488 kB
Node 0 Inactive(file):    93100 kB
Node 0 Unevictable:        5540 kB
Node 0 Mlocked:            5540 kB
Node 0 Dirty:               156 kB
Node 0 Writeback:             0 kB
Node 0 FilePages:        124688 kB
Node 0 Mapped:            50872 kB
Node 0 AnonPages:         11936 kB
Node 0 Shmem:               536 kB
Node 0 KernelStack:        2248 kB
Node 0 PageTables:          560 kB
Node 0 NFS_Unstable:          0 kB
Node 0 Bounce:                0 kB
Node 0 WritebackTmp:          0 kB
Node 0 KReclaimable:      17924 kB
Node 0 Slab:              51668 kB
Node 0 SReclaimable:      17924 kB
Node 0 SUnreclaim:        33744 kB
Node 0 AnonHugePages:         0 kB
Node 0 ShmemHugePages:        0 kB
Node 0 ShmemPmdMapped:        0 kB
Node 0 FileHugePages:        0 kB
Node 0 FilePmdMapped:        0 kB
Node 0 HugePages_Total:     0
Node 0 HugePages_Free:      0
Node 0 HugePages_Surp:      0

Node 1 MemTotal:       24661580 kB
Node 1 MemFree:        24297224 kB
Node 1 MemUsed:          364356 kB
Node 1 Active:            57552 kB
Node 1 Inactive:          23600 kB
Node 1 Active(anon):      21744 kB
Node 1 Inactive(anon):      512 kB
Node 1 Active(file):      35808 kB
Node 1 Inactive(file):    23088 kB
Node 1 Unevictable:       12980 kB
Node 1 Mlocked:           12980 kB
Node 1 Dirty:                28 kB
Node 1 Writeback:             0 kB
Node 1 FilePages:         62284 kB
Node 1 Mapped:            16368 kB
Node 1 AnonPages:         31884 kB
Node 1 Shmem:               732 kB
Node 1 KernelStack:        1368 kB
Node 1 PageTables:          640 kB
Node 1 NFS_Unstable:          0 kB
Node 1 Bounce:                0 kB
Node 1 WritebackTmp:          0 kB
Node 1 KReclaimable:      23360 kB
Node 1 Slab:              52912 kB
Node 1 SReclaimable:      23360 kB
Node 1 SUnreclaim:        29552 kB
Node 1 AnonHugePages:         0 kB
Node 1 ShmemHugePages:        0 kB
Node 1 ShmemPmdMapped:        0 kB
Node 1 FileHugePages:        0 kB
Node 1 FilePmdMapped:        0 kB
Node 1 HugePages_Total:     0
Node 1 HugePages_Free:      0
Node 1 HugePages_Surp:      0

Load ZFS
Node 0 MemTotal:       24768352 kB
Node 0 MemFree:        24484812 kB
Node 0 MemUsed:          283540 kB
Node 0 Active:            42780 kB
Node 0 Inactive:          93976 kB
Node 0 Active(anon):      16024 kB
Node 0 Inactive(anon):      372 kB
Node 0 Active(file):      26756 kB
Node 0 Inactive(file):    93604 kB
Node 0 Unevictable:        5540 kB
Node 0 Mlocked:            5540 kB
Node 0 Dirty:               188 kB
Node 0 Writeback:             0 kB
Node 0 FilePages:        126432 kB
Node 0 Mapped:            50884 kB
Node 0 AnonPages:         15800 kB
Node 0 Shmem:               536 kB
Node 0 KernelStack:        2136 kB
Node 0 PageTables:          788 kB
Node 0 NFS_Unstable:          0 kB
Node 0 Bounce:                0 kB
Node 0 WritebackTmp:          0 kB
Node 0 KReclaimable:      18380 kB
Node 0 Slab:              53668 kB
Node 0 SReclaimable:      18380 kB
Node 0 SUnreclaim:        35288 kB
Node 0 AnonHugePages:         0 kB
Node 0 ShmemHugePages:        0 kB
Node 0 ShmemPmdMapped:        0 kB
Node 0 FileHugePages:        0 kB
Node 0 FilePmdMapped:        0 kB
Node 0 HugePages_Total:     0
Node 0 HugePages_Free:      0
Node 0 HugePages_Surp:      0

Node 1 MemTotal:       24661580 kB
Node 1 MemFree:        24294920 kB
Node 1 MemUsed:          366660 kB
Node 1 Active:            64840 kB
Node 1 Inactive:          19036 kB
Node 1 Active(anon):      23652 kB
Node 1 Inactive(anon):      512 kB
Node 1 Active(file):      41188 kB
Node 1 Inactive(file):    18524 kB
Node 1 Unevictable:       12980 kB
Node 1 Mlocked:           12980 kB
Node 1 Dirty:                32 kB
Node 1 Writeback:             0 kB
Node 1 FilePages:         63100 kB
Node 1 Mapped:            16500 kB
Node 1 AnonPages:         33860 kB
Node 1 Shmem:               732 kB
Node 1 KernelStack:        1592 kB
Node 1 PageTables:          756 kB
Node 1 NFS_Unstable:          0 kB
Node 1 Bounce:                0 kB
Node 1 WritebackTmp:          0 kB
Node 1 KReclaimable:      23792 kB
Node 1 Slab:              54688 kB
Node 1 SReclaimable:      23792 kB
Node 1 SUnreclaim:        30896 kB
Node 1 AnonHugePages:         0 kB
Node 1 ShmemHugePages:        0 kB
Node 1 ShmemPmdMapped:        0 kB
Node 1 FileHugePages:        0 kB
Node 1 FilePmdMapped:        0 kB
Node 1 HugePages_Total:     0
Node 1 HugePages_Free:      0
Node 1 HugePages_Surp:      0

Import tank ZPool
Node 0 MemTotal:       24768352 kB
Node 0 MemFree:        24480824 kB
Node 0 MemUsed:          287528 kB
Node 0 Active:            39208 kB
Node 0 Inactive:          95172 kB
Node 0 Active(anon):      12076 kB
Node 0 Inactive(anon):      376 kB
Node 0 Active(file):      27132 kB
Node 0 Inactive(file):    94796 kB
Node 0 Unevictable:        5540 kB
Node 0 Mlocked:            5540 kB
Node 0 Dirty:               224 kB
Node 0 Writeback:             0 kB
Node 0 FilePages:        128004 kB
Node 0 Mapped:            51108 kB
Node 0 AnonPages:         11992 kB
Node 0 Shmem:               536 kB
Node 0 KernelStack:        2104 kB
Node 0 PageTables:          620 kB
Node 0 NFS_Unstable:          0 kB
Node 0 Bounce:                0 kB
Node 0 WritebackTmp:          0 kB
Node 0 KReclaimable:      18476 kB
Node 0 Slab:              58740 kB
Node 0 SReclaimable:      18476 kB
Node 0 SUnreclaim:        40264 kB
Node 0 AnonHugePages:         0 kB
Node 0 ShmemHugePages:        0 kB
Node 0 ShmemPmdMapped:        0 kB
Node 0 FileHugePages:        0 kB
Node 0 FilePmdMapped:        0 kB
Node 0 HugePages_Total:     0
Node 0 HugePages_Free:      0
Node 0 HugePages_Surp:      0

Node 1 MemTotal:       24661580 kB
Node 1 MemFree:        24281920 kB
Node 1 MemUsed:          379660 kB
Node 1 Active:            62472 kB
Node 1 Inactive:          19008 kB
Node 1 Active(anon):      21252 kB
Node 1 Inactive(anon):      512 kB
Node 1 Active(file):      41220 kB
Node 1 Inactive(file):    18496 kB
Node 1 Unevictable:       12980 kB
Node 1 Mlocked:           12980 kB
Node 1 Dirty:                36 kB
Node 1 Writeback:             0 kB
Node 1 FilePages:         63104 kB
Node 1 Mapped:            16400 kB
Node 1 AnonPages:         31356 kB
Node 1 Shmem:               732 kB
Node 1 KernelStack:        2600 kB
Node 1 PageTables:          612 kB
Node 1 NFS_Unstable:          0 kB
Node 1 Bounce:                0 kB
Node 1 WritebackTmp:          0 kB
Node 1 KReclaimable:      23792 kB
Node 1 Slab:              57316 kB
Node 1 SReclaimable:      23792 kB
Node 1 SUnreclaim:        33524 kB
Node 1 AnonHugePages:         0 kB
Node 1 ShmemHugePages:        0 kB
Node 1 ShmemPmdMapped:        0 kB
Node 1 FileHugePages:        0 kB
Node 1 FilePmdMapped:        0 kB
Node 1 HugePages_Total:     0
Node 1 HugePages_Free:      0
Node 1 HugePages_Surp:      0

After Test
Node 0 MemTotal:       24768352 kB
Node 0 MemFree:        24409644 kB
Node 0 MemUsed:          358708 kB
Node 0 Active:            39028 kB
Node 0 Inactive:          94860 kB
Node 0 Active(anon):      11580 kB
Node 0 Inactive(anon):      376 kB
Node 0 Active(file):      27448 kB
Node 0 Inactive(file):    94484 kB
Node 0 Unevictable:        5540 kB
Node 0 Mlocked:            5540 kB
Node 0 Dirty:               224 kB
Node 0 Writeback:             0 kB
Node 0 FilePages:        128004 kB
Node 0 Mapped:            50884 kB
Node 0 AnonPages:         11276 kB
Node 0 Shmem:               536 kB
Node 0 KernelStack:        2104 kB
Node 0 PageTables:          544 kB
Node 0 NFS_Unstable:          0 kB
Node 0 Bounce:                0 kB
Node 0 WritebackTmp:          0 kB
Node 0 KReclaimable:      18476 kB
Node 0 Slab:              58544 kB
Node 0 SReclaimable:      18476 kB
Node 0 SUnreclaim:        40068 kB
Node 0 AnonHugePages:         0 kB
Node 0 ShmemHugePages:        0 kB
Node 0 ShmemPmdMapped:        0 kB
Node 0 FileHugePages:        0 kB
Node 0 FilePmdMapped:        0 kB
Node 0 HugePages_Total:     0
Node 0 HugePages_Free:      0
Node 0 HugePages_Surp:      0
Fio Node 0 pages
561fd3646000 bind:0 file=/usr/local/bin/fio anon=2 dirty=2 mapped=17 active=4 N0=2 N1=15 kernelpagesize_kB=4
7f95cf244000 bind:0 anon=2 dirty=2 N0=2 kernelpagesize_kB=4
7f95cf246000 bind:0 file=/usr/lib/x86_64-linux-gnu/libc-2.31.so mapped=37 mapmax=25 N0=37 kernelpagesize_kB=4
7f95cf42e000 bind:0 file=/usr/lib/x86_64-linux-gnu/libc-2.31.so anon=6 dirty=6 N0=6 kernelpagesize_kB=4
7f95cf438000 bind:0 file=/usr/lib/x86_64-linux-gnu/libaio.so.1.0.1 mapped=1 mapmax=2 N0=1 kernelpagesize_kB=4
7f95cf43b000 bind:0 file=/usr/lib/x86_64-linux-gnu/libaio.so.1.0.1 anon=2 dirty=2 N0=2 kernelpagesize_kB=4
7f95cf43d000 bind:0 file=/usr/lib/x86_64-linux-gnu/libdl-2.31.so mapped=1 mapmax=20 N0=1 kernelpagesize_kB=4
7f95cf441000 bind:0 file=/usr/lib/x86_64-linux-gnu/libdl-2.31.so anon=2 dirty=2 N0=2 kernelpagesize_kB=4
7f95cf443000 bind:0 anon=2 dirty=2 N0=2 kernelpagesize_kB=4
7f95cf46f000 bind:0 file=/usr/lib/x86_64-linux-gnu/libmvec-2.31.so anon=2 dirty=2 N0=2 kernelpagesize_kB=4
7f95cf471000 bind:0 file=/usr/lib/x86_64-linux-gnu/libm-2.31.so mapped=15 mapmax=12 N0=15 kernelpagesize_kB=4
7f95cf5be000 bind:0 file=/usr/lib/x86_64-linux-gnu/libm-2.31.so anon=2 dirty=2 N0=2 kernelpagesize_kB=4
7f95cf5c0000 bind:0 file=/usr/lib/x86_64-linux-gnu/libpthread-2.31.so mapped=7 mapmax=22 N0=7 kernelpagesize_kB=4
7f95cf5dd000 bind:0 file=/usr/lib/x86_64-linux-gnu/libpthread-2.31.so anon=2 dirty=2 N0=2 kernelpagesize_kB=4
7f95cf5e3000 bind:0 file=/usr/lib/x86_64-linux-gnu/libz.so.1.2.11 mapped=2 mapmax=8 N0=2 kernelpagesize_kB=4
7f95cf5fd000 bind:0 file=/usr/lib/x86_64-linux-gnu/libz.so.1.2.11 anon=2 dirty=2 N0=2 kernelpagesize_kB=4
7f95cf5ff000 bind:0 file=/usr/lib/x86_64-linux-gnu/librt-2.31.so mapped=3 mapmax=17 N0=3 kernelpagesize_kB=4
7f95cf608000 bind:0 file=/usr/lib/x86_64-linux-gnu/librt-2.31.so anon=2 dirty=2 N0=2 kernelpagesize_kB=4
7f95cf60a000 bind:0 file=/usr/lib/x86_64-linux-gnu/libnuma.so.1.0.0 mapped=3 mapmax=2 N0=3 kernelpagesize_kB=4
7f95cf615000 bind:0 file=/usr/lib/x86_64-linux-gnu/libnuma.so.1.0.0 anon=2 dirty=2 N0=2 kernelpagesize_kB=4
7f95cf617000 bind:0 anon=2 dirty=2 N0=2 kernelpagesize_kB=4
7f95cf619000 bind:0 file=/etc/ld.so.cache mapped=10 N0=10 kernelpagesize_kB=4
7f95cf623000 bind:0 file=/usr/lib/x86_64-linux-gnu/ld-2.31.so mapped=1 mapmax=25 N0=1 kernelpagesize_kB=4
7f95cf624000 bind:0 file=/usr/lib/x86_64-linux-gnu/ld-2.31.so mapped=35 mapmax=25 N0=35 kernelpagesize_kB=4
7f95cf647000 bind:0 file=/usr/lib/x86_64-linux-gnu/ld-2.31.so mapped=8 mapmax=25 N0=8 kernelpagesize_kB=4
7f95cf650000 bind:0 file=/usr/lib/x86_64-linux-gnu/ld-2.31.so anon=2 dirty=2 N0=2 kernelpagesize_kB=4
7f95cf652000 bind:0 anon=1 dirty=1 N0=1 kernelpagesize_kB=4
7ffe53cd0000 bind:0 stack anon=2 dirty=2 N0=2 kernelpagesize_kB=4
Fio Node 1 pages
561fd3582000 bind:0 file=/usr/local/bin/fio mapped=24 N1=24 kernelpagesize_kB=4
561fd359a000 bind:0 file=/usr/local/bin/fio mapped=83 N1=83 kernelpagesize_kB=4
561fd361f000 bind:0 file=/usr/local/bin/fio mapped=32 active=31 N1=32 kernelpagesize_kB=4
561fd3648000 bind:0 file=/usr/local/bin/fio anon=112 dirty=112 mapped=116 active=114 N0=112 N1=4 kernelpagesize_kB=4
7f95cf445000 bind:0 file=/usr/lib/x86_64-linux-gnu/libmvec-2.31.so mapped=2 N1=2 kernelpagesize_kB=4
7f95cf447000 bind:0 file=/usr/lib/x86_64-linux-gnu/libmvec-2.31.so mapped=12 N1=12 kernelpagesize_kB=4
Fio Node 0 pages
55593ad93000 bind:0 file=/usr/local/bin/fio anon=2 dirty=2 mapped=17 active=4 N0=2 N1=15 kernelpagesize_kB=4
7f06ee85e000 bind:0 file=/usr/lib/x86_64-linux-gnu/libc-2.31.so mapped=32 mapmax=25 N0=32 kernelpagesize_kB=4
7f06eea46000 bind:0 file=/usr/lib/x86_64-linux-gnu/libc-2.31.so anon=2 dirty=2 mapped=6 active=2 N0=6 kernelpagesize_kB=4
7f06eea50000 bind:0 file=/usr/lib/x86_64-linux-gnu/libaio.so.1.0.1 mapped=1 mapmax=2 N0=1 kernelpagesize_kB=4
7f06eea53000 bind:0 file=/usr/lib/x86_64-linux-gnu/libaio.so.1.0.1 anon=2 dirty=2 N0=2 kernelpagesize_kB=4
7f06eea55000 bind:0 file=/usr/lib/x86_64-linux-gnu/libdl-2.31.so mapped=1 mapmax=20 N0=1 kernelpagesize_kB=4
7f06eea59000 bind:0 file=/usr/lib/x86_64-linux-gnu/libdl-2.31.so anon=2 dirty=2 N0=2 kernelpagesize_kB=4
7f06eea5b000 bind:0 anon=2 dirty=2 N0=2 kernelpagesize_kB=4
7f06eea87000 bind:0 file=/usr/lib/x86_64-linux-gnu/libmvec-2.31.so anon=2 dirty=2 N0=2 kernelpagesize_kB=4
7f06eea89000 bind:0 file=/usr/lib/x86_64-linux-gnu/libm-2.31.so mapped=15 mapmax=12 N0=15 kernelpagesize_kB=4
7f06eebd6000 bind:0 file=/usr/lib/x86_64-linux-gnu/libm-2.31.so anon=2 dirty=2 N0=2 kernelpagesize_kB=4
7f06eebd8000 bind:0 file=/usr/lib/x86_64-linux-gnu/libpthread-2.31.so mapped=7 mapmax=22 N0=7 kernelpagesize_kB=4
7f06eebf5000 bind:0 file=/usr/lib/x86_64-linux-gnu/libpthread-2.31.so anon=2 dirty=2 N0=2 kernelpagesize_kB=4
7f06eebfb000 bind:0 file=/usr/lib/x86_64-linux-gnu/libz.so.1.2.11 mapped=2 mapmax=8 N0=2 kernelpagesize_kB=4
7f06eec15000 bind:0 file=/usr/lib/x86_64-linux-gnu/libz.so.1.2.11 anon=2 dirty=2 N0=2 kernelpagesize_kB=4
7f06eec17000 bind:0 file=/usr/lib/x86_64-linux-gnu/librt-2.31.so mapped=3 mapmax=17 N0=3 kernelpagesize_kB=4
7f06eec20000 bind:0 file=/usr/lib/x86_64-linux-gnu/librt-2.31.so anon=2 dirty=2 N0=2 kernelpagesize_kB=4
7f06eec22000 bind:0 file=/usr/lib/x86_64-linux-gnu/libnuma.so.1.0.0 mapped=3 mapmax=2 N0=3 kernelpagesize_kB=4
7f06eec2d000 bind:0 file=/usr/lib/x86_64-linux-gnu/libnuma.so.1.0.0 anon=2 dirty=2 N0=2 kernelpagesize_kB=4
7f06eec2f000 bind:0 anon=2 dirty=2 N0=2 kernelpagesize_kB=4
7f06eec31000 bind:0 file=/etc/ld.so.cache mapped=10 N0=10 kernelpagesize_kB=4
7f06eec3b000 bind:0 file=/usr/lib/x86_64-linux-gnu/ld-2.31.so mapped=1 mapmax=25 N0=1 kernelpagesize_kB=4
7f06eec3c000 bind:0 file=/usr/lib/x86_64-linux-gnu/ld-2.31.so mapped=35 mapmax=25 N0=35 kernelpagesize_kB=4
7f06eec5f000 bind:0 file=/usr/lib/x86_64-linux-gnu/ld-2.31.so mapped=8 mapmax=25 N0=8 kernelpagesize_kB=4
7f06eec68000 bind:0 file=/usr/lib/x86_64-linux-gnu/ld-2.31.so anon=2 dirty=2 N0=2 kernelpagesize_kB=4
7f06eec6a000 bind:0 anon=1 dirty=1 N0=1 kernelpagesize_kB=4
7ffe6a1cb000 bind:0 stack anon=2 dirty=2 N0=2 kernelpagesize_kB=4
Fio Node 1 pages
55593accf000 bind:0 file=/usr/local/bin/fio mapped=24 N1=24 kernelpagesize_kB=4
55593ace7000 bind:0 file=/usr/local/bin/fio mapped=99 N1=99 kernelpagesize_kB=4
55593ad6c000 bind:0 file=/usr/local/bin/fio mapped=20 N1=20 kernelpagesize_kB=4
55593ad95000 bind:0 file=/usr/local/bin/fio anon=112 dirty=112 mapped=116 active=114 N0=112 N1=4 kernelpagesize_kB=4
7f06eea5d000 bind:0 file=/usr/lib/x86_64-linux-gnu/libmvec-2.31.so mapped=2 N1=2 kernelpagesize_kB=4
7f06eea5f000 bind:0 file=/usr/lib/x86_64-linux-gnu/libmvec-2.31.so mapped=12 N1=12 kernelpagesize_kB=4

Node 1 MemTotal:       24661580 kB
Node 1 MemFree:        23815648 kB
Node 1 MemUsed:          845932 kB
Node 1 Active:            63408 kB
Node 1 Inactive:          20216 kB
Node 1 Active(anon):      21392 kB
Node 1 Inactive(anon):      536 kB
Node 1 Active(file):      42016 kB
Node 1 Inactive(file):    19680 kB
Node 1 Unevictable:       12980 kB
Node 1 Mlocked:           12980 kB
Node 1 Dirty:                52 kB
Node 1 Writeback:             0 kB
Node 1 FilePages:         65128 kB
Node 1 Mapped:            16612 kB
Node 1 AnonPages:         31396 kB
Node 1 Shmem:               776 kB
Node 1 KernelStack:        2632 kB
Node 1 PageTables:          732 kB
Node 1 NFS_Unstable:          0 kB
Node 1 Bounce:                0 kB
Node 1 WritebackTmp:          0 kB
Node 1 KReclaimable:      25136 kB
Node 1 Slab:              62140 kB
Node 1 SReclaimable:      25136 kB
Node 1 SUnreclaim:        37004 kB
Node 1 AnonHugePages:         0 kB
Node 1 ShmemHugePages:        0 kB
Node 1 ShmemPmdMapped:        0 kB
Node 1 FileHugePages:        0 kB
Node 1 FilePmdMapped:        0 kB
Node 1 HugePages_Total:     0
Node 1 HugePages_Free:      0
Node 1 HugePages_Surp:      0

After Opposite Node
Node 0 MemTotal:       24768352 kB
Node 0 MemFree:        24409204 kB
Node 0 MemUsed:          359148 kB
Node 0 Active:            39096 kB
Node 0 Inactive:          94932 kB
Node 0 Active(anon):      11644 kB
Node 0 Inactive(anon):      436 kB
Node 0 Active(file):      27452 kB
Node 0 Inactive(file):    94496 kB
Node 0 Unevictable:        5540 kB
Node 0 Mlocked:            5540 kB
Node 0 Dirty:               236 kB
Node 0 Writeback:             0 kB
Node 0 FilePages:        128108 kB
Node 0 Mapped:            50972 kB
Node 0 AnonPages:         11280 kB
Node 0 Shmem:               624 kB
Node 0 KernelStack:        2248 kB
Node 0 PageTables:          784 kB
Node 0 NFS_Unstable:          0 kB
Node 0 Bounce:                0 kB
Node 0 WritebackTmp:          0 kB
Node 0 KReclaimable:      18516 kB
Node 0 Slab:              58920 kB
Node 0 SReclaimable:      18516 kB
Node 0 SUnreclaim:        40404 kB
Node 0 AnonHugePages:         0 kB
Node 0 ShmemHugePages:        0 kB
Node 0 ShmemPmdMapped:        0 kB
Node 0 FileHugePages:        0 kB
Node 0 FilePmdMapped:        0 kB
Node 0 HugePages_Total:     0
Node 0 HugePages_Free:      0
Node 0 HugePages_Surp:      0

Node 1 MemTotal:       24661580 kB
Node 1 MemFree:        23815752 kB
Node 1 MemUsed:          845828 kB
Node 1 Active:            63468 kB
Node 1 Inactive:          20000 kB
Node 1 Active(anon):      21252 kB
Node 1 Inactive(anon):      512 kB
Node 1 Active(file):      42216 kB
Node 1 Inactive(file):    19488 kB
Node 1 Unevictable:       12980 kB
Node 1 Mlocked:           12980 kB
Node 1 Dirty:                60 kB
Node 1 Writeback:             0 kB
Node 1 FilePages:         65092 kB
Node 1 Mapped:            16812 kB
Node 1 AnonPages:         31356 kB
Node 1 Shmem:               732 kB
Node 1 KernelStack:        2568 kB
Node 1 PageTables:          612 kB
Node 1 NFS_Unstable:          0 kB
Node 1 Bounce:                0 kB
Node 1 WritebackTmp:          0 kB
Node 1 KReclaimable:      25136 kB
Node 1 Slab:              62124 kB
Node 1 SReclaimable:      25136 kB
Node 1 SUnreclaim:        36988 kB
Node 1 AnonHugePages:         0 kB
Node 1 ShmemHugePages:        0 kB
Node 1 ShmemPmdMapped:        0 kB
Node 1 FileHugePages:        0 kB
Node 1 FilePmdMapped:        0 kB
Node 1 HugePages_Total:     0
Node 1 HugePages_Free:      0
Node 1 HugePages_Surp:      0

U.1.fio.250M.1.O Complete!
