Fio Node 0 pages
564627b39000 bind:1 file=/usr/bin/dash mapped=19 mapmax=3 N0=19 kernelpagesize_kB=4
564627b4c000 bind:1 file=/usr/bin/dash mapped=6 mapmax=3 N0=6 kernelpagesize_kB=4
Fio Node 1 pages
564627b52000 bind:1 file=/usr/bin/dash anon=2 dirty=2 mapmax=2 N1=2 kernelpagesize_kB=4
564627b54000 bind:1 file=/usr/bin/dash anon=1 dirty=1 N1=1 kernelpagesize_kB=4
564627b55000 bind:1 anon=1 dirty=1 N1=1 kernelpagesize_kB=4
564627f84000 bind:1 heap anon=2 dirty=2 mapmax=2 N1=2 kernelpagesize_kB=4
7f4585207000 bind:1 file=/usr/lib/x86_64-linux-gnu/libc-2.31.so mapped=128 mapmax=26 N1=128 kernelpagesize_kB=4
7f458537f000 bind:1 file=/usr/lib/x86_64-linux-gnu/libc-2.31.so mapped=32 mapmax=25 N1=32 kernelpagesize_kB=4
7f45853ca000 bind:1 file=/usr/lib/x86_64-linux-gnu/libc-2.31.so anon=3 dirty=3 mapmax=2 N1=3 kernelpagesize_kB=4
7f45853cd000 bind:1 file=/usr/lib/x86_64-linux-gnu/libc-2.31.so anon=3 dirty=3 mapmax=2 N1=3 kernelpagesize_kB=4
7f45853d0000 bind:1 anon=6 dirty=6 mapmax=2 N1=6 kernelpagesize_kB=4
7f458540d000 bind:1 file=/usr/lib/x86_64-linux-gnu/ld-2.31.so anon=1 dirty=1 mapmax=2 N1=1 kernelpagesize_kB=4
7f458540e000 bind:1 file=/usr/lib/x86_64-linux-gnu/ld-2.31.so anon=1 dirty=1 N1=1 kernelpagesize_kB=4
7f458540f000 bind:1 anon=1 dirty=1 mapmax=2 N1=1 kernelpagesize_kB=4
7ffd9059a000 bind:1 stack anon=3 dirty=3 mapmax=2 N1=3 kernelpagesize_kB=4
Fio Node 0 pages
7ffaad0d8000 bind:1 file=/usr/lib/x86_64-linux-gnu/libaio.so.1.0.1 mapped=1 mapmax=2 N0=1 kernelpagesize_kB=4
7ffaad283000 bind:1 file=/usr/lib/x86_64-linux-gnu/libz.so.1.2.11 mapped=2 mapmax=8 N0=2 kernelpagesize_kB=4
7ffaad2aa000 bind:1 file=/usr/lib/x86_64-linux-gnu/libnuma.so.1.0.0 mapped=3 mapmax=2 N0=3 kernelpagesize_kB=4
Fio Node 1 pages
55a7f07e1000 bind:1 file=/usr/local/bin/fio mapped=24 active=1 N1=24 kernelpagesize_kB=4
55a7f07f9000 bind:1 file=/usr/local/bin/fio mapped=99 active=94 N1=99 kernelpagesize_kB=4
55a7f087e000 bind:1 file=/usr/local/bin/fio mapped=32 active=27 N1=32 kernelpagesize_kB=4
55a7f08a5000 bind:1 file=/usr/local/bin/fio anon=2 dirty=2 N1=2 kernelpagesize_kB=4
55a7f08a7000 bind:1 file=/usr/local/bin/fio anon=112 dirty=112 mapped=116 active=112 N1=116 kernelpagesize_kB=4
55a7f0983000 bind:1 anon=2 dirty=2 N1=2 kernelpagesize_kB=4
55a7f22e5000 bind:1 heap anon=4 dirty=4 N1=4 kernelpagesize_kB=4
7ffaabed3000 bind:1 file=/dev/zero\040(deleted) dirty=17 active=0 N1=17 kernelpagesize_kB=4
7ffaacee4000 bind:1 anon=2 dirty=2 N1=2 kernelpagesize_kB=4
7ffaacee6000 bind:1 file=/usr/lib/x86_64-linux-gnu/libc-2.31.so mapped=37 mapmax=25 N1=37 kernelpagesize_kB=4
7ffaacf0b000 bind:1 file=/usr/lib/x86_64-linux-gnu/libc-2.31.so mapped=277 mapmax=25 N1=277 kernelpagesize_kB=4
7ffaad083000 bind:1 file=/usr/lib/x86_64-linux-gnu/libc-2.31.so mapped=45 mapmax=25 N1=45 kernelpagesize_kB=4
7ffaad0ce000 bind:1 file=/usr/lib/x86_64-linux-gnu/libc-2.31.so anon=3 dirty=3 N1=3 kernelpagesize_kB=4
7ffaad0d1000 bind:1 file=/usr/lib/x86_64-linux-gnu/libc-2.31.so anon=3 dirty=3 N1=3 kernelpagesize_kB=4
7ffaad0d4000 bind:1 anon=4 dirty=4 N1=4 kernelpagesize_kB=4
7ffaad0db000 bind:1 file=/usr/lib/x86_64-linux-gnu/libaio.so.1.0.1 anon=1 dirty=1 N1=1 kernelpagesize_kB=4
7ffaad0dc000 bind:1 file=/usr/lib/x86_64-linux-gnu/libaio.so.1.0.1 anon=1 dirty=1 N1=1 kernelpagesize_kB=4
7ffaad0dd000 bind:1 file=/usr/lib/x86_64-linux-gnu/libdl-2.31.so mapped=1 mapmax=20 N1=1 kernelpagesize_kB=4
7ffaad0de000 bind:1 file=/usr/lib/x86_64-linux-gnu/libdl-2.31.so mapped=2 mapmax=20 N1=2 kernelpagesize_kB=4
7ffaad0e1000 bind:1 file=/usr/lib/x86_64-linux-gnu/libdl-2.31.so anon=1 dirty=1 N1=1 kernelpagesize_kB=4
7ffaad0e2000 bind:1 file=/usr/lib/x86_64-linux-gnu/libdl-2.31.so anon=1 dirty=1 N1=1 kernelpagesize_kB=4
7ffaad0e3000 bind:1 anon=2 dirty=2 N1=2 kernelpagesize_kB=4
7ffaad0e5000 bind:1 file=/usr/lib/x86_64-linux-gnu/libmvec-2.31.so mapped=2 active=1 N1=2 kernelpagesize_kB=4
7ffaad0e7000 bind:1 file=/usr/lib/x86_64-linux-gnu/libmvec-2.31.so mapped=12 active=0 N1=12 kernelpagesize_kB=4
7ffaad10f000 bind:1 file=/usr/lib/x86_64-linux-gnu/libmvec-2.31.so anon=1 dirty=1 N1=1 kernelpagesize_kB=4
7ffaad110000 bind:1 file=/usr/lib/x86_64-linux-gnu/libmvec-2.31.so anon=1 dirty=1 N1=1 kernelpagesize_kB=4
7ffaad111000 bind:1 file=/usr/lib/x86_64-linux-gnu/libm-2.31.so mapped=15 mapmax=12 N1=15 kernelpagesize_kB=4
7ffaad120000 bind:1 file=/usr/lib/x86_64-linux-gnu/libm-2.31.so mapped=80 mapmax=12 N1=80 kernelpagesize_kB=4
7ffaad25e000 bind:1 file=/usr/lib/x86_64-linux-gnu/libm-2.31.so anon=1 dirty=1 N1=1 kernelpagesize_kB=4
7ffaad25f000 bind:1 file=/usr/lib/x86_64-linux-gnu/libm-2.31.so anon=1 dirty=1 N1=1 kernelpagesize_kB=4
7ffaad260000 bind:1 file=/usr/lib/x86_64-linux-gnu/libpthread-2.31.so mapped=7 mapmax=22 N1=7 kernelpagesize_kB=4
7ffaad267000 bind:1 file=/usr/lib/x86_64-linux-gnu/libpthread-2.31.so mapped=17 mapmax=22 N1=17 kernelpagesize_kB=4
7ffaad27d000 bind:1 file=/usr/lib/x86_64-linux-gnu/libpthread-2.31.so anon=1 dirty=1 N1=1 kernelpagesize_kB=4
7ffaad27e000 bind:1 file=/usr/lib/x86_64-linux-gnu/libpthread-2.31.so anon=1 dirty=1 N1=1 kernelpagesize_kB=4
7ffaad27f000 bind:1 anon=1 dirty=1 N1=1 kernelpagesize_kB=4
7ffaad29d000 bind:1 file=/usr/lib/x86_64-linux-gnu/libz.so.1.2.11 anon=1 dirty=1 N1=1 kernelpagesize_kB=4
7ffaad29e000 bind:1 file=/usr/lib/x86_64-linux-gnu/libz.so.1.2.11 anon=1 dirty=1 N1=1 kernelpagesize_kB=4
7ffaad29f000 bind:1 file=/usr/lib/x86_64-linux-gnu/librt-2.31.so mapped=3 mapmax=17 N1=3 kernelpagesize_kB=4
7ffaad2a2000 bind:1 file=/usr/lib/x86_64-linux-gnu/librt-2.31.so mapped=4 mapmax=17 N1=4 kernelpagesize_kB=4
7ffaad2a8000 bind:1 file=/usr/lib/x86_64-linux-gnu/librt-2.31.so anon=1 dirty=1 N1=1 kernelpagesize_kB=4
7ffaad2a9000 bind:1 file=/usr/lib/x86_64-linux-gnu/librt-2.31.so anon=1 dirty=1 N1=1 kernelpagesize_kB=4
7ffaad2b5000 bind:1 file=/usr/lib/x86_64-linux-gnu/libnuma.so.1.0.0 anon=1 dirty=1 N1=1 kernelpagesize_kB=4
7ffaad2b6000 bind:1 file=/usr/lib/x86_64-linux-gnu/libnuma.so.1.0.0 anon=1 dirty=1 N1=1 kernelpagesize_kB=4
7ffaad2b7000 bind:1 anon=2 dirty=2 N1=2 kernelpagesize_kB=4
7ffaad2c0000 bind:1 file=/dev/zero\040(deleted) dirty=1 active=0 N1=1 kernelpagesize_kB=4
7ffaad2c1000 bind:1 file=/dev/zero\040(deleted) dirty=1 active=0 N1=1 kernelpagesize_kB=4
7ffaad2c2000 bind:1 file=/dev/zero\040(deleted) dirty=1 active=0 N1=1 kernelpagesize_kB=4
7ffaad2c3000 bind:1 file=/usr/lib/x86_64-linux-gnu/ld-2.31.so mapped=1 mapmax=25 N1=1 kernelpagesize_kB=4
7ffaad2c4000 bind:1 file=/usr/lib/x86_64-linux-gnu/ld-2.31.so mapped=35 mapmax=25 N1=35 kernelpagesize_kB=4
7ffaad2e7000 bind:1 file=/usr/lib/x86_64-linux-gnu/ld-2.31.so mapped=8 mapmax=25 N1=8 kernelpagesize_kB=4
7ffaad2ef000 bind:1 file=/dev/zero\040(deleted) dirty=1 active=0 N1=1 kernelpagesize_kB=4
7ffaad2f0000 bind:1 file=/usr/lib/x86_64-linux-gnu/ld-2.31.so anon=1 dirty=1 N1=1 kernelpagesize_kB=4
7ffaad2f1000 bind:1 file=/usr/lib/x86_64-linux-gnu/ld-2.31.so anon=1 dirty=1 N1=1 kernelpagesize_kB=4
7ffaad2f2000 bind:1 anon=1 dirty=1 N1=1 kernelpagesize_kB=4
7fffbb0d7000 bind:1 stack anon=4 dirty=4 N1=4 kernelpagesize_kB=4
U.1.fio.8G.2.O
Begin
Node 0 MemTotal:       24743736 kB
Node 0 MemFree:        24502128 kB
Node 0 MemUsed:          241608 kB
Node 0 Active:            57936 kB
Node 0 Inactive:          24440 kB
Node 0 Active(anon):      20452 kB
Node 0 Inactive(anon):      432 kB
Node 0 Active(file):      37484 kB
Node 0 Inactive(file):    24008 kB
Node 0 Unevictable:       13404 kB
Node 0 Mlocked:           13404 kB
Node 0 Dirty:               304 kB
Node 0 Writeback:             0 kB
Node 0 FilePages:         65236 kB
Node 0 Mapped:            15472 kB
Node 0 AnonPages:         30680 kB
Node 0 Shmem:               624 kB
Node 0 KernelStack:        1944 kB
Node 0 PageTables:          564 kB
Node 0 NFS_Unstable:          0 kB
Node 0 Bounce:                0 kB
Node 0 WritebackTmp:          0 kB
Node 0 KReclaimable:      21764 kB
Node 0 Slab:              53472 kB
Node 0 SReclaimable:      21764 kB
Node 0 SUnreclaim:        31708 kB
Node 0 AnonHugePages:         0 kB
Node 0 ShmemHugePages:        0 kB
Node 0 ShmemPmdMapped:        0 kB
Node 0 FileHugePages:        0 kB
Node 0 FilePmdMapped:        0 kB
Node 0 HugePages_Total:     0
Node 0 HugePages_Free:      0
Node 0 HugePages_Surp:      0

Node 1 MemTotal:       24686196 kB
Node 1 MemFree:        24309568 kB
Node 1 MemUsed:          376628 kB
Node 1 Active:            36776 kB
Node 1 Inactive:          73492 kB
Node 1 Active(anon):      13364 kB
Node 1 Inactive(anon):      436 kB
Node 1 Active(file):      23412 kB
Node 1 Inactive(file):    73056 kB
Node 1 Unevictable:        5116 kB
Node 1 Mlocked:            5116 kB
Node 1 Dirty:               224 kB
Node 1 Writeback:             0 kB
Node 1 FilePages:        102224 kB
Node 1 Mapped:            37720 kB
Node 1 AnonPages:         13160 kB
Node 1 Shmem:               644 kB
Node 1 KernelStack:        1672 kB
Node 1 PageTables:          524 kB
Node 1 NFS_Unstable:          0 kB
Node 1 Bounce:                0 kB
Node 1 WritebackTmp:          0 kB
Node 1 KReclaimable:      19636 kB
Node 1 Slab:              51372 kB
Node 1 SReclaimable:      19636 kB
Node 1 SUnreclaim:        31736 kB
Node 1 AnonHugePages:         0 kB
Node 1 ShmemHugePages:        0 kB
Node 1 ShmemPmdMapped:        0 kB
Node 1 FileHugePages:        0 kB
Node 1 FilePmdMapped:        0 kB
Node 1 HugePages_Total:     0
Node 1 HugePages_Free:      0
Node 1 HugePages_Surp:      0

Load ZFS
Node 0 MemTotal:       24743736 kB
Node 0 MemFree:        24500864 kB
Node 0 MemUsed:          242872 kB
Node 0 Active:            67536 kB
Node 0 Inactive:          20000 kB
Node 0 Active(anon):      23820 kB
Node 0 Inactive(anon):      432 kB
Node 0 Active(file):      43716 kB
Node 0 Inactive(file):    19568 kB
Node 0 Unevictable:       13404 kB
Node 0 Mlocked:           13404 kB
Node 0 Dirty:               304 kB
Node 0 Writeback:             0 kB
Node 0 FilePages:         66988 kB
Node 0 Mapped:            15480 kB
Node 0 AnonPages:         33884 kB
Node 0 Shmem:               624 kB
Node 0 KernelStack:        2040 kB
Node 0 PageTables:          768 kB
Node 0 NFS_Unstable:          0 kB
Node 0 Bounce:                0 kB
Node 0 WritebackTmp:          0 kB
Node 0 KReclaimable:      22156 kB
Node 0 Slab:              54992 kB
Node 0 SReclaimable:      22156 kB
Node 0 SUnreclaim:        32836 kB
Node 0 AnonHugePages:         0 kB
Node 0 ShmemHugePages:        0 kB
Node 0 ShmemPmdMapped:        0 kB
Node 0 FileHugePages:        0 kB
Node 0 FilePmdMapped:        0 kB
Node 0 HugePages_Total:     0
Node 0 HugePages_Free:      0
Node 0 HugePages_Surp:      0

Node 1 MemTotal:       24686196 kB
Node 1 MemFree:        24302880 kB
Node 1 MemUsed:          383316 kB
Node 1 Active:            37088 kB
Node 1 Inactive:          73952 kB
Node 1 Active(anon):      13368 kB
Node 1 Inactive(anon):      436 kB
Node 1 Active(file):      23720 kB
Node 1 Inactive(file):    73516 kB
Node 1 Unevictable:        5116 kB
Node 1 Mlocked:            5116 kB
Node 1 Dirty:               248 kB
Node 1 Writeback:             0 kB
Node 1 FilePages:        102992 kB
Node 1 Mapped:            37884 kB
Node 1 AnonPages:         13160 kB
Node 1 Shmem:               644 kB
Node 1 KernelStack:        1640 kB
Node 1 PageTables:          524 kB
Node 1 NFS_Unstable:          0 kB
Node 1 Bounce:                0 kB
Node 1 WritebackTmp:          0 kB
Node 1 KReclaimable:      20100 kB
Node 1 Slab:              53512 kB
Node 1 SReclaimable:      20100 kB
Node 1 SUnreclaim:        33412 kB
Node 1 AnonHugePages:         0 kB
Node 1 ShmemHugePages:        0 kB
Node 1 ShmemPmdMapped:        0 kB
Node 1 FileHugePages:        0 kB
Node 1 FilePmdMapped:        0 kB
Node 1 HugePages_Total:     0
Node 1 HugePages_Free:      0
Node 1 HugePages_Surp:      0

Import tank ZPool
Node 0 MemTotal:       24743736 kB
Node 0 MemFree:        24496836 kB
Node 0 MemUsed:          246900 kB
Node 0 Active:            64724 kB
Node 0 Inactive:          21128 kB
Node 0 Active(anon):      20536 kB
Node 0 Inactive(anon):      436 kB
Node 0 Active(file):      44188 kB
Node 0 Inactive(file):    20692 kB
Node 0 Unevictable:       13404 kB
Node 0 Mlocked:           13404 kB
Node 0 Dirty:                72 kB
Node 0 Writeback:             0 kB
Node 0 FilePages:         68592 kB
Node 0 Mapped:            15748 kB
Node 0 AnonPages:         30328 kB
Node 0 Shmem:               628 kB
Node 0 KernelStack:        2088 kB
Node 0 PageTables:          624 kB
Node 0 NFS_Unstable:          0 kB
Node 0 Bounce:                0 kB
Node 0 WritebackTmp:          0 kB
Node 0 KReclaimable:      22308 kB
Node 0 Slab:              59652 kB
Node 0 SReclaimable:      22308 kB
Node 0 SUnreclaim:        37344 kB
Node 0 AnonHugePages:         0 kB
Node 0 ShmemHugePages:        0 kB
Node 0 ShmemPmdMapped:        0 kB
Node 0 FileHugePages:        0 kB
Node 0 FilePmdMapped:        0 kB
Node 0 HugePages_Total:     0
Node 0 HugePages_Free:      0
Node 0 HugePages_Surp:      0

Node 1 MemTotal:       24686196 kB
Node 1 MemFree:        24289252 kB
Node 1 MemUsed:          396944 kB
Node 1 Active:            36652 kB
Node 1 Inactive:          73952 kB
Node 1 Active(anon):      12932 kB
Node 1 Inactive(anon):      436 kB
Node 1 Active(file):      23720 kB
Node 1 Inactive(file):    73516 kB
Node 1 Unevictable:        5116 kB
Node 1 Mlocked:            5116 kB
Node 1 Dirty:               288 kB
Node 1 Writeback:             0 kB
Node 1 FilePages:        102988 kB
Node 1 Mapped:            38024 kB
Node 1 AnonPages:         12728 kB
Node 1 Shmem:               640 kB
Node 1 KernelStack:        2632 kB
Node 1 PageTables:          524 kB
Node 1 NFS_Unstable:          0 kB
Node 1 Bounce:                0 kB
Node 1 WritebackTmp:          0 kB
Node 1 KReclaimable:      20100 kB
Node 1 Slab:              55932 kB
Node 1 SReclaimable:      20100 kB
Node 1 SUnreclaim:        35832 kB
Node 1 AnonHugePages:         0 kB
Node 1 ShmemHugePages:        0 kB
Node 1 ShmemPmdMapped:        0 kB
Node 1 FileHugePages:        0 kB
Node 1 FilePmdMapped:        0 kB
Node 1 HugePages_Total:     0
Node 1 HugePages_Free:      0
Node 1 HugePages_Surp:      0

After Test
Node 0 MemTotal:       24743736 kB
Node 0 MemFree:        23906668 kB
Node 0 MemUsed:          837068 kB
Node 0 Active:            64504 kB
Node 0 Inactive:          20864 kB
Node 0 Active(anon):      19916 kB
Node 0 Inactive(anon):      436 kB
Node 0 Active(file):      44588 kB
Node 0 Inactive(file):    20428 kB
Node 0 Unevictable:       13404 kB
Node 0 Mlocked:           13404 kB
Node 0 Dirty:                24 kB
Node 0 Writeback:             0 kB
Node 0 FilePages:         68732 kB
Node 0 Mapped:            15480 kB
Node 0 AnonPages:         30048 kB
Node 0 Shmem:               628 kB
Node 0 KernelStack:        1976 kB
Node 0 PageTables:          520 kB
Node 0 NFS_Unstable:          0 kB
Node 0 Bounce:                0 kB
Node 0 WritebackTmp:          0 kB
Node 0 KReclaimable:      22328 kB
Node 0 Slab:              62148 kB
Node 0 SReclaimable:      22328 kB
Node 0 SUnreclaim:        39820 kB
Node 0 AnonHugePages:         0 kB
Node 0 ShmemHugePages:        0 kB
Node 0 ShmemPmdMapped:        0 kB
Node 0 FileHugePages:        0 kB
Node 0 FilePmdMapped:        0 kB
Node 0 HugePages_Total:     0
Node 0 HugePages_Free:      0
Node 0 HugePages_Surp:      0
Fio Node 0 pages
557c39eaa000 bind:0 file=/usr/local/bin/fio anon=2 dirty=2 mapped=17 active=4 N0=2 N1=15 kernelpagesize_kB=4
7ff5f21d2000 bind:0 anon=2 dirty=2 N0=2 kernelpagesize_kB=4
7ff5f23bc000 bind:0 file=/usr/lib/x86_64-linux-gnu/libc-2.31.so anon=6 dirty=6 N0=6 kernelpagesize_kB=4
7ff5f23c6000 bind:0 file=/usr/lib/x86_64-linux-gnu/libaio.so.1.0.1 mapped=1 mapmax=2 N0=1 kernelpagesize_kB=4
7ff5f23c9000 bind:0 file=/usr/lib/x86_64-linux-gnu/libaio.so.1.0.1 anon=2 dirty=2 N0=2 kernelpagesize_kB=4
7ff5f23cf000 bind:0 file=/usr/lib/x86_64-linux-gnu/libdl-2.31.so anon=2 dirty=2 N0=2 kernelpagesize_kB=4
7ff5f23d1000 bind:0 anon=2 dirty=2 N0=2 kernelpagesize_kB=4
7ff5f23fd000 bind:0 file=/usr/lib/x86_64-linux-gnu/libmvec-2.31.so anon=2 dirty=2 N0=2 kernelpagesize_kB=4
7ff5f254c000 bind:0 file=/usr/lib/x86_64-linux-gnu/libm-2.31.so anon=2 dirty=2 N0=2 kernelpagesize_kB=4
7ff5f256b000 bind:0 file=/usr/lib/x86_64-linux-gnu/libpthread-2.31.so anon=2 dirty=2 N0=2 kernelpagesize_kB=4
7ff5f2571000 bind:0 file=/usr/lib/x86_64-linux-gnu/libz.so.1.2.11 mapped=2 mapmax=8 N0=2 kernelpagesize_kB=4
7ff5f258b000 bind:0 file=/usr/lib/x86_64-linux-gnu/libz.so.1.2.11 anon=2 dirty=2 N0=2 kernelpagesize_kB=4
7ff5f2596000 bind:0 file=/usr/lib/x86_64-linux-gnu/librt-2.31.so anon=2 dirty=2 N0=2 kernelpagesize_kB=4
7ff5f2598000 bind:0 file=/usr/lib/x86_64-linux-gnu/libnuma.so.1.0.0 mapped=3 mapmax=2 N0=3 kernelpagesize_kB=4
7ff5f25a3000 bind:0 file=/usr/lib/x86_64-linux-gnu/libnuma.so.1.0.0 anon=2 dirty=2 N0=2 kernelpagesize_kB=4
7ff5f25a5000 bind:0 anon=2 dirty=2 N0=2 kernelpagesize_kB=4
7ff5f25de000 bind:0 file=/usr/lib/x86_64-linux-gnu/ld-2.31.so anon=2 dirty=2 N0=2 kernelpagesize_kB=4
7ff5f25e0000 bind:0 anon=1 dirty=1 N0=1 kernelpagesize_kB=4
7ffd20588000 bind:0 stack anon=3 dirty=3 N0=3 kernelpagesize_kB=4
Fio Node 1 pages
557c39de6000 bind:0 file=/usr/local/bin/fio mapped=24 N1=24 kernelpagesize_kB=4
557c39dfe000 bind:0 file=/usr/local/bin/fio mapped=68 N1=68 kernelpagesize_kB=4
557c39e83000 bind:0 file=/usr/local/bin/fio mapped=29 N1=29 kernelpagesize_kB=4
557c39eac000 bind:0 file=/usr/local/bin/fio anon=112 dirty=112 mapped=116 active=114 N0=112 N1=4 kernelpagesize_kB=4
7ff5f21d4000 bind:0 file=/usr/lib/x86_64-linux-gnu/libc-2.31.so mapped=37 mapmax=25 N1=37 kernelpagesize_kB=4
7ff5f21f9000 bind:0 file=/usr/lib/x86_64-linux-gnu/libc-2.31.so mapped=279 mapmax=25 N1=279 kernelpagesize_kB=4
7ff5f2371000 bind:0 file=/usr/lib/x86_64-linux-gnu/libc-2.31.so mapped=45 mapmax=24 N1=45 kernelpagesize_kB=4
7ff5f23cb000 bind:0 file=/usr/lib/x86_64-linux-gnu/libdl-2.31.so mapped=1 mapmax=20 N1=1 kernelpagesize_kB=4
7ff5f23cc000 bind:0 file=/usr/lib/x86_64-linux-gnu/libdl-2.31.so mapped=2 mapmax=19 N1=2 kernelpagesize_kB=4
7ff5f23d3000 bind:0 file=/usr/lib/x86_64-linux-gnu/libmvec-2.31.so mapped=2 N1=2 kernelpagesize_kB=4
7ff5f23d5000 bind:0 file=/usr/lib/x86_64-linux-gnu/libmvec-2.31.so mapped=12 active=3 N1=12 kernelpagesize_kB=4
7ff5f23ff000 bind:0 file=/usr/lib/x86_64-linux-gnu/libm-2.31.so mapped=14 mapmax=12 N1=14 kernelpagesize_kB=4
7ff5f240e000 bind:0 file=/usr/lib/x86_64-linux-gnu/libm-2.31.so mapped=64 mapmax=12 N1=64 kernelpagesize_kB=4
7ff5f254e000 bind:0 file=/usr/lib/x86_64-linux-gnu/libpthread-2.31.so mapped=7 mapmax=22 N1=7 kernelpagesize_kB=4
7ff5f2555000 bind:0 file=/usr/lib/x86_64-linux-gnu/libpthread-2.31.so mapped=17 mapmax=22 N1=17 kernelpagesize_kB=4
7ff5f258d000 bind:0 file=/usr/lib/x86_64-linux-gnu/librt-2.31.so mapped=3 mapmax=17 N1=3 kernelpagesize_kB=4
7ff5f2590000 bind:0 file=/usr/lib/x86_64-linux-gnu/librt-2.31.so mapped=4 mapmax=17 N1=4 kernelpagesize_kB=4
7ff5f25b1000 bind:0 file=/usr/lib/x86_64-linux-gnu/ld-2.31.so mapped=1 mapmax=25 N1=1 kernelpagesize_kB=4
7ff5f25b2000 bind:0 file=/usr/lib/x86_64-linux-gnu/ld-2.31.so mapped=35 mapmax=25 N1=35 kernelpagesize_kB=4
7ff5f25d5000 bind:0 file=/usr/lib/x86_64-linux-gnu/ld-2.31.so mapped=8 mapmax=25 N1=8 kernelpagesize_kB=4
Fio Node 0 pages
5567e79e6000 bind:0 file=/usr/local/bin/fio anon=11 dirty=11 mapped=17 active=13 N0=11 N1=6 kernelpagesize_kB=4
7f5c5cef0000 bind:0 anon=2 dirty=2 N0=2 kernelpagesize_kB=4
7f5c5d0da000 bind:0 file=/usr/lib/x86_64-linux-gnu/libc-2.31.so anon=3 dirty=3 N0=3 kernelpagesize_kB=4
7f5c5d0dd000 bind:0 file=/usr/lib/x86_64-linux-gnu/libc-2.31.so anon=3 dirty=3 N0=3 kernelpagesize_kB=4
7f5c5d0e4000 bind:0 file=/usr/lib/x86_64-linux-gnu/libaio.so.1.0.1 mapped=1 mapmax=2 N0=1 kernelpagesize_kB=4
7f5c5d0e7000 bind:0 file=/usr/lib/x86_64-linux-gnu/libaio.so.1.0.1 anon=1 dirty=1 N0=1 kernelpagesize_kB=4
7f5c5d0e8000 bind:0 file=/usr/lib/x86_64-linux-gnu/libaio.so.1.0.1 anon=1 dirty=1 N0=1 kernelpagesize_kB=4
7f5c5d0ed000 bind:0 file=/usr/lib/x86_64-linux-gnu/libdl-2.31.so anon=1 dirty=1 N0=1 kernelpagesize_kB=4
7f5c5d0ee000 bind:0 file=/usr/lib/x86_64-linux-gnu/libdl-2.31.so anon=1 dirty=1 N0=1 kernelpagesize_kB=4
7f5c5d0ef000 bind:0 anon=2 dirty=2 N0=2 kernelpagesize_kB=4
7f5c5d11b000 bind:0 file=/usr/lib/x86_64-linux-gnu/libmvec-2.31.so anon=1 dirty=1 N0=1 kernelpagesize_kB=4
7f5c5d11c000 bind:0 file=/usr/lib/x86_64-linux-gnu/libmvec-2.31.so anon=1 dirty=1 N0=1 kernelpagesize_kB=4
7f5c5d26a000 bind:0 file=/usr/lib/x86_64-linux-gnu/libm-2.31.so anon=1 dirty=1 N0=1 kernelpagesize_kB=4
7f5c5d26b000 bind:0 file=/usr/lib/x86_64-linux-gnu/libm-2.31.so anon=1 dirty=1 N0=1 kernelpagesize_kB=4
7f5c5d289000 bind:0 file=/usr/lib/x86_64-linux-gnu/libpthread-2.31.so anon=1 dirty=1 N0=1 kernelpagesize_kB=4
7f5c5d28a000 bind:0 file=/usr/lib/x86_64-linux-gnu/libpthread-2.31.so anon=1 dirty=1 N0=1 kernelpagesize_kB=4
7f5c5d28f000 bind:0 file=/usr/lib/x86_64-linux-gnu/libz.so.1.2.11 mapped=2 mapmax=8 N0=2 kernelpagesize_kB=4
7f5c5d2a9000 bind:0 file=/usr/lib/x86_64-linux-gnu/libz.so.1.2.11 anon=1 dirty=1 N0=1 kernelpagesize_kB=4
7f5c5d2aa000 bind:0 file=/usr/lib/x86_64-linux-gnu/libz.so.1.2.11 anon=1 dirty=1 N0=1 kernelpagesize_kB=4
7f5c5d2b4000 bind:0 file=/usr/lib/x86_64-linux-gnu/librt-2.31.so anon=1 dirty=1 N0=1 kernelpagesize_kB=4
7f5c5d2b5000 bind:0 file=/usr/lib/x86_64-linux-gnu/librt-2.31.so anon=1 dirty=1 N0=1 kernelpagesize_kB=4
7f5c5d2b6000 bind:0 file=/usr/lib/x86_64-linux-gnu/libnuma.so.1.0.0 mapped=3 mapmax=2 N0=3 kernelpagesize_kB=4
7f5c5d2c1000 bind:0 file=/usr/lib/x86_64-linux-gnu/libnuma.so.1.0.0 anon=1 dirty=1 N0=1 kernelpagesize_kB=4
7f5c5d2c2000 bind:0 file=/usr/lib/x86_64-linux-gnu/libnuma.so.1.0.0 anon=1 dirty=1 N0=1 kernelpagesize_kB=4
7f5c5d2c3000 bind:0 anon=2 dirty=2 N0=2 kernelpagesize_kB=4
7f5c5d2fc000 bind:0 file=/usr/lib/x86_64-linux-gnu/ld-2.31.so anon=2 dirty=2 N0=2 kernelpagesize_kB=4
7f5c5d2fe000 bind:0 anon=1 dirty=1 N0=1 kernelpagesize_kB=4
7ffcf9a67000 bind:0 stack anon=4 dirty=4 N0=4 kernelpagesize_kB=4
Fio Node 1 pages
5567e7922000 bind:0 file=/usr/local/bin/fio mapped=24 N1=24 kernelpagesize_kB=4
5567e793a000 bind:0 file=/usr/local/bin/fio mapped=99 N1=99 kernelpagesize_kB=4
5567e79bf000 bind:0 file=/usr/local/bin/fio mapped=32 active=28 N1=32 kernelpagesize_kB=4
5567e79e8000 bind:0 file=/usr/local/bin/fio anon=112 dirty=112 mapped=116 active=114 N0=112 N1=4 kernelpagesize_kB=4
7f5c5cef2000 bind:0 file=/usr/lib/x86_64-linux-gnu/libc-2.31.so mapped=37 mapmax=25 N1=37 kernelpagesize_kB=4
7f5c5cf17000 bind:0 file=/usr/lib/x86_64-linux-gnu/libc-2.31.so mapped=265 mapmax=25 N1=265 kernelpagesize_kB=4
7f5c5d08f000 bind:0 file=/usr/lib/x86_64-linux-gnu/libc-2.31.so mapped=48 mapmax=25 N1=48 kernelpagesize_kB=4
7f5c5d0e9000 bind:0 file=/usr/lib/x86_64-linux-gnu/libdl-2.31.so mapped=1 mapmax=20 N1=1 kernelpagesize_kB=4
7f5c5d0ea000 bind:0 file=/usr/lib/x86_64-linux-gnu/libdl-2.31.so mapped=2 mapmax=20 N1=2 kernelpagesize_kB=4
7f5c5d0f1000 bind:0 file=/usr/lib/x86_64-linux-gnu/libmvec-2.31.so mapped=2 N1=2 kernelpagesize_kB=4
7f5c5d0f3000 bind:0 file=/usr/lib/x86_64-linux-gnu/libmvec-2.31.so mapped=12 N1=12 kernelpagesize_kB=4
7f5c5d11d000 bind:0 file=/usr/lib/x86_64-linux-gnu/libm-2.31.so mapped=15 mapmax=12 N1=15 kernelpagesize_kB=4
7f5c5d12c000 bind:0 file=/usr/lib/x86_64-linux-gnu/libm-2.31.so mapped=64 mapmax=12 N1=64 kernelpagesize_kB=4
7f5c5d26c000 bind:0 file=/usr/lib/x86_64-linux-gnu/libpthread-2.31.so mapped=7 mapmax=22 N1=7 kernelpagesize_kB=4
7f5c5d273000 bind:0 file=/usr/lib/x86_64-linux-gnu/libpthread-2.31.so mapped=17 mapmax=22 N1=17 kernelpagesize_kB=4
7f5c5d2ab000 bind:0 file=/usr/lib/x86_64-linux-gnu/librt-2.31.so mapped=3 mapmax=17 N1=3 kernelpagesize_kB=4
7f5c5d2ae000 bind:0 file=/usr/lib/x86_64-linux-gnu/librt-2.31.so mapped=4 mapmax=17 N1=4 kernelpagesize_kB=4
7f5c5d2cf000 bind:0 file=/usr/lib/x86_64-linux-gnu/ld-2.31.so mapped=1 mapmax=25 N1=1 kernelpagesize_kB=4
7f5c5d2d0000 bind:0 file=/usr/lib/x86_64-linux-gnu/ld-2.31.so mapped=35 mapmax=25 N1=35 kernelpagesize_kB=4
7f5c5d2f3000 bind:0 file=/usr/lib/x86_64-linux-gnu/ld-2.31.so mapped=8 mapmax=25 N1=8 kernelpagesize_kB=4

Node 1 MemTotal:       24686196 kB
Node 1 MemFree:        15629784 kB
Node 1 MemUsed:         9056412 kB
Node 1 Active:            37756 kB
Node 1 Inactive:          75132 kB
Node 1 Active(anon):      13116 kB
Node 1 Inactive(anon):      460 kB
Node 1 Active(file):      24640 kB
Node 1 Inactive(file):    74672 kB
Node 1 Unevictable:        5116 kB
Node 1 Mlocked:            5116 kB
Node 1 Dirty:                32 kB
Node 1 Writeback:             0 kB
Node 1 FilePages:        105108 kB
Node 1 Mapped:            38004 kB
Node 1 AnonPages:         12812 kB
Node 1 Shmem:               684 kB
Node 1 KernelStack:        2648 kB
Node 1 PageTables:          644 kB
Node 1 NFS_Unstable:          0 kB
Node 1 Bounce:                0 kB
Node 1 WritebackTmp:          0 kB
Node 1 KReclaimable:      21588 kB
Node 1 Slab:              89156 kB
Node 1 SReclaimable:      21588 kB
Node 1 SUnreclaim:        67568 kB
Node 1 AnonHugePages:         0 kB
Node 1 ShmemHugePages:        0 kB
Node 1 ShmemPmdMapped:        0 kB
Node 1 FileHugePages:        0 kB
Node 1 FilePmdMapped:        0 kB
Node 1 HugePages_Total:     0
Node 1 HugePages_Free:      0
Node 1 HugePages_Surp:      0

After Opposite Node
Node 0 MemTotal:       24743736 kB
Node 0 MemFree:        23906048 kB
Node 0 MemUsed:          837688 kB
Node 0 Active:            64748 kB
Node 0 Inactive:          20900 kB
Node 0 Active(anon):      20124 kB
Node 0 Inactive(anon):      472 kB
Node 0 Active(file):      44624 kB
Node 0 Inactive(file):    20428 kB
Node 0 Unevictable:       13404 kB
Node 0 Mlocked:           13404 kB
Node 0 Dirty:                24 kB
Node 0 Writeback:             0 kB
Node 0 FilePages:         68804 kB
Node 0 Mapped:            15524 kB
Node 0 AnonPages:         30116 kB
Node 0 Shmem:               672 kB
Node 0 KernelStack:        1992 kB
Node 0 PageTables:          632 kB
Node 0 NFS_Unstable:          0 kB
Node 0 Bounce:                0 kB
Node 0 WritebackTmp:          0 kB
Node 0 KReclaimable:      22376 kB
Node 0 Slab:              63996 kB
Node 0 SReclaimable:      22376 kB
Node 0 SUnreclaim:        41620 kB
Node 0 AnonHugePages:         0 kB
Node 0 ShmemHugePages:        0 kB
Node 0 ShmemPmdMapped:        0 kB
Node 0 FileHugePages:        0 kB
Node 0 FilePmdMapped:        0 kB
Node 0 HugePages_Total:     0
Node 0 HugePages_Free:      0
Node 0 HugePages_Surp:      0

Node 1 MemTotal:       24686196 kB
Node 1 MemFree:        15633728 kB
Node 1 MemUsed:         9052468 kB
Node 1 Active:            37756 kB
Node 1 Inactive:          74964 kB
Node 1 Active(anon):      12948 kB
Node 1 Inactive(anon):      436 kB
Node 1 Active(file):      24808 kB
Node 1 Inactive(file):    74528 kB
Node 1 Unevictable:        5116 kB
Node 1 Mlocked:            5116 kB
Node 1 Dirty:                12 kB
Node 1 Writeback:             0 kB
Node 1 FilePages:        105096 kB
Node 1 Mapped:            37952 kB
Node 1 AnonPages:         12744 kB
Node 1 Shmem:               640 kB
Node 1 KernelStack:        2616 kB
Node 1 PageTables:          524 kB
Node 1 NFS_Unstable:          0 kB
Node 1 Bounce:                0 kB
Node 1 WritebackTmp:          0 kB
Node 1 KReclaimable:      21592 kB
Node 1 Slab:              88176 kB
Node 1 SReclaimable:      21592 kB
Node 1 SUnreclaim:        66584 kB
Node 1 AnonHugePages:         0 kB
Node 1 ShmemHugePages:        0 kB
Node 1 ShmemPmdMapped:        0 kB
Node 1 FileHugePages:        0 kB
Node 1 FilePmdMapped:        0 kB
Node 1 HugePages_Total:     0
Node 1 HugePages_Free:      0
Node 1 HugePages_Surp:      0

U.1.fio.8G.2.O Complete!
