55 Tests Remaining!
B.1.simpleread.250M.2.O.1M
Begin
Node 0 MemTotal:       24768352 kB
Node 0 MemFree:        24306180 kB
Node 0 MemUsed:          462172 kB
Node 0 Active:            51996 kB
Node 0 Inactive:         116116 kB
Node 0 Active(anon):      24828 kB
Node 0 Inactive(anon):      472 kB
Node 0 Active(file):      27168 kB
Node 0 Inactive(file):   115644 kB
Node 0 Unevictable:        4936 kB
Node 0 Mlocked:            4936 kB
Node 0 Dirty:                44 kB
Node 0 Writeback:             0 kB
Node 0 FilePages:        148432 kB
Node 0 Mapped:            87972 kB
Node 0 AnonPages:         24460 kB
Node 0 Shmem:               660 kB
Node 0 KernelStack:        2520 kB
Node 0 PageTables:         1048 kB
Node 0 NFS_Unstable:          0 kB
Node 0 Bounce:                0 kB
Node 0 WritebackTmp:          0 kB
Node 0 KReclaimable:      21072 kB
Node 0 Slab:              64888 kB
Node 0 SReclaimable:      21072 kB
Node 0 SUnreclaim:        43816 kB
Node 0 AnonHugePages:         0 kB
Node 0 ShmemHugePages:        0 kB
Node 0 ShmemPmdMapped:        0 kB
Node 0 FileHugePages:        0 kB
Node 0 FilePmdMapped:        0 kB
Node 0 HugePages_Total:     0
Node 0 HugePages_Free:      0
Node 0 HugePages_Surp:      0

Node 1 MemTotal:       24661580 kB
Node 1 MemFree:        24430028 kB
Node 1 MemUsed:          231552 kB
Node 1 Active:            48404 kB
Node 1 Inactive:          51244 kB
Node 1 Active(anon):       9716 kB
Node 1 Inactive(anon):      392 kB
Node 1 Active(file):      38688 kB
Node 1 Inactive(file):    50852 kB
Node 1 Unevictable:       13588 kB
Node 1 Mlocked:           13588 kB
Node 1 Dirty:                24 kB
Node 1 Writeback:             0 kB
Node 1 FilePages:         93412 kB
Node 1 Mapped:            16508 kB
Node 1 AnonPages:         19904 kB
Node 1 Shmem:               608 kB
Node 1 KernelStack:        1320 kB
Node 1 PageTables:          468 kB
Node 1 NFS_Unstable:          0 kB
Node 1 Bounce:                0 kB
Node 1 WritebackTmp:          0 kB
Node 1 KReclaimable:      21264 kB
Node 1 Slab:              42456 kB
Node 1 SReclaimable:      21264 kB
Node 1 SUnreclaim:        21192 kB
Node 1 AnonHugePages:         0 kB
Node 1 ShmemHugePages:        0 kB
Node 1 ShmemPmdMapped:        0 kB
Node 1 FileHugePages:        0 kB
Node 1 FilePmdMapped:        0 kB
Node 1 HugePages_Total:     0
Node 1 HugePages_Free:      0
Node 1 HugePages_Surp:      0

Load ZFS
Node 0 MemTotal:       24768352 kB
Node 0 MemFree:        24355692 kB
Node 0 MemUsed:          412660 kB
Node 0 Active:            63636 kB
Node 0 Inactive:         187248 kB
Node 0 Active(anon):      35172 kB
Node 0 Inactive(anon):      408 kB
Node 0 Active(file):      28464 kB
Node 0 Inactive(file):   186840 kB
Node 0 Unevictable:        4936 kB
Node 0 Mlocked:            4936 kB
Node 0 Dirty:               440 kB
Node 0 Writeback:             0 kB
Node 0 FilePages:        220820 kB
Node 0 Mapped:            89336 kB
Node 0 AnonPages:         35004 kB
Node 0 Shmem:               580 kB
Node 0 KernelStack:        2404 kB
Node 0 PageTables:          976 kB
Node 0 NFS_Unstable:          0 kB
Node 0 Bounce:                0 kB
Node 0 WritebackTmp:          0 kB
Node 0 KReclaimable:      21524 kB
Node 0 Slab:              65548 kB
Node 0 SReclaimable:      21524 kB
Node 0 SUnreclaim:        44024 kB
Node 0 AnonHugePages:         0 kB
Node 0 ShmemHugePages:        0 kB
Node 0 ShmemPmdMapped:        0 kB
Node 0 FileHugePages:        0 kB
Node 0 FilePmdMapped:        0 kB
Node 0 HugePages_Total:     0
Node 0 HugePages_Free:      0
Node 0 HugePages_Surp:      0

Node 1 MemTotal:       24661580 kB
Node 1 MemFree:        24234128 kB
Node 1 MemUsed:          427452 kB
Node 1 Active:            64976 kB
Node 1 Inactive:          83912 kB
Node 1 Active(anon):      25188 kB
Node 1 Inactive(anon):      536 kB
Node 1 Active(file):      39788 kB
Node 1 Inactive(file):    83376 kB
Node 1 Unevictable:       13820 kB
Node 1 Mlocked:           13820 kB
Node 1 Dirty:                44 kB
Node 1 Writeback:             0 kB
Node 1 FilePages:        127108 kB
Node 1 Mapped:            19260 kB
Node 1 AnonPages:         35512 kB
Node 1 Shmem:               688 kB
Node 1 KernelStack:        1708 kB
Node 1 PageTables:         1744 kB
Node 1 NFS_Unstable:          0 kB
Node 1 Bounce:                0 kB
Node 1 WritebackTmp:          0 kB
Node 1 KReclaimable:      22328 kB
Node 1 Slab:              47844 kB
Node 1 SReclaimable:      22328 kB
Node 1 SUnreclaim:        25516 kB
Node 1 AnonHugePages:         0 kB
Node 1 ShmemHugePages:        0 kB
Node 1 ShmemPmdMapped:        0 kB
Node 1 FileHugePages:        0 kB
Node 1 FilePmdMapped:        0 kB
Node 1 HugePages_Total:     0
Node 1 HugePages_Free:      0
Node 1 HugePages_Surp:      0

Import tank ZPool
Node 0 MemTotal:       24768352 kB
Node 0 MemFree:        24347848 kB
Node 0 MemUsed:          420504 kB
Node 0 Active:            54064 kB
Node 0 Inactive:         188140 kB
Node 0 Active(anon):      24932 kB
Node 0 Inactive(anon):      416 kB
Node 0 Active(file):      29132 kB
Node 0 Inactive(file):   187724 kB
Node 0 Unevictable:        4936 kB
Node 0 Mlocked:            4936 kB
Node 0 Dirty:               524 kB
Node 0 Writeback:             0 kB
Node 0 FilePages:        222380 kB
Node 0 Mapped:            88440 kB
Node 0 AnonPages:         24444 kB
Node 0 Shmem:               584 kB
Node 0 KernelStack:        3512 kB
Node 0 PageTables:         1016 kB
Node 0 NFS_Unstable:          0 kB
Node 0 Bounce:                0 kB
Node 0 WritebackTmp:          0 kB
Node 0 KReclaimable:      21676 kB
Node 0 Slab:              71592 kB
Node 0 SReclaimable:      21676 kB
Node 0 SUnreclaim:        49916 kB
Node 0 AnonHugePages:         0 kB
Node 0 ShmemHugePages:        0 kB
Node 0 ShmemPmdMapped:        0 kB
Node 0 FileHugePages:        0 kB
Node 0 FilePmdMapped:        0 kB
Node 0 HugePages_Total:     0
Node 0 HugePages_Free:      0
Node 0 HugePages_Surp:      0

Node 1 MemTotal:       24661580 kB
Node 1 MemFree:        24253096 kB
Node 1 MemUsed:          408484 kB
Node 1 Active:            48648 kB
Node 1 Inactive:          83808 kB
Node 1 Active(anon):       8632 kB
Node 1 Inactive(anon):      532 kB
Node 1 Active(file):      40016 kB
Node 1 Inactive(file):    83276 kB
Node 1 Unevictable:       13820 kB
Node 1 Mlocked:           13820 kB
Node 1 Dirty:                52 kB
Node 1 Writeback:             0 kB
Node 1 FilePages:        127232 kB
Node 1 Mapped:            16600 kB
Node 1 AnonPages:         19040 kB
Node 1 Shmem:               684 kB
Node 1 KernelStack:        1208 kB
Node 1 PageTables:          384 kB
Node 1 NFS_Unstable:          0 kB
Node 1 Bounce:                0 kB
Node 1 WritebackTmp:          0 kB
Node 1 KReclaimable:      22328 kB
Node 1 Slab:              47716 kB
Node 1 SReclaimable:      22328 kB
Node 1 SUnreclaim:        25388 kB
Node 1 AnonHugePages:         0 kB
Node 1 ShmemHugePages:        0 kB
Node 1 ShmemPmdMapped:        0 kB
Node 1 FileHugePages:        0 kB
Node 1 FilePmdMapped:        0 kB
Node 1 HugePages_Total:     0
Node 1 HugePages_Free:      0
Node 1 HugePages_Surp:      0

After Test
Node 0 MemTotal:       24768352 kB
Node 0 MemFree:        24265380 kB
Node 0 MemUsed:          502972 kB
Node 0 Active:            54752 kB
Node 0 Inactive:         187840 kB
Node 0 Active(anon):      25316 kB
Node 0 Inactive(anon):      416 kB
Node 0 Active(file):      29436 kB
Node 0 Inactive(file):   187424 kB
Node 0 Unevictable:        4936 kB
Node 0 Mlocked:            4936 kB
Node 0 Dirty:               524 kB
Node 0 Writeback:             0 kB
Node 0 FilePages:        222380 kB
Node 0 Mapped:            88508 kB
Node 0 AnonPages:         25244 kB
Node 0 Shmem:               584 kB
Node 0 KernelStack:        3512 kB
Node 0 PageTables:          968 kB
Node 0 NFS_Unstable:          0 kB
Node 0 Bounce:                0 kB
Node 0 WritebackTmp:          0 kB
Node 0 KReclaimable:      21676 kB
Node 0 Slab:              71604 kB
Node 0 SReclaimable:      21676 kB
Node 0 SUnreclaim:        49928 kB
Node 0 AnonHugePages:         0 kB
Node 0 ShmemHugePages:        0 kB
Node 0 ShmemPmdMapped:        0 kB
Node 0 FileHugePages:        0 kB
Node 0 FilePmdMapped:        0 kB
Node 0 HugePages_Total:     0
Node 0 HugePages_Free:      0
Node 0 HugePages_Surp:      0

Node 1 MemTotal:       24661580 kB
Node 1 MemFree:        23800816 kB
Node 1 MemUsed:          860764 kB
Node 1 Active:            49420 kB
Node 1 Inactive:          83856 kB
Node 1 Active(anon):       8996 kB
Node 1 Inactive(anon):      532 kB
Node 1 Active(file):      40424 kB
Node 1 Inactive(file):    83324 kB
Node 1 Unevictable:       13820 kB
Node 1 Mlocked:           13820 kB
Node 1 Dirty:                52 kB
Node 1 Writeback:             0 kB
Node 1 FilePages:        127688 kB
Node 1 Mapped:            16580 kB
Node 1 AnonPages:         19056 kB
Node 1 Shmem:               684 kB
Node 1 KernelStack:        1256 kB
Node 1 PageTables:          432 kB
Node 1 NFS_Unstable:          0 kB
Node 1 Bounce:                0 kB
Node 1 WritebackTmp:          0 kB
Node 1 KReclaimable:      22400 kB
Node 1 Slab:              51376 kB
Node 1 SReclaimable:      22400 kB
Node 1 SUnreclaim:        28976 kB
Node 1 AnonHugePages:         0 kB
Node 1 ShmemHugePages:        0 kB
Node 1 ShmemPmdMapped:        0 kB
Node 1 FileHugePages:        0 kB
Node 1 FilePmdMapped:        0 kB
Node 1 HugePages_Total:     0
Node 1 HugePages_Free:      0
Node 1 HugePages_Surp:      0

After Opposite Node
Node 0 MemTotal:       24768352 kB
Node 0 MemFree:        24264324 kB
Node 0 MemUsed:          504028 kB
Node 0 Active:            54484 kB
Node 0 Inactive:         187572 kB
Node 0 Active(anon):      24780 kB
Node 0 Inactive(anon):      412 kB
Node 0 Active(file):      29704 kB
Node 0 Inactive(file):   187160 kB
Node 0 Unevictable:        4936 kB
Node 0 Mlocked:            4936 kB
Node 0 Dirty:               524 kB
Node 0 Writeback:             0 kB
Node 0 FilePages:        222384 kB
Node 0 Mapped:            88300 kB
Node 0 AnonPages:         24420 kB
Node 0 Shmem:               584 kB
Node 0 KernelStack:        3512 kB
Node 0 PageTables:         1048 kB
Node 0 NFS_Unstable:          0 kB
Node 0 Bounce:                0 kB
Node 0 WritebackTmp:          0 kB
Node 0 KReclaimable:      21676 kB
Node 0 Slab:              71640 kB
Node 0 SReclaimable:      21676 kB
Node 0 SUnreclaim:        49964 kB
Node 0 AnonHugePages:         0 kB
Node 0 ShmemHugePages:        0 kB
Node 0 ShmemPmdMapped:        0 kB
Node 0 FileHugePages:        0 kB
Node 0 FilePmdMapped:        0 kB
Node 0 HugePages_Total:     0
Node 0 HugePages_Free:      0
Node 0 HugePages_Surp:      0

Node 1 MemTotal:       24661580 kB
Node 1 MemFree:        23801144 kB
Node 1 MemUsed:          860436 kB
Node 1 Active:            49380 kB
Node 1 Inactive:          83840 kB
Node 1 Active(anon):       8924 kB
Node 1 Inactive(anon):      528 kB
Node 1 Active(file):      40456 kB
Node 1 Inactive(file):    83312 kB
Node 1 Unevictable:       13820 kB
Node 1 Mlocked:           13820 kB
Node 1 Dirty:                72 kB
Node 1 Writeback:             0 kB
Node 1 FilePages:        127708 kB
Node 1 Mapped:            16572 kB
Node 1 AnonPages:         19344 kB
Node 1 Shmem:               684 kB
Node 1 KernelStack:        1240 kB
Node 1 PageTables:          384 kB
Node 1 NFS_Unstable:          0 kB
Node 1 Bounce:                0 kB
Node 1 WritebackTmp:          0 kB
Node 1 KReclaimable:      22400 kB
Node 1 Slab:              51404 kB
Node 1 SReclaimable:      22400 kB
Node 1 SUnreclaim:        29004 kB
Node 1 AnonHugePages:         0 kB
Node 1 ShmemHugePages:        0 kB
Node 1 ShmemPmdMapped:        0 kB
Node 1 FileHugePages:        0 kB
Node 1 FilePmdMapped:        0 kB
Node 1 HugePages_Total:     0
Node 1 HugePages_Free:      0
Node 1 HugePages_Surp:      0

B.1.simpleread.250M.2.O.1M Complete!
