kernel.numa_balancing = 0
B.0.simpleread.250M.1.O.1M
Begin
Node 0 MemTotal:       24768360 kB
Node 0 MemFree:        24457232 kB
Node 0 MemUsed:          311128 kB
Node 0 Active:            61132 kB
Node 0 Inactive:          93964 kB
Node 0 Active(anon):      22084 kB
Node 0 Inactive(anon):      396 kB
Node 0 Active(file):      39048 kB
Node 0 Inactive(file):    93568 kB
Node 0 Unevictable:       12420 kB
Node 0 Mlocked:           12420 kB
Node 0 Dirty:                 0 kB
Node 0 Writeback:             0 kB
Node 0 FilePages:        135320 kB
Node 0 Mapped:            78312 kB
Node 0 AnonPages:         32308 kB
Node 0 Shmem:               576 kB
Node 0 KernelStack:        2264 kB
Node 0 PageTables:         1108 kB
Node 0 NFS_Unstable:          0 kB
Node 0 Bounce:                0 kB
Node 0 WritebackTmp:          0 kB
Node 0 KReclaimable:      24740 kB
Node 0 Slab:              62360 kB
Node 0 SReclaimable:      24740 kB
Node 0 SUnreclaim:        37620 kB
Node 0 AnonHugePages:         0 kB
Node 0 ShmemHugePages:        0 kB
Node 0 ShmemPmdMapped:        0 kB
Node 0 FileHugePages:        0 kB
Node 0 FilePmdMapped:        0 kB
Node 0 HugePages_Total:     0
Node 0 HugePages_Free:      0
Node 0 HugePages_Surp:      0

Node 1 MemTotal:       24661580 kB
Node 1 MemFree:        24303980 kB
Node 1 MemUsed:          357600 kB
Node 1 Active:            34848 kB
Node 1 Inactive:          52428 kB
Node 1 Active(anon):      11740 kB
Node 1 Inactive(anon):      492 kB
Node 1 Active(file):      23108 kB
Node 1 Inactive(file):    51936 kB
Node 1 Unevictable:        6100 kB
Node 1 Mlocked:            6100 kB
Node 1 Dirty:                 0 kB
Node 1 Writeback:             0 kB
Node 1 FilePages:         81860 kB
Node 1 Mapped:            14540 kB
Node 1 AnonPages:         11540 kB
Node 1 Shmem:               692 kB
Node 1 KernelStack:        1368 kB
Node 1 PageTables:          252 kB
Node 1 NFS_Unstable:          0 kB
Node 1 Bounce:                0 kB
Node 1 WritebackTmp:          0 kB
Node 1 KReclaimable:      17168 kB
Node 1 Slab:              44664 kB
Node 1 SReclaimable:      17168 kB
Node 1 SUnreclaim:        27496 kB
Node 1 AnonHugePages:         0 kB
Node 1 ShmemHugePages:        0 kB
Node 1 ShmemPmdMapped:        0 kB
Node 1 FileHugePages:        0 kB
Node 1 FilePmdMapped:        0 kB
Node 1 HugePages_Total:     0
Node 1 HugePages_Free:      0
Node 1 HugePages_Surp:      0

Load ZFS
Node 0 MemTotal:       24768360 kB
Node 0 MemFree:        24413024 kB
Node 0 MemUsed:          355336 kB
Node 0 Active:            77744 kB
Node 0 Inactive:         114600 kB
Node 0 Active(anon):      37352 kB
Node 0 Inactive(anon):      384 kB
Node 0 Active(file):      40392 kB
Node 0 Inactive(file):   114216 kB
Node 0 Unevictable:       12636 kB
Node 0 Mlocked:           12636 kB
Node 0 Dirty:               424 kB
Node 0 Writeback:             0 kB
Node 0 FilePages:        157640 kB
Node 0 Mapped:            80868 kB
Node 0 AnonPages:         47360 kB
Node 0 Shmem:               796 kB
Node 0 KernelStack:        2812 kB
Node 0 PageTables:         2592 kB
Node 0 NFS_Unstable:          0 kB
Node 0 Bounce:                0 kB
Node 0 WritebackTmp:          0 kB
Node 0 KReclaimable:      25324 kB
Node 0 Slab:              66052 kB
Node 0 SReclaimable:      25324 kB
Node 0 SUnreclaim:        40728 kB
Node 0 AnonHugePages:         0 kB
Node 0 ShmemHugePages:        0 kB
Node 0 ShmemPmdMapped:        0 kB
Node 0 FileHugePages:        0 kB
Node 0 FilePmdMapped:        0 kB
Node 0 HugePages_Total:     0
Node 0 HugePages_Free:      0
Node 0 HugePages_Surp:      0

Node 1 MemTotal:       24661580 kB
Node 1 MemFree:        24203652 kB
Node 1 MemUsed:          457928 kB
Node 1 Active:            47672 kB
Node 1 Inactive:         135256 kB
Node 1 Active(anon):      23460 kB
Node 1 Inactive(anon):      132 kB
Node 1 Active(file):      24212 kB
Node 1 Inactive(file):   135124 kB
Node 1 Unevictable:        6100 kB
Node 1 Mlocked:            6100 kB
Node 1 Dirty:                28 kB
Node 1 Writeback:             0 kB
Node 1 FilePages:        166356 kB
Node 1 Mapped:            16908 kB
Node 1 AnonPages:         23176 kB
Node 1 Shmem:               472 kB
Node 1 KernelStack:        1504 kB
Node 1 PageTables:          528 kB
Node 1 NFS_Unstable:          0 kB
Node 1 Bounce:                0 kB
Node 1 WritebackTmp:          0 kB
Node 1 KReclaimable:      17832 kB
Node 1 Slab:              48240 kB
Node 1 SReclaimable:      17832 kB
Node 1 SUnreclaim:        30408 kB
Node 1 AnonHugePages:         0 kB
Node 1 ShmemHugePages:        0 kB
Node 1 ShmemPmdMapped:        0 kB
Node 1 FileHugePages:        0 kB
Node 1 FilePmdMapped:        0 kB
Node 1 HugePages_Total:     0
Node 1 HugePages_Free:      0
Node 1 HugePages_Surp:      0

Import tank ZPool
Node 0 MemTotal:       24768360 kB
Node 0 MemFree:        24413852 kB
Node 0 MemUsed:          354508 kB
Node 0 Active:            76828 kB
Node 0 Inactive:         114272 kB
Node 0 Active(anon):      36496 kB
Node 0 Inactive(anon):      432 kB
Node 0 Active(file):      40332 kB
Node 0 Inactive(file):   113840 kB
Node 0 Unevictable:       12652 kB
Node 0 Mlocked:           12652 kB
Node 0 Dirty:               512 kB
Node 0 Writeback:             0 kB
Node 0 FilePages:        156864 kB
Node 0 Mapped:            80452 kB
Node 0 AnonPages:         46924 kB
Node 0 Shmem:               564 kB
Node 0 KernelStack:        2728 kB
Node 0 PageTables:         2276 kB
Node 0 NFS_Unstable:          0 kB
Node 0 Bounce:                0 kB
Node 0 WritebackTmp:          0 kB
Node 0 KReclaimable:      25292 kB
Node 0 Slab:              66432 kB
Node 0 SReclaimable:      25292 kB
Node 0 SUnreclaim:        41140 kB
Node 0 AnonHugePages:         0 kB
Node 0 ShmemHugePages:        0 kB
Node 0 ShmemPmdMapped:        0 kB
Node 0 FileHugePages:        0 kB
Node 0 FilePmdMapped:        0 kB
Node 0 HugePages_Total:     0
Node 0 HugePages_Free:      0
Node 0 HugePages_Surp:      0

Node 1 MemTotal:       24661580 kB
Node 1 MemFree:        24184780 kB
Node 1 MemUsed:          476800 kB
Node 1 Active:            48628 kB
Node 1 Inactive:         136976 kB
Node 1 Active(anon):      23888 kB
Node 1 Inactive(anon):      516 kB
Node 1 Active(file):      24740 kB
Node 1 Inactive(file):   136460 kB
Node 1 Unevictable:        6100 kB
Node 1 Mlocked:            6100 kB
Node 1 Dirty:                44 kB
Node 1 Writeback:             0 kB
Node 1 FilePages:        168020 kB
Node 1 Mapped:            16872 kB
Node 1 AnonPages:         23476 kB
Node 1 Shmem:               704 kB
Node 1 KernelStack:        2504 kB
Node 1 PageTables:          592 kB
Node 1 NFS_Unstable:          0 kB
Node 1 Bounce:                0 kB
Node 1 WritebackTmp:          0 kB
Node 1 KReclaimable:      18336 kB
Node 1 Slab:              54456 kB
Node 1 SReclaimable:      18336 kB
Node 1 SUnreclaim:        36120 kB
Node 1 AnonHugePages:         0 kB
Node 1 ShmemHugePages:        0 kB
Node 1 ShmemPmdMapped:        0 kB
Node 1 FileHugePages:        0 kB
Node 1 FilePmdMapped:        0 kB
Node 1 HugePages_Total:     0
Node 1 HugePages_Free:      0
Node 1 HugePages_Surp:      0

After Test
Node 0 MemTotal:       24768360 kB
Node 0 MemFree:        23938640 kB
Node 0 MemUsed:          829720 kB
Node 0 Active:            77228 kB
Node 0 Inactive:         114220 kB
Node 0 Active(anon):      36524 kB
Node 0 Inactive(anon):      432 kB
Node 0 Active(file):      40704 kB
Node 0 Inactive(file):   113788 kB
Node 0 Unevictable:       12652 kB
Node 0 Mlocked:           12652 kB
Node 0 Dirty:                44 kB
Node 0 Writeback:             0 kB
Node 0 FilePages:        157156 kB
Node 0 Mapped:            80468 kB
Node 0 AnonPages:         46844 kB
Node 0 Shmem:               564 kB
Node 0 KernelStack:        2792 kB
Node 0 PageTables:         2332 kB
Node 0 NFS_Unstable:          0 kB
Node 0 Bounce:                0 kB
Node 0 WritebackTmp:          0 kB
Node 0 KReclaimable:      25332 kB
Node 0 Slab:              70028 kB
Node 0 SReclaimable:      25332 kB
Node 0 SUnreclaim:        44696 kB
Node 0 AnonHugePages:         0 kB
Node 0 ShmemHugePages:        0 kB
Node 0 ShmemPmdMapped:        0 kB
Node 0 FileHugePages:        0 kB
Node 0 FilePmdMapped:        0 kB
Node 0 HugePages_Total:     0
Node 0 HugePages_Free:      0
Node 0 HugePages_Surp:      0

Node 1 MemTotal:       24661580 kB
Node 1 MemFree:        24128096 kB
Node 1 MemUsed:          533484 kB
Node 1 Active:            48304 kB
Node 1 Inactive:         136768 kB
Node 1 Active(anon):      23312 kB
Node 1 Inactive(anon):      508 kB
Node 1 Active(file):      24992 kB
Node 1 Inactive(file):   136260 kB
Node 1 Unevictable:        6100 kB
Node 1 Mlocked:            6100 kB
Node 1 Dirty:                44 kB
Node 1 Writeback:             0 kB
Node 1 FilePages:        168052 kB
Node 1 Mapped:            16512 kB
Node 1 AnonPages:         23164 kB
Node 1 Shmem:               704 kB
Node 1 KernelStack:        2456 kB
Node 1 PageTables:          480 kB
Node 1 NFS_Unstable:          0 kB
Node 1 Bounce:                0 kB
Node 1 WritebackTmp:          0 kB
Node 1 KReclaimable:      18336 kB
Node 1 Slab:              54424 kB
Node 1 SReclaimable:      18336 kB
Node 1 SUnreclaim:        36088 kB
Node 1 AnonHugePages:         0 kB
Node 1 ShmemHugePages:        0 kB
Node 1 ShmemPmdMapped:        0 kB
Node 1 FileHugePages:        0 kB
Node 1 FilePmdMapped:        0 kB
Node 1 HugePages_Total:     0
Node 1 HugePages_Free:      0
Node 1 HugePages_Surp:      0

After Opposite Node
Node 0 MemTotal:       24768360 kB
Node 0 MemFree:        23938380 kB
Node 0 MemUsed:          829980 kB
Node 0 Active:            77296 kB
Node 0 Inactive:         114040 kB
Node 0 Active(anon):      36404 kB
Node 0 Inactive(anon):      432 kB
Node 0 Active(file):      40892 kB
Node 0 Inactive(file):   113608 kB
Node 0 Unevictable:       12652 kB
Node 0 Mlocked:           12652 kB
Node 0 Dirty:                52 kB
Node 0 Writeback:             0 kB
Node 0 FilePages:        157164 kB
Node 0 Mapped:            80396 kB
Node 0 AnonPages:         46828 kB
Node 0 Shmem:               564 kB
Node 0 KernelStack:        2728 kB
Node 0 PageTables:         2276 kB
Node 0 NFS_Unstable:          0 kB
Node 0 Bounce:                0 kB
Node 0 WritebackTmp:          0 kB
Node 0 KReclaimable:      25332 kB
Node 0 Slab:              70036 kB
Node 0 SReclaimable:      25332 kB
Node 0 SUnreclaim:        44704 kB
Node 0 AnonHugePages:         0 kB
Node 0 ShmemHugePages:        0 kB
Node 0 ShmemPmdMapped:        0 kB
Node 0 FileHugePages:        0 kB
Node 0 FilePmdMapped:        0 kB
Node 0 HugePages_Total:     0
Node 0 HugePages_Free:      0
Node 0 HugePages_Surp:      0

Node 1 MemTotal:       24661580 kB
Node 1 MemFree:        24128008 kB
Node 1 MemUsed:          533572 kB
Node 1 Active:            48596 kB
Node 1 Inactive:         136768 kB
Node 1 Active(anon):      23604 kB
Node 1 Inactive(anon):      508 kB
Node 1 Active(file):      24992 kB
Node 1 Inactive(file):   136260 kB
Node 1 Unevictable:        6100 kB
Node 1 Mlocked:            6100 kB
Node 1 Dirty:                44 kB
Node 1 Writeback:             0 kB
Node 1 FilePages:        168052 kB
Node 1 Mapped:            16512 kB
Node 1 AnonPages:         23172 kB
Node 1 Shmem:               704 kB
Node 1 KernelStack:        2440 kB
Node 1 PageTables:          480 kB
Node 1 NFS_Unstable:          0 kB
Node 1 Bounce:                0 kB
Node 1 WritebackTmp:          0 kB
Node 1 KReclaimable:      18336 kB
Node 1 Slab:              54424 kB
Node 1 SReclaimable:      18336 kB
Node 1 SUnreclaim:        36088 kB
Node 1 AnonHugePages:         0 kB
Node 1 ShmemHugePages:        0 kB
Node 1 ShmemPmdMapped:        0 kB
Node 1 FileHugePages:        0 kB
Node 1 FilePmdMapped:        0 kB
Node 1 HugePages_Total:     0
Node 1 HugePages_Free:      0
Node 1 HugePages_Surp:      0

B.0.simpleread.250M.1.O.1M Complete!
