kernel.numa_balancing = 0
B.0.simpleread.2-1G.1.O.1M
Begin
Node 0 MemTotal:       24743736 kB
Node 0 MemFree:        24393764 kB
Node 0 MemUsed:          349972 kB
Node 0 Active:            32592 kB
Node 0 Inactive:          47204 kB
Node 0 Active(anon):      13028 kB
Node 0 Inactive(anon):      388 kB
Node 0 Active(file):      19564 kB
Node 0 Inactive(file):    46816 kB
Node 0 Unevictable:        1404 kB
Node 0 Mlocked:            1404 kB
Node 0 Dirty:               332 kB
Node 0 Writeback:             0 kB
Node 0 FilePages:         68412 kB
Node 0 Mapped:            27116 kB
Node 0 AnonPages:         12840 kB
Node 0 Shmem:               628 kB
Node 0 KernelStack:        2360 kB
Node 0 PageTables:          592 kB
Node 0 NFS_Unstable:          0 kB
Node 0 Bounce:                0 kB
Node 0 WritebackTmp:          0 kB
Node 0 KReclaimable:      18200 kB
Node 0 Slab:              52692 kB
Node 0 SReclaimable:      18200 kB
Node 0 SUnreclaim:        34492 kB
Node 0 AnonHugePages:         0 kB
Node 0 ShmemHugePages:        0 kB
Node 0 ShmemPmdMapped:        0 kB
Node 0 FileHugePages:        0 kB
Node 0 FilePmdMapped:        0 kB
Node 0 HugePages_Total:     0
Node 0 HugePages_Free:      0
Node 0 HugePages_Surp:      0

Node 1 MemTotal:       24686196 kB
Node 1 MemFree:        24397108 kB
Node 1 MemUsed:          289088 kB
Node 1 Active:            63696 kB
Node 1 Inactive:          71468 kB
Node 1 Active(anon):      20296 kB
Node 1 Inactive(anon):      476 kB
Node 1 Active(file):      43400 kB
Node 1 Inactive(file):    70992 kB
Node 1 Unevictable:       17116 kB
Node 1 Mlocked:           17116 kB
Node 1 Dirty:               196 kB
Node 1 Writeback:             0 kB
Node 1 FilePages:        121964 kB
Node 1 Mapped:            35888 kB
Node 1 AnonPages:         30776 kB
Node 1 Shmem:               640 kB
Node 1 KernelStack:        1272 kB
Node 1 PageTables:          540 kB
Node 1 NFS_Unstable:          0 kB
Node 1 Bounce:                0 kB
Node 1 WritebackTmp:          0 kB
Node 1 KReclaimable:      22760 kB
Node 1 Slab:              51348 kB
Node 1 SReclaimable:      22760 kB
Node 1 SUnreclaim:        28588 kB
Node 1 AnonHugePages:         0 kB
Node 1 ShmemHugePages:        0 kB
Node 1 ShmemPmdMapped:        0 kB
Node 1 FileHugePages:        0 kB
Node 1 FilePmdMapped:        0 kB
Node 1 HugePages_Total:     0
Node 1 HugePages_Free:      0
Node 1 HugePages_Surp:      0

Load ZFS
Node 0 MemTotal:       24743736 kB
Node 0 MemFree:        24412892 kB
Node 0 MemUsed:          330844 kB
Node 0 Active:            45696 kB
Node 0 Inactive:         142392 kB
Node 0 Active(anon):      24936 kB
Node 0 Inactive(anon):      540 kB
Node 0 Active(file):      20760 kB
Node 0 Inactive(file):   141852 kB
Node 0 Unevictable:        1404 kB
Node 0 Mlocked:            1404 kB
Node 0 Dirty:               272 kB
Node 0 Writeback:             0 kB
Node 0 FilePages:        164736 kB
Node 0 Mapped:            28704 kB
Node 0 AnonPages:         24672 kB
Node 0 Shmem:               720 kB
Node 0 KernelStack:        2484 kB
Node 0 PageTables:         1032 kB
Node 0 NFS_Unstable:          0 kB
Node 0 Bounce:                0 kB
Node 0 WritebackTmp:          0 kB
Node 0 KReclaimable:      19180 kB
Node 0 Slab:              56744 kB
Node 0 SReclaimable:      19180 kB
Node 0 SUnreclaim:        37564 kB
Node 0 AnonHugePages:         0 kB
Node 0 ShmemHugePages:        0 kB
Node 0 ShmemPmdMapped:        0 kB
Node 0 FileHugePages:        0 kB
Node 0 FilePmdMapped:        0 kB
Node 0 HugePages_Total:     0
Node 0 HugePages_Free:      0
Node 0 HugePages_Surp:      0

Node 1 MemTotal:       24686196 kB
Node 1 MemFree:        24235292 kB
Node 1 MemUsed:          450904 kB
Node 1 Active:            79076 kB
Node 1 Inactive:          79848 kB
Node 1 Active(anon):      34292 kB
Node 1 Inactive(anon):      400 kB
Node 1 Active(file):      44784 kB
Node 1 Inactive(file):    79448 kB
Node 1 Unevictable:       17316 kB
Node 1 Mlocked:           17316 kB
Node 1 Dirty:               396 kB
Node 1 Writeback:             0 kB
Node 1 FilePages:        131604 kB
Node 1 Mapped:            38340 kB
Node 1 AnonPages:         44192 kB
Node 1 Shmem:               548 kB
Node 1 KernelStack:        1692 kB
Node 1 PageTables:         2148 kB
Node 1 NFS_Unstable:          0 kB
Node 1 Bounce:                0 kB
Node 1 WritebackTmp:          0 kB
Node 1 KReclaimable:      23632 kB
Node 1 Slab:              55116 kB
Node 1 SReclaimable:      23632 kB
Node 1 SUnreclaim:        31484 kB
Node 1 AnonHugePages:         0 kB
Node 1 ShmemHugePages:        0 kB
Node 1 ShmemPmdMapped:        0 kB
Node 1 FileHugePages:        0 kB
Node 1 FilePmdMapped:        0 kB
Node 1 HugePages_Total:     0
Node 1 HugePages_Free:      0
Node 1 HugePages_Surp:      0

Import tank ZPool
Node 0 MemTotal:       24743736 kB
Node 0 MemFree:        24420292 kB
Node 0 MemUsed:          323444 kB
Node 0 Active:            35508 kB
Node 0 Inactive:         142448 kB
Node 0 Active(anon):      14600 kB
Node 0 Inactive(anon):      544 kB
Node 0 Active(file):      20908 kB
Node 0 Inactive(file):   141904 kB
Node 0 Unevictable:        1404 kB
Node 0 Mlocked:            1404 kB
Node 0 Dirty:                 8 kB
Node 0 Writeback:             0 kB
Node 0 FilePages:        164960 kB
Node 0 Mapped:            27552 kB
Node 0 AnonPages:         13592 kB
Node 0 Shmem:               720 kB
Node 0 KernelStack:        2344 kB
Node 0 PageTables:          868 kB
Node 0 NFS_Unstable:          0 kB
Node 0 Bounce:                0 kB
Node 0 WritebackTmp:          0 kB
Node 0 KReclaimable:      19260 kB
Node 0 Slab:              60196 kB
Node 0 SReclaimable:      19260 kB
Node 0 SUnreclaim:        40936 kB
Node 0 AnonHugePages:         0 kB
Node 0 ShmemHugePages:        0 kB
Node 0 ShmemPmdMapped:        0 kB
Node 0 FileHugePages:        0 kB
Node 0 FilePmdMapped:        0 kB
Node 0 HugePages_Total:     0
Node 0 HugePages_Free:      0
Node 0 HugePages_Surp:      0

Node 1 MemTotal:       24686196 kB
Node 1 MemFree:        24231324 kB
Node 1 MemUsed:          454872 kB
Node 1 Active:            65724 kB
Node 1 Inactive:          80264 kB
Node 1 Active(anon):      20040 kB
Node 1 Inactive(anon):      404 kB
Node 1 Active(file):      45684 kB
Node 1 Inactive(file):    79860 kB
Node 1 Unevictable:       17348 kB
Node 1 Mlocked:           17348 kB
Node 1 Dirty:                12 kB
Node 1 Writeback:             0 kB
Node 1 FilePages:        132904 kB
Node 1 Mapped:            36104 kB
Node 1 AnonPages:         30340 kB
Node 1 Shmem:               548 kB
Node 1 KernelStack:        2552 kB
Node 1 PageTables:          844 kB
Node 1 NFS_Unstable:          0 kB
Node 1 Bounce:                0 kB
Node 1 WritebackTmp:          0 kB
Node 1 KReclaimable:      23740 kB
Node 1 Slab:              59180 kB
Node 1 SReclaimable:      23740 kB
Node 1 SUnreclaim:        35440 kB
Node 1 AnonHugePages:         0 kB
Node 1 ShmemHugePages:        0 kB
Node 1 ShmemPmdMapped:        0 kB
Node 1 FileHugePages:        0 kB
Node 1 FilePmdMapped:        0 kB
Node 1 HugePages_Total:     0
Node 1 HugePages_Free:      0
Node 1 HugePages_Surp:      0

After Test
Node 0 MemTotal:       24743736 kB
Node 0 MemFree:        23026840 kB
Node 0 MemUsed:         1716896 kB
Node 0 Active:            35508 kB
Node 0 Inactive:         142060 kB
Node 0 Active(anon):      13924 kB
Node 0 Inactive(anon):      540 kB
Node 0 Active(file):      21584 kB
Node 0 Inactive(file):   141520 kB
Node 0 Unevictable:        1404 kB
Node 0 Mlocked:            1404 kB
Node 0 Dirty:                60 kB
Node 0 Writeback:             0 kB
Node 0 FilePages:        165248 kB
Node 0 Mapped:            27304 kB
Node 0 AnonPages:         13552 kB
Node 0 Shmem:               716 kB
Node 0 KernelStack:        2280 kB
Node 0 PageTables:          672 kB
Node 0 NFS_Unstable:          0 kB
Node 0 Bounce:                0 kB
Node 0 WritebackTmp:          0 kB
Node 0 KReclaimable:      19312 kB
Node 0 Slab:              69068 kB
Node 0 SReclaimable:      19312 kB
Node 0 SUnreclaim:        49756 kB
Node 0 AnonHugePages:         0 kB
Node 0 ShmemHugePages:        0 kB
Node 0 ShmemPmdMapped:        0 kB
Node 0 FileHugePages:        0 kB
Node 0 FilePmdMapped:        0 kB
Node 0 HugePages_Total:     0
Node 0 HugePages_Free:      0
Node 0 HugePages_Surp:      0

Node 1 MemTotal:       24686196 kB
Node 1 MemFree:        23751024 kB
Node 1 MemUsed:          935172 kB
Node 1 Active:            65476 kB
Node 1 Inactive:          80216 kB
Node 1 Active(anon):      19664 kB
Node 1 Inactive(anon):      408 kB
Node 1 Active(file):      45812 kB
Node 1 Inactive(file):    79808 kB
Node 1 Unevictable:       17348 kB
Node 1 Mlocked:           17348 kB
Node 1 Dirty:                28 kB
Node 1 Writeback:             0 kB
Node 1 FilePages:        132976 kB
Node 1 Mapped:            35844 kB
Node 1 AnonPages:         30100 kB
Node 1 Shmem:               552 kB
Node 1 KernelStack:        2472 kB
Node 1 PageTables:          512 kB
Node 1 NFS_Unstable:          0 kB
Node 1 Bounce:                0 kB
Node 1 WritebackTmp:          0 kB
Node 1 KReclaimable:      23836 kB
Node 1 Slab:              60392 kB
Node 1 SReclaimable:      23836 kB
Node 1 SUnreclaim:        36556 kB
Node 1 AnonHugePages:         0 kB
Node 1 ShmemHugePages:        0 kB
Node 1 ShmemPmdMapped:        0 kB
Node 1 FileHugePages:        0 kB
Node 1 FilePmdMapped:        0 kB
Node 1 HugePages_Total:     0
Node 1 HugePages_Free:      0
Node 1 HugePages_Surp:      0

After Opposite Node
Node 0 MemTotal:       24743736 kB
Node 0 MemFree:        23026988 kB
Node 0 MemUsed:         1716748 kB
Node 0 Active:            35476 kB
Node 0 Inactive:         141796 kB
Node 0 Active(anon):      13604 kB
Node 0 Inactive(anon):      536 kB
Node 0 Active(file):      21872 kB
Node 0 Inactive(file):   141260 kB
Node 0 Unevictable:        1404 kB
Node 0 Mlocked:            1404 kB
Node 0 Dirty:                64 kB
Node 0 Writeback:             0 kB
Node 0 FilePages:        165252 kB
Node 0 Mapped:            27240 kB
Node 0 AnonPages:         13444 kB
Node 0 Shmem:               716 kB
Node 0 KernelStack:        2248 kB
Node 0 PageTables:          592 kB
Node 0 NFS_Unstable:          0 kB
Node 0 Bounce:                0 kB
Node 0 WritebackTmp:          0 kB
Node 0 KReclaimable:      19312 kB
Node 0 Slab:              69100 kB
Node 0 SReclaimable:      19312 kB
Node 0 SUnreclaim:        49788 kB
Node 0 AnonHugePages:         0 kB
Node 0 ShmemHugePages:        0 kB
Node 0 ShmemPmdMapped:        0 kB
Node 0 FileHugePages:        0 kB
Node 0 FilePmdMapped:        0 kB
Node 0 HugePages_Total:     0
Node 0 HugePages_Free:      0
Node 0 HugePages_Surp:      0

Node 1 MemTotal:       24686196 kB
Node 1 MemFree:        23749652 kB
Node 1 MemUsed:          936544 kB
Node 1 Active:            65644 kB
Node 1 Inactive:          80204 kB
Node 1 Active(anon):      19788 kB
Node 1 Inactive(anon):      404 kB
Node 1 Active(file):      45856 kB
Node 1 Inactive(file):    79800 kB
Node 1 Unevictable:       17348 kB
Node 1 Mlocked:           17348 kB
Node 1 Dirty:                48 kB
Node 1 Writeback:             0 kB
Node 1 FilePages:        132996 kB
Node 1 Mapped:            35844 kB
Node 1 AnonPages:         30196 kB
Node 1 Shmem:               552 kB
Node 1 KernelStack:        2472 kB
Node 1 PageTables:          536 kB
Node 1 NFS_Unstable:          0 kB
Node 1 Bounce:                0 kB
Node 1 WritebackTmp:          0 kB
Node 1 KReclaimable:      23872 kB
Node 1 Slab:              60468 kB
Node 1 SReclaimable:      23872 kB
Node 1 SUnreclaim:        36596 kB
Node 1 AnonHugePages:         0 kB
Node 1 ShmemHugePages:        0 kB
Node 1 ShmemPmdMapped:        0 kB
Node 1 FileHugePages:        0 kB
Node 1 FilePmdMapped:        0 kB
Node 1 HugePages_Total:     0
Node 1 HugePages_Free:      0
Node 1 HugePages_Surp:      0

B.0.simpleread.2-1G.1.O.1M Complete!
