kernel.numa_balancing = 0
B.0.simpleread.500M.1.O.1M
Begin
Node 0 MemTotal:       24768352 kB
Node 0 MemFree:        24447424 kB
Node 0 MemUsed:          320928 kB
Node 0 Active:            43964 kB
Node 0 Inactive:          62568 kB
Node 0 Active(anon):       7060 kB
Node 0 Inactive(anon):      328 kB
Node 0 Active(file):      36904 kB
Node 0 Inactive(file):    62240 kB
Node 0 Unevictable:       13816 kB
Node 0 Mlocked:           13816 kB
Node 0 Dirty:                16 kB
Node 0 Writeback:             0 kB
Node 0 FilePages:        103160 kB
Node 0 Mapped:            16100 kB
Node 0 AnonPages:         17192 kB
Node 0 Shmem:               528 kB
Node 0 KernelStack:        2120 kB
Node 0 PageTables:          316 kB
Node 0 NFS_Unstable:          0 kB
Node 0 Bounce:                0 kB
Node 0 WritebackTmp:          0 kB
Node 0 KReclaimable:      20232 kB
Node 0 Slab:              50632 kB
Node 0 SReclaimable:      20232 kB
Node 0 SUnreclaim:        30400 kB
Node 0 AnonHugePages:         0 kB
Node 0 ShmemHugePages:        0 kB
Node 0 ShmemPmdMapped:        0 kB
Node 0 FileHugePages:        0 kB
Node 0 FilePmdMapped:        0 kB
Node 0 HugePages_Total:     0
Node 0 HugePages_Free:      0
Node 0 HugePages_Surp:      0

Node 1 MemTotal:       24661580 kB
Node 1 MemFree:        24336124 kB
Node 1 MemUsed:          325456 kB
Node 1 Active:            56908 kB
Node 1 Inactive:          60352 kB
Node 1 Active(anon):      27044 kB
Node 1 Inactive(anon):      544 kB
Node 1 Active(file):      29864 kB
Node 1 Inactive(file):    59808 kB
Node 1 Unevictable:        4708 kB
Node 1 Mlocked:            4708 kB
Node 1 Dirty:               488 kB
Node 1 Writeback:             0 kB
Node 1 FilePages:         95140 kB
Node 1 Mapped:            23320 kB
Node 1 AnonPages:         26868 kB
Node 1 Shmem:               740 kB
Node 1 KernelStack:        1560 kB
Node 1 PageTables:          732 kB
Node 1 NFS_Unstable:          0 kB
Node 1 Bounce:                0 kB
Node 1 WritebackTmp:          0 kB
Node 1 KReclaimable:      21916 kB
Node 1 Slab:              54284 kB
Node 1 SReclaimable:      21916 kB
Node 1 SUnreclaim:        32368 kB
Node 1 AnonHugePages:         0 kB
Node 1 ShmemHugePages:        0 kB
Node 1 ShmemPmdMapped:        0 kB
Node 1 FileHugePages:        0 kB
Node 1 FilePmdMapped:        0 kB
Node 1 HugePages_Total:     0
Node 1 HugePages_Free:      0
Node 1 HugePages_Surp:      0

Load ZFS
Node 0 MemTotal:       24768352 kB
Node 0 MemFree:        24460120 kB
Node 0 MemUsed:          308232 kB
Node 0 Active:            61028 kB
Node 0 Inactive:          91436 kB
Node 0 Active(anon):      23220 kB
Node 0 Inactive(anon):      508 kB
Node 0 Active(file):      37808 kB
Node 0 Inactive(file):    90928 kB
Node 0 Unevictable:       14044 kB
Node 0 Mlocked:           14044 kB
Node 0 Dirty:                 8 kB
Node 0 Writeback:             0 kB
Node 0 FilePages:        132876 kB
Node 0 Mapped:            17920 kB
Node 0 AnonPages:         33480 kB
Node 0 Shmem:               652 kB
Node 0 KernelStack:        2556 kB
Node 0 PageTables:          672 kB
Node 0 NFS_Unstable:          0 kB
Node 0 Bounce:                0 kB
Node 0 WritebackTmp:          0 kB
Node 0 KReclaimable:      20988 kB
Node 0 Slab:              53680 kB
Node 0 SReclaimable:      20988 kB
Node 0 SUnreclaim:        32692 kB
Node 0 AnonHugePages:         0 kB
Node 0 ShmemHugePages:        0 kB
Node 0 ShmemPmdMapped:        0 kB
Node 0 FileHugePages:        0 kB
Node 0 FilePmdMapped:        0 kB
Node 0 HugePages_Total:     0
Node 0 HugePages_Free:      0
Node 0 HugePages_Surp:      0

Node 1 MemTotal:       24661580 kB
Node 1 MemFree:        24177640 kB
Node 1 MemUsed:          483940 kB
Node 1 Active:            69592 kB
Node 1 Inactive:         134916 kB
Node 1 Active(anon):      38144 kB
Node 1 Inactive(anon):      444 kB
Node 1 Active(file):      31448 kB
Node 1 Inactive(file):   134472 kB
Node 1 Unevictable:        4708 kB
Node 1 Mlocked:            4708 kB
Node 1 Dirty:               460 kB
Node 1 Writeback:             0 kB
Node 1 FilePages:        171240 kB
Node 1 Mapped:            25468 kB
Node 1 AnonPages:         37684 kB
Node 1 Shmem:               616 kB
Node 1 KernelStack:        1720 kB
Node 1 PageTables:         1524 kB
Node 1 NFS_Unstable:          0 kB
Node 1 Bounce:                0 kB
Node 1 WritebackTmp:          0 kB
Node 1 KReclaimable:      22656 kB
Node 1 Slab:              58084 kB
Node 1 SReclaimable:      22656 kB
Node 1 SUnreclaim:        35428 kB
Node 1 AnonHugePages:         0 kB
Node 1 ShmemHugePages:        0 kB
Node 1 ShmemPmdMapped:        0 kB
Node 1 FileHugePages:        0 kB
Node 1 FilePmdMapped:        0 kB
Node 1 HugePages_Total:     0
Node 1 HugePages_Free:      0
Node 1 HugePages_Surp:      0

Import tank ZPool
Node 0 MemTotal:       24768352 kB
Node 0 MemFree:        24448036 kB
Node 0 MemUsed:          320316 kB
Node 0 Active:            60760 kB
Node 0 Inactive:          91436 kB
Node 0 Active(anon):      22952 kB
Node 0 Inactive(anon):      504 kB
Node 0 Active(file):      37808 kB
Node 0 Inactive(file):    90932 kB
Node 0 Unevictable:       14044 kB
Node 0 Mlocked:           14044 kB
Node 0 Dirty:                16 kB
Node 0 Writeback:             0 kB
Node 0 FilePages:        132880 kB
Node 0 Mapped:            17600 kB
Node 0 AnonPages:         33360 kB
Node 0 Shmem:               652 kB
Node 0 KernelStack:        3560 kB
Node 0 PageTables:          900 kB
Node 0 NFS_Unstable:          0 kB
Node 0 Bounce:                0 kB
Node 0 WritebackTmp:          0 kB
Node 0 KReclaimable:      21004 kB
Node 0 Slab:              56092 kB
Node 0 SReclaimable:      21004 kB
Node 0 SUnreclaim:        35088 kB
Node 0 AnonHugePages:         0 kB
Node 0 ShmemHugePages:        0 kB
Node 0 ShmemPmdMapped:        0 kB
Node 0 FileHugePages:        0 kB
Node 0 FilePmdMapped:        0 kB
Node 0 HugePages_Total:     0
Node 0 HugePages_Free:      0
Node 0 HugePages_Surp:      0

Node 1 MemTotal:       24661580 kB
Node 1 MemFree:        24173072 kB
Node 1 MemUsed:          488508 kB
Node 1 Active:            70056 kB
Node 1 Inactive:         135860 kB
Node 1 Active(anon):      37836 kB
Node 1 Inactive(anon):      448 kB
Node 1 Active(file):      32220 kB
Node 1 Inactive(file):   135412 kB
Node 1 Unevictable:        4708 kB
Node 1 Mlocked:            4708 kB
Node 1 Dirty:               520 kB
Node 1 Writeback:             0 kB
Node 1 FilePages:        172972 kB
Node 1 Mapped:            25748 kB
Node 1 AnonPages:         37336 kB
Node 1 Shmem:               616 kB
Node 1 KernelStack:        1720 kB
Node 1 PageTables:         1592 kB
Node 1 NFS_Unstable:          0 kB
Node 1 Bounce:                0 kB
Node 1 WritebackTmp:          0 kB
Node 1 KReclaimable:      22780 kB
Node 1 Slab:              63008 kB
Node 1 SReclaimable:      22780 kB
Node 1 SUnreclaim:        40228 kB
Node 1 AnonHugePages:         0 kB
Node 1 ShmemHugePages:        0 kB
Node 1 ShmemPmdMapped:        0 kB
Node 1 FileHugePages:        0 kB
Node 1 FilePmdMapped:        0 kB
Node 1 HugePages_Total:     0
Node 1 HugePages_Free:      0
Node 1 HugePages_Surp:      0

After Test
Node 0 MemTotal:       24768352 kB
Node 0 MemFree:        23530024 kB
Node 0 MemUsed:         1238328 kB
Node 0 Active:            46128 kB
Node 0 Inactive:          91060 kB
Node 0 Active(anon):       7652 kB
Node 0 Inactive(anon):      500 kB
Node 0 Active(file):      38476 kB
Node 0 Inactive(file):    90560 kB
Node 0 Unevictable:       14044 kB
Node 0 Mlocked:           14044 kB
Node 0 Dirty:                36 kB
Node 0 Writeback:             0 kB
Node 0 FilePages:        133176 kB
Node 0 Mapped:            16088 kB
Node 0 AnonPages:         18100 kB
Node 0 Shmem:               652 kB
Node 0 KernelStack:        3352 kB
Node 0 PageTables:          356 kB
Node 0 NFS_Unstable:          0 kB
Node 0 Bounce:                0 kB
Node 0 WritebackTmp:          0 kB
Node 0 KReclaimable:      21104 kB
Node 0 Slab:              61724 kB
Node 0 SReclaimable:      21104 kB
Node 0 SUnreclaim:        40620 kB
Node 0 AnonHugePages:         0 kB
Node 0 ShmemHugePages:        0 kB
Node 0 ShmemPmdMapped:        0 kB
Node 0 FileHugePages:        0 kB
Node 0 FilePmdMapped:        0 kB
Node 0 HugePages_Total:     0
Node 0 HugePages_Free:      0
Node 0 HugePages_Surp:      0

Node 1 MemTotal:       24661580 kB
Node 1 MemFree:        24056808 kB
Node 1 MemUsed:          604772 kB
Node 1 Active:            58428 kB
Node 1 Inactive:         135752 kB
Node 1 Active(anon):      25924 kB
Node 1 Inactive(anon):      444 kB
Node 1 Active(file):      32504 kB
Node 1 Inactive(file):   135308 kB
Node 1 Unevictable:        4708 kB
Node 1 Mlocked:            4708 kB
Node 1 Dirty:               424 kB
Node 1 Writeback:             0 kB
Node 1 FilePages:        173140 kB
Node 1 Mapped:            23420 kB
Node 1 AnonPages:         25752 kB
Node 1 Shmem:               616 kB
Node 1 KernelStack:        1384 kB
Node 1 PageTables:          700 kB
Node 1 NFS_Unstable:          0 kB
Node 1 Bounce:                0 kB
Node 1 WritebackTmp:          0 kB
Node 1 KReclaimable:      22780 kB
Node 1 Slab:              62888 kB
Node 1 SReclaimable:      22780 kB
Node 1 SUnreclaim:        40108 kB
Node 1 AnonHugePages:         0 kB
Node 1 ShmemHugePages:        0 kB
Node 1 ShmemPmdMapped:        0 kB
Node 1 FileHugePages:        0 kB
Node 1 FilePmdMapped:        0 kB
Node 1 HugePages_Total:     0
Node 1 HugePages_Free:      0
Node 1 HugePages_Surp:      0

After Opposite Node
Node 0 MemTotal:       24768352 kB
Node 0 MemFree:        23530520 kB
Node 0 MemUsed:         1237832 kB
Node 0 Active:            45720 kB
Node 0 Inactive:          91060 kB
Node 0 Active(anon):       7240 kB
Node 0 Inactive(anon):      500 kB
Node 0 Active(file):      38480 kB
Node 0 Inactive(file):    90560 kB
Node 0 Unevictable:       14044 kB
Node 0 Mlocked:           14044 kB
Node 0 Dirty:                40 kB
Node 0 Writeback:             0 kB
Node 0 FilePages:        133180 kB
Node 0 Mapped:            16076 kB
Node 0 AnonPages:         17644 kB
Node 0 Shmem:               652 kB
Node 0 KernelStack:        3352 kB
Node 0 PageTables:          296 kB
Node 0 NFS_Unstable:          0 kB
Node 0 Bounce:                0 kB
Node 0 WritebackTmp:          0 kB
Node 0 KReclaimable:      21104 kB
Node 0 Slab:              61728 kB
Node 0 SReclaimable:      21104 kB
Node 0 SUnreclaim:        40624 kB
Node 0 AnonHugePages:         0 kB
Node 0 ShmemHugePages:        0 kB
Node 0 ShmemPmdMapped:        0 kB
Node 0 FileHugePages:        0 kB
Node 0 FilePmdMapped:        0 kB
Node 0 HugePages_Total:     0
Node 0 HugePages_Free:      0
Node 0 HugePages_Surp:      0

Node 1 MemTotal:       24661580 kB
Node 1 MemFree:        24056388 kB
Node 1 MemUsed:          605192 kB
Node 1 Active:            58644 kB
Node 1 Inactive:         135544 kB
Node 1 Active(anon):      25932 kB
Node 1 Inactive(anon):      444 kB
Node 1 Active(file):      32712 kB
Node 1 Inactive(file):   135100 kB
Node 1 Unevictable:        4708 kB
Node 1 Mlocked:            4708 kB
Node 1 Dirty:               424 kB
Node 1 Writeback:             0 kB
Node 1 FilePages:        173140 kB
Node 1 Mapped:            23364 kB
Node 1 AnonPages:         25896 kB
Node 1 Shmem:               616 kB
Node 1 KernelStack:        1368 kB
Node 1 PageTables:          644 kB
Node 1 NFS_Unstable:          0 kB
Node 1 Bounce:                0 kB
Node 1 WritebackTmp:          0 kB
Node 1 KReclaimable:      22780 kB
Node 1 Slab:              62888 kB
Node 1 SReclaimable:      22780 kB
Node 1 SUnreclaim:        40108 kB
Node 1 AnonHugePages:         0 kB
Node 1 ShmemHugePages:        0 kB
Node 1 ShmemPmdMapped:        0 kB
Node 1 FileHugePages:        0 kB
Node 1 FilePmdMapped:        0 kB
Node 1 HugePages_Total:     0
Node 1 HugePages_Free:      0
Node 1 HugePages_Surp:      0

B.0.simpleread.500M.1.O.1M Complete!
