U.1.fio.0-12K.3.O
Begin
Node 0 MemTotal:       24743736 kB
Node 0 MemFree:        24500400 kB
Node 0 MemUsed:          243336 kB
Node 0 Active:            61404 kB
Node 0 Inactive:          25112 kB
Node 0 Active(anon):      16720 kB
Node 0 Inactive(anon):      312 kB
Node 0 Active(file):      44684 kB
Node 0 Inactive(file):    24800 kB
Node 0 Unevictable:        5812 kB
Node 0 Mlocked:            5812 kB
Node 0 Dirty:                36 kB
Node 0 Writeback:             0 kB
Node 0 FilePages:         75820 kB
Node 0 Mapped:            25508 kB
Node 0 AnonPages:         16504 kB
Node 0 Shmem:               528 kB
Node 0 KernelStack:        2280 kB
Node 0 PageTables:          416 kB
Node 0 NFS_Unstable:          0 kB
Node 0 Bounce:                0 kB
Node 0 WritebackTmp:          0 kB
Node 0 KReclaimable:      22548 kB
Node 0 Slab:              62224 kB
Node 0 SReclaimable:      22548 kB
Node 0 SUnreclaim:        39676 kB
Node 0 AnonHugePages:         0 kB
Node 0 ShmemHugePages:        0 kB
Node 0 ShmemPmdMapped:        0 kB
Node 0 FileHugePages:        0 kB
Node 0 FilePmdMapped:        0 kB
Node 0 HugePages_Total:     0
Node 0 HugePages_Free:      0
Node 0 HugePages_Surp:      0

Node 1 MemTotal:       24686196 kB
Node 1 MemFree:        24322412 kB
Node 1 MemUsed:          363784 kB
Node 1 Active:            32948 kB
Node 1 Inactive:          63024 kB
Node 1 Active(anon):      17120 kB
Node 1 Inactive(anon):      548 kB
Node 1 Active(file):      15828 kB
Node 1 Inactive(file):    62476 kB
Node 1 Unevictable:       12712 kB
Node 1 Mlocked:           12712 kB
Node 1 Dirty:               384 kB
Node 1 Writeback:             0 kB
Node 1 FilePages:         81436 kB
Node 1 Mapped:            20128 kB
Node 1 AnonPages:         27332 kB
Node 1 Shmem:               740 kB
Node 1 KernelStack:        1336 kB
Node 1 PageTables:          700 kB
Node 1 NFS_Unstable:          0 kB
Node 1 Bounce:                0 kB
Node 1 WritebackTmp:          0 kB
Node 1 KReclaimable:      18856 kB
Node 1 Slab:              43804 kB
Node 1 SReclaimable:      18856 kB
Node 1 SUnreclaim:        24948 kB
Node 1 AnonHugePages:         0 kB
Node 1 ShmemHugePages:        0 kB
Node 1 ShmemPmdMapped:        0 kB
Node 1 FileHugePages:        0 kB
Node 1 FilePmdMapped:        0 kB
Node 1 HugePages_Total:     0
Node 1 HugePages_Free:      0
Node 1 HugePages_Surp:      0

Load ZFS
Node 0 MemTotal:       24743736 kB
Node 0 MemFree:        24498264 kB
Node 0 MemUsed:          245472 kB
Node 0 Active:            62672 kB
Node 0 Inactive:          25424 kB
Node 0 Active(anon):      17552 kB
Node 0 Inactive(anon):      312 kB
Node 0 Active(file):      45120 kB
Node 0 Inactive(file):    25112 kB
Node 0 Unevictable:        5812 kB
Node 0 Mlocked:            5812 kB
Node 0 Dirty:                36 kB
Node 0 Writeback:             0 kB
Node 0 FilePages:         76568 kB
Node 0 Mapped:            25648 kB
Node 0 AnonPages:         17388 kB
Node 0 Shmem:               528 kB
Node 0 KernelStack:        2248 kB
Node 0 PageTables:          416 kB
Node 0 NFS_Unstable:          0 kB
Node 0 Bounce:                0 kB
Node 0 WritebackTmp:          0 kB
Node 0 KReclaimable:      22992 kB
Node 0 Slab:              63904 kB
Node 0 SReclaimable:      22992 kB
Node 0 SUnreclaim:        40912 kB
Node 0 AnonHugePages:         0 kB
Node 0 ShmemHugePages:        0 kB
Node 0 ShmemPmdMapped:        0 kB
Node 0 FileHugePages:        0 kB
Node 0 FilePmdMapped:        0 kB
Node 0 HugePages_Total:     0
Node 0 HugePages_Free:      0
Node 0 HugePages_Surp:      0

Node 1 MemTotal:       24686196 kB
Node 1 MemFree:        24314336 kB
Node 1 MemUsed:          371860 kB
Node 1 Active:            42436 kB
Node 1 Inactive:          58644 kB
Node 1 Active(anon):      20320 kB
Node 1 Inactive(anon):      548 kB
Node 1 Active(file):      22116 kB
Node 1 Inactive(file):    58096 kB
Node 1 Unevictable:       12712 kB
Node 1 Mlocked:           12712 kB
Node 1 Dirty:               468 kB
Node 1 Writeback:             0 kB
Node 1 FilePages:         83336 kB
Node 1 Mapped:            20132 kB
Node 1 AnonPages:         30476 kB
Node 1 Shmem:               740 kB
Node 1 KernelStack:        1448 kB
Node 1 PageTables:          952 kB
Node 1 NFS_Unstable:          0 kB
Node 1 Bounce:                0 kB
Node 1 WritebackTmp:          0 kB
Node 1 KReclaimable:      19320 kB
Node 1 Slab:              45840 kB
Node 1 SReclaimable:      19320 kB
Node 1 SUnreclaim:        26520 kB
Node 1 AnonHugePages:         0 kB
Node 1 ShmemHugePages:        0 kB
Node 1 ShmemPmdMapped:        0 kB
Node 1 FileHugePages:        0 kB
Node 1 FilePmdMapped:        0 kB
Node 1 HugePages_Total:     0
Node 1 HugePages_Free:      0
Node 1 HugePages_Surp:      0

Import tank ZPool
Node 0 MemTotal:       24743736 kB
Node 0 MemFree:        24484680 kB
Node 0 MemUsed:          259056 kB
Node 0 Active:            62768 kB
Node 0 Inactive:          25428 kB
Node 0 Active(anon):      17600 kB
Node 0 Inactive(anon):      312 kB
Node 0 Active(file):      45168 kB
Node 0 Inactive(file):    25116 kB
Node 0 Unevictable:        5812 kB
Node 0 Mlocked:            5812 kB
Node 0 Dirty:                56 kB
Node 0 Writeback:             0 kB
Node 0 FilePages:         76632 kB
Node 0 Mapped:            25744 kB
Node 0 AnonPages:         17388 kB
Node 0 Shmem:               524 kB
Node 0 KernelStack:        3368 kB
Node 0 PageTables:          416 kB
Node 0 NFS_Unstable:          0 kB
Node 0 Bounce:                0 kB
Node 0 WritebackTmp:          0 kB
Node 0 KReclaimable:      23000 kB
Node 0 Slab:              66568 kB
Node 0 SReclaimable:      23000 kB
Node 0 SUnreclaim:        43568 kB
Node 0 AnonHugePages:         0 kB
Node 0 ShmemHugePages:        0 kB
Node 0 ShmemPmdMapped:        0 kB
Node 0 FileHugePages:        0 kB
Node 0 FilePmdMapped:        0 kB
Node 0 HugePages_Total:     0
Node 0 HugePages_Free:      0
Node 0 HugePages_Surp:      0

Node 1 MemTotal:       24686196 kB
Node 1 MemFree:        24306364 kB
Node 1 MemUsed:          379832 kB
Node 1 Active:            43124 kB
Node 1 Inactive:          59820 kB
Node 1 Active(anon):      20664 kB
Node 1 Inactive(anon):      552 kB
Node 1 Active(file):      22460 kB
Node 1 Inactive(file):    59268 kB
Node 1 Unevictable:       12712 kB
Node 1 Mlocked:           12712 kB
Node 1 Dirty:               256 kB
Node 1 Writeback:             0 kB
Node 1 FilePages:         84860 kB
Node 1 Mapped:            20376 kB
Node 1 AnonPages:         30496 kB
Node 1 Shmem:               744 kB
Node 1 KernelStack:        1496 kB
Node 1 PageTables:         1072 kB
Node 1 NFS_Unstable:          0 kB
Node 1 Bounce:                0 kB
Node 1 WritebackTmp:          0 kB
Node 1 KReclaimable:      19444 kB
Node 1 Slab:              51260 kB
Node 1 SReclaimable:      19444 kB
Node 1 SUnreclaim:        31816 kB
Node 1 AnonHugePages:         0 kB
Node 1 ShmemHugePages:        0 kB
Node 1 ShmemPmdMapped:        0 kB
Node 1 FileHugePages:        0 kB
Node 1 FilePmdMapped:        0 kB
Node 1 HugePages_Total:     0
Node 1 HugePages_Free:      0
Node 1 HugePages_Surp:      0

After Opposite Node
Node 0 MemTotal:       24743736 kB
Node 0 MemFree:        24479400 kB
Node 0 MemUsed:          264336 kB
Node 0 Active:            63660 kB
Node 0 Inactive:          26680 kB
Node 0 Active(anon):      17744 kB
Node 0 Inactive(anon):      368 kB
Node 0 Active(file):      45916 kB
Node 0 Inactive(file):    26312 kB
Node 0 Unevictable:        5812 kB
Node 0 Mlocked:            5812 kB
Node 0 Dirty:                56 kB
Node 0 Writeback:             0 kB
Node 0 FilePages:         78648 kB
Node 0 Mapped:            25936 kB
Node 0 AnonPages:         17316 kB
Node 0 Shmem:               612 kB
Node 0 KernelStack:        3496 kB
Node 0 PageTables:          664 kB
Node 0 NFS_Unstable:          0 kB
Node 0 Bounce:                0 kB
Node 0 WritebackTmp:          0 kB
Node 0 KReclaimable:      24264 kB
Node 0 Slab:              68212 kB
Node 0 SReclaimable:      24264 kB
Node 0 SUnreclaim:        43948 kB
Node 0 AnonHugePages:         0 kB
Node 0 ShmemHugePages:        0 kB
Node 0 ShmemPmdMapped:        0 kB
Node 0 FileHugePages:        0 kB
Node 0 FilePmdMapped:        0 kB
Node 0 HugePages_Total:     0
Node 0 HugePages_Free:      0
Node 0 HugePages_Surp:      0

Node 1 MemTotal:       24686196 kB
Node 1 MemFree:        24306544 kB
Node 1 MemUsed:          379652 kB
Node 1 Active:            43192 kB
Node 1 Inactive:          59628 kB
Node 1 Active(anon):      20372 kB
Node 1 Inactive(anon):      552 kB
Node 1 Active(file):      22820 kB
Node 1 Inactive(file):    59076 kB
Node 1 Unevictable:       12712 kB
Node 1 Mlocked:           12712 kB
Node 1 Dirty:               256 kB
Node 1 Writeback:             0 kB
Node 1 FilePages:         85024 kB
Node 1 Mapped:            20132 kB
Node 1 AnonPages:         30508 kB
Node 1 Shmem:               744 kB
Node 1 KernelStack:        1480 kB
Node 1 PageTables:          952 kB
Node 1 NFS_Unstable:          0 kB
Node 1 Bounce:                0 kB
Node 1 WritebackTmp:          0 kB
Node 1 KReclaimable:      19456 kB
Node 1 Slab:              51328 kB
Node 1 SReclaimable:      19456 kB
Node 1 SUnreclaim:        31872 kB
Node 1 AnonHugePages:         0 kB
Node 1 ShmemHugePages:        0 kB
Node 1 ShmemPmdMapped:        0 kB
Node 1 FileHugePages:        0 kB
Node 1 FilePmdMapped:        0 kB
Node 1 HugePages_Total:     0
Node 1 HugePages_Free:      0
Node 1 HugePages_Surp:      0

After Test
Node 0 MemTotal:       24743736 kB
Node 0 MemFree:        24479480 kB
Node 0 MemUsed:          264256 kB
Node 0 Active:            63688 kB
Node 0 Inactive:          26484 kB
Node 0 Active(anon):      17596 kB
Node 0 Inactive(anon):      344 kB
Node 0 Active(file):      46092 kB
Node 0 Inactive(file):    26140 kB
Node 0 Unevictable:        5812 kB
Node 0 Mlocked:            5812 kB
Node 0 Dirty:                60 kB
Node 0 Writeback:             0 kB
Node 0 FilePages:         78608 kB
Node 0 Mapped:            25680 kB
Node 0 AnonPages:         17272 kB
Node 0 Shmem:               568 kB
Node 0 KernelStack:        3480 kB
Node 0 PageTables:          556 kB
Node 0 NFS_Unstable:          0 kB
Node 0 Bounce:                0 kB
Node 0 WritebackTmp:          0 kB
Node 0 KReclaimable:      24264 kB
Node 0 Slab:              68204 kB
Node 0 SReclaimable:      24264 kB
Node 0 SUnreclaim:        43940 kB
Node 0 AnonHugePages:         0 kB
Node 0 ShmemHugePages:        0 kB
Node 0 ShmemPmdMapped:        0 kB
Node 0 FileHugePages:        0 kB
Node 0 FilePmdMapped:        0 kB
Node 0 HugePages_Total:     0
Node 0 HugePages_Free:      0
Node 0 HugePages_Surp:      0

Node 1 MemTotal:       24686196 kB
Node 1 MemFree:        24304348 kB
Node 1 MemUsed:          381848 kB
Node 1 Active:            43240 kB
Node 1 Inactive:          60212 kB
Node 1 Active(anon):      20420 kB
Node 1 Inactive(anon):     1136 kB
Node 1 Active(file):      22820 kB
Node 1 Inactive(file):    59076 kB
Node 1 Unevictable:       12712 kB
Node 1 Mlocked:           12712 kB
Node 1 Dirty:               256 kB
Node 1 Writeback:             0 kB
Node 1 FilePages:         85608 kB
Node 1 Mapped:            20132 kB
Node 1 AnonPages:         30716 kB
Node 1 Shmem:               744 kB
Node 1 KernelStack:        1552 kB
Node 1 PageTables:          952 kB
Node 1 NFS_Unstable:          0 kB
Node 1 Bounce:                0 kB
Node 1 WritebackTmp:          0 kB
Node 1 KReclaimable:      19456 kB
Node 1 Slab:              51328 kB
Node 1 SReclaimable:      19456 kB
Node 1 SUnreclaim:        31872 kB
Node 1 AnonHugePages:         0 kB
Node 1 ShmemHugePages:        0 kB
Node 1 ShmemPmdMapped:        0 kB
Node 1 FileHugePages:        0 kB
Node 1 FilePmdMapped:        0 kB
Node 1 HugePages_Total:     0
Node 1 HugePages_Free:      0
Node 1 HugePages_Surp:      0

U.1.fio.0-12K.3.O Complete!
