U.1.fio.2-1G.1.O
Begin
Node 0 MemTotal:       24743736 kB
Node 0 MemFree:        24353104 kB
Node 0 MemUsed:          390632 kB
Node 0 Active:            31988 kB
Node 0 Inactive:          75112 kB
Node 0 Active(anon):       9692 kB
Node 0 Inactive(anon):      364 kB
Node 0 Active(file):      22296 kB
Node 0 Inactive(file):    74748 kB
Node 0 Unevictable:        4940 kB
Node 0 Mlocked:            4940 kB
Node 0 Dirty:              4008 kB
Node 0 Writeback:             0 kB
Node 0 FilePages:        102520 kB
Node 0 Mapped:            38652 kB
Node 0 AnonPages:          9552 kB
Node 0 Shmem:               540 kB
Node 0 KernelStack:        2184 kB
Node 0 PageTables:          496 kB
Node 0 NFS_Unstable:          0 kB
Node 0 Bounce:                0 kB
Node 0 WritebackTmp:          0 kB
Node 0 KReclaimable:      19696 kB
Node 0 Slab:              54200 kB
Node 0 SReclaimable:      19696 kB
Node 0 SUnreclaim:        34504 kB
Node 0 AnonHugePages:         0 kB
Node 0 ShmemHugePages:        0 kB
Node 0 ShmemPmdMapped:        0 kB
Node 0 FileHugePages:        0 kB
Node 0 FilePmdMapped:        0 kB
Node 0 HugePages_Total:     0
Node 0 HugePages_Free:      0
Node 0 HugePages_Surp:      0

Node 1 MemTotal:       24686196 kB
Node 1 MemFree:        24453036 kB
Node 1 MemUsed:          233160 kB
Node 1 Active:            63496 kB
Node 1 Inactive:          26772 kB
Node 1 Active(anon):      24304 kB
Node 1 Inactive(anon):      516 kB
Node 1 Active(file):      39192 kB
Node 1 Inactive(file):    26256 kB
Node 1 Unevictable:       13584 kB
Node 1 Mlocked:           13584 kB
Node 1 Dirty:               272 kB
Node 1 Writeback:             0 kB
Node 1 FilePages:         69576 kB
Node 1 Mapped:            20528 kB
Node 1 AnonPages:         34456 kB
Node 1 Shmem:               728 kB
Node 1 KernelStack:        1368 kB
Node 1 PageTables:          516 kB
Node 1 NFS_Unstable:          0 kB
Node 1 Bounce:                0 kB
Node 1 WritebackTmp:          0 kB
Node 1 KReclaimable:      22016 kB
Node 1 Slab:              51988 kB
Node 1 SReclaimable:      22016 kB
Node 1 SUnreclaim:        29972 kB
Node 1 AnonHugePages:         0 kB
Node 1 ShmemHugePages:        0 kB
Node 1 ShmemPmdMapped:        0 kB
Node 1 FileHugePages:        0 kB
Node 1 FilePmdMapped:        0 kB
Node 1 HugePages_Total:     0
Node 1 HugePages_Free:      0
Node 1 HugePages_Surp:      0

Load ZFS
Node 0 MemTotal:       24743736 kB
Node 0 MemFree:        24484536 kB
Node 0 MemUsed:          259200 kB
Node 0 Active:            41020 kB
Node 0 Inactive:          70564 kB
Node 0 Active(anon):      12816 kB
Node 0 Inactive(anon):      364 kB
Node 0 Active(file):      28204 kB
Node 0 Inactive(file):    70200 kB
Node 0 Unevictable:        4940 kB
Node 0 Mlocked:            4940 kB
Node 0 Dirty:               152 kB
Node 0 Writeback:             0 kB
Node 0 FilePages:        103880 kB
Node 0 Mapped:            38656 kB
Node 0 AnonPages:         12676 kB
Node 0 Shmem:               540 kB
Node 0 KernelStack:        2200 kB
Node 0 PageTables:          496 kB
Node 0 NFS_Unstable:          0 kB
Node 0 Bounce:                0 kB
Node 0 WritebackTmp:          0 kB
Node 0 KReclaimable:      20196 kB
Node 0 Slab:              56116 kB
Node 0 SReclaimable:      20196 kB
Node 0 SUnreclaim:        35920 kB
Node 0 AnonHugePages:         0 kB
Node 0 ShmemHugePages:        0 kB
Node 0 ShmemPmdMapped:        0 kB
Node 0 FileHugePages:        0 kB
Node 0 FilePmdMapped:        0 kB
Node 0 HugePages_Total:     0
Node 0 HugePages_Free:      0
Node 0 HugePages_Surp:      0

Node 1 MemTotal:       24686196 kB
Node 1 MemFree:        24307336 kB
Node 1 MemUsed:          378860 kB
Node 1 Active:            69788 kB
Node 1 Inactive:          27240 kB
Node 1 Active(anon):      29632 kB
Node 1 Inactive(anon):      516 kB
Node 1 Active(file):      40156 kB
Node 1 Inactive(file):    26724 kB
Node 1 Unevictable:       13584 kB
Node 1 Mlocked:           13584 kB
Node 1 Dirty:                16 kB
Node 1 Writeback:             0 kB
Node 1 FilePages:         70864 kB
Node 1 Mapped:            20688 kB
Node 1 AnonPages:         39636 kB
Node 1 Shmem:               728 kB
Node 1 KernelStack:        1576 kB
Node 1 PageTables:         1092 kB
Node 1 NFS_Unstable:          0 kB
Node 1 Bounce:                0 kB
Node 1 WritebackTmp:          0 kB
Node 1 KReclaimable:      22568 kB
Node 1 Slab:              54460 kB
Node 1 SReclaimable:      22568 kB
Node 1 SUnreclaim:        31892 kB
Node 1 AnonHugePages:         0 kB
Node 1 ShmemHugePages:        0 kB
Node 1 ShmemPmdMapped:        0 kB
Node 1 FileHugePages:        0 kB
Node 1 FilePmdMapped:        0 kB
Node 1 HugePages_Total:     0
Node 1 HugePages_Free:      0
Node 1 HugePages_Surp:      0

Import tank ZPool
Node 0 MemTotal:       24743736 kB
Node 0 MemFree:        24469740 kB
Node 0 MemUsed:          273996 kB
Node 0 Active:            41060 kB
Node 0 Inactive:          70520 kB
Node 0 Active(anon):      12812 kB
Node 0 Inactive(anon):      364 kB
Node 0 Active(file):      28248 kB
Node 0 Inactive(file):    70156 kB
Node 0 Unevictable:        4940 kB
Node 0 Mlocked:            4940 kB
Node 0 Dirty:               224 kB
Node 0 Writeback:             0 kB
Node 0 FilePages:        103900 kB
Node 0 Mapped:            38912 kB
Node 0 AnonPages:         12676 kB
Node 0 Shmem:               536 kB
Node 0 KernelStack:        3304 kB
Node 0 PageTables:          496 kB
Node 0 NFS_Unstable:          0 kB
Node 0 Bounce:                0 kB
Node 0 WritebackTmp:          0 kB
Node 0 KReclaimable:      20196 kB
Node 0 Slab:              58680 kB
Node 0 SReclaimable:      20196 kB
Node 0 SUnreclaim:        38484 kB
Node 0 AnonHugePages:         0 kB
Node 0 ShmemHugePages:        0 kB
Node 0 ShmemPmdMapped:        0 kB
Node 0 FileHugePages:        0 kB
Node 0 FilePmdMapped:        0 kB
Node 0 HugePages_Total:     0
Node 0 HugePages_Free:      0
Node 0 HugePages_Surp:      0

Node 1 MemTotal:       24686196 kB
Node 1 MemFree:        24300324 kB
Node 1 MemUsed:          385872 kB
Node 1 Active:            70584 kB
Node 1 Inactive:          28432 kB
Node 1 Active(anon):      30096 kB
Node 1 Inactive(anon):      520 kB
Node 1 Active(file):      40488 kB
Node 1 Inactive(file):    27912 kB
Node 1 Unevictable:       13584 kB
Node 1 Mlocked:           13584 kB
Node 1 Dirty:                40 kB
Node 1 Writeback:             0 kB
Node 1 FilePages:         72388 kB
Node 1 Mapped:            20808 kB
Node 1 AnonPages:         40044 kB
Node 1 Shmem:               732 kB
Node 1 KernelStack:        1592 kB
Node 1 PageTables:         1184 kB
Node 1 NFS_Unstable:          0 kB
Node 1 Bounce:                0 kB
Node 1 WritebackTmp:          0 kB
Node 1 KReclaimable:      22692 kB
Node 1 Slab:              58872 kB
Node 1 SReclaimable:      22692 kB
Node 1 SUnreclaim:        36180 kB
Node 1 AnonHugePages:         0 kB
Node 1 ShmemHugePages:        0 kB
Node 1 ShmemPmdMapped:        0 kB
Node 1 FileHugePages:        0 kB
Node 1 FilePmdMapped:        0 kB
Node 1 HugePages_Total:     0
Node 1 HugePages_Free:      0
Node 1 HugePages_Surp:      0

After Opposite Node
Node 0 MemTotal:       24743736 kB
Node 0 MemFree:        23424724 kB
Node 0 MemUsed:         1319012 kB
Node 0 Active:            38072 kB
Node 0 Inactive:          71688 kB
Node 0 Active(anon):       8980 kB
Node 0 Inactive(anon):      392 kB
Node 0 Active(file):      29092 kB
Node 0 Inactive(file):    71296 kB
Node 0 Unevictable:        4940 kB
Node 0 Mlocked:            4940 kB
Node 0 Dirty:                44 kB
Node 0 Writeback:             0 kB
Node 0 FilePages:        105904 kB
Node 0 Mapped:            38896 kB
Node 0 AnonPages:          8756 kB
Node 0 Shmem:               580 kB
Node 0 KernelStack:        3400 kB
Node 0 PageTables:          672 kB
Node 0 NFS_Unstable:          0 kB
Node 0 Bounce:                0 kB
Node 0 WritebackTmp:          0 kB
Node 0 KReclaimable:      21508 kB
Node 0 Slab:              67060 kB
Node 0 SReclaimable:      21508 kB
Node 0 SUnreclaim:        45552 kB
Node 0 AnonHugePages:         0 kB
Node 0 ShmemHugePages:        0 kB
Node 0 ShmemPmdMapped:        0 kB
Node 0 FileHugePages:        0 kB
Node 0 FilePmdMapped:        0 kB
Node 0 HugePages_Total:     0
Node 0 HugePages_Free:      0
Node 0 HugePages_Surp:      0

Node 1 MemTotal:       24686196 kB
Node 1 MemFree:        23470324 kB
Node 1 MemUsed:         1215872 kB
Node 1 Active:            64900 kB
Node 1 Inactive:          28172 kB
Node 1 Active(anon):      23988 kB
Node 1 Inactive(anon):      520 kB
Node 1 Active(file):      40912 kB
Node 1 Inactive(file):    27652 kB
Node 1 Unevictable:       13584 kB
Node 1 Mlocked:           13584 kB
Node 1 Dirty:                 4 kB
Node 1 Writeback:             0 kB
Node 1 FilePages:         72552 kB
Node 1 Mapped:            20528 kB
Node 1 AnonPages:         34104 kB
Node 1 Shmem:               732 kB
Node 1 KernelStack:        1368 kB
Node 1 PageTables:          560 kB
Node 1 NFS_Unstable:          0 kB
Node 1 Bounce:                0 kB
Node 1 WritebackTmp:          0 kB
Node 1 KReclaimable:      22708 kB
Node 1 Slab:              61652 kB
Node 1 SReclaimable:      22708 kB
Node 1 SUnreclaim:        38944 kB
Node 1 AnonHugePages:         0 kB
Node 1 ShmemHugePages:        0 kB
Node 1 ShmemPmdMapped:        0 kB
Node 1 FileHugePages:        0 kB
Node 1 FilePmdMapped:        0 kB
Node 1 HugePages_Total:     0
Node 1 HugePages_Free:      0
Node 1 HugePages_Surp:      0

After Test
Node 0 MemTotal:       24743736 kB
Node 0 MemFree:        23425180 kB
Node 0 MemUsed:         1318556 kB
Node 0 Active:            38080 kB
Node 0 Inactive:          71468 kB
Node 0 Active(anon):       8792 kB
Node 0 Inactive(anon):      364 kB
Node 0 Active(file):      29288 kB
Node 0 Inactive(file):    71104 kB
Node 0 Unevictable:        4940 kB
Node 0 Mlocked:            4940 kB
Node 0 Dirty:                48 kB
Node 0 Writeback:             0 kB
Node 0 FilePages:        105864 kB
Node 0 Mapped:            38860 kB
Node 0 AnonPages:          8620 kB
Node 0 Shmem:               536 kB
Node 0 KernelStack:        3336 kB
Node 0 PageTables:          496 kB
Node 0 NFS_Unstable:          0 kB
Node 0 Bounce:                0 kB
Node 0 WritebackTmp:          0 kB
Node 0 KReclaimable:      21508 kB
Node 0 Slab:              67068 kB
Node 0 SReclaimable:      21508 kB
Node 0 SUnreclaim:        45560 kB
Node 0 AnonHugePages:         0 kB
Node 0 ShmemHugePages:        0 kB
Node 0 ShmemPmdMapped:        0 kB
Node 0 FileHugePages:        0 kB
Node 0 FilePmdMapped:        0 kB
Node 0 HugePages_Total:     0
Node 0 HugePages_Free:      0
Node 0 HugePages_Surp:      0

Node 1 MemTotal:       24686196 kB
Node 1 MemFree:        23468520 kB
Node 1 MemUsed:         1217676 kB
Node 1 Active:            65092 kB
Node 1 Inactive:          28188 kB
Node 1 Active(anon):      24156 kB
Node 1 Inactive(anon):      544 kB
Node 1 Active(file):      40936 kB
Node 1 Inactive(file):    27644 kB
Node 1 Unevictable:       13584 kB
Node 1 Mlocked:           13584 kB
Node 1 Dirty:                20 kB
Node 1 Writeback:             0 kB
Node 1 FilePages:         72612 kB
Node 1 Mapped:            20572 kB
Node 1 AnonPages:         34168 kB
Node 1 Shmem:               776 kB
Node 1 KernelStack:        1320 kB
Node 1 PageTables:          680 kB
Node 1 NFS_Unstable:          0 kB
Node 1 Bounce:                0 kB
Node 1 WritebackTmp:          0 kB
Node 1 KReclaimable:      22740 kB
Node 1 Slab:              62200 kB
Node 1 SReclaimable:      22740 kB
Node 1 SUnreclaim:        39460 kB
Node 1 AnonHugePages:         0 kB
Node 1 ShmemHugePages:        0 kB
Node 1 ShmemPmdMapped:        0 kB
Node 1 FileHugePages:        0 kB
Node 1 FilePmdMapped:        0 kB
Node 1 HugePages_Total:     0
Node 1 HugePages_Free:      0
Node 1 HugePages_Surp:      0

U.1.fio.2-1G.1.O Complete!
