B.1.4Mfio.500M.3.O
Begin
Node 0 MemTotal:       24743736 kB
Node 0 MemFree:        24442132 kB
Node 0 MemUsed:          301604 kB
Node 0 Active:            32752 kB
Node 0 Inactive:          46860 kB
Node 0 Active(anon):       8780 kB
Node 0 Inactive(anon):      352 kB
Node 0 Active(file):      23972 kB
Node 0 Inactive(file):    46508 kB
Node 0 Unevictable:       17968 kB
Node 0 Mlocked:           17968 kB
Node 0 Dirty:               140 kB
Node 0 Writeback:             0 kB
Node 0 FilePages:         78688 kB
Node 0 Mapped:            19576 kB
Node 0 AnonPages:         18944 kB
Node 0 Shmem:               548 kB
Node 0 KernelStack:        2136 kB
Node 0 PageTables:          452 kB
Node 0 NFS_Unstable:          0 kB
Node 0 Bounce:                0 kB
Node 0 WritebackTmp:          0 kB
Node 0 KReclaimable:      16564 kB
Node 0 Slab:              51988 kB
Node 0 SReclaimable:      16564 kB
Node 0 SUnreclaim:        35424 kB
Node 0 AnonHugePages:         0 kB
Node 0 ShmemHugePages:        0 kB
Node 0 ShmemPmdMapped:        0 kB
Node 0 FileHugePages:        0 kB
Node 0 FilePmdMapped:        0 kB
Node 0 HugePages_Total:     0
Node 0 HugePages_Free:      0
Node 0 HugePages_Surp:      0

Node 1 MemTotal:       24686196 kB
Node 1 MemFree:        24362612 kB
Node 1 MemUsed:          323584 kB
Node 1 Active:            62172 kB
Node 1 Inactive:          57912 kB
Node 1 Active(anon):      24892 kB
Node 1 Inactive(anon):      536 kB
Node 1 Active(file):      37280 kB
Node 1 Inactive(file):    57376 kB
Node 1 Unevictable:         556 kB
Node 1 Mlocked:             556 kB
Node 1 Dirty:               376 kB
Node 1 Writeback:             0 kB
Node 1 FilePages:         95968 kB
Node 1 Mapped:            37168 kB
Node 1 AnonPages:         24728 kB
Node 1 Shmem:               720 kB
Node 1 KernelStack:        1512 kB
Node 1 PageTables:          684 kB
Node 1 NFS_Unstable:          0 kB
Node 1 Bounce:                0 kB
Node 1 WritebackTmp:          0 kB
Node 1 KReclaimable:      25536 kB
Node 1 Slab:              54944 kB
Node 1 SReclaimable:      25536 kB
Node 1 SUnreclaim:        29408 kB
Node 1 AnonHugePages:         0 kB
Node 1 ShmemHugePages:        0 kB
Node 1 ShmemPmdMapped:        0 kB
Node 1 FileHugePages:        0 kB
Node 1 FilePmdMapped:        0 kB
Node 1 HugePages_Total:     0
Node 1 HugePages_Free:      0
Node 1 HugePages_Surp:      0

Load ZFS
Node 0 MemTotal:       24743736 kB
Node 0 MemFree:        24453208 kB
Node 0 MemUsed:          290528 kB
Node 0 Active:            46176 kB
Node 0 Inactive:          80968 kB
Node 0 Active(anon):      21068 kB
Node 0 Inactive(anon):       80 kB
Node 0 Active(file):      25108 kB
Node 0 Inactive(file):    80888 kB
Node 0 Unevictable:       17968 kB
Node 0 Mlocked:           17968 kB
Node 0 Dirty:               140 kB
Node 0 Writeback:             0 kB
Node 0 FilePages:        114952 kB
Node 0 Mapped:            21168 kB
Node 0 AnonPages:         31292 kB
Node 0 Shmem:               444 kB
Node 0 KernelStack:        2500 kB
Node 0 PageTables:         1244 kB
Node 0 NFS_Unstable:          0 kB
Node 0 Bounce:                0 kB
Node 0 WritebackTmp:          0 kB
Node 0 KReclaimable:      17180 kB
Node 0 Slab:              55044 kB
Node 0 SReclaimable:      17180 kB
Node 0 SUnreclaim:        37864 kB
Node 0 AnonHugePages:         0 kB
Node 0 ShmemHugePages:        0 kB
Node 0 ShmemPmdMapped:        0 kB
Node 0 FileHugePages:        0 kB
Node 0 FilePmdMapped:        0 kB
Node 0 HugePages_Total:     0
Node 0 HugePages_Free:      0
Node 0 HugePages_Surp:      0

Node 1 MemTotal:       24686196 kB
Node 1 MemFree:        24207832 kB
Node 1 MemUsed:          478364 kB
Node 1 Active:            75832 kB
Node 1 Inactive:         126620 kB
Node 1 Active(anon):      37340 kB
Node 1 Inactive(anon):      264 kB
Node 1 Active(file):      38492 kB
Node 1 Inactive(file):   126356 kB
Node 1 Unevictable:         556 kB
Node 1 Mlocked:             556 kB
Node 1 Dirty:               176 kB
Node 1 Writeback:             0 kB
Node 1 FilePages:        166072 kB
Node 1 Mapped:            40788 kB
Node 1 AnonPages:         36548 kB
Node 1 Shmem:               824 kB
Node 1 KernelStack:        1992 kB
Node 1 PageTables:         2216 kB
Node 1 NFS_Unstable:          0 kB
Node 1 Bounce:                0 kB
Node 1 WritebackTmp:          0 kB
Node 1 KReclaimable:      26288 kB
Node 1 Slab:              59036 kB
Node 1 SReclaimable:      26288 kB
Node 1 SUnreclaim:        32748 kB
Node 1 AnonHugePages:         0 kB
Node 1 ShmemHugePages:        0 kB
Node 1 ShmemPmdMapped:        0 kB
Node 1 FileHugePages:        0 kB
Node 1 FilePmdMapped:        0 kB
Node 1 HugePages_Total:     0
Node 1 HugePages_Free:      0
Node 1 HugePages_Surp:      0

Import tank ZPool
Node 0 MemTotal:       24743736 kB
Node 0 MemFree:        24464264 kB
Node 0 MemUsed:          279472 kB
Node 0 Active:            35556 kB
Node 0 Inactive:          81628 kB
Node 0 Active(anon):      10236 kB
Node 0 Inactive(anon):      496 kB
Node 0 Active(file):      25320 kB
Node 0 Inactive(file):    81132 kB
Node 0 Unevictable:       18200 kB
Node 0 Mlocked:           18200 kB
Node 0 Dirty:                56 kB
Node 0 Writeback:             0 kB
Node 0 FilePages:        114776 kB
Node 0 Mapped:            20364 kB
Node 0 AnonPages:         20356 kB
Node 0 Shmem:               672 kB
Node 0 KernelStack:        2216 kB
Node 0 PageTables:          776 kB
Node 0 NFS_Unstable:          0 kB
Node 0 Bounce:                0 kB
Node 0 WritebackTmp:          0 kB
Node 0 KReclaimable:      17284 kB
Node 0 Slab:              55112 kB
Node 0 SReclaimable:      17284 kB
Node 0 SUnreclaim:        37828 kB
Node 0 AnonHugePages:         0 kB
Node 0 ShmemHugePages:        0 kB
Node 0 ShmemPmdMapped:        0 kB
Node 0 FileHugePages:        0 kB
Node 0 FilePmdMapped:        0 kB
Node 0 HugePages_Total:     0
Node 0 HugePages_Free:      0
Node 0 HugePages_Surp:      0

Node 1 MemTotal:       24686196 kB
Node 1 MemFree:        24204108 kB
Node 1 MemUsed:          482088 kB
Node 1 Active:            63652 kB
Node 1 Inactive:         127284 kB
Node 1 Active(anon):      24436 kB
Node 1 Inactive(anon):      452 kB
Node 1 Active(file):      39216 kB
Node 1 Inactive(file):   126832 kB
Node 1 Unevictable:         556 kB
Node 1 Mlocked:             556 kB
Node 1 Dirty:               480 kB
Node 1 Writeback:             0 kB
Node 1 FilePages:        167204 kB
Node 1 Mapped:            37952 kB
Node 1 AnonPages:         23564 kB
Node 1 Shmem:               596 kB
Node 1 KernelStack:        2776 kB
Node 1 PageTables:         1212 kB
Node 1 NFS_Unstable:          0 kB
Node 1 Bounce:                0 kB
Node 1 WritebackTmp:          0 kB
Node 1 KReclaimable:      26504 kB
Node 1 Slab:              64736 kB
Node 1 SReclaimable:      26504 kB
Node 1 SUnreclaim:        38232 kB
Node 1 AnonHugePages:         0 kB
Node 1 ShmemHugePages:        0 kB
Node 1 ShmemPmdMapped:        0 kB
Node 1 FileHugePages:        0 kB
Node 1 FilePmdMapped:        0 kB
Node 1 HugePages_Total:     0
Node 1 HugePages_Free:      0
Node 1 HugePages_Surp:      0

After Test
Node 0 MemTotal:       24743736 kB
Node 0 MemFree:        24118584 kB
Node 0 MemUsed:          625152 kB
Node 0 Active:            34856 kB
Node 0 Inactive:          81520 kB
Node 0 Active(anon):       9400 kB
Node 0 Inactive(anon):      492 kB
Node 0 Active(file):      25456 kB
Node 0 Inactive(file):    81028 kB
Node 0 Unevictable:       18200 kB
Node 0 Mlocked:           18200 kB
Node 0 Dirty:                68 kB
Node 0 Writeback:             0 kB
Node 0 FilePages:        114800 kB
Node 0 Mapped:            19572 kB
Node 0 AnonPages:         19780 kB
Node 0 Shmem:               672 kB
Node 0 KernelStack:        2136 kB
Node 0 PageTables:          456 kB
Node 0 NFS_Unstable:          0 kB
Node 0 Bounce:                0 kB
Node 0 WritebackTmp:          0 kB
Node 0 KReclaimable:      17284 kB
Node 0 Slab:              56544 kB
Node 0 SReclaimable:      17284 kB
Node 0 SUnreclaim:        39260 kB
Node 0 AnonHugePages:         0 kB
Node 0 ShmemHugePages:        0 kB
Node 0 ShmemPmdMapped:        0 kB
Node 0 FileHugePages:        0 kB
Node 0 FilePmdMapped:        0 kB
Node 0 HugePages_Total:     0
Node 0 HugePages_Free:      0
Node 0 HugePages_Surp:      0

Node 1 MemTotal:       24686196 kB
Node 1 MemFree:        23489452 kB
Node 1 MemUsed:         1196744 kB
Node 1 Active:            64280 kB
Node 1 Inactive:         128136 kB
Node 1 Active(anon):      23896 kB
Node 1 Inactive(anon):      512 kB
Node 1 Active(file):      40384 kB
Node 1 Inactive(file):   127624 kB
Node 1 Unevictable:         556 kB
Node 1 Mlocked:             556 kB
Node 1 Dirty:               496 kB
Node 1 Writeback:             0 kB
Node 1 FilePages:        169248 kB
Node 1 Mapped:            37644 kB
Node 1 AnonPages:         23696 kB
Node 1 Shmem:               684 kB
Node 1 KernelStack:        2632 kB
Node 1 PageTables:          880 kB
Node 1 NFS_Unstable:          0 kB
Node 1 Bounce:                0 kB
Node 1 WritebackTmp:          0 kB
Node 1 KReclaimable:      27816 kB
Node 1 Slab:              70836 kB
Node 1 SReclaimable:      27816 kB
Node 1 SUnreclaim:        43020 kB
Node 1 AnonHugePages:         0 kB
Node 1 ShmemHugePages:        0 kB
Node 1 ShmemPmdMapped:        0 kB
Node 1 FileHugePages:        0 kB
Node 1 FilePmdMapped:        0 kB
Node 1 HugePages_Total:     0
Node 1 HugePages_Free:      0
Node 1 HugePages_Surp:      0

After Opposite Node
Node 0 MemTotal:       24743736 kB
Node 0 MemFree:        24116104 kB
Node 0 MemUsed:          627632 kB
Node 0 Active:            35024 kB
Node 0 Inactive:          81816 kB
Node 0 Active(anon):       9556 kB
Node 0 Inactive(anon):      780 kB
Node 0 Active(file):      25468 kB
Node 0 Inactive(file):    81036 kB
Node 0 Unevictable:       18200 kB
Node 0 Mlocked:           18200 kB
Node 0 Dirty:                76 kB
Node 0 Writeback:             0 kB
Node 0 FilePages:        115104 kB
Node 0 Mapped:            19572 kB
Node 0 AnonPages:         19792 kB
Node 0 Shmem:               672 kB
Node 0 KernelStack:        2148 kB
Node 0 PageTables:          436 kB
Node 0 NFS_Unstable:          0 kB
Node 0 Bounce:                0 kB
Node 0 WritebackTmp:          0 kB
Node 0 KReclaimable:      17300 kB
Node 0 Slab:              56808 kB
Node 0 SReclaimable:      17300 kB
Node 0 SUnreclaim:        39508 kB
Node 0 AnonHugePages:         0 kB
Node 0 ShmemHugePages:        0 kB
Node 0 ShmemPmdMapped:        0 kB
Node 0 FileHugePages:        0 kB
Node 0 FilePmdMapped:        0 kB
Node 0 HugePages_Total:     0
Node 0 HugePages_Free:      0
Node 0 HugePages_Surp:      0

Node 1 MemTotal:       24686196 kB
Node 1 MemFree:        23490316 kB
Node 1 MemUsed:         1195880 kB
Node 1 Active:            64308 kB
Node 1 Inactive:         127816 kB
Node 1 Active(anon):      23640 kB
Node 1 Inactive(anon):      448 kB
Node 1 Active(file):      40668 kB
Node 1 Inactive(file):   127368 kB
Node 1 Unevictable:         556 kB
Node 1 Mlocked:             556 kB
Node 1 Dirty:               524 kB
Node 1 Writeback:             0 kB
Node 1 FilePages:        169188 kB
Node 1 Mapped:            37168 kB
Node 1 AnonPages:         23492 kB
Node 1 Shmem:               596 kB
Node 1 KernelStack:        2584 kB
Node 1 PageTables:          620 kB
Node 1 NFS_Unstable:          0 kB
Node 1 Bounce:                0 kB
Node 1 WritebackTmp:          0 kB
Node 1 KReclaimable:      27816 kB
Node 1 Slab:              70756 kB
Node 1 SReclaimable:      27816 kB
Node 1 SUnreclaim:        42940 kB
Node 1 AnonHugePages:         0 kB
Node 1 ShmemHugePages:        0 kB
Node 1 ShmemPmdMapped:        0 kB
Node 1 FileHugePages:        0 kB
Node 1 FilePmdMapped:        0 kB
Node 1 HugePages_Total:     0
Node 1 HugePages_Free:      0
Node 1 HugePages_Surp:      0

B.1.4Mfio.500M.3.O Complete!
