B.1.8Mfio.500M.1.O
Begin
Node 0 MemTotal:       24768352 kB
Node 0 MemFree:        24304316 kB
Node 0 MemUsed:          464036 kB
Node 0 Active:            48800 kB
Node 0 Inactive:         121524 kB
Node 0 Active(anon):      21608 kB
Node 0 Inactive(anon):      540 kB
Node 0 Active(file):      27192 kB
Node 0 Inactive(file):   120984 kB
Node 0 Unevictable:        4856 kB
Node 0 Mlocked:            4856 kB
Node 0 Dirty:               268 kB
Node 0 Writeback:             0 kB
Node 0 FilePages:        153808 kB
Node 0 Mapped:            71812 kB
Node 0 AnonPages:         21448 kB
Node 0 Shmem:               776 kB
Node 0 KernelStack:        2264 kB
Node 0 PageTables:          736 kB
Node 0 NFS_Unstable:          0 kB
Node 0 Bounce:                0 kB
Node 0 WritebackTmp:          0 kB
Node 0 KReclaimable:      24100 kB
Node 0 Slab:              63468 kB
Node 0 SReclaimable:      24100 kB
Node 0 SUnreclaim:        39368 kB
Node 0 AnonHugePages:         0 kB
Node 0 ShmemHugePages:        0 kB
Node 0 ShmemPmdMapped:        0 kB
Node 0 FileHugePages:        0 kB
Node 0 FilePmdMapped:        0 kB
Node 0 HugePages_Total:     0
Node 0 HugePages_Free:      0
Node 0 HugePages_Surp:      0

Node 1 MemTotal:       24661580 kB
Node 1 MemFree:        24466396 kB
Node 1 MemUsed:          195184 kB
Node 1 Active:            48944 kB
Node 1 Inactive:          13800 kB
Node 1 Active(anon):      12068 kB
Node 1 Inactive(anon):      356 kB
Node 1 Active(file):      36876 kB
Node 1 Inactive(file):    13444 kB
Node 1 Unevictable:       13668 kB
Node 1 Mlocked:           13668 kB
Node 1 Dirty:               264 kB
Node 1 Writeback:             0 kB
Node 1 FilePages:         54296 kB
Node 1 Mapped:            15304 kB
Node 1 AnonPages:         22264 kB
Node 1 Shmem:               492 kB
Node 1 KernelStack:        1352 kB
Node 1 PageTables:          536 kB
Node 1 NFS_Unstable:          0 kB
Node 1 Bounce:                0 kB
Node 1 WritebackTmp:          0 kB
Node 1 KReclaimable:      17292 kB
Node 1 Slab:              41660 kB
Node 1 SReclaimable:      17292 kB
Node 1 SUnreclaim:        24368 kB
Node 1 AnonHugePages:         0 kB
Node 1 ShmemHugePages:        0 kB
Node 1 ShmemPmdMapped:        0 kB
Node 1 FileHugePages:        0 kB
Node 1 FilePmdMapped:        0 kB
Node 1 HugePages_Total:     0
Node 1 HugePages_Free:      0
Node 1 HugePages_Surp:      0

Load ZFS
Node 0 MemTotal:       24768352 kB
Node 0 MemFree:        24404916 kB
Node 0 MemUsed:          363436 kB
Node 0 Active:            63072 kB
Node 0 Inactive:         135560 kB
Node 0 Active(anon):      34592 kB
Node 0 Inactive(anon):      464 kB
Node 0 Active(file):      28480 kB
Node 0 Inactive(file):   135096 kB
Node 0 Unevictable:        4856 kB
Node 0 Mlocked:            4856 kB
Node 0 Dirty:               600 kB
Node 0 Writeback:             0 kB
Node 0 FilePages:        169356 kB
Node 0 Mapped:            75436 kB
Node 0 AnonPages:         34132 kB
Node 0 Shmem:               640 kB
Node 0 KernelStack:        2756 kB
Node 0 PageTables:         1532 kB
Node 0 NFS_Unstable:          0 kB
Node 0 Bounce:                0 kB
Node 0 WritebackTmp:          0 kB
Node 0 KReclaimable:      24988 kB
Node 0 Slab:              67248 kB
Node 0 SReclaimable:      24988 kB
Node 0 SUnreclaim:        42260 kB
Node 0 AnonHugePages:         0 kB
Node 0 ShmemHugePages:        0 kB
Node 0 ShmemPmdMapped:        0 kB
Node 0 FileHugePages:        0 kB
Node 0 FilePmdMapped:        0 kB
Node 0 HugePages_Total:     0
Node 0 HugePages_Free:      0
Node 0 HugePages_Surp:      0

Node 1 MemTotal:       24661580 kB
Node 1 MemFree:        24220196 kB
Node 1 MemUsed:          441384 kB
Node 1 Active:            62216 kB
Node 1 Inactive:         103268 kB
Node 1 Active(anon):      24052 kB
Node 1 Inactive(anon):      476 kB
Node 1 Active(file):      38164 kB
Node 1 Inactive(file):   102792 kB
Node 1 Unevictable:       13900 kB
Node 1 Mlocked:           13900 kB
Node 1 Dirty:                32 kB
Node 1 Writeback:             0 kB
Node 1 FilePages:        144924 kB
Node 1 Mapped:            16148 kB
Node 1 AnonPages:         34564 kB
Node 1 Shmem:               628 kB
Node 1 KernelStack:        1400 kB
Node 1 PageTables:         1056 kB
Node 1 NFS_Unstable:          0 kB
Node 1 Bounce:                0 kB
Node 1 WritebackTmp:          0 kB
Node 1 KReclaimable:      18276 kB
Node 1 Slab:              44984 kB
Node 1 SReclaimable:      18276 kB
Node 1 SUnreclaim:        26708 kB
Node 1 AnonHugePages:         0 kB
Node 1 ShmemHugePages:        0 kB
Node 1 ShmemPmdMapped:        0 kB
Node 1 FileHugePages:        0 kB
Node 1 FilePmdMapped:        0 kB
Node 1 HugePages_Total:     0
Node 1 HugePages_Free:      0
Node 1 HugePages_Surp:      0

Import tank ZPool
Node 0 MemTotal:       24768352 kB
Node 0 MemFree:        24411672 kB
Node 0 MemUsed:          356680 kB
Node 0 Active:            49344 kB
Node 0 Inactive:         135432 kB
Node 0 Active(anon):      20712 kB
Node 0 Inactive(anon):      468 kB
Node 0 Active(file):      28632 kB
Node 0 Inactive(file):   134964 kB
Node 0 Unevictable:        4856 kB
Node 0 Mlocked:            4856 kB
Node 0 Dirty:               728 kB
Node 0 Writeback:             0 kB
Node 0 FilePages:        169104 kB
Node 0 Mapped:            72244 kB
Node 0 AnonPages:         20856 kB
Node 0 Shmem:               640 kB
Node 0 KernelStack:        3528 kB
Node 0 PageTables:         1104 kB
Node 0 NFS_Unstable:          0 kB
Node 0 Bounce:                0 kB
Node 0 WritebackTmp:          0 kB
Node 0 KReclaimable:      25040 kB
Node 0 Slab:              69416 kB
Node 0 SReclaimable:      25040 kB
Node 0 SUnreclaim:        44376 kB
Node 0 AnonHugePages:         0 kB
Node 0 ShmemHugePages:        0 kB
Node 0 ShmemPmdMapped:        0 kB
Node 0 FileHugePages:        0 kB
Node 0 FilePmdMapped:        0 kB
Node 0 HugePages_Total:     0
Node 0 HugePages_Free:      0
Node 0 HugePages_Surp:      0

Node 1 MemTotal:       24661580 kB
Node 1 MemFree:        24219752 kB
Node 1 MemUsed:          441828 kB
Node 1 Active:            51568 kB
Node 1 Inactive:         104320 kB
Node 1 Active(anon):      12944 kB
Node 1 Inactive(anon):      480 kB
Node 1 Active(file):      38624 kB
Node 1 Inactive(file):   103840 kB
Node 1 Unevictable:       13900 kB
Node 1 Mlocked:           13900 kB
Node 1 Dirty:                44 kB
Node 1 Writeback:             0 kB
Node 1 FilePages:        146432 kB
Node 1 Mapped:            15704 kB
Node 1 AnonPages:         23280 kB
Node 1 Shmem:               628 kB
Node 1 KernelStack:        1320 kB
Node 1 PageTables:          720 kB
Node 1 NFS_Unstable:          0 kB
Node 1 Bounce:                0 kB
Node 1 WritebackTmp:          0 kB
Node 1 KReclaimable:      18384 kB
Node 1 Slab:              49840 kB
Node 1 SReclaimable:      18384 kB
Node 1 SUnreclaim:        31456 kB
Node 1 AnonHugePages:         0 kB
Node 1 ShmemHugePages:        0 kB
Node 1 ShmemPmdMapped:        0 kB
Node 1 FileHugePages:        0 kB
Node 1 FilePmdMapped:        0 kB
Node 1 HugePages_Total:     0
Node 1 HugePages_Free:      0
Node 1 HugePages_Surp:      0

After Test
Node 0 MemTotal:       24768352 kB
Node 0 MemFree:        23988036 kB
Node 0 MemUsed:          780316 kB
Node 0 Active:            49324 kB
Node 0 Inactive:         135284 kB
Node 0 Active(anon):      20520 kB
Node 0 Inactive(anon):      464 kB
Node 0 Active(file):      28804 kB
Node 0 Inactive(file):   134820 kB
Node 0 Unevictable:        4856 kB
Node 0 Mlocked:            4856 kB
Node 0 Dirty:               628 kB
Node 0 Writeback:             0 kB
Node 0 FilePages:        169116 kB
Node 0 Mapped:            72188 kB
Node 0 AnonPages:         20344 kB
Node 0 Shmem:               640 kB
Node 0 KernelStack:        3412 kB
Node 0 PageTables:          672 kB
Node 0 NFS_Unstable:          0 kB
Node 0 Bounce:                0 kB
Node 0 WritebackTmp:          0 kB
Node 0 KReclaimable:      25040 kB
Node 0 Slab:              70784 kB
Node 0 SReclaimable:      25040 kB
Node 0 SUnreclaim:        45744 kB
Node 0 AnonHugePages:         0 kB
Node 0 ShmemHugePages:        0 kB
Node 0 ShmemPmdMapped:        0 kB
Node 0 FileHugePages:        0 kB
Node 0 FilePmdMapped:        0 kB
Node 0 HugePages_Total:     0
Node 0 HugePages_Free:      0
Node 0 HugePages_Surp:      0

Node 1 MemTotal:       24661580 kB
Node 1 MemFree:        23584048 kB
Node 1 MemUsed:         1077532 kB
Node 1 Active:            52536 kB
Node 1 Inactive:         105112 kB
Node 1 Active(anon):      12696 kB
Node 1 Inactive(anon):      500 kB
Node 1 Active(file):      39840 kB
Node 1 Inactive(file):   104612 kB
Node 1 Unevictable:       13900 kB
Node 1 Mlocked:           13900 kB
Node 1 Dirty:                52 kB
Node 1 Writeback:             0 kB
Node 1 FilePages:        148464 kB
Node 1 Mapped:            15580 kB
Node 1 AnonPages:         23000 kB
Node 1 Shmem:               672 kB
Node 1 KernelStack:        1320 kB
Node 1 PageTables:          672 kB
Node 1 NFS_Unstable:          0 kB
Node 1 Bounce:                0 kB
Node 1 WritebackTmp:          0 kB
Node 1 KReclaimable:      19700 kB
Node 1 Slab:              55584 kB
Node 1 SReclaimable:      19700 kB
Node 1 SUnreclaim:        35884 kB
Node 1 AnonHugePages:         0 kB
Node 1 ShmemHugePages:        0 kB
Node 1 ShmemPmdMapped:        0 kB
Node 1 FileHugePages:        0 kB
Node 1 FilePmdMapped:        0 kB
Node 1 HugePages_Total:     0
Node 1 HugePages_Free:      0
Node 1 HugePages_Surp:      0

After Opposite Node
Node 0 MemTotal:       24768352 kB
Node 0 MemFree:        23988456 kB
Node 0 MemUsed:          779896 kB
Node 0 Active:            49552 kB
Node 0 Inactive:         135300 kB
Node 0 Active(anon):      20744 kB
Node 0 Inactive(anon):      472 kB
Node 0 Active(file):      28808 kB
Node 0 Inactive(file):   134828 kB
Node 0 Unevictable:        4856 kB
Node 0 Mlocked:            4856 kB
Node 0 Dirty:               628 kB
Node 0 Writeback:             0 kB
Node 0 FilePages:        169420 kB
Node 0 Mapped:            72188 kB
Node 0 AnonPages:         20580 kB
Node 0 Shmem:               640 kB
Node 0 KernelStack:        3364 kB
Node 0 PageTables:          764 kB
Node 0 NFS_Unstable:          0 kB
Node 0 Bounce:                0 kB
Node 0 WritebackTmp:          0 kB
Node 0 KReclaimable:      25060 kB
Node 0 Slab:              70952 kB
Node 0 SReclaimable:      25060 kB
Node 0 SUnreclaim:        45892 kB
Node 0 AnonHugePages:         0 kB
Node 0 ShmemHugePages:        0 kB
Node 0 ShmemPmdMapped:        0 kB
Node 0 FileHugePages:        0 kB
Node 0 FilePmdMapped:        0 kB
Node 0 HugePages_Total:     0
Node 0 HugePages_Free:      0
Node 0 HugePages_Surp:      0

Node 1 MemTotal:       24661580 kB
Node 1 MemFree:        23584892 kB
Node 1 MemUsed:         1076688 kB
Node 1 Active:            52564 kB
Node 1 Inactive:         104932 kB
Node 1 Active(anon):      12548 kB
Node 1 Inactive(anon):      476 kB
Node 1 Active(file):      40016 kB
Node 1 Inactive(file):   104456 kB
Node 1 Unevictable:       13900 kB
Node 1 Mlocked:           13900 kB
Node 1 Dirty:                64 kB
Node 1 Writeback:             0 kB
Node 1 FilePages:        148440 kB
Node 1 Mapped:            15308 kB
Node 1 AnonPages:         22956 kB
Node 1 Shmem:               628 kB
Node 1 KernelStack:        1304 kB
Node 1 PageTables:          556 kB
Node 1 NFS_Unstable:          0 kB
Node 1 Bounce:                0 kB
Node 1 WritebackTmp:          0 kB
Node 1 KReclaimable:      19700 kB
Node 1 Slab:              55456 kB
Node 1 SReclaimable:      19700 kB
Node 1 SUnreclaim:        35756 kB
Node 1 AnonHugePages:         0 kB
Node 1 ShmemHugePages:        0 kB
Node 1 ShmemPmdMapped:        0 kB
Node 1 FileHugePages:        0 kB
Node 1 FilePmdMapped:        0 kB
Node 1 HugePages_Total:     0
Node 1 HugePages_Free:      0
Node 1 HugePages_Surp:      0

B.1.8Mfio.500M.1.O Complete!
