B.1.2Mfio.500M.1.O
Begin
Node 0 MemTotal:       24743736 kB
Node 0 MemFree:        24483416 kB
Node 0 MemUsed:          260320 kB
Node 0 Active:            62696 kB
Node 0 Inactive:          56048 kB
Node 0 Active(anon):      20856 kB
Node 0 Inactive(anon):      420 kB
Node 0 Active(file):      41840 kB
Node 0 Inactive(file):    55628 kB
Node 0 Unevictable:        5148 kB
Node 0 Mlocked:            5148 kB
Node 0 Dirty:               396 kB
Node 0 Writeback:             0 kB
Node 0 FilePages:        103284 kB
Node 0 Mapped:            24904 kB
Node 0 AnonPages:         20708 kB
Node 0 Shmem:               632 kB
Node 0 KernelStack:        2328 kB
Node 0 PageTables:          692 kB
Node 0 NFS_Unstable:          0 kB
Node 0 Bounce:                0 kB
Node 0 WritebackTmp:          0 kB
Node 0 KReclaimable:      18828 kB
Node 0 Slab:              53856 kB
Node 0 SReclaimable:      18828 kB
Node 0 SUnreclaim:        35028 kB
Node 0 AnonHugePages:         0 kB
Node 0 ShmemHugePages:        0 kB
Node 0 ShmemPmdMapped:        0 kB
Node 0 FileHugePages:        0 kB
Node 0 FilePmdMapped:        0 kB
Node 0 HugePages_Total:     0
Node 0 HugePages_Free:      0
Node 0 HugePages_Surp:      0

Node 1 MemTotal:       24686196 kB
Node 1 MemFree:        24332908 kB
Node 1 MemUsed:          353288 kB
Node 1 Active:            32488 kB
Node 1 Inactive:          36484 kB
Node 1 Active(anon):      13472 kB
Node 1 Inactive(anon):      464 kB
Node 1 Active(file):      19016 kB
Node 1 Inactive(file):    36020 kB
Node 1 Unevictable:       13372 kB
Node 1 Mlocked:           13372 kB
Node 1 Dirty:               112 kB
Node 1 Writeback:             0 kB
Node 1 FilePages:         58720 kB
Node 1 Mapped:            19820 kB
Node 1 AnonPages:         23624 kB
Node 1 Shmem:               636 kB
Node 1 KernelStack:        1288 kB
Node 1 PageTables:          412 kB
Node 1 NFS_Unstable:          0 kB
Node 1 Bounce:                0 kB
Node 1 WritebackTmp:          0 kB
Node 1 KReclaimable:      22600 kB
Node 1 Slab:              51828 kB
Node 1 SReclaimable:      22600 kB
Node 1 SUnreclaim:        29228 kB
Node 1 AnonHugePages:         0 kB
Node 1 ShmemHugePages:        0 kB
Node 1 ShmemPmdMapped:        0 kB
Node 1 FileHugePages:        0 kB
Node 1 FilePmdMapped:        0 kB
Node 1 HugePages_Total:     0
Node 1 HugePages_Free:      0
Node 1 HugePages_Surp:      0

Load ZFS
Node 0 MemTotal:       24743736 kB
Node 0 MemFree:        24246924 kB
Node 0 MemUsed:          496812 kB
Node 0 Active:            76760 kB
Node 0 Inactive:         134488 kB
Node 0 Active(anon):      33212 kB
Node 0 Inactive(anon):      412 kB
Node 0 Active(file):      43548 kB
Node 0 Inactive(file):   134076 kB
Node 0 Unevictable:        5148 kB
Node 0 Mlocked:            5148 kB
Node 0 Dirty:               176 kB
Node 0 Writeback:             0 kB
Node 0 FilePages:        183336 kB
Node 0 Mapped:            28092 kB
Node 0 AnonPages:         32776 kB
Node 0 Shmem:               568 kB
Node 0 KernelStack:        2760 kB
Node 0 PageTables:         2164 kB
Node 0 NFS_Unstable:          0 kB
Node 0 Bounce:                0 kB
Node 0 WritebackTmp:          0 kB
Node 0 KReclaimable:      19932 kB
Node 0 Slab:              58540 kB
Node 0 SReclaimable:      19932 kB
Node 0 SUnreclaim:        38608 kB
Node 0 AnonHugePages:         0 kB
Node 0 ShmemHugePages:        0 kB
Node 0 ShmemPmdMapped:        0 kB
Node 0 FileHugePages:        0 kB
Node 0 FilePmdMapped:        0 kB
Node 0 HugePages_Total:     0
Node 0 HugePages_Free:      0
Node 0 HugePages_Surp:      0

Node 1 MemTotal:       24686196 kB
Node 1 MemFree:        24425460 kB
Node 1 MemUsed:          260736 kB
Node 1 Active:            45768 kB
Node 1 Inactive:          61448 kB
Node 1 Active(anon):      25796 kB
Node 1 Inactive(anon):      528 kB
Node 1 Active(file):      19972 kB
Node 1 Inactive(file):    60920 kB
Node 1 Unevictable:       13568 kB
Node 1 Mlocked:           13568 kB
Node 1 Dirty:               344 kB
Node 1 Writeback:             0 kB
Node 1 FilePages:         84640 kB
Node 1 Mapped:            20980 kB
Node 1 AnonPages:         35468 kB
Node 1 Shmem:               700 kB
Node 1 KernelStack:        1476 kB
Node 1 PageTables:          740 kB
Node 1 NFS_Unstable:          0 kB
Node 1 Bounce:                0 kB
Node 1 WritebackTmp:          0 kB
Node 1 KReclaimable:      23196 kB
Node 1 Slab:              54624 kB
Node 1 SReclaimable:      23196 kB
Node 1 SUnreclaim:        31428 kB
Node 1 AnonHugePages:         0 kB
Node 1 ShmemHugePages:        0 kB
Node 1 ShmemPmdMapped:        0 kB
Node 1 FileHugePages:        0 kB
Node 1 FilePmdMapped:        0 kB
Node 1 HugePages_Total:     0
Node 1 HugePages_Free:      0
Node 1 HugePages_Surp:      0

Import tank ZPool
Node 0 MemTotal:       24743736 kB
Node 0 MemFree:        24229420 kB
Node 0 MemUsed:          514316 kB
Node 0 Active:            77320 kB
Node 0 Inactive:         135640 kB
Node 0 Active(anon):      33360 kB
Node 0 Inactive(anon):      416 kB
Node 0 Active(file):      43960 kB
Node 0 Inactive(file):   135224 kB
Node 0 Unevictable:        5148 kB
Node 0 Mlocked:            5148 kB
Node 0 Dirty:               208 kB
Node 0 Writeback:             0 kB
Node 0 FilePages:        184628 kB
Node 0 Mapped:            27720 kB
Node 0 AnonPages:         32680 kB
Node 0 Shmem:               572 kB
Node 0 KernelStack:        2792 kB
Node 0 PageTables:         1988 kB
Node 0 NFS_Unstable:          0 kB
Node 0 Bounce:                0 kB
Node 0 WritebackTmp:          0 kB
Node 0 KReclaimable:      20052 kB
Node 0 Slab:              63580 kB
Node 0 SReclaimable:      20052 kB
Node 0 SUnreclaim:        43528 kB
Node 0 AnonHugePages:         0 kB
Node 0 ShmemHugePages:        0 kB
Node 0 ShmemPmdMapped:        0 kB
Node 0 FileHugePages:        0 kB
Node 0 FilePmdMapped:        0 kB
Node 0 HugePages_Total:     0
Node 0 HugePages_Free:      0
Node 0 HugePages_Surp:      0

Node 1 MemTotal:       24686196 kB
Node 1 MemFree:        24423400 kB
Node 1 MemUsed:          262796 kB
Node 1 Active:            45428 kB
Node 1 Inactive:          61572 kB
Node 1 Active(anon):      25456 kB
Node 1 Inactive(anon):      532 kB
Node 1 Active(file):      19972 kB
Node 1 Inactive(file):    61040 kB
Node 1 Unevictable:       13600 kB
Node 1 Mlocked:           13600 kB
Node 1 Dirty:               416 kB
Node 1 Writeback:             0 kB
Node 1 FilePages:         84764 kB
Node 1 Mapped:            20984 kB
Node 1 AnonPages:         35844 kB
Node 1 Shmem:               696 kB
Node 1 KernelStack:        2392 kB
Node 1 PageTables:          720 kB
Node 1 NFS_Unstable:          0 kB
Node 1 Bounce:                0 kB
Node 1 WritebackTmp:          0 kB
Node 1 KReclaimable:      23212 kB
Node 1 Slab:              56652 kB
Node 1 SReclaimable:      23212 kB
Node 1 SUnreclaim:        33440 kB
Node 1 AnonHugePages:         0 kB
Node 1 ShmemHugePages:        0 kB
Node 1 ShmemPmdMapped:        0 kB
Node 1 FileHugePages:        0 kB
Node 1 FilePmdMapped:        0 kB
Node 1 HugePages_Total:     0
Node 1 HugePages_Free:      0
Node 1 HugePages_Surp:      0

After Test
Node 0 MemTotal:       24743736 kB
Node 0 MemFree:        24061812 kB
Node 0 MemUsed:          681924 kB
Node 0 Active:            64080 kB
Node 0 Inactive:         135072 kB
Node 0 Active(anon):      19704 kB
Node 0 Inactive(anon):      408 kB
Node 0 Active(file):      44376 kB
Node 0 Inactive(file):   134664 kB
Node 0 Unevictable:        5148 kB
Node 0 Mlocked:            5148 kB
Node 0 Dirty:               116 kB
Node 0 Writeback:             0 kB
Node 0 FilePages:        184756 kB
Node 0 Mapped:            24924 kB
Node 0 AnonPages:         19540 kB
Node 0 Shmem:               572 kB
Node 0 KernelStack:        2296 kB
Node 0 PageTables:          604 kB
Node 0 NFS_Unstable:          0 kB
Node 0 Bounce:                0 kB
Node 0 WritebackTmp:          0 kB
Node 0 KReclaimable:      20052 kB
Node 0 Slab:              63792 kB
Node 0 SReclaimable:      20052 kB
Node 0 SUnreclaim:        43740 kB
Node 0 AnonHugePages:         0 kB
Node 0 ShmemHugePages:        0 kB
Node 0 ShmemPmdMapped:        0 kB
Node 0 FileHugePages:        0 kB
Node 0 FilePmdMapped:        0 kB
Node 0 HugePages_Total:     0
Node 0 HugePages_Free:      0
Node 0 HugePages_Surp:      0

Node 1 MemTotal:       24686196 kB
Node 1 MemFree:        23551000 kB
Node 1 MemUsed:         1135196 kB
Node 1 Active:            34656 kB
Node 1 Inactive:          62420 kB
Node 1 Active(anon):      13564 kB
Node 1 Inactive(anon):      560 kB
Node 1 Active(file):      21092 kB
Node 1 Inactive(file):    61860 kB
Node 1 Unevictable:       13600 kB
Node 1 Mlocked:           13600 kB
Node 1 Dirty:               436 kB
Node 1 Writeback:             0 kB
Node 1 FilePages:         86740 kB
Node 1 Mapped:            20084 kB
Node 1 AnonPages:         23764 kB
Node 1 Shmem:               740 kB
Node 1 KernelStack:        2440 kB
Node 1 PageTables:          588 kB
Node 1 NFS_Unstable:          0 kB
Node 1 Bounce:                0 kB
Node 1 WritebackTmp:          0 kB
Node 1 KReclaimable:      24496 kB
Node 1 Slab:              63376 kB
Node 1 SReclaimable:      24496 kB
Node 1 SUnreclaim:        38880 kB
Node 1 AnonHugePages:         0 kB
Node 1 ShmemHugePages:        0 kB
Node 1 ShmemPmdMapped:        0 kB
Node 1 FileHugePages:        0 kB
Node 1 FilePmdMapped:        0 kB
Node 1 HugePages_Total:     0
Node 1 HugePages_Free:      0
Node 1 HugePages_Surp:      0

After Opposite Node
Node 0 MemTotal:       24743736 kB
Node 0 MemFree:        24062880 kB
Node 0 MemUsed:          680856 kB
Node 0 Active:            64304 kB
Node 0 Inactive:         135360 kB
Node 0 Active(anon):      19900 kB
Node 0 Inactive(anon):      700 kB
Node 0 Active(file):      44404 kB
Node 0 Inactive(file):   134660 kB
Node 0 Unevictable:        5148 kB
Node 0 Mlocked:            5148 kB
Node 0 Dirty:               136 kB
Node 0 Writeback:             0 kB
Node 0 FilePages:        185072 kB
Node 0 Mapped:            24924 kB
Node 0 AnonPages:         19784 kB
Node 0 Shmem:               572 kB
Node 0 KernelStack:        2308 kB
Node 0 PageTables:          644 kB
Node 0 NFS_Unstable:          0 kB
Node 0 Bounce:                0 kB
Node 0 WritebackTmp:          0 kB
Node 0 KReclaimable:      20100 kB
Node 0 Slab:              63928 kB
Node 0 SReclaimable:      20100 kB
Node 0 SUnreclaim:        43828 kB
Node 0 AnonHugePages:         0 kB
Node 0 ShmemHugePages:        0 kB
Node 0 ShmemPmdMapped:        0 kB
Node 0 FileHugePages:        0 kB
Node 0 FilePmdMapped:        0 kB
Node 0 HugePages_Total:     0
Node 0 HugePages_Free:      0
Node 0 HugePages_Surp:      0

Node 1 MemTotal:       24686196 kB
Node 1 MemFree:        23551212 kB
Node 1 MemUsed:         1134984 kB
Node 1 Active:            34664 kB
Node 1 Inactive:          62220 kB
Node 1 Active(anon):      13392 kB
Node 1 Inactive(anon):      532 kB
Node 1 Active(file):      21272 kB
Node 1 Inactive(file):    61688 kB
Node 1 Unevictable:       13600 kB
Node 1 Mlocked:           13600 kB
Node 1 Dirty:               444 kB
Node 1 Writeback:             0 kB
Node 1 FilePages:         86704 kB
Node 1 Mapped:            19824 kB
Node 1 AnonPages:         23780 kB
Node 1 Shmem:               696 kB
Node 1 KernelStack:        2376 kB
Node 1 PageTables:          416 kB
Node 1 NFS_Unstable:          0 kB
Node 1 Bounce:                0 kB
Node 1 WritebackTmp:          0 kB
Node 1 KReclaimable:      24496 kB
Node 1 Slab:              63360 kB
Node 1 SReclaimable:      24496 kB
Node 1 SUnreclaim:        38864 kB
Node 1 AnonHugePages:         0 kB
Node 1 ShmemHugePages:        0 kB
Node 1 ShmemPmdMapped:        0 kB
Node 1 FileHugePages:        0 kB
Node 1 FilePmdMapped:        0 kB
Node 1 HugePages_Total:     0
Node 1 HugePages_Free:      0
Node 1 HugePages_Surp:      0

B.1.2Mfio.500M.1.O Complete!
