B.1.2Mfio.500M.2.O
Begin
Node 0 MemTotal:       24743736 kB
Node 0 MemFree:        24518716 kB
Node 0 MemUsed:          225020 kB
Node 0 Active:            31412 kB
Node 0 Inactive:          57780 kB
Node 0 Active(anon):      11416 kB
Node 0 Inactive(anon):      428 kB
Node 0 Active(file):      19996 kB
Node 0 Inactive(file):    57352 kB
Node 0 Unevictable:       13352 kB
Node 0 Mlocked:           13352 kB
Node 0 Dirty:               432 kB
Node 0 Writeback:             0 kB
Node 0 FilePages:         81020 kB
Node 0 Mapped:            19780 kB
Node 0 AnonPages:         21552 kB
Node 0 Shmem:               620 kB
Node 0 KernelStack:        1912 kB
Node 0 PageTables:          416 kB
Node 0 NFS_Unstable:          0 kB
Node 0 Bounce:                0 kB
Node 0 WritebackTmp:          0 kB
Node 0 KReclaimable:      19628 kB
Node 0 Slab:              44808 kB
Node 0 SReclaimable:      19628 kB
Node 0 SUnreclaim:        25180 kB
Node 0 AnonHugePages:         0 kB
Node 0 ShmemHugePages:        0 kB
Node 0 ShmemPmdMapped:        0 kB
Node 0 FileHugePages:        0 kB
Node 0 FilePmdMapped:        0 kB
Node 0 HugePages_Total:     0
Node 0 HugePages_Free:      0
Node 0 HugePages_Surp:      0

Node 1 MemTotal:       24686196 kB
Node 1 MemFree:        24286596 kB
Node 1 MemUsed:          399600 kB
Node 1 Active:            64344 kB
Node 1 Inactive:          46112 kB
Node 1 Active(anon):      22296 kB
Node 1 Inactive(anon):      444 kB
Node 1 Active(file):      42048 kB
Node 1 Inactive(file):    45668 kB
Node 1 Unevictable:        5168 kB
Node 1 Mlocked:            5168 kB
Node 1 Dirty:                76 kB
Node 1 Writeback:             0 kB
Node 1 FilePages:         93528 kB
Node 1 Mapped:            38340 kB
Node 1 AnonPages:         22136 kB
Node 1 Shmem:               648 kB
Node 1 KernelStack:        1672 kB
Node 1 PageTables:          692 kB
Node 1 NFS_Unstable:          0 kB
Node 1 Bounce:                0 kB
Node 1 WritebackTmp:          0 kB
Node 1 KReclaimable:      22236 kB
Node 1 Slab:              61028 kB
Node 1 SReclaimable:      22236 kB
Node 1 SUnreclaim:        38792 kB
Node 1 AnonHugePages:         0 kB
Node 1 ShmemHugePages:        0 kB
Node 1 ShmemPmdMapped:        0 kB
Node 1 FileHugePages:        0 kB
Node 1 FilePmdMapped:        0 kB
Node 1 HugePages_Total:     0
Node 1 HugePages_Free:      0
Node 1 HugePages_Surp:      0

Load ZFS
Node 0 MemTotal:       24743736 kB
Node 0 MemFree:        24477152 kB
Node 0 MemUsed:          266584 kB
Node 0 Active:            46168 kB
Node 0 Inactive:          78144 kB
Node 0 Active(anon):      24200 kB
Node 0 Inactive(anon):      568 kB
Node 0 Active(file):      21968 kB
Node 0 Inactive(file):    77576 kB
Node 0 Unevictable:       13552 kB
Node 0 Mlocked:           13552 kB
Node 0 Dirty:               360 kB
Node 0 Writeback:             0 kB
Node 0 FilePages:        103300 kB
Node 0 Mapped:            22648 kB
Node 0 AnonPages:         34068 kB
Node 0 Shmem:               728 kB
Node 0 KernelStack:        2076 kB
Node 0 PageTables:         1244 kB
Node 0 NFS_Unstable:          0 kB
Node 0 Bounce:                0 kB
Node 0 WritebackTmp:          0 kB
Node 0 KReclaimable:      20236 kB
Node 0 Slab:              47932 kB
Node 0 SReclaimable:      20236 kB
Node 0 SUnreclaim:        27696 kB
Node 0 AnonHugePages:         0 kB
Node 0 ShmemHugePages:        0 kB
Node 0 ShmemPmdMapped:        0 kB
Node 0 FileHugePages:        0 kB
Node 0 FilePmdMapped:        0 kB
Node 0 HugePages_Total:     0
Node 0 HugePages_Free:      0
Node 0 HugePages_Surp:      0

Node 1 MemTotal:       24686196 kB
Node 1 MemFree:        24183720 kB
Node 1 MemUsed:          502476 kB
Node 1 Active:            76672 kB
Node 1 Inactive:         129344 kB
Node 1 Active(anon):      34264 kB
Node 1 Inactive(anon):      372 kB
Node 1 Active(file):      42408 kB
Node 1 Inactive(file):   128972 kB
Node 1 Unevictable:        5168 kB
Node 1 Mlocked:            5168 kB
Node 1 Dirty:               236 kB
Node 1 Writeback:             0 kB
Node 1 FilePages:        177084 kB
Node 1 Mapped:            39872 kB
Node 1 AnonPages:         34436 kB
Node 1 Shmem:               540 kB
Node 1 KernelStack:        2284 kB
Node 1 PageTables:         2044 kB
Node 1 NFS_Unstable:          0 kB
Node 1 Bounce:                0 kB
Node 1 WritebackTmp:          0 kB
Node 1 KReclaimable:      23172 kB
Node 1 Slab:              64676 kB
Node 1 SReclaimable:      23172 kB
Node 1 SUnreclaim:        41504 kB
Node 1 AnonHugePages:         0 kB
Node 1 ShmemHugePages:        0 kB
Node 1 ShmemPmdMapped:        0 kB
Node 1 FileHugePages:        0 kB
Node 1 FilePmdMapped:        0 kB
Node 1 HugePages_Total:     0
Node 1 HugePages_Free:      0
Node 1 HugePages_Surp:      0

Import tank ZPool
Node 0 MemTotal:       24743736 kB
Node 0 MemFree:        24489252 kB
Node 0 MemUsed:          254484 kB
Node 0 Active:            34244 kB
Node 0 Inactive:          77744 kB
Node 0 Active(anon):      11832 kB
Node 0 Inactive(anon):      572 kB
Node 0 Active(file):      22412 kB
Node 0 Inactive(file):    77172 kB
Node 0 Unevictable:       13584 kB
Node 0 Mlocked:           13584 kB
Node 0 Dirty:               284 kB
Node 0 Writeback:             0 kB
Node 0 FilePages:        103340 kB
Node 0 Mapped:            19916 kB
Node 0 AnonPages:         22112 kB
Node 0 Shmem:               728 kB
Node 0 KernelStack:        1880 kB
Node 0 PageTables:          560 kB
Node 0 NFS_Unstable:          0 kB
Node 0 Bounce:                0 kB
Node 0 WritebackTmp:          0 kB
Node 0 KReclaimable:      20236 kB
Node 0 Slab:              48016 kB
Node 0 SReclaimable:      20236 kB
Node 0 SUnreclaim:        27780 kB
Node 0 AnonHugePages:         0 kB
Node 0 ShmemHugePages:        0 kB
Node 0 ShmemPmdMapped:        0 kB
Node 0 FileHugePages:        0 kB
Node 0 FilePmdMapped:        0 kB
Node 0 HugePages_Total:     0
Node 0 HugePages_Free:      0
Node 0 HugePages_Surp:      0

Node 1 MemTotal:       24686196 kB
Node 1 MemFree:        24180228 kB
Node 1 MemUsed:          505968 kB
Node 1 Active:            65528 kB
Node 1 Inactive:         130248 kB
Node 1 Active(anon):      22620 kB
Node 1 Inactive(anon):      376 kB
Node 1 Active(file):      42908 kB
Node 1 Inactive(file):   129872 kB
Node 1 Unevictable:        5168 kB
Node 1 Mlocked:            5168 kB
Node 1 Dirty:               268 kB
Node 1 Writeback:             0 kB
Node 1 FilePages:        178484 kB
Node 1 Mapped:            38484 kB
Node 1 AnonPages:         22336 kB
Node 1 Shmem:               540 kB
Node 1 KernelStack:        2936 kB
Node 1 PageTables:          944 kB
Node 1 NFS_Unstable:          0 kB
Node 1 Bounce:                0 kB
Node 1 WritebackTmp:          0 kB
Node 1 KReclaimable:      23296 kB
Node 1 Slab:              71256 kB
Node 1 SReclaimable:      23296 kB
Node 1 SUnreclaim:        47960 kB
Node 1 AnonHugePages:         0 kB
Node 1 ShmemHugePages:        0 kB
Node 1 ShmemPmdMapped:        0 kB
Node 1 FileHugePages:        0 kB
Node 1 FilePmdMapped:        0 kB
Node 1 HugePages_Total:     0
Node 1 HugePages_Free:      0
Node 1 HugePages_Surp:      0

After Test
Node 0 MemTotal:       24743736 kB
Node 0 MemFree:        24284200 kB
Node 0 MemUsed:          459536 kB
Node 0 Active:            33852 kB
Node 0 Inactive:          77716 kB
Node 0 Active(anon):      11340 kB
Node 0 Inactive(anon):      572 kB
Node 0 Active(file):      22512 kB
Node 0 Inactive(file):    77144 kB
Node 0 Unevictable:       13584 kB
Node 0 Mlocked:           13584 kB
Node 0 Dirty:               240 kB
Node 0 Writeback:             0 kB
Node 0 FilePages:        103420 kB
Node 0 Mapped:            19796 kB
Node 0 AnonPages:         21740 kB
Node 0 Shmem:               728 kB
Node 0 KernelStack:        1864 kB
Node 0 PageTables:          452 kB
Node 0 NFS_Unstable:          0 kB
Node 0 Bounce:                0 kB
Node 0 WritebackTmp:          0 kB
Node 0 KReclaimable:      20292 kB
Node 0 Slab:              49336 kB
Node 0 SReclaimable:      20292 kB
Node 0 SUnreclaim:        29044 kB
Node 0 AnonHugePages:         0 kB
Node 0 ShmemHugePages:        0 kB
Node 0 ShmemPmdMapped:        0 kB
Node 0 FileHugePages:        0 kB
Node 0 FilePmdMapped:        0 kB
Node 0 HugePages_Total:     0
Node 0 HugePages_Free:      0
Node 0 HugePages_Surp:      0

Node 1 MemTotal:       24686196 kB
Node 1 MemFree:        23317868 kB
Node 1 MemUsed:         1368328 kB
Node 1 Active:            65980 kB
Node 1 Inactive:         131112 kB
Node 1 Active(anon):      21944 kB
Node 1 Inactive(anon):      392 kB
Node 1 Active(file):      44036 kB
Node 1 Inactive(file):   130720 kB
Node 1 Unevictable:        5168 kB
Node 1 Mlocked:            5168 kB
Node 1 Dirty:               220 kB
Node 1 Writeback:             0 kB
Node 1 FilePages:        180504 kB
Node 1 Mapped:            38584 kB
Node 1 AnonPages:         21668 kB
Node 1 Shmem:               584 kB
Node 1 KernelStack:        2936 kB
Node 1 PageTables:          744 kB
Node 1 NFS_Unstable:          0 kB
Node 1 Bounce:                0 kB
Node 1 WritebackTmp:          0 kB
Node 1 KReclaimable:      24596 kB
Node 1 Slab:              77944 kB
Node 1 SReclaimable:      24596 kB
Node 1 SUnreclaim:        53348 kB
Node 1 AnonHugePages:         0 kB
Node 1 ShmemHugePages:        0 kB
Node 1 ShmemPmdMapped:        0 kB
Node 1 FileHugePages:        0 kB
Node 1 FilePmdMapped:        0 kB
Node 1 HugePages_Total:     0
Node 1 HugePages_Free:      0
Node 1 HugePages_Surp:      0

After Opposite Node
Node 0 MemTotal:       24743736 kB
Node 0 MemFree:        24283304 kB
Node 0 MemUsed:          460432 kB
Node 0 Active:            34248 kB
Node 0 Inactive:          77800 kB
Node 0 Active(anon):      11692 kB
Node 0 Inactive(anon):      608 kB
Node 0 Active(file):      22556 kB
Node 0 Inactive(file):    77192 kB
Node 0 Unevictable:       13584 kB
Node 0 Mlocked:           13584 kB
Node 0 Dirty:               240 kB
Node 0 Writeback:             0 kB
Node 0 FilePages:        103532 kB
Node 0 Mapped:            19824 kB
Node 0 AnonPages:         21720 kB
Node 0 Shmem:               756 kB
Node 0 KernelStack:        1928 kB
Node 0 PageTables:          628 kB
Node 0 NFS_Unstable:          0 kB
Node 0 Bounce:                0 kB
Node 0 WritebackTmp:          0 kB
Node 0 KReclaimable:      20344 kB
Node 0 Slab:              49736 kB
Node 0 SReclaimable:      20344 kB
Node 0 SUnreclaim:        29392 kB
Node 0 AnonHugePages:         0 kB
Node 0 ShmemHugePages:        0 kB
Node 0 ShmemPmdMapped:        0 kB
Node 0 FileHugePages:        0 kB
Node 0 FilePmdMapped:        0 kB
Node 0 HugePages_Total:     0
Node 0 HugePages_Free:      0
Node 0 HugePages_Surp:      0

Node 1 MemTotal:       24686196 kB
Node 1 MemFree:        23318232 kB
Node 1 MemUsed:         1367964 kB
Node 1 Active:            66084 kB
Node 1 Inactive:         130892 kB
Node 1 Active(anon):      21832 kB
Node 1 Inactive(anon):      368 kB
Node 1 Active(file):      44252 kB
Node 1 Inactive(file):   130524 kB
Node 1 Unevictable:        5168 kB
Node 1 Mlocked:            5168 kB
Node 1 Dirty:               232 kB
Node 1 Writeback:             0 kB
Node 1 FilePages:        180480 kB
Node 1 Mapped:            38556 kB
Node 1 AnonPages:         21660 kB
Node 1 Shmem:               540 kB
Node 1 KernelStack:        2824 kB
Node 1 PageTables:          628 kB
Node 1 NFS_Unstable:          0 kB
Node 1 Bounce:                0 kB
Node 1 WritebackTmp:          0 kB
Node 1 KReclaimable:      24612 kB
Node 1 Slab:              77816 kB
Node 1 SReclaimable:      24612 kB
Node 1 SUnreclaim:        53204 kB
Node 1 AnonHugePages:         0 kB
Node 1 ShmemHugePages:        0 kB
Node 1 ShmemPmdMapped:        0 kB
Node 1 FileHugePages:        0 kB
Node 1 FilePmdMapped:        0 kB
Node 1 HugePages_Total:     0
Node 1 HugePages_Free:      0
Node 1 HugePages_Surp:      0

B.1.2Mfio.500M.2.O Complete!
