B.1.2Mfio.2G.3.O
Begin
Node 0 MemTotal:       24743736 kB
Node 0 MemFree:        24373980 kB
Node 0 MemUsed:          369756 kB
Node 0 Active:            30768 kB
Node 0 Inactive:          68108 kB
Node 0 Active(anon):      14288 kB
Node 0 Inactive(anon):      336 kB
Node 0 Active(file):      16480 kB
Node 0 Inactive(file):    67772 kB
Node 0 Unevictable:        1364 kB
Node 0 Mlocked:            1364 kB
Node 0 Dirty:               324 kB
Node 0 Writeback:             0 kB
Node 0 FilePages:         86268 kB
Node 0 Mapped:            22200 kB
Node 0 AnonPages:         14156 kB
Node 0 Shmem:               492 kB
Node 0 KernelStack:        2184 kB
Node 0 PageTables:          444 kB
Node 0 NFS_Unstable:          0 kB
Node 0 Bounce:                0 kB
Node 0 WritebackTmp:          0 kB
Node 0 KReclaimable:      17280 kB
Node 0 Slab:              46844 kB
Node 0 SReclaimable:      17280 kB
Node 0 SUnreclaim:        29564 kB
Node 0 AnonHugePages:         0 kB
Node 0 ShmemHugePages:        0 kB
Node 0 ShmemPmdMapped:        0 kB
Node 0 FileHugePages:        0 kB
Node 0 FilePmdMapped:        0 kB
Node 0 HugePages_Total:     0
Node 0 HugePages_Free:      0
Node 0 HugePages_Surp:      0

Node 1 MemTotal:       24686196 kB
Node 1 MemFree:        24440820 kB
Node 1 MemUsed:          245376 kB
Node 1 Active:            63340 kB
Node 1 Inactive:          26060 kB
Node 1 Active(anon):      19608 kB
Node 1 Inactive(anon):      524 kB
Node 1 Active(file):      43732 kB
Node 1 Inactive(file):    25536 kB
Node 1 Unevictable:       17156 kB
Node 1 Mlocked:           17156 kB
Node 1 Dirty:               376 kB
Node 1 Writeback:             0 kB
Node 1 FilePages:         76872 kB
Node 1 Mapped:            24472 kB
Node 1 AnonPages:         29696 kB
Node 1 Shmem:               776 kB
Node 1 KernelStack:        1432 kB
Node 1 PageTables:          612 kB
Node 1 NFS_Unstable:          0 kB
Node 1 Bounce:                0 kB
Node 1 WritebackTmp:          0 kB
Node 1 KReclaimable:      24560 kB
Node 1 Slab:              60280 kB
Node 1 SReclaimable:      24560 kB
Node 1 SUnreclaim:        35720 kB
Node 1 AnonHugePages:         0 kB
Node 1 ShmemHugePages:        0 kB
Node 1 ShmemPmdMapped:        0 kB
Node 1 FileHugePages:        0 kB
Node 1 FilePmdMapped:        0 kB
Node 1 HugePages_Total:     0
Node 1 HugePages_Free:      0
Node 1 HugePages_Surp:      0

Load ZFS
Node 0 MemTotal:       24743736 kB
Node 0 MemFree:        24267204 kB
Node 0 MemUsed:          476532 kB
Node 0 Active:            42576 kB
Node 0 Inactive:         156624 kB
Node 0 Active(anon):      24728 kB
Node 0 Inactive(anon):      472 kB
Node 0 Active(file):      17848 kB
Node 0 Inactive(file):   156152 kB
Node 0 Unevictable:        1364 kB
Node 0 Mlocked:            1364 kB
Node 0 Dirty:               336 kB
Node 0 Writeback:             0 kB
Node 0 FilePages:        175964 kB
Node 0 Mapped:            23440 kB
Node 0 AnonPages:         24316 kB
Node 0 Shmem:               600 kB
Node 0 KernelStack:        2136 kB
Node 0 PageTables:         1072 kB
Node 0 NFS_Unstable:          0 kB
Node 0 Bounce:                0 kB
Node 0 WritebackTmp:          0 kB
Node 0 KReclaimable:      18372 kB
Node 0 Slab:              51060 kB
Node 0 SReclaimable:      18372 kB
Node 0 SUnreclaim:        32688 kB
Node 0 AnonHugePages:         0 kB
Node 0 ShmemHugePages:        0 kB
Node 0 ShmemPmdMapped:        0 kB
Node 0 FileHugePages:        0 kB
Node 0 FilePmdMapped:        0 kB
Node 0 HugePages_Total:     0
Node 0 HugePages_Free:      0
Node 0 HugePages_Surp:      0

Node 1 MemTotal:       24686196 kB
Node 1 MemFree:        24403276 kB
Node 1 MemUsed:          282920 kB
Node 1 Active:            78760 kB
Node 1 Inactive:          40904 kB
Node 1 Active(anon):      33760 kB
Node 1 Inactive(anon):      476 kB
Node 1 Active(file):      45000 kB
Node 1 Inactive(file):    40428 kB
Node 1 Unevictable:       17372 kB
Node 1 Mlocked:           17372 kB
Node 1 Dirty:                56 kB
Node 1 Writeback:             0 kB
Node 1 FilePages:         92924 kB
Node 1 Mapped:            27036 kB
Node 1 AnonPages:         44408 kB
Node 1 Shmem:               668 kB
Node 1 KernelStack:        2024 kB
Node 1 PageTables:         1368 kB
Node 1 NFS_Unstable:          0 kB
Node 1 Bounce:                0 kB
Node 1 WritebackTmp:          0 kB
Node 1 KReclaimable:      25264 kB
Node 1 Slab:              63580 kB
Node 1 SReclaimable:      25264 kB
Node 1 SUnreclaim:        38316 kB
Node 1 AnonHugePages:         0 kB
Node 1 ShmemHugePages:        0 kB
Node 1 ShmemPmdMapped:        0 kB
Node 1 FileHugePages:        0 kB
Node 1 FilePmdMapped:        0 kB
Node 1 HugePages_Total:     0
Node 1 HugePages_Free:      0
Node 1 HugePages_Surp:      0

Import tank ZPool
Node 0 MemTotal:       24743736 kB
Node 0 MemFree:        24269900 kB
Node 0 MemUsed:          473836 kB
Node 0 Active:            33368 kB
Node 0 Inactive:         157628 kB
Node 0 Active(anon):      14972 kB
Node 0 Inactive(anon):      472 kB
Node 0 Active(file):      18396 kB
Node 0 Inactive(file):   157156 kB
Node 0 Unevictable:        1364 kB
Node 0 Mlocked:            1364 kB
Node 0 Dirty:               428 kB
Node 0 Writeback:             0 kB
Node 0 FilePages:        177512 kB
Node 0 Mapped:            22552 kB
Node 0 AnonPages:         14784 kB
Node 0 Shmem:               596 kB
Node 0 KernelStack:        2056 kB
Node 0 PageTables:          644 kB
Node 0 NFS_Unstable:          0 kB
Node 0 Bounce:                0 kB
Node 0 WritebackTmp:          0 kB
Node 0 KReclaimable:      18492 kB
Node 0 Slab:              56040 kB
Node 0 SReclaimable:      18492 kB
Node 0 SUnreclaim:        37548 kB
Node 0 AnonHugePages:         0 kB
Node 0 ShmemHugePages:        0 kB
Node 0 ShmemPmdMapped:        0 kB
Node 0 FileHugePages:        0 kB
Node 0 FilePmdMapped:        0 kB
Node 0 HugePages_Total:     0
Node 0 HugePages_Free:      0
Node 0 HugePages_Surp:      0

Node 1 MemTotal:       24686196 kB
Node 1 MemFree:        24403712 kB
Node 1 MemUsed:          282484 kB
Node 1 Active:            64664 kB
Node 1 Inactive:          40420 kB
Node 1 Active(anon):      19168 kB
Node 1 Inactive(anon):      480 kB
Node 1 Active(file):      45496 kB
Node 1 Inactive(file):    39940 kB
Node 1 Unevictable:       17388 kB
Node 1 Mlocked:           17388 kB
Node 1 Dirty:                92 kB
Node 1 Writeback:             0 kB
Node 1 FilePages:         92936 kB
Node 1 Mapped:            24832 kB
Node 1 AnonPages:         29400 kB
Node 1 Shmem:               672 kB
Node 1 KernelStack:        2700 kB
Node 1 PageTables:          824 kB
Node 1 NFS_Unstable:          0 kB
Node 1 Bounce:                0 kB
Node 1 WritebackTmp:          0 kB
Node 1 KReclaimable:      25272 kB
Node 1 Slab:              65668 kB
Node 1 SReclaimable:      25272 kB
Node 1 SUnreclaim:        40396 kB
Node 1 AnonHugePages:         0 kB
Node 1 ShmemHugePages:        0 kB
Node 1 ShmemPmdMapped:        0 kB
Node 1 FileHugePages:        0 kB
Node 1 FilePmdMapped:        0 kB
Node 1 HugePages_Total:     0
Node 1 HugePages_Free:      0
Node 1 HugePages_Surp:      0

After Test
Node 0 MemTotal:       24743736 kB
Node 0 MemFree:        21768016 kB
Node 0 MemUsed:         2975720 kB
Node 0 Active:            33032 kB
Node 0 Inactive:         157448 kB
Node 0 Active(anon):      14420 kB
Node 0 Inactive(anon):      468 kB
Node 0 Active(file):      18612 kB
Node 0 Inactive(file):   156980 kB
Node 0 Unevictable:        1364 kB
Node 0 Mlocked:            1364 kB
Node 0 Dirty:                96 kB
Node 0 Writeback:             0 kB
Node 0 FilePages:        177552 kB
Node 0 Mapped:            22192 kB
Node 0 AnonPages:         14292 kB
Node 0 Shmem:               596 kB
Node 0 KernelStack:        1960 kB
Node 0 PageTables:          452 kB
Node 0 NFS_Unstable:          0 kB
Node 0 Bounce:                0 kB
Node 0 WritebackTmp:          0 kB
Node 0 KReclaimable:      18492 kB
Node 0 Slab:              57972 kB
Node 0 SReclaimable:      18492 kB
Node 0 SUnreclaim:        39480 kB
Node 0 AnonHugePages:         0 kB
Node 0 ShmemHugePages:        0 kB
Node 0 ShmemPmdMapped:        0 kB
Node 0 FileHugePages:        0 kB
Node 0 FilePmdMapped:        0 kB
Node 0 HugePages_Total:     0
Node 0 HugePages_Free:      0
Node 0 HugePages_Surp:      0

Node 1 MemTotal:       24686196 kB
Node 1 MemFree:        23970396 kB
Node 1 MemUsed:          715800 kB
Node 1 Active:            65748 kB
Node 1 Inactive:          41576 kB
Node 1 Active(anon):      19412 kB
Node 1 Inactive(anon):      520 kB
Node 1 Active(file):      46336 kB
Node 1 Inactive(file):    41056 kB
Node 1 Unevictable:       17388 kB
Node 1 Mlocked:           17388 kB
Node 1 Dirty:                32 kB
Node 1 Writeback:             0 kB
Node 1 FilePages:         94936 kB
Node 1 Mapped:            24692 kB
Node 1 AnonPages:         29500 kB
Node 1 Shmem:               716 kB
Node 1 KernelStack:        2728 kB
Node 1 PageTables:          776 kB
Node 1 NFS_Unstable:          0 kB
Node 1 Bounce:                0 kB
Node 1 WritebackTmp:          0 kB
Node 1 KReclaimable:      26672 kB
Node 1 Slab:              79192 kB
Node 1 SReclaimable:      26672 kB
Node 1 SUnreclaim:        52520 kB
Node 1 AnonHugePages:         0 kB
Node 1 ShmemHugePages:        0 kB
Node 1 ShmemPmdMapped:        0 kB
Node 1 FileHugePages:        0 kB
Node 1 FilePmdMapped:        0 kB
Node 1 HugePages_Total:     0
Node 1 HugePages_Free:      0
Node 1 HugePages_Surp:      0

After Opposite Node
Node 0 MemTotal:       24743736 kB
Node 0 MemFree:        21767232 kB
Node 0 MemUsed:         2976504 kB
Node 0 Active:            33340 kB
Node 0 Inactive:         157484 kB
Node 0 Active(anon):      14696 kB
Node 0 Inactive(anon):      512 kB
Node 0 Active(file):      18644 kB
Node 0 Inactive(file):   156972 kB
Node 0 Unevictable:        1364 kB
Node 0 Mlocked:            1364 kB
Node 0 Dirty:               136 kB
Node 0 Writeback:             0 kB
Node 0 FilePages:        177620 kB
Node 0 Mapped:            22236 kB
Node 0 AnonPages:         14296 kB
Node 0 Shmem:               640 kB
Node 0 KernelStack:        1976 kB
Node 0 PageTables:          632 kB
Node 0 NFS_Unstable:          0 kB
Node 0 Bounce:                0 kB
Node 0 WritebackTmp:          0 kB
Node 0 KReclaimable:      18524 kB
Node 0 Slab:              58560 kB
Node 0 SReclaimable:      18524 kB
Node 0 SUnreclaim:        40036 kB
Node 0 AnonHugePages:         0 kB
Node 0 ShmemHugePages:        0 kB
Node 0 ShmemPmdMapped:        0 kB
Node 0 FileHugePages:        0 kB
Node 0 FilePmdMapped:        0 kB
Node 0 HugePages_Total:     0
Node 0 HugePages_Free:      0
Node 0 HugePages_Surp:      0

Node 1 MemTotal:       24686196 kB
Node 1 MemFree:        23970212 kB
Node 1 MemUsed:          715984 kB
Node 1 Active:            65652 kB
Node 1 Inactive:          41376 kB
Node 1 Active(anon):      19152 kB
Node 1 Inactive(anon):      476 kB
Node 1 Active(file):      46500 kB
Node 1 Inactive(file):    40900 kB
Node 1 Unevictable:       17388 kB
Node 1 Mlocked:           17388 kB
Node 1 Dirty:                44 kB
Node 1 Writeback:             0 kB
Node 1 FilePages:         94904 kB
Node 1 Mapped:            24664 kB
Node 1 AnonPages:         29512 kB
Node 1 Shmem:               672 kB
Node 1 KernelStack:        2696 kB
Node 1 PageTables:          592 kB
Node 1 NFS_Unstable:          0 kB
Node 1 Bounce:                0 kB
Node 1 WritebackTmp:          0 kB
Node 1 KReclaimable:      26672 kB
Node 1 Slab:              79188 kB
Node 1 SReclaimable:      26672 kB
Node 1 SUnreclaim:        52516 kB
Node 1 AnonHugePages:         0 kB
Node 1 ShmemHugePages:        0 kB
Node 1 ShmemPmdMapped:        0 kB
Node 1 FileHugePages:        0 kB
Node 1 FilePmdMapped:        0 kB
Node 1 HugePages_Total:     0
Node 1 HugePages_Free:      0
Node 1 HugePages_Surp:      0

B.1.2Mfio.2G.3.O Complete!
