B.1.4Mfio.250M.3.O
Begin
Node 0 MemTotal:       24743736 kB
Node 0 MemFree:        24514168 kB
Node 0 MemUsed:          229568 kB
Node 0 Active:            40848 kB
Node 0 Inactive:          32872 kB
Node 0 Active(anon):      22484 kB
Node 0 Inactive(anon):      300 kB
Node 0 Active(file):      18364 kB
Node 0 Inactive(file):    32572 kB
Node 0 Unevictable:       13576 kB
Node 0 Mlocked:           13576 kB
Node 0 Dirty:               324 kB
Node 0 Writeback:             0 kB
Node 0 FilePages:         54680 kB
Node 0 Mapped:            18556 kB
Node 0 AnonPages:         32700 kB
Node 0 Shmem:               496 kB
Node 0 KernelStack:        2040 kB
Node 0 PageTables:          684 kB
Node 0 NFS_Unstable:          0 kB
Node 0 Bounce:                0 kB
Node 0 WritebackTmp:          0 kB
Node 0 KReclaimable:      18932 kB
Node 0 Slab:              54896 kB
Node 0 SReclaimable:      18932 kB
Node 0 SUnreclaim:        35964 kB
Node 0 AnonHugePages:         0 kB
Node 0 ShmemHugePages:        0 kB
Node 0 ShmemPmdMapped:        0 kB
Node 0 FileHugePages:        0 kB
Node 0 FilePmdMapped:        0 kB
Node 0 HugePages_Total:     0
Node 0 HugePages_Free:      0
Node 0 HugePages_Surp:      0

Node 1 MemTotal:       24686196 kB
Node 1 MemFree:        24305376 kB
Node 1 MemUsed:          380820 kB
Node 1 Active:            53768 kB
Node 1 Inactive:          51992 kB
Node 1 Active(anon):      11348 kB
Node 1 Inactive(anon):      564 kB
Node 1 Active(file):      42420 kB
Node 1 Inactive(file):    51428 kB
Node 1 Unevictable:        4948 kB
Node 1 Mlocked:            4948 kB
Node 1 Dirty:               180 kB
Node 1 Writeback:             0 kB
Node 1 FilePages:         99568 kB
Node 1 Mapped:            20352 kB
Node 1 AnonPages:         11172 kB
Node 1 Shmem:               772 kB
Node 1 KernelStack:        1544 kB
Node 1 PageTables:          372 kB
Node 1 NFS_Unstable:          0 kB
Node 1 Bounce:                0 kB
Node 1 WritebackTmp:          0 kB
Node 1 KReclaimable:      23972 kB
Node 1 Slab:              55632 kB
Node 1 SReclaimable:      23972 kB
Node 1 SUnreclaim:        31660 kB
Node 1 AnonHugePages:         0 kB
Node 1 ShmemHugePages:        0 kB
Node 1 ShmemPmdMapped:        0 kB
Node 1 FileHugePages:        0 kB
Node 1 FilePmdMapped:        0 kB
Node 1 HugePages_Total:     0
Node 1 HugePages_Free:      0
Node 1 HugePages_Surp:      0

Load ZFS
Node 0 MemTotal:       24743736 kB
Node 0 MemFree:        24475476 kB
Node 0 MemUsed:          268260 kB
Node 0 Active:            54140 kB
Node 0 Inactive:          52776 kB
Node 0 Active(anon):      34756 kB
Node 0 Inactive(anon):      464 kB
Node 0 Active(file):      19384 kB
Node 0 Inactive(file):    52312 kB
Node 0 Unevictable:       13788 kB
Node 0 Mlocked:           13788 kB
Node 0 Dirty:               252 kB
Node 0 Writeback:             0 kB
Node 0 FilePages:         75616 kB
Node 0 Mapped:            20264 kB
Node 0 AnonPages:         45088 kB
Node 0 Shmem:               672 kB
Node 0 KernelStack:        2056 kB
Node 0 PageTables:         1220 kB
Node 0 NFS_Unstable:          0 kB
Node 0 Bounce:                0 kB
Node 0 WritebackTmp:          0 kB
Node 0 KReclaimable:      19740 kB
Node 0 Slab:              57324 kB
Node 0 SReclaimable:      19740 kB
Node 0 SUnreclaim:        37584 kB
Node 0 AnonHugePages:         0 kB
Node 0 ShmemHugePages:        0 kB
Node 0 ShmemPmdMapped:        0 kB
Node 0 FileHugePages:        0 kB
Node 0 FilePmdMapped:        0 kB
Node 0 HugePages_Total:     0
Node 0 HugePages_Free:      0
Node 0 HugePages_Surp:      0

Node 1 MemTotal:       24686196 kB
Node 1 MemFree:        24201064 kB
Node 1 MemUsed:          485132 kB
Node 1 Active:            68464 kB
Node 1 Inactive:         135568 kB
Node 1 Active(anon):      24688 kB
Node 1 Inactive(anon):      480 kB
Node 1 Active(file):      43776 kB
Node 1 Inactive(file):   135088 kB
Node 1 Unevictable:        4948 kB
Node 1 Mlocked:            4948 kB
Node 1 Dirty:               108 kB
Node 1 Writeback:             0 kB
Node 1 FilePages:        184404 kB
Node 1 Mapped:            22640 kB
Node 1 AnonPages:         24584 kB
Node 1 Shmem:               596 kB
Node 1 KernelStack:        2132 kB
Node 1 PageTables:         1604 kB
Node 1 NFS_Unstable:          0 kB
Node 1 Bounce:                0 kB
Node 1 WritebackTmp:          0 kB
Node 1 KReclaimable:      24984 kB
Node 1 Slab:              60060 kB
Node 1 SReclaimable:      24984 kB
Node 1 SUnreclaim:        35076 kB
Node 1 AnonHugePages:         0 kB
Node 1 ShmemHugePages:        0 kB
Node 1 ShmemPmdMapped:        0 kB
Node 1 FileHugePages:        0 kB
Node 1 FilePmdMapped:        0 kB
Node 1 HugePages_Total:     0
Node 1 HugePages_Free:      0
Node 1 HugePages_Surp:      0

Import tank ZPool
Node 0 MemTotal:       24743736 kB
Node 0 MemFree:        24476484 kB
Node 0 MemUsed:          267252 kB
Node 0 Active:            54036 kB
Node 0 Inactive:          52776 kB
Node 0 Active(anon):      34652 kB
Node 0 Inactive(anon):      464 kB
Node 0 Active(file):      19384 kB
Node 0 Inactive(file):    52312 kB
Node 0 Unevictable:       13804 kB
Node 0 Mlocked:           13804 kB
Node 0 Dirty:               304 kB
Node 0 Writeback:             0 kB
Node 0 FilePages:         75608 kB
Node 0 Mapped:            20296 kB
Node 0 AnonPages:         45008 kB
Node 0 Shmem:               664 kB
Node 0 KernelStack:        2056 kB
Node 0 PageTables:         1200 kB
Node 0 NFS_Unstable:          0 kB
Node 0 Bounce:                0 kB
Node 0 WritebackTmp:          0 kB
Node 0 KReclaimable:      19740 kB
Node 0 Slab:              57316 kB
Node 0 SReclaimable:      19740 kB
Node 0 SUnreclaim:        37576 kB
Node 0 AnonHugePages:         0 kB
Node 0 ShmemHugePages:        0 kB
Node 0 ShmemPmdMapped:        0 kB
Node 0 FileHugePages:        0 kB
Node 0 FilePmdMapped:        0 kB
Node 0 HugePages_Total:     0
Node 0 HugePages_Free:      0
Node 0 HugePages_Surp:      0

Node 1 MemTotal:       24686196 kB
Node 1 MemFree:        24184052 kB
Node 1 MemUsed:          502144 kB
Node 1 Active:            68556 kB
Node 1 Inactive:         136768 kB
Node 1 Active(anon):      24408 kB
Node 1 Inactive(anon):      484 kB
Node 1 Active(file):      44148 kB
Node 1 Inactive(file):   136284 kB
Node 1 Unevictable:        4948 kB
Node 1 Mlocked:            4948 kB
Node 1 Dirty:               156 kB
Node 1 Writeback:             0 kB
Node 1 FilePages:        185980 kB
Node 1 Mapped:            22628 kB
Node 1 AnonPages:         24360 kB
Node 1 Shmem:               604 kB
Node 1 KernelStack:        3160 kB
Node 1 PageTables:         1680 kB
Node 1 NFS_Unstable:          0 kB
Node 1 Bounce:                0 kB
Node 1 WritebackTmp:          0 kB
Node 1 KReclaimable:      25092 kB
Node 1 Slab:              66192 kB
Node 1 SReclaimable:      25092 kB
Node 1 SUnreclaim:        41100 kB
Node 1 AnonHugePages:         0 kB
Node 1 ShmemHugePages:        0 kB
Node 1 ShmemPmdMapped:        0 kB
Node 1 FileHugePages:        0 kB
Node 1 FilePmdMapped:        0 kB
Node 1 HugePages_Total:     0
Node 1 HugePages_Free:      0
Node 1 HugePages_Surp:      0

After Test
Node 0 MemTotal:       24743736 kB
Node 0 MemFree:        24265488 kB
Node 0 MemUsed:          478248 kB
Node 0 Active:            41184 kB
Node 0 Inactive:          52496 kB
Node 0 Active(anon):      21524 kB
Node 0 Inactive(anon):      460 kB
Node 0 Active(file):      19660 kB
Node 0 Inactive(file):    52036 kB
Node 0 Unevictable:       13804 kB
Node 0 Mlocked:           13804 kB
Node 0 Dirty:               304 kB
Node 0 Writeback:             0 kB
Node 0 FilePages:         75608 kB
Node 0 Mapped:            18568 kB
Node 0 AnonPages:         31876 kB
Node 0 Shmem:               664 kB
Node 0 KernelStack:        1976 kB
Node 0 PageTables:          648 kB
Node 0 NFS_Unstable:          0 kB
Node 0 Bounce:                0 kB
Node 0 WritebackTmp:          0 kB
Node 0 KReclaimable:      19740 kB
Node 0 Slab:              58000 kB
Node 0 SReclaimable:      19740 kB
Node 0 SUnreclaim:        38260 kB
Node 0 AnonHugePages:         0 kB
Node 0 ShmemHugePages:        0 kB
Node 0 ShmemPmdMapped:        0 kB
Node 0 FileHugePages:        0 kB
Node 0 FilePmdMapped:        0 kB
Node 0 HugePages_Total:     0
Node 0 HugePages_Free:      0
Node 0 HugePages_Surp:      0

Node 1 MemTotal:       24686196 kB
Node 1 MemFree:        23884544 kB
Node 1 MemUsed:          801652 kB
Node 1 Active:            57344 kB
Node 1 Inactive:         137324 kB
Node 1 Active(anon):      11756 kB
Node 1 Inactive(anon):      504 kB
Node 1 Active(file):      45588 kB
Node 1 Inactive(file):   136820 kB
Node 1 Unevictable:        4948 kB
Node 1 Mlocked:            4948 kB
Node 1 Dirty:               156 kB
Node 1 Writeback:             0 kB
Node 1 FilePages:        188000 kB
Node 1 Mapped:            20644 kB
Node 1 AnonPages:         11528 kB
Node 1 Shmem:               648 kB
Node 1 KernelStack:        2712 kB
Node 1 PageTables:          468 kB
Node 1 NFS_Unstable:          0 kB
Node 1 Bounce:                0 kB
Node 1 WritebackTmp:          0 kB
Node 1 KReclaimable:      26416 kB
Node 1 Slab:              69904 kB
Node 1 SReclaimable:      26416 kB
Node 1 SUnreclaim:        43488 kB
Node 1 AnonHugePages:         0 kB
Node 1 ShmemHugePages:        0 kB
Node 1 ShmemPmdMapped:        0 kB
Node 1 FileHugePages:        0 kB
Node 1 FilePmdMapped:        0 kB
Node 1 HugePages_Total:     0
Node 1 HugePages_Free:      0
Node 1 HugePages_Surp:      0

After Opposite Node
Node 0 MemTotal:       24743736 kB
Node 0 MemFree:        24265688 kB
Node 0 MemUsed:          478048 kB
Node 0 Active:            41364 kB
Node 0 Inactive:          52548 kB
Node 0 Active(anon):      21680 kB
Node 0 Inactive(anon):      488 kB
Node 0 Active(file):      19684 kB
Node 0 Inactive(file):    52060 kB
Node 0 Unevictable:       13804 kB
Node 0 Mlocked:           13804 kB
Node 0 Dirty:               304 kB
Node 0 Writeback:             0 kB
Node 0 FilePages:         75700 kB
Node 0 Mapped:            18612 kB
Node 0 AnonPages:         31916 kB
Node 0 Shmem:               708 kB
Node 0 KernelStack:        2008 kB
Node 0 PageTables:          764 kB
Node 0 NFS_Unstable:          0 kB
Node 0 Bounce:                0 kB
Node 0 WritebackTmp:          0 kB
Node 0 KReclaimable:      19796 kB
Node 0 Slab:              58348 kB
Node 0 SReclaimable:      19796 kB
Node 0 SUnreclaim:        38552 kB
Node 0 AnonHugePages:         0 kB
Node 0 ShmemHugePages:        0 kB
Node 0 ShmemPmdMapped:        0 kB
Node 0 FileHugePages:        0 kB
Node 0 FilePmdMapped:        0 kB
Node 0 HugePages_Total:     0
Node 0 HugePages_Free:      0
Node 0 HugePages_Surp:      0

Node 1 MemTotal:       24686196 kB
Node 1 MemFree:        23885412 kB
Node 1 MemUsed:          800784 kB
Node 1 Active:            57372 kB
Node 1 Inactive:         137144 kB
Node 1 Active(anon):      11608 kB
Node 1 Inactive(anon):      480 kB
Node 1 Active(file):      45764 kB
Node 1 Inactive(file):   136664 kB
Node 1 Unevictable:        4948 kB
Node 1 Mlocked:            4948 kB
Node 1 Dirty:               168 kB
Node 1 Writeback:             0 kB
Node 1 FilePages:        187976 kB
Node 1 Mapped:            20560 kB
Node 1 AnonPages:         11484 kB
Node 1 Shmem:               604 kB
Node 1 KernelStack:        2680 kB
Node 1 PageTables:          364 kB
Node 1 NFS_Unstable:          0 kB
Node 1 Bounce:                0 kB
Node 1 WritebackTmp:          0 kB
Node 1 KReclaimable:      26416 kB
Node 1 Slab:              69880 kB
Node 1 SReclaimable:      26416 kB
Node 1 SUnreclaim:        43464 kB
Node 1 AnonHugePages:         0 kB
Node 1 ShmemHugePages:        0 kB
Node 1 ShmemPmdMapped:        0 kB
Node 1 FileHugePages:        0 kB
Node 1 FilePmdMapped:        0 kB
Node 1 HugePages_Total:     0
Node 1 HugePages_Free:      0
Node 1 HugePages_Surp:      0

B.1.4Mfio.250M.3.O Complete!
