U.0.fio.2-1G.7
Begin
Node 0 MemTotal:       24743524 kB
Node 0 MemFree:        24471924 kB
Node 0 MemUsed:          271600 kB
Node 0 Active:            50696 kB
Node 0 Inactive:          80452 kB
Node 0 Active(anon):      11332 kB
Node 0 Inactive(anon):      240 kB
Node 0 Active(file):      39364 kB
Node 0 Inactive(file):    80212 kB
Node 0 Unevictable:        1184 kB
Node 0 Mlocked:            1184 kB
Node 0 Dirty:               372 kB
Node 0 Writeback:             0 kB
Node 0 FilePages:        121108 kB
Node 0 Mapped:            48320 kB
Node 0 AnonPages:         11228 kB
Node 0 Shmem:               348 kB
Node 0 KernelStack:        1992 kB
Node 0 PageTables:          572 kB
Node 0 NFS_Unstable:          0 kB
Node 0 Bounce:                0 kB
Node 0 WritebackTmp:          0 kB
Node 0 KReclaimable:      22400 kB
Node 0 Slab:              56416 kB
Node 0 SReclaimable:      22400 kB
Node 0 SUnreclaim:        34016 kB
Node 0 AnonHugePages:         0 kB
Node 0 ShmemHugePages:        0 kB
Node 0 ShmemPmdMapped:        0 kB
Node 0 FileHugePages:        0 kB
Node 0 FilePmdMapped:        0 kB
Node 0 HugePages_Total:     0
Node 0 HugePages_Free:      0
Node 0 HugePages_Surp:      0

Node 1 MemTotal:       24686196 kB
Node 1 MemFree:        24326836 kB
Node 1 MemUsed:          359360 kB
Node 1 Active:            47876 kB
Node 1 Inactive:          29764 kB
Node 1 Active(anon):      23184 kB
Node 1 Inactive(anon):      596 kB
Node 1 Active(file):      24692 kB
Node 1 Inactive(file):    29168 kB
Node 1 Unevictable:       17212 kB
Node 1 Mlocked:           17212 kB
Node 1 Dirty:               100 kB
Node 1 Writeback:             0 kB
Node 1 FilePages:         61704 kB
Node 1 Mapped:            24812 kB
Node 1 AnonPages:         33156 kB
Node 1 Shmem:               836 kB
Node 1 KernelStack:        1560 kB
Node 1 PageTables:          564 kB
Node 1 NFS_Unstable:          0 kB
Node 1 Bounce:                0 kB
Node 1 WritebackTmp:          0 kB
Node 1 KReclaimable:      18612 kB
Node 1 Slab:              47176 kB
Node 1 SReclaimable:      18612 kB
Node 1 SUnreclaim:        28564 kB
Node 1 AnonHugePages:         0 kB
Node 1 ShmemHugePages:        0 kB
Node 1 ShmemPmdMapped:        0 kB
Node 1 FileHugePages:        0 kB
Node 1 FilePmdMapped:        0 kB
Node 1 HugePages_Total:     0
Node 1 HugePages_Free:      0
Node 1 HugePages_Surp:      0

Load ZFS
Node 0 MemTotal:       24743524 kB
Node 0 MemFree:        24471924 kB
Node 0 MemUsed:          271600 kB
Node 0 Active:            50696 kB
Node 0 Inactive:          80452 kB
Node 0 Active(anon):      11332 kB
Node 0 Inactive(anon):      240 kB
Node 0 Active(file):      39364 kB
Node 0 Inactive(file):    80212 kB
Node 0 Unevictable:        1184 kB
Node 0 Mlocked:            1184 kB
Node 0 Dirty:               372 kB
Node 0 Writeback:             0 kB
Node 0 FilePages:        121108 kB
Node 0 Mapped:            48320 kB
Node 0 AnonPages:         11228 kB
Node 0 Shmem:               348 kB
Node 0 KernelStack:        1992 kB
Node 0 PageTables:          572 kB
Node 0 NFS_Unstable:          0 kB
Node 0 Bounce:                0 kB
Node 0 WritebackTmp:          0 kB
Node 0 KReclaimable:      22400 kB
Node 0 Slab:              56416 kB
Node 0 SReclaimable:      22400 kB
Node 0 SUnreclaim:        34016 kB
Node 0 AnonHugePages:         0 kB
Node 0 ShmemHugePages:        0 kB
Node 0 ShmemPmdMapped:        0 kB
Node 0 FileHugePages:        0 kB
Node 0 FilePmdMapped:        0 kB
Node 0 HugePages_Total:     0
Node 0 HugePages_Free:      0
Node 0 HugePages_Surp:      0

Node 1 MemTotal:       24686196 kB
Node 1 MemFree:        24325824 kB
Node 1 MemUsed:          360372 kB
Node 1 Active:            48168 kB
Node 1 Inactive:          29764 kB
Node 1 Active(anon):      23184 kB
Node 1 Inactive(anon):      596 kB
Node 1 Active(file):      24984 kB
Node 1 Inactive(file):    29168 kB
Node 1 Unevictable:       17212 kB
Node 1 Mlocked:           17212 kB
Node 1 Dirty:               100 kB
Node 1 Writeback:             0 kB
Node 1 FilePages:         62140 kB
Node 1 Mapped:            24812 kB
Node 1 AnonPages:         32868 kB
Node 1 Shmem:               836 kB
Node 1 KernelStack:        1560 kB
Node 1 PageTables:          564 kB
Node 1 NFS_Unstable:          0 kB
Node 1 Bounce:                0 kB
Node 1 WritebackTmp:          0 kB
Node 1 KReclaimable:      18612 kB
Node 1 Slab:              47468 kB
Node 1 SReclaimable:      18612 kB
Node 1 SUnreclaim:        28856 kB
Node 1 AnonHugePages:         0 kB
Node 1 ShmemHugePages:        0 kB
Node 1 ShmemPmdMapped:        0 kB
Node 1 FileHugePages:        0 kB
Node 1 FilePmdMapped:        0 kB
Node 1 HugePages_Total:     0
Node 1 HugePages_Free:      0
Node 1 HugePages_Surp:      0

Import tank ZPool
Node 0 MemTotal:       24743524 kB
Node 0 MemFree:        24468356 kB
Node 0 MemUsed:          275168 kB
Node 0 Active:            50864 kB
Node 0 Inactive:          80360 kB
Node 0 Active(anon):      11400 kB
Node 0 Inactive(anon):      240 kB
Node 0 Active(file):      39464 kB
Node 0 Inactive(file):    80120 kB
Node 0 Unevictable:        1184 kB
Node 0 Mlocked:            1184 kB
Node 0 Dirty:               380 kB
Node 0 Writeback:             0 kB
Node 0 FilePages:        121140 kB
Node 0 Mapped:            48352 kB
Node 0 AnonPages:         11392 kB
Node 0 Shmem:               348 kB
Node 0 KernelStack:        3048 kB
Node 0 PageTables:          692 kB
Node 0 NFS_Unstable:          0 kB
Node 0 Bounce:                0 kB
Node 0 WritebackTmp:          0 kB
Node 0 KReclaimable:      22400 kB
Node 0 Slab:              58552 kB
Node 0 SReclaimable:      22400 kB
Node 0 SUnreclaim:        36152 kB
Node 0 AnonHugePages:         0 kB
Node 0 ShmemHugePages:        0 kB
Node 0 ShmemPmdMapped:        0 kB
Node 0 FileHugePages:        0 kB
Node 0 FilePmdMapped:        0 kB
Node 0 HugePages_Total:     0
Node 0 HugePages_Free:      0
Node 0 HugePages_Surp:      0

Node 1 MemTotal:       24686196 kB
Node 1 MemFree:        24303736 kB
Node 1 MemUsed:          382460 kB
Node 1 Active:            49212 kB
Node 1 Inactive:          30964 kB
Node 1 Active(anon):      23664 kB
Node 1 Inactive(anon):      600 kB
Node 1 Active(file):      25548 kB
Node 1 Inactive(file):    30364 kB
Node 1 Unevictable:       17212 kB
Node 1 Mlocked:           17212 kB
Node 1 Dirty:               124 kB
Node 1 Writeback:             0 kB
Node 1 FilePages:         63784 kB
Node 1 Mapped:            24908 kB
Node 1 AnonPages:         33224 kB
Node 1 Shmem:               840 kB
Node 1 KernelStack:        1656 kB
Node 1 PageTables:          640 kB
Node 1 NFS_Unstable:          0 kB
Node 1 Bounce:                0 kB
Node 1 WritebackTmp:          0 kB
Node 1 KReclaimable:      19176 kB
Node 1 Slab:              54556 kB
Node 1 SReclaimable:      19176 kB
Node 1 SUnreclaim:        35380 kB
Node 1 AnonHugePages:         0 kB
Node 1 ShmemHugePages:        0 kB
Node 1 ShmemPmdMapped:        0 kB
Node 1 FileHugePages:        0 kB
Node 1 FilePmdMapped:        0 kB
Node 1 HugePages_Total:     0
Node 1 HugePages_Free:      0
Node 1 HugePages_Surp:      0

After Test
Node 0 MemTotal:       24743524 kB
Node 0 MemFree:        22789004 kB
Node 0 MemUsed:         1954520 kB
Node 0 Active:            51000 kB
Node 0 Inactive:          81692 kB
Node 0 Active(anon):      10544 kB
Node 0 Inactive(anon):      468 kB
Node 0 Active(file):      40456 kB
Node 0 Inactive(file):    81224 kB
Node 0 Unevictable:        1184 kB
Node 0 Mlocked:            1184 kB
Node 0 Dirty:                48 kB
Node 0 Writeback:             0 kB
Node 0 FilePages:        123448 kB
Node 0 Mapped:            48472 kB
Node 0 AnonPages:         10296 kB
Node 0 Shmem:               584 kB
Node 0 KernelStack:        3000 kB
Node 0 PageTables:          696 kB
Node 0 NFS_Unstable:          0 kB
Node 0 Bounce:                0 kB
Node 0 WritebackTmp:          0 kB
Node 0 KReclaimable:      24700 kB
Node 0 Slab:              71032 kB
Node 0 SReclaimable:      24700 kB
Node 0 SUnreclaim:        46332 kB
Node 0 AnonHugePages:         0 kB
Node 0 ShmemHugePages:        0 kB
Node 0 ShmemPmdMapped:        0 kB
Node 0 FileHugePages:        0 kB
Node 0 FilePmdMapped:        0 kB
Node 0 HugePages_Total:     0
Node 0 HugePages_Free:      0
Node 0 HugePages_Surp:      0

Node 1 MemTotal:       24686196 kB
Node 1 MemFree:        24101128 kB
Node 1 MemUsed:          585068 kB
Node 1 Active:            48672 kB
Node 1 Inactive:          30764 kB
Node 1 Active(anon):      22868 kB
Node 1 Inactive(anon):      600 kB
Node 1 Active(file):      25804 kB
Node 1 Inactive(file):    30164 kB
Node 1 Unevictable:       17212 kB
Node 1 Mlocked:           17212 kB
Node 1 Dirty:                20 kB
Node 1 Writeback:             0 kB
Node 1 FilePages:         63816 kB
Node 1 Mapped:            24780 kB
Node 1 AnonPages:         32828 kB
Node 1 Shmem:               840 kB
Node 1 KernelStack:        1656 kB
Node 1 PageTables:          588 kB
Node 1 NFS_Unstable:          0 kB
Node 1 Bounce:                0 kB
Node 1 WritebackTmp:          0 kB
Node 1 KReclaimable:      19224 kB
Node 1 Slab:              55516 kB
Node 1 SReclaimable:      19224 kB
Node 1 SUnreclaim:        36292 kB
Node 1 AnonHugePages:         0 kB
Node 1 ShmemHugePages:        0 kB
Node 1 ShmemPmdMapped:        0 kB
Node 1 FileHugePages:        0 kB
Node 1 FilePmdMapped:        0 kB
Node 1 HugePages_Total:     0
Node 1 HugePages_Free:      0
Node 1 HugePages_Surp:      0

U.0.fio.2-1G.7 Complete!
