U.1.fio.~1G.2
Begin
Node 0 MemTotal:       24768352 kB
Node 0 MemFree:        24510436 kB
Node 0 MemUsed:          257916 kB
Node 0 Active:            64600 kB
Node 0 Inactive:          48620 kB
Node 0 Active(anon):      20804 kB
Node 0 Inactive(anon):      456 kB
Node 0 Active(file):      43796 kB
Node 0 Inactive(file):    48164 kB
Node 0 Unevictable:       18044 kB
Node 0 Mlocked:           18044 kB
Node 0 Dirty:               372 kB
Node 0 Writeback:             0 kB
Node 0 FilePages:        100552 kB
Node 0 Mapped:            29008 kB
Node 0 AnonPages:         30864 kB
Node 0 Shmem:               608 kB
Node 0 KernelStack:        1816 kB
Node 0 PageTables:          600 kB
Node 0 NFS_Unstable:          0 kB
Node 0 Bounce:                0 kB
Node 0 WritebackTmp:          0 kB
Node 0 KReclaimable:      20112 kB
Node 0 Slab:              46268 kB
Node 0 SReclaimable:      20112 kB
Node 0 SUnreclaim:        26156 kB
Node 0 AnonHugePages:         0 kB
Node 0 ShmemHugePages:        0 kB
Node 0 ShmemPmdMapped:        0 kB
Node 0 FileHugePages:        0 kB
Node 0 FilePmdMapped:        0 kB
Node 0 HugePages_Total:     0
Node 0 HugePages_Free:      0
Node 0 HugePages_Surp:      0

Node 1 MemTotal:       24661396 kB
Node 1 MemFree:        24281476 kB
Node 1 MemUsed:          379920 kB
Node 1 Active:            33840 kB
Node 1 Inactive:          61848 kB
Node 1 Active(anon):      13580 kB
Node 1 Inactive(anon):      388 kB
Node 1 Active(file):      20260 kB
Node 1 Inactive(file):    61460 kB
Node 1 Unevictable:         352 kB
Node 1 Mlocked:             352 kB
Node 1 Dirty:                44 kB
Node 1 Writeback:             0 kB
Node 1 FilePages:         82648 kB
Node 1 Mapped:            40080 kB
Node 1 AnonPages:         13392 kB
Node 1 Shmem:               576 kB
Node 1 KernelStack:        1688 kB
Node 1 PageTables:          508 kB
Node 1 NFS_Unstable:          0 kB
Node 1 Bounce:                0 kB
Node 1 WritebackTmp:          0 kB
Node 1 KReclaimable:      21372 kB
Node 1 Slab:              61504 kB
Node 1 SReclaimable:      21372 kB
Node 1 SUnreclaim:        40132 kB
Node 1 AnonHugePages:         0 kB
Node 1 ShmemHugePages:        0 kB
Node 1 ShmemPmdMapped:        0 kB
Node 1 FileHugePages:        0 kB
Node 1 FilePmdMapped:        0 kB
Node 1 HugePages_Total:     0
Node 1 HugePages_Free:      0
Node 1 HugePages_Surp:      0

Load ZFS
Node 0 MemTotal:       24768352 kB
Node 0 MemFree:        24509708 kB
Node 0 MemUsed:          258644 kB
Node 0 Active:            64600 kB
Node 0 Inactive:          48620 kB
Node 0 Active(anon):      20804 kB
Node 0 Inactive(anon):      456 kB
Node 0 Active(file):      43796 kB
Node 0 Inactive(file):    48164 kB
Node 0 Unevictable:       18044 kB
Node 0 Mlocked:           18044 kB
Node 0 Dirty:               372 kB
Node 0 Writeback:             0 kB
Node 0 FilePages:        100552 kB
Node 0 Mapped:            29008 kB
Node 0 AnonPages:         31012 kB
Node 0 Shmem:               608 kB
Node 0 KernelStack:        1816 kB
Node 0 PageTables:          600 kB
Node 0 NFS_Unstable:          0 kB
Node 0 Bounce:                0 kB
Node 0 WritebackTmp:          0 kB
Node 0 KReclaimable:      20112 kB
Node 0 Slab:              46576 kB
Node 0 SReclaimable:      20112 kB
Node 0 SUnreclaim:        26464 kB
Node 0 AnonHugePages:         0 kB
Node 0 ShmemHugePages:        0 kB
Node 0 ShmemPmdMapped:        0 kB
Node 0 FileHugePages:        0 kB
Node 0 FilePmdMapped:        0 kB
Node 0 HugePages_Total:     0
Node 0 HugePages_Free:      0
Node 0 HugePages_Surp:      0

Node 1 MemTotal:       24661396 kB
Node 1 MemFree:        24281476 kB
Node 1 MemUsed:          379920 kB
Node 1 Active:            33840 kB
Node 1 Inactive:          61848 kB
Node 1 Active(anon):      13580 kB
Node 1 Inactive(anon):      388 kB
Node 1 Active(file):      20260 kB
Node 1 Inactive(file):    61460 kB
Node 1 Unevictable:         352 kB
Node 1 Mlocked:             352 kB
Node 1 Dirty:                44 kB
Node 1 Writeback:             0 kB
Node 1 FilePages:         82648 kB
Node 1 Mapped:            40080 kB
Node 1 AnonPages:         13392 kB
Node 1 Shmem:               576 kB
Node 1 KernelStack:        1688 kB
Node 1 PageTables:          508 kB
Node 1 NFS_Unstable:          0 kB
Node 1 Bounce:                0 kB
Node 1 WritebackTmp:          0 kB
Node 1 KReclaimable:      21372 kB
Node 1 Slab:              61504 kB
Node 1 SReclaimable:      21372 kB
Node 1 SUnreclaim:        40132 kB
Node 1 AnonHugePages:         0 kB
Node 1 ShmemHugePages:        0 kB
Node 1 ShmemPmdMapped:        0 kB
Node 1 FileHugePages:        0 kB
Node 1 FilePmdMapped:        0 kB
Node 1 HugePages_Total:     0
Node 1 HugePages_Free:      0
Node 1 HugePages_Surp:      0

Import tank ZPool
Node 0 MemTotal:       24768352 kB
Node 0 MemFree:        24502152 kB
Node 0 MemUsed:          266200 kB
Node 0 Active:            65448 kB
Node 0 Inactive:          50068 kB
Node 0 Active(anon):      21192 kB
Node 0 Inactive(anon):      460 kB
Node 0 Active(file):      44256 kB
Node 0 Inactive(file):    49608 kB
Node 0 Unevictable:       18044 kB
Node 0 Mlocked:           18044 kB
Node 0 Dirty:               392 kB
Node 0 Writeback:             0 kB
Node 0 FilePages:        102348 kB
Node 0 Mapped:            29204 kB
Node 0 AnonPages:         31260 kB
Node 0 Shmem:               612 kB
Node 0 KernelStack:        1896 kB
Node 0 PageTables:          788 kB
Node 0 NFS_Unstable:          0 kB
Node 0 Bounce:                0 kB
Node 0 WritebackTmp:          0 kB
Node 0 KReclaimable:      20548 kB
Node 0 Slab:              52872 kB
Node 0 SReclaimable:      20548 kB
Node 0 SUnreclaim:        32324 kB
Node 0 AnonHugePages:         0 kB
Node 0 ShmemHugePages:        0 kB
Node 0 ShmemPmdMapped:        0 kB
Node 0 FileHugePages:        0 kB
Node 0 FilePmdMapped:        0 kB
Node 0 HugePages_Total:     0
Node 0 HugePages_Free:      0
Node 0 HugePages_Surp:      0

Node 1 MemTotal:       24661396 kB
Node 1 MemFree:        24269132 kB
Node 1 MemUsed:          392264 kB
Node 1 Active:            33904 kB
Node 1 Inactive:          61852 kB
Node 1 Active(anon):      13636 kB
Node 1 Inactive(anon):      388 kB
Node 1 Active(file):      20268 kB
Node 1 Inactive(file):    61464 kB
Node 1 Unevictable:         352 kB
Node 1 Mlocked:             352 kB
Node 1 Dirty:                48 kB
Node 1 Writeback:             0 kB
Node 1 FilePages:         82680 kB
Node 1 Mapped:            40100 kB
Node 1 AnonPages:         13448 kB
Node 1 Shmem:               576 kB
Node 1 KernelStack:        2856 kB
Node 1 PageTables:          508 kB
Node 1 NFS_Unstable:          0 kB
Node 1 Bounce:                0 kB
Node 1 WritebackTmp:          0 kB
Node 1 KReclaimable:      21372 kB
Node 1 Slab:              64748 kB
Node 1 SReclaimable:      21372 kB
Node 1 SUnreclaim:        43376 kB
Node 1 AnonHugePages:         0 kB
Node 1 ShmemHugePages:        0 kB
Node 1 ShmemPmdMapped:        0 kB
Node 1 FileHugePages:        0 kB
Node 1 FilePmdMapped:        0 kB
Node 1 HugePages_Total:     0
Node 1 HugePages_Free:      0
Node 1 HugePages_Surp:      0

After Test
Node 0 MemTotal:       24768352 kB
Node 0 MemFree:        24439832 kB
Node 0 MemUsed:          328520 kB
Node 0 Active:            64556 kB
Node 0 Inactive:          50060 kB
Node 0 Active(anon):      20204 kB
Node 0 Inactive(anon):      460 kB
Node 0 Active(file):      44352 kB
Node 0 Inactive(file):    49600 kB
Node 0 Unevictable:       18044 kB
Node 0 Mlocked:           18044 kB
Node 0 Dirty:                 8 kB
Node 0 Writeback:             0 kB
Node 0 FilePages:        102404 kB
Node 0 Mapped:            29008 kB
Node 0 AnonPages:         30252 kB
Node 0 Shmem:               612 kB
Node 0 KernelStack:        1864 kB
Node 0 PageTables:          644 kB
Node 0 NFS_Unstable:          0 kB
Node 0 Bounce:                0 kB
Node 0 WritebackTmp:          0 kB
Node 0 KReclaimable:      20676 kB
Node 0 Slab:              53580 kB
Node 0 SReclaimable:      20676 kB
Node 0 SUnreclaim:        32904 kB
Node 0 AnonHugePages:         0 kB
Node 0 ShmemHugePages:        0 kB
Node 0 ShmemPmdMapped:        0 kB
Node 0 FileHugePages:        0 kB
Node 0 FilePmdMapped:        0 kB
Node 0 HugePages_Total:     0
Node 0 HugePages_Free:      0
Node 0 HugePages_Surp:      0

Node 1 MemTotal:       24661396 kB
Node 1 MemFree:        22893544 kB
Node 1 MemUsed:         1767852 kB
Node 1 Active:            34532 kB
Node 1 Inactive:          62988 kB
Node 1 Active(anon):      13372 kB
Node 1 Inactive(anon):      432 kB
Node 1 Active(file):      21160 kB
Node 1 Inactive(file):    62556 kB
Node 1 Unevictable:         352 kB
Node 1 Mlocked:             352 kB
Node 1 Dirty:                20 kB
Node 1 Writeback:             0 kB
Node 1 FilePages:         84688 kB
Node 1 Mapped:            40284 kB
Node 1 AnonPages:         13048 kB
Node 1 Shmem:               620 kB
Node 1 KernelStack:        2872 kB
Node 1 PageTables:          704 kB
Node 1 NFS_Unstable:          0 kB
Node 1 Bounce:                0 kB
Node 1 WritebackTmp:          0 kB
Node 1 KReclaimable:      22772 kB
Node 1 Slab:              73396 kB
Node 1 SReclaimable:      22772 kB
Node 1 SUnreclaim:        50624 kB
Node 1 AnonHugePages:         0 kB
Node 1 ShmemHugePages:        0 kB
Node 1 ShmemPmdMapped:        0 kB
Node 1 FileHugePages:        0 kB
Node 1 FilePmdMapped:        0 kB
Node 1 HugePages_Total:     0
Node 1 HugePages_Free:      0
Node 1 HugePages_Surp:      0

U.1.fio.~1G.2 Complete!
