Fio Node 0 pages
55d506fbf000 bind:0 file=/usr/bin/dash mapped=19 mapmax=3 N0=19 kernelpagesize_kB=4
55d506fd2000 bind:0 file=/usr/bin/dash mapped=6 mapmax=3 N0=6 kernelpagesize_kB=4
55d506fd8000 bind:0 file=/usr/bin/dash anon=2 dirty=2 mapmax=2 N0=2 kernelpagesize_kB=4
55d506fda000 bind:0 file=/usr/bin/dash anon=1 dirty=1 N0=1 kernelpagesize_kB=4
55d506fdb000 bind:0 anon=1 dirty=1 N0=1 kernelpagesize_kB=4
55d5076ea000 bind:0 heap anon=2 dirty=2 mapmax=2 N0=2 kernelpagesize_kB=4
7f8744848000 bind:0 file=/usr/lib/x86_64-linux-gnu/libc-2.31.so mapped=128 mapmax=26 N0=128 kernelpagesize_kB=4
7f87449c0000 bind:0 file=/usr/lib/x86_64-linux-gnu/libc-2.31.so mapped=32 mapmax=25 N0=32 kernelpagesize_kB=4
7f8744a0b000 bind:0 file=/usr/lib/x86_64-linux-gnu/libc-2.31.so anon=3 dirty=3 mapmax=2 N0=3 kernelpagesize_kB=4
7f8744a0e000 bind:0 file=/usr/lib/x86_64-linux-gnu/libc-2.31.so anon=3 dirty=3 mapmax=2 N0=3 kernelpagesize_kB=4
7f8744a11000 bind:0 anon=6 dirty=6 mapmax=2 N0=6 kernelpagesize_kB=4
7f8744a4e000 bind:0 file=/usr/lib/x86_64-linux-gnu/ld-2.31.so anon=1 dirty=1 mapmax=2 N0=1 kernelpagesize_kB=4
7f8744a4f000 bind:0 file=/usr/lib/x86_64-linux-gnu/ld-2.31.so anon=1 dirty=1 N0=1 kernelpagesize_kB=4
7f8744a50000 bind:0 anon=1 dirty=1 mapmax=2 N0=1 kernelpagesize_kB=4
7ffcb5ce5000 bind:0 stack anon=2 dirty=2 mapmax=2 N0=2 kernelpagesize_kB=4
Fio Node 1 pages
Fio Node 0 pages
557f5de75000 bind:0 file=/usr/local/bin/fio mapped=16 active=1 N0=16 kernelpagesize_kB=4
557f5df39000 bind:0 file=/usr/local/bin/fio anon=2 dirty=2 mapped=17 active=2 N0=17 kernelpagesize_kB=4
7fba6beb4000 bind:0 anon=2 dirty=2 N0=2 kernelpagesize_kB=4
7fba6beb6000 bind:0 file=/usr/lib/x86_64-linux-gnu/libc-2.31.so mapped=37 mapmax=25 N0=37 kernelpagesize_kB=4
7fba6bedb000 bind:0 file=/usr/lib/x86_64-linux-gnu/libc-2.31.so mapped=16 mapmax=25 N0=16 kernelpagesize_kB=4
7fba6c09e000 bind:0 file=/usr/lib/x86_64-linux-gnu/libc-2.31.so anon=6 dirty=6 N0=6 kernelpagesize_kB=4
7fba6c0a8000 bind:0 file=/usr/lib/x86_64-linux-gnu/libaio.so.1.0.1 mapped=1 mapmax=2 N0=1 kernelpagesize_kB=4
7fba6c0ab000 bind:0 file=/usr/lib/x86_64-linux-gnu/libaio.so.1.0.1 anon=2 dirty=2 N0=2 kernelpagesize_kB=4
7fba6c0ad000 bind:0 file=/usr/lib/x86_64-linux-gnu/libdl-2.31.so mapped=1 mapmax=20 N0=1 kernelpagesize_kB=4
7fba6c0b1000 bind:0 file=/usr/lib/x86_64-linux-gnu/libdl-2.31.so anon=2 dirty=2 N0=2 kernelpagesize_kB=4
7fba6c0b3000 bind:0 anon=2 dirty=2 N0=2 kernelpagesize_kB=4
7fba6c0b5000 bind:0 file=/usr/lib/x86_64-linux-gnu/libmvec-2.31.so mapped=2 active=1 N0=2 kernelpagesize_kB=4
7fba6c0df000 bind:0 file=/usr/lib/x86_64-linux-gnu/libmvec-2.31.so anon=2 dirty=2 N0=2 kernelpagesize_kB=4
7fba6c0e1000 bind:0 file=/usr/lib/x86_64-linux-gnu/libm-2.31.so mapped=15 mapmax=12 N0=15 kernelpagesize_kB=4
7fba6c22e000 bind:0 file=/usr/lib/x86_64-linux-gnu/libm-2.31.so anon=2 dirty=2 N0=2 kernelpagesize_kB=4
7fba6c230000 bind:0 file=/usr/lib/x86_64-linux-gnu/libpthread-2.31.so mapped=7 mapmax=22 N0=7 kernelpagesize_kB=4
7fba6c24d000 bind:0 file=/usr/lib/x86_64-linux-gnu/libpthread-2.31.so anon=2 dirty=2 N0=2 kernelpagesize_kB=4
7fba6c253000 bind:0 file=/usr/lib/x86_64-linux-gnu/libz.so.1.2.11 mapped=2 mapmax=8 N0=2 kernelpagesize_kB=4
7fba6c26d000 bind:0 file=/usr/lib/x86_64-linux-gnu/libz.so.1.2.11 anon=2 dirty=2 N0=2 kernelpagesize_kB=4
7fba6c26f000 bind:0 file=/usr/lib/x86_64-linux-gnu/librt-2.31.so mapped=3 mapmax=17 N0=3 kernelpagesize_kB=4
7fba6c278000 bind:0 file=/usr/lib/x86_64-linux-gnu/librt-2.31.so anon=2 dirty=2 N0=2 kernelpagesize_kB=4
7fba6c285000 bind:0 file=/usr/lib/x86_64-linux-gnu/libnuma.so.1.0.0 anon=2 dirty=2 N0=2 kernelpagesize_kB=4
7fba6c287000 bind:0 anon=2 dirty=2 N0=2 kernelpagesize_kB=4
7fba6c289000 bind:0 file=/etc/ld.so.cache mapped=10 N0=10 kernelpagesize_kB=4
7fba6c293000 bind:0 file=/usr/lib/x86_64-linux-gnu/ld-2.31.so mapped=1 mapmax=25 N0=1 kernelpagesize_kB=4
7fba6c294000 bind:0 file=/usr/lib/x86_64-linux-gnu/ld-2.31.so mapped=35 mapmax=25 N0=35 kernelpagesize_kB=4
7fba6c2b7000 bind:0 file=/usr/lib/x86_64-linux-gnu/ld-2.31.so mapped=8 mapmax=25 N0=8 kernelpagesize_kB=4
7fba6c2c0000 bind:0 file=/usr/lib/x86_64-linux-gnu/ld-2.31.so anon=2 dirty=2 N0=2 kernelpagesize_kB=4
7fba6c2c2000 bind:0 anon=1 dirty=1 N0=1 kernelpagesize_kB=4
7ffd9499b000 bind:0 stack anon=3 dirty=3 N0=3 kernelpagesize_kB=4
Fio Node 1 pages
7fba6c27a000 bind:0 file=/usr/lib/x86_64-linux-gnu/libnuma.so.1.0.0 mapped=3 mapmax=2 N1=3 kernelpagesize_kB=4
7fba6c27d000 bind:0 file=/usr/lib/x86_64-linux-gnu/libnuma.so.1.0.0 mapped=5 mapmax=2 N1=5 kernelpagesize_kB=4
7fba6c282000 bind:0 file=/usr/lib/x86_64-linux-gnu/libnuma.so.1.0.0 mapped=2 mapmax=2 N1=2 kernelpagesize_kB=4
U.0.fio.4G.2.O
Begin
Node 0 MemTotal:       24768352 kB
Node 0 MemFree:        24536644 kB
Node 0 MemUsed:          231708 kB
Node 0 Active:            31104 kB
Node 0 Inactive:          50780 kB
Node 0 Active(anon):       9828 kB
Node 0 Inactive(anon):      452 kB
Node 0 Active(file):      21276 kB
Node 0 Inactive(file):    50328 kB
Node 0 Unevictable:       17832 kB
Node 0 Mlocked:           17832 kB
Node 0 Dirty:               388 kB
Node 0 Writeback:             0 kB
Node 0 FilePages:         79812 kB
Node 0 Mapped:            19676 kB
Node 0 AnonPages:         19928 kB
Node 0 Shmem:               700 kB
Node 0 KernelStack:        2072 kB
Node 0 PageTables:          500 kB
Node 0 NFS_Unstable:          0 kB
Node 0 Bounce:                0 kB
Node 0 WritebackTmp:          0 kB
Node 0 KReclaimable:      23336 kB
Node 0 Slab:              51392 kB
Node 0 SReclaimable:      23336 kB
Node 0 SUnreclaim:        28056 kB
Node 0 AnonHugePages:         0 kB
Node 0 ShmemHugePages:        0 kB
Node 0 ShmemPmdMapped:        0 kB
Node 0 FileHugePages:        0 kB
Node 0 FilePmdMapped:        0 kB
Node 0 HugePages_Total:     0
Node 0 HugePages_Free:      0
Node 0 HugePages_Surp:      0

Node 1 MemTotal:       24661580 kB
Node 1 MemFree:        24290444 kB
Node 1 MemUsed:          371136 kB
Node 1 Active:            62864 kB
Node 1 Inactive:          32636 kB
Node 1 Active(anon):      23924 kB
Node 1 Inactive(anon):      428 kB
Node 1 Active(file):      38940 kB
Node 1 Inactive(file):    32208 kB
Node 1 Unevictable:         692 kB
Node 1 Mlocked:             692 kB
Node 1 Dirty:               128 kB
Node 1 Writeback:             0 kB
Node 1 FilePages:         72560 kB
Node 1 Mapped:            19468 kB
Node 1 AnonPages:         23868 kB
Node 1 Shmem:               568 kB
Node 1 KernelStack:        1544 kB
Node 1 PageTables:          564 kB
Node 1 NFS_Unstable:          0 kB
Node 1 Bounce:                0 kB
Node 1 WritebackTmp:          0 kB
Node 1 KReclaimable:      18184 kB
Node 1 Slab:              54168 kB
Node 1 SReclaimable:      18184 kB
Node 1 SUnreclaim:        35984 kB
Node 1 AnonHugePages:         0 kB
Node 1 ShmemHugePages:        0 kB
Node 1 ShmemPmdMapped:        0 kB
Node 1 FileHugePages:        0 kB
Node 1 FilePmdMapped:        0 kB
Node 1 HugePages_Total:     0
Node 1 HugePages_Free:      0
Node 1 HugePages_Surp:      0

Load ZFS
Node 0 MemTotal:       24768352 kB
Node 0 MemFree:        24531812 kB
Node 0 MemUsed:          236540 kB
Node 0 Active:            35496 kB
Node 0 Inactive:          51012 kB
Node 0 Active(anon):      13828 kB
Node 0 Inactive(anon):      452 kB
Node 0 Active(file):      21668 kB
Node 0 Inactive(file):    50560 kB
Node 0 Unevictable:       17832 kB
Node 0 Mlocked:           17832 kB
Node 0 Dirty:               388 kB
Node 0 Writeback:             0 kB
Node 0 FilePages:         80428 kB
Node 0 Mapped:            19840 kB
Node 0 AnonPages:         23996 kB
Node 0 Shmem:               700 kB
Node 0 KernelStack:        2104 kB
Node 0 PageTables:          716 kB
Node 0 NFS_Unstable:          0 kB
Node 0 Bounce:                0 kB
Node 0 WritebackTmp:          0 kB
Node 0 KReclaimable:      23836 kB
Node 0 Slab:              53308 kB
Node 0 SReclaimable:      23836 kB
Node 0 SUnreclaim:        29472 kB
Node 0 AnonHugePages:         0 kB
Node 0 ShmemHugePages:        0 kB
Node 0 ShmemPmdMapped:        0 kB
Node 0 FileHugePages:        0 kB
Node 0 FilePmdMapped:        0 kB
Node 0 HugePages_Total:     0
Node 0 HugePages_Free:      0
Node 0 HugePages_Surp:      0

Node 1 MemTotal:       24661580 kB
Node 1 MemFree:        24287452 kB
Node 1 MemUsed:          374128 kB
Node 1 Active:            69272 kB
Node 1 Inactive:          28368 kB
Node 1 Active(anon):      24024 kB
Node 1 Inactive(anon):      432 kB
Node 1 Active(file):      45248 kB
Node 1 Inactive(file):    27936 kB
Node 1 Unevictable:         692 kB
Node 1 Mlocked:             692 kB
Node 1 Dirty:               152 kB
Node 1 Writeback:             0 kB
Node 1 FilePages:         74444 kB
Node 1 Mapped:            19468 kB
Node 1 AnonPages:         23812 kB
Node 1 Shmem:               568 kB
Node 1 KernelStack:        1608 kB
Node 1 PageTables:          608 kB
Node 1 NFS_Unstable:          0 kB
Node 1 Bounce:                0 kB
Node 1 WritebackTmp:          0 kB
Node 1 KReclaimable:      18684 kB
Node 1 Slab:              55772 kB
Node 1 SReclaimable:      18684 kB
Node 1 SUnreclaim:        37088 kB
Node 1 AnonHugePages:         0 kB
Node 1 ShmemHugePages:        0 kB
Node 1 ShmemPmdMapped:        0 kB
Node 1 FileHugePages:        0 kB
Node 1 FilePmdMapped:        0 kB
Node 1 HugePages_Total:     0
Node 1 HugePages_Free:      0
Node 1 HugePages_Surp:      0

Import tank ZPool
Node 0 MemTotal:       24768352 kB
Node 0 MemFree:        24534120 kB
Node 0 MemUsed:          234232 kB
Node 0 Active:            30692 kB
Node 0 Inactive:          51012 kB
Node 0 Active(anon):       8976 kB
Node 0 Inactive(anon):      452 kB
Node 0 Active(file):      21716 kB
Node 0 Inactive(file):    50560 kB
Node 0 Unevictable:       17832 kB
Node 0 Mlocked:           17832 kB
Node 0 Dirty:                44 kB
Node 0 Writeback:             0 kB
Node 0 FilePages:         80488 kB
Node 0 Mapped:            19936 kB
Node 0 AnonPages:         19400 kB
Node 0 Shmem:               696 kB
Node 0 KernelStack:        2040 kB
Node 0 PageTables:          536 kB
Node 0 NFS_Unstable:          0 kB
Node 0 Bounce:                0 kB
Node 0 WritebackTmp:          0 kB
Node 0 KReclaimable:      23836 kB
Node 0 Slab:              53340 kB
Node 0 SReclaimable:      23836 kB
Node 0 SUnreclaim:        29504 kB
Node 0 AnonHugePages:         0 kB
Node 0 ShmemHugePages:        0 kB
Node 0 ShmemPmdMapped:        0 kB
Node 0 FileHugePages:        0 kB
Node 0 FilePmdMapped:        0 kB
Node 0 HugePages_Total:     0
Node 0 HugePages_Free:      0
Node 0 HugePages_Surp:      0

Node 1 MemTotal:       24661580 kB
Node 1 MemFree:        24268636 kB
Node 1 MemUsed:          392944 kB
Node 1 Active:            69792 kB
Node 1 Inactive:          29552 kB
Node 1 Active(anon):      24216 kB
Node 1 Inactive(anon):      436 kB
Node 1 Active(file):      45576 kB
Node 1 Inactive(file):    29116 kB
Node 1 Unevictable:         692 kB
Node 1 Mlocked:             692 kB
Node 1 Dirty:               180 kB
Node 1 Writeback:             0 kB
Node 1 FilePages:         75960 kB
Node 1 Mapped:            19732 kB
Node 1 AnonPages:         23720 kB
Node 1 Shmem:               572 kB
Node 1 KernelStack:        2712 kB
Node 1 PageTables:          692 kB
Node 1 NFS_Unstable:          0 kB
Node 1 Bounce:                0 kB
Node 1 WritebackTmp:          0 kB
Node 1 KReclaimable:      18800 kB
Node 1 Slab:              62804 kB
Node 1 SReclaimable:      18800 kB
Node 1 SUnreclaim:        44004 kB
Node 1 AnonHugePages:         0 kB
Node 1 ShmemHugePages:        0 kB
Node 1 ShmemPmdMapped:        0 kB
Node 1 FileHugePages:        0 kB
Node 1 FilePmdMapped:        0 kB
Node 1 HugePages_Total:     0
Node 1 HugePages_Free:      0
Node 1 HugePages_Surp:      0

After Test
Node 0 MemTotal:       24768352 kB
Node 0 MemFree:        19800884 kB
Node 0 MemUsed:         4967468 kB
Node 0 Active:            31884 kB
Node 0 Inactive:          52244 kB
Node 0 Active(anon):       9136 kB
Node 0 Inactive(anon):      496 kB
Node 0 Active(file):      22748 kB
Node 0 Inactive(file):    51748 kB
Node 0 Unevictable:       17832 kB
Node 0 Mlocked:           17832 kB
Node 0 Dirty:                64 kB
Node 0 Writeback:             0 kB
Node 0 FilePages:         82744 kB
Node 0 Mapped:            19944 kB
Node 0 AnonPages:         19128 kB
Node 0 Shmem:               740 kB
Node 0 KernelStack:        1992 kB
Node 0 PageTables:          600 kB
Node 0 NFS_Unstable:          0 kB
Node 0 Bounce:                0 kB
Node 0 WritebackTmp:          0 kB
Node 0 KReclaimable:      25328 kB
Node 0 Slab:              75076 kB
Node 0 SReclaimable:      25328 kB
Node 0 SUnreclaim:        49748 kB
Node 0 AnonHugePages:         0 kB
Node 0 ShmemHugePages:        0 kB
Node 0 ShmemPmdMapped:        0 kB
Node 0 FileHugePages:        0 kB
Node 0 FilePmdMapped:        0 kB
Node 0 HugePages_Total:     0
Node 0 HugePages_Free:      0
Node 0 HugePages_Surp:      0
Fio Node 0 pages
55e6406c3000 bind:1 file=/usr/local/bin/fio mapped=16 N0=16 kernelpagesize_kB=4
55e640787000 bind:1 file=/usr/local/bin/fio anon=2 dirty=2 mapped=17 active=4 N0=15 N1=2 kernelpagesize_kB=4
7f0017b0e000 bind:1 file=/usr/lib/x86_64-linux-gnu/libc-2.31.so mapped=16 mapmax=25 N0=16 kernelpagesize_kB=4
7f0017cf6000 bind:1 file=/usr/lib/x86_64-linux-gnu/libc-2.31.so anon=2 dirty=2 mapped=6 active=2 N0=4 N1=2 kernelpagesize_kB=4
7f0017d00000 bind:1 file=/usr/lib/x86_64-linux-gnu/libaio.so.1.0.1 mapped=1 mapmax=2 N0=1 kernelpagesize_kB=4
7f0017d05000 bind:1 file=/usr/lib/x86_64-linux-gnu/libdl-2.31.so mapped=1 mapmax=20 N0=1 kernelpagesize_kB=4
7f0017d0d000 bind:1 file=/usr/lib/x86_64-linux-gnu/libmvec-2.31.so mapped=2 N0=2 kernelpagesize_kB=4
7f0017d39000 bind:1 file=/usr/lib/x86_64-linux-gnu/libm-2.31.so mapped=15 mapmax=12 N0=15 kernelpagesize_kB=4
7f0017e88000 bind:1 file=/usr/lib/x86_64-linux-gnu/libpthread-2.31.so mapped=7 mapmax=22 N0=7 kernelpagesize_kB=4
7f0017eab000 bind:1 file=/usr/lib/x86_64-linux-gnu/libz.so.1.2.11 mapped=2 mapmax=8 N0=2 kernelpagesize_kB=4
7f0017ec7000 bind:1 file=/usr/lib/x86_64-linux-gnu/librt-2.31.so mapped=3 mapmax=17 N0=3 kernelpagesize_kB=4
7f0017ee1000 bind:1 file=/etc/ld.so.cache mapped=10 N0=10 kernelpagesize_kB=4
7f0017eeb000 bind:1 file=/usr/lib/x86_64-linux-gnu/ld-2.31.so mapped=1 mapmax=25 N0=1 kernelpagesize_kB=4
7f0017eec000 bind:1 file=/usr/lib/x86_64-linux-gnu/ld-2.31.so mapped=35 mapmax=25 N0=35 kernelpagesize_kB=4
7f0017f0f000 bind:1 file=/usr/lib/x86_64-linux-gnu/ld-2.31.so mapped=8 mapmax=25 N0=8 kernelpagesize_kB=4
Fio Node 1 pages
55e640787000 bind:1 file=/usr/local/bin/fio anon=2 dirty=2 N1=2 kernelpagesize_kB=4
55e640789000 bind:1 file=/usr/local/bin/fio anon=112 dirty=112 mapped=116 active=114 N0=4 N1=112 kernelpagesize_kB=4
55e640865000 bind:1 anon=2 dirty=2 N1=2 kernelpagesize_kB=4
55e641fea000 bind:1 heap anon=4 dirty=4 N1=4 kernelpagesize_kB=4
7f0014ad9000 bind:1 file=/dev/zero\040(deleted) dirty=15 active=0 N1=15 kernelpagesize_kB=4
7f0015aea000 bind:1 file=/dev/zero\040(deleted) dirty=17 active=0 N1=17 kernelpagesize_kB=4
7f0016afb000 bind:1 file=/dev/zero\040(deleted) dirty=17 active=0 N1=17 kernelpagesize_kB=4
7f0017b0c000 bind:1 anon=2 dirty=2 N1=2 kernelpagesize_kB=4
7f0017cf6000 bind:1 file=/usr/lib/x86_64-linux-gnu/libc-2.31.so anon=3 dirty=3 N1=3 kernelpagesize_kB=4
7f0017cf9000 bind:1 file=/usr/lib/x86_64-linux-gnu/libc-2.31.so anon=3 dirty=3 N1=3 kernelpagesize_kB=4
7f0017cfc000 bind:1 anon=4 dirty=4 N1=4 kernelpagesize_kB=4
7f0017d03000 bind:1 file=/usr/lib/x86_64-linux-gnu/libaio.so.1.0.1 anon=1 dirty=1 N1=1 kernelpagesize_kB=4
7f0017d04000 bind:1 file=/usr/lib/x86_64-linux-gnu/libaio.so.1.0.1 anon=1 dirty=1 N1=1 kernelpagesize_kB=4
7f0017d09000 bind:1 file=/usr/lib/x86_64-linux-gnu/libdl-2.31.so anon=1 dirty=1 N1=1 kernelpagesize_kB=4
7f0017d0a000 bind:1 file=/usr/lib/x86_64-linux-gnu/libdl-2.31.so anon=1 dirty=1 N1=1 kernelpagesize_kB=4
7f0017d0b000 bind:1 anon=2 dirty=2 N1=2 kernelpagesize_kB=4
7f0017d37000 bind:1 file=/usr/lib/x86_64-linux-gnu/libmvec-2.31.so anon=1 dirty=1 N1=1 kernelpagesize_kB=4
7f0017d38000 bind:1 file=/usr/lib/x86_64-linux-gnu/libmvec-2.31.so anon=1 dirty=1 N1=1 kernelpagesize_kB=4
7f0017e86000 bind:1 file=/usr/lib/x86_64-linux-gnu/libm-2.31.so anon=1 dirty=1 N1=1 kernelpagesize_kB=4
7f0017e87000 bind:1 file=/usr/lib/x86_64-linux-gnu/libm-2.31.so anon=1 dirty=1 N1=1 kernelpagesize_kB=4
7f0017ea5000 bind:1 file=/usr/lib/x86_64-linux-gnu/libpthread-2.31.so anon=1 dirty=1 N1=1 kernelpagesize_kB=4
7f0017ea6000 bind:1 file=/usr/lib/x86_64-linux-gnu/libpthread-2.31.so anon=1 dirty=1 N1=1 kernelpagesize_kB=4
7f0017ea7000 bind:1 anon=1 dirty=1 N1=1 kernelpagesize_kB=4
7f0017ec5000 bind:1 file=/usr/lib/x86_64-linux-gnu/libz.so.1.2.11 anon=1 dirty=1 N1=1 kernelpagesize_kB=4
7f0017ec6000 bind:1 file=/usr/lib/x86_64-linux-gnu/libz.so.1.2.11 anon=1 dirty=1 N1=1 kernelpagesize_kB=4
7f0017ed0000 bind:1 file=/usr/lib/x86_64-linux-gnu/librt-2.31.so anon=1 dirty=1 N1=1 kernelpagesize_kB=4
7f0017ed1000 bind:1 file=/usr/lib/x86_64-linux-gnu/librt-2.31.so anon=1 dirty=1 N1=1 kernelpagesize_kB=4
7f0017ed2000 bind:1 file=/usr/lib/x86_64-linux-gnu/libnuma.so.1.0.0 mapped=3 mapmax=2 N1=3 kernelpagesize_kB=4
7f0017ed5000 bind:1 file=/usr/lib/x86_64-linux-gnu/libnuma.so.1.0.0 mapped=5 mapmax=2 N1=5 kernelpagesize_kB=4
7f0017eda000 bind:1 file=/usr/lib/x86_64-linux-gnu/libnuma.so.1.0.0 mapped=2 mapmax=2 N1=2 kernelpagesize_kB=4
7f0017edd000 bind:1 file=/usr/lib/x86_64-linux-gnu/libnuma.so.1.0.0 anon=1 dirty=1 N1=1 kernelpagesize_kB=4
7f0017ede000 bind:1 file=/usr/lib/x86_64-linux-gnu/libnuma.so.1.0.0 anon=1 dirty=1 N1=1 kernelpagesize_kB=4
7f0017edf000 bind:1 anon=2 dirty=2 N1=2 kernelpagesize_kB=4
7f0017ee6000 bind:1 file=/dev/zero\040(deleted) dirty=1 active=0 N1=1 kernelpagesize_kB=4
7f0017ee7000 bind:1 file=/dev/zero\040(deleted) dirty=1 active=0 N1=1 kernelpagesize_kB=4
7f0017ee8000 bind:1 file=/dev/zero\040(deleted) dirty=1 active=0 N1=1 kernelpagesize_kB=4
7f0017ee9000 bind:1 file=/dev/zero\040(deleted) dirty=1 active=0 N1=1 kernelpagesize_kB=4
7f0017eea000 bind:1 file=/dev/zero\040(deleted) dirty=1 active=0 N1=1 kernelpagesize_kB=4
7f0017f17000 bind:1 file=/dev/zero\040(deleted) dirty=1 active=0 N1=1 kernelpagesize_kB=4
7f0017f18000 bind:1 file=/usr/lib/x86_64-linux-gnu/ld-2.31.so anon=1 dirty=1 N1=1 kernelpagesize_kB=4
7f0017f19000 bind:1 file=/usr/lib/x86_64-linux-gnu/ld-2.31.so anon=1 dirty=1 N1=1 kernelpagesize_kB=4
7f0017f1a000 bind:1 anon=1 dirty=1 N1=1 kernelpagesize_kB=4
7ffd8bded000 bind:1 stack anon=4 dirty=4 N1=4 kernelpagesize_kB=4
Fio Node 0 pages
564e3763c000 bind:1 file=/usr/local/bin/fio mapped=16 N0=16 kernelpagesize_kB=4
564e37700000 bind:1 file=/usr/local/bin/fio anon=2 dirty=2 mapped=17 active=4 N0=15 N1=2 kernelpagesize_kB=4
7fab05312000 bind:1 file=/usr/lib/x86_64-linux-gnu/libc-2.31.so mapped=37 mapmax=25 N0=37 kernelpagesize_kB=4
7fab05337000 bind:1 file=/usr/lib/x86_64-linux-gnu/libc-2.31.so mapped=32 mapmax=25 N0=32 kernelpagesize_kB=4
7fab05504000 bind:1 file=/usr/lib/x86_64-linux-gnu/libaio.so.1.0.1 mapped=1 mapmax=2 N0=1 kernelpagesize_kB=4
7fab05509000 bind:1 file=/usr/lib/x86_64-linux-gnu/libdl-2.31.so mapped=1 mapmax=20 N0=1 kernelpagesize_kB=4
7fab05511000 bind:1 file=/usr/lib/x86_64-linux-gnu/libmvec-2.31.so mapped=2 N0=2 kernelpagesize_kB=4
7fab0553d000 bind:1 file=/usr/lib/x86_64-linux-gnu/libm-2.31.so mapped=15 mapmax=12 N0=15 kernelpagesize_kB=4
7fab0568c000 bind:1 file=/usr/lib/x86_64-linux-gnu/libpthread-2.31.so mapped=7 mapmax=22 N0=7 kernelpagesize_kB=4
7fab056af000 bind:1 file=/usr/lib/x86_64-linux-gnu/libz.so.1.2.11 mapped=2 mapmax=8 N0=2 kernelpagesize_kB=4
7fab056cb000 bind:1 file=/usr/lib/x86_64-linux-gnu/librt-2.31.so mapped=3 mapmax=17 N0=3 kernelpagesize_kB=4
7fab056e5000 bind:1 file=/etc/ld.so.cache mapped=10 N0=10 kernelpagesize_kB=4
7fab056ef000 bind:1 file=/usr/lib/x86_64-linux-gnu/ld-2.31.so mapped=1 mapmax=25 N0=1 kernelpagesize_kB=4
7fab056f0000 bind:1 file=/usr/lib/x86_64-linux-gnu/ld-2.31.so mapped=35 mapmax=25 N0=35 kernelpagesize_kB=4
7fab05713000 bind:1 file=/usr/lib/x86_64-linux-gnu/ld-2.31.so mapped=8 mapmax=25 N0=8 kernelpagesize_kB=4
Fio Node 1 pages
564e37700000 bind:1 file=/usr/local/bin/fio anon=2 dirty=2 N1=2 kernelpagesize_kB=4
564e37702000 bind:1 file=/usr/local/bin/fio anon=108 dirty=108 mapped=112 active=110 N0=4 N1=108 kernelpagesize_kB=4
564e37bfd000 bind:1 heap anon=4 dirty=4 N1=4 kernelpagesize_kB=4
7fab05310000 bind:1 anon=2 dirty=2 N1=2 kernelpagesize_kB=4
7fab054fa000 bind:1 file=/usr/lib/x86_64-linux-gnu/libc-2.31.so anon=3 dirty=3 N1=3 kernelpagesize_kB=4
7fab054fd000 bind:1 file=/usr/lib/x86_64-linux-gnu/libc-2.31.so anon=3 dirty=3 N1=3 kernelpagesize_kB=4
7fab05500000 bind:1 anon=4 dirty=4 N1=4 kernelpagesize_kB=4
7fab05507000 bind:1 file=/usr/lib/x86_64-linux-gnu/libaio.so.1.0.1 anon=1 dirty=1 N1=1 kernelpagesize_kB=4
7fab05508000 bind:1 file=/usr/lib/x86_64-linux-gnu/libaio.so.1.0.1 anon=1 dirty=1 N1=1 kernelpagesize_kB=4
7fab0550d000 bind:1 file=/usr/lib/x86_64-linux-gnu/libdl-2.31.so anon=1 dirty=1 N1=1 kernelpagesize_kB=4
7fab0550e000 bind:1 file=/usr/lib/x86_64-linux-gnu/libdl-2.31.so anon=1 dirty=1 N1=1 kernelpagesize_kB=4
7fab0550f000 bind:1 anon=2 dirty=2 N1=2 kernelpagesize_kB=4
7fab0553b000 bind:1 file=/usr/lib/x86_64-linux-gnu/libmvec-2.31.so anon=1 dirty=1 N1=1 kernelpagesize_kB=4
7fab0553c000 bind:1 file=/usr/lib/x86_64-linux-gnu/libmvec-2.31.so anon=1 dirty=1 N1=1 kernelpagesize_kB=4
7fab0568a000 bind:1 file=/usr/lib/x86_64-linux-gnu/libm-2.31.so anon=1 dirty=1 N1=1 kernelpagesize_kB=4
7fab0568b000 bind:1 file=/usr/lib/x86_64-linux-gnu/libm-2.31.so anon=1 dirty=1 N1=1 kernelpagesize_kB=4
7fab056a9000 bind:1 file=/usr/lib/x86_64-linux-gnu/libpthread-2.31.so anon=1 dirty=1 N1=1 kernelpagesize_kB=4
7fab056aa000 bind:1 file=/usr/lib/x86_64-linux-gnu/libpthread-2.31.so anon=1 dirty=1 N1=1 kernelpagesize_kB=4
7fab056ab000 bind:1 anon=1 dirty=1 N1=1 kernelpagesize_kB=4
7fab056c9000 bind:1 file=/usr/lib/x86_64-linux-gnu/libz.so.1.2.11 anon=1 dirty=1 N1=1 kernelpagesize_kB=4
7fab056ca000 bind:1 file=/usr/lib/x86_64-linux-gnu/libz.so.1.2.11 anon=1 dirty=1 N1=1 kernelpagesize_kB=4
7fab056d4000 bind:1 file=/usr/lib/x86_64-linux-gnu/librt-2.31.so anon=1 dirty=1 N1=1 kernelpagesize_kB=4
7fab056d5000 bind:1 file=/usr/lib/x86_64-linux-gnu/librt-2.31.so anon=1 dirty=1 N1=1 kernelpagesize_kB=4
7fab056d6000 bind:1 file=/usr/lib/x86_64-linux-gnu/libnuma.so.1.0.0 mapped=3 mapmax=2 N1=3 kernelpagesize_kB=4
7fab056d9000 bind:1 file=/usr/lib/x86_64-linux-gnu/libnuma.so.1.0.0 mapped=5 mapmax=2 N1=5 kernelpagesize_kB=4
7fab056de000 bind:1 file=/usr/lib/x86_64-linux-gnu/libnuma.so.1.0.0 mapped=2 mapmax=2 N1=2 kernelpagesize_kB=4
7fab056e1000 bind:1 file=/usr/lib/x86_64-linux-gnu/libnuma.so.1.0.0 anon=1 dirty=1 N1=1 kernelpagesize_kB=4
7fab056e2000 bind:1 file=/usr/lib/x86_64-linux-gnu/libnuma.so.1.0.0 anon=1 dirty=1 N1=1 kernelpagesize_kB=4
7fab056e3000 bind:1 anon=2 dirty=2 N1=2 kernelpagesize_kB=4
7fab0571b000 bind:1 file=/dev/zero\040(deleted) dirty=1 active=0 N1=1 kernelpagesize_kB=4
7fab0571c000 bind:1 file=/usr/lib/x86_64-linux-gnu/ld-2.31.so anon=1 dirty=1 N1=1 kernelpagesize_kB=4
7fab0571d000 bind:1 file=/usr/lib/x86_64-linux-gnu/ld-2.31.so anon=1 dirty=1 N1=1 kernelpagesize_kB=4
7fab0571e000 bind:1 anon=1 dirty=1 N1=1 kernelpagesize_kB=4
7fff0da82000 bind:1 stack anon=3 dirty=3 N1=3 kernelpagesize_kB=4

Node 1 MemTotal:       24661580 kB
Node 1 MemFree:        23958036 kB
Node 1 MemUsed:          703544 kB
Node 1 Active:            69836 kB
Node 1 Inactive:          29808 kB
Node 1 Active(anon):      23808 kB
Node 1 Inactive(anon):      436 kB
Node 1 Active(file):      46028 kB
Node 1 Inactive(file):    29372 kB
Node 1 Unevictable:         692 kB
Node 1 Mlocked:             692 kB
Node 1 Dirty:               204 kB
Node 1 Writeback:             0 kB
Node 1 FilePages:         76664 kB
Node 1 Mapped:            19472 kB
Node 1 AnonPages:         23672 kB
Node 1 Shmem:               572 kB
Node 1 KernelStack:        2632 kB
Node 1 PageTables:          580 kB
Node 1 NFS_Unstable:          0 kB
Node 1 Bounce:                0 kB
Node 1 WritebackTmp:          0 kB
Node 1 KReclaimable:      19040 kB
Node 1 Slab:              63900 kB
Node 1 SReclaimable:      19040 kB
Node 1 SUnreclaim:        44860 kB
Node 1 AnonHugePages:         0 kB
Node 1 ShmemHugePages:        0 kB
Node 1 ShmemPmdMapped:        0 kB
Node 1 FileHugePages:        0 kB
Node 1 FilePmdMapped:        0 kB
Node 1 HugePages_Total:     0
Node 1 HugePages_Free:      0
Node 1 HugePages_Surp:      0

After Opposite Node
Node 0 MemTotal:       24768352 kB
Node 0 MemFree:        19806124 kB
Node 0 MemUsed:         4962228 kB
Node 0 Active:            31860 kB
Node 0 Inactive:          52020 kB
Node 0 Active(anon):       8908 kB
Node 0 Inactive(anon):      452 kB
Node 0 Active(file):      22952 kB
Node 0 Inactive(file):    51568 kB
Node 0 Unevictable:       17832 kB
Node 0 Mlocked:           17832 kB
Node 0 Dirty:                72 kB
Node 0 Writeback:             0 kB
Node 0 FilePages:         82724 kB
Node 0 Mapped:            19872 kB
Node 0 AnonPages:         18992 kB
Node 0 Shmem:               696 kB
Node 0 KernelStack:        1976 kB
Node 0 PageTables:          428 kB
Node 0 NFS_Unstable:          0 kB
Node 0 Bounce:                0 kB
Node 0 WritebackTmp:          0 kB
Node 0 KReclaimable:      25328 kB
Node 0 Slab:              74872 kB
Node 0 SReclaimable:      25328 kB
Node 0 SUnreclaim:        49544 kB
Node 0 AnonHugePages:         0 kB
Node 0 ShmemHugePages:        0 kB
Node 0 ShmemPmdMapped:        0 kB
Node 0 FileHugePages:        0 kB
Node 0 FilePmdMapped:        0 kB
Node 0 HugePages_Total:     0
Node 0 HugePages_Free:      0
Node 0 HugePages_Surp:      0

Node 1 MemTotal:       24661580 kB
Node 1 MemFree:        23955680 kB
Node 1 MemUsed:          705900 kB
Node 1 Active:            70056 kB
Node 1 Inactive:          29836 kB
Node 1 Active(anon):      24000 kB
Node 1 Inactive(anon):      464 kB
Node 1 Active(file):      46056 kB
Node 1 Inactive(file):    29372 kB
Node 1 Unevictable:         692 kB
Node 1 Mlocked:             692 kB
Node 1 Dirty:               232 kB
Node 1 Writeback:             0 kB
Node 1 FilePages:         76736 kB
Node 1 Mapped:            19516 kB
Node 1 AnonPages:         23816 kB
Node 1 Shmem:               616 kB
Node 1 KernelStack:        2648 kB
Node 1 PageTables:          760 kB
Node 1 NFS_Unstable:          0 kB
Node 1 Bounce:                0 kB
Node 1 WritebackTmp:          0 kB
Node 1 KReclaimable:      19088 kB
Node 1 Slab:              65156 kB
Node 1 SReclaimable:      19088 kB
Node 1 SUnreclaim:        46068 kB
Node 1 AnonHugePages:         0 kB
Node 1 ShmemHugePages:        0 kB
Node 1 ShmemPmdMapped:        0 kB
Node 1 FileHugePages:        0 kB
Node 1 FilePmdMapped:        0 kB
Node 1 HugePages_Total:     0
Node 1 HugePages_Free:      0
Node 1 HugePages_Surp:      0

U.0.fio.4G.2.O Complete!
