Fio Node 0 pages
55c1d7239000 bind:0 file=/usr/bin/dash mapped=19 mapmax=3 N0=19 kernelpagesize_kB=4
55c1d724c000 bind:0 file=/usr/bin/dash mapped=6 mapmax=3 N0=6 kernelpagesize_kB=4
55c1d7252000 bind:0 file=/usr/bin/dash anon=2 dirty=2 mapmax=2 N0=2 kernelpagesize_kB=4
55c1d7254000 bind:0 file=/usr/bin/dash anon=1 dirty=1 N0=1 kernelpagesize_kB=4
55c1d7255000 bind:0 anon=1 dirty=1 N0=1 kernelpagesize_kB=4
55c1d8afc000 bind:0 heap anon=2 dirty=2 mapmax=2 N0=2 kernelpagesize_kB=4
7fe707773000 bind:0 file=/usr/lib/x86_64-linux-gnu/libc-2.31.so mapped=112 mapmax=40 N0=112 kernelpagesize_kB=4
7fe7078eb000 bind:0 file=/usr/lib/x86_64-linux-gnu/libc-2.31.so mapped=32 mapmax=39 N0=32 kernelpagesize_kB=4
7fe707936000 bind:0 file=/usr/lib/x86_64-linux-gnu/libc-2.31.so anon=3 dirty=3 mapmax=2 N0=3 kernelpagesize_kB=4
7fe707939000 bind:0 file=/usr/lib/x86_64-linux-gnu/libc-2.31.so anon=3 dirty=3 mapmax=2 N0=3 kernelpagesize_kB=4
7fe70793c000 bind:0 anon=6 dirty=6 mapmax=2 N0=6 kernelpagesize_kB=4
7fe707979000 bind:0 file=/usr/lib/x86_64-linux-gnu/ld-2.31.so anon=1 dirty=1 mapmax=2 N0=1 kernelpagesize_kB=4
7fe70797a000 bind:0 file=/usr/lib/x86_64-linux-gnu/ld-2.31.so anon=1 dirty=1 N0=1 kernelpagesize_kB=4
7fe70797b000 bind:0 anon=1 dirty=1 mapmax=2 N0=1 kernelpagesize_kB=4
7ffd27d0d000 bind:0 stack anon=3 dirty=3 mapmax=2 N0=3 kernelpagesize_kB=4
Fio Node 1 pages
Fio Node 0 pages
5619691f7000 bind:0 file=/usr/local/bin/fio mapped=9 active=1 N0=9 kernelpagesize_kB=4
5619692bb000 bind:0 file=/usr/local/bin/fio anon=2 dirty=2 mapped=17 active=2 N0=17 kernelpagesize_kB=4
7ff459b84000 bind:0 file=/usr/lib/x86_64-linux-gnu/libdl-2.31.so mapped=1 mapmax=20 N0=1 kernelpagesize_kB=4
7ff459b88000 bind:0 file=/usr/lib/x86_64-linux-gnu/libdl-2.31.so anon=2 dirty=2 N0=2 kernelpagesize_kB=4
7ff459b8a000 bind:0 anon=1 dirty=1 N0=1 kernelpagesize_kB=4
7ff459b8c000 bind:0 file=/usr/lib/x86_64-linux-gnu/libmvec-2.31.so mapped=2 active=1 N0=2 kernelpagesize_kB=4
7ff459bb6000 bind:0 file=/usr/lib/x86_64-linux-gnu/libmvec-2.31.so anon=2 dirty=2 N0=2 kernelpagesize_kB=4
7ff459bb8000 bind:0 file=/usr/lib/x86_64-linux-gnu/libm-2.31.so mapped=15 mapmax=12 N0=15 kernelpagesize_kB=4
7ff459d05000 bind:0 file=/usr/lib/x86_64-linux-gnu/libm-2.31.so anon=2 dirty=2 N0=2 kernelpagesize_kB=4
7ff459d07000 bind:0 file=/usr/lib/x86_64-linux-gnu/libpthread-2.31.so mapped=7 mapmax=22 N0=7 kernelpagesize_kB=4
7ff459d24000 bind:0 file=/usr/lib/x86_64-linux-gnu/libpthread-2.31.so anon=2 dirty=2 N0=2 kernelpagesize_kB=4
7ff459d2a000 bind:0 file=/usr/lib/x86_64-linux-gnu/libz.so.1.2.11 mapped=2 mapmax=8 N0=2 kernelpagesize_kB=4
7ff459d44000 bind:0 file=/usr/lib/x86_64-linux-gnu/libz.so.1.2.11 anon=2 dirty=2 N0=2 kernelpagesize_kB=4
7ff459d46000 bind:0 file=/usr/lib/x86_64-linux-gnu/librt-2.31.so mapped=3 mapmax=17 N0=3 kernelpagesize_kB=4
7ff459d4f000 bind:0 file=/usr/lib/x86_64-linux-gnu/librt-2.31.so anon=2 dirty=2 N0=2 kernelpagesize_kB=4
7ff459d51000 bind:0 file=/usr/lib/x86_64-linux-gnu/libnuma.so.1.0.0 mapped=3 mapmax=2 N0=3 kernelpagesize_kB=4
7ff459d5c000 bind:0 file=/usr/lib/x86_64-linux-gnu/libnuma.so.1.0.0 anon=2 dirty=2 N0=2 kernelpagesize_kB=4
7ff459d5e000 bind:0 anon=2 dirty=2 N0=2 kernelpagesize_kB=4
7ff459d60000 bind:0 file=/etc/ld.so.cache mapped=10 mapmax=2 N0=10 kernelpagesize_kB=4
7ff459d6a000 bind:0 file=/usr/lib/x86_64-linux-gnu/ld-2.31.so mapped=1 mapmax=25 N0=1 kernelpagesize_kB=4
7ff459d6b000 bind:0 file=/usr/lib/x86_64-linux-gnu/ld-2.31.so mapped=35 mapmax=25 N0=35 kernelpagesize_kB=4
7ff459d8e000 bind:0 file=/usr/lib/x86_64-linux-gnu/ld-2.31.so mapped=8 mapmax=25 N0=8 kernelpagesize_kB=4
7ff459d97000 bind:0 file=/usr/lib/x86_64-linux-gnu/ld-2.31.so anon=2 dirty=2 N0=2 kernelpagesize_kB=4
7ff459d99000 bind:0 anon=1 dirty=1 N0=1 kernelpagesize_kB=4
7ffe3e366000 bind:0 stack anon=4 dirty=4 N0=4 kernelpagesize_kB=4
Fio Node 1 pages
U.0.fio.8G.3.O
Begin
Node 0 MemTotal:       24768352 kB
Node 0 MemFree:        24427928 kB
Node 0 MemUsed:          340424 kB
Node 0 Active:            34064 kB
Node 0 Inactive:          22616 kB
Node 0 Active(anon):      12432 kB
Node 0 Inactive(anon):      580 kB
Node 0 Active(file):      21632 kB
Node 0 Inactive(file):    22036 kB
Node 0 Unevictable:        5852 kB
Node 0 Mlocked:            5852 kB
Node 0 Dirty:                32 kB
Node 0 Writeback:             0 kB
Node 0 FilePages:         50344 kB
Node 0 Mapped:            19080 kB
Node 0 AnonPages:         12304 kB
Node 0 Shmem:               828 kB
Node 0 KernelStack:        2520 kB
Node 0 PageTables:          488 kB
Node 0 NFS_Unstable:          0 kB
Node 0 Bounce:                0 kB
Node 0 WritebackTmp:          0 kB
Node 0 KReclaimable:      17940 kB
Node 0 Slab:              54780 kB
Node 0 SReclaimable:      17940 kB
Node 0 SUnreclaim:        36840 kB
Node 0 AnonHugePages:         0 kB
Node 0 ShmemHugePages:        0 kB
Node 0 ShmemPmdMapped:        0 kB
Node 0 FileHugePages:        0 kB
Node 0 FilePmdMapped:        0 kB
Node 0 HugePages_Total:     0
Node 0 HugePages_Free:      0
Node 0 HugePages_Surp:      0

Node 1 MemTotal:       24661580 kB
Node 1 MemFree:        24391508 kB
Node 1 MemUsed:          270072 kB
Node 1 Active:            60084 kB
Node 1 Inactive:          67160 kB
Node 1 Active(anon):      21424 kB
Node 1 Inactive(anon):      292 kB
Node 1 Active(file):      38660 kB
Node 1 Inactive(file):    66868 kB
Node 1 Unevictable:       12668 kB
Node 1 Mlocked:           12668 kB
Node 1 Dirty:               484 kB
Node 1 Writeback:             0 kB
Node 1 FilePages:        108316 kB
Node 1 Mapped:            26888 kB
Node 1 AnonPages:         31608 kB
Node 1 Shmem:               440 kB
Node 1 KernelStack:        1128 kB
Node 1 PageTables:          580 kB
Node 1 NFS_Unstable:          0 kB
Node 1 Bounce:                0 kB
Node 1 WritebackTmp:          0 kB
Node 1 KReclaimable:      24068 kB
Node 1 Slab:              53500 kB
Node 1 SReclaimable:      24068 kB
Node 1 SUnreclaim:        29432 kB
Node 1 AnonHugePages:         0 kB
Node 1 ShmemHugePages:        0 kB
Node 1 ShmemPmdMapped:        0 kB
Node 1 FileHugePages:        0 kB
Node 1 FilePmdMapped:        0 kB
Node 1 HugePages_Total:     0
Node 1 HugePages_Free:      0
Node 1 HugePages_Surp:      0

Load ZFS
Node 0 MemTotal:       24768352 kB
Node 0 MemFree:        24552592 kB
Node 0 MemUsed:          215760 kB
Node 0 Active:            48456 kB
Node 0 Inactive:          17840 kB
Node 0 Active(anon):      21348 kB
Node 0 Inactive(anon):      580 kB
Node 0 Active(file):      27108 kB
Node 0 Inactive(file):    17260 kB
Node 0 Unevictable:        5852 kB
Node 0 Mlocked:            5852 kB
Node 0 Dirty:                32 kB
Node 0 Writeback:             0 kB
Node 0 FilePages:         51044 kB
Node 0 Mapped:            19104 kB
Node 0 AnonPages:         21268 kB
Node 0 Shmem:               828 kB
Node 0 KernelStack:        2728 kB
Node 0 PageTables:          956 kB
Node 0 NFS_Unstable:          0 kB
Node 0 Bounce:                0 kB
Node 0 WritebackTmp:          0 kB
Node 0 KReclaimable:      18336 kB
Node 0 Slab:              56060 kB
Node 0 SReclaimable:      18336 kB
Node 0 SUnreclaim:        37724 kB
Node 0 AnonHugePages:         0 kB
Node 0 ShmemHugePages:        0 kB
Node 0 ShmemPmdMapped:        0 kB
Node 0 FileHugePages:        0 kB
Node 0 FilePmdMapped:        0 kB
Node 0 HugePages_Total:     0
Node 0 HugePages_Free:      0
Node 0 HugePages_Surp:      0

Node 1 MemTotal:       24661580 kB
Node 1 MemFree:        24250432 kB
Node 1 MemUsed:          411148 kB
Node 1 Active:            61344 kB
Node 1 Inactive:          67816 kB
Node 1 Active(anon):      21516 kB
Node 1 Inactive(anon):      292 kB
Node 1 Active(file):      39828 kB
Node 1 Inactive(file):    67524 kB
Node 1 Unevictable:       12668 kB
Node 1 Mlocked:           12668 kB
Node 1 Dirty:               508 kB
Node 1 Writeback:             0 kB
Node 1 FilePages:        110136 kB
Node 1 Mapped:            27048 kB
Node 1 AnonPages:         31556 kB
Node 1 Shmem:               440 kB
Node 1 KernelStack:        1144 kB
Node 1 PageTables:          632 kB
Node 1 NFS_Unstable:          0 kB
Node 1 Bounce:                0 kB
Node 1 WritebackTmp:          0 kB
Node 1 KReclaimable:      24496 kB
Node 1 Slab:              55984 kB
Node 1 SReclaimable:      24496 kB
Node 1 SUnreclaim:        31488 kB
Node 1 AnonHugePages:         0 kB
Node 1 ShmemHugePages:        0 kB
Node 1 ShmemPmdMapped:        0 kB
Node 1 FileHugePages:        0 kB
Node 1 FilePmdMapped:        0 kB
Node 1 HugePages_Total:     0
Node 1 HugePages_Free:      0
Node 1 HugePages_Surp:      0

Import tank ZPool
Node 0 MemTotal:       24768352 kB
Node 0 MemFree:        24539236 kB
Node 0 MemUsed:          229116 kB
Node 0 Active:            48652 kB
Node 0 Inactive:          17808 kB
Node 0 Active(anon):      21472 kB
Node 0 Inactive(anon):      580 kB
Node 0 Active(file):      27180 kB
Node 0 Inactive(file):    17228 kB
Node 0 Unevictable:        5852 kB
Node 0 Mlocked:            5852 kB
Node 0 Dirty:                64 kB
Node 0 Writeback:             0 kB
Node 0 FilePages:         51080 kB
Node 0 Mapped:            19028 kB
Node 0 AnonPages:         21296 kB
Node 0 Shmem:               824 kB
Node 0 KernelStack:        3800 kB
Node 0 PageTables:          956 kB
Node 0 NFS_Unstable:          0 kB
Node 0 Bounce:                0 kB
Node 0 WritebackTmp:          0 kB
Node 0 KReclaimable:      18344 kB
Node 0 Slab:              58724 kB
Node 0 SReclaimable:      18344 kB
Node 0 SUnreclaim:        40380 kB
Node 0 AnonHugePages:         0 kB
Node 0 ShmemHugePages:        0 kB
Node 0 ShmemPmdMapped:        0 kB
Node 0 FileHugePages:        0 kB
Node 0 FilePmdMapped:        0 kB
Node 0 HugePages_Total:     0
Node 0 HugePages_Free:      0
Node 0 HugePages_Surp:      0

Node 1 MemTotal:       24661580 kB
Node 1 MemFree:        24243208 kB
Node 1 MemUsed:          418372 kB
Node 1 Active:            61848 kB
Node 1 Inactive:          69004 kB
Node 1 Active(anon):      21648 kB
Node 1 Inactive(anon):      296 kB
Node 1 Active(file):      40200 kB
Node 1 Inactive(file):    68708 kB
Node 1 Unevictable:       12668 kB
Node 1 Mlocked:           12668 kB
Node 1 Dirty:               184 kB
Node 1 Writeback:             0 kB
Node 1 FilePages:        111700 kB
Node 1 Mapped:            27088 kB
Node 1 AnonPages:         31436 kB
Node 1 Shmem:               444 kB
Node 1 KernelStack:        1176 kB
Node 1 PageTables:          668 kB
Node 1 NFS_Unstable:          0 kB
Node 1 Bounce:                0 kB
Node 1 WritebackTmp:          0 kB
Node 1 KReclaimable:      24620 kB
Node 1 Slab:              60856 kB
Node 1 SReclaimable:      24620 kB
Node 1 SUnreclaim:        36236 kB
Node 1 AnonHugePages:         0 kB
Node 1 ShmemHugePages:        0 kB
Node 1 ShmemPmdMapped:        0 kB
Node 1 FileHugePages:        0 kB
Node 1 FilePmdMapped:        0 kB
Node 1 HugePages_Total:     0
Node 1 HugePages_Free:      0
Node 1 HugePages_Surp:      0

After Test
Node 0 MemTotal:       24768352 kB
Node 0 MemFree:        15549976 kB
Node 0 MemUsed:         9218376 kB
Node 0 Active:            40204 kB
Node 0 Inactive:          18980 kB
Node 0 Active(anon):      11952 kB
Node 0 Inactive(anon):      624 kB
Node 0 Active(file):      28252 kB
Node 0 Inactive(file):    18356 kB
Node 0 Unevictable:        5852 kB
Node 0 Mlocked:            5852 kB
Node 0 Dirty:                44 kB
Node 0 Writeback:             0 kB
Node 0 FilePages:         53324 kB
Node 0 Mapped:            19360 kB
Node 0 AnonPages:         11624 kB
Node 0 Shmem:               868 kB
Node 0 KernelStack:        3544 kB
Node 0 PageTables:          600 kB
Node 0 NFS_Unstable:          0 kB
Node 0 Bounce:                0 kB
Node 0 WritebackTmp:          0 kB
Node 0 KReclaimable:      19756 kB
Node 0 Slab:              92560 kB
Node 0 SReclaimable:      19756 kB
Node 0 SUnreclaim:        72804 kB
Node 0 AnonHugePages:         0 kB
Node 0 ShmemHugePages:        0 kB
Node 0 ShmemPmdMapped:        0 kB
Node 0 FileHugePages:        0 kB
Node 0 FilePmdMapped:        0 kB
Node 0 HugePages_Total:     0
Node 0 HugePages_Free:      0
Node 0 HugePages_Surp:      0
Fio Node 0 pages
5597eef17000 bind:1 file=/usr/local/bin/fio mapped=16 N0=16 kernelpagesize_kB=4
5597eefdb000 bind:1 file=/usr/local/bin/fio anon=2 dirty=2 mapped=17 active=4 N0=15 N1=2 kernelpagesize_kB=4
7f3a3cf95000 bind:1 file=/usr/lib/x86_64-linux-gnu/libc-2.31.so mapped=37 mapmax=25 N0=37 kernelpagesize_kB=4
7f3a3d187000 bind:1 file=/usr/lib/x86_64-linux-gnu/libaio.so.1.0.1 mapped=1 mapmax=2 N0=1 kernelpagesize_kB=4
7f3a3d18c000 bind:1 file=/usr/lib/x86_64-linux-gnu/libdl-2.31.so mapped=1 mapmax=20 N0=1 kernelpagesize_kB=4
7f3a3d194000 bind:1 file=/usr/lib/x86_64-linux-gnu/libmvec-2.31.so mapped=2 N0=2 kernelpagesize_kB=4
7f3a3d1c0000 bind:1 file=/usr/lib/x86_64-linux-gnu/libm-2.31.so mapped=15 mapmax=12 N0=15 kernelpagesize_kB=4
7f3a3d30f000 bind:1 file=/usr/lib/x86_64-linux-gnu/libpthread-2.31.so mapped=6 mapmax=22 N0=6 kernelpagesize_kB=4
7f3a3d332000 bind:1 file=/usr/lib/x86_64-linux-gnu/libz.so.1.2.11 mapped=2 mapmax=8 N0=2 kernelpagesize_kB=4
7f3a3d34e000 bind:1 file=/usr/lib/x86_64-linux-gnu/librt-2.31.so mapped=3 mapmax=17 N0=3 kernelpagesize_kB=4
7f3a3d359000 bind:1 file=/usr/lib/x86_64-linux-gnu/libnuma.so.1.0.0 mapped=3 mapmax=2 N0=3 kernelpagesize_kB=4
7f3a3d368000 bind:1 file=/etc/ld.so.cache mapped=10 N0=10 kernelpagesize_kB=4
7f3a3d372000 bind:1 file=/usr/lib/x86_64-linux-gnu/ld-2.31.so mapped=1 mapmax=25 N0=1 kernelpagesize_kB=4
7f3a3d373000 bind:1 file=/usr/lib/x86_64-linux-gnu/ld-2.31.so mapped=35 mapmax=25 N0=35 kernelpagesize_kB=4
7f3a3d396000 bind:1 file=/usr/lib/x86_64-linux-gnu/ld-2.31.so mapped=8 mapmax=25 N0=8 kernelpagesize_kB=4
Fio Node 1 pages
5597eefdb000 bind:1 file=/usr/local/bin/fio anon=2 dirty=2 N1=2 kernelpagesize_kB=4
5597eefdd000 bind:1 file=/usr/local/bin/fio anon=112 dirty=112 mapped=116 active=114 N0=4 N1=112 kernelpagesize_kB=4
5597ef0b9000 bind:1 anon=2 dirty=2 N1=2 kernelpagesize_kB=4
5597ef972000 bind:1 heap anon=4 dirty=4 N1=4 kernelpagesize_kB=4
7f3a3cf93000 bind:1 anon=2 dirty=2 N1=2 kernelpagesize_kB=4
7f3a3d17d000 bind:1 file=/usr/lib/x86_64-linux-gnu/libc-2.31.so anon=3 dirty=3 N1=3 kernelpagesize_kB=4
7f3a3d180000 bind:1 file=/usr/lib/x86_64-linux-gnu/libc-2.31.so anon=3 dirty=3 N1=3 kernelpagesize_kB=4
7f3a3d183000 bind:1 anon=4 dirty=4 N1=4 kernelpagesize_kB=4
7f3a3d18a000 bind:1 file=/usr/lib/x86_64-linux-gnu/libaio.so.1.0.1 anon=1 dirty=1 N1=1 kernelpagesize_kB=4
7f3a3d18b000 bind:1 file=/usr/lib/x86_64-linux-gnu/libaio.so.1.0.1 anon=1 dirty=1 N1=1 kernelpagesize_kB=4
7f3a3d190000 bind:1 file=/usr/lib/x86_64-linux-gnu/libdl-2.31.so anon=1 dirty=1 N1=1 kernelpagesize_kB=4
7f3a3d191000 bind:1 file=/usr/lib/x86_64-linux-gnu/libdl-2.31.so anon=1 dirty=1 N1=1 kernelpagesize_kB=4
7f3a3d192000 bind:1 anon=2 dirty=2 N1=2 kernelpagesize_kB=4
7f3a3d1be000 bind:1 file=/usr/lib/x86_64-linux-gnu/libmvec-2.31.so anon=1 dirty=1 N1=1 kernelpagesize_kB=4
7f3a3d1bf000 bind:1 file=/usr/lib/x86_64-linux-gnu/libmvec-2.31.so anon=1 dirty=1 N1=1 kernelpagesize_kB=4
7f3a3d30d000 bind:1 file=/usr/lib/x86_64-linux-gnu/libm-2.31.so anon=1 dirty=1 N1=1 kernelpagesize_kB=4
7f3a3d30e000 bind:1 file=/usr/lib/x86_64-linux-gnu/libm-2.31.so anon=1 dirty=1 N1=1 kernelpagesize_kB=4
7f3a3d32c000 bind:1 file=/usr/lib/x86_64-linux-gnu/libpthread-2.31.so anon=1 dirty=1 N1=1 kernelpagesize_kB=4
7f3a3d32d000 bind:1 file=/usr/lib/x86_64-linux-gnu/libpthread-2.31.so anon=1 dirty=1 N1=1 kernelpagesize_kB=4
7f3a3d32e000 bind:1 anon=1 dirty=1 N1=1 kernelpagesize_kB=4
7f3a3d34c000 bind:1 file=/usr/lib/x86_64-linux-gnu/libz.so.1.2.11 anon=1 dirty=1 N1=1 kernelpagesize_kB=4
7f3a3d34d000 bind:1 file=/usr/lib/x86_64-linux-gnu/libz.so.1.2.11 anon=1 dirty=1 N1=1 kernelpagesize_kB=4
7f3a3d357000 bind:1 file=/usr/lib/x86_64-linux-gnu/librt-2.31.so anon=1 dirty=1 N1=1 kernelpagesize_kB=4
7f3a3d358000 bind:1 file=/usr/lib/x86_64-linux-gnu/librt-2.31.so anon=1 dirty=1 N1=1 kernelpagesize_kB=4
7f3a3d364000 bind:1 file=/usr/lib/x86_64-linux-gnu/libnuma.so.1.0.0 anon=1 dirty=1 N1=1 kernelpagesize_kB=4
7f3a3d365000 bind:1 file=/usr/lib/x86_64-linux-gnu/libnuma.so.1.0.0 anon=1 dirty=1 N1=1 kernelpagesize_kB=4
7f3a3d366000 bind:1 anon=2 dirty=2 N1=2 kernelpagesize_kB=4
7f3a3d371000 bind:1 file=/dev/zero\040(deleted) dirty=1 active=0 N1=1 kernelpagesize_kB=4
7f3a3d39e000 bind:1 file=/dev/zero\040(deleted) dirty=1 active=0 N1=1 kernelpagesize_kB=4
7f3a3d39f000 bind:1 file=/usr/lib/x86_64-linux-gnu/ld-2.31.so anon=1 dirty=1 N1=1 kernelpagesize_kB=4
7f3a3d3a0000 bind:1 file=/usr/lib/x86_64-linux-gnu/ld-2.31.so anon=1 dirty=1 N1=1 kernelpagesize_kB=4
7f3a3d3a1000 bind:1 anon=1 dirty=1 N1=1 kernelpagesize_kB=4
7ffe78922000 bind:1 stack anon=3 dirty=3 N1=3 kernelpagesize_kB=4
Fio Node 0 pages
562ff9bca000 bind:1 file=/usr/local/bin/fio mapped=16 N0=16 kernelpagesize_kB=4
562ff9c8e000 bind:1 file=/usr/local/bin/fio anon=2 dirty=2 mapped=17 active=4 N0=15 N1=2 kernelpagesize_kB=4
7fb40bd22000 bind:1 file=/usr/lib/x86_64-linux-gnu/libc-2.31.so mapped=16 mapmax=25 N0=16 kernelpagesize_kB=4
7fb40bf0a000 bind:1 file=/usr/lib/x86_64-linux-gnu/libc-2.31.so anon=2 dirty=2 mapped=6 active=2 N0=4 N1=2 kernelpagesize_kB=4
7fb40bf14000 bind:1 file=/usr/lib/x86_64-linux-gnu/libaio.so.1.0.1 mapped=1 mapmax=2 N0=1 kernelpagesize_kB=4
7fb40bf19000 bind:1 file=/usr/lib/x86_64-linux-gnu/libdl-2.31.so mapped=1 mapmax=20 N0=1 kernelpagesize_kB=4
7fb40bf21000 bind:1 file=/usr/lib/x86_64-linux-gnu/libmvec-2.31.so mapped=2 N0=2 kernelpagesize_kB=4
7fb40bf4d000 bind:1 file=/usr/lib/x86_64-linux-gnu/libm-2.31.so mapped=15 mapmax=12 N0=15 kernelpagesize_kB=4
7fb40c09c000 bind:1 file=/usr/lib/x86_64-linux-gnu/libpthread-2.31.so mapped=7 mapmax=22 N0=7 kernelpagesize_kB=4
7fb40c0bf000 bind:1 file=/usr/lib/x86_64-linux-gnu/libz.so.1.2.11 mapped=2 mapmax=8 N0=2 kernelpagesize_kB=4
7fb40c0db000 bind:1 file=/usr/lib/x86_64-linux-gnu/librt-2.31.so mapped=3 mapmax=17 N0=3 kernelpagesize_kB=4
7fb40c0e6000 bind:1 file=/usr/lib/x86_64-linux-gnu/libnuma.so.1.0.0 mapped=3 mapmax=2 N0=3 kernelpagesize_kB=4
7fb40c0f5000 bind:1 file=/etc/ld.so.cache mapped=10 N0=10 kernelpagesize_kB=4
7fb40c0ff000 bind:1 file=/usr/lib/x86_64-linux-gnu/ld-2.31.so mapped=1 mapmax=25 N0=1 kernelpagesize_kB=4
7fb40c100000 bind:1 file=/usr/lib/x86_64-linux-gnu/ld-2.31.so mapped=35 mapmax=25 N0=35 kernelpagesize_kB=4
7fb40c123000 bind:1 file=/usr/lib/x86_64-linux-gnu/ld-2.31.so mapped=4 mapmax=25 N0=4 kernelpagesize_kB=4
Fio Node 1 pages
562ff9c8e000 bind:1 file=/usr/local/bin/fio anon=2 dirty=2 N1=2 kernelpagesize_kB=4
562ff9c90000 bind:1 file=/usr/local/bin/fio anon=111 dirty=111 mapped=115 active=113 N0=4 N1=111 kernelpagesize_kB=4
562ff9d6c000 bind:1 anon=2 dirty=2 N1=2 kernelpagesize_kB=4
562ffa47c000 bind:1 heap anon=4 dirty=4 N1=4 kernelpagesize_kB=4
7fb40bd20000 bind:1 anon=2 dirty=2 N1=2 kernelpagesize_kB=4
7fb40bf0a000 bind:1 file=/usr/lib/x86_64-linux-gnu/libc-2.31.so anon=3 dirty=3 N1=3 kernelpagesize_kB=4
7fb40bf0d000 bind:1 file=/usr/lib/x86_64-linux-gnu/libc-2.31.so anon=3 dirty=3 N1=3 kernelpagesize_kB=4
7fb40bf10000 bind:1 anon=4 dirty=4 N1=4 kernelpagesize_kB=4
7fb40bf17000 bind:1 file=/usr/lib/x86_64-linux-gnu/libaio.so.1.0.1 anon=1 dirty=1 N1=1 kernelpagesize_kB=4
7fb40bf18000 bind:1 file=/usr/lib/x86_64-linux-gnu/libaio.so.1.0.1 anon=1 dirty=1 N1=1 kernelpagesize_kB=4
7fb40bf1d000 bind:1 file=/usr/lib/x86_64-linux-gnu/libdl-2.31.so anon=1 dirty=1 N1=1 kernelpagesize_kB=4
7fb40bf1e000 bind:1 file=/usr/lib/x86_64-linux-gnu/libdl-2.31.so anon=1 dirty=1 N1=1 kernelpagesize_kB=4
7fb40bf1f000 bind:1 anon=2 dirty=2 N1=2 kernelpagesize_kB=4
7fb40bf4b000 bind:1 file=/usr/lib/x86_64-linux-gnu/libmvec-2.31.so anon=1 dirty=1 N1=1 kernelpagesize_kB=4
7fb40bf4c000 bind:1 file=/usr/lib/x86_64-linux-gnu/libmvec-2.31.so anon=1 dirty=1 N1=1 kernelpagesize_kB=4
7fb40c09a000 bind:1 file=/usr/lib/x86_64-linux-gnu/libm-2.31.so anon=1 dirty=1 N1=1 kernelpagesize_kB=4
7fb40c09b000 bind:1 file=/usr/lib/x86_64-linux-gnu/libm-2.31.so anon=1 dirty=1 N1=1 kernelpagesize_kB=4
7fb40c0b9000 bind:1 file=/usr/lib/x86_64-linux-gnu/libpthread-2.31.so anon=1 dirty=1 N1=1 kernelpagesize_kB=4
7fb40c0ba000 bind:1 file=/usr/lib/x86_64-linux-gnu/libpthread-2.31.so anon=1 dirty=1 N1=1 kernelpagesize_kB=4
7fb40c0bb000 bind:1 anon=1 dirty=1 N1=1 kernelpagesize_kB=4
7fb40c0d9000 bind:1 file=/usr/lib/x86_64-linux-gnu/libz.so.1.2.11 anon=1 dirty=1 N1=1 kernelpagesize_kB=4
7fb40c0da000 bind:1 file=/usr/lib/x86_64-linux-gnu/libz.so.1.2.11 anon=1 dirty=1 N1=1 kernelpagesize_kB=4
7fb40c0e4000 bind:1 file=/usr/lib/x86_64-linux-gnu/librt-2.31.so anon=1 dirty=1 N1=1 kernelpagesize_kB=4
7fb40c0e5000 bind:1 file=/usr/lib/x86_64-linux-gnu/librt-2.31.so anon=1 dirty=1 N1=1 kernelpagesize_kB=4
7fb40c0f1000 bind:1 file=/usr/lib/x86_64-linux-gnu/libnuma.so.1.0.0 anon=1 dirty=1 N1=1 kernelpagesize_kB=4
7fb40c0f2000 bind:1 file=/usr/lib/x86_64-linux-gnu/libnuma.so.1.0.0 anon=1 dirty=1 N1=1 kernelpagesize_kB=4
7fb40c0f3000 bind:1 anon=2 dirty=2 N1=2 kernelpagesize_kB=4
7fb40c0fe000 bind:1 file=/dev/zero\040(deleted) dirty=1 active=0 N1=1 kernelpagesize_kB=4
7fb40c12b000 bind:1 file=/dev/zero\040(deleted) dirty=1 active=0 N1=1 kernelpagesize_kB=4
7fb40c12c000 bind:1 file=/usr/lib/x86_64-linux-gnu/ld-2.31.so anon=1 dirty=1 N1=1 kernelpagesize_kB=4
7fb40c12d000 bind:1 file=/usr/lib/x86_64-linux-gnu/ld-2.31.so anon=1 dirty=1 N1=1 kernelpagesize_kB=4
7fb40c12e000 bind:1 anon=1 dirty=1 N1=1 kernelpagesize_kB=4
7ffc1e23d000 bind:1 stack anon=2 dirty=2 N1=2 kernelpagesize_kB=4

Node 1 MemTotal:       24661580 kB
Node 1 MemFree:        23995720 kB
Node 1 MemUsed:          665860 kB
Node 1 Active:            61732 kB
Node 1 Inactive:          68748 kB
Node 1 Active(anon):      21152 kB
Node 1 Inactive(anon):      296 kB
Node 1 Active(file):      40580 kB
Node 1 Inactive(file):    68452 kB
Node 1 Unevictable:       12668 kB
Node 1 Mlocked:           12668 kB
Node 1 Dirty:                20 kB
Node 1 Writeback:             0 kB
Node 1 FilePages:        111828 kB
Node 1 Mapped:            26888 kB
Node 1 AnonPages:         31328 kB
Node 1 Shmem:               444 kB
Node 1 KernelStack:        1112 kB
Node 1 PageTables:          604 kB
Node 1 NFS_Unstable:          0 kB
Node 1 Bounce:                0 kB
Node 1 WritebackTmp:          0 kB
Node 1 KReclaimable:      24664 kB
Node 1 Slab:              62348 kB
Node 1 SReclaimable:      24664 kB
Node 1 SUnreclaim:        37684 kB
Node 1 AnonHugePages:         0 kB
Node 1 ShmemHugePages:        0 kB
Node 1 ShmemPmdMapped:        0 kB
Node 1 FileHugePages:        0 kB
Node 1 FilePmdMapped:        0 kB
Node 1 HugePages_Total:     0
Node 1 HugePages_Free:      0
Node 1 HugePages_Surp:      0

After Opposite Node
Node 0 MemTotal:       24768352 kB
Node 0 MemFree:        15556572 kB
Node 0 MemUsed:         9211780 kB
Node 0 Active:            40140 kB
Node 0 Inactive:          18780 kB
Node 0 Active(anon):      11724 kB
Node 0 Inactive(anon):      580 kB
Node 0 Active(file):      28416 kB
Node 0 Inactive(file):    18200 kB
Node 0 Unevictable:        5852 kB
Node 0 Mlocked:            5852 kB
Node 0 Dirty:                40 kB
Node 0 Writeback:             0 kB
Node 0 FilePages:         53288 kB
Node 0 Mapped:            19304 kB
Node 0 AnonPages:         11480 kB
Node 0 Shmem:               824 kB
Node 0 KernelStack:        3496 kB
Node 0 PageTables:          416 kB
Node 0 NFS_Unstable:          0 kB
Node 0 Bounce:                0 kB
Node 0 WritebackTmp:          0 kB
Node 0 KReclaimable:      19756 kB
Node 0 Slab:              92064 kB
Node 0 SReclaimable:      19756 kB
Node 0 SUnreclaim:        72308 kB
Node 0 AnonHugePages:         0 kB
Node 0 ShmemHugePages:        0 kB
Node 0 ShmemPmdMapped:        0 kB
Node 0 FileHugePages:        0 kB
Node 0 FilePmdMapped:        0 kB
Node 0 HugePages_Total:     0
Node 0 HugePages_Free:      0
Node 0 HugePages_Surp:      0

Node 1 MemTotal:       24661580 kB
Node 1 MemFree:        23994000 kB
Node 1 MemUsed:          667580 kB
Node 1 Active:            62028 kB
Node 1 Inactive:          68796 kB
Node 1 Active(anon):      21384 kB
Node 1 Inactive(anon):      340 kB
Node 1 Active(file):      40644 kB
Node 1 Inactive(file):    68456 kB
Node 1 Unevictable:       12668 kB
Node 1 Mlocked:           12668 kB
Node 1 Dirty:                36 kB
Node 1 Writeback:             0 kB
Node 1 FilePages:        111948 kB
Node 1 Mapped:            26932 kB
Node 1 AnonPages:         31468 kB
Node 1 Shmem:               488 kB
Node 1 KernelStack:        1160 kB
Node 1 PageTables:          776 kB
Node 1 NFS_Unstable:          0 kB
Node 1 Bounce:                0 kB
Node 1 WritebackTmp:          0 kB
Node 1 KReclaimable:      24720 kB
Node 1 Slab:              63560 kB
Node 1 SReclaimable:      24720 kB
Node 1 SUnreclaim:        38840 kB
Node 1 AnonHugePages:         0 kB
Node 1 ShmemHugePages:        0 kB
Node 1 ShmemPmdMapped:        0 kB
Node 1 FileHugePages:        0 kB
Node 1 FilePmdMapped:        0 kB
Node 1 HugePages_Total:     0
Node 1 HugePages_Free:      0
Node 1 HugePages_Surp:      0

U.0.fio.8G.3.O Complete!
