Fio Node 0 pages
559a23d9e000 bind:0 file=/usr/bin/dash mapped=18 mapmax=3 N0=18 kernelpagesize_kB=4
559a23db1000 bind:0 file=/usr/bin/dash mapped=6 mapmax=3 N0=6 kernelpagesize_kB=4
559a23db7000 bind:0 file=/usr/bin/dash anon=2 dirty=2 mapmax=2 N0=2 kernelpagesize_kB=4
559a23db9000 bind:0 file=/usr/bin/dash anon=1 dirty=1 N0=1 kernelpagesize_kB=4
559a23dba000 bind:0 anon=1 dirty=1 N0=1 kernelpagesize_kB=4
559a25151000 bind:0 heap anon=2 dirty=2 mapmax=2 N0=2 kernelpagesize_kB=4
7f481c81d000 bind:0 file=/usr/lib/x86_64-linux-gnu/libc-2.31.so anon=3 dirty=3 mapmax=2 N0=3 kernelpagesize_kB=4
7f481c820000 bind:0 file=/usr/lib/x86_64-linux-gnu/libc-2.31.so anon=3 dirty=3 mapmax=2 N0=3 kernelpagesize_kB=4
7f481c823000 bind:0 anon=6 dirty=6 mapmax=2 N0=6 kernelpagesize_kB=4
7f481c860000 bind:0 file=/usr/lib/x86_64-linux-gnu/ld-2.31.so anon=1 dirty=1 mapmax=2 N0=1 kernelpagesize_kB=4
7f481c861000 bind:0 file=/usr/lib/x86_64-linux-gnu/ld-2.31.so anon=1 dirty=1 N0=1 kernelpagesize_kB=4
7f481c862000 bind:0 anon=1 dirty=1 mapmax=2 N0=1 kernelpagesize_kB=4
7ffe8c38d000 bind:0 stack anon=3 dirty=3 mapmax=2 N0=3 kernelpagesize_kB=4
Fio Node 1 pages
7f481c65a000 bind:0 file=/usr/lib/x86_64-linux-gnu/libc-2.31.so mapped=144 mapmax=39 N1=144 kernelpagesize_kB=4
7f481c7d2000 bind:0 file=/usr/lib/x86_64-linux-gnu/libc-2.31.so mapped=30 mapmax=39 N1=30 kernelpagesize_kB=4
Fio Node 0 pages
55ab8c9f1000 bind:0 file=/usr/local/bin/fio mapped=15 active=1 N0=15 kernelpagesize_kB=4
55ab8cab5000 bind:0 file=/usr/local/bin/fio anon=2 dirty=2 mapped=17 active=2 N0=17 kernelpagesize_kB=4
7fdad9b9a000 bind:0 anon=2 dirty=2 N0=2 kernelpagesize_kB=4
7fdad9d84000 bind:0 file=/usr/lib/x86_64-linux-gnu/libc-2.31.so anon=6 dirty=6 N0=6 kernelpagesize_kB=4
7fdad9d8e000 bind:0 file=/usr/lib/x86_64-linux-gnu/libaio.so.1.0.1 mapped=1 mapmax=2 N0=1 kernelpagesize_kB=4
7fdad9d91000 bind:0 file=/usr/lib/x86_64-linux-gnu/libaio.so.1.0.1 anon=2 dirty=2 N0=2 kernelpagesize_kB=4
7fdad9d97000 bind:0 file=/usr/lib/x86_64-linux-gnu/libdl-2.31.so anon=2 dirty=2 N0=2 kernelpagesize_kB=4
7fdad9d99000 bind:0 anon=2 dirty=2 N0=2 kernelpagesize_kB=4
7fdad9d9b000 bind:0 file=/usr/lib/x86_64-linux-gnu/libmvec-2.31.so mapped=2 active=1 N0=2 kernelpagesize_kB=4
7fdad9dc5000 bind:0 file=/usr/lib/x86_64-linux-gnu/libmvec-2.31.so anon=2 dirty=2 N0=2 kernelpagesize_kB=4
7fdad9f14000 bind:0 file=/usr/lib/x86_64-linux-gnu/libm-2.31.so anon=2 dirty=2 N0=2 kernelpagesize_kB=4
7fdad9f33000 bind:0 file=/usr/lib/x86_64-linux-gnu/libpthread-2.31.so anon=2 dirty=2 N0=2 kernelpagesize_kB=4
7fdad9f39000 bind:0 file=/usr/lib/x86_64-linux-gnu/libz.so.1.2.11 mapped=2 mapmax=8 N0=2 kernelpagesize_kB=4
7fdad9f53000 bind:0 file=/usr/lib/x86_64-linux-gnu/libz.so.1.2.11 anon=2 dirty=2 N0=2 kernelpagesize_kB=4
7fdad9f5e000 bind:0 file=/usr/lib/x86_64-linux-gnu/librt-2.31.so anon=2 dirty=2 N0=2 kernelpagesize_kB=4
7fdad9f6b000 bind:0 file=/usr/lib/x86_64-linux-gnu/libnuma.so.1.0.0 anon=2 dirty=2 N0=2 kernelpagesize_kB=4
7fdad9f6d000 bind:0 anon=2 dirty=2 N0=2 kernelpagesize_kB=4
7fdad9fa6000 bind:0 file=/usr/lib/x86_64-linux-gnu/ld-2.31.so anon=2 dirty=2 N0=2 kernelpagesize_kB=4
7fdad9fa8000 bind:0 anon=1 dirty=1 N0=1 kernelpagesize_kB=4
7ffe02497000 bind:0 stack anon=2 dirty=2 N0=2 kernelpagesize_kB=4
Fio Node 1 pages
7fdad9b9c000 bind:0 file=/usr/lib/x86_64-linux-gnu/libc-2.31.so mapped=37 mapmax=25 N1=37 kernelpagesize_kB=4
7fdad9bc1000 bind:0 file=/usr/lib/x86_64-linux-gnu/libc-2.31.so mapped=271 mapmax=25 N1=271 kernelpagesize_kB=4
7fdad9d39000 bind:0 file=/usr/lib/x86_64-linux-gnu/libc-2.31.so mapped=39 mapmax=24 N1=39 kernelpagesize_kB=4
7fdad9d93000 bind:0 file=/usr/lib/x86_64-linux-gnu/libdl-2.31.so mapped=1 mapmax=20 N1=1 kernelpagesize_kB=4
7fdad9d94000 bind:0 file=/usr/lib/x86_64-linux-gnu/libdl-2.31.so mapped=2 mapmax=19 N1=2 kernelpagesize_kB=4
7fdad9dc7000 bind:0 file=/usr/lib/x86_64-linux-gnu/libm-2.31.so mapped=15 mapmax=12 N1=15 kernelpagesize_kB=4
7fdad9dd6000 bind:0 file=/usr/lib/x86_64-linux-gnu/libm-2.31.so mapped=74 mapmax=12 N1=74 kernelpagesize_kB=4
7fdad9f16000 bind:0 file=/usr/lib/x86_64-linux-gnu/libpthread-2.31.so mapped=7 mapmax=22 N1=7 kernelpagesize_kB=4
7fdad9f1d000 bind:0 file=/usr/lib/x86_64-linux-gnu/libpthread-2.31.so mapped=17 mapmax=22 N1=17 kernelpagesize_kB=4
7fdad9f55000 bind:0 file=/usr/lib/x86_64-linux-gnu/librt-2.31.so mapped=3 mapmax=17 N1=3 kernelpagesize_kB=4
7fdad9f58000 bind:0 file=/usr/lib/x86_64-linux-gnu/librt-2.31.so mapped=4 mapmax=17 N1=4 kernelpagesize_kB=4
7fdad9f60000 bind:0 file=/usr/lib/x86_64-linux-gnu/libnuma.so.1.0.0 mapped=3 mapmax=2 N1=3 kernelpagesize_kB=4
7fdad9f63000 bind:0 file=/usr/lib/x86_64-linux-gnu/libnuma.so.1.0.0 mapped=5 mapmax=2 N1=5 kernelpagesize_kB=4
7fdad9f68000 bind:0 file=/usr/lib/x86_64-linux-gnu/libnuma.so.1.0.0 mapped=2 mapmax=2 N1=2 kernelpagesize_kB=4
7fdad9f79000 bind:0 file=/usr/lib/x86_64-linux-gnu/ld-2.31.so mapped=1 mapmax=25 N1=1 kernelpagesize_kB=4
7fdad9f7a000 bind:0 file=/usr/lib/x86_64-linux-gnu/ld-2.31.so mapped=35 mapmax=25 N1=35 kernelpagesize_kB=4
7fdad9f9d000 bind:0 file=/usr/lib/x86_64-linux-gnu/ld-2.31.so mapped=8 mapmax=25 N1=8 kernelpagesize_kB=4
U.0.fio.2-1G.2.O
Begin
Node 0 MemTotal:       24768352 kB
Node 0 MemFree:        24394408 kB
Node 0 MemUsed:          373944 kB
Node 0 Active:            40952 kB
Node 0 Inactive:          55648 kB
Node 0 Active(anon):      12516 kB
Node 0 Inactive(anon):      552 kB
Node 0 Active(file):      28436 kB
Node 0 Inactive(file):    55096 kB
Node 0 Unevictable:        1328 kB
Node 0 Mlocked:            1328 kB
Node 0 Dirty:               312 kB
Node 0 Writeback:             0 kB
Node 0 FilePages:         85656 kB
Node 0 Mapped:            16184 kB
Node 0 AnonPages:         12308 kB
Node 0 Shmem:               796 kB
Node 0 KernelStack:        2072 kB
Node 0 PageTables:          352 kB
Node 0 NFS_Unstable:          0 kB
Node 0 Bounce:                0 kB
Node 0 WritebackTmp:          0 kB
Node 0 KReclaimable:      22048 kB
Node 0 Slab:              57736 kB
Node 0 SReclaimable:      22048 kB
Node 0 SUnreclaim:        35688 kB
Node 0 AnonHugePages:         0 kB
Node 0 ShmemHugePages:        0 kB
Node 0 ShmemPmdMapped:        0 kB
Node 0 FileHugePages:        0 kB
Node 0 FilePmdMapped:        0 kB
Node 0 HugePages_Total:     0
Node 0 HugePages_Free:      0
Node 0 HugePages_Surp:      0

Node 1 MemTotal:       24661580 kB
Node 1 MemFree:        24422312 kB
Node 1 MemUsed:          239268 kB
Node 1 Active:            53508 kB
Node 1 Inactive:          37216 kB
Node 1 Active(anon):      21184 kB
Node 1 Inactive(anon):      324 kB
Node 1 Active(file):      32324 kB
Node 1 Inactive(file):    36892 kB
Node 1 Unevictable:       17196 kB
Node 1 Mlocked:           17196 kB
Node 1 Dirty:               212 kB
Node 1 Writeback:             0 kB
Node 1 FilePages:         76696 kB
Node 1 Mapped:            33864 kB
Node 1 AnonPages:         31388 kB
Node 1 Shmem:               472 kB
Node 1 KernelStack:        1512 kB
Node 1 PageTables:          704 kB
Node 1 NFS_Unstable:          0 kB
Node 1 Bounce:                0 kB
Node 1 WritebackTmp:          0 kB
Node 1 KReclaimable:      19496 kB
Node 1 Slab:              48716 kB
Node 1 SReclaimable:      19496 kB
Node 1 SUnreclaim:        29220 kB
Node 1 AnonHugePages:         0 kB
Node 1 ShmemHugePages:        0 kB
Node 1 ShmemPmdMapped:        0 kB
Node 1 FileHugePages:        0 kB
Node 1 FilePmdMapped:        0 kB
Node 1 HugePages_Total:     0
Node 1 HugePages_Free:      0
Node 1 HugePages_Surp:      0

Load ZFS
Node 0 MemTotal:       24768352 kB
Node 0 MemFree:        24524840 kB
Node 0 MemUsed:          243512 kB
Node 0 Active:            49716 kB
Node 0 Inactive:          51396 kB
Node 0 Active(anon):      15432 kB
Node 0 Inactive(anon):      552 kB
Node 0 Active(file):      34284 kB
Node 0 Inactive(file):    50844 kB
Node 0 Unevictable:        1328 kB
Node 0 Mlocked:            1328 kB
Node 0 Dirty:               312 kB
Node 0 Writeback:             0 kB
Node 0 FilePages:         87252 kB
Node 0 Mapped:            16232 kB
Node 0 AnonPages:         15284 kB
Node 0 Shmem:               796 kB
Node 0 KernelStack:        2088 kB
Node 0 PageTables:          352 kB
Node 0 NFS_Unstable:          0 kB
Node 0 Bounce:                0 kB
Node 0 WritebackTmp:          0 kB
Node 0 KReclaimable:      22556 kB
Node 0 Slab:              59436 kB
Node 0 SReclaimable:      22556 kB
Node 0 SUnreclaim:        36880 kB
Node 0 AnonHugePages:         0 kB
Node 0 ShmemHugePages:        0 kB
Node 0 ShmemPmdMapped:        0 kB
Node 0 FileHugePages:        0 kB
Node 0 FilePmdMapped:        0 kB
Node 0 HugePages_Total:     0
Node 0 HugePages_Free:      0
Node 0 HugePages_Surp:      0

Node 1 MemTotal:       24661580 kB
Node 1 MemFree:        24276712 kB
Node 1 MemUsed:          384868 kB
Node 1 Active:            59192 kB
Node 1 Inactive:          37468 kB
Node 1 Active(anon):      26064 kB
Node 1 Inactive(anon):      324 kB
Node 1 Active(file):      33128 kB
Node 1 Inactive(file):    37144 kB
Node 1 Unevictable:       17196 kB
Node 1 Mlocked:           17196 kB
Node 1 Dirty:               236 kB
Node 1 Writeback:             0 kB
Node 1 FilePages:         77608 kB
Node 1 Mapped:            34024 kB
Node 1 AnonPages:         36152 kB
Node 1 Shmem:               472 kB
Node 1 KernelStack:        1736 kB
Node 1 PageTables:         1224 kB
Node 1 NFS_Unstable:          0 kB
Node 1 Bounce:                0 kB
Node 1 WritebackTmp:          0 kB
Node 1 KReclaimable:      20032 kB
Node 1 Slab:              51480 kB
Node 1 SReclaimable:      20032 kB
Node 1 SUnreclaim:        31448 kB
Node 1 AnonHugePages:         0 kB
Node 1 ShmemHugePages:        0 kB
Node 1 ShmemPmdMapped:        0 kB
Node 1 FileHugePages:        0 kB
Node 1 FilePmdMapped:        0 kB
Node 1 HugePages_Total:     0
Node 1 HugePages_Free:      0
Node 1 HugePages_Surp:      0

Import tank ZPool
Node 0 MemTotal:       24768352 kB
Node 0 MemFree:        24509848 kB
Node 0 MemUsed:          258504 kB
Node 0 Active:            49868 kB
Node 0 Inactive:          51332 kB
Node 0 Active(anon):      15500 kB
Node 0 Inactive(anon):      552 kB
Node 0 Active(file):      34368 kB
Node 0 Inactive(file):    50780 kB
Node 0 Unevictable:        1328 kB
Node 0 Mlocked:            1328 kB
Node 0 Dirty:                60 kB
Node 0 Writeback:             0 kB
Node 0 FilePages:         87296 kB
Node 0 Mapped:            16252 kB
Node 0 AnonPages:         15284 kB
Node 0 Shmem:               792 kB
Node 0 KernelStack:        3144 kB
Node 0 PageTables:          352 kB
Node 0 NFS_Unstable:          0 kB
Node 0 Bounce:                0 kB
Node 0 WritebackTmp:          0 kB
Node 0 KReclaimable:      22556 kB
Node 0 Slab:              61932 kB
Node 0 SReclaimable:      22556 kB
Node 0 SUnreclaim:        39376 kB
Node 0 AnonHugePages:         0 kB
Node 0 ShmemHugePages:        0 kB
Node 0 ShmemPmdMapped:        0 kB
Node 0 FileHugePages:        0 kB
Node 0 FilePmdMapped:        0 kB
Node 0 HugePages_Total:     0
Node 0 HugePages_Free:      0
Node 0 HugePages_Surp:      0

Node 1 MemTotal:       24661580 kB
Node 1 MemFree:        24268728 kB
Node 1 MemUsed:          392852 kB
Node 1 Active:            59624 kB
Node 1 Inactive:          38620 kB
Node 1 Active(anon):      26184 kB
Node 1 Inactive(anon):      328 kB
Node 1 Active(file):      33440 kB
Node 1 Inactive(file):    38292 kB
Node 1 Unevictable:       17196 kB
Node 1 Mlocked:           17196 kB
Node 1 Dirty:               304 kB
Node 1 Writeback:             0 kB
Node 1 FilePages:         79076 kB
Node 1 Mapped:            33952 kB
Node 1 AnonPages:         36224 kB
Node 1 Shmem:               476 kB
Node 1 KernelStack:        1816 kB
Node 1 PageTables:         1244 kB
Node 1 NFS_Unstable:          0 kB
Node 1 Bounce:                0 kB
Node 1 WritebackTmp:          0 kB
Node 1 KReclaimable:      20168 kB
Node 1 Slab:              56700 kB
Node 1 SReclaimable:      20168 kB
Node 1 SUnreclaim:        36532 kB
Node 1 AnonHugePages:         0 kB
Node 1 ShmemHugePages:        0 kB
Node 1 ShmemPmdMapped:        0 kB
Node 1 FileHugePages:        0 kB
Node 1 FilePmdMapped:        0 kB
Node 1 HugePages_Total:     0
Node 1 HugePages_Free:      0
Node 1 HugePages_Surp:      0

After Test
Node 0 MemTotal:       24768352 kB
Node 0 MemFree:        22724800 kB
Node 0 MemUsed:         2043552 kB
Node 0 Active:            48216 kB
Node 0 Inactive:          52540 kB
Node 0 Active(anon):      12732 kB
Node 0 Inactive(anon):      588 kB
Node 0 Active(file):      35484 kB
Node 0 Inactive(file):    51952 kB
Node 0 Unevictable:        1328 kB
Node 0 Mlocked:            1328 kB
Node 0 Dirty:                40 kB
Node 0 Writeback:             0 kB
Node 0 FilePages:         89600 kB
Node 0 Mapped:            16512 kB
Node 0 AnonPages:         12436 kB
Node 0 Shmem:               836 kB
Node 0 KernelStack:        3144 kB
Node 0 PageTables:          532 kB
Node 0 NFS_Unstable:          0 kB
Node 0 Bounce:                0 kB
Node 0 WritebackTmp:          0 kB
Node 0 KReclaimable:      23836 kB
Node 0 Slab:              73204 kB
Node 0 SReclaimable:      23836 kB
Node 0 SUnreclaim:        49368 kB
Node 0 AnonHugePages:         0 kB
Node 0 ShmemHugePages:        0 kB
Node 0 ShmemPmdMapped:        0 kB
Node 0 FileHugePages:        0 kB
Node 0 FilePmdMapped:        0 kB
Node 0 HugePages_Total:     0
Node 0 HugePages_Free:      0
Node 0 HugePages_Surp:      0
Fio Node 0 pages
557d42214000 bind:1 file=/usr/local/bin/fio mapped=16 N0=16 kernelpagesize_kB=4
557d422d8000 bind:1 file=/usr/local/bin/fio anon=2 dirty=2 mapped=17 active=4 N0=15 N1=2 kernelpagesize_kB=4
7fda790f2000 bind:1 file=/usr/lib/x86_64-linux-gnu/libaio.so.1.0.1 mapped=1 mapmax=2 N0=1 kernelpagesize_kB=4
7fda790ff000 bind:1 file=/usr/lib/x86_64-linux-gnu/libmvec-2.31.so mapped=2 N0=2 kernelpagesize_kB=4
7fda7929d000 bind:1 file=/usr/lib/x86_64-linux-gnu/libz.so.1.2.11 mapped=2 mapmax=8 N0=2 kernelpagesize_kB=4
Fio Node 1 pages
557d422d8000 bind:1 file=/usr/local/bin/fio anon=2 dirty=2 N1=2 kernelpagesize_kB=4
557d422da000 bind:1 file=/usr/local/bin/fio anon=112 dirty=112 mapped=116 active=114 N0=4 N1=112 kernelpagesize_kB=4
557d423b6000 bind:1 anon=2 dirty=2 N1=2 kernelpagesize_kB=4
557d434e8000 bind:1 heap anon=4 dirty=4 N1=4 kernelpagesize_kB=4
7fda76edc000 bind:1 file=/dev/zero\040(deleted) dirty=10 active=0 N1=10 kernelpagesize_kB=4
7fda77eed000 bind:1 file=/dev/zero\040(deleted) dirty=17 active=0 N1=17 kernelpagesize_kB=4
7fda78efe000 bind:1 anon=2 dirty=2 N1=2 kernelpagesize_kB=4
7fda78f00000 bind:1 file=/usr/lib/x86_64-linux-gnu/libc-2.31.so mapped=37 mapmax=25 N1=37 kernelpagesize_kB=4
7fda78f25000 bind:1 file=/usr/lib/x86_64-linux-gnu/libc-2.31.so mapped=267 mapmax=25 N1=267 kernelpagesize_kB=4
7fda7909d000 bind:1 file=/usr/lib/x86_64-linux-gnu/libc-2.31.so mapped=32 mapmax=24 N1=32 kernelpagesize_kB=4
7fda790e8000 bind:1 file=/usr/lib/x86_64-linux-gnu/libc-2.31.so anon=3 dirty=3 N1=3 kernelpagesize_kB=4
7fda790eb000 bind:1 file=/usr/lib/x86_64-linux-gnu/libc-2.31.so anon=3 dirty=3 N1=3 kernelpagesize_kB=4
7fda790ee000 bind:1 anon=4 dirty=4 N1=4 kernelpagesize_kB=4
7fda790f5000 bind:1 file=/usr/lib/x86_64-linux-gnu/libaio.so.1.0.1 anon=1 dirty=1 N1=1 kernelpagesize_kB=4
7fda790f6000 bind:1 file=/usr/lib/x86_64-linux-gnu/libaio.so.1.0.1 anon=1 dirty=1 N1=1 kernelpagesize_kB=4
7fda790f7000 bind:1 file=/usr/lib/x86_64-linux-gnu/libdl-2.31.so mapped=1 mapmax=20 N1=1 kernelpagesize_kB=4
7fda790f8000 bind:1 file=/usr/lib/x86_64-linux-gnu/libdl-2.31.so mapped=2 mapmax=19 N1=2 kernelpagesize_kB=4
7fda790fb000 bind:1 file=/usr/lib/x86_64-linux-gnu/libdl-2.31.so anon=1 dirty=1 N1=1 kernelpagesize_kB=4
7fda790fc000 bind:1 file=/usr/lib/x86_64-linux-gnu/libdl-2.31.so anon=1 dirty=1 N1=1 kernelpagesize_kB=4
7fda790fd000 bind:1 anon=2 dirty=2 N1=2 kernelpagesize_kB=4
7fda79129000 bind:1 file=/usr/lib/x86_64-linux-gnu/libmvec-2.31.so anon=1 dirty=1 N1=1 kernelpagesize_kB=4
7fda7912a000 bind:1 file=/usr/lib/x86_64-linux-gnu/libmvec-2.31.so anon=1 dirty=1 N1=1 kernelpagesize_kB=4
7fda7912b000 bind:1 file=/usr/lib/x86_64-linux-gnu/libm-2.31.so mapped=15 mapmax=12 N1=15 kernelpagesize_kB=4
7fda7913a000 bind:1 file=/usr/lib/x86_64-linux-gnu/libm-2.31.so mapped=64 mapmax=12 N1=64 kernelpagesize_kB=4
7fda79278000 bind:1 file=/usr/lib/x86_64-linux-gnu/libm-2.31.so anon=1 dirty=1 N1=1 kernelpagesize_kB=4
7fda79279000 bind:1 file=/usr/lib/x86_64-linux-gnu/libm-2.31.so anon=1 dirty=1 N1=1 kernelpagesize_kB=4
7fda7927a000 bind:1 file=/usr/lib/x86_64-linux-gnu/libpthread-2.31.so mapped=7 mapmax=22 N1=7 kernelpagesize_kB=4
7fda79281000 bind:1 file=/usr/lib/x86_64-linux-gnu/libpthread-2.31.so mapped=17 mapmax=22 N1=17 kernelpagesize_kB=4
7fda79297000 bind:1 file=/usr/lib/x86_64-linux-gnu/libpthread-2.31.so anon=1 dirty=1 N1=1 kernelpagesize_kB=4
7fda79298000 bind:1 file=/usr/lib/x86_64-linux-gnu/libpthread-2.31.so anon=1 dirty=1 N1=1 kernelpagesize_kB=4
7fda79299000 bind:1 anon=1 dirty=1 N1=1 kernelpagesize_kB=4
7fda792b7000 bind:1 file=/usr/lib/x86_64-linux-gnu/libz.so.1.2.11 anon=1 dirty=1 N1=1 kernelpagesize_kB=4
7fda792b8000 bind:1 file=/usr/lib/x86_64-linux-gnu/libz.so.1.2.11 anon=1 dirty=1 N1=1 kernelpagesize_kB=4
7fda792b9000 bind:1 file=/usr/lib/x86_64-linux-gnu/librt-2.31.so mapped=3 mapmax=17 N1=3 kernelpagesize_kB=4
7fda792bc000 bind:1 file=/usr/lib/x86_64-linux-gnu/librt-2.31.so mapped=4 mapmax=17 N1=4 kernelpagesize_kB=4
7fda792c2000 bind:1 file=/usr/lib/x86_64-linux-gnu/librt-2.31.so anon=1 dirty=1 N1=1 kernelpagesize_kB=4
7fda792c3000 bind:1 file=/usr/lib/x86_64-linux-gnu/librt-2.31.so anon=1 dirty=1 N1=1 kernelpagesize_kB=4
7fda792c4000 bind:1 file=/usr/lib/x86_64-linux-gnu/libnuma.so.1.0.0 mapped=3 mapmax=2 N1=3 kernelpagesize_kB=4
7fda792c7000 bind:1 file=/usr/lib/x86_64-linux-gnu/libnuma.so.1.0.0 mapped=5 mapmax=2 N1=5 kernelpagesize_kB=4
7fda792cc000 bind:1 file=/usr/lib/x86_64-linux-gnu/libnuma.so.1.0.0 mapped=2 mapmax=2 N1=2 kernelpagesize_kB=4
7fda792cf000 bind:1 file=/usr/lib/x86_64-linux-gnu/libnuma.so.1.0.0 anon=1 dirty=1 N1=1 kernelpagesize_kB=4
7fda792d0000 bind:1 file=/usr/lib/x86_64-linux-gnu/libnuma.so.1.0.0 anon=1 dirty=1 N1=1 kernelpagesize_kB=4
7fda792d1000 bind:1 anon=2 dirty=2 N1=2 kernelpagesize_kB=4
7fda792d9000 bind:1 file=/dev/zero\040(deleted) dirty=1 active=0 N1=1 kernelpagesize_kB=4
7fda792da000 bind:1 file=/dev/zero\040(deleted) dirty=1 active=0 N1=1 kernelpagesize_kB=4
7fda792db000 bind:1 file=/dev/zero\040(deleted) dirty=1 active=0 N1=1 kernelpagesize_kB=4
7fda792dc000 bind:1 file=/dev/zero\040(deleted) dirty=1 active=0 N1=1 kernelpagesize_kB=4
7fda792dd000 bind:1 file=/usr/lib/x86_64-linux-gnu/ld-2.31.so mapped=1 mapmax=25 N1=1 kernelpagesize_kB=4
7fda792de000 bind:1 file=/usr/lib/x86_64-linux-gnu/ld-2.31.so mapped=35 mapmax=25 N1=35 kernelpagesize_kB=4
7fda79301000 bind:1 file=/usr/lib/x86_64-linux-gnu/ld-2.31.so mapped=8 mapmax=25 N1=8 kernelpagesize_kB=4
7fda79309000 bind:1 file=/dev/zero\040(deleted) dirty=1 active=0 N1=1 kernelpagesize_kB=4
7fda7930a000 bind:1 file=/usr/lib/x86_64-linux-gnu/ld-2.31.so anon=1 dirty=1 N1=1 kernelpagesize_kB=4
7fda7930b000 bind:1 file=/usr/lib/x86_64-linux-gnu/ld-2.31.so anon=1 dirty=1 N1=1 kernelpagesize_kB=4
7fda7930c000 bind:1 anon=1 dirty=1 N1=1 kernelpagesize_kB=4
7ffe7461f000 bind:1 stack anon=4 dirty=4 N1=4 kernelpagesize_kB=4
Fio Node 0 pages
55cf56b42000 bind:1 file=/usr/local/bin/fio mapped=24 N0=24 kernelpagesize_kB=4
55cf56b5a000 bind:1 file=/usr/local/bin/fio mapped=131 N0=131 kernelpagesize_kB=4
55cf56bdf000 bind:1 file=/usr/local/bin/fio mapped=32 active=30 N0=32 kernelpagesize_kB=4
55cf56c08000 bind:1 file=/usr/local/bin/fio anon=114 dirty=114 mapped=116 N0=2 N1=114 kernelpagesize_kB=4
7fbf6e448000 bind:1 file=/usr/lib/x86_64-linux-gnu/libc-2.31.so mapped=312 mapmax=25 N0=1 N1=311 kernelpagesize_kB=4
7fbf6e615000 bind:1 file=/usr/lib/x86_64-linux-gnu/libaio.so.1.0.1 mapped=1 mapmax=2 N0=1 kernelpagesize_kB=4
7fbf6e616000 bind:1 file=/usr/lib/x86_64-linux-gnu/libaio.so.1.0.1 mapped=1 mapmax=2 N0=1 kernelpagesize_kB=4
7fbf6e622000 bind:1 file=/usr/lib/x86_64-linux-gnu/libmvec-2.31.so mapped=2 N0=2 kernelpagesize_kB=4
7fbf6e624000 bind:1 file=/usr/lib/x86_64-linux-gnu/libmvec-2.31.so mapped=12 N0=12 kernelpagesize_kB=4
7fbf6e7c0000 bind:1 file=/usr/lib/x86_64-linux-gnu/libz.so.1.2.11 mapped=2 mapmax=8 N0=2 kernelpagesize_kB=4
7fbf6e7c2000 bind:1 file=/usr/lib/x86_64-linux-gnu/libz.so.1.2.11 mapped=15 mapmax=8 N0=15 kernelpagesize_kB=4
Fio Node 1 pages
55cf56c06000 bind:1 file=/usr/local/bin/fio anon=2 dirty=2 N1=2 kernelpagesize_kB=4
55cf56c08000 bind:1 file=/usr/local/bin/fio anon=114 dirty=114 mapped=116 N0=2 N1=114 kernelpagesize_kB=4
55cf56ce4000 bind:1 anon=71 dirty=71 N1=71 kernelpagesize_kB=4
55cf5801a000 bind:1 heap anon=6 dirty=6 N1=6 kernelpagesize_kB=4
7fbf65c89000 bind:1 file=/dev/zero\040(deleted) dirty=1 active=0 N1=1 kernelpagesize_kB=4
7fbf65c8a000 bind:1 file=/dev/zero\040(deleted) dirty=1 active=0 N1=1 kernelpagesize_kB=4
7fbf65c8b000 bind:1 file=/SYSV00000000\040(deleted) dirty=550 active=0 N1=550 kernelpagesize_kB=4
7fbf65eb1000 bind:1 file=/usr/lib/locale/locale-archive mapped=16 mapmax=6 N1=16 kernelpagesize_kB=4
7fbf66197000 bind:1 anon=1 dirty=1 N1=1 kernelpagesize_kB=4
7fbf66398000 bind:1 file=/dev/zero\040(deleted) dirty=1 active=0 N1=1 kernelpagesize_kB=4
7fbf66399000 bind:1 file=/dev/zero\040(deleted) dirty=17 active=0 N1=17 kernelpagesize_kB=4
7fbf673aa000 bind:1 file=/dev/zero\040(deleted) dirty=17 active=0 N1=17 kernelpagesize_kB=4
7fbf683bb000 bind:1 file=/dev/zero\040(deleted) dirty=17 active=0 N1=17 kernelpagesize_kB=4
7fbf693cc000 bind:1 file=/dev/zero\040(deleted) dirty=17 active=0 N1=17 kernelpagesize_kB=4
7fbf6a3dd000 bind:1 file=/dev/zero\040(deleted) dirty=17 active=0 N1=17 kernelpagesize_kB=4
7fbf6b3ee000 bind:1 file=/dev/zero\040(deleted) dirty=17 active=0 N1=17 kernelpagesize_kB=4
7fbf6c3ff000 bind:1 file=/dev/zero\040(deleted) dirty=17 active=0 N1=17 kernelpagesize_kB=4
7fbf6d410000 bind:1 file=/dev/zero\040(deleted) dirty=54 active=0 N1=54 kernelpagesize_kB=4
7fbf6e421000 bind:1 anon=2 dirty=2 N1=2 kernelpagesize_kB=4
7fbf6e423000 bind:1 file=/usr/lib/x86_64-linux-gnu/libc-2.31.so mapped=37 mapmax=25 N1=37 kernelpagesize_kB=4
7fbf6e448000 bind:1 file=/usr/lib/x86_64-linux-gnu/libc-2.31.so mapped=312 mapmax=25 N0=1 N1=311 kernelpagesize_kB=4
7fbf6e5c0000 bind:1 file=/usr/lib/x86_64-linux-gnu/libc-2.31.so mapped=48 mapmax=25 N1=48 kernelpagesize_kB=4
7fbf6e60b000 bind:1 file=/usr/lib/x86_64-linux-gnu/libc-2.31.so anon=3 dirty=3 N1=3 kernelpagesize_kB=4
7fbf6e60e000 bind:1 file=/usr/lib/x86_64-linux-gnu/libc-2.31.so anon=3 dirty=3 N1=3 kernelpagesize_kB=4
7fbf6e611000 bind:1 anon=4 dirty=4 N1=4 kernelpagesize_kB=4
7fbf6e618000 bind:1 file=/usr/lib/x86_64-linux-gnu/libaio.so.1.0.1 anon=1 dirty=1 N1=1 kernelpagesize_kB=4
7fbf6e619000 bind:1 file=/usr/lib/x86_64-linux-gnu/libaio.so.1.0.1 anon=1 dirty=1 N1=1 kernelpagesize_kB=4
7fbf6e61a000 bind:1 file=/usr/lib/x86_64-linux-gnu/libdl-2.31.so mapped=1 mapmax=20 N1=1 kernelpagesize_kB=4
7fbf6e61b000 bind:1 file=/usr/lib/x86_64-linux-gnu/libdl-2.31.so mapped=2 mapmax=20 N1=2 kernelpagesize_kB=4
7fbf6e61e000 bind:1 file=/usr/lib/x86_64-linux-gnu/libdl-2.31.so anon=1 dirty=1 N1=1 kernelpagesize_kB=4
7fbf6e61f000 bind:1 file=/usr/lib/x86_64-linux-gnu/libdl-2.31.so anon=1 dirty=1 N1=1 kernelpagesize_kB=4
7fbf6e620000 bind:1 anon=2 dirty=2 N1=2 kernelpagesize_kB=4
7fbf6e64c000 bind:1 file=/usr/lib/x86_64-linux-gnu/libmvec-2.31.so anon=1 dirty=1 N1=1 kernelpagesize_kB=4
7fbf6e64d000 bind:1 file=/usr/lib/x86_64-linux-gnu/libmvec-2.31.so anon=1 dirty=1 N1=1 kernelpagesize_kB=4
7fbf6e64e000 bind:1 file=/usr/lib/x86_64-linux-gnu/libm-2.31.so mapped=13 mapmax=12 N1=13 kernelpagesize_kB=4
7fbf6e65d000 bind:1 file=/usr/lib/x86_64-linux-gnu/libm-2.31.so mapped=64 mapmax=12 N1=64 kernelpagesize_kB=4
7fbf6e79b000 bind:1 file=/usr/lib/x86_64-linux-gnu/libm-2.31.so anon=1 dirty=1 N1=1 kernelpagesize_kB=4
7fbf6e79c000 bind:1 file=/usr/lib/x86_64-linux-gnu/libm-2.31.so anon=1 dirty=1 N1=1 kernelpagesize_kB=4
7fbf6e79d000 bind:1 file=/usr/lib/x86_64-linux-gnu/libpthread-2.31.so mapped=7 mapmax=22 N1=7 kernelpagesize_kB=4
7fbf6e7a4000 bind:1 file=/usr/lib/x86_64-linux-gnu/libpthread-2.31.so mapped=17 mapmax=22 N1=17 kernelpagesize_kB=4
7fbf6e7ba000 bind:1 file=/usr/lib/x86_64-linux-gnu/libpthread-2.31.so anon=1 dirty=1 N1=1 kernelpagesize_kB=4
7fbf6e7bb000 bind:1 file=/usr/lib/x86_64-linux-gnu/libpthread-2.31.so anon=1 dirty=1 N1=1 kernelpagesize_kB=4
7fbf6e7bc000 bind:1 anon=1 dirty=1 N1=1 kernelpagesize_kB=4
7fbf6e7da000 bind:1 file=/usr/lib/x86_64-linux-gnu/libz.so.1.2.11 anon=1 dirty=1 N1=1 kernelpagesize_kB=4
7fbf6e7db000 bind:1 file=/usr/lib/x86_64-linux-gnu/libz.so.1.2.11 anon=1 dirty=1 N1=1 kernelpagesize_kB=4
7fbf6e7dc000 bind:1 file=/usr/lib/x86_64-linux-gnu/librt-2.31.so mapped=3 mapmax=17 N1=3 kernelpagesize_kB=4
7fbf6e7df000 bind:1 file=/usr/lib/x86_64-linux-gnu/librt-2.31.so mapped=4 mapmax=17 N1=4 kernelpagesize_kB=4
7fbf6e7e5000 bind:1 file=/usr/lib/x86_64-linux-gnu/librt-2.31.so anon=1 dirty=1 N1=1 kernelpagesize_kB=4
7fbf6e7e6000 bind:1 file=/usr/lib/x86_64-linux-gnu/librt-2.31.so anon=1 dirty=1 N1=1 kernelpagesize_kB=4
7fbf6e7e7000 bind:1 file=/usr/lib/x86_64-linux-gnu/libnuma.so.1.0.0 mapped=3 mapmax=2 N1=3 kernelpagesize_kB=4
7fbf6e7ea000 bind:1 file=/usr/lib/x86_64-linux-gnu/libnuma.so.1.0.0 mapped=5 mapmax=2 N1=5 kernelpagesize_kB=4
7fbf6e7ef000 bind:1 file=/usr/lib/x86_64-linux-gnu/libnuma.so.1.0.0 mapped=2 mapmax=2 N1=2 kernelpagesize_kB=4
7fbf6e7f2000 bind:1 file=/usr/lib/x86_64-linux-gnu/libnuma.so.1.0.0 anon=1 dirty=1 N1=1 kernelpagesize_kB=4
7fbf6e7f3000 bind:1 file=/usr/lib/x86_64-linux-gnu/libnuma.so.1.0.0 anon=1 dirty=1 N1=1 kernelpagesize_kB=4
7fbf6e7f4000 bind:1 anon=2 dirty=2 N1=2 kernelpagesize_kB=4
7fbf6e7f6000 bind:1 file=/dev/zero\040(deleted) dirty=1 active=0 N1=1 kernelpagesize_kB=4
7fbf6e7f7000 bind:1 file=/dev/zero\040(deleted) dirty=1 active=0 N1=1 kernelpagesize_kB=4
7fbf6e7f8000 bind:1 file=/dev/zero\040(deleted) dirty=1 active=0 N1=1 kernelpagesize_kB=4
7fbf6e7f9000 bind:1 file=/dev/zero\040(deleted) dirty=1 active=0 N1=1 kernelpagesize_kB=4
7fbf6e7fa000 bind:1 file=/dev/zero\040(deleted) dirty=1 active=0 N1=1 kernelpagesize_kB=4
7fbf6e7fb000 bind:1 file=/dev/zero\040(deleted) dirty=1 active=0 N1=1 kernelpagesize_kB=4
7fbf6e7fc000 bind:1 file=/dev/zero\040(deleted) dirty=1 active=0 N1=1 kernelpagesize_kB=4
7fbf6e7fd000 bind:1 file=/dev/zero\040(deleted) dirty=1 active=0 N1=1 kernelpagesize_kB=4
7fbf6e7fe000 bind:1 file=/dev/zero\040(deleted) dirty=1 active=0 N1=1 kernelpagesize_kB=4
7fbf6e7ff000 bind:1 file=/dev/zero\040(deleted) dirty=1 active=0 N1=1 kernelpagesize_kB=4
7fbf6e800000 bind:1 file=/usr/lib/x86_64-linux-gnu/ld-2.31.so mapped=1 mapmax=25 N1=1 kernelpagesize_kB=4
7fbf6e801000 bind:1 file=/usr/lib/x86_64-linux-gnu/ld-2.31.so mapped=35 mapmax=25 N1=35 kernelpagesize_kB=4
7fbf6e824000 bind:1 file=/usr/lib/x86_64-linux-gnu/ld-2.31.so mapped=8 mapmax=25 N1=8 kernelpagesize_kB=4
7fbf6e82c000 bind:1 file=/dev/zero\040(deleted) dirty=1 active=0 N1=1 kernelpagesize_kB=4
7fbf6e82d000 bind:1 file=/usr/lib/x86_64-linux-gnu/ld-2.31.so anon=1 dirty=1 N1=1 kernelpagesize_kB=4
7fbf6e82e000 bind:1 file=/usr/lib/x86_64-linux-gnu/ld-2.31.so anon=1 dirty=1 N1=1 kernelpagesize_kB=4
7fbf6e82f000 bind:1 anon=1 dirty=1 N1=1 kernelpagesize_kB=4
7ffe2fe72000 bind:1 stack anon=15 dirty=15 N1=15 kernelpagesize_kB=4

Node 1 MemTotal:       24661580 kB
Node 1 MemFree:        24176336 kB
Node 1 MemUsed:          485244 kB
Node 1 Active:            53888 kB
Node 1 Inactive:          38408 kB
Node 1 Active(anon):      20160 kB
Node 1 Inactive(anon):      328 kB
Node 1 Active(file):      33728 kB
Node 1 Inactive(file):    38080 kB
Node 1 Unevictable:       17196 kB
Node 1 Mlocked:           17196 kB
Node 1 Dirty:                40 kB
Node 1 Writeback:             0 kB
Node 1 FilePages:         79148 kB
Node 1 Mapped:            33864 kB
Node 1 AnonPages:         30340 kB
Node 1 Shmem:               476 kB
Node 1 KernelStack:        1560 kB
Node 1 PageTables:          656 kB
Node 1 NFS_Unstable:          0 kB
Node 1 Bounce:                0 kB
Node 1 WritebackTmp:          0 kB
Node 1 KReclaimable:      20184 kB
Node 1 Slab:              56648 kB
Node 1 SReclaimable:      20184 kB
Node 1 SUnreclaim:        36464 kB
Node 1 AnonHugePages:         0 kB
Node 1 ShmemHugePages:        0 kB
Node 1 ShmemPmdMapped:        0 kB
Node 1 FileHugePages:        0 kB
Node 1 FilePmdMapped:        0 kB
Node 1 HugePages_Total:     0
Node 1 HugePages_Free:      0
Node 1 HugePages_Surp:      0

After Opposite Node
Node 0 MemTotal:       24768352 kB
Node 0 MemFree:        22725268 kB
Node 0 MemUsed:         2043084 kB
Node 0 Active:            48244 kB
Node 0 Inactive:          52308 kB
Node 0 Active(anon):      12548 kB
Node 0 Inactive(anon):      552 kB
Node 0 Active(file):      35696 kB
Node 0 Inactive(file):    51756 kB
Node 0 Unevictable:        1328 kB
Node 0 Mlocked:            1328 kB
Node 0 Dirty:                48 kB
Node 0 Writeback:             0 kB
Node 0 FilePages:         89572 kB
Node 0 Mapped:            16460 kB
Node 0 AnonPages:         12308 kB
Node 0 Shmem:               792 kB
Node 0 KernelStack:        3112 kB
Node 0 PageTables:          352 kB
Node 0 NFS_Unstable:          0 kB
Node 0 Bounce:                0 kB
Node 0 WritebackTmp:          0 kB
Node 0 KReclaimable:      23836 kB
Node 0 Slab:              72876 kB
Node 0 SReclaimable:      23836 kB
Node 0 SUnreclaim:        49040 kB
Node 0 AnonHugePages:         0 kB
Node 0 ShmemHugePages:        0 kB
Node 0 ShmemPmdMapped:        0 kB
Node 0 FileHugePages:        0 kB
Node 0 FilePmdMapped:        0 kB
Node 0 HugePages_Total:     0
Node 0 HugePages_Free:      0
Node 0 HugePages_Surp:      0

Node 1 MemTotal:       24661580 kB
Node 1 MemFree:        24175268 kB
Node 1 MemUsed:          486312 kB
Node 1 Active:            54052 kB
Node 1 Inactive:          38460 kB
Node 1 Active(anon):      20320 kB
Node 1 Inactive(anon):      352 kB
Node 1 Active(file):      33732 kB
Node 1 Inactive(file):    38108 kB
Node 1 Unevictable:       17196 kB
Node 1 Mlocked:           17196 kB
Node 1 Dirty:                68 kB
Node 1 Writeback:             0 kB
Node 1 FilePages:         79224 kB
Node 1 Mapped:            33908 kB
Node 1 AnonPages:         30400 kB
Node 1 Shmem:               520 kB
Node 1 KernelStack:        1592 kB
Node 1 PageTables:          772 kB
Node 1 NFS_Unstable:          0 kB
Node 1 Bounce:                0 kB
Node 1 WritebackTmp:          0 kB
Node 1 KReclaimable:      20252 kB
Node 1 Slab:              57524 kB
Node 1 SReclaimable:      20252 kB
Node 1 SUnreclaim:        37272 kB
Node 1 AnonHugePages:         0 kB
Node 1 ShmemHugePages:        0 kB
Node 1 ShmemPmdMapped:        0 kB
Node 1 FileHugePages:        0 kB
Node 1 FilePmdMapped:        0 kB
Node 1 HugePages_Total:     0
Node 1 HugePages_Free:      0
Node 1 HugePages_Surp:      0

U.0.fio.2-1G.2.O Complete!
