Fio Node 0 pages
55d28cfdd000 bind:0 file=/usr/bin/dash mapped=19 mapmax=3 N0=19 kernelpagesize_kB=4
55d28cff0000 bind:0 file=/usr/bin/dash mapped=6 mapmax=3 N0=6 kernelpagesize_kB=4
55d28cff6000 bind:0 file=/usr/bin/dash anon=2 dirty=2 mapmax=2 N0=2 kernelpagesize_kB=4
55d28cff8000 bind:0 file=/usr/bin/dash anon=1 dirty=1 N0=1 kernelpagesize_kB=4
55d28cff9000 bind:0 anon=1 dirty=1 N0=1 kernelpagesize_kB=4
55d28d03f000 bind:0 heap anon=2 dirty=2 mapmax=2 N0=2 kernelpagesize_kB=4
7f054d99e000 bind:0 file=/usr/lib/x86_64-linux-gnu/libc-2.31.so mapped=128 mapmax=36 N0=128 kernelpagesize_kB=4
7f054db16000 bind:0 file=/usr/lib/x86_64-linux-gnu/libc-2.31.so mapped=26 mapmax=35 N0=26 kernelpagesize_kB=4
7f054db61000 bind:0 file=/usr/lib/x86_64-linux-gnu/libc-2.31.so anon=3 dirty=3 mapmax=2 N0=3 kernelpagesize_kB=4
7f054db64000 bind:0 file=/usr/lib/x86_64-linux-gnu/libc-2.31.so anon=3 dirty=3 mapmax=2 N0=3 kernelpagesize_kB=4
7f054db67000 bind:0 anon=6 dirty=6 mapmax=2 N0=6 kernelpagesize_kB=4
7f054dba4000 bind:0 file=/usr/lib/x86_64-linux-gnu/ld-2.31.so anon=1 dirty=1 mapmax=2 N0=1 kernelpagesize_kB=4
7f054dba5000 bind:0 file=/usr/lib/x86_64-linux-gnu/ld-2.31.so anon=1 dirty=1 N0=1 kernelpagesize_kB=4
7f054dba6000 bind:0 anon=1 dirty=1 mapmax=2 N0=1 kernelpagesize_kB=4
7ffda42e4000 bind:0 stack anon=4 dirty=4 mapmax=2 N0=4 kernelpagesize_kB=4
Fio Node 1 pages
Fio Node 0 pages
562f487ce000 bind:0 file=/usr/local/bin/fio mapped=16 active=1 N0=16 kernelpagesize_kB=4
562f48892000 bind:0 file=/usr/local/bin/fio anon=2 dirty=2 mapped=17 active=2 N0=17 kernelpagesize_kB=4
7fd4bf2e6000 bind:0 anon=2 dirty=2 N0=2 kernelpagesize_kB=4
7fd4bf2e8000 bind:0 file=/usr/lib/x86_64-linux-gnu/libc-2.31.so mapped=37 mapmax=25 N0=37 kernelpagesize_kB=4
7fd4bf4d0000 bind:0 file=/usr/lib/x86_64-linux-gnu/libc-2.31.so anon=6 dirty=6 N0=6 kernelpagesize_kB=4
7fd4bf4dd000 bind:0 file=/usr/lib/x86_64-linux-gnu/libaio.so.1.0.1 anon=2 dirty=2 N0=2 kernelpagesize_kB=4
7fd4bf4df000 bind:0 file=/usr/lib/x86_64-linux-gnu/libdl-2.31.so mapped=1 mapmax=20 N0=1 kernelpagesize_kB=4
7fd4bf4e3000 bind:0 file=/usr/lib/x86_64-linux-gnu/libdl-2.31.so anon=2 dirty=2 N0=2 kernelpagesize_kB=4
7fd4bf4e5000 bind:0 anon=2 dirty=2 N0=2 kernelpagesize_kB=4
7fd4bf4e7000 bind:0 file=/usr/lib/x86_64-linux-gnu/libmvec-2.31.so mapped=2 active=1 N0=2 kernelpagesize_kB=4
7fd4bf511000 bind:0 file=/usr/lib/x86_64-linux-gnu/libmvec-2.31.so anon=2 dirty=2 N0=2 kernelpagesize_kB=4
7fd4bf513000 bind:0 file=/usr/lib/x86_64-linux-gnu/libm-2.31.so mapped=15 mapmax=12 N0=15 kernelpagesize_kB=4
7fd4bf660000 bind:0 file=/usr/lib/x86_64-linux-gnu/libm-2.31.so anon=2 dirty=2 N0=2 kernelpagesize_kB=4
7fd4bf662000 bind:0 file=/usr/lib/x86_64-linux-gnu/libpthread-2.31.so mapped=7 mapmax=22 N0=7 kernelpagesize_kB=4
7fd4bf67f000 bind:0 file=/usr/lib/x86_64-linux-gnu/libpthread-2.31.so anon=2 dirty=2 N0=2 kernelpagesize_kB=4
7fd4bf69f000 bind:0 file=/usr/lib/x86_64-linux-gnu/libz.so.1.2.11 anon=2 dirty=2 N0=2 kernelpagesize_kB=4
7fd4bf6a1000 bind:0 file=/usr/lib/x86_64-linux-gnu/librt-2.31.so mapped=3 mapmax=17 N0=3 kernelpagesize_kB=4
7fd4bf6aa000 bind:0 file=/usr/lib/x86_64-linux-gnu/librt-2.31.so anon=2 dirty=2 N0=2 kernelpagesize_kB=4
7fd4bf6b7000 bind:0 file=/usr/lib/x86_64-linux-gnu/libnuma.so.1.0.0 anon=2 dirty=2 N0=2 kernelpagesize_kB=4
7fd4bf6b9000 bind:0 anon=2 dirty=2 N0=2 kernelpagesize_kB=4
7fd4bf6bb000 bind:0 file=/etc/ld.so.cache mapped=10 N0=10 kernelpagesize_kB=4
7fd4bf6c5000 bind:0 file=/usr/lib/x86_64-linux-gnu/ld-2.31.so mapped=1 mapmax=25 N0=1 kernelpagesize_kB=4
7fd4bf6c6000 bind:0 file=/usr/lib/x86_64-linux-gnu/ld-2.31.so mapped=35 mapmax=25 N0=35 kernelpagesize_kB=4
7fd4bf6e9000 bind:0 file=/usr/lib/x86_64-linux-gnu/ld-2.31.so mapped=8 mapmax=25 N0=8 kernelpagesize_kB=4
7fd4bf6f2000 bind:0 file=/usr/lib/x86_64-linux-gnu/ld-2.31.so anon=2 dirty=2 N0=2 kernelpagesize_kB=4
7fd4bf6f4000 bind:0 anon=1 dirty=1 N0=1 kernelpagesize_kB=4
7ffe10314000 bind:0 stack anon=4 dirty=4 N0=4 kernelpagesize_kB=4
Fio Node 1 pages
7fd4bf4da000 bind:0 file=/usr/lib/x86_64-linux-gnu/libaio.so.1.0.1 mapped=1 mapmax=2 N1=1 kernelpagesize_kB=4
7fd4bf4db000 bind:0 file=/usr/lib/x86_64-linux-gnu/libaio.so.1.0.1 mapped=1 mapmax=2 N1=1 kernelpagesize_kB=4
7fd4bf685000 bind:0 file=/usr/lib/x86_64-linux-gnu/libz.so.1.2.11 mapped=2 mapmax=8 N1=2 kernelpagesize_kB=4
7fd4bf687000 bind:0 file=/usr/lib/x86_64-linux-gnu/libz.so.1.2.11 mapped=15 mapmax=8 N1=15 kernelpagesize_kB=4
7fd4bf6ac000 bind:0 file=/usr/lib/x86_64-linux-gnu/libnuma.so.1.0.0 mapped=3 mapmax=2 N1=3 kernelpagesize_kB=4
7fd4bf6af000 bind:0 file=/usr/lib/x86_64-linux-gnu/libnuma.so.1.0.0 mapped=5 mapmax=2 N1=5 kernelpagesize_kB=4
7fd4bf6b4000 bind:0 file=/usr/lib/x86_64-linux-gnu/libnuma.so.1.0.0 mapped=2 mapmax=2 N1=2 kernelpagesize_kB=4
U.0.fio.2-1G.1.O
Begin
Node 0 MemTotal:       24743736 kB
Node 0 MemFree:        24472824 kB
Node 0 MemUsed:          270912 kB
Node 0 Active:            58640 kB
Node 0 Inactive:          52268 kB
Node 0 Active(anon):      13900 kB
Node 0 Inactive(anon):      344 kB
Node 0 Active(file):      44740 kB
Node 0 Inactive(file):    51924 kB
Node 0 Unevictable:       17580 kB
Node 0 Mlocked:           17580 kB
Node 0 Dirty:               164 kB
Node 0 Writeback:             0 kB
Node 0 FilePages:        104420 kB
Node 0 Mapped:            51096 kB
Node 0 AnonPages:         24136 kB
Node 0 Shmem:               500 kB
Node 0 KernelStack:        2088 kB
Node 0 PageTables:          716 kB
Node 0 NFS_Unstable:          0 kB
Node 0 Bounce:                0 kB
Node 0 WritebackTmp:          0 kB
Node 0 KReclaimable:      22840 kB
Node 0 Slab:              57948 kB
Node 0 SReclaimable:      22840 kB
Node 0 SUnreclaim:        35108 kB
Node 0 AnonHugePages:         0 kB
Node 0 ShmemHugePages:        0 kB
Node 0 ShmemPmdMapped:        0 kB
Node 0 FileHugePages:        0 kB
Node 0 FilePmdMapped:        0 kB
Node 0 HugePages_Total:     0
Node 0 HugePages_Free:      0
Node 0 HugePages_Surp:      0

Node 1 MemTotal:       24686196 kB
Node 1 MemFree:        24332684 kB
Node 1 MemUsed:          353512 kB
Node 1 Active:            36748 kB
Node 1 Inactive:          53424 kB
Node 1 Active(anon):      19980 kB
Node 1 Inactive(anon):      508 kB
Node 1 Active(file):      16768 kB
Node 1 Inactive(file):    52916 kB
Node 1 Unevictable:         944 kB
Node 1 Mlocked:             944 kB
Node 1 Dirty:               376 kB
Node 1 Writeback:             0 kB
Node 1 FilePages:         71408 kB
Node 1 Mapped:             8768 kB
Node 1 AnonPages:         19760 kB
Node 1 Shmem:               768 kB
Node 1 KernelStack:        1528 kB
Node 1 PageTables:          468 kB
Node 1 NFS_Unstable:          0 kB
Node 1 Bounce:                0 kB
Node 1 WritebackTmp:          0 kB
Node 1 KReclaimable:      18948 kB
Node 1 Slab:              47936 kB
Node 1 SReclaimable:      18948 kB
Node 1 SUnreclaim:        28988 kB
Node 1 AnonHugePages:         0 kB
Node 1 ShmemHugePages:        0 kB
Node 1 ShmemPmdMapped:        0 kB
Node 1 FileHugePages:        0 kB
Node 1 FilePmdMapped:        0 kB
Node 1 HugePages_Total:     0
Node 1 HugePages_Free:      0
Node 1 HugePages_Surp:      0

Load ZFS
Node 0 MemTotal:       24743736 kB
Node 0 MemFree:        24466132 kB
Node 0 MemUsed:          277604 kB
Node 0 Active:            70380 kB
Node 0 Inactive:          47748 kB
Node 0 Active(anon):      19860 kB
Node 0 Inactive(anon):      344 kB
Node 0 Active(file):      50520 kB
Node 0 Inactive(file):    47404 kB
Node 0 Unevictable:       17580 kB
Node 0 Mlocked:           17580 kB
Node 0 Dirty:               188 kB
Node 0 Writeback:             8 kB
Node 0 FilePages:        105672 kB
Node 0 Mapped:            51128 kB
Node 0 AnonPages:         30152 kB
Node 0 Shmem:               500 kB
Node 0 KernelStack:        2264 kB
Node 0 PageTables:         1112 kB
Node 0 NFS_Unstable:          0 kB
Node 0 Bounce:                0 kB
Node 0 WritebackTmp:          0 kB
Node 0 KReclaimable:      23348 kB
Node 0 Slab:              60040 kB
Node 0 SReclaimable:      23348 kB
Node 0 SUnreclaim:        36692 kB
Node 0 AnonHugePages:         0 kB
Node 0 ShmemHugePages:        0 kB
Node 0 ShmemPmdMapped:        0 kB
Node 0 FileHugePages:        0 kB
Node 0 FilePmdMapped:        0 kB
Node 0 HugePages_Total:     0
Node 0 HugePages_Free:      0
Node 0 HugePages_Surp:      0

Node 1 MemTotal:       24686196 kB
Node 1 MemFree:        24325544 kB
Node 1 MemUsed:          360652 kB
Node 1 Active:            37728 kB
Node 1 Inactive:          53908 kB
Node 1 Active(anon):      20152 kB
Node 1 Inactive(anon):      508 kB
Node 1 Active(file):      17576 kB
Node 1 Inactive(file):    53400 kB
Node 1 Unevictable:         944 kB
Node 1 Mlocked:             944 kB
Node 1 Dirty:               120 kB
Node 1 Writeback:           112 kB
Node 1 FilePages:         72700 kB
Node 1 Mapped:             8952 kB
Node 1 AnonPages:         19772 kB
Node 1 Shmem:               768 kB
Node 1 KernelStack:        1480 kB
Node 1 PageTables:          524 kB
Node 1 NFS_Unstable:          0 kB
Node 1 Bounce:                0 kB
Node 1 WritebackTmp:          0 kB
Node 1 KReclaimable:      19328 kB
Node 1 Slab:              49792 kB
Node 1 SReclaimable:      19328 kB
Node 1 SUnreclaim:        30464 kB
Node 1 AnonHugePages:         0 kB
Node 1 ShmemHugePages:        0 kB
Node 1 ShmemPmdMapped:        0 kB
Node 1 FileHugePages:        0 kB
Node 1 FilePmdMapped:        0 kB
Node 1 HugePages_Total:     0
Node 1 HugePages_Free:      0
Node 1 HugePages_Surp:      0

Import tank ZPool
Node 0 MemTotal:       24743736 kB
Node 0 MemFree:        24456636 kB
Node 0 MemUsed:          287100 kB
Node 0 Active:            70512 kB
Node 0 Inactive:          47740 kB
Node 0 Active(anon):      19956 kB
Node 0 Inactive(anon):      344 kB
Node 0 Active(file):      50556 kB
Node 0 Inactive(file):    47396 kB
Node 0 Unevictable:       17580 kB
Node 0 Mlocked:           17580 kB
Node 0 Dirty:               224 kB
Node 0 Writeback:             0 kB
Node 0 FilePages:        105712 kB
Node 0 Mapped:            51384 kB
Node 0 AnonPages:         30188 kB
Node 0 Shmem:               496 kB
Node 0 KernelStack:        2344 kB
Node 0 PageTables:         1112 kB
Node 0 NFS_Unstable:          0 kB
Node 0 Bounce:                0 kB
Node 0 WritebackTmp:          0 kB
Node 0 KReclaimable:      23348 kB
Node 0 Slab:              61032 kB
Node 0 SReclaimable:      23348 kB
Node 0 SUnreclaim:        37684 kB
Node 0 AnonHugePages:         0 kB
Node 0 ShmemHugePages:        0 kB
Node 0 ShmemPmdMapped:        0 kB
Node 0 FileHugePages:        0 kB
Node 0 FilePmdMapped:        0 kB
Node 0 HugePages_Total:     0
Node 0 HugePages_Free:      0
Node 0 HugePages_Surp:      0

Node 1 MemTotal:       24686196 kB
Node 1 MemFree:        24316620 kB
Node 1 MemUsed:          369576 kB
Node 1 Active:            38376 kB
Node 1 Inactive:          55108 kB
Node 1 Active(anon):      20464 kB
Node 1 Inactive(anon):      512 kB
Node 1 Active(file):      17912 kB
Node 1 Inactive(file):    54596 kB
Node 1 Unevictable:         944 kB
Node 1 Mlocked:             944 kB
Node 1 Dirty:               156 kB
Node 1 Writeback:             0 kB
Node 1 FilePages:         74228 kB
Node 1 Mapped:             9040 kB
Node 1 AnonPages:         20288 kB
Node 1 Shmem:               772 kB
Node 1 KernelStack:        2552 kB
Node 1 PageTables:          604 kB
Node 1 NFS_Unstable:          0 kB
Node 1 Bounce:                0 kB
Node 1 WritebackTmp:          0 kB
Node 1 KReclaimable:      19468 kB
Node 1 Slab:              56488 kB
Node 1 SReclaimable:      19468 kB
Node 1 SUnreclaim:        37020 kB
Node 1 AnonHugePages:         0 kB
Node 1 ShmemHugePages:        0 kB
Node 1 ShmemPmdMapped:        0 kB
Node 1 FileHugePages:        0 kB
Node 1 FilePmdMapped:        0 kB
Node 1 HugePages_Total:     0
Node 1 HugePages_Free:      0
Node 1 HugePages_Surp:      0

After Test
Node 0 MemTotal:       24743736 kB
Node 0 MemFree:        22610260 kB
Node 0 MemUsed:         2133476 kB
Node 0 Active:            64744 kB
Node 0 Inactive:          48912 kB
Node 0 Active(anon):      13364 kB
Node 0 Inactive(anon):      368 kB
Node 0 Active(file):      51380 kB
Node 0 Inactive(file):    48544 kB
Node 0 Unevictable:       17580 kB
Node 0 Mlocked:           17580 kB
Node 0 Dirty:               156 kB
Node 0 Writeback:             0 kB
Node 0 FilePages:        107712 kB
Node 0 Mapped:            51124 kB
Node 0 AnonPages:         23440 kB
Node 0 Shmem:               540 kB
Node 0 KernelStack:        2264 kB
Node 0 PageTables:          740 kB
Node 0 NFS_Unstable:          0 kB
Node 0 Bounce:                0 kB
Node 0 WritebackTmp:          0 kB
Node 0 KReclaimable:      24640 kB
Node 0 Slab:              72492 kB
Node 0 SReclaimable:      24640 kB
Node 0 SUnreclaim:        47852 kB
Node 0 AnonHugePages:         0 kB
Node 0 ShmemHugePages:        0 kB
Node 0 ShmemPmdMapped:        0 kB
Node 0 FileHugePages:        0 kB
Node 0 FilePmdMapped:        0 kB
Node 0 HugePages_Total:     0
Node 0 HugePages_Free:      0
Node 0 HugePages_Surp:      0
Fio Node 0 pages
5594d84d8000 bind:1 file=/usr/local/bin/fio mapped=16 N0=16 kernelpagesize_kB=4
5594d859c000 bind:1 file=/usr/local/bin/fio anon=2 dirty=2 mapped=17 active=4 N0=15 N1=2 kernelpagesize_kB=4
7f76b20d2000 bind:1 file=/usr/lib/x86_64-linux-gnu/libc-2.31.so mapped=37 mapmax=25 N0=37 kernelpagesize_kB=4
7f76b22c9000 bind:1 file=/usr/lib/x86_64-linux-gnu/libdl-2.31.so mapped=1 mapmax=20 N0=1 kernelpagesize_kB=4
7f76b22d1000 bind:1 file=/usr/lib/x86_64-linux-gnu/libmvec-2.31.so mapped=2 N0=2 kernelpagesize_kB=4
7f76b22fd000 bind:1 file=/usr/lib/x86_64-linux-gnu/libm-2.31.so mapped=15 mapmax=12 N0=15 kernelpagesize_kB=4
7f76b244c000 bind:1 file=/usr/lib/x86_64-linux-gnu/libpthread-2.31.so mapped=7 mapmax=22 N0=7 kernelpagesize_kB=4
7f76b248b000 bind:1 file=/usr/lib/x86_64-linux-gnu/librt-2.31.so mapped=3 mapmax=17 N0=3 kernelpagesize_kB=4
7f76b24a5000 bind:1 file=/etc/ld.so.cache mapped=10 N0=10 kernelpagesize_kB=4
7f76b24af000 bind:1 file=/usr/lib/x86_64-linux-gnu/ld-2.31.so mapped=1 mapmax=25 N0=1 kernelpagesize_kB=4
7f76b24b0000 bind:1 file=/usr/lib/x86_64-linux-gnu/ld-2.31.so mapped=35 mapmax=25 N0=35 kernelpagesize_kB=4
7f76b24d3000 bind:1 file=/usr/lib/x86_64-linux-gnu/ld-2.31.so mapped=8 mapmax=25 N0=8 kernelpagesize_kB=4
Fio Node 1 pages
5594d859c000 bind:1 file=/usr/local/bin/fio anon=2 dirty=2 N1=2 kernelpagesize_kB=4
5594d859e000 bind:1 file=/usr/local/bin/fio anon=112 dirty=112 mapped=116 active=114 N0=4 N1=112 kernelpagesize_kB=4
5594d867a000 bind:1 anon=2 dirty=2 N1=2 kernelpagesize_kB=4
5594da300000 bind:1 heap anon=4 dirty=4 N1=4 kernelpagesize_kB=4
7f76af09d000 bind:1 file=/dev/zero\040(deleted) dirty=12 active=0 N1=12 kernelpagesize_kB=4
7f76b00ae000 bind:1 file=/dev/zero\040(deleted) dirty=17 active=0 N1=17 kernelpagesize_kB=4
7f76b10bf000 bind:1 file=/dev/zero\040(deleted) dirty=17 active=0 N1=17 kernelpagesize_kB=4
7f76b20d0000 bind:1 anon=2 dirty=2 N1=2 kernelpagesize_kB=4
7f76b22ba000 bind:1 file=/usr/lib/x86_64-linux-gnu/libc-2.31.so anon=3 dirty=3 N1=3 kernelpagesize_kB=4
7f76b22bd000 bind:1 file=/usr/lib/x86_64-linux-gnu/libc-2.31.so anon=3 dirty=3 N1=3 kernelpagesize_kB=4
7f76b22c0000 bind:1 anon=4 dirty=4 N1=4 kernelpagesize_kB=4
7f76b22c4000 bind:1 file=/usr/lib/x86_64-linux-gnu/libaio.so.1.0.1 mapped=1 mapmax=2 N1=1 kernelpagesize_kB=4
7f76b22c5000 bind:1 file=/usr/lib/x86_64-linux-gnu/libaio.so.1.0.1 mapped=1 mapmax=2 N1=1 kernelpagesize_kB=4
7f76b22c7000 bind:1 file=/usr/lib/x86_64-linux-gnu/libaio.so.1.0.1 anon=1 dirty=1 N1=1 kernelpagesize_kB=4
7f76b22c8000 bind:1 file=/usr/lib/x86_64-linux-gnu/libaio.so.1.0.1 anon=1 dirty=1 N1=1 kernelpagesize_kB=4
7f76b22cd000 bind:1 file=/usr/lib/x86_64-linux-gnu/libdl-2.31.so anon=1 dirty=1 N1=1 kernelpagesize_kB=4
7f76b22ce000 bind:1 file=/usr/lib/x86_64-linux-gnu/libdl-2.31.so anon=1 dirty=1 N1=1 kernelpagesize_kB=4
7f76b22cf000 bind:1 anon=2 dirty=2 N1=2 kernelpagesize_kB=4
7f76b22fb000 bind:1 file=/usr/lib/x86_64-linux-gnu/libmvec-2.31.so anon=1 dirty=1 N1=1 kernelpagesize_kB=4
7f76b22fc000 bind:1 file=/usr/lib/x86_64-linux-gnu/libmvec-2.31.so anon=1 dirty=1 N1=1 kernelpagesize_kB=4
7f76b244a000 bind:1 file=/usr/lib/x86_64-linux-gnu/libm-2.31.so anon=1 dirty=1 N1=1 kernelpagesize_kB=4
7f76b244b000 bind:1 file=/usr/lib/x86_64-linux-gnu/libm-2.31.so anon=1 dirty=1 N1=1 kernelpagesize_kB=4
7f76b2469000 bind:1 file=/usr/lib/x86_64-linux-gnu/libpthread-2.31.so anon=1 dirty=1 N1=1 kernelpagesize_kB=4
7f76b246a000 bind:1 file=/usr/lib/x86_64-linux-gnu/libpthread-2.31.so anon=1 dirty=1 N1=1 kernelpagesize_kB=4
7f76b246b000 bind:1 anon=1 dirty=1 N1=1 kernelpagesize_kB=4
7f76b246f000 bind:1 file=/usr/lib/x86_64-linux-gnu/libz.so.1.2.11 mapped=2 mapmax=8 N1=2 kernelpagesize_kB=4
7f76b2471000 bind:1 file=/usr/lib/x86_64-linux-gnu/libz.so.1.2.11 mapped=15 mapmax=8 N1=15 kernelpagesize_kB=4
7f76b2489000 bind:1 file=/usr/lib/x86_64-linux-gnu/libz.so.1.2.11 anon=1 dirty=1 N1=1 kernelpagesize_kB=4
7f76b248a000 bind:1 file=/usr/lib/x86_64-linux-gnu/libz.so.1.2.11 anon=1 dirty=1 N1=1 kernelpagesize_kB=4
7f76b2494000 bind:1 file=/usr/lib/x86_64-linux-gnu/librt-2.31.so anon=1 dirty=1 N1=1 kernelpagesize_kB=4
7f76b2495000 bind:1 file=/usr/lib/x86_64-linux-gnu/librt-2.31.so anon=1 dirty=1 N1=1 kernelpagesize_kB=4
7f76b2496000 bind:1 file=/usr/lib/x86_64-linux-gnu/libnuma.so.1.0.0 mapped=3 mapmax=2 N1=3 kernelpagesize_kB=4
7f76b2499000 bind:1 file=/usr/lib/x86_64-linux-gnu/libnuma.so.1.0.0 mapped=5 mapmax=2 N1=5 kernelpagesize_kB=4
7f76b249e000 bind:1 file=/usr/lib/x86_64-linux-gnu/libnuma.so.1.0.0 mapped=2 mapmax=2 N1=2 kernelpagesize_kB=4
7f76b24a1000 bind:1 file=/usr/lib/x86_64-linux-gnu/libnuma.so.1.0.0 anon=1 dirty=1 N1=1 kernelpagesize_kB=4
7f76b24a2000 bind:1 file=/usr/lib/x86_64-linux-gnu/libnuma.so.1.0.0 anon=1 dirty=1 N1=1 kernelpagesize_kB=4
7f76b24a3000 bind:1 anon=2 dirty=2 N1=2 kernelpagesize_kB=4
7f76b24aa000 bind:1 file=/dev/zero\040(deleted) dirty=1 active=0 N1=1 kernelpagesize_kB=4
7f76b24ab000 bind:1 file=/dev/zero\040(deleted) dirty=1 active=0 N1=1 kernelpagesize_kB=4
7f76b24ac000 bind:1 file=/dev/zero\040(deleted) dirty=1 active=0 N1=1 kernelpagesize_kB=4
7f76b24ad000 bind:1 file=/dev/zero\040(deleted) dirty=1 active=0 N1=1 kernelpagesize_kB=4
7f76b24ae000 bind:1 file=/dev/zero\040(deleted) dirty=1 active=0 N1=1 kernelpagesize_kB=4
7f76b24db000 bind:1 file=/dev/zero\040(deleted) dirty=1 active=0 N1=1 kernelpagesize_kB=4
7f76b24dc000 bind:1 file=/usr/lib/x86_64-linux-gnu/ld-2.31.so anon=1 dirty=1 N1=1 kernelpagesize_kB=4
7f76b24dd000 bind:1 file=/usr/lib/x86_64-linux-gnu/ld-2.31.so anon=1 dirty=1 N1=1 kernelpagesize_kB=4
7f76b24de000 bind:1 anon=1 dirty=1 N1=1 kernelpagesize_kB=4
7ffe88007000 bind:1 stack anon=3 dirty=3 N1=3 kernelpagesize_kB=4
Fio Node 0 pages
56214daa2000 bind:1 file=/usr/local/bin/fio mapped=24 N0=24 kernelpagesize_kB=4
56214daba000 bind:1 file=/usr/local/bin/fio mapped=131 N0=131 kernelpagesize_kB=4
56214db3f000 bind:1 file=/usr/local/bin/fio mapped=32 active=30 N0=32 kernelpagesize_kB=4
56214db68000 bind:1 file=/usr/local/bin/fio anon=114 dirty=114 mapped=116 N0=2 N1=114 kernelpagesize_kB=4
7f7fc68ae000 bind:1 file=/usr/lib/x86_64-linux-gnu/libc-2.31.so mapped=35 mapmax=25 N0=35 kernelpagesize_kB=4
7f7fc68d3000 bind:1 file=/usr/lib/x86_64-linux-gnu/libc-2.31.so mapped=285 mapmax=25 N0=285 kernelpagesize_kB=4
7f7fc6a4b000 bind:1 file=/usr/lib/x86_64-linux-gnu/libc-2.31.so mapped=37 mapmax=25 N0=37 kernelpagesize_kB=4
7f7fc6aa5000 bind:1 file=/usr/lib/x86_64-linux-gnu/libdl-2.31.so mapped=1 mapmax=20 N0=1 kernelpagesize_kB=4
7f7fc6aa6000 bind:1 file=/usr/lib/x86_64-linux-gnu/libdl-2.31.so mapped=2 mapmax=20 N0=2 kernelpagesize_kB=4
7f7fc6aad000 bind:1 file=/usr/lib/x86_64-linux-gnu/libmvec-2.31.so mapped=2 N0=2 kernelpagesize_kB=4
7f7fc6aaf000 bind:1 file=/usr/lib/x86_64-linux-gnu/libmvec-2.31.so mapped=12 N0=12 kernelpagesize_kB=4
7f7fc6ad9000 bind:1 file=/usr/lib/x86_64-linux-gnu/libm-2.31.so mapped=15 mapmax=12 N0=15 kernelpagesize_kB=4
7f7fc6ae8000 bind:1 file=/usr/lib/x86_64-linux-gnu/libm-2.31.so mapped=72 mapmax=12 N0=72 kernelpagesize_kB=4
7f7fc6c28000 bind:1 file=/usr/lib/x86_64-linux-gnu/libpthread-2.31.so mapped=7 mapmax=22 N0=7 kernelpagesize_kB=4
7f7fc6c2f000 bind:1 file=/usr/lib/x86_64-linux-gnu/libpthread-2.31.so mapped=17 mapmax=22 N0=17 kernelpagesize_kB=4
7f7fc6c67000 bind:1 file=/usr/lib/x86_64-linux-gnu/librt-2.31.so mapped=3 mapmax=17 N0=3 kernelpagesize_kB=4
7f7fc6c6a000 bind:1 file=/usr/lib/x86_64-linux-gnu/librt-2.31.so mapped=4 mapmax=17 N0=4 kernelpagesize_kB=4
7f7fc6c8b000 bind:1 file=/usr/lib/x86_64-linux-gnu/ld-2.31.so mapped=1 mapmax=25 N0=1 kernelpagesize_kB=4
7f7fc6c8c000 bind:1 file=/usr/lib/x86_64-linux-gnu/ld-2.31.so mapped=35 mapmax=25 N0=35 kernelpagesize_kB=4
7f7fc6caf000 bind:1 file=/usr/lib/x86_64-linux-gnu/ld-2.31.so mapped=8 mapmax=25 N0=8 kernelpagesize_kB=4
Fio Node 1 pages
56214db66000 bind:1 file=/usr/local/bin/fio anon=2 dirty=2 N1=2 kernelpagesize_kB=4
56214db68000 bind:1 file=/usr/local/bin/fio anon=114 dirty=114 mapped=116 N0=2 N1=114 kernelpagesize_kB=4
56214dc44000 bind:1 anon=71 dirty=71 N1=71 kernelpagesize_kB=4
56214ed38000 bind:1 heap anon=6 dirty=6 N1=6 kernelpagesize_kB=4
7f7fbe114000 bind:1 file=/dev/zero\040(deleted) dirty=1 active=0 N1=1 kernelpagesize_kB=4
7f7fbe115000 bind:1 file=/dev/zero\040(deleted) dirty=1 active=0 N1=1 kernelpagesize_kB=4
7f7fbe116000 bind:1 file=/SYSV00000000\040(deleted) dirty=550 active=0 N1=550 kernelpagesize_kB=4
7f7fbe33c000 bind:1 file=/usr/lib/locale/locale-archive mapped=16 mapmax=6 N1=16 kernelpagesize_kB=4
7f7fbe622000 bind:1 anon=1 dirty=1 N1=1 kernelpagesize_kB=4
7f7fbe823000 bind:1 file=/dev/zero\040(deleted) dirty=1 active=0 N1=1 kernelpagesize_kB=4
7f7fbe824000 bind:1 file=/dev/zero\040(deleted) dirty=17 active=0 N1=17 kernelpagesize_kB=4
7f7fbf835000 bind:1 file=/dev/zero\040(deleted) dirty=17 active=0 N1=17 kernelpagesize_kB=4
7f7fc0846000 bind:1 file=/dev/zero\040(deleted) dirty=17 active=0 N1=17 kernelpagesize_kB=4
7f7fc1857000 bind:1 file=/dev/zero\040(deleted) dirty=17 active=0 N1=17 kernelpagesize_kB=4
7f7fc2868000 bind:1 file=/dev/zero\040(deleted) dirty=17 active=0 N1=17 kernelpagesize_kB=4
7f7fc3879000 bind:1 file=/dev/zero\040(deleted) dirty=17 active=0 N1=17 kernelpagesize_kB=4
7f7fc488a000 bind:1 file=/dev/zero\040(deleted) dirty=17 active=0 N1=17 kernelpagesize_kB=4
7f7fc589b000 bind:1 file=/dev/zero\040(deleted) dirty=54 active=0 N1=54 kernelpagesize_kB=4
7f7fc68ac000 bind:1 anon=2 dirty=2 N1=2 kernelpagesize_kB=4
7f7fc6a96000 bind:1 file=/usr/lib/x86_64-linux-gnu/libc-2.31.so anon=3 dirty=3 N1=3 kernelpagesize_kB=4
7f7fc6a99000 bind:1 file=/usr/lib/x86_64-linux-gnu/libc-2.31.so anon=3 dirty=3 N1=3 kernelpagesize_kB=4
7f7fc6a9c000 bind:1 anon=4 dirty=4 N1=4 kernelpagesize_kB=4
7f7fc6aa0000 bind:1 file=/usr/lib/x86_64-linux-gnu/libaio.so.1.0.1 mapped=1 mapmax=2 N1=1 kernelpagesize_kB=4
7f7fc6aa1000 bind:1 file=/usr/lib/x86_64-linux-gnu/libaio.so.1.0.1 mapped=1 mapmax=2 N1=1 kernelpagesize_kB=4
7f7fc6aa3000 bind:1 file=/usr/lib/x86_64-linux-gnu/libaio.so.1.0.1 anon=1 dirty=1 N1=1 kernelpagesize_kB=4
7f7fc6aa4000 bind:1 file=/usr/lib/x86_64-linux-gnu/libaio.so.1.0.1 anon=1 dirty=1 N1=1 kernelpagesize_kB=4
7f7fc6aa9000 bind:1 file=/usr/lib/x86_64-linux-gnu/libdl-2.31.so anon=1 dirty=1 N1=1 kernelpagesize_kB=4
7f7fc6aaa000 bind:1 file=/usr/lib/x86_64-linux-gnu/libdl-2.31.so anon=1 dirty=1 N1=1 kernelpagesize_kB=4
7f7fc6aab000 bind:1 anon=2 dirty=2 N1=2 kernelpagesize_kB=4
7f7fc6ad7000 bind:1 file=/usr/lib/x86_64-linux-gnu/libmvec-2.31.so anon=1 dirty=1 N1=1 kernelpagesize_kB=4
7f7fc6ad8000 bind:1 file=/usr/lib/x86_64-linux-gnu/libmvec-2.31.so anon=1 dirty=1 N1=1 kernelpagesize_kB=4
7f7fc6c26000 bind:1 file=/usr/lib/x86_64-linux-gnu/libm-2.31.so anon=1 dirty=1 N1=1 kernelpagesize_kB=4
7f7fc6c27000 bind:1 file=/usr/lib/x86_64-linux-gnu/libm-2.31.so anon=1 dirty=1 N1=1 kernelpagesize_kB=4
7f7fc6c45000 bind:1 file=/usr/lib/x86_64-linux-gnu/libpthread-2.31.so anon=1 dirty=1 N1=1 kernelpagesize_kB=4
7f7fc6c46000 bind:1 file=/usr/lib/x86_64-linux-gnu/libpthread-2.31.so anon=1 dirty=1 N1=1 kernelpagesize_kB=4
7f7fc6c47000 bind:1 anon=1 dirty=1 N1=1 kernelpagesize_kB=4
7f7fc6c4b000 bind:1 file=/usr/lib/x86_64-linux-gnu/libz.so.1.2.11 mapped=2 mapmax=8 N1=2 kernelpagesize_kB=4
7f7fc6c4d000 bind:1 file=/usr/lib/x86_64-linux-gnu/libz.so.1.2.11 mapped=15 mapmax=8 N1=15 kernelpagesize_kB=4
7f7fc6c65000 bind:1 file=/usr/lib/x86_64-linux-gnu/libz.so.1.2.11 anon=1 dirty=1 N1=1 kernelpagesize_kB=4
7f7fc6c66000 bind:1 file=/usr/lib/x86_64-linux-gnu/libz.so.1.2.11 anon=1 dirty=1 N1=1 kernelpagesize_kB=4
7f7fc6c70000 bind:1 file=/usr/lib/x86_64-linux-gnu/librt-2.31.so anon=1 dirty=1 N1=1 kernelpagesize_kB=4
7f7fc6c71000 bind:1 file=/usr/lib/x86_64-linux-gnu/librt-2.31.so anon=1 dirty=1 N1=1 kernelpagesize_kB=4
7f7fc6c72000 bind:1 file=/usr/lib/x86_64-linux-gnu/libnuma.so.1.0.0 mapped=3 mapmax=2 N1=3 kernelpagesize_kB=4
7f7fc6c75000 bind:1 file=/usr/lib/x86_64-linux-gnu/libnuma.so.1.0.0 mapped=5 mapmax=2 N1=5 kernelpagesize_kB=4
7f7fc6c7a000 bind:1 file=/usr/lib/x86_64-linux-gnu/libnuma.so.1.0.0 mapped=2 mapmax=2 N1=2 kernelpagesize_kB=4
7f7fc6c7d000 bind:1 file=/usr/lib/x86_64-linux-gnu/libnuma.so.1.0.0 anon=1 dirty=1 N1=1 kernelpagesize_kB=4
7f7fc6c7e000 bind:1 file=/usr/lib/x86_64-linux-gnu/libnuma.so.1.0.0 anon=1 dirty=1 N1=1 kernelpagesize_kB=4
7f7fc6c7f000 bind:1 anon=2 dirty=2 N1=2 kernelpagesize_kB=4
7f7fc6c81000 bind:1 file=/dev/zero\040(deleted) dirty=1 active=0 N1=1 kernelpagesize_kB=4
7f7fc6c82000 bind:1 file=/dev/zero\040(deleted) dirty=1 active=0 N1=1 kernelpagesize_kB=4
7f7fc6c83000 bind:1 file=/dev/zero\040(deleted) dirty=1 active=0 N1=1 kernelpagesize_kB=4
7f7fc6c84000 bind:1 file=/dev/zero\040(deleted) dirty=1 active=0 N1=1 kernelpagesize_kB=4
7f7fc6c85000 bind:1 file=/dev/zero\040(deleted) dirty=1 active=0 N1=1 kernelpagesize_kB=4
7f7fc6c86000 bind:1 file=/dev/zero\040(deleted) dirty=1 active=0 N1=1 kernelpagesize_kB=4
7f7fc6c87000 bind:1 file=/dev/zero\040(deleted) dirty=1 active=0 N1=1 kernelpagesize_kB=4
7f7fc6c88000 bind:1 file=/dev/zero\040(deleted) dirty=1 active=0 N1=1 kernelpagesize_kB=4
7f7fc6c89000 bind:1 file=/dev/zero\040(deleted) dirty=1 active=0 N1=1 kernelpagesize_kB=4
7f7fc6c8a000 bind:1 file=/dev/zero\040(deleted) dirty=1 active=0 N1=1 kernelpagesize_kB=4
7f7fc6cb7000 bind:1 file=/dev/zero\040(deleted) dirty=1 active=0 N1=1 kernelpagesize_kB=4
7f7fc6cb8000 bind:1 file=/usr/lib/x86_64-linux-gnu/ld-2.31.so anon=1 dirty=1 N1=1 kernelpagesize_kB=4
7f7fc6cb9000 bind:1 file=/usr/lib/x86_64-linux-gnu/ld-2.31.so anon=1 dirty=1 N1=1 kernelpagesize_kB=4
7f7fc6cba000 bind:1 anon=1 dirty=1 N1=1 kernelpagesize_kB=4
7ffef9f17000 bind:1 stack anon=15 dirty=15 N1=15 kernelpagesize_kB=4

Node 1 MemTotal:       24686196 kB
Node 1 MemFree:        24283080 kB
Node 1 MemUsed:          403116 kB
Node 1 Active:            37876 kB
Node 1 Inactive:          54808 kB
Node 1 Active(anon):      19628 kB
Node 1 Inactive(anon):      512 kB
Node 1 Active(file):      18248 kB
Node 1 Inactive(file):    54296 kB
Node 1 Unevictable:         944 kB
Node 1 Mlocked:             944 kB
Node 1 Dirty:                12 kB
Node 1 Writeback:             0 kB
Node 1 FilePages:         74260 kB
Node 1 Mapped:             8792 kB
Node 1 AnonPages:         19368 kB
Node 1 Shmem:               772 kB
Node 1 KernelStack:        2440 kB
Node 1 PageTables:          492 kB
Node 1 NFS_Unstable:          0 kB
Node 1 Bounce:                0 kB
Node 1 WritebackTmp:          0 kB
Node 1 KReclaimable:      19476 kB
Node 1 Slab:              56380 kB
Node 1 SReclaimable:      19476 kB
Node 1 SUnreclaim:        36904 kB
Node 1 AnonHugePages:         0 kB
Node 1 ShmemHugePages:        0 kB
Node 1 ShmemPmdMapped:        0 kB
Node 1 FileHugePages:        0 kB
Node 1 FilePmdMapped:        0 kB
Node 1 HugePages_Total:     0
Node 1 HugePages_Free:      0
Node 1 HugePages_Surp:      0

After Opposite Node
Node 0 MemTotal:       24743736 kB
Node 0 MemFree:        22610340 kB
Node 0 MemUsed:         2133396 kB
Node 0 Active:            64732 kB
Node 0 Inactive:          48744 kB
Node 0 Active(anon):      13192 kB
Node 0 Inactive(anon):      344 kB
Node 0 Active(file):      51540 kB
Node 0 Inactive(file):    48400 kB
Node 0 Unevictable:       17580 kB
Node 0 Mlocked:           17580 kB
Node 0 Dirty:               184 kB
Node 0 Writeback:             0 kB
Node 0 FilePages:        107684 kB
Node 0 Mapped:            51352 kB
Node 0 AnonPages:         23368 kB
Node 0 Shmem:               496 kB
Node 0 KernelStack:        2216 kB
Node 0 PageTables:          628 kB
Node 0 NFS_Unstable:          0 kB
Node 0 Bounce:                0 kB
Node 0 WritebackTmp:          0 kB
Node 0 KReclaimable:      24640 kB
Node 0 Slab:              72524 kB
Node 0 SReclaimable:      24640 kB
Node 0 SUnreclaim:        47884 kB
Node 0 AnonHugePages:         0 kB
Node 0 ShmemHugePages:        0 kB
Node 0 ShmemPmdMapped:        0 kB
Node 0 FileHugePages:        0 kB
Node 0 FilePmdMapped:        0 kB
Node 0 HugePages_Total:     0
Node 0 HugePages_Free:      0
Node 0 HugePages_Surp:      0

Node 1 MemTotal:       24686196 kB
Node 1 MemFree:        24281480 kB
Node 1 MemUsed:          404716 kB
Node 1 Active:            38088 kB
Node 1 Inactive:          54840 kB
Node 1 Active(anon):      19812 kB
Node 1 Inactive(anon):      540 kB
Node 1 Active(file):      18276 kB
Node 1 Inactive(file):    54300 kB
Node 1 Unevictable:         944 kB
Node 1 Mlocked:             944 kB
Node 1 Dirty:                52 kB
Node 1 Writeback:             0 kB
Node 1 FilePages:         74336 kB
Node 1 Mapped:             8836 kB
Node 1 AnonPages:         19500 kB
Node 1 Shmem:               816 kB
Node 1 KernelStack:        2472 kB
Node 1 PageTables:          668 kB
Node 1 NFS_Unstable:          0 kB
Node 1 Bounce:                0 kB
Node 1 WritebackTmp:          0 kB
Node 1 KReclaimable:      19556 kB
Node 1 Slab:              57028 kB
Node 1 SReclaimable:      19556 kB
Node 1 SUnreclaim:        37472 kB
Node 1 AnonHugePages:         0 kB
Node 1 ShmemHugePages:        0 kB
Node 1 ShmemPmdMapped:        0 kB
Node 1 FileHugePages:        0 kB
Node 1 FilePmdMapped:        0 kB
Node 1 HugePages_Total:     0
Node 1 HugePages_Free:      0
Node 1 HugePages_Surp:      0

U.0.fio.2-1G.1.O Complete!
