Fio Node 0 pages
562b30b1b000 bind:0 file=/usr/bin/dash anon=2 dirty=2 mapmax=2 N0=2 kernelpagesize_kB=4
562b30b1d000 bind:0 file=/usr/bin/dash anon=1 dirty=1 N0=1 kernelpagesize_kB=4
562b30b1e000 bind:0 anon=1 dirty=1 N0=1 kernelpagesize_kB=4
562b32079000 bind:0 heap anon=2 dirty=2 mapmax=2 N0=2 kernelpagesize_kB=4
7fba5ddcb000 bind:0 file=/usr/lib/x86_64-linux-gnu/libc-2.31.so mapped=144 mapmax=26 N0=144 kernelpagesize_kB=4
7fba5df43000 bind:0 file=/usr/lib/x86_64-linux-gnu/libc-2.31.so mapped=29 mapmax=25 N0=29 kernelpagesize_kB=4
7fba5df8e000 bind:0 file=/usr/lib/x86_64-linux-gnu/libc-2.31.so anon=3 dirty=3 mapmax=2 N0=3 kernelpagesize_kB=4
7fba5df91000 bind:0 file=/usr/lib/x86_64-linux-gnu/libc-2.31.so anon=3 dirty=3 mapmax=2 N0=3 kernelpagesize_kB=4
7fba5df94000 bind:0 anon=6 dirty=6 mapmax=2 N0=6 kernelpagesize_kB=4
7fba5dfd1000 bind:0 file=/usr/lib/x86_64-linux-gnu/ld-2.31.so anon=1 dirty=1 mapmax=2 N0=1 kernelpagesize_kB=4
7fba5dfd2000 bind:0 file=/usr/lib/x86_64-linux-gnu/ld-2.31.so anon=1 dirty=1 N0=1 kernelpagesize_kB=4
7fba5dfd3000 bind:0 anon=1 dirty=1 mapmax=2 N0=1 kernelpagesize_kB=4
7ffce7774000 bind:0 stack anon=2 dirty=2 N0=2 kernelpagesize_kB=4
Fio Node 1 pages
562b30b02000 bind:0 file=/usr/bin/dash mapped=19 mapmax=3 N1=19 kernelpagesize_kB=4
562b30b15000 bind:0 file=/usr/bin/dash mapped=6 mapmax=3 N1=6 kernelpagesize_kB=4
Fio Node 0 pages
55dfc02b4000 bind:0 file=/usr/local/bin/fio mapped=16 active=1 N0=16 kernelpagesize_kB=4
55dfc0378000 bind:0 file=/usr/local/bin/fio anon=2 dirty=2 mapped=17 active=2 N0=17 kernelpagesize_kB=4
7f3ecabe3000 bind:0 file=/usr/lib/x86_64-linux-gnu/libaio.so.1.0.1 anon=2 dirty=2 N0=2 kernelpagesize_kB=4
7f3ecabe5000 bind:0 file=/usr/lib/x86_64-linux-gnu/libdl-2.31.so mapped=1 mapmax=20 N0=1 kernelpagesize_kB=4
7f3ecabe9000 bind:0 file=/usr/lib/x86_64-linux-gnu/libdl-2.31.so anon=2 dirty=2 N0=2 kernelpagesize_kB=4
7f3ecabeb000 bind:0 anon=1 dirty=1 N0=1 kernelpagesize_kB=4
7f3ecabed000 bind:0 file=/usr/lib/x86_64-linux-gnu/libmvec-2.31.so mapped=2 active=1 N0=2 kernelpagesize_kB=4
7f3ecac17000 bind:0 file=/usr/lib/x86_64-linux-gnu/libmvec-2.31.so anon=2 dirty=2 N0=2 kernelpagesize_kB=4
7f3ecac19000 bind:0 file=/usr/lib/x86_64-linux-gnu/libm-2.31.so mapped=15 mapmax=12 N0=15 kernelpagesize_kB=4
7f3ecad66000 bind:0 file=/usr/lib/x86_64-linux-gnu/libm-2.31.so anon=2 dirty=2 N0=2 kernelpagesize_kB=4
7f3ecad68000 bind:0 file=/usr/lib/x86_64-linux-gnu/libpthread-2.31.so mapped=7 mapmax=22 N0=7 kernelpagesize_kB=4
7f3ecad85000 bind:0 file=/usr/lib/x86_64-linux-gnu/libpthread-2.31.so anon=2 dirty=2 N0=2 kernelpagesize_kB=4
7f3ecada5000 bind:0 file=/usr/lib/x86_64-linux-gnu/libz.so.1.2.11 anon=2 dirty=2 N0=2 kernelpagesize_kB=4
7f3ecada7000 bind:0 file=/usr/lib/x86_64-linux-gnu/librt-2.31.so mapped=3 mapmax=17 N0=3 kernelpagesize_kB=4
7f3ecadb0000 bind:0 file=/usr/lib/x86_64-linux-gnu/librt-2.31.so anon=2 dirty=2 N0=2 kernelpagesize_kB=4
7f3ecadbd000 bind:0 file=/usr/lib/x86_64-linux-gnu/libnuma.so.1.0.0 anon=2 dirty=2 N0=2 kernelpagesize_kB=4
7f3ecadbf000 bind:0 anon=2 dirty=2 N0=2 kernelpagesize_kB=4
7f3ecadc1000 bind:0 file=/etc/ld.so.cache mapped=10 N0=10 kernelpagesize_kB=4
7f3ecadcb000 bind:0 file=/usr/lib/x86_64-linux-gnu/ld-2.31.so mapped=1 mapmax=25 N0=1 kernelpagesize_kB=4
7f3ecadcc000 bind:0 file=/usr/lib/x86_64-linux-gnu/ld-2.31.so mapped=35 mapmax=25 N0=35 kernelpagesize_kB=4
7f3ecadef000 bind:0 file=/usr/lib/x86_64-linux-gnu/ld-2.31.so mapped=8 mapmax=25 N0=8 kernelpagesize_kB=4
7f3ecadf8000 bind:0 file=/usr/lib/x86_64-linux-gnu/ld-2.31.so anon=2 dirty=2 N0=2 kernelpagesize_kB=4
7f3ecadfa000 bind:0 anon=1 dirty=1 N0=1 kernelpagesize_kB=4
7ffcbdd74000 bind:0 stack anon=3 dirty=3 N0=3 kernelpagesize_kB=4
Fio Node 1 pages
7f3ecabe0000 bind:0 file=/usr/lib/x86_64-linux-gnu/libaio.so.1.0.1 mapped=1 mapmax=2 N1=1 kernelpagesize_kB=4
7f3ecabe1000 bind:0 file=/usr/lib/x86_64-linux-gnu/libaio.so.1.0.1 mapped=1 mapmax=2 N1=1 kernelpagesize_kB=4
7f3ecad8b000 bind:0 file=/usr/lib/x86_64-linux-gnu/libz.so.1.2.11 mapped=2 mapmax=8 N1=2 kernelpagesize_kB=4
7f3ecad8d000 bind:0 file=/usr/lib/x86_64-linux-gnu/libz.so.1.2.11 mapped=15 mapmax=8 N1=15 kernelpagesize_kB=4
7f3ecadb2000 bind:0 file=/usr/lib/x86_64-linux-gnu/libnuma.so.1.0.0 mapped=3 mapmax=2 N1=3 kernelpagesize_kB=4
7f3ecadb5000 bind:0 file=/usr/lib/x86_64-linux-gnu/libnuma.so.1.0.0 mapped=5 mapmax=2 N1=5 kernelpagesize_kB=4
7f3ecadba000 bind:0 file=/usr/lib/x86_64-linux-gnu/libnuma.so.1.0.0 mapped=2 mapmax=2 N1=2 kernelpagesize_kB=4
U.0.fio.8G.1.O
Begin
Node 0 MemTotal:       24743736 kB
Node 0 MemFree:        24455376 kB
Node 0 MemUsed:          288360 kB
Node 0 Active:            59224 kB
Node 0 Inactive:          83108 kB
Node 0 Active(anon):      16616 kB
Node 0 Inactive(anon):      380 kB
Node 0 Active(file):      42608 kB
Node 0 Inactive(file):    82728 kB
Node 0 Unevictable:        4708 kB
Node 0 Mlocked:            4708 kB
Node 0 Dirty:               300 kB
Node 0 Writeback:             0 kB
Node 0 FilePages:        130652 kB
Node 0 Mapped:            48604 kB
Node 0 AnonPages:         16476 kB
Node 0 Shmem:               588 kB
Node 0 KernelStack:        2152 kB
Node 0 PageTables:          528 kB
Node 0 NFS_Unstable:          0 kB
Node 0 Bounce:                0 kB
Node 0 WritebackTmp:          0 kB
Node 0 KReclaimable:      20424 kB
Node 0 Slab:              53660 kB
Node 0 SReclaimable:      20424 kB
Node 0 SUnreclaim:        33236 kB
Node 0 AnonHugePages:         0 kB
Node 0 ShmemHugePages:        0 kB
Node 0 ShmemPmdMapped:        0 kB
Node 0 FileHugePages:        0 kB
Node 0 FilePmdMapped:        0 kB
Node 0 HugePages_Total:     0
Node 0 HugePages_Free:      0
Node 0 HugePages_Surp:      0

Node 1 MemTotal:       24686196 kB
Node 1 MemFree:        24346204 kB
Node 1 MemUsed:          339992 kB
Node 1 Active:            35696 kB
Node 1 Inactive:          26148 kB
Node 1 Active(anon):      17144 kB
Node 1 Inactive(anon):      496 kB
Node 1 Active(file):      18552 kB
Node 1 Inactive(file):    25652 kB
Node 1 Unevictable:       13816 kB
Node 1 Mlocked:           13816 kB
Node 1 Dirty:                24 kB
Node 1 Writeback:             0 kB
Node 1 FilePages:         48428 kB
Node 1 Mapped:            13320 kB
Node 1 AnonPages:         27352 kB
Node 1 Shmem:               680 kB
Node 1 KernelStack:        1464 kB
Node 1 PageTables:          592 kB
Node 1 NFS_Unstable:          0 kB
Node 1 Bounce:                0 kB
Node 1 WritebackTmp:          0 kB
Node 1 KReclaimable:      21156 kB
Node 1 Slab:              50944 kB
Node 1 SReclaimable:      21156 kB
Node 1 SUnreclaim:        29788 kB
Node 1 AnonHugePages:         0 kB
Node 1 ShmemHugePages:        0 kB
Node 1 ShmemPmdMapped:        0 kB
Node 1 FileHugePages:        0 kB
Node 1 FilePmdMapped:        0 kB
Node 1 HugePages_Total:     0
Node 1 HugePages_Free:      0
Node 1 HugePages_Surp:      0

Load ZFS
Node 0 MemTotal:       24743736 kB
Node 0 MemFree:        24450200 kB
Node 0 MemUsed:          293536 kB
Node 0 Active:            62448 kB
Node 0 Inactive:          83576 kB
Node 0 Active(anon):      19184 kB
Node 0 Inactive(anon):      380 kB
Node 0 Active(file):      43264 kB
Node 0 Inactive(file):    83196 kB
Node 0 Unevictable:        4708 kB
Node 0 Mlocked:            4708 kB
Node 0 Dirty:               324 kB
Node 0 Writeback:             0 kB
Node 0 FilePages:        131752 kB
Node 0 Mapped:            48764 kB
Node 0 AnonPages:         19124 kB
Node 0 Shmem:               588 kB
Node 0 KernelStack:        2200 kB
Node 0 PageTables:          600 kB
Node 0 NFS_Unstable:          0 kB
Node 0 Bounce:                0 kB
Node 0 WritebackTmp:          0 kB
Node 0 KReclaimable:      20912 kB
Node 0 Slab:              55500 kB
Node 0 SReclaimable:      20912 kB
Node 0 SUnreclaim:        34588 kB
Node 0 AnonHugePages:         0 kB
Node 0 ShmemHugePages:        0 kB
Node 0 ShmemPmdMapped:        0 kB
Node 0 FileHugePages:        0 kB
Node 0 FilePmdMapped:        0 kB
Node 0 HugePages_Total:     0
Node 0 HugePages_Free:      0
Node 0 HugePages_Surp:      0

Node 1 MemTotal:       24686196 kB
Node 1 MemFree:        24340992 kB
Node 1 MemUsed:          345204 kB
Node 1 Active:            43332 kB
Node 1 Inactive:          21724 kB
Node 1 Active(anon):      18744 kB
Node 1 Inactive(anon):      496 kB
Node 1 Active(file):      24588 kB
Node 1 Inactive(file):    21228 kB
Node 1 Unevictable:       13816 kB
Node 1 Mlocked:           13816 kB
Node 1 Dirty:                28 kB
Node 1 Writeback:             0 kB
Node 1 FilePages:         49984 kB
Node 1 Mapped:            13320 kB
Node 1 AnonPages:         28976 kB
Node 1 Shmem:               680 kB
Node 1 KernelStack:        1480 kB
Node 1 PageTables:          768 kB
Node 1 NFS_Unstable:          0 kB
Node 1 Bounce:                0 kB
Node 1 WritebackTmp:          0 kB
Node 1 KReclaimable:      21596 kB
Node 1 Slab:              52900 kB
Node 1 SReclaimable:      21596 kB
Node 1 SUnreclaim:        31304 kB
Node 1 AnonHugePages:         0 kB
Node 1 ShmemHugePages:        0 kB
Node 1 ShmemPmdMapped:        0 kB
Node 1 FileHugePages:        0 kB
Node 1 FilePmdMapped:        0 kB
Node 1 HugePages_Total:     0
Node 1 HugePages_Free:      0
Node 1 HugePages_Surp:      0

Import tank ZPool
Node 0 MemTotal:       24743736 kB
Node 0 MemFree:        24436780 kB
Node 0 MemUsed:          306956 kB
Node 0 Active:            58956 kB
Node 0 Inactive:          83580 kB
Node 0 Active(anon):      15668 kB
Node 0 Inactive(anon):      380 kB
Node 0 Active(file):      43288 kB
Node 0 Inactive(file):    83200 kB
Node 0 Unevictable:        4708 kB
Node 0 Mlocked:            4708 kB
Node 0 Dirty:               356 kB
Node 0 Writeback:             0 kB
Node 0 FilePages:        131792 kB
Node 0 Mapped:            48884 kB
Node 0 AnonPages:         15344 kB
Node 0 Shmem:               584 kB
Node 0 KernelStack:        3288 kB
Node 0 PageTables:          456 kB
Node 0 NFS_Unstable:          0 kB
Node 0 Bounce:                0 kB
Node 0 WritebackTmp:          0 kB
Node 0 KReclaimable:      20912 kB
Node 0 Slab:              58256 kB
Node 0 SReclaimable:      20912 kB
Node 0 SUnreclaim:        37344 kB
Node 0 AnonHugePages:         0 kB
Node 0 ShmemHugePages:        0 kB
Node 0 ShmemPmdMapped:        0 kB
Node 0 FileHugePages:        0 kB
Node 0 FilePmdMapped:        0 kB
Node 0 HugePages_Total:     0
Node 0 HugePages_Free:      0
Node 0 HugePages_Surp:      0

Node 1 MemTotal:       24686196 kB
Node 1 MemFree:        24334868 kB
Node 1 MemUsed:          351328 kB
Node 1 Active:            43320 kB
Node 1 Inactive:          22852 kB
Node 1 Active(anon):      18120 kB
Node 1 Inactive(anon):      500 kB
Node 1 Active(file):      25200 kB
Node 1 Inactive(file):    22352 kB
Node 1 Unevictable:       13816 kB
Node 1 Mlocked:           13816 kB
Node 1 Dirty:                44 kB
Node 1 Writeback:             0 kB
Node 1 FilePages:         51436 kB
Node 1 Mapped:            13536 kB
Node 1 AnonPages:         28080 kB
Node 1 Shmem:               684 kB
Node 1 KernelStack:        1432 kB
Node 1 PageTables:          760 kB
Node 1 NFS_Unstable:          0 kB
Node 1 Bounce:                0 kB
Node 1 WritebackTmp:          0 kB
Node 1 KReclaimable:      21696 kB
Node 1 Slab:              57404 kB
Node 1 SReclaimable:      21696 kB
Node 1 SUnreclaim:        35708 kB
Node 1 AnonHugePages:         0 kB
Node 1 ShmemHugePages:        0 kB
Node 1 ShmemPmdMapped:        0 kB
Node 1 FileHugePages:        0 kB
Node 1 FilePmdMapped:        0 kB
Node 1 HugePages_Total:     0
Node 1 HugePages_Free:      0
Node 1 HugePages_Surp:      0

After Test
Node 0 MemTotal:       24743736 kB
Node 0 MemFree:        15459900 kB
Node 0 MemUsed:         9283836 kB
Node 0 Active:            59676 kB
Node 0 Inactive:          84844 kB
Node 0 Active(anon):      15596 kB
Node 0 Inactive(anon):      408 kB
Node 0 Active(file):      44080 kB
Node 0 Inactive(file):    84436 kB
Node 0 Unevictable:        4708 kB
Node 0 Mlocked:            4708 kB
Node 0 Dirty:                60 kB
Node 0 Writeback:             0 kB
Node 0 FilePages:        133848 kB
Node 0 Mapped:            48876 kB
Node 0 AnonPages:         15344 kB
Node 0 Shmem:               628 kB
Node 0 KernelStack:        3256 kB
Node 0 PageTables:          636 kB
Node 0 NFS_Unstable:          0 kB
Node 0 Bounce:                0 kB
Node 0 WritebackTmp:          0 kB
Node 0 KReclaimable:      22240 kB
Node 0 Slab:              92428 kB
Node 0 SReclaimable:      22240 kB
Node 0 SUnreclaim:        70188 kB
Node 0 AnonHugePages:         0 kB
Node 0 ShmemHugePages:        0 kB
Node 0 ShmemPmdMapped:        0 kB
Node 0 FileHugePages:        0 kB
Node 0 FilePmdMapped:        0 kB
Node 0 HugePages_Total:     0
Node 0 HugePages_Free:      0
Node 0 HugePages_Surp:      0
Fio Node 0 pages
563df11b5000 bind:1 file=/usr/local/bin/fio mapped=16 N0=16 kernelpagesize_kB=4
563df1279000 bind:1 file=/usr/local/bin/fio anon=2 dirty=2 mapped=17 active=4 N0=15 N1=2 kernelpagesize_kB=4
7fd4769aa000 bind:1 file=/usr/lib/x86_64-linux-gnu/libc-2.31.so mapped=37 mapmax=25 N0=37 kernelpagesize_kB=4
7fd4769cf000 bind:1 file=/usr/lib/x86_64-linux-gnu/libc-2.31.so mapped=48 mapmax=25 N0=48 kernelpagesize_kB=4
7fd476ba1000 bind:1 file=/usr/lib/x86_64-linux-gnu/libdl-2.31.so mapped=1 mapmax=20 N0=1 kernelpagesize_kB=4
7fd476ba9000 bind:1 file=/usr/lib/x86_64-linux-gnu/libmvec-2.31.so mapped=2 N0=2 kernelpagesize_kB=4
7fd476bd5000 bind:1 file=/usr/lib/x86_64-linux-gnu/libm-2.31.so mapped=15 mapmax=12 N0=15 kernelpagesize_kB=4
7fd476d24000 bind:1 file=/usr/lib/x86_64-linux-gnu/libpthread-2.31.so mapped=7 mapmax=22 N0=7 kernelpagesize_kB=4
7fd476d63000 bind:1 file=/usr/lib/x86_64-linux-gnu/librt-2.31.so mapped=3 mapmax=17 N0=3 kernelpagesize_kB=4
7fd476d7d000 bind:1 file=/etc/ld.so.cache mapped=10 N0=10 kernelpagesize_kB=4
7fd476d87000 bind:1 file=/usr/lib/x86_64-linux-gnu/ld-2.31.so mapped=1 mapmax=25 N0=1 kernelpagesize_kB=4
7fd476d88000 bind:1 file=/usr/lib/x86_64-linux-gnu/ld-2.31.so mapped=35 mapmax=25 N0=35 kernelpagesize_kB=4
7fd476dab000 bind:1 file=/usr/lib/x86_64-linux-gnu/ld-2.31.so mapped=8 mapmax=25 N0=8 kernelpagesize_kB=4
Fio Node 1 pages
563df1279000 bind:1 file=/usr/local/bin/fio anon=2 dirty=2 N1=2 kernelpagesize_kB=4
563df127b000 bind:1 file=/usr/local/bin/fio anon=112 dirty=112 mapped=116 active=114 N0=4 N1=112 kernelpagesize_kB=4
563df1357000 bind:1 anon=2 dirty=2 N1=2 kernelpagesize_kB=4
563df1f3a000 bind:1 heap anon=4 dirty=4 N1=4 kernelpagesize_kB=4
7fd4769a8000 bind:1 anon=2 dirty=2 N1=2 kernelpagesize_kB=4
7fd476b92000 bind:1 file=/usr/lib/x86_64-linux-gnu/libc-2.31.so anon=3 dirty=3 N1=3 kernelpagesize_kB=4
7fd476b95000 bind:1 file=/usr/lib/x86_64-linux-gnu/libc-2.31.so anon=3 dirty=3 N1=3 kernelpagesize_kB=4
7fd476b98000 bind:1 anon=4 dirty=4 N1=4 kernelpagesize_kB=4
7fd476b9c000 bind:1 file=/usr/lib/x86_64-linux-gnu/libaio.so.1.0.1 mapped=1 mapmax=2 N1=1 kernelpagesize_kB=4
7fd476b9d000 bind:1 file=/usr/lib/x86_64-linux-gnu/libaio.so.1.0.1 mapped=1 mapmax=2 N1=1 kernelpagesize_kB=4
7fd476b9f000 bind:1 file=/usr/lib/x86_64-linux-gnu/libaio.so.1.0.1 anon=1 dirty=1 N1=1 kernelpagesize_kB=4
7fd476ba0000 bind:1 file=/usr/lib/x86_64-linux-gnu/libaio.so.1.0.1 anon=1 dirty=1 N1=1 kernelpagesize_kB=4
7fd476ba5000 bind:1 file=/usr/lib/x86_64-linux-gnu/libdl-2.31.so anon=1 dirty=1 N1=1 kernelpagesize_kB=4
7fd476ba6000 bind:1 file=/usr/lib/x86_64-linux-gnu/libdl-2.31.so anon=1 dirty=1 N1=1 kernelpagesize_kB=4
7fd476ba7000 bind:1 anon=2 dirty=2 N1=2 kernelpagesize_kB=4
7fd476bd3000 bind:1 file=/usr/lib/x86_64-linux-gnu/libmvec-2.31.so anon=1 dirty=1 N1=1 kernelpagesize_kB=4
7fd476bd4000 bind:1 file=/usr/lib/x86_64-linux-gnu/libmvec-2.31.so anon=1 dirty=1 N1=1 kernelpagesize_kB=4
7fd476d22000 bind:1 file=/usr/lib/x86_64-linux-gnu/libm-2.31.so anon=1 dirty=1 N1=1 kernelpagesize_kB=4
7fd476d23000 bind:1 file=/usr/lib/x86_64-linux-gnu/libm-2.31.so anon=1 dirty=1 N1=1 kernelpagesize_kB=4
7fd476d41000 bind:1 file=/usr/lib/x86_64-linux-gnu/libpthread-2.31.so anon=1 dirty=1 N1=1 kernelpagesize_kB=4
7fd476d42000 bind:1 file=/usr/lib/x86_64-linux-gnu/libpthread-2.31.so anon=1 dirty=1 N1=1 kernelpagesize_kB=4
7fd476d43000 bind:1 anon=1 dirty=1 N1=1 kernelpagesize_kB=4
7fd476d47000 bind:1 file=/usr/lib/x86_64-linux-gnu/libz.so.1.2.11 mapped=2 mapmax=8 N1=2 kernelpagesize_kB=4
7fd476d49000 bind:1 file=/usr/lib/x86_64-linux-gnu/libz.so.1.2.11 mapped=15 mapmax=8 N1=15 kernelpagesize_kB=4
7fd476d61000 bind:1 file=/usr/lib/x86_64-linux-gnu/libz.so.1.2.11 anon=1 dirty=1 N1=1 kernelpagesize_kB=4
7fd476d62000 bind:1 file=/usr/lib/x86_64-linux-gnu/libz.so.1.2.11 anon=1 dirty=1 N1=1 kernelpagesize_kB=4
7fd476d6c000 bind:1 file=/usr/lib/x86_64-linux-gnu/librt-2.31.so anon=1 dirty=1 N1=1 kernelpagesize_kB=4
7fd476d6d000 bind:1 file=/usr/lib/x86_64-linux-gnu/librt-2.31.so anon=1 dirty=1 N1=1 kernelpagesize_kB=4
7fd476d6e000 bind:1 file=/usr/lib/x86_64-linux-gnu/libnuma.so.1.0.0 mapped=3 mapmax=2 N1=3 kernelpagesize_kB=4
7fd476d71000 bind:1 file=/usr/lib/x86_64-linux-gnu/libnuma.so.1.0.0 mapped=5 mapmax=2 N1=5 kernelpagesize_kB=4
7fd476d76000 bind:1 file=/usr/lib/x86_64-linux-gnu/libnuma.so.1.0.0 mapped=2 mapmax=2 N1=2 kernelpagesize_kB=4
7fd476d79000 bind:1 file=/usr/lib/x86_64-linux-gnu/libnuma.so.1.0.0 anon=1 dirty=1 N1=1 kernelpagesize_kB=4
7fd476d7a000 bind:1 file=/usr/lib/x86_64-linux-gnu/libnuma.so.1.0.0 anon=1 dirty=1 N1=1 kernelpagesize_kB=4
7fd476d7b000 bind:1 anon=2 dirty=2 N1=2 kernelpagesize_kB=4
7fd476d86000 bind:1 file=/dev/zero\040(deleted) dirty=1 active=0 N1=1 kernelpagesize_kB=4
7fd476db3000 bind:1 file=/dev/zero\040(deleted) dirty=1 active=0 N1=1 kernelpagesize_kB=4
7fd476db4000 bind:1 file=/usr/lib/x86_64-linux-gnu/ld-2.31.so anon=1 dirty=1 N1=1 kernelpagesize_kB=4
7fd476db5000 bind:1 file=/usr/lib/x86_64-linux-gnu/ld-2.31.so anon=1 dirty=1 N1=1 kernelpagesize_kB=4
7fd476db6000 bind:1 anon=1 dirty=1 N1=1 kernelpagesize_kB=4
7ffebf690000 bind:1 stack anon=3 dirty=3 N1=3 kernelpagesize_kB=4
Fio Node 0 pages
555cf4944000 bind:1 file=/usr/local/bin/fio mapped=16 N0=16 kernelpagesize_kB=4
555cf4a08000 bind:1 file=/usr/local/bin/fio anon=2 dirty=2 mapped=17 active=4 N0=15 N1=2 kernelpagesize_kB=4
7f74cc9a0000 bind:1 file=/usr/lib/x86_64-linux-gnu/libc-2.31.so mapped=37 mapmax=25 N0=37 kernelpagesize_kB=4
7f74cc9c5000 bind:1 file=/usr/lib/x86_64-linux-gnu/libc-2.31.so mapped=48 mapmax=25 N0=48 kernelpagesize_kB=4
7f74ccb97000 bind:1 file=/usr/lib/x86_64-linux-gnu/libdl-2.31.so mapped=1 mapmax=20 N0=1 kernelpagesize_kB=4
7f74ccb9f000 bind:1 file=/usr/lib/x86_64-linux-gnu/libmvec-2.31.so mapped=2 N0=2 kernelpagesize_kB=4
7f74ccbcb000 bind:1 file=/usr/lib/x86_64-linux-gnu/libm-2.31.so mapped=15 mapmax=12 N0=15 kernelpagesize_kB=4
7f74ccd1a000 bind:1 file=/usr/lib/x86_64-linux-gnu/libpthread-2.31.so mapped=7 mapmax=22 N0=7 kernelpagesize_kB=4
7f74ccd59000 bind:1 file=/usr/lib/x86_64-linux-gnu/librt-2.31.so mapped=3 mapmax=17 N0=3 kernelpagesize_kB=4
7f74ccd73000 bind:1 file=/etc/ld.so.cache mapped=10 N0=10 kernelpagesize_kB=4
7f74ccd7d000 bind:1 file=/usr/lib/x86_64-linux-gnu/ld-2.31.so mapped=1 mapmax=25 N0=1 kernelpagesize_kB=4
7f74ccd7e000 bind:1 file=/usr/lib/x86_64-linux-gnu/ld-2.31.so mapped=35 mapmax=25 N0=35 kernelpagesize_kB=4
7f74ccda1000 bind:1 file=/usr/lib/x86_64-linux-gnu/ld-2.31.so mapped=8 mapmax=25 N0=8 kernelpagesize_kB=4
Fio Node 1 pages
555cf4a08000 bind:1 file=/usr/local/bin/fio anon=2 dirty=2 N1=2 kernelpagesize_kB=4
555cf4a0a000 bind:1 file=/usr/local/bin/fio anon=111 dirty=111 mapped=115 active=113 N0=4 N1=111 kernelpagesize_kB=4
555cf4ae6000 bind:1 anon=2 dirty=2 N1=2 kernelpagesize_kB=4
555cf5689000 bind:1 heap anon=4 dirty=4 N1=4 kernelpagesize_kB=4
7f74cc99e000 bind:1 anon=2 dirty=2 N1=2 kernelpagesize_kB=4
7f74ccb88000 bind:1 file=/usr/lib/x86_64-linux-gnu/libc-2.31.so anon=3 dirty=3 N1=3 kernelpagesize_kB=4
7f74ccb8b000 bind:1 file=/usr/lib/x86_64-linux-gnu/libc-2.31.so anon=3 dirty=3 N1=3 kernelpagesize_kB=4
7f74ccb8e000 bind:1 anon=4 dirty=4 N1=4 kernelpagesize_kB=4
7f74ccb92000 bind:1 file=/usr/lib/x86_64-linux-gnu/libaio.so.1.0.1 mapped=1 mapmax=2 N1=1 kernelpagesize_kB=4
7f74ccb93000 bind:1 file=/usr/lib/x86_64-linux-gnu/libaio.so.1.0.1 mapped=1 mapmax=2 N1=1 kernelpagesize_kB=4
7f74ccb95000 bind:1 file=/usr/lib/x86_64-linux-gnu/libaio.so.1.0.1 anon=1 dirty=1 N1=1 kernelpagesize_kB=4
7f74ccb96000 bind:1 file=/usr/lib/x86_64-linux-gnu/libaio.so.1.0.1 anon=1 dirty=1 N1=1 kernelpagesize_kB=4
7f74ccb9b000 bind:1 file=/usr/lib/x86_64-linux-gnu/libdl-2.31.so anon=1 dirty=1 N1=1 kernelpagesize_kB=4
7f74ccb9c000 bind:1 file=/usr/lib/x86_64-linux-gnu/libdl-2.31.so anon=1 dirty=1 N1=1 kernelpagesize_kB=4
7f74ccb9d000 bind:1 anon=2 dirty=2 N1=2 kernelpagesize_kB=4
7f74ccbc9000 bind:1 file=/usr/lib/x86_64-linux-gnu/libmvec-2.31.so anon=1 dirty=1 N1=1 kernelpagesize_kB=4
7f74ccbca000 bind:1 file=/usr/lib/x86_64-linux-gnu/libmvec-2.31.so anon=1 dirty=1 N1=1 kernelpagesize_kB=4
7f74ccd18000 bind:1 file=/usr/lib/x86_64-linux-gnu/libm-2.31.so anon=1 dirty=1 N1=1 kernelpagesize_kB=4
7f74ccd19000 bind:1 file=/usr/lib/x86_64-linux-gnu/libm-2.31.so anon=1 dirty=1 N1=1 kernelpagesize_kB=4
7f74ccd37000 bind:1 file=/usr/lib/x86_64-linux-gnu/libpthread-2.31.so anon=1 dirty=1 N1=1 kernelpagesize_kB=4
7f74ccd38000 bind:1 file=/usr/lib/x86_64-linux-gnu/libpthread-2.31.so anon=1 dirty=1 N1=1 kernelpagesize_kB=4
7f74ccd39000 bind:1 anon=1 dirty=1 N1=1 kernelpagesize_kB=4
7f74ccd3d000 bind:1 file=/usr/lib/x86_64-linux-gnu/libz.so.1.2.11 mapped=2 mapmax=8 N1=2 kernelpagesize_kB=4
7f74ccd3f000 bind:1 file=/usr/lib/x86_64-linux-gnu/libz.so.1.2.11 mapped=15 mapmax=8 N1=15 kernelpagesize_kB=4
7f74ccd57000 bind:1 file=/usr/lib/x86_64-linux-gnu/libz.so.1.2.11 anon=1 dirty=1 N1=1 kernelpagesize_kB=4
7f74ccd58000 bind:1 file=/usr/lib/x86_64-linux-gnu/libz.so.1.2.11 anon=1 dirty=1 N1=1 kernelpagesize_kB=4
7f74ccd62000 bind:1 file=/usr/lib/x86_64-linux-gnu/librt-2.31.so anon=1 dirty=1 N1=1 kernelpagesize_kB=4
7f74ccd63000 bind:1 file=/usr/lib/x86_64-linux-gnu/librt-2.31.so anon=1 dirty=1 N1=1 kernelpagesize_kB=4
7f74ccd64000 bind:1 file=/usr/lib/x86_64-linux-gnu/libnuma.so.1.0.0 mapped=3 mapmax=2 N1=3 kernelpagesize_kB=4
7f74ccd67000 bind:1 file=/usr/lib/x86_64-linux-gnu/libnuma.so.1.0.0 mapped=5 mapmax=2 N1=5 kernelpagesize_kB=4
7f74ccd6c000 bind:1 file=/usr/lib/x86_64-linux-gnu/libnuma.so.1.0.0 mapped=2 mapmax=2 N1=2 kernelpagesize_kB=4
7f74ccd6f000 bind:1 file=/usr/lib/x86_64-linux-gnu/libnuma.so.1.0.0 anon=1 dirty=1 N1=1 kernelpagesize_kB=4
7f74ccd70000 bind:1 file=/usr/lib/x86_64-linux-gnu/libnuma.so.1.0.0 anon=1 dirty=1 N1=1 kernelpagesize_kB=4
7f74ccd71000 bind:1 anon=2 dirty=2 N1=2 kernelpagesize_kB=4
7f74ccd7c000 bind:1 file=/dev/zero\040(deleted) dirty=1 active=0 N1=1 kernelpagesize_kB=4
7f74ccda9000 bind:1 file=/dev/zero\040(deleted) dirty=1 active=0 N1=1 kernelpagesize_kB=4
7f74ccdaa000 bind:1 file=/usr/lib/x86_64-linux-gnu/ld-2.31.so anon=1 dirty=1 N1=1 kernelpagesize_kB=4
7f74ccdab000 bind:1 file=/usr/lib/x86_64-linux-gnu/ld-2.31.so anon=1 dirty=1 N1=1 kernelpagesize_kB=4
7f74ccdac000 bind:1 anon=1 dirty=1 N1=1 kernelpagesize_kB=4
7ffd4222a000 bind:1 stack anon=3 dirty=3 N1=3 kernelpagesize_kB=4

Node 1 MemTotal:       24686196 kB
Node 1 MemFree:        24065292 kB
Node 1 MemUsed:          620904 kB
Node 1 Active:            42712 kB
Node 1 Inactive:          22592 kB
Node 1 Active(anon):      17404 kB
Node 1 Inactive(anon):      500 kB
Node 1 Active(file):      25308 kB
Node 1 Inactive(file):    22092 kB
Node 1 Unevictable:       13816 kB
Node 1 Mlocked:           13816 kB
Node 1 Dirty:                 4 kB
Node 1 Writeback:             0 kB
Node 1 FilePages:         51572 kB
Node 1 Mapped:            13320 kB
Node 1 AnonPages:         27552 kB
Node 1 Shmem:               684 kB
Node 1 KernelStack:        1384 kB
Node 1 PageTables:          624 kB
Node 1 NFS_Unstable:          0 kB
Node 1 Bounce:                0 kB
Node 1 WritebackTmp:          0 kB
Node 1 KReclaimable:      21792 kB
Node 1 Slab:              58828 kB
Node 1 SReclaimable:      21792 kB
Node 1 SUnreclaim:        37036 kB
Node 1 AnonHugePages:         0 kB
Node 1 ShmemHugePages:        0 kB
Node 1 ShmemPmdMapped:        0 kB
Node 1 FileHugePages:        0 kB
Node 1 FilePmdMapped:        0 kB
Node 1 HugePages_Total:     0
Node 1 HugePages_Free:      0
Node 1 HugePages_Surp:      0

After Opposite Node
Node 0 MemTotal:       24743736 kB
Node 0 MemFree:        15465872 kB
Node 0 MemUsed:         9277864 kB
Node 0 Active:            59916 kB
Node 0 Inactive:          84596 kB
Node 0 Active(anon):      15600 kB
Node 0 Inactive(anon):      380 kB
Node 0 Active(file):      44316 kB
Node 0 Inactive(file):    84216 kB
Node 0 Unevictable:        4708 kB
Node 0 Mlocked:            4708 kB
Node 0 Dirty:                48 kB
Node 0 Writeback:             0 kB
Node 0 FilePages:        133820 kB
Node 0 Mapped:            48832 kB
Node 0 AnonPages:         15396 kB
Node 0 Shmem:               584 kB
Node 0 KernelStack:        3208 kB
Node 0 PageTables:          456 kB
Node 0 NFS_Unstable:          0 kB
Node 0 Bounce:                0 kB
Node 0 WritebackTmp:          0 kB
Node 0 KReclaimable:      22260 kB
Node 0 Slab:              91924 kB
Node 0 SReclaimable:      22260 kB
Node 0 SUnreclaim:        69664 kB
Node 0 AnonHugePages:         0 kB
Node 0 ShmemHugePages:        0 kB
Node 0 ShmemPmdMapped:        0 kB
Node 0 FileHugePages:        0 kB
Node 0 FilePmdMapped:        0 kB
Node 0 HugePages_Total:     0
Node 0 HugePages_Free:      0
Node 0 HugePages_Surp:      0

Node 1 MemTotal:       24686196 kB
Node 1 MemFree:        24062132 kB
Node 1 MemUsed:          624064 kB
Node 1 Active:            42796 kB
Node 1 Inactive:          22652 kB
Node 1 Active(anon):      17452 kB
Node 1 Inactive(anon):      544 kB
Node 1 Active(file):      25344 kB
Node 1 Inactive(file):    22108 kB
Node 1 Unevictable:       13816 kB
Node 1 Mlocked:           13816 kB
Node 1 Dirty:                28 kB
Node 1 Writeback:             0 kB
Node 1 FilePages:         51672 kB
Node 1 Mapped:            13364 kB
Node 1 AnonPages:         27504 kB
Node 1 Shmem:               728 kB
Node 1 KernelStack:        1432 kB
Node 1 PageTables:          804 kB
Node 1 NFS_Unstable:          0 kB
Node 1 Bounce:                0 kB
Node 1 WritebackTmp:          0 kB
Node 1 KReclaimable:      21840 kB
Node 1 Slab:              60548 kB
Node 1 SReclaimable:      21840 kB
Node 1 SUnreclaim:        38708 kB
Node 1 AnonHugePages:         0 kB
Node 1 ShmemHugePages:        0 kB
Node 1 ShmemPmdMapped:        0 kB
Node 1 FileHugePages:        0 kB
Node 1 FilePmdMapped:        0 kB
Node 1 HugePages_Total:     0
Node 1 HugePages_Free:      0
Node 1 HugePages_Surp:      0

U.0.fio.8G.1.O Complete!
