kernel.numa_balancing = 0
U.0.fio.16G.2.O
Begin
Node 0 MemTotal:       24743736 kB
Node 0 MemFree:        24394092 kB
Node 0 MemUsed:          349644 kB
Node 0 Active:            33100 kB
Node 0 Inactive:          27672 kB
Node 0 Active(anon):      12852 kB
Node 0 Inactive(anon):      380 kB
Node 0 Active(file):      20248 kB
Node 0 Inactive(file):    27292 kB
Node 0 Unevictable:       18084 kB
Node 0 Mlocked:           18084 kB
Node 0 Dirty:                36 kB
Node 0 Writeback:             0 kB
Node 0 FilePages:         56288 kB
Node 0 Mapped:            18848 kB
Node 0 AnonPages:         23016 kB
Node 0 Shmem:               556 kB
Node 0 KernelStack:        2152 kB
Node 0 PageTables:          500 kB
Node 0 NFS_Unstable:          0 kB
Node 0 Bounce:                0 kB
Node 0 WritebackTmp:          0 kB
Node 0 KReclaimable:      16668 kB
Node 0 Slab:              51748 kB
Node 0 SReclaimable:      16668 kB
Node 0 SUnreclaim:        35080 kB
Node 0 AnonHugePages:         0 kB
Node 0 ShmemHugePages:        0 kB
Node 0 ShmemPmdMapped:        0 kB
Node 0 FileHugePages:        0 kB
Node 0 FilePmdMapped:        0 kB
Node 0 HugePages_Total:     0
Node 0 HugePages_Free:      0
Node 0 HugePages_Surp:      0

Node 1 MemTotal:       24686196 kB
Node 1 MemFree:        24416708 kB
Node 1 MemUsed:          269488 kB
Node 1 Active:            61524 kB
Node 1 Inactive:          72036 kB
Node 1 Active(anon):      20476 kB
Node 1 Inactive(anon):      500 kB
Node 1 Active(file):      41048 kB
Node 1 Inactive(file):    71536 kB
Node 1 Unevictable:         436 kB
Node 1 Mlocked:             436 kB
Node 1 Dirty:               388 kB
Node 1 Writeback:             0 kB
Node 1 FilePages:        113736 kB
Node 1 Mapped:            34452 kB
Node 1 AnonPages:         20264 kB
Node 1 Shmem:               712 kB
Node 1 KernelStack:        1448 kB
Node 1 PageTables:          544 kB
Node 1 NFS_Unstable:          0 kB
Node 1 Bounce:                0 kB
Node 1 WritebackTmp:          0 kB
Node 1 KReclaimable:      24308 kB
Node 1 Slab:              52404 kB
Node 1 SReclaimable:      24308 kB
Node 1 SUnreclaim:        28096 kB
Node 1 AnonHugePages:         0 kB
Node 1 ShmemHugePages:        0 kB
Node 1 ShmemPmdMapped:        0 kB
Node 1 FileHugePages:        0 kB
Node 1 FilePmdMapped:        0 kB
Node 1 HugePages_Total:     0
Node 1 HugePages_Free:      0
Node 1 HugePages_Surp:      0

Load ZFS
Node 0 MemTotal:       24743736 kB
Node 0 MemFree:        24389764 kB
Node 0 MemUsed:          353972 kB
Node 0 Active:            40884 kB
Node 0 Inactive:          23624 kB
Node 0 Active(anon):      15016 kB
Node 0 Inactive(anon):      380 kB
Node 0 Active(file):      25868 kB
Node 0 Inactive(file):    23244 kB
Node 0 Unevictable:       18084 kB
Node 0 Mlocked:           18084 kB
Node 0 Dirty:                36 kB
Node 0 Writeback:             0 kB
Node 0 FilePages:         57424 kB
Node 0 Mapped:            19012 kB
Node 0 AnonPages:         24648 kB
Node 0 Shmem:               556 kB
Node 0 KernelStack:        2232 kB
Node 0 PageTables:          728 kB
Node 0 NFS_Unstable:          0 kB
Node 0 Bounce:                0 kB
Node 0 WritebackTmp:          0 kB
Node 0 KReclaimable:      17224 kB
Node 0 Slab:              53936 kB
Node 0 SReclaimable:      17224 kB
Node 0 SUnreclaim:        36712 kB
Node 0 AnonHugePages:         0 kB
Node 0 ShmemHugePages:        0 kB
Node 0 ShmemPmdMapped:        0 kB
Node 0 FileHugePages:        0 kB
Node 0 FilePmdMapped:        0 kB
Node 0 HugePages_Total:     0
Node 0 HugePages_Free:      0
Node 0 HugePages_Surp:      0

Node 1 MemTotal:       24686196 kB
Node 1 MemFree:        24413084 kB
Node 1 MemUsed:          273112 kB
Node 1 Active:            62908 kB
Node 1 Inactive:          71896 kB
Node 1 Active(anon):      20444 kB
Node 1 Inactive(anon):      500 kB
Node 1 Active(file):      42464 kB
Node 1 Inactive(file):    71396 kB
Node 1 Unevictable:         436 kB
Node 1 Mlocked:             436 kB
Node 1 Dirty:               516 kB
Node 1 Writeback:             0 kB
Node 1 FilePages:        115008 kB
Node 1 Mapped:            34436 kB
Node 1 AnonPages:         20232 kB
Node 1 Shmem:               712 kB
Node 1 KernelStack:        1432 kB
Node 1 PageTables:          524 kB
Node 1 NFS_Unstable:          0 kB
Node 1 Bounce:                0 kB
Node 1 WritebackTmp:          0 kB
Node 1 KReclaimable:      24832 kB
Node 1 Slab:              54728 kB
Node 1 SReclaimable:      24832 kB
Node 1 SUnreclaim:        29896 kB
Node 1 AnonHugePages:         0 kB
Node 1 ShmemHugePages:        0 kB
Node 1 ShmemPmdMapped:        0 kB
Node 1 FileHugePages:        0 kB
Node 1 FilePmdMapped:        0 kB
Node 1 HugePages_Total:     0
Node 1 HugePages_Free:      0
Node 1 HugePages_Surp:      0

Import tank ZPool
Node 0 MemTotal:       24743736 kB
Node 0 MemFree:        24384960 kB
Node 0 MemUsed:          358776 kB
Node 0 Active:            41024 kB
Node 0 Inactive:          24768 kB
Node 0 Active(anon):      14780 kB
Node 0 Inactive(anon):      384 kB
Node 0 Active(file):      26244 kB
Node 0 Inactive(file):    24384 kB
Node 0 Unevictable:       18084 kB
Node 0 Mlocked:           18084 kB
Node 0 Dirty:                68 kB
Node 0 Writeback:             0 kB
Node 0 FilePages:         58940 kB
Node 0 Mapped:            18988 kB
Node 0 AnonPages:         25008 kB
Node 0 Shmem:               556 kB
Node 0 KernelStack:        2264 kB
Node 0 PageTables:          748 kB
Node 0 NFS_Unstable:          0 kB
Node 0 Bounce:                0 kB
Node 0 WritebackTmp:          0 kB
Node 0 KReclaimable:      17324 kB
Node 0 Slab:              58604 kB
Node 0 SReclaimable:      17324 kB
Node 0 SUnreclaim:        41280 kB
Node 0 AnonHugePages:         0 kB
Node 0 ShmemHugePages:        0 kB
Node 0 ShmemPmdMapped:        0 kB
Node 0 FileHugePages:        0 kB
Node 0 FilePmdMapped:        0 kB
Node 0 HugePages_Total:     0
Node 0 HugePages_Free:      0
Node 0 HugePages_Surp:      0

Node 1 MemTotal:       24686196 kB
Node 1 MemFree:        24398672 kB
Node 1 MemUsed:          287524 kB
Node 1 Active:            63680 kB
Node 1 Inactive:          71952 kB
Node 1 Active(anon):      21008 kB
Node 1 Inactive(anon):      500 kB
Node 1 Active(file):      42672 kB
Node 1 Inactive(file):    71452 kB
Node 1 Unevictable:         436 kB
Node 1 Mlocked:             436 kB
Node 1 Dirty:               308 kB
Node 1 Writeback:             0 kB
Node 1 FilePages:        115272 kB
Node 1 Mapped:            34524 kB
Node 1 AnonPages:         20148 kB
Node 1 Shmem:               712 kB
Node 1 KernelStack:        2552 kB
Node 1 PageTables:          588 kB
Node 1 NFS_Unstable:          0 kB
Node 1 Bounce:                0 kB
Node 1 WritebackTmp:          0 kB
Node 1 KReclaimable:      24900 kB
Node 1 Slab:              57676 kB
Node 1 SReclaimable:      24900 kB
Node 1 SUnreclaim:        32776 kB
Node 1 AnonHugePages:         0 kB
Node 1 ShmemHugePages:        0 kB
Node 1 ShmemPmdMapped:        0 kB
Node 1 FileHugePages:        0 kB
Node 1 FilePmdMapped:        0 kB
Node 1 HugePages_Total:     0
Node 1 HugePages_Free:      0
Node 1 HugePages_Surp:      0

After Test
Node 0 MemTotal:       24743736 kB
Node 0 MemFree:         7651144 kB
Node 0 MemUsed:        17092592 kB
Node 0 Active:            40136 kB
Node 0 Inactive:          25676 kB
Node 0 Active(anon):      12796 kB
Node 0 Inactive(anon):      420 kB
Node 0 Active(file):      27340 kB
Node 0 Inactive(file):    25256 kB
Node 0 Unevictable:       18084 kB
Node 0 Mlocked:           18084 kB
Node 0 Dirty:                24 kB
Node 0 Writeback:             0 kB
Node 0 FilePages:         60952 kB
Node 0 Mapped:            19140 kB
Node 0 AnonPages:         22900 kB
Node 0 Shmem:               600 kB
Node 0 KernelStack:        2088 kB
Node 0 PageTables:          712 kB
Node 0 NFS_Unstable:          0 kB
Node 0 Bounce:                0 kB
Node 0 WritebackTmp:          0 kB
Node 0 KReclaimable:      18688 kB
Node 0 Slab:             117072 kB
Node 0 SReclaimable:      18688 kB
Node 0 SUnreclaim:        98384 kB
Node 0 AnonHugePages:         0 kB
Node 0 ShmemHugePages:        0 kB
Node 0 ShmemPmdMapped:        0 kB
Node 0 FileHugePages:        0 kB
Node 0 FilePmdMapped:        0 kB
Node 0 HugePages_Total:     0
Node 0 HugePages_Free:      0
Node 0 HugePages_Surp:      0

Node 1 MemTotal:       24686196 kB
Node 1 MemFree:        23471272 kB
Node 1 MemUsed:         1214924 kB
Node 1 Active:            63100 kB
Node 1 Inactive:          71940 kB
Node 1 Active(anon):      20208 kB
Node 1 Inactive(anon):      500 kB
Node 1 Active(file):      42892 kB
Node 1 Inactive(file):    71440 kB
Node 1 Unevictable:         436 kB
Node 1 Mlocked:             436 kB
Node 1 Dirty:                 8 kB
Node 1 Writeback:             0 kB
Node 1 FilePages:        115504 kB
Node 1 Mapped:            34436 kB
Node 1 AnonPages:         19996 kB
Node 1 Shmem:               712 kB
Node 1 KernelStack:        2392 kB
Node 1 PageTables:          524 kB
Node 1 NFS_Unstable:          0 kB
Node 1 Bounce:                0 kB
Node 1 WritebackTmp:          0 kB
Node 1 KReclaimable:      24944 kB
Node 1 Slab:              61380 kB
Node 1 SReclaimable:      24944 kB
Node 1 SUnreclaim:        36436 kB
Node 1 AnonHugePages:         0 kB
Node 1 ShmemHugePages:        0 kB
Node 1 ShmemPmdMapped:        0 kB
Node 1 FileHugePages:        0 kB
Node 1 FilePmdMapped:        0 kB
Node 1 HugePages_Total:     0
Node 1 HugePages_Free:      0
Node 1 HugePages_Surp:      0

After Opposite Node
Node 0 MemTotal:       24743736 kB
Node 0 MemFree:         7605192 kB
Node 0 MemUsed:        17138544 kB
Node 0 Active:            42544 kB
Node 0 Inactive:          61340 kB
Node 0 Active(anon):      12380 kB
Node 0 Inactive(anon):      384 kB
Node 0 Active(file):      30164 kB
Node 0 Inactive(file):    60956 kB
Node 0 Unevictable:       18084 kB
Node 0 Mlocked:           18084 kB
Node 0 Dirty:               116 kB
Node 0 Writeback:             0 kB
Node 0 FilePages:         99432 kB
Node 0 Mapped:            19088 kB
Node 0 AnonPages:         22532 kB
Node 0 Shmem:               556 kB
Node 0 KernelStack:        2072 kB
Node 0 PageTables:          540 kB
Node 0 NFS_Unstable:          0 kB
Node 0 Bounce:                0 kB
Node 0 WritebackTmp:          0 kB
Node 0 KReclaimable:      19240 kB
Node 0 Slab:             116700 kB
Node 0 SReclaimable:      19240 kB
Node 0 SUnreclaim:        97460 kB
Node 0 AnonHugePages:         0 kB
Node 0 ShmemHugePages:        0 kB
Node 0 ShmemPmdMapped:        0 kB
Node 0 FileHugePages:        0 kB
Node 0 FilePmdMapped:        0 kB
Node 0 HugePages_Total:     0
Node 0 HugePages_Free:      0
Node 0 HugePages_Surp:      0

Node 1 MemTotal:       24686196 kB
Node 1 MemFree:        23469544 kB
Node 1 MemUsed:         1216652 kB
Node 1 Active:            66288 kB
Node 1 Inactive:          71976 kB
Node 1 Active(anon):      20660 kB
Node 1 Inactive(anon):      536 kB
Node 1 Active(file):      45628 kB
Node 1 Inactive(file):    71440 kB
Node 1 Unevictable:         436 kB
Node 1 Mlocked:             436 kB
Node 1 Dirty:               304 kB
Node 1 Writeback:             0 kB
Node 1 FilePages:        118268 kB
Node 1 Mapped:            34480 kB
Node 1 AnonPages:         20300 kB
Node 1 Shmem:               756 kB
Node 1 KernelStack:        2424 kB
Node 1 PageTables:          648 kB
Node 1 NFS_Unstable:          0 kB
Node 1 Bounce:                0 kB
Node 1 WritebackTmp:          0 kB
Node 1 KReclaimable:      25184 kB
Node 1 Slab:              63444 kB
Node 1 SReclaimable:      25184 kB
Node 1 SUnreclaim:        38260 kB
Node 1 AnonHugePages:         0 kB
Node 1 ShmemHugePages:        0 kB
Node 1 ShmemPmdMapped:        0 kB
Node 1 FileHugePages:        0 kB
Node 1 FilePmdMapped:        0 kB
Node 1 HugePages_Total:     0
Node 1 HugePages_Free:      0
Node 1 HugePages_Surp:      0

U.0.fio.16G.2.O Complete!
