kernel.numa_balancing = 0
75 Tests Remaining!
U.0.fio.4G.1.O
Begin
Node 0 MemTotal:       24768352 kB
Node 0 MemFree:        24528676 kB
Node 0 MemUsed:          239676 kB
Node 0 Active:            24104 kB
Node 0 Inactive:          66612 kB
Node 0 Active(anon):       9052 kB
Node 0 Inactive(anon):      356 kB
Node 0 Active(file):      15052 kB
Node 0 Inactive(file):    66256 kB
Node 0 Unevictable:       13048 kB
Node 0 Mlocked:           13048 kB
Node 0 Dirty:               164 kB
Node 0 Writeback:             0 kB
Node 0 FilePages:         84556 kB
Node 0 Mapped:            29284 kB
Node 0 AnonPages:         19228 kB
Node 0 Shmem:               524 kB
Node 0 KernelStack:        2280 kB
Node 0 PageTables:          532 kB
Node 0 NFS_Unstable:          0 kB
Node 0 Bounce:                0 kB
Node 0 WritebackTmp:          0 kB
Node 0 KReclaimable:      24536 kB
Node 0 Slab:              51704 kB
Node 0 SReclaimable:      24536 kB
Node 0 SUnreclaim:        27168 kB
Node 0 AnonHugePages:         0 kB
Node 0 ShmemHugePages:        0 kB
Node 0 ShmemPmdMapped:        0 kB
Node 0 FileHugePages:        0 kB
Node 0 FilePmdMapped:        0 kB
Node 0 HugePages_Total:     0
Node 0 HugePages_Free:      0
Node 0 HugePages_Surp:      0

Node 1 MemTotal:       24661580 kB
Node 1 MemFree:        24267336 kB
Node 1 MemUsed:          394244 kB
Node 1 Active:            73500 kB
Node 1 Inactive:          42540 kB
Node 1 Active(anon):      25208 kB
Node 1 Inactive(anon):      508 kB
Node 1 Active(file):      48292 kB
Node 1 Inactive(file):    42032 kB
Node 1 Unevictable:        5472 kB
Node 1 Mlocked:            5472 kB
Node 1 Dirty:                68 kB
Node 1 Writeback:             0 kB
Node 1 FilePages:         96536 kB
Node 1 Mapped:            28412 kB
Node 1 AnonPages:         24932 kB
Node 1 Shmem:               744 kB
Node 1 KernelStack:        1512 kB
Node 1 PageTables:          756 kB
Node 1 NFS_Unstable:          0 kB
Node 1 Bounce:                0 kB
Node 1 WritebackTmp:          0 kB
Node 1 KReclaimable:      17976 kB
Node 1 Slab:              55256 kB
Node 1 SReclaimable:      17976 kB
Node 1 SUnreclaim:        37280 kB
Node 1 AnonHugePages:         0 kB
Node 1 ShmemHugePages:        0 kB
Node 1 ShmemPmdMapped:        0 kB
Node 1 FileHugePages:        0 kB
Node 1 FilePmdMapped:        0 kB
Node 1 HugePages_Total:     0
Node 1 HugePages_Free:      0
Node 1 HugePages_Surp:      0

Load ZFS
Node 0 MemTotal:       24768352 kB
Node 0 MemFree:        24524420 kB
Node 0 MemUsed:          243932 kB
Node 0 Active:            26576 kB
Node 0 Inactive:          67068 kB
Node 0 Active(anon):      11196 kB
Node 0 Inactive(anon):      356 kB
Node 0 Active(file):      15380 kB
Node 0 Inactive(file):    66712 kB
Node 0 Unevictable:       13048 kB
Node 0 Mlocked:           13048 kB
Node 0 Dirty:               200 kB
Node 0 Writeback:             0 kB
Node 0 FilePages:         85348 kB
Node 0 Mapped:            29284 kB
Node 0 AnonPages:         21392 kB
Node 0 Shmem:               524 kB
Node 0 KernelStack:        2280 kB
Node 0 PageTables:          612 kB
Node 0 NFS_Unstable:          0 kB
Node 0 Bounce:                0 kB
Node 0 WritebackTmp:          0 kB
Node 0 KReclaimable:      24992 kB
Node 0 Slab:              53632 kB
Node 0 SReclaimable:      24992 kB
Node 0 SUnreclaim:        28640 kB
Node 0 AnonHugePages:         0 kB
Node 0 ShmemHugePages:        0 kB
Node 0 ShmemPmdMapped:        0 kB
Node 0 FileHugePages:        0 kB
Node 0 FilePmdMapped:        0 kB
Node 0 HugePages_Total:     0
Node 0 HugePages_Free:      0
Node 0 HugePages_Surp:      0

Node 1 MemTotal:       24661580 kB
Node 1 MemFree:        24261208 kB
Node 1 MemUsed:          400372 kB
Node 1 Active:            81400 kB
Node 1 Inactive:          38116 kB
Node 1 Active(anon):      26948 kB
Node 1 Inactive(anon):      508 kB
Node 1 Active(file):      54452 kB
Node 1 Inactive(file):    37608 kB
Node 1 Unevictable:        5472 kB
Node 1 Mlocked:            5472 kB
Node 1 Dirty:                80 kB
Node 1 Writeback:             0 kB
Node 1 FilePages:         98272 kB
Node 1 Mapped:            28484 kB
Node 1 AnonPages:         26512 kB
Node 1 Shmem:               744 kB
Node 1 KernelStack:        1432 kB
Node 1 PageTables:          736 kB
Node 1 NFS_Unstable:          0 kB
Node 1 Bounce:                0 kB
Node 1 WritebackTmp:          0 kB
Node 1 KReclaimable:      18232 kB
Node 1 Slab:              56184 kB
Node 1 SReclaimable:      18232 kB
Node 1 SUnreclaim:        37952 kB
Node 1 AnonHugePages:         0 kB
Node 1 ShmemHugePages:        0 kB
Node 1 ShmemPmdMapped:        0 kB
Node 1 FileHugePages:        0 kB
Node 1 FilePmdMapped:        0 kB
Node 1 HugePages_Total:     0
Node 1 HugePages_Free:      0
Node 1 HugePages_Surp:      0

Import tank ZPool
Node 0 MemTotal:       24768352 kB
Node 0 MemFree:        24525448 kB
Node 0 MemUsed:          242904 kB
Node 0 Active:            26576 kB
Node 0 Inactive:          67068 kB
Node 0 Active(anon):      11196 kB
Node 0 Inactive(anon):      356 kB
Node 0 Active(file):      15380 kB
Node 0 Inactive(file):    66712 kB
Node 0 Unevictable:       13048 kB
Node 0 Mlocked:           13048 kB
Node 0 Dirty:               212 kB
Node 0 Writeback:             0 kB
Node 0 FilePages:         85380 kB
Node 0 Mapped:            29368 kB
Node 0 AnonPages:         21400 kB
Node 0 Shmem:               524 kB
Node 0 KernelStack:        2280 kB
Node 0 PageTables:          612 kB
Node 0 NFS_Unstable:          0 kB
Node 0 Bounce:                0 kB
Node 0 WritebackTmp:          0 kB
Node 0 KReclaimable:      25000 kB
Node 0 Slab:              53876 kB
Node 0 SReclaimable:      25000 kB
Node 0 SUnreclaim:        28876 kB
Node 0 AnonHugePages:         0 kB
Node 0 ShmemHugePages:        0 kB
Node 0 ShmemPmdMapped:        0 kB
Node 0 FileHugePages:        0 kB
Node 0 FilePmdMapped:        0 kB
Node 0 HugePages_Total:     0
Node 0 HugePages_Free:      0
Node 0 HugePages_Surp:      0

Node 1 MemTotal:       24661580 kB
Node 1 MemFree:        24242088 kB
Node 1 MemUsed:          419492 kB
Node 1 Active:            82392 kB
Node 1 Inactive:          39240 kB
Node 1 Active(anon):      27372 kB
Node 1 Inactive(anon):      512 kB
Node 1 Active(file):      55020 kB
Node 1 Inactive(file):    38728 kB
Node 1 Unevictable:        5472 kB
Node 1 Mlocked:            5472 kB
Node 1 Dirty:               100 kB
Node 1 Writeback:             0 kB
Node 1 FilePages:         99964 kB
Node 1 Mapped:            28528 kB
Node 1 AnonPages:         26768 kB
Node 1 Shmem:               744 kB
Node 1 KernelStack:        2584 kB
Node 1 PageTables:          820 kB
Node 1 NFS_Unstable:          0 kB
Node 1 Bounce:                0 kB
Node 1 WritebackTmp:          0 kB
Node 1 KReclaimable:      18360 kB
Node 1 Slab:              63056 kB
Node 1 SReclaimable:      18360 kB
Node 1 SUnreclaim:        44696 kB
Node 1 AnonHugePages:         0 kB
Node 1 ShmemHugePages:        0 kB
Node 1 ShmemPmdMapped:        0 kB
Node 1 FileHugePages:        0 kB
Node 1 FilePmdMapped:        0 kB
Node 1 HugePages_Total:     0
Node 1 HugePages_Free:      0
Node 1 HugePages_Surp:      0

After Test
Node 0 MemTotal:       24768352 kB
Node 0 MemFree:        19887148 kB
Node 0 MemUsed:         4881204 kB
Node 0 Active:            24192 kB
Node 0 Inactive:          68232 kB
Node 0 Active(anon):       8084 kB
Node 0 Inactive(anon):      384 kB
Node 0 Active(file):      16108 kB
Node 0 Inactive(file):    67848 kB
Node 0 Unevictable:       13048 kB
Node 0 Mlocked:           13048 kB
Node 0 Dirty:                32 kB
Node 0 Writeback:             0 kB
Node 0 FilePages:         87248 kB
Node 0 Mapped:            29532 kB
Node 0 AnonPages:         18192 kB
Node 0 Shmem:               568 kB
Node 0 KernelStack:        2216 kB
Node 0 PageTables:          696 kB
Node 0 NFS_Unstable:          0 kB
Node 0 Bounce:                0 kB
Node 0 WritebackTmp:          0 kB
Node 0 KReclaimable:      26320 kB
Node 0 Slab:              74464 kB
Node 0 SReclaimable:      26320 kB
Node 0 SUnreclaim:        48144 kB
Node 0 AnonHugePages:         0 kB
Node 0 ShmemHugePages:        0 kB
Node 0 ShmemPmdMapped:        0 kB
Node 0 FileHugePages:        0 kB
Node 0 FilePmdMapped:        0 kB
Node 0 HugePages_Total:     0
Node 0 HugePages_Free:      0
Node 0 HugePages_Surp:      0

Node 1 MemTotal:       24661580 kB
Node 1 MemFree:        23845464 kB
Node 1 MemUsed:          816116 kB
Node 1 Active:            80204 kB
Node 1 Inactive:          39040 kB
Node 1 Active(anon):      24916 kB
Node 1 Inactive(anon):      512 kB
Node 1 Active(file):      55288 kB
Node 1 Inactive(file):    38528 kB
Node 1 Unevictable:        5472 kB
Node 1 Mlocked:            5472 kB
Node 1 Dirty:                20 kB
Node 1 Writeback:             0 kB
Node 1 FilePages:        100036 kB
Node 1 Mapped:            28324 kB
Node 1 AnonPages:         24684 kB
Node 1 Shmem:               744 kB
Node 1 KernelStack:        2408 kB
Node 1 PageTables:          548 kB
Node 1 NFS_Unstable:          0 kB
Node 1 Bounce:                0 kB
Node 1 WritebackTmp:          0 kB
Node 1 KReclaimable:      18392 kB
Node 1 Slab:              64740 kB
Node 1 SReclaimable:      18392 kB
Node 1 SUnreclaim:        46348 kB
Node 1 AnonHugePages:         0 kB
Node 1 ShmemHugePages:        0 kB
Node 1 ShmemPmdMapped:        0 kB
Node 1 FileHugePages:        0 kB
Node 1 FilePmdMapped:        0 kB
Node 1 HugePages_Total:     0
Node 1 HugePages_Free:      0
Node 1 HugePages_Surp:      0

After Opposite Node
Node 0 MemTotal:       24768352 kB
Node 0 MemFree:        19889916 kB
Node 0 MemUsed:         4878436 kB
Node 0 Active:            24176 kB
Node 0 Inactive:          68040 kB
Node 0 Active(anon):       7896 kB
Node 0 Inactive(anon):      356 kB
Node 0 Active(file):      16280 kB
Node 0 Inactive(file):    67684 kB
Node 0 Unevictable:       13048 kB
Node 0 Mlocked:           13048 kB
Node 0 Dirty:                44 kB
Node 0 Writeback:             0 kB
Node 0 FilePages:         87212 kB
Node 0 Mapped:            29512 kB
Node 0 AnonPages:         18052 kB
Node 0 Shmem:               524 kB
Node 0 KernelStack:        2184 kB
Node 0 PageTables:          516 kB
Node 0 NFS_Unstable:          0 kB
Node 0 Bounce:                0 kB
Node 0 WritebackTmp:          0 kB
Node 0 KReclaimable:      26320 kB
Node 0 Slab:              74296 kB
Node 0 SReclaimable:      26320 kB
Node 0 SUnreclaim:        47976 kB
Node 0 AnonHugePages:         0 kB
Node 0 ShmemHugePages:        0 kB
Node 0 ShmemPmdMapped:        0 kB
Node 0 FileHugePages:        0 kB
Node 0 FilePmdMapped:        0 kB
Node 0 HugePages_Total:     0
Node 0 HugePages_Free:      0
Node 0 HugePages_Surp:      0

Node 1 MemTotal:       24661580 kB
Node 1 MemFree:        23843872 kB
Node 1 MemUsed:          817708 kB
Node 1 Active:            80412 kB
Node 1 Inactive:          39056 kB
Node 1 Active(anon):      25080 kB
Node 1 Inactive(anon):      536 kB
Node 1 Active(file):      55332 kB
Node 1 Inactive(file):    38520 kB
Node 1 Unevictable:        5472 kB
Node 1 Mlocked:            5472 kB
Node 1 Dirty:                48 kB
Node 1 Writeback:             0 kB
Node 1 FilePages:        100116 kB
Node 1 Mapped:            28368 kB
Node 1 AnonPages:         24752 kB
Node 1 Shmem:               788 kB
Node 1 KernelStack:        2424 kB
Node 1 PageTables:          660 kB
Node 1 NFS_Unstable:          0 kB
Node 1 Bounce:                0 kB
Node 1 WritebackTmp:          0 kB
Node 1 KReclaimable:      18444 kB
Node 1 Slab:              65872 kB
Node 1 SReclaimable:      18444 kB
Node 1 SUnreclaim:        47428 kB
Node 1 AnonHugePages:         0 kB
Node 1 ShmemHugePages:        0 kB
Node 1 ShmemPmdMapped:        0 kB
Node 1 FileHugePages:        0 kB
Node 1 FilePmdMapped:        0 kB
Node 1 HugePages_Total:     0
Node 1 HugePages_Free:      0
Node 1 HugePages_Surp:      0

U.0.fio.4G.1.O Complete!
