kernel.numa_balancing = 0
U.0.fio.250M.3.O
Begin
Node 0 MemTotal:       24768352 kB
Node 0 MemFree:        24398140 kB
Node 0 MemUsed:          370212 kB
Node 0 Active:            37768 kB
Node 0 Inactive:          34892 kB
Node 0 Active(anon):      15032 kB
Node 0 Inactive(anon):      592 kB
Node 0 Active(file):      22736 kB
Node 0 Inactive(file):    34300 kB
Node 0 Unevictable:       17852 kB
Node 0 Mlocked:           17852 kB
Node 0 Dirty:                28 kB
Node 0 Writeback:             0 kB
Node 0 FilePages:         65432 kB
Node 0 Mapped:            24784 kB
Node 0 AnonPages:         25128 kB
Node 0 Shmem:               876 kB
Node 0 KernelStack:        2104 kB
Node 0 PageTables:          624 kB
Node 0 NFS_Unstable:          0 kB
Node 0 Bounce:                0 kB
Node 0 WritebackTmp:          0 kB
Node 0 KReclaimable:      20096 kB
Node 0 Slab:              60276 kB
Node 0 SReclaimable:      20096 kB
Node 0 SUnreclaim:        40180 kB
Node 0 AnonHugePages:         0 kB
Node 0 ShmemHugePages:        0 kB
Node 0 ShmemPmdMapped:        0 kB
Node 0 FileHugePages:        0 kB
Node 0 FilePmdMapped:        0 kB
Node 0 HugePages_Total:     0
Node 0 HugePages_Free:      0
Node 0 HugePages_Surp:      0

Node 1 MemTotal:       24661580 kB
Node 1 MemFree:        24413692 kB
Node 1 MemUsed:          247888 kB
Node 1 Active:            58140 kB
Node 1 Inactive:          63268 kB
Node 1 Active(anon):      19064 kB
Node 1 Inactive(anon):      288 kB
Node 1 Active(file):      39076 kB
Node 1 Inactive(file):    62980 kB
Node 1 Unevictable:         672 kB
Node 1 Mlocked:             672 kB
Node 1 Dirty:               480 kB
Node 1 Writeback:             0 kB
Node 1 FilePages:        103184 kB
Node 1 Mapped:            26408 kB
Node 1 AnonPages:         19048 kB
Node 1 Shmem:               392 kB
Node 1 KernelStack:        1496 kB
Node 1 PageTables:          484 kB
Node 1 NFS_Unstable:          0 kB
Node 1 Bounce:                0 kB
Node 1 WritebackTmp:          0 kB
Node 1 KReclaimable:      21516 kB
Node 1 Slab:              45200 kB
Node 1 SReclaimable:      21516 kB
Node 1 SUnreclaim:        23684 kB
Node 1 AnonHugePages:         0 kB
Node 1 ShmemHugePages:        0 kB
Node 1 ShmemPmdMapped:        0 kB
Node 1 FileHugePages:        0 kB
Node 1 FilePmdMapped:        0 kB
Node 1 HugePages_Total:     0
Node 1 HugePages_Free:      0
Node 1 HugePages_Surp:      0

Load ZFS
Node 0 MemTotal:       24768352 kB
Node 0 MemFree:        24532052 kB
Node 0 MemUsed:          236300 kB
Node 0 Active:            43960 kB
Node 0 Inactive:          30624 kB
Node 0 Active(anon):      15504 kB
Node 0 Inactive(anon):      592 kB
Node 0 Active(file):      28456 kB
Node 0 Inactive(file):    30032 kB
Node 0 Unevictable:       17852 kB
Node 0 Mlocked:           17852 kB
Node 0 Dirty:                28 kB
Node 0 Writeback:             0 kB
Node 0 FilePages:         66884 kB
Node 0 Mapped:            24944 kB
Node 0 AnonPages:         25588 kB
Node 0 Shmem:               876 kB
Node 0 KernelStack:        2104 kB
Node 0 PageTables:          624 kB
Node 0 NFS_Unstable:          0 kB
Node 0 Bounce:                0 kB
Node 0 WritebackTmp:          0 kB
Node 0 KReclaimable:      20572 kB
Node 0 Slab:              61864 kB
Node 0 SReclaimable:      20572 kB
Node 0 SUnreclaim:        41292 kB
Node 0 AnonHugePages:         0 kB
Node 0 ShmemHugePages:        0 kB
Node 0 ShmemPmdMapped:        0 kB
Node 0 FileHugePages:        0 kB
Node 0 FilePmdMapped:        0 kB
Node 0 HugePages_Total:     0
Node 0 HugePages_Free:      0
Node 0 HugePages_Surp:      0

Node 1 MemTotal:       24661580 kB
Node 1 MemFree:        24270360 kB
Node 1 MemUsed:          391220 kB
Node 1 Active:            62016 kB
Node 1 Inactive:          63544 kB
Node 1 Active(anon):      22088 kB
Node 1 Inactive(anon):      288 kB
Node 1 Active(file):      39928 kB
Node 1 Inactive(file):    63256 kB
Node 1 Unevictable:         672 kB
Node 1 Mlocked:             672 kB
Node 1 Dirty:               516 kB
Node 1 Writeback:             0 kB
Node 1 FilePages:        104252 kB
Node 1 Mapped:            26408 kB
Node 1 AnonPages:         21928 kB
Node 1 Shmem:               392 kB
Node 1 KernelStack:        1560 kB
Node 1 PageTables:          692 kB
Node 1 NFS_Unstable:          0 kB
Node 1 Bounce:                0 kB
Node 1 WritebackTmp:          0 kB
Node 1 KReclaimable:      21912 kB
Node 1 Slab:              47216 kB
Node 1 SReclaimable:      21912 kB
Node 1 SUnreclaim:        25304 kB
Node 1 AnonHugePages:         0 kB
Node 1 ShmemHugePages:        0 kB
Node 1 ShmemPmdMapped:        0 kB
Node 1 FileHugePages:        0 kB
Node 1 FilePmdMapped:        0 kB
Node 1 HugePages_Total:     0
Node 1 HugePages_Free:      0
Node 1 HugePages_Surp:      0

Import tank ZPool
Node 0 MemTotal:       24768352 kB
Node 0 MemFree:        24532840 kB
Node 0 MemUsed:          235512 kB
Node 0 Active:            43756 kB
Node 0 Inactive:          30520 kB
Node 0 Active(anon):      15172 kB
Node 0 Inactive(anon):      592 kB
Node 0 Active(file):      28584 kB
Node 0 Inactive(file):    29928 kB
Node 0 Unevictable:       17852 kB
Node 0 Mlocked:           17852 kB
Node 0 Dirty:                44 kB
Node 0 Writeback:             0 kB
Node 0 FilePages:         66904 kB
Node 0 Mapped:            25052 kB
Node 0 AnonPages:         25104 kB
Node 0 Shmem:               872 kB
Node 0 KernelStack:        2088 kB
Node 0 PageTables:          624 kB
Node 0 NFS_Unstable:          0 kB
Node 0 Bounce:                0 kB
Node 0 WritebackTmp:          0 kB
Node 0 KReclaimable:      20572 kB
Node 0 Slab:              61820 kB
Node 0 SReclaimable:      20572 kB
Node 0 SUnreclaim:        41248 kB
Node 0 AnonHugePages:         0 kB
Node 0 ShmemHugePages:        0 kB
Node 0 ShmemPmdMapped:        0 kB
Node 0 FileHugePages:        0 kB
Node 0 FilePmdMapped:        0 kB
Node 0 HugePages_Total:     0
Node 0 HugePages_Free:      0
Node 0 HugePages_Surp:      0

Node 1 MemTotal:       24661580 kB
Node 1 MemFree:        24254296 kB
Node 1 MemUsed:          407284 kB
Node 1 Active:            59116 kB
Node 1 Inactive:          64748 kB
Node 1 Active(anon):      18712 kB
Node 1 Inactive(anon):      292 kB
Node 1 Active(file):      40404 kB
Node 1 Inactive(file):    64456 kB
Node 1 Unevictable:         672 kB
Node 1 Mlocked:             672 kB
Node 1 Dirty:               320 kB
Node 1 Writeback:             0 kB
Node 1 FilePages:        105996 kB
Node 1 Mapped:            26664 kB
Node 1 AnonPages:         18628 kB
Node 1 Shmem:               396 kB
Node 1 KernelStack:        2664 kB
Node 1 PageTables:          604 kB
Node 1 NFS_Unstable:          0 kB
Node 1 Bounce:                0 kB
Node 1 WritebackTmp:          0 kB
Node 1 KReclaimable:      22052 kB
Node 1 Slab:              53728 kB
Node 1 SReclaimable:      22052 kB
Node 1 SUnreclaim:        31676 kB
Node 1 AnonHugePages:         0 kB
Node 1 ShmemHugePages:        0 kB
Node 1 ShmemPmdMapped:        0 kB
Node 1 FileHugePages:        0 kB
Node 1 FilePmdMapped:        0 kB
Node 1 HugePages_Total:     0
Node 1 HugePages_Free:      0
Node 1 HugePages_Surp:      0

After Test
Node 0 MemTotal:       24768352 kB
Node 0 MemFree:        24270904 kB
Node 0 MemUsed:          497448 kB
Node 0 Active:            44540 kB
Node 0 Inactive:          31672 kB
Node 0 Active(anon):      15144 kB
Node 0 Inactive(anon):      620 kB
Node 0 Active(file):      29396 kB
Node 0 Inactive(file):    31052 kB
Node 0 Unevictable:       17852 kB
Node 0 Mlocked:           17852 kB
Node 0 Dirty:                52 kB
Node 0 Writeback:             0 kB
Node 0 FilePages:         68884 kB
Node 0 Mapped:            25020 kB
Node 0 AnonPages:         25084 kB
Node 0 Shmem:               916 kB
Node 0 KernelStack:        2120 kB
Node 0 PageTables:          740 kB
Node 0 NFS_Unstable:          0 kB
Node 0 Bounce:                0 kB
Node 0 WritebackTmp:          0 kB
Node 0 KReclaimable:      21840 kB
Node 0 Slab:              66104 kB
Node 0 SReclaimable:      21840 kB
Node 0 SUnreclaim:        44264 kB
Node 0 AnonHugePages:         0 kB
Node 0 ShmemHugePages:        0 kB
Node 0 ShmemPmdMapped:        0 kB
Node 0 FileHugePages:        0 kB
Node 0 FilePmdMapped:        0 kB
Node 0 HugePages_Total:     0
Node 0 HugePages_Free:      0
Node 0 HugePages_Surp:      0

Node 1 MemTotal:       24661580 kB
Node 1 MemFree:        23980248 kB
Node 1 MemUsed:          681332 kB
Node 1 Active:            58760 kB
Node 1 Inactive:          64588 kB
Node 1 Active(anon):      18092 kB
Node 1 Inactive(anon):      292 kB
Node 1 Active(file):      40668 kB
Node 1 Inactive(file):    64296 kB
Node 1 Unevictable:         672 kB
Node 1 Mlocked:             672 kB
Node 1 Dirty:               212 kB
Node 1 Writeback:             0 kB
Node 1 FilePages:        106032 kB
Node 1 Mapped:            26408 kB
Node 1 AnonPages:         17988 kB
Node 1 Shmem:               396 kB
Node 1 KernelStack:        2584 kB
Node 1 PageTables:          412 kB
Node 1 NFS_Unstable:          0 kB
Node 1 Bounce:                0 kB
Node 1 WritebackTmp:          0 kB
Node 1 KReclaimable:      22052 kB
Node 1 Slab:              54468 kB
Node 1 SReclaimable:      22052 kB
Node 1 SUnreclaim:        32416 kB
Node 1 AnonHugePages:         0 kB
Node 1 ShmemHugePages:        0 kB
Node 1 ShmemPmdMapped:        0 kB
Node 1 FileHugePages:        0 kB
Node 1 FilePmdMapped:        0 kB
Node 1 HugePages_Total:     0
Node 1 HugePages_Free:      0
Node 1 HugePages_Surp:      0

After Opposite Node
Node 0 MemTotal:       24768352 kB
Node 0 MemFree:        24271188 kB
Node 0 MemUsed:          497164 kB
Node 0 Active:            44580 kB
Node 0 Inactive:          31460 kB
Node 0 Active(anon):      14992 kB
Node 0 Inactive(anon):      592 kB
Node 0 Active(file):      29588 kB
Node 0 Inactive(file):    30868 kB
Node 0 Unevictable:       17852 kB
Node 0 Mlocked:           17852 kB
Node 0 Dirty:                60 kB
Node 0 Writeback:             0 kB
Node 0 FilePages:         68848 kB
Node 0 Mapped:            25032 kB
Node 0 AnonPages:         25040 kB
Node 0 Shmem:               872 kB
Node 0 KernelStack:        2072 kB
Node 0 PageTables:          624 kB
Node 0 NFS_Unstable:          0 kB
Node 0 Bounce:                0 kB
Node 0 WritebackTmp:          0 kB
Node 0 KReclaimable:      21860 kB
Node 0 Slab:              66124 kB
Node 0 SReclaimable:      21860 kB
Node 0 SUnreclaim:        44264 kB
Node 0 AnonHugePages:         0 kB
Node 0 ShmemHugePages:        0 kB
Node 0 ShmemPmdMapped:        0 kB
Node 0 FileHugePages:        0 kB
Node 0 FilePmdMapped:        0 kB
Node 0 HugePages_Total:     0
Node 0 HugePages_Free:      0
Node 0 HugePages_Surp:      0

Node 1 MemTotal:       24661580 kB
Node 1 MemFree:        23977912 kB
Node 1 MemUsed:          683668 kB
Node 1 Active:            58932 kB
Node 1 Inactive:          64608 kB
Node 1 Active(anon):      18236 kB
Node 1 Inactive(anon):      320 kB
Node 1 Active(file):      40696 kB
Node 1 Inactive(file):    64288 kB
Node 1 Unevictable:         672 kB
Node 1 Mlocked:             672 kB
Node 1 Dirty:               228 kB
Node 1 Writeback:             0 kB
Node 1 FilePages:        106096 kB
Node 1 Mapped:            26452 kB
Node 1 AnonPages:         18068 kB
Node 1 Shmem:               440 kB
Node 1 KernelStack:        2664 kB
Node 1 PageTables:          592 kB
Node 1 NFS_Unstable:          0 kB
Node 1 Bounce:                0 kB
Node 1 WritebackTmp:          0 kB
Node 1 KReclaimable:      22084 kB
Node 1 Slab:              54708 kB
Node 1 SReclaimable:      22084 kB
Node 1 SUnreclaim:        32624 kB
Node 1 AnonHugePages:         0 kB
Node 1 ShmemHugePages:        0 kB
Node 1 ShmemPmdMapped:        0 kB
Node 1 FileHugePages:        0 kB
Node 1 FilePmdMapped:        0 kB
Node 1 HugePages_Total:     0
Node 1 HugePages_Free:      0
Node 1 HugePages_Surp:      0

U.0.fio.250M.3.O Complete!
