kernel.numa_balancing = 0
U.0.fio.2-1G.3.O
Begin
Node 0 MemTotal:       24743736 kB
Node 0 MemFree:        24321596 kB
Node 0 MemUsed:          422140 kB
Node 0 Active:            58720 kB
Node 0 Inactive:          74412 kB
Node 0 Active(anon):      10740 kB
Node 0 Inactive(anon):      408 kB
Node 0 Active(file):      47980 kB
Node 0 Inactive(file):    74004 kB
Node 0 Unevictable:       18416 kB
Node 0 Mlocked:           18416 kB
Node 0 Dirty:               340 kB
Node 0 Writeback:             0 kB
Node 0 FilePages:        130696 kB
Node 0 Mapped:            41344 kB
Node 0 AnonPages:         20900 kB
Node 0 Shmem:               612 kB
Node 0 KernelStack:        2136 kB
Node 0 PageTables:          532 kB
Node 0 NFS_Unstable:          0 kB
Node 0 Bounce:                0 kB
Node 0 WritebackTmp:          0 kB
Node 0 KReclaimable:      21820 kB
Node 0 Slab:              53356 kB
Node 0 SReclaimable:      21820 kB
Node 0 SUnreclaim:        31536 kB
Node 0 AnonHugePages:         0 kB
Node 0 ShmemHugePages:        0 kB
Node 0 ShmemPmdMapped:        0 kB
Node 0 FileHugePages:        0 kB
Node 0 FilePmdMapped:        0 kB
Node 0 HugePages_Total:     0
Node 0 HugePages_Free:      0
Node 0 HugePages_Surp:      0

Node 1 MemTotal:       24686196 kB
Node 1 MemFree:        24475968 kB
Node 1 MemUsed:          210228 kB
Node 1 Active:            37936 kB
Node 1 Inactive:          34940 kB
Node 1 Active(anon):      23188 kB
Node 1 Inactive(anon):      472 kB
Node 1 Active(file):      14748 kB
Node 1 Inactive(file):    34468 kB
Node 1 Unevictable:         108 kB
Node 1 Mlocked:             108 kB
Node 1 Dirty:               200 kB
Node 1 Writeback:             0 kB
Node 1 FilePages:         50020 kB
Node 1 Mapped:            21244 kB
Node 1 AnonPages:         23044 kB
Node 1 Shmem:               656 kB
Node 1 KernelStack:        1544 kB
Node 1 PageTables:          656 kB
Node 1 NFS_Unstable:          0 kB
Node 1 Bounce:                0 kB
Node 1 WritebackTmp:          0 kB
Node 1 KReclaimable:      20400 kB
Node 1 Slab:              53104 kB
Node 1 SReclaimable:      20400 kB
Node 1 SUnreclaim:        32704 kB
Node 1 AnonHugePages:         0 kB
Node 1 ShmemHugePages:        0 kB
Node 1 ShmemPmdMapped:        0 kB
Node 1 FileHugePages:        0 kB
Node 1 FilePmdMapped:        0 kB
Node 1 HugePages_Total:     0
Node 1 HugePages_Free:      0
Node 1 HugePages_Surp:      0

Load ZFS
Node 0 MemTotal:       24743736 kB
Node 0 MemFree:        24452492 kB
Node 0 MemUsed:          291244 kB
Node 0 Active:            66900 kB
Node 0 Inactive:          69880 kB
Node 0 Active(anon):      13588 kB
Node 0 Inactive(anon):      408 kB
Node 0 Active(file):      53312 kB
Node 0 Inactive(file):    69472 kB
Node 0 Unevictable:       18416 kB
Node 0 Mlocked:           18416 kB
Node 0 Dirty:               352 kB
Node 0 Writeback:             0 kB
Node 0 FilePages:        131480 kB
Node 0 Mapped:            41472 kB
Node 0 AnonPages:         23796 kB
Node 0 Shmem:               612 kB
Node 0 KernelStack:        2296 kB
Node 0 PageTables:          620 kB
Node 0 NFS_Unstable:          0 kB
Node 0 Bounce:                0 kB
Node 0 WritebackTmp:          0 kB
Node 0 KReclaimable:      22304 kB
Node 0 Slab:              55032 kB
Node 0 SReclaimable:      22304 kB
Node 0 SUnreclaim:        32728 kB
Node 0 AnonHugePages:         0 kB
Node 0 ShmemHugePages:        0 kB
Node 0 ShmemPmdMapped:        0 kB
Node 0 FileHugePages:        0 kB
Node 0 FilePmdMapped:        0 kB
Node 0 HugePages_Total:     0
Node 0 HugePages_Free:      0
Node 0 HugePages_Surp:      0

Node 1 MemTotal:       24686196 kB
Node 1 MemFree:        24335632 kB
Node 1 MemUsed:          350564 kB
Node 1 Active:            40892 kB
Node 1 Inactive:          35340 kB
Node 1 Active(anon):      24768 kB
Node 1 Inactive(anon):      472 kB
Node 1 Active(file):      16124 kB
Node 1 Inactive(file):    34868 kB
Node 1 Unevictable:         108 kB
Node 1 Mlocked:             108 kB
Node 1 Dirty:               216 kB
Node 1 Writeback:             0 kB
Node 1 FilePages:         51756 kB
Node 1 Mapped:            21192 kB
Node 1 AnonPages:         24524 kB
Node 1 Shmem:               656 kB
Node 1 KernelStack:        1448 kB
Node 1 PageTables:          752 kB
Node 1 NFS_Unstable:          0 kB
Node 1 Bounce:                0 kB
Node 1 WritebackTmp:          0 kB
Node 1 KReclaimable:      20792 kB
Node 1 Slab:              55480 kB
Node 1 SReclaimable:      20792 kB
Node 1 SUnreclaim:        34688 kB
Node 1 AnonHugePages:         0 kB
Node 1 ShmemHugePages:        0 kB
Node 1 ShmemPmdMapped:        0 kB
Node 1 FileHugePages:        0 kB
Node 1 FilePmdMapped:        0 kB
Node 1 HugePages_Total:     0
Node 1 HugePages_Free:      0
Node 1 HugePages_Surp:      0

Import tank ZPool
Node 0 MemTotal:       24743736 kB
Node 0 MemFree:        24439832 kB
Node 0 MemUsed:          303904 kB
Node 0 Active:            62660 kB
Node 0 Inactive:          69868 kB
Node 0 Active(anon):       9300 kB
Node 0 Inactive(anon):      408 kB
Node 0 Active(file):      53360 kB
Node 0 Inactive(file):    69460 kB
Node 0 Unevictable:       18416 kB
Node 0 Mlocked:           18416 kB
Node 0 Dirty:               128 kB
Node 0 Writeback:             0 kB
Node 0 FilePages:        131528 kB
Node 0 Mapped:            41568 kB
Node 0 AnonPages:         19728 kB
Node 0 Shmem:               608 kB
Node 0 KernelStack:        3400 kB
Node 0 PageTables:          536 kB
Node 0 NFS_Unstable:          0 kB
Node 0 Bounce:                0 kB
Node 0 WritebackTmp:          0 kB
Node 0 KReclaimable:      22304 kB
Node 0 Slab:              57724 kB
Node 0 SReclaimable:      22304 kB
Node 0 SUnreclaim:        35420 kB
Node 0 AnonHugePages:         0 kB
Node 0 ShmemHugePages:        0 kB
Node 0 ShmemPmdMapped:        0 kB
Node 0 FileHugePages:        0 kB
Node 0 FilePmdMapped:        0 kB
Node 0 HugePages_Total:     0
Node 0 HugePages_Free:      0
Node 0 HugePages_Surp:      0

Node 1 MemTotal:       24686196 kB
Node 1 MemFree:        24329048 kB
Node 1 MemUsed:          357148 kB
Node 1 Active:            40396 kB
Node 1 Inactive:          36516 kB
Node 1 Active(anon):      23960 kB
Node 1 Inactive(anon):      476 kB
Node 1 Active(file):      16436 kB
Node 1 Inactive(file):    36040 kB
Node 1 Unevictable:         108 kB
Node 1 Mlocked:             108 kB
Node 1 Dirty:               256 kB
Node 1 Writeback:             0 kB
Node 1 FilePages:         53244 kB
Node 1 Mapped:            21460 kB
Node 1 AnonPages:         23764 kB
Node 1 Shmem:               660 kB
Node 1 KernelStack:        1416 kB
Node 1 PageTables:          760 kB
Node 1 NFS_Unstable:          0 kB
Node 1 Bounce:                0 kB
Node 1 WritebackTmp:          0 kB
Node 1 KReclaimable:      20924 kB
Node 1 Slab:              59652 kB
Node 1 SReclaimable:      20924 kB
Node 1 SUnreclaim:        38728 kB
Node 1 AnonHugePages:         0 kB
Node 1 ShmemHugePages:        0 kB
Node 1 ShmemPmdMapped:        0 kB
Node 1 FileHugePages:        0 kB
Node 1 FilePmdMapped:        0 kB
Node 1 HugePages_Total:     0
Node 1 HugePages_Free:      0
Node 1 HugePages_Surp:      0

After Test
Node 0 MemTotal:       24743736 kB
Node 0 MemFree:        23348744 kB
Node 0 MemUsed:         1394992 kB
Node 0 Active:            63436 kB
Node 0 Inactive:          71032 kB
Node 0 Active(anon):       9376 kB
Node 0 Inactive(anon):      436 kB
Node 0 Active(file):      54060 kB
Node 0 Inactive(file):    70596 kB
Node 0 Unevictable:       18416 kB
Node 0 Mlocked:           18416 kB
Node 0 Dirty:                80 kB
Node 0 Writeback:             0 kB
Node 0 FilePages:        133392 kB
Node 0 Mapped:            41564 kB
Node 0 AnonPages:         19392 kB
Node 0 Shmem:               652 kB
Node 0 KernelStack:        3384 kB
Node 0 PageTables:          564 kB
Node 0 NFS_Unstable:          0 kB
Node 0 Bounce:                0 kB
Node 0 WritebackTmp:          0 kB
Node 0 KReclaimable:      23572 kB
Node 0 Slab:              66436 kB
Node 0 SReclaimable:      23572 kB
Node 0 SUnreclaim:        42864 kB
Node 0 AnonHugePages:         0 kB
Node 0 ShmemHugePages:        0 kB
Node 0 ShmemPmdMapped:        0 kB
Node 0 FileHugePages:        0 kB
Node 0 FilePmdMapped:        0 kB
Node 0 HugePages_Total:     0
Node 0 HugePages_Free:      0
Node 0 HugePages_Surp:      0

Node 1 MemTotal:       24686196 kB
Node 1 MemFree:        23546724 kB
Node 1 MemUsed:         1139472 kB
Node 1 Active:            40460 kB
Node 1 Inactive:          36324 kB
Node 1 Active(anon):      23596 kB
Node 1 Inactive(anon):      476 kB
Node 1 Active(file):      16864 kB
Node 1 Inactive(file):    35848 kB
Node 1 Unevictable:         108 kB
Node 1 Mlocked:             108 kB
Node 1 Dirty:                92 kB
Node 1 Writeback:             0 kB
Node 1 FilePages:         53480 kB
Node 1 Mapped:            21192 kB
Node 1 AnonPages:         23412 kB
Node 1 Shmem:               660 kB
Node 1 KernelStack:        1368 kB
Node 1 PageTables:          640 kB
Node 1 NFS_Unstable:          0 kB
Node 1 Bounce:                0 kB
Node 1 WritebackTmp:          0 kB
Node 1 KReclaimable:      20944 kB
Node 1 Slab:              62784 kB
Node 1 SReclaimable:      20944 kB
Node 1 SUnreclaim:        41840 kB
Node 1 AnonHugePages:         0 kB
Node 1 ShmemHugePages:        0 kB
Node 1 ShmemPmdMapped:        0 kB
Node 1 FileHugePages:        0 kB
Node 1 FilePmdMapped:        0 kB
Node 1 HugePages_Total:     0
Node 1 HugePages_Free:      0
Node 1 HugePages_Surp:      0

After Opposite Node
Node 0 MemTotal:       24743736 kB
Node 0 MemFree:        23349664 kB
Node 0 MemUsed:         1394072 kB
Node 0 Active:            63464 kB
Node 0 Inactive:          70844 kB
Node 0 Active(anon):       9228 kB
Node 0 Inactive(anon):      408 kB
Node 0 Active(file):      54236 kB
Node 0 Inactive(file):    70436 kB
Node 0 Unevictable:       18416 kB
Node 0 Mlocked:           18416 kB
Node 0 Dirty:               124 kB
Node 0 Writeback:             0 kB
Node 0 FilePages:        133364 kB
Node 0 Mapped:            41520 kB
Node 0 AnonPages:         19356 kB
Node 0 Shmem:               608 kB
Node 0 KernelStack:        3272 kB
Node 0 PageTables:          452 kB
Node 0 NFS_Unstable:          0 kB
Node 0 Bounce:                0 kB
Node 0 WritebackTmp:          0 kB
Node 0 KReclaimable:      23572 kB
Node 0 Slab:              66348 kB
Node 0 SReclaimable:      23572 kB
Node 0 SUnreclaim:        42776 kB
Node 0 AnonHugePages:         0 kB
Node 0 ShmemHugePages:        0 kB
Node 0 ShmemPmdMapped:        0 kB
Node 0 FileHugePages:        0 kB
Node 0 FilePmdMapped:        0 kB
Node 0 HugePages_Total:     0
Node 0 HugePages_Free:      0
Node 0 HugePages_Surp:      0

Node 1 MemTotal:       24686196 kB
Node 1 MemFree:        23543556 kB
Node 1 MemUsed:         1142640 kB
Node 1 Active:            40684 kB
Node 1 Inactive:          36344 kB
Node 1 Active(anon):      23792 kB
Node 1 Inactive(anon):      504 kB
Node 1 Active(file):      16892 kB
Node 1 Inactive(file):    35840 kB
Node 1 Unevictable:         108 kB
Node 1 Mlocked:             108 kB
Node 1 Dirty:               124 kB
Node 1 Writeback:             0 kB
Node 1 FilePages:         53544 kB
Node 1 Mapped:            21236 kB
Node 1 AnonPages:         23556 kB
Node 1 Shmem:               704 kB
Node 1 KernelStack:        1384 kB
Node 1 PageTables:          816 kB
Node 1 NFS_Unstable:          0 kB
Node 1 Bounce:                0 kB
Node 1 WritebackTmp:          0 kB
Node 1 KReclaimable:      21004 kB
Node 1 Slab:              63376 kB
Node 1 SReclaimable:      21004 kB
Node 1 SUnreclaim:        42372 kB
Node 1 AnonHugePages:         0 kB
Node 1 ShmemHugePages:        0 kB
Node 1 ShmemPmdMapped:        0 kB
Node 1 FileHugePages:        0 kB
Node 1 FilePmdMapped:        0 kB
Node 1 HugePages_Total:     0
Node 1 HugePages_Free:      0
Node 1 HugePages_Surp:      0

U.0.fio.2-1G.3.O Complete!
