B.0.fio.8G.2.O
Begin
Node 0 MemTotal:       24768352 kB
Node 0 MemFree:        24410060 kB
Node 0 MemUsed:          358292 kB
Node 0 Active:            27912 kB
Node 0 Inactive:          44960 kB
Node 0 Active(anon):      12444 kB
Node 0 Inactive(anon):      356 kB
Node 0 Active(file):      15468 kB
Node 0 Inactive(file):    44604 kB
Node 0 Unevictable:       13036 kB
Node 0 Mlocked:           13036 kB
Node 0 Dirty:               116 kB
Node 0 Writeback:             0 kB
Node 0 FilePages:         63276 kB
Node 0 Mapped:            31076 kB
Node 0 AnonPages:         22676 kB
Node 0 Shmem:               488 kB
Node 0 KernelStack:        2072 kB
Node 0 PageTables:          540 kB
Node 0 NFS_Unstable:          0 kB
Node 0 Bounce:                0 kB
Node 0 WritebackTmp:          0 kB
Node 0 KReclaimable:      17840 kB
Node 0 Slab:              55828 kB
Node 0 SReclaimable:      17840 kB
Node 0 SUnreclaim:        37988 kB
Node 0 AnonHugePages:         0 kB
Node 0 ShmemHugePages:        0 kB
Node 0 ShmemPmdMapped:        0 kB
Node 0 FileHugePages:        0 kB
Node 0 FilePmdMapped:        0 kB
Node 0 HugePages_Total:     0
Node 0 HugePages_Free:      0
Node 0 HugePages_Surp:      0

Node 1 MemTotal:       24661580 kB
Node 1 MemFree:        24402912 kB
Node 1 MemUsed:          258668 kB
Node 1 Active:            66664 kB
Node 1 Inactive:          52280 kB
Node 1 Active(anon):      21440 kB
Node 1 Inactive(anon):      544 kB
Node 1 Active(file):      45224 kB
Node 1 Inactive(file):    51736 kB
Node 1 Unevictable:        5488 kB
Node 1 Mlocked:            5488 kB
Node 1 Dirty:               400 kB
Node 1 Writeback:             0 kB
Node 1 FilePages:        103224 kB
Node 1 Mapped:            23780 kB
Node 1 AnonPages:         21244 kB
Node 1 Shmem:               780 kB
Node 1 KernelStack:        1528 kB
Node 1 PageTables:          580 kB
Node 1 NFS_Unstable:          0 kB
Node 1 Bounce:                0 kB
Node 1 WritebackTmp:          0 kB
Node 1 KReclaimable:      23580 kB
Node 1 Slab:              49948 kB
Node 1 SReclaimable:      23580 kB
Node 1 SUnreclaim:        26368 kB
Node 1 AnonHugePages:         0 kB
Node 1 ShmemHugePages:        0 kB
Node 1 ShmemPmdMapped:        0 kB
Node 1 FileHugePages:        0 kB
Node 1 FilePmdMapped:        0 kB
Node 1 HugePages_Total:     0
Node 1 HugePages_Free:      0
Node 1 HugePages_Surp:      0

Load ZFS
Node 0 MemTotal:       24768352 kB
Node 0 MemFree:        24488984 kB
Node 0 MemUsed:          279368 kB
Node 0 Active:            44988 kB
Node 0 Inactive:          77176 kB
Node 0 Active(anon):      28084 kB
Node 0 Inactive(anon):      220 kB
Node 0 Active(file):      16904 kB
Node 0 Inactive(file):    76956 kB
Node 0 Unevictable:       13120 kB
Node 0 Mlocked:           13120 kB
Node 0 Dirty:               372 kB
Node 0 Writeback:             0 kB
Node 0 FilePages:         97624 kB
Node 0 Mapped:            33276 kB
Node 0 AnonPages:         38512 kB
Node 0 Shmem:               476 kB
Node 0 KernelStack:        2684 kB
Node 0 PageTables:         1636 kB
Node 0 NFS_Unstable:          0 kB
Node 0 Bounce:                0 kB
Node 0 WritebackTmp:          0 kB
Node 0 KReclaimable:      18292 kB
Node 0 Slab:              58968 kB
Node 0 SReclaimable:      18292 kB
Node 0 SUnreclaim:        40676 kB
Node 0 AnonHugePages:         0 kB
Node 0 ShmemHugePages:        0 kB
Node 0 ShmemPmdMapped:        0 kB
Node 0 FileHugePages:        0 kB
Node 0 FilePmdMapped:        0 kB
Node 0 HugePages_Total:     0
Node 0 HugePages_Free:      0
Node 0 HugePages_Surp:      0

Node 1 MemTotal:       24661580 kB
Node 1 MemFree:        24177616 kB
Node 1 MemUsed:          483964 kB
Node 1 Active:            79236 kB
Node 1 Inactive:         122908 kB
Node 1 Active(anon):      33016 kB
Node 1 Inactive(anon):      520 kB
Node 1 Active(file):      46220 kB
Node 1 Inactive(file):   122388 kB
Node 1 Unevictable:        5488 kB
Node 1 Mlocked:            5488 kB
Node 1 Dirty:               164 kB
Node 1 Writeback:             0 kB
Node 1 FilePages:        174884 kB
Node 1 Mapped:            26056 kB
Node 1 AnonPages:         32736 kB
Node 1 Shmem:               792 kB
Node 1 KernelStack:        1656 kB
Node 1 PageTables:         1380 kB
Node 1 NFS_Unstable:          0 kB
Node 1 Bounce:                0 kB
Node 1 WritebackTmp:          0 kB
Node 1 KReclaimable:      24736 kB
Node 1 Slab:              54396 kB
Node 1 SReclaimable:      24736 kB
Node 1 SUnreclaim:        29660 kB
Node 1 AnonHugePages:         0 kB
Node 1 ShmemHugePages:        0 kB
Node 1 ShmemPmdMapped:        0 kB
Node 1 FileHugePages:        0 kB
Node 1 FilePmdMapped:        0 kB
Node 1 HugePages_Total:     0
Node 1 HugePages_Free:      0
Node 1 HugePages_Surp:      0

Import tank ZPool
Node 0 MemTotal:       24768352 kB
Node 0 MemFree:        24477644 kB
Node 0 MemUsed:          290708 kB
Node 0 Active:            45124 kB
Node 0 Inactive:          79028 kB
Node 0 Active(anon):      27800 kB
Node 0 Inactive(anon):      472 kB
Node 0 Active(file):      17324 kB
Node 0 Inactive(file):    78556 kB
Node 0 Unevictable:       13268 kB
Node 0 Mlocked:           13268 kB
Node 0 Dirty:               532 kB
Node 0 Writeback:             0 kB
Node 0 FilePages:         99236 kB
Node 0 Mapped:            33004 kB
Node 0 AnonPages:         38260 kB
Node 0 Shmem:               644 kB
Node 0 KernelStack:        2632 kB
Node 0 PageTables:         1760 kB
Node 0 NFS_Unstable:          0 kB
Node 0 Bounce:                0 kB
Node 0 WritebackTmp:          0 kB
Node 0 KReclaimable:      18536 kB
Node 0 Slab:              64152 kB
Node 0 SReclaimable:      18536 kB
Node 0 SUnreclaim:        45616 kB
Node 0 AnonHugePages:         0 kB
Node 0 ShmemHugePages:        0 kB
Node 0 ShmemPmdMapped:        0 kB
Node 0 FileHugePages:        0 kB
Node 0 FilePmdMapped:        0 kB
Node 0 HugePages_Total:     0
Node 0 HugePages_Free:      0
Node 0 HugePages_Surp:      0

Node 1 MemTotal:       24661580 kB
Node 1 MemFree:        24172200 kB
Node 1 MemUsed:          489380 kB
Node 1 Active:            78760 kB
Node 1 Inactive:         122868 kB
Node 1 Active(anon):      32540 kB
Node 1 Inactive(anon):      476 kB
Node 1 Active(file):      46220 kB
Node 1 Inactive(file):   122392 kB
Node 1 Unevictable:        5488 kB
Node 1 Mlocked:            5488 kB
Node 1 Dirty:               184 kB
Node 1 Writeback:             0 kB
Node 1 FilePages:        174752 kB
Node 1 Mapped:            25808 kB
Node 1 AnonPages:         32392 kB
Node 1 Shmem:               624 kB
Node 1 KernelStack:        2616 kB
Node 1 PageTables:          924 kB
Node 1 NFS_Unstable:          0 kB
Node 1 Bounce:                0 kB
Node 1 WritebackTmp:          0 kB
Node 1 KReclaimable:      24736 kB
Node 1 Slab:              56192 kB
Node 1 SReclaimable:      24736 kB
Node 1 SUnreclaim:        31456 kB
Node 1 AnonHugePages:         0 kB
Node 1 ShmemHugePages:        0 kB
Node 1 ShmemPmdMapped:        0 kB
Node 1 FileHugePages:        0 kB
Node 1 FilePmdMapped:        0 kB
Node 1 HugePages_Total:     0
Node 1 HugePages_Free:      0
Node 1 HugePages_Surp:      0

After Opposite Node
Node 0 MemTotal:       24768352 kB
Node 0 MemFree:        15164844 kB
Node 0 MemUsed:         9603508 kB
Node 0 Active:            31204 kB
Node 0 Inactive:          78268 kB
Node 0 Active(anon):      13088 kB
Node 0 Inactive(anon):      464 kB
Node 0 Active(file):      18116 kB
Node 0 Inactive(file):    77804 kB
Node 0 Unevictable:       13268 kB
Node 0 Mlocked:           13268 kB
Node 0 Dirty:                68 kB
Node 0 Writeback:             0 kB
Node 0 FilePages:         99272 kB
Node 0 Mapped:            31144 kB
Node 0 AnonPages:         23468 kB
Node 0 Shmem:               644 kB
Node 0 KernelStack:        2040 kB
Node 0 PageTables:          552 kB
Node 0 NFS_Unstable:          0 kB
Node 0 Bounce:                0 kB
Node 0 WritebackTmp:          0 kB
Node 0 KReclaimable:      18816 kB
Node 0 Slab:              70556 kB
Node 0 SReclaimable:      18816 kB
Node 0 SUnreclaim:        51740 kB
Node 0 AnonHugePages:         0 kB
Node 0 ShmemHugePages:        0 kB
Node 0 ShmemPmdMapped:        0 kB
Node 0 FileHugePages:        0 kB
Node 0 FilePmdMapped:        0 kB
Node 0 HugePages_Total:     0
Node 0 HugePages_Free:      0
Node 0 HugePages_Surp:      0

Node 1 MemTotal:       24661580 kB
Node 1 MemFree:        24024952 kB
Node 1 MemUsed:          636628 kB
Node 1 Active:            67684 kB
Node 1 Inactive:         123892 kB
Node 1 Active(anon):      20264 kB
Node 1 Inactive(anon):      512 kB
Node 1 Active(file):      47420 kB
Node 1 Inactive(file):   123380 kB
Node 1 Unevictable:        5488 kB
Node 1 Mlocked:            5488 kB
Node 1 Dirty:                 8 kB
Node 1 Writeback:             0 kB
Node 1 FilePages:        176960 kB
Node 1 Mapped:            24056 kB
Node 1 AnonPages:         19968 kB
Node 1 Shmem:               668 kB
Node 1 KernelStack:        2568 kB
Node 1 PageTables:          628 kB
Node 1 NFS_Unstable:          0 kB
Node 1 Bounce:                0 kB
Node 1 WritebackTmp:          0 kB
Node 1 KReclaimable:      26128 kB
Node 1 Slab:              87888 kB
Node 1 SReclaimable:      26128 kB
Node 1 SUnreclaim:        61760 kB
Node 1 AnonHugePages:         0 kB
Node 1 ShmemHugePages:        0 kB
Node 1 ShmemPmdMapped:        0 kB
Node 1 FileHugePages:        0 kB
Node 1 FilePmdMapped:        0 kB
Node 1 HugePages_Total:     0
Node 1 HugePages_Free:      0
Node 1 HugePages_Surp:      0

After Test
Node 0 MemTotal:       24768352 kB
Node 0 MemFree:        14865260 kB
Node 0 MemUsed:         9903092 kB
Node 0 Active:            31204 kB
Node 0 Inactive:          78288 kB
Node 0 Active(anon):      13064 kB
Node 0 Inactive(anon):      504 kB
Node 0 Active(file):      18140 kB
Node 0 Inactive(file):    77784 kB
Node 0 Unevictable:       13268 kB
Node 0 Mlocked:           13268 kB
Node 0 Dirty:               124 kB
Node 0 Writeback:             0 kB
Node 0 FilePages:         99316 kB
Node 0 Mapped:            31188 kB
Node 0 AnonPages:         23312 kB
Node 0 Shmem:               684 kB
Node 0 KernelStack:        2088 kB
Node 0 PageTables:          728 kB
Node 0 NFS_Unstable:          0 kB
Node 0 Bounce:                0 kB
Node 0 WritebackTmp:          0 kB
Node 0 KReclaimable:      18864 kB
Node 0 Slab:              73272 kB
Node 0 SReclaimable:      18864 kB
Node 0 SUnreclaim:        54408 kB
Node 0 AnonHugePages:         0 kB
Node 0 ShmemHugePages:        0 kB
Node 0 ShmemPmdMapped:        0 kB
Node 0 FileHugePages:        0 kB
Node 0 FilePmdMapped:        0 kB
Node 0 HugePages_Total:     0
Node 0 HugePages_Free:      0
Node 0 HugePages_Surp:      0

Node 1 MemTotal:       24661580 kB
Node 1 MemFree:        24029244 kB
Node 1 MemUsed:          632336 kB
Node 1 Active:            68032 kB
Node 1 Inactive:         123660 kB
Node 1 Active(anon):      20360 kB
Node 1 Inactive(anon):      480 kB
Node 1 Active(file):      47672 kB
Node 1 Inactive(file):   123180 kB
Node 1 Unevictable:        5488 kB
Node 1 Mlocked:            5488 kB
Node 1 Dirty:                52 kB
Node 1 Writeback:             0 kB
Node 1 FilePages:        176980 kB
Node 1 Mapped:            24012 kB
Node 1 AnonPages:         20212 kB
Node 1 Shmem:               628 kB
Node 1 KernelStack:        2552 kB
Node 1 PageTables:          508 kB
Node 1 NFS_Unstable:          0 kB
Node 1 Bounce:                0 kB
Node 1 WritebackTmp:          0 kB
Node 1 KReclaimable:      26132 kB
Node 1 Slab:              87068 kB
Node 1 SReclaimable:      26132 kB
Node 1 SUnreclaim:        60936 kB
Node 1 AnonHugePages:         0 kB
Node 1 ShmemHugePages:        0 kB
Node 1 ShmemPmdMapped:        0 kB
Node 1 FileHugePages:        0 kB
Node 1 FilePmdMapped:        0 kB
Node 1 HugePages_Total:     0
Node 1 HugePages_Free:      0
Node 1 HugePages_Surp:      0

B.0.fio.8G.2.O Complete!
