B.0.fio.2G.2.O
Begin
Node 0 MemTotal:       24768352 kB
Node 0 MemFree:        24408652 kB
Node 0 MemUsed:          359700 kB
Node 0 Active:            30064 kB
Node 0 Inactive:          46940 kB
Node 0 Active(anon):       7480 kB
Node 0 Inactive(anon):      464 kB
Node 0 Active(file):      22584 kB
Node 0 Inactive(file):    46476 kB
Node 0 Unevictable:       17484 kB
Node 0 Mlocked:           17484 kB
Node 0 Dirty:               120 kB
Node 0 Writeback:             0 kB
Node 0 FilePages:         76856 kB
Node 0 Mapped:            20032 kB
Node 0 AnonPages:         17648 kB
Node 0 Shmem:               640 kB
Node 0 KernelStack:        1768 kB
Node 0 PageTables:          444 kB
Node 0 NFS_Unstable:          0 kB
Node 0 Bounce:                0 kB
Node 0 WritebackTmp:          0 kB
Node 0 KReclaimable:      17072 kB
Node 0 Slab:              44804 kB
Node 0 SReclaimable:      17072 kB
Node 0 SUnreclaim:        27732 kB
Node 0 AnonHugePages:         0 kB
Node 0 ShmemHugePages:        0 kB
Node 0 ShmemPmdMapped:        0 kB
Node 0 FileHugePages:        0 kB
Node 0 FilePmdMapped:        0 kB
Node 0 HugePages_Total:     0
Node 0 HugePages_Free:      0
Node 0 HugePages_Surp:      0

Node 1 MemTotal:       24661580 kB
Node 1 MemFree:        24410332 kB
Node 1 MemUsed:          251248 kB
Node 1 Active:            64176 kB
Node 1 Inactive:          42344 kB
Node 1 Active(anon):      26528 kB
Node 1 Inactive(anon):      420 kB
Node 1 Active(file):      37648 kB
Node 1 Inactive(file):    41924 kB
Node 1 Unevictable:        1036 kB
Node 1 Mlocked:            1036 kB
Node 1 Dirty:               412 kB
Node 1 Writeback:             0 kB
Node 1 FilePages:         81252 kB
Node 1 Mapped:            27088 kB
Node 1 AnonPages:         26392 kB
Node 1 Shmem:               628 kB
Node 1 KernelStack:        1864 kB
Node 1 PageTables:          672 kB
Node 1 NFS_Unstable:          0 kB
Node 1 Bounce:                0 kB
Node 1 WritebackTmp:          0 kB
Node 1 KReclaimable:      25112 kB
Node 1 Slab:              63524 kB
Node 1 SReclaimable:      25112 kB
Node 1 SUnreclaim:        38412 kB
Node 1 AnonHugePages:         0 kB
Node 1 ShmemHugePages:        0 kB
Node 1 ShmemPmdMapped:        0 kB
Node 1 FileHugePages:        0 kB
Node 1 FilePmdMapped:        0 kB
Node 1 HugePages_Total:     0
Node 1 HugePages_Free:      0
Node 1 HugePages_Surp:      0

Load ZFS
Node 0 MemTotal:       24768352 kB
Node 0 MemFree:        24298764 kB
Node 0 MemUsed:          469588 kB
Node 0 Active:            42232 kB
Node 0 Inactive:         135284 kB
Node 0 Active(anon):      18956 kB
Node 0 Inactive(anon):      384 kB
Node 0 Active(file):      23276 kB
Node 0 Inactive(file):   134900 kB
Node 0 Unevictable:       17700 kB
Node 0 Mlocked:           17700 kB
Node 0 Dirty:               136 kB
Node 0 Writeback:             0 kB
Node 0 FilePages:        165836 kB
Node 0 Mapped:            22912 kB
Node 0 AnonPages:         29536 kB
Node 0 Shmem:               504 kB
Node 0 KernelStack:        2164 kB
Node 0 PageTables:         1140 kB
Node 0 NFS_Unstable:          0 kB
Node 0 Bounce:                0 kB
Node 0 WritebackTmp:          0 kB
Node 0 KReclaimable:      18088 kB
Node 0 Slab:              49288 kB
Node 0 SReclaimable:      18088 kB
Node 0 SUnreclaim:        31200 kB
Node 0 AnonHugePages:         0 kB
Node 0 ShmemHugePages:        0 kB
Node 0 ShmemPmdMapped:        0 kB
Node 0 FileHugePages:        0 kB
Node 0 FilePmdMapped:        0 kB
Node 0 HugePages_Total:     0
Node 0 HugePages_Free:      0
Node 0 HugePages_Surp:      0

Node 1 MemTotal:       24661580 kB
Node 1 MemFree:        24377208 kB
Node 1 MemUsed:          284372 kB
Node 1 Active:            78732 kB
Node 1 Inactive:          57496 kB
Node 1 Active(anon):      39256 kB
Node 1 Inactive(anon):      564 kB
Node 1 Active(file):      39476 kB
Node 1 Inactive(file):    56932 kB
Node 1 Unevictable:        1036 kB
Node 1 Mlocked:            1036 kB
Node 1 Dirty:               424 kB
Node 1 Writeback:             0 kB
Node 1 FilePages:         98208 kB
Node 1 Mapped:            28372 kB
Node 1 AnonPages:         38752 kB
Node 1 Shmem:               764 kB
Node 1 KernelStack:        2180 kB
Node 1 PageTables:         1768 kB
Node 1 NFS_Unstable:          0 kB
Node 1 Bounce:                0 kB
Node 1 WritebackTmp:          0 kB
Node 1 KReclaimable:      25676 kB
Node 1 Slab:              65692 kB
Node 1 SReclaimable:      25676 kB
Node 1 SUnreclaim:        40016 kB
Node 1 AnonHugePages:         0 kB
Node 1 ShmemHugePages:        0 kB
Node 1 ShmemPmdMapped:        0 kB
Node 1 FileHugePages:        0 kB
Node 1 FilePmdMapped:        0 kB
Node 1 HugePages_Total:     0
Node 1 HugePages_Free:      0
Node 1 HugePages_Surp:      0

Import tank ZPool
Node 0 MemTotal:       24768352 kB
Node 0 MemFree:        24299508 kB
Node 0 MemUsed:          468844 kB
Node 0 Active:            41816 kB
Node 0 Inactive:         135280 kB
Node 0 Active(anon):      18540 kB
Node 0 Inactive(anon):      380 kB
Node 0 Active(file):      23276 kB
Node 0 Inactive(file):   134900 kB
Node 0 Unevictable:       17716 kB
Node 0 Mlocked:           17716 kB
Node 0 Dirty:               152 kB
Node 0 Writeback:             0 kB
Node 0 FilePages:        165832 kB
Node 0 Mapped:            22452 kB
Node 0 AnonPages:         28976 kB
Node 0 Shmem:               500 kB
Node 0 KernelStack:        2008 kB
Node 0 PageTables:          964 kB
Node 0 NFS_Unstable:          0 kB
Node 0 Bounce:                0 kB
Node 0 WritebackTmp:          0 kB
Node 0 KReclaimable:      18088 kB
Node 0 Slab:              49608 kB
Node 0 SReclaimable:      18088 kB
Node 0 SUnreclaim:        31520 kB
Node 0 AnonHugePages:         0 kB
Node 0 ShmemHugePages:        0 kB
Node 0 ShmemPmdMapped:        0 kB
Node 0 FileHugePages:        0 kB
Node 0 FilePmdMapped:        0 kB
Node 0 HugePages_Total:     0
Node 0 HugePages_Free:      0
Node 0 HugePages_Surp:      0

Node 1 MemTotal:       24661580 kB
Node 1 MemFree:        24358224 kB
Node 1 MemUsed:          303356 kB
Node 1 Active:            78788 kB
Node 1 Inactive:          58696 kB
Node 1 Active(anon):      38948 kB
Node 1 Inactive(anon):      572 kB
Node 1 Active(file):      39840 kB
Node 1 Inactive(file):    58124 kB
Node 1 Unevictable:        1036 kB
Node 1 Mlocked:            1036 kB
Node 1 Dirty:               472 kB
Node 1 Writeback:             0 kB
Node 1 FilePages:         99768 kB
Node 1 Mapped:            28528 kB
Node 1 AnonPages:         38380 kB
Node 1 Shmem:               768 kB
Node 1 KernelStack:        3240 kB
Node 1 PageTables:         1500 kB
Node 1 NFS_Unstable:          0 kB
Node 1 Bounce:                0 kB
Node 1 WritebackTmp:          0 kB
Node 1 KReclaimable:      25796 kB
Node 1 Slab:              72440 kB
Node 1 SReclaimable:      25796 kB
Node 1 SUnreclaim:        46644 kB
Node 1 AnonHugePages:         0 kB
Node 1 ShmemHugePages:        0 kB
Node 1 ShmemPmdMapped:        0 kB
Node 1 FileHugePages:        0 kB
Node 1 FilePmdMapped:        0 kB
Node 1 HugePages_Total:     0
Node 1 HugePages_Free:      0
Node 1 HugePages_Surp:      0

After Opposite Node
Node 0 MemTotal:       24768352 kB
Node 0 MemFree:        24110924 kB
Node 0 MemUsed:          657428 kB
Node 0 Active:            31876 kB
Node 0 Inactive:         134888 kB
Node 0 Active(anon):       8212 kB
Node 0 Inactive(anon):      376 kB
Node 0 Active(file):      23664 kB
Node 0 Inactive(file):   134512 kB
Node 0 Unevictable:       17716 kB
Node 0 Mlocked:           17716 kB
Node 0 Dirty:                28 kB
Node 0 Writeback:             0 kB
Node 0 FilePages:        165832 kB
Node 0 Mapped:            19996 kB
Node 0 AnonPages:         18644 kB
Node 0 Shmem:               500 kB
Node 0 KernelStack:        1736 kB
Node 0 PageTables:          420 kB
Node 0 NFS_Unstable:          0 kB
Node 0 Bounce:                0 kB
Node 0 WritebackTmp:          0 kB
Node 0 KReclaimable:      18088 kB
Node 0 Slab:              50620 kB
Node 0 SReclaimable:      18088 kB
Node 0 SUnreclaim:        32532 kB
Node 0 AnonHugePages:         0 kB
Node 0 ShmemHugePages:        0 kB
Node 0 ShmemPmdMapped:        0 kB
Node 0 FileHugePages:        0 kB
Node 0 FilePmdMapped:        0 kB
Node 0 HugePages_Total:     0
Node 0 HugePages_Free:      0
Node 0 HugePages_Surp:      0

Node 1 MemTotal:       24661580 kB
Node 1 MemFree:        21629804 kB
Node 1 MemUsed:         3031776 kB
Node 1 Active:            66876 kB
Node 1 Inactive:          59288 kB
Node 1 Active(anon):      25480 kB
Node 1 Inactive(anon):      592 kB
Node 1 Active(file):      41396 kB
Node 1 Inactive(file):    58696 kB
Node 1 Unevictable:        1036 kB
Node 1 Mlocked:            1036 kB
Node 1 Dirty:                20 kB
Node 1 Writeback:             0 kB
Node 1 FilePages:        101940 kB
Node 1 Mapped:            27316 kB
Node 1 AnonPages:         25184 kB
Node 1 Shmem:               812 kB
Node 1 KernelStack:        2904 kB
Node 1 PageTables:          744 kB
Node 1 NFS_Unstable:          0 kB
Node 1 Bounce:                0 kB
Node 1 WritebackTmp:          0 kB
Node 1 KReclaimable:      27300 kB
Node 1 Slab:              86732 kB
Node 1 SReclaimable:      27300 kB
Node 1 SUnreclaim:        59432 kB
Node 1 AnonHugePages:         0 kB
Node 1 ShmemHugePages:        0 kB
Node 1 ShmemPmdMapped:        0 kB
Node 1 FileHugePages:        0 kB
Node 1 FilePmdMapped:        0 kB
Node 1 HugePages_Total:     0
Node 1 HugePages_Free:      0
Node 1 HugePages_Surp:      0

After Test
Node 0 MemTotal:       24768352 kB
Node 0 MemFree:        24112116 kB
Node 0 MemUsed:          656236 kB
Node 0 Active:            32064 kB
Node 0 Inactive:         134928 kB
Node 0 Active(anon):       8400 kB
Node 0 Inactive(anon):      412 kB
Node 0 Active(file):      23664 kB
Node 0 Inactive(file):   134516 kB
Node 0 Unevictable:       17716 kB
Node 0 Mlocked:           17716 kB
Node 0 Dirty:                44 kB
Node 0 Writeback:             0 kB
Node 0 FilePages:        165880 kB
Node 0 Mapped:            20040 kB
Node 0 AnonPages:         18692 kB
Node 0 Shmem:               544 kB
Node 0 KernelStack:        1768 kB
Node 0 PageTables:          540 kB
Node 0 NFS_Unstable:          0 kB
Node 0 Bounce:                0 kB
Node 0 WritebackTmp:          0 kB
Node 0 KReclaimable:      18128 kB
Node 0 Slab:              50900 kB
Node 0 SReclaimable:      18128 kB
Node 0 SUnreclaim:        32772 kB
Node 0 AnonHugePages:         0 kB
Node 0 ShmemHugePages:        0 kB
Node 0 ShmemPmdMapped:        0 kB
Node 0 FileHugePages:        0 kB
Node 0 FilePmdMapped:        0 kB
Node 0 HugePages_Total:     0
Node 0 HugePages_Free:      0
Node 0 HugePages_Surp:      0

Node 1 MemTotal:       24661580 kB
Node 1 MemFree:        21632228 kB
Node 1 MemUsed:         3029352 kB
Node 1 Active:            66908 kB
Node 1 Inactive:          59104 kB
Node 1 Active(anon):      25328 kB
Node 1 Inactive(anon):      568 kB
Node 1 Active(file):      41580 kB
Node 1 Inactive(file):    58536 kB
Node 1 Unevictable:        1036 kB
Node 1 Mlocked:            1036 kB
Node 1 Dirty:               144 kB
Node 1 Writeback:             0 kB
Node 1 FilePages:        101920 kB
Node 1 Mapped:            27316 kB
Node 1 AnonPages:         25128 kB
Node 1 Shmem:               768 kB
Node 1 KernelStack:        2872 kB
Node 1 PageTables:          632 kB
Node 1 NFS_Unstable:          0 kB
Node 1 Bounce:                0 kB
Node 1 WritebackTmp:          0 kB
Node 1 KReclaimable:      27300 kB
Node 1 Slab:              86876 kB
Node 1 SReclaimable:      27300 kB
Node 1 SUnreclaim:        59576 kB
Node 1 AnonHugePages:         0 kB
Node 1 ShmemHugePages:        0 kB
Node 1 ShmemPmdMapped:        0 kB
Node 1 FileHugePages:        0 kB
Node 1 FilePmdMapped:        0 kB
Node 1 HugePages_Total:     0
Node 1 HugePages_Free:      0
Node 1 HugePages_Surp:      0

B.0.fio.2G.2.O Complete!
