U.0.bigfio.2-1G.2.O
Begin
Node 0 MemTotal:       24743736 kB
Node 0 MemFree:        24467808 kB
Node 0 MemUsed:          275928 kB
Node 0 Active:            61104 kB
Node 0 Inactive:          79112 kB
Node 0 Active(anon):      20228 kB
Node 0 Inactive(anon):      524 kB
Node 0 Active(file):      40876 kB
Node 0 Inactive(file):    78588 kB
Node 0 Unevictable:       13680 kB
Node 0 Mlocked:           13680 kB
Node 0 Dirty:               444 kB
Node 0 Writeback:             0 kB
Node 0 FilePages:        123500 kB
Node 0 Mapped:            44304 kB
Node 0 AnonPages:         30468 kB
Node 0 Shmem:               672 kB
Node 0 KernelStack:        1896 kB
Node 0 PageTables:          540 kB
Node 0 NFS_Unstable:          0 kB
Node 0 Bounce:                0 kB
Node 0 WritebackTmp:          0 kB
Node 0 KReclaimable:      18648 kB
Node 0 Slab:              43900 kB
Node 0 SReclaimable:      18648 kB
Node 0 SUnreclaim:        25252 kB
Node 0 AnonHugePages:         0 kB
Node 0 ShmemHugePages:        0 kB
Node 0 ShmemPmdMapped:        0 kB
Node 0 FileHugePages:        0 kB
Node 0 FilePmdMapped:        0 kB
Node 0 HugePages_Total:     0
Node 0 HugePages_Free:      0
Node 0 HugePages_Surp:      0

Node 1 MemTotal:       24686196 kB
Node 1 MemFree:        24313036 kB
Node 1 MemUsed:          373160 kB
Node 1 Active:            35364 kB
Node 1 Inactive:          46260 kB
Node 1 Active(anon):      13384 kB
Node 1 Inactive(anon):      344 kB
Node 1 Active(file):      21980 kB
Node 1 Inactive(file):    45916 kB
Node 1 Unevictable:        4844 kB
Node 1 Mlocked:            4844 kB
Node 1 Dirty:                68 kB
Node 1 Writeback:             0 kB
Node 1 FilePages:         73348 kB
Node 1 Mapped:            31548 kB
Node 1 AnonPages:         13176 kB
Node 1 Shmem:               596 kB
Node 1 KernelStack:        1704 kB
Node 1 PageTables:          640 kB
Node 1 NFS_Unstable:          0 kB
Node 1 Bounce:                0 kB
Node 1 WritebackTmp:          0 kB
Node 1 KReclaimable:      23012 kB
Node 1 Slab:              63444 kB
Node 1 SReclaimable:      23012 kB
Node 1 SUnreclaim:        40432 kB
Node 1 AnonHugePages:         0 kB
Node 1 ShmemHugePages:        0 kB
Node 1 ShmemPmdMapped:        0 kB
Node 1 FileHugePages:        0 kB
Node 1 FilePmdMapped:        0 kB
Node 1 HugePages_Total:     0
Node 1 HugePages_Free:      0
Node 1 HugePages_Surp:      0

Load ZFS
Node 0 MemTotal:       24743736 kB
Node 0 MemFree:        24456840 kB
Node 0 MemUsed:          286896 kB
Node 0 Active:            68644 kB
Node 0 Inactive:          79596 kB
Node 0 Active(anon):      26780 kB
Node 0 Inactive(anon):      524 kB
Node 0 Active(file):      41864 kB
Node 0 Inactive(file):    79072 kB
Node 0 Unevictable:       13680 kB
Node 0 Mlocked:           13680 kB
Node 0 Dirty:               224 kB
Node 0 Writeback:             0 kB
Node 0 FilePages:        124960 kB
Node 0 Mapped:            44476 kB
Node 0 AnonPages:         36972 kB
Node 0 Shmem:               672 kB
Node 0 KernelStack:        2088 kB
Node 0 PageTables:         1072 kB
Node 0 NFS_Unstable:          0 kB
Node 0 Bounce:                0 kB
Node 0 WritebackTmp:          0 kB
Node 0 KReclaimable:      19216 kB
Node 0 Slab:              45988 kB
Node 0 SReclaimable:      19216 kB
Node 0 SUnreclaim:        26772 kB
Node 0 AnonHugePages:         0 kB
Node 0 ShmemHugePages:        0 kB
Node 0 ShmemPmdMapped:        0 kB
Node 0 FileHugePages:        0 kB
Node 0 FilePmdMapped:        0 kB
Node 0 HugePages_Total:     0
Node 0 HugePages_Free:      0
Node 0 HugePages_Surp:      0

Node 1 MemTotal:       24686196 kB
Node 1 MemFree:        24310680 kB
Node 1 MemUsed:          375516 kB
Node 1 Active:            40992 kB
Node 1 Inactive:          41796 kB
Node 1 Active(anon):      13424 kB
Node 1 Inactive(anon):      348 kB
Node 1 Active(file):      27568 kB
Node 1 Inactive(file):    41448 kB
Node 1 Unevictable:        4844 kB
Node 1 Mlocked:            4844 kB
Node 1 Dirty:               128 kB
Node 1 Writeback:             0 kB
Node 1 FilePages:         74456 kB
Node 1 Mapped:            31564 kB
Node 1 AnonPages:         13176 kB
Node 1 Shmem:               596 kB
Node 1 KernelStack:        1736 kB
Node 1 PageTables:          640 kB
Node 1 NFS_Unstable:          0 kB
Node 1 Bounce:                0 kB
Node 1 WritebackTmp:          0 kB
Node 1 KReclaimable:      23428 kB
Node 1 Slab:              65576 kB
Node 1 SReclaimable:      23428 kB
Node 1 SUnreclaim:        42148 kB
Node 1 AnonHugePages:         0 kB
Node 1 ShmemHugePages:        0 kB
Node 1 ShmemPmdMapped:        0 kB
Node 1 FileHugePages:        0 kB
Node 1 FilePmdMapped:        0 kB
Node 1 HugePages_Total:     0
Node 1 HugePages_Free:      0
Node 1 HugePages_Surp:      0

Import tank ZPool
Node 0 MemTotal:       24743736 kB
Node 0 MemFree:        24449664 kB
Node 0 MemUsed:          294072 kB
Node 0 Active:            69128 kB
Node 0 Inactive:          80740 kB
Node 0 Active(anon):      26956 kB
Node 0 Inactive(anon):      528 kB
Node 0 Active(file):      42172 kB
Node 0 Inactive(file):    80212 kB
Node 0 Unevictable:       13680 kB
Node 0 Mlocked:           13680 kB
Node 0 Dirty:               240 kB
Node 0 Writeback:             0 kB
Node 0 FilePages:        126412 kB
Node 0 Mapped:            44552 kB
Node 0 AnonPages:         37240 kB
Node 0 Shmem:               676 kB
Node 0 KernelStack:        2120 kB
Node 0 PageTables:         1140 kB
Node 0 NFS_Unstable:          0 kB
Node 0 Bounce:                0 kB
Node 0 WritebackTmp:          0 kB
Node 0 KReclaimable:      19320 kB
Node 0 Slab:              50204 kB
Node 0 SReclaimable:      19320 kB
Node 0 SUnreclaim:        30884 kB
Node 0 AnonHugePages:         0 kB
Node 0 ShmemHugePages:        0 kB
Node 0 ShmemPmdMapped:        0 kB
Node 0 FileHugePages:        0 kB
Node 0 FilePmdMapped:        0 kB
Node 0 HugePages_Total:     0
Node 0 HugePages_Free:      0
Node 0 HugePages_Surp:      0

Node 1 MemTotal:       24686196 kB
Node 1 MemFree:        24297096 kB
Node 1 MemUsed:          389100 kB
Node 1 Active:            41024 kB
Node 1 Inactive:          41768 kB
Node 1 Active(anon):      13420 kB
Node 1 Inactive(anon):      348 kB
Node 1 Active(file):      27604 kB
Node 1 Inactive(file):    41420 kB
Node 1 Unevictable:        4844 kB
Node 1 Mlocked:            4844 kB
Node 1 Dirty:               144 kB
Node 1 Writeback:             0 kB
Node 1 FilePages:         74488 kB
Node 1 Mapped:            31784 kB
Node 1 AnonPages:         13180 kB
Node 1 Shmem:               592 kB
Node 1 KernelStack:        2840 kB
Node 1 PageTables:          640 kB
Node 1 NFS_Unstable:          0 kB
Node 1 Bounce:                0 kB
Node 1 WritebackTmp:          0 kB
Node 1 KReclaimable:      23452 kB
Node 1 Slab:              68224 kB
Node 1 SReclaimable:      23452 kB
Node 1 SUnreclaim:        44772 kB
Node 1 AnonHugePages:         0 kB
Node 1 ShmemHugePages:        0 kB
Node 1 ShmemPmdMapped:        0 kB
Node 1 FileHugePages:        0 kB
Node 1 FilePmdMapped:        0 kB
Node 1 HugePages_Total:     0
Node 1 HugePages_Free:      0
Node 1 HugePages_Surp:      0

After Test
Node 0 MemTotal:       24743736 kB
Node 0 MemFree:        22969596 kB
Node 0 MemUsed:         1774140 kB
Node 0 Active:            63480 kB
Node 0 Inactive:          81804 kB
Node 0 Active(anon):      20040 kB
Node 0 Inactive(anon):      556 kB
Node 0 Active(file):      43440 kB
Node 0 Inactive(file):    81248 kB
Node 0 Unevictable:       13680 kB
Node 0 Mlocked:           13680 kB
Node 0 Dirty:               112 kB
Node 0 Writeback:             0 kB
Node 0 FilePages:        128760 kB
Node 0 Mapped:            44568 kB
Node 0 AnonPages:         29736 kB
Node 0 Shmem:               720 kB
Node 0 KernelStack:        1992 kB
Node 0 PageTables:          704 kB
Node 0 NFS_Unstable:          0 kB
Node 0 Bounce:                0 kB
Node 0 WritebackTmp:          0 kB
Node 0 KReclaimable:      20676 kB
Node 0 Slab:              60212 kB
Node 0 SReclaimable:      20676 kB
Node 0 SUnreclaim:        39536 kB
Node 0 AnonHugePages:         0 kB
Node 0 ShmemHugePages:        0 kB
Node 0 ShmemPmdMapped:        0 kB
Node 0 FileHugePages:        0 kB
Node 0 FilePmdMapped:        0 kB
Node 0 HugePages_Total:     0
Node 0 HugePages_Free:      0
Node 0 HugePages_Surp:      0

Node 1 MemTotal:       24686196 kB
Node 1 MemFree:        23897460 kB
Node 1 MemUsed:          788736 kB
Node 1 Active:            40812 kB
Node 1 Inactive:          41716 kB
Node 1 Active(anon):      13116 kB
Node 1 Inactive(anon):      348 kB
Node 1 Active(file):      27696 kB
Node 1 Inactive(file):    41368 kB
Node 1 Unevictable:        4844 kB
Node 1 Mlocked:            4844 kB
Node 1 Dirty:               100 kB
Node 1 Writeback:             0 kB
Node 1 FilePages:         74496 kB
Node 1 Mapped:            31564 kB
Node 1 AnonPages:         12872 kB
Node 1 Shmem:               592 kB
Node 1 KernelStack:        2760 kB
Node 1 PageTables:          640 kB
Node 1 NFS_Unstable:          0 kB
Node 1 Bounce:                0 kB
Node 1 WritebackTmp:          0 kB
Node 1 KReclaimable:      23452 kB
Node 1 Slab:              69168 kB
Node 1 SReclaimable:      23452 kB
Node 1 SUnreclaim:        45716 kB
Node 1 AnonHugePages:         0 kB
Node 1 ShmemHugePages:        0 kB
Node 1 ShmemPmdMapped:        0 kB
Node 1 FileHugePages:        0 kB
Node 1 FilePmdMapped:        0 kB
Node 1 HugePages_Total:     0
Node 1 HugePages_Free:      0
Node 1 HugePages_Surp:      0

After Opposite Node
Node 0 MemTotal:       24743736 kB
Node 0 MemFree:        22971744 kB
Node 0 MemUsed:         1771992 kB
Node 0 Active:            63376 kB
Node 0 Inactive:          81576 kB
Node 0 Active(anon):      19716 kB
Node 0 Inactive(anon):      528 kB
Node 0 Active(file):      43660 kB
Node 0 Inactive(file):    81048 kB
Node 0 Unevictable:       13680 kB
Node 0 Mlocked:           13680 kB
Node 0 Dirty:               132 kB
Node 0 Writeback:             0 kB
Node 0 FilePages:        128736 kB
Node 0 Mapped:            44532 kB
Node 0 AnonPages:         29896 kB
Node 0 Shmem:               676 kB
Node 0 KernelStack:        1960 kB
Node 0 PageTables:          524 kB
Node 0 NFS_Unstable:          0 kB
Node 0 Bounce:                0 kB
Node 0 WritebackTmp:          0 kB
Node 0 KReclaimable:      20676 kB
Node 0 Slab:              60240 kB
Node 0 SReclaimable:      20676 kB
Node 0 SUnreclaim:        39564 kB
Node 0 AnonHugePages:         0 kB
Node 0 ShmemHugePages:        0 kB
Node 0 ShmemPmdMapped:        0 kB
Node 0 FileHugePages:        0 kB
Node 0 FilePmdMapped:        0 kB
Node 0 HugePages_Total:     0
Node 0 HugePages_Free:      0
Node 0 HugePages_Surp:      0

Node 1 MemTotal:       24686196 kB
Node 1 MemFree:        23892500 kB
Node 1 MemUsed:          793696 kB
Node 1 Active:            40968 kB
Node 1 Inactive:          41748 kB
Node 1 Active(anon):      13268 kB
Node 1 Inactive(anon):      372 kB
Node 1 Active(file):      27700 kB
Node 1 Inactive(file):    41376 kB
Node 1 Unevictable:        4844 kB
Node 1 Mlocked:            4844 kB
Node 1 Dirty:               108 kB
Node 1 Writeback:             0 kB
Node 1 FilePages:         74552 kB
Node 1 Mapped:            31608 kB
Node 1 AnonPages:         12924 kB
Node 1 Shmem:               636 kB
Node 1 KernelStack:        2760 kB
Node 1 PageTables:          764 kB
Node 1 NFS_Unstable:          0 kB
Node 1 Bounce:                0 kB
Node 1 WritebackTmp:          0 kB
Node 1 KReclaimable:      23532 kB
Node 1 Slab:              69752 kB
Node 1 SReclaimable:      23532 kB
Node 1 SUnreclaim:        46220 kB
Node 1 AnonHugePages:         0 kB
Node 1 ShmemHugePages:        0 kB
Node 1 ShmemPmdMapped:        0 kB
Node 1 FileHugePages:        0 kB
Node 1 FilePmdMapped:        0 kB
Node 1 HugePages_Total:     0
Node 1 HugePages_Free:      0
Node 1 HugePages_Surp:      0

U.0.bigfio.2-1G.2.O Complete!
