U.0.smallfio.2-1G.1.O
Begin
Node 0 MemTotal:       24768352 kB
Node 0 MemFree:        24461556 kB
Node 0 MemUsed:          306796 kB
Node 0 Active:            54208 kB
Node 0 Inactive:          99048 kB
Node 0 Active(anon):      14204 kB
Node 0 Inactive(anon):      560 kB
Node 0 Active(file):      40004 kB
Node 0 Inactive(file):    98488 kB
Node 0 Unevictable:        5540 kB
Node 0 Mlocked:            5540 kB
Node 0 Dirty:               284 kB
Node 0 Writeback:             0 kB
Node 0 FilePages:        144856 kB
Node 0 Mapped:            61020 kB
Node 0 AnonPages:         14012 kB
Node 0 Shmem:               812 kB
Node 0 KernelStack:        2056 kB
Node 0 PageTables:          700 kB
Node 0 NFS_Unstable:          0 kB
Node 0 Bounce:                0 kB
Node 0 WritebackTmp:          0 kB
Node 0 KReclaimable:      25512 kB
Node 0 Slab:              65060 kB
Node 0 SReclaimable:      25512 kB
Node 0 SUnreclaim:        39548 kB
Node 0 AnonHugePages:         0 kB
Node 0 ShmemHugePages:        0 kB
Node 0 ShmemPmdMapped:        0 kB
Node 0 FileHugePages:        0 kB
Node 0 FilePmdMapped:        0 kB
Node 0 HugePages_Total:     0
Node 0 HugePages_Free:      0
Node 0 HugePages_Surp:      0

Node 1 MemTotal:       24661580 kB
Node 1 MemFree:        24315176 kB
Node 1 MemUsed:          346404 kB
Node 1 Active:            40224 kB
Node 1 Inactive:          32340 kB
Node 1 Active(anon):      19572 kB
Node 1 Inactive(anon):      320 kB
Node 1 Active(file):      20652 kB
Node 1 Inactive(file):    32020 kB
Node 1 Unevictable:       12980 kB
Node 1 Mlocked:           12980 kB
Node 1 Dirty:                56 kB
Node 1 Writeback:             0 kB
Node 1 FilePages:         55784 kB
Node 1 Mapped:            15676 kB
Node 1 AnonPages:         29868 kB
Node 1 Shmem:               456 kB
Node 1 KernelStack:        1608 kB
Node 1 PageTables:          516 kB
Node 1 NFS_Unstable:          0 kB
Node 1 Bounce:                0 kB
Node 1 WritebackTmp:          0 kB
Node 1 KReclaimable:      16660 kB
Node 1 Slab:              42548 kB
Node 1 SReclaimable:      16660 kB
Node 1 SUnreclaim:        25888 kB
Node 1 AnonHugePages:         0 kB
Node 1 ShmemHugePages:        0 kB
Node 1 ShmemPmdMapped:        0 kB
Node 1 FileHugePages:        0 kB
Node 1 FilePmdMapped:        0 kB
Node 1 HugePages_Total:     0
Node 1 HugePages_Free:      0
Node 1 HugePages_Surp:      0

Load ZFS
Node 0 MemTotal:       24768352 kB
Node 0 MemFree:        24321424 kB
Node 0 MemUsed:          446928 kB
Node 0 Active:            55360 kB
Node 0 Inactive:          99596 kB
Node 0 Active(anon):      14352 kB
Node 0 Inactive(anon):      560 kB
Node 0 Active(file):      41008 kB
Node 0 Inactive(file):    99036 kB
Node 0 Unevictable:        5540 kB
Node 0 Mlocked:            5540 kB
Node 0 Dirty:               316 kB
Node 0 Writeback:             0 kB
Node 0 FilePages:        146392 kB
Node 0 Mapped:            61168 kB
Node 0 AnonPages:         13968 kB
Node 0 Shmem:               812 kB
Node 0 KernelStack:        2056 kB
Node 0 PageTables:          756 kB
Node 0 NFS_Unstable:          0 kB
Node 0 Bounce:                0 kB
Node 0 WritebackTmp:          0 kB
Node 0 KReclaimable:      25900 kB
Node 0 Slab:              67000 kB
Node 0 SReclaimable:      25900 kB
Node 0 SUnreclaim:        41100 kB
Node 0 AnonHugePages:         0 kB
Node 0 ShmemHugePages:        0 kB
Node 0 ShmemPmdMapped:        0 kB
Node 0 FileHugePages:        0 kB
Node 0 FilePmdMapped:        0 kB
Node 0 HugePages_Total:     0
Node 0 HugePages_Free:      0
Node 0 HugePages_Surp:      0

Node 1 MemTotal:       24661580 kB
Node 1 MemFree:        24445428 kB
Node 1 MemUsed:          216152 kB
Node 1 Active:            49392 kB
Node 1 Inactive:          27812 kB
Node 1 Active(anon):      23224 kB
Node 1 Inactive(anon):      320 kB
Node 1 Active(file):      26168 kB
Node 1 Inactive(file):    27492 kB
Node 1 Unevictable:       12980 kB
Node 1 Mlocked:           12980 kB
Node 1 Dirty:                56 kB
Node 1 Writeback:             0 kB
Node 1 FilePages:         56772 kB
Node 1 Mapped:            15596 kB
Node 1 AnonPages:         33512 kB
Node 1 Shmem:               456 kB
Node 1 KernelStack:        1704 kB
Node 1 PageTables:          728 kB
Node 1 NFS_Unstable:          0 kB
Node 1 Bounce:                0 kB
Node 1 WritebackTmp:          0 kB
Node 1 KReclaimable:      17076 kB
Node 1 Slab:              43956 kB
Node 1 SReclaimable:      17076 kB
Node 1 SUnreclaim:        26880 kB
Node 1 AnonHugePages:         0 kB
Node 1 ShmemHugePages:        0 kB
Node 1 ShmemPmdMapped:        0 kB
Node 1 FileHugePages:        0 kB
Node 1 FilePmdMapped:        0 kB
Node 1 HugePages_Total:     0
Node 1 HugePages_Free:      0
Node 1 HugePages_Surp:      0

Import tank ZPool
Node 0 MemTotal:       24768352 kB
Node 0 MemFree:        24300108 kB
Node 0 MemUsed:          468244 kB
Node 0 Active:            56276 kB
Node 0 Inactive:         100776 kB
Node 0 Active(anon):      14940 kB
Node 0 Inactive(anon):      564 kB
Node 0 Active(file):      41336 kB
Node 0 Inactive(file):   100212 kB
Node 0 Unevictable:        5540 kB
Node 0 Mlocked:            5540 kB
Node 0 Dirty:               352 kB
Node 0 Writeback:             0 kB
Node 0 FilePages:        147900 kB
Node 0 Mapped:            61240 kB
Node 0 AnonPages:         14476 kB
Node 0 Shmem:               812 kB
Node 0 KernelStack:        3144 kB
Node 0 PageTables:          840 kB
Node 0 NFS_Unstable:          0 kB
Node 0 Bounce:                0 kB
Node 0 WritebackTmp:          0 kB
Node 0 KReclaimable:      26032 kB
Node 0 Slab:              73692 kB
Node 0 SReclaimable:      26032 kB
Node 0 SUnreclaim:        47660 kB
Node 0 AnonHugePages:         0 kB
Node 0 ShmemHugePages:        0 kB
Node 0 ShmemPmdMapped:        0 kB
Node 0 FileHugePages:        0 kB
Node 0 FilePmdMapped:        0 kB
Node 0 HugePages_Total:     0
Node 0 HugePages_Free:      0
Node 0 HugePages_Surp:      0

Node 1 MemTotal:       24661580 kB
Node 1 MemFree:        24449516 kB
Node 1 MemUsed:          212064 kB
Node 1 Active:            45336 kB
Node 1 Inactive:          27768 kB
Node 1 Active(anon):      19100 kB
Node 1 Inactive(anon):      320 kB
Node 1 Active(file):      26236 kB
Node 1 Inactive(file):    27448 kB
Node 1 Unevictable:       12980 kB
Node 1 Mlocked:           12980 kB
Node 1 Dirty:                56 kB
Node 1 Writeback:             0 kB
Node 1 FilePages:         56812 kB
Node 1 Mapped:            15632 kB
Node 1 AnonPages:         29184 kB
Node 1 Shmem:               456 kB
Node 1 KernelStack:        1624 kB
Node 1 PageTables:          448 kB
Node 1 NFS_Unstable:          0 kB
Node 1 Bounce:                0 kB
Node 1 WritebackTmp:          0 kB
Node 1 KReclaimable:      17076 kB
Node 1 Slab:              43916 kB
Node 1 SReclaimable:      17076 kB
Node 1 SUnreclaim:        26840 kB
Node 1 AnonHugePages:         0 kB
Node 1 ShmemHugePages:        0 kB
Node 1 ShmemPmdMapped:        0 kB
Node 1 FileHugePages:        0 kB
Node 1 FilePmdMapped:        0 kB
Node 1 HugePages_Total:     0
Node 1 HugePages_Free:      0
Node 1 HugePages_Surp:      0

After Test
Node 0 MemTotal:       24768352 kB
Node 0 MemFree:        22564952 kB
Node 0 MemUsed:         2203400 kB
Node 0 Active:            57268 kB
Node 0 Inactive:         101744 kB
Node 0 Active(anon):      14480 kB
Node 0 Inactive(anon):      588 kB
Node 0 Active(file):      42788 kB
Node 0 Inactive(file):   101156 kB
Node 0 Unevictable:        5540 kB
Node 0 Mlocked:            5540 kB
Node 0 Dirty:                64 kB
Node 0 Writeback:             0 kB
Node 0 FilePages:        150332 kB
Node 0 Mapped:            61256 kB
Node 0 AnonPages:         14176 kB
Node 0 Shmem:               852 kB
Node 0 KernelStack:        3208 kB
Node 0 PageTables:          904 kB
Node 0 NFS_Unstable:          0 kB
Node 0 Bounce:                0 kB
Node 0 WritebackTmp:          0 kB
Node 0 KReclaimable:      27332 kB
Node 0 Slab:              84508 kB
Node 0 SReclaimable:      27332 kB
Node 0 SUnreclaim:        57176 kB
Node 0 AnonHugePages:         0 kB
Node 0 ShmemHugePages:        0 kB
Node 0 ShmemPmdMapped:        0 kB
Node 0 FileHugePages:        0 kB
Node 0 FilePmdMapped:        0 kB
Node 0 HugePages_Total:     0
Node 0 HugePages_Free:      0
Node 0 HugePages_Surp:      0

Node 1 MemTotal:       24661580 kB
Node 1 MemFree:        24302644 kB
Node 1 MemUsed:          358936 kB
Node 1 Active:            44884 kB
Node 1 Inactive:          27732 kB
Node 1 Active(anon):      18576 kB
Node 1 Inactive(anon):      324 kB
Node 1 Active(file):      26308 kB
Node 1 Inactive(file):    27408 kB
Node 1 Unevictable:       12980 kB
Node 1 Mlocked:           12980 kB
Node 1 Dirty:                 8 kB
Node 1 Writeback:             0 kB
Node 1 FilePages:         56840 kB
Node 1 Mapped:            15596 kB
Node 1 AnonPages:         28764 kB
Node 1 Shmem:               460 kB
Node 1 KernelStack:        1608 kB
Node 1 PageTables:          408 kB
Node 1 NFS_Unstable:          0 kB
Node 1 Bounce:                0 kB
Node 1 WritebackTmp:          0 kB
Node 1 KReclaimable:      17124 kB
Node 1 Slab:              45060 kB
Node 1 SReclaimable:      17124 kB
Node 1 SUnreclaim:        27936 kB
Node 1 AnonHugePages:         0 kB
Node 1 ShmemHugePages:        0 kB
Node 1 ShmemPmdMapped:        0 kB
Node 1 FileHugePages:        0 kB
Node 1 FilePmdMapped:        0 kB
Node 1 HugePages_Total:     0
Node 1 HugePages_Free:      0
Node 1 HugePages_Surp:      0

After Opposite Node
Node 0 MemTotal:       24768352 kB
Node 0 MemFree:        22567828 kB
Node 0 MemUsed:         2200524 kB
Node 0 Active:            57296 kB
Node 0 Inactive:         101536 kB
Node 0 Active(anon):      14308 kB
Node 0 Inactive(anon):      560 kB
Node 0 Active(file):      42988 kB
Node 0 Inactive(file):   100976 kB
Node 0 Unevictable:        5540 kB
Node 0 Mlocked:            5540 kB
Node 0 Dirty:                80 kB
Node 0 Writeback:             0 kB
Node 0 FilePages:        150308 kB
Node 0 Mapped:            61236 kB
Node 0 AnonPages:         14060 kB
Node 0 Shmem:               808 kB
Node 0 KernelStack:        3160 kB
Node 0 PageTables:          728 kB
Node 0 NFS_Unstable:          0 kB
Node 0 Bounce:                0 kB
Node 0 WritebackTmp:          0 kB
Node 0 KReclaimable:      27340 kB
Node 0 Slab:              84472 kB
Node 0 SReclaimable:      27340 kB
Node 0 SUnreclaim:        57132 kB
Node 0 AnonHugePages:         0 kB
Node 0 ShmemHugePages:        0 kB
Node 0 ShmemPmdMapped:        0 kB
Node 0 FileHugePages:        0 kB
Node 0 FilePmdMapped:        0 kB
Node 0 HugePages_Total:     0
Node 0 HugePages_Free:      0
Node 0 HugePages_Surp:      0

Node 1 MemTotal:       24661580 kB
Node 1 MemFree:        24302532 kB
Node 1 MemUsed:          359048 kB
Node 1 Active:            45104 kB
Node 1 Inactive:          27780 kB
Node 1 Active(anon):      18776 kB
Node 1 Inactive(anon):      360 kB
Node 1 Active(file):      26328 kB
Node 1 Inactive(file):    27420 kB
Node 1 Unevictable:       12980 kB
Node 1 Mlocked:           12980 kB
Node 1 Dirty:                20 kB
Node 1 Writeback:             0 kB
Node 1 FilePages:         56912 kB
Node 1 Mapped:            15640 kB
Node 1 AnonPages:         28820 kB
Node 1 Shmem:               504 kB
Node 1 KernelStack:        1608 kB
Node 1 PageTables:          524 kB
Node 1 NFS_Unstable:          0 kB
Node 1 Bounce:                0 kB
Node 1 WritebackTmp:          0 kB
Node 1 KReclaimable:      17200 kB
Node 1 Slab:              46252 kB
Node 1 SReclaimable:      17200 kB
Node 1 SUnreclaim:        29052 kB
Node 1 AnonHugePages:         0 kB
Node 1 ShmemHugePages:        0 kB
Node 1 ShmemPmdMapped:        0 kB
Node 1 FileHugePages:        0 kB
Node 1 FilePmdMapped:        0 kB
Node 1 HugePages_Total:     0
Node 1 HugePages_Free:      0
Node 1 HugePages_Surp:      0

U.0.smallfio.2-1G.1.O Complete!
