U.0.smallfio.2G.1.O
Begin
Node 0 MemTotal:       24743736 kB
Node 0 MemFree:        24533112 kB
Node 0 MemUsed:          210624 kB
Node 0 Active:            35780 kB
Node 0 Inactive:          23080 kB
Node 0 Active(anon):       8140 kB
Node 0 Inactive(anon):      456 kB
Node 0 Active(file):      27640 kB
Node 0 Inactive(file):    22624 kB
Node 0 Unevictable:       17748 kB
Node 0 Mlocked:           17748 kB
Node 0 Dirty:                24 kB
Node 0 Writeback:             0 kB
Node 0 FilePages:         58316 kB
Node 0 Mapped:            20500 kB
Node 0 AnonPages:         18332 kB
Node 0 Shmem:               620 kB
Node 0 KernelStack:        1864 kB
Node 0 PageTables:          240 kB
Node 0 NFS_Unstable:          0 kB
Node 0 Bounce:                0 kB
Node 0 WritebackTmp:          0 kB
Node 0 KReclaimable:      19568 kB
Node 0 Slab:              48876 kB
Node 0 SReclaimable:      19568 kB
Node 0 SUnreclaim:        29308 kB
Node 0 AnonHugePages:         0 kB
Node 0 ShmemHugePages:        0 kB
Node 0 ShmemPmdMapped:        0 kB
Node 0 FileHugePages:        0 kB
Node 0 FilePmdMapped:        0 kB
Node 0 HugePages_Total:     0
Node 0 HugePages_Free:      0
Node 0 HugePages_Surp:      0

Node 1 MemTotal:       24686196 kB
Node 1 MemFree:        24288352 kB
Node 1 MemUsed:          397844 kB
Node 1 Active:            58180 kB
Node 1 Inactive:          62192 kB
Node 1 Active(anon):      25572 kB
Node 1 Inactive(anon):      424 kB
Node 1 Active(file):      32608 kB
Node 1 Inactive(file):    61768 kB
Node 1 Unevictable:         776 kB
Node 1 Mlocked:             776 kB
Node 1 Dirty:               472 kB
Node 1 Writeback:             0 kB
Node 1 FilePages:         95800 kB
Node 1 Mapped:            19004 kB
Node 1 AnonPages:         25420 kB
Node 1 Shmem:               648 kB
Node 1 KernelStack:        1768 kB
Node 1 PageTables:          780 kB
Node 1 NFS_Unstable:          0 kB
Node 1 Bounce:                0 kB
Node 1 WritebackTmp:          0 kB
Node 1 KReclaimable:      22464 kB
Node 1 Slab:              60064 kB
Node 1 SReclaimable:      22464 kB
Node 1 SUnreclaim:        37600 kB
Node 1 AnonHugePages:         0 kB
Node 1 ShmemHugePages:        0 kB
Node 1 ShmemPmdMapped:        0 kB
Node 1 FileHugePages:        0 kB
Node 1 FilePmdMapped:        0 kB
Node 1 HugePages_Total:     0
Node 1 HugePages_Free:      0
Node 1 HugePages_Surp:      0

Load ZFS
Node 0 MemTotal:       24743736 kB
Node 0 MemFree:        24393260 kB
Node 0 MemUsed:          350476 kB
Node 0 Active:            37172 kB
Node 0 Inactive:          22816 kB
Node 0 Active(anon):       8256 kB
Node 0 Inactive(anon):      456 kB
Node 0 Active(file):      28916 kB
Node 0 Inactive(file):    22360 kB
Node 0 Unevictable:       17748 kB
Node 0 Mlocked:           17748 kB
Node 0 Dirty:                24 kB
Node 0 Writeback:             0 kB
Node 0 FilePages:         59312 kB
Node 0 Mapped:            20660 kB
Node 0 AnonPages:         18284 kB
Node 0 Shmem:               620 kB
Node 0 KernelStack:        1848 kB
Node 0 PageTables:          292 kB
Node 0 NFS_Unstable:          0 kB
Node 0 Bounce:                0 kB
Node 0 WritebackTmp:          0 kB
Node 0 KReclaimable:      19972 kB
Node 0 Slab:              51140 kB
Node 0 SReclaimable:      19972 kB
Node 0 SUnreclaim:        31168 kB
Node 0 AnonHugePages:         0 kB
Node 0 ShmemHugePages:        0 kB
Node 0 ShmemPmdMapped:        0 kB
Node 0 FileHugePages:        0 kB
Node 0 FilePmdMapped:        0 kB
Node 0 HugePages_Total:     0
Node 0 HugePages_Free:      0
Node 0 HugePages_Surp:      0

Node 1 MemTotal:       24686196 kB
Node 1 MemFree:        24419656 kB
Node 1 MemUsed:          266540 kB
Node 1 Active:            66220 kB
Node 1 Inactive:          58472 kB
Node 1 Active(anon):      28360 kB
Node 1 Inactive(anon):      424 kB
Node 1 Active(file):      37860 kB
Node 1 Inactive(file):    58048 kB
Node 1 Unevictable:         776 kB
Node 1 Mlocked:             776 kB
Node 1 Dirty:               500 kB
Node 1 Writeback:             0 kB
Node 1 FilePages:         97332 kB
Node 1 Mapped:            19004 kB
Node 1 AnonPages:         28208 kB
Node 1 Shmem:               648 kB
Node 1 KernelStack:        1880 kB
Node 1 PageTables:          920 kB
Node 1 NFS_Unstable:          0 kB
Node 1 Bounce:                0 kB
Node 1 WritebackTmp:          0 kB
Node 1 KReclaimable:      22956 kB
Node 1 Slab:              61916 kB
Node 1 SReclaimable:      22956 kB
Node 1 SUnreclaim:        38960 kB
Node 1 AnonHugePages:         0 kB
Node 1 ShmemHugePages:        0 kB
Node 1 ShmemPmdMapped:        0 kB
Node 1 FileHugePages:        0 kB
Node 1 FilePmdMapped:        0 kB
Node 1 HugePages_Total:     0
Node 1 HugePages_Free:      0
Node 1 HugePages_Surp:      0

Import tank ZPool
Node 0 MemTotal:       24743736 kB
Node 0 MemFree:        24385552 kB
Node 0 MemUsed:          358184 kB
Node 0 Active:            38000 kB
Node 0 Inactive:          23968 kB
Node 0 Active(anon):       8672 kB
Node 0 Inactive(anon):      460 kB
Node 0 Active(file):      29328 kB
Node 0 Inactive(file):    23508 kB
Node 0 Unevictable:       17748 kB
Node 0 Mlocked:           17748 kB
Node 0 Dirty:                40 kB
Node 0 Writeback:             0 kB
Node 0 FilePages:         60876 kB
Node 0 Mapped:            20664 kB
Node 0 AnonPages:         19004 kB
Node 0 Shmem:               620 kB
Node 0 KernelStack:        1976 kB
Node 0 PageTables:          380 kB
Node 0 NFS_Unstable:          0 kB
Node 0 Bounce:                0 kB
Node 0 WritebackTmp:          0 kB
Node 0 KReclaimable:      20104 kB
Node 0 Slab:              57016 kB
Node 0 SReclaimable:      20104 kB
Node 0 SUnreclaim:        36912 kB
Node 0 AnonHugePages:         0 kB
Node 0 ShmemHugePages:        0 kB
Node 0 ShmemPmdMapped:        0 kB
Node 0 FileHugePages:        0 kB
Node 0 FilePmdMapped:        0 kB
Node 0 HugePages_Total:     0
Node 0 HugePages_Free:      0
Node 0 HugePages_Surp:      0

Node 1 MemTotal:       24686196 kB
Node 1 MemFree:        24406180 kB
Node 1 MemUsed:          280016 kB
Node 1 Active:            62812 kB
Node 1 Inactive:          58460 kB
Node 1 Active(anon):      24928 kB
Node 1 Inactive(anon):      424 kB
Node 1 Active(file):      37884 kB
Node 1 Inactive(file):    58036 kB
Node 1 Unevictable:         776 kB
Node 1 Mlocked:             776 kB
Node 1 Dirty:               180 kB
Node 1 Writeback:             0 kB
Node 1 FilePages:         97344 kB
Node 1 Mapped:            19076 kB
Node 1 AnonPages:         24732 kB
Node 1 Shmem:               648 kB
Node 1 KernelStack:        2792 kB
Node 1 PageTables:          780 kB
Node 1 NFS_Unstable:          0 kB
Node 1 Bounce:                0 kB
Node 1 WritebackTmp:          0 kB
Node 1 KReclaimable:      22956 kB
Node 1 Slab:              64204 kB
Node 1 SReclaimable:      22956 kB
Node 1 SUnreclaim:        41248 kB
Node 1 AnonHugePages:         0 kB
Node 1 ShmemHugePages:        0 kB
Node 1 ShmemPmdMapped:        0 kB
Node 1 FileHugePages:        0 kB
Node 1 FilePmdMapped:        0 kB
Node 1 HugePages_Total:     0
Node 1 HugePages_Free:      0
Node 1 HugePages_Surp:      0

After Test
Node 0 MemTotal:       24743736 kB
Node 0 MemFree:        21736928 kB
Node 0 MemUsed:         3006808 kB
Node 0 Active:            39060 kB
Node 0 Inactive:          24964 kB
Node 0 Active(anon):       8416 kB
Node 0 Inactive(anon):      504 kB
Node 0 Active(file):      30644 kB
Node 0 Inactive(file):    24460 kB
Node 0 Unevictable:       17748 kB
Node 0 Mlocked:           17748 kB
Node 0 Dirty:                36 kB
Node 0 Writeback:             0 kB
Node 0 FilePages:         63184 kB
Node 0 Mapped:            20736 kB
Node 0 AnonPages:         18488 kB
Node 0 Shmem:               664 kB
Node 0 KernelStack:        1864 kB
Node 0 PageTables:          440 kB
Node 0 NFS_Unstable:          0 kB
Node 0 Bounce:                0 kB
Node 0 WritebackTmp:          0 kB
Node 0 KReclaimable:      21480 kB
Node 0 Slab:              70232 kB
Node 0 SReclaimable:      21480 kB
Node 0 SUnreclaim:        48752 kB
Node 0 AnonHugePages:         0 kB
Node 0 ShmemHugePages:        0 kB
Node 0 ShmemPmdMapped:        0 kB
Node 0 FileHugePages:        0 kB
Node 0 FilePmdMapped:        0 kB
Node 0 HugePages_Total:     0
Node 0 HugePages_Free:      0
Node 0 HugePages_Surp:      0

Node 1 MemTotal:       24686196 kB
Node 1 MemFree:        24119964 kB
Node 1 MemUsed:          566232 kB
Node 1 Active:            62604 kB
Node 1 Inactive:          58420 kB
Node 1 Active(anon):      24680 kB
Node 1 Inactive(anon):      424 kB
Node 1 Active(file):      37924 kB
Node 1 Inactive(file):    57996 kB
Node 1 Unevictable:         776 kB
Node 1 Mlocked:             776 kB
Node 1 Dirty:                24 kB
Node 1 Writeback:             0 kB
Node 1 FilePages:         97344 kB
Node 1 Mapped:            19004 kB
Node 1 AnonPages:         24456 kB
Node 1 Shmem:               648 kB
Node 1 KernelStack:        2808 kB
Node 1 PageTables:          724 kB
Node 1 NFS_Unstable:          0 kB
Node 1 Bounce:                0 kB
Node 1 WritebackTmp:          0 kB
Node 1 KReclaimable:      22956 kB
Node 1 Slab:              65448 kB
Node 1 SReclaimable:      22956 kB
Node 1 SUnreclaim:        42492 kB
Node 1 AnonHugePages:         0 kB
Node 1 ShmemHugePages:        0 kB
Node 1 ShmemPmdMapped:        0 kB
Node 1 FileHugePages:        0 kB
Node 1 FilePmdMapped:        0 kB
Node 1 HugePages_Total:     0
Node 1 HugePages_Free:      0
Node 1 HugePages_Surp:      0

After Opposite Node
Node 0 MemTotal:       24743736 kB
Node 0 MemFree:        21742668 kB
Node 0 MemUsed:         3001068 kB
Node 0 Active:            39076 kB
Node 0 Inactive:          24728 kB
Node 0 Active(anon):       8212 kB
Node 0 Inactive(anon):      460 kB
Node 0 Active(file):      30864 kB
Node 0 Inactive(file):    24268 kB
Node 0 Unevictable:       17748 kB
Node 0 Mlocked:           17748 kB
Node 0 Dirty:                48 kB
Node 0 Writeback:             0 kB
Node 0 FilePages:         63176 kB
Node 0 Mapped:            20736 kB
Node 0 AnonPages:         18380 kB
Node 0 Shmem:               620 kB
Node 0 KernelStack:        1832 kB
Node 0 PageTables:          264 kB
Node 0 NFS_Unstable:          0 kB
Node 0 Bounce:                0 kB
Node 0 WritebackTmp:          0 kB
Node 0 KReclaimable:      21484 kB
Node 0 Slab:              70308 kB
Node 0 SReclaimable:      21484 kB
Node 0 SUnreclaim:        48824 kB
Node 0 AnonHugePages:         0 kB
Node 0 ShmemHugePages:        0 kB
Node 0 ShmemPmdMapped:        0 kB
Node 0 FileHugePages:        0 kB
Node 0 FilePmdMapped:        0 kB
Node 0 HugePages_Total:     0
Node 0 HugePages_Free:      0
Node 0 HugePages_Surp:      0

Node 1 MemTotal:       24686196 kB
Node 1 MemFree:        24122620 kB
Node 1 MemUsed:          563576 kB
Node 1 Active:            62832 kB
Node 1 Inactive:          58472 kB
Node 1 Active(anon):      24888 kB
Node 1 Inactive(anon):      460 kB
Node 1 Active(file):      37944 kB
Node 1 Inactive(file):    58012 kB
Node 1 Unevictable:         776 kB
Node 1 Mlocked:             776 kB
Node 1 Dirty:                28 kB
Node 1 Writeback:             0 kB
Node 1 FilePages:         97424 kB
Node 1 Mapped:            19048 kB
Node 1 AnonPages:         24524 kB
Node 1 Shmem:               692 kB
Node 1 KernelStack:        2824 kB
Node 1 PageTables:          836 kB
Node 1 NFS_Unstable:          0 kB
Node 1 Bounce:                0 kB
Node 1 WritebackTmp:          0 kB
Node 1 KReclaimable:      22996 kB
Node 1 Slab:              66316 kB
Node 1 SReclaimable:      22996 kB
Node 1 SUnreclaim:        43320 kB
Node 1 AnonHugePages:         0 kB
Node 1 ShmemHugePages:        0 kB
Node 1 ShmemPmdMapped:        0 kB
Node 1 FileHugePages:        0 kB
Node 1 FilePmdMapped:        0 kB
Node 1 HugePages_Total:     0
Node 1 HugePages_Free:      0
Node 1 HugePages_Surp:      0

U.0.smallfio.2G.1.O Complete!
