kernel.numa_balancing = 0
B.1.1G-simpleread.16G.3.O.1M
Begin
Node 0 MemTotal:       24768352 kB
Node 0 MemFree:        24321360 kB
Node 0 MemUsed:          446992 kB
Node 0 Active:            65492 kB
Node 0 Inactive:          78472 kB
Node 0 Active(anon):      27912 kB
Node 0 Inactive(anon):      276 kB
Node 0 Active(file):      37580 kB
Node 0 Inactive(file):    78196 kB
Node 0 Unevictable:       12892 kB
Node 0 Mlocked:           12892 kB
Node 0 Dirty:               244 kB
Node 0 Writeback:             0 kB
Node 0 FilePages:        118828 kB
Node 0 Mapped:            37264 kB
Node 0 AnonPages:         38084 kB
Node 0 Shmem:               452 kB
Node 0 KernelStack:        2488 kB
Node 0 PageTables:          856 kB
Node 0 NFS_Unstable:          0 kB
Node 0 Bounce:                0 kB
Node 0 WritebackTmp:          0 kB
Node 0 KReclaimable:      24904 kB
Node 0 Slab:              69120 kB
Node 0 SReclaimable:      24904 kB
Node 0 SUnreclaim:        44216 kB
Node 0 AnonHugePages:         0 kB
Node 0 ShmemHugePages:        0 kB
Node 0 ShmemPmdMapped:        0 kB
Node 0 FileHugePages:        0 kB
Node 0 FilePmdMapped:        0 kB
Node 0 HugePages_Total:     0
Node 0 HugePages_Free:      0
Node 0 HugePages_Surp:      0

Node 1 MemTotal:       24661580 kB
Node 1 MemFree:        24481772 kB
Node 1 MemUsed:          179808 kB
Node 1 Active:            30140 kB
Node 1 Inactive:          22652 kB
Node 1 Active(anon):       6032 kB
Node 1 Inactive(anon):      576 kB
Node 1 Active(file):      24108 kB
Node 1 Inactive(file):    22076 kB
Node 1 Unevictable:        5628 kB
Node 1 Mlocked:            5628 kB
Node 1 Dirty:               264 kB
Node 1 Writeback:             0 kB
Node 1 FilePages:         52628 kB
Node 1 Mapped:            15408 kB
Node 1 AnonPages:          5864 kB
Node 1 Shmem:               816 kB
Node 1 KernelStack:        1096 kB
Node 1 PageTables:          244 kB
Node 1 NFS_Unstable:          0 kB
Node 1 Bounce:                0 kB
Node 1 WritebackTmp:          0 kB
Node 1 KReclaimable:      16456 kB
Node 1 Slab:              37080 kB
Node 1 SReclaimable:      16456 kB
Node 1 SUnreclaim:        20624 kB
Node 1 AnonHugePages:         0 kB
Node 1 ShmemHugePages:        0 kB
Node 1 ShmemPmdMapped:        0 kB
Node 1 FileHugePages:        0 kB
Node 1 FilePmdMapped:        0 kB
Node 1 HugePages_Total:     0
Node 1 HugePages_Free:      0
Node 1 HugePages_Surp:      0

Load ZFS
Node 0 MemTotal:       24768352 kB
Node 0 MemFree:        24415656 kB
Node 0 MemUsed:          352696 kB
Node 0 Active:            79784 kB
Node 0 Inactive:         101616 kB
Node 0 Active(anon):      40732 kB
Node 0 Inactive(anon):      456 kB
Node 0 Active(file):      39052 kB
Node 0 Inactive(file):   101160 kB
Node 0 Unevictable:       13092 kB
Node 0 Mlocked:           13092 kB
Node 0 Dirty:               512 kB
Node 0 Writeback:             0 kB
Node 0 FilePages:        143432 kB
Node 0 Mapped:            39176 kB
Node 0 AnonPages:         51096 kB
Node 0 Shmem:               656 kB
Node 0 KernelStack:        2900 kB
Node 0 PageTables:         1792 kB
Node 0 NFS_Unstable:          0 kB
Node 0 Bounce:                0 kB
Node 0 WritebackTmp:          0 kB
Node 0 KReclaimable:      25596 kB
Node 0 Slab:              71424 kB
Node 0 SReclaimable:      25596 kB
Node 0 SUnreclaim:        45828 kB
Node 0 AnonHugePages:         0 kB
Node 0 ShmemHugePages:        0 kB
Node 0 ShmemPmdMapped:        0 kB
Node 0 FileHugePages:        0 kB
Node 0 FilePmdMapped:        0 kB
Node 0 HugePages_Total:     0
Node 0 HugePages_Free:      0
Node 0 HugePages_Surp:      0

Node 1 MemTotal:       24661580 kB
Node 1 MemFree:        24242836 kB
Node 1 MemUsed:          418744 kB
Node 1 Active:            45168 kB
Node 1 Inactive:         103000 kB
Node 1 Active(anon):      20104 kB
Node 1 Inactive(anon):      488 kB
Node 1 Active(file):      25064 kB
Node 1 Inactive(file):   102512 kB
Node 1 Unevictable:        5628 kB
Node 1 Mlocked:            5628 kB
Node 1 Dirty:                32 kB
Node 1 Writeback:             0 kB
Node 1 FilePages:        133816 kB
Node 1 Mapped:            17704 kB
Node 1 AnonPages:         20032 kB
Node 1 Shmem:               612 kB
Node 1 KernelStack:        1352 kB
Node 1 PageTables:         1248 kB
Node 1 NFS_Unstable:          0 kB
Node 1 Bounce:                0 kB
Node 1 WritebackTmp:          0 kB
Node 1 KReclaimable:      17536 kB
Node 1 Slab:              41604 kB
Node 1 SReclaimable:      17536 kB
Node 1 SUnreclaim:        24068 kB
Node 1 AnonHugePages:         0 kB
Node 1 ShmemHugePages:        0 kB
Node 1 ShmemPmdMapped:        0 kB
Node 1 FileHugePages:        0 kB
Node 1 FilePmdMapped:        0 kB
Node 1 HugePages_Total:     0
Node 1 HugePages_Free:      0
Node 1 HugePages_Surp:      0

Import tank ZPool
Node 0 MemTotal:       24768352 kB
Node 0 MemFree:        24397160 kB
Node 0 MemUsed:          371192 kB
Node 0 Active:            80304 kB
Node 0 Inactive:         102860 kB
Node 0 Active(anon):      40824 kB
Node 0 Inactive(anon):      464 kB
Node 0 Active(file):      39480 kB
Node 0 Inactive(file):   102396 kB
Node 0 Unevictable:       13124 kB
Node 0 Mlocked:           13124 kB
Node 0 Dirty:               464 kB
Node 0 Writeback:           104 kB
Node 0 FilePages:        145140 kB
Node 0 Mapped:            39184 kB
Node 0 AnonPages:         51104 kB
Node 0 Shmem:               660 kB
Node 0 KernelStack:        3960 kB
Node 0 PageTables:         1892 kB
Node 0 NFS_Unstable:          0 kB
Node 0 Bounce:                0 kB
Node 0 WritebackTmp:          0 kB
Node 0 KReclaimable:      25724 kB
Node 0 Slab:              78300 kB
Node 0 SReclaimable:      25724 kB
Node 0 SUnreclaim:        52576 kB
Node 0 AnonHugePages:         0 kB
Node 0 ShmemHugePages:        0 kB
Node 0 ShmemPmdMapped:        0 kB
Node 0 FileHugePages:        0 kB
Node 0 FilePmdMapped:        0 kB
Node 0 HugePages_Total:     0
Node 0 HugePages_Free:      0
Node 0 HugePages_Surp:      0

Node 1 MemTotal:       24661580 kB
Node 1 MemFree:        24244900 kB
Node 1 MemUsed:          416680 kB
Node 1 Active:            44780 kB
Node 1 Inactive:         102996 kB
Node 1 Active(anon):      19716 kB
Node 1 Inactive(anon):      484 kB
Node 1 Active(file):      25064 kB
Node 1 Inactive(file):   102512 kB
Node 1 Unevictable:        5628 kB
Node 1 Mlocked:            5628 kB
Node 1 Dirty:                56 kB
Node 1 Writeback:             0 kB
Node 1 FilePages:        133844 kB
Node 1 Mapped:            17400 kB
Node 1 AnonPages:         19592 kB
Node 1 Shmem:               608 kB
Node 1 KernelStack:        1288 kB
Node 1 PageTables:         1144 kB
Node 1 NFS_Unstable:          0 kB
Node 1 Bounce:                0 kB
Node 1 WritebackTmp:          0 kB
Node 1 KReclaimable:      17536 kB
Node 1 Slab:              41436 kB
Node 1 SReclaimable:      17536 kB
Node 1 SUnreclaim:        23900 kB
Node 1 AnonHugePages:         0 kB
Node 1 ShmemHugePages:        0 kB
Node 1 ShmemPmdMapped:        0 kB
Node 1 FileHugePages:        0 kB
Node 1 FilePmdMapped:        0 kB
Node 1 HugePages_Total:     0
Node 1 HugePages_Free:      0
Node 1 HugePages_Surp:      0

After Test
Node 0 MemTotal:       24768352 kB
Node 0 MemFree:        23377796 kB
Node 0 MemUsed:         1390556 kB
Node 0 Active:           105488 kB
Node 0 Inactive:         103712 kB
Node 0 Active(anon):      61040 kB
Node 0 Inactive(anon):      312 kB
Node 0 Active(file):      44448 kB
Node 0 Inactive(file):   103400 kB
Node 0 Unevictable:       13124 kB
Node 0 Mlocked:           13124 kB
Node 0 Dirty:                32 kB
Node 0 Writeback:             0 kB
Node 0 FilePages:        151072 kB
Node 0 Mapped:            40464 kB
Node 0 AnonPages:         71248 kB
Node 0 Shmem:               660 kB
Node 0 KernelStack:        3448 kB
Node 0 PageTables:          960 kB
Node 0 NFS_Unstable:          0 kB
Node 0 Bounce:                0 kB
Node 0 WritebackTmp:          0 kB
Node 0 KReclaimable:      26624 kB
Node 0 Slab:              84004 kB
Node 0 SReclaimable:      26624 kB
Node 0 SUnreclaim:        57380 kB
Node 0 AnonHugePages:         0 kB
Node 0 ShmemHugePages:        0 kB
Node 0 ShmemPmdMapped:        0 kB
Node 0 FileHugePages:        0 kB
Node 0 FilePmdMapped:        0 kB
Node 0 HugePages_Total:     0
Node 0 HugePages_Free:      0
Node 0 HugePages_Surp:      0

Node 1 MemTotal:       24661580 kB
Node 1 MemFree:         6597408 kB
Node 1 MemUsed:        18064172 kB
Node 1 Active:            37976 kB
Node 1 Inactive:        1085568 kB
Node 1 Active(anon):       9244 kB
Node 1 Inactive(anon):      344 kB
Node 1 Active(file):      28732 kB
Node 1 Inactive(file):  1085224 kB
Node 1 Unevictable:        5628 kB
Node 1 Mlocked:            5628 kB
Node 1 Dirty:                16 kB
Node 1 Writeback:             0 kB
Node 1 FilePages:       1120228 kB
Node 1 Mapped:            21812 kB
Node 1 AnonPages:          8824 kB
Node 1 Shmem:               612 kB
Node 1 KernelStack:        1080 kB
Node 1 PageTables:          516 kB
Node 1 NFS_Unstable:          0 kB
Node 1 Bounce:                0 kB
Node 1 WritebackTmp:          0 kB
Node 1 KReclaimable:      21148 kB
Node 1 Slab:             104696 kB
Node 1 SReclaimable:      21148 kB
Node 1 SUnreclaim:        83548 kB
Node 1 AnonHugePages:         0 kB
Node 1 ShmemHugePages:        0 kB
Node 1 ShmemPmdMapped:        0 kB
Node 1 FileHugePages:        0 kB
Node 1 FilePmdMapped:        0 kB
Node 1 HugePages_Total:     0
Node 1 HugePages_Free:      0
Node 1 HugePages_Surp:      0

After Opposite Node
Node 0 MemTotal:       24768352 kB
Node 0 MemFree:        23380520 kB
Node 0 MemUsed:         1387832 kB
Node 0 Active:           106288 kB
Node 0 Inactive:         103396 kB
Node 0 Active(anon):      61500 kB
Node 0 Inactive(anon):      312 kB
Node 0 Active(file):      44788 kB
Node 0 Inactive(file):   103084 kB
Node 0 Unevictable:       13124 kB
Node 0 Mlocked:           13124 kB
Node 0 Dirty:                60 kB
Node 0 Writeback:             0 kB
Node 0 FilePages:        151096 kB
Node 0 Mapped:            40260 kB
Node 0 AnonPages:         71516 kB
Node 0 Shmem:               660 kB
Node 0 KernelStack:        3448 kB
Node 0 PageTables:         1168 kB
Node 0 NFS_Unstable:          0 kB
Node 0 Bounce:                0 kB
Node 0 WritebackTmp:          0 kB
Node 0 KReclaimable:      26664 kB
Node 0 Slab:              84332 kB
Node 0 SReclaimable:      26664 kB
Node 0 SUnreclaim:        57668 kB
Node 0 AnonHugePages:         0 kB
Node 0 ShmemHugePages:        0 kB
Node 0 ShmemPmdMapped:        0 kB
Node 0 FileHugePages:        0 kB
Node 0 FilePmdMapped:        0 kB
Node 0 HugePages_Total:     0
Node 0 HugePages_Free:      0
Node 0 HugePages_Surp:      0

Node 1 MemTotal:       24661580 kB
Node 1 MemFree:         6598160 kB
Node 1 MemUsed:        18063420 kB
Node 1 Active:            37576 kB
Node 1 Inactive:        1085568 kB
Node 1 Active(anon):       8800 kB
Node 1 Inactive(anon):      344 kB
Node 1 Active(file):      28776 kB
Node 1 Inactive(file):  1085224 kB
Node 1 Unevictable:        5628 kB
Node 1 Mlocked:            5628 kB
Node 1 Dirty:                20 kB
Node 1 Writeback:             0 kB
Node 1 FilePages:       1120248 kB
Node 1 Mapped:            21808 kB
Node 1 AnonPages:          8552 kB
Node 1 Shmem:               612 kB
Node 1 KernelStack:        1080 kB
Node 1 PageTables:          296 kB
Node 1 NFS_Unstable:          0 kB
Node 1 Bounce:                0 kB
Node 1 WritebackTmp:          0 kB
Node 1 KReclaimable:      21148 kB
Node 1 Slab:             104668 kB
Node 1 SReclaimable:      21148 kB
Node 1 SUnreclaim:        83520 kB
Node 1 AnonHugePages:         0 kB
Node 1 ShmemHugePages:        0 kB
Node 1 ShmemPmdMapped:        0 kB
Node 1 FileHugePages:        0 kB
Node 1 FilePmdMapped:        0 kB
Node 1 HugePages_Total:     0
Node 1 HugePages_Free:      0
Node 1 HugePages_Surp:      0

B.1.1G-simpleread.16G.3.O.1M Complete!
