kernel.numa_balancing = 0
10 Tests Remaining!
B.1.2M-simpleread.2G.1.O.1M
Begin
Node 0 MemTotal:       24743736 kB
Node 0 MemFree:        24334480 kB
Node 0 MemUsed:          409256 kB
Node 0 Active:            39520 kB
Node 0 Inactive:          75588 kB
Node 0 Active(anon):      21252 kB
Node 0 Inactive(anon):      540 kB
Node 0 Active(file):      18268 kB
Node 0 Inactive(file):    75048 kB
Node 0 Unevictable:       12728 kB
Node 0 Mlocked:           12728 kB
Node 0 Dirty:               168 kB
Node 0 Writeback:             0 kB
Node 0 FilePages:         96464 kB
Node 0 Mapped:            52832 kB
Node 0 AnonPages:         31396 kB
Node 0 Shmem:               736 kB
Node 0 KernelStack:        2280 kB
Node 0 PageTables:          968 kB
Node 0 NFS_Unstable:          0 kB
Node 0 Bounce:                0 kB
Node 0 WritebackTmp:          0 kB
Node 0 KReclaimable:      21876 kB
Node 0 Slab:              59108 kB
Node 0 SReclaimable:      21876 kB
Node 0 SUnreclaim:        37232 kB
Node 0 AnonHugePages:         0 kB
Node 0 ShmemHugePages:        0 kB
Node 0 ShmemPmdMapped:        0 kB
Node 0 FileHugePages:        0 kB
Node 0 FilePmdMapped:        0 kB
Node 0 HugePages_Total:     0
Node 0 HugePages_Free:      0
Node 0 HugePages_Surp:      0

Node 1 MemTotal:       24686196 kB
Node 1 MemFree:        24432060 kB
Node 1 MemUsed:          254136 kB
Node 1 Active:            60224 kB
Node 1 Inactive:          59976 kB
Node 1 Active(anon):      13188 kB
Node 1 Inactive(anon):      344 kB
Node 1 Active(file):      47036 kB
Node 1 Inactive(file):    59632 kB
Node 1 Unevictable:        5792 kB
Node 1 Mlocked:            5792 kB
Node 1 Dirty:               104 kB
Node 1 Writeback:             0 kB
Node 1 FilePages:        112988 kB
Node 1 Mapped:            25224 kB
Node 1 AnonPages:         12916 kB
Node 1 Shmem:               532 kB
Node 1 KernelStack:        1576 kB
Node 1 PageTables:          416 kB
Node 1 NFS_Unstable:          0 kB
Node 1 Bounce:                0 kB
Node 1 WritebackTmp:          0 kB
Node 1 KReclaimable:      21644 kB
Node 1 Slab:              50224 kB
Node 1 SReclaimable:      21644 kB
Node 1 SUnreclaim:        28580 kB
Node 1 AnonHugePages:         0 kB
Node 1 ShmemHugePages:        0 kB
Node 1 ShmemPmdMapped:        0 kB
Node 1 FileHugePages:        0 kB
Node 1 FilePmdMapped:        0 kB
Node 1 HugePages_Total:     0
Node 1 HugePages_Free:      0
Node 1 HugePages_Surp:      0

Load ZFS
Node 0 MemTotal:       24743736 kB
Node 0 MemFree:        24239400 kB
Node 0 MemUsed:          504336 kB
Node 0 Active:            55868 kB
Node 0 Inactive:         147748 kB
Node 0 Active(anon):      36248 kB
Node 0 Inactive(anon):      528 kB
Node 0 Active(file):      19620 kB
Node 0 Inactive(file):   147220 kB
Node 0 Unevictable:       12940 kB
Node 0 Mlocked:           12940 kB
Node 0 Dirty:               476 kB
Node 0 Writeback:             0 kB
Node 0 FilePages:        170104 kB
Node 0 Mapped:            54772 kB
Node 0 AnonPages:         44908 kB
Node 0 Shmem:               860 kB
Node 0 KernelStack:        2724 kB
Node 0 PageTables:         2424 kB
Node 0 NFS_Unstable:          0 kB
Node 0 Bounce:                0 kB
Node 0 WritebackTmp:          0 kB
Node 0 KReclaimable:      22616 kB
Node 0 Slab:              62164 kB
Node 0 SReclaimable:      22616 kB
Node 0 SUnreclaim:        39548 kB
Node 0 AnonHugePages:         0 kB
Node 0 ShmemHugePages:        0 kB
Node 0 ShmemPmdMapped:        0 kB
Node 0 FileHugePages:        0 kB
Node 0 FilePmdMapped:        0 kB
Node 0 HugePages_Total:     0
Node 0 HugePages_Free:      0
Node 0 HugePages_Surp:      0

Node 1 MemTotal:       24686196 kB
Node 1 MemFree:        24383784 kB
Node 1 MemUsed:          302412 kB
Node 1 Active:            71776 kB
Node 1 Inactive:          91308 kB
Node 1 Active(anon):      23756 kB
Node 1 Inactive(anon):      156 kB
Node 1 Active(file):      48020 kB
Node 1 Inactive(file):    91152 kB
Node 1 Unevictable:        5792 kB
Node 1 Mlocked:            5792 kB
Node 1 Dirty:                52 kB
Node 1 Writeback:             0 kB
Node 1 FilePages:        145512 kB
Node 1 Mapped:            27464 kB
Node 1 AnonPages:         23944 kB
Node 1 Shmem:               408 kB
Node 1 KernelStack:        1640 kB
Node 1 PageTables:          768 kB
Node 1 NFS_Unstable:          0 kB
Node 1 Bounce:                0 kB
Node 1 WritebackTmp:          0 kB
Node 1 KReclaimable:      22176 kB
Node 1 Slab:              52684 kB
Node 1 SReclaimable:      22176 kB
Node 1 SUnreclaim:        30508 kB
Node 1 AnonHugePages:         0 kB
Node 1 ShmemHugePages:        0 kB
Node 1 ShmemPmdMapped:        0 kB
Node 1 FileHugePages:        0 kB
Node 1 FilePmdMapped:        0 kB
Node 1 HugePages_Total:     0
Node 1 HugePages_Free:      0
Node 1 HugePages_Surp:      0

Import tank ZPool
Node 0 MemTotal:       24743736 kB
Node 0 MemFree:        24245584 kB
Node 0 MemUsed:          498152 kB
Node 0 Active:            41440 kB
Node 0 Inactive:         148752 kB
Node 0 Active(anon):      21412 kB
Node 0 Inactive(anon):      480 kB
Node 0 Active(file):      20028 kB
Node 0 Inactive(file):   148272 kB
Node 0 Unevictable:       12956 kB
Node 0 Mlocked:           12956 kB
Node 0 Dirty:               560 kB
Node 0 Writeback:             0 kB
Node 0 FilePages:        171344 kB
Node 0 Mapped:            53720 kB
Node 0 AnonPages:         31236 kB
Node 0 Shmem:               636 kB
Node 0 KernelStack:        3472 kB
Node 0 PageTables:         1928 kB
Node 0 NFS_Unstable:          0 kB
Node 0 Bounce:                0 kB
Node 0 WritebackTmp:          0 kB
Node 0 KReclaimable:      22752 kB
Node 0 Slab:              68980 kB
Node 0 SReclaimable:      22752 kB
Node 0 SUnreclaim:        46228 kB
Node 0 AnonHugePages:         0 kB
Node 0 ShmemHugePages:        0 kB
Node 0 ShmemPmdMapped:        0 kB
Node 0 FileHugePages:        0 kB
Node 0 FilePmdMapped:        0 kB
Node 0 HugePages_Total:     0
Node 0 HugePages_Free:      0
Node 0 HugePages_Surp:      0

Node 1 MemTotal:       24686196 kB
Node 1 MemFree:        24384768 kB
Node 1 MemUsed:          301428 kB
Node 1 Active:            61564 kB
Node 1 Inactive:          91632 kB
Node 1 Active(anon):      13540 kB
Node 1 Inactive(anon):      468 kB
Node 1 Active(file):      48024 kB
Node 1 Inactive(file):    91164 kB
Node 1 Unevictable:        5792 kB
Node 1 Mlocked:            5792 kB
Node 1 Dirty:                76 kB
Node 1 Writeback:             0 kB
Node 1 FilePages:        145640 kB
Node 1 Mapped:            25588 kB
Node 1 AnonPages:         13124 kB
Node 1 Shmem:               632 kB
Node 1 KernelStack:        1576 kB
Node 1 PageTables:          568 kB
Node 1 NFS_Unstable:          0 kB
Node 1 Bounce:                0 kB
Node 1 WritebackTmp:          0 kB
Node 1 KReclaimable:      22248 kB
Node 1 Slab:              53064 kB
Node 1 SReclaimable:      22248 kB
Node 1 SUnreclaim:        30816 kB
Node 1 AnonHugePages:         0 kB
Node 1 ShmemHugePages:        0 kB
Node 1 ShmemPmdMapped:        0 kB
Node 1 FileHugePages:        0 kB
Node 1 FilePmdMapped:        0 kB
Node 1 HugePages_Total:     0
Node 1 HugePages_Free:      0
Node 1 HugePages_Surp:      0

After Test
Node 0 MemTotal:       24743736 kB
Node 0 MemFree:        21783888 kB
Node 0 MemUsed:         2959848 kB
Node 0 Active:            41080 kB
Node 0 Inactive:         149920 kB
Node 0 Active(anon):      20232 kB
Node 0 Inactive(anon):      472 kB
Node 0 Active(file):      20848 kB
Node 0 Inactive(file):   149448 kB
Node 0 Unevictable:       12956 kB
Node 0 Mlocked:           12956 kB
Node 0 Dirty:                24 kB
Node 0 Writeback:             0 kB
Node 0 FilePages:        173336 kB
Node 0 Mapped:            52740 kB
Node 0 AnonPages:         30620 kB
Node 0 Shmem:               636 kB
Node 0 KernelStack:        3080 kB
Node 0 PageTables:          744 kB
Node 0 NFS_Unstable:          0 kB
Node 0 Bounce:                0 kB
Node 0 WritebackTmp:          0 kB
Node 0 KReclaimable:      22844 kB
Node 0 Slab:              79768 kB
Node 0 SReclaimable:      22844 kB
Node 0 SUnreclaim:        56924 kB
Node 0 AnonHugePages:         0 kB
Node 0 ShmemHugePages:        0 kB
Node 0 ShmemPmdMapped:        0 kB
Node 0 FileHugePages:        0 kB
Node 0 FilePmdMapped:        0 kB
Node 0 HugePages_Total:     0
Node 0 HugePages_Free:      0
Node 0 HugePages_Surp:      0

Node 1 MemTotal:       24686196 kB
Node 1 MemFree:        23911468 kB
Node 1 MemUsed:          774728 kB
Node 1 Active:            62140 kB
Node 1 Inactive:          91504 kB
Node 1 Active(anon):      13276 kB
Node 1 Inactive(anon):      468 kB
Node 1 Active(file):      48864 kB
Node 1 Inactive(file):    91036 kB
Node 1 Unevictable:        5792 kB
Node 1 Mlocked:            5792 kB
Node 1 Dirty:                36 kB
Node 1 Writeback:             0 kB
Node 1 FilePages:        146320 kB
Node 1 Mapped:            25148 kB
Node 1 AnonPages:         12980 kB
Node 1 Shmem:               632 kB
Node 1 KernelStack:        1576 kB
Node 1 PageTables:          460 kB
Node 1 NFS_Unstable:          0 kB
Node 1 Bounce:                0 kB
Node 1 WritebackTmp:          0 kB
Node 1 KReclaimable:      22280 kB
Node 1 Slab:              55084 kB
Node 1 SReclaimable:      22280 kB
Node 1 SUnreclaim:        32804 kB
Node 1 AnonHugePages:         0 kB
Node 1 ShmemHugePages:        0 kB
Node 1 ShmemPmdMapped:        0 kB
Node 1 FileHugePages:        0 kB
Node 1 FilePmdMapped:        0 kB
Node 1 HugePages_Total:     0
Node 1 HugePages_Free:      0
Node 1 HugePages_Surp:      0

After Opposite Node
Node 0 MemTotal:       24743736 kB
Node 0 MemFree:        21786840 kB
Node 0 MemUsed:         2956896 kB
Node 0 Active:            41552 kB
Node 0 Inactive:         149684 kB
Node 0 Active(anon):      20448 kB
Node 0 Inactive(anon):      472 kB
Node 0 Active(file):      21104 kB
Node 0 Inactive(file):   149212 kB
Node 0 Unevictable:       12956 kB
Node 0 Mlocked:           12956 kB
Node 0 Dirty:                32 kB
Node 0 Writeback:             0 kB
Node 0 FilePages:        173356 kB
Node 0 Mapped:            53020 kB
Node 0 AnonPages:         30408 kB
Node 0 Shmem:               636 kB
Node 0 KernelStack:        3064 kB
Node 0 PageTables:          796 kB
Node 0 NFS_Unstable:          0 kB
Node 0 Bounce:                0 kB
Node 0 WritebackTmp:          0 kB
Node 0 KReclaimable:      22876 kB
Node 0 Slab:              79952 kB
Node 0 SReclaimable:      22876 kB
Node 0 SUnreclaim:        57076 kB
Node 0 AnonHugePages:         0 kB
Node 0 ShmemHugePages:        0 kB
Node 0 ShmemPmdMapped:        0 kB
Node 0 FileHugePages:        0 kB
Node 0 FilePmdMapped:        0 kB
Node 0 HugePages_Total:     0
Node 0 HugePages_Free:      0
Node 0 HugePages_Surp:      0

Node 1 MemTotal:       24686196 kB
Node 1 MemFree:        23911828 kB
Node 1 MemUsed:          774368 kB
Node 1 Active:            62224 kB
Node 1 Inactive:          91512 kB
Node 1 Active(anon):      13352 kB
Node 1 Inactive(anon):      468 kB
Node 1 Active(file):      48872 kB
Node 1 Inactive(file):    91044 kB
Node 1 Unevictable:        5792 kB
Node 1 Mlocked:            5792 kB
Node 1 Dirty:                48 kB
Node 1 Writeback:             0 kB
Node 1 FilePages:        146336 kB
Node 1 Mapped:            25148 kB
Node 1 AnonPages:         13192 kB
Node 1 Shmem:               632 kB
Node 1 KernelStack:        1592 kB
Node 1 PageTables:          408 kB
Node 1 NFS_Unstable:          0 kB
Node 1 Bounce:                0 kB
Node 1 WritebackTmp:          0 kB
Node 1 KReclaimable:      22280 kB
Node 1 Slab:              55060 kB
Node 1 SReclaimable:      22280 kB
Node 1 SUnreclaim:        32780 kB
Node 1 AnonHugePages:         0 kB
Node 1 ShmemHugePages:        0 kB
Node 1 ShmemPmdMapped:        0 kB
Node 1 FileHugePages:        0 kB
Node 1 FilePmdMapped:        0 kB
Node 1 HugePages_Total:     0
Node 1 HugePages_Free:      0
Node 1 HugePages_Surp:      0

B.1.2M-simpleread.2G.1.O.1M Complete!
