kernel.numa_balancing = 0
B.1.4M-simpleread.250M.2.O.1M
Begin
Node 0 MemTotal:       24743736 kB
Node 0 MemFree:        24459988 kB
Node 0 MemUsed:          283748 kB
Node 0 Active:            50816 kB
Node 0 Inactive:          69584 kB
Node 0 Active(anon):      23304 kB
Node 0 Inactive(anon):      452 kB
Node 0 Active(file):      27512 kB
Node 0 Inactive(file):    69132 kB
Node 0 Unevictable:       17596 kB
Node 0 Mlocked:           17596 kB
Node 0 Dirty:               188 kB
Node 0 Writeback:             0 kB
Node 0 FilePages:        104520 kB
Node 0 Mapped:            35916 kB
Node 0 AnonPages:         33528 kB
Node 0 Shmem:               608 kB
Node 0 KernelStack:        1832 kB
Node 0 PageTables:          784 kB
Node 0 NFS_Unstable:          0 kB
Node 0 Bounce:                0 kB
Node 0 WritebackTmp:          0 kB
Node 0 KReclaimable:      23412 kB
Node 0 Slab:              57988 kB
Node 0 SReclaimable:      23412 kB
Node 0 SUnreclaim:        34576 kB
Node 0 AnonHugePages:         0 kB
Node 0 ShmemHugePages:        0 kB
Node 0 ShmemPmdMapped:        0 kB
Node 0 FileHugePages:        0 kB
Node 0 FilePmdMapped:        0 kB
Node 0 HugePages_Total:     0
Node 0 HugePages_Free:      0
Node 0 HugePages_Surp:      0

Node 1 MemTotal:       24686196 kB
Node 1 MemFree:        24340748 kB
Node 1 MemUsed:          345448 kB
Node 1 Active:            45980 kB
Node 1 Inactive:          38208 kB
Node 1 Active(anon):      10452 kB
Node 1 Inactive(anon):      436 kB
Node 1 Active(file):      35528 kB
Node 1 Inactive(file):    37772 kB
Node 1 Unevictable:         924 kB
Node 1 Mlocked:             924 kB
Node 1 Dirty:               340 kB
Node 1 Writeback:             0 kB
Node 1 FilePages:         74920 kB
Node 1 Mapped:            22936 kB
Node 1 AnonPages:          9972 kB
Node 1 Shmem:               660 kB
Node 1 KernelStack:        1752 kB
Node 1 PageTables:          316 kB
Node 1 NFS_Unstable:          0 kB
Node 1 Bounce:                0 kB
Node 1 WritebackTmp:          0 kB
Node 1 KReclaimable:      18348 kB
Node 1 Slab:              47572 kB
Node 1 SReclaimable:      18348 kB
Node 1 SUnreclaim:        29224 kB
Node 1 AnonHugePages:         0 kB
Node 1 ShmemHugePages:        0 kB
Node 1 ShmemPmdMapped:        0 kB
Node 1 FileHugePages:        0 kB
Node 1 FilePmdMapped:        0 kB
Node 1 HugePages_Total:     0
Node 1 HugePages_Free:      0
Node 1 HugePages_Surp:      0

Load ZFS
Node 0 MemTotal:       24743736 kB
Node 0 MemFree:        24410028 kB
Node 0 MemUsed:          333708 kB
Node 0 Active:            64304 kB
Node 0 Inactive:          98684 kB
Node 0 Active(anon):      35548 kB
Node 0 Inactive(anon):      548 kB
Node 0 Active(file):      28756 kB
Node 0 Inactive(file):    98136 kB
Node 0 Unevictable:       17812 kB
Node 0 Mlocked:           17812 kB
Node 0 Dirty:               336 kB
Node 0 Writeback:             0 kB
Node 0 FilePages:        134876 kB
Node 0 Mapped:            38372 kB
Node 0 AnonPages:         46076 kB
Node 0 Shmem:               716 kB
Node 0 KernelStack:        2272 kB
Node 0 PageTables:         1608 kB
Node 0 NFS_Unstable:          0 kB
Node 0 Bounce:                0 kB
Node 0 WritebackTmp:          0 kB
Node 0 KReclaimable:      24264 kB
Node 0 Slab:              61224 kB
Node 0 SReclaimable:      24264 kB
Node 0 SUnreclaim:        36960 kB
Node 0 AnonHugePages:         0 kB
Node 0 ShmemHugePages:        0 kB
Node 0 ShmemPmdMapped:        0 kB
Node 0 FileHugePages:        0 kB
Node 0 FilePmdMapped:        0 kB
Node 0 HugePages_Total:     0
Node 0 HugePages_Free:      0
Node 0 HugePages_Surp:      0

Node 1 MemTotal:       24686196 kB
Node 1 MemFree:        24243956 kB
Node 1 MemUsed:          442240 kB
Node 1 Active:            61256 kB
Node 1 Inactive:         112568 kB
Node 1 Active(anon):      24544 kB
Node 1 Inactive(anon):      396 kB
Node 1 Active(file):      36712 kB
Node 1 Inactive(file):   112172 kB
Node 1 Unevictable:         924 kB
Node 1 Mlocked:             924 kB
Node 1 Dirty:               252 kB
Node 1 Writeback:             0 kB
Node 1 FilePages:        150360 kB
Node 1 Mapped:            24364 kB
Node 1 AnonPages:         23668 kB
Node 1 Shmem:               552 kB
Node 1 KernelStack:        2024 kB
Node 1 PageTables:         1304 kB
Node 1 NFS_Unstable:          0 kB
Node 1 Bounce:                0 kB
Node 1 WritebackTmp:          0 kB
Node 1 KReclaimable:      19372 kB
Node 1 Slab:              51620 kB
Node 1 SReclaimable:      19372 kB
Node 1 SUnreclaim:        32248 kB
Node 1 AnonHugePages:         0 kB
Node 1 ShmemHugePages:        0 kB
Node 1 ShmemPmdMapped:        0 kB
Node 1 FileHugePages:        0 kB
Node 1 FilePmdMapped:        0 kB
Node 1 HugePages_Total:     0
Node 1 HugePages_Free:      0
Node 1 HugePages_Surp:      0

Import tank ZPool
Node 0 MemTotal:       24743736 kB
Node 0 MemFree:        24410868 kB
Node 0 MemUsed:          332868 kB
Node 0 Active:            63924 kB
Node 0 Inactive:          98688 kB
Node 0 Active(anon):      35168 kB
Node 0 Inactive(anon):      552 kB
Node 0 Active(file):      28756 kB
Node 0 Inactive(file):    98136 kB
Node 0 Unevictable:       17828 kB
Node 0 Mlocked:           17828 kB
Node 0 Dirty:               372 kB
Node 0 Writeback:             0 kB
Node 0 FilePages:        134872 kB
Node 0 Mapped:            38272 kB
Node 0 AnonPages:         45564 kB
Node 0 Shmem:               712 kB
Node 0 KernelStack:        2104 kB
Node 0 PageTables:         1588 kB
Node 0 NFS_Unstable:          0 kB
Node 0 Bounce:                0 kB
Node 0 WritebackTmp:          0 kB
Node 0 KReclaimable:      24284 kB
Node 0 Slab:              61352 kB
Node 0 SReclaimable:      24284 kB
Node 0 SUnreclaim:        37068 kB
Node 0 AnonHugePages:         0 kB
Node 0 ShmemHugePages:        0 kB
Node 0 ShmemPmdMapped:        0 kB
Node 0 FileHugePages:        0 kB
Node 0 FilePmdMapped:        0 kB
Node 0 HugePages_Total:     0
Node 0 HugePages_Free:      0
Node 0 HugePages_Surp:      0

Node 1 MemTotal:       24686196 kB
Node 1 MemFree:        24229692 kB
Node 1 MemUsed:          456504 kB
Node 1 Active:            61712 kB
Node 1 Inactive:         113788 kB
Node 1 Active(anon):      24516 kB
Node 1 Inactive(anon):      396 kB
Node 1 Active(file):      37196 kB
Node 1 Inactive(file):   113392 kB
Node 1 Unevictable:         924 kB
Node 1 Mlocked:             924 kB
Node 1 Dirty:               296 kB
Node 1 Writeback:             0 kB
Node 1 FilePages:        152088 kB
Node 1 Mapped:            24536 kB
Node 1 AnonPages:         24476 kB
Node 1 Shmem:               556 kB
Node 1 KernelStack:        3128 kB
Node 1 PageTables:         1360 kB
Node 1 NFS_Unstable:          0 kB
Node 1 Bounce:                0 kB
Node 1 WritebackTmp:          0 kB
Node 1 KReclaimable:      19496 kB
Node 1 Slab:              58176 kB
Node 1 SReclaimable:      19496 kB
Node 1 SUnreclaim:        38680 kB
Node 1 AnonHugePages:         0 kB
Node 1 ShmemHugePages:        0 kB
Node 1 ShmemPmdMapped:        0 kB
Node 1 FileHugePages:        0 kB
Node 1 FilePmdMapped:        0 kB
Node 1 HugePages_Total:     0
Node 1 HugePages_Free:      0
Node 1 HugePages_Surp:      0

After Test
Node 0 MemTotal:       24743736 kB
Node 0 MemFree:        24306004 kB
Node 0 MemUsed:          437732 kB
Node 0 Active:            52004 kB
Node 0 Inactive:          98584 kB
Node 0 Active(anon):      23144 kB
Node 0 Inactive(anon):      552 kB
Node 0 Active(file):      28860 kB
Node 0 Inactive(file):    98032 kB
Node 0 Unevictable:       17828 kB
Node 0 Mlocked:           17828 kB
Node 0 Dirty:               288 kB
Node 0 Writeback:             0 kB
Node 0 FilePages:        134872 kB
Node 0 Mapped:            36004 kB
Node 0 AnonPages:         33404 kB
Node 0 Shmem:               712 kB
Node 0 KernelStack:        1848 kB
Node 0 PageTables:          836 kB
Node 0 NFS_Unstable:          0 kB
Node 0 Bounce:                0 kB
Node 0 WritebackTmp:          0 kB
Node 0 KReclaimable:      24320 kB
Node 0 Slab:              61820 kB
Node 0 SReclaimable:      24320 kB
Node 0 SUnreclaim:        37500 kB
Node 0 AnonHugePages:         0 kB
Node 0 ShmemHugePages:        0 kB
Node 0 ShmemPmdMapped:        0 kB
Node 0 FileHugePages:        0 kB
Node 0 FilePmdMapped:        0 kB
Node 0 HugePages_Total:     0
Node 0 HugePages_Free:      0
Node 0 HugePages_Surp:      0

Node 1 MemTotal:       24686196 kB
Node 1 MemFree:        23822568 kB
Node 1 MemUsed:          863628 kB
Node 1 Active:            48596 kB
Node 1 Inactive:         116928 kB
Node 1 Active(anon):      10152 kB
Node 1 Inactive(anon):      388 kB
Node 1 Active(file):      38444 kB
Node 1 Inactive(file):   116540 kB
Node 1 Unevictable:         924 kB
Node 1 Mlocked:             924 kB
Node 1 Dirty:               272 kB
Node 1 Writeback:             0 kB
Node 1 FilePages:        156464 kB
Node 1 Mapped:            22928 kB
Node 1 AnonPages:         10056 kB
Node 1 Shmem:               556 kB
Node 1 KernelStack:        2888 kB
Node 1 PageTables:          496 kB
Node 1 NFS_Unstable:          0 kB
Node 1 Bounce:                0 kB
Node 1 WritebackTmp:          0 kB
Node 1 KReclaimable:      19520 kB
Node 1 Slab:              60644 kB
Node 1 SReclaimable:      19520 kB
Node 1 SUnreclaim:        41124 kB
Node 1 AnonHugePages:         0 kB
Node 1 ShmemHugePages:        0 kB
Node 1 ShmemPmdMapped:        0 kB
Node 1 FileHugePages:        0 kB
Node 1 FilePmdMapped:        0 kB
Node 1 HugePages_Total:     0
Node 1 HugePages_Free:      0
Node 1 HugePages_Surp:      0

After Opposite Node
Node 0 MemTotal:       24743736 kB
Node 0 MemFree:        24305632 kB
Node 0 MemUsed:          438104 kB
Node 0 Active:            52464 kB
Node 0 Inactive:          98556 kB
Node 0 Active(anon):      23556 kB
Node 0 Inactive(anon):      552 kB
Node 0 Active(file):      28908 kB
Node 0 Inactive(file):    98004 kB
Node 0 Unevictable:       17828 kB
Node 0 Mlocked:           17828 kB
Node 0 Dirty:               292 kB
Node 0 Writeback:             0 kB
Node 0 FilePages:        134892 kB
Node 0 Mapped:            36028 kB
Node 0 AnonPages:         33608 kB
Node 0 Shmem:               712 kB
Node 0 KernelStack:        1836 kB
Node 0 PageTables:          980 kB
Node 0 NFS_Unstable:          0 kB
Node 0 Bounce:                0 kB
Node 0 WritebackTmp:          0 kB
Node 0 KReclaimable:      24352 kB
Node 0 Slab:              61920 kB
Node 0 SReclaimable:      24352 kB
Node 0 SUnreclaim:        37568 kB
Node 0 AnonHugePages:         0 kB
Node 0 ShmemHugePages:        0 kB
Node 0 ShmemPmdMapped:        0 kB
Node 0 FileHugePages:        0 kB
Node 0 FilePmdMapped:        0 kB
Node 0 HugePages_Total:     0
Node 0 HugePages_Free:      0
Node 0 HugePages_Surp:      0

Node 1 MemTotal:       24686196 kB
Node 1 MemFree:        23822852 kB
Node 1 MemUsed:          863344 kB
Node 1 Active:            48520 kB
Node 1 Inactive:         116908 kB
Node 1 Active(anon):      10044 kB
Node 1 Inactive(anon):      388 kB
Node 1 Active(file):      38476 kB
Node 1 Inactive(file):   116520 kB
Node 1 Unevictable:         924 kB
Node 1 Mlocked:             924 kB
Node 1 Dirty:               280 kB
Node 1 Writeback:             0 kB
Node 1 FilePages:        156476 kB
Node 1 Mapped:            22952 kB
Node 1 AnonPages:         10128 kB
Node 1 Shmem:               556 kB
Node 1 KernelStack:        2904 kB
Node 1 PageTables:          472 kB
Node 1 NFS_Unstable:          0 kB
Node 1 Bounce:                0 kB
Node 1 WritebackTmp:          0 kB
Node 1 KReclaimable:      19520 kB
Node 1 Slab:              60644 kB
Node 1 SReclaimable:      19520 kB
Node 1 SUnreclaim:        41124 kB
Node 1 AnonHugePages:         0 kB
Node 1 ShmemHugePages:        0 kB
Node 1 ShmemPmdMapped:        0 kB
Node 1 FileHugePages:        0 kB
Node 1 FilePmdMapped:        0 kB
Node 1 HugePages_Total:     0
Node 1 HugePages_Free:      0
Node 1 HugePages_Surp:      0

B.1.4M-simpleread.250M.2.O.1M Complete!
