kernel.numa_balancing = 0
450 Tests Remaining!
B.1.16M-simpleread.16G.2.O.1M
Begin
Node 0 MemTotal:       24743736 kB
Node 0 MemFree:        24368432 kB
Node 0 MemUsed:          375304 kB
Node 0 Active:            42000 kB
Node 0 Inactive:          58620 kB
Node 0 Active(anon):      17284 kB
Node 0 Inactive(anon):      504 kB
Node 0 Active(file):      24716 kB
Node 0 Inactive(file):    58116 kB
Node 0 Unevictable:        5588 kB
Node 0 Mlocked:            5588 kB
Node 0 Dirty:               104 kB
Node 0 Writeback:             0 kB
Node 0 FilePages:         89144 kB
Node 0 Mapped:            18872 kB
Node 0 AnonPages:         16956 kB
Node 0 Shmem:               716 kB
Node 0 KernelStack:        2120 kB
Node 0 PageTables:          640 kB
Node 0 NFS_Unstable:          0 kB
Node 0 Bounce:                0 kB
Node 0 WritebackTmp:          0 kB
Node 0 KReclaimable:      18540 kB
Node 0 Slab:              48696 kB
Node 0 SReclaimable:      18540 kB
Node 0 SUnreclaim:        30156 kB
Node 0 AnonHugePages:         0 kB
Node 0 ShmemHugePages:        0 kB
Node 0 ShmemPmdMapped:        0 kB
Node 0 FileHugePages:        0 kB
Node 0 FilePmdMapped:        0 kB
Node 0 HugePages_Total:     0
Node 0 HugePages_Free:      0
Node 0 HugePages_Surp:      0

Node 1 MemTotal:       24686196 kB
Node 1 MemFree:        24442192 kB
Node 1 MemUsed:          244004 kB
Node 1 Active:            54912 kB
Node 1 Inactive:          38844 kB
Node 1 Active(anon):      17520 kB
Node 1 Inactive(anon):      372 kB
Node 1 Active(file):      37392 kB
Node 1 Inactive(file):    38472 kB
Node 1 Unevictable:       12932 kB
Node 1 Mlocked:           12932 kB
Node 1 Dirty:               408 kB
Node 1 Writeback:             0 kB
Node 1 FilePages:         79052 kB
Node 1 Mapped:            27244 kB
Node 1 AnonPages:         27716 kB
Node 1 Shmem:               552 kB
Node 1 KernelStack:        1704 kB
Node 1 PageTables:          628 kB
Node 1 NFS_Unstable:          0 kB
Node 1 Bounce:                0 kB
Node 1 WritebackTmp:          0 kB
Node 1 KReclaimable:      24492 kB
Node 1 Slab:              60176 kB
Node 1 SReclaimable:      24492 kB
Node 1 SUnreclaim:        35684 kB
Node 1 AnonHugePages:         0 kB
Node 1 ShmemHugePages:        0 kB
Node 1 ShmemPmdMapped:        0 kB
Node 1 FileHugePages:        0 kB
Node 1 FilePmdMapped:        0 kB
Node 1 HugePages_Total:     0
Node 1 HugePages_Free:      0
Node 1 HugePages_Surp:      0

Load ZFS
Node 0 MemTotal:       24743736 kB
Node 0 MemFree:        24472288 kB
Node 0 MemUsed:          271448 kB
Node 0 Active:            54832 kB
Node 0 Inactive:          69944 kB
Node 0 Active(anon):      29500 kB
Node 0 Inactive(anon):      164 kB
Node 0 Active(file):      25332 kB
Node 0 Inactive(file):    69780 kB
Node 0 Unevictable:        5588 kB
Node 0 Mlocked:            5588 kB
Node 0 Dirty:               112 kB
Node 0 Writeback:             0 kB
Node 0 FilePages:        101768 kB
Node 0 Mapped:            21600 kB
Node 0 AnonPages:         29232 kB
Node 0 Shmem:               648 kB
Node 0 KernelStack:        2160 kB
Node 0 PageTables:         1116 kB
Node 0 NFS_Unstable:          0 kB
Node 0 Bounce:                0 kB
Node 0 WritebackTmp:          0 kB
Node 0 KReclaimable:      19040 kB
Node 0 Slab:              51300 kB
Node 0 SReclaimable:      19040 kB
Node 0 SUnreclaim:        32260 kB
Node 0 AnonHugePages:         0 kB
Node 0 ShmemHugePages:        0 kB
Node 0 ShmemPmdMapped:        0 kB
Node 0 FileHugePages:        0 kB
Node 0 FilePmdMapped:        0 kB
Node 0 HugePages_Total:     0
Node 0 HugePages_Free:      0
Node 0 HugePages_Surp:      0

Node 1 MemTotal:       24686196 kB
Node 1 MemFree:        24191876 kB
Node 1 MemUsed:          494320 kB
Node 1 Active:            69676 kB
Node 1 Inactive:         130580 kB
Node 1 Active(anon):      30680 kB
Node 1 Inactive(anon):      276 kB
Node 1 Active(file):      38996 kB
Node 1 Inactive(file):   130304 kB
Node 1 Unevictable:       13132 kB
Node 1 Mlocked:           13132 kB
Node 1 Dirty:               224 kB
Node 1 Writeback:             0 kB
Node 1 FilePages:        172988 kB
Node 1 Mapped:            29344 kB
Node 1 AnonPages:         41052 kB
Node 1 Shmem:               620 kB
Node 1 KernelStack:        2080 kB
Node 1 PageTables:         2104 kB
Node 1 NFS_Unstable:          0 kB
Node 1 Bounce:                0 kB
Node 1 WritebackTmp:          0 kB
Node 1 KReclaimable:      25320 kB
Node 1 Slab:              64536 kB
Node 1 SReclaimable:      25320 kB
Node 1 SUnreclaim:        39216 kB
Node 1 AnonHugePages:         0 kB
Node 1 ShmemHugePages:        0 kB
Node 1 ShmemPmdMapped:        0 kB
Node 1 FileHugePages:        0 kB
Node 1 FilePmdMapped:        0 kB
Node 1 HugePages_Total:     0
Node 1 HugePages_Free:      0
Node 1 HugePages_Surp:      0

Import tank ZPool
Node 0 MemTotal:       24743736 kB
Node 0 MemFree:        24471756 kB
Node 0 MemUsed:          271980 kB
Node 0 Active:            42136 kB
Node 0 Inactive:          69780 kB
Node 0 Active(anon):      16544 kB
Node 0 Inactive(anon):      396 kB
Node 0 Active(file):      25592 kB
Node 0 Inactive(file):    69384 kB
Node 0 Unevictable:        5588 kB
Node 0 Mlocked:            5588 kB
Node 0 Dirty:                44 kB
Node 0 Writeback:             0 kB
Node 0 FilePages:        101112 kB
Node 0 Mapped:            19096 kB
Node 0 AnonPages:         15828 kB
Node 0 Shmem:               552 kB
Node 0 KernelStack:        3048 kB
Node 0 PageTables:          648 kB
Node 0 NFS_Unstable:          0 kB
Node 0 Bounce:                0 kB
Node 0 WritebackTmp:          0 kB
Node 0 KReclaimable:      18960 kB
Node 0 Slab:              53216 kB
Node 0 SReclaimable:      18960 kB
Node 0 SUnreclaim:        34256 kB
Node 0 AnonHugePages:         0 kB
Node 0 ShmemHugePages:        0 kB
Node 0 ShmemPmdMapped:        0 kB
Node 0 FileHugePages:        0 kB
Node 0 FilePmdMapped:        0 kB
Node 0 HugePages_Total:     0
Node 0 HugePages_Free:      0
Node 0 HugePages_Surp:      0

Node 1 MemTotal:       24686196 kB
Node 1 MemFree:        24198020 kB
Node 1 MemUsed:          488176 kB
Node 1 Active:            58420 kB
Node 1 Inactive:         131832 kB
Node 1 Active(anon):      18552 kB
Node 1 Inactive(anon):      552 kB
Node 1 Active(file):      39868 kB
Node 1 Inactive(file):   131280 kB
Node 1 Unevictable:       13164 kB
Node 1 Mlocked:           13164 kB
Node 1 Dirty:               452 kB
Node 1 Writeback:             8 kB
Node 1 FilePages:        174512 kB
Node 1 Mapped:            27560 kB
Node 1 AnonPages:         28988 kB
Node 1 Shmem:               716 kB
Node 1 KernelStack:        1708 kB
Node 1 PageTables:         1056 kB
Node 1 NFS_Unstable:          0 kB
Node 1 Bounce:                0 kB
Node 1 WritebackTmp:          0 kB
Node 1 KReclaimable:      25540 kB
Node 1 Slab:              68376 kB
Node 1 SReclaimable:      25540 kB
Node 1 SUnreclaim:        42836 kB
Node 1 AnonHugePages:         0 kB
Node 1 ShmemHugePages:        0 kB
Node 1 ShmemPmdMapped:        0 kB
Node 1 FileHugePages:        0 kB
Node 1 FilePmdMapped:        0 kB
Node 1 HugePages_Total:     0
Node 1 HugePages_Free:      0
Node 1 HugePages_Surp:      0

After Test
Node 0 MemTotal:       24743736 kB
Node 0 MemFree:        23442540 kB
Node 0 MemUsed:         1301196 kB
Node 0 Active:            42124 kB
Node 0 Inactive:          69628 kB
Node 0 Active(anon):      16252 kB
Node 0 Inactive(anon):      396 kB
Node 0 Active(file):      25872 kB
Node 0 Inactive(file):    69232 kB
Node 0 Unevictable:        5588 kB
Node 0 Mlocked:            5588 kB
Node 0 Dirty:                12 kB
Node 0 Writeback:             0 kB
Node 0 FilePages:        101280 kB
Node 0 Mapped:            19056 kB
Node 0 AnonPages:         16096 kB
Node 0 Shmem:               552 kB
Node 0 KernelStack:        2936 kB
Node 0 PageTables:          492 kB
Node 0 NFS_Unstable:          0 kB
Node 0 Bounce:                0 kB
Node 0 WritebackTmp:          0 kB
Node 0 KReclaimable:      19208 kB
Node 0 Slab:              57424 kB
Node 0 SReclaimable:      19208 kB
Node 0 SUnreclaim:        38216 kB
Node 0 AnonHugePages:         0 kB
Node 0 ShmemHugePages:        0 kB
Node 0 ShmemPmdMapped:        0 kB
Node 0 FileHugePages:        0 kB
Node 0 FilePmdMapped:        0 kB
Node 0 HugePages_Total:     0
Node 0 HugePages_Free:      0
Node 0 HugePages_Surp:      0

Node 1 MemTotal:       24686196 kB
Node 1 MemFree:         7552948 kB
Node 1 MemUsed:        17133248 kB
Node 1 Active:            58608 kB
Node 1 Inactive:         147168 kB
Node 1 Active(anon):      17808 kB
Node 1 Inactive(anon):      552 kB
Node 1 Active(file):      40800 kB
Node 1 Inactive(file):   146616 kB
Node 1 Unevictable:       13164 kB
Node 1 Mlocked:           13164 kB
Node 1 Dirty:                20 kB
Node 1 Writeback:             0 kB
Node 1 FilePages:        190740 kB
Node 1 Mapped:            27192 kB
Node 1 AnonPages:         28280 kB
Node 1 Shmem:               716 kB
Node 1 KernelStack:        1528 kB
Node 1 PageTables:          616 kB
Node 1 NFS_Unstable:          0 kB
Node 1 Bounce:                0 kB
Node 1 WritebackTmp:          0 kB
Node 1 KReclaimable:      25612 kB
Node 1 Slab:             125136 kB
Node 1 SReclaimable:      25612 kB
Node 1 SUnreclaim:        99524 kB
Node 1 AnonHugePages:         0 kB
Node 1 ShmemHugePages:        0 kB
Node 1 ShmemPmdMapped:        0 kB
Node 1 FileHugePages:        0 kB
Node 1 FilePmdMapped:        0 kB
Node 1 HugePages_Total:     0
Node 1 HugePages_Free:      0
Node 1 HugePages_Surp:      0

After Opposite Node
Node 0 MemTotal:       24743736 kB
Node 0 MemFree:        23443008 kB
Node 0 MemUsed:         1300728 kB
Node 0 Active:            42908 kB
Node 0 Inactive:          69384 kB
Node 0 Active(anon):      16744 kB
Node 0 Inactive(anon):      396 kB
Node 0 Active(file):      26164 kB
Node 0 Inactive(file):    68988 kB
Node 0 Unevictable:        5588 kB
Node 0 Mlocked:            5588 kB
Node 0 Dirty:                12 kB
Node 0 Writeback:             0 kB
Node 0 FilePages:        101288 kB
Node 0 Mapped:            18876 kB
Node 0 AnonPages:         16368 kB
Node 0 Shmem:               552 kB
Node 0 KernelStack:        2904 kB
Node 0 PageTables:          580 kB
Node 0 NFS_Unstable:          0 kB
Node 0 Bounce:                0 kB
Node 0 WritebackTmp:          0 kB
Node 0 KReclaimable:      19244 kB
Node 0 Slab:              57568 kB
Node 0 SReclaimable:      19244 kB
Node 0 SUnreclaim:        38324 kB
Node 0 AnonHugePages:         0 kB
Node 0 ShmemHugePages:        0 kB
Node 0 ShmemPmdMapped:        0 kB
Node 0 FileHugePages:        0 kB
Node 0 FilePmdMapped:        0 kB
Node 0 HugePages_Total:     0
Node 0 HugePages_Free:      0
Node 0 HugePages_Surp:      0

Node 1 MemTotal:       24686196 kB
Node 1 MemFree:         7555284 kB
Node 1 MemUsed:        17130912 kB
Node 1 Active:            58476 kB
Node 1 Inactive:         147108 kB
Node 1 Active(anon):      17596 kB
Node 1 Inactive(anon):      544 kB
Node 1 Active(file):      40880 kB
Node 1 Inactive(file):   146564 kB
Node 1 Unevictable:       13164 kB
Node 1 Mlocked:           13164 kB
Node 1 Dirty:                36 kB
Node 1 Writeback:             0 kB
Node 1 FilePages:        190768 kB
Node 1 Mapped:            27200 kB
Node 1 AnonPages:         28000 kB
Node 1 Shmem:               716 kB
Node 1 KernelStack:        1496 kB
Node 1 PageTables:          532 kB
Node 1 NFS_Unstable:          0 kB
Node 1 Bounce:                0 kB
Node 1 WritebackTmp:          0 kB
Node 1 KReclaimable:      25620 kB
Node 1 Slab:             125140 kB
Node 1 SReclaimable:      25620 kB
Node 1 SUnreclaim:        99520 kB
Node 1 AnonHugePages:         0 kB
Node 1 ShmemHugePages:        0 kB
Node 1 ShmemPmdMapped:        0 kB
Node 1 FileHugePages:        0 kB
Node 1 FilePmdMapped:        0 kB
Node 1 HugePages_Total:     0
Node 1 HugePages_Free:      0
Node 1 HugePages_Surp:      0

B.1.16M-simpleread.16G.2.O.1M Complete!
