kernel.numa_balancing = 0
165 Tests Remaining!
B.1.128M-simpleread.16G.2.O.1M
Begin
Node 0 MemTotal:       24743736 kB
Node 0 MemFree:        24424516 kB
Node 0 MemUsed:          319220 kB
Node 0 Active:            42572 kB
Node 0 Inactive:          19788 kB
Node 0 Active(anon):       8448 kB
Node 0 Inactive(anon):      424 kB
Node 0 Active(file):      34124 kB
Node 0 Inactive(file):    19364 kB
Node 0 Unevictable:         708 kB
Node 0 Mlocked:             708 kB
Node 0 Dirty:               272 kB
Node 0 Writeback:             0 kB
Node 0 FilePages:         54720 kB
Node 0 Mapped:            11552 kB
Node 0 AnonPages:          8376 kB
Node 0 Shmem:               524 kB
Node 0 KernelStack:        1864 kB
Node 0 PageTables:          368 kB
Node 0 NFS_Unstable:          0 kB
Node 0 Bounce:                0 kB
Node 0 WritebackTmp:          0 kB
Node 0 KReclaimable:      17560 kB
Node 0 Slab:              42268 kB
Node 0 SReclaimable:      17560 kB
Node 0 SUnreclaim:        24708 kB
Node 0 AnonHugePages:         0 kB
Node 0 ShmemHugePages:        0 kB
Node 0 ShmemPmdMapped:        0 kB
Node 0 FileHugePages:        0 kB
Node 0 FilePmdMapped:        0 kB
Node 0 HugePages_Total:     0
Node 0 HugePages_Free:      0
Node 0 HugePages_Surp:      0

Node 1 MemTotal:       24686196 kB
Node 1 MemFree:        24376264 kB
Node 1 MemUsed:          309932 kB
Node 1 Active:            54868 kB
Node 1 Inactive:          86208 kB
Node 1 Active(anon):      25988 kB
Node 1 Inactive(anon):      456 kB
Node 1 Active(file):      28880 kB
Node 1 Inactive(file):    85752 kB
Node 1 Unevictable:       17812 kB
Node 1 Mlocked:           17812 kB
Node 1 Dirty:               244 kB
Node 1 Writeback:             0 kB
Node 1 FilePages:        122860 kB
Node 1 Mapped:            41372 kB
Node 1 AnonPages:         36104 kB
Node 1 Shmem:               744 kB
Node 1 KernelStack:        2024 kB
Node 1 PageTables:          916 kB
Node 1 NFS_Unstable:          0 kB
Node 1 Bounce:                0 kB
Node 1 WritebackTmp:          0 kB
Node 1 KReclaimable:      25492 kB
Node 1 Slab:              65312 kB
Node 1 SReclaimable:      25492 kB
Node 1 SUnreclaim:        39820 kB
Node 1 AnonHugePages:         0 kB
Node 1 ShmemHugePages:        0 kB
Node 1 ShmemPmdMapped:        0 kB
Node 1 FileHugePages:        0 kB
Node 1 FilePmdMapped:        0 kB
Node 1 HugePages_Total:     0
Node 1 HugePages_Free:      0
Node 1 HugePages_Surp:      0

Load ZFS
Node 0 MemTotal:       24743736 kB
Node 0 MemFree:        24511352 kB
Node 0 MemUsed:          232384 kB
Node 0 Active:            58508 kB
Node 0 Inactive:          44576 kB
Node 0 Active(anon):      23880 kB
Node 0 Inactive(anon):      448 kB
Node 0 Active(file):      34628 kB
Node 0 Inactive(file):    44128 kB
Node 0 Unevictable:         708 kB
Node 0 Mlocked:             708 kB
Node 0 Dirty:                20 kB
Node 0 Writeback:             0 kB
Node 0 FilePages:         80044 kB
Node 0 Mapped:            13036 kB
Node 0 AnonPages:         24148 kB
Node 0 Shmem:               580 kB
Node 0 KernelStack:        1972 kB
Node 0 PageTables:         1096 kB
Node 0 NFS_Unstable:          0 kB
Node 0 Bounce:                0 kB
Node 0 WritebackTmp:          0 kB
Node 0 KReclaimable:      18480 kB
Node 0 Slab:              45616 kB
Node 0 SReclaimable:      18480 kB
Node 0 SUnreclaim:        27136 kB
Node 0 AnonHugePages:         0 kB
Node 0 ShmemHugePages:        0 kB
Node 0 ShmemPmdMapped:        0 kB
Node 0 FileHugePages:        0 kB
Node 0 FilePmdMapped:        0 kB
Node 0 HugePages_Total:     0
Node 0 HugePages_Free:      0
Node 0 HugePages_Surp:      0

Node 1 MemTotal:       24686196 kB
Node 1 MemFree:        24143464 kB
Node 1 MemUsed:          542732 kB
Node 1 Active:            66284 kB
Node 1 Inactive:         164836 kB
Node 1 Active(anon):      35472 kB
Node 1 Inactive(anon):      492 kB
Node 1 Active(file):      30812 kB
Node 1 Inactive(file):   164344 kB
Node 1 Unevictable:       18028 kB
Node 1 Mlocked:           18028 kB
Node 1 Dirty:               412 kB
Node 1 Writeback:             0 kB
Node 1 FilePages:        203616 kB
Node 1 Mapped:            43948 kB
Node 1 AnonPages:         45820 kB
Node 1 Shmem:               688 kB
Node 1 KernelStack:        2232 kB
Node 1 PageTables:         1788 kB
Node 1 NFS_Unstable:          0 kB
Node 1 Bounce:                0 kB
Node 1 WritebackTmp:          0 kB
Node 1 KReclaimable:      26316 kB
Node 1 Slab:              68848 kB
Node 1 SReclaimable:      26316 kB
Node 1 SUnreclaim:        42532 kB
Node 1 AnonHugePages:         0 kB
Node 1 ShmemHugePages:        0 kB
Node 1 ShmemPmdMapped:        0 kB
Node 1 FileHugePages:        0 kB
Node 1 FilePmdMapped:        0 kB
Node 1 HugePages_Total:     0
Node 1 HugePages_Free:      0
Node 1 HugePages_Surp:      0

Import tank ZPool
Node 0 MemTotal:       24743736 kB
Node 0 MemFree:        24526992 kB
Node 0 MemUsed:          216744 kB
Node 0 Active:            43180 kB
Node 0 Inactive:          44300 kB
Node 0 Active(anon):       8276 kB
Node 0 Inactive(anon):      448 kB
Node 0 Active(file):      34904 kB
Node 0 Inactive(file):    43852 kB
Node 0 Unevictable:         708 kB
Node 0 Mlocked:             708 kB
Node 0 Dirty:                44 kB
Node 0 Writeback:             0 kB
Node 0 FilePages:         80044 kB
Node 0 Mapped:            11916 kB
Node 0 AnonPages:          7908 kB
Node 0 Shmem:               580 kB
Node 0 KernelStack:        1912 kB
Node 0 PageTables:          816 kB
Node 0 NFS_Unstable:          0 kB
Node 0 Bounce:                0 kB
Node 0 WritebackTmp:          0 kB
Node 0 KReclaimable:      18480 kB
Node 0 Slab:              45696 kB
Node 0 SReclaimable:      18480 kB
Node 0 SUnreclaim:        27216 kB
Node 0 AnonHugePages:         0 kB
Node 0 ShmemHugePages:        0 kB
Node 0 ShmemPmdMapped:        0 kB
Node 0 FileHugePages:        0 kB
Node 0 FilePmdMapped:        0 kB
Node 0 HugePages_Total:     0
Node 0 HugePages_Free:      0
Node 0 HugePages_Surp:      0

Node 1 MemTotal:       24686196 kB
Node 1 MemFree:        24135192 kB
Node 1 MemUsed:          551004 kB
Node 1 Active:            57908 kB
Node 1 Inactive:         165940 kB
Node 1 Active(anon):      26584 kB
Node 1 Inactive(anon):      500 kB
Node 1 Active(file):      31324 kB
Node 1 Inactive(file):   165440 kB
Node 1 Unevictable:       18044 kB
Node 1 Mlocked:           18044 kB
Node 1 Dirty:               216 kB
Node 1 Writeback:             8 kB
Node 1 FilePages:        204936 kB
Node 1 Mapped:            42432 kB
Node 1 AnonPages:         36700 kB
Node 1 Shmem:               688 kB
Node 1 KernelStack:        3176 kB
Node 1 PageTables:         1424 kB
Node 1 NFS_Unstable:          0 kB
Node 1 Bounce:                0 kB
Node 1 WritebackTmp:          0 kB
Node 1 KReclaimable:      26472 kB
Node 1 Slab:              75524 kB
Node 1 SReclaimable:      26472 kB
Node 1 SUnreclaim:        49052 kB
Node 1 AnonHugePages:         0 kB
Node 1 ShmemHugePages:        0 kB
Node 1 ShmemPmdMapped:        0 kB
Node 1 FileHugePages:        0 kB
Node 1 FilePmdMapped:        0 kB
Node 1 HugePages_Total:     0
Node 1 HugePages_Free:      0
Node 1 HugePages_Surp:      0

After Test
Node 0 MemTotal:       24743736 kB
Node 0 MemFree:        23757040 kB
Node 0 MemUsed:          986696 kB
Node 0 Active:            42532 kB
Node 0 Inactive:          44156 kB
Node 0 Active(anon):       7488 kB
Node 0 Inactive(anon):      444 kB
Node 0 Active(file):      35044 kB
Node 0 Inactive(file):    43712 kB
Node 0 Unevictable:         708 kB
Node 0 Mlocked:             708 kB
Node 0 Dirty:                 0 kB
Node 0 Writeback:             0 kB
Node 0 FilePages:         80044 kB
Node 0 Mapped:            11508 kB
Node 0 AnonPages:          7352 kB
Node 0 Shmem:               580 kB
Node 0 KernelStack:        1656 kB
Node 0 PageTables:          280 kB
Node 0 NFS_Unstable:          0 kB
Node 0 Bounce:                0 kB
Node 0 WritebackTmp:          0 kB
Node 0 KReclaimable:      18524 kB
Node 0 Slab:              48840 kB
Node 0 SReclaimable:      18524 kB
Node 0 SUnreclaim:        30316 kB
Node 0 AnonHugePages:         0 kB
Node 0 ShmemHugePages:        0 kB
Node 0 ShmemPmdMapped:        0 kB
Node 0 FileHugePages:        0 kB
Node 0 FilePmdMapped:        0 kB
Node 0 HugePages_Total:     0
Node 0 HugePages_Free:      0
Node 0 HugePages_Surp:      0

Node 1 MemTotal:       24686196 kB
Node 1 MemFree:         7119372 kB
Node 1 MemUsed:        17566824 kB
Node 1 Active:            59012 kB
Node 1 Inactive:         290340 kB
Node 1 Active(anon):      26124 kB
Node 1 Inactive(anon):      496 kB
Node 1 Active(file):      32888 kB
Node 1 Inactive(file):   289844 kB
Node 1 Unevictable:       18044 kB
Node 1 Mlocked:           18044 kB
Node 1 Dirty:                 0 kB
Node 1 Writeback:             0 kB
Node 1 FilePages:        330912 kB
Node 1 Mapped:            41368 kB
Node 1 AnonPages:         36392 kB
Node 1 Shmem:               688 kB
Node 1 KernelStack:        2824 kB
Node 1 PageTables:         1064 kB
Node 1 NFS_Unstable:          0 kB
Node 1 Bounce:                0 kB
Node 1 WritebackTmp:          0 kB
Node 1 KReclaimable:      27012 kB
Node 1 Slab:             133644 kB
Node 1 SReclaimable:      27012 kB
Node 1 SUnreclaim:       106632 kB
Node 1 AnonHugePages:         0 kB
Node 1 ShmemHugePages:        0 kB
Node 1 ShmemPmdMapped:        0 kB
Node 1 FileHugePages:        0 kB
Node 1 FilePmdMapped:        0 kB
Node 1 HugePages_Total:     0
Node 1 HugePages_Free:      0
Node 1 HugePages_Surp:      0

After Opposite Node
Node 0 MemTotal:       24743736 kB
Node 0 MemFree:        23755000 kB
Node 0 MemUsed:          988736 kB
Node 0 Active:            43192 kB
Node 0 Inactive:          43892 kB
Node 0 Active(anon):       7864 kB
Node 0 Inactive(anon):      444 kB
Node 0 Active(file):      35328 kB
Node 0 Inactive(file):    43448 kB
Node 0 Unevictable:         708 kB
Node 0 Mlocked:             708 kB
Node 0 Dirty:                 0 kB
Node 0 Writeback:             0 kB
Node 0 FilePages:         80064 kB
Node 0 Mapped:            11748 kB
Node 0 AnonPages:          7572 kB
Node 0 Shmem:               580 kB
Node 0 KernelStack:        1656 kB
Node 0 PageTables:          572 kB
Node 0 NFS_Unstable:          0 kB
Node 0 Bounce:                0 kB
Node 0 WritebackTmp:          0 kB
Node 0 KReclaimable:      18556 kB
Node 0 Slab:              48864 kB
Node 0 SReclaimable:      18556 kB
Node 0 SUnreclaim:        30308 kB
Node 0 AnonHugePages:         0 kB
Node 0 ShmemHugePages:        0 kB
Node 0 ShmemPmdMapped:        0 kB
Node 0 FileHugePages:        0 kB
Node 0 FilePmdMapped:        0 kB
Node 0 HugePages_Total:     0
Node 0 HugePages_Free:      0
Node 0 HugePages_Surp:      0

Node 1 MemTotal:       24686196 kB
Node 1 MemFree:         7121444 kB
Node 1 MemUsed:        17564752 kB
Node 1 Active:            58728 kB
Node 1 Inactive:         290324 kB
Node 1 Active(anon):      25792 kB
Node 1 Inactive(anon):      496 kB
Node 1 Active(file):      32936 kB
Node 1 Inactive(file):   289828 kB
Node 1 Unevictable:       18044 kB
Node 1 Mlocked:           18044 kB
Node 1 Dirty:                 0 kB
Node 1 Writeback:             0 kB
Node 1 FilePages:        330944 kB
Node 1 Mapped:            41360 kB
Node 1 AnonPages:         36176 kB
Node 1 Shmem:               688 kB
Node 1 KernelStack:        2760 kB
Node 1 PageTables:          768 kB
Node 1 NFS_Unstable:          0 kB
Node 1 Bounce:                0 kB
Node 1 WritebackTmp:          0 kB
Node 1 KReclaimable:      27012 kB
Node 1 Slab:             133816 kB
Node 1 SReclaimable:      27012 kB
Node 1 SUnreclaim:       106804 kB
Node 1 AnonHugePages:         0 kB
Node 1 ShmemHugePages:        0 kB
Node 1 ShmemPmdMapped:        0 kB
Node 1 FileHugePages:        0 kB
Node 1 FilePmdMapped:        0 kB
Node 1 HugePages_Total:     0
Node 1 HugePages_Free:      0
Node 1 HugePages_Surp:      0

B.1.128M-simpleread.16G.2.O.1M Complete!
