kernel.numa_balancing = 0
B.1.512M-simpleread.250M.2.O.1M
Begin
Node 0 MemTotal:       24743736 kB
Node 0 MemFree:        24354132 kB
Node 0 MemUsed:          389604 kB
Node 0 Active:            36468 kB
Node 0 Inactive:          62976 kB
Node 0 Active(anon):      21252 kB
Node 0 Inactive(anon):      316 kB
Node 0 Active(file):      15216 kB
Node 0 Inactive(file):    62660 kB
Node 0 Unevictable:       13584 kB
Node 0 Mlocked:           13584 kB
Node 0 Dirty:               408 kB
Node 0 Writeback:             0 kB
Node 0 FilePages:         81668 kB
Node 0 Mapped:            19412 kB
Node 0 AnonPages:         31372 kB
Node 0 Shmem:               520 kB
Node 0 KernelStack:        2152 kB
Node 0 PageTables:          576 kB
Node 0 NFS_Unstable:          0 kB
Node 0 Bounce:                0 kB
Node 0 WritebackTmp:          0 kB
Node 0 KReclaimable:      21016 kB
Node 0 Slab:              58908 kB
Node 0 SReclaimable:      21016 kB
Node 0 SUnreclaim:        37892 kB
Node 0 AnonHugePages:         0 kB
Node 0 ShmemHugePages:        0 kB
Node 0 ShmemPmdMapped:        0 kB
Node 0 FileHugePages:        0 kB
Node 0 FilePmdMapped:        0 kB
Node 0 HugePages_Total:     0
Node 0 HugePages_Free:      0
Node 0 HugePages_Surp:      0

Node 1 MemTotal:       24686196 kB
Node 1 MemFree:        24466448 kB
Node 1 MemUsed:          219748 kB
Node 1 Active:            58780 kB
Node 1 Inactive:          23700 kB
Node 1 Active(anon):      12460 kB
Node 1 Inactive(anon):      552 kB
Node 1 Active(file):      46320 kB
Node 1 Inactive(file):    23148 kB
Node 1 Unevictable:        4936 kB
Node 1 Mlocked:            4936 kB
Node 1 Dirty:                12 kB
Node 1 Writeback:             0 kB
Node 1 FilePages:         75184 kB
Node 1 Mapped:            19920 kB
Node 1 AnonPages:         12252 kB
Node 1 Shmem:               748 kB
Node 1 KernelStack:        1448 kB
Node 1 PageTables:          432 kB
Node 1 NFS_Unstable:          0 kB
Node 1 Bounce:                0 kB
Node 1 WritebackTmp:          0 kB
Node 1 KReclaimable:      20956 kB
Node 1 Slab:              48400 kB
Node 1 SReclaimable:      20956 kB
Node 1 SUnreclaim:        27444 kB
Node 1 AnonHugePages:         0 kB
Node 1 ShmemHugePages:        0 kB
Node 1 ShmemPmdMapped:        0 kB
Node 1 FileHugePages:        0 kB
Node 1 FilePmdMapped:        0 kB
Node 1 HugePages_Total:     0
Node 1 HugePages_Free:      0
Node 1 HugePages_Surp:      0

Load ZFS
Node 0 MemTotal:       24743736 kB
Node 0 MemFree:        24249896 kB
Node 0 MemUsed:          493840 kB
Node 0 Active:            50764 kB
Node 0 Inactive:         143448 kB
Node 0 Active(anon):      34400 kB
Node 0 Inactive(anon):      436 kB
Node 0 Active(file):      16364 kB
Node 0 Inactive(file):   143012 kB
Node 0 Unevictable:       13796 kB
Node 0 Mlocked:           13796 kB
Node 0 Dirty:               420 kB
Node 0 Writeback:             0 kB
Node 0 FilePages:        163232 kB
Node 0 Mapped:            21356 kB
Node 0 AnonPages:         44484 kB
Node 0 Shmem:               600 kB
Node 0 KernelStack:        2632 kB
Node 0 PageTables:         1812 kB
Node 0 NFS_Unstable:          0 kB
Node 0 Bounce:                0 kB
Node 0 WritebackTmp:          0 kB
Node 0 KReclaimable:      22248 kB
Node 0 Slab:              64188 kB
Node 0 SReclaimable:      22248 kB
Node 0 SUnreclaim:        41940 kB
Node 0 AnonHugePages:         0 kB
Node 0 ShmemHugePages:        0 kB
Node 0 ShmemPmdMapped:        0 kB
Node 0 FileHugePages:        0 kB
Node 0 FilePmdMapped:        0 kB
Node 0 HugePages_Total:     0
Node 0 HugePages_Free:      0
Node 0 HugePages_Surp:      0

Node 1 MemTotal:       24686196 kB
Node 1 MemFree:        24427936 kB
Node 1 MemUsed:          258260 kB
Node 1 Active:            70716 kB
Node 1 Inactive:          46640 kB
Node 1 Active(anon):      23036 kB
Node 1 Inactive(anon):      508 kB
Node 1 Active(file):      47680 kB
Node 1 Inactive(file):    46132 kB
Node 1 Unevictable:        4936 kB
Node 1 Mlocked:            4936 kB
Node 1 Dirty:                44 kB
Node 1 Writeback:             0 kB
Node 1 FilePages:         99416 kB
Node 1 Mapped:            21796 kB
Node 1 AnonPages:         22792 kB
Node 1 Shmem:               668 kB
Node 1 KernelStack:        1576 kB
Node 1 PageTables:          448 kB
Node 1 NFS_Unstable:          0 kB
Node 1 Bounce:                0 kB
Node 1 WritebackTmp:          0 kB
Node 1 KReclaimable:      21456 kB
Node 1 Slab:              50628 kB
Node 1 SReclaimable:      21456 kB
Node 1 SUnreclaim:        29172 kB
Node 1 AnonHugePages:         0 kB
Node 1 ShmemHugePages:        0 kB
Node 1 ShmemPmdMapped:        0 kB
Node 1 FileHugePages:        0 kB
Node 1 FilePmdMapped:        0 kB
Node 1 HugePages_Total:     0
Node 1 HugePages_Free:      0
Node 1 HugePages_Surp:      0

Import tank ZPool
Node 0 MemTotal:       24743736 kB
Node 0 MemFree:        24250136 kB
Node 0 MemUsed:          493600 kB
Node 0 Active:            50524 kB
Node 0 Inactive:         143444 kB
Node 0 Active(anon):      34160 kB
Node 0 Inactive(anon):      432 kB
Node 0 Active(file):      16364 kB
Node 0 Inactive(file):   143012 kB
Node 0 Unevictable:       13812 kB
Node 0 Mlocked:           13812 kB
Node 0 Dirty:               440 kB
Node 0 Writeback:             0 kB
Node 0 FilePages:        163260 kB
Node 0 Mapped:            21452 kB
Node 0 AnonPages:         44548 kB
Node 0 Shmem:               596 kB
Node 0 KernelStack:        2616 kB
Node 0 PageTables:         1784 kB
Node 0 NFS_Unstable:          0 kB
Node 0 Bounce:                0 kB
Node 0 WritebackTmp:          0 kB
Node 0 KReclaimable:      22264 kB
Node 0 Slab:              64916 kB
Node 0 SReclaimable:      22264 kB
Node 0 SUnreclaim:        42652 kB
Node 0 AnonHugePages:         0 kB
Node 0 ShmemHugePages:        0 kB
Node 0 ShmemPmdMapped:        0 kB
Node 0 FileHugePages:        0 kB
Node 0 FilePmdMapped:        0 kB
Node 0 HugePages_Total:     0
Node 0 HugePages_Free:      0
Node 0 HugePages_Surp:      0

Node 1 MemTotal:       24686196 kB
Node 1 MemFree:        24407992 kB
Node 1 MemUsed:          278204 kB
Node 1 Active:            71616 kB
Node 1 Inactive:          47896 kB
Node 1 Active(anon):      23472 kB
Node 1 Inactive(anon):      516 kB
Node 1 Active(file):      48144 kB
Node 1 Inactive(file):    47380 kB
Node 1 Unevictable:        4936 kB
Node 1 Mlocked:            4936 kB
Node 1 Dirty:                60 kB
Node 1 Writeback:             0 kB
Node 1 FilePages:        101136 kB
Node 1 Mapped:            21736 kB
Node 1 AnonPages:         22952 kB
Node 1 Shmem:               672 kB
Node 1 KernelStack:        2648 kB
Node 1 PageTables:          936 kB
Node 1 NFS_Unstable:          0 kB
Node 1 Bounce:                0 kB
Node 1 WritebackTmp:          0 kB
Node 1 KReclaimable:      21580 kB
Node 1 Slab:              57384 kB
Node 1 SReclaimable:      21580 kB
Node 1 SUnreclaim:        35804 kB
Node 1 AnonHugePages:         0 kB
Node 1 ShmemHugePages:        0 kB
Node 1 ShmemPmdMapped:        0 kB
Node 1 FileHugePages:        0 kB
Node 1 FilePmdMapped:        0 kB
Node 1 HugePages_Total:     0
Node 1 HugePages_Free:      0
Node 1 HugePages_Surp:      0

After Test
Node 0 MemTotal:       24743736 kB
Node 0 MemFree:        24175116 kB
Node 0 MemUsed:          568620 kB
Node 0 Active:            37824 kB
Node 0 Inactive:         143008 kB
Node 0 Active(anon):      20996 kB
Node 0 Inactive(anon):      428 kB
Node 0 Active(file):      16828 kB
Node 0 Inactive(file):   142580 kB
Node 0 Unevictable:       13812 kB
Node 0 Mlocked:           13812 kB
Node 0 Dirty:               252 kB
Node 0 Writeback:             0 kB
Node 0 FilePages:        163268 kB
Node 0 Mapped:            19328 kB
Node 0 AnonPages:         31380 kB
Node 0 Shmem:               596 kB
Node 0 KernelStack:        2168 kB
Node 0 PageTables:          556 kB
Node 0 NFS_Unstable:          0 kB
Node 0 Bounce:                0 kB
Node 0 WritebackTmp:          0 kB
Node 0 KReclaimable:      22264 kB
Node 0 Slab:              65332 kB
Node 0 SReclaimable:      22264 kB
Node 0 SUnreclaim:        43068 kB
Node 0 AnonHugePages:         0 kB
Node 0 ShmemHugePages:        0 kB
Node 0 ShmemPmdMapped:        0 kB
Node 0 FileHugePages:        0 kB
Node 0 FilePmdMapped:        0 kB
Node 0 HugePages_Total:     0
Node 0 HugePages_Free:      0
Node 0 HugePages_Surp:      0

Node 1 MemTotal:       24686196 kB
Node 1 MemFree:        23473088 kB
Node 1 MemUsed:         1213108 kB
Node 1 Active:            61580 kB
Node 1 Inactive:         547440 kB
Node 1 Active(anon):      12504 kB
Node 1 Inactive(anon):      512 kB
Node 1 Active(file):      49076 kB
Node 1 Inactive(file):   546928 kB
Node 1 Unevictable:        4936 kB
Node 1 Mlocked:            4936 kB
Node 1 Dirty:                32 kB
Node 1 Writeback:             0 kB
Node 1 FilePages:        601612 kB
Node 1 Mapped:            20000 kB
Node 1 AnonPages:         12244 kB
Node 1 Shmem:               672 kB
Node 1 KernelStack:        2552 kB
Node 1 PageTables:          404 kB
Node 1 NFS_Unstable:          0 kB
Node 1 Bounce:                0 kB
Node 1 WritebackTmp:          0 kB
Node 1 KReclaimable:      22784 kB
Node 1 Slab:              61768 kB
Node 1 SReclaimable:      22784 kB
Node 1 SUnreclaim:        38984 kB
Node 1 AnonHugePages:         0 kB
Node 1 ShmemHugePages:        0 kB
Node 1 ShmemPmdMapped:        0 kB
Node 1 FileHugePages:        0 kB
Node 1 FilePmdMapped:        0 kB
Node 1 HugePages_Total:     0
Node 1 HugePages_Free:      0
Node 1 HugePages_Surp:      0

After Opposite Node
Node 0 MemTotal:       24743736 kB
Node 0 MemFree:        24175004 kB
Node 0 MemUsed:          568732 kB
Node 0 Active:            38228 kB
Node 0 Inactive:         143012 kB
Node 0 Active(anon):      21388 kB
Node 0 Inactive(anon):      428 kB
Node 0 Active(file):      16840 kB
Node 0 Inactive(file):   142584 kB
Node 0 Unevictable:       13812 kB
Node 0 Mlocked:           13812 kB
Node 0 Dirty:               284 kB
Node 0 Writeback:             0 kB
Node 0 FilePages:        163292 kB
Node 0 Mapped:            19376 kB
Node 0 AnonPages:         31608 kB
Node 0 Shmem:               596 kB
Node 0 KernelStack:        2184 kB
Node 0 PageTables:          576 kB
Node 0 NFS_Unstable:          0 kB
Node 0 Bounce:                0 kB
Node 0 WritebackTmp:          0 kB
Node 0 KReclaimable:      22296 kB
Node 0 Slab:              65448 kB
Node 0 SReclaimable:      22296 kB
Node 0 SUnreclaim:        43152 kB
Node 0 AnonHugePages:         0 kB
Node 0 ShmemHugePages:        0 kB
Node 0 ShmemPmdMapped:        0 kB
Node 0 FileHugePages:        0 kB
Node 0 FilePmdMapped:        0 kB
Node 0 HugePages_Total:     0
Node 0 HugePages_Free:      0
Node 0 HugePages_Surp:      0

Node 1 MemTotal:       24686196 kB
Node 1 MemFree:        23473788 kB
Node 1 MemUsed:         1212408 kB
Node 1 Active:            61496 kB
Node 1 Inactive:         547208 kB
Node 1 Active(anon):      12172 kB
Node 1 Inactive(anon):      512 kB
Node 1 Active(file):      49324 kB
Node 1 Inactive(file):   546696 kB
Node 1 Unevictable:        4936 kB
Node 1 Mlocked:            4936 kB
Node 1 Dirty:                60 kB
Node 1 Writeback:             0 kB
Node 1 FilePages:        601628 kB
Node 1 Mapped:            20004 kB
Node 1 AnonPages:         12020 kB
Node 1 Shmem:               672 kB
Node 1 KernelStack:        2536 kB
Node 1 PageTables:          448 kB
Node 1 NFS_Unstable:          0 kB
Node 1 Bounce:                0 kB
Node 1 WritebackTmp:          0 kB
Node 1 KReclaimable:      22784 kB
Node 1 Slab:              61768 kB
Node 1 SReclaimable:      22784 kB
Node 1 SUnreclaim:        38984 kB
Node 1 AnonHugePages:         0 kB
Node 1 ShmemHugePages:        0 kB
Node 1 ShmemPmdMapped:        0 kB
Node 1 FileHugePages:        0 kB
Node 1 FilePmdMapped:        0 kB
Node 1 HugePages_Total:     0
Node 1 HugePages_Free:      0
Node 1 HugePages_Surp:      0

B.1.512M-simpleread.250M.2.O.1M Complete!
