kernel.numa_balancing = 0
B.1.128M-simpleread.8G.1.O.1M
Begin
Node 0 MemTotal:       24768352 kB
Node 0 MemFree:        24518288 kB
Node 0 MemUsed:          250064 kB
Node 0 Active:            46080 kB
Node 0 Inactive:          47288 kB
Node 0 Active(anon):      24944 kB
Node 0 Inactive(anon):      412 kB
Node 0 Active(file):      21136 kB
Node 0 Inactive(file):    46876 kB
Node 0 Unevictable:       17216 kB
Node 0 Mlocked:           17216 kB
Node 0 Dirty:                48 kB
Node 0 Writeback:             0 kB
Node 0 FilePages:         75488 kB
Node 0 Mapped:            45360 kB
Node 0 AnonPages:         35184 kB
Node 0 Shmem:               592 kB
Node 0 KernelStack:        2040 kB
Node 0 PageTables:          908 kB
Node 0 NFS_Unstable:          0 kB
Node 0 Bounce:                0 kB
Node 0 WritebackTmp:          0 kB
Node 0 KReclaimable:      22556 kB
Node 0 Slab:              59952 kB
Node 0 SReclaimable:      22556 kB
Node 0 SUnreclaim:        37396 kB
Node 0 AnonHugePages:         0 kB
Node 0 ShmemHugePages:        0 kB
Node 0 ShmemPmdMapped:        0 kB
Node 0 FileHugePages:        0 kB
Node 0 FilePmdMapped:        0 kB
Node 0 HugePages_Total:     0
Node 0 HugePages_Free:      0
Node 0 HugePages_Surp:      0

Node 1 MemTotal:       24661580 kB
Node 1 MemFree:        24283256 kB
Node 1 MemUsed:          378324 kB
Node 1 Active:            50252 kB
Node 1 Inactive:          61804 kB
Node 1 Active(anon):       8996 kB
Node 1 Inactive(anon):      464 kB
Node 1 Active(file):      41256 kB
Node 1 Inactive(file):    61340 kB
Node 1 Unevictable:        1308 kB
Node 1 Mlocked:            1308 kB
Node 1 Dirty:                20 kB
Node 1 Writeback:             0 kB
Node 1 FilePages:        104628 kB
Node 1 Mapped:            14768 kB
Node 1 AnonPages:          8820 kB
Node 1 Shmem:               676 kB
Node 1 KernelStack:        1592 kB
Node 1 PageTables:          260 kB
Node 1 NFS_Unstable:          0 kB
Node 1 Bounce:                0 kB
Node 1 WritebackTmp:          0 kB
Node 1 KReclaimable:      19308 kB
Node 1 Slab:              45172 kB
Node 1 SReclaimable:      19308 kB
Node 1 SUnreclaim:        25864 kB
Node 1 AnonHugePages:         0 kB
Node 1 ShmemHugePages:        0 kB
Node 1 ShmemPmdMapped:        0 kB
Node 1 FileHugePages:        0 kB
Node 1 FilePmdMapped:        0 kB
Node 1 HugePages_Total:     0
Node 1 HugePages_Free:      0
Node 1 HugePages_Surp:      0

Load ZFS
Node 0 MemTotal:       24768352 kB
Node 0 MemFree:        24454932 kB
Node 0 MemUsed:          313420 kB
Node 0 Active:            56020 kB
Node 0 Inactive:          91776 kB
Node 0 Active(anon):      33892 kB
Node 0 Inactive(anon):      412 kB
Node 0 Active(file):      22128 kB
Node 0 Inactive(file):    91364 kB
Node 0 Unevictable:       17432 kB
Node 0 Mlocked:           17432 kB
Node 0 Dirty:               368 kB
Node 0 Writeback:             0 kB
Node 0 FilePages:        120972 kB
Node 0 Mapped:            47560 kB
Node 0 AnonPages:         43752 kB
Node 0 Shmem:               596 kB
Node 0 KernelStack:        2188 kB
Node 0 PageTables:         1044 kB
Node 0 NFS_Unstable:          0 kB
Node 0 Bounce:                0 kB
Node 0 WritebackTmp:          0 kB
Node 0 KReclaimable:      23440 kB
Node 0 Slab:              63940 kB
Node 0 SReclaimable:      23440 kB
Node 0 SUnreclaim:        40500 kB
Node 0 AnonHugePages:         0 kB
Node 0 ShmemHugePages:        0 kB
Node 0 ShmemPmdMapped:        0 kB
Node 0 FileHugePages:        0 kB
Node 0 FilePmdMapped:        0 kB
Node 0 HugePages_Total:     0
Node 0 HugePages_Free:      0
Node 0 HugePages_Surp:      0

Node 1 MemTotal:       24661580 kB
Node 1 MemFree:        24203212 kB
Node 1 MemUsed:          458368 kB
Node 1 Active:            66268 kB
Node 1 Inactive:         120900 kB
Node 1 Active(anon):      23572 kB
Node 1 Inactive(anon):      532 kB
Node 1 Active(file):      42696 kB
Node 1 Inactive(file):   120368 kB
Node 1 Unevictable:        1308 kB
Node 1 Mlocked:            1308 kB
Node 1 Dirty:                48 kB
Node 1 Writeback:             0 kB
Node 1 FilePages:        165332 kB
Node 1 Mapped:            17232 kB
Node 1 AnonPages:         23216 kB
Node 1 Shmem:               672 kB
Node 1 KernelStack:        1996 kB
Node 1 PageTables:         1000 kB
Node 1 NFS_Unstable:          0 kB
Node 1 Bounce:                0 kB
Node 1 WritebackTmp:          0 kB
Node 1 KReclaimable:      20064 kB
Node 1 Slab:              48000 kB
Node 1 SReclaimable:      20064 kB
Node 1 SUnreclaim:        27936 kB
Node 1 AnonHugePages:         0 kB
Node 1 ShmemHugePages:        0 kB
Node 1 ShmemPmdMapped:        0 kB
Node 1 FileHugePages:        0 kB
Node 1 FilePmdMapped:        0 kB
Node 1 HugePages_Total:     0
Node 1 HugePages_Free:      0
Node 1 HugePages_Surp:      0

Import tank ZPool
Node 0 MemTotal:       24768352 kB
Node 0 MemFree:        24456964 kB
Node 0 MemUsed:          311388 kB
Node 0 Active:            55524 kB
Node 0 Inactive:          91772 kB
Node 0 Active(anon):      33396 kB
Node 0 Inactive(anon):      408 kB
Node 0 Active(file):      22128 kB
Node 0 Inactive(file):    91364 kB
Node 0 Unevictable:       17448 kB
Node 0 Mlocked:           17448 kB
Node 0 Dirty:               424 kB
Node 0 Writeback:             0 kB
Node 0 FilePages:        120964 kB
Node 0 Mapped:            47068 kB
Node 0 AnonPages:         43776 kB
Node 0 Shmem:               588 kB
Node 0 KernelStack:        2120 kB
Node 0 PageTables:         1296 kB
Node 0 NFS_Unstable:          0 kB
Node 0 Bounce:                0 kB
Node 0 WritebackTmp:          0 kB
Node 0 KReclaimable:      23440 kB
Node 0 Slab:              63896 kB
Node 0 SReclaimable:      23440 kB
Node 0 SUnreclaim:        40456 kB
Node 0 AnonHugePages:         0 kB
Node 0 ShmemHugePages:        0 kB
Node 0 ShmemPmdMapped:        0 kB
Node 0 FileHugePages:        0 kB
Node 0 FilePmdMapped:        0 kB
Node 0 HugePages_Total:     0
Node 0 HugePages_Free:      0
Node 0 HugePages_Surp:      0

Node 1 MemTotal:       24661580 kB
Node 1 MemFree:        24185084 kB
Node 1 MemUsed:          476496 kB
Node 1 Active:            67016 kB
Node 1 Inactive:         122148 kB
Node 1 Active(anon):      23852 kB
Node 1 Inactive(anon):      544 kB
Node 1 Active(file):      43164 kB
Node 1 Inactive(file):   121604 kB
Node 1 Unevictable:        1308 kB
Node 1 Mlocked:            1308 kB
Node 1 Dirty:                60 kB
Node 1 Writeback:             0 kB
Node 1 FilePages:        166788 kB
Node 1 Mapped:            17196 kB
Node 1 AnonPages:         23532 kB
Node 1 Shmem:               680 kB
Node 1 KernelStack:        3096 kB
Node 1 PageTables:         1352 kB
Node 1 NFS_Unstable:          0 kB
Node 1 Bounce:                0 kB
Node 1 WritebackTmp:          0 kB
Node 1 KReclaimable:      20208 kB
Node 1 Slab:              54400 kB
Node 1 SReclaimable:      20208 kB
Node 1 SUnreclaim:        34192 kB
Node 1 AnonHugePages:         0 kB
Node 1 ShmemHugePages:        0 kB
Node 1 ShmemPmdMapped:        0 kB
Node 1 FileHugePages:        0 kB
Node 1 FilePmdMapped:        0 kB
Node 1 HugePages_Total:     0
Node 1 HugePages_Free:      0
Node 1 HugePages_Surp:      0

After Test
Node 0 MemTotal:       24768352 kB
Node 0 MemFree:        23920960 kB
Node 0 MemUsed:          847392 kB
Node 0 Active:            46156 kB
Node 0 Inactive:          91352 kB
Node 0 Active(anon):      23608 kB
Node 0 Inactive(anon):      408 kB
Node 0 Active(file):      22548 kB
Node 0 Inactive(file):    90944 kB
Node 0 Unevictable:       17448 kB
Node 0 Mlocked:           17448 kB
Node 0 Dirty:                20 kB
Node 0 Writeback:             0 kB
Node 0 FilePages:        120964 kB
Node 0 Mapped:            45468 kB
Node 0 AnonPages:         33988 kB
Node 0 Shmem:               588 kB
Node 0 KernelStack:        1944 kB
Node 0 PageTables:          808 kB
Node 0 NFS_Unstable:          0 kB
Node 0 Bounce:                0 kB
Node 0 WritebackTmp:          0 kB
Node 0 KReclaimable:      23452 kB
Node 0 Slab:              65744 kB
Node 0 SReclaimable:      23452 kB
Node 0 SUnreclaim:        42292 kB
Node 0 AnonHugePages:         0 kB
Node 0 ShmemHugePages:        0 kB
Node 0 ShmemPmdMapped:        0 kB
Node 0 FileHugePages:        0 kB
Node 0 FilePmdMapped:        0 kB
Node 0 HugePages_Total:     0
Node 0 HugePages_Free:      0
Node 0 HugePages_Surp:      0

Node 1 MemTotal:       24661580 kB
Node 1 MemFree:        15372380 kB
Node 1 MemUsed:         9289200 kB
Node 1 Active:            54220 kB
Node 1 Inactive:         246668 kB
Node 1 Active(anon):       9852 kB
Node 1 Inactive(anon):      536 kB
Node 1 Active(file):      44368 kB
Node 1 Inactive(file):   246132 kB
Node 1 Unevictable:        1308 kB
Node 1 Mlocked:            1308 kB
Node 1 Dirty:                 8 kB
Node 1 Writeback:             0 kB
Node 1 FilePages:        292488 kB
Node 1 Mapped:            14896 kB
Node 1 AnonPages:          9636 kB
Node 1 Shmem:               680 kB
Node 1 KernelStack:        2632 kB
Node 1 PageTables:          552 kB
Node 1 NFS_Unstable:          0 kB
Node 1 Bounce:                0 kB
Node 1 WritebackTmp:          0 kB
Node 1 KReclaimable:      20680 kB
Node 1 Slab:              85968 kB
Node 1 SReclaimable:      20680 kB
Node 1 SUnreclaim:        65288 kB
Node 1 AnonHugePages:         0 kB
Node 1 ShmemHugePages:        0 kB
Node 1 ShmemPmdMapped:        0 kB
Node 1 FileHugePages:        0 kB
Node 1 FilePmdMapped:        0 kB
Node 1 HugePages_Total:     0
Node 1 HugePages_Free:      0
Node 1 HugePages_Surp:      0

After Opposite Node
Node 0 MemTotal:       24768352 kB
Node 0 MemFree:        23922068 kB
Node 0 MemUsed:          846284 kB
Node 0 Active:            46784 kB
Node 0 Inactive:          91116 kB
Node 0 Active(anon):      23988 kB
Node 0 Inactive(anon):      408 kB
Node 0 Active(file):      22796 kB
Node 0 Inactive(file):    90708 kB
Node 0 Unevictable:       17448 kB
Node 0 Mlocked:           17448 kB
Node 0 Dirty:                48 kB
Node 0 Writeback:             0 kB
Node 0 FilePages:        120976 kB
Node 0 Mapped:            45436 kB
Node 0 AnonPages:         34212 kB
Node 0 Shmem:               588 kB
Node 0 KernelStack:        1960 kB
Node 0 PageTables:         1104 kB
Node 0 NFS_Unstable:          0 kB
Node 0 Bounce:                0 kB
Node 0 WritebackTmp:          0 kB
Node 0 KReclaimable:      23484 kB
Node 0 Slab:              65864 kB
Node 0 SReclaimable:      23484 kB
Node 0 SUnreclaim:        42380 kB
Node 0 AnonHugePages:         0 kB
Node 0 ShmemHugePages:        0 kB
Node 0 ShmemPmdMapped:        0 kB
Node 0 FileHugePages:        0 kB
Node 0 FilePmdMapped:        0 kB
Node 0 HugePages_Total:     0
Node 0 HugePages_Free:      0
Node 0 HugePages_Surp:      0

Node 1 MemTotal:       24661580 kB
Node 1 MemFree:        15372064 kB
Node 1 MemUsed:         9289516 kB
Node 1 Active:            53952 kB
Node 1 Inactive:         246652 kB
Node 1 Active(anon):       9544 kB
Node 1 Inactive(anon):      536 kB
Node 1 Active(file):      44408 kB
Node 1 Inactive(file):   246116 kB
Node 1 Unevictable:        1308 kB
Node 1 Mlocked:            1308 kB
Node 1 Dirty:                32 kB
Node 1 Writeback:             0 kB
Node 1 FilePages:        292512 kB
Node 1 Mapped:            14924 kB
Node 1 AnonPages:          9420 kB
Node 1 Shmem:               680 kB
Node 1 KernelStack:        2616 kB
Node 1 PageTables:          264 kB
Node 1 NFS_Unstable:          0 kB
Node 1 Bounce:                0 kB
Node 1 WritebackTmp:          0 kB
Node 1 KReclaimable:      20680 kB
Node 1 Slab:              86108 kB
Node 1 SReclaimable:      20680 kB
Node 1 SUnreclaim:        65428 kB
Node 1 AnonHugePages:         0 kB
Node 1 ShmemHugePages:        0 kB
Node 1 ShmemPmdMapped:        0 kB
Node 1 FileHugePages:        0 kB
Node 1 FilePmdMapped:        0 kB
Node 1 HugePages_Total:     0
Node 1 HugePages_Free:      0
Node 1 HugePages_Surp:      0

B.1.128M-simpleread.8G.1.O.1M Complete!
