kernel.numa_balancing = 0
50 Tests Remaining!
B.1.128M-simpleread.16G.1.O.1M
Begin
Node 0 MemTotal:       24768352 kB
Node 0 MemFree:        24375608 kB
Node 0 MemUsed:          392744 kB
Node 0 Active:            39600 kB
Node 0 Inactive:          71068 kB
Node 0 Active(anon):      16868 kB
Node 0 Inactive(anon):      392 kB
Node 0 Active(file):      22732 kB
Node 0 Inactive(file):    70676 kB
Node 0 Unevictable:        4876 kB
Node 0 Mlocked:            4876 kB
Node 0 Dirty:               240 kB
Node 0 Writeback:             0 kB
Node 0 FilePages:         98860 kB
Node 0 Mapped:            36276 kB
Node 0 AnonPages:         16808 kB
Node 0 Shmem:               580 kB
Node 0 KernelStack:        2472 kB
Node 0 PageTables:          672 kB
Node 0 NFS_Unstable:          0 kB
Node 0 Bounce:                0 kB
Node 0 WritebackTmp:          0 kB
Node 0 KReclaimable:      22380 kB
Node 0 Slab:              57752 kB
Node 0 SReclaimable:      22380 kB
Node 0 SUnreclaim:        35372 kB
Node 0 AnonHugePages:         0 kB
Node 0 ShmemHugePages:        0 kB
Node 0 ShmemPmdMapped:        0 kB
Node 0 FileHugePages:        0 kB
Node 0 FilePmdMapped:        0 kB
Node 0 HugePages_Total:     0
Node 0 HugePages_Free:      0
Node 0 HugePages_Surp:      0

Node 1 MemTotal:       24661580 kB
Node 1 MemFree:        24435600 kB
Node 1 MemUsed:          225980 kB
Node 1 Active:            57444 kB
Node 1 Inactive:          26416 kB
Node 1 Active(anon):      17584 kB
Node 1 Inactive(anon):      488 kB
Node 1 Active(file):      39860 kB
Node 1 Inactive(file):    25928 kB
Node 1 Unevictable:       13644 kB
Node 1 Mlocked:           13644 kB
Node 1 Dirty:               288 kB
Node 1 Writeback:             0 kB
Node 1 FilePages:         69796 kB
Node 1 Mapped:            17252 kB
Node 1 AnonPages:         27480 kB
Node 1 Shmem:               688 kB
Node 1 KernelStack:        1320 kB
Node 1 PageTables:          612 kB
Node 1 NFS_Unstable:          0 kB
Node 1 Bounce:                0 kB
Node 1 WritebackTmp:          0 kB
Node 1 KReclaimable:      20244 kB
Node 1 Slab:              49588 kB
Node 1 SReclaimable:      20244 kB
Node 1 SUnreclaim:        29344 kB
Node 1 AnonHugePages:         0 kB
Node 1 ShmemHugePages:        0 kB
Node 1 ShmemPmdMapped:        0 kB
Node 1 FileHugePages:        0 kB
Node 1 FilePmdMapped:        0 kB
Node 1 HugePages_Total:     0
Node 1 HugePages_Free:      0
Node 1 HugePages_Surp:      0

Load ZFS
Node 0 MemTotal:       24768352 kB
Node 0 MemFree:        24466368 kB
Node 0 MemUsed:          301984 kB
Node 0 Active:            54972 kB
Node 0 Inactive:          94344 kB
Node 0 Active(anon):      31956 kB
Node 0 Inactive(anon):      280 kB
Node 0 Active(file):      23016 kB
Node 0 Inactive(file):    94064 kB
Node 0 Unevictable:        4876 kB
Node 0 Mlocked:            4876 kB
Node 0 Dirty:               404 kB
Node 0 Writeback:             0 kB
Node 0 FilePages:        122452 kB
Node 0 Mapped:            37604 kB
Node 0 AnonPages:         31612 kB
Node 0 Shmem:               504 kB
Node 0 KernelStack:        2972 kB
Node 0 PageTables:         2036 kB
Node 0 NFS_Unstable:          0 kB
Node 0 Bounce:                0 kB
Node 0 WritebackTmp:          0 kB
Node 0 KReclaimable:      22996 kB
Node 0 Slab:              60248 kB
Node 0 SReclaimable:      22996 kB
Node 0 SUnreclaim:        37252 kB
Node 0 AnonHugePages:         0 kB
Node 0 ShmemHugePages:        0 kB
Node 0 ShmemPmdMapped:        0 kB
Node 0 FileHugePages:        0 kB
Node 0 FilePmdMapped:        0 kB
Node 0 HugePages_Total:     0
Node 0 HugePages_Free:      0
Node 0 HugePages_Surp:      0

Node 1 MemTotal:       24661580 kB
Node 1 MemFree:        24198580 kB
Node 1 MemUsed:          463000 kB
Node 1 Active:            68792 kB
Node 1 Inactive:         106888 kB
Node 1 Active(anon):      27216 kB
Node 1 Inactive(anon):      524 kB
Node 1 Active(file):      41576 kB
Node 1 Inactive(file):   106364 kB
Node 1 Unevictable:       13860 kB
Node 1 Mlocked:           13860 kB
Node 1 Dirty:                36 kB
Node 1 Writeback:             0 kB
Node 1 FilePages:        152024 kB
Node 1 Mapped:            20076 kB
Node 1 AnonPages:         38100 kB
Node 1 Shmem:               764 kB
Node 1 KernelStack:        1264 kB
Node 1 PageTables:          632 kB
Node 1 NFS_Unstable:          0 kB
Node 1 Bounce:                0 kB
Node 1 WritebackTmp:          0 kB
Node 1 KReclaimable:      21004 kB
Node 1 Slab:              54384 kB
Node 1 SReclaimable:      21004 kB
Node 1 SUnreclaim:        33380 kB
Node 1 AnonHugePages:         0 kB
Node 1 ShmemHugePages:        0 kB
Node 1 ShmemPmdMapped:        0 kB
Node 1 FileHugePages:        0 kB
Node 1 FilePmdMapped:        0 kB
Node 1 HugePages_Total:     0
Node 1 HugePages_Free:      0
Node 1 HugePages_Surp:      0

Import tank ZPool
Node 0 MemTotal:       24768352 kB
Node 0 MemFree:        24452392 kB
Node 0 MemUsed:          315960 kB
Node 0 Active:            55112 kB
Node 0 Inactive:          94036 kB
Node 0 Active(anon):      31644 kB
Node 0 Inactive(anon):      436 kB
Node 0 Active(file):      23468 kB
Node 0 Inactive(file):    93600 kB
Node 0 Unevictable:        4876 kB
Node 0 Mlocked:            4876 kB
Node 0 Dirty:               468 kB
Node 0 Writeback:             0 kB
Node 0 FilePages:        122544 kB
Node 0 Mapped:            37444 kB
Node 0 AnonPages:         31496 kB
Node 0 Shmem:               588 kB
Node 0 KernelStack:        3000 kB
Node 0 PageTables:         1816 kB
Node 0 NFS_Unstable:          0 kB
Node 0 Bounce:                0 kB
Node 0 WritebackTmp:          0 kB
Node 0 KReclaimable:      23028 kB
Node 0 Slab:              61084 kB
Node 0 SReclaimable:      23028 kB
Node 0 SUnreclaim:        38056 kB
Node 0 AnonHugePages:         0 kB
Node 0 ShmemHugePages:        0 kB
Node 0 ShmemPmdMapped:        0 kB
Node 0 FileHugePages:        0 kB
Node 0 FilePmdMapped:        0 kB
Node 0 HugePages_Total:     0
Node 0 HugePages_Free:      0
Node 0 HugePages_Surp:      0

Node 1 MemTotal:       24661580 kB
Node 1 MemFree:        24190708 kB
Node 1 MemUsed:          470872 kB
Node 1 Active:            69096 kB
Node 1 Inactive:         107760 kB
Node 1 Active(anon):      26800 kB
Node 1 Inactive(anon):      516 kB
Node 1 Active(file):      42296 kB
Node 1 Inactive(file):   107244 kB
Node 1 Unevictable:       13876 kB
Node 1 Mlocked:           13876 kB
Node 1 Dirty:                84 kB
Node 1 Writeback:             0 kB
Node 1 FilePages:        153580 kB
Node 1 Mapped:            19992 kB
Node 1 AnonPages:         36844 kB
Node 1 Shmem:               680 kB
Node 1 KernelStack:        2264 kB
Node 1 PageTables:          688 kB
Node 1 NFS_Unstable:          0 kB
Node 1 Bounce:                0 kB
Node 1 WritebackTmp:          0 kB
Node 1 KReclaimable:      21128 kB
Node 1 Slab:              60732 kB
Node 1 SReclaimable:      21128 kB
Node 1 SUnreclaim:        39604 kB
Node 1 AnonHugePages:         0 kB
Node 1 ShmemHugePages:        0 kB
Node 1 ShmemPmdMapped:        0 kB
Node 1 FileHugePages:        0 kB
Node 1 FilePmdMapped:        0 kB
Node 1 HugePages_Total:     0
Node 1 HugePages_Free:      0
Node 1 HugePages_Surp:      0

After Test
Node 0 MemTotal:       24768352 kB
Node 0 MemFree:        23713560 kB
Node 0 MemUsed:         1054792 kB
Node 0 Active:            40116 kB
Node 0 Inactive:          93636 kB
Node 0 Active(anon):      16116 kB
Node 0 Inactive(anon):      432 kB
Node 0 Active(file):      24000 kB
Node 0 Inactive(file):    93204 kB
Node 0 Unevictable:        4876 kB
Node 0 Mlocked:            4876 kB
Node 0 Dirty:                32 kB
Node 0 Writeback:             0 kB
Node 0 FilePages:        122680 kB
Node 0 Mapped:            36144 kB
Node 0 AnonPages:         15960 kB
Node 0 Shmem:               588 kB
Node 0 KernelStack:        2312 kB
Node 0 PageTables:          608 kB
Node 0 NFS_Unstable:          0 kB
Node 0 Bounce:                0 kB
Node 0 WritebackTmp:          0 kB
Node 0 KReclaimable:      23080 kB
Node 0 Slab:              63708 kB
Node 0 SReclaimable:      23080 kB
Node 0 SUnreclaim:        40628 kB
Node 0 AnonHugePages:         0 kB
Node 0 ShmemHugePages:        0 kB
Node 0 ShmemPmdMapped:        0 kB
Node 0 FileHugePages:        0 kB
Node 0 FilePmdMapped:        0 kB
Node 0 HugePages_Total:     0
Node 0 HugePages_Free:      0
Node 0 HugePages_Surp:      0

Node 1 MemTotal:       24661580 kB
Node 1 MemFree:         7171712 kB
Node 1 MemUsed:        17489868 kB
Node 1 Active:            61036 kB
Node 1 Inactive:         232356 kB
Node 1 Active(anon):      17544 kB
Node 1 Inactive(anon):      512 kB
Node 1 Active(file):      43492 kB
Node 1 Inactive(file):   231844 kB
Node 1 Unevictable:       13876 kB
Node 1 Mlocked:           13876 kB
Node 1 Dirty:                20 kB
Node 1 Writeback:             0 kB
Node 1 FilePages:        279344 kB
Node 1 Mapped:            17324 kB
Node 1 AnonPages:         27836 kB
Node 1 Shmem:               680 kB
Node 1 KernelStack:        2120 kB
Node 1 PageTables:          744 kB
Node 1 NFS_Unstable:          0 kB
Node 1 Bounce:                0 kB
Node 1 WritebackTmp:          0 kB
Node 1 KReclaimable:      21644 kB
Node 1 Slab:             118448 kB
Node 1 SReclaimable:      21644 kB
Node 1 SUnreclaim:        96804 kB
Node 1 AnonHugePages:         0 kB
Node 1 ShmemHugePages:        0 kB
Node 1 ShmemPmdMapped:        0 kB
Node 1 FileHugePages:        0 kB
Node 1 FilePmdMapped:        0 kB
Node 1 HugePages_Total:     0
Node 1 HugePages_Free:      0
Node 1 HugePages_Surp:      0

After Opposite Node
Node 0 MemTotal:       24768352 kB
Node 0 MemFree:        23712312 kB
Node 0 MemUsed:         1056040 kB
Node 0 Active:            40568 kB
Node 0 Inactive:          93596 kB
Node 0 Active(anon):      16492 kB
Node 0 Inactive(anon):      432 kB
Node 0 Active(file):      24076 kB
Node 0 Inactive(file):    93164 kB
Node 0 Unevictable:        4876 kB
Node 0 Mlocked:            4876 kB
Node 0 Dirty:                40 kB
Node 0 Writeback:             0 kB
Node 0 FilePages:        122708 kB
Node 0 Mapped:            36172 kB
Node 0 AnonPages:         16180 kB
Node 0 Shmem:               588 kB
Node 0 KernelStack:        2328 kB
Node 0 PageTables:          904 kB
Node 0 NFS_Unstable:          0 kB
Node 0 Bounce:                0 kB
Node 0 WritebackTmp:          0 kB
Node 0 KReclaimable:      23112 kB
Node 0 Slab:              63920 kB
Node 0 SReclaimable:      23112 kB
Node 0 SUnreclaim:        40808 kB
Node 0 AnonHugePages:         0 kB
Node 0 ShmemHugePages:        0 kB
Node 0 ShmemPmdMapped:        0 kB
Node 0 FileHugePages:        0 kB
Node 0 FilePmdMapped:        0 kB
Node 0 HugePages_Total:     0
Node 0 HugePages_Free:      0
Node 0 HugePages_Surp:      0

Node 1 MemTotal:       24661580 kB
Node 1 MemFree:         7174520 kB
Node 1 MemUsed:        17487060 kB
Node 1 Active:            60932 kB
Node 1 Inactive:         232160 kB
Node 1 Active(anon):      17212 kB
Node 1 Inactive(anon):      512 kB
Node 1 Active(file):      43720 kB
Node 1 Inactive(file):   231648 kB
Node 1 Unevictable:       13876 kB
Node 1 Mlocked:           13876 kB
Node 1 Dirty:                36 kB
Node 1 Writeback:             0 kB
Node 1 FilePages:        279368 kB
Node 1 Mapped:            17544 kB
Node 1 AnonPages:         27620 kB
Node 1 Shmem:               680 kB
Node 1 KernelStack:        2104 kB
Node 1 PageTables:          448 kB
Node 1 NFS_Unstable:          0 kB
Node 1 Bounce:                0 kB
Node 1 WritebackTmp:          0 kB
Node 1 KReclaimable:      21644 kB
Node 1 Slab:             118768 kB
Node 1 SReclaimable:      21644 kB
Node 1 SUnreclaim:        97124 kB
Node 1 AnonHugePages:         0 kB
Node 1 ShmemHugePages:        0 kB
Node 1 ShmemPmdMapped:        0 kB
Node 1 FileHugePages:        0 kB
Node 1 FilePmdMapped:        0 kB
Node 1 HugePages_Total:     0
Node 1 HugePages_Free:      0
Node 1 HugePages_Surp:      0

B.1.128M-simpleread.16G.1.O.1M Complete!
