kernel.numa_balancing = 0
B.1.32M-simpleread.2G.2.O.1M
Begin
Node 0 MemTotal:       24743736 kB
Node 0 MemFree:        24350088 kB
Node 0 MemUsed:          393648 kB
Node 0 Active:            50356 kB
Node 0 Inactive:          57072 kB
Node 0 Active(anon):      12104 kB
Node 0 Inactive(anon):      564 kB
Node 0 Active(file):      38252 kB
Node 0 Inactive(file):    56508 kB
Node 0 Unevictable:       13300 kB
Node 0 Mlocked:           13300 kB
Node 0 Dirty:               408 kB
Node 0 Writeback:             0 kB
Node 0 FilePages:         98540 kB
Node 0 Mapped:            14392 kB
Node 0 AnonPages:         22248 kB
Node 0 Shmem:               796 kB
Node 0 KernelStack:        2088 kB
Node 0 PageTables:          504 kB
Node 0 NFS_Unstable:          0 kB
Node 0 Bounce:                0 kB
Node 0 WritebackTmp:          0 kB
Node 0 KReclaimable:      23600 kB
Node 0 Slab:              56368 kB
Node 0 SReclaimable:      23600 kB
Node 0 SUnreclaim:        32768 kB
Node 0 AnonHugePages:         0 kB
Node 0 ShmemHugePages:        0 kB
Node 0 ShmemPmdMapped:        0 kB
Node 0 FileHugePages:        0 kB
Node 0 FilePmdMapped:        0 kB
Node 0 HugePages_Total:     0
Node 0 HugePages_Free:      0
Node 0 HugePages_Surp:      0

Node 1 MemTotal:       24686196 kB
Node 1 MemFree:        24465720 kB
Node 1 MemUsed:          220476 kB
Node 1 Active:            44960 kB
Node 1 Inactive:          34616 kB
Node 1 Active(anon):      21920 kB
Node 1 Inactive(anon):      316 kB
Node 1 Active(file):      23040 kB
Node 1 Inactive(file):    34300 kB
Node 1 Unevictable:        5220 kB
Node 1 Mlocked:            5220 kB
Node 1 Dirty:                24 kB
Node 1 Writeback:             0 kB
Node 1 FilePages:         63032 kB
Node 1 Mapped:            29608 kB
Node 1 AnonPages:         21776 kB
Node 1 Shmem:               472 kB
Node 1 KernelStack:        1512 kB
Node 1 PageTables:          596 kB
Node 1 NFS_Unstable:          0 kB
Node 1 Bounce:                0 kB
Node 1 WritebackTmp:          0 kB
Node 1 KReclaimable:      19152 kB
Node 1 Slab:              51292 kB
Node 1 SReclaimable:      19152 kB
Node 1 SUnreclaim:        32140 kB
Node 1 AnonHugePages:         0 kB
Node 1 ShmemHugePages:        0 kB
Node 1 ShmemPmdMapped:        0 kB
Node 1 FileHugePages:        0 kB
Node 1 FilePmdMapped:        0 kB
Node 1 HugePages_Total:     0
Node 1 HugePages_Free:      0
Node 1 HugePages_Surp:      0

Load ZFS
Node 0 MemTotal:       24743736 kB
Node 0 MemFree:        24444936 kB
Node 0 MemUsed:          298800 kB
Node 0 Active:            63320 kB
Node 0 Inactive:          73108 kB
Node 0 Active(anon):      23688 kB
Node 0 Inactive(anon):      456 kB
Node 0 Active(file):      39632 kB
Node 0 Inactive(file):    72652 kB
Node 0 Unevictable:       13500 kB
Node 0 Mlocked:           13500 kB
Node 0 Dirty:               204 kB
Node 0 Writeback:             0 kB
Node 0 FilePages:        115900 kB
Node 0 Mapped:            16300 kB
Node 0 AnonPages:         33980 kB
Node 0 Shmem:               644 kB
Node 0 KernelStack:        2628 kB
Node 0 PageTables:          812 kB
Node 0 NFS_Unstable:          0 kB
Node 0 Bounce:                0 kB
Node 0 WritebackTmp:          0 kB
Node 0 KReclaimable:      24548 kB
Node 0 Slab:              60200 kB
Node 0 SReclaimable:      24548 kB
Node 0 SUnreclaim:        35652 kB
Node 0 AnonHugePages:         0 kB
Node 0 ShmemHugePages:        0 kB
Node 0 ShmemPmdMapped:        0 kB
Node 0 FileHugePages:        0 kB
Node 0 FilePmdMapped:        0 kB
Node 0 HugePages_Total:     0
Node 0 HugePages_Free:      0
Node 0 HugePages_Surp:      0

Node 1 MemTotal:       24686196 kB
Node 1 MemFree:        24227564 kB
Node 1 MemUsed:          458632 kB
Node 1 Active:            59984 kB
Node 1 Inactive:         122100 kB
Node 1 Active(anon):      35888 kB
Node 1 Inactive(anon):      468 kB
Node 1 Active(file):      24096 kB
Node 1 Inactive(file):   121632 kB
Node 1 Unevictable:        5220 kB
Node 1 Mlocked:            5220 kB
Node 1 Dirty:               324 kB
Node 1 Writeback:             0 kB
Node 1 FilePages:        151716 kB
Node 1 Mapped:            32568 kB
Node 1 AnonPages:         35932 kB
Node 1 Shmem:               624 kB
Node 1 KernelStack:        1776 kB
Node 1 PageTables:         2156 kB
Node 1 NFS_Unstable:          0 kB
Node 1 Bounce:                0 kB
Node 1 WritebackTmp:          0 kB
Node 1 KReclaimable:      19864 kB
Node 1 Slab:              55200 kB
Node 1 SReclaimable:      19864 kB
Node 1 SUnreclaim:        35336 kB
Node 1 AnonHugePages:         0 kB
Node 1 ShmemHugePages:        0 kB
Node 1 ShmemPmdMapped:        0 kB
Node 1 FileHugePages:        0 kB
Node 1 FilePmdMapped:        0 kB
Node 1 HugePages_Total:     0
Node 1 HugePages_Free:      0
Node 1 HugePages_Surp:      0

Import tank ZPool
Node 0 MemTotal:       24743736 kB
Node 0 MemFree:        24424680 kB
Node 0 MemUsed:          319056 kB
Node 0 Active:            63636 kB
Node 0 Inactive:          74336 kB
Node 0 Active(anon):      23572 kB
Node 0 Inactive(anon):      464 kB
Node 0 Active(file):      40064 kB
Node 0 Inactive(file):    73872 kB
Node 0 Unevictable:       13532 kB
Node 0 Mlocked:           13532 kB
Node 0 Dirty:               112 kB
Node 0 Writeback:             0 kB
Node 0 FilePages:        117576 kB
Node 0 Mapped:            16120 kB
Node 0 AnonPages:         33628 kB
Node 0 Shmem:               632 kB
Node 0 KernelStack:        3640 kB
Node 0 PageTables:         1272 kB
Node 0 NFS_Unstable:          0 kB
Node 0 Bounce:                0 kB
Node 0 WritebackTmp:          0 kB
Node 0 KReclaimable:      24672 kB
Node 0 Slab:              66736 kB
Node 0 SReclaimable:      24672 kB
Node 0 SUnreclaim:        42064 kB
Node 0 AnonHugePages:         0 kB
Node 0 ShmemHugePages:        0 kB
Node 0 ShmemPmdMapped:        0 kB
Node 0 FileHugePages:        0 kB
Node 0 FilePmdMapped:        0 kB
Node 0 HugePages_Total:     0
Node 0 HugePages_Free:      0
Node 0 HugePages_Surp:      0

Node 1 MemTotal:       24686196 kB
Node 1 MemFree:        24228940 kB
Node 1 MemUsed:          457256 kB
Node 1 Active:            59304 kB
Node 1 Inactive:         122004 kB
Node 1 Active(anon):      35164 kB
Node 1 Inactive(anon):      484 kB
Node 1 Active(file):      24140 kB
Node 1 Inactive(file):   121520 kB
Node 1 Unevictable:        5220 kB
Node 1 Mlocked:            5220 kB
Node 1 Dirty:               364 kB
Node 1 Writeback:             0 kB
Node 1 FilePages:        151516 kB
Node 1 Mapped:            31708 kB
Node 1 AnonPages:         35012 kB
Node 1 Shmem:               636 kB
Node 1 KernelStack:        1592 kB
Node 1 PageTables:         1252 kB
Node 1 NFS_Unstable:          0 kB
Node 1 Bounce:                0 kB
Node 1 WritebackTmp:          0 kB
Node 1 KReclaimable:      19864 kB
Node 1 Slab:              54912 kB
Node 1 SReclaimable:      19864 kB
Node 1 SUnreclaim:        35048 kB
Node 1 AnonHugePages:         0 kB
Node 1 ShmemHugePages:        0 kB
Node 1 ShmemPmdMapped:        0 kB
Node 1 FileHugePages:        0 kB
Node 1 FilePmdMapped:        0 kB
Node 1 HugePages_Total:     0
Node 1 HugePages_Free:      0
Node 1 HugePages_Surp:      0

After Test
Node 0 MemTotal:       24743736 kB
Node 0 MemFree:        21899836 kB
Node 0 MemUsed:         2843900 kB
Node 0 Active:            52252 kB
Node 0 Inactive:         104836 kB
Node 0 Active(anon):      11552 kB
Node 0 Inactive(anon):      456 kB
Node 0 Active(file):      40700 kB
Node 0 Inactive(file):   104380 kB
Node 0 Unevictable:       13532 kB
Node 0 Mlocked:           13532 kB
Node 0 Dirty:                16 kB
Node 0 Writeback:             0 kB
Node 0 FilePages:        148680 kB
Node 0 Mapped:            14404 kB
Node 0 AnonPages:         21936 kB
Node 0 Shmem:               628 kB
Node 0 KernelStack:        3208 kB
Node 0 PageTables:          444 kB
Node 0 NFS_Unstable:          0 kB
Node 0 Bounce:                0 kB
Node 0 WritebackTmp:          0 kB
Node 0 KReclaimable:      24736 kB
Node 0 Slab:              78708 kB
Node 0 SReclaimable:      24736 kB
Node 0 SUnreclaim:        53972 kB
Node 0 AnonHugePages:         0 kB
Node 0 ShmemHugePages:        0 kB
Node 0 ShmemPmdMapped:        0 kB
Node 0 FileHugePages:        0 kB
Node 0 FilePmdMapped:        0 kB
Node 0 HugePages_Total:     0
Node 0 HugePages_Free:      0
Node 0 HugePages_Surp:      0

Node 1 MemTotal:       24686196 kB
Node 1 MemFree:        23812552 kB
Node 1 MemUsed:          873644 kB
Node 1 Active:            46936 kB
Node 1 Inactive:         121968 kB
Node 1 Active(anon):      22100 kB
Node 1 Inactive(anon):      484 kB
Node 1 Active(file):      24836 kB
Node 1 Inactive(file):   121484 kB
Node 1 Unevictable:        5220 kB
Node 1 Mlocked:            5220 kB
Node 1 Dirty:                24 kB
Node 1 Writeback:             0 kB
Node 1 FilePages:        152180 kB
Node 1 Mapped:            29636 kB
Node 1 AnonPages:         21800 kB
Node 1 Shmem:               640 kB
Node 1 KernelStack:        1384 kB
Node 1 PageTables:          708 kB
Node 1 NFS_Unstable:          0 kB
Node 1 Bounce:                0 kB
Node 1 WritebackTmp:          0 kB
Node 1 KReclaimable:      19976 kB
Node 1 Slab:              56440 kB
Node 1 SReclaimable:      19976 kB
Node 1 SUnreclaim:        36464 kB
Node 1 AnonHugePages:         0 kB
Node 1 ShmemHugePages:        0 kB
Node 1 ShmemPmdMapped:        0 kB
Node 1 FileHugePages:        0 kB
Node 1 FilePmdMapped:        0 kB
Node 1 HugePages_Total:     0
Node 1 HugePages_Free:      0
Node 1 HugePages_Surp:      0

After Opposite Node
Node 0 MemTotal:       24743736 kB
Node 0 MemFree:        21900712 kB
Node 0 MemUsed:         2843024 kB
Node 0 Active:            52676 kB
Node 0 Inactive:         104788 kB
Node 0 Active(anon):      11912 kB
Node 0 Inactive(anon):      456 kB
Node 0 Active(file):      40764 kB
Node 0 Inactive(file):   104332 kB
Node 0 Unevictable:       13532 kB
Node 0 Mlocked:           13532 kB
Node 0 Dirty:                32 kB
Node 0 Writeback:             0 kB
Node 0 FilePages:        148696 kB
Node 0 Mapped:            14400 kB
Node 0 AnonPages:         22148 kB
Node 0 Shmem:               628 kB
Node 0 KernelStack:        3208 kB
Node 0 PageTables:          564 kB
Node 0 NFS_Unstable:          0 kB
Node 0 Bounce:                0 kB
Node 0 WritebackTmp:          0 kB
Node 0 KReclaimable:      24776 kB
Node 0 Slab:              78880 kB
Node 0 SReclaimable:      24776 kB
Node 0 SUnreclaim:        54104 kB
Node 0 AnonHugePages:         0 kB
Node 0 ShmemHugePages:        0 kB
Node 0 ShmemPmdMapped:        0 kB
Node 0 FileHugePages:        0 kB
Node 0 FilePmdMapped:        0 kB
Node 0 HugePages_Total:     0
Node 0 HugePages_Free:      0
Node 0 HugePages_Surp:      0

Node 1 MemTotal:       24686196 kB
Node 1 MemFree:        23814084 kB
Node 1 MemUsed:          872112 kB
Node 1 Active:            46804 kB
Node 1 Inactive:         121756 kB
Node 1 Active(anon):      21752 kB
Node 1 Inactive(anon):      484 kB
Node 1 Active(file):      25052 kB
Node 1 Inactive(file):   121272 kB
Node 1 Unevictable:        5220 kB
Node 1 Mlocked:            5220 kB
Node 1 Dirty:                28 kB
Node 1 Writeback:             0 kB
Node 1 FilePages:        152184 kB
Node 1 Mapped:            29696 kB
Node 1 AnonPages:         21600 kB
Node 1 Shmem:               640 kB
Node 1 KernelStack:        1384 kB
Node 1 PageTables:          596 kB
Node 1 NFS_Unstable:          0 kB
Node 1 Bounce:                0 kB
Node 1 WritebackTmp:          0 kB
Node 1 KReclaimable:      19976 kB
Node 1 Slab:              56440 kB
Node 1 SReclaimable:      19976 kB
Node 1 SUnreclaim:        36464 kB
Node 1 AnonHugePages:         0 kB
Node 1 ShmemHugePages:        0 kB
Node 1 ShmemPmdMapped:        0 kB
Node 1 FileHugePages:        0 kB
Node 1 FilePmdMapped:        0 kB
Node 1 HugePages_Total:     0
Node 1 HugePages_Free:      0
Node 1 HugePages_Surp:      0

B.1.32M-simpleread.2G.2.O.1M Complete!
