kernel.numa_balancing = 0
B.1.512M-simpleread.16G.3.O.1M
Begin
Node 0 MemTotal:       24743736 kB
Node 0 MemFree:        24459952 kB
Node 0 MemUsed:          283784 kB
Node 0 Active:            75064 kB
Node 0 Inactive:          57640 kB
Node 0 Active(anon):      26748 kB
Node 0 Inactive(anon):      432 kB
Node 0 Active(file):      48316 kB
Node 0 Inactive(file):    57208 kB
Node 0 Unevictable:       18028 kB
Node 0 Mlocked:           18028 kB
Node 0 Dirty:               128 kB
Node 0 Writeback:             0 kB
Node 0 FilePages:        113908 kB
Node 0 Mapped:            28396 kB
Node 0 AnonPages:         36980 kB
Node 0 Shmem:               628 kB
Node 0 KernelStack:        2040 kB
Node 0 PageTables:          720 kB
Node 0 NFS_Unstable:          0 kB
Node 0 Bounce:                0 kB
Node 0 WritebackTmp:          0 kB
Node 0 KReclaimable:      19628 kB
Node 0 Slab:              48252 kB
Node 0 SReclaimable:      19628 kB
Node 0 SUnreclaim:        28624 kB
Node 0 AnonHugePages:         0 kB
Node 0 ShmemHugePages:        0 kB
Node 0 ShmemPmdMapped:        0 kB
Node 0 FileHugePages:        0 kB
Node 0 FilePmdMapped:        0 kB
Node 0 HugePages_Total:     0
Node 0 HugePages_Free:      0
Node 0 HugePages_Surp:      0

Node 1 MemTotal:       24686196 kB
Node 1 MemFree:        24351852 kB
Node 1 MemUsed:          334344 kB
Node 1 Active:            20388 kB
Node 1 Inactive:          37456 kB
Node 1 Active(anon):       7480 kB
Node 1 Inactive(anon):      428 kB
Node 1 Active(file):      12908 kB
Node 1 Inactive(file):    37028 kB
Node 1 Unevictable:         496 kB
Node 1 Mlocked:             496 kB
Node 1 Dirty:               404 kB
Node 1 Writeback:             0 kB
Node 1 FilePages:         51092 kB
Node 1 Mapped:            19436 kB
Node 1 AnonPages:          7272 kB
Node 1 Shmem:               640 kB
Node 1 KernelStack:        1560 kB
Node 1 PageTables:          344 kB
Node 1 NFS_Unstable:          0 kB
Node 1 Bounce:                0 kB
Node 1 WritebackTmp:          0 kB
Node 1 KReclaimable:      22512 kB
Node 1 Slab:              59064 kB
Node 1 SReclaimable:      22512 kB
Node 1 SUnreclaim:        36552 kB
Node 1 AnonHugePages:         0 kB
Node 1 ShmemHugePages:        0 kB
Node 1 ShmemPmdMapped:        0 kB
Node 1 FileHugePages:        0 kB
Node 1 FilePmdMapped:        0 kB
Node 1 HugePages_Total:     0
Node 1 HugePages_Free:      0
Node 1 HugePages_Surp:      0

Load ZFS
Node 0 MemTotal:       24743736 kB
Node 0 MemFree:        24223184 kB
Node 0 MemUsed:          520552 kB
Node 0 Active:            91208 kB
Node 0 Inactive:         132584 kB
Node 0 Active(anon):      41088 kB
Node 0 Inactive(anon):      540 kB
Node 0 Active(file):      50120 kB
Node 0 Inactive(file):   132044 kB
Node 0 Unevictable:       18244 kB
Node 0 Mlocked:           18244 kB
Node 0 Dirty:               140 kB
Node 0 Writeback:             0 kB
Node 0 FilePages:        190564 kB
Node 0 Mapped:            31484 kB
Node 0 AnonPages:         51428 kB
Node 0 Shmem:               700 kB
Node 0 KernelStack:        2336 kB
Node 0 PageTables:         1864 kB
Node 0 NFS_Unstable:          0 kB
Node 0 Bounce:                0 kB
Node 0 WritebackTmp:          0 kB
Node 0 KReclaimable:      20376 kB
Node 0 Slab:              53724 kB
Node 0 SReclaimable:      20376 kB
Node 0 SUnreclaim:        33348 kB
Node 0 AnonHugePages:         0 kB
Node 0 ShmemHugePages:        0 kB
Node 0 ShmemPmdMapped:        0 kB
Node 0 FileHugePages:        0 kB
Node 0 FilePmdMapped:        0 kB
Node 0 HugePages_Total:     0
Node 0 HugePages_Free:      0
Node 0 HugePages_Surp:      0

Node 1 MemTotal:       24686196 kB
Node 1 MemFree:        24444272 kB
Node 1 MemUsed:          241924 kB
Node 1 Active:            32860 kB
Node 1 Inactive:          66160 kB
Node 1 Active(anon):      19424 kB
Node 1 Inactive(anon):      404 kB
Node 1 Active(file):      13436 kB
Node 1 Inactive(file):    65756 kB
Node 1 Unevictable:         496 kB
Node 1 Mlocked:             496 kB
Node 1 Dirty:               404 kB
Node 1 Writeback:             0 kB
Node 1 FilePages:         80252 kB
Node 1 Mapped:            20480 kB
Node 1 AnonPages:         19048 kB
Node 1 Shmem:               568 kB
Node 1 KernelStack:        1820 kB
Node 1 PageTables:          496 kB
Node 1 NFS_Unstable:          0 kB
Node 1 Bounce:                0 kB
Node 1 WritebackTmp:          0 kB
Node 1 KReclaimable:      23288 kB
Node 1 Slab:              61024 kB
Node 1 SReclaimable:      23288 kB
Node 1 SUnreclaim:        37736 kB
Node 1 AnonHugePages:         0 kB
Node 1 ShmemHugePages:        0 kB
Node 1 ShmemPmdMapped:        0 kB
Node 1 FileHugePages:        0 kB
Node 1 FilePmdMapped:        0 kB
Node 1 HugePages_Total:     0
Node 1 HugePages_Free:      0
Node 1 HugePages_Surp:      0

Import tank ZPool
Node 0 MemTotal:       24743736 kB
Node 0 MemFree:        24211688 kB
Node 0 MemUsed:          532048 kB
Node 0 Active:            92140 kB
Node 0 Inactive:         133704 kB
Node 0 Active(anon):      41464 kB
Node 0 Inactive(anon):      540 kB
Node 0 Active(file):      50676 kB
Node 0 Inactive(file):   133164 kB
Node 0 Unevictable:       18260 kB
Node 0 Mlocked:           18260 kB
Node 0 Dirty:               168 kB
Node 0 Writeback:             0 kB
Node 0 FilePages:        192260 kB
Node 0 Mapped:            31360 kB
Node 0 AnonPages:         51636 kB
Node 0 Shmem:               704 kB
Node 0 KernelStack:        2472 kB
Node 0 PageTables:         1816 kB
Node 0 NFS_Unstable:          0 kB
Node 0 Bounce:                0 kB
Node 0 WritebackTmp:          0 kB
Node 0 KReclaimable:      20492 kB
Node 0 Slab:              58840 kB
Node 0 SReclaimable:      20492 kB
Node 0 SUnreclaim:        38348 kB
Node 0 AnonHugePages:         0 kB
Node 0 ShmemHugePages:        0 kB
Node 0 ShmemPmdMapped:        0 kB
Node 0 FileHugePages:        0 kB
Node 0 FilePmdMapped:        0 kB
Node 0 HugePages_Total:     0
Node 0 HugePages_Free:      0
Node 0 HugePages_Surp:      0

Node 1 MemTotal:       24686196 kB
Node 1 MemFree:        24434892 kB
Node 1 MemUsed:          251304 kB
Node 1 Active:            32380 kB
Node 1 Inactive:          66164 kB
Node 1 Active(anon):      18944 kB
Node 1 Inactive(anon):      408 kB
Node 1 Active(file):      13436 kB
Node 1 Inactive(file):    65756 kB
Node 1 Unevictable:         496 kB
Node 1 Mlocked:             496 kB
Node 1 Dirty:               456 kB
Node 1 Writeback:             0 kB
Node 1 FilePages:         80280 kB
Node 1 Mapped:            20484 kB
Node 1 AnonPages:         18788 kB
Node 1 Shmem:               564 kB
Node 1 KernelStack:        2744 kB
Node 1 PageTables:          732 kB
Node 1 NFS_Unstable:          0 kB
Node 1 Bounce:                0 kB
Node 1 WritebackTmp:          0 kB
Node 1 KReclaimable:      23304 kB
Node 1 Slab:              63260 kB
Node 1 SReclaimable:      23304 kB
Node 1 SUnreclaim:        39956 kB
Node 1 AnonHugePages:         0 kB
Node 1 ShmemHugePages:        0 kB
Node 1 ShmemPmdMapped:        0 kB
Node 1 FileHugePages:        0 kB
Node 1 FilePmdMapped:        0 kB
Node 1 HugePages_Total:     0
Node 1 HugePages_Free:      0
Node 1 HugePages_Surp:      0

After Test
Node 0 MemTotal:       24743736 kB
Node 0 MemFree:        23281552 kB
Node 0 MemUsed:         1462184 kB
Node 0 Active:            77728 kB
Node 0 Inactive:         133024 kB
Node 0 Active(anon):      26328 kB
Node 0 Inactive(anon):      536 kB
Node 0 Active(file):      51400 kB
Node 0 Inactive(file):   132488 kB
Node 0 Unevictable:       18260 kB
Node 0 Mlocked:           18260 kB
Node 0 Dirty:                12 kB
Node 0 Writeback:             0 kB
Node 0 FilePages:        192292 kB
Node 0 Mapped:            28460 kB
Node 0 AnonPages:         36720 kB
Node 0 Shmem:               704 kB
Node 0 KernelStack:        1912 kB
Node 0 PageTables:          684 kB
Node 0 NFS_Unstable:          0 kB
Node 0 Bounce:                0 kB
Node 0 WritebackTmp:          0 kB
Node 0 KReclaimable:      20636 kB
Node 0 Slab:              62212 kB
Node 0 SReclaimable:      20636 kB
Node 0 SUnreclaim:        41576 kB
Node 0 AnonHugePages:         0 kB
Node 0 ShmemHugePages:        0 kB
Node 0 ShmemPmdMapped:        0 kB
Node 0 FileHugePages:        0 kB
Node 0 FilePmdMapped:        0 kB
Node 0 HugePages_Total:     0
Node 0 HugePages_Free:      0
Node 0 HugePages_Surp:      0

Node 1 MemTotal:       24686196 kB
Node 1 MemFree:         7231980 kB
Node 1 MemUsed:        17454216 kB
Node 1 Active:            22272 kB
Node 1 Inactive:         565768 kB
Node 1 Active(anon):       7760 kB
Node 1 Inactive(anon):      404 kB
Node 1 Active(file):      14512 kB
Node 1 Inactive(file):   565364 kB
Node 1 Unevictable:         496 kB
Node 1 Mlocked:             496 kB
Node 1 Dirty:                36 kB
Node 1 Writeback:             0 kB
Node 1 FilePages:        580960 kB
Node 1 Mapped:            19460 kB
Node 1 AnonPages:          7472 kB
Node 1 Shmem:               564 kB
Node 1 KernelStack:        2520 kB
Node 1 PageTables:          496 kB
Node 1 NFS_Unstable:          0 kB
Node 1 Bounce:                0 kB
Node 1 WritebackTmp:          0 kB
Node 1 KReclaimable:      24760 kB
Node 1 Slab:             121340 kB
Node 1 SReclaimable:      24760 kB
Node 1 SUnreclaim:        96580 kB
Node 1 AnonHugePages:         0 kB
Node 1 ShmemHugePages:        0 kB
Node 1 ShmemPmdMapped:        0 kB
Node 1 FileHugePages:        0 kB
Node 1 FilePmdMapped:        0 kB
Node 1 HugePages_Total:     0
Node 1 HugePages_Free:      0
Node 1 HugePages_Surp:      0

After Opposite Node
Node 0 MemTotal:       24743736 kB
Node 0 MemFree:        23284752 kB
Node 0 MemUsed:         1458984 kB
Node 0 Active:            78448 kB
Node 0 Inactive:         132760 kB
Node 0 Active(anon):      26768 kB
Node 0 Inactive(anon):      536 kB
Node 0 Active(file):      51680 kB
Node 0 Inactive(file):   132224 kB
Node 0 Unevictable:       18260 kB
Node 0 Mlocked:           18260 kB
Node 0 Dirty:                36 kB
Node 0 Writeback:             0 kB
Node 0 FilePages:        192308 kB
Node 0 Mapped:            28484 kB
Node 0 AnonPages:         36972 kB
Node 0 Shmem:               704 kB
Node 0 KernelStack:        1912 kB
Node 0 PageTables:          836 kB
Node 0 NFS_Unstable:          0 kB
Node 0 Bounce:                0 kB
Node 0 WritebackTmp:          0 kB
Node 0 KReclaimable:      20708 kB
Node 0 Slab:              62596 kB
Node 0 SReclaimable:      20708 kB
Node 0 SUnreclaim:        41888 kB
Node 0 AnonHugePages:         0 kB
Node 0 ShmemHugePages:        0 kB
Node 0 ShmemPmdMapped:        0 kB
Node 0 FileHugePages:        0 kB
Node 0 FilePmdMapped:        0 kB
Node 0 HugePages_Total:     0
Node 0 HugePages_Free:      0
Node 0 HugePages_Surp:      0

Node 1 MemTotal:       24686196 kB
Node 1 MemFree:         7232584 kB
Node 1 MemUsed:        17453612 kB
Node 1 Active:            21920 kB
Node 1 Inactive:         565760 kB
Node 1 Active(anon):       7360 kB
Node 1 Inactive(anon):      404 kB
Node 1 Active(file):      14560 kB
Node 1 Inactive(file):   565356 kB
Node 1 Unevictable:         496 kB
Node 1 Mlocked:             496 kB
Node 1 Dirty:                36 kB
Node 1 Writeback:             0 kB
Node 1 FilePages:        580980 kB
Node 1 Mapped:            19456 kB
Node 1 AnonPages:          7220 kB
Node 1 Shmem:               564 kB
Node 1 KernelStack:        2520 kB
Node 1 PageTables:          344 kB
Node 1 NFS_Unstable:          0 kB
Node 1 Bounce:                0 kB
Node 1 WritebackTmp:          0 kB
Node 1 KReclaimable:      24768 kB
Node 1 Slab:             121368 kB
Node 1 SReclaimable:      24768 kB
Node 1 SUnreclaim:        96600 kB
Node 1 AnonHugePages:         0 kB
Node 1 ShmemHugePages:        0 kB
Node 1 ShmemPmdMapped:        0 kB
Node 1 FileHugePages:        0 kB
Node 1 FilePmdMapped:        0 kB
Node 1 HugePages_Total:     0
Node 1 HugePages_Free:      0
Node 1 HugePages_Surp:      0

B.1.512M-simpleread.16G.3.O.1M Complete!
