kernel.numa_balancing = 0
385 Tests Remaining!
B.1.512M-simpleread.2G.2.O.1M
Begin
Node 0 MemTotal:       24743736 kB
Node 0 MemFree:        24346296 kB
Node 0 MemUsed:          397440 kB
Node 0 Active:            67036 kB
Node 0 Inactive:          37220 kB
Node 0 Active(anon):      25668 kB
Node 0 Inactive(anon):      468 kB
Node 0 Active(file):      41368 kB
Node 0 Inactive(file):    36752 kB
Node 0 Unevictable:       18268 kB
Node 0 Mlocked:           18268 kB
Node 0 Dirty:                80 kB
Node 0 Writeback:             0 kB
Node 0 FilePages:         86724 kB
Node 0 Mapped:            32200 kB
Node 0 AnonPages:         35572 kB
Node 0 Shmem:               668 kB
Node 0 KernelStack:        2024 kB
Node 0 PageTables:          856 kB
Node 0 NFS_Unstable:          0 kB
Node 0 Bounce:                0 kB
Node 0 WritebackTmp:          0 kB
Node 0 KReclaimable:      19648 kB
Node 0 Slab:              59004 kB
Node 0 SReclaimable:      19648 kB
Node 0 SUnreclaim:        39356 kB
Node 0 AnonHugePages:         0 kB
Node 0 ShmemHugePages:        0 kB
Node 0 ShmemPmdMapped:        0 kB
Node 0 FileHugePages:        0 kB
Node 0 FilePmdMapped:        0 kB
Node 0 HugePages_Total:     0
Node 0 HugePages_Free:      0
Node 0 HugePages_Surp:      0

Node 1 MemTotal:       24686196 kB
Node 1 MemFree:        24424592 kB
Node 1 MemUsed:          261604 kB
Node 1 Active:            32592 kB
Node 1 Inactive:          96076 kB
Node 1 Active(anon):       9100 kB
Node 1 Inactive(anon):      412 kB
Node 1 Active(file):      23492 kB
Node 1 Inactive(file):    95664 kB
Node 1 Unevictable:         256 kB
Node 1 Mlocked:             256 kB
Node 1 Dirty:               140 kB
Node 1 Writeback:             0 kB
Node 1 FilePages:        120032 kB
Node 1 Mapped:            44600 kB
Node 1 AnonPages:          8812 kB
Node 1 Shmem:               600 kB
Node 1 KernelStack:        1832 kB
Node 1 PageTables:          588 kB
Node 1 NFS_Unstable:          0 kB
Node 1 Bounce:                0 kB
Node 1 WritebackTmp:          0 kB
Node 1 KReclaimable:      23380 kB
Node 1 Slab:              49936 kB
Node 1 SReclaimable:      23380 kB
Node 1 SUnreclaim:        26556 kB
Node 1 AnonHugePages:         0 kB
Node 1 ShmemHugePages:        0 kB
Node 1 ShmemPmdMapped:        0 kB
Node 1 FileHugePages:        0 kB
Node 1 FilePmdMapped:        0 kB
Node 1 HugePages_Total:     0
Node 1 HugePages_Free:      0
Node 1 HugePages_Surp:      0

Load ZFS
Node 0 MemTotal:       24743736 kB
Node 0 MemFree:        24242036 kB
Node 0 MemUsed:          501700 kB
Node 0 Active:            78160 kB
Node 0 Inactive:         121804 kB
Node 0 Active(anon):      35660 kB
Node 0 Inactive(anon):      480 kB
Node 0 Active(file):      42500 kB
Node 0 Inactive(file):   121324 kB
Node 0 Unevictable:       18496 kB
Node 0 Mlocked:           18496 kB
Node 0 Dirty:                96 kB
Node 0 Writeback:             0 kB
Node 0 FilePages:        172436 kB
Node 0 Mapped:            33884 kB
Node 0 AnonPages:         46088 kB
Node 0 Shmem:               676 kB
Node 0 KernelStack:        2184 kB
Node 0 PageTables:         1512 kB
Node 0 NFS_Unstable:          0 kB
Node 0 Bounce:                0 kB
Node 0 WritebackTmp:          0 kB
Node 0 KReclaimable:      20400 kB
Node 0 Slab:              63336 kB
Node 0 SReclaimable:      20400 kB
Node 0 SUnreclaim:        42936 kB
Node 0 AnonHugePages:         0 kB
Node 0 ShmemHugePages:        0 kB
Node 0 ShmemPmdMapped:        0 kB
Node 0 FileHugePages:        0 kB
Node 0 FilePmdMapped:        0 kB
Node 0 HugePages_Total:     0
Node 0 HugePages_Free:      0
Node 0 HugePages_Surp:      0

Node 1 MemTotal:       24686196 kB
Node 1 MemFree:        24389104 kB
Node 1 MemUsed:          297092 kB
Node 1 Active:            43168 kB
Node 1 Inactive:         115004 kB
Node 1 Active(anon):      18380 kB
Node 1 Inactive(anon):      464 kB
Node 1 Active(file):      24788 kB
Node 1 Inactive(file):   114540 kB
Node 1 Unevictable:         256 kB
Node 1 Mlocked:             256 kB
Node 1 Dirty:               416 kB
Node 1 Writeback:             0 kB
Node 1 FilePages:        140176 kB
Node 1 Mapped:            46996 kB
Node 1 AnonPages:         18704 kB
Node 1 Shmem:               592 kB
Node 1 KernelStack:        1980 kB
Node 1 PageTables:         1448 kB
Node 1 NFS_Unstable:          0 kB
Node 1 Bounce:                0 kB
Node 1 WritebackTmp:          0 kB
Node 1 KReclaimable:      24004 kB
Node 1 Slab:              52860 kB
Node 1 SReclaimable:      24004 kB
Node 1 SUnreclaim:        28856 kB
Node 1 AnonHugePages:         0 kB
Node 1 ShmemHugePages:        0 kB
Node 1 ShmemPmdMapped:        0 kB
Node 1 FileHugePages:        0 kB
Node 1 FilePmdMapped:        0 kB
Node 1 HugePages_Total:     0
Node 1 HugePages_Free:      0
Node 1 HugePages_Surp:      0

Import tank ZPool
Node 0 MemTotal:       24743736 kB
Node 0 MemFree:        24235900 kB
Node 0 MemUsed:          507836 kB
Node 0 Active:            78620 kB
Node 0 Inactive:         123040 kB
Node 0 Active(anon):      35704 kB
Node 0 Inactive(anon):      484 kB
Node 0 Active(file):      42916 kB
Node 0 Inactive(file):   122556 kB
Node 0 Unevictable:       18496 kB
Node 0 Mlocked:           18496 kB
Node 0 Dirty:               136 kB
Node 0 Writeback:             0 kB
Node 0 FilePages:        174136 kB
Node 0 Mapped:            34060 kB
Node 0 AnonPages:         45804 kB
Node 0 Shmem:               676 kB
Node 0 KernelStack:        2136 kB
Node 0 PageTables:         1456 kB
Node 0 NFS_Unstable:          0 kB
Node 0 Bounce:                0 kB
Node 0 WritebackTmp:          0 kB
Node 0 KReclaimable:      20528 kB
Node 0 Slab:              68168 kB
Node 0 SReclaimable:      20528 kB
Node 0 SUnreclaim:        47640 kB
Node 0 AnonHugePages:         0 kB
Node 0 ShmemHugePages:        0 kB
Node 0 ShmemPmdMapped:        0 kB
Node 0 FileHugePages:        0 kB
Node 0 FilePmdMapped:        0 kB
Node 0 HugePages_Total:     0
Node 0 HugePages_Free:      0
Node 0 HugePages_Surp:      0

Node 1 MemTotal:       24686196 kB
Node 1 MemFree:        24375392 kB
Node 1 MemUsed:          310804 kB
Node 1 Active:            42940 kB
Node 1 Inactive:         115008 kB
Node 1 Active(anon):      18152 kB
Node 1 Inactive(anon):      464 kB
Node 1 Active(file):      24788 kB
Node 1 Inactive(file):   114544 kB
Node 1 Unevictable:         256 kB
Node 1 Mlocked:             256 kB
Node 1 Dirty:               452 kB
Node 1 Writeback:             8 kB
Node 1 FilePages:        140212 kB
Node 1 Mapped:            46700 kB
Node 1 AnonPages:         18024 kB
Node 1 Shmem:               592 kB
Node 1 KernelStack:        3048 kB
Node 1 PageTables:         1088 kB
Node 1 NFS_Unstable:          0 kB
Node 1 Bounce:                0 kB
Node 1 WritebackTmp:          0 kB
Node 1 KReclaimable:      24004 kB
Node 1 Slab:              55112 kB
Node 1 SReclaimable:      24004 kB
Node 1 SUnreclaim:        31108 kB
Node 1 AnonHugePages:         0 kB
Node 1 ShmemHugePages:        0 kB
Node 1 ShmemPmdMapped:        0 kB
Node 1 FileHugePages:        0 kB
Node 1 FilePmdMapped:        0 kB
Node 1 HugePages_Total:     0
Node 1 HugePages_Free:      0
Node 1 HugePages_Surp:      0

After Test
Node 0 MemTotal:       24743736 kB
Node 0 MemFree:        21198424 kB
Node 0 MemUsed:         3545312 kB
Node 0 Active:            68116 kB
Node 0 Inactive:         622420 kB
Node 0 Active(anon):      24700 kB
Node 0 Inactive(anon):      476 kB
Node 0 Active(file):      43416 kB
Node 0 Inactive(file):   621944 kB
Node 0 Unevictable:       18496 kB
Node 0 Mlocked:           18496 kB
Node 0 Dirty:                 0 kB
Node 0 Writeback:             0 kB
Node 0 FilePages:        673972 kB
Node 0 Mapped:            32180 kB
Node 0 AnonPages:         35056 kB
Node 0 Shmem:               676 kB
Node 0 KernelStack:        1864 kB
Node 0 PageTables:          632 kB
Node 0 NFS_Unstable:          0 kB
Node 0 Bounce:                0 kB
Node 0 WritebackTmp:          0 kB
Node 0 KReclaimable:      21712 kB
Node 0 Slab:              80712 kB
Node 0 SReclaimable:      21712 kB
Node 0 SUnreclaim:        59000 kB
Node 0 AnonHugePages:         0 kB
Node 0 ShmemHugePages:        0 kB
Node 0 ShmemPmdMapped:        0 kB
Node 0 FileHugePages:        0 kB
Node 0 FilePmdMapped:        0 kB
Node 0 HugePages_Total:     0
Node 0 HugePages_Free:      0
Node 0 HugePages_Surp:      0

Node 1 MemTotal:       24686196 kB
Node 1 MemFree:        24002452 kB
Node 1 MemUsed:          683744 kB
Node 1 Active:            34432 kB
Node 1 Inactive:         114920 kB
Node 1 Active(anon):       8856 kB
Node 1 Inactive(anon):      464 kB
Node 1 Active(file):      25576 kB
Node 1 Inactive(file):   114456 kB
Node 1 Unevictable:         256 kB
Node 1 Mlocked:             256 kB
Node 1 Dirty:                 4 kB
Node 1 Writeback:             0 kB
Node 1 FilePages:        140880 kB
Node 1 Mapped:            44780 kB
Node 1 AnonPages:          8544 kB
Node 1 Shmem:               592 kB
Node 1 KernelStack:        2728 kB
Node 1 PageTables:          680 kB
Node 1 NFS_Unstable:          0 kB
Node 1 Bounce:                0 kB
Node 1 WritebackTmp:          0 kB
Node 1 KReclaimable:      24084 kB
Node 1 Slab:              56716 kB
Node 1 SReclaimable:      24084 kB
Node 1 SUnreclaim:        32632 kB
Node 1 AnonHugePages:         0 kB
Node 1 ShmemHugePages:        0 kB
Node 1 ShmemPmdMapped:        0 kB
Node 1 FileHugePages:        0 kB
Node 1 FilePmdMapped:        0 kB
Node 1 HugePages_Total:     0
Node 1 HugePages_Free:      0
Node 1 HugePages_Surp:      0

After Opposite Node
Node 0 MemTotal:       24743736 kB
Node 0 MemFree:        21195820 kB
Node 0 MemUsed:         3547916 kB
Node 0 Active:            68632 kB
Node 0 Inactive:         622372 kB
Node 0 Active(anon):      25152 kB
Node 0 Inactive(anon):      476 kB
Node 0 Active(file):      43480 kB
Node 0 Inactive(file):   621896 kB
Node 0 Unevictable:       18496 kB
Node 0 Mlocked:           18496 kB
Node 0 Dirty:                44 kB
Node 0 Writeback:             0 kB
Node 0 FilePages:        673988 kB
Node 0 Mapped:            32196 kB
Node 0 AnonPages:         35320 kB
Node 0 Shmem:               676 kB
Node 0 KernelStack:        1880 kB
Node 0 PageTables:          792 kB
Node 0 NFS_Unstable:          0 kB
Node 0 Bounce:                0 kB
Node 0 WritebackTmp:          0 kB
Node 0 KReclaimable:      21744 kB
Node 0 Slab:              80972 kB
Node 0 SReclaimable:      21744 kB
Node 0 SUnreclaim:        59228 kB
Node 0 AnonHugePages:         0 kB
Node 0 ShmemHugePages:        0 kB
Node 0 ShmemPmdMapped:        0 kB
Node 0 FileHugePages:        0 kB
Node 0 FilePmdMapped:        0 kB
Node 0 HugePages_Total:     0
Node 0 HugePages_Free:      0
Node 0 HugePages_Surp:      0

Node 1 MemTotal:       24686196 kB
Node 1 MemFree:        24004388 kB
Node 1 MemUsed:          681808 kB
Node 1 Active:            34216 kB
Node 1 Inactive:         114696 kB
Node 1 Active(anon):       8404 kB
Node 1 Inactive(anon):      464 kB
Node 1 Active(file):      25812 kB
Node 1 Inactive(file):   114232 kB
Node 1 Unevictable:         256 kB
Node 1 Mlocked:             256 kB
Node 1 Dirty:                36 kB
Node 1 Writeback:             0 kB
Node 1 FilePages:        140892 kB
Node 1 Mapped:            44796 kB
Node 1 AnonPages:          8280 kB
Node 1 Shmem:               592 kB
Node 1 KernelStack:        2712 kB
Node 1 PageTables:          528 kB
Node 1 NFS_Unstable:          0 kB
Node 1 Bounce:                0 kB
Node 1 WritebackTmp:          0 kB
Node 1 KReclaimable:      24084 kB
Node 1 Slab:              56712 kB
Node 1 SReclaimable:      24084 kB
Node 1 SUnreclaim:        32628 kB
Node 1 AnonHugePages:         0 kB
Node 1 ShmemHugePages:        0 kB
Node 1 ShmemPmdMapped:        0 kB
Node 1 FileHugePages:        0 kB
Node 1 FilePmdMapped:        0 kB
Node 1 HugePages_Total:     0
Node 1 HugePages_Free:      0
Node 1 HugePages_Surp:      0

B.1.512M-simpleread.2G.2.O.1M Complete!
