kernel.numa_balancing = 0
B.1.2M-simpleread.2G.2.O.1M
Begin
Node 0 MemTotal:       24743736 kB
Node 0 MemFree:        24427880 kB
Node 0 MemUsed:          315856 kB
Node 0 Active:            53148 kB
Node 0 Inactive:         102216 kB
Node 0 Active(anon):      22832 kB
Node 0 Inactive(anon):      464 kB
Node 0 Active(file):      30316 kB
Node 0 Inactive(file):   101752 kB
Node 0 Unevictable:        5872 kB
Node 0 Mlocked:            5872 kB
Node 0 Dirty:               236 kB
Node 0 Writeback:             0 kB
Node 0 FilePages:        138656 kB
Node 0 Mapped:            63236 kB
Node 0 AnonPages:         22592 kB
Node 0 Shmem:               720 kB
Node 0 KernelStack:        1928 kB
Node 0 PageTables:          764 kB
Node 0 NFS_Unstable:          0 kB
Node 0 Bounce:                0 kB
Node 0 WritebackTmp:          0 kB
Node 0 KReclaimable:      23488 kB
Node 0 Slab:              66288 kB
Node 0 SReclaimable:      23488 kB
Node 0 SUnreclaim:        42800 kB
Node 0 AnonHugePages:         0 kB
Node 0 ShmemHugePages:        0 kB
Node 0 ShmemPmdMapped:        0 kB
Node 0 FileHugePages:        0 kB
Node 0 FilePmdMapped:        0 kB
Node 0 HugePages_Total:     0
Node 0 HugePages_Free:      0
Node 0 HugePages_Surp:      0

Node 1 MemTotal:       24686196 kB
Node 1 MemFree:        24346956 kB
Node 1 MemUsed:          339240 kB
Node 1 Active:            45044 kB
Node 1 Inactive:          28080 kB
Node 1 Active(anon):      11080 kB
Node 1 Inactive(anon):      408 kB
Node 1 Active(file):      33964 kB
Node 1 Inactive(file):    27672 kB
Node 1 Unevictable:       12652 kB
Node 1 Mlocked:           12652 kB
Node 1 Dirty:               276 kB
Node 1 Writeback:             0 kB
Node 1 FilePages:         64560 kB
Node 1 Mapped:            15084 kB
Node 1 AnonPages:         21348 kB
Node 1 Shmem:               548 kB
Node 1 KernelStack:        1688 kB
Node 1 PageTables:          388 kB
Node 1 NFS_Unstable:          0 kB
Node 1 Bounce:                0 kB
Node 1 WritebackTmp:          0 kB
Node 1 KReclaimable:      18684 kB
Node 1 Slab:              42152 kB
Node 1 SReclaimable:      18684 kB
Node 1 SUnreclaim:        23468 kB
Node 1 AnonHugePages:         0 kB
Node 1 ShmemHugePages:        0 kB
Node 1 ShmemPmdMapped:        0 kB
Node 1 FileHugePages:        0 kB
Node 1 FilePmdMapped:        0 kB
Node 1 HugePages_Total:     0
Node 1 HugePages_Free:      0
Node 1 HugePages_Surp:      0

Load ZFS
Node 0 MemTotal:       24743736 kB
Node 0 MemFree:        24391588 kB
Node 0 MemUsed:          352148 kB
Node 0 Active:            65916 kB
Node 0 Inactive:         122972 kB
Node 0 Active(anon):      34588 kB
Node 0 Inactive(anon):      532 kB
Node 0 Active(file):      31328 kB
Node 0 Inactive(file):   122440 kB
Node 0 Unevictable:        5872 kB
Node 0 Mlocked:            5872 kB
Node 0 Dirty:               540 kB
Node 0 Writeback:             0 kB
Node 0 FilePages:        160388 kB
Node 0 Mapped:            67064 kB
Node 0 AnonPages:         34784 kB
Node 0 Shmem:               752 kB
Node 0 KernelStack:        2100 kB
Node 0 PageTables:          664 kB
Node 0 NFS_Unstable:          0 kB
Node 0 Bounce:                0 kB
Node 0 WritebackTmp:          0 kB
Node 0 KReclaimable:      24116 kB
Node 0 Slab:              68352 kB
Node 0 SReclaimable:      24116 kB
Node 0 SUnreclaim:        44236 kB
Node 0 AnonHugePages:         0 kB
Node 0 ShmemHugePages:        0 kB
Node 0 ShmemPmdMapped:        0 kB
Node 0 FileHugePages:        0 kB
Node 0 FilePmdMapped:        0 kB
Node 0 HugePages_Total:     0
Node 0 HugePages_Free:      0
Node 0 HugePages_Surp:      0

Node 1 MemTotal:       24686196 kB
Node 1 MemFree:        24236076 kB
Node 1 MemUsed:          450120 kB
Node 1 Active:            61932 kB
Node 1 Inactive:         111016 kB
Node 1 Active(anon):      26460 kB
Node 1 Inactive(anon):      412 kB
Node 1 Active(file):      35472 kB
Node 1 Inactive(file):   110604 kB
Node 1 Unevictable:       12868 kB
Node 1 Mlocked:           12868 kB
Node 1 Dirty:               104 kB
Node 1 Writeback:             0 kB
Node 1 FilePages:        148916 kB
Node 1 Mapped:            15568 kB
Node 1 AnonPages:         36640 kB
Node 1 Shmem:               516 kB
Node 1 KernelStack:        2240 kB
Node 1 PageTables:         1484 kB
Node 1 NFS_Unstable:          0 kB
Node 1 Bounce:                0 kB
Node 1 WritebackTmp:          0 kB
Node 1 KReclaimable:      19584 kB
Node 1 Slab:              47468 kB
Node 1 SReclaimable:      19584 kB
Node 1 SUnreclaim:        27884 kB
Node 1 AnonHugePages:         0 kB
Node 1 ShmemHugePages:        0 kB
Node 1 ShmemPmdMapped:        0 kB
Node 1 FileHugePages:        0 kB
Node 1 FilePmdMapped:        0 kB
Node 1 HugePages_Total:     0
Node 1 HugePages_Free:      0
Node 1 HugePages_Surp:      0

Import tank ZPool
Node 0 MemTotal:       24743736 kB
Node 0 MemFree:        24391988 kB
Node 0 MemUsed:          351748 kB
Node 0 Active:            65584 kB
Node 0 Inactive:         122972 kB
Node 0 Active(anon):      34256 kB
Node 0 Inactive(anon):      532 kB
Node 0 Active(file):      31328 kB
Node 0 Inactive(file):   122440 kB
Node 0 Unevictable:        5872 kB
Node 0 Mlocked:            5872 kB
Node 0 Dirty:               504 kB
Node 0 Writeback:             0 kB
Node 0 FilePages:        160388 kB
Node 0 Mapped:            66692 kB
Node 0 AnonPages:         34036 kB
Node 0 Shmem:               752 kB
Node 0 KernelStack:        1976 kB
Node 0 PageTables:         1060 kB
Node 0 NFS_Unstable:          0 kB
Node 0 Bounce:                0 kB
Node 0 WritebackTmp:          0 kB
Node 0 KReclaimable:      24116 kB
Node 0 Slab:              68436 kB
Node 0 SReclaimable:      24116 kB
Node 0 SUnreclaim:        44320 kB
Node 0 AnonHugePages:         0 kB
Node 0 ShmemHugePages:        0 kB
Node 0 ShmemPmdMapped:        0 kB
Node 0 FileHugePages:        0 kB
Node 0 FilePmdMapped:        0 kB
Node 0 HugePages_Total:     0
Node 0 HugePages_Free:      0
Node 0 HugePages_Surp:      0

Node 1 MemTotal:       24686196 kB
Node 1 MemFree:        24221188 kB
Node 1 MemUsed:          465008 kB
Node 1 Active:            62148 kB
Node 1 Inactive:         112160 kB
Node 1 Active(anon):      26292 kB
Node 1 Inactive(anon):      420 kB
Node 1 Active(file):      35856 kB
Node 1 Inactive(file):   111740 kB
Node 1 Unevictable:       12884 kB
Node 1 Mlocked:           12884 kB
Node 1 Dirty:               124 kB
Node 1 Writeback:             0 kB
Node 1 FilePages:        150468 kB
Node 1 Mapped:            15728 kB
Node 1 AnonPages:         36396 kB
Node 1 Shmem:               516 kB
Node 1 KernelStack:        3288 kB
Node 1 PageTables:         1684 kB
Node 1 NFS_Unstable:          0 kB
Node 1 Bounce:                0 kB
Node 1 WritebackTmp:          0 kB
Node 1 KReclaimable:      19772 kB
Node 1 Slab:              54088 kB
Node 1 SReclaimable:      19772 kB
Node 1 SUnreclaim:        34316 kB
Node 1 AnonHugePages:         0 kB
Node 1 ShmemHugePages:        0 kB
Node 1 ShmemPmdMapped:        0 kB
Node 1 FileHugePages:        0 kB
Node 1 FilePmdMapped:        0 kB
Node 1 HugePages_Total:     0
Node 1 HugePages_Free:      0
Node 1 HugePages_Surp:      0

After Test
Node 0 MemTotal:       24743736 kB
Node 0 MemFree:        24099084 kB
Node 0 MemUsed:          644652 kB
Node 0 Active:            54580 kB
Node 0 Inactive:         122420 kB
Node 0 Active(anon):      22708 kB
Node 0 Inactive(anon):      524 kB
Node 0 Active(file):      31872 kB
Node 0 Inactive(file):   121896 kB
Node 0 Unevictable:        5872 kB
Node 0 Mlocked:            5872 kB
Node 0 Dirty:                36 kB
Node 0 Writeback:             0 kB
Node 0 FilePages:        160384 kB
Node 0 Mapped:            63316 kB
Node 0 AnonPages:         22500 kB
Node 0 Shmem:               748 kB
Node 0 KernelStack:        1832 kB
Node 0 PageTables:          764 kB
Node 0 NFS_Unstable:          0 kB
Node 0 Bounce:                0 kB
Node 0 WritebackTmp:          0 kB
Node 0 KReclaimable:      24172 kB
Node 0 Slab:              69340 kB
Node 0 SReclaimable:      24172 kB
Node 0 SUnreclaim:        45168 kB
Node 0 AnonHugePages:         0 kB
Node 0 ShmemHugePages:        0 kB
Node 0 ShmemPmdMapped:        0 kB
Node 0 FileHugePages:        0 kB
Node 0 FilePmdMapped:        0 kB
Node 0 HugePages_Total:     0
Node 0 HugePages_Free:      0
Node 0 HugePages_Surp:      0

Node 1 MemTotal:       24686196 kB
Node 1 MemFree:        21602560 kB
Node 1 MemUsed:         3083636 kB
Node 1 Active:            47780 kB
Node 1 Inactive:         113600 kB
Node 1 Active(anon):      10872 kB
Node 1 Inactive(anon):      420 kB
Node 1 Active(file):      36908 kB
Node 1 Inactive(file):   113180 kB
Node 1 Unevictable:       12884 kB
Node 1 Mlocked:           12884 kB
Node 1 Dirty:                 8 kB
Node 1 Writeback:             0 kB
Node 1 FilePages:        152932 kB
Node 1 Mapped:            15136 kB
Node 1 AnonPages:         21240 kB
Node 1 Shmem:               520 kB
Node 1 KernelStack:        2904 kB
Node 1 PageTables:          440 kB
Node 1 NFS_Unstable:          0 kB
Node 1 Bounce:                0 kB
Node 1 WritebackTmp:          0 kB
Node 1 KReclaimable:      19880 kB
Node 1 Slab:              66504 kB
Node 1 SReclaimable:      19880 kB
Node 1 SUnreclaim:        46624 kB
Node 1 AnonHugePages:         0 kB
Node 1 ShmemHugePages:        0 kB
Node 1 ShmemPmdMapped:        0 kB
Node 1 FileHugePages:        0 kB
Node 1 FilePmdMapped:        0 kB
Node 1 HugePages_Total:     0
Node 1 HugePages_Free:      0
Node 1 HugePages_Surp:      0

After Opposite Node
Node 0 MemTotal:       24743736 kB
Node 0 MemFree:        24099960 kB
Node 0 MemUsed:          643776 kB
Node 0 Active:            55080 kB
Node 0 Inactive:         122204 kB
Node 0 Active(anon):      22984 kB
Node 0 Inactive(anon):      524 kB
Node 0 Active(file):      32096 kB
Node 0 Inactive(file):   121680 kB
Node 0 Unevictable:        5872 kB
Node 0 Mlocked:            5872 kB
Node 0 Dirty:                40 kB
Node 0 Writeback:             0 kB
Node 0 FilePages:        160392 kB
Node 0 Mapped:            63332 kB
Node 0 AnonPages:         22624 kB
Node 0 Shmem:               748 kB
Node 0 KernelStack:        1848 kB
Node 0 PageTables:          820 kB
Node 0 NFS_Unstable:          0 kB
Node 0 Bounce:                0 kB
Node 0 WritebackTmp:          0 kB
Node 0 KReclaimable:      24204 kB
Node 0 Slab:              69440 kB
Node 0 SReclaimable:      24204 kB
Node 0 SUnreclaim:        45236 kB
Node 0 AnonHugePages:         0 kB
Node 0 ShmemHugePages:        0 kB
Node 0 ShmemPmdMapped:        0 kB
Node 0 FileHugePages:        0 kB
Node 0 FilePmdMapped:        0 kB
Node 0 HugePages_Total:     0
Node 0 HugePages_Free:      0
Node 0 HugePages_Surp:      0

Node 1 MemTotal:       24686196 kB
Node 1 MemFree:        21605392 kB
Node 1 MemUsed:         3080804 kB
Node 1 Active:            47612 kB
Node 1 Inactive:         113548 kB
Node 1 Active(anon):      10640 kB
Node 1 Inactive(anon):      420 kB
Node 1 Active(file):      36972 kB
Node 1 Inactive(file):   113128 kB
Node 1 Unevictable:       12884 kB
Node 1 Mlocked:           12884 kB
Node 1 Dirty:                24 kB
Node 1 Writeback:             0 kB
Node 1 FilePages:        152944 kB
Node 1 Mapped:            15128 kB
Node 1 AnonPages:         21120 kB
Node 1 Shmem:               520 kB
Node 1 KernelStack:        2824 kB
Node 1 PageTables:          384 kB
Node 1 NFS_Unstable:          0 kB
Node 1 Bounce:                0 kB
Node 1 WritebackTmp:          0 kB
Node 1 KReclaimable:      19880 kB
Node 1 Slab:              66576 kB
Node 1 SReclaimable:      19880 kB
Node 1 SUnreclaim:        46696 kB
Node 1 AnonHugePages:         0 kB
Node 1 ShmemHugePages:        0 kB
Node 1 ShmemPmdMapped:        0 kB
Node 1 FileHugePages:        0 kB
Node 1 FilePmdMapped:        0 kB
Node 1 HugePages_Total:     0
Node 1 HugePages_Free:      0
Node 1 HugePages_Surp:      0

B.1.2M-simpleread.2G.2.O.1M Complete!
