kernel.numa_balancing = 0
5 Tests Remaining!
B.1.32M-simpleread.4G.2.O.1M
Begin
Node 0 MemTotal:       24743736 kB
Node 0 MemFree:        24315188 kB
Node 0 MemUsed:          428548 kB
Node 0 Active:            67408 kB
Node 0 Inactive:          71168 kB
Node 0 Active(anon):      25192 kB
Node 0 Inactive(anon):      332 kB
Node 0 Active(file):      42216 kB
Node 0 Inactive(file):    70836 kB
Node 0 Unevictable:       12532 kB
Node 0 Mlocked:           12532 kB
Node 0 Dirty:               460 kB
Node 0 Writeback:             0 kB
Node 0 FilePages:        115804 kB
Node 0 Mapped:            21900 kB
Node 0 AnonPages:         35108 kB
Node 0 Shmem:               516 kB
Node 0 KernelStack:        2120 kB
Node 0 PageTables:          772 kB
Node 0 NFS_Unstable:          0 kB
Node 0 Bounce:                0 kB
Node 0 WritebackTmp:          0 kB
Node 0 KReclaimable:      24076 kB
Node 0 Slab:              62292 kB
Node 0 SReclaimable:      24076 kB
Node 0 SUnreclaim:        38216 kB
Node 0 AnonHugePages:         0 kB
Node 0 ShmemHugePages:        0 kB
Node 0 ShmemPmdMapped:        0 kB
Node 0 FileHugePages:        0 kB
Node 0 FilePmdMapped:        0 kB
Node 0 HugePages_Total:     0
Node 0 HugePages_Free:      0
Node 0 HugePages_Surp:      0

Node 1 MemTotal:       24686196 kB
Node 1 MemFree:        24501020 kB
Node 1 MemUsed:          185176 kB
Node 1 Active:            29072 kB
Node 1 Inactive:          22324 kB
Node 1 Active(anon):       9184 kB
Node 1 Inactive(anon):      552 kB
Node 1 Active(file):      19888 kB
Node 1 Inactive(file):    21772 kB
Node 1 Unevictable:        5988 kB
Node 1 Mlocked:            5988 kB
Node 1 Dirty:                36 kB
Node 1 Writeback:             0 kB
Node 1 FilePages:         48396 kB
Node 1 Mapped:            19084 kB
Node 1 AnonPages:          8908 kB
Node 1 Shmem:               752 kB
Node 1 KernelStack:        1752 kB
Node 1 PageTables:          492 kB
Node 1 NFS_Unstable:          0 kB
Node 1 Bounce:                0 kB
Node 1 WritebackTmp:          0 kB
Node 1 KReclaimable:      18528 kB
Node 1 Slab:              45992 kB
Node 1 SReclaimable:      18528 kB
Node 1 SUnreclaim:        27464 kB
Node 1 AnonHugePages:         0 kB
Node 1 ShmemHugePages:        0 kB
Node 1 ShmemPmdMapped:        0 kB
Node 1 FileHugePages:        0 kB
Node 1 FilePmdMapped:        0 kB
Node 1 HugePages_Total:     0
Node 1 HugePages_Free:      0
Node 1 HugePages_Surp:      0

Load ZFS
Node 0 MemTotal:       24743736 kB
Node 0 MemFree:        24198968 kB
Node 0 MemUsed:          544768 kB
Node 0 Active:            82296 kB
Node 0 Inactive:         165800 kB
Node 0 Active(anon):      38452 kB
Node 0 Inactive(anon):      548 kB
Node 0 Active(file):      43844 kB
Node 0 Inactive(file):   165252 kB
Node 0 Unevictable:       12764 kB
Node 0 Mlocked:           12764 kB
Node 0 Dirty:               332 kB
Node 0 Writeback:             0 kB
Node 0 FilePages:        212016 kB
Node 0 Mapped:            23744 kB
Node 0 AnonPages:         48696 kB
Node 0 Shmem:               712 kB
Node 0 KernelStack:        2268 kB
Node 0 PageTables:         1696 kB
Node 0 NFS_Unstable:          0 kB
Node 0 Bounce:                0 kB
Node 0 WritebackTmp:          0 kB
Node 0 KReclaimable:      24812 kB
Node 0 Slab:              64860 kB
Node 0 SReclaimable:      24812 kB
Node 0 SUnreclaim:        40048 kB
Node 0 AnonHugePages:         0 kB
Node 0 ShmemHugePages:        0 kB
Node 0 ShmemPmdMapped:        0 kB
Node 0 FileHugePages:        0 kB
Node 0 FilePmdMapped:        0 kB
Node 0 HugePages_Total:     0
Node 0 HugePages_Free:      0
Node 0 HugePages_Surp:      0

Node 1 MemTotal:       24686196 kB
Node 1 MemFree:        24468076 kB
Node 1 MemUsed:          218120 kB
Node 1 Active:            44584 kB
Node 1 Inactive:          31064 kB
Node 1 Active(anon):      23620 kB
Node 1 Inactive(anon):      388 kB
Node 1 Active(file):      20964 kB
Node 1 Inactive(file):    30676 kB
Node 1 Unevictable:        5988 kB
Node 1 Mlocked:            5988 kB
Node 1 Dirty:                52 kB
Node 1 Writeback:             0 kB
Node 1 FilePages:         58180 kB
Node 1 Mapped:            20992 kB
Node 1 AnonPages:         23496 kB
Node 1 Shmem:               556 kB
Node 1 KernelStack:        2180 kB
Node 1 PageTables:         1552 kB
Node 1 NFS_Unstable:          0 kB
Node 1 Bounce:                0 kB
Node 1 WritebackTmp:          0 kB
Node 1 KReclaimable:      19072 kB
Node 1 Slab:              49248 kB
Node 1 SReclaimable:      19072 kB
Node 1 SUnreclaim:        30176 kB
Node 1 AnonHugePages:         0 kB
Node 1 ShmemHugePages:        0 kB
Node 1 ShmemPmdMapped:        0 kB
Node 1 FileHugePages:        0 kB
Node 1 FilePmdMapped:        0 kB
Node 1 HugePages_Total:     0
Node 1 HugePages_Free:      0
Node 1 HugePages_Surp:      0

Import tank ZPool
Node 0 MemTotal:       24743736 kB
Node 0 MemFree:        24194860 kB
Node 0 MemUsed:          548876 kB
Node 0 Active:            82324 kB
Node 0 Inactive:         167016 kB
Node 0 Active(anon):      38188 kB
Node 0 Inactive(anon):      556 kB
Node 0 Active(file):      44136 kB
Node 0 Inactive(file):   166460 kB
Node 0 Unevictable:       12764 kB
Node 0 Mlocked:           12764 kB
Node 0 Dirty:               396 kB
Node 0 Writeback:             0 kB
Node 0 FilePages:        213524 kB
Node 0 Mapped:            23616 kB
Node 0 AnonPages:         48604 kB
Node 0 Shmem:               720 kB
Node 0 KernelStack:        2184 kB
Node 0 PageTables:         1356 kB
Node 0 NFS_Unstable:          0 kB
Node 0 Bounce:                0 kB
Node 0 WritebackTmp:          0 kB
Node 0 KReclaimable:      24928 kB
Node 0 Slab:              69904 kB
Node 0 SReclaimable:      24928 kB
Node 0 SUnreclaim:        44976 kB
Node 0 AnonHugePages:         0 kB
Node 0 ShmemHugePages:        0 kB
Node 0 ShmemPmdMapped:        0 kB
Node 0 FileHugePages:        0 kB
Node 0 FilePmdMapped:        0 kB
Node 0 HugePages_Total:     0
Node 0 HugePages_Free:      0
Node 0 HugePages_Surp:      0

Node 1 MemTotal:       24686196 kB
Node 1 MemFree:        24455224 kB
Node 1 MemUsed:          230972 kB
Node 1 Active:            43920 kB
Node 1 Inactive:          31072 kB
Node 1 Active(anon):      22956 kB
Node 1 Inactive(anon):      392 kB
Node 1 Active(file):      20964 kB
Node 1 Inactive(file):    30680 kB
Node 1 Unevictable:        5988 kB
Node 1 Mlocked:            5988 kB
Node 1 Dirty:                80 kB
Node 1 Writeback:             0 kB
Node 1 FilePages:         58216 kB
Node 1 Mapped:            20784 kB
Node 1 AnonPages:         22800 kB
Node 1 Shmem:               548 kB
Node 1 KernelStack:        3064 kB
Node 1 PageTables:         1452 kB
Node 1 NFS_Unstable:          0 kB
Node 1 Bounce:                0 kB
Node 1 WritebackTmp:          0 kB
Node 1 KReclaimable:      19072 kB
Node 1 Slab:              51552 kB
Node 1 SReclaimable:      19072 kB
Node 1 SUnreclaim:        32480 kB
Node 1 AnonHugePages:         0 kB
Node 1 ShmemHugePages:        0 kB
Node 1 ShmemPmdMapped:        0 kB
Node 1 FileHugePages:        0 kB
Node 1 FilePmdMapped:        0 kB
Node 1 HugePages_Total:     0
Node 1 HugePages_Free:      0
Node 1 HugePages_Surp:      0

After Test
Node 0 MemTotal:       24743736 kB
Node 0 MemFree:        19844208 kB
Node 0 MemUsed:         4899528 kB
Node 0 Active:            69520 kB
Node 0 Inactive:         197388 kB
Node 0 Active(anon):      24712 kB
Node 0 Inactive(anon):      548 kB
Node 0 Active(file):      44808 kB
Node 0 Inactive(file):   196840 kB
Node 0 Unevictable:       12764 kB
Node 0 Mlocked:           12764 kB
Node 0 Dirty:                16 kB
Node 0 Writeback:             0 kB
Node 0 FilePages:        244576 kB
Node 0 Mapped:            21736 kB
Node 0 AnonPages:         35096 kB
Node 0 Shmem:               720 kB
Node 0 KernelStack:        1928 kB
Node 0 PageTables:          700 kB
Node 0 NFS_Unstable:          0 kB
Node 0 Bounce:                0 kB
Node 0 WritebackTmp:          0 kB
Node 0 KReclaimable:      24992 kB
Node 0 Slab:              86824 kB
Node 0 SReclaimable:      24992 kB
Node 0 SUnreclaim:        61832 kB
Node 0 AnonHugePages:         0 kB
Node 0 ShmemHugePages:        0 kB
Node 0 ShmemPmdMapped:        0 kB
Node 0 FileHugePages:        0 kB
Node 0 FilePmdMapped:        0 kB
Node 0 HugePages_Total:     0
Node 0 HugePages_Free:      0
Node 0 HugePages_Surp:      0

Node 1 MemTotal:       24686196 kB
Node 1 MemFree:        23762864 kB
Node 1 MemUsed:          923332 kB
Node 1 Active:            30952 kB
Node 1 Inactive:          30736 kB
Node 1 Active(anon):       8876 kB
Node 1 Inactive(anon):      392 kB
Node 1 Active(file):      22076 kB
Node 1 Inactive(file):    30344 kB
Node 1 Unevictable:        5988 kB
Node 1 Mlocked:            5988 kB
Node 1 Dirty:                12 kB
Node 1 Writeback:             0 kB
Node 1 FilePages:         58952 kB
Node 1 Mapped:            18908 kB
Node 1 AnonPages:          8576 kB
Node 1 Shmem:               548 kB
Node 1 KernelStack:        2744 kB
Node 1 PageTables:          420 kB
Node 1 NFS_Unstable:          0 kB
Node 1 Bounce:                0 kB
Node 1 WritebackTmp:          0 kB
Node 1 KReclaimable:      19204 kB
Node 1 Slab:              54344 kB
Node 1 SReclaimable:      19204 kB
Node 1 SUnreclaim:        35140 kB
Node 1 AnonHugePages:         0 kB
Node 1 ShmemHugePages:        0 kB
Node 1 ShmemPmdMapped:        0 kB
Node 1 FileHugePages:        0 kB
Node 1 FilePmdMapped:        0 kB
Node 1 HugePages_Total:     0
Node 1 HugePages_Free:      0
Node 1 HugePages_Surp:      0

After Opposite Node
Node 0 MemTotal:       24743736 kB
Node 0 MemFree:        19845620 kB
Node 0 MemUsed:         4898116 kB
Node 0 Active:            69780 kB
Node 0 Inactive:         197168 kB
Node 0 Active(anon):      24732 kB
Node 0 Inactive(anon):      548 kB
Node 0 Active(file):      45048 kB
Node 0 Inactive(file):   196620 kB
Node 0 Unevictable:       12764 kB
Node 0 Mlocked:           12764 kB
Node 0 Dirty:                24 kB
Node 0 Writeback:             0 kB
Node 0 FilePages:        244596 kB
Node 0 Mapped:            21756 kB
Node 0 AnonPages:         34968 kB
Node 0 Shmem:               720 kB
Node 0 KernelStack:        1928 kB
Node 0 PageTables:          820 kB
Node 0 NFS_Unstable:          0 kB
Node 0 Bounce:                0 kB
Node 0 WritebackTmp:          0 kB
Node 0 KReclaimable:      24992 kB
Node 0 Slab:              86936 kB
Node 0 SReclaimable:      24992 kB
Node 0 SUnreclaim:        61944 kB
Node 0 AnonHugePages:         0 kB
Node 0 ShmemHugePages:        0 kB
Node 0 ShmemPmdMapped:        0 kB
Node 0 FileHugePages:        0 kB
Node 0 FilePmdMapped:        0 kB
Node 0 HugePages_Total:     0
Node 0 HugePages_Free:      0
Node 0 HugePages_Surp:      0

Node 1 MemTotal:       24686196 kB
Node 1 MemFree:        23763852 kB
Node 1 MemUsed:          922344 kB
Node 1 Active:            30988 kB
Node 1 Inactive:          30708 kB
Node 1 Active(anon):       8868 kB
Node 1 Inactive(anon):      392 kB
Node 1 Active(file):      22120 kB
Node 1 Inactive(file):    30316 kB
Node 1 Unevictable:        5988 kB
Node 1 Mlocked:            5988 kB
Node 1 Dirty:                24 kB
Node 1 Writeback:             0 kB
Node 1 FilePages:         58968 kB
Node 1 Mapped:            18904 kB
Node 1 AnonPages:          8716 kB
Node 1 Shmem:               548 kB
Node 1 KernelStack:        2744 kB
Node 1 PageTables:          316 kB
Node 1 NFS_Unstable:          0 kB
Node 1 Bounce:                0 kB
Node 1 WritebackTmp:          0 kB
Node 1 KReclaimable:      19240 kB
Node 1 Slab:              54372 kB
Node 1 SReclaimable:      19240 kB
Node 1 SUnreclaim:        35132 kB
Node 1 AnonHugePages:         0 kB
Node 1 ShmemHugePages:        0 kB
Node 1 ShmemPmdMapped:        0 kB
Node 1 FileHugePages:        0 kB
Node 1 FilePmdMapped:        0 kB
Node 1 HugePages_Total:     0
Node 1 HugePages_Free:      0
Node 1 HugePages_Surp:      0

B.1.32M-simpleread.4G.2.O.1M Complete!
