kernel.numa_balancing = 0
75 Tests Remaining!
B.1.1M-simpleread.2G.3.O.1M
Begin
Node 0 MemTotal:       24743736 kB
Node 0 MemFree:        24493476 kB
Node 0 MemUsed:          250260 kB
Node 0 Active:            63832 kB
Node 0 Inactive:          36412 kB
Node 0 Active(anon):      18604 kB
Node 0 Inactive(anon):      516 kB
Node 0 Active(file):      45228 kB
Node 0 Inactive(file):    35896 kB
Node 0 Unevictable:       17888 kB
Node 0 Mlocked:           17888 kB
Node 0 Dirty:                56 kB
Node 0 Writeback:             0 kB
Node 0 FilePages:         89428 kB
Node 0 Mapped:            29324 kB
Node 0 AnonPages:         28848 kB
Node 0 Shmem:               732 kB
Node 0 KernelStack:        1912 kB
Node 0 PageTables:          724 kB
Node 0 NFS_Unstable:          0 kB
Node 0 Bounce:                0 kB
Node 0 WritebackTmp:          0 kB
Node 0 KReclaimable:      23120 kB
Node 0 Slab:              55032 kB
Node 0 SReclaimable:      23120 kB
Node 0 SUnreclaim:        31912 kB
Node 0 AnonHugePages:         0 kB
Node 0 ShmemHugePages:        0 kB
Node 0 ShmemPmdMapped:        0 kB
Node 0 FileHugePages:        0 kB
Node 0 FilePmdMapped:        0 kB
Node 0 HugePages_Total:     0
Node 0 HugePages_Free:      0
Node 0 HugePages_Surp:      0

Node 1 MemTotal:       24686196 kB
Node 1 MemFree:        24310096 kB
Node 1 MemUsed:          376100 kB
Node 1 Active:            33852 kB
Node 1 Inactive:          65992 kB
Node 1 Active(anon):      16364 kB
Node 1 Inactive(anon):      364 kB
Node 1 Active(file):      17488 kB
Node 1 Inactive(file):    65628 kB
Node 1 Unevictable:         636 kB
Node 1 Mlocked:             636 kB
Node 1 Dirty:               376 kB
Node 1 Writeback:             0 kB
Node 1 FilePages:         84288 kB
Node 1 Mapped:            19860 kB
Node 1 AnonPages:         16320 kB
Node 1 Shmem:               536 kB
Node 1 KernelStack:        1960 kB
Node 1 PageTables:          588 kB
Node 1 NFS_Unstable:          0 kB
Node 1 Bounce:                0 kB
Node 1 WritebackTmp:          0 kB
Node 1 KReclaimable:      19564 kB
Node 1 Slab:              53964 kB
Node 1 SReclaimable:      19564 kB
Node 1 SUnreclaim:        34400 kB
Node 1 AnonHugePages:         0 kB
Node 1 ShmemHugePages:        0 kB
Node 1 ShmemPmdMapped:        0 kB
Node 1 FileHugePages:        0 kB
Node 1 FilePmdMapped:        0 kB
Node 1 HugePages_Total:     0
Node 1 HugePages_Free:      0
Node 1 HugePages_Surp:      0

Load ZFS
Node 0 MemTotal:       24743736 kB
Node 0 MemFree:        24447664 kB
Node 0 MemUsed:          296072 kB
Node 0 Active:            76176 kB
Node 0 Inactive:          61332 kB
Node 0 Active(anon):      29184 kB
Node 0 Inactive(anon):      480 kB
Node 0 Active(file):      46992 kB
Node 0 Inactive(file):    60852 kB
Node 0 Unevictable:       18120 kB
Node 0 Mlocked:           18120 kB
Node 0 Dirty:               280 kB
Node 0 Writeback:             0 kB
Node 0 FilePages:        116048 kB
Node 0 Mapped:            30656 kB
Node 0 AnonPages:         39528 kB
Node 0 Shmem:               648 kB
Node 0 KernelStack:        1944 kB
Node 0 PageTables:         1072 kB
Node 0 NFS_Unstable:          0 kB
Node 0 Bounce:                0 kB
Node 0 WritebackTmp:          0 kB
Node 0 KReclaimable:      23604 kB
Node 0 Slab:              56824 kB
Node 0 SReclaimable:      23604 kB
Node 0 SUnreclaim:        33220 kB
Node 0 AnonHugePages:         0 kB
Node 0 ShmemHugePages:        0 kB
Node 0 ShmemPmdMapped:        0 kB
Node 0 FileHugePages:        0 kB
Node 0 FilePmdMapped:        0 kB
Node 0 HugePages_Total:     0
Node 0 HugePages_Free:      0
Node 0 HugePages_Surp:      0

Node 1 MemTotal:       24686196 kB
Node 1 MemFree:        24210468 kB
Node 1 MemUsed:          475728 kB
Node 1 Active:            48036 kB
Node 1 Inactive:         144508 kB
Node 1 Active(anon):      29884 kB
Node 1 Inactive(anon):      468 kB
Node 1 Active(file):      18152 kB
Node 1 Inactive(file):   144040 kB
Node 1 Unevictable:         636 kB
Node 1 Mlocked:             636 kB
Node 1 Dirty:               240 kB
Node 1 Writeback:             0 kB
Node 1 FilePages:        163448 kB
Node 1 Mapped:            22264 kB
Node 1 AnonPages:         29588 kB
Node 1 Shmem:               620 kB
Node 1 KernelStack:        2152 kB
Node 1 PageTables:         1468 kB
Node 1 NFS_Unstable:          0 kB
Node 1 Bounce:                0 kB
Node 1 WritebackTmp:          0 kB
Node 1 KReclaimable:      20656 kB
Node 1 Slab:              58720 kB
Node 1 SReclaimable:      20656 kB
Node 1 SUnreclaim:        38064 kB
Node 1 AnonHugePages:         0 kB
Node 1 ShmemHugePages:        0 kB
Node 1 ShmemPmdMapped:        0 kB
Node 1 FileHugePages:        0 kB
Node 1 FilePmdMapped:        0 kB
Node 1 HugePages_Total:     0
Node 1 HugePages_Free:      0
Node 1 HugePages_Surp:      0

Import tank ZPool
Node 0 MemTotal:       24743736 kB
Node 0 MemFree:        24452036 kB
Node 0 MemUsed:          291700 kB
Node 0 Active:            65776 kB
Node 0 Inactive:          62404 kB
Node 0 Active(anon):      18188 kB
Node 0 Inactive(anon):      484 kB
Node 0 Active(file):      47588 kB
Node 0 Inactive(file):    61920 kB
Node 0 Unevictable:       18120 kB
Node 0 Mlocked:           18120 kB
Node 0 Dirty:               328 kB
Node 0 Writeback:             0 kB
Node 0 FilePages:        117736 kB
Node 0 Mapped:            29396 kB
Node 0 AnonPages:         28220 kB
Node 0 Shmem:               648 kB
Node 0 KernelStack:        1784 kB
Node 0 PageTables:          664 kB
Node 0 NFS_Unstable:          0 kB
Node 0 Bounce:                0 kB
Node 0 WritebackTmp:          0 kB
Node 0 KReclaimable:      23784 kB
Node 0 Slab:              62140 kB
Node 0 SReclaimable:      23784 kB
Node 0 SUnreclaim:        38356 kB
Node 0 AnonHugePages:         0 kB
Node 0 ShmemHugePages:        0 kB
Node 0 ShmemPmdMapped:        0 kB
Node 0 FileHugePages:        0 kB
Node 0 FilePmdMapped:        0 kB
Node 0 HugePages_Total:     0
Node 0 HugePages_Free:      0
Node 0 HugePages_Surp:      0

Node 1 MemTotal:       24686196 kB
Node 1 MemFree:        24212480 kB
Node 1 MemUsed:          473716 kB
Node 1 Active:            34464 kB
Node 1 Inactive:         143940 kB
Node 1 Active(anon):      15704 kB
Node 1 Inactive(anon):      464 kB
Node 1 Active(file):      18760 kB
Node 1 Inactive(file):   143476 kB
Node 1 Unevictable:         636 kB
Node 1 Mlocked:             636 kB
Node 1 Dirty:               144 kB
Node 1 Writeback:             0 kB
Node 1 FilePages:        163508 kB
Node 1 Mapped:            19880 kB
Node 1 AnonPages:         15548 kB
Node 1 Shmem:               620 kB
Node 1 KernelStack:        2936 kB
Node 1 PageTables:          476 kB
Node 1 NFS_Unstable:          0 kB
Node 1 Bounce:                0 kB
Node 1 WritebackTmp:          0 kB
Node 1 KReclaimable:      20660 kB
Node 1 Slab:              60660 kB
Node 1 SReclaimable:      20660 kB
Node 1 SUnreclaim:        40000 kB
Node 1 AnonHugePages:         0 kB
Node 1 ShmemHugePages:        0 kB
Node 1 ShmemPmdMapped:        0 kB
Node 1 FileHugePages:        0 kB
Node 1 FilePmdMapped:        0 kB
Node 1 HugePages_Total:     0
Node 1 HugePages_Free:      0
Node 1 HugePages_Surp:      0

After Test
Node 0 MemTotal:       24743736 kB
Node 0 MemFree:        24007752 kB
Node 0 MemUsed:          735984 kB
Node 0 Active:            65684 kB
Node 0 Inactive:          62200 kB
Node 0 Active(anon):      17840 kB
Node 0 Inactive(anon):      480 kB
Node 0 Active(file):      47844 kB
Node 0 Inactive(file):    61720 kB
Node 0 Unevictable:       18120 kB
Node 0 Mlocked:           18120 kB
Node 0 Dirty:                36 kB
Node 0 Writeback:             0 kB
Node 0 FilePages:        117768 kB
Node 0 Mapped:            29184 kB
Node 0 AnonPages:         28232 kB
Node 0 Shmem:               648 kB
Node 0 KernelStack:        1752 kB
Node 0 PageTables:          556 kB
Node 0 NFS_Unstable:          0 kB
Node 0 Bounce:                0 kB
Node 0 WritebackTmp:          0 kB
Node 0 KReclaimable:      23784 kB
Node 0 Slab:              63280 kB
Node 0 SReclaimable:      23784 kB
Node 0 SUnreclaim:        39496 kB
Node 0 AnonHugePages:         0 kB
Node 0 ShmemHugePages:        0 kB
Node 0 ShmemPmdMapped:        0 kB
Node 0 FileHugePages:        0 kB
Node 0 FilePmdMapped:        0 kB
Node 0 HugePages_Total:     0
Node 0 HugePages_Free:      0
Node 0 HugePages_Surp:      0

Node 1 MemTotal:       24686196 kB
Node 1 MemFree:        21728264 kB
Node 1 MemUsed:         2957932 kB
Node 1 Active:            35240 kB
Node 1 Inactive:         144868 kB
Node 1 Active(anon):      15932 kB
Node 1 Inactive(anon):      460 kB
Node 1 Active(file):      19308 kB
Node 1 Inactive(file):   144408 kB
Node 1 Unevictable:         636 kB
Node 1 Mlocked:             636 kB
Node 1 Dirty:                20 kB
Node 1 Writeback:             0 kB
Node 1 FilePages:        164980 kB
Node 1 Mapped:            19940 kB
Node 1 AnonPages:         15400 kB
Node 1 Shmem:               620 kB
Node 1 KernelStack:        2920 kB
Node 1 PageTables:          528 kB
Node 1 NFS_Unstable:          0 kB
Node 1 Bounce:                0 kB
Node 1 WritebackTmp:          0 kB
Node 1 KReclaimable:      20772 kB
Node 1 Slab:              72588 kB
Node 1 SReclaimable:      20772 kB
Node 1 SUnreclaim:        51816 kB
Node 1 AnonHugePages:         0 kB
Node 1 ShmemHugePages:        0 kB
Node 1 ShmemPmdMapped:        0 kB
Node 1 FileHugePages:        0 kB
Node 1 FilePmdMapped:        0 kB
Node 1 HugePages_Total:     0
Node 1 HugePages_Free:      0
Node 1 HugePages_Surp:      0

After Opposite Node
Node 0 MemTotal:       24743736 kB
Node 0 MemFree:        24008084 kB
Node 0 MemUsed:          735652 kB
Node 0 Active:            66016 kB
Node 0 Inactive:          62184 kB
Node 0 Active(anon):      18136 kB
Node 0 Inactive(anon):      480 kB
Node 0 Active(file):      47880 kB
Node 0 Inactive(file):    61704 kB
Node 0 Unevictable:       18120 kB
Node 0 Mlocked:           18120 kB
Node 0 Dirty:                48 kB
Node 0 Writeback:             0 kB
Node 0 FilePages:        117788 kB
Node 0 Mapped:            29184 kB
Node 0 AnonPages:         28392 kB
Node 0 Shmem:               648 kB
Node 0 KernelStack:        1752 kB
Node 0 PageTables:          600 kB
Node 0 NFS_Unstable:          0 kB
Node 0 Bounce:                0 kB
Node 0 WritebackTmp:          0 kB
Node 0 KReclaimable:      23816 kB
Node 0 Slab:              63380 kB
Node 0 SReclaimable:      23816 kB
Node 0 SUnreclaim:        39564 kB
Node 0 AnonHugePages:         0 kB
Node 0 ShmemHugePages:        0 kB
Node 0 ShmemPmdMapped:        0 kB
Node 0 FileHugePages:        0 kB
Node 0 FilePmdMapped:        0 kB
Node 0 HugePages_Total:     0
Node 0 HugePages_Free:      0
Node 0 HugePages_Surp:      0

Node 1 MemTotal:       24686196 kB
Node 1 MemFree:        21727624 kB
Node 1 MemUsed:         2958572 kB
Node 1 Active:            35108 kB
Node 1 Inactive:         144600 kB
Node 1 Active(anon):      15520 kB
Node 1 Inactive(anon):      460 kB
Node 1 Active(file):      19588 kB
Node 1 Inactive(file):   144140 kB
Node 1 Unevictable:         636 kB
Node 1 Mlocked:             636 kB
Node 1 Dirty:                24 kB
Node 1 Writeback:             0 kB
Node 1 FilePages:        164984 kB
Node 1 Mapped:            19952 kB
Node 1 AnonPages:         15528 kB
Node 1 Shmem:               620 kB
Node 1 KernelStack:        2904 kB
Node 1 PageTables:          476 kB
Node 1 NFS_Unstable:          0 kB
Node 1 Bounce:                0 kB
Node 1 WritebackTmp:          0 kB
Node 1 KReclaimable:      20772 kB
Node 1 Slab:              72640 kB
Node 1 SReclaimable:      20772 kB
Node 1 SUnreclaim:        51868 kB
Node 1 AnonHugePages:         0 kB
Node 1 ShmemHugePages:        0 kB
Node 1 ShmemPmdMapped:        0 kB
Node 1 FileHugePages:        0 kB
Node 1 FilePmdMapped:        0 kB
Node 1 HugePages_Total:     0
Node 1 HugePages_Free:      0
Node 1 HugePages_Surp:      0

B.1.1M-simpleread.2G.3.O.1M Complete!
