kernel.numa_balancing = 0
B.1.8M-simpleread.16G.2.O.1M
Begin
Node 0 MemTotal:       24768352 kB
Node 0 MemFree:        24352040 kB
Node 0 MemUsed:          416312 kB
Node 0 Active:            65408 kB
Node 0 Inactive:          69516 kB
Node 0 Active(anon):      16592 kB
Node 0 Inactive(anon):      300 kB
Node 0 Active(file):      48816 kB
Node 0 Inactive(file):    69216 kB
Node 0 Unevictable:        5668 kB
Node 0 Mlocked:            5668 kB
Node 0 Dirty:               500 kB
Node 0 Writeback:             0 kB
Node 0 FilePages:        124160 kB
Node 0 Mapped:            40472 kB
Node 0 AnonPages:         16436 kB
Node 0 Shmem:               460 kB
Node 0 KernelStack:        2104 kB
Node 0 PageTables:          488 kB
Node 0 NFS_Unstable:          0 kB
Node 0 Bounce:                0 kB
Node 0 WritebackTmp:          0 kB
Node 0 KReclaimable:      18864 kB
Node 0 Slab:              52820 kB
Node 0 SReclaimable:      18864 kB
Node 0 SUnreclaim:        33956 kB
Node 0 AnonHugePages:         0 kB
Node 0 ShmemHugePages:        0 kB
Node 0 ShmemPmdMapped:        0 kB
Node 0 FileHugePages:        0 kB
Node 0 FilePmdMapped:        0 kB
Node 0 HugePages_Total:     0
Node 0 HugePages_Free:      0
Node 0 HugePages_Surp:      0

Node 1 MemTotal:       24661580 kB
Node 1 MemFree:        24458940 kB
Node 1 MemUsed:          202640 kB
Node 1 Active:            30268 kB
Node 1 Inactive:          26616 kB
Node 1 Active(anon):      17076 kB
Node 1 Inactive(anon):      576 kB
Node 1 Active(file):      13192 kB
Node 1 Inactive(file):    26040 kB
Node 1 Unevictable:       12856 kB
Node 1 Mlocked:           12856 kB
Node 1 Dirty:                32 kB
Node 1 Writeback:             0 kB
Node 1 FilePages:         42600 kB
Node 1 Mapped:            11796 kB
Node 1 AnonPages:         27244 kB
Node 1 Shmem:               808 kB
Node 1 KernelStack:        1544 kB
Node 1 PageTables:          660 kB
Node 1 NFS_Unstable:          0 kB
Node 1 Bounce:                0 kB
Node 1 WritebackTmp:          0 kB
Node 1 KReclaimable:      23276 kB
Node 1 Slab:              54912 kB
Node 1 SReclaimable:      23276 kB
Node 1 SUnreclaim:        31636 kB
Node 1 AnonHugePages:         0 kB
Node 1 ShmemHugePages:        0 kB
Node 1 ShmemPmdMapped:        0 kB
Node 1 FileHugePages:        0 kB
Node 1 FilePmdMapped:        0 kB
Node 1 HugePages_Total:     0
Node 1 HugePages_Free:      0
Node 1 HugePages_Surp:      0

Load ZFS
Node 0 MemTotal:       24768352 kB
Node 0 MemFree:        24465832 kB
Node 0 MemUsed:          302520 kB
Node 0 Active:            79028 kB
Node 0 Inactive:          70792 kB
Node 0 Active(anon):      29592 kB
Node 0 Inactive(anon):      524 kB
Node 0 Active(file):      49436 kB
Node 0 Inactive(file):    70268 kB
Node 0 Unevictable:        5668 kB
Node 0 Mlocked:            5668 kB
Node 0 Dirty:               548 kB
Node 0 Writeback:             0 kB
Node 0 FilePages:        126132 kB
Node 0 Mapped:            43308 kB
Node 0 AnonPages:         29408 kB
Node 0 Shmem:               760 kB
Node 0 KernelStack:        2612 kB
Node 0 PageTables:         1936 kB
Node 0 NFS_Unstable:          0 kB
Node 0 Bounce:                0 kB
Node 0 WritebackTmp:          0 kB
Node 0 KReclaimable:      19456 kB
Node 0 Slab:              55876 kB
Node 0 SReclaimable:      19456 kB
Node 0 SUnreclaim:        36420 kB
Node 0 AnonHugePages:         0 kB
Node 0 ShmemHugePages:        0 kB
Node 0 ShmemPmdMapped:        0 kB
Node 0 FileHugePages:        0 kB
Node 0 FilePmdMapped:        0 kB
Node 0 HugePages_Total:     0
Node 0 HugePages_Free:      0
Node 0 HugePages_Surp:      0

Node 1 MemTotal:       24661580 kB
Node 1 MemFree:        24201620 kB
Node 1 MemUsed:          459960 kB
Node 1 Active:            43080 kB
Node 1 Inactive:         128616 kB
Node 1 Active(anon):      28132 kB
Node 1 Inactive(anon):      312 kB
Node 1 Active(file):      14948 kB
Node 1 Inactive(file):   128304 kB
Node 1 Unevictable:       12924 kB
Node 1 Mlocked:           12924 kB
Node 1 Dirty:                56 kB
Node 1 Writeback:             0 kB
Node 1 FilePages:        146292 kB
Node 1 Mapped:            13780 kB
Node 1 AnonPages:         38280 kB
Node 1 Shmem:               508 kB
Node 1 KernelStack:        1512 kB
Node 1 PageTables:         1604 kB
Node 1 NFS_Unstable:          0 kB
Node 1 Bounce:                0 kB
Node 1 WritebackTmp:          0 kB
Node 1 KReclaimable:      24160 kB
Node 1 Slab:              59364 kB
Node 1 SReclaimable:      24160 kB
Node 1 SUnreclaim:        35204 kB
Node 1 AnonHugePages:         0 kB
Node 1 ShmemHugePages:        0 kB
Node 1 ShmemPmdMapped:        0 kB
Node 1 FileHugePages:        0 kB
Node 1 FilePmdMapped:        0 kB
Node 1 HugePages_Total:     0
Node 1 HugePages_Free:      0
Node 1 HugePages_Surp:      0

Import tank ZPool
Node 0 MemTotal:       24768352 kB
Node 0 MemFree:        24453668 kB
Node 0 MemUsed:          314684 kB
Node 0 Active:            79160 kB
Node 0 Inactive:          70764 kB
Node 0 Active(anon):      29704 kB
Node 0 Inactive(anon):      512 kB
Node 0 Active(file):      49456 kB
Node 0 Inactive(file):    70252 kB
Node 0 Unevictable:        5668 kB
Node 0 Mlocked:            5668 kB
Node 0 Dirty:               488 kB
Node 0 Writeback:             0 kB
Node 0 FilePages:        126072 kB
Node 0 Mapped:            42564 kB
Node 0 AnonPages:         29520 kB
Node 0 Shmem:               696 kB
Node 0 KernelStack:        3672 kB
Node 0 PageTables:         1652 kB
Node 0 NFS_Unstable:          0 kB
Node 0 Bounce:                0 kB
Node 0 WritebackTmp:          0 kB
Node 0 KReclaimable:      19468 kB
Node 0 Slab:              58016 kB
Node 0 SReclaimable:      19468 kB
Node 0 SUnreclaim:        38548 kB
Node 0 AnonHugePages:         0 kB
Node 0 ShmemHugePages:        0 kB
Node 0 ShmemPmdMapped:        0 kB
Node 0 FileHugePages:        0 kB
Node 0 FilePmdMapped:        0 kB
Node 0 HugePages_Total:     0
Node 0 HugePages_Free:      0
Node 0 HugePages_Surp:      0

Node 1 MemTotal:       24661580 kB
Node 1 MemFree:        24196000 kB
Node 1 MemUsed:          465580 kB
Node 1 Active:            43252 kB
Node 1 Inactive:         130000 kB
Node 1 Active(anon):      27732 kB
Node 1 Inactive(anon):      436 kB
Node 1 Active(file):      15520 kB
Node 1 Inactive(file):   129564 kB
Node 1 Unevictable:       13088 kB
Node 1 Mlocked:           13088 kB
Node 1 Dirty:                64 kB
Node 1 Writeback:             0 kB
Node 1 FilePages:        148200 kB
Node 1 Mapped:            13648 kB
Node 1 AnonPages:         37792 kB
Node 1 Shmem:               572 kB
Node 1 KernelStack:        1592 kB
Node 1 PageTables:         1212 kB
Node 1 NFS_Unstable:          0 kB
Node 1 Bounce:                0 kB
Node 1 WritebackTmp:          0 kB
Node 1 KReclaimable:      24352 kB
Node 1 Slab:              64636 kB
Node 1 SReclaimable:      24352 kB
Node 1 SUnreclaim:        40284 kB
Node 1 AnonHugePages:         0 kB
Node 1 ShmemHugePages:        0 kB
Node 1 ShmemPmdMapped:        0 kB
Node 1 FileHugePages:        0 kB
Node 1 FilePmdMapped:        0 kB
Node 1 HugePages_Total:     0
Node 1 HugePages_Free:      0
Node 1 HugePages_Surp:      0

After Test
Node 0 MemTotal:       24768352 kB
Node 0 MemFree:        23543044 kB
Node 0 MemUsed:         1225308 kB
Node 0 Active:            66448 kB
Node 0 Inactive:          70456 kB
Node 0 Active(anon):      16692 kB
Node 0 Inactive(anon):      504 kB
Node 0 Active(file):      49756 kB
Node 0 Inactive(file):    69952 kB
Node 0 Unevictable:        5668 kB
Node 0 Mlocked:            5668 kB
Node 0 Dirty:                12 kB
Node 0 Writeback:             0 kB
Node 0 FilePages:        126068 kB
Node 0 Mapped:            40588 kB
Node 0 AnonPages:         16508 kB
Node 0 Shmem:               692 kB
Node 0 KernelStack:        3192 kB
Node 0 PageTables:          492 kB
Node 0 NFS_Unstable:          0 kB
Node 0 Bounce:                0 kB
Node 0 WritebackTmp:          0 kB
Node 0 KReclaimable:      19480 kB
Node 0 Slab:              61276 kB
Node 0 SReclaimable:      19480 kB
Node 0 SUnreclaim:        41796 kB
Node 0 AnonHugePages:         0 kB
Node 0 ShmemHugePages:        0 kB
Node 0 ShmemPmdMapped:        0 kB
Node 0 FileHugePages:        0 kB
Node 0 FilePmdMapped:        0 kB
Node 0 HugePages_Total:     0
Node 0 HugePages_Free:      0
Node 0 HugePages_Surp:      0

Node 1 MemTotal:       24661580 kB
Node 1 MemFree:         7461040 kB
Node 1 MemUsed:        17200540 kB
Node 1 Active:            33504 kB
Node 1 Inactive:         137352 kB
Node 1 Active(anon):      16828 kB
Node 1 Inactive(anon):      436 kB
Node 1 Active(file):      16676 kB
Node 1 Inactive(file):   136916 kB
Node 1 Unevictable:       13088 kB
Node 1 Mlocked:           13088 kB
Node 1 Dirty:                36 kB
Node 1 Writeback:             0 kB
Node 1 FilePages:        156724 kB
Node 1 Mapped:            11804 kB
Node 1 AnonPages:         27304 kB
Node 1 Shmem:               576 kB
Node 1 KernelStack:        1304 kB
Node 1 PageTables:          652 kB
Node 1 NFS_Unstable:          0 kB
Node 1 Bounce:                0 kB
Node 1 WritebackTmp:          0 kB
Node 1 KReclaimable:      24480 kB
Node 1 Slab:             120948 kB
Node 1 SReclaimable:      24480 kB
Node 1 SUnreclaim:        96468 kB
Node 1 AnonHugePages:         0 kB
Node 1 ShmemHugePages:        0 kB
Node 1 ShmemPmdMapped:        0 kB
Node 1 FileHugePages:        0 kB
Node 1 FilePmdMapped:        0 kB
Node 1 HugePages_Total:     0
Node 1 HugePages_Free:      0
Node 1 HugePages_Surp:      0

After Opposite Node
Node 0 MemTotal:       24768352 kB
Node 0 MemFree:        23543888 kB
Node 0 MemUsed:         1224464 kB
Node 0 Active:            66996 kB
Node 0 Inactive:          70192 kB
Node 0 Active(anon):      16968 kB
Node 0 Inactive(anon):      504 kB
Node 0 Active(file):      50028 kB
Node 0 Inactive(file):    69688 kB
Node 0 Unevictable:        5668 kB
Node 0 Mlocked:            5668 kB
Node 0 Dirty:                20 kB
Node 0 Writeback:             0 kB
Node 0 FilePages:        126076 kB
Node 0 Mapped:            40596 kB
Node 0 AnonPages:         16816 kB
Node 0 Shmem:               692 kB
Node 0 KernelStack:        3144 kB
Node 0 PageTables:          552 kB
Node 0 NFS_Unstable:          0 kB
Node 0 Bounce:                0 kB
Node 0 WritebackTmp:          0 kB
Node 0 KReclaimable:      19564 kB
Node 0 Slab:              61396 kB
Node 0 SReclaimable:      19564 kB
Node 0 SUnreclaim:        41832 kB
Node 0 AnonHugePages:         0 kB
Node 0 ShmemHugePages:        0 kB
Node 0 ShmemPmdMapped:        0 kB
Node 0 FileHugePages:        0 kB
Node 0 FilePmdMapped:        0 kB
Node 0 HugePages_Total:     0
Node 0 HugePages_Free:      0
Node 0 HugePages_Surp:      0

Node 1 MemTotal:       24661580 kB
Node 1 MemFree:         7459168 kB
Node 1 MemUsed:        17202412 kB
Node 1 Active:            33296 kB
Node 1 Inactive:         137336 kB
Node 1 Active(anon):      16552 kB
Node 1 Inactive(anon):      436 kB
Node 1 Active(file):      16744 kB
Node 1 Inactive(file):   136900 kB
Node 1 Unevictable:       13088 kB
Node 1 Mlocked:           13088 kB
Node 1 Dirty:                52 kB
Node 1 Writeback:             0 kB
Node 1 FilePages:        156744 kB
Node 1 Mapped:            11820 kB
Node 1 AnonPages:         26992 kB
Node 1 Shmem:               576 kB
Node 1 KernelStack:        1272 kB
Node 1 PageTables:          584 kB
Node 1 NFS_Unstable:          0 kB
Node 1 Bounce:                0 kB
Node 1 WritebackTmp:          0 kB
Node 1 KReclaimable:      24480 kB
Node 1 Slab:             120772 kB
Node 1 SReclaimable:      24480 kB
Node 1 SUnreclaim:        96292 kB
Node 1 AnonHugePages:         0 kB
Node 1 ShmemHugePages:        0 kB
Node 1 ShmemPmdMapped:        0 kB
Node 1 FileHugePages:        0 kB
Node 1 FilePmdMapped:        0 kB
Node 1 HugePages_Total:     0
Node 1 HugePages_Free:      0
Node 1 HugePages_Surp:      0

B.1.8M-simpleread.16G.2.O.1M Complete!
