kernel.numa_balancing = 0
30 Tests Remaining!
B.1.64M-simpleread.8G.2.O.1M
Begin
Node 0 MemTotal:       24743736 kB
Node 0 MemFree:        24486072 kB
Node 0 MemUsed:          257664 kB
Node 0 Active:            39812 kB
Node 0 Inactive:          62508 kB
Node 0 Active(anon):      14724 kB
Node 0 Inactive(anon):      408 kB
Node 0 Active(file):      25088 kB
Node 0 Inactive(file):    62100 kB
Node 0 Unevictable:       17192 kB
Node 0 Mlocked:           17192 kB
Node 0 Dirty:               424 kB
Node 0 Writeback:             0 kB
Node 0 FilePages:         94672 kB
Node 0 Mapped:            26648 kB
Node 0 AnonPages:         24704 kB
Node 0 Shmem:               620 kB
Node 0 KernelStack:        2296 kB
Node 0 PageTables:          892 kB
Node 0 NFS_Unstable:          0 kB
Node 0 Bounce:                0 kB
Node 0 WritebackTmp:          0 kB
Node 0 KReclaimable:      19524 kB
Node 0 Slab:              53104 kB
Node 0 SReclaimable:      19524 kB
Node 0 SUnreclaim:        33580 kB
Node 0 AnonHugePages:         0 kB
Node 0 ShmemHugePages:        0 kB
Node 0 ShmemPmdMapped:        0 kB
Node 0 FileHugePages:        0 kB
Node 0 FilePmdMapped:        0 kB
Node 0 HugePages_Total:     0
Node 0 HugePages_Free:      0
Node 0 HugePages_Surp:      0

Node 1 MemTotal:       24686196 kB
Node 1 MemFree:        24298332 kB
Node 1 MemUsed:          387864 kB
Node 1 Active:            60072 kB
Node 1 Inactive:          58524 kB
Node 1 Active(anon):      20272 kB
Node 1 Inactive(anon):      468 kB
Node 1 Active(file):      39800 kB
Node 1 Inactive(file):    58056 kB
Node 1 Unevictable:        1328 kB
Node 1 Mlocked:            1328 kB
Node 1 Dirty:               100 kB
Node 1 Writeback:             0 kB
Node 1 FilePages:         99848 kB
Node 1 Mapped:            39420 kB
Node 1 AnonPages:         20172 kB
Node 1 Shmem:               648 kB
Node 1 KernelStack:        1560 kB
Node 1 PageTables:          508 kB
Node 1 NFS_Unstable:          0 kB
Node 1 Bounce:                0 kB
Node 1 WritebackTmp:          0 kB
Node 1 KReclaimable:      22612 kB
Node 1 Slab:              53768 kB
Node 1 SReclaimable:      22612 kB
Node 1 SUnreclaim:        31156 kB
Node 1 AnonHugePages:         0 kB
Node 1 ShmemHugePages:        0 kB
Node 1 ShmemPmdMapped:        0 kB
Node 1 FileHugePages:        0 kB
Node 1 FilePmdMapped:        0 kB
Node 1 HugePages_Total:     0
Node 1 HugePages_Free:      0
Node 1 HugePages_Surp:      0

Load ZFS
Node 0 MemTotal:       24743736 kB
Node 0 MemFree:        24443340 kB
Node 0 MemUsed:          300396 kB
Node 0 Active:            56916 kB
Node 0 Inactive:          78780 kB
Node 0 Active(anon):      29912 kB
Node 0 Inactive(anon):      432 kB
Node 0 Active(file):      27004 kB
Node 0 Inactive(file):    78348 kB
Node 0 Unevictable:       17408 kB
Node 0 Mlocked:           17408 kB
Node 0 Dirty:               328 kB
Node 0 Writeback:             0 kB
Node 0 FilePages:        112792 kB
Node 0 Mapped:            28460 kB
Node 0 AnonPages:         39688 kB
Node 0 Shmem:               576 kB
Node 0 KernelStack:        2560 kB
Node 0 PageTables:         2300 kB
Node 0 NFS_Unstable:          0 kB
Node 0 Bounce:                0 kB
Node 0 WritebackTmp:          0 kB
Node 0 KReclaimable:      19784 kB
Node 0 Slab:              55800 kB
Node 0 SReclaimable:      19784 kB
Node 0 SUnreclaim:        36016 kB
Node 0 AnonHugePages:         0 kB
Node 0 ShmemHugePages:        0 kB
Node 0 ShmemPmdMapped:        0 kB
Node 0 FileHugePages:        0 kB
Node 0 FilePmdMapped:        0 kB
Node 0 HugePages_Total:     0
Node 0 HugePages_Free:      0
Node 0 HugePages_Surp:      0

Node 1 MemTotal:       24686196 kB
Node 1 MemFree:        24194612 kB
Node 1 MemUsed:          491584 kB
Node 1 Active:            70608 kB
Node 1 Inactive:         145788 kB
Node 1 Active(anon):      30308 kB
Node 1 Inactive(anon):      512 kB
Node 1 Active(file):      40300 kB
Node 1 Inactive(file):   145276 kB
Node 1 Unevictable:        1328 kB
Node 1 Mlocked:            1328 kB
Node 1 Dirty:               320 kB
Node 1 Writeback:             0 kB
Node 1 FilePages:        187596 kB
Node 1 Mapped:            41536 kB
Node 1 AnonPages:         30004 kB
Node 1 Shmem:               692 kB
Node 1 KernelStack:        1840 kB
Node 1 PageTables:         1376 kB
Node 1 NFS_Unstable:          0 kB
Node 1 Bounce:                0 kB
Node 1 WritebackTmp:          0 kB
Node 1 KReclaimable:      23644 kB
Node 1 Slab:              57244 kB
Node 1 SReclaimable:      23644 kB
Node 1 SUnreclaim:        33600 kB
Node 1 AnonHugePages:         0 kB
Node 1 ShmemHugePages:        0 kB
Node 1 ShmemPmdMapped:        0 kB
Node 1 FileHugePages:        0 kB
Node 1 FilePmdMapped:        0 kB
Node 1 HugePages_Total:     0
Node 1 HugePages_Free:      0
Node 1 HugePages_Surp:      0

Import tank ZPool
Node 0 MemTotal:       24743736 kB
Node 0 MemFree:        24454120 kB
Node 0 MemUsed:          289616 kB
Node 0 Active:            41596 kB
Node 0 Inactive:          79768 kB
Node 0 Active(anon):      14000 kB
Node 0 Inactive(anon):      436 kB
Node 0 Active(file):      27596 kB
Node 0 Inactive(file):    79332 kB
Node 0 Unevictable:       17424 kB
Node 0 Mlocked:           17424 kB
Node 0 Dirty:               256 kB
Node 0 Writeback:             0 kB
Node 0 FilePages:        114368 kB
Node 0 Mapped:            26908 kB
Node 0 AnonPages:         23888 kB
Node 0 Shmem:               576 kB
Node 0 KernelStack:        2232 kB
Node 0 PageTables:         1088 kB
Node 0 NFS_Unstable:          0 kB
Node 0 Bounce:                0 kB
Node 0 WritebackTmp:          0 kB
Node 0 KReclaimable:      19904 kB
Node 0 Slab:              60620 kB
Node 0 SReclaimable:      19904 kB
Node 0 SUnreclaim:        40716 kB
Node 0 AnonHugePages:         0 kB
Node 0 ShmemHugePages:        0 kB
Node 0 ShmemPmdMapped:        0 kB
Node 0 FileHugePages:        0 kB
Node 0 FilePmdMapped:        0 kB
Node 0 HugePages_Total:     0
Node 0 HugePages_Free:      0
Node 0 HugePages_Surp:      0

Node 1 MemTotal:       24686196 kB
Node 1 MemFree:        24191676 kB
Node 1 MemUsed:          494520 kB
Node 1 Active:            61156 kB
Node 1 Inactive:         145552 kB
Node 1 Active(anon):      20592 kB
Node 1 Inactive(anon):      512 kB
Node 1 Active(file):      40564 kB
Node 1 Inactive(file):   145040 kB
Node 1 Unevictable:        1328 kB
Node 1 Mlocked:            1328 kB
Node 1 Dirty:               348 kB
Node 1 Writeback:             8 kB
Node 1 FilePages:        187640 kB
Node 1 Mapped:            39816 kB
Node 1 AnonPages:         20140 kB
Node 1 Shmem:               692 kB
Node 1 KernelStack:        2664 kB
Node 1 PageTables:          740 kB
Node 1 NFS_Unstable:          0 kB
Node 1 Bounce:                0 kB
Node 1 WritebackTmp:          0 kB
Node 1 KReclaimable:      23656 kB
Node 1 Slab:              59392 kB
Node 1 SReclaimable:      23656 kB
Node 1 SUnreclaim:        35736 kB
Node 1 AnonHugePages:         0 kB
Node 1 ShmemHugePages:        0 kB
Node 1 ShmemPmdMapped:        0 kB
Node 1 FileHugePages:        0 kB
Node 1 FilePmdMapped:        0 kB
Node 1 HugePages_Total:     0
Node 1 HugePages_Free:      0
Node 1 HugePages_Surp:      0

After Test
Node 0 MemTotal:       24743736 kB
Node 0 MemFree:        15814536 kB
Node 0 MemUsed:         8929200 kB
Node 0 Active:            41132 kB
Node 0 Inactive:         141676 kB
Node 0 Active(anon):      12968 kB
Node 0 Inactive(anon):      436 kB
Node 0 Active(file):      28164 kB
Node 0 Inactive(file):   141240 kB
Node 0 Unevictable:       17424 kB
Node 0 Mlocked:           17424 kB
Node 0 Dirty:                24 kB
Node 0 Writeback:             0 kB
Node 0 FilePages:        176844 kB
Node 0 Mapped:            26612 kB
Node 0 AnonPages:         23384 kB
Node 0 Shmem:               576 kB
Node 0 KernelStack:        1992 kB
Node 0 PageTables:          632 kB
Node 0 NFS_Unstable:          0 kB
Node 0 Bounce:                0 kB
Node 0 WritebackTmp:          0 kB
Node 0 KReclaimable:      20152 kB
Node 0 Slab:              91996 kB
Node 0 SReclaimable:      20152 kB
Node 0 SUnreclaim:        71844 kB
Node 0 AnonHugePages:         0 kB
Node 0 ShmemHugePages:        0 kB
Node 0 ShmemPmdMapped:        0 kB
Node 0 FileHugePages:        0 kB
Node 0 FilePmdMapped:        0 kB
Node 0 HugePages_Total:     0
Node 0 HugePages_Free:      0
Node 0 HugePages_Surp:      0

Node 1 MemTotal:       24686196 kB
Node 1 MemFree:        23527552 kB
Node 1 MemUsed:         1158644 kB
Node 1 Active:            61840 kB
Node 1 Inactive:         146440 kB
Node 1 Active(anon):      20612 kB
Node 1 Inactive(anon):      504 kB
Node 1 Active(file):      41228 kB
Node 1 Inactive(file):   145936 kB
Node 1 Unevictable:        1328 kB
Node 1 Mlocked:            1328 kB
Node 1 Dirty:                12 kB
Node 1 Writeback:             0 kB
Node 1 FilePages:        189184 kB
Node 1 Mapped:            39720 kB
Node 1 AnonPages:         20132 kB
Node 1 Shmem:               692 kB
Node 1 KernelStack:        2616 kB
Node 1 PageTables:          664 kB
Node 1 NFS_Unstable:          0 kB
Node 1 Bounce:                0 kB
Node 1 WritebackTmp:          0 kB
Node 1 KReclaimable:      24040 kB
Node 1 Slab:              62880 kB
Node 1 SReclaimable:      24040 kB
Node 1 SUnreclaim:        38840 kB
Node 1 AnonHugePages:         0 kB
Node 1 ShmemHugePages:        0 kB
Node 1 ShmemPmdMapped:        0 kB
Node 1 FileHugePages:        0 kB
Node 1 FilePmdMapped:        0 kB
Node 1 HugePages_Total:     0
Node 1 HugePages_Free:      0
Node 1 HugePages_Surp:      0

After Opposite Node
Node 0 MemTotal:       24743736 kB
Node 0 MemFree:        15814532 kB
Node 0 MemUsed:         8929204 kB
Node 0 Active:            41720 kB
Node 0 Inactive:         141480 kB
Node 0 Active(anon):      13332 kB
Node 0 Inactive(anon):      436 kB
Node 0 Active(file):      28388 kB
Node 0 Inactive(file):   141044 kB
Node 0 Unevictable:       17424 kB
Node 0 Mlocked:           17424 kB
Node 0 Dirty:                48 kB
Node 0 Writeback:             0 kB
Node 0 FilePages:        176872 kB
Node 0 Mapped:            26824 kB
Node 0 AnonPages:         23888 kB
Node 0 Shmem:               576 kB
Node 0 KernelStack:        2008 kB
Node 0 PageTables:          804 kB
Node 0 NFS_Unstable:          0 kB
Node 0 Bounce:                0 kB
Node 0 WritebackTmp:          0 kB
Node 0 KReclaimable:      20216 kB
Node 0 Slab:              92268 kB
Node 0 SReclaimable:      20216 kB
Node 0 SUnreclaim:        72052 kB
Node 0 AnonHugePages:         0 kB
Node 0 ShmemHugePages:        0 kB
Node 0 ShmemPmdMapped:        0 kB
Node 0 FileHugePages:        0 kB
Node 0 FilePmdMapped:        0 kB
Node 0 HugePages_Total:     0
Node 0 HugePages_Free:      0
Node 0 HugePages_Surp:      0

Node 1 MemTotal:       24686196 kB
Node 1 MemFree:        23527496 kB
Node 1 MemUsed:         1158700 kB
Node 1 Active:            61524 kB
Node 1 Inactive:         146404 kB
Node 1 Active(anon):      20248 kB
Node 1 Inactive(anon):      504 kB
Node 1 Active(file):      41276 kB
Node 1 Inactive(file):   145900 kB
Node 1 Unevictable:        1328 kB
Node 1 Mlocked:            1328 kB
Node 1 Dirty:                36 kB
Node 1 Writeback:             0 kB
Node 1 FilePages:        189196 kB
Node 1 Mapped:            39692 kB
Node 1 AnonPages:         20064 kB
Node 1 Shmem:               692 kB
Node 1 KernelStack:        2600 kB
Node 1 PageTables:          488 kB
Node 1 NFS_Unstable:          0 kB
Node 1 Bounce:                0 kB
Node 1 WritebackTmp:          0 kB
Node 1 KReclaimable:      24040 kB
Node 1 Slab:              62856 kB
Node 1 SReclaimable:      24040 kB
Node 1 SUnreclaim:        38816 kB
Node 1 AnonHugePages:         0 kB
Node 1 ShmemHugePages:        0 kB
Node 1 ShmemPmdMapped:        0 kB
Node 1 FileHugePages:        0 kB
Node 1 FilePmdMapped:        0 kB
Node 1 HugePages_Total:     0
Node 1 HugePages_Free:      0
Node 1 HugePages_Surp:      0

B.1.64M-simpleread.8G.2.O.1M Complete!
