kernel.numa_balancing = 0
B.1.1M-simpleread.8G.3.O.1M
Begin
Node 0 MemTotal:       24743736 kB
Node 0 MemFree:        24478820 kB
Node 0 MemUsed:          264916 kB
Node 0 Active:            46136 kB
Node 0 Inactive:          69108 kB
Node 0 Active(anon):      21636 kB
Node 0 Inactive(anon):      552 kB
Node 0 Active(file):      24500 kB
Node 0 Inactive(file):    68556 kB
Node 0 Unevictable:        5152 kB
Node 0 Mlocked:            5152 kB
Node 0 Dirty:                64 kB
Node 0 Writeback:             0 kB
Node 0 FilePages:         99140 kB
Node 0 Mapped:            58372 kB
Node 0 AnonPages:         21396 kB
Node 0 Shmem:               792 kB
Node 0 KernelStack:        2328 kB
Node 0 PageTables:          740 kB
Node 0 NFS_Unstable:          0 kB
Node 0 Bounce:                0 kB
Node 0 WritebackTmp:          0 kB
Node 0 KReclaimable:      20640 kB
Node 0 Slab:              59584 kB
Node 0 SReclaimable:      20640 kB
Node 0 SUnreclaim:        38944 kB
Node 0 AnonHugePages:         0 kB
Node 0 ShmemHugePages:        0 kB
Node 0 ShmemPmdMapped:        0 kB
Node 0 FileHugePages:        0 kB
Node 0 FilePmdMapped:        0 kB
Node 0 HugePages_Total:     0
Node 0 HugePages_Free:      0
Node 0 HugePages_Surp:      0

Node 1 MemTotal:       24686196 kB
Node 1 MemFree:        24294044 kB
Node 1 MemUsed:          392152 kB
Node 1 Active:            51280 kB
Node 1 Inactive:          63364 kB
Node 1 Active(anon):      12468 kB
Node 1 Inactive(anon):      328 kB
Node 1 Active(file):      38812 kB
Node 1 Inactive(file):    63036 kB
Node 1 Unevictable:       13368 kB
Node 1 Mlocked:           13368 kB
Node 1 Dirty:                16 kB
Node 1 Writeback:             0 kB
Node 1 FilePages:        105372 kB
Node 1 Mapped:            17512 kB
Node 1 AnonPages:         22696 kB
Node 1 Shmem:               476 kB
Node 1 KernelStack:        1304 kB
Node 1 PageTables:          396 kB
Node 1 NFS_Unstable:          0 kB
Node 1 Bounce:                0 kB
Node 1 WritebackTmp:          0 kB
Node 1 KReclaimable:      21172 kB
Node 1 Slab:              45944 kB
Node 1 SReclaimable:      21172 kB
Node 1 SUnreclaim:        24772 kB
Node 1 AnonHugePages:         0 kB
Node 1 ShmemHugePages:        0 kB
Node 1 ShmemPmdMapped:        0 kB
Node 1 FileHugePages:        0 kB
Node 1 FilePmdMapped:        0 kB
Node 1 HugePages_Total:     0
Node 1 HugePages_Free:      0
Node 1 HugePages_Surp:      0

Load ZFS
Node 0 MemTotal:       24743736 kB
Node 0 MemFree:        24250672 kB
Node 0 MemUsed:          493064 kB
Node 0 Active:            62184 kB
Node 0 Inactive:         138940 kB
Node 0 Active(anon):      35924 kB
Node 0 Inactive(anon):      528 kB
Node 0 Active(file):      26260 kB
Node 0 Inactive(file):   138412 kB
Node 0 Unevictable:        5152 kB
Node 0 Mlocked:            5152 kB
Node 0 Dirty:               400 kB
Node 0 Writeback:             0 kB
Node 0 FilePages:        170524 kB
Node 0 Mapped:            60944 kB
Node 0 AnonPages:         35752 kB
Node 0 Shmem:               704 kB
Node 0 KernelStack:        2828 kB
Node 0 PageTables:         1860 kB
Node 0 NFS_Unstable:          0 kB
Node 0 Bounce:                0 kB
Node 0 WritebackTmp:          0 kB
Node 0 KReclaimable:      21832 kB
Node 0 Slab:              63344 kB
Node 0 SReclaimable:      21832 kB
Node 0 SUnreclaim:        41512 kB
Node 0 AnonHugePages:         0 kB
Node 0 ShmemHugePages:        0 kB
Node 0 ShmemPmdMapped:        0 kB
Node 0 FileHugePages:        0 kB
Node 0 FilePmdMapped:        0 kB
Node 0 HugePages_Total:     0
Node 0 HugePages_Free:      0
Node 0 HugePages_Surp:      0

Node 1 MemTotal:       24686196 kB
Node 1 MemFree:        24379464 kB
Node 1 MemUsed:          306732 kB
Node 1 Active:            63780 kB
Node 1 Inactive:          96948 kB
Node 1 Active(anon):      24276 kB
Node 1 Inactive(anon):      416 kB
Node 1 Active(file):      39504 kB
Node 1 Inactive(file):    96532 kB
Node 1 Unevictable:       13584 kB
Node 1 Mlocked:           13584 kB
Node 1 Dirty:                28 kB
Node 1 Writeback:             0 kB
Node 1 FilePages:        139644 kB
Node 1 Mapped:            19048 kB
Node 1 AnonPages:         34524 kB
Node 1 Shmem:               564 kB
Node 1 KernelStack:        1428 kB
Node 1 PageTables:          688 kB
Node 1 NFS_Unstable:          0 kB
Node 1 Bounce:                0 kB
Node 1 WritebackTmp:          0 kB
Node 1 KReclaimable:      21824 kB
Node 1 Slab:              48880 kB
Node 1 SReclaimable:      21824 kB
Node 1 SUnreclaim:        27056 kB
Node 1 AnonHugePages:         0 kB
Node 1 ShmemHugePages:        0 kB
Node 1 ShmemPmdMapped:        0 kB
Node 1 FileHugePages:        0 kB
Node 1 FilePmdMapped:        0 kB
Node 1 HugePages_Total:     0
Node 1 HugePages_Free:      0
Node 1 HugePages_Surp:      0

Import tank ZPool
Node 0 MemTotal:       24743736 kB
Node 0 MemFree:        24249084 kB
Node 0 MemUsed:          494652 kB
Node 0 Active:            49176 kB
Node 0 Inactive:         139716 kB
Node 0 Active(anon):      22000 kB
Node 0 Inactive(anon):      536 kB
Node 0 Active(file):      27176 kB
Node 0 Inactive(file):   139180 kB
Node 0 Unevictable:        5152 kB
Node 0 Mlocked:            5152 kB
Node 0 Dirty:               468 kB
Node 0 Writeback:             0 kB
Node 0 FilePages:        172232 kB
Node 0 Mapped:            58812 kB
Node 0 AnonPages:         21160 kB
Node 0 Shmem:               708 kB
Node 0 KernelStack:        3628 kB
Node 0 PageTables:         1476 kB
Node 0 NFS_Unstable:          0 kB
Node 0 Bounce:                0 kB
Node 0 WritebackTmp:          0 kB
Node 0 KReclaimable:      21964 kB
Node 0 Slab:              69876 kB
Node 0 SReclaimable:      21964 kB
Node 0 SUnreclaim:        47912 kB
Node 0 AnonHugePages:         0 kB
Node 0 ShmemHugePages:        0 kB
Node 0 ShmemPmdMapped:        0 kB
Node 0 FileHugePages:        0 kB
Node 0 FilePmdMapped:        0 kB
Node 0 HugePages_Total:     0
Node 0 HugePages_Free:      0
Node 0 HugePages_Surp:      0

Node 1 MemTotal:       24686196 kB
Node 1 MemFree:        24390300 kB
Node 1 MemUsed:          295896 kB
Node 1 Active:            51820 kB
Node 1 Inactive:          96924 kB
Node 1 Active(anon):      12280 kB
Node 1 Inactive(anon):      412 kB
Node 1 Active(file):      39540 kB
Node 1 Inactive(file):    96512 kB
Node 1 Unevictable:       13600 kB
Node 1 Mlocked:           13600 kB
Node 1 Dirty:                28 kB
Node 1 Writeback:             0 kB
Node 1 FilePages:        139672 kB
Node 1 Mapped:            18052 kB
Node 1 AnonPages:         22288 kB
Node 1 Shmem:               560 kB
Node 1 KernelStack:        1320 kB
Node 1 PageTables:          596 kB
Node 1 NFS_Unstable:          0 kB
Node 1 Bounce:                0 kB
Node 1 WritebackTmp:          0 kB
Node 1 KReclaimable:      21824 kB
Node 1 Slab:              48944 kB
Node 1 SReclaimable:      21824 kB
Node 1 SUnreclaim:        27120 kB
Node 1 AnonHugePages:         0 kB
Node 1 ShmemHugePages:        0 kB
Node 1 ShmemPmdMapped:        0 kB
Node 1 FileHugePages:        0 kB
Node 1 FilePmdMapped:        0 kB
Node 1 HugePages_Total:     0
Node 1 HugePages_Free:      0
Node 1 HugePages_Surp:      0

After Test
Node 0 MemTotal:       24743736 kB
Node 0 MemFree:        23648636 kB
Node 0 MemUsed:         1095100 kB
Node 0 Active:            48852 kB
Node 0 Inactive:         139272 kB
Node 0 Active(anon):      21180 kB
Node 0 Inactive(anon):      536 kB
Node 0 Active(file):      27672 kB
Node 0 Inactive(file):   138736 kB
Node 0 Unevictable:        5152 kB
Node 0 Mlocked:            5152 kB
Node 0 Dirty:                28 kB
Node 0 Writeback:             0 kB
Node 0 FilePages:        172264 kB
Node 0 Mapped:            58360 kB
Node 0 AnonPages:         21044 kB
Node 0 Shmem:               708 kB
Node 0 KernelStack:        3336 kB
Node 0 PageTables:          760 kB
Node 0 NFS_Unstable:          0 kB
Node 0 Bounce:                0 kB
Node 0 WritebackTmp:          0 kB
Node 0 KReclaimable:      22180 kB
Node 0 Slab:              73092 kB
Node 0 SReclaimable:      22180 kB
Node 0 SUnreclaim:        50912 kB
Node 0 AnonHugePages:         0 kB
Node 0 ShmemHugePages:        0 kB
Node 0 ShmemPmdMapped:        0 kB
Node 0 FileHugePages:        0 kB
Node 0 FilePmdMapped:        0 kB
Node 0 HugePages_Total:     0
Node 0 HugePages_Free:      0
Node 0 HugePages_Surp:      0

Node 1 MemTotal:       24686196 kB
Node 1 MemFree:        15743316 kB
Node 1 MemUsed:         8942880 kB
Node 1 Active:            52680 kB
Node 1 Inactive:          97804 kB
Node 1 Active(anon):      12524 kB
Node 1 Inactive(anon):      412 kB
Node 1 Active(file):      40156 kB
Node 1 Inactive(file):    97392 kB
Node 1 Unevictable:       13600 kB
Node 1 Mlocked:           13600 kB
Node 1 Dirty:                20 kB
Node 1 Writeback:             0 kB
Node 1 FilePages:        141180 kB
Node 1 Mapped:            17584 kB
Node 1 AnonPages:         22604 kB
Node 1 Shmem:               560 kB
Node 1 KernelStack:        1288 kB
Node 1 PageTables:          456 kB
Node 1 NFS_Unstable:          0 kB
Node 1 Bounce:                0 kB
Node 1 WritebackTmp:          0 kB
Node 1 KReclaimable:      21912 kB
Node 1 Slab:              79568 kB
Node 1 SReclaimable:      21912 kB
Node 1 SUnreclaim:        57656 kB
Node 1 AnonHugePages:         0 kB
Node 1 ShmemHugePages:        0 kB
Node 1 ShmemPmdMapped:        0 kB
Node 1 FileHugePages:        0 kB
Node 1 FilePmdMapped:        0 kB
Node 1 HugePages_Total:     0
Node 1 HugePages_Free:      0
Node 1 HugePages_Surp:      0

After Opposite Node
Node 0 MemTotal:       24743736 kB
Node 0 MemFree:        23651880 kB
Node 0 MemUsed:         1091856 kB
Node 0 Active:            49412 kB
Node 0 Inactive:         139216 kB
Node 0 Active(anon):      21676 kB
Node 0 Inactive(anon):      528 kB
Node 0 Active(file):      27736 kB
Node 0 Inactive(file):   138688 kB
Node 0 Unevictable:        5152 kB
Node 0 Mlocked:            5152 kB
Node 0 Dirty:                44 kB
Node 0 Writeback:             0 kB
Node 0 FilePages:        172280 kB
Node 0 Mapped:            58352 kB
Node 0 AnonPages:         21500 kB
Node 0 Shmem:               708 kB
Node 0 KernelStack:        3336 kB
Node 0 PageTables:          816 kB
Node 0 NFS_Unstable:          0 kB
Node 0 Bounce:                0 kB
Node 0 WritebackTmp:          0 kB
Node 0 KReclaimable:      22212 kB
Node 0 Slab:              73208 kB
Node 0 SReclaimable:      22212 kB
Node 0 SUnreclaim:        50996 kB
Node 0 AnonHugePages:         0 kB
Node 0 ShmemHugePages:        0 kB
Node 0 ShmemPmdMapped:        0 kB
Node 0 FileHugePages:        0 kB
Node 0 FilePmdMapped:        0 kB
Node 0 HugePages_Total:     0
Node 0 HugePages_Free:      0
Node 0 HugePages_Surp:      0

Node 1 MemTotal:       24686196 kB
Node 1 MemFree:        15739724 kB
Node 1 MemUsed:         8946472 kB
Node 1 Active:            52592 kB
Node 1 Inactive:          97564 kB
Node 1 Active(anon):      12164 kB
Node 1 Inactive(anon):      412 kB
Node 1 Active(file):      40428 kB
Node 1 Inactive(file):    97152 kB
Node 1 Unevictable:       13600 kB
Node 1 Mlocked:           13600 kB
Node 1 Dirty:                24 kB
Node 1 Writeback:             0 kB
Node 1 FilePages:        141184 kB
Node 1 Mapped:            17804 kB
Node 1 AnonPages:         22592 kB
Node 1 Shmem:               560 kB
Node 1 KernelStack:        1288 kB
Node 1 PageTables:          400 kB
Node 1 NFS_Unstable:          0 kB
Node 1 Bounce:                0 kB
Node 1 WritebackTmp:          0 kB
Node 1 KReclaimable:      21912 kB
Node 1 Slab:              79588 kB
Node 1 SReclaimable:      21912 kB
Node 1 SUnreclaim:        57676 kB
Node 1 AnonHugePages:         0 kB
Node 1 ShmemHugePages:        0 kB
Node 1 ShmemPmdMapped:        0 kB
Node 1 FileHugePages:        0 kB
Node 1 FilePmdMapped:        0 kB
Node 1 HugePages_Total:     0
Node 1 HugePages_Free:      0
Node 1 HugePages_Surp:      0

B.1.1M-simpleread.8G.3.O.1M Complete!
