kernel.numa_balancing = 0
B.1.256M-simpleread.2G.1.O.1M
Begin
Node 0 MemTotal:       24743736 kB
Node 0 MemFree:        24388692 kB
Node 0 MemUsed:          355044 kB
Node 0 Active:            72796 kB
Node 0 Inactive:          58164 kB
Node 0 Active(anon):      25092 kB
Node 0 Inactive(anon):      504 kB
Node 0 Active(file):      47704 kB
Node 0 Inactive(file):    57660 kB
Node 0 Unevictable:       17752 kB
Node 0 Mlocked:           17752 kB
Node 0 Dirty:               140 kB
Node 0 Writeback:             0 kB
Node 0 FilePages:        113592 kB
Node 0 Mapped:            28752 kB
Node 0 AnonPages:         35200 kB
Node 0 Shmem:               768 kB
Node 0 KernelStack:        1944 kB
Node 0 PageTables:          696 kB
Node 0 NFS_Unstable:          0 kB
Node 0 Bounce:                0 kB
Node 0 WritebackTmp:          0 kB
Node 0 KReclaimable:      21256 kB
Node 0 Slab:              58188 kB
Node 0 SReclaimable:      21256 kB
Node 0 SUnreclaim:        36932 kB
Node 0 AnonHugePages:         0 kB
Node 0 ShmemHugePages:        0 kB
Node 0 ShmemPmdMapped:        0 kB
Node 0 FileHugePages:        0 kB
Node 0 FilePmdMapped:        0 kB
Node 0 HugePages_Total:     0
Node 0 HugePages_Free:      0
Node 0 HugePages_Surp:      0

Node 1 MemTotal:       24686196 kB
Node 1 MemFree:        24410492 kB
Node 1 MemUsed:          275704 kB
Node 1 Active:            23016 kB
Node 1 Inactive:          48424 kB
Node 1 Active(anon):       8884 kB
Node 1 Inactive(anon):      364 kB
Node 1 Active(file):      14132 kB
Node 1 Inactive(file):    48060 kB
Node 1 Unevictable:         768 kB
Node 1 Mlocked:             768 kB
Node 1 Dirty:               380 kB
Node 1 Writeback:             0 kB
Node 1 FilePages:         63460 kB
Node 1 Mapped:            28504 kB
Node 1 AnonPages:          8760 kB
Node 1 Shmem:               500 kB
Node 1 KernelStack:        1624 kB
Node 1 PageTables:          436 kB
Node 1 NFS_Unstable:          0 kB
Node 1 Bounce:                0 kB
Node 1 WritebackTmp:          0 kB
Node 1 KReclaimable:      20840 kB
Node 1 Slab:              49368 kB
Node 1 SReclaimable:      20840 kB
Node 1 SUnreclaim:        28528 kB
Node 1 AnonHugePages:         0 kB
Node 1 ShmemHugePages:        0 kB
Node 1 ShmemPmdMapped:        0 kB
Node 1 FileHugePages:        0 kB
Node 1 FilePmdMapped:        0 kB
Node 1 HugePages_Total:     0
Node 1 HugePages_Free:      0
Node 1 HugePages_Surp:      0

Load ZFS
Node 0 MemTotal:       24743736 kB
Node 0 MemFree:        24228048 kB
Node 0 MemUsed:          515688 kB
Node 0 Active:            82152 kB
Node 0 Inactive:         132860 kB
Node 0 Active(anon):      33164 kB
Node 0 Inactive(anon):      416 kB
Node 0 Active(file):      48988 kB
Node 0 Inactive(file):   132444 kB
Node 0 Unevictable:       17952 kB
Node 0 Mlocked:           17952 kB
Node 0 Dirty:               160 kB
Node 0 Writeback:             0 kB
Node 0 FilePages:        189464 kB
Node 0 Mapped:            31648 kB
Node 0 AnonPages:         43716 kB
Node 0 Shmem:               608 kB
Node 0 KernelStack:        1992 kB
Node 0 PageTables:         1368 kB
Node 0 NFS_Unstable:          0 kB
Node 0 Bounce:                0 kB
Node 0 WritebackTmp:          0 kB
Node 0 KReclaimable:      22292 kB
Node 0 Slab:              62700 kB
Node 0 SReclaimable:      22292 kB
Node 0 SUnreclaim:        40408 kB
Node 0 AnonHugePages:         0 kB
Node 0 ShmemHugePages:        0 kB
Node 0 ShmemPmdMapped:        0 kB
Node 0 FileHugePages:        0 kB
Node 0 FilePmdMapped:        0 kB
Node 0 HugePages_Total:     0
Node 0 HugePages_Free:      0
Node 0 HugePages_Surp:      0

Node 1 MemTotal:       24686196 kB
Node 1 MemFree:        24426992 kB
Node 1 MemUsed:          259204 kB
Node 1 Active:            41592 kB
Node 1 Inactive:          77460 kB
Node 1 Active(anon):      26464 kB
Node 1 Inactive(anon):      528 kB
Node 1 Active(file):      15128 kB
Node 1 Inactive(file):    76932 kB
Node 1 Unevictable:         768 kB
Node 1 Mlocked:             768 kB
Node 1 Dirty:               424 kB
Node 1 Writeback:             0 kB
Node 1 FilePages:         93488 kB
Node 1 Mapped:            30212 kB
Node 1 AnonPages:         26164 kB
Node 1 Shmem:               660 kB
Node 1 KernelStack:        2248 kB
Node 1 PageTables:         2480 kB
Node 1 NFS_Unstable:          0 kB
Node 1 Bounce:                0 kB
Node 1 WritebackTmp:          0 kB
Node 1 KReclaimable:      21616 kB
Node 1 Slab:              51984 kB
Node 1 SReclaimable:      21616 kB
Node 1 SUnreclaim:        30368 kB
Node 1 AnonHugePages:         0 kB
Node 1 ShmemHugePages:        0 kB
Node 1 ShmemPmdMapped:        0 kB
Node 1 FileHugePages:        0 kB
Node 1 FilePmdMapped:        0 kB
Node 1 HugePages_Total:     0
Node 1 HugePages_Free:      0
Node 1 HugePages_Surp:      0

Import tank ZPool
Node 0 MemTotal:       24743736 kB
Node 0 MemFree:        24228636 kB
Node 0 MemUsed:          515100 kB
Node 0 Active:            75500 kB
Node 0 Inactive:         133684 kB
Node 0 Active(anon):      25716 kB
Node 0 Inactive(anon):      420 kB
Node 0 Active(file):      49784 kB
Node 0 Inactive(file):   133264 kB
Node 0 Unevictable:       17984 kB
Node 0 Mlocked:           17984 kB
Node 0 Dirty:                72 kB
Node 0 Writeback:             0 kB
Node 0 FilePages:        191076 kB
Node 0 Mapped:            28944 kB
Node 0 AnonPages:         35812 kB
Node 0 Shmem:               604 kB
Node 0 KernelStack:        2008 kB
Node 0 PageTables:          876 kB
Node 0 NFS_Unstable:          0 kB
Node 0 Bounce:                0 kB
Node 0 WritebackTmp:          0 kB
Node 0 KReclaimable:      22388 kB
Node 0 Slab:              67860 kB
Node 0 SReclaimable:      22388 kB
Node 0 SUnreclaim:        45472 kB
Node 0 AnonHugePages:         0 kB
Node 0 ShmemHugePages:        0 kB
Node 0 ShmemPmdMapped:        0 kB
Node 0 FileHugePages:        0 kB
Node 0 FilePmdMapped:        0 kB
Node 0 HugePages_Total:     0
Node 0 HugePages_Free:      0
Node 0 HugePages_Surp:      0

Node 1 MemTotal:       24686196 kB
Node 1 MemFree:        24431092 kB
Node 1 MemUsed:          255104 kB
Node 1 Active:            23576 kB
Node 1 Inactive:          77340 kB
Node 1 Active(anon):       8292 kB
Node 1 Inactive(anon):      528 kB
Node 1 Active(file):      15284 kB
Node 1 Inactive(file):    76812 kB
Node 1 Unevictable:         768 kB
Node 1 Mlocked:             768 kB
Node 1 Dirty:               472 kB
Node 1 Writeback:             0 kB
Node 1 FilePages:         93528 kB
Node 1 Mapped:            28592 kB
Node 1 AnonPages:          8164 kB
Node 1 Shmem:               664 kB
Node 1 KernelStack:        2776 kB
Node 1 PageTables:          528 kB
Node 1 NFS_Unstable:          0 kB
Node 1 Bounce:                0 kB
Node 1 WritebackTmp:          0 kB
Node 1 KReclaimable:      21624 kB
Node 1 Slab:              53896 kB
Node 1 SReclaimable:      21624 kB
Node 1 SUnreclaim:        32272 kB
Node 1 AnonHugePages:         0 kB
Node 1 ShmemHugePages:        0 kB
Node 1 ShmemPmdMapped:        0 kB
Node 1 FileHugePages:        0 kB
Node 1 FilePmdMapped:        0 kB
Node 1 HugePages_Total:     0
Node 1 HugePages_Free:      0
Node 1 HugePages_Surp:      0

After Test
Node 0 MemTotal:       24743736 kB
Node 0 MemFree:        23661336 kB
Node 0 MemUsed:         1082400 kB
Node 0 Active:            75812 kB
Node 0 Inactive:         133260 kB
Node 0 Active(anon):      25504 kB
Node 0 Inactive(anon):      416 kB
Node 0 Active(file):      50308 kB
Node 0 Inactive(file):   132844 kB
Node 0 Unevictable:       17984 kB
Node 0 Mlocked:           17984 kB
Node 0 Dirty:                32 kB
Node 0 Writeback:             0 kB
Node 0 FilePages:        191176 kB
Node 0 Mapped:            29072 kB
Node 0 AnonPages:         35876 kB
Node 0 Shmem:               600 kB
Node 0 KernelStack:        1928 kB
Node 0 PageTables:          736 kB
Node 0 NFS_Unstable:          0 kB
Node 0 Bounce:                0 kB
Node 0 WritebackTmp:          0 kB
Node 0 KReclaimable:      22404 kB
Node 0 Slab:              69736 kB
Node 0 SReclaimable:      22404 kB
Node 0 SUnreclaim:        47332 kB
Node 0 AnonHugePages:         0 kB
Node 0 ShmemHugePages:        0 kB
Node 0 ShmemPmdMapped:        0 kB
Node 0 FileHugePages:        0 kB
Node 0 FilePmdMapped:        0 kB
Node 0 HugePages_Total:     0
Node 0 HugePages_Free:      0
Node 0 HugePages_Surp:      0

Node 1 MemTotal:       24686196 kB
Node 1 MemFree:        21816628 kB
Node 1 MemUsed:         2869568 kB
Node 1 Active:            23896 kB
Node 1 Inactive:         327368 kB
Node 1 Active(anon):       8164 kB
Node 1 Inactive(anon):      532 kB
Node 1 Active(file):      15732 kB
Node 1 Inactive(file):   326836 kB
Node 1 Unevictable:         768 kB
Node 1 Mlocked:             768 kB
Node 1 Dirty:                48 kB
Node 1 Writeback:             0 kB
Node 1 FilePages:        344004 kB
Node 1 Mapped:            28556 kB
Node 1 AnonPages:          7796 kB
Node 1 Shmem:               668 kB
Node 1 KernelStack:        2744 kB
Node 1 PageTables:          460 kB
Node 1 NFS_Unstable:          0 kB
Node 1 Bounce:                0 kB
Node 1 WritebackTmp:          0 kB
Node 1 KReclaimable:      22280 kB
Node 1 Slab:              65956 kB
Node 1 SReclaimable:      22280 kB
Node 1 SUnreclaim:        43676 kB
Node 1 AnonHugePages:         0 kB
Node 1 ShmemHugePages:        0 kB
Node 1 ShmemPmdMapped:        0 kB
Node 1 FileHugePages:        0 kB
Node 1 FilePmdMapped:        0 kB
Node 1 HugePages_Total:     0
Node 1 HugePages_Free:      0
Node 1 HugePages_Surp:      0

After Opposite Node
Node 0 MemTotal:       24743736 kB
Node 0 MemFree:        23664028 kB
Node 0 MemUsed:         1079708 kB
Node 0 Active:            76460 kB
Node 0 Inactive:         133024 kB
Node 0 Active(anon):      25900 kB
Node 0 Inactive(anon):      416 kB
Node 0 Active(file):      50560 kB
Node 0 Inactive(file):   132608 kB
Node 0 Unevictable:       17984 kB
Node 0 Mlocked:           17984 kB
Node 0 Dirty:                16 kB
Node 0 Writeback:             0 kB
Node 0 FilePages:        191192 kB
Node 0 Mapped:            29052 kB
Node 0 AnonPages:         36396 kB
Node 0 Shmem:               600 kB
Node 0 KernelStack:        1928 kB
Node 0 PageTables:          840 kB
Node 0 NFS_Unstable:          0 kB
Node 0 Bounce:                0 kB
Node 0 WritebackTmp:          0 kB
Node 0 KReclaimable:      22408 kB
Node 0 Slab:              69800 kB
Node 0 SReclaimable:      22408 kB
Node 0 SUnreclaim:        47392 kB
Node 0 AnonHugePages:         0 kB
Node 0 ShmemHugePages:        0 kB
Node 0 ShmemPmdMapped:        0 kB
Node 0 FileHugePages:        0 kB
Node 0 FilePmdMapped:        0 kB
Node 0 HugePages_Total:     0
Node 0 HugePages_Free:      0
Node 0 HugePages_Surp:      0

Node 1 MemTotal:       24686196 kB
Node 1 MemFree:        21818800 kB
Node 1 MemUsed:         2867396 kB
Node 1 Active:            23576 kB
Node 1 Inactive:         327360 kB
Node 1 Active(anon):       7840 kB
Node 1 Inactive(anon):      524 kB
Node 1 Active(file):      15736 kB
Node 1 Inactive(file):   326836 kB
Node 1 Unevictable:         768 kB
Node 1 Mlocked:             768 kB
Node 1 Dirty:                 8 kB
Node 1 Writeback:             0 kB
Node 1 FilePages:        344008 kB
Node 1 Mapped:            28548 kB
Node 1 AnonPages:          7716 kB
Node 1 Shmem:               668 kB
Node 1 KernelStack:        2744 kB
Node 1 PageTables:          356 kB
Node 1 NFS_Unstable:          0 kB
Node 1 Bounce:                0 kB
Node 1 WritebackTmp:          0 kB
Node 1 KReclaimable:      22280 kB
Node 1 Slab:              66020 kB
Node 1 SReclaimable:      22280 kB
Node 1 SUnreclaim:        43740 kB
Node 1 AnonHugePages:         0 kB
Node 1 ShmemHugePages:        0 kB
Node 1 ShmemPmdMapped:        0 kB
Node 1 FileHugePages:        0 kB
Node 1 FilePmdMapped:        0 kB
Node 1 HugePages_Total:     0
Node 1 HugePages_Free:      0
Node 1 HugePages_Surp:      0

B.1.256M-simpleread.2G.1.O.1M Complete!
