kernel.numa_balancing = 0
B.1.128M-simpleread.250M.3.O.1M
Begin
Node 0 MemTotal:       24743736 kB
Node 0 MemFree:        24354816 kB
Node 0 MemUsed:          388920 kB
Node 0 Active:            49660 kB
Node 0 Inactive:          52448 kB
Node 0 Active(anon):      27560 kB
Node 0 Inactive(anon):      408 kB
Node 0 Active(file):      22100 kB
Node 0 Inactive(file):    52040 kB
Node 0 Unevictable:        4696 kB
Node 0 Mlocked:            4696 kB
Node 0 Dirty:               292 kB
Node 0 Writeback:             0 kB
Node 0 FilePages:         79496 kB
Node 0 Mapped:            39620 kB
Node 0 AnonPages:         27680 kB
Node 0 Shmem:               628 kB
Node 0 KernelStack:        2104 kB
Node 0 PageTables:          744 kB
Node 0 NFS_Unstable:          0 kB
Node 0 Bounce:                0 kB
Node 0 WritebackTmp:          0 kB
Node 0 KReclaimable:      22372 kB
Node 0 Slab:              62164 kB
Node 0 SReclaimable:      22372 kB
Node 0 SUnreclaim:        39792 kB
Node 0 AnonHugePages:         0 kB
Node 0 ShmemHugePages:        0 kB
Node 0 ShmemPmdMapped:        0 kB
Node 0 FileHugePages:        0 kB
Node 0 FilePmdMapped:        0 kB
Node 0 HugePages_Total:     0
Node 0 HugePages_Free:      0
Node 0 HugePages_Surp:      0

Node 1 MemTotal:       24686196 kB
Node 1 MemFree:        24448052 kB
Node 1 MemUsed:          238144 kB
Node 1 Active:            46724 kB
Node 1 Inactive:          51532 kB
Node 1 Active(anon):       6212 kB
Node 1 Inactive(anon):      468 kB
Node 1 Active(file):      40512 kB
Node 1 Inactive(file):    51064 kB
Node 1 Unevictable:       13828 kB
Node 1 Mlocked:           13828 kB
Node 1 Dirty:               152 kB
Node 1 Writeback:             0 kB
Node 1 FilePages:         95716 kB
Node 1 Mapped:            16468 kB
Node 1 AnonPages:         16368 kB
Node 1 Shmem:               640 kB
Node 1 KernelStack:        1496 kB
Node 1 PageTables:          396 kB
Node 1 NFS_Unstable:          0 kB
Node 1 Bounce:                0 kB
Node 1 WritebackTmp:          0 kB
Node 1 KReclaimable:      19712 kB
Node 1 Slab:              44764 kB
Node 1 SReclaimable:      19712 kB
Node 1 SUnreclaim:        25052 kB
Node 1 AnonHugePages:         0 kB
Node 1 ShmemHugePages:        0 kB
Node 1 ShmemPmdMapped:        0 kB
Node 1 FileHugePages:        0 kB
Node 1 FilePmdMapped:        0 kB
Node 1 HugePages_Total:     0
Node 1 HugePages_Free:      0
Node 1 HugePages_Surp:      0

Load ZFS
Node 0 MemTotal:       24743736 kB
Node 0 MemFree:        24393248 kB
Node 0 MemUsed:          350488 kB
Node 0 Active:            63800 kB
Node 0 Inactive:         128808 kB
Node 0 Active(anon):      40404 kB
Node 0 Inactive(anon):      548 kB
Node 0 Active(file):      23396 kB
Node 0 Inactive(file):   128260 kB
Node 0 Unevictable:        4696 kB
Node 0 Mlocked:            4696 kB
Node 0 Dirty:               316 kB
Node 0 Writeback:             0 kB
Node 0 FilePages:        157104 kB
Node 0 Mapped:            40832 kB
Node 0 AnonPages:         39912 kB
Node 0 Shmem:               756 kB
Node 0 KernelStack:        2456 kB
Node 0 PageTables:         1736 kB
Node 0 NFS_Unstable:          0 kB
Node 0 Bounce:                0 kB
Node 0 WritebackTmp:          0 kB
Node 0 KReclaimable:      23212 kB
Node 0 Slab:              65396 kB
Node 0 SReclaimable:      23212 kB
Node 0 SUnreclaim:        42184 kB
Node 0 AnonHugePages:         0 kB
Node 0 ShmemHugePages:        0 kB
Node 0 ShmemPmdMapped:        0 kB
Node 0 FileHugePages:        0 kB
Node 0 FilePmdMapped:        0 kB
Node 0 HugePages_Total:     0
Node 0 HugePages_Free:      0
Node 0 HugePages_Surp:      0

Node 1 MemTotal:       24686196 kB
Node 1 MemFree:        24267876 kB
Node 1 MemUsed:          418320 kB
Node 1 Active:            57356 kB
Node 1 Inactive:          78596 kB
Node 1 Active(anon):      15692 kB
Node 1 Inactive(anon):      396 kB
Node 1 Active(file):      41664 kB
Node 1 Inactive(file):    78200 kB
Node 1 Unevictable:       14044 kB
Node 1 Mlocked:           14044 kB
Node 1 Dirty:               228 kB
Node 1 Writeback:             0 kB
Node 1 FilePages:        123876 kB
Node 1 Mapped:            18852 kB
Node 1 AnonPages:         25980 kB
Node 1 Shmem:               512 kB
Node 1 KernelStack:        1672 kB
Node 1 PageTables:          844 kB
Node 1 NFS_Unstable:          0 kB
Node 1 Bounce:                0 kB
Node 1 WritebackTmp:          0 kB
Node 1 KReclaimable:      20476 kB
Node 1 Slab:              48808 kB
Node 1 SReclaimable:      20476 kB
Node 1 SUnreclaim:        28332 kB
Node 1 AnonHugePages:         0 kB
Node 1 ShmemHugePages:        0 kB
Node 1 ShmemPmdMapped:        0 kB
Node 1 FileHugePages:        0 kB
Node 1 FilePmdMapped:        0 kB
Node 1 HugePages_Total:     0
Node 1 HugePages_Free:      0
Node 1 HugePages_Surp:      0

Import tank ZPool
Node 0 MemTotal:       24743736 kB
Node 0 MemFree:        24400544 kB
Node 0 MemUsed:          343192 kB
Node 0 Active:            52084 kB
Node 0 Inactive:         129520 kB
Node 0 Active(anon):      27716 kB
Node 0 Inactive(anon):      552 kB
Node 0 Active(file):      24368 kB
Node 0 Inactive(file):   128968 kB
Node 0 Unevictable:        4696 kB
Node 0 Mlocked:            4696 kB
Node 0 Dirty:                36 kB
Node 0 Writeback:             0 kB
Node 0 FilePages:        158804 kB
Node 0 Mapped:            39728 kB
Node 0 AnonPages:         27148 kB
Node 0 Shmem:               756 kB
Node 0 KernelStack:        2104 kB
Node 0 PageTables:          800 kB
Node 0 NFS_Unstable:          0 kB
Node 0 Bounce:                0 kB
Node 0 WritebackTmp:          0 kB
Node 0 KReclaimable:      23316 kB
Node 0 Slab:              70788 kB
Node 0 SReclaimable:      23316 kB
Node 0 SUnreclaim:        47472 kB
Node 0 AnonHugePages:         0 kB
Node 0 ShmemHugePages:        0 kB
Node 0 ShmemPmdMapped:        0 kB
Node 0 FileHugePages:        0 kB
Node 0 FilePmdMapped:        0 kB
Node 0 HugePages_Total:     0
Node 0 HugePages_Free:      0
Node 0 HugePages_Surp:      0

Node 1 MemTotal:       24686196 kB
Node 1 MemFree:        24262276 kB
Node 1 MemUsed:          423920 kB
Node 1 Active:            47880 kB
Node 1 Inactive:          78340 kB
Node 1 Active(anon):       5920 kB
Node 1 Inactive(anon):      396 kB
Node 1 Active(file):      41960 kB
Node 1 Inactive(file):    77944 kB
Node 1 Unevictable:       14060 kB
Node 1 Mlocked:           14060 kB
Node 1 Dirty:                20 kB
Node 1 Writeback:             0 kB
Node 1 FilePages:        123916 kB
Node 1 Mapped:            16524 kB
Node 1 AnonPages:         16364 kB
Node 1 Shmem:               512 kB
Node 1 KernelStack:        2632 kB
Node 1 PageTables:          376 kB
Node 1 NFS_Unstable:          0 kB
Node 1 Bounce:                0 kB
Node 1 WritebackTmp:          0 kB
Node 1 KReclaimable:      20492 kB
Node 1 Slab:              51088 kB
Node 1 SReclaimable:      20492 kB
Node 1 SUnreclaim:        30596 kB
Node 1 AnonHugePages:         0 kB
Node 1 ShmemHugePages:        0 kB
Node 1 ShmemPmdMapped:        0 kB
Node 1 FileHugePages:        0 kB
Node 1 FilePmdMapped:        0 kB
Node 1 HugePages_Total:     0
Node 1 HugePages_Free:      0
Node 1 HugePages_Surp:      0

After Test
Node 0 MemTotal:       24743736 kB
Node 0 MemFree:        24188160 kB
Node 0 MemUsed:          555576 kB
Node 0 Active:            51892 kB
Node 0 Inactive:         129144 kB
Node 0 Active(anon):      27096 kB
Node 0 Inactive(anon):      552 kB
Node 0 Active(file):      24796 kB
Node 0 Inactive(file):   128592 kB
Node 0 Unevictable:        4696 kB
Node 0 Mlocked:            4696 kB
Node 0 Dirty:                20 kB
Node 0 Writeback:             0 kB
Node 0 FilePages:        158836 kB
Node 0 Mapped:            39628 kB
Node 0 AnonPages:         26892 kB
Node 0 Shmem:               756 kB
Node 0 KernelStack:        2040 kB
Node 0 PageTables:          684 kB
Node 0 NFS_Unstable:          0 kB
Node 0 Bounce:                0 kB
Node 0 WritebackTmp:          0 kB
Node 0 KReclaimable:      23316 kB
Node 0 Slab:              71040 kB
Node 0 SReclaimable:      23316 kB
Node 0 SUnreclaim:        47724 kB
Node 0 AnonHugePages:         0 kB
Node 0 ShmemHugePages:        0 kB
Node 0 ShmemPmdMapped:        0 kB
Node 0 FileHugePages:        0 kB
Node 0 FilePmdMapped:        0 kB
Node 0 HugePages_Total:     0
Node 0 HugePages_Free:      0
Node 0 HugePages_Surp:      0

Node 1 MemTotal:       24686196 kB
Node 1 MemFree:        23819076 kB
Node 1 MemUsed:          867120 kB
Node 1 Active:            48944 kB
Node 1 Inactive:         203368 kB
Node 1 Active(anon):       6444 kB
Node 1 Inactive(anon):      396 kB
Node 1 Active(file):      42500 kB
Node 1 Inactive(file):   202972 kB
Node 1 Unevictable:       14060 kB
Node 1 Mlocked:           14060 kB
Node 1 Dirty:                24 kB
Node 1 Writeback:             0 kB
Node 1 FilePages:        249484 kB
Node 1 Mapped:            16456 kB
Node 1 AnonPages:         16592 kB
Node 1 Shmem:               512 kB
Node 1 KernelStack:        2680 kB
Node 1 PageTables:          688 kB
Node 1 NFS_Unstable:          0 kB
Node 1 Bounce:                0 kB
Node 1 WritebackTmp:          0 kB
Node 1 KReclaimable:      20880 kB
Node 1 Slab:              54472 kB
Node 1 SReclaimable:      20880 kB
Node 1 SUnreclaim:        33592 kB
Node 1 AnonHugePages:         0 kB
Node 1 ShmemHugePages:        0 kB
Node 1 ShmemPmdMapped:        0 kB
Node 1 FileHugePages:        0 kB
Node 1 FilePmdMapped:        0 kB
Node 1 HugePages_Total:     0
Node 1 HugePages_Free:      0
Node 1 HugePages_Surp:      0

After Opposite Node
Node 0 MemTotal:       24743736 kB
Node 0 MemFree:        24187764 kB
Node 0 MemUsed:          555972 kB
Node 0 Active:            52536 kB
Node 0 Inactive:         128900 kB
Node 0 Active(anon):      27480 kB
Node 0 Inactive(anon):      548 kB
Node 0 Active(file):      25056 kB
Node 0 Inactive(file):   128352 kB
Node 0 Unevictable:        4696 kB
Node 0 Mlocked:            4696 kB
Node 0 Dirty:                48 kB
Node 0 Writeback:             0 kB
Node 0 FilePages:        158856 kB
Node 0 Mapped:            39860 kB
Node 0 AnonPages:         27028 kB
Node 0 Shmem:               756 kB
Node 0 KernelStack:        2104 kB
Node 0 PageTables:          840 kB
Node 0 NFS_Unstable:          0 kB
Node 0 Bounce:                0 kB
Node 0 WritebackTmp:          0 kB
Node 0 KReclaimable:      23316 kB
Node 0 Slab:              71164 kB
Node 0 SReclaimable:      23316 kB
Node 0 SUnreclaim:        47848 kB
Node 0 AnonHugePages:         0 kB
Node 0 ShmemHugePages:        0 kB
Node 0 ShmemPmdMapped:        0 kB
Node 0 FileHugePages:        0 kB
Node 0 FilePmdMapped:        0 kB
Node 0 HugePages_Total:     0
Node 0 HugePages_Free:      0
Node 0 HugePages_Surp:      0

Node 1 MemTotal:       24686196 kB
Node 1 MemFree:        23819448 kB
Node 1 MemUsed:          866748 kB
Node 1 Active:            48444 kB
Node 1 Inactive:         203360 kB
Node 1 Active(anon):       5936 kB
Node 1 Inactive(anon):      392 kB
Node 1 Active(file):      42508 kB
Node 1 Inactive(file):   202968 kB
Node 1 Unevictable:       14060 kB
Node 1 Mlocked:           14060 kB
Node 1 Dirty:                52 kB
Node 1 Writeback:             0 kB
Node 1 FilePages:        249496 kB
Node 1 Mapped:            16456 kB
Node 1 AnonPages:         16376 kB
Node 1 Shmem:               512 kB
Node 1 KernelStack:        2616 kB
Node 1 PageTables:          376 kB
Node 1 NFS_Unstable:          0 kB
Node 1 Bounce:                0 kB
Node 1 WritebackTmp:          0 kB
Node 1 KReclaimable:      20884 kB
Node 1 Slab:              54348 kB
Node 1 SReclaimable:      20884 kB
Node 1 SUnreclaim:        33464 kB
Node 1 AnonHugePages:         0 kB
Node 1 ShmemHugePages:        0 kB
Node 1 ShmemPmdMapped:        0 kB
Node 1 FileHugePages:        0 kB
Node 1 FilePmdMapped:        0 kB
Node 1 HugePages_Total:     0
Node 1 HugePages_Free:      0
Node 1 HugePages_Surp:      0

B.1.128M-simpleread.250M.3.O.1M Complete!
