kernel.numa_balancing = 0
265 Tests Remaining!
B.1.16M-simpleread.2-1G.1.O.1M
Begin
Node 0 MemTotal:       24768352 kB
Node 0 MemFree:        24373228 kB
Node 0 MemUsed:          395124 kB
Node 0 Active:            50596 kB
Node 0 Inactive:          56784 kB
Node 0 Active(anon):      16788 kB
Node 0 Inactive(anon):      276 kB
Node 0 Active(file):      33808 kB
Node 0 Inactive(file):    56508 kB
Node 0 Unevictable:         624 kB
Node 0 Mlocked:             624 kB
Node 0 Dirty:               172 kB
Node 0 Writeback:             0 kB
Node 0 FilePages:         91384 kB
Node 0 Mapped:            12604 kB
Node 0 AnonPages:         16692 kB
Node 0 Shmem:               448 kB
Node 0 KernelStack:        2616 kB
Node 0 PageTables:          488 kB
Node 0 NFS_Unstable:          0 kB
Node 0 Bounce:                0 kB
Node 0 WritebackTmp:          0 kB
Node 0 KReclaimable:      24056 kB
Node 0 Slab:              64288 kB
Node 0 SReclaimable:      24056 kB
Node 0 SUnreclaim:        40232 kB
Node 0 AnonHugePages:         0 kB
Node 0 ShmemHugePages:        0 kB
Node 0 ShmemPmdMapped:        0 kB
Node 0 FileHugePages:        0 kB
Node 0 FilePmdMapped:        0 kB
Node 0 HugePages_Total:     0
Node 0 HugePages_Free:      0
Node 0 HugePages_Surp:      0

Node 1 MemTotal:       24661580 kB
Node 1 MemFree:        24439964 kB
Node 1 MemUsed:          221616 kB
Node 1 Active:            46096 kB
Node 1 Inactive:          35768 kB
Node 1 Active(anon):      17820 kB
Node 1 Inactive(anon):      604 kB
Node 1 Active(file):      28276 kB
Node 1 Inactive(file):    35164 kB
Node 1 Unevictable:       17896 kB
Node 1 Mlocked:           17896 kB
Node 1 Dirty:               360 kB
Node 1 Writeback:             0 kB
Node 1 FilePages:         71832 kB
Node 1 Mapped:            27896 kB
Node 1 AnonPages:         27604 kB
Node 1 Shmem:               820 kB
Node 1 KernelStack:        1208 kB
Node 1 PageTables:          720 kB
Node 1 NFS_Unstable:          0 kB
Node 1 Bounce:                0 kB
Node 1 WritebackTmp:          0 kB
Node 1 KReclaimable:      18800 kB
Node 1 Slab:              46168 kB
Node 1 SReclaimable:      18800 kB
Node 1 SUnreclaim:        27368 kB
Node 1 AnonHugePages:         0 kB
Node 1 ShmemHugePages:        0 kB
Node 1 ShmemPmdMapped:        0 kB
Node 1 FileHugePages:        0 kB
Node 1 FilePmdMapped:        0 kB
Node 1 HugePages_Total:     0
Node 1 HugePages_Free:      0
Node 1 HugePages_Surp:      0

Load ZFS
Node 0 MemTotal:       24768352 kB
Node 0 MemFree:        24268192 kB
Node 0 MemUsed:          500160 kB
Node 0 Active:            64876 kB
Node 0 Inactive:         140584 kB
Node 0 Active(anon):      30356 kB
Node 0 Inactive(anon):      400 kB
Node 0 Active(file):      34520 kB
Node 0 Inactive(file):   140184 kB
Node 0 Unevictable:         624 kB
Node 0 Mlocked:             624 kB
Node 0 Dirty:               100 kB
Node 0 Writeback:             0 kB
Node 0 FilePages:        175896 kB
Node 0 Mapped:            14708 kB
Node 0 AnonPages:         29780 kB
Node 0 Shmem:               572 kB
Node 0 KernelStack:        2732 kB
Node 0 PageTables:          964 kB
Node 0 NFS_Unstable:          0 kB
Node 0 Bounce:                0 kB
Node 0 WritebackTmp:          0 kB
Node 0 KReclaimable:      24984 kB
Node 0 Slab:              67820 kB
Node 0 SReclaimable:      24984 kB
Node 0 SUnreclaim:        42836 kB
Node 0 AnonHugePages:         0 kB
Node 0 ShmemHugePages:        0 kB
Node 0 ShmemPmdMapped:        0 kB
Node 0 FileHugePages:        0 kB
Node 0 FilePmdMapped:        0 kB
Node 0 HugePages_Total:     0
Node 0 HugePages_Free:      0
Node 0 HugePages_Surp:      0

Node 1 MemTotal:       24661580 kB
Node 1 MemFree:        24399876 kB
Node 1 MemUsed:          261704 kB
Node 1 Active:            60140 kB
Node 1 Inactive:          55576 kB
Node 1 Active(anon):      30348 kB
Node 1 Inactive(anon):      536 kB
Node 1 Active(file):      29792 kB
Node 1 Inactive(file):    55040 kB
Node 1 Unevictable:       18092 kB
Node 1 Mlocked:           18092 kB
Node 1 Dirty:               288 kB
Node 1 Writeback:             0 kB
Node 1 FilePages:         92972 kB
Node 1 Mapped:            30812 kB
Node 1 AnonPages:         40836 kB
Node 1 Shmem:               696 kB
Node 1 KernelStack:        1404 kB
Node 1 PageTables:         1572 kB
Node 1 NFS_Unstable:          0 kB
Node 1 Bounce:                0 kB
Node 1 WritebackTmp:          0 kB
Node 1 KReclaimable:      19288 kB
Node 1 Slab:              48508 kB
Node 1 SReclaimable:      19288 kB
Node 1 SUnreclaim:        29220 kB
Node 1 AnonHugePages:         0 kB
Node 1 ShmemHugePages:        0 kB
Node 1 ShmemPmdMapped:        0 kB
Node 1 FileHugePages:        0 kB
Node 1 FilePmdMapped:        0 kB
Node 1 HugePages_Total:     0
Node 1 HugePages_Free:      0
Node 1 HugePages_Surp:      0

Import tank ZPool
Node 0 MemTotal:       24768352 kB
Node 0 MemFree:        24265792 kB
Node 0 MemUsed:          502560 kB
Node 0 Active:            50776 kB
Node 0 Inactive:         141448 kB
Node 0 Active(anon):      15480 kB
Node 0 Inactive(anon):      404 kB
Node 0 Active(file):      35296 kB
Node 0 Inactive(file):   141044 kB
Node 0 Unevictable:         624 kB
Node 0 Mlocked:             624 kB
Node 0 Dirty:               116 kB
Node 0 Writeback:             0 kB
Node 0 FilePages:        177544 kB
Node 0 Mapped:            12888 kB
Node 0 AnonPages:         14928 kB
Node 0 Shmem:               564 kB
Node 0 KernelStack:        3592 kB
Node 0 PageTables:          696 kB
Node 0 NFS_Unstable:          0 kB
Node 0 Bounce:                0 kB
Node 0 WritebackTmp:          0 kB
Node 0 KReclaimable:      25120 kB
Node 0 Slab:              73996 kB
Node 0 SReclaimable:      25120 kB
Node 0 SUnreclaim:        48876 kB
Node 0 AnonHugePages:         0 kB
Node 0 ShmemHugePages:        0 kB
Node 0 ShmemPmdMapped:        0 kB
Node 0 FileHugePages:        0 kB
Node 0 FilePmdMapped:        0 kB
Node 0 HugePages_Total:     0
Node 0 HugePages_Free:      0
Node 0 HugePages_Surp:      0

Node 1 MemTotal:       24661580 kB
Node 1 MemFree:        24409384 kB
Node 1 MemUsed:          252196 kB
Node 1 Active:            48676 kB
Node 1 Inactive:          55416 kB
Node 1 Active(anon):      18712 kB
Node 1 Inactive(anon):      544 kB
Node 1 Active(file):      29964 kB
Node 1 Inactive(file):    54872 kB
Node 1 Unevictable:       18124 kB
Node 1 Mlocked:           18124 kB
Node 1 Dirty:               328 kB
Node 1 Writeback:             0 kB
Node 1 FilePages:         93116 kB
Node 1 Mapped:            27864 kB
Node 1 AnonPages:         28972 kB
Node 1 Shmem:               704 kB
Node 1 KernelStack:        1272 kB
Node 1 PageTables:          812 kB
Node 1 NFS_Unstable:          0 kB
Node 1 Bounce:                0 kB
Node 1 WritebackTmp:          0 kB
Node 1 KReclaimable:      19296 kB
Node 1 Slab:              49036 kB
Node 1 SReclaimable:      19296 kB
Node 1 SUnreclaim:        29740 kB
Node 1 AnonHugePages:         0 kB
Node 1 ShmemHugePages:        0 kB
Node 1 ShmemPmdMapped:        0 kB
Node 1 FileHugePages:        0 kB
Node 1 FilePmdMapped:        0 kB
Node 1 HugePages_Total:     0
Node 1 HugePages_Free:      0
Node 1 HugePages_Surp:      0

After Test
Node 0 MemTotal:       24768352 kB
Node 0 MemFree:        24150816 kB
Node 0 MemUsed:          617536 kB
Node 0 Active:            50532 kB
Node 0 Inactive:         141308 kB
Node 0 Active(anon):      14972 kB
Node 0 Inactive(anon):      404 kB
Node 0 Active(file):      35560 kB
Node 0 Inactive(file):   140904 kB
Node 0 Unevictable:         624 kB
Node 0 Mlocked:             624 kB
Node 0 Dirty:                68 kB
Node 0 Writeback:             0 kB
Node 0 FilePages:        177664 kB
Node 0 Mapped:            12616 kB
Node 0 AnonPages:         14812 kB
Node 0 Shmem:               564 kB
Node 0 KernelStack:        3544 kB
Node 0 PageTables:          400 kB
Node 0 NFS_Unstable:          0 kB
Node 0 Bounce:                0 kB
Node 0 WritebackTmp:          0 kB
Node 0 KReclaimable:      25120 kB
Node 0 Slab:              74296 kB
Node 0 SReclaimable:      25120 kB
Node 0 SUnreclaim:        49176 kB
Node 0 AnonHugePages:         0 kB
Node 0 ShmemHugePages:        0 kB
Node 0 ShmemPmdMapped:        0 kB
Node 0 FileHugePages:        0 kB
Node 0 FilePmdMapped:        0 kB
Node 0 HugePages_Total:     0
Node 0 HugePages_Free:      0
Node 0 HugePages_Surp:      0

Node 1 MemTotal:       24661580 kB
Node 1 MemFree:        22638488 kB
Node 1 MemUsed:         2023092 kB
Node 1 Active:            49344 kB
Node 1 Inactive:          70592 kB
Node 1 Active(anon):      18492 kB
Node 1 Inactive(anon):      544 kB
Node 1 Active(file):      30852 kB
Node 1 Inactive(file):    70048 kB
Node 1 Unevictable:       18124 kB
Node 1 Mlocked:           18124 kB
Node 1 Dirty:               276 kB
Node 1 Writeback:             0 kB
Node 1 FilePages:        109176 kB
Node 1 Mapped:            28040 kB
Node 1 AnonPages:         28724 kB
Node 1 Shmem:               704 kB
Node 1 KernelStack:        1160 kB
Node 1 PageTables:          596 kB
Node 1 NFS_Unstable:          0 kB
Node 1 Bounce:                0 kB
Node 1 WritebackTmp:          0 kB
Node 1 KReclaimable:      19388 kB
Node 1 Slab:              58796 kB
Node 1 SReclaimable:      19388 kB
Node 1 SUnreclaim:        39408 kB
Node 1 AnonHugePages:         0 kB
Node 1 ShmemHugePages:        0 kB
Node 1 ShmemPmdMapped:        0 kB
Node 1 FileHugePages:        0 kB
Node 1 FilePmdMapped:        0 kB
Node 1 HugePages_Total:     0
Node 1 HugePages_Free:      0
Node 1 HugePages_Surp:      0

After Opposite Node
Node 0 MemTotal:       24768352 kB
Node 0 MemFree:        24151400 kB
Node 0 MemUsed:          616952 kB
Node 0 Active:            51028 kB
Node 0 Inactive:         141296 kB
Node 0 Active(anon):      15420 kB
Node 0 Inactive(anon):      404 kB
Node 0 Active(file):      35608 kB
Node 0 Inactive(file):   140892 kB
Node 0 Unevictable:         624 kB
Node 0 Mlocked:             624 kB
Node 0 Dirty:                80 kB
Node 0 Writeback:             0 kB
Node 0 FilePages:        177684 kB
Node 0 Mapped:            12624 kB
Node 0 AnonPages:         15112 kB
Node 0 Shmem:               564 kB
Node 0 KernelStack:        3512 kB
Node 0 PageTables:          532 kB
Node 0 NFS_Unstable:          0 kB
Node 0 Bounce:                0 kB
Node 0 WritebackTmp:          0 kB
Node 0 KReclaimable:      25160 kB
Node 0 Slab:              74452 kB
Node 0 SReclaimable:      25160 kB
Node 0 SUnreclaim:        49292 kB
Node 0 AnonHugePages:         0 kB
Node 0 ShmemHugePages:        0 kB
Node 0 ShmemPmdMapped:        0 kB
Node 0 FileHugePages:        0 kB
Node 0 FilePmdMapped:        0 kB
Node 0 HugePages_Total:     0
Node 0 HugePages_Free:      0
Node 0 HugePages_Surp:      0

Node 1 MemTotal:       24661580 kB
Node 1 MemFree:        22636336 kB
Node 1 MemUsed:         2025244 kB
Node 1 Active:            49184 kB
Node 1 Inactive:          70344 kB
Node 1 Active(anon):      18084 kB
Node 1 Inactive(anon):      536 kB
Node 1 Active(file):      31100 kB
Node 1 Inactive(file):    69808 kB
Node 1 Unevictable:       18124 kB
Node 1 Mlocked:           18124 kB
Node 1 Dirty:               284 kB
Node 1 Writeback:             0 kB
Node 1 FilePages:        109184 kB
Node 1 Mapped:            27852 kB
Node 1 AnonPages:         28636 kB
Node 1 Shmem:               704 kB
Node 1 KernelStack:        1160 kB
Node 1 PageTables:          568 kB
Node 1 NFS_Unstable:          0 kB
Node 1 Bounce:                0 kB
Node 1 WritebackTmp:          0 kB
Node 1 KReclaimable:      19392 kB
Node 1 Slab:              58964 kB
Node 1 SReclaimable:      19392 kB
Node 1 SUnreclaim:        39572 kB
Node 1 AnonHugePages:         0 kB
Node 1 ShmemHugePages:        0 kB
Node 1 ShmemPmdMapped:        0 kB
Node 1 FileHugePages:        0 kB
Node 1 FilePmdMapped:        0 kB
Node 1 HugePages_Total:     0
Node 1 HugePages_Free:      0
Node 1 HugePages_Surp:      0

B.1.16M-simpleread.2-1G.1.O.1M Complete!
