kernel.numa_balancing = 0
B.1.16M-simpleread.2-1G.2.O.1M
Begin
Node 0 MemTotal:       24743736 kB
Node 0 MemFree:        24494788 kB
Node 0 MemUsed:          248948 kB
Node 0 Active:            56508 kB
Node 0 Inactive:          43284 kB
Node 0 Active(anon):      11064 kB
Node 0 Inactive(anon):      524 kB
Node 0 Active(file):      45444 kB
Node 0 Inactive(file):    42760 kB
Node 0 Unevictable:        4968 kB
Node 0 Mlocked:            4968 kB
Node 0 Dirty:               132 kB
Node 0 Writeback:             0 kB
Node 0 FilePages:         93868 kB
Node 0 Mapped:            42096 kB
Node 0 AnonPages:         10964 kB
Node 0 Shmem:               696 kB
Node 0 KernelStack:        1896 kB
Node 0 PageTables:          600 kB
Node 0 NFS_Unstable:          0 kB
Node 0 Bounce:                0 kB
Node 0 WritebackTmp:          0 kB
Node 0 KReclaimable:      27072 kB
Node 0 Slab:              57604 kB
Node 0 SReclaimable:      27072 kB
Node 0 SUnreclaim:        30532 kB
Node 0 AnonHugePages:         0 kB
Node 0 ShmemHugePages:        0 kB
Node 0 ShmemPmdMapped:        0 kB
Node 0 FileHugePages:        0 kB
Node 0 FilePmdMapped:        0 kB
Node 0 HugePages_Total:     0
Node 0 HugePages_Free:      0
Node 0 HugePages_Surp:      0

Node 1 MemTotal:       24686196 kB
Node 1 MemFree:        24294240 kB
Node 1 MemUsed:          391956 kB
Node 1 Active:            40188 kB
Node 1 Inactive:          73608 kB
Node 1 Active(anon):      22872 kB
Node 1 Inactive(anon):      336 kB
Node 1 Active(file):      17316 kB
Node 1 Inactive(file):    73272 kB
Node 1 Unevictable:       13552 kB
Node 1 Mlocked:           13552 kB
Node 1 Dirty:               400 kB
Node 1 Writeback:             0 kB
Node 1 FilePages:         94416 kB
Node 1 Mapped:            13396 kB
Node 1 AnonPages:         32980 kB
Node 1 Shmem:               572 kB
Node 1 KernelStack:        1768 kB
Node 1 PageTables:          540 kB
Node 1 NFS_Unstable:          0 kB
Node 1 Bounce:                0 kB
Node 1 WritebackTmp:          0 kB
Node 1 KReclaimable:      16044 kB
Node 1 Slab:              51596 kB
Node 1 SReclaimable:      16044 kB
Node 1 SUnreclaim:        35552 kB
Node 1 AnonHugePages:         0 kB
Node 1 ShmemHugePages:        0 kB
Node 1 ShmemPmdMapped:        0 kB
Node 1 FileHugePages:        0 kB
Node 1 FilePmdMapped:        0 kB
Node 1 HugePages_Total:     0
Node 1 HugePages_Free:      0
Node 1 HugePages_Surp:      0

Load ZFS
Node 0 MemTotal:       24743736 kB
Node 0 MemFree:        24246616 kB
Node 0 MemUsed:          497120 kB
Node 0 Active:            74360 kB
Node 0 Inactive:         132620 kB
Node 0 Active(anon):      27620 kB
Node 0 Inactive(anon):      556 kB
Node 0 Active(file):      46740 kB
Node 0 Inactive(file):   132064 kB
Node 0 Unevictable:        4968 kB
Node 0 Mlocked:            4968 kB
Node 0 Dirty:               408 kB
Node 0 Writeback:             0 kB
Node 0 FilePages:        184476 kB
Node 0 Mapped:            43260 kB
Node 0 AnonPages:         27520 kB
Node 0 Shmem:               704 kB
Node 0 KernelStack:        2168 kB
Node 0 PageTables:         1324 kB
Node 0 NFS_Unstable:          0 kB
Node 0 Bounce:                0 kB
Node 0 WritebackTmp:          0 kB
Node 0 KReclaimable:      28076 kB
Node 0 Slab:              61176 kB
Node 0 SReclaimable:      28076 kB
Node 0 SUnreclaim:        33100 kB
Node 0 AnonHugePages:         0 kB
Node 0 ShmemHugePages:        0 kB
Node 0 ShmemPmdMapped:        0 kB
Node 0 FileHugePages:        0 kB
Node 0 FilePmdMapped:        0 kB
Node 0 HugePages_Total:     0
Node 0 HugePages_Free:      0
Node 0 HugePages_Surp:      0

Node 1 MemTotal:       24686196 kB
Node 1 MemFree:        24398316 kB
Node 1 MemUsed:          287880 kB
Node 1 Active:            50440 kB
Node 1 Inactive:          87688 kB
Node 1 Active(anon):      31960 kB
Node 1 Inactive(anon):      388 kB
Node 1 Active(file):      18480 kB
Node 1 Inactive(file):    87300 kB
Node 1 Unevictable:       13768 kB
Node 1 Mlocked:           13768 kB
Node 1 Dirty:               176 kB
Node 1 Writeback:             0 kB
Node 1 FilePages:        109568 kB
Node 1 Mapped:            16148 kB
Node 1 AnonPages:         42624 kB
Node 1 Shmem:               564 kB
Node 1 KernelStack:        2056 kB
Node 1 PageTables:         1664 kB
Node 1 NFS_Unstable:          0 kB
Node 1 Bounce:                0 kB
Node 1 WritebackTmp:          0 kB
Node 1 KReclaimable:      16636 kB
Node 1 Slab:              54328 kB
Node 1 SReclaimable:      16636 kB
Node 1 SUnreclaim:        37692 kB
Node 1 AnonHugePages:         0 kB
Node 1 ShmemHugePages:        0 kB
Node 1 ShmemPmdMapped:        0 kB
Node 1 FileHugePages:        0 kB
Node 1 FilePmdMapped:        0 kB
Node 1 HugePages_Total:     0
Node 1 HugePages_Free:      0
Node 1 HugePages_Surp:      0

Import tank ZPool
Node 0 MemTotal:       24743736 kB
Node 0 MemFree:        24248396 kB
Node 0 MemUsed:          495340 kB
Node 0 Active:            73692 kB
Node 0 Inactive:         132620 kB
Node 0 Active(anon):      26952 kB
Node 0 Inactive(anon):      556 kB
Node 0 Active(file):      46740 kB
Node 0 Inactive(file):   132064 kB
Node 0 Unevictable:        4968 kB
Node 0 Mlocked:            4968 kB
Node 0 Dirty:               460 kB
Node 0 Writeback:             0 kB
Node 0 FilePages:        184480 kB
Node 0 Mapped:            43324 kB
Node 0 AnonPages:         26800 kB
Node 0 Shmem:               708 kB
Node 0 KernelStack:        2104 kB
Node 0 PageTables:         1232 kB
Node 0 NFS_Unstable:          0 kB
Node 0 Bounce:                0 kB
Node 0 WritebackTmp:          0 kB
Node 0 KReclaimable:      28076 kB
Node 0 Slab:              61144 kB
Node 0 SReclaimable:      28076 kB
Node 0 SUnreclaim:        33068 kB
Node 0 AnonHugePages:         0 kB
Node 0 ShmemHugePages:        0 kB
Node 0 ShmemPmdMapped:        0 kB
Node 0 FileHugePages:        0 kB
Node 0 FilePmdMapped:        0 kB
Node 0 HugePages_Total:     0
Node 0 HugePages_Free:      0
Node 0 HugePages_Surp:      0

Node 1 MemTotal:       24686196 kB
Node 1 MemFree:        24379524 kB
Node 1 MemUsed:          306672 kB
Node 1 Active:            51428 kB
Node 1 Inactive:          88920 kB
Node 1 Active(anon):      32472 kB
Node 1 Inactive(anon):      392 kB
Node 1 Active(file):      18956 kB
Node 1 Inactive(file):    88528 kB
Node 1 Unevictable:       13784 kB
Node 1 Mlocked:           13784 kB
Node 1 Dirty:               192 kB
Node 1 Writeback:             0 kB
Node 1 FilePages:        111288 kB
Node 1 Mapped:            16160 kB
Node 1 AnonPages:         42492 kB
Node 1 Shmem:               560 kB
Node 1 KernelStack:        3160 kB
Node 1 PageTables:         1316 kB
Node 1 NFS_Unstable:          0 kB
Node 1 Bounce:                0 kB
Node 1 WritebackTmp:          0 kB
Node 1 KReclaimable:      16752 kB
Node 1 Slab:              60824 kB
Node 1 SReclaimable:      16752 kB
Node 1 SUnreclaim:        44072 kB
Node 1 AnonHugePages:         0 kB
Node 1 ShmemHugePages:        0 kB
Node 1 ShmemPmdMapped:        0 kB
Node 1 FileHugePages:        0 kB
Node 1 FilePmdMapped:        0 kB
Node 1 HugePages_Total:     0
Node 1 HugePages_Free:      0
Node 1 HugePages_Surp:      0

After Test
Node 0 MemTotal:       24743736 kB
Node 0 MemFree:        23677720 kB
Node 0 MemUsed:         1066016 kB
Node 0 Active:            57180 kB
Node 0 Inactive:         132504 kB
Node 0 Active(anon):      10332 kB
Node 0 Inactive(anon):      548 kB
Node 0 Active(file):      46848 kB
Node 0 Inactive(file):   131956 kB
Node 0 Unevictable:        4968 kB
Node 0 Mlocked:            4968 kB
Node 0 Dirty:               420 kB
Node 0 Writeback:             0 kB
Node 0 FilePages:        184480 kB
Node 0 Mapped:            42048 kB
Node 0 AnonPages:         10184 kB
Node 0 Shmem:               708 kB
Node 0 KernelStack:        1880 kB
Node 0 PageTables:          536 kB
Node 0 NFS_Unstable:          0 kB
Node 0 Bounce:                0 kB
Node 0 WritebackTmp:          0 kB
Node 0 KReclaimable:      28076 kB
Node 0 Slab:              62540 kB
Node 0 SReclaimable:      28076 kB
Node 0 SUnreclaim:        34464 kB
Node 0 AnonHugePages:         0 kB
Node 0 ShmemHugePages:        0 kB
Node 0 ShmemPmdMapped:        0 kB
Node 0 FileHugePages:        0 kB
Node 0 FilePmdMapped:        0 kB
Node 0 HugePages_Total:     0
Node 0 HugePages_Free:      0
Node 0 HugePages_Surp:      0

Node 1 MemTotal:       24686196 kB
Node 1 MemFree:        23082260 kB
Node 1 MemUsed:         1603936 kB
Node 1 Active:            43564 kB
Node 1 Inactive:         103624 kB
Node 1 Active(anon):      23184 kB
Node 1 Inactive(anon):      392 kB
Node 1 Active(file):      20380 kB
Node 1 Inactive(file):   103232 kB
Node 1 Unevictable:       13784 kB
Node 1 Mlocked:           13784 kB
Node 1 Dirty:                68 kB
Node 1 Writeback:             0 kB
Node 1 FilePages:        127396 kB
Node 1 Mapped:            13432 kB
Node 1 AnonPages:         33672 kB
Node 1 Shmem:               560 kB
Node 1 KernelStack:        2856 kB
Node 1 PageTables:          592 kB
Node 1 NFS_Unstable:          0 kB
Node 1 Bounce:                0 kB
Node 1 WritebackTmp:          0 kB
Node 1 KReclaimable:      16796 kB
Node 1 Slab:              68888 kB
Node 1 SReclaimable:      16796 kB
Node 1 SUnreclaim:        52092 kB
Node 1 AnonHugePages:         0 kB
Node 1 ShmemHugePages:        0 kB
Node 1 ShmemPmdMapped:        0 kB
Node 1 FileHugePages:        0 kB
Node 1 FilePmdMapped:        0 kB
Node 1 HugePages_Total:     0
Node 1 HugePages_Free:      0
Node 1 HugePages_Surp:      0

After Opposite Node
Node 0 MemTotal:       24743736 kB
Node 0 MemFree:        23676476 kB
Node 0 MemUsed:         1067260 kB
Node 0 Active:            57448 kB
Node 0 Inactive:         132500 kB
Node 0 Active(anon):      10596 kB
Node 0 Inactive(anon):      544 kB
Node 0 Active(file):      46852 kB
Node 0 Inactive(file):   131956 kB
Node 0 Unevictable:        4968 kB
Node 0 Mlocked:            4968 kB
Node 0 Dirty:               420 kB
Node 0 Writeback:             0 kB
Node 0 FilePages:        184480 kB
Node 0 Mapped:            42064 kB
Node 0 AnonPages:         10216 kB
Node 0 Shmem:               704 kB
Node 0 KernelStack:        1880 kB
Node 0 PageTables:          560 kB
Node 0 NFS_Unstable:          0 kB
Node 0 Bounce:                0 kB
Node 0 WritebackTmp:          0 kB
Node 0 KReclaimable:      28108 kB
Node 0 Slab:              62640 kB
Node 0 SReclaimable:      28108 kB
Node 0 SUnreclaim:        34532 kB
Node 0 AnonHugePages:         0 kB
Node 0 ShmemHugePages:        0 kB
Node 0 ShmemPmdMapped:        0 kB
Node 0 FileHugePages:        0 kB
Node 0 FilePmdMapped:        0 kB
Node 0 HugePages_Total:     0
Node 0 HugePages_Free:      0
Node 0 HugePages_Surp:      0

Node 1 MemTotal:       24686196 kB
Node 1 MemFree:        23082624 kB
Node 1 MemUsed:         1603572 kB
Node 1 Active:            43628 kB
Node 1 Inactive:         103376 kB
Node 1 Active(anon):      22984 kB
Node 1 Inactive(anon):      396 kB
Node 1 Active(file):      20644 kB
Node 1 Inactive(file):   102980 kB
Node 1 Unevictable:       13784 kB
Node 1 Mlocked:           13784 kB
Node 1 Dirty:                80 kB
Node 1 Writeback:             0 kB
Node 1 FilePages:        127412 kB
Node 1 Mapped:            13440 kB
Node 1 AnonPages:         33392 kB
Node 1 Shmem:               564 kB
Node 1 KernelStack:        2840 kB
Node 1 PageTables:          520 kB
Node 1 NFS_Unstable:          0 kB
Node 1 Bounce:                0 kB
Node 1 WritebackTmp:          0 kB
Node 1 KReclaimable:      16836 kB
Node 1 Slab:              69360 kB
Node 1 SReclaimable:      16836 kB
Node 1 SUnreclaim:        52524 kB
Node 1 AnonHugePages:         0 kB
Node 1 ShmemHugePages:        0 kB
Node 1 ShmemPmdMapped:        0 kB
Node 1 FileHugePages:        0 kB
Node 1 FilePmdMapped:        0 kB
Node 1 HugePages_Total:     0
Node 1 HugePages_Free:      0
Node 1 HugePages_Surp:      0

B.1.16M-simpleread.2-1G.2.O.1M Complete!
