kernel.numa_balancing = 0
60 Tests Remaining!
B.1.8M-simpleread.2-1G.2.O.1M
Begin
Node 0 MemTotal:       24743736 kB
Node 0 MemFree:        24477676 kB
Node 0 MemUsed:          266060 kB
Node 0 Active:            49640 kB
Node 0 Inactive:          66928 kB
Node 0 Active(anon):      21744 kB
Node 0 Inactive(anon):      408 kB
Node 0 Active(file):      27896 kB
Node 0 Inactive(file):    66520 kB
Node 0 Unevictable:        5232 kB
Node 0 Mlocked:            5232 kB
Node 0 Dirty:               488 kB
Node 0 Writeback:             0 kB
Node 0 FilePages:        100288 kB
Node 0 Mapped:            30480 kB
Node 0 AnonPages:         21624 kB
Node 0 Shmem:               644 kB
Node 0 KernelStack:        2344 kB
Node 0 PageTables:          620 kB
Node 0 NFS_Unstable:          0 kB
Node 0 Bounce:                0 kB
Node 0 WritebackTmp:          0 kB
Node 0 KReclaimable:      22104 kB
Node 0 Slab:              56312 kB
Node 0 SReclaimable:      22104 kB
Node 0 SUnreclaim:        34208 kB
Node 0 AnonHugePages:         0 kB
Node 0 ShmemHugePages:        0 kB
Node 0 ShmemPmdMapped:        0 kB
Node 0 FileHugePages:        0 kB
Node 0 FilePmdMapped:        0 kB
Node 0 HugePages_Total:     0
Node 0 HugePages_Free:      0
Node 0 HugePages_Surp:      0

Node 1 MemTotal:       24686196 kB
Node 1 MemFree:        24329168 kB
Node 1 MemUsed:          357028 kB
Node 1 Active:            47960 kB
Node 1 Inactive:          32104 kB
Node 1 Active(anon):      13328 kB
Node 1 Inactive(anon):      460 kB
Node 1 Active(file):      34632 kB
Node 1 Inactive(file):    31644 kB
Node 1 Unevictable:       13292 kB
Node 1 Mlocked:           13292 kB
Node 1 Dirty:                20 kB
Node 1 Writeback:             0 kB
Node 1 FilePages:         69864 kB
Node 1 Mapped:            15368 kB
Node 1 AnonPages:         23160 kB
Node 1 Shmem:               624 kB
Node 1 KernelStack:        1496 kB
Node 1 PageTables:          632 kB
Node 1 NFS_Unstable:          0 kB
Node 1 Bounce:                0 kB
Node 1 WritebackTmp:          0 kB
Node 1 KReclaimable:      20908 kB
Node 1 Slab:              53396 kB
Node 1 SReclaimable:      20908 kB
Node 1 SUnreclaim:        32488 kB
Node 1 AnonHugePages:         0 kB
Node 1 ShmemHugePages:        0 kB
Node 1 ShmemPmdMapped:        0 kB
Node 1 FileHugePages:        0 kB
Node 1 FilePmdMapped:        0 kB
Node 1 HugePages_Total:     0
Node 1 HugePages_Free:      0
Node 1 HugePages_Surp:      0

Load ZFS
Node 0 MemTotal:       24743736 kB
Node 0 MemFree:        24435088 kB
Node 0 MemUsed:          308648 kB
Node 0 Active:            58740 kB
Node 0 Inactive:          95312 kB
Node 0 Active(anon):      30140 kB
Node 0 Inactive(anon):      488 kB
Node 0 Active(file):      28600 kB
Node 0 Inactive(file):    94824 kB
Node 0 Unevictable:        5232 kB
Node 0 Mlocked:            5232 kB
Node 0 Dirty:               376 kB
Node 0 Writeback:             0 kB
Node 0 FilePages:        129316 kB
Node 0 Mapped:            32056 kB
Node 0 AnonPages:         30336 kB
Node 0 Shmem:               664 kB
Node 0 KernelStack:        2352 kB
Node 0 PageTables:         1084 kB
Node 0 NFS_Unstable:          0 kB
Node 0 Bounce:                0 kB
Node 0 WritebackTmp:          0 kB
Node 0 KReclaimable:      22864 kB
Node 0 Slab:              59908 kB
Node 0 SReclaimable:      22864 kB
Node 0 SUnreclaim:        37044 kB
Node 0 AnonHugePages:         0 kB
Node 0 ShmemHugePages:        0 kB
Node 0 ShmemPmdMapped:        0 kB
Node 0 FileHugePages:        0 kB
Node 0 FilePmdMapped:        0 kB
Node 0 HugePages_Total:     0
Node 0 HugePages_Free:      0
Node 0 HugePages_Surp:      0

Node 1 MemTotal:       24686196 kB
Node 1 MemFree:        24226364 kB
Node 1 MemUsed:          459832 kB
Node 1 Active:            66232 kB
Node 1 Inactive:         107216 kB
Node 1 Active(anon):      29932 kB
Node 1 Inactive(anon):      460 kB
Node 1 Active(file):      36300 kB
Node 1 Inactive(file):   106756 kB
Node 1 Unevictable:       13508 kB
Node 1 Mlocked:           13508 kB
Node 1 Dirty:                44 kB
Node 1 Writeback:             0 kB
Node 1 FilePages:        146624 kB
Node 1 Mapped:            17476 kB
Node 1 AnonPages:         40652 kB
Node 1 Shmem:               604 kB
Node 1 KernelStack:        1784 kB
Node 1 PageTables:         1768 kB
Node 1 NFS_Unstable:          0 kB
Node 1 Bounce:                0 kB
Node 1 WritebackTmp:          0 kB
Node 1 KReclaimable:      21536 kB
Node 1 Slab:              56144 kB
Node 1 SReclaimable:      21536 kB
Node 1 SUnreclaim:        34608 kB
Node 1 AnonHugePages:         0 kB
Node 1 ShmemHugePages:        0 kB
Node 1 ShmemPmdMapped:        0 kB
Node 1 FileHugePages:        0 kB
Node 1 FilePmdMapped:        0 kB
Node 1 HugePages_Total:     0
Node 1 HugePages_Free:      0
Node 1 HugePages_Surp:      0

Import tank ZPool
Node 0 MemTotal:       24743736 kB
Node 0 MemFree:        24428152 kB
Node 0 MemUsed:          315584 kB
Node 0 Active:            50880 kB
Node 0 Inactive:          95276 kB
Node 0 Active(anon):      22200 kB
Node 0 Inactive(anon):      488 kB
Node 0 Active(file):      28680 kB
Node 0 Inactive(file):    94788 kB
Node 0 Unevictable:        5232 kB
Node 0 Mlocked:            5232 kB
Node 0 Dirty:               420 kB
Node 0 Writeback:             0 kB
Node 0 FilePages:        129360 kB
Node 0 Mapped:            30864 kB
Node 0 AnonPages:         21596 kB
Node 0 Shmem:               664 kB
Node 0 KernelStack:        3432 kB
Node 0 PageTables:          640 kB
Node 0 NFS_Unstable:          0 kB
Node 0 Bounce:                0 kB
Node 0 WritebackTmp:          0 kB
Node 0 KReclaimable:      22808 kB
Node 0 Slab:              61988 kB
Node 0 SReclaimable:      22808 kB
Node 0 SUnreclaim:        39180 kB
Node 0 AnonHugePages:         0 kB
Node 0 ShmemHugePages:        0 kB
Node 0 ShmemPmdMapped:        0 kB
Node 0 FileHugePages:        0 kB
Node 0 FilePmdMapped:        0 kB
Node 0 HugePages_Total:     0
Node 0 HugePages_Free:      0
Node 0 HugePages_Surp:      0

Node 1 MemTotal:       24686196 kB
Node 1 MemFree:        24238724 kB
Node 1 MemUsed:          447472 kB
Node 1 Active:            49860 kB
Node 1 Inactive:         108136 kB
Node 1 Active(anon):      12856 kB
Node 1 Inactive(anon):      464 kB
Node 1 Active(file):      37004 kB
Node 1 Inactive(file):   107672 kB
Node 1 Unevictable:       13524 kB
Node 1 Mlocked:           13524 kB
Node 1 Dirty:                76 kB
Node 1 Writeback:             0 kB
Node 1 FilePages:        148264 kB
Node 1 Mapped:            16016 kB
Node 1 AnonPages:         22808 kB
Node 1 Shmem:               604 kB
Node 1 KernelStack:        1404 kB
Node 1 PageTables:         1040 kB
Node 1 NFS_Unstable:          0 kB
Node 1 Bounce:                0 kB
Node 1 WritebackTmp:          0 kB
Node 1 KReclaimable:      21660 kB
Node 1 Slab:              61476 kB
Node 1 SReclaimable:      21660 kB
Node 1 SUnreclaim:        39816 kB
Node 1 AnonHugePages:         0 kB
Node 1 ShmemHugePages:        0 kB
Node 1 ShmemPmdMapped:        0 kB
Node 1 FileHugePages:        0 kB
Node 1 FilePmdMapped:        0 kB
Node 1 HugePages_Total:     0
Node 1 HugePages_Free:      0
Node 1 HugePages_Surp:      0

After Test
Node 0 MemTotal:       24743736 kB
Node 0 MemFree:        23829804 kB
Node 0 MemUsed:          913932 kB
Node 0 Active:            50584 kB
Node 0 Inactive:          95048 kB
Node 0 Active(anon):      21684 kB
Node 0 Inactive(anon):      480 kB
Node 0 Active(file):      28900 kB
Node 0 Inactive(file):    94568 kB
Node 0 Unevictable:        5232 kB
Node 0 Mlocked:            5232 kB
Node 0 Dirty:               372 kB
Node 0 Writeback:             0 kB
Node 0 FilePages:        129376 kB
Node 0 Mapped:            30588 kB
Node 0 AnonPages:         21532 kB
Node 0 Shmem:               664 kB
Node 0 KernelStack:        3352 kB
Node 0 PageTables:          584 kB
Node 0 NFS_Unstable:          0 kB
Node 0 Bounce:                0 kB
Node 0 WritebackTmp:          0 kB
Node 0 KReclaimable:      22848 kB
Node 0 Slab:              64036 kB
Node 0 SReclaimable:      22848 kB
Node 0 SUnreclaim:        41188 kB
Node 0 AnonHugePages:         0 kB
Node 0 ShmemHugePages:        0 kB
Node 0 ShmemPmdMapped:        0 kB
Node 0 FileHugePages:        0 kB
Node 0 FilePmdMapped:        0 kB
Node 0 HugePages_Total:     0
Node 0 HugePages_Free:      0
Node 0 HugePages_Surp:      0

Node 1 MemTotal:       24686196 kB
Node 1 MemFree:        22961204 kB
Node 1 MemUsed:         1724992 kB
Node 1 Active:            49972 kB
Node 1 Inactive:         115700 kB
Node 1 Active(anon):      12152 kB
Node 1 Inactive(anon):      464 kB
Node 1 Active(file):      37820 kB
Node 1 Inactive(file):   115236 kB
Node 1 Unevictable:       13524 kB
Node 1 Mlocked:           13524 kB
Node 1 Dirty:                32 kB
Node 1 Writeback:             0 kB
Node 1 FilePages:        156624 kB
Node 1 Mapped:            15272 kB
Node 1 AnonPages:         22668 kB
Node 1 Shmem:               604 kB
Node 1 KernelStack:        1368 kB
Node 1 PageTables:          488 kB
Node 1 NFS_Unstable:          0 kB
Node 1 Bounce:                0 kB
Node 1 WritebackTmp:          0 kB
Node 1 KReclaimable:      21708 kB
Node 1 Slab:              68796 kB
Node 1 SReclaimable:      21708 kB
Node 1 SUnreclaim:        47088 kB
Node 1 AnonHugePages:         0 kB
Node 1 ShmemHugePages:        0 kB
Node 1 ShmemPmdMapped:        0 kB
Node 1 FileHugePages:        0 kB
Node 1 FilePmdMapped:        0 kB
Node 1 HugePages_Total:     0
Node 1 HugePages_Free:      0
Node 1 HugePages_Surp:      0

After Opposite Node
Node 0 MemTotal:       24743736 kB
Node 0 MemFree:        23826520 kB
Node 0 MemUsed:          917216 kB
Node 0 Active:            50572 kB
Node 0 Inactive:          95048 kB
Node 0 Active(anon):      21664 kB
Node 0 Inactive(anon):      480 kB
Node 0 Active(file):      28908 kB
Node 0 Inactive(file):    94568 kB
Node 0 Unevictable:        5232 kB
Node 0 Mlocked:            5232 kB
Node 0 Dirty:               372 kB
Node 0 Writeback:             0 kB
Node 0 FilePages:        129376 kB
Node 0 Mapped:            30588 kB
Node 0 AnonPages:         21496 kB
Node 0 Shmem:               664 kB
Node 0 KernelStack:        3336 kB
Node 0 PageTables:          556 kB
Node 0 NFS_Unstable:          0 kB
Node 0 Bounce:                0 kB
Node 0 WritebackTmp:          0 kB
Node 0 KReclaimable:      22848 kB
Node 0 Slab:              64032 kB
Node 0 SReclaimable:      22848 kB
Node 0 SUnreclaim:        41184 kB
Node 0 AnonHugePages:         0 kB
Node 0 ShmemHugePages:        0 kB
Node 0 ShmemPmdMapped:        0 kB
Node 0 FileHugePages:        0 kB
Node 0 FilePmdMapped:        0 kB
Node 0 HugePages_Total:     0
Node 0 HugePages_Free:      0
Node 0 HugePages_Surp:      0

Node 1 MemTotal:       24686196 kB
Node 1 MemFree:        22959788 kB
Node 1 MemUsed:         1726408 kB
Node 1 Active:            50084 kB
Node 1 Inactive:         115704 kB
Node 1 Active(anon):      12256 kB
Node 1 Inactive(anon):      464 kB
Node 1 Active(file):      37828 kB
Node 1 Inactive(file):   115240 kB
Node 1 Unevictable:       13524 kB
Node 1 Mlocked:           13524 kB
Node 1 Dirty:                40 kB
Node 1 Writeback:             0 kB
Node 1 FilePages:        156636 kB
Node 1 Mapped:            15292 kB
Node 1 AnonPages:         22748 kB
Node 1 Shmem:               604 kB
Node 1 KernelStack:        1340 kB
Node 1 PageTables:          476 kB
Node 1 NFS_Unstable:          0 kB
Node 1 Bounce:                0 kB
Node 1 WritebackTmp:          0 kB
Node 1 KReclaimable:      21708 kB
Node 1 Slab:              69028 kB
Node 1 SReclaimable:      21708 kB
Node 1 SUnreclaim:        47320 kB
Node 1 AnonHugePages:         0 kB
Node 1 ShmemHugePages:        0 kB
Node 1 ShmemPmdMapped:        0 kB
Node 1 FileHugePages:        0 kB
Node 1 FilePmdMapped:        0 kB
Node 1 HugePages_Total:     0
Node 1 HugePages_Free:      0
Node 1 HugePages_Surp:      0

B.1.8M-simpleread.2-1G.2.O.1M Complete!
