kernel.numa_balancing = 0
B.1.128M-simpleread.4G.1.O.1M
Begin
Node 0 MemTotal:       24768352 kB
Node 0 MemFree:        24409420 kB
Node 0 MemUsed:          358932 kB
Node 0 Active:            52176 kB
Node 0 Inactive:          25984 kB
Node 0 Active(anon):      11240 kB
Node 0 Inactive(anon):      436 kB
Node 0 Active(file):      40936 kB
Node 0 Inactive(file):    25548 kB
Node 0 Unevictable:         856 kB
Node 0 Mlocked:             856 kB
Node 0 Dirty:                76 kB
Node 0 Writeback:             0 kB
Node 0 FilePages:         67988 kB
Node 0 Mapped:            13900 kB
Node 0 AnonPages:         11084 kB
Node 0 Shmem:               640 kB
Node 0 KernelStack:        2280 kB
Node 0 PageTables:          420 kB
Node 0 NFS_Unstable:          0 kB
Node 0 Bounce:                0 kB
Node 0 WritebackTmp:          0 kB
Node 0 KReclaimable:      22260 kB
Node 0 Slab:              59864 kB
Node 0 SReclaimable:      22260 kB
Node 0 SUnreclaim:        37604 kB
Node 0 AnonHugePages:         0 kB
Node 0 ShmemHugePages:        0 kB
Node 0 ShmemPmdMapped:        0 kB
Node 0 FileHugePages:        0 kB
Node 0 FilePmdMapped:        0 kB
Node 0 HugePages_Total:     0
Node 0 HugePages_Free:      0
Node 0 HugePages_Surp:      0

Node 1 MemTotal:       24661580 kB
Node 1 MemFree:        24385972 kB
Node 1 MemUsed:          275608 kB
Node 1 Active:            43044 kB
Node 1 Inactive:          81984 kB
Node 1 Active(anon):      22412 kB
Node 1 Inactive(anon):      424 kB
Node 1 Active(file):      20632 kB
Node 1 Inactive(file):    81560 kB
Node 1 Unevictable:       17668 kB
Node 1 Mlocked:           17668 kB
Node 1 Dirty:               456 kB
Node 1 Writeback:             0 kB
Node 1 FilePages:        110192 kB
Node 1 Mapped:            43772 kB
Node 1 AnonPages:         32592 kB
Node 1 Shmem:               628 kB
Node 1 KernelStack:        1320 kB
Node 1 PageTables:          692 kB
Node 1 NFS_Unstable:          0 kB
Node 1 Bounce:                0 kB
Node 1 WritebackTmp:          0 kB
Node 1 KReclaimable:      20216 kB
Node 1 Slab:              47820 kB
Node 1 SReclaimable:      20216 kB
Node 1 SUnreclaim:        27604 kB
Node 1 AnonHugePages:         0 kB
Node 1 ShmemHugePages:        0 kB
Node 1 ShmemPmdMapped:        0 kB
Node 1 FileHugePages:        0 kB
Node 1 FilePmdMapped:        0 kB
Node 1 HugePages_Total:     0
Node 1 HugePages_Free:      0
Node 1 HugePages_Surp:      0

Load ZFS
Node 0 MemTotal:       24768352 kB
Node 0 MemFree:        24522700 kB
Node 0 MemUsed:          245652 kB
Node 0 Active:            69856 kB
Node 0 Inactive:          27196 kB
Node 0 Active(anon):      28168 kB
Node 0 Inactive(anon):      524 kB
Node 0 Active(file):      41688 kB
Node 0 Inactive(file):    26672 kB
Node 0 Unevictable:         856 kB
Node 0 Mlocked:             856 kB
Node 0 Dirty:                64 kB
Node 0 Writeback:             0 kB
Node 0 FilePages:         69876 kB
Node 0 Mapped:            15420 kB
Node 0 AnonPages:         27736 kB
Node 0 Shmem:               664 kB
Node 0 KernelStack:        2788 kB
Node 0 PageTables:         1532 kB
Node 0 NFS_Unstable:          0 kB
Node 0 Bounce:                0 kB
Node 0 WritebackTmp:          0 kB
Node 0 KReclaimable:      23164 kB
Node 0 Slab:              62952 kB
Node 0 SReclaimable:      23164 kB
Node 0 SUnreclaim:        39788 kB
Node 0 AnonHugePages:         0 kB
Node 0 ShmemHugePages:        0 kB
Node 0 ShmemPmdMapped:        0 kB
Node 0 FileHugePages:        0 kB
Node 0 FilePmdMapped:        0 kB
Node 0 HugePages_Total:     0
Node 0 HugePages_Free:      0
Node 0 HugePages_Surp:      0

Node 1 MemTotal:       24661580 kB
Node 1 MemFree:        24129468 kB
Node 1 MemUsed:          532112 kB
Node 1 Active:            54820 kB
Node 1 Inactive:         184232 kB
Node 1 Active(anon):      32492 kB
Node 1 Inactive(anon):      412 kB
Node 1 Active(file):      22328 kB
Node 1 Inactive(file):   183820 kB
Node 1 Unevictable:       17884 kB
Node 1 Mlocked:           17884 kB
Node 1 Dirty:               532 kB
Node 1 Writeback:             0 kB
Node 1 FilePages:        214088 kB
Node 1 Mapped:            46932 kB
Node 1 AnonPages:         42832 kB
Node 1 Shmem:               604 kB
Node 1 KernelStack:        1592 kB
Node 1 PageTables:         1288 kB
Node 1 NFS_Unstable:          0 kB
Node 1 Bounce:                0 kB
Node 1 WritebackTmp:          0 kB
Node 1 KReclaimable:      21052 kB
Node 1 Slab:              51780 kB
Node 1 SReclaimable:      21052 kB
Node 1 SUnreclaim:        30728 kB
Node 1 AnonHugePages:         0 kB
Node 1 ShmemHugePages:        0 kB
Node 1 ShmemPmdMapped:        0 kB
Node 1 FileHugePages:        0 kB
Node 1 FilePmdMapped:        0 kB
Node 1 HugePages_Total:     0
Node 1 HugePages_Free:      0
Node 1 HugePages_Surp:      0

Import tank ZPool
Node 0 MemTotal:       24768352 kB
Node 0 MemFree:        24524232 kB
Node 0 MemUsed:          244120 kB
Node 0 Active:            54180 kB
Node 0 Inactive:          26912 kB
Node 0 Active(anon):      12184 kB
Node 0 Inactive(anon):      536 kB
Node 0 Active(file):      41996 kB
Node 0 Inactive(file):    26376 kB
Node 0 Unevictable:         856 kB
Node 0 Mlocked:             856 kB
Node 0 Dirty:                72 kB
Node 0 Writeback:             0 kB
Node 0 FilePages:         69912 kB
Node 0 Mapped:            14160 kB
Node 0 AnonPages:         12056 kB
Node 0 Shmem:               668 kB
Node 0 KernelStack:        3352 kB
Node 0 PageTables:          540 kB
Node 0 NFS_Unstable:          0 kB
Node 0 Bounce:                0 kB
Node 0 WritebackTmp:          0 kB
Node 0 KReclaimable:      23208 kB
Node 0 Slab:              65064 kB
Node 0 SReclaimable:      23208 kB
Node 0 SUnreclaim:        41856 kB
Node 0 AnonHugePages:         0 kB
Node 0 ShmemHugePages:        0 kB
Node 0 ShmemPmdMapped:        0 kB
Node 0 FileHugePages:        0 kB
Node 0 FilePmdMapped:        0 kB
Node 0 HugePages_Total:     0
Node 0 HugePages_Free:      0
Node 0 HugePages_Surp:      0

Node 1 MemTotal:       24661580 kB
Node 1 MemFree:        24132860 kB
Node 1 MemUsed:          528720 kB
Node 1 Active:            44444 kB
Node 1 Inactive:         185240 kB
Node 1 Active(anon):      21572 kB
Node 1 Inactive(anon):      412 kB
Node 1 Active(file):      22872 kB
Node 1 Inactive(file):   184828 kB
Node 1 Unevictable:       17900 kB
Node 1 Mlocked:           17900 kB
Node 1 Dirty:               500 kB
Node 1 Writeback:             0 kB
Node 1 FilePages:        215636 kB
Node 1 Mapped:            44100 kB
Node 1 AnonPages:         31432 kB
Node 1 Shmem:               600 kB
Node 1 KernelStack:        1400 kB
Node 1 PageTables:          780 kB
Node 1 NFS_Unstable:          0 kB
Node 1 Bounce:                0 kB
Node 1 WritebackTmp:          0 kB
Node 1 KReclaimable:      21164 kB
Node 1 Slab:              57324 kB
Node 1 SReclaimable:      21164 kB
Node 1 SUnreclaim:        36160 kB
Node 1 AnonHugePages:         0 kB
Node 1 ShmemHugePages:        0 kB
Node 1 ShmemPmdMapped:        0 kB
Node 1 FileHugePages:        0 kB
Node 1 FilePmdMapped:        0 kB
Node 1 HugePages_Total:     0
Node 1 HugePages_Free:      0
Node 1 HugePages_Surp:      0

After Test
Node 0 MemTotal:       24768352 kB
Node 0 MemFree:        24169236 kB
Node 0 MemUsed:          599116 kB
Node 0 Active:            54164 kB
Node 0 Inactive:          26776 kB
Node 0 Active(anon):      12020 kB
Node 0 Inactive(anon):      532 kB
Node 0 Active(file):      42144 kB
Node 0 Inactive(file):    26244 kB
Node 0 Unevictable:         856 kB
Node 0 Mlocked:             856 kB
Node 0 Dirty:                12 kB
Node 0 Writeback:             0 kB
Node 0 FilePages:         69912 kB
Node 0 Mapped:            13948 kB
Node 0 AnonPages:         11888 kB
Node 0 Shmem:               668 kB
Node 0 KernelStack:        3288 kB
Node 0 PageTables:          424 kB
Node 0 NFS_Unstable:          0 kB
Node 0 Bounce:                0 kB
Node 0 WritebackTmp:          0 kB
Node 0 KReclaimable:      23308 kB
Node 0 Slab:              66556 kB
Node 0 SReclaimable:      23308 kB
Node 0 SUnreclaim:        43248 kB
Node 0 AnonHugePages:         0 kB
Node 0 ShmemHugePages:        0 kB
Node 0 ShmemPmdMapped:        0 kB
Node 0 FileHugePages:        0 kB
Node 0 FilePmdMapped:        0 kB
Node 0 HugePages_Total:     0
Node 0 HugePages_Free:      0
Node 0 HugePages_Surp:      0

Node 1 MemTotal:       24661580 kB
Node 1 MemFree:        19325348 kB
Node 1 MemUsed:         5336232 kB
Node 1 Active:            45484 kB
Node 1 Inactive:         309936 kB
Node 1 Active(anon):      21520 kB
Node 1 Inactive(anon):      408 kB
Node 1 Active(file):      23964 kB
Node 1 Inactive(file):   309528 kB
Node 1 Unevictable:       17900 kB
Node 1 Mlocked:           17900 kB
Node 1 Dirty:                20 kB
Node 1 Writeback:             0 kB
Node 1 FilePages:        341432 kB
Node 1 Mapped:            43816 kB
Node 1 AnonPages:         31900 kB
Node 1 Shmem:               600 kB
Node 1 KernelStack:        1304 kB
Node 1 PageTables:          944 kB
Node 1 NFS_Unstable:          0 kB
Node 1 Bounce:                0 kB
Node 1 WritebackTmp:          0 kB
Node 1 KReclaimable:      21560 kB
Node 1 Slab:              76368 kB
Node 1 SReclaimable:      21560 kB
Node 1 SUnreclaim:        54808 kB
Node 1 AnonHugePages:         0 kB
Node 1 ShmemHugePages:        0 kB
Node 1 ShmemPmdMapped:        0 kB
Node 1 FileHugePages:        0 kB
Node 1 FilePmdMapped:        0 kB
Node 1 HugePages_Total:     0
Node 1 HugePages_Free:      0
Node 1 HugePages_Surp:      0

After Opposite Node
Node 0 MemTotal:       24768352 kB
Node 0 MemFree:        24171592 kB
Node 0 MemUsed:          596760 kB
Node 0 Active:            54812 kB
Node 0 Inactive:          26520 kB
Node 0 Active(anon):      12396 kB
Node 0 Inactive(anon):      532 kB
Node 0 Active(file):      42416 kB
Node 0 Inactive(file):    25988 kB
Node 0 Unevictable:         856 kB
Node 0 Mlocked:             856 kB
Node 0 Dirty:                16 kB
Node 0 Writeback:             0 kB
Node 0 FilePages:         69928 kB
Node 0 Mapped:            13968 kB
Node 0 AnonPages:         12104 kB
Node 0 Shmem:               668 kB
Node 0 KernelStack:        3288 kB
Node 0 PageTables:          720 kB
Node 0 NFS_Unstable:          0 kB
Node 0 Bounce:                0 kB
Node 0 WritebackTmp:          0 kB
Node 0 KReclaimable:      23340 kB
Node 0 Slab:              66664 kB
Node 0 SReclaimable:      23340 kB
Node 0 SUnreclaim:        43324 kB
Node 0 AnonHugePages:         0 kB
Node 0 ShmemHugePages:        0 kB
Node 0 ShmemPmdMapped:        0 kB
Node 0 FileHugePages:        0 kB
Node 0 FilePmdMapped:        0 kB
Node 0 HugePages_Total:     0
Node 0 HugePages_Free:      0
Node 0 HugePages_Surp:      0

Node 1 MemTotal:       24661580 kB
Node 1 MemFree:        19325308 kB
Node 1 MemUsed:         5336272 kB
Node 1 Active:            45300 kB
Node 1 Inactive:         309912 kB
Node 1 Active(anon):      21292 kB
Node 1 Inactive(anon):      408 kB
Node 1 Active(file):      24008 kB
Node 1 Inactive(file):   309504 kB
Node 1 Unevictable:       17900 kB
Node 1 Mlocked:           17900 kB
Node 1 Dirty:                36 kB
Node 1 Writeback:             0 kB
Node 1 FilePages:        341448 kB
Node 1 Mapped:            43796 kB
Node 1 AnonPages:         31680 kB
Node 1 Shmem:               600 kB
Node 1 KernelStack:        1304 kB
Node 1 PageTables:          652 kB
Node 1 NFS_Unstable:          0 kB
Node 1 Bounce:                0 kB
Node 1 WritebackTmp:          0 kB
Node 1 KReclaimable:      21564 kB
Node 1 Slab:              76464 kB
Node 1 SReclaimable:      21564 kB
Node 1 SUnreclaim:        54900 kB
Node 1 AnonHugePages:         0 kB
Node 1 ShmemHugePages:        0 kB
Node 1 ShmemPmdMapped:        0 kB
Node 1 FileHugePages:        0 kB
Node 1 FilePmdMapped:        0 kB
Node 1 HugePages_Total:     0
Node 1 HugePages_Free:      0
Node 1 HugePages_Surp:      0

B.1.128M-simpleread.4G.1.O.1M Complete!
