kernel.numa_balancing = 0
B.1.4M-simpleread.250M.3.O.1M
Begin
Node 0 MemTotal:       24743736 kB
Node 0 MemFree:        24510412 kB
Node 0 MemUsed:          233324 kB
Node 0 Active:            44140 kB
Node 0 Inactive:          27672 kB
Node 0 Active(anon):      21852 kB
Node 0 Inactive(anon):      336 kB
Node 0 Active(file):      22288 kB
Node 0 Inactive(file):    27336 kB
Node 0 Unevictable:       17740 kB
Node 0 Mlocked:           17740 kB
Node 0 Dirty:                36 kB
Node 0 Writeback:             0 kB
Node 0 FilePages:         57756 kB
Node 0 Mapped:            23436 kB
Node 0 AnonPages:         31936 kB
Node 0 Shmem:               580 kB
Node 0 KernelStack:        2568 kB
Node 0 PageTables:          576 kB
Node 0 NFS_Unstable:          0 kB
Node 0 Bounce:                0 kB
Node 0 WritebackTmp:          0 kB
Node 0 KReclaimable:      17764 kB
Node 0 Slab:              54564 kB
Node 0 SReclaimable:      17764 kB
Node 0 SUnreclaim:        36800 kB
Node 0 AnonHugePages:         0 kB
Node 0 ShmemHugePages:        0 kB
Node 0 ShmemPmdMapped:        0 kB
Node 0 FileHugePages:        0 kB
Node 0 FilePmdMapped:        0 kB
Node 0 HugePages_Total:     0
Node 0 HugePages_Free:      0
Node 0 HugePages_Surp:      0

Node 1 MemTotal:       24686196 kB
Node 1 MemFree:        24257772 kB
Node 1 MemUsed:          428424 kB
Node 1 Active:            53376 kB
Node 1 Inactive:         110224 kB
Node 1 Active(anon):      12080 kB
Node 1 Inactive(anon):      512 kB
Node 1 Active(file):      41296 kB
Node 1 Inactive(file):   109712 kB
Node 1 Unevictable:         784 kB
Node 1 Mlocked:             784 kB
Node 1 Dirty:               384 kB
Node 1 Writeback:             0 kB
Node 1 FilePages:        152496 kB
Node 1 Mapped:            57668 kB
Node 1 AnonPages:         11908 kB
Node 1 Shmem:               688 kB
Node 1 KernelStack:        1016 kB
Node 1 PageTables:          568 kB
Node 1 NFS_Unstable:          0 kB
Node 1 Bounce:                0 kB
Node 1 WritebackTmp:          0 kB
Node 1 KReclaimable:      23648 kB
Node 1 Slab:              51048 kB
Node 1 SReclaimable:      23648 kB
Node 1 SUnreclaim:        27400 kB
Node 1 AnonHugePages:         0 kB
Node 1 ShmemHugePages:        0 kB
Node 1 ShmemPmdMapped:        0 kB
Node 1 FileHugePages:        0 kB
Node 1 FilePmdMapped:        0 kB
Node 1 HugePages_Total:     0
Node 1 HugePages_Free:      0
Node 1 HugePages_Surp:      0

Load ZFS
Node 0 MemTotal:       24743736 kB
Node 0 MemFree:        24460280 kB
Node 0 MemUsed:          283456 kB
Node 0 Active:            58536 kB
Node 0 Inactive:          56840 kB
Node 0 Active(anon):      34500 kB
Node 0 Inactive(anon):      444 kB
Node 0 Active(file):      24036 kB
Node 0 Inactive(file):    56396 kB
Node 0 Unevictable:       17956 kB
Node 0 Mlocked:           17956 kB
Node 0 Dirty:               112 kB
Node 0 Writeback:             0 kB
Node 0 FilePages:         88592 kB
Node 0 Mapped:            26200 kB
Node 0 AnonPages:         44424 kB
Node 0 Shmem:               752 kB
Node 0 KernelStack:        2776 kB
Node 0 PageTables:         1828 kB
Node 0 NFS_Unstable:          0 kB
Node 0 Bounce:                0 kB
Node 0 WritebackTmp:          0 kB
Node 0 KReclaimable:      18604 kB
Node 0 Slab:              58608 kB
Node 0 SReclaimable:      18604 kB
Node 0 SUnreclaim:        40004 kB
Node 0 AnonHugePages:         0 kB
Node 0 ShmemHugePages:        0 kB
Node 0 ShmemPmdMapped:        0 kB
Node 0 FileHugePages:        0 kB
Node 0 FilePmdMapped:        0 kB
Node 0 HugePages_Total:     0
Node 0 HugePages_Free:      0
Node 0 HugePages_Surp:      0

Node 1 MemTotal:       24686196 kB
Node 1 MemFree:        24167452 kB
Node 1 MemUsed:          518744 kB
Node 1 Active:            63996 kB
Node 1 Inactive:         184636 kB
Node 1 Active(anon):      22276 kB
Node 1 Inactive(anon):      228 kB
Node 1 Active(file):      41720 kB
Node 1 Inactive(file):   184408 kB
Node 1 Unevictable:         784 kB
Node 1 Mlocked:             784 kB
Node 1 Dirty:               428 kB
Node 1 Writeback:             0 kB
Node 1 FilePages:        227588 kB
Node 1 Mapped:            59356 kB
Node 1 AnonPages:         21940 kB
Node 1 Shmem:               512 kB
Node 1 KernelStack:        1504 kB
Node 1 PageTables:         1516 kB
Node 1 NFS_Unstable:          0 kB
Node 1 Bounce:                0 kB
Node 1 WritebackTmp:          0 kB
Node 1 KReclaimable:      24532 kB
Node 1 Slab:              54756 kB
Node 1 SReclaimable:      24532 kB
Node 1 SUnreclaim:        30224 kB
Node 1 AnonHugePages:         0 kB
Node 1 ShmemHugePages:        0 kB
Node 1 ShmemPmdMapped:        0 kB
Node 1 FileHugePages:        0 kB
Node 1 FilePmdMapped:        0 kB
Node 1 HugePages_Total:     0
Node 1 HugePages_Free:      0
Node 1 HugePages_Surp:      0

Import tank ZPool
Node 0 MemTotal:       24743736 kB
Node 0 MemFree:        24454776 kB
Node 0 MemUsed:          288960 kB
Node 0 Active:            59056 kB
Node 0 Inactive:          58068 kB
Node 0 Active(anon):      34552 kB
Node 0 Inactive(anon):      524 kB
Node 0 Active(file):      24504 kB
Node 0 Inactive(file):    57544 kB
Node 0 Unevictable:       17972 kB
Node 0 Mlocked:           17972 kB
Node 0 Dirty:               116 kB
Node 0 Writeback:             0 kB
Node 0 FilePages:         90196 kB
Node 0 Mapped:            26232 kB
Node 0 AnonPages:         45012 kB
Node 0 Shmem:               740 kB
Node 0 KernelStack:        2788 kB
Node 0 PageTables:         1660 kB
Node 0 NFS_Unstable:          0 kB
Node 0 Bounce:                0 kB
Node 0 WritebackTmp:          0 kB
Node 0 KReclaimable:      18924 kB
Node 0 Slab:              63888 kB
Node 0 SReclaimable:      18924 kB
Node 0 SUnreclaim:        44964 kB
Node 0 AnonHugePages:         0 kB
Node 0 ShmemHugePages:        0 kB
Node 0 ShmemPmdMapped:        0 kB
Node 0 FileHugePages:        0 kB
Node 0 FilePmdMapped:        0 kB
Node 0 HugePages_Total:     0
Node 0 HugePages_Free:      0
Node 0 HugePages_Surp:      0

Node 1 MemTotal:       24686196 kB
Node 1 MemFree:        24156132 kB
Node 1 MemUsed:          530064 kB
Node 1 Active:            63524 kB
Node 1 Inactive:         184580 kB
Node 1 Active(anon):      21576 kB
Node 1 Inactive(anon):      424 kB
Node 1 Active(file):      41948 kB
Node 1 Inactive(file):   184156 kB
Node 1 Unevictable:         784 kB
Node 1 Mlocked:             784 kB
Node 1 Dirty:               448 kB
Node 1 Writeback:             0 kB
Node 1 FilePages:        227456 kB
Node 1 Mapped:            58860 kB
Node 1 AnonPages:         21472 kB
Node 1 Shmem:               528 kB
Node 1 KernelStack:        2408 kB
Node 1 PageTables:         1232 kB
Node 1 NFS_Unstable:          0 kB
Node 1 Bounce:                0 kB
Node 1 WritebackTmp:          0 kB
Node 1 KReclaimable:      24612 kB
Node 1 Slab:              57024 kB
Node 1 SReclaimable:      24612 kB
Node 1 SUnreclaim:        32412 kB
Node 1 AnonHugePages:         0 kB
Node 1 ShmemHugePages:        0 kB
Node 1 ShmemPmdMapped:        0 kB
Node 1 FileHugePages:        0 kB
Node 1 FilePmdMapped:        0 kB
Node 1 HugePages_Total:     0
Node 1 HugePages_Free:      0
Node 1 HugePages_Surp:      0

After Test
Node 0 MemTotal:       24743736 kB
Node 0 MemFree:        24338220 kB
Node 0 MemUsed:          405516 kB
Node 0 Active:            46468 kB
Node 0 Inactive:          57520 kB
Node 0 Active(anon):      21252 kB
Node 0 Inactive(anon):      520 kB
Node 0 Active(file):      25216 kB
Node 0 Inactive(file):    57000 kB
Node 0 Unevictable:       17972 kB
Node 0 Mlocked:           17972 kB
Node 0 Dirty:               116 kB
Node 0 Writeback:             0 kB
Node 0 FilePages:         90364 kB
Node 0 Mapped:            23668 kB
Node 0 AnonPages:         31492 kB
Node 0 Shmem:               740 kB
Node 0 KernelStack:        2508 kB
Node 0 PageTables:          760 kB
Node 0 NFS_Unstable:          0 kB
Node 0 Bounce:                0 kB
Node 0 WritebackTmp:          0 kB
Node 0 KReclaimable:      18924 kB
Node 0 Slab:              63804 kB
Node 0 SReclaimable:      18924 kB
Node 0 SUnreclaim:        44880 kB
Node 0 AnonHugePages:         0 kB
Node 0 ShmemHugePages:        0 kB
Node 0 ShmemPmdMapped:        0 kB
Node 0 FileHugePages:        0 kB
Node 0 FilePmdMapped:        0 kB
Node 0 HugePages_Total:     0
Node 0 HugePages_Free:      0
Node 0 HugePages_Surp:      0

Node 1 MemTotal:       24686196 kB
Node 1 MemFree:        23754204 kB
Node 1 MemUsed:          931992 kB
Node 1 Active:            55148 kB
Node 1 Inactive:         188256 kB
Node 1 Active(anon):      12500 kB
Node 1 Inactive(anon):      420 kB
Node 1 Active(file):      42648 kB
Node 1 Inactive(file):   187836 kB
Node 1 Unevictable:         784 kB
Node 1 Mlocked:             784 kB
Node 1 Dirty:               448 kB
Node 1 Writeback:             0 kB
Node 1 FilePages:        231796 kB
Node 1 Mapped:            57812 kB
Node 1 AnonPages:         12628 kB
Node 1 Shmem:               528 kB
Node 1 KernelStack:        2200 kB
Node 1 PageTables:          680 kB
Node 1 NFS_Unstable:          0 kB
Node 1 Bounce:                0 kB
Node 1 WritebackTmp:          0 kB
Node 1 KReclaimable:      24724 kB
Node 1 Slab:              59952 kB
Node 1 SReclaimable:      24724 kB
Node 1 SUnreclaim:        35228 kB
Node 1 AnonHugePages:         0 kB
Node 1 ShmemHugePages:        0 kB
Node 1 ShmemPmdMapped:        0 kB
Node 1 FileHugePages:        0 kB
Node 1 FilePmdMapped:        0 kB
Node 1 HugePages_Total:     0
Node 1 HugePages_Free:      0
Node 1 HugePages_Surp:      0

After Opposite Node
Node 0 MemTotal:       24743736 kB
Node 0 MemFree:        24338304 kB
Node 0 MemUsed:          405432 kB
Node 0 Active:            46780 kB
Node 0 Inactive:          57272 kB
Node 0 Active(anon):      21304 kB
Node 0 Inactive(anon):      520 kB
Node 0 Active(file):      25476 kB
Node 0 Inactive(file):    56752 kB
Node 0 Unevictable:       17972 kB
Node 0 Mlocked:           17972 kB
Node 0 Dirty:               124 kB
Node 0 Writeback:             0 kB
Node 0 FilePages:         90376 kB
Node 0 Mapped:            23440 kB
Node 0 AnonPages:         31560 kB
Node 0 Shmem:               740 kB
Node 0 KernelStack:        2504 kB
Node 0 PageTables:          648 kB
Node 0 NFS_Unstable:          0 kB
Node 0 Bounce:                0 kB
Node 0 WritebackTmp:          0 kB
Node 0 KReclaimable:      18924 kB
Node 0 Slab:              63888 kB
Node 0 SReclaimable:      18924 kB
Node 0 SUnreclaim:        44964 kB
Node 0 AnonHugePages:         0 kB
Node 0 ShmemHugePages:        0 kB
Node 0 ShmemPmdMapped:        0 kB
Node 0 FileHugePages:        0 kB
Node 0 FilePmdMapped:        0 kB
Node 0 HugePages_Total:     0
Node 0 HugePages_Free:      0
Node 0 HugePages_Surp:      0

Node 1 MemTotal:       24686196 kB
Node 1 MemFree:        23754836 kB
Node 1 MemUsed:          931360 kB
Node 1 Active:            54832 kB
Node 1 Inactive:         188072 kB
Node 1 Active(anon):      11992 kB
Node 1 Inactive(anon):      420 kB
Node 1 Active(file):      42840 kB
Node 1 Inactive(file):   187652 kB
Node 1 Unevictable:         784 kB
Node 1 Mlocked:             784 kB
Node 1 Dirty:               456 kB
Node 1 Writeback:             0 kB
Node 1 FilePages:        231804 kB
Node 1 Mapped:            57700 kB
Node 1 AnonPages:         11884 kB
Node 1 Shmem:               528 kB
Node 1 KernelStack:        2168 kB
Node 1 PageTables:          544 kB
Node 1 NFS_Unstable:          0 kB
Node 1 Bounce:                0 kB
Node 1 WritebackTmp:          0 kB
Node 1 KReclaimable:      24724 kB
Node 1 Slab:              59996 kB
Node 1 SReclaimable:      24724 kB
Node 1 SUnreclaim:        35272 kB
Node 1 AnonHugePages:         0 kB
Node 1 ShmemHugePages:        0 kB
Node 1 ShmemPmdMapped:        0 kB
Node 1 FileHugePages:        0 kB
Node 1 FilePmdMapped:        0 kB
Node 1 HugePages_Total:     0
Node 1 HugePages_Free:      0
Node 1 HugePages_Surp:      0

B.1.4M-simpleread.250M.3.O.1M Complete!
