kernel.numa_balancing = 0
B.1.32M-simpleread.16G.1.O.1M
Begin
Node 0 MemTotal:       24768352 kB
Node 0 MemFree:        24580152 kB
Node 0 MemUsed:          188200 kB
Node 0 Active:            27820 kB
Node 0 Inactive:          27096 kB
Node 0 Active(anon):      12012 kB
Node 0 Inactive(anon):      424 kB
Node 0 Active(file):      15808 kB
Node 0 Inactive(file):    26672 kB
Node 0 Unevictable:         248 kB
Node 0 Mlocked:             248 kB
Node 0 Dirty:               380 kB
Node 0 Writeback:             0 kB
Node 0 FilePages:         43368 kB
Node 0 Mapped:            20416 kB
Node 0 AnonPages:         11952 kB
Node 0 Shmem:               596 kB
Node 0 KernelStack:        2280 kB
Node 0 PageTables:          532 kB
Node 0 NFS_Unstable:          0 kB
Node 0 Bounce:                0 kB
Node 0 WritebackTmp:          0 kB
Node 0 KReclaimable:      18584 kB
Node 0 Slab:              52720 kB
Node 0 SReclaimable:      18584 kB
Node 0 SUnreclaim:        34136 kB
Node 0 AnonHugePages:         0 kB
Node 0 ShmemHugePages:        0 kB
Node 0 ShmemPmdMapped:        0 kB
Node 0 FileHugePages:        0 kB
Node 0 FilePmdMapped:        0 kB
Node 0 HugePages_Total:     0
Node 0 HugePages_Free:      0
Node 0 HugePages_Surp:      0

Node 1 MemTotal:       24661580 kB
Node 1 MemFree:        24215600 kB
Node 1 MemUsed:          445980 kB
Node 1 Active:            67844 kB
Node 1 Inactive:          82476 kB
Node 1 Active(anon):      21884 kB
Node 1 Inactive(anon):      464 kB
Node 1 Active(file):      45960 kB
Node 1 Inactive(file):    82012 kB
Node 1 Unevictable:       18272 kB
Node 1 Mlocked:           18272 kB
Node 1 Dirty:               148 kB
Node 1 Writeback:             0 kB
Node 1 FilePages:        136588 kB
Node 1 Mapped:            30376 kB
Node 1 AnonPages:         32004 kB
Node 1 Shmem:               672 kB
Node 1 KernelStack:        1336 kB
Node 1 PageTables:          568 kB
Node 1 NFS_Unstable:          0 kB
Node 1 Bounce:                0 kB
Node 1 WritebackTmp:          0 kB
Node 1 KReclaimable:      23652 kB
Node 1 Slab:              55536 kB
Node 1 SReclaimable:      23652 kB
Node 1 SUnreclaim:        31884 kB
Node 1 AnonHugePages:         0 kB
Node 1 ShmemHugePages:        0 kB
Node 1 ShmemPmdMapped:        0 kB
Node 1 FileHugePages:        0 kB
Node 1 FilePmdMapped:        0 kB
Node 1 HugePages_Total:     0
Node 1 HugePages_Free:      0
Node 1 HugePages_Surp:      0

Load ZFS
Node 0 MemTotal:       24768352 kB
Node 0 MemFree:        24333400 kB
Node 0 MemUsed:          434952 kB
Node 0 Active:            40188 kB
Node 0 Inactive:         119756 kB
Node 0 Active(anon):      23176 kB
Node 0 Inactive(anon):      480 kB
Node 0 Active(file):      17012 kB
Node 0 Inactive(file):   119276 kB
Node 0 Unevictable:         248 kB
Node 0 Mlocked:             248 kB
Node 0 Dirty:               420 kB
Node 0 Writeback:             0 kB
Node 0 FilePages:        137132 kB
Node 0 Mapped:            21504 kB
Node 0 AnonPages:         23172 kB
Node 0 Shmem:               596 kB
Node 0 KernelStack:        2484 kB
Node 0 PageTables:          856 kB
Node 0 NFS_Unstable:          0 kB
Node 0 Bounce:                0 kB
Node 0 WritebackTmp:          0 kB
Node 0 KReclaimable:      19460 kB
Node 0 Slab:              56556 kB
Node 0 SReclaimable:      19460 kB
Node 0 SUnreclaim:        37096 kB
Node 0 AnonHugePages:         0 kB
Node 0 ShmemHugePages:        0 kB
Node 0 ShmemPmdMapped:        0 kB
Node 0 FileHugePages:        0 kB
Node 0 FilePmdMapped:        0 kB
Node 0 HugePages_Total:     0
Node 0 HugePages_Free:      0
Node 0 HugePages_Surp:      0

Node 1 MemTotal:       24661580 kB
Node 1 MemFree:        24319124 kB
Node 1 MemUsed:          342456 kB
Node 1 Active:            83640 kB
Node 1 Inactive:          93248 kB
Node 1 Active(anon):      36424 kB
Node 1 Inactive(anon):      472 kB
Node 1 Active(file):      47216 kB
Node 1 Inactive(file):    92776 kB
Node 1 Unevictable:       18504 kB
Node 1 Mlocked:           18504 kB
Node 1 Dirty:               144 kB
Node 1 Writeback:             0 kB
Node 1 FilePages:        148608 kB
Node 1 Mapped:            33376 kB
Node 1 AnonPages:         46744 kB
Node 1 Shmem:               672 kB
Node 1 KernelStack:        1692 kB
Node 1 PageTables:         1792 kB
Node 1 NFS_Unstable:          0 kB
Node 1 Bounce:                0 kB
Node 1 WritebackTmp:          0 kB
Node 1 KReclaimable:      24372 kB
Node 1 Slab:              58056 kB
Node 1 SReclaimable:      24372 kB
Node 1 SUnreclaim:        33684 kB
Node 1 AnonHugePages:         0 kB
Node 1 ShmemHugePages:        0 kB
Node 1 ShmemPmdMapped:        0 kB
Node 1 FileHugePages:        0 kB
Node 1 FilePmdMapped:        0 kB
Node 1 HugePages_Total:     0
Node 1 HugePages_Free:      0
Node 1 HugePages_Surp:      0

Import tank ZPool
Node 0 MemTotal:       24768352 kB
Node 0 MemFree:        24325812 kB
Node 0 MemUsed:          442540 kB
Node 0 Active:            30084 kB
Node 0 Inactive:         120988 kB
Node 0 Active(anon):      12584 kB
Node 0 Inactive(anon):      484 kB
Node 0 Active(file):      17500 kB
Node 0 Inactive(file):   120504 kB
Node 0 Unevictable:         248 kB
Node 0 Mlocked:             248 kB
Node 0 Dirty:               472 kB
Node 0 Writeback:             0 kB
Node 0 FilePages:        138872 kB
Node 0 Mapped:            21028 kB
Node 0 AnonPages:         11824 kB
Node 0 Shmem:               600 kB
Node 0 KernelStack:        3480 kB
Node 0 PageTables:          760 kB
Node 0 NFS_Unstable:          0 kB
Node 0 Bounce:                0 kB
Node 0 WritebackTmp:          0 kB
Node 0 KReclaimable:      19580 kB
Node 0 Slab:              62544 kB
Node 0 SReclaimable:      19580 kB
Node 0 SUnreclaim:        42964 kB
Node 0 AnonHugePages:         0 kB
Node 0 ShmemHugePages:        0 kB
Node 0 ShmemPmdMapped:        0 kB
Node 0 FileHugePages:        0 kB
Node 0 FilePmdMapped:        0 kB
Node 0 HugePages_Total:     0
Node 0 HugePages_Free:      0
Node 0 HugePages_Surp:      0

Node 1 MemTotal:       24661580 kB
Node 1 MemFree:        24334212 kB
Node 1 MemUsed:          327368 kB
Node 1 Active:            69652 kB
Node 1 Inactive:          93200 kB
Node 1 Active(anon):      22392 kB
Node 1 Inactive(anon):      468 kB
Node 1 Active(file):      47260 kB
Node 1 Inactive(file):    92732 kB
Node 1 Unevictable:       18504 kB
Node 1 Mlocked:           18504 kB
Node 1 Dirty:                44 kB
Node 1 Writeback:             0 kB
Node 1 FilePages:        148604 kB
Node 1 Mapped:            31152 kB
Node 1 AnonPages:         32196 kB
Node 1 Shmem:               668 kB
Node 1 KernelStack:        1464 kB
Node 1 PageTables:          960 kB
Node 1 NFS_Unstable:          0 kB
Node 1 Bounce:                0 kB
Node 1 WritebackTmp:          0 kB
Node 1 KReclaimable:      24372 kB
Node 1 Slab:              58060 kB
Node 1 SReclaimable:      24372 kB
Node 1 SUnreclaim:        33688 kB
Node 1 AnonHugePages:         0 kB
Node 1 ShmemHugePages:        0 kB
Node 1 ShmemPmdMapped:        0 kB
Node 1 FileHugePages:        0 kB
Node 1 FilePmdMapped:        0 kB
Node 1 HugePages_Total:     0
Node 1 HugePages_Free:      0
Node 1 HugePages_Surp:      0

After Test
Node 0 MemTotal:       24768352 kB
Node 0 MemFree:        23339656 kB
Node 0 MemUsed:         1428696 kB
Node 0 Active:            29748 kB
Node 0 Inactive:         120468 kB
Node 0 Active(anon):      11652 kB
Node 0 Inactive(anon):      476 kB
Node 0 Active(file):      18096 kB
Node 0 Inactive(file):   119992 kB
Node 0 Unevictable:         248 kB
Node 0 Mlocked:             248 kB
Node 0 Dirty:                16 kB
Node 0 Writeback:             0 kB
Node 0 FilePages:        138956 kB
Node 0 Mapped:            20712 kB
Node 0 AnonPages:         11532 kB
Node 0 Shmem:               596 kB
Node 0 KernelStack:        3272 kB
Node 0 PageTables:          456 kB
Node 0 NFS_Unstable:          0 kB
Node 0 Bounce:                0 kB
Node 0 WritebackTmp:          0 kB
Node 0 KReclaimable:      19836 kB
Node 0 Slab:              66812 kB
Node 0 SReclaimable:      19836 kB
Node 0 SUnreclaim:        46976 kB
Node 0 AnonHugePages:         0 kB
Node 0 ShmemHugePages:        0 kB
Node 0 ShmemPmdMapped:        0 kB
Node 0 FileHugePages:        0 kB
Node 0 FilePmdMapped:        0 kB
Node 0 HugePages_Total:     0
Node 0 HugePages_Free:      0
Node 0 HugePages_Surp:      0

Node 1 MemTotal:       24661580 kB
Node 1 MemFree:         7629236 kB
Node 1 MemUsed:        17032344 kB
Node 1 Active:            70384 kB
Node 1 Inactive:         124032 kB
Node 1 Active(anon):      22088 kB
Node 1 Inactive(anon):      468 kB
Node 1 Active(file):      48296 kB
Node 1 Inactive(file):   123564 kB
Node 1 Unevictable:       18504 kB
Node 1 Mlocked:           18504 kB
Node 1 Dirty:                16 kB
Node 1 Writeback:             0 kB
Node 1 FilePages:        180476 kB
Node 1 Mapped:            30384 kB
Node 1 AnonPages:         32340 kB
Node 1 Shmem:               672 kB
Node 1 KernelStack:        1224 kB
Node 1 PageTables:          684 kB
Node 1 NFS_Unstable:          0 kB
Node 1 Bounce:                0 kB
Node 1 WritebackTmp:          0 kB
Node 1 KReclaimable:      24516 kB
Node 1 Slab:             114632 kB
Node 1 SReclaimable:      24516 kB
Node 1 SUnreclaim:        90116 kB
Node 1 AnonHugePages:         0 kB
Node 1 ShmemHugePages:        0 kB
Node 1 ShmemPmdMapped:        0 kB
Node 1 FileHugePages:        0 kB
Node 1 FilePmdMapped:        0 kB
Node 1 HugePages_Total:     0
Node 1 HugePages_Free:      0
Node 1 HugePages_Surp:      0

After Opposite Node
Node 0 MemTotal:       24768352 kB
Node 0 MemFree:        23339924 kB
Node 0 MemUsed:         1428428 kB
Node 0 Active:            30412 kB
Node 0 Inactive:         120228 kB
Node 0 Active(anon):      12012 kB
Node 0 Inactive(anon):      476 kB
Node 0 Active(file):      18400 kB
Node 0 Inactive(file):   119752 kB
Node 0 Unevictable:         248 kB
Node 0 Mlocked:             248 kB
Node 0 Dirty:                32 kB
Node 0 Writeback:             0 kB
Node 0 FilePages:        138996 kB
Node 0 Mapped:            20440 kB
Node 0 AnonPages:         11744 kB
Node 0 Shmem:               596 kB
Node 0 KernelStack:        3336 kB
Node 0 PageTables:          568 kB
Node 0 NFS_Unstable:          0 kB
Node 0 Bounce:                0 kB
Node 0 WritebackTmp:          0 kB
Node 0 KReclaimable:      19868 kB
Node 0 Slab:              66912 kB
Node 0 SReclaimable:      19868 kB
Node 0 SUnreclaim:        47044 kB
Node 0 AnonHugePages:         0 kB
Node 0 ShmemHugePages:        0 kB
Node 0 ShmemPmdMapped:        0 kB
Node 0 FileHugePages:        0 kB
Node 0 FilePmdMapped:        0 kB
Node 0 HugePages_Total:     0
Node 0 HugePages_Free:      0
Node 0 HugePages_Surp:      0

Node 1 MemTotal:       24661580 kB
Node 1 MemFree:         7631112 kB
Node 1 MemUsed:        17030468 kB
Node 1 Active:            70072 kB
Node 1 Inactive:         124024 kB
Node 1 Active(anon):      21764 kB
Node 1 Inactive(anon):      468 kB
Node 1 Active(file):      48308 kB
Node 1 Inactive(file):   123556 kB
Node 1 Unevictable:       18504 kB
Node 1 Mlocked:           18504 kB
Node 1 Dirty:                48 kB
Node 1 Writeback:             0 kB
Node 1 FilePages:        180480 kB
Node 1 Mapped:            30384 kB
Node 1 AnonPages:         32136 kB
Node 1 Shmem:               672 kB
Node 1 KernelStack:        1176 kB
Node 1 PageTables:          572 kB
Node 1 NFS_Unstable:          0 kB
Node 1 Bounce:                0 kB
Node 1 WritebackTmp:          0 kB
Node 1 KReclaimable:      24516 kB
Node 1 Slab:             114844 kB
Node 1 SReclaimable:      24516 kB
Node 1 SUnreclaim:        90328 kB
Node 1 AnonHugePages:         0 kB
Node 1 ShmemHugePages:        0 kB
Node 1 ShmemPmdMapped:        0 kB
Node 1 FileHugePages:        0 kB
Node 1 FilePmdMapped:        0 kB
Node 1 HugePages_Total:     0
Node 1 HugePages_Free:      0
Node 1 HugePages_Surp:      0

B.1.32M-simpleread.16G.1.O.1M Complete!
