kernel.numa_balancing = 0
B.1.8M-simpleread.500M.3.O.1M
Begin
Node 0 MemTotal:       24768352 kB
Node 0 MemFree:        24462556 kB
Node 0 MemUsed:          305796 kB
Node 0 Active:            56700 kB
Node 0 Inactive:         104052 kB
Node 0 Active(anon):      24264 kB
Node 0 Inactive(anon):      556 kB
Node 0 Active(file):      32436 kB
Node 0 Inactive(file):   103496 kB
Node 0 Unevictable:       12520 kB
Node 0 Mlocked:           12520 kB
Node 0 Dirty:               160 kB
Node 0 Writeback:             0 kB
Node 0 FilePages:        138920 kB
Node 0 Mapped:            58780 kB
Node 0 AnonPages:         34424 kB
Node 0 Shmem:               772 kB
Node 0 KernelStack:        2424 kB
Node 0 PageTables:          848 kB
Node 0 NFS_Unstable:          0 kB
Node 0 Bounce:                0 kB
Node 0 WritebackTmp:          0 kB
Node 0 KReclaimable:      20116 kB
Node 0 Slab:              51404 kB
Node 0 SReclaimable:      20116 kB
Node 0 SUnreclaim:        31288 kB
Node 0 AnonHugePages:         0 kB
Node 0 ShmemHugePages:        0 kB
Node 0 ShmemPmdMapped:        0 kB
Node 0 FileHugePages:        0 kB
Node 0 FilePmdMapped:        0 kB
Node 0 HugePages_Total:     0
Node 0 HugePages_Free:      0
Node 0 HugePages_Surp:      0

Node 1 MemTotal:       24661580 kB
Node 1 MemFree:        24309560 kB
Node 1 MemUsed:          352020 kB
Node 1 Active:            39852 kB
Node 1 Inactive:          29732 kB
Node 1 Active(anon):       9976 kB
Node 1 Inactive(anon):      324 kB
Node 1 Active(file):      29876 kB
Node 1 Inactive(file):    29408 kB
Node 1 Unevictable:        6000 kB
Node 1 Mlocked:            6000 kB
Node 1 Dirty:               288 kB
Node 1 Writeback:             0 kB
Node 1 FilePages:         65780 kB
Node 1 Mapped:            20456 kB
Node 1 AnonPages:          9804 kB
Node 1 Shmem:               496 kB
Node 1 KernelStack:        1176 kB
Node 1 PageTables:          424 kB
Node 1 NFS_Unstable:          0 kB
Node 1 Bounce:                0 kB
Node 1 WritebackTmp:          0 kB
Node 1 KReclaimable:      22368 kB
Node 1 Slab:              55664 kB
Node 1 SReclaimable:      22368 kB
Node 1 SUnreclaim:        33296 kB
Node 1 AnonHugePages:         0 kB
Node 1 ShmemHugePages:        0 kB
Node 1 ShmemPmdMapped:        0 kB
Node 1 FileHugePages:        0 kB
Node 1 FilePmdMapped:        0 kB
Node 1 HugePages_Total:     0
Node 1 HugePages_Free:      0
Node 1 HugePages_Surp:      0

Load ZFS
Node 0 MemTotal:       24768352 kB
Node 0 MemFree:        24425164 kB
Node 0 MemUsed:          343188 kB
Node 0 Active:            67152 kB
Node 0 Inactive:         126976 kB
Node 0 Active(anon):      33360 kB
Node 0 Inactive(anon):      476 kB
Node 0 Active(file):      33792 kB
Node 0 Inactive(file):   126500 kB
Node 0 Unevictable:       12736 kB
Node 0 Mlocked:           12736 kB
Node 0 Dirty:               524 kB
Node 0 Writeback:             0 kB
Node 0 FilePages:        163100 kB
Node 0 Mapped:            60724 kB
Node 0 AnonPages:         43616 kB
Node 0 Shmem:               612 kB
Node 0 KernelStack:        2564 kB
Node 0 PageTables:         1284 kB
Node 0 NFS_Unstable:          0 kB
Node 0 Bounce:                0 kB
Node 0 WritebackTmp:          0 kB
Node 0 KReclaimable:      20584 kB
Node 0 Slab:              53528 kB
Node 0 SReclaimable:      20584 kB
Node 0 SUnreclaim:        32944 kB
Node 0 AnonHugePages:         0 kB
Node 0 ShmemHugePages:        0 kB
Node 0 ShmemPmdMapped:        0 kB
Node 0 FileHugePages:        0 kB
Node 0 FilePmdMapped:        0 kB
Node 0 HugePages_Total:     0
Node 0 HugePages_Free:      0
Node 0 HugePages_Surp:      0

Node 1 MemTotal:       24661580 kB
Node 1 MemFree:        24204844 kB
Node 1 MemUsed:          456736 kB
Node 1 Active:            56832 kB
Node 1 Inactive:         110276 kB
Node 1 Active(anon):      25644 kB
Node 1 Inactive(anon):      468 kB
Node 1 Active(file):      31188 kB
Node 1 Inactive(file):   109808 kB
Node 1 Unevictable:        6000 kB
Node 1 Mlocked:            6000 kB
Node 1 Dirty:               340 kB
Node 1 Writeback:             0 kB
Node 1 FilePages:        147648 kB
Node 1 Mapped:            22856 kB
Node 1 AnonPages:         25368 kB
Node 1 Shmem:               656 kB
Node 1 KernelStack:        1588 kB
Node 1 PageTables:         1380 kB
Node 1 NFS_Unstable:          0 kB
Node 1 Bounce:                0 kB
Node 1 WritebackTmp:          0 kB
Node 1 KReclaimable:      23256 kB
Node 1 Slab:              60104 kB
Node 1 SReclaimable:      23256 kB
Node 1 SUnreclaim:        36848 kB
Node 1 AnonHugePages:         0 kB
Node 1 ShmemHugePages:        0 kB
Node 1 ShmemPmdMapped:        0 kB
Node 1 FileHugePages:        0 kB
Node 1 FilePmdMapped:        0 kB
Node 1 HugePages_Total:     0
Node 1 HugePages_Free:      0
Node 1 HugePages_Surp:      0

Import tank ZPool
Node 0 MemTotal:       24768352 kB
Node 0 MemFree:        24419468 kB
Node 0 MemUsed:          348884 kB
Node 0 Active:            57748 kB
Node 0 Inactive:         126976 kB
Node 0 Active(anon):      23944 kB
Node 0 Inactive(anon):      476 kB
Node 0 Active(file):      33804 kB
Node 0 Inactive(file):   126500 kB
Node 0 Unevictable:       12752 kB
Node 0 Mlocked:           12752 kB
Node 0 Dirty:               480 kB
Node 0 Writeback:             0 kB
Node 0 FilePages:        163108 kB
Node 0 Mapped:            59540 kB
Node 0 AnonPages:         33392 kB
Node 0 Shmem:               608 kB
Node 0 KernelStack:        3704 kB
Node 0 PageTables:         1260 kB
Node 0 NFS_Unstable:          0 kB
Node 0 Bounce:                0 kB
Node 0 WritebackTmp:          0 kB
Node 0 KReclaimable:      20596 kB
Node 0 Slab:              55780 kB
Node 0 SReclaimable:      20596 kB
Node 0 SUnreclaim:        35184 kB
Node 0 AnonHugePages:         0 kB
Node 0 ShmemHugePages:        0 kB
Node 0 ShmemPmdMapped:        0 kB
Node 0 FileHugePages:        0 kB
Node 0 FilePmdMapped:        0 kB
Node 0 HugePages_Total:     0
Node 0 HugePages_Free:      0
Node 0 HugePages_Surp:      0

Node 1 MemTotal:       24661580 kB
Node 1 MemFree:        24212512 kB
Node 1 MemUsed:          449068 kB
Node 1 Active:            43268 kB
Node 1 Inactive:         111164 kB
Node 1 Active(anon):      11668 kB
Node 1 Inactive(anon):      476 kB
Node 1 Active(file):      31600 kB
Node 1 Inactive(file):   110688 kB
Node 1 Unevictable:        6000 kB
Node 1 Mlocked:            6000 kB
Node 1 Dirty:               108 kB
Node 1 Writeback:             0 kB
Node 1 FilePages:        148968 kB
Node 1 Mapped:            21076 kB
Node 1 AnonPages:         11076 kB
Node 1 Shmem:               660 kB
Node 1 KernelStack:        1500 kB
Node 1 PageTables:         1168 kB
Node 1 NFS_Unstable:          0 kB
Node 1 Bounce:                0 kB
Node 1 WritebackTmp:          0 kB
Node 1 KReclaimable:      23404 kB
Node 1 Slab:              65156 kB
Node 1 SReclaimable:      23404 kB
Node 1 SUnreclaim:        41752 kB
Node 1 AnonHugePages:         0 kB
Node 1 ShmemHugePages:        0 kB
Node 1 ShmemPmdMapped:        0 kB
Node 1 FileHugePages:        0 kB
Node 1 FilePmdMapped:        0 kB
Node 1 HugePages_Total:     0
Node 1 HugePages_Free:      0
Node 1 HugePages_Surp:      0

After Test
Node 0 MemTotal:       24768352 kB
Node 0 MemFree:        24038148 kB
Node 0 MemUsed:          730204 kB
Node 0 Active:            56812 kB
Node 0 Inactive:         126556 kB
Node 0 Active(anon):      22588 kB
Node 0 Inactive(anon):      472 kB
Node 0 Active(file):      34224 kB
Node 0 Inactive(file):   126084 kB
Node 0 Unevictable:       12752 kB
Node 0 Mlocked:           12752 kB
Node 0 Dirty:               492 kB
Node 0 Writeback:             0 kB
Node 0 FilePages:        163112 kB
Node 0 Mapped:            58792 kB
Node 0 AnonPages:         33008 kB
Node 0 Shmem:               608 kB
Node 0 KernelStack:        3496 kB
Node 0 PageTables:          752 kB
Node 0 NFS_Unstable:          0 kB
Node 0 Bounce:                0 kB
Node 0 WritebackTmp:          0 kB
Node 0 KReclaimable:      20596 kB
Node 0 Slab:              57196 kB
Node 0 SReclaimable:      20596 kB
Node 0 SUnreclaim:        36600 kB
Node 0 AnonHugePages:         0 kB
Node 0 ShmemHugePages:        0 kB
Node 0 ShmemPmdMapped:        0 kB
Node 0 FileHugePages:        0 kB
Node 0 FilePmdMapped:        0 kB
Node 0 HugePages_Total:     0
Node 0 HugePages_Free:      0
Node 0 HugePages_Surp:      0

Node 1 MemTotal:       24661580 kB
Node 1 MemFree:        23525896 kB
Node 1 MemUsed:         1135684 kB
Node 1 Active:            43620 kB
Node 1 Inactive:         118840 kB
Node 1 Active(anon):      11176 kB
Node 1 Inactive(anon):      472 kB
Node 1 Active(file):      32444 kB
Node 1 Inactive(file):   118368 kB
Node 1 Unevictable:        6000 kB
Node 1 Mlocked:            6000 kB
Node 1 Dirty:               120 kB
Node 1 Writeback:             0 kB
Node 1 FilePages:        157472 kB
Node 1 Mapped:            20776 kB
Node 1 AnonPages:         10792 kB
Node 1 Shmem:               660 kB
Node 1 KernelStack:        1276 kB
Node 1 PageTables:          456 kB
Node 1 NFS_Unstable:          0 kB
Node 1 Bounce:                0 kB
Node 1 WritebackTmp:          0 kB
Node 1 KReclaimable:      23480 kB
Node 1 Slab:              70064 kB
Node 1 SReclaimable:      23480 kB
Node 1 SUnreclaim:        46584 kB
Node 1 AnonHugePages:         0 kB
Node 1 ShmemHugePages:        0 kB
Node 1 ShmemPmdMapped:        0 kB
Node 1 FileHugePages:        0 kB
Node 1 FilePmdMapped:        0 kB
Node 1 HugePages_Total:     0
Node 1 HugePages_Free:      0
Node 1 HugePages_Surp:      0

After Opposite Node
Node 0 MemTotal:       24768352 kB
Node 0 MemFree:        24037540 kB
Node 0 MemUsed:          730812 kB
Node 0 Active:            57360 kB
Node 0 Inactive:         126556 kB
Node 0 Active(anon):      23132 kB
Node 0 Inactive(anon):      472 kB
Node 0 Active(file):      34228 kB
Node 0 Inactive(file):   126084 kB
Node 0 Unevictable:       12752 kB
Node 0 Mlocked:           12752 kB
Node 0 Dirty:               396 kB
Node 0 Writeback:            16 kB
Node 0 FilePages:        163116 kB
Node 0 Mapped:            58792 kB
Node 0 AnonPages:         33300 kB
Node 0 Shmem:               608 kB
Node 0 KernelStack:        3480 kB
Node 0 PageTables:          784 kB
Node 0 NFS_Unstable:          0 kB
Node 0 Bounce:                0 kB
Node 0 WritebackTmp:          0 kB
Node 0 KReclaimable:      20628 kB
Node 0 Slab:              57296 kB
Node 0 SReclaimable:      20628 kB
Node 0 SUnreclaim:        36668 kB
Node 0 AnonHugePages:         0 kB
Node 0 ShmemHugePages:        0 kB
Node 0 ShmemPmdMapped:        0 kB
Node 0 FileHugePages:        0 kB
Node 0 FilePmdMapped:        0 kB
Node 0 HugePages_Total:     0
Node 0 HugePages_Free:      0
Node 0 HugePages_Surp:      0

Node 1 MemTotal:       24661580 kB
Node 1 MemFree:        23525896 kB
Node 1 MemUsed:         1135684 kB
Node 1 Active:            43340 kB
Node 1 Inactive:         118572 kB
Node 1 Active(anon):      10612 kB
Node 1 Inactive(anon):      472 kB
Node 1 Active(file):      32728 kB
Node 1 Inactive(file):   118100 kB
Node 1 Unevictable:        6000 kB
Node 1 Mlocked:            6000 kB
Node 1 Dirty:                64 kB
Node 1 Writeback:             4 kB
Node 1 FilePages:        157484 kB
Node 1 Mapped:            20528 kB
Node 1 AnonPages:         10320 kB
Node 1 Shmem:               660 kB
Node 1 KernelStack:        1264 kB
Node 1 PageTables:          432 kB
Node 1 NFS_Unstable:          0 kB
Node 1 Bounce:                0 kB
Node 1 WritebackTmp:          0 kB
Node 1 KReclaimable:      23496 kB
Node 1 Slab:              70112 kB
Node 1 SReclaimable:      23496 kB
Node 1 SUnreclaim:        46616 kB
Node 1 AnonHugePages:         0 kB
Node 1 ShmemHugePages:        0 kB
Node 1 ShmemPmdMapped:        0 kB
Node 1 FileHugePages:        0 kB
Node 1 FilePmdMapped:        0 kB
Node 1 HugePages_Total:     0
Node 1 HugePages_Free:      0
Node 1 HugePages_Surp:      0

B.1.8M-simpleread.500M.3.O.1M Complete!
