kernel.numa_balancing = 0
B.1.1M-simpleread.16G.1.O.1M
Begin
Node 0 MemTotal:       24768352 kB
Node 0 MemFree:        24532520 kB
Node 0 MemUsed:          235832 kB
Node 0 Active:            33232 kB
Node 0 Inactive:          51408 kB
Node 0 Active(anon):      14000 kB
Node 0 Inactive(anon):      440 kB
Node 0 Active(file):      19232 kB
Node 0 Inactive(file):    50968 kB
Node 0 Unevictable:       17532 kB
Node 0 Mlocked:           17532 kB
Node 0 Dirty:               148 kB
Node 0 Writeback:             0 kB
Node 0 FilePages:         78056 kB
Node 0 Mapped:            19444 kB
Node 0 AnonPages:         24240 kB
Node 0 Shmem:               608 kB
Node 0 KernelStack:        1880 kB
Node 0 PageTables:          544 kB
Node 0 NFS_Unstable:          0 kB
Node 0 Bounce:                0 kB
Node 0 WritebackTmp:          0 kB
Node 0 KReclaimable:      21328 kB
Node 0 Slab:              54436 kB
Node 0 SReclaimable:      21328 kB
Node 0 SUnreclaim:        33108 kB
Node 0 AnonHugePages:         0 kB
Node 0 ShmemHugePages:        0 kB
Node 0 ShmemPmdMapped:        0 kB
Node 0 FileHugePages:        0 kB
Node 0 FilePmdMapped:        0 kB
Node 0 HugePages_Total:     0
Node 0 HugePages_Free:      0
Node 0 HugePages_Surp:      0

Node 1 MemTotal:       24661580 kB
Node 1 MemFree:        24280764 kB
Node 1 MemUsed:          380816 kB
Node 1 Active:            61844 kB
Node 1 Inactive:          42844 kB
Node 1 Active(anon):      19508 kB
Node 1 Inactive(anon):      424 kB
Node 1 Active(file):      42336 kB
Node 1 Inactive(file):    42420 kB
Node 1 Unevictable:         992 kB
Node 1 Mlocked:             992 kB
Node 1 Dirty:               356 kB
Node 1 Writeback:             0 kB
Node 1 FilePages:         86408 kB
Node 1 Mapped:            27208 kB
Node 1 AnonPages:         19296 kB
Node 1 Shmem:               660 kB
Node 1 KernelStack:        1736 kB
Node 1 PageTables:          540 kB
Node 1 NFS_Unstable:          0 kB
Node 1 Bounce:                0 kB
Node 1 WritebackTmp:          0 kB
Node 1 KReclaimable:      20604 kB
Node 1 Slab:              52496 kB
Node 1 SReclaimable:      20604 kB
Node 1 SUnreclaim:        31892 kB
Node 1 AnonHugePages:         0 kB
Node 1 ShmemHugePages:        0 kB
Node 1 ShmemPmdMapped:        0 kB
Node 1 FileHugePages:        0 kB
Node 1 FilePmdMapped:        0 kB
Node 1 HugePages_Total:     0
Node 1 HugePages_Free:      0
Node 1 HugePages_Surp:      0

Load ZFS
Node 0 MemTotal:       24768352 kB
Node 0 MemFree:        24306536 kB
Node 0 MemUsed:          461816 kB
Node 0 Active:            45288 kB
Node 0 Inactive:         122388 kB
Node 0 Active(anon):      24704 kB
Node 0 Inactive(anon):      492 kB
Node 0 Active(file):      20584 kB
Node 0 Inactive(file):   121896 kB
Node 0 Unevictable:       17748 kB
Node 0 Mlocked:           17748 kB
Node 0 Dirty:               164 kB
Node 0 Writeback:             0 kB
Node 0 FilePages:        150328 kB
Node 0 Mapped:            21708 kB
Node 0 AnonPages:         35080 kB
Node 0 Shmem:               648 kB
Node 0 KernelStack:        1992 kB
Node 0 PageTables:         1088 kB
Node 0 NFS_Unstable:          0 kB
Node 0 Bounce:                0 kB
Node 0 WritebackTmp:          0 kB
Node 0 KReclaimable:      22072 kB
Node 0 Slab:              58920 kB
Node 0 SReclaimable:      22072 kB
Node 0 SUnreclaim:        36848 kB
Node 0 AnonHugePages:         0 kB
Node 0 ShmemHugePages:        0 kB
Node 0 ShmemPmdMapped:        0 kB
Node 0 FileHugePages:        0 kB
Node 0 FilePmdMapped:        0 kB
Node 0 HugePages_Total:     0
Node 0 HugePages_Free:      0
Node 0 HugePages_Surp:      0

Node 1 MemTotal:       24661580 kB
Node 1 MemFree:        24366372 kB
Node 1 MemUsed:          295208 kB
Node 1 Active:            75268 kB
Node 1 Inactive:          75344 kB
Node 1 Active(anon):      31848 kB
Node 1 Inactive(anon):      456 kB
Node 1 Active(file):      43420 kB
Node 1 Inactive(file):    74888 kB
Node 1 Unevictable:         992 kB
Node 1 Mlocked:             992 kB
Node 1 Dirty:               356 kB
Node 1 Writeback:             0 kB
Node 1 FilePages:        119920 kB
Node 1 Mapped:            28904 kB
Node 1 AnonPages:         31892 kB
Node 1 Shmem:               620 kB
Node 1 KernelStack:        2168 kB
Node 1 PageTables:         1580 kB
Node 1 NFS_Unstable:          0 kB
Node 1 Bounce:                0 kB
Node 1 WritebackTmp:          0 kB
Node 1 KReclaimable:      21384 kB
Node 1 Slab:              55020 kB
Node 1 SReclaimable:      21384 kB
Node 1 SUnreclaim:        33636 kB
Node 1 AnonHugePages:         0 kB
Node 1 ShmemHugePages:        0 kB
Node 1 ShmemPmdMapped:        0 kB
Node 1 FileHugePages:        0 kB
Node 1 FilePmdMapped:        0 kB
Node 1 HugePages_Total:     0
Node 1 HugePages_Free:      0
Node 1 HugePages_Surp:      0

Import tank ZPool
Node 0 MemTotal:       24768352 kB
Node 0 MemFree:        24311148 kB
Node 0 MemUsed:          457204 kB
Node 0 Active:            35120 kB
Node 0 Inactive:         123472 kB
Node 0 Active(anon):      13940 kB
Node 0 Inactive(anon):      496 kB
Node 0 Active(file):      21180 kB
Node 0 Inactive(file):   122976 kB
Node 0 Unevictable:       17764 kB
Node 0 Mlocked:           17764 kB
Node 0 Dirty:                88 kB
Node 0 Writeback:             0 kB
Node 0 FilePages:        152024 kB
Node 0 Mapped:            19580 kB
Node 0 AnonPages:         24424 kB
Node 0 Shmem:               644 kB
Node 0 KernelStack:        1912 kB
Node 0 PageTables:          596 kB
Node 0 NFS_Unstable:          0 kB
Node 0 Bounce:                0 kB
Node 0 WritebackTmp:          0 kB
Node 0 KReclaimable:      22204 kB
Node 0 Slab:              64068 kB
Node 0 SReclaimable:      22204 kB
Node 0 SUnreclaim:        41864 kB
Node 0 AnonHugePages:         0 kB
Node 0 ShmemHugePages:        0 kB
Node 0 ShmemPmdMapped:        0 kB
Node 0 FileHugePages:        0 kB
Node 0 FilePmdMapped:        0 kB
Node 0 HugePages_Total:     0
Node 0 HugePages_Free:      0
Node 0 HugePages_Surp:      0

Node 1 MemTotal:       24661580 kB
Node 1 MemFree:        24363952 kB
Node 1 MemUsed:          297628 kB
Node 1 Active:            63636 kB
Node 1 Inactive:          74976 kB
Node 1 Active(anon):      19828 kB
Node 1 Inactive(anon):      456 kB
Node 1 Active(file):      43808 kB
Node 1 Inactive(file):    74520 kB
Node 1 Unevictable:         992 kB
Node 1 Mlocked:             992 kB
Node 1 Dirty:               416 kB
Node 1 Writeback:             0 kB
Node 1 FilePages:        119960 kB
Node 1 Mapped:            27308 kB
Node 1 AnonPages:         19660 kB
Node 1 Shmem:               624 kB
Node 1 KernelStack:        2824 kB
Node 1 PageTables:          536 kB
Node 1 NFS_Unstable:          0 kB
Node 1 Bounce:                0 kB
Node 1 WritebackTmp:          0 kB
Node 1 KReclaimable:      21400 kB
Node 1 Slab:              57348 kB
Node 1 SReclaimable:      21400 kB
Node 1 SUnreclaim:        35948 kB
Node 1 AnonHugePages:         0 kB
Node 1 ShmemHugePages:        0 kB
Node 1 ShmemPmdMapped:        0 kB
Node 1 FileHugePages:        0 kB
Node 1 FilePmdMapped:        0 kB
Node 1 HugePages_Total:     0
Node 1 HugePages_Free:      0
Node 1 HugePages_Surp:      0

After Test
Node 0 MemTotal:       24768352 kB
Node 0 MemFree:         7310560 kB
Node 0 MemUsed:        17457792 kB
Node 0 Active:            35024 kB
Node 0 Inactive:         123928 kB
Node 0 Active(anon):      13452 kB
Node 0 Inactive(anon):      496 kB
Node 0 Active(file):      21572 kB
Node 0 Inactive(file):   123432 kB
Node 0 Unevictable:       17764 kB
Node 0 Mlocked:           17764 kB
Node 0 Dirty:                 0 kB
Node 0 Writeback:             0 kB
Node 0 FilePages:        152848 kB
Node 0 Mapped:            19528 kB
Node 0 AnonPages:         23864 kB
Node 0 Shmem:               644 kB
Node 0 KernelStack:        1896 kB
Node 0 PageTables:          480 kB
Node 0 NFS_Unstable:          0 kB
Node 0 Bounce:                0 kB
Node 0 WritebackTmp:          0 kB
Node 0 KReclaimable:      22220 kB
Node 0 Slab:             121004 kB
Node 0 SReclaimable:      22220 kB
Node 0 SUnreclaim:        98784 kB
Node 0 AnonHugePages:         0 kB
Node 0 ShmemHugePages:        0 kB
Node 0 ShmemPmdMapped:        0 kB
Node 0 FileHugePages:        0 kB
Node 0 FilePmdMapped:        0 kB
Node 0 HugePages_Total:     0
Node 0 HugePages_Free:      0
Node 0 HugePages_Surp:      0

Node 1 MemTotal:       24661580 kB
Node 1 MemFree:        23705356 kB
Node 1 MemUsed:          956224 kB
Node 1 Active:            64744 kB
Node 1 Inactive:          75184 kB
Node 1 Active(anon):      20260 kB
Node 1 Inactive(anon):      448 kB
Node 1 Active(file):      44484 kB
Node 1 Inactive(file):    74736 kB
Node 1 Unevictable:         992 kB
Node 1 Mlocked:             992 kB
Node 1 Dirty:                 0 kB
Node 1 Writeback:             0 kB
Node 1 FilePages:        120836 kB
Node 1 Mapped:            27248 kB
Node 1 AnonPages:         19656 kB
Node 1 Shmem:               624 kB
Node 1 KernelStack:        2664 kB
Node 1 PageTables:          596 kB
Node 1 NFS_Unstable:          0 kB
Node 1 Bounce:                0 kB
Node 1 WritebackTmp:          0 kB
Node 1 KReclaimable:      21748 kB
Node 1 Slab:              61000 kB
Node 1 SReclaimable:      21748 kB
Node 1 SUnreclaim:        39252 kB
Node 1 AnonHugePages:         0 kB
Node 1 ShmemHugePages:        0 kB
Node 1 ShmemPmdMapped:        0 kB
Node 1 FileHugePages:        0 kB
Node 1 FilePmdMapped:        0 kB
Node 1 HugePages_Total:     0
Node 1 HugePages_Free:      0
Node 1 HugePages_Surp:      0

After Opposite Node
Node 0 MemTotal:       24768352 kB
Node 0 MemFree:         7310416 kB
Node 0 MemUsed:        17457936 kB
Node 0 Active:            35756 kB
Node 0 Inactive:         123672 kB
Node 0 Active(anon):      13904 kB
Node 0 Inactive(anon):      496 kB
Node 0 Active(file):      21852 kB
Node 0 Inactive(file):   123176 kB
Node 0 Unevictable:       17764 kB
Node 0 Mlocked:           17764 kB
Node 0 Dirty:                32 kB
Node 0 Writeback:             0 kB
Node 0 FilePages:        152872 kB
Node 0 Mapped:            19520 kB
Node 0 AnonPages:         24320 kB
Node 0 Shmem:               644 kB
Node 0 KernelStack:        1848 kB
Node 0 PageTables:          532 kB
Node 0 NFS_Unstable:          0 kB
Node 0 Bounce:                0 kB
Node 0 WritebackTmp:          0 kB
Node 0 KReclaimable:      22248 kB
Node 0 Slab:             121408 kB
Node 0 SReclaimable:      22248 kB
Node 0 SUnreclaim:        99160 kB
Node 0 AnonHugePages:         0 kB
Node 0 ShmemHugePages:        0 kB
Node 0 ShmemPmdMapped:        0 kB
Node 0 FileHugePages:        0 kB
Node 0 FilePmdMapped:        0 kB
Node 0 HugePages_Total:     0
Node 0 HugePages_Free:      0
Node 0 HugePages_Surp:      0

Node 1 MemTotal:       24661580 kB
Node 1 MemFree:        23705104 kB
Node 1 MemUsed:          956476 kB
Node 1 Active:            64352 kB
Node 1 Inactive:          75148 kB
Node 1 Active(anon):      19812 kB
Node 1 Inactive(anon):      448 kB
Node 1 Active(file):      44540 kB
Node 1 Inactive(file):    74700 kB
Node 1 Unevictable:         992 kB
Node 1 Mlocked:             992 kB
Node 1 Dirty:               104 kB
Node 1 Writeback:             0 kB
Node 1 FilePages:        120868 kB
Node 1 Mapped:            27212 kB
Node 1 AnonPages:         19640 kB
Node 1 Shmem:               624 kB
Node 1 KernelStack:        2632 kB
Node 1 PageTables:          536 kB
Node 1 NFS_Unstable:          0 kB
Node 1 Bounce:                0 kB
Node 1 WritebackTmp:          0 kB
Node 1 KReclaimable:      21752 kB
Node 1 Slab:              60984 kB
Node 1 SReclaimable:      21752 kB
Node 1 SUnreclaim:        39232 kB
Node 1 AnonHugePages:         0 kB
Node 1 ShmemHugePages:        0 kB
Node 1 ShmemPmdMapped:        0 kB
Node 1 FileHugePages:        0 kB
Node 1 FilePmdMapped:        0 kB
Node 1 HugePages_Total:     0
Node 1 HugePages_Free:      0
Node 1 HugePages_Surp:      0

B.1.1M-simpleread.16G.1.O.1M Complete!
