kernel.numa_balancing = 0
B.1.8M-simpleread.250M.2.O.1M
Begin
Node 0 MemTotal:       24768352 kB
Node 0 MemFree:        24380240 kB
Node 0 MemUsed:          388112 kB
Node 0 Active:            55308 kB
Node 0 Inactive:          64652 kB
Node 0 Active(anon):      17548 kB
Node 0 Inactive(anon):      408 kB
Node 0 Active(file):      37760 kB
Node 0 Inactive(file):    64244 kB
Node 0 Unevictable:        1120 kB
Node 0 Mlocked:            1120 kB
Node 0 Dirty:               388 kB
Node 0 Writeback:             0 kB
Node 0 FilePages:        103720 kB
Node 0 Mapped:            17496 kB
Node 0 AnonPages:         17356 kB
Node 0 Shmem:               600 kB
Node 0 KernelStack:        2040 kB
Node 0 PageTables:          432 kB
Node 0 NFS_Unstable:          0 kB
Node 0 Bounce:                0 kB
Node 0 WritebackTmp:          0 kB
Node 0 KReclaimable:      20900 kB
Node 0 Slab:              45420 kB
Node 0 SReclaimable:      20900 kB
Node 0 SUnreclaim:        24520 kB
Node 0 AnonHugePages:         0 kB
Node 0 ShmemHugePages:        0 kB
Node 0 ShmemPmdMapped:        0 kB
Node 0 FileHugePages:        0 kB
Node 0 FilePmdMapped:        0 kB
Node 0 HugePages_Total:     0
Node 0 HugePages_Free:      0
Node 0 HugePages_Surp:      0

Node 1 MemTotal:       24661580 kB
Node 1 MemFree:        24397092 kB
Node 1 MemUsed:          264488 kB
Node 1 Active:            39732 kB
Node 1 Inactive:          65480 kB
Node 1 Active(anon):      16312 kB
Node 1 Inactive(anon):      476 kB
Node 1 Active(file):      23420 kB
Node 1 Inactive(file):    65004 kB
Node 1 Unevictable:       17404 kB
Node 1 Mlocked:           17404 kB
Node 1 Dirty:                28 kB
Node 1 Writeback:             0 kB
Node 1 FilePages:         96620 kB
Node 1 Mapped:            56660 kB
Node 1 AnonPages:         26448 kB
Node 1 Shmem:               668 kB
Node 1 KernelStack:        1560 kB
Node 1 PageTables:          688 kB
Node 1 NFS_Unstable:          0 kB
Node 1 Bounce:                0 kB
Node 1 WritebackTmp:          0 kB
Node 1 KReclaimable:      20840 kB
Node 1 Slab:              60804 kB
Node 1 SReclaimable:      20840 kB
Node 1 SUnreclaim:        39964 kB
Node 1 AnonHugePages:         0 kB
Node 1 ShmemHugePages:        0 kB
Node 1 ShmemPmdMapped:        0 kB
Node 1 FileHugePages:        0 kB
Node 1 FilePmdMapped:        0 kB
Node 1 HugePages_Total:     0
Node 1 HugePages_Free:      0
Node 1 HugePages_Surp:      0

Load ZFS
Node 0 MemTotal:       24768352 kB
Node 0 MemFree:        24271944 kB
Node 0 MemUsed:          496408 kB
Node 0 Active:            69244 kB
Node 0 Inactive:         152060 kB
Node 0 Active(anon):      31068 kB
Node 0 Inactive(anon):      480 kB
Node 0 Active(file):      38176 kB
Node 0 Inactive(file):   151580 kB
Node 0 Unevictable:        1120 kB
Node 0 Mlocked:            1120 kB
Node 0 Dirty:               192 kB
Node 0 Writeback:             0 kB
Node 0 FilePages:        191528 kB
Node 0 Mapped:            19108 kB
Node 0 AnonPages:         30404 kB
Node 0 Shmem:               656 kB
Node 0 KernelStack:        2360 kB
Node 0 PageTables:         1524 kB
Node 0 NFS_Unstable:          0 kB
Node 0 Bounce:                0 kB
Node 0 WritebackTmp:          0 kB
Node 0 KReclaimable:      21820 kB
Node 0 Slab:              49708 kB
Node 0 SReclaimable:      21820 kB
Node 0 SUnreclaim:        27888 kB
Node 0 AnonHugePages:         0 kB
Node 0 ShmemHugePages:        0 kB
Node 0 ShmemPmdMapped:        0 kB
Node 0 FileHugePages:        0 kB
Node 0 FilePmdMapped:        0 kB
Node 0 HugePages_Total:     0
Node 0 HugePages_Free:      0
Node 0 HugePages_Surp:      0

Node 1 MemTotal:       24661580 kB
Node 1 MemFree:        24361584 kB
Node 1 MemUsed:          299996 kB
Node 1 Active:            54572 kB
Node 1 Inactive:          81476 kB
Node 1 Active(anon):      28768 kB
Node 1 Inactive(anon):      460 kB
Node 1 Active(file):      25804 kB
Node 1 Inactive(file):    81016 kB
Node 1 Unevictable:       17620 kB
Node 1 Mlocked:           17620 kB
Node 1 Dirty:               384 kB
Node 1 Writeback:             0 kB
Node 1 FilePages:        114508 kB
Node 1 Mapped:            59224 kB
Node 1 AnonPages:         38920 kB
Node 1 Shmem:               612 kB
Node 1 KernelStack:        1880 kB
Node 1 PageTables:         1572 kB
Node 1 NFS_Unstable:          0 kB
Node 1 Bounce:                0 kB
Node 1 WritebackTmp:          0 kB
Node 1 KReclaimable:      21616 kB
Node 1 Slab:              63596 kB
Node 1 SReclaimable:      21616 kB
Node 1 SUnreclaim:        41980 kB
Node 1 AnonHugePages:         0 kB
Node 1 ShmemHugePages:        0 kB
Node 1 ShmemPmdMapped:        0 kB
Node 1 FileHugePages:        0 kB
Node 1 FilePmdMapped:        0 kB
Node 1 HugePages_Total:     0
Node 1 HugePages_Free:      0
Node 1 HugePages_Surp:      0

Import tank ZPool
Node 0 MemTotal:       24768352 kB
Node 0 MemFree:        24270640 kB
Node 0 MemUsed:          497712 kB
Node 0 Active:            55276 kB
Node 0 Inactive:         151824 kB
Node 0 Active(anon):      16876 kB
Node 0 Inactive(anon):      488 kB
Node 0 Active(file):      38400 kB
Node 0 Inactive(file):   151336 kB
Node 0 Unevictable:        1120 kB
Node 0 Mlocked:            1120 kB
Node 0 Dirty:               112 kB
Node 0 Writeback:             0 kB
Node 0 FilePages:        191520 kB
Node 0 Mapped:            17500 kB
Node 0 AnonPages:         16696 kB
Node 0 Shmem:               668 kB
Node 0 KernelStack:        3144 kB
Node 0 PageTables:          432 kB
Node 0 NFS_Unstable:          0 kB
Node 0 Bounce:                0 kB
Node 0 WritebackTmp:          0 kB
Node 0 KReclaimable:      21868 kB
Node 0 Slab:              51796 kB
Node 0 SReclaimable:      21868 kB
Node 0 SUnreclaim:        29928 kB
Node 0 AnonHugePages:         0 kB
Node 0 ShmemHugePages:        0 kB
Node 0 ShmemPmdMapped:        0 kB
Node 0 FileHugePages:        0 kB
Node 0 FilePmdMapped:        0 kB
Node 0 HugePages_Total:     0
Node 0 HugePages_Free:      0
Node 0 HugePages_Surp:      0

Node 1 MemTotal:       24661580 kB
Node 1 MemFree:        24367236 kB
Node 1 MemUsed:          294344 kB
Node 1 Active:            43680 kB
Node 1 Inactive:          82132 kB
Node 1 Active(anon):      16816 kB
Node 1 Inactive(anon):      460 kB
Node 1 Active(file):      26864 kB
Node 1 Inactive(file):    81672 kB
Node 1 Unevictable:       17636 kB
Node 1 Mlocked:           17636 kB
Node 1 Dirty:               460 kB
Node 1 Writeback:             0 kB
Node 1 FilePages:        116228 kB
Node 1 Mapped:            56884 kB
Node 1 AnonPages:         26868 kB
Node 1 Shmem:               600 kB
Node 1 KernelStack:        1592 kB
Node 1 PageTables:          828 kB
Node 1 NFS_Unstable:          0 kB
Node 1 Bounce:                0 kB
Node 1 WritebackTmp:          0 kB
Node 1 KReclaimable:      21736 kB
Node 1 Slab:              68676 kB
Node 1 SReclaimable:      21736 kB
Node 1 SUnreclaim:        46940 kB
Node 1 AnonHugePages:         0 kB
Node 1 ShmemHugePages:        0 kB
Node 1 ShmemPmdMapped:        0 kB
Node 1 FileHugePages:        0 kB
Node 1 FilePmdMapped:        0 kB
Node 1 HugePages_Total:     0
Node 1 HugePages_Free:      0
Node 1 HugePages_Surp:      0

After Test
Node 0 MemTotal:       24768352 kB
Node 0 MemFree:        23995560 kB
Node 0 MemUsed:          772792 kB
Node 0 Active:            55276 kB
Node 0 Inactive:         151824 kB
Node 0 Active(anon):      16876 kB
Node 0 Inactive(anon):      488 kB
Node 0 Active(file):      38400 kB
Node 0 Inactive(file):   151336 kB
Node 0 Unevictable:        1120 kB
Node 0 Mlocked:            1120 kB
Node 0 Dirty:               112 kB
Node 0 Writeback:             0 kB
Node 0 FilePages:        191520 kB
Node 0 Mapped:            17476 kB
Node 0 AnonPages:         16696 kB
Node 0 Shmem:               668 kB
Node 0 KernelStack:        3144 kB
Node 0 PageTables:          432 kB
Node 0 NFS_Unstable:          0 kB
Node 0 Bounce:                0 kB
Node 0 WritebackTmp:          0 kB
Node 0 KReclaimable:      21868 kB
Node 0 Slab:              52864 kB
Node 0 SReclaimable:      21868 kB
Node 0 SUnreclaim:        30996 kB
Node 0 AnonHugePages:         0 kB
Node 0 ShmemHugePages:        0 kB
Node 0 ShmemPmdMapped:        0 kB
Node 0 FileHugePages:        0 kB
Node 0 FilePmdMapped:        0 kB
Node 0 HugePages_Total:     0
Node 0 HugePages_Free:      0
Node 0 HugePages_Surp:      0

Node 1 MemTotal:       24661580 kB
Node 1 MemFree:        24104316 kB
Node 1 MemUsed:          557264 kB
Node 1 Active:            45144 kB
Node 1 Inactive:          89644 kB
Node 1 Active(anon):      17504 kB
Node 1 Inactive(anon):      452 kB
Node 1 Active(file):      27640 kB
Node 1 Inactive(file):    89192 kB
Node 1 Unevictable:       17636 kB
Node 1 Mlocked:           17636 kB
Node 1 Dirty:               460 kB
Node 1 Writeback:             0 kB
Node 1 FilePages:        124508 kB
Node 1 Mapped:            56736 kB
Node 1 AnonPages:         27980 kB
Node 1 Shmem:               600 kB
Node 1 KernelStack:        1560 kB
Node 1 PageTables:          812 kB
Node 1 NFS_Unstable:          0 kB
Node 1 Bounce:                0 kB
Node 1 WritebackTmp:          0 kB
Node 1 KReclaimable:      21760 kB
Node 1 Slab:              70988 kB
Node 1 SReclaimable:      21760 kB
Node 1 SUnreclaim:        49228 kB
Node 1 AnonHugePages:         0 kB
Node 1 ShmemHugePages:        0 kB
Node 1 ShmemPmdMapped:        0 kB
Node 1 FileHugePages:        0 kB
Node 1 FilePmdMapped:        0 kB
Node 1 HugePages_Total:     0
Node 1 HugePages_Free:      0
Node 1 HugePages_Surp:      0

After Opposite Node
Node 0 MemTotal:       24768352 kB
Node 0 MemFree:        23994644 kB
Node 0 MemUsed:          773708 kB
Node 0 Active:            55552 kB
Node 0 Inactive:         151828 kB
Node 0 Active(anon):      17140 kB
Node 0 Inactive(anon):      488 kB
Node 0 Active(file):      38412 kB
Node 0 Inactive(file):   151340 kB
Node 0 Unevictable:        1120 kB
Node 0 Mlocked:            1120 kB
Node 0 Dirty:               116 kB
Node 0 Writeback:             0 kB
Node 0 FilePages:        191540 kB
Node 0 Mapped:            17476 kB
Node 0 AnonPages:         17052 kB
Node 0 Shmem:               668 kB
Node 0 KernelStack:        3160 kB
Node 0 PageTables:          480 kB
Node 0 NFS_Unstable:          0 kB
Node 0 Bounce:                0 kB
Node 0 WritebackTmp:          0 kB
Node 0 KReclaimable:      21904 kB
Node 0 Slab:              53008 kB
Node 0 SReclaimable:      21904 kB
Node 0 SUnreclaim:        31104 kB
Node 0 AnonHugePages:         0 kB
Node 0 ShmemHugePages:        0 kB
Node 0 ShmemPmdMapped:        0 kB
Node 0 FileHugePages:        0 kB
Node 0 FilePmdMapped:        0 kB
Node 0 HugePages_Total:     0
Node 0 HugePages_Free:      0
Node 0 HugePages_Surp:      0

Node 1 MemTotal:       24661580 kB
Node 1 MemFree:        24104844 kB
Node 1 MemUsed:          556736 kB
Node 1 Active:            45164 kB
Node 1 Inactive:          89588 kB
Node 1 Active(anon):      17456 kB
Node 1 Inactive(anon):      452 kB
Node 1 Active(file):      27708 kB
Node 1 Inactive(file):    89136 kB
Node 1 Unevictable:       17636 kB
Node 1 Mlocked:           17636 kB
Node 1 Dirty:               468 kB
Node 1 Writeback:             0 kB
Node 1 FilePages:        124520 kB
Node 1 Mapped:            56804 kB
Node 1 AnonPages:         27892 kB
Node 1 Shmem:               600 kB
Node 1 KernelStack:        1560 kB
Node 1 PageTables:          784 kB
Node 1 NFS_Unstable:          0 kB
Node 1 Bounce:                0 kB
Node 1 WritebackTmp:          0 kB
Node 1 KReclaimable:      21764 kB
Node 1 Slab:              70992 kB
Node 1 SReclaimable:      21764 kB
Node 1 SUnreclaim:        49228 kB
Node 1 AnonHugePages:         0 kB
Node 1 ShmemHugePages:        0 kB
Node 1 ShmemPmdMapped:        0 kB
Node 1 FileHugePages:        0 kB
Node 1 FilePmdMapped:        0 kB
Node 1 HugePages_Total:     0
Node 1 HugePages_Free:      0
Node 1 HugePages_Surp:      0

B.1.8M-simpleread.250M.2.O.1M Complete!
