kernel.numa_balancing = 0
175 Tests Remaining!
B.1.128M-simpleread.16G.3.O.1M
Begin
Node 0 MemTotal:       24768352 kB
Node 0 MemFree:        24496784 kB
Node 0 MemUsed:          271568 kB
Node 0 Active:            53896 kB
Node 0 Inactive:          67928 kB
Node 0 Active(anon):      27672 kB
Node 0 Inactive(anon):      476 kB
Node 0 Active(file):      26224 kB
Node 0 Inactive(file):    67452 kB
Node 0 Unevictable:       17948 kB
Node 0 Mlocked:           17948 kB
Node 0 Dirty:               368 kB
Node 0 Writeback:             0 kB
Node 0 FilePages:        101948 kB
Node 0 Mapped:            23808 kB
Node 0 AnonPages:         37800 kB
Node 0 Shmem:               652 kB
Node 0 KernelStack:        2232 kB
Node 0 PageTables:          840 kB
Node 0 NFS_Unstable:          0 kB
Node 0 Bounce:                0 kB
Node 0 WritebackTmp:          0 kB
Node 0 KReclaimable:      21392 kB
Node 0 Slab:              49768 kB
Node 0 SReclaimable:      21392 kB
Node 0 SUnreclaim:        28376 kB
Node 0 AnonHugePages:         0 kB
Node 0 ShmemHugePages:        0 kB
Node 0 ShmemPmdMapped:        0 kB
Node 0 FileHugePages:        0 kB
Node 0 FilePmdMapped:        0 kB
Node 0 HugePages_Total:     0
Node 0 HugePages_Free:      0
Node 0 HugePages_Surp:      0

Node 1 MemTotal:       24661580 kB
Node 1 MemFree:        24313288 kB
Node 1 MemUsed:          348292 kB
Node 1 Active:            42796 kB
Node 1 Inactive:          29996 kB
Node 1 Active(anon):       6456 kB
Node 1 Inactive(anon):      400 kB
Node 1 Active(file):      36340 kB
Node 1 Inactive(file):    29596 kB
Node 1 Unevictable:         576 kB
Node 1 Mlocked:             576 kB
Node 1 Dirty:               144 kB
Node 1 Writeback:             0 kB
Node 1 FilePages:         67124 kB
Node 1 Mapped:            21368 kB
Node 1 AnonPages:          6256 kB
Node 1 Shmem:               616 kB
Node 1 KernelStack:        1624 kB
Node 1 PageTables:          420 kB
Node 1 NFS_Unstable:          0 kB
Node 1 Bounce:                0 kB
Node 1 WritebackTmp:          0 kB
Node 1 KReclaimable:      21748 kB
Node 1 Slab:              58512 kB
Node 1 SReclaimable:      21748 kB
Node 1 SUnreclaim:        36764 kB
Node 1 AnonHugePages:         0 kB
Node 1 ShmemHugePages:        0 kB
Node 1 ShmemPmdMapped:        0 kB
Node 1 FileHugePages:        0 kB
Node 1 FilePmdMapped:        0 kB
Node 1 HugePages_Total:     0
Node 1 HugePages_Free:      0
Node 1 HugePages_Surp:      0

Load ZFS
Node 0 MemTotal:       24768352 kB
Node 0 MemFree:        24473492 kB
Node 0 MemUsed:          294860 kB
Node 0 Active:            68768 kB
Node 0 Inactive:          68204 kB
Node 0 Active(anon):      41044 kB
Node 0 Inactive(anon):      484 kB
Node 0 Active(file):      27724 kB
Node 0 Inactive(file):    67720 kB
Node 0 Unevictable:       18164 kB
Node 0 Mlocked:           18164 kB
Node 0 Dirty:               132 kB
Node 0 Writeback:             0 kB
Node 0 FilePages:        103724 kB
Node 0 Mapped:            26296 kB
Node 0 AnonPages:         51156 kB
Node 0 Shmem:               660 kB
Node 0 KernelStack:        2344 kB
Node 0 PageTables:         1356 kB
Node 0 NFS_Unstable:          0 kB
Node 0 Bounce:                0 kB
Node 0 WritebackTmp:          0 kB
Node 0 KReclaimable:      21808 kB
Node 0 Slab:              51888 kB
Node 0 SReclaimable:      21808 kB
Node 0 SUnreclaim:        30080 kB
Node 0 AnonHugePages:         0 kB
Node 0 ShmemHugePages:        0 kB
Node 0 ShmemPmdMapped:        0 kB
Node 0 FileHugePages:        0 kB
Node 0 FilePmdMapped:        0 kB
Node 0 HugePages_Total:     0
Node 0 HugePages_Free:      0
Node 0 HugePages_Surp:      0

Node 1 MemTotal:       24661580 kB
Node 1 MemFree:        24192872 kB
Node 1 MemUsed:          468708 kB
Node 1 Active:            53164 kB
Node 1 Inactive:         133176 kB
Node 1 Active(anon):      15928 kB
Node 1 Inactive(anon):      464 kB
Node 1 Active(file):      37236 kB
Node 1 Inactive(file):   132712 kB
Node 1 Unevictable:         576 kB
Node 1 Mlocked:             576 kB
Node 1 Dirty:               376 kB
Node 1 Writeback:             0 kB
Node 1 FilePages:        171128 kB
Node 1 Mapped:            22652 kB
Node 1 AnonPages:         15788 kB
Node 1 Shmem:               608 kB
Node 1 KernelStack:        1832 kB
Node 1 PageTables:         2020 kB
Node 1 NFS_Unstable:          0 kB
Node 1 Bounce:                0 kB
Node 1 WritebackTmp:          0 kB
Node 1 KReclaimable:      22576 kB
Node 1 Slab:              61876 kB
Node 1 SReclaimable:      22576 kB
Node 1 SUnreclaim:        39300 kB
Node 1 AnonHugePages:         0 kB
Node 1 ShmemHugePages:        0 kB
Node 1 ShmemPmdMapped:        0 kB
Node 1 FileHugePages:        0 kB
Node 1 FilePmdMapped:        0 kB
Node 1 HugePages_Total:     0
Node 1 HugePages_Free:      0
Node 1 HugePages_Surp:      0

Import tank ZPool
Node 0 MemTotal:       24768352 kB
Node 0 MemFree:        24472852 kB
Node 0 MemUsed:          295500 kB
Node 0 Active:            54716 kB
Node 0 Inactive:          67948 kB
Node 0 Active(anon):      26736 kB
Node 0 Inactive(anon):      484 kB
Node 0 Active(file):      27980 kB
Node 0 Inactive(file):    67464 kB
Node 0 Unevictable:       18180 kB
Node 0 Mlocked:           18180 kB
Node 0 Dirty:                72 kB
Node 0 Writeback:             0 kB
Node 0 FilePages:        103728 kB
Node 0 Mapped:            23980 kB
Node 0 AnonPages:         37116 kB
Node 0 Shmem:               664 kB
Node 0 KernelStack:        3304 kB
Node 0 PageTables:          616 kB
Node 0 NFS_Unstable:          0 kB
Node 0 Bounce:                0 kB
Node 0 WritebackTmp:          0 kB
Node 0 KReclaimable:      21828 kB
Node 0 Slab:              54184 kB
Node 0 SReclaimable:      21828 kB
Node 0 SUnreclaim:        32356 kB
Node 0 AnonHugePages:         0 kB
Node 0 ShmemHugePages:        0 kB
Node 0 ShmemPmdMapped:        0 kB
Node 0 FileHugePages:        0 kB
Node 0 FilePmdMapped:        0 kB
Node 0 HugePages_Total:     0
Node 0 HugePages_Free:      0
Node 0 HugePages_Surp:      0

Node 1 MemTotal:       24661580 kB
Node 1 MemFree:        24197148 kB
Node 1 MemUsed:          464432 kB
Node 1 Active:            44672 kB
Node 1 Inactive:         134100 kB
Node 1 Active(anon):       6716 kB
Node 1 Inactive(anon):      468 kB
Node 1 Active(file):      37956 kB
Node 1 Inactive(file):   133632 kB
Node 1 Unevictable:         576 kB
Node 1 Mlocked:             576 kB
Node 1 Dirty:               412 kB
Node 1 Writeback:             0 kB
Node 1 FilePages:        172796 kB
Node 1 Mapped:            21448 kB
Node 1 AnonPages:          6592 kB
Node 1 Shmem:               604 kB
Node 1 KernelStack:        1432 kB
Node 1 PageTables:          444 kB
Node 1 NFS_Unstable:          0 kB
Node 1 Bounce:                0 kB
Node 1 WritebackTmp:          0 kB
Node 1 KReclaimable:      22716 kB
Node 1 Slab:              67016 kB
Node 1 SReclaimable:      22716 kB
Node 1 SUnreclaim:        44300 kB
Node 1 AnonHugePages:         0 kB
Node 1 ShmemHugePages:        0 kB
Node 1 ShmemPmdMapped:        0 kB
Node 1 FileHugePages:        0 kB
Node 1 FilePmdMapped:        0 kB
Node 1 HugePages_Total:     0
Node 1 HugePages_Free:      0
Node 1 HugePages_Surp:      0

After Test
Node 0 MemTotal:       24768352 kB
Node 0 MemFree:        23730208 kB
Node 0 MemUsed:         1038144 kB
Node 0 Active:            54456 kB
Node 0 Inactive:          67860 kB
Node 0 Active(anon):      26348 kB
Node 0 Inactive(anon):      480 kB
Node 0 Active(file):      28108 kB
Node 0 Inactive(file):    67380 kB
Node 0 Unevictable:       18180 kB
Node 0 Mlocked:           18180 kB
Node 0 Dirty:                16 kB
Node 0 Writeback:             0 kB
Node 0 FilePages:        103836 kB
Node 0 Mapped:            23828 kB
Node 0 AnonPages:         36724 kB
Node 0 Shmem:               664 kB
Node 0 KernelStack:        3128 kB
Node 0 PageTables:          616 kB
Node 0 NFS_Unstable:          0 kB
Node 0 Bounce:                0 kB
Node 0 WritebackTmp:          0 kB
Node 0 KReclaimable:      22072 kB
Node 0 Slab:              57576 kB
Node 0 SReclaimable:      22072 kB
Node 0 SUnreclaim:        35504 kB
Node 0 AnonHugePages:         0 kB
Node 0 ShmemHugePages:        0 kB
Node 0 ShmemPmdMapped:        0 kB
Node 0 FileHugePages:        0 kB
Node 0 FilePmdMapped:        0 kB
Node 0 HugePages_Total:     0
Node 0 HugePages_Free:      0
Node 0 HugePages_Surp:      0

Node 1 MemTotal:       24661580 kB
Node 1 MemFree:         7161440 kB
Node 1 MemUsed:        17500140 kB
Node 1 Active:            46152 kB
Node 1 Inactive:         258904 kB
Node 1 Active(anon):       7184 kB
Node 1 Inactive(anon):      464 kB
Node 1 Active(file):      38968 kB
Node 1 Inactive(file):   258440 kB
Node 1 Unevictable:         576 kB
Node 1 Mlocked:             576 kB
Node 1 Dirty:                36 kB
Node 1 Writeback:             0 kB
Node 1 FilePages:        298584 kB
Node 1 Mapped:            21272 kB
Node 1 AnonPages:          6952 kB
Node 1 Shmem:               604 kB
Node 1 KernelStack:        1288 kB
Node 1 PageTables:          692 kB
Node 1 NFS_Unstable:          0 kB
Node 1 Bounce:                0 kB
Node 1 WritebackTmp:          0 kB
Node 1 KReclaimable:      23092 kB
Node 1 Slab:             124252 kB
Node 1 SReclaimable:      23092 kB
Node 1 SUnreclaim:       101160 kB
Node 1 AnonHugePages:         0 kB
Node 1 ShmemHugePages:        0 kB
Node 1 ShmemPmdMapped:        0 kB
Node 1 FileHugePages:        0 kB
Node 1 FilePmdMapped:        0 kB
Node 1 HugePages_Total:     0
Node 1 HugePages_Free:      0
Node 1 HugePages_Surp:      0

After Opposite Node
Node 0 MemTotal:       24768352 kB
Node 0 MemFree:        23730064 kB
Node 0 MemUsed:         1038288 kB
Node 0 Active:            55160 kB
Node 0 Inactive:          67608 kB
Node 0 Active(anon):      26712 kB
Node 0 Inactive(anon):      480 kB
Node 0 Active(file):      28448 kB
Node 0 Inactive(file):    67128 kB
Node 0 Unevictable:       18180 kB
Node 0 Mlocked:           18180 kB
Node 0 Dirty:                20 kB
Node 0 Writeback:             0 kB
Node 0 FilePages:        103868 kB
Node 0 Mapped:            23824 kB
Node 0 AnonPages:         36932 kB
Node 0 Shmem:               664 kB
Node 0 KernelStack:        3128 kB
Node 0 PageTables:          908 kB
Node 0 NFS_Unstable:          0 kB
Node 0 Bounce:                0 kB
Node 0 WritebackTmp:          0 kB
Node 0 KReclaimable:      22104 kB
Node 0 Slab:              57688 kB
Node 0 SReclaimable:      22104 kB
Node 0 SUnreclaim:        35584 kB
Node 0 AnonHugePages:         0 kB
Node 0 ShmemHugePages:        0 kB
Node 0 ShmemPmdMapped:        0 kB
Node 0 FileHugePages:        0 kB
Node 0 FilePmdMapped:        0 kB
Node 0 HugePages_Total:     0
Node 0 HugePages_Free:      0
Node 0 HugePages_Surp:      0

Node 1 MemTotal:       24661580 kB
Node 1 MemFree:         7164676 kB
Node 1 MemUsed:        17496904 kB
Node 1 Active:            45872 kB
Node 1 Inactive:         258884 kB
Node 1 Active(anon):       6868 kB
Node 1 Inactive(anon):      464 kB
Node 1 Active(file):      39004 kB
Node 1 Inactive(file):   258420 kB
Node 1 Unevictable:         576 kB
Node 1 Mlocked:             576 kB
Node 1 Dirty:                48 kB
Node 1 Writeback:             0 kB
Node 1 FilePages:        298600 kB
Node 1 Mapped:            21296 kB
Node 1 AnonPages:          6748 kB
Node 1 Shmem:               604 kB
Node 1 KernelStack:        1304 kB
Node 1 PageTables:          396 kB
Node 1 NFS_Unstable:          0 kB
Node 1 Bounce:                0 kB
Node 1 WritebackTmp:          0 kB
Node 1 KReclaimable:      23092 kB
Node 1 Slab:             124360 kB
Node 1 SReclaimable:      23092 kB
Node 1 SUnreclaim:       101268 kB
Node 1 AnonHugePages:         0 kB
Node 1 ShmemHugePages:        0 kB
Node 1 ShmemPmdMapped:        0 kB
Node 1 FileHugePages:        0 kB
Node 1 FilePmdMapped:        0 kB
Node 1 HugePages_Total:     0
Node 1 HugePages_Free:      0
Node 1 HugePages_Surp:      0

B.1.128M-simpleread.16G.3.O.1M Complete!
