kernel.numa_balancing = 0
B.1.256M-simpleread.2-1G.3.O.1M
Begin
Node 0 MemTotal:       24768352 kB
Node 0 MemFree:        24445112 kB
Node 0 MemUsed:          323240 kB
Node 0 Active:            52976 kB
Node 0 Inactive:         100124 kB
Node 0 Active(anon):      26140 kB
Node 0 Inactive(anon):      464 kB
Node 0 Active(file):      26836 kB
Node 0 Inactive(file):    99660 kB
Node 0 Unevictable:       17100 kB
Node 0 Mlocked:           17100 kB
Node 0 Dirty:               300 kB
Node 0 Writeback:             0 kB
Node 0 FilePages:        133944 kB
Node 0 Mapped:            58232 kB
Node 0 AnonPages:         36376 kB
Node 0 Shmem:               676 kB
Node 0 KernelStack:        2024 kB
Node 0 PageTables:          936 kB
Node 0 NFS_Unstable:          0 kB
Node 0 Bounce:                0 kB
Node 0 WritebackTmp:          0 kB
Node 0 KReclaimable:      24372 kB
Node 0 Slab:              64372 kB
Node 0 SReclaimable:      24372 kB
Node 0 SUnreclaim:        40000 kB
Node 0 AnonHugePages:         0 kB
Node 0 ShmemHugePages:        0 kB
Node 0 ShmemPmdMapped:        0 kB
Node 0 FileHugePages:        0 kB
Node 0 FilePmdMapped:        0 kB
Node 0 HugePages_Total:     0
Node 0 HugePages_Free:      0
Node 0 HugePages_Surp:      0

Node 1 MemTotal:       24661580 kB
Node 1 MemFree:        24342940 kB
Node 1 MemUsed:          318640 kB
Node 1 Active:            42660 kB
Node 1 Inactive:          20560 kB
Node 1 Active(anon):       7804 kB
Node 1 Inactive(anon):      400 kB
Node 1 Active(file):      34856 kB
Node 1 Inactive(file):    20160 kB
Node 1 Unevictable:        1424 kB
Node 1 Mlocked:            1424 kB
Node 1 Dirty:                56 kB
Node 1 Writeback:             0 kB
Node 1 FilePages:         57088 kB
Node 1 Mapped:             9376 kB
Node 1 AnonPages:          7632 kB
Node 1 Shmem:               592 kB
Node 1 KernelStack:        1640 kB
Node 1 PageTables:          276 kB
Node 1 NFS_Unstable:          0 kB
Node 1 Bounce:                0 kB
Node 1 WritebackTmp:          0 kB
Node 1 KReclaimable:      16784 kB
Node 1 Slab:              40560 kB
Node 1 SReclaimable:      16784 kB
Node 1 SUnreclaim:        23776 kB
Node 1 AnonHugePages:         0 kB
Node 1 ShmemHugePages:        0 kB
Node 1 ShmemPmdMapped:        0 kB
Node 1 FileHugePages:        0 kB
Node 1 FilePmdMapped:        0 kB
Node 1 HugePages_Total:     0
Node 1 HugePages_Free:      0
Node 1 HugePages_Surp:      0

Load ZFS
Node 0 MemTotal:       24768352 kB
Node 0 MemFree:        24212792 kB
Node 0 MemUsed:          555560 kB
Node 0 Active:            67820 kB
Node 0 Inactive:         174524 kB
Node 0 Active(anon):      40128 kB
Node 0 Inactive(anon):      484 kB
Node 0 Active(file):      27692 kB
Node 0 Inactive(file):   174040 kB
Node 0 Unevictable:       17300 kB
Node 0 Mlocked:           17300 kB
Node 0 Dirty:               540 kB
Node 0 Writeback:             0 kB
Node 0 FilePages:        209180 kB
Node 0 Mapped:            61676 kB
Node 0 AnonPages:         50896 kB
Node 0 Shmem:               680 kB
Node 0 KernelStack:        2288 kB
Node 0 PageTables:         2224 kB
Node 0 NFS_Unstable:          0 kB
Node 0 Bounce:                0 kB
Node 0 WritebackTmp:          0 kB
Node 0 KReclaimable:      25500 kB
Node 0 Slab:              68780 kB
Node 0 SReclaimable:      25500 kB
Node 0 SUnreclaim:        43280 kB
Node 0 AnonHugePages:         0 kB
Node 0 ShmemHugePages:        0 kB
Node 0 ShmemPmdMapped:        0 kB
Node 0 FileHugePages:        0 kB
Node 0 FilePmdMapped:        0 kB
Node 0 HugePages_Total:     0
Node 0 HugePages_Free:      0
Node 0 HugePages_Surp:      0

Node 1 MemTotal:       24661580 kB
Node 1 MemFree:        24431516 kB
Node 1 MemUsed:          230064 kB
Node 1 Active:            55644 kB
Node 1 Inactive:          49508 kB
Node 1 Active(anon):      18964 kB
Node 1 Inactive(anon):      452 kB
Node 1 Active(file):      36680 kB
Node 1 Inactive(file):    49056 kB
Node 1 Unevictable:        1424 kB
Node 1 Mlocked:            1424 kB
Node 1 Dirty:               100 kB
Node 1 Writeback:             0 kB
Node 1 FilePages:         87744 kB
Node 1 Mapped:            10072 kB
Node 1 AnonPages:         19168 kB
Node 1 Shmem:               588 kB
Node 1 KernelStack:        1900 kB
Node 1 PageTables:         1012 kB
Node 1 NFS_Unstable:          0 kB
Node 1 Bounce:                0 kB
Node 1 WritebackTmp:          0 kB
Node 1 KReclaimable:      17384 kB
Node 1 Slab:              43376 kB
Node 1 SReclaimable:      17384 kB
Node 1 SUnreclaim:        25992 kB
Node 1 AnonHugePages:         0 kB
Node 1 ShmemHugePages:        0 kB
Node 1 ShmemPmdMapped:        0 kB
Node 1 FileHugePages:        0 kB
Node 1 FilePmdMapped:        0 kB
Node 1 HugePages_Total:     0
Node 1 HugePages_Free:      0
Node 1 HugePages_Surp:      0

Import tank ZPool
Node 0 MemTotal:       24768352 kB
Node 0 MemFree:        24214876 kB
Node 0 MemUsed:          553476 kB
Node 0 Active:            67664 kB
Node 0 Inactive:         174528 kB
Node 0 Active(anon):      39972 kB
Node 0 Inactive(anon):      488 kB
Node 0 Active(file):      27692 kB
Node 0 Inactive(file):   174040 kB
Node 0 Unevictable:       17332 kB
Node 0 Mlocked:           17332 kB
Node 0 Dirty:                28 kB
Node 0 Writeback:             0 kB
Node 0 FilePages:        209176 kB
Node 0 Mapped:            61400 kB
Node 0 AnonPages:         50348 kB
Node 0 Shmem:               672 kB
Node 0 KernelStack:        2216 kB
Node 0 PageTables:         1884 kB
Node 0 NFS_Unstable:          0 kB
Node 0 Bounce:                0 kB
Node 0 WritebackTmp:          0 kB
Node 0 KReclaimable:      25500 kB
Node 0 Slab:              68820 kB
Node 0 SReclaimable:      25500 kB
Node 0 SUnreclaim:        43320 kB
Node 0 AnonHugePages:         0 kB
Node 0 ShmemHugePages:        0 kB
Node 0 ShmemPmdMapped:        0 kB
Node 0 FileHugePages:        0 kB
Node 0 FilePmdMapped:        0 kB
Node 0 HugePages_Total:     0
Node 0 HugePages_Free:      0
Node 0 HugePages_Surp:      0

Node 1 MemTotal:       24661580 kB
Node 1 MemFree:        24413080 kB
Node 1 MemUsed:          248500 kB
Node 1 Active:            56312 kB
Node 1 Inactive:          50752 kB
Node 1 Active(anon):      19184 kB
Node 1 Inactive(anon):      460 kB
Node 1 Active(file):      37128 kB
Node 1 Inactive(file):    50292 kB
Node 1 Unevictable:        1424 kB
Node 1 Mlocked:            1424 kB
Node 1 Dirty:                28 kB
Node 1 Writeback:             0 kB
Node 1 FilePages:         89488 kB
Node 1 Mapped:            10260 kB
Node 1 AnonPages:         18824 kB
Node 1 Shmem:               596 kB
Node 1 KernelStack:        3016 kB
Node 1 PageTables:          976 kB
Node 1 NFS_Unstable:          0 kB
Node 1 Bounce:                0 kB
Node 1 WritebackTmp:          0 kB
Node 1 KReclaimable:      17524 kB
Node 1 Slab:              49756 kB
Node 1 SReclaimable:      17524 kB
Node 1 SUnreclaim:        32232 kB
Node 1 AnonHugePages:         0 kB
Node 1 ShmemHugePages:        0 kB
Node 1 ShmemPmdMapped:        0 kB
Node 1 FileHugePages:        0 kB
Node 1 FilePmdMapped:        0 kB
Node 1 HugePages_Total:     0
Node 1 HugePages_Free:      0
Node 1 HugePages_Surp:      0

After Test
Node 0 MemTotal:       24768352 kB
Node 0 MemFree:        23772756 kB
Node 0 MemUsed:          995596 kB
Node 0 Active:            53508 kB
Node 0 Inactive:         173924 kB
Node 0 Active(anon):      25220 kB
Node 0 Inactive(anon):      480 kB
Node 0 Active(file):      28288 kB
Node 0 Inactive(file):   173444 kB
Node 0 Unevictable:       17332 kB
Node 0 Mlocked:           17332 kB
Node 0 Dirty:                40 kB
Node 0 Writeback:             0 kB
Node 0 FilePages:        209172 kB
Node 0 Mapped:            58368 kB
Node 0 AnonPages:         35592 kB
Node 0 Shmem:               668 kB
Node 0 KernelStack:        1880 kB
Node 0 PageTables:          860 kB
Node 0 NFS_Unstable:          0 kB
Node 0 Bounce:                0 kB
Node 0 WritebackTmp:          0 kB
Node 0 KReclaimable:      25500 kB
Node 0 Slab:              70652 kB
Node 0 SReclaimable:      25500 kB
Node 0 SUnreclaim:        45152 kB
Node 0 AnonHugePages:         0 kB
Node 0 ShmemHugePages:        0 kB
Node 0 ShmemPmdMapped:        0 kB
Node 0 FileHugePages:        0 kB
Node 0 FilePmdMapped:        0 kB
Node 0 HugePages_Total:     0
Node 0 HugePages_Free:      0
Node 0 HugePages_Surp:      0

Node 1 MemTotal:       24661580 kB
Node 1 MemFree:        22757764 kB
Node 1 MemUsed:         1903816 kB
Node 1 Active:            46544 kB
Node 1 Inactive:         300368 kB
Node 1 Active(anon):       8488 kB
Node 1 Inactive(anon):      460 kB
Node 1 Active(file):      38056 kB
Node 1 Inactive(file):   299908 kB
Node 1 Unevictable:        1424 kB
Node 1 Mlocked:            1424 kB
Node 1 Dirty:                52 kB
Node 1 Writeback:             0 kB
Node 1 FilePages:        339984 kB
Node 1 Mapped:             9356 kB
Node 1 AnonPages:          8076 kB
Node 1 Shmem:               600 kB
Node 1 KernelStack:        2744 kB
Node 1 PageTables:          340 kB
Node 1 NFS_Unstable:          0 kB
Node 1 Bounce:                0 kB
Node 1 WritebackTmp:          0 kB
Node 1 KReclaimable:      18324 kB
Node 1 Slab:              58780 kB
Node 1 SReclaimable:      18324 kB
Node 1 SUnreclaim:        40456 kB
Node 1 AnonHugePages:         0 kB
Node 1 ShmemHugePages:        0 kB
Node 1 ShmemPmdMapped:        0 kB
Node 1 FileHugePages:        0 kB
Node 1 FilePmdMapped:        0 kB
Node 1 HugePages_Total:     0
Node 1 HugePages_Free:      0
Node 1 HugePages_Surp:      0

After Opposite Node
Node 0 MemTotal:       24768352 kB
Node 0 MemFree:        23777668 kB
Node 0 MemUsed:          990684 kB
Node 0 Active:            54116 kB
Node 0 Inactive:         173724 kB
Node 0 Active(anon):      25616 kB
Node 0 Inactive(anon):      480 kB
Node 0 Active(file):      28500 kB
Node 0 Inactive(file):   173244 kB
Node 0 Unevictable:       17332 kB
Node 0 Mlocked:           17332 kB
Node 0 Dirty:                44 kB
Node 0 Writeback:             0 kB
Node 0 FilePages:        209184 kB
Node 0 Mapped:            58372 kB
Node 0 AnonPages:         36112 kB
Node 0 Shmem:               668 kB
Node 0 KernelStack:        1896 kB
Node 0 PageTables:          968 kB
Node 0 NFS_Unstable:          0 kB
Node 0 Bounce:                0 kB
Node 0 WritebackTmp:          0 kB
Node 0 KReclaimable:      25532 kB
Node 0 Slab:              70792 kB
Node 0 SReclaimable:      25532 kB
Node 0 SUnreclaim:        45260 kB
Node 0 AnonHugePages:         0 kB
Node 0 ShmemHugePages:        0 kB
Node 0 ShmemPmdMapped:        0 kB
Node 0 FileHugePages:        0 kB
Node 0 FilePmdMapped:        0 kB
Node 0 HugePages_Total:     0
Node 0 HugePages_Free:      0
Node 0 HugePages_Surp:      0

Node 1 MemTotal:       24661580 kB
Node 1 MemFree:        22754888 kB
Node 1 MemUsed:         1906692 kB
Node 1 Active:            46152 kB
Node 1 Inactive:         300316 kB
Node 1 Active(anon):       8028 kB
Node 1 Inactive(anon):      460 kB
Node 1 Active(file):      38124 kB
Node 1 Inactive(file):   299856 kB
Node 1 Unevictable:        1424 kB
Node 1 Mlocked:            1424 kB
Node 1 Dirty:                64 kB
Node 1 Writeback:             0 kB
Node 1 FilePages:        340000 kB
Node 1 Mapped:             9352 kB
Node 1 AnonPages:          7892 kB
Node 1 Shmem:               600 kB
Node 1 KernelStack:        2728 kB
Node 1 PageTables:          240 kB
Node 1 NFS_Unstable:          0 kB
Node 1 Bounce:                0 kB
Node 1 WritebackTmp:          0 kB
Node 1 KReclaimable:      18328 kB
Node 1 Slab:              58816 kB
Node 1 SReclaimable:      18328 kB
Node 1 SUnreclaim:        40488 kB
Node 1 AnonHugePages:         0 kB
Node 1 ShmemHugePages:        0 kB
Node 1 ShmemPmdMapped:        0 kB
Node 1 FileHugePages:        0 kB
Node 1 FilePmdMapped:        0 kB
Node 1 HugePages_Total:     0
Node 1 HugePages_Free:      0
Node 1 HugePages_Surp:      0

B.1.256M-simpleread.2-1G.3.O.1M Complete!
