kernel.numa_balancing = 0
B.1.4M-simpleread.2G.3.O.1M
Begin
Node 0 MemTotal:       24743736 kB
Node 0 MemFree:        24484784 kB
Node 0 MemUsed:          258952 kB
Node 0 Active:            48792 kB
Node 0 Inactive:          59616 kB
Node 0 Active(anon):      26008 kB
Node 0 Inactive(anon):      440 kB
Node 0 Active(file):      22784 kB
Node 0 Inactive(file):    59176 kB
Node 0 Unevictable:       18024 kB
Node 0 Mlocked:           18024 kB
Node 0 Dirty:               356 kB
Node 0 Writeback:             0 kB
Node 0 FilePages:         90744 kB
Node 0 Mapped:            20684 kB
Node 0 AnonPages:         36176 kB
Node 0 Shmem:               656 kB
Node 0 KernelStack:        1976 kB
Node 0 PageTables:          712 kB
Node 0 NFS_Unstable:          0 kB
Node 0 Bounce:                0 kB
Node 0 WritebackTmp:          0 kB
Node 0 KReclaimable:      20356 kB
Node 0 Slab:              46864 kB
Node 0 SReclaimable:      20356 kB
Node 0 SUnreclaim:        26508 kB
Node 0 AnonHugePages:         0 kB
Node 0 ShmemHugePages:        0 kB
Node 0 ShmemPmdMapped:        0 kB
Node 0 FileHugePages:        0 kB
Node 0 FilePmdMapped:        0 kB
Node 0 HugePages_Total:     0
Node 0 HugePages_Free:      0
Node 0 HugePages_Surp:      0

Node 1 MemTotal:       24686196 kB
Node 1 MemFree:        24327356 kB
Node 1 MemUsed:          358840 kB
Node 1 Active:            46284 kB
Node 1 Inactive:          38172 kB
Node 1 Active(anon):       7956 kB
Node 1 Inactive(anon):      440 kB
Node 1 Active(file):      38328 kB
Node 1 Inactive(file):    37732 kB
Node 1 Unevictable:         500 kB
Node 1 Mlocked:             500 kB
Node 1 Dirty:               156 kB
Node 1 Writeback:             0 kB
Node 1 FilePages:         77196 kB
Node 1 Mapped:            25768 kB
Node 1 AnonPages:          7796 kB
Node 1 Shmem:               612 kB
Node 1 KernelStack:        1592 kB
Node 1 PageTables:          332 kB
Node 1 NFS_Unstable:          0 kB
Node 1 Bounce:                0 kB
Node 1 WritebackTmp:          0 kB
Node 1 KReclaimable:      21360 kB
Node 1 Slab:              58320 kB
Node 1 SReclaimable:      21360 kB
Node 1 SUnreclaim:        36960 kB
Node 1 AnonHugePages:         0 kB
Node 1 ShmemHugePages:        0 kB
Node 1 ShmemPmdMapped:        0 kB
Node 1 FileHugePages:        0 kB
Node 1 FilePmdMapped:        0 kB
Node 1 HugePages_Total:     0
Node 1 HugePages_Free:      0
Node 1 HugePages_Surp:      0

Load ZFS
Node 0 MemTotal:       24743736 kB
Node 0 MemFree:        24449772 kB
Node 0 MemUsed:          293964 kB
Node 0 Active:            65888 kB
Node 0 Inactive:          68900 kB
Node 0 Active(anon):      41268 kB
Node 0 Inactive(anon):      392 kB
Node 0 Active(file):      24620 kB
Node 0 Inactive(file):    68508 kB
Node 0 Unevictable:       18240 kB
Node 0 Mlocked:           18240 kB
Node 0 Dirty:               120 kB
Node 0 Writeback:             0 kB
Node 0 FilePages:        101932 kB
Node 0 Mapped:            23924 kB
Node 0 AnonPages:         51104 kB
Node 0 Shmem:               676 kB
Node 0 KernelStack:        2360 kB
Node 0 PageTables:         2168 kB
Node 0 NFS_Unstable:          0 kB
Node 0 Bounce:                0 kB
Node 0 WritebackTmp:          0 kB
Node 0 KReclaimable:      21056 kB
Node 0 Slab:              50668 kB
Node 0 SReclaimable:      21056 kB
Node 0 SUnreclaim:        29612 kB
Node 0 AnonHugePages:         0 kB
Node 0 ShmemHugePages:        0 kB
Node 0 ShmemPmdMapped:        0 kB
Node 0 FileHugePages:        0 kB
Node 0 FilePmdMapped:        0 kB
Node 0 HugePages_Total:     0
Node 0 HugePages_Free:      0
Node 0 HugePages_Surp:      0

Node 1 MemTotal:       24686196 kB
Node 1 MemFree:        24218040 kB
Node 1 MemUsed:          468156 kB
Node 1 Active:            58180 kB
Node 1 Inactive:         131984 kB
Node 1 Active(anon):      18812 kB
Node 1 Inactive(anon):      384 kB
Node 1 Active(file):      39368 kB
Node 1 Inactive(file):   131600 kB
Node 1 Unevictable:         500 kB
Node 1 Mlocked:             500 kB
Node 1 Dirty:               384 kB
Node 1 Writeback:             0 kB
Node 1 FilePages:        172312 kB
Node 1 Mapped:            26548 kB
Node 1 AnonPages:         18504 kB
Node 1 Shmem:               592 kB
Node 1 KernelStack:        1972 kB
Node 1 PageTables:         1056 kB
Node 1 NFS_Unstable:          0 kB
Node 1 Bounce:                0 kB
Node 1 WritebackTmp:          0 kB
Node 1 KReclaimable:      22332 kB
Node 1 Slab:              61580 kB
Node 1 SReclaimable:      22332 kB
Node 1 SUnreclaim:        39248 kB
Node 1 AnonHugePages:         0 kB
Node 1 ShmemHugePages:        0 kB
Node 1 ShmemPmdMapped:        0 kB
Node 1 FileHugePages:        0 kB
Node 1 FilePmdMapped:        0 kB
Node 1 HugePages_Total:     0
Node 1 HugePages_Free:      0
Node 1 HugePages_Surp:      0

Import tank ZPool
Node 0 MemTotal:       24743736 kB
Node 0 MemFree:        24459472 kB
Node 0 MemUsed:          284264 kB
Node 0 Active:            51400 kB
Node 0 Inactive:          69848 kB
Node 0 Active(anon):      25888 kB
Node 0 Inactive(anon):      516 kB
Node 0 Active(file):      25512 kB
Node 0 Inactive(file):    69332 kB
Node 0 Unevictable:       18256 kB
Node 0 Mlocked:           18256 kB
Node 0 Dirty:               152 kB
Node 0 Writeback:             0 kB
Node 0 FilePages:        103232 kB
Node 0 Mapped:            20816 kB
Node 0 AnonPages:         36132 kB
Node 0 Shmem:               676 kB
Node 0 KernelStack:        2152 kB
Node 0 PageTables:         1156 kB
Node 0 NFS_Unstable:          0 kB
Node 0 Bounce:                0 kB
Node 0 WritebackTmp:          0 kB
Node 0 KReclaimable:      21244 kB
Node 0 Slab:              56096 kB
Node 0 SReclaimable:      21244 kB
Node 0 SUnreclaim:        34852 kB
Node 0 AnonHugePages:         0 kB
Node 0 ShmemHugePages:        0 kB
Node 0 ShmemPmdMapped:        0 kB
Node 0 FileHugePages:        0 kB
Node 0 FilePmdMapped:        0 kB
Node 0 HugePages_Total:     0
Node 0 HugePages_Free:      0
Node 0 HugePages_Surp:      0

Node 1 MemTotal:       24686196 kB
Node 1 MemFree:        24214820 kB
Node 1 MemUsed:          471376 kB
Node 1 Active:            47780 kB
Node 1 Inactive:         132112 kB
Node 1 Active(anon):       8524 kB
Node 1 Inactive(anon):      432 kB
Node 1 Active(file):      39256 kB
Node 1 Inactive(file):   131680 kB
Node 1 Unevictable:         500 kB
Node 1 Mlocked:             500 kB
Node 1 Dirty:               448 kB
Node 1 Writeback:             0 kB
Node 1 FilePages:        172044 kB
Node 1 Mapped:            25956 kB
Node 1 AnonPages:          8368 kB
Node 1 Shmem:               592 kB
Node 1 KernelStack:        2680 kB
Node 1 PageTables:          380 kB
Node 1 NFS_Unstable:          0 kB
Node 1 Bounce:                0 kB
Node 1 WritebackTmp:          0 kB
Node 1 KReclaimable:      22348 kB
Node 1 Slab:              63152 kB
Node 1 SReclaimable:      22348 kB
Node 1 SUnreclaim:        40804 kB
Node 1 AnonHugePages:         0 kB
Node 1 ShmemHugePages:        0 kB
Node 1 ShmemPmdMapped:        0 kB
Node 1 FileHugePages:        0 kB
Node 1 FilePmdMapped:        0 kB
Node 1 HugePages_Total:     0
Node 1 HugePages_Free:      0
Node 1 HugePages_Surp:      0

After Test
Node 0 MemTotal:       24743736 kB
Node 0 MemFree:        23920392 kB
Node 0 MemUsed:          823344 kB
Node 0 Active:            50988 kB
Node 0 Inactive:          69552 kB
Node 0 Active(anon):      25092 kB
Node 0 Inactive(anon):      512 kB
Node 0 Active(file):      25896 kB
Node 0 Inactive(file):    69040 kB
Node 0 Unevictable:       18256 kB
Node 0 Mlocked:           18256 kB
Node 0 Dirty:                16 kB
Node 0 Writeback:             0 kB
Node 0 FilePages:        103304 kB
Node 0 Mapped:            20964 kB
Node 0 AnonPages:         35488 kB
Node 0 Shmem:               676 kB
Node 0 KernelStack:        1944 kB
Node 0 PageTables:          692 kB
Node 0 NFS_Unstable:          0 kB
Node 0 Bounce:                0 kB
Node 0 WritebackTmp:          0 kB
Node 0 KReclaimable:      21292 kB
Node 0 Slab:              58012 kB
Node 0 SReclaimable:      21292 kB
Node 0 SUnreclaim:        36720 kB
Node 0 AnonHugePages:         0 kB
Node 0 ShmemHugePages:        0 kB
Node 0 ShmemPmdMapped:        0 kB
Node 0 FileHugePages:        0 kB
Node 0 FilePmdMapped:        0 kB
Node 0 HugePages_Total:     0
Node 0 HugePages_Free:      0
Node 0 HugePages_Surp:      0

Node 1 MemTotal:       24686196 kB
Node 1 MemFree:        21818736 kB
Node 1 MemUsed:         2867460 kB
Node 1 Active:            48564 kB
Node 1 Inactive:         136008 kB
Node 1 Active(anon):       8764 kB
Node 1 Inactive(anon):      428 kB
Node 1 Active(file):      39800 kB
Node 1 Inactive(file):   135580 kB
Node 1 Unevictable:         500 kB
Node 1 Mlocked:             500 kB
Node 1 Dirty:                20 kB
Node 1 Writeback:             0 kB
Node 1 FilePages:        176472 kB
Node 1 Mapped:            25788 kB
Node 1 AnonPages:          8528 kB
Node 1 Shmem:               592 kB
Node 1 KernelStack:        2632 kB
Node 1 PageTables:          388 kB
Node 1 NFS_Unstable:          0 kB
Node 1 Bounce:                0 kB
Node 1 WritebackTmp:          0 kB
Node 1 KReclaimable:      22476 kB
Node 1 Slab:              74880 kB
Node 1 SReclaimable:      22476 kB
Node 1 SUnreclaim:        52404 kB
Node 1 AnonHugePages:         0 kB
Node 1 ShmemHugePages:        0 kB
Node 1 ShmemPmdMapped:        0 kB
Node 1 FileHugePages:        0 kB
Node 1 FilePmdMapped:        0 kB
Node 1 HugePages_Total:     0
Node 1 HugePages_Free:      0
Node 1 HugePages_Surp:      0

After Opposite Node
Node 0 MemTotal:       24743736 kB
Node 0 MemFree:        23922660 kB
Node 0 MemUsed:          821076 kB
Node 0 Active:            51228 kB
Node 0 Inactive:          69296 kB
Node 0 Active(anon):      25064 kB
Node 0 Inactive(anon):      512 kB
Node 0 Active(file):      26164 kB
Node 0 Inactive(file):    68784 kB
Node 0 Unevictable:       18256 kB
Node 0 Mlocked:           18256 kB
Node 0 Dirty:                20 kB
Node 0 Writeback:             0 kB
Node 0 FilePages:        103316 kB
Node 0 Mapped:            20756 kB
Node 0 AnonPages:         35496 kB
Node 0 Shmem:               676 kB
Node 0 KernelStack:        1944 kB
Node 0 PageTables:          752 kB
Node 0 NFS_Unstable:          0 kB
Node 0 Bounce:                0 kB
Node 0 WritebackTmp:          0 kB
Node 0 KReclaimable:      21292 kB
Node 0 Slab:              58172 kB
Node 0 SReclaimable:      21292 kB
Node 0 SUnreclaim:        36880 kB
Node 0 AnonHugePages:         0 kB
Node 0 ShmemHugePages:        0 kB
Node 0 ShmemPmdMapped:        0 kB
Node 0 FileHugePages:        0 kB
Node 0 FilePmdMapped:        0 kB
Node 0 HugePages_Total:     0
Node 0 HugePages_Free:      0
Node 0 HugePages_Surp:      0

Node 1 MemTotal:       24686196 kB
Node 1 MemFree:        21819460 kB
Node 1 MemUsed:         2866736 kB
Node 1 Active:            48516 kB
Node 1 Inactive:         135988 kB
Node 1 Active(anon):       8680 kB
Node 1 Inactive(anon):      428 kB
Node 1 Active(file):      39836 kB
Node 1 Inactive(file):   135560 kB
Node 1 Unevictable:         500 kB
Node 1 Mlocked:             500 kB
Node 1 Dirty:                32 kB
Node 1 Writeback:             0 kB
Node 1 FilePages:        176488 kB
Node 1 Mapped:            25812 kB
Node 1 AnonPages:          8684 kB
Node 1 Shmem:               592 kB
Node 1 KernelStack:        2632 kB
Node 1 PageTables:          332 kB
Node 1 NFS_Unstable:          0 kB
Node 1 Bounce:                0 kB
Node 1 WritebackTmp:          0 kB
Node 1 KReclaimable:      22476 kB
Node 1 Slab:              74904 kB
Node 1 SReclaimable:      22476 kB
Node 1 SUnreclaim:        52428 kB
Node 1 AnonHugePages:         0 kB
Node 1 ShmemHugePages:        0 kB
Node 1 ShmemPmdMapped:        0 kB
Node 1 FileHugePages:        0 kB
Node 1 FilePmdMapped:        0 kB
Node 1 HugePages_Total:     0
Node 1 HugePages_Free:      0
Node 1 HugePages_Surp:      0

B.1.4M-simpleread.2G.3.O.1M Complete!
