kernel.numa_balancing = 0
B.1.32M-simpleread.8G.2.O.1M
Begin
Node 0 MemTotal:       24743736 kB
Node 0 MemFree:        24313692 kB
Node 0 MemUsed:          430044 kB
Node 0 Active:            53772 kB
Node 0 Inactive:          80144 kB
Node 0 Active(anon):       8284 kB
Node 0 Inactive(anon):      384 kB
Node 0 Active(file):      45488 kB
Node 0 Inactive(file):    79760 kB
Node 0 Unevictable:       13188 kB
Node 0 Mlocked:           13188 kB
Node 0 Dirty:               100 kB
Node 0 Writeback:             0 kB
Node 0 FilePages:        128680 kB
Node 0 Mapped:            29052 kB
Node 0 AnonPages:         18536 kB
Node 0 Shmem:               564 kB
Node 0 KernelStack:        1912 kB
Node 0 PageTables:          572 kB
Node 0 NFS_Unstable:          0 kB
Node 0 Bounce:                0 kB
Node 0 WritebackTmp:          0 kB
Node 0 KReclaimable:      28048 kB
Node 0 Slab:              62064 kB
Node 0 SReclaimable:      28048 kB
Node 0 SUnreclaim:        34016 kB
Node 0 AnonHugePages:         0 kB
Node 0 ShmemHugePages:        0 kB
Node 0 ShmemPmdMapped:        0 kB
Node 0 FileHugePages:        0 kB
Node 0 FilePmdMapped:        0 kB
Node 0 HugePages_Total:     0
Node 0 HugePages_Free:      0
Node 0 HugePages_Surp:      0

Node 1 MemTotal:       24686196 kB
Node 1 MemFree:        24465884 kB
Node 1 MemUsed:          220312 kB
Node 1 Active:            49732 kB
Node 1 Inactive:          34112 kB
Node 1 Active(anon):      25720 kB
Node 1 Inactive(anon):      492 kB
Node 1 Active(file):      24012 kB
Node 1 Inactive(file):    33620 kB
Node 1 Unevictable:        5336 kB
Node 1 Mlocked:            5336 kB
Node 1 Dirty:               368 kB
Node 1 Writeback:             0 kB
Node 1 FilePages:         64104 kB
Node 1 Mapped:            30236 kB
Node 1 AnonPages:         25508 kB
Node 1 Shmem:               704 kB
Node 1 KernelStack:        1720 kB
Node 1 PageTables:          608 kB
Node 1 NFS_Unstable:          0 kB
Node 1 Bounce:                0 kB
Node 1 WritebackTmp:          0 kB
Node 1 KReclaimable:      21528 kB
Node 1 Slab:              51152 kB
Node 1 SReclaimable:      21528 kB
Node 1 SUnreclaim:        29624 kB
Node 1 AnonHugePages:         0 kB
Node 1 ShmemHugePages:        0 kB
Node 1 ShmemPmdMapped:        0 kB
Node 1 FileHugePages:        0 kB
Node 1 FilePmdMapped:        0 kB
Node 1 HugePages_Total:     0
Node 1 HugePages_Free:      0
Node 1 HugePages_Surp:      0

Load ZFS
Node 0 MemTotal:       24743736 kB
Node 0 MemFree:        24398848 kB
Node 0 MemUsed:          344888 kB
Node 0 Active:            63892 kB
Node 0 Inactive:         113656 kB
Node 0 Active(anon):      17564 kB
Node 0 Inactive(anon):      444 kB
Node 0 Active(file):      46328 kB
Node 0 Inactive(file):   113212 kB
Node 0 Unevictable:       13388 kB
Node 0 Mlocked:           13388 kB
Node 0 Dirty:               200 kB
Node 0 Writeback:             0 kB
Node 0 FilePages:        163040 kB
Node 0 Mapped:            31992 kB
Node 0 AnonPages:         27596 kB
Node 0 Shmem:               628 kB
Node 0 KernelStack:        2184 kB
Node 0 PageTables:         1636 kB
Node 0 NFS_Unstable:          0 kB
Node 0 Bounce:                0 kB
Node 0 WritebackTmp:          0 kB
Node 0 KReclaimable:      28740 kB
Node 0 Slab:              65388 kB
Node 0 SReclaimable:      28740 kB
Node 0 SUnreclaim:        36648 kB
Node 0 AnonHugePages:         0 kB
Node 0 ShmemHugePages:        0 kB
Node 0 ShmemPmdMapped:        0 kB
Node 0 FileHugePages:        0 kB
Node 0 FilePmdMapped:        0 kB
Node 0 HugePages_Total:     0
Node 0 HugePages_Free:      0
Node 0 HugePages_Surp:      0

Node 1 MemTotal:       24686196 kB
Node 1 MemFree:        24238424 kB
Node 1 MemUsed:          447772 kB
Node 1 Active:            66324 kB
Node 1 Inactive:         104076 kB
Node 1 Active(anon):      40172 kB
Node 1 Inactive(anon):      496 kB
Node 1 Active(file):      26152 kB
Node 1 Inactive(file):   103580 kB
Node 1 Unevictable:        5336 kB
Node 1 Mlocked:            5336 kB
Node 1 Dirty:               376 kB
Node 1 Writeback:             0 kB
Node 1 FilePages:        135704 kB
Node 1 Mapped:            31468 kB
Node 1 AnonPages:         39924 kB
Node 1 Shmem:               640 kB
Node 1 KernelStack:        2108 kB
Node 1 PageTables:         1172 kB
Node 1 NFS_Unstable:          0 kB
Node 1 Bounce:                0 kB
Node 1 WritebackTmp:          0 kB
Node 1 KReclaimable:      22572 kB
Node 1 Slab:              54620 kB
Node 1 SReclaimable:      22572 kB
Node 1 SUnreclaim:        32048 kB
Node 1 AnonHugePages:         0 kB
Node 1 ShmemHugePages:        0 kB
Node 1 ShmemPmdMapped:        0 kB
Node 1 FileHugePages:        0 kB
Node 1 FilePmdMapped:        0 kB
Node 1 HugePages_Total:     0
Node 1 HugePages_Free:      0
Node 1 HugePages_Surp:      0

Import tank ZPool
Node 0 MemTotal:       24743736 kB
Node 0 MemFree:        24406692 kB
Node 0 MemUsed:          337044 kB
Node 0 Active:            54608 kB
Node 0 Inactive:         113232 kB
Node 0 Active(anon):       7776 kB
Node 0 Inactive(anon):      448 kB
Node 0 Active(file):      46832 kB
Node 0 Inactive(file):   112784 kB
Node 0 Unevictable:       13420 kB
Node 0 Mlocked:           13420 kB
Node 0 Dirty:                12 kB
Node 0 Writeback:             0 kB
Node 0 FilePages:        163132 kB
Node 0 Mapped:            29280 kB
Node 0 AnonPages:         18064 kB
Node 0 Shmem:               624 kB
Node 0 KernelStack:        1976 kB
Node 0 PageTables:          536 kB
Node 0 NFS_Unstable:          0 kB
Node 0 Bounce:                0 kB
Node 0 WritebackTmp:          0 kB
Node 0 KReclaimable:      28812 kB
Node 0 Slab:              66992 kB
Node 0 SReclaimable:      28812 kB
Node 0 SUnreclaim:        38180 kB
Node 0 AnonHugePages:         0 kB
Node 0 ShmemHugePages:        0 kB
Node 0 ShmemPmdMapped:        0 kB
Node 0 FileHugePages:        0 kB
Node 0 FilePmdMapped:        0 kB
Node 0 HugePages_Total:     0
Node 0 HugePages_Free:      0
Node 0 HugePages_Surp:      0

Node 1 MemTotal:       24686196 kB
Node 1 MemFree:        24234032 kB
Node 1 MemUsed:          452164 kB
Node 1 Active:            52596 kB
Node 1 Inactive:         104952 kB
Node 1 Active(anon):      25932 kB
Node 1 Inactive(anon):      504 kB
Node 1 Active(file):      26664 kB
Node 1 Inactive(file):   104448 kB
Node 1 Unevictable:        5336 kB
Node 1 Mlocked:            5336 kB
Node 1 Dirty:                64 kB
Node 1 Writeback:             0 kB
Node 1 FilePages:        137088 kB
Node 1 Mapped:            30368 kB
Node 1 AnonPages:         25504 kB
Node 1 Shmem:               644 kB
Node 1 KernelStack:        2744 kB
Node 1 PageTables:          672 kB
Node 1 NFS_Unstable:          0 kB
Node 1 Bounce:                0 kB
Node 1 WritebackTmp:          0 kB
Node 1 KReclaimable:      22672 kB
Node 1 Slab:              60280 kB
Node 1 SReclaimable:      22672 kB
Node 1 SUnreclaim:        37608 kB
Node 1 AnonHugePages:         0 kB
Node 1 ShmemHugePages:        0 kB
Node 1 ShmemPmdMapped:        0 kB
Node 1 FileHugePages:        0 kB
Node 1 FilePmdMapped:        0 kB
Node 1 HugePages_Total:     0
Node 1 HugePages_Free:      0
Node 1 HugePages_Surp:      0

After Test
Node 0 MemTotal:       24743736 kB
Node 0 MemFree:        15635592 kB
Node 0 MemUsed:         9108144 kB
Node 0 Active:            54348 kB
Node 0 Inactive:         144256 kB
Node 0 Active(anon):       7360 kB
Node 0 Inactive(anon):      448 kB
Node 0 Active(file):      46988 kB
Node 0 Inactive(file):   143808 kB
Node 0 Unevictable:       13420 kB
Node 0 Mlocked:           13420 kB
Node 0 Dirty:                 0 kB
Node 0 Writeback:             0 kB
Node 0 FilePages:        194280 kB
Node 0 Mapped:            29500 kB
Node 0 AnonPages:         17744 kB
Node 0 Shmem:               624 kB
Node 0 KernelStack:        1896 kB
Node 0 PageTables:          468 kB
Node 0 NFS_Unstable:          0 kB
Node 0 Bounce:                0 kB
Node 0 WritebackTmp:          0 kB
Node 0 KReclaimable:      28892 kB
Node 0 Slab:              98604 kB
Node 0 SReclaimable:      28892 kB
Node 0 SUnreclaim:        69712 kB
Node 0 AnonHugePages:         0 kB
Node 0 ShmemHugePages:        0 kB
Node 0 ShmemPmdMapped:        0 kB
Node 0 FileHugePages:        0 kB
Node 0 FilePmdMapped:        0 kB
Node 0 HugePages_Total:     0
Node 0 HugePages_Free:      0
Node 0 HugePages_Surp:      0

Node 1 MemTotal:       24686196 kB
Node 1 MemFree:        23736936 kB
Node 1 MemUsed:          949260 kB
Node 1 Active:            53484 kB
Node 1 Inactive:         104976 kB
Node 1 Active(anon):      26176 kB
Node 1 Inactive(anon):      496 kB
Node 1 Active(file):      27308 kB
Node 1 Inactive(file):   104480 kB
Node 1 Unevictable:        5336 kB
Node 1 Mlocked:            5336 kB
Node 1 Dirty:                28 kB
Node 1 Writeback:             0 kB
Node 1 FilePages:        137764 kB
Node 1 Mapped:            30232 kB
Node 1 AnonPages:         25884 kB
Node 1 Shmem:               644 kB
Node 1 KernelStack:        2728 kB
Node 1 PageTables:          736 kB
Node 1 NFS_Unstable:          0 kB
Node 1 Bounce:                0 kB
Node 1 WritebackTmp:          0 kB
Node 1 KReclaimable:      22836 kB
Node 1 Slab:              62352 kB
Node 1 SReclaimable:      22836 kB
Node 1 SUnreclaim:        39516 kB
Node 1 AnonHugePages:         0 kB
Node 1 ShmemHugePages:        0 kB
Node 1 ShmemPmdMapped:        0 kB
Node 1 FileHugePages:        0 kB
Node 1 FilePmdMapped:        0 kB
Node 1 HugePages_Total:     0
Node 1 HugePages_Free:      0
Node 1 HugePages_Surp:      0

After Opposite Node
Node 0 MemTotal:       24743736 kB
Node 0 MemFree:        15636312 kB
Node 0 MemUsed:         9107424 kB
Node 0 Active:            54960 kB
Node 0 Inactive:         144024 kB
Node 0 Active(anon):       7712 kB
Node 0 Inactive(anon):      448 kB
Node 0 Active(file):      47248 kB
Node 0 Inactive(file):   143576 kB
Node 0 Unevictable:       13420 kB
Node 0 Mlocked:           13420 kB
Node 0 Dirty:                12 kB
Node 0 Writeback:             0 kB
Node 0 FilePages:        194308 kB
Node 0 Mapped:            29520 kB
Node 0 AnonPages:         17948 kB
Node 0 Shmem:               624 kB
Node 0 KernelStack:        1912 kB
Node 0 PageTables:          572 kB
Node 0 NFS_Unstable:          0 kB
Node 0 Bounce:                0 kB
Node 0 WritebackTmp:          0 kB
Node 0 KReclaimable:      28924 kB
Node 0 Slab:              98720 kB
Node 0 SReclaimable:      28924 kB
Node 0 SUnreclaim:        69796 kB
Node 0 AnonHugePages:         0 kB
Node 0 ShmemHugePages:        0 kB
Node 0 ShmemPmdMapped:        0 kB
Node 0 FileHugePages:        0 kB
Node 0 FilePmdMapped:        0 kB
Node 0 HugePages_Total:     0
Node 0 HugePages_Free:      0
Node 0 HugePages_Surp:      0

Node 1 MemTotal:       24686196 kB
Node 1 MemFree:        23736908 kB
Node 1 MemUsed:          949288 kB
Node 1 Active:            53168 kB
Node 1 Inactive:         104960 kB
Node 1 Active(anon):      25828 kB
Node 1 Inactive(anon):      496 kB
Node 1 Active(file):      27340 kB
Node 1 Inactive(file):   104464 kB
Node 1 Unevictable:        5336 kB
Node 1 Mlocked:            5336 kB
Node 1 Dirty:                68 kB
Node 1 Writeback:             0 kB
Node 1 FilePages:        137780 kB
Node 1 Mapped:            30236 kB
Node 1 AnonPages:         25684 kB
Node 1 Shmem:               644 kB
Node 1 KernelStack:        2712 kB
Node 1 PageTables:          624 kB
Node 1 NFS_Unstable:          0 kB
Node 1 Bounce:                0 kB
Node 1 WritebackTmp:          0 kB
Node 1 KReclaimable:      22852 kB
Node 1 Slab:              62500 kB
Node 1 SReclaimable:      22852 kB
Node 1 SUnreclaim:        39648 kB
Node 1 AnonHugePages:         0 kB
Node 1 ShmemHugePages:        0 kB
Node 1 ShmemPmdMapped:        0 kB
Node 1 FileHugePages:        0 kB
Node 1 FilePmdMapped:        0 kB
Node 1 HugePages_Total:     0
Node 1 HugePages_Free:      0
Node 1 HugePages_Surp:      0

B.1.32M-simpleread.8G.2.O.1M Complete!
