kernel.numa_balancing = 0
B.1.256M-simpleread.2-1G.2.O.1M
Begin
Node 0 MemTotal:       24743736 kB
Node 0 MemFree:        24357992 kB
Node 0 MemUsed:          385744 kB
Node 0 Active:            33700 kB
Node 0 Inactive:          72376 kB
Node 0 Active(anon):      11104 kB
Node 0 Inactive(anon):      572 kB
Node 0 Active(file):      22596 kB
Node 0 Inactive(file):    71804 kB
Node 0 Unevictable:        4856 kB
Node 0 Mlocked:            4856 kB
Node 0 Dirty:                56 kB
Node 0 Writeback:             0 kB
Node 0 FilePages:        100032 kB
Node 0 Mapped:            24924 kB
Node 0 AnonPages:         10912 kB
Node 0 Shmem:               764 kB
Node 0 KernelStack:        2152 kB
Node 0 PageTables:          472 kB
Node 0 NFS_Unstable:          0 kB
Node 0 Bounce:                0 kB
Node 0 WritebackTmp:          0 kB
Node 0 KReclaimable:      20532 kB
Node 0 Slab:              55468 kB
Node 0 SReclaimable:      20532 kB
Node 0 SUnreclaim:        34936 kB
Node 0 AnonHugePages:         0 kB
Node 0 ShmemHugePages:        0 kB
Node 0 ShmemPmdMapped:        0 kB
Node 0 FileHugePages:        0 kB
Node 0 FilePmdMapped:        0 kB
Node 0 HugePages_Total:     0
Node 0 HugePages_Free:      0
Node 0 HugePages_Surp:      0

Node 1 MemTotal:       24686196 kB
Node 1 MemFree:        24448972 kB
Node 1 MemUsed:          237224 kB
Node 1 Active:            62088 kB
Node 1 Inactive:          24232 kB
Node 1 Active(anon):      22800 kB
Node 1 Inactive(anon):      300 kB
Node 1 Active(file):      39288 kB
Node 1 Inactive(file):    23932 kB
Node 1 Unevictable:       13668 kB
Node 1 Mlocked:           13668 kB
Node 1 Dirty:                28 kB
Node 1 Writeback:             0 kB
Node 1 FilePages:         67220 kB
Node 1 Mapped:            21016 kB
Node 1 AnonPages:         32996 kB
Node 1 Shmem:               504 kB
Node 1 KernelStack:        1416 kB
Node 1 PageTables:          528 kB
Node 1 NFS_Unstable:          0 kB
Node 1 Bounce:                0 kB
Node 1 WritebackTmp:          0 kB
Node 1 KReclaimable:      21228 kB
Node 1 Slab:              52624 kB
Node 1 SReclaimable:      21228 kB
Node 1 SUnreclaim:        31396 kB
Node 1 AnonHugePages:         0 kB
Node 1 ShmemHugePages:        0 kB
Node 1 ShmemPmdMapped:        0 kB
Node 1 FileHugePages:        0 kB
Node 1 FilePmdMapped:        0 kB
Node 1 HugePages_Total:     0
Node 1 HugePages_Free:      0
Node 1 HugePages_Surp:      0

Load ZFS
Node 0 MemTotal:       24743736 kB
Node 0 MemFree:        24250904 kB
Node 0 MemUsed:          492832 kB
Node 0 Active:            47784 kB
Node 0 Inactive:         159476 kB
Node 0 Active(anon):      24212 kB
Node 0 Inactive(anon):      396 kB
Node 0 Active(file):      23572 kB
Node 0 Inactive(file):   159080 kB
Node 0 Unevictable:        4856 kB
Node 0 Mlocked:            4856 kB
Node 0 Dirty:               140 kB
Node 0 Writeback:             0 kB
Node 0 FilePages:        188064 kB
Node 0 Mapped:            27460 kB
Node 0 AnonPages:         23756 kB
Node 0 Shmem:               560 kB
Node 0 KernelStack:        2524 kB
Node 0 PageTables:         2016 kB
Node 0 NFS_Unstable:          0 kB
Node 0 Bounce:                0 kB
Node 0 WritebackTmp:          0 kB
Node 0 KReclaimable:      21408 kB
Node 0 Slab:              59280 kB
Node 0 SReclaimable:      21408 kB
Node 0 SUnreclaim:        37872 kB
Node 0 AnonHugePages:         0 kB
Node 0 ShmemHugePages:        0 kB
Node 0 ShmemPmdMapped:        0 kB
Node 0 FileHugePages:        0 kB
Node 0 FilePmdMapped:        0 kB
Node 0 HugePages_Total:     0
Node 0 HugePages_Free:      0
Node 0 HugePages_Surp:      0

Node 1 MemTotal:       24686196 kB
Node 1 MemFree:        24411644 kB
Node 1 MemUsed:          274552 kB
Node 1 Active:            77068 kB
Node 1 Inactive:          40436 kB
Node 1 Active(anon):      36356 kB
Node 1 Inactive(anon):      540 kB
Node 1 Active(file):      40712 kB
Node 1 Inactive(file):    39896 kB
Node 1 Unevictable:       13884 kB
Node 1 Mlocked:           13884 kB
Node 1 Dirty:               244 kB
Node 1 Writeback:             0 kB
Node 1 FilePages:         84652 kB
Node 1 Mapped:            22852 kB
Node 1 AnonPages:         46756 kB
Node 1 Shmem:               708 kB
Node 1 KernelStack:        1756 kB
Node 1 PageTables:         1328 kB
Node 1 NFS_Unstable:          0 kB
Node 1 Bounce:                0 kB
Node 1 WritebackTmp:          0 kB
Node 1 KReclaimable:      21832 kB
Node 1 Slab:              55332 kB
Node 1 SReclaimable:      21832 kB
Node 1 SUnreclaim:        33500 kB
Node 1 AnonHugePages:         0 kB
Node 1 ShmemHugePages:        0 kB
Node 1 ShmemPmdMapped:        0 kB
Node 1 FileHugePages:        0 kB
Node 1 FilePmdMapped:        0 kB
Node 1 HugePages_Total:     0
Node 1 HugePages_Free:      0
Node 1 HugePages_Surp:      0

Import tank ZPool
Node 0 MemTotal:       24743736 kB
Node 0 MemFree:        24248828 kB
Node 0 MemUsed:          494908 kB
Node 0 Active:            35124 kB
Node 0 Inactive:         159168 kB
Node 0 Active(anon):      11224 kB
Node 0 Inactive(anon):      400 kB
Node 0 Active(file):      23900 kB
Node 0 Inactive(file):   158768 kB
Node 0 Unevictable:        4856 kB
Node 0 Mlocked:            4856 kB
Node 0 Dirty:               152 kB
Node 0 Writeback:             0 kB
Node 0 FilePages:        188092 kB
Node 0 Mapped:            25180 kB
Node 0 AnonPages:         10652 kB
Node 0 Shmem:               556 kB
Node 0 KernelStack:        3320 kB
Node 0 PageTables:          856 kB
Node 0 NFS_Unstable:          0 kB
Node 0 Bounce:                0 kB
Node 0 WritebackTmp:          0 kB
Node 0 KReclaimable:      21424 kB
Node 0 Slab:              61432 kB
Node 0 SReclaimable:      21424 kB
Node 0 SUnreclaim:        40008 kB
Node 0 AnonHugePages:         0 kB
Node 0 ShmemHugePages:        0 kB
Node 0 ShmemPmdMapped:        0 kB
Node 0 FileHugePages:        0 kB
Node 0 FilePmdMapped:        0 kB
Node 0 HugePages_Total:     0
Node 0 HugePages_Free:      0
Node 0 HugePages_Surp:      0

Node 1 MemTotal:       24686196 kB
Node 1 MemFree:        24417564 kB
Node 1 MemUsed:          268632 kB
Node 1 Active:            64912 kB
Node 1 Inactive:          41616 kB
Node 1 Active(anon):      23616 kB
Node 1 Inactive(anon):      548 kB
Node 1 Active(file):      41296 kB
Node 1 Inactive(file):    41068 kB
Node 1 Unevictable:       13900 kB
Node 1 Mlocked:           13900 kB
Node 1 Dirty:               304 kB
Node 1 Writeback:             8 kB
Node 1 FilePages:         86416 kB
Node 1 Mapped:            21712 kB
Node 1 AnonPages:         33276 kB
Node 1 Shmem:               712 kB
Node 1 KernelStack:        1564 kB
Node 1 PageTables:          868 kB
Node 1 NFS_Unstable:          0 kB
Node 1 Bounce:                0 kB
Node 1 WritebackTmp:          0 kB
Node 1 KReclaimable:      21956 kB
Node 1 Slab:              61060 kB
Node 1 SReclaimable:      21956 kB
Node 1 SUnreclaim:        39104 kB
Node 1 AnonHugePages:         0 kB
Node 1 ShmemHugePages:        0 kB
Node 1 ShmemPmdMapped:        0 kB
Node 1 FileHugePages:        0 kB
Node 1 FilePmdMapped:        0 kB
Node 1 HugePages_Total:     0
Node 1 HugePages_Free:      0
Node 1 HugePages_Surp:      0

After Test
Node 0 MemTotal:       24743736 kB
Node 0 MemFree:        23787272 kB
Node 0 MemUsed:          956464 kB
Node 0 Active:            34512 kB
Node 0 Inactive:         159032 kB
Node 0 Active(anon):      10476 kB
Node 0 Inactive(anon):      400 kB
Node 0 Active(file):      24036 kB
Node 0 Inactive(file):   158632 kB
Node 0 Unevictable:        4856 kB
Node 0 Mlocked:            4856 kB
Node 0 Dirty:                80 kB
Node 0 Writeback:             0 kB
Node 0 FilePages:        188108 kB
Node 0 Mapped:            25000 kB
Node 0 AnonPages:         10336 kB
Node 0 Shmem:               556 kB
Node 0 KernelStack:        3128 kB
Node 0 PageTables:          472 kB
Node 0 NFS_Unstable:          0 kB
Node 0 Bounce:                0 kB
Node 0 WritebackTmp:          0 kB
Node 0 KReclaimable:      21536 kB
Node 0 Slab:              63444 kB
Node 0 SReclaimable:      21536 kB
Node 0 SUnreclaim:        41908 kB
Node 0 AnonHugePages:         0 kB
Node 0 ShmemHugePages:        0 kB
Node 0 ShmemPmdMapped:        0 kB
Node 0 FileHugePages:        0 kB
Node 0 FilePmdMapped:        0 kB
Node 0 HugePages_Total:     0
Node 0 HugePages_Free:      0
Node 0 HugePages_Surp:      0

Node 1 MemTotal:       24686196 kB
Node 1 MemFree:        22757052 kB
Node 1 MemUsed:         1929144 kB
Node 1 Active:            65360 kB
Node 1 Inactive:         291116 kB
Node 1 Active(anon):      22992 kB
Node 1 Inactive(anon):      548 kB
Node 1 Active(file):      42368 kB
Node 1 Inactive(file):   290568 kB
Node 1 Unevictable:       13900 kB
Node 1 Mlocked:           13900 kB
Node 1 Dirty:               264 kB
Node 1 Writeback:             0 kB
Node 1 FilePages:        337032 kB
Node 1 Mapped:            21356 kB
Node 1 AnonPages:         33148 kB
Node 1 Shmem:               712 kB
Node 1 KernelStack:        1416 kB
Node 1 PageTables:          640 kB
Node 1 NFS_Unstable:          0 kB
Node 1 Bounce:                0 kB
Node 1 WritebackTmp:          0 kB
Node 1 KReclaimable:      22612 kB
Node 1 Slab:              69224 kB
Node 1 SReclaimable:      22612 kB
Node 1 SUnreclaim:        46612 kB
Node 1 AnonHugePages:         0 kB
Node 1 ShmemHugePages:        0 kB
Node 1 ShmemPmdMapped:        0 kB
Node 1 FileHugePages:        0 kB
Node 1 FilePmdMapped:        0 kB
Node 1 HugePages_Total:     0
Node 1 HugePages_Free:      0
Node 1 HugePages_Surp:      0

After Opposite Node
Node 0 MemTotal:       24743736 kB
Node 0 MemFree:        23786940 kB
Node 0 MemUsed:          956796 kB
Node 0 Active:            35020 kB
Node 0 Inactive:         158996 kB
Node 0 Active(anon):      10900 kB
Node 0 Inactive(anon):      396 kB
Node 0 Active(file):      24120 kB
Node 0 Inactive(file):   158600 kB
Node 0 Unevictable:        4856 kB
Node 0 Mlocked:            4856 kB
Node 0 Dirty:                84 kB
Node 0 Writeback:             0 kB
Node 0 FilePages:        188128 kB
Node 0 Mapped:            24984 kB
Node 0 AnonPages:         10864 kB
Node 0 Shmem:               556 kB
Node 0 KernelStack:        3160 kB
Node 0 PageTables:          576 kB
Node 0 NFS_Unstable:          0 kB
Node 0 Bounce:                0 kB
Node 0 WritebackTmp:          0 kB
Node 0 KReclaimable:      21572 kB
Node 0 Slab:              63492 kB
Node 0 SReclaimable:      21572 kB
Node 0 SUnreclaim:        41920 kB
Node 0 AnonHugePages:         0 kB
Node 0 ShmemHugePages:        0 kB
Node 0 ShmemPmdMapped:        0 kB
Node 0 FileHugePages:        0 kB
Node 0 FilePmdMapped:        0 kB
Node 0 HugePages_Total:     0
Node 0 HugePages_Free:      0
Node 0 HugePages_Surp:      0

Node 1 MemTotal:       24686196 kB
Node 1 MemFree:        22757224 kB
Node 1 MemUsed:         1928972 kB
Node 1 Active:            65268 kB
Node 1 Inactive:         290936 kB
Node 1 Active(anon):      22664 kB
Node 1 Inactive(anon):      544 kB
Node 1 Active(file):      42604 kB
Node 1 Inactive(file):   290392 kB
Node 1 Unevictable:       13900 kB
Node 1 Mlocked:           13900 kB
Node 1 Dirty:               276 kB
Node 1 Writeback:             0 kB
Node 1 FilePages:        337048 kB
Node 1 Mapped:            21132 kB
Node 1 AnonPages:         33076 kB
Node 1 Shmem:               712 kB
Node 1 KernelStack:        1400 kB
Node 1 PageTables:          540 kB
Node 1 NFS_Unstable:          0 kB
Node 1 Bounce:                0 kB
Node 1 WritebackTmp:          0 kB
Node 1 KReclaimable:      22612 kB
Node 1 Slab:              69368 kB
Node 1 SReclaimable:      22612 kB
Node 1 SUnreclaim:        46756 kB
Node 1 AnonHugePages:         0 kB
Node 1 ShmemHugePages:        0 kB
Node 1 ShmemPmdMapped:        0 kB
Node 1 FileHugePages:        0 kB
Node 1 FilePmdMapped:        0 kB
Node 1 HugePages_Total:     0
Node 1 HugePages_Free:      0
Node 1 HugePages_Surp:      0

B.1.256M-simpleread.2-1G.2.O.1M Complete!
