kernel.numa_balancing = 0
B.1.64M-simpleread.4G.1.O.1M
Begin
Node 0 MemTotal:       24768352 kB
Node 0 MemFree:        24529012 kB
Node 0 MemUsed:          239340 kB
Node 0 Active:            53084 kB
Node 0 Inactive:          53988 kB
Node 0 Active(anon):      11788 kB
Node 0 Inactive(anon):      392 kB
Node 0 Active(file):      41296 kB
Node 0 Inactive(file):    53596 kB
Node 0 Unevictable:        5288 kB
Node 0 Mlocked:            5288 kB
Node 0 Dirty:                88 kB
Node 0 Writeback:             0 kB
Node 0 FilePages:        100760 kB
Node 0 Mapped:            48172 kB
Node 0 AnonPages:         11652 kB
Node 0 Shmem:               584 kB
Node 0 KernelStack:        1992 kB
Node 0 PageTables:          360 kB
Node 0 NFS_Unstable:          0 kB
Node 0 Bounce:                0 kB
Node 0 WritebackTmp:          0 kB
Node 0 KReclaimable:      21276 kB
Node 0 Slab:              42624 kB
Node 0 SReclaimable:      21276 kB
Node 0 SUnreclaim:        21348 kB
Node 0 AnonHugePages:         0 kB
Node 0 ShmemHugePages:        0 kB
Node 0 ShmemPmdMapped:        0 kB
Node 0 FileHugePages:        0 kB
Node 0 FilePmdMapped:        0 kB
Node 0 HugePages_Total:     0
Node 0 HugePages_Free:      0
Node 0 HugePages_Surp:      0

Node 1 MemTotal:       24661580 kB
Node 1 MemFree:        24245752 kB
Node 1 MemUsed:          415828 kB
Node 1 Active:            43820 kB
Node 1 Inactive:          74920 kB
Node 1 Active(anon):      22144 kB
Node 1 Inactive(anon):      464 kB
Node 1 Active(file):      21676 kB
Node 1 Inactive(file):    74456 kB
Node 1 Unevictable:       13236 kB
Node 1 Mlocked:           13236 kB
Node 1 Dirty:                64 kB
Node 1 Writeback:             0 kB
Node 1 FilePages:         99764 kB
Node 1 Mapped:            24744 kB
Node 1 AnonPages:         32284 kB
Node 1 Shmem:               684 kB
Node 1 KernelStack:        1624 kB
Node 1 PageTables:          836 kB
Node 1 NFS_Unstable:          0 kB
Node 1 Bounce:                0 kB
Node 1 WritebackTmp:          0 kB
Node 1 KReclaimable:      20636 kB
Node 1 Slab:              63556 kB
Node 1 SReclaimable:      20636 kB
Node 1 SUnreclaim:        42920 kB
Node 1 AnonHugePages:         0 kB
Node 1 ShmemHugePages:        0 kB
Node 1 ShmemPmdMapped:        0 kB
Node 1 FileHugePages:        0 kB
Node 1 FilePmdMapped:        0 kB
Node 1 HugePages_Total:     0
Node 1 HugePages_Free:      0
Node 1 HugePages_Surp:      0

Load ZFS
Node 0 MemTotal:       24768352 kB
Node 0 MemFree:        24483480 kB
Node 0 MemUsed:          284872 kB
Node 0 Active:            69976 kB
Node 0 Inactive:          73904 kB
Node 0 Active(anon):      27664 kB
Node 0 Inactive(anon):      484 kB
Node 0 Active(file):      42312 kB
Node 0 Inactive(file):    73420 kB
Node 0 Unevictable:        5288 kB
Node 0 Mlocked:            5288 kB
Node 0 Dirty:               300 kB
Node 0 Writeback:             0 kB
Node 0 FilePages:        121668 kB
Node 0 Mapped:            51272 kB
Node 0 AnonPages:         27352 kB
Node 0 Shmem:               652 kB
Node 0 KernelStack:        2472 kB
Node 0 PageTables:         1492 kB
Node 0 NFS_Unstable:          0 kB
Node 0 Bounce:                0 kB
Node 0 WritebackTmp:          0 kB
Node 0 KReclaimable:      22168 kB
Node 0 Slab:              46284 kB
Node 0 SReclaimable:      22168 kB
Node 0 SUnreclaim:        24116 kB
Node 0 AnonHugePages:         0 kB
Node 0 ShmemHugePages:        0 kB
Node 0 ShmemPmdMapped:        0 kB
Node 0 FileHugePages:        0 kB
Node 0 FilePmdMapped:        0 kB
Node 0 HugePages_Total:     0
Node 0 HugePages_Free:      0
Node 0 HugePages_Surp:      0

Node 1 MemTotal:       24661580 kB
Node 1 MemFree:        24148224 kB
Node 1 MemUsed:          513356 kB
Node 1 Active:            54972 kB
Node 1 Inactive:         158468 kB
Node 1 Active(anon):      31888 kB
Node 1 Inactive(anon):      460 kB
Node 1 Active(file):      23084 kB
Node 1 Inactive(file):   158008 kB
Node 1 Unevictable:       13448 kB
Node 1 Mlocked:           13448 kB
Node 1 Dirty:               208 kB
Node 1 Writeback:             0 kB
Node 1 FilePages:        184616 kB
Node 1 Mapped:            25796 kB
Node 1 AnonPages:         42308 kB
Node 1 Shmem:               616 kB
Node 1 KernelStack:        1672 kB
Node 1 PageTables:         1076 kB
Node 1 NFS_Unstable:          0 kB
Node 1 Bounce:                0 kB
Node 1 WritebackTmp:          0 kB
Node 1 KReclaimable:      21492 kB
Node 1 Slab:              67080 kB
Node 1 SReclaimable:      21492 kB
Node 1 SUnreclaim:        45588 kB
Node 1 AnonHugePages:         0 kB
Node 1 ShmemHugePages:        0 kB
Node 1 ShmemPmdMapped:        0 kB
Node 1 FileHugePages:        0 kB
Node 1 FilePmdMapped:        0 kB
Node 1 HugePages_Total:     0
Node 1 HugePages_Free:      0
Node 1 HugePages_Surp:      0

Import tank ZPool
Node 0 MemTotal:       24768352 kB
Node 0 MemFree:        24488084 kB
Node 0 MemUsed:          280268 kB
Node 0 Active:            53704 kB
Node 0 Inactive:          73424 kB
Node 0 Active(anon):      10912 kB
Node 0 Inactive(anon):      480 kB
Node 0 Active(file):      42792 kB
Node 0 Inactive(file):    72944 kB
Node 0 Unevictable:        5288 kB
Node 0 Mlocked:            5288 kB
Node 0 Dirty:               352 kB
Node 0 Writeback:             0 kB
Node 0 FilePages:        121668 kB
Node 0 Mapped:            48548 kB
Node 0 AnonPages:         10744 kB
Node 0 Shmem:               648 kB
Node 0 KernelStack:        3080 kB
Node 0 PageTables:          296 kB
Node 0 NFS_Unstable:          0 kB
Node 0 Bounce:                0 kB
Node 0 WritebackTmp:          0 kB
Node 0 KReclaimable:      22180 kB
Node 0 Slab:              48540 kB
Node 0 SReclaimable:      22180 kB
Node 0 SUnreclaim:        26360 kB
Node 0 AnonHugePages:         0 kB
Node 0 ShmemHugePages:        0 kB
Node 0 ShmemPmdMapped:        0 kB
Node 0 FileHugePages:        0 kB
Node 0 FilePmdMapped:        0 kB
Node 0 HugePages_Total:     0
Node 0 HugePages_Free:      0
Node 0 HugePages_Surp:      0

Node 1 MemTotal:       24661580 kB
Node 1 MemFree:        24149008 kB
Node 1 MemUsed:          512572 kB
Node 1 Active:            46784 kB
Node 1 Inactive:         159332 kB
Node 1 Active(anon):      23032 kB
Node 1 Inactive(anon):      468 kB
Node 1 Active(file):      23752 kB
Node 1 Inactive(file):   158864 kB
Node 1 Unevictable:       13464 kB
Node 1 Mlocked:           13464 kB
Node 1 Dirty:               228 kB
Node 1 Writeback:             0 kB
Node 1 FilePages:        186144 kB
Node 1 Mapped:            25052 kB
Node 1 AnonPages:         33196 kB
Node 1 Shmem:               620 kB
Node 1 KernelStack:        1608 kB
Node 1 PageTables:          940 kB
Node 1 NFS_Unstable:          0 kB
Node 1 Bounce:                0 kB
Node 1 WritebackTmp:          0 kB
Node 1 KReclaimable:      21636 kB
Node 1 Slab:              72096 kB
Node 1 SReclaimable:      21636 kB
Node 1 SUnreclaim:        50460 kB
Node 1 AnonHugePages:         0 kB
Node 1 ShmemHugePages:        0 kB
Node 1 ShmemPmdMapped:        0 kB
Node 1 FileHugePages:        0 kB
Node 1 FilePmdMapped:        0 kB
Node 1 HugePages_Total:     0
Node 1 HugePages_Free:      0
Node 1 HugePages_Surp:      0

After Test
Node 0 MemTotal:       24768352 kB
Node 0 MemFree:        24182116 kB
Node 0 MemUsed:          586236 kB
Node 0 Active:            53628 kB
Node 0 Inactive:          73352 kB
Node 0 Active(anon):      10748 kB
Node 0 Inactive(anon):      476 kB
Node 0 Active(file):      42880 kB
Node 0 Inactive(file):    72876 kB
Node 0 Unevictable:        5288 kB
Node 0 Mlocked:            5288 kB
Node 0 Dirty:                12 kB
Node 0 Writeback:             0 kB
Node 0 FilePages:        121716 kB
Node 0 Mapped:            48372 kB
Node 0 AnonPages:         10580 kB
Node 0 Shmem:               648 kB
Node 0 KernelStack:        3048 kB
Node 0 PageTables:          296 kB
Node 0 NFS_Unstable:          0 kB
Node 0 Bounce:                0 kB
Node 0 WritebackTmp:          0 kB
Node 0 KReclaimable:      22180 kB
Node 0 Slab:              49624 kB
Node 0 SReclaimable:      22180 kB
Node 0 SUnreclaim:        27444 kB
Node 0 AnonHugePages:         0 kB
Node 0 ShmemHugePages:        0 kB
Node 0 ShmemPmdMapped:        0 kB
Node 0 FileHugePages:        0 kB
Node 0 FilePmdMapped:        0 kB
Node 0 HugePages_Total:     0
Node 0 HugePages_Free:      0
Node 0 HugePages_Surp:      0

Node 1 MemTotal:       24661580 kB
Node 1 MemFree:        19358896 kB
Node 1 MemUsed:         5302684 kB
Node 1 Active:            47592 kB
Node 1 Inactive:         221648 kB
Node 1 Active(anon):      22972 kB
Node 1 Inactive(anon):      464 kB
Node 1 Active(file):      24620 kB
Node 1 Inactive(file):   221184 kB
Node 1 Unevictable:       13464 kB
Node 1 Mlocked:           13464 kB
Node 1 Dirty:                16 kB
Node 1 Writeback:             0 kB
Node 1 FilePages:        249332 kB
Node 1 Mapped:            24816 kB
Node 1 AnonPages:         33100 kB
Node 1 Shmem:               620 kB
Node 1 KernelStack:        1544 kB
Node 1 PageTables:         1020 kB
Node 1 NFS_Unstable:          0 kB
Node 1 Bounce:                0 kB
Node 1 WritebackTmp:          0 kB
Node 1 KReclaimable:      22008 kB
Node 1 Slab:              91508 kB
Node 1 SReclaimable:      22008 kB
Node 1 SUnreclaim:        69500 kB
Node 1 AnonHugePages:         0 kB
Node 1 ShmemHugePages:        0 kB
Node 1 ShmemPmdMapped:        0 kB
Node 1 FileHugePages:        0 kB
Node 1 FilePmdMapped:        0 kB
Node 1 HugePages_Total:     0
Node 1 HugePages_Free:      0
Node 1 HugePages_Surp:      0

After Opposite Node
Node 0 MemTotal:       24768352 kB
Node 0 MemFree:        24184900 kB
Node 0 MemUsed:          583452 kB
Node 0 Active:            54244 kB
Node 0 Inactive:          73140 kB
Node 0 Active(anon):      11112 kB
Node 0 Inactive(anon):      476 kB
Node 0 Active(file):      43132 kB
Node 0 Inactive(file):    72664 kB
Node 0 Unevictable:        5288 kB
Node 0 Mlocked:            5288 kB
Node 0 Dirty:                16 kB
Node 0 Writeback:             0 kB
Node 0 FilePages:        121728 kB
Node 0 Mapped:            48584 kB
Node 0 AnonPages:         11080 kB
Node 0 Shmem:               648 kB
Node 0 KernelStack:        3048 kB
Node 0 PageTables:          468 kB
Node 0 NFS_Unstable:          0 kB
Node 0 Bounce:                0 kB
Node 0 WritebackTmp:          0 kB
Node 0 KReclaimable:      22252 kB
Node 0 Slab:              49812 kB
Node 0 SReclaimable:      22252 kB
Node 0 SUnreclaim:        27560 kB
Node 0 AnonHugePages:         0 kB
Node 0 ShmemHugePages:        0 kB
Node 0 ShmemPmdMapped:        0 kB
Node 0 FileHugePages:        0 kB
Node 0 FilePmdMapped:        0 kB
Node 0 HugePages_Total:     0
Node 0 HugePages_Free:      0
Node 0 HugePages_Surp:      0

Node 1 MemTotal:       24661580 kB
Node 1 MemFree:        19359872 kB
Node 1 MemUsed:         5301708 kB
Node 1 Active:            47292 kB
Node 1 Inactive:         221596 kB
Node 1 Active(anon):      22608 kB
Node 1 Inactive(anon):      464 kB
Node 1 Active(file):      24684 kB
Node 1 Inactive(file):   221132 kB
Node 1 Unevictable:       13464 kB
Node 1 Mlocked:           13464 kB
Node 1 Dirty:                32 kB
Node 1 Writeback:             0 kB
Node 1 FilePages:        249344 kB
Node 1 Mapped:            24836 kB
Node 1 AnonPages:         33028 kB
Node 1 Shmem:               620 kB
Node 1 KernelStack:        1544 kB
Node 1 PageTables:          844 kB
Node 1 NFS_Unstable:          0 kB
Node 1 Bounce:                0 kB
Node 1 WritebackTmp:          0 kB
Node 1 KReclaimable:      22008 kB
Node 1 Slab:              91588 kB
Node 1 SReclaimable:      22008 kB
Node 1 SUnreclaim:        69580 kB
Node 1 AnonHugePages:         0 kB
Node 1 ShmemHugePages:        0 kB
Node 1 ShmemPmdMapped:        0 kB
Node 1 FileHugePages:        0 kB
Node 1 FilePmdMapped:        0 kB
Node 1 HugePages_Total:     0
Node 1 HugePages_Free:      0
Node 1 HugePages_Surp:      0

B.1.64M-simpleread.4G.1.O.1M Complete!
