kernel.numa_balancing = 0
445 Tests Remaining!
B.1.64M-simpleread.16G.1.O.1M
Begin
Node 0 MemTotal:       24743736 kB
Node 0 MemFree:        24465744 kB
Node 0 MemUsed:          277992 kB
Node 0 Active:            68012 kB
Node 0 Inactive:          57288 kB
Node 0 Active(anon):      23596 kB
Node 0 Inactive(anon):      408 kB
Node 0 Active(file):      44416 kB
Node 0 Inactive(file):    56880 kB
Node 0 Unevictable:       17696 kB
Node 0 Mlocked:           17696 kB
Node 0 Dirty:                36 kB
Node 0 Writeback:             0 kB
Node 0 FilePages:        109284 kB
Node 0 Mapped:            28056 kB
Node 0 AnonPages:         33664 kB
Node 0 Shmem:               620 kB
Node 0 KernelStack:        2088 kB
Node 0 PageTables:          724 kB
Node 0 NFS_Unstable:          0 kB
Node 0 Bounce:                0 kB
Node 0 WritebackTmp:          0 kB
Node 0 KReclaimable:      22736 kB
Node 0 Slab:              52584 kB
Node 0 SReclaimable:      22736 kB
Node 0 SUnreclaim:        29848 kB
Node 0 AnonHugePages:         0 kB
Node 0 ShmemHugePages:        0 kB
Node 0 ShmemPmdMapped:        0 kB
Node 0 FileHugePages:        0 kB
Node 0 FilePmdMapped:        0 kB
Node 0 HugePages_Total:     0
Node 0 HugePages_Free:      0
Node 0 HugePages_Surp:      0

Node 1 MemTotal:       24686196 kB
Node 1 MemFree:        24341192 kB
Node 1 MemUsed:          345004 kB
Node 1 Active:            28072 kB
Node 1 Inactive:          45700 kB
Node 1 Active(anon):      10296 kB
Node 1 Inactive(anon):      464 kB
Node 1 Active(file):      17776 kB
Node 1 Inactive(file):    45236 kB
Node 1 Unevictable:         828 kB
Node 1 Mlocked:             828 kB
Node 1 Dirty:               480 kB
Node 1 Writeback:             0 kB
Node 1 FilePages:         64508 kB
Node 1 Mapped:            21960 kB
Node 1 AnonPages:         10212 kB
Node 1 Shmem:               648 kB
Node 1 KernelStack:        1784 kB
Node 1 PageTables:          584 kB
Node 1 NFS_Unstable:          0 kB
Node 1 Bounce:                0 kB
Node 1 WritebackTmp:          0 kB
Node 1 KReclaimable:      20364 kB
Node 1 Slab:              54960 kB
Node 1 SReclaimable:      20364 kB
Node 1 SUnreclaim:        34596 kB
Node 1 AnonHugePages:         0 kB
Node 1 ShmemHugePages:        0 kB
Node 1 ShmemPmdMapped:        0 kB
Node 1 FileHugePages:        0 kB
Node 1 FilePmdMapped:        0 kB
Node 1 HugePages_Total:     0
Node 1 HugePages_Free:      0
Node 1 HugePages_Surp:      0

Load ZFS
Node 0 MemTotal:       24743736 kB
Node 0 MemFree:        24203324 kB
Node 0 MemUsed:          540412 kB
Node 0 Active:            81396 kB
Node 0 Inactive:         159928 kB
Node 0 Active(anon):      35724 kB
Node 0 Inactive(anon):      476 kB
Node 0 Active(file):      45672 kB
Node 0 Inactive(file):   159452 kB
Node 0 Unevictable:       17828 kB
Node 0 Mlocked:           17828 kB
Node 0 Dirty:                36 kB
Node 0 Writeback:             0 kB
Node 0 FilePages:        213396 kB
Node 0 Mapped:            30636 kB
Node 0 AnonPages:         46152 kB
Node 0 Shmem:               760 kB
Node 0 KernelStack:        2200 kB
Node 0 PageTables:         1848 kB
Node 0 NFS_Unstable:          0 kB
Node 0 Bounce:                0 kB
Node 0 WritebackTmp:          0 kB
Node 0 KReclaimable:      23448 kB
Node 0 Slab:              56008 kB
Node 0 SReclaimable:      23448 kB
Node 0 SUnreclaim:        32560 kB
Node 0 AnonHugePages:         0 kB
Node 0 ShmemHugePages:        0 kB
Node 0 ShmemPmdMapped:        0 kB
Node 0 FileHugePages:        0 kB
Node 0 FilePmdMapped:        0 kB
Node 0 HugePages_Total:     0
Node 0 HugePages_Free:      0
Node 0 HugePages_Surp:      0

Node 1 MemTotal:       24686196 kB
Node 1 MemFree:        24459900 kB
Node 1 MemUsed:          226296 kB
Node 1 Active:            39884 kB
Node 1 Inactive:          46432 kB
Node 1 Active(anon):      21240 kB
Node 1 Inactive(anon):      268 kB
Node 1 Active(file):      18644 kB
Node 1 Inactive(file):    46164 kB
Node 1 Unevictable:         828 kB
Node 1 Mlocked:             828 kB
Node 1 Dirty:               388 kB
Node 1 Writeback:             0 kB
Node 1 FilePages:         66284 kB
Node 1 Mapped:            23200 kB
Node 1 AnonPages:         20464 kB
Node 1 Shmem:               508 kB
Node 1 KernelStack:        2168 kB
Node 1 PageTables:         1532 kB
Node 1 NFS_Unstable:          0 kB
Node 1 Bounce:                0 kB
Node 1 WritebackTmp:          0 kB
Node 1 KReclaimable:      21172 kB
Node 1 Slab:              58880 kB
Node 1 SReclaimable:      21172 kB
Node 1 SUnreclaim:        37708 kB
Node 1 AnonHugePages:         0 kB
Node 1 ShmemHugePages:        0 kB
Node 1 ShmemPmdMapped:        0 kB
Node 1 FileHugePages:        0 kB
Node 1 FilePmdMapped:        0 kB
Node 1 HugePages_Total:     0
Node 1 HugePages_Free:      0
Node 1 HugePages_Surp:      0

Import tank ZPool
Node 0 MemTotal:       24743736 kB
Node 0 MemFree:        24197376 kB
Node 0 MemUsed:          546360 kB
Node 0 Active:            81928 kB
Node 0 Inactive:         161132 kB
Node 0 Active(anon):      35712 kB
Node 0 Inactive(anon):      580 kB
Node 0 Active(file):      46216 kB
Node 0 Inactive(file):   160552 kB
Node 0 Unevictable:       17928 kB
Node 0 Mlocked:           17928 kB
Node 0 Dirty:                40 kB
Node 0 Writeback:             0 kB
Node 0 FilePages:        214920 kB
Node 0 Mapped:            30616 kB
Node 0 AnonPages:         45776 kB
Node 0 Shmem:               764 kB
Node 0 KernelStack:        2216 kB
Node 0 PageTables:         1416 kB
Node 0 NFS_Unstable:          0 kB
Node 0 Bounce:                0 kB
Node 0 WritebackTmp:          0 kB
Node 0 KReclaimable:      23768 kB
Node 0 Slab:              61324 kB
Node 0 SReclaimable:      23768 kB
Node 0 SUnreclaim:        37556 kB
Node 0 AnonHugePages:         0 kB
Node 0 ShmemHugePages:        0 kB
Node 0 ShmemPmdMapped:        0 kB
Node 0 FileHugePages:        0 kB
Node 0 FilePmdMapped:        0 kB
Node 0 HugePages_Total:     0
Node 0 HugePages_Free:      0
Node 0 HugePages_Surp:      0

Node 1 MemTotal:       24686196 kB
Node 1 MemFree:        24445612 kB
Node 1 MemUsed:          240584 kB
Node 1 Active:            39204 kB
Node 1 Inactive:          46536 kB
Node 1 Active(anon):      20388 kB
Node 1 Inactive(anon):      368 kB
Node 1 Active(file):      18816 kB
Node 1 Inactive(file):    46168 kB
Node 1 Unevictable:         828 kB
Node 1 Mlocked:             828 kB
Node 1 Dirty:               508 kB
Node 1 Writeback:             0 kB
Node 1 FilePages:         66348 kB
Node 1 Mapped:            23076 kB
Node 1 AnonPages:         20252 kB
Node 1 Shmem:               504 kB
Node 1 KernelStack:        3048 kB
Node 1 PageTables:         1480 kB
Node 1 NFS_Unstable:          0 kB
Node 1 Bounce:                0 kB
Node 1 WritebackTmp:          0 kB
Node 1 KReclaimable:      21212 kB
Node 1 Slab:              60784 kB
Node 1 SReclaimable:      21212 kB
Node 1 SUnreclaim:        39572 kB
Node 1 AnonHugePages:         0 kB
Node 1 ShmemHugePages:        0 kB
Node 1 ShmemPmdMapped:        0 kB
Node 1 FileHugePages:        0 kB
Node 1 FilePmdMapped:        0 kB
Node 1 HugePages_Total:     0
Node 1 HugePages_Free:      0
Node 1 HugePages_Surp:      0

After Test
Node 0 MemTotal:       24743736 kB
Node 0 MemFree:        23447840 kB
Node 0 MemUsed:         1295896 kB
Node 0 Active:            69640 kB
Node 0 Inactive:         160452 kB
Node 0 Active(anon):      22692 kB
Node 0 Inactive(anon):      580 kB
Node 0 Active(file):      46948 kB
Node 0 Inactive(file):   159872 kB
Node 0 Unevictable:       17928 kB
Node 0 Mlocked:           17928 kB
Node 0 Dirty:                 8 kB
Node 0 Writeback:             0 kB
Node 0 FilePages:        214952 kB
Node 0 Mapped:            27956 kB
Node 0 AnonPages:         33068 kB
Node 0 Shmem:               764 kB
Node 0 KernelStack:        1816 kB
Node 0 PageTables:          560 kB
Node 0 NFS_Unstable:          0 kB
Node 0 Bounce:                0 kB
Node 0 WritebackTmp:          0 kB
Node 0 KReclaimable:      23788 kB
Node 0 Slab:              63024 kB
Node 0 SReclaimable:      23788 kB
Node 0 SUnreclaim:        39236 kB
Node 0 AnonHugePages:         0 kB
Node 0 ShmemHugePages:        0 kB
Node 0 ShmemPmdMapped:        0 kB
Node 0 FileHugePages:        0 kB
Node 0 FilePmdMapped:        0 kB
Node 0 HugePages_Total:     0
Node 0 HugePages_Free:      0
Node 0 HugePages_Surp:      0

Node 1 MemTotal:       24686196 kB
Node 1 MemFree:         7492760 kB
Node 1 MemUsed:        17193436 kB
Node 1 Active:            30796 kB
Node 1 Inactive:         108792 kB
Node 1 Active(anon):      11060 kB
Node 1 Inactive(anon):      360 kB
Node 1 Active(file):      19736 kB
Node 1 Inactive(file):   108432 kB
Node 1 Unevictable:         828 kB
Node 1 Mlocked:             828 kB
Node 1 Dirty:                44 kB
Node 1 Writeback:             0 kB
Node 1 FilePages:        129508 kB
Node 1 Mapped:            21996 kB
Node 1 AnonPages:         10640 kB
Node 1 Shmem:               504 kB
Node 1 KernelStack:        2680 kB
Node 1 PageTables:          668 kB
Node 1 NFS_Unstable:          0 kB
Node 1 Bounce:                0 kB
Node 1 WritebackTmp:          0 kB
Node 1 KReclaimable:      21504 kB
Node 1 Slab:             118596 kB
Node 1 SReclaimable:      21504 kB
Node 1 SUnreclaim:        97092 kB
Node 1 AnonHugePages:         0 kB
Node 1 ShmemHugePages:        0 kB
Node 1 ShmemPmdMapped:        0 kB
Node 1 FileHugePages:        0 kB
Node 1 FilePmdMapped:        0 kB
Node 1 HugePages_Total:     0
Node 1 HugePages_Free:      0
Node 1 HugePages_Surp:      0

After Opposite Node
Node 0 MemTotal:       24743736 kB
Node 0 MemFree:        23449756 kB
Node 0 MemUsed:         1293980 kB
Node 0 Active:            70244 kB
Node 0 Inactive:         160224 kB
Node 0 Active(anon):      23052 kB
Node 0 Inactive(anon):      580 kB
Node 0 Active(file):      47192 kB
Node 0 Inactive(file):   159644 kB
Node 0 Unevictable:       17928 kB
Node 0 Mlocked:           17928 kB
Node 0 Dirty:                16 kB
Node 0 Writeback:             0 kB
Node 0 FilePages:        214968 kB
Node 0 Mapped:            27960 kB
Node 0 AnonPages:         33568 kB
Node 0 Shmem:               764 kB
Node 0 KernelStack:        1752 kB
Node 0 PageTables:          732 kB
Node 0 NFS_Unstable:          0 kB
Node 0 Bounce:                0 kB
Node 0 WritebackTmp:          0 kB
Node 0 KReclaimable:      23820 kB
Node 0 Slab:              63316 kB
Node 0 SReclaimable:      23820 kB
Node 0 SUnreclaim:        39496 kB
Node 0 AnonHugePages:         0 kB
Node 0 ShmemHugePages:        0 kB
Node 0 ShmemPmdMapped:        0 kB
Node 0 FileHugePages:        0 kB
Node 0 FilePmdMapped:        0 kB
Node 0 HugePages_Total:     0
Node 0 HugePages_Free:      0
Node 0 HugePages_Surp:      0

Node 1 MemTotal:       24686196 kB
Node 1 MemFree:         7494360 kB
Node 1 MemUsed:        17191836 kB
Node 1 Active:            30456 kB
Node 1 Inactive:         108792 kB
Node 1 Active(anon):      10696 kB
Node 1 Inactive(anon):      360 kB
Node 1 Active(file):      19760 kB
Node 1 Inactive(file):   108432 kB
Node 1 Unevictable:         828 kB
Node 1 Mlocked:             828 kB
Node 1 Dirty:                12 kB
Node 1 Writeback:             0 kB
Node 1 FilePages:        129524 kB
Node 1 Mapped:            21996 kB
Node 1 AnonPages:         10572 kB
Node 1 Shmem:               504 kB
Node 1 KernelStack:        2648 kB
Node 1 PageTables:          500 kB
Node 1 NFS_Unstable:          0 kB
Node 1 Bounce:                0 kB
Node 1 WritebackTmp:          0 kB
Node 1 KReclaimable:      21504 kB
Node 1 Slab:             118320 kB
Node 1 SReclaimable:      21504 kB
Node 1 SUnreclaim:        96816 kB
Node 1 AnonHugePages:         0 kB
Node 1 ShmemHugePages:        0 kB
Node 1 ShmemPmdMapped:        0 kB
Node 1 FileHugePages:        0 kB
Node 1 FilePmdMapped:        0 kB
Node 1 HugePages_Total:     0
Node 1 HugePages_Free:      0
Node 1 HugePages_Surp:      0

B.1.64M-simpleread.16G.1.O.1M Complete!
