kernel.numa_balancing = 0
B.1.1M-simpleread.2-1G.1.O.1M
Begin
Node 0 MemTotal:       24743736 kB
Node 0 MemFree:        24311868 kB
Node 0 MemUsed:          431868 kB
Node 0 Active:            40284 kB
Node 0 Inactive:          97424 kB
Node 0 Active(anon):      13880 kB
Node 0 Inactive(anon):      352 kB
Node 0 Active(file):      26404 kB
Node 0 Inactive(file):    97072 kB
Node 0 Unevictable:       18028 kB
Node 0 Mlocked:           18028 kB
Node 0 Dirty:               244 kB
Node 0 Writeback:             0 kB
Node 0 FilePages:        131740 kB
Node 0 Mapped:            50572 kB
Node 0 AnonPages:         24016 kB
Node 0 Shmem:               548 kB
Node 0 KernelStack:        2200 kB
Node 0 PageTables:          696 kB
Node 0 NFS_Unstable:          0 kB
Node 0 Bounce:                0 kB
Node 0 WritebackTmp:          0 kB
Node 0 KReclaimable:      22256 kB
Node 0 Slab:              58084 kB
Node 0 SReclaimable:      22256 kB
Node 0 SUnreclaim:        35828 kB
Node 0 AnonHugePages:         0 kB
Node 0 ShmemHugePages:        0 kB
Node 0 ShmemPmdMapped:        0 kB
Node 0 FileHugePages:        0 kB
Node 0 FilePmdMapped:        0 kB
Node 0 HugePages_Total:     0
Node 0 HugePages_Free:      0
Node 0 HugePages_Surp:      0

Node 1 MemTotal:       24686196 kB
Node 1 MemFree:        24482820 kB
Node 1 MemUsed:          203376 kB
Node 1 Active:            56296 kB
Node 1 Inactive:          17164 kB
Node 1 Active(anon):      19704 kB
Node 1 Inactive(anon):      544 kB
Node 1 Active(file):      36592 kB
Node 1 Inactive(file):    16620 kB
Node 1 Unevictable:         492 kB
Node 1 Mlocked:             492 kB
Node 1 Dirty:                28 kB
Node 1 Writeback:             0 kB
Node 1 FilePages:         54496 kB
Node 1 Mapped:            13896 kB
Node 1 AnonPages:         19596 kB
Node 1 Shmem:               720 kB
Node 1 KernelStack:        1448 kB
Node 1 PageTables:          476 kB
Node 1 NFS_Unstable:          0 kB
Node 1 Bounce:                0 kB
Node 1 WritebackTmp:          0 kB
Node 1 KReclaimable:      19664 kB
Node 1 Slab:              47376 kB
Node 1 SReclaimable:      19664 kB
Node 1 SUnreclaim:        27712 kB
Node 1 AnonHugePages:         0 kB
Node 1 ShmemHugePages:        0 kB
Node 1 ShmemPmdMapped:        0 kB
Node 1 FileHugePages:        0 kB
Node 1 FilePmdMapped:        0 kB
Node 1 HugePages_Total:     0
Node 1 HugePages_Free:      0
Node 1 HugePages_Surp:      0

Load ZFS
Node 0 MemTotal:       24743736 kB
Node 0 MemFree:        24197120 kB
Node 0 MemUsed:          546616 kB
Node 0 Active:            49940 kB
Node 0 Inactive:         194772 kB
Node 0 Active(anon):      22276 kB
Node 0 Inactive(anon):      396 kB
Node 0 Active(file):      27664 kB
Node 0 Inactive(file):   194376 kB
Node 0 Unevictable:       18212 kB
Node 0 Mlocked:           18212 kB
Node 0 Dirty:               476 kB
Node 0 Writeback:             0 kB
Node 0 FilePages:        230328 kB
Node 0 Mapped:            52272 kB
Node 0 AnonPages:         32244 kB
Node 0 Shmem:               588 kB
Node 0 KernelStack:        2536 kB
Node 0 PageTables:         1816 kB
Node 0 NFS_Unstable:          0 kB
Node 0 Bounce:                0 kB
Node 0 WritebackTmp:          0 kB
Node 0 KReclaimable:      23064 kB
Node 0 Slab:              61896 kB
Node 0 SReclaimable:      23064 kB
Node 0 SUnreclaim:        38832 kB
Node 0 AnonHugePages:         0 kB
Node 0 ShmemHugePages:        0 kB
Node 0 ShmemPmdMapped:        0 kB
Node 0 FileHugePages:        0 kB
Node 0 FilePmdMapped:        0 kB
Node 0 HugePages_Total:     0
Node 0 HugePages_Free:      0
Node 0 HugePages_Surp:      0

Node 1 MemTotal:       24686196 kB
Node 1 MemFree:        24456268 kB
Node 1 MemUsed:          229928 kB
Node 1 Active:            71144 kB
Node 1 Inactive:          23404 kB
Node 1 Active(anon):      33364 kB
Node 1 Inactive(anon):      548 kB
Node 1 Active(file):      37780 kB
Node 1 Inactive(file):    22856 kB
Node 1 Unevictable:         492 kB
Node 1 Mlocked:             492 kB
Node 1 Dirty:                60 kB
Node 1 Writeback:             0 kB
Node 1 FilePages:         61808 kB
Node 1 Mapped:            16620 kB
Node 1 AnonPages:         33384 kB
Node 1 Shmem:               680 kB
Node 1 KernelStack:        1660 kB
Node 1 PageTables:         1864 kB
Node 1 NFS_Unstable:          0 kB
Node 1 Bounce:                0 kB
Node 1 WritebackTmp:          0 kB
Node 1 KReclaimable:      20296 kB
Node 1 Slab:              50076 kB
Node 1 SReclaimable:      20296 kB
Node 1 SUnreclaim:        29780 kB
Node 1 AnonHugePages:         0 kB
Node 1 ShmemHugePages:        0 kB
Node 1 ShmemPmdMapped:        0 kB
Node 1 FileHugePages:        0 kB
Node 1 FilePmdMapped:        0 kB
Node 1 HugePages_Total:     0
Node 1 HugePages_Free:      0
Node 1 HugePages_Surp:      0

Import tank ZPool
Node 0 MemTotal:       24743736 kB
Node 0 MemFree:        24186448 kB
Node 0 MemUsed:          557288 kB
Node 0 Active:            49136 kB
Node 0 Inactive:         194704 kB
Node 0 Active(anon):      21468 kB
Node 0 Inactive(anon):      396 kB
Node 0 Active(file):      27668 kB
Node 0 Inactive(file):   194308 kB
Node 0 Unevictable:       18260 kB
Node 0 Mlocked:           18260 kB
Node 0 Dirty:               152 kB
Node 0 Writeback:             0 kB
Node 0 FilePages:        230260 kB
Node 0 Mapped:            52372 kB
Node 0 AnonPages:         31836 kB
Node 0 Shmem:               584 kB
Node 0 KernelStack:        3480 kB
Node 0 PageTables:         1228 kB
Node 0 NFS_Unstable:          0 kB
Node 0 Bounce:                0 kB
Node 0 WritebackTmp:          0 kB
Node 0 KReclaimable:      23084 kB
Node 0 Slab:              64320 kB
Node 0 SReclaimable:      23084 kB
Node 0 SUnreclaim:        41236 kB
Node 0 AnonHugePages:         0 kB
Node 0 ShmemHugePages:        0 kB
Node 0 ShmemPmdMapped:        0 kB
Node 0 FileHugePages:        0 kB
Node 0 FilePmdMapped:        0 kB
Node 0 HugePages_Total:     0
Node 0 HugePages_Free:      0
Node 0 HugePages_Surp:      0

Node 1 MemTotal:       24686196 kB
Node 1 MemFree:        24450320 kB
Node 1 MemUsed:          235876 kB
Node 1 Active:            71312 kB
Node 1 Inactive:          24644 kB
Node 1 Active(anon):      33056 kB
Node 1 Inactive(anon):      552 kB
Node 1 Active(file):      38256 kB
Node 1 Inactive(file):    24092 kB
Node 1 Unevictable:         492 kB
Node 1 Mlocked:             492 kB
Node 1 Dirty:                36 kB
Node 1 Writeback:             0 kB
Node 1 FilePages:         63548 kB
Node 1 Mapped:            16208 kB
Node 1 AnonPages:         32852 kB
Node 1 Shmem:               684 kB
Node 1 KernelStack:        1736 kB
Node 1 PageTables:         1360 kB
Node 1 NFS_Unstable:          0 kB
Node 1 Bounce:                0 kB
Node 1 WritebackTmp:          0 kB
Node 1 KReclaimable:      20420 kB
Node 1 Slab:              55612 kB
Node 1 SReclaimable:      20420 kB
Node 1 SUnreclaim:        35192 kB
Node 1 AnonHugePages:         0 kB
Node 1 ShmemHugePages:        0 kB
Node 1 ShmemPmdMapped:        0 kB
Node 1 FileHugePages:        0 kB
Node 1 FilePmdMapped:        0 kB
Node 1 HugePages_Total:     0
Node 1 HugePages_Free:      0
Node 1 HugePages_Surp:      0

After Test
Node 0 MemTotal:       24743736 kB
Node 0 MemFree:        23973016 kB
Node 0 MemUsed:          770720 kB
Node 0 Active:            42608 kB
Node 0 Inactive:         194332 kB
Node 0 Active(anon):      14576 kB
Node 0 Inactive(anon):      388 kB
Node 0 Active(file):      28032 kB
Node 0 Inactive(file):   193944 kB
Node 0 Unevictable:       18260 kB
Node 0 Mlocked:           18260 kB
Node 0 Dirty:               180 kB
Node 0 Writeback:             0 kB
Node 0 FilePages:        230260 kB
Node 0 Mapped:            50772 kB
Node 0 AnonPages:         24952 kB
Node 0 Shmem:               584 kB
Node 0 KernelStack:        3208 kB
Node 0 PageTables:          700 kB
Node 0 NFS_Unstable:          0 kB
Node 0 Bounce:                0 kB
Node 0 WritebackTmp:          0 kB
Node 0 KReclaimable:      23140 kB
Node 0 Slab:              65640 kB
Node 0 SReclaimable:      23140 kB
Node 0 SUnreclaim:        42500 kB
Node 0 AnonHugePages:         0 kB
Node 0 ShmemHugePages:        0 kB
Node 0 ShmemPmdMapped:        0 kB
Node 0 FileHugePages:        0 kB
Node 0 FilePmdMapped:        0 kB
Node 0 HugePages_Total:     0
Node 0 HugePages_Free:      0
Node 0 HugePages_Surp:      0

Node 1 MemTotal:       24686196 kB
Node 1 MemFree:        22810772 kB
Node 1 MemUsed:         1875424 kB
Node 1 Active:            58560 kB
Node 1 Inactive:          24860 kB
Node 1 Active(anon):      19032 kB
Node 1 Inactive(anon):      552 kB
Node 1 Active(file):      39528 kB
Node 1 Inactive(file):    24308 kB
Node 1 Unevictable:         492 kB
Node 1 Mlocked:             492 kB
Node 1 Dirty:                48 kB
Node 1 Writeback:             0 kB
Node 1 FilePages:         65012 kB
Node 1 Mapped:            13964 kB
Node 1 AnonPages:         18528 kB
Node 1 Shmem:               684 kB
Node 1 KernelStack:        1480 kB
Node 1 PageTables:          456 kB
Node 1 NFS_Unstable:          0 kB
Node 1 Bounce:                0 kB
Node 1 WritebackTmp:          0 kB
Node 1 KReclaimable:      20400 kB
Node 1 Slab:              64380 kB
Node 1 SReclaimable:      20400 kB
Node 1 SUnreclaim:        43980 kB
Node 1 AnonHugePages:         0 kB
Node 1 ShmemHugePages:        0 kB
Node 1 ShmemPmdMapped:        0 kB
Node 1 FileHugePages:        0 kB
Node 1 FilePmdMapped:        0 kB
Node 1 HugePages_Total:     0
Node 1 HugePages_Free:      0
Node 1 HugePages_Surp:      0

After Opposite Node
Node 0 MemTotal:       24743736 kB
Node 0 MemFree:        23973360 kB
Node 0 MemUsed:          770376 kB
Node 0 Active:            43284 kB
Node 0 Inactive:         194132 kB
Node 0 Active(anon):      15040 kB
Node 0 Inactive(anon):      388 kB
Node 0 Active(file):      28244 kB
Node 0 Inactive(file):   193744 kB
Node 0 Unevictable:       18260 kB
Node 0 Mlocked:           18260 kB
Node 0 Dirty:               184 kB
Node 0 Writeback:             0 kB
Node 0 FilePages:        230272 kB
Node 0 Mapped:            50928 kB
Node 0 AnonPages:         25404 kB
Node 0 Shmem:               584 kB
Node 0 KernelStack:        3240 kB
Node 0 PageTables:          748 kB
Node 0 NFS_Unstable:          0 kB
Node 0 Bounce:                0 kB
Node 0 WritebackTmp:          0 kB
Node 0 KReclaimable:      23140 kB
Node 0 Slab:              65632 kB
Node 0 SReclaimable:      23140 kB
Node 0 SUnreclaim:        42492 kB
Node 0 AnonHugePages:         0 kB
Node 0 ShmemHugePages:        0 kB
Node 0 ShmemPmdMapped:        0 kB
Node 0 FileHugePages:        0 kB
Node 0 FilePmdMapped:        0 kB
Node 0 HugePages_Total:     0
Node 0 HugePages_Free:      0
Node 0 HugePages_Surp:      0

Node 1 MemTotal:       24686196 kB
Node 1 MemFree:        22811580 kB
Node 1 MemUsed:         1874616 kB
Node 1 Active:            58216 kB
Node 1 Inactive:          24808 kB
Node 1 Active(anon):      18624 kB
Node 1 Inactive(anon):      552 kB
Node 1 Active(file):      39592 kB
Node 1 Inactive(file):    24256 kB
Node 1 Unevictable:         492 kB
Node 1 Mlocked:             492 kB
Node 1 Dirty:                60 kB
Node 1 Writeback:             0 kB
Node 1 FilePages:         65024 kB
Node 1 Mapped:            13964 kB
Node 1 AnonPages:         18512 kB
Node 1 Shmem:               684 kB
Node 1 KernelStack:        1480 kB
Node 1 PageTables:          404 kB
Node 1 NFS_Unstable:          0 kB
Node 1 Bounce:                0 kB
Node 1 WritebackTmp:          0 kB
Node 1 KReclaimable:      20416 kB
Node 1 Slab:              64224 kB
Node 1 SReclaimable:      20416 kB
Node 1 SUnreclaim:        43808 kB
Node 1 AnonHugePages:         0 kB
Node 1 ShmemHugePages:        0 kB
Node 1 ShmemPmdMapped:        0 kB
Node 1 FileHugePages:        0 kB
Node 1 FilePmdMapped:        0 kB
Node 1 HugePages_Total:     0
Node 1 HugePages_Free:      0
Node 1 HugePages_Surp:      0

B.1.1M-simpleread.2-1G.1.O.1M Complete!
