kernel.numa_balancing = 0
B.1.512M-simpleread.8G.3.O.1M
Begin
Node 0 MemTotal:       24768352 kB
Node 0 MemFree:        24566092 kB
Node 0 MemUsed:          202260 kB
Node 0 Active:            55472 kB
Node 0 Inactive:          18596 kB
Node 0 Active(anon):      17968 kB
Node 0 Inactive(anon):      488 kB
Node 0 Active(file):      37504 kB
Node 0 Inactive(file):    18108 kB
Node 0 Unevictable:        1196 kB
Node 0 Mlocked:            1196 kB
Node 0 Dirty:                12 kB
Node 0 Writeback:             0 kB
Node 0 FilePages:         57524 kB
Node 0 Mapped:            13468 kB
Node 0 AnonPages:         17892 kB
Node 0 Shmem:               668 kB
Node 0 KernelStack:        2216 kB
Node 0 PageTables:          436 kB
Node 0 NFS_Unstable:          0 kB
Node 0 Bounce:                0 kB
Node 0 WritebackTmp:          0 kB
Node 0 KReclaimable:      18600 kB
Node 0 Slab:              46712 kB
Node 0 SReclaimable:      18600 kB
Node 0 SUnreclaim:        28112 kB
Node 0 AnonHugePages:         0 kB
Node 0 ShmemHugePages:        0 kB
Node 0 ShmemPmdMapped:        0 kB
Node 0 FileHugePages:        0 kB
Node 0 FilePmdMapped:        0 kB
Node 0 HugePages_Total:     0
Node 0 HugePages_Free:      0
Node 0 HugePages_Surp:      0

Node 1 MemTotal:       24661580 kB
Node 1 MemFree:        24214036 kB
Node 1 MemUsed:          447544 kB
Node 1 Active:            41700 kB
Node 1 Inactive:         110116 kB
Node 1 Active(anon):      15648 kB
Node 1 Inactive(anon):      388 kB
Node 1 Active(file):      26052 kB
Node 1 Inactive(file):   109728 kB
Node 1 Unevictable:       17324 kB
Node 1 Mlocked:           17324 kB
Node 1 Dirty:               192 kB
Node 1 Writeback:             0 kB
Node 1 FilePages:        143388 kB
Node 1 Mapped:            62436 kB
Node 1 AnonPages:         25800 kB
Node 1 Shmem:               600 kB
Node 1 KernelStack:        1384 kB
Node 1 PageTables:          776 kB
Node 1 NFS_Unstable:          0 kB
Node 1 Bounce:                0 kB
Node 1 WritebackTmp:          0 kB
Node 1 KReclaimable:      23160 kB
Node 1 Slab:              58808 kB
Node 1 SReclaimable:      23160 kB
Node 1 SUnreclaim:        35648 kB
Node 1 AnonHugePages:         0 kB
Node 1 ShmemHugePages:        0 kB
Node 1 ShmemPmdMapped:        0 kB
Node 1 FileHugePages:        0 kB
Node 1 FilePmdMapped:        0 kB
Node 1 HugePages_Total:     0
Node 1 HugePages_Free:      0
Node 1 HugePages_Surp:      0

Load ZFS
Node 0 MemTotal:       24768352 kB
Node 0 MemFree:        24516248 kB
Node 0 MemUsed:          252104 kB
Node 0 Active:            66960 kB
Node 0 Inactive:          50180 kB
Node 0 Active(anon):      28192 kB
Node 0 Inactive(anon):      444 kB
Node 0 Active(file):      38768 kB
Node 0 Inactive(file):    49736 kB
Node 0 Unevictable:        1196 kB
Node 0 Mlocked:            1196 kB
Node 0 Dirty:                52 kB
Node 0 Writeback:             0 kB
Node 0 FilePages:         90312 kB
Node 0 Mapped:            16472 kB
Node 0 AnonPages:         28180 kB
Node 0 Shmem:               612 kB
Node 0 KernelStack:        2300 kB
Node 0 PageTables:          992 kB
Node 0 NFS_Unstable:          0 kB
Node 0 Bounce:                0 kB
Node 0 WritebackTmp:          0 kB
Node 0 KReclaimable:      19372 kB
Node 0 Slab:              50044 kB
Node 0 SReclaimable:      19372 kB
Node 0 SUnreclaim:        30672 kB
Node 0 AnonHugePages:         0 kB
Node 0 ShmemHugePages:        0 kB
Node 0 ShmemPmdMapped:        0 kB
Node 0 FileHugePages:        0 kB
Node 0 FilePmdMapped:        0 kB
Node 0 HugePages_Total:     0
Node 0 HugePages_Free:      0
Node 0 HugePages_Surp:      0

Node 1 MemTotal:       24661580 kB
Node 1 MemFree:        24120452 kB
Node 1 MemUsed:          541128 kB
Node 1 Active:            55896 kB
Node 1 Inactive:         182292 kB
Node 1 Active(anon):      28724 kB
Node 1 Inactive(anon):      496 kB
Node 1 Active(file):      27172 kB
Node 1 Inactive(file):   181796 kB
Node 1 Unevictable:       17556 kB
Node 1 Mlocked:           17556 kB
Node 1 Dirty:               464 kB
Node 1 Writeback:             0 kB
Node 1 FilePages:        216620 kB
Node 1 Mapped:            64244 kB
Node 1 AnonPages:         39308 kB
Node 1 Shmem:               656 kB
Node 1 KernelStack:        1776 kB
Node 1 PageTables:         1760 kB
Node 1 NFS_Unstable:          0 kB
Node 1 Bounce:                0 kB
Node 1 WritebackTmp:          0 kB
Node 1 KReclaimable:      23912 kB
Node 1 Slab:              62252 kB
Node 1 SReclaimable:      23912 kB
Node 1 SUnreclaim:        38340 kB
Node 1 AnonHugePages:         0 kB
Node 1 ShmemHugePages:        0 kB
Node 1 ShmemPmdMapped:        0 kB
Node 1 FileHugePages:        0 kB
Node 1 FilePmdMapped:        0 kB
Node 1 HugePages_Total:     0
Node 1 HugePages_Free:      0
Node 1 HugePages_Surp:      0

Import tank ZPool
Node 0 MemTotal:       24768352 kB
Node 0 MemFree:        24505868 kB
Node 0 MemUsed:          262484 kB
Node 0 Active:            57396 kB
Node 0 Inactive:          51356 kB
Node 0 Active(anon):      18192 kB
Node 0 Inactive(anon):      448 kB
Node 0 Active(file):      39204 kB
Node 0 Inactive(file):    50908 kB
Node 0 Unevictable:        1196 kB
Node 0 Mlocked:            1196 kB
Node 0 Dirty:                56 kB
Node 0 Writeback:             0 kB
Node 0 FilePages:         91920 kB
Node 0 Mapped:            14044 kB
Node 0 AnonPages:         17840 kB
Node 0 Shmem:               612 kB
Node 0 KernelStack:        3448 kB
Node 0 PageTables:          776 kB
Node 0 NFS_Unstable:          0 kB
Node 0 Bounce:                0 kB
Node 0 WritebackTmp:          0 kB
Node 0 KReclaimable:      19484 kB
Node 0 Slab:              56468 kB
Node 0 SReclaimable:      19484 kB
Node 0 SUnreclaim:        36984 kB
Node 0 AnonHugePages:         0 kB
Node 0 ShmemHugePages:        0 kB
Node 0 ShmemPmdMapped:        0 kB
Node 0 FileHugePages:        0 kB
Node 0 FilePmdMapped:        0 kB
Node 0 HugePages_Total:     0
Node 0 HugePages_Free:      0
Node 0 HugePages_Surp:      0

Node 1 MemTotal:       24661580 kB
Node 1 MemFree:        24133548 kB
Node 1 MemUsed:          528032 kB
Node 1 Active:            44020 kB
Node 1 Inactive:         182172 kB
Node 1 Active(anon):      16744 kB
Node 1 Inactive(anon):      500 kB
Node 1 Active(file):      27276 kB
Node 1 Inactive(file):   181672 kB
Node 1 Unevictable:       17556 kB
Node 1 Mlocked:           17556 kB
Node 1 Dirty:               520 kB
Node 1 Writeback:             0 kB
Node 1 FilePages:        216632 kB
Node 1 Mapped:            62996 kB
Node 1 AnonPages:         26752 kB
Node 1 Shmem:               656 kB
Node 1 KernelStack:        1640 kB
Node 1 PageTables:         1556 kB
Node 1 NFS_Unstable:          0 kB
Node 1 Bounce:                0 kB
Node 1 WritebackTmp:          0 kB
Node 1 KReclaimable:      23912 kB
Node 1 Slab:              62280 kB
Node 1 SReclaimable:      23912 kB
Node 1 SUnreclaim:        38368 kB
Node 1 AnonHugePages:         0 kB
Node 1 ShmemHugePages:        0 kB
Node 1 ShmemPmdMapped:        0 kB
Node 1 FileHugePages:        0 kB
Node 1 FilePmdMapped:        0 kB
Node 1 HugePages_Total:     0
Node 1 HugePages_Free:      0
Node 1 HugePages_Surp:      0

After Test
Node 0 MemTotal:       24768352 kB
Node 0 MemFree:        15341092 kB
Node 0 MemUsed:         9427260 kB
Node 0 Active:            57044 kB
Node 0 Inactive:         551144 kB
Node 0 Active(anon):      16884 kB
Node 0 Inactive(anon):      440 kB
Node 0 Active(file):      40160 kB
Node 0 Inactive(file):   550704 kB
Node 0 Unevictable:        1196 kB
Node 0 Mlocked:            1196 kB
Node 0 Dirty:                 8 kB
Node 0 Writeback:             0 kB
Node 0 FilePages:        592680 kB
Node 0 Mapped:            13580 kB
Node 0 AnonPages:         16712 kB
Node 0 Shmem:               612 kB
Node 0 KernelStack:        3240 kB
Node 0 PageTables:          372 kB
Node 0 NFS_Unstable:          0 kB
Node 0 Bounce:                0 kB
Node 0 WritebackTmp:          0 kB
Node 0 KReclaimable:      20808 kB
Node 0 Slab:              89212 kB
Node 0 SReclaimable:      20808 kB
Node 0 SUnreclaim:        68404 kB
Node 0 AnonHugePages:         0 kB
Node 0 ShmemHugePages:        0 kB
Node 0 ShmemPmdMapped:        0 kB
Node 0 FileHugePages:        0 kB
Node 0 FilePmdMapped:        0 kB
Node 0 HugePages_Total:     0
Node 0 HugePages_Free:      0
Node 0 HugePages_Surp:      0

Node 1 MemTotal:       24661580 kB
Node 1 MemFree:        23553520 kB
Node 1 MemUsed:         1108060 kB
Node 1 Active:            45068 kB
Node 1 Inactive:         182000 kB
Node 1 Active(anon):      16940 kB
Node 1 Inactive(anon):      500 kB
Node 1 Active(file):      28128 kB
Node 1 Inactive(file):   181500 kB
Node 1 Unevictable:       17556 kB
Node 1 Mlocked:           17556 kB
Node 1 Dirty:               216 kB
Node 1 Writeback:             0 kB
Node 1 FilePages:        217280 kB
Node 1 Mapped:            62708 kB
Node 1 AnonPages:         27156 kB
Node 1 Shmem:               656 kB
Node 1 KernelStack:        1368 kB
Node 1 PageTables:          932 kB
Node 1 NFS_Unstable:          0 kB
Node 1 Bounce:                0 kB
Node 1 WritebackTmp:          0 kB
Node 1 KReclaimable:      24012 kB
Node 1 Slab:              64108 kB
Node 1 SReclaimable:      24012 kB
Node 1 SUnreclaim:        40096 kB
Node 1 AnonHugePages:         0 kB
Node 1 ShmemHugePages:        0 kB
Node 1 ShmemPmdMapped:        0 kB
Node 1 FileHugePages:        0 kB
Node 1 FilePmdMapped:        0 kB
Node 1 HugePages_Total:     0
Node 1 HugePages_Free:      0
Node 1 HugePages_Surp:      0

After Opposite Node
Node 0 MemTotal:       24768352 kB
Node 0 MemFree:        15343336 kB
Node 0 MemUsed:         9425016 kB
Node 0 Active:            57528 kB
Node 0 Inactive:         551132 kB
Node 0 Active(anon):      17332 kB
Node 0 Inactive(anon):      440 kB
Node 0 Active(file):      40196 kB
Node 0 Inactive(file):   550692 kB
Node 0 Unevictable:        1196 kB
Node 0 Mlocked:            1196 kB
Node 0 Dirty:                24 kB
Node 0 Writeback:             0 kB
Node 0 FilePages:        592704 kB
Node 0 Mapped:            13580 kB
Node 0 AnonPages:         16972 kB
Node 0 Shmem:               612 kB
Node 0 KernelStack:        3224 kB
Node 0 PageTables:          528 kB
Node 0 NFS_Unstable:          0 kB
Node 0 Bounce:                0 kB
Node 0 WritebackTmp:          0 kB
Node 0 KReclaimable:      20812 kB
Node 0 Slab:              89356 kB
Node 0 SReclaimable:      20812 kB
Node 0 SUnreclaim:        68544 kB
Node 0 AnonHugePages:         0 kB
Node 0 ShmemHugePages:        0 kB
Node 0 ShmemPmdMapped:        0 kB
Node 0 FileHugePages:        0 kB
Node 0 FilePmdMapped:        0 kB
Node 0 HugePages_Total:     0
Node 0 HugePages_Free:      0
Node 0 HugePages_Surp:      0

Node 1 MemTotal:       24661580 kB
Node 1 MemFree:        23552220 kB
Node 1 MemUsed:         1109360 kB
Node 1 Active:            44860 kB
Node 1 Inactive:         181772 kB
Node 1 Active(anon):      16500 kB
Node 1 Inactive(anon):      500 kB
Node 1 Active(file):      28360 kB
Node 1 Inactive(file):   181272 kB
Node 1 Unevictable:       17556 kB
Node 1 Mlocked:           17556 kB
Node 1 Dirty:                60 kB
Node 1 Writeback:             0 kB
Node 1 FilePages:        217284 kB
Node 1 Mapped:            62948 kB
Node 1 AnonPages:         26904 kB
Node 1 Shmem:               656 kB
Node 1 KernelStack:        1368 kB
Node 1 PageTables:          780 kB
Node 1 NFS_Unstable:          0 kB
Node 1 Bounce:                0 kB
Node 1 WritebackTmp:          0 kB
Node 1 KReclaimable:      24012 kB
Node 1 Slab:              64072 kB
Node 1 SReclaimable:      24012 kB
Node 1 SUnreclaim:        40060 kB
Node 1 AnonHugePages:         0 kB
Node 1 ShmemHugePages:        0 kB
Node 1 ShmemPmdMapped:        0 kB
Node 1 FileHugePages:        0 kB
Node 1 FilePmdMapped:        0 kB
Node 1 HugePages_Total:     0
Node 1 HugePages_Free:      0
Node 1 HugePages_Surp:      0

B.1.512M-simpleread.8G.3.O.1M Complete!
