kernel.numa_balancing = 0
100 Tests Remaining!
B.1.256M-simpleread.16G.2.O.1M
Begin
Node 0 MemTotal:       24743736 kB
Node 0 MemFree:        24485836 kB
Node 0 MemUsed:          257900 kB
Node 0 Active:            54444 kB
Node 0 Inactive:          57992 kB
Node 0 Active(anon):      18872 kB
Node 0 Inactive(anon):      416 kB
Node 0 Active(file):      35572 kB
Node 0 Inactive(file):    57576 kB
Node 0 Unevictable:         784 kB
Node 0 Mlocked:             784 kB
Node 0 Dirty:               388 kB
Node 0 Writeback:             0 kB
Node 0 FilePages:         94524 kB
Node 0 Mapped:            15200 kB
Node 0 AnonPages:         18752 kB
Node 0 Shmem:               592 kB
Node 0 KernelStack:        2312 kB
Node 0 PageTables:          552 kB
Node 0 NFS_Unstable:          0 kB
Node 0 Bounce:                0 kB
Node 0 WritebackTmp:          0 kB
Node 0 KReclaimable:      21080 kB
Node 0 Slab:              56928 kB
Node 0 SReclaimable:      21080 kB
Node 0 SUnreclaim:        35848 kB
Node 0 AnonHugePages:         0 kB
Node 0 ShmemHugePages:        0 kB
Node 0 ShmemPmdMapped:        0 kB
Node 0 FileHugePages:        0 kB
Node 0 FilePmdMapped:        0 kB
Node 0 HugePages_Total:     0
Node 0 HugePages_Free:      0
Node 0 HugePages_Surp:      0

Node 1 MemTotal:       24686196 kB
Node 1 MemFree:        24306392 kB
Node 1 MemUsed:          379804 kB
Node 1 Active:            44508 kB
Node 1 Inactive:          52944 kB
Node 1 Active(anon):      16244 kB
Node 1 Inactive(anon):      452 kB
Node 1 Active(file):      28264 kB
Node 1 Inactive(file):    52492 kB
Node 1 Unevictable:       17740 kB
Node 1 Mlocked:           17740 kB
Node 1 Dirty:                56 kB
Node 1 Writeback:             0 kB
Node 1 FilePages:         88840 kB
Node 1 Mapped:            41284 kB
Node 1 AnonPages:         26412 kB
Node 1 Shmem:               676 kB
Node 1 KernelStack:        1544 kB
Node 1 PageTables:          816 kB
Node 1 NFS_Unstable:          0 kB
Node 1 Bounce:                0 kB
Node 1 WritebackTmp:          0 kB
Node 1 KReclaimable:      21804 kB
Node 1 Slab:              52292 kB
Node 1 SReclaimable:      21804 kB
Node 1 SUnreclaim:        30488 kB
Node 1 AnonHugePages:         0 kB
Node 1 ShmemHugePages:        0 kB
Node 1 ShmemPmdMapped:        0 kB
Node 1 FileHugePages:        0 kB
Node 1 FilePmdMapped:        0 kB
Node 1 HugePages_Total:     0
Node 1 HugePages_Free:      0
Node 1 HugePages_Surp:      0

Load ZFS
Node 0 MemTotal:       24743736 kB
Node 0 MemFree:        24455680 kB
Node 0 MemUsed:          288056 kB
Node 0 Active:            64352 kB
Node 0 Inactive:          71420 kB
Node 0 Active(anon):      27776 kB
Node 0 Inactive(anon):      232 kB
Node 0 Active(file):      36576 kB
Node 0 Inactive(file):    71188 kB
Node 0 Unevictable:         784 kB
Node 0 Mlocked:             784 kB
Node 0 Dirty:               148 kB
Node 0 Writeback:             0 kB
Node 0 FilePages:        109512 kB
Node 0 Mapped:            17644 kB
Node 0 AnonPages:         27196 kB
Node 0 Shmem:               528 kB
Node 0 KernelStack:        2224 kB
Node 0 PageTables:         1004 kB
Node 0 NFS_Unstable:          0 kB
Node 0 Bounce:                0 kB
Node 0 WritebackTmp:          0 kB
Node 0 KReclaimable:      21668 kB
Node 0 Slab:              60180 kB
Node 0 SReclaimable:      21668 kB
Node 0 SUnreclaim:        38512 kB
Node 0 AnonHugePages:         0 kB
Node 0 ShmemHugePages:        0 kB
Node 0 ShmemPmdMapped:        0 kB
Node 0 FileHugePages:        0 kB
Node 0 FilePmdMapped:        0 kB
Node 0 HugePages_Total:     0
Node 0 HugePages_Free:      0
Node 0 HugePages_Surp:      0

Node 1 MemTotal:       24686196 kB
Node 1 MemFree:        24195172 kB
Node 1 MemUsed:          491024 kB
Node 1 Active:            59120 kB
Node 1 Inactive:         142832 kB
Node 1 Active(anon):      29548 kB
Node 1 Inactive(anon):      488 kB
Node 1 Active(file):      29572 kB
Node 1 Inactive(file):   142344 kB
Node 1 Unevictable:       17956 kB
Node 1 Mlocked:           17956 kB
Node 1 Dirty:               200 kB
Node 1 Writeback:             0 kB
Node 1 FilePages:        179916 kB
Node 1 Mapped:            43332 kB
Node 1 AnonPages:         39180 kB
Node 1 Shmem:               740 kB
Node 1 KernelStack:        1888 kB
Node 1 PageTables:         2200 kB
Node 1 NFS_Unstable:          0 kB
Node 1 Bounce:                0 kB
Node 1 WritebackTmp:          0 kB
Node 1 KReclaimable:      22476 kB
Node 1 Slab:              55532 kB
Node 1 SReclaimable:      22476 kB
Node 1 SUnreclaim:        33056 kB
Node 1 AnonHugePages:         0 kB
Node 1 ShmemHugePages:        0 kB
Node 1 ShmemPmdMapped:        0 kB
Node 1 FileHugePages:        0 kB
Node 1 FilePmdMapped:        0 kB
Node 1 HugePages_Total:     0
Node 1 HugePages_Free:      0
Node 1 HugePages_Surp:      0

Import tank ZPool
Node 0 MemTotal:       24743736 kB
Node 0 MemFree:        24449132 kB
Node 0 MemUsed:          294604 kB
Node 0 Active:            54008 kB
Node 0 Inactive:          71756 kB
Node 0 Active(anon):      17156 kB
Node 0 Inactive(anon):      364 kB
Node 0 Active(file):      36852 kB
Node 0 Inactive(file):    71392 kB
Node 0 Unevictable:         784 kB
Node 0 Mlocked:             784 kB
Node 0 Dirty:                48 kB
Node 0 Writeback:             0 kB
Node 0 FilePages:        109552 kB
Node 0 Mapped:            15252 kB
Node 0 AnonPages:         17044 kB
Node 0 Shmem:               524 kB
Node 0 KernelStack:        3240 kB
Node 0 PageTables:          464 kB
Node 0 NFS_Unstable:          0 kB
Node 0 Bounce:                0 kB
Node 0 WritebackTmp:          0 kB
Node 0 KReclaimable:      21688 kB
Node 0 Slab:              66440 kB
Node 0 SReclaimable:      21688 kB
Node 0 SUnreclaim:        44752 kB
Node 0 AnonHugePages:         0 kB
Node 0 ShmemHugePages:        0 kB
Node 0 ShmemPmdMapped:        0 kB
Node 0 FileHugePages:        0 kB
Node 0 FilePmdMapped:        0 kB
Node 0 HugePages_Total:     0
Node 0 HugePages_Free:      0
Node 0 HugePages_Surp:      0

Node 1 MemTotal:       24686196 kB
Node 1 MemFree:        24207084 kB
Node 1 MemUsed:          479112 kB
Node 1 Active:            46728 kB
Node 1 Inactive:         143560 kB
Node 1 Active(anon):      16536 kB
Node 1 Inactive(anon):      584 kB
Node 1 Active(file):      30192 kB
Node 1 Inactive(file):   142976 kB
Node 1 Unevictable:       17972 kB
Node 1 Mlocked:           17972 kB
Node 1 Dirty:               504 kB
Node 1 Writeback:             0 kB
Node 1 FilePages:        181336 kB
Node 1 Mapped:            41300 kB
Node 1 AnonPages:         26648 kB
Node 1 Shmem:               744 kB
Node 1 KernelStack:        1448 kB
Node 1 PageTables:          728 kB
Node 1 NFS_Unstable:          0 kB
Node 1 Bounce:                0 kB
Node 1 WritebackTmp:          0 kB
Node 1 KReclaimable:      22700 kB
Node 1 Slab:              55828 kB
Node 1 SReclaimable:      22700 kB
Node 1 SUnreclaim:        33128 kB
Node 1 AnonHugePages:         0 kB
Node 1 ShmemHugePages:        0 kB
Node 1 ShmemPmdMapped:        0 kB
Node 1 FileHugePages:        0 kB
Node 1 FilePmdMapped:        0 kB
Node 1 HugePages_Total:     0
Node 1 HugePages_Free:      0
Node 1 HugePages_Surp:      0

After Test
Node 0 MemTotal:       24743736 kB
Node 0 MemFree:         7083920 kB
Node 0 MemUsed:        17659816 kB
Node 0 Active:            54036 kB
Node 0 Inactive:         321560 kB
Node 0 Active(anon):      17048 kB
Node 0 Inactive(anon):      364 kB
Node 0 Active(file):      36988 kB
Node 0 Inactive(file):   321196 kB
Node 0 Unevictable:         784 kB
Node 0 Mlocked:             784 kB
Node 0 Dirty:                12 kB
Node 0 Writeback:             0 kB
Node 0 FilePages:        359492 kB
Node 0 Mapped:            15232 kB
Node 0 AnonPages:         16888 kB
Node 0 Shmem:               524 kB
Node 0 KernelStack:        3176 kB
Node 0 PageTables:          400 kB
Node 0 NFS_Unstable:          0 kB
Node 0 Bounce:                0 kB
Node 0 WritebackTmp:          0 kB
Node 0 KReclaimable:      22264 kB
Node 0 Slab:             124060 kB
Node 0 SReclaimable:      22264 kB
Node 0 SUnreclaim:       101796 kB
Node 0 AnonHugePages:         0 kB
Node 0 ShmemHugePages:        0 kB
Node 0 ShmemPmdMapped:        0 kB
Node 0 FileHugePages:        0 kB
Node 0 FilePmdMapped:        0 kB
Node 0 HugePages_Total:     0
Node 0 HugePages_Free:      0
Node 0 HugePages_Surp:      0

Node 1 MemTotal:       24686196 kB
Node 1 MemFree:        23658572 kB
Node 1 MemUsed:         1027624 kB
Node 1 Active:            47764 kB
Node 1 Inactive:         143420 kB
Node 1 Active(anon):      16528 kB
Node 1 Inactive(anon):      576 kB
Node 1 Active(file):      31236 kB
Node 1 Inactive(file):   142844 kB
Node 1 Unevictable:       17972 kB
Node 1 Mlocked:           17972 kB
Node 1 Dirty:                36 kB
Node 1 Writeback:             0 kB
Node 1 FilePages:        182240 kB
Node 1 Mapped:            41416 kB
Node 1 AnonPages:         26612 kB
Node 1 Shmem:               744 kB
Node 1 KernelStack:        1368 kB
Node 1 PageTables:          780 kB
Node 1 NFS_Unstable:          0 kB
Node 1 Bounce:                0 kB
Node 1 WritebackTmp:          0 kB
Node 1 KReclaimable:      22920 kB
Node 1 Slab:              58324 kB
Node 1 SReclaimable:      22920 kB
Node 1 SUnreclaim:        35404 kB
Node 1 AnonHugePages:         0 kB
Node 1 ShmemHugePages:        0 kB
Node 1 ShmemPmdMapped:        0 kB
Node 1 FileHugePages:        0 kB
Node 1 FilePmdMapped:        0 kB
Node 1 HugePages_Total:     0
Node 1 HugePages_Free:      0
Node 1 HugePages_Surp:      0

After Opposite Node
Node 0 MemTotal:       24743736 kB
Node 0 MemFree:         7083504 kB
Node 0 MemUsed:        17660232 kB
Node 0 Active:            54448 kB
Node 0 Inactive:         321564 kB
Node 0 Active(anon):      17448 kB
Node 0 Inactive(anon):      364 kB
Node 0 Active(file):      37000 kB
Node 0 Inactive(file):   321200 kB
Node 0 Unevictable:         784 kB
Node 0 Mlocked:             784 kB
Node 0 Dirty:                24 kB
Node 0 Writeback:             0 kB
Node 0 FilePages:        359508 kB
Node 0 Mapped:            15224 kB
Node 0 AnonPages:         17412 kB
Node 0 Shmem:               524 kB
Node 0 KernelStack:        3096 kB
Node 0 PageTables:          504 kB
Node 0 NFS_Unstable:          0 kB
Node 0 Bounce:                0 kB
Node 0 WritebackTmp:          0 kB
Node 0 KReclaimable:      22340 kB
Node 0 Slab:             124384 kB
Node 0 SReclaimable:      22340 kB
Node 0 SUnreclaim:       102044 kB
Node 0 AnonHugePages:         0 kB
Node 0 ShmemHugePages:        0 kB
Node 0 ShmemPmdMapped:        0 kB
Node 0 FileHugePages:        0 kB
Node 0 FilePmdMapped:        0 kB
Node 0 HugePages_Total:     0
Node 0 HugePages_Free:      0
Node 0 HugePages_Surp:      0

Node 1 MemTotal:       24686196 kB
Node 1 MemFree:        23659152 kB
Node 1 MemUsed:         1027044 kB
Node 1 Active:            47656 kB
Node 1 Inactive:         143168 kB
Node 1 Active(anon):      16136 kB
Node 1 Inactive(anon):      576 kB
Node 1 Active(file):      31520 kB
Node 1 Inactive(file):   142592 kB
Node 1 Unevictable:       17972 kB
Node 1 Mlocked:           17972 kB
Node 1 Dirty:                52 kB
Node 1 Writeback:             0 kB
Node 1 FilePages:        182272 kB
Node 1 Mapped:            41424 kB
Node 1 AnonPages:         26532 kB
Node 1 Shmem:               744 kB
Node 1 KernelStack:        1352 kB
Node 1 PageTables:          680 kB
Node 1 NFS_Unstable:          0 kB
Node 1 Bounce:                0 kB
Node 1 WritebackTmp:          0 kB
Node 1 KReclaimable:      22920 kB
Node 1 Slab:              58400 kB
Node 1 SReclaimable:      22920 kB
Node 1 SUnreclaim:        35480 kB
Node 1 AnonHugePages:         0 kB
Node 1 ShmemHugePages:        0 kB
Node 1 ShmemPmdMapped:        0 kB
Node 1 FileHugePages:        0 kB
Node 1 FilePmdMapped:        0 kB
Node 1 HugePages_Total:     0
Node 1 HugePages_Free:      0
Node 1 HugePages_Surp:      0

B.1.256M-simpleread.16G.2.O.1M Complete!
