kernel.numa_balancing = 0
B.1.32M-simpleread.500M.3.O.1M
Begin
Node 0 MemTotal:       24768352 kB
Node 0 MemFree:        24446368 kB
Node 0 MemUsed:          321984 kB
Node 0 Active:            18548 kB
Node 0 Inactive:          21820 kB
Node 0 Active(anon):       7220 kB
Node 0 Inactive(anon):      436 kB
Node 0 Active(file):      11328 kB
Node 0 Inactive(file):    21384 kB
Node 0 Unevictable:       12424 kB
Node 0 Mlocked:           12424 kB
Node 0 Dirty:               292 kB
Node 0 Writeback:             0 kB
Node 0 FilePages:         35380 kB
Node 0 Mapped:             9360 kB
Node 0 AnonPages:         17476 kB
Node 0 Shmem:               572 kB
Node 0 KernelStack:        1992 kB
Node 0 PageTables:          380 kB
Node 0 NFS_Unstable:          0 kB
Node 0 Bounce:                0 kB
Node 0 WritebackTmp:          0 kB
Node 0 KReclaimable:      17328 kB
Node 0 Slab:              47980 kB
Node 0 SReclaimable:      17328 kB
Node 0 SUnreclaim:        30652 kB
Node 0 AnonHugePages:         0 kB
Node 0 ShmemHugePages:        0 kB
Node 0 ShmemPmdMapped:        0 kB
Node 0 FileHugePages:        0 kB
Node 0 FilePmdMapped:        0 kB
Node 0 HugePages_Total:     0
Node 0 HugePages_Free:      0
Node 0 HugePages_Surp:      0

Node 1 MemTotal:       24661580 kB
Node 1 MemFree:        24325320 kB
Node 1 MemUsed:          336260 kB
Node 1 Active:            78596 kB
Node 1 Inactive:         111200 kB
Node 1 Active(anon):      26732 kB
Node 1 Inactive(anon):      432 kB
Node 1 Active(file):      51864 kB
Node 1 Inactive(file):   110768 kB
Node 1 Unevictable:        6100 kB
Node 1 Mlocked:            6100 kB
Node 1 Dirty:               228 kB
Node 1 Writeback:             0 kB
Node 1 FilePages:        169496 kB
Node 1 Mapped:            67816 kB
Node 1 AnonPages:         26488 kB
Node 1 Shmem:               696 kB
Node 1 KernelStack:        1624 kB
Node 1 PageTables:          832 kB
Node 1 NFS_Unstable:          0 kB
Node 1 Bounce:                0 kB
Node 1 WritebackTmp:          0 kB
Node 1 KReclaimable:      24500 kB
Node 1 Slab:              57864 kB
Node 1 SReclaimable:      24500 kB
Node 1 SUnreclaim:        33364 kB
Node 1 AnonHugePages:         0 kB
Node 1 ShmemHugePages:        0 kB
Node 1 ShmemPmdMapped:        0 kB
Node 1 FileHugePages:        0 kB
Node 1 FilePmdMapped:        0 kB
Node 1 HugePages_Total:     0
Node 1 HugePages_Free:      0
Node 1 HugePages_Surp:      0

Load ZFS
Node 0 MemTotal:       24768352 kB
Node 0 MemFree:        24547936 kB
Node 0 MemUsed:          220416 kB
Node 0 Active:            35248 kB
Node 0 Inactive:          33676 kB
Node 0 Active(anon):      22888 kB
Node 0 Inactive(anon):      512 kB
Node 0 Active(file):      12360 kB
Node 0 Inactive(file):    33164 kB
Node 0 Unevictable:       12656 kB
Node 0 Mlocked:           12656 kB
Node 0 Dirty:                88 kB
Node 0 Writeback:             0 kB
Node 0 FilePages:         48292 kB
Node 0 Mapped:            11724 kB
Node 0 AnonPages:         32980 kB
Node 0 Shmem:               672 kB
Node 0 KernelStack:        2268 kB
Node 0 PageTables:         1220 kB
Node 0 NFS_Unstable:          0 kB
Node 0 Bounce:                0 kB
Node 0 WritebackTmp:          0 kB
Node 0 KReclaimable:      18092 kB
Node 0 Slab:              50648 kB
Node 0 SReclaimable:      18092 kB
Node 0 SUnreclaim:        32556 kB
Node 0 AnonHugePages:         0 kB
Node 0 ShmemHugePages:        0 kB
Node 0 ShmemPmdMapped:        0 kB
Node 0 FileHugePages:        0 kB
Node 0 FilePmdMapped:        0 kB
Node 0 HugePages_Total:     0
Node 0 HugePages_Free:      0
Node 0 HugePages_Surp:      0

Node 1 MemTotal:       24661580 kB
Node 1 MemFree:        24080740 kB
Node 1 MemUsed:          580840 kB
Node 1 Active:            89152 kB
Node 1 Inactive:         203116 kB
Node 1 Active(anon):      35756 kB
Node 1 Inactive(anon):      432 kB
Node 1 Active(file):      53396 kB
Node 1 Inactive(file):   202684 kB
Node 1 Unevictable:        6100 kB
Node 1 Mlocked:            6100 kB
Node 1 Dirty:               588 kB
Node 1 Writeback:             0 kB
Node 1 FilePages:        262772 kB
Node 1 Mapped:            70100 kB
Node 1 AnonPages:         35576 kB
Node 1 Shmem:               596 kB
Node 1 KernelStack:        1856 kB
Node 1 PageTables:         1244 kB
Node 1 NFS_Unstable:          0 kB
Node 1 Bounce:                0 kB
Node 1 WritebackTmp:          0 kB
Node 1 KReclaimable:      25468 kB
Node 1 Slab:              62092 kB
Node 1 SReclaimable:      25468 kB
Node 1 SUnreclaim:        36624 kB
Node 1 AnonHugePages:         0 kB
Node 1 ShmemHugePages:        0 kB
Node 1 ShmemPmdMapped:        0 kB
Node 1 FileHugePages:        0 kB
Node 1 FilePmdMapped:        0 kB
Node 1 HugePages_Total:     0
Node 1 HugePages_Free:      0
Node 1 HugePages_Surp:      0

Import tank ZPool
Node 0 MemTotal:       24768352 kB
Node 0 MemFree:        24563516 kB
Node 0 MemUsed:          204836 kB
Node 0 Active:            18656 kB
Node 0 Inactive:          33312 kB
Node 0 Active(anon):       5932 kB
Node 0 Inactive(anon):      512 kB
Node 0 Active(file):      12724 kB
Node 0 Inactive(file):    32800 kB
Node 0 Unevictable:       12656 kB
Node 0 Mlocked:           12656 kB
Node 0 Dirty:                64 kB
Node 0 Writeback:             0 kB
Node 0 FilePages:         48288 kB
Node 0 Mapped:             9412 kB
Node 0 AnonPages:         16336 kB
Node 0 Shmem:               668 kB
Node 0 KernelStack:        1992 kB
Node 0 PageTables:          320 kB
Node 0 NFS_Unstable:          0 kB
Node 0 Bounce:                0 kB
Node 0 WritebackTmp:          0 kB
Node 0 KReclaimable:      18092 kB
Node 0 Slab:              51600 kB
Node 0 SReclaimable:      18092 kB
Node 0 SUnreclaim:        33508 kB
Node 0 AnonHugePages:         0 kB
Node 0 ShmemHugePages:        0 kB
Node 0 ShmemPmdMapped:        0 kB
Node 0 FileHugePages:        0 kB
Node 0 FilePmdMapped:        0 kB
Node 0 HugePages_Total:     0
Node 0 HugePages_Free:      0
Node 0 HugePages_Surp:      0

Node 1 MemTotal:       24661580 kB
Node 1 MemFree:        24067148 kB
Node 1 MemUsed:          594432 kB
Node 1 Active:            81916 kB
Node 1 Inactive:         203948 kB
Node 1 Active(anon):      27820 kB
Node 1 Inactive(anon):      440 kB
Node 1 Active(file):      54096 kB
Node 1 Inactive(file):   203508 kB
Node 1 Unevictable:        6100 kB
Node 1 Mlocked:            6100 kB
Node 1 Dirty:               596 kB
Node 1 Writeback:             0 kB
Node 1 FilePages:        264340 kB
Node 1 Mapped:            68284 kB
Node 1 AnonPages:         27296 kB
Node 1 Shmem:               600 kB
Node 1 KernelStack:        2728 kB
Node 1 PageTables:          940 kB
Node 1 NFS_Unstable:          0 kB
Node 1 Bounce:                0 kB
Node 1 WritebackTmp:          0 kB
Node 1 KReclaimable:      25592 kB
Node 1 Slab:              68000 kB
Node 1 SReclaimable:      25592 kB
Node 1 SUnreclaim:        42408 kB
Node 1 AnonHugePages:         0 kB
Node 1 ShmemHugePages:        0 kB
Node 1 ShmemPmdMapped:        0 kB
Node 1 FileHugePages:        0 kB
Node 1 FilePmdMapped:        0 kB
Node 1 HugePages_Total:     0
Node 1 HugePages_Free:      0
Node 1 HugePages_Surp:      0

After Test
Node 0 MemTotal:       24768352 kB
Node 0 MemFree:        24119240 kB
Node 0 MemUsed:          649112 kB
Node 0 Active:            18824 kB
Node 0 Inactive:          33264 kB
Node 0 Active(anon):       6056 kB
Node 0 Inactive(anon):      508 kB
Node 0 Active(file):      12768 kB
Node 0 Inactive(file):    32756 kB
Node 0 Unevictable:       12656 kB
Node 0 Mlocked:           12656 kB
Node 0 Dirty:                48 kB
Node 0 Writeback:             0 kB
Node 0 FilePages:         48288 kB
Node 0 Mapped:             9448 kB
Node 0 AnonPages:         16480 kB
Node 0 Shmem:               668 kB
Node 0 KernelStack:        2056 kB
Node 0 PageTables:          320 kB
Node 0 NFS_Unstable:          0 kB
Node 0 Bounce:                0 kB
Node 0 WritebackTmp:          0 kB
Node 0 KReclaimable:      18092 kB
Node 0 Slab:              53280 kB
Node 0 SReclaimable:      18092 kB
Node 0 SUnreclaim:        35188 kB
Node 0 AnonHugePages:         0 kB
Node 0 ShmemHugePages:        0 kB
Node 0 ShmemPmdMapped:        0 kB
Node 0 FileHugePages:        0 kB
Node 0 FilePmdMapped:        0 kB
Node 0 HugePages_Total:     0
Node 0 HugePages_Free:      0
Node 0 HugePages_Surp:      0

Node 1 MemTotal:       24661580 kB
Node 1 MemFree:        23421188 kB
Node 1 MemUsed:         1240392 kB
Node 1 Active:            82380 kB
Node 1 Inactive:         234968 kB
Node 1 Active(anon):      27596 kB
Node 1 Inactive(anon):      436 kB
Node 1 Active(file):      54784 kB
Node 1 Inactive(file):   234532 kB
Node 1 Unevictable:        6100 kB
Node 1 Mlocked:            6100 kB
Node 1 Dirty:               492 kB
Node 1 Writeback:             0 kB
Node 1 FilePages:        296072 kB
Node 1 Mapped:            68056 kB
Node 1 AnonPages:         27144 kB
Node 1 Shmem:               600 kB
Node 1 KernelStack:        2696 kB
Node 1 PageTables:          948 kB
Node 1 NFS_Unstable:          0 kB
Node 1 Bounce:                0 kB
Node 1 WritebackTmp:          0 kB
Node 1 KReclaimable:      25712 kB
Node 1 Slab:              72512 kB
Node 1 SReclaimable:      25712 kB
Node 1 SUnreclaim:        46800 kB
Node 1 AnonHugePages:         0 kB
Node 1 ShmemHugePages:        0 kB
Node 1 ShmemPmdMapped:        0 kB
Node 1 FileHugePages:        0 kB
Node 1 FilePmdMapped:        0 kB
Node 1 HugePages_Total:     0
Node 1 HugePages_Free:      0
Node 1 HugePages_Surp:      0

After Opposite Node
Node 0 MemTotal:       24768352 kB
Node 0 MemFree:        24118344 kB
Node 0 MemUsed:          650008 kB
Node 0 Active:            19292 kB
Node 0 Inactive:          33220 kB
Node 0 Active(anon):       6460 kB
Node 0 Inactive(anon):      508 kB
Node 0 Active(file):      12832 kB
Node 0 Inactive(file):    32712 kB
Node 0 Unevictable:       12656 kB
Node 0 Mlocked:           12656 kB
Node 0 Dirty:                52 kB
Node 0 Writeback:             0 kB
Node 0 FilePages:         48308 kB
Node 0 Mapped:             9512 kB
Node 0 AnonPages:         17024 kB
Node 0 Shmem:               668 kB
Node 0 KernelStack:        2120 kB
Node 0 PageTables:          408 kB
Node 0 NFS_Unstable:          0 kB
Node 0 Bounce:                0 kB
Node 0 WritebackTmp:          0 kB
Node 0 KReclaimable:      18124 kB
Node 0 Slab:              53396 kB
Node 0 SReclaimable:      18124 kB
Node 0 SUnreclaim:        35272 kB
Node 0 AnonHugePages:         0 kB
Node 0 ShmemHugePages:        0 kB
Node 0 ShmemPmdMapped:        0 kB
Node 0 FileHugePages:        0 kB
Node 0 FilePmdMapped:        0 kB
Node 0 HugePages_Total:     0
Node 0 HugePages_Free:      0
Node 0 HugePages_Surp:      0

Node 1 MemTotal:       24661580 kB
Node 1 MemFree:        23421200 kB
Node 1 MemUsed:         1240380 kB
Node 1 Active:            82172 kB
Node 1 Inactive:         235000 kB
Node 1 Active(anon):      27356 kB
Node 1 Inactive(anon):      436 kB
Node 1 Active(file):      54816 kB
Node 1 Inactive(file):   234564 kB
Node 1 Unevictable:        6100 kB
Node 1 Mlocked:            6100 kB
Node 1 Dirty:               500 kB
Node 1 Writeback:             0 kB
Node 1 FilePages:        296084 kB
Node 1 Mapped:            68048 kB
Node 1 AnonPages:         27192 kB
Node 1 Shmem:               600 kB
Node 1 KernelStack:        2680 kB
Node 1 PageTables:          840 kB
Node 1 NFS_Unstable:          0 kB
Node 1 Bounce:                0 kB
Node 1 WritebackTmp:          0 kB
Node 1 KReclaimable:      25712 kB
Node 1 Slab:              72512 kB
Node 1 SReclaimable:      25712 kB
Node 1 SUnreclaim:        46800 kB
Node 1 AnonHugePages:         0 kB
Node 1 ShmemHugePages:        0 kB
Node 1 ShmemPmdMapped:        0 kB
Node 1 FileHugePages:        0 kB
Node 1 FilePmdMapped:        0 kB
Node 1 HugePages_Total:     0
Node 1 HugePages_Free:      0
Node 1 HugePages_Surp:      0

B.1.32M-simpleread.500M.3.O.1M Complete!
