kernel.numa_balancing = 0
B.1.512M-simpleread.2G.3.O.1M
Begin
Node 0 MemTotal:       24768352 kB
Node 0 MemFree:        24345572 kB
Node 0 MemUsed:          422780 kB
Node 0 Active:            49144 kB
Node 0 Inactive:          65404 kB
Node 0 Active(anon):      24788 kB
Node 0 Inactive(anon):      572 kB
Node 0 Active(file):      24356 kB
Node 0 Inactive(file):    64832 kB
Node 0 Unevictable:       17488 kB
Node 0 Mlocked:           17488 kB
Node 0 Dirty:               436 kB
Node 0 Writeback:             0 kB
Node 0 FilePages:         97132 kB
Node 0 Mapped:            54416 kB
Node 0 AnonPages:         34980 kB
Node 0 Shmem:               788 kB
Node 0 KernelStack:        2104 kB
Node 0 PageTables:          896 kB
Node 0 NFS_Unstable:          0 kB
Node 0 Bounce:                0 kB
Node 0 WritebackTmp:          0 kB
Node 0 KReclaimable:      24964 kB
Node 0 Slab:              65276 kB
Node 0 SReclaimable:      24964 kB
Node 0 SUnreclaim:        40312 kB
Node 0 AnonHugePages:         0 kB
Node 0 ShmemHugePages:        0 kB
Node 0 ShmemPmdMapped:        0 kB
Node 0 FileHugePages:        0 kB
Node 0 FilePmdMapped:        0 kB
Node 0 HugePages_Total:     0
Node 0 HugePages_Free:      0
Node 0 HugePages_Surp:      0

Node 1 MemTotal:       24661580 kB
Node 1 MemFree:        24446280 kB
Node 1 MemUsed:          215300 kB
Node 1 Active:            47708 kB
Node 1 Inactive:          51128 kB
Node 1 Active(anon):       9696 kB
Node 1 Inactive(anon):      304 kB
Node 1 Active(file):      38012 kB
Node 1 Inactive(file):    50824 kB
Node 1 Unevictable:        1036 kB
Node 1 Mlocked:            1036 kB
Node 1 Dirty:                88 kB
Node 1 Writeback:             0 kB
Node 1 FilePages:         90400 kB
Node 1 Mapped:            10280 kB
Node 1 AnonPages:          9552 kB
Node 1 Shmem:               480 kB
Node 1 KernelStack:        1560 kB
Node 1 PageTables:          296 kB
Node 1 NFS_Unstable:          0 kB
Node 1 Bounce:                0 kB
Node 1 WritebackTmp:          0 kB
Node 1 KReclaimable:      16752 kB
Node 1 Slab:              39388 kB
Node 1 SReclaimable:      16752 kB
Node 1 SUnreclaim:        22636 kB
Node 1 AnonHugePages:         0 kB
Node 1 ShmemHugePages:        0 kB
Node 1 ShmemPmdMapped:        0 kB
Node 1 FileHugePages:        0 kB
Node 1 FilePmdMapped:        0 kB
Node 1 HugePages_Total:     0
Node 1 HugePages_Free:      0
Node 1 HugePages_Surp:      0

Load ZFS
Node 0 MemTotal:       24768352 kB
Node 0 MemFree:        24437924 kB
Node 0 MemUsed:          330428 kB
Node 0 Active:            66064 kB
Node 0 Inactive:          85100 kB
Node 0 Active(anon):      40904 kB
Node 0 Inactive(anon):      536 kB
Node 0 Active(file):      25160 kB
Node 0 Inactive(file):    84564 kB
Node 0 Unevictable:       17704 kB
Node 0 Mlocked:           17704 kB
Node 0 Dirty:               356 kB
Node 0 Writeback:             0 kB
Node 0 FilePages:        118052 kB
Node 0 Mapped:            57768 kB
Node 0 AnonPages:         51368 kB
Node 0 Shmem:               736 kB
Node 0 KernelStack:        2680 kB
Node 0 PageTables:         2008 kB
Node 0 NFS_Unstable:          0 kB
Node 0 Bounce:                0 kB
Node 0 WritebackTmp:          0 kB
Node 0 KReclaimable:      25568 kB
Node 0 Slab:              68184 kB
Node 0 SReclaimable:      25568 kB
Node 0 SUnreclaim:        42616 kB
Node 0 AnonHugePages:         0 kB
Node 0 ShmemHugePages:        0 kB
Node 0 ShmemPmdMapped:        0 kB
Node 0 FileHugePages:        0 kB
Node 0 FilePmdMapped:        0 kB
Node 0 HugePages_Total:     0
Node 0 HugePages_Free:      0
Node 0 HugePages_Surp:      0

Node 1 MemTotal:       24661580 kB
Node 1 MemFree:        24208444 kB
Node 1 MemUsed:          453136 kB
Node 1 Active:            59764 kB
Node 1 Inactive:         135168 kB
Node 1 Active(anon):      20600 kB
Node 1 Inactive(anon):      512 kB
Node 1 Active(file):      39164 kB
Node 1 Inactive(file):   134656 kB
Node 1 Unevictable:        1036 kB
Node 1 Mlocked:            1036 kB
Node 1 Dirty:               112 kB
Node 1 Writeback:             0 kB
Node 1 FilePages:        175664 kB
Node 1 Mapped:            11932 kB
Node 1 AnonPages:         19764 kB
Node 1 Shmem:               532 kB
Node 1 KernelStack:        1772 kB
Node 1 PageTables:          316 kB
Node 1 NFS_Unstable:          0 kB
Node 1 Bounce:                0 kB
Node 1 WritebackTmp:          0 kB
Node 1 KReclaimable:      17632 kB
Node 1 Slab:              43972 kB
Node 1 SReclaimable:      17632 kB
Node 1 SUnreclaim:        26340 kB
Node 1 AnonHugePages:         0 kB
Node 1 ShmemHugePages:        0 kB
Node 1 ShmemPmdMapped:        0 kB
Node 1 FileHugePages:        0 kB
Node 1 FilePmdMapped:        0 kB
Node 1 HugePages_Total:     0
Node 1 HugePages_Free:      0
Node 1 HugePages_Surp:      0

Import tank ZPool
Node 0 MemTotal:       24768352 kB
Node 0 MemFree:        24455892 kB
Node 0 MemUsed:          312460 kB
Node 0 Active:            50520 kB
Node 0 Inactive:          84684 kB
Node 0 Active(anon):      24940 kB
Node 0 Inactive(anon):      512 kB
Node 0 Active(file):      25580 kB
Node 0 Inactive(file):    84172 kB
Node 0 Unevictable:       17720 kB
Node 0 Mlocked:           17720 kB
Node 0 Dirty:               596 kB
Node 0 Writeback:             0 kB
Node 0 FilePages:        117580 kB
Node 0 Mapped:            54928 kB
Node 0 AnonPages:         35360 kB
Node 0 Shmem:               672 kB
Node 0 KernelStack:        2216 kB
Node 0 PageTables:         1348 kB
Node 0 NFS_Unstable:          0 kB
Node 0 Bounce:                0 kB
Node 0 WritebackTmp:          0 kB
Node 0 KReclaimable:      25584 kB
Node 0 Slab:              67600 kB
Node 0 SReclaimable:      25584 kB
Node 0 SUnreclaim:        42016 kB
Node 0 AnonHugePages:         0 kB
Node 0 ShmemHugePages:        0 kB
Node 0 ShmemPmdMapped:        0 kB
Node 0 FileHugePages:        0 kB
Node 0 FilePmdMapped:        0 kB
Node 0 HugePages_Total:     0
Node 0 HugePages_Free:      0
Node 0 HugePages_Surp:      0

Node 1 MemTotal:       24661580 kB
Node 1 MemFree:        24203932 kB
Node 1 MemUsed:          457648 kB
Node 1 Active:            49820 kB
Node 1 Inactive:         136068 kB
Node 1 Active(anon):       9632 kB
Node 1 Inactive(anon):      436 kB
Node 1 Active(file):      40188 kB
Node 1 Inactive(file):   135632 kB
Node 1 Unevictable:        1036 kB
Node 1 Mlocked:            1036 kB
Node 1 Dirty:                40 kB
Node 1 Writeback:             0 kB
Node 1 FilePages:        177472 kB
Node 1 Mapped:            10836 kB
Node 1 AnonPages:          8972 kB
Node 1 Shmem:               596 kB
Node 1 KernelStack:        2712 kB
Node 1 PageTables:          456 kB
Node 1 NFS_Unstable:          0 kB
Node 1 Bounce:                0 kB
Node 1 WritebackTmp:          0 kB
Node 1 KReclaimable:      17952 kB
Node 1 Slab:              49816 kB
Node 1 SReclaimable:      17952 kB
Node 1 SUnreclaim:        31864 kB
Node 1 AnonHugePages:         0 kB
Node 1 ShmemHugePages:        0 kB
Node 1 ShmemPmdMapped:        0 kB
Node 1 FileHugePages:        0 kB
Node 1 FilePmdMapped:        0 kB
Node 1 HugePages_Total:     0
Node 1 HugePages_Free:      0
Node 1 HugePages_Surp:      0

After Test
Node 0 MemTotal:       24768352 kB
Node 0 MemFree:        24121608 kB
Node 0 MemUsed:          646744 kB
Node 0 Active:            50216 kB
Node 0 Inactive:          84456 kB
Node 0 Active(anon):      24396 kB
Node 0 Inactive(anon):      508 kB
Node 0 Active(file):      25820 kB
Node 0 Inactive(file):    83948 kB
Node 0 Unevictable:       17720 kB
Node 0 Mlocked:           17720 kB
Node 0 Dirty:                 0 kB
Node 0 Writeback:             0 kB
Node 0 FilePages:        117604 kB
Node 0 Mapped:            54456 kB
Node 0 AnonPages:         34796 kB
Node 0 Shmem:               668 kB
Node 0 KernelStack:        2008 kB
Node 0 PageTables:          840 kB
Node 0 NFS_Unstable:          0 kB
Node 0 Bounce:                0 kB
Node 0 WritebackTmp:          0 kB
Node 0 KReclaimable:      25700 kB
Node 0 Slab:              70432 kB
Node 0 SReclaimable:      25700 kB
Node 0 SUnreclaim:        44732 kB
Node 0 AnonHugePages:         0 kB
Node 0 ShmemHugePages:        0 kB
Node 0 ShmemPmdMapped:        0 kB
Node 0 FileHugePages:        0 kB
Node 0 FilePmdMapped:        0 kB
Node 0 HugePages_Total:     0
Node 0 HugePages_Free:      0
Node 0 HugePages_Surp:      0

Node 1 MemTotal:       24661580 kB
Node 1 MemFree:        21102048 kB
Node 1 MemUsed:         3559532 kB
Node 1 Active:            50380 kB
Node 1 Inactive:         635636 kB
Node 1 Active(anon):       9384 kB
Node 1 Inactive(anon):      432 kB
Node 1 Active(file):      40996 kB
Node 1 Inactive(file):   635204 kB
Node 1 Unevictable:        1036 kB
Node 1 Mlocked:            1036 kB
Node 1 Dirty:                 4 kB
Node 1 Writeback:             0 kB
Node 1 FilePages:        677836 kB
Node 1 Mapped:            10288 kB
Node 1 AnonPages:          9088 kB
Node 1 Shmem:               600 kB
Node 1 KernelStack:        2616 kB
Node 1 PageTables:          420 kB
Node 1 NFS_Unstable:          0 kB
Node 1 Bounce:                0 kB
Node 1 WritebackTmp:          0 kB
Node 1 KReclaimable:      19184 kB
Node 1 Slab:              62668 kB
Node 1 SReclaimable:      19184 kB
Node 1 SUnreclaim:        43484 kB
Node 1 AnonHugePages:         0 kB
Node 1 ShmemHugePages:        0 kB
Node 1 ShmemPmdMapped:        0 kB
Node 1 FileHugePages:        0 kB
Node 1 FilePmdMapped:        0 kB
Node 1 HugePages_Total:     0
Node 1 HugePages_Free:      0
Node 1 HugePages_Surp:      0

After Opposite Node
Node 0 MemTotal:       24768352 kB
Node 0 MemFree:        24122820 kB
Node 0 MemUsed:          645532 kB
Node 0 Active:            50884 kB
Node 0 Inactive:          84252 kB
Node 0 Active(anon):      24840 kB
Node 0 Inactive(anon):      508 kB
Node 0 Active(file):      26044 kB
Node 0 Inactive(file):    83744 kB
Node 0 Unevictable:       17720 kB
Node 0 Mlocked:           17720 kB
Node 0 Dirty:                32 kB
Node 0 Writeback:             0 kB
Node 0 FilePages:        117612 kB
Node 0 Mapped:            54412 kB
Node 0 AnonPages:         35052 kB
Node 0 Shmem:               668 kB
Node 0 KernelStack:        2024 kB
Node 0 PageTables:          996 kB
Node 0 NFS_Unstable:          0 kB
Node 0 Bounce:                0 kB
Node 0 WritebackTmp:          0 kB
Node 0 KReclaimable:      25780 kB
Node 0 Slab:              70860 kB
Node 0 SReclaimable:      25780 kB
Node 0 SUnreclaim:        45080 kB
Node 0 AnonHugePages:         0 kB
Node 0 ShmemHugePages:        0 kB
Node 0 ShmemPmdMapped:        0 kB
Node 0 FileHugePages:        0 kB
Node 0 FilePmdMapped:        0 kB
Node 0 HugePages_Total:     0
Node 0 HugePages_Free:      0
Node 0 HugePages_Surp:      0

Node 1 MemTotal:       24661580 kB
Node 1 MemFree:        21103572 kB
Node 1 MemUsed:         3558008 kB
Node 1 Active:            50036 kB
Node 1 Inactive:         635584 kB
Node 1 Active(anon):       8976 kB
Node 1 Inactive(anon):      432 kB
Node 1 Active(file):      41060 kB
Node 1 Inactive(file):   635152 kB
Node 1 Unevictable:        1036 kB
Node 1 Mlocked:            1036 kB
Node 1 Dirty:                20 kB
Node 1 Writeback:             0 kB
Node 1 FilePages:        677848 kB
Node 1 Mapped:            10288 kB
Node 1 AnonPages:          8828 kB
Node 1 Shmem:               600 kB
Node 1 KernelStack:        2616 kB
Node 1 PageTables:          260 kB
Node 1 NFS_Unstable:          0 kB
Node 1 Bounce:                0 kB
Node 1 WritebackTmp:          0 kB
Node 1 KReclaimable:      19188 kB
Node 1 Slab:              62860 kB
Node 1 SReclaimable:      19188 kB
Node 1 SUnreclaim:        43672 kB
Node 1 AnonHugePages:         0 kB
Node 1 ShmemHugePages:        0 kB
Node 1 ShmemPmdMapped:        0 kB
Node 1 FileHugePages:        0 kB
Node 1 FilePmdMapped:        0 kB
Node 1 HugePages_Total:     0
Node 1 HugePages_Free:      0
Node 1 HugePages_Surp:      0

B.1.512M-simpleread.2G.3.O.1M Complete!
