kernel.numa_balancing = 0
455 Tests Remaining!
B.1.32M-simpleread.16G.2.O.1M
Begin
Node 0 MemTotal:       24743736 kB
Node 0 MemFree:        24522896 kB
Node 0 MemUsed:          220840 kB
Node 0 Active:            32960 kB
Node 0 Inactive:          57952 kB
Node 0 Active(anon):      14664 kB
Node 0 Inactive(anon):      392 kB
Node 0 Active(file):      18296 kB
Node 0 Inactive(file):    57560 kB
Node 0 Unevictable:        1432 kB
Node 0 Mlocked:            1432 kB
Node 0 Dirty:               388 kB
Node 0 Writeback:             0 kB
Node 0 FilePages:         77852 kB
Node 0 Mapped:            10344 kB
Node 0 AnonPages:         14492 kB
Node 0 Shmem:               564 kB
Node 0 KernelStack:        2248 kB
Node 0 PageTables:          344 kB
Node 0 NFS_Unstable:          0 kB
Node 0 Bounce:                0 kB
Node 0 WritebackTmp:          0 kB
Node 0 KReclaimable:      15436 kB
Node 0 Slab:              46928 kB
Node 0 SReclaimable:      15436 kB
Node 0 SUnreclaim:        31492 kB
Node 0 AnonHugePages:         0 kB
Node 0 ShmemHugePages:        0 kB
Node 0 ShmemPmdMapped:        0 kB
Node 0 FileHugePages:        0 kB
Node 0 FilePmdMapped:        0 kB
Node 0 HugePages_Total:     0
Node 0 HugePages_Free:      0
Node 0 HugePages_Surp:      0

Node 1 MemTotal:       24686196 kB
Node 1 MemFree:        24290616 kB
Node 1 MemUsed:          395580 kB
Node 1 Active:            63792 kB
Node 1 Inactive:          35528 kB
Node 1 Active(anon):      19780 kB
Node 1 Inactive(anon):      480 kB
Node 1 Active(file):      44012 kB
Node 1 Inactive(file):    35048 kB
Node 1 Unevictable:       17092 kB
Node 1 Mlocked:           17092 kB
Node 1 Dirty:               116 kB
Node 1 Writeback:             0 kB
Node 1 FilePages:         86524 kB
Node 1 Mapped:            31088 kB
Node 1 AnonPages:         29884 kB
Node 1 Shmem:               704 kB
Node 1 KernelStack:        1416 kB
Node 1 PageTables:          756 kB
Node 1 NFS_Unstable:          0 kB
Node 1 Bounce:                0 kB
Node 1 WritebackTmp:          0 kB
Node 1 KReclaimable:      26260 kB
Node 1 Slab:              60164 kB
Node 1 SReclaimable:      26260 kB
Node 1 SUnreclaim:        33904 kB
Node 1 AnonHugePages:         0 kB
Node 1 ShmemHugePages:        0 kB
Node 1 ShmemPmdMapped:        0 kB
Node 1 FileHugePages:        0 kB
Node 1 FilePmdMapped:        0 kB
Node 1 HugePages_Total:     0
Node 1 HugePages_Free:      0
Node 1 HugePages_Surp:      0

Load ZFS
Node 0 MemTotal:       24743736 kB
Node 0 MemFree:        24265692 kB
Node 0 MemUsed:          478044 kB
Node 0 Active:            46952 kB
Node 0 Inactive:         158292 kB
Node 0 Active(anon):      27492 kB
Node 0 Inactive(anon):      508 kB
Node 0 Active(file):      19460 kB
Node 0 Inactive(file):   157784 kB
Node 0 Unevictable:        1432 kB
Node 0 Mlocked:            1432 kB
Node 0 Dirty:                16 kB
Node 0 Writeback:             0 kB
Node 0 FilePages:        179492 kB
Node 0 Mapped:            12636 kB
Node 0 AnonPages:         26928 kB
Node 0 Shmem:               816 kB
Node 0 KernelStack:        2632 kB
Node 0 PageTables:         1056 kB
Node 0 NFS_Unstable:          0 kB
Node 0 Bounce:                0 kB
Node 0 WritebackTmp:          0 kB
Node 0 KReclaimable:      16468 kB
Node 0 Slab:              51660 kB
Node 0 SReclaimable:      16468 kB
Node 0 SUnreclaim:        35192 kB
Node 0 AnonHugePages:         0 kB
Node 0 ShmemHugePages:        0 kB
Node 0 ShmemPmdMapped:        0 kB
Node 0 FileHugePages:        0 kB
Node 0 FilePmdMapped:        0 kB
Node 0 HugePages_Total:     0
Node 0 HugePages_Free:      0
Node 0 HugePages_Surp:      0

Node 1 MemTotal:       24686196 kB
Node 1 MemFree:        24404484 kB
Node 1 MemUsed:          281712 kB
Node 1 Active:            76404 kB
Node 1 Inactive:          38532 kB
Node 1 Active(anon):      31028 kB
Node 1 Inactive(anon):      160 kB
Node 1 Active(file):      45376 kB
Node 1 Inactive(file):    38372 kB
Node 1 Unevictable:       17092 kB
Node 1 Mlocked:           17092 kB
Node 1 Dirty:               184 kB
Node 1 Writeback:             0 kB
Node 1 FilePages:         91388 kB
Node 1 Mapped:            33620 kB
Node 1 AnonPages:         41620 kB
Node 1 Shmem:               452 kB
Node 1 KernelStack:        1708 kB
Node 1 PageTables:         1388 kB
Node 1 NFS_Unstable:          0 kB
Node 1 Bounce:                0 kB
Node 1 WritebackTmp:          0 kB
Node 1 KReclaimable:      26632 kB
Node 1 Slab:              61948 kB
Node 1 SReclaimable:      26632 kB
Node 1 SUnreclaim:        35316 kB
Node 1 AnonHugePages:         0 kB
Node 1 ShmemHugePages:        0 kB
Node 1 ShmemPmdMapped:        0 kB
Node 1 FileHugePages:        0 kB
Node 1 FilePmdMapped:        0 kB
Node 1 HugePages_Total:     0
Node 1 HugePages_Free:      0
Node 1 HugePages_Surp:      0

Import tank ZPool
Node 0 MemTotal:       24743736 kB
Node 0 MemFree:        24258632 kB
Node 0 MemUsed:          485104 kB
Node 0 Active:            36688 kB
Node 0 Inactive:         159280 kB
Node 0 Active(anon):      16548 kB
Node 0 Inactive(anon):      468 kB
Node 0 Active(file):      20140 kB
Node 0 Inactive(file):   158812 kB
Node 0 Unevictable:        1432 kB
Node 0 Mlocked:            1432 kB
Node 0 Dirty:                76 kB
Node 0 Writeback:             0 kB
Node 0 FilePages:        180744 kB
Node 0 Mapped:            11148 kB
Node 0 AnonPages:         15800 kB
Node 0 Shmem:               632 kB
Node 0 KernelStack:        3420 kB
Node 0 PageTables:          708 kB
Node 0 NFS_Unstable:          0 kB
Node 0 Bounce:                0 kB
Node 0 WritebackTmp:          0 kB
Node 0 KReclaimable:      16592 kB
Node 0 Slab:              57892 kB
Node 0 SReclaimable:      16592 kB
Node 0 SUnreclaim:        41300 kB
Node 0 AnonHugePages:         0 kB
Node 0 ShmemHugePages:        0 kB
Node 0 ShmemPmdMapped:        0 kB
Node 0 FileHugePages:        0 kB
Node 0 FilePmdMapped:        0 kB
Node 0 HugePages_Total:     0
Node 0 HugePages_Free:      0
Node 0 HugePages_Surp:      0

Node 1 MemTotal:       24686196 kB
Node 1 MemFree:        24418252 kB
Node 1 MemUsed:          267944 kB
Node 1 Active:            63640 kB
Node 1 Inactive:          38768 kB
Node 1 Active(anon):      18268 kB
Node 1 Inactive(anon):      480 kB
Node 1 Active(file):      45372 kB
Node 1 Inactive(file):    38288 kB
Node 1 Unevictable:       17324 kB
Node 1 Mlocked:           17324 kB
Node 1 Dirty:               412 kB
Node 1 Writeback:             0 kB
Node 1 FilePages:         91072 kB
Node 1 Mapped:            31944 kB
Node 1 AnonPages:         28556 kB
Node 1 Shmem:               636 kB
Node 1 KernelStack:        1512 kB
Node 1 PageTables:         1100 kB
Node 1 NFS_Unstable:          0 kB
Node 1 Bounce:                0 kB
Node 1 WritebackTmp:          0 kB
Node 1 KReclaimable:      26896 kB
Node 1 Slab:              62244 kB
Node 1 SReclaimable:      26896 kB
Node 1 SUnreclaim:        35348 kB
Node 1 AnonHugePages:         0 kB
Node 1 ShmemHugePages:        0 kB
Node 1 ShmemPmdMapped:        0 kB
Node 1 FileHugePages:        0 kB
Node 1 FilePmdMapped:        0 kB
Node 1 HugePages_Total:     0
Node 1 HugePages_Free:      0
Node 1 HugePages_Surp:      0

After Test
Node 0 MemTotal:       24743736 kB
Node 0 MemFree:        23162200 kB
Node 0 MemUsed:         1581536 kB
Node 0 Active:            36064 kB
Node 0 Inactive:         158716 kB
Node 0 Active(anon):      15524 kB
Node 0 Inactive(anon):      472 kB
Node 0 Active(file):      20540 kB
Node 0 Inactive(file):   158244 kB
Node 0 Unevictable:        1432 kB
Node 0 Mlocked:            1432 kB
Node 0 Dirty:                 4 kB
Node 0 Writeback:             0 kB
Node 0 FilePages:        180852 kB
Node 0 Mapped:            10408 kB
Node 0 AnonPages:         15376 kB
Node 0 Shmem:               636 kB
Node 0 KernelStack:        3176 kB
Node 0 PageTables:          344 kB
Node 0 NFS_Unstable:          0 kB
Node 0 Bounce:                0 kB
Node 0 WritebackTmp:          0 kB
Node 0 KReclaimable:      16704 kB
Node 0 Slab:              61044 kB
Node 0 SReclaimable:      16704 kB
Node 0 SUnreclaim:        44340 kB
Node 0 AnonHugePages:         0 kB
Node 0 ShmemHugePages:        0 kB
Node 0 ShmemPmdMapped:        0 kB
Node 0 FileHugePages:        0 kB
Node 0 FilePmdMapped:        0 kB
Node 0 HugePages_Total:     0
Node 0 HugePages_Free:      0
Node 0 HugePages_Surp:      0

Node 1 MemTotal:       24686196 kB
Node 1 MemFree:         7824360 kB
Node 1 MemUsed:        16861836 kB
Node 1 Active:            64336 kB
Node 1 Inactive:          69736 kB
Node 1 Active(anon):      18076 kB
Node 1 Inactive(anon):      468 kB
Node 1 Active(file):      46260 kB
Node 1 Inactive(file):    69268 kB
Node 1 Unevictable:       17324 kB
Node 1 Mlocked:           17324 kB
Node 1 Dirty:                28 kB
Node 1 Writeback:             0 kB
Node 1 FilePages:        122972 kB
Node 1 Mapped:            31108 kB
Node 1 AnonPages:         28352 kB
Node 1 Shmem:               632 kB
Node 1 KernelStack:        1272 kB
Node 1 PageTables:          756 kB
Node 1 NFS_Unstable:          0 kB
Node 1 Bounce:                0 kB
Node 1 WritebackTmp:          0 kB
Node 1 KReclaimable:      27164 kB
Node 1 Slab:             119748 kB
Node 1 SReclaimable:      27164 kB
Node 1 SUnreclaim:        92584 kB
Node 1 AnonHugePages:         0 kB
Node 1 ShmemHugePages:        0 kB
Node 1 ShmemPmdMapped:        0 kB
Node 1 FileHugePages:        0 kB
Node 1 FilePmdMapped:        0 kB
Node 1 HugePages_Total:     0
Node 1 HugePages_Free:      0
Node 1 HugePages_Surp:      0

After Opposite Node
Node 0 MemTotal:       24743736 kB
Node 0 MemFree:        23163160 kB
Node 0 MemUsed:         1580576 kB
Node 0 Active:            36720 kB
Node 0 Inactive:         158460 kB
Node 0 Active(anon):      15908 kB
Node 0 Inactive(anon):      472 kB
Node 0 Active(file):      20812 kB
Node 0 Inactive(file):   157988 kB
Node 0 Unevictable:        1432 kB
Node 0 Mlocked:            1432 kB
Node 0 Dirty:                20 kB
Node 0 Writeback:             0 kB
Node 0 FilePages:        180868 kB
Node 0 Mapped:            10628 kB
Node 0 AnonPages:         15596 kB
Node 0 Shmem:               636 kB
Node 0 KernelStack:        3176 kB
Node 0 PageTables:          456 kB
Node 0 NFS_Unstable:          0 kB
Node 0 Bounce:                0 kB
Node 0 WritebackTmp:          0 kB
Node 0 KReclaimable:      16704 kB
Node 0 Slab:              61152 kB
Node 0 SReclaimable:      16704 kB
Node 0 SUnreclaim:        44448 kB
Node 0 AnonHugePages:         0 kB
Node 0 ShmemHugePages:        0 kB
Node 0 ShmemPmdMapped:        0 kB
Node 0 FileHugePages:        0 kB
Node 0 FilePmdMapped:        0 kB
Node 0 HugePages_Total:     0
Node 0 HugePages_Free:      0
Node 0 HugePages_Surp:      0

Node 1 MemTotal:       24686196 kB
Node 1 MemFree:         7826144 kB
Node 1 MemUsed:        16860052 kB
Node 1 Active:            64052 kB
Node 1 Inactive:          69732 kB
Node 1 Active(anon):      17716 kB
Node 1 Inactive(anon):      468 kB
Node 1 Active(file):      46336 kB
Node 1 Inactive(file):    69264 kB
Node 1 Unevictable:       17324 kB
Node 1 Mlocked:           17324 kB
Node 1 Dirty:                32 kB
Node 1 Writeback:             0 kB
Node 1 FilePages:        122992 kB
Node 1 Mapped:            31116 kB
Node 1 AnonPages:         28132 kB
Node 1 Shmem:               632 kB
Node 1 KernelStack:        1240 kB
Node 1 PageTables:          648 kB
Node 1 NFS_Unstable:          0 kB
Node 1 Bounce:                0 kB
Node 1 WritebackTmp:          0 kB
Node 1 KReclaimable:      27164 kB
Node 1 Slab:             119788 kB
Node 1 SReclaimable:      27164 kB
Node 1 SUnreclaim:        92624 kB
Node 1 AnonHugePages:         0 kB
Node 1 ShmemHugePages:        0 kB
Node 1 ShmemPmdMapped:        0 kB
Node 1 FileHugePages:        0 kB
Node 1 FilePmdMapped:        0 kB
Node 1 HugePages_Total:     0
Node 1 HugePages_Free:      0
Node 1 HugePages_Surp:      0

B.1.32M-simpleread.16G.2.O.1M Complete!
