kernel.numa_balancing = 0
B.1.256M-simpleread.16G.1.O.1M
Begin
Node 0 MemTotal:       24743736 kB
Node 0 MemFree:        24526940 kB
Node 0 MemUsed:          216796 kB
Node 0 Active:            47900 kB
Node 0 Inactive:          23672 kB
Node 0 Active(anon):      22300 kB
Node 0 Inactive(anon):      460 kB
Node 0 Active(file):      25600 kB
Node 0 Inactive(file):    23212 kB
Node 0 Unevictable:       17720 kB
Node 0 Mlocked:           17720 kB
Node 0 Dirty:                28 kB
Node 0 Writeback:             0 kB
Node 0 FilePages:         56948 kB
Node 0 Mapped:            20744 kB
Node 0 AnonPages:         32420 kB
Node 0 Shmem:               700 kB
Node 0 KernelStack:        1976 kB
Node 0 PageTables:          652 kB
Node 0 NFS_Unstable:          0 kB
Node 0 Bounce:                0 kB
Node 0 WritebackTmp:          0 kB
Node 0 KReclaimable:      17072 kB
Node 0 Slab:              48596 kB
Node 0 SReclaimable:      17072 kB
Node 0 SUnreclaim:        31524 kB
Node 0 AnonHugePages:         0 kB
Node 0 ShmemHugePages:        0 kB
Node 0 ShmemPmdMapped:        0 kB
Node 0 FileHugePages:        0 kB
Node 0 FilePmdMapped:        0 kB
Node 0 HugePages_Total:     0
Node 0 HugePages_Free:      0
Node 0 HugePages_Surp:      0

Node 1 MemTotal:       24686196 kB
Node 1 MemFree:        24284112 kB
Node 1 MemUsed:          402084 kB
Node 1 Active:            48120 kB
Node 1 Inactive:          72172 kB
Node 1 Active(anon):      11672 kB
Node 1 Inactive(anon):      424 kB
Node 1 Active(file):      36448 kB
Node 1 Inactive(file):    71748 kB
Node 1 Unevictable:         804 kB
Node 1 Mlocked:             804 kB
Node 1 Dirty:               496 kB
Node 1 Writeback:             0 kB
Node 1 FilePages:        109592 kB
Node 1 Mapped:            27968 kB
Node 1 AnonPages:         11564 kB
Node 1 Shmem:               568 kB
Node 1 KernelStack:        1656 kB
Node 1 PageTables:          460 kB
Node 1 NFS_Unstable:          0 kB
Node 1 Bounce:                0 kB
Node 1 WritebackTmp:          0 kB
Node 1 KReclaimable:      25068 kB
Node 1 Slab:              57952 kB
Node 1 SReclaimable:      25068 kB
Node 1 SUnreclaim:        32884 kB
Node 1 AnonHugePages:         0 kB
Node 1 ShmemHugePages:        0 kB
Node 1 ShmemPmdMapped:        0 kB
Node 1 FileHugePages:        0 kB
Node 1 FilePmdMapped:        0 kB
Node 1 HugePages_Total:     0
Node 1 HugePages_Free:      0
Node 1 HugePages_Surp:      0

Load ZFS
Node 0 MemTotal:       24743736 kB
Node 0 MemFree:        24504932 kB
Node 0 MemUsed:          238804 kB
Node 0 Active:            62616 kB
Node 0 Inactive:          23788 kB
Node 0 Active(anon):      35512 kB
Node 0 Inactive(anon):      448 kB
Node 0 Active(file):      27104 kB
Node 0 Inactive(file):    23340 kB
Node 0 Unevictable:       17936 kB
Node 0 Mlocked:           17936 kB
Node 0 Dirty:                28 kB
Node 0 Writeback:             0 kB
Node 0 FilePages:         58480 kB
Node 0 Mapped:            23724 kB
Node 0 AnonPages:         45744 kB
Node 0 Shmem:               648 kB
Node 0 KernelStack:        2204 kB
Node 0 PageTables:         1212 kB
Node 0 NFS_Unstable:          0 kB
Node 0 Bounce:                0 kB
Node 0 WritebackTmp:          0 kB
Node 0 KReclaimable:      17680 kB
Node 0 Slab:              51300 kB
Node 0 SReclaimable:      17680 kB
Node 0 SUnreclaim:        33620 kB
Node 0 AnonHugePages:         0 kB
Node 0 ShmemHugePages:        0 kB
Node 0 ShmemPmdMapped:        0 kB
Node 0 FileHugePages:        0 kB
Node 0 FilePmdMapped:        0 kB
Node 0 HugePages_Total:     0
Node 0 HugePages_Free:      0
Node 0 HugePages_Surp:      0

Node 1 MemTotal:       24686196 kB
Node 1 MemFree:        24161644 kB
Node 1 MemUsed:          524552 kB
Node 1 Active:            61500 kB
Node 1 Inactive:         175540 kB
Node 1 Active(anon):      24124 kB
Node 1 Inactive(anon):      496 kB
Node 1 Active(file):      37376 kB
Node 1 Inactive(file):   175044 kB
Node 1 Unevictable:         804 kB
Node 1 Mlocked:             804 kB
Node 1 Dirty:               500 kB
Node 1 Writeback:             0 kB
Node 1 FilePages:        213844 kB
Node 1 Mapped:            28956 kB
Node 1 AnonPages:         24004 kB
Node 1 Shmem:               620 kB
Node 1 KernelStack:        1868 kB
Node 1 PageTables:         1984 kB
Node 1 NFS_Unstable:          0 kB
Node 1 Bounce:                0 kB
Node 1 WritebackTmp:          0 kB
Node 1 KReclaimable:      26228 kB
Node 1 Slab:              62228 kB
Node 1 SReclaimable:      26228 kB
Node 1 SUnreclaim:        36000 kB
Node 1 AnonHugePages:         0 kB
Node 1 ShmemHugePages:        0 kB
Node 1 ShmemPmdMapped:        0 kB
Node 1 FileHugePages:        0 kB
Node 1 FilePmdMapped:        0 kB
Node 1 HugePages_Total:     0
Node 1 HugePages_Free:      0
Node 1 HugePages_Surp:      0

Import tank ZPool
Node 0 MemTotal:       24743736 kB
Node 0 MemFree:        24501972 kB
Node 0 MemUsed:          241764 kB
Node 0 Active:            48532 kB
Node 0 Inactive:          23440 kB
Node 0 Active(anon):      21076 kB
Node 0 Inactive(anon):      452 kB
Node 0 Active(file):      27456 kB
Node 0 Inactive(file):    22988 kB
Node 0 Unevictable:       17952 kB
Node 0 Mlocked:           17952 kB
Node 0 Dirty:                48 kB
Node 0 Writeback:             0 kB
Node 0 FilePages:         58492 kB
Node 0 Mapped:            21252 kB
Node 0 AnonPages:         31620 kB
Node 0 Shmem:               644 kB
Node 0 KernelStack:        3240 kB
Node 0 PageTables:          832 kB
Node 0 NFS_Unstable:          0 kB
Node 0 Bounce:                0 kB
Node 0 WritebackTmp:          0 kB
Node 0 KReclaimable:      17680 kB
Node 0 Slab:              53388 kB
Node 0 SReclaimable:      17680 kB
Node 0 SUnreclaim:        35708 kB
Node 0 AnonHugePages:         0 kB
Node 0 ShmemHugePages:        0 kB
Node 0 ShmemPmdMapped:        0 kB
Node 0 FileHugePages:        0 kB
Node 0 FilePmdMapped:        0 kB
Node 0 HugePages_Total:     0
Node 0 HugePages_Free:      0
Node 0 HugePages_Surp:      0

Node 1 MemTotal:       24686196 kB
Node 1 MemFree:        24166688 kB
Node 1 MemUsed:          519508 kB
Node 1 Active:            50744 kB
Node 1 Inactive:         176720 kB
Node 1 Active(anon):      12964 kB
Node 1 Inactive(anon):      496 kB
Node 1 Active(file):      37780 kB
Node 1 Inactive(file):   176224 kB
Node 1 Unevictable:         804 kB
Node 1 Mlocked:             804 kB
Node 1 Dirty:               556 kB
Node 1 Writeback:             0 kB
Node 1 FilePages:        215456 kB
Node 1 Mapped:            28500 kB
Node 1 AnonPages:         12616 kB
Node 1 Shmem:               624 kB
Node 1 KernelStack:        1612 kB
Node 1 PageTables:          924 kB
Node 1 NFS_Unstable:          0 kB
Node 1 Bounce:                0 kB
Node 1 WritebackTmp:          0 kB
Node 1 KReclaimable:      26376 kB
Node 1 Slab:              67452 kB
Node 1 SReclaimable:      26376 kB
Node 1 SUnreclaim:        41076 kB
Node 1 AnonHugePages:         0 kB
Node 1 ShmemHugePages:        0 kB
Node 1 ShmemPmdMapped:        0 kB
Node 1 FileHugePages:        0 kB
Node 1 FilePmdMapped:        0 kB
Node 1 HugePages_Total:     0
Node 1 HugePages_Free:      0
Node 1 HugePages_Surp:      0

After Test
Node 0 MemTotal:       24743736 kB
Node 0 MemFree:        23690552 kB
Node 0 MemUsed:         1053184 kB
Node 0 Active:            48680 kB
Node 0 Inactive:          23352 kB
Node 0 Active(anon):      20920 kB
Node 0 Inactive(anon):      444 kB
Node 0 Active(file):      27760 kB
Node 0 Inactive(file):    22908 kB
Node 0 Unevictable:       17952 kB
Node 0 Mlocked:           17952 kB
Node 0 Dirty:                 0 kB
Node 0 Writeback:             0 kB
Node 0 FilePages:         58776 kB
Node 0 Mapped:            21032 kB
Node 0 AnonPages:         31284 kB
Node 0 Shmem:               640 kB
Node 0 KernelStack:        3080 kB
Node 0 PageTables:          584 kB
Node 0 NFS_Unstable:          0 kB
Node 0 Bounce:                0 kB
Node 0 WritebackTmp:          0 kB
Node 0 KReclaimable:      17944 kB
Node 0 Slab:              57180 kB
Node 0 SReclaimable:      17944 kB
Node 0 SUnreclaim:        39236 kB
Node 0 AnonHugePages:         0 kB
Node 0 ShmemHugePages:        0 kB
Node 0 ShmemPmdMapped:        0 kB
Node 0 FileHugePages:        0 kB
Node 0 FilePmdMapped:        0 kB
Node 0 HugePages_Total:     0
Node 0 HugePages_Free:      0
Node 0 HugePages_Surp:      0

Node 1 MemTotal:       24686196 kB
Node 1 MemFree:         7076684 kB
Node 1 MemUsed:        17609512 kB
Node 1 Active:            51500 kB
Node 1 Inactive:         426436 kB
Node 1 Active(anon):      12880 kB
Node 1 Inactive(anon):      496 kB
Node 1 Active(file):      38620 kB
Node 1 Inactive(file):   425940 kB
Node 1 Unevictable:         804 kB
Node 1 Mlocked:             804 kB
Node 1 Dirty:                 4 kB
Node 1 Writeback:             0 kB
Node 1 FilePages:        466004 kB
Node 1 Mapped:            27996 kB
Node 1 AnonPages:         12464 kB
Node 1 Shmem:               628 kB
Node 1 KernelStack:        1352 kB
Node 1 PageTables:          564 kB
Node 1 NFS_Unstable:          0 kB
Node 1 Bounce:                0 kB
Node 1 WritebackTmp:          0 kB
Node 1 KReclaimable:      26988 kB
Node 1 Slab:             124056 kB
Node 1 SReclaimable:      26988 kB
Node 1 SUnreclaim:        97068 kB
Node 1 AnonHugePages:         0 kB
Node 1 ShmemHugePages:        0 kB
Node 1 ShmemPmdMapped:        0 kB
Node 1 FileHugePages:        0 kB
Node 1 FilePmdMapped:        0 kB
Node 1 HugePages_Total:     0
Node 1 HugePages_Free:      0
Node 1 HugePages_Surp:      0

After Opposite Node
Node 0 MemTotal:       24743736 kB
Node 0 MemFree:        23690212 kB
Node 0 MemUsed:         1053524 kB
Node 0 Active:            49372 kB
Node 0 Inactive:          23140 kB
Node 0 Active(anon):      21296 kB
Node 0 Inactive(anon):      444 kB
Node 0 Active(file):      28076 kB
Node 0 Inactive(file):    22696 kB
Node 0 Unevictable:       17952 kB
Node 0 Mlocked:           17952 kB
Node 0 Dirty:                20 kB
Node 0 Writeback:             0 kB
Node 0 FilePages:         58808 kB
Node 0 Mapped:            21024 kB
Node 0 AnonPages:         31784 kB
Node 0 Shmem:               640 kB
Node 0 KernelStack:        3096 kB
Node 0 PageTables:          688 kB
Node 0 NFS_Unstable:          0 kB
Node 0 Bounce:                0 kB
Node 0 WritebackTmp:          0 kB
Node 0 KReclaimable:      17976 kB
Node 0 Slab:              57296 kB
Node 0 SReclaimable:      17976 kB
Node 0 SUnreclaim:        39320 kB
Node 0 AnonHugePages:         0 kB
Node 0 ShmemHugePages:        0 kB
Node 0 ShmemPmdMapped:        0 kB
Node 0 FileHugePages:        0 kB
Node 0 FilePmdMapped:        0 kB
Node 0 HugePages_Total:     0
Node 0 HugePages_Free:      0
Node 0 HugePages_Surp:      0

Node 1 MemTotal:       24686196 kB
Node 1 MemFree:         7079576 kB
Node 1 MemUsed:        17606620 kB
Node 1 Active:            51168 kB
Node 1 Inactive:         426432 kB
Node 1 Active(anon):      12516 kB
Node 1 Inactive(anon):      496 kB
Node 1 Active(file):      38652 kB
Node 1 Inactive(file):   425936 kB
Node 1 Unevictable:         804 kB
Node 1 Mlocked:             804 kB
Node 1 Dirty:                48 kB
Node 1 Writeback:             0 kB
Node 1 FilePages:        466020 kB
Node 1 Mapped:            27988 kB
Node 1 AnonPages:         12404 kB
Node 1 Shmem:               628 kB
Node 1 KernelStack:        1336 kB
Node 1 PageTables:          460 kB
Node 1 NFS_Unstable:          0 kB
Node 1 Bounce:                0 kB
Node 1 WritebackTmp:          0 kB
Node 1 KReclaimable:      26992 kB
Node 1 Slab:             124016 kB
Node 1 SReclaimable:      26992 kB
Node 1 SUnreclaim:        97024 kB
Node 1 AnonHugePages:         0 kB
Node 1 ShmemHugePages:        0 kB
Node 1 ShmemPmdMapped:        0 kB
Node 1 FileHugePages:        0 kB
Node 1 FilePmdMapped:        0 kB
Node 1 HugePages_Total:     0
Node 1 HugePages_Free:      0
Node 1 HugePages_Surp:      0

B.1.256M-simpleread.16G.1.O.1M Complete!
