kernel.numa_balancing = 0
B.1.2M-simpleread.8G.3.O.1M
Begin
Node 0 MemTotal:       24768352 kB
Node 0 MemFree:        24378316 kB
Node 0 MemUsed:          390036 kB
Node 0 Active:            37776 kB
Node 0 Inactive:          77280 kB
Node 0 Active(anon):       8052 kB
Node 0 Inactive(anon):      412 kB
Node 0 Active(file):      29724 kB
Node 0 Inactive(file):    76868 kB
Node 0 Unevictable:        4856 kB
Node 0 Mlocked:            4856 kB
Node 0 Dirty:               360 kB
Node 0 Writeback:             0 kB
Node 0 FilePages:        112056 kB
Node 0 Mapped:            31996 kB
Node 0 AnonPages:          7888 kB
Node 0 Shmem:               588 kB
Node 0 KernelStack:        2248 kB
Node 0 PageTables:          356 kB
Node 0 NFS_Unstable:          0 kB
Node 0 Bounce:                0 kB
Node 0 WritebackTmp:          0 kB
Node 0 KReclaimable:      21928 kB
Node 0 Slab:              52316 kB
Node 0 SReclaimable:      21928 kB
Node 0 SUnreclaim:        30388 kB
Node 0 AnonHugePages:         0 kB
Node 0 ShmemHugePages:        0 kB
Node 0 ShmemPmdMapped:        0 kB
Node 0 FileHugePages:        0 kB
Node 0 FilePmdMapped:        0 kB
Node 0 HugePages_Total:     0
Node 0 HugePages_Free:      0
Node 0 HugePages_Surp:      0

Node 1 MemTotal:       24661580 kB
Node 1 MemFree:        24414836 kB
Node 1 MemUsed:          246744 kB
Node 1 Active:            59500 kB
Node 1 Inactive:          34536 kB
Node 1 Active(anon):      25936 kB
Node 1 Inactive(anon):      464 kB
Node 1 Active(file):      33564 kB
Node 1 Inactive(file):    34072 kB
Node 1 Unevictable:       13664 kB
Node 1 Mlocked:           13664 kB
Node 1 Dirty:                76 kB
Node 1 Writeback:             0 kB
Node 1 FilePages:         71704 kB
Node 1 Mapped:            30144 kB
Node 1 AnonPages:         36072 kB
Node 1 Shmem:               680 kB
Node 1 KernelStack:        1400 kB
Node 1 PageTables:          896 kB
Node 1 NFS_Unstable:          0 kB
Node 1 Bounce:                0 kB
Node 1 WritebackTmp:          0 kB
Node 1 KReclaimable:      20428 kB
Node 1 Slab:              53652 kB
Node 1 SReclaimable:      20428 kB
Node 1 SUnreclaim:        33224 kB
Node 1 AnonHugePages:         0 kB
Node 1 ShmemHugePages:        0 kB
Node 1 ShmemPmdMapped:        0 kB
Node 1 FileHugePages:        0 kB
Node 1 FilePmdMapped:        0 kB
Node 1 HugePages_Total:     0
Node 1 HugePages_Free:      0
Node 1 HugePages_Surp:      0

Load ZFS
Node 0 MemTotal:       24768352 kB
Node 0 MemFree:        24281472 kB
Node 0 MemUsed:          486880 kB
Node 0 Active:            48976 kB
Node 0 Inactive:         157656 kB
Node 0 Active(anon):      18540 kB
Node 0 Inactive(anon):      556 kB
Node 0 Active(file):      30436 kB
Node 0 Inactive(file):   157100 kB
Node 0 Unevictable:        4856 kB
Node 0 Mlocked:            4856 kB
Node 0 Dirty:               312 kB
Node 0 Writeback:             0 kB
Node 0 FilePages:        193112 kB
Node 0 Mapped:            34180 kB
Node 0 AnonPages:         18796 kB
Node 0 Shmem:               724 kB
Node 0 KernelStack:        2632 kB
Node 0 PageTables:         1344 kB
Node 0 NFS_Unstable:          0 kB
Node 0 Bounce:                0 kB
Node 0 WritebackTmp:          0 kB
Node 0 KReclaimable:      22940 kB
Node 0 Slab:              55996 kB
Node 0 SReclaimable:      22940 kB
Node 0 SUnreclaim:        33056 kB
Node 0 AnonHugePages:         0 kB
Node 0 ShmemHugePages:        0 kB
Node 0 ShmemPmdMapped:        0 kB
Node 0 FileHugePages:        0 kB
Node 0 FilePmdMapped:        0 kB
Node 0 HugePages_Total:     0
Node 0 HugePages_Free:      0
Node 0 HugePages_Surp:      0

Node 1 MemTotal:       24661580 kB
Node 1 MemFree:        24369368 kB
Node 1 MemUsed:          292212 kB
Node 1 Active:            75704 kB
Node 1 Inactive:          57716 kB
Node 1 Active(anon):      40492 kB
Node 1 Inactive(anon):      384 kB
Node 1 Active(file):      35212 kB
Node 1 Inactive(file):    57332 kB
Node 1 Unevictable:       13864 kB
Node 1 Mlocked:           13864 kB
Node 1 Dirty:               244 kB
Node 1 Writeback:             0 kB
Node 1 FilePages:         96428 kB
Node 1 Mapped:            32268 kB
Node 1 AnonPages:         50872 kB
Node 1 Shmem:               544 kB
Node 1 KernelStack:        1656 kB
Node 1 PageTables:         1500 kB
Node 1 NFS_Unstable:          0 kB
Node 1 Bounce:                0 kB
Node 1 WritebackTmp:          0 kB
Node 1 KReclaimable:      21292 kB
Node 1 Slab:              56620 kB
Node 1 SReclaimable:      21292 kB
Node 1 SUnreclaim:        35328 kB
Node 1 AnonHugePages:         0 kB
Node 1 ShmemHugePages:        0 kB
Node 1 ShmemPmdMapped:        0 kB
Node 1 FileHugePages:        0 kB
Node 1 FilePmdMapped:        0 kB
Node 1 HugePages_Total:     0
Node 1 HugePages_Free:      0
Node 1 HugePages_Surp:      0

Import tank ZPool
Node 0 MemTotal:       24768352 kB
Node 0 MemFree:        24280452 kB
Node 0 MemUsed:          487900 kB
Node 0 Active:            38508 kB
Node 0 Inactive:         157332 kB
Node 0 Active(anon):       7748 kB
Node 0 Inactive(anon):      556 kB
Node 0 Active(file):      30760 kB
Node 0 Inactive(file):   156776 kB
Node 0 Unevictable:        4856 kB
Node 0 Mlocked:            4856 kB
Node 0 Dirty:               268 kB
Node 0 Writeback:             0 kB
Node 0 FilePages:        193104 kB
Node 0 Mapped:            32120 kB
Node 0 AnonPages:          7588 kB
Node 0 Shmem:               716 kB
Node 0 KernelStack:        3336 kB
Node 0 PageTables:          356 kB
Node 0 NFS_Unstable:          0 kB
Node 0 Bounce:                0 kB
Node 0 WritebackTmp:          0 kB
Node 0 KReclaimable:      22940 kB
Node 0 Slab:              57980 kB
Node 0 SReclaimable:      22940 kB
Node 0 SUnreclaim:        35040 kB
Node 0 AnonHugePages:         0 kB
Node 0 ShmemHugePages:        0 kB
Node 0 ShmemPmdMapped:        0 kB
Node 0 FileHugePages:        0 kB
Node 0 FilePmdMapped:        0 kB
Node 0 HugePages_Total:     0
Node 0 HugePages_Free:      0
Node 0 HugePages_Surp:      0

Node 1 MemTotal:       24661580 kB
Node 1 MemFree:        24376744 kB
Node 1 MemUsed:          284836 kB
Node 1 Active:            61664 kB
Node 1 Inactive:          58748 kB
Node 1 Active(anon):      25752 kB
Node 1 Inactive(anon):      392 kB
Node 1 Active(file):      35912 kB
Node 1 Inactive(file):    58356 kB
Node 1 Unevictable:       13896 kB
Node 1 Mlocked:           13896 kB
Node 1 Dirty:               236 kB
Node 1 Writeback:             0 kB
Node 1 FilePages:         98160 kB
Node 1 Mapped:            30404 kB
Node 1 AnonPages:         36012 kB
Node 1 Shmem:               552 kB
Node 1 KernelStack:        1416 kB
Node 1 PageTables:          868 kB
Node 1 NFS_Unstable:          0 kB
Node 1 Bounce:                0 kB
Node 1 WritebackTmp:          0 kB
Node 1 KReclaimable:      21416 kB
Node 1 Slab:              61960 kB
Node 1 SReclaimable:      21416 kB
Node 1 SUnreclaim:        40544 kB
Node 1 AnonHugePages:         0 kB
Node 1 ShmemHugePages:        0 kB
Node 1 ShmemPmdMapped:        0 kB
Node 1 FileHugePages:        0 kB
Node 1 FilePmdMapped:        0 kB
Node 1 HugePages_Total:     0
Node 1 HugePages_Free:      0
Node 1 HugePages_Surp:      0

After Test
Node 0 MemTotal:       24768352 kB
Node 0 MemFree:        23891116 kB
Node 0 MemUsed:          877236 kB
Node 0 Active:            38360 kB
Node 0 Inactive:         157332 kB
Node 0 Active(anon):       7596 kB
Node 0 Inactive(anon):      560 kB
Node 0 Active(file):      30764 kB
Node 0 Inactive(file):   156772 kB
Node 0 Unevictable:        4856 kB
Node 0 Mlocked:            4856 kB
Node 0 Dirty:                12 kB
Node 0 Writeback:             0 kB
Node 0 FilePages:        193108 kB
Node 0 Mapped:            31968 kB
Node 0 AnonPages:          7436 kB
Node 0 Shmem:               720 kB
Node 0 KernelStack:        3288 kB
Node 0 PageTables:          356 kB
Node 0 NFS_Unstable:          0 kB
Node 0 Bounce:                0 kB
Node 0 WritebackTmp:          0 kB
Node 0 KReclaimable:      23020 kB
Node 0 Slab:              59816 kB
Node 0 SReclaimable:      23020 kB
Node 0 SUnreclaim:        36796 kB
Node 0 AnonHugePages:         0 kB
Node 0 ShmemHugePages:        0 kB
Node 0 ShmemPmdMapped:        0 kB
Node 0 FileHugePages:        0 kB
Node 0 FilePmdMapped:        0 kB
Node 0 HugePages_Total:     0
Node 0 HugePages_Free:      0
Node 0 HugePages_Surp:      0

Node 1 MemTotal:       24661580 kB
Node 1 MemFree:        15523268 kB
Node 1 MemUsed:         9138312 kB
Node 1 Active:            62600 kB
Node 1 Inactive:          60436 kB
Node 1 Active(anon):      25872 kB
Node 1 Inactive(anon):      388 kB
Node 1 Active(file):      36728 kB
Node 1 Inactive(file):    60048 kB
Node 1 Unevictable:       13896 kB
Node 1 Mlocked:           13896 kB
Node 1 Dirty:                36 kB
Node 1 Writeback:             0 kB
Node 1 FilePages:        100680 kB
Node 1 Mapped:            30412 kB
Node 1 AnonPages:         36144 kB
Node 1 Shmem:               548 kB
Node 1 KernelStack:        1352 kB
Node 1 PageTables:          808 kB
Node 1 NFS_Unstable:          0 kB
Node 1 Bounce:                0 kB
Node 1 WritebackTmp:          0 kB
Node 1 KReclaimable:      21672 kB
Node 1 Slab:              94380 kB
Node 1 SReclaimable:      21672 kB
Node 1 SUnreclaim:        72708 kB
Node 1 AnonHugePages:         0 kB
Node 1 ShmemHugePages:        0 kB
Node 1 ShmemPmdMapped:        0 kB
Node 1 FileHugePages:        0 kB
Node 1 FilePmdMapped:        0 kB
Node 1 HugePages_Total:     0
Node 1 HugePages_Free:      0
Node 1 HugePages_Surp:      0

After Opposite Node
Node 0 MemTotal:       24768352 kB
Node 0 MemFree:        23889348 kB
Node 0 MemUsed:          879004 kB
Node 0 Active:            38948 kB
Node 0 Inactive:         157300 kB
Node 0 Active(anon):       8144 kB
Node 0 Inactive(anon):      560 kB
Node 0 Active(file):      30804 kB
Node 0 Inactive(file):   156740 kB
Node 0 Unevictable:        4856 kB
Node 0 Mlocked:            4856 kB
Node 0 Dirty:                 4 kB
Node 0 Writeback:             0 kB
Node 0 FilePages:        193116 kB
Node 0 Mapped:            31968 kB
Node 0 AnonPages:          7556 kB
Node 0 Shmem:               720 kB
Node 0 KernelStack:        3304 kB
Node 0 PageTables:          416 kB
Node 0 NFS_Unstable:          0 kB
Node 0 Bounce:                0 kB
Node 0 WritebackTmp:          0 kB
Node 0 KReclaimable:      23020 kB
Node 0 Slab:              59828 kB
Node 0 SReclaimable:      23020 kB
Node 0 SUnreclaim:        36808 kB
Node 0 AnonHugePages:         0 kB
Node 0 ShmemHugePages:        0 kB
Node 0 ShmemPmdMapped:        0 kB
Node 0 FileHugePages:        0 kB
Node 0 FilePmdMapped:        0 kB
Node 0 HugePages_Total:     0
Node 0 HugePages_Free:      0
Node 0 HugePages_Surp:      0

Node 1 MemTotal:       24661580 kB
Node 1 MemFree:        15523832 kB
Node 1 MemUsed:         9137748 kB
Node 1 Active:            62596 kB
Node 1 Inactive:          60200 kB
Node 1 Active(anon):      25612 kB
Node 1 Inactive(anon):      380 kB
Node 1 Active(file):      36984 kB
Node 1 Inactive(file):    59820 kB
Node 1 Unevictable:       13896 kB
Node 1 Mlocked:           13896 kB
Node 1 Dirty:                20 kB
Node 1 Writeback:             0 kB
Node 1 FilePages:        100696 kB
Node 1 Mapped:            30160 kB
Node 1 AnonPages:         36020 kB
Node 1 Shmem:               548 kB
Node 1 KernelStack:        1336 kB
Node 1 PageTables:          752 kB
Node 1 NFS_Unstable:          0 kB
Node 1 Bounce:                0 kB
Node 1 WritebackTmp:          0 kB
Node 1 KReclaimable:      21672 kB
Node 1 Slab:              94392 kB
Node 1 SReclaimable:      21672 kB
Node 1 SUnreclaim:        72720 kB
Node 1 AnonHugePages:         0 kB
Node 1 ShmemHugePages:        0 kB
Node 1 ShmemPmdMapped:        0 kB
Node 1 FileHugePages:        0 kB
Node 1 FilePmdMapped:        0 kB
Node 1 HugePages_Total:     0
Node 1 HugePages_Free:      0
Node 1 HugePages_Surp:      0

B.1.2M-simpleread.8G.3.O.1M Complete!
