kernel.numa_balancing = 0
B.1.32M-simpleread.2G.3.O.1M
Begin
Node 0 MemTotal:       24768352 kB
Node 0 MemFree:        24346264 kB
Node 0 MemUsed:          422088 kB
Node 0 Active:            65836 kB
Node 0 Inactive:          65476 kB
Node 0 Active(anon):      18160 kB
Node 0 Inactive(anon):      432 kB
Node 0 Active(file):      47676 kB
Node 0 Inactive(file):    65044 kB
Node 0 Unevictable:       17720 kB
Node 0 Mlocked:           17720 kB
Node 0 Dirty:               184 kB
Node 0 Writeback:             0 kB
Node 0 FilePages:        120672 kB
Node 0 Mapped:            28292 kB
Node 0 AnonPages:         28360 kB
Node 0 Shmem:               564 kB
Node 0 KernelStack:        1848 kB
Node 0 PageTables:          540 kB
Node 0 NFS_Unstable:          0 kB
Node 0 Bounce:                0 kB
Node 0 WritebackTmp:          0 kB
Node 0 KReclaimable:      23188 kB
Node 0 Slab:              54800 kB
Node 0 SReclaimable:      23188 kB
Node 0 SUnreclaim:        31612 kB
Node 0 AnonHugePages:         0 kB
Node 0 ShmemHugePages:        0 kB
Node 0 ShmemPmdMapped:        0 kB
Node 0 FileHugePages:        0 kB
Node 0 FilePmdMapped:        0 kB
Node 0 HugePages_Total:     0
Node 0 HugePages_Free:      0
Node 0 HugePages_Surp:      0

Node 1 MemTotal:       24661580 kB
Node 1 MemFree:        24455168 kB
Node 1 MemUsed:          206412 kB
Node 1 Active:            29092 kB
Node 1 Inactive:          42732 kB
Node 1 Active(anon):      15316 kB
Node 1 Inactive(anon):      452 kB
Node 1 Active(file):      13776 kB
Node 1 Inactive(file):    42280 kB
Node 1 Unevictable:         804 kB
Node 1 Mlocked:             804 kB
Node 1 Dirty:               344 kB
Node 1 Writeback:             0 kB
Node 1 FilePages:         58000 kB
Node 1 Mapped:            29556 kB
Node 1 AnonPages:         15168 kB
Node 1 Shmem:               704 kB
Node 1 KernelStack:        1768 kB
Node 1 PageTables:          544 kB
Node 1 NFS_Unstable:          0 kB
Node 1 Bounce:                0 kB
Node 1 WritebackTmp:          0 kB
Node 1 KReclaimable:      18832 kB
Node 1 Slab:              50640 kB
Node 1 SReclaimable:      18832 kB
Node 1 SUnreclaim:        31808 kB
Node 1 AnonHugePages:         0 kB
Node 1 ShmemHugePages:        0 kB
Node 1 ShmemPmdMapped:        0 kB
Node 1 FileHugePages:        0 kB
Node 1 FilePmdMapped:        0 kB
Node 1 HugePages_Total:     0
Node 1 HugePages_Free:      0
Node 1 HugePages_Surp:      0

Load ZFS
Node 0 MemTotal:       24768352 kB
Node 0 MemFree:        24434056 kB
Node 0 MemUsed:          334296 kB
Node 0 Active:            82012 kB
Node 0 Inactive:          90280 kB
Node 0 Active(anon):      33144 kB
Node 0 Inactive(anon):      440 kB
Node 0 Active(file):      48868 kB
Node 0 Inactive(file):    89840 kB
Node 0 Unevictable:       17852 kB
Node 0 Mlocked:           17852 kB
Node 0 Dirty:               204 kB
Node 0 Writeback:             0 kB
Node 0 FilePages:        146892 kB
Node 0 Mapped:            30856 kB
Node 0 AnonPages:         43704 kB
Node 0 Shmem:               648 kB
Node 0 KernelStack:        2176 kB
Node 0 PageTables:         1376 kB
Node 0 NFS_Unstable:          0 kB
Node 0 Bounce:                0 kB
Node 0 WritebackTmp:          0 kB
Node 0 KReclaimable:      24032 kB
Node 0 Slab:              58224 kB
Node 0 SReclaimable:      24032 kB
Node 0 SUnreclaim:        34192 kB
Node 0 AnonHugePages:         0 kB
Node 0 ShmemHugePages:        0 kB
Node 0 ShmemPmdMapped:        0 kB
Node 0 FileHugePages:        0 kB
Node 0 FilePmdMapped:        0 kB
Node 0 HugePages_Total:     0
Node 0 HugePages_Free:      0
Node 0 HugePages_Surp:      0

Node 1 MemTotal:       24661580 kB
Node 1 MemFree:        24222908 kB
Node 1 MemUsed:          438672 kB
Node 1 Active:            40408 kB
Node 1 Inactive:         121232 kB
Node 1 Active(anon):      24880 kB
Node 1 Inactive(anon):      432 kB
Node 1 Active(file):      15528 kB
Node 1 Inactive(file):   120800 kB
Node 1 Unevictable:         804 kB
Node 1 Mlocked:             804 kB
Node 1 Dirty:               404 kB
Node 1 Writeback:             0 kB
Node 1 FilePages:        137752 kB
Node 1 Mapped:            32244 kB
Node 1 AnonPages:         24808 kB
Node 1 Shmem:               620 kB
Node 1 KernelStack:        2124 kB
Node 1 PageTables:          964 kB
Node 1 NFS_Unstable:          0 kB
Node 1 Bounce:                0 kB
Node 1 WritebackTmp:          0 kB
Node 1 KReclaimable:      19736 kB
Node 1 Slab:              54852 kB
Node 1 SReclaimable:      19736 kB
Node 1 SUnreclaim:        35116 kB
Node 1 AnonHugePages:         0 kB
Node 1 ShmemHugePages:        0 kB
Node 1 ShmemPmdMapped:        0 kB
Node 1 FileHugePages:        0 kB
Node 1 FilePmdMapped:        0 kB
Node 1 HugePages_Total:     0
Node 1 HugePages_Free:      0
Node 1 HugePages_Surp:      0

Import tank ZPool
Node 0 MemTotal:       24768352 kB
Node 0 MemFree:        24450464 kB
Node 0 MemUsed:          317888 kB
Node 0 Active:            67852 kB
Node 0 Inactive:          89916 kB
Node 0 Active(anon):      18672 kB
Node 0 Inactive(anon):      512 kB
Node 0 Active(file):      49180 kB
Node 0 Inactive(file):    89404 kB
Node 0 Unevictable:       17952 kB
Node 0 Mlocked:           17952 kB
Node 0 Dirty:                16 kB
Node 0 Writeback:             0 kB
Node 0 FilePages:        146672 kB
Node 0 Mapped:            28684 kB
Node 0 AnonPages:         28936 kB
Node 0 Shmem:               684 kB
Node 0 KernelStack:        1928 kB
Node 0 PageTables:          900 kB
Node 0 NFS_Unstable:          0 kB
Node 0 Bounce:                0 kB
Node 0 WritebackTmp:          0 kB
Node 0 KReclaimable:      24152 kB
Node 0 Slab:              58300 kB
Node 0 SReclaimable:      24152 kB
Node 0 SUnreclaim:        34148 kB
Node 0 AnonHugePages:         0 kB
Node 0 ShmemHugePages:        0 kB
Node 0 ShmemPmdMapped:        0 kB
Node 0 FileHugePages:        0 kB
Node 0 FilePmdMapped:        0 kB
Node 0 HugePages_Total:     0
Node 0 HugePages_Free:      0
Node 0 HugePages_Surp:      0

Node 1 MemTotal:       24661580 kB
Node 1 MemFree:        24214372 kB
Node 1 MemUsed:          447208 kB
Node 1 Active:            32112 kB
Node 1 Inactive:         122052 kB
Node 1 Active(anon):      15704 kB
Node 1 Inactive(anon):      436 kB
Node 1 Active(file):      16408 kB
Node 1 Inactive(file):   121616 kB
Node 1 Unevictable:         804 kB
Node 1 Mlocked:             804 kB
Node 1 Dirty:                28 kB
Node 1 Writeback:             0 kB
Node 1 FilePages:        139432 kB
Node 1 Mapped:            30072 kB
Node 1 AnonPages:         15232 kB
Node 1 Shmem:               584 kB
Node 1 KernelStack:        2920 kB
Node 1 PageTables:          692 kB
Node 1 NFS_Unstable:          0 kB
Node 1 Bounce:                0 kB
Node 1 WritebackTmp:          0 kB
Node 1 KReclaimable:      19860 kB
Node 1 Slab:              60600 kB
Node 1 SReclaimable:      19860 kB
Node 1 SUnreclaim:        40740 kB
Node 1 AnonHugePages:         0 kB
Node 1 ShmemHugePages:        0 kB
Node 1 ShmemPmdMapped:        0 kB
Node 1 FileHugePages:        0 kB
Node 1 FilePmdMapped:        0 kB
Node 1 HugePages_Total:     0
Node 1 HugePages_Free:      0
Node 1 HugePages_Surp:      0

After Test
Node 0 MemTotal:       24768352 kB
Node 0 MemFree:        23971528 kB
Node 0 MemUsed:          796824 kB
Node 0 Active:            67508 kB
Node 0 Inactive:          89808 kB
Node 0 Active(anon):      18224 kB
Node 0 Inactive(anon):      508 kB
Node 0 Active(file):      49284 kB
Node 0 Inactive(file):    89300 kB
Node 0 Unevictable:       17952 kB
Node 0 Mlocked:           17952 kB
Node 0 Dirty:                12 kB
Node 0 Writeback:             0 kB
Node 0 FilePages:        146704 kB
Node 0 Mapped:            28304 kB
Node 0 AnonPages:         28608 kB
Node 0 Shmem:               684 kB
Node 0 KernelStack:        1768 kB
Node 0 PageTables:          544 kB
Node 0 NFS_Unstable:          0 kB
Node 0 Bounce:                0 kB
Node 0 WritebackTmp:          0 kB
Node 0 KReclaimable:      24160 kB
Node 0 Slab:              60268 kB
Node 0 SReclaimable:      24160 kB
Node 0 SUnreclaim:        36108 kB
Node 0 AnonHugePages:         0 kB
Node 0 ShmemHugePages:        0 kB
Node 0 ShmemPmdMapped:        0 kB
Node 0 FileHugePages:        0 kB
Node 0 FilePmdMapped:        0 kB
Node 0 HugePages_Total:     0
Node 0 HugePages_Free:      0
Node 0 HugePages_Surp:      0

Node 1 MemTotal:       24661580 kB
Node 1 MemFree:        21729016 kB
Node 1 MemUsed:         2932564 kB
Node 1 Active:            32512 kB
Node 1 Inactive:         152992 kB
Node 1 Active(anon):      15300 kB
Node 1 Inactive(anon):      432 kB
Node 1 Active(file):      17212 kB
Node 1 Inactive(file):   152560 kB
Node 1 Unevictable:         804 kB
Node 1 Mlocked:             804 kB
Node 1 Dirty:                16 kB
Node 1 Writeback:             0 kB
Node 1 FilePages:        171160 kB
Node 1 Mapped:            29692 kB
Node 1 AnonPages:         14940 kB
Node 1 Shmem:               584 kB
Node 1 KernelStack:        2888 kB
Node 1 PageTables:          652 kB
Node 1 NFS_Unstable:          0 kB
Node 1 Bounce:                0 kB
Node 1 WritebackTmp:          0 kB
Node 1 KReclaimable:      20012 kB
Node 1 Slab:              71808 kB
Node 1 SReclaimable:      20012 kB
Node 1 SUnreclaim:        51796 kB
Node 1 AnonHugePages:         0 kB
Node 1 ShmemHugePages:        0 kB
Node 1 ShmemPmdMapped:        0 kB
Node 1 FileHugePages:        0 kB
Node 1 FilePmdMapped:        0 kB
Node 1 HugePages_Total:     0
Node 1 HugePages_Free:      0
Node 1 HugePages_Surp:      0

After Opposite Node
Node 0 MemTotal:       24768352 kB
Node 0 MemFree:        23972460 kB
Node 0 MemUsed:          795892 kB
Node 0 Active:            68104 kB
Node 0 Inactive:          89632 kB
Node 0 Active(anon):      18576 kB
Node 0 Inactive(anon):      508 kB
Node 0 Active(file):      49528 kB
Node 0 Inactive(file):    89124 kB
Node 0 Unevictable:       17952 kB
Node 0 Mlocked:           17952 kB
Node 0 Dirty:                16 kB
Node 0 Writeback:             0 kB
Node 0 FilePages:        146724 kB
Node 0 Mapped:            28576 kB
Node 0 AnonPages:         28812 kB
Node 0 Shmem:               684 kB
Node 0 KernelStack:        1752 kB
Node 0 PageTables:          660 kB
Node 0 NFS_Unstable:          0 kB
Node 0 Bounce:                0 kB
Node 0 WritebackTmp:          0 kB
Node 0 KReclaimable:      24168 kB
Node 0 Slab:              60312 kB
Node 0 SReclaimable:      24168 kB
Node 0 SUnreclaim:        36144 kB
Node 0 AnonHugePages:         0 kB
Node 0 ShmemHugePages:        0 kB
Node 0 ShmemPmdMapped:        0 kB
Node 0 FileHugePages:        0 kB
Node 0 FilePmdMapped:        0 kB
Node 0 HugePages_Total:     0
Node 0 HugePages_Free:      0
Node 0 HugePages_Surp:      0

Node 1 MemTotal:       24661580 kB
Node 1 MemFree:        21729376 kB
Node 1 MemUsed:         2932204 kB
Node 1 Active:            32240 kB
Node 1 Inactive:         152936 kB
Node 1 Active(anon):      14956 kB
Node 1 Inactive(anon):      432 kB
Node 1 Active(file):      17284 kB
Node 1 Inactive(file):   152504 kB
Node 1 Unevictable:         804 kB
Node 1 Mlocked:             804 kB
Node 1 Dirty:                32 kB
Node 1 Writeback:             0 kB
Node 1 FilePages:        171176 kB
Node 1 Mapped:            29692 kB
Node 1 AnonPages:         14824 kB
Node 1 Shmem:               584 kB
Node 1 KernelStack:        2856 kB
Node 1 PageTables:          520 kB
Node 1 NFS_Unstable:          0 kB
Node 1 Bounce:                0 kB
Node 1 WritebackTmp:          0 kB
Node 1 KReclaimable:      20012 kB
Node 1 Slab:              71932 kB
Node 1 SReclaimable:      20012 kB
Node 1 SUnreclaim:        51920 kB
Node 1 AnonHugePages:         0 kB
Node 1 ShmemHugePages:        0 kB
Node 1 ShmemPmdMapped:        0 kB
Node 1 FileHugePages:        0 kB
Node 1 FilePmdMapped:        0 kB
Node 1 HugePages_Total:     0
Node 1 HugePages_Free:      0
Node 1 HugePages_Surp:      0

B.1.32M-simpleread.2G.3.O.1M Complete!
