kernel.numa_balancing = 0
B.1.1M-simpleread.16G.2.O.1M
Begin
Node 0 MemTotal:       24768352 kB
Node 0 MemFree:        24491160 kB
Node 0 MemUsed:          277192 kB
Node 0 Active:            46924 kB
Node 0 Inactive:          64152 kB
Node 0 Active(anon):      23380 kB
Node 0 Inactive(anon):      432 kB
Node 0 Active(file):      23544 kB
Node 0 Inactive(file):    63720 kB
Node 0 Unevictable:       17416 kB
Node 0 Mlocked:           17416 kB
Node 0 Dirty:               304 kB
Node 0 Writeback:             0 kB
Node 0 FilePages:         95024 kB
Node 0 Mapped:            51484 kB
Node 0 AnonPages:         33496 kB
Node 0 Shmem:               672 kB
Node 0 KernelStack:        2248 kB
Node 0 PageTables:          804 kB
Node 0 NFS_Unstable:          0 kB
Node 0 Bounce:                0 kB
Node 0 WritebackTmp:          0 kB
Node 0 KReclaimable:      24428 kB
Node 0 Slab:              61444 kB
Node 0 SReclaimable:      24428 kB
Node 0 SUnreclaim:        37016 kB
Node 0 AnonHugePages:         0 kB
Node 0 ShmemHugePages:        0 kB
Node 0 ShmemPmdMapped:        0 kB
Node 0 FileHugePages:        0 kB
Node 0 FilePmdMapped:        0 kB
Node 0 HugePages_Total:     0
Node 0 HugePages_Free:      0
Node 0 HugePages_Surp:      0

Node 1 MemTotal:       24661580 kB
Node 1 MemFree:        24296848 kB
Node 1 MemUsed:          364732 kB
Node 1 Active:            49380 kB
Node 1 Inactive:          55492 kB
Node 1 Active(anon):      11212 kB
Node 1 Inactive(anon):      452 kB
Node 1 Active(file):      38168 kB
Node 1 Inactive(file):    55040 kB
Node 1 Unevictable:        1104 kB
Node 1 Mlocked:            1104 kB
Node 1 Dirty:               112 kB
Node 1 Writeback:             0 kB
Node 1 FilePages:         94944 kB
Node 1 Mapped:            13764 kB
Node 1 AnonPages:         11172 kB
Node 1 Shmem:               596 kB
Node 1 KernelStack:        1368 kB
Node 1 PageTables:          436 kB
Node 1 NFS_Unstable:          0 kB
Node 1 Bounce:                0 kB
Node 1 WritebackTmp:          0 kB
Node 1 KReclaimable:      17352 kB
Node 1 Slab:              45168 kB
Node 1 SReclaimable:      17352 kB
Node 1 SUnreclaim:        27816 kB
Node 1 AnonHugePages:         0 kB
Node 1 ShmemHugePages:        0 kB
Node 1 ShmemPmdMapped:        0 kB
Node 1 FileHugePages:        0 kB
Node 1 FilePmdMapped:        0 kB
Node 1 HugePages_Total:     0
Node 1 HugePages_Free:      0
Node 1 HugePages_Surp:      0

Load ZFS
Node 0 MemTotal:       24768352 kB
Node 0 MemFree:        24439020 kB
Node 0 MemUsed:          329332 kB
Node 0 Active:            61068 kB
Node 0 Inactive:          99004 kB
Node 0 Active(anon):      36332 kB
Node 0 Inactive(anon):      524 kB
Node 0 Active(file):      24736 kB
Node 0 Inactive(file):    98480 kB
Node 0 Unevictable:       17644 kB
Node 0 Mlocked:           17644 kB
Node 0 Dirty:               436 kB
Node 0 Writeback:             0 kB
Node 0 FilePages:        131020 kB
Node 0 Mapped:            54096 kB
Node 0 AnonPages:         46560 kB
Node 0 Shmem:               716 kB
Node 0 KernelStack:        2104 kB
Node 0 PageTables:         1196 kB
Node 0 NFS_Unstable:          0 kB
Node 0 Bounce:                0 kB
Node 0 WritebackTmp:          0 kB
Node 0 KReclaimable:      25220 kB
Node 0 Slab:              63636 kB
Node 0 SReclaimable:      25220 kB
Node 0 SUnreclaim:        38416 kB
Node 0 AnonHugePages:         0 kB
Node 0 ShmemHugePages:        0 kB
Node 0 ShmemPmdMapped:        0 kB
Node 0 FileHugePages:        0 kB
Node 0 FilePmdMapped:        0 kB
Node 0 HugePages_Total:     0
Node 0 HugePages_Free:      0
Node 0 HugePages_Surp:      0

Node 1 MemTotal:       24661580 kB
Node 1 MemFree:        24205812 kB
Node 1 MemUsed:          455768 kB
Node 1 Active:            63304 kB
Node 1 Inactive:         124128 kB
Node 1 Active(anon):      23924 kB
Node 1 Inactive(anon):      420 kB
Node 1 Active(file):      39380 kB
Node 1 Inactive(file):   123708 kB
Node 1 Unevictable:        1104 kB
Node 1 Mlocked:            1104 kB
Node 1 Dirty:               136 kB
Node 1 Writeback:             0 kB
Node 1 FilePages:        164744 kB
Node 1 Mapped:            15064 kB
Node 1 AnonPages:         23648 kB
Node 1 Shmem:               552 kB
Node 1 KernelStack:        2008 kB
Node 1 PageTables:         1852 kB
Node 1 NFS_Unstable:          0 kB
Node 1 Bounce:                0 kB
Node 1 WritebackTmp:          0 kB
Node 1 KReclaimable:      18104 kB
Node 1 Slab:              49664 kB
Node 1 SReclaimable:      18104 kB
Node 1 SUnreclaim:        31560 kB
Node 1 AnonHugePages:         0 kB
Node 1 ShmemHugePages:        0 kB
Node 1 ShmemPmdMapped:        0 kB
Node 1 FileHugePages:        0 kB
Node 1 FilePmdMapped:        0 kB
Node 1 HugePages_Total:     0
Node 1 HugePages_Free:      0
Node 1 HugePages_Surp:      0

Import tank ZPool
Node 0 MemTotal:       24768352 kB
Node 0 MemFree:        24450212 kB
Node 0 MemUsed:          318140 kB
Node 0 Active:            48168 kB
Node 0 Inactive:          98632 kB
Node 0 Active(anon):      23060 kB
Node 0 Inactive(anon):      524 kB
Node 0 Active(file):      25108 kB
Node 0 Inactive(file):    98108 kB
Node 0 Unevictable:       17644 kB
Node 0 Mlocked:           17644 kB
Node 0 Dirty:               500 kB
Node 0 Writeback:             0 kB
Node 0 FilePages:        131016 kB
Node 0 Mapped:            52104 kB
Node 0 AnonPages:         33444 kB
Node 0 Shmem:               712 kB
Node 0 KernelStack:        2120 kB
Node 0 PageTables:          920 kB
Node 0 NFS_Unstable:          0 kB
Node 0 Bounce:                0 kB
Node 0 WritebackTmp:          0 kB
Node 0 KReclaimable:      25248 kB
Node 0 Slab:              64156 kB
Node 0 SReclaimable:      25248 kB
Node 0 SUnreclaim:        38908 kB
Node 0 AnonHugePages:         0 kB
Node 0 ShmemHugePages:        0 kB
Node 0 ShmemPmdMapped:        0 kB
Node 0 FileHugePages:        0 kB
Node 0 FilePmdMapped:        0 kB
Node 0 HugePages_Total:     0
Node 0 HugePages_Free:      0
Node 0 HugePages_Surp:      0

Node 1 MemTotal:       24661580 kB
Node 1 MemFree:        24202280 kB
Node 1 MemUsed:          459300 kB
Node 1 Active:            51076 kB
Node 1 Inactive:         125284 kB
Node 1 Active(anon):      11196 kB
Node 1 Inactive(anon):      424 kB
Node 1 Active(file):      39880 kB
Node 1 Inactive(file):   124860 kB
Node 1 Unevictable:        1104 kB
Node 1 Mlocked:            1104 kB
Node 1 Dirty:                48 kB
Node 1 Writeback:             0 kB
Node 1 FilePages:        166420 kB
Node 1 Mapped:            14164 kB
Node 1 AnonPages:         10528 kB
Node 1 Shmem:               556 kB
Node 1 KernelStack:        2716 kB
Node 1 PageTables:          976 kB
Node 1 NFS_Unstable:          0 kB
Node 1 Bounce:                0 kB
Node 1 WritebackTmp:          0 kB
Node 1 KReclaimable:      18240 kB
Node 1 Slab:              55580 kB
Node 1 SReclaimable:      18240 kB
Node 1 SUnreclaim:        37340 kB
Node 1 AnonHugePages:         0 kB
Node 1 ShmemHugePages:        0 kB
Node 1 ShmemPmdMapped:        0 kB
Node 1 FileHugePages:        0 kB
Node 1 FilePmdMapped:        0 kB
Node 1 HugePages_Total:     0
Node 1 HugePages_Free:      0
Node 1 HugePages_Surp:      0

After Test
Node 0 MemTotal:       24768352 kB
Node 0 MemFree:        23686156 kB
Node 0 MemUsed:         1082196 kB
Node 0 Active:            48260 kB
Node 0 Inactive:          98340 kB
Node 0 Active(anon):      22752 kB
Node 0 Inactive(anon):      520 kB
Node 0 Active(file):      25508 kB
Node 0 Inactive(file):    97820 kB
Node 0 Unevictable:       17644 kB
Node 0 Mlocked:           17644 kB
Node 0 Dirty:                24 kB
Node 0 Writeback:             0 kB
Node 0 FilePages:        131156 kB
Node 0 Mapped:            51588 kB
Node 0 AnonPages:         33112 kB
Node 0 Shmem:               716 kB
Node 0 KernelStack:        1992 kB
Node 0 PageTables:          808 kB
Node 0 NFS_Unstable:          0 kB
Node 0 Bounce:                0 kB
Node 0 WritebackTmp:          0 kB
Node 0 KReclaimable:      25452 kB
Node 0 Slab:              68020 kB
Node 0 SReclaimable:      25452 kB
Node 0 SUnreclaim:        42568 kB
Node 0 AnonHugePages:         0 kB
Node 0 ShmemHugePages:        0 kB
Node 0 ShmemPmdMapped:        0 kB
Node 0 FileHugePages:        0 kB
Node 0 FilePmdMapped:        0 kB
Node 0 HugePages_Total:     0
Node 0 HugePages_Free:      0
Node 0 HugePages_Surp:      0

Node 1 MemTotal:       24661580 kB
Node 1 MemFree:         7303236 kB
Node 1 MemUsed:        17358344 kB
Node 1 Active:            51792 kB
Node 1 Inactive:         126016 kB
Node 1 Active(anon):      11032 kB
Node 1 Inactive(anon):      420 kB
Node 1 Active(file):      40760 kB
Node 1 Inactive(file):   125596 kB
Node 1 Unevictable:        1104 kB
Node 1 Mlocked:            1104 kB
Node 1 Dirty:                 8 kB
Node 1 Writeback:             0 kB
Node 1 FilePages:        168020 kB
Node 1 Mapped:            13868 kB
Node 1 AnonPages:         10536 kB
Node 1 Shmem:               552 kB
Node 1 KernelStack:        2472 kB
Node 1 PageTables:          372 kB
Node 1 NFS_Unstable:          0 kB
Node 1 Bounce:                0 kB
Node 1 WritebackTmp:          0 kB
Node 1 KReclaimable:      18312 kB
Node 1 Slab:             111976 kB
Node 1 SReclaimable:      18312 kB
Node 1 SUnreclaim:        93664 kB
Node 1 AnonHugePages:         0 kB
Node 1 ShmemHugePages:        0 kB
Node 1 ShmemPmdMapped:        0 kB
Node 1 FileHugePages:        0 kB
Node 1 FilePmdMapped:        0 kB
Node 1 HugePages_Total:     0
Node 1 HugePages_Free:      0
Node 1 HugePages_Surp:      0

After Opposite Node
Node 0 MemTotal:       24768352 kB
Node 0 MemFree:        23692248 kB
Node 0 MemUsed:         1076104 kB
Node 0 Active:            48768 kB
Node 0 Inactive:          98344 kB
Node 0 Active(anon):      23208 kB
Node 0 Inactive(anon):      520 kB
Node 0 Active(file):      25560 kB
Node 0 Inactive(file):    97824 kB
Node 0 Unevictable:       17644 kB
Node 0 Mlocked:           17644 kB
Node 0 Dirty:                40 kB
Node 0 Writeback:             0 kB
Node 0 FilePages:        131188 kB
Node 0 Mapped:            51588 kB
Node 0 AnonPages:         33568 kB
Node 0 Shmem:               716 kB
Node 0 KernelStack:        2008 kB
Node 0 PageTables:          860 kB
Node 0 NFS_Unstable:          0 kB
Node 0 Bounce:                0 kB
Node 0 WritebackTmp:          0 kB
Node 0 KReclaimable:      25524 kB
Node 0 Slab:              68144 kB
Node 0 SReclaimable:      25524 kB
Node 0 SUnreclaim:        42620 kB
Node 0 AnonHugePages:         0 kB
Node 0 ShmemHugePages:        0 kB
Node 0 ShmemPmdMapped:        0 kB
Node 0 FileHugePages:        0 kB
Node 0 FilePmdMapped:        0 kB
Node 0 HugePages_Total:     0
Node 0 HugePages_Free:      0
Node 0 HugePages_Surp:      0

Node 1 MemTotal:       24661580 kB
Node 1 MemFree:         7298396 kB
Node 1 MemUsed:        17363184 kB
Node 1 Active:            51704 kB
Node 1 Inactive:         125732 kB
Node 1 Active(anon):      10636 kB
Node 1 Inactive(anon):      420 kB
Node 1 Active(file):      41068 kB
Node 1 Inactive(file):   125312 kB
Node 1 Unevictable:        1104 kB
Node 1 Mlocked:            1104 kB
Node 1 Dirty:                28 kB
Node 1 Writeback:             0 kB
Node 1 FilePages:        168036 kB
Node 1 Mapped:            14048 kB
Node 1 AnonPages:         10524 kB
Node 1 Shmem:               552 kB
Node 1 KernelStack:        2440 kB
Node 1 PageTables:          316 kB
Node 1 NFS_Unstable:          0 kB
Node 1 Bounce:                0 kB
Node 1 WritebackTmp:          0 kB
Node 1 KReclaimable:      18316 kB
Node 1 Slab:             112228 kB
Node 1 SReclaimable:      18316 kB
Node 1 SUnreclaim:        93912 kB
Node 1 AnonHugePages:         0 kB
Node 1 ShmemHugePages:        0 kB
Node 1 ShmemPmdMapped:        0 kB
Node 1 FileHugePages:        0 kB
Node 1 FilePmdMapped:        0 kB
Node 1 HugePages_Total:     0
Node 1 HugePages_Free:      0
Node 1 HugePages_Surp:      0

B.1.1M-simpleread.16G.2.O.1M Complete!
