kernel.numa_balancing = 0
B.1.1M-simpleread.16G.3.O.1M
Begin
Node 0 MemTotal:       24768352 kB
Node 0 MemFree:        24568364 kB
Node 0 MemUsed:          199988 kB
Node 0 Active:            34680 kB
Node 0 Inactive:          18088 kB
Node 0 Active(anon):      14192 kB
Node 0 Inactive(anon):      408 kB
Node 0 Active(file):      20488 kB
Node 0 Inactive(file):    17680 kB
Node 0 Unevictable:       17972 kB
Node 0 Mlocked:           17972 kB
Node 0 Dirty:                 0 kB
Node 0 Writeback:             0 kB
Node 0 FilePages:         46344 kB
Node 0 Mapped:            18420 kB
Node 0 AnonPages:         24436 kB
Node 0 Shmem:               536 kB
Node 0 KernelStack:        1736 kB
Node 0 PageTables:          424 kB
Node 0 NFS_Unstable:          0 kB
Node 0 Bounce:                0 kB
Node 0 WritebackTmp:          0 kB
Node 0 KReclaimable:      18588 kB
Node 0 Slab:              45196 kB
Node 0 SReclaimable:      18588 kB
Node 0 SUnreclaim:        26608 kB
Node 0 AnonHugePages:         0 kB
Node 0 ShmemHugePages:        0 kB
Node 0 ShmemPmdMapped:        0 kB
Node 0 FileHugePages:        0 kB
Node 0 FilePmdMapped:        0 kB
Node 0 HugePages_Total:     0
Node 0 HugePages_Free:      0
Node 0 HugePages_Surp:      0

Node 1 MemTotal:       24661580 kB
Node 1 MemFree:        24240672 kB
Node 1 MemUsed:          420908 kB
Node 1 Active:            67376 kB
Node 1 Inactive:          76276 kB
Node 1 Active(anon):      19992 kB
Node 1 Inactive(anon):      488 kB
Node 1 Active(file):      47384 kB
Node 1 Inactive(file):    75788 kB
Node 1 Unevictable:         552 kB
Node 1 Mlocked:             552 kB
Node 1 Dirty:                 0 kB
Node 1 Writeback:             0 kB
Node 1 FilePages:        124504 kB
Node 1 Mapped:            20124 kB
Node 1 AnonPages:         19844 kB
Node 1 Shmem:               732 kB
Node 1 KernelStack:        1864 kB
Node 1 PageTables:          688 kB
Node 1 NFS_Unstable:          0 kB
Node 1 Bounce:                0 kB
Node 1 WritebackTmp:          0 kB
Node 1 KReclaimable:      23048 kB
Node 1 Slab:              59252 kB
Node 1 SReclaimable:      23048 kB
Node 1 SUnreclaim:        36204 kB
Node 1 AnonHugePages:         0 kB
Node 1 ShmemHugePages:        0 kB
Node 1 ShmemPmdMapped:        0 kB
Node 1 FileHugePages:        0 kB
Node 1 FilePmdMapped:        0 kB
Node 1 HugePages_Total:     0
Node 1 HugePages_Free:      0
Node 1 HugePages_Surp:      0

Load ZFS
Node 0 MemTotal:       24768352 kB
Node 0 MemFree:        24538952 kB
Node 0 MemUsed:          229400 kB
Node 0 Active:            48836 kB
Node 0 Inactive:          30148 kB
Node 0 Active(anon):      27292 kB
Node 0 Inactive(anon):      600 kB
Node 0 Active(file):      21544 kB
Node 0 Inactive(file):    29548 kB
Node 0 Unevictable:       18188 kB
Node 0 Mlocked:           18188 kB
Node 0 Dirty:                40 kB
Node 0 Writeback:             0 kB
Node 0 FilePages:         59500 kB
Node 0 Mapped:            19472 kB
Node 0 AnonPages:         38056 kB
Node 0 Shmem:               768 kB
Node 0 KernelStack:        2048 kB
Node 0 PageTables:         1564 kB
Node 0 NFS_Unstable:          0 kB
Node 0 Bounce:                0 kB
Node 0 WritebackTmp:          0 kB
Node 0 KReclaimable:      19468 kB
Node 0 Slab:              48396 kB
Node 0 SReclaimable:      19468 kB
Node 0 SUnreclaim:        28928 kB
Node 0 AnonHugePages:         0 kB
Node 0 ShmemHugePages:        0 kB
Node 0 ShmemPmdMapped:        0 kB
Node 0 FileHugePages:        0 kB
Node 0 FilePmdMapped:        0 kB
Node 0 HugePages_Total:     0
Node 0 HugePages_Free:      0
Node 0 HugePages_Surp:      0

Node 1 MemTotal:       24661580 kB
Node 1 MemFree:        24127908 kB
Node 1 MemUsed:          533672 kB
Node 1 Active:            79204 kB
Node 1 Inactive:         167680 kB
Node 1 Active(anon):      30300 kB
Node 1 Inactive(anon):      340 kB
Node 1 Active(file):      48904 kB
Node 1 Inactive(file):   167340 kB
Node 1 Unevictable:         552 kB
Node 1 Mlocked:             552 kB
Node 1 Dirty:               272 kB
Node 1 Writeback:             0 kB
Node 1 FilePages:        217296 kB
Node 1 Mapped:            22988 kB
Node 1 AnonPages:         30664 kB
Node 1 Shmem:               500 kB
Node 1 KernelStack:        2132 kB
Node 1 PageTables:         1640 kB
Node 1 NFS_Unstable:          0 kB
Node 1 Bounce:                0 kB
Node 1 WritebackTmp:          0 kB
Node 1 KReclaimable:      23852 kB
Node 1 Slab:              62888 kB
Node 1 SReclaimable:      23852 kB
Node 1 SUnreclaim:        39036 kB
Node 1 AnonHugePages:         0 kB
Node 1 ShmemHugePages:        0 kB
Node 1 ShmemPmdMapped:        0 kB
Node 1 FileHugePages:        0 kB
Node 1 FilePmdMapped:        0 kB
Node 1 HugePages_Total:     0
Node 1 HugePages_Free:      0
Node 1 HugePages_Surp:      0

Import tank ZPool
Node 0 MemTotal:       24768352 kB
Node 0 MemFree:        24539144 kB
Node 0 MemUsed:          229208 kB
Node 0 Active:            48764 kB
Node 0 Inactive:          30148 kB
Node 0 Active(anon):      27220 kB
Node 0 Inactive(anon):      600 kB
Node 0 Active(file):      21544 kB
Node 0 Inactive(file):    29548 kB
Node 0 Unevictable:       18204 kB
Node 0 Mlocked:           18204 kB
Node 0 Dirty:                56 kB
Node 0 Writeback:             0 kB
Node 0 FilePages:         59496 kB
Node 0 Mapped:            19404 kB
Node 0 AnonPages:         37616 kB
Node 0 Shmem:               764 kB
Node 0 KernelStack:        2056 kB
Node 0 PageTables:         1448 kB
Node 0 NFS_Unstable:          0 kB
Node 0 Bounce:                0 kB
Node 0 WritebackTmp:          0 kB
Node 0 KReclaimable:      19468 kB
Node 0 Slab:              49252 kB
Node 0 SReclaimable:      19468 kB
Node 0 SUnreclaim:        29784 kB
Node 0 AnonHugePages:         0 kB
Node 0 ShmemHugePages:        0 kB
Node 0 ShmemPmdMapped:        0 kB
Node 0 FileHugePages:        0 kB
Node 0 FilePmdMapped:        0 kB
Node 0 HugePages_Total:     0
Node 0 HugePages_Free:      0
Node 0 HugePages_Surp:      0

Node 1 MemTotal:       24661580 kB
Node 1 MemFree:        24108508 kB
Node 1 MemUsed:          553072 kB
Node 1 Active:            79924 kB
Node 1 Inactive:         168916 kB
Node 1 Active(anon):      30780 kB
Node 1 Inactive(anon):      348 kB
Node 1 Active(file):      49144 kB
Node 1 Inactive(file):   168568 kB
Node 1 Unevictable:         552 kB
Node 1 Mlocked:             552 kB
Node 1 Dirty:               328 kB
Node 1 Writeback:             0 kB
Node 1 FilePages:        218820 kB
Node 1 Mapped:            23048 kB
Node 1 AnonPages:         30400 kB
Node 1 Shmem:               504 kB
Node 1 KernelStack:        3144 kB
Node 1 PageTables:         1192 kB
Node 1 NFS_Unstable:          0 kB
Node 1 Bounce:                0 kB
Node 1 WritebackTmp:          0 kB
Node 1 KReclaimable:      24024 kB
Node 1 Slab:              68900 kB
Node 1 SReclaimable:      24024 kB
Node 1 SUnreclaim:        44876 kB
Node 1 AnonHugePages:         0 kB
Node 1 ShmemHugePages:        0 kB
Node 1 ShmemPmdMapped:        0 kB
Node 1 FileHugePages:        0 kB
Node 1 FilePmdMapped:        0 kB
Node 1 HugePages_Total:     0
Node 1 HugePages_Free:      0
Node 1 HugePages_Surp:      0

After Test
Node 0 MemTotal:       24768352 kB
Node 0 MemFree:        23731516 kB
Node 0 MemUsed:         1036836 kB
Node 0 Active:            35368 kB
Node 0 Inactive:          29960 kB
Node 0 Active(anon):      13640 kB
Node 0 Inactive(anon):      596 kB
Node 0 Active(file):      21728 kB
Node 0 Inactive(file):    29364 kB
Node 0 Unevictable:       18204 kB
Node 0 Mlocked:           18204 kB
Node 0 Dirty:                24 kB
Node 0 Writeback:             0 kB
Node 0 FilePages:         59560 kB
Node 0 Mapped:            18436 kB
Node 0 AnonPages:         24032 kB
Node 0 Shmem:               764 kB
Node 0 KernelStack:        1624 kB
Node 0 PageTables:          424 kB
Node 0 NFS_Unstable:          0 kB
Node 0 Bounce:                0 kB
Node 0 WritebackTmp:          0 kB
Node 0 KReclaimable:      19472 kB
Node 0 Slab:              51816 kB
Node 0 SReclaimable:      19472 kB
Node 0 SUnreclaim:        32344 kB
Node 0 AnonHugePages:         0 kB
Node 0 ShmemHugePages:        0 kB
Node 0 ShmemPmdMapped:        0 kB
Node 0 FileHugePages:        0 kB
Node 0 FilePmdMapped:        0 kB
Node 0 HugePages_Total:     0
Node 0 HugePages_Free:      0
Node 0 HugePages_Surp:      0

Node 1 MemTotal:       24661580 kB
Node 1 MemFree:         7278272 kB
Node 1 MemUsed:        17383308 kB
Node 1 Active:            70880 kB
Node 1 Inactive:         168992 kB
Node 1 Active(anon):      20152 kB
Node 1 Inactive(anon):      344 kB
Node 1 Active(file):      50728 kB
Node 1 Inactive(file):   168648 kB
Node 1 Unevictable:         552 kB
Node 1 Mlocked:             552 kB
Node 1 Dirty:                24 kB
Node 1 Writeback:             0 kB
Node 1 FilePages:        220432 kB
Node 1 Mapped:            20196 kB
Node 1 AnonPages:         19592 kB
Node 1 Shmem:               504 kB
Node 1 KernelStack:        2840 kB
Node 1 PageTables:          636 kB
Node 1 NFS_Unstable:          0 kB
Node 1 Bounce:                0 kB
Node 1 WritebackTmp:          0 kB
Node 1 KReclaimable:      24316 kB
Node 1 Slab:             126580 kB
Node 1 SReclaimable:      24316 kB
Node 1 SUnreclaim:       102264 kB
Node 1 AnonHugePages:         0 kB
Node 1 ShmemHugePages:        0 kB
Node 1 ShmemPmdMapped:        0 kB
Node 1 FileHugePages:        0 kB
Node 1 FilePmdMapped:        0 kB
Node 1 HugePages_Total:     0
Node 1 HugePages_Free:      0
Node 1 HugePages_Surp:      0

After Opposite Node
Node 0 MemTotal:       24768352 kB
Node 0 MemFree:        23732240 kB
Node 0 MemUsed:         1036112 kB
Node 0 Active:            35884 kB
Node 0 Inactive:          29964 kB
Node 0 Active(anon):      14088 kB
Node 0 Inactive(anon):      596 kB
Node 0 Active(file):      21796 kB
Node 0 Inactive(file):    29368 kB
Node 0 Unevictable:       18204 kB
Node 0 Mlocked:           18204 kB
Node 0 Dirty:                28 kB
Node 0 Writeback:             0 kB
Node 0 FilePages:         59568 kB
Node 0 Mapped:            18452 kB
Node 0 AnonPages:         24484 kB
Node 0 Shmem:               764 kB
Node 0 KernelStack:        1624 kB
Node 0 PageTables:          476 kB
Node 0 NFS_Unstable:          0 kB
Node 0 Bounce:                0 kB
Node 0 WritebackTmp:          0 kB
Node 0 KReclaimable:      19508 kB
Node 0 Slab:              51920 kB
Node 0 SReclaimable:      19508 kB
Node 0 SUnreclaim:        32412 kB
Node 0 AnonHugePages:         0 kB
Node 0 ShmemHugePages:        0 kB
Node 0 ShmemPmdMapped:        0 kB
Node 0 FileHugePages:        0 kB
Node 0 FilePmdMapped:        0 kB
Node 0 HugePages_Total:     0
Node 0 HugePages_Free:      0
Node 0 HugePages_Surp:      0

Node 1 MemTotal:       24661580 kB
Node 1 MemFree:         7280016 kB
Node 1 MemUsed:        17381564 kB
Node 1 Active:            70732 kB
Node 1 Inactive:         168720 kB
Node 1 Active(anon):      19712 kB
Node 1 Inactive(anon):      344 kB
Node 1 Active(file):      51020 kB
Node 1 Inactive(file):   168376 kB
Node 1 Unevictable:         552 kB
Node 1 Mlocked:             552 kB
Node 1 Dirty:                44 kB
Node 1 Writeback:             0 kB
Node 1 FilePages:        220452 kB
Node 1 Mapped:            20140 kB
Node 1 AnonPages:         19572 kB
Node 1 Shmem:               504 kB
Node 1 KernelStack:        2824 kB
Node 1 PageTables:          584 kB
Node 1 NFS_Unstable:          0 kB
Node 1 Bounce:                0 kB
Node 1 WritebackTmp:          0 kB
Node 1 KReclaimable:      24356 kB
Node 1 Slab:             126764 kB
Node 1 SReclaimable:      24356 kB
Node 1 SUnreclaim:       102408 kB
Node 1 AnonHugePages:         0 kB
Node 1 ShmemHugePages:        0 kB
Node 1 ShmemPmdMapped:        0 kB
Node 1 FileHugePages:        0 kB
Node 1 FilePmdMapped:        0 kB
Node 1 HugePages_Total:     0
Node 1 HugePages_Free:      0
Node 1 HugePages_Surp:      0

B.1.1M-simpleread.16G.3.O.1M Complete!
