kernel.numa_balancing = 0
B.1.1G-simpleread.500M.2.O.1M
Begin
Node 0 MemTotal:       24743736 kB
Node 0 MemFree:        24507200 kB
Node 0 MemUsed:          236536 kB
Node 0 Active:            51652 kB
Node 0 Inactive:          46200 kB
Node 0 Active(anon):       9704 kB
Node 0 Inactive(anon):      512 kB
Node 0 Active(file):      41948 kB
Node 0 Inactive(file):    45688 kB
Node 0 Unevictable:        5340 kB
Node 0 Mlocked:            5340 kB
Node 0 Dirty:               280 kB
Node 0 Writeback:             0 kB
Node 0 FilePages:         93672 kB
Node 0 Mapped:            21880 kB
Node 0 AnonPages:          9524 kB
Node 0 Shmem:               692 kB
Node 0 KernelStack:        2120 kB
Node 0 PageTables:          416 kB
Node 0 NFS_Unstable:          0 kB
Node 0 Bounce:                0 kB
Node 0 WritebackTmp:          0 kB
Node 0 KReclaimable:      22408 kB
Node 0 Slab:              51768 kB
Node 0 SReclaimable:      22408 kB
Node 0 SUnreclaim:        29360 kB
Node 0 AnonHugePages:         0 kB
Node 0 ShmemHugePages:        0 kB
Node 0 ShmemPmdMapped:        0 kB
Node 0 FileHugePages:        0 kB
Node 0 FilePmdMapped:        0 kB
Node 0 HugePages_Total:     0
Node 0 HugePages_Free:      0
Node 0 HugePages_Surp:      0

Node 1 MemTotal:       24686196 kB
Node 1 MemFree:        24311568 kB
Node 1 MemUsed:          374628 kB
Node 1 Active:            43408 kB
Node 1 Inactive:          42220 kB
Node 1 Active(anon):      24300 kB
Node 1 Inactive(anon):      364 kB
Node 1 Active(file):      19108 kB
Node 1 Inactive(file):    41856 kB
Node 1 Unevictable:       13184 kB
Node 1 Mlocked:           13184 kB
Node 1 Dirty:               148 kB
Node 1 Writeback:             0 kB
Node 1 FilePages:         64432 kB
Node 1 Mapped:            19336 kB
Node 1 AnonPages:         34436 kB
Node 1 Shmem:               576 kB
Node 1 KernelStack:        1512 kB
Node 1 PageTables:          708 kB
Node 1 NFS_Unstable:          0 kB
Node 1 Bounce:                0 kB
Node 1 WritebackTmp:          0 kB
Node 1 KReclaimable:      20060 kB
Node 1 Slab:              55988 kB
Node 1 SReclaimable:      20060 kB
Node 1 SUnreclaim:        35928 kB
Node 1 AnonHugePages:         0 kB
Node 1 ShmemHugePages:        0 kB
Node 1 ShmemPmdMapped:        0 kB
Node 1 FileHugePages:        0 kB
Node 1 FilePmdMapped:        0 kB
Node 1 HugePages_Total:     0
Node 1 HugePages_Free:      0
Node 1 HugePages_Surp:      0

Load ZFS
Node 0 MemTotal:       24743736 kB
Node 0 MemFree:        24486316 kB
Node 0 MemUsed:          257420 kB
Node 0 Active:            63552 kB
Node 0 Inactive:          47220 kB
Node 0 Active(anon):      20164 kB
Node 0 Inactive(anon):      436 kB
Node 0 Active(file):      43388 kB
Node 0 Inactive(file):    46784 kB
Node 0 Unevictable:        5340 kB
Node 0 Mlocked:            5340 kB
Node 0 Dirty:                28 kB
Node 0 Writeback:             0 kB
Node 0 FilePages:         96092 kB
Node 0 Mapped:            23680 kB
Node 0 AnonPages:         20216 kB
Node 0 Shmem:               584 kB
Node 0 KernelStack:        2488 kB
Node 0 PageTables:         1296 kB
Node 0 NFS_Unstable:          0 kB
Node 0 Bounce:                0 kB
Node 0 WritebackTmp:          0 kB
Node 0 KReclaimable:      23068 kB
Node 0 Slab:              56236 kB
Node 0 SReclaimable:      23068 kB
Node 0 SUnreclaim:        33168 kB
Node 0 AnonHugePages:         0 kB
Node 0 ShmemHugePages:        0 kB
Node 0 ShmemPmdMapped:        0 kB
Node 0 FileHugePages:        0 kB
Node 0 FilePmdMapped:        0 kB
Node 0 HugePages_Total:     0
Node 0 HugePages_Free:      0
Node 0 HugePages_Surp:      0

Node 1 MemTotal:       24686196 kB
Node 1 MemFree:        24189272 kB
Node 1 MemUsed:          496924 kB
Node 1 Active:            57316 kB
Node 1 Inactive:         144676 kB
Node 1 Active(anon):      37220 kB
Node 1 Inactive(anon):      508 kB
Node 1 Active(file):      20096 kB
Node 1 Inactive(file):   144168 kB
Node 1 Unevictable:       13416 kB
Node 1 Mlocked:           13416 kB
Node 1 Dirty:               460 kB
Node 1 Writeback:             0 kB
Node 1 FilePages:        167804 kB
Node 1 Mapped:            21600 kB
Node 1 AnonPages:         48044 kB
Node 1 Shmem:               684 kB
Node 1 KernelStack:        1672 kB
Node 1 PageTables:         1496 kB
Node 1 NFS_Unstable:          0 kB
Node 1 Bounce:                0 kB
Node 1 WritebackTmp:          0 kB
Node 1 KReclaimable:      20920 kB
Node 1 Slab:              58768 kB
Node 1 SReclaimable:      20920 kB
Node 1 SUnreclaim:        37848 kB
Node 1 AnonHugePages:         0 kB
Node 1 ShmemHugePages:        0 kB
Node 1 ShmemPmdMapped:        0 kB
Node 1 FileHugePages:        0 kB
Node 1 FilePmdMapped:        0 kB
Node 1 HugePages_Total:     0
Node 1 HugePages_Free:      0
Node 1 HugePages_Surp:      0

Import tank ZPool
Node 0 MemTotal:       24743736 kB
Node 0 MemFree:        24473316 kB
Node 0 MemUsed:          270420 kB
Node 0 Active:            63176 kB
Node 0 Inactive:          47220 kB
Node 0 Active(anon):      19788 kB
Node 0 Inactive(anon):      436 kB
Node 0 Active(file):      43388 kB
Node 0 Inactive(file):    46784 kB
Node 0 Unevictable:        5340 kB
Node 0 Mlocked:            5340 kB
Node 0 Dirty:                36 kB
Node 0 Writeback:             0 kB
Node 0 FilePages:         96104 kB
Node 0 Mapped:            23476 kB
Node 0 AnonPages:         19644 kB
Node 0 Shmem:               580 kB
Node 0 KernelStack:        3560 kB
Node 0 PageTables:         1212 kB
Node 0 NFS_Unstable:          0 kB
Node 0 Bounce:                0 kB
Node 0 WritebackTmp:          0 kB
Node 0 KReclaimable:      23084 kB
Node 0 Slab:              58368 kB
Node 0 SReclaimable:      23084 kB
Node 0 SUnreclaim:        35284 kB
Node 0 AnonHugePages:         0 kB
Node 0 ShmemHugePages:        0 kB
Node 0 ShmemPmdMapped:        0 kB
Node 0 FileHugePages:        0 kB
Node 0 FilePmdMapped:        0 kB
Node 0 HugePages_Total:     0
Node 0 HugePages_Free:      0
Node 0 HugePages_Surp:      0

Node 1 MemTotal:       24686196 kB
Node 1 MemFree:        24182580 kB
Node 1 MemUsed:          503616 kB
Node 1 Active:            57996 kB
Node 1 Inactive:         145864 kB
Node 1 Active(anon):      37488 kB
Node 1 Inactive(anon):      512 kB
Node 1 Active(file):      20508 kB
Node 1 Inactive(file):   145352 kB
Node 1 Unevictable:       13416 kB
Node 1 Mlocked:           13416 kB
Node 1 Dirty:               388 kB
Node 1 Writeback:             0 kB
Node 1 FilePages:        169416 kB
Node 1 Mapped:            21744 kB
Node 1 AnonPages:         47960 kB
Node 1 Shmem:               688 kB
Node 1 KernelStack:        1704 kB
Node 1 PageTables:         1572 kB
Node 1 NFS_Unstable:          0 kB
Node 1 Bounce:                0 kB
Node 1 WritebackTmp:          0 kB
Node 1 KReclaimable:      21060 kB
Node 1 Slab:              63948 kB
Node 1 SReclaimable:      21060 kB
Node 1 SUnreclaim:        42888 kB
Node 1 AnonHugePages:         0 kB
Node 1 ShmemHugePages:        0 kB
Node 1 ShmemPmdMapped:        0 kB
Node 1 FileHugePages:        0 kB
Node 1 FilePmdMapped:        0 kB
Node 1 HugePages_Total:     0
Node 1 HugePages_Free:      0
Node 1 HugePages_Surp:      0

After Test
Node 0 MemTotal:       24743736 kB
Node 0 MemFree:        24142072 kB
Node 0 MemUsed:          601664 kB
Node 0 Active:            53292 kB
Node 0 Inactive:          46828 kB
Node 0 Active(anon):       9460 kB
Node 0 Inactive(anon):      428 kB
Node 0 Active(file):      43832 kB
Node 0 Inactive(file):    46400 kB
Node 0 Unevictable:        5340 kB
Node 0 Mlocked:            5340 kB
Node 0 Dirty:                28 kB
Node 0 Writeback:             0 kB
Node 0 FilePages:         96168 kB
Node 0 Mapped:            22152 kB
Node 0 AnonPages:          9324 kB
Node 0 Shmem:               576 kB
Node 0 KernelStack:        3096 kB
Node 0 PageTables:          420 kB
Node 0 NFS_Unstable:          0 kB
Node 0 Bounce:                0 kB
Node 0 WritebackTmp:          0 kB
Node 0 KReclaimable:      23100 kB
Node 0 Slab:              59784 kB
Node 0 SReclaimable:      23100 kB
Node 0 SUnreclaim:        36684 kB
Node 0 AnonHugePages:         0 kB
Node 0 ShmemHugePages:        0 kB
Node 0 ShmemPmdMapped:        0 kB
Node 0 FileHugePages:        0 kB
Node 0 FilePmdMapped:        0 kB
Node 0 HugePages_Total:     0
Node 0 HugePages_Free:      0
Node 0 HugePages_Surp:      0

Node 1 MemTotal:       24686196 kB
Node 1 MemFree:        22501332 kB
Node 1 MemUsed:         2184864 kB
Node 1 Active:            45440 kB
Node 1 Inactive:        1121956 kB
Node 1 Active(anon):      23908 kB
Node 1 Inactive(anon):      512 kB
Node 1 Active(file):      21532 kB
Node 1 Inactive(file):  1121444 kB
Node 1 Unevictable:       13416 kB
Node 1 Mlocked:           13416 kB
Node 1 Dirty:               336 kB
Node 1 Writeback:             0 kB
Node 1 FilePages:       1146524 kB
Node 1 Mapped:            19312 kB
Node 1 AnonPages:         34388 kB
Node 1 Shmem:               692 kB
Node 1 KernelStack:        1496 kB
Node 1 PageTables:          800 kB
Node 1 NFS_Unstable:          0 kB
Node 1 Bounce:                0 kB
Node 1 WritebackTmp:          0 kB
Node 1 KReclaimable:      23308 kB
Node 1 Slab:              70808 kB
Node 1 SReclaimable:      23308 kB
Node 1 SUnreclaim:        47500 kB
Node 1 AnonHugePages:         0 kB
Node 1 ShmemHugePages:        0 kB
Node 1 ShmemPmdMapped:        0 kB
Node 1 FileHugePages:        0 kB
Node 1 FilePmdMapped:        0 kB
Node 1 HugePages_Total:     0
Node 1 HugePages_Free:      0
Node 1 HugePages_Surp:      0

After Opposite Node
Node 0 MemTotal:       24743736 kB
Node 0 MemFree:        24140620 kB
Node 0 MemUsed:          603116 kB
Node 0 Active:            57588 kB
Node 0 Inactive:          45740 kB
Node 0 Active(anon):      11888 kB
Node 0 Inactive(anon):      428 kB
Node 0 Active(file):      45700 kB
Node 0 Inactive(file):    45312 kB
Node 0 Unevictable:        5340 kB
Node 0 Mlocked:            5340 kB
Node 0 Dirty:                36 kB
Node 0 Writeback:             0 kB
Node 0 FilePages:         96928 kB
Node 0 Mapped:            22152 kB
Node 0 AnonPages:         11632 kB
Node 0 Shmem:               576 kB
Node 0 KernelStack:        3208 kB
Node 0 PageTables:          768 kB
Node 0 NFS_Unstable:          0 kB
Node 0 Bounce:                0 kB
Node 0 WritebackTmp:          0 kB
Node 0 KReclaimable:      23256 kB
Node 0 Slab:              60404 kB
Node 0 SReclaimable:      23256 kB
Node 0 SUnreclaim:        37148 kB
Node 0 AnonHugePages:         0 kB
Node 0 ShmemHugePages:        0 kB
Node 0 ShmemPmdMapped:        0 kB
Node 0 FileHugePages:        0 kB
Node 0 FilePmdMapped:        0 kB
Node 0 HugePages_Total:     0
Node 0 HugePages_Free:      0
Node 0 HugePages_Surp:      0

Node 1 MemTotal:       24686196 kB
Node 1 MemFree:        22492060 kB
Node 1 MemUsed:         2194136 kB
Node 1 Active:            47400 kB
Node 1 Inactive:        1127500 kB
Node 1 Active(anon):      24828 kB
Node 1 Inactive(anon):      512 kB
Node 1 Active(file):      22572 kB
Node 1 Inactive(file):  1126988 kB
Node 1 Unevictable:       13416 kB
Node 1 Mlocked:           13416 kB
Node 1 Dirty:              1480 kB
Node 1 Writeback:             0 kB
Node 1 FilePages:       1153108 kB
Node 1 Mapped:            19340 kB
Node 1 AnonPages:         35208 kB
Node 1 Shmem:               692 kB
Node 1 KernelStack:        1496 kB
Node 1 PageTables:          600 kB
Node 1 NFS_Unstable:          0 kB
Node 1 Bounce:                0 kB
Node 1 WritebackTmp:          0 kB
Node 1 KReclaimable:      23884 kB
Node 1 Slab:              72848 kB
Node 1 SReclaimable:      23884 kB
Node 1 SUnreclaim:        48964 kB
Node 1 AnonHugePages:         0 kB
Node 1 ShmemHugePages:        0 kB
Node 1 ShmemPmdMapped:        0 kB
Node 1 FileHugePages:        0 kB
Node 1 FilePmdMapped:        0 kB
Node 1 HugePages_Total:     0
Node 1 HugePages_Free:      0
Node 1 HugePages_Surp:      0

B.1.1G-simpleread.500M.2.O.1M Complete!
