kernel.numa_balancing = 0
B.1.4M-simpleread.8G.2.O.1M
Begin
Node 0 MemTotal:       24768352 kB
Node 0 MemFree:        24354592 kB
Node 0 MemUsed:          413760 kB
Node 0 Active:            65516 kB
Node 0 Inactive:          71596 kB
Node 0 Active(anon):      22436 kB
Node 0 Inactive(anon):      536 kB
Node 0 Active(file):      43080 kB
Node 0 Inactive(file):    71060 kB
Node 0 Unevictable:        4944 kB
Node 0 Mlocked:            4944 kB
Node 0 Dirty:                36 kB
Node 0 Writeback:             0 kB
Node 0 FilePages:        119936 kB
Node 0 Mapped:            35512 kB
Node 0 AnonPages:         22340 kB
Node 0 Shmem:               700 kB
Node 0 KernelStack:        2376 kB
Node 0 PageTables:          620 kB
Node 0 NFS_Unstable:          0 kB
Node 0 Bounce:                0 kB
Node 0 WritebackTmp:          0 kB
Node 0 KReclaimable:      21340 kB
Node 0 Slab:              54216 kB
Node 0 SReclaimable:      21340 kB
Node 0 SUnreclaim:        32876 kB
Node 0 AnonHugePages:         0 kB
Node 0 ShmemHugePages:        0 kB
Node 0 ShmemPmdMapped:        0 kB
Node 0 FileHugePages:        0 kB
Node 0 FilePmdMapped:        0 kB
Node 0 HugePages_Total:     0
Node 0 HugePages_Free:      0
Node 0 HugePages_Surp:      0

Node 1 MemTotal:       24661580 kB
Node 1 MemFree:        24426964 kB
Node 1 MemUsed:          234616 kB
Node 1 Active:            31312 kB
Node 1 Inactive:          56004 kB
Node 1 Active(anon):      11104 kB
Node 1 Inactive(anon):      332 kB
Node 1 Active(file):      20208 kB
Node 1 Inactive(file):    55672 kB
Node 1 Unevictable:       13576 kB
Node 1 Mlocked:           13576 kB
Node 1 Dirty:                68 kB
Node 1 Writeback:             0 kB
Node 1 FilePages:         79700 kB
Node 1 Mapped:            38312 kB
Node 1 AnonPages:         21224 kB
Node 1 Shmem:               568 kB
Node 1 KernelStack:        1256 kB
Node 1 PageTables:          572 kB
Node 1 NFS_Unstable:          0 kB
Node 1 Bounce:                0 kB
Node 1 WritebackTmp:          0 kB
Node 1 KReclaimable:      20204 kB
Node 1 Slab:              51912 kB
Node 1 SReclaimable:      20204 kB
Node 1 SUnreclaim:        31708 kB
Node 1 AnonHugePages:         0 kB
Node 1 ShmemHugePages:        0 kB
Node 1 ShmemPmdMapped:        0 kB
Node 1 FileHugePages:        0 kB
Node 1 FilePmdMapped:        0 kB
Node 1 HugePages_Total:     0
Node 1 HugePages_Free:      0
Node 1 HugePages_Surp:      0

Load ZFS
Node 0 MemTotal:       24768352 kB
Node 0 MemFree:        24236312 kB
Node 0 MemUsed:          532040 kB
Node 0 Active:            74308 kB
Node 0 Inactive:         173484 kB
Node 0 Active(anon):      29964 kB
Node 0 Inactive(anon):      360 kB
Node 0 Active(file):      44344 kB
Node 0 Inactive(file):   173124 kB
Node 0 Unevictable:        4944 kB
Node 0 Mlocked:            4944 kB
Node 0 Dirty:               212 kB
Node 0 Writeback:             0 kB
Node 0 FilePages:        222896 kB
Node 0 Mapped:            37204 kB
Node 0 AnonPages:         29436 kB
Node 0 Shmem:               488 kB
Node 0 KernelStack:        2424 kB
Node 0 PageTables:          884 kB
Node 0 NFS_Unstable:          0 kB
Node 0 Bounce:                0 kB
Node 0 WritebackTmp:          0 kB
Node 0 KReclaimable:      22280 kB
Node 0 Slab:              58824 kB
Node 0 SReclaimable:      22280 kB
Node 0 SUnreclaim:        36544 kB
Node 0 AnonHugePages:         0 kB
Node 0 ShmemHugePages:        0 kB
Node 0 ShmemPmdMapped:        0 kB
Node 0 FileHugePages:        0 kB
Node 0 FilePmdMapped:        0 kB
Node 0 HugePages_Total:     0
Node 0 HugePages_Free:      0
Node 0 HugePages_Surp:      0

Node 1 MemTotal:       24661580 kB
Node 1 MemFree:        24399860 kB
Node 1 MemUsed:          261720 kB
Node 1 Active:            49352 kB
Node 1 Inactive:          57568 kB
Node 1 Active(anon):      27964 kB
Node 1 Inactive(anon):      584 kB
Node 1 Active(file):      21388 kB
Node 1 Inactive(file):    56984 kB
Node 1 Unevictable:       13776 kB
Node 1 Mlocked:           13776 kB
Node 1 Dirty:               344 kB
Node 1 Writeback:             0 kB
Node 1 FilePages:         82404 kB
Node 1 Mapped:            40656 kB
Node 1 AnonPages:         37876 kB
Node 1 Shmem:               780 kB
Node 1 KernelStack:        1764 kB
Node 1 PageTables:         1860 kB
Node 1 NFS_Unstable:          0 kB
Node 1 Bounce:                0 kB
Node 1 WritebackTmp:          0 kB
Node 1 KReclaimable:      20848 kB
Node 1 Slab:              54748 kB
Node 1 SReclaimable:      20848 kB
Node 1 SUnreclaim:        33900 kB
Node 1 AnonHugePages:         0 kB
Node 1 ShmemHugePages:        0 kB
Node 1 ShmemPmdMapped:        0 kB
Node 1 FileHugePages:        0 kB
Node 1 FilePmdMapped:        0 kB
Node 1 HugePages_Total:     0
Node 1 HugePages_Free:      0
Node 1 HugePages_Surp:      0

Import tank ZPool
Node 0 MemTotal:       24768352 kB
Node 0 MemFree:        24224216 kB
Node 0 MemUsed:          544136 kB
Node 0 Active:            69044 kB
Node 0 Inactive:         174308 kB
Node 0 Active(anon):      23828 kB
Node 0 Inactive(anon):      360 kB
Node 0 Active(file):      45216 kB
Node 0 Inactive(file):   173948 kB
Node 0 Unevictable:        4944 kB
Node 0 Mlocked:            4944 kB
Node 0 Dirty:               236 kB
Node 0 Writeback:             0 kB
Node 0 FilePages:        224608 kB
Node 0 Mapped:            35976 kB
Node 0 AnonPages:         23200 kB
Node 0 Shmem:               484 kB
Node 0 KernelStack:        3496 kB
Node 0 PageTables:          828 kB
Node 0 NFS_Unstable:          0 kB
Node 0 Bounce:                0 kB
Node 0 WritebackTmp:          0 kB
Node 0 KReclaimable:      22416 kB
Node 0 Slab:              65348 kB
Node 0 SReclaimable:      22416 kB
Node 0 SUnreclaim:        42932 kB
Node 0 AnonHugePages:         0 kB
Node 0 ShmemHugePages:        0 kB
Node 0 ShmemPmdMapped:        0 kB
Node 0 FileHugePages:        0 kB
Node 0 FilePmdMapped:        0 kB
Node 0 HugePages_Total:     0
Node 0 HugePages_Free:      0
Node 0 HugePages_Surp:      0

Node 1 MemTotal:       24661580 kB
Node 1 MemFree:        24418424 kB
Node 1 MemUsed:          243156 kB
Node 1 Active:            32524 kB
Node 1 Inactive:          57212 kB
Node 1 Active(anon):      10776 kB
Node 1 Inactive(anon):      588 kB
Node 1 Active(file):      21748 kB
Node 1 Inactive(file):    56624 kB
Node 1 Unevictable:       13808 kB
Node 1 Mlocked:           13808 kB
Node 1 Dirty:               384 kB
Node 1 Writeback:             0 kB
Node 1 FilePages:         82424 kB
Node 1 Mapped:            38596 kB
Node 1 AnonPages:         21460 kB
Node 1 Shmem:               784 kB
Node 1 KernelStack:        1448 kB
Node 1 PageTables:         1116 kB
Node 1 NFS_Unstable:          0 kB
Node 1 Bounce:                0 kB
Node 1 WritebackTmp:          0 kB
Node 1 KReclaimable:      20848 kB
Node 1 Slab:              54700 kB
Node 1 SReclaimable:      20848 kB
Node 1 SUnreclaim:        33852 kB
Node 1 AnonHugePages:         0 kB
Node 1 ShmemHugePages:        0 kB
Node 1 ShmemPmdMapped:        0 kB
Node 1 FileHugePages:        0 kB
Node 1 FilePmdMapped:        0 kB
Node 1 HugePages_Total:     0
Node 1 HugePages_Free:      0
Node 1 HugePages_Surp:      0

After Test
Node 0 MemTotal:       24768352 kB
Node 0 MemFree:        23531324 kB
Node 0 MemUsed:         1237028 kB
Node 0 Active:            68080 kB
Node 0 Inactive:         174200 kB
Node 0 Active(anon):      22712 kB
Node 0 Inactive(anon):      352 kB
Node 0 Active(file):      45368 kB
Node 0 Inactive(file):   173848 kB
Node 0 Unevictable:        4944 kB
Node 0 Mlocked:            4944 kB
Node 0 Dirty:                40 kB
Node 0 Writeback:             0 kB
Node 0 FilePages:        224640 kB
Node 0 Mapped:            35540 kB
Node 0 AnonPages:         22612 kB
Node 0 Shmem:               484 kB
Node 0 KernelStack:        3416 kB
Node 0 PageTables:          640 kB
Node 0 NFS_Unstable:          0 kB
Node 0 Bounce:                0 kB
Node 0 WritebackTmp:          0 kB
Node 0 KReclaimable:      22472 kB
Node 0 Slab:              67468 kB
Node 0 SReclaimable:      22472 kB
Node 0 SUnreclaim:        44996 kB
Node 0 AnonHugePages:         0 kB
Node 0 ShmemHugePages:        0 kB
Node 0 ShmemPmdMapped:        0 kB
Node 0 FileHugePages:        0 kB
Node 0 FilePmdMapped:        0 kB
Node 0 HugePages_Total:     0
Node 0 HugePages_Free:      0
Node 0 HugePages_Surp:      0

Node 1 MemTotal:       24661580 kB
Node 1 MemFree:        15862908 kB
Node 1 MemUsed:         8798672 kB
Node 1 Active:            33184 kB
Node 1 Inactive:          61000 kB
Node 1 Active(anon):      10756 kB
Node 1 Inactive(anon):      588 kB
Node 1 Active(file):      22428 kB
Node 1 Inactive(file):    60412 kB
Node 1 Unevictable:       13808 kB
Node 1 Mlocked:           13808 kB
Node 1 Dirty:                 8 kB
Node 1 Writeback:             0 kB
Node 1 FilePages:         86884 kB
Node 1 Mapped:            38428 kB
Node 1 AnonPages:         21092 kB
Node 1 Shmem:               784 kB
Node 1 KernelStack:        1224 kB
Node 1 PageTables:          556 kB
Node 1 NFS_Unstable:          0 kB
Node 1 Bounce:                0 kB
Node 1 WritebackTmp:          0 kB
Node 1 KReclaimable:      20948 kB
Node 1 Slab:              85776 kB
Node 1 SReclaimable:      20948 kB
Node 1 SUnreclaim:        64828 kB
Node 1 AnonHugePages:         0 kB
Node 1 ShmemHugePages:        0 kB
Node 1 ShmemPmdMapped:        0 kB
Node 1 FileHugePages:        0 kB
Node 1 FilePmdMapped:        0 kB
Node 1 HugePages_Total:     0
Node 1 HugePages_Free:      0
Node 1 HugePages_Surp:      0

After Opposite Node
Node 0 MemTotal:       24768352 kB
Node 0 MemFree:        23532188 kB
Node 0 MemUsed:         1236164 kB
Node 0 Active:            68608 kB
Node 0 Inactive:         174188 kB
Node 0 Active(anon):      23200 kB
Node 0 Inactive(anon):      352 kB
Node 0 Active(file):      45408 kB
Node 0 Inactive(file):   173836 kB
Node 0 Unevictable:        4944 kB
Node 0 Mlocked:            4944 kB
Node 0 Dirty:                64 kB
Node 0 Writeback:             0 kB
Node 0 FilePages:        224668 kB
Node 0 Mapped:            35536 kB
Node 0 AnonPages:         22940 kB
Node 0 Shmem:               484 kB
Node 0 KernelStack:        3432 kB
Node 0 PageTables:          704 kB
Node 0 NFS_Unstable:          0 kB
Node 0 Bounce:                0 kB
Node 0 WritebackTmp:          0 kB
Node 0 KReclaimable:      22504 kB
Node 0 Slab:              67588 kB
Node 0 SReclaimable:      22504 kB
Node 0 SUnreclaim:        45084 kB
Node 0 AnonHugePages:         0 kB
Node 0 ShmemHugePages:        0 kB
Node 0 ShmemPmdMapped:        0 kB
Node 0 FileHugePages:        0 kB
Node 0 FilePmdMapped:        0 kB
Node 0 HugePages_Total:     0
Node 0 HugePages_Free:      0
Node 0 HugePages_Surp:      0

Node 1 MemTotal:       24661580 kB
Node 1 MemFree:        15862428 kB
Node 1 MemUsed:         8799152 kB
Node 1 Active:            33084 kB
Node 1 Inactive:          60736 kB
Node 1 Active(anon):      10380 kB
Node 1 Inactive(anon):      588 kB
Node 1 Active(file):      22704 kB
Node 1 Inactive(file):    60148 kB
Node 1 Unevictable:       13808 kB
Node 1 Mlocked:           13808 kB
Node 1 Dirty:                12 kB
Node 1 Writeback:             0 kB
Node 1 FilePages:         86896 kB
Node 1 Mapped:            38648 kB
Node 1 AnonPages:         20760 kB
Node 1 Shmem:               784 kB
Node 1 KernelStack:        1208 kB
Node 1 PageTables:          504 kB
Node 1 NFS_Unstable:          0 kB
Node 1 Bounce:                0 kB
Node 1 WritebackTmp:          0 kB
Node 1 KReclaimable:      20948 kB
Node 1 Slab:              85828 kB
Node 1 SReclaimable:      20948 kB
Node 1 SUnreclaim:        64880 kB
Node 1 AnonHugePages:         0 kB
Node 1 ShmemHugePages:        0 kB
Node 1 ShmemPmdMapped:        0 kB
Node 1 FileHugePages:        0 kB
Node 1 FilePmdMapped:        0 kB
Node 1 HugePages_Total:     0
Node 1 HugePages_Free:      0
Node 1 HugePages_Surp:      0

B.1.4M-simpleread.8G.2.O.1M Complete!
