kernel.numa_balancing = 0
B.1.2M-simpleread.500M.1.O.1M
Begin
Node 0 MemTotal:       24768352 kB
Node 0 MemFree:        24516564 kB
Node 0 MemUsed:          251788 kB
Node 0 Active:            47868 kB
Node 0 Inactive:          47232 kB
Node 0 Active(anon):      21068 kB
Node 0 Inactive(anon):      492 kB
Node 0 Active(file):      26800 kB
Node 0 Inactive(file):    46740 kB
Node 0 Unevictable:       17308 kB
Node 0 Mlocked:           17308 kB
Node 0 Dirty:               304 kB
Node 0 Writeback:             0 kB
Node 0 FilePages:         81204 kB
Node 0 Mapped:            46104 kB
Node 0 AnonPages:         31316 kB
Node 0 Shmem:               644 kB
Node 0 KernelStack:        1896 kB
Node 0 PageTables:          744 kB
Node 0 NFS_Unstable:          0 kB
Node 0 Bounce:                0 kB
Node 0 WritebackTmp:          0 kB
Node 0 KReclaimable:      23480 kB
Node 0 Slab:              52852 kB
Node 0 SReclaimable:      23480 kB
Node 0 SUnreclaim:        29372 kB
Node 0 AnonHugePages:         0 kB
Node 0 ShmemHugePages:        0 kB
Node 0 ShmemPmdMapped:        0 kB
Node 0 FileHugePages:        0 kB
Node 0 FilePmdMapped:        0 kB
Node 0 HugePages_Total:     0
Node 0 HugePages_Free:      0
Node 0 HugePages_Surp:      0

Node 1 MemTotal:       24661580 kB
Node 1 MemFree:        24281272 kB
Node 1 MemUsed:          380308 kB
Node 1 Active:            48732 kB
Node 1 Inactive:          63068 kB
Node 1 Active(anon):      13276 kB
Node 1 Inactive(anon):      364 kB
Node 1 Active(file):      35456 kB
Node 1 Inactive(file):    62704 kB
Node 1 Unevictable:        1216 kB
Node 1 Mlocked:            1216 kB
Node 1 Dirty:               124 kB
Node 1 Writeback:             0 kB
Node 1 FilePages:        100020 kB
Node 1 Mapped:            13548 kB
Node 1 AnonPages:         13068 kB
Node 1 Shmem:               624 kB
Node 1 KernelStack:        1720 kB
Node 1 PageTables:          460 kB
Node 1 NFS_Unstable:          0 kB
Node 1 Bounce:                0 kB
Node 1 WritebackTmp:          0 kB
Node 1 KReclaimable:      18636 kB
Node 1 Slab:              52456 kB
Node 1 SReclaimable:      18636 kB
Node 1 SUnreclaim:        33820 kB
Node 1 AnonHugePages:         0 kB
Node 1 ShmemHugePages:        0 kB
Node 1 ShmemPmdMapped:        0 kB
Node 1 FileHugePages:        0 kB
Node 1 FilePmdMapped:        0 kB
Node 1 HugePages_Total:     0
Node 1 HugePages_Free:      0
Node 1 HugePages_Surp:      0

Load ZFS
Node 0 MemTotal:       24768352 kB
Node 0 MemFree:        24284472 kB
Node 0 MemUsed:          483880 kB
Node 0 Active:            61112 kB
Node 0 Inactive:         123056 kB
Node 0 Active(anon):      32516 kB
Node 0 Inactive(anon):      424 kB
Node 0 Active(file):      28596 kB
Node 0 Inactive(file):   122632 kB
Node 0 Unevictable:       17508 kB
Node 0 Mlocked:           17508 kB
Node 0 Dirty:               428 kB
Node 0 Writeback:             0 kB
Node 0 FilePages:        159388 kB
Node 0 Mapped:            49472 kB
Node 0 AnonPages:         42748 kB
Node 0 Shmem:               576 kB
Node 0 KernelStack:        2340 kB
Node 0 PageTables:         2240 kB
Node 0 NFS_Unstable:          0 kB
Node 0 Bounce:                0 kB
Node 0 WritebackTmp:          0 kB
Node 0 KReclaimable:      24304 kB
Node 0 Slab:              57504 kB
Node 0 SReclaimable:      24304 kB
Node 0 SUnreclaim:        33200 kB
Node 0 AnonHugePages:         0 kB
Node 0 ShmemHugePages:        0 kB
Node 0 ShmemPmdMapped:        0 kB
Node 0 FileHugePages:        0 kB
Node 0 FilePmdMapped:        0 kB
Node 0 HugePages_Total:     0
Node 0 HugePages_Free:      0
Node 0 HugePages_Surp:      0

Node 1 MemTotal:       24661580 kB
Node 1 MemFree:        24370044 kB
Node 1 MemUsed:          291536 kB
Node 1 Active:            63336 kB
Node 1 Inactive:          90812 kB
Node 1 Active(anon):      27364 kB
Node 1 Inactive(anon):      508 kB
Node 1 Active(file):      35972 kB
Node 1 Inactive(file):    90304 kB
Node 1 Unevictable:        1216 kB
Node 1 Mlocked:            1216 kB
Node 1 Dirty:               140 kB
Node 1 Writeback:             0 kB
Node 1 FilePages:        128184 kB
Node 1 Mapped:            15200 kB
Node 1 AnonPages:         27648 kB
Node 1 Shmem:               692 kB
Node 1 KernelStack:        2056 kB
Node 1 PageTables:         1432 kB
Node 1 NFS_Unstable:          0 kB
Node 1 Bounce:                0 kB
Node 1 WritebackTmp:          0 kB
Node 1 KReclaimable:      19168 kB
Node 1 Slab:              54500 kB
Node 1 SReclaimable:      19168 kB
Node 1 SUnreclaim:        35332 kB
Node 1 AnonHugePages:         0 kB
Node 1 ShmemHugePages:        0 kB
Node 1 ShmemPmdMapped:        0 kB
Node 1 FileHugePages:        0 kB
Node 1 FilePmdMapped:        0 kB
Node 1 HugePages_Total:     0
Node 1 HugePages_Free:      0
Node 1 HugePages_Surp:      0

Import tank ZPool
Node 0 MemTotal:       24768352 kB
Node 0 MemFree:        24290784 kB
Node 0 MemUsed:          477568 kB
Node 0 Active:            49200 kB
Node 0 Inactive:         123820 kB
Node 0 Active(anon):      19608 kB
Node 0 Inactive(anon):      440 kB
Node 0 Active(file):      29592 kB
Node 0 Inactive(file):   123380 kB
Node 0 Unevictable:       17540 kB
Node 0 Mlocked:           17540 kB
Node 0 Dirty:                84 kB
Node 0 Writeback:             0 kB
Node 0 FilePages:        160540 kB
Node 0 Mapped:            46468 kB
Node 0 AnonPages:         30100 kB
Node 0 Shmem:               576 kB
Node 0 KernelStack:        1912 kB
Node 0 PageTables:          744 kB
Node 0 NFS_Unstable:          0 kB
Node 0 Bounce:                0 kB
Node 0 WritebackTmp:          0 kB
Node 0 KReclaimable:      24416 kB
Node 0 Slab:              62496 kB
Node 0 SReclaimable:      24416 kB
Node 0 SUnreclaim:        38080 kB
Node 0 AnonHugePages:         0 kB
Node 0 ShmemHugePages:        0 kB
Node 0 ShmemPmdMapped:        0 kB
Node 0 FileHugePages:        0 kB
Node 0 FilePmdMapped:        0 kB
Node 0 HugePages_Total:     0
Node 0 HugePages_Free:      0
Node 0 HugePages_Surp:      0

Node 1 MemTotal:       24661580 kB
Node 1 MemFree:        24368068 kB
Node 1 MemUsed:          293512 kB
Node 1 Active:            50304 kB
Node 1 Inactive:          90696 kB
Node 1 Active(anon):      14188 kB
Node 1 Inactive(anon):      508 kB
Node 1 Active(file):      36116 kB
Node 1 Inactive(file):    90188 kB
Node 1 Unevictable:        1216 kB
Node 1 Mlocked:            1216 kB
Node 1 Dirty:                12 kB
Node 1 Writeback:             0 kB
Node 1 FilePages:        128228 kB
Node 1 Mapped:            13592 kB
Node 1 AnonPages:         14004 kB
Node 1 Shmem:               692 kB
Node 1 KernelStack:        2840 kB
Node 1 PageTables:          456 kB
Node 1 NFS_Unstable:          0 kB
Node 1 Bounce:                0 kB
Node 1 WritebackTmp:          0 kB
Node 1 KReclaimable:      19168 kB
Node 1 Slab:              56632 kB
Node 1 SReclaimable:      19168 kB
Node 1 SUnreclaim:        37464 kB
Node 1 AnonHugePages:         0 kB
Node 1 ShmemHugePages:        0 kB
Node 1 ShmemPmdMapped:        0 kB
Node 1 FileHugePages:        0 kB
Node 1 FilePmdMapped:        0 kB
Node 1 HugePages_Total:     0
Node 1 HugePages_Free:      0
Node 1 HugePages_Surp:      0

After Test
Node 0 MemTotal:       24768352 kB
Node 0 MemFree:        23885944 kB
Node 0 MemUsed:          882408 kB
Node 0 Active:            49240 kB
Node 0 Inactive:         123488 kB
Node 0 Active(anon):      19268 kB
Node 0 Inactive(anon):      440 kB
Node 0 Active(file):      29972 kB
Node 0 Inactive(file):   123048 kB
Node 0 Unevictable:       17540 kB
Node 0 Mlocked:           17540 kB
Node 0 Dirty:                12 kB
Node 0 Writeback:             0 kB
Node 0 FilePages:        160572 kB
Node 0 Mapped:            46536 kB
Node 0 AnonPages:         29704 kB
Node 0 Shmem:               576 kB
Node 0 KernelStack:        1864 kB
Node 0 PageTables:          632 kB
Node 0 NFS_Unstable:          0 kB
Node 0 Bounce:                0 kB
Node 0 WritebackTmp:          0 kB
Node 0 KReclaimable:      24456 kB
Node 0 Slab:              63548 kB
Node 0 SReclaimable:      24456 kB
Node 0 SUnreclaim:        39092 kB
Node 0 AnonHugePages:         0 kB
Node 0 ShmemHugePages:        0 kB
Node 0 ShmemPmdMapped:        0 kB
Node 0 FileHugePages:        0 kB
Node 0 FilePmdMapped:        0 kB
Node 0 HugePages_Total:     0
Node 0 HugePages_Free:      0
Node 0 HugePages_Surp:      0

Node 1 MemTotal:       24661580 kB
Node 1 MemFree:        23712444 kB
Node 1 MemUsed:          949136 kB
Node 1 Active:            50716 kB
Node 1 Inactive:          92668 kB
Node 1 Active(anon):      14168 kB
Node 1 Inactive(anon):      508 kB
Node 1 Active(file):      36548 kB
Node 1 Inactive(file):    92160 kB
Node 1 Unevictable:        1216 kB
Node 1 Mlocked:            1216 kB
Node 1 Dirty:                20 kB
Node 1 Writeback:             0 kB
Node 1 FilePages:        130624 kB
Node 1 Mapped:            13556 kB
Node 1 AnonPages:         13800 kB
Node 1 Shmem:               692 kB
Node 1 KernelStack:        2904 kB
Node 1 PageTables:          516 kB
Node 1 NFS_Unstable:          0 kB
Node 1 Bounce:                0 kB
Node 1 WritebackTmp:          0 kB
Node 1 KReclaimable:      19264 kB
Node 1 Slab:              61660 kB
Node 1 SReclaimable:      19264 kB
Node 1 SUnreclaim:        42396 kB
Node 1 AnonHugePages:         0 kB
Node 1 ShmemHugePages:        0 kB
Node 1 ShmemPmdMapped:        0 kB
Node 1 FileHugePages:        0 kB
Node 1 FilePmdMapped:        0 kB
Node 1 HugePages_Total:     0
Node 1 HugePages_Free:      0
Node 1 HugePages_Surp:      0

After Opposite Node
Node 0 MemTotal:       24768352 kB
Node 0 MemFree:        23885696 kB
Node 0 MemUsed:          882656 kB
Node 0 Active:            49912 kB
Node 0 Inactive:         123244 kB
Node 0 Active(anon):      19676 kB
Node 0 Inactive(anon):      436 kB
Node 0 Active(file):      30236 kB
Node 0 Inactive(file):   122808 kB
Node 0 Unevictable:       17540 kB
Node 0 Mlocked:           17540 kB
Node 0 Dirty:                28 kB
Node 0 Writeback:             0 kB
Node 0 FilePages:        160596 kB
Node 0 Mapped:            46312 kB
Node 0 AnonPages:         29840 kB
Node 0 Shmem:               576 kB
Node 0 KernelStack:        1896 kB
Node 0 PageTables:          732 kB
Node 0 NFS_Unstable:          0 kB
Node 0 Bounce:                0 kB
Node 0 WritebackTmp:          0 kB
Node 0 KReclaimable:      24460 kB
Node 0 Slab:              63644 kB
Node 0 SReclaimable:      24460 kB
Node 0 SUnreclaim:        39184 kB
Node 0 AnonHugePages:         0 kB
Node 0 ShmemHugePages:        0 kB
Node 0 ShmemPmdMapped:        0 kB
Node 0 FileHugePages:        0 kB
Node 0 FilePmdMapped:        0 kB
Node 0 HugePages_Total:     0
Node 0 HugePages_Free:      0
Node 0 HugePages_Surp:      0

Node 1 MemTotal:       24661580 kB
Node 1 MemFree:        23712928 kB
Node 1 MemUsed:          948652 kB
Node 1 Active:            50460 kB
Node 1 Inactive:          92668 kB
Node 1 Active(anon):      13900 kB
Node 1 Inactive(anon):      504 kB
Node 1 Active(file):      36560 kB
Node 1 Inactive(file):    92164 kB
Node 1 Unevictable:        1216 kB
Node 1 Mlocked:            1216 kB
Node 1 Dirty:                28 kB
Node 1 Writeback:             0 kB
Node 1 FilePages:        130632 kB
Node 1 Mapped:            13548 kB
Node 1 AnonPages:         13712 kB
Node 1 Shmem:               692 kB
Node 1 KernelStack:        2856 kB
Node 1 PageTables:          456 kB
Node 1 NFS_Unstable:          0 kB
Node 1 Bounce:                0 kB
Node 1 WritebackTmp:          0 kB
Node 1 KReclaimable:      19264 kB
Node 1 Slab:              61724 kB
Node 1 SReclaimable:      19264 kB
Node 1 SUnreclaim:        42460 kB
Node 1 AnonHugePages:         0 kB
Node 1 ShmemHugePages:        0 kB
Node 1 ShmemPmdMapped:        0 kB
Node 1 FileHugePages:        0 kB
Node 1 FilePmdMapped:        0 kB
Node 1 HugePages_Total:     0
Node 1 HugePages_Free:      0
Node 1 HugePages_Surp:      0

B.1.2M-simpleread.500M.1.O.1M Complete!
