kernel.numa_balancing = 0
B.1.2M-simpleread.16G.1.O.1M
Begin
Node 0 MemTotal:       24768352 kB
Node 0 MemFree:        24490240 kB
Node 0 MemUsed:          278112 kB
Node 0 Active:            59352 kB
Node 0 Inactive:          58588 kB
Node 0 Active(anon):      15828 kB
Node 0 Inactive(anon):      412 kB
Node 0 Active(file):      43524 kB
Node 0 Inactive(file):    58176 kB
Node 0 Unevictable:        5316 kB
Node 0 Mlocked:            5316 kB
Node 0 Dirty:               136 kB
Node 0 Writeback:             0 kB
Node 0 FilePages:        107784 kB
Node 0 Mapped:            24288 kB
Node 0 AnonPages:         15652 kB
Node 0 Shmem:               604 kB
Node 0 KernelStack:        2296 kB
Node 0 PageTables:          432 kB
Node 0 NFS_Unstable:          0 kB
Node 0 Bounce:                0 kB
Node 0 WritebackTmp:          0 kB
Node 0 KReclaimable:      23704 kB
Node 0 Slab:              61412 kB
Node 0 SReclaimable:      23704 kB
Node 0 SUnreclaim:        37708 kB
Node 0 AnonHugePages:         0 kB
Node 0 ShmemHugePages:        0 kB
Node 0 ShmemPmdMapped:        0 kB
Node 0 FileHugePages:        0 kB
Node 0 FilePmdMapped:        0 kB
Node 0 HugePages_Total:     0
Node 0 HugePages_Free:      0
Node 0 HugePages_Surp:      0

Node 1 MemTotal:       24661580 kB
Node 1 MemFree:        24306016 kB
Node 1 MemUsed:          355564 kB
Node 1 Active:            37516 kB
Node 1 Inactive:          49340 kB
Node 1 Active(anon):      18184 kB
Node 1 Inactive(anon):      476 kB
Node 1 Active(file):      19332 kB
Node 1 Inactive(file):    48864 kB
Node 1 Unevictable:       13204 kB
Node 1 Mlocked:           13204 kB
Node 1 Dirty:               300 kB
Node 1 Writeback:             0 kB
Node 1 FilePages:         71740 kB
Node 1 Mapped:            34600 kB
Node 1 AnonPages:         28328 kB
Node 1 Shmem:               664 kB
Node 1 KernelStack:        1304 kB
Node 1 PageTables:          648 kB
Node 1 NFS_Unstable:          0 kB
Node 1 Bounce:                0 kB
Node 1 WritebackTmp:          0 kB
Node 1 KReclaimable:      17568 kB
Node 1 Slab:              44644 kB
Node 1 SReclaimable:      17568 kB
Node 1 SUnreclaim:        27076 kB
Node 1 AnonHugePages:         0 kB
Node 1 ShmemHugePages:        0 kB
Node 1 ShmemPmdMapped:        0 kB
Node 1 FileHugePages:        0 kB
Node 1 FilePmdMapped:        0 kB
Node 1 HugePages_Total:     0
Node 1 HugePages_Free:      0
Node 1 HugePages_Surp:      0

Load ZFS
Node 0 MemTotal:       24768352 kB
Node 0 MemFree:        24253856 kB
Node 0 MemUsed:          514496 kB
Node 0 Active:            74328 kB
Node 0 Inactive:         141440 kB
Node 0 Active(anon):      29512 kB
Node 0 Inactive(anon):      184 kB
Node 0 Active(file):      44816 kB
Node 0 Inactive(file):   141256 kB
Node 0 Unevictable:        5316 kB
Node 0 Mlocked:            5316 kB
Node 0 Dirty:               148 kB
Node 0 Writeback:             0 kB
Node 0 FilePages:        191988 kB
Node 0 Mapped:            27680 kB
Node 0 AnonPages:         29452 kB
Node 0 Shmem:               432 kB
Node 0 KernelStack:        2696 kB
Node 0 PageTables:         1760 kB
Node 0 NFS_Unstable:          0 kB
Node 0 Bounce:                0 kB
Node 0 WritebackTmp:          0 kB
Node 0 KReclaimable:      24512 kB
Node 0 Slab:              65756 kB
Node 0 SReclaimable:      24512 kB
Node 0 SUnreclaim:        41244 kB
Node 0 AnonHugePages:         0 kB
Node 0 ShmemHugePages:        0 kB
Node 0 ShmemPmdMapped:        0 kB
Node 0 FileHugePages:        0 kB
Node 0 FilePmdMapped:        0 kB
Node 0 HugePages_Total:     0
Node 0 HugePages_Free:      0
Node 0 HugePages_Surp:      0

Node 1 MemTotal:       24661580 kB
Node 1 MemFree:        24398212 kB
Node 1 MemUsed:          263368 kB
Node 1 Active:            51064 kB
Node 1 Inactive:          69532 kB
Node 1 Active(anon):      30388 kB
Node 1 Inactive(anon):      544 kB
Node 1 Active(file):      20676 kB
Node 1 Inactive(file):    68988 kB
Node 1 Unevictable:       13404 kB
Node 1 Mlocked:           13404 kB
Node 1 Dirty:               436 kB
Node 1 Writeback:             0 kB
Node 1 FilePages:         93376 kB
Node 1 Mapped:            36100 kB
Node 1 AnonPages:         40372 kB
Node 1 Shmem:               836 kB
Node 1 KernelStack:        1460 kB
Node 1 PageTables:         1480 kB
Node 1 NFS_Unstable:          0 kB
Node 1 Bounce:                0 kB
Node 1 WritebackTmp:          0 kB
Node 1 KReclaimable:      18208 kB
Node 1 Slab:              47144 kB
Node 1 SReclaimable:      18208 kB
Node 1 SUnreclaim:        28936 kB
Node 1 AnonHugePages:         0 kB
Node 1 ShmemHugePages:        0 kB
Node 1 ShmemPmdMapped:        0 kB
Node 1 FileHugePages:        0 kB
Node 1 FilePmdMapped:        0 kB
Node 1 HugePages_Total:     0
Node 1 HugePages_Free:      0
Node 1 HugePages_Surp:      0

Import tank ZPool
Node 0 MemTotal:       24768352 kB
Node 0 MemFree:        24251972 kB
Node 0 MemUsed:          516380 kB
Node 0 Active:            61236 kB
Node 0 Inactive:         142480 kB
Node 0 Active(anon):      15520 kB
Node 0 Inactive(anon):      428 kB
Node 0 Active(file):      45716 kB
Node 0 Inactive(file):   142052 kB
Node 0 Unevictable:        5316 kB
Node 0 Mlocked:            5316 kB
Node 0 Dirty:                76 kB
Node 0 Writeback:             0 kB
Node 0 FilePages:        193688 kB
Node 0 Mapped:            24480 kB
Node 0 AnonPages:         14992 kB
Node 0 Shmem:               588 kB
Node 0 KernelStack:        3384 kB
Node 0 PageTables:          568 kB
Node 0 NFS_Unstable:          0 kB
Node 0 Bounce:                0 kB
Node 0 WritebackTmp:          0 kB
Node 0 KReclaimable:      24852 kB
Node 0 Slab:              72140 kB
Node 0 SReclaimable:      24852 kB
Node 0 SUnreclaim:        47288 kB
Node 0 AnonHugePages:         0 kB
Node 0 ShmemHugePages:        0 kB
Node 0 ShmemPmdMapped:        0 kB
Node 0 FileHugePages:        0 kB
Node 0 FilePmdMapped:        0 kB
Node 0 HugePages_Total:     0
Node 0 HugePages_Free:      0
Node 0 HugePages_Surp:      0

Node 1 MemTotal:       24661580 kB
Node 1 MemFree:        24410300 kB
Node 1 MemUsed:          251280 kB
Node 1 Active:            39172 kB
Node 1 Inactive:          69280 kB
Node 1 Active(anon):      18272 kB
Node 1 Inactive(anon):      520 kB
Node 1 Active(file):      20900 kB
Node 1 Inactive(file):    68760 kB
Node 1 Unevictable:       13436 kB
Node 1 Mlocked:           13436 kB
Node 1 Dirty:               492 kB
Node 1 Writeback:             0 kB
Node 1 FilePages:         93236 kB
Node 1 Mapped:            34704 kB
Node 1 AnonPages:         28668 kB
Node 1 Shmem:               680 kB
Node 1 KernelStack:        1336 kB
Node 1 PageTables:          628 kB
Node 1 NFS_Unstable:          0 kB
Node 1 Bounce:                0 kB
Node 1 WritebackTmp:          0 kB
Node 1 KReclaimable:      18208 kB
Node 1 Slab:              47088 kB
Node 1 SReclaimable:      18208 kB
Node 1 SUnreclaim:        28880 kB
Node 1 AnonHugePages:         0 kB
Node 1 ShmemHugePages:        0 kB
Node 1 ShmemPmdMapped:        0 kB
Node 1 FileHugePages:        0 kB
Node 1 FilePmdMapped:        0 kB
Node 1 HugePages_Total:     0
Node 1 HugePages_Free:      0
Node 1 HugePages_Surp:      0

After Test
Node 0 MemTotal:       24768352 kB
Node 0 MemFree:        23346088 kB
Node 0 MemUsed:         1422264 kB
Node 0 Active:            61152 kB
Node 0 Inactive:         142216 kB
Node 0 Active(anon):      15044 kB
Node 0 Inactive(anon):      424 kB
Node 0 Active(file):      46108 kB
Node 0 Inactive(file):   141792 kB
Node 0 Unevictable:        5316 kB
Node 0 Mlocked:            5316 kB
Node 0 Dirty:                16 kB
Node 0 Writeback:             0 kB
Node 0 FilePages:        193860 kB
Node 0 Mapped:            24308 kB
Node 0 AnonPages:         14884 kB
Node 0 Shmem:               584 kB
Node 0 KernelStack:        3240 kB
Node 0 PageTables:          456 kB
Node 0 NFS_Unstable:          0 kB
Node 0 Bounce:                0 kB
Node 0 WritebackTmp:          0 kB
Node 0 KReclaimable:      25060 kB
Node 0 Slab:              76084 kB
Node 0 SReclaimable:      25060 kB
Node 0 SUnreclaim:        51024 kB
Node 0 AnonHugePages:         0 kB
Node 0 ShmemHugePages:        0 kB
Node 0 ShmemPmdMapped:        0 kB
Node 0 FileHugePages:        0 kB
Node 0 FilePmdMapped:        0 kB
Node 0 HugePages_Total:     0
Node 0 HugePages_Free:      0
Node 0 HugePages_Surp:      0

Node 1 MemTotal:       24661580 kB
Node 1 MemFree:         7651616 kB
Node 1 MemUsed:        17009964 kB
Node 1 Active:            39912 kB
Node 1 Inactive:          71236 kB
Node 1 Active(anon):      18488 kB
Node 1 Inactive(anon):      516 kB
Node 1 Active(file):      21424 kB
Node 1 Inactive(file):    70720 kB
Node 1 Unevictable:       13436 kB
Node 1 Mlocked:           13436 kB
Node 1 Dirty:                36 kB
Node 1 Writeback:             0 kB
Node 1 FilePages:         95724 kB
Node 1 Mapped:            34960 kB
Node 1 AnonPages:         28756 kB
Node 1 Shmem:               684 kB
Node 1 KernelStack:        1240 kB
Node 1 PageTables:          684 kB
Node 1 NFS_Unstable:          0 kB
Node 1 Bounce:                0 kB
Node 1 WritebackTmp:          0 kB
Node 1 KReclaimable:      18328 kB
Node 1 Slab:             104400 kB
Node 1 SReclaimable:      18328 kB
Node 1 SUnreclaim:        86072 kB
Node 1 AnonHugePages:         0 kB
Node 1 ShmemHugePages:        0 kB
Node 1 ShmemPmdMapped:        0 kB
Node 1 FileHugePages:        0 kB
Node 1 FilePmdMapped:        0 kB
Node 1 HugePages_Total:     0
Node 1 HugePages_Free:      0
Node 1 HugePages_Surp:      0

After Opposite Node
Node 0 MemTotal:       24768352 kB
Node 0 MemFree:        23346428 kB
Node 0 MemUsed:         1421924 kB
Node 0 Active:            61820 kB
Node 0 Inactive:         142200 kB
Node 0 Active(anon):      15592 kB
Node 0 Inactive(anon):      424 kB
Node 0 Active(file):      46228 kB
Node 0 Inactive(file):   141776 kB
Node 0 Unevictable:        5316 kB
Node 0 Mlocked:            5316 kB
Node 0 Dirty:                20 kB
Node 0 Writeback:             0 kB
Node 0 FilePages:        193904 kB
Node 0 Mapped:            24288 kB
Node 0 AnonPages:         15004 kB
Node 0 Shmem:               584 kB
Node 0 KernelStack:        3224 kB
Node 0 PageTables:          504 kB
Node 0 NFS_Unstable:          0 kB
Node 0 Bounce:                0 kB
Node 0 WritebackTmp:          0 kB
Node 0 KReclaimable:      25096 kB
Node 0 Slab:              76168 kB
Node 0 SReclaimable:      25096 kB
Node 0 SUnreclaim:        51072 kB
Node 0 AnonHugePages:         0 kB
Node 0 ShmemHugePages:        0 kB
Node 0 ShmemPmdMapped:        0 kB
Node 0 FileHugePages:        0 kB
Node 0 FilePmdMapped:        0 kB
Node 0 HugePages_Total:     0
Node 0 HugePages_Free:      0
Node 0 HugePages_Surp:      0

Node 1 MemTotal:       24661580 kB
Node 1 MemFree:         7655100 kB
Node 1 MemUsed:        17006480 kB
Node 1 Active:            39916 kB
Node 1 Inactive:          70992 kB
Node 1 Active(anon):      18228 kB
Node 1 Inactive(anon):      516 kB
Node 1 Active(file):      21688 kB
Node 1 Inactive(file):    70476 kB
Node 1 Unevictable:       13436 kB
Node 1 Mlocked:           13436 kB
Node 1 Dirty:                12 kB
Node 1 Writeback:             0 kB
Node 1 FilePages:         95728 kB
Node 1 Mapped:            34764 kB
Node 1 AnonPages:         28636 kB
Node 1 Shmem:               684 kB
Node 1 KernelStack:        1176 kB
Node 1 PageTables:          628 kB
Node 1 NFS_Unstable:          0 kB
Node 1 Bounce:                0 kB
Node 1 WritebackTmp:          0 kB
Node 1 KReclaimable:      18328 kB
Node 1 Slab:             104524 kB
Node 1 SReclaimable:      18328 kB
Node 1 SUnreclaim:        86196 kB
Node 1 AnonHugePages:         0 kB
Node 1 ShmemHugePages:        0 kB
Node 1 ShmemPmdMapped:        0 kB
Node 1 FileHugePages:        0 kB
Node 1 FilePmdMapped:        0 kB
Node 1 HugePages_Total:     0
Node 1 HugePages_Free:      0
Node 1 HugePages_Surp:      0

B.1.2M-simpleread.16G.1.O.1M Complete!
