kernel.numa_balancing = 0
B.1.32M-simpleread.500M.2.O.1M
Begin
Node 0 MemTotal:       24743736 kB
Node 0 MemFree:        24415608 kB
Node 0 MemUsed:          328128 kB
Node 0 Active:            31560 kB
Node 0 Inactive:          13904 kB
Node 0 Active(anon):      17876 kB
Node 0 Inactive(anon):      520 kB
Node 0 Active(file):      13684 kB
Node 0 Inactive(file):    13384 kB
Node 0 Unevictable:       12688 kB
Node 0 Mlocked:           12688 kB
Node 0 Dirty:               288 kB
Node 0 Writeback:             0 kB
Node 0 FilePages:         30168 kB
Node 0 Mapped:             8084 kB
Node 0 AnonPages:         28092 kB
Node 0 Shmem:               692 kB
Node 0 KernelStack:        1992 kB
Node 0 PageTables:          440 kB
Node 0 NFS_Unstable:          0 kB
Node 0 Bounce:                0 kB
Node 0 WritebackTmp:          0 kB
Node 0 KReclaimable:      23472 kB
Node 0 Slab:              58112 kB
Node 0 SReclaimable:      23472 kB
Node 0 SUnreclaim:        34640 kB
Node 0 AnonHugePages:         0 kB
Node 0 ShmemHugePages:        0 kB
Node 0 ShmemPmdMapped:        0 kB
Node 0 FileHugePages:        0 kB
Node 0 FilePmdMapped:        0 kB
Node 0 HugePages_Total:     0
Node 0 HugePages_Free:      0
Node 0 HugePages_Surp:      0

Node 1 MemTotal:       24686196 kB
Node 1 MemFree:        24405960 kB
Node 1 MemUsed:          280236 kB
Node 1 Active:            63760 kB
Node 1 Inactive:          72516 kB
Node 1 Active(anon):      15852 kB
Node 1 Inactive(anon):      348 kB
Node 1 Active(file):      47908 kB
Node 1 Inactive(file):    72168 kB
Node 1 Unevictable:        5832 kB
Node 1 Mlocked:            5832 kB
Node 1 Dirty:               208 kB
Node 1 Writeback:             0 kB
Node 1 FilePages:        126484 kB
Node 1 Mapped:            31428 kB
Node 1 AnonPages:         15680 kB
Node 1 Shmem:               576 kB
Node 1 KernelStack:        1624 kB
Node 1 PageTables:          628 kB
Node 1 NFS_Unstable:          0 kB
Node 1 Bounce:                0 kB
Node 1 WritebackTmp:          0 kB
Node 1 KReclaimable:      18100 kB
Node 1 Slab:              48832 kB
Node 1 SReclaimable:      18100 kB
Node 1 SUnreclaim:        30732 kB
Node 1 AnonHugePages:         0 kB
Node 1 ShmemHugePages:        0 kB
Node 1 ShmemPmdMapped:        0 kB
Node 1 FileHugePages:        0 kB
Node 1 FilePmdMapped:        0 kB
Node 1 HugePages_Total:     0
Node 1 HugePages_Free:      0
Node 1 HugePages_Surp:      0

Load ZFS
Node 0 MemTotal:       24743736 kB
Node 0 MemFree:        24292820 kB
Node 0 MemUsed:          450916 kB
Node 0 Active:            46232 kB
Node 0 Inactive:         107308 kB
Node 0 Active(anon):      31488 kB
Node 0 Inactive(anon):      488 kB
Node 0 Active(file):      14744 kB
Node 0 Inactive(file):   106820 kB
Node 0 Unevictable:       12820 kB
Node 0 Mlocked:           12820 kB
Node 0 Dirty:                52 kB
Node 0 Writeback:             0 kB
Node 0 FilePages:        124536 kB
Node 0 Mapped:            11076 kB
Node 0 AnonPages:         41968 kB
Node 0 Shmem:               620 kB
Node 0 KernelStack:        2532 kB
Node 0 PageTables:         2344 kB
Node 0 NFS_Unstable:          0 kB
Node 0 Bounce:                0 kB
Node 0 WritebackTmp:          0 kB
Node 0 KReclaimable:      24288 kB
Node 0 Slab:              61444 kB
Node 0 SReclaimable:      24288 kB
Node 0 SUnreclaim:        37156 kB
Node 0 AnonHugePages:         0 kB
Node 0 ShmemHugePages:        0 kB
Node 0 ShmemPmdMapped:        0 kB
Node 0 FileHugePages:        0 kB
Node 0 FilePmdMapped:        0 kB
Node 0 HugePages_Total:     0
Node 0 HugePages_Free:      0
Node 0 HugePages_Surp:      0

Node 1 MemTotal:       24686196 kB
Node 1 MemFree:        24383372 kB
Node 1 MemUsed:          302824 kB
Node 1 Active:            78480 kB
Node 1 Inactive:          82736 kB
Node 1 Active(anon):      29460 kB
Node 1 Inactive(anon):      448 kB
Node 1 Active(file):      49020 kB
Node 1 Inactive(file):    82288 kB
Node 1 Unevictable:        5832 kB
Node 1 Mlocked:            5832 kB
Node 1 Dirty:               296 kB
Node 1 Writeback:             0 kB
Node 1 FilePages:        137788 kB
Node 1 Mapped:            33120 kB
Node 1 AnonPages:         28880 kB
Node 1 Shmem:               648 kB
Node 1 KernelStack:        1844 kB
Node 1 PageTables:          748 kB
Node 1 NFS_Unstable:          0 kB
Node 1 Bounce:                0 kB
Node 1 WritebackTmp:          0 kB
Node 1 KReclaimable:      18840 kB
Node 1 Slab:              51784 kB
Node 1 SReclaimable:      18840 kB
Node 1 SUnreclaim:        32944 kB
Node 1 AnonHugePages:         0 kB
Node 1 ShmemHugePages:        0 kB
Node 1 ShmemPmdMapped:        0 kB
Node 1 FileHugePages:        0 kB
Node 1 FilePmdMapped:        0 kB
Node 1 HugePages_Total:     0
Node 1 HugePages_Free:      0
Node 1 HugePages_Surp:      0

Import tank ZPool
Node 0 MemTotal:       24743736 kB
Node 0 MemFree:        24304828 kB
Node 0 MemUsed:          438908 kB
Node 0 Active:            32852 kB
Node 0 Inactive:         108292 kB
Node 0 Active(anon):      17508 kB
Node 0 Inactive(anon):      504 kB
Node 0 Active(file):      15344 kB
Node 0 Inactive(file):   107788 kB
Node 0 Unevictable:       12920 kB
Node 0 Mlocked:           12920 kB
Node 0 Dirty:                80 kB
Node 0 Writeback:             0 kB
Node 0 FilePages:        126120 kB
Node 0 Mapped:             8788 kB
Node 0 AnonPages:         27540 kB
Node 0 Shmem:               628 kB
Node 0 KernelStack:        2168 kB
Node 0 PageTables:          856 kB
Node 0 NFS_Unstable:          0 kB
Node 0 Bounce:                0 kB
Node 0 WritebackTmp:          0 kB
Node 0 KReclaimable:      24468 kB
Node 0 Slab:              65032 kB
Node 0 SReclaimable:      24468 kB
Node 0 SUnreclaim:        40564 kB
Node 0 AnonHugePages:         0 kB
Node 0 ShmemHugePages:        0 kB
Node 0 ShmemPmdMapped:        0 kB
Node 0 FileHugePages:        0 kB
Node 0 FilePmdMapped:        0 kB
Node 0 HugePages_Total:     0
Node 0 HugePages_Free:      0
Node 0 HugePages_Surp:      0

Node 1 MemTotal:       24686196 kB
Node 1 MemFree:        24379948 kB
Node 1 MemUsed:          306248 kB
Node 1 Active:            66900 kB
Node 1 Inactive:          82316 kB
Node 1 Active(anon):      17216 kB
Node 1 Inactive(anon):      448 kB
Node 1 Active(file):      49684 kB
Node 1 Inactive(file):    81868 kB
Node 1 Unevictable:        5832 kB
Node 1 Mlocked:            5832 kB
Node 1 Dirty:               344 kB
Node 1 Writeback:             0 kB
Node 1 FilePages:        138048 kB
Node 1 Mapped:            31708 kB
Node 1 AnonPages:         16236 kB
Node 1 Shmem:               640 kB
Node 1 KernelStack:        2712 kB
Node 1 PageTables:          768 kB
Node 1 NFS_Unstable:          0 kB
Node 1 Bounce:                0 kB
Node 1 WritebackTmp:          0 kB
Node 1 KReclaimable:      18844 kB
Node 1 Slab:              54616 kB
Node 1 SReclaimable:      18844 kB
Node 1 SUnreclaim:        35772 kB
Node 1 AnonHugePages:         0 kB
Node 1 ShmemHugePages:        0 kB
Node 1 ShmemPmdMapped:        0 kB
Node 1 FileHugePages:        0 kB
Node 1 FilePmdMapped:        0 kB
Node 1 HugePages_Total:     0
Node 1 HugePages_Free:      0
Node 1 HugePages_Surp:      0

After Test
Node 0 MemTotal:       24743736 kB
Node 0 MemFree:        24055856 kB
Node 0 MemUsed:          687880 kB
Node 0 Active:            32240 kB
Node 0 Inactive:         107956 kB
Node 0 Active(anon):      16532 kB
Node 0 Inactive(anon):      500 kB
Node 0 Active(file):      15708 kB
Node 0 Inactive(file):   107456 kB
Node 0 Unevictable:       12920 kB
Node 0 Mlocked:           12920 kB
Node 0 Dirty:                88 kB
Node 0 Writeback:             0 kB
Node 0 FilePages:        126152 kB
Node 0 Mapped:             8360 kB
Node 0 AnonPages:         27012 kB
Node 0 Shmem:               628 kB
Node 0 KernelStack:        1992 kB
Node 0 PageTables:          372 kB
Node 0 NFS_Unstable:          0 kB
Node 0 Bounce:                0 kB
Node 0 WritebackTmp:          0 kB
Node 0 KReclaimable:      24500 kB
Node 0 Slab:              65692 kB
Node 0 SReclaimable:      24500 kB
Node 0 SUnreclaim:        41192 kB
Node 0 AnonHugePages:         0 kB
Node 0 ShmemHugePages:        0 kB
Node 0 ShmemPmdMapped:        0 kB
Node 0 FileHugePages:        0 kB
Node 0 FilePmdMapped:        0 kB
Node 0 HugePages_Total:     0
Node 0 HugePages_Free:      0
Node 0 HugePages_Surp:      0

Node 1 MemTotal:       24686196 kB
Node 1 MemFree:        23539040 kB
Node 1 MemUsed:         1147156 kB
Node 1 Active:            66908 kB
Node 1 Inactive:         113584 kB
Node 1 Active(anon):      16768 kB
Node 1 Inactive(anon):      448 kB
Node 1 Active(file):      50140 kB
Node 1 Inactive(file):   113136 kB
Node 1 Unevictable:        5832 kB
Node 1 Mlocked:            5832 kB
Node 1 Dirty:               360 kB
Node 1 Writeback:             0 kB
Node 1 FilePages:        169748 kB
Node 1 Mapped:            31444 kB
Node 1 AnonPages:         16436 kB
Node 1 Shmem:               640 kB
Node 1 KernelStack:        2744 kB
Node 1 PageTables:          680 kB
Node 1 NFS_Unstable:          0 kB
Node 1 Bounce:                0 kB
Node 1 WritebackTmp:          0 kB
Node 1 KReclaimable:      19032 kB
Node 1 Slab:              60312 kB
Node 1 SReclaimable:      19032 kB
Node 1 SUnreclaim:        41280 kB
Node 1 AnonHugePages:         0 kB
Node 1 ShmemHugePages:        0 kB
Node 1 ShmemPmdMapped:        0 kB
Node 1 FileHugePages:        0 kB
Node 1 FilePmdMapped:        0 kB
Node 1 HugePages_Total:     0
Node 1 HugePages_Free:      0
Node 1 HugePages_Surp:      0

After Opposite Node
Node 0 MemTotal:       24743736 kB
Node 0 MemFree:        24055780 kB
Node 0 MemUsed:          687956 kB
Node 0 Active:            32660 kB
Node 0 Inactive:         107684 kB
Node 0 Active(anon):      16668 kB
Node 0 Inactive(anon):      500 kB
Node 0 Active(file):      15992 kB
Node 0 Inactive(file):   107184 kB
Node 0 Unevictable:       12920 kB
Node 0 Mlocked:           12920 kB
Node 0 Dirty:                92 kB
Node 0 Writeback:             0 kB
Node 0 FilePages:        126164 kB
Node 0 Mapped:             8380 kB
Node 0 AnonPages:         27196 kB
Node 0 Shmem:               628 kB
Node 0 KernelStack:        2008 kB
Node 0 PageTables:          440 kB
Node 0 NFS_Unstable:          0 kB
Node 0 Bounce:                0 kB
Node 0 WritebackTmp:          0 kB
Node 0 KReclaimable:      24504 kB
Node 0 Slab:              65748 kB
Node 0 SReclaimable:      24504 kB
Node 0 SUnreclaim:        41244 kB
Node 0 AnonHugePages:         0 kB
Node 0 ShmemHugePages:        0 kB
Node 0 ShmemPmdMapped:        0 kB
Node 0 FileHugePages:        0 kB
Node 0 FilePmdMapped:        0 kB
Node 0 HugePages_Total:     0
Node 0 HugePages_Free:      0
Node 0 HugePages_Surp:      0

Node 1 MemTotal:       24686196 kB
Node 1 MemFree:        23539588 kB
Node 1 MemUsed:         1146608 kB
Node 1 Active:            66904 kB
Node 1 Inactive:         113584 kB
Node 1 Active(anon):      16756 kB
Node 1 Inactive(anon):      440 kB
Node 1 Active(file):      50148 kB
Node 1 Inactive(file):   113144 kB
Node 1 Unevictable:        5832 kB
Node 1 Mlocked:            5832 kB
Node 1 Dirty:               372 kB
Node 1 Writeback:             0 kB
Node 1 FilePages:        169764 kB
Node 1 Mapped:            31452 kB
Node 1 AnonPages:         16604 kB
Node 1 Shmem:               640 kB
Node 1 KernelStack:        2696 kB
Node 1 PageTables:          628 kB
Node 1 NFS_Unstable:          0 kB
Node 1 Bounce:                0 kB
Node 1 WritebackTmp:          0 kB
Node 1 KReclaimable:      19032 kB
Node 1 Slab:              60316 kB
Node 1 SReclaimable:      19032 kB
Node 1 SUnreclaim:        41284 kB
Node 1 AnonHugePages:         0 kB
Node 1 ShmemHugePages:        0 kB
Node 1 ShmemPmdMapped:        0 kB
Node 1 FileHugePages:        0 kB
Node 1 FilePmdMapped:        0 kB
Node 1 HugePages_Total:     0
Node 1 HugePages_Free:      0
Node 1 HugePages_Surp:      0

B.1.32M-simpleread.500M.2.O.1M Complete!
