kernel.numa_balancing = 0
B.1.1G-simpleread.2G.1.O.1M
Begin
Node 0 MemTotal:       24768352 kB
Node 0 MemFree:        24371844 kB
Node 0 MemUsed:          396508 kB
Node 0 Active:            62608 kB
Node 0 Inactive:          60724 kB
Node 0 Active(anon):      15188 kB
Node 0 Inactive(anon):      488 kB
Node 0 Active(file):      47420 kB
Node 0 Inactive(file):    60236 kB
Node 0 Unevictable:        5796 kB
Node 0 Mlocked:            5796 kB
Node 0 Dirty:               360 kB
Node 0 Writeback:             0 kB
Node 0 FilePages:        114632 kB
Node 0 Mapped:            23696 kB
Node 0 AnonPages:         14960 kB
Node 0 Shmem:               724 kB
Node 0 KernelStack:        2184 kB
Node 0 PageTables:          304 kB
Node 0 NFS_Unstable:          0 kB
Node 0 Bounce:                0 kB
Node 0 WritebackTmp:          0 kB
Node 0 KReclaimable:      19040 kB
Node 0 Slab:              49384 kB
Node 0 SReclaimable:      19040 kB
Node 0 SUnreclaim:        30344 kB
Node 0 AnonHugePages:         0 kB
Node 0 ShmemHugePages:        0 kB
Node 0 ShmemPmdMapped:        0 kB
Node 0 FileHugePages:        0 kB
Node 0 FilePmdMapped:        0 kB
Node 0 HugePages_Total:     0
Node 0 HugePages_Free:      0
Node 0 HugePages_Surp:      0

Node 1 MemTotal:       24661580 kB
Node 1 MemFree:        24430632 kB
Node 1 MemUsed:          230948 kB
Node 1 Active:            32768 kB
Node 1 Inactive:          45196 kB
Node 1 Active(anon):      18348 kB
Node 1 Inactive(anon):      384 kB
Node 1 Active(file):      14420 kB
Node 1 Inactive(file):    44812 kB
Node 1 Unevictable:       12728 kB
Node 1 Mlocked:           12728 kB
Node 1 Dirty:               160 kB
Node 1 Writeback:             0 kB
Node 1 FilePages:         62176 kB
Node 1 Mapped:            33992 kB
Node 1 AnonPages:         28580 kB
Node 1 Shmem:               544 kB
Node 1 KernelStack:        1400 kB
Node 1 PageTables:          744 kB
Node 1 NFS_Unstable:          0 kB
Node 1 Bounce:                0 kB
Node 1 WritebackTmp:          0 kB
Node 1 KReclaimable:      22812 kB
Node 1 Slab:              56568 kB
Node 1 SReclaimable:      22812 kB
Node 1 SUnreclaim:        33756 kB
Node 1 AnonHugePages:         0 kB
Node 1 ShmemHugePages:        0 kB
Node 1 ShmemPmdMapped:        0 kB
Node 1 FileHugePages:        0 kB
Node 1 FilePmdMapped:        0 kB
Node 1 HugePages_Total:     0
Node 1 HugePages_Free:      0
Node 1 HugePages_Surp:      0

Load ZFS
Node 0 MemTotal:       24768352 kB
Node 0 MemFree:        24262660 kB
Node 0 MemUsed:          505692 kB
Node 0 Active:            72796 kB
Node 0 Inactive:         153372 kB
Node 0 Active(anon):      23584 kB
Node 0 Inactive(anon):      588 kB
Node 0 Active(file):      49212 kB
Node 0 Inactive(file):   152784 kB
Node 0 Unevictable:        5796 kB
Node 0 Mlocked:            5796 kB
Node 0 Dirty:               152 kB
Node 0 Writeback:             0 kB
Node 0 FilePages:        208584 kB
Node 0 Mapped:            27556 kB
Node 0 AnonPages:         23520 kB
Node 0 Shmem:               800 kB
Node 0 KernelStack:        2524 kB
Node 0 PageTables:         1080 kB
Node 0 NFS_Unstable:          0 kB
Node 0 Bounce:                0 kB
Node 0 WritebackTmp:          0 kB
Node 0 KReclaimable:      19808 kB
Node 0 Slab:              52932 kB
Node 0 SReclaimable:      19808 kB
Node 0 SUnreclaim:        33124 kB
Node 0 AnonHugePages:         0 kB
Node 0 ShmemHugePages:        0 kB
Node 0 ShmemPmdMapped:        0 kB
Node 0 FileHugePages:        0 kB
Node 0 FilePmdMapped:        0 kB
Node 0 HugePages_Total:     0
Node 0 HugePages_Free:      0
Node 0 HugePages_Surp:      0

Node 1 MemTotal:       24661580 kB
Node 1 MemFree:        24400184 kB
Node 1 MemUsed:          261396 kB
Node 1 Active:            48352 kB
Node 1 Inactive:          55784 kB
Node 1 Active(anon):      32956 kB
Node 1 Inactive(anon):      356 kB
Node 1 Active(file):      15396 kB
Node 1 Inactive(file):    55428 kB
Node 1 Unevictable:       12944 kB
Node 1 Mlocked:           12944 kB
Node 1 Dirty:               468 kB
Node 1 Writeback:             0 kB
Node 1 FilePages:         73692 kB
Node 1 Mapped:            34292 kB
Node 1 AnonPages:         43680 kB
Node 1 Shmem:               468 kB
Node 1 KernelStack:        1700 kB
Node 1 PageTables:         2020 kB
Node 1 NFS_Unstable:          0 kB
Node 1 Bounce:                0 kB
Node 1 WritebackTmp:          0 kB
Node 1 KReclaimable:      23428 kB
Node 1 Slab:              59292 kB
Node 1 SReclaimable:      23428 kB
Node 1 SUnreclaim:        35864 kB
Node 1 AnonHugePages:         0 kB
Node 1 ShmemHugePages:        0 kB
Node 1 ShmemPmdMapped:        0 kB
Node 1 FileHugePages:        0 kB
Node 1 FilePmdMapped:        0 kB
Node 1 HugePages_Total:     0
Node 1 HugePages_Free:      0
Node 1 HugePages_Surp:      0

Import tank ZPool
Node 0 MemTotal:       24768352 kB
Node 0 MemFree:        24248816 kB
Node 0 MemUsed:          519536 kB
Node 0 Active:            65356 kB
Node 0 Inactive:         154624 kB
Node 0 Active(anon):      15452 kB
Node 0 Inactive(anon):      596 kB
Node 0 Active(file):      49904 kB
Node 0 Inactive(file):   154028 kB
Node 0 Unevictable:        5796 kB
Node 0 Mlocked:            5796 kB
Node 0 Dirty:                88 kB
Node 0 Writeback:             0 kB
Node 0 FilePages:        210524 kB
Node 0 Mapped:            24388 kB
Node 0 AnonPages:         15740 kB
Node 0 Shmem:               800 kB
Node 0 KernelStack:        3544 kB
Node 0 PageTables:          920 kB
Node 0 NFS_Unstable:          0 kB
Node 0 Bounce:                0 kB
Node 0 WritebackTmp:          0 kB
Node 0 KReclaimable:      19916 kB
Node 0 Slab:              59532 kB
Node 0 SReclaimable:      19916 kB
Node 0 SUnreclaim:        39616 kB
Node 0 AnonHugePages:         0 kB
Node 0 ShmemHugePages:        0 kB
Node 0 ShmemPmdMapped:        0 kB
Node 0 FileHugePages:        0 kB
Node 0 FilePmdMapped:        0 kB
Node 0 HugePages_Total:     0
Node 0 HugePages_Free:      0
Node 0 HugePages_Surp:      0

Node 1 MemTotal:       24661580 kB
Node 1 MemFree:        24413212 kB
Node 1 MemUsed:          248368 kB
Node 1 Active:            34544 kB
Node 1 Inactive:          55640 kB
Node 1 Active(anon):      19008 kB
Node 1 Inactive(anon):      352 kB
Node 1 Active(file):      15536 kB
Node 1 Inactive(file):    55288 kB
Node 1 Unevictable:       12960 kB
Node 1 Mlocked:           12960 kB
Node 1 Dirty:               488 kB
Node 1 Writeback:             0 kB
Node 1 FilePages:         73692 kB
Node 1 Mapped:            34080 kB
Node 1 AnonPages:         29492 kB
Node 1 Shmem:               468 kB
Node 1 KernelStack:        1464 kB
Node 1 PageTables:         1128 kB
Node 1 NFS_Unstable:          0 kB
Node 1 Bounce:                0 kB
Node 1 WritebackTmp:          0 kB
Node 1 KReclaimable:      23428 kB
Node 1 Slab:              59744 kB
Node 1 SReclaimable:      23428 kB
Node 1 SUnreclaim:        36316 kB
Node 1 AnonHugePages:         0 kB
Node 1 ShmemHugePages:        0 kB
Node 1 ShmemPmdMapped:        0 kB
Node 1 FileHugePages:        0 kB
Node 1 FilePmdMapped:        0 kB
Node 1 HugePages_Total:     0
Node 1 HugePages_Free:      0
Node 1 HugePages_Surp:      0

After Test
Node 0 MemTotal:       24768352 kB
Node 0 MemFree:        20720704 kB
Node 0 MemUsed:         4047648 kB
Node 0 Active:            65464 kB
Node 0 Inactive:        1130480 kB
Node 0 Active(anon):      14980 kB
Node 0 Inactive(anon):      596 kB
Node 0 Active(file):      50484 kB
Node 0 Inactive(file):  1129884 kB
Node 0 Unevictable:        5796 kB
Node 0 Mlocked:            5796 kB
Node 0 Dirty:                16 kB
Node 0 Writeback:             0 kB
Node 0 FilePages:       1186964 kB
Node 0 Mapped:            23696 kB
Node 0 AnonPages:         14772 kB
Node 0 Shmem:               804 kB
Node 0 KernelStack:        3288 kB
Node 0 PageTables:          348 kB
Node 0 NFS_Unstable:          0 kB
Node 0 Bounce:                0 kB
Node 0 WritebackTmp:          0 kB
Node 0 KReclaimable:      22356 kB
Node 0 Slab:              74308 kB
Node 0 SReclaimable:      22356 kB
Node 0 SUnreclaim:        51952 kB
Node 0 AnonHugePages:         0 kB
Node 0 ShmemHugePages:        0 kB
Node 0 ShmemPmdMapped:        0 kB
Node 0 FileHugePages:        0 kB
Node 0 FilePmdMapped:        0 kB
Node 0 HugePages_Total:     0
Node 0 HugePages_Free:      0
Node 0 HugePages_Surp:      0

Node 1 MemTotal:       24661580 kB
Node 1 MemFree:        24037400 kB
Node 1 MemUsed:          624180 kB
Node 1 Active:            34600 kB
Node 1 Inactive:          55792 kB
Node 1 Active(anon):      18552 kB
Node 1 Inactive(anon):      344 kB
Node 1 Active(file):      16048 kB
Node 1 Inactive(file):    55448 kB
Node 1 Unevictable:       12960 kB
Node 1 Mlocked:           12960 kB
Node 1 Dirty:                12 kB
Node 1 Writeback:             0 kB
Node 1 FilePages:         74360 kB
Node 1 Mapped:            34316 kB
Node 1 AnonPages:         29104 kB
Node 1 Shmem:               464 kB
Node 1 KernelStack:        1336 kB
Node 1 PageTables:          932 kB
Node 1 NFS_Unstable:          0 kB
Node 1 Bounce:                0 kB
Node 1 WritebackTmp:          0 kB
Node 1 KReclaimable:      23500 kB
Node 1 Slab:              62024 kB
Node 1 SReclaimable:      23500 kB
Node 1 SUnreclaim:        38524 kB
Node 1 AnonHugePages:         0 kB
Node 1 ShmemHugePages:        0 kB
Node 1 ShmemPmdMapped:        0 kB
Node 1 FileHugePages:        0 kB
Node 1 FilePmdMapped:        0 kB
Node 1 HugePages_Total:     0
Node 1 HugePages_Free:      0
Node 1 HugePages_Surp:      0

After Opposite Node
Node 0 MemTotal:       24768352 kB
Node 0 MemFree:        20721132 kB
Node 0 MemUsed:         4047220 kB
Node 0 Active:            65976 kB
Node 0 Inactive:        1130468 kB
Node 0 Active(anon):      15444 kB
Node 0 Inactive(anon):      596 kB
Node 0 Active(file):      50532 kB
Node 0 Inactive(file):  1129872 kB
Node 0 Unevictable:        5796 kB
Node 0 Mlocked:            5796 kB
Node 0 Dirty:                56 kB
Node 0 Writeback:             0 kB
Node 0 FilePages:       1187000 kB
Node 0 Mapped:            23700 kB
Node 0 AnonPages:         15044 kB
Node 0 Shmem:               804 kB
Node 0 KernelStack:        3288 kB
Node 0 PageTables:          564 kB
Node 0 NFS_Unstable:          0 kB
Node 0 Bounce:                0 kB
Node 0 WritebackTmp:          0 kB
Node 0 KReclaimable:      22412 kB
Node 0 Slab:              74500 kB
Node 0 SReclaimable:      22412 kB
Node 0 SUnreclaim:        52088 kB
Node 0 AnonHugePages:         0 kB
Node 0 ShmemHugePages:        0 kB
Node 0 ShmemPmdMapped:        0 kB
Node 0 FileHugePages:        0 kB
Node 0 FilePmdMapped:        0 kB
Node 0 HugePages_Total:     0
Node 0 HugePages_Free:      0
Node 0 HugePages_Surp:      0

Node 1 MemTotal:       24661580 kB
Node 1 MemFree:        24038800 kB
Node 1 MemUsed:          622780 kB
Node 1 Active:            34660 kB
Node 1 Inactive:          55576 kB
Node 1 Active(anon):      18392 kB
Node 1 Inactive(anon):      344 kB
Node 1 Active(file):      16268 kB
Node 1 Inactive(file):    55232 kB
Node 1 Unevictable:       12960 kB
Node 1 Mlocked:           12960 kB
Node 1 Dirty:                20 kB
Node 1 Writeback:             0 kB
Node 1 FilePages:         74364 kB
Node 1 Mapped:            34308 kB
Node 1 AnonPages:         28836 kB
Node 1 Shmem:               464 kB
Node 1 KernelStack:        1336 kB
Node 1 PageTables:          712 kB
Node 1 NFS_Unstable:          0 kB
Node 1 Bounce:                0 kB
Node 1 WritebackTmp:          0 kB
Node 1 KReclaimable:      23500 kB
Node 1 Slab:              62056 kB
Node 1 SReclaimable:      23500 kB
Node 1 SUnreclaim:        38556 kB
Node 1 AnonHugePages:         0 kB
Node 1 ShmemHugePages:        0 kB
Node 1 ShmemPmdMapped:        0 kB
Node 1 FileHugePages:        0 kB
Node 1 FilePmdMapped:        0 kB
Node 1 HugePages_Total:     0
Node 1 HugePages_Free:      0
Node 1 HugePages_Surp:      0

B.1.1G-simpleread.2G.1.O.1M Complete!
