kernel.numa_balancing = 0
B.1.512M-simpleread.2-1G.1.O.1M
Begin
Node 0 MemTotal:       24743736 kB
Node 0 MemFree:        24500724 kB
Node 0 MemUsed:          243012 kB
Node 0 Active:            31848 kB
Node 0 Inactive:          71064 kB
Node 0 Active(anon):      10040 kB
Node 0 Inactive(anon):      472 kB
Node 0 Active(file):      21808 kB
Node 0 Inactive(file):    70592 kB
Node 0 Unevictable:        4596 kB
Node 0 Mlocked:            4596 kB
Node 0 Dirty:               488 kB
Node 0 Writeback:             0 kB
Node 0 FilePages:         97664 kB
Node 0 Mapped:            33428 kB
Node 0 AnonPages:          9904 kB
Node 0 Shmem:               648 kB
Node 0 KernelStack:        2264 kB
Node 0 PageTables:          364 kB
Node 0 NFS_Unstable:          0 kB
Node 0 Bounce:                0 kB
Node 0 WritebackTmp:          0 kB
Node 0 KReclaimable:      22260 kB
Node 0 Slab:              52448 kB
Node 0 SReclaimable:      22260 kB
Node 0 SUnreclaim:        30188 kB
Node 0 AnonHugePages:         0 kB
Node 0 ShmemHugePages:        0 kB
Node 0 ShmemPmdMapped:        0 kB
Node 0 FileHugePages:        0 kB
Node 0 FilePmdMapped:        0 kB
Node 0 HugePages_Total:     0
Node 0 HugePages_Free:      0
Node 0 HugePages_Surp:      0

Node 1 MemTotal:       24686196 kB
Node 1 MemFree:        24303008 kB
Node 1 MemUsed:          383188 kB
Node 1 Active:            64736 kB
Node 1 Inactive:          30964 kB
Node 1 Active(anon):      24336 kB
Node 1 Inactive(anon):      404 kB
Node 1 Active(file):      40400 kB
Node 1 Inactive(file):    30560 kB
Node 1 Unevictable:       13924 kB
Node 1 Mlocked:           13924 kB
Node 1 Dirty:                24 kB
Node 1 Writeback:             0 kB
Node 1 FilePages:         75324 kB
Node 1 Mapped:            20300 kB
Node 1 AnonPages:         34524 kB
Node 1 Shmem:               620 kB
Node 1 KernelStack:        1336 kB
Node 1 PageTables:          764 kB
Node 1 NFS_Unstable:          0 kB
Node 1 Bounce:                0 kB
Node 1 WritebackTmp:          0 kB
Node 1 KReclaimable:      19788 kB
Node 1 Slab:              53536 kB
Node 1 SReclaimable:      19788 kB
Node 1 SUnreclaim:        33748 kB
Node 1 AnonHugePages:         0 kB
Node 1 ShmemHugePages:        0 kB
Node 1 ShmemPmdMapped:        0 kB
Node 1 FileHugePages:        0 kB
Node 1 FilePmdMapped:        0 kB
Node 1 HugePages_Total:     0
Node 1 HugePages_Free:      0
Node 1 HugePages_Surp:      0

Load ZFS
Node 0 MemTotal:       24743736 kB
Node 0 MemFree:        24443488 kB
Node 0 MemUsed:          300248 kB
Node 0 Active:            48856 kB
Node 0 Inactive:         103732 kB
Node 0 Active(anon):      25960 kB
Node 0 Inactive(anon):      516 kB
Node 0 Active(file):      22896 kB
Node 0 Inactive(file):   103216 kB
Node 0 Unevictable:        4596 kB
Node 0 Mlocked:            4596 kB
Node 0 Dirty:               504 kB
Node 0 Writeback:             0 kB
Node 0 FilePages:        131380 kB
Node 0 Mapped:            36408 kB
Node 0 AnonPages:         25292 kB
Node 0 Shmem:               676 kB
Node 0 KernelStack:        2824 kB
Node 0 PageTables:         2196 kB
Node 0 NFS_Unstable:          0 kB
Node 0 Bounce:                0 kB
Node 0 WritebackTmp:          0 kB
Node 0 KReclaimable:      22908 kB
Node 0 Slab:              56352 kB
Node 0 SReclaimable:      22908 kB
Node 0 SUnreclaim:        33444 kB
Node 0 AnonHugePages:         0 kB
Node 0 ShmemHugePages:        0 kB
Node 0 ShmemPmdMapped:        0 kB
Node 0 FileHugePages:        0 kB
Node 0 FilePmdMapped:        0 kB
Node 0 HugePages_Total:     0
Node 0 HugePages_Free:      0
Node 0 HugePages_Surp:      0

Node 1 MemTotal:       24686196 kB
Node 1 MemFree:        24215844 kB
Node 1 MemUsed:          470352 kB
Node 1 Active:            76412 kB
Node 1 Inactive:         101840 kB
Node 1 Active(anon):      34504 kB
Node 1 Inactive(anon):      420 kB
Node 1 Active(file):      41908 kB
Node 1 Inactive(file):   101420 kB
Node 1 Unevictable:       14124 kB
Node 1 Mlocked:           14124 kB
Node 1 Dirty:                44 kB
Node 1 Writeback:             0 kB
Node 1 FilePages:        147520 kB
Node 1 Mapped:            22044 kB
Node 1 AnonPages:         44496 kB
Node 1 Shmem:               592 kB
Node 1 KernelStack:        1436 kB
Node 1 PageTables:         1236 kB
Node 1 NFS_Unstable:          0 kB
Node 1 Bounce:                0 kB
Node 1 WritebackTmp:          0 kB
Node 1 KReclaimable:      20704 kB
Node 1 Slab:              56464 kB
Node 1 SReclaimable:      20704 kB
Node 1 SUnreclaim:        35760 kB
Node 1 AnonHugePages:         0 kB
Node 1 ShmemHugePages:        0 kB
Node 1 ShmemPmdMapped:        0 kB
Node 1 FileHugePages:        0 kB
Node 1 FilePmdMapped:        0 kB
Node 1 HugePages_Total:     0
Node 1 HugePages_Free:      0
Node 1 HugePages_Surp:      0

Import tank ZPool
Node 0 MemTotal:       24743736 kB
Node 0 MemFree:        24448300 kB
Node 0 MemUsed:          295436 kB
Node 0 Active:            33940 kB
Node 0 Inactive:         103304 kB
Node 0 Active(anon):      10844 kB
Node 0 Inactive(anon):      520 kB
Node 0 Active(file):      23096 kB
Node 0 Inactive(file):   102784 kB
Node 0 Unevictable:        4596 kB
Node 0 Mlocked:            4596 kB
Node 0 Dirty:               576 kB
Node 0 Writeback:             0 kB
Node 0 FilePages:        131164 kB
Node 0 Mapped:            33540 kB
Node 0 AnonPages:         10688 kB
Node 0 Shmem:               676 kB
Node 0 KernelStack:        3288 kB
Node 0 PageTables:          364 kB
Node 0 NFS_Unstable:          0 kB
Node 0 Bounce:                0 kB
Node 0 WritebackTmp:          0 kB
Node 0 KReclaimable:      22908 kB
Node 0 Slab:              58004 kB
Node 0 SReclaimable:      22908 kB
Node 0 SUnreclaim:        35096 kB
Node 0 AnonHugePages:         0 kB
Node 0 ShmemHugePages:        0 kB
Node 0 ShmemPmdMapped:        0 kB
Node 0 FileHugePages:        0 kB
Node 0 FilePmdMapped:        0 kB
Node 0 HugePages_Total:     0
Node 0 HugePages_Free:      0
Node 0 HugePages_Surp:      0

Node 1 MemTotal:       24686196 kB
Node 1 MemFree:        24220716 kB
Node 1 MemUsed:          465480 kB
Node 1 Active:            65436 kB
Node 1 Inactive:         102884 kB
Node 1 Active(anon):      22896 kB
Node 1 Inactive(anon):      428 kB
Node 1 Active(file):      42540 kB
Node 1 Inactive(file):   102456 kB
Node 1 Unevictable:       14156 kB
Node 1 Mlocked:           14156 kB
Node 1 Dirty:                60 kB
Node 1 Writeback:             0 kB
Node 1 FilePages:        149224 kB
Node 1 Mapped:            20516 kB
Node 1 AnonPages:         33212 kB
Node 1 Shmem:               592 kB
Node 1 KernelStack:        1416 kB
Node 1 PageTables:          804 kB
Node 1 NFS_Unstable:          0 kB
Node 1 Bounce:                0 kB
Node 1 WritebackTmp:          0 kB
Node 1 KReclaimable:      20792 kB
Node 1 Slab:              61012 kB
Node 1 SReclaimable:      20792 kB
Node 1 SUnreclaim:        40220 kB
Node 1 AnonHugePages:         0 kB
Node 1 ShmemHugePages:        0 kB
Node 1 ShmemPmdMapped:        0 kB
Node 1 FileHugePages:        0 kB
Node 1 FilePmdMapped:        0 kB
Node 1 HugePages_Total:     0
Node 1 HugePages_Free:      0
Node 1 HugePages_Surp:      0

After Test
Node 0 MemTotal:       24743736 kB
Node 0 MemFree:        23791944 kB
Node 0 MemUsed:          951792 kB
Node 0 Active:            33720 kB
Node 0 Inactive:         103204 kB
Node 0 Active(anon):      10512 kB
Node 0 Inactive(anon):      516 kB
Node 0 Active(file):      23208 kB
Node 0 Inactive(file):   102688 kB
Node 0 Unevictable:        4596 kB
Node 0 Mlocked:            4596 kB
Node 0 Dirty:                52 kB
Node 0 Writeback:             0 kB
Node 0 FilePages:        131184 kB
Node 0 Mapped:            33476 kB
Node 0 AnonPages:         10400 kB
Node 0 Shmem:               672 kB
Node 0 KernelStack:        3208 kB
Node 0 PageTables:          364 kB
Node 0 NFS_Unstable:          0 kB
Node 0 Bounce:                0 kB
Node 0 WritebackTmp:          0 kB
Node 0 KReclaimable:      22948 kB
Node 0 Slab:              60496 kB
Node 0 SReclaimable:      22948 kB
Node 0 SUnreclaim:        37548 kB
Node 0 AnonHugePages:         0 kB
Node 0 ShmemHugePages:        0 kB
Node 0 ShmemPmdMapped:        0 kB
Node 0 FileHugePages:        0 kB
Node 0 FilePmdMapped:        0 kB
Node 0 HugePages_Total:     0
Node 0 HugePages_Free:      0
Node 0 HugePages_Surp:      0

Node 1 MemTotal:       24686196 kB
Node 1 MemFree:        22503368 kB
Node 1 MemUsed:         2182828 kB
Node 1 Active:            66504 kB
Node 1 Inactive:         602644 kB
Node 1 Active(anon):      23204 kB
Node 1 Inactive(anon):      432 kB
Node 1 Active(file):      43300 kB
Node 1 Inactive(file):   602212 kB
Node 1 Unevictable:       14156 kB
Node 1 Mlocked:           14156 kB
Node 1 Dirty:                20 kB
Node 1 Writeback:             0 kB
Node 1 FilePages:        649708 kB
Node 1 Mapped:            20312 kB
Node 1 AnonPages:         33468 kB
Node 1 Shmem:               596 kB
Node 1 KernelStack:        1432 kB
Node 1 PageTables:          840 kB
Node 1 NFS_Unstable:          0 kB
Node 1 Bounce:                0 kB
Node 1 WritebackTmp:          0 kB
Node 1 KReclaimable:      22016 kB
Node 1 Slab:              69164 kB
Node 1 SReclaimable:      22016 kB
Node 1 SUnreclaim:        47148 kB
Node 1 AnonHugePages:         0 kB
Node 1 ShmemHugePages:        0 kB
Node 1 ShmemPmdMapped:        0 kB
Node 1 FileHugePages:        0 kB
Node 1 FilePmdMapped:        0 kB
Node 1 HugePages_Total:     0
Node 1 HugePages_Free:      0
Node 1 HugePages_Surp:      0

After Opposite Node
Node 0 MemTotal:       24743736 kB
Node 0 MemFree:        23792380 kB
Node 0 MemUsed:          951356 kB
Node 0 Active:            34180 kB
Node 0 Inactive:         103016 kB
Node 0 Active(anon):      10740 kB
Node 0 Inactive(anon):      516 kB
Node 0 Active(file):      23440 kB
Node 0 Inactive(file):   102500 kB
Node 0 Unevictable:        4596 kB
Node 0 Mlocked:            4596 kB
Node 0 Dirty:                52 kB
Node 0 Writeback:             0 kB
Node 0 FilePages:        131204 kB
Node 0 Mapped:            33444 kB
Node 0 AnonPages:         10396 kB
Node 0 Shmem:               672 kB
Node 0 KernelStack:        3224 kB
Node 0 PageTables:          492 kB
Node 0 NFS_Unstable:          0 kB
Node 0 Bounce:                0 kB
Node 0 WritebackTmp:          0 kB
Node 0 KReclaimable:      22980 kB
Node 0 Slab:              60596 kB
Node 0 SReclaimable:      22980 kB
Node 0 SUnreclaim:        37616 kB
Node 0 AnonHugePages:         0 kB
Node 0 ShmemHugePages:        0 kB
Node 0 ShmemPmdMapped:        0 kB
Node 0 FileHugePages:        0 kB
Node 0 FilePmdMapped:        0 kB
Node 0 HugePages_Total:     0
Node 0 HugePages_Free:      0
Node 0 HugePages_Surp:      0

Node 1 MemTotal:       24686196 kB
Node 1 MemFree:        22503152 kB
Node 1 MemUsed:         2183044 kB
Node 1 Active:            66168 kB
Node 1 Inactive:         602584 kB
Node 1 Active(anon):      22804 kB
Node 1 Inactive(anon):      424 kB
Node 1 Active(file):      43364 kB
Node 1 Inactive(file):   602160 kB
Node 1 Unevictable:       14156 kB
Node 1 Mlocked:           14156 kB
Node 1 Dirty:                28 kB
Node 1 Writeback:             0 kB
Node 1 FilePages:        649720 kB
Node 1 Mapped:            20308 kB
Node 1 AnonPages:         33208 kB
Node 1 Shmem:               596 kB
Node 1 KernelStack:        1400 kB
Node 1 PageTables:          688 kB
Node 1 NFS_Unstable:          0 kB
Node 1 Bounce:                0 kB
Node 1 WritebackTmp:          0 kB
Node 1 KReclaimable:      22016 kB
Node 1 Slab:              69448 kB
Node 1 SReclaimable:      22016 kB
Node 1 SUnreclaim:        47432 kB
Node 1 AnonHugePages:         0 kB
Node 1 ShmemHugePages:        0 kB
Node 1 ShmemPmdMapped:        0 kB
Node 1 FileHugePages:        0 kB
Node 1 FilePmdMapped:        0 kB
Node 1 HugePages_Total:     0
Node 1 HugePages_Free:      0
Node 1 HugePages_Surp:      0

B.1.512M-simpleread.2-1G.1.O.1M Complete!
