kernel.numa_balancing = 0
B.1.32M-simpleread.4G.1.O.1M
Begin
Node 0 MemTotal:       24743736 kB
Node 0 MemFree:        24390080 kB
Node 0 MemUsed:          353656 kB
Node 0 Active:            50992 kB
Node 0 Inactive:          28336 kB
Node 0 Active(anon):       6768 kB
Node 0 Inactive(anon):      364 kB
Node 0 Active(file):      44224 kB
Node 0 Inactive(file):    27972 kB
Node 0 Unevictable:        5520 kB
Node 0 Mlocked:            5520 kB
Node 0 Dirty:                20 kB
Node 0 Writeback:             0 kB
Node 0 FilePages:         78312 kB
Node 0 Mapped:            21448 kB
Node 0 AnonPages:          6584 kB
Node 0 Shmem:               572 kB
Node 0 KernelStack:        2280 kB
Node 0 PageTables:          332 kB
Node 0 NFS_Unstable:          0 kB
Node 0 Bounce:                0 kB
Node 0 WritebackTmp:          0 kB
Node 0 KReclaimable:      20944 kB
Node 0 Slab:              51764 kB
Node 0 SReclaimable:      20944 kB
Node 0 SUnreclaim:        30820 kB
Node 0 AnonHugePages:         0 kB
Node 0 ShmemHugePages:        0 kB
Node 0 ShmemPmdMapped:        0 kB
Node 0 FileHugePages:        0 kB
Node 0 FilePmdMapped:        0 kB
Node 0 HugePages_Total:     0
Node 0 HugePages_Free:      0
Node 0 HugePages_Surp:      0

Node 1 MemTotal:       24686196 kB
Node 1 MemFree:        24428328 kB
Node 1 MemUsed:          257868 kB
Node 1 Active:            44520 kB
Node 1 Inactive:          61344 kB
Node 1 Active(anon):      27104 kB
Node 1 Inactive(anon):      512 kB
Node 1 Active(file):      17416 kB
Node 1 Inactive(file):    60832 kB
Node 1 Unevictable:       13004 kB
Node 1 Mlocked:           13004 kB
Node 1 Dirty:               480 kB
Node 1 Writeback:             0 kB
Node 1 FilePages:         81628 kB
Node 1 Mapped:            22392 kB
Node 1 AnonPages:         37236 kB
Node 1 Shmem:               696 kB
Node 1 KernelStack:        1384 kB
Node 1 PageTables:          720 kB
Node 1 NFS_Unstable:          0 kB
Node 1 Bounce:                0 kB
Node 1 WritebackTmp:          0 kB
Node 1 KReclaimable:      20740 kB
Node 1 Slab:              53884 kB
Node 1 SReclaimable:      20740 kB
Node 1 SUnreclaim:        33144 kB
Node 1 AnonHugePages:         0 kB
Node 1 ShmemHugePages:        0 kB
Node 1 ShmemPmdMapped:        0 kB
Node 1 FileHugePages:        0 kB
Node 1 FilePmdMapped:        0 kB
Node 1 HugePages_Total:     0
Node 1 HugePages_Free:      0
Node 1 HugePages_Surp:      0

Load ZFS
Node 0 MemTotal:       24743736 kB
Node 0 MemFree:        24447156 kB
Node 0 MemUsed:          296580 kB
Node 0 Active:            64576 kB
Node 0 Inactive:          86804 kB
Node 0 Active(anon):      19716 kB
Node 0 Inactive(anon):      480 kB
Node 0 Active(file):      44860 kB
Node 0 Inactive(file):    86324 kB
Node 0 Unevictable:        5520 kB
Node 0 Mlocked:            5520 kB
Node 0 Dirty:                12 kB
Node 0 Writeback:             0 kB
Node 0 FilePages:        137396 kB
Node 0 Mapped:            23264 kB
Node 0 AnonPages:         19520 kB
Node 0 Shmem:               692 kB
Node 0 KernelStack:        2552 kB
Node 0 PageTables:         1076 kB
Node 0 NFS_Unstable:          0 kB
Node 0 Bounce:                0 kB
Node 0 WritebackTmp:          0 kB
Node 0 KReclaimable:      21792 kB
Node 0 Slab:              55220 kB
Node 0 SReclaimable:      21792 kB
Node 0 SUnreclaim:        33428 kB
Node 0 AnonHugePages:         0 kB
Node 0 ShmemHugePages:        0 kB
Node 0 ShmemPmdMapped:        0 kB
Node 0 FileHugePages:        0 kB
Node 0 FilePmdMapped:        0 kB
Node 0 HugePages_Total:     0
Node 0 HugePages_Free:      0
Node 0 HugePages_Surp:      0

Node 1 MemTotal:       24686196 kB
Node 1 MemFree:        24226224 kB
Node 1 MemUsed:          459972 kB
Node 1 Active:            60700 kB
Node 1 Inactive:         106372 kB
Node 1 Active(anon):      41316 kB
Node 1 Inactive(anon):      464 kB
Node 1 Active(file):      19384 kB
Node 1 Inactive(file):   105908 kB
Node 1 Unevictable:       13216 kB
Node 1 Mlocked:           13216 kB
Node 1 Dirty:               492 kB
Node 1 Writeback:             0 kB
Node 1 FilePages:        128540 kB
Node 1 Mapped:            24448 kB
Node 1 AnonPages:         51728 kB
Node 1 Shmem:               576 kB
Node 1 KernelStack:        1756 kB
Node 1 PageTables:         1184 kB
Node 1 NFS_Unstable:          0 kB
Node 1 Bounce:                0 kB
Node 1 WritebackTmp:          0 kB
Node 1 KReclaimable:      21524 kB
Node 1 Slab:              56692 kB
Node 1 SReclaimable:      21524 kB
Node 1 SUnreclaim:        35168 kB
Node 1 AnonHugePages:         0 kB
Node 1 ShmemHugePages:        0 kB
Node 1 ShmemPmdMapped:        0 kB
Node 1 FileHugePages:        0 kB
Node 1 FilePmdMapped:        0 kB
Node 1 HugePages_Total:     0
Node 1 HugePages_Free:      0
Node 1 HugePages_Surp:      0

Import tank ZPool
Node 0 MemTotal:       24743736 kB
Node 0 MemFree:        24428392 kB
Node 0 MemUsed:          315344 kB
Node 0 Active:            65764 kB
Node 0 Inactive:          87760 kB
Node 0 Active(anon):      20128 kB
Node 0 Inactive(anon):      484 kB
Node 0 Active(file):      45636 kB
Node 0 Inactive(file):    87276 kB
Node 0 Unevictable:        5520 kB
Node 0 Mlocked:            5520 kB
Node 0 Dirty:                28 kB
Node 0 Writeback:             0 kB
Node 0 FilePages:        139140 kB
Node 0 Mapped:            23488 kB
Node 0 AnonPages:         19560 kB
Node 0 Shmem:               688 kB
Node 0 KernelStack:        3656 kB
Node 0 PageTables:         1148 kB
Node 0 NFS_Unstable:          0 kB
Node 0 Bounce:                0 kB
Node 0 WritebackTmp:          0 kB
Node 0 KReclaimable:      21948 kB
Node 0 Slab:              61588 kB
Node 0 SReclaimable:      21948 kB
Node 0 SUnreclaim:        39640 kB
Node 0 AnonHugePages:         0 kB
Node 0 ShmemHugePages:        0 kB
Node 0 ShmemPmdMapped:        0 kB
Node 0 FileHugePages:        0 kB
Node 0 FilePmdMapped:        0 kB
Node 0 HugePages_Total:     0
Node 0 HugePages_Free:      0
Node 0 HugePages_Surp:      0

Node 1 MemTotal:       24686196 kB
Node 1 MemFree:        24226912 kB
Node 1 MemUsed:          459284 kB
Node 1 Active:            60264 kB
Node 1 Inactive:         106376 kB
Node 1 Active(anon):      41072 kB
Node 1 Inactive(anon):      468 kB
Node 1 Active(file):      19192 kB
Node 1 Inactive(file):   105908 kB
Node 1 Unevictable:       13232 kB
Node 1 Mlocked:           13232 kB
Node 1 Dirty:               556 kB
Node 1 Writeback:             0 kB
Node 1 FilePages:        128352 kB
Node 1 Mapped:            24212 kB
Node 1 AnonPages:         51516 kB
Node 1 Shmem:               580 kB
Node 1 KernelStack:        1656 kB
Node 1 PageTables:         1392 kB
Node 1 NFS_Unstable:          0 kB
Node 1 Bounce:                0 kB
Node 1 WritebackTmp:          0 kB
Node 1 KReclaimable:      21548 kB
Node 1 Slab:              56772 kB
Node 1 SReclaimable:      21548 kB
Node 1 SUnreclaim:        35224 kB
Node 1 AnonHugePages:         0 kB
Node 1 ShmemHugePages:        0 kB
Node 1 ShmemPmdMapped:        0 kB
Node 1 FileHugePages:        0 kB
Node 1 FilePmdMapped:        0 kB
Node 1 HugePages_Total:     0
Node 1 HugePages_Free:      0
Node 1 HugePages_Surp:      0

After Test
Node 0 MemTotal:       24743736 kB
Node 0 MemFree:        19562476 kB
Node 0 MemUsed:         5181260 kB
Node 0 Active:            51648 kB
Node 0 Inactive:         118704 kB
Node 0 Active(anon):       5804 kB
Node 0 Inactive(anon):      476 kB
Node 0 Active(file):      45844 kB
Node 0 Inactive(file):   118228 kB
Node 0 Unevictable:        5520 kB
Node 0 Mlocked:            5520 kB
Node 0 Dirty:                 4 kB
Node 0 Writeback:             0 kB
Node 0 FilePages:        170276 kB
Node 0 Mapped:            21456 kB
Node 0 AnonPages:          5596 kB
Node 0 Shmem:               684 kB
Node 0 KernelStack:        3224 kB
Node 0 PageTables:          268 kB
Node 0 NFS_Unstable:          0 kB
Node 0 Bounce:                0 kB
Node 0 WritebackTmp:          0 kB
Node 0 KReclaimable:      22084 kB
Node 0 Slab:              80464 kB
Node 0 SReclaimable:      22084 kB
Node 0 SUnreclaim:        58380 kB
Node 0 AnonHugePages:         0 kB
Node 0 ShmemHugePages:        0 kB
Node 0 ShmemPmdMapped:        0 kB
Node 0 FileHugePages:        0 kB
Node 0 FilePmdMapped:        0 kB
Node 0 HugePages_Total:     0
Node 0 HugePages_Free:      0
Node 0 HugePages_Surp:      0

Node 1 MemTotal:       24686196 kB
Node 1 MemFree:        24047824 kB
Node 1 MemUsed:          638372 kB
Node 1 Active:            48016 kB
Node 1 Inactive:         106060 kB
Node 1 Active(anon):      27864 kB
Node 1 Inactive(anon):      468 kB
Node 1 Active(file):      20152 kB
Node 1 Inactive(file):   105592 kB
Node 1 Unevictable:       13232 kB
Node 1 Mlocked:           13232 kB
Node 1 Dirty:                24 kB
Node 1 Writeback:             0 kB
Node 1 FilePages:        129000 kB
Node 1 Mapped:            22480 kB
Node 1 AnonPages:         38160 kB
Node 1 Shmem:               584 kB
Node 1 KernelStack:        1448 kB
Node 1 PageTables:          868 kB
Node 1 NFS_Unstable:          0 kB
Node 1 Bounce:                0 kB
Node 1 WritebackTmp:          0 kB
Node 1 KReclaimable:      21604 kB
Node 1 Slab:              57992 kB
Node 1 SReclaimable:      21604 kB
Node 1 SUnreclaim:        36388 kB
Node 1 AnonHugePages:         0 kB
Node 1 ShmemHugePages:        0 kB
Node 1 ShmemPmdMapped:        0 kB
Node 1 FileHugePages:        0 kB
Node 1 FilePmdMapped:        0 kB
Node 1 HugePages_Total:     0
Node 1 HugePages_Free:      0
Node 1 HugePages_Surp:      0

After Opposite Node
Node 0 MemTotal:       24743736 kB
Node 0 MemFree:        19563648 kB
Node 0 MemUsed:         5180088 kB
Node 0 Active:            52084 kB
Node 0 Inactive:         118656 kB
Node 0 Active(anon):       6164 kB
Node 0 Inactive(anon):      476 kB
Node 0 Active(file):      45920 kB
Node 0 Inactive(file):   118180 kB
Node 0 Unevictable:        5520 kB
Node 0 Mlocked:            5520 kB
Node 0 Dirty:                20 kB
Node 0 Writeback:             0 kB
Node 0 FilePages:        170304 kB
Node 0 Mapped:            21448 kB
Node 0 AnonPages:          5808 kB
Node 0 Shmem:               684 kB
Node 0 KernelStack:        3240 kB
Node 0 PageTables:          384 kB
Node 0 NFS_Unstable:          0 kB
Node 0 Bounce:                0 kB
Node 0 WritebackTmp:          0 kB
Node 0 KReclaimable:      22116 kB
Node 0 Slab:              80772 kB
Node 0 SReclaimable:      22116 kB
Node 0 SUnreclaim:        58656 kB
Node 0 AnonHugePages:         0 kB
Node 0 ShmemHugePages:        0 kB
Node 0 ShmemPmdMapped:        0 kB
Node 0 FileHugePages:        0 kB
Node 0 FilePmdMapped:        0 kB
Node 0 HugePages_Total:     0
Node 0 HugePages_Free:      0
Node 0 HugePages_Surp:      0

Node 1 MemTotal:       24686196 kB
Node 1 MemFree:        24049616 kB
Node 1 MemUsed:          636580 kB
Node 1 Active:            47856 kB
Node 1 Inactive:         105856 kB
Node 1 Active(anon):      27496 kB
Node 1 Inactive(anon):      468 kB
Node 1 Active(file):      20360 kB
Node 1 Inactive(file):   105388 kB
Node 1 Unevictable:       13232 kB
Node 1 Mlocked:           13232 kB
Node 1 Dirty:                28 kB
Node 1 Writeback:             0 kB
Node 1 FilePages:        129004 kB
Node 1 Mapped:            22700 kB
Node 1 AnonPages:         37940 kB
Node 1 Shmem:               584 kB
Node 1 KernelStack:        1432 kB
Node 1 PageTables:          756 kB
Node 1 NFS_Unstable:          0 kB
Node 1 Bounce:                0 kB
Node 1 WritebackTmp:          0 kB
Node 1 KReclaimable:      21604 kB
Node 1 Slab:              57968 kB
Node 1 SReclaimable:      21604 kB
Node 1 SUnreclaim:        36364 kB
Node 1 AnonHugePages:         0 kB
Node 1 ShmemHugePages:        0 kB
Node 1 ShmemPmdMapped:        0 kB
Node 1 FileHugePages:        0 kB
Node 1 FilePmdMapped:        0 kB
Node 1 HugePages_Total:     0
Node 1 HugePages_Free:      0
Node 1 HugePages_Surp:      0

B.1.32M-simpleread.4G.1.O.1M Complete!
