kernel.numa_balancing = 0
B.1.64M-simpleread.500M.2.O.1M
Begin
Node 0 MemTotal:       24743736 kB
Node 0 MemFree:        24425888 kB
Node 0 MemUsed:          317848 kB
Node 0 Active:            71740 kB
Node 0 Inactive:          77432 kB
Node 0 Active(anon):      25512 kB
Node 0 Inactive(anon):      460 kB
Node 0 Active(file):      46228 kB
Node 0 Inactive(file):    76972 kB
Node 0 Unevictable:       16948 kB
Node 0 Mlocked:           16948 kB
Node 0 Dirty:               468 kB
Node 0 Writeback:             0 kB
Node 0 FilePages:        130484 kB
Node 0 Mapped:            38880 kB
Node 0 AnonPages:         35744 kB
Node 0 Shmem:               668 kB
Node 0 KernelStack:        2216 kB
Node 0 PageTables:          888 kB
Node 0 NFS_Unstable:          0 kB
Node 0 Bounce:                0 kB
Node 0 WritebackTmp:          0 kB
Node 0 KReclaimable:      25016 kB
Node 0 Slab:              66784 kB
Node 0 SReclaimable:      25016 kB
Node 0 SUnreclaim:        41768 kB
Node 0 AnonHugePages:         0 kB
Node 0 ShmemHugePages:        0 kB
Node 0 ShmemPmdMapped:        0 kB
Node 0 FileHugePages:        0 kB
Node 0 FilePmdMapped:        0 kB
Node 0 HugePages_Total:     0
Node 0 HugePages_Free:      0
Node 0 HugePages_Surp:      0

Node 1 MemTotal:       24686196 kB
Node 1 MemFree:        24371628 kB
Node 1 MemUsed:          314568 kB
Node 1 Active:            24420 kB
Node 1 Inactive:          30476 kB
Node 1 Active(anon):       8212 kB
Node 1 Inactive(anon):      416 kB
Node 1 Active(file):      16208 kB
Node 1 Inactive(file):    30060 kB
Node 1 Unevictable:        1576 kB
Node 1 Mlocked:            1576 kB
Node 1 Dirty:                40 kB
Node 1 Writeback:             0 kB
Node 1 FilePages:         48480 kB
Node 1 Mapped:            19284 kB
Node 1 AnonPages:          8084 kB
Node 1 Shmem:               600 kB
Node 1 KernelStack:        1432 kB
Node 1 PageTables:          244 kB
Node 1 NFS_Unstable:          0 kB
Node 1 Bounce:                0 kB
Node 1 WritebackTmp:          0 kB
Node 1 KReclaimable:      17084 kB
Node 1 Slab:              40176 kB
Node 1 SReclaimable:      17084 kB
Node 1 SUnreclaim:        23092 kB
Node 1 AnonHugePages:         0 kB
Node 1 ShmemHugePages:        0 kB
Node 1 ShmemPmdMapped:        0 kB
Node 1 FileHugePages:        0 kB
Node 1 FilePmdMapped:        0 kB
Node 1 HugePages_Total:     0
Node 1 HugePages_Free:      0
Node 1 HugePages_Surp:      0

Load ZFS
Node 0 MemTotal:       24743736 kB
Node 0 MemFree:        24374772 kB
Node 0 MemUsed:          368964 kB
Node 0 Active:            86356 kB
Node 0 Inactive:         109720 kB
Node 0 Active(anon):      38940 kB
Node 0 Inactive(anon):      452 kB
Node 0 Active(file):      47416 kB
Node 0 Inactive(file):   109268 kB
Node 0 Unevictable:       17148 kB
Node 0 Mlocked:           17148 kB
Node 0 Dirty:               404 kB
Node 0 Writeback:             0 kB
Node 0 FilePages:        164252 kB
Node 0 Mapped:            40336 kB
Node 0 AnonPages:         49452 kB
Node 0 Shmem:               664 kB
Node 0 KernelStack:        2640 kB
Node 0 PageTables:         1592 kB
Node 0 NFS_Unstable:          0 kB
Node 0 Bounce:                0 kB
Node 0 WritebackTmp:          0 kB
Node 0 KReclaimable:      25776 kB
Node 0 Slab:              68896 kB
Node 0 SReclaimable:      25776 kB
Node 0 SUnreclaim:        43120 kB
Node 0 AnonHugePages:         0 kB
Node 0 ShmemHugePages:        0 kB
Node 0 ShmemPmdMapped:        0 kB
Node 0 FileHugePages:        0 kB
Node 0 FilePmdMapped:        0 kB
Node 0 HugePages_Total:     0
Node 0 HugePages_Free:      0
Node 0 HugePages_Surp:      0

Node 1 MemTotal:       24686196 kB
Node 1 MemFree:        24278724 kB
Node 1 MemUsed:          407472 kB
Node 1 Active:            39048 kB
Node 1 Inactive:         101620 kB
Node 1 Active(anon):      21552 kB
Node 1 Inactive(anon):      492 kB
Node 1 Active(file):      17496 kB
Node 1 Inactive(file):   101128 kB
Node 1 Unevictable:        1576 kB
Node 1 Mlocked:            1576 kB
Node 1 Dirty:               192 kB
Node 1 Writeback:             0 kB
Node 1 FilePages:        120804 kB
Node 1 Mapped:            22076 kB
Node 1 AnonPages:         21448 kB
Node 1 Shmem:               604 kB
Node 1 KernelStack:        1664 kB
Node 1 PageTables:          920 kB
Node 1 NFS_Unstable:          0 kB
Node 1 Bounce:                0 kB
Node 1 WritebackTmp:          0 kB
Node 1 KReclaimable:      18108 kB
Node 1 Slab:              44832 kB
Node 1 SReclaimable:      18108 kB
Node 1 SUnreclaim:        26724 kB
Node 1 AnonHugePages:         0 kB
Node 1 ShmemHugePages:        0 kB
Node 1 ShmemPmdMapped:        0 kB
Node 1 FileHugePages:        0 kB
Node 1 FilePmdMapped:        0 kB
Node 1 HugePages_Total:     0
Node 1 HugePages_Free:      0
Node 1 HugePages_Surp:      0

Import tank ZPool
Node 0 MemTotal:       24743736 kB
Node 0 MemFree:        24370248 kB
Node 0 MemUsed:          373488 kB
Node 0 Active:            73240 kB
Node 0 Inactive:         109748 kB
Node 0 Active(anon):      25808 kB
Node 0 Inactive(anon):      464 kB
Node 0 Active(file):      47432 kB
Node 0 Inactive(file):   109284 kB
Node 0 Unevictable:       17180 kB
Node 0 Mlocked:           17180 kB
Node 0 Dirty:               340 kB
Node 0 Writeback:             0 kB
Node 0 FilePages:        164080 kB
Node 0 Mapped:            39584 kB
Node 0 AnonPages:         35696 kB
Node 0 Shmem:               664 kB
Node 0 KernelStack:        3548 kB
Node 0 PageTables:         1296 kB
Node 0 NFS_Unstable:          0 kB
Node 0 Bounce:                0 kB
Node 0 WritebackTmp:          0 kB
Node 0 KReclaimable:      25828 kB
Node 0 Slab:              75152 kB
Node 0 SReclaimable:      25828 kB
Node 0 SUnreclaim:        49324 kB
Node 0 AnonHugePages:         0 kB
Node 0 ShmemHugePages:        0 kB
Node 0 ShmemPmdMapped:        0 kB
Node 0 FileHugePages:        0 kB
Node 0 FilePmdMapped:        0 kB
Node 0 HugePages_Total:     0
Node 0 HugePages_Free:      0
Node 0 HugePages_Surp:      0

Node 1 MemTotal:       24686196 kB
Node 1 MemFree:        24285336 kB
Node 1 MemUsed:          400860 kB
Node 1 Active:            27628 kB
Node 1 Inactive:         102492 kB
Node 1 Active(anon):       9540 kB
Node 1 Inactive(anon):      488 kB
Node 1 Active(file):      18088 kB
Node 1 Inactive(file):   102004 kB
Node 1 Unevictable:        1576 kB
Node 1 Mlocked:            1576 kB
Node 1 Dirty:               224 kB
Node 1 Writeback:             0 kB
Node 1 FilePages:        122272 kB
Node 1 Mapped:            20536 kB
Node 1 AnonPages:          9548 kB
Node 1 Shmem:               604 kB
Node 1 KernelStack:        1640 kB
Node 1 PageTables:          988 kB
Node 1 NFS_Unstable:          0 kB
Node 1 Bounce:                0 kB
Node 1 WritebackTmp:          0 kB
Node 1 KReclaimable:      18224 kB
Node 1 Slab:              45684 kB
Node 1 SReclaimable:      18224 kB
Node 1 SUnreclaim:        27460 kB
Node 1 AnonHugePages:         0 kB
Node 1 ShmemHugePages:        0 kB
Node 1 ShmemPmdMapped:        0 kB
Node 1 FileHugePages:        0 kB
Node 1 FilePmdMapped:        0 kB
Node 1 HugePages_Total:     0
Node 1 HugePages_Free:      0
Node 1 HugePages_Surp:      0

After Test
Node 0 MemTotal:       24743736 kB
Node 0 MemFree:        24188636 kB
Node 0 MemUsed:          555100 kB
Node 0 Active:            72668 kB
Node 0 Inactive:         109308 kB
Node 0 Active(anon):      24572 kB
Node 0 Inactive(anon):      464 kB
Node 0 Active(file):      48096 kB
Node 0 Inactive(file):   108844 kB
Node 0 Unevictable:       17180 kB
Node 0 Mlocked:           17180 kB
Node 0 Dirty:               240 kB
Node 0 Writeback:             0 kB
Node 0 FilePages:        164228 kB
Node 0 Mapped:            38944 kB
Node 0 AnonPages:         34964 kB
Node 0 Shmem:               664 kB
Node 0 KernelStack:        3288 kB
Node 0 PageTables:          856 kB
Node 0 NFS_Unstable:          0 kB
Node 0 Bounce:                0 kB
Node 0 WritebackTmp:          0 kB
Node 0 KReclaimable:      25832 kB
Node 0 Slab:              75576 kB
Node 0 SReclaimable:      25832 kB
Node 0 SUnreclaim:        49744 kB
Node 0 AnonHugePages:         0 kB
Node 0 ShmemHugePages:        0 kB
Node 0 ShmemPmdMapped:        0 kB
Node 0 FileHugePages:        0 kB
Node 0 FilePmdMapped:        0 kB
Node 0 HugePages_Total:     0
Node 0 HugePages_Free:      0
Node 0 HugePages_Surp:      0

Node 1 MemTotal:       24686196 kB
Node 1 MemFree:        23349936 kB
Node 1 MemUsed:         1336260 kB
Node 1 Active:            27628 kB
Node 1 Inactive:         164804 kB
Node 1 Active(anon):       8876 kB
Node 1 Inactive(anon):      488 kB
Node 1 Active(file):      18752 kB
Node 1 Inactive(file):   164316 kB
Node 1 Unevictable:        1576 kB
Node 1 Mlocked:            1576 kB
Node 1 Dirty:               220 kB
Node 1 Writeback:             0 kB
Node 1 FilePages:        185248 kB
Node 1 Mapped:            19356 kB
Node 1 AnonPages:          8904 kB
Node 1 Shmem:               604 kB
Node 1 KernelStack:        1416 kB
Node 1 PageTables:          264 kB
Node 1 NFS_Unstable:          0 kB
Node 1 Bounce:                0 kB
Node 1 WritebackTmp:          0 kB
Node 1 KReclaimable:      18412 kB
Node 1 Slab:              51172 kB
Node 1 SReclaimable:      18412 kB
Node 1 SUnreclaim:        32760 kB
Node 1 AnonHugePages:         0 kB
Node 1 ShmemHugePages:        0 kB
Node 1 ShmemPmdMapped:        0 kB
Node 1 FileHugePages:        0 kB
Node 1 FilePmdMapped:        0 kB
Node 1 HugePages_Total:     0
Node 1 HugePages_Free:      0
Node 1 HugePages_Surp:      0

After Opposite Node
Node 0 MemTotal:       24743736 kB
Node 0 MemFree:        24187940 kB
Node 0 MemUsed:          555796 kB
Node 0 Active:            73312 kB
Node 0 Inactive:         109108 kB
Node 0 Active(anon):      25004 kB
Node 0 Inactive(anon):      456 kB
Node 0 Active(file):      48308 kB
Node 0 Inactive(file):   108652 kB
Node 0 Unevictable:       17180 kB
Node 0 Mlocked:           17180 kB
Node 0 Dirty:               244 kB
Node 0 Writeback:             0 kB
Node 0 FilePages:        164248 kB
Node 0 Mapped:            39156 kB
Node 0 AnonPages:         35116 kB
Node 0 Shmem:               664 kB
Node 0 KernelStack:        3352 kB
Node 0 PageTables:          980 kB
Node 0 NFS_Unstable:          0 kB
Node 0 Bounce:                0 kB
Node 0 WritebackTmp:          0 kB
Node 0 KReclaimable:      25864 kB
Node 0 Slab:              75724 kB
Node 0 SReclaimable:      25864 kB
Node 0 SUnreclaim:        49860 kB
Node 0 AnonHugePages:         0 kB
Node 0 ShmemHugePages:        0 kB
Node 0 ShmemPmdMapped:        0 kB
Node 0 FileHugePages:        0 kB
Node 0 FilePmdMapped:        0 kB
Node 0 HugePages_Total:     0
Node 0 HugePages_Free:      0
Node 0 HugePages_Surp:      0

Node 1 MemTotal:       24686196 kB
Node 1 MemFree:        23349928 kB
Node 1 MemUsed:         1336268 kB
Node 1 Active:            27356 kB
Node 1 Inactive:         164752 kB
Node 1 Active(anon):       8540 kB
Node 1 Inactive(anon):      488 kB
Node 1 Active(file):      18816 kB
Node 1 Inactive(file):   164264 kB
Node 1 Unevictable:        1576 kB
Node 1 Mlocked:            1576 kB
Node 1 Dirty:               232 kB
Node 1 Writeback:             0 kB
Node 1 FilePages:        185260 kB
Node 1 Mapped:            19328 kB
Node 1 AnonPages:          8424 kB
Node 1 Shmem:               604 kB
Node 1 KernelStack:        1400 kB
Node 1 PageTables:          256 kB
Node 1 NFS_Unstable:          0 kB
Node 1 Bounce:                0 kB
Node 1 WritebackTmp:          0 kB
Node 1 KReclaimable:      18412 kB
Node 1 Slab:              51172 kB
Node 1 SReclaimable:      18412 kB
Node 1 SUnreclaim:        32760 kB
Node 1 AnonHugePages:         0 kB
Node 1 ShmemHugePages:        0 kB
Node 1 ShmemPmdMapped:        0 kB
Node 1 FileHugePages:        0 kB
Node 1 FilePmdMapped:        0 kB
Node 1 HugePages_Total:     0
Node 1 HugePages_Free:      0
Node 1 HugePages_Surp:      0

B.1.64M-simpleread.500M.2.O.1M Complete!
