U.0.fio.0-12K.1.O
Begin
Node 0 MemTotal:       24743736 kB
Node 0 MemFree:        24353952 kB
Node 0 MemUsed:          389784 kB
Node 0 Active:            49240 kB
Node 0 Inactive:          63400 kB
Node 0 Active(anon):      10908 kB
Node 0 Inactive(anon):      456 kB
Node 0 Active(file):      38332 kB
Node 0 Inactive(file):    62944 kB
Node 0 Unevictable:        4548 kB
Node 0 Mlocked:            4548 kB
Node 0 Dirty:               132 kB
Node 0 Writeback:             0 kB
Node 0 FilePages:        106524 kB
Node 0 Mapped:            30548 kB
Node 0 AnonPages:         10676 kB
Node 0 Shmem:               692 kB
Node 0 KernelStack:        2360 kB
Node 0 PageTables:          356 kB
Node 0 NFS_Unstable:          0 kB
Node 0 Bounce:                0 kB
Node 0 WritebackTmp:          0 kB
Node 0 KReclaimable:      19780 kB
Node 0 Slab:              53252 kB
Node 0 SReclaimable:      19780 kB
Node 0 SUnreclaim:        33472 kB
Node 0 AnonHugePages:         0 kB
Node 0 ShmemHugePages:        0 kB
Node 0 ShmemPmdMapped:        0 kB
Node 0 FileHugePages:        0 kB
Node 0 FilePmdMapped:        0 kB
Node 0 HugePages_Total:     0
Node 0 HugePages_Free:      0
Node 0 HugePages_Surp:      0

Node 1 MemTotal:       24686196 kB
Node 1 MemFree:        24463236 kB
Node 1 MemUsed:          222960 kB
Node 1 Active:            44680 kB
Node 1 Inactive:          29532 kB
Node 1 Active(anon):      22500 kB
Node 1 Inactive(anon):      424 kB
Node 1 Active(file):      22180 kB
Node 1 Inactive(file):    29108 kB
Node 1 Unevictable:       13976 kB
Node 1 Mlocked:           13976 kB
Node 1 Dirty:                72 kB
Node 1 Writeback:             0 kB
Node 1 FilePages:         55512 kB
Node 1 Mapped:            18784 kB
Node 1 AnonPages:         32768 kB
Node 1 Shmem:               576 kB
Node 1 KernelStack:        1272 kB
Node 1 PageTables:          676 kB
Node 1 NFS_Unstable:          0 kB
Node 1 Bounce:                0 kB
Node 1 WritebackTmp:          0 kB
Node 1 KReclaimable:      21972 kB
Node 1 Slab:              52996 kB
Node 1 SReclaimable:      21972 kB
Node 1 SUnreclaim:        31024 kB
Node 1 AnonHugePages:         0 kB
Node 1 ShmemHugePages:        0 kB
Node 1 ShmemPmdMapped:        0 kB
Node 1 FileHugePages:        0 kB
Node 1 FilePmdMapped:        0 kB
Node 1 HugePages_Total:     0
Node 1 HugePages_Free:      0
Node 1 HugePages_Surp:      0

Load ZFS
Node 0 MemTotal:       24743736 kB
Node 0 MemFree:        24350948 kB
Node 0 MemUsed:          392788 kB
Node 0 Active:            56304 kB
Node 0 Inactive:          59016 kB
Node 0 Active(anon):      11772 kB
Node 0 Inactive(anon):      456 kB
Node 0 Active(file):      44532 kB
Node 0 Inactive(file):    58560 kB
Node 0 Unevictable:        4548 kB
Node 0 Mlocked:            4548 kB
Node 0 Dirty:               156 kB
Node 0 Writeback:             0 kB
Node 0 FilePages:        108328 kB
Node 0 Mapped:            30536 kB
Node 0 AnonPages:         11552 kB
Node 0 Shmem:               692 kB
Node 0 KernelStack:        2360 kB
Node 0 PageTables:          432 kB
Node 0 NFS_Unstable:          0 kB
Node 0 Bounce:                0 kB
Node 0 WritebackTmp:          0 kB
Node 0 KReclaimable:      20312 kB
Node 0 Slab:              55080 kB
Node 0 SReclaimable:      20312 kB
Node 0 SUnreclaim:        34768 kB
Node 0 AnonHugePages:         0 kB
Node 0 ShmemHugePages:        0 kB
Node 0 ShmemPmdMapped:        0 kB
Node 0 FileHugePages:        0 kB
Node 0 FilePmdMapped:        0 kB
Node 0 HugePages_Total:     0
Node 0 HugePages_Free:      0
Node 0 HugePages_Surp:      0

Node 1 MemTotal:       24686196 kB
Node 1 MemFree:        24454040 kB
Node 1 MemUsed:          232156 kB
Node 1 Active:            51552 kB
Node 1 Inactive:          29880 kB
Node 1 Active(anon):      28868 kB
Node 1 Inactive(anon):      424 kB
Node 1 Active(file):      22684 kB
Node 1 Inactive(file):    29456 kB
Node 1 Unevictable:       13976 kB
Node 1 Mlocked:           13976 kB
Node 1 Dirty:                76 kB
Node 1 Writeback:             0 kB
Node 1 FilePages:         56364 kB
Node 1 Mapped:            18940 kB
Node 1 AnonPages:         39076 kB
Node 1 Shmem:               576 kB
Node 1 KernelStack:        1448 kB
Node 1 PageTables:         1048 kB
Node 1 NFS_Unstable:          0 kB
Node 1 Bounce:                0 kB
Node 1 WritebackTmp:          0 kB
Node 1 KReclaimable:      22468 kB
Node 1 Slab:              55008 kB
Node 1 SReclaimable:      22468 kB
Node 1 SUnreclaim:        32540 kB
Node 1 AnonHugePages:         0 kB
Node 1 ShmemHugePages:        0 kB
Node 1 ShmemPmdMapped:        0 kB
Node 1 FileHugePages:        0 kB
Node 1 FilePmdMapped:        0 kB
Node 1 HugePages_Total:     0
Node 1 HugePages_Free:      0
Node 1 HugePages_Surp:      0

Import tank ZPool
Node 0 MemTotal:       24743736 kB
Node 0 MemFree:        24331536 kB
Node 0 MemUsed:          412200 kB
Node 0 Active:            56976 kB
Node 0 Inactive:          60148 kB
Node 0 Active(anon):      12136 kB
Node 0 Inactive(anon):      460 kB
Node 0 Active(file):      44840 kB
Node 0 Inactive(file):    59688 kB
Node 0 Unevictable:        4548 kB
Node 0 Mlocked:            4548 kB
Node 0 Dirty:               180 kB
Node 0 Writeback:             0 kB
Node 0 FilePages:        109772 kB
Node 0 Mapped:            30580 kB
Node 0 AnonPages:         11472 kB
Node 0 Shmem:               692 kB
Node 0 KernelStack:        3576 kB
Node 0 PageTables:          448 kB
Node 0 NFS_Unstable:          0 kB
Node 0 Bounce:                0 kB
Node 0 WritebackTmp:          0 kB
Node 0 KReclaimable:      20444 kB
Node 0 Slab:              61784 kB
Node 0 SReclaimable:      20444 kB
Node 0 SUnreclaim:        41340 kB
Node 0 AnonHugePages:         0 kB
Node 0 ShmemHugePages:        0 kB
Node 0 ShmemPmdMapped:        0 kB
Node 0 FileHugePages:        0 kB
Node 0 FilePmdMapped:        0 kB
Node 0 HugePages_Total:     0
Node 0 HugePages_Free:      0
Node 0 HugePages_Surp:      0

Node 1 MemTotal:       24686196 kB
Node 1 MemFree:        24455048 kB
Node 1 MemUsed:          231148 kB
Node 1 Active:            51552 kB
Node 1 Inactive:          29880 kB
Node 1 Active(anon):      28868 kB
Node 1 Inactive(anon):      424 kB
Node 1 Active(file):      22684 kB
Node 1 Inactive(file):    29456 kB
Node 1 Unevictable:       13976 kB
Node 1 Mlocked:           13976 kB
Node 1 Dirty:                80 kB
Node 1 Writeback:             0 kB
Node 1 FilePages:         56364 kB
Node 1 Mapped:            18800 kB
Node 1 AnonPages:         39104 kB
Node 1 Shmem:               576 kB
Node 1 KernelStack:        1448 kB
Node 1 PageTables:         1052 kB
Node 1 NFS_Unstable:          0 kB
Node 1 Bounce:                0 kB
Node 1 WritebackTmp:          0 kB
Node 1 KReclaimable:      22468 kB
Node 1 Slab:              54976 kB
Node 1 SReclaimable:      22468 kB
Node 1 SUnreclaim:        32508 kB
Node 1 AnonHugePages:         0 kB
Node 1 ShmemHugePages:        0 kB
Node 1 ShmemPmdMapped:        0 kB
Node 1 FileHugePages:        0 kB
Node 1 FilePmdMapped:        0 kB
Node 1 HugePages_Total:     0
Node 1 HugePages_Free:      0
Node 1 HugePages_Surp:      0

After Opposite Node
Node 0 MemTotal:       24743736 kB
Node 0 MemFree:        24330700 kB
Node 0 MemUsed:          413036 kB
Node 0 Active:            57320 kB
Node 0 Inactive:          59908 kB
Node 0 Active(anon):      11960 kB
Node 0 Inactive(anon):      460 kB
Node 0 Active(file):      45360 kB
Node 0 Inactive(file):    59448 kB
Node 0 Unevictable:        4548 kB
Node 0 Mlocked:            4548 kB
Node 0 Dirty:               196 kB
Node 0 Writeback:             0 kB
Node 0 FilePages:        110044 kB
Node 0 Mapped:            30548 kB
Node 0 AnonPages:         11772 kB
Node 0 Shmem:               692 kB
Node 0 KernelStack:        3528 kB
Node 0 PageTables:          424 kB
Node 0 NFS_Unstable:          0 kB
Node 0 Bounce:                0 kB
Node 0 WritebackTmp:          0 kB
Node 0 KReclaimable:      20448 kB
Node 0 Slab:              61976 kB
Node 0 SReclaimable:      20448 kB
Node 0 SUnreclaim:        41528 kB
Node 0 AnonHugePages:         0 kB
Node 0 ShmemHugePages:        0 kB
Node 0 ShmemPmdMapped:        0 kB
Node 0 FileHugePages:        0 kB
Node 0 FilePmdMapped:        0 kB
Node 0 HugePages_Total:     0
Node 0 HugePages_Free:      0
Node 0 HugePages_Surp:      0

Node 1 MemTotal:       24686196 kB
Node 1 MemFree:        24449664 kB
Node 1 MemUsed:          236532 kB
Node 1 Active:            52836 kB
Node 1 Inactive:          31044 kB
Node 1 Active(anon):      29272 kB
Node 1 Inactive(anon):      424 kB
Node 1 Active(file):      23564 kB
Node 1 Inactive(file):    30620 kB
Node 1 Unevictable:       13976 kB
Node 1 Mlocked:           13976 kB
Node 1 Dirty:                80 kB
Node 1 Writeback:             0 kB
Node 1 FilePages:         58692 kB
Node 1 Mapped:            18780 kB
Node 1 AnonPages:         39228 kB
Node 1 Shmem:               576 kB
Node 1 KernelStack:        1488 kB
Node 1 PageTables:         1052 kB
Node 1 NFS_Unstable:          0 kB
Node 1 Bounce:                0 kB
Node 1 WritebackTmp:          0 kB
Node 1 KReclaimable:      23652 kB
Node 1 Slab:              56452 kB
Node 1 SReclaimable:      23652 kB
Node 1 SUnreclaim:        32800 kB
Node 1 AnonHugePages:         0 kB
Node 1 ShmemHugePages:        0 kB
Node 1 ShmemPmdMapped:        0 kB
Node 1 FileHugePages:        0 kB
Node 1 FilePmdMapped:        0 kB
Node 1 HugePages_Total:     0
Node 1 HugePages_Free:      0
Node 1 HugePages_Surp:      0

After Test
Node 0 MemTotal:       24743736 kB
Node 0 MemFree:        24329624 kB
Node 0 MemUsed:          414112 kB
Node 0 Active:            57420 kB
Node 0 Inactive:          59928 kB
Node 0 Active(anon):      12036 kB
Node 0 Inactive(anon):      488 kB
Node 0 Active(file):      45384 kB
Node 0 Inactive(file):    59440 kB
Node 0 Unevictable:        4548 kB
Node 0 Mlocked:            4548 kB
Node 0 Dirty:               212 kB
Node 0 Writeback:             0 kB
Node 0 FilePages:        110104 kB
Node 0 Mapped:            30564 kB
Node 0 AnonPages:         11688 kB
Node 0 Shmem:               736 kB
Node 0 KernelStack:        3576 kB
Node 0 PageTables:          512 kB
Node 0 NFS_Unstable:          0 kB
Node 0 Bounce:                0 kB
Node 0 WritebackTmp:          0 kB
Node 0 KReclaimable:      20488 kB
Node 0 Slab:              62172 kB
Node 0 SReclaimable:      20488 kB
Node 0 SUnreclaim:        41684 kB
Node 0 AnonHugePages:         0 kB
Node 0 ShmemHugePages:        0 kB
Node 0 ShmemPmdMapped:        0 kB
Node 0 FileHugePages:        0 kB
Node 0 FilePmdMapped:        0 kB
Node 0 HugePages_Total:     0
Node 0 HugePages_Free:      0
Node 0 HugePages_Surp:      0

Node 1 MemTotal:       24686196 kB
Node 1 MemFree:        24449476 kB
Node 1 MemUsed:          236720 kB
Node 1 Active:            52728 kB
Node 1 Inactive:          30824 kB
Node 1 Active(anon):      28928 kB
Node 1 Inactive(anon):      424 kB
Node 1 Active(file):      23800 kB
Node 1 Inactive(file):    30400 kB
Node 1 Unevictable:       13976 kB
Node 1 Mlocked:           13976 kB
Node 1 Dirty:                88 kB
Node 1 Writeback:             0 kB
Node 1 FilePages:         58424 kB
Node 1 Mapped:            19008 kB
Node 1 AnonPages:         39104 kB
Node 1 Shmem:               576 kB
Node 1 KernelStack:        1448 kB
Node 1 PageTables:         1052 kB
Node 1 NFS_Unstable:          0 kB
Node 1 Bounce:                0 kB
Node 1 WritebackTmp:          0 kB
Node 1 KReclaimable:      23772 kB
Node 1 Slab:              56796 kB
Node 1 SReclaimable:      23772 kB
Node 1 SUnreclaim:        33024 kB
Node 1 AnonHugePages:         0 kB
Node 1 ShmemHugePages:        0 kB
Node 1 ShmemPmdMapped:        0 kB
Node 1 FileHugePages:        0 kB
Node 1 FilePmdMapped:        0 kB
Node 1 HugePages_Total:     0
Node 1 HugePages_Free:      0
Node 1 HugePages_Surp:      0

U.0.fio.0-12K.1.O Complete!
