U.0.fio.16G.1.O
Begin
Node 0 MemTotal:       24743736 kB
Node 0 MemFree:        24318272 kB
Node 0 MemUsed:          425464 kB
Node 0 Active:            60136 kB
Node 0 Inactive:          63168 kB
Node 0 Active(anon):      15800 kB
Node 0 Inactive(anon):      460 kB
Node 0 Active(file):      44336 kB
Node 0 Inactive(file):    62708 kB
Node 0 Unevictable:       17308 kB
Node 0 Mlocked:           17308 kB
Node 0 Dirty:               224 kB
Node 0 Writeback:             0 kB
Node 0 FilePages:        114740 kB
Node 0 Mapped:            32840 kB
Node 0 AnonPages:         25916 kB
Node 0 Shmem:               716 kB
Node 0 KernelStack:        2120 kB
Node 0 PageTables:          656 kB
Node 0 NFS_Unstable:          0 kB
Node 0 Bounce:                0 kB
Node 0 WritebackTmp:          0 kB
Node 0 KReclaimable:      26340 kB
Node 0 Slab:              67460 kB
Node 0 SReclaimable:      26340 kB
Node 0 SUnreclaim:        41120 kB
Node 0 AnonHugePages:         0 kB
Node 0 ShmemHugePages:        0 kB
Node 0 ShmemPmdMapped:        0 kB
Node 0 FileHugePages:        0 kB
Node 0 FilePmdMapped:        0 kB
Node 0 HugePages_Total:     0
Node 0 HugePages_Free:      0
Node 0 HugePages_Surp:      0

Node 1 MemTotal:       24686196 kB
Node 1 MemFree:        24509460 kB
Node 1 MemUsed:          176736 kB
Node 1 Active:            33984 kB
Node 1 Inactive:          19756 kB
Node 1 Active(anon):      17772 kB
Node 1 Inactive(anon):      400 kB
Node 1 Active(file):      16212 kB
Node 1 Inactive(file):    19356 kB
Node 1 Unevictable:        1216 kB
Node 1 Mlocked:            1216 kB
Node 1 Dirty:               288 kB
Node 1 Writeback:             0 kB
Node 1 FilePages:         37352 kB
Node 1 Mapped:             8396 kB
Node 1 AnonPages:         17668 kB
Node 1 Shmem:               552 kB
Node 1 KernelStack:        1448 kB
Node 1 PageTables:          368 kB
Node 1 NFS_Unstable:          0 kB
Node 1 Bounce:                0 kB
Node 1 WritebackTmp:          0 kB
Node 1 KReclaimable:      15092 kB
Node 1 Slab:              38196 kB
Node 1 SReclaimable:      15092 kB
Node 1 SUnreclaim:        23104 kB
Node 1 AnonHugePages:         0 kB
Node 1 ShmemHugePages:        0 kB
Node 1 ShmemPmdMapped:        0 kB
Node 1 FileHugePages:        0 kB
Node 1 FilePmdMapped:        0 kB
Node 1 HugePages_Total:     0
Node 1 HugePages_Free:      0
Node 1 HugePages_Surp:      0

Load ZFS
Node 0 MemTotal:       24743736 kB
Node 0 MemFree:        24314820 kB
Node 0 MemUsed:          428916 kB
Node 0 Active:            66076 kB
Node 0 Inactive:          58560 kB
Node 0 Active(anon):      15912 kB
Node 0 Inactive(anon):      464 kB
Node 0 Active(file):      50164 kB
Node 0 Inactive(file):    58096 kB
Node 0 Unevictable:       17308 kB
Node 0 Mlocked:           17308 kB
Node 0 Dirty:               244 kB
Node 0 Writeback:             0 kB
Node 0 FilePages:        115952 kB
Node 0 Mapped:            33000 kB
Node 0 AnonPages:         25900 kB
Node 0 Shmem:               716 kB
Node 0 KernelStack:        2152 kB
Node 0 PageTables:          748 kB
Node 0 NFS_Unstable:          0 kB
Node 0 Bounce:                0 kB
Node 0 WritebackTmp:          0 kB
Node 0 KReclaimable:      26840 kB
Node 0 Slab:              69208 kB
Node 0 SReclaimable:      26840 kB
Node 0 SUnreclaim:        42368 kB
Node 0 AnonHugePages:         0 kB
Node 0 ShmemHugePages:        0 kB
Node 0 ShmemPmdMapped:        0 kB
Node 0 FileHugePages:        0 kB
Node 0 FilePmdMapped:        0 kB
Node 0 HugePages_Total:     0
Node 0 HugePages_Free:      0
Node 0 HugePages_Surp:      0

Node 1 MemTotal:       24686196 kB
Node 1 MemFree:        24503432 kB
Node 1 MemUsed:          182764 kB
Node 1 Active:            38000 kB
Node 1 Inactive:          20260 kB
Node 1 Active(anon):      20832 kB
Node 1 Inactive(anon):      400 kB
Node 1 Active(file):      17168 kB
Node 1 Inactive(file):    19860 kB
Node 1 Unevictable:        1216 kB
Node 1 Mlocked:            1216 kB
Node 1 Dirty:               292 kB
Node 1 Writeback:             0 kB
Node 1 FilePages:         38796 kB
Node 1 Mapped:             8400 kB
Node 1 AnonPages:         20780 kB
Node 1 Shmem:               552 kB
Node 1 KernelStack:        1512 kB
Node 1 PageTables:          568 kB
Node 1 NFS_Unstable:          0 kB
Node 1 Bounce:                0 kB
Node 1 WritebackTmp:          0 kB
Node 1 KReclaimable:      15656 kB
Node 1 Slab:              40640 kB
Node 1 SReclaimable:      15656 kB
Node 1 SUnreclaim:        24984 kB
Node 1 AnonHugePages:         0 kB
Node 1 ShmemHugePages:        0 kB
Node 1 ShmemPmdMapped:        0 kB
Node 1 FileHugePages:        0 kB
Node 1 FilePmdMapped:        0 kB
Node 1 HugePages_Total:     0
Node 1 HugePages_Free:      0
Node 1 HugePages_Surp:      0

Import tank ZPool
Node 0 MemTotal:       24743736 kB
Node 0 MemFree:        24308484 kB
Node 0 MemUsed:          435252 kB
Node 0 Active:            66352 kB
Node 0 Inactive:          59732 kB
Node 0 Active(anon):      15856 kB
Node 0 Inactive(anon):      468 kB
Node 0 Active(file):      50496 kB
Node 0 Inactive(file):    59264 kB
Node 0 Unevictable:       17308 kB
Node 0 Mlocked:           17308 kB
Node 0 Dirty:               292 kB
Node 0 Writeback:             0 kB
Node 0 FilePages:        117456 kB
Node 0 Mapped:            32956 kB
Node 0 AnonPages:         26032 kB
Node 0 Shmem:               716 kB
Node 0 KernelStack:        2168 kB
Node 0 PageTables:          780 kB
Node 0 NFS_Unstable:          0 kB
Node 0 Bounce:                0 kB
Node 0 WritebackTmp:          0 kB
Node 0 KReclaimable:      26956 kB
Node 0 Slab:              74404 kB
Node 0 SReclaimable:      26956 kB
Node 0 SUnreclaim:        47448 kB
Node 0 AnonHugePages:         0 kB
Node 0 ShmemHugePages:        0 kB
Node 0 ShmemPmdMapped:        0 kB
Node 0 FileHugePages:        0 kB
Node 0 FilePmdMapped:        0 kB
Node 0 HugePages_Total:     0
Node 0 HugePages_Free:      0
Node 0 HugePages_Surp:      0

Node 1 MemTotal:       24686196 kB
Node 1 MemFree:        24489152 kB
Node 1 MemUsed:          197044 kB
Node 1 Active:            38136 kB
Node 1 Inactive:          20268 kB
Node 1 Active(anon):      20924 kB
Node 1 Inactive(anon):      400 kB
Node 1 Active(file):      17212 kB
Node 1 Inactive(file):    19868 kB
Node 1 Unevictable:        1216 kB
Node 1 Mlocked:            1216 kB
Node 1 Dirty:                52 kB
Node 1 Writeback:             0 kB
Node 1 FilePages:         38864 kB
Node 1 Mapped:             8444 kB
Node 1 AnonPages:         20812 kB
Node 1 Shmem:               552 kB
Node 1 KernelStack:        2632 kB
Node 1 PageTables:          568 kB
Node 1 NFS_Unstable:          0 kB
Node 1 Bounce:                0 kB
Node 1 WritebackTmp:          0 kB
Node 1 KReclaimable:      15672 kB
Node 1 Slab:              42972 kB
Node 1 SReclaimable:      15672 kB
Node 1 SUnreclaim:        27300 kB
Node 1 AnonHugePages:         0 kB
Node 1 ShmemHugePages:        0 kB
Node 1 ShmemPmdMapped:        0 kB
Node 1 FileHugePages:        0 kB
Node 1 FilePmdMapped:        0 kB
Node 1 HugePages_Total:     0
Node 1 HugePages_Free:      0
Node 1 HugePages_Surp:      0

After Opposite Node
Node 0 MemTotal:       24743736 kB
Node 0 MemFree:        23466200 kB
Node 0 MemUsed:         1277536 kB
Node 0 Active:            67096 kB
Node 0 Inactive:          59988 kB
Node 0 Active(anon):      15916 kB
Node 0 Inactive(anon):      464 kB
Node 0 Active(file):      51180 kB
Node 0 Inactive(file):    59524 kB
Node 0 Unevictable:       17308 kB
Node 0 Mlocked:           17308 kB
Node 0 Dirty:                32 kB
Node 0 Writeback:             0 kB
Node 0 FilePages:        118416 kB
Node 0 Mapped:            32840 kB
Node 0 AnonPages:         25996 kB
Node 0 Shmem:               712 kB
Node 0 KernelStack:        1960 kB
Node 0 PageTables:          716 kB
Node 0 NFS_Unstable:          0 kB
Node 0 Bounce:                0 kB
Node 0 WritebackTmp:          0 kB
Node 0 KReclaimable:      27160 kB
Node 0 Slab:              78380 kB
Node 0 SReclaimable:      27160 kB
Node 0 SUnreclaim:        51220 kB
Node 0 AnonHugePages:         0 kB
Node 0 ShmemHugePages:        0 kB
Node 0 ShmemPmdMapped:        0 kB
Node 0 FileHugePages:        0 kB
Node 0 FilePmdMapped:        0 kB
Node 0 HugePages_Total:     0
Node 0 HugePages_Free:      0
Node 0 HugePages_Surp:      0

Node 1 MemTotal:       24686196 kB
Node 1 MemFree:         7668516 kB
Node 1 MemUsed:        17017680 kB
Node 1 Active:            35384 kB
Node 1 Inactive:          21424 kB
Node 1 Active(anon):      17020 kB
Node 1 Inactive(anon):      432 kB
Node 1 Active(file):      18364 kB
Node 1 Inactive(file):    20992 kB
Node 1 Unevictable:        1216 kB
Node 1 Mlocked:            1216 kB
Node 1 Dirty:                20 kB
Node 1 Writeback:             0 kB
Node 1 FilePages:         41172 kB
Node 1 Mapped:             8688 kB
Node 1 AnonPages:         16816 kB
Node 1 Shmem:               600 kB
Node 1 KernelStack:        2536 kB
Node 1 PageTables:          460 kB
Node 1 NFS_Unstable:          0 kB
Node 1 Bounce:                0 kB
Node 1 WritebackTmp:          0 kB
Node 1 KReclaimable:      17092 kB
Node 1 Slab:             100752 kB
Node 1 SReclaimable:      17092 kB
Node 1 SUnreclaim:        83660 kB
Node 1 AnonHugePages:         0 kB
Node 1 ShmemHugePages:        0 kB
Node 1 ShmemPmdMapped:        0 kB
Node 1 FileHugePages:        0 kB
Node 1 FilePmdMapped:        0 kB
Node 1 HugePages_Total:     0
Node 1 HugePages_Free:      0
Node 1 HugePages_Surp:      0

After Test
Node 0 MemTotal:       24743736 kB
Node 0 MemFree:        23468536 kB
Node 0 MemUsed:         1275200 kB
Node 0 Active:            67380 kB
Node 0 Inactive:          60016 kB
Node 0 Active(anon):      16116 kB
Node 0 Inactive(anon):      500 kB
Node 0 Active(file):      51264 kB
Node 0 Inactive(file):    59516 kB
Node 0 Unevictable:       17308 kB
Node 0 Mlocked:           17308 kB
Node 0 Dirty:                40 kB
Node 0 Writeback:             0 kB
Node 0 FilePages:        118536 kB
Node 0 Mapped:            32884 kB
Node 0 AnonPages:         26056 kB
Node 0 Shmem:               756 kB
Node 0 KernelStack:        1976 kB
Node 0 PageTables:          828 kB
Node 0 NFS_Unstable:          0 kB
Node 0 Bounce:                0 kB
Node 0 WritebackTmp:          0 kB
Node 0 KReclaimable:      27212 kB
Node 0 Slab:              80520 kB
Node 0 SReclaimable:      27212 kB
Node 0 SUnreclaim:        53308 kB
Node 0 AnonHugePages:         0 kB
Node 0 ShmemHugePages:        0 kB
Node 0 ShmemPmdMapped:        0 kB
Node 0 FileHugePages:        0 kB
Node 0 FilePmdMapped:        0 kB
Node 0 HugePages_Total:     0
Node 0 HugePages_Free:      0
Node 0 HugePages_Surp:      0

Node 1 MemTotal:       24686196 kB
Node 1 MemFree:         7670928 kB
Node 1 MemUsed:        17015268 kB
Node 1 Active:            35388 kB
Node 1 Inactive:          21200 kB
Node 1 Active(anon):      16824 kB
Node 1 Inactive(anon):      404 kB
Node 1 Active(file):      18564 kB
Node 1 Inactive(file):    20796 kB
Node 1 Unevictable:        1216 kB
Node 1 Mlocked:            1216 kB
Node 1 Dirty:                 8 kB
Node 1 Writeback:             0 kB
Node 1 FilePages:         41132 kB
Node 1 Mapped:             8604 kB
Node 1 AnonPages:         16672 kB
Node 1 Shmem:               556 kB
Node 1 KernelStack:        2488 kB
Node 1 PageTables:          288 kB
Node 1 NFS_Unstable:          0 kB
Node 1 Bounce:                0 kB
Node 1 WritebackTmp:          0 kB
Node 1 KReclaimable:      17124 kB
Node 1 Slab:              99620 kB
Node 1 SReclaimable:      17124 kB
Node 1 SUnreclaim:        82496 kB
Node 1 AnonHugePages:         0 kB
Node 1 ShmemHugePages:        0 kB
Node 1 ShmemPmdMapped:        0 kB
Node 1 FileHugePages:        0 kB
Node 1 FilePmdMapped:        0 kB
Node 1 HugePages_Total:     0
Node 1 HugePages_Free:      0
Node 1 HugePages_Surp:      0

U.0.fio.16G.1.O Complete!
