U.0.fio.4G.3.O
Begin
Node 0 MemTotal:       24768352 kB
Node 0 MemFree:        24394048 kB
Node 0 MemUsed:          374304 kB
Node 0 Active:            59600 kB
Node 0 Inactive:          51432 kB
Node 0 Active(anon):      22356 kB
Node 0 Inactive(anon):      400 kB
Node 0 Active(file):      37244 kB
Node 0 Inactive(file):    51032 kB
Node 0 Unevictable:         312 kB
Node 0 Mlocked:             312 kB
Node 0 Dirty:               380 kB
Node 0 Writeback:             0 kB
Node 0 FilePages:         89168 kB
Node 0 Mapped:            14260 kB
Node 0 AnonPages:         22192 kB
Node 0 Shmem:               576 kB
Node 0 KernelStack:        1880 kB
Node 0 PageTables:          544 kB
Node 0 NFS_Unstable:          0 kB
Node 0 Bounce:                0 kB
Node 0 WritebackTmp:          0 kB
Node 0 KReclaimable:      17276 kB
Node 0 Slab:              48008 kB
Node 0 SReclaimable:      17276 kB
Node 0 SUnreclaim:        30732 kB
Node 0 AnonHugePages:         0 kB
Node 0 ShmemHugePages:        0 kB
Node 0 ShmemPmdMapped:        0 kB
Node 0 FileHugePages:        0 kB
Node 0 FilePmdMapped:        0 kB
Node 0 HugePages_Total:     0
Node 0 HugePages_Free:      0
Node 0 HugePages_Surp:      0

Node 1 MemTotal:       24661580 kB
Node 1 MemFree:        24416820 kB
Node 1 MemUsed:          244760 kB
Node 1 Active:            35988 kB
Node 1 Inactive:          48376 kB
Node 1 Active(anon):      11448 kB
Node 1 Inactive(anon):      476 kB
Node 1 Active(file):      24540 kB
Node 1 Inactive(file):    47900 kB
Node 1 Unevictable:       18212 kB
Node 1 Mlocked:           18212 kB
Node 1 Dirty:               164 kB
Node 1 Writeback:             0 kB
Node 1 FilePages:         81012 kB
Node 1 Mapped:            43064 kB
Node 1 AnonPages:         21684 kB
Node 1 Shmem:               692 kB
Node 1 KernelStack:        1784 kB
Node 1 PageTables:          584 kB
Node 1 NFS_Unstable:          0 kB
Node 1 Bounce:                0 kB
Node 1 WritebackTmp:          0 kB
Node 1 KReclaimable:      23616 kB
Node 1 Slab:              56384 kB
Node 1 SReclaimable:      23616 kB
Node 1 SUnreclaim:        32768 kB
Node 1 AnonHugePages:         0 kB
Node 1 ShmemHugePages:        0 kB
Node 1 ShmemPmdMapped:        0 kB
Node 1 FileHugePages:        0 kB
Node 1 FilePmdMapped:        0 kB
Node 1 HugePages_Total:     0
Node 1 HugePages_Free:      0
Node 1 HugePages_Surp:      0

Load ZFS
Node 0 MemTotal:       24768352 kB
Node 0 MemFree:        24383164 kB
Node 0 MemUsed:          385188 kB
Node 0 Active:            62944 kB
Node 0 Inactive:          51736 kB
Node 0 Active(anon):      24820 kB
Node 0 Inactive(anon):      400 kB
Node 0 Active(file):      38124 kB
Node 0 Inactive(file):    51336 kB
Node 0 Unevictable:         312 kB
Node 0 Mlocked:             312 kB
Node 0 Dirty:               124 kB
Node 0 Writeback:           256 kB
Node 0 FilePages:         90348 kB
Node 0 Mapped:            14268 kB
Node 0 AnonPages:         24608 kB
Node 0 Shmem:               576 kB
Node 0 KernelStack:        1896 kB
Node 0 PageTables:          688 kB
Node 0 NFS_Unstable:          0 kB
Node 0 Bounce:                0 kB
Node 0 WritebackTmp:          0 kB
Node 0 KReclaimable:      17716 kB
Node 0 Slab:              49532 kB
Node 0 SReclaimable:      17716 kB
Node 0 SUnreclaim:        31816 kB
Node 0 AnonHugePages:         0 kB
Node 0 ShmemHugePages:        0 kB
Node 0 ShmemPmdMapped:        0 kB
Node 0 FileHugePages:        0 kB
Node 0 FilePmdMapped:        0 kB
Node 0 HugePages_Total:     0
Node 0 HugePages_Free:      0
Node 0 HugePages_Surp:      0

Node 1 MemTotal:       24661580 kB
Node 1 MemFree:        24413924 kB
Node 1 MemUsed:          247656 kB
Node 1 Active:            46932 kB
Node 1 Inactive:          44164 kB
Node 1 Active(anon):      16688 kB
Node 1 Inactive(anon):      476 kB
Node 1 Active(file):      30244 kB
Node 1 Inactive(file):    43688 kB
Node 1 Unevictable:       18212 kB
Node 1 Mlocked:           18212 kB
Node 1 Dirty:               188 kB
Node 1 Writeback:             4 kB
Node 1 FilePages:         82504 kB
Node 1 Mapped:            43228 kB
Node 1 AnonPages:         26844 kB
Node 1 Shmem:               692 kB
Node 1 KernelStack:        1976 kB
Node 1 PageTables:          972 kB
Node 1 NFS_Unstable:          0 kB
Node 1 Bounce:                0 kB
Node 1 WritebackTmp:          0 kB
Node 1 KReclaimable:      24140 kB
Node 1 Slab:              58348 kB
Node 1 SReclaimable:      24140 kB
Node 1 SUnreclaim:        34208 kB
Node 1 AnonHugePages:         0 kB
Node 1 ShmemHugePages:        0 kB
Node 1 ShmemPmdMapped:        0 kB
Node 1 FileHugePages:        0 kB
Node 1 FilePmdMapped:        0 kB
Node 1 HugePages_Total:     0
Node 1 HugePages_Free:      0
Node 1 HugePages_Surp:      0

Import tank ZPool
Node 0 MemTotal:       24768352 kB
Node 0 MemFree:        24375552 kB
Node 0 MemUsed:          392800 kB
Node 0 Active:            63592 kB
Node 0 Inactive:          52876 kB
Node 0 Active(anon):      25160 kB
Node 0 Inactive(anon):      404 kB
Node 0 Active(file):      38432 kB
Node 0 Inactive(file):    52472 kB
Node 0 Unevictable:         312 kB
Node 0 Mlocked:             312 kB
Node 0 Dirty:               148 kB
Node 0 Writeback:             0 kB
Node 0 FilePages:         91796 kB
Node 0 Mapped:            14452 kB
Node 0 AnonPages:         24976 kB
Node 0 Shmem:               580 kB
Node 0 KernelStack:        1896 kB
Node 0 PageTables:          704 kB
Node 0 NFS_Unstable:          0 kB
Node 0 Bounce:                0 kB
Node 0 WritebackTmp:          0 kB
Node 0 KReclaimable:      17868 kB
Node 0 Slab:              54136 kB
Node 0 SReclaimable:      17868 kB
Node 0 SUnreclaim:        36268 kB
Node 0 AnonHugePages:         0 kB
Node 0 ShmemHugePages:        0 kB
Node 0 ShmemPmdMapped:        0 kB
Node 0 FileHugePages:        0 kB
Node 0 FilePmdMapped:        0 kB
Node 0 HugePages_Total:     0
Node 0 HugePages_Free:      0
Node 0 HugePages_Surp:      0

Node 1 MemTotal:       24661580 kB
Node 1 MemFree:        24398472 kB
Node 1 MemUsed:          263108 kB
Node 1 Active:            47028 kB
Node 1 Inactive:          44124 kB
Node 1 Active(anon):      16740 kB
Node 1 Inactive(anon):      476 kB
Node 1 Active(file):      30288 kB
Node 1 Inactive(file):    43648 kB
Node 1 Unevictable:       18212 kB
Node 1 Mlocked:           18212 kB
Node 1 Dirty:               232 kB
Node 1 Writeback:             0 kB
Node 1 FilePages:         82544 kB
Node 1 Mapped:            43288 kB
Node 1 AnonPages:         26908 kB
Node 1 Shmem:               688 kB
Node 1 KernelStack:        3096 kB
Node 1 PageTables:          972 kB
Node 1 NFS_Unstable:          0 kB
Node 1 Bounce:                0 kB
Node 1 WritebackTmp:          0 kB
Node 1 KReclaimable:      24172 kB
Node 1 Slab:              61144 kB
Node 1 SReclaimable:      24172 kB
Node 1 SUnreclaim:        36972 kB
Node 1 AnonHugePages:         0 kB
Node 1 ShmemHugePages:        0 kB
Node 1 ShmemPmdMapped:        0 kB
Node 1 FileHugePages:        0 kB
Node 1 FilePmdMapped:        0 kB
Node 1 HugePages_Total:     0
Node 1 HugePages_Free:      0
Node 1 HugePages_Surp:      0

After Opposite Node
Node 0 MemTotal:       24768352 kB
Node 0 MemFree:        23637036 kB
Node 0 MemUsed:         1131316 kB
Node 0 Active:            61040 kB
Node 0 Inactive:          52688 kB
Node 0 Active(anon):      22184 kB
Node 0 Inactive(anon):      400 kB
Node 0 Active(file):      38856 kB
Node 0 Inactive(file):    52288 kB
Node 0 Unevictable:         312 kB
Node 0 Mlocked:             312 kB
Node 0 Dirty:                16 kB
Node 0 Writeback:             0 kB
Node 0 FilePages:         92032 kB
Node 0 Mapped:            14268 kB
Node 0 AnonPages:         22008 kB
Node 0 Shmem:               576 kB
Node 0 KernelStack:        1736 kB
Node 0 PageTables:          568 kB
Node 0 NFS_Unstable:          0 kB
Node 0 Bounce:                0 kB
Node 0 WritebackTmp:          0 kB
Node 0 KReclaimable:      17944 kB
Node 0 Slab:              57156 kB
Node 0 SReclaimable:      17944 kB
Node 0 SUnreclaim:        39212 kB
Node 0 AnonHugePages:         0 kB
Node 0 ShmemHugePages:        0 kB
Node 0 ShmemPmdMapped:        0 kB
Node 0 FileHugePages:        0 kB
Node 0 FilePmdMapped:        0 kB
Node 0 HugePages_Total:     0
Node 0 HugePages_Free:      0
Node 0 HugePages_Surp:      0

Node 1 MemTotal:       24661580 kB
Node 1 MemFree:        20104260 kB
Node 1 MemUsed:         4557320 kB
Node 1 Active:            42040 kB
Node 1 Inactive:          45332 kB
Node 1 Active(anon):      10788 kB
Node 1 Inactive(anon):      504 kB
Node 1 Active(file):      31252 kB
Node 1 Inactive(file):    44828 kB
Node 1 Unevictable:       18212 kB
Node 1 Mlocked:           18212 kB
Node 1 Dirty:                36 kB
Node 1 Writeback:             0 kB
Node 1 FilePages:         84704 kB
Node 1 Mapped:            43356 kB
Node 1 AnonPages:         20808 kB
Node 1 Shmem:               736 kB
Node 1 KernelStack:        2904 kB
Node 1 PageTables:          616 kB
Node 1 NFS_Unstable:          0 kB
Node 1 Bounce:                0 kB
Node 1 WritebackTmp:          0 kB
Node 1 KReclaimable:      25540 kB
Node 1 Slab:              80176 kB
Node 1 SReclaimable:      25540 kB
Node 1 SUnreclaim:        54636 kB
Node 1 AnonHugePages:         0 kB
Node 1 ShmemHugePages:        0 kB
Node 1 ShmemPmdMapped:        0 kB
Node 1 FileHugePages:        0 kB
Node 1 FilePmdMapped:        0 kB
Node 1 HugePages_Total:     0
Node 1 HugePages_Free:      0
Node 1 HugePages_Surp:      0

After Test
Node 0 MemTotal:       24768352 kB
Node 0 MemFree:        23635772 kB
Node 0 MemUsed:         1132580 kB
Node 0 Active:            61240 kB
Node 0 Inactive:          52716 kB
Node 0 Active(anon):      22360 kB
Node 0 Inactive(anon):      436 kB
Node 0 Active(file):      38880 kB
Node 0 Inactive(file):    52280 kB
Node 0 Unevictable:         312 kB
Node 0 Mlocked:             312 kB
Node 0 Dirty:                40 kB
Node 0 Writeback:             0 kB
Node 0 FilePages:         92092 kB
Node 0 Mapped:            14312 kB
Node 0 AnonPages:         22132 kB
Node 0 Shmem:               620 kB
Node 0 KernelStack:        1800 kB
Node 0 PageTables:          748 kB
Node 0 NFS_Unstable:          0 kB
Node 0 Bounce:                0 kB
Node 0 WritebackTmp:          0 kB
Node 0 KReclaimable:      17992 kB
Node 0 Slab:              58492 kB
Node 0 SReclaimable:      17992 kB
Node 0 SUnreclaim:        40500 kB
Node 0 AnonHugePages:         0 kB
Node 0 ShmemHugePages:        0 kB
Node 0 ShmemPmdMapped:        0 kB
Node 0 FileHugePages:        0 kB
Node 0 FilePmdMapped:        0 kB
Node 0 HugePages_Total:     0
Node 0 HugePages_Free:      0
Node 0 HugePages_Surp:      0

Node 1 MemTotal:       24661580 kB
Node 1 MemFree:        20106728 kB
Node 1 MemUsed:         4554852 kB
Node 1 Active:            42116 kB
Node 1 Inactive:          45100 kB
Node 1 Active(anon):      10636 kB
Node 1 Inactive(anon):      480 kB
Node 1 Active(file):      31480 kB
Node 1 Inactive(file):    44620 kB
Node 1 Unevictable:       18212 kB
Node 1 Mlocked:           18212 kB
Node 1 Dirty:                40 kB
Node 1 Writeback:             0 kB
Node 1 FilePages:         84680 kB
Node 1 Mapped:            43280 kB
Node 1 AnonPages:         20752 kB
Node 1 Shmem:               692 kB
Node 1 KernelStack:        2856 kB
Node 1 PageTables:          504 kB
Node 1 NFS_Unstable:          0 kB
Node 1 Bounce:                0 kB
Node 1 WritebackTmp:          0 kB
Node 1 KReclaimable:      25572 kB
Node 1 Slab:              80020 kB
Node 1 SReclaimable:      25572 kB
Node 1 SUnreclaim:        54448 kB
Node 1 AnonHugePages:         0 kB
Node 1 ShmemHugePages:        0 kB
Node 1 ShmemPmdMapped:        0 kB
Node 1 FileHugePages:        0 kB
Node 1 FilePmdMapped:        0 kB
Node 1 HugePages_Total:     0
Node 1 HugePages_Free:      0
Node 1 HugePages_Surp:      0

U.0.fio.4G.3.O Complete!
