U.1.fio.2-1G.1.O
Begin
Node 0 MemTotal:       24743736 kB
Node 0 MemFree:        24470100 kB
Node 0 MemUsed:          273636 kB
Node 0 Active:            64756 kB
Node 0 Inactive:          62240 kB
Node 0 Active(anon):      24212 kB
Node 0 Inactive(anon):      444 kB
Node 0 Active(file):      40544 kB
Node 0 Inactive(file):    61796 kB
Node 0 Unevictable:        1288 kB
Node 0 Mlocked:            1288 kB
Node 0 Dirty:               200 kB
Node 0 Writeback:             0 kB
Node 0 FilePages:        104332 kB
Node 0 Mapped:            21908 kB
Node 0 AnonPages:         24032 kB
Node 0 Shmem:               664 kB
Node 0 KernelStack:        2328 kB
Node 0 PageTables:          608 kB
Node 0 NFS_Unstable:          0 kB
Node 0 Bounce:                0 kB
Node 0 WritebackTmp:          0 kB
Node 0 KReclaimable:      19448 kB
Node 0 Slab:              57916 kB
Node 0 SReclaimable:      19448 kB
Node 0 SUnreclaim:        38468 kB
Node 0 AnonHugePages:         0 kB
Node 0 ShmemHugePages:        0 kB
Node 0 ShmemPmdMapped:        0 kB
Node 0 FileHugePages:        0 kB
Node 0 FilePmdMapped:        0 kB
Node 0 HugePages_Total:     0
Node 0 HugePages_Free:      0
Node 0 HugePages_Surp:      0

Node 1 MemTotal:       24686196 kB
Node 1 MemFree:        24356400 kB
Node 1 MemUsed:          329796 kB
Node 1 Active:            29832 kB
Node 1 Inactive:          21140 kB
Node 1 Active(anon):       9960 kB
Node 1 Inactive(anon):      436 kB
Node 1 Active(file):      19872 kB
Node 1 Inactive(file):    20704 kB
Node 1 Unevictable:       17236 kB
Node 1 Mlocked:           17236 kB
Node 1 Dirty:                20 kB
Node 1 Writeback:             0 kB
Node 1 FilePages:         48112 kB
Node 1 Mapped:            20180 kB
Node 1 AnonPages:         20180 kB
Node 1 Shmem:               604 kB
Node 1 KernelStack:        1304 kB
Node 1 PageTables:          444 kB
Node 1 NFS_Unstable:          0 kB
Node 1 Bounce:                0 kB
Node 1 WritebackTmp:          0 kB
Node 1 KReclaimable:      21480 kB
Node 1 Slab:              46588 kB
Node 1 SReclaimable:      21480 kB
Node 1 SUnreclaim:        25108 kB
Node 1 AnonHugePages:         0 kB
Node 1 ShmemHugePages:        0 kB
Node 1 ShmemPmdMapped:        0 kB
Node 1 FileHugePages:        0 kB
Node 1 FilePmdMapped:        0 kB
Node 1 HugePages_Total:     0
Node 1 HugePages_Free:      0
Node 1 HugePages_Surp:      0

Load ZFS
Node 0 MemTotal:       24743736 kB
Node 0 MemFree:        24329708 kB
Node 0 MemUsed:          414028 kB
Node 0 Active:            76432 kB
Node 0 Inactive:          57820 kB
Node 0 Active(anon):      30108 kB
Node 0 Inactive(anon):      444 kB
Node 0 Active(file):      46324 kB
Node 0 Inactive(file):    57376 kB
Node 0 Unevictable:        1288 kB
Node 0 Mlocked:            1288 kB
Node 0 Dirty:                64 kB
Node 0 Writeback:             0 kB
Node 0 FilePages:        105648 kB
Node 0 Mapped:            21908 kB
Node 0 AnonPages:         29792 kB
Node 0 Shmem:               664 kB
Node 0 KernelStack:        2536 kB
Node 0 PageTables:         1080 kB
Node 0 NFS_Unstable:          0 kB
Node 0 Bounce:                0 kB
Node 0 WritebackTmp:          0 kB
Node 0 KReclaimable:      19804 kB
Node 0 Slab:              59632 kB
Node 0 SReclaimable:      19804 kB
Node 0 SUnreclaim:        39828 kB
Node 0 AnonHugePages:         0 kB
Node 0 ShmemHugePages:        0 kB
Node 0 ShmemPmdMapped:        0 kB
Node 0 FileHugePages:        0 kB
Node 0 FilePmdMapped:        0 kB
Node 0 HugePages_Total:     0
Node 0 HugePages_Free:      0
Node 0 HugePages_Surp:      0

Node 1 MemTotal:       24686196 kB
Node 1 MemFree:        24483848 kB
Node 1 MemUsed:          202348 kB
Node 1 Active:            32936 kB
Node 1 Inactive:          21648 kB
Node 1 Active(anon):      12204 kB
Node 1 Inactive(anon):      436 kB
Node 1 Active(file):      20732 kB
Node 1 Inactive(file):    21212 kB
Node 1 Unevictable:       17236 kB
Node 1 Mlocked:           17236 kB
Node 1 Dirty:                 4 kB
Node 1 Writeback:             0 kB
Node 1 FilePages:         49456 kB
Node 1 Mapped:            20308 kB
Node 1 AnonPages:         22488 kB
Node 1 Shmem:               604 kB
Node 1 KernelStack:        1272 kB
Node 1 PageTables:          420 kB
Node 1 NFS_Unstable:          0 kB
Node 1 Bounce:                0 kB
Node 1 WritebackTmp:          0 kB
Node 1 KReclaimable:      22000 kB
Node 1 Slab:              48896 kB
Node 1 SReclaimable:      22000 kB
Node 1 SUnreclaim:        26896 kB
Node 1 AnonHugePages:         0 kB
Node 1 ShmemHugePages:        0 kB
Node 1 ShmemPmdMapped:        0 kB
Node 1 FileHugePages:        0 kB
Node 1 FilePmdMapped:        0 kB
Node 1 HugePages_Total:     0
Node 1 HugePages_Free:      0
Node 1 HugePages_Surp:      0

Import tank ZPool
Node 0 MemTotal:       24743736 kB
Node 0 MemFree:        24309776 kB
Node 0 MemUsed:          433960 kB
Node 0 Active:            77168 kB
Node 0 Inactive:          58908 kB
Node 0 Active(anon):      30408 kB
Node 0 Inactive(anon):      448 kB
Node 0 Active(file):      46760 kB
Node 0 Inactive(file):    58460 kB
Node 0 Unevictable:        1288 kB
Node 0 Mlocked:            1288 kB
Node 0 Dirty:               156 kB
Node 0 Writeback:             0 kB
Node 0 FilePages:        107172 kB
Node 0 Mapped:            22164 kB
Node 0 AnonPages:         29868 kB
Node 0 Shmem:               664 kB
Node 0 KernelStack:        3720 kB
Node 0 PageTables:         1168 kB
Node 0 NFS_Unstable:          0 kB
Node 0 Bounce:                0 kB
Node 0 WritebackTmp:          0 kB
Node 0 KReclaimable:      19924 kB
Node 0 Slab:              66512 kB
Node 0 SReclaimable:      19924 kB
Node 0 SUnreclaim:        46588 kB
Node 0 AnonHugePages:         0 kB
Node 0 ShmemHugePages:        0 kB
Node 0 ShmemPmdMapped:        0 kB
Node 0 FileHugePages:        0 kB
Node 0 FilePmdMapped:        0 kB
Node 0 HugePages_Total:     0
Node 0 HugePages_Free:      0
Node 0 HugePages_Surp:      0

Node 1 MemTotal:       24686196 kB
Node 1 MemFree:        24485100 kB
Node 1 MemUsed:          201096 kB
Node 1 Active:            32996 kB
Node 1 Inactive:          21648 kB
Node 1 Active(anon):      12264 kB
Node 1 Inactive(anon):      436 kB
Node 1 Active(file):      20732 kB
Node 1 Inactive(file):    21212 kB
Node 1 Unevictable:       17236 kB
Node 1 Mlocked:           17236 kB
Node 1 Dirty:                32 kB
Node 1 Writeback:             0 kB
Node 1 FilePages:         49496 kB
Node 1 Mapped:            20148 kB
Node 1 AnonPages:         22536 kB
Node 1 Shmem:               604 kB
Node 1 KernelStack:        1272 kB
Node 1 PageTables:          420 kB
Node 1 NFS_Unstable:          0 kB
Node 1 Bounce:                0 kB
Node 1 WritebackTmp:          0 kB
Node 1 KReclaimable:      22000 kB
Node 1 Slab:              48888 kB
Node 1 SReclaimable:      22000 kB
Node 1 SUnreclaim:        26888 kB
Node 1 AnonHugePages:         0 kB
Node 1 ShmemHugePages:        0 kB
Node 1 ShmemPmdMapped:        0 kB
Node 1 FileHugePages:        0 kB
Node 1 FilePmdMapped:        0 kB
Node 1 HugePages_Total:     0
Node 1 HugePages_Free:      0
Node 1 HugePages_Surp:      0

After Opposite Node
Node 0 MemTotal:       24743736 kB
Node 0 MemFree:        22871692 kB
Node 0 MemUsed:         1872044 kB
Node 0 Active:            71264 kB
Node 0 Inactive:          59856 kB
Node 0 Active(anon):      23300 kB
Node 0 Inactive(anon):      492 kB
Node 0 Active(file):      47964 kB
Node 0 Inactive(file):    59364 kB
Node 0 Unevictable:        1288 kB
Node 0 Mlocked:            1288 kB
Node 0 Dirty:               184 kB
Node 0 Writeback:             0 kB
Node 0 FilePages:        109320 kB
Node 0 Mapped:            21908 kB
Node 0 AnonPages:         23000 kB
Node 0 Shmem:               708 kB
Node 0 KernelStack:        3432 kB
Node 0 PageTables:          740 kB
Node 0 NFS_Unstable:          0 kB
Node 0 Bounce:                0 kB
Node 0 WritebackTmp:          0 kB
Node 0 KReclaimable:      21208 kB
Node 0 Slab:              76248 kB
Node 0 SReclaimable:      21208 kB
Node 0 SUnreclaim:        55040 kB
Node 0 AnonHugePages:         0 kB
Node 0 ShmemHugePages:        0 kB
Node 0 ShmemPmdMapped:        0 kB
Node 0 FileHugePages:        0 kB
Node 0 FilePmdMapped:        0 kB
Node 0 HugePages_Total:     0
Node 0 HugePages_Free:      0
Node 0 HugePages_Surp:      0

Node 1 MemTotal:       24686196 kB
Node 1 MemFree:        24046840 kB
Node 1 MemUsed:          639356 kB
Node 1 Active:            30744 kB
Node 1 Inactive:          21648 kB
Node 1 Active(anon):       9964 kB
Node 1 Inactive(anon):      436 kB
Node 1 Active(file):      20780 kB
Node 1 Inactive(file):    21212 kB
Node 1 Unevictable:       17236 kB
Node 1 Mlocked:           17236 kB
Node 1 Dirty:                32 kB
Node 1 Writeback:             0 kB
Node 1 FilePages:         49504 kB
Node 1 Mapped:            20148 kB
Node 1 AnonPages:         20124 kB
Node 1 Shmem:               604 kB
Node 1 KernelStack:        1304 kB
Node 1 PageTables:          420 kB
Node 1 NFS_Unstable:          0 kB
Node 1 Bounce:                0 kB
Node 1 WritebackTmp:          0 kB
Node 1 KReclaimable:      22048 kB
Node 1 Slab:              50408 kB
Node 1 SReclaimable:      22048 kB
Node 1 SUnreclaim:        28360 kB
Node 1 AnonHugePages:         0 kB
Node 1 ShmemHugePages:        0 kB
Node 1 ShmemPmdMapped:        0 kB
Node 1 FileHugePages:        0 kB
Node 1 FilePmdMapped:        0 kB
Node 1 HugePages_Total:     0
Node 1 HugePages_Free:      0
Node 1 HugePages_Surp:      0

After Test
Node 0 MemTotal:       24743736 kB
Node 0 MemFree:        22872280 kB
Node 0 MemUsed:         1871456 kB
Node 0 Active:            71256 kB
Node 0 Inactive:          59632 kB
Node 0 Active(anon):      23092 kB
Node 0 Inactive(anon):      448 kB
Node 0 Active(file):      48164 kB
Node 0 Inactive(file):    59184 kB
Node 0 Unevictable:        1288 kB
Node 0 Mlocked:            1288 kB
Node 0 Dirty:               204 kB
Node 0 Writeback:             0 kB
Node 0 FilePages:        109300 kB
Node 0 Mapped:            22096 kB
Node 0 AnonPages:         22876 kB
Node 0 Shmem:               664 kB
Node 0 KernelStack:        3400 kB
Node 0 PageTables:          568 kB
Node 0 NFS_Unstable:          0 kB
Node 0 Bounce:                0 kB
Node 0 WritebackTmp:          0 kB
Node 0 KReclaimable:      21212 kB
Node 0 Slab:              76296 kB
Node 0 SReclaimable:      21212 kB
Node 0 SUnreclaim:        55084 kB
Node 0 AnonHugePages:         0 kB
Node 0 ShmemHugePages:        0 kB
Node 0 ShmemPmdMapped:        0 kB
Node 0 FileHugePages:        0 kB
Node 0 FilePmdMapped:        0 kB
Node 0 HugePages_Total:     0
Node 0 HugePages_Free:      0
Node 0 HugePages_Surp:      0

Node 1 MemTotal:       24686196 kB
Node 1 MemFree:        24044880 kB
Node 1 MemUsed:          641316 kB
Node 1 Active:            30920 kB
Node 1 Inactive:          21684 kB
Node 1 Active(anon):      10140 kB
Node 1 Inactive(anon):      464 kB
Node 1 Active(file):      20780 kB
Node 1 Inactive(file):    21220 kB
Node 1 Unevictable:       17236 kB
Node 1 Mlocked:           17236 kB
Node 1 Dirty:                40 kB
Node 1 Writeback:             0 kB
Node 1 FilePages:         49556 kB
Node 1 Mapped:            20192 kB
Node 1 AnonPages:         20256 kB
Node 1 Shmem:               648 kB
Node 1 KernelStack:        1384 kB
Node 1 PageTables:          592 kB
Node 1 NFS_Unstable:          0 kB
Node 1 Bounce:                0 kB
Node 1 WritebackTmp:          0 kB
Node 1 KReclaimable:      22080 kB
Node 1 Slab:              50920 kB
Node 1 SReclaimable:      22080 kB
Node 1 SUnreclaim:        28840 kB
Node 1 AnonHugePages:         0 kB
Node 1 ShmemHugePages:        0 kB
Node 1 ShmemPmdMapped:        0 kB
Node 1 FileHugePages:        0 kB
Node 1 FilePmdMapped:        0 kB
Node 1 HugePages_Total:     0
Node 1 HugePages_Free:      0
Node 1 HugePages_Surp:      0

U.1.fio.2-1G.1.O Complete!
