kernel.numa_balancing = 0
U.0.100M-simpleread.250M.3.O.1M
Begin
Node 0 MemTotal:       24743736 kB
Node 0 MemFree:        24367752 kB
Node 0 MemUsed:          375984 kB
Node 0 Active:            52136 kB
Node 0 Inactive:          49864 kB
Node 0 Active(anon):       9564 kB
Node 0 Inactive(anon):      440 kB
Node 0 Active(file):      42572 kB
Node 0 Inactive(file):    49424 kB
Node 0 Unevictable:        5532 kB
Node 0 Mlocked:            5532 kB
Node 0 Dirty:               136 kB
Node 0 Writeback:             0 kB
Node 0 FilePages:         98172 kB
Node 0 Mapped:            46896 kB
Node 0 AnonPages:          9384 kB
Node 0 Shmem:               628 kB
Node 0 KernelStack:        2024 kB
Node 0 PageTables:          436 kB
Node 0 NFS_Unstable:          0 kB
Node 0 Bounce:                0 kB
Node 0 WritebackTmp:          0 kB
Node 0 KReclaimable:      21724 kB
Node 0 Slab:              51820 kB
Node 0 SReclaimable:      21724 kB
Node 0 SUnreclaim:        30096 kB
Node 0 AnonHugePages:         0 kB
Node 0 ShmemHugePages:        0 kB
Node 0 ShmemPmdMapped:        0 kB
Node 0 FileHugePages:        0 kB
Node 0 FilePmdMapped:        0 kB
Node 0 HugePages_Total:     0
Node 0 HugePages_Free:      0
Node 0 HugePages_Surp:      0

Node 1 MemTotal:       24686196 kB
Node 1 MemFree:        24435528 kB
Node 1 MemUsed:          250668 kB
Node 1 Active:            43796 kB
Node 1 Inactive:          57620 kB
Node 1 Active(anon):      24284 kB
Node 1 Inactive(anon):      428 kB
Node 1 Active(file):      19512 kB
Node 1 Inactive(file):    57192 kB
Node 1 Unevictable:       12992 kB
Node 1 Mlocked:           12992 kB
Node 1 Dirty:               388 kB
Node 1 Writeback:             0 kB
Node 1 FilePages:         80040 kB
Node 1 Mapped:             9956 kB
Node 1 AnonPages:         34496 kB
Node 1 Shmem:               640 kB
Node 1 KernelStack:        1608 kB
Node 1 PageTables:          684 kB
Node 1 NFS_Unstable:          0 kB
Node 1 Bounce:                0 kB
Node 1 WritebackTmp:          0 kB
Node 1 KReclaimable:      19824 kB
Node 1 Slab:              52976 kB
Node 1 SReclaimable:      19824 kB
Node 1 SUnreclaim:        33152 kB
Node 1 AnonHugePages:         0 kB
Node 1 ShmemHugePages:        0 kB
Node 1 ShmemPmdMapped:        0 kB
Node 1 FileHugePages:        0 kB
Node 1 FilePmdMapped:        0 kB
Node 1 HugePages_Total:     0
Node 1 HugePages_Free:      0
Node 1 HugePages_Surp:      0

Load ZFS
Node 0 MemTotal:       24743736 kB
Node 0 MemFree:        24500384 kB
Node 0 MemUsed:          243352 kB
Node 0 Active:            57708 kB
Node 0 Inactive:          45948 kB
Node 0 Active(anon):       9932 kB
Node 0 Inactive(anon):      440 kB
Node 0 Active(file):      47776 kB
Node 0 Inactive(file):    45508 kB
Node 0 Unevictable:        5532 kB
Node 0 Mlocked:            5532 kB
Node 0 Dirty:               164 kB
Node 0 Writeback:             0 kB
Node 0 FilePages:         99444 kB
Node 0 Mapped:            46900 kB
Node 0 AnonPages:          9764 kB
Node 0 Shmem:               628 kB
Node 0 KernelStack:        2072 kB
Node 0 PageTables:          436 kB
Node 0 NFS_Unstable:          0 kB
Node 0 Bounce:                0 kB
Node 0 WritebackTmp:          0 kB
Node 0 KReclaimable:      22228 kB
Node 0 Slab:              53108 kB
Node 0 SReclaimable:      22228 kB
Node 0 SUnreclaim:        30880 kB
Node 0 AnonHugePages:         0 kB
Node 0 ShmemHugePages:        0 kB
Node 0 ShmemPmdMapped:        0 kB
Node 0 FileHugePages:        0 kB
Node 0 FilePmdMapped:        0 kB
Node 0 HugePages_Total:     0
Node 0 HugePages_Free:      0
Node 0 HugePages_Surp:      0

Node 1 MemTotal:       24686196 kB
Node 1 MemFree:        24293668 kB
Node 1 MemUsed:          392528 kB
Node 1 Active:            47112 kB
Node 1 Inactive:          57500 kB
Node 1 Active(anon):      26164 kB
Node 1 Inactive(anon):      428 kB
Node 1 Active(file):      20948 kB
Node 1 Inactive(file):    57072 kB
Node 1 Unevictable:       12992 kB
Node 1 Mlocked:           12992 kB
Node 1 Dirty:               388 kB
Node 1 Writeback:             0 kB
Node 1 FilePages:         81320 kB
Node 1 Mapped:            10116 kB
Node 1 AnonPages:         36204 kB
Node 1 Shmem:               640 kB
Node 1 KernelStack:        1624 kB
Node 1 PageTables:          844 kB
Node 1 NFS_Unstable:          0 kB
Node 1 Bounce:                0 kB
Node 1 WritebackTmp:          0 kB
Node 1 KReclaimable:      20244 kB
Node 1 Slab:              55144 kB
Node 1 SReclaimable:      20244 kB
Node 1 SUnreclaim:        34900 kB
Node 1 AnonHugePages:         0 kB
Node 1 ShmemHugePages:        0 kB
Node 1 ShmemPmdMapped:        0 kB
Node 1 FileHugePages:        0 kB
Node 1 FilePmdMapped:        0 kB
Node 1 HugePages_Total:     0
Node 1 HugePages_Free:      0
Node 1 HugePages_Surp:      0

Import tank ZPool
Node 0 MemTotal:       24743736 kB
Node 0 MemFree:        24485248 kB
Node 0 MemUsed:          258488 kB
Node 0 Active:            57764 kB
Node 0 Inactive:          45940 kB
Node 0 Active(anon):       9928 kB
Node 0 Inactive(anon):      440 kB
Node 0 Active(file):      47836 kB
Node 0 Inactive(file):    45500 kB
Node 0 Unevictable:        5532 kB
Node 0 Mlocked:            5532 kB
Node 0 Dirty:               220 kB
Node 0 Writeback:             0 kB
Node 0 FilePages:         99492 kB
Node 0 Mapped:            47140 kB
Node 0 AnonPages:          9764 kB
Node 0 Shmem:               624 kB
Node 0 KernelStack:        3176 kB
Node 0 PageTables:          436 kB
Node 0 NFS_Unstable:          0 kB
Node 0 Bounce:                0 kB
Node 0 WritebackTmp:          0 kB
Node 0 KReclaimable:      22228 kB
Node 0 Slab:              55808 kB
Node 0 SReclaimable:      22228 kB
Node 0 SUnreclaim:        33580 kB
Node 0 AnonHugePages:         0 kB
Node 0 ShmemHugePages:        0 kB
Node 0 ShmemPmdMapped:        0 kB
Node 0 FileHugePages:        0 kB
Node 0 FilePmdMapped:        0 kB
Node 0 HugePages_Total:     0
Node 0 HugePages_Free:      0
Node 0 HugePages_Surp:      0

Node 1 MemTotal:       24686196 kB
Node 1 MemFree:        24288064 kB
Node 1 MemUsed:          398132 kB
Node 1 Active:            47780 kB
Node 1 Inactive:          58680 kB
Node 1 Active(anon):      26420 kB
Node 1 Inactive(anon):      432 kB
Node 1 Active(file):      21360 kB
Node 1 Inactive(file):    58248 kB
Node 1 Unevictable:       12992 kB
Node 1 Mlocked:           12992 kB
Node 1 Dirty:               160 kB
Node 1 Writeback:             0 kB
Node 1 FilePages:         82964 kB
Node 1 Mapped:            10204 kB
Node 1 AnonPages:         36600 kB
Node 1 Shmem:               644 kB
Node 1 KernelStack:        1640 kB
Node 1 PageTables:          912 kB
Node 1 NFS_Unstable:          0 kB
Node 1 Bounce:                0 kB
Node 1 WritebackTmp:          0 kB
Node 1 KReclaimable:      20364 kB
Node 1 Slab:              60328 kB
Node 1 SReclaimable:      20364 kB
Node 1 SUnreclaim:        39964 kB
Node 1 AnonHugePages:         0 kB
Node 1 ShmemHugePages:        0 kB
Node 1 ShmemPmdMapped:        0 kB
Node 1 FileHugePages:        0 kB
Node 1 FilePmdMapped:        0 kB
Node 1 HugePages_Total:     0
Node 1 HugePages_Free:      0
Node 1 HugePages_Surp:      0

After Test
Node 0 MemTotal:       24743736 kB
Node 0 MemFree:        23911764 kB
Node 0 MemUsed:          831972 kB
Node 0 Active:            58088 kB
Node 0 Inactive:         143524 kB
Node 0 Active(anon):       9868 kB
Node 0 Inactive(anon):      440 kB
Node 0 Active(file):      48220 kB
Node 0 Inactive(file):   143084 kB
Node 0 Unevictable:        5532 kB
Node 0 Mlocked:            5532 kB
Node 0 Dirty:               224 kB
Node 0 Writeback:             0 kB
Node 0 FilePages:        197460 kB
Node 0 Mapped:            46968 kB
Node 0 AnonPages:          9740 kB
Node 0 Shmem:               624 kB
Node 0 KernelStack:        3176 kB
Node 0 PageTables:          704 kB
Node 0 NFS_Unstable:          0 kB
Node 0 Bounce:                0 kB
Node 0 WritebackTmp:          0 kB
Node 0 KReclaimable:      22492 kB
Node 0 Slab:              59384 kB
Node 0 SReclaimable:      22492 kB
Node 0 SUnreclaim:        36892 kB
Node 0 AnonHugePages:         0 kB
Node 0 ShmemHugePages:        0 kB
Node 0 ShmemPmdMapped:        0 kB
Node 0 FileHugePages:        0 kB
Node 0 FilePmdMapped:        0 kB
Node 0 HugePages_Total:     0
Node 0 HugePages_Free:      0
Node 0 HugePages_Surp:      0

Node 1 MemTotal:       24686196 kB
Node 1 MemFree:        24231316 kB
Node 1 MemUsed:          454880 kB
Node 1 Active:            45008 kB
Node 1 Inactive:          58452 kB
Node 1 Active(anon):      23248 kB
Node 1 Inactive(anon):      432 kB
Node 1 Active(file):      21760 kB
Node 1 Inactive(file):    58020 kB
Node 1 Unevictable:       12992 kB
Node 1 Mlocked:           12992 kB
Node 1 Dirty:                52 kB
Node 1 Writeback:             0 kB
Node 1 FilePages:         83084 kB
Node 1 Mapped:             9956 kB
Node 1 AnonPages:         33364 kB
Node 1 Shmem:               644 kB
Node 1 KernelStack:        1592 kB
Node 1 PageTables:          640 kB
Node 1 NFS_Unstable:          0 kB
Node 1 Bounce:                0 kB
Node 1 WritebackTmp:          0 kB
Node 1 KReclaimable:      20404 kB
Node 1 Slab:              60032 kB
Node 1 SReclaimable:      20404 kB
Node 1 SUnreclaim:        39628 kB
Node 1 AnonHugePages:         0 kB
Node 1 ShmemHugePages:        0 kB
Node 1 ShmemPmdMapped:        0 kB
Node 1 FileHugePages:        0 kB
Node 1 FilePmdMapped:        0 kB
Node 1 HugePages_Total:     0
Node 1 HugePages_Free:      0
Node 1 HugePages_Surp:      0

After Opposite Node
Node 0 MemTotal:       24743736 kB
Node 0 MemFree:        23912564 kB
Node 0 MemUsed:          831172 kB
Node 0 Active:            58036 kB
Node 0 Inactive:         143272 kB
Node 0 Active(anon):       9560 kB
Node 0 Inactive(anon):      440 kB
Node 0 Active(file):      48476 kB
Node 0 Inactive(file):   142832 kB
Node 0 Unevictable:        5532 kB
Node 0 Mlocked:            5532 kB
Node 0 Dirty:               256 kB
Node 0 Writeback:             0 kB
Node 0 FilePages:        197464 kB
Node 0 Mapped:            46952 kB
Node 0 AnonPages:          9376 kB
Node 0 Shmem:               624 kB
Node 0 KernelStack:        3112 kB
Node 0 PageTables:          436 kB
Node 0 NFS_Unstable:          0 kB
Node 0 Bounce:                0 kB
Node 0 WritebackTmp:          0 kB
Node 0 KReclaimable:      22492 kB
Node 0 Slab:              59408 kB
Node 0 SReclaimable:      22492 kB
Node 0 SUnreclaim:        36916 kB
Node 0 AnonHugePages:         0 kB
Node 0 ShmemHugePages:        0 kB
Node 0 ShmemPmdMapped:        0 kB
Node 0 FileHugePages:        0 kB
Node 0 FilePmdMapped:        0 kB
Node 0 HugePages_Total:     0
Node 0 HugePages_Free:      0
Node 0 HugePages_Surp:      0

Node 1 MemTotal:       24686196 kB
Node 1 MemFree:        24231160 kB
Node 1 MemUsed:          455036 kB
Node 1 Active:            45568 kB
Node 1 Inactive:          58444 kB
Node 1 Active(anon):      23648 kB
Node 1 Inactive(anon):      432 kB
Node 1 Active(file):      21920 kB
Node 1 Inactive(file):    58012 kB
Node 1 Unevictable:       12992 kB
Node 1 Mlocked:           12992 kB
Node 1 Dirty:                68 kB
Node 1 Writeback:             0 kB
Node 1 FilePages:         83240 kB
Node 1 Mapped:             9956 kB
Node 1 AnonPages:         33752 kB
Node 1 Shmem:               644 kB
Node 1 KernelStack:        1624 kB
Node 1 PageTables:          764 kB
Node 1 NFS_Unstable:          0 kB
Node 1 Bounce:                0 kB
Node 1 WritebackTmp:          0 kB
Node 1 KReclaimable:      20448 kB
Node 1 Slab:              60236 kB
Node 1 SReclaimable:      20448 kB
Node 1 SUnreclaim:        39788 kB
Node 1 AnonHugePages:         0 kB
Node 1 ShmemHugePages:        0 kB
Node 1 ShmemPmdMapped:        0 kB
Node 1 FileHugePages:        0 kB
Node 1 FilePmdMapped:        0 kB
Node 1 HugePages_Total:     0
Node 1 HugePages_Free:      0
Node 1 HugePages_Surp:      0

U.0.100M-simpleread.250M.3.O.1M Complete!
