kernel.numa_balancing = 0
U.0.simpleread.2-1G.2.O.1M
Begin
Node 0 MemTotal:       24768352 kB
Node 0 MemFree:        24367540 kB
Node 0 MemUsed:          400812 kB
Node 0 Active:            65684 kB
Node 0 Inactive:          28440 kB
Node 0 Active(anon):      24568 kB
Node 0 Inactive(anon):      420 kB
Node 0 Active(file):      41116 kB
Node 0 Inactive(file):    28020 kB
Node 0 Unevictable:       17568 kB
Node 0 Mlocked:           17568 kB
Node 0 Dirty:               300 kB
Node 0 Writeback:             0 kB
Node 0 FilePages:         77428 kB
Node 0 Mapped:            26828 kB
Node 0 AnonPages:         34700 kB
Node 0 Shmem:               616 kB
Node 0 KernelStack:        2136 kB
Node 0 PageTables:          536 kB
Node 0 NFS_Unstable:          0 kB
Node 0 Bounce:                0 kB
Node 0 WritebackTmp:          0 kB
Node 0 KReclaimable:      23748 kB
Node 0 Slab:              64756 kB
Node 0 SReclaimable:      23748 kB
Node 0 SUnreclaim:        41008 kB
Node 0 AnonHugePages:         0 kB
Node 0 ShmemHugePages:        0 kB
Node 0 ShmemPmdMapped:        0 kB
Node 0 FileHugePages:        0 kB
Node 0 FilePmdMapped:        0 kB
Node 0 HugePages_Total:     0
Node 0 HugePages_Free:      0
Node 0 HugePages_Surp:      0

Node 1 MemTotal:       24661580 kB
Node 1 MemFree:        24385428 kB
Node 1 MemUsed:          276152 kB
Node 1 Active:            33880 kB
Node 1 Inactive:         122972 kB
Node 1 Active(anon):       9380 kB
Node 1 Inactive(anon):      472 kB
Node 1 Active(file):      24500 kB
Node 1 Inactive(file):   122500 kB
Node 1 Unevictable:         952 kB
Node 1 Mlocked:             952 kB
Node 1 Dirty:               132 kB
Node 1 Writeback:             0 kB
Node 1 FilePages:        148608 kB
Node 1 Mapped:            66036 kB
Node 1 AnonPages:          9200 kB
Node 1 Shmem:               652 kB
Node 1 KernelStack:        1480 kB
Node 1 PageTables:          696 kB
Node 1 NFS_Unstable:          0 kB
Node 1 Bounce:                0 kB
Node 1 WritebackTmp:          0 kB
Node 1 KReclaimable:      17920 kB
Node 1 Slab:              40524 kB
Node 1 SReclaimable:      17920 kB
Node 1 SUnreclaim:        22604 kB
Node 1 AnonHugePages:         0 kB
Node 1 ShmemHugePages:        0 kB
Node 1 ShmemPmdMapped:        0 kB
Node 1 FileHugePages:        0 kB
Node 1 FilePmdMapped:        0 kB
Node 1 HugePages_Total:     0
Node 1 HugePages_Free:      0
Node 1 HugePages_Surp:      0

Load ZFS
Node 0 MemTotal:       24768352 kB
Node 0 MemFree:        24364088 kB
Node 0 MemUsed:          404264 kB
Node 0 Active:            73444 kB
Node 0 Inactive:          23888 kB
Node 0 Active(anon):      26284 kB
Node 0 Inactive(anon):      424 kB
Node 0 Active(file):      47160 kB
Node 0 Inactive(file):    23464 kB
Node 0 Unevictable:       17568 kB
Node 0 Mlocked:           17568 kB
Node 0 Dirty:                48 kB
Node 0 Writeback:             0 kB
Node 0 FilePages:         78480 kB
Node 0 Mapped:            26956 kB
Node 0 AnonPages:         35924 kB
Node 0 Shmem:               616 kB
Node 0 KernelStack:        2184 kB
Node 0 PageTables:          732 kB
Node 0 NFS_Unstable:          0 kB
Node 0 Bounce:                0 kB
Node 0 WritebackTmp:          0 kB
Node 0 KReclaimable:      24280 kB
Node 0 Slab:              66616 kB
Node 0 SReclaimable:      24280 kB
Node 0 SUnreclaim:        42336 kB
Node 0 AnonHugePages:         0 kB
Node 0 ShmemHugePages:        0 kB
Node 0 ShmemPmdMapped:        0 kB
Node 0 FileHugePages:        0 kB
Node 0 FilePmdMapped:        0 kB
Node 0 HugePages_Total:     0
Node 0 HugePages_Free:      0
Node 0 HugePages_Surp:      0

Node 1 MemTotal:       24661580 kB
Node 1 MemFree:        24379608 kB
Node 1 MemUsed:          281972 kB
Node 1 Active:            38752 kB
Node 1 Inactive:         123424 kB
Node 1 Active(anon):      13316 kB
Node 1 Inactive(anon):      472 kB
Node 1 Active(file):      25436 kB
Node 1 Inactive(file):   122952 kB
Node 1 Unevictable:         952 kB
Node 1 Mlocked:             952 kB
Node 1 Dirty:               188 kB
Node 1 Writeback:             0 kB
Node 1 FilePages:        149992 kB
Node 1 Mapped:            66004 kB
Node 1 AnonPages:         13224 kB
Node 1 Shmem:               652 kB
Node 1 KernelStack:        1608 kB
Node 1 PageTables:          860 kB
Node 1 NFS_Unstable:          0 kB
Node 1 Bounce:                0 kB
Node 1 WritebackTmp:          0 kB
Node 1 KReclaimable:      18504 kB
Node 1 Slab:              42700 kB
Node 1 SReclaimable:      18504 kB
Node 1 SUnreclaim:        24196 kB
Node 1 AnonHugePages:         0 kB
Node 1 ShmemHugePages:        0 kB
Node 1 ShmemPmdMapped:        0 kB
Node 1 FileHugePages:        0 kB
Node 1 FilePmdMapped:        0 kB
Node 1 HugePages_Total:     0
Node 1 HugePages_Free:      0
Node 1 HugePages_Surp:      0

Import tank ZPool
Node 0 MemTotal:       24768352 kB
Node 0 MemFree:        24356636 kB
Node 0 MemUsed:          411716 kB
Node 0 Active:            73804 kB
Node 0 Inactive:          25044 kB
Node 0 Active(anon):      26188 kB
Node 0 Inactive(anon):      428 kB
Node 0 Active(file):      47616 kB
Node 0 Inactive(file):    24616 kB
Node 0 Unevictable:       17568 kB
Node 0 Mlocked:           17568 kB
Node 0 Dirty:                88 kB
Node 0 Writeback:             0 kB
Node 0 FilePages:         80108 kB
Node 0 Mapped:            26880 kB
Node 0 AnonPages:         36552 kB
Node 0 Shmem:               616 kB
Node 0 KernelStack:        2216 kB
Node 0 PageTables:          756 kB
Node 0 NFS_Unstable:          0 kB
Node 0 Bounce:                0 kB
Node 0 WritebackTmp:          0 kB
Node 0 KReclaimable:      24400 kB
Node 0 Slab:              71624 kB
Node 0 SReclaimable:      24400 kB
Node 0 SUnreclaim:        47224 kB
Node 0 AnonHugePages:         0 kB
Node 0 ShmemHugePages:        0 kB
Node 0 ShmemPmdMapped:        0 kB
Node 0 FileHugePages:        0 kB
Node 0 FilePmdMapped:        0 kB
Node 0 HugePages_Total:     0
Node 0 HugePages_Free:      0
Node 0 HugePages_Surp:      0

Node 1 MemTotal:       24661580 kB
Node 1 MemFree:        24364176 kB
Node 1 MemUsed:          297404 kB
Node 1 Active:            38800 kB
Node 1 Inactive:         123428 kB
Node 1 Active(anon):      13340 kB
Node 1 Inactive(anon):      472 kB
Node 1 Active(file):      25460 kB
Node 1 Inactive(file):   122956 kB
Node 1 Unevictable:         952 kB
Node 1 Mlocked:             952 kB
Node 1 Dirty:               212 kB
Node 1 Writeback:             0 kB
Node 1 FilePages:        150036 kB
Node 1 Mapped:            66024 kB
Node 1 AnonPages:         13248 kB
Node 1 Shmem:               652 kB
Node 1 KernelStack:        2680 kB
Node 1 PageTables:          860 kB
Node 1 NFS_Unstable:          0 kB
Node 1 Bounce:                0 kB
Node 1 WritebackTmp:          0 kB
Node 1 KReclaimable:      18512 kB
Node 1 Slab:              45156 kB
Node 1 SReclaimable:      18512 kB
Node 1 SUnreclaim:        26644 kB
Node 1 AnonHugePages:         0 kB
Node 1 ShmemHugePages:        0 kB
Node 1 ShmemPmdMapped:        0 kB
Node 1 FileHugePages:        0 kB
Node 1 FilePmdMapped:        0 kB
Node 1 HugePages_Total:     0
Node 1 HugePages_Free:      0
Node 1 HugePages_Surp:      0

After Test
Node 0 MemTotal:       24768352 kB
Node 0 MemFree:        22753436 kB
Node 0 MemUsed:         2014916 kB
Node 0 Active:            72700 kB
Node 0 Inactive:          24828 kB
Node 0 Active(anon):      24448 kB
Node 0 Inactive(anon):      428 kB
Node 0 Active(file):      48252 kB
Node 0 Inactive(file):    24400 kB
Node 0 Unevictable:       17568 kB
Node 0 Mlocked:           17568 kB
Node 0 Dirty:               132 kB
Node 0 Writeback:             0 kB
Node 0 FilePages:         80508 kB
Node 0 Mapped:            26812 kB
Node 0 AnonPages:         34632 kB
Node 0 Shmem:               616 kB
Node 0 KernelStack:        2152 kB
Node 0 PageTables:          656 kB
Node 0 NFS_Unstable:          0 kB
Node 0 Bounce:                0 kB
Node 0 WritebackTmp:          0 kB
Node 0 KReclaimable:      24452 kB
Node 0 Slab:              80452 kB
Node 0 SReclaimable:      24452 kB
Node 0 SUnreclaim:        56000 kB
Node 0 AnonHugePages:         0 kB
Node 0 ShmemHugePages:        0 kB
Node 0 ShmemPmdMapped:        0 kB
Node 0 FileHugePages:        0 kB
Node 0 FilePmdMapped:        0 kB
Node 0 HugePages_Total:     0
Node 0 HugePages_Free:      0
Node 0 HugePages_Surp:      0

Node 1 MemTotal:       24661580 kB
Node 1 MemFree:        24094872 kB
Node 1 MemUsed:          566708 kB
Node 1 Active:            34416 kB
Node 1 Inactive:         123412 kB
Node 1 Active(anon):       8924 kB
Node 1 Inactive(anon):      472 kB
Node 1 Active(file):      25492 kB
Node 1 Inactive(file):   122940 kB
Node 1 Unevictable:         952 kB
Node 1 Mlocked:             952 kB
Node 1 Dirty:               100 kB
Node 1 Writeback:             0 kB
Node 1 FilePages:        150044 kB
Node 1 Mapped:            66068 kB
Node 1 AnonPages:          8744 kB
Node 1 Shmem:               652 kB
Node 1 KernelStack:        2616 kB
Node 1 PageTables:          668 kB
Node 1 NFS_Unstable:          0 kB
Node 1 Bounce:                0 kB
Node 1 WritebackTmp:          0 kB
Node 1 KReclaimable:      18552 kB
Node 1 Slab:              46036 kB
Node 1 SReclaimable:      18552 kB
Node 1 SUnreclaim:        27484 kB
Node 1 AnonHugePages:         0 kB
Node 1 ShmemHugePages:        0 kB
Node 1 ShmemPmdMapped:        0 kB
Node 1 FileHugePages:        0 kB
Node 1 FilePmdMapped:        0 kB
Node 1 HugePages_Total:     0
Node 1 HugePages_Free:      0
Node 1 HugePages_Surp:      0

After Opposite Node
Node 0 MemTotal:       24768352 kB
Node 0 MemFree:        22753940 kB
Node 0 MemUsed:         2014412 kB
Node 0 Active:            72176 kB
Node 0 Inactive:          24776 kB
Node 0 Active(anon):      23860 kB
Node 0 Inactive(anon):      428 kB
Node 0 Active(file):      48316 kB
Node 0 Inactive(file):    24348 kB
Node 0 Unevictable:       17568 kB
Node 0 Mlocked:           17568 kB
Node 0 Dirty:               144 kB
Node 0 Writeback:             0 kB
Node 0 FilePages:         80520 kB
Node 0 Mapped:            26804 kB
Node 0 AnonPages:         33996 kB
Node 0 Shmem:               616 kB
Node 0 KernelStack:        2120 kB
Node 0 PageTables:          580 kB
Node 0 NFS_Unstable:          0 kB
Node 0 Bounce:                0 kB
Node 0 WritebackTmp:          0 kB
Node 0 KReclaimable:      24452 kB
Node 0 Slab:              80472 kB
Node 0 SReclaimable:      24452 kB
Node 0 SUnreclaim:        56020 kB
Node 0 AnonHugePages:         0 kB
Node 0 ShmemHugePages:        0 kB
Node 0 ShmemPmdMapped:        0 kB
Node 0 FileHugePages:        0 kB
Node 0 FilePmdMapped:        0 kB
Node 0 HugePages_Total:     0
Node 0 HugePages_Free:      0
Node 0 HugePages_Surp:      0

Node 1 MemTotal:       24661580 kB
Node 1 MemFree:        24092760 kB
Node 1 MemUsed:          568820 kB
Node 1 Active:            35084 kB
Node 1 Inactive:         123160 kB
Node 1 Active(anon):       9324 kB
Node 1 Inactive(anon):      472 kB
Node 1 Active(file):      25760 kB
Node 1 Inactive(file):   122688 kB
Node 1 Unevictable:         952 kB
Node 1 Mlocked:             952 kB
Node 1 Dirty:               104 kB
Node 1 Writeback:             0 kB
Node 1 FilePages:        150052 kB
Node 1 Mapped:            66068 kB
Node 1 AnonPages:          8960 kB
Node 1 Shmem:               652 kB
Node 1 KernelStack:        2616 kB
Node 1 PageTables:          748 kB
Node 1 NFS_Unstable:          0 kB
Node 1 Bounce:                0 kB
Node 1 WritebackTmp:          0 kB
Node 1 KReclaimable:      18588 kB
Node 1 Slab:              46336 kB
Node 1 SReclaimable:      18588 kB
Node 1 SUnreclaim:        27748 kB
Node 1 AnonHugePages:         0 kB
Node 1 ShmemHugePages:        0 kB
Node 1 ShmemPmdMapped:        0 kB
Node 1 FileHugePages:        0 kB
Node 1 FilePmdMapped:        0 kB
Node 1 HugePages_Total:     0
Node 1 HugePages_Free:      0
Node 1 HugePages_Surp:      0

U.0.simpleread.2-1G.2.O.1M Complete!
