kernel.numa_balancing = 0
U.0.100M-simpleread.8G.3.O.1M
Begin
Node 0 MemTotal:       24743736 kB
Node 0 MemFree:        24362728 kB
Node 0 MemUsed:          381008 kB
Node 0 Active:            34576 kB
Node 0 Inactive:          87020 kB
Node 0 Active(anon):      14556 kB
Node 0 Inactive(anon):      568 kB
Node 0 Active(file):      20020 kB
Node 0 Inactive(file):    86452 kB
Node 0 Unevictable:        1152 kB
Node 0 Mlocked:            1152 kB
Node 0 Dirty:               204 kB
Node 0 Writeback:             0 kB
Node 0 FilePages:        108436 kB
Node 0 Mapped:            37576 kB
Node 0 AnonPages:         14312 kB
Node 0 Shmem:               812 kB
Node 0 KernelStack:        1720 kB
Node 0 PageTables:          552 kB
Node 0 NFS_Unstable:          0 kB
Node 0 Bounce:                0 kB
Node 0 WritebackTmp:          0 kB
Node 0 KReclaimable:      16480 kB
Node 0 Slab:              43668 kB
Node 0 SReclaimable:      16480 kB
Node 0 SUnreclaim:        27188 kB
Node 0 AnonHugePages:         0 kB
Node 0 ShmemHugePages:        0 kB
Node 0 ShmemPmdMapped:        0 kB
Node 0 FileHugePages:        0 kB
Node 0 FilePmdMapped:        0 kB
Node 0 HugePages_Total:     0
Node 0 HugePages_Free:      0
Node 0 HugePages_Surp:      0

Node 1 MemTotal:       24686196 kB
Node 1 MemFree:        24431564 kB
Node 1 MemUsed:          254632 kB
Node 1 Active:            61572 kB
Node 1 Inactive:          27928 kB
Node 1 Active(anon):      19344 kB
Node 1 Inactive(anon):      304 kB
Node 1 Active(file):      42228 kB
Node 1 Inactive(file):    27624 kB
Node 1 Unevictable:       17372 kB
Node 1 Mlocked:           17372 kB
Node 1 Dirty:               332 kB
Node 1 Writeback:             0 kB
Node 1 FilePages:         77524 kB
Node 1 Mapped:            25516 kB
Node 1 AnonPages:         29528 kB
Node 1 Shmem:               456 kB
Node 1 KernelStack:        1864 kB
Node 1 PageTables:          596 kB
Node 1 NFS_Unstable:          0 kB
Node 1 Bounce:                0 kB
Node 1 WritebackTmp:          0 kB
Node 1 KReclaimable:      25152 kB
Node 1 Slab:              61768 kB
Node 1 SReclaimable:      25152 kB
Node 1 SUnreclaim:        36616 kB
Node 1 AnonHugePages:         0 kB
Node 1 ShmemHugePages:        0 kB
Node 1 ShmemPmdMapped:        0 kB
Node 1 FileHugePages:        0 kB
Node 1 FilePmdMapped:        0 kB
Node 1 HugePages_Total:     0
Node 1 HugePages_Free:      0
Node 1 HugePages_Surp:      0

Load ZFS
Node 0 MemTotal:       24743736 kB
Node 0 MemFree:        24493860 kB
Node 0 MemUsed:          249876 kB
Node 0 Active:            42312 kB
Node 0 Inactive:          83088 kB
Node 0 Active(anon):      17440 kB
Node 0 Inactive(anon):      568 kB
Node 0 Active(file):      24872 kB
Node 0 Inactive(file):    82520 kB
Node 0 Unevictable:        1152 kB
Node 0 Mlocked:            1152 kB
Node 0 Dirty:               232 kB
Node 0 Writeback:             0 kB
Node 0 FilePages:        109356 kB
Node 0 Mapped:            37656 kB
Node 0 AnonPages:         17364 kB
Node 0 Shmem:               812 kB
Node 0 KernelStack:        1768 kB
Node 0 PageTables:          604 kB
Node 0 NFS_Unstable:          0 kB
Node 0 Bounce:                0 kB
Node 0 WritebackTmp:          0 kB
Node 0 KReclaimable:      16968 kB
Node 0 Slab:              45256 kB
Node 0 SReclaimable:      16968 kB
Node 0 SUnreclaim:        28288 kB
Node 0 AnonHugePages:         0 kB
Node 0 ShmemHugePages:        0 kB
Node 0 ShmemPmdMapped:        0 kB
Node 0 FileHugePages:        0 kB
Node 0 FilePmdMapped:        0 kB
Node 0 HugePages_Total:     0
Node 0 HugePages_Free:      0
Node 0 HugePages_Surp:      0

Node 1 MemTotal:       24686196 kB
Node 1 MemFree:        24287688 kB
Node 1 MemUsed:          398508 kB
Node 1 Active:            68036 kB
Node 1 Inactive:          27760 kB
Node 1 Active(anon):      23976 kB
Node 1 Inactive(anon):      304 kB
Node 1 Active(file):      44060 kB
Node 1 Inactive(file):    27456 kB
Node 1 Unevictable:       17372 kB
Node 1 Mlocked:           17372 kB
Node 1 Dirty:               332 kB
Node 1 Writeback:             0 kB
Node 1 FilePages:         79012 kB
Node 1 Mapped:            25700 kB
Node 1 AnonPages:         33632 kB
Node 1 Shmem:               456 kB
Node 1 KernelStack:        1976 kB
Node 1 PageTables:         1032 kB
Node 1 NFS_Unstable:          0 kB
Node 1 Bounce:                0 kB
Node 1 WritebackTmp:          0 kB
Node 1 KReclaimable:      25784 kB
Node 1 Slab:              64368 kB
Node 1 SReclaimable:      25784 kB
Node 1 SUnreclaim:        38584 kB
Node 1 AnonHugePages:         0 kB
Node 1 ShmemHugePages:        0 kB
Node 1 ShmemPmdMapped:        0 kB
Node 1 FileHugePages:        0 kB
Node 1 FilePmdMapped:        0 kB
Node 1 HugePages_Total:     0
Node 1 HugePages_Free:      0
Node 1 HugePages_Surp:      0

Import tank ZPool
Node 0 MemTotal:       24743736 kB
Node 0 MemFree:        24494788 kB
Node 0 MemUsed:          248948 kB
Node 0 Active:            39872 kB
Node 0 Inactive:          83080 kB
Node 0 Active(anon):      14992 kB
Node 0 Inactive(anon):      568 kB
Node 0 Active(file):      24880 kB
Node 0 Inactive(file):    82512 kB
Node 0 Unevictable:        1152 kB
Node 0 Mlocked:            1152 kB
Node 0 Dirty:               256 kB
Node 0 Writeback:             0 kB
Node 0 FilePages:        109356 kB
Node 0 Mapped:            37680 kB
Node 0 AnonPages:         14752 kB
Node 0 Shmem:               812 kB
Node 0 KernelStack:        1736 kB
Node 0 PageTables:          524 kB
Node 0 NFS_Unstable:          0 kB
Node 0 Bounce:                0 kB
Node 0 WritebackTmp:          0 kB
Node 0 KReclaimable:      16968 kB
Node 0 Slab:              45892 kB
Node 0 SReclaimable:      16968 kB
Node 0 SUnreclaim:        28924 kB
Node 0 AnonHugePages:         0 kB
Node 0 ShmemHugePages:        0 kB
Node 0 ShmemPmdMapped:        0 kB
Node 0 FileHugePages:        0 kB
Node 0 FilePmdMapped:        0 kB
Node 0 HugePages_Total:     0
Node 0 HugePages_Free:      0
Node 0 HugePages_Surp:      0

Node 1 MemTotal:       24686196 kB
Node 1 MemFree:        24271464 kB
Node 1 MemUsed:          414732 kB
Node 1 Active:            63488 kB
Node 1 Inactive:          28656 kB
Node 1 Active(anon):      18560 kB
Node 1 Inactive(anon):      308 kB
Node 1 Active(file):      44928 kB
Node 1 Inactive(file):    28348 kB
Node 1 Unevictable:       17372 kB
Node 1 Mlocked:           17372 kB
Node 1 Dirty:               140 kB
Node 1 Writeback:             0 kB
Node 1 FilePages:         80792 kB
Node 1 Mapped:            25740 kB
Node 1 AnonPages:         28416 kB
Node 1 Shmem:               456 kB
Node 1 KernelStack:        2968 kB
Node 1 PageTables:          720 kB
Node 1 NFS_Unstable:          0 kB
Node 1 Bounce:                0 kB
Node 1 WritebackTmp:          0 kB
Node 1 KReclaimable:      25908 kB
Node 1 Slab:              71120 kB
Node 1 SReclaimable:      25908 kB
Node 1 SUnreclaim:        45212 kB
Node 1 AnonHugePages:         0 kB
Node 1 ShmemHugePages:        0 kB
Node 1 ShmemPmdMapped:        0 kB
Node 1 FileHugePages:        0 kB
Node 1 FilePmdMapped:        0 kB
Node 1 HugePages_Total:     0
Node 1 HugePages_Free:      0
Node 1 HugePages_Surp:      0

After Test
Node 0 MemTotal:       24743736 kB
Node 0 MemFree:        15783336 kB
Node 0 MemUsed:         8960400 kB
Node 0 Active:            40404 kB
Node 0 Inactive:         180760 kB
Node 0 Active(anon):      15232 kB
Node 0 Inactive(anon):      572 kB
Node 0 Active(file):      25172 kB
Node 0 Inactive(file):   180188 kB
Node 0 Unevictable:        1152 kB
Node 0 Mlocked:            1152 kB
Node 0 Dirty:                16 kB
Node 0 Writeback:             0 kB
Node 0 FilePages:        207328 kB
Node 0 Mapped:            37668 kB
Node 0 AnonPages:         14916 kB
Node 0 Shmem:               816 kB
Node 0 KernelStack:        1656 kB
Node 0 PageTables:          764 kB
Node 0 NFS_Unstable:          0 kB
Node 0 Bounce:                0 kB
Node 0 WritebackTmp:          0 kB
Node 0 KReclaimable:      17312 kB
Node 0 Slab:              78516 kB
Node 0 SReclaimable:      17312 kB
Node 0 SUnreclaim:        61204 kB
Node 0 AnonHugePages:         0 kB
Node 0 ShmemHugePages:        0 kB
Node 0 ShmemPmdMapped:        0 kB
Node 0 FileHugePages:        0 kB
Node 0 FilePmdMapped:        0 kB
Node 0 HugePages_Total:     0
Node 0 HugePages_Free:      0
Node 0 HugePages_Surp:      0

Node 1 MemTotal:       24686196 kB
Node 1 MemFree:        23639620 kB
Node 1 MemUsed:         1046576 kB
Node 1 Active:            63268 kB
Node 1 Inactive:          28644 kB
Node 1 Active(anon):      18252 kB
Node 1 Inactive(anon):      304 kB
Node 1 Active(file):      45016 kB
Node 1 Inactive(file):    28340 kB
Node 1 Unevictable:       17372 kB
Node 1 Mlocked:           17372 kB
Node 1 Dirty:                12 kB
Node 1 Writeback:             0 kB
Node 1 FilePages:         80912 kB
Node 1 Mapped:            25604 kB
Node 1 AnonPages:         28444 kB
Node 1 Shmem:               452 kB
Node 1 KernelStack:        2936 kB
Node 1 PageTables:          604 kB
Node 1 NFS_Unstable:          0 kB
Node 1 Bounce:                0 kB
Node 1 WritebackTmp:          0 kB
Node 1 KReclaimable:      26012 kB
Node 1 Slab:              73232 kB
Node 1 SReclaimable:      26012 kB
Node 1 SUnreclaim:        47220 kB
Node 1 AnonHugePages:         0 kB
Node 1 ShmemHugePages:        0 kB
Node 1 ShmemPmdMapped:        0 kB
Node 1 FileHugePages:        0 kB
Node 1 FilePmdMapped:        0 kB
Node 1 HugePages_Total:     0
Node 1 HugePages_Free:      0
Node 1 HugePages_Surp:      0

After Opposite Node
Node 0 MemTotal:       24743736 kB
Node 0 MemFree:        15785264 kB
Node 0 MemUsed:         8958472 kB
Node 0 Active:            39928 kB
Node 0 Inactive:         180724 kB
Node 0 Active(anon):      14716 kB
Node 0 Inactive(anon):      572 kB
Node 0 Active(file):      25212 kB
Node 0 Inactive(file):   180152 kB
Node 0 Unevictable:        1152 kB
Node 0 Mlocked:            1152 kB
Node 0 Dirty:                32 kB
Node 0 Writeback:             0 kB
Node 0 FilePages:        207332 kB
Node 0 Mapped:            37684 kB
Node 0 AnonPages:         14472 kB
Node 0 Shmem:               816 kB
Node 0 KernelStack:        1640 kB
Node 0 PageTables:          524 kB
Node 0 NFS_Unstable:          0 kB
Node 0 Bounce:                0 kB
Node 0 WritebackTmp:          0 kB
Node 0 KReclaimable:      17312 kB
Node 0 Slab:              78268 kB
Node 0 SReclaimable:      17312 kB
Node 0 SUnreclaim:        60956 kB
Node 0 AnonHugePages:         0 kB
Node 0 ShmemHugePages:        0 kB
Node 0 ShmemPmdMapped:        0 kB
Node 0 FileHugePages:        0 kB
Node 0 FilePmdMapped:        0 kB
Node 0 HugePages_Total:     0
Node 0 HugePages_Free:      0
Node 0 HugePages_Surp:      0

Node 1 MemTotal:       24686196 kB
Node 1 MemFree:        23637472 kB
Node 1 MemUsed:         1048724 kB
Node 1 Active:            63900 kB
Node 1 Inactive:          28456 kB
Node 1 Active(anon):      18476 kB
Node 1 Inactive(anon):      304 kB
Node 1 Active(file):      45424 kB
Node 1 Inactive(file):    28152 kB
Node 1 Unevictable:       17372 kB
Node 1 Mlocked:           17372 kB
Node 1 Dirty:                56 kB
Node 1 Writeback:             0 kB
Node 1 FilePages:         81068 kB
Node 1 Mapped:            25828 kB
Node 1 AnonPages:         28896 kB
Node 1 Shmem:               452 kB
Node 1 KernelStack:        2952 kB
Node 1 PageTables:          848 kB
Node 1 NFS_Unstable:          0 kB
Node 1 Bounce:                0 kB
Node 1 WritebackTmp:          0 kB
Node 1 KReclaimable:      26044 kB
Node 1 Slab:              74640 kB
Node 1 SReclaimable:      26044 kB
Node 1 SUnreclaim:        48596 kB
Node 1 AnonHugePages:         0 kB
Node 1 ShmemHugePages:        0 kB
Node 1 ShmemPmdMapped:        0 kB
Node 1 FileHugePages:        0 kB
Node 1 FilePmdMapped:        0 kB
Node 1 HugePages_Total:     0
Node 1 HugePages_Free:      0
Node 1 HugePages_Surp:      0

U.0.100M-simpleread.8G.3.O.1M Complete!
