kernel.numa_balancing = 0
U.0.100M-simpleread.4G.2.O.1M
Begin
Node 0 MemTotal:       24768352 kB
Node 0 MemFree:        24488476 kB
Node 0 MemUsed:          279876 kB
Node 0 Active:            49740 kB
Node 0 Inactive:          78192 kB
Node 0 Active(anon):      13356 kB
Node 0 Inactive(anon):      516 kB
Node 0 Active(file):      36384 kB
Node 0 Inactive(file):    77676 kB
Node 0 Unevictable:       12644 kB
Node 0 Mlocked:           12644 kB
Node 0 Dirty:               568 kB
Node 0 Writeback:             0 kB
Node 0 FilePages:        117124 kB
Node 0 Mapped:            32196 kB
Node 0 AnonPages:         23472 kB
Node 0 Shmem:               732 kB
Node 0 KernelStack:        2024 kB
Node 0 PageTables:          652 kB
Node 0 NFS_Unstable:          0 kB
Node 0 Bounce:                0 kB
Node 0 WritebackTmp:          0 kB
Node 0 KReclaimable:      22676 kB
Node 0 Slab:              57584 kB
Node 0 SReclaimable:      22676 kB
Node 0 SUnreclaim:        34908 kB
Node 0 AnonHugePages:         0 kB
Node 0 ShmemHugePages:        0 kB
Node 0 ShmemPmdMapped:        0 kB
Node 0 FileHugePages:        0 kB
Node 0 FilePmdMapped:        0 kB
Node 0 HugePages_Total:     0
Node 0 HugePages_Free:      0
Node 0 HugePages_Surp:      0

Node 1 MemTotal:       24661580 kB
Node 1 MemFree:        24320720 kB
Node 1 MemUsed:          340860 kB
Node 1 Active:            44976 kB
Node 1 Inactive:          21260 kB
Node 1 Active(anon):      20456 kB
Node 1 Inactive(anon):      356 kB
Node 1 Active(file):      24520 kB
Node 1 Inactive(file):    20904 kB
Node 1 Unevictable:        5880 kB
Node 1 Mlocked:            5880 kB
Node 1 Dirty:                56 kB
Node 1 Writeback:             0 kB
Node 1 FilePages:         52272 kB
Node 1 Mapped:            17816 kB
Node 1 AnonPages:         20276 kB
Node 1 Shmem:               536 kB
Node 1 KernelStack:        1560 kB
Node 1 PageTables:          360 kB
Node 1 NFS_Unstable:          0 kB
Node 1 Bounce:                0 kB
Node 1 WritebackTmp:          0 kB
Node 1 KReclaimable:      18116 kB
Node 1 Slab:              46500 kB
Node 1 SReclaimable:      18116 kB
Node 1 SUnreclaim:        28384 kB
Node 1 AnonHugePages:         0 kB
Node 1 ShmemHugePages:        0 kB
Node 1 ShmemPmdMapped:        0 kB
Node 1 FileHugePages:        0 kB
Node 1 FilePmdMapped:        0 kB
Node 1 HugePages_Total:     0
Node 1 HugePages_Free:      0
Node 1 HugePages_Surp:      0

Load ZFS
Node 0 MemTotal:       24768352 kB
Node 0 MemFree:        24486396 kB
Node 0 MemUsed:          281956 kB
Node 0 Active:            52208 kB
Node 0 Inactive:          78396 kB
Node 0 Active(anon):      15104 kB
Node 0 Inactive(anon):      520 kB
Node 0 Active(file):      37104 kB
Node 0 Inactive(file):    77876 kB
Node 0 Unevictable:       12644 kB
Node 0 Mlocked:           12644 kB
Node 0 Dirty:               596 kB
Node 0 Writeback:             0 kB
Node 0 FilePages:        118028 kB
Node 0 Mapped:            32316 kB
Node 0 AnonPages:         25288 kB
Node 0 Shmem:               732 kB
Node 0 KernelStack:        2072 kB
Node 0 PageTables:          700 kB
Node 0 NFS_Unstable:          0 kB
Node 0 Bounce:                0 kB
Node 0 WritebackTmp:          0 kB
Node 0 KReclaimable:      23072 kB
Node 0 Slab:              59356 kB
Node 0 SReclaimable:      23072 kB
Node 0 SUnreclaim:        36284 kB
Node 0 AnonHugePages:         0 kB
Node 0 ShmemHugePages:        0 kB
Node 0 ShmemPmdMapped:        0 kB
Node 0 FileHugePages:        0 kB
Node 0 FilePmdMapped:        0 kB
Node 0 HugePages_Total:     0
Node 0 HugePages_Free:      0
Node 0 HugePages_Surp:      0

Node 1 MemTotal:       24661580 kB
Node 1 MemFree:        24315352 kB
Node 1 MemUsed:          346228 kB
Node 1 Active:            52576 kB
Node 1 Inactive:          16840 kB
Node 1 Active(anon):      21696 kB
Node 1 Inactive(anon):      356 kB
Node 1 Active(file):      30880 kB
Node 1 Inactive(file):    16484 kB
Node 1 Unevictable:        5880 kB
Node 1 Mlocked:            5880 kB
Node 1 Dirty:                60 kB
Node 1 Writeback:             0 kB
Node 1 FilePages:         53776 kB
Node 1 Mapped:            17800 kB
Node 1 AnonPages:         21276 kB
Node 1 Shmem:               536 kB
Node 1 KernelStack:        1608 kB
Node 1 PageTables:          612 kB
Node 1 NFS_Unstable:          0 kB
Node 1 Bounce:                0 kB
Node 1 WritebackTmp:          0 kB
Node 1 KReclaimable:      18660 kB
Node 1 Slab:              48360 kB
Node 1 SReclaimable:      18660 kB
Node 1 SUnreclaim:        29700 kB
Node 1 AnonHugePages:         0 kB
Node 1 ShmemHugePages:        0 kB
Node 1 ShmemPmdMapped:        0 kB
Node 1 FileHugePages:        0 kB
Node 1 FilePmdMapped:        0 kB
Node 1 HugePages_Total:     0
Node 1 HugePages_Free:      0
Node 1 HugePages_Surp:      0

Import tank ZPool
Node 0 MemTotal:       24768352 kB
Node 0 MemFree:        24487404 kB
Node 0 MemUsed:          280948 kB
Node 0 Active:            50784 kB
Node 0 Inactive:          78396 kB
Node 0 Active(anon):      13656 kB
Node 0 Inactive(anon):      520 kB
Node 0 Active(file):      37128 kB
Node 0 Inactive(file):    77876 kB
Node 0 Unevictable:       12644 kB
Node 0 Mlocked:           12644 kB
Node 0 Dirty:               116 kB
Node 0 Writeback:             0 kB
Node 0 FilePages:        118068 kB
Node 0 Mapped:            32204 kB
Node 0 AnonPages:         23840 kB
Node 0 Shmem:               732 kB
Node 0 KernelStack:        2072 kB
Node 0 PageTables:          700 kB
Node 0 NFS_Unstable:          0 kB
Node 0 Bounce:                0 kB
Node 0 WritebackTmp:          0 kB
Node 0 KReclaimable:      23072 kB
Node 0 Slab:              59356 kB
Node 0 SReclaimable:      23072 kB
Node 0 SUnreclaim:        36284 kB
Node 0 AnonHugePages:         0 kB
Node 0 ShmemHugePages:        0 kB
Node 0 ShmemPmdMapped:        0 kB
Node 0 FileHugePages:        0 kB
Node 0 FilePmdMapped:        0 kB
Node 0 HugePages_Total:     0
Node 0 HugePages_Free:      0
Node 0 HugePages_Surp:      0

Node 1 MemTotal:       24661580 kB
Node 1 MemFree:        24299468 kB
Node 1 MemUsed:          362112 kB
Node 1 Active:            51412 kB
Node 1 Inactive:          18020 kB
Node 1 Active(anon):      20152 kB
Node 1 Inactive(anon):      360 kB
Node 1 Active(file):      31260 kB
Node 1 Inactive(file):    17660 kB
Node 1 Unevictable:        5880 kB
Node 1 Mlocked:            5880 kB
Node 1 Dirty:                68 kB
Node 1 Writeback:             0 kB
Node 1 FilePages:         55332 kB
Node 1 Mapped:            17984 kB
Node 1 AnonPages:         19180 kB
Node 1 Shmem:               536 kB
Node 1 KernelStack:        2728 kB
Node 1 PageTables:          592 kB
Node 1 NFS_Unstable:          0 kB
Node 1 Bounce:                0 kB
Node 1 WritebackTmp:          0 kB
Node 1 KReclaimable:      18808 kB
Node 1 Slab:              55344 kB
Node 1 SReclaimable:      18808 kB
Node 1 SUnreclaim:        36536 kB
Node 1 AnonHugePages:         0 kB
Node 1 ShmemHugePages:        0 kB
Node 1 ShmemPmdMapped:        0 kB
Node 1 FileHugePages:        0 kB
Node 1 FilePmdMapped:        0 kB
Node 1 HugePages_Total:     0
Node 1 HugePages_Free:      0
Node 1 HugePages_Surp:      0

After Test
Node 0 MemTotal:       24768352 kB
Node 0 MemFree:        19837588 kB
Node 0 MemUsed:         4930764 kB
Node 0 Active:            50984 kB
Node 0 Inactive:         176072 kB
Node 0 Active(anon):      13516 kB
Node 0 Inactive(anon):      520 kB
Node 0 Active(file):      37468 kB
Node 0 Inactive(file):   175552 kB
Node 0 Unevictable:       12644 kB
Node 0 Mlocked:           12644 kB
Node 0 Dirty:                20 kB
Node 0 Writeback:             0 kB
Node 0 FilePages:        216084 kB
Node 0 Mapped:            32164 kB
Node 0 AnonPages:         23812 kB
Node 0 Shmem:               732 kB
Node 0 KernelStack:        1992 kB
Node 0 PageTables:          868 kB
Node 0 NFS_Unstable:          0 kB
Node 0 Bounce:                0 kB
Node 0 WritebackTmp:          0 kB
Node 0 KReclaimable:      23452 kB
Node 0 Slab:              78056 kB
Node 0 SReclaimable:      23452 kB
Node 0 SUnreclaim:        54604 kB
Node 0 AnonHugePages:         0 kB
Node 0 ShmemHugePages:        0 kB
Node 0 ShmemPmdMapped:        0 kB
Node 0 FileHugePages:        0 kB
Node 0 FilePmdMapped:        0 kB
Node 0 HugePages_Total:     0
Node 0 HugePages_Free:      0
Node 0 HugePages_Surp:      0

Node 1 MemTotal:       24661580 kB
Node 1 MemFree:        23812524 kB
Node 1 MemUsed:          849056 kB
Node 1 Active:            51040 kB
Node 1 Inactive:          17812 kB
Node 1 Active(anon):      19404 kB
Node 1 Inactive(anon):      360 kB
Node 1 Active(file):      31636 kB
Node 1 Inactive(file):    17452 kB
Node 1 Unevictable:        5880 kB
Node 1 Mlocked:            5880 kB
Node 1 Dirty:                12 kB
Node 1 Writeback:             0 kB
Node 1 FilePages:         55500 kB
Node 1 Mapped:            17864 kB
Node 1 AnonPages:         19228 kB
Node 1 Shmem:               536 kB
Node 1 KernelStack:        2600 kB
Node 1 PageTables:          404 kB
Node 1 NFS_Unstable:          0 kB
Node 1 Bounce:                0 kB
Node 1 WritebackTmp:          0 kB
Node 1 KReclaimable:      18828 kB
Node 1 Slab:              56880 kB
Node 1 SReclaimable:      18828 kB
Node 1 SUnreclaim:        38052 kB
Node 1 AnonHugePages:         0 kB
Node 1 ShmemHugePages:        0 kB
Node 1 ShmemPmdMapped:        0 kB
Node 1 FileHugePages:        0 kB
Node 1 FilePmdMapped:        0 kB
Node 1 HugePages_Total:     0
Node 1 HugePages_Free:      0
Node 1 HugePages_Surp:      0

After Opposite Node
Node 0 MemTotal:       24768352 kB
Node 0 MemFree:        19842816 kB
Node 0 MemUsed:         4925536 kB
Node 0 Active:            50768 kB
Node 0 Inactive:         176032 kB
Node 0 Active(anon):      13252 kB
Node 0 Inactive(anon):      516 kB
Node 0 Active(file):      37516 kB
Node 0 Inactive(file):   175516 kB
Node 0 Unevictable:       12644 kB
Node 0 Mlocked:           12644 kB
Node 0 Dirty:                36 kB
Node 0 Writeback:             0 kB
Node 0 FilePages:        216092 kB
Node 0 Mapped:            32196 kB
Node 0 AnonPages:         23368 kB
Node 0 Shmem:               728 kB
Node 0 KernelStack:        1992 kB
Node 0 PageTables:          628 kB
Node 0 NFS_Unstable:          0 kB
Node 0 Bounce:                0 kB
Node 0 WritebackTmp:          0 kB
Node 0 KReclaimable:      23452 kB
Node 0 Slab:              78040 kB
Node 0 SReclaimable:      23452 kB
Node 0 SUnreclaim:        54588 kB
Node 0 AnonHugePages:         0 kB
Node 0 ShmemHugePages:        0 kB
Node 0 ShmemPmdMapped:        0 kB
Node 0 FileHugePages:        0 kB
Node 0 FilePmdMapped:        0 kB
Node 0 HugePages_Total:     0
Node 0 HugePages_Free:      0
Node 0 HugePages_Surp:      0

Node 1 MemTotal:       24661580 kB
Node 1 MemFree:        23810336 kB
Node 1 MemUsed:          851244 kB
Node 1 Active:            51672 kB
Node 1 Inactive:          17572 kB
Node 1 Active(anon):      19644 kB
Node 1 Inactive(anon):      364 kB
Node 1 Active(file):      32028 kB
Node 1 Inactive(file):    17208 kB
Node 1 Unevictable:        5880 kB
Node 1 Mlocked:            5880 kB
Node 1 Dirty:                32 kB
Node 1 Writeback:             0 kB
Node 1 FilePages:         55652 kB
Node 1 Mapped:            17800 kB
Node 1 AnonPages:         19680 kB
Node 1 Shmem:               540 kB
Node 1 KernelStack:        2616 kB
Node 1 PageTables:          644 kB
Node 1 NFS_Unstable:          0 kB
Node 1 Bounce:                0 kB
Node 1 WritebackTmp:          0 kB
Node 1 KReclaimable:      18836 kB
Node 1 Slab:              57680 kB
Node 1 SReclaimable:      18836 kB
Node 1 SUnreclaim:        38844 kB
Node 1 AnonHugePages:         0 kB
Node 1 ShmemHugePages:        0 kB
Node 1 ShmemPmdMapped:        0 kB
Node 1 FileHugePages:        0 kB
Node 1 FilePmdMapped:        0 kB
Node 1 HugePages_Total:     0
Node 1 HugePages_Free:      0
Node 1 HugePages_Surp:      0

U.0.100M-simpleread.4G.2.O.1M Complete!
