U.1.bigfio.16G.3.O
Begin
Node 0 MemTotal:       24768352 kB
Node 0 MemFree:        24411772 kB
Node 0 MemUsed:          356580 kB
Node 0 Active:            39928 kB
Node 0 Inactive:          34964 kB
Node 0 Active(anon):      12412 kB
Node 0 Inactive(anon):      580 kB
Node 0 Active(file):      27516 kB
Node 0 Inactive(file):    34384 kB
Node 0 Unevictable:        4684 kB
Node 0 Mlocked:            4684 kB
Node 0 Dirty:                 0 kB
Node 0 Writeback:             0 kB
Node 0 FilePages:         67384 kB
Node 0 Mapped:            24960 kB
Node 0 AnonPages:         12188 kB
Node 0 Shmem:               804 kB
Node 0 KernelStack:        2040 kB
Node 0 PageTables:          536 kB
Node 0 NFS_Unstable:          0 kB
Node 0 Bounce:                0 kB
Node 0 WritebackTmp:          0 kB
Node 0 KReclaimable:      22080 kB
Node 0 Slab:              54056 kB
Node 0 SReclaimable:      22080 kB
Node 0 SUnreclaim:        31976 kB
Node 0 AnonHugePages:         0 kB
Node 0 ShmemHugePages:        0 kB
Node 0 ShmemPmdMapped:        0 kB
Node 0 FileHugePages:        0 kB
Node 0 FilePmdMapped:        0 kB
Node 0 HugePages_Total:     0
Node 0 HugePages_Free:      0
Node 0 HugePages_Surp:      0

Node 1 MemTotal:       24661580 kB
Node 1 MemFree:        24410188 kB
Node 1 MemUsed:          251392 kB
Node 1 Active:            54980 kB
Node 1 Inactive:          51328 kB
Node 1 Active(anon):      21560 kB
Node 1 Inactive(anon):      284 kB
Node 1 Active(file):      33420 kB
Node 1 Inactive(file):    51044 kB
Node 1 Unevictable:       13840 kB
Node 1 Mlocked:           13840 kB
Node 1 Dirty:                 0 kB
Node 1 Writeback:             0 kB
Node 1 FilePages:         88584 kB
Node 1 Mapped:            17880 kB
Node 1 AnonPages:         31760 kB
Node 1 Shmem:               464 kB
Node 1 KernelStack:        1544 kB
Node 1 PageTables:          468 kB
Node 1 NFS_Unstable:          0 kB
Node 1 Bounce:                0 kB
Node 1 WritebackTmp:          0 kB
Node 1 KReclaimable:      19096 kB
Node 1 Slab:              52996 kB
Node 1 SReclaimable:      19096 kB
Node 1 SUnreclaim:        33900 kB
Node 1 AnonHugePages:         0 kB
Node 1 ShmemHugePages:        0 kB
Node 1 ShmemPmdMapped:        0 kB
Node 1 FileHugePages:        0 kB
Node 1 FilePmdMapped:        0 kB
Node 1 HugePages_Total:     0
Node 1 HugePages_Free:      0
Node 1 HugePages_Surp:      0

Load ZFS
Node 0 MemTotal:       24768352 kB
Node 0 MemFree:        24545232 kB
Node 0 MemUsed:          223120 kB
Node 0 Active:            45496 kB
Node 0 Inactive:          30344 kB
Node 0 Active(anon):      12412 kB
Node 0 Inactive(anon):      580 kB
Node 0 Active(file):      33084 kB
Node 0 Inactive(file):    29764 kB
Node 0 Unevictable:        4684 kB
Node 0 Mlocked:            4684 kB
Node 0 Dirty:                68 kB
Node 0 Writeback:             0 kB
Node 0 FilePages:         68332 kB
Node 0 Mapped:            24980 kB
Node 0 AnonPages:         12192 kB
Node 0 Shmem:               804 kB
Node 0 KernelStack:        2216 kB
Node 0 PageTables:          536 kB
Node 0 NFS_Unstable:          0 kB
Node 0 Bounce:                0 kB
Node 0 WritebackTmp:          0 kB
Node 0 KReclaimable:      22524 kB
Node 0 Slab:              55424 kB
Node 0 SReclaimable:      22524 kB
Node 0 SUnreclaim:        32900 kB
Node 0 AnonHugePages:         0 kB
Node 0 ShmemHugePages:        0 kB
Node 0 ShmemPmdMapped:        0 kB
Node 0 FileHugePages:        0 kB
Node 0 FilePmdMapped:        0 kB
Node 0 HugePages_Total:     0
Node 0 HugePages_Free:      0
Node 0 HugePages_Surp:      0

Node 1 MemTotal:       24661580 kB
Node 1 MemFree:        24267852 kB
Node 1 MemUsed:          393728 kB
Node 1 Active:            57940 kB
Node 1 Inactive:          51832 kB
Node 1 Active(anon):      23312 kB
Node 1 Inactive(anon):      284 kB
Node 1 Active(file):      34628 kB
Node 1 Inactive(file):    51548 kB
Node 1 Unevictable:       13840 kB
Node 1 Mlocked:           13840 kB
Node 1 Dirty:                 0 kB
Node 1 Writeback:             0 kB
Node 1 FilePages:         90152 kB
Node 1 Mapped:            18044 kB
Node 1 AnonPages:         33420 kB
Node 1 Shmem:               464 kB
Node 1 KernelStack:        1432 kB
Node 1 PageTables:          624 kB
Node 1 NFS_Unstable:          0 kB
Node 1 Bounce:                0 kB
Node 1 WritebackTmp:          0 kB
Node 1 KReclaimable:      19640 kB
Node 1 Slab:              55556 kB
Node 1 SReclaimable:      19640 kB
Node 1 SUnreclaim:        35916 kB
Node 1 AnonHugePages:         0 kB
Node 1 ShmemHugePages:        0 kB
Node 1 ShmemPmdMapped:        0 kB
Node 1 FileHugePages:        0 kB
Node 1 FilePmdMapped:        0 kB
Node 1 HugePages_Total:     0
Node 1 HugePages_Free:      0
Node 1 HugePages_Surp:      0

Import tank ZPool
Node 0 MemTotal:       24768352 kB
Node 0 MemFree:        24532860 kB
Node 0 MemUsed:          235492 kB
Node 0 Active:            46876 kB
Node 0 Inactive:          30360 kB
Node 0 Active(anon):      13696 kB
Node 0 Inactive(anon):      580 kB
Node 0 Active(file):      33180 kB
Node 0 Inactive(file):    29780 kB
Node 0 Unevictable:        4684 kB
Node 0 Mlocked:            4684 kB
Node 0 Dirty:               164 kB
Node 0 Writeback:             0 kB
Node 0 FilePages:         68444 kB
Node 0 Mapped:            25320 kB
Node 0 AnonPages:         13256 kB
Node 0 Shmem:               800 kB
Node 0 KernelStack:        3368 kB
Node 0 PageTables:          632 kB
Node 0 NFS_Unstable:          0 kB
Node 0 Bounce:                0 kB
Node 0 WritebackTmp:          0 kB
Node 0 KReclaimable:      22556 kB
Node 0 Slab:              58088 kB
Node 0 SReclaimable:      22556 kB
Node 0 SUnreclaim:        35532 kB
Node 0 AnonHugePages:         0 kB
Node 0 ShmemHugePages:        0 kB
Node 0 ShmemPmdMapped:        0 kB
Node 0 FileHugePages:        0 kB
Node 0 FilePmdMapped:        0 kB
Node 0 HugePages_Total:     0
Node 0 HugePages_Free:      0
Node 0 HugePages_Surp:      0

Node 1 MemTotal:       24661580 kB
Node 1 MemFree:        24262556 kB
Node 1 MemUsed:          399024 kB
Node 1 Active:            58520 kB
Node 1 Inactive:          52936 kB
Node 1 Active(anon):      23572 kB
Node 1 Inactive(anon):      288 kB
Node 1 Active(file):      34948 kB
Node 1 Inactive(file):    52648 kB
Node 1 Unevictable:       13840 kB
Node 1 Mlocked:           13840 kB
Node 1 Dirty:                20 kB
Node 1 Writeback:             0 kB
Node 1 FilePages:         91604 kB
Node 1 Mapped:            18072 kB
Node 1 AnonPages:         33472 kB
Node 1 Shmem:               468 kB
Node 1 KernelStack:        1432 kB
Node 1 PageTables:          640 kB
Node 1 NFS_Unstable:          0 kB
Node 1 Bounce:                0 kB
Node 1 WritebackTmp:          0 kB
Node 1 KReclaimable:      19796 kB
Node 1 Slab:              60068 kB
Node 1 SReclaimable:      19796 kB
Node 1 SUnreclaim:        40272 kB
Node 1 AnonHugePages:         0 kB
Node 1 ShmemHugePages:        0 kB
Node 1 ShmemPmdMapped:        0 kB
Node 1 FileHugePages:        0 kB
Node 1 FilePmdMapped:        0 kB
Node 1 HugePages_Total:     0
Node 1 HugePages_Free:      0
Node 1 HugePages_Surp:      0

After Test
Node 0 MemTotal:       24768352 kB
Node 0 MemFree:        23710000 kB
Node 0 MemUsed:         1058352 kB
Node 0 Active:            45700 kB
Node 0 Inactive:          30324 kB
Node 0 Active(anon):      12260 kB
Node 0 Inactive(anon):      580 kB
Node 0 Active(file):      33440 kB
Node 0 Inactive(file):    29744 kB
Node 0 Unevictable:        4684 kB
Node 0 Mlocked:            4684 kB
Node 0 Dirty:                 0 kB
Node 0 Writeback:             0 kB
Node 0 FilePages:         68664 kB
Node 0 Mapped:            24984 kB
Node 0 AnonPages:         12040 kB
Node 0 Shmem:               800 kB
Node 0 KernelStack:        3112 kB
Node 0 PageTables:          536 kB
Node 0 NFS_Unstable:          0 kB
Node 0 Bounce:                0 kB
Node 0 WritebackTmp:          0 kB
Node 0 KReclaimable:      22624 kB
Node 0 Slab:              60976 kB
Node 0 SReclaimable:      22624 kB
Node 0 SUnreclaim:        38352 kB
Node 0 AnonHugePages:         0 kB
Node 0 ShmemHugePages:        0 kB
Node 0 ShmemPmdMapped:        0 kB
Node 0 FileHugePages:        0 kB
Node 0 FilePmdMapped:        0 kB
Node 0 HugePages_Total:     0
Node 0 HugePages_Free:      0
Node 0 HugePages_Surp:      0

Node 1 MemTotal:       24661580 kB
Node 1 MemFree:         7417068 kB
Node 1 MemUsed:        17244512 kB
Node 1 Active:            57260 kB
Node 1 Inactive:          54012 kB
Node 1 Active(anon):      21104 kB
Node 1 Inactive(anon):      320 kB
Node 1 Active(file):      36156 kB
Node 1 Inactive(file):    53692 kB
Node 1 Unevictable:       13840 kB
Node 1 Mlocked:           13840 kB
Node 1 Dirty:                 8 kB
Node 1 Writeback:             0 kB
Node 1 FilePages:         93872 kB
Node 1 Mapped:            18140 kB
Node 1 AnonPages:         31200 kB
Node 1 Shmem:               512 kB
Node 1 KernelStack:        1336 kB
Node 1 PageTables:          644 kB
Node 1 NFS_Unstable:          0 kB
Node 1 Bounce:                0 kB
Node 1 WritebackTmp:          0 kB
Node 1 KReclaimable:      21200 kB
Node 1 Slab:             118196 kB
Node 1 SReclaimable:      21200 kB
Node 1 SUnreclaim:        96996 kB
Node 1 AnonHugePages:         0 kB
Node 1 ShmemHugePages:        0 kB
Node 1 ShmemPmdMapped:        0 kB
Node 1 FileHugePages:        0 kB
Node 1 FilePmdMapped:        0 kB
Node 1 HugePages_Total:     0
Node 1 HugePages_Free:      0
Node 1 HugePages_Surp:      0

After Opposite Node
Node 0 MemTotal:       24768352 kB
Node 0 MemFree:        23706048 kB
Node 0 MemUsed:         1062304 kB
Node 0 Active:            45864 kB
Node 0 Inactive:          30356 kB
Node 0 Active(anon):      12412 kB
Node 0 Inactive(anon):      604 kB
Node 0 Active(file):      33452 kB
Node 0 Inactive(file):    29752 kB
Node 0 Unevictable:        4684 kB
Node 0 Mlocked:            4684 kB
Node 0 Dirty:                40 kB
Node 0 Writeback:             0 kB
Node 0 FilePages:         68736 kB
Node 0 Mapped:            25028 kB
Node 0 AnonPages:         12096 kB
Node 0 Shmem:               844 kB
Node 0 KernelStack:        3128 kB
Node 0 PageTables:          648 kB
Node 0 NFS_Unstable:          0 kB
Node 0 Bounce:                0 kB
Node 0 WritebackTmp:          0 kB
Node 0 KReclaimable:      22680 kB
Node 0 Slab:              62748 kB
Node 0 SReclaimable:      22680 kB
Node 0 SUnreclaim:        40068 kB
Node 0 AnonHugePages:         0 kB
Node 0 ShmemHugePages:        0 kB
Node 0 ShmemPmdMapped:        0 kB
Node 0 FileHugePages:        0 kB
Node 0 FilePmdMapped:        0 kB
Node 0 HugePages_Total:     0
Node 0 HugePages_Free:      0
Node 0 HugePages_Surp:      0

Node 1 MemTotal:       24661580 kB
Node 1 MemFree:         7423868 kB
Node 1 MemUsed:        17237712 kB
Node 1 Active:            57180 kB
Node 1 Inactive:          53760 kB
Node 1 Active(anon):      20784 kB
Node 1 Inactive(anon):      288 kB
Node 1 Active(file):      36396 kB
Node 1 Inactive(file):    53472 kB
Node 1 Unevictable:       13840 kB
Node 1 Mlocked:           13840 kB
Node 1 Dirty:                44 kB
Node 1 Writeback:             0 kB
Node 1 FilePages:         93848 kB
Node 1 Mapped:            18112 kB
Node 1 AnonPages:         30932 kB
Node 1 Shmem:               468 kB
Node 1 KernelStack:        1304 kB
Node 1 PageTables:          468 kB
Node 1 NFS_Unstable:          0 kB
Node 1 Bounce:                0 kB
Node 1 WritebackTmp:          0 kB
Node 1 KReclaimable:      21200 kB
Node 1 Slab:             117304 kB
Node 1 SReclaimable:      21200 kB
Node 1 SUnreclaim:        96104 kB
Node 1 AnonHugePages:         0 kB
Node 1 ShmemHugePages:        0 kB
Node 1 ShmemPmdMapped:        0 kB
Node 1 FileHugePages:        0 kB
Node 1 FilePmdMapped:        0 kB
Node 1 HugePages_Total:     0
Node 1 HugePages_Free:      0
Node 1 HugePages_Surp:      0

U.1.bigfio.16G.3.O Complete!
