U.1.bigfio.16G.1.O
Begin
Node 0 MemTotal:       24743736 kB
Node 0 MemFree:        24508440 kB
Node 0 MemUsed:          235296 kB
Node 0 Active:            49492 kB
Node 0 Inactive:          27344 kB
Node 0 Active(anon):      22380 kB
Node 0 Inactive(anon):      496 kB
Node 0 Active(file):      27112 kB
Node 0 Inactive(file):    26848 kB
Node 0 Unevictable:       18148 kB
Node 0 Mlocked:           18148 kB
Node 0 Dirty:                44 kB
Node 0 Writeback:             0 kB
Node 0 FilePages:         62508 kB
Node 0 Mapped:            23740 kB
Node 0 AnonPages:         32544 kB
Node 0 Shmem:               732 kB
Node 0 KernelStack:        2056 kB
Node 0 PageTables:          704 kB
Node 0 NFS_Unstable:          0 kB
Node 0 Bounce:                0 kB
Node 0 WritebackTmp:          0 kB
Node 0 KReclaimable:      20304 kB
Node 0 Slab:              54168 kB
Node 0 SReclaimable:      20304 kB
Node 0 SUnreclaim:        33864 kB
Node 0 AnonHugePages:         0 kB
Node 0 ShmemHugePages:        0 kB
Node 0 ShmemPmdMapped:        0 kB
Node 0 FileHugePages:        0 kB
Node 0 FilePmdMapped:        0 kB
Node 0 HugePages_Total:     0
Node 0 HugePages_Free:      0
Node 0 HugePages_Surp:      0

Node 1 MemTotal:       24686196 kB
Node 1 MemFree:        24312104 kB
Node 1 MemUsed:          374092 kB
Node 1 Active:            44268 kB
Node 1 Inactive:          62988 kB
Node 1 Active(anon):      11312 kB
Node 1 Inactive(anon):      368 kB
Node 1 Active(file):      32956 kB
Node 1 Inactive(file):    62620 kB
Node 1 Unevictable:         376 kB
Node 1 Mlocked:             376 kB
Node 1 Dirty:               476 kB
Node 1 Writeback:             0 kB
Node 1 FilePages:         96540 kB
Node 1 Mapped:            21424 kB
Node 1 AnonPages:         11188 kB
Node 1 Shmem:               536 kB
Node 1 KernelStack:        1544 kB
Node 1 PageTables:          332 kB
Node 1 NFS_Unstable:          0 kB
Node 1 Bounce:                0 kB
Node 1 WritebackTmp:          0 kB
Node 1 KReclaimable:      21348 kB
Node 1 Slab:              52228 kB
Node 1 SReclaimable:      21348 kB
Node 1 SUnreclaim:        30880 kB
Node 1 AnonHugePages:         0 kB
Node 1 ShmemHugePages:        0 kB
Node 1 ShmemPmdMapped:        0 kB
Node 1 FileHugePages:        0 kB
Node 1 FilePmdMapped:        0 kB
Node 1 HugePages_Total:     0
Node 1 HugePages_Free:      0
Node 1 HugePages_Surp:      0

Load ZFS
Node 0 MemTotal:       24743736 kB
Node 0 MemFree:        24502936 kB
Node 0 MemUsed:          240800 kB
Node 0 Active:            52956 kB
Node 0 Inactive:          27572 kB
Node 0 Active(anon):      24932 kB
Node 0 Inactive(anon):      500 kB
Node 0 Active(file):      28024 kB
Node 0 Inactive(file):    27072 kB
Node 0 Unevictable:       18148 kB
Node 0 Mlocked:           18148 kB
Node 0 Dirty:                44 kB
Node 0 Writeback:             0 kB
Node 0 FilePages:         63644 kB
Node 0 Mapped:            23892 kB
Node 0 AnonPages:         35152 kB
Node 0 Shmem:               732 kB
Node 0 KernelStack:        2024 kB
Node 0 PageTables:          704 kB
Node 0 NFS_Unstable:          0 kB
Node 0 Bounce:                0 kB
Node 0 WritebackTmp:          0 kB
Node 0 KReclaimable:      20800 kB
Node 0 Slab:              56336 kB
Node 0 SReclaimable:      20800 kB
Node 0 SUnreclaim:        35536 kB
Node 0 AnonHugePages:         0 kB
Node 0 ShmemHugePages:        0 kB
Node 0 ShmemPmdMapped:        0 kB
Node 0 FileHugePages:        0 kB
Node 0 FilePmdMapped:        0 kB
Node 0 HugePages_Total:     0
Node 0 HugePages_Free:      0
Node 0 HugePages_Surp:      0

Node 1 MemTotal:       24686196 kB
Node 1 MemFree:        24303928 kB
Node 1 MemUsed:          382268 kB
Node 1 Active:            55224 kB
Node 1 Inactive:          58768 kB
Node 1 Active(anon):      16604 kB
Node 1 Inactive(anon):      368 kB
Node 1 Active(file):      38620 kB
Node 1 Inactive(file):    58400 kB
Node 1 Unevictable:         376 kB
Node 1 Mlocked:             376 kB
Node 1 Dirty:               500 kB
Node 1 Writeback:             0 kB
Node 1 FilePages:         97932 kB
Node 1 Mapped:            21424 kB
Node 1 AnonPages:         16444 kB
Node 1 Shmem:               536 kB
Node 1 KernelStack:        1768 kB
Node 1 PageTables:          804 kB
Node 1 NFS_Unstable:          0 kB
Node 1 Bounce:                0 kB
Node 1 WritebackTmp:          0 kB
Node 1 KReclaimable:      21828 kB
Node 1 Slab:              53644 kB
Node 1 SReclaimable:      21828 kB
Node 1 SUnreclaim:        31816 kB
Node 1 AnonHugePages:         0 kB
Node 1 ShmemHugePages:        0 kB
Node 1 ShmemPmdMapped:        0 kB
Node 1 FileHugePages:        0 kB
Node 1 FilePmdMapped:        0 kB
Node 1 HugePages_Total:     0
Node 1 HugePages_Free:      0
Node 1 HugePages_Surp:      0

Import tank ZPool
Node 0 MemTotal:       24743736 kB
Node 0 MemFree:        24505464 kB
Node 0 MemUsed:          238272 kB
Node 0 Active:            49684 kB
Node 0 Inactive:          27480 kB
Node 0 Active(anon):      21532 kB
Node 0 Inactive(anon):      500 kB
Node 0 Active(file):      28152 kB
Node 0 Inactive(file):    26980 kB
Node 0 Unevictable:       18148 kB
Node 0 Mlocked:           18148 kB
Node 0 Dirty:                76 kB
Node 0 Writeback:             0 kB
Node 0 FilePages:         63676 kB
Node 0 Mapped:            23996 kB
Node 0 AnonPages:         31632 kB
Node 0 Shmem:               728 kB
Node 0 KernelStack:        1992 kB
Node 0 PageTables:          640 kB
Node 0 NFS_Unstable:          0 kB
Node 0 Bounce:                0 kB
Node 0 WritebackTmp:          0 kB
Node 0 KReclaimable:      20800 kB
Node 0 Slab:              56344 kB
Node 0 SReclaimable:      20800 kB
Node 0 SUnreclaim:        35544 kB
Node 0 AnonHugePages:         0 kB
Node 0 ShmemHugePages:        0 kB
Node 0 ShmemPmdMapped:        0 kB
Node 0 FileHugePages:        0 kB
Node 0 FilePmdMapped:        0 kB
Node 0 HugePages_Total:     0
Node 0 HugePages_Free:      0
Node 0 HugePages_Surp:      0

Node 1 MemTotal:       24686196 kB
Node 1 MemFree:        24288448 kB
Node 1 MemUsed:          397748 kB
Node 1 Active:            51208 kB
Node 1 Inactive:          59948 kB
Node 1 Active(anon):      11928 kB
Node 1 Inactive(anon):      372 kB
Node 1 Active(file):      39280 kB
Node 1 Inactive(file):    59576 kB
Node 1 Unevictable:         376 kB
Node 1 Mlocked:             376 kB
Node 1 Dirty:               288 kB
Node 1 Writeback:             0 kB
Node 1 FilePages:         99500 kB
Node 1 Mapped:            21660 kB
Node 1 AnonPages:         11396 kB
Node 1 Shmem:               540 kB
Node 1 KernelStack:        2712 kB
Node 1 PageTables:          468 kB
Node 1 NFS_Unstable:          0 kB
Node 1 Bounce:                0 kB
Node 1 WritebackTmp:          0 kB
Node 1 KReclaimable:      21992 kB
Node 1 Slab:              60672 kB
Node 1 SReclaimable:      21992 kB
Node 1 SUnreclaim:        38680 kB
Node 1 AnonHugePages:         0 kB
Node 1 ShmemHugePages:        0 kB
Node 1 ShmemPmdMapped:        0 kB
Node 1 FileHugePages:        0 kB
Node 1 FilePmdMapped:        0 kB
Node 1 HugePages_Total:     0
Node 1 HugePages_Free:      0
Node 1 HugePages_Surp:      0

After Test
Node 0 MemTotal:       24743736 kB
Node 0 MemFree:        23662048 kB
Node 0 MemUsed:         1081688 kB
Node 0 Active:            49888 kB
Node 0 Inactive:          28016 kB
Node 0 Active(anon):      21524 kB
Node 0 Inactive(anon):      500 kB
Node 0 Active(file):      28364 kB
Node 0 Inactive(file):    27516 kB
Node 0 Unevictable:       18148 kB
Node 0 Mlocked:           18148 kB
Node 0 Dirty:                 0 kB
Node 0 Writeback:             0 kB
Node 0 FilePages:         64424 kB
Node 0 Mapped:            23744 kB
Node 0 AnonPages:         31624 kB
Node 0 Shmem:               728 kB
Node 0 KernelStack:        1880 kB
Node 0 PageTables:          640 kB
Node 0 NFS_Unstable:          0 kB
Node 0 Bounce:                0 kB
Node 0 WritebackTmp:          0 kB
Node 0 KReclaimable:      21000 kB
Node 0 Slab:              60596 kB
Node 0 SReclaimable:      21000 kB
Node 0 SUnreclaim:        39596 kB
Node 0 AnonHugePages:         0 kB
Node 0 ShmemHugePages:        0 kB
Node 0 ShmemPmdMapped:        0 kB
Node 0 FileHugePages:        0 kB
Node 0 FilePmdMapped:        0 kB
Node 0 HugePages_Total:     0
Node 0 HugePages_Free:      0
Node 0 HugePages_Surp:      0

Node 1 MemTotal:       24686196 kB
Node 1 MemFree:         7461108 kB
Node 1 MemUsed:        17225088 kB
Node 1 Active:            52080 kB
Node 1 Inactive:          60812 kB
Node 1 Active(anon):      11468 kB
Node 1 Inactive(anon):      396 kB
Node 1 Active(file):      40612 kB
Node 1 Inactive(file):    60416 kB
Node 1 Unevictable:         376 kB
Node 1 Mlocked:             376 kB
Node 1 Dirty:                 8 kB
Node 1 Writeback:             0 kB
Node 1 FilePages:        101992 kB
Node 1 Mapped:            21684 kB
Node 1 AnonPages:         11200 kB
Node 1 Shmem:               584 kB
Node 1 KernelStack:        2616 kB
Node 1 PageTables:          476 kB
Node 1 NFS_Unstable:          0 kB
Node 1 Bounce:                0 kB
Node 1 WritebackTmp:          0 kB
Node 1 KReclaimable:      23508 kB
Node 1 Slab:             119072 kB
Node 1 SReclaimable:      23508 kB
Node 1 SUnreclaim:        95564 kB
Node 1 AnonHugePages:         0 kB
Node 1 ShmemHugePages:        0 kB
Node 1 ShmemPmdMapped:        0 kB
Node 1 FileHugePages:        0 kB
Node 1 FilePmdMapped:        0 kB
Node 1 HugePages_Total:     0
Node 1 HugePages_Free:      0
Node 1 HugePages_Surp:      0

After Opposite Node
Node 0 MemTotal:       24743736 kB
Node 0 MemFree:        23660764 kB
Node 0 MemUsed:         1082972 kB
Node 0 Active:            50220 kB
Node 0 Inactive:          28060 kB
Node 0 Active(anon):      21852 kB
Node 0 Inactive(anon):      536 kB
Node 0 Active(file):      28368 kB
Node 0 Inactive(file):    27524 kB
Node 0 Unevictable:       18148 kB
Node 0 Mlocked:           18148 kB
Node 0 Dirty:                32 kB
Node 0 Writeback:             0 kB
Node 0 FilePages:         64480 kB
Node 0 Mapped:            23788 kB
Node 0 AnonPages:         31456 kB
Node 0 Shmem:               772 kB
Node 0 KernelStack:        1896 kB
Node 0 PageTables:          820 kB
Node 0 NFS_Unstable:          0 kB
Node 0 Bounce:                0 kB
Node 0 WritebackTmp:          0 kB
Node 0 KReclaimable:      21032 kB
Node 0 Slab:              62452 kB
Node 0 SReclaimable:      21032 kB
Node 0 SUnreclaim:        41420 kB
Node 0 AnonHugePages:         0 kB
Node 0 ShmemHugePages:        0 kB
Node 0 ShmemPmdMapped:        0 kB
Node 0 FileHugePages:        0 kB
Node 0 FilePmdMapped:        0 kB
Node 0 HugePages_Total:     0
Node 0 HugePages_Free:      0
Node 0 HugePages_Surp:      0

Node 1 MemTotal:       24686196 kB
Node 1 MemFree:         7464212 kB
Node 1 MemUsed:        17221984 kB
Node 1 Active:            52144 kB
Node 1 Inactive:          60604 kB
Node 1 Active(anon):      11316 kB
Node 1 Inactive(anon):      372 kB
Node 1 Active(file):      40828 kB
Node 1 Inactive(file):    60232 kB
Node 1 Unevictable:         376 kB
Node 1 Mlocked:             376 kB
Node 1 Dirty:                52 kB
Node 1 Writeback:             0 kB
Node 1 FilePages:        101984 kB
Node 1 Mapped:            21664 kB
Node 1 AnonPages:         11148 kB
Node 1 Shmem:               540 kB
Node 1 KernelStack:        2568 kB
Node 1 PageTables:          356 kB
Node 1 NFS_Unstable:          0 kB
Node 1 Bounce:                0 kB
Node 1 WritebackTmp:          0 kB
Node 1 KReclaimable:      23512 kB
Node 1 Slab:             117856 kB
Node 1 SReclaimable:      23512 kB
Node 1 SUnreclaim:        94344 kB
Node 1 AnonHugePages:         0 kB
Node 1 ShmemHugePages:        0 kB
Node 1 ShmemPmdMapped:        0 kB
Node 1 FileHugePages:        0 kB
Node 1 FilePmdMapped:        0 kB
Node 1 HugePages_Total:     0
Node 1 HugePages_Free:      0
Node 1 HugePages_Surp:      0

U.1.bigfio.16G.1.O Complete!
