U.1.bigfio.250M.2.O
Begin
Node 0 MemTotal:       24743736 kB
Node 0 MemFree:        24392884 kB
Node 0 MemUsed:          350852 kB
Node 0 Active:            38844 kB
Node 0 Inactive:          34908 kB
Node 0 Active(anon):      19088 kB
Node 0 Inactive(anon):      320 kB
Node 0 Active(file):      19756 kB
Node 0 Inactive(file):    34588 kB
Node 0 Unevictable:        5800 kB
Node 0 Mlocked:            5800 kB
Node 0 Dirty:               296 kB
Node 0 Writeback:             0 kB
Node 0 FilePages:         60776 kB
Node 0 Mapped:            22908 kB
Node 0 AnonPages:         18916 kB
Node 0 Shmem:               492 kB
Node 0 KernelStack:        2264 kB
Node 0 PageTables:          392 kB
Node 0 NFS_Unstable:          0 kB
Node 0 Bounce:                0 kB
Node 0 WritebackTmp:          0 kB
Node 0 KReclaimable:      18708 kB
Node 0 Slab:              47200 kB
Node 0 SReclaimable:      18708 kB
Node 0 SUnreclaim:        28492 kB
Node 0 AnonHugePages:         0 kB
Node 0 ShmemHugePages:        0 kB
Node 0 ShmemPmdMapped:        0 kB
Node 0 FileHugePages:        0 kB
Node 0 FilePmdMapped:        0 kB
Node 0 HugePages_Total:     0
Node 0 HugePages_Free:      0
Node 0 HugePages_Surp:      0

Node 1 MemTotal:       24686196 kB
Node 1 MemFree:        24411380 kB
Node 1 MemUsed:          274816 kB
Node 1 Active:            56468 kB
Node 1 Inactive:          67572 kB
Node 1 Active(anon):      14892 kB
Node 1 Inactive(anon):      544 kB
Node 1 Active(file):      41576 kB
Node 1 Inactive(file):    67028 kB
Node 1 Unevictable:       12724 kB
Node 1 Mlocked:           12724 kB
Node 1 Dirty:               204 kB
Node 1 Writeback:             0 kB
Node 1 FilePages:        111776 kB
Node 1 Mapped:            33016 kB
Node 1 AnonPages:         25096 kB
Node 1 Shmem:               776 kB
Node 1 KernelStack:        1384 kB
Node 1 PageTables:          704 kB
Node 1 NFS_Unstable:          0 kB
Node 1 Bounce:                0 kB
Node 1 WritebackTmp:          0 kB
Node 1 KReclaimable:      23188 kB
Node 1 Slab:              58992 kB
Node 1 SReclaimable:      23188 kB
Node 1 SUnreclaim:        35804 kB
Node 1 AnonHugePages:         0 kB
Node 1 ShmemHugePages:        0 kB
Node 1 ShmemPmdMapped:        0 kB
Node 1 FileHugePages:        0 kB
Node 1 FilePmdMapped:        0 kB
Node 1 HugePages_Total:     0
Node 1 HugePages_Free:      0
Node 1 HugePages_Surp:      0

Load ZFS
Node 0 MemTotal:       24743736 kB
Node 0 MemFree:        24528004 kB
Node 0 MemUsed:          215732 kB
Node 0 Active:            44580 kB
Node 0 Inactive:          30212 kB
Node 0 Active(anon):      18812 kB
Node 0 Inactive(anon):      320 kB
Node 0 Active(file):      25768 kB
Node 0 Inactive(file):    29892 kB
Node 0 Unevictable:        5800 kB
Node 0 Mlocked:            5800 kB
Node 0 Dirty:               296 kB
Node 0 Writeback:             0 kB
Node 0 FilePages:         61948 kB
Node 0 Mapped:            22940 kB
Node 0 AnonPages:         18648 kB
Node 0 Shmem:               492 kB
Node 0 KernelStack:        2248 kB
Node 0 PageTables:          416 kB
Node 0 NFS_Unstable:          0 kB
Node 0 Bounce:                0 kB
Node 0 WritebackTmp:          0 kB
Node 0 KReclaimable:      19172 kB
Node 0 Slab:              48240 kB
Node 0 SReclaimable:      19172 kB
Node 0 SUnreclaim:        29068 kB
Node 0 AnonHugePages:         0 kB
Node 0 ShmemHugePages:        0 kB
Node 0 ShmemPmdMapped:        0 kB
Node 0 FileHugePages:        0 kB
Node 0 FilePmdMapped:        0 kB
Node 0 HugePages_Total:     0
Node 0 HugePages_Free:      0
Node 0 HugePages_Surp:      0

Node 1 MemTotal:       24686196 kB
Node 1 MemFree:        24267480 kB
Node 1 MemUsed:          418716 kB
Node 1 Active:            60284 kB
Node 1 Inactive:          68284 kB
Node 1 Active(anon):      18080 kB
Node 1 Inactive(anon):      548 kB
Node 1 Active(file):      42204 kB
Node 1 Inactive(file):    67736 kB
Node 1 Unevictable:       12724 kB
Node 1 Mlocked:           12724 kB
Node 1 Dirty:               236 kB
Node 1 Writeback:             0 kB
Node 1 FilePages:        113112 kB
Node 1 Mapped:            33200 kB
Node 1 AnonPages:         28096 kB
Node 1 Shmem:               776 kB
Node 1 KernelStack:        1448 kB
Node 1 PageTables:          876 kB
Node 1 NFS_Unstable:          0 kB
Node 1 Bounce:                0 kB
Node 1 WritebackTmp:          0 kB
Node 1 KReclaimable:      23784 kB
Node 1 Slab:              61620 kB
Node 1 SReclaimable:      23784 kB
Node 1 SUnreclaim:        37836 kB
Node 1 AnonHugePages:         0 kB
Node 1 ShmemHugePages:        0 kB
Node 1 ShmemPmdMapped:        0 kB
Node 1 FileHugePages:        0 kB
Node 1 FilePmdMapped:        0 kB
Node 1 HugePages_Total:     0
Node 1 HugePages_Free:      0
Node 1 HugePages_Surp:      0

Import tank ZPool
Node 0 MemTotal:       24743736 kB
Node 0 MemFree:        24519448 kB
Node 0 MemUsed:          224288 kB
Node 0 Active:            44172 kB
Node 0 Inactive:          30172 kB
Node 0 Active(anon):      18328 kB
Node 0 Inactive(anon):      320 kB
Node 0 Active(file):      25844 kB
Node 0 Inactive(file):    29852 kB
Node 0 Unevictable:        5800 kB
Node 0 Mlocked:            5800 kB
Node 0 Dirty:                80 kB
Node 0 Writeback:             0 kB
Node 0 FilePages:         61996 kB
Node 0 Mapped:            23168 kB
Node 0 AnonPages:         18160 kB
Node 0 Shmem:               488 kB
Node 0 KernelStack:        2264 kB
Node 0 PageTables:          416 kB
Node 0 NFS_Unstable:          0 kB
Node 0 Bounce:                0 kB
Node 0 WritebackTmp:          0 kB
Node 0 KReclaimable:      19172 kB
Node 0 Slab:              48512 kB
Node 0 SReclaimable:      19172 kB
Node 0 SUnreclaim:        29340 kB
Node 0 AnonHugePages:         0 kB
Node 0 ShmemHugePages:        0 kB
Node 0 ShmemPmdMapped:        0 kB
Node 0 FileHugePages:        0 kB
Node 0 FilePmdMapped:        0 kB
Node 0 HugePages_Total:     0
Node 0 HugePages_Free:      0
Node 0 HugePages_Surp:      0

Node 1 MemTotal:       24686196 kB
Node 1 MemFree:        24261136 kB
Node 1 MemUsed:          425060 kB
Node 1 Active:            57604 kB
Node 1 Inactive:          69472 kB
Node 1 Active(anon):      15048 kB
Node 1 Inactive(anon):      552 kB
Node 1 Active(file):      42556 kB
Node 1 Inactive(file):    68920 kB
Node 1 Unevictable:       12724 kB
Node 1 Mlocked:           12724 kB
Node 1 Dirty:               264 kB
Node 1 Writeback:             0 kB
Node 1 FilePages:        114652 kB
Node 1 Mapped:            33248 kB
Node 1 AnonPages:         25172 kB
Node 1 Shmem:               780 kB
Node 1 KernelStack:        2472 kB
Node 1 PageTables:          720 kB
Node 1 NFS_Unstable:          0 kB
Node 1 Bounce:                0 kB
Node 1 WritebackTmp:          0 kB
Node 1 KReclaimable:      23912 kB
Node 1 Slab:              68076 kB
Node 1 SReclaimable:      23912 kB
Node 1 SUnreclaim:        44164 kB
Node 1 AnonHugePages:         0 kB
Node 1 ShmemHugePages:        0 kB
Node 1 ShmemPmdMapped:        0 kB
Node 1 FileHugePages:        0 kB
Node 1 FilePmdMapped:        0 kB
Node 1 HugePages_Total:     0
Node 1 HugePages_Free:      0
Node 1 HugePages_Surp:      0

After Test
Node 0 MemTotal:       24743736 kB
Node 0 MemFree:        24452600 kB
Node 0 MemUsed:          291136 kB
Node 0 Active:            44172 kB
Node 0 Inactive:          30172 kB
Node 0 Active(anon):      18312 kB
Node 0 Inactive(anon):      320 kB
Node 0 Active(file):      25860 kB
Node 0 Inactive(file):    29852 kB
Node 0 Unevictable:        5800 kB
Node 0 Mlocked:            5800 kB
Node 0 Dirty:                80 kB
Node 0 Writeback:             0 kB
Node 0 FilePages:         61996 kB
Node 0 Mapped:            22940 kB
Node 0 AnonPages:         18144 kB
Node 0 Shmem:               488 kB
Node 0 KernelStack:        2308 kB
Node 0 PageTables:          416 kB
Node 0 NFS_Unstable:          0 kB
Node 0 Bounce:                0 kB
Node 0 WritebackTmp:          0 kB
Node 0 KReclaimable:      19172 kB
Node 0 Slab:              48780 kB
Node 0 SReclaimable:      19172 kB
Node 0 SUnreclaim:        29608 kB
Node 0 AnonHugePages:         0 kB
Node 0 ShmemHugePages:        0 kB
Node 0 ShmemPmdMapped:        0 kB
Node 0 FileHugePages:        0 kB
Node 0 FilePmdMapped:        0 kB
Node 0 HugePages_Total:     0
Node 0 HugePages_Free:      0
Node 0 HugePages_Surp:      0

Node 1 MemTotal:       24686196 kB
Node 1 MemFree:        23788736 kB
Node 1 MemUsed:          897460 kB
Node 1 Active:            59108 kB
Node 1 Inactive:          70348 kB
Node 1 Active(anon):      15172 kB
Node 1 Inactive(anon):      576 kB
Node 1 Active(file):      43936 kB
Node 1 Inactive(file):    69772 kB
Node 1 Unevictable:       12724 kB
Node 1 Mlocked:           12724 kB
Node 1 Dirty:               164 kB
Node 1 Writeback:             0 kB
Node 1 FilePages:        116928 kB
Node 1 Mapped:            33296 kB
Node 1 AnonPages:         25168 kB
Node 1 Shmem:               824 kB
Node 1 KernelStack:        2440 kB
Node 1 PageTables:          784 kB
Node 1 NFS_Unstable:          0 kB
Node 1 Bounce:                0 kB
Node 1 WritebackTmp:          0 kB
Node 1 KReclaimable:      25188 kB
Node 1 Slab:              72380 kB
Node 1 SReclaimable:      25188 kB
Node 1 SUnreclaim:        47192 kB
Node 1 AnonHugePages:         0 kB
Node 1 ShmemHugePages:        0 kB
Node 1 ShmemPmdMapped:        0 kB
Node 1 FileHugePages:        0 kB
Node 1 FilePmdMapped:        0 kB
Node 1 HugePages_Total:     0
Node 1 HugePages_Free:      0
Node 1 HugePages_Surp:      0

After Opposite Node
Node 0 MemTotal:       24743736 kB
Node 0 MemFree:        24449584 kB
Node 0 MemUsed:          294152 kB
Node 0 Active:            44348 kB
Node 0 Inactive:          30228 kB
Node 0 Active(anon):      18484 kB
Node 0 Inactive(anon):      376 kB
Node 0 Active(file):      25864 kB
Node 0 Inactive(file):    29852 kB
Node 0 Unevictable:        5800 kB
Node 0 Mlocked:            5800 kB
Node 0 Dirty:                80 kB
Node 0 Writeback:             0 kB
Node 0 FilePages:         62088 kB
Node 0 Mapped:            23028 kB
Node 0 AnonPages:         18100 kB
Node 0 Shmem:               576 kB
Node 0 KernelStack:        2392 kB
Node 0 PageTables:          664 kB
Node 0 NFS_Unstable:          0 kB
Node 0 Bounce:                0 kB
Node 0 WritebackTmp:          0 kB
Node 0 KReclaimable:      19220 kB
Node 0 Slab:              49132 kB
Node 0 SReclaimable:      19220 kB
Node 0 SUnreclaim:        29912 kB
Node 0 AnonHugePages:         0 kB
Node 0 ShmemHugePages:        0 kB
Node 0 ShmemPmdMapped:        0 kB
Node 0 FileHugePages:        0 kB
Node 0 FilePmdMapped:        0 kB
Node 0 HugePages_Total:     0
Node 0 HugePages_Free:      0
Node 0 HugePages_Surp:      0

Node 1 MemTotal:       24686196 kB
Node 1 MemFree:        23789344 kB
Node 1 MemUsed:          896852 kB
Node 1 Active:            58684 kB
Node 1 Inactive:          70172 kB
Node 1 Active(anon):      14576 kB
Node 1 Inactive(anon):      552 kB
Node 1 Active(file):      44108 kB
Node 1 Inactive(file):    69620 kB
Node 1 Unevictable:       12724 kB
Node 1 Mlocked:           12724 kB
Node 1 Dirty:               184 kB
Node 1 Writeback:             0 kB
Node 1 FilePages:        116904 kB
Node 1 Mapped:            33500 kB
Node 1 AnonPages:         24676 kB
Node 1 Shmem:               780 kB
Node 1 KernelStack:        2440 kB
Node 1 PageTables:          632 kB
Node 1 NFS_Unstable:          0 kB
Node 1 Bounce:                0 kB
Node 1 WritebackTmp:          0 kB
Node 1 KReclaimable:      25192 kB
Node 1 Slab:              72376 kB
Node 1 SReclaimable:      25192 kB
Node 1 SUnreclaim:        47184 kB
Node 1 AnonHugePages:         0 kB
Node 1 ShmemHugePages:        0 kB
Node 1 ShmemPmdMapped:        0 kB
Node 1 FileHugePages:        0 kB
Node 1 FilePmdMapped:        0 kB
Node 1 HugePages_Total:     0
Node 1 HugePages_Free:      0
Node 1 HugePages_Surp:      0

U.1.bigfio.250M.2.O Complete!
