U.1.bigfio.500M.2.O
Begin
Node 0 MemTotal:       24743744 kB
Node 0 MemFree:        24491332 kB
Node 0 MemUsed:          252412 kB
Node 0 Active:            39048 kB
Node 0 Inactive:          64280 kB
Node 0 Active(anon):      13208 kB
Node 0 Inactive(anon):      372 kB
Node 0 Active(file):      25840 kB
Node 0 Inactive(file):    63908 kB
Node 0 Unevictable:       17396 kB
Node 0 Mlocked:           17396 kB
Node 0 Dirty:                 0 kB
Node 0 Writeback:             0 kB
Node 0 FilePages:         97352 kB
Node 0 Mapped:            31208 kB
Node 0 AnonPages:         23368 kB
Node 0 Shmem:               536 kB
Node 0 KernelStack:        1960 kB
Node 0 PageTables:          444 kB
Node 0 NFS_Unstable:          0 kB
Node 0 Bounce:                0 kB
Node 0 WritebackTmp:          0 kB
Node 0 KReclaimable:      18992 kB
Node 0 Slab:              51096 kB
Node 0 SReclaimable:      18992 kB
Node 0 SUnreclaim:        32104 kB
Node 0 AnonHugePages:         0 kB
Node 0 ShmemHugePages:        0 kB
Node 0 ShmemPmdMapped:        0 kB
Node 0 FileHugePages:        0 kB
Node 0 FilePmdMapped:        0 kB
Node 0 HugePages_Total:     0
Node 0 HugePages_Free:      0
Node 0 HugePages_Surp:      0

Node 1 MemTotal:       24686196 kB
Node 1 MemFree:        24329828 kB
Node 1 MemUsed:          356368 kB
Node 1 Active:            55080 kB
Node 1 Inactive:          24444 kB
Node 1 Active(anon):      20608 kB
Node 1 Inactive(anon):      496 kB
Node 1 Active(file):      34472 kB
Node 1 Inactive(file):    23948 kB
Node 1 Unevictable:        1124 kB
Node 1 Mlocked:            1124 kB
Node 1 Dirty:                 0 kB
Node 1 Writeback:             0 kB
Node 1 FilePages:         60444 kB
Node 1 Mapped:            12432 kB
Node 1 AnonPages:         20376 kB
Node 1 Shmem:               732 kB
Node 1 KernelStack:        1624 kB
Node 1 PageTables:          516 kB
Node 1 NFS_Unstable:          0 kB
Node 1 Bounce:                0 kB
Node 1 WritebackTmp:          0 kB
Node 1 KReclaimable:      22708 kB
Node 1 Slab:              55140 kB
Node 1 SReclaimable:      22708 kB
Node 1 SUnreclaim:        32432 kB
Node 1 AnonHugePages:         0 kB
Node 1 ShmemHugePages:        0 kB
Node 1 ShmemPmdMapped:        0 kB
Node 1 FileHugePages:        0 kB
Node 1 FilePmdMapped:        0 kB
Node 1 HugePages_Total:     0
Node 1 HugePages_Free:      0
Node 1 HugePages_Surp:      0

Load ZFS
Node 0 MemTotal:       24743744 kB
Node 0 MemFree:        24487392 kB
Node 0 MemUsed:          256352 kB
Node 0 Active:            42360 kB
Node 0 Inactive:          64324 kB
Node 0 Active(anon):      16320 kB
Node 0 Inactive(anon):      372 kB
Node 0 Active(file):      26040 kB
Node 0 Inactive(file):    63952 kB
Node 0 Unevictable:       17396 kB
Node 0 Mlocked:           17396 kB
Node 0 Dirty:                68 kB
Node 0 Writeback:             0 kB
Node 0 FilePages:         97596 kB
Node 0 Mapped:            31372 kB
Node 0 AnonPages:         26568 kB
Node 0 Shmem:               536 kB
Node 0 KernelStack:        2040 kB
Node 0 PageTables:          668 kB
Node 0 NFS_Unstable:          0 kB
Node 0 Bounce:                0 kB
Node 0 WritebackTmp:          0 kB
Node 0 KReclaimable:      19368 kB
Node 0 Slab:              52380 kB
Node 0 SReclaimable:      19368 kB
Node 0 SUnreclaim:        33012 kB
Node 0 AnonHugePages:         0 kB
Node 0 ShmemHugePages:        0 kB
Node 0 ShmemPmdMapped:        0 kB
Node 0 FileHugePages:        0 kB
Node 0 FilePmdMapped:        0 kB
Node 0 HugePages_Total:     0
Node 0 HugePages_Free:      0
Node 0 HugePages_Surp:      0

Node 1 MemTotal:       24686196 kB
Node 1 MemFree:        24325508 kB
Node 1 MemUsed:          360688 kB
Node 1 Active:            61844 kB
Node 1 Inactive:          20408 kB
Node 1 Active(anon):      20892 kB
Node 1 Inactive(anon):      500 kB
Node 1 Active(file):      40952 kB
Node 1 Inactive(file):    19908 kB
Node 1 Unevictable:        1124 kB
Node 1 Mlocked:            1124 kB
Node 1 Dirty:                 4 kB
Node 1 Writeback:             0 kB
Node 1 FilePages:         62716 kB
Node 1 Mapped:            12432 kB
Node 1 AnonPages:         20580 kB
Node 1 Shmem:               732 kB
Node 1 KernelStack:        1688 kB
Node 1 PageTables:          592 kB
Node 1 NFS_Unstable:          0 kB
Node 1 Bounce:                0 kB
Node 1 WritebackTmp:          0 kB
Node 1 KReclaimable:      23256 kB
Node 1 Slab:              57024 kB
Node 1 SReclaimable:      23256 kB
Node 1 SUnreclaim:        33768 kB
Node 1 AnonHugePages:         0 kB
Node 1 ShmemHugePages:        0 kB
Node 1 ShmemPmdMapped:        0 kB
Node 1 FileHugePages:        0 kB
Node 1 FilePmdMapped:        0 kB
Node 1 HugePages_Total:     0
Node 1 HugePages_Free:      0
Node 1 HugePages_Surp:      0

Import tank ZPool
Node 0 MemTotal:       24743744 kB
Node 0 MemFree:        24488652 kB
Node 0 MemUsed:          255092 kB
Node 0 Active:            42356 kB
Node 0 Inactive:          64324 kB
Node 0 Active(anon):      16316 kB
Node 0 Inactive(anon):      372 kB
Node 0 Active(file):      26040 kB
Node 0 Inactive(file):    63952 kB
Node 0 Unevictable:       17396 kB
Node 0 Mlocked:           17396 kB
Node 0 Dirty:               136 kB
Node 0 Writeback:             0 kB
Node 0 FilePages:         97592 kB
Node 0 Mapped:            31444 kB
Node 0 AnonPages:         26600 kB
Node 0 Shmem:               532 kB
Node 0 KernelStack:        2040 kB
Node 0 PageTables:          668 kB
Node 0 NFS_Unstable:          0 kB
Node 0 Bounce:                0 kB
Node 0 WritebackTmp:          0 kB
Node 0 KReclaimable:      19400 kB
Node 0 Slab:              52380 kB
Node 0 SReclaimable:      19400 kB
Node 0 SUnreclaim:        32980 kB
Node 0 AnonHugePages:         0 kB
Node 0 ShmemHugePages:        0 kB
Node 0 ShmemPmdMapped:        0 kB
Node 0 FileHugePages:        0 kB
Node 0 FilePmdMapped:        0 kB
Node 0 HugePages_Total:     0
Node 0 HugePages_Free:      0
Node 0 HugePages_Surp:      0

Node 1 MemTotal:       24686196 kB
Node 1 MemFree:        24306704 kB
Node 1 MemUsed:          379492 kB
Node 1 Active:            62508 kB
Node 1 Inactive:          21496 kB
Node 1 Active(anon):      21096 kB
Node 1 Inactive(anon):      504 kB
Node 1 Active(file):      41412 kB
Node 1 Inactive(file):    20992 kB
Node 1 Unevictable:        1124 kB
Node 1 Mlocked:            1124 kB
Node 1 Dirty:                44 kB
Node 1 Writeback:             0 kB
Node 1 FilePages:         64264 kB
Node 1 Mapped:            12684 kB
Node 1 AnonPages:         20896 kB
Node 1 Shmem:               736 kB
Node 1 KernelStack:        2728 kB
Node 1 PageTables:          624 kB
Node 1 NFS_Unstable:          0 kB
Node 1 Bounce:                0 kB
Node 1 WritebackTmp:          0 kB
Node 1 KReclaimable:      23400 kB
Node 1 Slab:              63912 kB
Node 1 SReclaimable:      23400 kB
Node 1 SUnreclaim:        40512 kB
Node 1 AnonHugePages:         0 kB
Node 1 ShmemHugePages:        0 kB
Node 1 ShmemPmdMapped:        0 kB
Node 1 FileHugePages:        0 kB
Node 1 FilePmdMapped:        0 kB
Node 1 HugePages_Total:     0
Node 1 HugePages_Free:      0
Node 1 HugePages_Surp:      0

After Test
Node 0 MemTotal:       24743744 kB
Node 0 MemFree:        24154336 kB
Node 0 MemUsed:          589408 kB
Node 0 Active:            38384 kB
Node 0 Inactive:          64324 kB
Node 0 Active(anon):      12344 kB
Node 0 Inactive(anon):      372 kB
Node 0 Active(file):      26040 kB
Node 0 Inactive(file):    63952 kB
Node 0 Unevictable:       17396 kB
Node 0 Mlocked:           17396 kB
Node 0 Dirty:               144 kB
Node 0 Writeback:             0 kB
Node 0 FilePages:         97592 kB
Node 0 Mapped:            31212 kB
Node 0 AnonPages:         22508 kB
Node 0 Shmem:               532 kB
Node 0 KernelStack:        1960 kB
Node 0 PageTables:          444 kB
Node 0 NFS_Unstable:          0 kB
Node 0 Bounce:                0 kB
Node 0 WritebackTmp:          0 kB
Node 0 KReclaimable:      19408 kB
Node 0 Slab:              53820 kB
Node 0 SReclaimable:      19408 kB
Node 0 SUnreclaim:        34412 kB
Node 0 AnonHugePages:         0 kB
Node 0 ShmemHugePages:        0 kB
Node 0 ShmemPmdMapped:        0 kB
Node 0 FileHugePages:        0 kB
Node 0 FilePmdMapped:        0 kB
Node 0 HugePages_Total:     0
Node 0 HugePages_Free:      0
Node 0 HugePages_Surp:      0

Node 1 MemTotal:       24686196 kB
Node 1 MemFree:        23573896 kB
Node 1 MemUsed:         1112300 kB
Node 1 Active:            63292 kB
Node 1 Inactive:          22436 kB
Node 1 Active(anon):      20540 kB
Node 1 Inactive(anon):      528 kB
Node 1 Active(file):      42752 kB
Node 1 Inactive(file):    21908 kB
Node 1 Unevictable:        1124 kB
Node 1 Mlocked:            1124 kB
Node 1 Dirty:                68 kB
Node 1 Writeback:             0 kB
Node 1 FilePages:         66564 kB
Node 1 Mapped:            12692 kB
Node 1 AnonPages:         20200 kB
Node 1 Shmem:               780 kB
Node 1 KernelStack:        2824 kB
Node 1 PageTables:          680 kB
Node 1 NFS_Unstable:          0 kB
Node 1 Bounce:                0 kB
Node 1 WritebackTmp:          0 kB
Node 1 KReclaimable:      24720 kB
Node 1 Slab:              70264 kB
Node 1 SReclaimable:      24720 kB
Node 1 SUnreclaim:        45544 kB
Node 1 AnonHugePages:         0 kB
Node 1 ShmemHugePages:        0 kB
Node 1 ShmemPmdMapped:        0 kB
Node 1 FileHugePages:        0 kB
Node 1 FilePmdMapped:        0 kB
Node 1 HugePages_Total:     0
Node 1 HugePages_Free:      0
Node 1 HugePages_Surp:      0

After Opposite Node
Node 0 MemTotal:       24743744 kB
Node 0 MemFree:        24152068 kB
Node 0 MemUsed:          591676 kB
Node 0 Active:            38480 kB
Node 0 Inactive:          64360 kB
Node 0 Active(anon):      12436 kB
Node 0 Inactive(anon):      400 kB
Node 0 Active(file):      26044 kB
Node 0 Inactive(file):    63960 kB
Node 0 Unevictable:       17396 kB
Node 0 Mlocked:           17396 kB
Node 0 Dirty:               152 kB
Node 0 Writeback:             0 kB
Node 0 FilePages:         97648 kB
Node 0 Mapped:            31256 kB
Node 0 AnonPages:         22520 kB
Node 0 Shmem:               576 kB
Node 0 KernelStack:        2072 kB
Node 0 PageTables:          608 kB
Node 0 NFS_Unstable:          0 kB
Node 0 Bounce:                0 kB
Node 0 WritebackTmp:          0 kB
Node 0 KReclaimable:      19544 kB
Node 0 Slab:              54288 kB
Node 0 SReclaimable:      19544 kB
Node 0 SUnreclaim:        34744 kB
Node 0 AnonHugePages:         0 kB
Node 0 ShmemHugePages:        0 kB
Node 0 ShmemPmdMapped:        0 kB
Node 0 FileHugePages:        0 kB
Node 0 FilePmdMapped:        0 kB
Node 0 HugePages_Total:     0
Node 0 HugePages_Free:      0
Node 0 HugePages_Surp:      0

Node 1 MemTotal:       24686196 kB
Node 1 MemFree:        23574708 kB
Node 1 MemUsed:         1111488 kB
Node 1 Active:            63332 kB
Node 1 Inactive:          22240 kB
Node 1 Active(anon):      20388 kB
Node 1 Inactive(anon):      504 kB
Node 1 Active(file):      42944 kB
Node 1 Inactive(file):    21736 kB
Node 1 Unevictable:        1124 kB
Node 1 Mlocked:            1124 kB
Node 1 Dirty:                88 kB
Node 1 Writeback:             0 kB
Node 1 FilePages:         66540 kB
Node 1 Mapped:            12672 kB
Node 1 AnonPages:         20156 kB
Node 1 Shmem:               736 kB
Node 1 KernelStack:        2760 kB
Node 1 PageTables:          564 kB
Node 1 NFS_Unstable:          0 kB
Node 1 Bounce:                0 kB
Node 1 WritebackTmp:          0 kB
Node 1 KReclaimable:      24720 kB
Node 1 Slab:              70256 kB
Node 1 SReclaimable:      24720 kB
Node 1 SUnreclaim:        45536 kB
Node 1 AnonHugePages:         0 kB
Node 1 ShmemHugePages:        0 kB
Node 1 ShmemPmdMapped:        0 kB
Node 1 FileHugePages:        0 kB
Node 1 FilePmdMapped:        0 kB
Node 1 HugePages_Total:     0
Node 1 HugePages_Free:      0
Node 1 HugePages_Surp:      0

U.1.bigfio.500M.2.O Complete!
