U.1.smallfio.8G.3.O
Begin
Node 0 MemTotal:       24743736 kB
Node 0 MemFree:        24490596 kB
Node 0 MemUsed:          253140 kB
Node 0 Active:            35772 kB
Node 0 Inactive:          65156 kB
Node 0 Active(anon):      16592 kB
Node 0 Inactive(anon):      492 kB
Node 0 Active(file):      19180 kB
Node 0 Inactive(file):    64664 kB
Node 0 Unevictable:       13012 kB
Node 0 Mlocked:           13012 kB
Node 0 Dirty:               132 kB
Node 0 Writeback:             0 kB
Node 0 FilePages:         87348 kB
Node 0 Mapped:            47304 kB
Node 0 AnonPages:         26780 kB
Node 0 Shmem:               672 kB
Node 0 KernelStack:        2104 kB
Node 0 PageTables:          632 kB
Node 0 NFS_Unstable:          0 kB
Node 0 Bounce:                0 kB
Node 0 WritebackTmp:          0 kB
Node 0 KReclaimable:      22688 kB
Node 0 Slab:              57104 kB
Node 0 SReclaimable:      22688 kB
Node 0 SUnreclaim:        34416 kB
Node 0 AnonHugePages:         0 kB
Node 0 ShmemHugePages:        0 kB
Node 0 ShmemPmdMapped:        0 kB
Node 0 FileHugePages:        0 kB
Node 0 FilePmdMapped:        0 kB
Node 0 HugePages_Total:     0
Node 0 HugePages_Free:      0
Node 0 HugePages_Surp:      0

Node 1 MemTotal:       24686196 kB
Node 1 MemFree:        24299588 kB
Node 1 MemUsed:          386608 kB
Node 1 Active:            60496 kB
Node 1 Inactive:          51860 kB
Node 1 Active(anon):      17224 kB
Node 1 Inactive(anon):      396 kB
Node 1 Active(file):      43272 kB
Node 1 Inactive(file):    51464 kB
Node 1 Unevictable:        5508 kB
Node 1 Mlocked:            5508 kB
Node 1 Dirty:               396 kB
Node 1 Writeback:             0 kB
Node 1 FilePages:        100836 kB
Node 1 Mapped:            21440 kB
Node 1 AnonPages:         17096 kB
Node 1 Shmem:               596 kB
Node 1 KernelStack:        1496 kB
Node 1 PageTables:          536 kB
Node 1 NFS_Unstable:          0 kB
Node 1 Bounce:                0 kB
Node 1 WritebackTmp:          0 kB
Node 1 KReclaimable:      18864 kB
Node 1 Slab:              48752 kB
Node 1 SReclaimable:      18864 kB
Node 1 SUnreclaim:        29888 kB
Node 1 AnonHugePages:         0 kB
Node 1 ShmemHugePages:        0 kB
Node 1 ShmemPmdMapped:        0 kB
Node 1 FileHugePages:        0 kB
Node 1 FilePmdMapped:        0 kB
Node 1 HugePages_Total:     0
Node 1 HugePages_Free:      0
Node 1 HugePages_Surp:      0

Load ZFS
Node 0 MemTotal:       24743736 kB
Node 0 MemFree:        24350820 kB
Node 0 MemUsed:          392916 kB
Node 0 Active:            38300 kB
Node 0 Inactive:          65136 kB
Node 0 Active(anon):      17564 kB
Node 0 Inactive(anon):      492 kB
Node 0 Active(file):      20736 kB
Node 0 Inactive(file):    64644 kB
Node 0 Unevictable:       13012 kB
Node 0 Mlocked:           13012 kB
Node 0 Dirty:               160 kB
Node 0 Writeback:             0 kB
Node 0 FilePages:         88740 kB
Node 0 Mapped:            47308 kB
Node 0 AnonPages:         27612 kB
Node 0 Shmem:               672 kB
Node 0 KernelStack:        2104 kB
Node 0 PageTables:          676 kB
Node 0 NFS_Unstable:          0 kB
Node 0 Bounce:                0 kB
Node 0 WritebackTmp:          0 kB
Node 0 KReclaimable:      23192 kB
Node 0 Slab:              59180 kB
Node 0 SReclaimable:      23192 kB
Node 0 SUnreclaim:        35988 kB
Node 0 AnonHugePages:         0 kB
Node 0 ShmemHugePages:        0 kB
Node 0 ShmemPmdMapped:        0 kB
Node 0 FileHugePages:        0 kB
Node 0 FilePmdMapped:        0 kB
Node 0 HugePages_Total:     0
Node 0 HugePages_Free:      0
Node 0 HugePages_Surp:      0

Node 1 MemTotal:       24686196 kB
Node 1 MemFree:        24428384 kB
Node 1 MemUsed:          257812 kB
Node 1 Active:            71432 kB
Node 1 Inactive:          47780 kB
Node 1 Active(anon):      22964 kB
Node 1 Inactive(anon):      396 kB
Node 1 Active(file):      48468 kB
Node 1 Inactive(file):    47384 kB
Node 1 Unevictable:        5508 kB
Node 1 Mlocked:            5508 kB
Node 1 Dirty:               396 kB
Node 1 Writeback:             0 kB
Node 1 FilePages:        101952 kB
Node 1 Mapped:            21608 kB
Node 1 AnonPages:         22856 kB
Node 1 Shmem:               596 kB
Node 1 KernelStack:        1640 kB
Node 1 PageTables:          824 kB
Node 1 NFS_Unstable:          0 kB
Node 1 Bounce:                0 kB
Node 1 WritebackTmp:          0 kB
Node 1 KReclaimable:      19316 kB
Node 1 Slab:              50080 kB
Node 1 SReclaimable:      19316 kB
Node 1 SUnreclaim:        30764 kB
Node 1 AnonHugePages:         0 kB
Node 1 ShmemHugePages:        0 kB
Node 1 ShmemPmdMapped:        0 kB
Node 1 FileHugePages:        0 kB
Node 1 FilePmdMapped:        0 kB
Node 1 HugePages_Total:     0
Node 1 HugePages_Free:      0
Node 1 HugePages_Surp:      0

Import tank ZPool
Node 0 MemTotal:       24743736 kB
Node 0 MemFree:        24345832 kB
Node 0 MemUsed:          397904 kB
Node 0 Active:            38088 kB
Node 0 Inactive:          66292 kB
Node 0 Active(anon):      16948 kB
Node 0 Inactive(anon):      496 kB
Node 0 Active(file):      21140 kB
Node 0 Inactive(file):    65796 kB
Node 0 Unevictable:       13012 kB
Node 0 Mlocked:           13012 kB
Node 0 Dirty:               216 kB
Node 0 Writeback:             0 kB
Node 0 FilePages:         90304 kB
Node 0 Mapped:            47580 kB
Node 0 AnonPages:         26872 kB
Node 0 Shmem:               676 kB
Node 0 KernelStack:        2120 kB
Node 0 PageTables:          764 kB
Node 0 NFS_Unstable:          0 kB
Node 0 Bounce:                0 kB
Node 0 WritebackTmp:          0 kB
Node 0 KReclaimable:      23308 kB
Node 0 Slab:              64192 kB
Node 0 SReclaimable:      23308 kB
Node 0 SUnreclaim:        40884 kB
Node 0 AnonHugePages:         0 kB
Node 0 ShmemHugePages:        0 kB
Node 0 ShmemPmdMapped:        0 kB
Node 0 FileHugePages:        0 kB
Node 0 FilePmdMapped:        0 kB
Node 0 HugePages_Total:     0
Node 0 HugePages_Free:      0
Node 0 HugePages_Surp:      0

Node 1 MemTotal:       24686196 kB
Node 1 MemFree:        24417164 kB
Node 1 MemUsed:          269032 kB
Node 1 Active:            65248 kB
Node 1 Inactive:          47772 kB
Node 1 Active(anon):      16720 kB
Node 1 Inactive(anon):      396 kB
Node 1 Active(file):      48528 kB
Node 1 Inactive(file):    47376 kB
Node 1 Unevictable:        5508 kB
Node 1 Mlocked:            5508 kB
Node 1 Dirty:               184 kB
Node 1 Writeback:             0 kB
Node 1 FilePages:        102000 kB
Node 1 Mapped:            21688 kB
Node 1 AnonPages:         16524 kB
Node 1 Shmem:               592 kB
Node 1 KernelStack:        2568 kB
Node 1 PageTables:          472 kB
Node 1 NFS_Unstable:          0 kB
Node 1 Bounce:                0 kB
Node 1 WritebackTmp:          0 kB
Node 1 KReclaimable:      19332 kB
Node 1 Slab:              52656 kB
Node 1 SReclaimable:      19332 kB
Node 1 SUnreclaim:        33324 kB
Node 1 AnonHugePages:         0 kB
Node 1 ShmemHugePages:        0 kB
Node 1 ShmemPmdMapped:        0 kB
Node 1 FileHugePages:        0 kB
Node 1 FilePmdMapped:        0 kB
Node 1 HugePages_Total:     0
Node 1 HugePages_Free:      0
Node 1 HugePages_Surp:      0

After Test
Node 0 MemTotal:       24743736 kB
Node 0 MemFree:        24164064 kB
Node 0 MemUsed:          579672 kB
Node 0 Active:            37868 kB
Node 0 Inactive:          66060 kB
Node 0 Active(anon):      16316 kB
Node 0 Inactive(anon):      496 kB
Node 0 Active(file):      21552 kB
Node 0 Inactive(file):    65564 kB
Node 0 Unevictable:       13012 kB
Node 0 Mlocked:           13012 kB
Node 0 Dirty:                 0 kB
Node 0 Writeback:             0 kB
Node 0 FilePages:         90480 kB
Node 0 Mapped:            47308 kB
Node 0 AnonPages:         26460 kB
Node 0 Shmem:               676 kB
Node 0 KernelStack:        2024 kB
Node 0 PageTables:          648 kB
Node 0 NFS_Unstable:          0 kB
Node 0 Bounce:                0 kB
Node 0 WritebackTmp:          0 kB
Node 0 KReclaimable:      23368 kB
Node 0 Slab:              64948 kB
Node 0 SReclaimable:      23368 kB
Node 0 SUnreclaim:        41580 kB
Node 0 AnonHugePages:         0 kB
Node 0 ShmemHugePages:        0 kB
Node 0 ShmemPmdMapped:        0 kB
Node 0 FileHugePages:        0 kB
Node 0 FilePmdMapped:        0 kB
Node 0 HugePages_Total:     0
Node 0 HugePages_Free:      0
Node 0 HugePages_Surp:      0

Node 1 MemTotal:       24686196 kB
Node 1 MemFree:        15359780 kB
Node 1 MemUsed:         9326416 kB
Node 1 Active:            66180 kB
Node 1 Inactive:          49004 kB
Node 1 Active(anon):      16664 kB
Node 1 Inactive(anon):      440 kB
Node 1 Active(file):      49516 kB
Node 1 Inactive(file):    48564 kB
Node 1 Unevictable:        5508 kB
Node 1 Mlocked:            5508 kB
Node 1 Dirty:                 0 kB
Node 1 Writeback:             0 kB
Node 1 FilePages:        104232 kB
Node 1 Mapped:            21712 kB
Node 1 AnonPages:         16364 kB
Node 1 Shmem:               636 kB
Node 1 KernelStack:        2568 kB
Node 1 PageTables:          652 kB
Node 1 NFS_Unstable:          0 kB
Node 1 Bounce:                0 kB
Node 1 WritebackTmp:          0 kB
Node 1 KReclaimable:      20788 kB
Node 1 Slab:              87284 kB
Node 1 SReclaimable:      20788 kB
Node 1 SUnreclaim:        66496 kB
Node 1 AnonHugePages:         0 kB
Node 1 ShmemHugePages:        0 kB
Node 1 ShmemPmdMapped:        0 kB
Node 1 FileHugePages:        0 kB
Node 1 FilePmdMapped:        0 kB
Node 1 HugePages_Total:     0
Node 1 HugePages_Free:      0
Node 1 HugePages_Surp:      0

After Opposite Node
Node 0 MemTotal:       24743736 kB
Node 0 MemFree:        24157428 kB
Node 0 MemUsed:          586308 kB
Node 0 Active:            38060 kB
Node 0 Inactive:          66080 kB
Node 0 Active(anon):      16480 kB
Node 0 Inactive(anon):      520 kB
Node 0 Active(file):      21580 kB
Node 0 Inactive(file):    65560 kB
Node 0 Unevictable:       13012 kB
Node 0 Mlocked:           13012 kB
Node 0 Dirty:                 8 kB
Node 0 Writeback:             0 kB
Node 0 FilePages:         90548 kB
Node 0 Mapped:            47352 kB
Node 0 AnonPages:         26528 kB
Node 0 Shmem:               720 kB
Node 0 KernelStack:        2056 kB
Node 0 PageTables:          760 kB
Node 0 NFS_Unstable:          0 kB
Node 0 Bounce:                0 kB
Node 0 WritebackTmp:          0 kB
Node 0 KReclaimable:      23448 kB
Node 0 Slab:              67260 kB
Node 0 SReclaimable:      23448 kB
Node 0 SUnreclaim:        43812 kB
Node 0 AnonHugePages:         0 kB
Node 0 ShmemHugePages:        0 kB
Node 0 ShmemPmdMapped:        0 kB
Node 0 FileHugePages:        0 kB
Node 0 FilePmdMapped:        0 kB
Node 0 HugePages_Total:     0
Node 0 HugePages_Free:      0
Node 0 HugePages_Surp:      0

Node 1 MemTotal:       24686196 kB
Node 1 MemFree:        15366680 kB
Node 1 MemUsed:         9319516 kB
Node 1 Active:            66228 kB
Node 1 Inactive:          48772 kB
Node 1 Active(anon):      16440 kB
Node 1 Inactive(anon):      396 kB
Node 1 Active(file):      49788 kB
Node 1 Inactive(file):    48376 kB
Node 1 Unevictable:        5508 kB
Node 1 Mlocked:            5508 kB
Node 1 Dirty:                28 kB
Node 1 Writeback:             0 kB
Node 1 FilePages:        104268 kB
Node 1 Mapped:            21696 kB
Node 1 AnonPages:         16244 kB
Node 1 Shmem:               592 kB
Node 1 KernelStack:        2520 kB
Node 1 PageTables:          472 kB
Node 1 NFS_Unstable:          0 kB
Node 1 Bounce:                0 kB
Node 1 WritebackTmp:          0 kB
Node 1 KReclaimable:      20792 kB
Node 1 Slab:              86116 kB
Node 1 SReclaimable:      20792 kB
Node 1 SUnreclaim:        65324 kB
Node 1 AnonHugePages:         0 kB
Node 1 ShmemHugePages:        0 kB
Node 1 ShmemPmdMapped:        0 kB
Node 1 FileHugePages:        0 kB
Node 1 FilePmdMapped:        0 kB
Node 1 HugePages_Total:     0
Node 1 HugePages_Free:      0
Node 1 HugePages_Surp:      0

U.1.smallfio.8G.3.O Complete!
