U.1.smallfio.2G.3.O
Begin
Node 0 MemTotal:       24768360 kB
Node 0 MemFree:        24426980 kB
Node 0 MemUsed:          341380 kB
Node 0 Active:            41848 kB
Node 0 Inactive:          25216 kB
Node 0 Active(anon):      18676 kB
Node 0 Inactive(anon):      596 kB
Node 0 Active(file):      23172 kB
Node 0 Inactive(file):    24620 kB
Node 0 Unevictable:         212 kB
Node 0 Mlocked:             212 kB
Node 0 Dirty:               112 kB
Node 0 Writeback:             0 kB
Node 0 FilePages:         48976 kB
Node 0 Mapped:            12596 kB
Node 0 AnonPages:         18520 kB
Node 0 Shmem:               808 kB
Node 0 KernelStack:        2344 kB
Node 0 PageTables:          488 kB
Node 0 NFS_Unstable:          0 kB
Node 0 Bounce:                0 kB
Node 0 WritebackTmp:          0 kB
Node 0 KReclaimable:      20916 kB
Node 0 Slab:              56176 kB
Node 0 SReclaimable:      20916 kB
Node 0 SUnreclaim:        35260 kB
Node 0 AnonHugePages:         0 kB
Node 0 ShmemHugePages:        0 kB
Node 0 ShmemPmdMapped:        0 kB
Node 0 FileHugePages:        0 kB
Node 0 FilePmdMapped:        0 kB
Node 0 HugePages_Total:     0
Node 0 HugePages_Free:      0
Node 0 HugePages_Surp:      0

Node 1 MemTotal:       24661580 kB
Node 1 MemFree:        24393568 kB
Node 1 MemUsed:          268012 kB
Node 1 Active:            51780 kB
Node 1 Inactive:          62376 kB
Node 1 Active(anon):      14908 kB
Node 1 Inactive(anon):      276 kB
Node 1 Active(file):      36872 kB
Node 1 Inactive(file):    62100 kB
Node 1 Unevictable:       18312 kB
Node 1 Mlocked:           18312 kB
Node 1 Dirty:               388 kB
Node 1 Writeback:             0 kB
Node 1 FilePages:        107416 kB
Node 1 Mapped:            28664 kB
Node 1 AnonPages:         25160 kB
Node 1 Shmem:               460 kB
Node 1 KernelStack:        1240 kB
Node 1 PageTables:          580 kB
Node 1 NFS_Unstable:          0 kB
Node 1 Bounce:                0 kB
Node 1 WritebackTmp:          0 kB
Node 1 KReclaimable:      21332 kB
Node 1 Slab:              49572 kB
Node 1 SReclaimable:      21332 kB
Node 1 SUnreclaim:        28240 kB
Node 1 AnonHugePages:         0 kB
Node 1 ShmemHugePages:        0 kB
Node 1 ShmemPmdMapped:        0 kB
Node 1 FileHugePages:        0 kB
Node 1 FilePmdMapped:        0 kB
Node 1 HugePages_Total:     0
Node 1 HugePages_Free:      0
Node 1 HugePages_Surp:      0

Load ZFS
Node 0 MemTotal:       24768360 kB
Node 0 MemFree:        24423712 kB
Node 0 MemUsed:          344648 kB
Node 0 Active:            47436 kB
Node 0 Inactive:          21188 kB
Node 0 Active(anon):      18716 kB
Node 0 Inactive(anon):      596 kB
Node 0 Active(file):      28720 kB
Node 0 Inactive(file):    20592 kB
Node 0 Unevictable:         212 kB
Node 0 Mlocked:             212 kB
Node 0 Dirty:               136 kB
Node 0 Writeback:             0 kB
Node 0 FilePages:         50328 kB
Node 0 Mapped:            12564 kB
Node 0 AnonPages:         18440 kB
Node 0 Shmem:               808 kB
Node 0 KernelStack:        2408 kB
Node 0 PageTables:          528 kB
Node 0 NFS_Unstable:          0 kB
Node 0 Bounce:                0 kB
Node 0 WritebackTmp:          0 kB
Node 0 KReclaimable:      21468 kB
Node 0 Slab:              57824 kB
Node 0 SReclaimable:      21468 kB
Node 0 SUnreclaim:        36356 kB
Node 0 AnonHugePages:         0 kB
Node 0 ShmemHugePages:        0 kB
Node 0 ShmemPmdMapped:        0 kB
Node 0 FileHugePages:        0 kB
Node 0 FilePmdMapped:        0 kB
Node 0 HugePages_Total:     0
Node 0 HugePages_Free:      0
Node 0 HugePages_Surp:      0

Node 1 MemTotal:       24661580 kB
Node 1 MemFree:        24386632 kB
Node 1 MemUsed:          274948 kB
Node 1 Active:            56488 kB
Node 1 Inactive:          62264 kB
Node 1 Active(anon):      18340 kB
Node 1 Inactive(anon):      276 kB
Node 1 Active(file):      38148 kB
Node 1 Inactive(file):    61988 kB
Node 1 Unevictable:       18312 kB
Node 1 Mlocked:           18312 kB
Node 1 Dirty:               388 kB
Node 1 Writeback:             0 kB
Node 1 FilePages:        108580 kB
Node 1 Mapped:            28824 kB
Node 1 AnonPages:         28584 kB
Node 1 Shmem:               460 kB
Node 1 KernelStack:        1288 kB
Node 1 PageTables:          796 kB
Node 1 NFS_Unstable:          0 kB
Node 1 Bounce:                0 kB
Node 1 WritebackTmp:          0 kB
Node 1 KReclaimable:      21876 kB
Node 1 Slab:              51596 kB
Node 1 SReclaimable:      21876 kB
Node 1 SUnreclaim:        29720 kB
Node 1 AnonHugePages:         0 kB
Node 1 ShmemHugePages:        0 kB
Node 1 ShmemPmdMapped:        0 kB
Node 1 FileHugePages:        0 kB
Node 1 FilePmdMapped:        0 kB
Node 1 HugePages_Total:     0
Node 1 HugePages_Free:      0
Node 1 HugePages_Surp:      0

Import tank ZPool
Node 0 MemTotal:       24768360 kB
Node 0 MemFree:        24409160 kB
Node 0 MemUsed:          359200 kB
Node 0 Active:            47832 kB
Node 0 Inactive:          21244 kB
Node 0 Active(anon):      19024 kB
Node 0 Inactive(anon):      596 kB
Node 0 Active(file):      28808 kB
Node 0 Inactive(file):    20648 kB
Node 0 Unevictable:         212 kB
Node 0 Mlocked:             212 kB
Node 0 Dirty:               204 kB
Node 0 Writeback:             0 kB
Node 0 FilePages:         50476 kB
Node 0 Mapped:            12672 kB
Node 0 AnonPages:         18924 kB
Node 0 Shmem:               808 kB
Node 0 KernelStack:        3464 kB
Node 0 PageTables:          564 kB
Node 0 NFS_Unstable:          0 kB
Node 0 Bounce:                0 kB
Node 0 WritebackTmp:          0 kB
Node 0 KReclaimable:      21488 kB
Node 0 Slab:              60452 kB
Node 0 SReclaimable:      21488 kB
Node 0 SUnreclaim:        38964 kB
Node 0 AnonHugePages:         0 kB
Node 0 ShmemHugePages:        0 kB
Node 0 ShmemPmdMapped:        0 kB
Node 0 FileHugePages:        0 kB
Node 0 FilePmdMapped:        0 kB
Node 0 HugePages_Total:     0
Node 0 HugePages_Free:      0
Node 0 HugePages_Surp:      0

Node 1 MemTotal:       24661580 kB
Node 1 MemFree:        24379944 kB
Node 1 MemUsed:          281636 kB
Node 1 Active:            57136 kB
Node 1 Inactive:          63328 kB
Node 1 Active(anon):      18644 kB
Node 1 Inactive(anon):      280 kB
Node 1 Active(file):      38492 kB
Node 1 Inactive(file):    63048 kB
Node 1 Unevictable:       18312 kB
Node 1 Mlocked:           18312 kB
Node 1 Dirty:                32 kB
Node 1 Writeback:             0 kB
Node 1 FilePages:        110020 kB
Node 1 Mapped:            28796 kB
Node 1 AnonPages:         28556 kB
Node 1 Shmem:               460 kB
Node 1 KernelStack:        1352 kB
Node 1 PageTables:          840 kB
Node 1 NFS_Unstable:          0 kB
Node 1 Bounce:                0 kB
Node 1 WritebackTmp:          0 kB
Node 1 KReclaimable:      21988 kB
Node 1 Slab:              57056 kB
Node 1 SReclaimable:      21988 kB
Node 1 SUnreclaim:        35068 kB
Node 1 AnonHugePages:         0 kB
Node 1 ShmemHugePages:        0 kB
Node 1 ShmemPmdMapped:        0 kB
Node 1 FileHugePages:        0 kB
Node 1 FilePmdMapped:        0 kB
Node 1 HugePages_Total:     0
Node 1 HugePages_Free:      0
Node 1 HugePages_Surp:      0

After Test
Node 0 MemTotal:       24768360 kB
Node 0 MemFree:        24070712 kB
Node 0 MemUsed:          697648 kB
Node 0 Active:            47092 kB
Node 0 Inactive:          21244 kB
Node 0 Active(anon):      18256 kB
Node 0 Inactive(anon):      596 kB
Node 0 Active(file):      28836 kB
Node 0 Inactive(file):    20648 kB
Node 0 Unevictable:         212 kB
Node 0 Mlocked:             212 kB
Node 0 Dirty:                32 kB
Node 0 Writeback:             0 kB
Node 0 FilePages:         50508 kB
Node 0 Mapped:            12564 kB
Node 0 AnonPages:         18044 kB
Node 0 Shmem:               808 kB
Node 0 KernelStack:        3304 kB
Node 0 PageTables:          500 kB
Node 0 NFS_Unstable:          0 kB
Node 0 Bounce:                0 kB
Node 0 WritebackTmp:          0 kB
Node 0 KReclaimable:      21496 kB
Node 0 Slab:              62000 kB
Node 0 SReclaimable:      21496 kB
Node 0 SUnreclaim:        40504 kB
Node 0 AnonHugePages:         0 kB
Node 0 ShmemHugePages:        0 kB
Node 0 ShmemPmdMapped:        0 kB
Node 0 FileHugePages:        0 kB
Node 0 FilePmdMapped:        0 kB
Node 0 HugePages_Total:     0
Node 0 HugePages_Free:      0
Node 0 HugePages_Surp:      0

Node 1 MemTotal:       24661580 kB
Node 1 MemFree:        21790852 kB
Node 1 MemUsed:         2870728 kB
Node 1 Active:            54544 kB
Node 1 Inactive:          64276 kB
Node 1 Active(anon):      14708 kB
Node 1 Inactive(anon):      308 kB
Node 1 Active(file):      39836 kB
Node 1 Inactive(file):    63968 kB
Node 1 Unevictable:       18312 kB
Node 1 Mlocked:           18312 kB
Node 1 Dirty:                28 kB
Node 1 Writeback:             0 kB
Node 1 FilePages:        112292 kB
Node 1 Mapped:            28664 kB
Node 1 AnonPages:         24800 kB
Node 1 Shmem:               504 kB
Node 1 KernelStack:        1320 kB
Node 1 PageTables:          684 kB
Node 1 NFS_Unstable:          0 kB
Node 1 Bounce:                0 kB
Node 1 WritebackTmp:          0 kB
Node 1 KReclaimable:      23268 kB
Node 1 Slab:              70700 kB
Node 1 SReclaimable:      23268 kB
Node 1 SUnreclaim:        47432 kB
Node 1 AnonHugePages:         0 kB
Node 1 ShmemHugePages:        0 kB
Node 1 ShmemPmdMapped:        0 kB
Node 1 FileHugePages:        0 kB
Node 1 FilePmdMapped:        0 kB
Node 1 HugePages_Total:     0
Node 1 HugePages_Free:      0
Node 1 HugePages_Surp:      0

After Opposite Node
Node 0 MemTotal:       24768360 kB
Node 0 MemFree:        24071748 kB
Node 0 MemUsed:          696612 kB
Node 0 Active:            47284 kB
Node 0 Inactive:          21288 kB
Node 0 Active(anon):      18416 kB
Node 0 Inactive(anon):      632 kB
Node 0 Active(file):      28868 kB
Node 0 Inactive(file):    20656 kB
Node 0 Unevictable:         212 kB
Node 0 Mlocked:             212 kB
Node 0 Dirty:                36 kB
Node 0 Writeback:             0 kB
Node 0 FilePages:         50592 kB
Node 0 Mapped:            12608 kB
Node 0 AnonPages:         18144 kB
Node 0 Shmem:               852 kB
Node 0 KernelStack:        3336 kB
Node 0 PageTables:          672 kB
Node 0 NFS_Unstable:          0 kB
Node 0 Bounce:                0 kB
Node 0 WritebackTmp:          0 kB
Node 0 KReclaimable:      21544 kB
Node 0 Slab:              62692 kB
Node 0 SReclaimable:      21544 kB
Node 0 SUnreclaim:        41148 kB
Node 0 AnonHugePages:         0 kB
Node 0 ShmemHugePages:        0 kB
Node 0 ShmemPmdMapped:        0 kB
Node 0 FileHugePages:        0 kB
Node 0 FilePmdMapped:        0 kB
Node 0 HugePages_Total:     0
Node 0 HugePages_Free:      0
Node 0 HugePages_Surp:      0

Node 1 MemTotal:       24661580 kB
Node 1 MemFree:        21793580 kB
Node 1 MemUsed:         2868000 kB
Node 1 Active:            54600 kB
Node 1 Inactive:          64052 kB
Node 1 Active(anon):      14548 kB
Node 1 Inactive(anon):      280 kB
Node 1 Active(file):      40052 kB
Node 1 Inactive(file):    63772 kB
Node 1 Unevictable:       18312 kB
Node 1 Mlocked:           18312 kB
Node 1 Dirty:                36 kB
Node 1 Writeback:             0 kB
Node 1 FilePages:        112268 kB
Node 1 Mapped:            28856 kB
Node 1 AnonPages:         24696 kB
Node 1 Shmem:               460 kB
Node 1 KernelStack:        1288 kB
Node 1 PageTables:          508 kB
Node 1 NFS_Unstable:          0 kB
Node 1 Bounce:                0 kB
Node 1 WritebackTmp:          0 kB
Node 1 KReclaimable:      23268 kB
Node 1 Slab:              70792 kB
Node 1 SReclaimable:      23268 kB
Node 1 SUnreclaim:        47524 kB
Node 1 AnonHugePages:         0 kB
Node 1 ShmemHugePages:        0 kB
Node 1 ShmemPmdMapped:        0 kB
Node 1 FileHugePages:        0 kB
Node 1 FilePmdMapped:        0 kB
Node 1 HugePages_Total:     0
Node 1 HugePages_Free:      0
Node 1 HugePages_Surp:      0

U.1.smallfio.2G.3.O Complete!
