kernel.numa_balancing = 1
M.1.manyfio.16G.1.O.1M
Begin
Node 0 MemTotal:       24743736 kB
Node 0 MemFree:        24440372 kB
Node 0 MemUsed:          303364 kB
Node 0 Active:            42468 kB
Node 0 Inactive:          40096 kB
Node 0 Active(anon):      20052 kB
Node 0 Inactive(anon):      348 kB
Node 0 Active(file):      22416 kB
Node 0 Inactive(file):    39748 kB
Node 0 Unevictable:       17452 kB
Node 0 Mlocked:           17452 kB
Node 0 Dirty:               412 kB
Node 0 Writeback:             0 kB
Node 0 FilePages:         69820 kB
Node 0 Mapped:            37600 kB
Node 0 AnonPages:         30276 kB
Node 0 Shmem:               532 kB
Node 0 KernelStack:        2056 kB
Node 0 PageTables:          752 kB
Node 0 NFS_Unstable:          0 kB
Node 0 Bounce:                0 kB
Node 0 WritebackTmp:          0 kB
Node 0 KReclaimable:      19748 kB
Node 0 Slab:              55956 kB
Node 0 SReclaimable:      19748 kB
Node 0 SUnreclaim:        36208 kB
Node 0 AnonHugePages:         0 kB
Node 0 ShmemHugePages:        0 kB
Node 0 ShmemPmdMapped:        0 kB
Node 0 FileHugePages:        0 kB
Node 0 FilePmdMapped:        0 kB
Node 0 HugePages_Total:     0
Node 0 HugePages_Free:      0
Node 0 HugePages_Surp:      0

Node 1 MemTotal:       24686196 kB
Node 1 MemFree:        24368508 kB
Node 1 MemUsed:          317688 kB
Node 1 Active:            53436 kB
Node 1 Inactive:          59800 kB
Node 1 Active(anon):      13764 kB
Node 1 Inactive(anon):      504 kB
Node 1 Active(file):      39672 kB
Node 1 Inactive(file):    59296 kB
Node 1 Unevictable:        1068 kB
Node 1 Mlocked:            1068 kB
Node 1 Dirty:               128 kB
Node 1 Writeback:             0 kB
Node 1 FilePages:        100828 kB
Node 1 Mapped:            15300 kB
Node 1 AnonPages:         13580 kB
Node 1 Shmem:               736 kB
Node 1 KernelStack:        1592 kB
Node 1 PageTables:          376 kB
Node 1 NFS_Unstable:          0 kB
Node 1 Bounce:                0 kB
Node 1 WritebackTmp:          0 kB
Node 1 KReclaimable:      22324 kB
Node 1 Slab:              49688 kB
Node 1 SReclaimable:      22324 kB
Node 1 SUnreclaim:        27364 kB
Node 1 AnonHugePages:         0 kB
Node 1 ShmemHugePages:        0 kB
Node 1 ShmemPmdMapped:        0 kB
Node 1 FileHugePages:        0 kB
Node 1 FilePmdMapped:        0 kB
Node 1 HugePages_Total:     0
Node 1 HugePages_Free:      0
Node 1 HugePages_Surp:      0

Load ZFS
Node 0 MemTotal:       24743736 kB
Node 0 MemFree:        24500312 kB
Node 0 MemUsed:          243424 kB
Node 0 Active:            46968 kB
Node 0 Inactive:          40148 kB
Node 0 Active(anon):      23392 kB
Node 0 Inactive(anon):      352 kB
Node 0 Active(file):      23576 kB
Node 0 Inactive(file):    39796 kB
Node 0 Unevictable:       17452 kB
Node 0 Mlocked:           17452 kB
Node 0 Dirty:               444 kB
Node 0 Writeback:             0 kB
Node 0 FilePages:         71028 kB
Node 0 Mapped:            37580 kB
Node 0 AnonPages:         33672 kB
Node 0 Shmem:               532 kB
Node 0 KernelStack:        2152 kB
Node 0 PageTables:          976 kB
Node 0 NFS_Unstable:          0 kB
Node 0 Bounce:                0 kB
Node 0 WritebackTmp:          0 kB
Node 0 KReclaimable:      20204 kB
Node 0 Slab:              57756 kB
Node 0 SReclaimable:      20204 kB
Node 0 SUnreclaim:        37552 kB
Node 0 AnonHugePages:         0 kB
Node 0 ShmemHugePages:        0 kB
Node 0 ShmemPmdMapped:        0 kB
Node 0 FileHugePages:        0 kB
Node 0 FilePmdMapped:        0 kB
Node 0 HugePages_Total:     0
Node 0 HugePages_Free:      0
Node 0 HugePages_Surp:      0

Node 1 MemTotal:       24686196 kB
Node 1 MemFree:        24298620 kB
Node 1 MemUsed:          387576 kB
Node 1 Active:            59608 kB
Node 1 Inactive:          55764 kB
Node 1 Active(anon):      14532 kB
Node 1 Inactive(anon):      504 kB
Node 1 Active(file):      45076 kB
Node 1 Inactive(file):    55260 kB
Node 1 Unevictable:        1068 kB
Node 1 Mlocked:            1068 kB
Node 1 Dirty:               128 kB
Node 1 Writeback:             0 kB
Node 1 FilePages:        102140 kB
Node 1 Mapped:            15420 kB
Node 1 AnonPages:         14532 kB
Node 1 Shmem:               736 kB
Node 1 KernelStack:        1624 kB
Node 1 PageTables:          424 kB
Node 1 NFS_Unstable:          0 kB
Node 1 Bounce:                0 kB
Node 1 WritebackTmp:          0 kB
Node 1 KReclaimable:      22652 kB
Node 1 Slab:              51728 kB
Node 1 SReclaimable:      22652 kB
Node 1 SUnreclaim:        29076 kB
Node 1 AnonHugePages:         0 kB
Node 1 ShmemHugePages:        0 kB
Node 1 ShmemPmdMapped:        0 kB
Node 1 FileHugePages:        0 kB
Node 1 FilePmdMapped:        0 kB
Node 1 HugePages_Total:     0
Node 1 HugePages_Free:      0
Node 1 HugePages_Surp:      0

Import tank ZPool
Node 0 MemTotal:       24743736 kB
Node 0 MemFree:        24502656 kB
Node 0 MemUsed:          241080 kB
Node 0 Active:            43124 kB
Node 0 Inactive:          40096 kB
Node 0 Active(anon):      19456 kB
Node 0 Inactive(anon):      352 kB
Node 0 Active(file):      23668 kB
Node 0 Inactive(file):    39744 kB
Node 0 Unevictable:       17452 kB
Node 0 Mlocked:           17452 kB
Node 0 Dirty:               240 kB
Node 0 Writeback:             0 kB
Node 0 FilePages:         71064 kB
Node 0 Mapped:            37776 kB
Node 0 AnonPages:         29664 kB
Node 0 Shmem:               528 kB
Node 0 KernelStack:        2152 kB
Node 0 PageTables:          912 kB
Node 0 NFS_Unstable:          0 kB
Node 0 Bounce:                0 kB
Node 0 WritebackTmp:          0 kB
Node 0 KReclaimable:      20204 kB
Node 0 Slab:              58032 kB
Node 0 SReclaimable:      20204 kB
Node 0 SUnreclaim:        37828 kB
Node 0 AnonHugePages:         0 kB
Node 0 ShmemHugePages:        0 kB
Node 0 ShmemPmdMapped:        0 kB
Node 0 FileHugePages:        0 kB
Node 0 FilePmdMapped:        0 kB
Node 0 HugePages_Total:     0
Node 0 HugePages_Free:      0
Node 0 HugePages_Surp:      0

Node 1 MemTotal:       24686196 kB
Node 1 MemFree:        24279436 kB
Node 1 MemUsed:          406760 kB
Node 1 Active:            59572 kB
Node 1 Inactive:          56924 kB
Node 1 Active(anon):      14184 kB
Node 1 Inactive(anon):      508 kB
Node 1 Active(file):      45388 kB
Node 1 Inactive(file):    56416 kB
Node 1 Unevictable:        1068 kB
Node 1 Mlocked:            1068 kB
Node 1 Dirty:               136 kB
Node 1 Writeback:             0 kB
Node 1 FilePages:        103652 kB
Node 1 Mapped:            15444 kB
Node 1 AnonPages:         13392 kB
Node 1 Shmem:               740 kB
Node 1 KernelStack:        2696 kB
Node 1 PageTables:          404 kB
Node 1 NFS_Unstable:          0 kB
Node 1 Bounce:                0 kB
Node 1 WritebackTmp:          0 kB
Node 1 KReclaimable:      22784 kB
Node 1 Slab:              58148 kB
Node 1 SReclaimable:      22784 kB
Node 1 SUnreclaim:        35364 kB
Node 1 AnonHugePages:         0 kB
Node 1 ShmemHugePages:        0 kB
Node 1 ShmemPmdMapped:        0 kB
Node 1 FileHugePages:        0 kB
Node 1 FilePmdMapped:        0 kB
Node 1 HugePages_Total:     0
Node 1 HugePages_Free:      0
Node 1 HugePages_Surp:      0

After Test
Node 0 MemTotal:       24743736 kB
Node 0 MemFree:        23578848 kB
Node 0 MemUsed:         1164888 kB
Node 0 Active:            42828 kB
Node 0 Inactive:          40080 kB
Node 0 Active(anon):      18884 kB
Node 0 Inactive(anon):      352 kB
Node 0 Active(file):      23944 kB
Node 0 Inactive(file):    39728 kB
Node 0 Unevictable:       17452 kB
Node 0 Mlocked:           17452 kB
Node 0 Dirty:                 0 kB
Node 0 Writeback:             0 kB
Node 0 FilePages:         71332 kB
Node 0 Mapped:            37580 kB
Node 0 AnonPages:         29032 kB
Node 0 Shmem:               528 kB
Node 0 KernelStack:        1928 kB
Node 0 PageTables:          688 kB
Node 0 NFS_Unstable:          0 kB
Node 0 Bounce:                0 kB
Node 0 WritebackTmp:          0 kB
Node 0 KReclaimable:      20308 kB
Node 0 Slab:              62392 kB
Node 0 SReclaimable:      20308 kB
Node 0 SUnreclaim:        42084 kB
Node 0 AnonHugePages:         0 kB
Node 0 ShmemHugePages:        0 kB
Node 0 ShmemPmdMapped:        0 kB
Node 0 FileHugePages:        0 kB
Node 0 FilePmdMapped:        0 kB
Node 0 HugePages_Total:     0
Node 0 HugePages_Free:      0
Node 0 HugePages_Surp:      0

Node 1 MemTotal:       24686196 kB
Node 1 MemFree:         7539184 kB
Node 1 MemUsed:        17147012 kB
Node 1 Active:            60648 kB
Node 1 Inactive:          57864 kB
Node 1 Active(anon):      14004 kB
Node 1 Inactive(anon):      532 kB
Node 1 Active(file):      46644 kB
Node 1 Inactive(file):    57332 kB
Node 1 Unevictable:        1068 kB
Node 1 Mlocked:            1068 kB
Node 1 Dirty:                 8 kB
Node 1 Writeback:             0 kB
Node 1 FilePages:        105828 kB
Node 1 Mapped:            15528 kB
Node 1 AnonPages:         13672 kB
Node 1 Shmem:               784 kB
Node 1 KernelStack:        2536 kB
Node 1 PageTables:          468 kB
Node 1 NFS_Unstable:          0 kB
Node 1 Bounce:                0 kB
Node 1 WritebackTmp:          0 kB
Node 1 KReclaimable:      24124 kB
Node 1 Slab:             115232 kB
Node 1 SReclaimable:      24124 kB
Node 1 SUnreclaim:        91108 kB
Node 1 AnonHugePages:         0 kB
Node 1 ShmemHugePages:        0 kB
Node 1 ShmemPmdMapped:        0 kB
Node 1 FileHugePages:        0 kB
Node 1 FilePmdMapped:        0 kB
Node 1 HugePages_Total:     0
Node 1 HugePages_Free:      0
Node 1 HugePages_Surp:      0

After Opposite Node
Node 0 MemTotal:       24743736 kB
Node 0 MemFree:        23558236 kB
Node 0 MemUsed:         1185500 kB
Node 0 Active:            43056 kB
Node 0 Inactive:          40156 kB
Node 0 Active(anon):      19088 kB
Node 0 Inactive(anon):      388 kB
Node 0 Active(file):      23968 kB
Node 0 Inactive(file):    39768 kB
Node 0 Unevictable:       17452 kB
Node 0 Mlocked:           17452 kB
Node 0 Dirty:                52 kB
Node 0 Writeback:             0 kB
Node 0 FilePages:         71432 kB
Node 0 Mapped:            37624 kB
Node 0 AnonPages:         29096 kB
Node 0 Shmem:               572 kB
Node 0 KernelStack:        1944 kB
Node 0 PageTables:          804 kB
Node 0 NFS_Unstable:          0 kB
Node 0 Bounce:                0 kB
Node 0 WritebackTmp:          0 kB
Node 0 KReclaimable:      20432 kB
Node 0 Slab:              66068 kB
Node 0 SReclaimable:      20432 kB
Node 0 SUnreclaim:        45636 kB
Node 0 AnonHugePages:         0 kB
Node 0 ShmemHugePages:        0 kB
Node 0 ShmemPmdMapped:        0 kB
Node 0 FileHugePages:        0 kB
Node 0 FilePmdMapped:        0 kB
Node 0 HugePages_Total:     0
Node 0 HugePages_Free:      0
Node 0 HugePages_Surp:      0

Node 1 MemTotal:       24686196 kB
Node 1 MemFree:         7552984 kB
Node 1 MemUsed:        17133212 kB
Node 1 Active:            60756 kB
Node 1 Inactive:          57636 kB
Node 1 Active(anon):      13848 kB
Node 1 Inactive(anon):      508 kB
Node 1 Active(file):      46908 kB
Node 1 Inactive(file):    57128 kB
Node 1 Unevictable:        1068 kB
Node 1 Mlocked:            1068 kB
Node 1 Dirty:                20 kB
Node 1 Writeback:             0 kB
Node 1 FilePages:        105848 kB
Node 1 Mapped:            15504 kB
Node 1 AnonPages:         13616 kB
Node 1 Shmem:               740 kB
Node 1 KernelStack:        2488 kB
Node 1 PageTables:          356 kB
Node 1 NFS_Unstable:          0 kB
Node 1 Bounce:                0 kB
Node 1 WritebackTmp:          0 kB
Node 1 KReclaimable:      24132 kB
Node 1 Slab:             113820 kB
Node 1 SReclaimable:      24132 kB
Node 1 SUnreclaim:        89688 kB
Node 1 AnonHugePages:         0 kB
Node 1 ShmemHugePages:        0 kB
Node 1 ShmemPmdMapped:        0 kB
Node 1 FileHugePages:        0 kB
Node 1 FilePmdMapped:        0 kB
Node 1 HugePages_Total:     0
Node 1 HugePages_Free:      0
Node 1 HugePages_Surp:      0

M.1.manyfio.16G.1.O.1M Complete!
