kernel.numa_balancing = 1
M.1.manyfio.2G.1.O.1M
Begin
Node 0 MemTotal:       24743736 kB
Node 0 MemFree:        24499072 kB
Node 0 MemUsed:          244664 kB
Node 0 Active:            47652 kB
Node 0 Inactive:          53484 kB
Node 0 Active(anon):       8960 kB
Node 0 Inactive(anon):      428 kB
Node 0 Active(file):      38692 kB
Node 0 Inactive(file):    53056 kB
Node 0 Unevictable:        1276 kB
Node 0 Mlocked:            1276 kB
Node 0 Dirty:               144 kB
Node 0 Writeback:             0 kB
Node 0 FilePages:         93704 kB
Node 0 Mapped:            12576 kB
Node 0 AnonPages:          8760 kB
Node 0 Shmem:               628 kB
Node 0 KernelStack:        2024 kB
Node 0 PageTables:          240 kB
Node 0 NFS_Unstable:          0 kB
Node 0 Bounce:                0 kB
Node 0 WritebackTmp:          0 kB
Node 0 KReclaimable:      21424 kB
Node 0 Slab:              54172 kB
Node 0 SReclaimable:      21424 kB
Node 0 SUnreclaim:        32748 kB
Node 0 AnonHugePages:         0 kB
Node 0 ShmemHugePages:        0 kB
Node 0 ShmemPmdMapped:        0 kB
Node 0 FileHugePages:        0 kB
Node 0 FilePmdMapped:        0 kB
Node 0 HugePages_Total:     0
Node 0 HugePages_Free:      0
Node 0 HugePages_Surp:      0

Node 1 MemTotal:       24686196 kB
Node 1 MemFree:        24316548 kB
Node 1 MemUsed:          369648 kB
Node 1 Active:            47364 kB
Node 1 Inactive:          39404 kB
Node 1 Active(anon):      24644 kB
Node 1 Inactive(anon):      444 kB
Node 1 Active(file):      22720 kB
Node 1 Inactive(file):    38960 kB
Node 1 Unevictable:       17248 kB
Node 1 Mlocked:           17248 kB
Node 1 Dirty:               284 kB
Node 1 Writeback:             0 kB
Node 1 FilePages:         69240 kB
Node 1 Mapped:            32300 kB
Node 1 AnonPages:         34776 kB
Node 1 Shmem:               640 kB
Node 1 KernelStack:        1608 kB
Node 1 PageTables:          784 kB
Node 1 NFS_Unstable:          0 kB
Node 1 Bounce:                0 kB
Node 1 WritebackTmp:          0 kB
Node 1 KReclaimable:      20528 kB
Node 1 Slab:              52668 kB
Node 1 SReclaimable:      20528 kB
Node 1 SUnreclaim:        32140 kB
Node 1 AnonHugePages:         0 kB
Node 1 ShmemHugePages:        0 kB
Node 1 ShmemPmdMapped:        0 kB
Node 1 FileHugePages:        0 kB
Node 1 FilePmdMapped:        0 kB
Node 1 HugePages_Total:     0
Node 1 HugePages_Free:      0
Node 1 HugePages_Surp:      0

Load ZFS
Node 0 MemTotal:       24743736 kB
Node 0 MemFree:        24358636 kB
Node 0 MemUsed:          385100 kB
Node 0 Active:            49576 kB
Node 0 Inactive:          53944 kB
Node 0 Active(anon):       9500 kB
Node 0 Inactive(anon):      428 kB
Node 0 Active(file):      40076 kB
Node 0 Inactive(file):    53516 kB
Node 0 Unevictable:        1276 kB
Node 0 Mlocked:            1276 kB
Node 0 Dirty:               144 kB
Node 0 Writeback:             0 kB
Node 0 FilePages:         95492 kB
Node 0 Mapped:            12688 kB
Node 0 AnonPages:          9512 kB
Node 0 Shmem:               628 kB
Node 0 KernelStack:        2088 kB
Node 0 PageTables:          280 kB
Node 0 NFS_Unstable:          0 kB
Node 0 Bounce:                0 kB
Node 0 WritebackTmp:          0 kB
Node 0 KReclaimable:      21888 kB
Node 0 Slab:              56476 kB
Node 0 SReclaimable:      21888 kB
Node 0 SUnreclaim:        34588 kB
Node 0 AnonHugePages:         0 kB
Node 0 ShmemHugePages:        0 kB
Node 0 ShmemPmdMapped:        0 kB
Node 0 FileHugePages:        0 kB
Node 0 FilePmdMapped:        0 kB
Node 0 HugePages_Total:     0
Node 0 HugePages_Free:      0
Node 0 HugePages_Surp:      0

Node 1 MemTotal:       24686196 kB
Node 1 MemFree:        24445940 kB
Node 1 MemUsed:          240256 kB
Node 1 Active:            56656 kB
Node 1 Inactive:          34856 kB
Node 1 Active(anon):      28644 kB
Node 1 Inactive(anon):      444 kB
Node 1 Active(file):      28012 kB
Node 1 Inactive(file):    34412 kB
Node 1 Unevictable:       17248 kB
Node 1 Mlocked:           17248 kB
Node 1 Dirty:               348 kB
Node 1 Writeback:             0 kB
Node 1 FilePages:         69984 kB
Node 1 Mapped:            32244 kB
Node 1 AnonPages:         38916 kB
Node 1 Shmem:               640 kB
Node 1 KernelStack:        1688 kB
Node 1 PageTables:         1160 kB
Node 1 NFS_Unstable:          0 kB
Node 1 Bounce:                0 kB
Node 1 WritebackTmp:          0 kB
Node 1 KReclaimable:      20996 kB
Node 1 Slab:              54244 kB
Node 1 SReclaimable:      20996 kB
Node 1 SUnreclaim:        33248 kB
Node 1 AnonHugePages:         0 kB
Node 1 ShmemHugePages:        0 kB
Node 1 ShmemPmdMapped:        0 kB
Node 1 FileHugePages:        0 kB
Node 1 FilePmdMapped:        0 kB
Node 1 HugePages_Total:     0
Node 1 HugePages_Free:      0
Node 1 HugePages_Surp:      0

Import tank ZPool
Node 0 MemTotal:       24743736 kB
Node 0 MemFree:        24343344 kB
Node 0 MemUsed:          400392 kB
Node 0 Active:            50132 kB
Node 0 Inactive:          55100 kB
Node 0 Active(anon):       9716 kB
Node 0 Inactive(anon):      428 kB
Node 0 Active(file):      40416 kB
Node 0 Inactive(file):    54672 kB
Node 0 Unevictable:        1276 kB
Node 0 Mlocked:            1276 kB
Node 0 Dirty:               172 kB
Node 0 Writeback:             0 kB
Node 0 FilePages:         97012 kB
Node 0 Mapped:            12760 kB
Node 0 AnonPages:          9388 kB
Node 0 Shmem:               628 kB
Node 0 KernelStack:        3176 kB
Node 0 PageTables:          292 kB
Node 0 NFS_Unstable:          0 kB
Node 0 Bounce:                0 kB
Node 0 WritebackTmp:          0 kB
Node 0 KReclaimable:      22012 kB
Node 0 Slab:              59236 kB
Node 0 SReclaimable:      22012 kB
Node 0 SUnreclaim:        37224 kB
Node 0 AnonHugePages:         0 kB
Node 0 ShmemHugePages:        0 kB
Node 0 ShmemPmdMapped:        0 kB
Node 0 FileHugePages:        0 kB
Node 0 FilePmdMapped:        0 kB
Node 0 HugePages_Total:     0
Node 0 HugePages_Free:      0
Node 0 HugePages_Surp:      0

Node 1 MemTotal:       24686196 kB
Node 1 MemFree:        24439204 kB
Node 1 MemUsed:          246992 kB
Node 1 Active:            57684 kB
Node 1 Inactive:          34896 kB
Node 1 Active(anon):      29484 kB
Node 1 Inactive(anon):      448 kB
Node 1 Active(file):      28200 kB
Node 1 Inactive(file):    34448 kB
Node 1 Unevictable:       17248 kB
Node 1 Mlocked:           17248 kB
Node 1 Dirty:               140 kB
Node 1 Writeback:             0 kB
Node 1 FilePages:         70208 kB
Node 1 Mapped:            32556 kB
Node 1 AnonPages:         39300 kB
Node 1 Shmem:               640 kB
Node 1 KernelStack:        1768 kB
Node 1 PageTables:         1232 kB
Node 1 NFS_Unstable:          0 kB
Node 1 Bounce:                0 kB
Node 1 WritebackTmp:          0 kB
Node 1 KReclaimable:      20996 kB
Node 1 Slab:              59152 kB
Node 1 SReclaimable:      20996 kB
Node 1 SUnreclaim:        38156 kB
Node 1 AnonHugePages:         0 kB
Node 1 ShmemHugePages:        0 kB
Node 1 ShmemPmdMapped:        0 kB
Node 1 FileHugePages:        0 kB
Node 1 FilePmdMapped:        0 kB
Node 1 HugePages_Total:     0
Node 1 HugePages_Free:      0
Node 1 HugePages_Surp:      0

After Test
Node 0 MemTotal:       24743736 kB
Node 0 MemFree:        24010512 kB
Node 0 MemUsed:          733224 kB
Node 0 Active:            49132 kB
Node 0 Inactive:          54908 kB
Node 0 Active(anon):       8428 kB
Node 0 Inactive(anon):      428 kB
Node 0 Active(file):      40704 kB
Node 0 Inactive(file):    54480 kB
Node 0 Unevictable:        1276 kB
Node 0 Mlocked:            1276 kB
Node 0 Dirty:                12 kB
Node 0 Writeback:             0 kB
Node 0 FilePages:         97084 kB
Node 0 Mapped:            12528 kB
Node 0 AnonPages:          8228 kB
Node 0 Shmem:               628 kB
Node 0 KernelStack:        3112 kB
Node 0 PageTables:          256 kB
Node 0 NFS_Unstable:          0 kB
Node 0 Bounce:                0 kB
Node 0 WritebackTmp:          0 kB
Node 0 KReclaimable:      22100 kB
Node 0 Slab:              60780 kB
Node 0 SReclaimable:      22100 kB
Node 0 SUnreclaim:        38680 kB
Node 0 AnonHugePages:         0 kB
Node 0 ShmemHugePages:        0 kB
Node 0 ShmemPmdMapped:        0 kB
Node 0 FileHugePages:        0 kB
Node 0 FilePmdMapped:        0 kB
Node 0 HugePages_Total:     0
Node 0 HugePages_Free:      0
Node 0 HugePages_Surp:      0

Node 1 MemTotal:       24686196 kB
Node 1 MemFree:        21841944 kB
Node 1 MemUsed:         2844252 kB
Node 1 Active:            53468 kB
Node 1 Inactive:          36012 kB
Node 1 Active(anon):      24428 kB
Node 1 Inactive(anon):      472 kB
Node 1 Active(file):      29040 kB
Node 1 Inactive(file):    35540 kB
Node 1 Unevictable:       17248 kB
Node 1 Mlocked:           17248 kB
Node 1 Dirty:                28 kB
Node 1 Writeback:             0 kB
Node 1 FilePages:         72184 kB
Node 1 Mapped:            32512 kB
Node 1 AnonPages:         34460 kB
Node 1 Shmem:               684 kB
Node 1 KernelStack:        1624 kB
Node 1 PageTables:          872 kB
Node 1 NFS_Unstable:          0 kB
Node 1 Bounce:                0 kB
Node 1 WritebackTmp:          0 kB
Node 1 KReclaimable:      22284 kB
Node 1 Slab:              72304 kB
Node 1 SReclaimable:      22284 kB
Node 1 SUnreclaim:        50020 kB
Node 1 AnonHugePages:         0 kB
Node 1 ShmemHugePages:        0 kB
Node 1 ShmemPmdMapped:        0 kB
Node 1 FileHugePages:        0 kB
Node 1 FilePmdMapped:        0 kB
Node 1 HugePages_Total:     0
Node 1 HugePages_Free:      0
Node 1 HugePages_Surp:      0

After Opposite Node
Node 0 MemTotal:       24743736 kB
Node 0 MemFree:        24010240 kB
Node 0 MemUsed:          733496 kB
Node 0 Active:            49492 kB
Node 0 Inactive:          54960 kB
Node 0 Active(anon):       8756 kB
Node 0 Inactive(anon):      456 kB
Node 0 Active(file):      40736 kB
Node 0 Inactive(file):    54504 kB
Node 0 Unevictable:        1276 kB
Node 0 Mlocked:            1276 kB
Node 0 Dirty:                88 kB
Node 0 Writeback:             0 kB
Node 0 FilePages:         97184 kB
Node 0 Mapped:            12572 kB
Node 0 AnonPages:          8508 kB
Node 0 Shmem:               672 kB
Node 0 KernelStack:        3112 kB
Node 0 PageTables:          436 kB
Node 0 NFS_Unstable:          0 kB
Node 0 Bounce:                0 kB
Node 0 WritebackTmp:          0 kB
Node 0 KReclaimable:      22248 kB
Node 0 Slab:              62260 kB
Node 0 SReclaimable:      22248 kB
Node 0 SUnreclaim:        40012 kB
Node 0 AnonHugePages:         0 kB
Node 0 ShmemHugePages:        0 kB
Node 0 ShmemPmdMapped:        0 kB
Node 0 FileHugePages:        0 kB
Node 0 FilePmdMapped:        0 kB
Node 0 HugePages_Total:     0
Node 0 HugePages_Free:      0
Node 0 HugePages_Surp:      0

Node 1 MemTotal:       24686196 kB
Node 1 MemFree:        21845052 kB
Node 1 MemUsed:         2841144 kB
Node 1 Active:            53468 kB
Node 1 Inactive:          35840 kB
Node 1 Active(anon):      24272 kB
Node 1 Inactive(anon):      448 kB
Node 1 Active(file):      29196 kB
Node 1 Inactive(file):    35392 kB
Node 1 Unevictable:       17248 kB
Node 1 Mlocked:           17248 kB
Node 1 Dirty:                40 kB
Node 1 Writeback:             0 kB
Node 1 FilePages:         72148 kB
Node 1 Mapped:            32448 kB
Node 1 AnonPages:         34408 kB
Node 1 Shmem:               640 kB
Node 1 KernelStack:        1592 kB
Node 1 PageTables:          760 kB
Node 1 NFS_Unstable:          0 kB
Node 1 Bounce:                0 kB
Node 1 WritebackTmp:          0 kB
Node 1 KReclaimable:      22292 kB
Node 1 Slab:              72008 kB
Node 1 SReclaimable:      22292 kB
Node 1 SUnreclaim:        49716 kB
Node 1 AnonHugePages:         0 kB
Node 1 ShmemHugePages:        0 kB
Node 1 ShmemPmdMapped:        0 kB
Node 1 FileHugePages:        0 kB
Node 1 FilePmdMapped:        0 kB
Node 1 HugePages_Total:     0
Node 1 HugePages_Free:      0
Node 1 HugePages_Surp:      0

M.1.manyfio.2G.1.O.1M Complete!
