kernel.numa_balancing = 1
10 Tests Remaining!
M.1.manyfio.8G.1.O.1M
Begin
Node 0 MemTotal:       24768352 kB
Node 0 MemFree:        24516372 kB
Node 0 MemUsed:          251980 kB
Node 0 Active:            62644 kB
Node 0 Inactive:          33316 kB
Node 0 Active(anon):      21700 kB
Node 0 Inactive(anon):      460 kB
Node 0 Active(file):      40944 kB
Node 0 Inactive(file):    32856 kB
Node 0 Unevictable:       14372 kB
Node 0 Mlocked:           14372 kB
Node 0 Dirty:               128 kB
Node 0 Writeback:             0 kB
Node 0 FilePages:         78496 kB
Node 0 Mapped:            29368 kB
Node 0 AnonPages:         31912 kB
Node 0 Shmem:               628 kB
Node 0 KernelStack:        1928 kB
Node 0 PageTables:          696 kB
Node 0 NFS_Unstable:          0 kB
Node 0 Bounce:                0 kB
Node 0 WritebackTmp:          0 kB
Node 0 KReclaimable:      23276 kB
Node 0 Slab:              56624 kB
Node 0 SReclaimable:      23276 kB
Node 0 SUnreclaim:        33348 kB
Node 0 AnonHugePages:         0 kB
Node 0 ShmemHugePages:        0 kB
Node 0 ShmemPmdMapped:        0 kB
Node 0 FileHugePages:        0 kB
Node 0 FilePmdMapped:        0 kB
Node 0 HugePages_Total:     0
Node 0 HugePages_Free:      0
Node 0 HugePages_Surp:      0

Node 1 MemTotal:       24661580 kB
Node 1 MemFree:        24291148 kB
Node 1 MemUsed:          370432 kB
Node 1 Active:            35256 kB
Node 1 Inactive:          65076 kB
Node 1 Active(anon):      13492 kB
Node 1 Inactive(anon):      416 kB
Node 1 Active(file):      21764 kB
Node 1 Inactive(file):    64660 kB
Node 1 Unevictable:        4148 kB
Node 1 Mlocked:            4148 kB
Node 1 Dirty:                28 kB
Node 1 Writeback:             0 kB
Node 1 FilePages:         91248 kB
Node 1 Mapped:            18540 kB
Node 1 AnonPages:         13096 kB
Node 1 Shmem:               640 kB
Node 1 KernelStack:        1912 kB
Node 1 PageTables:          632 kB
Node 1 NFS_Unstable:          0 kB
Node 1 Bounce:                0 kB
Node 1 WritebackTmp:          0 kB
Node 1 KReclaimable:      19348 kB
Node 1 Slab:              52196 kB
Node 1 SReclaimable:      19348 kB
Node 1 SUnreclaim:        32848 kB
Node 1 AnonHugePages:         0 kB
Node 1 ShmemHugePages:        0 kB
Node 1 ShmemPmdMapped:        0 kB
Node 1 FileHugePages:        0 kB
Node 1 FilePmdMapped:        0 kB
Node 1 HugePages_Total:     0
Node 1 HugePages_Free:      0
Node 1 HugePages_Surp:      0

Load ZFS
Node 0 MemTotal:       24768352 kB
Node 0 MemFree:        24508004 kB
Node 0 MemUsed:          260348 kB
Node 0 Active:            68576 kB
Node 0 Inactive:          33724 kB
Node 0 Active(anon):      27048 kB
Node 0 Inactive(anon):      460 kB
Node 0 Active(file):      41528 kB
Node 0 Inactive(file):    33264 kB
Node 0 Unevictable:       14372 kB
Node 0 Mlocked:           14372 kB
Node 0 Dirty:               172 kB
Node 0 Writeback:             0 kB
Node 0 FilePages:         79464 kB
Node 0 Mapped:            29264 kB
Node 0 AnonPages:         37284 kB
Node 0 Shmem:               628 kB
Node 0 KernelStack:        2008 kB
Node 0 PageTables:         1036 kB
Node 0 NFS_Unstable:          0 kB
Node 0 Bounce:                0 kB
Node 0 WritebackTmp:          0 kB
Node 0 KReclaimable:      23628 kB
Node 0 Slab:              58000 kB
Node 0 SReclaimable:      23628 kB
Node 0 SUnreclaim:        34372 kB
Node 0 AnonHugePages:         0 kB
Node 0 ShmemHugePages:        0 kB
Node 0 ShmemPmdMapped:        0 kB
Node 0 FileHugePages:        0 kB
Node 0 FilePmdMapped:        0 kB
Node 0 HugePages_Total:     0
Node 0 HugePages_Free:      0
Node 0 HugePages_Surp:      0

Node 1 MemTotal:       24661580 kB
Node 1 MemFree:        24285316 kB
Node 1 MemUsed:          376264 kB
Node 1 Active:            42124 kB
Node 1 Inactive:          60664 kB
Node 1 Active(anon):      14352 kB
Node 1 Inactive(anon):      416 kB
Node 1 Active(file):      27772 kB
Node 1 Inactive(file):    60248 kB
Node 1 Unevictable:        4148 kB
Node 1 Mlocked:            4148 kB
Node 1 Dirty:                40 kB
Node 1 Writeback:             0 kB
Node 1 FilePages:         92808 kB
Node 1 Mapped:            18636 kB
Node 1 AnonPages:         14040 kB
Node 1 Shmem:               640 kB
Node 1 KernelStack:        1816 kB
Node 1 PageTables:          508 kB
Node 1 NFS_Unstable:          0 kB
Node 1 Bounce:                0 kB
Node 1 WritebackTmp:          0 kB
Node 1 KReclaimable:      19652 kB
Node 1 Slab:              53460 kB
Node 1 SReclaimable:      19652 kB
Node 1 SUnreclaim:        33808 kB
Node 1 AnonHugePages:         0 kB
Node 1 ShmemHugePages:        0 kB
Node 1 ShmemPmdMapped:        0 kB
Node 1 FileHugePages:        0 kB
Node 1 FilePmdMapped:        0 kB
Node 1 HugePages_Total:     0
Node 1 HugePages_Free:      0
Node 1 HugePages_Surp:      0

Import tank ZPool
Node 0 MemTotal:       24768352 kB
Node 0 MemFree:        24506440 kB
Node 0 MemUsed:          261912 kB
Node 0 Active:            69288 kB
Node 0 Inactive:          33736 kB
Node 0 Active(anon):      27640 kB
Node 0 Inactive(anon):      460 kB
Node 0 Active(file):      41648 kB
Node 0 Inactive(file):    33276 kB
Node 0 Unevictable:       14372 kB
Node 0 Mlocked:           14372 kB
Node 0 Dirty:               192 kB
Node 0 Writeback:             0 kB
Node 0 FilePages:         79596 kB
Node 0 Mapped:            29300 kB
Node 0 AnonPages:         37740 kB
Node 0 Shmem:               624 kB
Node 0 KernelStack:        2024 kB
Node 0 PageTables:         1036 kB
Node 0 NFS_Unstable:          0 kB
Node 0 Bounce:                0 kB
Node 0 WritebackTmp:          0 kB
Node 0 KReclaimable:      23668 kB
Node 0 Slab:              59296 kB
Node 0 SReclaimable:      23668 kB
Node 0 SUnreclaim:        35628 kB
Node 0 AnonHugePages:         0 kB
Node 0 ShmemHugePages:        0 kB
Node 0 ShmemPmdMapped:        0 kB
Node 0 FileHugePages:        0 kB
Node 0 FilePmdMapped:        0 kB
Node 0 HugePages_Total:     0
Node 0 HugePages_Free:      0
Node 0 HugePages_Surp:      0

Node 1 MemTotal:       24661580 kB
Node 1 MemFree:        24264072 kB
Node 1 MemUsed:          397508 kB
Node 1 Active:            42412 kB
Node 1 Inactive:          61828 kB
Node 1 Active(anon):      14316 kB
Node 1 Inactive(anon):      420 kB
Node 1 Active(file):      28096 kB
Node 1 Inactive(file):    61408 kB
Node 1 Unevictable:        4148 kB
Node 1 Mlocked:            4148 kB
Node 1 Dirty:                52 kB
Node 1 Writeback:             0 kB
Node 1 FilePages:         94328 kB
Node 1 Mapped:            18596 kB
Node 1 AnonPages:         13812 kB
Node 1 Shmem:               644 kB
Node 1 KernelStack:        2904 kB
Node 1 PageTables:          528 kB
Node 1 NFS_Unstable:          0 kB
Node 1 Bounce:                0 kB
Node 1 WritebackTmp:          0 kB
Node 1 KReclaimable:      19796 kB
Node 1 Slab:              60228 kB
Node 1 SReclaimable:      19796 kB
Node 1 SUnreclaim:        40432 kB
Node 1 AnonHugePages:         0 kB
Node 1 ShmemHugePages:        0 kB
Node 1 ShmemPmdMapped:        0 kB
Node 1 FileHugePages:        0 kB
Node 1 FilePmdMapped:        0 kB
Node 1 HugePages_Total:     0
Node 1 HugePages_Free:      0
Node 1 HugePages_Surp:      0

After Test
Node 0 MemTotal:       24768352 kB
Node 0 MemFree:        23796200 kB
Node 0 MemUsed:          972152 kB
Node 0 Active:            61084 kB
Node 0 Inactive:          33784 kB
Node 0 Active(anon):      19412 kB
Node 0 Inactive(anon):      456 kB
Node 0 Active(file):      41672 kB
Node 0 Inactive(file):    33328 kB
Node 0 Unevictable:       14372 kB
Node 0 Mlocked:           14372 kB
Node 0 Dirty:                20 kB
Node 0 Writeback:             0 kB
Node 0 FilePages:         79664 kB
Node 0 Mapped:            29256 kB
Node 0 AnonPages:         29572 kB
Node 0 Shmem:               620 kB
Node 0 KernelStack:        1832 kB
Node 0 PageTables:          568 kB
Node 0 NFS_Unstable:          0 kB
Node 0 Bounce:                0 kB
Node 0 WritebackTmp:          0 kB
Node 0 KReclaimable:      23864 kB
Node 0 Slab:              62856 kB
Node 0 SReclaimable:      23864 kB
Node 0 SUnreclaim:        38992 kB
Node 0 AnonHugePages:         0 kB
Node 0 ShmemHugePages:        0 kB
Node 0 ShmemPmdMapped:        0 kB
Node 0 FileHugePages:        0 kB
Node 0 FilePmdMapped:        0 kB
Node 0 HugePages_Total:     0
Node 0 HugePages_Free:      0
Node 0 HugePages_Surp:      0

Node 1 MemTotal:       24661580 kB
Node 1 MemFree:        15729660 kB
Node 1 MemUsed:         8931920 kB
Node 1 Active:            42968 kB
Node 1 Inactive:          62612 kB
Node 1 Active(anon):      13540 kB
Node 1 Inactive(anon):      448 kB
Node 1 Active(file):      29428 kB
Node 1 Inactive(file):    62164 kB
Node 1 Unevictable:        4148 kB
Node 1 Mlocked:            4148 kB
Node 1 Dirty:                12 kB
Node 1 Writeback:             0 kB
Node 1 FilePages:         96436 kB
Node 1 Mapped:            18724 kB
Node 1 AnonPages:         13216 kB
Node 1 Shmem:               692 kB
Node 1 KernelStack:        2840 kB
Node 1 PageTables:          604 kB
Node 1 NFS_Unstable:          0 kB
Node 1 Bounce:                0 kB
Node 1 WritebackTmp:          0 kB
Node 1 KReclaimable:      21268 kB
Node 1 Slab:              92100 kB
Node 1 SReclaimable:      21268 kB
Node 1 SUnreclaim:        70832 kB
Node 1 AnonHugePages:         0 kB
Node 1 ShmemHugePages:        0 kB
Node 1 ShmemPmdMapped:        0 kB
Node 1 FileHugePages:        0 kB
Node 1 FilePmdMapped:        0 kB
Node 1 HugePages_Total:     0
Node 1 HugePages_Free:      0
Node 1 HugePages_Surp:      0

After Opposite Node
Node 0 MemTotal:       24768352 kB
Node 0 MemFree:        23800844 kB
Node 0 MemUsed:          967508 kB
Node 0 Active:            61420 kB
Node 0 Inactive:          33852 kB
Node 0 Active(anon):      19744 kB
Node 0 Inactive(anon):      484 kB
Node 0 Active(file):      41676 kB
Node 0 Inactive(file):    33368 kB
Node 0 Unevictable:       14372 kB
Node 0 Mlocked:           14372 kB
Node 0 Dirty:                80 kB
Node 0 Writeback:             0 kB
Node 0 FilePages:         79752 kB
Node 0 Mapped:            29300 kB
Node 0 AnonPages:         29420 kB
Node 0 Shmem:               664 kB
Node 0 KernelStack:        1864 kB
Node 0 PageTables:          756 kB
Node 0 NFS_Unstable:          0 kB
Node 0 Bounce:                0 kB
Node 0 WritebackTmp:          0 kB
Node 0 KReclaimable:      24036 kB
Node 0 Slab:              65380 kB
Node 0 SReclaimable:      24036 kB
Node 0 SUnreclaim:        41344 kB
Node 0 AnonHugePages:         0 kB
Node 0 ShmemHugePages:        0 kB
Node 0 ShmemPmdMapped:        0 kB
Node 0 FileHugePages:        0 kB
Node 0 FilePmdMapped:        0 kB
Node 0 HugePages_Total:     0
Node 0 HugePages_Free:      0
Node 0 HugePages_Surp:      0

Node 1 MemTotal:       24661580 kB
Node 1 MemFree:        15737048 kB
Node 1 MemUsed:         8924532 kB
Node 1 Active:            43040 kB
Node 1 Inactive:          62400 kB
Node 1 Active(anon):      13384 kB
Node 1 Inactive(anon):      424 kB
Node 1 Active(file):      29656 kB
Node 1 Inactive(file):    61976 kB
Node 1 Unevictable:        4148 kB
Node 1 Mlocked:            4148 kB
Node 1 Dirty:                32 kB
Node 1 Writeback:             0 kB
Node 1 FilePages:         96436 kB
Node 1 Mapped:            18724 kB
Node 1 AnonPages:         13160 kB
Node 1 Shmem:               648 kB
Node 1 KernelStack:        2808 kB
Node 1 PageTables:          484 kB
Node 1 NFS_Unstable:          0 kB
Node 1 Bounce:                0 kB
Node 1 WritebackTmp:          0 kB
Node 1 KReclaimable:      21276 kB
Node 1 Slab:              90548 kB
Node 1 SReclaimable:      21276 kB
Node 1 SUnreclaim:        69272 kB
Node 1 AnonHugePages:         0 kB
Node 1 ShmemHugePages:        0 kB
Node 1 ShmemPmdMapped:        0 kB
Node 1 FileHugePages:        0 kB
Node 1 FilePmdMapped:        0 kB
Node 1 HugePages_Total:     0
Node 1 HugePages_Free:      0
Node 1 HugePages_Surp:      0

M.1.manyfio.8G.1.O.1M Complete!
