kernel.numa_balancing = 0
U.1.100M-simpleread.16G.3.O.1M
Begin
Node 0 MemTotal:       24768352 kB
Node 0 MemFree:        24362696 kB
Node 0 MemUsed:          405656 kB
Node 0 Active:            55812 kB
Node 0 Inactive:          86632 kB
Node 0 Active(anon):      14004 kB
Node 0 Inactive(anon):      416 kB
Node 0 Active(file):      41808 kB
Node 0 Inactive(file):    86216 kB
Node 0 Unevictable:         744 kB
Node 0 Mlocked:             744 kB
Node 0 Dirty:               496 kB
Node 0 Writeback:             0 kB
Node 0 FilePages:        129424 kB
Node 0 Mapped:            40180 kB
Node 0 AnonPages:         13852 kB
Node 0 Shmem:               596 kB
Node 0 KernelStack:        2136 kB
Node 0 PageTables:          452 kB
Node 0 NFS_Unstable:          0 kB
Node 0 Bounce:                0 kB
Node 0 WritebackTmp:          0 kB
Node 0 KReclaimable:      23980 kB
Node 0 Slab:              52244 kB
Node 0 SReclaimable:      23980 kB
Node 0 SUnreclaim:        28264 kB
Node 0 AnonHugePages:         0 kB
Node 0 ShmemHugePages:        0 kB
Node 0 ShmemPmdMapped:        0 kB
Node 0 FileHugePages:        0 kB
Node 0 FilePmdMapped:        0 kB
Node 0 HugePages_Total:     0
Node 0 HugePages_Free:      0
Node 0 HugePages_Surp:      0

Node 1 MemTotal:       24661580 kB
Node 1 MemFree:        24432280 kB
Node 1 MemUsed:          229300 kB
Node 1 Active:            40096 kB
Node 1 Inactive:          23772 kB
Node 1 Active(anon):      19804 kB
Node 1 Inactive(anon):      468 kB
Node 1 Active(file):      20292 kB
Node 1 Inactive(file):    23304 kB
Node 1 Unevictable:       17780 kB
Node 1 Mlocked:           17780 kB
Node 1 Dirty:                 0 kB
Node 1 Writeback:             0 kB
Node 1 FilePages:         51720 kB
Node 1 Mapped:            20016 kB
Node 1 AnonPages:         29936 kB
Node 1 Shmem:               672 kB
Node 1 KernelStack:        1480 kB
Node 1 PageTables:          684 kB
Node 1 NFS_Unstable:          0 kB
Node 1 Bounce:                0 kB
Node 1 WritebackTmp:          0 kB
Node 1 KReclaimable:      18512 kB
Node 1 Slab:              54636 kB
Node 1 SReclaimable:      18512 kB
Node 1 SUnreclaim:        36124 kB
Node 1 AnonHugePages:         0 kB
Node 1 ShmemHugePages:        0 kB
Node 1 ShmemPmdMapped:        0 kB
Node 1 FileHugePages:        0 kB
Node 1 FilePmdMapped:        0 kB
Node 1 HugePages_Total:     0
Node 1 HugePages_Free:      0
Node 1 HugePages_Surp:      0

Load ZFS
Node 0 MemTotal:       24768352 kB
Node 0 MemFree:        24350684 kB
Node 0 MemUsed:          417668 kB
Node 0 Active:            59132 kB
Node 0 Inactive:          86984 kB
Node 0 Active(anon):      16500 kB
Node 0 Inactive(anon):      416 kB
Node 0 Active(file):      42632 kB
Node 0 Inactive(file):    86568 kB
Node 0 Unevictable:         744 kB
Node 0 Mlocked:             744 kB
Node 0 Dirty:               520 kB
Node 0 Writeback:             0 kB
Node 0 FilePages:        130536 kB
Node 0 Mapped:            40340 kB
Node 0 AnonPages:         16620 kB
Node 0 Shmem:               596 kB
Node 0 KernelStack:        2168 kB
Node 0 PageTables:          596 kB
Node 0 NFS_Unstable:          0 kB
Node 0 Bounce:                0 kB
Node 0 WritebackTmp:          0 kB
Node 0 KReclaimable:      24404 kB
Node 0 Slab:              53720 kB
Node 0 SReclaimable:      24404 kB
Node 0 SUnreclaim:        29316 kB
Node 0 AnonHugePages:         0 kB
Node 0 ShmemHugePages:        0 kB
Node 0 ShmemPmdMapped:        0 kB
Node 0 FileHugePages:        0 kB
Node 0 FilePmdMapped:        0 kB
Node 0 HugePages_Total:     0
Node 0 HugePages_Free:      0
Node 0 HugePages_Surp:      0

Node 1 MemTotal:       24661580 kB
Node 1 MemFree:        24433516 kB
Node 1 MemUsed:          228064 kB
Node 1 Active:            45696 kB
Node 1 Inactive:          19588 kB
Node 1 Active(anon):      19808 kB
Node 1 Inactive(anon):      472 kB
Node 1 Active(file):      25888 kB
Node 1 Inactive(file):    19116 kB
Node 1 Unevictable:       17780 kB
Node 1 Mlocked:           17780 kB
Node 1 Dirty:                 0 kB
Node 1 Writeback:             0 kB
Node 1 FilePages:         53128 kB
Node 1 Mapped:            20016 kB
Node 1 AnonPages:         29936 kB
Node 1 Shmem:               672 kB
Node 1 KernelStack:        1496 kB
Node 1 PageTables:          684 kB
Node 1 NFS_Unstable:          0 kB
Node 1 Bounce:                0 kB
Node 1 WritebackTmp:          0 kB
Node 1 KReclaimable:      18960 kB
Node 1 Slab:              56344 kB
Node 1 SReclaimable:      18960 kB
Node 1 SUnreclaim:        37384 kB
Node 1 AnonHugePages:         0 kB
Node 1 ShmemHugePages:        0 kB
Node 1 ShmemPmdMapped:        0 kB
Node 1 FileHugePages:        0 kB
Node 1 FilePmdMapped:        0 kB
Node 1 HugePages_Total:     0
Node 1 HugePages_Free:      0
Node 1 HugePages_Surp:      0

Import tank ZPool
Node 0 MemTotal:       24768352 kB
Node 0 MemFree:        24337500 kB
Node 0 MemUsed:          430852 kB
Node 0 Active:            60104 kB
Node 0 Inactive:          88220 kB
Node 0 Active(anon):      16732 kB
Node 0 Inactive(anon):      420 kB
Node 0 Active(file):      43372 kB
Node 0 Inactive(file):    87800 kB
Node 0 Unevictable:         744 kB
Node 0 Mlocked:             744 kB
Node 0 Dirty:               340 kB
Node 0 Writeback:             0 kB
Node 0 FilePages:        132232 kB
Node 0 Mapped:            40428 kB
Node 0 AnonPages:         16232 kB
Node 0 Shmem:               600 kB
Node 0 KernelStack:        3304 kB
Node 0 PageTables:          620 kB
Node 0 NFS_Unstable:          0 kB
Node 0 Bounce:                0 kB
Node 0 WritebackTmp:          0 kB
Node 0 KReclaimable:      24532 kB
Node 0 Slab:              60268 kB
Node 0 SReclaimable:      24532 kB
Node 0 SUnreclaim:        35736 kB
Node 0 AnonHugePages:         0 kB
Node 0 ShmemHugePages:        0 kB
Node 0 ShmemPmdMapped:        0 kB
Node 0 FileHugePages:        0 kB
Node 0 FilePmdMapped:        0 kB
Node 0 HugePages_Total:     0
Node 0 HugePages_Free:      0
Node 0 HugePages_Surp:      0

Node 1 MemTotal:       24661580 kB
Node 1 MemFree:        24428120 kB
Node 1 MemUsed:          233460 kB
Node 1 Active:            45808 kB
Node 1 Inactive:          19484 kB
Node 1 Active(anon):      19804 kB
Node 1 Inactive(anon):      472 kB
Node 1 Active(file):      26004 kB
Node 1 Inactive(file):    19012 kB
Node 1 Unevictable:       17780 kB
Node 1 Mlocked:           17780 kB
Node 1 Dirty:                12 kB
Node 1 Writeback:             0 kB
Node 1 FilePages:         53176 kB
Node 1 Mapped:            20232 kB
Node 1 AnonPages:         29936 kB
Node 1 Shmem:               668 kB
Node 1 KernelStack:        1496 kB
Node 1 PageTables:          684 kB
Node 1 NFS_Unstable:          0 kB
Node 1 Bounce:                0 kB
Node 1 WritebackTmp:          0 kB
Node 1 KReclaimable:      18964 kB
Node 1 Slab:              57012 kB
Node 1 SReclaimable:      18964 kB
Node 1 SUnreclaim:        38048 kB
Node 1 AnonHugePages:         0 kB
Node 1 ShmemHugePages:        0 kB
Node 1 ShmemPmdMapped:        0 kB
Node 1 FileHugePages:        0 kB
Node 1 FilePmdMapped:        0 kB
Node 1 HugePages_Total:     0
Node 1 HugePages_Free:      0
Node 1 HugePages_Surp:      0

After Test
Node 0 MemTotal:       24768352 kB
Node 0 MemFree:        23725408 kB
Node 0 MemUsed:         1042944 kB
Node 0 Active:            56996 kB
Node 0 Inactive:          88584 kB
Node 0 Active(anon):      13236 kB
Node 0 Inactive(anon):      420 kB
Node 0 Active(file):      43760 kB
Node 0 Inactive(file):    88164 kB
Node 0 Unevictable:         744 kB
Node 0 Mlocked:             744 kB
Node 0 Dirty:                36 kB
Node 0 Writeback:             0 kB
Node 0 FilePages:        133288 kB
Node 0 Mapped:            40376 kB
Node 0 AnonPages:         13064 kB
Node 0 Shmem:               600 kB
Node 0 KernelStack:        3128 kB
Node 0 PageTables:          404 kB
Node 0 NFS_Unstable:          0 kB
Node 0 Bounce:                0 kB
Node 0 WritebackTmp:          0 kB
Node 0 KReclaimable:      24748 kB
Node 0 Slab:              63636 kB
Node 0 SReclaimable:      24748 kB
Node 0 SUnreclaim:        38888 kB
Node 0 AnonHugePages:         0 kB
Node 0 ShmemHugePages:        0 kB
Node 0 ShmemPmdMapped:        0 kB
Node 0 FileHugePages:        0 kB
Node 0 FilePmdMapped:        0 kB
Node 0 HugePages_Total:     0
Node 0 HugePages_Free:      0
Node 0 HugePages_Surp:      0

Node 1 MemTotal:       24661580 kB
Node 1 MemFree:         7273472 kB
Node 1 MemUsed:        17388108 kB
Node 1 Active:            46420 kB
Node 1 Inactive:         117096 kB
Node 1 Active(anon):      19952 kB
Node 1 Inactive(anon):      472 kB
Node 1 Active(file):      26468 kB
Node 1 Inactive(file):   116624 kB
Node 1 Unevictable:       17780 kB
Node 1 Mlocked:           17780 kB
Node 1 Dirty:                12 kB
Node 1 Writeback:             0 kB
Node 1 FilePages:        151220 kB
Node 1 Mapped:            20024 kB
Node 1 AnonPages:         30264 kB
Node 1 Shmem:               668 kB
Node 1 KernelStack:        1320 kB
Node 1 PageTables:          928 kB
Node 1 NFS_Unstable:          0 kB
Node 1 Bounce:                0 kB
Node 1 WritebackTmp:          0 kB
Node 1 KReclaimable:      19528 kB
Node 1 Slab:             116580 kB
Node 1 SReclaimable:      19528 kB
Node 1 SUnreclaim:        97052 kB
Node 1 AnonHugePages:         0 kB
Node 1 ShmemHugePages:        0 kB
Node 1 ShmemPmdMapped:        0 kB
Node 1 FileHugePages:        0 kB
Node 1 FilePmdMapped:        0 kB
Node 1 HugePages_Total:     0
Node 1 HugePages_Free:      0
Node 1 HugePages_Surp:      0

After Opposite Node
Node 0 MemTotal:       24768352 kB
Node 0 MemFree:        23723640 kB
Node 0 MemUsed:         1044712 kB
Node 0 Active:            57792 kB
Node 0 Inactive:          88348 kB
Node 0 Active(anon):      13764 kB
Node 0 Inactive(anon):      420 kB
Node 0 Active(file):      44028 kB
Node 0 Inactive(file):    87928 kB
Node 0 Unevictable:         744 kB
Node 0 Mlocked:             744 kB
Node 0 Dirty:                60 kB
Node 0 Writeback:             0 kB
Node 0 FilePages:        133304 kB
Node 0 Mapped:            40372 kB
Node 0 AnonPages:         13508 kB
Node 0 Shmem:               600 kB
Node 0 KernelStack:        3144 kB
Node 0 PageTables:          648 kB
Node 0 NFS_Unstable:          0 kB
Node 0 Bounce:                0 kB
Node 0 WritebackTmp:          0 kB
Node 0 KReclaimable:      24780 kB
Node 0 Slab:              65508 kB
Node 0 SReclaimable:      24780 kB
Node 0 SUnreclaim:        40728 kB
Node 0 AnonHugePages:         0 kB
Node 0 ShmemHugePages:        0 kB
Node 0 ShmemPmdMapped:        0 kB
Node 0 FileHugePages:        0 kB
Node 0 FilePmdMapped:        0 kB
Node 0 HugePages_Total:     0
Node 0 HugePages_Free:      0
Node 0 HugePages_Surp:      0

Node 1 MemTotal:       24661580 kB
Node 1 MemFree:         7279096 kB
Node 1 MemUsed:        17382484 kB
Node 1 Active:            46200 kB
Node 1 Inactive:         117060 kB
Node 1 Active(anon):      19684 kB
Node 1 Inactive(anon):      472 kB
Node 1 Active(file):      26516 kB
Node 1 Inactive(file):   116588 kB
Node 1 Unevictable:       17780 kB
Node 1 Mlocked:           17780 kB
Node 1 Dirty:                16 kB
Node 1 Writeback:             0 kB
Node 1 FilePages:        151240 kB
Node 1 Mapped:            20024 kB
Node 1 AnonPages:         29816 kB
Node 1 Shmem:               668 kB
Node 1 KernelStack:        1304 kB
Node 1 PageTables:          684 kB
Node 1 NFS_Unstable:          0 kB
Node 1 Bounce:                0 kB
Node 1 WritebackTmp:          0 kB
Node 1 KReclaimable:      19528 kB
Node 1 Slab:             115388 kB
Node 1 SReclaimable:      19528 kB
Node 1 SUnreclaim:        95860 kB
Node 1 AnonHugePages:         0 kB
Node 1 ShmemHugePages:        0 kB
Node 1 ShmemPmdMapped:        0 kB
Node 1 FileHugePages:        0 kB
Node 1 FilePmdMapped:        0 kB
Node 1 HugePages_Total:     0
Node 1 HugePages_Free:      0
Node 1 HugePages_Surp:      0

U.1.100M-simpleread.16G.3.O.1M Complete!
