B.0.fio.2G.1.O
Begin
Node 0 MemTotal:       24743736 kB
Node 0 MemFree:        24501844 kB
Node 0 MemUsed:          241892 kB
Node 0 Active:            40056 kB
Node 0 Inactive:          54352 kB
Node 0 Active(anon):      17172 kB
Node 0 Inactive(anon):      568 kB
Node 0 Active(file):      22884 kB
Node 0 Inactive(file):    53784 kB
Node 0 Unevictable:        5448 kB
Node 0 Mlocked:            5448 kB
Node 0 Dirty:               120 kB
Node 0 Writeback:             0 kB
Node 0 FilePages:         82964 kB
Node 0 Mapped:            19608 kB
Node 0 AnonPages:         16968 kB
Node 0 Shmem:               816 kB
Node 0 KernelStack:        2232 kB
Node 0 PageTables:          592 kB
Node 0 NFS_Unstable:          0 kB
Node 0 Bounce:                0 kB
Node 0 WritebackTmp:          0 kB
Node 0 KReclaimable:      22036 kB
Node 0 Slab:              49604 kB
Node 0 SReclaimable:      22036 kB
Node 0 SUnreclaim:        27568 kB
Node 0 AnonHugePages:         0 kB
Node 0 ShmemHugePages:        0 kB
Node 0 ShmemPmdMapped:        0 kB
Node 0 FileHugePages:        0 kB
Node 0 FilePmdMapped:        0 kB
Node 0 HugePages_Total:     0
Node 0 HugePages_Free:      0
Node 0 HugePages_Surp:      0

Node 1 MemTotal:       24686196 kB
Node 1 MemFree:        24299688 kB
Node 1 MemUsed:          386508 kB
Node 1 Active:            55496 kB
Node 1 Inactive:          53008 kB
Node 1 Active(anon):      16464 kB
Node 1 Inactive(anon):      316 kB
Node 1 Active(file):      39032 kB
Node 1 Inactive(file):    52692 kB
Node 1 Unevictable:       13072 kB
Node 1 Mlocked:           13072 kB
Node 1 Dirty:               396 kB
Node 1 Writeback:             0 kB
Node 1 FilePages:         94940 kB
Node 1 Mapped:            43584 kB
Node 1 AnonPages:         26652 kB
Node 1 Shmem:               452 kB
Node 1 KernelStack:        1368 kB
Node 1 PageTables:          592 kB
Node 1 NFS_Unstable:          0 kB
Node 1 Bounce:                0 kB
Node 1 WritebackTmp:          0 kB
Node 1 KReclaimable:      19376 kB
Node 1 Slab:              55900 kB
Node 1 SReclaimable:      19376 kB
Node 1 SUnreclaim:        36524 kB
Node 1 AnonHugePages:         0 kB
Node 1 ShmemHugePages:        0 kB
Node 1 ShmemPmdMapped:        0 kB
Node 1 FileHugePages:        0 kB
Node 1 FilePmdMapped:        0 kB
Node 1 HugePages_Total:     0
Node 1 HugePages_Free:      0
Node 1 HugePages_Surp:      0

Load ZFS
Node 0 MemTotal:       24743736 kB
Node 0 MemFree:        24467144 kB
Node 0 MemUsed:          276592 kB
Node 0 Active:            52492 kB
Node 0 Inactive:          78368 kB
Node 0 Active(anon):      27784 kB
Node 0 Inactive(anon):      540 kB
Node 0 Active(file):      24708 kB
Node 0 Inactive(file):    77828 kB
Node 0 Unevictable:        5448 kB
Node 0 Mlocked:            5448 kB
Node 0 Dirty:               144 kB
Node 0 Writeback:             0 kB
Node 0 FilePages:        108736 kB
Node 0 Mapped:            20464 kB
Node 0 AnonPages:         27472 kB
Node 0 Shmem:               756 kB
Node 0 KernelStack:        2432 kB
Node 0 PageTables:         1068 kB
Node 0 NFS_Unstable:          0 kB
Node 0 Bounce:                0 kB
Node 0 WritebackTmp:          0 kB
Node 0 KReclaimable:      22820 kB
Node 0 Slab:              52600 kB
Node 0 SReclaimable:      22820 kB
Node 0 SUnreclaim:        29780 kB
Node 0 AnonHugePages:         0 kB
Node 0 ShmemHugePages:        0 kB
Node 0 ShmemPmdMapped:        0 kB
Node 0 FileHugePages:        0 kB
Node 0 FilePmdMapped:        0 kB
Node 0 HugePages_Total:     0
Node 0 HugePages_Free:      0
Node 0 HugePages_Surp:      0

Node 1 MemTotal:       24686196 kB
Node 1 MemFree:        24192784 kB
Node 1 MemUsed:          493412 kB
Node 1 Active:            69360 kB
Node 1 Inactive:         132548 kB
Node 1 Active(anon):      29636 kB
Node 1 Inactive(anon):      404 kB
Node 1 Active(file):      39724 kB
Node 1 Inactive(file):   132144 kB
Node 1 Unevictable:       13284 kB
Node 1 Mlocked:           13284 kB
Node 1 Dirty:               468 kB
Node 1 Writeback:             0 kB
Node 1 FilePages:        175128 kB
Node 1 Mapped:            46780 kB
Node 1 AnonPages:         40068 kB
Node 1 Shmem:               512 kB
Node 1 KernelStack:        1748 kB
Node 1 PageTables:         1576 kB
Node 1 NFS_Unstable:          0 kB
Node 1 Bounce:                0 kB
Node 1 WritebackTmp:          0 kB
Node 1 KReclaimable:      20332 kB
Node 1 Slab:              60088 kB
Node 1 SReclaimable:      20332 kB
Node 1 SUnreclaim:        39756 kB
Node 1 AnonHugePages:         0 kB
Node 1 ShmemHugePages:        0 kB
Node 1 ShmemPmdMapped:        0 kB
Node 1 FileHugePages:        0 kB
Node 1 FilePmdMapped:        0 kB
Node 1 HugePages_Total:     0
Node 1 HugePages_Free:      0
Node 1 HugePages_Surp:      0

Import tank ZPool
Node 0 MemTotal:       24743736 kB
Node 0 MemFree:        24469196 kB
Node 0 MemUsed:          274540 kB
Node 0 Active:            40380 kB
Node 0 Inactive:          78252 kB
Node 0 Active(anon):      15548 kB
Node 0 Inactive(anon):      544 kB
Node 0 Active(file):      24832 kB
Node 0 Inactive(file):    77708 kB
Node 0 Unevictable:        5448 kB
Node 0 Mlocked:            5448 kB
Node 0 Dirty:                56 kB
Node 0 Writeback:             0 kB
Node 0 FilePages:        108736 kB
Node 0 Mapped:            19892 kB
Node 0 AnonPages:         15060 kB
Node 0 Shmem:               752 kB
Node 0 KernelStack:        3336 kB
Node 0 PageTables:          664 kB
Node 0 NFS_Unstable:          0 kB
Node 0 Bounce:                0 kB
Node 0 WritebackTmp:          0 kB
Node 0 KReclaimable:      22824 kB
Node 0 Slab:              54800 kB
Node 0 SReclaimable:      22824 kB
Node 0 SUnreclaim:        31976 kB
Node 0 AnonHugePages:         0 kB
Node 0 ShmemHugePages:        0 kB
Node 0 ShmemPmdMapped:        0 kB
Node 0 FileHugePages:        0 kB
Node 0 FilePmdMapped:        0 kB
Node 0 HugePages_Total:     0
Node 0 HugePages_Free:      0
Node 0 HugePages_Surp:      0

Node 1 MemTotal:       24686196 kB
Node 1 MemFree:        24192464 kB
Node 1 MemUsed:          493732 kB
Node 1 Active:            58552 kB
Node 1 Inactive:         133244 kB
Node 1 Active(anon):      18024 kB
Node 1 Inactive(anon):      404 kB
Node 1 Active(file):      40528 kB
Node 1 Inactive(file):   132840 kB
Node 1 Unevictable:       13300 kB
Node 1 Mlocked:           13300 kB
Node 1 Dirty:               576 kB
Node 1 Writeback:             0 kB
Node 1 FilePages:        176688 kB
Node 1 Mapped:            43960 kB
Node 1 AnonPages:         28380 kB
Node 1 Shmem:               516 kB
Node 1 KernelStack:        1464 kB
Node 1 PageTables:          784 kB
Node 1 NFS_Unstable:          0 kB
Node 1 Bounce:                0 kB
Node 1 WritebackTmp:          0 kB
Node 1 KReclaimable:      20460 kB
Node 1 Slab:              65108 kB
Node 1 SReclaimable:      20460 kB
Node 1 SUnreclaim:        44648 kB
Node 1 AnonHugePages:         0 kB
Node 1 ShmemHugePages:        0 kB
Node 1 ShmemPmdMapped:        0 kB
Node 1 FileHugePages:        0 kB
Node 1 FilePmdMapped:        0 kB
Node 1 HugePages_Total:     0
Node 1 HugePages_Free:      0
Node 1 HugePages_Surp:      0

After Opposite Node
Node 0 MemTotal:       24743736 kB
Node 0 MemFree:        24423496 kB
Node 0 MemUsed:          320240 kB
Node 0 Active:            40400 kB
Node 0 Inactive:          78096 kB
Node 0 Active(anon):      15388 kB
Node 0 Inactive(anon):      540 kB
Node 0 Active(file):      25012 kB
Node 0 Inactive(file):    77556 kB
Node 0 Unevictable:        5448 kB
Node 0 Mlocked:            5448 kB
Node 0 Dirty:                32 kB
Node 0 Writeback:             0 kB
Node 0 FilePages:        108772 kB
Node 0 Mapped:            19564 kB
Node 0 AnonPages:         15176 kB
Node 0 Shmem:               752 kB
Node 0 KernelStack:        3192 kB
Node 0 PageTables:          508 kB
Node 0 NFS_Unstable:          0 kB
Node 0 Bounce:                0 kB
Node 0 WritebackTmp:          0 kB
Node 0 KReclaimable:      22856 kB
Node 0 Slab:              55328 kB
Node 0 SReclaimable:      22856 kB
Node 0 SUnreclaim:        32472 kB
Node 0 AnonHugePages:         0 kB
Node 0 ShmemHugePages:        0 kB
Node 0 ShmemPmdMapped:        0 kB
Node 0 FileHugePages:        0 kB
Node 0 FilePmdMapped:        0 kB
Node 0 HugePages_Total:     0
Node 0 HugePages_Free:      0
Node 0 HugePages_Surp:      0

Node 1 MemTotal:       24686196 kB
Node 1 MemFree:        21303492 kB
Node 1 MemUsed:         3382704 kB
Node 1 Active:            59356 kB
Node 1 Inactive:         134124 kB
Node 1 Active(anon):      17640 kB
Node 1 Inactive(anon):      428 kB
Node 1 Active(file):      41716 kB
Node 1 Inactive(file):   133696 kB
Node 1 Unevictable:       13300 kB
Node 1 Mlocked:           13300 kB
Node 1 Dirty:                52 kB
Node 1 Writeback:             0 kB
Node 1 FilePages:        178720 kB
Node 1 Mapped:            43936 kB
Node 1 AnonPages:         28032 kB
Node 1 Shmem:               560 kB
Node 1 KernelStack:        1480 kB
Node 1 PageTables:          768 kB
Node 1 NFS_Unstable:          0 kB
Node 1 Bounce:                0 kB
Node 1 WritebackTmp:          0 kB
Node 1 KReclaimable:      21788 kB
Node 1 Slab:              79752 kB
Node 1 SReclaimable:      21788 kB
Node 1 SUnreclaim:        57964 kB
Node 1 AnonHugePages:         0 kB
Node 1 ShmemHugePages:        0 kB
Node 1 ShmemPmdMapped:        0 kB
Node 1 FileHugePages:        0 kB
Node 1 FilePmdMapped:        0 kB
Node 1 HugePages_Total:     0
Node 1 HugePages_Free:      0
Node 1 HugePages_Surp:      0

After Test
Node 0 MemTotal:       24743736 kB
Node 0 MemFree:        24426172 kB
Node 0 MemUsed:          317564 kB
Node 0 Active:            40664 kB
Node 0 Inactive:          78148 kB
Node 0 Active(anon):      15640 kB
Node 0 Inactive(anon):      584 kB
Node 0 Active(file):      25024 kB
Node 0 Inactive(file):    77564 kB
Node 0 Unevictable:        5448 kB
Node 0 Mlocked:            5448 kB
Node 0 Dirty:                36 kB
Node 0 Writeback:             0 kB
Node 0 FilePages:        108836 kB
Node 0 Mapped:            19608 kB
Node 0 AnonPages:         15296 kB
Node 0 Shmem:               796 kB
Node 0 KernelStack:        3240 kB
Node 0 PageTables:          680 kB
Node 0 NFS_Unstable:          0 kB
Node 0 Bounce:                0 kB
Node 0 WritebackTmp:          0 kB
Node 0 KReclaimable:      22912 kB
Node 0 Slab:              55420 kB
Node 0 SReclaimable:      22912 kB
Node 0 SUnreclaim:        32508 kB
Node 0 AnonHugePages:         0 kB
Node 0 ShmemHugePages:        0 kB
Node 0 ShmemPmdMapped:        0 kB
Node 0 FileHugePages:        0 kB
Node 0 FilePmdMapped:        0 kB
Node 0 HugePages_Total:     0
Node 0 HugePages_Free:      0
Node 0 HugePages_Surp:      0

Node 1 MemTotal:       24686196 kB
Node 1 MemFree:        21075396 kB
Node 1 MemUsed:         3610800 kB
Node 1 Active:            59412 kB
Node 1 Inactive:         133888 kB
Node 1 Active(anon):      17468 kB
Node 1 Inactive(anon):      400 kB
Node 1 Active(file):      41944 kB
Node 1 Inactive(file):   133488 kB
Node 1 Unevictable:       13300 kB
Node 1 Mlocked:           13300 kB
Node 1 Dirty:               148 kB
Node 1 Writeback:             0 kB
Node 1 FilePages:        178696 kB
Node 1 Mapped:            43888 kB
Node 1 AnonPages:         27904 kB
Node 1 Shmem:               516 kB
Node 1 KernelStack:        1432 kB
Node 1 PageTables:          596 kB
Node 1 NFS_Unstable:          0 kB
Node 1 Bounce:                0 kB
Node 1 WritebackTmp:          0 kB
Node 1 KReclaimable:      21788 kB
Node 1 Slab:              80492 kB
Node 1 SReclaimable:      21788 kB
Node 1 SUnreclaim:        58704 kB
Node 1 AnonHugePages:         0 kB
Node 1 ShmemHugePages:        0 kB
Node 1 ShmemPmdMapped:        0 kB
Node 1 FileHugePages:        0 kB
Node 1 FilePmdMapped:        0 kB
Node 1 HugePages_Total:     0
Node 1 HugePages_Free:      0
Node 1 HugePages_Surp:      0

B.0.fio.2G.1.O Complete!
