B.1.doublefio.4G.3.O
Begin
Node 0 MemTotal:       24768352 kB
Node 0 MemFree:        24519852 kB
Node 0 MemUsed:          248500 kB
Node 0 Active:            40804 kB
Node 0 Inactive:          62984 kB
Node 0 Active(anon):      15704 kB
Node 0 Inactive(anon):      436 kB
Node 0 Active(file):      25100 kB
Node 0 Inactive(file):    62548 kB
Node 0 Unevictable:        5388 kB
Node 0 Mlocked:            5388 kB
Node 0 Dirty:               232 kB
Node 0 Writeback:             0 kB
Node 0 FilePages:         93612 kB
Node 0 Mapped:            28812 kB
Node 0 AnonPages:         15664 kB
Node 0 Shmem:               580 kB
Node 0 KernelStack:        2056 kB
Node 0 PageTables:          588 kB
Node 0 NFS_Unstable:          0 kB
Node 0 Bounce:                0 kB
Node 0 WritebackTmp:          0 kB
Node 0 KReclaimable:      21080 kB
Node 0 Slab:              52644 kB
Node 0 SReclaimable:      21080 kB
Node 0 SUnreclaim:        31564 kB
Node 0 AnonHugePages:         0 kB
Node 0 ShmemHugePages:        0 kB
Node 0 ShmemPmdMapped:        0 kB
Node 0 FileHugePages:        0 kB
Node 0 FilePmdMapped:        0 kB
Node 0 HugePages_Total:     0
Node 0 HugePages_Free:      0
Node 0 HugePages_Surp:      0

Node 1 MemTotal:       24661580 kB
Node 1 MemFree:        24293552 kB
Node 1 MemUsed:          368028 kB
Node 1 Active:            53704 kB
Node 1 Inactive:          32636 kB
Node 1 Active(anon):      18152 kB
Node 1 Inactive(anon):      428 kB
Node 1 Active(file):      35552 kB
Node 1 Inactive(file):    32208 kB
Node 1 Unevictable:       13132 kB
Node 1 Mlocked:           13132 kB
Node 1 Dirty:               280 kB
Node 1 Writeback:             0 kB
Node 1 FilePages:         71272 kB
Node 1 Mapped:            17480 kB
Node 1 AnonPages:         28256 kB
Node 1 Shmem:               688 kB
Node 1 KernelStack:        1592 kB
Node 1 PageTables:          508 kB
Node 1 NFS_Unstable:          0 kB
Node 1 Bounce:                0 kB
Node 1 WritebackTmp:          0 kB
Node 1 KReclaimable:      20360 kB
Node 1 Slab:              53628 kB
Node 1 SReclaimable:      20360 kB
Node 1 SUnreclaim:        33268 kB
Node 1 AnonHugePages:         0 kB
Node 1 ShmemHugePages:        0 kB
Node 1 ShmemPmdMapped:        0 kB
Node 1 FileHugePages:        0 kB
Node 1 FilePmdMapped:        0 kB
Node 1 HugePages_Total:     0
Node 1 HugePages_Free:      0
Node 1 HugePages_Surp:      0

Load ZFS
Node 0 MemTotal:       24768352 kB
Node 0 MemFree:        24481884 kB
Node 0 MemUsed:          286468 kB
Node 0 Active:            56720 kB
Node 0 Inactive:          78008 kB
Node 0 Active(anon):      30232 kB
Node 0 Inactive(anon):      424 kB
Node 0 Active(file):      26488 kB
Node 0 Inactive(file):    77584 kB
Node 0 Unevictable:        5388 kB
Node 0 Mlocked:            5388 kB
Node 0 Dirty:               512 kB
Node 0 Writeback:             0 kB
Node 0 FilePages:        110068 kB
Node 0 Mapped:            30768 kB
Node 0 AnonPages:         30116 kB
Node 0 Shmem:               612 kB
Node 0 KernelStack:        2400 kB
Node 0 PageTables:         1768 kB
Node 0 NFS_Unstable:          0 kB
Node 0 Bounce:                0 kB
Node 0 WritebackTmp:          0 kB
Node 0 KReclaimable:      21696 kB
Node 0 Slab:              55904 kB
Node 0 SReclaimable:      21696 kB
Node 0 SUnreclaim:        34208 kB
Node 0 AnonHugePages:         0 kB
Node 0 ShmemHugePages:        0 kB
Node 0 ShmemPmdMapped:        0 kB
Node 0 FileHugePages:        0 kB
Node 0 FilePmdMapped:        0 kB
Node 0 HugePages_Total:     0
Node 0 HugePages_Free:      0
Node 0 HugePages_Surp:      0

Node 1 MemTotal:       24661580 kB
Node 1 MemFree:        24186644 kB
Node 1 MemUsed:          474936 kB
Node 1 Active:            66356 kB
Node 1 Inactive:         121080 kB
Node 1 Active(anon):      29788 kB
Node 1 Inactive(anon):      512 kB
Node 1 Active(file):      36568 kB
Node 1 Inactive(file):   120568 kB
Node 1 Unevictable:       13332 kB
Node 1 Mlocked:           13332 kB
Node 1 Dirty:                32 kB
Node 1 Writeback:             0 kB
Node 1 FilePages:        160596 kB
Node 1 Mapped:            20908 kB
Node 1 AnonPages:         40680 kB
Node 1 Shmem:               656 kB
Node 1 KernelStack:        2044 kB
Node 1 PageTables:         1512 kB
Node 1 NFS_Unstable:          0 kB
Node 1 Bounce:                0 kB
Node 1 WritebackTmp:          0 kB
Node 1 KReclaimable:      21372 kB
Node 1 Slab:              56716 kB
Node 1 SReclaimable:      21372 kB
Node 1 SUnreclaim:        35344 kB
Node 1 AnonHugePages:         0 kB
Node 1 ShmemHugePages:        0 kB
Node 1 ShmemPmdMapped:        0 kB
Node 1 FileHugePages:        0 kB
Node 1 FilePmdMapped:        0 kB
Node 1 HugePages_Total:     0
Node 1 HugePages_Free:      0
Node 1 HugePages_Surp:      0

Import tank ZPool
Node 0 MemTotal:       24768352 kB
Node 0 MemFree:        24461340 kB
Node 0 MemUsed:          307012 kB
Node 0 Active:            56904 kB
Node 0 Inactive:          79164 kB
Node 0 Active(anon):      30104 kB
Node 0 Inactive(anon):      432 kB
Node 0 Active(file):      26800 kB
Node 0 Inactive(file):    78732 kB
Node 0 Unevictable:        5388 kB
Node 0 Mlocked:            5388 kB
Node 0 Dirty:               580 kB
Node 0 Writeback:             0 kB
Node 0 FilePages:        111532 kB
Node 0 Mapped:            30296 kB
Node 0 AnonPages:         29692 kB
Node 0 Shmem:               612 kB
Node 0 KernelStack:        3304 kB
Node 0 PageTables:         1412 kB
Node 0 NFS_Unstable:          0 kB
Node 0 Bounce:                0 kB
Node 0 WritebackTmp:          0 kB
Node 0 KReclaimable:      21796 kB
Node 0 Slab:              62160 kB
Node 0 SReclaimable:      21796 kB
Node 0 SUnreclaim:        40364 kB
Node 0 AnonHugePages:         0 kB
Node 0 ShmemHugePages:        0 kB
Node 0 ShmemPmdMapped:        0 kB
Node 0 FileHugePages:        0 kB
Node 0 FilePmdMapped:        0 kB
Node 0 HugePages_Total:     0
Node 0 HugePages_Free:      0
Node 0 HugePages_Surp:      0

Node 1 MemTotal:       24661580 kB
Node 1 MemFree:        24187220 kB
Node 1 MemUsed:          474360 kB
Node 1 Active:            66004 kB
Node 1 Inactive:         121084 kB
Node 1 Active(anon):      29436 kB
Node 1 Inactive(anon):      516 kB
Node 1 Active(file):      36568 kB
Node 1 Inactive(file):   120568 kB
Node 1 Unevictable:       13364 kB
Node 1 Mlocked:           13364 kB
Node 1 Dirty:                48 kB
Node 1 Writeback:             0 kB
Node 1 FilePages:        160632 kB
Node 1 Mapped:            19892 kB
Node 1 AnonPages:         39852 kB
Node 1 Shmem:               656 kB
Node 1 KernelStack:        1896 kB
Node 1 PageTables:         1408 kB
Node 1 NFS_Unstable:          0 kB
Node 1 Bounce:                0 kB
Node 1 WritebackTmp:          0 kB
Node 1 KReclaimable:      21388 kB
Node 1 Slab:              57252 kB
Node 1 SReclaimable:      21388 kB
Node 1 SUnreclaim:        35864 kB
Node 1 AnonHugePages:         0 kB
Node 1 ShmemHugePages:        0 kB
Node 1 ShmemPmdMapped:        0 kB
Node 1 FileHugePages:        0 kB
Node 1 FilePmdMapped:        0 kB
Node 1 HugePages_Total:     0
Node 1 HugePages_Free:      0
Node 1 HugePages_Surp:      0

After Test
Node 0 MemTotal:       24768352 kB
Node 0 MemFree:        24220840 kB
Node 0 MemUsed:          547512 kB
Node 0 Active:            41960 kB
Node 0 Inactive:          78812 kB
Node 0 Active(anon):      14712 kB
Node 0 Inactive(anon):      420 kB
Node 0 Active(file):      27248 kB
Node 0 Inactive(file):    78392 kB
Node 0 Unevictable:        5388 kB
Node 0 Mlocked:            5388 kB
Node 0 Dirty:                16 kB
Node 0 Writeback:             0 kB
Node 0 FilePages:        111632 kB
Node 0 Mapped:            28820 kB
Node 0 AnonPages:         14524 kB
Node 0 Shmem:               608 kB
Node 0 KernelStack:        3064 kB
Node 0 PageTables:          504 kB
Node 0 NFS_Unstable:          0 kB
Node 0 Bounce:                0 kB
Node 0 WritebackTmp:          0 kB
Node 0 KReclaimable:      21852 kB
Node 0 Slab:              62400 kB
Node 0 SReclaimable:      21852 kB
Node 0 SUnreclaim:        40548 kB
Node 0 AnonHugePages:         0 kB
Node 0 ShmemHugePages:        0 kB
Node 0 ShmemPmdMapped:        0 kB
Node 0 FileHugePages:        0 kB
Node 0 FilePmdMapped:        0 kB
Node 0 HugePages_Total:     0
Node 0 HugePages_Free:      0
Node 0 HugePages_Surp:      0

Node 1 MemTotal:       24661580 kB
Node 1 MemFree:        19417220 kB
Node 1 MemUsed:         5244360 kB
Node 1 Active:            56632 kB
Node 1 Inactive:         121820 kB
Node 1 Active(anon):      18748 kB
Node 1 Inactive(anon):      544 kB
Node 1 Active(file):      37884 kB
Node 1 Inactive(file):   121276 kB
Node 1 Unevictable:       13364 kB
Node 1 Mlocked:           13364 kB
Node 1 Dirty:                16 kB
Node 1 Writeback:             0 kB
Node 1 FilePages:        162672 kB
Node 1 Mapped:            17692 kB
Node 1 AnonPages:         29064 kB
Node 1 Shmem:               704 kB
Node 1 KernelStack:        1576 kB
Node 1 PageTables:          632 kB
Node 1 NFS_Unstable:          0 kB
Node 1 Bounce:                0 kB
Node 1 WritebackTmp:          0 kB
Node 1 KReclaimable:      22756 kB
Node 1 Slab:              78948 kB
Node 1 SReclaimable:      22756 kB
Node 1 SUnreclaim:        56192 kB
Node 1 AnonHugePages:         0 kB
Node 1 ShmemHugePages:        0 kB
Node 1 ShmemPmdMapped:        0 kB
Node 1 FileHugePages:        0 kB
Node 1 FilePmdMapped:        0 kB
Node 1 HugePages_Total:     0
Node 1 HugePages_Free:      0
Node 1 HugePages_Surp:      0

After Opposite Node
Node 0 MemTotal:       24768352 kB
Node 0 MemFree:        24223932 kB
Node 0 MemUsed:          544420 kB
Node 0 Active:            42264 kB
Node 0 Inactive:          78856 kB
Node 0 Active(anon):      14988 kB
Node 0 Inactive(anon):      464 kB
Node 0 Active(file):      27276 kB
Node 0 Inactive(file):    78392 kB
Node 0 Unevictable:        5388 kB
Node 0 Mlocked:            5388 kB
Node 0 Dirty:               144 kB
Node 0 Writeback:             0 kB
Node 0 FilePages:        111704 kB
Node 0 Mapped:            28868 kB
Node 0 AnonPages:         14672 kB
Node 0 Shmem:               652 kB
Node 0 KernelStack:        3096 kB
Node 0 PageTables:          680 kB
Node 0 NFS_Unstable:          0 kB
Node 0 Bounce:                0 kB
Node 0 WritebackTmp:          0 kB
Node 0 KReclaimable:      21900 kB
Node 0 Slab:              62596 kB
Node 0 SReclaimable:      21900 kB
Node 0 SUnreclaim:        40696 kB
Node 0 AnonHugePages:         0 kB
Node 0 ShmemHugePages:        0 kB
Node 0 ShmemPmdMapped:        0 kB
Node 0 FileHugePages:        0 kB
Node 0 FilePmdMapped:        0 kB
Node 0 HugePages_Total:     0
Node 0 HugePages_Free:      0
Node 0 HugePages_Surp:      0

Node 1 MemTotal:       24661580 kB
Node 1 MemFree:        19419704 kB
Node 1 MemUsed:         5241876 kB
Node 1 Active:            56640 kB
Node 1 Inactive:         121644 kB
Node 1 Active(anon):      18588 kB
Node 1 Inactive(anon):      520 kB
Node 1 Active(file):      38052 kB
Node 1 Inactive(file):   121124 kB
Node 1 Unevictable:       13364 kB
Node 1 Mlocked:           13364 kB
Node 1 Dirty:                48 kB
Node 1 Writeback:             0 kB
Node 1 FilePages:        162644 kB
Node 1 Mapped:            17664 kB
Node 1 AnonPages:         29004 kB
Node 1 Shmem:               660 kB
Node 1 KernelStack:        1560 kB
Node 1 PageTables:          512 kB
Node 1 NFS_Unstable:          0 kB
Node 1 Bounce:                0 kB
Node 1 WritebackTmp:          0 kB
Node 1 KReclaimable:      22756 kB
Node 1 Slab:              78820 kB
Node 1 SReclaimable:      22756 kB
Node 1 SUnreclaim:        56064 kB
Node 1 AnonHugePages:         0 kB
Node 1 ShmemHugePages:        0 kB
Node 1 ShmemPmdMapped:        0 kB
Node 1 FileHugePages:        0 kB
Node 1 FilePmdMapped:        0 kB
Node 1 HugePages_Total:     0
Node 1 HugePages_Free:      0
Node 1 HugePages_Surp:      0

B.1.doublefio.4G.3.O Complete!
