B.1.doublefio.500M.2.O
Begin
Node 0 MemTotal:       24768352 kB
Node 0 MemFree:        24555376 kB
Node 0 MemUsed:          212976 kB
Node 0 Active:            58392 kB
Node 0 Inactive:          25964 kB
Node 0 Active(anon):      21216 kB
Node 0 Inactive(anon):      348 kB
Node 0 Active(file):      37176 kB
Node 0 Inactive(file):    25616 kB
Node 0 Unevictable:         948 kB
Node 0 Mlocked:             948 kB
Node 0 Dirty:                52 kB
Node 0 Writeback:             0 kB
Node 0 FilePages:         64292 kB
Node 0 Mapped:            13316 kB
Node 0 AnonPages:         21096 kB
Node 0 Shmem:               528 kB
Node 0 KernelStack:        2200 kB
Node 0 PageTables:          408 kB
Node 0 NFS_Unstable:          0 kB
Node 0 Bounce:                0 kB
Node 0 WritebackTmp:          0 kB
Node 0 KReclaimable:      19836 kB
Node 0 Slab:              45748 kB
Node 0 SReclaimable:      19836 kB
Node 0 SUnreclaim:        25912 kB
Node 0 AnonHugePages:         0 kB
Node 0 ShmemHugePages:        0 kB
Node 0 ShmemPmdMapped:        0 kB
Node 0 FileHugePages:        0 kB
Node 0 FilePmdMapped:        0 kB
Node 0 HugePages_Total:     0
Node 0 HugePages_Free:      0
Node 0 HugePages_Surp:      0

Node 1 MemTotal:       24661580 kB
Node 1 MemFree:        24260052 kB
Node 1 MemUsed:          401528 kB
Node 1 Active:            36220 kB
Node 1 Inactive:          68436 kB
Node 1 Active(anon):      12836 kB
Node 1 Inactive(anon):      520 kB
Node 1 Active(file):      23384 kB
Node 1 Inactive(file):    67916 kB
Node 1 Unevictable:       17576 kB
Node 1 Mlocked:           17576 kB
Node 1 Dirty:               488 kB
Node 1 Writeback:             0 kB
Node 1 FilePages:         99284 kB
Node 1 Mapped:            35120 kB
Node 1 AnonPages:         23080 kB
Node 1 Shmem:               740 kB
Node 1 KernelStack:        1448 kB
Node 1 PageTables:          652 kB
Node 1 NFS_Unstable:          0 kB
Node 1 Bounce:                0 kB
Node 1 WritebackTmp:          0 kB
Node 1 KReclaimable:      21604 kB
Node 1 Slab:              59016 kB
Node 1 SReclaimable:      21604 kB
Node 1 SUnreclaim:        37412 kB
Node 1 AnonHugePages:         0 kB
Node 1 ShmemHugePages:        0 kB
Node 1 ShmemPmdMapped:        0 kB
Node 1 FileHugePages:        0 kB
Node 1 FilePmdMapped:        0 kB
Node 1 HugePages_Total:     0
Node 1 HugePages_Free:      0
Node 1 HugePages_Surp:      0

Load ZFS
Node 0 MemTotal:       24768352 kB
Node 0 MemFree:        24511132 kB
Node 0 MemUsed:          257220 kB
Node 0 Active:            73360 kB
Node 0 Inactive:          50096 kB
Node 0 Active(anon):      34352 kB
Node 0 Inactive(anon):      488 kB
Node 0 Active(file):      39008 kB
Node 0 Inactive(file):    49608 kB
Node 0 Unevictable:         948 kB
Node 0 Mlocked:             948 kB
Node 0 Dirty:                84 kB
Node 0 Writeback:             0 kB
Node 0 FilePages:         90184 kB
Node 0 Mapped:            15996 kB
Node 0 AnonPages:         34092 kB
Node 0 Shmem:               620 kB
Node 0 KernelStack:        2524 kB
Node 0 PageTables:         1148 kB
Node 0 NFS_Unstable:          0 kB
Node 0 Bounce:                0 kB
Node 0 WritebackTmp:          0 kB
Node 0 KReclaimable:      20652 kB
Node 0 Slab:              49228 kB
Node 0 SReclaimable:      20652 kB
Node 0 SUnreclaim:        28576 kB
Node 0 AnonHugePages:         0 kB
Node 0 ShmemHugePages:        0 kB
Node 0 ShmemPmdMapped:        0 kB
Node 0 FileHugePages:        0 kB
Node 0 FilePmdMapped:        0 kB
Node 0 HugePages_Total:     0
Node 0 HugePages_Free:      0
Node 0 HugePages_Surp:      0

Node 1 MemTotal:       24661580 kB
Node 1 MemFree:        24159188 kB
Node 1 MemUsed:          502392 kB
Node 1 Active:            50432 kB
Node 1 Inactive:         147756 kB
Node 1 Active(anon):      26452 kB
Node 1 Inactive(anon):      456 kB
Node 1 Active(file):      23980 kB
Node 1 Inactive(file):   147300 kB
Node 1 Unevictable:       17808 kB
Node 1 Mlocked:           17808 kB
Node 1 Dirty:               468 kB
Node 1 Writeback:             0 kB
Node 1 FilePages:        179172 kB
Node 1 Mapped:            36648 kB
Node 1 AnonPages:         36824 kB
Node 1 Shmem:               648 kB
Node 1 KernelStack:        1680 kB
Node 1 PageTables:         1648 kB
Node 1 NFS_Unstable:          0 kB
Node 1 Bounce:                0 kB
Node 1 WritebackTmp:          0 kB
Node 1 KReclaimable:      22576 kB
Node 1 Slab:              63000 kB
Node 1 SReclaimable:      22576 kB
Node 1 SUnreclaim:        40424 kB
Node 1 AnonHugePages:         0 kB
Node 1 ShmemHugePages:        0 kB
Node 1 ShmemPmdMapped:        0 kB
Node 1 FileHugePages:        0 kB
Node 1 FilePmdMapped:        0 kB
Node 1 HugePages_Total:     0
Node 1 HugePages_Free:      0
Node 1 HugePages_Surp:      0

Import tank ZPool
Node 0 MemTotal:       24768352 kB
Node 0 MemFree:        24507924 kB
Node 0 MemUsed:          260428 kB
Node 0 Active:            61612 kB
Node 0 Inactive:          51156 kB
Node 0 Active(anon):      22120 kB
Node 0 Inactive(anon):      496 kB
Node 0 Active(file):      39492 kB
Node 0 Inactive(file):    50660 kB
Node 0 Unevictable:         948 kB
Node 0 Mlocked:             948 kB
Node 0 Dirty:               120 kB
Node 0 Writeback:             0 kB
Node 0 FilePages:         91748 kB
Node 0 Mapped:            13780 kB
Node 0 AnonPages:         21256 kB
Node 0 Shmem:               628 kB
Node 0 KernelStack:        3528 kB
Node 0 PageTables:          856 kB
Node 0 NFS_Unstable:          0 kB
Node 0 Bounce:                0 kB
Node 0 WritebackTmp:          0 kB
Node 0 KReclaimable:      20768 kB
Node 0 Slab:              54936 kB
Node 0 SReclaimable:      20768 kB
Node 0 SUnreclaim:        34168 kB
Node 0 AnonHugePages:         0 kB
Node 0 ShmemHugePages:        0 kB
Node 0 ShmemPmdMapped:        0 kB
Node 0 FileHugePages:        0 kB
Node 0 FilePmdMapped:        0 kB
Node 0 HugePages_Total:     0
Node 0 HugePages_Free:      0
Node 0 HugePages_Surp:      0

Node 1 MemTotal:       24661580 kB
Node 1 MemFree:        24173620 kB
Node 1 MemUsed:          487960 kB
Node 1 Active:            37888 kB
Node 1 Inactive:         147628 kB
Node 1 Active(anon):      13784 kB
Node 1 Inactive(anon):      452 kB
Node 1 Active(file):      24104 kB
Node 1 Inactive(file):   147176 kB
Node 1 Unevictable:       17808 kB
Node 1 Mlocked:           17808 kB
Node 1 Dirty:               424 kB
Node 1 Writeback:             0 kB
Node 1 FilePages:        179164 kB
Node 1 Mapped:            36080 kB
Node 1 AnonPages:         23608 kB
Node 1 Shmem:               640 kB
Node 1 KernelStack:        1544 kB
Node 1 PageTables:         1208 kB
Node 1 NFS_Unstable:          0 kB
Node 1 Bounce:                0 kB
Node 1 WritebackTmp:          0 kB
Node 1 KReclaimable:      22584 kB
Node 1 Slab:              62956 kB
Node 1 SReclaimable:      22584 kB
Node 1 SUnreclaim:        40372 kB
Node 1 AnonHugePages:         0 kB
Node 1 ShmemHugePages:        0 kB
Node 1 ShmemPmdMapped:        0 kB
Node 1 FileHugePages:        0 kB
Node 1 FilePmdMapped:        0 kB
Node 1 HugePages_Total:     0
Node 1 HugePages_Free:      0
Node 1 HugePages_Surp:      0

After Test
Node 0 MemTotal:       24768352 kB
Node 0 MemFree:        24206836 kB
Node 0 MemUsed:          561516 kB
Node 0 Active:            60716 kB
Node 0 Inactive:          50728 kB
Node 0 Active(anon):      20740 kB
Node 0 Inactive(anon):      492 kB
Node 0 Active(file):      39976 kB
Node 0 Inactive(file):    50236 kB
Node 0 Unevictable:         948 kB
Node 0 Mlocked:             948 kB
Node 0 Dirty:               128 kB
Node 0 Writeback:             0 kB
Node 0 FilePages:         91788 kB
Node 0 Mapped:            13324 kB
Node 0 AnonPages:         20604 kB
Node 0 Shmem:               628 kB
Node 0 KernelStack:        3352 kB
Node 0 PageTables:          432 kB
Node 0 NFS_Unstable:          0 kB
Node 0 Bounce:                0 kB
Node 0 WritebackTmp:          0 kB
Node 0 KReclaimable:      20768 kB
Node 0 Slab:              55972 kB
Node 0 SReclaimable:      20768 kB
Node 0 SUnreclaim:        35204 kB
Node 0 AnonHugePages:         0 kB
Node 0 ShmemHugePages:        0 kB
Node 0 ShmemPmdMapped:        0 kB
Node 0 FileHugePages:        0 kB
Node 0 FilePmdMapped:        0 kB
Node 0 HugePages_Total:     0
Node 0 HugePages_Free:      0
Node 0 HugePages_Surp:      0

Node 1 MemTotal:       24661580 kB
Node 1 MemFree:        23412292 kB
Node 1 MemUsed:         1249288 kB
Node 1 Active:            38072 kB
Node 1 Inactive:         148532 kB
Node 1 Active(anon):      12912 kB
Node 1 Inactive(anon):      476 kB
Node 1 Active(file):      25160 kB
Node 1 Inactive(file):   148056 kB
Node 1 Unevictable:       17808 kB
Node 1 Mlocked:           17808 kB
Node 1 Dirty:               444 kB
Node 1 Writeback:             0 kB
Node 1 FilePages:        181144 kB
Node 1 Mapped:            35380 kB
Node 1 AnonPages:         23232 kB
Node 1 Shmem:               684 kB
Node 1 KernelStack:        1400 kB
Node 1 PageTables:          764 kB
Node 1 NFS_Unstable:          0 kB
Node 1 Bounce:                0 kB
Node 1 WritebackTmp:          0 kB
Node 1 KReclaimable:      23868 kB
Node 1 Slab:              69488 kB
Node 1 SReclaimable:      23868 kB
Node 1 SUnreclaim:        45620 kB
Node 1 AnonHugePages:         0 kB
Node 1 ShmemHugePages:        0 kB
Node 1 ShmemPmdMapped:        0 kB
Node 1 FileHugePages:        0 kB
Node 1 FilePmdMapped:        0 kB
Node 1 HugePages_Total:     0
Node 1 HugePages_Free:      0
Node 1 HugePages_Surp:      0

After Opposite Node
Node 0 MemTotal:       24768352 kB
Node 0 MemFree:        24207252 kB
Node 0 MemUsed:          561100 kB
Node 0 Active:            60848 kB
Node 0 Inactive:          50760 kB
Node 0 Active(anon):      20844 kB
Node 0 Inactive(anon):      528 kB
Node 0 Active(file):      40004 kB
Node 0 Inactive(file):    50232 kB
Node 0 Unevictable:         948 kB
Node 0 Mlocked:             948 kB
Node 0 Dirty:               148 kB
Node 0 Writeback:             0 kB
Node 0 FilePages:         91856 kB
Node 0 Mapped:            13368 kB
Node 0 AnonPages:         20616 kB
Node 0 Shmem:               672 kB
Node 0 KernelStack:        3432 kB
Node 0 PageTables:          600 kB
Node 0 NFS_Unstable:          0 kB
Node 0 Bounce:                0 kB
Node 0 WritebackTmp:          0 kB
Node 0 KReclaimable:      20816 kB
Node 0 Slab:              56096 kB
Node 0 SReclaimable:      20816 kB
Node 0 SUnreclaim:        35280 kB
Node 0 AnonHugePages:         0 kB
Node 0 ShmemHugePages:        0 kB
Node 0 ShmemPmdMapped:        0 kB
Node 0 FileHugePages:        0 kB
Node 0 FilePmdMapped:        0 kB
Node 0 HugePages_Total:     0
Node 0 HugePages_Free:      0
Node 0 HugePages_Surp:      0

Node 1 MemTotal:       24661580 kB
Node 1 MemFree:        23412380 kB
Node 1 MemUsed:         1249200 kB
Node 1 Active:            38060 kB
Node 1 Inactive:         148340 kB
Node 1 Active(anon):      12728 kB
Node 1 Inactive(anon):      448 kB
Node 1 Active(file):      25332 kB
Node 1 Inactive(file):   147892 kB
Node 1 Unevictable:       17808 kB
Node 1 Mlocked:           17808 kB
Node 1 Dirty:               452 kB
Node 1 Writeback:             0 kB
Node 1 FilePages:        181108 kB
Node 1 Mapped:            35332 kB
Node 1 AnonPages:         23096 kB
Node 1 Shmem:               640 kB
Node 1 KernelStack:        1384 kB
Node 1 PageTables:          584 kB
Node 1 NFS_Unstable:          0 kB
Node 1 Bounce:                0 kB
Node 1 WritebackTmp:          0 kB
Node 1 KReclaimable:      23868 kB
Node 1 Slab:              69488 kB
Node 1 SReclaimable:      23868 kB
Node 1 SUnreclaim:        45620 kB
Node 1 AnonHugePages:         0 kB
Node 1 ShmemHugePages:        0 kB
Node 1 ShmemPmdMapped:        0 kB
Node 1 FileHugePages:        0 kB
Node 1 FilePmdMapped:        0 kB
Node 1 HugePages_Total:     0
Node 1 HugePages_Free:      0
Node 1 HugePages_Surp:      0

B.1.doublefio.500M.2.O Complete!
