B.1.doublefio.4G.1.O
Begin
Node 0 MemTotal:       24768352 kB
Node 0 MemFree:        24326036 kB
Node 0 MemUsed:          442316 kB
Node 0 Active:            67104 kB
Node 0 Inactive:          72476 kB
Node 0 Active(anon):      20828 kB
Node 0 Inactive(anon):      484 kB
Node 0 Active(file):      46276 kB
Node 0 Inactive(file):    71992 kB
Node 0 Unevictable:       18044 kB
Node 0 Mlocked:           18044 kB
Node 0 Dirty:               196 kB
Node 0 Writeback:             0 kB
Node 0 FilePages:        126704 kB
Node 0 Mapped:            39584 kB
Node 0 AnonPages:         31072 kB
Node 0 Shmem:               724 kB
Node 0 KernelStack:        2296 kB
Node 0 PageTables:          668 kB
Node 0 NFS_Unstable:          0 kB
Node 0 Bounce:                0 kB
Node 0 WritebackTmp:          0 kB
Node 0 KReclaimable:      19040 kB
Node 0 Slab:              58972 kB
Node 0 SReclaimable:      19040 kB
Node 0 SUnreclaim:        39932 kB
Node 0 AnonHugePages:         0 kB
Node 0 ShmemHugePages:        0 kB
Node 0 ShmemPmdMapped:        0 kB
Node 0 FileHugePages:        0 kB
Node 0 FilePmdMapped:        0 kB
Node 0 HugePages_Total:     0
Node 0 HugePages_Free:      0
Node 0 HugePages_Surp:      0

Node 1 MemTotal:       24661580 kB
Node 1 MemFree:        24484212 kB
Node 1 MemUsed:          177368 kB
Node 1 Active:            27004 kB
Node 1 Inactive:          27068 kB
Node 1 Active(anon):      12984 kB
Node 1 Inactive(anon):      384 kB
Node 1 Active(file):      14020 kB
Node 1 Inactive(file):    26684 kB
Node 1 Unevictable:         480 kB
Node 1 Mlocked:             480 kB
Node 1 Dirty:               352 kB
Node 1 Writeback:             0 kB
Node 1 FilePages:         41788 kB
Node 1 Mapped:            13404 kB
Node 1 AnonPages:         12824 kB
Node 1 Shmem:               544 kB
Node 1 KernelStack:        1336 kB
Node 1 PageTables:          436 kB
Node 1 NFS_Unstable:          0 kB
Node 1 Bounce:                0 kB
Node 1 WritebackTmp:          0 kB
Node 1 KReclaimable:      22732 kB
Node 1 Slab:              47204 kB
Node 1 SReclaimable:      22732 kB
Node 1 SUnreclaim:        24472 kB
Node 1 AnonHugePages:         0 kB
Node 1 ShmemHugePages:        0 kB
Node 1 ShmemPmdMapped:        0 kB
Node 1 FileHugePages:        0 kB
Node 1 FilePmdMapped:        0 kB
Node 1 HugePages_Total:     0
Node 1 HugePages_Free:      0
Node 1 HugePages_Surp:      0

Load ZFS
Node 0 MemTotal:       24768352 kB
Node 0 MemFree:        24424296 kB
Node 0 MemUsed:          344056 kB
Node 0 Active:            84024 kB
Node 0 Inactive:          88520 kB
Node 0 Active(anon):      36884 kB
Node 0 Inactive(anon):      576 kB
Node 0 Active(file):      47140 kB
Node 0 Inactive(file):    87944 kB
Node 0 Unevictable:       18128 kB
Node 0 Mlocked:           18128 kB
Node 0 Dirty:               312 kB
Node 0 Writeback:            24 kB
Node 0 FilePages:        143616 kB
Node 0 Mapped:            42676 kB
Node 0 AnonPages:         47448 kB
Node 0 Shmem:               820 kB
Node 0 KernelStack:        2612 kB
Node 0 PageTables:         1228 kB
Node 0 NFS_Unstable:          0 kB
Node 0 Bounce:                0 kB
Node 0 WritebackTmp:          0 kB
Node 0 KReclaimable:      19776 kB
Node 0 Slab:              61532 kB
Node 0 SReclaimable:      19776 kB
Node 0 SUnreclaim:        41756 kB
Node 0 AnonHugePages:         0 kB
Node 0 ShmemHugePages:        0 kB
Node 0 ShmemPmdMapped:        0 kB
Node 0 FileHugePages:        0 kB
Node 0 FilePmdMapped:        0 kB
Node 0 HugePages_Total:     0
Node 0 HugePages_Free:      0
Node 0 HugePages_Surp:      0

Node 1 MemTotal:       24661580 kB
Node 1 MemFree:        24241276 kB
Node 1 MemUsed:          420304 kB
Node 1 Active:            38476 kB
Node 1 Inactive:         114408 kB
Node 1 Active(anon):      22812 kB
Node 1 Inactive(anon):      368 kB
Node 1 Active(file):      15664 kB
Node 1 Inactive(file):   114040 kB
Node 1 Unevictable:         612 kB
Node 1 Mlocked:             612 kB
Node 1 Dirty:               204 kB
Node 1 Writeback:            12 kB
Node 1 FilePages:        130636 kB
Node 1 Mapped:            14548 kB
Node 1 AnonPages:         22416 kB
Node 1 Shmem:               448 kB
Node 1 KernelStack:        1736 kB
Node 1 PageTables:         1248 kB
Node 1 NFS_Unstable:          0 kB
Node 1 Bounce:                0 kB
Node 1 WritebackTmp:          0 kB
Node 1 KReclaimable:      23684 kB
Node 1 Slab:              51992 kB
Node 1 SReclaimable:      23684 kB
Node 1 SUnreclaim:        28308 kB
Node 1 AnonHugePages:         0 kB
Node 1 ShmemHugePages:        0 kB
Node 1 ShmemPmdMapped:        0 kB
Node 1 FileHugePages:        0 kB
Node 1 FilePmdMapped:        0 kB
Node 1 HugePages_Total:     0
Node 1 HugePages_Free:      0
Node 1 HugePages_Surp:      0

Import tank ZPool
Node 0 MemTotal:       24768352 kB
Node 0 MemFree:        24425532 kB
Node 0 MemUsed:          342820 kB
Node 0 Active:            83892 kB
Node 0 Inactive:          88508 kB
Node 0 Active(anon):      36744 kB
Node 0 Inactive(anon):      572 kB
Node 0 Active(file):      47148 kB
Node 0 Inactive(file):    87936 kB
Node 0 Unevictable:       18144 kB
Node 0 Mlocked:           18144 kB
Node 0 Dirty:               268 kB
Node 0 Writeback:             0 kB
Node 0 FilePages:        143612 kB
Node 0 Mapped:            42388 kB
Node 0 AnonPages:         46928 kB
Node 0 Shmem:               816 kB
Node 0 KernelStack:        2568 kB
Node 0 PageTables:         1408 kB
Node 0 NFS_Unstable:          0 kB
Node 0 Bounce:                0 kB
Node 0 WritebackTmp:          0 kB
Node 0 KReclaimable:      19776 kB
Node 0 Slab:              61724 kB
Node 0 SReclaimable:      19776 kB
Node 0 SUnreclaim:        41948 kB
Node 0 AnonHugePages:         0 kB
Node 0 ShmemHugePages:        0 kB
Node 0 ShmemPmdMapped:        0 kB
Node 0 FileHugePages:        0 kB
Node 0 FilePmdMapped:        0 kB
Node 0 HugePages_Total:     0
Node 0 HugePages_Free:      0
Node 0 HugePages_Surp:      0

Node 1 MemTotal:       24661580 kB
Node 1 MemFree:        24226040 kB
Node 1 MemUsed:          435540 kB
Node 1 Active:            38268 kB
Node 1 Inactive:         115556 kB
Node 1 Active(anon):      22260 kB
Node 1 Inactive(anon):      376 kB
Node 1 Active(file):      16008 kB
Node 1 Inactive(file):   115180 kB
Node 1 Unevictable:         612 kB
Node 1 Mlocked:             612 kB
Node 1 Dirty:               288 kB
Node 1 Writeback:             0 kB
Node 1 FilePages:        132124 kB
Node 1 Mapped:            14448 kB
Node 1 AnonPages:         21968 kB
Node 1 Shmem:               452 kB
Node 1 KernelStack:        2680 kB
Node 1 PageTables:         1120 kB
Node 1 NFS_Unstable:          0 kB
Node 1 Bounce:                0 kB
Node 1 WritebackTmp:          0 kB
Node 1 KReclaimable:      23792 kB
Node 1 Slab:              58248 kB
Node 1 SReclaimable:      23792 kB
Node 1 SUnreclaim:        34456 kB
Node 1 AnonHugePages:         0 kB
Node 1 ShmemHugePages:        0 kB
Node 1 ShmemPmdMapped:        0 kB
Node 1 FileHugePages:        0 kB
Node 1 FilePmdMapped:        0 kB
Node 1 HugePages_Total:     0
Node 1 HugePages_Free:      0
Node 1 HugePages_Surp:      0

After Test
Node 0 MemTotal:       24768352 kB
Node 0 MemFree:        23738848 kB
Node 0 MemUsed:         1029504 kB
Node 0 Active:            66892 kB
Node 0 Inactive:          88116 kB
Node 0 Active(anon):      19364 kB
Node 0 Inactive(anon):      560 kB
Node 0 Active(file):      47528 kB
Node 0 Inactive(file):    87556 kB
Node 0 Unevictable:       18144 kB
Node 0 Mlocked:           18144 kB
Node 0 Dirty:                16 kB
Node 0 Writeback:             0 kB
Node 0 FilePages:        143608 kB
Node 0 Mapped:            39596 kB
Node 0 AnonPages:         29540 kB
Node 0 Shmem:               812 kB
Node 0 KernelStack:        2248 kB
Node 0 PageTables:          604 kB
Node 0 NFS_Unstable:          0 kB
Node 0 Bounce:                0 kB
Node 0 WritebackTmp:          0 kB
Node 0 KReclaimable:      19800 kB
Node 0 Slab:              64192 kB
Node 0 SReclaimable:      19800 kB
Node 0 SUnreclaim:        44392 kB
Node 0 AnonHugePages:         0 kB
Node 0 ShmemHugePages:        0 kB
Node 0 ShmemPmdMapped:        0 kB
Node 0 FileHugePages:        0 kB
Node 0 FilePmdMapped:        0 kB
Node 0 HugePages_Total:     0
Node 0 HugePages_Free:      0
Node 0 HugePages_Surp:      0

Node 1 MemTotal:       24661580 kB
Node 1 MemFree:        19895900 kB
Node 1 MemUsed:         4765680 kB
Node 1 Active:            31520 kB
Node 1 Inactive:         116212 kB
Node 1 Active(anon):      14040 kB
Node 1 Inactive(anon):      404 kB
Node 1 Active(file):      17480 kB
Node 1 Inactive(file):   115808 kB
Node 1 Unevictable:         612 kB
Node 1 Mlocked:             612 kB
Node 1 Dirty:                16 kB
Node 1 Writeback:             0 kB
Node 1 FilePages:        134268 kB
Node 1 Mapped:            13636 kB
Node 1 AnonPages:         13996 kB
Node 1 Shmem:               500 kB
Node 1 KernelStack:        2424 kB
Node 1 PageTables:          576 kB
Node 1 NFS_Unstable:          0 kB
Node 1 Bounce:                0 kB
Node 1 WritebackTmp:          0 kB
Node 1 KReclaimable:      25320 kB
Node 1 Slab:              77416 kB
Node 1 SReclaimable:      25320 kB
Node 1 SUnreclaim:        52096 kB
Node 1 AnonHugePages:         0 kB
Node 1 ShmemHugePages:        0 kB
Node 1 ShmemPmdMapped:        0 kB
Node 1 FileHugePages:        0 kB
Node 1 FilePmdMapped:        0 kB
Node 1 HugePages_Total:     0
Node 1 HugePages_Free:      0
Node 1 HugePages_Surp:      0

After Opposite Node
Node 0 MemTotal:       24768352 kB
Node 0 MemFree:        23739200 kB
Node 0 MemUsed:         1029152 kB
Node 0 Active:            67084 kB
Node 0 Inactive:          88164 kB
Node 0 Active(anon):      19552 kB
Node 0 Inactive(anon):      596 kB
Node 0 Active(file):      47532 kB
Node 0 Inactive(file):    87568 kB
Node 0 Unevictable:       18144 kB
Node 0 Mlocked:           18144 kB
Node 0 Dirty:                72 kB
Node 0 Writeback:             0 kB
Node 0 FilePages:        143668 kB
Node 0 Mapped:            39640 kB
Node 0 AnonPages:         29588 kB
Node 0 Shmem:               856 kB
Node 0 KernelStack:        2248 kB
Node 0 PageTables:          716 kB
Node 0 NFS_Unstable:          0 kB
Node 0 Bounce:                0 kB
Node 0 WritebackTmp:          0 kB
Node 0 KReclaimable:      19836 kB
Node 0 Slab:              64396 kB
Node 0 SReclaimable:      19836 kB
Node 0 SUnreclaim:        44560 kB
Node 0 AnonHugePages:         0 kB
Node 0 ShmemHugePages:        0 kB
Node 0 ShmemPmdMapped:        0 kB
Node 0 FileHugePages:        0 kB
Node 0 FilePmdMapped:        0 kB
Node 0 HugePages_Total:     0
Node 0 HugePages_Free:      0
Node 0 HugePages_Surp:      0

Node 1 MemTotal:       24661580 kB
Node 1 MemFree:        19896868 kB
Node 1 MemUsed:         4764712 kB
Node 1 Active:            31604 kB
Node 1 Inactive:         115976 kB
Node 1 Active(anon):      13884 kB
Node 1 Inactive(anon):      380 kB
Node 1 Active(file):      17720 kB
Node 1 Inactive(file):   115596 kB
Node 1 Unevictable:         612 kB
Node 1 Mlocked:             612 kB
Node 1 Dirty:               112 kB
Node 1 Writeback:             0 kB
Node 1 FilePages:        134252 kB
Node 1 Mapped:            13616 kB
Node 1 AnonPages:         13944 kB
Node 1 Shmem:               456 kB
Node 1 KernelStack:        2424 kB
Node 1 PageTables:          464 kB
Node 1 NFS_Unstable:          0 kB
Node 1 Bounce:                0 kB
Node 1 WritebackTmp:          0 kB
Node 1 KReclaimable:      25320 kB
Node 1 Slab:              77428 kB
Node 1 SReclaimable:      25320 kB
Node 1 SUnreclaim:        52108 kB
Node 1 AnonHugePages:         0 kB
Node 1 ShmemHugePages:        0 kB
Node 1 ShmemPmdMapped:        0 kB
Node 1 FileHugePages:        0 kB
Node 1 FilePmdMapped:        0 kB
Node 1 HugePages_Total:     0
Node 1 HugePages_Free:      0
Node 1 HugePages_Surp:      0

B.1.doublefio.4G.1.O Complete!
