U.1.huge-simpleread.250M.2.O.1M
Begin
Node 0 MemTotal:       24768352 kB
Node 0 MemFree:        24495980 kB
Node 0 MemUsed:          272372 kB
Node 0 Active:            31336 kB
Node 0 Inactive:         103848 kB
Node 0 Active(anon):       9396 kB
Node 0 Inactive(anon):      540 kB
Node 0 Active(file):      21940 kB
Node 0 Inactive(file):   103308 kB
Node 0 Unevictable:        5360 kB
Node 0 Mlocked:            5360 kB
Node 0 Dirty:               576 kB
Node 0 Writeback:             0 kB
Node 0 FilePages:        131332 kB
Node 0 Mapped:            63996 kB
Node 0 AnonPages:          9244 kB
Node 0 Shmem:               728 kB
Node 0 KernelStack:        2152 kB
Node 0 PageTables:          700 kB
Node 0 NFS_Unstable:          0 kB
Node 0 Bounce:                0 kB
Node 0 WritebackTmp:          0 kB
Node 0 KReclaimable:      21880 kB
Node 0 Slab:              51024 kB
Node 0 SReclaimable:      21880 kB
Node 0 SUnreclaim:        29144 kB
Node 0 AnonHugePages:         0 kB
Node 0 ShmemHugePages:        0 kB
Node 0 ShmemPmdMapped:        0 kB
Node 0 FileHugePages:        0 kB
Node 0 FilePmdMapped:        0 kB
Node 0 HugePages_Total:     0
Node 0 HugePages_Free:      0
Node 0 HugePages_Surp:      0

Node 1 MemTotal:       24661580 kB
Node 1 MemFree:        24278776 kB
Node 1 MemUsed:          382804 kB
Node 1 Active:            63680 kB
Node 1 Inactive:          28744 kB
Node 1 Active(anon):      24492 kB
Node 1 Inactive(anon):      320 kB
Node 1 Active(file):      39188 kB
Node 1 Inactive(file):    28424 kB
Node 1 Unevictable:       13160 kB
Node 1 Mlocked:           13160 kB
Node 1 Dirty:               136 kB
Node 1 Writeback:             0 kB
Node 1 FilePages:         71040 kB
Node 1 Mapped:            17636 kB
Node 1 AnonPages:         34652 kB
Node 1 Shmem:               540 kB
Node 1 KernelStack:        1448 kB
Node 1 PageTables:          560 kB
Node 1 NFS_Unstable:          0 kB
Node 1 Bounce:                0 kB
Node 1 WritebackTmp:          0 kB
Node 1 KReclaimable:      19708 kB
Node 1 Slab:              54620 kB
Node 1 SReclaimable:      19708 kB
Node 1 SUnreclaim:        34912 kB
Node 1 AnonHugePages:         0 kB
Node 1 ShmemHugePages:        0 kB
Node 1 ShmemPmdMapped:        0 kB
Node 1 FileHugePages:        0 kB
Node 1 FilePmdMapped:        0 kB
Node 1 HugePages_Total:     0
Node 1 HugePages_Free:      0
Node 1 HugePages_Surp:      0

Load ZFS
Node 0 MemTotal:       24768352 kB
Node 0 MemFree:        24489872 kB
Node 0 MemUsed:          278480 kB
Node 0 Active:            35040 kB
Node 0 Inactive:         104024 kB
Node 0 Active(anon):      12908 kB
Node 0 Inactive(anon):      540 kB
Node 0 Active(file):      22132 kB
Node 0 Inactive(file):   103484 kB
Node 0 Unevictable:        5360 kB
Node 0 Mlocked:            5360 kB
Node 0 Dirty:               128 kB
Node 0 Writeback:             0 kB
Node 0 FilePages:        131700 kB
Node 0 Mapped:            63996 kB
Node 0 AnonPages:         12812 kB
Node 0 Shmem:               728 kB
Node 0 KernelStack:        2232 kB
Node 0 PageTables:          868 kB
Node 0 NFS_Unstable:          0 kB
Node 0 Bounce:                0 kB
Node 0 WritebackTmp:          0 kB
Node 0 KReclaimable:      22392 kB
Node 0 Slab:              52948 kB
Node 0 SReclaimable:      22392 kB
Node 0 SUnreclaim:        30556 kB
Node 0 AnonHugePages:         0 kB
Node 0 ShmemHugePages:        0 kB
Node 0 ShmemPmdMapped:        0 kB
Node 0 FileHugePages:        0 kB
Node 0 FilePmdMapped:        0 kB
Node 0 HugePages_Total:     0
Node 0 HugePages_Free:      0
Node 0 HugePages_Surp:      0

Node 1 MemTotal:       24661580 kB
Node 1 MemFree:        24274504 kB
Node 1 MemUsed:          387076 kB
Node 1 Active:            70744 kB
Node 1 Inactive:          24496 kB
Node 1 Active(anon):      25108 kB
Node 1 Inactive(anon):      320 kB
Node 1 Active(file):      45636 kB
Node 1 Inactive(file):    24176 kB
Node 1 Unevictable:       13160 kB
Node 1 Mlocked:           13160 kB
Node 1 Dirty:                20 kB
Node 1 Writeback:             0 kB
Node 1 FilePages:         73188 kB
Node 1 Mapped:            17796 kB
Node 1 AnonPages:         35132 kB
Node 1 Shmem:               540 kB
Node 1 KernelStack:        1480 kB
Node 1 PageTables:          588 kB
Node 1 NFS_Unstable:          0 kB
Node 1 Bounce:                0 kB
Node 1 WritebackTmp:          0 kB
Node 1 KReclaimable:      20160 kB
Node 1 Slab:              56340 kB
Node 1 SReclaimable:      20160 kB
Node 1 SUnreclaim:        36180 kB
Node 1 AnonHugePages:         0 kB
Node 1 ShmemHugePages:        0 kB
Node 1 ShmemPmdMapped:        0 kB
Node 1 FileHugePages:        0 kB
Node 1 FilePmdMapped:        0 kB
Node 1 HugePages_Total:     0
Node 1 HugePages_Free:      0
Node 1 HugePages_Surp:      0

Import tank ZPool
Node 0 MemTotal:       24768352 kB
Node 0 MemFree:        24478500 kB
Node 0 MemUsed:          289852 kB
Node 0 Active:            30972 kB
Node 0 Inactive:         104028 kB
Node 0 Active(anon):       8840 kB
Node 0 Inactive(anon):      540 kB
Node 0 Active(file):      22132 kB
Node 0 Inactive(file):   103488 kB
Node 0 Unevictable:        5360 kB
Node 0 Mlocked:            5360 kB
Node 0 Dirty:               204 kB
Node 0 Writeback:             0 kB
Node 0 FilePages:        131704 kB
Node 0 Mapped:            64280 kB
Node 0 AnonPages:          8652 kB
Node 0 Shmem:               728 kB
Node 0 KernelStack:        3240 kB
Node 0 PageTables:          644 kB
Node 0 NFS_Unstable:          0 kB
Node 0 Bounce:                0 kB
Node 0 WritebackTmp:          0 kB
Node 0 KReclaimable:      22392 kB
Node 0 Slab:              55676 kB
Node 0 SReclaimable:      22392 kB
Node 0 SUnreclaim:        33284 kB
Node 0 AnonHugePages:         0 kB
Node 0 ShmemHugePages:        0 kB
Node 0 ShmemPmdMapped:        0 kB
Node 0 FileHugePages:        0 kB
Node 0 FilePmdMapped:        0 kB
Node 0 HugePages_Total:     0
Node 0 HugePages_Free:      0
Node 0 HugePages_Surp:      0

Node 1 MemTotal:       24661580 kB
Node 1 MemFree:        24268132 kB
Node 1 MemUsed:          393448 kB
Node 1 Active:            70984 kB
Node 1 Inactive:          25616 kB
Node 1 Active(anon):      24700 kB
Node 1 Inactive(anon):      324 kB
Node 1 Active(file):      46284 kB
Node 1 Inactive(file):    25292 kB
Node 1 Unevictable:       13160 kB
Node 1 Mlocked:           13160 kB
Node 1 Dirty:                72 kB
Node 1 Writeback:             0 kB
Node 1 FilePages:         74980 kB
Node 1 Mapped:            18004 kB
Node 1 AnonPages:         34900 kB
Node 1 Shmem:               540 kB
Node 1 KernelStack:        1464 kB
Node 1 PageTables:          672 kB
Node 1 NFS_Unstable:          0 kB
Node 1 Bounce:                0 kB
Node 1 WritebackTmp:          0 kB
Node 1 KReclaimable:      20276 kB
Node 1 Slab:              61296 kB
Node 1 SReclaimable:      20276 kB
Node 1 SUnreclaim:        41020 kB
Node 1 AnonHugePages:         0 kB
Node 1 ShmemHugePages:        0 kB
Node 1 ShmemPmdMapped:        0 kB
Node 1 FileHugePages:        0 kB
Node 1 FilePmdMapped:        0 kB
Node 1 HugePages_Total:     0
Node 1 HugePages_Free:      0
Node 1 HugePages_Surp:      0

After Test
Node 0 MemTotal:       24768352 kB
Node 0 MemFree:        24384868 kB
Node 0 MemUsed:          383484 kB
Node 0 Active:            30856 kB
Node 0 Inactive:         104024 kB
Node 0 Active(anon):       8720 kB
Node 0 Inactive(anon):      540 kB
Node 0 Active(file):      22136 kB
Node 0 Inactive(file):   103484 kB
Node 0 Unevictable:        5360 kB
Node 0 Mlocked:            5360 kB
Node 0 Dirty:                88 kB
Node 0 Writeback:             0 kB
Node 0 FilePages:        131704 kB
Node 0 Mapped:            63996 kB
Node 0 AnonPages:          8532 kB
Node 0 Shmem:               728 kB
Node 0 KernelStack:        3176 kB
Node 0 PageTables:          644 kB
Node 0 NFS_Unstable:          0 kB
Node 0 Bounce:                0 kB
Node 0 WritebackTmp:          0 kB
Node 0 KReclaimable:      22392 kB
Node 0 Slab:              55932 kB
Node 0 SReclaimable:      22392 kB
Node 0 SUnreclaim:        33540 kB
Node 0 AnonHugePages:         0 kB
Node 0 ShmemHugePages:        0 kB
Node 0 ShmemPmdMapped:        0 kB
Node 0 FileHugePages:        0 kB
Node 0 FilePmdMapped:        0 kB
Node 0 HugePages_Total:     0
Node 0 HugePages_Free:      0
Node 0 HugePages_Surp:      0

Node 1 MemTotal:       24661580 kB
Node 1 MemFree:        22851896 kB
Node 1 MemUsed:         1809684 kB
Node 1 Active:            71692 kB
Node 1 Inactive:        1002044 kB
Node 1 Active(anon):      24636 kB
Node 1 Inactive(anon):      324 kB
Node 1 Active(file):      47056 kB
Node 1 Inactive(file):  1001720 kB
Node 1 Unevictable:       13160 kB
Node 1 Mlocked:           13160 kB
Node 1 Dirty:                92 kB
Node 1 Writeback:             0 kB
Node 1 FilePages:       1052172 kB
Node 1 Mapped:            17796 kB
Node 1 AnonPages:         34592 kB
Node 1 Shmem:               540 kB
Node 1 KernelStack:        1448 kB
Node 1 PageTables:          516 kB
Node 1 NFS_Unstable:          0 kB
Node 1 Bounce:                0 kB
Node 1 WritebackTmp:          0 kB
Node 1 KReclaimable:      22560 kB
Node 1 Slab:              66876 kB
Node 1 SReclaimable:      22560 kB
Node 1 SUnreclaim:        44316 kB
Node 1 AnonHugePages:         0 kB
Node 1 ShmemHugePages:        0 kB
Node 1 ShmemPmdMapped:        0 kB
Node 1 FileHugePages:        0 kB
Node 1 FilePmdMapped:        0 kB
Node 1 HugePages_Total:     0
Node 1 HugePages_Free:      0
Node 1 HugePages_Surp:      0

After Opposite Node
Node 0 MemTotal:       24768352 kB
Node 0 MemFree:        24385700 kB
Node 0 MemUsed:          382652 kB
Node 0 Active:            31180 kB
Node 0 Inactive:         103992 kB
Node 0 Active(anon):       9004 kB
Node 0 Inactive(anon):      540 kB
Node 0 Active(file):      22176 kB
Node 0 Inactive(file):   103452 kB
Node 0 Unevictable:        5360 kB
Node 0 Mlocked:            5360 kB
Node 0 Dirty:                92 kB
Node 0 Writeback:             0 kB
Node 0 FilePages:        131712 kB
Node 0 Mapped:            63996 kB
Node 0 AnonPages:          8704 kB
Node 0 Shmem:               728 kB
Node 0 KernelStack:        3160 kB
Node 0 PageTables:          800 kB
Node 0 NFS_Unstable:          0 kB
Node 0 Bounce:                0 kB
Node 0 WritebackTmp:          0 kB
Node 0 KReclaimable:      22428 kB
Node 0 Slab:              56068 kB
Node 0 SReclaimable:      22428 kB
Node 0 SUnreclaim:        33640 kB
Node 0 AnonHugePages:         0 kB
Node 0 ShmemHugePages:        0 kB
Node 0 ShmemPmdMapped:        0 kB
Node 0 FileHugePages:        0 kB
Node 0 FilePmdMapped:        0 kB
Node 0 HugePages_Total:     0
Node 0 HugePages_Free:      0
Node 0 HugePages_Surp:      0

Node 1 MemTotal:       24661580 kB
Node 1 MemFree:        22852692 kB
Node 1 MemUsed:         1808888 kB
Node 1 Active:            71484 kB
Node 1 Inactive:        1001812 kB
Node 1 Active(anon):      24180 kB
Node 1 Inactive(anon):      324 kB
Node 1 Active(file):      47304 kB
Node 1 Inactive(file):  1001488 kB
Node 1 Unevictable:       13160 kB
Node 1 Mlocked:           13160 kB
Node 1 Dirty:               108 kB
Node 1 Writeback:             0 kB
Node 1 FilePages:       1052196 kB
Node 1 Mapped:            17824 kB
Node 1 AnonPages:         34332 kB
Node 1 Shmem:               540 kB
Node 1 KernelStack:        1448 kB
Node 1 PageTables:          564 kB
Node 1 NFS_Unstable:          0 kB
Node 1 Bounce:                0 kB
Node 1 WritebackTmp:          0 kB
Node 1 KReclaimable:      22560 kB
Node 1 Slab:              66876 kB
Node 1 SReclaimable:      22560 kB
Node 1 SUnreclaim:        44316 kB
Node 1 AnonHugePages:         0 kB
Node 1 ShmemHugePages:        0 kB
Node 1 ShmemPmdMapped:        0 kB
Node 1 FileHugePages:        0 kB
Node 1 FilePmdMapped:        0 kB
Node 1 HugePages_Total:     0
Node 1 HugePages_Free:      0
Node 1 HugePages_Surp:      0

U.1.huge-simpleread.250M.2.O.1M Complete!
