kernel.numa_balancing = 0
T.0.simpleread.16G.1.O.1M
Begin
Node 0 MemTotal:       24768352 kB
Node 0 MemFree:        24381840 kB
Node 0 MemUsed:          386512 kB
Node 0 Active:            55112 kB
Node 0 Inactive:          40348 kB
Node 0 Active(anon):       9688 kB
Node 0 Inactive(anon):      440 kB
Node 0 Active(file):      45424 kB
Node 0 Inactive(file):    39908 kB
Node 0 Unevictable:       17484 kB
Node 0 Mlocked:           17484 kB
Node 0 Dirty:                 0 kB
Node 0 Writeback:             0 kB
Node 0 FilePages:         93088 kB
Node 0 Mapped:            21660 kB
Node 0 AnonPages:         19888 kB
Node 0 Shmem:               604 kB
Node 0 KernelStack:        2072 kB
Node 0 PageTables:          508 kB
Node 0 NFS_Unstable:          0 kB
Node 0 Bounce:                0 kB
Node 0 WritebackTmp:          0 kB
Node 0 KReclaimable:      20728 kB
Node 0 Slab:              56804 kB
Node 0 SReclaimable:      20728 kB
Node 0 SUnreclaim:        36076 kB
Node 0 AnonHugePages:         0 kB
Node 0 ShmemHugePages:        0 kB
Node 0 ShmemPmdMapped:        0 kB
Node 0 FileHugePages:        0 kB
Node 0 FilePmdMapped:        0 kB
Node 0 HugePages_Total:     0
Node 0 HugePages_Free:      0
Node 0 HugePages_Surp:      0

Node 1 MemTotal:       24661580 kB
Node 1 MemFree:        24421904 kB
Node 1 MemUsed:          239676 kB
Node 1 Active:            46872 kB
Node 1 Inactive:          58016 kB
Node 1 Active(anon):      24224 kB
Node 1 Inactive(anon):      436 kB
Node 1 Active(file):      22648 kB
Node 1 Inactive(file):    57580 kB
Node 1 Unevictable:        1040 kB
Node 1 Mlocked:            1040 kB
Node 1 Dirty:                 0 kB
Node 1 Writeback:             0 kB
Node 1 FilePages:         82092 kB
Node 1 Mapped:            16416 kB
Node 1 AnonPages:         23996 kB
Node 1 Shmem:               664 kB
Node 1 KernelStack:        1512 kB
Node 1 PageTables:          480 kB
Node 1 NFS_Unstable:          0 kB
Node 1 Bounce:                0 kB
Node 1 WritebackTmp:          0 kB
Node 1 KReclaimable:      20576 kB
Node 1 Slab:              48312 kB
Node 1 SReclaimable:      20576 kB
Node 1 SUnreclaim:        27736 kB
Node 1 AnonHugePages:         0 kB
Node 1 ShmemHugePages:        0 kB
Node 1 ShmemPmdMapped:        0 kB
Node 1 FileHugePages:        0 kB
Node 1 FilePmdMapped:        0 kB
Node 1 HugePages_Total:     0
Node 1 HugePages_Free:      0
Node 1 HugePages_Surp:      0

Load ZFS
Node 0 MemTotal:       24768352 kB
Node 0 MemFree:        24464288 kB
Node 0 MemUsed:          304064 kB
Node 0 Active:            68400 kB
Node 0 Inactive:          75016 kB
Node 0 Active(anon):      22312 kB
Node 0 Inactive(anon):      344 kB
Node 0 Active(file):      46088 kB
Node 0 Inactive(file):    74672 kB
Node 0 Unevictable:       17568 kB
Node 0 Mlocked:           17568 kB
Node 0 Dirty:                 0 kB
Node 0 Writeback:             0 kB
Node 0 FilePages:        128424 kB
Node 0 Mapped:            24752 kB
Node 0 AnonPages:         32472 kB
Node 0 Shmem:               520 kB
Node 0 KernelStack:        2252 kB
Node 0 PageTables:          960 kB
Node 0 NFS_Unstable:          0 kB
Node 0 Bounce:                0 kB
Node 0 WritebackTmp:          0 kB
Node 0 KReclaimable:      21424 kB
Node 0 Slab:              59312 kB
Node 0 SReclaimable:      21424 kB
Node 0 SUnreclaim:        37888 kB
Node 0 AnonHugePages:         0 kB
Node 0 ShmemHugePages:        0 kB
Node 0 ShmemPmdMapped:        0 kB
Node 0 FileHugePages:        0 kB
Node 0 FilePmdMapped:        0 kB
Node 0 HugePages_Total:     0
Node 0 HugePages_Free:      0
Node 0 HugePages_Surp:      0

Node 1 MemTotal:       24661580 kB
Node 1 MemFree:        24197328 kB
Node 1 MemUsed:          464252 kB
Node 1 Active:            58952 kB
Node 1 Inactive:         126648 kB
Node 1 Active(anon):      34720 kB
Node 1 Inactive(anon):      484 kB
Node 1 Active(file):      24232 kB
Node 1 Inactive(file):   126164 kB
Node 1 Unevictable:        1040 kB
Node 1 Mlocked:            1040 kB
Node 1 Dirty:                 0 kB
Node 1 Writeback:             4 kB
Node 1 FilePages:        152468 kB
Node 1 Mapped:            18204 kB
Node 1 AnonPages:         33824 kB
Node 1 Shmem:               744 kB
Node 1 KernelStack:        2044 kB
Node 1 PageTables:         1772 kB
Node 1 NFS_Unstable:          0 kB
Node 1 Bounce:                0 kB
Node 1 WritebackTmp:          0 kB
Node 1 KReclaimable:      21604 kB
Node 1 Slab:              53268 kB
Node 1 SReclaimable:      21604 kB
Node 1 SUnreclaim:        31664 kB
Node 1 AnonHugePages:         0 kB
Node 1 ShmemHugePages:        0 kB
Node 1 ShmemPmdMapped:        0 kB
Node 1 FileHugePages:        0 kB
Node 1 FilePmdMapped:        0 kB
Node 1 HugePages_Total:     0
Node 1 HugePages_Free:      0
Node 1 HugePages_Surp:      0

Import tank ZPool
Node 0 MemTotal:       24768352 kB
Node 0 MemFree:        24472800 kB
Node 0 MemUsed:          295552 kB
Node 0 Active:            56624 kB
Node 0 Inactive:          75120 kB
Node 0 Active(anon):       9984 kB
Node 0 Inactive(anon):      468 kB
Node 0 Active(file):      46640 kB
Node 0 Inactive(file):    74652 kB
Node 0 Unevictable:       17716 kB
Node 0 Mlocked:           17716 kB
Node 0 Dirty:                32 kB
Node 0 Writeback:             0 kB
Node 0 FilePages:        129060 kB
Node 0 Mapped:            22156 kB
Node 0 AnonPages:         20408 kB
Node 0 Shmem:               616 kB
Node 0 KernelStack:        3112 kB
Node 0 PageTables:          596 kB
Node 0 NFS_Unstable:          0 kB
Node 0 Bounce:                0 kB
Node 0 WritebackTmp:          0 kB
Node 0 KReclaimable:      21520 kB
Node 0 Slab:              61140 kB
Node 0 SReclaimable:      21520 kB
Node 0 SUnreclaim:        39620 kB
Node 0 AnonHugePages:         0 kB
Node 0 ShmemHugePages:        0 kB
Node 0 ShmemPmdMapped:        0 kB
Node 0 FileHugePages:        0 kB
Node 0 FilePmdMapped:        0 kB
Node 0 HugePages_Total:     0
Node 0 HugePages_Free:      0
Node 0 HugePages_Surp:      0

Node 1 MemTotal:       24661580 kB
Node 1 MemFree:        24193680 kB
Node 1 MemUsed:          467900 kB
Node 1 Active:            48844 kB
Node 1 Inactive:         127340 kB
Node 1 Active(anon):      24004 kB
Node 1 Inactive(anon):      480 kB
Node 1 Active(file):      24840 kB
Node 1 Inactive(file):   126860 kB
Node 1 Unevictable:        1040 kB
Node 1 Mlocked:            1040 kB
Node 1 Dirty:               152 kB
Node 1 Writeback:             4 kB
Node 1 FilePages:        153396 kB
Node 1 Mapped:            16948 kB
Node 1 AnonPages:         23900 kB
Node 1 Shmem:               652 kB
Node 1 KernelStack:        1660 kB
Node 1 PageTables:          884 kB
Node 1 NFS_Unstable:          0 kB
Node 1 Bounce:                0 kB
Node 1 WritebackTmp:          0 kB
Node 1 KReclaimable:      21668 kB
Node 1 Slab:              57792 kB
Node 1 SReclaimable:      21668 kB
Node 1 SUnreclaim:        36124 kB
Node 1 AnonHugePages:         0 kB
Node 1 ShmemHugePages:        0 kB
Node 1 ShmemPmdMapped:        0 kB
Node 1 FileHugePages:        0 kB
Node 1 FilePmdMapped:        0 kB
Node 1 HugePages_Total:     0
Node 1 HugePages_Free:      0
Node 1 HugePages_Surp:      0

After Test
Node 0 MemTotal:       24768352 kB
Node 0 MemFree:         7754416 kB
Node 0 MemUsed:        17013936 kB
Node 0 Active:            57204 kB
Node 0 Inactive:          74820 kB
Node 0 Active(anon):       9940 kB
Node 0 Inactive(anon):      464 kB
Node 0 Active(file):      47264 kB
Node 0 Inactive(file):    74356 kB
Node 0 Unevictable:       17716 kB
Node 0 Mlocked:           17716 kB
Node 0 Dirty:                20 kB
Node 0 Writeback:             0 kB
Node 0 FilePages:        129388 kB
Node 0 Mapped:            21740 kB
Node 0 AnonPages:         20440 kB
Node 0 Shmem:               616 kB
Node 0 KernelStack:        2968 kB
Node 0 PageTables:          560 kB
Node 0 NFS_Unstable:          0 kB
Node 0 Bounce:                0 kB
Node 0 WritebackTmp:          0 kB
Node 0 KReclaimable:      21600 kB
Node 0 Slab:             117716 kB
Node 0 SReclaimable:      21600 kB
Node 0 SUnreclaim:        96116 kB
Node 0 AnonHugePages:         0 kB
Node 0 ShmemHugePages:        0 kB
Node 0 ShmemPmdMapped:        0 kB
Node 0 FileHugePages:        0 kB
Node 0 FilePmdMapped:        0 kB
Node 0 HugePages_Total:     0
Node 0 HugePages_Free:      0
Node 0 HugePages_Surp:      0

Node 1 MemTotal:       24661580 kB
Node 1 MemFree:        23253360 kB
Node 1 MemUsed:         1408220 kB
Node 1 Active:            48800 kB
Node 1 Inactive:         127196 kB
Node 1 Active(anon):      23528 kB
Node 1 Inactive(anon):      476 kB
Node 1 Active(file):      25272 kB
Node 1 Inactive(file):   126720 kB
Node 1 Unevictable:        1040 kB
Node 1 Mlocked:            1040 kB
Node 1 Dirty:                 8 kB
Node 1 Writeback:             0 kB
Node 1 FilePages:        153684 kB
Node 1 Mapped:            16420 kB
Node 1 AnonPages:         23352 kB
Node 1 Shmem:               652 kB
Node 1 KernelStack:        1480 kB
Node 1 PageTables:          496 kB
Node 1 NFS_Unstable:          0 kB
Node 1 Bounce:                0 kB
Node 1 WritebackTmp:          0 kB
Node 1 KReclaimable:      21984 kB
Node 1 Slab:              62124 kB
Node 1 SReclaimable:      21984 kB
Node 1 SUnreclaim:        40140 kB
Node 1 AnonHugePages:         0 kB
Node 1 ShmemHugePages:        0 kB
Node 1 ShmemPmdMapped:        0 kB
Node 1 FileHugePages:        0 kB
Node 1 FilePmdMapped:        0 kB
Node 1 HugePages_Total:     0
Node 1 HugePages_Free:      0
Node 1 HugePages_Surp:      0

After Opposite Node
Node 0 MemTotal:       24768352 kB
Node 0 MemFree:         7760380 kB
Node 0 MemUsed:        17007972 kB
Node 0 Active:            57152 kB
Node 0 Inactive:          74544 kB
Node 0 Active(anon):       9600 kB
Node 0 Inactive(anon):      464 kB
Node 0 Active(file):      47552 kB
Node 0 Inactive(file):    74080 kB
Node 0 Unevictable:       17716 kB
Node 0 Mlocked:           17716 kB
Node 0 Dirty:                60 kB
Node 0 Writeback:             0 kB
Node 0 FilePages:        129400 kB
Node 0 Mapped:            21784 kB
Node 0 AnonPages:         20008 kB
Node 0 Shmem:               616 kB
Node 0 KernelStack:        2984 kB
Node 0 PageTables:          508 kB
Node 0 NFS_Unstable:          0 kB
Node 0 Bounce:                0 kB
Node 0 WritebackTmp:          0 kB
Node 0 KReclaimable:      21600 kB
Node 0 Slab:             117532 kB
Node 0 SReclaimable:      21600 kB
Node 0 SUnreclaim:        95932 kB
Node 0 AnonHugePages:         0 kB
Node 0 ShmemHugePages:        0 kB
Node 0 ShmemPmdMapped:        0 kB
Node 0 FileHugePages:        0 kB
Node 0 FilePmdMapped:        0 kB
Node 0 HugePages_Total:     0
Node 0 HugePages_Free:      0
Node 0 HugePages_Surp:      0

Node 1 MemTotal:       24661580 kB
Node 1 MemFree:        23252060 kB
Node 1 MemUsed:         1409520 kB
Node 1 Active:            49248 kB
Node 1 Inactive:         127200 kB
Node 1 Active(anon):      23948 kB
Node 1 Inactive(anon):      476 kB
Node 1 Active(file):      25300 kB
Node 1 Inactive(file):   126724 kB
Node 1 Unevictable:        1040 kB
Node 1 Mlocked:            1040 kB
Node 1 Dirty:                84 kB
Node 1 Writeback:             0 kB
Node 1 FilePages:        153724 kB
Node 1 Mapped:            16432 kB
Node 1 AnonPages:         23792 kB
Node 1 Shmem:               652 kB
Node 1 KernelStack:        1480 kB
Node 1 PageTables:          548 kB
Node 1 NFS_Unstable:          0 kB
Node 1 Bounce:                0 kB
Node 1 WritebackTmp:          0 kB
Node 1 KReclaimable:      21984 kB
Node 1 Slab:              62212 kB
Node 1 SReclaimable:      21984 kB
Node 1 SUnreclaim:        40228 kB
Node 1 AnonHugePages:         0 kB
Node 1 ShmemHugePages:        0 kB
Node 1 ShmemPmdMapped:        0 kB
Node 1 FileHugePages:        0 kB
Node 1 FilePmdMapped:        0 kB
Node 1 HugePages_Total:     0
Node 1 HugePages_Free:      0
Node 1 HugePages_Surp:      0

T.0.simpleread.16G.1.O.1M Complete!
