kernel.numa_balancing = 0
45 Tests Remaining!
T.0.simpleread.8G.2.O.1M
Begin
Node 0 MemTotal:       24743736 kB
Node 0 MemFree:        24444160 kB
Node 0 MemUsed:          299576 kB
Node 0 Active:            54068 kB
Node 0 Inactive:          39468 kB
Node 0 Active(anon):      15392 kB
Node 0 Inactive(anon):      468 kB
Node 0 Active(file):      38676 kB
Node 0 Inactive(file):    39000 kB
Node 0 Unevictable:         756 kB
Node 0 Mlocked:             756 kB
Node 0 Dirty:               308 kB
Node 0 Writeback:             0 kB
Node 0 FilePages:         79112 kB
Node 0 Mapped:            13912 kB
Node 0 AnonPages:         15180 kB
Node 0 Shmem:               680 kB
Node 0 KernelStack:        2344 kB
Node 0 PageTables:          420 kB
Node 0 NFS_Unstable:          0 kB
Node 0 Bounce:                0 kB
Node 0 WritebackTmp:          0 kB
Node 0 KReclaimable:      18004 kB
Node 0 Slab:              49076 kB
Node 0 SReclaimable:      18004 kB
Node 0 SUnreclaim:        31072 kB
Node 0 AnonHugePages:         0 kB
Node 0 ShmemHugePages:        0 kB
Node 0 ShmemPmdMapped:        0 kB
Node 0 FileHugePages:        0 kB
Node 0 FilePmdMapped:        0 kB
Node 0 HugePages_Total:     0
Node 0 HugePages_Free:      0
Node 0 HugePages_Surp:      0

Node 1 MemTotal:       24686196 kB
Node 1 MemFree:        24368432 kB
Node 1 MemUsed:          317764 kB
Node 1 Active:            41900 kB
Node 1 Inactive:          58712 kB
Node 1 Active(anon):      18620 kB
Node 1 Inactive(anon):      420 kB
Node 1 Active(file):      23280 kB
Node 1 Inactive(file):    58292 kB
Node 1 Unevictable:       17768 kB
Node 1 Mlocked:           17768 kB
Node 1 Dirty:               208 kB
Node 1 Writeback:             0 kB
Node 1 FilePages:         89596 kB
Node 1 Mapped:            36520 kB
Node 1 AnonPages:         28808 kB
Node 1 Shmem:               588 kB
Node 1 KernelStack:        1304 kB
Node 1 PageTables:          716 kB
Node 1 NFS_Unstable:          0 kB
Node 1 Bounce:                0 kB
Node 1 WritebackTmp:          0 kB
Node 1 KReclaimable:      24288 kB
Node 1 Slab:              57268 kB
Node 1 SReclaimable:      24288 kB
Node 1 SUnreclaim:        32980 kB
Node 1 AnonHugePages:         0 kB
Node 1 ShmemHugePages:        0 kB
Node 1 ShmemPmdMapped:        0 kB
Node 1 FileHugePages:        0 kB
Node 1 FilePmdMapped:        0 kB
Node 1 HugePages_Total:     0
Node 1 HugePages_Free:      0
Node 1 HugePages_Surp:      0

Load ZFS
Node 0 MemTotal:       24743736 kB
Node 0 MemFree:        24422600 kB
Node 0 MemUsed:          321136 kB
Node 0 Active:            69600 kB
Node 0 Inactive:         106428 kB
Node 0 Active(anon):      29284 kB
Node 0 Inactive(anon):      544 kB
Node 0 Active(file):      40316 kB
Node 0 Inactive(file):   105884 kB
Node 0 Unevictable:         756 kB
Node 0 Mlocked:             756 kB
Node 0 Dirty:                40 kB
Node 0 Writeback:             0 kB
Node 0 FilePages:        147676 kB
Node 0 Mapped:            16308 kB
Node 0 AnonPages:         28924 kB
Node 0 Shmem:               720 kB
Node 0 KernelStack:        2796 kB
Node 0 PageTables:         1388 kB
Node 0 NFS_Unstable:          0 kB
Node 0 Bounce:                0 kB
Node 0 WritebackTmp:          0 kB
Node 0 KReclaimable:      18836 kB
Node 0 Slab:              52620 kB
Node 0 SReclaimable:      18836 kB
Node 0 SUnreclaim:        33784 kB
Node 0 AnonHugePages:         0 kB
Node 0 ShmemHugePages:        0 kB
Node 0 ShmemPmdMapped:        0 kB
Node 0 FileHugePages:        0 kB
Node 0 FilePmdMapped:        0 kB
Node 0 HugePages_Total:     0
Node 0 HugePages_Free:      0
Node 0 HugePages_Surp:      0

Node 1 MemTotal:       24686196 kB
Node 1 MemFree:        24243288 kB
Node 1 MemUsed:          442908 kB
Node 1 Active:            55016 kB
Node 1 Inactive:          95164 kB
Node 1 Active(anon):      30980 kB
Node 1 Inactive(anon):      400 kB
Node 1 Active(file):      24036 kB
Node 1 Inactive(file):    94764 kB
Node 1 Unevictable:       17980 kB
Node 1 Mlocked:           17980 kB
Node 1 Dirty:               400 kB
Node 1 Writeback:             0 kB
Node 1 FilePages:        126784 kB
Node 1 Mapped:            38016 kB
Node 1 AnonPages:         41084 kB
Node 1 Shmem:               548 kB
Node 1 KernelStack:        1336 kB
Node 1 PageTables:         1160 kB
Node 1 NFS_Unstable:          0 kB
Node 1 Bounce:                0 kB
Node 1 WritebackTmp:          0 kB
Node 1 KReclaimable:      25036 kB
Node 1 Slab:              59848 kB
Node 1 SReclaimable:      25036 kB
Node 1 SUnreclaim:        34812 kB
Node 1 AnonHugePages:         0 kB
Node 1 ShmemHugePages:        0 kB
Node 1 ShmemPmdMapped:        0 kB
Node 1 FileHugePages:        0 kB
Node 1 FilePmdMapped:        0 kB
Node 1 HugePages_Total:     0
Node 1 HugePages_Free:      0
Node 1 HugePages_Surp:      0

Import tank ZPool
Node 0 MemTotal:       24743736 kB
Node 0 MemFree:        24413588 kB
Node 0 MemUsed:          330148 kB
Node 0 Active:            68964 kB
Node 0 Inactive:         106436 kB
Node 0 Active(anon):      28644 kB
Node 0 Inactive(anon):      544 kB
Node 0 Active(file):      40320 kB
Node 0 Inactive(file):   105892 kB
Node 0 Unevictable:         756 kB
Node 0 Mlocked:             756 kB
Node 0 Dirty:                52 kB
Node 0 Writeback:             0 kB
Node 0 FilePages:        147716 kB
Node 0 Mapped:            16252 kB
Node 0 AnonPages:         28464 kB
Node 0 Shmem:               724 kB
Node 0 KernelStack:        3848 kB
Node 0 PageTables:         1716 kB
Node 0 NFS_Unstable:          0 kB
Node 0 Bounce:                0 kB
Node 0 WritebackTmp:          0 kB
Node 0 KReclaimable:      18844 kB
Node 0 Slab:              54956 kB
Node 0 SReclaimable:      18844 kB
Node 0 SUnreclaim:        36112 kB
Node 0 AnonHugePages:         0 kB
Node 0 ShmemHugePages:        0 kB
Node 0 ShmemPmdMapped:        0 kB
Node 0 FileHugePages:        0 kB
Node 0 FilePmdMapped:        0 kB
Node 0 HugePages_Total:     0
Node 0 HugePages_Free:      0
Node 0 HugePages_Surp:      0

Node 1 MemTotal:       24686196 kB
Node 1 MemFree:        24234336 kB
Node 1 MemUsed:          451860 kB
Node 1 Active:            55744 kB
Node 1 Inactive:          96396 kB
Node 1 Active(anon):      31368 kB
Node 1 Inactive(anon):      404 kB
Node 1 Active(file):      24376 kB
Node 1 Inactive(file):    95992 kB
Node 1 Unevictable:       17996 kB
Node 1 Mlocked:           17996 kB
Node 1 Dirty:               520 kB
Node 1 Writeback:             0 kB
Node 1 FilePages:        128348 kB
Node 1 Mapped:            38028 kB
Node 1 AnonPages:         41452 kB
Node 1 Shmem:               544 kB
Node 1 KernelStack:        1384 kB
Node 1 PageTables:         1244 kB
Node 1 NFS_Unstable:          0 kB
Node 1 Bounce:                0 kB
Node 1 WritebackTmp:          0 kB
Node 1 KReclaimable:      25180 kB
Node 1 Slab:              65044 kB
Node 1 SReclaimable:      25180 kB
Node 1 SUnreclaim:        39864 kB
Node 1 AnonHugePages:         0 kB
Node 1 ShmemHugePages:        0 kB
Node 1 ShmemPmdMapped:        0 kB
Node 1 FileHugePages:        0 kB
Node 1 FilePmdMapped:        0 kB
Node 1 HugePages_Total:     0
Node 1 HugePages_Free:      0
Node 1 HugePages_Surp:      0

After Test
Node 0 MemTotal:       24743736 kB
Node 0 MemFree:        15567664 kB
Node 0 MemUsed:         9176072 kB
Node 0 Active:            56880 kB
Node 0 Inactive:         106040 kB
Node 0 Active(anon):      15644 kB
Node 0 Inactive(anon):      532 kB
Node 0 Active(file):      41236 kB
Node 0 Inactive(file):   105508 kB
Node 0 Unevictable:         756 kB
Node 0 Mlocked:             756 kB
Node 0 Dirty:                28 kB
Node 0 Writeback:             0 kB
Node 0 FilePages:        148240 kB
Node 0 Mapped:            13984 kB
Node 0 AnonPages:         15500 kB
Node 0 Shmem:               720 kB
Node 0 KernelStack:        3368 kB
Node 0 PageTables:          468 kB
Node 0 NFS_Unstable:          0 kB
Node 0 Bounce:                0 kB
Node 0 WritebackTmp:          0 kB
Node 0 KReclaimable:      19004 kB
Node 0 Slab:              87180 kB
Node 0 SReclaimable:      19004 kB
Node 0 SUnreclaim:        68176 kB
Node 0 AnonHugePages:         0 kB
Node 0 ShmemHugePages:        0 kB
Node 0 ShmemPmdMapped:        0 kB
Node 0 FileHugePages:        0 kB
Node 0 FilePmdMapped:        0 kB
Node 0 HugePages_Total:     0
Node 0 HugePages_Free:      0
Node 0 HugePages_Surp:      0

Node 1 MemTotal:       24686196 kB
Node 1 MemFree:        23863164 kB
Node 1 MemUsed:          823032 kB
Node 1 Active:            42848 kB
Node 1 Inactive:          95876 kB
Node 1 Active(anon):      17916 kB
Node 1 Inactive(anon):      408 kB
Node 1 Active(file):      24932 kB
Node 1 Inactive(file):    95468 kB
Node 1 Unevictable:       17996 kB
Node 1 Mlocked:           17996 kB
Node 1 Dirty:                88 kB
Node 1 Writeback:             0 kB
Node 1 FilePages:        128384 kB
Node 1 Mapped:            36560 kB
Node 1 AnonPages:         28336 kB
Node 1 Shmem:               548 kB
Node 1 KernelStack:        1272 kB
Node 1 PageTables:          640 kB
Node 1 NFS_Unstable:          0 kB
Node 1 Bounce:                0 kB
Node 1 WritebackTmp:          0 kB
Node 1 KReclaimable:      25276 kB
Node 1 Slab:              66104 kB
Node 1 SReclaimable:      25276 kB
Node 1 SUnreclaim:        40828 kB
Node 1 AnonHugePages:         0 kB
Node 1 ShmemHugePages:        0 kB
Node 1 ShmemPmdMapped:        0 kB
Node 1 FileHugePages:        0 kB
Node 1 FilePmdMapped:        0 kB
Node 1 HugePages_Total:     0
Node 1 HugePages_Free:      0
Node 1 HugePages_Surp:      0

After Opposite Node
Node 0 MemTotal:       24743736 kB
Node 0 MemFree:        15567704 kB
Node 0 MemUsed:         9176032 kB
Node 0 Active:            56692 kB
Node 0 Inactive:         105828 kB
Node 0 Active(anon):      15212 kB
Node 0 Inactive(anon):      532 kB
Node 0 Active(file):      41480 kB
Node 0 Inactive(file):   105296 kB
Node 0 Unevictable:         756 kB
Node 0 Mlocked:             756 kB
Node 0 Dirty:                40 kB
Node 0 Writeback:             0 kB
Node 0 FilePages:        148252 kB
Node 0 Mapped:            14048 kB
Node 0 AnonPages:         15024 kB
Node 0 Shmem:               720 kB
Node 0 KernelStack:        3368 kB
Node 0 PageTables:          420 kB
Node 0 NFS_Unstable:          0 kB
Node 0 Bounce:                0 kB
Node 0 WritebackTmp:          0 kB
Node 0 KReclaimable:      19044 kB
Node 0 Slab:              87168 kB
Node 0 SReclaimable:      19044 kB
Node 0 SUnreclaim:        68124 kB
Node 0 AnonHugePages:         0 kB
Node 0 ShmemHugePages:        0 kB
Node 0 ShmemPmdMapped:        0 kB
Node 0 FileHugePages:        0 kB
Node 0 FilePmdMapped:        0 kB
Node 0 HugePages_Total:     0
Node 0 HugePages_Free:      0
Node 0 HugePages_Surp:      0

Node 1 MemTotal:       24686196 kB
Node 1 MemFree:        23862972 kB
Node 1 MemUsed:          823224 kB
Node 1 Active:            43344 kB
Node 1 Inactive:          95864 kB
Node 1 Active(anon):      18384 kB
Node 1 Inactive(anon):      408 kB
Node 1 Active(file):      24960 kB
Node 1 Inactive(file):    95456 kB
Node 1 Unevictable:       17996 kB
Node 1 Mlocked:           17996 kB
Node 1 Dirty:               136 kB
Node 1 Writeback:             0 kB
Node 1 FilePages:        128400 kB
Node 1 Mapped:            36564 kB
Node 1 AnonPages:         28820 kB
Node 1 Shmem:               548 kB
Node 1 KernelStack:        1272 kB
Node 1 PageTables:          688 kB
Node 1 NFS_Unstable:          0 kB
Node 1 Bounce:                0 kB
Node 1 WritebackTmp:          0 kB
Node 1 KReclaimable:      25320 kB
Node 1 Slab:              66440 kB
Node 1 SReclaimable:      25320 kB
Node 1 SUnreclaim:        41120 kB
Node 1 AnonHugePages:         0 kB
Node 1 ShmemHugePages:        0 kB
Node 1 ShmemPmdMapped:        0 kB
Node 1 FileHugePages:        0 kB
Node 1 FilePmdMapped:        0 kB
Node 1 HugePages_Total:     0
Node 1 HugePages_Free:      0
Node 1 HugePages_Surp:      0

T.0.simpleread.8G.2.O.1M Complete!
