kernel.numa_balancing = 0
60 Tests Remaining!
T.0.simpleread.4G.2.O.1M
Begin
Node 0 MemTotal:       24768352 kB
Node 0 MemFree:        24541164 kB
Node 0 MemUsed:          227188 kB
Node 0 Active:            44072 kB
Node 0 Inactive:          46796 kB
Node 0 Active(anon):      21424 kB
Node 0 Inactive(anon):      288 kB
Node 0 Active(file):      22648 kB
Node 0 Inactive(file):    46508 kB
Node 0 Unevictable:        5096 kB
Node 0 Mlocked:            5096 kB
Node 0 Dirty:                40 kB
Node 0 Writeback:             0 kB
Node 0 FilePages:         74708 kB
Node 0 Mapped:            15640 kB
Node 0 AnonPages:         21228 kB
Node 0 Shmem:               452 kB
Node 0 KernelStack:        2520 kB
Node 0 PageTables:          716 kB
Node 0 NFS_Unstable:          0 kB
Node 0 Bounce:                0 kB
Node 0 WritebackTmp:          0 kB
Node 0 KReclaimable:      20596 kB
Node 0 Slab:              52328 kB
Node 0 SReclaimable:      20596 kB
Node 0 SUnreclaim:        31732 kB
Node 0 AnonHugePages:         0 kB
Node 0 ShmemHugePages:        0 kB
Node 0 ShmemPmdMapped:        0 kB
Node 0 FileHugePages:        0 kB
Node 0 FilePmdMapped:        0 kB
Node 0 HugePages_Total:     0
Node 0 HugePages_Free:      0
Node 0 HugePages_Surp:      0

Node 1 MemTotal:       24661580 kB
Node 1 MemFree:        24285612 kB
Node 1 MemUsed:          375968 kB
Node 1 Active:            52176 kB
Node 1 Inactive:          31680 kB
Node 1 Active(anon):      13012 kB
Node 1 Inactive(anon):      572 kB
Node 1 Active(file):      39164 kB
Node 1 Inactive(file):    31108 kB
Node 1 Unevictable:       13424 kB
Node 1 Mlocked:           13424 kB
Node 1 Dirty:               456 kB
Node 1 Writeback:             0 kB
Node 1 FilePages:         74188 kB
Node 1 Mapped:            23700 kB
Node 1 AnonPages:         23088 kB
Node 1 Shmem:               816 kB
Node 1 KernelStack:        1256 kB
Node 1 PageTables:          536 kB
Node 1 NFS_Unstable:          0 kB
Node 1 Bounce:                0 kB
Node 1 WritebackTmp:          0 kB
Node 1 KReclaimable:      22852 kB
Node 1 Slab:              56328 kB
Node 1 SReclaimable:      22852 kB
Node 1 SUnreclaim:        33476 kB
Node 1 AnonHugePages:         0 kB
Node 1 ShmemHugePages:        0 kB
Node 1 ShmemPmdMapped:        0 kB
Node 1 FileHugePages:        0 kB
Node 1 FilePmdMapped:        0 kB
Node 1 HugePages_Total:     0
Node 1 HugePages_Free:      0
Node 1 HugePages_Surp:      0

Load ZFS
Node 0 MemTotal:       24768352 kB
Node 0 MemFree:        24495648 kB
Node 0 MemUsed:          272704 kB
Node 0 Active:            57716 kB
Node 0 Inactive:          71072 kB
Node 0 Active(anon):      33460 kB
Node 0 Inactive(anon):      556 kB
Node 0 Active(file):      24256 kB
Node 0 Inactive(file):    70516 kB
Node 0 Unevictable:        5096 kB
Node 0 Mlocked:            5096 kB
Node 0 Dirty:                36 kB
Node 0 Writeback:             0 kB
Node 0 FilePages:        100588 kB
Node 0 Mapped:            17180 kB
Node 0 AnonPages:         33152 kB
Node 0 Shmem:               720 kB
Node 0 KernelStack:        2568 kB
Node 0 PageTables:         1224 kB
Node 0 NFS_Unstable:          0 kB
Node 0 Bounce:                0 kB
Node 0 WritebackTmp:          0 kB
Node 0 KReclaimable:      21256 kB
Node 0 Slab:              54900 kB
Node 0 SReclaimable:      21256 kB
Node 0 SUnreclaim:        33644 kB
Node 0 AnonHugePages:         0 kB
Node 0 ShmemHugePages:        0 kB
Node 0 ShmemPmdMapped:        0 kB
Node 0 FileHugePages:        0 kB
Node 0 FilePmdMapped:        0 kB
Node 0 HugePages_Total:     0
Node 0 HugePages_Free:      0
Node 0 HugePages_Surp:      0

Node 1 MemTotal:       24661580 kB
Node 1 MemFree:        24184780 kB
Node 1 MemUsed:          476800 kB
Node 1 Active:            66284 kB
Node 1 Inactive:         110792 kB
Node 1 Active(anon):      26272 kB
Node 1 Inactive(anon):      388 kB
Node 1 Active(file):      40012 kB
Node 1 Inactive(file):   110404 kB
Node 1 Unevictable:       13636 kB
Node 1 Mlocked:           13636 kB
Node 1 Dirty:               328 kB
Node 1 Writeback:             0 kB
Node 1 FilePages:        154060 kB
Node 1 Mapped:            25712 kB
Node 1 AnonPages:         36840 kB
Node 1 Shmem:               548 kB
Node 1 KernelStack:        1544 kB
Node 1 PageTables:         1500 kB
Node 1 NFS_Unstable:          0 kB
Node 1 Bounce:                0 kB
Node 1 WritebackTmp:          0 kB
Node 1 KReclaimable:      23724 kB
Node 1 Slab:              59820 kB
Node 1 SReclaimable:      23724 kB
Node 1 SUnreclaim:        36096 kB
Node 1 AnonHugePages:         0 kB
Node 1 ShmemHugePages:        0 kB
Node 1 ShmemPmdMapped:        0 kB
Node 1 FileHugePages:        0 kB
Node 1 FilePmdMapped:        0 kB
Node 1 HugePages_Total:     0
Node 1 HugePages_Free:      0
Node 1 HugePages_Surp:      0

Import tank ZPool
Node 0 MemTotal:       24768352 kB
Node 0 MemFree:        24486520 kB
Node 0 MemUsed:          281832 kB
Node 0 Active:            57852 kB
Node 0 Inactive:          71140 kB
Node 0 Active(anon):      33572 kB
Node 0 Inactive(anon):      552 kB
Node 0 Active(file):      24280 kB
Node 0 Inactive(file):    70588 kB
Node 0 Unevictable:        5096 kB
Node 0 Mlocked:            5096 kB
Node 0 Dirty:                68 kB
Node 0 Writeback:             0 kB
Node 0 FilePages:        100684 kB
Node 0 Mapped:            17276 kB
Node 0 AnonPages:         33260 kB
Node 0 Shmem:               720 kB
Node 0 KernelStack:        3656 kB
Node 0 PageTables:         1272 kB
Node 0 NFS_Unstable:          0 kB
Node 0 Bounce:                0 kB
Node 0 WritebackTmp:          0 kB
Node 0 KReclaimable:      21276 kB
Node 0 Slab:              57108 kB
Node 0 SReclaimable:      21276 kB
Node 0 SUnreclaim:        35832 kB
Node 0 AnonHugePages:         0 kB
Node 0 ShmemHugePages:        0 kB
Node 0 ShmemPmdMapped:        0 kB
Node 0 FileHugePages:        0 kB
Node 0 FilePmdMapped:        0 kB
Node 0 HugePages_Total:     0
Node 0 HugePages_Free:      0
Node 0 HugePages_Surp:      0

Node 1 MemTotal:       24661580 kB
Node 1 MemFree:        24178964 kB
Node 1 MemUsed:          482616 kB
Node 1 Active:            66820 kB
Node 1 Inactive:         111952 kB
Node 1 Active(anon):      26488 kB
Node 1 Inactive(anon):      396 kB
Node 1 Active(file):      40332 kB
Node 1 Inactive(file):   111556 kB
Node 1 Unevictable:       13652 kB
Node 1 Mlocked:           13652 kB
Node 1 Dirty:               408 kB
Node 1 Writeback:             0 kB
Node 1 FilePages:        155544 kB
Node 1 Mapped:            25864 kB
Node 1 AnonPages:         36208 kB
Node 1 Shmem:               548 kB
Node 1 KernelStack:        1528 kB
Node 1 PageTables:         1496 kB
Node 1 NFS_Unstable:          0 kB
Node 1 Bounce:                0 kB
Node 1 WritebackTmp:          0 kB
Node 1 KReclaimable:      23860 kB
Node 1 Slab:              64948 kB
Node 1 SReclaimable:      23860 kB
Node 1 SUnreclaim:        41088 kB
Node 1 AnonHugePages:         0 kB
Node 1 ShmemHugePages:        0 kB
Node 1 ShmemPmdMapped:        0 kB
Node 1 FileHugePages:        0 kB
Node 1 FilePmdMapped:        0 kB
Node 1 HugePages_Total:     0
Node 1 HugePages_Free:      0
Node 1 HugePages_Surp:      0

After Test
Node 0 MemTotal:       24768352 kB
Node 0 MemFree:        24018280 kB
Node 0 MemUsed:          750072 kB
Node 0 Active:            44464 kB
Node 0 Inactive:          70676 kB
Node 0 Active(anon):      19432 kB
Node 0 Inactive(anon):      544 kB
Node 0 Active(file):      25032 kB
Node 0 Inactive(file):    70132 kB
Node 0 Unevictable:        5096 kB
Node 0 Mlocked:            5096 kB
Node 0 Dirty:                20 kB
Node 0 Writeback:             0 kB
Node 0 FilePages:        100980 kB
Node 0 Mapped:            15536 kB
Node 0 AnonPages:         19260 kB
Node 0 Shmem:               720 kB
Node 0 KernelStack:        3384 kB
Node 0 PageTables:          540 kB
Node 0 NFS_Unstable:          0 kB
Node 0 Bounce:                0 kB
Node 0 WritebackTmp:          0 kB
Node 0 KReclaimable:      21320 kB
Node 0 Slab:              74836 kB
Node 0 SReclaimable:      21320 kB
Node 0 SUnreclaim:        53516 kB
Node 0 AnonHugePages:         0 kB
Node 0 ShmemHugePages:        0 kB
Node 0 ShmemPmdMapped:        0 kB
Node 0 FileHugePages:        0 kB
Node 0 FilePmdMapped:        0 kB
Node 0 HugePages_Total:     0
Node 0 HugePages_Free:      0
Node 0 HugePages_Surp:      0

Node 1 MemTotal:       24661580 kB
Node 1 MemFree:        19633824 kB
Node 1 MemUsed:         5027756 kB
Node 1 Active:            55120 kB
Node 1 Inactive:         111412 kB
Node 1 Active(anon):      14132 kB
Node 1 Inactive(anon):      396 kB
Node 1 Active(file):      40988 kB
Node 1 Inactive(file):   111016 kB
Node 1 Unevictable:       13652 kB
Node 1 Mlocked:           13652 kB
Node 1 Dirty:               100 kB
Node 1 Writeback:             0 kB
Node 1 FilePages:        155648 kB
Node 1 Mapped:            23716 kB
Node 1 AnonPages:         24532 kB
Node 1 Shmem:               548 kB
Node 1 KernelStack:        1176 kB
Node 1 PageTables:          520 kB
Node 1 NFS_Unstable:          0 kB
Node 1 Bounce:                0 kB
Node 1 WritebackTmp:          0 kB
Node 1 KReclaimable:      24100 kB
Node 1 Slab:              68108 kB
Node 1 SReclaimable:      24100 kB
Node 1 SUnreclaim:        44008 kB
Node 1 AnonHugePages:         0 kB
Node 1 ShmemHugePages:        0 kB
Node 1 ShmemPmdMapped:        0 kB
Node 1 FileHugePages:        0 kB
Node 1 FilePmdMapped:        0 kB
Node 1 HugePages_Total:     0
Node 1 HugePages_Free:      0
Node 1 HugePages_Surp:      0

After Opposite Node
Node 0 MemTotal:       24768352 kB
Node 0 MemFree:        24022260 kB
Node 0 MemUsed:          746092 kB
Node 0 Active:            44248 kB
Node 0 Inactive:          70444 kB
Node 0 Active(anon):      18980 kB
Node 0 Inactive(anon):      544 kB
Node 0 Active(file):      25268 kB
Node 0 Inactive(file):    69900 kB
Node 0 Unevictable:        5096 kB
Node 0 Mlocked:            5096 kB
Node 0 Dirty:                24 kB
Node 0 Writeback:             0 kB
Node 0 FilePages:        100984 kB
Node 0 Mapped:            15564 kB
Node 0 AnonPages:         18804 kB
Node 0 Shmem:               720 kB
Node 0 KernelStack:        3368 kB
Node 0 PageTables:          492 kB
Node 0 NFS_Unstable:          0 kB
Node 0 Bounce:                0 kB
Node 0 WritebackTmp:          0 kB
Node 0 KReclaimable:      21320 kB
Node 0 Slab:              74556 kB
Node 0 SReclaimable:      21320 kB
Node 0 SUnreclaim:        53236 kB
Node 0 AnonHugePages:         0 kB
Node 0 ShmemHugePages:        0 kB
Node 0 ShmemPmdMapped:        0 kB
Node 0 FileHugePages:        0 kB
Node 0 FilePmdMapped:        0 kB
Node 0 HugePages_Total:     0
Node 0 HugePages_Free:      0
Node 0 HugePages_Surp:      0

Node 1 MemTotal:       24661580 kB
Node 1 MemFree:        19630800 kB
Node 1 MemUsed:         5030780 kB
Node 1 Active:            55604 kB
Node 1 Inactive:         111400 kB
Node 1 Active(anon):      14588 kB
Node 1 Inactive(anon):      396 kB
Node 1 Active(file):      41016 kB
Node 1 Inactive(file):   111004 kB
Node 1 Unevictable:       13652 kB
Node 1 Mlocked:           13652 kB
Node 1 Dirty:               136 kB
Node 1 Writeback:             0 kB
Node 1 FilePages:        155664 kB
Node 1 Mapped:            23720 kB
Node 1 AnonPages:         24992 kB
Node 1 Shmem:               548 kB
Node 1 KernelStack:        1192 kB
Node 1 PageTables:          564 kB
Node 1 NFS_Unstable:          0 kB
Node 1 Bounce:                0 kB
Node 1 WritebackTmp:          0 kB
Node 1 KReclaimable:      24140 kB
Node 1 Slab:              68800 kB
Node 1 SReclaimable:      24140 kB
Node 1 SUnreclaim:        44660 kB
Node 1 AnonHugePages:         0 kB
Node 1 ShmemHugePages:        0 kB
Node 1 ShmemPmdMapped:        0 kB
Node 1 FileHugePages:        0 kB
Node 1 FilePmdMapped:        0 kB
Node 1 HugePages_Total:     0
Node 1 HugePages_Free:      0
Node 1 HugePages_Surp:      0

T.0.simpleread.4G.2.O.1M Complete!
