kernel.numa_balancing = 0
B.1.simpleread.500M.2.O
Begin
Node 0 MemTotal:       24768352 kB
Node 0 MemFree:        24410184 kB
Node 0 MemUsed:          358168 kB
Node 0 Active:            41848 kB
Node 0 Inactive:          47292 kB
Node 0 Active(anon):      13704 kB
Node 0 Inactive(anon):      340 kB
Node 0 Active(file):      28144 kB
Node 0 Inactive(file):    46952 kB
Node 0 Unevictable:        5948 kB
Node 0 Mlocked:            5948 kB
Node 0 Dirty:                 0 kB
Node 0 Writeback:             0 kB
Node 0 FilePages:         81564 kB
Node 0 Mapped:            20492 kB
Node 0 AnonPages:         13588 kB
Node 0 Shmem:               524 kB
Node 0 KernelStack:        2248 kB
Node 0 PageTables:          420 kB
Node 0 NFS_Unstable:          0 kB
Node 0 Bounce:                0 kB
Node 0 WritebackTmp:          0 kB
Node 0 KReclaimable:      18148 kB
Node 0 Slab:              46296 kB
Node 0 SReclaimable:      18148 kB
Node 0 SUnreclaim:        28148 kB
Node 0 AnonHugePages:         0 kB
Node 0 ShmemHugePages:        0 kB
Node 0 ShmemPmdMapped:        0 kB
Node 0 FileHugePages:        0 kB
Node 0 FilePmdMapped:        0 kB
Node 0 HugePages_Total:     0
Node 0 HugePages_Free:      0
Node 0 HugePages_Surp:      0

Node 1 MemTotal:       24661580 kB
Node 1 MemFree:        24390012 kB
Node 1 MemUsed:          271568 kB
Node 1 Active:            55376 kB
Node 1 Inactive:          58356 kB
Node 1 Active(anon):      20152 kB
Node 1 Inactive(anon):      524 kB
Node 1 Active(file):      35224 kB
Node 1 Inactive(file):    57832 kB
Node 1 Unevictable:       12572 kB
Node 1 Mlocked:           12572 kB
Node 1 Dirty:                 0 kB
Node 1 Writeback:             0 kB
Node 1 FilePages:         96112 kB
Node 1 Mapped:            38660 kB
Node 1 AnonPages:         30300 kB
Node 1 Shmem:               744 kB
Node 1 KernelStack:        1400 kB
Node 1 PageTables:          736 kB
Node 1 NFS_Unstable:          0 kB
Node 1 Bounce:                0 kB
Node 1 WritebackTmp:          0 kB
Node 1 KReclaimable:      24400 kB
Node 1 Slab:              61920 kB
Node 1 SReclaimable:      24400 kB
Node 1 SUnreclaim:        37520 kB
Node 1 AnonHugePages:         0 kB
Node 1 ShmemHugePages:        0 kB
Node 1 ShmemPmdMapped:        0 kB
Node 1 FileHugePages:        0 kB
Node 1 FilePmdMapped:        0 kB
Node 1 HugePages_Total:     0
Node 1 HugePages_Free:      0
Node 1 HugePages_Surp:      0

Load ZFS
Node 0 MemTotal:       24768352 kB
Node 0 MemFree:        24498004 kB
Node 0 MemUsed:          270348 kB
Node 0 Active:            57248 kB
Node 0 Inactive:          68572 kB
Node 0 Active(anon):      28372 kB
Node 0 Inactive(anon):      512 kB
Node 0 Active(file):      28876 kB
Node 0 Inactive(file):    68060 kB
Node 0 Unevictable:        5948 kB
Node 0 Mlocked:            5948 kB
Node 0 Dirty:                16 kB
Node 0 Writeback:             0 kB
Node 0 FilePages:        103584 kB
Node 0 Mapped:            23408 kB
Node 0 AnonPages:         27224 kB
Node 0 Shmem:               704 kB
Node 0 KernelStack:        2552 kB
Node 0 PageTables:         1220 kB
Node 0 NFS_Unstable:          0 kB
Node 0 Bounce:                0 kB
Node 0 WritebackTmp:          0 kB
Node 0 KReclaimable:      18904 kB
Node 0 Slab:              49140 kB
Node 0 SReclaimable:      18904 kB
Node 0 SUnreclaim:        30236 kB
Node 0 AnonHugePages:         0 kB
Node 0 ShmemHugePages:        0 kB
Node 0 ShmemPmdMapped:        0 kB
Node 0 FileHugePages:        0 kB
Node 0 FilePmdMapped:        0 kB
Node 0 HugePages_Total:     0
Node 0 HugePages_Free:      0
Node 0 HugePages_Surp:      0

Node 1 MemTotal:       24661580 kB
Node 1 MemFree:        24157796 kB
Node 1 MemUsed:          503784 kB
Node 1 Active:            69376 kB
Node 1 Inactive:         140456 kB
Node 1 Active(anon):      32404 kB
Node 1 Inactive(anon):      428 kB
Node 1 Active(file):      36972 kB
Node 1 Inactive(file):   140028 kB
Node 1 Unevictable:       12788 kB
Node 1 Mlocked:           12788 kB
Node 1 Dirty:               424 kB
Node 1 Writeback:             0 kB
Node 1 FilePages:        179808 kB
Node 1 Mapped:            40720 kB
Node 1 AnonPages:         42568 kB
Node 1 Shmem:               564 kB
Node 1 KernelStack:        1656 kB
Node 1 PageTables:         1528 kB
Node 1 NFS_Unstable:          0 kB
Node 1 Bounce:                0 kB
Node 1 WritebackTmp:          0 kB
Node 1 KReclaimable:      25376 kB
Node 1 Slab:              65700 kB
Node 1 SReclaimable:      25376 kB
Node 1 SUnreclaim:        40324 kB
Node 1 AnonHugePages:         0 kB
Node 1 ShmemHugePages:        0 kB
Node 1 ShmemPmdMapped:        0 kB
Node 1 FileHugePages:        0 kB
Node 1 FilePmdMapped:        0 kB
Node 1 HugePages_Total:     0
Node 1 HugePages_Free:      0
Node 1 HugePages_Surp:      0

Import tank ZPool
Node 0 MemTotal:       24768352 kB
Node 0 MemFree:        24498300 kB
Node 0 MemUsed:          270052 kB
Node 0 Active:            42256 kB
Node 0 Inactive:          68476 kB
Node 0 Active(anon):      13060 kB
Node 0 Inactive(anon):      520 kB
Node 0 Active(file):      29196 kB
Node 0 Inactive(file):    67956 kB
Node 0 Unevictable:        5948 kB
Node 0 Mlocked:            5948 kB
Node 0 Dirty:                28 kB
Node 0 Writeback:             0 kB
Node 0 FilePages:        103816 kB
Node 0 Mapped:            20760 kB
Node 0 AnonPages:         12324 kB
Node 0 Shmem:               700 kB
Node 0 KernelStack:        3320 kB
Node 0 PageTables:          364 kB
Node 0 NFS_Unstable:          0 kB
Node 0 Bounce:                0 kB
Node 0 WritebackTmp:          0 kB
Node 0 KReclaimable:      18916 kB
Node 0 Slab:              55748 kB
Node 0 SReclaimable:      18916 kB
Node 0 SUnreclaim:        36832 kB
Node 0 AnonHugePages:         0 kB
Node 0 ShmemHugePages:        0 kB
Node 0 ShmemPmdMapped:        0 kB
Node 0 FileHugePages:        0 kB
Node 0 FilePmdMapped:        0 kB
Node 0 HugePages_Total:     0
Node 0 HugePages_Free:      0
Node 0 HugePages_Surp:      0

Node 1 MemTotal:       24661580 kB
Node 1 MemFree:        24167960 kB
Node 1 MemUsed:          493620 kB
Node 1 Active:            58476 kB
Node 1 Inactive:         141468 kB
Node 1 Active(anon):      21096 kB
Node 1 Inactive(anon):      428 kB
Node 1 Active(file):      37380 kB
Node 1 Inactive(file):   141040 kB
Node 1 Unevictable:       12804 kB
Node 1 Mlocked:           12804 kB
Node 1 Dirty:               472 kB
Node 1 Writeback:             0 kB
Node 1 FilePages:        181252 kB
Node 1 Mapped:            38876 kB
Node 1 AnonPages:         31368 kB
Node 1 Shmem:               568 kB
Node 1 KernelStack:        1400 kB
Node 1 PageTables:          776 kB
Node 1 NFS_Unstable:          0 kB
Node 1 Bounce:                0 kB
Node 1 WritebackTmp:          0 kB
Node 1 KReclaimable:      25472 kB
Node 1 Slab:              65888 kB
Node 1 SReclaimable:      25472 kB
Node 1 SUnreclaim:        40416 kB
Node 1 AnonHugePages:         0 kB
Node 1 ShmemHugePages:        0 kB
Node 1 ShmemPmdMapped:        0 kB
Node 1 FileHugePages:        0 kB
Node 1 FilePmdMapped:        0 kB
Node 1 HugePages_Total:     0
Node 1 HugePages_Free:      0
Node 1 HugePages_Surp:      0

After Test
Node 0 MemTotal:       24768352 kB
Node 0 MemFree:        24436376 kB
Node 0 MemUsed:          331976 kB
Node 0 Active:            41876 kB
Node 0 Inactive:          68464 kB
Node 0 Active(anon):      12648 kB
Node 0 Inactive(anon):      520 kB
Node 0 Active(file):      29228 kB
Node 0 Inactive(file):    67944 kB
Node 0 Unevictable:        5948 kB
Node 0 Mlocked:            5948 kB
Node 0 Dirty:                12 kB
Node 0 Writeback:             0 kB
Node 0 FilePages:        103816 kB
Node 0 Mapped:            20524 kB
Node 0 AnonPages:         12480 kB
Node 0 Shmem:               700 kB
Node 0 KernelStack:        3416 kB
Node 0 PageTables:          340 kB
Node 0 NFS_Unstable:          0 kB
Node 0 Bounce:                0 kB
Node 0 WritebackTmp:          0 kB
Node 0 KReclaimable:      18972 kB
Node 0 Slab:              55860 kB
Node 0 SReclaimable:      18972 kB
Node 0 SUnreclaim:        36888 kB
Node 0 AnonHugePages:         0 kB
Node 0 ShmemHugePages:        0 kB
Node 0 ShmemPmdMapped:        0 kB
Node 0 FileHugePages:        0 kB
Node 0 FilePmdMapped:        0 kB
Node 0 HugePages_Total:     0
Node 0 HugePages_Free:      0
Node 0 HugePages_Surp:      0

Node 1 MemTotal:       24661580 kB
Node 1 MemFree:        23170112 kB
Node 1 MemUsed:         1491468 kB
Node 1 Active:            59024 kB
Node 1 Inactive:         141232 kB
Node 1 Active(anon):      20924 kB
Node 1 Inactive(anon):      428 kB
Node 1 Active(file):      38100 kB
Node 1 Inactive(file):   140804 kB
Node 1 Unevictable:       12804 kB
Node 1 Mlocked:           12804 kB
Node 1 Dirty:                28 kB
Node 1 Writeback:             0 kB
Node 1 FilePages:        181724 kB
Node 1 Mapped:            38972 kB
Node 1 AnonPages:         31364 kB
Node 1 Shmem:               568 kB
Node 1 KernelStack:        1400 kB
Node 1 PageTables:          796 kB
Node 1 NFS_Unstable:          0 kB
Node 1 Bounce:                0 kB
Node 1 WritebackTmp:          0 kB
Node 1 KReclaimable:      25512 kB
Node 1 Slab:              72376 kB
Node 1 SReclaimable:      25512 kB
Node 1 SUnreclaim:        46864 kB
Node 1 AnonHugePages:         0 kB
Node 1 ShmemHugePages:        0 kB
Node 1 ShmemPmdMapped:        0 kB
Node 1 FileHugePages:        0 kB
Node 1 FilePmdMapped:        0 kB
Node 1 HugePages_Total:     0
Node 1 HugePages_Free:      0
Node 1 HugePages_Surp:      0

After Opposite Node
Node 0 MemTotal:       24768352 kB
Node 0 MemFree:        24435704 kB
Node 0 MemUsed:          332648 kB
Node 0 Active:            42256 kB
Node 0 Inactive:          68424 kB
Node 0 Active(anon):      12988 kB
Node 0 Inactive(anon):      512 kB
Node 0 Active(file):      29268 kB
Node 0 Inactive(file):    67912 kB
Node 0 Unevictable:        5948 kB
Node 0 Mlocked:            5948 kB
Node 0 Dirty:                16 kB
Node 0 Writeback:             0 kB
Node 0 FilePages:        103824 kB
Node 0 Mapped:            20524 kB
Node 0 AnonPages:         12824 kB
Node 0 Shmem:               700 kB
Node 0 KernelStack:        3432 kB
Node 0 PageTables:          392 kB
Node 0 NFS_Unstable:          0 kB
Node 0 Bounce:                0 kB
Node 0 WritebackTmp:          0 kB
Node 0 KReclaimable:      19004 kB
Node 0 Slab:              56012 kB
Node 0 SReclaimable:      19004 kB
Node 0 SUnreclaim:        37008 kB
Node 0 AnonHugePages:         0 kB
Node 0 ShmemHugePages:        0 kB
Node 0 ShmemPmdMapped:        0 kB
Node 0 FileHugePages:        0 kB
Node 0 FilePmdMapped:        0 kB
Node 0 HugePages_Total:     0
Node 0 HugePages_Free:      0
Node 0 HugePages_Surp:      0

Node 1 MemTotal:       24661580 kB
Node 1 MemFree:        23170876 kB
Node 1 MemUsed:         1490704 kB
Node 1 Active:            58948 kB
Node 1 Inactive:         141008 kB
Node 1 Active(anon):      20608 kB
Node 1 Inactive(anon):      428 kB
Node 1 Active(file):      38340 kB
Node 1 Inactive(file):   140580 kB
Node 1 Unevictable:       12804 kB
Node 1 Mlocked:           12804 kB
Node 1 Dirty:                44 kB
Node 1 Writeback:             0 kB
Node 1 FilePages:        181736 kB
Node 1 Mapped:            38764 kB
Node 1 AnonPages:         31024 kB
Node 1 Shmem:               568 kB
Node 1 KernelStack:        1400 kB
Node 1 PageTables:          744 kB
Node 1 NFS_Unstable:          0 kB
Node 1 Bounce:                0 kB
Node 1 WritebackTmp:          0 kB
Node 1 KReclaimable:      25512 kB
Node 1 Slab:              72376 kB
Node 1 SReclaimable:      25512 kB
Node 1 SUnreclaim:        46864 kB
Node 1 AnonHugePages:         0 kB
Node 1 ShmemHugePages:        0 kB
Node 1 ShmemPmdMapped:        0 kB
Node 1 FileHugePages:        0 kB
Node 1 FilePmdMapped:        0 kB
Node 1 HugePages_Total:     0
Node 1 HugePages_Free:      0
Node 1 HugePages_Surp:      0

B.1.simpleread.500M.2.O Complete!
