kernel.numa_balancing = 0
B.1.simpleread.2-1G.1.O
Begin
Node 0 MemTotal:       24743736 kB
Node 0 MemFree:        24343396 kB
Node 0 MemUsed:          400340 kB
Node 0 Active:            60800 kB
Node 0 Inactive:          39508 kB
Node 0 Active(anon):      14468 kB
Node 0 Inactive(anon):      476 kB
Node 0 Active(file):      46332 kB
Node 0 Inactive(file):    39032 kB
Node 0 Unevictable:       17344 kB
Node 0 Mlocked:           17344 kB
Node 0 Dirty:               140 kB
Node 0 Writeback:             0 kB
Node 0 FilePages:         93036 kB
Node 0 Mapped:            34120 kB
Node 0 AnonPages:         24760 kB
Node 0 Shmem:               660 kB
Node 0 KernelStack:        1976 kB
Node 0 PageTables:          588 kB
Node 0 NFS_Unstable:          0 kB
Node 0 Bounce:                0 kB
Node 0 WritebackTmp:          0 kB
Node 0 KReclaimable:      25072 kB
Node 0 Slab:              61888 kB
Node 0 SReclaimable:      25072 kB
Node 0 SUnreclaim:        36816 kB
Node 0 AnonHugePages:         0 kB
Node 0 ShmemHugePages:        0 kB
Node 0 ShmemPmdMapped:        0 kB
Node 0 FileHugePages:        0 kB
Node 0 FilePmdMapped:        0 kB
Node 0 HugePages_Total:     0
Node 0 HugePages_Free:      0
Node 0 HugePages_Surp:      0

Node 1 MemTotal:       24686196 kB
Node 1 MemFree:        24469320 kB
Node 1 MemUsed:          216876 kB
Node 1 Active:            35200 kB
Node 1 Inactive:          56652 kB
Node 1 Active(anon):      19816 kB
Node 1 Inactive(anon):      400 kB
Node 1 Active(file):      15384 kB
Node 1 Inactive(file):    56252 kB
Node 1 Unevictable:        1180 kB
Node 1 Mlocked:            1180 kB
Node 1 Dirty:               392 kB
Node 1 Writeback:             0 kB
Node 1 FilePages:         73464 kB
Node 1 Mapped:            15424 kB
Node 1 AnonPages:         19628 kB
Node 1 Shmem:               608 kB
Node 1 KernelStack:        1608 kB
Node 1 PageTables:          536 kB
Node 1 NFS_Unstable:          0 kB
Node 1 Bounce:                0 kB
Node 1 WritebackTmp:          0 kB
Node 1 KReclaimable:      17100 kB
Node 1 Slab:              45504 kB
Node 1 SReclaimable:      17100 kB
Node 1 SUnreclaim:        28404 kB
Node 1 AnonHugePages:         0 kB
Node 1 ShmemHugePages:        0 kB
Node 1 ShmemPmdMapped:        0 kB
Node 1 FileHugePages:        0 kB
Node 1 FilePmdMapped:        0 kB
Node 1 HugePages_Total:     0
Node 1 HugePages_Free:      0
Node 1 HugePages_Surp:      0

Load ZFS
Node 0 MemTotal:       24743736 kB
Node 0 MemFree:        24456428 kB
Node 0 MemUsed:          287308 kB
Node 0 Active:            76288 kB
Node 0 Inactive:          40808 kB
Node 0 Active(anon):      28772 kB
Node 0 Inactive(anon):      472 kB
Node 0 Active(file):      47516 kB
Node 0 Inactive(file):    40336 kB
Node 0 Unevictable:       17544 kB
Node 0 Mlocked:           17544 kB
Node 0 Dirty:               340 kB
Node 0 Writeback:             0 kB
Node 0 FilePages:         95488 kB
Node 0 Mapped:            36284 kB
Node 0 AnonPages:         39444 kB
Node 0 Shmem:               624 kB
Node 0 KernelStack:        2180 kB
Node 0 PageTables:         2140 kB
Node 0 NFS_Unstable:          0 kB
Node 0 Bounce:                0 kB
Node 0 WritebackTmp:          0 kB
Node 0 KReclaimable:      25992 kB
Node 0 Slab:              65096 kB
Node 0 SReclaimable:      25992 kB
Node 0 SUnreclaim:        39104 kB
Node 0 AnonHugePages:         0 kB
Node 0 ShmemHugePages:        0 kB
Node 0 ShmemPmdMapped:        0 kB
Node 0 FileHugePages:        0 kB
Node 0 FilePmdMapped:        0 kB
Node 0 HugePages_Total:     0
Node 0 HugePages_Free:      0
Node 0 HugePages_Surp:      0

Node 1 MemTotal:       24686196 kB
Node 1 MemFree:        24211196 kB
Node 1 MemUsed:          475000 kB
Node 1 Active:            46608 kB
Node 1 Inactive:         158968 kB
Node 1 Active(anon):      30104 kB
Node 1 Inactive(anon):      468 kB
Node 1 Active(file):      16504 kB
Node 1 Inactive(file):   158500 kB
Node 1 Unevictable:        1180 kB
Node 1 Mlocked:            1180 kB
Node 1 Dirty:               252 kB
Node 1 Writeback:             0 kB
Node 1 FilePages:        176828 kB
Node 1 Mapped:            17948 kB
Node 1 AnonPages:         29884 kB
Node 1 Shmem:               644 kB
Node 1 KernelStack:        2052 kB
Node 1 PageTables:         1672 kB
Node 1 NFS_Unstable:          0 kB
Node 1 Bounce:                0 kB
Node 1 WritebackTmp:          0 kB
Node 1 KReclaimable:      17880 kB
Node 1 Slab:              49712 kB
Node 1 SReclaimable:      17880 kB
Node 1 SUnreclaim:        31832 kB
Node 1 AnonHugePages:         0 kB
Node 1 ShmemHugePages:        0 kB
Node 1 ShmemPmdMapped:        0 kB
Node 1 FileHugePages:        0 kB
Node 1 FilePmdMapped:        0 kB
Node 1 HugePages_Total:     0
Node 1 HugePages_Free:      0
Node 1 HugePages_Surp:      0

Import tank ZPool
Node 0 MemTotal:       24743736 kB
Node 0 MemFree:        24458020 kB
Node 0 MemUsed:          285716 kB
Node 0 Active:            75952 kB
Node 0 Inactive:          40808 kB
Node 0 Active(anon):      28436 kB
Node 0 Inactive(anon):      472 kB
Node 0 Active(file):      47516 kB
Node 0 Inactive(file):    40336 kB
Node 0 Unevictable:       17576 kB
Node 0 Mlocked:           17576 kB
Node 0 Dirty:               352 kB
Node 0 Writeback:             0 kB
Node 0 FilePages:         95512 kB
Node 0 Mapped:            36000 kB
Node 0 AnonPages:         38852 kB
Node 0 Shmem:               616 kB
Node 0 KernelStack:        2104 kB
Node 0 PageTables:         1256 kB
Node 0 NFS_Unstable:          0 kB
Node 0 Bounce:                0 kB
Node 0 WritebackTmp:          0 kB
Node 0 KReclaimable:      25996 kB
Node 0 Slab:              65196 kB
Node 0 SReclaimable:      25996 kB
Node 0 SUnreclaim:        39200 kB
Node 0 AnonHugePages:         0 kB
Node 0 ShmemHugePages:        0 kB
Node 0 ShmemPmdMapped:        0 kB
Node 0 FileHugePages:        0 kB
Node 0 FilePmdMapped:        0 kB
Node 0 HugePages_Total:     0
Node 0 HugePages_Free:      0
Node 0 HugePages_Surp:      0

Node 1 MemTotal:       24686196 kB
Node 1 MemFree:        24194896 kB
Node 1 MemUsed:          491300 kB
Node 1 Active:            46976 kB
Node 1 Inactive:         160108 kB
Node 1 Active(anon):      30108 kB
Node 1 Inactive(anon):      476 kB
Node 1 Active(file):      16868 kB
Node 1 Inactive(file):   159632 kB
Node 1 Unevictable:        1180 kB
Node 1 Mlocked:            1180 kB
Node 1 Dirty:               196 kB
Node 1 Writeback:             0 kB
Node 1 FilePages:        178348 kB
Node 1 Mapped:            17484 kB
Node 1 AnonPages:         29708 kB
Node 1 Shmem:               652 kB
Node 1 KernelStack:        3064 kB
Node 1 PageTables:         1420 kB
Node 1 NFS_Unstable:          0 kB
Node 1 Bounce:                0 kB
Node 1 WritebackTmp:          0 kB
Node 1 KReclaimable:      18012 kB
Node 1 Slab:              55864 kB
Node 1 SReclaimable:      18012 kB
Node 1 SUnreclaim:        37852 kB
Node 1 AnonHugePages:         0 kB
Node 1 ShmemHugePages:        0 kB
Node 1 ShmemPmdMapped:        0 kB
Node 1 FileHugePages:        0 kB
Node 1 FilePmdMapped:        0 kB
Node 1 HugePages_Total:     0
Node 1 HugePages_Free:      0
Node 1 HugePages_Surp:      0

After Test
Node 0 MemTotal:       24743736 kB
Node 0 MemFree:        24398308 kB
Node 0 MemUsed:          345428 kB
Node 0 Active:            61852 kB
Node 0 Inactive:          40536 kB
Node 0 Active(anon):      14032 kB
Node 0 Inactive(anon):      472 kB
Node 0 Active(file):      47820 kB
Node 0 Inactive(file):    40064 kB
Node 0 Unevictable:       17576 kB
Node 0 Mlocked:           17576 kB
Node 0 Dirty:               276 kB
Node 0 Writeback:             0 kB
Node 0 FilePages:         95512 kB
Node 0 Mapped:            34188 kB
Node 0 AnonPages:         24460 kB
Node 0 Shmem:               616 kB
Node 0 KernelStack:        1960 kB
Node 0 PageTables:          520 kB
Node 0 NFS_Unstable:          0 kB
Node 0 Bounce:                0 kB
Node 0 WritebackTmp:          0 kB
Node 0 KReclaimable:      26012 kB
Node 0 Slab:              65096 kB
Node 0 SReclaimable:      26012 kB
Node 0 SUnreclaim:        39084 kB
Node 0 AnonHugePages:         0 kB
Node 0 ShmemHugePages:        0 kB
Node 0 ShmemPmdMapped:        0 kB
Node 0 FileHugePages:        0 kB
Node 0 FilePmdMapped:        0 kB
Node 0 HugePages_Total:     0
Node 0 HugePages_Free:      0
Node 0 HugePages_Surp:      0

Node 1 MemTotal:       24686196 kB
Node 1 MemFree:        22405612 kB
Node 1 MemUsed:         2280584 kB
Node 1 Active:            37624 kB
Node 1 Inactive:         159564 kB
Node 1 Active(anon):      19728 kB
Node 1 Inactive(anon):      468 kB
Node 1 Active(file):      17896 kB
Node 1 Inactive(file):   159096 kB
Node 1 Unevictable:        1180 kB
Node 1 Mlocked:            1180 kB
Node 1 Dirty:               172 kB
Node 1 Writeback:             0 kB
Node 1 FilePages:        178828 kB
Node 1 Mapped:            15432 kB
Node 1 AnonPages:         19620 kB
Node 1 Shmem:               652 kB
Node 1 KernelStack:        2680 kB
Node 1 PageTables:          592 kB
Node 1 NFS_Unstable:          0 kB
Node 1 Bounce:                0 kB
Node 1 WritebackTmp:          0 kB
Node 1 KReclaimable:      18044 kB
Node 1 Slab:              65112 kB
Node 1 SReclaimable:      18044 kB
Node 1 SUnreclaim:        47068 kB
Node 1 AnonHugePages:         0 kB
Node 1 ShmemHugePages:        0 kB
Node 1 ShmemPmdMapped:        0 kB
Node 1 FileHugePages:        0 kB
Node 1 FilePmdMapped:        0 kB
Node 1 HugePages_Total:     0
Node 1 HugePages_Free:      0
Node 1 HugePages_Surp:      0

After Opposite Node
Node 0 MemTotal:       24743736 kB
Node 0 MemFree:        24397440 kB
Node 0 MemUsed:          346296 kB
Node 0 Active:            62416 kB
Node 0 Inactive:          40300 kB
Node 0 Active(anon):      14352 kB
Node 0 Inactive(anon):      472 kB
Node 0 Active(file):      48064 kB
Node 0 Inactive(file):    39828 kB
Node 0 Unevictable:       17576 kB
Node 0 Mlocked:           17576 kB
Node 0 Dirty:               280 kB
Node 0 Writeback:             0 kB
Node 0 FilePages:         95520 kB
Node 0 Mapped:            34196 kB
Node 0 AnonPages:         24772 kB
Node 0 Shmem:               616 kB
Node 0 KernelStack:        1960 kB
Node 0 PageTables:          568 kB
Node 0 NFS_Unstable:          0 kB
Node 0 Bounce:                0 kB
Node 0 WritebackTmp:          0 kB
Node 0 KReclaimable:      26044 kB
Node 0 Slab:              65196 kB
Node 0 SReclaimable:      26044 kB
Node 0 SUnreclaim:        39152 kB
Node 0 AnonHugePages:         0 kB
Node 0 ShmemHugePages:        0 kB
Node 0 ShmemPmdMapped:        0 kB
Node 0 FileHugePages:        0 kB
Node 0 FilePmdMapped:        0 kB
Node 0 HugePages_Total:     0
Node 0 HugePages_Free:      0
Node 0 HugePages_Surp:      0

Node 1 MemTotal:       24686196 kB
Node 1 MemFree:        22406864 kB
Node 1 MemUsed:         2279332 kB
Node 1 Active:            37384 kB
Node 1 Inactive:         159552 kB
Node 1 Active(anon):      19460 kB
Node 1 Inactive(anon):      468 kB
Node 1 Active(file):      17924 kB
Node 1 Inactive(file):   159084 kB
Node 1 Unevictable:        1180 kB
Node 1 Mlocked:            1180 kB
Node 1 Dirty:               184 kB
Node 1 Writeback:             0 kB
Node 1 FilePages:        178840 kB
Node 1 Mapped:            15424 kB
Node 1 AnonPages:         19276 kB
Node 1 Shmem:               652 kB
Node 1 KernelStack:        2696 kB
Node 1 PageTables:          536 kB
Node 1 NFS_Unstable:          0 kB
Node 1 Bounce:                0 kB
Node 1 WritebackTmp:          0 kB
Node 1 KReclaimable:      18044 kB
Node 1 Slab:              65216 kB
Node 1 SReclaimable:      18044 kB
Node 1 SUnreclaim:        47172 kB
Node 1 AnonHugePages:         0 kB
Node 1 ShmemHugePages:        0 kB
Node 1 ShmemPmdMapped:        0 kB
Node 1 FileHugePages:        0 kB
Node 1 FilePmdMapped:        0 kB
Node 1 HugePages_Total:     0
Node 1 HugePages_Free:      0
Node 1 HugePages_Surp:      0

B.1.simpleread.2-1G.1.O Complete!
