kernel.numa_balancing = 0
B.1.simpleread.2G.2.O
Begin
Node 0 MemTotal:       24743736 kB
Node 0 MemFree:        24563252 kB
Node 0 MemUsed:          180484 kB
Node 0 Active:            32880 kB
Node 0 Inactive:          18292 kB
Node 0 Active(anon):      17424 kB
Node 0 Inactive(anon):      344 kB
Node 0 Active(file):      15456 kB
Node 0 Inactive(file):    17948 kB
Node 0 Unevictable:        1124 kB
Node 0 Mlocked:            1124 kB
Node 0 Dirty:                 4 kB
Node 0 Writeback:             0 kB
Node 0 FilePages:         35096 kB
Node 0 Mapped:            10864 kB
Node 0 AnonPages:         17244 kB
Node 0 Shmem:               560 kB
Node 0 KernelStack:        2328 kB
Node 0 PageTables:          456 kB
Node 0 NFS_Unstable:          0 kB
Node 0 Bounce:                0 kB
Node 0 WritebackTmp:          0 kB
Node 0 KReclaimable:      14400 kB
Node 0 Slab:              46612 kB
Node 0 SReclaimable:      14400 kB
Node 0 SUnreclaim:        32212 kB
Node 0 AnonHugePages:         0 kB
Node 0 ShmemHugePages:        0 kB
Node 0 ShmemPmdMapped:        0 kB
Node 0 FileHugePages:        0 kB
Node 0 FilePmdMapped:        0 kB
Node 0 HugePages_Total:     0
Node 0 HugePages_Free:      0
Node 0 HugePages_Surp:      0

Node 1 MemTotal:       24686196 kB
Node 1 MemFree:        24206756 kB
Node 1 MemUsed:          479440 kB
Node 1 Active:            65772 kB
Node 1 Inactive:         117732 kB
Node 1 Active(anon):      16344 kB
Node 1 Inactive(anon):      548 kB
Node 1 Active(file):      49428 kB
Node 1 Inactive(file):   117184 kB
Node 1 Unevictable:       17396 kB
Node 1 Mlocked:           17396 kB
Node 1 Dirty:               108 kB
Node 1 Writeback:             0 kB
Node 1 FilePages:        174428 kB
Node 1 Mapped:            72552 kB
Node 1 AnonPages:         26552 kB
Node 1 Shmem:               708 kB
Node 1 KernelStack:        1304 kB
Node 1 PageTables:          808 kB
Node 1 NFS_Unstable:          0 kB
Node 1 Bounce:                0 kB
Node 1 WritebackTmp:          0 kB
Node 1 KReclaimable:      27668 kB
Node 1 Slab:              59696 kB
Node 1 SReclaimable:      27668 kB
Node 1 SUnreclaim:        32028 kB
Node 1 AnonHugePages:         0 kB
Node 1 ShmemHugePages:        0 kB
Node 1 ShmemPmdMapped:        0 kB
Node 1 FileHugePages:        0 kB
Node 1 FilePmdMapped:        0 kB
Node 1 HugePages_Total:     0
Node 1 HugePages_Free:      0
Node 1 HugePages_Surp:      0

Load ZFS
Node 0 MemTotal:       24743736 kB
Node 0 MemFree:        24520204 kB
Node 0 MemUsed:          223532 kB
Node 0 Active:            54556 kB
Node 0 Inactive:          32804 kB
Node 0 Active(anon):      38060 kB
Node 0 Inactive(anon):      540 kB
Node 0 Active(file):      16496 kB
Node 0 Inactive(file):    32264 kB
Node 0 Unevictable:        1124 kB
Node 0 Mlocked:            1124 kB
Node 0 Dirty:                76 kB
Node 0 Writeback:             0 kB
Node 0 FilePages:         50628 kB
Node 0 Mapped:            12308 kB
Node 0 AnonPages:         38088 kB
Node 0 Shmem:               744 kB
Node 0 KernelStack:        2876 kB
Node 0 PageTables:         1896 kB
Node 0 NFS_Unstable:          0 kB
Node 0 Bounce:                0 kB
Node 0 WritebackTmp:          0 kB
Node 0 KReclaimable:      15120 kB
Node 0 Slab:              49968 kB
Node 0 SReclaimable:      15120 kB
Node 0 SUnreclaim:        34848 kB
Node 0 AnonHugePages:         0 kB
Node 0 ShmemHugePages:        0 kB
Node 0 ShmemPmdMapped:        0 kB
Node 0 FileHugePages:        0 kB
Node 0 FilePmdMapped:        0 kB
Node 0 HugePages_Total:     0
Node 0 HugePages_Free:      0
Node 0 HugePages_Surp:      0

Node 1 MemTotal:       24686196 kB
Node 1 MemFree:        24106116 kB
Node 1 MemUsed:          580080 kB
Node 1 Active:            72064 kB
Node 1 Inactive:         206872 kB
Node 1 Active(anon):      21460 kB
Node 1 Inactive(anon):      404 kB
Node 1 Active(file):      50604 kB
Node 1 Inactive(file):   206468 kB
Node 1 Unevictable:       17608 kB
Node 1 Mlocked:           17608 kB
Node 1 Dirty:               376 kB
Node 1 Writeback:             0 kB
Node 1 FilePages:        264664 kB
Node 1 Mapped:            75092 kB
Node 1 AnonPages:         32060 kB
Node 1 Shmem:               524 kB
Node 1 KernelStack:        1396 kB
Node 1 PageTables:          964 kB
Node 1 NFS_Unstable:          0 kB
Node 1 Bounce:                0 kB
Node 1 WritebackTmp:          0 kB
Node 1 KReclaimable:      28688 kB
Node 1 Slab:              63220 kB
Node 1 SReclaimable:      28688 kB
Node 1 SUnreclaim:        34532 kB
Node 1 AnonHugePages:         0 kB
Node 1 ShmemHugePages:        0 kB
Node 1 ShmemPmdMapped:        0 kB
Node 1 FileHugePages:        0 kB
Node 1 FilePmdMapped:        0 kB
Node 1 HugePages_Total:     0
Node 1 HugePages_Free:      0
Node 1 HugePages_Surp:      0

Import tank ZPool
Node 0 MemTotal:       24743736 kB
Node 0 MemFree:        24507632 kB
Node 0 MemUsed:          236104 kB
Node 0 Active:            54520 kB
Node 0 Inactive:          32804 kB
Node 0 Active(anon):      37992 kB
Node 0 Inactive(anon):      536 kB
Node 0 Active(file):      16528 kB
Node 0 Inactive(file):    32268 kB
Node 0 Unevictable:        1124 kB
Node 0 Mlocked:            1124 kB
Node 0 Dirty:                 8 kB
Node 0 Writeback:             0 kB
Node 0 FilePages:         50664 kB
Node 0 Mapped:            12308 kB
Node 0 AnonPages:         37784 kB
Node 0 Shmem:               744 kB
Node 0 KernelStack:        3912 kB
Node 0 PageTables:         1744 kB
Node 0 NFS_Unstable:          0 kB
Node 0 Bounce:                0 kB
Node 0 WritebackTmp:          0 kB
Node 0 KReclaimable:      15120 kB
Node 0 Slab:              52380 kB
Node 0 SReclaimable:      15120 kB
Node 0 SUnreclaim:        37260 kB
Node 0 AnonHugePages:         0 kB
Node 0 ShmemHugePages:        0 kB
Node 0 ShmemPmdMapped:        0 kB
Node 0 FileHugePages:        0 kB
Node 0 FilePmdMapped:        0 kB
Node 0 HugePages_Total:     0
Node 0 HugePages_Free:      0
Node 0 HugePages_Surp:      0

Node 1 MemTotal:       24686196 kB
Node 1 MemFree:        24099188 kB
Node 1 MemUsed:          587008 kB
Node 1 Active:            72976 kB
Node 1 Inactive:         208104 kB
Node 1 Active(anon):      21928 kB
Node 1 Inactive(anon):      412 kB
Node 1 Active(file):      51048 kB
Node 1 Inactive(file):   207692 kB
Node 1 Unevictable:       17624 kB
Node 1 Mlocked:           17624 kB
Node 1 Dirty:                44 kB
Node 1 Writeback:             0 kB
Node 1 FilePages:        266352 kB
Node 1 Mapped:            75356 kB
Node 1 AnonPages:         32148 kB
Node 1 Shmem:               524 kB
Node 1 KernelStack:        1336 kB
Node 1 PageTables:         1016 kB
Node 1 NFS_Unstable:          0 kB
Node 1 Bounce:                0 kB
Node 1 WritebackTmp:          0 kB
Node 1 KReclaimable:      28848 kB
Node 1 Slab:              68400 kB
Node 1 SReclaimable:      28848 kB
Node 1 SUnreclaim:        39552 kB
Node 1 AnonHugePages:         0 kB
Node 1 ShmemHugePages:        0 kB
Node 1 ShmemPmdMapped:        0 kB
Node 1 FileHugePages:        0 kB
Node 1 FilePmdMapped:        0 kB
Node 1 HugePages_Total:     0
Node 1 HugePages_Free:      0
Node 1 HugePages_Surp:      0

After Test
Node 0 MemTotal:       24743736 kB
Node 0 MemFree:        24066388 kB
Node 0 MemUsed:          677348 kB
Node 0 Active:            33184 kB
Node 0 Inactive:          32664 kB
Node 0 Active(anon):      16484 kB
Node 0 Inactive(anon):      532 kB
Node 0 Active(file):      16700 kB
Node 0 Inactive(file):    32132 kB
Node 0 Unevictable:        1124 kB
Node 0 Mlocked:            1124 kB
Node 0 Dirty:                 8 kB
Node 0 Writeback:             0 kB
Node 0 FilePages:         50704 kB
Node 0 Mapped:            10988 kB
Node 0 AnonPages:         16276 kB
Node 0 Shmem:               740 kB
Node 0 KernelStack:        3368 kB
Node 0 PageTables:          392 kB
Node 0 NFS_Unstable:          0 kB
Node 0 Bounce:                0 kB
Node 0 WritebackTmp:          0 kB
Node 0 KReclaimable:      15136 kB
Node 0 Slab:              54084 kB
Node 0 SReclaimable:      15136 kB
Node 0 SUnreclaim:        38948 kB
Node 0 AnonHugePages:         0 kB
Node 0 ShmemHugePages:        0 kB
Node 0 ShmemPmdMapped:        0 kB
Node 0 FileHugePages:        0 kB
Node 0 FilePmdMapped:        0 kB
Node 0 HugePages_Total:     0
Node 0 HugePages_Free:      0
Node 0 HugePages_Surp:      0

Node 1 MemTotal:       24686196 kB
Node 1 MemFree:        21638220 kB
Node 1 MemUsed:         3047976 kB
Node 1 Active:            69312 kB
Node 1 Inactive:         207372 kB
Node 1 Active(anon):      17052 kB
Node 1 Inactive(anon):      408 kB
Node 1 Active(file):      52260 kB
Node 1 Inactive(file):   206964 kB
Node 1 Unevictable:       17624 kB
Node 1 Mlocked:           17624 kB
Node 1 Dirty:                20 kB
Node 1 Writeback:             0 kB
Node 1 FilePages:        266820 kB
Node 1 Mapped:            72672 kB
Node 1 AnonPages:         27516 kB
Node 1 Shmem:               528 kB
Node 1 KernelStack:        1272 kB
Node 1 PageTables:          840 kB
Node 1 NFS_Unstable:          0 kB
Node 1 Bounce:                0 kB
Node 1 WritebackTmp:          0 kB
Node 1 KReclaimable:      29096 kB
Node 1 Slab:              80236 kB
Node 1 SReclaimable:      29096 kB
Node 1 SUnreclaim:        51140 kB
Node 1 AnonHugePages:         0 kB
Node 1 ShmemHugePages:        0 kB
Node 1 ShmemPmdMapped:        0 kB
Node 1 FileHugePages:        0 kB
Node 1 FilePmdMapped:        0 kB
Node 1 HugePages_Total:     0
Node 1 HugePages_Free:      0
Node 1 HugePages_Surp:      0

After Opposite Node
Node 0 MemTotal:       24743736 kB
Node 0 MemFree:        24068780 kB
Node 0 MemUsed:          674956 kB
Node 0 Active:            33792 kB
Node 0 Inactive:          32432 kB
Node 0 Active(anon):      16832 kB
Node 0 Inactive(anon):      532 kB
Node 0 Active(file):      16960 kB
Node 0 Inactive(file):    31900 kB
Node 0 Unevictable:        1124 kB
Node 0 Mlocked:            1124 kB
Node 0 Dirty:                24 kB
Node 0 Writeback:             0 kB
Node 0 FilePages:         50732 kB
Node 0 Mapped:            11188 kB
Node 0 AnonPages:         16624 kB
Node 0 Shmem:               740 kB
Node 0 KernelStack:        3352 kB
Node 0 PageTables:          448 kB
Node 0 NFS_Unstable:          0 kB
Node 0 Bounce:                0 kB
Node 0 WritebackTmp:          0 kB
Node 0 KReclaimable:      15168 kB
Node 0 Slab:              54208 kB
Node 0 SReclaimable:      15168 kB
Node 0 SUnreclaim:        39040 kB
Node 0 AnonHugePages:         0 kB
Node 0 ShmemHugePages:        0 kB
Node 0 ShmemPmdMapped:        0 kB
Node 0 FileHugePages:        0 kB
Node 0 FilePmdMapped:        0 kB
Node 0 HugePages_Total:     0
Node 0 HugePages_Free:      0
Node 0 HugePages_Surp:      0

Node 1 MemTotal:       24686196 kB
Node 1 MemFree:        21639012 kB
Node 1 MemUsed:         3047184 kB
Node 1 Active:            69068 kB
Node 1 Inactive:         207320 kB
Node 1 Active(anon):      16744 kB
Node 1 Inactive(anon):      408 kB
Node 1 Active(file):      52324 kB
Node 1 Inactive(file):   206912 kB
Node 1 Unevictable:       17624 kB
Node 1 Mlocked:           17624 kB
Node 1 Dirty:                48 kB
Node 1 Writeback:             0 kB
Node 1 FilePages:        266832 kB
Node 1 Mapped:            72656 kB
Node 1 AnonPages:         27176 kB
Node 1 Shmem:               528 kB
Node 1 KernelStack:        1288 kB
Node 1 PageTables:          788 kB
Node 1 NFS_Unstable:          0 kB
Node 1 Bounce:                0 kB
Node 1 WritebackTmp:          0 kB
Node 1 KReclaimable:      29136 kB
Node 1 Slab:              80476 kB
Node 1 SReclaimable:      29136 kB
Node 1 SUnreclaim:        51340 kB
Node 1 AnonHugePages:         0 kB
Node 1 ShmemHugePages:        0 kB
Node 1 ShmemPmdMapped:        0 kB
Node 1 FileHugePages:        0 kB
Node 1 FilePmdMapped:        0 kB
Node 1 HugePages_Total:     0
Node 1 HugePages_Free:      0
Node 1 HugePages_Surp:      0

B.1.simpleread.2G.2.O Complete!
