kernel.numa_balancing = 0
B.1.simpleread.250M.3.O
Begin
Node 0 MemTotal:       24743736 kB
Node 0 MemFree:        24526108 kB
Node 0 MemUsed:          217628 kB
Node 0 Active:            41116 kB
Node 0 Inactive:          34300 kB
Node 0 Active(anon):      23364 kB
Node 0 Inactive(anon):      448 kB
Node 0 Active(file):      17752 kB
Node 0 Inactive(file):    33852 kB
Node 0 Unevictable:       12536 kB
Node 0 Mlocked:           12536 kB
Node 0 Dirty:               144 kB
Node 0 Writeback:             0 kB
Node 0 FilePages:         54444 kB
Node 0 Mapped:            26296 kB
Node 0 AnonPages:         33668 kB
Node 0 Shmem:               568 kB
Node 0 KernelStack:        2008 kB
Node 0 PageTables:          656 kB
Node 0 NFS_Unstable:          0 kB
Node 0 Bounce:                0 kB
Node 0 WritebackTmp:          0 kB
Node 0 KReclaimable:      17132 kB
Node 0 Slab:              46816 kB
Node 0 SReclaimable:      17132 kB
Node 0 SUnreclaim:        29684 kB
Node 0 AnonHugePages:         0 kB
Node 0 ShmemHugePages:        0 kB
Node 0 ShmemPmdMapped:        0 kB
Node 0 FileHugePages:        0 kB
Node 0 FilePmdMapped:        0 kB
Node 0 HugePages_Total:     0
Node 0 HugePages_Free:      0
Node 0 HugePages_Surp:      0

Node 1 MemTotal:       24686196 kB
Node 1 MemFree:        24281592 kB
Node 1 MemUsed:          404604 kB
Node 1 Active:            55488 kB
Node 1 Inactive:          63564 kB
Node 1 Active(anon):      10880 kB
Node 1 Inactive(anon):      420 kB
Node 1 Active(file):      44608 kB
Node 1 Inactive(file):    63144 kB
Node 1 Unevictable:        5984 kB
Node 1 Mlocked:            5984 kB
Node 1 Dirty:               380 kB
Node 1 Writeback:             0 kB
Node 1 FilePages:        114456 kB
Node 1 Mapped:            24288 kB
Node 1 AnonPages:         10632 kB
Node 1 Shmem:               700 kB
Node 1 KernelStack:        1608 kB
Node 1 PageTables:          428 kB
Node 1 NFS_Unstable:          0 kB
Node 1 Bounce:                0 kB
Node 1 WritebackTmp:          0 kB
Node 1 KReclaimable:      25116 kB
Node 1 Slab:              60300 kB
Node 1 SReclaimable:      25116 kB
Node 1 SUnreclaim:        35184 kB
Node 1 AnonHugePages:         0 kB
Node 1 ShmemHugePages:        0 kB
Node 1 ShmemPmdMapped:        0 kB
Node 1 FileHugePages:        0 kB
Node 1 FilePmdMapped:        0 kB
Node 1 HugePages_Total:     0
Node 1 HugePages_Free:      0
Node 1 HugePages_Surp:      0

Load ZFS
Node 0 MemTotal:       24743736 kB
Node 0 MemFree:        24288908 kB
Node 0 MemUsed:          454828 kB
Node 0 Active:            53388 kB
Node 0 Inactive:         114880 kB
Node 0 Active(anon):      34400 kB
Node 0 Inactive(anon):      516 kB
Node 0 Active(file):      18988 kB
Node 0 Inactive(file):   114364 kB
Node 0 Unevictable:       12752 kB
Node 0 Mlocked:           12752 kB
Node 0 Dirty:               424 kB
Node 0 Writeback:             0 kB
Node 0 FilePages:        136200 kB
Node 0 Mapped:            27132 kB
Node 0 AnonPages:         44968 kB
Node 0 Shmem:               636 kB
Node 0 KernelStack:        2356 kB
Node 0 PageTables:         1424 kB
Node 0 NFS_Unstable:          0 kB
Node 0 Bounce:                0 kB
Node 0 WritebackTmp:          0 kB
Node 0 KReclaimable:      17880 kB
Node 0 Slab:              50696 kB
Node 0 SReclaimable:      17880 kB
Node 0 SUnreclaim:        32816 kB
Node 0 AnonHugePages:         0 kB
Node 0 ShmemHugePages:        0 kB
Node 0 ShmemPmdMapped:        0 kB
Node 0 FileHugePages:        0 kB
Node 0 FilePmdMapped:        0 kB
Node 0 HugePages_Total:     0
Node 0 HugePages_Free:      0
Node 0 HugePages_Surp:      0

Node 1 MemTotal:       24686196 kB
Node 1 MemFree:        24375136 kB
Node 1 MemUsed:          311060 kB
Node 1 Active:            71068 kB
Node 1 Inactive:          86428 kB
Node 1 Active(anon):      25296 kB
Node 1 Inactive(anon):      428 kB
Node 1 Active(file):      45772 kB
Node 1 Inactive(file):    86000 kB
Node 1 Unevictable:        5984 kB
Node 1 Mlocked:            5984 kB
Node 1 Dirty:               136 kB
Node 1 Writeback:             0 kB
Node 1 FilePages:        138384 kB
Node 1 Mapped:            27428 kB
Node 1 AnonPages:         25076 kB
Node 1 Shmem:               632 kB
Node 1 KernelStack:        1932 kB
Node 1 PageTables:         1408 kB
Node 1 NFS_Unstable:          0 kB
Node 1 Bounce:                0 kB
Node 1 WritebackTmp:          0 kB
Node 1 KReclaimable:      25716 kB
Node 1 Slab:              62440 kB
Node 1 SReclaimable:      25716 kB
Node 1 SUnreclaim:        36724 kB
Node 1 AnonHugePages:         0 kB
Node 1 ShmemHugePages:        0 kB
Node 1 ShmemPmdMapped:        0 kB
Node 1 FileHugePages:        0 kB
Node 1 FilePmdMapped:        0 kB
Node 1 HugePages_Total:     0
Node 1 HugePages_Free:      0
Node 1 HugePages_Surp:      0

Import tank ZPool
Node 0 MemTotal:       24743736 kB
Node 0 MemFree:        24294916 kB
Node 0 MemUsed:          448820 kB
Node 0 Active:            42932 kB
Node 0 Inactive:         115944 kB
Node 0 Active(anon):      23388 kB
Node 0 Inactive(anon):      524 kB
Node 0 Active(file):      19544 kB
Node 0 Inactive(file):   115420 kB
Node 0 Unevictable:       12768 kB
Node 0 Mlocked:           12768 kB
Node 0 Dirty:               488 kB
Node 0 Writeback:             0 kB
Node 0 FilePages:        137836 kB
Node 0 Mapped:            26488 kB
Node 0 AnonPages:         33308 kB
Node 0 Shmem:               640 kB
Node 0 KernelStack:        2044 kB
Node 0 PageTables:          788 kB
Node 0 NFS_Unstable:          0 kB
Node 0 Bounce:                0 kB
Node 0 WritebackTmp:          0 kB
Node 0 KReclaimable:      18036 kB
Node 0 Slab:              55500 kB
Node 0 SReclaimable:      18036 kB
Node 0 SUnreclaim:        37464 kB
Node 0 AnonHugePages:         0 kB
Node 0 ShmemHugePages:        0 kB
Node 0 ShmemPmdMapped:        0 kB
Node 0 FileHugePages:        0 kB
Node 0 FilePmdMapped:        0 kB
Node 0 HugePages_Total:     0
Node 0 HugePages_Free:      0
Node 0 HugePages_Surp:      0

Node 1 MemTotal:       24686196 kB
Node 1 MemFree:        24376460 kB
Node 1 MemUsed:          309736 kB
Node 1 Active:            57520 kB
Node 1 Inactive:          85968 kB
Node 1 Active(anon):      11276 kB
Node 1 Inactive(anon):      424 kB
Node 1 Active(file):      46244 kB
Node 1 Inactive(file):    85544 kB
Node 1 Unevictable:        5984 kB
Node 1 Mlocked:            5984 kB
Node 1 Dirty:               156 kB
Node 1 Writeback:             0 kB
Node 1 FilePages:        138412 kB
Node 1 Mapped:            24504 kB
Node 1 AnonPages:         10944 kB
Node 1 Shmem:               628 kB
Node 1 KernelStack:        2712 kB
Node 1 PageTables:          600 kB
Node 1 NFS_Unstable:          0 kB
Node 1 Bounce:                0 kB
Node 1 WritebackTmp:          0 kB
Node 1 KReclaimable:      25716 kB
Node 1 Slab:              64464 kB
Node 1 SReclaimable:      25716 kB
Node 1 SUnreclaim:        38748 kB
Node 1 AnonHugePages:         0 kB
Node 1 ShmemHugePages:        0 kB
Node 1 ShmemPmdMapped:        0 kB
Node 1 FileHugePages:        0 kB
Node 1 FilePmdMapped:        0 kB
Node 1 HugePages_Total:     0
Node 1 HugePages_Free:      0
Node 1 HugePages_Surp:      0

After Test
Node 0 MemTotal:       24743736 kB
Node 0 MemFree:        24288628 kB
Node 0 MemUsed:          455108 kB
Node 0 Active:            43140 kB
Node 0 Inactive:         115752 kB
Node 0 Active(anon):      23148 kB
Node 0 Inactive(anon):      524 kB
Node 0 Active(file):      19992 kB
Node 0 Inactive(file):   115228 kB
Node 0 Unevictable:       12768 kB
Node 0 Mlocked:           12768 kB
Node 0 Dirty:               488 kB
Node 0 Writeback:             0 kB
Node 0 FilePages:        138072 kB
Node 0 Mapped:            26316 kB
Node 0 AnonPages:         33612 kB
Node 0 Shmem:               640 kB
Node 0 KernelStack:        2072 kB
Node 0 PageTables:          608 kB
Node 0 NFS_Unstable:          0 kB
Node 0 Bounce:                0 kB
Node 0 WritebackTmp:          0 kB
Node 0 KReclaimable:      18060 kB
Node 0 Slab:              55084 kB
Node 0 SReclaimable:      18060 kB
Node 0 SUnreclaim:        37024 kB
Node 0 AnonHugePages:         0 kB
Node 0 ShmemHugePages:        0 kB
Node 0 ShmemPmdMapped:        0 kB
Node 0 FileHugePages:        0 kB
Node 0 FilePmdMapped:        0 kB
Node 0 HugePages_Total:     0
Node 0 HugePages_Free:      0
Node 0 HugePages_Surp:      0

Node 1 MemTotal:       24686196 kB
Node 1 MemFree:        23849304 kB
Node 1 MemUsed:          836892 kB
Node 1 Active:            58232 kB
Node 1 Inactive:          85892 kB
Node 1 Active(anon):      11600 kB
Node 1 Inactive(anon):      424 kB
Node 1 Active(file):      46632 kB
Node 1 Inactive(file):    85468 kB
Node 1 Unevictable:        5984 kB
Node 1 Mlocked:            5984 kB
Node 1 Dirty:                52 kB
Node 1 Writeback:             0 kB
Node 1 FilePages:        138712 kB
Node 1 Mapped:            24288 kB
Node 1 AnonPages:         11464 kB
Node 1 Shmem:               628 kB
Node 1 KernelStack:        2664 kB
Node 1 PageTables:          572 kB
Node 1 NFS_Unstable:          0 kB
Node 1 Bounce:                0 kB
Node 1 WritebackTmp:          0 kB
Node 1 KReclaimable:      25752 kB
Node 1 Slab:              68260 kB
Node 1 SReclaimable:      25752 kB
Node 1 SUnreclaim:        42508 kB
Node 1 AnonHugePages:         0 kB
Node 1 ShmemHugePages:        0 kB
Node 1 ShmemPmdMapped:        0 kB
Node 1 FileHugePages:        0 kB
Node 1 FilePmdMapped:        0 kB
Node 1 HugePages_Total:     0
Node 1 HugePages_Free:      0
Node 1 HugePages_Surp:      0

After Opposite Node
Node 0 MemTotal:       24743736 kB
Node 0 MemFree:        24288020 kB
Node 0 MemUsed:          455716 kB
Node 0 Active:            43044 kB
Node 0 Inactive:         115724 kB
Node 0 Active(anon):      23008 kB
Node 0 Inactive(anon):      524 kB
Node 0 Active(file):      20036 kB
Node 0 Inactive(file):   115200 kB
Node 0 Unevictable:       12768 kB
Node 0 Mlocked:           12768 kB
Node 0 Dirty:               500 kB
Node 0 Writeback:             0 kB
Node 0 FilePages:        138088 kB
Node 0 Mapped:            26316 kB
Node 0 AnonPages:         33488 kB
Node 0 Shmem:               640 kB
Node 0 KernelStack:        2040 kB
Node 0 PageTables:          660 kB
Node 0 NFS_Unstable:          0 kB
Node 0 Bounce:                0 kB
Node 0 WritebackTmp:          0 kB
Node 0 KReclaimable:      18060 kB
Node 0 Slab:              55176 kB
Node 0 SReclaimable:      18060 kB
Node 0 SUnreclaim:        37116 kB
Node 0 AnonHugePages:         0 kB
Node 0 ShmemHugePages:        0 kB
Node 0 ShmemPmdMapped:        0 kB
Node 0 FileHugePages:        0 kB
Node 0 FilePmdMapped:        0 kB
Node 0 HugePages_Total:     0
Node 0 HugePages_Free:      0
Node 0 HugePages_Surp:      0

Node 1 MemTotal:       24686196 kB
Node 1 MemFree:        23849832 kB
Node 1 MemUsed:          836364 kB
Node 1 Active:            57572 kB
Node 1 Inactive:          85672 kB
Node 1 Active(anon):      10712 kB
Node 1 Inactive(anon):      424 kB
Node 1 Active(file):      46860 kB
Node 1 Inactive(file):    85248 kB
Node 1 Unevictable:        5984 kB
Node 1 Mlocked:            5984 kB
Node 1 Dirty:                56 kB
Node 1 Writeback:             0 kB
Node 1 FilePages:        138716 kB
Node 1 Mapped:            24296 kB
Node 1 AnonPages:         10536 kB
Node 1 Shmem:               628 kB
Node 1 KernelStack:        2648 kB
Node 1 PageTables:          428 kB
Node 1 NFS_Unstable:          0 kB
Node 1 Bounce:                0 kB
Node 1 WritebackTmp:          0 kB
Node 1 KReclaimable:      25752 kB
Node 1 Slab:              68260 kB
Node 1 SReclaimable:      25752 kB
Node 1 SUnreclaim:        42508 kB
Node 1 AnonHugePages:         0 kB
Node 1 ShmemHugePages:        0 kB
Node 1 ShmemPmdMapped:        0 kB
Node 1 FileHugePages:        0 kB
Node 1 FilePmdMapped:        0 kB
Node 1 HugePages_Total:     0
Node 1 HugePages_Free:      0
Node 1 HugePages_Surp:      0

B.1.simpleread.250M.3.O Complete!
