kernel.numa_balancing = 0
25 Tests Remaining!
U.1.simpleread.4G.2.O.1M
Begin
Node 0 MemTotal:       24768352 kB
Node 0 MemFree:        24482540 kB
Node 0 MemUsed:          285812 kB
Node 0 Active:            38184 kB
Node 0 Inactive:          95372 kB
Node 0 Active(anon):       9768 kB
Node 0 Inactive(anon):      364 kB
Node 0 Active(file):      28416 kB
Node 0 Inactive(file):    95008 kB
Node 0 Unevictable:       18096 kB
Node 0 Mlocked:           18096 kB
Node 0 Dirty:               148 kB
Node 0 Writeback:             0 kB
Node 0 FilePages:        131780 kB
Node 0 Mapped:            77844 kB
Node 0 AnonPages:         19868 kB
Node 0 Shmem:               592 kB
Node 0 KernelStack:        2056 kB
Node 0 PageTables:          716 kB
Node 0 NFS_Unstable:          0 kB
Node 0 Bounce:                0 kB
Node 0 WritebackTmp:          0 kB
Node 0 KReclaimable:      17376 kB
Node 0 Slab:              53564 kB
Node 0 SReclaimable:      17376 kB
Node 0 SUnreclaim:        36188 kB
Node 0 AnonHugePages:         0 kB
Node 0 ShmemHugePages:        0 kB
Node 0 ShmemPmdMapped:        0 kB
Node 0 FileHugePages:        0 kB
Node 0 FilePmdMapped:        0 kB
Node 0 HugePages_Total:     0
Node 0 HugePages_Free:      0
Node 0 HugePages_Surp:      0

Node 1 MemTotal:       24661580 kB
Node 1 MemFree:        24266272 kB
Node 1 MemUsed:          395308 kB
Node 1 Active:            62228 kB
Node 1 Inactive:          60448 kB
Node 1 Active(anon):      24832 kB
Node 1 Inactive(anon):      524 kB
Node 1 Active(file):      37396 kB
Node 1 Inactive(file):    59924 kB
Node 1 Unevictable:         428 kB
Node 1 Mlocked:             428 kB
Node 1 Dirty:                68 kB
Node 1 Writeback:             0 kB
Node 1 FilePages:         98424 kB
Node 1 Mapped:            13908 kB
Node 1 AnonPages:         24776 kB
Node 1 Shmem:               676 kB
Node 1 KernelStack:        1848 kB
Node 1 PageTables:          792 kB
Node 1 NFS_Unstable:          0 kB
Node 1 Bounce:                0 kB
Node 1 WritebackTmp:          0 kB
Node 1 KReclaimable:      25616 kB
Node 1 Slab:              53896 kB
Node 1 SReclaimable:      25616 kB
Node 1 SUnreclaim:        28280 kB
Node 1 AnonHugePages:         0 kB
Node 1 ShmemHugePages:        0 kB
Node 1 ShmemPmdMapped:        0 kB
Node 1 FileHugePages:        0 kB
Node 1 FilePmdMapped:        0 kB
Node 1 HugePages_Total:     0
Node 1 HugePages_Free:      0
Node 1 HugePages_Surp:      0

Load ZFS
Node 0 MemTotal:       24768352 kB
Node 0 MemFree:        24478584 kB
Node 0 MemUsed:          289768 kB
Node 0 Active:            41132 kB
Node 0 Inactive:          95268 kB
Node 0 Active(anon):      11508 kB
Node 0 Inactive(anon):      364 kB
Node 0 Active(file):      29624 kB
Node 0 Inactive(file):    94904 kB
Node 0 Unevictable:       18096 kB
Node 0 Mlocked:           18096 kB
Node 0 Dirty:                 0 kB
Node 0 Writeback:             0 kB
Node 0 FilePages:        132884 kB
Node 0 Mapped:            78008 kB
Node 0 AnonPages:         21676 kB
Node 0 Shmem:               592 kB
Node 0 KernelStack:        2136 kB
Node 0 PageTables:          736 kB
Node 0 NFS_Unstable:          0 kB
Node 0 Bounce:                0 kB
Node 0 WritebackTmp:          0 kB
Node 0 KReclaimable:      17824 kB
Node 0 Slab:              55420 kB
Node 0 SReclaimable:      17824 kB
Node 0 SUnreclaim:        37596 kB
Node 0 AnonHugePages:         0 kB
Node 0 ShmemHugePages:        0 kB
Node 0 ShmemPmdMapped:        0 kB
Node 0 FileHugePages:        0 kB
Node 0 FilePmdMapped:        0 kB
Node 0 HugePages_Total:     0
Node 0 HugePages_Free:      0
Node 0 HugePages_Surp:      0

Node 1 MemTotal:       24661580 kB
Node 1 MemFree:        24259476 kB
Node 1 MemUsed:          402104 kB
Node 1 Active:            71244 kB
Node 1 Inactive:          56492 kB
Node 1 Active(anon):      28468 kB
Node 1 Inactive(anon):      524 kB
Node 1 Active(file):      42776 kB
Node 1 Inactive(file):    55968 kB
Node 1 Unevictable:         428 kB
Node 1 Mlocked:             428 kB
Node 1 Dirty:                 8 kB
Node 1 Writeback:             0 kB
Node 1 FilePages:         99848 kB
Node 1 Mapped:            13744 kB
Node 1 AnonPages:         28264 kB
Node 1 Shmem:               676 kB
Node 1 KernelStack:        1704 kB
Node 1 PageTables:         1020 kB
Node 1 NFS_Unstable:          0 kB
Node 1 Bounce:                0 kB
Node 1 WritebackTmp:          0 kB
Node 1 KReclaimable:      25872 kB
Node 1 Slab:              54600 kB
Node 1 SReclaimable:      25872 kB
Node 1 SUnreclaim:        28728 kB
Node 1 AnonHugePages:         0 kB
Node 1 ShmemHugePages:        0 kB
Node 1 ShmemPmdMapped:        0 kB
Node 1 FileHugePages:        0 kB
Node 1 FilePmdMapped:        0 kB
Node 1 HugePages_Total:     0
Node 1 HugePages_Free:      0
Node 1 HugePages_Surp:      0

Import tank ZPool
Node 0 MemTotal:       24768352 kB
Node 0 MemFree:        24475368 kB
Node 0 MemUsed:          292984 kB
Node 0 Active:            41164 kB
Node 0 Inactive:          95232 kB
Node 0 Active(anon):      11504 kB
Node 0 Inactive(anon):      364 kB
Node 0 Active(file):      29660 kB
Node 0 Inactive(file):    94868 kB
Node 0 Unevictable:       18096 kB
Node 0 Mlocked:           18096 kB
Node 0 Dirty:                60 kB
Node 0 Writeback:             0 kB
Node 0 FilePages:        132880 kB
Node 0 Mapped:            78108 kB
Node 0 AnonPages:         21676 kB
Node 0 Shmem:               588 kB
Node 0 KernelStack:        3160 kB
Node 0 PageTables:          736 kB
Node 0 NFS_Unstable:          0 kB
Node 0 Bounce:                0 kB
Node 0 WritebackTmp:          0 kB
Node 0 KReclaimable:      17824 kB
Node 0 Slab:              57776 kB
Node 0 SReclaimable:      17824 kB
Node 0 SUnreclaim:        39952 kB
Node 0 AnonHugePages:         0 kB
Node 0 ShmemHugePages:        0 kB
Node 0 ShmemPmdMapped:        0 kB
Node 0 FileHugePages:        0 kB
Node 0 FilePmdMapped:        0 kB
Node 0 HugePages_Total:     0
Node 0 HugePages_Free:      0
Node 0 HugePages_Surp:      0

Node 1 MemTotal:       24661580 kB
Node 1 MemFree:        24240920 kB
Node 1 MemUsed:          420660 kB
Node 1 Active:            71844 kB
Node 1 Inactive:          57712 kB
Node 1 Active(anon):      28424 kB
Node 1 Inactive(anon):      528 kB
Node 1 Active(file):      43420 kB
Node 1 Inactive(file):    57184 kB
Node 1 Unevictable:         428 kB
Node 1 Mlocked:             428 kB
Node 1 Dirty:                44 kB
Node 1 Writeback:             0 kB
Node 1 FilePages:        101436 kB
Node 1 Mapped:            14040 kB
Node 1 AnonPages:         27920 kB
Node 1 Shmem:               680 kB
Node 1 KernelStack:        1832 kB
Node 1 PageTables:         1076 kB
Node 1 NFS_Unstable:          0 kB
Node 1 Bounce:                0 kB
Node 1 WritebackTmp:          0 kB
Node 1 KReclaimable:      26028 kB
Node 1 Slab:              60088 kB
Node 1 SReclaimable:      26028 kB
Node 1 SUnreclaim:        34060 kB
Node 1 AnonHugePages:         0 kB
Node 1 ShmemHugePages:        0 kB
Node 1 ShmemPmdMapped:        0 kB
Node 1 FileHugePages:        0 kB
Node 1 FilePmdMapped:        0 kB
Node 1 HugePages_Total:     0
Node 1 HugePages_Free:      0
Node 1 HugePages_Surp:      0

After Test
Node 0 MemTotal:       24768352 kB
Node 0 MemFree:        23869308 kB
Node 0 MemUsed:          899044 kB
Node 0 Active:            39508 kB
Node 0 Inactive:          95132 kB
Node 0 Active(anon):       9748 kB
Node 0 Inactive(anon):      364 kB
Node 0 Active(file):      29760 kB
Node 0 Inactive(file):    94768 kB
Node 0 Unevictable:       18096 kB
Node 0 Mlocked:           18096 kB
Node 0 Dirty:                16 kB
Node 0 Writeback:             0 kB
Node 0 FilePages:        132880 kB
Node 0 Mapped:            77916 kB
Node 0 AnonPages:         19856 kB
Node 0 Shmem:               588 kB
Node 0 KernelStack:        3048 kB
Node 0 PageTables:          716 kB
Node 0 NFS_Unstable:          0 kB
Node 0 Bounce:                0 kB
Node 0 WritebackTmp:          0 kB
Node 0 KReclaimable:      17824 kB
Node 0 Slab:              59508 kB
Node 0 SReclaimable:      17824 kB
Node 0 SUnreclaim:        41684 kB
Node 0 AnonHugePages:         0 kB
Node 0 ShmemHugePages:        0 kB
Node 0 ShmemPmdMapped:        0 kB
Node 0 FileHugePages:        0 kB
Node 0 FilePmdMapped:        0 kB
Node 0 HugePages_Total:     0
Node 0 HugePages_Free:      0
Node 0 HugePages_Surp:      0

Node 1 MemTotal:       24661580 kB
Node 1 MemFree:        19817520 kB
Node 1 MemUsed:         4844060 kB
Node 1 Active:            67620 kB
Node 1 Inactive:          57420 kB
Node 1 Active(anon):      23532 kB
Node 1 Inactive(anon):      528 kB
Node 1 Active(file):      44088 kB
Node 1 Inactive(file):    56892 kB
Node 1 Unevictable:         428 kB
Node 1 Mlocked:             428 kB
Node 1 Dirty:                12 kB
Node 1 Writeback:             0 kB
Node 1 FilePages:        102096 kB
Node 1 Mapped:            13752 kB
Node 1 AnonPages:         23428 kB
Node 1 Shmem:               680 kB
Node 1 KernelStack:        1560 kB
Node 1 PageTables:          572 kB
Node 1 NFS_Unstable:          0 kB
Node 1 Bounce:                0 kB
Node 1 WritebackTmp:          0 kB
Node 1 KReclaimable:      26152 kB
Node 1 Slab:              78236 kB
Node 1 SReclaimable:      26152 kB
Node 1 SUnreclaim:        52084 kB
Node 1 AnonHugePages:         0 kB
Node 1 ShmemHugePages:        0 kB
Node 1 ShmemPmdMapped:        0 kB
Node 1 FileHugePages:        0 kB
Node 1 FilePmdMapped:        0 kB
Node 1 HugePages_Total:     0
Node 1 HugePages_Free:      0
Node 1 HugePages_Surp:      0

After Opposite Node
Node 0 MemTotal:       24768352 kB
Node 0 MemFree:        23866464 kB
Node 0 MemUsed:          901888 kB
Node 0 Active:            40116 kB
Node 0 Inactive:          94892 kB
Node 0 Active(anon):      10108 kB
Node 0 Inactive(anon):      364 kB
Node 0 Active(file):      30008 kB
Node 0 Inactive(file):    94528 kB
Node 0 Unevictable:       18096 kB
Node 0 Mlocked:           18096 kB
Node 0 Dirty:                24 kB
Node 0 Writeback:             0 kB
Node 0 FilePages:        132888 kB
Node 0 Mapped:            78124 kB
Node 0 AnonPages:         20308 kB
Node 0 Shmem:               588 kB
Node 0 KernelStack:        3080 kB
Node 0 PageTables:          764 kB
Node 0 NFS_Unstable:          0 kB
Node 0 Bounce:                0 kB
Node 0 WritebackTmp:          0 kB
Node 0 KReclaimable:      17856 kB
Node 0 Slab:              60552 kB
Node 0 SReclaimable:      17856 kB
Node 0 SUnreclaim:        42696 kB
Node 0 AnonHugePages:         0 kB
Node 0 ShmemHugePages:        0 kB
Node 0 ShmemPmdMapped:        0 kB
Node 0 FileHugePages:        0 kB
Node 0 FilePmdMapped:        0 kB
Node 0 HugePages_Total:     0
Node 0 HugePages_Free:      0
Node 0 HugePages_Surp:      0

Node 1 MemTotal:       24661580 kB
Node 1 MemFree:        19818864 kB
Node 1 MemUsed:         4842716 kB
Node 1 Active:            67248 kB
Node 1 Inactive:          57404 kB
Node 1 Active(anon):      23132 kB
Node 1 Inactive(anon):      528 kB
Node 1 Active(file):      44116 kB
Node 1 Inactive(file):    56876 kB
Node 1 Unevictable:         428 kB
Node 1 Mlocked:             428 kB
Node 1 Dirty:                44 kB
Node 1 Writeback:             0 kB
Node 1 FilePages:        102116 kB
Node 1 Mapped:            13792 kB
Node 1 AnonPages:         22980 kB
Node 1 Shmem:               680 kB
Node 1 KernelStack:        1528 kB
Node 1 PageTables:          516 kB
Node 1 NFS_Unstable:          0 kB
Node 1 Bounce:                0 kB
Node 1 WritebackTmp:          0 kB
Node 1 KReclaimable:      26152 kB
Node 1 Slab:              77704 kB
Node 1 SReclaimable:      26152 kB
Node 1 SUnreclaim:        51552 kB
Node 1 AnonHugePages:         0 kB
Node 1 ShmemHugePages:        0 kB
Node 1 ShmemPmdMapped:        0 kB
Node 1 FileHugePages:        0 kB
Node 1 FilePmdMapped:        0 kB
Node 1 HugePages_Total:     0
Node 1 HugePages_Free:      0
Node 1 HugePages_Surp:      0

U.1.simpleread.4G.2.O.1M Complete!
