U.0.huge-simpleread.2G.3.O.1M
Begin
Node 0 MemTotal:       24768352 kB
Node 0 MemFree:        24384952 kB
Node 0 MemUsed:          383400 kB
Node 0 Active:            59232 kB
Node 0 Inactive:          31576 kB
Node 0 Active(anon):      17668 kB
Node 0 Inactive(anon):      464 kB
Node 0 Active(file):      41564 kB
Node 0 Inactive(file):    31112 kB
Node 0 Unevictable:        5236 kB
Node 0 Mlocked:            5236 kB
Node 0 Dirty:               364 kB
Node 0 Writeback:             0 kB
Node 0 FilePages:         78556 kB
Node 0 Mapped:            25032 kB
Node 0 AnonPages:         17512 kB
Node 0 Shmem:               624 kB
Node 0 KernelStack:        2168 kB
Node 0 PageTables:          564 kB
Node 0 NFS_Unstable:          0 kB
Node 0 Bounce:                0 kB
Node 0 WritebackTmp:          0 kB
Node 0 KReclaimable:      22092 kB
Node 0 Slab:              61744 kB
Node 0 SReclaimable:      22092 kB
Node 0 SUnreclaim:        39652 kB
Node 0 AnonHugePages:         0 kB
Node 0 ShmemHugePages:        0 kB
Node 0 ShmemPmdMapped:        0 kB
Node 0 FileHugePages:        0 kB
Node 0 FilePmdMapped:        0 kB
Node 0 HugePages_Total:     0
Node 0 HugePages_Free:      0
Node 0 HugePages_Surp:      0

Node 1 MemTotal:       24661580 kB
Node 1 MemFree:        24436036 kB
Node 1 MemUsed:          225544 kB
Node 1 Active:            35244 kB
Node 1 Inactive:          55708 kB
Node 1 Active(anon):      16056 kB
Node 1 Inactive(anon):      416 kB
Node 1 Active(file):      19188 kB
Node 1 Inactive(file):    55292 kB
Node 1 Unevictable:       13288 kB
Node 1 Mlocked:           13288 kB
Node 1 Dirty:               140 kB
Node 1 Writeback:             0 kB
Node 1 FilePages:         78116 kB
Node 1 Mapped:            18828 kB
Node 1 AnonPages:         26196 kB
Node 1 Shmem:               644 kB
Node 1 KernelStack:        1464 kB
Node 1 PageTables:          524 kB
Node 1 NFS_Unstable:          0 kB
Node 1 Bounce:                0 kB
Node 1 WritebackTmp:          0 kB
Node 1 KReclaimable:      19888 kB
Node 1 Slab:              45668 kB
Node 1 SReclaimable:      19888 kB
Node 1 SUnreclaim:        25780 kB
Node 1 AnonHugePages:         0 kB
Node 1 ShmemHugePages:        0 kB
Node 1 ShmemPmdMapped:        0 kB
Node 1 FileHugePages:        0 kB
Node 1 FilePmdMapped:        0 kB
Node 1 HugePages_Total:     0
Node 1 HugePages_Free:      0
Node 1 HugePages_Surp:      0

Load ZFS
Node 0 MemTotal:       24768352 kB
Node 0 MemFree:        24519904 kB
Node 0 MemUsed:          248448 kB
Node 0 Active:            64780 kB
Node 0 Inactive:          27144 kB
Node 0 Active(anon):      17944 kB
Node 0 Inactive(anon):      464 kB
Node 0 Active(file):      46836 kB
Node 0 Inactive(file):    26680 kB
Node 0 Unevictable:        5236 kB
Node 0 Mlocked:            5236 kB
Node 0 Dirty:               364 kB
Node 0 Writeback:             0 kB
Node 0 FilePages:         79372 kB
Node 0 Mapped:            25000 kB
Node 0 AnonPages:         17816 kB
Node 0 Shmem:               624 kB
Node 0 KernelStack:        1992 kB
Node 0 PageTables:          536 kB
Node 0 NFS_Unstable:          0 kB
Node 0 Bounce:                0 kB
Node 0 WritebackTmp:          0 kB
Node 0 KReclaimable:      22528 kB
Node 0 Slab:              63364 kB
Node 0 SReclaimable:      22528 kB
Node 0 SUnreclaim:        40836 kB
Node 0 AnonHugePages:         0 kB
Node 0 ShmemHugePages:        0 kB
Node 0 ShmemPmdMapped:        0 kB
Node 0 FileHugePages:        0 kB
Node 0 FilePmdMapped:        0 kB
Node 0 HugePages_Total:     0
Node 0 HugePages_Free:      0
Node 0 HugePages_Surp:      0

Node 1 MemTotal:       24661580 kB
Node 1 MemFree:        24293528 kB
Node 1 MemUsed:          368052 kB
Node 1 Active:            37316 kB
Node 1 Inactive:          56268 kB
Node 1 Active(anon):      16956 kB
Node 1 Inactive(anon):      416 kB
Node 1 Active(file):      20360 kB
Node 1 Inactive(file):    55852 kB
Node 1 Unevictable:       13288 kB
Node 1 Mlocked:           13288 kB
Node 1 Dirty:               164 kB
Node 1 Writeback:             0 kB
Node 1 FilePages:         79816 kB
Node 1 Mapped:            18988 kB
Node 1 AnonPages:         26996 kB
Node 1 Shmem:               644 kB
Node 1 KernelStack:        1640 kB
Node 1 PageTables:          616 kB
Node 1 NFS_Unstable:          0 kB
Node 1 Bounce:                0 kB
Node 1 WritebackTmp:          0 kB
Node 1 KReclaimable:      20288 kB
Node 1 Slab:              47928 kB
Node 1 SReclaimable:      20288 kB
Node 1 SUnreclaim:        27640 kB
Node 1 AnonHugePages:         0 kB
Node 1 ShmemHugePages:        0 kB
Node 1 ShmemPmdMapped:        0 kB
Node 1 FileHugePages:        0 kB
Node 1 FilePmdMapped:        0 kB
Node 1 HugePages_Total:     0
Node 1 HugePages_Free:      0
Node 1 HugePages_Surp:      0

Import tank ZPool
Node 0 MemTotal:       24768352 kB
Node 0 MemFree:        24520920 kB
Node 0 MemUsed:          247432 kB
Node 0 Active:            64380 kB
Node 0 Inactive:          27040 kB
Node 0 Active(anon):      17440 kB
Node 0 Inactive(anon):      464 kB
Node 0 Active(file):      46940 kB
Node 0 Inactive(file):    26576 kB
Node 0 Unevictable:        5236 kB
Node 0 Mlocked:            5236 kB
Node 0 Dirty:               120 kB
Node 0 Writeback:             0 kB
Node 0 FilePages:         79392 kB
Node 0 Mapped:            25220 kB
Node 0 AnonPages:         17172 kB
Node 0 Shmem:               620 kB
Node 0 KernelStack:        1992 kB
Node 0 PageTables:          536 kB
Node 0 NFS_Unstable:          0 kB
Node 0 Bounce:                0 kB
Node 0 WritebackTmp:          0 kB
Node 0 KReclaimable:      22532 kB
Node 0 Slab:              63352 kB
Node 0 SReclaimable:      22532 kB
Node 0 SUnreclaim:        40820 kB
Node 0 AnonHugePages:         0 kB
Node 0 ShmemHugePages:        0 kB
Node 0 ShmemPmdMapped:        0 kB
Node 0 FileHugePages:        0 kB
Node 0 FilePmdMapped:        0 kB
Node 0 HugePages_Total:     0
Node 0 HugePages_Free:      0
Node 0 HugePages_Surp:      0

Node 1 MemTotal:       24661580 kB
Node 1 MemFree:        24273960 kB
Node 1 MemUsed:          387620 kB
Node 1 Active:            36840 kB
Node 1 Inactive:          57460 kB
Node 1 Active(anon):      16124 kB
Node 1 Inactive(anon):      420 kB
Node 1 Active(file):      20716 kB
Node 1 Inactive(file):    57040 kB
Node 1 Unevictable:       13288 kB
Node 1 Mlocked:           13288 kB
Node 1 Dirty:               220 kB
Node 1 Writeback:             0 kB
Node 1 FilePages:         81368 kB
Node 1 Mapped:            19104 kB
Node 1 AnonPages:         25872 kB
Node 1 Shmem:               648 kB
Node 1 KernelStack:        2744 kB
Node 1 PageTables:          612 kB
Node 1 NFS_Unstable:          0 kB
Node 1 Bounce:                0 kB
Node 1 WritebackTmp:          0 kB
Node 1 KReclaimable:      20428 kB
Node 1 Slab:              54780 kB
Node 1 SReclaimable:      20428 kB
Node 1 SUnreclaim:        34352 kB
Node 1 AnonHugePages:         0 kB
Node 1 ShmemHugePages:        0 kB
Node 1 ShmemPmdMapped:        0 kB
Node 1 FileHugePages:        0 kB
Node 1 FilePmdMapped:        0 kB
Node 1 HugePages_Total:     0
Node 1 HugePages_Free:      0
Node 1 HugePages_Surp:      0

After Test
Node 0 MemTotal:       24768352 kB
Node 0 MemFree:        22145868 kB
Node 0 MemUsed:         2622484 kB
Node 0 Active:            65080 kB
Node 0 Inactive:          27064 kB
Node 0 Active(anon):      17676 kB
Node 0 Inactive(anon):      464 kB
Node 0 Active(file):      47404 kB
Node 0 Inactive(file):    26600 kB
Node 0 Unevictable:        5236 kB
Node 0 Mlocked:            5236 kB
Node 0 Dirty:                16 kB
Node 0 Writeback:             0 kB
Node 0 FilePages:         79860 kB
Node 0 Mapped:            25008 kB
Node 0 AnonPages:         17624 kB
Node 0 Shmem:               620 kB
Node 0 KernelStack:        1960 kB
Node 0 PageTables:          592 kB
Node 0 NFS_Unstable:          0 kB
Node 0 Bounce:                0 kB
Node 0 WritebackTmp:          0 kB
Node 0 KReclaimable:      22600 kB
Node 0 Slab:              75436 kB
Node 0 SReclaimable:      22600 kB
Node 0 SUnreclaim:        52836 kB
Node 0 AnonHugePages:         0 kB
Node 0 ShmemHugePages:        0 kB
Node 0 ShmemPmdMapped:        0 kB
Node 0 FileHugePages:        0 kB
Node 0 FilePmdMapped:        0 kB
Node 0 HugePages_Total:     0
Node 0 HugePages_Free:      0
Node 0 HugePages_Surp:      0

Node 1 MemTotal:       24661580 kB
Node 1 MemFree:        23718280 kB
Node 1 MemUsed:          943300 kB
Node 1 Active:            36540 kB
Node 1 Inactive:          57172 kB
Node 1 Active(anon):      15500 kB
Node 1 Inactive(anon):      420 kB
Node 1 Active(file):      21040 kB
Node 1 Inactive(file):    56752 kB
Node 1 Unevictable:       13288 kB
Node 1 Mlocked:           13288 kB
Node 1 Dirty:                16 kB
Node 1 Writeback:             0 kB
Node 1 FilePages:         81400 kB
Node 1 Mapped:            19100 kB
Node 1 AnonPages:         25608 kB
Node 1 Shmem:               648 kB
Node 1 KernelStack:        2680 kB
Node 1 PageTables:          460 kB
Node 1 NFS_Unstable:          0 kB
Node 1 Bounce:                0 kB
Node 1 WritebackTmp:          0 kB
Node 1 KReclaimable:      20476 kB
Node 1 Slab:              56536 kB
Node 1 SReclaimable:      20476 kB
Node 1 SUnreclaim:        36060 kB
Node 1 AnonHugePages:         0 kB
Node 1 ShmemHugePages:        0 kB
Node 1 ShmemPmdMapped:        0 kB
Node 1 FileHugePages:        0 kB
Node 1 FilePmdMapped:        0 kB
Node 1 HugePages_Total:     0
Node 1 HugePages_Free:      0
Node 1 HugePages_Surp:      0

After Opposite Node
Node 0 MemTotal:       24768352 kB
Node 0 MemFree:        22145176 kB
Node 0 MemUsed:         2623176 kB
Node 0 Active:            64768 kB
Node 0 Inactive:          27024 kB
Node 0 Active(anon):      17320 kB
Node 0 Inactive(anon):      464 kB
Node 0 Active(file):      47448 kB
Node 0 Inactive(file):    26560 kB
Node 0 Unevictable:        5236 kB
Node 0 Mlocked:            5236 kB
Node 0 Dirty:                20 kB
Node 0 Writeback:             0 kB
Node 0 FilePages:         79864 kB
Node 0 Mapped:            25008 kB
Node 0 AnonPages:         17168 kB
Node 0 Shmem:               620 kB
Node 0 KernelStack:        1944 kB
Node 0 PageTables:          536 kB
Node 0 NFS_Unstable:          0 kB
Node 0 Bounce:                0 kB
Node 0 WritebackTmp:          0 kB
Node 0 KReclaimable:      22600 kB
Node 0 Slab:              75472 kB
Node 0 SReclaimable:      22600 kB
Node 0 SUnreclaim:        52872 kB
Node 0 AnonHugePages:         0 kB
Node 0 ShmemHugePages:        0 kB
Node 0 ShmemPmdMapped:        0 kB
Node 0 FileHugePages:        0 kB
Node 0 FilePmdMapped:        0 kB
Node 0 HugePages_Total:     0
Node 0 HugePages_Free:      0
Node 0 HugePages_Surp:      0

Node 1 MemTotal:       24661580 kB
Node 1 MemFree:        23718840 kB
Node 1 MemUsed:          942740 kB
Node 1 Active:            37064 kB
Node 1 Inactive:          56936 kB
Node 1 Active(anon):      15772 kB
Node 1 Inactive(anon):      420 kB
Node 1 Active(file):      21292 kB
Node 1 Inactive(file):    56516 kB
Node 1 Unevictable:       13288 kB
Node 1 Mlocked:           13288 kB
Node 1 Dirty:                28 kB
Node 1 Writeback:             0 kB
Node 1 FilePages:         81416 kB
Node 1 Mapped:            18904 kB
Node 1 AnonPages:         26016 kB
Node 1 Shmem:               648 kB
Node 1 KernelStack:        2680 kB
Node 1 PageTables:          488 kB
Node 1 NFS_Unstable:          0 kB
Node 1 Bounce:                0 kB
Node 1 WritebackTmp:          0 kB
Node 1 KReclaimable:      20476 kB
Node 1 Slab:              57180 kB
Node 1 SReclaimable:      20476 kB
Node 1 SUnreclaim:        36704 kB
Node 1 AnonHugePages:         0 kB
Node 1 ShmemHugePages:        0 kB
Node 1 ShmemPmdMapped:        0 kB
Node 1 FileHugePages:        0 kB
Node 1 FilePmdMapped:        0 kB
Node 1 HugePages_Total:     0
Node 1 HugePages_Free:      0
Node 1 HugePages_Surp:      0

U.0.huge-simpleread.2G.3.O.1M Complete!
