U.0.huge-simpleread.2-1G.3.O.1M
Begin
Node 0 MemTotal:       24768352 kB
Node 0 MemFree:        24543780 kB
Node 0 MemUsed:          224572 kB
Node 0 Active:            55860 kB
Node 0 Inactive:          18592 kB
Node 0 Active(anon):      13008 kB
Node 0 Inactive(anon):      440 kB
Node 0 Active(file):      42852 kB
Node 0 Inactive(file):    18152 kB
Node 0 Unevictable:       18448 kB
Node 0 Mlocked:           18448 kB
Node 0 Dirty:                44 kB
Node 0 Writeback:             0 kB
Node 0 FilePages:         69800 kB
Node 0 Mapped:            23188 kB
Node 0 AnonPages:         23192 kB
Node 0 Shmem:               624 kB
Node 0 KernelStack:        1928 kB
Node 0 PageTables:          512 kB
Node 0 NFS_Unstable:          0 kB
Node 0 Bounce:                0 kB
Node 0 WritebackTmp:          0 kB
Node 0 KReclaimable:      18684 kB
Node 0 Slab:              46716 kB
Node 0 SReclaimable:      18684 kB
Node 0 SUnreclaim:        28032 kB
Node 0 AnonHugePages:         0 kB
Node 0 ShmemHugePages:        0 kB
Node 0 ShmemPmdMapped:        0 kB
Node 0 FileHugePages:        0 kB
Node 0 FilePmdMapped:        0 kB
Node 0 HugePages_Total:     0
Node 0 HugePages_Free:      0
Node 0 HugePages_Surp:      0

Node 1 MemTotal:       24661580 kB
Node 1 MemFree:        24282156 kB
Node 1 MemUsed:          379424 kB
Node 1 Active:            39392 kB
Node 1 Inactive:          61476 kB
Node 1 Active(anon):      20952 kB
Node 1 Inactive(anon):      436 kB
Node 1 Active(file):      18440 kB
Node 1 Inactive(file):    61040 kB
Node 1 Unevictable:          76 kB
Node 1 Mlocked:              76 kB
Node 1 Dirty:               452 kB
Node 1 Writeback:             0 kB
Node 1 FilePages:         80200 kB
Node 1 Mapped:            16308 kB
Node 1 AnonPages:         20808 kB
Node 1 Shmem:               644 kB
Node 1 KernelStack:        1672 kB
Node 1 PageTables:          552 kB
Node 1 NFS_Unstable:          0 kB
Node 1 Bounce:                0 kB
Node 1 WritebackTmp:          0 kB
Node 1 KReclaimable:      23612 kB
Node 1 Slab:              60304 kB
Node 1 SReclaimable:      23612 kB
Node 1 SUnreclaim:        36692 kB
Node 1 AnonHugePages:         0 kB
Node 1 ShmemHugePages:        0 kB
Node 1 ShmemPmdMapped:        0 kB
Node 1 FileHugePages:        0 kB
Node 1 FilePmdMapped:        0 kB
Node 1 HugePages_Total:     0
Node 1 HugePages_Free:      0
Node 1 HugePages_Surp:      0

Load ZFS
Node 0 MemTotal:       24768352 kB
Node 0 MemFree:        24401540 kB
Node 0 MemUsed:          366812 kB
Node 0 Active:            57948 kB
Node 0 Inactive:          19436 kB
Node 0 Active(anon):      13656 kB
Node 0 Inactive(anon):      440 kB
Node 0 Active(file):      44292 kB
Node 0 Inactive(file):    18996 kB
Node 0 Unevictable:       18448 kB
Node 0 Mlocked:           18448 kB
Node 0 Dirty:                44 kB
Node 0 Writeback:             0 kB
Node 0 FilePages:         72028 kB
Node 0 Mapped:            23348 kB
Node 0 AnonPages:         23680 kB
Node 0 Shmem:               624 kB
Node 0 KernelStack:        1912 kB
Node 0 PageTables:          536 kB
Node 0 NFS_Unstable:          0 kB
Node 0 Bounce:                0 kB
Node 0 WritebackTmp:          0 kB
Node 0 KReclaimable:      19096 kB
Node 0 Slab:              49008 kB
Node 0 SReclaimable:      19096 kB
Node 0 SUnreclaim:        29912 kB
Node 0 AnonHugePages:         0 kB
Node 0 ShmemHugePages:        0 kB
Node 0 ShmemPmdMapped:        0 kB
Node 0 FileHugePages:        0 kB
Node 0 FilePmdMapped:        0 kB
Node 0 HugePages_Total:     0
Node 0 HugePages_Free:      0
Node 0 HugePages_Surp:      0

Node 1 MemTotal:       24661580 kB
Node 1 MemFree:        24413776 kB
Node 1 MemUsed:          247804 kB
Node 1 Active:            48676 kB
Node 1 Inactive:          56632 kB
Node 1 Active(anon):      25104 kB
Node 1 Inactive(anon):      436 kB
Node 1 Active(file):      23572 kB
Node 1 Inactive(file):    56196 kB
Node 1 Unevictable:          76 kB
Node 1 Mlocked:              76 kB
Node 1 Dirty:               476 kB
Node 1 Writeback:             0 kB
Node 1 FilePages:         80488 kB
Node 1 Mapped:            16308 kB
Node 1 AnonPages:         25060 kB
Node 1 Shmem:               644 kB
Node 1 KernelStack:        1816 kB
Node 1 PageTables:          804 kB
Node 1 NFS_Unstable:          0 kB
Node 1 Bounce:                0 kB
Node 1 WritebackTmp:          0 kB
Node 1 KReclaimable:      24028 kB
Node 1 Slab:              61344 kB
Node 1 SReclaimable:      24028 kB
Node 1 SUnreclaim:        37316 kB
Node 1 AnonHugePages:         0 kB
Node 1 ShmemHugePages:        0 kB
Node 1 ShmemPmdMapped:        0 kB
Node 1 FileHugePages:        0 kB
Node 1 FilePmdMapped:        0 kB
Node 1 HugePages_Total:     0
Node 1 HugePages_Free:      0
Node 1 HugePages_Surp:      0

Import tank ZPool
Node 0 MemTotal:       24768352 kB
Node 0 MemFree:        24403768 kB
Node 0 MemUsed:          364584 kB
Node 0 Active:            57608 kB
Node 0 Inactive:          19436 kB
Node 0 Active(anon):      13316 kB
Node 0 Inactive(anon):      440 kB
Node 0 Active(file):      44292 kB
Node 0 Inactive(file):    18996 kB
Node 0 Unevictable:       18448 kB
Node 0 Mlocked:           18448 kB
Node 0 Dirty:                64 kB
Node 0 Writeback:             0 kB
Node 0 FilePages:         72064 kB
Node 0 Mapped:            23408 kB
Node 0 AnonPages:         23464 kB
Node 0 Shmem:               620 kB
Node 0 KernelStack:        1896 kB
Node 0 PageTables:          512 kB
Node 0 NFS_Unstable:          0 kB
Node 0 Bounce:                0 kB
Node 0 WritebackTmp:          0 kB
Node 0 KReclaimable:      19096 kB
Node 0 Slab:              49092 kB
Node 0 SReclaimable:      19096 kB
Node 0 SUnreclaim:        29996 kB
Node 0 AnonHugePages:         0 kB
Node 0 ShmemHugePages:        0 kB
Node 0 ShmemPmdMapped:        0 kB
Node 0 FileHugePages:        0 kB
Node 0 FilePmdMapped:        0 kB
Node 0 HugePages_Total:     0
Node 0 HugePages_Free:      0
Node 0 HugePages_Surp:      0

Node 1 MemTotal:       24661580 kB
Node 1 MemFree:        24391896 kB
Node 1 MemUsed:          269684 kB
Node 1 Active:            49868 kB
Node 1 Inactive:          57824 kB
Node 1 Active(anon):      25924 kB
Node 1 Inactive(anon):      440 kB
Node 1 Active(file):      23944 kB
Node 1 Inactive(file):    57384 kB
Node 1 Unevictable:          76 kB
Node 1 Mlocked:              76 kB
Node 1 Dirty:               272 kB
Node 1 Writeback:             0 kB
Node 1 FilePages:         82052 kB
Node 1 Mapped:            16344 kB
Node 1 AnonPages:         25372 kB
Node 1 Shmem:               648 kB
Node 1 KernelStack:        2952 kB
Node 1 PageTables:          912 kB
Node 1 NFS_Unstable:          0 kB
Node 1 Bounce:                0 kB
Node 1 WritebackTmp:          0 kB
Node 1 KReclaimable:      24216 kB
Node 1 Slab:              67904 kB
Node 1 SReclaimable:      24216 kB
Node 1 SUnreclaim:        43688 kB
Node 1 AnonHugePages:         0 kB
Node 1 ShmemHugePages:        0 kB
Node 1 ShmemPmdMapped:        0 kB
Node 1 FileHugePages:        0 kB
Node 1 FilePmdMapped:        0 kB
Node 1 HugePages_Total:     0
Node 1 HugePages_Free:      0
Node 1 HugePages_Surp:      0

After Test
Node 0 MemTotal:       24768352 kB
Node 0 MemFree:        22683060 kB
Node 0 MemUsed:         2085292 kB
Node 0 Active:            57664 kB
Node 0 Inactive:          19324 kB
Node 0 Active(anon):      12784 kB
Node 0 Inactive(anon):      440 kB
Node 0 Active(file):      44880 kB
Node 0 Inactive(file):    18884 kB
Node 0 Unevictable:       18448 kB
Node 0 Mlocked:           18448 kB
Node 0 Dirty:                 4 kB
Node 0 Writeback:             0 kB
Node 0 FilePages:         72500 kB
Node 0 Mapped:            23244 kB
Node 0 AnonPages:         22980 kB
Node 0 Shmem:               620 kB
Node 0 KernelStack:        1896 kB
Node 0 PageTables:          568 kB
Node 0 NFS_Unstable:          0 kB
Node 0 Bounce:                0 kB
Node 0 WritebackTmp:          0 kB
Node 0 KReclaimable:      19192 kB
Node 0 Slab:              58648 kB
Node 0 SReclaimable:      19192 kB
Node 0 SUnreclaim:        39456 kB
Node 0 AnonHugePages:         0 kB
Node 0 ShmemHugePages:        0 kB
Node 0 ShmemPmdMapped:        0 kB
Node 0 FileHugePages:        0 kB
Node 0 FilePmdMapped:        0 kB
Node 0 HugePages_Total:     0
Node 0 HugePages_Free:      0
Node 0 HugePages_Surp:      0

Node 1 MemTotal:       24661580 kB
Node 1 MemFree:        24236780 kB
Node 1 MemUsed:          424800 kB
Node 1 Active:            44696 kB
Node 1 Inactive:          57584 kB
Node 1 Active(anon):      20480 kB
Node 1 Inactive(anon):      440 kB
Node 1 Active(file):      24216 kB
Node 1 Inactive(file):    57144 kB
Node 1 Unevictable:          76 kB
Node 1 Mlocked:              76 kB
Node 1 Dirty:               104 kB
Node 1 Writeback:             0 kB
Node 1 FilePages:         82084 kB
Node 1 Mapped:            16304 kB
Node 1 AnonPages:         20272 kB
Node 1 Shmem:               648 kB
Node 1 KernelStack:        2792 kB
Node 1 PageTables:          480 kB
Node 1 NFS_Unstable:          0 kB
Node 1 Bounce:                0 kB
Node 1 WritebackTmp:          0 kB
Node 1 KReclaimable:      24232 kB
Node 1 Slab:              68096 kB
Node 1 SReclaimable:      24232 kB
Node 1 SUnreclaim:        43864 kB
Node 1 AnonHugePages:         0 kB
Node 1 ShmemHugePages:        0 kB
Node 1 ShmemPmdMapped:        0 kB
Node 1 FileHugePages:        0 kB
Node 1 FilePmdMapped:        0 kB
Node 1 HugePages_Total:     0
Node 1 HugePages_Free:      0
Node 1 HugePages_Surp:      0

After Opposite Node
Node 0 MemTotal:       24768352 kB
Node 0 MemFree:        22681960 kB
Node 0 MemUsed:         2086392 kB
Node 0 Active:            57480 kB
Node 0 Inactive:          19116 kB
Node 0 Active(anon):      12388 kB
Node 0 Inactive(anon):      440 kB
Node 0 Active(file):      45092 kB
Node 0 Inactive(file):    18676 kB
Node 0 Unevictable:       18448 kB
Node 0 Mlocked:           18448 kB
Node 0 Dirty:                 8 kB
Node 0 Writeback:             0 kB
Node 0 FilePages:         72504 kB
Node 0 Mapped:            23196 kB
Node 0 AnonPages:         22536 kB
Node 0 Shmem:               620 kB
Node 0 KernelStack:        1880 kB
Node 0 PageTables:          512 kB
Node 0 NFS_Unstable:          0 kB
Node 0 Bounce:                0 kB
Node 0 WritebackTmp:          0 kB
Node 0 KReclaimable:      19192 kB
Node 0 Slab:              58716 kB
Node 0 SReclaimable:      19192 kB
Node 0 SUnreclaim:        39524 kB
Node 0 AnonHugePages:         0 kB
Node 0 ShmemHugePages:        0 kB
Node 0 ShmemPmdMapped:        0 kB
Node 0 FileHugePages:        0 kB
Node 0 FilePmdMapped:        0 kB
Node 0 HugePages_Total:     0
Node 0 HugePages_Free:      0
Node 0 HugePages_Surp:      0

Node 1 MemTotal:       24661580 kB
Node 1 MemFree:        24236296 kB
Node 1 MemUsed:          425284 kB
Node 1 Active:            45144 kB
Node 1 Inactive:          57588 kB
Node 1 Active(anon):      20924 kB
Node 1 Inactive(anon):      440 kB
Node 1 Active(file):      24220 kB
Node 1 Inactive(file):    57148 kB
Node 1 Unevictable:          76 kB
Node 1 Mlocked:              76 kB
Node 1 Dirty:               108 kB
Node 1 Writeback:             0 kB
Node 1 FilePages:         82092 kB
Node 1 Mapped:            16304 kB
Node 1 AnonPages:         20488 kB
Node 1 Shmem:               648 kB
Node 1 KernelStack:        2852 kB
Node 1 PageTables:          480 kB
Node 1 NFS_Unstable:          0 kB
Node 1 Bounce:                0 kB
Node 1 WritebackTmp:          0 kB
Node 1 KReclaimable:      24232 kB
Node 1 Slab:              68228 kB
Node 1 SReclaimable:      24232 kB
Node 1 SUnreclaim:        43996 kB
Node 1 AnonHugePages:         0 kB
Node 1 ShmemHugePages:        0 kB
Node 1 ShmemPmdMapped:        0 kB
Node 1 FileHugePages:        0 kB
Node 1 FilePmdMapped:        0 kB
Node 1 HugePages_Total:     0
Node 1 HugePages_Free:      0
Node 1 HugePages_Surp:      0

U.0.huge-simpleread.2-1G.3.O.1M Complete!
