kernel.numa_balancing = 0
B.1.1G-simpleread.250M.2.O.1M
Begin
Node 0 MemTotal:       24743736 kB
Node 0 MemFree:        24347656 kB
Node 0 MemUsed:          396080 kB
Node 0 Active:            45804 kB
Node 0 Inactive:          66640 kB
Node 0 Active(anon):      20484 kB
Node 0 Inactive(anon):      412 kB
Node 0 Active(file):      25320 kB
Node 0 Inactive(file):    66228 kB
Node 0 Unevictable:       18124 kB
Node 0 Mlocked:           18124 kB
Node 0 Dirty:               144 kB
Node 0 Writeback:             0 kB
Node 0 FilePages:        100004 kB
Node 0 Mapped:            22444 kB
Node 0 AnonPages:         30624 kB
Node 0 Shmem:               620 kB
Node 0 KernelStack:        2296 kB
Node 0 PageTables:          612 kB
Node 0 NFS_Unstable:          0 kB
Node 0 Bounce:                0 kB
Node 0 WritebackTmp:          0 kB
Node 0 KReclaimable:      19612 kB
Node 0 Slab:              49808 kB
Node 0 SReclaimable:      19612 kB
Node 0 SUnreclaim:        30196 kB
Node 0 AnonHugePages:         0 kB
Node 0 ShmemHugePages:        0 kB
Node 0 ShmemPmdMapped:        0 kB
Node 0 FileHugePages:        0 kB
Node 0 FilePmdMapped:        0 kB
Node 0 HugePages_Total:     0
Node 0 HugePages_Free:      0
Node 0 HugePages_Surp:      0

Node 1 MemTotal:       24686196 kB
Node 1 MemFree:        24455328 kB
Node 1 MemUsed:          230868 kB
Node 1 Active:            49532 kB
Node 1 Inactive:          38624 kB
Node 1 Active(anon):      13160 kB
Node 1 Inactive(anon):      456 kB
Node 1 Active(file):      36372 kB
Node 1 Inactive(file):    38168 kB
Node 1 Unevictable:         400 kB
Node 1 Mlocked:             400 kB
Node 1 Dirty:               388 kB
Node 1 Writeback:             0 kB
Node 1 FilePages:         75608 kB
Node 1 Mapped:            31128 kB
Node 1 AnonPages:         13000 kB
Node 1 Shmem:               648 kB
Node 1 KernelStack:        1384 kB
Node 1 PageTables:          528 kB
Node 1 NFS_Unstable:          0 kB
Node 1 Bounce:                0 kB
Node 1 WritebackTmp:          0 kB
Node 1 KReclaimable:      22036 kB
Node 1 Slab:              56204 kB
Node 1 SReclaimable:      22036 kB
Node 1 SUnreclaim:        34168 kB
Node 1 AnonHugePages:         0 kB
Node 1 ShmemHugePages:        0 kB
Node 1 ShmemPmdMapped:        0 kB
Node 1 FileHugePages:        0 kB
Node 1 FilePmdMapped:        0 kB
Node 1 HugePages_Total:     0
Node 1 HugePages_Free:      0
Node 1 HugePages_Surp:      0

Load ZFS
Node 0 MemTotal:       24743736 kB
Node 0 MemFree:        24434320 kB
Node 0 MemUsed:          309416 kB
Node 0 Active:            59796 kB
Node 0 Inactive:          94536 kB
Node 0 Active(anon):      32652 kB
Node 0 Inactive(anon):      452 kB
Node 0 Active(file):      27144 kB
Node 0 Inactive(file):    94084 kB
Node 0 Unevictable:       18340 kB
Node 0 Mlocked:           18340 kB
Node 0 Dirty:               184 kB
Node 0 Writeback:             0 kB
Node 0 FilePages:        129672 kB
Node 0 Mapped:            24584 kB
Node 0 AnonPages:         42860 kB
Node 0 Shmem:               648 kB
Node 0 KernelStack:        2520 kB
Node 0 PageTables:         1416 kB
Node 0 NFS_Unstable:          0 kB
Node 0 Bounce:                0 kB
Node 0 WritebackTmp:          0 kB
Node 0 KReclaimable:      20212 kB
Node 0 Slab:              52920 kB
Node 0 SReclaimable:      20212 kB
Node 0 SUnreclaim:        32708 kB
Node 0 AnonHugePages:         0 kB
Node 0 ShmemHugePages:        0 kB
Node 0 ShmemPmdMapped:        0 kB
Node 0 FileHugePages:        0 kB
Node 0 FilePmdMapped:        0 kB
Node 0 HugePages_Total:     0
Node 0 HugePages_Free:      0
Node 0 HugePages_Surp:      0

Node 1 MemTotal:       24686196 kB
Node 1 MemFree:        24225196 kB
Node 1 MemUsed:          461000 kB
Node 1 Active:            62056 kB
Node 1 Inactive:         114140 kB
Node 1 Active(anon):      24936 kB
Node 1 Inactive(anon):      492 kB
Node 1 Active(file):      37120 kB
Node 1 Inactive(file):   113648 kB
Node 1 Unevictable:         400 kB
Node 1 Mlocked:             400 kB
Node 1 Dirty:               404 kB
Node 1 Writeback:             0 kB
Node 1 FilePages:        151784 kB
Node 1 Mapped:            32808 kB
Node 1 AnonPages:         24496 kB
Node 1 Shmem:               620 kB
Node 1 KernelStack:        1636 kB
Node 1 PageTables:         1360 kB
Node 1 NFS_Unstable:          0 kB
Node 1 Bounce:                0 kB
Node 1 WritebackTmp:          0 kB
Node 1 KReclaimable:      23184 kB
Node 1 Slab:              59996 kB
Node 1 SReclaimable:      23184 kB
Node 1 SUnreclaim:        36812 kB
Node 1 AnonHugePages:         0 kB
Node 1 ShmemHugePages:        0 kB
Node 1 ShmemPmdMapped:        0 kB
Node 1 FileHugePages:        0 kB
Node 1 FilePmdMapped:        0 kB
Node 1 HugePages_Total:     0
Node 1 HugePages_Free:      0
Node 1 HugePages_Surp:      0

Import tank ZPool
Node 0 MemTotal:       24743736 kB
Node 0 MemFree:        24426100 kB
Node 0 MemUsed:          317636 kB
Node 0 Active:            49364 kB
Node 0 Inactive:          95448 kB
Node 0 Active(anon):      21456 kB
Node 0 Inactive(anon):      460 kB
Node 0 Active(file):      27908 kB
Node 0 Inactive(file):    94988 kB
Node 0 Unevictable:       18356 kB
Node 0 Mlocked:           18356 kB
Node 0 Dirty:               216 kB
Node 0 Writeback:             0 kB
Node 0 FilePages:        131380 kB
Node 0 Mapped:            22596 kB
Node 0 AnonPages:         31748 kB
Node 0 Shmem:               652 kB
Node 0 KernelStack:        3416 kB
Node 0 PageTables:          680 kB
Node 0 NFS_Unstable:          0 kB
Node 0 Bounce:                0 kB
Node 0 WritebackTmp:          0 kB
Node 0 KReclaimable:      20360 kB
Node 0 Slab:              59092 kB
Node 0 SReclaimable:      20360 kB
Node 0 SUnreclaim:        38732 kB
Node 0 AnonHugePages:         0 kB
Node 0 ShmemHugePages:        0 kB
Node 0 ShmemPmdMapped:        0 kB
Node 0 FileHugePages:        0 kB
Node 0 FilePmdMapped:        0 kB
Node 0 HugePages_Total:     0
Node 0 HugePages_Free:      0
Node 0 HugePages_Surp:      0

Node 1 MemTotal:       24686196 kB
Node 1 MemFree:        24239112 kB
Node 1 MemUsed:          447084 kB
Node 1 Active:            49744 kB
Node 1 Inactive:         113728 kB
Node 1 Active(anon):      12184 kB
Node 1 Inactive(anon):      488 kB
Node 1 Active(file):      37560 kB
Node 1 Inactive(file):   113240 kB
Node 1 Unevictable:         400 kB
Node 1 Mlocked:             400 kB
Node 1 Dirty:               468 kB
Node 1 Writeback:             0 kB
Node 1 FilePages:        151812 kB
Node 1 Mapped:            31196 kB
Node 1 AnonPages:         12056 kB
Node 1 Shmem:               616 kB
Node 1 KernelStack:        1352 kB
Node 1 PageTables:          488 kB
Node 1 NFS_Unstable:          0 kB
Node 1 Bounce:                0 kB
Node 1 WritebackTmp:          0 kB
Node 1 KReclaimable:      23184 kB
Node 1 Slab:              60032 kB
Node 1 SReclaimable:      23184 kB
Node 1 SUnreclaim:        36848 kB
Node 1 AnonHugePages:         0 kB
Node 1 ShmemHugePages:        0 kB
Node 1 ShmemPmdMapped:        0 kB
Node 1 FileHugePages:        0 kB
Node 1 FilePmdMapped:        0 kB
Node 1 HugePages_Total:     0
Node 1 HugePages_Free:      0
Node 1 HugePages_Surp:      0

After Test
Node 0 MemTotal:       24743736 kB
Node 0 MemFree:        24337640 kB
Node 0 MemUsed:          406096 kB
Node 0 Active:            49200 kB
Node 0 Inactive:          95164 kB
Node 0 Active(anon):      20944 kB
Node 0 Inactive(anon):      456 kB
Node 0 Active(file):      28256 kB
Node 0 Inactive(file):    94708 kB
Node 0 Unevictable:       18356 kB
Node 0 Mlocked:           18356 kB
Node 0 Dirty:                72 kB
Node 0 Writeback:             0 kB
Node 0 FilePages:        131412 kB
Node 0 Mapped:            22700 kB
Node 0 AnonPages:         31352 kB
Node 0 Shmem:               652 kB
Node 0 KernelStack:        3256 kB
Node 0 PageTables:          572 kB
Node 0 NFS_Unstable:          0 kB
Node 0 Bounce:                0 kB
Node 0 WritebackTmp:          0 kB
Node 0 KReclaimable:      20392 kB
Node 0 Slab:              59356 kB
Node 0 SReclaimable:      20392 kB
Node 0 SUnreclaim:        38964 kB
Node 0 AnonHugePages:         0 kB
Node 0 ShmemHugePages:        0 kB
Node 0 ShmemPmdMapped:        0 kB
Node 0 FileHugePages:        0 kB
Node 0 FilePmdMapped:        0 kB
Node 0 HugePages_Total:     0
Node 0 HugePages_Free:      0
Node 0 HugePages_Surp:      0

Node 1 MemTotal:       24686196 kB
Node 1 MemFree:        22821732 kB
Node 1 MemUsed:         1864464 kB
Node 1 Active:            50652 kB
Node 1 Inactive:        1090268 kB
Node 1 Active(anon):      12536 kB
Node 1 Inactive(anon):      484 kB
Node 1 Active(file):      38116 kB
Node 1 Inactive(file):  1089784 kB
Node 1 Unevictable:         400 kB
Node 1 Mlocked:             400 kB
Node 1 Dirty:               396 kB
Node 1 Writeback:             0 kB
Node 1 FilePages:       1128964 kB
Node 1 Mapped:            31136 kB
Node 1 AnonPages:         12244 kB
Node 1 Shmem:               616 kB
Node 1 KernelStack:        1384 kB
Node 1 PageTables:          576 kB
Node 1 NFS_Unstable:          0 kB
Node 1 Bounce:                0 kB
Node 1 WritebackTmp:          0 kB
Node 1 KReclaimable:      25544 kB
Node 1 Slab:              65892 kB
Node 1 SReclaimable:      25544 kB
Node 1 SUnreclaim:        40348 kB
Node 1 AnonHugePages:         0 kB
Node 1 ShmemHugePages:        0 kB
Node 1 ShmemPmdMapped:        0 kB
Node 1 FileHugePages:        0 kB
Node 1 FilePmdMapped:        0 kB
Node 1 HugePages_Total:     0
Node 1 HugePages_Free:      0
Node 1 HugePages_Surp:      0

After Opposite Node
Node 0 MemTotal:       24743736 kB
Node 0 MemFree:        24337732 kB
Node 0 MemUsed:          406004 kB
Node 0 Active:            49956 kB
Node 0 Inactive:          94964 kB
Node 0 Active(anon):      21484 kB
Node 0 Inactive(anon):      456 kB
Node 0 Active(file):      28472 kB
Node 0 Inactive(file):    94508 kB
Node 0 Unevictable:       18356 kB
Node 0 Mlocked:           18356 kB
Node 0 Dirty:                28 kB
Node 0 Writeback:             0 kB
Node 0 FilePages:        131428 kB
Node 0 Mapped:            22704 kB
Node 0 AnonPages:         31712 kB
Node 0 Shmem:               652 kB
Node 0 KernelStack:        3304 kB
Node 0 PageTables:          768 kB
Node 0 NFS_Unstable:          0 kB
Node 0 Bounce:                0 kB
Node 0 WritebackTmp:          0 kB
Node 0 KReclaimable:      20440 kB
Node 0 Slab:              59472 kB
Node 0 SReclaimable:      20440 kB
Node 0 SUnreclaim:        39032 kB
Node 0 AnonHugePages:         0 kB
Node 0 ShmemHugePages:        0 kB
Node 0 ShmemPmdMapped:        0 kB
Node 0 FileHugePages:        0 kB
Node 0 FilePmdMapped:        0 kB
Node 0 HugePages_Total:     0
Node 0 HugePages_Free:      0
Node 0 HugePages_Surp:      0

Node 1 MemTotal:       24686196 kB
Node 1 MemFree:        22821996 kB
Node 1 MemUsed:         1864200 kB
Node 1 Active:            50356 kB
Node 1 Inactive:        1090220 kB
Node 1 Active(anon):      12188 kB
Node 1 Inactive(anon):      484 kB
Node 1 Active(file):      38168 kB
Node 1 Inactive(file):  1089736 kB
Node 1 Unevictable:         400 kB
Node 1 Mlocked:             400 kB
Node 1 Dirty:                68 kB
Node 1 Writeback:             0 kB
Node 1 FilePages:       1128976 kB
Node 1 Mapped:            31136 kB
Node 1 AnonPages:         12056 kB
Node 1 Shmem:               616 kB
Node 1 KernelStack:        1352 kB
Node 1 PageTables:          488 kB
Node 1 NFS_Unstable:          0 kB
Node 1 Bounce:                0 kB
Node 1 WritebackTmp:          0 kB
Node 1 KReclaimable:      25548 kB
Node 1 Slab:              66180 kB
Node 1 SReclaimable:      25548 kB
Node 1 SUnreclaim:        40632 kB
Node 1 AnonHugePages:         0 kB
Node 1 ShmemHugePages:        0 kB
Node 1 ShmemPmdMapped:        0 kB
Node 1 FileHugePages:        0 kB
Node 1 FilePmdMapped:        0 kB
Node 1 HugePages_Total:     0
Node 1 HugePages_Free:      0
Node 1 HugePages_Surp:      0

B.1.1G-simpleread.250M.2.O.1M Complete!
