kernel.numa_balancing = 0
B.1.1G-simpleread.4G.3.O.1M
Begin
Node 0 MemTotal:       24768352 kB
Node 0 MemFree:        24365920 kB
Node 0 MemUsed:          402432 kB
Node 0 Active:            55460 kB
Node 0 Inactive:          67388 kB
Node 0 Active(anon):      13468 kB
Node 0 Inactive(anon):      488 kB
Node 0 Active(file):      41992 kB
Node 0 Inactive(file):    66900 kB
Node 0 Unevictable:       13140 kB
Node 0 Mlocked:           13140 kB
Node 0 Dirty:               140 kB
Node 0 Writeback:             0 kB
Node 0 FilePages:        112364 kB
Node 0 Mapped:            18056 kB
Node 0 AnonPages:         23924 kB
Node 0 Shmem:               652 kB
Node 0 KernelStack:        2232 kB
Node 0 PageTables:          452 kB
Node 0 NFS_Unstable:          0 kB
Node 0 Bounce:                0 kB
Node 0 WritebackTmp:          0 kB
Node 0 KReclaimable:      20688 kB
Node 0 Slab:              50792 kB
Node 0 SReclaimable:      20688 kB
Node 0 SUnreclaim:        30104 kB
Node 0 AnonHugePages:         0 kB
Node 0 ShmemHugePages:        0 kB
Node 0 ShmemPmdMapped:        0 kB
Node 0 FileHugePages:        0 kB
Node 0 FilePmdMapped:        0 kB
Node 0 HugePages_Total:     0
Node 0 HugePages_Free:      0
Node 0 HugePages_Surp:      0

Node 1 MemTotal:       24661580 kB
Node 1 MemFree:        24425044 kB
Node 1 MemUsed:          236536 kB
Node 1 Active:            40112 kB
Node 1 Inactive:          46712 kB
Node 1 Active(anon):      20312 kB
Node 1 Inactive(anon):      376 kB
Node 1 Active(file):      19800 kB
Node 1 Inactive(file):    46336 kB
Node 1 Unevictable:        5384 kB
Node 1 Mlocked:            5384 kB
Node 1 Dirty:               284 kB
Node 1 Writeback:             0 kB
Node 1 FilePages:         72164 kB
Node 1 Mapped:            42052 kB
Node 1 AnonPages:         20060 kB
Node 1 Shmem:               616 kB
Node 1 KernelStack:        1320 kB
Node 1 PageTables:          616 kB
Node 1 NFS_Unstable:          0 kB
Node 1 Bounce:                0 kB
Node 1 WritebackTmp:          0 kB
Node 1 KReclaimable:      21124 kB
Node 1 Slab:              55380 kB
Node 1 SReclaimable:      21124 kB
Node 1 SUnreclaim:        34256 kB
Node 1 AnonHugePages:         0 kB
Node 1 ShmemHugePages:        0 kB
Node 1 ShmemPmdMapped:        0 kB
Node 1 FileHugePages:        0 kB
Node 1 FilePmdMapped:        0 kB
Node 1 HugePages_Total:     0
Node 1 HugePages_Free:      0
Node 1 HugePages_Surp:      0

Load ZFS
Node 0 MemTotal:       24768352 kB
Node 0 MemFree:        24251992 kB
Node 0 MemUsed:          516360 kB
Node 0 Active:            70724 kB
Node 0 Inactive:         156780 kB
Node 0 Active(anon):      27228 kB
Node 0 Inactive(anon):      456 kB
Node 0 Active(file):      43496 kB
Node 0 Inactive(file):   156324 kB
Node 0 Unevictable:       13336 kB
Node 0 Mlocked:           13336 kB
Node 0 Dirty:               168 kB
Node 0 Writeback:             0 kB
Node 0 FilePages:        203252 kB
Node 0 Mapped:            20356 kB
Node 0 AnonPages:         37620 kB
Node 0 Shmem:               620 kB
Node 0 KernelStack:        2700 kB
Node 0 PageTables:         1912 kB
Node 0 NFS_Unstable:          0 kB
Node 0 Bounce:                0 kB
Node 0 WritebackTmp:          0 kB
Node 0 KReclaimable:      21788 kB
Node 0 Slab:              55648 kB
Node 0 SReclaimable:      21788 kB
Node 0 SUnreclaim:        33860 kB
Node 0 AnonHugePages:         0 kB
Node 0 ShmemHugePages:        0 kB
Node 0 ShmemPmdMapped:        0 kB
Node 0 FileHugePages:        0 kB
Node 0 FilePmdMapped:        0 kB
Node 0 HugePages_Total:     0
Node 0 HugePages_Free:      0
Node 0 HugePages_Surp:      0

Node 1 MemTotal:       24661580 kB
Node 1 MemFree:        24398040 kB
Node 1 MemUsed:          263540 kB
Node 1 Active:            50392 kB
Node 1 Inactive:          60680 kB
Node 1 Active(anon):      29344 kB
Node 1 Inactive(anon):      488 kB
Node 1 Active(file):      21048 kB
Node 1 Inactive(file):    60192 kB
Node 1 Unevictable:        5384 kB
Node 1 Mlocked:            5384 kB
Node 1 Dirty:               392 kB
Node 1 Writeback:             0 kB
Node 1 FilePages:         87268 kB
Node 1 Mapped:            44392 kB
Node 1 AnonPages:         28612 kB
Node 1 Shmem:               648 kB
Node 1 KernelStack:        1584 kB
Node 1 PageTables:          976 kB
Node 1 NFS_Unstable:          0 kB
Node 1 Bounce:                0 kB
Node 1 WritebackTmp:          0 kB
Node 1 KReclaimable:      21804 kB
Node 1 Slab:              57868 kB
Node 1 SReclaimable:      21804 kB
Node 1 SUnreclaim:        36064 kB
Node 1 AnonHugePages:         0 kB
Node 1 ShmemHugePages:        0 kB
Node 1 ShmemPmdMapped:        0 kB
Node 1 FileHugePages:        0 kB
Node 1 FilePmdMapped:        0 kB
Node 1 HugePages_Total:     0
Node 1 HugePages_Free:      0
Node 1 HugePages_Surp:      0

Import tank ZPool
Node 0 MemTotal:       24768352 kB
Node 0 MemFree:        24259224 kB
Node 0 MemUsed:          509128 kB
Node 0 Active:            58040 kB
Node 0 Inactive:         157732 kB
Node 0 Active(anon):      14008 kB
Node 0 Inactive(anon):      460 kB
Node 0 Active(file):      44032 kB
Node 0 Inactive(file):   157272 kB
Node 0 Unevictable:       13368 kB
Node 0 Mlocked:           13368 kB
Node 0 Dirty:               100 kB
Node 0 Writeback:             0 kB
Node 0 FilePages:        204752 kB
Node 0 Mapped:            18100 kB
Node 0 AnonPages:         24328 kB
Node 0 Shmem:               620 kB
Node 0 KernelStack:        2280 kB
Node 0 PageTables:          580 kB
Node 0 NFS_Unstable:          0 kB
Node 0 Bounce:                0 kB
Node 0 WritebackTmp:          0 kB
Node 0 KReclaimable:      21920 kB
Node 0 Slab:              61064 kB
Node 0 SReclaimable:      21920 kB
Node 0 SUnreclaim:        39144 kB
Node 0 AnonHugePages:         0 kB
Node 0 ShmemHugePages:        0 kB
Node 0 ShmemPmdMapped:        0 kB
Node 0 FileHugePages:        0 kB
Node 0 FilePmdMapped:        0 kB
Node 0 HugePages_Total:     0
Node 0 HugePages_Free:      0
Node 0 HugePages_Surp:      0

Node 1 MemTotal:       24661580 kB
Node 1 MemFree:        24390128 kB
Node 1 MemUsed:          271452 kB
Node 1 Active:            41080 kB
Node 1 Inactive:          60328 kB
Node 1 Active(anon):      19644 kB
Node 1 Inactive(anon):      492 kB
Node 1 Active(file):      21436 kB
Node 1 Inactive(file):    59836 kB
Node 1 Unevictable:        5384 kB
Node 1 Mlocked:            5384 kB
Node 1 Dirty:               472 kB
Node 1 Writeback:             0 kB
Node 1 FilePages:         87316 kB
Node 1 Mapped:            42256 kB
Node 1 AnonPages:         19488 kB
Node 1 Shmem:               648 kB
Node 1 KernelStack:        2440 kB
Node 1 PageTables:          632 kB
Node 1 NFS_Unstable:          0 kB
Node 1 Bounce:                0 kB
Node 1 WritebackTmp:          0 kB
Node 1 KReclaimable:      21812 kB
Node 1 Slab:              59964 kB
Node 1 SReclaimable:      21812 kB
Node 1 SUnreclaim:        38152 kB
Node 1 AnonHugePages:         0 kB
Node 1 ShmemHugePages:        0 kB
Node 1 ShmemPmdMapped:        0 kB
Node 1 FileHugePages:        0 kB
Node 1 FilePmdMapped:        0 kB
Node 1 HugePages_Total:     0
Node 1 HugePages_Free:      0
Node 1 HugePages_Surp:      0

After Test
Node 0 MemTotal:       24768352 kB
Node 0 MemFree:        23954792 kB
Node 0 MemUsed:          813560 kB
Node 0 Active:            57856 kB
Node 0 Inactive:         157528 kB
Node 0 Active(anon):      13576 kB
Node 0 Inactive(anon):      456 kB
Node 0 Active(file):      44280 kB
Node 0 Inactive(file):   157072 kB
Node 0 Unevictable:       13368 kB
Node 0 Mlocked:           13368 kB
Node 0 Dirty:                 0 kB
Node 0 Writeback:             0 kB
Node 0 FilePages:        204784 kB
Node 0 Mapped:            18064 kB
Node 0 AnonPages:         24020 kB
Node 0 Shmem:               620 kB
Node 0 KernelStack:        2232 kB
Node 0 PageTables:          456 kB
Node 0 NFS_Unstable:          0 kB
Node 0 Bounce:                0 kB
Node 0 WritebackTmp:          0 kB
Node 0 KReclaimable:      21920 kB
Node 0 Slab:              61624 kB
Node 0 SReclaimable:      21920 kB
Node 0 SUnreclaim:        39704 kB
Node 0 AnonHugePages:         0 kB
Node 0 ShmemHugePages:        0 kB
Node 0 ShmemPmdMapped:        0 kB
Node 0 FileHugePages:        0 kB
Node 0 FilePmdMapped:        0 kB
Node 0 HugePages_Total:     0
Node 0 HugePages_Free:      0
Node 0 HugePages_Surp:      0

Node 1 MemTotal:       24661580 kB
Node 1 MemFree:        18684644 kB
Node 1 MemUsed:         5976936 kB
Node 1 Active:            42376 kB
Node 1 Inactive:        1036836 kB
Node 1 Active(anon):      20228 kB
Node 1 Inactive(anon):      488 kB
Node 1 Active(file):      22148 kB
Node 1 Inactive(file):  1036348 kB
Node 1 Unevictable:        5384 kB
Node 1 Mlocked:            5384 kB
Node 1 Dirty:                 4 kB
Node 1 Writeback:             0 kB
Node 1 FilePages:       1064524 kB
Node 1 Mapped:            42340 kB
Node 1 AnonPages:         19916 kB
Node 1 Shmem:               648 kB
Node 1 KernelStack:        2440 kB
Node 1 PageTables:          844 kB
Node 1 NFS_Unstable:          0 kB
Node 1 Bounce:                0 kB
Node 1 WritebackTmp:          0 kB
Node 1 KReclaimable:      24128 kB
Node 1 Slab:              81420 kB
Node 1 SReclaimable:      24128 kB
Node 1 SUnreclaim:        57292 kB
Node 1 AnonHugePages:         0 kB
Node 1 ShmemHugePages:        0 kB
Node 1 ShmemPmdMapped:        0 kB
Node 1 FileHugePages:        0 kB
Node 1 FilePmdMapped:        0 kB
Node 1 HugePages_Total:     0
Node 1 HugePages_Free:      0
Node 1 HugePages_Surp:      0

After Opposite Node
Node 0 MemTotal:       24768352 kB
Node 0 MemFree:        23957076 kB
Node 0 MemUsed:          811276 kB
Node 0 Active:            58412 kB
Node 0 Inactive:         157516 kB
Node 0 Active(anon):      14104 kB
Node 0 Inactive(anon):      456 kB
Node 0 Active(file):      44308 kB
Node 0 Inactive(file):   157060 kB
Node 0 Unevictable:       13368 kB
Node 0 Mlocked:           13368 kB
Node 0 Dirty:                32 kB
Node 0 Writeback:             0 kB
Node 0 FilePages:        204800 kB
Node 0 Mapped:            18072 kB
Node 0 AnonPages:         24304 kB
Node 0 Shmem:               620 kB
Node 0 KernelStack:        2232 kB
Node 0 PageTables:          676 kB
Node 0 NFS_Unstable:          0 kB
Node 0 Bounce:                0 kB
Node 0 WritebackTmp:          0 kB
Node 0 KReclaimable:      21952 kB
Node 0 Slab:              61796 kB
Node 0 SReclaimable:      21952 kB
Node 0 SUnreclaim:        39844 kB
Node 0 AnonHugePages:         0 kB
Node 0 ShmemHugePages:        0 kB
Node 0 ShmemPmdMapped:        0 kB
Node 0 FileHugePages:        0 kB
Node 0 FilePmdMapped:        0 kB
Node 0 HugePages_Total:     0
Node 0 HugePages_Free:      0
Node 0 HugePages_Surp:      0

Node 1 MemTotal:       24661580 kB
Node 1 MemFree:        18687108 kB
Node 1 MemUsed:         5974472 kB
Node 1 Active:            42184 kB
Node 1 Inactive:        1036588 kB
Node 1 Active(anon):      19776 kB
Node 1 Inactive(anon):      488 kB
Node 1 Active(file):      22408 kB
Node 1 Inactive(file):  1036100 kB
Node 1 Unevictable:        5384 kB
Node 1 Mlocked:            5384 kB
Node 1 Dirty:                44 kB
Node 1 Writeback:             0 kB
Node 1 FilePages:       1064536 kB
Node 1 Mapped:            42128 kB
Node 1 AnonPages:         19636 kB
Node 1 Shmem:               648 kB
Node 1 KernelStack:        2424 kB
Node 1 PageTables:          632 kB
Node 1 NFS_Unstable:          0 kB
Node 1 Bounce:                0 kB
Node 1 WritebackTmp:          0 kB
Node 1 KReclaimable:      24168 kB
Node 1 Slab:              81564 kB
Node 1 SReclaimable:      24168 kB
Node 1 SUnreclaim:        57396 kB
Node 1 AnonHugePages:         0 kB
Node 1 ShmemHugePages:        0 kB
Node 1 ShmemPmdMapped:        0 kB
Node 1 FileHugePages:        0 kB
Node 1 FilePmdMapped:        0 kB
Node 1 HugePages_Total:     0
Node 1 HugePages_Free:      0
Node 1 HugePages_Surp:      0

B.1.1G-simpleread.4G.3.O.1M Complete!
