kernel.numa_balancing = 0
B.1.1G-simpleread.16G.2.O.1M
Begin
Node 0 MemTotal:       24768352 kB
Node 0 MemFree:        24445944 kB
Node 0 MemUsed:          322408 kB
Node 0 Active:            35244 kB
Node 0 Inactive:          22676 kB
Node 0 Active(anon):      17560 kB
Node 0 Inactive(anon):      536 kB
Node 0 Active(file):      17684 kB
Node 0 Inactive(file):    22140 kB
Node 0 Unevictable:         896 kB
Node 0 Mlocked:             896 kB
Node 0 Dirty:                36 kB
Node 0 Writeback:             0 kB
Node 0 FilePages:         41556 kB
Node 0 Mapped:             8408 kB
Node 0 AnonPages:         17328 kB
Node 0 Shmem:               788 kB
Node 0 KernelStack:        2120 kB
Node 0 PageTables:          320 kB
Node 0 NFS_Unstable:          0 kB
Node 0 Bounce:                0 kB
Node 0 WritebackTmp:          0 kB
Node 0 KReclaimable:      20072 kB
Node 0 Slab:              46884 kB
Node 0 SReclaimable:      20072 kB
Node 0 SUnreclaim:        26812 kB
Node 0 AnonHugePages:         0 kB
Node 0 ShmemHugePages:        0 kB
Node 0 ShmemPmdMapped:        0 kB
Node 0 FileHugePages:        0 kB
Node 0 FilePmdMapped:        0 kB
Node 0 HugePages_Total:     0
Node 0 HugePages_Free:      0
Node 0 HugePages_Surp:      0

Node 1 MemTotal:       24661580 kB
Node 1 MemFree:        24358668 kB
Node 1 MemUsed:          302912 kB
Node 1 Active:            60036 kB
Node 1 Inactive:          80012 kB
Node 1 Active(anon):      16400 kB
Node 1 Inactive(anon):      340 kB
Node 1 Active(file):      43636 kB
Node 1 Inactive(file):    79672 kB
Node 1 Unevictable:       17624 kB
Node 1 Mlocked:           17624 kB
Node 1 Dirty:               456 kB
Node 1 Writeback:             0 kB
Node 1 FilePages:        131096 kB
Node 1 Mapped:            43564 kB
Node 1 AnonPages:         26636 kB
Node 1 Shmem:               480 kB
Node 1 KernelStack:        1464 kB
Node 1 PageTables:          772 kB
Node 1 NFS_Unstable:          0 kB
Node 1 Bounce:                0 kB
Node 1 WritebackTmp:          0 kB
Node 1 KReclaimable:      22392 kB
Node 1 Slab:              60244 kB
Node 1 SReclaimable:      22392 kB
Node 1 SUnreclaim:        37852 kB
Node 1 AnonHugePages:         0 kB
Node 1 ShmemHugePages:        0 kB
Node 1 ShmemPmdMapped:        0 kB
Node 1 FileHugePages:        0 kB
Node 1 FilePmdMapped:        0 kB
Node 1 HugePages_Total:     0
Node 1 HugePages_Free:      0
Node 1 HugePages_Surp:      0

Load ZFS
Node 0 MemTotal:       24768352 kB
Node 0 MemFree:        24345688 kB
Node 0 MemUsed:          422664 kB
Node 0 Active:            51132 kB
Node 0 Inactive:         100080 kB
Node 0 Active(anon):      32096 kB
Node 0 Inactive(anon):      508 kB
Node 0 Active(file):      19036 kB
Node 0 Inactive(file):    99572 kB
Node 0 Unevictable:         896 kB
Node 0 Mlocked:             896 kB
Node 0 Dirty:                60 kB
Node 0 Writeback:             0 kB
Node 0 FilePages:        120156 kB
Node 0 Mapped:            11024 kB
Node 0 AnonPages:         31480 kB
Node 0 Shmem:               656 kB
Node 0 KernelStack:        2528 kB
Node 0 PageTables:         1812 kB
Node 0 NFS_Unstable:          0 kB
Node 0 Bounce:                0 kB
Node 0 WritebackTmp:          0 kB
Node 0 KReclaimable:      20960 kB
Node 0 Slab:              50384 kB
Node 0 SReclaimable:      20960 kB
Node 0 SUnreclaim:        29424 kB
Node 0 AnonHugePages:         0 kB
Node 0 ShmemHugePages:        0 kB
Node 0 ShmemPmdMapped:        0 kB
Node 0 FileHugePages:        0 kB
Node 0 FilePmdMapped:        0 kB
Node 0 HugePages_Total:     0
Node 0 HugePages_Free:      0
Node 0 HugePages_Surp:      0

Node 1 MemTotal:       24661580 kB
Node 1 MemFree:        24313192 kB
Node 1 MemUsed:          348388 kB
Node 1 Active:            74028 kB
Node 1 Inactive:         106016 kB
Node 1 Active(anon):      29200 kB
Node 1 Inactive(anon):      444 kB
Node 1 Active(file):      44828 kB
Node 1 Inactive(file):   105572 kB
Node 1 Unevictable:       17840 kB
Node 1 Mlocked:           17840 kB
Node 1 Dirty:               508 kB
Node 1 Writeback:             0 kB
Node 1 FilePages:        158312 kB
Node 1 Mapped:            44976 kB
Node 1 AnonPages:         39492 kB
Node 1 Shmem:               612 kB
Node 1 KernelStack:        1660 kB
Node 1 PageTables:         1516 kB
Node 1 NFS_Unstable:          0 kB
Node 1 Bounce:                0 kB
Node 1 WritebackTmp:          0 kB
Node 1 KReclaimable:      23276 kB
Node 1 Slab:              63312 kB
Node 1 SReclaimable:      23276 kB
Node 1 SUnreclaim:        40036 kB
Node 1 AnonHugePages:         0 kB
Node 1 ShmemHugePages:        0 kB
Node 1 ShmemPmdMapped:        0 kB
Node 1 FileHugePages:        0 kB
Node 1 FilePmdMapped:        0 kB
Node 1 HugePages_Total:     0
Node 1 HugePages_Free:      0
Node 1 HugePages_Surp:      0

Import tank ZPool
Node 0 MemTotal:       24768352 kB
Node 0 MemFree:        24346064 kB
Node 0 MemUsed:          422288 kB
Node 0 Active:            36952 kB
Node 0 Inactive:         100960 kB
Node 0 Active(anon):      17104 kB
Node 0 Inactive(anon):      512 kB
Node 0 Active(file):      19848 kB
Node 0 Inactive(file):   100448 kB
Node 0 Unevictable:         896 kB
Node 0 Mlocked:             896 kB
Node 0 Dirty:                68 kB
Node 0 Writeback:             0 kB
Node 0 FilePages:        121860 kB
Node 0 Mapped:             8844 kB
Node 0 AnonPages:         16488 kB
Node 0 Shmem:               656 kB
Node 0 KernelStack:        3304 kB
Node 0 PageTables:          612 kB
Node 0 NFS_Unstable:          0 kB
Node 0 Bounce:                0 kB
Node 0 WritebackTmp:          0 kB
Node 0 KReclaimable:      21120 kB
Node 0 Slab:              56536 kB
Node 0 SReclaimable:      21120 kB
Node 0 SUnreclaim:        35416 kB
Node 0 AnonHugePages:         0 kB
Node 0 ShmemHugePages:        0 kB
Node 0 ShmemPmdMapped:        0 kB
Node 0 FileHugePages:        0 kB
Node 0 FilePmdMapped:        0 kB
Node 0 HugePages_Total:     0
Node 0 HugePages_Free:      0
Node 0 HugePages_Surp:      0

Node 1 MemTotal:       24661580 kB
Node 1 MemFree:        24320728 kB
Node 1 MemUsed:          340852 kB
Node 1 Active:            62260 kB
Node 1 Inactive:         105924 kB
Node 1 Active(anon):      17328 kB
Node 1 Inactive(anon):      440 kB
Node 1 Active(file):      44932 kB
Node 1 Inactive(file):   105484 kB
Node 1 Unevictable:       17856 kB
Node 1 Mlocked:           17856 kB
Node 1 Dirty:               548 kB
Node 1 Writeback:             0 kB
Node 1 FilePages:        158344 kB
Node 1 Mapped:            43808 kB
Node 1 AnonPages:         27868 kB
Node 1 Shmem:               612 kB
Node 1 KernelStack:        1496 kB
Node 1 PageTables:          852 kB
Node 1 NFS_Unstable:          0 kB
Node 1 Bounce:                0 kB
Node 1 WritebackTmp:          0 kB
Node 1 KReclaimable:      23276 kB
Node 1 Slab:              64236 kB
Node 1 SReclaimable:      23276 kB
Node 1 SUnreclaim:        40960 kB
Node 1 AnonHugePages:         0 kB
Node 1 ShmemHugePages:        0 kB
Node 1 ShmemPmdMapped:        0 kB
Node 1 FileHugePages:        0 kB
Node 1 FilePmdMapped:        0 kB
Node 1 HugePages_Total:     0
Node 1 HugePages_Free:      0
Node 1 HugePages_Surp:      0

After Test
Node 0 MemTotal:       24768352 kB
Node 0 MemFree:        23376764 kB
Node 0 MemUsed:         1391588 kB
Node 0 Active:            36808 kB
Node 0 Inactive:         100460 kB
Node 0 Active(anon):      16412 kB
Node 0 Inactive(anon):      512 kB
Node 0 Active(file):      20396 kB
Node 0 Inactive(file):    99948 kB
Node 0 Unevictable:         896 kB
Node 0 Mlocked:             896 kB
Node 0 Dirty:                16 kB
Node 0 Writeback:             0 kB
Node 0 FilePages:        121892 kB
Node 0 Mapped:             8680 kB
Node 0 AnonPages:         16276 kB
Node 0 Shmem:               656 kB
Node 0 KernelStack:        3064 kB
Node 0 PageTables:          296 kB
Node 0 NFS_Unstable:          0 kB
Node 0 Bounce:                0 kB
Node 0 WritebackTmp:          0 kB
Node 0 KReclaimable:      21056 kB
Node 0 Slab:              59064 kB
Node 0 SReclaimable:      21056 kB
Node 0 SUnreclaim:        38008 kB
Node 0 AnonHugePages:         0 kB
Node 0 ShmemHugePages:        0 kB
Node 0 ShmemPmdMapped:        0 kB
Node 0 FileHugePages:        0 kB
Node 0 FilePmdMapped:        0 kB
Node 0 HugePages_Total:     0
Node 0 HugePages_Free:      0
Node 0 HugePages_Surp:      0

Node 1 MemTotal:       24661580 kB
Node 1 MemFree:         6655552 kB
Node 1 MemUsed:        18006028 kB
Node 1 Active:            63152 kB
Node 1 Inactive:        1082476 kB
Node 1 Active(anon):      17428 kB
Node 1 Inactive(anon):      432 kB
Node 1 Active(file):      45724 kB
Node 1 Inactive(file):  1082044 kB
Node 1 Unevictable:       17856 kB
Node 1 Mlocked:           17856 kB
Node 1 Dirty:                32 kB
Node 1 Writeback:             0 kB
Node 1 FilePages:       1135720 kB
Node 1 Mapped:            43552 kB
Node 1 AnonPages:         27664 kB
Node 1 Shmem:               612 kB
Node 1 KernelStack:        1384 kB
Node 1 PageTables:          964 kB
Node 1 NFS_Unstable:          0 kB
Node 1 Bounce:                0 kB
Node 1 WritebackTmp:          0 kB
Node 1 KReclaimable:      25696 kB
Node 1 Slab:             124040 kB
Node 1 SReclaimable:      25696 kB
Node 1 SUnreclaim:        98344 kB
Node 1 AnonHugePages:         0 kB
Node 1 ShmemHugePages:        0 kB
Node 1 ShmemPmdMapped:        0 kB
Node 1 FileHugePages:        0 kB
Node 1 FilePmdMapped:        0 kB
Node 1 HugePages_Total:     0
Node 1 HugePages_Free:      0
Node 1 HugePages_Surp:      0

After Opposite Node
Node 0 MemTotal:       24768352 kB
Node 0 MemFree:        23380208 kB
Node 0 MemUsed:         1388144 kB
Node 0 Active:            37504 kB
Node 0 Inactive:         100248 kB
Node 0 Active(anon):      16880 kB
Node 0 Inactive(anon):      512 kB
Node 0 Active(file):      20624 kB
Node 0 Inactive(file):    99736 kB
Node 0 Unevictable:         896 kB
Node 0 Mlocked:             896 kB
Node 0 Dirty:                36 kB
Node 0 Writeback:             0 kB
Node 0 FilePages:        121908 kB
Node 0 Mapped:             8472 kB
Node 0 AnonPages:         16544 kB
Node 0 Shmem:               656 kB
Node 0 KernelStack:        3064 kB
Node 0 PageTables:          512 kB
Node 0 NFS_Unstable:          0 kB
Node 0 Bounce:                0 kB
Node 0 WritebackTmp:          0 kB
Node 0 KReclaimable:      21088 kB
Node 0 Slab:              59312 kB
Node 0 SReclaimable:      21088 kB
Node 0 SUnreclaim:        38224 kB
Node 0 AnonHugePages:         0 kB
Node 0 ShmemHugePages:        0 kB
Node 0 ShmemPmdMapped:        0 kB
Node 0 FileHugePages:        0 kB
Node 0 FilePmdMapped:        0 kB
Node 0 HugePages_Total:     0
Node 0 HugePages_Free:      0
Node 0 HugePages_Surp:      0

Node 1 MemTotal:       24661580 kB
Node 1 MemFree:         6658620 kB
Node 1 MemUsed:        18002960 kB
Node 1 Active:            62812 kB
Node 1 Inactive:        1082440 kB
Node 1 Active(anon):      17000 kB
Node 1 Inactive(anon):      432 kB
Node 1 Active(file):      45812 kB
Node 1 Inactive(file):  1082008 kB
Node 1 Unevictable:       17856 kB
Node 1 Mlocked:           17856 kB
Node 1 Dirty:                40 kB
Node 1 Writeback:             0 kB
Node 1 FilePages:       1135740 kB
Node 1 Mapped:            43552 kB
Node 1 AnonPages:         27396 kB
Node 1 Shmem:               612 kB
Node 1 KernelStack:        1384 kB
Node 1 PageTables:          748 kB
Node 1 NFS_Unstable:          0 kB
Node 1 Bounce:                0 kB
Node 1 WritebackTmp:          0 kB
Node 1 KReclaimable:      25696 kB
Node 1 Slab:             123960 kB
Node 1 SReclaimable:      25696 kB
Node 1 SUnreclaim:        98264 kB
Node 1 AnonHugePages:         0 kB
Node 1 ShmemHugePages:        0 kB
Node 1 ShmemPmdMapped:        0 kB
Node 1 FileHugePages:        0 kB
Node 1 FilePmdMapped:        0 kB
Node 1 HugePages_Total:     0
Node 1 HugePages_Free:      0
Node 1 HugePages_Surp:      0

B.1.1G-simpleread.16G.2.O.1M Complete!
