kernel.numa_balancing = 0
55 Tests Remaining!
B.1.1G-simpleread.250M.1.O.1M
Begin
Node 0 MemTotal:       24768352 kB
Node 0 MemFree:        24369348 kB
Node 0 MemUsed:          399004 kB
Node 0 Active:            38068 kB
Node 0 Inactive:          77844 kB
Node 0 Active(anon):      16744 kB
Node 0 Inactive(anon):      568 kB
Node 0 Active(file):      21324 kB
Node 0 Inactive(file):    77276 kB
Node 0 Unevictable:        1040 kB
Node 0 Mlocked:            1040 kB
Node 0 Dirty:               192 kB
Node 0 Writeback:             0 kB
Node 0 FilePages:        100472 kB
Node 0 Mapped:            31648 kB
Node 0 AnonPages:         16508 kB
Node 0 Shmem:               836 kB
Node 0 KernelStack:        2424 kB
Node 0 PageTables:          572 kB
Node 0 NFS_Unstable:          0 kB
Node 0 Bounce:                0 kB
Node 0 WritebackTmp:          0 kB
Node 0 KReclaimable:      21776 kB
Node 0 Slab:              63500 kB
Node 0 SReclaimable:      21776 kB
Node 0 SUnreclaim:        41724 kB
Node 0 AnonHugePages:         0 kB
Node 0 ShmemHugePages:        0 kB
Node 0 ShmemPmdMapped:        0 kB
Node 0 FileHugePages:        0 kB
Node 0 FilePmdMapped:        0 kB
Node 0 HugePages_Total:     0
Node 0 HugePages_Free:      0
Node 0 HugePages_Surp:      0

Node 1 MemTotal:       24661580 kB
Node 1 MemFree:        24423176 kB
Node 1 MemUsed:          238404 kB
Node 1 Active:            60624 kB
Node 1 Inactive:          32848 kB
Node 1 Active(anon):      18336 kB
Node 1 Inactive(anon):      304 kB
Node 1 Active(file):      42288 kB
Node 1 Inactive(file):    32544 kB
Node 1 Unevictable:       17484 kB
Node 1 Mlocked:           17484 kB
Node 1 Dirty:               348 kB
Node 1 Writeback:             0 kB
Node 1 FilePages:         82420 kB
Node 1 Mapped:            24896 kB
Node 1 AnonPages:         28656 kB
Node 1 Shmem:               432 kB
Node 1 KernelStack:        1352 kB
Node 1 PageTables:          768 kB
Node 1 NFS_Unstable:          0 kB
Node 1 Bounce:                0 kB
Node 1 WritebackTmp:          0 kB
Node 1 KReclaimable:      21352 kB
Node 1 Slab:              45424 kB
Node 1 SReclaimable:      21352 kB
Node 1 SUnreclaim:        24072 kB
Node 1 AnonHugePages:         0 kB
Node 1 ShmemHugePages:        0 kB
Node 1 ShmemPmdMapped:        0 kB
Node 1 FileHugePages:        0 kB
Node 1 FilePmdMapped:        0 kB
Node 1 HugePages_Total:     0
Node 1 HugePages_Free:      0
Node 1 HugePages_Surp:      0

Load ZFS
Node 0 MemTotal:       24768352 kB
Node 0 MemFree:        24482352 kB
Node 0 MemUsed:          286000 kB
Node 0 Active:            51140 kB
Node 0 Inactive:          82580 kB
Node 0 Active(anon):      29400 kB
Node 0 Inactive(anon):      484 kB
Node 0 Active(file):      21740 kB
Node 0 Inactive(file):    82096 kB
Node 0 Unevictable:        1040 kB
Node 0 Mlocked:            1040 kB
Node 0 Dirty:               500 kB
Node 0 Writeback:             0 kB
Node 0 FilePages:        105564 kB
Node 0 Mapped:            33400 kB
Node 0 AnonPages:         29340 kB
Node 0 Shmem:               692 kB
Node 0 KernelStack:        2588 kB
Node 0 PageTables:         1344 kB
Node 0 NFS_Unstable:          0 kB
Node 0 Bounce:                0 kB
Node 0 WritebackTmp:          0 kB
Node 0 KReclaimable:      22448 kB
Node 0 Slab:              66100 kB
Node 0 SReclaimable:      22448 kB
Node 0 SUnreclaim:        43652 kB
Node 0 AnonHugePages:         0 kB
Node 0 ShmemHugePages:        0 kB
Node 0 ShmemPmdMapped:        0 kB
Node 0 FileHugePages:        0 kB
Node 0 FilePmdMapped:        0 kB
Node 0 HugePages_Total:     0
Node 0 HugePages_Free:      0
Node 0 HugePages_Surp:      0

Node 1 MemTotal:       24661580 kB
Node 1 MemFree:        24172644 kB
Node 1 MemUsed:          488936 kB
Node 1 Active:            71212 kB
Node 1 Inactive:         131496 kB
Node 1 Active(anon):      26872 kB
Node 1 Inactive(anon):      460 kB
Node 1 Active(file):      44340 kB
Node 1 Inactive(file):   131036 kB
Node 1 Unevictable:       17700 kB
Node 1 Mlocked:           17700 kB
Node 1 Dirty:               116 kB
Node 1 Writeback:             0 kB
Node 1 FilePages:        183108 kB
Node 1 Mapped:            27076 kB
Node 1 AnonPages:         36728 kB
Node 1 Shmem:               576 kB
Node 1 KernelStack:        1336 kB
Node 1 PageTables:          556 kB
Node 1 NFS_Unstable:          0 kB
Node 1 Bounce:                0 kB
Node 1 WritebackTmp:          0 kB
Node 1 KReclaimable:      21972 kB
Node 1 Slab:              48420 kB
Node 1 SReclaimable:      21972 kB
Node 1 SUnreclaim:        26448 kB
Node 1 AnonHugePages:         0 kB
Node 1 ShmemHugePages:        0 kB
Node 1 ShmemPmdMapped:        0 kB
Node 1 FileHugePages:        0 kB
Node 1 FilePmdMapped:        0 kB
Node 1 HugePages_Total:     0
Node 1 HugePages_Free:      0
Node 1 HugePages_Surp:      0

Import tank ZPool
Node 0 MemTotal:       24768352 kB
Node 0 MemFree:        24479844 kB
Node 0 MemUsed:          288508 kB
Node 0 Active:            39460 kB
Node 0 Inactive:          82356 kB
Node 0 Active(anon):      17496 kB
Node 0 Inactive(anon):      480 kB
Node 0 Active(file):      21964 kB
Node 0 Inactive(file):    81876 kB
Node 0 Unevictable:        1040 kB
Node 0 Mlocked:            1040 kB
Node 0 Dirty:               532 kB
Node 0 Writeback:             0 kB
Node 0 FilePages:        105560 kB
Node 0 Mapped:            31812 kB
Node 0 AnonPages:         17456 kB
Node 0 Shmem:               684 kB
Node 0 KernelStack:        3544 kB
Node 0 PageTables:          744 kB
Node 0 NFS_Unstable:          0 kB
Node 0 Bounce:                0 kB
Node 0 WritebackTmp:          0 kB
Node 0 KReclaimable:      22448 kB
Node 0 Slab:              68348 kB
Node 0 SReclaimable:      22448 kB
Node 0 SUnreclaim:        45900 kB
Node 0 AnonHugePages:         0 kB
Node 0 ShmemHugePages:        0 kB
Node 0 ShmemPmdMapped:        0 kB
Node 0 FileHugePages:        0 kB
Node 0 FilePmdMapped:        0 kB
Node 0 HugePages_Total:     0
Node 0 HugePages_Free:      0
Node 0 HugePages_Surp:      0

Node 1 MemTotal:       24661580 kB
Node 1 MemFree:        24175312 kB
Node 1 MemUsed:          486268 kB
Node 1 Active:            62452 kB
Node 1 Inactive:         132300 kB
Node 1 Active(anon):      16932 kB
Node 1 Inactive(anon):      468 kB
Node 1 Active(file):      45520 kB
Node 1 Inactive(file):   131832 kB
Node 1 Unevictable:       17716 kB
Node 1 Mlocked:           17716 kB
Node 1 Dirty:                56 kB
Node 1 Writeback:             0 kB
Node 1 FilePages:        184840 kB
Node 1 Mapped:            25012 kB
Node 1 AnonPages:         27012 kB
Node 1 Shmem:               584 kB
Node 1 KernelStack:        1256 kB
Node 1 PageTables:          748 kB
Node 1 NFS_Unstable:          0 kB
Node 1 Bounce:                0 kB
Node 1 WritebackTmp:          0 kB
Node 1 KReclaimable:      22080 kB
Node 1 Slab:              53044 kB
Node 1 SReclaimable:      22080 kB
Node 1 SUnreclaim:        30964 kB
Node 1 AnonHugePages:         0 kB
Node 1 ShmemHugePages:        0 kB
Node 1 ShmemPmdMapped:        0 kB
Node 1 FileHugePages:        0 kB
Node 1 FilePmdMapped:        0 kB
Node 1 HugePages_Total:     0
Node 1 HugePages_Free:      0
Node 1 HugePages_Surp:      0

After Test
Node 0 MemTotal:       24768352 kB
Node 0 MemFree:        24461232 kB
Node 0 MemUsed:          307120 kB
Node 0 Active:            39068 kB
Node 0 Inactive:          82376 kB
Node 0 Active(anon):      17096 kB
Node 0 Inactive(anon):      476 kB
Node 0 Active(file):      21972 kB
Node 0 Inactive(file):    81900 kB
Node 0 Unevictable:        1040 kB
Node 0 Mlocked:            1040 kB
Node 0 Dirty:               168 kB
Node 0 Writeback:             0 kB
Node 0 FilePages:        105588 kB
Node 0 Mapped:            31748 kB
Node 0 AnonPages:         16892 kB
Node 0 Shmem:               680 kB
Node 0 KernelStack:        3432 kB
Node 0 PageTables:          568 kB
Node 0 NFS_Unstable:          0 kB
Node 0 Bounce:                0 kB
Node 0 WritebackTmp:          0 kB
Node 0 KReclaimable:      22416 kB
Node 0 Slab:              68320 kB
Node 0 SReclaimable:      22416 kB
Node 0 SUnreclaim:        45904 kB
Node 0 AnonHugePages:         0 kB
Node 0 ShmemHugePages:        0 kB
Node 0 ShmemPmdMapped:        0 kB
Node 0 FileHugePages:        0 kB
Node 0 FilePmdMapped:        0 kB
Node 0 HugePages_Total:     0
Node 0 HugePages_Free:      0
Node 0 HugePages_Surp:      0

Node 1 MemTotal:       24661580 kB
Node 1 MemFree:        22686532 kB
Node 1 MemUsed:         1975048 kB
Node 1 Active:            62780 kB
Node 1 Inactive:        1108496 kB
Node 1 Active(anon):      16676 kB
Node 1 Inactive(anon):      472 kB
Node 1 Active(file):      46104 kB
Node 1 Inactive(file):  1108024 kB
Node 1 Unevictable:       17716 kB
Node 1 Mlocked:           17716 kB
Node 1 Dirty:                40 kB
Node 1 Writeback:             0 kB
Node 1 FilePages:       1161884 kB
Node 1 Mapped:            24804 kB
Node 1 AnonPages:         26960 kB
Node 1 Shmem:               588 kB
Node 1 KernelStack:        1160 kB
Node 1 PageTables:          832 kB
Node 1 NFS_Unstable:          0 kB
Node 1 Bounce:                0 kB
Node 1 WritebackTmp:          0 kB
Node 1 KReclaimable:      24440 kB
Node 1 Slab:              58928 kB
Node 1 SReclaimable:      24440 kB
Node 1 SUnreclaim:        34488 kB
Node 1 AnonHugePages:         0 kB
Node 1 ShmemHugePages:        0 kB
Node 1 ShmemPmdMapped:        0 kB
Node 1 FileHugePages:        0 kB
Node 1 FilePmdMapped:        0 kB
Node 1 HugePages_Total:     0
Node 1 HugePages_Free:      0
Node 1 HugePages_Surp:      0

After Opposite Node
Node 0 MemTotal:       24768352 kB
Node 0 MemFree:        24461488 kB
Node 0 MemUsed:          306864 kB
Node 0 Active:            39912 kB
Node 0 Inactive:          82328 kB
Node 0 Active(anon):      17876 kB
Node 0 Inactive(anon):      476 kB
Node 0 Active(file):      22036 kB
Node 0 Inactive(file):    81852 kB
Node 0 Unevictable:        1040 kB
Node 0 Mlocked:            1040 kB
Node 0 Dirty:                60 kB
Node 0 Writeback:             0 kB
Node 0 FilePages:        105604 kB
Node 0 Mapped:            31736 kB
Node 0 AnonPages:         17600 kB
Node 0 Shmem:               680 kB
Node 0 KernelStack:        3416 kB
Node 0 PageTables:          500 kB
Node 0 NFS_Unstable:          0 kB
Node 0 Bounce:                0 kB
Node 0 WritebackTmp:          0 kB
Node 0 KReclaimable:      22500 kB
Node 0 Slab:              68556 kB
Node 0 SReclaimable:      22500 kB
Node 0 SUnreclaim:        46056 kB
Node 0 AnonHugePages:         0 kB
Node 0 ShmemHugePages:        0 kB
Node 0 ShmemPmdMapped:        0 kB
Node 0 FileHugePages:        0 kB
Node 0 FilePmdMapped:        0 kB
Node 0 HugePages_Total:     0
Node 0 HugePages_Free:      0
Node 0 HugePages_Surp:      0

Node 1 MemTotal:       24661580 kB
Node 1 MemFree:        22687816 kB
Node 1 MemUsed:         1973764 kB
Node 1 Active:            62160 kB
Node 1 Inactive:        1108276 kB
Node 1 Active(anon):      15840 kB
Node 1 Inactive(anon):      464 kB
Node 1 Active(file):      46320 kB
Node 1 Inactive(file):  1107812 kB
Node 1 Unevictable:       17716 kB
Node 1 Mlocked:           17716 kB
Node 1 Dirty:                36 kB
Node 1 Writeback:             0 kB
Node 1 FilePages:       1161896 kB
Node 1 Mapped:            24796 kB
Node 1 AnonPages:         26276 kB
Node 1 Shmem:               588 kB
Node 1 KernelStack:        1160 kB
Node 1 PageTables:          516 kB
Node 1 NFS_Unstable:          0 kB
Node 1 Bounce:                0 kB
Node 1 WritebackTmp:          0 kB
Node 1 KReclaimable:      24440 kB
Node 1 Slab:              58992 kB
Node 1 SReclaimable:      24440 kB
Node 1 SUnreclaim:        34552 kB
Node 1 AnonHugePages:         0 kB
Node 1 ShmemHugePages:        0 kB
Node 1 ShmemPmdMapped:        0 kB
Node 1 FileHugePages:        0 kB
Node 1 FilePmdMapped:        0 kB
Node 1 HugePages_Total:     0
Node 1 HugePages_Free:      0
Node 1 HugePages_Surp:      0

B.1.1G-simpleread.250M.1.O.1M Complete!
