kernel.numa_balancing = 0
B.1.1G-simpleread.500M.2.O.1M
Begin
Node 0 MemTotal:       24743736 kB
Node 0 MemFree:        24376440 kB
Node 0 MemUsed:          367296 kB
Node 0 Active:            53148 kB
Node 0 Inactive:          24496 kB
Node 0 Active(anon):      20428 kB
Node 0 Inactive(anon):      460 kB
Node 0 Active(file):      32720 kB
Node 0 Inactive(file):    24036 kB
Node 0 Unevictable:       18164 kB
Node 0 Mlocked:           18164 kB
Node 0 Dirty:               272 kB
Node 0 Writeback:             0 kB
Node 0 FilePages:         65316 kB
Node 0 Mapped:            25432 kB
Node 0 AnonPages:         30584 kB
Node 0 Shmem:               692 kB
Node 0 KernelStack:        2120 kB
Node 0 PageTables:          656 kB
Node 0 NFS_Unstable:          0 kB
Node 0 Bounce:                0 kB
Node 0 WritebackTmp:          0 kB
Node 0 KReclaimable:      16412 kB
Node 0 Slab:              54736 kB
Node 0 SReclaimable:      16412 kB
Node 0 SUnreclaim:        38324 kB
Node 0 AnonHugePages:         0 kB
Node 0 ShmemHugePages:        0 kB
Node 0 ShmemPmdMapped:        0 kB
Node 0 FileHugePages:        0 kB
Node 0 FilePmdMapped:        0 kB
Node 0 HugePages_Total:     0
Node 0 HugePages_Free:      0
Node 0 HugePages_Surp:      0

Node 1 MemTotal:       24686196 kB
Node 1 MemFree:        24430944 kB
Node 1 MemUsed:          255252 kB
Node 1 Active:            42072 kB
Node 1 Inactive:          75356 kB
Node 1 Active(anon):      13484 kB
Node 1 Inactive(anon):      412 kB
Node 1 Active(file):      28588 kB
Node 1 Inactive(file):    74944 kB
Node 1 Unevictable:         360 kB
Node 1 Mlocked:             360 kB
Node 1 Dirty:               252 kB
Node 1 Writeback:             0 kB
Node 1 FilePages:        104468 kB
Node 1 Mapped:            24296 kB
Node 1 AnonPages:         13332 kB
Node 1 Shmem:               576 kB
Node 1 KernelStack:        1480 kB
Node 1 PageTables:          408 kB
Node 1 NFS_Unstable:          0 kB
Node 1 Bounce:                0 kB
Node 1 WritebackTmp:          0 kB
Node 1 KReclaimable:      25548 kB
Node 1 Slab:              53240 kB
Node 1 SReclaimable:      25548 kB
Node 1 SUnreclaim:        27692 kB
Node 1 AnonHugePages:         0 kB
Node 1 ShmemHugePages:        0 kB
Node 1 ShmemPmdMapped:        0 kB
Node 1 FileHugePages:        0 kB
Node 1 FilePmdMapped:        0 kB
Node 1 HugePages_Total:     0
Node 1 HugePages_Free:      0
Node 1 HugePages_Surp:      0

Load ZFS
Node 0 MemTotal:       24743736 kB
Node 0 MemFree:        24265008 kB
Node 0 MemUsed:          478728 kB
Node 0 Active:            64068 kB
Node 0 Inactive:         119256 kB
Node 0 Active(anon):      30096 kB
Node 0 Inactive(anon):      428 kB
Node 0 Active(file):      33972 kB
Node 0 Inactive(file):   118828 kB
Node 0 Unevictable:       18364 kB
Node 0 Mlocked:           18364 kB
Node 0 Dirty:                36 kB
Node 0 Writeback:             0 kB
Node 0 FilePages:        161284 kB
Node 0 Mapped:            28460 kB
Node 0 AnonPages:         40600 kB
Node 0 Shmem:               628 kB
Node 0 KernelStack:        2324 kB
Node 0 PageTables:          772 kB
Node 0 NFS_Unstable:          0 kB
Node 0 Bounce:                0 kB
Node 0 WritebackTmp:          0 kB
Node 0 KReclaimable:      17260 kB
Node 0 Slab:              57696 kB
Node 0 SReclaimable:      17260 kB
Node 0 SUnreclaim:        40436 kB
Node 0 AnonHugePages:         0 kB
Node 0 ShmemHugePages:        0 kB
Node 0 ShmemPmdMapped:        0 kB
Node 0 FileHugePages:        0 kB
Node 0 FilePmdMapped:        0 kB
Node 0 HugePages_Total:     0
Node 0 HugePages_Free:      0
Node 0 HugePages_Surp:      0

Node 1 MemTotal:       24686196 kB
Node 1 MemFree:        24400196 kB
Node 1 MemUsed:          286000 kB
Node 1 Active:            57848 kB
Node 1 Inactive:          84016 kB
Node 1 Active(anon):      27992 kB
Node 1 Inactive(anon):      516 kB
Node 1 Active(file):      29856 kB
Node 1 Inactive(file):    83500 kB
Node 1 Unevictable:         360 kB
Node 1 Mlocked:             360 kB
Node 1 Dirty:               500 kB
Node 1 Writeback:             0 kB
Node 1 FilePages:        114356 kB
Node 1 Mapped:            25612 kB
Node 1 AnonPages:         27728 kB
Node 1 Shmem:               640 kB
Node 1 KernelStack:        1932 kB
Node 1 PageTables:         1632 kB
Node 1 NFS_Unstable:          0 kB
Node 1 Bounce:                0 kB
Node 1 WritebackTmp:          0 kB
Node 1 KReclaimable:      26212 kB
Node 1 Slab:              57240 kB
Node 1 SReclaimable:      26212 kB
Node 1 SUnreclaim:        31028 kB
Node 1 AnonHugePages:         0 kB
Node 1 ShmemHugePages:        0 kB
Node 1 ShmemPmdMapped:        0 kB
Node 1 FileHugePages:        0 kB
Node 1 FilePmdMapped:        0 kB
Node 1 HugePages_Total:     0
Node 1 HugePages_Free:      0
Node 1 HugePages_Surp:      0

Import tank ZPool
Node 0 MemTotal:       24743736 kB
Node 0 MemFree:        24274880 kB
Node 0 MemUsed:          468856 kB
Node 0 Active:            54024 kB
Node 0 Inactive:         118704 kB
Node 0 Active(anon):      19480 kB
Node 0 Inactive(anon):      428 kB
Node 0 Active(file):      34544 kB
Node 0 Inactive(file):   118276 kB
Node 0 Unevictable:       18396 kB
Node 0 Mlocked:           18396 kB
Node 0 Dirty:                68 kB
Node 0 Writeback:             0 kB
Node 0 FilePages:        161288 kB
Node 0 Mapped:            25716 kB
Node 0 AnonPages:         29848 kB
Node 0 Shmem:               620 kB
Node 0 KernelStack:        2120 kB
Node 0 PageTables:          616 kB
Node 0 NFS_Unstable:          0 kB
Node 0 Bounce:                0 kB
Node 0 WritebackTmp:          0 kB
Node 0 KReclaimable:      17260 kB
Node 0 Slab:              58036 kB
Node 0 SReclaimable:      17260 kB
Node 0 SUnreclaim:        40776 kB
Node 0 AnonHugePages:         0 kB
Node 0 ShmemHugePages:        0 kB
Node 0 ShmemPmdMapped:        0 kB
Node 0 FileHugePages:        0 kB
Node 0 FilePmdMapped:        0 kB
Node 0 HugePages_Total:     0
Node 0 HugePages_Free:      0
Node 0 HugePages_Surp:      0

Node 1 MemTotal:       24686196 kB
Node 1 MemFree:        24394088 kB
Node 1 MemUsed:          292108 kB
Node 1 Active:            44716 kB
Node 1 Inactive:          85096 kB
Node 1 Active(anon):      14292 kB
Node 1 Inactive(anon):      520 kB
Node 1 Active(file):      30424 kB
Node 1 Inactive(file):    84576 kB
Node 1 Unevictable:         360 kB
Node 1 Mlocked:             360 kB
Node 1 Dirty:               564 kB
Node 1 Writeback:             0 kB
Node 1 FilePages:        116008 kB
Node 1 Mapped:            24592 kB
Node 1 AnonPages:         13796 kB
Node 1 Shmem:               648 kB
Node 1 KernelStack:        2584 kB
Node 1 PageTables:          516 kB
Node 1 NFS_Unstable:          0 kB
Node 1 Bounce:                0 kB
Node 1 WritebackTmp:          0 kB
Node 1 KReclaimable:      26332 kB
Node 1 Slab:              63452 kB
Node 1 SReclaimable:      26332 kB
Node 1 SUnreclaim:        37120 kB
Node 1 AnonHugePages:         0 kB
Node 1 ShmemHugePages:        0 kB
Node 1 ShmemPmdMapped:        0 kB
Node 1 FileHugePages:        0 kB
Node 1 FilePmdMapped:        0 kB
Node 1 HugePages_Total:     0
Node 1 HugePages_Free:      0
Node 1 HugePages_Surp:      0

After Test
Node 0 MemTotal:       24743736 kB
Node 0 MemFree:        23817516 kB
Node 0 MemUsed:          926220 kB
Node 0 Active:            53440 kB
Node 0 Inactive:         118604 kB
Node 0 Active(anon):      18804 kB
Node 0 Inactive(anon):      420 kB
Node 0 Active(file):      34636 kB
Node 0 Inactive(file):   118184 kB
Node 0 Unevictable:       18396 kB
Node 0 Mlocked:           18396 kB
Node 0 Dirty:                20 kB
Node 0 Writeback:             0 kB
Node 0 FilePages:        161304 kB
Node 0 Mapped:            25472 kB
Node 0 AnonPages:         29180 kB
Node 0 Shmem:               620 kB
Node 0 KernelStack:        2008 kB
Node 0 PageTables:          616 kB
Node 0 NFS_Unstable:          0 kB
Node 0 Bounce:                0 kB
Node 0 WritebackTmp:          0 kB
Node 0 KReclaimable:      17364 kB
Node 0 Slab:              60304 kB
Node 0 SReclaimable:      17364 kB
Node 0 SUnreclaim:        42940 kB
Node 0 AnonHugePages:         0 kB
Node 0 ShmemHugePages:        0 kB
Node 0 ShmemPmdMapped:        0 kB
Node 0 FileHugePages:        0 kB
Node 0 FilePmdMapped:        0 kB
Node 0 HugePages_Total:     0
Node 0 HugePages_Free:      0
Node 0 HugePages_Surp:      0

Node 1 MemTotal:       24686196 kB
Node 1 MemFree:        22817356 kB
Node 1 MemUsed:         1868840 kB
Node 1 Active:            45756 kB
Node 1 Inactive:        1061428 kB
Node 1 Active(anon):      14624 kB
Node 1 Inactive(anon):      520 kB
Node 1 Active(file):      31132 kB
Node 1 Inactive(file):  1060908 kB
Node 1 Unevictable:         360 kB
Node 1 Mlocked:             360 kB
Node 1 Dirty:                24 kB
Node 1 Writeback:             0 kB
Node 1 FilePages:       1093048 kB
Node 1 Mapped:            24332 kB
Node 1 AnonPages:         14744 kB
Node 1 Shmem:               648 kB
Node 1 KernelStack:        2568 kB
Node 1 PageTables:          312 kB
Node 1 NFS_Unstable:          0 kB
Node 1 Bounce:                0 kB
Node 1 WritebackTmp:          0 kB
Node 1 KReclaimable:      28612 kB
Node 1 Slab:              69808 kB
Node 1 SReclaimable:      28612 kB
Node 1 SUnreclaim:        41196 kB
Node 1 AnonHugePages:         0 kB
Node 1 ShmemHugePages:        0 kB
Node 1 ShmemPmdMapped:        0 kB
Node 1 FileHugePages:        0 kB
Node 1 FilePmdMapped:        0 kB
Node 1 HugePages_Total:     0
Node 1 HugePages_Free:      0
Node 1 HugePages_Surp:      0

After Opposite Node
Node 0 MemTotal:       24743736 kB
Node 0 MemFree:        23817788 kB
Node 0 MemUsed:          925948 kB
Node 0 Active:            54224 kB
Node 0 Inactive:         118352 kB
Node 0 Active(anon):      19288 kB
Node 0 Inactive(anon):      420 kB
Node 0 Active(file):      34936 kB
Node 0 Inactive(file):   117932 kB
Node 0 Unevictable:       18396 kB
Node 0 Mlocked:           18396 kB
Node 0 Dirty:                32 kB
Node 0 Writeback:             0 kB
Node 0 FilePages:        161320 kB
Node 0 Mapped:            25536 kB
Node 0 AnonPages:         29532 kB
Node 0 Shmem:               620 kB
Node 0 KernelStack:        2008 kB
Node 0 PageTables:          648 kB
Node 0 NFS_Unstable:          0 kB
Node 0 Bounce:                0 kB
Node 0 WritebackTmp:          0 kB
Node 0 KReclaimable:      17428 kB
Node 0 Slab:              60460 kB
Node 0 SReclaimable:      17428 kB
Node 0 SUnreclaim:        43032 kB
Node 0 AnonHugePages:         0 kB
Node 0 ShmemHugePages:        0 kB
Node 0 ShmemPmdMapped:        0 kB
Node 0 FileHugePages:        0 kB
Node 0 FilePmdMapped:        0 kB
Node 0 HugePages_Total:     0
Node 0 HugePages_Free:      0
Node 0 HugePages_Surp:      0

Node 1 MemTotal:       24686196 kB
Node 1 MemFree:        22817820 kB
Node 1 MemUsed:         1868376 kB
Node 1 Active:            45520 kB
Node 1 Inactive:        1061412 kB
Node 1 Active(anon):      14360 kB
Node 1 Inactive(anon):      520 kB
Node 1 Active(file):      31160 kB
Node 1 Inactive(file):  1060892 kB
Node 1 Unevictable:         360 kB
Node 1 Mlocked:             360 kB
Node 1 Dirty:                48 kB
Node 1 Writeback:             0 kB
Node 1 FilePages:       1093068 kB
Node 1 Mapped:            24324 kB
Node 1 AnonPages:         14236 kB
Node 1 Shmem:               648 kB
Node 1 KernelStack:        2568 kB
Node 1 PageTables:          408 kB
Node 1 NFS_Unstable:          0 kB
Node 1 Bounce:                0 kB
Node 1 WritebackTmp:          0 kB
Node 1 KReclaimable:      28648 kB
Node 1 Slab:              69932 kB
Node 1 SReclaimable:      28648 kB
Node 1 SUnreclaim:        41284 kB
Node 1 AnonHugePages:         0 kB
Node 1 ShmemHugePages:        0 kB
Node 1 ShmemPmdMapped:        0 kB
Node 1 FileHugePages:        0 kB
Node 1 FilePmdMapped:        0 kB
Node 1 HugePages_Total:     0
Node 1 HugePages_Free:      0
Node 1 HugePages_Surp:      0

B.1.1G-simpleread.500M.2.O.1M Complete!
