kernel.numa_balancing = 0
5 Tests Remaining!
B.1.1G-simpleread.2G.2.O.1M
Begin
Node 0 MemTotal:       24743736 kB
Node 0 MemFree:        24501760 kB
Node 0 MemUsed:          241976 kB
Node 0 Active:            57020 kB
Node 0 Inactive:          30552 kB
Node 0 Active(anon):      12564 kB
Node 0 Inactive(anon):      412 kB
Node 0 Active(file):      44456 kB
Node 0 Inactive(file):    30140 kB
Node 0 Unevictable:       18368 kB
Node 0 Mlocked:           18368 kB
Node 0 Dirty:               304 kB
Node 0 Writeback:             0 kB
Node 0 FilePages:         83296 kB
Node 0 Mapped:            28440 kB
Node 0 AnonPages:         22756 kB
Node 0 Shmem:               636 kB
Node 0 KernelStack:        2072 kB
Node 0 PageTables:          536 kB
Node 0 NFS_Unstable:          0 kB
Node 0 Bounce:                0 kB
Node 0 WritebackTmp:          0 kB
Node 0 KReclaimable:      21928 kB
Node 0 Slab:              51360 kB
Node 0 SReclaimable:      21928 kB
Node 0 SUnreclaim:        29432 kB
Node 0 AnonHugePages:         0 kB
Node 0 ShmemHugePages:        0 kB
Node 0 ShmemPmdMapped:        0 kB
Node 0 FileHugePages:        0 kB
Node 0 FilePmdMapped:        0 kB
Node 0 HugePages_Total:     0
Node 0 HugePages_Free:      0
Node 0 HugePages_Surp:      0

Node 1 MemTotal:       24686196 kB
Node 1 MemFree:        24312532 kB
Node 1 MemUsed:          373664 kB
Node 1 Active:            40144 kB
Node 1 Inactive:          63192 kB
Node 1 Active(anon):      22304 kB
Node 1 Inactive(anon):      460 kB
Node 1 Active(file):      17840 kB
Node 1 Inactive(file):    62732 kB
Node 1 Unevictable:         152 kB
Node 1 Mlocked:             152 kB
Node 1 Dirty:               128 kB
Node 1 Writeback:             0 kB
Node 1 FilePages:         81364 kB
Node 1 Mapped:            11432 kB
Node 1 AnonPages:         22240 kB
Node 1 Shmem:               632 kB
Node 1 KernelStack:        1708 kB
Node 1 PageTables:          776 kB
Node 1 NFS_Unstable:          0 kB
Node 1 Bounce:                0 kB
Node 1 WritebackTmp:          0 kB
Node 1 KReclaimable:      20960 kB
Node 1 Slab:              56348 kB
Node 1 SReclaimable:      20960 kB
Node 1 SUnreclaim:        35388 kB
Node 1 AnonHugePages:         0 kB
Node 1 ShmemHugePages:        0 kB
Node 1 ShmemPmdMapped:        0 kB
Node 1 FileHugePages:        0 kB
Node 1 FilePmdMapped:        0 kB
Node 1 HugePages_Total:     0
Node 1 HugePages_Free:      0
Node 1 HugePages_Surp:      0

Load ZFS
Node 0 MemTotal:       24743736 kB
Node 0 MemFree:        24470740 kB
Node 0 MemUsed:          272996 kB
Node 0 Active:            74016 kB
Node 0 Inactive:          37260 kB
Node 0 Active(anon):      28572 kB
Node 0 Inactive(anon):      560 kB
Node 0 Active(file):      45444 kB
Node 0 Inactive(file):    36700 kB
Node 0 Unevictable:       18568 kB
Node 0 Mlocked:           18568 kB
Node 0 Dirty:               328 kB
Node 0 Writeback:             0 kB
Node 0 FilePages:         90928 kB
Node 0 Mapped:            30552 kB
Node 0 AnonPages:         38904 kB
Node 0 Shmem:               744 kB
Node 0 KernelStack:        2396 kB
Node 0 PageTables:         1312 kB
Node 0 NFS_Unstable:          0 kB
Node 0 Bounce:                0 kB
Node 0 WritebackTmp:          0 kB
Node 0 KReclaimable:      22416 kB
Node 0 Slab:              53972 kB
Node 0 SReclaimable:      22416 kB
Node 0 SUnreclaim:        31556 kB
Node 0 AnonHugePages:         0 kB
Node 0 ShmemHugePages:        0 kB
Node 0 ShmemPmdMapped:        0 kB
Node 0 FileHugePages:        0 kB
Node 0 FilePmdMapped:        0 kB
Node 0 HugePages_Total:     0
Node 0 HugePages_Free:      0
Node 0 HugePages_Surp:      0

Node 1 MemTotal:       24686196 kB
Node 1 MemFree:        24198360 kB
Node 1 MemUsed:          487836 kB
Node 1 Active:            50784 kB
Node 1 Inactive:         160016 kB
Node 1 Active(anon):      31596 kB
Node 1 Inactive(anon):      384 kB
Node 1 Active(file):      19188 kB
Node 1 Inactive(file):   159632 kB
Node 1 Unevictable:         152 kB
Node 1 Mlocked:             152 kB
Node 1 Dirty:                32 kB
Node 1 Writeback:             0 kB
Node 1 FilePages:        179504 kB
Node 1 Mapped:            13064 kB
Node 1 AnonPages:         31304 kB
Node 1 Shmem:               524 kB
Node 1 KernelStack:        1828 kB
Node 1 PageTables:         1500 kB
Node 1 NFS_Unstable:          0 kB
Node 1 Bounce:                0 kB
Node 1 WritebackTmp:          0 kB
Node 1 KReclaimable:      21616 kB
Node 1 Slab:              60156 kB
Node 1 SReclaimable:      21616 kB
Node 1 SUnreclaim:        38540 kB
Node 1 AnonHugePages:         0 kB
Node 1 ShmemHugePages:        0 kB
Node 1 ShmemPmdMapped:        0 kB
Node 1 FileHugePages:        0 kB
Node 1 FilePmdMapped:        0 kB
Node 1 HugePages_Total:     0
Node 1 HugePages_Free:      0
Node 1 HugePages_Surp:      0

Import tank ZPool
Node 0 MemTotal:       24743736 kB
Node 0 MemFree:        24488608 kB
Node 0 MemUsed:          255128 kB
Node 0 Active:            57640 kB
Node 0 Inactive:          36752 kB
Node 0 Active(anon):      11668 kB
Node 0 Inactive(anon):      564 kB
Node 0 Active(file):      45972 kB
Node 0 Inactive(file):    36188 kB
Node 0 Unevictable:       18600 kB
Node 0 Mlocked:           18600 kB
Node 0 Dirty:               356 kB
Node 0 Writeback:             0 kB
Node 0 FilePages:         90952 kB
Node 0 Mapped:            28532 kB
Node 0 AnonPages:         22052 kB
Node 0 Shmem:               736 kB
Node 0 KernelStack:        2072 kB
Node 0 PageTables:          412 kB
Node 0 NFS_Unstable:          0 kB
Node 0 Bounce:                0 kB
Node 0 WritebackTmp:          0 kB
Node 0 KReclaimable:      22420 kB
Node 0 Slab:              53768 kB
Node 0 SReclaimable:      22420 kB
Node 0 SUnreclaim:        31348 kB
Node 0 AnonHugePages:         0 kB
Node 0 ShmemHugePages:        0 kB
Node 0 ShmemPmdMapped:        0 kB
Node 0 FileHugePages:        0 kB
Node 0 FilePmdMapped:        0 kB
Node 0 HugePages_Total:     0
Node 0 HugePages_Free:      0
Node 0 HugePages_Surp:      0

Node 1 MemTotal:       24686196 kB
Node 1 MemFree:        24191224 kB
Node 1 MemUsed:          494972 kB
Node 1 Active:            42604 kB
Node 1 Inactive:         160788 kB
Node 1 Active(anon):      22456 kB
Node 1 Inactive(anon):      388 kB
Node 1 Active(file):      20148 kB
Node 1 Inactive(file):   160400 kB
Node 1 Unevictable:         152 kB
Node 1 Mlocked:             152 kB
Node 1 Dirty:                64 kB
Node 1 Writeback:             0 kB
Node 1 FilePages:        181248 kB
Node 1 Mapped:            11460 kB
Node 1 AnonPages:         22132 kB
Node 1 Shmem:               532 kB
Node 1 KernelStack:        2664 kB
Node 1 PageTables:          712 kB
Node 1 NFS_Unstable:          0 kB
Node 1 Bounce:                0 kB
Node 1 WritebackTmp:          0 kB
Node 1 KReclaimable:      22008 kB
Node 1 Slab:              65896 kB
Node 1 SReclaimable:      22008 kB
Node 1 SUnreclaim:        43888 kB
Node 1 AnonHugePages:         0 kB
Node 1 ShmemHugePages:        0 kB
Node 1 ShmemPmdMapped:        0 kB
Node 1 FileHugePages:        0 kB
Node 1 FilePmdMapped:        0 kB
Node 1 HugePages_Total:     0
Node 1 HugePages_Free:      0
Node 1 HugePages_Surp:      0

After Test
Node 0 MemTotal:       24743736 kB
Node 0 MemFree:        24276188 kB
Node 0 MemUsed:          467548 kB
Node 0 Active:            57416 kB
Node 0 Inactive:          36744 kB
Node 0 Active(anon):      11380 kB
Node 0 Inactive(anon):      560 kB
Node 0 Active(file):      46036 kB
Node 0 Inactive(file):    36184 kB
Node 0 Unevictable:       18600 kB
Node 0 Mlocked:           18600 kB
Node 0 Dirty:                 0 kB
Node 0 Writeback:             0 kB
Node 0 FilePages:         90996 kB
Node 0 Mapped:            28292 kB
Node 0 AnonPages:         21760 kB
Node 0 Shmem:               736 kB
Node 0 KernelStack:        1960 kB
Node 0 PageTables:          412 kB
Node 0 NFS_Unstable:          0 kB
Node 0 Bounce:                0 kB
Node 0 WritebackTmp:          0 kB
Node 0 KReclaimable:      22464 kB
Node 0 Slab:              54728 kB
Node 0 SReclaimable:      22464 kB
Node 0 SUnreclaim:        32264 kB
Node 0 AnonHugePages:         0 kB
Node 0 ShmemHugePages:        0 kB
Node 0 ShmemPmdMapped:        0 kB
Node 0 FileHugePages:        0 kB
Node 0 FilePmdMapped:        0 kB
Node 0 HugePages_Total:     0
Node 0 HugePages_Free:      0
Node 0 HugePages_Surp:      0

Node 1 MemTotal:       24686196 kB
Node 1 MemFree:        20493076 kB
Node 1 MemUsed:         4193120 kB
Node 1 Active:            43232 kB
Node 1 Inactive:        1137284 kB
Node 1 Active(anon):      22400 kB
Node 1 Inactive(anon):      384 kB
Node 1 Active(file):      20832 kB
Node 1 Inactive(file):  1136900 kB
Node 1 Unevictable:         152 kB
Node 1 Mlocked:             152 kB
Node 1 Dirty:                 4 kB
Node 1 Writeback:             0 kB
Node 1 FilePages:       1158416 kB
Node 1 Mapped:            11204 kB
Node 1 AnonPages:         22108 kB
Node 1 Shmem:               532 kB
Node 1 KernelStack:        2616 kB
Node 1 PageTables:          816 kB
Node 1 NFS_Unstable:          0 kB
Node 1 Bounce:                0 kB
Node 1 WritebackTmp:          0 kB
Node 1 KReclaimable:      24392 kB
Node 1 Slab:              80728 kB
Node 1 SReclaimable:      24392 kB
Node 1 SUnreclaim:        56336 kB
Node 1 AnonHugePages:         0 kB
Node 1 ShmemHugePages:        0 kB
Node 1 ShmemPmdMapped:        0 kB
Node 1 FileHugePages:        0 kB
Node 1 FilePmdMapped:        0 kB
Node 1 HugePages_Total:     0
Node 1 HugePages_Free:      0
Node 1 HugePages_Surp:      0

After Opposite Node
Node 0 MemTotal:       24743736 kB
Node 0 MemFree:        24276012 kB
Node 0 MemUsed:          467724 kB
Node 0 Active:            57924 kB
Node 0 Inactive:          36712 kB
Node 0 Active(anon):      11840 kB
Node 0 Inactive(anon):      560 kB
Node 0 Active(file):      46084 kB
Node 0 Inactive(file):    36152 kB
Node 0 Unevictable:       18600 kB
Node 0 Mlocked:           18600 kB
Node 0 Dirty:                40 kB
Node 0 Writeback:             0 kB
Node 0 FilePages:         91012 kB
Node 0 Mapped:            28292 kB
Node 0 AnonPages:         22028 kB
Node 0 Shmem:               736 kB
Node 0 KernelStack:        1976 kB
Node 0 PageTables:          628 kB
Node 0 NFS_Unstable:          0 kB
Node 0 Bounce:                0 kB
Node 0 WritebackTmp:          0 kB
Node 0 KReclaimable:      22532 kB
Node 0 Slab:              54912 kB
Node 0 SReclaimable:      22532 kB
Node 0 SUnreclaim:        32380 kB
Node 0 AnonHugePages:         0 kB
Node 0 ShmemHugePages:        0 kB
Node 0 ShmemPmdMapped:        0 kB
Node 0 FileHugePages:        0 kB
Node 0 FilePmdMapped:        0 kB
Node 0 HugePages_Total:     0
Node 0 HugePages_Free:      0
Node 0 HugePages_Surp:      0

Node 1 MemTotal:       24686196 kB
Node 1 MemFree:        20495084 kB
Node 1 MemUsed:         4191112 kB
Node 1 Active:            43080 kB
Node 1 Inactive:        1137020 kB
Node 1 Active(anon):      21972 kB
Node 1 Inactive(anon):      384 kB
Node 1 Active(file):      21108 kB
Node 1 Inactive(file):  1136636 kB
Node 1 Unevictable:         152 kB
Node 1 Mlocked:             152 kB
Node 1 Dirty:                36 kB
Node 1 Writeback:             0 kB
Node 1 FilePages:       1158428 kB
Node 1 Mapped:            11240 kB
Node 1 AnonPages:         21844 kB
Node 1 Shmem:               532 kB
Node 1 KernelStack:        2600 kB
Node 1 PageTables:          604 kB
Node 1 NFS_Unstable:          0 kB
Node 1 Bounce:                0 kB
Node 1 WritebackTmp:          0 kB
Node 1 KReclaimable:      24392 kB
Node 1 Slab:              80808 kB
Node 1 SReclaimable:      24392 kB
Node 1 SUnreclaim:        56416 kB
Node 1 AnonHugePages:         0 kB
Node 1 ShmemHugePages:        0 kB
Node 1 ShmemPmdMapped:        0 kB
Node 1 FileHugePages:        0 kB
Node 1 FilePmdMapped:        0 kB
Node 1 HugePages_Total:     0
Node 1 HugePages_Free:      0
Node 1 HugePages_Surp:      0

B.1.1G-simpleread.2G.2.O.1M Complete!
