kernel.numa_balancing = 0
B.1.1G-simpleread.2G.1.O.1M
Begin
Node 0 MemTotal:       24768352 kB
Node 0 MemFree:        24331824 kB
Node 0 MemUsed:          436528 kB
Node 0 Active:            57824 kB
Node 0 Inactive:          80612 kB
Node 0 Active(anon):      12532 kB
Node 0 Inactive(anon):      496 kB
Node 0 Active(file):      45292 kB
Node 0 Inactive(file):    80116 kB
Node 0 Unevictable:       17312 kB
Node 0 Mlocked:           17312 kB
Node 0 Dirty:               156 kB
Node 0 Writeback:             0 kB
Node 0 FilePages:        133112 kB
Node 0 Mapped:            45392 kB
Node 0 AnonPages:         22700 kB
Node 0 Shmem:               704 kB
Node 0 KernelStack:        2408 kB
Node 0 PageTables:          572 kB
Node 0 NFS_Unstable:          0 kB
Node 0 Bounce:                0 kB
Node 0 WritebackTmp:          0 kB
Node 0 KReclaimable:      26304 kB
Node 0 Slab:              61652 kB
Node 0 SReclaimable:      26304 kB
Node 0 SUnreclaim:        35348 kB
Node 0 AnonHugePages:         0 kB
Node 0 ShmemHugePages:        0 kB
Node 0 ShmemPmdMapped:        0 kB
Node 0 FileHugePages:        0 kB
Node 0 FilePmdMapped:        0 kB
Node 0 HugePages_Total:     0
Node 0 HugePages_Free:      0
Node 0 HugePages_Surp:      0

Node 1 MemTotal:       24661580 kB
Node 1 MemFree:        24464408 kB
Node 1 MemUsed:          197172 kB
Node 1 Active:            38628 kB
Node 1 Inactive:          31880 kB
Node 1 Active(anon):      21908 kB
Node 1 Inactive(anon):      376 kB
Node 1 Active(file):      16720 kB
Node 1 Inactive(file):    31504 kB
Node 1 Unevictable:        1208 kB
Node 1 Mlocked:            1208 kB
Node 1 Dirty:                60 kB
Node 1 Writeback:             0 kB
Node 1 FilePages:         50032 kB
Node 1 Mapped:            14632 kB
Node 1 AnonPages:         21792 kB
Node 1 Shmem:               564 kB
Node 1 KernelStack:        1240 kB
Node 1 PageTables:          612 kB
Node 1 NFS_Unstable:          0 kB
Node 1 Bounce:                0 kB
Node 1 WritebackTmp:          0 kB
Node 1 KReclaimable:      15140 kB
Node 1 Slab:              43332 kB
Node 1 SReclaimable:      15140 kB
Node 1 SUnreclaim:        28192 kB
Node 1 AnonHugePages:         0 kB
Node 1 ShmemHugePages:        0 kB
Node 1 ShmemPmdMapped:        0 kB
Node 1 FileHugePages:        0 kB
Node 1 FilePmdMapped:        0 kB
Node 1 HugePages_Total:     0
Node 1 HugePages_Free:      0
Node 1 HugePages_Surp:      0

Load ZFS
Node 0 MemTotal:       24768352 kB
Node 0 MemFree:        24423176 kB
Node 0 MemUsed:          345176 kB
Node 0 Active:            71408 kB
Node 0 Inactive:         105728 kB
Node 0 Active(anon):      24640 kB
Node 0 Inactive(anon):      376 kB
Node 0 Active(file):      46768 kB
Node 0 Inactive(file):   105352 kB
Node 0 Unevictable:       17528 kB
Node 0 Mlocked:           17528 kB
Node 0 Dirty:               340 kB
Node 0 Writeback:             0 kB
Node 0 FilePages:        159720 kB
Node 0 Mapped:            47248 kB
Node 0 AnonPages:         34412 kB
Node 0 Shmem:               764 kB
Node 0 KernelStack:        2812 kB
Node 0 PageTables:         1280 kB
Node 0 NFS_Unstable:          0 kB
Node 0 Bounce:                0 kB
Node 0 WritebackTmp:          0 kB
Node 0 KReclaimable:      27076 kB
Node 0 Slab:              64724 kB
Node 0 SReclaimable:      27076 kB
Node 0 SUnreclaim:        37648 kB
Node 0 AnonHugePages:         0 kB
Node 0 ShmemHugePages:        0 kB
Node 0 ShmemPmdMapped:        0 kB
Node 0 FileHugePages:        0 kB
Node 0 FilePmdMapped:        0 kB
Node 0 HugePages_Total:     0
Node 0 HugePages_Free:      0
Node 0 HugePages_Surp:      0

Node 1 MemTotal:       24661580 kB
Node 1 MemFree:        24230224 kB
Node 1 MemUsed:          431356 kB
Node 1 Active:            53752 kB
Node 1 Inactive:         110164 kB
Node 1 Active(anon):      35872 kB
Node 1 Inactive(anon):      228 kB
Node 1 Active(file):      17880 kB
Node 1 Inactive(file):   109936 kB
Node 1 Unevictable:        1208 kB
Node 1 Mlocked:            1208 kB
Node 1 Dirty:               184 kB
Node 1 Writeback:             0 kB
Node 1 FilePages:        129676 kB
Node 1 Mapped:            17552 kB
Node 1 AnonPages:         35608 kB
Node 1 Shmem:               508 kB
Node 1 KernelStack:        1328 kB
Node 1 PageTables:         1220 kB
Node 1 NFS_Unstable:          0 kB
Node 1 Bounce:                0 kB
Node 1 WritebackTmp:          0 kB
Node 1 KReclaimable:      15856 kB
Node 1 Slab:              47280 kB
Node 1 SReclaimable:      15856 kB
Node 1 SUnreclaim:        31424 kB
Node 1 AnonHugePages:         0 kB
Node 1 ShmemHugePages:        0 kB
Node 1 ShmemPmdMapped:        0 kB
Node 1 FileHugePages:        0 kB
Node 1 FilePmdMapped:        0 kB
Node 1 HugePages_Total:     0
Node 1 HugePages_Free:      0
Node 1 HugePages_Surp:      0

Import tank ZPool
Node 0 MemTotal:       24768352 kB
Node 0 MemFree:        24413028 kB
Node 0 MemUsed:          355324 kB
Node 0 Active:            70356 kB
Node 0 Inactive:         105580 kB
Node 0 Active(anon):      23824 kB
Node 0 Inactive(anon):      436 kB
Node 0 Active(file):      46532 kB
Node 0 Inactive(file):   105144 kB
Node 0 Unevictable:       17544 kB
Node 0 Mlocked:           17544 kB
Node 0 Dirty:               404 kB
Node 0 Writeback:             0 kB
Node 0 FilePages:        159292 kB
Node 0 Mapped:            47064 kB
Node 0 AnonPages:         34216 kB
Node 0 Shmem:               600 kB
Node 0 KernelStack:        3896 kB
Node 0 PageTables:         1228 kB
Node 0 NFS_Unstable:          0 kB
Node 0 Bounce:                0 kB
Node 0 WritebackTmp:          0 kB
Node 0 KReclaimable:      27100 kB
Node 0 Slab:              66928 kB
Node 0 SReclaimable:      27100 kB
Node 0 SUnreclaim:        39828 kB
Node 0 AnonHugePages:         0 kB
Node 0 ShmemHugePages:        0 kB
Node 0 ShmemPmdMapped:        0 kB
Node 0 FileHugePages:        0 kB
Node 0 FilePmdMapped:        0 kB
Node 0 HugePages_Total:     0
Node 0 HugePages_Free:      0
Node 0 HugePages_Surp:      0

Node 1 MemTotal:       24661580 kB
Node 1 MemFree:        24224332 kB
Node 1 MemUsed:          437248 kB
Node 1 Active:            53924 kB
Node 1 Inactive:         111644 kB
Node 1 Active(anon):      35604 kB
Node 1 Inactive(anon):      512 kB
Node 1 Active(file):      18320 kB
Node 1 Inactive(file):   111132 kB
Node 1 Unevictable:        1208 kB
Node 1 Mlocked:            1208 kB
Node 1 Dirty:               212 kB
Node 1 Writeback:             0 kB
Node 1 FilePages:        131348 kB
Node 1 Mapped:            17184 kB
Node 1 AnonPages:         35084 kB
Node 1 Shmem:               668 kB
Node 1 KernelStack:        1336 kB
Node 1 PageTables:         1456 kB
Node 1 NFS_Unstable:          0 kB
Node 1 Bounce:                0 kB
Node 1 WritebackTmp:          0 kB
Node 1 KReclaimable:      16008 kB
Node 1 Slab:              51712 kB
Node 1 SReclaimable:      16008 kB
Node 1 SUnreclaim:        35704 kB
Node 1 AnonHugePages:         0 kB
Node 1 ShmemHugePages:        0 kB
Node 1 ShmemPmdMapped:        0 kB
Node 1 FileHugePages:        0 kB
Node 1 FilePmdMapped:        0 kB
Node 1 HugePages_Total:     0
Node 1 HugePages_Free:      0
Node 1 HugePages_Surp:      0

After Test
Node 0 MemTotal:       24768352 kB
Node 0 MemFree:        23875344 kB
Node 0 MemUsed:          893008 kB
Node 0 Active:            59392 kB
Node 0 Inactive:         105424 kB
Node 0 Active(anon):      12680 kB
Node 0 Inactive(anon):      428 kB
Node 0 Active(file):      46712 kB
Node 0 Inactive(file):   104996 kB
Node 0 Unevictable:       17544 kB
Node 0 Mlocked:           17544 kB
Node 0 Dirty:                16 kB
Node 0 Writeback:             0 kB
Node 0 FilePages:        159340 kB
Node 0 Mapped:            45528 kB
Node 0 AnonPages:         23072 kB
Node 0 Shmem:               600 kB
Node 0 KernelStack:        3576 kB
Node 0 PageTables:          576 kB
Node 0 NFS_Unstable:          0 kB
Node 0 Bounce:                0 kB
Node 0 WritebackTmp:          0 kB
Node 0 KReclaimable:      27188 kB
Node 0 Slab:              69148 kB
Node 0 SReclaimable:      27188 kB
Node 0 SUnreclaim:        41960 kB
Node 0 AnonHugePages:         0 kB
Node 0 ShmemHugePages:        0 kB
Node 0 ShmemPmdMapped:        0 kB
Node 0 FileHugePages:        0 kB
Node 0 FilePmdMapped:        0 kB
Node 0 HugePages_Total:     0
Node 0 HugePages_Free:      0
Node 0 HugePages_Surp:      0

Node 1 MemTotal:       24661580 kB
Node 1 MemFree:        20878424 kB
Node 1 MemUsed:         3783156 kB
Node 1 Active:            40904 kB
Node 1 Inactive:        1087268 kB
Node 1 Active(anon):      21020 kB
Node 1 Inactive(anon):      512 kB
Node 1 Active(file):      19884 kB
Node 1 Inactive(file):  1086756 kB
Node 1 Unevictable:        1208 kB
Node 1 Mlocked:            1208 kB
Node 1 Dirty:                12 kB
Node 1 Writeback:             0 kB
Node 1 FilePages:       1108516 kB
Node 1 Mapped:            14980 kB
Node 1 AnonPages:         20724 kB
Node 1 Shmem:               668 kB
Node 1 KernelStack:        1016 kB
Node 1 PageTables:          720 kB
Node 1 NFS_Unstable:          0 kB
Node 1 Bounce:                0 kB
Node 1 WritebackTmp:          0 kB
Node 1 KReclaimable:      18308 kB
Node 1 Slab:              65088 kB
Node 1 SReclaimable:      18308 kB
Node 1 SUnreclaim:        46780 kB
Node 1 AnonHugePages:         0 kB
Node 1 ShmemHugePages:        0 kB
Node 1 ShmemPmdMapped:        0 kB
Node 1 FileHugePages:        0 kB
Node 1 FilePmdMapped:        0 kB
Node 1 HugePages_Total:     0
Node 1 HugePages_Free:      0
Node 1 HugePages_Surp:      0

After Opposite Node
Node 0 MemTotal:       24768352 kB
Node 0 MemFree:        23876784 kB
Node 0 MemUsed:          891568 kB
Node 0 Active:            59960 kB
Node 0 Inactive:         105392 kB
Node 0 Active(anon):      13152 kB
Node 0 Inactive(anon):      428 kB
Node 0 Active(file):      46808 kB
Node 0 Inactive(file):   104964 kB
Node 0 Unevictable:       17544 kB
Node 0 Mlocked:           17544 kB
Node 0 Dirty:                32 kB
Node 0 Writeback:             0 kB
Node 0 FilePages:        159356 kB
Node 0 Mapped:            45524 kB
Node 0 AnonPages:         23348 kB
Node 0 Shmem:               600 kB
Node 0 KernelStack:        3576 kB
Node 0 PageTables:          788 kB
Node 0 NFS_Unstable:          0 kB
Node 0 Bounce:                0 kB
Node 0 WritebackTmp:          0 kB
Node 0 KReclaimable:      27260 kB
Node 0 Slab:              69308 kB
Node 0 SReclaimable:      27260 kB
Node 0 SUnreclaim:        42048 kB
Node 0 AnonHugePages:         0 kB
Node 0 ShmemHugePages:        0 kB
Node 0 ShmemPmdMapped:        0 kB
Node 0 FileHugePages:        0 kB
Node 0 FilePmdMapped:        0 kB
Node 0 HugePages_Total:     0
Node 0 HugePages_Free:      0
Node 0 HugePages_Surp:      0

Node 1 MemTotal:       24661580 kB
Node 1 MemFree:        20880976 kB
Node 1 MemUsed:         3780604 kB
Node 1 Active:            40628 kB
Node 1 Inactive:        1087044 kB
Node 1 Active(anon):      20508 kB
Node 1 Inactive(anon):      512 kB
Node 1 Active(file):      20120 kB
Node 1 Inactive(file):  1086532 kB
Node 1 Unevictable:        1208 kB
Node 1 Mlocked:            1208 kB
Node 1 Dirty:                40 kB
Node 1 Writeback:             0 kB
Node 1 FilePages:       1108528 kB
Node 1 Mapped:            14756 kB
Node 1 AnonPages:         20356 kB
Node 1 Shmem:               668 kB
Node 1 KernelStack:         968 kB
Node 1 PageTables:          504 kB
Node 1 NFS_Unstable:          0 kB
Node 1 Bounce:                0 kB
Node 1 WritebackTmp:          0 kB
Node 1 KReclaimable:      18316 kB
Node 1 Slab:              65156 kB
Node 1 SReclaimable:      18316 kB
Node 1 SUnreclaim:        46840 kB
Node 1 AnonHugePages:         0 kB
Node 1 ShmemHugePages:        0 kB
Node 1 ShmemPmdMapped:        0 kB
Node 1 FileHugePages:        0 kB
Node 1 FilePmdMapped:        0 kB
Node 1 HugePages_Total:     0
Node 1 HugePages_Free:      0
Node 1 HugePages_Surp:      0

B.1.1G-simpleread.2G.1.O.1M Complete!
