kernel.numa_balancing = 0
B.0.simpleread.500M.2.O
Begin
Node 0 MemTotal:       24768352 kB
Node 0 MemFree:        24419884 kB
Node 0 MemUsed:          348468 kB
Node 0 Active:            33304 kB
Node 0 Inactive:          28328 kB
Node 0 Active(anon):      11404 kB
Node 0 Inactive(anon):      408 kB
Node 0 Active(file):      21900 kB
Node 0 Inactive(file):    27920 kB
Node 0 Unevictable:       17980 kB
Node 0 Mlocked:           17980 kB
Node 0 Dirty:               356 kB
Node 0 Writeback:             0 kB
Node 0 FilePages:         58032 kB
Node 0 Mapped:            22584 kB
Node 0 AnonPages:         21628 kB
Node 0 Shmem:               544 kB
Node 0 KernelStack:        2072 kB
Node 0 PageTables:          440 kB
Node 0 NFS_Unstable:          0 kB
Node 0 Bounce:                0 kB
Node 0 WritebackTmp:          0 kB
Node 0 KReclaimable:      17560 kB
Node 0 Slab:              50560 kB
Node 0 SReclaimable:      17560 kB
Node 0 SUnreclaim:        33000 kB
Node 0 AnonHugePages:         0 kB
Node 0 ShmemHugePages:        0 kB
Node 0 ShmemPmdMapped:        0 kB
Node 0 FileHugePages:        0 kB
Node 0 FilePmdMapped:        0 kB
Node 0 HugePages_Total:     0
Node 0 HugePages_Free:      0
Node 0 HugePages_Surp:      0

Node 1 MemTotal:       24661580 kB
Node 1 MemFree:        24365444 kB
Node 1 MemUsed:          296136 kB
Node 1 Active:            62236 kB
Node 1 Inactive:          93516 kB
Node 1 Active(anon):      22048 kB
Node 1 Inactive(anon):      468 kB
Node 1 Active(file):      40188 kB
Node 1 Inactive(file):    93048 kB
Node 1 Unevictable:         540 kB
Node 1 Mlocked:             540 kB
Node 1 Dirty:               168 kB
Node 1 Writeback:             0 kB
Node 1 FilePages:        134520 kB
Node 1 Mapped:            46900 kB
Node 1 AnonPages:         21820 kB
Node 1 Shmem:               724 kB
Node 1 KernelStack:        1528 kB
Node 1 PageTables:          700 kB
Node 1 NFS_Unstable:          0 kB
Node 1 Bounce:                0 kB
Node 1 WritebackTmp:          0 kB
Node 1 KReclaimable:      24320 kB
Node 1 Slab:              54992 kB
Node 1 SReclaimable:      24320 kB
Node 1 SUnreclaim:        30672 kB
Node 1 AnonHugePages:         0 kB
Node 1 ShmemHugePages:        0 kB
Node 1 ShmemPmdMapped:        0 kB
Node 1 FileHugePages:        0 kB
Node 1 FilePmdMapped:        0 kB
Node 1 HugePages_Total:     0
Node 1 HugePages_Free:      0
Node 1 HugePages_Surp:      0

Load ZFS
Node 0 MemTotal:       24768352 kB
Node 0 MemFree:        24526780 kB
Node 0 MemUsed:          241572 kB
Node 0 Active:            46120 kB
Node 0 Inactive:          35696 kB
Node 0 Active(anon):      23180 kB
Node 0 Inactive(anon):      552 kB
Node 0 Active(file):      22940 kB
Node 0 Inactive(file):    35144 kB
Node 0 Unevictable:       18192 kB
Node 0 Mlocked:           18192 kB
Node 0 Dirty:               164 kB
Node 0 Writeback:             0 kB
Node 0 FilePages:         66468 kB
Node 0 Mapped:            24040 kB
Node 0 AnonPages:         33544 kB
Node 0 Shmem:               732 kB
Node 0 KernelStack:        2164 kB
Node 0 PageTables:          728 kB
Node 0 NFS_Unstable:          0 kB
Node 0 Bounce:                0 kB
Node 0 WritebackTmp:          0 kB
Node 0 KReclaimable:      18292 kB
Node 0 Slab:              52756 kB
Node 0 SReclaimable:      18292 kB
Node 0 SUnreclaim:        34464 kB
Node 0 AnonHugePages:         0 kB
Node 0 ShmemHugePages:        0 kB
Node 0 ShmemPmdMapped:        0 kB
Node 0 FileHugePages:        0 kB
Node 0 FilePmdMapped:        0 kB
Node 0 HugePages_Total:     0
Node 0 HugePages_Free:      0
Node 0 HugePages_Surp:      0

Node 1 MemTotal:       24661580 kB
Node 1 MemFree:        24115548 kB
Node 1 MemUsed:          546032 kB
Node 1 Active:            76840 kB
Node 1 Inactive:         189684 kB
Node 1 Active(anon):      35320 kB
Node 1 Inactive(anon):      392 kB
Node 1 Active(file):      41520 kB
Node 1 Inactive(file):   189292 kB
Node 1 Unevictable:         540 kB
Node 1 Mlocked:             540 kB
Node 1 Dirty:               476 kB
Node 1 Writeback:             0 kB
Node 1 FilePages:        231888 kB
Node 1 Mapped:            49316 kB
Node 1 AnonPages:         35516 kB
Node 1 Shmem:               536 kB
Node 1 KernelStack:        2164 kB
Node 1 PageTables:         2304 kB
Node 1 NFS_Unstable:          0 kB
Node 1 Bounce:                0 kB
Node 1 WritebackTmp:          0 kB
Node 1 KReclaimable:      25176 kB
Node 1 Slab:              59824 kB
Node 1 SReclaimable:      25176 kB
Node 1 SUnreclaim:        34648 kB
Node 1 AnonHugePages:         0 kB
Node 1 ShmemHugePages:        0 kB
Node 1 ShmemPmdMapped:        0 kB
Node 1 FileHugePages:        0 kB
Node 1 FilePmdMapped:        0 kB
Node 1 HugePages_Total:     0
Node 1 HugePages_Free:      0
Node 1 HugePages_Surp:      0

Import tank ZPool
Node 0 MemTotal:       24768352 kB
Node 0 MemFree:        24538220 kB
Node 0 MemUsed:          230132 kB
Node 0 Active:            34352 kB
Node 0 Inactive:          35572 kB
Node 0 Active(anon):      11240 kB
Node 0 Inactive(anon):      548 kB
Node 0 Active(file):      23112 kB
Node 0 Inactive(file):    35024 kB
Node 0 Unevictable:       18208 kB
Node 0 Mlocked:           18208 kB
Node 0 Dirty:                40 kB
Node 0 Writeback:             0 kB
Node 0 FilePages:         66520 kB
Node 0 Mapped:            22788 kB
Node 0 AnonPages:         21612 kB
Node 0 Shmem:               732 kB
Node 0 KernelStack:        2040 kB
Node 0 PageTables:          464 kB
Node 0 NFS_Unstable:          0 kB
Node 0 Bounce:                0 kB
Node 0 WritebackTmp:          0 kB
Node 0 KReclaimable:      18332 kB
Node 0 Slab:              52992 kB
Node 0 SReclaimable:      18332 kB
Node 0 SUnreclaim:        34660 kB
Node 0 AnonHugePages:         0 kB
Node 0 ShmemHugePages:        0 kB
Node 0 ShmemPmdMapped:        0 kB
Node 0 FileHugePages:        0 kB
Node 0 FilePmdMapped:        0 kB
Node 0 HugePages_Total:     0
Node 0 HugePages_Free:      0
Node 0 HugePages_Surp:      0

Node 1 MemTotal:       24661580 kB
Node 1 MemFree:        24111556 kB
Node 1 MemUsed:          550024 kB
Node 1 Active:            65420 kB
Node 1 Inactive:         190052 kB
Node 1 Active(anon):      22588 kB
Node 1 Inactive(anon):      400 kB
Node 1 Active(file):      42832 kB
Node 1 Inactive(file):   189652 kB
Node 1 Unevictable:         540 kB
Node 1 Mlocked:             540 kB
Node 1 Dirty:                56 kB
Node 1 Writeback:             0 kB
Node 1 FilePages:        233580 kB
Node 1 Mapped:            47256 kB
Node 1 AnonPages:         21924 kB
Node 1 Shmem:               536 kB
Node 1 KernelStack:        2668 kB
Node 1 PageTables:          944 kB
Node 1 NFS_Unstable:          0 kB
Node 1 Bounce:                0 kB
Node 1 WritebackTmp:          0 kB
Node 1 KReclaimable:      25300 kB
Node 1 Slab:              65732 kB
Node 1 SReclaimable:      25300 kB
Node 1 SUnreclaim:        40432 kB
Node 1 AnonHugePages:         0 kB
Node 1 ShmemHugePages:        0 kB
Node 1 ShmemPmdMapped:        0 kB
Node 1 FileHugePages:        0 kB
Node 1 FilePmdMapped:        0 kB
Node 1 HugePages_Total:     0
Node 1 HugePages_Free:      0
Node 1 HugePages_Surp:      0

After Test
Node 0 MemTotal:       24768352 kB
Node 0 MemFree:        23675700 kB
Node 0 MemUsed:         1092652 kB
Node 0 Active:            34636 kB
Node 0 Inactive:          35584 kB
Node 0 Active(anon):      11228 kB
Node 0 Inactive(anon):      548 kB
Node 0 Active(file):      23408 kB
Node 0 Inactive(file):    35036 kB
Node 0 Unevictable:       18208 kB
Node 0 Mlocked:           18208 kB
Node 0 Dirty:                32 kB
Node 0 Writeback:             0 kB
Node 0 FilePages:         66832 kB
Node 0 Mapped:            22588 kB
Node 0 AnonPages:         21640 kB
Node 0 Shmem:               732 kB
Node 0 KernelStack:        2040 kB
Node 0 PageTables:          480 kB
Node 0 NFS_Unstable:          0 kB
Node 0 Bounce:                0 kB
Node 0 WritebackTmp:          0 kB
Node 0 KReclaimable:      18384 kB
Node 0 Slab:              58772 kB
Node 0 SReclaimable:      18384 kB
Node 0 SUnreclaim:        40388 kB
Node 0 AnonHugePages:         0 kB
Node 0 ShmemHugePages:        0 kB
Node 0 ShmemPmdMapped:        0 kB
Node 0 FileHugePages:        0 kB
Node 0 FilePmdMapped:        0 kB
Node 0 HugePages_Total:     0
Node 0 HugePages_Free:      0
Node 0 HugePages_Surp:      0

Node 1 MemTotal:       24661580 kB
Node 1 MemFree:        23914308 kB
Node 1 MemUsed:          747272 kB
Node 1 Active:            64980 kB
Node 1 Inactive:         189972 kB
Node 1 Active(anon):      22016 kB
Node 1 Inactive(anon):      400 kB
Node 1 Active(file):      42964 kB
Node 1 Inactive(file):   189572 kB
Node 1 Unevictable:         540 kB
Node 1 Mlocked:             540 kB
Node 1 Dirty:                12 kB
Node 1 Writeback:             0 kB
Node 1 FilePages:        233612 kB
Node 1 Mapped:            47032 kB
Node 1 AnonPages:         21932 kB
Node 1 Shmem:               536 kB
Node 1 KernelStack:        2712 kB
Node 1 PageTables:          672 kB
Node 1 NFS_Unstable:          0 kB
Node 1 Bounce:                0 kB
Node 1 WritebackTmp:          0 kB
Node 1 KReclaimable:      25300 kB
Node 1 Slab:              66116 kB
Node 1 SReclaimable:      25300 kB
Node 1 SUnreclaim:        40816 kB
Node 1 AnonHugePages:         0 kB
Node 1 ShmemHugePages:        0 kB
Node 1 ShmemPmdMapped:        0 kB
Node 1 FileHugePages:        0 kB
Node 1 FilePmdMapped:        0 kB
Node 1 HugePages_Total:     0
Node 1 HugePages_Free:      0
Node 1 HugePages_Surp:      0

After Opposite Node
Node 0 MemTotal:       24768352 kB
Node 0 MemFree:        23675708 kB
Node 0 MemUsed:         1092644 kB
Node 0 Active:            34480 kB
Node 0 Inactive:          35548 kB
Node 0 Active(anon):      11028 kB
Node 0 Inactive(anon):      544 kB
Node 0 Active(file):      23452 kB
Node 0 Inactive(file):    35004 kB
Node 0 Unevictable:       18208 kB
Node 0 Mlocked:           18208 kB
Node 0 Dirty:                40 kB
Node 0 Writeback:             0 kB
Node 0 FilePages:         66840 kB
Node 0 Mapped:            22632 kB
Node 0 AnonPages:         21392 kB
Node 0 Shmem:               732 kB
Node 0 KernelStack:        2040 kB
Node 0 PageTables:          444 kB
Node 0 NFS_Unstable:          0 kB
Node 0 Bounce:                0 kB
Node 0 WritebackTmp:          0 kB
Node 0 KReclaimable:      18384 kB
Node 0 Slab:              58880 kB
Node 0 SReclaimable:      18384 kB
Node 0 SUnreclaim:        40496 kB
Node 0 AnonHugePages:         0 kB
Node 0 ShmemHugePages:        0 kB
Node 0 ShmemPmdMapped:        0 kB
Node 0 FileHugePages:        0 kB
Node 0 FilePmdMapped:        0 kB
Node 0 HugePages_Total:     0
Node 0 HugePages_Free:      0
Node 0 HugePages_Surp:      0

Node 1 MemTotal:       24661580 kB
Node 1 MemFree:        23913976 kB
Node 1 MemUsed:          747604 kB
Node 1 Active:            65560 kB
Node 1 Inactive:         189744 kB
Node 1 Active(anon):      22356 kB
Node 1 Inactive(anon):      396 kB
Node 1 Active(file):      43204 kB
Node 1 Inactive(file):   189348 kB
Node 1 Unevictable:         540 kB
Node 1 Mlocked:             540 kB
Node 1 Dirty:                28 kB
Node 1 Writeback:             0 kB
Node 1 FilePages:        233628 kB
Node 1 Mapped:            47060 kB
Node 1 AnonPages:         22284 kB
Node 1 Shmem:               536 kB
Node 1 KernelStack:        2696 kB
Node 1 PageTables:          724 kB
Node 1 NFS_Unstable:          0 kB
Node 1 Bounce:                0 kB
Node 1 WritebackTmp:          0 kB
Node 1 KReclaimable:      25304 kB
Node 1 Slab:              66180 kB
Node 1 SReclaimable:      25304 kB
Node 1 SUnreclaim:        40876 kB
Node 1 AnonHugePages:         0 kB
Node 1 ShmemHugePages:        0 kB
Node 1 ShmemPmdMapped:        0 kB
Node 1 FileHugePages:        0 kB
Node 1 FilePmdMapped:        0 kB
Node 1 HugePages_Total:     0
Node 1 HugePages_Free:      0
Node 1 HugePages_Surp:      0

B.0.simpleread.500M.2.O Complete!
