U.1.2Mfio.250M.3.O
Begin
Node 0 MemTotal:       24743736 kB
Node 0 MemFree:        24360936 kB
Node 0 MemUsed:          382800 kB
Node 0 Active:            34816 kB
Node 0 Inactive:          56264 kB
Node 0 Active(anon):      14748 kB
Node 0 Inactive(anon):      436 kB
Node 0 Active(file):      20068 kB
Node 0 Inactive(file):    55828 kB
Node 0 Unevictable:       17276 kB
Node 0 Mlocked:           17276 kB
Node 0 Dirty:               392 kB
Node 0 Writeback:             0 kB
Node 0 FilePages:         83468 kB
Node 0 Mapped:            15484 kB
Node 0 AnonPages:         24884 kB
Node 0 Shmem:               628 kB
Node 0 KernelStack:        1992 kB
Node 0 PageTables:          348 kB
Node 0 NFS_Unstable:          0 kB
Node 0 Bounce:                0 kB
Node 0 WritebackTmp:          0 kB
Node 0 KReclaimable:      22208 kB
Node 0 Slab:              57056 kB
Node 0 SReclaimable:      22208 kB
Node 0 SUnreclaim:        34848 kB
Node 0 AnonHugePages:         0 kB
Node 0 ShmemHugePages:        0 kB
Node 0 ShmemPmdMapped:        0 kB
Node 0 FileHugePages:        0 kB
Node 0 FilePmdMapped:        0 kB
Node 0 HugePages_Total:     0
Node 0 HugePages_Free:      0
Node 0 HugePages_Surp:      0

Node 1 MemTotal:       24686196 kB
Node 1 MemFree:        24453580 kB
Node 1 MemUsed:          232616 kB
Node 1 Active:            59504 kB
Node 1 Inactive:          39564 kB
Node 1 Active(anon):      19116 kB
Node 1 Inactive(anon):      448 kB
Node 1 Active(file):      40388 kB
Node 1 Inactive(file):    39116 kB
Node 1 Unevictable:        1248 kB
Node 1 Mlocked:            1248 kB
Node 1 Dirty:                40 kB
Node 1 Writeback:             0 kB
Node 1 FilePages:         81552 kB
Node 1 Mapped:            33412 kB
Node 1 AnonPages:         18924 kB
Node 1 Shmem:               640 kB
Node 1 KernelStack:        1592 kB
Node 1 PageTables:          680 kB
Node 1 NFS_Unstable:          0 kB
Node 1 Bounce:                0 kB
Node 1 WritebackTmp:          0 kB
Node 1 KReclaimable:      19664 kB
Node 1 Slab:              48736 kB
Node 1 SReclaimable:      19664 kB
Node 1 SUnreclaim:        29072 kB
Node 1 AnonHugePages:         0 kB
Node 1 ShmemHugePages:        0 kB
Node 1 ShmemPmdMapped:        0 kB
Node 1 FileHugePages:        0 kB
Node 1 FilePmdMapped:        0 kB
Node 1 HugePages_Total:     0
Node 1 HugePages_Free:      0
Node 1 HugePages_Surp:      0

Load ZFS
Node 0 MemTotal:       24743736 kB
Node 0 MemFree:        24488748 kB
Node 0 MemUsed:          254988 kB
Node 0 Active:            46068 kB
Node 0 Inactive:          51860 kB
Node 0 Active(anon):      20992 kB
Node 0 Inactive(anon):      436 kB
Node 0 Active(file):      25076 kB
Node 0 Inactive(file):    51424 kB
Node 0 Unevictable:       17276 kB
Node 0 Mlocked:           17276 kB
Node 0 Dirty:               396 kB
Node 0 Writeback:             0 kB
Node 0 FilePages:         84072 kB
Node 0 Mapped:            15452 kB
Node 0 AnonPages:         31280 kB
Node 0 Shmem:               628 kB
Node 0 KernelStack:        2152 kB
Node 0 PageTables:          884 kB
Node 0 NFS_Unstable:          0 kB
Node 0 Bounce:                0 kB
Node 0 WritebackTmp:          0 kB
Node 0 KReclaimable:      22740 kB
Node 0 Slab:              58804 kB
Node 0 SReclaimable:      22740 kB
Node 0 SUnreclaim:        36064 kB
Node 0 AnonHugePages:         0 kB
Node 0 ShmemHugePages:        0 kB
Node 0 ShmemPmdMapped:        0 kB
Node 0 FileHugePages:        0 kB
Node 0 FilePmdMapped:        0 kB
Node 0 HugePages_Total:     0
Node 0 HugePages_Free:      0
Node 0 HugePages_Surp:      0

Node 1 MemTotal:       24686196 kB
Node 1 MemFree:        24311472 kB
Node 1 MemUsed:          374724 kB
Node 1 Active:            61332 kB
Node 1 Inactive:          39940 kB
Node 1 Active(anon):      19244 kB
Node 1 Inactive(anon):      448 kB
Node 1 Active(file):      42088 kB
Node 1 Inactive(file):    39492 kB
Node 1 Unevictable:        1248 kB
Node 1 Mlocked:            1248 kB
Node 1 Dirty:               156 kB
Node 1 Writeback:             0 kB
Node 1 FilePages:         83468 kB
Node 1 Mapped:            33580 kB
Node 1 AnonPages:         18916 kB
Node 1 Shmem:               640 kB
Node 1 KernelStack:        1672 kB
Node 1 PageTables:          752 kB
Node 1 NFS_Unstable:          0 kB
Node 1 Bounce:                0 kB
Node 1 WritebackTmp:          0 kB
Node 1 KReclaimable:      20252 kB
Node 1 Slab:              51344 kB
Node 1 SReclaimable:      20252 kB
Node 1 SUnreclaim:        31092 kB
Node 1 AnonHugePages:         0 kB
Node 1 ShmemHugePages:        0 kB
Node 1 ShmemPmdMapped:        0 kB
Node 1 FileHugePages:        0 kB
Node 1 FilePmdMapped:        0 kB
Node 1 HugePages_Total:     0
Node 1 HugePages_Free:      0
Node 1 HugePages_Surp:      0

Import tank ZPool
Node 0 MemTotal:       24743736 kB
Node 0 MemFree:        24489504 kB
Node 0 MemUsed:          254232 kB
Node 0 Active:            46172 kB
Node 0 Inactive:          51812 kB
Node 0 Active(anon):      21048 kB
Node 0 Inactive(anon):      436 kB
Node 0 Active(file):      25124 kB
Node 0 Inactive(file):    51376 kB
Node 0 Unevictable:       17276 kB
Node 0 Mlocked:           17276 kB
Node 0 Dirty:               152 kB
Node 0 Writeback:             0 kB
Node 0 FilePages:         84068 kB
Node 0 Mapped:            15648 kB
Node 0 AnonPages:         31304 kB
Node 0 Shmem:               624 kB
Node 0 KernelStack:        2152 kB
Node 0 PageTables:          884 kB
Node 0 NFS_Unstable:          0 kB
Node 0 Bounce:                0 kB
Node 0 WritebackTmp:          0 kB
Node 0 KReclaimable:      22740 kB
Node 0 Slab:              58796 kB
Node 0 SReclaimable:      22740 kB
Node 0 SUnreclaim:        36056 kB
Node 0 AnonHugePages:         0 kB
Node 0 ShmemHugePages:        0 kB
Node 0 ShmemPmdMapped:        0 kB
Node 0 FileHugePages:        0 kB
Node 0 FilePmdMapped:        0 kB
Node 0 HugePages_Total:     0
Node 0 HugePages_Free:      0
Node 0 HugePages_Surp:      0

Node 1 MemTotal:       24686196 kB
Node 1 MemFree:        24293068 kB
Node 1 MemUsed:          393128 kB
Node 1 Active:            61936 kB
Node 1 Inactive:          41076 kB
Node 1 Active(anon):      19420 kB
Node 1 Inactive(anon):      452 kB
Node 1 Active(file):      42516 kB
Node 1 Inactive(file):    40624 kB
Node 1 Unevictable:        1248 kB
Node 1 Mlocked:            1248 kB
Node 1 Dirty:               228 kB
Node 1 Writeback:             0 kB
Node 1 FilePages:         85052 kB
Node 1 Mapped:            33672 kB
Node 1 AnonPages:         18856 kB
Node 1 Shmem:               644 kB
Node 1 KernelStack:        2776 kB
Node 1 PageTables:          836 kB
Node 1 NFS_Unstable:          0 kB
Node 1 Bounce:                0 kB
Node 1 WritebackTmp:          0 kB
Node 1 KReclaimable:      20368 kB
Node 1 Slab:              58244 kB
Node 1 SReclaimable:      20368 kB
Node 1 SUnreclaim:        37876 kB
Node 1 AnonHugePages:         0 kB
Node 1 ShmemHugePages:        0 kB
Node 1 ShmemPmdMapped:        0 kB
Node 1 FileHugePages:        0 kB
Node 1 FilePmdMapped:        0 kB
Node 1 HugePages_Total:     0
Node 1 HugePages_Free:      0
Node 1 HugePages_Surp:      0

After Test
Node 0 MemTotal:       24743736 kB
Node 0 MemFree:        24261652 kB
Node 0 MemUsed:          482084 kB
Node 0 Active:            38668 kB
Node 0 Inactive:          51812 kB
Node 0 Active(anon):      13544 kB
Node 0 Inactive(anon):      436 kB
Node 0 Active(file):      25124 kB
Node 0 Inactive(file):    51376 kB
Node 0 Unevictable:       17276 kB
Node 0 Mlocked:           17276 kB
Node 0 Dirty:                44 kB
Node 0 Writeback:             0 kB
Node 0 FilePages:         84068 kB
Node 0 Mapped:            15452 kB
Node 0 AnonPages:         23684 kB
Node 0 Shmem:               624 kB
Node 0 KernelStack:        1944 kB
Node 0 PageTables:          324 kB
Node 0 NFS_Unstable:          0 kB
Node 0 Bounce:                0 kB
Node 0 WritebackTmp:          0 kB
Node 0 KReclaimable:      22756 kB
Node 0 Slab:              59688 kB
Node 0 SReclaimable:      22756 kB
Node 0 SUnreclaim:        36932 kB
Node 0 AnonHugePages:         0 kB
Node 0 ShmemHugePages:        0 kB
Node 0 ShmemPmdMapped:        0 kB
Node 0 FileHugePages:        0 kB
Node 0 FilePmdMapped:        0 kB
Node 0 HugePages_Total:     0
Node 0 HugePages_Free:      0
Node 0 HugePages_Surp:      0

Node 1 MemTotal:       24686196 kB
Node 1 MemFree:        23987528 kB
Node 1 MemUsed:          698668 kB
Node 1 Active:            62936 kB
Node 1 Inactive:          42032 kB
Node 1 Active(anon):      19348 kB
Node 1 Inactive(anon):      476 kB
Node 1 Active(file):      43588 kB
Node 1 Inactive(file):    41556 kB
Node 1 Unevictable:        1248 kB
Node 1 Mlocked:            1248 kB
Node 1 Dirty:               236 kB
Node 1 Writeback:             0 kB
Node 1 FilePages:         87080 kB
Node 1 Mapped:            33664 kB
Node 1 AnonPages:         19052 kB
Node 1 Shmem:               688 kB
Node 1 KernelStack:        2808 kB
Node 1 PageTables:          836 kB
Node 1 NFS_Unstable:          0 kB
Node 1 Bounce:                0 kB
Node 1 WritebackTmp:          0 kB
Node 1 KReclaimable:      21720 kB
Node 1 Slab:              61984 kB
Node 1 SReclaimable:      21720 kB
Node 1 SUnreclaim:        40264 kB
Node 1 AnonHugePages:         0 kB
Node 1 ShmemHugePages:        0 kB
Node 1 ShmemPmdMapped:        0 kB
Node 1 FileHugePages:        0 kB
Node 1 FilePmdMapped:        0 kB
Node 1 HugePages_Total:     0
Node 1 HugePages_Free:      0
Node 1 HugePages_Surp:      0

After Opposite Node
Node 0 MemTotal:       24743736 kB
Node 0 MemFree:        24260940 kB
Node 0 MemUsed:          482796 kB
Node 0 Active:            39044 kB
Node 0 Inactive:          52116 kB
Node 0 Active(anon):      13916 kB
Node 0 Inactive(anon):      732 kB
Node 0 Active(file):      25128 kB
Node 0 Inactive(file):    51384 kB
Node 0 Unevictable:       17276 kB
Node 0 Mlocked:           17276 kB
Node 0 Dirty:                52 kB
Node 0 Writeback:             0 kB
Node 0 FilePages:         84372 kB
Node 0 Mapped:            15452 kB
Node 0 AnonPages:         24064 kB
Node 0 Shmem:               624 kB
Node 0 KernelStack:        1972 kB
Node 0 PageTables:          344 kB
Node 0 NFS_Unstable:          0 kB
Node 0 Bounce:                0 kB
Node 0 WritebackTmp:          0 kB
Node 0 KReclaimable:      22772 kB
Node 0 Slab:              59808 kB
Node 0 SReclaimable:      22772 kB
Node 0 SUnreclaim:        37036 kB
Node 0 AnonHugePages:         0 kB
Node 0 ShmemHugePages:        0 kB
Node 0 ShmemPmdMapped:        0 kB
Node 0 FileHugePages:        0 kB
Node 0 FilePmdMapped:        0 kB
Node 0 HugePages_Total:     0
Node 0 HugePages_Free:      0
Node 0 HugePages_Surp:      0

Node 1 MemTotal:       24686196 kB
Node 1 MemFree:        23987372 kB
Node 1 MemUsed:          698824 kB
Node 1 Active:            63016 kB
Node 1 Inactive:          41876 kB
Node 1 Active(anon):      19276 kB
Node 1 Inactive(anon):      452 kB
Node 1 Active(file):      43740 kB
Node 1 Inactive(file):    41424 kB
Node 1 Unevictable:        1248 kB
Node 1 Mlocked:            1248 kB
Node 1 Dirty:               256 kB
Node 1 Writeback:             0 kB
Node 1 FilePages:         87056 kB
Node 1 Mapped:            33448 kB
Node 1 AnonPages:         19128 kB
Node 1 Shmem:               644 kB
Node 1 KernelStack:        2744 kB
Node 1 PageTables:          744 kB
Node 1 NFS_Unstable:          0 kB
Node 1 Bounce:                0 kB
Node 1 WritebackTmp:          0 kB
Node 1 KReclaimable:      21720 kB
Node 1 Slab:              61972 kB
Node 1 SReclaimable:      21720 kB
Node 1 SUnreclaim:        40252 kB
Node 1 AnonHugePages:         0 kB
Node 1 ShmemHugePages:        0 kB
Node 1 ShmemPmdMapped:        0 kB
Node 1 FileHugePages:        0 kB
Node 1 FilePmdMapped:        0 kB
Node 1 HugePages_Total:     0
Node 1 HugePages_Free:      0
Node 1 HugePages_Surp:      0

U.1.2Mfio.250M.3.O Complete!
