U.1.4Mfio.250M.2.O
Begin
Node 0 MemTotal:       24768352 kB
Node 0 MemFree:        24522652 kB
Node 0 MemUsed:          245700 kB
Node 0 Active:            31564 kB
Node 0 Inactive:          59800 kB
Node 0 Active(anon):      16188 kB
Node 0 Inactive(anon):      512 kB
Node 0 Active(file):      15376 kB
Node 0 Inactive(file):    59288 kB
Node 0 Unevictable:       13720 kB
Node 0 Mlocked:           13720 kB
Node 0 Dirty:               128 kB
Node 0 Writeback:             0 kB
Node 0 FilePages:         78740 kB
Node 0 Mapped:            13516 kB
Node 0 AnonPages:         26332 kB
Node 0 Shmem:               688 kB
Node 0 KernelStack:        2120 kB
Node 0 PageTables:          572 kB
Node 0 NFS_Unstable:          0 kB
Node 0 Bounce:                0 kB
Node 0 WritebackTmp:          0 kB
Node 0 KReclaimable:      22504 kB
Node 0 Slab:              52908 kB
Node 0 SReclaimable:      22504 kB
Node 0 SUnreclaim:        30404 kB
Node 0 AnonHugePages:         0 kB
Node 0 ShmemHugePages:        0 kB
Node 0 ShmemPmdMapped:        0 kB
Node 0 FileHugePages:        0 kB
Node 0 FilePmdMapped:        0 kB
Node 0 HugePages_Total:     0
Node 0 HugePages_Free:      0
Node 0 HugePages_Surp:      0

Node 1 MemTotal:       24661580 kB
Node 1 MemFree:        24292672 kB
Node 1 MemUsed:          368908 kB
Node 1 Active:            63812 kB
Node 1 Inactive:          31596 kB
Node 1 Active(anon):      18040 kB
Node 1 Inactive(anon):      364 kB
Node 1 Active(file):      45772 kB
Node 1 Inactive(file):    31232 kB
Node 1 Unevictable:        4804 kB
Node 1 Mlocked:            4804 kB
Node 1 Dirty:               304 kB
Node 1 Writeback:             0 kB
Node 1 FilePages:         82404 kB
Node 1 Mapped:            30596 kB
Node 1 AnonPages:         17884 kB
Node 1 Shmem:               580 kB
Node 1 KernelStack:        1576 kB
Node 1 PageTables:          588 kB
Node 1 NFS_Unstable:          0 kB
Node 1 Bounce:                0 kB
Node 1 WritebackTmp:          0 kB
Node 1 KReclaimable:      19408 kB
Node 1 Slab:              54888 kB
Node 1 SReclaimable:      19408 kB
Node 1 SUnreclaim:        35480 kB
Node 1 AnonHugePages:         0 kB
Node 1 ShmemHugePages:        0 kB
Node 1 ShmemPmdMapped:        0 kB
Node 1 FileHugePages:        0 kB
Node 1 FilePmdMapped:        0 kB
Node 1 HugePages_Total:     0
Node 1 HugePages_Free:      0
Node 1 HugePages_Surp:      0

Load ZFS
Node 0 MemTotal:       24768352 kB
Node 0 MemFree:        24381672 kB
Node 0 MemUsed:          386680 kB
Node 0 Active:            33428 kB
Node 0 Inactive:          60336 kB
Node 0 Active(anon):      16960 kB
Node 0 Inactive(anon):      512 kB
Node 0 Active(file):      16468 kB
Node 0 Inactive(file):    59824 kB
Node 0 Unevictable:       13720 kB
Node 0 Mlocked:           13720 kB
Node 0 Dirty:               132 kB
Node 0 Writeback:             0 kB
Node 0 FilePages:         80368 kB
Node 0 Mapped:            13612 kB
Node 0 AnonPages:         27052 kB
Node 0 Shmem:               688 kB
Node 0 KernelStack:        2120 kB
Node 0 PageTables:          560 kB
Node 0 NFS_Unstable:          0 kB
Node 0 Bounce:                0 kB
Node 0 WritebackTmp:          0 kB
Node 0 KReclaimable:      22948 kB
Node 0 Slab:              55292 kB
Node 0 SReclaimable:      22948 kB
Node 0 SUnreclaim:        32344 kB
Node 0 AnonHugePages:         0 kB
Node 0 ShmemHugePages:        0 kB
Node 0 ShmemPmdMapped:        0 kB
Node 0 FileHugePages:        0 kB
Node 0 FilePmdMapped:        0 kB
Node 0 HugePages_Total:     0
Node 0 HugePages_Free:      0
Node 0 HugePages_Surp:      0

Node 1 MemTotal:       24661580 kB
Node 1 MemFree:        24425160 kB
Node 1 MemUsed:          236420 kB
Node 1 Active:            71176 kB
Node 1 Inactive:          26900 kB
Node 1 Active(anon):      19792 kB
Node 1 Inactive(anon):      364 kB
Node 1 Active(file):      51384 kB
Node 1 Inactive(file):    26536 kB
Node 1 Unevictable:        4804 kB
Node 1 Mlocked:            4804 kB
Node 1 Dirty:               364 kB
Node 1 Writeback:             0 kB
Node 1 FilePages:         83304 kB
Node 1 Mapped:            30564 kB
Node 1 AnonPages:         19616 kB
Node 1 Shmem:               580 kB
Node 1 KernelStack:        1576 kB
Node 1 PageTables:          696 kB
Node 1 NFS_Unstable:          0 kB
Node 1 Bounce:                0 kB
Node 1 WritebackTmp:          0 kB
Node 1 KReclaimable:      19864 kB
Node 1 Slab:              56412 kB
Node 1 SReclaimable:      19864 kB
Node 1 SUnreclaim:        36548 kB
Node 1 AnonHugePages:         0 kB
Node 1 ShmemHugePages:        0 kB
Node 1 ShmemPmdMapped:        0 kB
Node 1 FileHugePages:        0 kB
Node 1 FilePmdMapped:        0 kB
Node 1 HugePages_Total:     0
Node 1 HugePages_Free:      0
Node 1 HugePages_Surp:      0

Import tank ZPool
Node 0 MemTotal:       24768352 kB
Node 0 MemFree:        24376128 kB
Node 0 MemUsed:          392224 kB
Node 0 Active:            32484 kB
Node 0 Inactive:          61476 kB
Node 0 Active(anon):      15720 kB
Node 0 Inactive(anon):      516 kB
Node 0 Active(file):      16764 kB
Node 0 Inactive(file):    60960 kB
Node 0 Unevictable:       13720 kB
Node 0 Mlocked:           13720 kB
Node 0 Dirty:               148 kB
Node 0 Writeback:             0 kB
Node 0 FilePages:         81808 kB
Node 0 Mapped:            13668 kB
Node 0 AnonPages:         25944 kB
Node 0 Shmem:               692 kB
Node 0 KernelStack:        2136 kB
Node 0 PageTables:          584 kB
Node 0 NFS_Unstable:          0 kB
Node 0 Bounce:                0 kB
Node 0 WritebackTmp:          0 kB
Node 0 KReclaimable:      23064 kB
Node 0 Slab:              60100 kB
Node 0 SReclaimable:      23064 kB
Node 0 SUnreclaim:        37036 kB
Node 0 AnonHugePages:         0 kB
Node 0 ShmemHugePages:        0 kB
Node 0 ShmemPmdMapped:        0 kB
Node 0 FileHugePages:        0 kB
Node 0 FilePmdMapped:        0 kB
Node 0 HugePages_Total:     0
Node 0 HugePages_Free:      0
Node 0 HugePages_Surp:      0

Node 1 MemTotal:       24661580 kB
Node 1 MemFree:        24412780 kB
Node 1 MemUsed:          248800 kB
Node 1 Active:            68608 kB
Node 1 Inactive:          26860 kB
Node 1 Active(anon):      17144 kB
Node 1 Inactive(anon):      364 kB
Node 1 Active(file):      51464 kB
Node 1 Inactive(file):    26496 kB
Node 1 Unevictable:        4804 kB
Node 1 Mlocked:            4804 kB
Node 1 Dirty:               152 kB
Node 1 Writeback:             0 kB
Node 1 FilePages:         83356 kB
Node 1 Mapped:            30492 kB
Node 1 AnonPages:         16932 kB
Node 1 Shmem:               576 kB
Node 1 KernelStack:        2600 kB
Node 1 PageTables:          480 kB
Node 1 NFS_Unstable:          0 kB
Node 1 Bounce:                0 kB
Node 1 WritebackTmp:          0 kB
Node 1 KReclaimable:      19868 kB
Node 1 Slab:              58572 kB
Node 1 SReclaimable:      19868 kB
Node 1 SUnreclaim:        38704 kB
Node 1 AnonHugePages:         0 kB
Node 1 ShmemHugePages:        0 kB
Node 1 ShmemPmdMapped:        0 kB
Node 1 FileHugePages:        0 kB
Node 1 FilePmdMapped:        0 kB
Node 1 HugePages_Total:     0
Node 1 HugePages_Free:      0
Node 1 HugePages_Surp:      0

After Test
Node 0 MemTotal:       24768352 kB
Node 0 MemFree:        24268716 kB
Node 0 MemUsed:          499636 kB
Node 0 Active:            32888 kB
Node 0 Inactive:          61288 kB
Node 0 Active(anon):      15828 kB
Node 0 Inactive(anon):      516 kB
Node 0 Active(file):      17060 kB
Node 0 Inactive(file):    60772 kB
Node 0 Unevictable:       13720 kB
Node 0 Mlocked:           13720 kB
Node 0 Dirty:                40 kB
Node 0 Writeback:             0 kB
Node 0 FilePages:         81912 kB
Node 0 Mapped:            13452 kB
Node 0 AnonPages:         25980 kB
Node 0 Shmem:               692 kB
Node 0 KernelStack:        2136 kB
Node 0 PageTables:          536 kB
Node 0 NFS_Unstable:          0 kB
Node 0 Bounce:                0 kB
Node 0 WritebackTmp:          0 kB
Node 0 KReclaimable:      23064 kB
Node 0 Slab:              60452 kB
Node 0 SReclaimable:      23064 kB
Node 0 SUnreclaim:        37388 kB
Node 0 AnonHugePages:         0 kB
Node 0 ShmemHugePages:        0 kB
Node 0 ShmemPmdMapped:        0 kB
Node 0 FileHugePages:        0 kB
Node 0 FilePmdMapped:        0 kB
Node 0 HugePages_Total:     0
Node 0 HugePages_Free:      0
Node 0 HugePages_Surp:      0

Node 1 MemTotal:       24661580 kB
Node 1 MemFree:        23987864 kB
Node 1 MemUsed:          673716 kB
Node 1 Active:            69280 kB
Node 1 Inactive:          28020 kB
Node 1 Active(anon):      17000 kB
Node 1 Inactive(anon):      392 kB
Node 1 Active(file):      52280 kB
Node 1 Inactive(file):    27628 kB
Node 1 Unevictable:        4804 kB
Node 1 Mlocked:            4804 kB
Node 1 Dirty:               160 kB
Node 1 Writeback:             0 kB
Node 1 FilePages:         85332 kB
Node 1 Mapped:            30808 kB
Node 1 AnonPages:         16676 kB
Node 1 Shmem:               620 kB
Node 1 KernelStack:        2632 kB
Node 1 PageTables:          596 kB
Node 1 NFS_Unstable:          0 kB
Node 1 Bounce:                0 kB
Node 1 WritebackTmp:          0 kB
Node 1 KReclaimable:      21168 kB
Node 1 Slab:              63072 kB
Node 1 SReclaimable:      21168 kB
Node 1 SUnreclaim:        41904 kB
Node 1 AnonHugePages:         0 kB
Node 1 ShmemHugePages:        0 kB
Node 1 ShmemPmdMapped:        0 kB
Node 1 FileHugePages:        0 kB
Node 1 FilePmdMapped:        0 kB
Node 1 HugePages_Total:     0
Node 1 HugePages_Free:      0
Node 1 HugePages_Surp:      0

After Opposite Node
Node 0 MemTotal:       24768352 kB
Node 0 MemFree:        24266548 kB
Node 0 MemUsed:          501804 kB
Node 0 Active:            33112 kB
Node 0 Inactive:          61572 kB
Node 0 Active(anon):      16024 kB
Node 0 Inactive(anon):      804 kB
Node 0 Active(file):      17088 kB
Node 0 Inactive(file):    60768 kB
Node 0 Unevictable:       13720 kB
Node 0 Mlocked:           13720 kB
Node 0 Dirty:                60 kB
Node 0 Writeback:             0 kB
Node 0 FilePages:         82228 kB
Node 0 Mapped:            13452 kB
Node 0 AnonPages:         26032 kB
Node 0 Shmem:               692 kB
Node 0 KernelStack:        2100 kB
Node 0 PageTables:          520 kB
Node 0 NFS_Unstable:          0 kB
Node 0 Bounce:                0 kB
Node 0 WritebackTmp:          0 kB
Node 0 KReclaimable:      23088 kB
Node 0 Slab:              60456 kB
Node 0 SReclaimable:      23088 kB
Node 0 SUnreclaim:        37368 kB
Node 0 AnonHugePages:         0 kB
Node 0 ShmemHugePages:        0 kB
Node 0 ShmemPmdMapped:        0 kB
Node 0 FileHugePages:        0 kB
Node 0 FilePmdMapped:        0 kB
Node 0 HugePages_Total:     0
Node 0 HugePages_Free:      0
Node 0 HugePages_Surp:      0

Node 1 MemTotal:       24661580 kB
Node 1 MemFree:        23988252 kB
Node 1 MemUsed:          673328 kB
Node 1 Active:            69312 kB
Node 1 Inactive:          27820 kB
Node 1 Active(anon):      16852 kB
Node 1 Inactive(anon):      364 kB
Node 1 Active(file):      52460 kB
Node 1 Inactive(file):    27456 kB
Node 1 Unevictable:        4804 kB
Node 1 Mlocked:            4804 kB
Node 1 Dirty:               168 kB
Node 1 Writeback:             0 kB
Node 1 FilePages:         85296 kB
Node 1 Mapped:            30564 kB
Node 1 AnonPages:         16640 kB
Node 1 Shmem:               576 kB
Node 1 KernelStack:        2632 kB
Node 1 PageTables:          480 kB
Node 1 NFS_Unstable:          0 kB
Node 1 Bounce:                0 kB
Node 1 WritebackTmp:          0 kB
Node 1 KReclaimable:      21168 kB
Node 1 Slab:              63064 kB
Node 1 SReclaimable:      21168 kB
Node 1 SUnreclaim:        41896 kB
Node 1 AnonHugePages:         0 kB
Node 1 ShmemHugePages:        0 kB
Node 1 ShmemPmdMapped:        0 kB
Node 1 FileHugePages:        0 kB
Node 1 FilePmdMapped:        0 kB
Node 1 HugePages_Total:     0
Node 1 HugePages_Free:      0
Node 1 HugePages_Surp:      0

U.1.4Mfio.250M.2.O Complete!
