U.1.8Mfio.4G.2.O
Begin
Node 0 MemTotal:       24768352 kB
Node 0 MemFree:        24420780 kB
Node 0 MemUsed:          347572 kB
Node 0 Active:            37532 kB
Node 0 Inactive:          29004 kB
Node 0 Active(anon):      17396 kB
Node 0 Inactive(anon):      372 kB
Node 0 Active(file):      20136 kB
Node 0 Inactive(file):    28632 kB
Node 0 Unevictable:       17060 kB
Node 0 Mlocked:           17060 kB
Node 0 Dirty:                24 kB
Node 0 Writeback:             0 kB
Node 0 FilePages:         56036 kB
Node 0 Mapped:            17348 kB
Node 0 AnonPages:         27612 kB
Node 0 Shmem:               536 kB
Node 0 KernelStack:        1896 kB
Node 0 PageTables:          540 kB
Node 0 NFS_Unstable:          0 kB
Node 0 Bounce:                0 kB
Node 0 WritebackTmp:          0 kB
Node 0 KReclaimable:      20916 kB
Node 0 Slab:              49200 kB
Node 0 SReclaimable:      20916 kB
Node 0 SUnreclaim:        28284 kB
Node 0 AnonHugePages:         0 kB
Node 0 ShmemHugePages:        0 kB
Node 0 ShmemPmdMapped:        0 kB
Node 0 FileHugePages:        0 kB
Node 0 FilePmdMapped:        0 kB
Node 0 HugePages_Total:     0
Node 0 HugePages_Free:      0
Node 0 HugePages_Surp:      0

Node 1 MemTotal:       24661580 kB
Node 1 MemFree:        24398516 kB
Node 1 MemUsed:          263064 kB
Node 1 Active:            56596 kB
Node 1 Inactive:          63088 kB
Node 1 Active(anon):      16360 kB
Node 1 Inactive(anon):      512 kB
Node 1 Active(file):      40236 kB
Node 1 Inactive(file):    62576 kB
Node 1 Unevictable:        1460 kB
Node 1 Mlocked:            1460 kB
Node 1 Dirty:               484 kB
Node 1 Writeback:             0 kB
Node 1 FilePages:        105148 kB
Node 1 Mapped:            28476 kB
Node 1 AnonPages:         16156 kB
Node 1 Shmem:               732 kB
Node 1 KernelStack:        1768 kB
Node 1 PageTables:          536 kB
Node 1 NFS_Unstable:          0 kB
Node 1 Bounce:                0 kB
Node 1 WritebackTmp:          0 kB
Node 1 KReclaimable:      20804 kB
Node 1 Slab:              56228 kB
Node 1 SReclaimable:      20804 kB
Node 1 SUnreclaim:        35424 kB
Node 1 AnonHugePages:         0 kB
Node 1 ShmemHugePages:        0 kB
Node 1 ShmemPmdMapped:        0 kB
Node 1 FileHugePages:        0 kB
Node 1 FilePmdMapped:        0 kB
Node 1 HugePages_Total:     0
Node 1 HugePages_Free:      0
Node 1 HugePages_Surp:      0

Load ZFS
Node 0 MemTotal:       24768352 kB
Node 0 MemFree:        24547580 kB
Node 0 MemUsed:          220772 kB
Node 0 Active:            48244 kB
Node 0 Inactive:          24516 kB
Node 0 Active(anon):      22900 kB
Node 0 Inactive(anon):      372 kB
Node 0 Active(file):      25344 kB
Node 0 Inactive(file):    24144 kB
Node 0 Unevictable:       17060 kB
Node 0 Mlocked:           17060 kB
Node 0 Dirty:                24 kB
Node 0 Writeback:             0 kB
Node 0 FilePages:         56756 kB
Node 0 Mapped:            17476 kB
Node 0 AnonPages:         33212 kB
Node 0 Shmem:               536 kB
Node 0 KernelStack:        2040 kB
Node 0 PageTables:          820 kB
Node 0 NFS_Unstable:          0 kB
Node 0 Bounce:                0 kB
Node 0 WritebackTmp:          0 kB
Node 0 KReclaimable:      21388 kB
Node 0 Slab:              50972 kB
Node 0 SReclaimable:      21388 kB
Node 0 SUnreclaim:        29584 kB
Node 0 AnonHugePages:         0 kB
Node 0 ShmemHugePages:        0 kB
Node 0 ShmemPmdMapped:        0 kB
Node 0 FileHugePages:        0 kB
Node 0 FilePmdMapped:        0 kB
Node 0 HugePages_Total:     0
Node 0 HugePages_Free:      0
Node 0 HugePages_Surp:      0

Node 1 MemTotal:       24661580 kB
Node 1 MemFree:        24257248 kB
Node 1 MemUsed:          404332 kB
Node 1 Active:            59368 kB
Node 1 Inactive:          63600 kB
Node 1 Active(anon):      17712 kB
Node 1 Inactive(anon):      512 kB
Node 1 Active(file):      41656 kB
Node 1 Inactive(file):    63088 kB
Node 1 Unevictable:        1460 kB
Node 1 Mlocked:            1460 kB
Node 1 Dirty:               516 kB
Node 1 Writeback:             0 kB
Node 1 FilePages:        106936 kB
Node 1 Mapped:            28476 kB
Node 1 AnonPages:         17436 kB
Node 1 Shmem:               732 kB
Node 1 KernelStack:        1752 kB
Node 1 PageTables:          572 kB
Node 1 NFS_Unstable:          0 kB
Node 1 Bounce:                0 kB
Node 1 WritebackTmp:          0 kB
Node 1 KReclaimable:      21320 kB
Node 1 Slab:              58560 kB
Node 1 SReclaimable:      21320 kB
Node 1 SUnreclaim:        37240 kB
Node 1 AnonHugePages:         0 kB
Node 1 ShmemHugePages:        0 kB
Node 1 ShmemPmdMapped:        0 kB
Node 1 FileHugePages:        0 kB
Node 1 FilePmdMapped:        0 kB
Node 1 HugePages_Total:     0
Node 1 HugePages_Free:      0
Node 1 HugePages_Surp:      0

Import tank ZPool
Node 0 MemTotal:       24768352 kB
Node 0 MemFree:        24551844 kB
Node 0 MemUsed:          216508 kB
Node 0 Active:            42056 kB
Node 0 Inactive:          24448 kB
Node 0 Active(anon):      16608 kB
Node 0 Inactive(anon):      372 kB
Node 0 Active(file):      25448 kB
Node 0 Inactive(file):    24076 kB
Node 0 Unevictable:       17060 kB
Node 0 Mlocked:           17060 kB
Node 0 Dirty:                40 kB
Node 0 Writeback:             0 kB
Node 0 FilePages:         56788 kB
Node 0 Mapped:            17532 kB
Node 0 AnonPages:         26688 kB
Node 0 Shmem:               532 kB
Node 0 KernelStack:        1960 kB
Node 0 PageTables:          624 kB
Node 0 NFS_Unstable:          0 kB
Node 0 Bounce:                0 kB
Node 0 WritebackTmp:          0 kB
Node 0 KReclaimable:      21388 kB
Node 0 Slab:              50944 kB
Node 0 SReclaimable:      21388 kB
Node 0 SUnreclaim:        29556 kB
Node 0 AnonHugePages:         0 kB
Node 0 ShmemHugePages:        0 kB
Node 0 ShmemPmdMapped:        0 kB
Node 0 FileHugePages:        0 kB
Node 0 FilePmdMapped:        0 kB
Node 0 HugePages_Total:     0
Node 0 HugePages_Free:      0
Node 0 HugePages_Surp:      0

Node 1 MemTotal:       24661580 kB
Node 1 MemFree:        24238476 kB
Node 1 MemUsed:          423104 kB
Node 1 Active:            59384 kB
Node 1 Inactive:          64508 kB
Node 1 Active(anon):      17060 kB
Node 1 Inactive(anon):      516 kB
Node 1 Active(file):      42324 kB
Node 1 Inactive(file):    63992 kB
Node 1 Unevictable:        1460 kB
Node 1 Mlocked:            1460 kB
Node 1 Dirty:               320 kB
Node 1 Writeback:             0 kB
Node 1 FilePages:        108516 kB
Node 1 Mapped:            28780 kB
Node 1 AnonPages:         16520 kB
Node 1 Shmem:               736 kB
Node 1 KernelStack:        2872 kB
Node 1 PageTables:          656 kB
Node 1 NFS_Unstable:          0 kB
Node 1 Bounce:                0 kB
Node 1 WritebackTmp:          0 kB
Node 1 KReclaimable:      21472 kB
Node 1 Slab:              65264 kB
Node 1 SReclaimable:      21472 kB
Node 1 SUnreclaim:        43792 kB
Node 1 AnonHugePages:         0 kB
Node 1 ShmemHugePages:        0 kB
Node 1 ShmemPmdMapped:        0 kB
Node 1 FileHugePages:        0 kB
Node 1 FilePmdMapped:        0 kB
Node 1 HugePages_Total:     0
Node 1 HugePages_Free:      0
Node 1 HugePages_Surp:      0

After Test
Node 0 MemTotal:       24768352 kB
Node 0 MemFree:        24077664 kB
Node 0 MemUsed:          690688 kB
Node 0 Active:            41684 kB
Node 0 Inactive:          24408 kB
Node 0 Active(anon):      16196 kB
Node 0 Inactive(anon):      372 kB
Node 0 Active(file):      25488 kB
Node 0 Inactive(file):    24036 kB
Node 0 Unevictable:       17060 kB
Node 0 Mlocked:           17060 kB
Node 0 Dirty:                12 kB
Node 0 Writeback:             0 kB
Node 0 FilePages:         56788 kB
Node 0 Mapped:            17316 kB
Node 0 AnonPages:         26360 kB
Node 0 Shmem:               532 kB
Node 0 KernelStack:        1800 kB
Node 0 PageTables:          484 kB
Node 0 NFS_Unstable:          0 kB
Node 0 Bounce:                0 kB
Node 0 WritebackTmp:          0 kB
Node 0 KReclaimable:      21404 kB
Node 0 Slab:              52808 kB
Node 0 SReclaimable:      21404 kB
Node 0 SUnreclaim:        31404 kB
Node 0 AnonHugePages:         0 kB
Node 0 ShmemHugePages:        0 kB
Node 0 ShmemPmdMapped:        0 kB
Node 0 FileHugePages:        0 kB
Node 0 FilePmdMapped:        0 kB
Node 0 HugePages_Total:     0
Node 0 HugePages_Free:      0
Node 0 HugePages_Surp:      0

Node 1 MemTotal:       24661580 kB
Node 1 MemFree:        19672112 kB
Node 1 MemUsed:         4989468 kB
Node 1 Active:            59944 kB
Node 1 Inactive:          65732 kB
Node 1 Active(anon):      16800 kB
Node 1 Inactive(anon):      544 kB
Node 1 Active(file):      43144 kB
Node 1 Inactive(file):    65188 kB
Node 1 Unevictable:        1460 kB
Node 1 Mlocked:            1460 kB
Node 1 Dirty:                20 kB
Node 1 Writeback:             0 kB
Node 1 FilePages:        110572 kB
Node 1 Mapped:            28720 kB
Node 1 AnonPages:         16388 kB
Node 1 Shmem:               780 kB
Node 1 KernelStack:        2840 kB
Node 1 PageTables:          732 kB
Node 1 NFS_Unstable:          0 kB
Node 1 Bounce:                0 kB
Node 1 WritebackTmp:          0 kB
Node 1 KReclaimable:      22844 kB
Node 1 Slab:              84988 kB
Node 1 SReclaimable:      22844 kB
Node 1 SUnreclaim:        62144 kB
Node 1 AnonHugePages:         0 kB
Node 1 ShmemHugePages:        0 kB
Node 1 ShmemPmdMapped:        0 kB
Node 1 FileHugePages:        0 kB
Node 1 FilePmdMapped:        0 kB
Node 1 HugePages_Total:     0
Node 1 HugePages_Free:      0
Node 1 HugePages_Surp:      0

After Opposite Node
Node 0 MemTotal:       24768352 kB
Node 0 MemFree:        24078096 kB
Node 0 MemUsed:          690256 kB
Node 0 Active:            41848 kB
Node 0 Inactive:          24440 kB
Node 0 Active(anon):      16356 kB
Node 0 Inactive(anon):      396 kB
Node 0 Active(file):      25492 kB
Node 0 Inactive(file):    24044 kB
Node 0 Unevictable:       17060 kB
Node 0 Mlocked:           17060 kB
Node 0 Dirty:                28 kB
Node 0 Writeback:             0 kB
Node 0 FilePages:         56844 kB
Node 0 Mapped:            17360 kB
Node 0 AnonPages:         26420 kB
Node 0 Shmem:               576 kB
Node 0 KernelStack:        1832 kB
Node 0 PageTables:          600 kB
Node 0 NFS_Unstable:          0 kB
Node 0 Bounce:                0 kB
Node 0 WritebackTmp:          0 kB
Node 0 KReclaimable:      21436 kB
Node 0 Slab:              53924 kB
Node 0 SReclaimable:      21436 kB
Node 0 SUnreclaim:        32488 kB
Node 0 AnonHugePages:         0 kB
Node 0 ShmemHugePages:        0 kB
Node 0 ShmemPmdMapped:        0 kB
Node 0 FileHugePages:        0 kB
Node 0 FilePmdMapped:        0 kB
Node 0 HugePages_Total:     0
Node 0 HugePages_Free:      0
Node 0 HugePages_Surp:      0

Node 1 MemTotal:       24661580 kB
Node 1 MemFree:        19673488 kB
Node 1 MemUsed:         4988092 kB
Node 1 Active:            59912 kB
Node 1 Inactive:          65536 kB
Node 1 Active(anon):      16580 kB
Node 1 Inactive(anon):      516 kB
Node 1 Active(file):      43332 kB
Node 1 Inactive(file):    65020 kB
Node 1 Unevictable:        1460 kB
Node 1 Mlocked:            1460 kB
Node 1 Dirty:                68 kB
Node 1 Writeback:             0 kB
Node 1 FilePages:        110556 kB
Node 1 Mapped:            28712 kB
Node 1 AnonPages:         16360 kB
Node 1 Shmem:               736 kB
Node 1 KernelStack:        2792 kB
Node 1 PageTables:          544 kB
Node 1 NFS_Unstable:          0 kB
Node 1 Bounce:                0 kB
Node 1 WritebackTmp:          0 kB
Node 1 KReclaimable:      22844 kB
Node 1 Slab:              84596 kB
Node 1 SReclaimable:      22844 kB
Node 1 SUnreclaim:        61752 kB
Node 1 AnonHugePages:         0 kB
Node 1 ShmemHugePages:        0 kB
Node 1 ShmemPmdMapped:        0 kB
Node 1 FileHugePages:        0 kB
Node 1 FilePmdMapped:        0 kB
Node 1 HugePages_Total:     0
Node 1 HugePages_Free:      0
Node 1 HugePages_Surp:      0

U.1.8Mfio.4G.2.O Complete!
