U.1.4Mfio.4G.2.O
Begin
Node 0 MemTotal:       24743736 kB
Node 0 MemFree:        24264504 kB
Node 0 MemUsed:          479232 kB
Node 0 Active:            73268 kB
Node 0 Inactive:         108868 kB
Node 0 Active(anon):      22564 kB
Node 0 Inactive(anon):      308 kB
Node 0 Active(file):      50704 kB
Node 0 Inactive(file):   108560 kB
Node 0 Unevictable:       18024 kB
Node 0 Mlocked:           18024 kB
Node 0 Dirty:               416 kB
Node 0 Writeback:             0 kB
Node 0 FilePages:        167464 kB
Node 0 Mapped:            67148 kB
Node 0 AnonPages:         32752 kB
Node 0 Shmem:               488 kB
Node 0 KernelStack:        1848 kB
Node 0 PageTables:          936 kB
Node 0 NFS_Unstable:          0 kB
Node 0 Bounce:                0 kB
Node 0 WritebackTmp:          0 kB
Node 0 KReclaimable:      19440 kB
Node 0 Slab:              55152 kB
Node 0 SReclaimable:      19440 kB
Node 0 SUnreclaim:        35712 kB
Node 0 AnonHugePages:         0 kB
Node 0 ShmemHugePages:        0 kB
Node 0 ShmemPmdMapped:        0 kB
Node 0 FileHugePages:        0 kB
Node 0 FilePmdMapped:        0 kB
Node 0 HugePages_Total:     0
Node 0 HugePages_Free:      0
Node 0 HugePages_Surp:      0

Node 1 MemTotal:       24686196 kB
Node 1 MemFree:        24511048 kB
Node 1 MemUsed:          175148 kB
Node 1 Active:            24264 kB
Node 1 Inactive:          22828 kB
Node 1 Active(anon):      11520 kB
Node 1 Inactive(anon):      564 kB
Node 1 Active(file):      12744 kB
Node 1 Inactive(file):    22264 kB
Node 1 Unevictable:         496 kB
Node 1 Mlocked:             496 kB
Node 1 Dirty:                 0 kB
Node 1 Writeback:             0 kB
Node 1 FilePages:         36296 kB
Node 1 Mapped:            11196 kB
Node 1 AnonPages:         11344 kB
Node 1 Shmem:               780 kB
Node 1 KernelStack:        1832 kB
Node 1 PageTables:          312 kB
Node 1 NFS_Unstable:          0 kB
Node 1 Bounce:                0 kB
Node 1 WritebackTmp:          0 kB
Node 1 KReclaimable:      22636 kB
Node 1 Slab:              50952 kB
Node 1 SReclaimable:      22636 kB
Node 1 SUnreclaim:        28316 kB
Node 1 AnonHugePages:         0 kB
Node 1 ShmemHugePages:        0 kB
Node 1 ShmemPmdMapped:        0 kB
Node 1 FileHugePages:        0 kB
Node 1 FilePmdMapped:        0 kB
Node 1 HugePages_Total:     0
Node 1 HugePages_Free:      0
Node 1 HugePages_Surp:      0

Load ZFS
Node 0 MemTotal:       24743736 kB
Node 0 MemFree:        24393320 kB
Node 0 MemUsed:          350416 kB
Node 0 Active:            82864 kB
Node 0 Inactive:         104420 kB
Node 0 Active(anon):      26572 kB
Node 0 Inactive(anon):      308 kB
Node 0 Active(file):      56292 kB
Node 0 Inactive(file):   104112 kB
Node 0 Unevictable:       18024 kB
Node 0 Mlocked:           18024 kB
Node 0 Dirty:               508 kB
Node 0 Writeback:             0 kB
Node 0 FilePages:        168588 kB
Node 0 Mapped:            67308 kB
Node 0 AnonPages:         36892 kB
Node 0 Shmem:               488 kB
Node 0 KernelStack:        1880 kB
Node 0 PageTables:         1152 kB
Node 0 NFS_Unstable:          0 kB
Node 0 Bounce:                0 kB
Node 0 WritebackTmp:          0 kB
Node 0 KReclaimable:      19916 kB
Node 0 Slab:              57000 kB
Node 0 SReclaimable:      19916 kB
Node 0 SUnreclaim:        37084 kB
Node 0 AnonHugePages:         0 kB
Node 0 ShmemHugePages:        0 kB
Node 0 ShmemPmdMapped:        0 kB
Node 0 FileHugePages:        0 kB
Node 0 FilePmdMapped:        0 kB
Node 0 HugePages_Total:     0
Node 0 HugePages_Free:      0
Node 0 HugePages_Surp:      0

Node 1 MemTotal:       24686196 kB
Node 1 MemFree:        24370444 kB
Node 1 MemUsed:          315752 kB
Node 1 Active:            25576 kB
Node 1 Inactive:          23300 kB
Node 1 Active(anon):      11880 kB
Node 1 Inactive(anon):      564 kB
Node 1 Active(file):      13696 kB
Node 1 Inactive(file):    22736 kB
Node 1 Unevictable:         496 kB
Node 1 Mlocked:             496 kB
Node 1 Dirty:                16 kB
Node 1 Writeback:             0 kB
Node 1 FilePages:         37708 kB
Node 1 Mapped:            11196 kB
Node 1 AnonPages:         11556 kB
Node 1 Shmem:               780 kB
Node 1 KernelStack:        1912 kB
Node 1 PageTables:          356 kB
Node 1 NFS_Unstable:          0 kB
Node 1 Bounce:                0 kB
Node 1 WritebackTmp:          0 kB
Node 1 KReclaimable:      23068 kB
Node 1 Slab:              53284 kB
Node 1 SReclaimable:      23068 kB
Node 1 SUnreclaim:        30216 kB
Node 1 AnonHugePages:         0 kB
Node 1 ShmemHugePages:        0 kB
Node 1 ShmemPmdMapped:        0 kB
Node 1 FileHugePages:        0 kB
Node 1 FilePmdMapped:        0 kB
Node 1 HugePages_Total:     0
Node 1 HugePages_Free:      0
Node 1 HugePages_Surp:      0

Import tank ZPool
Node 0 MemTotal:       24743736 kB
Node 0 MemFree:        24394328 kB
Node 0 MemUsed:          349408 kB
Node 0 Active:            83132 kB
Node 0 Inactive:         104352 kB
Node 0 Active(anon):      26748 kB
Node 0 Inactive(anon):      308 kB
Node 0 Active(file):      56384 kB
Node 0 Inactive(file):   104044 kB
Node 0 Unevictable:       18024 kB
Node 0 Mlocked:           18024 kB
Node 0 Dirty:               184 kB
Node 0 Writeback:             0 kB
Node 0 FilePages:        168640 kB
Node 0 Mapped:            67432 kB
Node 0 AnonPages:         36932 kB
Node 0 Shmem:               484 kB
Node 0 KernelStack:        1896 kB
Node 0 PageTables:         1152 kB
Node 0 NFS_Unstable:          0 kB
Node 0 Bounce:                0 kB
Node 0 WritebackTmp:          0 kB
Node 0 KReclaimable:      19916 kB
Node 0 Slab:              57000 kB
Node 0 SReclaimable:      19916 kB
Node 0 SUnreclaim:        37084 kB
Node 0 AnonHugePages:         0 kB
Node 0 ShmemHugePages:        0 kB
Node 0 ShmemPmdMapped:        0 kB
Node 0 FileHugePages:        0 kB
Node 0 FilePmdMapped:        0 kB
Node 0 HugePages_Total:     0
Node 0 HugePages_Free:      0
Node 0 HugePages_Surp:      0

Node 1 MemTotal:       24686196 kB
Node 1 MemFree:        24350412 kB
Node 1 MemUsed:          335784 kB
Node 1 Active:            26236 kB
Node 1 Inactive:          24492 kB
Node 1 Active(anon):      12208 kB
Node 1 Inactive(anon):      568 kB
Node 1 Active(file):      14028 kB
Node 1 Inactive(file):    23924 kB
Node 1 Unevictable:         496 kB
Node 1 Mlocked:             496 kB
Node 1 Dirty:                24 kB
Node 1 Writeback:             0 kB
Node 1 FilePages:         39236 kB
Node 1 Mapped:            11456 kB
Node 1 AnonPages:         11636 kB
Node 1 Shmem:               784 kB
Node 1 KernelStack:        3016 kB
Node 1 PageTables:          452 kB
Node 1 NFS_Unstable:          0 kB
Node 1 Bounce:                0 kB
Node 1 WritebackTmp:          0 kB
Node 1 KReclaimable:      23204 kB
Node 1 Slab:              60600 kB
Node 1 SReclaimable:      23204 kB
Node 1 SUnreclaim:        37396 kB
Node 1 AnonHugePages:         0 kB
Node 1 ShmemHugePages:        0 kB
Node 1 ShmemPmdMapped:        0 kB
Node 1 FileHugePages:        0 kB
Node 1 FilePmdMapped:        0 kB
Node 1 HugePages_Total:     0
Node 1 HugePages_Free:      0
Node 1 HugePages_Surp:      0

After Test
Node 0 MemTotal:       24743736 kB
Node 0 MemFree:        23937408 kB
Node 0 MemUsed:          806328 kB
Node 0 Active:            78056 kB
Node 0 Inactive:         104316 kB
Node 0 Active(anon):      21556 kB
Node 0 Inactive(anon):      308 kB
Node 0 Active(file):      56500 kB
Node 0 Inactive(file):   104008 kB
Node 0 Unevictable:       18024 kB
Node 0 Mlocked:           18024 kB
Node 0 Dirty:                28 kB
Node 0 Writeback:             0 kB
Node 0 FilePages:        168688 kB
Node 0 Mapped:            67148 kB
Node 0 AnonPages:         31704 kB
Node 0 Shmem:               484 kB
Node 0 KernelStack:        1704 kB
Node 0 PageTables:          828 kB
Node 0 NFS_Unstable:          0 kB
Node 0 Bounce:                0 kB
Node 0 WritebackTmp:          0 kB
Node 0 KReclaimable:      19932 kB
Node 0 Slab:              58896 kB
Node 0 SReclaimable:      19932 kB
Node 0 SUnreclaim:        38964 kB
Node 0 AnonHugePages:         0 kB
Node 0 ShmemHugePages:        0 kB
Node 0 ShmemPmdMapped:        0 kB
Node 0 FileHugePages:        0 kB
Node 0 FilePmdMapped:        0 kB
Node 0 HugePages_Total:     0
Node 0 HugePages_Free:      0
Node 0 HugePages_Surp:      0

Node 1 MemTotal:       24686196 kB
Node 1 MemFree:        19768236 kB
Node 1 MemUsed:         4917960 kB
Node 1 Active:            26572 kB
Node 1 Inactive:          25432 kB
Node 1 Active(anon):      11480 kB
Node 1 Inactive(anon):      592 kB
Node 1 Active(file):      15092 kB
Node 1 Inactive(file):    24840 kB
Node 1 Unevictable:         496 kB
Node 1 Mlocked:             496 kB
Node 1 Dirty:                 0 kB
Node 1 Writeback:             0 kB
Node 1 FilePages:         41256 kB
Node 1 Mapped:            11476 kB
Node 1 AnonPages:         11168 kB
Node 1 Shmem:               828 kB
Node 1 KernelStack:        2936 kB
Node 1 PageTables:          444 kB
Node 1 NFS_Unstable:          0 kB
Node 1 Bounce:                0 kB
Node 1 WritebackTmp:          0 kB
Node 1 KReclaimable:      24620 kB
Node 1 Slab:              80592 kB
Node 1 SReclaimable:      24620 kB
Node 1 SUnreclaim:        55972 kB
Node 1 AnonHugePages:         0 kB
Node 1 ShmemHugePages:        0 kB
Node 1 ShmemPmdMapped:        0 kB
Node 1 FileHugePages:        0 kB
Node 1 FilePmdMapped:        0 kB
Node 1 HugePages_Total:     0
Node 1 HugePages_Free:      0
Node 1 HugePages_Surp:      0

After Opposite Node
Node 0 MemTotal:       24743736 kB
Node 0 MemFree:        23935308 kB
Node 0 MemUsed:          808428 kB
Node 0 Active:            78252 kB
Node 0 Inactive:         104348 kB
Node 0 Active(anon):      21728 kB
Node 0 Inactive(anon):      332 kB
Node 0 Active(file):      56524 kB
Node 0 Inactive(file):   104016 kB
Node 0 Unevictable:       18024 kB
Node 0 Mlocked:           18024 kB
Node 0 Dirty:                36 kB
Node 0 Writeback:             0 kB
Node 0 FilePages:        168764 kB
Node 0 Mapped:            67192 kB
Node 0 AnonPages:         31768 kB
Node 0 Shmem:               528 kB
Node 0 KernelStack:        1720 kB
Node 0 PageTables:          944 kB
Node 0 NFS_Unstable:          0 kB
Node 0 Bounce:                0 kB
Node 0 WritebackTmp:          0 kB
Node 0 KReclaimable:      20020 kB
Node 0 Slab:              59900 kB
Node 0 SReclaimable:      20020 kB
Node 0 SUnreclaim:        39880 kB
Node 0 AnonHugePages:         0 kB
Node 0 ShmemHugePages:        0 kB
Node 0 ShmemPmdMapped:        0 kB
Node 0 FileHugePages:        0 kB
Node 0 FilePmdMapped:        0 kB
Node 0 HugePages_Total:     0
Node 0 HugePages_Free:      0
Node 0 HugePages_Surp:      0

Node 1 MemTotal:       24686196 kB
Node 1 MemFree:        19771032 kB
Node 1 MemUsed:         4915164 kB
Node 1 Active:            26596 kB
Node 1 Inactive:          25252 kB
Node 1 Active(anon):      11328 kB
Node 1 Inactive(anon):      568 kB
Node 1 Active(file):      15268 kB
Node 1 Inactive(file):    24684 kB
Node 1 Unevictable:         496 kB
Node 1 Mlocked:             496 kB
Node 1 Dirty:                20 kB
Node 1 Writeback:             0 kB
Node 1 FilePages:         41232 kB
Node 1 Mapped:            11432 kB
Node 1 AnonPages:         11112 kB
Node 1 Shmem:               784 kB
Node 1 KernelStack:        2920 kB
Node 1 PageTables:          332 kB
Node 1 NFS_Unstable:          0 kB
Node 1 Bounce:                0 kB
Node 1 WritebackTmp:          0 kB
Node 1 KReclaimable:      24620 kB
Node 1 Slab:              80600 kB
Node 1 SReclaimable:      24620 kB
Node 1 SUnreclaim:        55980 kB
Node 1 AnonHugePages:         0 kB
Node 1 ShmemHugePages:        0 kB
Node 1 ShmemPmdMapped:        0 kB
Node 1 FileHugePages:        0 kB
Node 1 FilePmdMapped:        0 kB
Node 1 HugePages_Total:     0
Node 1 HugePages_Free:      0
Node 1 HugePages_Surp:      0

U.1.4Mfio.4G.2.O Complete!
