U.1.2Mfio.2G.1.O
Begin
Node 0 MemTotal:       24768352 kB
Node 0 MemFree:        24379572 kB
Node 0 MemUsed:          388780 kB
Node 0 Active:            48188 kB
Node 0 Inactive:          57984 kB
Node 0 Active(anon):      14732 kB
Node 0 Inactive(anon):      404 kB
Node 0 Active(file):      33456 kB
Node 0 Inactive(file):    57580 kB
Node 0 Unevictable:        5508 kB
Node 0 Mlocked:            5508 kB
Node 0 Dirty:               112 kB
Node 0 Writeback:             0 kB
Node 0 FilePages:         97176 kB
Node 0 Mapped:            25044 kB
Node 0 AnonPages:         14612 kB
Node 0 Shmem:               636 kB
Node 0 KernelStack:        2200 kB
Node 0 PageTables:          604 kB
Node 0 NFS_Unstable:          0 kB
Node 0 Bounce:                0 kB
Node 0 WritebackTmp:          0 kB
Node 0 KReclaimable:      21016 kB
Node 0 Slab:              59684 kB
Node 0 SReclaimable:      21016 kB
Node 0 SUnreclaim:        38668 kB
Node 0 AnonHugePages:         0 kB
Node 0 ShmemHugePages:        0 kB
Node 0 ShmemPmdMapped:        0 kB
Node 0 FileHugePages:        0 kB
Node 0 FilePmdMapped:        0 kB
Node 0 HugePages_Total:     0
Node 0 HugePages_Free:      0
Node 0 HugePages_Surp:      0

Node 1 MemTotal:       24661580 kB
Node 1 MemFree:        24432768 kB
Node 1 MemUsed:          228812 kB
Node 1 Active:            46456 kB
Node 1 Inactive:          38000 kB
Node 1 Active(anon):      18932 kB
Node 1 Inactive(anon):      468 kB
Node 1 Active(file):      27524 kB
Node 1 Inactive(file):    37532 kB
Node 1 Unevictable:       13016 kB
Node 1 Mlocked:           13016 kB
Node 1 Dirty:               400 kB
Node 1 Writeback:             0 kB
Node 1 FilePages:         68380 kB
Node 1 Mapped:            23952 kB
Node 1 AnonPages:         29112 kB
Node 1 Shmem:               632 kB
Node 1 KernelStack:        1448 kB
Node 1 PageTables:          484 kB
Node 1 NFS_Unstable:          0 kB
Node 1 Bounce:                0 kB
Node 1 WritebackTmp:          0 kB
Node 1 KReclaimable:      21396 kB
Node 1 Slab:              49024 kB
Node 1 SReclaimable:      21396 kB
Node 1 SUnreclaim:        27628 kB
Node 1 AnonHugePages:         0 kB
Node 1 ShmemHugePages:        0 kB
Node 1 ShmemPmdMapped:        0 kB
Node 1 FileHugePages:        0 kB
Node 1 FilePmdMapped:        0 kB
Node 1 HugePages_Total:     0
Node 1 HugePages_Free:      0
Node 1 HugePages_Surp:      0

Load ZFS
Node 0 MemTotal:       24768352 kB
Node 0 MemFree:        24506680 kB
Node 0 MemUsed:          261672 kB
Node 0 Active:            59152 kB
Node 0 Inactive:          53368 kB
Node 0 Active(anon):      20416 kB
Node 0 Inactive(anon):      404 kB
Node 0 Active(file):      38736 kB
Node 0 Inactive(file):    52964 kB
Node 0 Unevictable:        5508 kB
Node 0 Mlocked:            5508 kB
Node 0 Dirty:               112 kB
Node 0 Writeback:             0 kB
Node 0 FilePages:         97840 kB
Node 0 Mapped:            25204 kB
Node 0 AnonPages:         20256 kB
Node 0 Shmem:               636 kB
Node 0 KernelStack:        2296 kB
Node 0 PageTables:          964 kB
Node 0 NFS_Unstable:          0 kB
Node 0 Bounce:                0 kB
Node 0 WritebackTmp:          0 kB
Node 0 KReclaimable:      21524 kB
Node 0 Slab:              61352 kB
Node 0 SReclaimable:      21524 kB
Node 0 SUnreclaim:        39828 kB
Node 0 AnonHugePages:         0 kB
Node 0 ShmemHugePages:        0 kB
Node 0 ShmemPmdMapped:        0 kB
Node 0 FileHugePages:        0 kB
Node 0 FilePmdMapped:        0 kB
Node 0 HugePages_Total:     0
Node 0 HugePages_Free:      0
Node 0 HugePages_Surp:      0

Node 1 MemTotal:       24661580 kB
Node 1 MemFree:        24291432 kB
Node 1 MemUsed:          370148 kB
Node 1 Active:            49324 kB
Node 1 Inactive:          38608 kB
Node 1 Active(anon):      20540 kB
Node 1 Inactive(anon):      468 kB
Node 1 Active(file):      28784 kB
Node 1 Inactive(file):    38140 kB
Node 1 Unevictable:       13016 kB
Node 1 Mlocked:           13016 kB
Node 1 Dirty:               428 kB
Node 1 Writeback:             0 kB
Node 1 FilePages:         70244 kB
Node 1 Mapped:            23960 kB
Node 1 AnonPages:         30680 kB
Node 1 Shmem:               632 kB
Node 1 KernelStack:        1512 kB
Node 1 PageTables:          576 kB
Node 1 NFS_Unstable:          0 kB
Node 1 Bounce:                0 kB
Node 1 WritebackTmp:          0 kB
Node 1 KReclaimable:      21836 kB
Node 1 Slab:              51452 kB
Node 1 SReclaimable:      21836 kB
Node 1 SUnreclaim:        29616 kB
Node 1 AnonHugePages:         0 kB
Node 1 ShmemHugePages:        0 kB
Node 1 ShmemPmdMapped:        0 kB
Node 1 FileHugePages:        0 kB
Node 1 FilePmdMapped:        0 kB
Node 1 HugePages_Total:     0
Node 1 HugePages_Free:      0
Node 1 HugePages_Surp:      0

Import tank ZPool
Node 0 MemTotal:       24768352 kB
Node 0 MemFree:        24494660 kB
Node 0 MemUsed:          273692 kB
Node 0 Active:            52768 kB
Node 0 Inactive:          53336 kB
Node 0 Active(anon):      13976 kB
Node 0 Inactive(anon):      404 kB
Node 0 Active(file):      38792 kB
Node 0 Inactive(file):    52932 kB
Node 0 Unevictable:        5508 kB
Node 0 Mlocked:            5508 kB
Node 0 Dirty:                40 kB
Node 0 Writeback:             0 kB
Node 0 FilePages:         97860 kB
Node 0 Mapped:            25292 kB
Node 0 AnonPages:         13748 kB
Node 0 Shmem:               632 kB
Node 0 KernelStack:        3240 kB
Node 0 PageTables:          532 kB
Node 0 NFS_Unstable:          0 kB
Node 0 Bounce:                0 kB
Node 0 WritebackTmp:          0 kB
Node 0 KReclaimable:      21528 kB
Node 0 Slab:              63724 kB
Node 0 SReclaimable:      21528 kB
Node 0 SUnreclaim:        42196 kB
Node 0 AnonHugePages:         0 kB
Node 0 ShmemHugePages:        0 kB
Node 0 ShmemPmdMapped:        0 kB
Node 0 FileHugePages:        0 kB
Node 0 FilePmdMapped:        0 kB
Node 0 HugePages_Total:     0
Node 0 HugePages_Free:      0
Node 0 HugePages_Surp:      0

Node 1 MemTotal:       24661580 kB
Node 1 MemFree:        24284664 kB
Node 1 MemUsed:          376916 kB
Node 1 Active:            48428 kB
Node 1 Inactive:          39760 kB
Node 1 Active(anon):      19308 kB
Node 1 Inactive(anon):      472 kB
Node 1 Active(file):      29120 kB
Node 1 Inactive(file):    39288 kB
Node 1 Unevictable:       13016 kB
Node 1 Mlocked:           13016 kB
Node 1 Dirty:               224 kB
Node 1 Writeback:             0 kB
Node 1 FilePages:         71736 kB
Node 1 Mapped:            23988 kB
Node 1 AnonPages:         29324 kB
Node 1 Shmem:               636 kB
Node 1 KernelStack:        1544 kB
Node 1 PageTables:          616 kB
Node 1 NFS_Unstable:          0 kB
Node 1 Bounce:                0 kB
Node 1 WritebackTmp:          0 kB
Node 1 KReclaimable:      21936 kB
Node 1 Slab:              56596 kB
Node 1 SReclaimable:      21936 kB
Node 1 SUnreclaim:        34660 kB
Node 1 AnonHugePages:         0 kB
Node 1 ShmemHugePages:        0 kB
Node 1 ShmemPmdMapped:        0 kB
Node 1 FileHugePages:        0 kB
Node 1 FilePmdMapped:        0 kB
Node 1 HugePages_Total:     0
Node 1 HugePages_Free:      0
Node 1 HugePages_Surp:      0

After Test
Node 0 MemTotal:       24768352 kB
Node 0 MemFree:        23976664 kB
Node 0 MemUsed:          791688 kB
Node 0 Active:            52776 kB
Node 0 Inactive:          53324 kB
Node 0 Active(anon):      13972 kB
Node 0 Inactive(anon):      404 kB
Node 0 Active(file):      38804 kB
Node 0 Inactive(file):    52920 kB
Node 0 Unevictable:        5508 kB
Node 0 Mlocked:            5508 kB
Node 0 Dirty:                12 kB
Node 0 Writeback:             0 kB
Node 0 FilePages:         97860 kB
Node 0 Mapped:            25044 kB
Node 0 AnonPages:         13744 kB
Node 0 Shmem:               632 kB
Node 0 KernelStack:        3192 kB
Node 0 PageTables:          532 kB
Node 0 NFS_Unstable:          0 kB
Node 0 Bounce:                0 kB
Node 0 WritebackTmp:          0 kB
Node 0 KReclaimable:      21584 kB
Node 0 Slab:              65808 kB
Node 0 SReclaimable:      21584 kB
Node 0 SUnreclaim:        44224 kB
Node 0 AnonHugePages:         0 kB
Node 0 ShmemHugePages:        0 kB
Node 0 ShmemPmdMapped:        0 kB
Node 0 FileHugePages:        0 kB
Node 0 FilePmdMapped:        0 kB
Node 0 HugePages_Total:     0
Node 0 HugePages_Free:      0
Node 0 HugePages_Surp:      0

Node 1 MemTotal:       24661580 kB
Node 1 MemFree:        21869140 kB
Node 1 MemUsed:         2792440 kB
Node 1 Active:            49112 kB
Node 1 Inactive:          40768 kB
Node 1 Active(anon):      18884 kB
Node 1 Inactive(anon):      496 kB
Node 1 Active(file):      30228 kB
Node 1 Inactive(file):    40272 kB
Node 1 Unevictable:       13016 kB
Node 1 Mlocked:           13016 kB
Node 1 Dirty:                16 kB
Node 1 Writeback:             0 kB
Node 1 FilePages:         73868 kB
Node 1 Mapped:            24212 kB
Node 1 AnonPages:         28948 kB
Node 1 Shmem:               680 kB
Node 1 KernelStack:        1496 kB
Node 1 PageTables:          624 kB
Node 1 NFS_Unstable:          0 kB
Node 1 Bounce:                0 kB
Node 1 WritebackTmp:          0 kB
Node 1 KReclaimable:      23224 kB
Node 1 Slab:              69412 kB
Node 1 SReclaimable:      23224 kB
Node 1 SUnreclaim:        46188 kB
Node 1 AnonHugePages:         0 kB
Node 1 ShmemHugePages:        0 kB
Node 1 ShmemPmdMapped:        0 kB
Node 1 FileHugePages:        0 kB
Node 1 FilePmdMapped:        0 kB
Node 1 HugePages_Total:     0
Node 1 HugePages_Free:      0
Node 1 HugePages_Surp:      0

After Opposite Node
Node 0 MemTotal:       24768352 kB
Node 0 MemFree:        23974968 kB
Node 0 MemUsed:          793384 kB
Node 0 Active:            52960 kB
Node 0 Inactive:          53384 kB
Node 0 Active(anon):      14128 kB
Node 0 Inactive(anon):      432 kB
Node 0 Active(file):      38832 kB
Node 0 Inactive(file):    52952 kB
Node 0 Unevictable:        5508 kB
Node 0 Mlocked:            5508 kB
Node 0 Dirty:                12 kB
Node 0 Writeback:             0 kB
Node 0 FilePages:         97964 kB
Node 0 Mapped:            25088 kB
Node 0 AnonPages:         13792 kB
Node 0 Shmem:               676 kB
Node 0 KernelStack:        3208 kB
Node 0 PageTables:          644 kB
Node 0 NFS_Unstable:          0 kB
Node 0 Bounce:                0 kB
Node 0 WritebackTmp:          0 kB
Node 0 KReclaimable:      21616 kB
Node 0 Slab:              66608 kB
Node 0 SReclaimable:      21616 kB
Node 0 SUnreclaim:        44992 kB
Node 0 AnonHugePages:         0 kB
Node 0 ShmemHugePages:        0 kB
Node 0 ShmemPmdMapped:        0 kB
Node 0 FileHugePages:        0 kB
Node 0 FilePmdMapped:        0 kB
Node 0 HugePages_Total:     0
Node 0 HugePages_Free:      0
Node 0 HugePages_Surp:      0

Node 1 MemTotal:       24661580 kB
Node 1 MemFree:        21869724 kB
Node 1 MemUsed:         2791856 kB
Node 1 Active:            49156 kB
Node 1 Inactive:          40572 kB
Node 1 Active(anon):      18736 kB
Node 1 Inactive(anon):      472 kB
Node 1 Active(file):      30420 kB
Node 1 Inactive(file):    40100 kB
Node 1 Unevictable:       13016 kB
Node 1 Mlocked:           13016 kB
Node 1 Dirty:                28 kB
Node 1 Writeback:             0 kB
Node 1 FilePages:         73844 kB
Node 1 Mapped:            24196 kB
Node 1 AnonPages:         28900 kB
Node 1 Shmem:               636 kB
Node 1 KernelStack:        1464 kB
Node 1 PageTables:          512 kB
Node 1 NFS_Unstable:          0 kB
Node 1 Bounce:                0 kB
Node 1 WritebackTmp:          0 kB
Node 1 KReclaimable:      23240 kB
Node 1 Slab:              69420 kB
Node 1 SReclaimable:      23240 kB
Node 1 SUnreclaim:        46180 kB
Node 1 AnonHugePages:         0 kB
Node 1 ShmemHugePages:        0 kB
Node 1 ShmemPmdMapped:        0 kB
Node 1 FileHugePages:        0 kB
Node 1 FilePmdMapped:        0 kB
Node 1 HugePages_Total:     0
Node 1 HugePages_Free:      0
Node 1 HugePages_Surp:      0

U.1.2Mfio.2G.1.O Complete!
