U.1.8Mfio.2G.1.O
Begin
Node 0 MemTotal:       24743736 kB
Node 0 MemFree:        24307860 kB
Node 0 MemUsed:          435876 kB
Node 0 Active:            56068 kB
Node 0 Inactive:          94020 kB
Node 0 Active(anon):       9996 kB
Node 0 Inactive(anon):      632 kB
Node 0 Active(file):      46072 kB
Node 0 Inactive(file):    93388 kB
Node 0 Unevictable:        5920 kB
Node 0 Mlocked:            5920 kB
Node 0 Dirty:               392 kB
Node 0 Writeback:             0 kB
Node 0 FilePages:        146240 kB
Node 0 Mapped:            46744 kB
Node 0 AnonPages:          9768 kB
Node 0 Shmem:               860 kB
Node 0 KernelStack:        2056 kB
Node 0 PageTables:          328 kB
Node 0 NFS_Unstable:          0 kB
Node 0 Bounce:                0 kB
Node 0 WritebackTmp:          0 kB
Node 0 KReclaimable:      22500 kB
Node 0 Slab:              55132 kB
Node 0 SReclaimable:      22500 kB
Node 0 SUnreclaim:        32632 kB
Node 0 AnonHugePages:         0 kB
Node 0 ShmemHugePages:        0 kB
Node 0 ShmemPmdMapped:        0 kB
Node 0 FileHugePages:        0 kB
Node 0 FilePmdMapped:        0 kB
Node 0 HugePages_Total:     0
Node 0 HugePages_Free:      0
Node 0 HugePages_Surp:      0

Node 1 MemTotal:       24686196 kB
Node 1 MemFree:        24450436 kB
Node 1 MemUsed:          235760 kB
Node 1 Active:            42380 kB
Node 1 Inactive:          51316 kB
Node 1 Active(anon):      23992 kB
Node 1 Inactive(anon):      252 kB
Node 1 Active(file):      18388 kB
Node 1 Inactive(file):    51064 kB
Node 1 Unevictable:       12604 kB
Node 1 Mlocked:           12604 kB
Node 1 Dirty:                40 kB
Node 1 Writeback:             0 kB
Node 1 FilePages:         72572 kB
Node 1 Mapped:            43404 kB
Node 1 AnonPages:         34176 kB
Node 1 Shmem:               408 kB
Node 1 KernelStack:        1448 kB
Node 1 PageTables:          876 kB
Node 1 NFS_Unstable:          0 kB
Node 1 Bounce:                0 kB
Node 1 WritebackTmp:          0 kB
Node 1 KReclaimable:      19912 kB
Node 1 Slab:              52424 kB
Node 1 SReclaimable:      19912 kB
Node 1 SUnreclaim:        32512 kB
Node 1 AnonHugePages:         0 kB
Node 1 ShmemHugePages:        0 kB
Node 1 ShmemPmdMapped:        0 kB
Node 1 FileHugePages:        0 kB
Node 1 FilePmdMapped:        0 kB
Node 1 HugePages_Total:     0
Node 1 HugePages_Free:      0
Node 1 HugePages_Surp:      0

Load ZFS
Node 0 MemTotal:       24743736 kB
Node 0 MemFree:        24437164 kB
Node 0 MemUsed:          306572 kB
Node 0 Active:            66516 kB
Node 0 Inactive:          89400 kB
Node 0 Active(anon):      14856 kB
Node 0 Inactive(anon):      632 kB
Node 0 Active(file):      51660 kB
Node 0 Inactive(file):    88768 kB
Node 0 Unevictable:        5920 kB
Node 0 Mlocked:            5920 kB
Node 0 Dirty:               408 kB
Node 0 Writeback:             0 kB
Node 0 FilePages:        147204 kB
Node 0 Mapped:            46868 kB
Node 0 AnonPages:         14788 kB
Node 0 Shmem:               860 kB
Node 0 KernelStack:        2264 kB
Node 0 PageTables:          688 kB
Node 0 NFS_Unstable:          0 kB
Node 0 Bounce:                0 kB
Node 0 WritebackTmp:          0 kB
Node 0 KReclaimable:      22996 kB
Node 0 Slab:              56884 kB
Node 0 SReclaimable:      22996 kB
Node 0 SUnreclaim:        33888 kB
Node 0 AnonHugePages:         0 kB
Node 0 ShmemHugePages:        0 kB
Node 0 ShmemPmdMapped:        0 kB
Node 0 FileHugePages:        0 kB
Node 0 FilePmdMapped:        0 kB
Node 0 HugePages_Total:     0
Node 0 HugePages_Free:      0
Node 0 HugePages_Surp:      0

Node 1 MemTotal:       24686196 kB
Node 1 MemFree:        24308864 kB
Node 1 MemUsed:          377332 kB
Node 1 Active:            43836 kB
Node 1 Inactive:          51948 kB
Node 1 Active(anon):      24088 kB
Node 1 Inactive(anon):      256 kB
Node 1 Active(file):      19748 kB
Node 1 Inactive(file):    51692 kB
Node 1 Unevictable:       12604 kB
Node 1 Mlocked:           12604 kB
Node 1 Dirty:                88 kB
Node 1 Writeback:             0 kB
Node 1 FilePages:         74124 kB
Node 1 Mapped:            43376 kB
Node 1 AnonPages:         34160 kB
Node 1 Shmem:               408 kB
Node 1 KernelStack:        1432 kB
Node 1 PageTables:          932 kB
Node 1 NFS_Unstable:          0 kB
Node 1 Bounce:                0 kB
Node 1 WritebackTmp:          0 kB
Node 1 KReclaimable:      20488 kB
Node 1 Slab:              54964 kB
Node 1 SReclaimable:      20488 kB
Node 1 SUnreclaim:        34476 kB
Node 1 AnonHugePages:         0 kB
Node 1 ShmemHugePages:        0 kB
Node 1 ShmemPmdMapped:        0 kB
Node 1 FileHugePages:        0 kB
Node 1 FilePmdMapped:        0 kB
Node 1 HugePages_Total:     0
Node 1 HugePages_Free:      0
Node 1 HugePages_Surp:      0

Import tank ZPool
Node 0 MemTotal:       24743736 kB
Node 0 MemFree:        24416444 kB
Node 0 MemUsed:          327292 kB
Node 0 Active:            67424 kB
Node 0 Inactive:          90296 kB
Node 0 Active(anon):      15384 kB
Node 0 Inactive(anon):      636 kB
Node 0 Active(file):      52040 kB
Node 0 Inactive(file):    89660 kB
Node 0 Unevictable:        5920 kB
Node 0 Mlocked:            5920 kB
Node 0 Dirty:                92 kB
Node 0 Writeback:             0 kB
Node 0 FilePages:        148520 kB
Node 0 Mapped:            46988 kB
Node 0 AnonPages:         15232 kB
Node 0 Shmem:               860 kB
Node 0 KernelStack:        3384 kB
Node 0 PageTables:          788 kB
Node 0 NFS_Unstable:          0 kB
Node 0 Bounce:                0 kB
Node 0 WritebackTmp:          0 kB
Node 0 KReclaimable:      23096 kB
Node 0 Slab:              63876 kB
Node 0 SReclaimable:      23096 kB
Node 0 SUnreclaim:        40780 kB
Node 0 AnonHugePages:         0 kB
Node 0 ShmemHugePages:        0 kB
Node 0 ShmemPmdMapped:        0 kB
Node 0 FileHugePages:        0 kB
Node 0 FilePmdMapped:        0 kB
Node 0 HugePages_Total:     0
Node 0 HugePages_Free:      0
Node 0 HugePages_Surp:      0

Node 1 MemTotal:       24686196 kB
Node 1 MemFree:        24309856 kB
Node 1 MemUsed:          376340 kB
Node 1 Active:            43796 kB
Node 1 Inactive:          52188 kB
Node 1 Active(anon):      24044 kB
Node 1 Inactive(anon):      256 kB
Node 1 Active(file):      19752 kB
Node 1 Inactive(file):    51932 kB
Node 1 Unevictable:       12604 kB
Node 1 Mlocked:           12604 kB
Node 1 Dirty:               112 kB
Node 1 Writeback:             0 kB
Node 1 FilePages:         74396 kB
Node 1 Mapped:            43612 kB
Node 1 AnonPages:         34272 kB
Node 1 Shmem:               408 kB
Node 1 KernelStack:        1432 kB
Node 1 PageTables:          916 kB
Node 1 NFS_Unstable:          0 kB
Node 1 Bounce:                0 kB
Node 1 WritebackTmp:          0 kB
Node 1 KReclaimable:      20488 kB
Node 1 Slab:              55012 kB
Node 1 SReclaimable:      20488 kB
Node 1 SUnreclaim:        34524 kB
Node 1 AnonHugePages:         0 kB
Node 1 ShmemHugePages:        0 kB
Node 1 ShmemPmdMapped:        0 kB
Node 1 FileHugePages:        0 kB
Node 1 FilePmdMapped:        0 kB
Node 1 HugePages_Total:     0
Node 1 HugePages_Free:      0
Node 1 HugePages_Surp:      0

After Test
Node 0 MemTotal:       24743736 kB
Node 0 MemFree:        23892324 kB
Node 0 MemUsed:          851412 kB
Node 0 Active:            61752 kB
Node 0 Inactive:          90028 kB
Node 0 Active(anon):       9376 kB
Node 0 Inactive(anon):      636 kB
Node 0 Active(file):      52376 kB
Node 0 Inactive(file):    89392 kB
Node 0 Unevictable:        5920 kB
Node 0 Mlocked:            5920 kB
Node 0 Dirty:                16 kB
Node 0 Writeback:             0 kB
Node 0 FilePages:        148544 kB
Node 0 Mapped:            46708 kB
Node 0 AnonPages:          9152 kB
Node 0 Shmem:               860 kB
Node 0 KernelStack:        3288 kB
Node 0 PageTables:          328 kB
Node 0 NFS_Unstable:          0 kB
Node 0 Bounce:                0 kB
Node 0 WritebackTmp:          0 kB
Node 0 KReclaimable:      23032 kB
Node 0 Slab:              65504 kB
Node 0 SReclaimable:      23032 kB
Node 0 SUnreclaim:        42472 kB
Node 0 AnonHugePages:         0 kB
Node 0 ShmemHugePages:        0 kB
Node 0 ShmemPmdMapped:        0 kB
Node 0 FileHugePages:        0 kB
Node 0 FilePmdMapped:        0 kB
Node 0 HugePages_Total:     0
Node 0 HugePages_Free:      0
Node 0 HugePages_Surp:      0

Node 1 MemTotal:       24686196 kB
Node 1 MemFree:        21902204 kB
Node 1 MemUsed:         2783992 kB
Node 1 Active:            43944 kB
Node 1 Inactive:          53448 kB
Node 1 Active(anon):      23424 kB
Node 1 Inactive(anon):      292 kB
Node 1 Active(file):      20520 kB
Node 1 Inactive(file):    53156 kB
Node 1 Unevictable:       12604 kB
Node 1 Mlocked:           12604 kB
Node 1 Dirty:                 8 kB
Node 1 Writeback:             0 kB
Node 1 FilePages:         76404 kB
Node 1 Mapped:            43620 kB
Node 1 AnonPages:         33420 kB
Node 1 Shmem:               452 kB
Node 1 KernelStack:        1352 kB
Node 1 PageTables:         1072 kB
Node 1 NFS_Unstable:          0 kB
Node 1 Bounce:                0 kB
Node 1 WritebackTmp:          0 kB
Node 1 KReclaimable:      21856 kB
Node 1 Slab:              68468 kB
Node 1 SReclaimable:      21856 kB
Node 1 SUnreclaim:        46612 kB
Node 1 AnonHugePages:         0 kB
Node 1 ShmemHugePages:        0 kB
Node 1 ShmemPmdMapped:        0 kB
Node 1 FileHugePages:        0 kB
Node 1 FilePmdMapped:        0 kB
Node 1 HugePages_Total:     0
Node 1 HugePages_Free:      0
Node 1 HugePages_Surp:      0

After Opposite Node
Node 0 MemTotal:       24743736 kB
Node 0 MemFree:        23892484 kB
Node 0 MemUsed:          851252 kB
Node 0 Active:            61904 kB
Node 0 Inactive:          90064 kB
Node 0 Active(anon):       9524 kB
Node 0 Inactive(anon):      664 kB
Node 0 Active(file):      52380 kB
Node 0 Inactive(file):    89400 kB
Node 0 Unevictable:        5920 kB
Node 0 Mlocked:            5920 kB
Node 0 Dirty:                16 kB
Node 0 Writeback:             0 kB
Node 0 FilePages:        148600 kB
Node 0 Mapped:            46752 kB
Node 0 AnonPages:          9192 kB
Node 0 Shmem:               904 kB
Node 0 KernelStack:        3224 kB
Node 0 PageTables:          440 kB
Node 0 NFS_Unstable:          0 kB
Node 0 Bounce:                0 kB
Node 0 WritebackTmp:          0 kB
Node 0 KReclaimable:      23064 kB
Node 0 Slab:              66292 kB
Node 0 SReclaimable:      23064 kB
Node 0 SUnreclaim:        43228 kB
Node 0 AnonHugePages:         0 kB
Node 0 ShmemHugePages:        0 kB
Node 0 ShmemPmdMapped:        0 kB
Node 0 FileHugePages:        0 kB
Node 0 FilePmdMapped:        0 kB
Node 0 HugePages_Total:     0
Node 0 HugePages_Free:      0
Node 0 HugePages_Surp:      0

Node 1 MemTotal:       24686196 kB
Node 1 MemFree:        21904848 kB
Node 1 MemUsed:         2781348 kB
Node 1 Active:            43984 kB
Node 1 Inactive:          53280 kB
Node 1 Active(anon):      23252 kB
Node 1 Inactive(anon):      256 kB
Node 1 Active(file):      20732 kB
Node 1 Inactive(file):    53024 kB
Node 1 Unevictable:       12604 kB
Node 1 Mlocked:           12604 kB
Node 1 Dirty:                20 kB
Node 1 Writeback:             0 kB
Node 1 FilePages:         76440 kB
Node 1 Mapped:            43580 kB
Node 1 AnonPages:         33428 kB
Node 1 Shmem:               408 kB
Node 1 KernelStack:        1352 kB
Node 1 PageTables:          904 kB
Node 1 NFS_Unstable:          0 kB
Node 1 Bounce:                0 kB
Node 1 WritebackTmp:          0 kB
Node 1 KReclaimable:      21860 kB
Node 1 Slab:              68484 kB
Node 1 SReclaimable:      21860 kB
Node 1 SUnreclaim:        46624 kB
Node 1 AnonHugePages:         0 kB
Node 1 ShmemHugePages:        0 kB
Node 1 ShmemPmdMapped:        0 kB
Node 1 FileHugePages:        0 kB
Node 1 FilePmdMapped:        0 kB
Node 1 HugePages_Total:     0
Node 1 HugePages_Free:      0
Node 1 HugePages_Surp:      0

U.1.8Mfio.2G.1.O Complete!
