U.1.2Mfio.4G.1.O
Begin
Node 0 MemTotal:       24743736 kB
Node 0 MemFree:        24357640 kB
Node 0 MemUsed:          386096 kB
Node 0 Active:            49100 kB
Node 0 Inactive:          59232 kB
Node 0 Active(anon):      27436 kB
Node 0 Inactive(anon):      472 kB
Node 0 Active(file):      21664 kB
Node 0 Inactive(file):    58760 kB
Node 0 Unevictable:        5512 kB
Node 0 Mlocked:            5512 kB
Node 0 Dirty:               124 kB
Node 0 Writeback:             0 kB
Node 0 FilePages:         86612 kB
Node 0 Mapped:            21576 kB
Node 0 AnonPages:         27292 kB
Node 0 Shmem:               672 kB
Node 0 KernelStack:        2088 kB
Node 0 PageTables:          684 kB
Node 0 NFS_Unstable:          0 kB
Node 0 Bounce:                0 kB
Node 0 WritebackTmp:          0 kB
Node 0 KReclaimable:      22508 kB
Node 0 Slab:              55608 kB
Node 0 SReclaimable:      22508 kB
Node 0 SUnreclaim:        33100 kB
Node 0 AnonHugePages:         0 kB
Node 0 ShmemHugePages:        0 kB
Node 0 ShmemPmdMapped:        0 kB
Node 0 FileHugePages:        0 kB
Node 0 FilePmdMapped:        0 kB
Node 0 HugePages_Total:     0
Node 0 HugePages_Free:      0
Node 0 HugePages_Surp:      0

Node 1 MemTotal:       24686196 kB
Node 1 MemFree:        24418168 kB
Node 1 MemUsed:          268028 kB
Node 1 Active:            45444 kB
Node 1 Inactive:          76460 kB
Node 1 Active(anon):       6384 kB
Node 1 Inactive(anon):      396 kB
Node 1 Active(file):      39060 kB
Node 1 Inactive(file):    76064 kB
Node 1 Unevictable:       13012 kB
Node 1 Mlocked:           13012 kB
Node 1 Dirty:               396 kB
Node 1 Writeback:             0 kB
Node 1 FilePages:        118404 kB
Node 1 Mapped:            56864 kB
Node 1 AnonPages:         16600 kB
Node 1 Shmem:               596 kB
Node 1 KernelStack:        1560 kB
Node 1 PageTables:          560 kB
Node 1 NFS_Unstable:          0 kB
Node 1 Bounce:                0 kB
Node 1 WritebackTmp:          0 kB
Node 1 KReclaimable:      19060 kB
Node 1 Slab:              49676 kB
Node 1 SReclaimable:      19060 kB
Node 1 SUnreclaim:        30616 kB
Node 1 AnonHugePages:         0 kB
Node 1 ShmemHugePages:        0 kB
Node 1 ShmemPmdMapped:        0 kB
Node 1 FileHugePages:        0 kB
Node 1 FilePmdMapped:        0 kB
Node 1 HugePages_Total:     0
Node 1 HugePages_Free:      0
Node 1 HugePages_Surp:      0

Load ZFS
Node 0 MemTotal:       24743736 kB
Node 0 MemFree:        24348280 kB
Node 0 MemUsed:          395456 kB
Node 0 Active:            52020 kB
Node 0 Inactive:          60048 kB
Node 0 Active(anon):      29188 kB
Node 0 Inactive(anon):      472 kB
Node 0 Active(file):      22832 kB
Node 0 Inactive(file):    59576 kB
Node 0 Unevictable:        5512 kB
Node 0 Mlocked:            5512 kB
Node 0 Dirty:               156 kB
Node 0 Writeback:             0 kB
Node 0 FilePages:         88588 kB
Node 0 Mapped:            21736 kB
Node 0 AnonPages:         28984 kB
Node 0 Shmem:               672 kB
Node 0 KernelStack:        2136 kB
Node 0 PageTables:          756 kB
Node 0 NFS_Unstable:          0 kB
Node 0 Bounce:                0 kB
Node 0 WritebackTmp:          0 kB
Node 0 KReclaimable:      22904 kB
Node 0 Slab:              57252 kB
Node 0 SReclaimable:      22904 kB
Node 0 SUnreclaim:        34348 kB
Node 0 AnonHugePages:         0 kB
Node 0 ShmemHugePages:        0 kB
Node 0 ShmemPmdMapped:        0 kB
Node 0 FileHugePages:        0 kB
Node 0 FilePmdMapped:        0 kB
Node 0 HugePages_Total:     0
Node 0 HugePages_Free:      0
Node 0 HugePages_Surp:      0

Node 1 MemTotal:       24686196 kB
Node 1 MemFree:        24417196 kB
Node 1 MemUsed:          269000 kB
Node 1 Active:            53308 kB
Node 1 Inactive:          71728 kB
Node 1 Active(anon):       8760 kB
Node 1 Inactive(anon):      396 kB
Node 1 Active(file):      44548 kB
Node 1 Inactive(file):    71332 kB
Node 1 Unevictable:       13012 kB
Node 1 Mlocked:           13012 kB
Node 1 Dirty:               204 kB
Node 1 Writeback:             0 kB
Node 1 FilePages:        119160 kB
Node 1 Mapped:            56856 kB
Node 1 AnonPages:         18976 kB
Node 1 Shmem:               596 kB
Node 1 KernelStack:        1592 kB
Node 1 PageTables:          732 kB
Node 1 NFS_Unstable:          0 kB
Node 1 Bounce:                0 kB
Node 1 WritebackTmp:          0 kB
Node 1 KReclaimable:      19492 kB
Node 1 Slab:              51508 kB
Node 1 SReclaimable:      19492 kB
Node 1 SUnreclaim:        32016 kB
Node 1 AnonHugePages:         0 kB
Node 1 ShmemHugePages:        0 kB
Node 1 ShmemPmdMapped:        0 kB
Node 1 FileHugePages:        0 kB
Node 1 FilePmdMapped:        0 kB
Node 1 HugePages_Total:     0
Node 1 HugePages_Free:      0
Node 1 HugePages_Surp:      0

Import tank ZPool
Node 0 MemTotal:       24743736 kB
Node 0 MemFree:        24341976 kB
Node 0 MemUsed:          401760 kB
Node 0 Active:            52664 kB
Node 0 Inactive:          61236 kB
Node 0 Active(anon):      29488 kB
Node 0 Inactive(anon):      476 kB
Node 0 Active(file):      23176 kB
Node 0 Inactive(file):    60760 kB
Node 0 Unevictable:        5512 kB
Node 0 Mlocked:            5512 kB
Node 0 Dirty:                64 kB
Node 0 Writeback:           112 kB
Node 0 FilePages:         90116 kB
Node 0 Mapped:            21744 kB
Node 0 AnonPages:         29368 kB
Node 0 Shmem:               672 kB
Node 0 KernelStack:        2200 kB
Node 0 PageTables:          840 kB
Node 0 NFS_Unstable:          0 kB
Node 0 Bounce:                0 kB
Node 0 WritebackTmp:          0 kB
Node 0 KReclaimable:      23028 kB
Node 0 Slab:              61844 kB
Node 0 SReclaimable:      23028 kB
Node 0 SUnreclaim:        38816 kB
Node 0 AnonHugePages:         0 kB
Node 0 ShmemHugePages:        0 kB
Node 0 ShmemPmdMapped:        0 kB
Node 0 FileHugePages:        0 kB
Node 0 FilePmdMapped:        0 kB
Node 0 HugePages_Total:     0
Node 0 HugePages_Free:      0
Node 0 HugePages_Surp:      0

Node 1 MemTotal:       24686196 kB
Node 1 MemFree:        24404208 kB
Node 1 MemUsed:          281988 kB
Node 1 Active:            53424 kB
Node 1 Inactive:          71688 kB
Node 1 Active(anon):       8832 kB
Node 1 Inactive(anon):      396 kB
Node 1 Active(file):      44592 kB
Node 1 Inactive(file):    71292 kB
Node 1 Unevictable:       13012 kB
Node 1 Mlocked:           13012 kB
Node 1 Dirty:               228 kB
Node 1 Writeback:             0 kB
Node 1 FilePages:        119196 kB
Node 1 Mapped:            56928 kB
Node 1 AnonPages:         19004 kB
Node 1 Shmem:               596 kB
Node 1 KernelStack:        2648 kB
Node 1 PageTables:          732 kB
Node 1 NFS_Unstable:          0 kB
Node 1 Bounce:                0 kB
Node 1 WritebackTmp:          0 kB
Node 1 KReclaimable:      19508 kB
Node 1 Slab:              54296 kB
Node 1 SReclaimable:      19508 kB
Node 1 SUnreclaim:        34788 kB
Node 1 AnonHugePages:         0 kB
Node 1 ShmemHugePages:        0 kB
Node 1 ShmemPmdMapped:        0 kB
Node 1 FileHugePages:        0 kB
Node 1 FilePmdMapped:        0 kB
Node 1 HugePages_Total:     0
Node 1 HugePages_Free:      0
Node 1 HugePages_Surp:      0

After Test
Node 0 MemTotal:       24743736 kB
Node 0 MemFree:        23913216 kB
Node 0 MemUsed:          830520 kB
Node 0 Active:            50564 kB
Node 0 Inactive:          61004 kB
Node 0 Active(anon):      27120 kB
Node 0 Inactive(anon):      476 kB
Node 0 Active(file):      23444 kB
Node 0 Inactive(file):    60528 kB
Node 0 Unevictable:        5512 kB
Node 0 Mlocked:            5512 kB
Node 0 Dirty:                 8 kB
Node 0 Writeback:             0 kB
Node 0 FilePages:         90152 kB
Node 0 Mapped:            21576 kB
Node 0 AnonPages:         26924 kB
Node 0 Shmem:               672 kB
Node 0 KernelStack:        2056 kB
Node 0 PageTables:          684 kB
Node 0 NFS_Unstable:          0 kB
Node 0 Bounce:                0 kB
Node 0 WritebackTmp:          0 kB
Node 0 KReclaimable:      23028 kB
Node 0 Slab:              63092 kB
Node 0 SReclaimable:      23028 kB
Node 0 SUnreclaim:        40064 kB
Node 0 AnonHugePages:         0 kB
Node 0 ShmemHugePages:        0 kB
Node 0 ShmemPmdMapped:        0 kB
Node 0 FileHugePages:        0 kB
Node 0 FilePmdMapped:        0 kB
Node 0 HugePages_Total:     0
Node 0 HugePages_Free:      0
Node 0 HugePages_Surp:      0

Node 1 MemTotal:       24686196 kB
Node 1 MemFree:        19794524 kB
Node 1 MemUsed:         4891672 kB
Node 1 Active:            51332 kB
Node 1 Inactive:          72904 kB
Node 1 Active(anon):       5860 kB
Node 1 Inactive(anon):      420 kB
Node 1 Active(file):      45472 kB
Node 1 Inactive(file):    72484 kB
Node 1 Unevictable:       13012 kB
Node 1 Mlocked:           13012 kB
Node 1 Dirty:                16 kB
Node 1 Writeback:             0 kB
Node 1 FilePages:        121280 kB
Node 1 Mapped:            57096 kB
Node 1 AnonPages:         15892 kB
Node 1 Shmem:               640 kB
Node 1 KernelStack:        2568 kB
Node 1 PageTables:          600 kB
Node 1 NFS_Unstable:          0 kB
Node 1 Bounce:                0 kB
Node 1 WritebackTmp:          0 kB
Node 1 KReclaimable:      20880 kB
Node 1 Slab:              74404 kB
Node 1 SReclaimable:      20880 kB
Node 1 SUnreclaim:        53524 kB
Node 1 AnonHugePages:         0 kB
Node 1 ShmemHugePages:        0 kB
Node 1 ShmemPmdMapped:        0 kB
Node 1 FileHugePages:        0 kB
Node 1 FilePmdMapped:        0 kB
Node 1 HugePages_Total:     0
Node 1 HugePages_Free:      0
Node 1 HugePages_Surp:      0

After Opposite Node
Node 0 MemTotal:       24743736 kB
Node 0 MemFree:        23911496 kB
Node 0 MemUsed:          832240 kB
Node 0 Active:            50464 kB
Node 0 Inactive:          61016 kB
Node 0 Active(anon):      26992 kB
Node 0 Inactive(anon):      504 kB
Node 0 Active(file):      23472 kB
Node 0 Inactive(file):    60512 kB
Node 0 Unevictable:        5512 kB
Node 0 Mlocked:            5512 kB
Node 0 Dirty:                20 kB
Node 0 Writeback:             0 kB
Node 0 FilePages:         90208 kB
Node 0 Mapped:            21620 kB
Node 0 AnonPages:         26616 kB
Node 0 Shmem:               716 kB
Node 0 KernelStack:        2088 kB
Node 0 PageTables:          860 kB
Node 0 NFS_Unstable:          0 kB
Node 0 Bounce:                0 kB
Node 0 WritebackTmp:          0 kB
Node 0 KReclaimable:      23076 kB
Node 0 Slab:              64056 kB
Node 0 SReclaimable:      23076 kB
Node 0 SUnreclaim:        40980 kB
Node 0 AnonHugePages:         0 kB
Node 0 ShmemHugePages:        0 kB
Node 0 ShmemPmdMapped:        0 kB
Node 0 FileHugePages:        0 kB
Node 0 FilePmdMapped:        0 kB
Node 0 HugePages_Total:     0
Node 0 HugePages_Free:      0
Node 0 HugePages_Surp:      0

Node 1 MemTotal:       24686196 kB
Node 1 MemFree:        19794476 kB
Node 1 MemUsed:         4891720 kB
Node 1 Active:            51644 kB
Node 1 Inactive:          72744 kB
Node 1 Active(anon):       6016 kB
Node 1 Inactive(anon):      396 kB
Node 1 Active(file):      45628 kB
Node 1 Inactive(file):    72348 kB
Node 1 Unevictable:       13012 kB
Node 1 Mlocked:           13012 kB
Node 1 Dirty:                48 kB
Node 1 Writeback:             0 kB
Node 1 FilePages:        121264 kB
Node 1 Mapped:            57092 kB
Node 1 AnonPages:         16144 kB
Node 1 Shmem:               596 kB
Node 1 KernelStack:        2584 kB
Node 1 PageTables:          488 kB
Node 1 NFS_Unstable:          0 kB
Node 1 Bounce:                0 kB
Node 1 WritebackTmp:          0 kB
Node 1 KReclaimable:      20912 kB
Node 1 Slab:              74464 kB
Node 1 SReclaimable:      20912 kB
Node 1 SUnreclaim:        53552 kB
Node 1 AnonHugePages:         0 kB
Node 1 ShmemHugePages:        0 kB
Node 1 ShmemPmdMapped:        0 kB
Node 1 FileHugePages:        0 kB
Node 1 FilePmdMapped:        0 kB
Node 1 HugePages_Total:     0
Node 1 HugePages_Free:      0
Node 1 HugePages_Surp:      0

U.1.2Mfio.4G.1.O Complete!
