U.1.4Mfio.250M.3.O
Begin
Node 0 MemTotal:       24743736 kB
Node 0 MemFree:        24355676 kB
Node 0 MemUsed:          388060 kB
Node 0 Active:            59692 kB
Node 0 Inactive:          54496 kB
Node 0 Active(anon):      13992 kB
Node 0 Inactive(anon):      372 kB
Node 0 Active(file):      45700 kB
Node 0 Inactive(file):    54124 kB
Node 0 Unevictable:       17868 kB
Node 0 Mlocked:           17868 kB
Node 0 Dirty:               136 kB
Node 0 Writeback:             0 kB
Node 0 FilePages:        107924 kB
Node 0 Mapped:            21220 kB
Node 0 AnonPages:         24128 kB
Node 0 Shmem:               564 kB
Node 0 KernelStack:        1864 kB
Node 0 PageTables:          360 kB
Node 0 NFS_Unstable:          0 kB
Node 0 Bounce:                0 kB
Node 0 WritebackTmp:          0 kB
Node 0 KReclaimable:      18172 kB
Node 0 Slab:              40040 kB
Node 0 SReclaimable:      18172 kB
Node 0 SUnreclaim:        21868 kB
Node 0 AnonHugePages:         0 kB
Node 0 ShmemHugePages:        0 kB
Node 0 ShmemPmdMapped:        0 kB
Node 0 FileHugePages:        0 kB
Node 0 FilePmdMapped:        0 kB
Node 0 HugePages_Total:     0
Node 0 HugePages_Free:      0
Node 0 HugePages_Surp:      0

Node 1 MemTotal:       24686196 kB
Node 1 MemFree:        24451904 kB
Node 1 MemUsed:          234292 kB
Node 1 Active:            35876 kB
Node 1 Inactive:          46396 kB
Node 1 Active(anon):      19724 kB
Node 1 Inactive(anon):      500 kB
Node 1 Active(file):      16152 kB
Node 1 Inactive(file):    45896 kB
Node 1 Unevictable:         656 kB
Node 1 Mlocked:             656 kB
Node 1 Dirty:               388 kB
Node 1 Writeback:             0 kB
Node 1 FilePages:         63408 kB
Node 1 Mapped:            32708 kB
Node 1 AnonPages:         19296 kB
Node 1 Shmem:               704 kB
Node 1 KernelStack:        1784 kB
Node 1 PageTables:          768 kB
Node 1 NFS_Unstable:          0 kB
Node 1 Bounce:                0 kB
Node 1 WritebackTmp:          0 kB
Node 1 KReclaimable:      23268 kB
Node 1 Slab:              64588 kB
Node 1 SReclaimable:      23268 kB
Node 1 SUnreclaim:        41320 kB
Node 1 AnonHugePages:         0 kB
Node 1 ShmemHugePages:        0 kB
Node 1 ShmemPmdMapped:        0 kB
Node 1 FileHugePages:        0 kB
Node 1 FilePmdMapped:        0 kB
Node 1 HugePages_Total:     0
Node 1 HugePages_Free:      0
Node 1 HugePages_Surp:      0

Load ZFS
Node 0 MemTotal:       24743736 kB
Node 0 MemFree:        24489568 kB
Node 0 MemUsed:          254168 kB
Node 0 Active:            65332 kB
Node 0 Inactive:          49844 kB
Node 0 Active(anon):      13992 kB
Node 0 Inactive(anon):      372 kB
Node 0 Active(file):      51340 kB
Node 0 Inactive(file):    49472 kB
Node 0 Unevictable:       17868 kB
Node 0 Mlocked:           17868 kB
Node 0 Dirty:               140 kB
Node 0 Writeback:             0 kB
Node 0 FilePages:        108912 kB
Node 0 Mapped:            21200 kB
Node 0 AnonPages:         24128 kB
Node 0 Shmem:               564 kB
Node 0 KernelStack:        1992 kB
Node 0 PageTables:          360 kB
Node 0 NFS_Unstable:          0 kB
Node 0 Bounce:                0 kB
Node 0 WritebackTmp:          0 kB
Node 0 KReclaimable:      18612 kB
Node 0 Slab:              41412 kB
Node 0 SReclaimable:      18612 kB
Node 0 SUnreclaim:        22800 kB
Node 0 AnonHugePages:         0 kB
Node 0 ShmemHugePages:        0 kB
Node 0 ShmemPmdMapped:        0 kB
Node 0 FileHugePages:        0 kB
Node 0 FilePmdMapped:        0 kB
Node 0 HugePages_Total:     0
Node 0 HugePages_Free:      0
Node 0 HugePages_Surp:      0

Node 1 MemTotal:       24686196 kB
Node 1 MemFree:        24311004 kB
Node 1 MemUsed:          375192 kB
Node 1 Active:            38812 kB
Node 1 Inactive:          47012 kB
Node 1 Active(anon):      21736 kB
Node 1 Inactive(anon):      500 kB
Node 1 Active(file):      17076 kB
Node 1 Inactive(file):    46512 kB
Node 1 Unevictable:         656 kB
Node 1 Mlocked:             656 kB
Node 1 Dirty:               412 kB
Node 1 Writeback:             0 kB
Node 1 FilePages:         64948 kB
Node 1 Mapped:            32856 kB
Node 1 AnonPages:         21468 kB
Node 1 Shmem:               704 kB
Node 1 KernelStack:        1688 kB
Node 1 PageTables:          908 kB
Node 1 NFS_Unstable:          0 kB
Node 1 Bounce:                0 kB
Node 1 WritebackTmp:          0 kB
Node 1 KReclaimable:      23716 kB
Node 1 Slab:              66872 kB
Node 1 SReclaimable:      23716 kB
Node 1 SUnreclaim:        43156 kB
Node 1 AnonHugePages:         0 kB
Node 1 ShmemHugePages:        0 kB
Node 1 ShmemPmdMapped:        0 kB
Node 1 FileHugePages:        0 kB
Node 1 FilePmdMapped:        0 kB
Node 1 HugePages_Total:     0
Node 1 HugePages_Free:      0
Node 1 HugePages_Surp:      0

Import tank ZPool
Node 0 MemTotal:       24743736 kB
Node 0 MemFree:        24474940 kB
Node 0 MemUsed:          268796 kB
Node 0 Active:            65140 kB
Node 0 Inactive:          49800 kB
Node 0 Active(anon):      13752 kB
Node 0 Inactive(anon):      372 kB
Node 0 Active(file):      51388 kB
Node 0 Inactive(file):    49428 kB
Node 0 Unevictable:       17868 kB
Node 0 Mlocked:           17868 kB
Node 0 Dirty:               152 kB
Node 0 Writeback:             0 kB
Node 0 FilePages:        108948 kB
Node 0 Mapped:            21480 kB
Node 0 AnonPages:         23892 kB
Node 0 Shmem:               560 kB
Node 0 KernelStack:        3016 kB
Node 0 PageTables:          360 kB
Node 0 NFS_Unstable:          0 kB
Node 0 Bounce:                0 kB
Node 0 WritebackTmp:          0 kB
Node 0 KReclaimable:      18612 kB
Node 0 Slab:              43760 kB
Node 0 SReclaimable:      18612 kB
Node 0 SUnreclaim:        25148 kB
Node 0 AnonHugePages:         0 kB
Node 0 ShmemHugePages:        0 kB
Node 0 ShmemPmdMapped:        0 kB
Node 0 FileHugePages:        0 kB
Node 0 FilePmdMapped:        0 kB
Node 0 HugePages_Total:     0
Node 0 HugePages_Free:      0
Node 0 HugePages_Surp:      0

Node 1 MemTotal:       24686196 kB
Node 1 MemFree:        24305424 kB
Node 1 MemUsed:          380772 kB
Node 1 Active:            37176 kB
Node 1 Inactive:          48212 kB
Node 1 Active(anon):      19740 kB
Node 1 Inactive(anon):      504 kB
Node 1 Active(file):      17436 kB
Node 1 Inactive(file):    47708 kB
Node 1 Unevictable:         656 kB
Node 1 Mlocked:             656 kB
Node 1 Dirty:               216 kB
Node 1 Writeback:             0 kB
Node 1 FilePages:         66508 kB
Node 1 Mapped:            32996 kB
Node 1 AnonPages:         19024 kB
Node 1 Shmem:               708 kB
Node 1 KernelStack:        1736 kB
Node 1 PageTables:          844 kB
Node 1 NFS_Unstable:          0 kB
Node 1 Bounce:                0 kB
Node 1 WritebackTmp:          0 kB
Node 1 KReclaimable:      23852 kB
Node 1 Slab:              71904 kB
Node 1 SReclaimable:      23852 kB
Node 1 SUnreclaim:        48052 kB
Node 1 AnonHugePages:         0 kB
Node 1 ShmemHugePages:        0 kB
Node 1 ShmemPmdMapped:        0 kB
Node 1 FileHugePages:        0 kB
Node 1 FilePmdMapped:        0 kB
Node 1 HugePages_Total:     0
Node 1 HugePages_Free:      0
Node 1 HugePages_Surp:      0

After Test
Node 0 MemTotal:       24743736 kB
Node 0 MemFree:        24363820 kB
Node 0 MemUsed:          379916 kB
Node 0 Active:            65176 kB
Node 0 Inactive:          49800 kB
Node 0 Active(anon):      13752 kB
Node 0 Inactive(anon):      372 kB
Node 0 Active(file):      51424 kB
Node 0 Inactive(file):    49428 kB
Node 0 Unevictable:       17868 kB
Node 0 Mlocked:           17868 kB
Node 0 Dirty:                44 kB
Node 0 Writeback:             0 kB
Node 0 FilePages:        108948 kB
Node 0 Mapped:            21200 kB
Node 0 AnonPages:         23892 kB
Node 0 Shmem:               560 kB
Node 0 KernelStack:        3080 kB
Node 0 PageTables:          360 kB
Node 0 NFS_Unstable:          0 kB
Node 0 Bounce:                0 kB
Node 0 WritebackTmp:          0 kB
Node 0 KReclaimable:      18628 kB
Node 0 Slab:              44060 kB
Node 0 SReclaimable:      18628 kB
Node 0 SUnreclaim:        25432 kB
Node 0 AnonHugePages:         0 kB
Node 0 ShmemHugePages:        0 kB
Node 0 ShmemPmdMapped:        0 kB
Node 0 FileHugePages:        0 kB
Node 0 FilePmdMapped:        0 kB
Node 0 HugePages_Total:     0
Node 0 HugePages_Free:      0
Node 0 HugePages_Surp:      0

Node 1 MemTotal:       24686196 kB
Node 1 MemFree:        23881948 kB
Node 1 MemUsed:          804248 kB
Node 1 Active:            38064 kB
Node 1 Inactive:          49216 kB
Node 1 Active(anon):      19608 kB
Node 1 Inactive(anon):      556 kB
Node 1 Active(file):      18456 kB
Node 1 Inactive(file):    48660 kB
Node 1 Unevictable:         656 kB
Node 1 Mlocked:             656 kB
Node 1 Dirty:               216 kB
Node 1 Writeback:             0 kB
Node 1 FilePages:         68568 kB
Node 1 Mapped:            33232 kB
Node 1 AnonPages:         18956 kB
Node 1 Shmem:               796 kB
Node 1 KernelStack:        1784 kB
Node 1 PageTables:          988 kB
Node 1 NFS_Unstable:          0 kB
Node 1 Bounce:                0 kB
Node 1 WritebackTmp:          0 kB
Node 1 KReclaimable:      25160 kB
Node 1 Slab:              76456 kB
Node 1 SReclaimable:      25160 kB
Node 1 SUnreclaim:        51296 kB
Node 1 AnonHugePages:         0 kB
Node 1 ShmemHugePages:        0 kB
Node 1 ShmemPmdMapped:        0 kB
Node 1 FileHugePages:        0 kB
Node 1 FilePmdMapped:        0 kB
Node 1 HugePages_Total:     0
Node 1 HugePages_Free:      0
Node 1 HugePages_Surp:      0

After Opposite Node
Node 0 MemTotal:       24743736 kB
Node 0 MemFree:        24359956 kB
Node 0 MemUsed:          383780 kB
Node 0 Active:            65540 kB
Node 0 Inactive:          49860 kB
Node 0 Active(anon):      14084 kB
Node 0 Inactive(anon):      392 kB
Node 0 Active(file):      51456 kB
Node 0 Inactive(file):    49468 kB
Node 0 Unevictable:       17868 kB
Node 0 Mlocked:           17868 kB
Node 0 Dirty:                44 kB
Node 0 Writeback:             0 kB
Node 0 FilePages:        109048 kB
Node 0 Mapped:            21228 kB
Node 0 AnonPages:         24076 kB
Node 0 Shmem:               588 kB
Node 0 KernelStack:        3064 kB
Node 0 PageTables:          432 kB
Node 0 NFS_Unstable:          0 kB
Node 0 Bounce:                0 kB
Node 0 WritebackTmp:          0 kB
Node 0 KReclaimable:      18716 kB
Node 0 Slab:              44372 kB
Node 0 SReclaimable:      18716 kB
Node 0 SUnreclaim:        25656 kB
Node 0 AnonHugePages:         0 kB
Node 0 ShmemHugePages:        0 kB
Node 0 ShmemPmdMapped:        0 kB
Node 0 FileHugePages:        0 kB
Node 0 FilePmdMapped:        0 kB
Node 0 HugePages_Total:     0
Node 0 HugePages_Free:      0
Node 0 HugePages_Surp:      0

Node 1 MemTotal:       24686196 kB
Node 1 MemFree:        23882676 kB
Node 1 MemUsed:          803520 kB
Node 1 Active:            37668 kB
Node 1 Inactive:          48904 kB
Node 1 Active(anon):      18924 kB
Node 1 Inactive(anon):      504 kB
Node 1 Active(file):      18744 kB
Node 1 Inactive(file):    48400 kB
Node 1 Unevictable:         656 kB
Node 1 Mlocked:             656 kB
Node 1 Dirty:               228 kB
Node 1 Writeback:             0 kB
Node 1 FilePages:         68508 kB
Node 1 Mapped:            32944 kB
Node 1 AnonPages:         18720 kB
Node 1 Shmem:               708 kB
Node 1 KernelStack:        1688 kB
Node 1 PageTables:          696 kB
Node 1 NFS_Unstable:          0 kB
Node 1 Bounce:                0 kB
Node 1 WritebackTmp:          0 kB
Node 1 KReclaimable:      25160 kB
Node 1 Slab:              76496 kB
Node 1 SReclaimable:      25160 kB
Node 1 SUnreclaim:        51336 kB
Node 1 AnonHugePages:         0 kB
Node 1 ShmemHugePages:        0 kB
Node 1 ShmemPmdMapped:        0 kB
Node 1 FileHugePages:        0 kB
Node 1 FilePmdMapped:        0 kB
Node 1 HugePages_Total:     0
Node 1 HugePages_Free:      0
Node 1 HugePages_Surp:      0

U.1.4Mfio.250M.3.O Complete!
