B.0.huge-simpleread.16G.2.O.1M
Begin
Node 0 MemTotal:       24768352 kB
Node 0 MemFree:        24336268 kB
Node 0 MemUsed:          432084 kB
Node 0 Active:            45644 kB
Node 0 Inactive:         102288 kB
Node 0 Active(anon):      13348 kB
Node 0 Inactive(anon):      356 kB
Node 0 Active(file):      32296 kB
Node 0 Inactive(file):   101932 kB
Node 0 Unevictable:        5540 kB
Node 0 Mlocked:            5540 kB
Node 0 Dirty:               324 kB
Node 0 Writeback:             0 kB
Node 0 FilePages:        140400 kB
Node 0 Mapped:            65128 kB
Node 0 AnonPages:         13104 kB
Node 0 Shmem:               604 kB
Node 0 KernelStack:        2056 kB
Node 0 PageTables:          744 kB
Node 0 NFS_Unstable:          0 kB
Node 0 Bounce:                0 kB
Node 0 WritebackTmp:          0 kB
Node 0 KReclaimable:      20940 kB
Node 0 Slab:              57052 kB
Node 0 SReclaimable:      20940 kB
Node 0 SUnreclaim:        36112 kB
Node 0 AnonHugePages:         0 kB
Node 0 ShmemHugePages:        0 kB
Node 0 ShmemPmdMapped:        0 kB
Node 0 FileHugePages:        0 kB
Node 0 FilePmdMapped:        0 kB
Node 0 HugePages_Total:     0
Node 0 HugePages_Free:      0
Node 0 HugePages_Surp:      0

Node 1 MemTotal:       24661580 kB
Node 1 MemFree:        24423892 kB
Node 1 MemUsed:          237688 kB
Node 1 Active:            53040 kB
Node 1 Inactive:          41560 kB
Node 1 Active(anon):      20836 kB
Node 1 Inactive(anon):      528 kB
Node 1 Active(file):      32204 kB
Node 1 Inactive(file):    41032 kB
Node 1 Unevictable:       12984 kB
Node 1 Mlocked:           12984 kB
Node 1 Dirty:               108 kB
Node 1 Writeback:             0 kB
Node 1 FilePages:         76568 kB
Node 1 Mapped:            25896 kB
Node 1 AnonPages:         31028 kB
Node 1 Shmem:               664 kB
Node 1 KernelStack:        1544 kB
Node 1 PageTables:          500 kB
Node 1 NFS_Unstable:          0 kB
Node 1 Bounce:                0 kB
Node 1 WritebackTmp:          0 kB
Node 1 KReclaimable:      21352 kB
Node 1 Slab:              51104 kB
Node 1 SReclaimable:      21352 kB
Node 1 SUnreclaim:        29752 kB
Node 1 AnonHugePages:         0 kB
Node 1 ShmemHugePages:        0 kB
Node 1 ShmemPmdMapped:        0 kB
Node 1 FileHugePages:        0 kB
Node 1 FilePmdMapped:        0 kB
Node 1 HugePages_Total:     0
Node 1 HugePages_Free:      0
Node 1 HugePages_Surp:      0

Load ZFS
Node 0 MemTotal:       24768352 kB
Node 0 MemFree:        24424516 kB
Node 0 MemUsed:          343836 kB
Node 0 Active:            59368 kB
Node 0 Inactive:         131496 kB
Node 0 Active(anon):      25332 kB
Node 0 Inactive(anon):      480 kB
Node 0 Active(file):      34036 kB
Node 0 Inactive(file):   131016 kB
Node 0 Unevictable:        5540 kB
Node 0 Mlocked:            5540 kB
Node 0 Dirty:               372 kB
Node 0 Writeback:             0 kB
Node 0 FilePages:        171220 kB
Node 0 Mapped:            67516 kB
Node 0 AnonPages:         25336 kB
Node 0 Shmem:               632 kB
Node 0 KernelStack:        2260 kB
Node 0 PageTables:         1576 kB
Node 0 NFS_Unstable:          0 kB
Node 0 Bounce:                0 kB
Node 0 WritebackTmp:          0 kB
Node 0 KReclaimable:      21632 kB
Node 0 Slab:              59076 kB
Node 0 SReclaimable:      21632 kB
Node 0 SUnreclaim:        37444 kB
Node 0 AnonHugePages:         0 kB
Node 0 ShmemHugePages:        0 kB
Node 0 ShmemPmdMapped:        0 kB
Node 0 FileHugePages:        0 kB
Node 0 FilePmdMapped:        0 kB
Node 0 HugePages_Total:     0
Node 0 HugePages_Free:      0
Node 0 HugePages_Surp:      0

Node 1 MemTotal:       24661580 kB
Node 1 MemFree:        24190192 kB
Node 1 MemUsed:          471388 kB
Node 1 Active:            68352 kB
Node 1 Inactive:         116092 kB
Node 1 Active(anon):      35412 kB
Node 1 Inactive(anon):      464 kB
Node 1 Active(file):      32940 kB
Node 1 Inactive(file):   115628 kB
Node 1 Unevictable:       13200 kB
Node 1 Mlocked:           13200 kB
Node 1 Dirty:               244 kB
Node 1 Writeback:             0 kB
Node 1 FilePages:        151860 kB
Node 1 Mapped:            27624 kB
Node 1 AnonPages:         45496 kB
Node 1 Shmem:               636 kB
Node 1 KernelStack:        1976 kB
Node 1 PageTables:         1828 kB
Node 1 NFS_Unstable:          0 kB
Node 1 Bounce:                0 kB
Node 1 WritebackTmp:          0 kB
Node 1 KReclaimable:      22384 kB
Node 1 Slab:              55468 kB
Node 1 SReclaimable:      22384 kB
Node 1 SUnreclaim:        33084 kB
Node 1 AnonHugePages:         0 kB
Node 1 ShmemHugePages:        0 kB
Node 1 ShmemPmdMapped:        0 kB
Node 1 FileHugePages:        0 kB
Node 1 FilePmdMapped:        0 kB
Node 1 HugePages_Total:     0
Node 1 HugePages_Free:      0
Node 1 HugePages_Surp:      0

Import tank ZPool
Node 0 MemTotal:       24768352 kB
Node 0 MemFree:        24417476 kB
Node 0 MemUsed:          350876 kB
Node 0 Active:            59388 kB
Node 0 Inactive:         132768 kB
Node 0 Active(anon):      25040 kB
Node 0 Inactive(anon):      484 kB
Node 0 Active(file):      34348 kB
Node 0 Inactive(file):   132284 kB
Node 0 Unevictable:        5540 kB
Node 0 Mlocked:            5540 kB
Node 0 Dirty:               432 kB
Node 0 Writeback:             0 kB
Node 0 FilePages:        172812 kB
Node 0 Mapped:            67780 kB
Node 0 AnonPages:         25112 kB
Node 0 Shmem:               632 kB
Node 0 KernelStack:        2216 kB
Node 0 PageTables:         1144 kB
Node 0 NFS_Unstable:          0 kB
Node 0 Bounce:                0 kB
Node 0 WritebackTmp:          0 kB
Node 0 KReclaimable:      21732 kB
Node 0 Slab:              64152 kB
Node 0 SReclaimable:      21732 kB
Node 0 SUnreclaim:        42420 kB
Node 0 AnonHugePages:         0 kB
Node 0 ShmemHugePages:        0 kB
Node 0 ShmemPmdMapped:        0 kB
Node 0 FileHugePages:        0 kB
Node 0 FilePmdMapped:        0 kB
Node 0 HugePages_Total:     0
Node 0 HugePages_Free:      0
Node 0 HugePages_Surp:      0

Node 1 MemTotal:       24661580 kB
Node 1 MemFree:        24176376 kB
Node 1 MemUsed:          485204 kB
Node 1 Active:            68104 kB
Node 1 Inactive:         116092 kB
Node 1 Active(anon):      35164 kB
Node 1 Inactive(anon):      464 kB
Node 1 Active(file):      32940 kB
Node 1 Inactive(file):   115628 kB
Node 1 Unevictable:       13216 kB
Node 1 Mlocked:           13216 kB
Node 1 Dirty:               180 kB
Node 1 Writeback:             0 kB
Node 1 FilePages:        151892 kB
Node 1 Mapped:            27572 kB
Node 1 AnonPages:         45552 kB
Node 1 Shmem:               636 kB
Node 1 KernelStack:        2996 kB
Node 1 PageTables:         1800 kB
Node 1 NFS_Unstable:          0 kB
Node 1 Bounce:                0 kB
Node 1 WritebackTmp:          0 kB
Node 1 KReclaimable:      22384 kB
Node 1 Slab:              57788 kB
Node 1 SReclaimable:      22384 kB
Node 1 SUnreclaim:        35404 kB
Node 1 AnonHugePages:         0 kB
Node 1 ShmemHugePages:        0 kB
Node 1 ShmemPmdMapped:        0 kB
Node 1 FileHugePages:        0 kB
Node 1 FilePmdMapped:        0 kB
Node 1 HugePages_Total:     0
Node 1 HugePages_Free:      0
Node 1 HugePages_Surp:      0

After Test
Node 0 MemTotal:       24768352 kB
Node 0 MemFree:         6522472 kB
Node 0 MemUsed:        18245880 kB
Node 0 Active:            49612 kB
Node 0 Inactive:        1108412 kB
Node 0 Active(anon):      13644 kB
Node 0 Inactive(anon):      484 kB
Node 0 Active(file):      35968 kB
Node 0 Inactive(file):  1107928 kB
Node 0 Unevictable:        5540 kB
Node 0 Mlocked:            5540 kB
Node 0 Dirty:                40 kB
Node 0 Writeback:             0 kB
Node 0 FilePages:       1150076 kB
Node 0 Mapped:            65404 kB
Node 0 AnonPages:         13340 kB
Node 0 Shmem:               636 kB
Node 0 KernelStack:        1912 kB
Node 0 PageTables:          956 kB
Node 0 NFS_Unstable:          0 kB
Node 0 Bounce:                0 kB
Node 0 WritebackTmp:          0 kB
Node 0 KReclaimable:      24168 kB
Node 0 Slab:             124992 kB
Node 0 SReclaimable:      24168 kB
Node 0 SUnreclaim:       100824 kB
Node 0 AnonHugePages:         0 kB
Node 0 ShmemHugePages:        0 kB
Node 0 ShmemPmdMapped:        0 kB
Node 0 FileHugePages:        0 kB
Node 0 FilePmdMapped:        0 kB
Node 0 HugePages_Total:     0
Node 0 HugePages_Free:      0
Node 0 HugePages_Surp:      0

Node 1 MemTotal:       24661580 kB
Node 1 MemFree:        23465208 kB
Node 1 MemUsed:         1196372 kB
Node 1 Active:            53232 kB
Node 1 Inactive:         115900 kB
Node 1 Active(anon):      20024 kB
Node 1 Inactive(anon):      456 kB
Node 1 Active(file):      33208 kB
Node 1 Inactive(file):   115444 kB
Node 1 Unevictable:       13216 kB
Node 1 Mlocked:           13216 kB
Node 1 Dirty:                 8 kB
Node 1 Writeback:             0 kB
Node 1 FilePages:        151972 kB
Node 1 Mapped:            26028 kB
Node 1 AnonPages:         30408 kB
Node 1 Shmem:               632 kB
Node 1 KernelStack:        2568 kB
Node 1 PageTables:          504 kB
Node 1 NFS_Unstable:          0 kB
Node 1 Bounce:                0 kB
Node 1 WritebackTmp:          0 kB
Node 1 KReclaimable:      22576 kB
Node 1 Slab:              60424 kB
Node 1 SReclaimable:      22576 kB
Node 1 SUnreclaim:        37848 kB
Node 1 AnonHugePages:         0 kB
Node 1 ShmemHugePages:        0 kB
Node 1 ShmemPmdMapped:        0 kB
Node 1 FileHugePages:        0 kB
Node 1 FilePmdMapped:        0 kB
Node 1 HugePages_Total:     0
Node 1 HugePages_Free:      0
Node 1 HugePages_Surp:      0

After Opposite Node
Node 0 MemTotal:       24768352 kB
Node 0 MemFree:         6524144 kB
Node 0 MemUsed:        18244208 kB
Node 0 Active:            49388 kB
Node 0 Inactive:        1108164 kB
Node 0 Active(anon):      13132 kB
Node 0 Inactive(anon):      484 kB
Node 0 Active(file):      36256 kB
Node 0 Inactive(file):  1107680 kB
Node 0 Unevictable:        5540 kB
Node 0 Mlocked:            5540 kB
Node 0 Dirty:               132 kB
Node 0 Writeback:             0 kB
Node 0 FilePages:       1150116 kB
Node 0 Mapped:            65608 kB
Node 0 AnonPages:         12980 kB
Node 0 Shmem:               636 kB
Node 0 KernelStack:        1912 kB
Node 0 PageTables:          740 kB
Node 0 NFS_Unstable:          0 kB
Node 0 Bounce:                0 kB
Node 0 WritebackTmp:          0 kB
Node 0 KReclaimable:      24176 kB
Node 0 Slab:             124876 kB
Node 0 SReclaimable:      24176 kB
Node 0 SUnreclaim:       100700 kB
Node 0 AnonHugePages:         0 kB
Node 0 ShmemHugePages:        0 kB
Node 0 ShmemPmdMapped:        0 kB
Node 0 FileHugePages:        0 kB
Node 0 FilePmdMapped:        0 kB
Node 0 HugePages_Total:     0
Node 0 HugePages_Free:      0
Node 0 HugePages_Surp:      0

Node 1 MemTotal:       24661580 kB
Node 1 MemFree:        23466028 kB
Node 1 MemUsed:         1195552 kB
Node 1 Active:            53812 kB
Node 1 Inactive:         115904 kB
Node 1 Active(anon):      20568 kB
Node 1 Inactive(anon):      456 kB
Node 1 Active(file):      33244 kB
Node 1 Inactive(file):   115448 kB
Node 1 Unevictable:       13216 kB
Node 1 Mlocked:           13216 kB
Node 1 Dirty:                28 kB
Node 1 Writeback:             0 kB
Node 1 FilePages:        151980 kB
Node 1 Mapped:            26028 kB
Node 1 AnonPages:         30780 kB
Node 1 Shmem:               632 kB
Node 1 KernelStack:        2552 kB
Node 1 PageTables:          716 kB
Node 1 NFS_Unstable:          0 kB
Node 1 Bounce:                0 kB
Node 1 WritebackTmp:          0 kB
Node 1 KReclaimable:      22608 kB
Node 1 Slab:              60556 kB
Node 1 SReclaimable:      22608 kB
Node 1 SUnreclaim:        37948 kB
Node 1 AnonHugePages:         0 kB
Node 1 ShmemHugePages:        0 kB
Node 1 ShmemPmdMapped:        0 kB
Node 1 FileHugePages:        0 kB
Node 1 FilePmdMapped:        0 kB
Node 1 HugePages_Total:     0
Node 1 HugePages_Free:      0
Node 1 HugePages_Surp:      0

B.0.huge-simpleread.16G.2.O.1M Complete!
