U.0.fio.2G.1.O
Begin
Node 0 MemTotal:       24743736 kB
Node 0 MemFree:        24490640 kB
Node 0 MemUsed:          253096 kB
Node 0 Active:            36284 kB
Node 0 Inactive:          56520 kB
Node 0 Active(anon):      22632 kB
Node 0 Inactive(anon):      356 kB
Node 0 Active(file):      13652 kB
Node 0 Inactive(file):    56164 kB
Node 0 Unevictable:       12812 kB
Node 0 Mlocked:           12812 kB
Node 0 Dirty:               464 kB
Node 0 Writeback:             0 kB
Node 0 FilePages:         72924 kB
Node 0 Mapped:            17284 kB
Node 0 AnonPages:         32880 kB
Node 0 Shmem:               480 kB
Node 0 KernelStack:        2200 kB
Node 0 PageTables:          680 kB
Node 0 NFS_Unstable:          0 kB
Node 0 Bounce:                0 kB
Node 0 WritebackTmp:          0 kB
Node 0 KReclaimable:      21360 kB
Node 0 Slab:              62156 kB
Node 0 SReclaimable:      21360 kB
Node 0 SUnreclaim:        40796 kB
Node 0 AnonHugePages:         0 kB
Node 0 ShmemHugePages:        0 kB
Node 0 ShmemPmdMapped:        0 kB
Node 0 FileHugePages:        0 kB
Node 0 FilePmdMapped:        0 kB
Node 0 HugePages_Total:     0
Node 0 HugePages_Free:      0
Node 0 HugePages_Surp:      0

Node 1 MemTotal:       24686196 kB
Node 1 MemFree:        24336668 kB
Node 1 MemUsed:          349528 kB
Node 1 Active:            57196 kB
Node 1 Inactive:          27520 kB
Node 1 Active(anon):      10704 kB
Node 1 Inactive(anon):      524 kB
Node 1 Active(file):      46492 kB
Node 1 Inactive(file):    26996 kB
Node 1 Unevictable:        5712 kB
Node 1 Mlocked:            5712 kB
Node 1 Dirty:                52 kB
Node 1 Writeback:             0 kB
Node 1 FilePages:         79992 kB
Node 1 Mapped:            24824 kB
Node 1 AnonPages:         10532 kB
Node 1 Shmem:               788 kB
Node 1 KernelStack:        1384 kB
Node 1 PageTables:          328 kB
Node 1 NFS_Unstable:          0 kB
Node 1 Bounce:                0 kB
Node 1 WritebackTmp:          0 kB
Node 1 KReclaimable:      19872 kB
Node 1 Slab:              43416 kB
Node 1 SReclaimable:      19872 kB
Node 1 SUnreclaim:        23544 kB
Node 1 AnonHugePages:         0 kB
Node 1 ShmemHugePages:        0 kB
Node 1 ShmemPmdMapped:        0 kB
Node 1 FileHugePages:        0 kB
Node 1 FilePmdMapped:        0 kB
Node 1 HugePages_Total:     0
Node 1 HugePages_Free:      0
Node 1 HugePages_Surp:      0

Load ZFS
Node 0 MemTotal:       24743736 kB
Node 0 MemFree:        24352688 kB
Node 0 MemUsed:          391048 kB
Node 0 Active:            44232 kB
Node 0 Inactive:          52500 kB
Node 0 Active(anon):      25272 kB
Node 0 Inactive(anon):      356 kB
Node 0 Active(file):      18960 kB
Node 0 Inactive(file):    52144 kB
Node 0 Unevictable:       12812 kB
Node 0 Mlocked:           12812 kB
Node 0 Dirty:               492 kB
Node 0 Writeback:             0 kB
Node 0 FilePages:         74068 kB
Node 0 Mapped:            17272 kB
Node 0 AnonPages:         35408 kB
Node 0 Shmem:               480 kB
Node 0 KernelStack:        2376 kB
Node 0 PageTables:          948 kB
Node 0 NFS_Unstable:          0 kB
Node 0 Bounce:                0 kB
Node 0 WritebackTmp:          0 kB
Node 0 KReclaimable:      21928 kB
Node 0 Slab:              64140 kB
Node 0 SReclaimable:      21928 kB
Node 0 SUnreclaim:        42212 kB
Node 0 AnonHugePages:         0 kB
Node 0 ShmemHugePages:        0 kB
Node 0 ShmemPmdMapped:        0 kB
Node 0 FileHugePages:        0 kB
Node 0 FilePmdMapped:        0 kB
Node 0 HugePages_Total:     0
Node 0 HugePages_Free:      0
Node 0 HugePages_Surp:      0

Node 1 MemTotal:       24686196 kB
Node 1 MemFree:        24462552 kB
Node 1 MemUsed:          223644 kB
Node 1 Active:            61448 kB
Node 1 Inactive:          27456 kB
Node 1 Active(anon):      13392 kB
Node 1 Inactive(anon):      524 kB
Node 1 Active(file):      48056 kB
Node 1 Inactive(file):    26932 kB
Node 1 Unevictable:        5712 kB
Node 1 Mlocked:            5712 kB
Node 1 Dirty:                52 kB
Node 1 Writeback:             0 kB
Node 1 FilePages:         81484 kB
Node 1 Mapped:            24988 kB
Node 1 AnonPages:         13284 kB
Node 1 Shmem:               788 kB
Node 1 KernelStack:        1384 kB
Node 1 PageTables:          424 kB
Node 1 NFS_Unstable:          0 kB
Node 1 Bounce:                0 kB
Node 1 WritebackTmp:          0 kB
Node 1 KReclaimable:      20328 kB
Node 1 Slab:              45324 kB
Node 1 SReclaimable:      20328 kB
Node 1 SUnreclaim:        24996 kB
Node 1 AnonHugePages:         0 kB
Node 1 ShmemHugePages:        0 kB
Node 1 ShmemPmdMapped:        0 kB
Node 1 FileHugePages:        0 kB
Node 1 FilePmdMapped:        0 kB
Node 1 HugePages_Total:     0
Node 1 HugePages_Free:      0
Node 1 HugePages_Surp:      0

Import tank ZPool
Node 0 MemTotal:       24743736 kB
Node 0 MemFree:        24344756 kB
Node 0 MemUsed:          398980 kB
Node 0 Active:            44800 kB
Node 0 Inactive:          53632 kB
Node 0 Active(anon):      25496 kB
Node 0 Inactive(anon):      360 kB
Node 0 Active(file):      19304 kB
Node 0 Inactive(file):    53272 kB
Node 0 Unevictable:       12812 kB
Node 0 Mlocked:           12812 kB
Node 0 Dirty:               288 kB
Node 0 Writeback:             0 kB
Node 0 FilePages:         75540 kB
Node 0 Mapped:            17272 kB
Node 0 AnonPages:         35548 kB
Node 0 Shmem:               480 kB
Node 0 KernelStack:        2424 kB
Node 0 PageTables:         1020 kB
Node 0 NFS_Unstable:          0 kB
Node 0 Bounce:                0 kB
Node 0 WritebackTmp:          0 kB
Node 0 KReclaimable:      22068 kB
Node 0 Slab:              68816 kB
Node 0 SReclaimable:      22068 kB
Node 0 SUnreclaim:        46748 kB
Node 0 AnonHugePages:         0 kB
Node 0 ShmemHugePages:        0 kB
Node 0 ShmemPmdMapped:        0 kB
Node 0 FileHugePages:        0 kB
Node 0 FilePmdMapped:        0 kB
Node 0 HugePages_Total:     0
Node 0 HugePages_Free:      0
Node 0 HugePages_Surp:      0

Node 1 MemTotal:       24686196 kB
Node 1 MemFree:        24448316 kB
Node 1 MemUsed:          237880 kB
Node 1 Active:            61536 kB
Node 1 Inactive:          27428 kB
Node 1 Active(anon):      13440 kB
Node 1 Inactive(anon):      524 kB
Node 1 Active(file):      48096 kB
Node 1 Inactive(file):    26904 kB
Node 1 Unevictable:        5712 kB
Node 1 Mlocked:            5712 kB
Node 1 Dirty:                72 kB
Node 1 Writeback:             0 kB
Node 1 FilePages:         81524 kB
Node 1 Mapped:            25024 kB
Node 1 AnonPages:         13284 kB
Node 1 Shmem:               788 kB
Node 1 KernelStack:        2472 kB
Node 1 PageTables:          424 kB
Node 1 NFS_Unstable:          0 kB
Node 1 Bounce:                0 kB
Node 1 WritebackTmp:          0 kB
Node 1 KReclaimable:      20328 kB
Node 1 Slab:              47832 kB
Node 1 SReclaimable:      20328 kB
Node 1 SUnreclaim:        27504 kB
Node 1 AnonHugePages:         0 kB
Node 1 ShmemHugePages:        0 kB
Node 1 ShmemPmdMapped:        0 kB
Node 1 FileHugePages:        0 kB
Node 1 FilePmdMapped:        0 kB
Node 1 HugePages_Total:     0
Node 1 HugePages_Free:      0
Node 1 HugePages_Surp:      0

After Opposite Node
Node 0 MemTotal:       24743736 kB
Node 0 MemFree:        24302564 kB
Node 0 MemUsed:          441172 kB
Node 0 Active:            42032 kB
Node 0 Inactive:          53444 kB
Node 0 Active(anon):      22304 kB
Node 0 Inactive(anon):      356 kB
Node 0 Active(file):      19728 kB
Node 0 Inactive(file):    53088 kB
Node 0 Unevictable:       12812 kB
Node 0 Mlocked:           12812 kB
Node 0 Dirty:                12 kB
Node 0 Writeback:             0 kB
Node 0 FilePages:         75776 kB
Node 0 Mapped:            17272 kB
Node 0 AnonPages:         32512 kB
Node 0 Shmem:               476 kB
Node 0 KernelStack:        2168 kB
Node 0 PageTables:          696 kB
Node 0 NFS_Unstable:          0 kB
Node 0 Bounce:                0 kB
Node 0 WritebackTmp:          0 kB
Node 0 KReclaimable:      22088 kB
Node 0 Slab:              68976 kB
Node 0 SReclaimable:      22088 kB
Node 0 SUnreclaim:        46888 kB
Node 0 AnonHugePages:         0 kB
Node 0 ShmemHugePages:        0 kB
Node 0 ShmemPmdMapped:        0 kB
Node 0 FileHugePages:        0 kB
Node 0 FilePmdMapped:        0 kB
Node 0 HugePages_Total:     0
Node 0 HugePages_Free:      0
Node 0 HugePages_Surp:      0

Node 1 MemTotal:       24686196 kB
Node 1 MemFree:        21555588 kB
Node 1 MemUsed:         3130608 kB
Node 1 Active:            59532 kB
Node 1 Inactive:          28632 kB
Node 1 Active(anon):      10608 kB
Node 1 Inactive(anon):      572 kB
Node 1 Active(file):      48924 kB
Node 1 Inactive(file):    28060 kB
Node 1 Unevictable:        5712 kB
Node 1 Mlocked:            5712 kB
Node 1 Dirty:                20 kB
Node 1 Writeback:             0 kB
Node 1 FilePages:         83528 kB
Node 1 Mapped:            25056 kB
Node 1 AnonPages:         10260 kB
Node 1 Shmem:               836 kB
Node 1 KernelStack:        2440 kB
Node 1 PageTables:          468 kB
Node 1 NFS_Unstable:          0 kB
Node 1 Bounce:                0 kB
Node 1 WritebackTmp:          0 kB
Node 1 KReclaimable:      21740 kB
Node 1 Slab:              63016 kB
Node 1 SReclaimable:      21740 kB
Node 1 SUnreclaim:        41276 kB
Node 1 AnonHugePages:         0 kB
Node 1 ShmemHugePages:        0 kB
Node 1 ShmemPmdMapped:        0 kB
Node 1 FileHugePages:        0 kB
Node 1 FilePmdMapped:        0 kB
Node 1 HugePages_Total:     0
Node 1 HugePages_Free:      0
Node 1 HugePages_Surp:      0

After Test
Node 0 MemTotal:       24743736 kB
Node 0 MemFree:        24301284 kB
Node 0 MemUsed:          442452 kB
Node 0 Active:            42244 kB
Node 0 Inactive:          53464 kB
Node 0 Active(anon):      22492 kB
Node 0 Inactive(anon):      384 kB
Node 0 Active(file):      19752 kB
Node 0 Inactive(file):    53080 kB
Node 0 Unevictable:       12812 kB
Node 0 Mlocked:           12812 kB
Node 0 Dirty:                52 kB
Node 0 Writeback:             0 kB
Node 0 FilePages:         75836 kB
Node 0 Mapped:            17316 kB
Node 0 AnonPages:         32656 kB
Node 0 Shmem:               520 kB
Node 0 KernelStack:        2216 kB
Node 0 PageTables:          860 kB
Node 0 NFS_Unstable:          0 kB
Node 0 Bounce:                0 kB
Node 0 WritebackTmp:          0 kB
Node 0 KReclaimable:      22128 kB
Node 0 Slab:              69800 kB
Node 0 SReclaimable:      22128 kB
Node 0 SUnreclaim:        47672 kB
Node 0 AnonHugePages:         0 kB
Node 0 ShmemHugePages:        0 kB
Node 0 ShmemPmdMapped:        0 kB
Node 0 FileHugePages:        0 kB
Node 0 FilePmdMapped:        0 kB
Node 0 HugePages_Total:     0
Node 0 HugePages_Free:      0
Node 0 HugePages_Surp:      0

Node 1 MemTotal:       24686196 kB
Node 1 MemFree:        21559532 kB
Node 1 MemUsed:         3126664 kB
Node 1 Active:            59472 kB
Node 1 Inactive:          28440 kB
Node 1 Active(anon):      10388 kB
Node 1 Inactive(anon):      528 kB
Node 1 Active(file):      49084 kB
Node 1 Inactive(file):    27912 kB
Node 1 Unevictable:        5712 kB
Node 1 Mlocked:            5712 kB
Node 1 Dirty:                36 kB
Node 1 Writeback:             0 kB
Node 1 FilePages:         83496 kB
Node 1 Mapped:            25060 kB
Node 1 AnonPages:         10124 kB
Node 1 Shmem:               792 kB
Node 1 KernelStack:        2360 kB
Node 1 PageTables:          296 kB
Node 1 NFS_Unstable:          0 kB
Node 1 Bounce:                0 kB
Node 1 WritebackTmp:          0 kB
Node 1 KReclaimable:      21744 kB
Node 1 Slab:              62852 kB
Node 1 SReclaimable:      21744 kB
Node 1 SUnreclaim:        41108 kB
Node 1 AnonHugePages:         0 kB
Node 1 ShmemHugePages:        0 kB
Node 1 ShmemPmdMapped:        0 kB
Node 1 FileHugePages:        0 kB
Node 1 FilePmdMapped:        0 kB
Node 1 HugePages_Total:     0
Node 1 HugePages_Free:      0
Node 1 HugePages_Surp:      0

U.0.fio.2G.1.O Complete!
