Fio Node 0 pages
55abfa88c000 bind:0 file=/usr/bin/dash mapped=19 mapmax=3 N0=19 kernelpagesize_kB=4
55abfa89f000 bind:0 file=/usr/bin/dash mapped=6 mapmax=3 N0=6 kernelpagesize_kB=4
55abfa8a5000 bind:0 file=/usr/bin/dash anon=2 dirty=2 mapmax=2 N0=2 kernelpagesize_kB=4
55abfa8a7000 bind:0 file=/usr/bin/dash anon=1 dirty=1 N0=1 kernelpagesize_kB=4
55abfa8a8000 bind:0 anon=1 dirty=1 N0=1 kernelpagesize_kB=4
55abfaeee000 bind:0 heap anon=2 dirty=2 mapmax=2 N0=2 kernelpagesize_kB=4
7fb94837b000 bind:0 file=/usr/lib/x86_64-linux-gnu/libc-2.31.so anon=3 dirty=3 mapmax=2 N0=3 kernelpagesize_kB=4
7fb94837e000 bind:0 file=/usr/lib/x86_64-linux-gnu/libc-2.31.so anon=3 dirty=3 mapmax=2 N0=3 kernelpagesize_kB=4
7fb948381000 bind:0 anon=6 dirty=6 mapmax=2 N0=6 kernelpagesize_kB=4
7fb9483be000 bind:0 file=/usr/lib/x86_64-linux-gnu/ld-2.31.so anon=1 dirty=1 mapmax=2 N0=1 kernelpagesize_kB=4
7fb9483bf000 bind:0 file=/usr/lib/x86_64-linux-gnu/ld-2.31.so anon=1 dirty=1 N0=1 kernelpagesize_kB=4
7fb9483c0000 bind:0 anon=1 dirty=1 mapmax=2 N0=1 kernelpagesize_kB=4
7ffc2e433000 bind:0 stack anon=4 dirty=4 mapmax=2 N0=4 kernelpagesize_kB=4
Fio Node 1 pages
7fb9481b8000 bind:0 file=/usr/lib/x86_64-linux-gnu/libc-2.31.so mapped=128 mapmax=26 N1=128 kernelpagesize_kB=4
7fb948330000 bind:0 file=/usr/lib/x86_64-linux-gnu/libc-2.31.so mapped=32 mapmax=25 N1=32 kernelpagesize_kB=4
Fio Node 0 pages
55d54c700000 bind:0 file=/usr/local/bin/fio mapped=16 active=1 N0=16 kernelpagesize_kB=4
55d54c7c4000 bind:0 file=/usr/local/bin/fio anon=2 dirty=2 mapped=17 active=2 N0=17 kernelpagesize_kB=4
7fb9d37b3000 bind:0 anon=2 dirty=2 N0=2 kernelpagesize_kB=4
7fb9d399d000 bind:0 file=/usr/lib/x86_64-linux-gnu/libc-2.31.so anon=3 dirty=3 N0=3 kernelpagesize_kB=4
7fb9d39a0000 bind:0 file=/usr/lib/x86_64-linux-gnu/libc-2.31.so anon=3 dirty=3 N0=3 kernelpagesize_kB=4
7fb9d39a7000 bind:0 file=/usr/lib/x86_64-linux-gnu/libaio.so.1.0.1 mapped=1 mapmax=2 N0=1 kernelpagesize_kB=4
7fb9d39aa000 bind:0 file=/usr/lib/x86_64-linux-gnu/libaio.so.1.0.1 anon=1 dirty=1 N0=1 kernelpagesize_kB=4
7fb9d39ab000 bind:0 file=/usr/lib/x86_64-linux-gnu/libaio.so.1.0.1 anon=1 dirty=1 N0=1 kernelpagesize_kB=4
7fb9d39b0000 bind:0 file=/usr/lib/x86_64-linux-gnu/libdl-2.31.so anon=1 dirty=1 N0=1 kernelpagesize_kB=4
7fb9d39b1000 bind:0 file=/usr/lib/x86_64-linux-gnu/libdl-2.31.so anon=1 dirty=1 N0=1 kernelpagesize_kB=4
7fb9d39b2000 bind:0 anon=2 dirty=2 N0=2 kernelpagesize_kB=4
7fb9d39b4000 bind:0 file=/usr/lib/x86_64-linux-gnu/libmvec-2.31.so mapped=2 active=1 N0=2 kernelpagesize_kB=4
7fb9d39de000 bind:0 file=/usr/lib/x86_64-linux-gnu/libmvec-2.31.so anon=2 dirty=2 N0=2 kernelpagesize_kB=4
7fb9d3b2d000 bind:0 file=/usr/lib/x86_64-linux-gnu/libm-2.31.so anon=2 dirty=2 N0=2 kernelpagesize_kB=4
7fb9d3b4c000 bind:0 file=/usr/lib/x86_64-linux-gnu/libpthread-2.31.so anon=2 dirty=2 N0=2 kernelpagesize_kB=4
7fb9d3b52000 bind:0 file=/usr/lib/x86_64-linux-gnu/libz.so.1.2.11 mapped=2 mapmax=8 N0=2 kernelpagesize_kB=4
7fb9d3b6c000 bind:0 file=/usr/lib/x86_64-linux-gnu/libz.so.1.2.11 anon=2 dirty=2 N0=2 kernelpagesize_kB=4
7fb9d3b77000 bind:0 file=/usr/lib/x86_64-linux-gnu/librt-2.31.so anon=2 dirty=2 N0=2 kernelpagesize_kB=4
7fb9d3b79000 bind:0 file=/usr/lib/x86_64-linux-gnu/libnuma.so.1.0.0 mapped=3 mapmax=2 N0=3 kernelpagesize_kB=4
7fb9d3b84000 bind:0 file=/usr/lib/x86_64-linux-gnu/libnuma.so.1.0.0 anon=2 dirty=2 N0=2 kernelpagesize_kB=4
7fb9d3b86000 bind:0 anon=2 dirty=2 N0=2 kernelpagesize_kB=4
7fb9d3bbf000 bind:0 file=/usr/lib/x86_64-linux-gnu/ld-2.31.so anon=2 dirty=2 N0=2 kernelpagesize_kB=4
7fb9d3bc1000 bind:0 anon=1 dirty=1 N0=1 kernelpagesize_kB=4
7fffd41c6000 bind:0 stack anon=3 dirty=3 N0=3 kernelpagesize_kB=4
Fio Node 1 pages
7fb9d37b5000 bind:0 file=/usr/lib/x86_64-linux-gnu/libc-2.31.so mapped=37 mapmax=25 N1=37 kernelpagesize_kB=4
7fb9d37da000 bind:0 file=/usr/lib/x86_64-linux-gnu/libc-2.31.so mapped=278 mapmax=25 N1=278 kernelpagesize_kB=4
7fb9d3952000 bind:0 file=/usr/lib/x86_64-linux-gnu/libc-2.31.so mapped=46 mapmax=24 N1=46 kernelpagesize_kB=4
7fb9d39ac000 bind:0 file=/usr/lib/x86_64-linux-gnu/libdl-2.31.so mapped=1 mapmax=20 N1=1 kernelpagesize_kB=4
7fb9d39ad000 bind:0 file=/usr/lib/x86_64-linux-gnu/libdl-2.31.so mapped=2 mapmax=19 N1=2 kernelpagesize_kB=4
7fb9d39e0000 bind:0 file=/usr/lib/x86_64-linux-gnu/libm-2.31.so mapped=15 mapmax=12 N1=15 kernelpagesize_kB=4
7fb9d39ef000 bind:0 file=/usr/lib/x86_64-linux-gnu/libm-2.31.so mapped=80 mapmax=12 N1=80 kernelpagesize_kB=4
7fb9d3b2f000 bind:0 file=/usr/lib/x86_64-linux-gnu/libpthread-2.31.so mapped=6 mapmax=22 N1=6 kernelpagesize_kB=4
7fb9d3b36000 bind:0 file=/usr/lib/x86_64-linux-gnu/libpthread-2.31.so mapped=17 mapmax=22 N1=17 kernelpagesize_kB=4
7fb9d3b6e000 bind:0 file=/usr/lib/x86_64-linux-gnu/librt-2.31.so mapped=3 mapmax=17 N1=3 kernelpagesize_kB=4
7fb9d3b71000 bind:0 file=/usr/lib/x86_64-linux-gnu/librt-2.31.so mapped=4 mapmax=17 N1=4 kernelpagesize_kB=4
7fb9d3b92000 bind:0 file=/usr/lib/x86_64-linux-gnu/ld-2.31.so mapped=1 mapmax=25 N1=1 kernelpagesize_kB=4
7fb9d3b93000 bind:0 file=/usr/lib/x86_64-linux-gnu/ld-2.31.so mapped=35 mapmax=25 N1=35 kernelpagesize_kB=4
7fb9d3bb6000 bind:0 file=/usr/lib/x86_64-linux-gnu/ld-2.31.so mapped=8 mapmax=25 N1=8 kernelpagesize_kB=4
B.0.fio.2-1G.2.O
Begin
Node 0 MemTotal:       24743736 kB
Node 0 MemFree:        24404628 kB
Node 0 MemUsed:          339108 kB
Node 0 Active:            32544 kB
Node 0 Inactive:          29620 kB
Node 0 Active(anon):      16976 kB
Node 0 Inactive(anon):      448 kB
Node 0 Active(file):      15568 kB
Node 0 Inactive(file):    29172 kB
Node 0 Unevictable:       13544 kB
Node 0 Mlocked:           13544 kB
Node 0 Dirty:                44 kB
Node 0 Writeback:             0 kB
Node 0 FilePages:         48584 kB
Node 0 Mapped:            12400 kB
Node 0 AnonPages:         27220 kB
Node 0 Shmem:               624 kB
Node 0 KernelStack:        2168 kB
Node 0 PageTables:          580 kB
Node 0 NFS_Unstable:          0 kB
Node 0 Bounce:                0 kB
Node 0 WritebackTmp:          0 kB
Node 0 KReclaimable:      17048 kB
Node 0 Slab:              47060 kB
Node 0 SReclaimable:      17048 kB
Node 0 SUnreclaim:        30012 kB
Node 0 AnonHugePages:         0 kB
Node 0 ShmemHugePages:        0 kB
Node 0 ShmemPmdMapped:        0 kB
Node 0 FileHugePages:        0 kB
Node 0 FilePmdMapped:        0 kB
Node 0 HugePages_Total:     0
Node 0 HugePages_Free:      0
Node 0 HugePages_Surp:      0

Node 1 MemTotal:       24686196 kB
Node 1 MemFree:        24386344 kB
Node 1 MemUsed:          299852 kB
Node 1 Active:            63528 kB
Node 1 Inactive:          86288 kB
Node 1 Active(anon):      16820 kB
Node 1 Inactive(anon):      432 kB
Node 1 Active(file):      46708 kB
Node 1 Inactive(file):    85856 kB
Node 1 Unevictable:        4976 kB
Node 1 Mlocked:            4976 kB
Node 1 Dirty:               296 kB
Node 1 Writeback:             0 kB
Node 1 FilePages:        138332 kB
Node 1 Mapped:            56016 kB
Node 1 AnonPages:         16668 kB
Node 1 Shmem:               644 kB
Node 1 KernelStack:        1416 kB
Node 1 PageTables:          560 kB
Node 1 NFS_Unstable:          0 kB
Node 1 Bounce:                0 kB
Node 1 WritebackTmp:          0 kB
Node 1 KReclaimable:      24396 kB
Node 1 Slab:              58208 kB
Node 1 SReclaimable:      24396 kB
Node 1 SUnreclaim:        33812 kB
Node 1 AnonHugePages:         0 kB
Node 1 ShmemHugePages:        0 kB
Node 1 ShmemPmdMapped:        0 kB
Node 1 FileHugePages:        0 kB
Node 1 FilePmdMapped:        0 kB
Node 1 HugePages_Total:     0
Node 1 HugePages_Free:      0
Node 1 HugePages_Surp:      0

Load ZFS
Node 0 MemTotal:       24743736 kB
Node 0 MemFree:        24496868 kB
Node 0 MemUsed:          246868 kB
Node 0 Active:            49588 kB
Node 0 Inactive:          49844 kB
Node 0 Active(anon):      33304 kB
Node 0 Inactive(anon):      556 kB
Node 0 Active(file):      16284 kB
Node 0 Inactive(file):    49288 kB
Node 0 Unevictable:       13744 kB
Node 0 Mlocked:           13744 kB
Node 0 Dirty:                68 kB
Node 0 Writeback:             0 kB
Node 0 FilePages:         69520 kB
Node 0 Mapped:            13820 kB
Node 0 AnonPages:         43212 kB
Node 0 Shmem:               732 kB
Node 0 KernelStack:        2644 kB
Node 0 PageTables:         1448 kB
Node 0 NFS_Unstable:          0 kB
Node 0 Bounce:                0 kB
Node 0 WritebackTmp:          0 kB
Node 0 KReclaimable:      17736 kB
Node 0 Slab:              50148 kB
Node 0 SReclaimable:      17736 kB
Node 0 SUnreclaim:        32412 kB
Node 0 AnonHugePages:         0 kB
Node 0 ShmemHugePages:        0 kB
Node 0 ShmemPmdMapped:        0 kB
Node 0 FileHugePages:        0 kB
Node 0 FilePmdMapped:        0 kB
Node 0 HugePages_Total:     0
Node 0 HugePages_Free:      0
Node 0 HugePages_Surp:      0

Node 1 MemTotal:       24686196 kB
Node 1 MemFree:        24150252 kB
Node 1 MemUsed:          535944 kB
Node 1 Active:            75372 kB
Node 1 Inactive:         169504 kB
Node 1 Active(anon):      26972 kB
Node 1 Inactive(anon):      388 kB
Node 1 Active(file):      48400 kB
Node 1 Inactive(file):   169116 kB
Node 1 Unevictable:        4976 kB
Node 1 Mlocked:            4976 kB
Node 1 Dirty:               600 kB
Node 1 Writeback:             0 kB
Node 1 FilePages:        223024 kB
Node 1 Mapped:            58752 kB
Node 1 AnonPages:         26664 kB
Node 1 Shmem:               536 kB
Node 1 KernelStack:        1604 kB
Node 1 PageTables:          752 kB
Node 1 NFS_Unstable:          0 kB
Node 1 Bounce:                0 kB
Node 1 WritebackTmp:          0 kB
Node 1 KReclaimable:      25500 kB
Node 1 Slab:              63100 kB
Node 1 SReclaimable:      25500 kB
Node 1 SUnreclaim:        37600 kB
Node 1 AnonHugePages:         0 kB
Node 1 ShmemHugePages:        0 kB
Node 1 ShmemPmdMapped:        0 kB
Node 1 FileHugePages:        0 kB
Node 1 FilePmdMapped:        0 kB
Node 1 HugePages_Total:     0
Node 1 HugePages_Free:      0
Node 1 HugePages_Surp:      0

Import tank ZPool
Node 0 MemTotal:       24743736 kB
Node 0 MemFree:        24514056 kB
Node 0 MemUsed:          229680 kB
Node 0 Active:            33396 kB
Node 0 Inactive:          49580 kB
Node 0 Active(anon):      16640 kB
Node 0 Inactive(anon):      556 kB
Node 0 Active(file):      16756 kB
Node 0 Inactive(file):    49024 kB
Node 0 Unevictable:       13776 kB
Node 0 Mlocked:           13776 kB
Node 0 Dirty:                16 kB
Node 0 Writeback:             0 kB
Node 0 FilePages:         69752 kB
Node 0 Mapped:            12472 kB
Node 0 AnonPages:         27016 kB
Node 0 Shmem:               736 kB
Node 0 KernelStack:        2152 kB
Node 0 PageTables:          528 kB
Node 0 NFS_Unstable:          0 kB
Node 0 Bounce:                0 kB
Node 0 WritebackTmp:          0 kB
Node 0 KReclaimable:      17736 kB
Node 0 Slab:              49936 kB
Node 0 SReclaimable:      17736 kB
Node 0 SUnreclaim:        32200 kB
Node 0 AnonHugePages:         0 kB
Node 0 ShmemHugePages:        0 kB
Node 0 ShmemPmdMapped:        0 kB
Node 0 FileHugePages:        0 kB
Node 0 FilePmdMapped:        0 kB
Node 0 HugePages_Total:     0
Node 0 HugePages_Free:      0
Node 0 HugePages_Surp:      0

Node 1 MemTotal:       24686196 kB
Node 1 MemFree:        24141420 kB
Node 1 MemUsed:          544776 kB
Node 1 Active:            66196 kB
Node 1 Inactive:         170372 kB
Node 1 Active(anon):      17124 kB
Node 1 Inactive(anon):      392 kB
Node 1 Active(file):      49072 kB
Node 1 Inactive(file):   169980 kB
Node 1 Unevictable:        4976 kB
Node 1 Mlocked:            4976 kB
Node 1 Dirty:                48 kB
Node 1 Writeback:             0 kB
Node 1 FilePages:        224560 kB
Node 1 Mapped:            56240 kB
Node 1 AnonPages:         17052 kB
Node 1 Shmem:               532 kB
Node 1 KernelStack:        2536 kB
Node 1 PageTables:          704 kB
Node 1 NFS_Unstable:          0 kB
Node 1 Bounce:                0 kB
Node 1 WritebackTmp:          0 kB
Node 1 KReclaimable:      25620 kB
Node 1 Slab:              69276 kB
Node 1 SReclaimable:      25620 kB
Node 1 SUnreclaim:        43656 kB
Node 1 AnonHugePages:         0 kB
Node 1 ShmemHugePages:        0 kB
Node 1 ShmemPmdMapped:        0 kB
Node 1 FileHugePages:        0 kB
Node 1 FilePmdMapped:        0 kB
Node 1 HugePages_Total:     0
Node 1 HugePages_Free:      0
Node 1 HugePages_Surp:      0

After Test
Node 0 MemTotal:       24743736 kB
Node 0 MemFree:        22962728 kB
Node 0 MemUsed:         1781008 kB
Node 0 Active:            34464 kB
Node 0 Inactive:          50748 kB
Node 0 Active(anon):      16744 kB
Node 0 Inactive(anon):      580 kB
Node 0 Active(file):      17720 kB
Node 0 Inactive(file):    50168 kB
Node 0 Unevictable:       13776 kB
Node 0 Mlocked:           13776 kB
Node 0 Dirty:                48 kB
Node 0 Writeback:             0 kB
Node 0 FilePages:         71888 kB
Node 0 Mapped:            12684 kB
Node 0 AnonPages:         27068 kB
Node 0 Shmem:               780 kB
Node 0 KernelStack:        2136 kB
Node 0 PageTables:          700 kB
Node 0 NFS_Unstable:          0 kB
Node 0 Bounce:                0 kB
Node 0 WritebackTmp:          0 kB
Node 0 KReclaimable:      19068 kB
Node 0 Slab:              60304 kB
Node 0 SReclaimable:      19068 kB
Node 0 SUnreclaim:        41236 kB
Node 0 AnonHugePages:         0 kB
Node 0 ShmemHugePages:        0 kB
Node 0 ShmemPmdMapped:        0 kB
Node 0 FileHugePages:        0 kB
Node 0 FilePmdMapped:        0 kB
Node 0 HugePages_Total:     0
Node 0 HugePages_Free:      0
Node 0 HugePages_Surp:      0
Fio Node 0 pages
55e6bbad7000 bind:1 file=/usr/local/bin/fio mapped=16 N0=16 kernelpagesize_kB=4
55e6bbb9b000 bind:1 file=/usr/local/bin/fio anon=2 dirty=2 mapped=17 active=4 N0=15 N1=2 kernelpagesize_kB=4
7ffa3d854000 bind:1 file=/usr/lib/x86_64-linux-gnu/libaio.so.1.0.1 mapped=1 mapmax=2 N0=1 kernelpagesize_kB=4
7ffa3d861000 bind:1 file=/usr/lib/x86_64-linux-gnu/libmvec-2.31.so mapped=2 N0=2 kernelpagesize_kB=4
7ffa3d9ff000 bind:1 file=/usr/lib/x86_64-linux-gnu/libz.so.1.2.11 mapped=2 mapmax=8 N0=2 kernelpagesize_kB=4
7ffa3da26000 bind:1 file=/usr/lib/x86_64-linux-gnu/libnuma.so.1.0.0 mapped=3 mapmax=2 N0=3 kernelpagesize_kB=4
Fio Node 1 pages
55e6bbb9b000 bind:1 file=/usr/local/bin/fio anon=2 dirty=2 N1=2 kernelpagesize_kB=4
55e6bbb9d000 bind:1 file=/usr/local/bin/fio anon=110 dirty=110 mapped=114 active=112 N0=4 N1=110 kernelpagesize_kB=4
55e6bbc79000 bind:1 anon=2 dirty=2 N1=2 kernelpagesize_kB=4
55e6bd6a4000 bind:1 heap anon=4 dirty=4 N1=4 kernelpagesize_kB=4
7ffa3d660000 bind:1 anon=2 dirty=2 N1=2 kernelpagesize_kB=4
7ffa3d662000 bind:1 file=/usr/lib/x86_64-linux-gnu/libc-2.31.so mapped=37 mapmax=25 N1=37 kernelpagesize_kB=4
7ffa3d687000 bind:1 file=/usr/lib/x86_64-linux-gnu/libc-2.31.so mapped=265 mapmax=25 N1=265 kernelpagesize_kB=4
7ffa3d7ff000 bind:1 file=/usr/lib/x86_64-linux-gnu/libc-2.31.so mapped=48 mapmax=24 N1=48 kernelpagesize_kB=4
7ffa3d84a000 bind:1 file=/usr/lib/x86_64-linux-gnu/libc-2.31.so anon=3 dirty=3 N1=3 kernelpagesize_kB=4
7ffa3d84d000 bind:1 file=/usr/lib/x86_64-linux-gnu/libc-2.31.so anon=3 dirty=3 N1=3 kernelpagesize_kB=4
7ffa3d850000 bind:1 anon=4 dirty=4 N1=4 kernelpagesize_kB=4
7ffa3d857000 bind:1 file=/usr/lib/x86_64-linux-gnu/libaio.so.1.0.1 anon=1 dirty=1 N1=1 kernelpagesize_kB=4
7ffa3d858000 bind:1 file=/usr/lib/x86_64-linux-gnu/libaio.so.1.0.1 anon=1 dirty=1 N1=1 kernelpagesize_kB=4
7ffa3d859000 bind:1 file=/usr/lib/x86_64-linux-gnu/libdl-2.31.so mapped=1 mapmax=20 N1=1 kernelpagesize_kB=4
7ffa3d85a000 bind:1 file=/usr/lib/x86_64-linux-gnu/libdl-2.31.so mapped=2 mapmax=19 N1=2 kernelpagesize_kB=4
7ffa3d85d000 bind:1 file=/usr/lib/x86_64-linux-gnu/libdl-2.31.so anon=1 dirty=1 N1=1 kernelpagesize_kB=4
7ffa3d85e000 bind:1 file=/usr/lib/x86_64-linux-gnu/libdl-2.31.so anon=1 dirty=1 N1=1 kernelpagesize_kB=4
7ffa3d85f000 bind:1 anon=2 dirty=2 N1=2 kernelpagesize_kB=4
7ffa3d88b000 bind:1 file=/usr/lib/x86_64-linux-gnu/libmvec-2.31.so anon=1 dirty=1 N1=1 kernelpagesize_kB=4
7ffa3d88c000 bind:1 file=/usr/lib/x86_64-linux-gnu/libmvec-2.31.so anon=1 dirty=1 N1=1 kernelpagesize_kB=4
7ffa3d88d000 bind:1 file=/usr/lib/x86_64-linux-gnu/libm-2.31.so mapped=15 mapmax=12 N1=15 kernelpagesize_kB=4
7ffa3d89c000 bind:1 file=/usr/lib/x86_64-linux-gnu/libm-2.31.so mapped=64 mapmax=12 N1=64 kernelpagesize_kB=4
7ffa3d9da000 bind:1 file=/usr/lib/x86_64-linux-gnu/libm-2.31.so anon=1 dirty=1 N1=1 kernelpagesize_kB=4
7ffa3d9db000 bind:1 file=/usr/lib/x86_64-linux-gnu/libm-2.31.so anon=1 dirty=1 N1=1 kernelpagesize_kB=4
7ffa3d9dc000 bind:1 file=/usr/lib/x86_64-linux-gnu/libpthread-2.31.so mapped=7 mapmax=22 N1=7 kernelpagesize_kB=4
7ffa3d9e3000 bind:1 file=/usr/lib/x86_64-linux-gnu/libpthread-2.31.so mapped=17 mapmax=22 N1=17 kernelpagesize_kB=4
7ffa3d9f9000 bind:1 file=/usr/lib/x86_64-linux-gnu/libpthread-2.31.so anon=1 dirty=1 N1=1 kernelpagesize_kB=4
7ffa3d9fa000 bind:1 file=/usr/lib/x86_64-linux-gnu/libpthread-2.31.so anon=1 dirty=1 N1=1 kernelpagesize_kB=4
7ffa3d9fb000 bind:1 anon=1 dirty=1 N1=1 kernelpagesize_kB=4
7ffa3da19000 bind:1 file=/usr/lib/x86_64-linux-gnu/libz.so.1.2.11 anon=1 dirty=1 N1=1 kernelpagesize_kB=4
7ffa3da1a000 bind:1 file=/usr/lib/x86_64-linux-gnu/libz.so.1.2.11 anon=1 dirty=1 N1=1 kernelpagesize_kB=4
7ffa3da1b000 bind:1 file=/usr/lib/x86_64-linux-gnu/librt-2.31.so mapped=3 mapmax=17 N1=3 kernelpagesize_kB=4
7ffa3da1e000 bind:1 file=/usr/lib/x86_64-linux-gnu/librt-2.31.so mapped=4 mapmax=17 N1=4 kernelpagesize_kB=4
7ffa3da24000 bind:1 file=/usr/lib/x86_64-linux-gnu/librt-2.31.so anon=1 dirty=1 N1=1 kernelpagesize_kB=4
7ffa3da25000 bind:1 file=/usr/lib/x86_64-linux-gnu/librt-2.31.so anon=1 dirty=1 N1=1 kernelpagesize_kB=4
7ffa3da31000 bind:1 file=/usr/lib/x86_64-linux-gnu/libnuma.so.1.0.0 anon=1 dirty=1 N1=1 kernelpagesize_kB=4
7ffa3da32000 bind:1 file=/usr/lib/x86_64-linux-gnu/libnuma.so.1.0.0 anon=1 dirty=1 N1=1 kernelpagesize_kB=4
7ffa3da33000 bind:1 anon=2 dirty=2 N1=2 kernelpagesize_kB=4
7ffa3da3f000 bind:1 file=/usr/lib/x86_64-linux-gnu/ld-2.31.so mapped=1 mapmax=25 N1=1 kernelpagesize_kB=4
7ffa3da40000 bind:1 file=/usr/lib/x86_64-linux-gnu/ld-2.31.so mapped=35 mapmax=25 N1=35 kernelpagesize_kB=4
7ffa3da63000 bind:1 file=/usr/lib/x86_64-linux-gnu/ld-2.31.so mapped=8 mapmax=25 N1=8 kernelpagesize_kB=4
7ffa3da6b000 bind:1 file=/dev/zero\040(deleted) dirty=1 active=0 N1=1 kernelpagesize_kB=4
7ffa3da6c000 bind:1 file=/usr/lib/x86_64-linux-gnu/ld-2.31.so anon=1 dirty=1 N1=1 kernelpagesize_kB=4
7ffa3da6d000 bind:1 file=/usr/lib/x86_64-linux-gnu/ld-2.31.so anon=1 dirty=1 N1=1 kernelpagesize_kB=4
7ffa3da6e000 bind:1 anon=1 dirty=1 N1=1 kernelpagesize_kB=4
7fffa51d0000 bind:1 stack anon=3 dirty=3 N1=3 kernelpagesize_kB=4
Fio Node 0 pages
5605f5fb8000 bind:1 file=/usr/local/bin/fio mapped=16 N0=16 kernelpagesize_kB=4
5605f607c000 bind:1 file=/usr/local/bin/fio anon=2 dirty=2 mapped=17 active=4 N0=15 N1=2 kernelpagesize_kB=4
7f8d44f95000 bind:1 file=/usr/lib/x86_64-linux-gnu/libaio.so.1.0.1 mapped=1 mapmax=2 N0=1 kernelpagesize_kB=4
7f8d44fa2000 bind:1 file=/usr/lib/x86_64-linux-gnu/libmvec-2.31.so mapped=2 N0=2 kernelpagesize_kB=4
7f8d45140000 bind:1 file=/usr/lib/x86_64-linux-gnu/libz.so.1.2.11 mapped=2 mapmax=8 N0=2 kernelpagesize_kB=4
7f8d45167000 bind:1 file=/usr/lib/x86_64-linux-gnu/libnuma.so.1.0.0 mapped=3 mapmax=2 N0=3 kernelpagesize_kB=4
Fio Node 1 pages
5605f607c000 bind:1 file=/usr/local/bin/fio anon=2 dirty=2 N1=2 kernelpagesize_kB=4
5605f607e000 bind:1 file=/usr/local/bin/fio anon=108 dirty=108 mapped=112 active=110 N0=4 N1=108 kernelpagesize_kB=4
5605f771b000 bind:1 heap anon=4 dirty=4 N1=4 kernelpagesize_kB=4
7f8d44da1000 bind:1 anon=2 dirty=2 N1=2 kernelpagesize_kB=4
7f8d44da3000 bind:1 file=/usr/lib/x86_64-linux-gnu/libc-2.31.so mapped=37 mapmax=25 N1=37 kernelpagesize_kB=4
7f8d44dc8000 bind:1 file=/usr/lib/x86_64-linux-gnu/libc-2.31.so mapped=264 mapmax=25 N1=264 kernelpagesize_kB=4
7f8d44f40000 bind:1 file=/usr/lib/x86_64-linux-gnu/libc-2.31.so mapped=48 mapmax=24 N1=48 kernelpagesize_kB=4
7f8d44f8b000 bind:1 file=/usr/lib/x86_64-linux-gnu/libc-2.31.so anon=3 dirty=3 N1=3 kernelpagesize_kB=4
7f8d44f8e000 bind:1 file=/usr/lib/x86_64-linux-gnu/libc-2.31.so anon=3 dirty=3 N1=3 kernelpagesize_kB=4
7f8d44f91000 bind:1 anon=4 dirty=4 N1=4 kernelpagesize_kB=4
7f8d44f98000 bind:1 file=/usr/lib/x86_64-linux-gnu/libaio.so.1.0.1 anon=1 dirty=1 N1=1 kernelpagesize_kB=4
7f8d44f99000 bind:1 file=/usr/lib/x86_64-linux-gnu/libaio.so.1.0.1 anon=1 dirty=1 N1=1 kernelpagesize_kB=4
7f8d44f9a000 bind:1 file=/usr/lib/x86_64-linux-gnu/libdl-2.31.so mapped=1 mapmax=20 N1=1 kernelpagesize_kB=4
7f8d44f9b000 bind:1 file=/usr/lib/x86_64-linux-gnu/libdl-2.31.so mapped=2 mapmax=19 N1=2 kernelpagesize_kB=4
7f8d44f9e000 bind:1 file=/usr/lib/x86_64-linux-gnu/libdl-2.31.so anon=1 dirty=1 N1=1 kernelpagesize_kB=4
7f8d44f9f000 bind:1 file=/usr/lib/x86_64-linux-gnu/libdl-2.31.so anon=1 dirty=1 N1=1 kernelpagesize_kB=4
7f8d44fa0000 bind:1 anon=2 dirty=2 N1=2 kernelpagesize_kB=4
7f8d44fcc000 bind:1 file=/usr/lib/x86_64-linux-gnu/libmvec-2.31.so anon=1 dirty=1 N1=1 kernelpagesize_kB=4
7f8d44fcd000 bind:1 file=/usr/lib/x86_64-linux-gnu/libmvec-2.31.so anon=1 dirty=1 N1=1 kernelpagesize_kB=4
7f8d44fce000 bind:1 file=/usr/lib/x86_64-linux-gnu/libm-2.31.so mapped=13 mapmax=12 N1=13 kernelpagesize_kB=4
7f8d44fdd000 bind:1 file=/usr/lib/x86_64-linux-gnu/libm-2.31.so mapped=64 mapmax=12 N1=64 kernelpagesize_kB=4
7f8d4511b000 bind:1 file=/usr/lib/x86_64-linux-gnu/libm-2.31.so anon=1 dirty=1 N1=1 kernelpagesize_kB=4
7f8d4511c000 bind:1 file=/usr/lib/x86_64-linux-gnu/libm-2.31.so anon=1 dirty=1 N1=1 kernelpagesize_kB=4
7f8d4511d000 bind:1 file=/usr/lib/x86_64-linux-gnu/libpthread-2.31.so mapped=7 mapmax=22 N1=7 kernelpagesize_kB=4
7f8d45124000 bind:1 file=/usr/lib/x86_64-linux-gnu/libpthread-2.31.so mapped=17 mapmax=22 N1=17 kernelpagesize_kB=4
7f8d4513a000 bind:1 file=/usr/lib/x86_64-linux-gnu/libpthread-2.31.so anon=1 dirty=1 N1=1 kernelpagesize_kB=4
7f8d4513b000 bind:1 file=/usr/lib/x86_64-linux-gnu/libpthread-2.31.so anon=1 dirty=1 N1=1 kernelpagesize_kB=4
7f8d4513c000 bind:1 anon=1 dirty=1 N1=1 kernelpagesize_kB=4
7f8d4515a000 bind:1 file=/usr/lib/x86_64-linux-gnu/libz.so.1.2.11 anon=1 dirty=1 N1=1 kernelpagesize_kB=4
7f8d4515b000 bind:1 file=/usr/lib/x86_64-linux-gnu/libz.so.1.2.11 anon=1 dirty=1 N1=1 kernelpagesize_kB=4
7f8d4515c000 bind:1 file=/usr/lib/x86_64-linux-gnu/librt-2.31.so mapped=3 mapmax=17 N1=3 kernelpagesize_kB=4
7f8d4515f000 bind:1 file=/usr/lib/x86_64-linux-gnu/librt-2.31.so mapped=4 mapmax=17 N1=4 kernelpagesize_kB=4
7f8d45165000 bind:1 file=/usr/lib/x86_64-linux-gnu/librt-2.31.so anon=1 dirty=1 N1=1 kernelpagesize_kB=4
7f8d45166000 bind:1 file=/usr/lib/x86_64-linux-gnu/librt-2.31.so anon=1 dirty=1 N1=1 kernelpagesize_kB=4
7f8d45172000 bind:1 file=/usr/lib/x86_64-linux-gnu/libnuma.so.1.0.0 anon=1 dirty=1 N1=1 kernelpagesize_kB=4
7f8d45173000 bind:1 file=/usr/lib/x86_64-linux-gnu/libnuma.so.1.0.0 anon=1 dirty=1 N1=1 kernelpagesize_kB=4
7f8d45174000 bind:1 anon=2 dirty=2 N1=2 kernelpagesize_kB=4
7f8d45180000 bind:1 file=/usr/lib/x86_64-linux-gnu/ld-2.31.so mapped=1 mapmax=25 N1=1 kernelpagesize_kB=4
7f8d45181000 bind:1 file=/usr/lib/x86_64-linux-gnu/ld-2.31.so mapped=35 mapmax=25 N1=35 kernelpagesize_kB=4
7f8d451a4000 bind:1 file=/usr/lib/x86_64-linux-gnu/ld-2.31.so mapped=8 mapmax=25 N1=8 kernelpagesize_kB=4
7f8d451ac000 bind:1 file=/dev/zero\040(deleted) dirty=1 active=0 N1=1 kernelpagesize_kB=4
7f8d451ad000 bind:1 file=/usr/lib/x86_64-linux-gnu/ld-2.31.so anon=1 dirty=1 N1=1 kernelpagesize_kB=4
7f8d451ae000 bind:1 file=/usr/lib/x86_64-linux-gnu/ld-2.31.so anon=1 dirty=1 N1=1 kernelpagesize_kB=4
7f8d451af000 bind:1 anon=1 dirty=1 N1=1 kernelpagesize_kB=4
7ffe72142000 bind:1 stack anon=4 dirty=4 N1=4 kernelpagesize_kB=4

Node 1 MemTotal:       24686196 kB
Node 1 MemFree:        23810776 kB
Node 1 MemUsed:          875420 kB
Node 1 Active:            65940 kB
Node 1 Inactive:         170120 kB
Node 1 Active(anon):      16584 kB
Node 1 Inactive(anon):      388 kB
Node 1 Active(file):      49356 kB
Node 1 Inactive(file):   169732 kB
Node 1 Unevictable:        4976 kB
Node 1 Mlocked:            4976 kB
Node 1 Dirty:                72 kB
Node 1 Writeback:             0 kB
Node 1 FilePages:        224592 kB
Node 1 Mapped:            56100 kB
Node 1 AnonPages:         16440 kB
Node 1 Shmem:               532 kB
Node 1 KernelStack:        2488 kB
Node 1 PageTables:          592 kB
Node 1 NFS_Unstable:          0 kB
Node 1 Bounce:                0 kB
Node 1 WritebackTmp:          0 kB
Node 1 KReclaimable:      25620 kB
Node 1 Slab:              70536 kB
Node 1 SReclaimable:      25620 kB
Node 1 SUnreclaim:        44916 kB
Node 1 AnonHugePages:         0 kB
Node 1 ShmemHugePages:        0 kB
Node 1 ShmemPmdMapped:        0 kB
Node 1 FileHugePages:        0 kB
Node 1 FilePmdMapped:        0 kB
Node 1 HugePages_Total:     0
Node 1 HugePages_Free:      0
Node 1 HugePages_Surp:      0

After Opposite Node
Node 0 MemTotal:       24743736 kB
Node 0 MemFree:        22964540 kB
Node 0 MemUsed:         1779196 kB
Node 0 Active:            34452 kB
Node 0 Inactive:          50552 kB
Node 0 Active(anon):      16556 kB
Node 0 Inactive(anon):      552 kB
Node 0 Active(file):      17896 kB
Node 0 Inactive(file):    50000 kB
Node 0 Unevictable:       13776 kB
Node 0 Mlocked:           13776 kB
Node 0 Dirty:                52 kB
Node 0 Writeback:             0 kB
Node 0 FilePages:         71852 kB
Node 0 Mapped:            12608 kB
Node 0 AnonPages:         26928 kB
Node 0 Shmem:               736 kB
Node 0 KernelStack:        2088 kB
Node 0 PageTables:          528 kB
Node 0 NFS_Unstable:          0 kB
Node 0 Bounce:                0 kB
Node 0 WritebackTmp:          0 kB
Node 0 KReclaimable:      19068 kB
Node 0 Slab:              60312 kB
Node 0 SReclaimable:      19068 kB
Node 0 SUnreclaim:        41244 kB
Node 0 AnonHugePages:         0 kB
Node 0 ShmemHugePages:        0 kB
Node 0 ShmemPmdMapped:        0 kB
Node 0 FileHugePages:        0 kB
Node 0 FilePmdMapped:        0 kB
Node 0 HugePages_Total:     0
Node 0 HugePages_Free:      0
Node 0 HugePages_Surp:      0

Node 1 MemTotal:       24686196 kB
Node 1 MemFree:        23810548 kB
Node 1 MemUsed:          875648 kB
Node 1 Active:            66184 kB
Node 1 Inactive:         170156 kB
Node 1 Active(anon):      16800 kB
Node 1 Inactive(anon):      424 kB
Node 1 Active(file):      49384 kB
Node 1 Inactive(file):   169732 kB
Node 1 Unevictable:        4976 kB
Node 1 Mlocked:            4976 kB
Node 1 Dirty:               172 kB
Node 1 Writeback:             0 kB
Node 1 FilePages:        224664 kB
Node 1 Mapped:            56144 kB
Node 1 AnonPages:         16512 kB
Node 1 Shmem:               576 kB
Node 1 KernelStack:        2488 kB
Node 1 PageTables:          704 kB
Node 1 NFS_Unstable:          0 kB
Node 1 Bounce:                0 kB
Node 1 WritebackTmp:          0 kB
Node 1 KReclaimable:      25660 kB
Node 1 Slab:              70572 kB
Node 1 SReclaimable:      25660 kB
Node 1 SUnreclaim:        44912 kB
Node 1 AnonHugePages:         0 kB
Node 1 ShmemHugePages:        0 kB
Node 1 ShmemPmdMapped:        0 kB
Node 1 FileHugePages:        0 kB
Node 1 FilePmdMapped:        0 kB
Node 1 HugePages_Total:     0
Node 1 HugePages_Free:      0
Node 1 HugePages_Surp:      0

B.0.fio.2-1G.2.O Complete!
