Fio Node 0 pages
55d7e3617000 bind:0 file=/usr/bin/dash anon=2 dirty=2 mapmax=2 N0=2 kernelpagesize_kB=4
55d7e3619000 bind:0 file=/usr/bin/dash anon=1 dirty=1 N0=1 kernelpagesize_kB=4
55d7e361a000 bind:0 anon=1 dirty=1 N0=1 kernelpagesize_kB=4
55d7e4795000 bind:0 heap anon=2 dirty=2 mapmax=2 N0=2 kernelpagesize_kB=4
7f0d78d8f000 bind:0 file=/usr/lib/x86_64-linux-gnu/libc-2.31.so mapped=128 mapmax=57 N0=128 kernelpagesize_kB=4
7f0d78f07000 bind:0 file=/usr/lib/x86_64-linux-gnu/libc-2.31.so mapped=25 mapmax=56 N0=25 kernelpagesize_kB=4
7f0d78f52000 bind:0 file=/usr/lib/x86_64-linux-gnu/libc-2.31.so anon=3 dirty=3 mapmax=2 N0=3 kernelpagesize_kB=4
7f0d78f55000 bind:0 file=/usr/lib/x86_64-linux-gnu/libc-2.31.so anon=3 dirty=3 mapmax=2 N0=3 kernelpagesize_kB=4
7f0d78f58000 bind:0 anon=6 dirty=6 mapmax=2 N0=6 kernelpagesize_kB=4
7f0d78f95000 bind:0 file=/usr/lib/x86_64-linux-gnu/ld-2.31.so anon=1 dirty=1 mapmax=2 N0=1 kernelpagesize_kB=4
7f0d78f96000 bind:0 file=/usr/lib/x86_64-linux-gnu/ld-2.31.so anon=1 dirty=1 N0=1 kernelpagesize_kB=4
7f0d78f97000 bind:0 anon=1 dirty=1 mapmax=2 N0=1 kernelpagesize_kB=4
7ffec3e1e000 bind:0 stack anon=3 dirty=3 mapmax=2 N0=3 kernelpagesize_kB=4
Fio Node 1 pages
55d7e35fe000 bind:0 file=/usr/bin/dash mapped=18 mapmax=3 N1=18 kernelpagesize_kB=4
55d7e3611000 bind:0 file=/usr/bin/dash mapped=6 mapmax=3 N1=6 kernelpagesize_kB=4
Fio Node 0 pages
5619f2d68000 bind:0 file=/usr/local/bin/fio mapped=16 active=1 N0=16 kernelpagesize_kB=4
5619f2e2c000 bind:0 file=/usr/local/bin/fio anon=2 dirty=2 mapped=17 active=2 N0=17 kernelpagesize_kB=4
7f0c293cd000 bind:0 file=/usr/lib/x86_64-linux-gnu/libc-2.31.so mapped=32 mapmax=25 N0=32 kernelpagesize_kB=4
7f0c295b5000 bind:0 file=/usr/lib/x86_64-linux-gnu/libc-2.31.so anon=2 dirty=2 mapped=6 active=2 N0=6 kernelpagesize_kB=4
7f0c295c2000 bind:0 file=/usr/lib/x86_64-linux-gnu/libaio.so.1.0.1 anon=2 dirty=2 N0=2 kernelpagesize_kB=4
7f0c295c4000 bind:0 file=/usr/lib/x86_64-linux-gnu/libdl-2.31.so mapped=1 mapmax=20 N0=1 kernelpagesize_kB=4
7f0c295c8000 bind:0 file=/usr/lib/x86_64-linux-gnu/libdl-2.31.so anon=2 dirty=2 N0=2 kernelpagesize_kB=4
7f0c295ca000 bind:0 anon=2 dirty=2 N0=2 kernelpagesize_kB=4
7f0c295cc000 bind:0 file=/usr/lib/x86_64-linux-gnu/libmvec-2.31.so mapped=2 active=1 N0=2 kernelpagesize_kB=4
7f0c295f6000 bind:0 file=/usr/lib/x86_64-linux-gnu/libmvec-2.31.so anon=2 dirty=2 N0=2 kernelpagesize_kB=4
7f0c295f8000 bind:0 file=/usr/lib/x86_64-linux-gnu/libm-2.31.so mapped=15 mapmax=12 N0=15 kernelpagesize_kB=4
7f0c29745000 bind:0 file=/usr/lib/x86_64-linux-gnu/libm-2.31.so anon=2 dirty=2 N0=2 kernelpagesize_kB=4
7f0c29747000 bind:0 file=/usr/lib/x86_64-linux-gnu/libpthread-2.31.so mapped=7 mapmax=22 N0=7 kernelpagesize_kB=4
7f0c29764000 bind:0 file=/usr/lib/x86_64-linux-gnu/libpthread-2.31.so anon=2 dirty=2 N0=2 kernelpagesize_kB=4
7f0c29784000 bind:0 file=/usr/lib/x86_64-linux-gnu/libz.so.1.2.11 anon=2 dirty=2 N0=2 kernelpagesize_kB=4
7f0c29786000 bind:0 file=/usr/lib/x86_64-linux-gnu/librt-2.31.so mapped=3 mapmax=17 N0=3 kernelpagesize_kB=4
7f0c2978f000 bind:0 file=/usr/lib/x86_64-linux-gnu/librt-2.31.so anon=2 dirty=2 N0=2 kernelpagesize_kB=4
7f0c29791000 bind:0 file=/usr/lib/x86_64-linux-gnu/libnuma.so.1.0.0 mapped=3 mapmax=2 N0=3 kernelpagesize_kB=4
7f0c2979c000 bind:0 file=/usr/lib/x86_64-linux-gnu/libnuma.so.1.0.0 anon=2 dirty=2 N0=2 kernelpagesize_kB=4
7f0c2979e000 bind:0 anon=2 dirty=2 N0=2 kernelpagesize_kB=4
7f0c297a0000 bind:0 file=/etc/ld.so.cache mapped=10 N0=10 kernelpagesize_kB=4
7f0c297aa000 bind:0 file=/usr/lib/x86_64-linux-gnu/ld-2.31.so mapped=1 mapmax=25 N0=1 kernelpagesize_kB=4
7f0c297ab000 bind:0 file=/usr/lib/x86_64-linux-gnu/ld-2.31.so mapped=35 mapmax=25 N0=35 kernelpagesize_kB=4
7f0c297ce000 bind:0 file=/usr/lib/x86_64-linux-gnu/ld-2.31.so mapped=8 mapmax=25 N0=8 kernelpagesize_kB=4
7f0c297d7000 bind:0 file=/usr/lib/x86_64-linux-gnu/ld-2.31.so anon=2 dirty=2 N0=2 kernelpagesize_kB=4
7f0c297d9000 bind:0 anon=1 dirty=1 N0=1 kernelpagesize_kB=4
7ffed4673000 bind:0 stack anon=3 dirty=3 N0=3 kernelpagesize_kB=4
Fio Node 1 pages
7f0c295bf000 bind:0 file=/usr/lib/x86_64-linux-gnu/libaio.so.1.0.1 mapped=1 mapmax=2 N1=1 kernelpagesize_kB=4
7f0c295c0000 bind:0 file=/usr/lib/x86_64-linux-gnu/libaio.so.1.0.1 mapped=1 mapmax=2 N1=1 kernelpagesize_kB=4
7f0c2976a000 bind:0 file=/usr/lib/x86_64-linux-gnu/libz.so.1.2.11 mapped=2 mapmax=8 N1=2 kernelpagesize_kB=4
7f0c2976c000 bind:0 file=/usr/lib/x86_64-linux-gnu/libz.so.1.2.11 mapped=15 mapmax=8 N1=15 kernelpagesize_kB=4
B.0.fio.250M.3.O
Begin
Node 0 MemTotal:       24768352 kB
Node 0 MemFree:        24532244 kB
Node 0 MemUsed:          236108 kB
Node 0 Active:            31428 kB
Node 0 Inactive:          44696 kB
Node 0 Active(anon):       8832 kB
Node 0 Inactive(anon):      536 kB
Node 0 Active(file):      22596 kB
Node 0 Inactive(file):    44160 kB
Node 0 Unevictable:       17468 kB
Node 0 Mlocked:           17468 kB
Node 0 Dirty:               108 kB
Node 0 Writeback:             0 kB
Node 0 FilePages:         74636 kB
Node 0 Mapped:            36468 kB
Node 0 AnonPages:         19036 kB
Node 0 Shmem:               744 kB
Node 0 KernelStack:        2264 kB
Node 0 PageTables:          604 kB
Node 0 NFS_Unstable:          0 kB
Node 0 Bounce:                0 kB
Node 0 WritebackTmp:          0 kB
Node 0 KReclaimable:      22256 kB
Node 0 Slab:              55128 kB
Node 0 SReclaimable:      22256 kB
Node 0 SUnreclaim:        32872 kB
Node 0 AnonHugePages:         0 kB
Node 0 ShmemHugePages:        0 kB
Node 0 ShmemPmdMapped:        0 kB
Node 0 FileHugePages:        0 kB
Node 0 FilePmdMapped:        0 kB
Node 0 HugePages_Total:     0
Node 0 HugePages_Free:      0
Node 0 HugePages_Surp:      0

Node 1 MemTotal:       24661580 kB
Node 1 MemFree:        24275332 kB
Node 1 MemUsed:          386248 kB
Node 1 Active:            63652 kB
Node 1 Inactive:          55904 kB
Node 1 Active(anon):      24956 kB
Node 1 Inactive(anon):      352 kB
Node 1 Active(file):      38696 kB
Node 1 Inactive(file):    55552 kB
Node 1 Unevictable:        1056 kB
Node 1 Mlocked:            1056 kB
Node 1 Dirty:               416 kB
Node 1 Writeback:             0 kB
Node 1 FilePages:         95972 kB
Node 1 Mapped:            19488 kB
Node 1 AnonPages:         24800 kB
Node 1 Shmem:               524 kB
Node 1 KernelStack:        1352 kB
Node 1 PageTables:          472 kB
Node 1 NFS_Unstable:          0 kB
Node 1 Bounce:                0 kB
Node 1 WritebackTmp:          0 kB
Node 1 KReclaimable:      19736 kB
Node 1 Slab:              51064 kB
Node 1 SReclaimable:      19736 kB
Node 1 SUnreclaim:        31328 kB
Node 1 AnonHugePages:         0 kB
Node 1 ShmemHugePages:        0 kB
Node 1 ShmemPmdMapped:        0 kB
Node 1 FileHugePages:        0 kB
Node 1 FilePmdMapped:        0 kB
Node 1 HugePages_Total:     0
Node 1 HugePages_Free:      0
Node 1 HugePages_Surp:      0

Load ZFS
Node 0 MemTotal:       24768352 kB
Node 0 MemFree:        24486248 kB
Node 0 MemUsed:          282104 kB
Node 0 Active:            43272 kB
Node 0 Inactive:          79368 kB
Node 0 Active(anon):      20116 kB
Node 0 Inactive(anon):      432 kB
Node 0 Active(file):      23156 kB
Node 0 Inactive(file):    78936 kB
Node 0 Unevictable:       17668 kB
Node 0 Mlocked:           17668 kB
Node 0 Dirty:               380 kB
Node 0 Writeback:             0 kB
Node 0 FilePages:        109816 kB
Node 0 Mapped:            39184 kB
Node 0 AnonPages:         30588 kB
Node 0 Shmem:               588 kB
Node 0 KernelStack:        2200 kB
Node 0 PageTables:         1148 kB
Node 0 NFS_Unstable:          0 kB
Node 0 Bounce:                0 kB
Node 0 WritebackTmp:          0 kB
Node 0 KReclaimable:      23004 kB
Node 0 Slab:              57032 kB
Node 0 SReclaimable:      23004 kB
Node 0 SUnreclaim:        34028 kB
Node 0 AnonHugePages:         0 kB
Node 0 ShmemHugePages:        0 kB
Node 0 ShmemPmdMapped:        0 kB
Node 0 FileHugePages:        0 kB
Node 0 FilePmdMapped:        0 kB
Node 0 HugePages_Total:     0
Node 0 HugePages_Free:      0
Node 0 HugePages_Surp:      0

Node 1 MemTotal:       24661580 kB
Node 1 MemFree:        24177456 kB
Node 1 MemUsed:          484124 kB
Node 1 Active:            81060 kB
Node 1 Inactive:         124956 kB
Node 1 Active(anon):      40504 kB
Node 1 Inactive(anon):      500 kB
Node 1 Active(file):      40556 kB
Node 1 Inactive(file):   124456 kB
Node 1 Unevictable:        1056 kB
Node 1 Mlocked:            1056 kB
Node 1 Dirty:               200 kB
Node 1 Writeback:             0 kB
Node 1 FilePages:        166756 kB
Node 1 Mapped:            21520 kB
Node 1 AnonPages:         40420 kB
Node 1 Shmem:               680 kB
Node 1 KernelStack:        2088 kB
Node 1 PageTables:         1612 kB
Node 1 NFS_Unstable:          0 kB
Node 1 Bounce:                0 kB
Node 1 WritebackTmp:          0 kB
Node 1 KReclaimable:      20708 kB
Node 1 Slab:              55148 kB
Node 1 SReclaimable:      20708 kB
Node 1 SUnreclaim:        34440 kB
Node 1 AnonHugePages:         0 kB
Node 1 ShmemHugePages:        0 kB
Node 1 ShmemPmdMapped:        0 kB
Node 1 FileHugePages:        0 kB
Node 1 FilePmdMapped:        0 kB
Node 1 HugePages_Total:     0
Node 1 HugePages_Free:      0
Node 1 HugePages_Surp:      0

Import tank ZPool
Node 0 MemTotal:       24768352 kB
Node 0 MemFree:        24483936 kB
Node 0 MemUsed:          284416 kB
Node 0 Active:            42792 kB
Node 0 Inactive:          79368 kB
Node 0 Active(anon):      19636 kB
Node 0 Inactive(anon):      432 kB
Node 0 Active(file):      23156 kB
Node 0 Inactive(file):    78936 kB
Node 0 Unevictable:       17700 kB
Node 0 Mlocked:           17700 kB
Node 0 Dirty:               440 kB
Node 0 Writeback:             0 kB
Node 0 FilePages:        109836 kB
Node 0 Mapped:            38660 kB
Node 0 AnonPages:         30052 kB
Node 0 Shmem:               576 kB
Node 0 KernelStack:        2136 kB
Node 0 PageTables:          900 kB
Node 0 NFS_Unstable:          0 kB
Node 0 Bounce:                0 kB
Node 0 WritebackTmp:          0 kB
Node 0 KReclaimable:      23004 kB
Node 0 Slab:              58004 kB
Node 0 SReclaimable:      23004 kB
Node 0 SUnreclaim:        35000 kB
Node 0 AnonHugePages:         0 kB
Node 0 ShmemHugePages:        0 kB
Node 0 ShmemPmdMapped:        0 kB
Node 0 FileHugePages:        0 kB
Node 0 FilePmdMapped:        0 kB
Node 0 HugePages_Total:     0
Node 0 HugePages_Free:      0
Node 0 HugePages_Surp:      0

Node 1 MemTotal:       24661580 kB
Node 1 MemFree:        24161696 kB
Node 1 MemUsed:          499884 kB
Node 1 Active:            81232 kB
Node 1 Inactive:         125872 kB
Node 1 Active(anon):      40252 kB
Node 1 Inactive(anon):      516 kB
Node 1 Active(file):      40980 kB
Node 1 Inactive(file):   125356 kB
Node 1 Unevictable:        1056 kB
Node 1 Mlocked:            1056 kB
Node 1 Dirty:               128 kB
Node 1 Writeback:             0 kB
Node 1 FilePages:        168084 kB
Node 1 Mapped:            21244 kB
Node 1 AnonPages:         39708 kB
Node 1 Shmem:               692 kB
Node 1 KernelStack:        3128 kB
Node 1 PageTables:         1644 kB
Node 1 NFS_Unstable:          0 kB
Node 1 Bounce:                0 kB
Node 1 WritebackTmp:          0 kB
Node 1 KReclaimable:      20860 kB
Node 1 Slab:              61548 kB
Node 1 SReclaimable:      20860 kB
Node 1 SUnreclaim:        40688 kB
Node 1 AnonHugePages:         0 kB
Node 1 ShmemHugePages:        0 kB
Node 1 ShmemPmdMapped:        0 kB
Node 1 FileHugePages:        0 kB
Node 1 FilePmdMapped:        0 kB
Node 1 HugePages_Total:     0
Node 1 HugePages_Free:      0
Node 1 HugePages_Surp:      0

After Test
Node 0 MemTotal:       24768352 kB
Node 0 MemFree:        23964736 kB
Node 0 MemUsed:          803616 kB
Node 0 Active:            31864 kB
Node 0 Inactive:          80232 kB
Node 0 Active(anon):       7568 kB
Node 0 Inactive(anon):      456 kB
Node 0 Active(file):      24296 kB
Node 0 Inactive(file):    79776 kB
Node 0 Unevictable:       17700 kB
Node 0 Mlocked:           17700 kB
Node 0 Dirty:               456 kB
Node 0 Writeback:             0 kB
Node 0 FilePages:        111832 kB
Node 0 Mapped:            36732 kB
Node 0 AnonPages:         17876 kB
Node 0 Shmem:               624 kB
Node 0 KernelStack:        2072 kB
Node 0 PageTables:          660 kB
Node 0 NFS_Unstable:          0 kB
Node 0 Bounce:                0 kB
Node 0 WritebackTmp:          0 kB
Node 0 KReclaimable:      24368 kB
Node 0 Slab:              63124 kB
Node 0 SReclaimable:      24368 kB
Node 0 SUnreclaim:        38756 kB
Node 0 AnonHugePages:         0 kB
Node 0 ShmemHugePages:        0 kB
Node 0 ShmemPmdMapped:        0 kB
Node 0 FileHugePages:        0 kB
Node 0 FilePmdMapped:        0 kB
Node 0 HugePages_Total:     0
Node 0 HugePages_Free:      0
Node 0 HugePages_Surp:      0
Fio Node 0 pages
55a6872ed000 bind:1 file=/usr/local/bin/fio mapped=16 N0=16 kernelpagesize_kB=4
55a6873b1000 bind:1 file=/usr/local/bin/fio anon=2 dirty=2 mapped=17 active=4 N0=15 N1=2 kernelpagesize_kB=4
7f127edd5000 bind:1 file=/usr/lib/x86_64-linux-gnu/libc-2.31.so mapped=37 mapmax=25 N0=37 kernelpagesize_kB=4
7f127efcc000 bind:1 file=/usr/lib/x86_64-linux-gnu/libdl-2.31.so mapped=1 mapmax=20 N0=1 kernelpagesize_kB=4
7f127efd4000 bind:1 file=/usr/lib/x86_64-linux-gnu/libmvec-2.31.so mapped=2 N0=2 kernelpagesize_kB=4
7f127f000000 bind:1 file=/usr/lib/x86_64-linux-gnu/libm-2.31.so mapped=15 mapmax=12 N0=15 kernelpagesize_kB=4
7f127f14f000 bind:1 file=/usr/lib/x86_64-linux-gnu/libpthread-2.31.so mapped=6 mapmax=22 N0=6 kernelpagesize_kB=4
7f127f18e000 bind:1 file=/usr/lib/x86_64-linux-gnu/librt-2.31.so mapped=3 mapmax=17 N0=3 kernelpagesize_kB=4
7f127f199000 bind:1 file=/usr/lib/x86_64-linux-gnu/libnuma.so.1.0.0 mapped=3 mapmax=2 N0=3 kernelpagesize_kB=4
7f127f1a8000 bind:1 file=/etc/ld.so.cache mapped=10 N0=10 kernelpagesize_kB=4
7f127f1b2000 bind:1 file=/usr/lib/x86_64-linux-gnu/ld-2.31.so mapped=1 mapmax=25 N0=1 kernelpagesize_kB=4
7f127f1b3000 bind:1 file=/usr/lib/x86_64-linux-gnu/ld-2.31.so mapped=35 mapmax=25 N0=35 kernelpagesize_kB=4
7f127f1d6000 bind:1 file=/usr/lib/x86_64-linux-gnu/ld-2.31.so mapped=8 mapmax=25 N0=8 kernelpagesize_kB=4
Fio Node 1 pages
55a6873b1000 bind:1 file=/usr/local/bin/fio anon=2 dirty=2 N1=2 kernelpagesize_kB=4
55a6873b3000 bind:1 file=/usr/local/bin/fio anon=112 dirty=112 mapped=116 active=114 N0=4 N1=112 kernelpagesize_kB=4
55a68748f000 bind:1 anon=2 dirty=2 N1=2 kernelpagesize_kB=4
55a6878f1000 bind:1 heap anon=4 dirty=4 N1=4 kernelpagesize_kB=4
7f127edd3000 bind:1 anon=2 dirty=2 N1=2 kernelpagesize_kB=4
7f127efbd000 bind:1 file=/usr/lib/x86_64-linux-gnu/libc-2.31.so anon=3 dirty=3 N1=3 kernelpagesize_kB=4
7f127efc0000 bind:1 file=/usr/lib/x86_64-linux-gnu/libc-2.31.so anon=3 dirty=3 N1=3 kernelpagesize_kB=4
7f127efc3000 bind:1 anon=4 dirty=4 N1=4 kernelpagesize_kB=4
7f127efc7000 bind:1 file=/usr/lib/x86_64-linux-gnu/libaio.so.1.0.1 mapped=1 mapmax=2 N1=1 kernelpagesize_kB=4
7f127efc8000 bind:1 file=/usr/lib/x86_64-linux-gnu/libaio.so.1.0.1 mapped=1 mapmax=2 N1=1 kernelpagesize_kB=4
7f127efca000 bind:1 file=/usr/lib/x86_64-linux-gnu/libaio.so.1.0.1 anon=1 dirty=1 N1=1 kernelpagesize_kB=4
7f127efcb000 bind:1 file=/usr/lib/x86_64-linux-gnu/libaio.so.1.0.1 anon=1 dirty=1 N1=1 kernelpagesize_kB=4
7f127efd0000 bind:1 file=/usr/lib/x86_64-linux-gnu/libdl-2.31.so anon=1 dirty=1 N1=1 kernelpagesize_kB=4
7f127efd1000 bind:1 file=/usr/lib/x86_64-linux-gnu/libdl-2.31.so anon=1 dirty=1 N1=1 kernelpagesize_kB=4
7f127efd2000 bind:1 anon=2 dirty=2 N1=2 kernelpagesize_kB=4
7f127effe000 bind:1 file=/usr/lib/x86_64-linux-gnu/libmvec-2.31.so anon=1 dirty=1 N1=1 kernelpagesize_kB=4
7f127efff000 bind:1 file=/usr/lib/x86_64-linux-gnu/libmvec-2.31.so anon=1 dirty=1 N1=1 kernelpagesize_kB=4
7f127f14d000 bind:1 file=/usr/lib/x86_64-linux-gnu/libm-2.31.so anon=1 dirty=1 N1=1 kernelpagesize_kB=4
7f127f14e000 bind:1 file=/usr/lib/x86_64-linux-gnu/libm-2.31.so anon=1 dirty=1 N1=1 kernelpagesize_kB=4
7f127f16c000 bind:1 file=/usr/lib/x86_64-linux-gnu/libpthread-2.31.so anon=1 dirty=1 N1=1 kernelpagesize_kB=4
7f127f16d000 bind:1 file=/usr/lib/x86_64-linux-gnu/libpthread-2.31.so anon=1 dirty=1 N1=1 kernelpagesize_kB=4
7f127f16e000 bind:1 anon=1 dirty=1 N1=1 kernelpagesize_kB=4
7f127f172000 bind:1 file=/usr/lib/x86_64-linux-gnu/libz.so.1.2.11 mapped=2 mapmax=8 N1=2 kernelpagesize_kB=4
7f127f174000 bind:1 file=/usr/lib/x86_64-linux-gnu/libz.so.1.2.11 mapped=15 mapmax=8 N1=15 kernelpagesize_kB=4
7f127f18c000 bind:1 file=/usr/lib/x86_64-linux-gnu/libz.so.1.2.11 anon=1 dirty=1 N1=1 kernelpagesize_kB=4
7f127f18d000 bind:1 file=/usr/lib/x86_64-linux-gnu/libz.so.1.2.11 anon=1 dirty=1 N1=1 kernelpagesize_kB=4
7f127f197000 bind:1 file=/usr/lib/x86_64-linux-gnu/librt-2.31.so anon=1 dirty=1 N1=1 kernelpagesize_kB=4
7f127f198000 bind:1 file=/usr/lib/x86_64-linux-gnu/librt-2.31.so anon=1 dirty=1 N1=1 kernelpagesize_kB=4
7f127f1a4000 bind:1 file=/usr/lib/x86_64-linux-gnu/libnuma.so.1.0.0 anon=1 dirty=1 N1=1 kernelpagesize_kB=4
7f127f1a5000 bind:1 file=/usr/lib/x86_64-linux-gnu/libnuma.so.1.0.0 anon=1 dirty=1 N1=1 kernelpagesize_kB=4
7f127f1a6000 bind:1 anon=2 dirty=2 N1=2 kernelpagesize_kB=4
7f127f1b1000 bind:1 file=/dev/zero\040(deleted) dirty=1 active=0 N1=1 kernelpagesize_kB=4
7f127f1de000 bind:1 file=/dev/zero\040(deleted) dirty=1 active=0 N1=1 kernelpagesize_kB=4
7f127f1df000 bind:1 file=/usr/lib/x86_64-linux-gnu/ld-2.31.so anon=1 dirty=1 N1=1 kernelpagesize_kB=4
7f127f1e0000 bind:1 file=/usr/lib/x86_64-linux-gnu/ld-2.31.so anon=1 dirty=1 N1=1 kernelpagesize_kB=4
7f127f1e1000 bind:1 anon=1 dirty=1 N1=1 kernelpagesize_kB=4
7ffe6c0f0000 bind:1 stack anon=4 dirty=4 N1=4 kernelpagesize_kB=4
Fio Node 0 pages
55cdf5fb5000 bind:1 file=/usr/local/bin/fio mapped=16 N0=16 kernelpagesize_kB=4
55cdf6079000 bind:1 file=/usr/local/bin/fio anon=2 dirty=2 mapped=17 active=4 N0=15 N1=2 kernelpagesize_kB=4
7f9d1fbde000 bind:1 file=/usr/lib/x86_64-linux-gnu/libc-2.31.so mapped=35 mapmax=25 N0=35 kernelpagesize_kB=4
7f9d1fdd5000 bind:1 file=/usr/lib/x86_64-linux-gnu/libdl-2.31.so mapped=1 mapmax=20 N0=1 kernelpagesize_kB=4
7f9d1fddd000 bind:1 file=/usr/lib/x86_64-linux-gnu/libmvec-2.31.so mapped=2 N0=2 kernelpagesize_kB=4
7f9d1fe09000 bind:1 file=/usr/lib/x86_64-linux-gnu/libm-2.31.so mapped=15 mapmax=12 N0=15 kernelpagesize_kB=4
7f9d1ff58000 bind:1 file=/usr/lib/x86_64-linux-gnu/libpthread-2.31.so mapped=7 mapmax=22 N0=7 kernelpagesize_kB=4
7f9d1ff97000 bind:1 file=/usr/lib/x86_64-linux-gnu/librt-2.31.so mapped=3 mapmax=17 N0=3 kernelpagesize_kB=4
7f9d1ffa2000 bind:1 file=/usr/lib/x86_64-linux-gnu/libnuma.so.1.0.0 mapped=3 mapmax=2 N0=3 kernelpagesize_kB=4
7f9d1ffb1000 bind:1 file=/etc/ld.so.cache mapped=10 N0=10 kernelpagesize_kB=4
7f9d1ffbb000 bind:1 file=/usr/lib/x86_64-linux-gnu/ld-2.31.so mapped=1 mapmax=25 N0=1 kernelpagesize_kB=4
7f9d1ffbc000 bind:1 file=/usr/lib/x86_64-linux-gnu/ld-2.31.so mapped=35 mapmax=25 N0=35 kernelpagesize_kB=4
7f9d1ffdf000 bind:1 file=/usr/lib/x86_64-linux-gnu/ld-2.31.so mapped=8 mapmax=25 N0=8 kernelpagesize_kB=4
Fio Node 1 pages
55cdf6079000 bind:1 file=/usr/local/bin/fio anon=2 dirty=2 N1=2 kernelpagesize_kB=4
55cdf607b000 bind:1 file=/usr/local/bin/fio anon=112 dirty=112 mapped=116 active=114 N0=4 N1=112 kernelpagesize_kB=4
55cdf6157000 bind:1 anon=2 dirty=2 N1=2 kernelpagesize_kB=4
55cdf6a82000 bind:1 heap anon=4 dirty=4 N1=4 kernelpagesize_kB=4
7f9d1fbdc000 bind:1 anon=2 dirty=2 N1=2 kernelpagesize_kB=4
7f9d1fdc6000 bind:1 file=/usr/lib/x86_64-linux-gnu/libc-2.31.so anon=3 dirty=3 N1=3 kernelpagesize_kB=4
7f9d1fdc9000 bind:1 file=/usr/lib/x86_64-linux-gnu/libc-2.31.so anon=3 dirty=3 N1=3 kernelpagesize_kB=4
7f9d1fdcc000 bind:1 anon=4 dirty=4 N1=4 kernelpagesize_kB=4
7f9d1fdd0000 bind:1 file=/usr/lib/x86_64-linux-gnu/libaio.so.1.0.1 mapped=1 mapmax=2 N1=1 kernelpagesize_kB=4
7f9d1fdd1000 bind:1 file=/usr/lib/x86_64-linux-gnu/libaio.so.1.0.1 mapped=1 mapmax=2 N1=1 kernelpagesize_kB=4
7f9d1fdd3000 bind:1 file=/usr/lib/x86_64-linux-gnu/libaio.so.1.0.1 anon=1 dirty=1 N1=1 kernelpagesize_kB=4
7f9d1fdd4000 bind:1 file=/usr/lib/x86_64-linux-gnu/libaio.so.1.0.1 anon=1 dirty=1 N1=1 kernelpagesize_kB=4
7f9d1fdd9000 bind:1 file=/usr/lib/x86_64-linux-gnu/libdl-2.31.so anon=1 dirty=1 N1=1 kernelpagesize_kB=4
7f9d1fdda000 bind:1 file=/usr/lib/x86_64-linux-gnu/libdl-2.31.so anon=1 dirty=1 N1=1 kernelpagesize_kB=4
7f9d1fddb000 bind:1 anon=2 dirty=2 N1=2 kernelpagesize_kB=4
7f9d1fe07000 bind:1 file=/usr/lib/x86_64-linux-gnu/libmvec-2.31.so anon=1 dirty=1 N1=1 kernelpagesize_kB=4
7f9d1fe08000 bind:1 file=/usr/lib/x86_64-linux-gnu/libmvec-2.31.so anon=1 dirty=1 N1=1 kernelpagesize_kB=4
7f9d1ff56000 bind:1 file=/usr/lib/x86_64-linux-gnu/libm-2.31.so anon=1 dirty=1 N1=1 kernelpagesize_kB=4
7f9d1ff57000 bind:1 file=/usr/lib/x86_64-linux-gnu/libm-2.31.so anon=1 dirty=1 N1=1 kernelpagesize_kB=4
7f9d1ff75000 bind:1 file=/usr/lib/x86_64-linux-gnu/libpthread-2.31.so anon=1 dirty=1 N1=1 kernelpagesize_kB=4
7f9d1ff76000 bind:1 file=/usr/lib/x86_64-linux-gnu/libpthread-2.31.so anon=1 dirty=1 N1=1 kernelpagesize_kB=4
7f9d1ff77000 bind:1 anon=1 dirty=1 N1=1 kernelpagesize_kB=4
7f9d1ff7b000 bind:1 file=/usr/lib/x86_64-linux-gnu/libz.so.1.2.11 mapped=2 mapmax=8 N1=2 kernelpagesize_kB=4
7f9d1ff7d000 bind:1 file=/usr/lib/x86_64-linux-gnu/libz.so.1.2.11 mapped=15 mapmax=8 N1=15 kernelpagesize_kB=4
7f9d1ff95000 bind:1 file=/usr/lib/x86_64-linux-gnu/libz.so.1.2.11 anon=1 dirty=1 N1=1 kernelpagesize_kB=4
7f9d1ff96000 bind:1 file=/usr/lib/x86_64-linux-gnu/libz.so.1.2.11 anon=1 dirty=1 N1=1 kernelpagesize_kB=4
7f9d1ffa0000 bind:1 file=/usr/lib/x86_64-linux-gnu/librt-2.31.so anon=1 dirty=1 N1=1 kernelpagesize_kB=4
7f9d1ffa1000 bind:1 file=/usr/lib/x86_64-linux-gnu/librt-2.31.so anon=1 dirty=1 N1=1 kernelpagesize_kB=4
7f9d1ffad000 bind:1 file=/usr/lib/x86_64-linux-gnu/libnuma.so.1.0.0 anon=1 dirty=1 N1=1 kernelpagesize_kB=4
7f9d1ffae000 bind:1 file=/usr/lib/x86_64-linux-gnu/libnuma.so.1.0.0 anon=1 dirty=1 N1=1 kernelpagesize_kB=4
7f9d1ffaf000 bind:1 anon=2 dirty=2 N1=2 kernelpagesize_kB=4
7f9d1ffba000 bind:1 file=/dev/zero\040(deleted) dirty=1 active=0 N1=1 kernelpagesize_kB=4
7f9d1ffe7000 bind:1 file=/dev/zero\040(deleted) dirty=1 active=0 N1=1 kernelpagesize_kB=4
7f9d1ffe8000 bind:1 file=/usr/lib/x86_64-linux-gnu/ld-2.31.so anon=1 dirty=1 N1=1 kernelpagesize_kB=4
7f9d1ffe9000 bind:1 file=/usr/lib/x86_64-linux-gnu/ld-2.31.so anon=1 dirty=1 N1=1 kernelpagesize_kB=4
7f9d1ffea000 bind:1 anon=1 dirty=1 N1=1 kernelpagesize_kB=4
7ffc9cc3d000 bind:1 stack anon=3 dirty=3 N1=3 kernelpagesize_kB=4

Node 1 MemTotal:       24661580 kB
Node 1 MemFree:        24169196 kB
Node 1 MemUsed:          492384 kB
Node 1 Active:            67208 kB
Node 1 Inactive:         125296 kB
Node 1 Active(anon):      25628 kB
Node 1 Inactive(anon):      508 kB
Node 1 Active(file):      41580 kB
Node 1 Inactive(file):   124788 kB
Node 1 Unevictable:        1056 kB
Node 1 Mlocked:            1056 kB
Node 1 Dirty:               128 kB
Node 1 Writeback:             0 kB
Node 1 FilePages:        168112 kB
Node 1 Mapped:            19508 kB
Node 1 AnonPages:         25448 kB
Node 1 Shmem:               688 kB
Node 1 KernelStack:        2712 kB
Node 1 PageTables:          512 kB
Node 1 NFS_Unstable:          0 kB
Node 1 Bounce:                0 kB
Node 1 WritebackTmp:          0 kB
Node 1 KReclaimable:      20860 kB
Node 1 Slab:              61060 kB
Node 1 SReclaimable:      20860 kB
Node 1 SUnreclaim:        40200 kB
Node 1 AnonHugePages:         0 kB
Node 1 ShmemHugePages:        0 kB
Node 1 ShmemPmdMapped:        0 kB
Node 1 FileHugePages:        0 kB
Node 1 FilePmdMapped:        0 kB
Node 1 HugePages_Total:     0
Node 1 HugePages_Free:      0
Node 1 HugePages_Surp:      0

After Opposite Node
Node 0 MemTotal:       24768352 kB
Node 0 MemFree:        23964988 kB
Node 0 MemUsed:          803364 kB
Node 0 Active:            31884 kB
Node 0 Inactive:          80044 kB
Node 0 Active(anon):       7416 kB
Node 0 Inactive(anon):      432 kB
Node 0 Active(file):      24468 kB
Node 0 Inactive(file):    79612 kB
Node 0 Unevictable:       17700 kB
Node 0 Mlocked:           17700 kB
Node 0 Dirty:               464 kB
Node 0 Writeback:             0 kB
Node 0 FilePages:        111796 kB
Node 0 Mapped:            36700 kB
Node 0 AnonPages:         17828 kB
Node 0 Shmem:               580 kB
Node 0 KernelStack:        2024 kB
Node 0 PageTables:          544 kB
Node 0 NFS_Unstable:          0 kB
Node 0 Bounce:                0 kB
Node 0 WritebackTmp:          0 kB
Node 0 KReclaimable:      24368 kB
Node 0 Slab:              63052 kB
Node 0 SReclaimable:      24368 kB
Node 0 SUnreclaim:        38684 kB
Node 0 AnonHugePages:         0 kB
Node 0 ShmemHugePages:        0 kB
Node 0 ShmemPmdMapped:        0 kB
Node 0 FileHugePages:        0 kB
Node 0 FilePmdMapped:        0 kB
Node 0 HugePages_Total:     0
Node 0 HugePages_Free:      0
Node 0 HugePages_Surp:      0

Node 1 MemTotal:       24661580 kB
Node 1 MemFree:        24168972 kB
Node 1 MemUsed:          492608 kB
Node 1 Active:            67428 kB
Node 1 Inactive:         125324 kB
Node 1 Active(anon):      25820 kB
Node 1 Inactive(anon):      536 kB
Node 1 Active(file):      41608 kB
Node 1 Inactive(file):   124788 kB
Node 1 Unevictable:        1056 kB
Node 1 Mlocked:            1056 kB
Node 1 Dirty:               152 kB
Node 1 Writeback:             0 kB
Node 1 FilePages:        168184 kB
Node 1 Mapped:            19552 kB
Node 1 AnonPages:         25588 kB
Node 1 Shmem:               732 kB
Node 1 KernelStack:        2696 kB
Node 1 PageTables:          684 kB
Node 1 NFS_Unstable:          0 kB
Node 1 Bounce:                0 kB
Node 1 WritebackTmp:          0 kB
Node 1 KReclaimable:      20900 kB
Node 1 Slab:              61208 kB
Node 1 SReclaimable:      20900 kB
Node 1 SUnreclaim:        40308 kB
Node 1 AnonHugePages:         0 kB
Node 1 ShmemHugePages:        0 kB
Node 1 ShmemPmdMapped:        0 kB
Node 1 FileHugePages:        0 kB
Node 1 FilePmdMapped:        0 kB
Node 1 HugePages_Total:     0
Node 1 HugePages_Free:      0
Node 1 HugePages_Surp:      0

B.0.fio.250M.3.O Complete!
