Fio Node 0 pages
55ddbe7a7000 bind:0 file=/usr/bin/dash mapped=19 mapmax=3 N0=19 kernelpagesize_kB=4
55ddbe7ba000 bind:0 file=/usr/bin/dash mapped=6 mapmax=3 N0=6 kernelpagesize_kB=4
55ddbe7c0000 bind:0 file=/usr/bin/dash anon=2 dirty=2 mapmax=2 N0=2 kernelpagesize_kB=4
55ddbe7c2000 bind:0 file=/usr/bin/dash anon=1 dirty=1 N0=1 kernelpagesize_kB=4
55ddbe7c3000 bind:0 anon=1 dirty=1 N0=1 kernelpagesize_kB=4
55ddbf84b000 bind:0 heap anon=2 dirty=2 mapmax=2 N0=2 kernelpagesize_kB=4
7fb2a99ed000 bind:0 file=/usr/lib/x86_64-linux-gnu/libc-2.31.so mapped=144 mapmax=26 N0=144 kernelpagesize_kB=4
7fb2a9b65000 bind:0 file=/usr/lib/x86_64-linux-gnu/libc-2.31.so mapped=27 mapmax=25 N0=27 kernelpagesize_kB=4
7fb2a9bb0000 bind:0 file=/usr/lib/x86_64-linux-gnu/libc-2.31.so anon=3 dirty=3 mapmax=2 N0=3 kernelpagesize_kB=4
7fb2a9bb3000 bind:0 file=/usr/lib/x86_64-linux-gnu/libc-2.31.so anon=3 dirty=3 mapmax=2 N0=3 kernelpagesize_kB=4
7fb2a9bb6000 bind:0 anon=6 dirty=6 mapmax=2 N0=6 kernelpagesize_kB=4
7fb2a9bf3000 bind:0 file=/usr/lib/x86_64-linux-gnu/ld-2.31.so anon=1 dirty=1 mapmax=2 N0=1 kernelpagesize_kB=4
7fb2a9bf4000 bind:0 file=/usr/lib/x86_64-linux-gnu/ld-2.31.so anon=1 dirty=1 N0=1 kernelpagesize_kB=4
7fb2a9bf5000 bind:0 anon=1 dirty=1 mapmax=2 N0=1 kernelpagesize_kB=4
7ffffbb1b000 bind:0 stack anon=2 dirty=2 N0=2 kernelpagesize_kB=4
Fio Node 1 pages
Fio Node 0 pages
55ff86e3c000 bind:0 file=/usr/local/bin/fio mapped=16 active=1 N0=16 kernelpagesize_kB=4
55ff86f00000 bind:0 file=/usr/local/bin/fio anon=2 dirty=2 mapped=17 active=2 N0=17 kernelpagesize_kB=4
7f7727f4d000 bind:0 file=/usr/lib/x86_64-linux-gnu/libaio.so.1.0.1 mapped=1 mapmax=2 N0=1 kernelpagesize_kB=4
7f7727f50000 bind:0 file=/usr/lib/x86_64-linux-gnu/libaio.so.1.0.1 anon=2 dirty=2 N0=2 kernelpagesize_kB=4
7f7727f52000 bind:0 file=/usr/lib/x86_64-linux-gnu/libdl-2.31.so mapped=1 mapmax=20 N0=1 kernelpagesize_kB=4
7f7727f56000 bind:0 file=/usr/lib/x86_64-linux-gnu/libdl-2.31.so anon=2 dirty=2 N0=2 kernelpagesize_kB=4
7f7727f58000 bind:0 anon=1 dirty=1 N0=1 kernelpagesize_kB=4
7f7727f5a000 bind:0 file=/usr/lib/x86_64-linux-gnu/libmvec-2.31.so mapped=2 active=1 N0=2 kernelpagesize_kB=4
7f7727f84000 bind:0 file=/usr/lib/x86_64-linux-gnu/libmvec-2.31.so anon=2 dirty=2 N0=2 kernelpagesize_kB=4
7f7727f86000 bind:0 file=/usr/lib/x86_64-linux-gnu/libm-2.31.so mapped=15 mapmax=12 N0=15 kernelpagesize_kB=4
7f77280d3000 bind:0 file=/usr/lib/x86_64-linux-gnu/libm-2.31.so anon=2 dirty=2 N0=2 kernelpagesize_kB=4
7f77280d5000 bind:0 file=/usr/lib/x86_64-linux-gnu/libpthread-2.31.so mapped=7 mapmax=22 N0=7 kernelpagesize_kB=4
7f77280f2000 bind:0 file=/usr/lib/x86_64-linux-gnu/libpthread-2.31.so anon=2 dirty=2 N0=2 kernelpagesize_kB=4
7f77280f8000 bind:0 file=/usr/lib/x86_64-linux-gnu/libz.so.1.2.11 mapped=2 mapmax=8 N0=2 kernelpagesize_kB=4
7f7728112000 bind:0 file=/usr/lib/x86_64-linux-gnu/libz.so.1.2.11 anon=2 dirty=2 N0=2 kernelpagesize_kB=4
7f7728114000 bind:0 file=/usr/lib/x86_64-linux-gnu/librt-2.31.so mapped=3 mapmax=17 N0=3 kernelpagesize_kB=4
7f772811d000 bind:0 file=/usr/lib/x86_64-linux-gnu/librt-2.31.so anon=2 dirty=2 N0=2 kernelpagesize_kB=4
7f772811f000 bind:0 file=/usr/lib/x86_64-linux-gnu/libnuma.so.1.0.0 mapped=3 mapmax=2 N0=3 kernelpagesize_kB=4
7f772812a000 bind:0 file=/usr/lib/x86_64-linux-gnu/libnuma.so.1.0.0 anon=2 dirty=2 N0=2 kernelpagesize_kB=4
7f772812c000 bind:0 anon=2 dirty=2 N0=2 kernelpagesize_kB=4
7f772812e000 bind:0 file=/etc/ld.so.cache mapped=10 N0=10 kernelpagesize_kB=4
7f7728138000 bind:0 file=/usr/lib/x86_64-linux-gnu/ld-2.31.so mapped=1 mapmax=25 N0=1 kernelpagesize_kB=4
7f7728139000 bind:0 file=/usr/lib/x86_64-linux-gnu/ld-2.31.so mapped=35 mapmax=25 N0=35 kernelpagesize_kB=4
7f772815c000 bind:0 file=/usr/lib/x86_64-linux-gnu/ld-2.31.so mapped=8 mapmax=25 N0=8 kernelpagesize_kB=4
7f7728165000 bind:0 file=/usr/lib/x86_64-linux-gnu/ld-2.31.so anon=2 dirty=2 N0=2 kernelpagesize_kB=4
7f7728167000 bind:0 anon=1 dirty=1 N0=1 kernelpagesize_kB=4
7ffddc5c9000 bind:0 stack anon=2 dirty=2 N0=2 kernelpagesize_kB=4
Fio Node 1 pages
B.0.fio.250M.2.O
Begin
Node 0 MemTotal:       24743736 kB
Node 0 MemFree:        24293528 kB
Node 0 MemUsed:          450208 kB
Node 0 Active:            64980 kB
Node 0 Inactive:          92112 kB
Node 0 Active(anon):      27368 kB
Node 0 Inactive(anon):      428 kB
Node 0 Active(file):      37612 kB
Node 0 Inactive(file):    91684 kB
Node 0 Unevictable:       18080 kB
Node 0 Mlocked:           18080 kB
Node 0 Dirty:                52 kB
Node 0 Writeback:             0 kB
Node 0 FilePages:        137796 kB
Node 0 Mapped:            23968 kB
Node 0 AnonPages:         37516 kB
Node 0 Shmem:               608 kB
Node 0 KernelStack:        2248 kB
Node 0 PageTables:          688 kB
Node 0 NFS_Unstable:          0 kB
Node 0 Bounce:                0 kB
Node 0 WritebackTmp:          0 kB
Node 0 KReclaimable:      19120 kB
Node 0 Slab:              61528 kB
Node 0 SReclaimable:      19120 kB
Node 0 SUnreclaim:        42408 kB
Node 0 AnonHugePages:         0 kB
Node 0 ShmemHugePages:        0 kB
Node 0 ShmemPmdMapped:        0 kB
Node 0 FileHugePages:        0 kB
Node 0 FilePmdMapped:        0 kB
Node 0 HugePages_Total:     0
Node 0 HugePages_Free:      0
Node 0 HugePages_Surp:      0

Node 1 MemTotal:       24686196 kB
Node 1 MemFree:        24480692 kB
Node 1 MemUsed:          205504 kB
Node 1 Active:            39976 kB
Node 1 Inactive:          29644 kB
Node 1 Active(anon):       6268 kB
Node 1 Inactive(anon):      448 kB
Node 1 Active(file):      33708 kB
Node 1 Inactive(file):    29196 kB
Node 1 Unevictable:         444 kB
Node 1 Mlocked:             444 kB
Node 1 Dirty:                36 kB
Node 1 Writeback:             0 kB
Node 1 FilePages:         64016 kB
Node 1 Mapped:            14440 kB
Node 1 AnonPages:          6348 kB
Node 1 Shmem:               660 kB
Node 1 KernelStack:        1384 kB
Node 1 PageTables:          308 kB
Node 1 NFS_Unstable:          0 kB
Node 1 Bounce:                0 kB
Node 1 WritebackTmp:          0 kB
Node 1 KReclaimable:      23420 kB
Node 1 Slab:              46612 kB
Node 1 SReclaimable:      23420 kB
Node 1 SUnreclaim:        23192 kB
Node 1 AnonHugePages:         0 kB
Node 1 ShmemHugePages:        0 kB
Node 1 ShmemPmdMapped:        0 kB
Node 1 FileHugePages:        0 kB
Node 1 FilePmdMapped:        0 kB
Node 1 HugePages_Total:     0
Node 1 HugePages_Free:      0
Node 1 HugePages_Surp:      0

Load ZFS
Node 0 MemTotal:       24743736 kB
Node 0 MemFree:        24352500 kB
Node 0 MemUsed:          391236 kB
Node 0 Active:            81620 kB
Node 0 Inactive:         137708 kB
Node 0 Active(anon):      42232 kB
Node 0 Inactive(anon):      416 kB
Node 0 Active(file):      39388 kB
Node 0 Inactive(file):   137292 kB
Node 0 Unevictable:       18280 kB
Node 0 Mlocked:           18280 kB
Node 0 Dirty:               160 kB
Node 0 Writeback:             0 kB
Node 0 FilePages:        185044 kB
Node 0 Mapped:            26416 kB
Node 0 AnonPages:         52468 kB
Node 0 Shmem:               616 kB
Node 0 KernelStack:        2776 kB
Node 0 PageTables:         1988 kB
Node 0 NFS_Unstable:          0 kB
Node 0 Bounce:                0 kB
Node 0 WritebackTmp:          0 kB
Node 0 KReclaimable:      20096 kB
Node 0 Slab:              66400 kB
Node 0 SReclaimable:      20096 kB
Node 0 SUnreclaim:        46304 kB
Node 0 AnonHugePages:         0 kB
Node 0 ShmemHugePages:        0 kB
Node 0 ShmemPmdMapped:        0 kB
Node 0 FileHugePages:        0 kB
Node 0 FilePmdMapped:        0 kB
Node 0 HugePages_Total:     0
Node 0 HugePages_Free:      0
Node 0 HugePages_Surp:      0

Node 1 MemTotal:       24686196 kB
Node 1 MemFree:        24279500 kB
Node 1 MemUsed:          406696 kB
Node 1 Active:            50160 kB
Node 1 Inactive:          87448 kB
Node 1 Active(anon):      15492 kB
Node 1 Inactive(anon):      524 kB
Node 1 Active(file):      34668 kB
Node 1 Inactive(file):    86924 kB
Node 1 Unevictable:         444 kB
Node 1 Mlocked:             444 kB
Node 1 Dirty:               224 kB
Node 1 Writeback:             0 kB
Node 1 FilePages:        122688 kB
Node 1 Mapped:            15996 kB
Node 1 AnonPages:         15260 kB
Node 1 Shmem:               652 kB
Node 1 KernelStack:        1496 kB
Node 1 PageTables:          576 kB
Node 1 NFS_Unstable:          0 kB
Node 1 Bounce:                0 kB
Node 1 WritebackTmp:          0 kB
Node 1 KReclaimable:      24156 kB
Node 1 Slab:              49428 kB
Node 1 SReclaimable:      24156 kB
Node 1 SUnreclaim:        25272 kB
Node 1 AnonHugePages:         0 kB
Node 1 ShmemHugePages:        0 kB
Node 1 ShmemPmdMapped:        0 kB
Node 1 FileHugePages:        0 kB
Node 1 FilePmdMapped:        0 kB
Node 1 HugePages_Total:     0
Node 1 HugePages_Free:      0
Node 1 HugePages_Surp:      0

Import tank ZPool
Node 0 MemTotal:       24743736 kB
Node 0 MemFree:        24361896 kB
Node 0 MemUsed:          381840 kB
Node 0 Active:            67788 kB
Node 0 Inactive:         138560 kB
Node 0 Active(anon):      27928 kB
Node 0 Inactive(anon):      428 kB
Node 0 Active(file):      39860 kB
Node 0 Inactive(file):   138132 kB
Node 0 Unevictable:       18312 kB
Node 0 Mlocked:           18312 kB
Node 0 Dirty:               188 kB
Node 0 Writeback:             0 kB
Node 0 FilePages:        186360 kB
Node 0 Mapped:            24192 kB
Node 0 AnonPages:         38228 kB
Node 0 Shmem:               616 kB
Node 0 KernelStack:        2296 kB
Node 0 PageTables:          852 kB
Node 0 NFS_Unstable:          0 kB
Node 0 Bounce:                0 kB
Node 0 WritebackTmp:          0 kB
Node 0 KReclaimable:      20248 kB
Node 0 Slab:              71272 kB
Node 0 SReclaimable:      20248 kB
Node 0 SUnreclaim:        51024 kB
Node 0 AnonHugePages:         0 kB
Node 0 ShmemHugePages:        0 kB
Node 0 ShmemPmdMapped:        0 kB
Node 0 FileHugePages:        0 kB
Node 0 FilePmdMapped:        0 kB
Node 0 HugePages_Total:     0
Node 0 HugePages_Free:      0
Node 0 HugePages_Surp:      0

Node 1 MemTotal:       24686196 kB
Node 1 MemFree:        24276060 kB
Node 1 MemUsed:          410136 kB
Node 1 Active:            40456 kB
Node 1 Inactive:          87244 kB
Node 1 Active(anon):       5532 kB
Node 1 Inactive(anon):      520 kB
Node 1 Active(file):      34924 kB
Node 1 Inactive(file):    86724 kB
Node 1 Unevictable:         444 kB
Node 1 Mlocked:             444 kB
Node 1 Dirty:               308 kB
Node 1 Writeback:             0 kB
Node 1 FilePages:        122748 kB
Node 1 Mapped:            14468 kB
Node 1 AnonPages:          5404 kB
Node 1 Shmem:               652 kB
Node 1 KernelStack:        2472 kB
Node 1 PageTables:          284 kB
Node 1 NFS_Unstable:          0 kB
Node 1 Bounce:                0 kB
Node 1 WritebackTmp:          0 kB
Node 1 KReclaimable:      24156 kB
Node 1 Slab:              51408 kB
Node 1 SReclaimable:      24156 kB
Node 1 SUnreclaim:        27252 kB
Node 1 AnonHugePages:         0 kB
Node 1 ShmemHugePages:        0 kB
Node 1 ShmemPmdMapped:        0 kB
Node 1 FileHugePages:        0 kB
Node 1 FilePmdMapped:        0 kB
Node 1 HugePages_Total:     0
Node 1 HugePages_Free:      0
Node 1 HugePages_Surp:      0

After Test
Node 0 MemTotal:       24743736 kB
Node 0 MemFree:        24108688 kB
Node 0 MemUsed:          635048 kB
Node 0 Active:            68668 kB
Node 0 Inactive:         139444 kB
Node 0 Active(anon):      27684 kB
Node 0 Inactive(anon):      448 kB
Node 0 Active(file):      40984 kB
Node 0 Inactive(file):   138996 kB
Node 0 Unevictable:       18312 kB
Node 0 Mlocked:           18312 kB
Node 0 Dirty:               208 kB
Node 0 Writeback:             0 kB
Node 0 FilePages:        188368 kB
Node 0 Mapped:            24180 kB
Node 0 AnonPages:         37912 kB
Node 0 Shmem:               640 kB
Node 0 KernelStack:        2280 kB
Node 0 PageTables:          812 kB
Node 0 NFS_Unstable:          0 kB
Node 0 Bounce:                0 kB
Node 0 WritebackTmp:          0 kB
Node 0 KReclaimable:      21504 kB
Node 0 Slab:              74876 kB
Node 0 SReclaimable:      21504 kB
Node 0 SUnreclaim:        53372 kB
Node 0 AnonHugePages:         0 kB
Node 0 ShmemHugePages:        0 kB
Node 0 ShmemPmdMapped:        0 kB
Node 0 FileHugePages:        0 kB
Node 0 FilePmdMapped:        0 kB
Node 0 HugePages_Total:     0
Node 0 HugePages_Free:      0
Node 0 HugePages_Surp:      0
Fio Node 0 pages
556d21b02000 bind:1 file=/usr/local/bin/fio mapped=16 N0=16 kernelpagesize_kB=4
556d21bc6000 bind:1 file=/usr/local/bin/fio anon=2 dirty=2 mapped=17 active=4 N0=15 N1=2 kernelpagesize_kB=4
7fb629190000 bind:1 file=/usr/lib/x86_64-linux-gnu/libc-2.31.so mapped=37 mapmax=25 N0=37 kernelpagesize_kB=4
7fb629382000 bind:1 file=/usr/lib/x86_64-linux-gnu/libaio.so.1.0.1 mapped=1 mapmax=2 N0=1 kernelpagesize_kB=4
7fb629387000 bind:1 file=/usr/lib/x86_64-linux-gnu/libdl-2.31.so mapped=1 mapmax=20 N0=1 kernelpagesize_kB=4
7fb62938f000 bind:1 file=/usr/lib/x86_64-linux-gnu/libmvec-2.31.so mapped=2 N0=2 kernelpagesize_kB=4
7fb6293bb000 bind:1 file=/usr/lib/x86_64-linux-gnu/libm-2.31.so mapped=15 mapmax=12 N0=15 kernelpagesize_kB=4
7fb62950a000 bind:1 file=/usr/lib/x86_64-linux-gnu/libpthread-2.31.so mapped=7 mapmax=22 N0=7 kernelpagesize_kB=4
7fb62952d000 bind:1 file=/usr/lib/x86_64-linux-gnu/libz.so.1.2.11 mapped=2 mapmax=8 N0=2 kernelpagesize_kB=4
7fb629549000 bind:1 file=/usr/lib/x86_64-linux-gnu/librt-2.31.so mapped=3 mapmax=17 N0=3 kernelpagesize_kB=4
7fb629554000 bind:1 file=/usr/lib/x86_64-linux-gnu/libnuma.so.1.0.0 mapped=3 mapmax=2 N0=3 kernelpagesize_kB=4
7fb629563000 bind:1 file=/etc/ld.so.cache mapped=10 N0=10 kernelpagesize_kB=4
7fb62956d000 bind:1 file=/usr/lib/x86_64-linux-gnu/ld-2.31.so mapped=1 mapmax=25 N0=1 kernelpagesize_kB=4
7fb62956e000 bind:1 file=/usr/lib/x86_64-linux-gnu/ld-2.31.so mapped=35 mapmax=25 N0=35 kernelpagesize_kB=4
7fb629591000 bind:1 file=/usr/lib/x86_64-linux-gnu/ld-2.31.so mapped=8 mapmax=25 N0=8 kernelpagesize_kB=4
Fio Node 1 pages
556d21bc6000 bind:1 file=/usr/local/bin/fio anon=2 dirty=2 N1=2 kernelpagesize_kB=4
556d21bc8000 bind:1 file=/usr/local/bin/fio anon=112 dirty=112 mapped=116 active=114 N0=4 N1=112 kernelpagesize_kB=4
556d21ca4000 bind:1 anon=2 dirty=2 N1=2 kernelpagesize_kB=4
556d22c59000 bind:1 heap anon=4 dirty=4 N1=4 kernelpagesize_kB=4
7fb62918e000 bind:1 anon=2 dirty=2 N1=2 kernelpagesize_kB=4
7fb629378000 bind:1 file=/usr/lib/x86_64-linux-gnu/libc-2.31.so anon=3 dirty=3 N1=3 kernelpagesize_kB=4
7fb62937b000 bind:1 file=/usr/lib/x86_64-linux-gnu/libc-2.31.so anon=3 dirty=3 N1=3 kernelpagesize_kB=4
7fb62937e000 bind:1 anon=4 dirty=4 N1=4 kernelpagesize_kB=4
7fb629385000 bind:1 file=/usr/lib/x86_64-linux-gnu/libaio.so.1.0.1 anon=1 dirty=1 N1=1 kernelpagesize_kB=4
7fb629386000 bind:1 file=/usr/lib/x86_64-linux-gnu/libaio.so.1.0.1 anon=1 dirty=1 N1=1 kernelpagesize_kB=4
7fb62938b000 bind:1 file=/usr/lib/x86_64-linux-gnu/libdl-2.31.so anon=1 dirty=1 N1=1 kernelpagesize_kB=4
7fb62938c000 bind:1 file=/usr/lib/x86_64-linux-gnu/libdl-2.31.so anon=1 dirty=1 N1=1 kernelpagesize_kB=4
7fb62938d000 bind:1 anon=2 dirty=2 N1=2 kernelpagesize_kB=4
7fb6293b9000 bind:1 file=/usr/lib/x86_64-linux-gnu/libmvec-2.31.so anon=1 dirty=1 N1=1 kernelpagesize_kB=4
7fb6293ba000 bind:1 file=/usr/lib/x86_64-linux-gnu/libmvec-2.31.so anon=1 dirty=1 N1=1 kernelpagesize_kB=4
7fb629508000 bind:1 file=/usr/lib/x86_64-linux-gnu/libm-2.31.so anon=1 dirty=1 N1=1 kernelpagesize_kB=4
7fb629509000 bind:1 file=/usr/lib/x86_64-linux-gnu/libm-2.31.so anon=1 dirty=1 N1=1 kernelpagesize_kB=4
7fb629527000 bind:1 file=/usr/lib/x86_64-linux-gnu/libpthread-2.31.so anon=1 dirty=1 N1=1 kernelpagesize_kB=4
7fb629528000 bind:1 file=/usr/lib/x86_64-linux-gnu/libpthread-2.31.so anon=1 dirty=1 N1=1 kernelpagesize_kB=4
7fb629529000 bind:1 anon=1 dirty=1 N1=1 kernelpagesize_kB=4
7fb629547000 bind:1 file=/usr/lib/x86_64-linux-gnu/libz.so.1.2.11 anon=1 dirty=1 N1=1 kernelpagesize_kB=4
7fb629548000 bind:1 file=/usr/lib/x86_64-linux-gnu/libz.so.1.2.11 anon=1 dirty=1 N1=1 kernelpagesize_kB=4
7fb629552000 bind:1 file=/usr/lib/x86_64-linux-gnu/librt-2.31.so anon=1 dirty=1 N1=1 kernelpagesize_kB=4
7fb629553000 bind:1 file=/usr/lib/x86_64-linux-gnu/librt-2.31.so anon=1 dirty=1 N1=1 kernelpagesize_kB=4
7fb62955f000 bind:1 file=/usr/lib/x86_64-linux-gnu/libnuma.so.1.0.0 anon=1 dirty=1 N1=1 kernelpagesize_kB=4
7fb629560000 bind:1 file=/usr/lib/x86_64-linux-gnu/libnuma.so.1.0.0 anon=1 dirty=1 N1=1 kernelpagesize_kB=4
7fb629561000 bind:1 anon=2 dirty=2 N1=2 kernelpagesize_kB=4
7fb62956c000 bind:1 file=/dev/zero\040(deleted) dirty=1 active=0 N1=1 kernelpagesize_kB=4
7fb629599000 bind:1 file=/dev/zero\040(deleted) dirty=1 active=0 N1=1 kernelpagesize_kB=4
7fb62959a000 bind:1 file=/usr/lib/x86_64-linux-gnu/ld-2.31.so anon=1 dirty=1 N1=1 kernelpagesize_kB=4
7fb62959b000 bind:1 file=/usr/lib/x86_64-linux-gnu/ld-2.31.so anon=1 dirty=1 N1=1 kernelpagesize_kB=4
7fb62959c000 bind:1 anon=1 dirty=1 N1=1 kernelpagesize_kB=4
7ffe26f07000 bind:1 stack anon=2 dirty=2 N1=2 kernelpagesize_kB=4
Fio Node 0 pages
5653fce2d000 bind:1 file=/usr/local/bin/fio mapped=16 N0=16 kernelpagesize_kB=4
5653fcef1000 bind:1 file=/usr/local/bin/fio anon=2 dirty=2 mapped=17 active=4 N0=15 N1=2 kernelpagesize_kB=4
7efee292f000 bind:1 file=/usr/lib/x86_64-linux-gnu/libc-2.31.so mapped=32 mapmax=25 N0=32 kernelpagesize_kB=4
7efee2b17000 bind:1 file=/usr/lib/x86_64-linux-gnu/libc-2.31.so anon=2 dirty=2 mapped=6 active=2 N0=4 N1=2 kernelpagesize_kB=4
7efee2b21000 bind:1 file=/usr/lib/x86_64-linux-gnu/libaio.so.1.0.1 mapped=1 mapmax=2 N0=1 kernelpagesize_kB=4
7efee2b26000 bind:1 file=/usr/lib/x86_64-linux-gnu/libdl-2.31.so mapped=1 mapmax=20 N0=1 kernelpagesize_kB=4
7efee2b2e000 bind:1 file=/usr/lib/x86_64-linux-gnu/libmvec-2.31.so mapped=2 N0=2 kernelpagesize_kB=4
7efee2b5a000 bind:1 file=/usr/lib/x86_64-linux-gnu/libm-2.31.so mapped=15 mapmax=12 N0=15 kernelpagesize_kB=4
7efee2ca9000 bind:1 file=/usr/lib/x86_64-linux-gnu/libpthread-2.31.so mapped=7 mapmax=22 N0=7 kernelpagesize_kB=4
7efee2ccc000 bind:1 file=/usr/lib/x86_64-linux-gnu/libz.so.1.2.11 mapped=2 mapmax=8 N0=2 kernelpagesize_kB=4
7efee2ce8000 bind:1 file=/usr/lib/x86_64-linux-gnu/librt-2.31.so mapped=3 mapmax=17 N0=3 kernelpagesize_kB=4
7efee2cf3000 bind:1 file=/usr/lib/x86_64-linux-gnu/libnuma.so.1.0.0 mapped=3 mapmax=2 N0=3 kernelpagesize_kB=4
7efee2d02000 bind:1 file=/etc/ld.so.cache mapped=10 N0=10 kernelpagesize_kB=4
7efee2d0c000 bind:1 file=/usr/lib/x86_64-linux-gnu/ld-2.31.so mapped=1 mapmax=25 N0=1 kernelpagesize_kB=4
7efee2d0d000 bind:1 file=/usr/lib/x86_64-linux-gnu/ld-2.31.so mapped=35 mapmax=25 N0=35 kernelpagesize_kB=4
7efee2d30000 bind:1 file=/usr/lib/x86_64-linux-gnu/ld-2.31.so mapped=8 mapmax=25 N0=8 kernelpagesize_kB=4
Fio Node 1 pages
5653fcef1000 bind:1 file=/usr/local/bin/fio anon=2 dirty=2 N1=2 kernelpagesize_kB=4
5653fcef3000 bind:1 file=/usr/local/bin/fio anon=112 dirty=112 mapped=116 active=114 N0=4 N1=112 kernelpagesize_kB=4
5653fcfcf000 bind:1 anon=2 dirty=2 N1=2 kernelpagesize_kB=4
5653fd2f0000 bind:1 heap anon=4 dirty=4 N1=4 kernelpagesize_kB=4
7efee292d000 bind:1 anon=2 dirty=2 N1=2 kernelpagesize_kB=4
7efee2b17000 bind:1 file=/usr/lib/x86_64-linux-gnu/libc-2.31.so anon=3 dirty=3 N1=3 kernelpagesize_kB=4
7efee2b1a000 bind:1 file=/usr/lib/x86_64-linux-gnu/libc-2.31.so anon=3 dirty=3 N1=3 kernelpagesize_kB=4
7efee2b1d000 bind:1 anon=4 dirty=4 N1=4 kernelpagesize_kB=4
7efee2b24000 bind:1 file=/usr/lib/x86_64-linux-gnu/libaio.so.1.0.1 anon=1 dirty=1 N1=1 kernelpagesize_kB=4
7efee2b25000 bind:1 file=/usr/lib/x86_64-linux-gnu/libaio.so.1.0.1 anon=1 dirty=1 N1=1 kernelpagesize_kB=4
7efee2b2a000 bind:1 file=/usr/lib/x86_64-linux-gnu/libdl-2.31.so anon=1 dirty=1 N1=1 kernelpagesize_kB=4
7efee2b2b000 bind:1 file=/usr/lib/x86_64-linux-gnu/libdl-2.31.so anon=1 dirty=1 N1=1 kernelpagesize_kB=4
7efee2b2c000 bind:1 anon=2 dirty=2 N1=2 kernelpagesize_kB=4
7efee2b58000 bind:1 file=/usr/lib/x86_64-linux-gnu/libmvec-2.31.so anon=1 dirty=1 N1=1 kernelpagesize_kB=4
7efee2b59000 bind:1 file=/usr/lib/x86_64-linux-gnu/libmvec-2.31.so anon=1 dirty=1 N1=1 kernelpagesize_kB=4
7efee2ca7000 bind:1 file=/usr/lib/x86_64-linux-gnu/libm-2.31.so anon=1 dirty=1 N1=1 kernelpagesize_kB=4
7efee2ca8000 bind:1 file=/usr/lib/x86_64-linux-gnu/libm-2.31.so anon=1 dirty=1 N1=1 kernelpagesize_kB=4
7efee2cc6000 bind:1 file=/usr/lib/x86_64-linux-gnu/libpthread-2.31.so anon=1 dirty=1 N1=1 kernelpagesize_kB=4
7efee2cc7000 bind:1 file=/usr/lib/x86_64-linux-gnu/libpthread-2.31.so anon=1 dirty=1 N1=1 kernelpagesize_kB=4
7efee2cc8000 bind:1 anon=1 dirty=1 N1=1 kernelpagesize_kB=4
7efee2ce6000 bind:1 file=/usr/lib/x86_64-linux-gnu/libz.so.1.2.11 anon=1 dirty=1 N1=1 kernelpagesize_kB=4
7efee2ce7000 bind:1 file=/usr/lib/x86_64-linux-gnu/libz.so.1.2.11 anon=1 dirty=1 N1=1 kernelpagesize_kB=4
7efee2cf1000 bind:1 file=/usr/lib/x86_64-linux-gnu/librt-2.31.so anon=1 dirty=1 N1=1 kernelpagesize_kB=4
7efee2cf2000 bind:1 file=/usr/lib/x86_64-linux-gnu/librt-2.31.so anon=1 dirty=1 N1=1 kernelpagesize_kB=4
7efee2cfe000 bind:1 file=/usr/lib/x86_64-linux-gnu/libnuma.so.1.0.0 anon=1 dirty=1 N1=1 kernelpagesize_kB=4
7efee2cff000 bind:1 file=/usr/lib/x86_64-linux-gnu/libnuma.so.1.0.0 anon=1 dirty=1 N1=1 kernelpagesize_kB=4
7efee2d00000 bind:1 anon=2 dirty=2 N1=2 kernelpagesize_kB=4
7efee2d0b000 bind:1 file=/dev/zero\040(deleted) dirty=1 active=0 N1=1 kernelpagesize_kB=4
7efee2d38000 bind:1 file=/dev/zero\040(deleted) dirty=1 active=0 N1=1 kernelpagesize_kB=4
7efee2d39000 bind:1 file=/usr/lib/x86_64-linux-gnu/ld-2.31.so anon=1 dirty=1 N1=1 kernelpagesize_kB=4
7efee2d3a000 bind:1 file=/usr/lib/x86_64-linux-gnu/ld-2.31.so anon=1 dirty=1 N1=1 kernelpagesize_kB=4
7efee2d3b000 bind:1 anon=1 dirty=1 N1=1 kernelpagesize_kB=4
7ffc0b89f000 bind:1 stack anon=3 dirty=3 N1=3 kernelpagesize_kB=4

Node 1 MemTotal:       24686196 kB
Node 1 MemFree:        23994552 kB
Node 1 MemUsed:          691644 kB
Node 1 Active:            40548 kB
Node 1 Inactive:          87240 kB
Node 1 Active(anon):       5620 kB
Node 1 Inactive(anon):      516 kB
Node 1 Active(file):      34928 kB
Node 1 Inactive(file):    86724 kB
Node 1 Unevictable:         444 kB
Node 1 Mlocked:             444 kB
Node 1 Dirty:               308 kB
Node 1 Writeback:             0 kB
Node 1 FilePages:        122748 kB
Node 1 Mapped:            14440 kB
Node 1 AnonPages:          5484 kB
Node 1 Shmem:               652 kB
Node 1 KernelStack:        2488 kB
Node 1 PageTables:          284 kB
Node 1 NFS_Unstable:          0 kB
Node 1 Bounce:                0 kB
Node 1 WritebackTmp:          0 kB
Node 1 KReclaimable:      24156 kB
Node 1 Slab:              52432 kB
Node 1 SReclaimable:      24156 kB
Node 1 SUnreclaim:        28276 kB
Node 1 AnonHugePages:         0 kB
Node 1 ShmemHugePages:        0 kB
Node 1 ShmemPmdMapped:        0 kB
Node 1 FileHugePages:        0 kB
Node 1 FilePmdMapped:        0 kB
Node 1 HugePages_Total:     0
Node 1 HugePages_Free:      0
Node 1 HugePages_Surp:      0

After Opposite Node
Node 0 MemTotal:       24743736 kB
Node 0 MemFree:        24109404 kB
Node 0 MemUsed:          634332 kB
Node 0 Active:            68672 kB
Node 0 Inactive:         139256 kB
Node 0 Active(anon):      27512 kB
Node 0 Inactive(anon):      424 kB
Node 0 Active(file):      41160 kB
Node 0 Inactive(file):   138832 kB
Node 0 Unevictable:       18312 kB
Node 0 Mlocked:           18312 kB
Node 0 Dirty:               220 kB
Node 0 Writeback:             0 kB
Node 0 FilePages:        188356 kB
Node 0 Mapped:            24160 kB
Node 0 AnonPages:         37880 kB
Node 0 Shmem:               616 kB
Node 0 KernelStack:        2264 kB
Node 0 PageTables:          736 kB
Node 0 NFS_Unstable:          0 kB
Node 0 Bounce:                0 kB
Node 0 WritebackTmp:          0 kB
Node 0 KReclaimable:      21504 kB
Node 0 Slab:              74780 kB
Node 0 SReclaimable:      21504 kB
Node 0 SUnreclaim:        53276 kB
Node 0 AnonHugePages:         0 kB
Node 0 ShmemHugePages:        0 kB
Node 0 ShmemPmdMapped:        0 kB
Node 0 FileHugePages:        0 kB
Node 0 FilePmdMapped:        0 kB
Node 0 HugePages_Total:     0
Node 0 HugePages_Free:      0
Node 0 HugePages_Surp:      0

Node 1 MemTotal:       24686196 kB
Node 1 MemFree:        23993468 kB
Node 1 MemUsed:          692728 kB
Node 1 Active:            40736 kB
Node 1 Inactive:          87284 kB
Node 1 Active(anon):       5804 kB
Node 1 Inactive(anon):      544 kB
Node 1 Active(file):      34932 kB
Node 1 Inactive(file):    86740 kB
Node 1 Unevictable:         444 kB
Node 1 Mlocked:             444 kB
Node 1 Dirty:               324 kB
Node 1 Writeback:             0 kB
Node 1 FilePages:        122812 kB
Node 1 Mapped:            14484 kB
Node 1 AnonPages:          5620 kB
Node 1 Shmem:               696 kB
Node 1 KernelStack:        2552 kB
Node 1 PageTables:          456 kB
Node 1 NFS_Unstable:          0 kB
Node 1 Bounce:                0 kB
Node 1 WritebackTmp:          0 kB
Node 1 KReclaimable:      24224 kB
Node 1 Slab:              52740 kB
Node 1 SReclaimable:      24224 kB
Node 1 SUnreclaim:        28516 kB
Node 1 AnonHugePages:         0 kB
Node 1 ShmemHugePages:        0 kB
Node 1 ShmemPmdMapped:        0 kB
Node 1 FileHugePages:        0 kB
Node 1 FilePmdMapped:        0 kB
Node 1 HugePages_Total:     0
Node 1 HugePages_Free:      0
Node 1 HugePages_Surp:      0

B.0.fio.250M.2.O Complete!
