U.1.bigfio.4G.1.O
Begin
Node 0 MemTotal:       24768352 kB
Node 0 MemFree:        24343200 kB
Node 0 MemUsed:          425152 kB
Node 0 Active:            46388 kB
Node 0 Inactive:          89488 kB
Node 0 Active(anon):       9524 kB
Node 0 Inactive(anon):      468 kB
Node 0 Active(file):      36864 kB
Node 0 Inactive(file):    89020 kB
Node 0 Unevictable:       12992 kB
Node 0 Mlocked:           12992 kB
Node 0 Dirty:               160 kB
Node 0 Writeback:             0 kB
Node 0 FilePages:        129172 kB
Node 0 Mapped:            46136 kB
Node 0 AnonPages:         19992 kB
Node 0 Shmem:               620 kB
Node 0 KernelStack:        1848 kB
Node 0 PageTables:          580 kB
Node 0 NFS_Unstable:          0 kB
Node 0 Bounce:                0 kB
Node 0 WritebackTmp:          0 kB
Node 0 KReclaimable:      22856 kB
Node 0 Slab:              55120 kB
Node 0 SReclaimable:      22856 kB
Node 0 SUnreclaim:        32264 kB
Node 0 AnonHugePages:         0 kB
Node 0 ShmemHugePages:        0 kB
Node 0 ShmemPmdMapped:        0 kB
Node 0 FileHugePages:        0 kB
Node 0 FilePmdMapped:        0 kB
Node 0 HugePages_Total:     0
Node 0 HugePages_Free:      0
Node 0 HugePages_Surp:      0

Node 1 MemTotal:       24661580 kB
Node 1 MemFree:        24442936 kB
Node 1 MemUsed:          218644 kB
Node 1 Active:            49484 kB
Node 1 Inactive:          28068 kB
Node 1 Active(anon):      23856 kB
Node 1 Inactive(anon):      396 kB
Node 1 Active(file):      25628 kB
Node 1 Inactive(file):    27672 kB
Node 1 Unevictable:        5532 kB
Node 1 Mlocked:            5532 kB
Node 1 Dirty:               280 kB
Node 1 Writeback:             0 kB
Node 1 FilePages:         59620 kB
Node 1 Mapped:            22320 kB
Node 1 AnonPages:         23632 kB
Node 1 Shmem:               648 kB
Node 1 KernelStack:        1784 kB
Node 1 PageTables:          520 kB
Node 1 NFS_Unstable:          0 kB
Node 1 Bounce:                0 kB
Node 1 WritebackTmp:          0 kB
Node 1 KReclaimable:      19240 kB
Node 1 Slab:              55028 kB
Node 1 SReclaimable:      19240 kB
Node 1 SUnreclaim:        35788 kB
Node 1 AnonHugePages:         0 kB
Node 1 ShmemHugePages:        0 kB
Node 1 ShmemPmdMapped:        0 kB
Node 1 FileHugePages:        0 kB
Node 1 FilePmdMapped:        0 kB
Node 1 HugePages_Total:     0
Node 1 HugePages_Free:      0
Node 1 HugePages_Surp:      0

Load ZFS
Node 0 MemTotal:       24768352 kB
Node 0 MemFree:        24338304 kB
Node 0 MemUsed:          430048 kB
Node 0 Active:            52640 kB
Node 0 Inactive:          85096 kB
Node 0 Active(anon):       9864 kB
Node 0 Inactive(anon):      468 kB
Node 0 Active(file):      42776 kB
Node 0 Inactive(file):    84628 kB
Node 0 Unevictable:       12992 kB
Node 0 Mlocked:           12992 kB
Node 0 Dirty:               220 kB
Node 0 Writeback:             0 kB
Node 0 FilePages:        130688 kB
Node 0 Mapped:            46144 kB
Node 0 AnonPages:         20044 kB
Node 0 Shmem:               620 kB
Node 0 KernelStack:        2056 kB
Node 0 PageTables:          584 kB
Node 0 NFS_Unstable:          0 kB
Node 0 Bounce:                0 kB
Node 0 WritebackTmp:          0 kB
Node 0 KReclaimable:      23420 kB
Node 0 Slab:              57492 kB
Node 0 SReclaimable:      23420 kB
Node 0 SUnreclaim:        34072 kB
Node 0 AnonHugePages:         0 kB
Node 0 ShmemHugePages:        0 kB
Node 0 ShmemPmdMapped:        0 kB
Node 0 FileHugePages:        0 kB
Node 0 FilePmdMapped:        0 kB
Node 0 HugePages_Total:     0
Node 0 HugePages_Free:      0
Node 0 HugePages_Surp:      0

Node 1 MemTotal:       24661580 kB
Node 1 MemFree:        24438104 kB
Node 1 MemUsed:          223476 kB
Node 1 Active:            52920 kB
Node 1 Inactive:          28388 kB
Node 1 Active(anon):      26464 kB
Node 1 Inactive(anon):      400 kB
Node 1 Active(file):      26456 kB
Node 1 Inactive(file):    27988 kB
Node 1 Unevictable:        5532 kB
Node 1 Mlocked:            5532 kB
Node 1 Dirty:               284 kB
Node 1 Writeback:             0 kB
Node 1 FilePages:         60620 kB
Node 1 Mapped:            22448 kB
Node 1 AnonPages:         26208 kB
Node 1 Shmem:               648 kB
Node 1 KernelStack:        1688 kB
Node 1 PageTables:          824 kB
Node 1 NFS_Unstable:          0 kB
Node 1 Bounce:                0 kB
Node 1 WritebackTmp:          0 kB
Node 1 KReclaimable:      19788 kB
Node 1 Slab:              56692 kB
Node 1 SReclaimable:      19788 kB
Node 1 SUnreclaim:        36904 kB
Node 1 AnonHugePages:         0 kB
Node 1 ShmemHugePages:        0 kB
Node 1 ShmemPmdMapped:        0 kB
Node 1 FileHugePages:        0 kB
Node 1 FilePmdMapped:        0 kB
Node 1 HugePages_Total:     0
Node 1 HugePages_Free:      0
Node 1 HugePages_Surp:      0

Import tank ZPool
Node 0 MemTotal:       24768352 kB
Node 0 MemFree:        24324820 kB
Node 0 MemUsed:          443532 kB
Node 0 Active:            52696 kB
Node 0 Inactive:          85068 kB
Node 0 Active(anon):       9864 kB
Node 0 Inactive(anon):      468 kB
Node 0 Active(file):      42832 kB
Node 0 Inactive(file):    84600 kB
Node 0 Unevictable:       12992 kB
Node 0 Mlocked:           12992 kB
Node 0 Dirty:               248 kB
Node 0 Writeback:             0 kB
Node 0 FilePages:        130732 kB
Node 0 Mapped:            46180 kB
Node 0 AnonPages:         20044 kB
Node 0 Shmem:               620 kB
Node 0 KernelStack:        3128 kB
Node 0 PageTables:          584 kB
Node 0 NFS_Unstable:          0 kB
Node 0 Bounce:                0 kB
Node 0 WritebackTmp:          0 kB
Node 0 KReclaimable:      23420 kB
Node 0 Slab:              59760 kB
Node 0 SReclaimable:      23420 kB
Node 0 SUnreclaim:        36340 kB
Node 0 AnonHugePages:         0 kB
Node 0 ShmemHugePages:        0 kB
Node 0 ShmemPmdMapped:        0 kB
Node 0 FileHugePages:        0 kB
Node 0 FilePmdMapped:        0 kB
Node 0 HugePages_Total:     0
Node 0 HugePages_Free:      0
Node 0 HugePages_Surp:      0

Node 1 MemTotal:       24661580 kB
Node 1 MemFree:        24430280 kB
Node 1 MemUsed:          231300 kB
Node 1 Active:            53972 kB
Node 1 Inactive:          29848 kB
Node 1 Active(anon):      27024 kB
Node 1 Inactive(anon):      404 kB
Node 1 Active(file):      26948 kB
Node 1 Inactive(file):    29444 kB
Node 1 Unevictable:        5532 kB
Node 1 Mlocked:            5532 kB
Node 1 Dirty:                72 kB
Node 1 Writeback:             0 kB
Node 1 FilePages:         62572 kB
Node 1 Mapped:            22440 kB
Node 1 AnonPages:         26592 kB
Node 1 Shmem:               648 kB
Node 1 KernelStack:        1720 kB
Node 1 PageTables:          912 kB
Node 1 NFS_Unstable:          0 kB
Node 1 Bounce:                0 kB
Node 1 WritebackTmp:          0 kB
Node 1 KReclaimable:      19912 kB
Node 1 Slab:              62232 kB
Node 1 SReclaimable:      19912 kB
Node 1 SUnreclaim:        42320 kB
Node 1 AnonHugePages:         0 kB
Node 1 ShmemHugePages:        0 kB
Node 1 ShmemPmdMapped:        0 kB
Node 1 FileHugePages:        0 kB
Node 1 FilePmdMapped:        0 kB
Node 1 HugePages_Total:     0
Node 1 HugePages_Free:      0
Node 1 HugePages_Surp:      0

After Test
Node 0 MemTotal:       24768352 kB
Node 0 MemFree:        23968336 kB
Node 0 MemUsed:          800016 kB
Node 0 Active:            52248 kB
Node 0 Inactive:          85016 kB
Node 0 Active(anon):       9300 kB
Node 0 Inactive(anon):      468 kB
Node 0 Active(file):      42948 kB
Node 0 Inactive(file):    84548 kB
Node 0 Unevictable:       12992 kB
Node 0 Mlocked:           12992 kB
Node 0 Dirty:                16 kB
Node 0 Writeback:             0 kB
Node 0 FilePages:        130780 kB
Node 0 Mapped:            46144 kB
Node 0 AnonPages:         19476 kB
Node 0 Shmem:               620 kB
Node 0 KernelStack:        3032 kB
Node 0 PageTables:          580 kB
Node 0 NFS_Unstable:          0 kB
Node 0 Bounce:                0 kB
Node 0 WritebackTmp:          0 kB
Node 0 KReclaimable:      23456 kB
Node 0 Slab:              61300 kB
Node 0 SReclaimable:      23456 kB
Node 0 SUnreclaim:        37844 kB
Node 0 AnonHugePages:         0 kB
Node 0 ShmemHugePages:        0 kB
Node 0 ShmemPmdMapped:        0 kB
Node 0 FileHugePages:        0 kB
Node 0 FilePmdMapped:        0 kB
Node 0 HugePages_Total:     0
Node 0 HugePages_Free:      0
Node 0 HugePages_Surp:      0

Node 1 MemTotal:       24661580 kB
Node 1 MemFree:        19744828 kB
Node 1 MemUsed:         4916752 kB
Node 1 Active:            52092 kB
Node 1 Inactive:          30788 kB
Node 1 Active(anon):      23820 kB
Node 1 Inactive(anon):      432 kB
Node 1 Active(file):      28272 kB
Node 1 Inactive(file):    30356 kB
Node 1 Unevictable:        5532 kB
Node 1 Mlocked:            5532 kB
Node 1 Dirty:                20 kB
Node 1 Writeback:             0 kB
Node 1 FilePages:         64848 kB
Node 1 Mapped:            22524 kB
Node 1 AnonPages:         23092 kB
Node 1 Shmem:               692 kB
Node 1 KernelStack:        1640 kB
Node 1 PageTables:          692 kB
Node 1 NFS_Unstable:          0 kB
Node 1 Bounce:                0 kB
Node 1 WritebackTmp:          0 kB
Node 1 KReclaimable:      21264 kB
Node 1 Slab:              82140 kB
Node 1 SReclaimable:      21264 kB
Node 1 SUnreclaim:        60876 kB
Node 1 AnonHugePages:         0 kB
Node 1 ShmemHugePages:        0 kB
Node 1 ShmemPmdMapped:        0 kB
Node 1 FileHugePages:        0 kB
Node 1 FilePmdMapped:        0 kB
Node 1 HugePages_Total:     0
Node 1 HugePages_Free:      0
Node 1 HugePages_Surp:      0

After Opposite Node
Node 0 MemTotal:       24768352 kB
Node 0 MemFree:        23966792 kB
Node 0 MemUsed:          801560 kB
Node 0 Active:            52416 kB
Node 0 Inactive:          85048 kB
Node 0 Active(anon):       9456 kB
Node 0 Inactive(anon):      492 kB
Node 0 Active(file):      42960 kB
Node 0 Inactive(file):    84556 kB
Node 0 Unevictable:       12992 kB
Node 0 Mlocked:           12992 kB
Node 0 Dirty:                24 kB
Node 0 Writeback:             0 kB
Node 0 FilePages:        130844 kB
Node 0 Mapped:            46188 kB
Node 0 AnonPages:         19532 kB
Node 0 Shmem:               664 kB
Node 0 KernelStack:        3032 kB
Node 0 PageTables:          692 kB
Node 0 NFS_Unstable:          0 kB
Node 0 Bounce:                0 kB
Node 0 WritebackTmp:          0 kB
Node 0 KReclaimable:      23516 kB
Node 0 Slab:              62348 kB
Node 0 SReclaimable:      23516 kB
Node 0 SUnreclaim:        38832 kB
Node 0 AnonHugePages:         0 kB
Node 0 ShmemHugePages:        0 kB
Node 0 ShmemPmdMapped:        0 kB
Node 0 FileHugePages:        0 kB
Node 0 FilePmdMapped:        0 kB
Node 0 HugePages_Total:     0
Node 0 HugePages_Free:      0
Node 0 HugePages_Surp:      0

Node 1 MemTotal:       24661580 kB
Node 1 MemFree:        19749088 kB
Node 1 MemUsed:         4912492 kB
Node 1 Active:            51964 kB
Node 1 Inactive:          30584 kB
Node 1 Active(anon):      23496 kB
Node 1 Inactive(anon):      404 kB
Node 1 Active(file):      28468 kB
Node 1 Inactive(file):    30180 kB
Node 1 Unevictable:        5532 kB
Node 1 Mlocked:            5532 kB
Node 1 Dirty:                52 kB
Node 1 Writeback:             0 kB
Node 1 FilePages:         64824 kB
Node 1 Mapped:            22488 kB
Node 1 AnonPages:         23252 kB
Node 1 Shmem:               648 kB
Node 1 KernelStack:        1624 kB
Node 1 PageTables:          516 kB
Node 1 NFS_Unstable:          0 kB
Node 1 Bounce:                0 kB
Node 1 WritebackTmp:          0 kB
Node 1 KReclaimable:      21264 kB
Node 1 Slab:              81868 kB
Node 1 SReclaimable:      21264 kB
Node 1 SUnreclaim:        60604 kB
Node 1 AnonHugePages:         0 kB
Node 1 ShmemHugePages:        0 kB
Node 1 ShmemPmdMapped:        0 kB
Node 1 FileHugePages:        0 kB
Node 1 FilePmdMapped:        0 kB
Node 1 HugePages_Total:     0
Node 1 HugePages_Free:      0
Node 1 HugePages_Surp:      0

U.1.bigfio.4G.1.O Complete!
