U.1.smallfio.2G.1.O
Begin
Node 0 MemTotal:       24768352 kB
Node 0 MemFree:        24483124 kB
Node 0 MemUsed:          285228 kB
Node 0 Active:            59316 kB
Node 0 Inactive:          67480 kB
Node 0 Active(anon):      17692 kB
Node 0 Inactive(anon):      300 kB
Node 0 Active(file):      41624 kB
Node 0 Inactive(file):    67180 kB
Node 0 Unevictable:       18048 kB
Node 0 Mlocked:           18048 kB
Node 0 Dirty:                64 kB
Node 0 Writeback:             0 kB
Node 0 FilePages:        117156 kB
Node 0 Mapped:            54424 kB
Node 0 AnonPages:         28120 kB
Node 0 Shmem:               492 kB
Node 0 KernelStack:        2008 kB
Node 0 PageTables:          524 kB
Node 0 NFS_Unstable:          0 kB
Node 0 Bounce:                0 kB
Node 0 WritebackTmp:          0 kB
Node 0 KReclaimable:      20460 kB
Node 0 Slab:              54232 kB
Node 0 SReclaimable:      20460 kB
Node 0 SUnreclaim:        33772 kB
Node 0 AnonHugePages:         0 kB
Node 0 ShmemHugePages:        0 kB
Node 0 ShmemPmdMapped:        0 kB
Node 0 FileHugePages:        0 kB
Node 0 FilePmdMapped:        0 kB
Node 0 HugePages_Total:     0
Node 0 HugePages_Free:      0
Node 0 HugePages_Surp:      0

Node 1 MemTotal:       24661580 kB
Node 1 MemFree:        24284340 kB
Node 1 MemUsed:          377240 kB
Node 1 Active:            35552 kB
Node 1 Inactive:          74960 kB
Node 1 Active(anon):      15944 kB
Node 1 Inactive(anon):      568 kB
Node 1 Active(file):      19608 kB
Node 1 Inactive(file):    74392 kB
Node 1 Unevictable:         476 kB
Node 1 Mlocked:             476 kB
Node 1 Dirty:                48 kB
Node 1 Writeback:             0 kB
Node 1 FilePages:         95252 kB
Node 1 Mapped:            31220 kB
Node 1 AnonPages:         15752 kB
Node 1 Shmem:               776 kB
Node 1 KernelStack:        1560 kB
Node 1 PageTables:          668 kB
Node 1 NFS_Unstable:          0 kB
Node 1 Bounce:                0 kB
Node 1 WritebackTmp:          0 kB
Node 1 KReclaimable:      21464 kB
Node 1 Slab:              51104 kB
Node 1 SReclaimable:      21464 kB
Node 1 SUnreclaim:        29640 kB
Node 1 AnonHugePages:         0 kB
Node 1 ShmemHugePages:        0 kB
Node 1 ShmemPmdMapped:        0 kB
Node 1 FileHugePages:        0 kB
Node 1 FilePmdMapped:        0 kB
Node 1 HugePages_Total:     0
Node 1 HugePages_Free:      0
Node 1 HugePages_Surp:      0

Load ZFS
Node 0 MemTotal:       24768352 kB
Node 0 MemFree:        24340884 kB
Node 0 MemUsed:          427468 kB
Node 0 Active:            62216 kB
Node 0 Inactive:          67228 kB
Node 0 Active(anon):      19212 kB
Node 0 Inactive(anon):      300 kB
Node 0 Active(file):      43004 kB
Node 0 Inactive(file):    66928 kB
Node 0 Unevictable:       18048 kB
Node 0 Mlocked:           18048 kB
Node 0 Dirty:               124 kB
Node 0 Writeback:             0 kB
Node 0 FilePages:        118140 kB
Node 0 Mapped:            54436 kB
Node 0 AnonPages:         29272 kB
Node 0 Shmem:               492 kB
Node 0 KernelStack:        2056 kB
Node 0 PageTables:          728 kB
Node 0 NFS_Unstable:          0 kB
Node 0 Bounce:                0 kB
Node 0 WritebackTmp:          0 kB
Node 0 KReclaimable:      20992 kB
Node 0 Slab:              56768 kB
Node 0 SReclaimable:      20992 kB
Node 0 SUnreclaim:        35776 kB
Node 0 AnonHugePages:         0 kB
Node 0 ShmemHugePages:        0 kB
Node 0 ShmemPmdMapped:        0 kB
Node 0 FileHugePages:        0 kB
Node 0 FilePmdMapped:        0 kB
Node 0 HugePages_Total:     0
Node 0 HugePages_Free:      0
Node 0 HugePages_Surp:      0

Node 1 MemTotal:       24661580 kB
Node 1 MemFree:        24416180 kB
Node 1 MemUsed:          245400 kB
Node 1 Active:            44096 kB
Node 1 Inactive:          71088 kB
Node 1 Active(anon):      19080 kB
Node 1 Inactive(anon):      572 kB
Node 1 Active(file):      25016 kB
Node 1 Inactive(file):    70516 kB
Node 1 Unevictable:         476 kB
Node 1 Mlocked:             476 kB
Node 1 Dirty:                52 kB
Node 1 Writeback:             0 kB
Node 1 FilePages:         96784 kB
Node 1 Mapped:            31384 kB
Node 1 AnonPages:         19020 kB
Node 1 Shmem:               776 kB
Node 1 KernelStack:        1688 kB
Node 1 PageTables:          892 kB
Node 1 NFS_Unstable:          0 kB
Node 1 Bounce:                0 kB
Node 1 WritebackTmp:          0 kB
Node 1 KReclaimable:      21968 kB
Node 1 Slab:              52744 kB
Node 1 SReclaimable:      21968 kB
Node 1 SUnreclaim:        30776 kB
Node 1 AnonHugePages:         0 kB
Node 1 ShmemHugePages:        0 kB
Node 1 ShmemPmdMapped:        0 kB
Node 1 FileHugePages:        0 kB
Node 1 FilePmdMapped:        0 kB
Node 1 HugePages_Total:     0
Node 1 HugePages_Free:      0
Node 1 HugePages_Surp:      0

Import tank ZPool
Node 0 MemTotal:       24768352 kB
Node 0 MemFree:        24336096 kB
Node 0 MemUsed:          432256 kB
Node 0 Active:            60616 kB
Node 0 Inactive:          68388 kB
Node 0 Active(anon):      17248 kB
Node 0 Inactive(anon):      304 kB
Node 0 Active(file):      43368 kB
Node 0 Inactive(file):    68084 kB
Node 0 Unevictable:       18048 kB
Node 0 Mlocked:           18048 kB
Node 0 Dirty:               152 kB
Node 0 Writeback:             0 kB
Node 0 FilePages:        119664 kB
Node 0 Mapped:            54588 kB
Node 0 AnonPages:         27496 kB
Node 0 Shmem:               492 kB
Node 0 KernelStack:        2104 kB
Node 0 PageTables:          684 kB
Node 0 NFS_Unstable:          0 kB
Node 0 Bounce:                0 kB
Node 0 WritebackTmp:          0 kB
Node 0 KReclaimable:      21092 kB
Node 0 Slab:              61172 kB
Node 0 SReclaimable:      21092 kB
Node 0 SUnreclaim:        40080 kB
Node 0 AnonHugePages:         0 kB
Node 0 ShmemHugePages:        0 kB
Node 0 ShmemPmdMapped:        0 kB
Node 0 FileHugePages:        0 kB
Node 0 FilePmdMapped:        0 kB
Node 0 HugePages_Total:     0
Node 0 HugePages_Free:      0
Node 0 HugePages_Surp:      0

Node 1 MemTotal:       24661580 kB
Node 1 MemFree:        24404008 kB
Node 1 MemUsed:          257572 kB
Node 1 Active:            41180 kB
Node 1 Inactive:          71076 kB
Node 1 Active(anon):      16128 kB
Node 1 Inactive(anon):      572 kB
Node 1 Active(file):      25052 kB
Node 1 Inactive(file):    70504 kB
Node 1 Unevictable:         476 kB
Node 1 Mlocked:             476 kB
Node 1 Dirty:                64 kB
Node 1 Writeback:             0 kB
Node 1 FilePages:         96824 kB
Node 1 Mapped:            31284 kB
Node 1 AnonPages:         15924 kB
Node 1 Shmem:               776 kB
Node 1 KernelStack:        2616 kB
Node 1 PageTables:          668 kB
Node 1 NFS_Unstable:          0 kB
Node 1 Bounce:                0 kB
Node 1 WritebackTmp:          0 kB
Node 1 KReclaimable:      21968 kB
Node 1 Slab:              55240 kB
Node 1 SReclaimable:      21968 kB
Node 1 SUnreclaim:        33272 kB
Node 1 AnonHugePages:         0 kB
Node 1 ShmemHugePages:        0 kB
Node 1 ShmemPmdMapped:        0 kB
Node 1 FileHugePages:        0 kB
Node 1 FilePmdMapped:        0 kB
Node 1 HugePages_Total:     0
Node 1 HugePages_Free:      0
Node 1 HugePages_Surp:      0

After Test
Node 0 MemTotal:       24768352 kB
Node 0 MemFree:        24147800 kB
Node 0 MemUsed:          620552 kB
Node 0 Active:            60656 kB
Node 0 Inactive:          68196 kB
Node 0 Active(anon):      16932 kB
Node 0 Inactive(anon):      304 kB
Node 0 Active(file):      43724 kB
Node 0 Inactive(file):    67892 kB
Node 0 Unevictable:       18048 kB
Node 0 Mlocked:           18048 kB
Node 0 Dirty:                28 kB
Node 0 Writeback:             0 kB
Node 0 FilePages:        119824 kB
Node 0 Mapped:            54436 kB
Node 0 AnonPages:         27072 kB
Node 0 Shmem:               492 kB
Node 0 KernelStack:        1960 kB
Node 0 PageTables:          568 kB
Node 0 NFS_Unstable:          0 kB
Node 0 Bounce:                0 kB
Node 0 WritebackTmp:          0 kB
Node 0 KReclaimable:      21112 kB
Node 0 Slab:              62036 kB
Node 0 SReclaimable:      21112 kB
Node 0 SUnreclaim:        40924 kB
Node 0 AnonHugePages:         0 kB
Node 0 ShmemHugePages:        0 kB
Node 0 ShmemPmdMapped:        0 kB
Node 0 FileHugePages:        0 kB
Node 0 FilePmdMapped:        0 kB
Node 0 HugePages_Total:     0
Node 0 HugePages_Free:      0
Node 0 HugePages_Surp:      0

Node 1 MemTotal:       24661580 kB
Node 1 MemFree:        21663228 kB
Node 1 MemUsed:         2998352 kB
Node 1 Active:            42052 kB
Node 1 Inactive:          72196 kB
Node 1 Active(anon):      15984 kB
Node 1 Inactive(anon):      596 kB
Node 1 Active(file):      26068 kB
Node 1 Inactive(file):    71600 kB
Node 1 Unevictable:         476 kB
Node 1 Mlocked:             476 kB
Node 1 Dirty:                28 kB
Node 1 Writeback:             0 kB
Node 1 FilePages:         98972 kB
Node 1 Mapped:            31456 kB
Node 1 AnonPages:         15684 kB
Node 1 Shmem:               820 kB
Node 1 KernelStack:        2632 kB
Node 1 PageTables:          788 kB
Node 1 NFS_Unstable:          0 kB
Node 1 Bounce:                0 kB
Node 1 WritebackTmp:          0 kB
Node 1 KReclaimable:      23292 kB
Node 1 Slab:              69840 kB
Node 1 SReclaimable:      23292 kB
Node 1 SUnreclaim:        46548 kB
Node 1 AnonHugePages:         0 kB
Node 1 ShmemHugePages:        0 kB
Node 1 ShmemPmdMapped:        0 kB
Node 1 FileHugePages:        0 kB
Node 1 FilePmdMapped:        0 kB
Node 1 HugePages_Total:     0
Node 1 HugePages_Free:      0
Node 1 HugePages_Surp:      0

After Opposite Node
Node 0 MemTotal:       24768352 kB
Node 0 MemFree:        24147504 kB
Node 0 MemUsed:          620848 kB
Node 0 Active:            60844 kB
Node 0 Inactive:          68216 kB
Node 0 Active(anon):      17092 kB
Node 0 Inactive(anon):      328 kB
Node 0 Active(file):      43752 kB
Node 0 Inactive(file):    67888 kB
Node 0 Unevictable:       18048 kB
Node 0 Mlocked:           18048 kB
Node 0 Dirty:                48 kB
Node 0 Writeback:             0 kB
Node 0 FilePages:        119892 kB
Node 0 Mapped:            54480 kB
Node 0 AnonPages:         27136 kB
Node 0 Shmem:               536 kB
Node 0 KernelStack:        2008 kB
Node 0 PageTables:          680 kB
Node 0 NFS_Unstable:          0 kB
Node 0 Bounce:                0 kB
Node 0 WritebackTmp:          0 kB
Node 0 KReclaimable:      21160 kB
Node 0 Slab:              63276 kB
Node 0 SReclaimable:      21160 kB
Node 0 SUnreclaim:        42116 kB
Node 0 AnonHugePages:         0 kB
Node 0 ShmemHugePages:        0 kB
Node 0 ShmemPmdMapped:        0 kB
Node 0 FileHugePages:        0 kB
Node 0 FilePmdMapped:        0 kB
Node 0 HugePages_Total:     0
Node 0 HugePages_Free:      0
Node 0 HugePages_Surp:      0

Node 1 MemTotal:       24661580 kB
Node 1 MemFree:        21669580 kB
Node 1 MemUsed:         2992000 kB
Node 1 Active:            42080 kB
Node 1 Inactive:          72028 kB
Node 1 Active(anon):      15844 kB
Node 1 Inactive(anon):      572 kB
Node 1 Active(file):      26236 kB
Node 1 Inactive(file):    71456 kB
Node 1 Unevictable:         476 kB
Node 1 Mlocked:             476 kB
Node 1 Dirty:                36 kB
Node 1 Writeback:             0 kB
Node 1 FilePages:         98952 kB
Node 1 Mapped:            31424 kB
Node 1 AnonPages:         15640 kB
Node 1 Shmem:               776 kB
Node 1 KernelStack:        2600 kB
Node 1 PageTables:          668 kB
Node 1 NFS_Unstable:          0 kB
Node 1 Bounce:                0 kB
Node 1 WritebackTmp:          0 kB
Node 1 KReclaimable:      23332 kB
Node 1 Slab:              69896 kB
Node 1 SReclaimable:      23332 kB
Node 1 SUnreclaim:        46564 kB
Node 1 AnonHugePages:         0 kB
Node 1 ShmemHugePages:        0 kB
Node 1 ShmemPmdMapped:        0 kB
Node 1 FileHugePages:        0 kB
Node 1 FilePmdMapped:        0 kB
Node 1 HugePages_Total:     0
Node 1 HugePages_Free:      0
Node 1 HugePages_Surp:      0

U.1.smallfio.2G.1.O Complete!
