U.1.bigfio.8G.1.O
Begin
Node 0 MemTotal:       24768352 kB
Node 0 MemFree:        24540012 kB
Node 0 MemUsed:          228340 kB
Node 0 Active:            54076 kB
Node 0 Inactive:          29776 kB
Node 0 Active(anon):      20216 kB
Node 0 Inactive(anon):      424 kB
Node 0 Active(file):      33860 kB
Node 0 Inactive(file):    29352 kB
Node 0 Unevictable:        5764 kB
Node 0 Mlocked:            5764 kB
Node 0 Dirty:                12 kB
Node 0 Writeback:             0 kB
Node 0 FilePages:         69644 kB
Node 0 Mapped:            24172 kB
Node 0 AnonPages:         20028 kB
Node 0 Shmem:               652 kB
Node 0 KernelStack:        2264 kB
Node 0 PageTables:          508 kB
Node 0 NFS_Unstable:          0 kB
Node 0 Bounce:                0 kB
Node 0 WritebackTmp:          0 kB
Node 0 KReclaimable:      20120 kB
Node 0 Slab:              54204 kB
Node 0 SReclaimable:      20120 kB
Node 0 SUnreclaim:        34084 kB
Node 0 AnonHugePages:         0 kB
Node 0 ShmemHugePages:        0 kB
Node 0 ShmemPmdMapped:        0 kB
Node 0 FileHugePages:        0 kB
Node 0 FilePmdMapped:        0 kB
Node 0 HugePages_Total:     0
Node 0 HugePages_Free:      0
Node 0 HugePages_Surp:      0

Node 1 MemTotal:       24661580 kB
Node 1 MemFree:        24244184 kB
Node 1 MemUsed:          417396 kB
Node 1 Active:            41828 kB
Node 1 Inactive:          88288 kB
Node 1 Active(anon):      13388 kB
Node 1 Inactive(anon):      452 kB
Node 1 Active(file):      28440 kB
Node 1 Inactive(file):    87836 kB
Node 1 Unevictable:       12760 kB
Node 1 Mlocked:           12760 kB
Node 1 Dirty:               512 kB
Node 1 Writeback:             0 kB
Node 1 FilePages:        119328 kB
Node 1 Mapped:            45452 kB
Node 1 AnonPages:         23588 kB
Node 1 Shmem:               616 kB
Node 1 KernelStack:        1336 kB
Node 1 PageTables:          652 kB
Node 1 NFS_Unstable:          0 kB
Node 1 Bounce:                0 kB
Node 1 WritebackTmp:          0 kB
Node 1 KReclaimable:      21308 kB
Node 1 Slab:              52840 kB
Node 1 SReclaimable:      21308 kB
Node 1 SUnreclaim:        31532 kB
Node 1 AnonHugePages:         0 kB
Node 1 ShmemHugePages:        0 kB
Node 1 ShmemPmdMapped:        0 kB
Node 1 FileHugePages:        0 kB
Node 1 FilePmdMapped:        0 kB
Node 1 HugePages_Total:     0
Node 1 HugePages_Free:      0
Node 1 HugePages_Surp:      0

Load ZFS
Node 0 MemTotal:       24768352 kB
Node 0 MemFree:        24536936 kB
Node 0 MemUsed:          231416 kB
Node 0 Active:            57056 kB
Node 0 Inactive:          30356 kB
Node 0 Active(anon):      22448 kB
Node 0 Inactive(anon):      424 kB
Node 0 Active(file):      34608 kB
Node 0 Inactive(file):    29932 kB
Node 0 Unevictable:        5764 kB
Node 0 Mlocked:            5764 kB
Node 0 Dirty:                32 kB
Node 0 Writeback:             0 kB
Node 0 FilePages:         70956 kB
Node 0 Mapped:            24180 kB
Node 0 AnonPages:         22324 kB
Node 0 Shmem:               652 kB
Node 0 KernelStack:        2328 kB
Node 0 PageTables:          508 kB
Node 0 NFS_Unstable:          0 kB
Node 0 Bounce:                0 kB
Node 0 WritebackTmp:          0 kB
Node 0 KReclaimable:      20572 kB
Node 0 Slab:              56064 kB
Node 0 SReclaimable:      20572 kB
Node 0 SUnreclaim:        35492 kB
Node 0 AnonHugePages:         0 kB
Node 0 ShmemHugePages:        0 kB
Node 0 ShmemPmdMapped:        0 kB
Node 0 FileHugePages:        0 kB
Node 0 FilePmdMapped:        0 kB
Node 0 HugePages_Total:     0
Node 0 HugePages_Free:      0
Node 0 HugePages_Surp:      0

Node 1 MemTotal:       24661580 kB
Node 1 MemFree:        24236180 kB
Node 1 MemUsed:          425400 kB
Node 1 Active:            52684 kB
Node 1 Inactive:          83716 kB
Node 1 Active(anon):      18408 kB
Node 1 Inactive(anon):      452 kB
Node 1 Active(file):      34276 kB
Node 1 Inactive(file):    83264 kB
Node 1 Unevictable:       12760 kB
Node 1 Mlocked:           12760 kB
Node 1 Dirty:               332 kB
Node 1 Writeback:             0 kB
Node 1 FilePages:        120588 kB
Node 1 Mapped:            45632 kB
Node 1 AnonPages:         28532 kB
Node 1 Shmem:               616 kB
Node 1 KernelStack:        1464 kB
Node 1 PageTables:         1092 kB
Node 1 NFS_Unstable:          0 kB
Node 1 Bounce:                0 kB
Node 1 WritebackTmp:          0 kB
Node 1 KReclaimable:      21752 kB
Node 1 Slab:              54708 kB
Node 1 SReclaimable:      21752 kB
Node 1 SUnreclaim:        32956 kB
Node 1 AnonHugePages:         0 kB
Node 1 ShmemHugePages:        0 kB
Node 1 ShmemPmdMapped:        0 kB
Node 1 FileHugePages:        0 kB
Node 1 FilePmdMapped:        0 kB
Node 1 HugePages_Total:     0
Node 1 HugePages_Free:      0
Node 1 HugePages_Surp:      0

Import tank ZPool
Node 0 MemTotal:       24768352 kB
Node 0 MemFree:        24524140 kB
Node 0 MemUsed:          244212 kB
Node 0 Active:            54488 kB
Node 0 Inactive:          30356 kB
Node 0 Active(anon):      19880 kB
Node 0 Inactive(anon):      424 kB
Node 0 Active(file):      34608 kB
Node 0 Inactive(file):    29932 kB
Node 0 Unevictable:        5764 kB
Node 0 Mlocked:            5764 kB
Node 0 Dirty:                48 kB
Node 0 Writeback:             0 kB
Node 0 FilePages:         70968 kB
Node 0 Mapped:            24408 kB
Node 0 AnonPages:         19560 kB
Node 0 Shmem:               648 kB
Node 0 KernelStack:        3384 kB
Node 0 PageTables:          508 kB
Node 0 NFS_Unstable:          0 kB
Node 0 Bounce:                0 kB
Node 0 WritebackTmp:          0 kB
Node 0 KReclaimable:      20572 kB
Node 0 Slab:              58616 kB
Node 0 SReclaimable:      20572 kB
Node 0 SUnreclaim:        38044 kB
Node 0 AnonHugePages:         0 kB
Node 0 ShmemHugePages:        0 kB
Node 0 ShmemPmdMapped:        0 kB
Node 0 FileHugePages:        0 kB
Node 0 FilePmdMapped:        0 kB
Node 0 HugePages_Total:     0
Node 0 HugePages_Free:      0
Node 0 HugePages_Surp:      0

Node 1 MemTotal:       24661580 kB
Node 1 MemFree:        24233176 kB
Node 1 MemUsed:          428404 kB
Node 1 Active:            48476 kB
Node 1 Inactive:          84864 kB
Node 1 Active(anon):      13824 kB
Node 1 Inactive(anon):      456 kB
Node 1 Active(file):      34652 kB
Node 1 Inactive(file):    84408 kB
Node 1 Unevictable:       12760 kB
Node 1 Mlocked:           12760 kB
Node 1 Dirty:               364 kB
Node 1 Writeback:             0 kB
Node 1 FilePages:        122116 kB
Node 1 Mapped:            45780 kB
Node 1 AnonPages:         23540 kB
Node 1 Shmem:               620 kB
Node 1 KernelStack:        1384 kB
Node 1 PageTables:          824 kB
Node 1 NFS_Unstable:          0 kB
Node 1 Bounce:                0 kB
Node 1 WritebackTmp:          0 kB
Node 1 KReclaimable:      21872 kB
Node 1 Slab:              60016 kB
Node 1 SReclaimable:      21872 kB
Node 1 SUnreclaim:        38144 kB
Node 1 AnonHugePages:         0 kB
Node 1 ShmemHugePages:        0 kB
Node 1 ShmemPmdMapped:        0 kB
Node 1 FileHugePages:        0 kB
Node 1 FilePmdMapped:        0 kB
Node 1 HugePages_Total:     0
Node 1 HugePages_Free:      0
Node 1 HugePages_Surp:      0

After Test
Node 0 MemTotal:       24768352 kB
Node 0 MemFree:        23866552 kB
Node 0 MemUsed:          901800 kB
Node 0 Active:            54552 kB
Node 0 Inactive:          30320 kB
Node 0 Active(anon):      19780 kB
Node 0 Inactive(anon):      424 kB
Node 0 Active(file):      34772 kB
Node 0 Inactive(file):    29896 kB
Node 0 Unevictable:        5764 kB
Node 0 Mlocked:            5764 kB
Node 0 Dirty:                 0 kB
Node 0 Writeback:             0 kB
Node 0 FilePages:         71076 kB
Node 0 Mapped:            24176 kB
Node 0 AnonPages:         19556 kB
Node 0 Shmem:               648 kB
Node 0 KernelStack:        3304 kB
Node 0 PageTables:          508 kB
Node 0 NFS_Unstable:          0 kB
Node 0 Bounce:                0 kB
Node 0 WritebackTmp:          0 kB
Node 0 KReclaimable:      20620 kB
Node 0 Slab:              61132 kB
Node 0 SReclaimable:      20620 kB
Node 0 SUnreclaim:        40512 kB
Node 0 AnonHugePages:         0 kB
Node 0 ShmemHugePages:        0 kB
Node 0 ShmemPmdMapped:        0 kB
Node 0 FileHugePages:        0 kB
Node 0 FilePmdMapped:        0 kB
Node 0 HugePages_Total:     0
Node 0 HugePages_Free:      0
Node 0 HugePages_Surp:      0

Node 1 MemTotal:       24661580 kB
Node 1 MemFree:        15641976 kB
Node 1 MemUsed:         9019604 kB
Node 1 Active:            48960 kB
Node 1 Inactive:          85808 kB
Node 1 Active(anon):      13128 kB
Node 1 Inactive(anon):      480 kB
Node 1 Active(file):      35832 kB
Node 1 Inactive(file):    85328 kB
Node 1 Unevictable:       12760 kB
Node 1 Mlocked:           12760 kB
Node 1 Dirty:                 8 kB
Node 1 Writeback:             0 kB
Node 1 FilePages:        124256 kB
Node 1 Mapped:            45704 kB
Node 1 AnonPages:         23200 kB
Node 1 Shmem:               664 kB
Node 1 KernelStack:        1288 kB
Node 1 PageTables:          720 kB
Node 1 NFS_Unstable:          0 kB
Node 1 Bounce:                0 kB
Node 1 WritebackTmp:          0 kB
Node 1 KReclaimable:      23228 kB
Node 1 Slab:              92708 kB
Node 1 SReclaimable:      23228 kB
Node 1 SUnreclaim:        69480 kB
Node 1 AnonHugePages:         0 kB
Node 1 ShmemHugePages:        0 kB
Node 1 ShmemPmdMapped:        0 kB
Node 1 FileHugePages:        0 kB
Node 1 FilePmdMapped:        0 kB
Node 1 HugePages_Total:     0
Node 1 HugePages_Free:      0
Node 1 HugePages_Surp:      0

After Opposite Node
Node 0 MemTotal:       24768352 kB
Node 0 MemFree:        23860252 kB
Node 0 MemUsed:          908100 kB
Node 0 Active:            54720 kB
Node 0 Inactive:          30352 kB
Node 0 Active(anon):      19936 kB
Node 0 Inactive(anon):      448 kB
Node 0 Active(file):      34784 kB
Node 0 Inactive(file):    29904 kB
Node 0 Unevictable:        5764 kB
Node 0 Mlocked:            5764 kB
Node 0 Dirty:                24 kB
Node 0 Writeback:             0 kB
Node 0 FilePages:         71140 kB
Node 0 Mapped:            24220 kB
Node 0 AnonPages:         19612 kB
Node 0 Shmem:               692 kB
Node 0 KernelStack:        3320 kB
Node 0 PageTables:          616 kB
Node 0 NFS_Unstable:          0 kB
Node 0 Bounce:                0 kB
Node 0 WritebackTmp:          0 kB
Node 0 KReclaimable:      20712 kB
Node 0 Slab:              62808 kB
Node 0 SReclaimable:      20712 kB
Node 0 SUnreclaim:        42096 kB
Node 0 AnonHugePages:         0 kB
Node 0 ShmemHugePages:        0 kB
Node 0 ShmemPmdMapped:        0 kB
Node 0 FileHugePages:        0 kB
Node 0 FilePmdMapped:        0 kB
Node 0 HugePages_Total:     0
Node 0 HugePages_Free:      0
Node 0 HugePages_Surp:      0

Node 1 MemTotal:       24661580 kB
Node 1 MemFree:        15644464 kB
Node 1 MemUsed:         9017116 kB
Node 1 Active:            49032 kB
Node 1 Inactive:          85584 kB
Node 1 Active(anon):      12980 kB
Node 1 Inactive(anon):      456 kB
Node 1 Active(file):      36052 kB
Node 1 Inactive(file):    85128 kB
Node 1 Unevictable:       12760 kB
Node 1 Mlocked:           12760 kB
Node 1 Dirty:                68 kB
Node 1 Writeback:             0 kB
Node 1 FilePages:        124232 kB
Node 1 Mapped:            45700 kB
Node 1 AnonPages:         23144 kB
Node 1 Shmem:               620 kB
Node 1 KernelStack:        1288 kB
Node 1 PageTables:          604 kB
Node 1 NFS_Unstable:          0 kB
Node 1 Bounce:                0 kB
Node 1 WritebackTmp:          0 kB
Node 1 KReclaimable:      23228 kB
Node 1 Slab:              92284 kB
Node 1 SReclaimable:      23228 kB
Node 1 SUnreclaim:        69056 kB
Node 1 AnonHugePages:         0 kB
Node 1 ShmemHugePages:        0 kB
Node 1 ShmemPmdMapped:        0 kB
Node 1 FileHugePages:        0 kB
Node 1 FilePmdMapped:        0 kB
Node 1 HugePages_Total:     0
Node 1 HugePages_Free:      0
Node 1 HugePages_Surp:      0

U.1.bigfio.8G.1.O Complete!
