U.1.smallfio.2-1G.3.O
Begin
Node 0 MemTotal:       24768352 kB
Node 0 MemFree:        24377032 kB
Node 0 MemUsed:          391320 kB
Node 0 Active:            32468 kB
Node 0 Inactive:          81740 kB
Node 0 Active(anon):      12984 kB
Node 0 Inactive(anon):      340 kB
Node 0 Active(file):      19484 kB
Node 0 Inactive(file):    81400 kB
Node 0 Unevictable:         680 kB
Node 0 Mlocked:             680 kB
Node 0 Dirty:               152 kB
Node 0 Writeback:             0 kB
Node 0 FilePages:        102092 kB
Node 0 Mapped:            58504 kB
Node 0 AnonPages:         12860 kB
Node 0 Shmem:               528 kB
Node 0 KernelStack:        2088 kB
Node 0 PageTables:          648 kB
Node 0 NFS_Unstable:          0 kB
Node 0 Bounce:                0 kB
Node 0 WritebackTmp:          0 kB
Node 0 KReclaimable:      18404 kB
Node 0 Slab:              53876 kB
Node 0 SReclaimable:      18404 kB
Node 0 SUnreclaim:        35472 kB
Node 0 AnonHugePages:         0 kB
Node 0 ShmemHugePages:        0 kB
Node 0 ShmemPmdMapped:        0 kB
Node 0 FileHugePages:        0 kB
Node 0 FilePmdMapped:        0 kB
Node 0 HugePages_Total:     0
Node 0 HugePages_Free:      0
Node 0 HugePages_Surp:      0

Node 1 MemTotal:       24661580 kB
Node 1 MemFree:        24392812 kB
Node 1 MemUsed:          268768 kB
Node 1 Active:            64860 kB
Node 1 Inactive:          53956 kB
Node 1 Active(anon):      21044 kB
Node 1 Inactive(anon):      520 kB
Node 1 Active(file):      43816 kB
Node 1 Inactive(file):    53436 kB
Node 1 Unevictable:       17840 kB
Node 1 Mlocked:           17840 kB
Node 1 Dirty:               364 kB
Node 1 Writeback:             0 kB
Node 1 FilePages:        105528 kB
Node 1 Mapped:            24096 kB
Node 1 AnonPages:         31160 kB
Node 1 Shmem:               740 kB
Node 1 KernelStack:        1560 kB
Node 1 PageTables:          596 kB
Node 1 NFS_Unstable:          0 kB
Node 1 Bounce:                0 kB
Node 1 WritebackTmp:          0 kB
Node 1 KReclaimable:      23980 kB
Node 1 Slab:              53108 kB
Node 1 SReclaimable:      23980 kB
Node 1 SUnreclaim:        29128 kB
Node 1 AnonHugePages:         0 kB
Node 1 ShmemHugePages:        0 kB
Node 1 ShmemPmdMapped:        0 kB
Node 1 FileHugePages:        0 kB
Node 1 FilePmdMapped:        0 kB
Node 1 HugePages_Total:     0
Node 1 HugePages_Free:      0
Node 1 HugePages_Surp:      0

Load ZFS
Node 0 MemTotal:       24768352 kB
Node 0 MemFree:        24504040 kB
Node 0 MemUsed:          264312 kB
Node 0 Active:            43856 kB
Node 0 Inactive:          77156 kB
Node 0 Active(anon):      19068 kB
Node 0 Inactive(anon):      340 kB
Node 0 Active(file):      24788 kB
Node 0 Inactive(file):    76816 kB
Node 0 Unevictable:         680 kB
Node 0 Mlocked:             680 kB
Node 0 Dirty:               208 kB
Node 0 Writeback:             0 kB
Node 0 FilePages:        102812 kB
Node 0 Mapped:            58500 kB
Node 0 AnonPages:         18964 kB
Node 0 Shmem:               528 kB
Node 0 KernelStack:        2296 kB
Node 0 PageTables:          972 kB
Node 0 NFS_Unstable:          0 kB
Node 0 Bounce:                0 kB
Node 0 WritebackTmp:          0 kB
Node 0 KReclaimable:      18916 kB
Node 0 Slab:              55228 kB
Node 0 SReclaimable:      18916 kB
Node 0 SUnreclaim:        36312 kB
Node 0 AnonHugePages:         0 kB
Node 0 ShmemHugePages:        0 kB
Node 0 ShmemPmdMapped:        0 kB
Node 0 FileHugePages:        0 kB
Node 0 FilePmdMapped:        0 kB
Node 0 HugePages_Total:     0
Node 0 HugePages_Free:      0
Node 0 HugePages_Surp:      0

Node 1 MemTotal:       24661580 kB
Node 1 MemFree:        24253816 kB
Node 1 MemUsed:          407764 kB
Node 1 Active:            66220 kB
Node 1 Inactive:          54444 kB
Node 1 Active(anon):      21024 kB
Node 1 Inactive(anon):      520 kB
Node 1 Active(file):      45196 kB
Node 1 Inactive(file):    53924 kB
Node 1 Unevictable:       17840 kB
Node 1 Mlocked:           17840 kB
Node 1 Dirty:               136 kB
Node 1 Writeback:             0 kB
Node 1 FilePages:        107376 kB
Node 1 Mapped:            24224 kB
Node 1 AnonPages:         31044 kB
Node 1 Shmem:               740 kB
Node 1 KernelStack:        1480 kB
Node 1 PageTables:          640 kB
Node 1 NFS_Unstable:          0 kB
Node 1 Bounce:                0 kB
Node 1 WritebackTmp:          0 kB
Node 1 KReclaimable:      24484 kB
Node 1 Slab:              55552 kB
Node 1 SReclaimable:      24484 kB
Node 1 SUnreclaim:        31068 kB
Node 1 AnonHugePages:         0 kB
Node 1 ShmemHugePages:        0 kB
Node 1 ShmemPmdMapped:        0 kB
Node 1 FileHugePages:        0 kB
Node 1 FilePmdMapped:        0 kB
Node 1 HugePages_Total:     0
Node 1 HugePages_Free:      0
Node 1 HugePages_Surp:      0

Import tank ZPool
Node 0 MemTotal:       24768352 kB
Node 0 MemFree:        24493972 kB
Node 0 MemUsed:          274380 kB
Node 0 Active:            37112 kB
Node 0 Inactive:          77116 kB
Node 0 Active(anon):      12280 kB
Node 0 Inactive(anon):      340 kB
Node 0 Active(file):      24832 kB
Node 0 Inactive(file):    76776 kB
Node 0 Unevictable:         680 kB
Node 0 Mlocked:             680 kB
Node 0 Dirty:               216 kB
Node 0 Writeback:             0 kB
Node 0 FilePages:        102816 kB
Node 0 Mapped:            58584 kB
Node 0 AnonPages:         12092 kB
Node 0 Shmem:               528 kB
Node 0 KernelStack:        3320 kB
Node 0 PageTables:          576 kB
Node 0 NFS_Unstable:          0 kB
Node 0 Bounce:                0 kB
Node 0 WritebackTmp:          0 kB
Node 0 KReclaimable:      18916 kB
Node 0 Slab:              57608 kB
Node 0 SReclaimable:      18916 kB
Node 0 SUnreclaim:        38692 kB
Node 0 AnonHugePages:         0 kB
Node 0 ShmemHugePages:        0 kB
Node 0 ShmemPmdMapped:        0 kB
Node 0 FileHugePages:        0 kB
Node 0 FilePmdMapped:        0 kB
Node 0 HugePages_Total:     0
Node 0 HugePages_Free:      0
Node 0 HugePages_Surp:      0

Node 1 MemTotal:       24661580 kB
Node 1 MemFree:        24247476 kB
Node 1 MemUsed:          414104 kB
Node 1 Active:            66944 kB
Node 1 Inactive:          55632 kB
Node 1 Active(anon):      21384 kB
Node 1 Inactive(anon):      524 kB
Node 1 Active(file):      45560 kB
Node 1 Inactive(file):    55108 kB
Node 1 Unevictable:       17840 kB
Node 1 Mlocked:           17840 kB
Node 1 Dirty:               156 kB
Node 1 Writeback:             0 kB
Node 1 FilePages:        108936 kB
Node 1 Mapped:            24188 kB
Node 1 AnonPages:         31264 kB
Node 1 Shmem:               740 kB
Node 1 KernelStack:        1416 kB
Node 1 PageTables:          728 kB
Node 1 NFS_Unstable:          0 kB
Node 1 Bounce:                0 kB
Node 1 WritebackTmp:          0 kB
Node 1 KReclaimable:      24600 kB
Node 1 Slab:              60408 kB
Node 1 SReclaimable:      24600 kB
Node 1 SUnreclaim:        35808 kB
Node 1 AnonHugePages:         0 kB
Node 1 ShmemHugePages:        0 kB
Node 1 ShmemPmdMapped:        0 kB
Node 1 FileHugePages:        0 kB
Node 1 FilePmdMapped:        0 kB
Node 1 HugePages_Total:     0
Node 1 HugePages_Free:      0
Node 1 HugePages_Surp:      0

After Test
Node 0 MemTotal:       24768352 kB
Node 0 MemFree:        24470652 kB
Node 0 MemUsed:          297700 kB
Node 0 Active:            37020 kB
Node 0 Inactive:          77116 kB
Node 0 Active(anon):      12188 kB
Node 0 Inactive(anon):      340 kB
Node 0 Active(file):      24832 kB
Node 0 Inactive(file):    76776 kB
Node 0 Unevictable:         680 kB
Node 0 Mlocked:             680 kB
Node 0 Dirty:               164 kB
Node 0 Writeback:             0 kB
Node 0 FilePages:        102816 kB
Node 0 Mapped:            58500 kB
Node 0 AnonPages:         12000 kB
Node 0 Shmem:               528 kB
Node 0 KernelStack:        3224 kB
Node 0 PageTables:          576 kB
Node 0 NFS_Unstable:          0 kB
Node 0 Bounce:                0 kB
Node 0 WritebackTmp:          0 kB
Node 0 KReclaimable:      18916 kB
Node 0 Slab:              57812 kB
Node 0 SReclaimable:      18916 kB
Node 0 SUnreclaim:        38896 kB
Node 0 AnonHugePages:         0 kB
Node 0 ShmemHugePages:        0 kB
Node 0 ShmemPmdMapped:        0 kB
Node 0 FileHugePages:        0 kB
Node 0 FilePmdMapped:        0 kB
Node 0 HugePages_Total:     0
Node 0 HugePages_Free:      0
Node 0 HugePages_Surp:      0

Node 1 MemTotal:       24661580 kB
Node 1 MemFree:        22393064 kB
Node 1 MemUsed:         2268516 kB
Node 1 Active:            67804 kB
Node 1 Inactive:          56524 kB
Node 1 Active(anon):      20832 kB
Node 1 Inactive(anon):      568 kB
Node 1 Active(file):      46972 kB
Node 1 Inactive(file):    55956 kB
Node 1 Unevictable:       17840 kB
Node 1 Mlocked:           17840 kB
Node 1 Dirty:                68 kB
Node 1 Writeback:             0 kB
Node 1 FilePages:        111232 kB
Node 1 Mapped:            24332 kB
Node 1 AnonPages:         30868 kB
Node 1 Shmem:               784 kB
Node 1 KernelStack:        1448 kB
Node 1 PageTables:          784 kB
Node 1 NFS_Unstable:          0 kB
Node 1 Bounce:                0 kB
Node 1 WritebackTmp:          0 kB
Node 1 KReclaimable:      25940 kB
Node 1 Slab:              71664 kB
Node 1 SReclaimable:      25940 kB
Node 1 SUnreclaim:        45724 kB
Node 1 AnonHugePages:         0 kB
Node 1 ShmemHugePages:        0 kB
Node 1 ShmemPmdMapped:        0 kB
Node 1 FileHugePages:        0 kB
Node 1 FilePmdMapped:        0 kB
Node 1 HugePages_Total:     0
Node 1 HugePages_Free:      0
Node 1 HugePages_Surp:      0

After Opposite Node
Node 0 MemTotal:       24768352 kB
Node 0 MemFree:        24471416 kB
Node 0 MemUsed:          296936 kB
Node 0 Active:            37216 kB
Node 0 Inactive:          77160 kB
Node 0 Active(anon):      12380 kB
Node 0 Inactive(anon):      376 kB
Node 0 Active(file):      24836 kB
Node 0 Inactive(file):    76784 kB
Node 0 Unevictable:         680 kB
Node 0 Mlocked:             680 kB
Node 0 Dirty:                44 kB
Node 0 Writeback:             0 kB
Node 0 FilePages:        102872 kB
Node 0 Mapped:            58544 kB
Node 0 AnonPages:         12052 kB
Node 0 Shmem:               572 kB
Node 0 KernelStack:        3240 kB
Node 0 PageTables:          692 kB
Node 0 NFS_Unstable:          0 kB
Node 0 Bounce:                0 kB
Node 0 WritebackTmp:          0 kB
Node 0 KReclaimable:      18964 kB
Node 0 Slab:              58388 kB
Node 0 SReclaimable:      18964 kB
Node 0 SUnreclaim:        39424 kB
Node 0 AnonHugePages:         0 kB
Node 0 ShmemHugePages:        0 kB
Node 0 ShmemPmdMapped:        0 kB
Node 0 FileHugePages:        0 kB
Node 0 FilePmdMapped:        0 kB
Node 0 HugePages_Total:     0
Node 0 HugePages_Free:      0
Node 0 HugePages_Surp:      0

Node 1 MemTotal:       24661580 kB
Node 1 MemFree:        22395192 kB
Node 1 MemUsed:         2266388 kB
Node 1 Active:            67836 kB
Node 1 Inactive:          56320 kB
Node 1 Active(anon):      20668 kB
Node 1 Inactive(anon):      524 kB
Node 1 Active(file):      47168 kB
Node 1 Inactive(file):    55796 kB
Node 1 Unevictable:       17840 kB
Node 1 Mlocked:           17840 kB
Node 1 Dirty:                84 kB
Node 1 Writeback:             0 kB
Node 1 FilePages:        111216 kB
Node 1 Mapped:            24292 kB
Node 1 AnonPages:         30776 kB
Node 1 Shmem:               740 kB
Node 1 KernelStack:        1396 kB
Node 1 PageTables:          612 kB
Node 1 NFS_Unstable:          0 kB
Node 1 Bounce:                0 kB
Node 1 WritebackTmp:          0 kB
Node 1 KReclaimable:      25948 kB
Node 1 Slab:              71472 kB
Node 1 SReclaimable:      25948 kB
Node 1 SUnreclaim:        45524 kB
Node 1 AnonHugePages:         0 kB
Node 1 ShmemHugePages:        0 kB
Node 1 ShmemPmdMapped:        0 kB
Node 1 FileHugePages:        0 kB
Node 1 FilePmdMapped:        0 kB
Node 1 HugePages_Total:     0
Node 1 HugePages_Free:      0
Node 1 HugePages_Surp:      0

U.1.smallfio.2-1G.3.O Complete!
