U.1.bigfio.2G.3.O
Begin
Node 0 MemTotal:       24768352 kB
Node 0 MemFree:        24534496 kB
Node 0 MemUsed:          233856 kB
Node 0 Active:            48976 kB
Node 0 Inactive:          30564 kB
Node 0 Active(anon):      20076 kB
Node 0 Inactive(anon):      468 kB
Node 0 Active(file):      28900 kB
Node 0 Inactive(file):    30096 kB
Node 0 Unevictable:       17424 kB
Node 0 Mlocked:           17424 kB
Node 0 Dirty:                24 kB
Node 0 Writeback:             0 kB
Node 0 FilePages:         66756 kB
Node 0 Mapped:            26584 kB
Node 0 AnonPages:         30204 kB
Node 0 Shmem:               664 kB
Node 0 KernelStack:        1848 kB
Node 0 PageTables:          588 kB
Node 0 NFS_Unstable:          0 kB
Node 0 Bounce:                0 kB
Node 0 WritebackTmp:          0 kB
Node 0 KReclaimable:      17640 kB
Node 0 Slab:              49896 kB
Node 0 SReclaimable:      17640 kB
Node 0 SUnreclaim:        32256 kB
Node 0 AnonHugePages:         0 kB
Node 0 ShmemHugePages:        0 kB
Node 0 ShmemPmdMapped:        0 kB
Node 0 FileHugePages:        0 kB
Node 0 FilePmdMapped:        0 kB
Node 0 HugePages_Total:     0
Node 0 HugePages_Free:      0
Node 0 HugePages_Surp:      0

Node 1 MemTotal:       24661580 kB
Node 1 MemFree:        24274708 kB
Node 1 MemUsed:          386872 kB
Node 1 Active:            46256 kB
Node 1 Inactive:          66052 kB
Node 1 Active(anon):      14112 kB
Node 1 Inactive(anon):      400 kB
Node 1 Active(file):      32144 kB
Node 1 Inactive(file):    65652 kB
Node 1 Unevictable:        1096 kB
Node 1 Mlocked:            1096 kB
Node 1 Dirty:                80 kB
Node 1 Writeback:             0 kB
Node 1 FilePages:         99648 kB
Node 1 Mapped:            25212 kB
Node 1 AnonPages:         13932 kB
Node 1 Shmem:               604 kB
Node 1 KernelStack:        1768 kB
Node 1 PageTables:          456 kB
Node 1 NFS_Unstable:          0 kB
Node 1 Bounce:                0 kB
Node 1 WritebackTmp:          0 kB
Node 1 KReclaimable:      24480 kB
Node 1 Slab:              58476 kB
Node 1 SReclaimable:      24480 kB
Node 1 SUnreclaim:        33996 kB
Node 1 AnonHugePages:         0 kB
Node 1 ShmemHugePages:        0 kB
Node 1 ShmemPmdMapped:        0 kB
Node 1 FileHugePages:        0 kB
Node 1 FilePmdMapped:        0 kB
Node 1 HugePages_Total:     0
Node 1 HugePages_Free:      0
Node 1 HugePages_Surp:      0

Load ZFS
Node 0 MemTotal:       24768352 kB
Node 0 MemFree:        24531596 kB
Node 0 MemUsed:          236756 kB
Node 0 Active:            50460 kB
Node 0 Inactive:          30996 kB
Node 0 Active(anon):      20876 kB
Node 0 Inactive(anon):      468 kB
Node 0 Active(file):      29584 kB
Node 0 Inactive(file):    30528 kB
Node 0 Unevictable:       17424 kB
Node 0 Mlocked:           17424 kB
Node 0 Dirty:                28 kB
Node 0 Writeback:             0 kB
Node 0 FilePages:         67876 kB
Node 0 Mapped:            26712 kB
Node 0 AnonPages:         31060 kB
Node 0 Shmem:               664 kB
Node 0 KernelStack:        1880 kB
Node 0 PageTables:          560 kB
Node 0 NFS_Unstable:          0 kB
Node 0 Bounce:                0 kB
Node 0 WritebackTmp:          0 kB
Node 0 KReclaimable:      18100 kB
Node 0 Slab:              51748 kB
Node 0 SReclaimable:      18100 kB
Node 0 SUnreclaim:        33648 kB
Node 0 AnonHugePages:         0 kB
Node 0 ShmemHugePages:        0 kB
Node 0 ShmemPmdMapped:        0 kB
Node 0 FileHugePages:        0 kB
Node 0 FilePmdMapped:        0 kB
Node 0 HugePages_Total:     0
Node 0 HugePages_Free:      0
Node 0 HugePages_Surp:      0

Node 1 MemTotal:       24661580 kB
Node 1 MemFree:        24270932 kB
Node 1 MemUsed:          390648 kB
Node 1 Active:            54208 kB
Node 1 Inactive:          61508 kB
Node 1 Active(anon):      15968 kB
Node 1 Inactive(anon):      400 kB
Node 1 Active(file):      38240 kB
Node 1 Inactive(file):    61108 kB
Node 1 Unevictable:        1096 kB
Node 1 Mlocked:            1096 kB
Node 1 Dirty:               140 kB
Node 1 Writeback:             0 kB
Node 1 FilePages:        101048 kB
Node 1 Mapped:            25212 kB
Node 1 AnonPages:         15708 kB
Node 1 Shmem:               604 kB
Node 1 KernelStack:        1848 kB
Node 1 PageTables:          796 kB
Node 1 NFS_Unstable:          0 kB
Node 1 Bounce:                0 kB
Node 1 WritebackTmp:          0 kB
Node 1 KReclaimable:      25016 kB
Node 1 Slab:              60440 kB
Node 1 SReclaimable:      25016 kB
Node 1 SUnreclaim:        35424 kB
Node 1 AnonHugePages:         0 kB
Node 1 ShmemHugePages:        0 kB
Node 1 ShmemPmdMapped:        0 kB
Node 1 FileHugePages:        0 kB
Node 1 FilePmdMapped:        0 kB
Node 1 HugePages_Total:     0
Node 1 HugePages_Free:      0
Node 1 HugePages_Surp:      0

Import tank ZPool
Node 0 MemTotal:       24768352 kB
Node 0 MemFree:        24532872 kB
Node 0 MemUsed:          235480 kB
Node 0 Active:            49264 kB
Node 0 Inactive:          31000 kB
Node 0 Active(anon):      19680 kB
Node 0 Inactive(anon):      468 kB
Node 0 Active(file):      29584 kB
Node 0 Inactive(file):    30532 kB
Node 0 Unevictable:       17424 kB
Node 0 Mlocked:           17424 kB
Node 0 Dirty:                36 kB
Node 0 Writeback:             0 kB
Node 0 FilePages:         67872 kB
Node 0 Mapped:            26780 kB
Node 0 AnonPages:         29812 kB
Node 0 Shmem:               660 kB
Node 0 KernelStack:        1864 kB
Node 0 PageTables:          560 kB
Node 0 NFS_Unstable:          0 kB
Node 0 Bounce:                0 kB
Node 0 WritebackTmp:          0 kB
Node 0 KReclaimable:      18100 kB
Node 0 Slab:              51712 kB
Node 0 SReclaimable:      18100 kB
Node 0 SUnreclaim:        33612 kB
Node 0 AnonHugePages:         0 kB
Node 0 ShmemHugePages:        0 kB
Node 0 ShmemPmdMapped:        0 kB
Node 0 FileHugePages:        0 kB
Node 0 FilePmdMapped:        0 kB
Node 0 HugePages_Total:     0
Node 0 HugePages_Free:      0
Node 0 HugePages_Surp:      0

Node 1 MemTotal:       24661580 kB
Node 1 MemFree:        24251500 kB
Node 1 MemUsed:          410080 kB
Node 1 Active:            52516 kB
Node 1 Inactive:          62596 kB
Node 1 Active(anon):      13828 kB
Node 1 Inactive(anon):      404 kB
Node 1 Active(file):      38688 kB
Node 1 Inactive(file):    62192 kB
Node 1 Unevictable:        1096 kB
Node 1 Mlocked:            1096 kB
Node 1 Dirty:               176 kB
Node 1 Writeback:             8 kB
Node 1 FilePages:        102600 kB
Node 1 Mapped:            25484 kB
Node 1 AnonPages:         13256 kB
Node 1 Shmem:               608 kB
Node 1 KernelStack:        2856 kB
Node 1 PageTables:          600 kB
Node 1 NFS_Unstable:          0 kB
Node 1 Bounce:                0 kB
Node 1 WritebackTmp:          0 kB
Node 1 KReclaimable:      25136 kB
Node 1 Slab:              67544 kB
Node 1 SReclaimable:      25136 kB
Node 1 SUnreclaim:        42408 kB
Node 1 AnonHugePages:         0 kB
Node 1 ShmemHugePages:        0 kB
Node 1 ShmemPmdMapped:        0 kB
Node 1 FileHugePages:        0 kB
Node 1 FilePmdMapped:        0 kB
Node 1 HugePages_Total:     0
Node 1 HugePages_Free:      0
Node 1 HugePages_Surp:      0

After Test
Node 0 MemTotal:       24768352 kB
Node 0 MemFree:        24380656 kB
Node 0 MemUsed:          387696 kB
Node 0 Active:            49096 kB
Node 0 Inactive:          30960 kB
Node 0 Active(anon):      19472 kB
Node 0 Inactive(anon):      468 kB
Node 0 Active(file):      29624 kB
Node 0 Inactive(file):    30492 kB
Node 0 Unevictable:       17424 kB
Node 0 Mlocked:           17424 kB
Node 0 Dirty:                20 kB
Node 0 Writeback:             0 kB
Node 0 FilePages:         67872 kB
Node 0 Mapped:            26552 kB
Node 0 AnonPages:         29604 kB
Node 0 Shmem:               660 kB
Node 0 KernelStack:        1784 kB
Node 0 PageTables:          560 kB
Node 0 NFS_Unstable:          0 kB
Node 0 Bounce:                0 kB
Node 0 WritebackTmp:          0 kB
Node 0 KReclaimable:      18100 kB
Node 0 Slab:              52552 kB
Node 0 SReclaimable:      18100 kB
Node 0 SUnreclaim:        34452 kB
Node 0 AnonHugePages:         0 kB
Node 0 ShmemHugePages:        0 kB
Node 0 ShmemPmdMapped:        0 kB
Node 0 FileHugePages:        0 kB
Node 0 FilePmdMapped:        0 kB
Node 0 HugePages_Total:     0
Node 0 HugePages_Free:      0
Node 0 HugePages_Surp:      0

Node 1 MemTotal:       24661580 kB
Node 1 MemFree:        21460952 kB
Node 1 MemUsed:         3200628 kB
Node 1 Active:            53892 kB
Node 1 Inactive:          63544 kB
Node 1 Active(anon):      13848 kB
Node 1 Inactive(anon):      436 kB
Node 1 Active(file):      40044 kB
Node 1 Inactive(file):    63108 kB
Node 1 Unevictable:        1096 kB
Node 1 Mlocked:            1096 kB
Node 1 Dirty:                52 kB
Node 1 Writeback:             0 kB
Node 1 FilePages:        104900 kB
Node 1 Mapped:            25464 kB
Node 1 AnonPages:         13588 kB
Node 1 Shmem:               652 kB
Node 1 KernelStack:        2872 kB
Node 1 PageTables:          664 kB
Node 1 NFS_Unstable:          0 kB
Node 1 Bounce:                0 kB
Node 1 WritebackTmp:          0 kB
Node 1 KReclaimable:      26528 kB
Node 1 Slab:              82360 kB
Node 1 SReclaimable:      26528 kB
Node 1 SUnreclaim:        55832 kB
Node 1 AnonHugePages:         0 kB
Node 1 ShmemHugePages:        0 kB
Node 1 ShmemPmdMapped:        0 kB
Node 1 FileHugePages:        0 kB
Node 1 FilePmdMapped:        0 kB
Node 1 HugePages_Total:     0
Node 1 HugePages_Free:      0
Node 1 HugePages_Surp:      0

After Opposite Node
Node 0 MemTotal:       24768352 kB
Node 0 MemFree:        24377900 kB
Node 0 MemUsed:          390452 kB
Node 0 Active:            49260 kB
Node 0 Inactive:          30992 kB
Node 0 Active(anon):      19632 kB
Node 0 Inactive(anon):      492 kB
Node 0 Active(file):      29628 kB
Node 0 Inactive(file):    30500 kB
Node 0 Unevictable:       17424 kB
Node 0 Mlocked:           17424 kB
Node 0 Dirty:                 8 kB
Node 0 Writeback:             0 kB
Node 0 FilePages:         67928 kB
Node 0 Mapped:            26596 kB
Node 0 AnonPages:         29660 kB
Node 0 Shmem:               704 kB
Node 0 KernelStack:        1816 kB
Node 0 PageTables:          676 kB
Node 0 NFS_Unstable:          0 kB
Node 0 Bounce:                0 kB
Node 0 WritebackTmp:          0 kB
Node 0 KReclaimable:      18180 kB
Node 0 Slab:              53516 kB
Node 0 SReclaimable:      18180 kB
Node 0 SUnreclaim:        35336 kB
Node 0 AnonHugePages:         0 kB
Node 0 ShmemHugePages:        0 kB
Node 0 ShmemPmdMapped:        0 kB
Node 0 FileHugePages:        0 kB
Node 0 FilePmdMapped:        0 kB
Node 0 HugePages_Total:     0
Node 0 HugePages_Free:      0
Node 0 HugePages_Surp:      0

Node 1 MemTotal:       24661580 kB
Node 1 MemFree:        21463504 kB
Node 1 MemUsed:         3198076 kB
Node 1 Active:            53776 kB
Node 1 Inactive:          63332 kB
Node 1 Active(anon):      13532 kB
Node 1 Inactive(anon):      404 kB
Node 1 Active(file):      40244 kB
Node 1 Inactive(file):    62928 kB
Node 1 Unevictable:        1096 kB
Node 1 Mlocked:            1096 kB
Node 1 Dirty:                28 kB
Node 1 Writeback:             0 kB
Node 1 FilePages:        104876 kB
Node 1 Mapped:            25452 kB
Node 1 AnonPages:         13328 kB
Node 1 Shmem:               608 kB
Node 1 KernelStack:        2824 kB
Node 1 PageTables:          488 kB
Node 1 NFS_Unstable:          0 kB
Node 1 Bounce:                0 kB
Node 1 WritebackTmp:          0 kB
Node 1 KReclaimable:      26528 kB
Node 1 Slab:              82056 kB
Node 1 SReclaimable:      26528 kB
Node 1 SUnreclaim:        55528 kB
Node 1 AnonHugePages:         0 kB
Node 1 ShmemHugePages:        0 kB
Node 1 ShmemPmdMapped:        0 kB
Node 1 FileHugePages:        0 kB
Node 1 FilePmdMapped:        0 kB
Node 1 HugePages_Total:     0
Node 1 HugePages_Free:      0
Node 1 HugePages_Surp:      0

U.1.bigfio.2G.3.O Complete!
