U.1.bigfio.2G.1.O
Begin
Node 0 MemTotal:       24768360 kB
Node 0 MemFree:        24528524 kB
Node 0 MemUsed:          239836 kB
Node 0 Active:            46360 kB
Node 0 Inactive:          50916 kB
Node 0 Active(anon):      16516 kB
Node 0 Inactive(anon):      416 kB
Node 0 Active(file):      29844 kB
Node 0 Inactive(file):    50500 kB
Node 0 Unevictable:       18308 kB
Node 0 Mlocked:           18308 kB
Node 0 Dirty:               124 kB
Node 0 Writeback:             0 kB
Node 0 FilePages:         88944 kB
Node 0 Mapped:            24032 kB
Node 0 AnonPages:         26676 kB
Node 0 Shmem:               624 kB
Node 0 KernelStack:        2088 kB
Node 0 PageTables:          476 kB
Node 0 NFS_Unstable:          0 kB
Node 0 Bounce:                0 kB
Node 0 WritebackTmp:          0 kB
Node 0 KReclaimable:      20620 kB
Node 0 Slab:              46548 kB
Node 0 SReclaimable:      20620 kB
Node 0 SUnreclaim:        25928 kB
Node 0 AnonHugePages:         0 kB
Node 0 ShmemHugePages:        0 kB
Node 0 ShmemPmdMapped:        0 kB
Node 0 FileHugePages:        0 kB
Node 0 FilePmdMapped:        0 kB
Node 0 HugePages_Total:     0
Node 0 HugePages_Free:      0
Node 0 HugePages_Surp:      0

Node 1 MemTotal:       24661580 kB
Node 1 MemFree:        24263312 kB
Node 1 MemUsed:          398268 kB
Node 1 Active:            49572 kB
Node 1 Inactive:          64424 kB
Node 1 Active(anon):      17204 kB
Node 1 Inactive(anon):      476 kB
Node 1 Active(file):      32368 kB
Node 1 Inactive(file):    63948 kB
Node 1 Unevictable:         216 kB
Node 1 Mlocked:             216 kB
Node 1 Dirty:               388 kB
Node 1 Writeback:             0 kB
Node 1 FilePages:         97200 kB
Node 1 Mapped:            40660 kB
Node 1 AnonPages:         17036 kB
Node 1 Shmem:               644 kB
Node 1 KernelStack:        1544 kB
Node 1 PageTables:          672 kB
Node 1 NFS_Unstable:          0 kB
Node 1 Bounce:                0 kB
Node 1 WritebackTmp:          0 kB
Node 1 KReclaimable:      21228 kB
Node 1 Slab:              59252 kB
Node 1 SReclaimable:      21228 kB
Node 1 SUnreclaim:        38024 kB
Node 1 AnonHugePages:         0 kB
Node 1 ShmemHugePages:        0 kB
Node 1 ShmemPmdMapped:        0 kB
Node 1 FileHugePages:        0 kB
Node 1 FilePmdMapped:        0 kB
Node 1 HugePages_Total:     0
Node 1 HugePages_Free:      0
Node 1 HugePages_Surp:      0

Load ZFS
Node 0 MemTotal:       24768360 kB
Node 0 MemFree:        24523212 kB
Node 0 MemUsed:          245148 kB
Node 0 Active:            48284 kB
Node 0 Inactive:          51480 kB
Node 0 Active(anon):      17736 kB
Node 0 Inactive(anon):      416 kB
Node 0 Active(file):      30548 kB
Node 0 Inactive(file):    51064 kB
Node 0 Unevictable:       18308 kB
Node 0 Mlocked:           18308 kB
Node 0 Dirty:               128 kB
Node 0 Writeback:             4 kB
Node 0 FilePages:         90212 kB
Node 0 Mapped:            24232 kB
Node 0 AnonPages:         27984 kB
Node 0 Shmem:               624 kB
Node 0 KernelStack:        2120 kB
Node 0 PageTables:          548 kB
Node 0 NFS_Unstable:          0 kB
Node 0 Bounce:                0 kB
Node 0 WritebackTmp:          0 kB
Node 0 KReclaimable:      21156 kB
Node 0 Slab:              48548 kB
Node 0 SReclaimable:      21156 kB
Node 0 SUnreclaim:        27392 kB
Node 0 AnonHugePages:         0 kB
Node 0 ShmemHugePages:        0 kB
Node 0 ShmemPmdMapped:        0 kB
Node 0 FileHugePages:        0 kB
Node 0 FilePmdMapped:        0 kB
Node 0 HugePages_Total:     0
Node 0 HugePages_Free:      0
Node 0 HugePages_Surp:      0

Node 1 MemTotal:       24661580 kB
Node 1 MemFree:        24258284 kB
Node 1 MemUsed:          403296 kB
Node 1 Active:            57196 kB
Node 1 Inactive:          59888 kB
Node 1 Active(anon):      18968 kB
Node 1 Inactive(anon):      476 kB
Node 1 Active(file):      38228 kB
Node 1 Inactive(file):    59412 kB
Node 1 Unevictable:         216 kB
Node 1 Mlocked:             216 kB
Node 1 Dirty:               216 kB
Node 1 Writeback:           260 kB
Node 1 FilePages:         98504 kB
Node 1 Mapped:            40664 kB
Node 1 AnonPages:         18720 kB
Node 1 Shmem:               644 kB
Node 1 KernelStack:        1576 kB
Node 1 PageTables:          828 kB
Node 1 NFS_Unstable:          0 kB
Node 1 Bounce:                0 kB
Node 1 WritebackTmp:          0 kB
Node 1 KReclaimable:      21640 kB
Node 1 Slab:              61020 kB
Node 1 SReclaimable:      21640 kB
Node 1 SUnreclaim:        39380 kB
Node 1 AnonHugePages:         0 kB
Node 1 ShmemHugePages:        0 kB
Node 1 ShmemPmdMapped:        0 kB
Node 1 FileHugePages:        0 kB
Node 1 FilePmdMapped:        0 kB
Node 1 HugePages_Total:     0
Node 1 HugePages_Free:      0
Node 1 HugePages_Surp:      0

Import tank ZPool
Node 0 MemTotal:       24768360 kB
Node 0 MemFree:        24525152 kB
Node 0 MemUsed:          243208 kB
Node 0 Active:            46788 kB
Node 0 Inactive:          51472 kB
Node 0 Active(anon):      16232 kB
Node 0 Inactive(anon):      416 kB
Node 0 Active(file):      30556 kB
Node 0 Inactive(file):    51056 kB
Node 0 Unevictable:       18308 kB
Node 0 Mlocked:           18308 kB
Node 0 Dirty:               152 kB
Node 0 Writeback:             0 kB
Node 0 FilePages:         90208 kB
Node 0 Mapped:            24308 kB
Node 0 AnonPages:         26356 kB
Node 0 Shmem:               620 kB
Node 0 KernelStack:        2072 kB
Node 0 PageTables:          468 kB
Node 0 NFS_Unstable:          0 kB
Node 0 Bounce:                0 kB
Node 0 WritebackTmp:          0 kB
Node 0 KReclaimable:      21156 kB
Node 0 Slab:              48372 kB
Node 0 SReclaimable:      21156 kB
Node 0 SUnreclaim:        27216 kB
Node 0 AnonHugePages:         0 kB
Node 0 ShmemHugePages:        0 kB
Node 0 ShmemPmdMapped:        0 kB
Node 0 FileHugePages:        0 kB
Node 0 FilePmdMapped:        0 kB
Node 0 HugePages_Total:     0
Node 0 HugePages_Free:      0
Node 0 HugePages_Surp:      0

Node 1 MemTotal:       24661580 kB
Node 1 MemFree:        24238972 kB
Node 1 MemUsed:          422608 kB
Node 1 Active:            56480 kB
Node 1 Inactive:          60736 kB
Node 1 Active(anon):      17548 kB
Node 1 Inactive(anon):      480 kB
Node 1 Active(file):      38932 kB
Node 1 Inactive(file):    60256 kB
Node 1 Unevictable:         216 kB
Node 1 Mlocked:             216 kB
Node 1 Dirty:               240 kB
Node 1 Writeback:             0 kB
Node 1 FilePages:        100052 kB
Node 1 Mapped:            40944 kB
Node 1 AnonPages:         17244 kB
Node 1 Shmem:               648 kB
Node 1 KernelStack:        2680 kB
Node 1 PageTables:          780 kB
Node 1 NFS_Unstable:          0 kB
Node 1 Bounce:                0 kB
Node 1 WritebackTmp:          0 kB
Node 1 KReclaimable:      21772 kB
Node 1 Slab:              68276 kB
Node 1 SReclaimable:      21772 kB
Node 1 SUnreclaim:        46504 kB
Node 1 AnonHugePages:         0 kB
Node 1 ShmemHugePages:        0 kB
Node 1 ShmemPmdMapped:        0 kB
Node 1 FileHugePages:        0 kB
Node 1 FilePmdMapped:        0 kB
Node 1 HugePages_Total:     0
Node 1 HugePages_Free:      0
Node 1 HugePages_Surp:      0

After Test
Node 0 MemTotal:       24768360 kB
Node 0 MemFree:        24147744 kB
Node 0 MemUsed:          620616 kB
Node 0 Active:            46532 kB
Node 0 Inactive:          51432 kB
Node 0 Active(anon):      15936 kB
Node 0 Inactive(anon):      416 kB
Node 0 Active(file):      30596 kB
Node 0 Inactive(file):    51016 kB
Node 0 Unevictable:       18308 kB
Node 0 Mlocked:           18308 kB
Node 0 Dirty:                16 kB
Node 0 Writeback:             0 kB
Node 0 FilePages:         90208 kB
Node 0 Mapped:            24072 kB
Node 0 AnonPages:         26060 kB
Node 0 Shmem:               620 kB
Node 0 KernelStack:        2008 kB
Node 0 PageTables:          468 kB
Node 0 NFS_Unstable:          0 kB
Node 0 Bounce:                0 kB
Node 0 WritebackTmp:          0 kB
Node 0 KReclaimable:      21156 kB
Node 0 Slab:              50072 kB
Node 0 SReclaimable:      21156 kB
Node 0 SUnreclaim:        28916 kB
Node 0 AnonHugePages:         0 kB
Node 0 ShmemHugePages:        0 kB
Node 0 ShmemPmdMapped:        0 kB
Node 0 FileHugePages:        0 kB
Node 0 FilePmdMapped:        0 kB
Node 0 HugePages_Total:     0
Node 0 HugePages_Free:      0
Node 0 HugePages_Surp:      0

Node 1 MemTotal:       24661580 kB
Node 1 MemFree:        21677452 kB
Node 1 MemUsed:         2984128 kB
Node 1 Active:            57380 kB
Node 1 Inactive:          61940 kB
Node 1 Active(anon):      17240 kB
Node 1 Inactive(anon):      508 kB
Node 1 Active(file):      40140 kB
Node 1 Inactive(file):    61432 kB
Node 1 Unevictable:         216 kB
Node 1 Mlocked:             216 kB
Node 1 Dirty:                60 kB
Node 1 Writeback:             0 kB
Node 1 FilePages:        102480 kB
Node 1 Mapped:            40936 kB
Node 1 AnonPages:         16968 kB
Node 1 Shmem:               692 kB
Node 1 KernelStack:        2664 kB
Node 1 PageTables:          808 kB
Node 1 NFS_Unstable:          0 kB
Node 1 Bounce:                0 kB
Node 1 WritebackTmp:          0 kB
Node 1 KReclaimable:      23088 kB
Node 1 Slab:              81320 kB
Node 1 SReclaimable:      23088 kB
Node 1 SUnreclaim:        58232 kB
Node 1 AnonHugePages:         0 kB
Node 1 ShmemHugePages:        0 kB
Node 1 ShmemPmdMapped:        0 kB
Node 1 FileHugePages:        0 kB
Node 1 FilePmdMapped:        0 kB
Node 1 HugePages_Total:     0
Node 1 HugePages_Free:      0
Node 1 HugePages_Surp:      0

After Opposite Node
Node 0 MemTotal:       24768360 kB
Node 0 MemFree:        24145344 kB
Node 0 MemUsed:          623016 kB
Node 0 Active:            46688 kB
Node 0 Inactive:          51468 kB
Node 0 Active(anon):      16088 kB
Node 0 Inactive(anon):      444 kB
Node 0 Active(file):      30600 kB
Node 0 Inactive(file):    51024 kB
Node 0 Unevictable:       18308 kB
Node 0 Mlocked:           18308 kB
Node 0 Dirty:                 8 kB
Node 0 Writeback:             0 kB
Node 0 FilePages:         90264 kB
Node 0 Mapped:            24116 kB
Node 0 AnonPages:         26100 kB
Node 0 Shmem:               664 kB
Node 0 KernelStack:        2040 kB
Node 0 PageTables:          580 kB
Node 0 NFS_Unstable:          0 kB
Node 0 Bounce:                0 kB
Node 0 WritebackTmp:          0 kB
Node 0 KReclaimable:      21188 kB
Node 0 Slab:              50948 kB
Node 0 SReclaimable:      21188 kB
Node 0 SUnreclaim:        29760 kB
Node 0 AnonHugePages:         0 kB
Node 0 ShmemHugePages:        0 kB
Node 0 ShmemPmdMapped:        0 kB
Node 0 FileHugePages:        0 kB
Node 0 FilePmdMapped:        0 kB
Node 0 HugePages_Total:     0
Node 0 HugePages_Free:      0
Node 0 HugePages_Surp:      0

Node 1 MemTotal:       24661580 kB
Node 1 MemFree:        21678916 kB
Node 1 MemUsed:         2982664 kB
Node 1 Active:            57192 kB
Node 1 Inactive:          61736 kB
Node 1 Active(anon):      16856 kB
Node 1 Inactive(anon):      480 kB
Node 1 Active(file):      40336 kB
Node 1 Inactive(file):    61256 kB
Node 1 Unevictable:         216 kB
Node 1 Mlocked:             216 kB
Node 1 Dirty:                28 kB
Node 1 Writeback:             0 kB
Node 1 FilePages:        102456 kB
Node 1 Mapped:            40852 kB
Node 1 AnonPages:         16688 kB
Node 1 Shmem:               648 kB
Node 1 KernelStack:        2616 kB
Node 1 PageTables:          628 kB
Node 1 NFS_Unstable:          0 kB
Node 1 Bounce:                0 kB
Node 1 WritebackTmp:          0 kB
Node 1 KReclaimable:      23088 kB
Node 1 Slab:              81400 kB
Node 1 SReclaimable:      23088 kB
Node 1 SUnreclaim:        58312 kB
Node 1 AnonHugePages:         0 kB
Node 1 ShmemHugePages:        0 kB
Node 1 ShmemPmdMapped:        0 kB
Node 1 FileHugePages:        0 kB
Node 1 FilePmdMapped:        0 kB
Node 1 HugePages_Total:     0
Node 1 HugePages_Free:      0
Node 1 HugePages_Surp:      0

U.1.bigfio.2G.1.O Complete!
