U.1.smallfio.8G.1.O
Begin
Node 0 MemTotal:       24743736 kB
Node 0 MemFree:        24356596 kB
Node 0 MemUsed:          387140 kB
Node 0 Active:            37060 kB
Node 0 Inactive:          67032 kB
Node 0 Active(anon):      15800 kB
Node 0 Inactive(anon):      564 kB
Node 0 Active(file):      21260 kB
Node 0 Inactive(file):    66468 kB
Node 0 Unevictable:       13744 kB
Node 0 Mlocked:           13744 kB
Node 0 Dirty:               228 kB
Node 0 Writeback:             0 kB
Node 0 FilePages:         91916 kB
Node 0 Mapped:            27656 kB
Node 0 AnonPages:         26016 kB
Node 0 Shmem:               772 kB
Node 0 KernelStack:        2456 kB
Node 0 PageTables:          792 kB
Node 0 NFS_Unstable:          0 kB
Node 0 Bounce:                0 kB
Node 0 WritebackTmp:          0 kB
Node 0 KReclaimable:      17040 kB
Node 0 Slab:              47840 kB
Node 0 SReclaimable:      17040 kB
Node 0 SUnreclaim:        30800 kB
Node 0 AnonHugePages:         0 kB
Node 0 ShmemHugePages:        0 kB
Node 0 ShmemPmdMapped:        0 kB
Node 0 FileHugePages:        0 kB
Node 0 FilePmdMapped:        0 kB
Node 0 HugePages_Total:     0
Node 0 HugePages_Free:      0
Node 0 HugePages_Surp:      0

Node 1 MemTotal:       24686196 kB
Node 1 MemFree:        24460052 kB
Node 1 MemUsed:          226144 kB
Node 1 Active:            57112 kB
Node 1 Inactive:          25608 kB
Node 1 Active(anon):      17904 kB
Node 1 Inactive(anon):      304 kB
Node 1 Active(file):      39208 kB
Node 1 Inactive(file):    25304 kB
Node 1 Unevictable:        4780 kB
Node 1 Mlocked:            4780 kB
Node 1 Dirty:               288 kB
Node 1 Writeback:             0 kB
Node 1 FilePages:         69928 kB
Node 1 Mapped:            19836 kB
Node 1 AnonPages:         17728 kB
Node 1 Shmem:               496 kB
Node 1 KernelStack:        1224 kB
Node 1 PageTables:          324 kB
Node 1 NFS_Unstable:          0 kB
Node 1 Bounce:                0 kB
Node 1 WritebackTmp:          0 kB
Node 1 KReclaimable:      24924 kB
Node 1 Slab:              60296 kB
Node 1 SReclaimable:      24924 kB
Node 1 SUnreclaim:        35372 kB
Node 1 AnonHugePages:         0 kB
Node 1 ShmemHugePages:        0 kB
Node 1 ShmemPmdMapped:        0 kB
Node 1 FileHugePages:        0 kB
Node 1 FilePmdMapped:        0 kB
Node 1 HugePages_Total:     0
Node 1 HugePages_Free:      0
Node 1 HugePages_Surp:      0

Load ZFS
Node 0 MemTotal:       24743736 kB
Node 0 MemFree:        24486508 kB
Node 0 MemUsed:          257228 kB
Node 0 Active:            45284 kB
Node 0 Inactive:          62368 kB
Node 0 Active(anon):      18528 kB
Node 0 Inactive(anon):      564 kB
Node 0 Active(file):      26756 kB
Node 0 Inactive(file):    61804 kB
Node 0 Unevictable:       13744 kB
Node 0 Mlocked:           13744 kB
Node 0 Dirty:               252 kB
Node 0 Writeback:             0 kB
Node 0 FilePages:         92748 kB
Node 0 Mapped:            27816 kB
Node 0 AnonPages:         28736 kB
Node 0 Shmem:               772 kB
Node 0 KernelStack:        2488 kB
Node 0 PageTables:          992 kB
Node 0 NFS_Unstable:          0 kB
Node 0 Bounce:                0 kB
Node 0 WritebackTmp:          0 kB
Node 0 KReclaimable:      17468 kB
Node 0 Slab:              49444 kB
Node 0 SReclaimable:      17468 kB
Node 0 SUnreclaim:        31976 kB
Node 0 AnonHugePages:         0 kB
Node 0 ShmemHugePages:        0 kB
Node 0 ShmemPmdMapped:        0 kB
Node 0 FileHugePages:        0 kB
Node 0 FilePmdMapped:        0 kB
Node 0 HugePages_Total:     0
Node 0 HugePages_Free:      0
Node 0 HugePages_Surp:      0

Node 1 MemTotal:       24686196 kB
Node 1 MemFree:        24320232 kB
Node 1 MemUsed:          365964 kB
Node 1 Active:            58464 kB
Node 1 Inactive:          26136 kB
Node 1 Active(anon):      17960 kB
Node 1 Inactive(anon):      308 kB
Node 1 Active(file):      40504 kB
Node 1 Inactive(file):    25828 kB
Node 1 Unevictable:        4780 kB
Node 1 Mlocked:            4780 kB
Node 1 Dirty:               288 kB
Node 1 Writeback:             0 kB
Node 1 FilePages:         71604 kB
Node 1 Mapped:            19860 kB
Node 1 AnonPages:         17688 kB
Node 1 Shmem:               496 kB
Node 1 KernelStack:        1240 kB
Node 1 PageTables:          364 kB
Node 1 NFS_Unstable:          0 kB
Node 1 Bounce:                0 kB
Node 1 WritebackTmp:          0 kB
Node 1 KReclaimable:      25424 kB
Node 1 Slab:              62652 kB
Node 1 SReclaimable:      25424 kB
Node 1 SUnreclaim:        37228 kB
Node 1 AnonHugePages:         0 kB
Node 1 ShmemHugePages:        0 kB
Node 1 ShmemPmdMapped:        0 kB
Node 1 FileHugePages:        0 kB
Node 1 FilePmdMapped:        0 kB
Node 1 HugePages_Total:     0
Node 1 HugePages_Free:      0
Node 1 HugePages_Surp:      0

Import tank ZPool
Node 0 MemTotal:       24743736 kB
Node 0 MemFree:        24473664 kB
Node 0 MemUsed:          270072 kB
Node 0 Active:            42496 kB
Node 0 Inactive:          62324 kB
Node 0 Active(anon):      15696 kB
Node 0 Inactive(anon):      564 kB
Node 0 Active(file):      26800 kB
Node 0 Inactive(file):    61760 kB
Node 0 Unevictable:       13744 kB
Node 0 Mlocked:           13744 kB
Node 0 Dirty:               288 kB
Node 0 Writeback:             0 kB
Node 0 FilePages:         92748 kB
Node 0 Mapped:            27728 kB
Node 0 AnonPages:         25572 kB
Node 0 Shmem:               772 kB
Node 0 KernelStack:        3544 kB
Node 0 PageTables:          768 kB
Node 0 NFS_Unstable:          0 kB
Node 0 Bounce:                0 kB
Node 0 WritebackTmp:          0 kB
Node 0 KReclaimable:      17468 kB
Node 0 Slab:              51880 kB
Node 0 SReclaimable:      17468 kB
Node 0 SUnreclaim:        34412 kB
Node 0 AnonHugePages:         0 kB
Node 0 ShmemHugePages:        0 kB
Node 0 ShmemPmdMapped:        0 kB
Node 0 FileHugePages:        0 kB
Node 0 FilePmdMapped:        0 kB
Node 0 HugePages_Total:     0
Node 0 HugePages_Free:      0
Node 0 HugePages_Surp:      0

Node 1 MemTotal:       24686196 kB
Node 1 MemFree:        24314824 kB
Node 1 MemUsed:          371372 kB
Node 1 Active:            58556 kB
Node 1 Inactive:          27280 kB
Node 1 Active(anon):      17732 kB
Node 1 Inactive(anon):      312 kB
Node 1 Active(file):      40824 kB
Node 1 Inactive(file):    26968 kB
Node 1 Unevictable:        4780 kB
Node 1 Mlocked:            4780 kB
Node 1 Dirty:                64 kB
Node 1 Writeback:             0 kB
Node 1 FilePages:         73104 kB
Node 1 Mapped:            19952 kB
Node 1 AnonPages:         17620 kB
Node 1 Shmem:               496 kB
Node 1 KernelStack:        1208 kB
Node 1 PageTables:          380 kB
Node 1 NFS_Unstable:          0 kB
Node 1 Bounce:                0 kB
Node 1 WritebackTmp:          0 kB
Node 1 KReclaimable:      25524 kB
Node 1 Slab:              67304 kB
Node 1 SReclaimable:      25524 kB
Node 1 SUnreclaim:        41780 kB
Node 1 AnonHugePages:         0 kB
Node 1 ShmemHugePages:        0 kB
Node 1 ShmemPmdMapped:        0 kB
Node 1 FileHugePages:        0 kB
Node 1 FilePmdMapped:        0 kB
Node 1 HugePages_Total:     0
Node 1 HugePages_Free:      0
Node 1 HugePages_Surp:      0

After Test
Node 0 MemTotal:       24743736 kB
Node 0 MemFree:        24062252 kB
Node 0 MemUsed:          681484 kB
Node 0 Active:            42080 kB
Node 0 Inactive:          62392 kB
Node 0 Active(anon):      15268 kB
Node 0 Inactive(anon):      564 kB
Node 0 Active(file):      26812 kB
Node 0 Inactive(file):    61828 kB
Node 0 Unevictable:       13744 kB
Node 0 Mlocked:           13744 kB
Node 0 Dirty:                12 kB
Node 0 Writeback:             0 kB
Node 0 FilePages:         92828 kB
Node 0 Mapped:            27656 kB
Node 0 AnonPages:         25388 kB
Node 0 Shmem:               772 kB
Node 0 KernelStack:        3480 kB
Node 0 PageTables:          712 kB
Node 0 NFS_Unstable:          0 kB
Node 0 Bounce:                0 kB
Node 0 WritebackTmp:          0 kB
Node 0 KReclaimable:      17584 kB
Node 0 Slab:              53160 kB
Node 0 SReclaimable:      17584 kB
Node 0 SUnreclaim:        35576 kB
Node 0 AnonHugePages:         0 kB
Node 0 ShmemHugePages:        0 kB
Node 0 ShmemPmdMapped:        0 kB
Node 0 FileHugePages:        0 kB
Node 0 FilePmdMapped:        0 kB
Node 0 HugePages_Total:     0
Node 0 HugePages_Free:      0
Node 0 HugePages_Surp:      0

Node 1 MemTotal:       24686196 kB
Node 1 MemFree:        15482512 kB
Node 1 MemUsed:         9203684 kB
Node 1 Active:            60296 kB
Node 1 Inactive:          28176 kB
Node 1 Active(anon):      17928 kB
Node 1 Inactive(anon):      356 kB
Node 1 Active(file):      42368 kB
Node 1 Inactive(file):    27820 kB
Node 1 Unevictable:        4780 kB
Node 1 Mlocked:            4780 kB
Node 1 Dirty:                24 kB
Node 1 Writeback:             0 kB
Node 1 FilePages:         75504 kB
Node 1 Mapped:            19856 kB
Node 1 AnonPages:         17640 kB
Node 1 Shmem:               540 kB
Node 1 KernelStack:        1192 kB
Node 1 PageTables:          512 kB
Node 1 NFS_Unstable:          0 kB
Node 1 Bounce:                0 kB
Node 1 WritebackTmp:          0 kB
Node 1 KReclaimable:      26928 kB
Node 1 Slab:             101936 kB
Node 1 SReclaimable:      26928 kB
Node 1 SUnreclaim:        75008 kB
Node 1 AnonHugePages:         0 kB
Node 1 ShmemHugePages:        0 kB
Node 1 ShmemPmdMapped:        0 kB
Node 1 FileHugePages:        0 kB
Node 1 FilePmdMapped:        0 kB
Node 1 HugePages_Total:     0
Node 1 HugePages_Free:      0
Node 1 HugePages_Surp:      0

After Opposite Node
Node 0 MemTotal:       24743736 kB
Node 0 MemFree:        24061736 kB
Node 0 MemUsed:          682000 kB
Node 0 Active:            42296 kB
Node 0 Inactive:          62444 kB
Node 0 Active(anon):      15480 kB
Node 0 Inactive(anon):      608 kB
Node 0 Active(file):      26816 kB
Node 0 Inactive(file):    61836 kB
Node 0 Unevictable:       13744 kB
Node 0 Mlocked:           13744 kB
Node 0 Dirty:                16 kB
Node 0 Writeback:             0 kB
Node 0 FilePages:         92884 kB
Node 0 Mapped:            27700 kB
Node 0 AnonPages:         25504 kB
Node 0 Shmem:               816 kB
Node 0 KernelStack:        3496 kB
Node 0 PageTables:          892 kB
Node 0 NFS_Unstable:          0 kB
Node 0 Bounce:                0 kB
Node 0 WritebackTmp:          0 kB
Node 0 KReclaimable:      17672 kB
Node 0 Slab:              54592 kB
Node 0 SReclaimable:      17672 kB
Node 0 SUnreclaim:        36920 kB
Node 0 AnonHugePages:         0 kB
Node 0 ShmemHugePages:        0 kB
Node 0 ShmemPmdMapped:        0 kB
Node 0 FileHugePages:        0 kB
Node 0 FilePmdMapped:        0 kB
Node 0 HugePages_Total:     0
Node 0 HugePages_Free:      0
Node 0 HugePages_Surp:      0

Node 1 MemTotal:       24686196 kB
Node 1 MemFree:        15486004 kB
Node 1 MemUsed:         9200192 kB
Node 1 Active:            60312 kB
Node 1 Inactive:          27956 kB
Node 1 Active(anon):      17708 kB
Node 1 Inactive(anon):      312 kB
Node 1 Active(file):      42604 kB
Node 1 Inactive(file):    27644 kB
Node 1 Unevictable:        4780 kB
Node 1 Mlocked:            4780 kB
Node 1 Dirty:                24 kB
Node 1 Writeback:             0 kB
Node 1 FilePages:         75552 kB
Node 1 Mapped:            20072 kB
Node 1 AnonPages:         17528 kB
Node 1 Shmem:               496 kB
Node 1 KernelStack:        1192 kB
Node 1 PageTables:          336 kB
Node 1 NFS_Unstable:          0 kB
Node 1 Bounce:                0 kB
Node 1 WritebackTmp:          0 kB
Node 1 KReclaimable:      26932 kB
Node 1 Slab:             101772 kB
Node 1 SReclaimable:      26932 kB
Node 1 SUnreclaim:        74840 kB
Node 1 AnonHugePages:         0 kB
Node 1 ShmemHugePages:        0 kB
Node 1 ShmemPmdMapped:        0 kB
Node 1 FileHugePages:        0 kB
Node 1 FilePmdMapped:        0 kB
Node 1 HugePages_Total:     0
Node 1 HugePages_Free:      0
Node 1 HugePages_Surp:      0

U.1.smallfio.8G.1.O Complete!
