kernel.numa_balancing = 0
U.1.simpleread.16G.3.O.1M
Begin
Node 0 MemTotal:       24743736 kB
Node 0 MemFree:        24523064 kB
Node 0 MemUsed:          220672 kB
Node 0 Active:            44108 kB
Node 0 Inactive:          23240 kB
Node 0 Active(anon):      10740 kB
Node 0 Inactive(anon):      288 kB
Node 0 Active(file):      33368 kB
Node 0 Inactive(file):    22952 kB
Node 0 Unevictable:       13552 kB
Node 0 Mlocked:           13552 kB
Node 0 Dirty:                 4 kB
Node 0 Writeback:             0 kB
Node 0 FilePages:         60068 kB
Node 0 Mapped:            13228 kB
Node 0 AnonPages:         20920 kB
Node 0 Shmem:               472 kB
Node 0 KernelStack:        2120 kB
Node 0 PageTables:          312 kB
Node 0 NFS_Unstable:          0 kB
Node 0 Bounce:                0 kB
Node 0 WritebackTmp:          0 kB
Node 0 KReclaimable:      19760 kB
Node 0 Slab:              54684 kB
Node 0 SReclaimable:      19760 kB
Node 0 SUnreclaim:        34924 kB
Node 0 AnonHugePages:         0 kB
Node 0 ShmemHugePages:        0 kB
Node 0 ShmemPmdMapped:        0 kB
Node 0 FileHugePages:        0 kB
Node 0 FilePmdMapped:        0 kB
Node 0 HugePages_Total:     0
Node 0 HugePages_Free:      0
Node 0 HugePages_Surp:      0

Node 1 MemTotal:       24686196 kB
Node 1 MemFree:        24226748 kB
Node 1 MemUsed:          459448 kB
Node 1 Active:            51604 kB
Node 1 Inactive:         134632 kB
Node 1 Active(anon):      23056 kB
Node 1 Inactive(anon):      580 kB
Node 1 Active(file):      28548 kB
Node 1 Inactive(file):   134052 kB
Node 1 Unevictable:        4972 kB
Node 1 Mlocked:            4972 kB
Node 1 Dirty:                 0 kB
Node 1 Writeback:             0 kB
Node 1 FilePages:        168364 kB
Node 1 Mapped:            81908 kB
Node 1 AnonPages:         22896 kB
Node 1 Shmem:               796 kB
Node 1 KernelStack:        1464 kB
Node 1 PageTables:          996 kB
Node 1 NFS_Unstable:          0 kB
Node 1 Bounce:                0 kB
Node 1 WritebackTmp:          0 kB
Node 1 KReclaimable:      22420 kB
Node 1 Slab:              53472 kB
Node 1 SReclaimable:      22420 kB
Node 1 SUnreclaim:        31052 kB
Node 1 AnonHugePages:         0 kB
Node 1 ShmemHugePages:        0 kB
Node 1 ShmemPmdMapped:        0 kB
Node 1 FileHugePages:        0 kB
Node 1 FilePmdMapped:        0 kB
Node 1 HugePages_Total:     0
Node 1 HugePages_Free:      0
Node 1 HugePages_Surp:      0

Load ZFS
Node 0 MemTotal:       24743736 kB
Node 0 MemFree:        24382108 kB
Node 0 MemUsed:          361628 kB
Node 0 Active:            46780 kB
Node 0 Inactive:          23560 kB
Node 0 Active(anon):      12524 kB
Node 0 Inactive(anon):      292 kB
Node 0 Active(file):      34256 kB
Node 0 Inactive(file):    23268 kB
Node 0 Unevictable:       13552 kB
Node 0 Mlocked:           13552 kB
Node 0 Dirty:                 8 kB
Node 0 Writeback:             0 kB
Node 0 FilePages:         61220 kB
Node 0 Mapped:            13328 kB
Node 0 AnonPages:         22320 kB
Node 0 Shmem:               472 kB
Node 0 KernelStack:        2216 kB
Node 0 PageTables:          540 kB
Node 0 NFS_Unstable:          0 kB
Node 0 Bounce:                0 kB
Node 0 WritebackTmp:          0 kB
Node 0 KReclaimable:      20248 kB
Node 0 Slab:              56948 kB
Node 0 SReclaimable:      20248 kB
Node 0 SUnreclaim:        36700 kB
Node 0 AnonHugePages:         0 kB
Node 0 ShmemHugePages:        0 kB
Node 0 ShmemPmdMapped:        0 kB
Node 0 FileHugePages:        0 kB
Node 0 FilePmdMapped:        0 kB
Node 0 HugePages_Total:     0
Node 0 HugePages_Free:      0
Node 0 HugePages_Surp:      0

Node 1 MemTotal:       24686196 kB
Node 1 MemFree:        24356180 kB
Node 1 MemUsed:          330016 kB
Node 1 Active:            60504 kB
Node 1 Inactive:         130168 kB
Node 1 Active(anon):      26080 kB
Node 1 Inactive(anon):      580 kB
Node 1 Active(file):      34424 kB
Node 1 Inactive(file):   129588 kB
Node 1 Unevictable:        4972 kB
Node 1 Mlocked:            4972 kB
Node 1 Dirty:                60 kB
Node 1 Writeback:             0 kB
Node 1 FilePages:        169776 kB
Node 1 Mapped:            81956 kB
Node 1 AnonPages:         25976 kB
Node 1 Shmem:               796 kB
Node 1 KernelStack:        1528 kB
Node 1 PageTables:         1092 kB
Node 1 NFS_Unstable:          0 kB
Node 1 Bounce:                0 kB
Node 1 WritebackTmp:          0 kB
Node 1 KReclaimable:      22864 kB
Node 1 Slab:              55060 kB
Node 1 SReclaimable:      22864 kB
Node 1 SUnreclaim:        32196 kB
Node 1 AnonHugePages:         0 kB
Node 1 ShmemHugePages:        0 kB
Node 1 ShmemPmdMapped:        0 kB
Node 1 FileHugePages:        0 kB
Node 1 FilePmdMapped:        0 kB
Node 1 HugePages_Total:     0
Node 1 HugePages_Free:      0
Node 1 HugePages_Surp:      0

Import tank ZPool
Node 0 MemTotal:       24743736 kB
Node 0 MemFree:        24375352 kB
Node 0 MemUsed:          368384 kB
Node 0 Active:            46136 kB
Node 0 Inactive:          24748 kB
Node 0 Active(anon):      11444 kB
Node 0 Inactive(anon):      296 kB
Node 0 Active(file):      34692 kB
Node 0 Inactive(file):    24452 kB
Node 0 Unevictable:       13552 kB
Node 0 Mlocked:           13552 kB
Node 0 Dirty:                28 kB
Node 0 Writeback:             0 kB
Node 0 FilePages:         62892 kB
Node 0 Mapped:            13408 kB
Node 0 AnonPages:         21396 kB
Node 0 Shmem:               476 kB
Node 0 KernelStack:        2168 kB
Node 0 PageTables:          452 kB
Node 0 NFS_Unstable:          0 kB
Node 0 Bounce:                0 kB
Node 0 WritebackTmp:          0 kB
Node 0 KReclaimable:      20364 kB
Node 0 Slab:              62272 kB
Node 0 SReclaimable:      20364 kB
Node 0 SUnreclaim:        41908 kB
Node 0 AnonHugePages:         0 kB
Node 0 ShmemHugePages:        0 kB
Node 0 ShmemPmdMapped:        0 kB
Node 0 FileHugePages:        0 kB
Node 0 FilePmdMapped:        0 kB
Node 0 HugePages_Total:     0
Node 0 HugePages_Free:      0
Node 0 HugePages_Surp:      0

Node 1 MemTotal:       24686196 kB
Node 1 MemFree:        24345612 kB
Node 1 MemUsed:          340584 kB
Node 1 Active:            56388 kB
Node 1 Inactive:         130128 kB
Node 1 Active(anon):      21920 kB
Node 1 Inactive(anon):      580 kB
Node 1 Active(file):      34468 kB
Node 1 Inactive(file):   129548 kB
Node 1 Unevictable:        4972 kB
Node 1 Mlocked:            4972 kB
Node 1 Dirty:               108 kB
Node 1 Writeback:             0 kB
Node 1 FilePages:        169776 kB
Node 1 Mapped:            82196 kB
Node 1 AnonPages:         21708 kB
Node 1 Shmem:               792 kB
Node 1 KernelStack:        2536 kB
Node 1 PageTables:          932 kB
Node 1 NFS_Unstable:          0 kB
Node 1 Bounce:                0 kB
Node 1 WritebackTmp:          0 kB
Node 1 KReclaimable:      22864 kB
Node 1 Slab:              57640 kB
Node 1 SReclaimable:      22864 kB
Node 1 SUnreclaim:        34776 kB
Node 1 AnonHugePages:         0 kB
Node 1 ShmemHugePages:        0 kB
Node 1 ShmemPmdMapped:        0 kB
Node 1 FileHugePages:        0 kB
Node 1 FilePmdMapped:        0 kB
Node 1 HugePages_Total:     0
Node 1 HugePages_Free:      0
Node 1 HugePages_Surp:      0

After Test
Node 0 MemTotal:       24743736 kB
Node 0 MemFree:        23549912 kB
Node 0 MemUsed:         1193824 kB
Node 0 Active:            46268 kB
Node 0 Inactive:          24460 kB
Node 0 Active(anon):      10836 kB
Node 0 Inactive(anon):      296 kB
Node 0 Active(file):      35432 kB
Node 0 Inactive(file):    24164 kB
Node 0 Unevictable:       13552 kB
Node 0 Mlocked:           13552 kB
Node 0 Dirty:                 8 kB
Node 0 Writeback:             0 kB
Node 0 FilePages:         63352 kB
Node 0 Mapped:            13436 kB
Node 0 AnonPages:         20984 kB
Node 0 Shmem:               476 kB
Node 0 KernelStack:        2040 kB
Node 0 PageTables:          352 kB
Node 0 NFS_Unstable:          0 kB
Node 0 Bounce:                0 kB
Node 0 WritebackTmp:          0 kB
Node 0 KReclaimable:      20456 kB
Node 0 Slab:              65420 kB
Node 0 SReclaimable:      20456 kB
Node 0 SUnreclaim:        44964 kB
Node 0 AnonHugePages:         0 kB
Node 0 ShmemHugePages:        0 kB
Node 0 ShmemPmdMapped:        0 kB
Node 0 FileHugePages:        0 kB
Node 0 FilePmdMapped:        0 kB
Node 0 HugePages_Total:     0
Node 0 HugePages_Free:      0
Node 0 HugePages_Surp:      0

Node 1 MemTotal:       24686196 kB
Node 1 MemFree:         7506416 kB
Node 1 MemUsed:        17179780 kB
Node 1 Active:            57072 kB
Node 1 Inactive:         130144 kB
Node 1 Active(anon):      22324 kB
Node 1 Inactive(anon):      580 kB
Node 1 Active(file):      34748 kB
Node 1 Inactive(file):   129564 kB
Node 1 Unevictable:        4972 kB
Node 1 Mlocked:            4972 kB
Node 1 Dirty:                40 kB
Node 1 Writeback:             0 kB
Node 1 FilePages:        170072 kB
Node 1 Mapped:            81972 kB
Node 1 AnonPages:         22156 kB
Node 1 Shmem:               792 kB
Node 1 KernelStack:        2440 kB
Node 1 PageTables:          984 kB
Node 1 NFS_Unstable:          0 kB
Node 1 Bounce:                0 kB
Node 1 WritebackTmp:          0 kB
Node 1 KReclaimable:      23016 kB
Node 1 Slab:             114620 kB
Node 1 SReclaimable:      23016 kB
Node 1 SUnreclaim:        91604 kB
Node 1 AnonHugePages:         0 kB
Node 1 ShmemHugePages:        0 kB
Node 1 ShmemPmdMapped:        0 kB
Node 1 FileHugePages:        0 kB
Node 1 FilePmdMapped:        0 kB
Node 1 HugePages_Total:     0
Node 1 HugePages_Free:      0
Node 1 HugePages_Surp:      0

After Opposite Node
Node 0 MemTotal:       24743736 kB
Node 0 MemFree:        23543684 kB
Node 0 MemUsed:         1200052 kB
Node 0 Active:            46888 kB
Node 0 Inactive:          24248 kB
Node 0 Active(anon):      11172 kB
Node 0 Inactive(anon):      296 kB
Node 0 Active(file):      35716 kB
Node 0 Inactive(file):    23952 kB
Node 0 Unevictable:       13552 kB
Node 0 Mlocked:           13552 kB
Node 0 Dirty:                28 kB
Node 0 Writeback:             0 kB
Node 0 FilePages:         63384 kB
Node 0 Mapped:            13240 kB
Node 0 AnonPages:         21440 kB
Node 0 Shmem:               476 kB
Node 0 KernelStack:        2040 kB
Node 0 PageTables:          404 kB
Node 0 NFS_Unstable:          0 kB
Node 0 Bounce:                0 kB
Node 0 WritebackTmp:          0 kB
Node 0 KReclaimable:      20496 kB
Node 0 Slab:              67268 kB
Node 0 SReclaimable:      20496 kB
Node 0 SUnreclaim:        46772 kB
Node 0 AnonHugePages:         0 kB
Node 0 ShmemHugePages:        0 kB
Node 0 ShmemPmdMapped:        0 kB
Node 0 FileHugePages:        0 kB
Node 0 FilePmdMapped:        0 kB
Node 0 HugePages_Total:     0
Node 0 HugePages_Free:      0
Node 0 HugePages_Surp:      0

Node 1 MemTotal:       24686196 kB
Node 1 MemFree:         7518848 kB
Node 1 MemUsed:        17167348 kB
Node 1 Active:            56708 kB
Node 1 Inactive:         130108 kB
Node 1 Active(anon):      21920 kB
Node 1 Inactive(anon):      580 kB
Node 1 Active(file):      34788 kB
Node 1 Inactive(file):   129528 kB
Node 1 Unevictable:        4972 kB
Node 1 Mlocked:            4972 kB
Node 1 Dirty:                52 kB
Node 1 Writeback:             0 kB
Node 1 FilePages:        170076 kB
Node 1 Mapped:            81960 kB
Node 1 AnonPages:         21708 kB
Node 1 Shmem:               792 kB
Node 1 KernelStack:        2408 kB
Node 1 PageTables:          932 kB
Node 1 NFS_Unstable:          0 kB
Node 1 Bounce:                0 kB
Node 1 WritebackTmp:          0 kB
Node 1 KReclaimable:      23016 kB
Node 1 Slab:             113620 kB
Node 1 SReclaimable:      23016 kB
Node 1 SUnreclaim:        90604 kB
Node 1 AnonHugePages:         0 kB
Node 1 ShmemHugePages:        0 kB
Node 1 ShmemPmdMapped:        0 kB
Node 1 FileHugePages:        0 kB
Node 1 FilePmdMapped:        0 kB
Node 1 HugePages_Total:     0
Node 1 HugePages_Free:      0
Node 1 HugePages_Surp:      0

U.1.simpleread.16G.3.O.1M Complete!
