kernel.numa_balancing = 0
B.1.simpleread.16G.1.O.1M
Begin
Node 0 MemTotal:       24768352 kB
Node 0 MemFree:        24319564 kB
Node 0 MemUsed:          448788 kB
Node 0 Active:            79168 kB
Node 0 Inactive:          67936 kB
Node 0 Active(anon):      18604 kB
Node 0 Inactive(anon):      476 kB
Node 0 Active(file):      60564 kB
Node 0 Inactive(file):    67460 kB
Node 0 Unevictable:       17172 kB
Node 0 Mlocked:           17172 kB
Node 0 Dirty:                76 kB
Node 0 Writeback:             0 kB
Node 0 FilePages:        135496 kB
Node 0 Mapped:            26464 kB
Node 0 AnonPages:         28832 kB
Node 0 Shmem:               632 kB
Node 0 KernelStack:        2104 kB
Node 0 PageTables:          596 kB
Node 0 NFS_Unstable:          0 kB
Node 0 Bounce:                0 kB
Node 0 WritebackTmp:          0 kB
Node 0 KReclaimable:      25284 kB
Node 0 Slab:              65184 kB
Node 0 SReclaimable:      25284 kB
Node 0 SUnreclaim:        39900 kB
Node 0 AnonHugePages:         0 kB
Node 0 ShmemHugePages:        0 kB
Node 0 ShmemPmdMapped:        0 kB
Node 0 FileHugePages:        0 kB
Node 0 FilePmdMapped:        0 kB
Node 0 HugePages_Total:     0
Node 0 HugePages_Free:      0
Node 0 HugePages_Surp:      0

Node 1 MemTotal:       24661580 kB
Node 1 MemFree:        24421932 kB
Node 1 MemUsed:          239648 kB
Node 1 Active:            30504 kB
Node 1 Inactive:          86404 kB
Node 1 Active(anon):      15108 kB
Node 1 Inactive(anon):      424 kB
Node 1 Active(file):      15396 kB
Node 1 Inactive(file):    85980 kB
Node 1 Unevictable:        1352 kB
Node 1 Mlocked:            1352 kB
Node 1 Dirty:                12 kB
Node 1 Writeback:             0 kB
Node 1 FilePages:        103396 kB
Node 1 Mapped:            11952 kB
Node 1 AnonPages:         15176 kB
Node 1 Shmem:               636 kB
Node 1 KernelStack:        1496 kB
Node 1 PageTables:          396 kB
Node 1 NFS_Unstable:          0 kB
Node 1 Bounce:                0 kB
Node 1 WritebackTmp:          0 kB
Node 1 KReclaimable:      16732 kB
Node 1 Slab:              41068 kB
Node 1 SReclaimable:      16732 kB
Node 1 SUnreclaim:        24336 kB
Node 1 AnonHugePages:         0 kB
Node 1 ShmemHugePages:        0 kB
Node 1 ShmemPmdMapped:        0 kB
Node 1 FileHugePages:        0 kB
Node 1 FilePmdMapped:        0 kB
Node 1 HugePages_Total:     0
Node 1 HugePages_Free:      0
Node 1 HugePages_Surp:      0

Load ZFS
Node 0 MemTotal:       24768352 kB
Node 0 MemFree:        24216832 kB
Node 0 MemUsed:          551520 kB
Node 0 Active:            90400 kB
Node 0 Inactive:         155320 kB
Node 0 Active(anon):      28948 kB
Node 0 Inactive(anon):      492 kB
Node 0 Active(file):      61452 kB
Node 0 Inactive(file):   154828 kB
Node 0 Unevictable:       17384 kB
Node 0 Mlocked:           17384 kB
Node 0 Dirty:               172 kB
Node 0 Writeback:             0 kB
Node 0 FilePages:        223796 kB
Node 0 Mapped:            29516 kB
Node 0 AnonPages:         39236 kB
Node 0 Shmem:               676 kB
Node 0 KernelStack:        2280 kB
Node 0 PageTables:         1928 kB
Node 0 NFS_Unstable:          0 kB
Node 0 Bounce:                0 kB
Node 0 WritebackTmp:          0 kB
Node 0 KReclaimable:      26260 kB
Node 0 Slab:              68480 kB
Node 0 SReclaimable:      26260 kB
Node 0 SUnreclaim:        42220 kB
Node 0 AnonHugePages:         0 kB
Node 0 ShmemHugePages:        0 kB
Node 0 ShmemPmdMapped:        0 kB
Node 0 FileHugePages:        0 kB
Node 0 FilePmdMapped:        0 kB
Node 0 HugePages_Total:     0
Node 0 HugePages_Free:      0
Node 0 HugePages_Surp:      0

Node 1 MemTotal:       24661580 kB
Node 1 MemFree:        24383204 kB
Node 1 MemUsed:          278376 kB
Node 1 Active:            44628 kB
Node 1 Inactive:         102424 kB
Node 1 Active(anon):      27700 kB
Node 1 Inactive(anon):      436 kB
Node 1 Active(file):      16928 kB
Node 1 Inactive(file):   101988 kB
Node 1 Unevictable:        1352 kB
Node 1 Mlocked:            1352 kB
Node 1 Dirty:               200 kB
Node 1 Writeback:             0 kB
Node 1 FilePages:        120856 kB
Node 1 Mapped:            13416 kB
Node 1 AnonPages:         27280 kB
Node 1 Shmem:               592 kB
Node 1 KernelStack:        2060 kB
Node 1 PageTables:         1084 kB
Node 1 NFS_Unstable:          0 kB
Node 1 Bounce:                0 kB
Node 1 WritebackTmp:          0 kB
Node 1 KReclaimable:      17284 kB
Node 1 Slab:              45244 kB
Node 1 SReclaimable:      17284 kB
Node 1 SUnreclaim:        27960 kB
Node 1 AnonHugePages:         0 kB
Node 1 ShmemHugePages:        0 kB
Node 1 ShmemPmdMapped:        0 kB
Node 1 FileHugePages:        0 kB
Node 1 FilePmdMapped:        0 kB
Node 1 HugePages_Total:     0
Node 1 HugePages_Free:      0
Node 1 HugePages_Surp:      0

Import tank ZPool
Node 0 MemTotal:       24768352 kB
Node 0 MemFree:        24228448 kB
Node 0 MemUsed:          539904 kB
Node 0 Active:            79596 kB
Node 0 Inactive:         154828 kB
Node 0 Active(anon):      17640 kB
Node 0 Inactive(anon):      488 kB
Node 0 Active(file):      61956 kB
Node 0 Inactive(file):   154340 kB
Node 0 Unevictable:       17400 kB
Node 0 Mlocked:           17400 kB
Node 0 Dirty:                32 kB
Node 0 Writeback:             0 kB
Node 0 FilePages:        223808 kB
Node 0 Mapped:            26740 kB
Node 0 AnonPages:         28028 kB
Node 0 Shmem:               656 kB
Node 0 KernelStack:        1992 kB
Node 0 PageTables:          600 kB
Node 0 NFS_Unstable:          0 kB
Node 0 Bounce:                0 kB
Node 0 WritebackTmp:          0 kB
Node 0 KReclaimable:      26260 kB
Node 0 Slab:              68012 kB
Node 0 SReclaimable:      26260 kB
Node 0 SUnreclaim:        41752 kB
Node 0 AnonHugePages:         0 kB
Node 0 ShmemHugePages:        0 kB
Node 0 ShmemPmdMapped:        0 kB
Node 0 FileHugePages:        0 kB
Node 0 FilePmdMapped:        0 kB
Node 0 HugePages_Total:     0
Node 0 HugePages_Free:      0
Node 0 HugePages_Surp:      0

Node 1 MemTotal:       24661580 kB
Node 1 MemFree:        24378064 kB
Node 1 MemUsed:          283516 kB
Node 1 Active:            33796 kB
Node 1 Inactive:         103524 kB
Node 1 Active(anon):      16264 kB
Node 1 Inactive(anon):      460 kB
Node 1 Active(file):      17532 kB
Node 1 Inactive(file):   103064 kB
Node 1 Unevictable:        1352 kB
Node 1 Mlocked:            1352 kB
Node 1 Dirty:                12 kB
Node 1 Writeback:             0 kB
Node 1 FilePages:        122584 kB
Node 1 Mapped:            12196 kB
Node 1 AnonPages:         16184 kB
Node 1 Shmem:               612 kB
Node 1 KernelStack:        2760 kB
Node 1 PageTables:          524 kB
Node 1 NFS_Unstable:          0 kB
Node 1 Bounce:                0 kB
Node 1 WritebackTmp:          0 kB
Node 1 KReclaimable:      17524 kB
Node 1 Slab:              51304 kB
Node 1 SReclaimable:      17524 kB
Node 1 SUnreclaim:        33780 kB
Node 1 AnonHugePages:         0 kB
Node 1 ShmemHugePages:        0 kB
Node 1 ShmemPmdMapped:        0 kB
Node 1 FileHugePages:        0 kB
Node 1 FilePmdMapped:        0 kB
Node 1 HugePages_Total:     0
Node 1 HugePages_Free:      0
Node 1 HugePages_Surp:      0

After Test
Node 0 MemTotal:       24768352 kB
Node 0 MemFree:        23427276 kB
Node 0 MemUsed:         1341076 kB
Node 0 Active:            79636 kB
Node 0 Inactive:         154820 kB
Node 0 Active(anon):      17488 kB
Node 0 Inactive(anon):      480 kB
Node 0 Active(file):      62148 kB
Node 0 Inactive(file):   154340 kB
Node 0 Unevictable:       17400 kB
Node 0 Mlocked:           17400 kB
Node 0 Dirty:                20 kB
Node 0 Writeback:             0 kB
Node 0 FilePages:        224036 kB
Node 0 Mapped:            26480 kB
Node 0 AnonPages:         27872 kB
Node 0 Shmem:               652 kB
Node 0 KernelStack:        1880 kB
Node 0 PageTables:          600 kB
Node 0 NFS_Unstable:          0 kB
Node 0 Bounce:                0 kB
Node 0 WritebackTmp:          0 kB
Node 0 KReclaimable:      26336 kB
Node 0 Slab:              71656 kB
Node 0 SReclaimable:      26336 kB
Node 0 SUnreclaim:        45320 kB
Node 0 AnonHugePages:         0 kB
Node 0 ShmemHugePages:        0 kB
Node 0 ShmemPmdMapped:        0 kB
Node 0 FileHugePages:        0 kB
Node 0 FilePmdMapped:        0 kB
Node 0 HugePages_Total:     0
Node 0 HugePages_Free:      0
Node 0 HugePages_Surp:      0

Node 1 MemTotal:       24661580 kB
Node 1 MemFree:         7514116 kB
Node 1 MemUsed:        17147464 kB
Node 1 Active:            34548 kB
Node 1 Inactive:         103204 kB
Node 1 Active(anon):      16212 kB
Node 1 Inactive(anon):      460 kB
Node 1 Active(file):      18336 kB
Node 1 Inactive(file):   102744 kB
Node 1 Unevictable:        1352 kB
Node 1 Mlocked:            1352 kB
Node 1 Dirty:                28 kB
Node 1 Writeback:             0 kB
Node 1 FilePages:        123048 kB
Node 1 Mapped:            12032 kB
Node 1 AnonPages:         16116 kB
Node 1 Shmem:               616 kB
Node 1 KernelStack:        2552 kB
Node 1 PageTables:          464 kB
Node 1 NFS_Unstable:          0 kB
Node 1 Bounce:                0 kB
Node 1 WritebackTmp:          0 kB
Node 1 KReclaimable:      17688 kB
Node 1 Slab:             108428 kB
Node 1 SReclaimable:      17688 kB
Node 1 SUnreclaim:        90740 kB
Node 1 AnonHugePages:         0 kB
Node 1 ShmemHugePages:        0 kB
Node 1 ShmemPmdMapped:        0 kB
Node 1 FileHugePages:        0 kB
Node 1 FilePmdMapped:        0 kB
Node 1 HugePages_Total:     0
Node 1 HugePages_Free:      0
Node 1 HugePages_Surp:      0

After Opposite Node
Node 0 MemTotal:       24768352 kB
Node 0 MemFree:        23428508 kB
Node 0 MemUsed:         1339844 kB
Node 0 Active:            80048 kB
Node 0 Inactive:         154824 kB
Node 0 Active(anon):      17832 kB
Node 0 Inactive(anon):      480 kB
Node 0 Active(file):      62216 kB
Node 0 Inactive(file):   154344 kB
Node 0 Unevictable:       17400 kB
Node 0 Mlocked:           17400 kB
Node 0 Dirty:                28 kB
Node 0 Writeback:             0 kB
Node 0 FilePages:        224052 kB
Node 0 Mapped:            26480 kB
Node 0 AnonPages:         28216 kB
Node 0 Shmem:               652 kB
Node 0 KernelStack:        1912 kB
Node 0 PageTables:          644 kB
Node 0 NFS_Unstable:          0 kB
Node 0 Bounce:                0 kB
Node 0 WritebackTmp:          0 kB
Node 0 KReclaimable:      26368 kB
Node 0 Slab:              71780 kB
Node 0 SReclaimable:      26368 kB
Node 0 SUnreclaim:        45412 kB
Node 0 AnonHugePages:         0 kB
Node 0 ShmemHugePages:        0 kB
Node 0 ShmemPmdMapped:        0 kB
Node 0 FileHugePages:        0 kB
Node 0 FilePmdMapped:        0 kB
Node 0 HugePages_Total:     0
Node 0 HugePages_Free:      0
Node 0 HugePages_Surp:      0

Node 1 MemTotal:       24661580 kB
Node 1 MemFree:         7513268 kB
Node 1 MemUsed:        17148312 kB
Node 1 Active:            34704 kB
Node 1 Inactive:         102888 kB
Node 1 Active(anon):      15912 kB
Node 1 Inactive(anon):      460 kB
Node 1 Active(file):      18792 kB
Node 1 Inactive(file):   102428 kB
Node 1 Unevictable:        1352 kB
Node 1 Mlocked:            1352 kB
Node 1 Dirty:                44 kB
Node 1 Writeback:             0 kB
Node 1 FilePages:        123188 kB
Node 1 Mapped:            12024 kB
Node 1 AnonPages:         15776 kB
Node 1 Shmem:               616 kB
Node 1 KernelStack:        2520 kB
Node 1 PageTables:          416 kB
Node 1 NFS_Unstable:          0 kB
Node 1 Bounce:                0 kB
Node 1 WritebackTmp:          0 kB
Node 1 KReclaimable:      17692 kB
Node 1 Slab:             108440 kB
Node 1 SReclaimable:      17692 kB
Node 1 SUnreclaim:        90748 kB
Node 1 AnonHugePages:         0 kB
Node 1 ShmemHugePages:        0 kB
Node 1 ShmemPmdMapped:        0 kB
Node 1 FileHugePages:        0 kB
Node 1 FilePmdMapped:        0 kB
Node 1 HugePages_Total:     0
Node 1 HugePages_Free:      0
Node 1 HugePages_Surp:      0

B.1.simpleread.16G.1.O.1M Complete!
