kernel.numa_balancing = 0
205 Tests Remaining!
B.0.128M-simpleread.500M.3.O.1M
Begin
Node 0 MemTotal:       24743736 kB
Node 0 MemFree:        24351100 kB
Node 0 MemUsed:          392636 kB
Node 0 Active:            64104 kB
Node 0 Inactive:          32792 kB
Node 0 Active(anon):      17008 kB
Node 0 Inactive(anon):      528 kB
Node 0 Active(file):      47096 kB
Node 0 Inactive(file):    32264 kB
Node 0 Unevictable:       18216 kB
Node 0 Mlocked:           18216 kB
Node 0 Dirty:                40 kB
Node 0 Writeback:             0 kB
Node 0 FilePages:         88016 kB
Node 0 Mapped:            27248 kB
Node 0 AnonPages:         26704 kB
Node 0 Shmem:               768 kB
Node 0 KernelStack:        1960 kB
Node 0 PageTables:          708 kB
Node 0 NFS_Unstable:          0 kB
Node 0 Bounce:                0 kB
Node 0 WritebackTmp:          0 kB
Node 0 KReclaimable:      19624 kB
Node 0 Slab:              57568 kB
Node 0 SReclaimable:      19624 kB
Node 0 SUnreclaim:        37944 kB
Node 0 AnonHugePages:         0 kB
Node 0 ShmemHugePages:        0 kB
Node 0 ShmemPmdMapped:        0 kB
Node 0 FileHugePages:        0 kB
Node 0 FilePmdMapped:        0 kB
Node 0 HugePages_Total:     0
Node 0 HugePages_Free:      0
Node 0 HugePages_Surp:      0

Node 1 MemTotal:       24686196 kB
Node 1 MemFree:        24415560 kB
Node 1 MemUsed:          270636 kB
Node 1 Active:            35448 kB
Node 1 Inactive:         105132 kB
Node 1 Active(anon):      17864 kB
Node 1 Inactive(anon):      344 kB
Node 1 Active(file):      17584 kB
Node 1 Inactive(file):   104788 kB
Node 1 Unevictable:         304 kB
Node 1 Mlocked:             304 kB
Node 1 Dirty:               236 kB
Node 1 Writeback:             0 kB
Node 1 FilePages:        123176 kB
Node 1 Mapped:            51732 kB
Node 1 AnonPages:         17776 kB
Node 1 Shmem:               500 kB
Node 1 KernelStack:        1896 kB
Node 1 PageTables:          700 kB
Node 1 NFS_Unstable:          0 kB
Node 1 Bounce:                0 kB
Node 1 WritebackTmp:          0 kB
Node 1 KReclaimable:      23056 kB
Node 1 Slab:              50968 kB
Node 1 SReclaimable:      23056 kB
Node 1 SUnreclaim:        27912 kB
Node 1 AnonHugePages:         0 kB
Node 1 ShmemHugePages:        0 kB
Node 1 ShmemPmdMapped:        0 kB
Node 1 FileHugePages:        0 kB
Node 1 FilePmdMapped:        0 kB
Node 1 HugePages_Total:     0
Node 1 HugePages_Free:      0
Node 1 HugePages_Surp:      0

Load ZFS
Node 0 MemTotal:       24743736 kB
Node 0 MemFree:        24453916 kB
Node 0 MemUsed:          289820 kB
Node 0 Active:            75808 kB
Node 0 Inactive:          46804 kB
Node 0 Active(anon):      27104 kB
Node 0 Inactive(anon):      512 kB
Node 0 Active(file):      48704 kB
Node 0 Inactive(file):    46292 kB
Node 0 Unevictable:       18416 kB
Node 0 Mlocked:           18416 kB
Node 0 Dirty:                60 kB
Node 0 Writeback:             0 kB
Node 0 FilePages:        103560 kB
Node 0 Mapped:            29464 kB
Node 0 AnonPages:         37164 kB
Node 0 Shmem:               680 kB
Node 0 KernelStack:        2188 kB
Node 0 PageTables:         1096 kB
Node 0 NFS_Unstable:          0 kB
Node 0 Bounce:                0 kB
Node 0 WritebackTmp:          0 kB
Node 0 KReclaimable:      20044 kB
Node 0 Slab:              59080 kB
Node 0 SReclaimable:      20044 kB
Node 0 SUnreclaim:        39036 kB
Node 0 AnonHugePages:         0 kB
Node 0 ShmemHugePages:        0 kB
Node 0 ShmemPmdMapped:        0 kB
Node 0 FileHugePages:        0 kB
Node 0 FilePmdMapped:        0 kB
Node 0 HugePages_Total:     0
Node 0 HugePages_Free:      0
Node 0 HugePages_Surp:      0

Node 1 MemTotal:       24686196 kB
Node 1 MemFree:        24168900 kB
Node 1 MemUsed:          517296 kB
Node 1 Active:            48300 kB
Node 1 Inactive:         194656 kB
Node 1 Active(anon):      29748 kB
Node 1 Inactive(anon):      432 kB
Node 1 Active(file):      18552 kB
Node 1 Inactive(file):   194224 kB
Node 1 Unevictable:         304 kB
Node 1 Mlocked:             304 kB
Node 1 Dirty:               492 kB
Node 1 Writeback:             0 kB
Node 1 FilePages:        213704 kB
Node 1 Mapped:            54792 kB
Node 1 AnonPages:         29996 kB
Node 1 Shmem:               588 kB
Node 1 KernelStack:        2148 kB
Node 1 PageTables:         2356 kB
Node 1 NFS_Unstable:          0 kB
Node 1 Bounce:                0 kB
Node 1 WritebackTmp:          0 kB
Node 1 KReclaimable:      24056 kB
Node 1 Slab:              55392 kB
Node 1 SReclaimable:      24056 kB
Node 1 SUnreclaim:        31336 kB
Node 1 AnonHugePages:         0 kB
Node 1 ShmemHugePages:        0 kB
Node 1 ShmemPmdMapped:        0 kB
Node 1 FileHugePages:        0 kB
Node 1 FilePmdMapped:        0 kB
Node 1 HugePages_Total:     0
Node 1 HugePages_Free:      0
Node 1 HugePages_Surp:      0

Import tank ZPool
Node 0 MemTotal:       24743736 kB
Node 0 MemFree:        24444512 kB
Node 0 MemUsed:          299224 kB
Node 0 Active:            66176 kB
Node 0 Inactive:          47996 kB
Node 0 Active(anon):      17048 kB
Node 0 Inactive(anon):      516 kB
Node 0 Active(file):      49128 kB
Node 0 Inactive(file):    47480 kB
Node 0 Unevictable:       18448 kB
Node 0 Mlocked:           18448 kB
Node 0 Dirty:                76 kB
Node 0 Writeback:             0 kB
Node 0 FilePages:        105196 kB
Node 0 Mapped:            27268 kB
Node 0 AnonPages:         27056 kB
Node 0 Shmem:               680 kB
Node 0 KernelStack:        3176 kB
Node 0 PageTables:          648 kB
Node 0 NFS_Unstable:          0 kB
Node 0 Bounce:                0 kB
Node 0 WritebackTmp:          0 kB
Node 0 KReclaimable:      20152 kB
Node 0 Slab:              66280 kB
Node 0 SReclaimable:      20152 kB
Node 0 SUnreclaim:        46128 kB
Node 0 AnonHugePages:         0 kB
Node 0 ShmemHugePages:        0 kB
Node 0 ShmemPmdMapped:        0 kB
Node 0 FileHugePages:        0 kB
Node 0 FilePmdMapped:        0 kB
Node 0 HugePages_Total:     0
Node 0 HugePages_Free:      0
Node 0 HugePages_Surp:      0

Node 1 MemTotal:       24686196 kB
Node 1 MemFree:        24183964 kB
Node 1 MemUsed:          502232 kB
Node 1 Active:            35796 kB
Node 1 Inactive:         194064 kB
Node 1 Active(anon):      16652 kB
Node 1 Inactive(anon):      436 kB
Node 1 Active(file):      19144 kB
Node 1 Inactive(file):   193628 kB
Node 1 Unevictable:         304 kB
Node 1 Mlocked:             304 kB
Node 1 Dirty:               564 kB
Node 1 Writeback:             0 kB
Node 1 FilePages:        213664 kB
Node 1 Mapped:            52008 kB
Node 1 AnonPages:         16500 kB
Node 1 Shmem:               588 kB
Node 1 KernelStack:        1592 kB
Node 1 PageTables:          592 kB
Node 1 NFS_Unstable:          0 kB
Node 1 Bounce:                0 kB
Node 1 WritebackTmp:          0 kB
Node 1 KReclaimable:      24072 kB
Node 1 Slab:              55264 kB
Node 1 SReclaimable:      24072 kB
Node 1 SUnreclaim:        31192 kB
Node 1 AnonHugePages:         0 kB
Node 1 ShmemHugePages:        0 kB
Node 1 ShmemPmdMapped:        0 kB
Node 1 FileHugePages:        0 kB
Node 1 FilePmdMapped:        0 kB
Node 1 HugePages_Total:     0
Node 1 HugePages_Free:      0
Node 1 HugePages_Surp:      0

After Test
Node 0 MemTotal:       24743736 kB
Node 0 MemFree:        23461748 kB
Node 0 MemUsed:         1281988 kB
Node 0 Active:            66920 kB
Node 0 Inactive:         172860 kB
Node 0 Active(anon):      16960 kB
Node 0 Inactive(anon):      516 kB
Node 0 Active(file):      49960 kB
Node 0 Inactive(file):   172344 kB
Node 0 Unevictable:       18448 kB
Node 0 Mlocked:           18448 kB
Node 0 Dirty:                40 kB
Node 0 Writeback:             0 kB
Node 0 FilePages:        230872 kB
Node 0 Mapped:            27176 kB
Node 0 AnonPages:         27208 kB
Node 0 Shmem:               680 kB
Node 0 KernelStack:        3144 kB
Node 0 PageTables:          604 kB
Node 0 NFS_Unstable:          0 kB
Node 0 Bounce:                0 kB
Node 0 WritebackTmp:          0 kB
Node 0 KReclaimable:      20456 kB
Node 0 Slab:              72084 kB
Node 0 SReclaimable:      20456 kB
Node 0 SUnreclaim:        51628 kB
Node 0 AnonHugePages:         0 kB
Node 0 ShmemHugePages:        0 kB
Node 0 ShmemPmdMapped:        0 kB
Node 0 FileHugePages:        0 kB
Node 0 FilePmdMapped:        0 kB
Node 0 HugePages_Total:     0
Node 0 HugePages_Free:      0
Node 0 HugePages_Surp:      0

Node 1 MemTotal:       24686196 kB
Node 1 MemFree:        23979596 kB
Node 1 MemUsed:          706600 kB
Node 1 Active:            35684 kB
Node 1 Inactive:         194060 kB
Node 1 Active(anon):      16520 kB
Node 1 Inactive(anon):      436 kB
Node 1 Active(file):      19164 kB
Node 1 Inactive(file):   193624 kB
Node 1 Unevictable:         304 kB
Node 1 Mlocked:             304 kB
Node 1 Dirty:               504 kB
Node 1 Writeback:             0 kB
Node 1 FilePages:        213688 kB
Node 1 Mapped:            51948 kB
Node 1 AnonPages:         16368 kB
Node 1 Shmem:               588 kB
Node 1 KernelStack:        1644 kB
Node 1 PageTables:          592 kB
Node 1 NFS_Unstable:          0 kB
Node 1 Bounce:                0 kB
Node 1 WritebackTmp:          0 kB
Node 1 KReclaimable:      24072 kB
Node 1 Slab:              56136 kB
Node 1 SReclaimable:      24072 kB
Node 1 SUnreclaim:        32064 kB
Node 1 AnonHugePages:         0 kB
Node 1 ShmemHugePages:        0 kB
Node 1 ShmemPmdMapped:        0 kB
Node 1 FileHugePages:        0 kB
Node 1 FilePmdMapped:        0 kB
Node 1 HugePages_Total:     0
Node 1 HugePages_Free:      0
Node 1 HugePages_Surp:      0

After Opposite Node
Node 0 MemTotal:       24743736 kB
Node 0 MemFree:        23462536 kB
Node 0 MemUsed:         1281200 kB
Node 0 Active:            66884 kB
Node 0 Inactive:         172604 kB
Node 0 Active(anon):      16660 kB
Node 0 Inactive(anon):      512 kB
Node 0 Active(file):      50224 kB
Node 0 Inactive(file):   172092 kB
Node 0 Unevictable:       18448 kB
Node 0 Mlocked:           18448 kB
Node 0 Dirty:                52 kB
Node 0 Writeback:             0 kB
Node 0 FilePages:        230884 kB
Node 0 Mapped:            27144 kB
Node 0 AnonPages:         27048 kB
Node 0 Shmem:               680 kB
Node 0 KernelStack:        3112 kB
Node 0 PageTables:          552 kB
Node 0 NFS_Unstable:          0 kB
Node 0 Bounce:                0 kB
Node 0 WritebackTmp:          0 kB
Node 0 KReclaimable:      20456 kB
Node 0 Slab:              71864 kB
Node 0 SReclaimable:      20456 kB
Node 0 SUnreclaim:        51408 kB
Node 0 AnonHugePages:         0 kB
Node 0 ShmemHugePages:        0 kB
Node 0 ShmemPmdMapped:        0 kB
Node 0 FileHugePages:        0 kB
Node 0 FilePmdMapped:        0 kB
Node 0 HugePages_Total:     0
Node 0 HugePages_Free:      0
Node 0 HugePages_Surp:      0

Node 1 MemTotal:       24686196 kB
Node 1 MemFree:        23979800 kB
Node 1 MemUsed:          706396 kB
Node 1 Active:            36076 kB
Node 1 Inactive:         194024 kB
Node 1 Active(anon):      16868 kB
Node 1 Inactive(anon):      432 kB
Node 1 Active(file):      19208 kB
Node 1 Inactive(file):   193592 kB
Node 1 Unevictable:         304 kB
Node 1 Mlocked:             304 kB
Node 1 Dirty:               508 kB
Node 1 Writeback:             0 kB
Node 1 FilePages:        213704 kB
Node 1 Mapped:            51940 kB
Node 1 AnonPages:         16644 kB
Node 1 Shmem:               588 kB
Node 1 KernelStack:        1624 kB
Node 1 PageTables:          668 kB
Node 1 NFS_Unstable:          0 kB
Node 1 Bounce:                0 kB
Node 1 WritebackTmp:          0 kB
Node 1 KReclaimable:      24072 kB
Node 1 Slab:              56204 kB
Node 1 SReclaimable:      24072 kB
Node 1 SUnreclaim:        32132 kB
Node 1 AnonHugePages:         0 kB
Node 1 ShmemHugePages:        0 kB
Node 1 ShmemPmdMapped:        0 kB
Node 1 FileHugePages:        0 kB
Node 1 FilePmdMapped:        0 kB
Node 1 HugePages_Total:     0
Node 1 HugePages_Free:      0
Node 1 HugePages_Surp:      0

B.0.128M-simpleread.500M.3.O.1M Complete!
