kernel.numa_balancing = 0
B.0.512M-simpleread.4G.1.O.1M
Begin
Node 0 MemTotal:       24768352 kB
Node 0 MemFree:        24526800 kB
Node 0 MemUsed:          241552 kB
Node 0 Active:            36180 kB
Node 0 Inactive:          64364 kB
Node 0 Active(anon):      15980 kB
Node 0 Inactive(anon):      372 kB
Node 0 Active(file):      20200 kB
Node 0 Inactive(file):    63992 kB
Node 0 Unevictable:        5104 kB
Node 0 Mlocked:            5104 kB
Node 0 Dirty:               512 kB
Node 0 Writeback:             0 kB
Node 0 FilePages:         89848 kB
Node 0 Mapped:            30500 kB
Node 0 AnonPages:         15872 kB
Node 0 Shmem:               532 kB
Node 0 KernelStack:        2232 kB
Node 0 PageTables:          444 kB
Node 0 NFS_Unstable:          0 kB
Node 0 Bounce:                0 kB
Node 0 WritebackTmp:          0 kB
Node 0 KReclaimable:      20300 kB
Node 0 Slab:              53084 kB
Node 0 SReclaimable:      20300 kB
Node 0 SUnreclaim:        32784 kB
Node 0 AnonHugePages:         0 kB
Node 0 ShmemHugePages:        0 kB
Node 0 ShmemPmdMapped:        0 kB
Node 0 FileHugePages:        0 kB
Node 0 FilePmdMapped:        0 kB
Node 0 HugePages_Total:     0
Node 0 HugePages_Free:      0
Node 0 HugePages_Surp:      0

Node 1 MemTotal:       24661580 kB
Node 1 MemFree:        24283208 kB
Node 1 MemUsed:          378372 kB
Node 1 Active:            58988 kB
Node 1 Inactive:          31600 kB
Node 1 Active(anon):      17908 kB
Node 1 Inactive(anon):      520 kB
Node 1 Active(file):      41080 kB
Node 1 Inactive(file):    31080 kB
Node 1 Unevictable:       13416 kB
Node 1 Mlocked:           13416 kB
Node 1 Dirty:                20 kB
Node 1 Writeback:             0 kB
Node 1 FilePages:         76020 kB
Node 1 Mapped:            18596 kB
Node 1 AnonPages:         28112 kB
Node 1 Shmem:               736 kB
Node 1 KernelStack:        1400 kB
Node 1 PageTables:          624 kB
Node 1 NFS_Unstable:          0 kB
Node 1 Bounce:                0 kB
Node 1 WritebackTmp:          0 kB
Node 1 KReclaimable:      21320 kB
Node 1 Slab:              52428 kB
Node 1 SReclaimable:      21320 kB
Node 1 SUnreclaim:        31108 kB
Node 1 AnonHugePages:         0 kB
Node 1 ShmemHugePages:        0 kB
Node 1 ShmemPmdMapped:        0 kB
Node 1 FileHugePages:        0 kB
Node 1 FilePmdMapped:        0 kB
Node 1 HugePages_Total:     0
Node 1 HugePages_Free:      0
Node 1 HugePages_Surp:      0

Load ZFS
Node 0 MemTotal:       24768352 kB
Node 0 MemFree:        24289632 kB
Node 0 MemUsed:          478720 kB
Node 0 Active:            46144 kB
Node 0 Inactive:         150340 kB
Node 0 Active(anon):      25400 kB
Node 0 Inactive(anon):      244 kB
Node 0 Active(file):      20744 kB
Node 0 Inactive(file):   150096 kB
Node 0 Unevictable:        5104 kB
Node 0 Mlocked:            5104 kB
Node 0 Dirty:               596 kB
Node 0 Writeback:             0 kB
Node 0 FilePages:        176500 kB
Node 0 Mapped:            31596 kB
Node 0 AnonPages:         24764 kB
Node 0 Shmem:               524 kB
Node 0 KernelStack:        2516 kB
Node 0 PageTables:         1432 kB
Node 0 NFS_Unstable:          0 kB
Node 0 Bounce:                0 kB
Node 0 WritebackTmp:          0 kB
Node 0 KReclaimable:      21240 kB
Node 0 Slab:              57432 kB
Node 0 SReclaimable:      21240 kB
Node 0 SUnreclaim:        36192 kB
Node 0 AnonHugePages:         0 kB
Node 0 ShmemHugePages:        0 kB
Node 0 ShmemPmdMapped:        0 kB
Node 0 FileHugePages:        0 kB
Node 0 FilePmdMapped:        0 kB
Node 0 HugePages_Total:     0
Node 0 HugePages_Free:      0
Node 0 HugePages_Surp:      0

Node 1 MemTotal:       24661580 kB
Node 1 MemFree:        24375728 kB
Node 1 MemUsed:          285852 kB
Node 1 Active:            79052 kB
Node 1 Inactive:          48864 kB
Node 1 Active(anon):      35928 kB
Node 1 Inactive(anon):      372 kB
Node 1 Active(file):      43124 kB
Node 1 Inactive(file):    48492 kB
Node 1 Unevictable:       13632 kB
Node 1 Mlocked:           13632 kB
Node 1 Dirty:                32 kB
Node 1 Writeback:             0 kB
Node 1 FilePages:         95592 kB
Node 1 Mapped:            21508 kB
Node 1 AnonPages:         46088 kB
Node 1 Shmem:               744 kB
Node 1 KernelStack:        1728 kB
Node 1 PageTables:         1832 kB
Node 1 NFS_Unstable:          0 kB
Node 1 Bounce:                0 kB
Node 1 WritebackTmp:          0 kB
Node 1 KReclaimable:      21828 kB
Node 1 Slab:              55180 kB
Node 1 SReclaimable:      21828 kB
Node 1 SUnreclaim:        33352 kB
Node 1 AnonHugePages:         0 kB
Node 1 ShmemHugePages:        0 kB
Node 1 ShmemPmdMapped:        0 kB
Node 1 FileHugePages:        0 kB
Node 1 FilePmdMapped:        0 kB
Node 1 HugePages_Total:     0
Node 1 HugePages_Free:      0
Node 1 HugePages_Surp:      0

Import tank ZPool
Node 0 MemTotal:       24768352 kB
Node 0 MemFree:        24283696 kB
Node 0 MemUsed:          484656 kB
Node 0 Active:            37516 kB
Node 0 Inactive:         150280 kB
Node 0 Active(anon):      16432 kB
Node 0 Inactive(anon):      468 kB
Node 0 Active(file):      21084 kB
Node 0 Inactive(file):   149812 kB
Node 0 Unevictable:        5104 kB
Node 0 Mlocked:            5104 kB
Node 0 Dirty:               604 kB
Node 0 Writeback:             0 kB
Node 0 FilePages:        176628 kB
Node 0 Mapped:            30896 kB
Node 0 AnonPages:         16432 kB
Node 0 Shmem:               616 kB
Node 0 KernelStack:        3368 kB
Node 0 PageTables:          536 kB
Node 0 NFS_Unstable:          0 kB
Node 0 Bounce:                0 kB
Node 0 WritebackTmp:          0 kB
Node 0 KReclaimable:      21296 kB
Node 0 Slab:              59284 kB
Node 0 SReclaimable:      21296 kB
Node 0 SUnreclaim:        37988 kB
Node 0 AnonHugePages:         0 kB
Node 0 ShmemHugePages:        0 kB
Node 0 ShmemPmdMapped:        0 kB
Node 0 FileHugePages:        0 kB
Node 0 FilePmdMapped:        0 kB
Node 0 HugePages_Total:     0
Node 0 HugePages_Free:      0
Node 0 HugePages_Surp:      0

Node 1 MemTotal:       24661580 kB
Node 1 MemFree:        24387536 kB
Node 1 MemUsed:          274044 kB
Node 1 Active:            61576 kB
Node 1 Inactive:          49388 kB
Node 1 Active(anon):      17428 kB
Node 1 Inactive(anon):      480 kB
Node 1 Active(file):      44148 kB
Node 1 Inactive(file):    48908 kB
Node 1 Unevictable:       13648 kB
Node 1 Mlocked:           13648 kB
Node 1 Dirty:                44 kB
Node 1 Writeback:             0 kB
Node 1 FilePages:         96816 kB
Node 1 Mapped:            19028 kB
Node 1 AnonPages:         27896 kB
Node 1 Shmem:               652 kB
Node 1 KernelStack:        1448 kB
Node 1 PageTables:          780 kB
Node 1 NFS_Unstable:          0 kB
Node 1 Bounce:                0 kB
Node 1 WritebackTmp:          0 kB
Node 1 KReclaimable:      22012 kB
Node 1 Slab:              60440 kB
Node 1 SReclaimable:      22012 kB
Node 1 SUnreclaim:        38428 kB
Node 1 AnonHugePages:         0 kB
Node 1 ShmemHugePages:        0 kB
Node 1 ShmemPmdMapped:        0 kB
Node 1 FileHugePages:        0 kB
Node 1 FilePmdMapped:        0 kB
Node 1 HugePages_Total:     0
Node 1 HugePages_Free:      0
Node 1 HugePages_Surp:      0

After Test
Node 0 MemTotal:       24768352 kB
Node 0 MemFree:        19406588 kB
Node 0 MemUsed:         5361764 kB
Node 0 Active:            38172 kB
Node 0 Inactive:         650304 kB
Node 0 Active(anon):      16616 kB
Node 0 Inactive(anon):      468 kB
Node 0 Active(file):      21556 kB
Node 0 Inactive(file):   649836 kB
Node 0 Unevictable:        5104 kB
Node 0 Mlocked:            5104 kB
Node 0 Dirty:                 4 kB
Node 0 Writeback:             0 kB
Node 0 FilePages:        677132 kB
Node 0 Mapped:            30508 kB
Node 0 AnonPages:         16388 kB
Node 0 Shmem:               616 kB
Node 0 KernelStack:        3336 kB
Node 0 PageTables:          600 kB
Node 0 NFS_Unstable:          0 kB
Node 0 Bounce:                0 kB
Node 0 WritebackTmp:          0 kB
Node 0 KReclaimable:      22684 kB
Node 0 Slab:              78728 kB
Node 0 SReclaimable:      22684 kB
Node 0 SUnreclaim:        56044 kB
Node 0 AnonHugePages:         0 kB
Node 0 ShmemHugePages:        0 kB
Node 0 ShmemPmdMapped:        0 kB
Node 0 FileHugePages:        0 kB
Node 0 FilePmdMapped:        0 kB
Node 0 HugePages_Total:     0
Node 0 HugePages_Free:      0
Node 0 HugePages_Surp:      0

Node 1 MemTotal:       24661580 kB
Node 1 MemFree:        23732716 kB
Node 1 MemUsed:          928864 kB
Node 1 Active:            61380 kB
Node 1 Inactive:          49364 kB
Node 1 Active(anon):      17096 kB
Node 1 Inactive(anon):      472 kB
Node 1 Active(file):      44284 kB
Node 1 Inactive(file):    48892 kB
Node 1 Unevictable:       13648 kB
Node 1 Mlocked:           13648 kB
Node 1 Dirty:                 0 kB
Node 1 Writeback:             0 kB
Node 1 FilePages:         96920 kB
Node 1 Mapped:            18652 kB
Node 1 AnonPages:         27512 kB
Node 1 Shmem:               652 kB
Node 1 KernelStack:        1320 kB
Node 1 PageTables:          572 kB
Node 1 NFS_Unstable:          0 kB
Node 1 Bounce:                0 kB
Node 1 WritebackTmp:          0 kB
Node 1 KReclaimable:      22044 kB
Node 1 Slab:              62528 kB
Node 1 SReclaimable:      22044 kB
Node 1 SUnreclaim:        40484 kB
Node 1 AnonHugePages:         0 kB
Node 1 ShmemHugePages:        0 kB
Node 1 ShmemPmdMapped:        0 kB
Node 1 FileHugePages:        0 kB
Node 1 FilePmdMapped:        0 kB
Node 1 HugePages_Total:     0
Node 1 HugePages_Free:      0
Node 1 HugePages_Surp:      0

After Opposite Node
Node 0 MemTotal:       24768352 kB
Node 0 MemFree:        19408144 kB
Node 0 MemUsed:         5360208 kB
Node 0 Active:            37848 kB
Node 0 Inactive:         650304 kB
Node 0 Active(anon):      16264 kB
Node 0 Inactive(anon):      468 kB
Node 0 Active(file):      21584 kB
Node 0 Inactive(file):   649836 kB
Node 0 Unevictable:        5104 kB
Node 0 Mlocked:            5104 kB
Node 0 Dirty:                40 kB
Node 0 Writeback:             0 kB
Node 0 FilePages:        677144 kB
Node 0 Mapped:            30508 kB
Node 0 AnonPages:         16136 kB
Node 0 Shmem:               616 kB
Node 0 KernelStack:        3336 kB
Node 0 PageTables:          444 kB
Node 0 NFS_Unstable:          0 kB
Node 0 Bounce:                0 kB
Node 0 WritebackTmp:          0 kB
Node 0 KReclaimable:      22684 kB
Node 0 Slab:              78712 kB
Node 0 SReclaimable:      22684 kB
Node 0 SUnreclaim:        56028 kB
Node 0 AnonHugePages:         0 kB
Node 0 ShmemHugePages:        0 kB
Node 0 ShmemPmdMapped:        0 kB
Node 0 FileHugePages:        0 kB
Node 0 FilePmdMapped:        0 kB
Node 0 HugePages_Total:     0
Node 0 HugePages_Free:      0
Node 0 HugePages_Surp:      0

Node 1 MemTotal:       24661580 kB
Node 1 MemFree:        23733524 kB
Node 1 MemUsed:          928056 kB
Node 1 Active:            62156 kB
Node 1 Inactive:          49092 kB
Node 1 Active(anon):      17584 kB
Node 1 Inactive(anon):      472 kB
Node 1 Active(file):      44572 kB
Node 1 Inactive(file):    48620 kB
Node 1 Unevictable:       13648 kB
Node 1 Mlocked:           13648 kB
Node 1 Dirty:                32 kB
Node 1 Writeback:             0 kB
Node 1 FilePages:         96936 kB
Node 1 Mapped:            18632 kB
Node 1 AnonPages:         27772 kB
Node 1 Shmem:               652 kB
Node 1 KernelStack:        1320 kB
Node 1 PageTables:          728 kB
Node 1 NFS_Unstable:          0 kB
Node 1 Bounce:                0 kB
Node 1 WritebackTmp:          0 kB
Node 1 KReclaimable:      22076 kB
Node 1 Slab:              62664 kB
Node 1 SReclaimable:      22076 kB
Node 1 SUnreclaim:        40588 kB
Node 1 AnonHugePages:         0 kB
Node 1 ShmemHugePages:        0 kB
Node 1 ShmemPmdMapped:        0 kB
Node 1 FileHugePages:        0 kB
Node 1 FilePmdMapped:        0 kB
Node 1 HugePages_Total:     0
Node 1 HugePages_Free:      0
Node 1 HugePages_Surp:      0

B.0.512M-simpleread.4G.1.O.1M Complete!
