kernel.numa_balancing = 0
85 Tests Remaining!
B.0.512M-simpleread.250M.2.O.1M
Begin
Node 0 MemTotal:       24768352 kB
Node 0 MemFree:        24347360 kB
Node 0 MemUsed:          420992 kB
Node 0 Active:            58120 kB
Node 0 Inactive:          71880 kB
Node 0 Active(anon):      22004 kB
Node 0 Inactive(anon):      540 kB
Node 0 Active(file):      36116 kB
Node 0 Inactive(file):    71340 kB
Node 0 Unevictable:        5268 kB
Node 0 Mlocked:            5268 kB
Node 0 Dirty:               140 kB
Node 0 Writeback:             0 kB
Node 0 FilePages:        113528 kB
Node 0 Mapped:            25068 kB
Node 0 AnonPages:         21744 kB
Node 0 Shmem:               800 kB
Node 0 KernelStack:        2296 kB
Node 0 PageTables:          608 kB
Node 0 NFS_Unstable:          0 kB
Node 0 Bounce:                0 kB
Node 0 WritebackTmp:          0 kB
Node 0 KReclaimable:      24356 kB
Node 0 Slab:              64284 kB
Node 0 SReclaimable:      24356 kB
Node 0 SUnreclaim:        39928 kB
Node 0 AnonHugePages:         0 kB
Node 0 ShmemHugePages:        0 kB
Node 0 ShmemPmdMapped:        0 kB
Node 0 FileHugePages:        0 kB
Node 0 FilePmdMapped:        0 kB
Node 0 HugePages_Total:     0
Node 0 HugePages_Free:      0
Node 0 HugePages_Surp:      0

Node 1 MemTotal:       24661580 kB
Node 1 MemFree:        24468276 kB
Node 1 MemUsed:          193304 kB
Node 1 Active:            38496 kB
Node 1 Inactive:          21532 kB
Node 1 Active(anon):      12128 kB
Node 1 Inactive(anon):      324 kB
Node 1 Active(file):      26368 kB
Node 1 Inactive(file):    21208 kB
Node 1 Unevictable:       13256 kB
Node 1 Mlocked:           13256 kB
Node 1 Dirty:               360 kB
Node 1 Writeback:             0 kB
Node 1 FilePages:         50972 kB
Node 1 Mapped:            15160 kB
Node 1 AnonPages:         22376 kB
Node 1 Shmem:               468 kB
Node 1 KernelStack:        1432 kB
Node 1 PageTables:          480 kB
Node 1 NFS_Unstable:          0 kB
Node 1 Bounce:                0 kB
Node 1 WritebackTmp:          0 kB
Node 1 KReclaimable:      18448 kB
Node 1 Slab:              43840 kB
Node 1 SReclaimable:      18448 kB
Node 1 SUnreclaim:        25392 kB
Node 1 AnonHugePages:         0 kB
Node 1 ShmemHugePages:        0 kB
Node 1 ShmemPmdMapped:        0 kB
Node 1 FileHugePages:        0 kB
Node 1 FilePmdMapped:        0 kB
Node 1 HugePages_Total:     0
Node 1 HugePages_Free:      0
Node 1 HugePages_Surp:      0

Load ZFS
Node 0 MemTotal:       24768352 kB
Node 0 MemFree:        24432856 kB
Node 0 MemUsed:          335496 kB
Node 0 Active:            72416 kB
Node 0 Inactive:         101792 kB
Node 0 Active(anon):      34928 kB
Node 0 Inactive(anon):      476 kB
Node 0 Active(file):      37488 kB
Node 0 Inactive(file):   101316 kB
Node 0 Unevictable:        5268 kB
Node 0 Mlocked:            5268 kB
Node 0 Dirty:                56 kB
Node 0 Writeback:             0 kB
Node 0 FilePages:        144732 kB
Node 0 Mapped:            26664 kB
Node 0 AnonPages:         34412 kB
Node 0 Shmem:               664 kB
Node 0 KernelStack:        2216 kB
Node 0 PageTables:         1352 kB
Node 0 NFS_Unstable:          0 kB
Node 0 Bounce:                0 kB
Node 0 WritebackTmp:          0 kB
Node 0 KReclaimable:      24800 kB
Node 0 Slab:              66092 kB
Node 0 SReclaimable:      24800 kB
Node 0 SUnreclaim:        41292 kB
Node 0 AnonHugePages:         0 kB
Node 0 ShmemHugePages:        0 kB
Node 0 ShmemPmdMapped:        0 kB
Node 0 FileHugePages:        0 kB
Node 0 FilePmdMapped:        0 kB
Node 0 HugePages_Total:     0
Node 0 HugePages_Free:      0
Node 0 HugePages_Surp:      0

Node 1 MemTotal:       24661580 kB
Node 1 MemFree:        24239464 kB
Node 1 MemUsed:          422116 kB
Node 1 Active:            50140 kB
Node 1 Inactive:          95112 kB
Node 1 Active(anon):      22768 kB
Node 1 Inactive(anon):      468 kB
Node 1 Active(file):      27372 kB
Node 1 Inactive(file):    94644 kB
Node 1 Unevictable:       13472 kB
Node 1 Mlocked:           13472 kB
Node 1 Dirty:               304 kB
Node 1 Writeback:             0 kB
Node 1 FilePages:        125548 kB
Node 1 Mapped:            17472 kB
Node 1 AnonPages:         32632 kB
Node 1 Shmem:               604 kB
Node 1 KernelStack:        2008 kB
Node 1 PageTables:         1592 kB
Node 1 NFS_Unstable:          0 kB
Node 1 Bounce:                0 kB
Node 1 WritebackTmp:          0 kB
Node 1 KReclaimable:      19428 kB
Node 1 Slab:              48624 kB
Node 1 SReclaimable:      19428 kB
Node 1 SUnreclaim:        29196 kB
Node 1 AnonHugePages:         0 kB
Node 1 ShmemHugePages:        0 kB
Node 1 ShmemPmdMapped:        0 kB
Node 1 FileHugePages:        0 kB
Node 1 FilePmdMapped:        0 kB
Node 1 HugePages_Total:     0
Node 1 HugePages_Free:      0
Node 1 HugePages_Surp:      0

Import tank ZPool
Node 0 MemTotal:       24768352 kB
Node 0 MemFree:        24438104 kB
Node 0 MemUsed:          330248 kB
Node 0 Active:            60248 kB
Node 0 Inactive:         102620 kB
Node 0 Active(anon):      21968 kB
Node 0 Inactive(anon):      480 kB
Node 0 Active(file):      38280 kB
Node 0 Inactive(file):   102140 kB
Node 0 Unevictable:        5268 kB
Node 0 Mlocked:            5268 kB
Node 0 Dirty:                84 kB
Node 0 Writeback:             0 kB
Node 0 FilePages:        146376 kB
Node 0 Mapped:            25268 kB
Node 0 AnonPages:         21836 kB
Node 0 Shmem:               668 kB
Node 0 KernelStack:        2184 kB
Node 0 PageTables:          688 kB
Node 0 NFS_Unstable:          0 kB
Node 0 Bounce:                0 kB
Node 0 WritebackTmp:          0 kB
Node 0 KReclaimable:      24936 kB
Node 0 Slab:              70796 kB
Node 0 SReclaimable:      24936 kB
Node 0 SUnreclaim:        45860 kB
Node 0 AnonHugePages:         0 kB
Node 0 ShmemHugePages:        0 kB
Node 0 ShmemPmdMapped:        0 kB
Node 0 FileHugePages:        0 kB
Node 0 FilePmdMapped:        0 kB
Node 0 HugePages_Total:     0
Node 0 HugePages_Free:      0
Node 0 HugePages_Surp:      0

Node 1 MemTotal:       24661580 kB
Node 1 MemFree:        24237836 kB
Node 1 MemUsed:          423744 kB
Node 1 Active:            39296 kB
Node 1 Inactive:          94752 kB
Node 1 Active(anon):      11536 kB
Node 1 Inactive(anon):      468 kB
Node 1 Active(file):      27760 kB
Node 1 Inactive(file):    94284 kB
Node 1 Unevictable:       13488 kB
Node 1 Mlocked:           13488 kB
Node 1 Dirty:               364 kB
Node 1 Writeback:             0 kB
Node 1 FilePages:        125588 kB
Node 1 Mapped:            15212 kB
Node 1 AnonPages:         21964 kB
Node 1 Shmem:               600 kB
Node 1 KernelStack:        2584 kB
Node 1 PageTables:          412 kB
Node 1 NFS_Unstable:          0 kB
Node 1 Bounce:                0 kB
Node 1 WritebackTmp:          0 kB
Node 1 KReclaimable:      19428 kB
Node 1 Slab:              50332 kB
Node 1 SReclaimable:      19428 kB
Node 1 SUnreclaim:        30904 kB
Node 1 AnonHugePages:         0 kB
Node 1 ShmemHugePages:        0 kB
Node 1 ShmemPmdMapped:        0 kB
Node 1 FileHugePages:        0 kB
Node 1 FilePmdMapped:        0 kB
Node 1 HugePages_Total:     0
Node 1 HugePages_Free:      0
Node 1 HugePages_Surp:      0

After Test
Node 0 MemTotal:       24768352 kB
Node 0 MemFree:        23457908 kB
Node 0 MemUsed:         1310444 kB
Node 0 Active:            61608 kB
Node 0 Inactive:         602356 kB
Node 0 Active(anon):      22532 kB
Node 0 Inactive(anon):      480 kB
Node 0 Active(file):      39076 kB
Node 0 Inactive(file):   601876 kB
Node 0 Unevictable:        5268 kB
Node 0 Mlocked:            5268 kB
Node 0 Dirty:                64 kB
Node 0 Writeback:             0 kB
Node 0 FilePages:        646932 kB
Node 0 Mapped:            25156 kB
Node 0 AnonPages:         22332 kB
Node 0 Shmem:               668 kB
Node 0 KernelStack:        2200 kB
Node 0 PageTables:          600 kB
Node 0 NFS_Unstable:          0 kB
Node 0 Bounce:                0 kB
Node 0 WritebackTmp:          0 kB
Node 0 KReclaimable:      26120 kB
Node 0 Slab:              75624 kB
Node 0 SReclaimable:      26120 kB
Node 0 SUnreclaim:        49504 kB
Node 0 AnonHugePages:         0 kB
Node 0 ShmemHugePages:        0 kB
Node 0 ShmemPmdMapped:        0 kB
Node 0 FileHugePages:        0 kB
Node 0 FilePmdMapped:        0 kB
Node 0 HugePages_Total:     0
Node 0 HugePages_Free:      0
Node 0 HugePages_Surp:      0

Node 1 MemTotal:       24661580 kB
Node 1 MemFree:        24186500 kB
Node 1 MemUsed:          475080 kB
Node 1 Active:            38872 kB
Node 1 Inactive:          94752 kB
Node 1 Active(anon):      11112 kB
Node 1 Inactive(anon):      468 kB
Node 1 Active(file):      27760 kB
Node 1 Inactive(file):    94284 kB
Node 1 Unevictable:       13488 kB
Node 1 Mlocked:           13488 kB
Node 1 Dirty:               296 kB
Node 1 Writeback:             0 kB
Node 1 FilePages:        125604 kB
Node 1 Mapped:            15160 kB
Node 1 AnonPages:         21556 kB
Node 1 Shmem:               600 kB
Node 1 KernelStack:        2536 kB
Node 1 PageTables:          412 kB
Node 1 NFS_Unstable:          0 kB
Node 1 Bounce:                0 kB
Node 1 WritebackTmp:          0 kB
Node 1 KReclaimable:      19428 kB
Node 1 Slab:              50440 kB
Node 1 SReclaimable:      19428 kB
Node 1 SUnreclaim:        31012 kB
Node 1 AnonHugePages:         0 kB
Node 1 ShmemHugePages:        0 kB
Node 1 ShmemPmdMapped:        0 kB
Node 1 FileHugePages:        0 kB
Node 1 FilePmdMapped:        0 kB
Node 1 HugePages_Total:     0
Node 1 HugePages_Free:      0
Node 1 HugePages_Surp:      0

After Opposite Node
Node 0 MemTotal:       24768352 kB
Node 0 MemFree:        23458396 kB
Node 0 MemUsed:         1309956 kB
Node 0 Active:            61324 kB
Node 0 Inactive:         602140 kB
Node 0 Active(anon):      21976 kB
Node 0 Inactive(anon):      472 kB
Node 0 Active(file):      39348 kB
Node 0 Inactive(file):   601668 kB
Node 0 Unevictable:        5268 kB
Node 0 Mlocked:            5268 kB
Node 0 Dirty:                76 kB
Node 0 Writeback:             0 kB
Node 0 FilePages:        646948 kB
Node 0 Mapped:            25152 kB
Node 0 AnonPages:         21824 kB
Node 0 Shmem:               668 kB
Node 0 KernelStack:        2184 kB
Node 0 PageTables:          588 kB
Node 0 NFS_Unstable:          0 kB
Node 0 Bounce:                0 kB
Node 0 WritebackTmp:          0 kB
Node 0 KReclaimable:      26128 kB
Node 0 Slab:              75632 kB
Node 0 SReclaimable:      26128 kB
Node 0 SUnreclaim:        49504 kB
Node 0 AnonHugePages:         0 kB
Node 0 ShmemHugePages:        0 kB
Node 0 ShmemPmdMapped:        0 kB
Node 0 FileHugePages:        0 kB
Node 0 FilePmdMapped:        0 kB
Node 0 HugePages_Total:     0
Node 0 HugePages_Free:      0
Node 0 HugePages_Surp:      0

Node 1 MemTotal:       24661580 kB
Node 1 MemFree:        24186924 kB
Node 1 MemUsed:          474656 kB
Node 1 Active:            39292 kB
Node 1 Inactive:          94756 kB
Node 1 Active(anon):      11488 kB
Node 1 Inactive(anon):      468 kB
Node 1 Active(file):      27804 kB
Node 1 Inactive(file):    94288 kB
Node 1 Unevictable:       13488 kB
Node 1 Mlocked:           13488 kB
Node 1 Dirty:               300 kB
Node 1 Writeback:             0 kB
Node 1 FilePages:        125624 kB
Node 1 Mapped:            15160 kB
Node 1 AnonPages:         21792 kB
Node 1 Shmem:               600 kB
Node 1 KernelStack:        2552 kB
Node 1 PageTables:          372 kB
Node 1 NFS_Unstable:          0 kB
Node 1 Bounce:                0 kB
Node 1 WritebackTmp:          0 kB
Node 1 KReclaimable:      19460 kB
Node 1 Slab:              50556 kB
Node 1 SReclaimable:      19460 kB
Node 1 SUnreclaim:        31096 kB
Node 1 AnonHugePages:         0 kB
Node 1 ShmemHugePages:        0 kB
Node 1 ShmemPmdMapped:        0 kB
Node 1 FileHugePages:        0 kB
Node 1 FilePmdMapped:        0 kB
Node 1 HugePages_Total:     0
Node 1 HugePages_Free:      0
Node 1 HugePages_Surp:      0

B.0.512M-simpleread.250M.2.O.1M Complete!
