kernel.numa_balancing = 0
B.0.64M-simpleread.4G.2.O.1M
Begin
Node 0 MemTotal:       24768352 kB
Node 0 MemFree:        24520560 kB
Node 0 MemUsed:          247792 kB
Node 0 Active:            33376 kB
Node 0 Inactive:          60376 kB
Node 0 Active(anon):      10796 kB
Node 0 Inactive(anon):      408 kB
Node 0 Active(file):      22580 kB
Node 0 Inactive(file):    59968 kB
Node 0 Unevictable:       17492 kB
Node 0 Mlocked:           17492 kB
Node 0 Dirty:               220 kB
Node 0 Writeback:             0 kB
Node 0 FilePages:         90300 kB
Node 0 Mapped:            22780 kB
Node 0 AnonPages:         21000 kB
Node 0 Shmem:               552 kB
Node 0 KernelStack:        1880 kB
Node 0 PageTables:          432 kB
Node 0 NFS_Unstable:          0 kB
Node 0 Bounce:                0 kB
Node 0 WritebackTmp:          0 kB
Node 0 KReclaimable:      21648 kB
Node 0 Slab:              55472 kB
Node 0 SReclaimable:      21648 kB
Node 0 SUnreclaim:        33824 kB
Node 0 AnonHugePages:         0 kB
Node 0 ShmemHugePages:        0 kB
Node 0 ShmemPmdMapped:        0 kB
Node 0 FileHugePages:        0 kB
Node 0 FilePmdMapped:        0 kB
Node 0 HugePages_Total:     0
Node 0 HugePages_Free:      0
Node 0 HugePages_Surp:      0

Node 1 MemTotal:       24661580 kB
Node 1 MemFree:        24293304 kB
Node 1 MemUsed:          368276 kB
Node 1 Active:            61972 kB
Node 1 Inactive:          28228 kB
Node 1 Active(anon):      22912 kB
Node 1 Inactive(anon):      480 kB
Node 1 Active(file):      39060 kB
Node 1 Inactive(file):    27748 kB
Node 1 Unevictable:        1028 kB
Node 1 Mlocked:            1028 kB
Node 1 Dirty:               288 kB
Node 1 Writeback:             0 kB
Node 1 FilePages:         68576 kB
Node 1 Mapped:            18360 kB
Node 1 AnonPages:         22768 kB
Node 1 Shmem:               716 kB
Node 1 KernelStack:        1704 kB
Node 1 PageTables:          608 kB
Node 1 NFS_Unstable:          0 kB
Node 1 Bounce:                0 kB
Node 1 WritebackTmp:          0 kB
Node 1 KReclaimable:      20608 kB
Node 1 Slab:              52812 kB
Node 1 SReclaimable:      20608 kB
Node 1 SUnreclaim:        32204 kB
Node 1 AnonHugePages:         0 kB
Node 1 ShmemHugePages:        0 kB
Node 1 ShmemPmdMapped:        0 kB
Node 1 FileHugePages:        0 kB
Node 1 FilePmdMapped:        0 kB
Node 1 HugePages_Total:     0
Node 1 HugePages_Free:      0
Node 1 HugePages_Surp:      0

Load ZFS
Node 0 MemTotal:       24768352 kB
Node 0 MemFree:        24472000 kB
Node 0 MemUsed:          296352 kB
Node 0 Active:            46088 kB
Node 0 Inactive:          90300 kB
Node 0 Active(anon):      22156 kB
Node 0 Inactive(anon):      508 kB
Node 0 Active(file):      23932 kB
Node 0 Inactive(file):    89792 kB
Node 0 Unevictable:       17704 kB
Node 0 Mlocked:           17704 kB
Node 0 Dirty:               472 kB
Node 0 Writeback:             0 kB
Node 0 FilePages:        121556 kB
Node 0 Mapped:            24192 kB
Node 0 AnonPages:         32456 kB
Node 0 Shmem:               668 kB
Node 0 KernelStack:        2016 kB
Node 0 PageTables:         1096 kB
Node 0 NFS_Unstable:          0 kB
Node 0 Bounce:                0 kB
Node 0 WritebackTmp:          0 kB
Node 0 KReclaimable:      22512 kB
Node 0 Slab:              58640 kB
Node 0 SReclaimable:      22512 kB
Node 0 SUnreclaim:        36128 kB
Node 0 AnonHugePages:         0 kB
Node 0 ShmemHugePages:        0 kB
Node 0 ShmemPmdMapped:        0 kB
Node 0 FileHugePages:        0 kB
Node 0 FilePmdMapped:        0 kB
Node 0 HugePages_Total:     0
Node 0 HugePages_Free:      0
Node 0 HugePages_Surp:      0

Node 1 MemTotal:       24661580 kB
Node 1 MemFree:        24198760 kB
Node 1 MemUsed:          462820 kB
Node 1 Active:            76952 kB
Node 1 Inactive:         101672 kB
Node 1 Active(anon):      36660 kB
Node 1 Inactive(anon):      432 kB
Node 1 Active(file):      40292 kB
Node 1 Inactive(file):   101240 kB
Node 1 Unevictable:        1028 kB
Node 1 Mlocked:            1028 kB
Node 1 Dirty:                40 kB
Node 1 Writeback:             0 kB
Node 1 FilePages:        143160 kB
Node 1 Mapped:            21192 kB
Node 1 AnonPages:         36836 kB
Node 1 Shmem:               600 kB
Node 1 KernelStack:        2248 kB
Node 1 PageTables:         2016 kB
Node 1 NFS_Unstable:          0 kB
Node 1 Bounce:                0 kB
Node 1 WritebackTmp:          0 kB
Node 1 KReclaimable:      21416 kB
Node 1 Slab:              56604 kB
Node 1 SReclaimable:      21416 kB
Node 1 SUnreclaim:        35188 kB
Node 1 AnonHugePages:         0 kB
Node 1 ShmemHugePages:        0 kB
Node 1 ShmemPmdMapped:        0 kB
Node 1 FileHugePages:        0 kB
Node 1 FilePmdMapped:        0 kB
Node 1 HugePages_Total:     0
Node 1 HugePages_Free:      0
Node 1 HugePages_Surp:      0

Import tank ZPool
Node 0 MemTotal:       24768352 kB
Node 0 MemFree:        24467316 kB
Node 0 MemUsed:          301036 kB
Node 0 Active:            46148 kB
Node 0 Inactive:          91524 kB
Node 0 Active(anon):      22028 kB
Node 0 Inactive(anon):      512 kB
Node 0 Active(file):      24120 kB
Node 0 Inactive(file):    91012 kB
Node 0 Unevictable:       17720 kB
Node 0 Mlocked:           17720 kB
Node 0 Dirty:               420 kB
Node 0 Writeback:             0 kB
Node 0 FilePages:        122964 kB
Node 0 Mapped:            23996 kB
Node 0 AnonPages:         32528 kB
Node 0 Shmem:               668 kB
Node 0 KernelStack:        1960 kB
Node 0 PageTables:          932 kB
Node 0 NFS_Unstable:          0 kB
Node 0 Bounce:                0 kB
Node 0 WritebackTmp:          0 kB
Node 0 KReclaimable:      22648 kB
Node 0 Slab:              63496 kB
Node 0 SReclaimable:      22648 kB
Node 0 SUnreclaim:        40848 kB
Node 0 AnonHugePages:         0 kB
Node 0 ShmemHugePages:        0 kB
Node 0 ShmemPmdMapped:        0 kB
Node 0 FileHugePages:        0 kB
Node 0 FilePmdMapped:        0 kB
Node 0 HugePages_Total:     0
Node 0 HugePages_Free:      0
Node 0 HugePages_Surp:      0

Node 1 MemTotal:       24661580 kB
Node 1 MemFree:        24184468 kB
Node 1 MemUsed:          477112 kB
Node 1 Active:            76812 kB
Node 1 Inactive:         101680 kB
Node 1 Active(anon):      36520 kB
Node 1 Inactive(anon):      436 kB
Node 1 Active(file):      40292 kB
Node 1 Inactive(file):   101244 kB
Node 1 Unevictable:        1028 kB
Node 1 Mlocked:            1028 kB
Node 1 Dirty:                44 kB
Node 1 Writeback:             0 kB
Node 1 FilePages:        143196 kB
Node 1 Mapped:            20884 kB
Node 1 AnonPages:         36360 kB
Node 1 Shmem:               600 kB
Node 1 KernelStack:        3272 kB
Node 1 PageTables:         1976 kB
Node 1 NFS_Unstable:          0 kB
Node 1 Bounce:                0 kB
Node 1 WritebackTmp:          0 kB
Node 1 KReclaimable:      21428 kB
Node 1 Slab:              58640 kB
Node 1 SReclaimable:      21428 kB
Node 1 SUnreclaim:        37212 kB
Node 1 AnonHugePages:         0 kB
Node 1 ShmemHugePages:        0 kB
Node 1 ShmemPmdMapped:        0 kB
Node 1 FileHugePages:        0 kB
Node 1 FilePmdMapped:        0 kB
Node 1 HugePages_Total:     0
Node 1 HugePages_Free:      0
Node 1 HugePages_Surp:      0

After Test
Node 0 MemTotal:       24768352 kB
Node 0 MemFree:        19771284 kB
Node 0 MemUsed:         4997068 kB
Node 0 Active:            36256 kB
Node 0 Inactive:         153584 kB
Node 0 Active(anon):      11016 kB
Node 0 Inactive(anon):      504 kB
Node 0 Active(file):      25240 kB
Node 0 Inactive(file):   153080 kB
Node 0 Unevictable:       17720 kB
Node 0 Mlocked:           17720 kB
Node 0 Dirty:                20 kB
Node 0 Writeback:             0 kB
Node 0 FilePages:        186152 kB
Node 0 Mapped:            22848 kB
Node 0 AnonPages:         21140 kB
Node 0 Shmem:               668 kB
Node 0 KernelStack:        1960 kB
Node 0 PageTables:          644 kB
Node 0 NFS_Unstable:          0 kB
Node 0 Bounce:                0 kB
Node 0 WritebackTmp:          0 kB
Node 0 KReclaimable:      22836 kB
Node 0 Slab:              82424 kB
Node 0 SReclaimable:      22836 kB
Node 0 SUnreclaim:        59588 kB
Node 0 AnonHugePages:         0 kB
Node 0 ShmemHugePages:        0 kB
Node 0 ShmemPmdMapped:        0 kB
Node 0 FileHugePages:        0 kB
Node 0 FilePmdMapped:        0 kB
Node 0 HugePages_Total:     0
Node 0 HugePages_Free:      0
Node 0 HugePages_Surp:      0

Node 1 MemTotal:       24661580 kB
Node 1 MemFree:        23804148 kB
Node 1 MemUsed:          857432 kB
Node 1 Active:            63572 kB
Node 1 Inactive:         101096 kB
Node 1 Active(anon):      22616 kB
Node 1 Inactive(anon):      436 kB
Node 1 Active(file):      40956 kB
Node 1 Inactive(file):   100660 kB
Node 1 Unevictable:        1028 kB
Node 1 Mlocked:            1028 kB
Node 1 Dirty:                 8 kB
Node 1 Writeback:             0 kB
Node 1 FilePages:        143300 kB
Node 1 Mapped:            18360 kB
Node 1 AnonPages:         22452 kB
Node 1 Shmem:               600 kB
Node 1 KernelStack:        2744 kB
Node 1 PageTables:          568 kB
Node 1 NFS_Unstable:          0 kB
Node 1 Bounce:                0 kB
Node 1 WritebackTmp:          0 kB
Node 1 KReclaimable:      21636 kB
Node 1 Slab:              60328 kB
Node 1 SReclaimable:      21636 kB
Node 1 SUnreclaim:        38692 kB
Node 1 AnonHugePages:         0 kB
Node 1 ShmemHugePages:        0 kB
Node 1 ShmemPmdMapped:        0 kB
Node 1 FileHugePages:        0 kB
Node 1 FilePmdMapped:        0 kB
Node 1 HugePages_Total:     0
Node 1 HugePages_Free:      0
Node 1 HugePages_Surp:      0

After Opposite Node
Node 0 MemTotal:       24768352 kB
Node 0 MemFree:        19773080 kB
Node 0 MemUsed:         4995272 kB
Node 0 Active:            36160 kB
Node 0 Inactive:         153344 kB
Node 0 Active(anon):      10664 kB
Node 0 Inactive(anon):      504 kB
Node 0 Active(file):      25496 kB
Node 0 Inactive(file):   152840 kB
Node 0 Unevictable:       17720 kB
Node 0 Mlocked:           17720 kB
Node 0 Dirty:                36 kB
Node 0 Writeback:             0 kB
Node 0 FilePages:        186168 kB
Node 0 Mapped:            22820 kB
Node 0 AnonPages:         21072 kB
Node 0 Shmem:               668 kB
Node 0 KernelStack:        1944 kB
Node 0 PageTables:          464 kB
Node 0 NFS_Unstable:          0 kB
Node 0 Bounce:                0 kB
Node 0 WritebackTmp:          0 kB
Node 0 KReclaimable:      22840 kB
Node 0 Slab:              82440 kB
Node 0 SReclaimable:      22840 kB
Node 0 SUnreclaim:        59600 kB
Node 0 AnonHugePages:         0 kB
Node 0 ShmemHugePages:        0 kB
Node 0 ShmemPmdMapped:        0 kB
Node 0 FileHugePages:        0 kB
Node 0 FilePmdMapped:        0 kB
Node 0 HugePages_Total:     0
Node 0 HugePages_Free:      0
Node 0 HugePages_Surp:      0

Node 1 MemTotal:       24661580 kB
Node 1 MemFree:        23803712 kB
Node 1 MemUsed:          857868 kB
Node 1 Active:            64040 kB
Node 1 Inactive:         101064 kB
Node 1 Active(anon):      22976 kB
Node 1 Inactive(anon):      436 kB
Node 1 Active(file):      41064 kB
Node 1 Inactive(file):   100628 kB
Node 1 Unevictable:        1028 kB
Node 1 Mlocked:            1028 kB
Node 1 Dirty:                12 kB
Node 1 Writeback:             0 kB
Node 1 FilePages:        143320 kB
Node 1 Mapped:            18360 kB
Node 1 AnonPages:         22952 kB
Node 1 Shmem:               600 kB
Node 1 KernelStack:        2760 kB
Node 1 PageTables:          736 kB
Node 1 NFS_Unstable:          0 kB
Node 1 Bounce:                0 kB
Node 1 WritebackTmp:          0 kB
Node 1 KReclaimable:      21672 kB
Node 1 Slab:              60432 kB
Node 1 SReclaimable:      21672 kB
Node 1 SUnreclaim:        38760 kB
Node 1 AnonHugePages:         0 kB
Node 1 ShmemHugePages:        0 kB
Node 1 ShmemPmdMapped:        0 kB
Node 1 FileHugePages:        0 kB
Node 1 FilePmdMapped:        0 kB
Node 1 HugePages_Total:     0
Node 1 HugePages_Free:      0
Node 1 HugePages_Surp:      0

B.0.64M-simpleread.4G.2.O.1M Complete!
