kernel.numa_balancing = 0
B.0.1G-simpleread.16G.1.O.1M
Begin
Node 0 MemTotal:       24743736 kB
Node 0 MemFree:        24381168 kB
Node 0 MemUsed:          362568 kB
Node 0 Active:            47168 kB
Node 0 Inactive:          44044 kB
Node 0 Active(anon):       4828 kB
Node 0 Inactive(anon):      420 kB
Node 0 Active(file):      42340 kB
Node 0 Inactive(file):    43624 kB
Node 0 Unevictable:        1024 kB
Node 0 Mlocked:            1024 kB
Node 0 Dirty:               396 kB
Node 0 Writeback:             0 kB
Node 0 FilePages:         87628 kB
Node 0 Mapped:            32940 kB
Node 0 AnonPages:          4620 kB
Node 0 Shmem:               628 kB
Node 0 KernelStack:        1976 kB
Node 0 PageTables:          260 kB
Node 0 NFS_Unstable:          0 kB
Node 0 Bounce:                0 kB
Node 0 WritebackTmp:          0 kB
Node 0 KReclaimable:      17204 kB
Node 0 Slab:              47272 kB
Node 0 SReclaimable:      17204 kB
Node 0 SUnreclaim:        30068 kB
Node 0 AnonHugePages:         0 kB
Node 0 ShmemHugePages:        0 kB
Node 0 ShmemPmdMapped:        0 kB
Node 0 FileHugePages:        0 kB
Node 0 FilePmdMapped:        0 kB
Node 0 HugePages_Total:     0
Node 0 HugePages_Free:      0
Node 0 HugePages_Surp:      0

Node 1 MemTotal:       24686196 kB
Node 1 MemFree:        24419764 kB
Node 1 MemUsed:          266432 kB
Node 1 Active:            49844 kB
Node 1 Inactive:          61440 kB
Node 1 Active(anon):      28936 kB
Node 1 Inactive(anon):      448 kB
Node 1 Active(file):      20908 kB
Node 1 Inactive(file):    60992 kB
Node 1 Unevictable:       17500 kB
Node 1 Mlocked:           17500 kB
Node 1 Dirty:               144 kB
Node 1 Writeback:             0 kB
Node 1 FilePages:         89744 kB
Node 1 Mapped:            24424 kB
Node 1 AnonPages:         39116 kB
Node 1 Shmem:               640 kB
Node 1 KernelStack:        1592 kB
Node 1 PageTables:          820 kB
Node 1 NFS_Unstable:          0 kB
Node 1 Bounce:                0 kB
Node 1 WritebackTmp:          0 kB
Node 1 KReclaimable:      24612 kB
Node 1 Slab:              60596 kB
Node 1 SReclaimable:      24612 kB
Node 1 SUnreclaim:        35984 kB
Node 1 AnonHugePages:         0 kB
Node 1 ShmemHugePages:        0 kB
Node 1 ShmemPmdMapped:        0 kB
Node 1 FileHugePages:        0 kB
Node 1 FilePmdMapped:        0 kB
Node 1 HugePages_Total:     0
Node 1 HugePages_Free:      0
Node 1 HugePages_Surp:      0

Load ZFS
Node 0 MemTotal:       24743736 kB
Node 0 MemFree:        24284452 kB
Node 0 MemUsed:          459284 kB
Node 0 Active:            58284 kB
Node 0 Inactive:         124580 kB
Node 0 Active(anon):      14552 kB
Node 0 Inactive(anon):      448 kB
Node 0 Active(file):      43732 kB
Node 0 Inactive(file):   124132 kB
Node 0 Unevictable:        1024 kB
Node 0 Mlocked:            1024 kB
Node 0 Dirty:               436 kB
Node 0 Writeback:             0 kB
Node 0 FilePages:        169492 kB
Node 0 Mapped:            34716 kB
Node 0 AnonPages:         14404 kB
Node 0 Shmem:               604 kB
Node 0 KernelStack:        2024 kB
Node 0 PageTables:          332 kB
Node 0 NFS_Unstable:          0 kB
Node 0 Bounce:                0 kB
Node 0 WritebackTmp:          0 kB
Node 0 KReclaimable:      18272 kB
Node 0 Slab:              51500 kB
Node 0 SReclaimable:      18272 kB
Node 0 SUnreclaim:        33228 kB
Node 0 AnonHugePages:         0 kB
Node 0 ShmemHugePages:        0 kB
Node 0 ShmemPmdMapped:        0 kB
Node 0 FileHugePages:        0 kB
Node 0 FilePmdMapped:        0 kB
Node 0 HugePages_Total:     0
Node 0 HugePages_Free:      0
Node 0 HugePages_Surp:      0

Node 1 MemTotal:       24686196 kB
Node 1 MemFree:        24371552 kB
Node 1 MemUsed:          314644 kB
Node 1 Active:            67408 kB
Node 1 Inactive:          84352 kB
Node 1 Active(anon):      45436 kB
Node 1 Inactive(anon):      496 kB
Node 1 Active(file):      21972 kB
Node 1 Inactive(file):    83856 kB
Node 1 Unevictable:       17716 kB
Node 1 Mlocked:           17716 kB
Node 1 Dirty:               156 kB
Node 1 Writeback:             0 kB
Node 1 FilePages:        113660 kB
Node 1 Mapped:            26528 kB
Node 1 AnonPages:         55960 kB
Node 1 Shmem:               664 kB
Node 1 KernelStack:        2088 kB
Node 1 PageTables:         1756 kB
Node 1 NFS_Unstable:          0 kB
Node 1 Bounce:                0 kB
Node 1 WritebackTmp:          0 kB
Node 1 KReclaimable:      25224 kB
Node 1 Slab:              63072 kB
Node 1 SReclaimable:      25224 kB
Node 1 SUnreclaim:        37848 kB
Node 1 AnonHugePages:         0 kB
Node 1 ShmemHugePages:        0 kB
Node 1 ShmemPmdMapped:        0 kB
Node 1 FileHugePages:        0 kB
Node 1 FilePmdMapped:        0 kB
Node 1 HugePages_Total:     0
Node 1 HugePages_Free:      0
Node 1 HugePages_Surp:      0

Import tank ZPool
Node 0 MemTotal:       24743736 kB
Node 0 MemFree:        24293196 kB
Node 0 MemUsed:          450540 kB
Node 0 Active:            49724 kB
Node 0 Inactive:         124380 kB
Node 0 Active(anon):       5772 kB
Node 0 Inactive(anon):      452 kB
Node 0 Active(file):      43952 kB
Node 0 Inactive(file):   123928 kB
Node 0 Unevictable:        1024 kB
Node 0 Mlocked:            1024 kB
Node 0 Dirty:               488 kB
Node 0 Writeback:             0 kB
Node 0 FilePages:        169524 kB
Node 0 Mapped:            32996 kB
Node 0 AnonPages:          5620 kB
Node 0 Shmem:               604 kB
Node 0 KernelStack:        1848 kB
Node 0 PageTables:          260 kB
Node 0 NFS_Unstable:          0 kB
Node 0 Bounce:                0 kB
Node 0 WritebackTmp:          0 kB
Node 0 KReclaimable:      18272 kB
Node 0 Slab:              51548 kB
Node 0 SReclaimable:      18272 kB
Node 0 SUnreclaim:        33276 kB
Node 0 AnonHugePages:         0 kB
Node 0 ShmemHugePages:        0 kB
Node 0 ShmemPmdMapped:        0 kB
Node 0 FileHugePages:        0 kB
Node 0 FilePmdMapped:        0 kB
Node 0 HugePages_Total:     0
Node 0 HugePages_Free:      0
Node 0 HugePages_Surp:      0

Node 1 MemTotal:       24686196 kB
Node 1 MemFree:        24371000 kB
Node 1 MemUsed:          315196 kB
Node 1 Active:            50560 kB
Node 1 Inactive:          85188 kB
Node 1 Active(anon):      27728 kB
Node 1 Inactive(anon):      496 kB
Node 1 Active(file):      22832 kB
Node 1 Inactive(file):    84692 kB
Node 1 Unevictable:       17732 kB
Node 1 Mlocked:           17732 kB
Node 1 Dirty:                92 kB
Node 1 Writeback:             0 kB
Node 1 FilePages:        115376 kB
Node 1 Mapped:            24648 kB
Node 1 AnonPages:         37752 kB
Node 1 Shmem:               664 kB
Node 1 KernelStack:        2840 kB
Node 1 PageTables:          892 kB
Node 1 NFS_Unstable:          0 kB
Node 1 Bounce:                0 kB
Node 1 WritebackTmp:          0 kB
Node 1 KReclaimable:      25368 kB
Node 1 Slab:              69224 kB
Node 1 SReclaimable:      25368 kB
Node 1 SUnreclaim:        43856 kB
Node 1 AnonHugePages:         0 kB
Node 1 ShmemHugePages:        0 kB
Node 1 ShmemPmdMapped:        0 kB
Node 1 FileHugePages:        0 kB
Node 1 FilePmdMapped:        0 kB
Node 1 HugePages_Total:     0
Node 1 HugePages_Free:      0
Node 1 HugePages_Surp:      0

After Test
Node 0 MemTotal:       24743736 kB
Node 0 MemFree:         6499204 kB
Node 0 MemUsed:        18244532 kB
Node 0 Active:            50508 kB
Node 0 Inactive:        1100968 kB
Node 0 Active(anon):       5996 kB
Node 0 Inactive(anon):      448 kB
Node 0 Active(file):      44512 kB
Node 0 Inactive(file):  1100520 kB
Node 0 Unevictable:        1024 kB
Node 0 Mlocked:            1024 kB
Node 0 Dirty:                 4 kB
Node 0 Writeback:             0 kB
Node 0 FilePages:       1146660 kB
Node 0 Mapped:            32968 kB
Node 0 AnonPages:          5712 kB
Node 0 Shmem:               604 kB
Node 0 KernelStack:        1784 kB
Node 0 PageTables:          476 kB
Node 0 NFS_Unstable:          0 kB
Node 0 Bounce:                0 kB
Node 0 WritebackTmp:          0 kB
Node 0 KReclaimable:      20564 kB
Node 0 Slab:             110516 kB
Node 0 SReclaimable:      20564 kB
Node 0 SUnreclaim:        89952 kB
Node 0 AnonHugePages:         0 kB
Node 0 ShmemHugePages:        0 kB
Node 0 ShmemPmdMapped:        0 kB
Node 0 FileHugePages:        0 kB
Node 0 FilePmdMapped:        0 kB
Node 0 HugePages_Total:     0
Node 0 HugePages_Free:      0
Node 0 HugePages_Surp:      0

Node 1 MemTotal:       24686196 kB
Node 1 MemFree:        23525220 kB
Node 1 MemUsed:         1160976 kB
Node 1 Active:            50720 kB
Node 1 Inactive:          84816 kB
Node 1 Active(anon):      27404 kB
Node 1 Inactive(anon):      492 kB
Node 1 Active(file):      23316 kB
Node 1 Inactive(file):    84324 kB
Node 1 Unevictable:       17732 kB
Node 1 Mlocked:           17732 kB
Node 1 Dirty:                 0 kB
Node 1 Writeback:             0 kB
Node 1 FilePages:        115528 kB
Node 1 Mapped:            24500 kB
Node 1 AnonPages:         37792 kB
Node 1 Shmem:               664 kB
Node 1 KernelStack:        2712 kB
Node 1 PageTables:          780 kB
Node 1 NFS_Unstable:          0 kB
Node 1 Bounce:                0 kB
Node 1 WritebackTmp:          0 kB
Node 1 KReclaimable:      25652 kB
Node 1 Slab:              73020 kB
Node 1 SReclaimable:      25652 kB
Node 1 SUnreclaim:        47368 kB
Node 1 AnonHugePages:         0 kB
Node 1 ShmemHugePages:        0 kB
Node 1 ShmemPmdMapped:        0 kB
Node 1 FileHugePages:        0 kB
Node 1 FilePmdMapped:        0 kB
Node 1 HugePages_Total:     0
Node 1 HugePages_Free:      0
Node 1 HugePages_Surp:      0

After Opposite Node
Node 0 MemTotal:       24743736 kB
Node 0 MemFree:         6496784 kB
Node 0 MemUsed:        18246952 kB
Node 0 Active:            50092 kB
Node 0 Inactive:        1100964 kB
Node 0 Active(anon):       5572 kB
Node 0 Inactive(anon):      448 kB
Node 0 Active(file):      44520 kB
Node 0 Inactive(file):  1100516 kB
Node 0 Unevictable:        1024 kB
Node 0 Mlocked:            1024 kB
Node 0 Dirty:                24 kB
Node 0 Writeback:             0 kB
Node 0 FilePages:       1146664 kB
Node 0 Mapped:            32976 kB
Node 0 AnonPages:          5436 kB
Node 0 Shmem:               604 kB
Node 0 KernelStack:        1768 kB
Node 0 PageTables:          260 kB
Node 0 NFS_Unstable:          0 kB
Node 0 Bounce:                0 kB
Node 0 WritebackTmp:          0 kB
Node 0 KReclaimable:      20564 kB
Node 0 Slab:             110804 kB
Node 0 SReclaimable:      20564 kB
Node 0 SUnreclaim:        90240 kB
Node 0 AnonHugePages:         0 kB
Node 0 ShmemHugePages:        0 kB
Node 0 ShmemPmdMapped:        0 kB
Node 0 FileHugePages:        0 kB
Node 0 FilePmdMapped:        0 kB
Node 0 HugePages_Total:     0
Node 0 HugePages_Free:      0
Node 0 HugePages_Surp:      0

Node 1 MemTotal:       24686196 kB
Node 1 MemFree:        23528212 kB
Node 1 MemUsed:         1157984 kB
Node 1 Active:            51532 kB
Node 1 Inactive:          84560 kB
Node 1 Active(anon):      27864 kB
Node 1 Inactive(anon):      492 kB
Node 1 Active(file):      23668 kB
Node 1 Inactive(file):    84068 kB
Node 1 Unevictable:       17732 kB
Node 1 Mlocked:           17732 kB
Node 1 Dirty:                48 kB
Node 1 Writeback:             0 kB
Node 1 FilePages:        115576 kB
Node 1 Mapped:            24428 kB
Node 1 AnonPages:         38060 kB
Node 1 Shmem:               664 kB
Node 1 KernelStack:        2728 kB
Node 1 PageTables:         1000 kB
Node 1 NFS_Unstable:          0 kB
Node 1 Bounce:                0 kB
Node 1 WritebackTmp:          0 kB
Node 1 KReclaimable:      25688 kB
Node 1 Slab:              73208 kB
Node 1 SReclaimable:      25688 kB
Node 1 SUnreclaim:        47520 kB
Node 1 AnonHugePages:         0 kB
Node 1 ShmemHugePages:        0 kB
Node 1 ShmemPmdMapped:        0 kB
Node 1 FileHugePages:        0 kB
Node 1 FilePmdMapped:        0 kB
Node 1 HugePages_Total:     0
Node 1 HugePages_Free:      0
Node 1 HugePages_Surp:      0

B.0.1G-simpleread.16G.1.O.1M Complete!
