kernel.numa_balancing = 0
340 Tests Remaining!
B.0.512M-simpleread.8G.3.O.1M
Begin
Node 0 MemTotal:       24768360 kB
Node 0 MemFree:        24396332 kB
Node 0 MemUsed:          372028 kB
Node 0 Active:            58928 kB
Node 0 Inactive:          22136 kB
Node 0 Active(anon):      13060 kB
Node 0 Inactive(anon):      472 kB
Node 0 Active(file):      45868 kB
Node 0 Inactive(file):    21664 kB
Node 0 Unevictable:       17948 kB
Node 0 Mlocked:           17948 kB
Node 0 Dirty:                32 kB
Node 0 Writeback:             0 kB
Node 0 FilePages:         75812 kB
Node 0 Mapped:            24752 kB
Node 0 AnonPages:         23180 kB
Node 0 Shmem:               664 kB
Node 0 KernelStack:        2264 kB
Node 0 PageTables:          612 kB
Node 0 NFS_Unstable:          0 kB
Node 0 Bounce:                0 kB
Node 0 WritebackTmp:          0 kB
Node 0 KReclaimable:      18496 kB
Node 0 Slab:              54500 kB
Node 0 SReclaimable:      18496 kB
Node 0 SUnreclaim:        36004 kB
Node 0 AnonHugePages:         0 kB
Node 0 ShmemHugePages:        0 kB
Node 0 ShmemPmdMapped:        0 kB
Node 0 FileHugePages:        0 kB
Node 0 FilePmdMapped:        0 kB
Node 0 HugePages_Total:     0
Node 0 HugePages_Free:      0
Node 0 HugePages_Surp:      0

Node 1 MemTotal:       24661580 kB
Node 1 MemFree:        24394180 kB
Node 1 MemUsed:          267400 kB
Node 1 Active:            38716 kB
Node 1 Inactive:          92828 kB
Node 1 Active(anon):      21592 kB
Node 1 Inactive(anon):      416 kB
Node 1 Active(file):      17124 kB
Node 1 Inactive(file):    92412 kB
Node 1 Unevictable:         576 kB
Node 1 Mlocked:             576 kB
Node 1 Dirty:               384 kB
Node 1 Writeback:             0 kB
Node 1 FilePages:        110716 kB
Node 1 Mapped:            33272 kB
Node 1 AnonPages:         21624 kB
Node 1 Shmem:               604 kB
Node 1 KernelStack:        1560 kB
Node 1 PageTables:          752 kB
Node 1 NFS_Unstable:          0 kB
Node 1 Bounce:                0 kB
Node 1 WritebackTmp:          0 kB
Node 1 KReclaimable:      24012 kB
Node 1 Slab:              51956 kB
Node 1 SReclaimable:      24012 kB
Node 1 SUnreclaim:        27944 kB
Node 1 AnonHugePages:         0 kB
Node 1 ShmemHugePages:        0 kB
Node 1 ShmemPmdMapped:        0 kB
Node 1 FileHugePages:        0 kB
Node 1 FilePmdMapped:        0 kB
Node 1 HugePages_Total:     0
Node 1 HugePages_Free:      0
Node 1 HugePages_Surp:      0

Load ZFS
Node 0 MemTotal:       24768360 kB
Node 0 MemFree:        24288300 kB
Node 0 MemUsed:          480060 kB
Node 0 Active:            71208 kB
Node 0 Inactive:         105420 kB
Node 0 Active(anon):      24000 kB
Node 0 Inactive(anon):      492 kB
Node 0 Active(file):      47208 kB
Node 0 Inactive(file):   104928 kB
Node 0 Unevictable:       18164 kB
Node 0 Mlocked:           18164 kB
Node 0 Dirty:                72 kB
Node 0 Writeback:             0 kB
Node 0 FilePages:        160416 kB
Node 0 Mapped:            27016 kB
Node 0 AnonPages:         34096 kB
Node 0 Shmem:               664 kB
Node 0 KernelStack:        2616 kB
Node 0 PageTables:         1296 kB
Node 0 NFS_Unstable:          0 kB
Node 0 Bounce:                0 kB
Node 0 WritebackTmp:          0 kB
Node 0 KReclaimable:      19192 kB
Node 0 Slab:              58528 kB
Node 0 SReclaimable:      19192 kB
Node 0 SUnreclaim:        39336 kB
Node 0 AnonHugePages:         0 kB
Node 0 ShmemHugePages:        0 kB
Node 0 ShmemPmdMapped:        0 kB
Node 0 FileHugePages:        0 kB
Node 0 FilePmdMapped:        0 kB
Node 0 HugePages_Total:     0
Node 0 HugePages_Free:      0
Node 0 HugePages_Surp:      0

Node 1 MemTotal:       24661580 kB
Node 1 MemFree:        24359492 kB
Node 1 MemUsed:          302088 kB
Node 1 Active:            51448 kB
Node 1 Inactive:         112860 kB
Node 1 Active(anon):      33144 kB
Node 1 Inactive(anon):      452 kB
Node 1 Active(file):      18304 kB
Node 1 Inactive(file):   112408 kB
Node 1 Unevictable:         576 kB
Node 1 Mlocked:             576 kB
Node 1 Dirty:               512 kB
Node 1 Writeback:             0 kB
Node 1 FilePages:        131900 kB
Node 1 Mapped:            34868 kB
Node 1 AnonPages:         32848 kB
Node 1 Shmem:               604 kB
Node 1 KernelStack:        1576 kB
Node 1 PageTables:         1080 kB
Node 1 NFS_Unstable:          0 kB
Node 1 Bounce:                0 kB
Node 1 WritebackTmp:          0 kB
Node 1 KReclaimable:      24880 kB
Node 1 Slab:              54604 kB
Node 1 SReclaimable:      24880 kB
Node 1 SUnreclaim:        29724 kB
Node 1 AnonHugePages:         0 kB
Node 1 ShmemHugePages:        0 kB
Node 1 ShmemPmdMapped:        0 kB
Node 1 FileHugePages:        0 kB
Node 1 FilePmdMapped:        0 kB
Node 1 HugePages_Total:     0
Node 1 HugePages_Free:      0
Node 1 HugePages_Surp:      0

Import tank ZPool
Node 0 MemTotal:       24768360 kB
Node 0 MemFree:        24281940 kB
Node 0 MemUsed:          486420 kB
Node 0 Active:            71264 kB
Node 0 Inactive:         106616 kB
Node 0 Active(anon):      23636 kB
Node 0 Inactive(anon):      500 kB
Node 0 Active(file):      47628 kB
Node 0 Inactive(file):   106116 kB
Node 0 Unevictable:       18180 kB
Node 0 Mlocked:           18180 kB
Node 0 Dirty:                88 kB
Node 0 Writeback:             0 kB
Node 0 FilePages:        162052 kB
Node 0 Mapped:            26944 kB
Node 0 AnonPages:         34116 kB
Node 0 Shmem:               668 kB
Node 0 KernelStack:        2696 kB
Node 0 PageTables:         1760 kB
Node 0 NFS_Unstable:          0 kB
Node 0 Bounce:                0 kB
Node 0 WritebackTmp:          0 kB
Node 0 KReclaimable:      19360 kB
Node 0 Slab:              63464 kB
Node 0 SReclaimable:      19360 kB
Node 0 SUnreclaim:        44104 kB
Node 0 AnonHugePages:         0 kB
Node 0 ShmemHugePages:        0 kB
Node 0 ShmemPmdMapped:        0 kB
Node 0 FileHugePages:        0 kB
Node 0 FilePmdMapped:        0 kB
Node 0 HugePages_Total:     0
Node 0 HugePages_Free:      0
Node 0 HugePages_Surp:      0

Node 1 MemTotal:       24661580 kB
Node 1 MemFree:        24345532 kB
Node 1 MemUsed:          316048 kB
Node 1 Active:            51444 kB
Node 1 Inactive:         112856 kB
Node 1 Active(anon):      33140 kB
Node 1 Inactive(anon):      448 kB
Node 1 Active(file):      18304 kB
Node 1 Inactive(file):   112408 kB
Node 1 Unevictable:         576 kB
Node 1 Mlocked:             576 kB
Node 1 Dirty:               460 kB
Node 1 Writeback:             0 kB
Node 1 FilePages:        131912 kB
Node 1 Mapped:            34904 kB
Node 1 AnonPages:         32988 kB
Node 1 Shmem:               600 kB
Node 1 KernelStack:        2600 kB
Node 1 PageTables:         1080 kB
Node 1 NFS_Unstable:          0 kB
Node 1 Bounce:                0 kB
Node 1 WritebackTmp:          0 kB
Node 1 KReclaimable:      24880 kB
Node 1 Slab:              56568 kB
Node 1 SReclaimable:      24880 kB
Node 1 SUnreclaim:        31688 kB
Node 1 AnonHugePages:         0 kB
Node 1 ShmemHugePages:        0 kB
Node 1 ShmemPmdMapped:        0 kB
Node 1 FileHugePages:        0 kB
Node 1 FilePmdMapped:        0 kB
Node 1 HugePages_Total:     0
Node 1 HugePages_Free:      0
Node 1 HugePages_Surp:      0

After Test
Node 0 MemTotal:       24768360 kB
Node 0 MemFree:        14837608 kB
Node 0 MemUsed:         9930752 kB
Node 0 Active:            62208 kB
Node 0 Inactive:         605988 kB
Node 0 Active(anon):      13436 kB
Node 0 Inactive(anon):      492 kB
Node 0 Active(file):      48772 kB
Node 0 Inactive(file):   605496 kB
Node 0 Unevictable:       18180 kB
Node 0 Mlocked:           18180 kB
Node 0 Dirty:                 4 kB
Node 0 Writeback:             0 kB
Node 0 FilePages:        662592 kB
Node 0 Mapped:            24756 kB
Node 0 AnonPages:         23720 kB
Node 0 Shmem:               664 kB
Node 0 KernelStack:        2184 kB
Node 0 PageTables:          632 kB
Node 0 NFS_Unstable:          0 kB
Node 0 Bounce:                0 kB
Node 0 WritebackTmp:          0 kB
Node 0 KReclaimable:      20752 kB
Node 0 Slab:              97876 kB
Node 0 SReclaimable:      20752 kB
Node 0 SUnreclaim:        77124 kB
Node 0 AnonHugePages:         0 kB
Node 0 ShmemHugePages:        0 kB
Node 0 ShmemPmdMapped:        0 kB
Node 0 FileHugePages:        0 kB
Node 0 FilePmdMapped:        0 kB
Node 0 HugePages_Total:     0
Node 0 HugePages_Free:      0
Node 0 HugePages_Surp:      0

Node 1 MemTotal:       24661580 kB
Node 1 MemFree:        24070176 kB
Node 1 MemUsed:          591404 kB
Node 1 Active:            39140 kB
Node 1 Inactive:         112416 kB
Node 1 Active(anon):      20232 kB
Node 1 Inactive(anon):      448 kB
Node 1 Active(file):      18908 kB
Node 1 Inactive(file):   111968 kB
Node 1 Unevictable:         576 kB
Node 1 Mlocked:             576 kB
Node 1 Dirty:                 0 kB
Node 1 Writeback:             0 kB
Node 1 FilePages:        132056 kB
Node 1 Mapped:            33192 kB
Node 1 AnonPages:         20076 kB
Node 1 Shmem:               604 kB
Node 1 KernelStack:        2456 kB
Node 1 PageTables:          616 kB
Node 1 NFS_Unstable:          0 kB
Node 1 Bounce:                0 kB
Node 1 WritebackTmp:          0 kB
Node 1 KReclaimable:      24960 kB
Node 1 Slab:              57880 kB
Node 1 SReclaimable:      24960 kB
Node 1 SUnreclaim:        32920 kB
Node 1 AnonHugePages:         0 kB
Node 1 ShmemHugePages:        0 kB
Node 1 ShmemPmdMapped:        0 kB
Node 1 FileHugePages:        0 kB
Node 1 FilePmdMapped:        0 kB
Node 1 HugePages_Total:     0
Node 1 HugePages_Free:      0
Node 1 HugePages_Surp:      0

After Opposite Node
Node 0 MemTotal:       24768360 kB
Node 0 MemFree:        14840872 kB
Node 0 MemUsed:         9927488 kB
Node 0 Active:            62132 kB
Node 0 Inactive:         605740 kB
Node 0 Active(anon):      13056 kB
Node 0 Inactive(anon):      492 kB
Node 0 Active(file):      49076 kB
Node 0 Inactive(file):   605248 kB
Node 0 Unevictable:       18180 kB
Node 0 Mlocked:           18180 kB
Node 0 Dirty:                56 kB
Node 0 Writeback:             0 kB
Node 0 FilePages:        662604 kB
Node 0 Mapped:            24704 kB
Node 0 AnonPages:         23464 kB
Node 0 Shmem:               664 kB
Node 0 KernelStack:        2184 kB
Node 0 PageTables:          476 kB
Node 0 NFS_Unstable:          0 kB
Node 0 Bounce:                0 kB
Node 0 WritebackTmp:          0 kB
Node 0 KReclaimable:      20752 kB
Node 0 Slab:              98092 kB
Node 0 SReclaimable:      20752 kB
Node 0 SUnreclaim:        77340 kB
Node 0 AnonHugePages:         0 kB
Node 0 ShmemHugePages:        0 kB
Node 0 ShmemPmdMapped:        0 kB
Node 0 FileHugePages:        0 kB
Node 0 FilePmdMapped:        0 kB
Node 0 HugePages_Total:     0
Node 0 HugePages_Free:      0
Node 0 HugePages_Surp:      0

Node 1 MemTotal:       24661580 kB
Node 1 MemFree:        24070676 kB
Node 1 MemUsed:          590904 kB
Node 1 Active:            39588 kB
Node 1 Inactive:         112420 kB
Node 1 Active(anon):      20676 kB
Node 1 Inactive(anon):      448 kB
Node 1 Active(file):      18912 kB
Node 1 Inactive(file):   111972 kB
Node 1 Unevictable:         576 kB
Node 1 Mlocked:             576 kB
Node 1 Dirty:                24 kB
Node 1 Writeback:             0 kB
Node 1 FilePages:        132072 kB
Node 1 Mapped:            33200 kB
Node 1 AnonPages:         20332 kB
Node 1 Shmem:               604 kB
Node 1 KernelStack:        2456 kB
Node 1 PageTables:          768 kB
Node 1 NFS_Unstable:          0 kB
Node 1 Bounce:                0 kB
Node 1 WritebackTmp:          0 kB
Node 1 KReclaimable:      24996 kB
Node 1 Slab:              57900 kB
Node 1 SReclaimable:      24996 kB
Node 1 SUnreclaim:        32904 kB
Node 1 AnonHugePages:         0 kB
Node 1 ShmemHugePages:        0 kB
Node 1 ShmemPmdMapped:        0 kB
Node 1 FileHugePages:        0 kB
Node 1 FilePmdMapped:        0 kB
Node 1 HugePages_Total:     0
Node 1 HugePages_Free:      0
Node 1 HugePages_Surp:      0

B.0.512M-simpleread.8G.3.O.1M Complete!
