kernel.numa_balancing = 0
B.0.256M-simpleread.2-1G.3.O.1M
Begin
Node 0 MemTotal:       24743736 kB
Node 0 MemFree:        24353896 kB
Node 0 MemUsed:          389840 kB
Node 0 Active:            39560 kB
Node 0 Inactive:          66500 kB
Node 0 Active(anon):      19576 kB
Node 0 Inactive(anon):      600 kB
Node 0 Active(file):      19984 kB
Node 0 Inactive(file):    65900 kB
Node 0 Unevictable:       13364 kB
Node 0 Mlocked:           13364 kB
Node 0 Dirty:               452 kB
Node 0 Writeback:             0 kB
Node 0 FilePages:         89772 kB
Node 0 Mapped:            19832 kB
Node 0 AnonPages:         29816 kB
Node 0 Shmem:               804 kB
Node 0 KernelStack:        2072 kB
Node 0 PageTables:          580 kB
Node 0 NFS_Unstable:          0 kB
Node 0 Bounce:                0 kB
Node 0 WritebackTmp:          0 kB
Node 0 KReclaimable:      19700 kB
Node 0 Slab:              49168 kB
Node 0 SReclaimable:      19700 kB
Node 0 SUnreclaim:        29468 kB
Node 0 AnonHugePages:         0 kB
Node 0 ShmemHugePages:        0 kB
Node 0 ShmemPmdMapped:        0 kB
Node 0 FileHugePages:        0 kB
Node 0 FilePmdMapped:        0 kB
Node 0 HugePages_Total:     0
Node 0 HugePages_Free:      0
Node 0 HugePages_Surp:      0

Node 1 MemTotal:       24686196 kB
Node 1 MemFree:        24451804 kB
Node 1 MemUsed:          234392 kB
Node 1 Active:            56148 kB
Node 1 Inactive:          31300 kB
Node 1 Active(anon):      14660 kB
Node 1 Inactive(anon):      272 kB
Node 1 Active(file):      41488 kB
Node 1 Inactive(file):    31028 kB
Node 1 Unevictable:        5160 kB
Node 1 Mlocked:            5160 kB
Node 1 Dirty:                68 kB
Node 1 Writeback:             0 kB
Node 1 FilePages:         78136 kB
Node 1 Mapped:            29224 kB
Node 1 AnonPages:         14472 kB
Node 1 Shmem:               464 kB
Node 1 KernelStack:        1528 kB
Node 1 PageTables:          548 kB
Node 1 NFS_Unstable:          0 kB
Node 1 Bounce:                0 kB
Node 1 WritebackTmp:          0 kB
Node 1 KReclaimable:      22656 kB
Node 1 Slab:              59180 kB
Node 1 SReclaimable:      22656 kB
Node 1 SUnreclaim:        36524 kB
Node 1 AnonHugePages:         0 kB
Node 1 ShmemHugePages:        0 kB
Node 1 ShmemPmdMapped:        0 kB
Node 1 FileHugePages:        0 kB
Node 1 FilePmdMapped:        0 kB
Node 1 HugePages_Total:     0
Node 1 HugePages_Free:      0
Node 1 HugePages_Surp:      0

Load ZFS
Node 0 MemTotal:       24743736 kB
Node 0 MemFree:        24463828 kB
Node 0 MemUsed:          279908 kB
Node 0 Active:            54624 kB
Node 0 Inactive:          71276 kB
Node 0 Active(anon):      32768 kB
Node 0 Inactive(anon):      496 kB
Node 0 Active(file):      21856 kB
Node 0 Inactive(file):    70780 kB
Node 0 Unevictable:       13560 kB
Node 0 Mlocked:           13560 kB
Node 0 Dirty:               372 kB
Node 0 Writeback:             0 kB
Node 0 FilePages:         96368 kB
Node 0 Mapped:            22584 kB
Node 0 AnonPages:         42744 kB
Node 0 Shmem:               696 kB
Node 0 KernelStack:        2540 kB
Node 0 PageTables:         1456 kB
Node 0 NFS_Unstable:          0 kB
Node 0 Bounce:                0 kB
Node 0 WritebackTmp:          0 kB
Node 0 KReclaimable:      20396 kB
Node 0 Slab:              51484 kB
Node 0 SReclaimable:      20396 kB
Node 0 SUnreclaim:        31088 kB
Node 0 AnonHugePages:         0 kB
Node 0 ShmemHugePages:        0 kB
Node 0 ShmemPmdMapped:        0 kB
Node 0 FileHugePages:        0 kB
Node 0 FilePmdMapped:        0 kB
Node 0 HugePages_Total:     0
Node 0 HugePages_Free:      0
Node 0 HugePages_Surp:      0

Node 1 MemTotal:       24686196 kB
Node 1 MemFree:        24198904 kB
Node 1 MemUsed:          487292 kB
Node 1 Active:            70044 kB
Node 1 Inactive:         129768 kB
Node 1 Active(anon):      27884 kB
Node 1 Inactive(anon):      416 kB
Node 1 Active(file):      42160 kB
Node 1 Inactive(file):   129352 kB
Node 1 Unevictable:        5160 kB
Node 1 Mlocked:            5160 kB
Node 1 Dirty:               152 kB
Node 1 Writeback:             0 kB
Node 1 FilePages:        177536 kB
Node 1 Mapped:            30708 kB
Node 1 AnonPages:         27440 kB
Node 1 Shmem:               572 kB
Node 1 KernelStack:        1720 kB
Node 1 PageTables:         1792 kB
Node 1 NFS_Unstable:          0 kB
Node 1 Bounce:                0 kB
Node 1 WritebackTmp:          0 kB
Node 1 KReclaimable:      23632 kB
Node 1 Slab:              63252 kB
Node 1 SReclaimable:      23632 kB
Node 1 SUnreclaim:        39620 kB
Node 1 AnonHugePages:         0 kB
Node 1 ShmemHugePages:        0 kB
Node 1 ShmemPmdMapped:        0 kB
Node 1 FileHugePages:        0 kB
Node 1 FilePmdMapped:        0 kB
Node 1 HugePages_Total:     0
Node 1 HugePages_Free:      0
Node 1 HugePages_Surp:      0

Import tank ZPool
Node 0 MemTotal:       24743736 kB
Node 0 MemFree:        24445708 kB
Node 0 MemUsed:          298028 kB
Node 0 Active:            54964 kB
Node 0 Inactive:          72640 kB
Node 0 Active(anon):      32668 kB
Node 0 Inactive(anon):      500 kB
Node 0 Active(file):      22296 kB
Node 0 Inactive(file):    72140 kB
Node 0 Unevictable:       13592 kB
Node 0 Mlocked:           13592 kB
Node 0 Dirty:               316 kB
Node 0 Writeback:             0 kB
Node 0 FilePages:         98176 kB
Node 0 Mapped:            22408 kB
Node 0 AnonPages:         43168 kB
Node 0 Shmem:               684 kB
Node 0 KernelStack:        3576 kB
Node 0 PageTables:         1252 kB
Node 0 NFS_Unstable:          0 kB
Node 0 Bounce:                0 kB
Node 0 WritebackTmp:          0 kB
Node 0 KReclaimable:      20520 kB
Node 0 Slab:              57616 kB
Node 0 SReclaimable:      20520 kB
Node 0 SUnreclaim:        37096 kB
Node 0 AnonHugePages:         0 kB
Node 0 ShmemHugePages:        0 kB
Node 0 ShmemPmdMapped:        0 kB
Node 0 FileHugePages:        0 kB
Node 0 FilePmdMapped:        0 kB
Node 0 HugePages_Total:     0
Node 0 HugePages_Free:      0
Node 0 HugePages_Surp:      0

Node 1 MemTotal:       24686196 kB
Node 1 MemFree:        24200436 kB
Node 1 MemUsed:          485760 kB
Node 1 Active:            69492 kB
Node 1 Inactive:         129956 kB
Node 1 Active(anon):      27404 kB
Node 1 Inactive(anon):      448 kB
Node 1 Active(file):      42088 kB
Node 1 Inactive(file):   129508 kB
Node 1 Unevictable:        5160 kB
Node 1 Mlocked:            5160 kB
Node 1 Dirty:               200 kB
Node 1 Writeback:             0 kB
Node 1 FilePages:        177368 kB
Node 1 Mapped:            30760 kB
Node 1 AnonPages:         27268 kB
Node 1 Shmem:               584 kB
Node 1 KernelStack:        1640 kB
Node 1 PageTables:         1512 kB
Node 1 NFS_Unstable:          0 kB
Node 1 Bounce:                0 kB
Node 1 WritebackTmp:          0 kB
Node 1 KReclaimable:      23648 kB
Node 1 Slab:              63196 kB
Node 1 SReclaimable:      23648 kB
Node 1 SUnreclaim:        39548 kB
Node 1 AnonHugePages:         0 kB
Node 1 ShmemHugePages:        0 kB
Node 1 ShmemPmdMapped:        0 kB
Node 1 FileHugePages:        0 kB
Node 1 FilePmdMapped:        0 kB
Node 1 HugePages_Total:     0
Node 1 HugePages_Free:      0
Node 1 HugePages_Surp:      0

After Test
Node 0 MemTotal:       24743736 kB
Node 0 MemFree:        22852772 kB
Node 0 MemUsed:         1890964 kB
Node 0 Active:            43116 kB
Node 0 Inactive:         321728 kB
Node 0 Active(anon):      19412 kB
Node 0 Inactive(anon):      504 kB
Node 0 Active(file):      23704 kB
Node 0 Inactive(file):   321224 kB
Node 0 Unevictable:       13592 kB
Node 0 Mlocked:           13592 kB
Node 0 Dirty:               276 kB
Node 0 Writeback:             0 kB
Node 0 FilePages:        348652 kB
Node 0 Mapped:            19864 kB
Node 0 AnonPages:         29496 kB
Node 0 Shmem:               688 kB
Node 0 KernelStack:        3272 kB
Node 0 PageTables:          608 kB
Node 0 NFS_Unstable:          0 kB
Node 0 Bounce:                0 kB
Node 0 WritebackTmp:          0 kB
Node 0 KReclaimable:      21140 kB
Node 0 Slab:              66200 kB
Node 0 SReclaimable:      21140 kB
Node 0 SUnreclaim:        45060 kB
Node 0 AnonHugePages:         0 kB
Node 0 ShmemHugePages:        0 kB
Node 0 ShmemPmdMapped:        0 kB
Node 0 FileHugePages:        0 kB
Node 0 FilePmdMapped:        0 kB
Node 0 HugePages_Total:     0
Node 0 HugePages_Free:      0
Node 0 HugePages_Surp:      0

Node 1 MemTotal:       24686196 kB
Node 1 MemFree:        23697844 kB
Node 1 MemUsed:          988352 kB
Node 1 Active:            56892 kB
Node 1 Inactive:         129736 kB
Node 1 Active(anon):      14564 kB
Node 1 Inactive(anon):      436 kB
Node 1 Active(file):      42328 kB
Node 1 Inactive(file):   129300 kB
Node 1 Unevictable:        5160 kB
Node 1 Mlocked:            5160 kB
Node 1 Dirty:               136 kB
Node 1 Writeback:             0 kB
Node 1 FilePages:        177380 kB
Node 1 Mapped:            29244 kB
Node 1 AnonPages:         14432 kB
Node 1 Shmem:               580 kB
Node 1 KernelStack:        1320 kB
Node 1 PageTables:          548 kB
Node 1 NFS_Unstable:          0 kB
Node 1 Bounce:                0 kB
Node 1 WritebackTmp:          0 kB
Node 1 KReclaimable:      23776 kB
Node 1 Slab:              65052 kB
Node 1 SReclaimable:      23776 kB
Node 1 SUnreclaim:        41276 kB
Node 1 AnonHugePages:         0 kB
Node 1 ShmemHugePages:        0 kB
Node 1 ShmemPmdMapped:        0 kB
Node 1 FileHugePages:        0 kB
Node 1 FilePmdMapped:        0 kB
Node 1 HugePages_Total:     0
Node 1 HugePages_Free:      0
Node 1 HugePages_Surp:      0

After Opposite Node
Node 0 MemTotal:       24743736 kB
Node 0 MemFree:        22854228 kB
Node 0 MemUsed:         1889508 kB
Node 0 Active:            42980 kB
Node 0 Inactive:         321484 kB
Node 0 Active(anon):      19020 kB
Node 0 Inactive(anon):      504 kB
Node 0 Active(file):      23960 kB
Node 0 Inactive(file):   320980 kB
Node 0 Unevictable:       13592 kB
Node 0 Mlocked:           13592 kB
Node 0 Dirty:                40 kB
Node 0 Writeback:             0 kB
Node 0 FilePages:        348664 kB
Node 0 Mapped:            19940 kB
Node 0 AnonPages:         29412 kB
Node 0 Shmem:               688 kB
Node 0 KernelStack:        3256 kB
Node 0 PageTables:          504 kB
Node 0 NFS_Unstable:          0 kB
Node 0 Bounce:                0 kB
Node 0 WritebackTmp:          0 kB
Node 0 KReclaimable:      21140 kB
Node 0 Slab:              66284 kB
Node 0 SReclaimable:      21140 kB
Node 0 SUnreclaim:        45144 kB
Node 0 AnonHugePages:         0 kB
Node 0 ShmemHugePages:        0 kB
Node 0 ShmemPmdMapped:        0 kB
Node 0 FileHugePages:        0 kB
Node 0 FilePmdMapped:        0 kB
Node 0 HugePages_Total:     0
Node 0 HugePages_Free:      0
Node 0 HugePages_Surp:      0

Node 1 MemTotal:       24686196 kB
Node 1 MemFree:        23697220 kB
Node 1 MemUsed:          988976 kB
Node 1 Active:            57328 kB
Node 1 Inactive:         129740 kB
Node 1 Active(anon):      14980 kB
Node 1 Inactive(anon):      436 kB
Node 1 Active(file):      42348 kB
Node 1 Inactive(file):   129304 kB
Node 1 Unevictable:        5160 kB
Node 1 Mlocked:            5160 kB
Node 1 Dirty:                24 kB
Node 1 Writeback:             0 kB
Node 1 FilePages:        177388 kB
Node 1 Mapped:            29260 kB
Node 1 AnonPages:         14960 kB
Node 1 Shmem:               580 kB
Node 1 KernelStack:        1336 kB
Node 1 PageTables:          652 kB
Node 1 NFS_Unstable:          0 kB
Node 1 Bounce:                0 kB
Node 1 WritebackTmp:          0 kB
Node 1 KReclaimable:      23844 kB
Node 1 Slab:              65208 kB
Node 1 SReclaimable:      23844 kB
Node 1 SUnreclaim:        41364 kB
Node 1 AnonHugePages:         0 kB
Node 1 ShmemHugePages:        0 kB
Node 1 ShmemPmdMapped:        0 kB
Node 1 FileHugePages:        0 kB
Node 1 FilePmdMapped:        0 kB
Node 1 HugePages_Total:     0
Node 1 HugePages_Free:      0
Node 1 HugePages_Surp:      0

B.0.256M-simpleread.2-1G.3.O.1M Complete!
