kernel.numa_balancing = 0
B.0.16M-simpleread.2-1G.3.O.1M
Begin
Node 0 MemTotal:       24743736 kB
Node 0 MemFree:        24506392 kB
Node 0 MemUsed:          237344 kB
Node 0 Active:            36184 kB
Node 0 Inactive:          51624 kB
Node 0 Active(anon):      14104 kB
Node 0 Inactive(anon):      440 kB
Node 0 Active(file):      22080 kB
Node 0 Inactive(file):    51184 kB
Node 0 Unevictable:         892 kB
Node 0 Mlocked:             892 kB
Node 0 Dirty:                56 kB
Node 0 Writeback:             0 kB
Node 0 FilePages:         74884 kB
Node 0 Mapped:            20724 kB
Node 0 AnonPages:         13828 kB
Node 0 Shmem:               728 kB
Node 0 KernelStack:        1928 kB
Node 0 PageTables:          504 kB
Node 0 NFS_Unstable:          0 kB
Node 0 Bounce:                0 kB
Node 0 WritebackTmp:          0 kB
Node 0 KReclaimable:      22052 kB
Node 0 Slab:              60636 kB
Node 0 SReclaimable:      22052 kB
Node 0 SUnreclaim:        38584 kB
Node 0 AnonHugePages:         0 kB
Node 0 ShmemHugePages:        0 kB
Node 0 ShmemPmdMapped:        0 kB
Node 0 FileHugePages:        0 kB
Node 0 FilePmdMapped:        0 kB
Node 0 HugePages_Total:     0
Node 0 HugePages_Free:      0
Node 0 HugePages_Surp:      0

Node 1 MemTotal:       24686196 kB
Node 1 MemFree:        24310800 kB
Node 1 MemUsed:          375396 kB
Node 1 Active:            60060 kB
Node 1 Inactive:          38308 kB
Node 1 Active(anon):      19856 kB
Node 1 Inactive(anon):      424 kB
Node 1 Active(file):      40204 kB
Node 1 Inactive(file):    37884 kB
Node 1 Unevictable:       17628 kB
Node 1 Mlocked:           17628 kB
Node 1 Dirty:               364 kB
Node 1 Writeback:             0 kB
Node 1 FilePages:         85988 kB
Node 1 Mapped:            22388 kB
Node 1 AnonPages:         30064 kB
Node 1 Shmem:               540 kB
Node 1 KernelStack:        1688 kB
Node 1 PageTables:          504 kB
Node 1 NFS_Unstable:          0 kB
Node 1 Bounce:                0 kB
Node 1 WritebackTmp:          0 kB
Node 1 KReclaimable:      19764 kB
Node 1 Slab:              45756 kB
Node 1 SReclaimable:      19764 kB
Node 1 SUnreclaim:        25992 kB
Node 1 AnonHugePages:         0 kB
Node 1 ShmemHugePages:        0 kB
Node 1 ShmemPmdMapped:        0 kB
Node 1 FileHugePages:        0 kB
Node 1 FilePmdMapped:        0 kB
Node 1 HugePages_Total:     0
Node 1 HugePages_Free:      0
Node 1 HugePages_Surp:      0

Load ZFS
Node 0 MemTotal:       24743736 kB
Node 0 MemFree:        24461708 kB
Node 0 MemUsed:          282028 kB
Node 0 Active:            53800 kB
Node 0 Inactive:          71448 kB
Node 0 Active(anon):      30640 kB
Node 0 Inactive(anon):      496 kB
Node 0 Active(file):      23160 kB
Node 0 Inactive(file):    70952 kB
Node 0 Unevictable:         892 kB
Node 0 Mlocked:             892 kB
Node 0 Dirty:               340 kB
Node 0 Writeback:             0 kB
Node 0 FilePages:         95680 kB
Node 0 Mapped:            22224 kB
Node 0 AnonPages:         30256 kB
Node 0 Shmem:               676 kB
Node 0 KernelStack:        2412 kB
Node 0 PageTables:         1948 kB
Node 0 NFS_Unstable:          0 kB
Node 0 Bounce:                0 kB
Node 0 WritebackTmp:          0 kB
Node 0 KReclaimable:      23040 kB
Node 0 Slab:              64420 kB
Node 0 SReclaimable:      23040 kB
Node 0 SUnreclaim:        41380 kB
Node 0 AnonHugePages:         0 kB
Node 0 ShmemHugePages:        0 kB
Node 0 ShmemPmdMapped:        0 kB
Node 0 FileHugePages:        0 kB
Node 0 FilePmdMapped:        0 kB
Node 0 HugePages_Total:     0
Node 0 HugePages_Free:      0
Node 0 HugePages_Surp:      0

Node 1 MemTotal:       24686196 kB
Node 1 MemFree:        24214452 kB
Node 1 MemUsed:          471744 kB
Node 1 Active:            67584 kB
Node 1 Inactive:         121828 kB
Node 1 Active(anon):      25868 kB
Node 1 Inactive(anon):      448 kB
Node 1 Active(file):      41716 kB
Node 1 Inactive(file):   121380 kB
Node 1 Unevictable:       17844 kB
Node 1 Mlocked:           17844 kB
Node 1 Dirty:               168 kB
Node 1 Writeback:             0 kB
Node 1 FilePages:        170988 kB
Node 1 Mapped:            24752 kB
Node 1 AnonPages:         35688 kB
Node 1 Shmem:               592 kB
Node 1 KernelStack:        1904 kB
Node 1 PageTables:         1172 kB
Node 1 NFS_Unstable:          0 kB
Node 1 Bounce:                0 kB
Node 1 WritebackTmp:          0 kB
Node 1 KReclaimable:      20712 kB
Node 1 Slab:              50212 kB
Node 1 SReclaimable:      20712 kB
Node 1 SUnreclaim:        29500 kB
Node 1 AnonHugePages:         0 kB
Node 1 ShmemHugePages:        0 kB
Node 1 ShmemPmdMapped:        0 kB
Node 1 FileHugePages:        0 kB
Node 1 FilePmdMapped:        0 kB
Node 1 HugePages_Total:     0
Node 1 HugePages_Free:      0
Node 1 HugePages_Surp:      0

Import tank ZPool
Node 0 MemTotal:       24743736 kB
Node 0 MemFree:        24448904 kB
Node 0 MemUsed:          294832 kB
Node 0 Active:            53544 kB
Node 0 Inactive:          71448 kB
Node 0 Active(anon):      30384 kB
Node 0 Inactive(anon):      496 kB
Node 0 Active(file):      23160 kB
Node 0 Inactive(file):    70952 kB
Node 0 Unevictable:         892 kB
Node 0 Mlocked:             892 kB
Node 0 Dirty:               352 kB
Node 0 Writeback:             0 kB
Node 0 FilePages:         95676 kB
Node 0 Mapped:            22036 kB
Node 0 AnonPages:         30208 kB
Node 0 Shmem:               672 kB
Node 0 KernelStack:        3400 kB
Node 0 PageTables:         1856 kB
Node 0 NFS_Unstable:          0 kB
Node 0 Bounce:                0 kB
Node 0 WritebackTmp:          0 kB
Node 0 KReclaimable:      23040 kB
Node 0 Slab:              66480 kB
Node 0 SReclaimable:      23040 kB
Node 0 SUnreclaim:        43440 kB
Node 0 AnonHugePages:         0 kB
Node 0 ShmemHugePages:        0 kB
Node 0 ShmemPmdMapped:        0 kB
Node 0 FileHugePages:        0 kB
Node 0 FilePmdMapped:        0 kB
Node 0 HugePages_Total:     0
Node 0 HugePages_Free:      0
Node 0 HugePages_Surp:      0

Node 1 MemTotal:       24686196 kB
Node 1 MemFree:        24209492 kB
Node 1 MemUsed:          476704 kB
Node 1 Active:            67744 kB
Node 1 Inactive:         123060 kB
Node 1 Active(anon):      25560 kB
Node 1 Inactive(anon):      452 kB
Node 1 Active(file):      42184 kB
Node 1 Inactive(file):   122608 kB
Node 1 Unevictable:       17860 kB
Node 1 Mlocked:           17860 kB
Node 1 Dirty:               108 kB
Node 1 Writeback:             0 kB
Node 1 FilePages:        172704 kB
Node 1 Mapped:            24700 kB
Node 1 AnonPages:         36008 kB
Node 1 Shmem:               596 kB
Node 1 KernelStack:        1848 kB
Node 1 PageTables:          744 kB
Node 1 NFS_Unstable:          0 kB
Node 1 Bounce:                0 kB
Node 1 WritebackTmp:          0 kB
Node 1 KReclaimable:      20820 kB
Node 1 Slab:              55004 kB
Node 1 SReclaimable:      20820 kB
Node 1 SUnreclaim:        34184 kB
Node 1 AnonHugePages:         0 kB
Node 1 ShmemHugePages:        0 kB
Node 1 ShmemPmdMapped:        0 kB
Node 1 FileHugePages:        0 kB
Node 1 FilePmdMapped:        0 kB
Node 1 HugePages_Total:     0
Node 1 HugePages_Free:      0
Node 1 HugePages_Surp:      0

After Test
Node 0 MemTotal:       24743736 kB
Node 0 MemFree:        22766804 kB
Node 0 MemUsed:         1976932 kB
Node 0 Active:            37364 kB
Node 0 Inactive:          86780 kB
Node 0 Active(anon):      13484 kB
Node 0 Inactive(anon):      488 kB
Node 0 Active(file):      23880 kB
Node 0 Inactive(file):    86292 kB
Node 0 Unevictable:         892 kB
Node 0 Mlocked:             892 kB
Node 0 Dirty:               292 kB
Node 0 Writeback:             0 kB
Node 0 FilePages:        111736 kB
Node 0 Mapped:            20696 kB
Node 0 AnonPages:         13376 kB
Node 0 Shmem:               672 kB
Node 0 KernelStack:        2952 kB
Node 0 PageTables:          532 kB
Node 0 NFS_Unstable:          0 kB
Node 0 Bounce:                0 kB
Node 0 WritebackTmp:          0 kB
Node 0 KReclaimable:      23112 kB
Node 0 Slab:              75488 kB
Node 0 SReclaimable:      23112 kB
Node 0 SUnreclaim:        52376 kB
Node 0 AnonHugePages:         0 kB
Node 0 ShmemHugePages:        0 kB
Node 0 ShmemPmdMapped:        0 kB
Node 0 FileHugePages:        0 kB
Node 0 FilePmdMapped:        0 kB
Node 0 HugePages_Total:     0
Node 0 HugePages_Free:      0
Node 0 HugePages_Surp:      0

Node 1 MemTotal:       24686196 kB
Node 1 MemFree:        24021532 kB
Node 1 MemUsed:          664664 kB
Node 1 Active:            62732 kB
Node 1 Inactive:         122484 kB
Node 1 Active(anon):      19924 kB
Node 1 Inactive(anon):      452 kB
Node 1 Active(file):      42808 kB
Node 1 Inactive(file):   122032 kB
Node 1 Unevictable:       17860 kB
Node 1 Mlocked:           17860 kB
Node 1 Dirty:                60 kB
Node 1 Writeback:             0 kB
Node 1 FilePages:        172752 kB
Node 1 Mapped:            22372 kB
Node 1 AnonPages:         30336 kB
Node 1 Shmem:               596 kB
Node 1 KernelStack:        1784 kB
Node 1 PageTables:          524 kB
Node 1 NFS_Unstable:          0 kB
Node 1 Bounce:                0 kB
Node 1 WritebackTmp:          0 kB
Node 1 KReclaimable:      20836 kB
Node 1 Slab:              55744 kB
Node 1 SReclaimable:      20836 kB
Node 1 SUnreclaim:        34908 kB
Node 1 AnonHugePages:         0 kB
Node 1 ShmemHugePages:        0 kB
Node 1 ShmemPmdMapped:        0 kB
Node 1 FileHugePages:        0 kB
Node 1 FilePmdMapped:        0 kB
Node 1 HugePages_Total:     0
Node 1 HugePages_Free:      0
Node 1 HugePages_Surp:      0

After Opposite Node
Node 0 MemTotal:       24743736 kB
Node 0 MemFree:        22762476 kB
Node 0 MemUsed:         1981260 kB
Node 0 Active:            37208 kB
Node 0 Inactive:          86784 kB
Node 0 Active(anon):      13320 kB
Node 0 Inactive(anon):      488 kB
Node 0 Active(file):      23888 kB
Node 0 Inactive(file):    86296 kB
Node 0 Unevictable:         892 kB
Node 0 Mlocked:             892 kB
Node 0 Dirty:               300 kB
Node 0 Writeback:             0 kB
Node 0 FilePages:        111748 kB
Node 0 Mapped:            20696 kB
Node 0 AnonPages:         13156 kB
Node 0 Shmem:               672 kB
Node 0 KernelStack:        2936 kB
Node 0 PageTables:          480 kB
Node 0 NFS_Unstable:          0 kB
Node 0 Bounce:                0 kB
Node 0 WritebackTmp:          0 kB
Node 0 KReclaimable:      23112 kB
Node 0 Slab:              75672 kB
Node 0 SReclaimable:      23112 kB
Node 0 SUnreclaim:        52560 kB
Node 0 AnonHugePages:         0 kB
Node 0 ShmemHugePages:        0 kB
Node 0 ShmemPmdMapped:        0 kB
Node 0 FileHugePages:        0 kB
Node 0 FilePmdMapped:        0 kB
Node 0 HugePages_Total:     0
Node 0 HugePages_Free:      0
Node 0 HugePages_Surp:      0

Node 1 MemTotal:       24686196 kB
Node 1 MemFree:        24022124 kB
Node 1 MemUsed:          664072 kB
Node 1 Active:            63476 kB
Node 1 Inactive:         122212 kB
Node 1 Active(anon):      20364 kB
Node 1 Inactive(anon):      452 kB
Node 1 Active(file):      43112 kB
Node 1 Inactive(file):   121760 kB
Node 1 Unevictable:       17860 kB
Node 1 Mlocked:           17860 kB
Node 1 Dirty:                68 kB
Node 1 Writeback:             0 kB
Node 1 FilePages:        172768 kB
Node 1 Mapped:            22456 kB
Node 1 AnonPages:         30556 kB
Node 1 Shmem:               596 kB
Node 1 KernelStack:        1768 kB
Node 1 PageTables:          584 kB
Node 1 NFS_Unstable:          0 kB
Node 1 Bounce:                0 kB
Node 1 WritebackTmp:          0 kB
Node 1 KReclaimable:      20836 kB
Node 1 Slab:              55776 kB
Node 1 SReclaimable:      20836 kB
Node 1 SUnreclaim:        34940 kB
Node 1 AnonHugePages:         0 kB
Node 1 ShmemHugePages:        0 kB
Node 1 ShmemPmdMapped:        0 kB
Node 1 FileHugePages:        0 kB
Node 1 FilePmdMapped:        0 kB
Node 1 HugePages_Total:     0
Node 1 HugePages_Free:      0
Node 1 HugePages_Surp:      0

B.0.16M-simpleread.2-1G.3.O.1M Complete!
