kernel.numa_balancing = 0
B.0.2M-simpleread.2-1G.3.O.1M
Begin
Node 0 MemTotal:       24768352 kB
Node 0 MemFree:        24353072 kB
Node 0 MemUsed:          415280 kB
Node 0 Active:            57928 kB
Node 0 Inactive:          59072 kB
Node 0 Active(anon):      14928 kB
Node 0 Inactive(anon):      588 kB
Node 0 Active(file):      43000 kB
Node 0 Inactive(file):    58484 kB
Node 0 Unevictable:       16936 kB
Node 0 Mlocked:           16936 kB
Node 0 Dirty:               384 kB
Node 0 Writeback:             0 kB
Node 0 FilePages:        108912 kB
Node 0 Mapped:            25592 kB
Node 0 AnonPages:         25132 kB
Node 0 Shmem:               768 kB
Node 0 KernelStack:        1864 kB
Node 0 PageTables:          588 kB
Node 0 NFS_Unstable:          0 kB
Node 0 Bounce:                0 kB
Node 0 WritebackTmp:          0 kB
Node 0 KReclaimable:      23972 kB
Node 0 Slab:              63412 kB
Node 0 SReclaimable:      23972 kB
Node 0 SUnreclaim:        39440 kB
Node 0 AnonHugePages:         0 kB
Node 0 ShmemHugePages:        0 kB
Node 0 ShmemPmdMapped:        0 kB
Node 0 FileHugePages:        0 kB
Node 0 FilePmdMapped:        0 kB
Node 0 HugePages_Total:     0
Node 0 HugePages_Free:      0
Node 0 HugePages_Surp:      0

Node 1 MemTotal:       24661580 kB
Node 1 MemFree:        24439644 kB
Node 1 MemUsed:          221936 kB
Node 1 Active:            38564 kB
Node 1 Inactive:          55704 kB
Node 1 Active(anon):      18968 kB
Node 1 Inactive(anon):      296 kB
Node 1 Active(file):      19596 kB
Node 1 Inactive(file):    55408 kB
Node 1 Unevictable:        1584 kB
Node 1 Mlocked:            1584 kB
Node 1 Dirty:               164 kB
Node 1 Writeback:             0 kB
Node 1 FilePages:         77100 kB
Node 1 Mapped:            36212 kB
Node 1 AnonPages:         18820 kB
Node 1 Shmem:               500 kB
Node 1 KernelStack:        1768 kB
Node 1 PageTables:          556 kB
Node 1 NFS_Unstable:          0 kB
Node 1 Bounce:                0 kB
Node 1 WritebackTmp:          0 kB
Node 1 KReclaimable:      18316 kB
Node 1 Slab:              42636 kB
Node 1 SReclaimable:      18316 kB
Node 1 SUnreclaim:        24320 kB
Node 1 AnonHugePages:         0 kB
Node 1 ShmemHugePages:        0 kB
Node 1 ShmemPmdMapped:        0 kB
Node 1 FileHugePages:        0 kB
Node 1 FilePmdMapped:        0 kB
Node 1 HugePages_Total:     0
Node 1 HugePages_Free:      0
Node 1 HugePages_Surp:      0

Load ZFS
Node 0 MemTotal:       24768352 kB
Node 0 MemFree:        24463856 kB
Node 0 MemUsed:          304496 kB
Node 0 Active:            74520 kB
Node 0 Inactive:          62040 kB
Node 0 Active(anon):      29704 kB
Node 0 Inactive(anon):      440 kB
Node 0 Active(file):      44816 kB
Node 0 Inactive(file):    61600 kB
Node 0 Unevictable:       17152 kB
Node 0 Mlocked:           17152 kB
Node 0 Dirty:               172 kB
Node 0 Writeback:             0 kB
Node 0 FilePages:        113684 kB
Node 0 Mapped:            28272 kB
Node 0 AnonPages:         39928 kB
Node 0 Shmem:               612 kB
Node 0 KernelStack:        2240 kB
Node 0 PageTables:         1712 kB
Node 0 NFS_Unstable:          0 kB
Node 0 Bounce:                0 kB
Node 0 WritebackTmp:          0 kB
Node 0 KReclaimable:      24500 kB
Node 0 Slab:              65416 kB
Node 0 SReclaimable:      24500 kB
Node 0 SUnreclaim:        40916 kB
Node 0 AnonHugePages:         0 kB
Node 0 ShmemHugePages:        0 kB
Node 0 ShmemPmdMapped:        0 kB
Node 0 FileHugePages:        0 kB
Node 0 FilePmdMapped:        0 kB
Node 0 HugePages_Total:     0
Node 0 HugePages_Free:      0
Node 0 HugePages_Surp:      0

Node 1 MemTotal:       24661580 kB
Node 1 MemFree:        24185728 kB
Node 1 MemUsed:          475852 kB
Node 1 Active:            50732 kB
Node 1 Inactive:         156164 kB
Node 1 Active(anon):      30316 kB
Node 1 Inactive(anon):      500 kB
Node 1 Active(file):      20416 kB
Node 1 Inactive(file):   155664 kB
Node 1 Unevictable:        1584 kB
Node 1 Mlocked:            1584 kB
Node 1 Dirty:               444 kB
Node 1 Writeback:             0 kB
Node 1 FilePages:        178316 kB
Node 1 Mapped:            37800 kB
Node 1 AnonPages:         29880 kB
Node 1 Shmem:               656 kB
Node 1 KernelStack:        2040 kB
Node 1 PageTables:         1292 kB
Node 1 NFS_Unstable:          0 kB
Node 1 Bounce:                0 kB
Node 1 WritebackTmp:          0 kB
Node 1 KReclaimable:      19308 kB
Node 1 Slab:              47068 kB
Node 1 SReclaimable:      19308 kB
Node 1 SUnreclaim:        27760 kB
Node 1 AnonHugePages:         0 kB
Node 1 ShmemHugePages:        0 kB
Node 1 ShmemPmdMapped:        0 kB
Node 1 FileHugePages:        0 kB
Node 1 FilePmdMapped:        0 kB
Node 1 HugePages_Total:     0
Node 1 HugePages_Free:      0
Node 1 HugePages_Surp:      0

Import tank ZPool
Node 0 MemTotal:       24768352 kB
Node 0 MemFree:        24465096 kB
Node 0 MemUsed:          303256 kB
Node 0 Active:            74024 kB
Node 0 Inactive:          62072 kB
Node 0 Active(anon):      29400 kB
Node 0 Inactive(anon):      444 kB
Node 0 Active(file):      44624 kB
Node 0 Inactive(file):    61628 kB
Node 0 Unevictable:       17168 kB
Node 0 Mlocked:           17168 kB
Node 0 Dirty:                72 kB
Node 0 Writeback:             0 kB
Node 0 FilePages:        113476 kB
Node 0 Mapped:            27944 kB
Node 0 AnonPages:         39788 kB
Node 0 Shmem:               612 kB
Node 0 KernelStack:        2104 kB
Node 0 PageTables:         1356 kB
Node 0 NFS_Unstable:          0 kB
Node 0 Bounce:                0 kB
Node 0 WritebackTmp:          0 kB
Node 0 KReclaimable:      24500 kB
Node 0 Slab:              66292 kB
Node 0 SReclaimable:      24500 kB
Node 0 SUnreclaim:        41792 kB
Node 0 AnonHugePages:         0 kB
Node 0 ShmemHugePages:        0 kB
Node 0 ShmemPmdMapped:        0 kB
Node 0 FileHugePages:        0 kB
Node 0 FilePmdMapped:        0 kB
Node 0 HugePages_Total:     0
Node 0 HugePages_Free:      0
Node 0 HugePages_Surp:      0

Node 1 MemTotal:       24661580 kB
Node 1 MemFree:        24165292 kB
Node 1 MemUsed:          496288 kB
Node 1 Active:            51332 kB
Node 1 Inactive:         157408 kB
Node 1 Active(anon):      30444 kB
Node 1 Inactive(anon):      504 kB
Node 1 Active(file):      20888 kB
Node 1 Inactive(file):   156904 kB
Node 1 Unevictable:        1584 kB
Node 1 Mlocked:            1584 kB
Node 1 Dirty:               500 kB
Node 1 Writeback:             0 kB
Node 1 FilePages:        180064 kB
Node 1 Mapped:            37788 kB
Node 1 AnonPages:         30072 kB
Node 1 Shmem:               656 kB
Node 1 KernelStack:        3160 kB
Node 1 PageTables:         1372 kB
Node 1 NFS_Unstable:          0 kB
Node 1 Bounce:                0 kB
Node 1 WritebackTmp:          0 kB
Node 1 KReclaimable:      19440 kB
Node 1 Slab:              53372 kB
Node 1 SReclaimable:      19440 kB
Node 1 SUnreclaim:        33932 kB
Node 1 AnonHugePages:         0 kB
Node 1 ShmemHugePages:        0 kB
Node 1 ShmemPmdMapped:        0 kB
Node 1 FileHugePages:        0 kB
Node 1 FilePmdMapped:        0 kB
Node 1 HugePages_Total:     0
Node 1 HugePages_Free:      0
Node 1 HugePages_Surp:      0

After Test
Node 0 MemTotal:       24768352 kB
Node 0 MemFree:        23075080 kB
Node 0 MemUsed:         1693272 kB
Node 0 Active:            59364 kB
Node 0 Inactive:          63692 kB
Node 0 Active(anon):      13968 kB
Node 0 Inactive(anon):      436 kB
Node 0 Active(file):      45396 kB
Node 0 Inactive(file):    63256 kB
Node 0 Unevictable:       17168 kB
Node 0 Mlocked:           17168 kB
Node 0 Dirty:                52 kB
Node 0 Writeback:             0 kB
Node 0 FilePages:        115876 kB
Node 0 Mapped:            25608 kB
Node 0 AnonPages:         24236 kB
Node 0 Shmem:               612 kB
Node 0 KernelStack:        1960 kB
Node 0 PageTables:          576 kB
Node 0 NFS_Unstable:          0 kB
Node 0 Bounce:                0 kB
Node 0 WritebackTmp:          0 kB
Node 0 KReclaimable:      24596 kB
Node 0 Slab:              74764 kB
Node 0 SReclaimable:      24596 kB
Node 0 SUnreclaim:        50168 kB
Node 0 AnonHugePages:         0 kB
Node 0 ShmemHugePages:        0 kB
Node 0 ShmemPmdMapped:        0 kB
Node 0 FileHugePages:        0 kB
Node 0 FilePmdMapped:        0 kB
Node 0 HugePages_Total:     0
Node 0 HugePages_Free:      0
Node 0 HugePages_Surp:      0

Node 1 MemTotal:       24661580 kB
Node 1 MemFree:        23702944 kB
Node 1 MemUsed:          958636 kB
Node 1 Active:            41228 kB
Node 1 Inactive:         156744 kB
Node 1 Active(anon):      19600 kB
Node 1 Inactive(anon):      504 kB
Node 1 Active(file):      21628 kB
Node 1 Inactive(file):   156240 kB
Node 1 Unevictable:        1584 kB
Node 1 Mlocked:            1584 kB
Node 1 Dirty:               440 kB
Node 1 Writeback:             0 kB
Node 1 FilePages:        180112 kB
Node 1 Mapped:            36344 kB
Node 1 AnonPages:         19448 kB
Node 1 Shmem:               656 kB
Node 1 KernelStack:        2856 kB
Node 1 PageTables:          556 kB
Node 1 NFS_Unstable:          0 kB
Node 1 Bounce:                0 kB
Node 1 WritebackTmp:          0 kB
Node 1 KReclaimable:      19520 kB
Node 1 Slab:              54608 kB
Node 1 SReclaimable:      19520 kB
Node 1 SUnreclaim:        35088 kB
Node 1 AnonHugePages:         0 kB
Node 1 ShmemHugePages:        0 kB
Node 1 ShmemPmdMapped:        0 kB
Node 1 FileHugePages:        0 kB
Node 1 FilePmdMapped:        0 kB
Node 1 HugePages_Total:     0
Node 1 HugePages_Free:      0
Node 1 HugePages_Surp:      0

After Opposite Node
Node 0 MemTotal:       24768352 kB
Node 0 MemFree:        23075652 kB
Node 0 MemUsed:         1692700 kB
Node 0 Active:            59108 kB
Node 0 Inactive:          63692 kB
Node 0 Active(anon):      13708 kB
Node 0 Inactive(anon):      436 kB
Node 0 Active(file):      45400 kB
Node 0 Inactive(file):    63256 kB
Node 0 Unevictable:       17168 kB
Node 0 Mlocked:           17168 kB
Node 0 Dirty:                56 kB
Node 0 Writeback:             0 kB
Node 0 FilePages:        115880 kB
Node 0 Mapped:            25604 kB
Node 0 AnonPages:         24108 kB
Node 0 Shmem:               612 kB
Node 0 KernelStack:        1864 kB
Node 0 PageTables:          520 kB
Node 0 NFS_Unstable:          0 kB
Node 0 Bounce:                0 kB
Node 0 WritebackTmp:          0 kB
Node 0 KReclaimable:      24596 kB
Node 0 Slab:              74800 kB
Node 0 SReclaimable:      24596 kB
Node 0 SUnreclaim:        50204 kB
Node 0 AnonHugePages:         0 kB
Node 0 ShmemHugePages:        0 kB
Node 0 ShmemPmdMapped:        0 kB
Node 0 FileHugePages:        0 kB
Node 0 FilePmdMapped:        0 kB
Node 0 HugePages_Total:     0
Node 0 HugePages_Free:      0
Node 0 HugePages_Surp:      0

Node 1 MemTotal:       24661580 kB
Node 1 MemFree:        23701724 kB
Node 1 MemUsed:          959856 kB
Node 1 Active:            42084 kB
Node 1 Inactive:         156488 kB
Node 1 Active(anon):      20160 kB
Node 1 Inactive(anon):      504 kB
Node 1 Active(file):      21924 kB
Node 1 Inactive(file):   155984 kB
Node 1 Unevictable:        1584 kB
Node 1 Mlocked:            1584 kB
Node 1 Dirty:               452 kB
Node 1 Writeback:             0 kB
Node 1 FilePages:        180144 kB
Node 1 Mapped:            36348 kB
Node 1 AnonPages:         19580 kB
Node 1 Shmem:               656 kB
Node 1 KernelStack:        2840 kB
Node 1 PageTables:          612 kB
Node 1 NFS_Unstable:          0 kB
Node 1 Bounce:                0 kB
Node 1 WritebackTmp:          0 kB
Node 1 KReclaimable:      19552 kB
Node 1 Slab:              54772 kB
Node 1 SReclaimable:      19552 kB
Node 1 SUnreclaim:        35220 kB
Node 1 AnonHugePages:         0 kB
Node 1 ShmemHugePages:        0 kB
Node 1 ShmemPmdMapped:        0 kB
Node 1 FileHugePages:        0 kB
Node 1 FilePmdMapped:        0 kB
Node 1 HugePages_Total:     0
Node 1 HugePages_Free:      0
Node 1 HugePages_Surp:      0

B.0.2M-simpleread.2-1G.3.O.1M Complete!
