kernel.numa_balancing = 0
B.0.256M-simpleread.2G.3.O.1M
Begin
Node 0 MemTotal:       24768352 kB
Node 0 MemFree:        24521280 kB
Node 0 MemUsed:          247072 kB
Node 0 Active:            64332 kB
Node 0 Inactive:          44124 kB
Node 0 Active(anon):      17840 kB
Node 0 Inactive(anon):      456 kB
Node 0 Active(file):      46492 kB
Node 0 Inactive(file):    43668 kB
Node 0 Unevictable:        5300 kB
Node 0 Mlocked:            5300 kB
Node 0 Dirty:                52 kB
Node 0 Writeback:             0 kB
Node 0 FilePages:         96148 kB
Node 0 Mapped:            46456 kB
Node 0 AnonPages:         17644 kB
Node 0 Shmem:               656 kB
Node 0 KernelStack:        2264 kB
Node 0 PageTables:          568 kB
Node 0 NFS_Unstable:          0 kB
Node 0 Bounce:                0 kB
Node 0 WritebackTmp:          0 kB
Node 0 KReclaimable:      20388 kB
Node 0 Slab:              51560 kB
Node 0 SReclaimable:      20388 kB
Node 0 SUnreclaim:        31172 kB
Node 0 AnonHugePages:         0 kB
Node 0 ShmemHugePages:        0 kB
Node 0 ShmemPmdMapped:        0 kB
Node 0 FileHugePages:        0 kB
Node 0 FilePmdMapped:        0 kB
Node 0 HugePages_Total:     0
Node 0 HugePages_Free:      0
Node 0 HugePages_Surp:      0

Node 1 MemTotal:       24661580 kB
Node 1 MemFree:        24276460 kB
Node 1 MemUsed:          385120 kB
Node 1 Active:            31620 kB
Node 1 Inactive:          61792 kB
Node 1 Active(anon):      15540 kB
Node 1 Inactive(anon):      420 kB
Node 1 Active(file):      16080 kB
Node 1 Inactive(file):    61372 kB
Node 1 Unevictable:       13220 kB
Node 1 Mlocked:           13220 kB
Node 1 Dirty:                24 kB
Node 1 Writeback:             0 kB
Node 1 FilePages:         80984 kB
Node 1 Mapped:             7044 kB
Node 1 AnonPages:         25728 kB
Node 1 Shmem:               612 kB
Node 1 KernelStack:        1288 kB
Node 1 PageTables:          488 kB
Node 1 NFS_Unstable:          0 kB
Node 1 Bounce:                0 kB
Node 1 WritebackTmp:          0 kB
Node 1 KReclaimable:      21844 kB
Node 1 Slab:              56008 kB
Node 1 SReclaimable:      21844 kB
Node 1 SUnreclaim:        34164 kB
Node 1 AnonHugePages:         0 kB
Node 1 ShmemHugePages:        0 kB
Node 1 ShmemPmdMapped:        0 kB
Node 1 FileHugePages:        0 kB
Node 1 FilePmdMapped:        0 kB
Node 1 HugePages_Total:     0
Node 1 HugePages_Free:      0
Node 1 HugePages_Surp:      0

Load ZFS
Node 0 MemTotal:       24768352 kB
Node 0 MemFree:        24269168 kB
Node 0 MemUsed:          499184 kB
Node 0 Active:            78232 kB
Node 0 Inactive:         140532 kB
Node 0 Active(anon):      29780 kB
Node 0 Inactive(anon):      492 kB
Node 0 Active(file):      48452 kB
Node 0 Inactive(file):   140040 kB
Node 0 Unevictable:        5300 kB
Node 0 Mlocked:            5300 kB
Node 0 Dirty:               448 kB
Node 0 Writeback:             0 kB
Node 0 FilePages:        194488 kB
Node 0 Mapped:            48216 kB
Node 0 AnonPages:         29444 kB
Node 0 Shmem:               700 kB
Node 0 KernelStack:        2540 kB
Node 0 PageTables:          948 kB
Node 0 NFS_Unstable:          0 kB
Node 0 Bounce:                0 kB
Node 0 WritebackTmp:          0 kB
Node 0 KReclaimable:      21200 kB
Node 0 Slab:              55900 kB
Node 0 SReclaimable:      21200 kB
Node 0 SUnreclaim:        34700 kB
Node 0 AnonHugePages:         0 kB
Node 0 ShmemHugePages:        0 kB
Node 0 ShmemPmdMapped:        0 kB
Node 0 FileHugePages:        0 kB
Node 0 FilePmdMapped:        0 kB
Node 0 HugePages_Total:     0
Node 0 HugePages_Free:      0
Node 0 HugePages_Surp:      0

Node 1 MemTotal:       24661580 kB
Node 1 MemFree:        24386048 kB
Node 1 MemUsed:          275532 kB
Node 1 Active:            46380 kB
Node 1 Inactive:          68848 kB
Node 1 Active(anon):      29824 kB
Node 1 Inactive(anon):      452 kB
Node 1 Active(file):      16556 kB
Node 1 Inactive(file):    68396 kB
Node 1 Unevictable:       13436 kB
Node 1 Mlocked:           13436 kB
Node 1 Dirty:                28 kB
Node 1 Writeback:             0 kB
Node 1 FilePages:         88416 kB
Node 1 Mapped:             9116 kB
Node 1 AnonPages:         40040 kB
Node 1 Shmem:               568 kB
Node 1 KernelStack:        1540 kB
Node 1 PageTables:         1372 kB
Node 1 NFS_Unstable:          0 kB
Node 1 Bounce:                0 kB
Node 1 WritebackTmp:          0 kB
Node 1 KReclaimable:      22428 kB
Node 1 Slab:              58568 kB
Node 1 SReclaimable:      22428 kB
Node 1 SUnreclaim:        36140 kB
Node 1 AnonHugePages:         0 kB
Node 1 ShmemHugePages:        0 kB
Node 1 ShmemPmdMapped:        0 kB
Node 1 FileHugePages:        0 kB
Node 1 FilePmdMapped:        0 kB
Node 1 HugePages_Total:     0
Node 1 HugePages_Free:      0
Node 1 HugePages_Surp:      0

Import tank ZPool
Node 0 MemTotal:       24768352 kB
Node 0 MemFree:        24262224 kB
Node 0 MemUsed:          506128 kB
Node 0 Active:            67568 kB
Node 0 Inactive:         141752 kB
Node 0 Active(anon):      18460 kB
Node 0 Inactive(anon):      496 kB
Node 0 Active(file):      49108 kB
Node 0 Inactive(file):   141256 kB
Node 0 Unevictable:        5300 kB
Node 0 Mlocked:            5300 kB
Node 0 Dirty:               504 kB
Node 0 Writeback:             0 kB
Node 0 FilePages:        196068 kB
Node 0 Mapped:            46576 kB
Node 0 AnonPages:         18028 kB
Node 0 Shmem:               700 kB
Node 0 KernelStack:        3368 kB
Node 0 PageTables:          708 kB
Node 0 NFS_Unstable:          0 kB
Node 0 Bounce:                0 kB
Node 0 WritebackTmp:          0 kB
Node 0 KReclaimable:      21316 kB
Node 0 Slab:              62588 kB
Node 0 SReclaimable:      21316 kB
Node 0 SUnreclaim:        41272 kB
Node 0 AnonHugePages:         0 kB
Node 0 ShmemHugePages:        0 kB
Node 0 ShmemPmdMapped:        0 kB
Node 0 FileHugePages:        0 kB
Node 0 FilePmdMapped:        0 kB
Node 0 HugePages_Total:     0
Node 0 HugePages_Free:      0
Node 0 HugePages_Surp:      0

Node 1 MemTotal:       24661580 kB
Node 1 MemFree:        24400600 kB
Node 1 MemUsed:          260980 kB
Node 1 Active:            32396 kB
Node 1 Inactive:          68440 kB
Node 1 Active(anon):      15416 kB
Node 1 Inactive(anon):      452 kB
Node 1 Active(file):      16980 kB
Node 1 Inactive(file):    67988 kB
Node 1 Unevictable:       13452 kB
Node 1 Mlocked:           13452 kB
Node 1 Dirty:                32 kB
Node 1 Writeback:             0 kB
Node 1 FilePages:         88448 kB
Node 1 Mapped:             7104 kB
Node 1 AnonPages:         25856 kB
Node 1 Shmem:               568 kB
Node 1 KernelStack:        1320 kB
Node 1 PageTables:          464 kB
Node 1 NFS_Unstable:          0 kB
Node 1 Bounce:                0 kB
Node 1 WritebackTmp:          0 kB
Node 1 KReclaimable:      22428 kB
Node 1 Slab:              59308 kB
Node 1 SReclaimable:      22428 kB
Node 1 SUnreclaim:        36880 kB
Node 1 AnonHugePages:         0 kB
Node 1 ShmemHugePages:        0 kB
Node 1 ShmemPmdMapped:        0 kB
Node 1 FileHugePages:        0 kB
Node 1 FilePmdMapped:        0 kB
Node 1 HugePages_Total:     0
Node 1 HugePages_Free:      0
Node 1 HugePages_Surp:      0

After Test
Node 0 MemTotal:       24768352 kB
Node 0 MemFree:        21636352 kB
Node 0 MemUsed:         3132000 kB
Node 0 Active:            67920 kB
Node 0 Inactive:         391564 kB
Node 0 Active(anon):      18316 kB
Node 0 Inactive(anon):      492 kB
Node 0 Active(file):      49604 kB
Node 0 Inactive(file):   391072 kB
Node 0 Unevictable:        5300 kB
Node 0 Mlocked:            5300 kB
Node 0 Dirty:                36 kB
Node 0 Writeback:             0 kB
Node 0 FilePages:        446688 kB
Node 0 Mapped:            46472 kB
Node 0 AnonPages:         17832 kB
Node 0 Shmem:               700 kB
Node 0 KernelStack:        3368 kB
Node 0 PageTables:          700 kB
Node 0 NFS_Unstable:          0 kB
Node 0 Bounce:                0 kB
Node 0 WritebackTmp:          0 kB
Node 0 KReclaimable:      22136 kB
Node 0 Slab:              74756 kB
Node 0 SReclaimable:      22136 kB
Node 0 SUnreclaim:        52620 kB
Node 0 AnonHugePages:         0 kB
Node 0 ShmemHugePages:        0 kB
Node 0 ShmemPmdMapped:        0 kB
Node 0 FileHugePages:        0 kB
Node 0 FilePmdMapped:        0 kB
Node 0 HugePages_Total:     0
Node 0 HugePages_Free:      0
Node 0 HugePages_Surp:      0

Node 1 MemTotal:       24661580 kB
Node 1 MemFree:        23843164 kB
Node 1 MemUsed:          818416 kB
Node 1 Active:            32296 kB
Node 1 Inactive:          68416 kB
Node 1 Active(anon):      15252 kB
Node 1 Inactive(anon):      448 kB
Node 1 Active(file):      17044 kB
Node 1 Inactive(file):    67968 kB
Node 1 Unevictable:       13452 kB
Node 1 Mlocked:           13452 kB
Node 1 Dirty:                16 kB
Node 1 Writeback:             0 kB
Node 1 FilePages:         88480 kB
Node 1 Mapped:             7296 kB
Node 1 AnonPages:         25688 kB
Node 1 Shmem:               568 kB
Node 1 KernelStack:        1240 kB
Node 1 PageTables:          464 kB
Node 1 NFS_Unstable:          0 kB
Node 1 Bounce:                0 kB
Node 1 WritebackTmp:          0 kB
Node 1 KReclaimable:      22436 kB
Node 1 Slab:              60988 kB
Node 1 SReclaimable:      22436 kB
Node 1 SUnreclaim:        38552 kB
Node 1 AnonHugePages:         0 kB
Node 1 ShmemHugePages:        0 kB
Node 1 ShmemPmdMapped:        0 kB
Node 1 FileHugePages:        0 kB
Node 1 FilePmdMapped:        0 kB
Node 1 HugePages_Total:     0
Node 1 HugePages_Free:      0
Node 1 HugePages_Surp:      0

After Opposite Node
Node 0 MemTotal:       24768352 kB
Node 0 MemFree:        21637188 kB
Node 0 MemUsed:         3131164 kB
Node 0 Active:            67572 kB
Node 0 Inactive:         391564 kB
Node 0 Active(anon):      17936 kB
Node 0 Inactive(anon):      492 kB
Node 0 Active(file):      49636 kB
Node 0 Inactive(file):   391072 kB
Node 0 Unevictable:        5300 kB
Node 0 Mlocked:            5300 kB
Node 0 Dirty:                52 kB
Node 0 Writeback:             0 kB
Node 0 FilePages:        446704 kB
Node 0 Mapped:            46480 kB
Node 0 AnonPages:         17748 kB
Node 0 Shmem:               700 kB
Node 0 KernelStack:        3352 kB
Node 0 PageTables:          600 kB
Node 0 NFS_Unstable:          0 kB
Node 0 Bounce:                0 kB
Node 0 WritebackTmp:          0 kB
Node 0 KReclaimable:      22136 kB
Node 0 Slab:              74816 kB
Node 0 SReclaimable:      22136 kB
Node 0 SUnreclaim:        52680 kB
Node 0 AnonHugePages:         0 kB
Node 0 ShmemHugePages:        0 kB
Node 0 ShmemPmdMapped:        0 kB
Node 0 FileHugePages:        0 kB
Node 0 FilePmdMapped:        0 kB
Node 0 HugePages_Total:     0
Node 0 HugePages_Free:      0
Node 0 HugePages_Surp:      0

Node 1 MemTotal:       24661580 kB
Node 1 MemFree:        23844012 kB
Node 1 MemUsed:          817568 kB
Node 1 Active:            32924 kB
Node 1 Inactive:          68204 kB
Node 1 Active(anon):      15644 kB
Node 1 Inactive(anon):      448 kB
Node 1 Active(file):      17280 kB
Node 1 Inactive(file):    67756 kB
Node 1 Unevictable:       13452 kB
Node 1 Mlocked:           13452 kB
Node 1 Dirty:                20 kB
Node 1 Writeback:             0 kB
Node 1 FilePages:         88500 kB
Node 1 Mapped:             7296 kB
Node 1 AnonPages:         26204 kB
Node 1 Shmem:               568 kB
Node 1 KernelStack:        1240 kB
Node 1 PageTables:          572 kB
Node 1 NFS_Unstable:          0 kB
Node 1 Bounce:                0 kB
Node 1 WritebackTmp:          0 kB
Node 1 KReclaimable:      22504 kB
Node 1 Slab:              61156 kB
Node 1 SReclaimable:      22504 kB
Node 1 SUnreclaim:        38652 kB
Node 1 AnonHugePages:         0 kB
Node 1 ShmemHugePages:        0 kB
Node 1 ShmemPmdMapped:        0 kB
Node 1 FileHugePages:        0 kB
Node 1 FilePmdMapped:        0 kB
Node 1 HugePages_Total:     0
Node 1 HugePages_Free:      0
Node 1 HugePages_Surp:      0

B.0.256M-simpleread.2G.3.O.1M Complete!
