kernel.numa_balancing = 0
B.0.16M-simpleread.16G.1.O.1M
Begin
Node 0 MemTotal:       24768352 kB
Node 0 MemFree:        24394128 kB
Node 0 MemUsed:          374224 kB
Node 0 Active:            60944 kB
Node 0 Inactive:          27668 kB
Node 0 Active(anon):      19512 kB
Node 0 Inactive(anon):      540 kB
Node 0 Active(file):      41432 kB
Node 0 Inactive(file):    27128 kB
Node 0 Unevictable:        5416 kB
Node 0 Mlocked:            5416 kB
Node 0 Dirty:                28 kB
Node 0 Writeback:             0 kB
Node 0 FilePages:         74824 kB
Node 0 Mapped:            24748 kB
Node 0 AnonPages:         19280 kB
Node 0 Shmem:               852 kB
Node 0 KernelStack:        2152 kB
Node 0 PageTables:          540 kB
Node 0 NFS_Unstable:          0 kB
Node 0 Bounce:                0 kB
Node 0 WritebackTmp:          0 kB
Node 0 KReclaimable:      19952 kB
Node 0 Slab:              55568 kB
Node 0 SReclaimable:      19952 kB
Node 0 SUnreclaim:        35616 kB
Node 0 AnonHugePages:         0 kB
Node 0 ShmemHugePages:        0 kB
Node 0 ShmemPmdMapped:        0 kB
Node 0 FileHugePages:        0 kB
Node 0 FilePmdMapped:        0 kB
Node 0 HugePages_Total:     0
Node 0 HugePages_Free:      0
Node 0 HugePages_Surp:      0

Node 1 MemTotal:       24661580 kB
Node 1 MemFree:        24429536 kB
Node 1 MemUsed:          232044 kB
Node 1 Active:            34144 kB
Node 1 Inactive:          58876 kB
Node 1 Active(anon):      13964 kB
Node 1 Inactive(anon):      344 kB
Node 1 Active(file):      20180 kB
Node 1 Inactive(file):    58532 kB
Node 1 Unevictable:       13104 kB
Node 1 Mlocked:           13104 kB
Node 1 Dirty:               476 kB
Node 1 Writeback:             0 kB
Node 1 FilePages:         81948 kB
Node 1 Mapped:            14616 kB
Node 1 AnonPages:         24228 kB
Node 1 Shmem:               416 kB
Node 1 KernelStack:        1496 kB
Node 1 PageTables:          536 kB
Node 1 NFS_Unstable:          0 kB
Node 1 Bounce:                0 kB
Node 1 WritebackTmp:          0 kB
Node 1 KReclaimable:      21616 kB
Node 1 Slab:              49864 kB
Node 1 SReclaimable:      21616 kB
Node 1 SUnreclaim:        28248 kB
Node 1 AnonHugePages:         0 kB
Node 1 ShmemHugePages:        0 kB
Node 1 ShmemPmdMapped:        0 kB
Node 1 FileHugePages:        0 kB
Node 1 FilePmdMapped:        0 kB
Node 1 HugePages_Total:     0
Node 1 HugePages_Free:      0
Node 1 HugePages_Surp:      0

Load ZFS
Node 0 MemTotal:       24768352 kB
Node 0 MemFree:        24288876 kB
Node 0 MemUsed:          479476 kB
Node 0 Active:            75152 kB
Node 0 Inactive:         110456 kB
Node 0 Active(anon):      32656 kB
Node 0 Inactive(anon):      328 kB
Node 0 Active(file):      42496 kB
Node 0 Inactive(file):   110128 kB
Node 0 Unevictable:        5416 kB
Node 0 Mlocked:            5416 kB
Node 0 Dirty:                32 kB
Node 0 Writeback:             0 kB
Node 0 FilePages:        158780 kB
Node 0 Mapped:            28100 kB
Node 0 AnonPages:         32532 kB
Node 0 Shmem:               624 kB
Node 0 KernelStack:        2612 kB
Node 0 PageTables:         1820 kB
Node 0 NFS_Unstable:          0 kB
Node 0 Bounce:                0 kB
Node 0 WritebackTmp:          0 kB
Node 0 KReclaimable:      20900 kB
Node 0 Slab:              60308 kB
Node 0 SReclaimable:      20900 kB
Node 0 SUnreclaim:        39408 kB
Node 0 AnonHugePages:         0 kB
Node 0 ShmemHugePages:        0 kB
Node 0 ShmemPmdMapped:        0 kB
Node 0 FileHugePages:        0 kB
Node 0 FilePmdMapped:        0 kB
Node 0 HugePages_Total:     0
Node 0 HugePages_Free:      0
Node 0 HugePages_Surp:      0

Node 1 MemTotal:       24661580 kB
Node 1 MemFree:        24390280 kB
Node 1 MemUsed:          271300 kB
Node 1 Active:            47312 kB
Node 1 Inactive:          79408 kB
Node 1 Active(anon):      25916 kB
Node 1 Inactive(anon):      500 kB
Node 1 Active(file):      21396 kB
Node 1 Inactive(file):    78908 kB
Node 1 Unevictable:       13316 kB
Node 1 Mlocked:           13316 kB
Node 1 Dirty:               436 kB
Node 1 Writeback:             0 kB
Node 1 FilePages:        103728 kB
Node 1 Mapped:            15144 kB
Node 1 AnonPages:         36644 kB
Node 1 Shmem:               644 kB
Node 1 KernelStack:        1612 kB
Node 1 PageTables:         1096 kB
Node 1 NFS_Unstable:          0 kB
Node 1 Bounce:                0 kB
Node 1 WritebackTmp:          0 kB
Node 1 KReclaimable:      22380 kB
Node 1 Slab:              52044 kB
Node 1 SReclaimable:      22380 kB
Node 1 SUnreclaim:        29664 kB
Node 1 AnonHugePages:         0 kB
Node 1 ShmemHugePages:        0 kB
Node 1 ShmemPmdMapped:        0 kB
Node 1 FileHugePages:        0 kB
Node 1 FilePmdMapped:        0 kB
Node 1 HugePages_Total:     0
Node 1 HugePages_Free:      0
Node 1 HugePages_Surp:      0

Import tank ZPool
Node 0 MemTotal:       24768352 kB
Node 0 MemFree:        24288340 kB
Node 0 MemUsed:          480012 kB
Node 0 Active:            62004 kB
Node 0 Inactive:         110344 kB
Node 0 Active(anon):      19004 kB
Node 0 Inactive(anon):      464 kB
Node 0 Active(file):      43000 kB
Node 0 Inactive(file):   109880 kB
Node 0 Unevictable:        5416 kB
Node 0 Mlocked:            5416 kB
Node 0 Dirty:                44 kB
Node 0 Writeback:             0 kB
Node 0 FilePages:        158968 kB
Node 0 Mapped:            24940 kB
Node 0 AnonPages:         18792 kB
Node 0 Shmem:               676 kB
Node 0 KernelStack:        3240 kB
Node 0 PageTables:          500 kB
Node 0 NFS_Unstable:          0 kB
Node 0 Bounce:                0 kB
Node 0 WritebackTmp:          0 kB
Node 0 KReclaimable:      21016 kB
Node 0 Slab:              62508 kB
Node 0 SReclaimable:      21016 kB
Node 0 SUnreclaim:        41492 kB
Node 0 AnonHugePages:         0 kB
Node 0 ShmemHugePages:        0 kB
Node 0 ShmemPmdMapped:        0 kB
Node 0 FileHugePages:        0 kB
Node 0 FilePmdMapped:        0 kB
Node 0 HugePages_Total:     0
Node 0 HugePages_Free:      0
Node 0 HugePages_Surp:      0

Node 1 MemTotal:       24661580 kB
Node 1 MemFree:        24394920 kB
Node 1 MemUsed:          266660 kB
Node 1 Active:            36696 kB
Node 1 Inactive:          80500 kB
Node 1 Active(anon):      14708 kB
Node 1 Inactive(anon):      484 kB
Node 1 Active(file):      21988 kB
Node 1 Inactive(file):    80016 kB
Node 1 Unevictable:       13332 kB
Node 1 Mlocked:           13332 kB
Node 1 Dirty:               380 kB
Node 1 Writeback:             0 kB
Node 1 FilePages:        105396 kB
Node 1 Mapped:            14852 kB
Node 1 AnonPages:         24784 kB
Node 1 Shmem:               592 kB
Node 1 KernelStack:        1512 kB
Node 1 PageTables:          640 kB
Node 1 NFS_Unstable:          0 kB
Node 1 Bounce:                0 kB
Node 1 WritebackTmp:          0 kB
Node 1 KReclaimable:      22492 kB
Node 1 Slab:              57124 kB
Node 1 SReclaimable:      22492 kB
Node 1 SUnreclaim:        34632 kB
Node 1 AnonHugePages:         0 kB
Node 1 ShmemHugePages:        0 kB
Node 1 ShmemPmdMapped:        0 kB
Node 1 FileHugePages:        0 kB
Node 1 FilePmdMapped:        0 kB
Node 1 HugePages_Total:     0
Node 1 HugePages_Free:      0
Node 1 HugePages_Surp:      0

After Test
Node 0 MemTotal:       24768352 kB
Node 0 MemFree:        23538352 kB
Node 0 MemUsed:         1230000 kB
Node 0 Active:            63040 kB
Node 0 Inactive:         110456 kB
Node 0 Active(anon):      19348 kB
Node 0 Inactive(anon):      452 kB
Node 0 Active(file):      43692 kB
Node 0 Inactive(file):   110004 kB
Node 0 Unevictable:        5416 kB
Node 0 Mlocked:            5416 kB
Node 0 Dirty:                 4 kB
Node 0 Writeback:             0 kB
Node 0 FilePages:        159780 kB
Node 0 Mapped:            24796 kB
Node 0 AnonPages:         19204 kB
Node 0 Shmem:               672 kB
Node 0 KernelStack:        3096 kB
Node 0 PageTables:          580 kB
Node 0 NFS_Unstable:          0 kB
Node 0 Bounce:                0 kB
Node 0 WritebackTmp:          0 kB
Node 0 KReclaimable:      21316 kB
Node 0 Slab:              66032 kB
Node 0 SReclaimable:      21316 kB
Node 0 SUnreclaim:        44716 kB
Node 0 AnonHugePages:         0 kB
Node 0 ShmemHugePages:        0 kB
Node 0 ShmemPmdMapped:        0 kB
Node 0 FileHugePages:        0 kB
Node 0 FilePmdMapped:        0 kB
Node 0 HugePages_Total:     0
Node 0 HugePages_Free:      0
Node 0 HugePages_Surp:      0

Node 1 MemTotal:       24661580 kB
Node 1 MemFree:         7474968 kB
Node 1 MemUsed:        17186612 kB
Node 1 Active:            36352 kB
Node 1 Inactive:          95732 kB
Node 1 Active(anon):      14064 kB
Node 1 Inactive(anon):      488 kB
Node 1 Active(file):      22288 kB
Node 1 Inactive(file):    95244 kB
Node 1 Unevictable:       13332 kB
Node 1 Mlocked:           13332 kB
Node 1 Dirty:                 0 kB
Node 1 Writeback:             0 kB
Node 1 FilePages:        120908 kB
Node 1 Mapped:            14580 kB
Node 1 AnonPages:         24508 kB
Node 1 Shmem:               596 kB
Node 1 KernelStack:        1324 kB
Node 1 PageTables:          516 kB
Node 1 NFS_Unstable:          0 kB
Node 1 Bounce:                0 kB
Node 1 WritebackTmp:          0 kB
Node 1 KReclaimable:      22624 kB
Node 1 Slab:             114224 kB
Node 1 SReclaimable:      22624 kB
Node 1 SUnreclaim:        91600 kB
Node 1 AnonHugePages:         0 kB
Node 1 ShmemHugePages:        0 kB
Node 1 ShmemPmdMapped:        0 kB
Node 1 FileHugePages:        0 kB
Node 1 FilePmdMapped:        0 kB
Node 1 HugePages_Total:     0
Node 1 HugePages_Free:      0
Node 1 HugePages_Surp:      0

After Opposite Node
Node 0 MemTotal:       24768352 kB
Node 0 MemFree:        23539788 kB
Node 0 MemUsed:         1228564 kB
Node 0 Active:            63092 kB
Node 0 Inactive:         110208 kB
Node 0 Active(anon):      19140 kB
Node 0 Inactive(anon):      452 kB
Node 0 Active(file):      43952 kB
Node 0 Inactive(file):   109756 kB
Node 0 Unevictable:        5416 kB
Node 0 Mlocked:            5416 kB
Node 0 Dirty:                24 kB
Node 0 Writeback:             0 kB
Node 0 FilePages:        159796 kB
Node 0 Mapped:            24792 kB
Node 0 AnonPages:         18924 kB
Node 0 Shmem:               672 kB
Node 0 KernelStack:        3064 kB
Node 0 PageTables:          500 kB
Node 0 NFS_Unstable:          0 kB
Node 0 Bounce:                0 kB
Node 0 WritebackTmp:          0 kB
Node 0 KReclaimable:      21316 kB
Node 0 Slab:              66028 kB
Node 0 SReclaimable:      21316 kB
Node 0 SUnreclaim:        44712 kB
Node 0 AnonHugePages:         0 kB
Node 0 ShmemHugePages:        0 kB
Node 0 ShmemPmdMapped:        0 kB
Node 0 FileHugePages:        0 kB
Node 0 FilePmdMapped:        0 kB
Node 0 HugePages_Total:     0
Node 0 HugePages_Free:      0
Node 0 HugePages_Surp:      0

Node 1 MemTotal:       24661580 kB
Node 1 MemFree:         7470764 kB
Node 1 MemUsed:        17190816 kB
Node 1 Active:            36880 kB
Node 1 Inactive:          95720 kB
Node 1 Active(anon):      14564 kB
Node 1 Inactive(anon):      488 kB
Node 1 Active(file):      22316 kB
Node 1 Inactive(file):    95232 kB
Node 1 Unevictable:       13332 kB
Node 1 Mlocked:           13332 kB
Node 1 Dirty:                28 kB
Node 1 Writeback:             0 kB
Node 1 FilePages:        120924 kB
Node 1 Mapped:            14580 kB
Node 1 AnonPages:         24788 kB
Node 1 Shmem:               596 kB
Node 1 KernelStack:        1352 kB
Node 1 PageTables:          604 kB
Node 1 NFS_Unstable:          0 kB
Node 1 Bounce:                0 kB
Node 1 WritebackTmp:          0 kB
Node 1 KReclaimable:      22656 kB
Node 1 Slab:             114696 kB
Node 1 SReclaimable:      22656 kB
Node 1 SUnreclaim:        92040 kB
Node 1 AnonHugePages:         0 kB
Node 1 ShmemHugePages:        0 kB
Node 1 ShmemPmdMapped:        0 kB
Node 1 FileHugePages:        0 kB
Node 1 FilePmdMapped:        0 kB
Node 1 HugePages_Total:     0
Node 1 HugePages_Free:      0
Node 1 HugePages_Surp:      0

B.0.16M-simpleread.16G.1.O.1M Complete!
