kernel.numa_balancing = 0
B.0.32M-simpleread.2-1G.2.O.1M
Begin
Node 0 MemTotal:       24743736 kB
Node 0 MemFree:        24473240 kB
Node 0 MemUsed:          270496 kB
Node 0 Active:            71552 kB
Node 0 Inactive:          41132 kB
Node 0 Active(anon):      22592 kB
Node 0 Inactive(anon):      464 kB
Node 0 Active(file):      48960 kB
Node 0 Inactive(file):    40668 kB
Node 0 Unevictable:        7648 kB
Node 0 Mlocked:            7648 kB
Node 0 Dirty:               312 kB
Node 0 Writeback:             0 kB
Node 0 FilePages:         97588 kB
Node 0 Mapped:            24188 kB
Node 0 AnonPages:         22908 kB
Node 0 Shmem:               664 kB
Node 0 KernelStack:        2104 kB
Node 0 PageTables:          548 kB
Node 0 NFS_Unstable:          0 kB
Node 0 Bounce:                0 kB
Node 0 WritebackTmp:          0 kB
Node 0 KReclaimable:      25388 kB
Node 0 Slab:              61936 kB
Node 0 SReclaimable:      25388 kB
Node 0 SUnreclaim:        36548 kB
Node 0 AnonHugePages:         0 kB
Node 0 ShmemHugePages:        0 kB
Node 0 ShmemPmdMapped:        0 kB
Node 0 FileHugePages:        0 kB
Node 0 FilePmdMapped:        0 kB
Node 0 HugePages_Total:     0
Node 0 HugePages_Free:      0
Node 0 HugePages_Surp:      0

Node 1 MemTotal:       24686196 kB
Node 1 MemFree:        24342552 kB
Node 1 MemUsed:          343644 kB
Node 1 Active:            24464 kB
Node 1 Inactive:          50348 kB
Node 1 Active(anon):      11772 kB
Node 1 Inactive(anon):      420 kB
Node 1 Active(file):      12692 kB
Node 1 Inactive(file):    49928 kB
Node 1 Unevictable:       10876 kB
Node 1 Mlocked:           10876 kB
Node 1 Dirty:               124 kB
Node 1 Writeback:             0 kB
Node 1 FilePages:         64288 kB
Node 1 Mapped:            19832 kB
Node 1 AnonPages:         21404 kB
Node 1 Shmem:               604 kB
Node 1 KernelStack:        1464 kB
Node 1 PageTables:          444 kB
Node 1 NFS_Unstable:          0 kB
Node 1 Bounce:                0 kB
Node 1 WritebackTmp:          0 kB
Node 1 KReclaimable:      16280 kB
Node 1 Slab:              43648 kB
Node 1 SReclaimable:      16280 kB
Node 1 SUnreclaim:        27368 kB
Node 1 AnonHugePages:         0 kB
Node 1 ShmemHugePages:        0 kB
Node 1 ShmemPmdMapped:        0 kB
Node 1 FileHugePages:        0 kB
Node 1 FilePmdMapped:        0 kB
Node 1 HugePages_Total:     0
Node 1 HugePages_Free:      0
Node 1 HugePages_Surp:      0

Load ZFS
Node 0 MemTotal:       24743736 kB
Node 0 MemFree:        24428936 kB
Node 0 MemUsed:          314800 kB
Node 0 Active:            88036 kB
Node 0 Inactive:          63932 kB
Node 0 Active(anon):      36852 kB
Node 0 Inactive(anon):      172 kB
Node 0 Active(file):      51184 kB
Node 0 Inactive(file):    63760 kB
Node 0 Unevictable:        7648 kB
Node 0 Mlocked:            7648 kB
Node 0 Dirty:                56 kB
Node 0 Writeback:             0 kB
Node 0 FilePages:        123156 kB
Node 0 Mapped:            27528 kB
Node 0 AnonPages:         37216 kB
Node 0 Shmem:               664 kB
Node 0 KernelStack:        2348 kB
Node 0 PageTables:         1460 kB
Node 0 NFS_Unstable:          0 kB
Node 0 Bounce:                0 kB
Node 0 WritebackTmp:          0 kB
Node 0 KReclaimable:      25972 kB
Node 0 Slab:              65764 kB
Node 0 SReclaimable:      25972 kB
Node 0 SUnreclaim:        39792 kB
Node 0 AnonHugePages:         0 kB
Node 0 ShmemHugePages:        0 kB
Node 0 ShmemPmdMapped:        0 kB
Node 0 FileHugePages:        0 kB
Node 0 FilePmdMapped:        0 kB
Node 0 HugePages_Total:     0
Node 0 HugePages_Free:      0
Node 0 HugePages_Surp:      0

Node 1 MemTotal:       24686196 kB
Node 1 MemFree:        24240884 kB
Node 1 MemUsed:          445312 kB
Node 1 Active:            39988 kB
Node 1 Inactive:         130264 kB
Node 1 Active(anon):      27168 kB
Node 1 Inactive(anon):      132 kB
Node 1 Active(file):      12820 kB
Node 1 Inactive(file):   130132 kB
Node 1 Unevictable:       10876 kB
Node 1 Mlocked:           10876 kB
Node 1 Dirty:               172 kB
Node 1 Writeback:             0 kB
Node 1 FilePages:        145372 kB
Node 1 Mapped:            22164 kB
Node 1 AnonPages:         36860 kB
Node 1 Shmem:               604 kB
Node 1 KernelStack:        2092 kB
Node 1 PageTables:         1568 kB
Node 1 NFS_Unstable:          0 kB
Node 1 Bounce:                0 kB
Node 1 WritebackTmp:          0 kB
Node 1 KReclaimable:      16956 kB
Node 1 Slab:              48488 kB
Node 1 SReclaimable:      16956 kB
Node 1 SUnreclaim:        31532 kB
Node 1 AnonHugePages:         0 kB
Node 1 ShmemHugePages:        0 kB
Node 1 ShmemPmdMapped:        0 kB
Node 1 FileHugePages:        0 kB
Node 1 FilePmdMapped:        0 kB
Node 1 HugePages_Total:     0
Node 1 HugePages_Free:      0
Node 1 HugePages_Surp:      0

Import tank ZPool
Node 0 MemTotal:       24743736 kB
Node 0 MemFree:        24421600 kB
Node 0 MemUsed:          322136 kB
Node 0 Active:            75352 kB
Node 0 Inactive:          64928 kB
Node 0 Active(anon):      23208 kB
Node 0 Inactive(anon):      492 kB
Node 0 Active(file):      52144 kB
Node 0 Inactive(file):    64436 kB
Node 0 Unevictable:        7648 kB
Node 0 Mlocked:            7648 kB
Node 0 Dirty:               160 kB
Node 0 Writeback:             0 kB
Node 0 FilePages:        124432 kB
Node 0 Mapped:            24292 kB
Node 0 AnonPages:         23304 kB
Node 0 Shmem:               688 kB
Node 0 KernelStack:        3256 kB
Node 0 PageTables:          668 kB
Node 0 NFS_Unstable:          0 kB
Node 0 Bounce:                0 kB
Node 0 WritebackTmp:          0 kB
Node 0 KReclaimable:      26356 kB
Node 0 Slab:              71796 kB
Node 0 SReclaimable:      26356 kB
Node 0 SUnreclaim:        45440 kB
Node 0 AnonHugePages:         0 kB
Node 0 ShmemHugePages:        0 kB
Node 0 ShmemPmdMapped:        0 kB
Node 0 FileHugePages:        0 kB
Node 0 FilePmdMapped:        0 kB
Node 0 HugePages_Total:     0
Node 0 HugePages_Free:      0
Node 0 HugePages_Surp:      0

Node 1 MemTotal:       24686196 kB
Node 1 MemFree:        24257940 kB
Node 1 MemUsed:          428256 kB
Node 1 Active:            24040 kB
Node 1 Inactive:         130448 kB
Node 1 Active(anon):      10892 kB
Node 1 Inactive(anon):      456 kB
Node 1 Active(file):      13148 kB
Node 1 Inactive(file):   129992 kB
Node 1 Unevictable:       11104 kB
Node 1 Mlocked:           11104 kB
Node 1 Dirty:               304 kB
Node 1 Writeback:             0 kB
Node 1 FilePages:        144784 kB
Node 1 Mapped:            19884 kB
Node 1 AnonPages:         20808 kB
Node 1 Shmem:               580 kB
Node 1 KernelStack:        1448 kB
Node 1 PageTables:          448 kB
Node 1 NFS_Unstable:          0 kB
Node 1 Bounce:                0 kB
Node 1 WritebackTmp:          0 kB
Node 1 KReclaimable:      17256 kB
Node 1 Slab:              47568 kB
Node 1 SReclaimable:      17256 kB
Node 1 SUnreclaim:        30312 kB
Node 1 AnonHugePages:         0 kB
Node 1 ShmemHugePages:        0 kB
Node 1 ShmemPmdMapped:        0 kB
Node 1 FileHugePages:        0 kB
Node 1 FilePmdMapped:        0 kB
Node 1 HugePages_Total:     0
Node 1 HugePages_Free:      0
Node 1 HugePages_Surp:      0

After Test
Node 0 MemTotal:       24743736 kB
Node 0 MemFree:        23072092 kB
Node 0 MemUsed:         1671644 kB
Node 0 Active:            76232 kB
Node 0 Inactive:          95928 kB
Node 0 Active(anon):      23252 kB
Node 0 Inactive(anon):      492 kB
Node 0 Active(file):      52980 kB
Node 0 Inactive(file):    95436 kB
Node 0 Unevictable:        7648 kB
Node 0 Mlocked:            7648 kB
Node 0 Dirty:               108 kB
Node 0 Writeback:             0 kB
Node 0 FilePages:        156248 kB
Node 0 Mapped:            24224 kB
Node 0 AnonPages:         23460 kB
Node 0 Shmem:               688 kB
Node 0 KernelStack:        3240 kB
Node 0 PageTables:          684 kB
Node 0 NFS_Unstable:          0 kB
Node 0 Bounce:                0 kB
Node 0 WritebackTmp:          0 kB
Node 0 KReclaimable:      26488 kB
Node 0 Slab:              79276 kB
Node 0 SReclaimable:      26488 kB
Node 0 SUnreclaim:        52788 kB
Node 0 AnonHugePages:         0 kB
Node 0 ShmemHugePages:        0 kB
Node 0 ShmemPmdMapped:        0 kB
Node 0 FileHugePages:        0 kB
Node 0 FilePmdMapped:        0 kB
Node 0 HugePages_Total:     0
Node 0 HugePages_Free:      0
Node 0 HugePages_Surp:      0

Node 1 MemTotal:       24686196 kB
Node 1 MemFree:        23705832 kB
Node 1 MemUsed:          980364 kB
Node 1 Active:            23928 kB
Node 1 Inactive:         130448 kB
Node 1 Active(anon):      10780 kB
Node 1 Inactive(anon):      456 kB
Node 1 Active(file):      13148 kB
Node 1 Inactive(file):   129992 kB
Node 1 Unevictable:       11104 kB
Node 1 Mlocked:           11104 kB
Node 1 Dirty:               248 kB
Node 1 Writeback:             0 kB
Node 1 FilePages:        144784 kB
Node 1 Mapped:            19828 kB
Node 1 AnonPages:         20696 kB
Node 1 Shmem:               580 kB
Node 1 KernelStack:        1448 kB
Node 1 PageTables:          448 kB
Node 1 NFS_Unstable:          0 kB
Node 1 Bounce:                0 kB
Node 1 WritebackTmp:          0 kB
Node 1 KReclaimable:      17312 kB
Node 1 Slab:              49568 kB
Node 1 SReclaimable:      17312 kB
Node 1 SUnreclaim:        32256 kB
Node 1 AnonHugePages:         0 kB
Node 1 ShmemHugePages:        0 kB
Node 1 ShmemPmdMapped:        0 kB
Node 1 FileHugePages:        0 kB
Node 1 FilePmdMapped:        0 kB
Node 1 HugePages_Total:     0
Node 1 HugePages_Free:      0
Node 1 HugePages_Surp:      0

After Opposite Node
Node 0 MemTotal:       24743736 kB
Node 0 MemFree:        23072116 kB
Node 0 MemUsed:         1671620 kB
Node 0 Active:            76132 kB
Node 0 Inactive:          95632 kB
Node 0 Active(anon):      22832 kB
Node 0 Inactive(anon):      488 kB
Node 0 Active(file):      53300 kB
Node 0 Inactive(file):    95144 kB
Node 0 Unevictable:        7648 kB
Node 0 Mlocked:            7648 kB
Node 0 Dirty:               120 kB
Node 0 Writeback:             0 kB
Node 0 FilePages:        156260 kB
Node 0 Mapped:            24452 kB
Node 0 AnonPages:         23152 kB
Node 0 Shmem:               688 kB
Node 0 KernelStack:        3224 kB
Node 0 PageTables:          568 kB
Node 0 NFS_Unstable:          0 kB
Node 0 Bounce:                0 kB
Node 0 WritebackTmp:          0 kB
Node 0 KReclaimable:      26488 kB
Node 0 Slab:              79484 kB
Node 0 SReclaimable:      26488 kB
Node 0 SUnreclaim:        52996 kB
Node 0 AnonHugePages:         0 kB
Node 0 ShmemHugePages:        0 kB
Node 0 ShmemPmdMapped:        0 kB
Node 0 FileHugePages:        0 kB
Node 0 FilePmdMapped:        0 kB
Node 0 HugePages_Total:     0
Node 0 HugePages_Free:      0
Node 0 HugePages_Surp:      0

Node 1 MemTotal:       24686196 kB
Node 1 MemFree:        23705220 kB
Node 1 MemUsed:          980976 kB
Node 1 Active:            24232 kB
Node 1 Inactive:         130444 kB
Node 1 Active(anon):      11076 kB
Node 1 Inactive(anon):      452 kB
Node 1 Active(file):      13156 kB
Node 1 Inactive(file):   129992 kB
Node 1 Unevictable:       11104 kB
Node 1 Mlocked:           11104 kB
Node 1 Dirty:               248 kB
Node 1 Writeback:             0 kB
Node 1 FilePages:        144792 kB
Node 1 Mapped:            19828 kB
Node 1 AnonPages:         20840 kB
Node 1 Shmem:               580 kB
Node 1 KernelStack:        1448 kB
Node 1 PageTables:          528 kB
Node 1 NFS_Unstable:          0 kB
Node 1 Bounce:                0 kB
Node 1 WritebackTmp:          0 kB
Node 1 KReclaimable:      17316 kB
Node 1 Slab:              49664 kB
Node 1 SReclaimable:      17316 kB
Node 1 SUnreclaim:        32348 kB
Node 1 AnonHugePages:         0 kB
Node 1 ShmemHugePages:        0 kB
Node 1 ShmemPmdMapped:        0 kB
Node 1 FileHugePages:        0 kB
Node 1 FilePmdMapped:        0 kB
Node 1 HugePages_Total:     0
Node 1 HugePages_Free:      0
Node 1 HugePages_Surp:      0

B.0.32M-simpleread.2-1G.2.O.1M Complete!
