kernel.numa_balancing = 0
B.0.32M-simpleread.4G.1.O.1M
Begin
Node 0 MemTotal:       24768352 kB
Node 0 MemFree:        24517632 kB
Node 0 MemUsed:          250720 kB
Node 0 Active:            50332 kB
Node 0 Inactive:          56172 kB
Node 0 Active(anon):      12408 kB
Node 0 Inactive(anon):      320 kB
Node 0 Active(file):      37924 kB
Node 0 Inactive(file):    55852 kB
Node 0 Unevictable:        1532 kB
Node 0 Mlocked:            1532 kB
Node 0 Dirty:                 0 kB
Node 0 Writeback:             0 kB
Node 0 FilePages:         95804 kB
Node 0 Mapped:            18712 kB
Node 0 AnonPages:         12232 kB
Node 0 Shmem:               496 kB
Node 0 KernelStack:        2088 kB
Node 0 PageTables:          348 kB
Node 0 NFS_Unstable:          0 kB
Node 0 Bounce:                0 kB
Node 0 WritebackTmp:          0 kB
Node 0 KReclaimable:      21532 kB
Node 0 Slab:              56356 kB
Node 0 SReclaimable:      21532 kB
Node 0 SUnreclaim:        34824 kB
Node 0 AnonHugePages:         0 kB
Node 0 ShmemHugePages:        0 kB
Node 0 ShmemPmdMapped:        0 kB
Node 0 FileHugePages:        0 kB
Node 0 FilePmdMapped:        0 kB
Node 0 HugePages_Total:     0
Node 0 HugePages_Free:      0
Node 0 HugePages_Surp:      0

Node 1 MemTotal:       24661580 kB
Node 1 MemFree:        24284980 kB
Node 1 MemUsed:          376600 kB
Node 1 Active:            45516 kB
Node 1 Inactive:          50176 kB
Node 1 Active(anon):      21592 kB
Node 1 Inactive(anon):      524 kB
Node 1 Active(file):      23924 kB
Node 1 Inactive(file):    49652 kB
Node 1 Unevictable:       16992 kB
Node 1 Mlocked:           16992 kB
Node 1 Dirty:                 0 kB
Node 1 Writeback:             0 kB
Node 1 FilePages:         81172 kB
Node 1 Mapped:            37680 kB
Node 1 AnonPages:         31676 kB
Node 1 Shmem:               772 kB
Node 1 KernelStack:        1512 kB
Node 1 PageTables:          704 kB
Node 1 NFS_Unstable:          0 kB
Node 1 Bounce:                0 kB
Node 1 WritebackTmp:          0 kB
Node 1 KReclaimable:      19480 kB
Node 1 Slab:              48920 kB
Node 1 SReclaimable:      19480 kB
Node 1 SUnreclaim:        29440 kB
Node 1 AnonHugePages:         0 kB
Node 1 ShmemHugePages:        0 kB
Node 1 ShmemPmdMapped:        0 kB
Node 1 FileHugePages:        0 kB
Node 1 FilePmdMapped:        0 kB
Node 1 HugePages_Total:     0
Node 1 HugePages_Free:      0
Node 1 HugePages_Surp:      0

Load ZFS
Node 0 MemTotal:       24768352 kB
Node 0 MemFree:        24490048 kB
Node 0 MemUsed:          278304 kB
Node 0 Active:            64124 kB
Node 0 Inactive:          61568 kB
Node 0 Active(anon):      25000 kB
Node 0 Inactive(anon):      480 kB
Node 0 Active(file):      39124 kB
Node 0 Inactive(file):    61088 kB
Node 0 Unevictable:        1532 kB
Node 0 Mlocked:            1532 kB
Node 0 Dirty:                64 kB
Node 0 Writeback:             0 kB
Node 0 FilePages:        102384 kB
Node 0 Mapped:            20488 kB
Node 0 AnonPages:         24656 kB
Node 0 Shmem:               640 kB
Node 0 KernelStack:        2544 kB
Node 0 PageTables:         1280 kB
Node 0 NFS_Unstable:          0 kB
Node 0 Bounce:                0 kB
Node 0 WritebackTmp:          0 kB
Node 0 KReclaimable:      22180 kB
Node 0 Slab:              59904 kB
Node 0 SReclaimable:      22180 kB
Node 0 SUnreclaim:        37724 kB
Node 0 AnonHugePages:         0 kB
Node 0 ShmemHugePages:        0 kB
Node 0 ShmemPmdMapped:        0 kB
Node 0 FileHugePages:        0 kB
Node 0 FilePmdMapped:        0 kB
Node 0 HugePages_Total:     0
Node 0 HugePages_Free:      0
Node 0 HugePages_Surp:      0

Node 1 MemTotal:       24661580 kB
Node 1 MemFree:        24170632 kB
Node 1 MemUsed:          490948 kB
Node 1 Active:            56772 kB
Node 1 Inactive:         148416 kB
Node 1 Active(anon):      31452 kB
Node 1 Inactive(anon):      460 kB
Node 1 Active(file):      25320 kB
Node 1 Inactive(file):   147956 kB
Node 1 Unevictable:       17224 kB
Node 1 Mlocked:           17224 kB
Node 1 Dirty:               388 kB
Node 1 Writeback:             0 kB
Node 1 FilePages:        180564 kB
Node 1 Mapped:            40600 kB
Node 1 AnonPages:         42064 kB
Node 1 Shmem:               628 kB
Node 1 KernelStack:        1928 kB
Node 1 PageTables:         1636 kB
Node 1 NFS_Unstable:          0 kB
Node 1 Bounce:                0 kB
Node 1 WritebackTmp:          0 kB
Node 1 KReclaimable:      20620 kB
Node 1 Slab:              52808 kB
Node 1 SReclaimable:      20620 kB
Node 1 SUnreclaim:        32188 kB
Node 1 AnonHugePages:         0 kB
Node 1 ShmemHugePages:        0 kB
Node 1 ShmemPmdMapped:        0 kB
Node 1 FileHugePages:        0 kB
Node 1 FilePmdMapped:        0 kB
Node 1 HugePages_Total:     0
Node 1 HugePages_Free:      0
Node 1 HugePages_Surp:      0

Import tank ZPool
Node 0 MemTotal:       24768352 kB
Node 0 MemFree:        24477548 kB
Node 0 MemUsed:          290804 kB
Node 0 Active:            63800 kB
Node 0 Inactive:          61476 kB
Node 0 Active(anon):      24768 kB
Node 0 Inactive(anon):      484 kB
Node 0 Active(file):      39032 kB
Node 0 Inactive(file):    60992 kB
Node 0 Unevictable:        1532 kB
Node 0 Mlocked:            1532 kB
Node 0 Dirty:                68 kB
Node 0 Writeback:             0 kB
Node 0 FilePages:        102200 kB
Node 0 Mapped:            19800 kB
Node 0 AnonPages:         24608 kB
Node 0 Shmem:               644 kB
Node 0 KernelStack:        3448 kB
Node 0 PageTables:         1168 kB
Node 0 NFS_Unstable:          0 kB
Node 0 Bounce:                0 kB
Node 0 WritebackTmp:          0 kB
Node 0 KReclaimable:      22180 kB
Node 0 Slab:              62136 kB
Node 0 SReclaimable:      22180 kB
Node 0 SUnreclaim:        39956 kB
Node 0 AnonHugePages:         0 kB
Node 0 ShmemHugePages:        0 kB
Node 0 ShmemPmdMapped:        0 kB
Node 0 FileHugePages:        0 kB
Node 0 FilePmdMapped:        0 kB
Node 0 HugePages_Total:     0
Node 0 HugePages_Free:      0
Node 0 HugePages_Surp:      0

Node 1 MemTotal:       24661580 kB
Node 1 MemFree:        24165448 kB
Node 1 MemUsed:          496132 kB
Node 1 Active:            57452 kB
Node 1 Inactive:         149636 kB
Node 1 Active(anon):      31628 kB
Node 1 Inactive(anon):      464 kB
Node 1 Active(file):      25824 kB
Node 1 Inactive(file):   149172 kB
Node 1 Unevictable:       17224 kB
Node 1 Mlocked:           17224 kB
Node 1 Dirty:               444 kB
Node 1 Writeback:             0 kB
Node 1 FilePages:        182280 kB
Node 1 Mapped:            40576 kB
Node 1 AnonPages:         41632 kB
Node 1 Shmem:               624 kB
Node 1 KernelStack:        1784 kB
Node 1 PageTables:         1544 kB
Node 1 NFS_Unstable:          0 kB
Node 1 Bounce:                0 kB
Node 1 WritebackTmp:          0 kB
Node 1 KReclaimable:      20736 kB
Node 1 Slab:              57348 kB
Node 1 SReclaimable:      20736 kB
Node 1 SUnreclaim:        36612 kB
Node 1 AnonHugePages:         0 kB
Node 1 ShmemHugePages:        0 kB
Node 1 ShmemPmdMapped:        0 kB
Node 1 FileHugePages:        0 kB
Node 1 FilePmdMapped:        0 kB
Node 1 HugePages_Total:     0
Node 1 HugePages_Free:      0
Node 1 HugePages_Surp:      0

After Test
Node 0 MemTotal:       24768352 kB
Node 0 MemFree:        20101704 kB
Node 0 MemUsed:         4666648 kB
Node 0 Active:            51792 kB
Node 0 Inactive:          92636 kB
Node 0 Active(anon):      12176 kB
Node 0 Inactive(anon):      484 kB
Node 0 Active(file):      39616 kB
Node 0 Inactive(file):    92152 kB
Node 0 Unevictable:        1532 kB
Node 0 Mlocked:            1532 kB
Node 0 Dirty:                 4 kB
Node 0 Writeback:             0 kB
Node 0 FilePages:        133944 kB
Node 0 Mapped:            18664 kB
Node 0 AnonPages:         11900 kB
Node 0 Shmem:               644 kB
Node 0 KernelStack:        3096 kB
Node 0 PageTables:          432 kB
Node 0 NFS_Unstable:          0 kB
Node 0 Bounce:                0 kB
Node 0 WritebackTmp:          0 kB
Node 0 KReclaimable:      22380 kB
Node 0 Slab:              79940 kB
Node 0 SReclaimable:      22380 kB
Node 0 SUnreclaim:        57560 kB
Node 0 AnonHugePages:         0 kB
Node 0 ShmemHugePages:        0 kB
Node 0 ShmemPmdMapped:        0 kB
Node 0 FileHugePages:        0 kB
Node 0 FilePmdMapped:        0 kB
Node 0 HugePages_Total:     0
Node 0 HugePages_Free:      0
Node 0 HugePages_Surp:      0

Node 1 MemTotal:       24661580 kB
Node 1 MemFree:        23495884 kB
Node 1 MemUsed:         1165696 kB
Node 1 Active:            48112 kB
Node 1 Inactive:         148868 kB
Node 1 Active(anon):      21496 kB
Node 1 Inactive(anon):      456 kB
Node 1 Active(file):      26616 kB
Node 1 Inactive(file):   148412 kB
Node 1 Unevictable:       17224 kB
Node 1 Mlocked:           17224 kB
Node 1 Dirty:                 0 kB
Node 1 Writeback:             0 kB
Node 1 FilePages:        182312 kB
Node 1 Mapped:            37732 kB
Node 1 AnonPages:         31888 kB
Node 1 Shmem:               624 kB
Node 1 KernelStack:        1496 kB
Node 1 PageTables:          752 kB
Node 1 NFS_Unstable:          0 kB
Node 1 Bounce:                0 kB
Node 1 WritebackTmp:          0 kB
Node 1 KReclaimable:      20776 kB
Node 1 Slab:              59736 kB
Node 1 SReclaimable:      20776 kB
Node 1 SUnreclaim:        38960 kB
Node 1 AnonHugePages:         0 kB
Node 1 ShmemHugePages:        0 kB
Node 1 ShmemPmdMapped:        0 kB
Node 1 FileHugePages:        0 kB
Node 1 FilePmdMapped:        0 kB
Node 1 HugePages_Total:     0
Node 1 HugePages_Free:      0
Node 1 HugePages_Surp:      0

After Opposite Node
Node 0 MemTotal:       24768352 kB
Node 0 MemFree:        20105992 kB
Node 0 MemUsed:         4662360 kB
Node 0 Active:            51456 kB
Node 0 Inactive:          92636 kB
Node 0 Active(anon):      11836 kB
Node 0 Inactive(anon):      484 kB
Node 0 Active(file):      39620 kB
Node 0 Inactive(file):    92152 kB
Node 0 Unevictable:        1532 kB
Node 0 Mlocked:            1532 kB
Node 0 Dirty:                 8 kB
Node 0 Writeback:             0 kB
Node 0 FilePages:        133948 kB
Node 0 Mapped:            18664 kB
Node 0 AnonPages:         11696 kB
Node 0 Shmem:               644 kB
Node 0 KernelStack:        3064 kB
Node 0 PageTables:          320 kB
Node 0 NFS_Unstable:          0 kB
Node 0 Bounce:                0 kB
Node 0 WritebackTmp:          0 kB
Node 0 KReclaimable:      22380 kB
Node 0 Slab:              80056 kB
Node 0 SReclaimable:      22380 kB
Node 0 SUnreclaim:        57676 kB
Node 0 AnonHugePages:         0 kB
Node 0 ShmemHugePages:        0 kB
Node 0 ShmemPmdMapped:        0 kB
Node 0 FileHugePages:        0 kB
Node 0 FilePmdMapped:        0 kB
Node 0 HugePages_Total:     0
Node 0 HugePages_Free:      0
Node 0 HugePages_Surp:      0

Node 1 MemTotal:       24661580 kB
Node 1 MemFree:        23496908 kB
Node 1 MemUsed:         1164672 kB
Node 1 Active:            48768 kB
Node 1 Inactive:         148588 kB
Node 1 Active(anon):      21856 kB
Node 1 Inactive(anon):      456 kB
Node 1 Active(file):      26912 kB
Node 1 Inactive(file):   148132 kB
Node 1 Unevictable:       17224 kB
Node 1 Mlocked:           17224 kB
Node 1 Dirty:                16 kB
Node 1 Writeback:             0 kB
Node 1 FilePages:        182328 kB
Node 1 Mapped:            37732 kB
Node 1 AnonPages:         32100 kB
Node 1 Shmem:               624 kB
Node 1 KernelStack:        1528 kB
Node 1 PageTables:          864 kB
Node 1 NFS_Unstable:          0 kB
Node 1 Bounce:                0 kB
Node 1 WritebackTmp:          0 kB
Node 1 KReclaimable:      20808 kB
Node 1 Slab:              59872 kB
Node 1 SReclaimable:      20808 kB
Node 1 SUnreclaim:        39064 kB
Node 1 AnonHugePages:         0 kB
Node 1 ShmemHugePages:        0 kB
Node 1 ShmemPmdMapped:        0 kB
Node 1 FileHugePages:        0 kB
Node 1 FilePmdMapped:        0 kB
Node 1 HugePages_Total:     0
Node 1 HugePages_Free:      0
Node 1 HugePages_Surp:      0

B.0.32M-simpleread.4G.1.O.1M Complete!
