kernel.numa_balancing = 0
B.0.256M-simpleread.500M.3.O.1M
Begin
Node 0 MemTotal:       24743736 kB
Node 0 MemFree:        24445076 kB
Node 0 MemUsed:          298660 kB
Node 0 Active:            68456 kB
Node 0 Inactive:          64716 kB
Node 0 Active(anon):      24640 kB
Node 0 Inactive(anon):      504 kB
Node 0 Active(file):      43816 kB
Node 0 Inactive(file):    64212 kB
Node 0 Unevictable:       17512 kB
Node 0 Mlocked:           17512 kB
Node 0 Dirty:               444 kB
Node 0 Writeback:             0 kB
Node 0 FilePages:        115908 kB
Node 0 Mapped:            40296 kB
Node 0 AnonPages:         34848 kB
Node 0 Shmem:               700 kB
Node 0 KernelStack:        2328 kB
Node 0 PageTables:          924 kB
Node 0 NFS_Unstable:          0 kB
Node 0 Bounce:                0 kB
Node 0 WritebackTmp:          0 kB
Node 0 KReclaimable:      25552 kB
Node 0 Slab:              64340 kB
Node 0 SReclaimable:      25552 kB
Node 0 SUnreclaim:        38788 kB
Node 0 AnonHugePages:         0 kB
Node 0 ShmemHugePages:        0 kB
Node 0 ShmemPmdMapped:        0 kB
Node 0 FileHugePages:        0 kB
Node 0 FilePmdMapped:        0 kB
Node 0 HugePages_Total:     0
Node 0 HugePages_Free:      0
Node 0 HugePages_Surp:      0

Node 1 MemTotal:       24686196 kB
Node 1 MemFree:        24369508 kB
Node 1 MemUsed:          316688 kB
Node 1 Active:            26936 kB
Node 1 Inactive:          27056 kB
Node 1 Active(anon):       9800 kB
Node 1 Inactive(anon):      368 kB
Node 1 Active(file):      17136 kB
Node 1 Inactive(file):    26688 kB
Node 1 Unevictable:        1012 kB
Node 1 Mlocked:            1012 kB
Node 1 Dirty:                64 kB
Node 1 Writeback:             0 kB
Node 1 FilePages:         45548 kB
Node 1 Mapped:            13136 kB
Node 1 AnonPages:          9600 kB
Node 1 Shmem:               568 kB
Node 1 KernelStack:        1304 kB
Node 1 PageTables:          228 kB
Node 1 NFS_Unstable:          0 kB
Node 1 Bounce:                0 kB
Node 1 WritebackTmp:          0 kB
Node 1 KReclaimable:      16688 kB
Node 1 Slab:              43872 kB
Node 1 SReclaimable:      16688 kB
Node 1 SUnreclaim:        27184 kB
Node 1 AnonHugePages:         0 kB
Node 1 ShmemHugePages:        0 kB
Node 1 ShmemPmdMapped:        0 kB
Node 1 FileHugePages:        0 kB
Node 1 FilePmdMapped:        0 kB
Node 1 HugePages_Total:     0
Node 1 HugePages_Free:      0
Node 1 HugePages_Surp:      0

Load ZFS
Node 0 MemTotal:       24743736 kB
Node 0 MemFree:        24207740 kB
Node 0 MemUsed:          535996 kB
Node 0 Active:            81020 kB
Node 0 Inactive:         144856 kB
Node 0 Active(anon):      35932 kB
Node 0 Inactive(anon):      488 kB
Node 0 Active(file):      45088 kB
Node 0 Inactive(file):   144368 kB
Node 0 Unevictable:       17728 kB
Node 0 Mlocked:           17728 kB
Node 0 Dirty:               356 kB
Node 0 Writeback:             0 kB
Node 0 FilePages:        197280 kB
Node 0 Mapped:            41884 kB
Node 0 AnonPages:         46488 kB
Node 0 Shmem:               644 kB
Node 0 KernelStack:        2680 kB
Node 0 PageTables:         1900 kB
Node 0 NFS_Unstable:          0 kB
Node 0 Bounce:                0 kB
Node 0 WritebackTmp:          0 kB
Node 0 KReclaimable:      26552 kB
Node 0 Slab:              69600 kB
Node 0 SReclaimable:      26552 kB
Node 0 SUnreclaim:        43048 kB
Node 0 AnonHugePages:         0 kB
Node 0 ShmemHugePages:        0 kB
Node 0 ShmemPmdMapped:        0 kB
Node 0 FileHugePages:        0 kB
Node 0 FilePmdMapped:        0 kB
Node 0 HugePages_Total:     0
Node 0 HugePages_Free:      0
Node 0 HugePages_Surp:      0

Node 1 MemTotal:       24686196 kB
Node 1 MemFree:        24464988 kB
Node 1 MemUsed:          221208 kB
Node 1 Active:            40340 kB
Node 1 Inactive:          50348 kB
Node 1 Active(anon):      22012 kB
Node 1 Inactive(anon):      456 kB
Node 1 Active(file):      18328 kB
Node 1 Inactive(file):    49892 kB
Node 1 Unevictable:        1012 kB
Node 1 Mlocked:            1012 kB
Node 1 Dirty:               204 kB
Node 1 Writeback:             0 kB
Node 1 FilePages:         69856 kB
Node 1 Mapped:            15416 kB
Node 1 AnonPages:         21996 kB
Node 1 Shmem:               624 kB
Node 1 KernelStack:        1572 kB
Node 1 PageTables:          824 kB
Node 1 NFS_Unstable:          0 kB
Node 1 Bounce:                0 kB
Node 1 WritebackTmp:          0 kB
Node 1 KReclaimable:      17500 kB
Node 1 Slab:              46428 kB
Node 1 SReclaimable:      17500 kB
Node 1 SUnreclaim:        28928 kB
Node 1 AnonHugePages:         0 kB
Node 1 ShmemHugePages:        0 kB
Node 1 ShmemPmdMapped:        0 kB
Node 1 FileHugePages:        0 kB
Node 1 FilePmdMapped:        0 kB
Node 1 HugePages_Total:     0
Node 1 HugePages_Free:      0
Node 1 HugePages_Surp:      0

Import tank ZPool
Node 0 MemTotal:       24743736 kB
Node 0 MemFree:        24213888 kB
Node 0 MemUsed:          529848 kB
Node 0 Active:            70060 kB
Node 0 Inactive:         145872 kB
Node 0 Active(anon):      24276 kB
Node 0 Inactive(anon):      488 kB
Node 0 Active(file):      45784 kB
Node 0 Inactive(file):   145384 kB
Node 0 Unevictable:       17744 kB
Node 0 Mlocked:           17744 kB
Node 0 Dirty:               300 kB
Node 0 Writeback:             0 kB
Node 0 FilePages:        199008 kB
Node 0 Mapped:            40500 kB
Node 0 AnonPages:         34584 kB
Node 0 Shmem:               640 kB
Node 0 KernelStack:        2316 kB
Node 0 PageTables:         1104 kB
Node 0 NFS_Unstable:          0 kB
Node 0 Bounce:                0 kB
Node 0 WritebackTmp:          0 kB
Node 0 KReclaimable:      26680 kB
Node 0 Slab:              74424 kB
Node 0 SReclaimable:      26680 kB
Node 0 SUnreclaim:        47744 kB
Node 0 AnonHugePages:         0 kB
Node 0 ShmemHugePages:        0 kB
Node 0 ShmemPmdMapped:        0 kB
Node 0 FileHugePages:        0 kB
Node 0 FilePmdMapped:        0 kB
Node 0 HugePages_Total:     0
Node 0 HugePages_Free:      0
Node 0 HugePages_Surp:      0

Node 1 MemTotal:       24686196 kB
Node 1 MemFree:        24462456 kB
Node 1 MemUsed:          223740 kB
Node 1 Active:            28008 kB
Node 1 Inactive:          50012 kB
Node 1 Active(anon):       9336 kB
Node 1 Inactive(anon):      460 kB
Node 1 Active(file):      18672 kB
Node 1 Inactive(file):    49552 kB
Node 1 Unevictable:        1012 kB
Node 1 Mlocked:            1012 kB
Node 1 Dirty:               248 kB
Node 1 Writeback:             0 kB
Node 1 FilePages:         69864 kB
Node 1 Mapped:            13336 kB
Node 1 AnonPages:          9032 kB
Node 1 Shmem:               628 kB
Node 1 KernelStack:        2376 kB
Node 1 PageTables:          284 kB
Node 1 NFS_Unstable:          0 kB
Node 1 Bounce:                0 kB
Node 1 WritebackTmp:          0 kB
Node 1 KReclaimable:      17508 kB
Node 1 Slab:              48660 kB
Node 1 SReclaimable:      17508 kB
Node 1 SUnreclaim:        31152 kB
Node 1 AnonHugePages:         0 kB
Node 1 ShmemHugePages:        0 kB
Node 1 ShmemPmdMapped:        0 kB
Node 1 FileHugePages:        0 kB
Node 1 FilePmdMapped:        0 kB
Node 1 HugePages_Total:     0
Node 1 HugePages_Free:      0
Node 1 HugePages_Surp:      0

After Test
Node 0 MemTotal:       24743736 kB
Node 0 MemFree:        23253256 kB
Node 0 MemUsed:         1490480 kB
Node 0 Active:            71036 kB
Node 0 Inactive:         395524 kB
Node 0 Active(anon):      24412 kB
Node 0 Inactive(anon):      488 kB
Node 0 Active(file):      46624 kB
Node 0 Inactive(file):   395036 kB
Node 0 Unevictable:       17744 kB
Node 0 Mlocked:           17744 kB
Node 0 Dirty:               212 kB
Node 0 Writeback:             0 kB
Node 0 FilePages:        449492 kB
Node 0 Mapped:            40328 kB
Node 0 AnonPages:         34996 kB
Node 0 Shmem:               640 kB
Node 0 KernelStack:        2296 kB
Node 0 PageTables:          876 kB
Node 0 NFS_Unstable:          0 kB
Node 0 Bounce:                0 kB
Node 0 WritebackTmp:          0 kB
Node 0 KReclaimable:      27304 kB
Node 0 Slab:              79988 kB
Node 0 SReclaimable:      27304 kB
Node 0 SUnreclaim:        52684 kB
Node 0 AnonHugePages:         0 kB
Node 0 ShmemHugePages:        0 kB
Node 0 ShmemPmdMapped:        0 kB
Node 0 FileHugePages:        0 kB
Node 0 FilePmdMapped:        0 kB
Node 0 HugePages_Total:     0
Node 0 HugePages_Free:      0
Node 0 HugePages_Surp:      0

Node 1 MemTotal:       24686196 kB
Node 1 MemFree:        24112192 kB
Node 1 MemUsed:          574004 kB
Node 1 Active:            27744 kB
Node 1 Inactive:          49956 kB
Node 1 Active(anon):       9016 kB
Node 1 Inactive(anon):      460 kB
Node 1 Active(file):      18728 kB
Node 1 Inactive(file):    49496 kB
Node 1 Unevictable:        1012 kB
Node 1 Mlocked:            1012 kB
Node 1 Dirty:               212 kB
Node 1 Writeback:             0 kB
Node 1 FilePages:         69864 kB
Node 1 Mapped:            13120 kB
Node 1 AnonPages:          8848 kB
Node 1 Shmem:               628 kB
Node 1 KernelStack:        2424 kB
Node 1 PageTables:          252 kB
Node 1 NFS_Unstable:          0 kB
Node 1 Bounce:                0 kB
Node 1 WritebackTmp:          0 kB
Node 1 KReclaimable:      17508 kB
Node 1 Slab:              49884 kB
Node 1 SReclaimable:      17508 kB
Node 1 SUnreclaim:        32376 kB
Node 1 AnonHugePages:         0 kB
Node 1 ShmemHugePages:        0 kB
Node 1 ShmemPmdMapped:        0 kB
Node 1 FileHugePages:        0 kB
Node 1 FilePmdMapped:        0 kB
Node 1 HugePages_Total:     0
Node 1 HugePages_Free:      0
Node 1 HugePages_Surp:      0

After Opposite Node
Node 0 MemTotal:       24743736 kB
Node 0 MemFree:        23254516 kB
Node 0 MemUsed:         1489220 kB
Node 0 Active:            71032 kB
Node 0 Inactive:         395284 kB
Node 0 Active(anon):      24140 kB
Node 0 Inactive(anon):      488 kB
Node 0 Active(file):      46892 kB
Node 0 Inactive(file):   394796 kB
Node 0 Unevictable:       17744 kB
Node 0 Mlocked:           17744 kB
Node 0 Dirty:               264 kB
Node 0 Writeback:             0 kB
Node 0 FilePages:        449516 kB
Node 0 Mapped:            40312 kB
Node 0 AnonPages:         34560 kB
Node 0 Shmem:               640 kB
Node 0 KernelStack:        2296 kB
Node 0 PageTables:          820 kB
Node 0 NFS_Unstable:          0 kB
Node 0 Bounce:                0 kB
Node 0 WritebackTmp:          0 kB
Node 0 KReclaimable:      27304 kB
Node 0 Slab:              80004 kB
Node 0 SReclaimable:      27304 kB
Node 0 SUnreclaim:        52700 kB
Node 0 AnonHugePages:         0 kB
Node 0 ShmemHugePages:        0 kB
Node 0 ShmemPmdMapped:        0 kB
Node 0 FileHugePages:        0 kB
Node 0 FilePmdMapped:        0 kB
Node 0 HugePages_Total:     0
Node 0 HugePages_Free:      0
Node 0 HugePages_Surp:      0

Node 1 MemTotal:       24686196 kB
Node 1 MemFree:        24111104 kB
Node 1 MemUsed:          575092 kB
Node 1 Active:            27936 kB
Node 1 Inactive:          49956 kB
Node 1 Active(anon):       9200 kB
Node 1 Inactive(anon):      452 kB
Node 1 Active(file):      18736 kB
Node 1 Inactive(file):    49504 kB
Node 1 Unevictable:        1012 kB
Node 1 Mlocked:            1012 kB
Node 1 Dirty:               224 kB
Node 1 Writeback:             0 kB
Node 1 FilePages:         69880 kB
Node 1 Mapped:            13120 kB
Node 1 AnonPages:          8752 kB
Node 1 Shmem:               628 kB
Node 1 KernelStack:        2392 kB
Node 1 PageTables:          380 kB
Node 1 NFS_Unstable:          0 kB
Node 1 Bounce:                0 kB
Node 1 WritebackTmp:          0 kB
Node 1 KReclaimable:      17544 kB
Node 1 Slab:              50028 kB
Node 1 SReclaimable:      17544 kB
Node 1 SUnreclaim:        32484 kB
Node 1 AnonHugePages:         0 kB
Node 1 ShmemHugePages:        0 kB
Node 1 ShmemPmdMapped:        0 kB
Node 1 FileHugePages:        0 kB
Node 1 FilePmdMapped:        0 kB
Node 1 HugePages_Total:     0
Node 1 HugePages_Free:      0
Node 1 HugePages_Surp:      0

B.0.256M-simpleread.500M.3.O.1M Complete!
