kernel.numa_balancing = 0
B.0.512M-simpleread.500M.2.O.1M
Begin
Node 0 MemTotal:       24743736 kB
Node 0 MemFree:        24315248 kB
Node 0 MemUsed:          428488 kB
Node 0 Active:            70856 kB
Node 0 Inactive:          69996 kB
Node 0 Active(anon):      25156 kB
Node 0 Inactive(anon):      284 kB
Node 0 Active(file):      45700 kB
Node 0 Inactive(file):    69712 kB
Node 0 Unevictable:        5716 kB
Node 0 Mlocked:            5716 kB
Node 0 Dirty:               480 kB
Node 0 Writeback:             0 kB
Node 0 FilePages:        121592 kB
Node 0 Mapped:            36744 kB
Node 0 AnonPages:         25068 kB
Node 0 Shmem:               468 kB
Node 0 KernelStack:        2376 kB
Node 0 PageTables:          760 kB
Node 0 NFS_Unstable:          0 kB
Node 0 Bounce:                0 kB
Node 0 WritebackTmp:          0 kB
Node 0 KReclaimable:      20700 kB
Node 0 Slab:              62544 kB
Node 0 SReclaimable:      20700 kB
Node 0 SUnreclaim:        41844 kB
Node 0 AnonHugePages:         0 kB
Node 0 ShmemHugePages:        0 kB
Node 0 ShmemPmdMapped:        0 kB
Node 0 FileHugePages:        0 kB
Node 0 FilePmdMapped:        0 kB
Node 0 HugePages_Total:     0
Node 0 HugePages_Free:      0
Node 0 HugePages_Surp:      0

Node 1 MemTotal:       24686196 kB
Node 1 MemFree:        24499012 kB
Node 1 MemUsed:          187184 kB
Node 1 Active:            24588 kB
Node 1 Inactive:          24340 kB
Node 1 Active(anon):       8756 kB
Node 1 Inactive(anon):      580 kB
Node 1 Active(file):      15832 kB
Node 1 Inactive(file):    23760 kB
Node 1 Unevictable:       12808 kB
Node 1 Mlocked:           12808 kB
Node 1 Dirty:                24 kB
Node 1 Writeback:             0 kB
Node 1 FilePages:         42884 kB
Node 1 Mapped:             9124 kB
Node 1 AnonPages:         18868 kB
Node 1 Shmem:               800 kB
Node 1 KernelStack:        1272 kB
Node 1 PageTables:          344 kB
Node 1 NFS_Unstable:          0 kB
Node 1 Bounce:                0 kB
Node 1 WritebackTmp:          0 kB
Node 1 KReclaimable:      21176 kB
Node 1 Slab:              43892 kB
Node 1 SReclaimable:      21176 kB
Node 1 SUnreclaim:        22716 kB
Node 1 AnonHugePages:         0 kB
Node 1 ShmemHugePages:        0 kB
Node 1 ShmemPmdMapped:        0 kB
Node 1 FileHugePages:        0 kB
Node 1 FilePmdMapped:        0 kB
Node 1 HugePages_Total:     0
Node 1 HugePages_Free:      0
Node 1 HugePages_Surp:      0

Load ZFS
Node 0 MemTotal:       24743736 kB
Node 0 MemFree:        24424404 kB
Node 0 MemUsed:          319332 kB
Node 0 Active:            86452 kB
Node 0 Inactive:          70292 kB
Node 0 Active(anon):      39296 kB
Node 0 Inactive(anon):      412 kB
Node 0 Active(file):      47156 kB
Node 0 Inactive(file):    69880 kB
Node 0 Unevictable:        5716 kB
Node 0 Mlocked:            5716 kB
Node 0 Dirty:               468 kB
Node 0 Writeback:             0 kB
Node 0 FilePages:        123364 kB
Node 0 Mapped:            37444 kB
Node 0 AnonPages:         38640 kB
Node 0 Shmem:               576 kB
Node 0 KernelStack:        2656 kB
Node 0 PageTables:         1980 kB
Node 0 NFS_Unstable:          0 kB
Node 0 Bounce:                0 kB
Node 0 WritebackTmp:          0 kB
Node 0 KReclaimable:      21408 kB
Node 0 Slab:              65744 kB
Node 0 SReclaimable:      21408 kB
Node 0 SUnreclaim:        44336 kB
Node 0 AnonHugePages:         0 kB
Node 0 ShmemHugePages:        0 kB
Node 0 ShmemPmdMapped:        0 kB
Node 0 FileHugePages:        0 kB
Node 0 FilePmdMapped:        0 kB
Node 0 HugePages_Total:     0
Node 0 HugePages_Free:      0
Node 0 HugePages_Surp:      0

Node 1 MemTotal:       24686196 kB
Node 1 MemFree:        24246320 kB
Node 1 MemUsed:          439876 kB
Node 1 Active:            37500 kB
Node 1 Inactive:         127600 kB
Node 1 Active(anon):      20548 kB
Node 1 Inactive(anon):      528 kB
Node 1 Active(file):      16952 kB
Node 1 Inactive(file):   127072 kB
Node 1 Unevictable:       13040 kB
Node 1 Mlocked:           13040 kB
Node 1 Dirty:                40 kB
Node 1 Writeback:             0 kB
Node 1 FilePages:        147196 kB
Node 1 Mapped:            12688 kB
Node 1 AnonPages:         31300 kB
Node 1 Shmem:               692 kB
Node 1 KernelStack:        1692 kB
Node 1 PageTables:         1508 kB
Node 1 NFS_Unstable:          0 kB
Node 1 Bounce:                0 kB
Node 1 WritebackTmp:          0 kB
Node 1 KReclaimable:      22048 kB
Node 1 Slab:              46992 kB
Node 1 SReclaimable:      22048 kB
Node 1 SUnreclaim:        24944 kB
Node 1 AnonHugePages:         0 kB
Node 1 ShmemHugePages:        0 kB
Node 1 ShmemPmdMapped:        0 kB
Node 1 FileHugePages:        0 kB
Node 1 FilePmdMapped:        0 kB
Node 1 HugePages_Total:     0
Node 1 HugePages_Free:      0
Node 1 HugePages_Surp:      0

Import tank ZPool
Node 0 MemTotal:       24743736 kB
Node 0 MemFree:        24420832 kB
Node 0 MemUsed:          322904 kB
Node 0 Active:            72840 kB
Node 0 Inactive:          71340 kB
Node 0 Active(anon):      25000 kB
Node 0 Inactive(anon):      424 kB
Node 0 Active(file):      47840 kB
Node 0 Inactive(file):    70916 kB
Node 0 Unevictable:        5716 kB
Node 0 Mlocked:            5716 kB
Node 0 Dirty:               532 kB
Node 0 Writeback:             0 kB
Node 0 FilePages:        124764 kB
Node 0 Mapped:            37200 kB
Node 0 AnonPages:         25012 kB
Node 0 Shmem:               580 kB
Node 0 KernelStack:        3688 kB
Node 0 PageTables:         1620 kB
Node 0 NFS_Unstable:          0 kB
Node 0 Bounce:                0 kB
Node 0 WritebackTmp:          0 kB
Node 0 KReclaimable:      21576 kB
Node 0 Slab:              71460 kB
Node 0 SReclaimable:      21576 kB
Node 0 SUnreclaim:        49884 kB
Node 0 AnonHugePages:         0 kB
Node 0 ShmemHugePages:        0 kB
Node 0 ShmemPmdMapped:        0 kB
Node 0 FileHugePages:        0 kB
Node 0 FilePmdMapped:        0 kB
Node 0 HugePages_Total:     0
Node 0 HugePages_Free:      0
Node 0 HugePages_Surp:      0

Node 1 MemTotal:       24686196 kB
Node 1 MemFree:        24256980 kB
Node 1 MemUsed:          429216 kB
Node 1 Active:            27476 kB
Node 1 Inactive:         127596 kB
Node 1 Active(anon):      10524 kB
Node 1 Inactive(anon):      524 kB
Node 1 Active(file):      16952 kB
Node 1 Inactive(file):   127072 kB
Node 1 Unevictable:       13040 kB
Node 1 Mlocked:           13040 kB
Node 1 Dirty:                48 kB
Node 1 Writeback:             0 kB
Node 1 FilePages:        147192 kB
Node 1 Mapped:             9612 kB
Node 1 AnonPages:         20092 kB
Node 1 Shmem:               688 kB
Node 1 KernelStack:        1576 kB
Node 1 PageTables:         1164 kB
Node 1 NFS_Unstable:          0 kB
Node 1 Bounce:                0 kB
Node 1 WritebackTmp:          0 kB
Node 1 KReclaimable:      22056 kB
Node 1 Slab:              46984 kB
Node 1 SReclaimable:      22056 kB
Node 1 SUnreclaim:        24928 kB
Node 1 AnonHugePages:         0 kB
Node 1 ShmemHugePages:        0 kB
Node 1 ShmemPmdMapped:        0 kB
Node 1 FileHugePages:        0 kB
Node 1 FilePmdMapped:        0 kB
Node 1 HugePages_Total:     0
Node 1 HugePages_Free:      0
Node 1 HugePages_Surp:      0

After Test
Node 0 MemTotal:       24743736 kB
Node 0 MemFree:        23186504 kB
Node 0 MemUsed:         1557232 kB
Node 0 Active:            73120 kB
Node 0 Inactive:         571076 kB
Node 0 Active(anon):      24748 kB
Node 0 Inactive(anon):      416 kB
Node 0 Active(file):      48372 kB
Node 0 Inactive(file):   570660 kB
Node 0 Unevictable:        5716 kB
Node 0 Mlocked:            5716 kB
Node 0 Dirty:               368 kB
Node 0 Writeback:             0 kB
Node 0 FilePages:        625324 kB
Node 0 Mapped:            37036 kB
Node 0 AnonPages:         24460 kB
Node 0 Shmem:               580 kB
Node 0 KernelStack:        3432 kB
Node 0 PageTables:          924 kB
Node 0 NFS_Unstable:          0 kB
Node 0 Bounce:                0 kB
Node 0 WritebackTmp:          0 kB
Node 0 KReclaimable:      22724 kB
Node 0 Slab:              77388 kB
Node 0 SReclaimable:      22724 kB
Node 0 SUnreclaim:        54664 kB
Node 0 AnonHugePages:         0 kB
Node 0 ShmemHugePages:        0 kB
Node 0 ShmemPmdMapped:        0 kB
Node 0 FileHugePages:        0 kB
Node 0 FilePmdMapped:        0 kB
Node 0 HugePages_Total:     0
Node 0 HugePages_Free:      0
Node 0 HugePages_Surp:      0

Node 1 MemTotal:       24686196 kB
Node 1 MemFree:        23935232 kB
Node 1 MemUsed:          750964 kB
Node 1 Active:            26444 kB
Node 1 Inactive:         127032 kB
Node 1 Active(anon):       8928 kB
Node 1 Inactive(anon):      524 kB
Node 1 Active(file):      17516 kB
Node 1 Inactive(file):   126508 kB
Node 1 Unevictable:       13040 kB
Node 1 Mlocked:           13040 kB
Node 1 Dirty:                20 kB
Node 1 Writeback:             0 kB
Node 1 FilePages:        147192 kB
Node 1 Mapped:             9132 kB
Node 1 AnonPages:         19324 kB
Node 1 Shmem:               688 kB
Node 1 KernelStack:        1288 kB
Node 1 PageTables:          348 kB
Node 1 NFS_Unstable:          0 kB
Node 1 Bounce:                0 kB
Node 1 WritebackTmp:          0 kB
Node 1 KReclaimable:      22136 kB
Node 1 Slab:              49012 kB
Node 1 SReclaimable:      22136 kB
Node 1 SUnreclaim:        26876 kB
Node 1 AnonHugePages:         0 kB
Node 1 ShmemHugePages:        0 kB
Node 1 ShmemPmdMapped:        0 kB
Node 1 FileHugePages:        0 kB
Node 1 FilePmdMapped:        0 kB
Node 1 HugePages_Total:     0
Node 1 HugePages_Free:      0
Node 1 HugePages_Surp:      0

After Opposite Node
Node 0 MemTotal:       24743736 kB
Node 0 MemFree:        23186944 kB
Node 0 MemUsed:         1556792 kB
Node 0 Active:            73000 kB
Node 0 Inactive:         570828 kB
Node 0 Active(anon):      24368 kB
Node 0 Inactive(anon):      416 kB
Node 0 Active(file):      48632 kB
Node 0 Inactive(file):   570412 kB
Node 0 Unevictable:        5716 kB
Node 0 Mlocked:            5716 kB
Node 0 Dirty:               380 kB
Node 0 Writeback:             0 kB
Node 0 FilePages:        625336 kB
Node 0 Mapped:            36824 kB
Node 0 AnonPages:         24228 kB
Node 0 Shmem:               580 kB
Node 0 KernelStack:        3352 kB
Node 0 PageTables:          680 kB
Node 0 NFS_Unstable:          0 kB
Node 0 Bounce:                0 kB
Node 0 WritebackTmp:          0 kB
Node 0 KReclaimable:      22724 kB
Node 0 Slab:              77452 kB
Node 0 SReclaimable:      22724 kB
Node 0 SUnreclaim:        54728 kB
Node 0 AnonHugePages:         0 kB
Node 0 ShmemHugePages:        0 kB
Node 0 ShmemPmdMapped:        0 kB
Node 0 FileHugePages:        0 kB
Node 0 FilePmdMapped:        0 kB
Node 0 HugePages_Total:     0
Node 0 HugePages_Free:      0
Node 0 HugePages_Surp:      0

Node 1 MemTotal:       24686196 kB
Node 1 MemFree:        23935244 kB
Node 1 MemUsed:          750952 kB
Node 1 Active:            26792 kB
Node 1 Inactive:         127036 kB
Node 1 Active(anon):       9272 kB
Node 1 Inactive(anon):      524 kB
Node 1 Active(file):      17520 kB
Node 1 Inactive(file):   126512 kB
Node 1 Unevictable:       13040 kB
Node 1 Mlocked:           13040 kB
Node 1 Dirty:                24 kB
Node 1 Writeback:             0 kB
Node 1 FilePages:        147200 kB
Node 1 Mapped:             9132 kB
Node 1 AnonPages:         19572 kB
Node 1 Shmem:               688 kB
Node 1 KernelStack:        1256 kB
Node 1 PageTables:          540 kB
Node 1 NFS_Unstable:          0 kB
Node 1 Bounce:                0 kB
Node 1 WritebackTmp:          0 kB
Node 1 KReclaimable:      22168 kB
Node 1 Slab:              49296 kB
Node 1 SReclaimable:      22168 kB
Node 1 SUnreclaim:        27128 kB
Node 1 AnonHugePages:         0 kB
Node 1 ShmemHugePages:        0 kB
Node 1 ShmemPmdMapped:        0 kB
Node 1 FileHugePages:        0 kB
Node 1 FilePmdMapped:        0 kB
Node 1 HugePages_Total:     0
Node 1 HugePages_Free:      0
Node 1 HugePages_Surp:      0

B.0.512M-simpleread.500M.2.O.1M Complete!
