kernel.numa_balancing = 0
B.0.1G-simpleread.8G.3.O.1M
Begin
Node 0 MemTotal:       24768352 kB
Node 0 MemFree:        24330736 kB
Node 0 MemUsed:          437616 kB
Node 0 Active:            41244 kB
Node 0 Inactive:         114804 kB
Node 0 Active(anon):      17304 kB
Node 0 Inactive(anon):      536 kB
Node 0 Active(file):      23940 kB
Node 0 Inactive(file):   114268 kB
Node 0 Unevictable:         652 kB
Node 0 Mlocked:             652 kB
Node 0 Dirty:               144 kB
Node 0 Writeback:             0 kB
Node 0 FilePages:        139656 kB
Node 0 Mapped:            57384 kB
Node 0 AnonPages:         17148 kB
Node 0 Shmem:               744 kB
Node 0 KernelStack:        2152 kB
Node 0 PageTables:          664 kB
Node 0 NFS_Unstable:          0 kB
Node 0 Bounce:                0 kB
Node 0 WritebackTmp:          0 kB
Node 0 KReclaimable:      23372 kB
Node 0 Slab:              61080 kB
Node 0 SReclaimable:      23372 kB
Node 0 SUnreclaim:        37708 kB
Node 0 AnonHugePages:         0 kB
Node 0 ShmemHugePages:        0 kB
Node 0 ShmemPmdMapped:        0 kB
Node 0 FileHugePages:        0 kB
Node 0 FilePmdMapped:        0 kB
Node 0 HugePages_Total:     0
Node 0 HugePages_Free:      0
Node 0 HugePages_Surp:      0

Node 1 MemTotal:       24661580 kB
Node 1 MemFree:        24433888 kB
Node 1 MemUsed:          227692 kB
Node 1 Active:            57204 kB
Node 1 Inactive:          22604 kB
Node 1 Active(anon):      16440 kB
Node 1 Inactive(anon):      336 kB
Node 1 Active(file):      40764 kB
Node 1 Inactive(file):    22268 kB
Node 1 Unevictable:       17872 kB
Node 1 Mlocked:           17872 kB
Node 1 Dirty:                64 kB
Node 1 Writeback:             0 kB
Node 1 FilePages:         71096 kB
Node 1 Mapped:            25232 kB
Node 1 AnonPages:         26636 kB
Node 1 Shmem:               524 kB
Node 1 KernelStack:        1400 kB
Node 1 PageTables:          540 kB
Node 1 NFS_Unstable:          0 kB
Node 1 Bounce:                0 kB
Node 1 WritebackTmp:          0 kB
Node 1 KReclaimable:      19080 kB
Node 1 Slab:              46476 kB
Node 1 SReclaimable:      19080 kB
Node 1 SUnreclaim:        27396 kB
Node 1 AnonHugePages:         0 kB
Node 1 ShmemHugePages:        0 kB
Node 1 ShmemPmdMapped:        0 kB
Node 1 FileHugePages:        0 kB
Node 1 FilePmdMapped:        0 kB
Node 1 HugePages_Total:     0
Node 1 HugePages_Free:      0
Node 1 HugePages_Surp:      0

Load ZFS
Node 0 MemTotal:       24768352 kB
Node 0 MemFree:        24362560 kB
Node 0 MemUsed:          405792 kB
Node 0 Active:            52616 kB
Node 0 Inactive:         199820 kB
Node 0 Active(anon):      27040 kB
Node 0 Inactive(anon):      420 kB
Node 0 Active(file):      25576 kB
Node 0 Inactive(file):   199400 kB
Node 0 Unevictable:         652 kB
Node 0 Mlocked:             652 kB
Node 0 Dirty:               428 kB
Node 0 Writeback:             0 kB
Node 0 FilePages:        226208 kB
Node 0 Mapped:            59076 kB
Node 0 AnonPages:         26740 kB
Node 0 Shmem:               580 kB
Node 0 KernelStack:        2616 kB
Node 0 PageTables:         1836 kB
Node 0 NFS_Unstable:          0 kB
Node 0 Bounce:                0 kB
Node 0 WritebackTmp:          0 kB
Node 0 KReclaimable:      24304 kB
Node 0 Slab:              64940 kB
Node 0 SReclaimable:      24304 kB
Node 0 SUnreclaim:        40636 kB
Node 0 AnonHugePages:         0 kB
Node 0 ShmemHugePages:        0 kB
Node 0 ShmemPmdMapped:        0 kB
Node 0 FileHugePages:        0 kB
Node 0 FilePmdMapped:        0 kB
Node 0 HugePages_Total:     0
Node 0 HugePages_Free:      0
Node 0 HugePages_Surp:      0

Node 1 MemTotal:       24661580 kB
Node 1 MemFree:        24256128 kB
Node 1 MemUsed:          405452 kB
Node 1 Active:            73404 kB
Node 1 Inactive:          41484 kB
Node 1 Active(anon):      31952 kB
Node 1 Inactive(anon):      524 kB
Node 1 Active(file):      41452 kB
Node 1 Inactive(file):    40960 kB
Node 1 Unevictable:       18084 kB
Node 1 Mlocked:           18084 kB
Node 1 Dirty:               120 kB
Node 1 Writeback:             0 kB
Node 1 FilePages:         90640 kB
Node 1 Mapped:            27920 kB
Node 1 AnonPages:         42796 kB
Node 1 Shmem:               688 kB
Node 1 KernelStack:        1468 kB
Node 1 PageTables:          604 kB
Node 1 NFS_Unstable:          0 kB
Node 1 Bounce:                0 kB
Node 1 WritebackTmp:          0 kB
Node 1 KReclaimable:      19916 kB
Node 1 Slab:              50724 kB
Node 1 SReclaimable:      19916 kB
Node 1 SUnreclaim:        30808 kB
Node 1 AnonHugePages:         0 kB
Node 1 ShmemHugePages:        0 kB
Node 1 ShmemPmdMapped:        0 kB
Node 1 FileHugePages:        0 kB
Node 1 FilePmdMapped:        0 kB
Node 1 HugePages_Total:     0
Node 1 HugePages_Free:      0
Node 1 HugePages_Surp:      0

Import tank ZPool
Node 0 MemTotal:       24768352 kB
Node 0 MemFree:        24365576 kB
Node 0 MemUsed:          402776 kB
Node 0 Active:            44628 kB
Node 0 Inactive:         200836 kB
Node 0 Active(anon):      18376 kB
Node 0 Inactive(anon):      420 kB
Node 0 Active(file):      26252 kB
Node 0 Inactive(file):   200416 kB
Node 0 Unevictable:         652 kB
Node 0 Mlocked:             652 kB
Node 0 Dirty:                28 kB
Node 0 Writeback:             0 kB
Node 0 FilePages:        227916 kB
Node 0 Mapped:            58312 kB
Node 0 AnonPages:         17876 kB
Node 0 Shmem:               580 kB
Node 0 KernelStack:        3240 kB
Node 0 PageTables:         1136 kB
Node 0 NFS_Unstable:          0 kB
Node 0 Bounce:                0 kB
Node 0 WritebackTmp:          0 kB
Node 0 KReclaimable:      24440 kB
Node 0 Slab:              70328 kB
Node 0 SReclaimable:      24440 kB
Node 0 SUnreclaim:        45888 kB
Node 0 AnonHugePages:         0 kB
Node 0 ShmemHugePages:        0 kB
Node 0 ShmemPmdMapped:        0 kB
Node 0 FileHugePages:        0 kB
Node 0 FilePmdMapped:        0 kB
Node 0 HugePages_Total:     0
Node 0 HugePages_Free:      0
Node 0 HugePages_Surp:      0

Node 1 MemTotal:       24661580 kB
Node 1 MemFree:        24259576 kB
Node 1 MemUsed:          402004 kB
Node 1 Active:            58140 kB
Node 1 Inactive:          41188 kB
Node 1 Active(anon):      16360 kB
Node 1 Inactive(anon):      528 kB
Node 1 Active(file):      41780 kB
Node 1 Inactive(file):    40660 kB
Node 1 Unevictable:       18100 kB
Node 1 Mlocked:           18100 kB
Node 1 Dirty:                16 kB
Node 1 Writeback:             0 kB
Node 1 FilePages:         90668 kB
Node 1 Mapped:            25548 kB
Node 1 AnonPages:         26632 kB
Node 1 Shmem:               688 kB
Node 1 KernelStack:        1592 kB
Node 1 PageTables:          620 kB
Node 1 NFS_Unstable:          0 kB
Node 1 Bounce:                0 kB
Node 1 WritebackTmp:          0 kB
Node 1 KReclaimable:      19924 kB
Node 1 Slab:              51496 kB
Node 1 SReclaimable:      19924 kB
Node 1 SUnreclaim:        31572 kB
Node 1 AnonHugePages:         0 kB
Node 1 ShmemHugePages:        0 kB
Node 1 ShmemPmdMapped:        0 kB
Node 1 FileHugePages:        0 kB
Node 1 FilePmdMapped:        0 kB
Node 1 HugePages_Total:     0
Node 1 HugePages_Free:      0
Node 1 HugePages_Surp:      0

After Test
Node 0 MemTotal:       24768352 kB
Node 0 MemFree:        15034012 kB
Node 0 MemUsed:         9734340 kB
Node 0 Active:            45472 kB
Node 0 Inactive:        1176984 kB
Node 0 Active(anon):      18244 kB
Node 0 Inactive(anon):      420 kB
Node 0 Active(file):      27228 kB
Node 0 Inactive(file):  1176564 kB
Node 0 Unevictable:         652 kB
Node 0 Mlocked:             652 kB
Node 0 Dirty:                12 kB
Node 0 Writeback:             0 kB
Node 0 FilePages:       1205064 kB
Node 0 Mapped:            57920 kB
Node 0 AnonPages:         17932 kB
Node 0 Shmem:               580 kB
Node 0 KernelStack:        3080 kB
Node 0 PageTables:          912 kB
Node 0 NFS_Unstable:          0 kB
Node 0 Bounce:                0 kB
Node 0 WritebackTmp:          0 kB
Node 0 KReclaimable:      26764 kB
Node 0 Slab:             102456 kB
Node 0 SReclaimable:      26764 kB
Node 0 SUnreclaim:        75692 kB
Node 0 AnonHugePages:         0 kB
Node 0 ShmemHugePages:        0 kB
Node 0 ShmemPmdMapped:        0 kB
Node 0 FileHugePages:        0 kB
Node 0 FilePmdMapped:        0 kB
Node 0 HugePages_Total:     0
Node 0 HugePages_Free:      0
Node 0 HugePages_Surp:      0

Node 1 MemTotal:       24661580 kB
Node 1 MemFree:        23370904 kB
Node 1 MemUsed:         1290676 kB
Node 1 Active:            57404 kB
Node 1 Inactive:          41112 kB
Node 1 Active(anon):      15552 kB
Node 1 Inactive(anon):      528 kB
Node 1 Active(file):      41852 kB
Node 1 Inactive(file):    40584 kB
Node 1 Unevictable:       18100 kB
Node 1 Mlocked:           18100 kB
Node 1 Dirty:                16 kB
Node 1 Writeback:             0 kB
Node 1 FilePages:         90664 kB
Node 1 Mapped:            25252 kB
Node 1 AnonPages:         25972 kB
Node 1 Shmem:               688 kB
Node 1 KernelStack:        1512 kB
Node 1 PageTables:          508 kB
Node 1 NFS_Unstable:          0 kB
Node 1 Bounce:                0 kB
Node 1 WritebackTmp:          0 kB
Node 1 KReclaimable:      20020 kB
Node 1 Slab:              55116 kB
Node 1 SReclaimable:      20020 kB
Node 1 SUnreclaim:        35096 kB
Node 1 AnonHugePages:         0 kB
Node 1 ShmemHugePages:        0 kB
Node 1 ShmemPmdMapped:        0 kB
Node 1 FileHugePages:        0 kB
Node 1 FilePmdMapped:        0 kB
Node 1 HugePages_Total:     0
Node 1 HugePages_Free:      0
Node 1 HugePages_Surp:      0

After Opposite Node
Node 0 MemTotal:       24768352 kB
Node 0 MemFree:        15034444 kB
Node 0 MemUsed:         9733908 kB
Node 0 Active:            45300 kB
Node 0 Inactive:        1176780 kB
Node 0 Active(anon):      17808 kB
Node 0 Inactive(anon):      416 kB
Node 0 Active(file):      27492 kB
Node 0 Inactive(file):  1176364 kB
Node 0 Unevictable:         652 kB
Node 0 Mlocked:             652 kB
Node 0 Dirty:                44 kB
Node 0 Writeback:             0 kB
Node 0 FilePages:       1205088 kB
Node 0 Mapped:            57916 kB
Node 0 AnonPages:         17664 kB
Node 0 Shmem:               580 kB
Node 0 KernelStack:        3048 kB
Node 0 PageTables:          700 kB
Node 0 NFS_Unstable:          0 kB
Node 0 Bounce:                0 kB
Node 0 WritebackTmp:          0 kB
Node 0 KReclaimable:      26764 kB
Node 0 Slab:             102672 kB
Node 0 SReclaimable:      26764 kB
Node 0 SUnreclaim:        75908 kB
Node 0 AnonHugePages:         0 kB
Node 0 ShmemHugePages:        0 kB
Node 0 ShmemPmdMapped:        0 kB
Node 0 FileHugePages:        0 kB
Node 0 FilePmdMapped:        0 kB
Node 0 HugePages_Total:     0
Node 0 HugePages_Free:      0
Node 0 HugePages_Surp:      0

Node 1 MemTotal:       24661580 kB
Node 1 MemFree:        23374476 kB
Node 1 MemUsed:         1287104 kB
Node 1 Active:            57932 kB
Node 1 Inactive:          41076 kB
Node 1 Active(anon):      16040 kB
Node 1 Inactive(anon):      524 kB
Node 1 Active(file):      41892 kB
Node 1 Inactive(file):    40552 kB
Node 1 Unevictable:       18100 kB
Node 1 Mlocked:           18100 kB
Node 1 Dirty:                28 kB
Node 1 Writeback:             0 kB
Node 1 FilePages:         90672 kB
Node 1 Mapped:            25252 kB
Node 1 AnonPages:         26240 kB
Node 1 Shmem:               688 kB
Node 1 KernelStack:        1544 kB
Node 1 PageTables:          724 kB
Node 1 NFS_Unstable:          0 kB
Node 1 Bounce:                0 kB
Node 1 WritebackTmp:          0 kB
Node 1 KReclaimable:      20052 kB
Node 1 Slab:              55236 kB
Node 1 SReclaimable:      20052 kB
Node 1 SUnreclaim:        35184 kB
Node 1 AnonHugePages:         0 kB
Node 1 ShmemHugePages:        0 kB
Node 1 ShmemPmdMapped:        0 kB
Node 1 FileHugePages:        0 kB
Node 1 FilePmdMapped:        0 kB
Node 1 HugePages_Total:     0
Node 1 HugePages_Free:      0
Node 1 HugePages_Surp:      0

B.0.1G-simpleread.8G.3.O.1M Complete!
