kernel.numa_balancing = 0
215 Tests Remaining!
B.0.4M-simpleread.2-1G.1.O.1M
Begin
Node 0 MemTotal:       24743736 kB
Node 0 MemFree:        24440204 kB
Node 0 MemUsed:          303532 kB
Node 0 Active:            70656 kB
Node 0 Inactive:          73976 kB
Node 0 Active(anon):      21092 kB
Node 0 Inactive(anon):      432 kB
Node 0 Active(file):      49564 kB
Node 0 Inactive(file):    73544 kB
Node 0 Unevictable:       17532 kB
Node 0 Mlocked:           17532 kB
Node 0 Dirty:               400 kB
Node 0 Writeback:             0 kB
Node 0 FilePages:        130984 kB
Node 0 Mapped:            62876 kB
Node 0 AnonPages:         31420 kB
Node 0 Shmem:               672 kB
Node 0 KernelStack:        2168 kB
Node 0 PageTables:          956 kB
Node 0 NFS_Unstable:          0 kB
Node 0 Bounce:                0 kB
Node 0 WritebackTmp:          0 kB
Node 0 KReclaimable:      25108 kB
Node 0 Slab:              60900 kB
Node 0 SReclaimable:      25108 kB
Node 0 SUnreclaim:        35792 kB
Node 0 AnonHugePages:         0 kB
Node 0 ShmemHugePages:        0 kB
Node 0 ShmemPmdMapped:        0 kB
Node 0 FileHugePages:        0 kB
Node 0 FilePmdMapped:        0 kB
Node 0 HugePages_Total:     0
Node 0 HugePages_Free:      0
Node 0 HugePages_Surp:      0

Node 1 MemTotal:       24686196 kB
Node 1 MemFree:        24333148 kB
Node 1 MemUsed:          353048 kB
Node 1 Active:            27496 kB
Node 1 Inactive:          59000 kB
Node 1 Active(anon):      13284 kB
Node 1 Inactive(anon):      440 kB
Node 1 Active(file):      14212 kB
Node 1 Inactive(file):    58560 kB
Node 1 Unevictable:         988 kB
Node 1 Mlocked:             988 kB
Node 1 Dirty:               116 kB
Node 1 Writeback:             0 kB
Node 1 FilePages:         74356 kB
Node 1 Mapped:            11376 kB
Node 1 AnonPages:         13056 kB
Node 1 Shmem:               596 kB
Node 1 KernelStack:        1704 kB
Node 1 PageTables:          428 kB
Node 1 NFS_Unstable:          0 kB
Node 1 Bounce:                0 kB
Node 1 WritebackTmp:          0 kB
Node 1 KReclaimable:      17316 kB
Node 1 Slab:              46876 kB
Node 1 SReclaimable:      17316 kB
Node 1 SUnreclaim:        29560 kB
Node 1 AnonHugePages:         0 kB
Node 1 ShmemHugePages:        0 kB
Node 1 ShmemPmdMapped:        0 kB
Node 1 FileHugePages:        0 kB
Node 1 FilePmdMapped:        0 kB
Node 1 HugePages_Total:     0
Node 1 HugePages_Free:      0
Node 1 HugePages_Surp:      0

Load ZFS
Node 0 MemTotal:       24743736 kB
Node 0 MemFree:        24193480 kB
Node 0 MemUsed:          550256 kB
Node 0 Active:            85124 kB
Node 0 Inactive:         163624 kB
Node 0 Active(anon):      33868 kB
Node 0 Inactive(anon):      512 kB
Node 0 Active(file):      51256 kB
Node 0 Inactive(file):   163112 kB
Node 0 Unevictable:       17748 kB
Node 0 Mlocked:           17748 kB
Node 0 Dirty:               652 kB
Node 0 Writeback:             0 kB
Node 0 FilePages:        222256 kB
Node 0 Mapped:            64724 kB
Node 0 AnonPages:         44028 kB
Node 0 Shmem:               680 kB
Node 0 KernelStack:        2228 kB
Node 0 PageTables:         1276 kB
Node 0 NFS_Unstable:          0 kB
Node 0 Bounce:                0 kB
Node 0 WritebackTmp:          0 kB
Node 0 KReclaimable:      25920 kB
Node 0 Slab:              64104 kB
Node 0 SReclaimable:      25920 kB
Node 0 SUnreclaim:        38184 kB
Node 0 AnonHugePages:         0 kB
Node 0 ShmemHugePages:        0 kB
Node 0 ShmemPmdMapped:        0 kB
Node 0 FileHugePages:        0 kB
Node 0 FilePmdMapped:        0 kB
Node 0 HugePages_Total:     0
Node 0 HugePages_Free:      0
Node 0 HugePages_Surp:      0

Node 1 MemTotal:       24686196 kB
Node 1 MemFree:        24432040 kB
Node 1 MemUsed:          254156 kB
Node 1 Active:            42680 kB
Node 1 Inactive:          73000 kB
Node 1 Active(anon):      27760 kB
Node 1 Inactive(anon):      432 kB
Node 1 Active(file):      14920 kB
Node 1 Inactive(file):    72568 kB
Node 1 Unevictable:         988 kB
Node 1 Mlocked:             988 kB
Node 1 Dirty:               112 kB
Node 1 Writeback:           116 kB
Node 1 FilePages:         89064 kB
Node 1 Mapped:            13208 kB
Node 1 AnonPages:         27740 kB
Node 1 Shmem:               588 kB
Node 1 KernelStack:        1956 kB
Node 1 PageTables:         1172 kB
Node 1 NFS_Unstable:          0 kB
Node 1 Bounce:                0 kB
Node 1 WritebackTmp:          0 kB
Node 1 KReclaimable:      17872 kB
Node 1 Slab:              49604 kB
Node 1 SReclaimable:      17872 kB
Node 1 SUnreclaim:        31732 kB
Node 1 AnonHugePages:         0 kB
Node 1 ShmemHugePages:        0 kB
Node 1 ShmemPmdMapped:        0 kB
Node 1 FileHugePages:        0 kB
Node 1 FilePmdMapped:        0 kB
Node 1 HugePages_Total:     0
Node 1 HugePages_Free:      0
Node 1 HugePages_Surp:      0

Import tank ZPool
Node 0 MemTotal:       24743736 kB
Node 0 MemFree:        24186912 kB
Node 0 MemUsed:          556824 kB
Node 0 Active:            85172 kB
Node 0 Inactive:         164812 kB
Node 0 Active(anon):      33488 kB
Node 0 Inactive(anon):      520 kB
Node 0 Active(file):      51684 kB
Node 0 Inactive(file):   164292 kB
Node 0 Unevictable:       17764 kB
Node 0 Mlocked:           17764 kB
Node 0 Dirty:               704 kB
Node 0 Writeback:             0 kB
Node 0 FilePages:        223860 kB
Node 0 Mapped:            64976 kB
Node 0 AnonPages:         43508 kB
Node 0 Shmem:               680 kB
Node 0 KernelStack:        2232 kB
Node 0 PageTables:         1376 kB
Node 0 NFS_Unstable:          0 kB
Node 0 Bounce:                0 kB
Node 0 WritebackTmp:          0 kB
Node 0 KReclaimable:      26080 kB
Node 0 Slab:              68960 kB
Node 0 SReclaimable:      26080 kB
Node 0 SUnreclaim:        42880 kB
Node 0 AnonHugePages:         0 kB
Node 0 ShmemHugePages:        0 kB
Node 0 ShmemPmdMapped:        0 kB
Node 0 FileHugePages:        0 kB
Node 0 FilePmdMapped:        0 kB
Node 0 HugePages_Total:     0
Node 0 HugePages_Free:      0
Node 0 HugePages_Surp:      0

Node 1 MemTotal:       24686196 kB
Node 1 MemFree:        24419232 kB
Node 1 MemUsed:          266964 kB
Node 1 Active:            42732 kB
Node 1 Inactive:          73000 kB
Node 1 Active(anon):      27788 kB
Node 1 Inactive(anon):      428 kB
Node 1 Active(file):      14944 kB
Node 1 Inactive(file):    72572 kB
Node 1 Unevictable:         988 kB
Node 1 Mlocked:             988 kB
Node 1 Dirty:               152 kB
Node 1 Writeback:             0 kB
Node 1 FilePages:         89128 kB
Node 1 Mapped:            13152 kB
Node 1 AnonPages:         27628 kB
Node 1 Shmem:               588 kB
Node 1 KernelStack:        3000 kB
Node 1 PageTables:         1236 kB
Node 1 NFS_Unstable:          0 kB
Node 1 Bounce:                0 kB
Node 1 WritebackTmp:          0 kB
Node 1 KReclaimable:      17892 kB
Node 1 Slab:              51892 kB
Node 1 SReclaimable:      17892 kB
Node 1 SUnreclaim:        34000 kB
Node 1 AnonHugePages:         0 kB
Node 1 ShmemHugePages:        0 kB
Node 1 ShmemPmdMapped:        0 kB
Node 1 FileHugePages:        0 kB
Node 1 FilePmdMapped:        0 kB
Node 1 HugePages_Total:     0
Node 1 HugePages_Free:      0
Node 1 HugePages_Surp:      0

After Test
Node 0 MemTotal:       24743736 kB
Node 0 MemFree:        22507644 kB
Node 0 MemUsed:         2236092 kB
Node 0 Active:            75240 kB
Node 0 Inactive:         167780 kB
Node 0 Active(anon):      22112 kB
Node 0 Inactive(anon):      512 kB
Node 0 Active(file):      53128 kB
Node 0 Inactive(file):   167268 kB
Node 0 Unevictable:       17764 kB
Node 0 Mlocked:           17764 kB
Node 0 Dirty:               452 kB
Node 0 Writeback:             0 kB
Node 0 FilePages:        228280 kB
Node 0 Mapped:            63060 kB
Node 0 AnonPages:         32420 kB
Node 0 Shmem:               680 kB
Node 0 KernelStack:        1928 kB
Node 0 PageTables:          868 kB
Node 0 NFS_Unstable:          0 kB
Node 0 Bounce:                0 kB
Node 0 WritebackTmp:          0 kB
Node 0 KReclaimable:      26132 kB
Node 0 Slab:              77364 kB
Node 0 SReclaimable:      26132 kB
Node 0 SUnreclaim:        51232 kB
Node 0 AnonHugePages:         0 kB
Node 0 ShmemHugePages:        0 kB
Node 0 ShmemPmdMapped:        0 kB
Node 0 FileHugePages:        0 kB
Node 0 FilePmdMapped:        0 kB
Node 0 HugePages_Total:     0
Node 0 HugePages_Free:      0
Node 0 HugePages_Surp:      0

Node 1 MemTotal:       24686196 kB
Node 1 MemFree:        24244544 kB
Node 1 MemUsed:          441652 kB
Node 1 Active:            26896 kB
Node 1 Inactive:          72744 kB
Node 1 Active(anon):      11628 kB
Node 1 Inactive(anon):      428 kB
Node 1 Active(file):      15268 kB
Node 1 Inactive(file):    72316 kB
Node 1 Unevictable:         988 kB
Node 1 Mlocked:             988 kB
Node 1 Dirty:                84 kB
Node 1 Writeback:             0 kB
Node 1 FilePages:         89176 kB
Node 1 Mapped:            11376 kB
Node 1 AnonPages:         11468 kB
Node 1 Shmem:               588 kB
Node 1 KernelStack:        2712 kB
Node 1 PageTables:          336 kB
Node 1 NFS_Unstable:          0 kB
Node 1 Bounce:                0 kB
Node 1 WritebackTmp:          0 kB
Node 1 KReclaimable:      17936 kB
Node 1 Slab:              52812 kB
Node 1 SReclaimable:      17936 kB
Node 1 SUnreclaim:        34876 kB
Node 1 AnonHugePages:         0 kB
Node 1 ShmemHugePages:        0 kB
Node 1 ShmemPmdMapped:        0 kB
Node 1 FileHugePages:        0 kB
Node 1 FilePmdMapped:        0 kB
Node 1 HugePages_Total:     0
Node 1 HugePages_Free:      0
Node 1 HugePages_Surp:      0

After Opposite Node
Node 0 MemTotal:       24743736 kB
Node 0 MemFree:        22507916 kB
Node 0 MemUsed:         2235820 kB
Node 0 Active:            74704 kB
Node 0 Inactive:         167560 kB
Node 0 Active(anon):      21352 kB
Node 0 Inactive(anon):      512 kB
Node 0 Active(file):      53352 kB
Node 0 Inactive(file):   167048 kB
Node 0 Unevictable:       17764 kB
Node 0 Mlocked:           17764 kB
Node 0 Dirty:               456 kB
Node 0 Writeback:             0 kB
Node 0 FilePages:        228284 kB
Node 0 Mapped:            63020 kB
Node 0 AnonPages:         31760 kB
Node 0 Shmem:               680 kB
Node 0 KernelStack:        1896 kB
Node 0 PageTables:          812 kB
Node 0 NFS_Unstable:          0 kB
Node 0 Bounce:                0 kB
Node 0 WritebackTmp:          0 kB
Node 0 KReclaimable:      26132 kB
Node 0 Slab:              77460 kB
Node 0 SReclaimable:      26132 kB
Node 0 SUnreclaim:        51328 kB
Node 0 AnonHugePages:         0 kB
Node 0 ShmemHugePages:        0 kB
Node 0 ShmemPmdMapped:        0 kB
Node 0 FileHugePages:        0 kB
Node 0 FilePmdMapped:        0 kB
Node 0 HugePages_Total:     0
Node 0 HugePages_Free:      0
Node 0 HugePages_Surp:      0

Node 1 MemTotal:       24686196 kB
Node 1 MemFree:        24244912 kB
Node 1 MemUsed:          441284 kB
Node 1 Active:            27744 kB
Node 1 Inactive:          72732 kB
Node 1 Active(anon):      12424 kB
Node 1 Inactive(anon):      428 kB
Node 1 Active(file):      15320 kB
Node 1 Inactive(file):    72304 kB
Node 1 Unevictable:         988 kB
Node 1 Mlocked:             988 kB
Node 1 Dirty:                96 kB
Node 1 Writeback:             0 kB
Node 1 FilePages:         89200 kB
Node 1 Mapped:            11376 kB
Node 1 AnonPages:         12136 kB
Node 1 Shmem:               588 kB
Node 1 KernelStack:        2744 kB
Node 1 PageTables:          392 kB
Node 1 NFS_Unstable:          0 kB
Node 1 Bounce:                0 kB
Node 1 WritebackTmp:          0 kB
Node 1 KReclaimable:      17972 kB
Node 1 Slab:              52936 kB
Node 1 SReclaimable:      17972 kB
Node 1 SUnreclaim:        34964 kB
Node 1 AnonHugePages:         0 kB
Node 1 ShmemHugePages:        0 kB
Node 1 ShmemPmdMapped:        0 kB
Node 1 FileHugePages:        0 kB
Node 1 FilePmdMapped:        0 kB
Node 1 HugePages_Total:     0
Node 1 HugePages_Free:      0
Node 1 HugePages_Surp:      0

B.0.4M-simpleread.2-1G.1.O.1M Complete!
