kernel.numa_balancing = 0
B.0.32M-simpleread.2-1G.3.O.1M
Begin
Node 0 MemTotal:       24768352 kB
Node 0 MemFree:        24437136 kB
Node 0 MemUsed:          331216 kB
Node 0 Active:            39772 kB
Node 0 Inactive:          17056 kB
Node 0 Active(anon):       6676 kB
Node 0 Inactive(anon):      468 kB
Node 0 Active(file):      33096 kB
Node 0 Inactive(file):    16588 kB
Node 0 Unevictable:       13104 kB
Node 0 Mlocked:           13104 kB
Node 0 Dirty:               280 kB
Node 0 Writeback:             0 kB
Node 0 FilePages:         53060 kB
Node 0 Mapped:            11032 kB
Node 0 AnonPages:         16872 kB
Node 0 Shmem:               600 kB
Node 0 KernelStack:        2104 kB
Node 0 PageTables:          328 kB
Node 0 NFS_Unstable:          0 kB
Node 0 Bounce:                0 kB
Node 0 WritebackTmp:          0 kB
Node 0 KReclaimable:      17780 kB
Node 0 Slab:              45188 kB
Node 0 SReclaimable:      17780 kB
Node 0 SUnreclaim:        27408 kB
Node 0 AnonHugePages:         0 kB
Node 0 ShmemHugePages:        0 kB
Node 0 ShmemPmdMapped:        0 kB
Node 0 FileHugePages:        0 kB
Node 0 FilePmdMapped:        0 kB
Node 0 HugePages_Total:     0
Node 0 HugePages_Free:      0
Node 0 HugePages_Surp:      0

Node 1 MemTotal:       24661580 kB
Node 1 MemFree:        24362528 kB
Node 1 MemUsed:          299052 kB
Node 1 Active:            56880 kB
Node 1 Inactive:          87500 kB
Node 1 Active(anon):      26960 kB
Node 1 Inactive(anon):      408 kB
Node 1 Active(file):      29920 kB
Node 1 Inactive(file):    87092 kB
Node 1 Unevictable:        5420 kB
Node 1 Mlocked:            5420 kB
Node 1 Dirty:               228 kB
Node 1 Writeback:             0 kB
Node 1 FilePages:        123252 kB
Node 1 Mapped:            44280 kB
Node 1 AnonPages:         27124 kB
Node 1 Shmem:               668 kB
Node 1 KernelStack:        1496 kB
Node 1 PageTables:          772 kB
Node 1 NFS_Unstable:          0 kB
Node 1 Bounce:                0 kB
Node 1 WritebackTmp:          0 kB
Node 1 KReclaimable:      24288 kB
Node 1 Slab:              62820 kB
Node 1 SReclaimable:      24288 kB
Node 1 SUnreclaim:        38532 kB
Node 1 AnonHugePages:         0 kB
Node 1 ShmemHugePages:        0 kB
Node 1 ShmemPmdMapped:        0 kB
Node 1 FileHugePages:        0 kB
Node 1 FilePmdMapped:        0 kB
Node 1 HugePages_Total:     0
Node 1 HugePages_Free:      0
Node 1 HugePages_Surp:      0

Load ZFS
Node 0 MemTotal:       24768352 kB
Node 0 MemFree:        24526244 kB
Node 0 MemUsed:          242108 kB
Node 0 Active:            53472 kB
Node 0 Inactive:          44748 kB
Node 0 Active(anon):      19232 kB
Node 0 Inactive(anon):      440 kB
Node 0 Active(file):      34240 kB
Node 0 Inactive(file):    44308 kB
Node 0 Unevictable:       13320 kB
Node 0 Mlocked:           13320 kB
Node 0 Dirty:                52 kB
Node 0 Writeback:             0 kB
Node 0 FilePages:         81908 kB
Node 0 Mapped:            13252 kB
Node 0 AnonPages:         29668 kB
Node 0 Shmem:               584 kB
Node 0 KernelStack:        2396 kB
Node 0 PageTables:         1100 kB
Node 0 NFS_Unstable:          0 kB
Node 0 Bounce:                0 kB
Node 0 WritebackTmp:          0 kB
Node 0 KReclaimable:      18576 kB
Node 0 Slab:              48348 kB
Node 0 SReclaimable:      18576 kB
Node 0 SUnreclaim:        29772 kB
Node 0 AnonHugePages:         0 kB
Node 0 ShmemHugePages:        0 kB
Node 0 ShmemPmdMapped:        0 kB
Node 0 FileHugePages:        0 kB
Node 0 FilePmdMapped:        0 kB
Node 0 HugePages_Total:     0
Node 0 HugePages_Free:      0
Node 0 HugePages_Surp:      0

Node 1 MemTotal:       24661580 kB
Node 1 MemFree:        24130856 kB
Node 1 MemUsed:          530724 kB
Node 1 Active:            72004 kB
Node 1 Inactive:         163100 kB
Node 1 Active(anon):      40656 kB
Node 1 Inactive(anon):      504 kB
Node 1 Active(file):      31348 kB
Node 1 Inactive(file):   162596 kB
Node 1 Unevictable:        5420 kB
Node 1 Mlocked:            5420 kB
Node 1 Dirty:               528 kB
Node 1 Writeback:             0 kB
Node 1 FilePages:        200044 kB
Node 1 Mapped:            46184 kB
Node 1 AnonPages:         40916 kB
Node 1 Shmem:               684 kB
Node 1 KernelStack:        1656 kB
Node 1 PageTables:         1768 kB
Node 1 NFS_Unstable:          0 kB
Node 1 Bounce:                0 kB
Node 1 WritebackTmp:          0 kB
Node 1 KReclaimable:      25184 kB
Node 1 Slab:              66564 kB
Node 1 SReclaimable:      25184 kB
Node 1 SUnreclaim:        41380 kB
Node 1 AnonHugePages:         0 kB
Node 1 ShmemHugePages:        0 kB
Node 1 ShmemPmdMapped:        0 kB
Node 1 FileHugePages:        0 kB
Node 1 FilePmdMapped:        0 kB
Node 1 HugePages_Total:     0
Node 1 HugePages_Free:      0
Node 1 HugePages_Surp:      0

Import tank ZPool
Node 0 MemTotal:       24768352 kB
Node 0 MemFree:        24523488 kB
Node 0 MemUsed:          244864 kB
Node 0 Active:            41100 kB
Node 0 Inactive:          44568 kB
Node 0 Active(anon):       6672 kB
Node 0 Inactive(anon):      444 kB
Node 0 Active(file):      34428 kB
Node 0 Inactive(file):    44124 kB
Node 0 Unevictable:       13336 kB
Node 0 Mlocked:           13336 kB
Node 0 Dirty:                20 kB
Node 0 Writeback:             0 kB
Node 0 FilePages:         81912 kB
Node 0 Mapped:            11212 kB
Node 0 AnonPages:         16776 kB
Node 0 Shmem:               584 kB
Node 0 KernelStack:        3368 kB
Node 0 PageTables:          472 kB
Node 0 NFS_Unstable:          0 kB
Node 0 Bounce:                0 kB
Node 0 WritebackTmp:          0 kB
Node 0 KReclaimable:      18596 kB
Node 0 Slab:              50888 kB
Node 0 SReclaimable:      18596 kB
Node 0 SUnreclaim:        32292 kB
Node 0 AnonHugePages:         0 kB
Node 0 ShmemHugePages:        0 kB
Node 0 ShmemPmdMapped:        0 kB
Node 0 FileHugePages:        0 kB
Node 0 FilePmdMapped:        0 kB
Node 0 HugePages_Total:     0
Node 0 HugePages_Free:      0
Node 0 HugePages_Surp:      0

Node 1 MemTotal:       24661580 kB
Node 1 MemFree:        24139808 kB
Node 1 MemUsed:          521772 kB
Node 1 Active:            58740 kB
Node 1 Inactive:         164296 kB
Node 1 Active(anon):      27036 kB
Node 1 Inactive(anon):      504 kB
Node 1 Active(file):      31704 kB
Node 1 Inactive(file):   163792 kB
Node 1 Unevictable:        5420 kB
Node 1 Mlocked:            5420 kB
Node 1 Dirty:                48 kB
Node 1 Writeback:             0 kB
Node 1 FilePages:        201648 kB
Node 1 Mapped:            44700 kB
Node 1 AnonPages:         26824 kB
Node 1 Shmem:               684 kB
Node 1 KernelStack:        1448 kB
Node 1 PageTables:         1112 kB
Node 1 NFS_Unstable:          0 kB
Node 1 Bounce:                0 kB
Node 1 WritebackTmp:          0 kB
Node 1 KReclaimable:      25296 kB
Node 1 Slab:              71036 kB
Node 1 SReclaimable:      25296 kB
Node 1 SUnreclaim:        45740 kB
Node 1 AnonHugePages:         0 kB
Node 1 ShmemHugePages:        0 kB
Node 1 ShmemPmdMapped:        0 kB
Node 1 FileHugePages:        0 kB
Node 1 FilePmdMapped:        0 kB
Node 1 HugePages_Total:     0
Node 1 HugePages_Free:      0
Node 1 HugePages_Surp:      0

After Test
Node 0 MemTotal:       24768352 kB
Node 0 MemFree:        22840296 kB
Node 0 MemUsed:         1928056 kB
Node 0 Active:            41844 kB
Node 0 Inactive:          75752 kB
Node 0 Active(anon):       6908 kB
Node 0 Inactive(anon):      440 kB
Node 0 Active(file):      34936 kB
Node 0 Inactive(file):    75312 kB
Node 0 Unevictable:       13336 kB
Node 0 Mlocked:           13336 kB
Node 0 Dirty:                 8 kB
Node 0 Writeback:             0 kB
Node 0 FilePages:        113608 kB
Node 0 Mapped:            11056 kB
Node 0 AnonPages:         17212 kB
Node 0 Shmem:               584 kB
Node 0 KernelStack:        3336 kB
Node 0 PageTables:          440 kB
Node 0 NFS_Unstable:          0 kB
Node 0 Bounce:                0 kB
Node 0 WritebackTmp:          0 kB
Node 0 KReclaimable:      18732 kB
Node 0 Slab:              60304 kB
Node 0 SReclaimable:      18732 kB
Node 0 SUnreclaim:        41572 kB
Node 0 AnonHugePages:         0 kB
Node 0 ShmemHugePages:        0 kB
Node 0 ShmemPmdMapped:        0 kB
Node 0 FileHugePages:        0 kB
Node 0 FilePmdMapped:        0 kB
Node 0 HugePages_Total:     0
Node 0 HugePages_Free:      0
Node 0 HugePages_Surp:      0

Node 1 MemTotal:       24661580 kB
Node 1 MemFree:        23919268 kB
Node 1 MemUsed:          742312 kB
Node 1 Active:            59312 kB
Node 1 Inactive:         163800 kB
Node 1 Active(anon):      26880 kB
Node 1 Inactive(anon):      500 kB
Node 1 Active(file):      32432 kB
Node 1 Inactive(file):   163300 kB
Node 1 Unevictable:        5420 kB
Node 1 Mlocked:            5420 kB
Node 1 Dirty:                20 kB
Node 1 Writeback:             0 kB
Node 1 FilePages:        201836 kB
Node 1 Mapped:            44572 kB
Node 1 AnonPages:         26696 kB
Node 1 Shmem:               684 kB
Node 1 KernelStack:        1336 kB
Node 1 PageTables:          736 kB
Node 1 NFS_Unstable:          0 kB
Node 1 Bounce:                0 kB
Node 1 WritebackTmp:          0 kB
Node 1 KReclaimable:      25296 kB
Node 1 Slab:              71592 kB
Node 1 SReclaimable:      25296 kB
Node 1 SUnreclaim:        46296 kB
Node 1 AnonHugePages:         0 kB
Node 1 ShmemHugePages:        0 kB
Node 1 ShmemPmdMapped:        0 kB
Node 1 FileHugePages:        0 kB
Node 1 FilePmdMapped:        0 kB
Node 1 HugePages_Total:     0
Node 1 HugePages_Free:      0
Node 1 HugePages_Surp:      0

After Opposite Node
Node 0 MemTotal:       24768352 kB
Node 0 MemFree:        22838924 kB
Node 0 MemUsed:         1929428 kB
Node 0 Active:            41520 kB
Node 0 Inactive:          75748 kB
Node 0 Active(anon):       6576 kB
Node 0 Inactive(anon):      440 kB
Node 0 Active(file):      34944 kB
Node 0 Inactive(file):    75308 kB
Node 0 Unevictable:       13336 kB
Node 0 Mlocked:           13336 kB
Node 0 Dirty:                12 kB
Node 0 Writeback:             0 kB
Node 0 FilePages:        113612 kB
Node 0 Mapped:            11048 kB
Node 0 AnonPages:         17012 kB
Node 0 Shmem:               584 kB
Node 0 KernelStack:        3320 kB
Node 0 PageTables:          332 kB
Node 0 NFS_Unstable:          0 kB
Node 0 Bounce:                0 kB
Node 0 WritebackTmp:          0 kB
Node 0 KReclaimable:      18732 kB
Node 0 Slab:              60372 kB
Node 0 SReclaimable:      18732 kB
Node 0 SUnreclaim:        41640 kB
Node 0 AnonHugePages:         0 kB
Node 0 ShmemHugePages:        0 kB
Node 0 ShmemPmdMapped:        0 kB
Node 0 FileHugePages:        0 kB
Node 0 FilePmdMapped:        0 kB
Node 0 HugePages_Total:     0
Node 0 HugePages_Free:      0
Node 0 HugePages_Surp:      0

Node 1 MemTotal:       24661580 kB
Node 1 MemFree:        23919356 kB
Node 1 MemUsed:          742224 kB
Node 1 Active:            59696 kB
Node 1 Inactive:         163604 kB
Node 1 Active(anon):      27064 kB
Node 1 Inactive(anon):      500 kB
Node 1 Active(file):      32632 kB
Node 1 Inactive(file):   163104 kB
Node 1 Unevictable:        5420 kB
Node 1 Mlocked:            5420 kB
Node 1 Dirty:                20 kB
Node 1 Writeback:             0 kB
Node 1 FilePages:        201836 kB
Node 1 Mapped:            44284 kB
Node 1 AnonPages:         26712 kB
Node 1 Shmem:               684 kB
Node 1 KernelStack:        1384 kB
Node 1 PageTables:          640 kB
Node 1 NFS_Unstable:          0 kB
Node 1 Bounce:                0 kB
Node 1 WritebackTmp:          0 kB
Node 1 KReclaimable:      25296 kB
Node 1 Slab:              71576 kB
Node 1 SReclaimable:      25296 kB
Node 1 SUnreclaim:        46280 kB
Node 1 AnonHugePages:         0 kB
Node 1 ShmemHugePages:        0 kB
Node 1 ShmemPmdMapped:        0 kB
Node 1 FileHugePages:        0 kB
Node 1 FilePmdMapped:        0 kB
Node 1 HugePages_Total:     0
Node 1 HugePages_Free:      0
Node 1 HugePages_Surp:      0

B.0.32M-simpleread.2-1G.3.O.1M Complete!
