kernel.numa_balancing = 0
B.0.128M-simpleread.500M.1.O.1M
Begin
Node 0 MemTotal:       24768352 kB
Node 0 MemFree:        24439836 kB
Node 0 MemUsed:          328516 kB
Node 0 Active:            38556 kB
Node 0 Inactive:          23004 kB
Node 0 Active(anon):      15568 kB
Node 0 Inactive(anon):      416 kB
Node 0 Active(file):      22988 kB
Node 0 Inactive(file):    22588 kB
Node 0 Unevictable:        5680 kB
Node 0 Mlocked:            5680 kB
Node 0 Dirty:                16 kB
Node 0 Writeback:             0 kB
Node 0 FilePages:         51852 kB
Node 0 Mapped:            17360 kB
Node 0 AnonPages:         15412 kB
Node 0 Shmem:               592 kB
Node 0 KernelStack:        1960 kB
Node 0 PageTables:          460 kB
Node 0 NFS_Unstable:          0 kB
Node 0 Bounce:                0 kB
Node 0 WritebackTmp:          0 kB
Node 0 KReclaimable:      19512 kB
Node 0 Slab:              44912 kB
Node 0 SReclaimable:      19512 kB
Node 0 SUnreclaim:        25400 kB
Node 0 AnonHugePages:         0 kB
Node 0 ShmemHugePages:        0 kB
Node 0 ShmemPmdMapped:        0 kB
Node 0 FileHugePages:        0 kB
Node 0 FilePmdMapped:        0 kB
Node 0 HugePages_Total:     0
Node 0 HugePages_Free:      0
Node 0 HugePages_Surp:      0

Node 1 MemTotal:       24661580 kB
Node 1 MemFree:        24347592 kB
Node 1 MemUsed:          313988 kB
Node 1 Active:            57752 kB
Node 1 Inactive:          96860 kB
Node 1 Active(anon):      18228 kB
Node 1 Inactive(anon):      460 kB
Node 1 Active(file):      39524 kB
Node 1 Inactive(file):    96400 kB
Node 1 Unevictable:       12840 kB
Node 1 Mlocked:           12840 kB
Node 1 Dirty:               500 kB
Node 1 Writeback:             0 kB
Node 1 FilePages:        139160 kB
Node 1 Mapped:            46928 kB
Node 1 AnonPages:         28416 kB
Node 1 Shmem:               676 kB
Node 1 KernelStack:        1688 kB
Node 1 PageTables:          752 kB
Node 1 NFS_Unstable:          0 kB
Node 1 Bounce:                0 kB
Node 1 WritebackTmp:          0 kB
Node 1 KReclaimable:      22540 kB
Node 1 Slab:              60836 kB
Node 1 SReclaimable:      22540 kB
Node 1 SUnreclaim:        38296 kB
Node 1 AnonHugePages:         0 kB
Node 1 ShmemHugePages:        0 kB
Node 1 ShmemPmdMapped:        0 kB
Node 1 FileHugePages:        0 kB
Node 1 FilePmdMapped:        0 kB
Node 1 HugePages_Total:     0
Node 1 HugePages_Free:      0
Node 1 HugePages_Surp:      0

Load ZFS
Node 0 MemTotal:       24768352 kB
Node 0 MemFree:        24527596 kB
Node 0 MemUsed:          240756 kB
Node 0 Active:            49296 kB
Node 0 Inactive:          56488 kB
Node 0 Active(anon):      25148 kB
Node 0 Inactive(anon):      440 kB
Node 0 Active(file):      24148 kB
Node 0 Inactive(file):    56048 kB
Node 0 Unevictable:        5680 kB
Node 0 Mlocked:            5680 kB
Node 0 Dirty:                60 kB
Node 0 Writeback:             0 kB
Node 0 FilePages:         86652 kB
Node 0 Mapped:            19452 kB
Node 0 AnonPages:         25024 kB
Node 0 Shmem:               636 kB
Node 0 KernelStack:        1996 kB
Node 0 PageTables:          660 kB
Node 0 NFS_Unstable:          0 kB
Node 0 Bounce:                0 kB
Node 0 WritebackTmp:          0 kB
Node 0 KReclaimable:      20248 kB
Node 0 Slab:              47304 kB
Node 0 SReclaimable:      20248 kB
Node 0 SUnreclaim:        27056 kB
Node 0 AnonHugePages:         0 kB
Node 0 ShmemHugePages:        0 kB
Node 0 ShmemPmdMapped:        0 kB
Node 0 FileHugePages:        0 kB
Node 0 FilePmdMapped:        0 kB
Node 0 HugePages_Total:     0
Node 0 HugePages_Free:      0
Node 0 HugePages_Surp:      0

Node 1 MemTotal:       24661580 kB
Node 1 MemFree:        24117992 kB
Node 1 MemUsed:          543588 kB
Node 1 Active:            75208 kB
Node 1 Inactive:         166684 kB
Node 1 Active(anon):      33852 kB
Node 1 Inactive(anon):      484 kB
Node 1 Active(file):      41356 kB
Node 1 Inactive(file):   166200 kB
Node 1 Unevictable:       13040 kB
Node 1 Mlocked:           13040 kB
Node 1 Dirty:               568 kB
Node 1 Writeback:             0 kB
Node 1 FilePages:        210704 kB
Node 1 Mapped:            49008 kB
Node 1 AnonPages:         44004 kB
Node 1 Shmem:               632 kB
Node 1 KernelStack:        2312 kB
Node 1 PageTables:         2932 kB
Node 1 NFS_Unstable:          0 kB
Node 1 Bounce:                0 kB
Node 1 WritebackTmp:          0 kB
Node 1 KReclaimable:      23296 kB
Node 1 Slab:              64716 kB
Node 1 SReclaimable:      23296 kB
Node 1 SUnreclaim:        41420 kB
Node 1 AnonHugePages:         0 kB
Node 1 ShmemHugePages:        0 kB
Node 1 ShmemPmdMapped:        0 kB
Node 1 FileHugePages:        0 kB
Node 1 FilePmdMapped:        0 kB
Node 1 HugePages_Total:     0
Node 1 HugePages_Free:      0
Node 1 HugePages_Surp:      0

Import tank ZPool
Node 0 MemTotal:       24768352 kB
Node 0 MemFree:        24528028 kB
Node 0 MemUsed:          240324 kB
Node 0 Active:            48904 kB
Node 0 Inactive:          56772 kB
Node 0 Active(anon):      24980 kB
Node 0 Inactive(anon):      460 kB
Node 0 Active(file):      23924 kB
Node 0 Inactive(file):    56312 kB
Node 0 Unevictable:        5680 kB
Node 0 Mlocked:            5680 kB
Node 0 Dirty:                72 kB
Node 0 Writeback:             0 kB
Node 0 FilePages:         86584 kB
Node 0 Mapped:            19064 kB
Node 0 AnonPages:         24804 kB
Node 0 Shmem:               636 kB
Node 0 KernelStack:        1944 kB
Node 0 PageTables:          692 kB
Node 0 NFS_Unstable:          0 kB
Node 0 Bounce:                0 kB
Node 0 WritebackTmp:          0 kB
Node 0 KReclaimable:      20264 kB
Node 0 Slab:              48468 kB
Node 0 SReclaimable:      20264 kB
Node 0 SUnreclaim:        28204 kB
Node 0 AnonHugePages:         0 kB
Node 0 ShmemHugePages:        0 kB
Node 0 ShmemPmdMapped:        0 kB
Node 0 FileHugePages:        0 kB
Node 0 FilePmdMapped:        0 kB
Node 0 HugePages_Total:     0
Node 0 HugePages_Free:      0
Node 0 HugePages_Surp:      0

Node 1 MemTotal:       24661580 kB
Node 1 MemFree:        24096920 kB
Node 1 MemUsed:          564660 kB
Node 1 Active:            74992 kB
Node 1 Inactive:         167812 kB
Node 1 Active(anon):      33284 kB
Node 1 Inactive(anon):      488 kB
Node 1 Active(file):      41708 kB
Node 1 Inactive(file):   167324 kB
Node 1 Unevictable:       13072 kB
Node 1 Mlocked:           13072 kB
Node 1 Dirty:               520 kB
Node 1 Writeback:             0 kB
Node 1 FilePages:        211888 kB
Node 1 Mapped:            49116 kB
Node 1 AnonPages:         43460 kB
Node 1 Shmem:               632 kB
Node 1 KernelStack:        3288 kB
Node 1 PageTables:         2264 kB
Node 1 NFS_Unstable:          0 kB
Node 1 Bounce:                0 kB
Node 1 WritebackTmp:          0 kB
Node 1 KReclaimable:      23452 kB
Node 1 Slab:              70328 kB
Node 1 SReclaimable:      23452 kB
Node 1 SUnreclaim:        46876 kB
Node 1 AnonHugePages:         0 kB
Node 1 ShmemHugePages:        0 kB
Node 1 ShmemPmdMapped:        0 kB
Node 1 FileHugePages:        0 kB
Node 1 FilePmdMapped:        0 kB
Node 1 HugePages_Total:     0
Node 1 HugePages_Free:      0
Node 1 HugePages_Surp:      0

After Test
Node 0 MemTotal:       24768352 kB
Node 0 MemFree:        23687808 kB
Node 0 MemUsed:         1080544 kB
Node 0 Active:            40752 kB
Node 0 Inactive:         181640 kB
Node 0 Active(anon):      16088 kB
Node 0 Inactive(anon):      456 kB
Node 0 Active(file):      24664 kB
Node 0 Inactive(file):   181184 kB
Node 0 Unevictable:        5680 kB
Node 0 Mlocked:            5680 kB
Node 0 Dirty:                12 kB
Node 0 Writeback:             0 kB
Node 0 FilePages:        212160 kB
Node 0 Mapped:            17344 kB
Node 0 AnonPages:         15800 kB
Node 0 Shmem:               636 kB
Node 0 KernelStack:        1976 kB
Node 0 PageTables:          508 kB
Node 0 NFS_Unstable:          0 kB
Node 0 Bounce:                0 kB
Node 0 WritebackTmp:          0 kB
Node 0 KReclaimable:      20580 kB
Node 0 Slab:              54056 kB
Node 0 SReclaimable:      20580 kB
Node 0 SUnreclaim:        33476 kB
Node 0 AnonHugePages:         0 kB
Node 0 ShmemHugePages:        0 kB
Node 0 ShmemPmdMapped:        0 kB
Node 0 FileHugePages:        0 kB
Node 0 FilePmdMapped:        0 kB
Node 0 HugePages_Total:     0
Node 0 HugePages_Free:      0
Node 0 HugePages_Surp:      0

Node 1 MemTotal:       24661580 kB
Node 1 MemFree:        23776736 kB
Node 1 MemUsed:          884844 kB
Node 1 Active:            59748 kB
Node 1 Inactive:         166964 kB
Node 1 Active(anon):      17320 kB
Node 1 Inactive(anon):      484 kB
Node 1 Active(file):      42428 kB
Node 1 Inactive(file):   166480 kB
Node 1 Unevictable:       13072 kB
Node 1 Mlocked:           13072 kB
Node 1 Dirty:                16 kB
Node 1 Writeback:             0 kB
Node 1 FilePages:        212056 kB
Node 1 Mapped:            47072 kB
Node 1 AnonPages:         27740 kB
Node 1 Shmem:               632 kB
Node 1 KernelStack:        2776 kB
Node 1 PageTables:          668 kB
Node 1 NFS_Unstable:          0 kB
Node 1 Bounce:                0 kB
Node 1 WritebackTmp:          0 kB
Node 1 KReclaimable:      23496 kB
Node 1 Slab:              71376 kB
Node 1 SReclaimable:      23496 kB
Node 1 SUnreclaim:        47880 kB
Node 1 AnonHugePages:         0 kB
Node 1 ShmemHugePages:        0 kB
Node 1 ShmemPmdMapped:        0 kB
Node 1 FileHugePages:        0 kB
Node 1 FilePmdMapped:        0 kB
Node 1 HugePages_Total:     0
Node 1 HugePages_Free:      0
Node 1 HugePages_Surp:      0

After Opposite Node
Node 0 MemTotal:       24768352 kB
Node 0 MemFree:        23688328 kB
Node 0 MemUsed:         1080024 kB
Node 0 Active:            40480 kB
Node 0 Inactive:         181604 kB
Node 0 Active(anon):      15776 kB
Node 0 Inactive(anon):      456 kB
Node 0 Active(file):      24704 kB
Node 0 Inactive(file):   181148 kB
Node 0 Unevictable:        5680 kB
Node 0 Mlocked:            5680 kB
Node 0 Dirty:                16 kB
Node 0 Writeback:             0 kB
Node 0 FilePages:        212164 kB
Node 0 Mapped:            17336 kB
Node 0 AnonPages:         15596 kB
Node 0 Shmem:               636 kB
Node 0 KernelStack:        1912 kB
Node 0 PageTables:          436 kB
Node 0 NFS_Unstable:          0 kB
Node 0 Bounce:                0 kB
Node 0 WritebackTmp:          0 kB
Node 0 KReclaimable:      20580 kB
Node 0 Slab:              54056 kB
Node 0 SReclaimable:      20580 kB
Node 0 SUnreclaim:        33476 kB
Node 0 AnonHugePages:         0 kB
Node 0 ShmemHugePages:        0 kB
Node 0 ShmemPmdMapped:        0 kB
Node 0 FileHugePages:        0 kB
Node 0 FilePmdMapped:        0 kB
Node 0 HugePages_Total:     0
Node 0 HugePages_Free:      0
Node 0 HugePages_Surp:      0

Node 1 MemTotal:       24661580 kB
Node 1 MemFree:        23775324 kB
Node 1 MemUsed:          886256 kB
Node 1 Active:            60508 kB
Node 1 Inactive:         166740 kB
Node 1 Active(anon):      17832 kB
Node 1 Inactive(anon):      484 kB
Node 1 Active(file):      42676 kB
Node 1 Inactive(file):   166256 kB
Node 1 Unevictable:       13072 kB
Node 1 Mlocked:           13072 kB
Node 1 Dirty:                32 kB
Node 1 Writeback:             0 kB
Node 1 FilePages:        212080 kB
Node 1 Mapped:            47288 kB
Node 1 AnonPages:         27900 kB
Node 1 Shmem:               632 kB
Node 1 KernelStack:        2792 kB
Node 1 PageTables:          716 kB
Node 1 NFS_Unstable:          0 kB
Node 1 Bounce:                0 kB
Node 1 WritebackTmp:          0 kB
Node 1 KReclaimable:      23528 kB
Node 1 Slab:              71496 kB
Node 1 SReclaimable:      23528 kB
Node 1 SUnreclaim:        47968 kB
Node 1 AnonHugePages:         0 kB
Node 1 ShmemHugePages:        0 kB
Node 1 ShmemPmdMapped:        0 kB
Node 1 FileHugePages:        0 kB
Node 1 FilePmdMapped:        0 kB
Node 1 HugePages_Total:     0
Node 1 HugePages_Free:      0
Node 1 HugePages_Surp:      0

B.0.128M-simpleread.500M.1.O.1M Complete!
