kernel.numa_balancing = 0
B.0.256M-simpleread.500M.2.O.1M
Begin
Node 0 MemTotal:       24743736 kB
Node 0 MemFree:        24287072 kB
Node 0 MemUsed:          456664 kB
Node 0 Active:            48436 kB
Node 0 Inactive:         109092 kB
Node 0 Active(anon):      21320 kB
Node 0 Inactive(anon):      460 kB
Node 0 Active(file):      27116 kB
Node 0 Inactive(file):   108632 kB
Node 0 Unevictable:       17248 kB
Node 0 Mlocked:           17248 kB
Node 0 Dirty:               156 kB
Node 0 Writeback:             0 kB
Node 0 FilePages:        143476 kB
Node 0 Mapped:            63636 kB
Node 0 AnonPages:         31500 kB
Node 0 Shmem:               664 kB
Node 0 KernelStack:        2120 kB
Node 0 PageTables:          784 kB
Node 0 NFS_Unstable:          0 kB
Node 0 Bounce:                0 kB
Node 0 WritebackTmp:          0 kB
Node 0 KReclaimable:      23156 kB
Node 0 Slab:              58596 kB
Node 0 SReclaimable:      23156 kB
Node 0 SUnreclaim:        35440 kB
Node 0 AnonHugePages:         0 kB
Node 0 ShmemHugePages:        0 kB
Node 0 ShmemPmdMapped:        0 kB
Node 0 FileHugePages:        0 kB
Node 0 FilePmdMapped:        0 kB
Node 0 HugePages_Total:     0
Node 0 HugePages_Free:      0
Node 0 HugePages_Surp:      0

Node 1 MemTotal:       24686196 kB
Node 1 MemFree:        24485524 kB
Node 1 MemUsed:          200672 kB
Node 1 Active:            48968 kB
Node 1 Inactive:          25980 kB
Node 1 Active(anon):      12216 kB
Node 1 Inactive(anon):      400 kB
Node 1 Active(file):      36752 kB
Node 1 Inactive(file):    25580 kB
Node 1 Unevictable:        1272 kB
Node 1 Mlocked:            1272 kB
Node 1 Dirty:                16 kB
Node 1 Writeback:             0 kB
Node 1 FilePages:         64208 kB
Node 1 Mapped:            16044 kB
Node 1 AnonPages:         12072 kB
Node 1 Shmem:               604 kB
Node 1 KernelStack:        1512 kB
Node 1 PageTables:          400 kB
Node 1 NFS_Unstable:          0 kB
Node 1 Bounce:                0 kB
Node 1 WritebackTmp:          0 kB
Node 1 KReclaimable:      18600 kB
Node 1 Slab:              47008 kB
Node 1 SReclaimable:      18600 kB
Node 1 SUnreclaim:        28408 kB
Node 1 AnonHugePages:         0 kB
Node 1 ShmemHugePages:        0 kB
Node 1 ShmemPmdMapped:        0 kB
Node 1 FileHugePages:        0 kB
Node 1 FilePmdMapped:        0 kB
Node 1 HugePages_Total:     0
Node 1 HugePages_Free:      0
Node 1 HugePages_Surp:      0

Load ZFS
Node 0 MemTotal:       24743736 kB
Node 0 MemFree:        24384308 kB
Node 0 MemUsed:          359428 kB
Node 0 Active:            67768 kB
Node 0 Inactive:         122600 kB
Node 0 Active(anon):      38724 kB
Node 0 Inactive(anon):      496 kB
Node 0 Active(file):      29044 kB
Node 0 Inactive(file):   122104 kB
Node 0 Unevictable:       17476 kB
Node 0 Mlocked:           17476 kB
Node 0 Dirty:               404 kB
Node 0 Writeback:             0 kB
Node 0 FilePages:        158792 kB
Node 0 Mapped:            65612 kB
Node 0 AnonPages:         49116 kB
Node 0 Shmem:               724 kB
Node 0 KernelStack:        2628 kB
Node 0 PageTables:         1960 kB
Node 0 NFS_Unstable:          0 kB
Node 0 Bounce:                0 kB
Node 0 WritebackTmp:          0 kB
Node 0 KReclaimable:      23776 kB
Node 0 Slab:              61208 kB
Node 0 SReclaimable:      23776 kB
Node 0 SUnreclaim:        37432 kB
Node 0 AnonHugePages:         0 kB
Node 0 ShmemHugePages:        0 kB
Node 0 ShmemPmdMapped:        0 kB
Node 0 FileHugePages:        0 kB
Node 0 FilePmdMapped:        0 kB
Node 0 HugePages_Total:     0
Node 0 HugePages_Free:      0
Node 0 HugePages_Surp:      0

Node 1 MemTotal:       24686196 kB
Node 1 MemFree:        24243780 kB
Node 1 MemUsed:          442416 kB
Node 1 Active:            58024 kB
Node 1 Inactive:         115748 kB
Node 1 Active(anon):      20588 kB
Node 1 Inactive(anon):      332 kB
Node 1 Active(file):      37436 kB
Node 1 Inactive(file):   115416 kB
Node 1 Unevictable:        1272 kB
Node 1 Mlocked:            1272 kB
Node 1 Dirty:                28 kB
Node 1 Writeback:             0 kB
Node 1 FilePages:        154812 kB
Node 1 Mapped:            18140 kB
Node 1 AnonPages:         20044 kB
Node 1 Shmem:               544 kB
Node 1 KernelStack:        1640 kB
Node 1 PageTables:          884 kB
Node 1 NFS_Unstable:          0 kB
Node 1 Bounce:                0 kB
Node 1 WritebackTmp:          0 kB
Node 1 KReclaimable:      19656 kB
Node 1 Slab:              51668 kB
Node 1 SReclaimable:      19656 kB
Node 1 SUnreclaim:        32012 kB
Node 1 AnonHugePages:         0 kB
Node 1 ShmemHugePages:        0 kB
Node 1 ShmemPmdMapped:        0 kB
Node 1 FileHugePages:        0 kB
Node 1 FilePmdMapped:        0 kB
Node 1 HugePages_Total:     0
Node 1 HugePages_Free:      0
Node 1 HugePages_Surp:      0

Import tank ZPool
Node 0 MemTotal:       24743736 kB
Node 0 MemFree:        24378428 kB
Node 0 MemUsed:          365308 kB
Node 0 Active:            67712 kB
Node 0 Inactive:         123816 kB
Node 0 Active(anon):      38320 kB
Node 0 Inactive(anon):      496 kB
Node 0 Active(file):      29392 kB
Node 0 Inactive(file):   123320 kB
Node 0 Unevictable:       17476 kB
Node 0 Mlocked:           17476 kB
Node 0 Dirty:               172 kB
Node 0 Writeback:             0 kB
Node 0 FilePages:        160260 kB
Node 0 Mapped:            65696 kB
Node 0 AnonPages:         48416 kB
Node 0 Shmem:               620 kB
Node 0 KernelStack:        2600 kB
Node 0 PageTables:         2028 kB
Node 0 NFS_Unstable:          0 kB
Node 0 Bounce:                0 kB
Node 0 WritebackTmp:          0 kB
Node 0 KReclaimable:      23892 kB
Node 0 Slab:              66136 kB
Node 0 SReclaimable:      23892 kB
Node 0 SUnreclaim:        42244 kB
Node 0 AnonHugePages:         0 kB
Node 0 ShmemHugePages:        0 kB
Node 0 ShmemPmdMapped:        0 kB
Node 0 FileHugePages:        0 kB
Node 0 FilePmdMapped:        0 kB
Node 0 HugePages_Total:     0
Node 0 HugePages_Free:      0
Node 0 HugePages_Surp:      0

Node 1 MemTotal:       24686196 kB
Node 1 MemFree:        24232080 kB
Node 1 MemUsed:          454116 kB
Node 1 Active:            57572 kB
Node 1 Inactive:         115904 kB
Node 1 Active(anon):      20204 kB
Node 1 Inactive(anon):      452 kB
Node 1 Active(file):      37368 kB
Node 1 Inactive(file):   115452 kB
Node 1 Unevictable:        1272 kB
Node 1 Mlocked:            1272 kB
Node 1 Dirty:                16 kB
Node 1 Writeback:             0 kB
Node 1 FilePages:        154740 kB
Node 1 Mapped:            18112 kB
Node 1 AnonPages:         20008 kB
Node 1 Shmem:               648 kB
Node 1 KernelStack:        2664 kB
Node 1 PageTables:          636 kB
Node 1 NFS_Unstable:          0 kB
Node 1 Bounce:                0 kB
Node 1 WritebackTmp:          0 kB
Node 1 KReclaimable:      19656 kB
Node 1 Slab:              53676 kB
Node 1 SReclaimable:      19656 kB
Node 1 SUnreclaim:        34020 kB
Node 1 AnonHugePages:         0 kB
Node 1 ShmemHugePages:        0 kB
Node 1 ShmemPmdMapped:        0 kB
Node 1 FileHugePages:        0 kB
Node 1 FilePmdMapped:        0 kB
Node 1 HugePages_Total:     0
Node 1 HugePages_Free:      0
Node 1 HugePages_Surp:      0

After Test
Node 0 MemTotal:       24743736 kB
Node 0 MemFree:        23228020 kB
Node 0 MemUsed:         1515716 kB
Node 0 Active:            52004 kB
Node 0 Inactive:         373032 kB
Node 0 Active(anon):      21208 kB
Node 0 Inactive(anon):      492 kB
Node 0 Active(file):      30796 kB
Node 0 Inactive(file):   372540 kB
Node 0 Unevictable:       17476 kB
Node 0 Mlocked:           17476 kB
Node 0 Dirty:               184 kB
Node 0 Writeback:             0 kB
Node 0 FilePages:        410876 kB
Node 0 Mapped:            63720 kB
Node 0 AnonPages:         31344 kB
Node 0 Shmem:               620 kB
Node 0 KernelStack:        2120 kB
Node 0 PageTables:          876 kB
Node 0 NFS_Unstable:          0 kB
Node 0 Bounce:                0 kB
Node 0 WritebackTmp:          0 kB
Node 0 KReclaimable:      24516 kB
Node 0 Slab:              72084 kB
Node 0 SReclaimable:      24516 kB
Node 0 SUnreclaim:        47568 kB
Node 0 AnonHugePages:         0 kB
Node 0 ShmemHugePages:        0 kB
Node 0 ShmemPmdMapped:        0 kB
Node 0 FileHugePages:        0 kB
Node 0 FilePmdMapped:        0 kB
Node 0 HugePages_Total:     0
Node 0 HugePages_Free:      0
Node 0 HugePages_Surp:      0

Node 1 MemTotal:       24686196 kB
Node 1 MemFree:        24093356 kB
Node 1 MemUsed:          592840 kB
Node 1 Active:            50096 kB
Node 1 Inactive:         115580 kB
Node 1 Active(anon):      12408 kB
Node 1 Inactive(anon):      448 kB
Node 1 Active(file):      37688 kB
Node 1 Inactive(file):   115132 kB
Node 1 Unevictable:        1272 kB
Node 1 Mlocked:            1272 kB
Node 1 Dirty:                20 kB
Node 1 Writeback:             0 kB
Node 1 FilePages:        154740 kB
Node 1 Mapped:            16028 kB
Node 1 AnonPages:         12212 kB
Node 1 Shmem:               648 kB
Node 1 KernelStack:        2616 kB
Node 1 PageTables:          400 kB
Node 1 NFS_Unstable:          0 kB
Node 1 Bounce:                0 kB
Node 1 WritebackTmp:          0 kB
Node 1 KReclaimable:      19696 kB
Node 1 Slab:              54240 kB
Node 1 SReclaimable:      19696 kB
Node 1 SUnreclaim:        34544 kB
Node 1 AnonHugePages:         0 kB
Node 1 ShmemHugePages:        0 kB
Node 1 ShmemPmdMapped:        0 kB
Node 1 FileHugePages:        0 kB
Node 1 FilePmdMapped:        0 kB
Node 1 HugePages_Total:     0
Node 1 HugePages_Free:      0
Node 1 HugePages_Surp:      0

After Opposite Node
Node 0 MemTotal:       24743736 kB
Node 0 MemFree:        23229064 kB
Node 0 MemUsed:         1514672 kB
Node 0 Active:            51580 kB
Node 0 Inactive:         373016 kB
Node 0 Active(anon):      20756 kB
Node 0 Inactive(anon):      492 kB
Node 0 Active(file):      30824 kB
Node 0 Inactive(file):   372524 kB
Node 0 Unevictable:       17476 kB
Node 0 Mlocked:           17476 kB
Node 0 Dirty:               212 kB
Node 0 Writeback:             0 kB
Node 0 FilePages:        410896 kB
Node 0 Mapped:            63700 kB
Node 0 AnonPages:         31216 kB
Node 0 Shmem:               620 kB
Node 0 KernelStack:        2136 kB
Node 0 PageTables:          776 kB
Node 0 NFS_Unstable:          0 kB
Node 0 Bounce:                0 kB
Node 0 WritebackTmp:          0 kB
Node 0 KReclaimable:      24516 kB
Node 0 Slab:              71864 kB
Node 0 SReclaimable:      24516 kB
Node 0 SUnreclaim:        47348 kB
Node 0 AnonHugePages:         0 kB
Node 0 ShmemHugePages:        0 kB
Node 0 ShmemPmdMapped:        0 kB
Node 0 FileHugePages:        0 kB
Node 0 FilePmdMapped:        0 kB
Node 0 HugePages_Total:     0
Node 0 HugePages_Free:      0
Node 0 HugePages_Surp:      0

Node 1 MemTotal:       24686196 kB
Node 1 MemFree:        24093268 kB
Node 1 MemUsed:          592928 kB
Node 1 Active:            50740 kB
Node 1 Inactive:         115352 kB
Node 1 Active(anon):      12816 kB
Node 1 Inactive(anon):      448 kB
Node 1 Active(file):      37924 kB
Node 1 Inactive(file):   114904 kB
Node 1 Unevictable:        1272 kB
Node 1 Mlocked:            1272 kB
Node 1 Dirty:                28 kB
Node 1 Writeback:             0 kB
Node 1 FilePages:        154748 kB
Node 1 Mapped:            16088 kB
Node 1 AnonPages:         12396 kB
Node 1 Shmem:               648 kB
Node 1 KernelStack:        2600 kB
Node 1 PageTables:          308 kB
Node 1 NFS_Unstable:          0 kB
Node 1 Bounce:                0 kB
Node 1 WritebackTmp:          0 kB
Node 1 KReclaimable:      19696 kB
Node 1 Slab:              54336 kB
Node 1 SReclaimable:      19696 kB
Node 1 SUnreclaim:        34640 kB
Node 1 AnonHugePages:         0 kB
Node 1 ShmemHugePages:        0 kB
Node 1 ShmemPmdMapped:        0 kB
Node 1 FileHugePages:        0 kB
Node 1 FilePmdMapped:        0 kB
Node 1 HugePages_Total:     0
Node 1 HugePages_Free:      0
Node 1 HugePages_Surp:      0

B.0.256M-simpleread.500M.2.O.1M Complete!
