kernel.numa_balancing = 0
25 Tests Remaining!
B.0.512M-simpleread.2-1G.3.O.1M
Begin
Node 0 MemTotal:       24768352 kB
Node 0 MemFree:        24408728 kB
Node 0 MemUsed:          359624 kB
Node 0 Active:            30676 kB
Node 0 Inactive:          60948 kB
Node 0 Active(anon):      10372 kB
Node 0 Inactive(anon):      600 kB
Node 0 Active(file):      20304 kB
Node 0 Inactive(file):    60348 kB
Node 0 Unevictable:        1240 kB
Node 0 Mlocked:            1240 kB
Node 0 Dirty:               128 kB
Node 0 Writeback:             0 kB
Node 0 FilePages:         82712 kB
Node 0 Mapped:            42164 kB
Node 0 AnonPages:         10296 kB
Node 0 Shmem:               796 kB
Node 0 KernelStack:        2408 kB
Node 0 PageTables:          612 kB
Node 0 NFS_Unstable:          0 kB
Node 0 Bounce:                0 kB
Node 0 WritebackTmp:          0 kB
Node 0 KReclaimable:      16140 kB
Node 0 Slab:              46612 kB
Node 0 SReclaimable:      16140 kB
Node 0 SUnreclaim:        30472 kB
Node 0 AnonHugePages:         0 kB
Node 0 ShmemHugePages:        0 kB
Node 0 ShmemPmdMapped:        0 kB
Node 0 FileHugePages:        0 kB
Node 0 FilePmdMapped:        0 kB
Node 0 HugePages_Total:     0
Node 0 HugePages_Free:      0
Node 0 HugePages_Surp:      0

Node 1 MemTotal:       24661580 kB
Node 1 MemFree:        24369052 kB
Node 1 MemUsed:          292528 kB
Node 1 Active:            67664 kB
Node 1 Inactive:          65552 kB
Node 1 Active(anon):      23584 kB
Node 1 Inactive(anon):      280 kB
Node 1 Active(file):      44080 kB
Node 1 Inactive(file):    65272 kB
Node 1 Unevictable:       17284 kB
Node 1 Mlocked:           17284 kB
Node 1 Dirty:               392 kB
Node 1 Writeback:             0 kB
Node 1 FilePages:        116776 kB
Node 1 Mapped:            27736 kB
Node 1 AnonPages:         33716 kB
Node 1 Shmem:               472 kB
Node 1 KernelStack:        1432 kB
Node 1 PageTables:          752 kB
Node 1 NFS_Unstable:          0 kB
Node 1 Bounce:                0 kB
Node 1 WritebackTmp:          0 kB
Node 1 KReclaimable:      26672 kB
Node 1 Slab:              63336 kB
Node 1 SReclaimable:      26672 kB
Node 1 SUnreclaim:        36664 kB
Node 1 AnonHugePages:         0 kB
Node 1 ShmemHugePages:        0 kB
Node 1 ShmemPmdMapped:        0 kB
Node 1 FileHugePages:        0 kB
Node 1 FilePmdMapped:        0 kB
Node 1 HugePages_Total:     0
Node 1 HugePages_Free:      0
Node 1 HugePages_Surp:      0

Load ZFS
Node 0 MemTotal:       24768352 kB
Node 0 MemFree:        24430848 kB
Node 0 MemUsed:          337504 kB
Node 0 Active:            45308 kB
Node 0 Inactive:         152088 kB
Node 0 Active(anon):      23048 kB
Node 0 Inactive(anon):      476 kB
Node 0 Active(file):      22260 kB
Node 0 Inactive(file):   151612 kB
Node 0 Unevictable:        1240 kB
Node 0 Mlocked:            1240 kB
Node 0 Dirty:               472 kB
Node 0 Writeback:             0 kB
Node 0 FilePages:        175712 kB
Node 0 Mapped:            44012 kB
Node 0 AnonPages:         22960 kB
Node 0 Shmem:               600 kB
Node 0 KernelStack:        2708 kB
Node 0 PageTables:         1672 kB
Node 0 NFS_Unstable:          0 kB
Node 0 Bounce:                0 kB
Node 0 WritebackTmp:          0 kB
Node 0 KReclaimable:      17124 kB
Node 0 Slab:              49328 kB
Node 0 SReclaimable:      17124 kB
Node 0 SUnreclaim:        32204 kB
Node 0 AnonHugePages:         0 kB
Node 0 ShmemHugePages:        0 kB
Node 0 ShmemPmdMapped:        0 kB
Node 0 FileHugePages:        0 kB
Node 0 FilePmdMapped:        0 kB
Node 0 HugePages_Total:     0
Node 0 HugePages_Free:      0
Node 0 HugePages_Surp:      0

Node 1 MemTotal:       24661580 kB
Node 1 MemFree:        24200116 kB
Node 1 MemUsed:          461464 kB
Node 1 Active:            82160 kB
Node 1 Inactive:          77888 kB
Node 1 Active(anon):      37572 kB
Node 1 Inactive(anon):      472 kB
Node 1 Active(file):      44588 kB
Node 1 Inactive(file):    77416 kB
Node 1 Unevictable:       17496 kB
Node 1 Mlocked:           17496 kB
Node 1 Dirty:               184 kB
Node 1 Writeback:             0 kB
Node 1 FilePages:        129624 kB
Node 1 Mapped:            29928 kB
Node 1 AnonPages:         48064 kB
Node 1 Shmem:               668 kB
Node 1 KernelStack:        1528 kB
Node 1 PageTables:         1268 kB
Node 1 NFS_Unstable:          0 kB
Node 1 Bounce:                0 kB
Node 1 WritebackTmp:          0 kB
Node 1 KReclaimable:      27336 kB
Node 1 Slab:              67012 kB
Node 1 SReclaimable:      27336 kB
Node 1 SUnreclaim:        39676 kB
Node 1 AnonHugePages:         0 kB
Node 1 ShmemHugePages:        0 kB
Node 1 ShmemPmdMapped:        0 kB
Node 1 FileHugePages:        0 kB
Node 1 FilePmdMapped:        0 kB
Node 1 HugePages_Total:     0
Node 1 HugePages_Free:      0
Node 1 HugePages_Surp:      0

Import tank ZPool
Node 0 MemTotal:       24768352 kB
Node 0 MemFree:        24445164 kB
Node 0 MemUsed:          323188 kB
Node 0 Active:            33028 kB
Node 0 Inactive:         151956 kB
Node 0 Active(anon):      10636 kB
Node 0 Inactive(anon):      476 kB
Node 0 Active(file):      22392 kB
Node 0 Inactive(file):   151480 kB
Node 0 Unevictable:        1240 kB
Node 0 Mlocked:            1240 kB
Node 0 Dirty:               156 kB
Node 0 Writeback:             0 kB
Node 0 FilePages:        175716 kB
Node 0 Mapped:            42712 kB
Node 0 AnonPages:         10388 kB
Node 0 Shmem:               604 kB
Node 0 KernelStack:        2328 kB
Node 0 PageTables:          832 kB
Node 0 NFS_Unstable:          0 kB
Node 0 Bounce:                0 kB
Node 0 WritebackTmp:          0 kB
Node 0 KReclaimable:      17124 kB
Node 0 Slab:              49072 kB
Node 0 SReclaimable:      17124 kB
Node 0 SUnreclaim:        31948 kB
Node 0 AnonHugePages:         0 kB
Node 0 ShmemHugePages:        0 kB
Node 0 ShmemPmdMapped:        0 kB
Node 0 FileHugePages:        0 kB
Node 0 FilePmdMapped:        0 kB
Node 0 HugePages_Total:     0
Node 0 HugePages_Free:      0
Node 0 HugePages_Surp:      0

Node 1 MemTotal:       24661580 kB
Node 1 MemFree:        24195476 kB
Node 1 MemUsed:          466104 kB
Node 1 Active:            69384 kB
Node 1 Inactive:          79012 kB
Node 1 Active(anon):      24176 kB
Node 1 Inactive(anon):      476 kB
Node 1 Active(file):      45208 kB
Node 1 Inactive(file):    78536 kB
Node 1 Unevictable:       17512 kB
Node 1 Mlocked:           17512 kB
Node 1 Dirty:                48 kB
Node 1 Writeback:             0 kB
Node 1 FilePages:        131376 kB
Node 1 Mapped:            28012 kB
Node 1 AnonPages:         33836 kB
Node 1 Shmem:               664 kB
Node 1 KernelStack:        2568 kB
Node 1 PageTables:          936 kB
Node 1 NFS_Unstable:          0 kB
Node 1 Bounce:                0 kB
Node 1 WritebackTmp:          0 kB
Node 1 KReclaimable:      27460 kB
Node 1 Slab:              73688 kB
Node 1 SReclaimable:      27460 kB
Node 1 SUnreclaim:        46228 kB
Node 1 AnonHugePages:         0 kB
Node 1 ShmemHugePages:        0 kB
Node 1 ShmemPmdMapped:        0 kB
Node 1 FileHugePages:        0 kB
Node 1 FilePmdMapped:        0 kB
Node 1 HugePages_Total:     0
Node 1 HugePages_Free:      0
Node 1 HugePages_Surp:      0

After Test
Node 0 MemTotal:       24768352 kB
Node 0 MemFree:        22505552 kB
Node 0 MemUsed:         2262800 kB
Node 0 Active:            33448 kB
Node 0 Inactive:         651860 kB
Node 0 Active(anon):      10508 kB
Node 0 Inactive(anon):      476 kB
Node 0 Active(file):      22940 kB
Node 0 Inactive(file):   651384 kB
Node 0 Unevictable:        1240 kB
Node 0 Mlocked:            1240 kB
Node 0 Dirty:               176 kB
Node 0 Writeback:             0 kB
Node 0 FilePages:        676168 kB
Node 0 Mapped:            42240 kB
Node 0 AnonPages:         10252 kB
Node 0 Shmem:               604 kB
Node 0 KernelStack:        2120 kB
Node 0 PageTables:          636 kB
Node 0 NFS_Unstable:          0 kB
Node 0 Bounce:                0 kB
Node 0 WritebackTmp:          0 kB
Node 0 KReclaimable:      18288 kB
Node 0 Slab:              58128 kB
Node 0 SReclaimable:      18288 kB
Node 0 SUnreclaim:        39840 kB
Node 0 AnonHugePages:         0 kB
Node 0 ShmemHugePages:        0 kB
Node 0 ShmemPmdMapped:        0 kB
Node 0 FileHugePages:        0 kB
Node 0 FilePmdMapped:        0 kB
Node 0 HugePages_Total:     0
Node 0 HugePages_Free:      0
Node 0 HugePages_Surp:      0

Node 1 MemTotal:       24661580 kB
Node 1 MemFree:        23760360 kB
Node 1 MemUsed:          901220 kB
Node 1 Active:            68792 kB
Node 1 Inactive:          78696 kB
Node 1 Active(anon):      23204 kB
Node 1 Inactive(anon):      476 kB
Node 1 Active(file):      45588 kB
Node 1 Inactive(file):    78220 kB
Node 1 Unevictable:       17512 kB
Node 1 Mlocked:           17512 kB
Node 1 Dirty:                56 kB
Node 1 Writeback:             0 kB
Node 1 FilePages:        131432 kB
Node 1 Mapped:            27980 kB
Node 1 AnonPages:         33584 kB
Node 1 Shmem:               664 kB
Node 1 KernelStack:        2520 kB
Node 1 PageTables:          644 kB
Node 1 NFS_Unstable:          0 kB
Node 1 Bounce:                0 kB
Node 1 WritebackTmp:          0 kB
Node 1 KReclaimable:      27492 kB
Node 1 Slab:              75076 kB
Node 1 SReclaimable:      27492 kB
Node 1 SUnreclaim:        47584 kB
Node 1 AnonHugePages:         0 kB
Node 1 ShmemHugePages:        0 kB
Node 1 ShmemPmdMapped:        0 kB
Node 1 FileHugePages:        0 kB
Node 1 FilePmdMapped:        0 kB
Node 1 HugePages_Total:     0
Node 1 HugePages_Free:      0
Node 1 HugePages_Surp:      0

After Opposite Node
Node 0 MemTotal:       24768352 kB
Node 0 MemFree:        22502936 kB
Node 0 MemUsed:         2265416 kB
Node 0 Active:            33032 kB
Node 0 Inactive:         651848 kB
Node 0 Active(anon):      10084 kB
Node 0 Inactive(anon):      468 kB
Node 0 Active(file):      22948 kB
Node 0 Inactive(file):   651380 kB
Node 0 Unevictable:        1240 kB
Node 0 Mlocked:            1240 kB
Node 0 Dirty:               180 kB
Node 0 Writeback:             0 kB
Node 0 FilePages:        676172 kB
Node 0 Mapped:            42276 kB
Node 0 AnonPages:          9968 kB
Node 0 Shmem:               604 kB
Node 0 KernelStack:        2120 kB
Node 0 PageTables:          480 kB
Node 0 NFS_Unstable:          0 kB
Node 0 Bounce:                0 kB
Node 0 WritebackTmp:          0 kB
Node 0 KReclaimable:      18288 kB
Node 0 Slab:              58240 kB
Node 0 SReclaimable:      18288 kB
Node 0 SUnreclaim:        39952 kB
Node 0 AnonHugePages:         0 kB
Node 0 ShmemHugePages:        0 kB
Node 0 ShmemPmdMapped:        0 kB
Node 0 FileHugePages:        0 kB
Node 0 FilePmdMapped:        0 kB
Node 0 HugePages_Total:     0
Node 0 HugePages_Free:      0
Node 0 HugePages_Surp:      0

Node 1 MemTotal:       24661580 kB
Node 1 MemFree:        23763596 kB
Node 1 MemUsed:          897984 kB
Node 1 Active:            69584 kB
Node 1 Inactive:          78428 kB
Node 1 Active(anon):      23688 kB
Node 1 Inactive(anon):      476 kB
Node 1 Active(file):      45896 kB
Node 1 Inactive(file):    77952 kB
Node 1 Unevictable:       17512 kB
Node 1 Mlocked:           17512 kB
Node 1 Dirty:                72 kB
Node 1 Writeback:             0 kB
Node 1 FilePages:        131464 kB
Node 1 Mapped:            27760 kB
Node 1 AnonPages:         33868 kB
Node 1 Shmem:               664 kB
Node 1 KernelStack:        2520 kB
Node 1 PageTables:          796 kB
Node 1 NFS_Unstable:          0 kB
Node 1 Bounce:                0 kB
Node 1 WritebackTmp:          0 kB
Node 1 KReclaimable:      27536 kB
Node 1 Slab:              75144 kB
Node 1 SReclaimable:      27536 kB
Node 1 SUnreclaim:        47608 kB
Node 1 AnonHugePages:         0 kB
Node 1 ShmemHugePages:        0 kB
Node 1 ShmemPmdMapped:        0 kB
Node 1 FileHugePages:        0 kB
Node 1 FilePmdMapped:        0 kB
Node 1 HugePages_Total:     0
Node 1 HugePages_Free:      0
Node 1 HugePages_Surp:      0

B.0.512M-simpleread.2-1G.3.O.1M Complete!
