kernel.numa_balancing = 0
355 Tests Remaining!
B.0.512M-simpleread.2G.3.O.1M
Begin
Node 0 MemTotal:       24743736 kB
Node 0 MemFree:        24473388 kB
Node 0 MemUsed:          270348 kB
Node 0 Active:            66692 kB
Node 0 Inactive:          43752 kB
Node 0 Active(anon):      15632 kB
Node 0 Inactive(anon):      448 kB
Node 0 Active(file):      51060 kB
Node 0 Inactive(file):    43304 kB
Node 0 Unevictable:       17932 kB
Node 0 Mlocked:           17932 kB
Node 0 Dirty:               324 kB
Node 0 Writeback:             0 kB
Node 0 FilePages:        102604 kB
Node 0 Mapped:            42304 kB
Node 0 AnonPages:         25684 kB
Node 0 Shmem:               640 kB
Node 0 KernelStack:        2024 kB
Node 0 PageTables:          656 kB
Node 0 NFS_Unstable:          0 kB
Node 0 Bounce:                0 kB
Node 0 WritebackTmp:          0 kB
Node 0 KReclaimable:      22760 kB
Node 0 Slab:              61096 kB
Node 0 SReclaimable:      22760 kB
Node 0 SUnreclaim:        38336 kB
Node 0 AnonHugePages:         0 kB
Node 0 ShmemHugePages:        0 kB
Node 0 ShmemPmdMapped:        0 kB
Node 0 FileHugePages:        0 kB
Node 0 FilePmdMapped:        0 kB
Node 0 HugePages_Total:     0
Node 0 HugePages_Free:      0
Node 0 HugePages_Surp:      0

Node 1 MemTotal:       24686196 kB
Node 1 MemFree:        24333536 kB
Node 1 MemUsed:          352660 kB
Node 1 Active:            31584 kB
Node 1 Inactive:          55028 kB
Node 1 Active(anon):      19776 kB
Node 1 Inactive(anon):      432 kB
Node 1 Active(file):      11808 kB
Node 1 Inactive(file):    54596 kB
Node 1 Unevictable:         592 kB
Node 1 Mlocked:             592 kB
Node 1 Dirty:               124 kB
Node 1 Writeback:             0 kB
Node 1 FilePages:         67636 kB
Node 1 Mapped:             4628 kB
Node 1 AnonPages:         19532 kB
Node 1 Shmem:               628 kB
Node 1 KernelStack:        1768 kB
Node 1 PageTables:          648 kB
Node 1 NFS_Unstable:          0 kB
Node 1 Bounce:                0 kB
Node 1 WritebackTmp:          0 kB
Node 1 KReclaimable:      20080 kB
Node 1 Slab:              46272 kB
Node 1 SReclaimable:      20080 kB
Node 1 SUnreclaim:        26192 kB
Node 1 AnonHugePages:         0 kB
Node 1 ShmemHugePages:        0 kB
Node 1 ShmemPmdMapped:        0 kB
Node 1 FileHugePages:        0 kB
Node 1 FilePmdMapped:        0 kB
Node 1 HugePages_Total:     0
Node 1 HugePages_Free:      0
Node 1 HugePages_Surp:      0

Load ZFS
Node 0 MemTotal:       24743736 kB
Node 0 MemFree:        24428980 kB
Node 0 MemUsed:          314756 kB
Node 0 Active:            81004 kB
Node 0 Inactive:          65116 kB
Node 0 Active(anon):      28672 kB
Node 0 Inactive(anon):      508 kB
Node 0 Active(file):      52332 kB
Node 0 Inactive(file):    64608 kB
Node 0 Unevictable:       18132 kB
Node 0 Mlocked:           18132 kB
Node 0 Dirty:               372 kB
Node 0 Writeback:             0 kB
Node 0 FilePages:        124952 kB
Node 0 Mapped:            44060 kB
Node 0 AnonPages:         39384 kB
Node 0 Shmem:               708 kB
Node 0 KernelStack:        2416 kB
Node 0 PageTables:         1444 kB
Node 0 NFS_Unstable:          0 kB
Node 0 Bounce:                0 kB
Node 0 WritebackTmp:          0 kB
Node 0 KReclaimable:      23456 kB
Node 0 Slab:              64700 kB
Node 0 SReclaimable:      23456 kB
Node 0 SUnreclaim:        41244 kB
Node 0 AnonHugePages:         0 kB
Node 0 ShmemHugePages:        0 kB
Node 0 ShmemPmdMapped:        0 kB
Node 0 FileHugePages:        0 kB
Node 0 FilePmdMapped:        0 kB
Node 0 HugePages_Total:     0
Node 0 HugePages_Free:      0
Node 0 HugePages_Surp:      0

Node 1 MemTotal:       24686196 kB
Node 1 MemFree:        24235756 kB
Node 1 MemUsed:          450440 kB
Node 1 Active:            41336 kB
Node 1 Inactive:         137348 kB
Node 1 Active(anon):      28340 kB
Node 1 Inactive(anon):      432 kB
Node 1 Active(file):      12996 kB
Node 1 Inactive(file):   136916 kB
Node 1 Unevictable:         592 kB
Node 1 Mlocked:             592 kB
Node 1 Dirty:               144 kB
Node 1 Writeback:             0 kB
Node 1 FilePages:        151064 kB
Node 1 Mapped:             6908 kB
Node 1 AnonPages:         27992 kB
Node 1 Shmem:               560 kB
Node 1 KernelStack:        1776 kB
Node 1 PageTables:          744 kB
Node 1 NFS_Unstable:          0 kB
Node 1 Bounce:                0 kB
Node 1 WritebackTmp:          0 kB
Node 1 KReclaimable:      20704 kB
Node 1 Slab:              49456 kB
Node 1 SReclaimable:      20704 kB
Node 1 SUnreclaim:        28752 kB
Node 1 AnonHugePages:         0 kB
Node 1 ShmemHugePages:        0 kB
Node 1 ShmemPmdMapped:        0 kB
Node 1 FileHugePages:        0 kB
Node 1 FilePmdMapped:        0 kB
Node 1 HugePages_Total:     0
Node 1 HugePages_Free:      0
Node 1 HugePages_Surp:      0

Import tank ZPool
Node 0 MemTotal:       24743736 kB
Node 0 MemFree:        24430264 kB
Node 0 MemUsed:          313472 kB
Node 0 Active:            80664 kB
Node 0 Inactive:          64828 kB
Node 0 Active(anon):      28332 kB
Node 0 Inactive(anon):      512 kB
Node 0 Active(file):      52332 kB
Node 0 Inactive(file):    64316 kB
Node 0 Unevictable:       18164 kB
Node 0 Mlocked:           18164 kB
Node 0 Dirty:               416 kB
Node 0 Writeback:             0 kB
Node 0 FilePages:        124956 kB
Node 0 Mapped:            43836 kB
Node 0 AnonPages:         38696 kB
Node 0 Shmem:               708 kB
Node 0 KernelStack:        2296 kB
Node 0 PageTables:         1568 kB
Node 0 NFS_Unstable:          0 kB
Node 0 Bounce:                0 kB
Node 0 WritebackTmp:          0 kB
Node 0 KReclaimable:      23488 kB
Node 0 Slab:              64832 kB
Node 0 SReclaimable:      23488 kB
Node 0 SUnreclaim:        41344 kB
Node 0 AnonHugePages:         0 kB
Node 0 ShmemHugePages:        0 kB
Node 0 ShmemPmdMapped:        0 kB
Node 0 FileHugePages:        0 kB
Node 0 FilePmdMapped:        0 kB
Node 0 HugePages_Total:     0
Node 0 HugePages_Free:      0
Node 0 HugePages_Surp:      0

Node 1 MemTotal:       24686196 kB
Node 1 MemFree:        24218536 kB
Node 1 MemUsed:          467660 kB
Node 1 Active:            41868 kB
Node 1 Inactive:         138588 kB
Node 1 Active(anon):      28388 kB
Node 1 Inactive(anon):      436 kB
Node 1 Active(file):      13480 kB
Node 1 Inactive(file):   138152 kB
Node 1 Unevictable:         592 kB
Node 1 Mlocked:             592 kB
Node 1 Dirty:                48 kB
Node 1 Writeback:             0 kB
Node 1 FilePages:        152800 kB
Node 1 Mapped:             6848 kB
Node 1 AnonPages:         28388 kB
Node 1 Shmem:               560 kB
Node 1 KernelStack:        2888 kB
Node 1 PageTables:         1072 kB
Node 1 NFS_Unstable:          0 kB
Node 1 Bounce:                0 kB
Node 1 WritebackTmp:          0 kB
Node 1 KReclaimable:      20824 kB
Node 1 Slab:              55712 kB
Node 1 SReclaimable:      20824 kB
Node 1 SUnreclaim:        34888 kB
Node 1 AnonHugePages:         0 kB
Node 1 ShmemHugePages:        0 kB
Node 1 ShmemPmdMapped:        0 kB
Node 1 FileHugePages:        0 kB
Node 1 FilePmdMapped:        0 kB
Node 1 HugePages_Total:     0
Node 1 HugePages_Free:      0
Node 1 HugePages_Surp:      0

After Test
Node 0 MemTotal:       24743736 kB
Node 0 MemFree:        21487576 kB
Node 0 MemUsed:         3256160 kB
Node 0 Active:            69264 kB
Node 0 Inactive:         564504 kB
Node 0 Active(anon):      16172 kB
Node 0 Inactive(anon):      508 kB
Node 0 Active(file):      53092 kB
Node 0 Inactive(file):   563996 kB
Node 0 Unevictable:       18164 kB
Node 0 Mlocked:           18164 kB
Node 0 Dirty:                36 kB
Node 0 Writeback:             0 kB
Node 0 FilePages:        625396 kB
Node 0 Mapped:            42284 kB
Node 0 AnonPages:         26420 kB
Node 0 Shmem:               708 kB
Node 0 KernelStack:        1992 kB
Node 0 PageTables:          796 kB
Node 0 NFS_Unstable:          0 kB
Node 0 Bounce:                0 kB
Node 0 WritebackTmp:          0 kB
Node 0 KReclaimable:      24728 kB
Node 0 Slab:              78044 kB
Node 0 SReclaimable:      24728 kB
Node 0 SUnreclaim:        53316 kB
Node 0 AnonHugePages:         0 kB
Node 0 ShmemHugePages:        0 kB
Node 0 ShmemPmdMapped:        0 kB
Node 0 FileHugePages:        0 kB
Node 0 FilePmdMapped:        0 kB
Node 0 HugePages_Total:     0
Node 0 HugePages_Free:      0
Node 0 HugePages_Surp:      0

Node 1 MemTotal:       24686196 kB
Node 1 MemFree:        23749788 kB
Node 1 MemUsed:          936408 kB
Node 1 Active:            32008 kB
Node 1 Inactive:         138072 kB
Node 1 Active(anon):      17940 kB
Node 1 Inactive(anon):      432 kB
Node 1 Active(file):      14068 kB
Node 1 Inactive(file):   137640 kB
Node 1 Unevictable:         592 kB
Node 1 Mlocked:             592 kB
Node 1 Dirty:                 4 kB
Node 1 Writeback:             0 kB
Node 1 FilePages:        152868 kB
Node 1 Mapped:             4568 kB
Node 1 AnonPages:         17812 kB
Node 1 Shmem:               560 kB
Node 1 KernelStack:        2632 kB
Node 1 PageTables:          396 kB
Node 1 NFS_Unstable:          0 kB
Node 1 Bounce:                0 kB
Node 1 WritebackTmp:          0 kB
Node 1 KReclaimable:      20832 kB
Node 1 Slab:              56756 kB
Node 1 SReclaimable:      20832 kB
Node 1 SUnreclaim:        35924 kB
Node 1 AnonHugePages:         0 kB
Node 1 ShmemHugePages:        0 kB
Node 1 ShmemPmdMapped:        0 kB
Node 1 FileHugePages:        0 kB
Node 1 FilePmdMapped:        0 kB
Node 1 HugePages_Total:     0
Node 1 HugePages_Free:      0
Node 1 HugePages_Surp:      0

After Opposite Node
Node 0 MemTotal:       24743736 kB
Node 0 MemFree:        21490288 kB
Node 0 MemUsed:         3253448 kB
Node 0 Active:            69156 kB
Node 0 Inactive:         564228 kB
Node 0 Active(anon):      15784 kB
Node 0 Inactive(anon):      508 kB
Node 0 Active(file):      53372 kB
Node 0 Inactive(file):   563720 kB
Node 0 Unevictable:       18164 kB
Node 0 Mlocked:           18164 kB
Node 0 Dirty:                 8 kB
Node 0 Writeback:             0 kB
Node 0 FilePages:        625400 kB
Node 0 Mapped:            42488 kB
Node 0 AnonPages:         26164 kB
Node 0 Shmem:               708 kB
Node 0 KernelStack:        1976 kB
Node 0 PageTables:          644 kB
Node 0 NFS_Unstable:          0 kB
Node 0 Bounce:                0 kB
Node 0 WritebackTmp:          0 kB
Node 0 KReclaimable:      24728 kB
Node 0 Slab:              78096 kB
Node 0 SReclaimable:      24728 kB
Node 0 SUnreclaim:        53368 kB
Node 0 AnonHugePages:         0 kB
Node 0 ShmemHugePages:        0 kB
Node 0 ShmemPmdMapped:        0 kB
Node 0 FileHugePages:        0 kB
Node 0 FilePmdMapped:        0 kB
Node 0 HugePages_Total:     0
Node 0 HugePages_Free:      0
Node 0 HugePages_Surp:      0

Node 1 MemTotal:       24686196 kB
Node 1 MemFree:        23750792 kB
Node 1 MemUsed:          935404 kB
Node 1 Active:            32500 kB
Node 1 Inactive:         138060 kB
Node 1 Active(anon):      18388 kB
Node 1 Inactive(anon):      432 kB
Node 1 Active(file):      14112 kB
Node 1 Inactive(file):   137628 kB
Node 1 Unevictable:         592 kB
Node 1 Mlocked:             592 kB
Node 1 Dirty:                16 kB
Node 1 Writeback:             0 kB
Node 1 FilePages:        152892 kB
Node 1 Mapped:             4568 kB
Node 1 AnonPages:         18072 kB
Node 1 Shmem:               560 kB
Node 1 KernelStack:        2648 kB
Node 1 PageTables:          552 kB
Node 1 NFS_Unstable:          0 kB
Node 1 Bounce:                0 kB
Node 1 WritebackTmp:          0 kB
Node 1 KReclaimable:      20868 kB
Node 1 Slab:              56920 kB
Node 1 SReclaimable:      20868 kB
Node 1 SUnreclaim:        36052 kB
Node 1 AnonHugePages:         0 kB
Node 1 ShmemHugePages:        0 kB
Node 1 ShmemPmdMapped:        0 kB
Node 1 FileHugePages:        0 kB
Node 1 FilePmdMapped:        0 kB
Node 1 HugePages_Total:     0
Node 1 HugePages_Free:      0
Node 1 HugePages_Surp:      0

B.0.512M-simpleread.2G.3.O.1M Complete!
