kernel.numa_balancing = 0
B.0.256M-simpleread.8G.1.O.1M
Begin
Node 0 MemTotal:       24743736 kB
Node 0 MemFree:        24386220 kB
Node 0 MemUsed:          357516 kB
Node 0 Active:            53328 kB
Node 0 Inactive:          25564 kB
Node 0 Active(anon):      15400 kB
Node 0 Inactive(anon):      500 kB
Node 0 Active(file):      37928 kB
Node 0 Inactive(file):    25064 kB
Node 0 Unevictable:         308 kB
Node 0 Mlocked:             308 kB
Node 0 Dirty:               116 kB
Node 0 Writeback:             0 kB
Node 0 FilePages:         63988 kB
Node 0 Mapped:            17560 kB
Node 0 AnonPages:         15356 kB
Node 0 Shmem:               692 kB
Node 0 KernelStack:        2136 kB
Node 0 PageTables:          564 kB
Node 0 NFS_Unstable:          0 kB
Node 0 Bounce:                0 kB
Node 0 WritebackTmp:          0 kB
Node 0 KReclaimable:      23992 kB
Node 0 Slab:              59516 kB
Node 0 SReclaimable:      23992 kB
Node 0 SUnreclaim:        35524 kB
Node 0 AnonHugePages:         0 kB
Node 0 ShmemHugePages:        0 kB
Node 0 ShmemPmdMapped:        0 kB
Node 0 FileHugePages:        0 kB
Node 0 FilePmdMapped:        0 kB
Node 0 HugePages_Total:     0
Node 0 HugePages_Free:      0
Node 0 HugePages_Surp:      0

Node 1 MemTotal:       24686196 kB
Node 1 MemFree:        24435084 kB
Node 1 MemUsed:          251112 kB
Node 1 Active:            41808 kB
Node 1 Inactive:          62452 kB
Node 1 Active(anon):      18108 kB
Node 1 Inactive(anon):      388 kB
Node 1 Active(file):      23700 kB
Node 1 Inactive(file):    62064 kB
Node 1 Unevictable:       18216 kB
Node 1 Mlocked:           18216 kB
Node 1 Dirty:               400 kB
Node 1 Writeback:             0 kB
Node 1 FilePages:         94272 kB
Node 1 Mapped:            22908 kB
Node 1 AnonPages:         28240 kB
Node 1 Shmem:               576 kB
Node 1 KernelStack:        1480 kB
Node 1 PageTables:          484 kB
Node 1 NFS_Unstable:          0 kB
Node 1 Bounce:                0 kB
Node 1 WritebackTmp:          0 kB
Node 1 KReclaimable:      17640 kB
Node 1 Slab:              46648 kB
Node 1 SReclaimable:      17640 kB
Node 1 SUnreclaim:        29008 kB
Node 1 AnonHugePages:         0 kB
Node 1 ShmemHugePages:        0 kB
Node 1 ShmemPmdMapped:        0 kB
Node 1 FileHugePages:        0 kB
Node 1 FilePmdMapped:        0 kB
Node 1 HugePages_Total:     0
Node 1 HugePages_Free:      0
Node 1 HugePages_Surp:      0

Load ZFS
Node 0 MemTotal:       24743736 kB
Node 0 MemFree:        24267736 kB
Node 0 MemUsed:          476000 kB
Node 0 Active:            65256 kB
Node 0 Inactive:         126740 kB
Node 0 Active(anon):      26132 kB
Node 0 Inactive(anon):      472 kB
Node 0 Active(file):      39124 kB
Node 0 Inactive(file):   126268 kB
Node 0 Unevictable:         308 kB
Node 0 Mlocked:             308 kB
Node 0 Dirty:               324 kB
Node 0 Writeback:             0 kB
Node 0 FilePages:        166264 kB
Node 0 Mapped:            19756 kB
Node 0 AnonPages:         25728 kB
Node 0 Shmem:               568 kB
Node 0 KernelStack:        2328 kB
Node 0 PageTables:         1920 kB
Node 0 NFS_Unstable:          0 kB
Node 0 Bounce:                0 kB
Node 0 WritebackTmp:          0 kB
Node 0 KReclaimable:      24896 kB
Node 0 Slab:              63472 kB
Node 0 SReclaimable:      24896 kB
Node 0 SUnreclaim:        38576 kB
Node 0 AnonHugePages:         0 kB
Node 0 ShmemHugePages:        0 kB
Node 0 ShmemPmdMapped:        0 kB
Node 0 FileHugePages:        0 kB
Node 0 FilePmdMapped:        0 kB
Node 0 HugePages_Total:     0
Node 0 HugePages_Free:      0
Node 0 HugePages_Surp:      0

Node 1 MemTotal:       24686196 kB
Node 1 MemFree:        24413292 kB
Node 1 MemUsed:          272904 kB
Node 1 Active:            55548 kB
Node 1 Inactive:          64732 kB
Node 1 Active(anon):      30352 kB
Node 1 Inactive(anon):      460 kB
Node 1 Active(file):      25196 kB
Node 1 Inactive(file):    64272 kB
Node 1 Unevictable:       18432 kB
Node 1 Mlocked:           18432 kB
Node 1 Dirty:               176 kB
Node 1 Writeback:             0 kB
Node 1 FilePages:         98056 kB
Node 1 Mapped:            24952 kB
Node 1 AnonPages:         40564 kB
Node 1 Shmem:               700 kB
Node 1 KernelStack:        1784 kB
Node 1 PageTables:         1144 kB
Node 1 NFS_Unstable:          0 kB
Node 1 Bounce:                0 kB
Node 1 WritebackTmp:          0 kB
Node 1 KReclaimable:      18200 kB
Node 1 Slab:              49268 kB
Node 1 SReclaimable:      18200 kB
Node 1 SUnreclaim:        31068 kB
Node 1 AnonHugePages:         0 kB
Node 1 ShmemHugePages:        0 kB
Node 1 ShmemPmdMapped:        0 kB
Node 1 FileHugePages:        0 kB
Node 1 FilePmdMapped:        0 kB
Node 1 HugePages_Total:     0
Node 1 HugePages_Free:      0
Node 1 HugePages_Surp:      0

Import tank ZPool
Node 0 MemTotal:       24743736 kB
Node 0 MemFree:        24278540 kB
Node 0 MemUsed:          465196 kB
Node 0 Active:            54480 kB
Node 0 Inactive:         126720 kB
Node 0 Active(anon):      15348 kB
Node 0 Inactive(anon):      460 kB
Node 0 Active(file):      39132 kB
Node 0 Inactive(file):   126260 kB
Node 0 Unevictable:         308 kB
Node 0 Mlocked:             308 kB
Node 0 Dirty:               368 kB
Node 0 Writeback:             0 kB
Node 0 FilePages:        166236 kB
Node 0 Mapped:            18136 kB
Node 0 AnonPages:         14704 kB
Node 0 Shmem:               540 kB
Node 0 KernelStack:        2136 kB
Node 0 PageTables:          932 kB
Node 0 NFS_Unstable:          0 kB
Node 0 Bounce:                0 kB
Node 0 WritebackTmp:          0 kB
Node 0 KReclaimable:      24896 kB
Node 0 Slab:              63300 kB
Node 0 SReclaimable:      24896 kB
Node 0 SUnreclaim:        38404 kB
Node 0 AnonHugePages:         0 kB
Node 0 ShmemHugePages:        0 kB
Node 0 ShmemPmdMapped:        0 kB
Node 0 FileHugePages:        0 kB
Node 0 FilePmdMapped:        0 kB
Node 0 HugePages_Total:     0
Node 0 HugePages_Free:      0
Node 0 HugePages_Surp:      0

Node 1 MemTotal:       24686196 kB
Node 1 MemFree:        24405164 kB
Node 1 MemUsed:          281032 kB
Node 1 Active:            45084 kB
Node 1 Inactive:          65856 kB
Node 1 Active(anon):      19392 kB
Node 1 Inactive(anon):      488 kB
Node 1 Active(file):      25692 kB
Node 1 Inactive(file):    65368 kB
Node 1 Unevictable:       18448 kB
Node 1 Mlocked:           18448 kB
Node 1 Dirty:               196 kB
Node 1 Writeback:             0 kB
Node 1 FilePages:         99680 kB
Node 1 Mapped:            23636 kB
Node 1 AnonPages:         29788 kB
Node 1 Shmem:               728 kB
Node 1 KernelStack:        2856 kB
Node 1 PageTables:          856 kB
Node 1 NFS_Unstable:          0 kB
Node 1 Bounce:                0 kB
Node 1 WritebackTmp:          0 kB
Node 1 KReclaimable:      18336 kB
Node 1 Slab:              55364 kB
Node 1 SReclaimable:      18336 kB
Node 1 SUnreclaim:        37028 kB
Node 1 AnonHugePages:         0 kB
Node 1 ShmemHugePages:        0 kB
Node 1 ShmemPmdMapped:        0 kB
Node 1 FileHugePages:        0 kB
Node 1 FilePmdMapped:        0 kB
Node 1 HugePages_Total:     0
Node 1 HugePages_Free:      0
Node 1 HugePages_Surp:      0

After Test
Node 0 MemTotal:       24743736 kB
Node 0 MemFree:        23763308 kB
Node 0 MemUsed:          980428 kB
Node 0 Active:            54940 kB
Node 0 Inactive:         126732 kB
Node 0 Active(anon):      15172 kB
Node 0 Inactive(anon):      460 kB
Node 0 Active(file):      39768 kB
Node 0 Inactive(file):   126272 kB
Node 0 Unevictable:         308 kB
Node 0 Mlocked:             308 kB
Node 0 Dirty:                28 kB
Node 0 Writeback:             0 kB
Node 0 FilePages:        166888 kB
Node 0 Mapped:            17628 kB
Node 0 AnonPages:         14780 kB
Node 0 Shmem:               544 kB
Node 0 KernelStack:        1928 kB
Node 0 PageTables:          612 kB
Node 0 NFS_Unstable:          0 kB
Node 0 Bounce:                0 kB
Node 0 WritebackTmp:          0 kB
Node 0 KReclaimable:      24952 kB
Node 0 Slab:              66244 kB
Node 0 SReclaimable:      24952 kB
Node 0 SUnreclaim:        41292 kB
Node 0 AnonHugePages:         0 kB
Node 0 ShmemHugePages:        0 kB
Node 0 ShmemPmdMapped:        0 kB
Node 0 FileHugePages:        0 kB
Node 0 FilePmdMapped:        0 kB
Node 0 HugePages_Total:     0
Node 0 HugePages_Free:      0
Node 0 HugePages_Surp:      0

Node 1 MemTotal:       24686196 kB
Node 1 MemFree:        15422216 kB
Node 1 MemUsed:         9263980 kB
Node 1 Active:            44672 kB
Node 1 Inactive:         315272 kB
Node 1 Active(anon):      18468 kB
Node 1 Inactive(anon):      480 kB
Node 1 Active(file):      26204 kB
Node 1 Inactive(file):   314792 kB
Node 1 Unevictable:       18448 kB
Node 1 Mlocked:           18448 kB
Node 1 Dirty:                 0 kB
Node 1 Writeback:             0 kB
Node 1 FilePages:        349608 kB
Node 1 Mapped:            23196 kB
Node 1 AnonPages:         28784 kB
Node 1 Shmem:               724 kB
Node 1 KernelStack:        2712 kB
Node 1 PageTables:          504 kB
Node 1 NFS_Unstable:          0 kB
Node 1 Bounce:                0 kB
Node 1 WritebackTmp:          0 kB
Node 1 KReclaimable:      19100 kB
Node 1 Slab:              87180 kB
Node 1 SReclaimable:      19100 kB
Node 1 SUnreclaim:        68080 kB
Node 1 AnonHugePages:         0 kB
Node 1 ShmemHugePages:        0 kB
Node 1 ShmemPmdMapped:        0 kB
Node 1 FileHugePages:        0 kB
Node 1 FilePmdMapped:        0 kB
Node 1 HugePages_Total:     0
Node 1 HugePages_Free:      0
Node 1 HugePages_Surp:      0

After Opposite Node
Node 0 MemTotal:       24743736 kB
Node 0 MemFree:        23761732 kB
Node 0 MemUsed:          982004 kB
Node 0 Active:            54596 kB
Node 0 Inactive:         126696 kB
Node 0 Active(anon):      14780 kB
Node 0 Inactive(anon):      460 kB
Node 0 Active(file):      39816 kB
Node 0 Inactive(file):   126236 kB
Node 0 Unevictable:         308 kB
Node 0 Mlocked:             308 kB
Node 0 Dirty:                 8 kB
Node 0 Writeback:             0 kB
Node 0 FilePages:        166900 kB
Node 0 Mapped:            17600 kB
Node 0 AnonPages:         14700 kB
Node 0 Shmem:               544 kB
Node 0 KernelStack:        1912 kB
Node 0 PageTables:          504 kB
Node 0 NFS_Unstable:          0 kB
Node 0 Bounce:                0 kB
Node 0 WritebackTmp:          0 kB
Node 0 KReclaimable:      24952 kB
Node 0 Slab:              66244 kB
Node 0 SReclaimable:      24952 kB
Node 0 SUnreclaim:        41292 kB
Node 0 AnonHugePages:         0 kB
Node 0 ShmemHugePages:        0 kB
Node 0 ShmemPmdMapped:        0 kB
Node 0 FileHugePages:        0 kB
Node 0 FilePmdMapped:        0 kB
Node 0 HugePages_Total:     0
Node 0 HugePages_Free:      0
Node 0 HugePages_Surp:      0

Node 1 MemTotal:       24686196 kB
Node 1 MemFree:        15426788 kB
Node 1 MemUsed:         9259408 kB
Node 1 Active:            45292 kB
Node 1 Inactive:         315080 kB
Node 1 Active(anon):      18864 kB
Node 1 Inactive(anon):      480 kB
Node 1 Active(file):      26428 kB
Node 1 Inactive(file):   314600 kB
Node 1 Unevictable:       18448 kB
Node 1 Mlocked:           18448 kB
Node 1 Dirty:                16 kB
Node 1 Writeback:             0 kB
Node 1 FilePages:        349640 kB
Node 1 Mapped:            23188 kB
Node 1 AnonPages:         29304 kB
Node 1 Shmem:               724 kB
Node 1 KernelStack:        2712 kB
Node 1 PageTables:          608 kB
Node 1 NFS_Unstable:          0 kB
Node 1 Bounce:                0 kB
Node 1 WritebackTmp:          0 kB
Node 1 KReclaimable:      19132 kB
Node 1 Slab:              87424 kB
Node 1 SReclaimable:      19132 kB
Node 1 SUnreclaim:        68292 kB
Node 1 AnonHugePages:         0 kB
Node 1 ShmemHugePages:        0 kB
Node 1 ShmemPmdMapped:        0 kB
Node 1 FileHugePages:        0 kB
Node 1 FilePmdMapped:        0 kB
Node 1 HugePages_Total:     0
Node 1 HugePages_Free:      0
Node 1 HugePages_Surp:      0

B.0.256M-simpleread.8G.1.O.1M Complete!
