kernel.numa_balancing = 0
B.0.64M-simpleread.250M.3.O.1M
Begin
Node 0 MemTotal:       24768356 kB
Node 0 MemFree:        24404664 kB
Node 0 MemUsed:          363692 kB
Node 0 Active:            30308 kB
Node 0 Inactive:          58632 kB
Node 0 Active(anon):       7544 kB
Node 0 Inactive(anon):      292 kB
Node 0 Active(file):      22764 kB
Node 0 Inactive(file):    58340 kB
Node 0 Unevictable:        5404 kB
Node 0 Mlocked:            5404 kB
Node 0 Dirty:               392 kB
Node 0 Writeback:             0 kB
Node 0 FilePages:         86944 kB
Node 0 Mapped:            16872 kB
Node 0 AnonPages:          7400 kB
Node 0 Shmem:               440 kB
Node 0 KernelStack:        2120 kB
Node 0 PageTables:          316 kB
Node 0 NFS_Unstable:          0 kB
Node 0 Bounce:                0 kB
Node 0 WritebackTmp:          0 kB
Node 0 KReclaimable:      20012 kB
Node 0 Slab:              52712 kB
Node 0 SReclaimable:      20012 kB
Node 0 SUnreclaim:        32700 kB
Node 0 AnonHugePages:         0 kB
Node 0 ShmemHugePages:        0 kB
Node 0 ShmemPmdMapped:        0 kB
Node 0 FileHugePages:        0 kB
Node 0 FilePmdMapped:        0 kB
Node 0 HugePages_Total:     0
Node 0 HugePages_Free:      0
Node 0 HugePages_Surp:      0

Node 1 MemTotal:       24661580 kB
Node 1 MemFree:        24404468 kB
Node 1 MemUsed:          257112 kB
Node 1 Active:            64744 kB
Node 1 Inactive:          36248 kB
Node 1 Active(anon):      26216 kB
Node 1 Inactive(anon):      572 kB
Node 1 Active(file):      38528 kB
Node 1 Inactive(file):    35676 kB
Node 1 Unevictable:       13116 kB
Node 1 Mlocked:           13116 kB
Node 1 Dirty:                40 kB
Node 1 Writeback:             0 kB
Node 1 FilePages:         77864 kB
Node 1 Mapped:            29056 kB
Node 1 AnonPages:         36272 kB
Node 1 Shmem:               828 kB
Node 1 KernelStack:        1464 kB
Node 1 PageTables:          808 kB
Node 1 NFS_Unstable:          0 kB
Node 1 Bounce:                0 kB
Node 1 WritebackTmp:          0 kB
Node 1 KReclaimable:      22216 kB
Node 1 Slab:              55124 kB
Node 1 SReclaimable:      22216 kB
Node 1 SUnreclaim:        32908 kB
Node 1 AnonHugePages:         0 kB
Node 1 ShmemHugePages:        0 kB
Node 1 ShmemPmdMapped:        0 kB
Node 1 FileHugePages:        0 kB
Node 1 FilePmdMapped:        0 kB
Node 1 HugePages_Total:     0
Node 1 HugePages_Free:      0
Node 1 HugePages_Surp:      0

Load ZFS
Node 0 MemTotal:       24768356 kB
Node 0 MemFree:        24498368 kB
Node 0 MemUsed:          269988 kB
Node 0 Active:            43836 kB
Node 0 Inactive:          82780 kB
Node 0 Active(anon):      19404 kB
Node 0 Inactive(anon):      488 kB
Node 0 Active(file):      24432 kB
Node 0 Inactive(file):    82292 kB
Node 0 Unevictable:        5404 kB
Node 0 Mlocked:            5404 kB
Node 0 Dirty:               172 kB
Node 0 Writeback:             0 kB
Node 0 FilePages:        112832 kB
Node 0 Mapped:            18068 kB
Node 0 AnonPages:         18960 kB
Node 0 Shmem:               708 kB
Node 0 KernelStack:        2312 kB
Node 0 PageTables:         1232 kB
Node 0 NFS_Unstable:          0 kB
Node 0 Bounce:                0 kB
Node 0 WritebackTmp:          0 kB
Node 0 KReclaimable:      20916 kB
Node 0 Slab:              55252 kB
Node 0 SReclaimable:      20916 kB
Node 0 SUnreclaim:        34336 kB
Node 0 AnonHugePages:         0 kB
Node 0 ShmemHugePages:        0 kB
Node 0 ShmemPmdMapped:        0 kB
Node 0 FileHugePages:        0 kB
Node 0 FilePmdMapped:        0 kB
Node 0 HugePages_Total:     0
Node 0 HugePages_Free:      0
Node 0 HugePages_Surp:      0

Node 1 MemTotal:       24661580 kB
Node 1 MemFree:        24169008 kB
Node 1 MemUsed:          492572 kB
Node 1 Active:            79036 kB
Node 1 Inactive:         115424 kB
Node 1 Active(anon):      39392 kB
Node 1 Inactive(anon):      452 kB
Node 1 Active(file):      39644 kB
Node 1 Inactive(file):   114972 kB
Node 1 Unevictable:       13328 kB
Node 1 Mlocked:           13328 kB
Node 1 Dirty:               344 kB
Node 1 Writeback:             0 kB
Node 1 FilePages:        157968 kB
Node 1 Mapped:            31496 kB
Node 1 AnonPages:         49428 kB
Node 1 Shmem:               560 kB
Node 1 KernelStack:        1924 kB
Node 1 PageTables:         1800 kB
Node 1 NFS_Unstable:          0 kB
Node 1 Bounce:                0 kB
Node 1 WritebackTmp:          0 kB
Node 1 KReclaimable:      23072 kB
Node 1 Slab:              59076 kB
Node 1 SReclaimable:      23072 kB
Node 1 SUnreclaim:        36004 kB
Node 1 AnonHugePages:         0 kB
Node 1 ShmemHugePages:        0 kB
Node 1 ShmemPmdMapped:        0 kB
Node 1 FileHugePages:        0 kB
Node 1 FilePmdMapped:        0 kB
Node 1 HugePages_Total:     0
Node 1 HugePages_Free:      0
Node 1 HugePages_Surp:      0

Import tank ZPool
Node 0 MemTotal:       24768356 kB
Node 0 MemFree:        24498188 kB
Node 0 MemUsed:          270168 kB
Node 0 Active:            31312 kB
Node 0 Inactive:          82728 kB
Node 0 Active(anon):       7012 kB
Node 0 Inactive(anon):      492 kB
Node 0 Active(file):      24300 kB
Node 0 Inactive(file):    82236 kB
Node 0 Unevictable:        5404 kB
Node 0 Mlocked:            5404 kB
Node 0 Dirty:                88 kB
Node 0 Writeback:             0 kB
Node 0 FilePages:        112644 kB
Node 0 Mapped:            17084 kB
Node 0 AnonPages:          6796 kB
Node 0 Shmem:               708 kB
Node 0 KernelStack:        3192 kB
Node 0 PageTables:          316 kB
Node 0 NFS_Unstable:          0 kB
Node 0 Bounce:                0 kB
Node 0 WritebackTmp:          0 kB
Node 0 KReclaimable:      20916 kB
Node 0 Slab:              57492 kB
Node 0 SReclaimable:      20916 kB
Node 0 SUnreclaim:        36576 kB
Node 0 AnonHugePages:         0 kB
Node 0 ShmemHugePages:        0 kB
Node 0 ShmemPmdMapped:        0 kB
Node 0 FileHugePages:        0 kB
Node 0 FilePmdMapped:        0 kB
Node 0 HugePages_Total:     0
Node 0 HugePages_Free:      0
Node 0 HugePages_Surp:      0

Node 1 MemTotal:       24661580 kB
Node 1 MemFree:        24173540 kB
Node 1 MemUsed:          488040 kB
Node 1 Active:            67132 kB
Node 1 Inactive:         116092 kB
Node 1 Active(anon):      26440 kB
Node 1 Inactive(anon):      456 kB
Node 1 Active(file):      40692 kB
Node 1 Inactive(file):   115636 kB
Node 1 Unevictable:       13344 kB
Node 1 Mlocked:           13344 kB
Node 1 Dirty:               396 kB
Node 1 Writeback:             0 kB
Node 1 FilePages:        159716 kB
Node 1 Mapped:            29300 kB
Node 1 AnonPages:         36524 kB
Node 1 Shmem:               560 kB
Node 1 KernelStack:        1480 kB
Node 1 PageTables:          820 kB
Node 1 NFS_Unstable:          0 kB
Node 1 Bounce:                0 kB
Node 1 WritebackTmp:          0 kB
Node 1 KReclaimable:      23188 kB
Node 1 Slab:              63972 kB
Node 1 SReclaimable:      23188 kB
Node 1 SUnreclaim:        40784 kB
Node 1 AnonHugePages:         0 kB
Node 1 ShmemHugePages:        0 kB
Node 1 ShmemPmdMapped:        0 kB
Node 1 FileHugePages:        0 kB
Node 1 FilePmdMapped:        0 kB
Node 1 HugePages_Total:     0
Node 1 HugePages_Free:      0
Node 1 HugePages_Surp:      0

After Test
Node 0 MemTotal:       24768356 kB
Node 0 MemFree:        24011528 kB
Node 0 MemUsed:          756828 kB
Node 0 Active:            32388 kB
Node 0 Inactive:         145276 kB
Node 0 Active(anon):       7672 kB
Node 0 Inactive(anon):      484 kB
Node 0 Active(file):      24716 kB
Node 0 Inactive(file):   144792 kB
Node 0 Unevictable:        5404 kB
Node 0 Mlocked:            5404 kB
Node 0 Dirty:                92 kB
Node 0 Writeback:             0 kB
Node 0 FilePages:        175624 kB
Node 0 Mapped:            16888 kB
Node 0 AnonPages:          7312 kB
Node 0 Shmem:               708 kB
Node 0 KernelStack:        3192 kB
Node 0 PageTables:          344 kB
Node 0 NFS_Unstable:          0 kB
Node 0 Bounce:                0 kB
Node 0 WritebackTmp:          0 kB
Node 0 KReclaimable:      21096 kB
Node 0 Slab:              60788 kB
Node 0 SReclaimable:      21096 kB
Node 0 SUnreclaim:        39692 kB
Node 0 AnonHugePages:         0 kB
Node 0 ShmemHugePages:        0 kB
Node 0 ShmemPmdMapped:        0 kB
Node 0 FileHugePages:        0 kB
Node 0 FilePmdMapped:        0 kB
Node 0 HugePages_Total:     0
Node 0 HugePages_Free:      0
Node 0 HugePages_Surp:      0

Node 1 MemTotal:       24661580 kB
Node 1 MemFree:        24067560 kB
Node 1 MemUsed:          594020 kB
Node 1 Active:            67096 kB
Node 1 Inactive:         115700 kB
Node 1 Active(anon):      25976 kB
Node 1 Inactive(anon):      456 kB
Node 1 Active(file):      41120 kB
Node 1 Inactive(file):   115244 kB
Node 1 Unevictable:       13344 kB
Node 1 Mlocked:           13344 kB
Node 1 Dirty:               396 kB
Node 1 Writeback:             0 kB
Node 1 FilePages:        159716 kB
Node 1 Mapped:            29092 kB
Node 1 AnonPages:         36436 kB
Node 1 Shmem:               560 kB
Node 1 KernelStack:        1400 kB
Node 1 PageTables:          704 kB
Node 1 NFS_Unstable:          0 kB
Node 1 Bounce:                0 kB
Node 1 WritebackTmp:          0 kB
Node 1 KReclaimable:      23188 kB
Node 1 Slab:              63772 kB
Node 1 SReclaimable:      23188 kB
Node 1 SUnreclaim:        40584 kB
Node 1 AnonHugePages:         0 kB
Node 1 ShmemHugePages:        0 kB
Node 1 ShmemPmdMapped:        0 kB
Node 1 FileHugePages:        0 kB
Node 1 FilePmdMapped:        0 kB
Node 1 HugePages_Total:     0
Node 1 HugePages_Free:      0
Node 1 HugePages_Surp:      0

After Opposite Node
Node 0 MemTotal:       24768356 kB
Node 0 MemFree:        24011332 kB
Node 0 MemUsed:          757024 kB
Node 0 Active:            32248 kB
Node 0 Inactive:         145284 kB
Node 0 Active(anon):       7516 kB
Node 0 Inactive(anon):      484 kB
Node 0 Active(file):      24732 kB
Node 0 Inactive(file):   144800 kB
Node 0 Unevictable:        5404 kB
Node 0 Mlocked:            5404 kB
Node 0 Dirty:               104 kB
Node 0 Writeback:             0 kB
Node 0 FilePages:        175640 kB
Node 0 Mapped:            16908 kB
Node 0 AnonPages:          7372 kB
Node 0 Shmem:               708 kB
Node 0 KernelStack:        3192 kB
Node 0 PageTables:          336 kB
Node 0 NFS_Unstable:          0 kB
Node 0 Bounce:                0 kB
Node 0 WritebackTmp:          0 kB
Node 0 KReclaimable:      21100 kB
Node 0 Slab:              60792 kB
Node 0 SReclaimable:      21100 kB
Node 0 SUnreclaim:        39692 kB
Node 0 AnonHugePages:         0 kB
Node 0 ShmemHugePages:        0 kB
Node 0 ShmemPmdMapped:        0 kB
Node 0 FileHugePages:        0 kB
Node 0 FilePmdMapped:        0 kB
Node 0 HugePages_Total:     0
Node 0 HugePages_Free:      0
Node 0 HugePages_Surp:      0

Node 1 MemTotal:       24661580 kB
Node 1 MemFree:        24067416 kB
Node 1 MemUsed:          594164 kB
Node 1 Active:            67276 kB
Node 1 Inactive:         115476 kB
Node 1 Active(anon):      25932 kB
Node 1 Inactive(anon):      456 kB
Node 1 Active(file):      41344 kB
Node 1 Inactive(file):   115020 kB
Node 1 Unevictable:       13344 kB
Node 1 Mlocked:           13344 kB
Node 1 Dirty:               396 kB
Node 1 Writeback:             0 kB
Node 1 FilePages:        159716 kB
Node 1 Mapped:            29028 kB
Node 1 AnonPages:         36100 kB
Node 1 Shmem:               560 kB
Node 1 KernelStack:        1476 kB
Node 1 PageTables:          704 kB
Node 1 NFS_Unstable:          0 kB
Node 1 Bounce:                0 kB
Node 1 WritebackTmp:          0 kB
Node 1 KReclaimable:      23188 kB
Node 1 Slab:              63772 kB
Node 1 SReclaimable:      23188 kB
Node 1 SUnreclaim:        40584 kB
Node 1 AnonHugePages:         0 kB
Node 1 ShmemHugePages:        0 kB
Node 1 ShmemPmdMapped:        0 kB
Node 1 FileHugePages:        0 kB
Node 1 FilePmdMapped:        0 kB
Node 1 HugePages_Total:     0
Node 1 HugePages_Free:      0
Node 1 HugePages_Surp:      0

B.0.64M-simpleread.250M.3.O.1M Complete!
