kernel.numa_balancing = 0
B.0.512M-simpleread.500M.3.O.1M
Begin
Node 0 MemTotal:       24743736 kB
Node 0 MemFree:        24481408 kB
Node 0 MemUsed:          262328 kB
Node 0 Active:            61424 kB
Node 0 Inactive:          42872 kB
Node 0 Active(anon):      17136 kB
Node 0 Inactive(anon):      416 kB
Node 0 Active(file):      44288 kB
Node 0 Inactive(file):    42456 kB
Node 0 Unevictable:       18244 kB
Node 0 Mlocked:           18244 kB
Node 0 Dirty:               288 kB
Node 0 Writeback:             0 kB
Node 0 FilePages:         95324 kB
Node 0 Mapped:            30408 kB
Node 0 AnonPages:         27256 kB
Node 0 Shmem:               628 kB
Node 0 KernelStack:        2120 kB
Node 0 PageTables:          704 kB
Node 0 NFS_Unstable:          0 kB
Node 0 Bounce:                0 kB
Node 0 WritebackTmp:          0 kB
Node 0 KReclaimable:      21888 kB
Node 0 Slab:              57992 kB
Node 0 SReclaimable:      21888 kB
Node 0 SUnreclaim:        36104 kB
Node 0 AnonHugePages:         0 kB
Node 0 ShmemHugePages:        0 kB
Node 0 ShmemPmdMapped:        0 kB
Node 0 FileHugePages:        0 kB
Node 0 FilePmdMapped:        0 kB
Node 0 HugePages_Total:     0
Node 0 HugePages_Free:      0
Node 0 HugePages_Surp:      0

Node 1 MemTotal:       24686196 kB
Node 1 MemFree:        24292224 kB
Node 1 MemUsed:          393972 kB
Node 1 Active:            34304 kB
Node 1 Inactive:          91192 kB
Node 1 Active(anon):      16960 kB
Node 1 Inactive(anon):      448 kB
Node 1 Active(file):      17344 kB
Node 1 Inactive(file):    90744 kB
Node 1 Unevictable:         280 kB
Node 1 Mlocked:             280 kB
Node 1 Dirty:               132 kB
Node 1 Writeback:             0 kB
Node 1 FilePages:        109004 kB
Node 1 Mapped:            47092 kB
Node 1 AnonPages:         16768 kB
Node 1 Shmem:               640 kB
Node 1 KernelStack:        1496 kB
Node 1 PageTables:          568 kB
Node 1 NFS_Unstable:          0 kB
Node 1 Bounce:                0 kB
Node 1 WritebackTmp:          0 kB
Node 1 KReclaimable:      20032 kB
Node 1 Slab:              47252 kB
Node 1 SReclaimable:      20032 kB
Node 1 SUnreclaim:        27220 kB
Node 1 AnonHugePages:         0 kB
Node 1 ShmemHugePages:        0 kB
Node 1 ShmemPmdMapped:        0 kB
Node 1 FileHugePages:        0 kB
Node 1 FilePmdMapped:        0 kB
Node 1 HugePages_Total:     0
Node 1 HugePages_Free:      0
Node 1 HugePages_Surp:      0

Load ZFS
Node 0 MemTotal:       24743736 kB
Node 0 MemFree:        24455472 kB
Node 0 MemUsed:          288264 kB
Node 0 Active:            75444 kB
Node 0 Inactive:          49068 kB
Node 0 Active(anon):      29796 kB
Node 0 Inactive(anon):      512 kB
Node 0 Active(file):      45648 kB
Node 0 Inactive(file):    48556 kB
Node 0 Unevictable:       18460 kB
Node 0 Mlocked:           18460 kB
Node 0 Dirty:               156 kB
Node 0 Writeback:             0 kB
Node 0 FilePages:        102828 kB
Node 0 Mapped:            31468 kB
Node 0 AnonPages:         40468 kB
Node 0 Shmem:               708 kB
Node 0 KernelStack:        2248 kB
Node 0 PageTables:          748 kB
Node 0 NFS_Unstable:          0 kB
Node 0 Bounce:                0 kB
Node 0 WritebackTmp:          0 kB
Node 0 KReclaimable:      22460 kB
Node 0 Slab:              61024 kB
Node 0 SReclaimable:      22460 kB
Node 0 SUnreclaim:        38564 kB
Node 0 AnonHugePages:         0 kB
Node 0 ShmemHugePages:        0 kB
Node 0 ShmemPmdMapped:        0 kB
Node 0 FileHugePages:        0 kB
Node 0 FilePmdMapped:        0 kB
Node 0 HugePages_Total:     0
Node 0 HugePages_Free:      0
Node 0 HugePages_Surp:      0

Node 1 MemTotal:       24686196 kB
Node 1 MemFree:        24175560 kB
Node 1 MemUsed:          510636 kB
Node 1 Active:            47576 kB
Node 1 Inactive:         188536 kB
Node 1 Active(anon):      29092 kB
Node 1 Inactive(anon):      432 kB
Node 1 Active(file):      18484 kB
Node 1 Inactive(file):   188104 kB
Node 1 Unevictable:         280 kB
Node 1 Mlocked:             280 kB
Node 1 Dirty:               464 kB
Node 1 Writeback:             0 kB
Node 1 FilePages:        207424 kB
Node 1 Mapped:            50200 kB
Node 1 AnonPages:         28676 kB
Node 1 Shmem:               560 kB
Node 1 KernelStack:        1880 kB
Node 1 PageTables:         1440 kB
Node 1 NFS_Unstable:          0 kB
Node 1 Bounce:                0 kB
Node 1 WritebackTmp:          0 kB
Node 1 KReclaimable:      21040 kB
Node 1 Slab:              51480 kB
Node 1 SReclaimable:      21040 kB
Node 1 SUnreclaim:        30440 kB
Node 1 AnonHugePages:         0 kB
Node 1 ShmemHugePages:        0 kB
Node 1 ShmemPmdMapped:        0 kB
Node 1 FileHugePages:        0 kB
Node 1 FilePmdMapped:        0 kB
Node 1 HugePages_Total:     0
Node 1 HugePages_Free:      0
Node 1 HugePages_Surp:      0

Import tank ZPool
Node 0 MemTotal:       24743736 kB
Node 0 MemFree:        24468104 kB
Node 0 MemUsed:          275632 kB
Node 0 Active:            62528 kB
Node 0 Inactive:          48972 kB
Node 0 Active(anon):      16720 kB
Node 0 Inactive(anon):      516 kB
Node 0 Active(file):      45808 kB
Node 0 Inactive(file):    48456 kB
Node 0 Unevictable:       18476 kB
Node 0 Mlocked:           18476 kB
Node 0 Dirty:               184 kB
Node 0 Writeback:             0 kB
Node 0 FilePages:        102900 kB
Node 0 Mapped:            31160 kB
Node 0 AnonPages:         27272 kB
Node 0 Shmem:               704 kB
Node 0 KernelStack:        2200 kB
Node 0 PageTables:          936 kB
Node 0 NFS_Unstable:          0 kB
Node 0 Bounce:                0 kB
Node 0 WritebackTmp:          0 kB
Node 0 KReclaimable:      22464 kB
Node 0 Slab:              61072 kB
Node 0 SReclaimable:      22464 kB
Node 0 SUnreclaim:        38608 kB
Node 0 AnonHugePages:         0 kB
Node 0 ShmemHugePages:        0 kB
Node 0 ShmemPmdMapped:        0 kB
Node 0 FileHugePages:        0 kB
Node 0 FilePmdMapped:        0 kB
Node 0 HugePages_Total:     0
Node 0 HugePages_Free:      0
Node 0 HugePages_Surp:      0

Node 1 MemTotal:       24686196 kB
Node 1 MemFree:        24170684 kB
Node 1 MemUsed:          515512 kB
Node 1 Active:            37072 kB
Node 1 Inactive:         189312 kB
Node 1 Active(anon):      17832 kB
Node 1 Inactive(anon):      432 kB
Node 1 Active(file):      19240 kB
Node 1 Inactive(file):   188880 kB
Node 1 Unevictable:         280 kB
Node 1 Mlocked:             280 kB
Node 1 Dirty:               416 kB
Node 1 Writeback:             0 kB
Node 1 FilePages:        208960 kB
Node 1 Mapped:            48144 kB
Node 1 AnonPages:         17200 kB
Node 1 Shmem:               564 kB
Node 1 KernelStack:        2744 kB
Node 1 PageTables:         1140 kB
Node 1 NFS_Unstable:          0 kB
Node 1 Bounce:                0 kB
Node 1 WritebackTmp:          0 kB
Node 1 KReclaimable:      21152 kB
Node 1 Slab:              57696 kB
Node 1 SReclaimable:      21152 kB
Node 1 SUnreclaim:        36544 kB
Node 1 AnonHugePages:         0 kB
Node 1 ShmemHugePages:        0 kB
Node 1 ShmemPmdMapped:        0 kB
Node 1 FileHugePages:        0 kB
Node 1 FilePmdMapped:        0 kB
Node 1 HugePages_Total:     0
Node 1 HugePages_Free:      0
Node 1 HugePages_Surp:      0

After Test
Node 0 MemTotal:       24743736 kB
Node 0 MemFree:        23373724 kB
Node 0 MemUsed:         1370012 kB
Node 0 Active:            62644 kB
Node 0 Inactive:         548980 kB
Node 0 Active(anon):      16376 kB
Node 0 Inactive(anon):      512 kB
Node 0 Active(file):      46268 kB
Node 0 Inactive(file):   548468 kB
Node 0 Unevictable:       18476 kB
Node 0 Mlocked:           18476 kB
Node 0 Dirty:               132 kB
Node 0 Writeback:             0 kB
Node 0 FilePages:        603356 kB
Node 0 Mapped:            30452 kB
Node 0 AnonPages:         26704 kB
Node 0 Shmem:               700 kB
Node 0 KernelStack:        2072 kB
Node 0 PageTables:          764 kB
Node 0 NFS_Unstable:          0 kB
Node 0 Bounce:                0 kB
Node 0 WritebackTmp:          0 kB
Node 0 KReclaimable:      23608 kB
Node 0 Slab:              66996 kB
Node 0 SReclaimable:      23608 kB
Node 0 SUnreclaim:        43388 kB
Node 0 AnonHugePages:         0 kB
Node 0 ShmemHugePages:        0 kB
Node 0 ShmemPmdMapped:        0 kB
Node 0 FileHugePages:        0 kB
Node 0 FilePmdMapped:        0 kB
Node 0 HugePages_Total:     0
Node 0 HugePages_Free:      0
Node 0 HugePages_Surp:      0

Node 1 MemTotal:       24686196 kB
Node 1 MemFree:        23705024 kB
Node 1 MemUsed:          981172 kB
Node 1 Active:            37108 kB
Node 1 Inactive:         188856 kB
Node 1 Active(anon):      17240 kB
Node 1 Inactive(anon):      436 kB
Node 1 Active(file):      19868 kB
Node 1 Inactive(file):   188420 kB
Node 1 Unevictable:         280 kB
Node 1 Mlocked:             280 kB
Node 1 Dirty:               352 kB
Node 1 Writeback:             0 kB
Node 1 FilePages:        209132 kB
Node 1 Mapped:            47220 kB
Node 1 AnonPages:         17120 kB
Node 1 Shmem:               568 kB
Node 1 KernelStack:        2520 kB
Node 1 PageTables:          568 kB
Node 1 NFS_Unstable:          0 kB
Node 1 Bounce:                0 kB
Node 1 WritebackTmp:          0 kB
Node 1 KReclaimable:      21252 kB
Node 1 Slab:              59372 kB
Node 1 SReclaimable:      21252 kB
Node 1 SUnreclaim:        38120 kB
Node 1 AnonHugePages:         0 kB
Node 1 ShmemHugePages:        0 kB
Node 1 ShmemPmdMapped:        0 kB
Node 1 FileHugePages:        0 kB
Node 1 FilePmdMapped:        0 kB
Node 1 HugePages_Total:     0
Node 1 HugePages_Free:      0
Node 1 HugePages_Surp:      0

After Opposite Node
Node 0 MemTotal:       24743736 kB
Node 0 MemFree:        23374472 kB
Node 0 MemUsed:         1369264 kB
Node 0 Active:            62160 kB
Node 0 Inactive:         548964 kB
Node 0 Active(anon):      15872 kB
Node 0 Inactive(anon):      512 kB
Node 0 Active(file):      46288 kB
Node 0 Inactive(file):   548452 kB
Node 0 Unevictable:       18476 kB
Node 0 Mlocked:           18476 kB
Node 0 Dirty:               136 kB
Node 0 Writeback:             0 kB
Node 0 FilePages:        603360 kB
Node 0 Mapped:            30456 kB
Node 0 AnonPages:         26244 kB
Node 0 Shmem:               700 kB
Node 0 KernelStack:        2040 kB
Node 0 PageTables:          604 kB
Node 0 NFS_Unstable:          0 kB
Node 0 Bounce:                0 kB
Node 0 WritebackTmp:          0 kB
Node 0 KReclaimable:      23608 kB
Node 0 Slab:              66932 kB
Node 0 SReclaimable:      23608 kB
Node 0 SUnreclaim:        43324 kB
Node 0 AnonHugePages:         0 kB
Node 0 ShmemHugePages:        0 kB
Node 0 ShmemPmdMapped:        0 kB
Node 0 FileHugePages:        0 kB
Node 0 FilePmdMapped:        0 kB
Node 0 HugePages_Total:     0
Node 0 HugePages_Free:      0
Node 0 HugePages_Surp:      0

Node 1 MemTotal:       24686196 kB
Node 1 MemFree:        23703360 kB
Node 1 MemUsed:          982836 kB
Node 1 Active:            37688 kB
Node 1 Inactive:         188572 kB
Node 1 Active(anon):      17516 kB
Node 1 Inactive(anon):      436 kB
Node 1 Active(file):      20172 kB
Node 1 Inactive(file):   188136 kB
Node 1 Unevictable:         280 kB
Node 1 Mlocked:             280 kB
Node 1 Dirty:               360 kB
Node 1 Writeback:             0 kB
Node 1 FilePages:        209152 kB
Node 1 Mapped:            47228 kB
Node 1 AnonPages:         17300 kB
Node 1 Shmem:               568 kB
Node 1 KernelStack:        2520 kB
Node 1 PageTables:          704 kB
Node 1 NFS_Unstable:          0 kB
Node 1 Bounce:                0 kB
Node 1 WritebackTmp:          0 kB
Node 1 KReclaimable:      21324 kB
Node 1 Slab:              59576 kB
Node 1 SReclaimable:      21324 kB
Node 1 SUnreclaim:        38252 kB
Node 1 AnonHugePages:         0 kB
Node 1 ShmemHugePages:        0 kB
Node 1 ShmemPmdMapped:        0 kB
Node 1 FileHugePages:        0 kB
Node 1 FilePmdMapped:        0 kB
Node 1 HugePages_Total:     0
Node 1 HugePages_Free:      0
Node 1 HugePages_Surp:      0

B.0.512M-simpleread.500M.3.O.1M Complete!
