kernel.numa_balancing = 0
360 Tests Remaining!
B.0.1G-simpleread.2G.1.O.1M
Begin
Node 0 MemTotal:       24743736 kB
Node 0 MemFree:        24389528 kB
Node 0 MemUsed:          354208 kB
Node 0 Active:            25860 kB
Node 0 Inactive:          52420 kB
Node 0 Active(anon):       8956 kB
Node 0 Inactive(anon):      412 kB
Node 0 Active(file):      16904 kB
Node 0 Inactive(file):    52008 kB
Node 0 Unevictable:       13356 kB
Node 0 Mlocked:           13356 kB
Node 0 Dirty:               216 kB
Node 0 Writeback:             0 kB
Node 0 FilePages:         72480 kB
Node 0 Mapped:             9572 kB
Node 0 AnonPages:         19180 kB
Node 0 Shmem:               524 kB
Node 0 KernelStack:        1944 kB
Node 0 PageTables:          460 kB
Node 0 NFS_Unstable:          0 kB
Node 0 Bounce:                0 kB
Node 0 WritebackTmp:          0 kB
Node 0 KReclaimable:      20564 kB
Node 0 Slab:              47780 kB
Node 0 SReclaimable:      20564 kB
Node 0 SUnreclaim:        27216 kB
Node 0 AnonHugePages:         0 kB
Node 0 ShmemHugePages:        0 kB
Node 0 ShmemPmdMapped:        0 kB
Node 0 FileHugePages:        0 kB
Node 0 FilePmdMapped:        0 kB
Node 0 HugePages_Total:     0
Node 0 HugePages_Free:      0
Node 0 HugePages_Surp:      0

Node 1 MemTotal:       24686196 kB
Node 1 MemFree:        24423312 kB
Node 1 MemUsed:          262884 kB
Node 1 Active:            71116 kB
Node 1 Inactive:          40404 kB
Node 1 Active(anon):      25276 kB
Node 1 Inactive(anon):      472 kB
Node 1 Active(file):      45840 kB
Node 1 Inactive(file):    39932 kB
Node 1 Unevictable:        5164 kB
Node 1 Mlocked:            5164 kB
Node 1 Dirty:               228 kB
Node 1 Writeback:             0 kB
Node 1 FilePages:         91684 kB
Node 1 Mapped:            32832 kB
Node 1 AnonPages:         25132 kB
Node 1 Shmem:               744 kB
Node 1 KernelStack:        1896 kB
Node 1 PageTables:          780 kB
Node 1 NFS_Unstable:          0 kB
Node 1 Bounce:                0 kB
Node 1 WritebackTmp:          0 kB
Node 1 KReclaimable:      22164 kB
Node 1 Slab:              60436 kB
Node 1 SReclaimable:      22164 kB
Node 1 SUnreclaim:        38272 kB
Node 1 AnonHugePages:         0 kB
Node 1 ShmemHugePages:        0 kB
Node 1 ShmemPmdMapped:        0 kB
Node 1 FileHugePages:        0 kB
Node 1 FilePmdMapped:        0 kB
Node 1 HugePages_Total:     0
Node 1 HugePages_Free:      0
Node 1 HugePages_Surp:      0

Load ZFS
Node 0 MemTotal:       24743736 kB
Node 0 MemFree:        24475884 kB
Node 0 MemUsed:          267852 kB
Node 0 Active:            36144 kB
Node 0 Inactive:          85916 kB
Node 0 Active(anon):      18668 kB
Node 0 Inactive(anon):      244 kB
Node 0 Active(file):      17476 kB
Node 0 Inactive(file):    85672 kB
Node 0 Unevictable:       13440 kB
Node 0 Mlocked:           13440 kB
Node 0 Dirty:               236 kB
Node 0 Writeback:             0 kB
Node 0 FilePages:        106580 kB
Node 0 Mapped:            11972 kB
Node 0 AnonPages:         28668 kB
Node 0 Shmem:               396 kB
Node 0 KernelStack:        2024 kB
Node 0 PageTables:          768 kB
Node 0 NFS_Unstable:          0 kB
Node 0 Bounce:                0 kB
Node 0 WritebackTmp:          0 kB
Node 0 KReclaimable:      21240 kB
Node 0 Slab:              50544 kB
Node 0 SReclaimable:      21240 kB
Node 0 SUnreclaim:        29304 kB
Node 0 AnonHugePages:         0 kB
Node 0 ShmemHugePages:        0 kB
Node 0 ShmemPmdMapped:        0 kB
Node 0 FileHugePages:        0 kB
Node 0 FilePmdMapped:        0 kB
Node 0 HugePages_Total:     0
Node 0 HugePages_Free:      0
Node 0 HugePages_Surp:      0

Node 1 MemTotal:       24686196 kB
Node 1 MemFree:        24197512 kB
Node 1 MemUsed:          488684 kB
Node 1 Active:            84888 kB
Node 1 Inactive:         110320 kB
Node 1 Active(anon):      37372 kB
Node 1 Inactive(anon):      520 kB
Node 1 Active(file):      47516 kB
Node 1 Inactive(file):   109800 kB
Node 1 Unevictable:        5164 kB
Node 1 Mlocked:            5164 kB
Node 1 Dirty:               440 kB
Node 1 Writeback:             0 kB
Node 1 FilePages:        163352 kB
Node 1 Mapped:            34624 kB
Node 1 AnonPages:         36572 kB
Node 1 Shmem:               872 kB
Node 1 KernelStack:        2348 kB
Node 1 PageTables:         2140 kB
Node 1 NFS_Unstable:          0 kB
Node 1 Bounce:                0 kB
Node 1 WritebackTmp:          0 kB
Node 1 KReclaimable:      22752 kB
Node 1 Slab:              63260 kB
Node 1 SReclaimable:      22752 kB
Node 1 SUnreclaim:        40508 kB
Node 1 AnonHugePages:         0 kB
Node 1 ShmemHugePages:        0 kB
Node 1 ShmemPmdMapped:        0 kB
Node 1 FileHugePages:        0 kB
Node 1 FilePmdMapped:        0 kB
Node 1 HugePages_Total:     0
Node 1 HugePages_Free:      0
Node 1 HugePages_Surp:      0

Import tank ZPool
Node 0 MemTotal:       24743736 kB
Node 0 MemFree:        24483464 kB
Node 0 MemUsed:          260272 kB
Node 0 Active:            27088 kB
Node 0 Inactive:          85880 kB
Node 0 Active(anon):       9352 kB
Node 0 Inactive(anon):      456 kB
Node 0 Active(file):      17736 kB
Node 0 Inactive(file):    85424 kB
Node 0 Unevictable:       13588 kB
Node 0 Mlocked:           13588 kB
Node 0 Dirty:                40 kB
Node 0 Writeback:             0 kB
Node 0 FilePages:        106764 kB
Node 0 Mapped:             9848 kB
Node 0 AnonPages:         19820 kB
Node 0 Shmem:               560 kB
Node 0 KernelStack:        1896 kB
Node 0 PageTables:          532 kB
Node 0 NFS_Unstable:          0 kB
Node 0 Bounce:                0 kB
Node 0 WritebackTmp:          0 kB
Node 0 KReclaimable:      21296 kB
Node 0 Slab:              50448 kB
Node 0 SReclaimable:      21296 kB
Node 0 SUnreclaim:        29152 kB
Node 0 AnonHugePages:         0 kB
Node 0 ShmemHugePages:        0 kB
Node 0 ShmemPmdMapped:        0 kB
Node 0 FileHugePages:        0 kB
Node 0 FilePmdMapped:        0 kB
Node 0 HugePages_Total:     0
Node 0 HugePages_Free:      0
Node 0 HugePages_Surp:      0

Node 1 MemTotal:       24686196 kB
Node 1 MemFree:        24195248 kB
Node 1 MemUsed:          490948 kB
Node 1 Active:            73180 kB
Node 1 Inactive:         111228 kB
Node 1 Active(anon):      24912 kB
Node 1 Inactive(anon):      492 kB
Node 1 Active(file):      48268 kB
Node 1 Inactive(file):   110736 kB
Node 1 Unevictable:        5164 kB
Node 1 Mlocked:            5164 kB
Node 1 Dirty:                20 kB
Node 1 Writeback:             0 kB
Node 1 FilePages:        164892 kB
Node 1 Mapped:            32984 kB
Node 1 AnonPages:         24628 kB
Node 1 Shmem:               708 kB
Node 1 KernelStack:        2968 kB
Node 1 PageTables:          964 kB
Node 1 NFS_Unstable:          0 kB
Node 1 Bounce:                0 kB
Node 1 WritebackTmp:          0 kB
Node 1 KReclaimable:      22872 kB
Node 1 Slab:              69092 kB
Node 1 SReclaimable:      22872 kB
Node 1 SUnreclaim:        46220 kB
Node 1 AnonHugePages:         0 kB
Node 1 ShmemHugePages:        0 kB
Node 1 ShmemPmdMapped:        0 kB
Node 1 FileHugePages:        0 kB
Node 1 FilePmdMapped:        0 kB
Node 1 HugePages_Total:     0
Node 1 HugePages_Free:      0
Node 1 HugePages_Surp:      0

After Test
Node 0 MemTotal:       24743736 kB
Node 0 MemFree:        21096436 kB
Node 0 MemUsed:         3647300 kB
Node 0 Active:            27844 kB
Node 0 Inactive:        1062396 kB
Node 0 Active(anon):       9524 kB
Node 0 Inactive(anon):      460 kB
Node 0 Active(file):      18320 kB
Node 0 Inactive(file):  1061936 kB
Node 0 Unevictable:       13588 kB
Node 0 Mlocked:           13588 kB
Node 0 Dirty:                36 kB
Node 0 Writeback:             0 kB
Node 0 FilePages:       1083848 kB
Node 0 Mapped:             9580 kB
Node 0 AnonPages:         19788 kB
Node 0 Shmem:               564 kB
Node 0 KernelStack:        1832 kB
Node 0 PageTables:          568 kB
Node 0 NFS_Unstable:          0 kB
Node 0 Bounce:                0 kB
Node 0 WritebackTmp:          0 kB
Node 0 KReclaimable:      23632 kB
Node 0 Slab:              64916 kB
Node 0 SReclaimable:      23632 kB
Node 0 SUnreclaim:        41284 kB
Node 0 AnonHugePages:         0 kB
Node 0 ShmemHugePages:        0 kB
Node 0 ShmemPmdMapped:        0 kB
Node 0 FileHugePages:        0 kB
Node 0 FilePmdMapped:        0 kB
Node 0 HugePages_Total:     0
Node 0 HugePages_Free:      0
Node 0 HugePages_Surp:      0

Node 1 MemTotal:       24686196 kB
Node 1 MemFree:        23670972 kB
Node 1 MemUsed:         1015224 kB
Node 1 Active:            72768 kB
Node 1 Inactive:         110816 kB
Node 1 Active(anon):      24076 kB
Node 1 Inactive(anon):      488 kB
Node 1 Active(file):      48692 kB
Node 1 Inactive(file):   110328 kB
Node 1 Unevictable:        5164 kB
Node 1 Mlocked:            5164 kB
Node 1 Dirty:                 0 kB
Node 1 Writeback:             0 kB
Node 1 FilePages:        164888 kB
Node 1 Mapped:            32752 kB
Node 1 AnonPages:         23900 kB
Node 1 Shmem:               704 kB
Node 1 KernelStack:        2744 kB
Node 1 PageTables:          540 kB
Node 1 NFS_Unstable:          0 kB
Node 1 Bounce:                0 kB
Node 1 WritebackTmp:          0 kB
Node 1 KReclaimable:      23024 kB
Node 1 Slab:              71200 kB
Node 1 SReclaimable:      23024 kB
Node 1 SUnreclaim:        48176 kB
Node 1 AnonHugePages:         0 kB
Node 1 ShmemHugePages:        0 kB
Node 1 ShmemPmdMapped:        0 kB
Node 1 FileHugePages:        0 kB
Node 1 FilePmdMapped:        0 kB
Node 1 HugePages_Total:     0
Node 1 HugePages_Free:      0
Node 1 HugePages_Surp:      0

After Opposite Node
Node 0 MemTotal:       24743736 kB
Node 0 MemFree:        21096740 kB
Node 0 MemUsed:         3646996 kB
Node 0 Active:            27900 kB
Node 0 Inactive:        1062340 kB
Node 0 Active(anon):       9508 kB
Node 0 Inactive(anon):      456 kB
Node 0 Active(file):      18392 kB
Node 0 Inactive(file):  1061884 kB
Node 0 Unevictable:       13588 kB
Node 0 Mlocked:           13588 kB
Node 0 Dirty:                56 kB
Node 0 Writeback:             0 kB
Node 0 FilePages:       1083868 kB
Node 0 Mapped:             9628 kB
Node 0 AnonPages:         19976 kB
Node 0 Shmem:               564 kB
Node 0 KernelStack:        1832 kB
Node 0 PageTables:          464 kB
Node 0 NFS_Unstable:          0 kB
Node 0 Bounce:                0 kB
Node 0 WritebackTmp:          0 kB
Node 0 KReclaimable:      23636 kB
Node 0 Slab:              65552 kB
Node 0 SReclaimable:      23636 kB
Node 0 SUnreclaim:        41916 kB
Node 0 AnonHugePages:         0 kB
Node 0 ShmemHugePages:        0 kB
Node 0 ShmemPmdMapped:        0 kB
Node 0 FileHugePages:        0 kB
Node 0 FilePmdMapped:        0 kB
Node 0 HugePages_Total:     0
Node 0 HugePages_Free:      0
Node 0 HugePages_Surp:      0

Node 1 MemTotal:       24686196 kB
Node 1 MemFree:        23671752 kB
Node 1 MemUsed:         1014444 kB
Node 1 Active:            73132 kB
Node 1 Inactive:         110632 kB
Node 1 Active(anon):      24252 kB
Node 1 Inactive(anon):      484 kB
Node 1 Active(file):      48880 kB
Node 1 Inactive(file):   110148 kB
Node 1 Unevictable:        5164 kB
Node 1 Mlocked:            5164 kB
Node 1 Dirty:                24 kB
Node 1 Writeback:             0 kB
Node 1 FilePages:        164896 kB
Node 1 Mapped:            32960 kB
Node 1 AnonPages:         23840 kB
Node 1 Shmem:               704 kB
Node 1 KernelStack:        2744 kB
Node 1 PageTables:          752 kB
Node 1 NFS_Unstable:          0 kB
Node 1 Bounce:                0 kB
Node 1 WritebackTmp:          0 kB
Node 1 KReclaimable:      23040 kB
Node 1 Slab:              71384 kB
Node 1 SReclaimable:      23040 kB
Node 1 SUnreclaim:        48344 kB
Node 1 AnonHugePages:         0 kB
Node 1 ShmemHugePages:        0 kB
Node 1 ShmemPmdMapped:        0 kB
Node 1 FileHugePages:        0 kB
Node 1 FilePmdMapped:        0 kB
Node 1 HugePages_Total:     0
Node 1 HugePages_Free:      0
Node 1 HugePages_Surp:      0

B.0.1G-simpleread.2G.1.O.1M Complete!
