kernel.numa_balancing = 0
B.0.512M-simpleread.8G.2.O.1M
Begin
Node 0 MemTotal:       24743736 kB
Node 0 MemFree:        24511600 kB
Node 0 MemUsed:          232136 kB
Node 0 Active:            44024 kB
Node 0 Inactive:          39436 kB
Node 0 Active(anon):      22608 kB
Node 0 Inactive(anon):      512 kB
Node 0 Active(file):      21416 kB
Node 0 Inactive(file):    38924 kB
Node 0 Unevictable:        5260 kB
Node 0 Mlocked:            5260 kB
Node 0 Dirty:               564 kB
Node 0 Writeback:             0 kB
Node 0 FilePages:         66312 kB
Node 0 Mapped:            31960 kB
Node 0 AnonPages:         22492 kB
Node 0 Shmem:               680 kB
Node 0 KernelStack:        1976 kB
Node 0 PageTables:          644 kB
Node 0 NFS_Unstable:          0 kB
Node 0 Bounce:                0 kB
Node 0 WritebackTmp:          0 kB
Node 0 KReclaimable:      22560 kB
Node 0 Slab:              55428 kB
Node 0 SReclaimable:      22560 kB
Node 0 SUnreclaim:        32868 kB
Node 0 AnonHugePages:         0 kB
Node 0 ShmemHugePages:        0 kB
Node 0 ShmemPmdMapped:        0 kB
Node 0 FileHugePages:        0 kB
Node 0 FilePmdMapped:        0 kB
Node 0 HugePages_Total:     0
Node 0 HugePages_Free:      0
Node 0 HugePages_Surp:      0

Node 1 MemTotal:       24686196 kB
Node 1 MemFree:        24295836 kB
Node 1 MemUsed:          390360 kB
Node 1 Active:            51276 kB
Node 1 Inactive:          59024 kB
Node 1 Active(anon):      10812 kB
Node 1 Inactive(anon):      392 kB
Node 1 Active(file):      40464 kB
Node 1 Inactive(file):    58632 kB
Node 1 Unevictable:       13264 kB
Node 1 Mlocked:           13264 kB
Node 1 Dirty:               220 kB
Node 1 Writeback:             0 kB
Node 1 FilePages:        102620 kB
Node 1 Mapped:            17920 kB
Node 1 AnonPages:         20968 kB
Node 1 Shmem:               588 kB
Node 1 KernelStack:        1624 kB
Node 1 PageTables:          444 kB
Node 1 NFS_Unstable:          0 kB
Node 1 Bounce:                0 kB
Node 1 WritebackTmp:          0 kB
Node 1 KReclaimable:      19600 kB
Node 1 Slab:              52632 kB
Node 1 SReclaimable:      19600 kB
Node 1 SUnreclaim:        33032 kB
Node 1 AnonHugePages:         0 kB
Node 1 ShmemHugePages:        0 kB
Node 1 ShmemPmdMapped:        0 kB
Node 1 FileHugePages:        0 kB
Node 1 FilePmdMapped:        0 kB
Node 1 HugePages_Total:     0
Node 1 HugePages_Free:      0
Node 1 HugePages_Surp:      0

Load ZFS
Node 0 MemTotal:       24743736 kB
Node 0 MemFree:        24287004 kB
Node 0 MemUsed:          456732 kB
Node 0 Active:            56108 kB
Node 0 Inactive:         108964 kB
Node 0 Active(anon):      32804 kB
Node 0 Inactive(anon):      436 kB
Node 0 Active(file):      23304 kB
Node 0 Inactive(file):   108528 kB
Node 0 Unevictable:        5260 kB
Node 0 Mlocked:            5260 kB
Node 0 Dirty:               372 kB
Node 0 Writeback:             0 kB
Node 0 FilePages:        137672 kB
Node 0 Mapped:            33608 kB
Node 0 AnonPages:         32612 kB
Node 0 Shmem:               584 kB
Node 0 KernelStack:        2344 kB
Node 0 PageTables:         1512 kB
Node 0 NFS_Unstable:          0 kB
Node 0 Bounce:                0 kB
Node 0 WritebackTmp:          0 kB
Node 0 KReclaimable:      23608 kB
Node 0 Slab:              59988 kB
Node 0 SReclaimable:      23608 kB
Node 0 SUnreclaim:        36380 kB
Node 0 AnonHugePages:         0 kB
Node 0 ShmemHugePages:        0 kB
Node 0 ShmemPmdMapped:        0 kB
Node 0 FileHugePages:        0 kB
Node 0 FilePmdMapped:        0 kB
Node 0 HugePages_Total:     0
Node 0 HugePages_Free:      0
Node 0 HugePages_Surp:      0

Node 1 MemTotal:       24686196 kB
Node 1 MemFree:        24379452 kB
Node 1 MemUsed:          306744 kB
Node 1 Active:            64524 kB
Node 1 Inactive:          92912 kB
Node 1 Active(anon):      23520 kB
Node 1 Inactive(anon):      508 kB
Node 1 Active(file):      41004 kB
Node 1 Inactive(file):    92404 kB
Node 1 Unevictable:       13496 kB
Node 1 Mlocked:           13496 kB
Node 1 Dirty:               196 kB
Node 1 Writeback:             0 kB
Node 1 FilePages:        137028 kB
Node 1 Mapped:            20212 kB
Node 1 AnonPages:         33864 kB
Node 1 Shmem:               684 kB
Node 1 KernelStack:        1732 kB
Node 1 PageTables:          988 kB
Node 1 NFS_Unstable:          0 kB
Node 1 Bounce:                0 kB
Node 1 WritebackTmp:          0 kB
Node 1 KReclaimable:      20316 kB
Node 1 Slab:              55104 kB
Node 1 SReclaimable:      20316 kB
Node 1 SUnreclaim:        34788 kB
Node 1 AnonHugePages:         0 kB
Node 1 ShmemHugePages:        0 kB
Node 1 ShmemPmdMapped:        0 kB
Node 1 FileHugePages:        0 kB
Node 1 FilePmdMapped:        0 kB
Node 1 HugePages_Total:     0
Node 1 HugePages_Free:      0
Node 1 HugePages_Surp:      0

Import tank ZPool
Node 0 MemTotal:       24743736 kB
Node 0 MemFree:        24278676 kB
Node 0 MemUsed:          465060 kB
Node 0 Active:            47084 kB
Node 0 Inactive:         109824 kB
Node 0 Active(anon):      22944 kB
Node 0 Inactive(anon):      440 kB
Node 0 Active(file):      24140 kB
Node 0 Inactive(file):   109384 kB
Node 0 Unevictable:        5260 kB
Node 0 Mlocked:            5260 kB
Node 0 Dirty:               440 kB
Node 0 Writeback:             0 kB
Node 0 FilePages:        139388 kB
Node 0 Mapped:            32280 kB
Node 0 AnonPages:         22440 kB
Node 0 Shmem:               584 kB
Node 0 KernelStack:        3192 kB
Node 0 PageTables:          848 kB
Node 0 NFS_Unstable:          0 kB
Node 0 Bounce:                0 kB
Node 0 WritebackTmp:          0 kB
Node 0 KReclaimable:      23748 kB
Node 0 Slab:              66508 kB
Node 0 SReclaimable:      23748 kB
Node 0 SUnreclaim:        42760 kB
Node 0 AnonHugePages:         0 kB
Node 0 ShmemHugePages:        0 kB
Node 0 ShmemPmdMapped:        0 kB
Node 0 FileHugePages:        0 kB
Node 0 FilePmdMapped:        0 kB
Node 0 HugePages_Total:     0
Node 0 HugePages_Free:      0
Node 0 HugePages_Surp:      0

Node 1 MemTotal:       24686196 kB
Node 1 MemFree:        24391420 kB
Node 1 MemUsed:          294776 kB
Node 1 Active:            52700 kB
Node 1 Inactive:          92800 kB
Node 1 Active(anon):      11568 kB
Node 1 Inactive(anon):      508 kB
Node 1 Active(file):      41132 kB
Node 1 Inactive(file):    92292 kB
Node 1 Unevictable:       13496 kB
Node 1 Mlocked:           13496 kB
Node 1 Dirty:               208 kB
Node 1 Writeback:             0 kB
Node 1 FilePages:        137060 kB
Node 1 Mapped:            17976 kB
Node 1 AnonPages:         21528 kB
Node 1 Shmem:               684 kB
Node 1 KernelStack:        1624 kB
Node 1 PageTables:          620 kB
Node 1 NFS_Unstable:          0 kB
Node 1 Bounce:                0 kB
Node 1 WritebackTmp:          0 kB
Node 1 KReclaimable:      20320 kB
Node 1 Slab:              55196 kB
Node 1 SReclaimable:      20320 kB
Node 1 SUnreclaim:        34876 kB
Node 1 AnonHugePages:         0 kB
Node 1 ShmemHugePages:        0 kB
Node 1 ShmemPmdMapped:        0 kB
Node 1 FileHugePages:        0 kB
Node 1 FilePmdMapped:        0 kB
Node 1 HugePages_Total:     0
Node 1 HugePages_Free:      0
Node 1 HugePages_Surp:      0

After Test
Node 0 MemTotal:       24743736 kB
Node 0 MemFree:        15080372 kB
Node 0 MemUsed:         9663364 kB
Node 0 Active:            47504 kB
Node 0 Inactive:         609544 kB
Node 0 Active(anon):      22572 kB
Node 0 Inactive(anon):      432 kB
Node 0 Active(file):      24932 kB
Node 0 Inactive(file):   609112 kB
Node 0 Unevictable:        5260 kB
Node 0 Mlocked:            5260 kB
Node 0 Dirty:                40 kB
Node 0 Writeback:             0 kB
Node 0 FilePages:        639928 kB
Node 0 Mapped:            31980 kB
Node 0 AnonPages:         22308 kB
Node 0 Shmem:               584 kB
Node 0 KernelStack:        3048 kB
Node 0 PageTables:          756 kB
Node 0 NFS_Unstable:          0 kB
Node 0 Bounce:                0 kB
Node 0 WritebackTmp:          0 kB
Node 0 KReclaimable:      25192 kB
Node 0 Slab:              99588 kB
Node 0 SReclaimable:      25192 kB
Node 0 SUnreclaim:        74396 kB
Node 0 AnonHugePages:         0 kB
Node 0 ShmemHugePages:        0 kB
Node 0 ShmemPmdMapped:        0 kB
Node 0 FileHugePages:        0 kB
Node 0 FilePmdMapped:        0 kB
Node 0 HugePages_Total:     0
Node 0 HugePages_Free:      0
Node 0 HugePages_Surp:      0

Node 1 MemTotal:       24686196 kB
Node 1 MemFree:        23844932 kB
Node 1 MemUsed:          841264 kB
Node 1 Active:            52208 kB
Node 1 Inactive:          92740 kB
Node 1 Active(anon):      10972 kB
Node 1 Inactive(anon):      508 kB
Node 1 Active(file):      41236 kB
Node 1 Inactive(file):    92232 kB
Node 1 Unevictable:       13496 kB
Node 1 Mlocked:           13496 kB
Node 1 Dirty:                 8 kB
Node 1 Writeback:             0 kB
Node 1 FilePages:        137108 kB
Node 1 Mapped:            18004 kB
Node 1 AnonPages:         21360 kB
Node 1 Shmem:               684 kB
Node 1 KernelStack:        1560 kB
Node 1 PageTables:          452 kB
Node 1 NFS_Unstable:          0 kB
Node 1 Bounce:                0 kB
Node 1 WritebackTmp:          0 kB
Node 1 KReclaimable:      20384 kB
Node 1 Slab:              57368 kB
Node 1 SReclaimable:      20384 kB
Node 1 SUnreclaim:        36984 kB
Node 1 AnonHugePages:         0 kB
Node 1 ShmemHugePages:        0 kB
Node 1 ShmemPmdMapped:        0 kB
Node 1 FileHugePages:        0 kB
Node 1 FilePmdMapped:        0 kB
Node 1 HugePages_Total:     0
Node 1 HugePages_Free:      0
Node 1 HugePages_Surp:      0

After Opposite Node
Node 0 MemTotal:       24743736 kB
Node 0 MemFree:        15082180 kB
Node 0 MemUsed:         9661556 kB
Node 0 Active:            47180 kB
Node 0 Inactive:         609536 kB
Node 0 Active(anon):      22180 kB
Node 0 Inactive(anon):      432 kB
Node 0 Active(file):      25000 kB
Node 0 Inactive(file):   609104 kB
Node 0 Unevictable:        5260 kB
Node 0 Mlocked:            5260 kB
Node 0 Dirty:                56 kB
Node 0 Writeback:             0 kB
Node 0 FilePages:        639952 kB
Node 0 Mapped:            31984 kB
Node 0 AnonPages:         22048 kB
Node 0 Shmem:               584 kB
Node 0 KernelStack:        3048 kB
Node 0 PageTables:          596 kB
Node 0 NFS_Unstable:          0 kB
Node 0 Bounce:                0 kB
Node 0 WritebackTmp:          0 kB
Node 0 KReclaimable:      25192 kB
Node 0 Slab:              99832 kB
Node 0 SReclaimable:      25192 kB
Node 0 SUnreclaim:        74640 kB
Node 0 AnonHugePages:         0 kB
Node 0 ShmemHugePages:        0 kB
Node 0 ShmemPmdMapped:        0 kB
Node 0 FileHugePages:        0 kB
Node 0 FilePmdMapped:        0 kB
Node 0 HugePages_Total:     0
Node 0 HugePages_Free:      0
Node 0 HugePages_Surp:      0

Node 1 MemTotal:       24686196 kB
Node 1 MemFree:        23845296 kB
Node 1 MemUsed:          840900 kB
Node 1 Active:            52912 kB
Node 1 Inactive:          92524 kB
Node 1 Active(anon):      11420 kB
Node 1 Inactive(anon):      508 kB
Node 1 Active(file):      41492 kB
Node 1 Inactive(file):    92016 kB
Node 1 Unevictable:       13496 kB
Node 1 Mlocked:           13496 kB
Node 1 Dirty:                20 kB
Node 1 Writeback:             0 kB
Node 1 FilePages:        137128 kB
Node 1 Mapped:            18004 kB
Node 1 AnonPages:         21616 kB
Node 1 Shmem:               684 kB
Node 1 KernelStack:        1560 kB
Node 1 PageTables:          612 kB
Node 1 NFS_Unstable:          0 kB
Node 1 Bounce:                0 kB
Node 1 WritebackTmp:          0 kB
Node 1 KReclaimable:      20416 kB
Node 1 Slab:              57768 kB
Node 1 SReclaimable:      20416 kB
Node 1 SUnreclaim:        37352 kB
Node 1 AnonHugePages:         0 kB
Node 1 ShmemHugePages:        0 kB
Node 1 ShmemPmdMapped:        0 kB
Node 1 FileHugePages:        0 kB
Node 1 FilePmdMapped:        0 kB
Node 1 HugePages_Total:     0
Node 1 HugePages_Free:      0
Node 1 HugePages_Surp:      0

B.0.512M-simpleread.8G.2.O.1M Complete!
