kernel.numa_balancing = 0
B.0.1G-simpleread.16G.2.O.1M
Begin
Node 0 MemTotal:       24743736 kB
Node 0 MemFree:        24520960 kB
Node 0 MemUsed:          222776 kB
Node 0 Active:            20448 kB
Node 0 Inactive:          46364 kB
Node 0 Active(anon):       9124 kB
Node 0 Inactive(anon):      452 kB
Node 0 Active(file):      11324 kB
Node 0 Inactive(file):    45912 kB
Node 0 Unevictable:       12616 kB
Node 0 Mlocked:           12616 kB
Node 0 Dirty:               132 kB
Node 0 Writeback:             0 kB
Node 0 FilePages:         60192 kB
Node 0 Mapped:             7844 kB
Node 0 AnonPages:         19296 kB
Node 0 Shmem:               644 kB
Node 0 KernelStack:        2008 kB
Node 0 PageTables:          436 kB
Node 0 NFS_Unstable:          0 kB
Node 0 Bounce:                0 kB
Node 0 WritebackTmp:          0 kB
Node 0 KReclaimable:      20868 kB
Node 0 Slab:              55596 kB
Node 0 SReclaimable:      20868 kB
Node 0 SUnreclaim:        34728 kB
Node 0 AnonHugePages:         0 kB
Node 0 ShmemHugePages:        0 kB
Node 0 ShmemPmdMapped:        0 kB
Node 0 FileHugePages:        0 kB
Node 0 FilePmdMapped:        0 kB
Node 0 HugePages_Total:     0
Node 0 HugePages_Free:      0
Node 0 HugePages_Surp:      0

Node 1 MemTotal:       24686196 kB
Node 1 MemFree:        24298132 kB
Node 1 MemUsed:          388064 kB
Node 1 Active:            74684 kB
Node 1 Inactive:          40992 kB
Node 1 Active(anon):      24352 kB
Node 1 Inactive(anon):      432 kB
Node 1 Active(file):      50332 kB
Node 1 Inactive(file):    40560 kB
Node 1 Unevictable:        5904 kB
Node 1 Mlocked:            5904 kB
Node 1 Dirty:               368 kB
Node 1 Writeback:             0 kB
Node 1 FilePages:         97468 kB
Node 1 Mapped:            31588 kB
Node 1 AnonPages:         24176 kB
Node 1 Shmem:               624 kB
Node 1 KernelStack:        1592 kB
Node 1 PageTables:          620 kB
Node 1 NFS_Unstable:          0 kB
Node 1 Bounce:                0 kB
Node 1 WritebackTmp:          0 kB
Node 1 KReclaimable:      21580 kB
Node 1 Slab:              51928 kB
Node 1 SReclaimable:      21580 kB
Node 1 SUnreclaim:        30348 kB
Node 1 AnonHugePages:         0 kB
Node 1 ShmemHugePages:        0 kB
Node 1 ShmemPmdMapped:        0 kB
Node 1 FileHugePages:        0 kB
Node 1 FilePmdMapped:        0 kB
Node 1 HugePages_Total:     0
Node 1 HugePages_Free:      0
Node 1 HugePages_Surp:      0

Load ZFS
Node 0 MemTotal:       24743736 kB
Node 0 MemFree:        24497880 kB
Node 0 MemUsed:          245856 kB
Node 0 Active:            32660 kB
Node 0 Inactive:          52504 kB
Node 0 Active(anon):      20136 kB
Node 0 Inactive(anon):      512 kB
Node 0 Active(file):      12524 kB
Node 0 Inactive(file):    51992 kB
Node 0 Unevictable:       12844 kB
Node 0 Mlocked:           12844 kB
Node 0 Dirty:               160 kB
Node 0 Writeback:             0 kB
Node 0 FilePages:         67484 kB
Node 0 Mapped:            10108 kB
Node 0 AnonPages:         30436 kB
Node 0 Shmem:               680 kB
Node 0 KernelStack:        2136 kB
Node 0 PageTables:          840 kB
Node 0 NFS_Unstable:          0 kB
Node 0 Bounce:                0 kB
Node 0 WritebackTmp:          0 kB
Node 0 KReclaimable:      21596 kB
Node 0 Slab:              58216 kB
Node 0 SReclaimable:      21596 kB
Node 0 SUnreclaim:        36620 kB
Node 0 AnonHugePages:         0 kB
Node 0 ShmemHugePages:        0 kB
Node 0 ShmemPmdMapped:        0 kB
Node 0 FileHugePages:        0 kB
Node 0 FilePmdMapped:        0 kB
Node 0 HugePages_Total:     0
Node 0 HugePages_Free:      0
Node 0 HugePages_Surp:      0

Node 1 MemTotal:       24686196 kB
Node 1 MemFree:        24179644 kB
Node 1 MemUsed:          506552 kB
Node 1 Active:            87308 kB
Node 1 Inactive:         138324 kB
Node 1 Active(anon):      35720 kB
Node 1 Inactive(anon):      432 kB
Node 1 Active(file):      51588 kB
Node 1 Inactive(file):   137892 kB
Node 1 Unevictable:        5904 kB
Node 1 Mlocked:            5904 kB
Node 1 Dirty:               312 kB
Node 1 Writeback:             0 kB
Node 1 FilePages:        195988 kB
Node 1 Mapped:            32868 kB
Node 1 AnonPages:         35476 kB
Node 1 Shmem:               588 kB
Node 1 KernelStack:        2080 kB
Node 1 PageTables:         1656 kB
Node 1 NFS_Unstable:          0 kB
Node 1 Bounce:                0 kB
Node 1 WritebackTmp:          0 kB
Node 1 KReclaimable:      22568 kB
Node 1 Slab:              56540 kB
Node 1 SReclaimable:      22568 kB
Node 1 SUnreclaim:        33972 kB
Node 1 AnonHugePages:         0 kB
Node 1 ShmemHugePages:        0 kB
Node 1 ShmemPmdMapped:        0 kB
Node 1 FileHugePages:        0 kB
Node 1 FilePmdMapped:        0 kB
Node 1 HugePages_Total:     0
Node 1 HugePages_Free:      0
Node 1 HugePages_Surp:      0

Import tank ZPool
Node 0 MemTotal:       24743736 kB
Node 0 MemFree:        24499076 kB
Node 0 MemUsed:          244660 kB
Node 0 Active:            32528 kB
Node 0 Inactive:          52500 kB
Node 0 Active(anon):      20004 kB
Node 0 Inactive(anon):      508 kB
Node 0 Active(file):      12524 kB
Node 0 Inactive(file):    51992 kB
Node 0 Unevictable:       12844 kB
Node 0 Mlocked:           12844 kB
Node 0 Dirty:               172 kB
Node 0 Writeback:             0 kB
Node 0 FilePages:         67508 kB
Node 0 Mapped:            10188 kB
Node 0 AnonPages:         30392 kB
Node 0 Shmem:               672 kB
Node 0 KernelStack:        2072 kB
Node 0 PageTables:          732 kB
Node 0 NFS_Unstable:          0 kB
Node 0 Bounce:                0 kB
Node 0 WritebackTmp:          0 kB
Node 0 KReclaimable:      21604 kB
Node 0 Slab:              58344 kB
Node 0 SReclaimable:      21604 kB
Node 0 SUnreclaim:        36740 kB
Node 0 AnonHugePages:         0 kB
Node 0 ShmemHugePages:        0 kB
Node 0 ShmemPmdMapped:        0 kB
Node 0 FileHugePages:        0 kB
Node 0 FilePmdMapped:        0 kB
Node 0 HugePages_Total:     0
Node 0 HugePages_Free:      0
Node 0 HugePages_Surp:      0

Node 1 MemTotal:       24686196 kB
Node 1 MemFree:        24162204 kB
Node 1 MemUsed:          523992 kB
Node 1 Active:            88228 kB
Node 1 Inactive:         139512 kB
Node 1 Active(anon):      36236 kB
Node 1 Inactive(anon):      440 kB
Node 1 Active(file):      51992 kB
Node 1 Inactive(file):   139072 kB
Node 1 Unevictable:        5904 kB
Node 1 Mlocked:            5904 kB
Node 1 Dirty:               352 kB
Node 1 Writeback:             0 kB
Node 1 FilePages:        197640 kB
Node 1 Mapped:            33168 kB
Node 1 AnonPages:         35408 kB
Node 1 Shmem:               596 kB
Node 1 KernelStack:        3176 kB
Node 1 PageTables:         1896 kB
Node 1 NFS_Unstable:          0 kB
Node 1 Bounce:                0 kB
Node 1 WritebackTmp:          0 kB
Node 1 KReclaimable:      22728 kB
Node 1 Slab:              63220 kB
Node 1 SReclaimable:      22728 kB
Node 1 SUnreclaim:        40492 kB
Node 1 AnonHugePages:         0 kB
Node 1 ShmemHugePages:        0 kB
Node 1 ShmemPmdMapped:        0 kB
Node 1 FileHugePages:        0 kB
Node 1 FilePmdMapped:        0 kB
Node 1 HugePages_Total:     0
Node 1 HugePages_Free:      0
Node 1 HugePages_Surp:      0

After Test
Node 0 MemTotal:       24743736 kB
Node 0 MemFree:         6801628 kB
Node 0 MemUsed:        17942108 kB
Node 0 Active:            23056 kB
Node 0 Inactive:        1028812 kB
Node 0 Active(anon):       9564 kB
Node 0 Inactive(anon):      508 kB
Node 0 Active(file):      13492 kB
Node 0 Inactive(file):  1028304 kB
Node 0 Unevictable:       12844 kB
Node 0 Mlocked:           12844 kB
Node 0 Dirty:                24 kB
Node 0 Writeback:             0 kB
Node 0 FilePages:       1044764 kB
Node 0 Mapped:             7856 kB
Node 0 AnonPages:         19864 kB
Node 0 Shmem:               672 kB
Node 0 KernelStack:        1816 kB
Node 0 PageTables:          656 kB
Node 0 NFS_Unstable:          0 kB
Node 0 Bounce:                0 kB
Node 0 WritebackTmp:          0 kB
Node 0 KReclaimable:      23936 kB
Node 0 Slab:             117284 kB
Node 0 SReclaimable:      23936 kB
Node 0 SUnreclaim:        93348 kB
Node 0 AnonHugePages:         0 kB
Node 0 ShmemHugePages:        0 kB
Node 0 ShmemPmdMapped:        0 kB
Node 0 FileHugePages:        0 kB
Node 0 FilePmdMapped:        0 kB
Node 0 HugePages_Total:     0
Node 0 HugePages_Free:      0
Node 0 HugePages_Surp:      0

Node 1 MemTotal:       24686196 kB
Node 1 MemFree:        23239428 kB
Node 1 MemUsed:         1446768 kB
Node 1 Active:            76640 kB
Node 1 Inactive:         138948 kB
Node 1 Active(anon):      23980 kB
Node 1 Inactive(anon):      432 kB
Node 1 Active(file):      52660 kB
Node 1 Inactive(file):   138516 kB
Node 1 Unevictable:        5904 kB
Node 1 Mlocked:            5904 kB
Node 1 Dirty:                24 kB
Node 1 Writeback:             0 kB
Node 1 FilePages:        197676 kB
Node 1 Mapped:            31872 kB
Node 1 AnonPages:         23836 kB
Node 1 Shmem:               596 kB
Node 1 KernelStack:        2632 kB
Node 1 PageTables:          564 kB
Node 1 NFS_Unstable:          0 kB
Node 1 Bounce:                0 kB
Node 1 WritebackTmp:          0 kB
Node 1 KReclaimable:      22780 kB
Node 1 Slab:              66132 kB
Node 1 SReclaimable:      22780 kB
Node 1 SUnreclaim:        43352 kB
Node 1 AnonHugePages:         0 kB
Node 1 ShmemHugePages:        0 kB
Node 1 ShmemPmdMapped:        0 kB
Node 1 FileHugePages:        0 kB
Node 1 FilePmdMapped:        0 kB
Node 1 HugePages_Total:     0
Node 1 HugePages_Free:      0
Node 1 HugePages_Surp:      0

After Opposite Node
Node 0 MemTotal:       24743736 kB
Node 0 MemFree:         6804104 kB
Node 0 MemUsed:        17939632 kB
Node 0 Active:            22684 kB
Node 0 Inactive:        1028812 kB
Node 0 Active(anon):       9180 kB
Node 0 Inactive(anon):      508 kB
Node 0 Active(file):      13504 kB
Node 0 Inactive(file):  1028304 kB
Node 0 Unevictable:       12844 kB
Node 0 Mlocked:           12844 kB
Node 0 Dirty:                28 kB
Node 0 Writeback:             0 kB
Node 0 FilePages:       1044768 kB
Node 0 Mapped:             7860 kB
Node 0 AnonPages:         19588 kB
Node 0 Shmem:               672 kB
Node 0 KernelStack:        1800 kB
Node 0 PageTables:          440 kB
Node 0 NFS_Unstable:          0 kB
Node 0 Bounce:                0 kB
Node 0 WritebackTmp:          0 kB
Node 0 KReclaimable:      23936 kB
Node 0 Slab:             117880 kB
Node 0 SReclaimable:      23936 kB
Node 0 SUnreclaim:        93944 kB
Node 0 AnonHugePages:         0 kB
Node 0 ShmemHugePages:        0 kB
Node 0 ShmemPmdMapped:        0 kB
Node 0 FileHugePages:        0 kB
Node 0 FilePmdMapped:        0 kB
Node 0 HugePages_Total:     0
Node 0 HugePages_Free:      0
Node 0 HugePages_Surp:      0

Node 1 MemTotal:       24686196 kB
Node 1 MemFree:        23242384 kB
Node 1 MemUsed:         1443812 kB
Node 1 Active:            77408 kB
Node 1 Inactive:         138704 kB
Node 1 Active(anon):      24464 kB
Node 1 Inactive(anon):      432 kB
Node 1 Active(file):      52944 kB
Node 1 Inactive(file):   138272 kB
Node 1 Unevictable:        5904 kB
Node 1 Mlocked:            5904 kB
Node 1 Dirty:                48 kB
Node 1 Writeback:             0 kB
Node 1 FilePages:        197724 kB
Node 1 Mapped:            31664 kB
Node 1 AnonPages:         24108 kB
Node 1 Shmem:               596 kB
Node 1 KernelStack:        2600 kB
Node 1 PageTables:          780 kB
Node 1 NFS_Unstable:          0 kB
Node 1 Bounce:                0 kB
Node 1 WritebackTmp:          0 kB
Node 1 KReclaimable:      22828 kB
Node 1 Slab:              66348 kB
Node 1 SReclaimable:      22828 kB
Node 1 SUnreclaim:        43520 kB
Node 1 AnonHugePages:         0 kB
Node 1 ShmemHugePages:        0 kB
Node 1 ShmemPmdMapped:        0 kB
Node 1 FileHugePages:        0 kB
Node 1 FilePmdMapped:        0 kB
Node 1 HugePages_Total:     0
Node 1 HugePages_Free:      0
Node 1 HugePages_Surp:      0

B.0.1G-simpleread.16G.2.O.1M Complete!
