kernel.numa_balancing = 0
B.0.64M-simpleread.250M.1.O.1M
Begin
Node 0 MemTotal:       24768352 kB
Node 0 MemFree:        24384884 kB
Node 0 MemUsed:          383468 kB
Node 0 Active:            73712 kB
Node 0 Inactive:          28036 kB
Node 0 Active(anon):      26852 kB
Node 0 Inactive(anon):      292 kB
Node 0 Active(file):      46860 kB
Node 0 Inactive(file):    27744 kB
Node 0 Unevictable:        5760 kB
Node 0 Mlocked:            5760 kB
Node 0 Dirty:                32 kB
Node 0 Writeback:             0 kB
Node 0 FilePages:         80860 kB
Node 0 Mapped:            25596 kB
Node 0 AnonPages:         26740 kB
Node 0 Shmem:               456 kB
Node 0 KernelStack:        2264 kB
Node 0 PageTables:          648 kB
Node 0 NFS_Unstable:          0 kB
Node 0 Bounce:                0 kB
Node 0 WritebackTmp:          0 kB
Node 0 KReclaimable:      19364 kB
Node 0 Slab:              51916 kB
Node 0 SReclaimable:      19364 kB
Node 0 SUnreclaim:        32552 kB
Node 0 AnonHugePages:         0 kB
Node 0 ShmemHugePages:        0 kB
Node 0 ShmemPmdMapped:        0 kB
Node 0 FileHugePages:        0 kB
Node 0 FilePmdMapped:        0 kB
Node 0 HugePages_Total:     0
Node 0 HugePages_Free:      0
Node 0 HugePages_Surp:      0

Node 1 MemTotal:       24661580 kB
Node 1 MemFree:        24410152 kB
Node 1 MemUsed:          251428 kB
Node 1 Active:            23072 kB
Node 1 Inactive:          79416 kB
Node 1 Active(anon):       6884 kB
Node 1 Inactive(anon):      576 kB
Node 1 Active(file):      16188 kB
Node 1 Inactive(file):    78840 kB
Node 1 Unevictable:       12764 kB
Node 1 Mlocked:           12764 kB
Node 1 Dirty:               484 kB
Node 1 Writeback:             0 kB
Node 1 FilePages:         98276 kB
Node 1 Mapped:            33704 kB
Node 1 AnonPages:         17020 kB
Node 1 Shmem:               812 kB
Node 1 KernelStack:        1384 kB
Node 1 PageTables:          492 kB
Node 1 NFS_Unstable:          0 kB
Node 1 Bounce:                0 kB
Node 1 WritebackTmp:          0 kB
Node 1 KReclaimable:      23156 kB
Node 1 Slab:              55924 kB
Node 1 SReclaimable:      23156 kB
Node 1 SUnreclaim:        32768 kB
Node 1 AnonHugePages:         0 kB
Node 1 ShmemHugePages:        0 kB
Node 1 ShmemPmdMapped:        0 kB
Node 1 FileHugePages:        0 kB
Node 1 FilePmdMapped:        0 kB
Node 1 HugePages_Total:     0
Node 1 HugePages_Free:      0
Node 1 HugePages_Surp:      0

Load ZFS
Node 0 MemTotal:       24768352 kB
Node 0 MemFree:        24498036 kB
Node 0 MemUsed:          270316 kB
Node 0 Active:            90628 kB
Node 0 Inactive:          28632 kB
Node 0 Active(anon):      42496 kB
Node 0 Inactive(anon):      464 kB
Node 0 Active(file):      48132 kB
Node 0 Inactive(file):    28168 kB
Node 0 Unevictable:        5760 kB
Node 0 Mlocked:            5760 kB
Node 0 Dirty:                56 kB
Node 0 Writeback:             0 kB
Node 0 FilePages:         82696 kB
Node 0 Mapped:            27760 kB
Node 0 AnonPages:         42084 kB
Node 0 Shmem:               632 kB
Node 0 KernelStack:        2548 kB
Node 0 PageTables:         1888 kB
Node 0 NFS_Unstable:          0 kB
Node 0 Bounce:                0 kB
Node 0 WritebackTmp:          0 kB
Node 0 KReclaimable:      19816 kB
Node 0 Slab:              54500 kB
Node 0 SReclaimable:      19816 kB
Node 0 SUnreclaim:        34684 kB
Node 0 AnonHugePages:         0 kB
Node 0 ShmemHugePages:        0 kB
Node 0 ShmemPmdMapped:        0 kB
Node 0 FileHugePages:        0 kB
Node 0 FilePmdMapped:        0 kB
Node 0 HugePages_Total:     0
Node 0 HugePages_Free:      0
Node 0 HugePages_Surp:      0

Node 1 MemTotal:       24661580 kB
Node 1 MemFree:        24152768 kB
Node 1 MemUsed:          508812 kB
Node 1 Active:            35096 kB
Node 1 Inactive:         182752 kB
Node 1 Active(anon):      17688 kB
Node 1 Inactive(anon):      476 kB
Node 1 Active(file):      17408 kB
Node 1 Inactive(file):   182276 kB
Node 1 Unevictable:       12960 kB
Node 1 Mlocked:           12960 kB
Node 1 Dirty:               532 kB
Node 1 Writeback:             0 kB
Node 1 FilePages:        202752 kB
Node 1 Mapped:            36332 kB
Node 1 AnonPages:         28024 kB
Node 1 Shmem:               636 kB
Node 1 KernelStack:        1764 kB
Node 1 PageTables:         1748 kB
Node 1 NFS_Unstable:          0 kB
Node 1 Bounce:                0 kB
Node 1 WritebackTmp:          0 kB
Node 1 KReclaimable:      24284 kB
Node 1 Slab:              60152 kB
Node 1 SReclaimable:      24284 kB
Node 1 SUnreclaim:        35868 kB
Node 1 AnonHugePages:         0 kB
Node 1 ShmemHugePages:        0 kB
Node 1 ShmemPmdMapped:        0 kB
Node 1 FileHugePages:        0 kB
Node 1 FilePmdMapped:        0 kB
Node 1 HugePages_Total:     0
Node 1 HugePages_Free:      0
Node 1 HugePages_Surp:      0

Import tank ZPool
Node 0 MemTotal:       24768352 kB
Node 0 MemFree:        24495484 kB
Node 0 MemUsed:          272868 kB
Node 0 Active:            76152 kB
Node 0 Inactive:          29304 kB
Node 0 Active(anon):      27336 kB
Node 0 Inactive(anon):      464 kB
Node 0 Active(file):      48816 kB
Node 0 Inactive(file):    28840 kB
Node 0 Unevictable:        5760 kB
Node 0 Mlocked:            5760 kB
Node 0 Dirty:                84 kB
Node 0 Writeback:             0 kB
Node 0 FilePages:         84080 kB
Node 0 Mapped:            26100 kB
Node 0 AnonPages:         26564 kB
Node 0 Shmem:               632 kB
Node 0 KernelStack:        3544 kB
Node 0 PageTables:         1000 kB
Node 0 NFS_Unstable:          0 kB
Node 0 Bounce:                0 kB
Node 0 WritebackTmp:          0 kB
Node 0 KReclaimable:      19980 kB
Node 0 Slab:              61292 kB
Node 0 SReclaimable:      19980 kB
Node 0 SUnreclaim:        41312 kB
Node 0 AnonHugePages:         0 kB
Node 0 ShmemHugePages:        0 kB
Node 0 ShmemPmdMapped:        0 kB
Node 0 FileHugePages:        0 kB
Node 0 FilePmdMapped:        0 kB
Node 0 HugePages_Total:     0
Node 0 HugePages_Free:      0
Node 0 HugePages_Surp:      0

Node 1 MemTotal:       24661580 kB
Node 1 MemFree:        24162980 kB
Node 1 MemUsed:          498600 kB
Node 1 Active:            24880 kB
Node 1 Inactive:         182404 kB
Node 1 Active(anon):       7244 kB
Node 1 Inactive(anon):      484 kB
Node 1 Active(file):      17636 kB
Node 1 Inactive(file):   181920 kB
Node 1 Unevictable:       12992 kB
Node 1 Mlocked:           12992 kB
Node 1 Dirty:               500 kB
Node 1 Writeback:             0 kB
Node 1 FilePages:        202628 kB
Node 1 Mapped:            34044 kB
Node 1 AnonPages:         17668 kB
Node 1 Shmem:               636 kB
Node 1 KernelStack:        1464 kB
Node 1 PageTables:          860 kB
Node 1 NFS_Unstable:          0 kB
Node 1 Bounce:                0 kB
Node 1 WritebackTmp:          0 kB
Node 1 KReclaimable:      24300 kB
Node 1 Slab:              60228 kB
Node 1 SReclaimable:      24300 kB
Node 1 SUnreclaim:        35928 kB
Node 1 AnonHugePages:         0 kB
Node 1 ShmemHugePages:        0 kB
Node 1 ShmemPmdMapped:        0 kB
Node 1 FileHugePages:        0 kB
Node 1 FilePmdMapped:        0 kB
Node 1 HugePages_Total:     0
Node 1 HugePages_Free:      0
Node 1 HugePages_Surp:      0

After Test
Node 0 MemTotal:       24768352 kB
Node 0 MemFree:        24118236 kB
Node 0 MemUsed:          650116 kB
Node 0 Active:            76172 kB
Node 0 Inactive:          91588 kB
Node 0 Active(anon):      26564 kB
Node 0 Inactive(anon):      464 kB
Node 0 Active(file):      49608 kB
Node 0 Inactive(file):    91124 kB
Node 0 Unevictable:        5760 kB
Node 0 Mlocked:            5760 kB
Node 0 Dirty:                88 kB
Node 0 Writeback:             0 kB
Node 0 FilePages:        147120 kB
Node 0 Mapped:            25616 kB
Node 0 AnonPages:         26560 kB
Node 0 Shmem:               632 kB
Node 0 KernelStack:        3432 kB
Node 0 PageTables:          644 kB
Node 0 NFS_Unstable:          0 kB
Node 0 Bounce:                0 kB
Node 0 WritebackTmp:          0 kB
Node 0 KReclaimable:      20184 kB
Node 0 Slab:              63604 kB
Node 0 SReclaimable:      20184 kB
Node 0 SUnreclaim:        43420 kB
Node 0 AnonHugePages:         0 kB
Node 0 ShmemHugePages:        0 kB
Node 0 ShmemPmdMapped:        0 kB
Node 0 FileHugePages:        0 kB
Node 0 FilePmdMapped:        0 kB
Node 0 HugePages_Total:     0
Node 0 HugePages_Free:      0
Node 0 HugePages_Surp:      0

Node 1 MemTotal:       24661580 kB
Node 1 MemFree:        23946880 kB
Node 1 MemUsed:          714700 kB
Node 1 Active:            24728 kB
Node 1 Inactive:         182188 kB
Node 1 Active(anon):       6876 kB
Node 1 Inactive(anon):      484 kB
Node 1 Active(file):      17852 kB
Node 1 Inactive(file):   181704 kB
Node 1 Unevictable:       12992 kB
Node 1 Mlocked:           12992 kB
Node 1 Dirty:               500 kB
Node 1 Writeback:             0 kB
Node 1 FilePages:        202628 kB
Node 1 Mapped:            33888 kB
Node 1 AnonPages:         17280 kB
Node 1 Shmem:               636 kB
Node 1 KernelStack:        1284 kB
Node 1 PageTables:          492 kB
Node 1 NFS_Unstable:          0 kB
Node 1 Bounce:                0 kB
Node 1 WritebackTmp:          0 kB
Node 1 KReclaimable:      24316 kB
Node 1 Slab:              61016 kB
Node 1 SReclaimable:      24316 kB
Node 1 SUnreclaim:        36700 kB
Node 1 AnonHugePages:         0 kB
Node 1 ShmemHugePages:        0 kB
Node 1 ShmemPmdMapped:        0 kB
Node 1 FileHugePages:        0 kB
Node 1 FilePmdMapped:        0 kB
Node 1 HugePages_Total:     0
Node 1 HugePages_Free:      0
Node 1 HugePages_Surp:      0

After Opposite Node
Node 0 MemTotal:       24768352 kB
Node 0 MemFree:        24117804 kB
Node 0 MemUsed:          650548 kB
Node 0 Active:            75908 kB
Node 0 Inactive:          91568 kB
Node 0 Active(anon):      26268 kB
Node 0 Inactive(anon):      464 kB
Node 0 Active(file):      49640 kB
Node 0 Inactive(file):    91104 kB
Node 0 Unevictable:        5760 kB
Node 0 Mlocked:            5760 kB
Node 0 Dirty:                60 kB
Node 0 Writeback:            40 kB
Node 0 FilePages:        147132 kB
Node 0 Mapped:            25624 kB
Node 0 AnonPages:         26100 kB
Node 0 Shmem:               632 kB
Node 0 KernelStack:        3400 kB
Node 0 PageTables:          588 kB
Node 0 NFS_Unstable:          0 kB
Node 0 Bounce:                0 kB
Node 0 WritebackTmp:          0 kB
Node 0 KReclaimable:      20184 kB
Node 0 Slab:              63444 kB
Node 0 SReclaimable:      20184 kB
Node 0 SUnreclaim:        43260 kB
Node 0 AnonHugePages:         0 kB
Node 0 ShmemHugePages:        0 kB
Node 0 ShmemPmdMapped:        0 kB
Node 0 FileHugePages:        0 kB
Node 0 FilePmdMapped:        0 kB
Node 0 HugePages_Total:     0
Node 0 HugePages_Free:      0
Node 0 HugePages_Surp:      0

Node 1 MemTotal:       24661580 kB
Node 1 MemFree:        23946280 kB
Node 1 MemUsed:          715300 kB
Node 1 Active:            25412 kB
Node 1 Inactive:         181968 kB
Node 1 Active(anon):       7340 kB
Node 1 Inactive(anon):      476 kB
Node 1 Active(file):      18072 kB
Node 1 Inactive(file):   181492 kB
Node 1 Unevictable:       12992 kB
Node 1 Mlocked:           12992 kB
Node 1 Dirty:               444 kB
Node 1 Writeback:            56 kB
Node 1 FilePages:        202636 kB
Node 1 Mapped:            34104 kB
Node 1 AnonPages:         17684 kB
Node 1 Shmem:               636 kB
Node 1 KernelStack:        1320 kB
Node 1 PageTables:          556 kB
Node 1 NFS_Unstable:          0 kB
Node 1 Bounce:                0 kB
Node 1 WritebackTmp:          0 kB
Node 1 KReclaimable:      24316 kB
Node 1 Slab:              61108 kB
Node 1 SReclaimable:      24316 kB
Node 1 SUnreclaim:        36792 kB
Node 1 AnonHugePages:         0 kB
Node 1 ShmemHugePages:        0 kB
Node 1 ShmemPmdMapped:        0 kB
Node 1 FileHugePages:        0 kB
Node 1 FilePmdMapped:        0 kB
Node 1 HugePages_Total:     0
Node 1 HugePages_Free:      0
Node 1 HugePages_Surp:      0

B.0.64M-simpleread.250M.1.O.1M Complete!
