kernel.numa_balancing = 0
B.0.128M-simpleread.2G.3.O.1M
Begin
Node 0 MemTotal:       24743736 kB
Node 0 MemFree:        24360796 kB
Node 0 MemUsed:          382940 kB
Node 0 Active:            30436 kB
Node 0 Inactive:          82712 kB
Node 0 Active(anon):      11976 kB
Node 0 Inactive(anon):      364 kB
Node 0 Active(file):      18460 kB
Node 0 Inactive(file):    82348 kB
Node 0 Unevictable:        1464 kB
Node 0 Mlocked:            1464 kB
Node 0 Dirty:               148 kB
Node 0 Writeback:             0 kB
Node 0 FilePages:        102828 kB
Node 0 Mapped:            29236 kB
Node 0 AnonPages:         11808 kB
Node 0 Shmem:               540 kB
Node 0 KernelStack:        2056 kB
Node 0 PageTables:          348 kB
Node 0 NFS_Unstable:          0 kB
Node 0 Bounce:                0 kB
Node 0 WritebackTmp:          0 kB
Node 0 KReclaimable:      19924 kB
Node 0 Slab:              45480 kB
Node 0 SReclaimable:      19924 kB
Node 0 SUnreclaim:        25556 kB
Node 0 AnonHugePages:         0 kB
Node 0 ShmemHugePages:        0 kB
Node 0 ShmemPmdMapped:        0 kB
Node 0 FileHugePages:        0 kB
Node 0 FilePmdMapped:        0 kB
Node 0 HugePages_Total:     0
Node 0 HugePages_Free:      0
Node 0 HugePages_Surp:      0

Node 1 MemTotal:       24686196 kB
Node 1 MemFree:        24427196 kB
Node 1 MemUsed:          259000 kB
Node 1 Active:            67404 kB
Node 1 Inactive:          34684 kB
Node 1 Active(anon):      21648 kB
Node 1 Inactive(anon):      520 kB
Node 1 Active(file):      45756 kB
Node 1 Inactive(file):    34164 kB
Node 1 Unevictable:       17056 kB
Node 1 Mlocked:           17056 kB
Node 1 Dirty:               180 kB
Node 1 Writeback:             0 kB
Node 1 FilePages:         87420 kB
Node 1 Mapped:            37664 kB
Node 1 AnonPages:         31876 kB
Node 1 Shmem:               728 kB
Node 1 KernelStack:        1608 kB
Node 1 PageTables:          868 kB
Node 1 NFS_Unstable:          0 kB
Node 1 Bounce:                0 kB
Node 1 WritebackTmp:          0 kB
Node 1 KReclaimable:      22696 kB
Node 1 Slab:              61852 kB
Node 1 SReclaimable:      22696 kB
Node 1 SUnreclaim:        39156 kB
Node 1 AnonHugePages:         0 kB
Node 1 ShmemHugePages:        0 kB
Node 1 ShmemPmdMapped:        0 kB
Node 1 FileHugePages:        0 kB
Node 1 FilePmdMapped:        0 kB
Node 1 HugePages_Total:     0
Node 1 HugePages_Free:      0
Node 1 HugePages_Surp:      0

Load ZFS
Node 0 MemTotal:       24743736 kB
Node 0 MemFree:        24265404 kB
Node 0 MemUsed:          478332 kB
Node 0 Active:            37532 kB
Node 0 Inactive:         166064 kB
Node 0 Active(anon):      17716 kB
Node 0 Inactive(anon):      412 kB
Node 0 Active(file):      19816 kB
Node 0 Inactive(file):   165652 kB
Node 0 Unevictable:        1464 kB
Node 0 Mlocked:            1464 kB
Node 0 Dirty:               304 kB
Node 0 Writeback:             0 kB
Node 0 FilePages:        187480 kB
Node 0 Mapped:            32280 kB
Node 0 AnonPages:         17660 kB
Node 0 Shmem:               548 kB
Node 0 KernelStack:        2244 kB
Node 0 PageTables:          544 kB
Node 0 NFS_Unstable:          0 kB
Node 0 Bounce:                0 kB
Node 0 WritebackTmp:          0 kB
Node 0 KReclaimable:      21012 kB
Node 0 Slab:              49104 kB
Node 0 SReclaimable:      21012 kB
Node 0 SUnreclaim:        28092 kB
Node 0 AnonHugePages:         0 kB
Node 0 ShmemHugePages:        0 kB
Node 0 ShmemPmdMapped:        0 kB
Node 0 FileHugePages:        0 kB
Node 0 FilePmdMapped:        0 kB
Node 0 HugePages_Total:     0
Node 0 HugePages_Free:      0
Node 0 HugePages_Surp:      0

Node 1 MemTotal:       24686196 kB
Node 1 MemFree:        24382692 kB
Node 1 MemUsed:          303504 kB
Node 1 Active:            84256 kB
Node 1 Inactive:          54744 kB
Node 1 Active(anon):      37200 kB
Node 1 Inactive(anon):      528 kB
Node 1 Active(file):      47056 kB
Node 1 Inactive(file):    54216 kB
Node 1 Unevictable:       17272 kB
Node 1 Mlocked:           17272 kB
Node 1 Dirty:               332 kB
Node 1 Writeback:             0 kB
Node 1 FilePages:        108720 kB
Node 1 Mapped:            38916 kB
Node 1 AnonPages:         47220 kB
Node 1 Shmem:               720 kB
Node 1 KernelStack:        2072 kB
Node 1 PageTables:         2340 kB
Node 1 NFS_Unstable:          0 kB
Node 1 Bounce:                0 kB
Node 1 WritebackTmp:          0 kB
Node 1 KReclaimable:      23168 kB
Node 1 Slab:              64424 kB
Node 1 SReclaimable:      23168 kB
Node 1 SUnreclaim:        41256 kB
Node 1 AnonHugePages:         0 kB
Node 1 ShmemHugePages:        0 kB
Node 1 ShmemPmdMapped:        0 kB
Node 1 FileHugePages:        0 kB
Node 1 FilePmdMapped:        0 kB
Node 1 HugePages_Total:     0
Node 1 HugePages_Free:      0
Node 1 HugePages_Surp:      0

Import tank ZPool
Node 0 MemTotal:       24743736 kB
Node 0 MemFree:        24256676 kB
Node 0 MemUsed:          487060 kB
Node 0 Active:            32512 kB
Node 0 Inactive:         165752 kB
Node 0 Active(anon):      12444 kB
Node 0 Inactive(anon):      416 kB
Node 0 Active(file):      20068 kB
Node 0 Inactive(file):   165336 kB
Node 0 Unevictable:        1464 kB
Node 0 Mlocked:            1464 kB
Node 0 Dirty:                 8 kB
Node 0 Writeback:             0 kB
Node 0 FilePages:        187416 kB
Node 0 Mapped:            29352 kB
Node 0 AnonPages:         12312 kB
Node 0 Shmem:               548 kB
Node 0 KernelStack:        3176 kB
Node 0 PageTables:          324 kB
Node 0 NFS_Unstable:          0 kB
Node 0 Bounce:                0 kB
Node 0 WritebackTmp:          0 kB
Node 0 KReclaimable:      21028 kB
Node 0 Slab:              51276 kB
Node 0 SReclaimable:      21028 kB
Node 0 SUnreclaim:        30248 kB
Node 0 AnonHugePages:         0 kB
Node 0 ShmemHugePages:        0 kB
Node 0 ShmemPmdMapped:        0 kB
Node 0 FileHugePages:        0 kB
Node 0 FilePmdMapped:        0 kB
Node 0 HugePages_Total:     0
Node 0 HugePages_Free:      0
Node 0 HugePages_Surp:      0

Node 1 MemTotal:       24686196 kB
Node 1 MemFree:        24392908 kB
Node 1 MemUsed:          293288 kB
Node 1 Active:            68992 kB
Node 1 Inactive:          55748 kB
Node 1 Active(anon):      21220 kB
Node 1 Inactive(anon):      532 kB
Node 1 Active(file):      47772 kB
Node 1 Inactive(file):    55216 kB
Node 1 Unevictable:       17288 kB
Node 1 Mlocked:           17288 kB
Node 1 Dirty:                60 kB
Node 1 Writeback:             0 kB
Node 1 FilePages:        110468 kB
Node 1 Mapped:            37892 kB
Node 1 AnonPages:         31656 kB
Node 1 Shmem:               720 kB
Node 1 KernelStack:        1592 kB
Node 1 PageTables:          904 kB
Node 1 NFS_Unstable:          0 kB
Node 1 Bounce:                0 kB
Node 1 WritebackTmp:          0 kB
Node 1 KReclaimable:      23292 kB
Node 1 Slab:              68960 kB
Node 1 SReclaimable:      23292 kB
Node 1 SUnreclaim:        45668 kB
Node 1 AnonHugePages:         0 kB
Node 1 ShmemHugePages:        0 kB
Node 1 ShmemPmdMapped:        0 kB
Node 1 FileHugePages:        0 kB
Node 1 FilePmdMapped:        0 kB
Node 1 HugePages_Total:     0
Node 1 HugePages_Free:      0
Node 1 HugePages_Surp:      0

After Test
Node 0 MemTotal:       24743736 kB
Node 0 MemFree:        23846228 kB
Node 0 MemUsed:          897508 kB
Node 0 Active:            33280 kB
Node 0 Inactive:         165968 kB
Node 0 Active(anon):      12656 kB
Node 0 Inactive(anon):      412 kB
Node 0 Active(file):      20624 kB
Node 0 Inactive(file):   165556 kB
Node 0 Unevictable:        1464 kB
Node 0 Mlocked:            1464 kB
Node 0 Dirty:                 4 kB
Node 0 Writeback:             0 kB
Node 0 FilePages:        188196 kB
Node 0 Mapped:            29308 kB
Node 0 AnonPages:         12364 kB
Node 0 Shmem:               552 kB
Node 0 KernelStack:        3080 kB
Node 0 PageTables:          616 kB
Node 0 NFS_Unstable:          0 kB
Node 0 Bounce:                0 kB
Node 0 WritebackTmp:          0 kB
Node 0 KReclaimable:      21268 kB
Node 0 Slab:              53700 kB
Node 0 SReclaimable:      21268 kB
Node 0 SUnreclaim:        32432 kB
Node 0 AnonHugePages:         0 kB
Node 0 ShmemHugePages:        0 kB
Node 0 ShmemPmdMapped:        0 kB
Node 0 FileHugePages:        0 kB
Node 0 FilePmdMapped:        0 kB
Node 0 HugePages_Total:     0
Node 0 HugePages_Free:      0
Node 0 HugePages_Surp:      0

Node 1 MemTotal:       24686196 kB
Node 1 MemFree:        21748672 kB
Node 1 MemUsed:         2937524 kB
Node 1 Active:            69060 kB
Node 1 Inactive:         180228 kB
Node 1 Active(anon):      20876 kB
Node 1 Inactive(anon):      528 kB
Node 1 Active(file):      48184 kB
Node 1 Inactive(file):   179700 kB
Node 1 Unevictable:       17288 kB
Node 1 Mlocked:           17288 kB
Node 1 Dirty:                 0 kB
Node 1 Writeback:             0 kB
Node 1 FilePages:        235328 kB
Node 1 Mapped:            37708 kB
Node 1 AnonPages:         31244 kB
Node 1 Shmem:               716 kB
Node 1 KernelStack:        1592 kB
Node 1 PageTables:          792 kB
Node 1 NFS_Unstable:          0 kB
Node 1 Bounce:                0 kB
Node 1 WritebackTmp:          0 kB
Node 1 KReclaimable:      23580 kB
Node 1 Slab:              80916 kB
Node 1 SReclaimable:      23580 kB
Node 1 SUnreclaim:        57336 kB
Node 1 AnonHugePages:         0 kB
Node 1 ShmemHugePages:        0 kB
Node 1 ShmemPmdMapped:        0 kB
Node 1 FileHugePages:        0 kB
Node 1 FilePmdMapped:        0 kB
Node 1 HugePages_Total:     0
Node 1 HugePages_Free:      0
Node 1 HugePages_Surp:      0

After Opposite Node
Node 0 MemTotal:       24743736 kB
Node 0 MemFree:        23846244 kB
Node 0 MemUsed:          897492 kB
Node 0 Active:            32944 kB
Node 0 Inactive:         165932 kB
Node 0 Active(anon):      12280 kB
Node 0 Inactive(anon):      412 kB
Node 0 Active(file):      20664 kB
Node 0 Inactive(file):   165520 kB
Node 0 Unevictable:        1464 kB
Node 0 Mlocked:            1464 kB
Node 0 Dirty:                 8 kB
Node 0 Writeback:             0 kB
Node 0 FilePages:        188200 kB
Node 0 Mapped:            29328 kB
Node 0 AnonPages:         12144 kB
Node 0 Shmem:               552 kB
Node 0 KernelStack:        3064 kB
Node 0 PageTables:          324 kB
Node 0 NFS_Unstable:          0 kB
Node 0 Bounce:                0 kB
Node 0 WritebackTmp:          0 kB
Node 0 KReclaimable:      21268 kB
Node 0 Slab:              53640 kB
Node 0 SReclaimable:      21268 kB
Node 0 SUnreclaim:        32372 kB
Node 0 AnonHugePages:         0 kB
Node 0 ShmemHugePages:        0 kB
Node 0 ShmemPmdMapped:        0 kB
Node 0 FileHugePages:        0 kB
Node 0 FilePmdMapped:        0 kB
Node 0 HugePages_Total:     0
Node 0 HugePages_Free:      0
Node 0 HugePages_Surp:      0

Node 1 MemTotal:       24686196 kB
Node 1 MemFree:        21748456 kB
Node 1 MemUsed:         2937740 kB
Node 1 Active:            69604 kB
Node 1 Inactive:         180024 kB
Node 1 Active(anon):      21192 kB
Node 1 Inactive(anon):      528 kB
Node 1 Active(file):      48412 kB
Node 1 Inactive(file):   179496 kB
Node 1 Unevictable:       17288 kB
Node 1 Mlocked:           17288 kB
Node 1 Dirty:                12 kB
Node 1 Writeback:             0 kB
Node 1 FilePages:        235352 kB
Node 1 Mapped:            37692 kB
Node 1 AnonPages:         31404 kB
Node 1 Shmem:               716 kB
Node 1 KernelStack:        1528 kB
Node 1 PageTables:         1060 kB
Node 1 NFS_Unstable:          0 kB
Node 1 Bounce:                0 kB
Node 1 WritebackTmp:          0 kB
Node 1 KReclaimable:      23648 kB
Node 1 Slab:              81220 kB
Node 1 SReclaimable:      23648 kB
Node 1 SUnreclaim:        57572 kB
Node 1 AnonHugePages:         0 kB
Node 1 ShmemHugePages:        0 kB
Node 1 ShmemPmdMapped:        0 kB
Node 1 FileHugePages:        0 kB
Node 1 FilePmdMapped:        0 kB
Node 1 HugePages_Total:     0
Node 1 HugePages_Free:      0
Node 1 HugePages_Surp:      0

B.0.128M-simpleread.2G.3.O.1M Complete!
