kernel.numa_balancing = 0
B.0.1M-simpleread.2G.3.O.1M
Begin
Node 0 MemTotal:       24768352 kB
Node 0 MemFree:        24566916 kB
Node 0 MemUsed:          201436 kB
Node 0 Active:            31912 kB
Node 0 Inactive:          23484 kB
Node 0 Active(anon):      11888 kB
Node 0 Inactive(anon):      544 kB
Node 0 Active(file):      20024 kB
Node 0 Inactive(file):    22940 kB
Node 0 Unevictable:         964 kB
Node 0 Mlocked:             964 kB
Node 0 Dirty:               176 kB
Node 0 Writeback:             0 kB
Node 0 FilePages:         44752 kB
Node 0 Mapped:            11100 kB
Node 0 AnonPages:         11708 kB
Node 0 Shmem:               788 kB
Node 0 KernelStack:        2232 kB
Node 0 PageTables:          632 kB
Node 0 NFS_Unstable:          0 kB
Node 0 Bounce:                0 kB
Node 0 WritebackTmp:          0 kB
Node 0 KReclaimable:      19132 kB
Node 0 Slab:              58908 kB
Node 0 SReclaimable:      19132 kB
Node 0 SUnreclaim:        39776 kB
Node 0 AnonHugePages:         0 kB
Node 0 ShmemHugePages:        0 kB
Node 0 ShmemPmdMapped:        0 kB
Node 0 FileHugePages:        0 kB
Node 0 FilePmdMapped:        0 kB
Node 0 HugePages_Total:     0
Node 0 HugePages_Free:      0
Node 0 HugePages_Surp:      0

Node 1 MemTotal:       24661580 kB
Node 1 MemFree:        24248044 kB
Node 1 MemUsed:          413536 kB
Node 1 Active:            67964 kB
Node 1 Inactive:          65784 kB
Node 1 Active(anon):      24828 kB
Node 1 Inactive(anon):      336 kB
Node 1 Active(file):      43136 kB
Node 1 Inactive(file):    65448 kB
Node 1 Unevictable:       17560 kB
Node 1 Mlocked:           17560 kB
Node 1 Dirty:               432 kB
Node 1 Writeback:             0 kB
Node 1 FilePages:        116328 kB
Node 1 Mapped:            29500 kB
Node 1 AnonPages:         34748 kB
Node 1 Shmem:               484 kB
Node 1 KernelStack:        1432 kB
Node 1 PageTables:          600 kB
Node 1 NFS_Unstable:          0 kB
Node 1 Bounce:                0 kB
Node 1 WritebackTmp:          0 kB
Node 1 KReclaimable:      22976 kB
Node 1 Slab:              48532 kB
Node 1 SReclaimable:      22976 kB
Node 1 SUnreclaim:        25556 kB
Node 1 AnonHugePages:         0 kB
Node 1 ShmemHugePages:        0 kB
Node 1 ShmemPmdMapped:        0 kB
Node 1 FileHugePages:        0 kB
Node 1 FilePmdMapped:        0 kB
Node 1 HugePages_Total:     0
Node 1 HugePages_Free:      0
Node 1 HugePages_Surp:      0

Load ZFS
Node 0 MemTotal:       24768352 kB
Node 0 MemFree:        24313204 kB
Node 0 MemUsed:          455148 kB
Node 0 Active:            46208 kB
Node 0 Inactive:         124212 kB
Node 0 Active(anon):      23152 kB
Node 0 Inactive(anon):      460 kB
Node 0 Active(file):      23056 kB
Node 0 Inactive(file):   123752 kB
Node 0 Unevictable:         964 kB
Node 0 Mlocked:             964 kB
Node 0 Dirty:               484 kB
Node 0 Writeback:             0 kB
Node 0 FilePages:        148832 kB
Node 0 Mapped:            12520 kB
Node 0 AnonPages:         22916 kB
Node 0 Shmem:               624 kB
Node 0 KernelStack:        2544 kB
Node 0 PageTables:         1676 kB
Node 0 NFS_Unstable:          0 kB
Node 0 Bounce:                0 kB
Node 0 WritebackTmp:          0 kB
Node 0 KReclaimable:      20264 kB
Node 0 Slab:              62384 kB
Node 0 SReclaimable:      20264 kB
Node 0 SUnreclaim:        42120 kB
Node 0 AnonHugePages:         0 kB
Node 0 ShmemHugePages:        0 kB
Node 0 ShmemPmdMapped:        0 kB
Node 0 FileHugePages:        0 kB
Node 0 FilePmdMapped:        0 kB
Node 0 HugePages_Total:     0
Node 0 HugePages_Free:      0
Node 0 HugePages_Surp:      0

Node 1 MemTotal:       24661580 kB
Node 1 MemFree:        24323820 kB
Node 1 MemUsed:          337760 kB
Node 1 Active:            80740 kB
Node 1 Inactive:         103584 kB
Node 1 Active(anon):      34436 kB
Node 1 Inactive(anon):      476 kB
Node 1 Active(file):      46304 kB
Node 1 Inactive(file):   103108 kB
Node 1 Unevictable:       17776 kB
Node 1 Mlocked:           17776 kB
Node 1 Dirty:               280 kB
Node 1 Writeback:             0 kB
Node 1 FilePages:        157284 kB
Node 1 Mapped:            32056 kB
Node 1 AnonPages:         44768 kB
Node 1 Shmem:               644 kB
Node 1 KernelStack:        1532 kB
Node 1 PageTables:          732 kB
Node 1 NFS_Unstable:          0 kB
Node 1 Bounce:                0 kB
Node 1 WritebackTmp:          0 kB
Node 1 KReclaimable:      23804 kB
Node 1 Slab:              50908 kB
Node 1 SReclaimable:      23804 kB
Node 1 SUnreclaim:        27104 kB
Node 1 AnonHugePages:         0 kB
Node 1 ShmemHugePages:        0 kB
Node 1 ShmemPmdMapped:        0 kB
Node 1 FileHugePages:        0 kB
Node 1 FilePmdMapped:        0 kB
Node 1 HugePages_Total:     0
Node 1 HugePages_Free:      0
Node 1 HugePages_Surp:      0

Import tank ZPool
Node 0 MemTotal:       24768352 kB
Node 0 MemFree:        24313660 kB
Node 0 MemUsed:          454692 kB
Node 0 Active:            33876 kB
Node 0 Inactive:         124364 kB
Node 0 Active(anon):      10600 kB
Node 0 Inactive(anon):      464 kB
Node 0 Active(file):      23276 kB
Node 0 Inactive(file):   123900 kB
Node 0 Unevictable:         964 kB
Node 0 Mlocked:             964 kB
Node 0 Dirty:               520 kB
Node 0 Writeback:             0 kB
Node 0 FilePages:        148760 kB
Node 0 Mapped:            11492 kB
Node 0 AnonPages:         10476 kB
Node 0 Shmem:               620 kB
Node 0 KernelStack:        3404 kB
Node 0 PageTables:         1148 kB
Node 0 NFS_Unstable:          0 kB
Node 0 Bounce:                0 kB
Node 0 WritebackTmp:          0 kB
Node 0 KReclaimable:      20292 kB
Node 0 Slab:              64408 kB
Node 0 SReclaimable:      20292 kB
Node 0 SUnreclaim:        44116 kB
Node 0 AnonHugePages:         0 kB
Node 0 ShmemHugePages:        0 kB
Node 0 ShmemPmdMapped:        0 kB
Node 0 FileHugePages:        0 kB
Node 0 FilePmdMapped:        0 kB
Node 0 HugePages_Total:     0
Node 0 HugePages_Free:      0
Node 0 HugePages_Surp:      0

Node 1 MemTotal:       24661580 kB
Node 1 MemFree:        24325520 kB
Node 1 MemUsed:          336060 kB
Node 1 Active:            71096 kB
Node 1 Inactive:         104344 kB
Node 1 Active(anon):      24004 kB
Node 1 Inactive(anon):      484 kB
Node 1 Active(file):      47092 kB
Node 1 Inactive(file):   103860 kB
Node 1 Unevictable:       17792 kB
Node 1 Mlocked:           17792 kB
Node 1 Dirty:               196 kB
Node 1 Writeback:             0 kB
Node 1 FilePages:        158844 kB
Node 1 Mapped:            30284 kB
Node 1 AnonPages:         34060 kB
Node 1 Shmem:               648 kB
Node 1 KernelStack:        1528 kB
Node 1 PageTables:          932 kB
Node 1 NFS_Unstable:          0 kB
Node 1 Bounce:                0 kB
Node 1 WritebackTmp:          0 kB
Node 1 KReclaimable:      23944 kB
Node 1 Slab:              56204 kB
Node 1 SReclaimable:      23944 kB
Node 1 SUnreclaim:        32260 kB
Node 1 AnonHugePages:         0 kB
Node 1 ShmemHugePages:        0 kB
Node 1 ShmemPmdMapped:        0 kB
Node 1 FileHugePages:        0 kB
Node 1 FilePmdMapped:        0 kB
Node 1 HugePages_Total:     0
Node 1 HugePages_Free:      0
Node 1 HugePages_Surp:      0

After Test
Node 0 MemTotal:       24768352 kB
Node 0 MemFree:        21498440 kB
Node 0 MemUsed:         3269912 kB
Node 0 Active:            33852 kB
Node 0 Inactive:         125308 kB
Node 0 Active(anon):      10100 kB
Node 0 Inactive(anon):      460 kB
Node 0 Active(file):      23752 kB
Node 0 Inactive(file):   124848 kB
Node 0 Unevictable:         964 kB
Node 0 Mlocked:             964 kB
Node 0 Dirty:                24 kB
Node 0 Writeback:             0 kB
Node 0 FilePages:        150184 kB
Node 0 Mapped:            11156 kB
Node 0 AnonPages:          9572 kB
Node 0 Shmem:               620 kB
Node 0 KernelStack:        3192 kB
Node 0 PageTables:          420 kB
Node 0 NFS_Unstable:          0 kB
Node 0 Bounce:                0 kB
Node 0 WritebackTmp:          0 kB
Node 0 KReclaimable:      20324 kB
Node 0 Slab:              77360 kB
Node 0 SReclaimable:      20324 kB
Node 0 SUnreclaim:        57036 kB
Node 0 AnonHugePages:         0 kB
Node 0 ShmemHugePages:        0 kB
Node 0 ShmemPmdMapped:        0 kB
Node 0 FileHugePages:        0 kB
Node 0 FilePmdMapped:        0 kB
Node 0 HugePages_Total:     0
Node 0 HugePages_Free:      0
Node 0 HugePages_Surp:      0

Node 1 MemTotal:       24661580 kB
Node 1 MemFree:        24209532 kB
Node 1 MemUsed:          452048 kB
Node 1 Active:            71220 kB
Node 1 Inactive:         104020 kB
Node 1 Active(anon):      23580 kB
Node 1 Inactive(anon):      480 kB
Node 1 Active(file):      47640 kB
Node 1 Inactive(file):   103540 kB
Node 1 Unevictable:       17792 kB
Node 1 Mlocked:           17792 kB
Node 1 Dirty:                20 kB
Node 1 Writeback:             0 kB
Node 1 FilePages:        159060 kB
Node 1 Mapped:            29336 kB
Node 1 AnonPages:         33992 kB
Node 1 Shmem:               648 kB
Node 1 KernelStack:        1432 kB
Node 1 PageTables:          632 kB
Node 1 NFS_Unstable:          0 kB
Node 1 Bounce:                0 kB
Node 1 WritebackTmp:          0 kB
Node 1 KReclaimable:      23996 kB
Node 1 Slab:              56320 kB
Node 1 SReclaimable:      23996 kB
Node 1 SUnreclaim:        32324 kB
Node 1 AnonHugePages:         0 kB
Node 1 ShmemHugePages:        0 kB
Node 1 ShmemPmdMapped:        0 kB
Node 1 FileHugePages:        0 kB
Node 1 FilePmdMapped:        0 kB
Node 1 HugePages_Total:     0
Node 1 HugePages_Free:      0
Node 1 HugePages_Surp:      0

After Opposite Node
Node 0 MemTotal:       24768352 kB
Node 0 MemFree:        21498672 kB
Node 0 MemUsed:         3269680 kB
Node 0 Active:            33644 kB
Node 0 Inactive:         125096 kB
Node 0 Active(anon):       9676 kB
Node 0 Inactive(anon):      460 kB
Node 0 Active(file):      23968 kB
Node 0 Inactive(file):   124636 kB
Node 0 Unevictable:         964 kB
Node 0 Mlocked:             964 kB
Node 0 Dirty:                32 kB
Node 0 Writeback:             0 kB
Node 0 FilePages:        150188 kB
Node 0 Mapped:            11144 kB
Node 0 AnonPages:          9536 kB
Node 0 Shmem:               620 kB
Node 0 KernelStack:        3176 kB
Node 0 PageTables:          368 kB
Node 0 NFS_Unstable:          0 kB
Node 0 Bounce:                0 kB
Node 0 WritebackTmp:          0 kB
Node 0 KReclaimable:      20324 kB
Node 0 Slab:              77560 kB
Node 0 SReclaimable:      20324 kB
Node 0 SUnreclaim:        57236 kB
Node 0 AnonHugePages:         0 kB
Node 0 ShmemHugePages:        0 kB
Node 0 ShmemPmdMapped:        0 kB
Node 0 FileHugePages:        0 kB
Node 0 FilePmdMapped:        0 kB
Node 0 HugePages_Total:     0
Node 0 HugePages_Free:      0
Node 0 HugePages_Surp:      0

Node 1 MemTotal:       24661580 kB
Node 1 MemFree:        24211628 kB
Node 1 MemUsed:          449952 kB
Node 1 Active:            71796 kB
Node 1 Inactive:         103972 kB
Node 1 Active(anon):      24072 kB
Node 1 Inactive(anon):      480 kB
Node 1 Active(file):      47724 kB
Node 1 Inactive(file):   103492 kB
Node 1 Unevictable:       17792 kB
Node 1 Mlocked:           17792 kB
Node 1 Dirty:                32 kB
Node 1 Writeback:             0 kB
Node 1 FilePages:        159092 kB
Node 1 Mapped:            29356 kB
Node 1 AnonPages:         34468 kB
Node 1 Shmem:               648 kB
Node 1 KernelStack:        1448 kB
Node 1 PageTables:          684 kB
Node 1 NFS_Unstable:          0 kB
Node 1 Bounce:                0 kB
Node 1 WritebackTmp:          0 kB
Node 1 KReclaimable:      24028 kB
Node 1 Slab:              56392 kB
Node 1 SReclaimable:      24028 kB
Node 1 SUnreclaim:        32364 kB
Node 1 AnonHugePages:         0 kB
Node 1 ShmemHugePages:        0 kB
Node 1 ShmemPmdMapped:        0 kB
Node 1 FileHugePages:        0 kB
Node 1 FilePmdMapped:        0 kB
Node 1 HugePages_Total:     0
Node 1 HugePages_Free:      0
Node 1 HugePages_Surp:      0

B.0.1M-simpleread.2G.3.O.1M Complete!
