kernel.numa_balancing = 0
B.0.1M-simpleread.4G.2.O.1M
Begin
Node 0 MemTotal:       24768352 kB
Node 0 MemFree:        24353036 kB
Node 0 MemUsed:          415316 kB
Node 0 Active:            66016 kB
Node 0 Inactive:          57336 kB
Node 0 Active(anon):      18660 kB
Node 0 Inactive(anon):      356 kB
Node 0 Active(file):      47356 kB
Node 0 Inactive(file):    56980 kB
Node 0 Unevictable:       18188 kB
Node 0 Mlocked:           18188 kB
Node 0 Dirty:               116 kB
Node 0 Writeback:             0 kB
Node 0 FilePages:        112812 kB
Node 0 Mapped:            26292 kB
Node 0 AnonPages:         28776 kB
Node 0 Shmem:               564 kB
Node 0 KernelStack:        2104 kB
Node 0 PageTables:          464 kB
Node 0 NFS_Unstable:          0 kB
Node 0 Bounce:                0 kB
Node 0 WritebackTmp:          0 kB
Node 0 KReclaimable:      19468 kB
Node 0 Slab:              54064 kB
Node 0 SReclaimable:      19468 kB
Node 0 SUnreclaim:        34596 kB
Node 0 AnonHugePages:         0 kB
Node 0 ShmemHugePages:        0 kB
Node 0 ShmemPmdMapped:        0 kB
Node 0 FileHugePages:        0 kB
Node 0 FilePmdMapped:        0 kB
Node 0 HugePages_Total:     0
Node 0 HugePages_Free:      0
Node 0 HugePages_Surp:      0

Node 1 MemTotal:       24661580 kB
Node 1 MemFree:        24457812 kB
Node 1 MemUsed:          203768 kB
Node 1 Active:            29552 kB
Node 1 Inactive:          41556 kB
Node 1 Active(anon):      15188 kB
Node 1 Inactive(anon):      528 kB
Node 1 Active(file):      14364 kB
Node 1 Inactive(file):    41028 kB
Node 1 Unevictable:         336 kB
Node 1 Mlocked:             336 kB
Node 1 Dirty:               396 kB
Node 1 Writeback:             0 kB
Node 1 FilePages:         56428 kB
Node 1 Mapped:            23300 kB
Node 1 AnonPages:         15116 kB
Node 1 Shmem:               704 kB
Node 1 KernelStack:        1496 kB
Node 1 PageTables:          628 kB
Node 1 NFS_Unstable:          0 kB
Node 1 Bounce:                0 kB
Node 1 WritebackTmp:          0 kB
Node 1 KReclaimable:      22544 kB
Node 1 Slab:              51992 kB
Node 1 SReclaimable:      22544 kB
Node 1 SUnreclaim:        29448 kB
Node 1 AnonHugePages:         0 kB
Node 1 ShmemHugePages:        0 kB
Node 1 ShmemPmdMapped:        0 kB
Node 1 FileHugePages:        0 kB
Node 1 FilePmdMapped:        0 kB
Node 1 HugePages_Total:     0
Node 1 HugePages_Free:      0
Node 1 HugePages_Surp:      0

Load ZFS
Node 0 MemTotal:       24768352 kB
Node 0 MemFree:        24255068 kB
Node 0 MemUsed:          513284 kB
Node 0 Active:            77596 kB
Node 0 Inactive:         137808 kB
Node 0 Active(anon):      28836 kB
Node 0 Inactive(anon):      464 kB
Node 0 Active(file):      48760 kB
Node 0 Inactive(file):   137344 kB
Node 0 Unevictable:       18404 kB
Node 0 Mlocked:           18404 kB
Node 0 Dirty:               208 kB
Node 0 Writeback:             0 kB
Node 0 FilePages:        194608 kB
Node 0 Mapped:            28104 kB
Node 0 AnonPages:         39492 kB
Node 0 Shmem:               644 kB
Node 0 KernelStack:        2308 kB
Node 0 PageTables:         1380 kB
Node 0 NFS_Unstable:          0 kB
Node 0 Bounce:                0 kB
Node 0 WritebackTmp:          0 kB
Node 0 KReclaimable:      20332 kB
Node 0 Slab:              58548 kB
Node 0 SReclaimable:      20332 kB
Node 0 SUnreclaim:        38216 kB
Node 0 AnonHugePages:         0 kB
Node 0 ShmemHugePages:        0 kB
Node 0 ShmemPmdMapped:        0 kB
Node 0 FileHugePages:        0 kB
Node 0 FilePmdMapped:        0 kB
Node 0 HugePages_Total:     0
Node 0 HugePages_Free:      0
Node 0 HugePages_Surp:      0

Node 1 MemTotal:       24661580 kB
Node 1 MemFree:        24414012 kB
Node 1 MemUsed:          247568 kB
Node 1 Active:            41612 kB
Node 1 Inactive:          64600 kB
Node 1 Active(anon):      26252 kB
Node 1 Inactive(anon):      488 kB
Node 1 Active(file):      15360 kB
Node 1 Inactive(file):    64112 kB
Node 1 Unevictable:         336 kB
Node 1 Mlocked:             336 kB
Node 1 Dirty:               364 kB
Node 1 Writeback:             0 kB
Node 1 FilePages:         80428 kB
Node 1 Mapped:            25460 kB
Node 1 AnonPages:         26272 kB
Node 1 Shmem:               624 kB
Node 1 KernelStack:        1896 kB
Node 1 PageTables:         1372 kB
Node 1 NFS_Unstable:          0 kB
Node 1 Bounce:                0 kB
Node 1 WritebackTmp:          0 kB
Node 1 KReclaimable:      23344 kB
Node 1 Slab:              54456 kB
Node 1 SReclaimable:      23344 kB
Node 1 SUnreclaim:        31112 kB
Node 1 AnonHugePages:         0 kB
Node 1 ShmemHugePages:        0 kB
Node 1 ShmemPmdMapped:        0 kB
Node 1 FileHugePages:        0 kB
Node 1 FilePmdMapped:        0 kB
Node 1 HugePages_Total:     0
Node 1 HugePages_Free:      0
Node 1 HugePages_Surp:      0

Import tank ZPool
Node 0 MemTotal:       24768352 kB
Node 0 MemFree:        24259028 kB
Node 0 MemUsed:          509324 kB
Node 0 Active:            69308 kB
Node 0 Inactive:         138628 kB
Node 0 Active(anon):      19628 kB
Node 0 Inactive(anon):      472 kB
Node 0 Active(file):      49680 kB
Node 0 Inactive(file):   138156 kB
Node 0 Unevictable:       18420 kB
Node 0 Mlocked:           18420 kB
Node 0 Dirty:               164 kB
Node 0 Writeback:             0 kB
Node 0 FilePages:        196344 kB
Node 0 Mapped:            26456 kB
Node 0 AnonPages:         29640 kB
Node 0 Shmem:               648 kB
Node 0 KernelStack:        1976 kB
Node 0 PageTables:          616 kB
Node 0 NFS_Unstable:          0 kB
Node 0 Bounce:                0 kB
Node 0 WritebackTmp:          0 kB
Node 0 KReclaimable:      20508 kB
Node 0 Slab:              63296 kB
Node 0 SReclaimable:      20508 kB
Node 0 SUnreclaim:        42788 kB
Node 0 AnonHugePages:         0 kB
Node 0 ShmemHugePages:        0 kB
Node 0 ShmemPmdMapped:        0 kB
Node 0 FileHugePages:        0 kB
Node 0 FilePmdMapped:        0 kB
Node 0 HugePages_Total:     0
Node 0 HugePages_Free:      0
Node 0 HugePages_Surp:      0

Node 1 MemTotal:       24661580 kB
Node 1 MemFree:        24411556 kB
Node 1 MemUsed:          250024 kB
Node 1 Active:            30188 kB
Node 1 Inactive:          64180 kB
Node 1 Active(anon):      14408 kB
Node 1 Inactive(anon):      484 kB
Node 1 Active(file):      15780 kB
Node 1 Inactive(file):    63696 kB
Node 1 Unevictable:         336 kB
Node 1 Mlocked:             336 kB
Node 1 Dirty:               368 kB
Node 1 Writeback:             0 kB
Node 1 FilePages:         80428 kB
Node 1 Mapped:            23372 kB
Node 1 AnonPages:         14272 kB
Node 1 Shmem:               620 kB
Node 1 KernelStack:        2760 kB
Node 1 PageTables:          548 kB
Node 1 NFS_Unstable:          0 kB
Node 1 Bounce:                0 kB
Node 1 WritebackTmp:          0 kB
Node 1 KReclaimable:      23356 kB
Node 1 Slab:              56640 kB
Node 1 SReclaimable:      23356 kB
Node 1 SUnreclaim:        33284 kB
Node 1 AnonHugePages:         0 kB
Node 1 ShmemHugePages:        0 kB
Node 1 ShmemPmdMapped:        0 kB
Node 1 FileHugePages:        0 kB
Node 1 FilePmdMapped:        0 kB
Node 1 HugePages_Total:     0
Node 1 HugePages_Free:      0
Node 1 HugePages_Surp:      0

After Test
Node 0 MemTotal:       24768352 kB
Node 0 MemFree:        19715196 kB
Node 0 MemUsed:         5053156 kB
Node 0 Active:            70084 kB
Node 0 Inactive:         139372 kB
Node 0 Active(anon):      19656 kB
Node 0 Inactive(anon):      468 kB
Node 0 Active(file):      50428 kB
Node 0 Inactive(file):   138904 kB
Node 0 Unevictable:       18420 kB
Node 0 Mlocked:           18420 kB
Node 0 Dirty:                12 kB
Node 0 Writeback:             0 kB
Node 0 FilePages:        197844 kB
Node 0 Mapped:            26332 kB
Node 0 AnonPages:         29664 kB
Node 0 Shmem:               644 kB
Node 0 KernelStack:        1864 kB
Node 0 PageTables:          548 kB
Node 0 NFS_Unstable:          0 kB
Node 0 Bounce:                0 kB
Node 0 WritebackTmp:          0 kB
Node 0 KReclaimable:      20612 kB
Node 0 Slab:              81112 kB
Node 0 SReclaimable:      20612 kB
Node 0 SUnreclaim:        60500 kB
Node 0 AnonHugePages:         0 kB
Node 0 ShmemHugePages:        0 kB
Node 0 ShmemPmdMapped:        0 kB
Node 0 FileHugePages:        0 kB
Node 0 FilePmdMapped:        0 kB
Node 0 HugePages_Total:     0
Node 0 HugePages_Free:      0
Node 0 HugePages_Surp:      0

Node 1 MemTotal:       24661580 kB
Node 1 MemFree:        23915740 kB
Node 1 MemUsed:          745840 kB
Node 1 Active:            30112 kB
Node 1 Inactive:          64108 kB
Node 1 Active(anon):      14256 kB
Node 1 Inactive(anon):      488 kB
Node 1 Active(file):      15856 kB
Node 1 Inactive(file):    63620 kB
Node 1 Unevictable:         336 kB
Node 1 Mlocked:             336 kB
Node 1 Dirty:                16 kB
Node 1 Writeback:             0 kB
Node 1 FilePages:         80432 kB
Node 1 Mapped:            23368 kB
Node 1 AnonPages:         14128 kB
Node 1 Shmem:               624 kB
Node 1 KernelStack:        2712 kB
Node 1 PageTables:          548 kB
Node 1 NFS_Unstable:          0 kB
Node 1 Bounce:                0 kB
Node 1 WritebackTmp:          0 kB
Node 1 KReclaimable:      23548 kB
Node 1 Slab:              58988 kB
Node 1 SReclaimable:      23548 kB
Node 1 SUnreclaim:        35440 kB
Node 1 AnonHugePages:         0 kB
Node 1 ShmemHugePages:        0 kB
Node 1 ShmemPmdMapped:        0 kB
Node 1 FileHugePages:        0 kB
Node 1 FilePmdMapped:        0 kB
Node 1 HugePages_Total:     0
Node 1 HugePages_Free:      0
Node 1 HugePages_Surp:      0

After Opposite Node
Node 0 MemTotal:       24768352 kB
Node 0 MemFree:        19715516 kB
Node 0 MemUsed:         5052836 kB
Node 0 Active:            69712 kB
Node 0 Inactive:         139352 kB
Node 0 Active(anon):      19244 kB
Node 0 Inactive(anon):      464 kB
Node 0 Active(file):      50468 kB
Node 0 Inactive(file):   138888 kB
Node 0 Unevictable:       18420 kB
Node 0 Mlocked:           18420 kB
Node 0 Dirty:                28 kB
Node 0 Writeback:             0 kB
Node 0 FilePages:        197860 kB
Node 0 Mapped:            26332 kB
Node 0 AnonPages:         29644 kB
Node 0 Shmem:               644 kB
Node 0 KernelStack:        1848 kB
Node 0 PageTables:          500 kB
Node 0 NFS_Unstable:          0 kB
Node 0 Bounce:                0 kB
Node 0 WritebackTmp:          0 kB
Node 0 KReclaimable:      20612 kB
Node 0 Slab:              81332 kB
Node 0 SReclaimable:      20612 kB
Node 0 SUnreclaim:        60720 kB
Node 0 AnonHugePages:         0 kB
Node 0 ShmemHugePages:        0 kB
Node 0 ShmemPmdMapped:        0 kB
Node 0 FileHugePages:        0 kB
Node 0 FilePmdMapped:        0 kB
Node 0 HugePages_Total:     0
Node 0 HugePages_Free:      0
Node 0 HugePages_Surp:      0

Node 1 MemTotal:       24661580 kB
Node 1 MemFree:        23916504 kB
Node 1 MemUsed:          745076 kB
Node 1 Active:            30832 kB
Node 1 Inactive:          63860 kB
Node 1 Active(anon):      14720 kB
Node 1 Inactive(anon):      484 kB
Node 1 Active(file):      16112 kB
Node 1 Inactive(file):    63376 kB
Node 1 Unevictable:         336 kB
Node 1 Mlocked:             336 kB
Node 1 Dirty:                20 kB
Node 1 Writeback:             0 kB
Node 1 FilePages:         80444 kB
Node 1 Mapped:            23364 kB
Node 1 AnonPages:         14584 kB
Node 1 Shmem:               624 kB
Node 1 KernelStack:        2728 kB
Node 1 PageTables:          608 kB
Node 1 NFS_Unstable:          0 kB
Node 1 Bounce:                0 kB
Node 1 WritebackTmp:          0 kB
Node 1 KReclaimable:      23580 kB
Node 1 Slab:              59092 kB
Node 1 SReclaimable:      23580 kB
Node 1 SUnreclaim:        35512 kB
Node 1 AnonHugePages:         0 kB
Node 1 ShmemHugePages:        0 kB
Node 1 ShmemPmdMapped:        0 kB
Node 1 FileHugePages:        0 kB
Node 1 FilePmdMapped:        0 kB
Node 1 HugePages_Total:     0
Node 1 HugePages_Free:      0
Node 1 HugePages_Surp:      0

B.0.1M-simpleread.4G.2.O.1M Complete!
