kernel.numa_balancing = 0
B.0.128M-simpleread.4G.2.O.1M
Begin
Node 0 MemTotal:       24768352 kB
Node 0 MemFree:        24368856 kB
Node 0 MemUsed:          399496 kB
Node 0 Active:            32516 kB
Node 0 Inactive:          79816 kB
Node 0 Active(anon):       9396 kB
Node 0 Inactive(anon):      332 kB
Node 0 Active(file):      23120 kB
Node 0 Inactive(file):    79484 kB
Node 0 Unevictable:       17240 kB
Node 0 Mlocked:           17240 kB
Node 0 Dirty:               164 kB
Node 0 Writeback:             0 kB
Node 0 FilePages:        110020 kB
Node 0 Mapped:            65476 kB
Node 0 AnonPages:         19612 kB
Node 0 Shmem:               504 kB
Node 0 KernelStack:        2040 kB
Node 0 PageTables:          696 kB
Node 0 NFS_Unstable:          0 kB
Node 0 Bounce:                0 kB
Node 0 WritebackTmp:          0 kB
Node 0 KReclaimable:      21816 kB
Node 0 Slab:              53576 kB
Node 0 SReclaimable:      21816 kB
Node 0 SUnreclaim:        31760 kB
Node 0 AnonHugePages:         0 kB
Node 0 ShmemHugePages:        0 kB
Node 0 ShmemPmdMapped:        0 kB
Node 0 FileHugePages:        0 kB
Node 0 FilePmdMapped:        0 kB
Node 0 HugePages_Total:     0
Node 0 HugePages_Free:      0
Node 0 HugePages_Surp:      0

Node 1 MemTotal:       24661580 kB
Node 1 MemFree:        24398676 kB
Node 1 MemUsed:          262904 kB
Node 1 Active:            64908 kB
Node 1 Inactive:          58244 kB
Node 1 Active(anon):      24220 kB
Node 1 Inactive(anon):      540 kB
Node 1 Active(file):      40688 kB
Node 1 Inactive(file):    57704 kB
Node 1 Unevictable:        1280 kB
Node 1 Mlocked:            1280 kB
Node 1 Dirty:               384 kB
Node 1 Writeback:             0 kB
Node 1 FilePages:        100580 kB
Node 1 Mapped:            16772 kB
Node 1 AnonPages:         24052 kB
Node 1 Shmem:               764 kB
Node 1 KernelStack:        1608 kB
Node 1 PageTables:          532 kB
Node 1 NFS_Unstable:          0 kB
Node 1 Bounce:                0 kB
Node 1 WritebackTmp:          0 kB
Node 1 KReclaimable:      19768 kB
Node 1 Slab:              52056 kB
Node 1 SReclaimable:      19768 kB
Node 1 SUnreclaim:        32288 kB
Node 1 AnonHugePages:         0 kB
Node 1 ShmemHugePages:        0 kB
Node 1 ShmemPmdMapped:        0 kB
Node 1 FileHugePages:        0 kB
Node 1 FilePmdMapped:        0 kB
Node 1 HugePages_Total:     0
Node 1 HugePages_Free:      0
Node 1 HugePages_Surp:      0

Load ZFS
Node 0 MemTotal:       24768352 kB
Node 0 MemFree:        24261032 kB
Node 0 MemUsed:          507320 kB
Node 0 Active:            46936 kB
Node 0 Inactive:         164252 kB
Node 0 Active(anon):      23164 kB
Node 0 Inactive(anon):      528 kB
Node 0 Active(file):      23772 kB
Node 0 Inactive(file):   163724 kB
Node 0 Unevictable:       17456 kB
Node 0 Mlocked:           17456 kB
Node 0 Dirty:               508 kB
Node 0 Writeback:             0 kB
Node 0 FilePages:        195100 kB
Node 0 Mapped:            67280 kB
Node 0 AnonPages:         33440 kB
Node 0 Shmem:               692 kB
Node 0 KernelStack:        2484 kB
Node 0 PageTables:         1672 kB
Node 0 NFS_Unstable:          0 kB
Node 0 Bounce:                0 kB
Node 0 WritebackTmp:          0 kB
Node 0 KReclaimable:      22820 kB
Node 0 Slab:              58008 kB
Node 0 SReclaimable:      22820 kB
Node 0 SUnreclaim:        35188 kB
Node 0 AnonHugePages:         0 kB
Node 0 ShmemHugePages:        0 kB
Node 0 ShmemPmdMapped:        0 kB
Node 0 FileHugePages:        0 kB
Node 0 FilePmdMapped:        0 kB
Node 0 HugePages_Total:     0
Node 0 HugePages_Free:      0
Node 0 HugePages_Surp:      0

Node 1 MemTotal:       24661580 kB
Node 1 MemFree:        24361120 kB
Node 1 MemUsed:          300460 kB
Node 1 Active:            78376 kB
Node 1 Inactive:          77280 kB
Node 1 Active(anon):      35928 kB
Node 1 Inactive(anon):      416 kB
Node 1 Active(file):      42448 kB
Node 1 Inactive(file):    76864 kB
Node 1 Unevictable:        1280 kB
Node 1 Mlocked:            1280 kB
Node 1 Dirty:               260 kB
Node 1 Writeback:             0 kB
Node 1 FilePages:        121168 kB
Node 1 Mapped:            19324 kB
Node 1 AnonPages:         35916 kB
Node 1 Shmem:               576 kB
Node 1 KernelStack:        1752 kB
Node 1 PageTables:         1296 kB
Node 1 NFS_Unstable:          0 kB
Node 1 Bounce:                0 kB
Node 1 WritebackTmp:          0 kB
Node 1 KReclaimable:      20476 kB
Node 1 Slab:              55584 kB
Node 1 SReclaimable:      20476 kB
Node 1 SUnreclaim:        35108 kB
Node 1 AnonHugePages:         0 kB
Node 1 ShmemHugePages:        0 kB
Node 1 ShmemPmdMapped:        0 kB
Node 1 FileHugePages:        0 kB
Node 1 FilePmdMapped:        0 kB
Node 1 HugePages_Total:     0
Node 1 HugePages_Free:      0
Node 1 HugePages_Surp:      0

Import tank ZPool
Node 0 MemTotal:       24768352 kB
Node 0 MemFree:        24261824 kB
Node 0 MemUsed:          506528 kB
Node 0 Active:            33588 kB
Node 0 Inactive:         164076 kB
Node 0 Active(anon):       9632 kB
Node 0 Inactive(anon):      532 kB
Node 0 Active(file):      23956 kB
Node 0 Inactive(file):   163544 kB
Node 0 Unevictable:       17472 kB
Node 0 Mlocked:           17472 kB
Node 0 Dirty:               572 kB
Node 0 Writeback:             0 kB
Node 0 FilePages:        195100 kB
Node 0 Mapped:            65784 kB
Node 0 AnonPages:         20036 kB
Node 0 Shmem:               688 kB
Node 0 KernelStack:        3240 kB
Node 0 PageTables:          756 kB
Node 0 NFS_Unstable:          0 kB
Node 0 Bounce:                0 kB
Node 0 WritebackTmp:          0 kB
Node 0 KReclaimable:      22836 kB
Node 0 Slab:              60328 kB
Node 0 SReclaimable:      22836 kB
Node 0 SUnreclaim:        37492 kB
Node 0 AnonHugePages:         0 kB
Node 0 ShmemHugePages:        0 kB
Node 0 ShmemPmdMapped:        0 kB
Node 0 FileHugePages:        0 kB
Node 0 FilePmdMapped:        0 kB
Node 0 HugePages_Total:     0
Node 0 HugePages_Free:      0
Node 0 HugePages_Surp:      0

Node 1 MemTotal:       24661580 kB
Node 1 MemFree:        24365040 kB
Node 1 MemUsed:          296540 kB
Node 1 Active:            67328 kB
Node 1 Inactive:          78284 kB
Node 1 Active(anon):      24260 kB
Node 1 Inactive(anon):      416 kB
Node 1 Active(file):      43068 kB
Node 1 Inactive(file):    77868 kB
Node 1 Unevictable:        1280 kB
Node 1 Mlocked:            1280 kB
Node 1 Dirty:                56 kB
Node 1 Writeback:             0 kB
Node 1 FilePages:        122832 kB
Node 1 Mapped:            17116 kB
Node 1 AnonPages:         23720 kB
Node 1 Shmem:               580 kB
Node 1 KernelStack:        1592 kB
Node 1 PageTables:          744 kB
Node 1 NFS_Unstable:          0 kB
Node 1 Bounce:                0 kB
Node 1 WritebackTmp:          0 kB
Node 1 KReclaimable:      20580 kB
Node 1 Slab:              60612 kB
Node 1 SReclaimable:      20580 kB
Node 1 SUnreclaim:        40032 kB
Node 1 AnonHugePages:         0 kB
Node 1 ShmemHugePages:        0 kB
Node 1 ShmemPmdMapped:        0 kB
Node 1 FileHugePages:        0 kB
Node 1 FilePmdMapped:        0 kB
Node 1 HugePages_Total:     0
Node 1 HugePages_Free:      0
Node 1 HugePages_Surp:      0

After Test
Node 0 MemTotal:       24768352 kB
Node 0 MemFree:        19666808 kB
Node 0 MemUsed:         5101544 kB
Node 0 Active:            34240 kB
Node 0 Inactive:         288940 kB
Node 0 Active(anon):       9596 kB
Node 0 Inactive(anon):      520 kB
Node 0 Active(file):      24644 kB
Node 0 Inactive(file):   288420 kB
Node 0 Unevictable:       17472 kB
Node 0 Mlocked:           17472 kB
Node 0 Dirty:                28 kB
Node 0 Writeback:             0 kB
Node 0 FilePages:        320660 kB
Node 0 Mapped:            65768 kB
Node 0 AnonPages:         19912 kB
Node 0 Shmem:               684 kB
Node 0 KernelStack:        3240 kB
Node 0 PageTables:          912 kB
Node 0 NFS_Unstable:          0 kB
Node 0 Bounce:                0 kB
Node 0 WritebackTmp:          0 kB
Node 0 KReclaimable:      23264 kB
Node 0 Slab:              78700 kB
Node 0 SReclaimable:      23264 kB
Node 0 SUnreclaim:        55436 kB
Node 0 AnonHugePages:         0 kB
Node 0 ShmemHugePages:        0 kB
Node 0 ShmemPmdMapped:        0 kB
Node 0 FileHugePages:        0 kB
Node 0 FilePmdMapped:        0 kB
Node 0 HugePages_Total:     0
Node 0 HugePages_Free:      0
Node 0 HugePages_Surp:      0

Node 1 MemTotal:       24661580 kB
Node 1 MemFree:        23801388 kB
Node 1 MemUsed:          860192 kB
Node 1 Active:            67668 kB
Node 1 Inactive:          77848 kB
Node 1 Active(anon):      23980 kB
Node 1 Inactive(anon):      420 kB
Node 1 Active(file):      43688 kB
Node 1 Inactive(file):    77428 kB
Node 1 Unevictable:        1280 kB
Node 1 Mlocked:            1280 kB
Node 1 Dirty:                 0 kB
Node 1 Writeback:             0 kB
Node 1 FilePages:        122996 kB
Node 1 Mapped:            16836 kB
Node 1 AnonPages:         23816 kB
Node 1 Shmem:               584 kB
Node 1 KernelStack:        1480 kB
Node 1 PageTables:          560 kB
Node 1 NFS_Unstable:          0 kB
Node 1 Bounce:                0 kB
Node 1 WritebackTmp:          0 kB
Node 1 KReclaimable:      20604 kB
Node 1 Slab:              62952 kB
Node 1 SReclaimable:      20604 kB
Node 1 SUnreclaim:        42348 kB
Node 1 AnonHugePages:         0 kB
Node 1 ShmemHugePages:        0 kB
Node 1 ShmemPmdMapped:        0 kB
Node 1 FileHugePages:        0 kB
Node 1 FilePmdMapped:        0 kB
Node 1 HugePages_Total:     0
Node 1 HugePages_Free:      0
Node 1 HugePages_Surp:      0

After Opposite Node
Node 0 MemTotal:       24768352 kB
Node 0 MemFree:        19669588 kB
Node 0 MemUsed:         5098764 kB
Node 0 Active:            34156 kB
Node 0 Inactive:         288720 kB
Node 0 Active(anon):       9288 kB
Node 0 Inactive(anon):      520 kB
Node 0 Active(file):      24868 kB
Node 0 Inactive(file):   288200 kB
Node 0 Unevictable:       17472 kB
Node 0 Mlocked:           17472 kB
Node 0 Dirty:                32 kB
Node 0 Writeback:             0 kB
Node 0 FilePages:        320664 kB
Node 0 Mapped:            65744 kB
Node 0 AnonPages:         19700 kB
Node 0 Shmem:               684 kB
Node 0 KernelStack:        3256 kB
Node 0 PageTables:          620 kB
Node 0 NFS_Unstable:          0 kB
Node 0 Bounce:                0 kB
Node 0 WritebackTmp:          0 kB
Node 0 KReclaimable:      23264 kB
Node 0 Slab:              78632 kB
Node 0 SReclaimable:      23264 kB
Node 0 SUnreclaim:        55368 kB
Node 0 AnonHugePages:         0 kB
Node 0 ShmemHugePages:        0 kB
Node 0 ShmemPmdMapped:        0 kB
Node 0 FileHugePages:        0 kB
Node 0 FilePmdMapped:        0 kB
Node 0 HugePages_Total:     0
Node 0 HugePages_Free:      0
Node 0 HugePages_Surp:      0

Node 1 MemTotal:       24661580 kB
Node 1 MemFree:        23799448 kB
Node 1 MemUsed:          862132 kB
Node 1 Active:            68120 kB
Node 1 Inactive:          77800 kB
Node 1 Active(anon):      24352 kB
Node 1 Inactive(anon):      420 kB
Node 1 Active(file):      43768 kB
Node 1 Inactive(file):    77380 kB
Node 1 Unevictable:        1280 kB
Node 1 Mlocked:            1280 kB
Node 1 Dirty:                16 kB
Node 1 Writeback:             0 kB
Node 1 FilePages:        123012 kB
Node 1 Mapped:            16832 kB
Node 1 AnonPages:         24032 kB
Node 1 Shmem:               584 kB
Node 1 KernelStack:        1496 kB
Node 1 PageTables:          856 kB
Node 1 NFS_Unstable:          0 kB
Node 1 Bounce:                0 kB
Node 1 WritebackTmp:          0 kB
Node 1 KReclaimable:      20644 kB
Node 1 Slab:              63064 kB
Node 1 SReclaimable:      20644 kB
Node 1 SUnreclaim:        42420 kB
Node 1 AnonHugePages:         0 kB
Node 1 ShmemHugePages:        0 kB
Node 1 ShmemPmdMapped:        0 kB
Node 1 FileHugePages:        0 kB
Node 1 FilePmdMapped:        0 kB
Node 1 HugePages_Total:     0
Node 1 HugePages_Free:      0
Node 1 HugePages_Surp:      0

B.0.128M-simpleread.4G.2.O.1M Complete!
