kernel.numa_balancing = 0
B.0.4M-simpleread.16G.1.O.1M
Begin
Node 0 MemTotal:       24768352 kB
Node 0 MemFree:        24553912 kB
Node 0 MemUsed:          214440 kB
Node 0 Active:            38604 kB
Node 0 Inactive:          29092 kB
Node 0 Active(anon):      18888 kB
Node 0 Inactive(anon):      436 kB
Node 0 Active(file):      19716 kB
Node 0 Inactive(file):    28656 kB
Node 0 Unevictable:       11336 kB
Node 0 Mlocked:           11336 kB
Node 0 Dirty:               104 kB
Node 0 Writeback:             0 kB
Node 0 FilePages:         51032 kB
Node 0 Mapped:            18572 kB
Node 0 AnonPages:         28492 kB
Node 0 Shmem:               664 kB
Node 0 KernelStack:        2424 kB
Node 0 PageTables:          520 kB
Node 0 NFS_Unstable:          0 kB
Node 0 Bounce:                0 kB
Node 0 WritebackTmp:          0 kB
Node 0 KReclaimable:      18884 kB
Node 0 Slab:              46332 kB
Node 0 SReclaimable:      18884 kB
Node 0 SUnreclaim:        27448 kB
Node 0 AnonHugePages:         0 kB
Node 0 ShmemHugePages:        0 kB
Node 0 ShmemPmdMapped:        0 kB
Node 0 FileHugePages:        0 kB
Node 0 FilePmdMapped:        0 kB
Node 0 HugePages_Total:     0
Node 0 HugePages_Free:      0
Node 0 HugePages_Surp:      0

Node 1 MemTotal:       24661580 kB
Node 1 MemFree:        24263768 kB
Node 1 MemUsed:          397812 kB
Node 1 Active:            56816 kB
Node 1 Inactive:          61784 kB
Node 1 Active(anon):      14684 kB
Node 1 Inactive(anon):      432 kB
Node 1 Active(file):      42132 kB
Node 1 Inactive(file):    61352 kB
Node 1 Unevictable:        7188 kB
Node 1 Mlocked:            7188 kB
Node 1 Dirty:               400 kB
Node 1 Writeback:             0 kB
Node 1 FilePages:        110748 kB
Node 1 Mapped:            24324 kB
Node 1 AnonPages:         15152 kB
Node 1 Shmem:               604 kB
Node 1 KernelStack:        1240 kB
Node 1 PageTables:          520 kB
Node 1 NFS_Unstable:          0 kB
Node 1 Bounce:                0 kB
Node 1 WritebackTmp:          0 kB
Node 1 KReclaimable:      22360 kB
Node 1 Slab:              58524 kB
Node 1 SReclaimable:      22360 kB
Node 1 SUnreclaim:        36164 kB
Node 1 AnonHugePages:         0 kB
Node 1 ShmemHugePages:        0 kB
Node 1 ShmemPmdMapped:        0 kB
Node 1 FileHugePages:        0 kB
Node 1 FilePmdMapped:        0 kB
Node 1 HugePages_Total:     0
Node 1 HugePages_Free:      0
Node 1 HugePages_Surp:      0

Load ZFS
Node 0 MemTotal:       24768352 kB
Node 0 MemFree:        24319196 kB
Node 0 MemUsed:          449156 kB
Node 0 Active:            49908 kB
Node 0 Inactive:         112772 kB
Node 0 Active(anon):      28728 kB
Node 0 Inactive(anon):      500 kB
Node 0 Active(file):      21180 kB
Node 0 Inactive(file):   112272 kB
Node 0 Unevictable:       11536 kB
Node 0 Mlocked:           11536 kB
Node 0 Dirty:               340 kB
Node 0 Writeback:             0 kB
Node 0 FilePages:        135684 kB
Node 0 Mapped:            20640 kB
Node 0 AnonPages:         38756 kB
Node 0 Shmem:               700 kB
Node 0 KernelStack:        2428 kB
Node 0 PageTables:         1140 kB
Node 0 NFS_Unstable:          0 kB
Node 0 Bounce:                0 kB
Node 0 WritebackTmp:          0 kB
Node 0 KReclaimable:      19916 kB
Node 0 Slab:              50812 kB
Node 0 SReclaimable:      19916 kB
Node 0 SUnreclaim:        30896 kB
Node 0 AnonHugePages:         0 kB
Node 0 ShmemHugePages:        0 kB
Node 0 ShmemPmdMapped:        0 kB
Node 0 FileHugePages:        0 kB
Node 0 FilePmdMapped:        0 kB
Node 0 HugePages_Total:     0
Node 0 HugePages_Free:      0
Node 0 HugePages_Surp:      0

Node 1 MemTotal:       24661580 kB
Node 1 MemFree:        24353272 kB
Node 1 MemUsed:          308308 kB
Node 1 Active:            75312 kB
Node 1 Inactive:          81392 kB
Node 1 Active(anon):      31732 kB
Node 1 Inactive(anon):      440 kB
Node 1 Active(file):      43580 kB
Node 1 Inactive(file):    80952 kB
Node 1 Unevictable:        7188 kB
Node 1 Mlocked:            7188 kB
Node 1 Dirty:               164 kB
Node 1 Writeback:             0 kB
Node 1 FilePages:        132048 kB
Node 1 Mapped:            26996 kB
Node 1 AnonPages:         32024 kB
Node 1 Shmem:               568 kB
Node 1 KernelStack:        1772 kB
Node 1 PageTables:         1612 kB
Node 1 NFS_Unstable:          0 kB
Node 1 Bounce:                0 kB
Node 1 WritebackTmp:          0 kB
Node 1 KReclaimable:      23004 kB
Node 1 Slab:              61692 kB
Node 1 SReclaimable:      23004 kB
Node 1 SUnreclaim:        38688 kB
Node 1 AnonHugePages:         0 kB
Node 1 ShmemHugePages:        0 kB
Node 1 ShmemPmdMapped:        0 kB
Node 1 FileHugePages:        0 kB
Node 1 FilePmdMapped:        0 kB
Node 1 HugePages_Total:     0
Node 1 HugePages_Free:      0
Node 1 HugePages_Surp:      0

Import tank ZPool
Node 0 MemTotal:       24768352 kB
Node 0 MemFree:        24322688 kB
Node 0 MemUsed:          445664 kB
Node 0 Active:            41092 kB
Node 0 Inactive:         113704 kB
Node 0 Active(anon):      19148 kB
Node 0 Inactive(anon):      508 kB
Node 0 Active(file):      21944 kB
Node 0 Inactive(file):   113196 kB
Node 0 Unevictable:       11568 kB
Node 0 Mlocked:           11568 kB
Node 0 Dirty:               392 kB
Node 0 Writeback:             0 kB
Node 0 FilePages:        137392 kB
Node 0 Mapped:            18860 kB
Node 0 AnonPages:         28480 kB
Node 0 Shmem:               704 kB
Node 0 KernelStack:        2312 kB
Node 0 PageTables:          720 kB
Node 0 NFS_Unstable:          0 kB
Node 0 Bounce:                0 kB
Node 0 WritebackTmp:          0 kB
Node 0 KReclaimable:      20036 kB
Node 0 Slab:              55820 kB
Node 0 SReclaimable:      20036 kB
Node 0 SUnreclaim:        35784 kB
Node 0 AnonHugePages:         0 kB
Node 0 ShmemHugePages:        0 kB
Node 0 ShmemPmdMapped:        0 kB
Node 0 FileHugePages:        0 kB
Node 0 FilePmdMapped:        0 kB
Node 0 HugePages_Total:     0
Node 0 HugePages_Free:      0
Node 0 HugePages_Surp:      0

Node 1 MemTotal:       24661580 kB
Node 1 MemFree:        24356976 kB
Node 1 MemUsed:          304604 kB
Node 1 Active:            58836 kB
Node 1 Inactive:          81172 kB
Node 1 Active(anon):      15004 kB
Node 1 Inactive(anon):      440 kB
Node 1 Active(file):      43832 kB
Node 1 Inactive(file):    80732 kB
Node 1 Unevictable:        7188 kB
Node 1 Mlocked:            7188 kB
Node 1 Dirty:               188 kB
Node 1 Writeback:             0 kB
Node 1 FilePages:        131788 kB
Node 1 Mapped:            24624 kB
Node 1 AnonPages:         15416 kB
Node 1 Shmem:               564 kB
Node 1 KernelStack:        2508 kB
Node 1 PageTables:          632 kB
Node 1 NFS_Unstable:          0 kB
Node 1 Bounce:                0 kB
Node 1 WritebackTmp:          0 kB
Node 1 KReclaimable:      23028 kB
Node 1 Slab:              63932 kB
Node 1 SReclaimable:      23028 kB
Node 1 SUnreclaim:        40904 kB
Node 1 AnonHugePages:         0 kB
Node 1 ShmemHugePages:        0 kB
Node 1 ShmemPmdMapped:        0 kB
Node 1 FileHugePages:        0 kB
Node 1 FilePmdMapped:        0 kB
Node 1 HugePages_Total:     0
Node 1 HugePages_Free:      0
Node 1 HugePages_Surp:      0

After Test
Node 0 MemTotal:       24768352 kB
Node 0 MemFree:         7524432 kB
Node 0 MemUsed:        17243920 kB
Node 0 Active:            42068 kB
Node 0 Inactive:         117268 kB
Node 0 Active(anon):      19300 kB
Node 0 Inactive(anon):      504 kB
Node 0 Active(file):      22768 kB
Node 0 Inactive(file):   116764 kB
Node 0 Unevictable:       11568 kB
Node 0 Mlocked:           11568 kB
Node 0 Dirty:                12 kB
Node 0 Writeback:             0 kB
Node 0 FilePages:        141768 kB
Node 0 Mapped:            18652 kB
Node 0 AnonPages:         29052 kB
Node 0 Shmem:               704 kB
Node 0 KernelStack:        2072 kB
Node 0 PageTables:          596 kB
Node 0 NFS_Unstable:          0 kB
Node 0 Bounce:                0 kB
Node 0 WritebackTmp:          0 kB
Node 0 KReclaimable:      20124 kB
Node 0 Slab:             112772 kB
Node 0 SReclaimable:      20124 kB
Node 0 SUnreclaim:        92648 kB
Node 0 AnonHugePages:         0 kB
Node 0 ShmemHugePages:        0 kB
Node 0 ShmemPmdMapped:        0 kB
Node 0 FileHugePages:        0 kB
Node 0 FilePmdMapped:        0 kB
Node 0 HugePages_Total:     0
Node 0 HugePages_Free:      0
Node 0 HugePages_Surp:      0

Node 1 MemTotal:       24661580 kB
Node 1 MemFree:        23487100 kB
Node 1 MemUsed:         1174480 kB
Node 1 Active:            58428 kB
Node 1 Inactive:          81180 kB
Node 1 Active(anon):      14404 kB
Node 1 Inactive(anon):      436 kB
Node 1 Active(file):      44024 kB
Node 1 Inactive(file):    80744 kB
Node 1 Unevictable:        7188 kB
Node 1 Mlocked:            7188 kB
Node 1 Dirty:                20 kB
Node 1 Writeback:             0 kB
Node 1 FilePages:        132020 kB
Node 1 Mapped:            24348 kB
Node 1 AnonPages:         14800 kB
Node 1 Shmem:               564 kB
Node 1 KernelStack:        2344 kB
Node 1 PageTables:          484 kB
Node 1 NFS_Unstable:          0 kB
Node 1 Bounce:                0 kB
Node 1 WritebackTmp:          0 kB
Node 1 KReclaimable:      23132 kB
Node 1 Slab:              66920 kB
Node 1 SReclaimable:      23132 kB
Node 1 SUnreclaim:        43788 kB
Node 1 AnonHugePages:         0 kB
Node 1 ShmemHugePages:        0 kB
Node 1 ShmemPmdMapped:        0 kB
Node 1 FileHugePages:        0 kB
Node 1 FilePmdMapped:        0 kB
Node 1 HugePages_Total:     0
Node 1 HugePages_Free:      0
Node 1 HugePages_Surp:      0

After Opposite Node
Node 0 MemTotal:       24768352 kB
Node 0 MemFree:         7527532 kB
Node 0 MemUsed:        17240820 kB
Node 0 Active:            41916 kB
Node 0 Inactive:         117004 kB
Node 0 Active(anon):      18868 kB
Node 0 Inactive(anon):      504 kB
Node 0 Active(file):      23048 kB
Node 0 Inactive(file):   116500 kB
Node 0 Unevictable:       11568 kB
Node 0 Mlocked:           11568 kB
Node 0 Dirty:                24 kB
Node 0 Writeback:             0 kB
Node 0 FilePages:        141784 kB
Node 0 Mapped:            18872 kB
Node 0 AnonPages:         28724 kB
Node 0 Shmem:               704 kB
Node 0 KernelStack:        2056 kB
Node 0 PageTables:          536 kB
Node 0 NFS_Unstable:          0 kB
Node 0 Bounce:                0 kB
Node 0 WritebackTmp:          0 kB
Node 0 KReclaimable:      20124 kB
Node 0 Slab:             112572 kB
Node 0 SReclaimable:      20124 kB
Node 0 SUnreclaim:        92448 kB
Node 0 AnonHugePages:         0 kB
Node 0 ShmemHugePages:        0 kB
Node 0 ShmemPmdMapped:        0 kB
Node 0 FileHugePages:        0 kB
Node 0 FilePmdMapped:        0 kB
Node 0 HugePages_Total:     0
Node 0 HugePages_Free:      0
Node 0 HugePages_Surp:      0

Node 1 MemTotal:       24661580 kB
Node 1 MemFree:        23492084 kB
Node 1 MemUsed:         1169496 kB
Node 1 Active:            58944 kB
Node 1 Inactive:          81176 kB
Node 1 Active(anon):      14860 kB
Node 1 Inactive(anon):      436 kB
Node 1 Active(file):      44084 kB
Node 1 Inactive(file):    80740 kB
Node 1 Unevictable:        7188 kB
Node 1 Mlocked:            7188 kB
Node 1 Dirty:                32 kB
Node 1 Writeback:             0 kB
Node 1 FilePages:        132048 kB
Node 1 Mapped:            24352 kB
Node 1 AnonPages:         15128 kB
Node 1 Shmem:               564 kB
Node 1 KernelStack:        2360 kB
Node 1 PageTables:          540 kB
Node 1 NFS_Unstable:          0 kB
Node 1 Bounce:                0 kB
Node 1 WritebackTmp:          0 kB
Node 1 KReclaimable:      23168 kB
Node 1 Slab:              67020 kB
Node 1 SReclaimable:      23168 kB
Node 1 SUnreclaim:        43852 kB
Node 1 AnonHugePages:         0 kB
Node 1 ShmemHugePages:        0 kB
Node 1 ShmemPmdMapped:        0 kB
Node 1 FileHugePages:        0 kB
Node 1 FilePmdMapped:        0 kB
Node 1 HugePages_Total:     0
Node 1 HugePages_Free:      0
Node 1 HugePages_Surp:      0

B.0.4M-simpleread.16G.1.O.1M Complete!
