kernel.numa_balancing = 0
B.0.256M-simpleread.16G.1.O.1M
Begin
Node 0 MemTotal:       24768352 kB
Node 0 MemFree:        24369628 kB
Node 0 MemUsed:          398724 kB
Node 0 Active:            58188 kB
Node 0 Inactive:          52536 kB
Node 0 Active(anon):      12992 kB
Node 0 Inactive(anon):      600 kB
Node 0 Active(file):      45196 kB
Node 0 Inactive(file):    51936 kB
Node 0 Unevictable:        4892 kB
Node 0 Mlocked:            4892 kB
Node 0 Dirty:                 8 kB
Node 0 Writeback:             0 kB
Node 0 FilePages:        102816 kB
Node 0 Mapped:            42364 kB
Node 0 AnonPages:         12820 kB
Node 0 Shmem:               772 kB
Node 0 KernelStack:        2280 kB
Node 0 PageTables:          480 kB
Node 0 NFS_Unstable:          0 kB
Node 0 Bounce:                0 kB
Node 0 WritebackTmp:          0 kB
Node 0 KReclaimable:      25960 kB
Node 0 Slab:              63552 kB
Node 0 SReclaimable:      25960 kB
Node 0 SUnreclaim:        37592 kB
Node 0 AnonHugePages:         0 kB
Node 0 ShmemHugePages:        0 kB
Node 0 ShmemPmdMapped:        0 kB
Node 0 FileHugePages:        0 kB
Node 0 FilePmdMapped:        0 kB
Node 0 HugePages_Total:     0
Node 0 HugePages_Free:      0
Node 0 HugePages_Surp:      0

Node 1 MemTotal:       24661580 kB
Node 1 MemFree:        24430504 kB
Node 1 MemUsed:          231076 kB
Node 1 Active:            37824 kB
Node 1 Inactive:          54360 kB
Node 1 Active(anon):      20796 kB
Node 1 Inactive(anon):      284 kB
Node 1 Active(file):      17028 kB
Node 1 Inactive(file):    54076 kB
Node 1 Unevictable:       13632 kB
Node 1 Mlocked:           13632 kB
Node 1 Dirty:                 4 kB
Node 1 Writeback:             0 kB
Node 1 FilePages:         75048 kB
Node 1 Mapped:            12276 kB
Node 1 AnonPages:         30916 kB
Node 1 Shmem:               496 kB
Node 1 KernelStack:        1240 kB
Node 1 PageTables:          512 kB
Node 1 NFS_Unstable:          0 kB
Node 1 Bounce:                0 kB
Node 1 WritebackTmp:          0 kB
Node 1 KReclaimable:      15188 kB
Node 1 Slab:              43100 kB
Node 1 SReclaimable:      15188 kB
Node 1 SUnreclaim:        27912 kB
Node 1 AnonHugePages:         0 kB
Node 1 ShmemHugePages:        0 kB
Node 1 ShmemPmdMapped:        0 kB
Node 1 FileHugePages:        0 kB
Node 1 FilePmdMapped:        0 kB
Node 1 HugePages_Total:     0
Node 1 HugePages_Free:      0
Node 1 HugePages_Surp:      0

Load ZFS
Node 0 MemTotal:       24768352 kB
Node 0 MemFree:        24267328 kB
Node 0 MemUsed:          501024 kB
Node 0 Active:            67424 kB
Node 0 Inactive:         140804 kB
Node 0 Active(anon):      21268 kB
Node 0 Inactive(anon):      464 kB
Node 0 Active(file):      46156 kB
Node 0 Inactive(file):   140340 kB
Node 0 Unevictable:        4892 kB
Node 0 Mlocked:            4892 kB
Node 0 Dirty:               364 kB
Node 0 Writeback:             0 kB
Node 0 FilePages:        191984 kB
Node 0 Mapped:            45384 kB
Node 0 AnonPages:         21356 kB
Node 0 Shmem:               600 kB
Node 0 KernelStack:        2488 kB
Node 0 PageTables:         1312 kB
Node 0 NFS_Unstable:          0 kB
Node 0 Bounce:                0 kB
Node 0 WritebackTmp:          0 kB
Node 0 KReclaimable:      26856 kB
Node 0 Slab:              66920 kB
Node 0 SReclaimable:      26856 kB
Node 0 SUnreclaim:        40064 kB
Node 0 AnonHugePages:         0 kB
Node 0 ShmemHugePages:        0 kB
Node 0 ShmemPmdMapped:        0 kB
Node 0 FileHugePages:        0 kB
Node 0 FilePmdMapped:        0 kB
Node 0 HugePages_Total:     0
Node 0 HugePages_Free:      0
Node 0 HugePages_Surp:      0

Node 1 MemTotal:       24661580 kB
Node 1 MemFree:        24389776 kB
Node 1 MemUsed:          271804 kB
Node 1 Active:            54816 kB
Node 1 Inactive:          69560 kB
Node 1 Active(anon):      36332 kB
Node 1 Inactive(anon):      484 kB
Node 1 Active(file):      18484 kB
Node 1 Inactive(file):    69076 kB
Node 1 Unevictable:       13828 kB
Node 1 Mlocked:           13828 kB
Node 1 Dirty:                20 kB
Node 1 Writeback:             0 kB
Node 1 FilePages:         91532 kB
Node 1 Mapped:            13432 kB
Node 1 AnonPages:         46744 kB
Node 1 Shmem:               668 kB
Node 1 KernelStack:        1672 kB
Node 1 PageTables:         1708 kB
Node 1 NFS_Unstable:          0 kB
Node 1 Bounce:                0 kB
Node 1 WritebackTmp:          0 kB
Node 1 KReclaimable:      16208 kB
Node 1 Slab:              47252 kB
Node 1 SReclaimable:      16208 kB
Node 1 SUnreclaim:        31044 kB
Node 1 AnonHugePages:         0 kB
Node 1 ShmemHugePages:        0 kB
Node 1 ShmemPmdMapped:        0 kB
Node 1 FileHugePages:        0 kB
Node 1 FilePmdMapped:        0 kB
Node 1 HugePages_Total:     0
Node 1 HugePages_Free:      0
Node 1 HugePages_Surp:      0

Import tank ZPool
Node 0 MemTotal:       24768352 kB
Node 0 MemFree:        24255780 kB
Node 0 MemUsed:          512572 kB
Node 0 Active:            67140 kB
Node 0 Inactive:         140808 kB
Node 0 Active(anon):      20984 kB
Node 0 Inactive(anon):      468 kB
Node 0 Active(file):      46156 kB
Node 0 Inactive(file):   140340 kB
Node 0 Unevictable:        4892 kB
Node 0 Mlocked:            4892 kB
Node 0 Dirty:               428 kB
Node 0 Writeback:             0 kB
Node 0 FilePages:        191984 kB
Node 0 Mapped:            45076 kB
Node 0 AnonPages:         20852 kB
Node 0 Shmem:               600 kB
Node 0 KernelStack:        3416 kB
Node 0 PageTables:          760 kB
Node 0 NFS_Unstable:          0 kB
Node 0 Bounce:                0 kB
Node 0 WritebackTmp:          0 kB
Node 0 KReclaimable:      26896 kB
Node 0 Slab:              69304 kB
Node 0 SReclaimable:      26896 kB
Node 0 SUnreclaim:        42408 kB
Node 0 AnonHugePages:         0 kB
Node 0 ShmemHugePages:        0 kB
Node 0 ShmemPmdMapped:        0 kB
Node 0 FileHugePages:        0 kB
Node 0 FilePmdMapped:        0 kB
Node 0 HugePages_Total:     0
Node 0 HugePages_Free:      0
Node 0 HugePages_Surp:      0

Node 1 MemTotal:       24661580 kB
Node 1 MemFree:        24383712 kB
Node 1 MemUsed:          277868 kB
Node 1 Active:            55192 kB
Node 1 Inactive:          70740 kB
Node 1 Active(anon):      36272 kB
Node 1 Inactive(anon):      480 kB
Node 1 Active(file):      18920 kB
Node 1 Inactive(file):    70260 kB
Node 1 Unevictable:       13860 kB
Node 1 Mlocked:           13860 kB
Node 1 Dirty:                28 kB
Node 1 Writeback:             0 kB
Node 1 FilePages:         93168 kB
Node 1 Mapped:            13616 kB
Node 1 AnonPages:         46728 kB
Node 1 Shmem:               668 kB
Node 1 KernelStack:        1784 kB
Node 1 PageTables:         1764 kB
Node 1 NFS_Unstable:          0 kB
Node 1 Bounce:                0 kB
Node 1 WritebackTmp:          0 kB
Node 1 KReclaimable:      16332 kB
Node 1 Slab:              52648 kB
Node 1 SReclaimable:      16332 kB
Node 1 SUnreclaim:        36316 kB
Node 1 AnonHugePages:         0 kB
Node 1 ShmemHugePages:        0 kB
Node 1 ShmemPmdMapped:        0 kB
Node 1 FileHugePages:        0 kB
Node 1 FilePmdMapped:        0 kB
Node 1 HugePages_Total:     0
Node 1 HugePages_Free:      0
Node 1 HugePages_Surp:      0

After Test
Node 0 MemTotal:       24768352 kB
Node 0 MemFree:        23437288 kB
Node 0 MemUsed:         1331064 kB
Node 0 Active:            60088 kB
Node 0 Inactive:         140632 kB
Node 0 Active(anon):      13104 kB
Node 0 Inactive(anon):      456 kB
Node 0 Active(file):      46984 kB
Node 0 Inactive(file):   140176 kB
Node 0 Unevictable:        4892 kB
Node 0 Mlocked:            4892 kB
Node 0 Dirty:                48 kB
Node 0 Writeback:             0 kB
Node 0 FilePages:        192644 kB
Node 0 Mapped:            42480 kB
Node 0 AnonPages:         12656 kB
Node 0 Shmem:               596 kB
Node 0 KernelStack:        3160 kB
Node 0 PageTables:          584 kB
Node 0 NFS_Unstable:          0 kB
Node 0 Bounce:                0 kB
Node 0 WritebackTmp:          0 kB
Node 0 KReclaimable:      26948 kB
Node 0 Slab:              71404 kB
Node 0 SReclaimable:      26948 kB
Node 0 SUnreclaim:        44456 kB
Node 0 AnonHugePages:         0 kB
Node 0 ShmemHugePages:        0 kB
Node 0 ShmemPmdMapped:        0 kB
Node 0 FileHugePages:        0 kB
Node 0 FilePmdMapped:        0 kB
Node 0 HugePages_Total:     0
Node 0 HugePages_Free:      0
Node 0 HugePages_Surp:      0

Node 1 MemTotal:       24661580 kB
Node 1 MemFree:         7313676 kB
Node 1 MemUsed:        17347904 kB
Node 1 Active:            40060 kB
Node 1 Inactive:         320236 kB
Node 1 Active(anon):      20460 kB
Node 1 Inactive(anon):      484 kB
Node 1 Active(file):      19600 kB
Node 1 Inactive(file):   319752 kB
Node 1 Unevictable:       13860 kB
Node 1 Mlocked:           13860 kB
Node 1 Dirty:                 0 kB
Node 1 Writeback:             0 kB
Node 1 FilePages:        343328 kB
Node 1 Mapped:            12340 kB
Node 1 AnonPages:         30828 kB
Node 1 Shmem:               672 kB
Node 1 KernelStack:        1272 kB
Node 1 PageTables:          576 kB
Node 1 NFS_Unstable:          0 kB
Node 1 Bounce:                0 kB
Node 1 WritebackTmp:          0 kB
Node 1 KReclaimable:      16996 kB
Node 1 Slab:             110680 kB
Node 1 SReclaimable:      16996 kB
Node 1 SUnreclaim:        93684 kB
Node 1 AnonHugePages:         0 kB
Node 1 ShmemHugePages:        0 kB
Node 1 ShmemPmdMapped:        0 kB
Node 1 FileHugePages:        0 kB
Node 1 FilePmdMapped:        0 kB
Node 1 HugePages_Total:     0
Node 1 HugePages_Free:      0
Node 1 HugePages_Surp:      0

After Opposite Node
Node 0 MemTotal:       24768352 kB
Node 0 MemFree:        23434372 kB
Node 0 MemUsed:         1333980 kB
Node 0 Active:            59684 kB
Node 0 Inactive:         140632 kB
Node 0 Active(anon):      12696 kB
Node 0 Inactive(anon):      456 kB
Node 0 Active(file):      46988 kB
Node 0 Inactive(file):   140176 kB
Node 0 Unevictable:        4892 kB
Node 0 Mlocked:            4892 kB
Node 0 Dirty:                52 kB
Node 0 Writeback:             0 kB
Node 0 FilePages:        192648 kB
Node 0 Mapped:            42468 kB
Node 0 AnonPages:         12560 kB
Node 0 Shmem:               596 kB
Node 0 KernelStack:        3160 kB
Node 0 PageTables:          480 kB
Node 0 NFS_Unstable:          0 kB
Node 0 Bounce:                0 kB
Node 0 WritebackTmp:          0 kB
Node 0 KReclaimable:      26948 kB
Node 0 Slab:              71372 kB
Node 0 SReclaimable:      26948 kB
Node 0 SUnreclaim:        44424 kB
Node 0 AnonHugePages:         0 kB
Node 0 ShmemHugePages:        0 kB
Node 0 ShmemPmdMapped:        0 kB
Node 0 FileHugePages:        0 kB
Node 0 FilePmdMapped:        0 kB
Node 0 HugePages_Total:     0
Node 0 HugePages_Free:      0
Node 0 HugePages_Surp:      0

Node 1 MemTotal:       24661580 kB
Node 1 MemFree:         7317416 kB
Node 1 MemUsed:        17344164 kB
Node 1 Active:            40764 kB
Node 1 Inactive:         319972 kB
Node 1 Active(anon):      20868 kB
Node 1 Inactive(anon):      484 kB
Node 1 Active(file):      19896 kB
Node 1 Inactive(file):   319488 kB
Node 1 Unevictable:       13860 kB
Node 1 Mlocked:           13860 kB
Node 1 Dirty:                20 kB
Node 1 Writeback:             0 kB
Node 1 FilePages:        343368 kB
Node 1 Mapped:            12348 kB
Node 1 AnonPages:         31360 kB
Node 1 Shmem:               672 kB
Node 1 KernelStack:        1272 kB
Node 1 PageTables:          676 kB
Node 1 NFS_Unstable:          0 kB
Node 1 Bounce:                0 kB
Node 1 WritebackTmp:          0 kB
Node 1 KReclaimable:      17028 kB
Node 1 Slab:             110716 kB
Node 1 SReclaimable:      17028 kB
Node 1 SUnreclaim:        93688 kB
Node 1 AnonHugePages:         0 kB
Node 1 ShmemHugePages:        0 kB
Node 1 ShmemPmdMapped:        0 kB
Node 1 FileHugePages:        0 kB
Node 1 FilePmdMapped:        0 kB
Node 1 HugePages_Total:     0
Node 1 HugePages_Free:      0
Node 1 HugePages_Surp:      0

B.0.256M-simpleread.16G.1.O.1M Complete!
