kernel.numa_balancing = 0
B.0.32M-simpleread.16G.1.O.1M
Begin
Node 0 MemTotal:       24743736 kB
Node 0 MemFree:        24503548 kB
Node 0 MemUsed:          240188 kB
Node 0 Active:            48528 kB
Node 0 Inactive:          52724 kB
Node 0 Active(anon):      10700 kB
Node 0 Inactive(anon):      408 kB
Node 0 Active(file):      37828 kB
Node 0 Inactive(file):    52316 kB
Node 0 Unevictable:        1036 kB
Node 0 Mlocked:            1036 kB
Node 0 Dirty:                56 kB
Node 0 Writeback:             0 kB
Node 0 FilePages:         91808 kB
Node 0 Mapped:            20588 kB
Node 0 AnonPages:         10580 kB
Node 0 Shmem:               612 kB
Node 0 KernelStack:        2152 kB
Node 0 PageTables:          384 kB
Node 0 NFS_Unstable:          0 kB
Node 0 Bounce:                0 kB
Node 0 WritebackTmp:          0 kB
Node 0 KReclaimable:      21492 kB
Node 0 Slab:              52952 kB
Node 0 SReclaimable:      21492 kB
Node 0 SUnreclaim:        31460 kB
Node 0 AnonHugePages:         0 kB
Node 0 ShmemHugePages:        0 kB
Node 0 ShmemPmdMapped:        0 kB
Node 0 FileHugePages:        0 kB
Node 0 FilePmdMapped:        0 kB
Node 0 HugePages_Total:     0
Node 0 HugePages_Free:      0
Node 0 HugePages_Surp:      0

Node 1 MemTotal:       24686196 kB
Node 1 MemFree:        24305120 kB
Node 1 MemUsed:          381076 kB
Node 1 Active:            47444 kB
Node 1 Inactive:          47608 kB
Node 1 Active(anon):      23348 kB
Node 1 Inactive(anon):      476 kB
Node 1 Active(file):      24096 kB
Node 1 Inactive(file):    47132 kB
Node 1 Unevictable:       17488 kB
Node 1 Mlocked:           17488 kB
Node 1 Dirty:               124 kB
Node 1 Writeback:             0 kB
Node 1 FilePages:         79044 kB
Node 1 Mapped:            30048 kB
Node 1 AnonPages:         33552 kB
Node 1 Shmem:               656 kB
Node 1 KernelStack:        1448 kB
Node 1 PageTables:          648 kB
Node 1 NFS_Unstable:          0 kB
Node 1 Bounce:                0 kB
Node 1 WritebackTmp:          0 kB
Node 1 KReclaimable:      20352 kB
Node 1 Slab:              52932 kB
Node 1 SReclaimable:      20352 kB
Node 1 SUnreclaim:        32580 kB
Node 1 AnonHugePages:         0 kB
Node 1 ShmemHugePages:        0 kB
Node 1 ShmemPmdMapped:        0 kB
Node 1 FileHugePages:        0 kB
Node 1 FilePmdMapped:        0 kB
Node 1 HugePages_Total:     0
Node 1 HugePages_Free:      0
Node 1 HugePages_Surp:      0

Load ZFS
Node 0 MemTotal:       24743736 kB
Node 0 MemFree:        24275688 kB
Node 0 MemUsed:          468048 kB
Node 0 Active:            63372 kB
Node 0 Inactive:         126360 kB
Node 0 Active(anon):      24812 kB
Node 0 Inactive(anon):      500 kB
Node 0 Active(file):      38560 kB
Node 0 Inactive(file):   125860 kB
Node 0 Unevictable:        1036 kB
Node 0 Mlocked:            1036 kB
Node 0 Dirty:               116 kB
Node 0 Writeback:             0 kB
Node 0 FilePages:        166116 kB
Node 0 Mapped:            21972 kB
Node 0 AnonPages:         24548 kB
Node 0 Shmem:               648 kB
Node 0 KernelStack:        2564 kB
Node 0 PageTables:         1772 kB
Node 0 NFS_Unstable:          0 kB
Node 0 Bounce:                0 kB
Node 0 WritebackTmp:          0 kB
Node 0 KReclaimable:      22376 kB
Node 0 Slab:              57444 kB
Node 0 SReclaimable:      22376 kB
Node 0 SUnreclaim:        35068 kB
Node 0 AnonHugePages:         0 kB
Node 0 ShmemHugePages:        0 kB
Node 0 ShmemPmdMapped:        0 kB
Node 0 FileHugePages:        0 kB
Node 0 FilePmdMapped:        0 kB
Node 0 HugePages_Total:     0
Node 0 HugePages_Free:      0
Node 0 HugePages_Surp:      0

Node 1 MemTotal:       24686196 kB
Node 1 MemFree:        24389016 kB
Node 1 MemUsed:          297180 kB
Node 1 Active:            60672 kB
Node 1 Inactive:          77548 kB
Node 1 Active(anon):      34952 kB
Node 1 Inactive(anon):      444 kB
Node 1 Active(file):      25720 kB
Node 1 Inactive(file):    77104 kB
Node 1 Unevictable:       17704 kB
Node 1 Mlocked:           17704 kB
Node 1 Dirty:               344 kB
Node 1 Writeback:             0 kB
Node 1 FilePages:        110600 kB
Node 1 Mapped:            33196 kB
Node 1 AnonPages:         45380 kB
Node 1 Shmem:               620 kB
Node 1 KernelStack:        1656 kB
Node 1 PageTables:         1048 kB
Node 1 NFS_Unstable:          0 kB
Node 1 Bounce:                0 kB
Node 1 WritebackTmp:          0 kB
Node 1 KReclaimable:      21216 kB
Node 1 Slab:              55540 kB
Node 1 SReclaimable:      21216 kB
Node 1 SUnreclaim:        34324 kB
Node 1 AnonHugePages:         0 kB
Node 1 ShmemHugePages:        0 kB
Node 1 ShmemPmdMapped:        0 kB
Node 1 FileHugePages:        0 kB
Node 1 FilePmdMapped:        0 kB
Node 1 HugePages_Total:     0
Node 1 HugePages_Free:      0
Node 1 HugePages_Surp:      0

Import tank ZPool
Node 0 MemTotal:       24743736 kB
Node 0 MemFree:        24271184 kB
Node 0 MemUsed:          472552 kB
Node 0 Active:            51720 kB
Node 0 Inactive:         127272 kB
Node 0 Active(anon):      12196 kB
Node 0 Inactive(anon):      500 kB
Node 0 Active(file):      39524 kB
Node 0 Inactive(file):   126772 kB
Node 0 Unevictable:        1036 kB
Node 0 Mlocked:            1036 kB
Node 0 Dirty:               132 kB
Node 0 Writeback:             0 kB
Node 0 FilePages:        167728 kB
Node 0 Mapped:            20904 kB
Node 0 AnonPages:         11684 kB
Node 0 Shmem:               652 kB
Node 0 KernelStack:        3260 kB
Node 0 PageTables:          768 kB
Node 0 NFS_Unstable:          0 kB
Node 0 Bounce:                0 kB
Node 0 WritebackTmp:          0 kB
Node 0 KReclaimable:      22496 kB
Node 0 Slab:              63696 kB
Node 0 SReclaimable:      22496 kB
Node 0 SUnreclaim:        41200 kB
Node 0 AnonHugePages:         0 kB
Node 0 ShmemHugePages:        0 kB
Node 0 ShmemPmdMapped:        0 kB
Node 0 FileHugePages:        0 kB
Node 0 FilePmdMapped:        0 kB
Node 0 HugePages_Total:     0
Node 0 HugePages_Free:      0
Node 0 HugePages_Surp:      0

Node 1 MemTotal:       24686196 kB
Node 1 MemFree:        24400476 kB
Node 1 MemUsed:          285720 kB
Node 1 Active:            48464 kB
Node 1 Inactive:          77288 kB
Node 1 Active(anon):      22480 kB
Node 1 Inactive(anon):      448 kB
Node 1 Active(file):      25984 kB
Node 1 Inactive(file):    76840 kB
Node 1 Unevictable:       17720 kB
Node 1 Mlocked:           17720 kB
Node 1 Dirty:               380 kB
Node 1 Writeback:             0 kB
Node 1 FilePages:        110596 kB
Node 1 Mapped:            30592 kB
Node 1 AnonPages:         32740 kB
Node 1 Shmem:               616 kB
Node 1 KernelStack:        1528 kB
Node 1 PageTables:          700 kB
Node 1 NFS_Unstable:          0 kB
Node 1 Bounce:                0 kB
Node 1 WritebackTmp:          0 kB
Node 1 KReclaimable:      21216 kB
Node 1 Slab:              55696 kB
Node 1 SReclaimable:      21216 kB
Node 1 SUnreclaim:        34480 kB
Node 1 AnonHugePages:         0 kB
Node 1 ShmemHugePages:        0 kB
Node 1 ShmemPmdMapped:        0 kB
Node 1 FileHugePages:        0 kB
Node 1 FilePmdMapped:        0 kB
Node 1 HugePages_Total:     0
Node 1 HugePages_Free:      0
Node 1 HugePages_Surp:      0

After Test
Node 0 MemTotal:       24743736 kB
Node 0 MemFree:         7338416 kB
Node 0 MemUsed:        17405320 kB
Node 0 Active:            52032 kB
Node 0 Inactive:         158276 kB
Node 0 Active(anon):      11820 kB
Node 0 Inactive(anon):      492 kB
Node 0 Active(file):      40212 kB
Node 0 Inactive(file):   157784 kB
Node 0 Unevictable:        1036 kB
Node 0 Mlocked:            1036 kB
Node 0 Dirty:                 4 kB
Node 0 Writeback:             0 kB
Node 0 FilePages:        199680 kB
Node 0 Mapped:            20640 kB
Node 0 AnonPages:         11556 kB
Node 0 Shmem:               648 kB
Node 0 KernelStack:        3000 kB
Node 0 PageTables:          500 kB
Node 0 NFS_Unstable:          0 kB
Node 0 Bounce:                0 kB
Node 0 WritebackTmp:          0 kB
Node 0 KReclaimable:      22672 kB
Node 0 Slab:             120192 kB
Node 0 SReclaimable:      22672 kB
Node 0 SUnreclaim:        97520 kB
Node 0 AnonHugePages:         0 kB
Node 0 ShmemHugePages:        0 kB
Node 0 ShmemPmdMapped:        0 kB
Node 0 FileHugePages:        0 kB
Node 0 FilePmdMapped:        0 kB
Node 0 HugePages_Total:     0
Node 0 HugePages_Free:      0
Node 0 HugePages_Surp:      0

Node 1 MemTotal:       24686196 kB
Node 1 MemFree:        23638380 kB
Node 1 MemUsed:         1047816 kB
Node 1 Active:            48296 kB
Node 1 Inactive:          77128 kB
Node 1 Active(anon):      22068 kB
Node 1 Inactive(anon):      448 kB
Node 1 Active(file):      26228 kB
Node 1 Inactive(file):    76680 kB
Node 1 Unevictable:       17720 kB
Node 1 Mlocked:           17720 kB
Node 1 Dirty:                 0 kB
Node 1 Writeback:             0 kB
Node 1 FilePages:        110684 kB
Node 1 Mapped:            30384 kB
Node 1 AnonPages:         32472 kB
Node 1 Shmem:               620 kB
Node 1 KernelStack:        1416 kB
Node 1 PageTables:          640 kB
Node 1 NFS_Unstable:          0 kB
Node 1 Bounce:                0 kB
Node 1 WritebackTmp:          0 kB
Node 1 KReclaimable:      21484 kB
Node 1 Slab:              59808 kB
Node 1 SReclaimable:      21484 kB
Node 1 SUnreclaim:        38324 kB
Node 1 AnonHugePages:         0 kB
Node 1 ShmemHugePages:        0 kB
Node 1 ShmemPmdMapped:        0 kB
Node 1 FileHugePages:        0 kB
Node 1 FilePmdMapped:        0 kB
Node 1 HugePages_Total:     0
Node 1 HugePages_Free:      0
Node 1 HugePages_Surp:      0

After Opposite Node
Node 0 MemTotal:       24743736 kB
Node 0 MemFree:         7337472 kB
Node 0 MemUsed:        17406264 kB
Node 0 Active:            51736 kB
Node 0 Inactive:         158260 kB
Node 0 Active(anon):      11496 kB
Node 0 Inactive(anon):      492 kB
Node 0 Active(file):      40240 kB
Node 0 Inactive(file):   157768 kB
Node 0 Unevictable:        1036 kB
Node 0 Mlocked:            1036 kB
Node 0 Dirty:                40 kB
Node 0 Writeback:             0 kB
Node 0 FilePages:        199692 kB
Node 0 Mapped:            20640 kB
Node 0 AnonPages:         11360 kB
Node 0 Shmem:               648 kB
Node 0 KernelStack:        3000 kB
Node 0 PageTables:          384 kB
Node 0 NFS_Unstable:          0 kB
Node 0 Bounce:                0 kB
Node 0 WritebackTmp:          0 kB
Node 0 KReclaimable:      22676 kB
Node 0 Slab:             120088 kB
Node 0 SReclaimable:      22676 kB
Node 0 SUnreclaim:        97412 kB
Node 0 AnonHugePages:         0 kB
Node 0 ShmemHugePages:        0 kB
Node 0 ShmemPmdMapped:        0 kB
Node 0 FileHugePages:        0 kB
Node 0 FilePmdMapped:        0 kB
Node 0 HugePages_Total:     0
Node 0 HugePages_Free:      0
Node 0 HugePages_Surp:      0

Node 1 MemTotal:       24686196 kB
Node 1 MemFree:        23641488 kB
Node 1 MemUsed:         1044708 kB
Node 1 Active:            48916 kB
Node 1 Inactive:          76908 kB
Node 1 Active(anon):      22432 kB
Node 1 Inactive(anon):      448 kB
Node 1 Active(file):      26484 kB
Node 1 Inactive(file):    76460 kB
Node 1 Unevictable:       17720 kB
Node 1 Mlocked:           17720 kB
Node 1 Dirty:                36 kB
Node 1 Writeback:             0 kB
Node 1 FilePages:        110720 kB
Node 1 Mapped:            30164 kB
Node 1 AnonPages:         32672 kB
Node 1 Shmem:               620 kB
Node 1 KernelStack:        1492 kB
Node 1 PageTables:          752 kB
Node 1 NFS_Unstable:          0 kB
Node 1 Bounce:                0 kB
Node 1 WritebackTmp:          0 kB
Node 1 KReclaimable:      21516 kB
Node 1 Slab:              59876 kB
Node 1 SReclaimable:      21516 kB
Node 1 SUnreclaim:        38360 kB
Node 1 AnonHugePages:         0 kB
Node 1 ShmemHugePages:        0 kB
Node 1 ShmemPmdMapped:        0 kB
Node 1 FileHugePages:        0 kB
Node 1 FilePmdMapped:        0 kB
Node 1 HugePages_Total:     0
Node 1 HugePages_Free:      0
Node 1 HugePages_Surp:      0

B.0.32M-simpleread.16G.1.O.1M Complete!
