kernel.numa_balancing = 0
B.0.1G-simpleread.4G.3.O.1M
Begin
Node 0 MemTotal:       24768352 kB
Node 0 MemFree:        24473484 kB
Node 0 MemUsed:          294868 kB
Node 0 Active:            74604 kB
Node 0 Inactive:          63336 kB
Node 0 Active(anon):      26604 kB
Node 0 Inactive(anon):      324 kB
Node 0 Active(file):      48000 kB
Node 0 Inactive(file):    63012 kB
Node 0 Unevictable:        5284 kB
Node 0 Mlocked:            5284 kB
Node 0 Dirty:               396 kB
Node 0 Writeback:             0 kB
Node 0 FilePages:        116888 kB
Node 0 Mapped:            26496 kB
Node 0 AnonPages:         26408 kB
Node 0 Shmem:               552 kB
Node 0 KernelStack:        2344 kB
Node 0 PageTables:          656 kB
Node 0 NFS_Unstable:          0 kB
Node 0 Bounce:                0 kB
Node 0 WritebackTmp:          0 kB
Node 0 KReclaimable:      21724 kB
Node 0 Slab:              59504 kB
Node 0 SReclaimable:      21724 kB
Node 0 SUnreclaim:        37780 kB
Node 0 AnonHugePages:         0 kB
Node 0 ShmemHugePages:        0 kB
Node 0 ShmemPmdMapped:        0 kB
Node 0 FileHugePages:        0 kB
Node 0 FilePmdMapped:        0 kB
Node 0 HugePages_Total:     0
Node 0 HugePages_Free:      0
Node 0 HugePages_Surp:      0

Node 1 MemTotal:       24661580 kB
Node 1 MemFree:        24346676 kB
Node 1 MemUsed:          314904 kB
Node 1 Active:            20584 kB
Node 1 Inactive:          24424 kB
Node 1 Active(anon):       7084 kB
Node 1 Inactive(anon):      544 kB
Node 1 Active(file):      13500 kB
Node 1 Inactive(file):    23880 kB
Node 1 Unevictable:       13240 kB
Node 1 Mlocked:           13240 kB
Node 1 Dirty:                96 kB
Node 1 Writeback:             0 kB
Node 1 FilePages:         41008 kB
Node 1 Mapped:            12836 kB
Node 1 AnonPages:         17548 kB
Node 1 Shmem:               716 kB
Node 1 KernelStack:        1272 kB
Node 1 PageTables:          396 kB
Node 1 NFS_Unstable:          0 kB
Node 1 Bounce:                0 kB
Node 1 WritebackTmp:          0 kB
Node 1 KReclaimable:      20180 kB
Node 1 Slab:              46372 kB
Node 1 SReclaimable:      20180 kB
Node 1 SUnreclaim:        26192 kB
Node 1 AnonHugePages:         0 kB
Node 1 ShmemHugePages:        0 kB
Node 1 ShmemPmdMapped:        0 kB
Node 1 FileHugePages:        0 kB
Node 1 FilePmdMapped:        0 kB
Node 1 HugePages_Total:     0
Node 1 HugePages_Free:      0
Node 1 HugePages_Surp:      0

Load ZFS
Node 0 MemTotal:       24768352 kB
Node 0 MemFree:        24223032 kB
Node 0 MemUsed:          545320 kB
Node 0 Active:            88740 kB
Node 0 Inactive:         159864 kB
Node 0 Active(anon):      38796 kB
Node 0 Inactive(anon):      460 kB
Node 0 Active(file):      49944 kB
Node 0 Inactive(file):   159404 kB
Node 0 Unevictable:        5284 kB
Node 0 Mlocked:            5284 kB
Node 0 Dirty:                56 kB
Node 0 Writeback:             0 kB
Node 0 FilePages:        215272 kB
Node 0 Mapped:            28876 kB
Node 0 AnonPages:         38712 kB
Node 0 Shmem:               644 kB
Node 0 KernelStack:        2656 kB
Node 0 PageTables:         2052 kB
Node 0 NFS_Unstable:          0 kB
Node 0 Bounce:                0 kB
Node 0 WritebackTmp:          0 kB
Node 0 KReclaimable:      22744 kB
Node 0 Slab:              64016 kB
Node 0 SReclaimable:      22744 kB
Node 0 SUnreclaim:        41272 kB
Node 0 AnonHugePages:         0 kB
Node 0 ShmemHugePages:        0 kB
Node 0 ShmemPmdMapped:        0 kB
Node 0 FileHugePages:        0 kB
Node 0 FilePmdMapped:        0 kB
Node 0 HugePages_Total:     0
Node 0 HugePages_Free:      0
Node 0 HugePages_Surp:      0

Node 1 MemTotal:       24661580 kB
Node 1 MemFree:        24450556 kB
Node 1 MemUsed:          211024 kB
Node 1 Active:            35696 kB
Node 1 Inactive:          31192 kB
Node 1 Active(anon):      21520 kB
Node 1 Inactive(anon):      480 kB
Node 1 Active(file):      14176 kB
Node 1 Inactive(file):    30712 kB
Node 1 Unevictable:       13468 kB
Node 1 Mlocked:           13468 kB
Node 1 Dirty:               320 kB
Node 1 Writeback:             0 kB
Node 1 FilePages:         48712 kB
Node 1 Mapped:            14580 kB
Node 1 AnonPages:         32036 kB
Node 1 Shmem:               624 kB
Node 1 KernelStack:        1544 kB
Node 1 PageTables:          880 kB
Node 1 NFS_Unstable:          0 kB
Node 1 Bounce:                0 kB
Node 1 WritebackTmp:          0 kB
Node 1 KReclaimable:      20800 kB
Node 1 Slab:              48348 kB
Node 1 SReclaimable:      20800 kB
Node 1 SUnreclaim:        27548 kB
Node 1 AnonHugePages:         0 kB
Node 1 ShmemHugePages:        0 kB
Node 1 ShmemPmdMapped:        0 kB
Node 1 FileHugePages:        0 kB
Node 1 FilePmdMapped:        0 kB
Node 1 HugePages_Total:     0
Node 1 HugePages_Free:      0
Node 1 HugePages_Surp:      0

Import tank ZPool
Node 0 MemTotal:       24768352 kB
Node 0 MemFree:        24204648 kB
Node 0 MemUsed:          563704 kB
Node 0 Active:            89124 kB
Node 0 Inactive:         161068 kB
Node 0 Active(anon):      38720 kB
Node 0 Inactive(anon):      460 kB
Node 0 Active(file):      50404 kB
Node 0 Inactive(file):   160608 kB
Node 0 Unevictable:        5284 kB
Node 0 Mlocked:            5284 kB
Node 0 Dirty:                92 kB
Node 0 Writeback:             0 kB
Node 0 FilePages:        216948 kB
Node 0 Mapped:            28640 kB
Node 0 AnonPages:         38592 kB
Node 0 Shmem:               640 kB
Node 0 KernelStack:        2760 kB
Node 0 PageTables:         1860 kB
Node 0 NFS_Unstable:          0 kB
Node 0 Bounce:                0 kB
Node 0 WritebackTmp:          0 kB
Node 0 KReclaimable:      22864 kB
Node 0 Slab:              69492 kB
Node 0 SReclaimable:      22864 kB
Node 0 SUnreclaim:        46628 kB
Node 0 AnonHugePages:         0 kB
Node 0 ShmemHugePages:        0 kB
Node 0 ShmemPmdMapped:        0 kB
Node 0 FileHugePages:        0 kB
Node 0 FilePmdMapped:        0 kB
Node 0 HugePages_Total:     0
Node 0 HugePages_Free:      0
Node 0 HugePages_Surp:      0

Node 1 MemTotal:       24661580 kB
Node 1 MemFree:        24449868 kB
Node 1 MemUsed:          211712 kB
Node 1 Active:            35196 kB
Node 1 Inactive:          31300 kB
Node 1 Active(anon):      21120 kB
Node 1 Inactive(anon):      488 kB
Node 1 Active(file):      14076 kB
Node 1 Inactive(file):    30812 kB
Node 1 Unevictable:       13468 kB
Node 1 Mlocked:           13468 kB
Node 1 Dirty:               364 kB
Node 1 Writeback:             0 kB
Node 1 FilePages:         48428 kB
Node 1 Mapped:            14540 kB
Node 1 AnonPages:         31540 kB
Node 1 Shmem:               628 kB
Node 1 KernelStack:        2488 kB
Node 1 PageTables:          872 kB
Node 1 NFS_Unstable:          0 kB
Node 1 Bounce:                0 kB
Node 1 WritebackTmp:          0 kB
Node 1 KReclaimable:      20816 kB
Node 1 Slab:              50588 kB
Node 1 SReclaimable:      20816 kB
Node 1 SUnreclaim:        29772 kB
Node 1 AnonHugePages:         0 kB
Node 1 ShmemHugePages:        0 kB
Node 1 ShmemPmdMapped:        0 kB
Node 1 FileHugePages:        0 kB
Node 1 FilePmdMapped:        0 kB
Node 1 HugePages_Total:     0
Node 1 HugePages_Free:      0
Node 1 HugePages_Surp:      0

After Test
Node 0 MemTotal:       24768352 kB
Node 0 MemFree:        18651044 kB
Node 0 MemUsed:         6117308 kB
Node 0 Active:            78300 kB
Node 0 Inactive:        1137172 kB
Node 0 Active(anon):      26796 kB
Node 0 Inactive(anon):      456 kB
Node 0 Active(file):      51504 kB
Node 0 Inactive(file):  1136716 kB
Node 0 Unevictable:        5284 kB
Node 0 Mlocked:            5284 kB
Node 0 Dirty:                 4 kB
Node 0 Writeback:             0 kB
Node 0 FilePages:       1194140 kB
Node 0 Mapped:            26480 kB
Node 0 AnonPages:         26480 kB
Node 0 Shmem:               640 kB
Node 0 KernelStack:        2248 kB
Node 0 PageTables:          864 kB
Node 0 NFS_Unstable:          0 kB
Node 0 Bounce:                0 kB
Node 0 WritebackTmp:          0 kB
Node 0 KReclaimable:      25196 kB
Node 0 Slab:              90180 kB
Node 0 SReclaimable:      25196 kB
Node 0 SUnreclaim:        64984 kB
Node 0 AnonHugePages:         0 kB
Node 0 ShmemHugePages:        0 kB
Node 0 ShmemPmdMapped:        0 kB
Node 0 FileHugePages:        0 kB
Node 0 FilePmdMapped:        0 kB
Node 0 HugePages_Total:     0
Node 0 HugePages_Free:      0
Node 0 HugePages_Surp:      0

Node 1 MemTotal:       24661580 kB
Node 1 MemFree:        24015592 kB
Node 1 MemUsed:          645988 kB
Node 1 Active:            21272 kB
Node 1 Inactive:          30900 kB
Node 1 Active(anon):       6800 kB
Node 1 Inactive(anon):      484 kB
Node 1 Active(file):      14472 kB
Node 1 Inactive(file):    30416 kB
Node 1 Unevictable:       13468 kB
Node 1 Mlocked:           13468 kB
Node 1 Dirty:                 0 kB
Node 1 Writeback:             0 kB
Node 1 FilePages:         48428 kB
Node 1 Mapped:            12912 kB
Node 1 AnonPages:         17220 kB
Node 1 Shmem:               628 kB
Node 1 KernelStack:        2408 kB
Node 1 PageTables:          360 kB
Node 1 NFS_Unstable:          0 kB
Node 1 Bounce:                0 kB
Node 1 WritebackTmp:          0 kB
Node 1 KReclaimable:      21032 kB
Node 1 Slab:              52472 kB
Node 1 SReclaimable:      21032 kB
Node 1 SUnreclaim:        31440 kB
Node 1 AnonHugePages:         0 kB
Node 1 ShmemHugePages:        0 kB
Node 1 ShmemPmdMapped:        0 kB
Node 1 FileHugePages:        0 kB
Node 1 FilePmdMapped:        0 kB
Node 1 HugePages_Total:     0
Node 1 HugePages_Free:      0
Node 1 HugePages_Surp:      0

After Opposite Node
Node 0 MemTotal:       24768352 kB
Node 0 MemFree:        18652656 kB
Node 0 MemUsed:         6115696 kB
Node 0 Active:            77924 kB
Node 0 Inactive:        1137156 kB
Node 0 Active(anon):      26380 kB
Node 0 Inactive(anon):      456 kB
Node 0 Active(file):      51544 kB
Node 0 Inactive(file):  1136700 kB
Node 0 Unevictable:        5284 kB
Node 0 Mlocked:            5284 kB
Node 0 Dirty:                48 kB
Node 0 Writeback:             0 kB
Node 0 FilePages:       1194164 kB
Node 0 Mapped:            26472 kB
Node 0 AnonPages:         26216 kB
Node 0 Shmem:               640 kB
Node 0 KernelStack:        2248 kB
Node 0 PageTables:          656 kB
Node 0 NFS_Unstable:          0 kB
Node 0 Bounce:                0 kB
Node 0 WritebackTmp:          0 kB
Node 0 KReclaimable:      25196 kB
Node 0 Slab:              90472 kB
Node 0 SReclaimable:      25196 kB
Node 0 SUnreclaim:        65276 kB
Node 0 AnonHugePages:         0 kB
Node 0 ShmemHugePages:        0 kB
Node 0 ShmemPmdMapped:        0 kB
Node 0 FileHugePages:        0 kB
Node 0 FilePmdMapped:        0 kB
Node 0 HugePages_Total:     0
Node 0 HugePages_Free:      0
Node 0 HugePages_Surp:      0

Node 1 MemTotal:       24661580 kB
Node 1 MemFree:        24015848 kB
Node 1 MemUsed:          645732 kB
Node 1 Active:            21980 kB
Node 1 Inactive:          30680 kB
Node 1 Active(anon):       7268 kB
Node 1 Inactive(anon):      484 kB
Node 1 Active(file):      14712 kB
Node 1 Inactive(file):    30196 kB
Node 1 Unevictable:       13468 kB
Node 1 Mlocked:           13468 kB
Node 1 Dirty:                32 kB
Node 1 Writeback:             0 kB
Node 1 FilePages:         48448 kB
Node 1 Mapped:            12912 kB
Node 1 AnonPages:         17488 kB
Node 1 Shmem:               628 kB
Node 1 KernelStack:        2424 kB
Node 1 PageTables:          572 kB
Node 1 NFS_Unstable:          0 kB
Node 1 Bounce:                0 kB
Node 1 WritebackTmp:          0 kB
Node 1 KReclaimable:      21100 kB
Node 1 Slab:              52636 kB
Node 1 SReclaimable:      21100 kB
Node 1 SUnreclaim:        31536 kB
Node 1 AnonHugePages:         0 kB
Node 1 ShmemHugePages:        0 kB
Node 1 ShmemPmdMapped:        0 kB
Node 1 FileHugePages:        0 kB
Node 1 FilePmdMapped:        0 kB
Node 1 HugePages_Total:     0
Node 1 HugePages_Free:      0
Node 1 HugePages_Surp:      0

B.0.1G-simpleread.4G.3.O.1M Complete!
