B.0.fio.0-12K.2.O
Begin
Node 0 MemTotal:       24768352 kB
Node 0 MemFree:        24479356 kB
Node 0 MemUsed:          288996 kB
Node 0 Active:            46012 kB
Node 0 Inactive:         102320 kB
Node 0 Active(anon):      20608 kB
Node 0 Inactive(anon):      492 kB
Node 0 Active(file):      25404 kB
Node 0 Inactive(file):   101828 kB
Node 0 Unevictable:        5200 kB
Node 0 Mlocked:            5200 kB
Node 0 Dirty:               244 kB
Node 0 Writeback:             0 kB
Node 0 FilePages:        133124 kB
Node 0 Mapped:            58844 kB
Node 0 AnonPages:         20468 kB
Node 0 Shmem:               680 kB
Node 0 KernelStack:        2232 kB
Node 0 PageTables:          708 kB
Node 0 NFS_Unstable:          0 kB
Node 0 Bounce:                0 kB
Node 0 WritebackTmp:          0 kB
Node 0 KReclaimable:      18176 kB
Node 0 Slab:              54156 kB
Node 0 SReclaimable:      18176 kB
Node 0 SUnreclaim:        35980 kB
Node 0 AnonHugePages:         0 kB
Node 0 ShmemHugePages:        0 kB
Node 0 ShmemPmdMapped:        0 kB
Node 0 FileHugePages:        0 kB
Node 0 FilePmdMapped:        0 kB
Node 0 HugePages_Total:     0
Node 0 HugePages_Free:      0
Node 0 HugePages_Surp:      0

Node 1 MemTotal:       24661580 kB
Node 1 MemFree:        24291316 kB
Node 1 MemUsed:          370264 kB
Node 1 Active:            49988 kB
Node 1 Inactive:          34876 kB
Node 1 Active(anon):      13108 kB
Node 1 Inactive(anon):      384 kB
Node 1 Active(file):      36880 kB
Node 1 Inactive(file):    34492 kB
Node 1 Unevictable:       13324 kB
Node 1 Mlocked:           13324 kB
Node 1 Dirty:               272 kB
Node 1 Writeback:             0 kB
Node 1 FilePages:         74956 kB
Node 1 Mapped:            25408 kB
Node 1 AnonPages:         23272 kB
Node 1 Shmem:               588 kB
Node 1 KernelStack:        1352 kB
Node 1 PageTables:          552 kB
Node 1 NFS_Unstable:          0 kB
Node 1 Bounce:                0 kB
Node 1 WritebackTmp:          0 kB
Node 1 KReclaimable:      22296 kB
Node 1 Slab:              49392 kB
Node 1 SReclaimable:      22296 kB
Node 1 SUnreclaim:        27096 kB
Node 1 AnonHugePages:         0 kB
Node 1 ShmemHugePages:        0 kB
Node 1 ShmemPmdMapped:        0 kB
Node 1 FileHugePages:        0 kB
Node 1 FilePmdMapped:        0 kB
Node 1 HugePages_Total:     0
Node 1 HugePages_Free:      0
Node 1 HugePages_Surp:      0

Load ZFS
Node 0 MemTotal:       24768352 kB
Node 0 MemFree:        24448452 kB
Node 0 MemUsed:          319900 kB
Node 0 Active:            58700 kB
Node 0 Inactive:         116152 kB
Node 0 Active(anon):      32588 kB
Node 0 Inactive(anon):      544 kB
Node 0 Active(file):      26112 kB
Node 0 Inactive(file):   115608 kB
Node 0 Unevictable:        5200 kB
Node 0 Mlocked:            5200 kB
Node 0 Dirty:               564 kB
Node 0 Writeback:             0 kB
Node 0 FilePages:        147664 kB
Node 0 Mapped:            60512 kB
Node 0 AnonPages:         32532 kB
Node 0 Shmem:               748 kB
Node 0 KernelStack:        2328 kB
Node 0 PageTables:         1572 kB
Node 0 NFS_Unstable:          0 kB
Node 0 Bounce:                0 kB
Node 0 WritebackTmp:          0 kB
Node 0 KReclaimable:      18712 kB
Node 0 Slab:              56996 kB
Node 0 SReclaimable:      18712 kB
Node 0 SUnreclaim:        38284 kB
Node 0 AnonHugePages:         0 kB
Node 0 ShmemHugePages:        0 kB
Node 0 ShmemPmdMapped:        0 kB
Node 0 FileHugePages:        0 kB
Node 0 FilePmdMapped:        0 kB
Node 0 HugePages_Total:     0
Node 0 HugePages_Free:      0
Node 0 HugePages_Surp:      0

Node 1 MemTotal:       24661580 kB
Node 1 MemFree:        24179876 kB
Node 1 MemUsed:          481704 kB
Node 1 Active:            64664 kB
Node 1 Inactive:         124620 kB
Node 1 Active(anon):      26124 kB
Node 1 Inactive(anon):      400 kB
Node 1 Active(file):      38540 kB
Node 1 Inactive(file):   124220 kB
Node 1 Unevictable:       13536 kB
Node 1 Mlocked:           13536 kB
Node 1 Dirty:               108 kB
Node 1 Writeback:             0 kB
Node 1 FilePages:        166276 kB
Node 1 Mapped:            28032 kB
Node 1 AnonPages:         36868 kB
Node 1 Shmem:               520 kB
Node 1 KernelStack:        1784 kB
Node 1 PageTables:         1796 kB
Node 1 NFS_Unstable:          0 kB
Node 1 Bounce:                0 kB
Node 1 WritebackTmp:          0 kB
Node 1 KReclaimable:      23308 kB
Node 1 Slab:              54144 kB
Node 1 SReclaimable:      23308 kB
Node 1 SUnreclaim:        30836 kB
Node 1 AnonHugePages:         0 kB
Node 1 ShmemHugePages:        0 kB
Node 1 ShmemPmdMapped:        0 kB
Node 1 FileHugePages:        0 kB
Node 1 FilePmdMapped:        0 kB
Node 1 HugePages_Total:     0
Node 1 HugePages_Free:      0
Node 1 HugePages_Surp:      0

Import tank ZPool
Node 0 MemTotal:       24768352 kB
Node 0 MemFree:        24435248 kB
Node 0 MemUsed:          333104 kB
Node 0 Active:            58468 kB
Node 0 Inactive:         116332 kB
Node 0 Active(anon):      32356 kB
Node 0 Inactive(anon):      540 kB
Node 0 Active(file):      26112 kB
Node 0 Inactive(file):   115792 kB
Node 0 Unevictable:        5200 kB
Node 0 Mlocked:            5200 kB
Node 0 Dirty:               128 kB
Node 0 Writeback:             0 kB
Node 0 FilePages:        147868 kB
Node 0 Mapped:            60756 kB
Node 0 AnonPages:         32152 kB
Node 0 Shmem:               744 kB
Node 0 KernelStack:        3400 kB
Node 0 PageTables:         1104 kB
Node 0 NFS_Unstable:          0 kB
Node 0 Bounce:                0 kB
Node 0 WritebackTmp:          0 kB
Node 0 KReclaimable:      18720 kB
Node 0 Slab:              59012 kB
Node 0 SReclaimable:      18720 kB
Node 0 SUnreclaim:        40292 kB
Node 0 AnonHugePages:         0 kB
Node 0 ShmemHugePages:        0 kB
Node 0 ShmemPmdMapped:        0 kB
Node 0 FileHugePages:        0 kB
Node 0 FilePmdMapped:        0 kB
Node 0 HugePages_Total:     0
Node 0 HugePages_Free:      0
Node 0 HugePages_Surp:      0

Node 1 MemTotal:       24661580 kB
Node 1 MemFree:        24173548 kB
Node 1 MemUsed:          488032 kB
Node 1 Active:            65212 kB
Node 1 Inactive:         125804 kB
Node 1 Active(anon):      26300 kB
Node 1 Inactive(anon):      408 kB
Node 1 Active(file):      38912 kB
Node 1 Inactive(file):   125396 kB
Node 1 Unevictable:       13552 kB
Node 1 Mlocked:           13552 kB
Node 1 Dirty:                20 kB
Node 1 Writeback:             0 kB
Node 1 FilePages:        167840 kB
Node 1 Mapped:            27972 kB
Node 1 AnonPages:         36376 kB
Node 1 Shmem:               524 kB
Node 1 KernelStack:        1800 kB
Node 1 PageTables:         1884 kB
Node 1 NFS_Unstable:          0 kB
Node 1 Bounce:                0 kB
Node 1 WritebackTmp:          0 kB
Node 1 KReclaimable:      23452 kB
Node 1 Slab:              59196 kB
Node 1 SReclaimable:      23452 kB
Node 1 SUnreclaim:        35744 kB
Node 1 AnonHugePages:         0 kB
Node 1 ShmemHugePages:        0 kB
Node 1 ShmemPmdMapped:        0 kB
Node 1 FileHugePages:        0 kB
Node 1 FilePmdMapped:        0 kB
Node 1 HugePages_Total:     0
Node 1 HugePages_Free:      0
Node 1 HugePages_Surp:      0

After Test
Node 0 MemTotal:       24768352 kB
Node 0 MemFree:        24429684 kB
Node 0 MemUsed:          338668 kB
Node 0 Active:            59452 kB
Node 0 Inactive:         117552 kB
Node 0 Active(anon):      32444 kB
Node 0 Inactive(anon):      564 kB
Node 0 Active(file):      27008 kB
Node 0 Inactive(file):   116988 kB
Node 0 Unevictable:        5200 kB
Node 0 Mlocked:            5200 kB
Node 0 Dirty:               148 kB
Node 0 Writeback:             0 kB
Node 0 FilePages:        149980 kB
Node 0 Mapped:            60952 kB
Node 0 AnonPages:         32136 kB
Node 0 Shmem:               788 kB
Node 0 KernelStack:        3528 kB
Node 0 PageTables:         1312 kB
Node 0 NFS_Unstable:          0 kB
Node 0 Bounce:                0 kB
Node 0 WritebackTmp:          0 kB
Node 0 KReclaimable:      20028 kB
Node 0 Slab:              60712 kB
Node 0 SReclaimable:      20028 kB
Node 0 SUnreclaim:        40684 kB
Node 0 AnonHugePages:         0 kB
Node 0 ShmemHugePages:        0 kB
Node 0 ShmemPmdMapped:        0 kB
Node 0 FileHugePages:        0 kB
Node 0 FilePmdMapped:        0 kB
Node 0 HugePages_Total:     0
Node 0 HugePages_Free:      0
Node 0 HugePages_Surp:      0

Node 1 MemTotal:       24661580 kB
Node 1 MemFree:        24173816 kB
Node 1 MemUsed:          487764 kB
Node 1 Active:            65328 kB
Node 1 Inactive:         125524 kB
Node 1 Active(anon):      25964 kB
Node 1 Inactive(anon):      408 kB
Node 1 Active(file):      39364 kB
Node 1 Inactive(file):   125116 kB
Node 1 Unevictable:       13552 kB
Node 1 Mlocked:           13552 kB
Node 1 Dirty:                24 kB
Node 1 Writeback:             0 kB
Node 1 FilePages:        168000 kB
Node 1 Mapped:            27764 kB
Node 1 AnonPages:         36404 kB
Node 1 Shmem:               524 kB
Node 1 KernelStack:        1784 kB
Node 1 PageTables:         1756 kB
Node 1 NFS_Unstable:          0 kB
Node 1 Bounce:                0 kB
Node 1 WritebackTmp:          0 kB
Node 1 KReclaimable:      23456 kB
Node 1 Slab:              59152 kB
Node 1 SReclaimable:      23456 kB
Node 1 SUnreclaim:        35696 kB
Node 1 AnonHugePages:         0 kB
Node 1 ShmemHugePages:        0 kB
Node 1 ShmemPmdMapped:        0 kB
Node 1 FileHugePages:        0 kB
Node 1 FilePmdMapped:        0 kB
Node 1 HugePages_Total:     0
Node 1 HugePages_Free:      0
Node 1 HugePages_Surp:      0

After Opposite Node
Node 0 MemTotal:       24768352 kB
Node 0 MemFree:        24429764 kB
Node 0 MemUsed:          338588 kB
Node 0 Active:            59536 kB
Node 0 Inactive:         117396 kB
Node 0 Active(anon):      32388 kB
Node 0 Inactive(anon):      540 kB
Node 0 Active(file):      27148 kB
Node 0 Inactive(file):   116856 kB
Node 0 Unevictable:        5200 kB
Node 0 Mlocked:            5200 kB
Node 0 Dirty:               156 kB
Node 0 Writeback:             0 kB
Node 0 FilePages:        149944 kB
Node 0 Mapped:            61216 kB
Node 0 AnonPages:         32184 kB
Node 0 Shmem:               744 kB
Node 0 KernelStack:        3496 kB
Node 0 PageTables:         1212 kB
Node 0 NFS_Unstable:          0 kB
Node 0 Bounce:                0 kB
Node 0 WritebackTmp:          0 kB
Node 0 KReclaimable:      20028 kB
Node 0 Slab:              60704 kB
Node 0 SReclaimable:      20028 kB
Node 0 SUnreclaim:        40676 kB
Node 0 AnonHugePages:         0 kB
Node 0 ShmemHugePages:        0 kB
Node 0 ShmemPmdMapped:        0 kB
Node 0 FileHugePages:        0 kB
Node 0 FilePmdMapped:        0 kB
Node 0 HugePages_Total:     0
Node 0 HugePages_Free:      0
Node 0 HugePages_Surp:      0

Node 1 MemTotal:       24661580 kB
Node 1 MemFree:        24173380 kB
Node 1 MemUsed:          488200 kB
Node 1 Active:            65912 kB
Node 1 Inactive:         125548 kB
Node 1 Active(anon):      26544 kB
Node 1 Inactive(anon):      432 kB
Node 1 Active(file):      39368 kB
Node 1 Inactive(file):   125116 kB
Node 1 Unevictable:       13552 kB
Node 1 Mlocked:           13552 kB
Node 1 Dirty:                24 kB
Node 1 Writeback:             0 kB
Node 1 FilePages:        168324 kB
Node 1 Mapped:            27792 kB
Node 1 AnonPages:         36536 kB
Node 1 Shmem:               552 kB
Node 1 KernelStack:        1764 kB
Node 1 PageTables:         1772 kB
Node 1 NFS_Unstable:          0 kB
Node 1 Bounce:                0 kB
Node 1 WritebackTmp:          0 kB
Node 1 KReclaimable:      23472 kB
Node 1 Slab:              59176 kB
Node 1 SReclaimable:      23472 kB
Node 1 SUnreclaim:        35704 kB
Node 1 AnonHugePages:         0 kB
Node 1 ShmemHugePages:        0 kB
Node 1 ShmemPmdMapped:        0 kB
Node 1 FileHugePages:        0 kB
Node 1 FilePmdMapped:        0 kB
Node 1 HugePages_Total:     0
Node 1 HugePages_Free:      0
Node 1 HugePages_Surp:      0

B.0.fio.0-12K.2.O Complete!
