B.0.fio.0-12K.1.O
Begin
Node 0 MemTotal:       24768352 kB
Node 0 MemFree:        24516924 kB
Node 0 MemUsed:          251428 kB
Node 0 Active:            58524 kB
Node 0 Inactive:          31148 kB
Node 0 Active(anon):      20072 kB
Node 0 Inactive(anon):      364 kB
Node 0 Active(file):      38452 kB
Node 0 Inactive(file):    30784 kB
Node 0 Unevictable:       13632 kB
Node 0 Mlocked:           13632 kB
Node 0 Dirty:               172 kB
Node 0 Writeback:             0 kB
Node 0 FilePages:         73132 kB
Node 0 Mapped:            26536 kB
Node 0 AnonPages:         30260 kB
Node 0 Shmem:               592 kB
Node 0 KernelStack:        2232 kB
Node 0 PageTables:          872 kB
Node 0 NFS_Unstable:          0 kB
Node 0 Bounce:                0 kB
Node 0 WritebackTmp:          0 kB
Node 0 KReclaimable:      25168 kB
Node 0 Slab:              65732 kB
Node 0 SReclaimable:      25168 kB
Node 0 SUnreclaim:        40564 kB
Node 0 AnonHugePages:         0 kB
Node 0 ShmemHugePages:        0 kB
Node 0 ShmemPmdMapped:        0 kB
Node 0 FileHugePages:        0 kB
Node 0 FilePmdMapped:        0 kB
Node 0 HugePages_Total:     0
Node 0 HugePages_Free:      0
Node 0 HugePages_Surp:      0

Node 1 MemTotal:       24661580 kB
Node 1 MemFree:        24267492 kB
Node 1 MemUsed:          394088 kB
Node 1 Active:            37864 kB
Node 1 Inactive:          91624 kB
Node 1 Active(anon):      13736 kB
Node 1 Inactive(anon):      496 kB
Node 1 Active(file):      24128 kB
Node 1 Inactive(file):    91128 kB
Node 1 Unevictable:        4892 kB
Node 1 Mlocked:            4892 kB
Node 1 Dirty:               180 kB
Node 1 Writeback:             0 kB
Node 1 FilePages:        120832 kB
Node 1 Mapped:            50124 kB
Node 1 AnonPages:         13592 kB
Node 1 Shmem:               676 kB
Node 1 KernelStack:        1432 kB
Node 1 PageTables:          368 kB
Node 1 NFS_Unstable:          0 kB
Node 1 Bounce:                0 kB
Node 1 WritebackTmp:          0 kB
Node 1 KReclaimable:      16800 kB
Node 1 Slab:              40132 kB
Node 1 SReclaimable:      16800 kB
Node 1 SUnreclaim:        23332 kB
Node 1 AnonHugePages:         0 kB
Node 1 ShmemHugePages:        0 kB
Node 1 ShmemPmdMapped:        0 kB
Node 1 FileHugePages:        0 kB
Node 1 FilePmdMapped:        0 kB
Node 1 HugePages_Total:     0
Node 1 HugePages_Free:      0
Node 1 HugePages_Surp:      0

Load ZFS
Node 0 MemTotal:       24768352 kB
Node 0 MemFree:        24273008 kB
Node 0 MemUsed:          495344 kB
Node 0 Active:            71424 kB
Node 0 Inactive:         119160 kB
Node 0 Active(anon):      31860 kB
Node 0 Inactive(anon):       40 kB
Node 0 Active(file):      39564 kB
Node 0 Inactive(file):   119120 kB
Node 0 Unevictable:       13632 kB
Node 0 Mlocked:           13632 kB
Node 0 Dirty:               244 kB
Node 0 Writeback:             0 kB
Node 0 FilePages:        162892 kB
Node 0 Mapped:            29264 kB
Node 0 AnonPages:         41744 kB
Node 0 Shmem:               448 kB
Node 0 KernelStack:        2628 kB
Node 0 PageTables:         2248 kB
Node 0 NFS_Unstable:          0 kB
Node 0 Bounce:                0 kB
Node 0 WritebackTmp:          0 kB
Node 0 KReclaimable:      25864 kB
Node 0 Slab:              70100 kB
Node 0 SReclaimable:      25864 kB
Node 0 SUnreclaim:        44236 kB
Node 0 AnonHugePages:         0 kB
Node 0 ShmemHugePages:        0 kB
Node 0 ShmemPmdMapped:        0 kB
Node 0 FileHugePages:        0 kB
Node 0 FilePmdMapped:        0 kB
Node 0 HugePages_Total:     0
Node 0 HugePages_Free:      0
Node 0 HugePages_Surp:      0

Node 1 MemTotal:       24661580 kB
Node 1 MemFree:        24370560 kB
Node 1 MemUsed:          291020 kB
Node 1 Active:            51676 kB
Node 1 Inactive:         106776 kB
Node 1 Active(anon):      26288 kB
Node 1 Inactive(anon):      432 kB
Node 1 Active(file):      25388 kB
Node 1 Inactive(file):   106344 kB
Node 1 Unevictable:        4892 kB
Node 1 Mlocked:            4892 kB
Node 1 Dirty:               300 kB
Node 1 Writeback:             0 kB
Node 1 FilePages:        137436 kB
Node 1 Mapped:            52636 kB
Node 1 AnonPages:         25744 kB
Node 1 Shmem:               820 kB
Node 1 KernelStack:        1644 kB
Node 1 PageTables:          820 kB
Node 1 NFS_Unstable:          0 kB
Node 1 Bounce:                0 kB
Node 1 WritebackTmp:          0 kB
Node 1 KReclaimable:      17456 kB
Node 1 Slab:              43176 kB
Node 1 SReclaimable:      17456 kB
Node 1 SUnreclaim:        25720 kB
Node 1 AnonHugePages:         0 kB
Node 1 ShmemHugePages:        0 kB
Node 1 ShmemPmdMapped:        0 kB
Node 1 FileHugePages:        0 kB
Node 1 FilePmdMapped:        0 kB
Node 1 HugePages_Total:     0
Node 1 HugePages_Free:      0
Node 1 HugePages_Surp:      0

Import tank ZPool
Node 0 MemTotal:       24768352 kB
Node 0 MemFree:        24279856 kB
Node 0 MemUsed:          488496 kB
Node 0 Active:            59816 kB
Node 0 Inactive:         120440 kB
Node 0 Active(anon):      19804 kB
Node 0 Inactive(anon):      472 kB
Node 0 Active(file):      40012 kB
Node 0 Inactive(file):   119968 kB
Node 0 Unevictable:       13864 kB
Node 0 Mlocked:           13864 kB
Node 0 Dirty:                76 kB
Node 0 Writeback:             0 kB
Node 0 FilePages:        163960 kB
Node 0 Mapped:            26880 kB
Node 0 AnonPages:         29956 kB
Node 0 Shmem:               660 kB
Node 0 KernelStack:        2328 kB
Node 0 PageTables:         1244 kB
Node 0 NFS_Unstable:          0 kB
Node 0 Bounce:                0 kB
Node 0 WritebackTmp:          0 kB
Node 0 KReclaimable:      26152 kB
Node 0 Slab:              74708 kB
Node 0 SReclaimable:      26152 kB
Node 0 SUnreclaim:        48556 kB
Node 0 AnonHugePages:         0 kB
Node 0 ShmemHugePages:        0 kB
Node 0 ShmemPmdMapped:        0 kB
Node 0 FileHugePages:        0 kB
Node 0 FilePmdMapped:        0 kB
Node 0 HugePages_Total:     0
Node 0 HugePages_Free:      0
Node 0 HugePages_Surp:      0

Node 1 MemTotal:       24661580 kB
Node 1 MemFree:        24365136 kB
Node 1 MemUsed:          296444 kB
Node 1 Active:            40312 kB
Node 1 Inactive:         106364 kB
Node 1 Active(anon):      14360 kB
Node 1 Inactive(anon):      476 kB
Node 1 Active(file):      25952 kB
Node 1 Inactive(file):   105888 kB
Node 1 Unevictable:        4892 kB
Node 1 Mlocked:            4892 kB
Node 1 Dirty:                60 kB
Node 1 Writeback:             0 kB
Node 1 FilePages:        137336 kB
Node 1 Mapped:            50568 kB
Node 1 AnonPages:         14248 kB
Node 1 Shmem:               608 kB
Node 1 KernelStack:        2584 kB
Node 1 PageTables:          592 kB
Node 1 NFS_Unstable:          0 kB
Node 1 Bounce:                0 kB
Node 1 WritebackTmp:          0 kB
Node 1 KReclaimable:      17536 kB
Node 1 Slab:              44848 kB
Node 1 SReclaimable:      17536 kB
Node 1 SUnreclaim:        27312 kB
Node 1 AnonHugePages:         0 kB
Node 1 ShmemHugePages:        0 kB
Node 1 ShmemPmdMapped:        0 kB
Node 1 FileHugePages:        0 kB
Node 1 FilePmdMapped:        0 kB
Node 1 HugePages_Total:     0
Node 1 HugePages_Free:      0
Node 1 HugePages_Surp:      0

After Test
Node 0 MemTotal:       24768352 kB
Node 0 MemFree:        24276624 kB
Node 0 MemUsed:          491728 kB
Node 0 Active:            61072 kB
Node 0 Inactive:         121340 kB
Node 0 Active(anon):      19824 kB
Node 0 Inactive(anon):      492 kB
Node 0 Active(file):      41248 kB
Node 0 Inactive(file):   120848 kB
Node 0 Unevictable:       13864 kB
Node 0 Mlocked:           13864 kB
Node 0 Dirty:                84 kB
Node 0 Writeback:             0 kB
Node 0 FilePages:        166104 kB
Node 0 Mapped:            26804 kB
Node 0 AnonPages:         30084 kB
Node 0 Shmem:               704 kB
Node 0 KernelStack:        2264 kB
Node 0 PageTables:          948 kB
Node 0 NFS_Unstable:          0 kB
Node 0 Bounce:                0 kB
Node 0 WritebackTmp:          0 kB
Node 0 KReclaimable:      27400 kB
Node 0 Slab:              76064 kB
Node 0 SReclaimable:      27400 kB
Node 0 SUnreclaim:        48664 kB
Node 0 AnonHugePages:         0 kB
Node 0 ShmemHugePages:        0 kB
Node 0 ShmemPmdMapped:        0 kB
Node 0 FileHugePages:        0 kB
Node 0 FilePmdMapped:        0 kB
Node 0 HugePages_Total:     0
Node 0 HugePages_Free:      0
Node 0 HugePages_Surp:      0

Node 1 MemTotal:       24661580 kB
Node 1 MemFree:        24365744 kB
Node 1 MemUsed:          295836 kB
Node 1 Active:            39812 kB
Node 1 Inactive:         106364 kB
Node 1 Active(anon):      13860 kB
Node 1 Inactive(anon):      472 kB
Node 1 Active(file):      25952 kB
Node 1 Inactive(file):   105892 kB
Node 1 Unevictable:        4892 kB
Node 1 Mlocked:            4892 kB
Node 1 Dirty:                60 kB
Node 1 Writeback:             0 kB
Node 1 FilePages:        137340 kB
Node 1 Mapped:            50304 kB
Node 1 AnonPages:         13724 kB
Node 1 Shmem:               608 kB
Node 1 KernelStack:        2504 kB
Node 1 PageTables:          388 kB
Node 1 NFS_Unstable:          0 kB
Node 1 Bounce:                0 kB
Node 1 WritebackTmp:          0 kB
Node 1 KReclaimable:      17536 kB
Node 1 Slab:              44868 kB
Node 1 SReclaimable:      17536 kB
Node 1 SUnreclaim:        27332 kB
Node 1 AnonHugePages:         0 kB
Node 1 ShmemHugePages:        0 kB
Node 1 ShmemPmdMapped:        0 kB
Node 1 FileHugePages:        0 kB
Node 1 FilePmdMapped:        0 kB
Node 1 HugePages_Total:     0
Node 1 HugePages_Free:      0
Node 1 HugePages_Surp:      0

After Opposite Node
Node 0 MemTotal:       24768352 kB
Node 0 MemFree:        24276844 kB
Node 0 MemUsed:          491508 kB
Node 0 Active:            61136 kB
Node 0 Inactive:         121124 kB
Node 0 Active(anon):      19680 kB
Node 0 Inactive(anon):      464 kB
Node 0 Active(file):      41456 kB
Node 0 Inactive(file):   120660 kB
Node 0 Unevictable:       13864 kB
Node 0 Mlocked:           13864 kB
Node 0 Dirty:               104 kB
Node 0 Writeback:             0 kB
Node 0 FilePages:        166076 kB
Node 0 Mapped:            26752 kB
Node 0 AnonPages:         30048 kB
Node 0 Shmem:               656 kB
Node 0 KernelStack:        2264 kB
Node 0 PageTables:          832 kB
Node 0 NFS_Unstable:          0 kB
Node 0 Bounce:                0 kB
Node 0 WritebackTmp:          0 kB
Node 0 KReclaimable:      27408 kB
Node 0 Slab:              76072 kB
Node 0 SReclaimable:      27408 kB
Node 0 SUnreclaim:        48664 kB
Node 0 AnonHugePages:         0 kB
Node 0 ShmemHugePages:        0 kB
Node 0 ShmemPmdMapped:        0 kB
Node 0 FileHugePages:        0 kB
Node 0 FilePmdMapped:        0 kB
Node 0 HugePages_Total:     0
Node 0 HugePages_Free:      0
Node 0 HugePages_Surp:      0

Node 1 MemTotal:       24661580 kB
Node 1 MemFree:        24365336 kB
Node 1 MemUsed:          296244 kB
Node 1 Active:            39988 kB
Node 1 Inactive:         106404 kB
Node 1 Active(anon):      14032 kB
Node 1 Inactive(anon):      504 kB
Node 1 Active(file):      25956 kB
Node 1 Inactive(file):   105900 kB
Node 1 Unevictable:        4892 kB
Node 1 Mlocked:            4892 kB
Node 1 Dirty:                68 kB
Node 1 Writeback:             0 kB
Node 1 FilePages:        137400 kB
Node 1 Mapped:            50348 kB
Node 1 AnonPages:         13828 kB
Node 1 Shmem:               656 kB
Node 1 KernelStack:        2520 kB
Node 1 PageTables:          560 kB
Node 1 NFS_Unstable:          0 kB
Node 1 Bounce:                0 kB
Node 1 WritebackTmp:          0 kB
Node 1 KReclaimable:      17608 kB
Node 1 Slab:              45196 kB
Node 1 SReclaimable:      17608 kB
Node 1 SUnreclaim:        27588 kB
Node 1 AnonHugePages:         0 kB
Node 1 ShmemHugePages:        0 kB
Node 1 ShmemPmdMapped:        0 kB
Node 1 FileHugePages:        0 kB
Node 1 FilePmdMapped:        0 kB
Node 1 HugePages_Total:     0
Node 1 HugePages_Free:      0
Node 1 HugePages_Surp:      0

B.0.fio.0-12K.1.O Complete!
