B.0.fio.16G.2.O
Begin
Node 0 MemTotal:       24743736 kB
Node 0 MemFree:        24471796 kB
Node 0 MemUsed:          271940 kB
Node 0 Active:            43392 kB
Node 0 Inactive:          70816 kB
Node 0 Active(anon):      22780 kB
Node 0 Inactive(anon):      536 kB
Node 0 Active(file):      20612 kB
Node 0 Inactive(file):    70280 kB
Node 0 Unevictable:        4928 kB
Node 0 Mlocked:            4928 kB
Node 0 Dirty:               436 kB
Node 0 Writeback:             0 kB
Node 0 FilePages:         96616 kB
Node 0 Mapped:            30280 kB
Node 0 AnonPages:         22632 kB
Node 0 Shmem:               780 kB
Node 0 KernelStack:        2472 kB
Node 0 PageTables:          780 kB
Node 0 NFS_Unstable:          0 kB
Node 0 Bounce:                0 kB
Node 0 WritebackTmp:          0 kB
Node 0 KReclaimable:      22688 kB
Node 0 Slab:              63000 kB
Node 0 SReclaimable:      22688 kB
Node 0 SUnreclaim:        40312 kB
Node 0 AnonHugePages:         0 kB
Node 0 ShmemHugePages:        0 kB
Node 0 ShmemPmdMapped:        0 kB
Node 0 FileHugePages:        0 kB
Node 0 FilePmdMapped:        0 kB
Node 0 HugePages_Total:     0
Node 0 HugePages_Free:      0
Node 0 HugePages_Surp:      0

Node 1 MemTotal:       24686196 kB
Node 1 MemFree:        24296920 kB
Node 1 MemUsed:          389276 kB
Node 1 Active:            51228 kB
Node 1 Inactive:          68716 kB
Node 1 Active(anon):      11016 kB
Node 1 Inactive(anon):      324 kB
Node 1 Active(file):      40212 kB
Node 1 Inactive(file):    68392 kB
Node 1 Unevictable:       13596 kB
Node 1 Mlocked:           13596 kB
Node 1 Dirty:                84 kB
Node 1 Writeback:             0 kB
Node 1 FilePages:        112376 kB
Node 1 Mapped:            54512 kB
Node 1 AnonPages:         21180 kB
Node 1 Shmem:               488 kB
Node 1 KernelStack:        1144 kB
Node 1 PageTables:          460 kB
Node 1 NFS_Unstable:          0 kB
Node 1 Bounce:                0 kB
Node 1 WritebackTmp:          0 kB
Node 1 KReclaimable:      19372 kB
Node 1 Slab:              43840 kB
Node 1 SReclaimable:      19372 kB
Node 1 SUnreclaim:        24468 kB
Node 1 AnonHugePages:         0 kB
Node 1 ShmemHugePages:        0 kB
Node 1 ShmemPmdMapped:        0 kB
Node 1 FileHugePages:        0 kB
Node 1 FilePmdMapped:        0 kB
Node 1 HugePages_Total:     0
Node 1 HugePages_Free:      0
Node 1 HugePages_Surp:      0

Load ZFS
Node 0 MemTotal:       24743736 kB
Node 0 MemFree:        24438008 kB
Node 0 MemUsed:          305728 kB
Node 0 Active:            56584 kB
Node 0 Inactive:          86880 kB
Node 0 Active(anon):      35052 kB
Node 0 Inactive(anon):      476 kB
Node 0 Active(file):      21532 kB
Node 0 Inactive(file):    86404 kB
Node 0 Unevictable:        4928 kB
Node 0 Mlocked:            4928 kB
Node 0 Dirty:               308 kB
Node 0 Writeback:             0 kB
Node 0 FilePages:        113528 kB
Node 0 Mapped:            32936 kB
Node 0 AnonPages:         35168 kB
Node 0 Shmem:               668 kB
Node 0 KernelStack:        2828 kB
Node 0 PageTables:         1796 kB
Node 0 NFS_Unstable:          0 kB
Node 0 Bounce:                0 kB
Node 0 WritebackTmp:          0 kB
Node 0 KReclaimable:      23216 kB
Node 0 Slab:              65320 kB
Node 0 SReclaimable:      23216 kB
Node 0 SUnreclaim:        42104 kB
Node 0 AnonHugePages:         0 kB
Node 0 ShmemHugePages:        0 kB
Node 0 ShmemPmdMapped:        0 kB
Node 0 FileHugePages:        0 kB
Node 0 FilePmdMapped:        0 kB
Node 0 HugePages_Total:     0
Node 0 HugePages_Free:      0
Node 0 HugePages_Surp:      0

Node 1 MemTotal:       24686196 kB
Node 1 MemFree:        24186208 kB
Node 1 MemUsed:          499988 kB
Node 1 Active:            67492 kB
Node 1 Inactive:         156272 kB
Node 1 Active(anon):      25716 kB
Node 1 Inactive(anon):      468 kB
Node 1 Active(file):      41776 kB
Node 1 Inactive(file):   155804 kB
Node 1 Unevictable:       13796 kB
Node 1 Mlocked:           13796 kB
Node 1 Dirty:               372 kB
Node 1 Writeback:             0 kB
Node 1 FilePages:        201736 kB
Node 1 Mapped:            56920 kB
Node 1 AnonPages:         35564 kB
Node 1 Shmem:               600 kB
Node 1 KernelStack:        1504 kB
Node 1 PageTables:         1524 kB
Node 1 NFS_Unstable:          0 kB
Node 1 Bounce:                0 kB
Node 1 WritebackTmp:          0 kB
Node 1 KReclaimable:      20500 kB
Node 1 Slab:              47848 kB
Node 1 SReclaimable:      20500 kB
Node 1 SUnreclaim:        27348 kB
Node 1 AnonHugePages:         0 kB
Node 1 ShmemHugePages:        0 kB
Node 1 ShmemPmdMapped:        0 kB
Node 1 FileHugePages:        0 kB
Node 1 FilePmdMapped:        0 kB
Node 1 HugePages_Total:     0
Node 1 HugePages_Free:      0
Node 1 HugePages_Surp:      0

Import tank ZPool
Node 0 MemTotal:       24743736 kB
Node 0 MemFree:        24437344 kB
Node 0 MemUsed:          306392 kB
Node 0 Active:            43632 kB
Node 0 Inactive:          86800 kB
Node 0 Active(anon):      21820 kB
Node 0 Inactive(anon):      472 kB
Node 0 Active(file):      21812 kB
Node 0 Inactive(file):    86328 kB
Node 0 Unevictable:        4928 kB
Node 0 Mlocked:            4928 kB
Node 0 Dirty:               220 kB
Node 0 Writeback:             0 kB
Node 0 FilePages:        113732 kB
Node 0 Mapped:            30708 kB
Node 0 AnonPages:         21488 kB
Node 0 Shmem:               660 kB
Node 0 KernelStack:        3464 kB
Node 0 PageTables:          808 kB
Node 0 NFS_Unstable:          0 kB
Node 0 Bounce:                0 kB
Node 0 WritebackTmp:          0 kB
Node 0 KReclaimable:      23236 kB
Node 0 Slab:              67272 kB
Node 0 SReclaimable:      23236 kB
Node 0 SUnreclaim:        44036 kB
Node 0 AnonHugePages:         0 kB
Node 0 ShmemHugePages:        0 kB
Node 0 ShmemPmdMapped:        0 kB
Node 0 FileHugePages:        0 kB
Node 0 FilePmdMapped:        0 kB
Node 0 HugePages_Total:     0
Node 0 HugePages_Free:      0
Node 0 HugePages_Surp:      0

Node 1 MemTotal:       24686196 kB
Node 1 MemFree:        24194984 kB
Node 1 MemUsed:          491212 kB
Node 1 Active:            54588 kB
Node 1 Inactive:         157116 kB
Node 1 Active(anon):      12124 kB
Node 1 Inactive(anon):      480 kB
Node 1 Active(file):      42464 kB
Node 1 Inactive(file):   156636 kB
Node 1 Unevictable:       13828 kB
Node 1 Mlocked:           13828 kB
Node 1 Dirty:               488 kB
Node 1 Writeback:             0 kB
Node 1 FilePages:        203004 kB
Node 1 Mapped:            54924 kB
Node 1 AnonPages:         22060 kB
Node 1 Shmem:               608 kB
Node 1 KernelStack:        1304 kB
Node 1 PageTables:          636 kB
Node 1 NFS_Unstable:          0 kB
Node 1 Bounce:                0 kB
Node 1 WritebackTmp:          0 kB
Node 1 KReclaimable:      20652 kB
Node 1 Slab:              52912 kB
Node 1 SReclaimable:      20652 kB
Node 1 SUnreclaim:        32260 kB
Node 1 AnonHugePages:         0 kB
Node 1 ShmemHugePages:        0 kB
Node 1 ShmemPmdMapped:        0 kB
Node 1 FileHugePages:        0 kB
Node 1 FilePmdMapped:        0 kB
Node 1 HugePages_Total:     0
Node 1 HugePages_Free:      0
Node 1 HugePages_Surp:      0

After Test
Node 0 MemTotal:       24743736 kB
Node 0 MemFree:        23642772 kB
Node 0 MemUsed:         1100964 kB
Node 0 Active:            44924 kB
Node 0 Inactive:          87936 kB
Node 0 Active(anon):      21800 kB
Node 0 Inactive(anon):      500 kB
Node 0 Active(file):      23124 kB
Node 0 Inactive(file):    87436 kB
Node 0 Unevictable:        4928 kB
Node 0 Mlocked:            4928 kB
Node 0 Dirty:                16 kB
Node 0 Writeback:             0 kB
Node 0 FilePages:        116200 kB
Node 0 Mapped:            30708 kB
Node 0 AnonPages:         21468 kB
Node 0 Shmem:               700 kB
Node 0 KernelStack:        3288 kB
Node 0 PageTables:          844 kB
Node 0 NFS_Unstable:          0 kB
Node 0 Bounce:                0 kB
Node 0 WritebackTmp:          0 kB
Node 0 KReclaimable:      24564 kB
Node 0 Slab:             125424 kB
Node 0 SReclaimable:      24564 kB
Node 0 SUnreclaim:       100860 kB
Node 0 AnonHugePages:         0 kB
Node 0 ShmemHugePages:        0 kB
Node 0 ShmemPmdMapped:        0 kB
Node 0 FileHugePages:        0 kB
Node 0 FilePmdMapped:        0 kB
Node 0 HugePages_Total:     0
Node 0 HugePages_Free:      0
Node 0 HugePages_Surp:      0

Node 1 MemTotal:       24686196 kB
Node 1 MemFree:         7328948 kB
Node 1 MemUsed:        17357248 kB
Node 1 Active:            54372 kB
Node 1 Inactive:         156924 kB
Node 1 Active(anon):      11504 kB
Node 1 Inactive(anon):      480 kB
Node 1 Active(file):      42868 kB
Node 1 Inactive(file):   156444 kB
Node 1 Unevictable:       13828 kB
Node 1 Mlocked:           13828 kB
Node 1 Dirty:                 0 kB
Node 1 Writeback:             0 kB
Node 1 FilePages:        203192 kB
Node 1 Mapped:            54680 kB
Node 1 AnonPages:         21932 kB
Node 1 Shmem:               612 kB
Node 1 KernelStack:        1204 kB
Node 1 PageTables:          464 kB
Node 1 NFS_Unstable:          0 kB
Node 1 Bounce:                0 kB
Node 1 WritebackTmp:          0 kB
Node 1 KReclaimable:      20744 kB
Node 1 Slab:              57288 kB
Node 1 SReclaimable:      20744 kB
Node 1 SUnreclaim:        36544 kB
Node 1 AnonHugePages:         0 kB
Node 1 ShmemHugePages:        0 kB
Node 1 ShmemPmdMapped:        0 kB
Node 1 FileHugePages:        0 kB
Node 1 FilePmdMapped:        0 kB
Node 1 HugePages_Total:     0
Node 1 HugePages_Free:      0
Node 1 HugePages_Surp:      0

After Opposite Node
Node 0 MemTotal:       24743736 kB
Node 0 MemFree:        23647624 kB
Node 0 MemUsed:         1096112 kB
Node 0 Active:            44920 kB
Node 0 Inactive:          87756 kB
Node 0 Active(anon):      21592 kB
Node 0 Inactive(anon):      464 kB
Node 0 Active(file):      23328 kB
Node 0 Inactive(file):    87292 kB
Node 0 Unevictable:        4928 kB
Node 0 Mlocked:            4928 kB
Node 0 Dirty:                32 kB
Node 0 Writeback:             0 kB
Node 0 FilePages:        116224 kB
Node 0 Mapped:            30708 kB
Node 0 AnonPages:         21400 kB
Node 0 Shmem:               656 kB
Node 0 KernelStack:        3304 kB
Node 0 PageTables:          728 kB
Node 0 NFS_Unstable:          0 kB
Node 0 Bounce:                0 kB
Node 0 WritebackTmp:          0 kB
Node 0 KReclaimable:      24568 kB
Node 0 Slab:             123088 kB
Node 0 SReclaimable:      24568 kB
Node 0 SUnreclaim:        98520 kB
Node 0 AnonHugePages:         0 kB
Node 0 ShmemHugePages:        0 kB
Node 0 ShmemPmdMapped:        0 kB
Node 0 FileHugePages:        0 kB
Node 0 FilePmdMapped:        0 kB
Node 0 HugePages_Total:     0
Node 0 HugePages_Free:      0
Node 0 HugePages_Surp:      0

Node 1 MemTotal:       24686196 kB
Node 1 MemFree:         7329544 kB
Node 1 MemUsed:        17356652 kB
Node 1 Active:            54676 kB
Node 1 Inactive:         156964 kB
Node 1 Active(anon):      11780 kB
Node 1 Inactive(anon):      524 kB
Node 1 Active(file):      42896 kB
Node 1 Inactive(file):   156440 kB
Node 1 Unevictable:       13828 kB
Node 1 Mlocked:           13828 kB
Node 1 Dirty:                32 kB
Node 1 Writeback:             0 kB
Node 1 FilePages:        203260 kB
Node 1 Mapped:            54724 kB
Node 1 AnonPages:         22076 kB
Node 1 Shmem:               656 kB
Node 1 KernelStack:        1160 kB
Node 1 PageTables:          640 kB
Node 1 NFS_Unstable:          0 kB
Node 1 Bounce:                0 kB
Node 1 WritebackTmp:          0 kB
Node 1 KReclaimable:      20792 kB
Node 1 Slab:              59012 kB
Node 1 SReclaimable:      20792 kB
Node 1 SUnreclaim:        38220 kB
Node 1 AnonHugePages:         0 kB
Node 1 ShmemHugePages:        0 kB
Node 1 ShmemPmdMapped:        0 kB
Node 1 FileHugePages:        0 kB
Node 1 FilePmdMapped:        0 kB
Node 1 HugePages_Total:     0
Node 1 HugePages_Free:      0
Node 1 HugePages_Surp:      0

B.0.fio.16G.2.O Complete!
