B.0.fio.2G.3.O
Begin
Node 0 MemTotal:       24768352 kB
Node 0 MemFree:        24363028 kB
Node 0 MemUsed:          405324 kB
Node 0 Active:            44048 kB
Node 0 Inactive:          82668 kB
Node 0 Active(anon):      22972 kB
Node 0 Inactive(anon):      352 kB
Node 0 Active(file):      21076 kB
Node 0 Inactive(file):    82316 kB
Node 0 Unevictable:        4948 kB
Node 0 Mlocked:            4948 kB
Node 0 Dirty:               172 kB
Node 0 Writeback:             0 kB
Node 0 FilePages:        109068 kB
Node 0 Mapped:            38288 kB
Node 0 AnonPages:         22752 kB
Node 0 Shmem:               572 kB
Node 0 KernelStack:        2248 kB
Node 0 PageTables:          552 kB
Node 0 NFS_Unstable:          0 kB
Node 0 Bounce:                0 kB
Node 0 WritebackTmp:          0 kB
Node 0 KReclaimable:      18156 kB
Node 0 Slab:              54612 kB
Node 0 SReclaimable:      18156 kB
Node 0 SUnreclaim:        36456 kB
Node 0 AnonHugePages:         0 kB
Node 0 ShmemHugePages:        0 kB
Node 0 ShmemPmdMapped:        0 kB
Node 0 FileHugePages:        0 kB
Node 0 FilePmdMapped:        0 kB
Node 0 HugePages_Total:     0
Node 0 HugePages_Free:      0
Node 0 HugePages_Surp:      0

Node 1 MemTotal:       24661580 kB
Node 1 MemFree:        24389608 kB
Node 1 MemUsed:          271972 kB
Node 1 Active:            53556 kB
Node 1 Inactive:          67396 kB
Node 1 Active(anon):      10940 kB
Node 1 Inactive(anon):      504 kB
Node 1 Active(file):      42616 kB
Node 1 Inactive(file):    66892 kB
Node 1 Unevictable:       13576 kB
Node 1 Mlocked:           13576 kB
Node 1 Dirty:                84 kB
Node 1 Writeback:             0 kB
Node 1 FilePages:        113452 kB
Node 1 Mapped:            57028 kB
Node 1 AnonPages:         21088 kB
Node 1 Shmem:               696 kB
Node 1 KernelStack:        1320 kB
Node 1 PageTables:          708 kB
Node 1 NFS_Unstable:          0 kB
Node 1 Bounce:                0 kB
Node 1 WritebackTmp:          0 kB
Node 1 KReclaimable:      23944 kB
Node 1 Slab:              52480 kB
Node 1 SReclaimable:      23944 kB
Node 1 SUnreclaim:        28536 kB
Node 1 AnonHugePages:         0 kB
Node 1 ShmemHugePages:        0 kB
Node 1 ShmemPmdMapped:        0 kB
Node 1 FileHugePages:        0 kB
Node 1 FilePmdMapped:        0 kB
Node 1 HugePages_Total:     0
Node 1 HugePages_Free:      0
Node 1 HugePages_Surp:      0

Load ZFS
Node 0 MemTotal:       24768352 kB
Node 0 MemFree:        24263356 kB
Node 0 MemUsed:          504996 kB
Node 0 Active:            55956 kB
Node 0 Inactive:         165076 kB
Node 0 Active(anon):      33360 kB
Node 0 Inactive(anon):      456 kB
Node 0 Active(file):      22596 kB
Node 0 Inactive(file):   164620 kB
Node 0 Unevictable:        4948 kB
Node 0 Mlocked:            4948 kB
Node 0 Dirty:               352 kB
Node 0 Writeback:             0 kB
Node 0 FilePages:        192804 kB
Node 0 Mapped:            40132 kB
Node 0 AnonPages:         33376 kB
Node 0 Shmem:               644 kB
Node 0 KernelStack:        2508 kB
Node 0 PageTables:          972 kB
Node 0 NFS_Unstable:          0 kB
Node 0 Bounce:                0 kB
Node 0 WritebackTmp:          0 kB
Node 0 KReclaimable:      19244 kB
Node 0 Slab:              58248 kB
Node 0 SReclaimable:      19244 kB
Node 0 SUnreclaim:        39004 kB
Node 0 AnonHugePages:         0 kB
Node 0 ShmemHugePages:        0 kB
Node 0 ShmemPmdMapped:        0 kB
Node 0 FileHugePages:        0 kB
Node 0 FilePmdMapped:        0 kB
Node 0 HugePages_Total:     0
Node 0 HugePages_Free:      0
Node 0 HugePages_Surp:      0

Node 1 MemTotal:       24661580 kB
Node 1 MemFree:        24344192 kB
Node 1 MemUsed:          317388 kB
Node 1 Active:            69908 kB
Node 1 Inactive:          88608 kB
Node 1 Active(anon):      26248 kB
Node 1 Inactive(anon):      484 kB
Node 1 Active(file):      43660 kB
Node 1 Inactive(file):    88124 kB
Node 1 Unevictable:       13776 kB
Node 1 Mlocked:           13776 kB
Node 1 Dirty:               300 kB
Node 1 Writeback:             0 kB
Node 1 FilePages:        135656 kB
Node 1 Mapped:            59720 kB
Node 1 AnonPages:         36960 kB
Node 1 Shmem:               624 kB
Node 1 KernelStack:        1608 kB
Node 1 PageTables:         1608 kB
Node 1 NFS_Unstable:          0 kB
Node 1 Bounce:                0 kB
Node 1 WritebackTmp:          0 kB
Node 1 KReclaimable:      24748 kB
Node 1 Slab:              56148 kB
Node 1 SReclaimable:      24748 kB
Node 1 SUnreclaim:        31400 kB
Node 1 AnonHugePages:         0 kB
Node 1 ShmemHugePages:        0 kB
Node 1 ShmemPmdMapped:        0 kB
Node 1 FileHugePages:        0 kB
Node 1 FilePmdMapped:        0 kB
Node 1 HugePages_Total:     0
Node 1 HugePages_Free:      0
Node 1 HugePages_Surp:      0

Import tank ZPool
Node 0 MemTotal:       24768352 kB
Node 0 MemFree:        24250512 kB
Node 0 MemUsed:          517840 kB
Node 0 Active:            55476 kB
Node 0 Inactive:         165080 kB
Node 0 Active(anon):      32844 kB
Node 0 Inactive(anon):      456 kB
Node 0 Active(file):      22632 kB
Node 0 Inactive(file):   164624 kB
Node 0 Unevictable:        4948 kB
Node 0 Mlocked:            4948 kB
Node 0 Dirty:               420 kB
Node 0 Writeback:             0 kB
Node 0 FilePages:        192840 kB
Node 0 Mapped:            39956 kB
Node 0 AnonPages:         32516 kB
Node 0 Shmem:               640 kB
Node 0 KernelStack:        3704 kB
Node 0 PageTables:         1368 kB
Node 0 NFS_Unstable:          0 kB
Node 0 Bounce:                0 kB
Node 0 WritebackTmp:          0 kB
Node 0 KReclaimable:      19252 kB
Node 0 Slab:              60480 kB
Node 0 SReclaimable:      19252 kB
Node 0 SUnreclaim:        41228 kB
Node 0 AnonHugePages:         0 kB
Node 0 ShmemHugePages:        0 kB
Node 0 ShmemPmdMapped:        0 kB
Node 0 FileHugePages:        0 kB
Node 0 FilePmdMapped:        0 kB
Node 0 HugePages_Total:     0
Node 0 HugePages_Free:      0
Node 0 HugePages_Surp:      0

Node 1 MemTotal:       24661580 kB
Node 1 MemFree:        24338036 kB
Node 1 MemUsed:          323544 kB
Node 1 Active:            70232 kB
Node 1 Inactive:          89708 kB
Node 1 Active(anon):      26156 kB
Node 1 Inactive(anon):      492 kB
Node 1 Active(file):      44076 kB
Node 1 Inactive(file):    89216 kB
Node 1 Unevictable:       13808 kB
Node 1 Mlocked:           13808 kB
Node 1 Dirty:               372 kB
Node 1 Writeback:             0 kB
Node 1 FilePages:        137168 kB
Node 1 Mapped:            59492 kB
Node 1 AnonPages:         36048 kB
Node 1 Shmem:               628 kB
Node 1 KernelStack:        1544 kB
Node 1 PageTables:         1544 kB
Node 1 NFS_Unstable:          0 kB
Node 1 Bounce:                0 kB
Node 1 WritebackTmp:          0 kB
Node 1 KReclaimable:      24856 kB
Node 1 Slab:              60896 kB
Node 1 SReclaimable:      24856 kB
Node 1 SUnreclaim:        36040 kB
Node 1 AnonHugePages:         0 kB
Node 1 ShmemHugePages:        0 kB
Node 1 ShmemPmdMapped:        0 kB
Node 1 FileHugePages:        0 kB
Node 1 FilePmdMapped:        0 kB
Node 1 HugePages_Total:     0
Node 1 HugePages_Free:      0
Node 1 HugePages_Surp:      0

After Test
Node 0 MemTotal:       24768352 kB
Node 0 MemFree:        23791096 kB
Node 0 MemUsed:          977256 kB
Node 0 Active:            46220 kB
Node 0 Inactive:         165996 kB
Node 0 Active(anon):      22352 kB
Node 0 Inactive(anon):      496 kB
Node 0 Active(file):      23868 kB
Node 0 Inactive(file):   165500 kB
Node 0 Unevictable:        4948 kB
Node 0 Mlocked:            4948 kB
Node 0 Dirty:                20 kB
Node 0 Writeback:            24 kB
Node 0 FilePages:        194992 kB
Node 0 Mapped:            38764 kB
Node 0 AnonPages:         22036 kB
Node 0 Shmem:               680 kB
Node 0 KernelStack:        3352 kB
Node 0 PageTables:          756 kB
Node 0 NFS_Unstable:          0 kB
Node 0 Bounce:                0 kB
Node 0 WritebackTmp:          0 kB
Node 0 KReclaimable:      20628 kB
Node 0 Slab:              74520 kB
Node 0 SReclaimable:      20628 kB
Node 0 SUnreclaim:        53892 kB
Node 0 AnonHugePages:         0 kB
Node 0 ShmemHugePages:        0 kB
Node 0 ShmemPmdMapped:        0 kB
Node 0 FileHugePages:        0 kB
Node 0 FilePmdMapped:        0 kB
Node 0 HugePages_Total:     0
Node 0 HugePages_Free:      0
Node 0 HugePages_Surp:      0

Node 1 MemTotal:       24661580 kB
Node 1 MemFree:        21887132 kB
Node 1 MemUsed:         2774448 kB
Node 1 Active:            55844 kB
Node 1 Inactive:          89080 kB
Node 1 Active(anon):      10984 kB
Node 1 Inactive(anon):      488 kB
Node 1 Active(file):      44860 kB
Node 1 Inactive(file):    88592 kB
Node 1 Unevictable:       13808 kB
Node 1 Mlocked:           13808 kB
Node 1 Dirty:                64 kB
Node 1 Writeback:            32 kB
Node 1 FilePages:        137332 kB
Node 1 Mapped:            57052 kB
Node 1 AnonPages:         21400 kB
Node 1 Shmem:               632 kB
Node 1 KernelStack:        1272 kB
Node 1 PageTables:          712 kB
Node 1 NFS_Unstable:          0 kB
Node 1 Bounce:                0 kB
Node 1 WritebackTmp:          0 kB
Node 1 KReclaimable:      24868 kB
Node 1 Slab:              62464 kB
Node 1 SReclaimable:      24868 kB
Node 1 SUnreclaim:        37596 kB
Node 1 AnonHugePages:         0 kB
Node 1 ShmemHugePages:        0 kB
Node 1 ShmemPmdMapped:        0 kB
Node 1 FileHugePages:        0 kB
Node 1 FilePmdMapped:        0 kB
Node 1 HugePages_Total:     0
Node 1 HugePages_Free:      0
Node 1 HugePages_Surp:      0

After Opposite Node
Node 0 MemTotal:       24768352 kB
Node 0 MemFree:        23792664 kB
Node 0 MemUsed:          975688 kB
Node 0 Active:            46124 kB
Node 0 Inactive:         165944 kB
Node 0 Active(anon):      22092 kB
Node 0 Inactive(anon):      452 kB
Node 0 Active(file):      24032 kB
Node 0 Inactive(file):   165492 kB
Node 0 Unevictable:        4948 kB
Node 0 Mlocked:            4948 kB
Node 0 Dirty:                84 kB
Node 0 Writeback:             0 kB
Node 0 FilePages:        195104 kB
Node 0 Mapped:            38796 kB
Node 0 AnonPages:         21908 kB
Node 0 Shmem:               636 kB
Node 0 KernelStack:        3320 kB
Node 0 PageTables:          580 kB
Node 0 NFS_Unstable:          0 kB
Node 0 Bounce:                0 kB
Node 0 WritebackTmp:          0 kB
Node 0 KReclaimable:      20632 kB
Node 0 Slab:              74336 kB
Node 0 SReclaimable:      20632 kB
Node 0 SUnreclaim:        53704 kB
Node 0 AnonHugePages:         0 kB
Node 0 ShmemHugePages:        0 kB
Node 0 ShmemPmdMapped:        0 kB
Node 0 FileHugePages:        0 kB
Node 0 FilePmdMapped:        0 kB
Node 0 HugePages_Total:     0
Node 0 HugePages_Free:      0
Node 0 HugePages_Surp:      0

Node 1 MemTotal:       24661580 kB
Node 1 MemFree:        21887932 kB
Node 1 MemUsed:         2773648 kB
Node 1 Active:            55984 kB
Node 1 Inactive:          89112 kB
Node 1 Active(anon):      11096 kB
Node 1 Inactive(anon):      524 kB
Node 1 Active(file):      44888 kB
Node 1 Inactive(file):    88588 kB
Node 1 Unevictable:       13808 kB
Node 1 Mlocked:           13808 kB
Node 1 Dirty:               152 kB
Node 1 Writeback:             0 kB
Node 1 FilePages:        137400 kB
Node 1 Mapped:            57096 kB
Node 1 AnonPages:         21372 kB
Node 1 Shmem:               676 kB
Node 1 KernelStack:        1272 kB
Node 1 PageTables:          804 kB
Node 1 NFS_Unstable:          0 kB
Node 1 Bounce:                0 kB
Node 1 WritebackTmp:          0 kB
Node 1 KReclaimable:      24916 kB
Node 1 Slab:              63204 kB
Node 1 SReclaimable:      24916 kB
Node 1 SUnreclaim:        38288 kB
Node 1 AnonHugePages:         0 kB
Node 1 ShmemHugePages:        0 kB
Node 1 ShmemPmdMapped:        0 kB
Node 1 FileHugePages:        0 kB
Node 1 FilePmdMapped:        0 kB
Node 1 HugePages_Total:     0
Node 1 HugePages_Free:      0
Node 1 HugePages_Surp:      0

B.0.fio.2G.3.O Complete!
