B.0.fio.0-12K.3.O
Begin
Node 0 MemTotal:       24768352 kB
Node 0 MemFree:        24337504 kB
Node 0 MemUsed:          430848 kB
Node 0 Active:            62284 kB
Node 0 Inactive:          68188 kB
Node 0 Active(anon):      18340 kB
Node 0 Inactive(anon):      344 kB
Node 0 Active(file):      43944 kB
Node 0 Inactive(file):    67844 kB
Node 0 Unevictable:       17444 kB
Node 0 Mlocked:           17444 kB
Node 0 Dirty:               412 kB
Node 0 Writeback:             0 kB
Node 0 FilePages:        119596 kB
Node 0 Mapped:            39428 kB
Node 0 AnonPages:         28480 kB
Node 0 Shmem:               528 kB
Node 0 KernelStack:        2104 kB
Node 0 PageTables:          652 kB
Node 0 NFS_Unstable:          0 kB
Node 0 Bounce:                0 kB
Node 0 WritebackTmp:          0 kB
Node 0 KReclaimable:      23164 kB
Node 0 Slab:              59016 kB
Node 0 SReclaimable:      23164 kB
Node 0 SUnreclaim:        35852 kB
Node 0 AnonHugePages:         0 kB
Node 0 ShmemHugePages:        0 kB
Node 0 ShmemPmdMapped:        0 kB
Node 0 FileHugePages:        0 kB
Node 0 FilePmdMapped:        0 kB
Node 0 HugePages_Total:     0
Node 0 HugePages_Free:      0
Node 0 HugePages_Surp:      0

Node 1 MemTotal:       24661580 kB
Node 1 MemFree:        24461016 kB
Node 1 MemUsed:          200564 kB
Node 1 Active:            33364 kB
Node 1 Inactive:          40432 kB
Node 1 Active(anon):      15736 kB
Node 1 Inactive(anon):      544 kB
Node 1 Active(file):      17628 kB
Node 1 Inactive(file):    39888 kB
Node 1 Unevictable:        1076 kB
Node 1 Mlocked:            1076 kB
Node 1 Dirty:                 4 kB
Node 1 Writeback:             0 kB
Node 1 FilePages:         59332 kB
Node 1 Mapped:            25108 kB
Node 1 AnonPages:         15568 kB
Node 1 Shmem:               740 kB
Node 1 KernelStack:        1432 kB
Node 1 PageTables:          448 kB
Node 1 NFS_Unstable:          0 kB
Node 1 Bounce:                0 kB
Node 1 WritebackTmp:          0 kB
Node 1 KReclaimable:      18736 kB
Node 1 Slab:              48116 kB
Node 1 SReclaimable:      18736 kB
Node 1 SUnreclaim:        29380 kB
Node 1 AnonHugePages:         0 kB
Node 1 ShmemHugePages:        0 kB
Node 1 ShmemPmdMapped:        0 kB
Node 1 FileHugePages:        0 kB
Node 1 FilePmdMapped:        0 kB
Node 1 HugePages_Total:     0
Node 1 HugePages_Free:      0
Node 1 HugePages_Surp:      0

Load ZFS
Node 0 MemTotal:       24768352 kB
Node 0 MemFree:        24354552 kB
Node 0 MemUsed:          413800 kB
Node 0 Active:            77040 kB
Node 0 Inactive:         102284 kB
Node 0 Active(anon):      31180 kB
Node 0 Inactive(anon):      520 kB
Node 0 Active(file):      45860 kB
Node 0 Inactive(file):   101764 kB
Node 0 Unevictable:       17660 kB
Node 0 Mlocked:           17660 kB
Node 0 Dirty:               388 kB
Node 0 Writeback:             0 kB
Node 0 FilePages:        155420 kB
Node 0 Mapped:            40824 kB
Node 0 AnonPages:         41568 kB
Node 0 Shmem:               680 kB
Node 0 KernelStack:        2296 kB
Node 0 PageTables:         1224 kB
Node 0 NFS_Unstable:          0 kB
Node 0 Bounce:                0 kB
Node 0 WritebackTmp:          0 kB
Node 0 KReclaimable:      23956 kB
Node 0 Slab:              60880 kB
Node 0 SReclaimable:      23956 kB
Node 0 SUnreclaim:        36924 kB
Node 0 AnonHugePages:         0 kB
Node 0 ShmemHugePages:        0 kB
Node 0 ShmemPmdMapped:        0 kB
Node 0 FileHugePages:        0 kB
Node 0 FilePmdMapped:        0 kB
Node 0 HugePages_Total:     0
Node 0 HugePages_Free:      0
Node 0 HugePages_Surp:      0

Node 1 MemTotal:       24661580 kB
Node 1 MemFree:        24302764 kB
Node 1 MemUsed:          358816 kB
Node 1 Active:            44916 kB
Node 1 Inactive:         109808 kB
Node 1 Active(anon):      26624 kB
Node 1 Inactive(anon):      432 kB
Node 1 Active(file):      18292 kB
Node 1 Inactive(file):   109376 kB
Node 1 Unevictable:        1076 kB
Node 1 Mlocked:            1076 kB
Node 1 Dirty:               200 kB
Node 1 Writeback:             0 kB
Node 1 FilePages:        129332 kB
Node 1 Mapped:            27292 kB
Node 1 AnonPages:         26236 kB
Node 1 Shmem:               588 kB
Node 1 KernelStack:        1800 kB
Node 1 PageTables:         1256 kB
Node 1 NFS_Unstable:          0 kB
Node 1 Bounce:                0 kB
Node 1 WritebackTmp:          0 kB
Node 1 KReclaimable:      19604 kB
Node 1 Slab:              52708 kB
Node 1 SReclaimable:      19604 kB
Node 1 SUnreclaim:        33104 kB
Node 1 AnonHugePages:         0 kB
Node 1 ShmemHugePages:        0 kB
Node 1 ShmemPmdMapped:        0 kB
Node 1 FileHugePages:        0 kB
Node 1 FilePmdMapped:        0 kB
Node 1 HugePages_Total:     0
Node 1 HugePages_Free:      0
Node 1 HugePages_Surp:      0

Import tank ZPool
Node 0 MemTotal:       24768352 kB
Node 0 MemFree:        24352908 kB
Node 0 MemUsed:          415444 kB
Node 0 Active:            76576 kB
Node 0 Inactive:         102280 kB
Node 0 Active(anon):      30712 kB
Node 0 Inactive(anon):      516 kB
Node 0 Active(file):      45864 kB
Node 0 Inactive(file):   101764 kB
Node 0 Unevictable:       17676 kB
Node 0 Mlocked:           17676 kB
Node 0 Dirty:                64 kB
Node 0 Writeback:             0 kB
Node 0 FilePages:        155456 kB
Node 0 Mapped:            40932 kB
Node 0 AnonPages:         41108 kB
Node 0 Shmem:               676 kB
Node 0 KernelStack:        2216 kB
Node 0 PageTables:         1124 kB
Node 0 NFS_Unstable:          0 kB
Node 0 Bounce:                0 kB
Node 0 WritebackTmp:          0 kB
Node 0 KReclaimable:      23964 kB
Node 0 Slab:              61864 kB
Node 0 SReclaimable:      23964 kB
Node 0 SUnreclaim:        37900 kB
Node 0 AnonHugePages:         0 kB
Node 0 ShmemHugePages:        0 kB
Node 0 ShmemPmdMapped:        0 kB
Node 0 FileHugePages:        0 kB
Node 0 FilePmdMapped:        0 kB
Node 0 HugePages_Total:     0
Node 0 HugePages_Free:      0
Node 0 HugePages_Surp:      0

Node 1 MemTotal:       24661580 kB
Node 1 MemFree:        24285744 kB
Node 1 MemUsed:          375836 kB
Node 1 Active:            45604 kB
Node 1 Inactive:         111000 kB
Node 1 Active(anon):      26976 kB
Node 1 Inactive(anon):      436 kB
Node 1 Active(file):      18628 kB
Node 1 Inactive(file):   110564 kB
Node 1 Unevictable:        1076 kB
Node 1 Mlocked:            1076 kB
Node 1 Dirty:                 8 kB
Node 1 Writeback:             0 kB
Node 1 FilePages:        130860 kB
Node 1 Mapped:            27508 kB
Node 1 AnonPages:         26452 kB
Node 1 Shmem:               592 kB
Node 1 KernelStack:        2936 kB
Node 1 PageTables:         1376 kB
Node 1 NFS_Unstable:          0 kB
Node 1 Bounce:                0 kB
Node 1 WritebackTmp:          0 kB
Node 1 KReclaimable:      19796 kB
Node 1 Slab:              59364 kB
Node 1 SReclaimable:      19796 kB
Node 1 SUnreclaim:        39568 kB
Node 1 AnonHugePages:         0 kB
Node 1 ShmemHugePages:        0 kB
Node 1 ShmemPmdMapped:        0 kB
Node 1 FileHugePages:        0 kB
Node 1 FilePmdMapped:        0 kB
Node 1 HugePages_Total:     0
Node 1 HugePages_Free:      0
Node 1 HugePages_Surp:      0

After Test
Node 0 MemTotal:       24768352 kB
Node 0 MemFree:        24347812 kB
Node 0 MemUsed:          420540 kB
Node 0 Active:            77508 kB
Node 0 Inactive:         103540 kB
Node 0 Active(anon):      30872 kB
Node 0 Inactive(anon):      580 kB
Node 0 Active(file):      46636 kB
Node 0 Inactive(file):   102960 kB
Node 0 Unevictable:       17676 kB
Node 0 Mlocked:           17676 kB
Node 0 Dirty:                64 kB
Node 0 Writeback:             0 kB
Node 0 FilePages:        157476 kB
Node 0 Mapped:            41372 kB
Node 0 AnonPages:         41096 kB
Node 0 Shmem:               764 kB
Node 0 KernelStack:        2344 kB
Node 0 PageTables:         1416 kB
Node 0 NFS_Unstable:          0 kB
Node 0 Bounce:                0 kB
Node 0 WritebackTmp:          0 kB
Node 0 KReclaimable:      25260 kB
Node 0 Slab:              63288 kB
Node 0 SReclaimable:      25260 kB
Node 0 SUnreclaim:        38028 kB
Node 0 AnonHugePages:         0 kB
Node 0 ShmemHugePages:        0 kB
Node 0 ShmemPmdMapped:        0 kB
Node 0 FileHugePages:        0 kB
Node 0 FilePmdMapped:        0 kB
Node 0 HugePages_Total:     0
Node 0 HugePages_Free:      0
Node 0 HugePages_Surp:      0

Node 1 MemTotal:       24661580 kB
Node 1 MemFree:        24286072 kB
Node 1 MemUsed:          375508 kB
Node 1 Active:            45648 kB
Node 1 Inactive:         110796 kB
Node 1 Active(anon):      26664 kB
Node 1 Inactive(anon):      428 kB
Node 1 Active(file):      18984 kB
Node 1 Inactive(file):   110368 kB
Node 1 Unevictable:        1076 kB
Node 1 Mlocked:            1076 kB
Node 1 Dirty:                 8 kB
Node 1 Writeback:             0 kB
Node 1 FilePages:        131020 kB
Node 1 Mapped:            27292 kB
Node 1 AnonPages:         26500 kB
Node 1 Shmem:               592 kB
Node 1 KernelStack:        2904 kB
Node 1 PageTables:         1260 kB
Node 1 NFS_Unstable:          0 kB
Node 1 Bounce:                0 kB
Node 1 WritebackTmp:          0 kB
Node 1 KReclaimable:      19816 kB
Node 1 Slab:              59444 kB
Node 1 SReclaimable:      19816 kB
Node 1 SUnreclaim:        39628 kB
Node 1 AnonHugePages:         0 kB
Node 1 ShmemHugePages:        0 kB
Node 1 ShmemPmdMapped:        0 kB
Node 1 FileHugePages:        0 kB
Node 1 FilePmdMapped:        0 kB
Node 1 HugePages_Total:     0
Node 1 HugePages_Free:      0
Node 1 HugePages_Surp:      0

After Opposite Node
Node 0 MemTotal:       24768352 kB
Node 0 MemFree:        24347940 kB
Node 0 MemUsed:          420412 kB
Node 0 Active:            77628 kB
Node 0 Inactive:         103344 kB
Node 0 Active(anon):      30816 kB
Node 0 Inactive(anon):      552 kB
Node 0 Active(file):      46812 kB
Node 0 Inactive(file):   102792 kB
Node 0 Unevictable:       17676 kB
Node 0 Mlocked:           17676 kB
Node 0 Dirty:                72 kB
Node 0 Writeback:             0 kB
Node 0 FilePages:        157440 kB
Node 0 Mapped:            41328 kB
Node 0 AnonPages:         41152 kB
Node 0 Shmem:               720 kB
Node 0 KernelStack:        2360 kB
Node 0 PageTables:         1328 kB
Node 0 NFS_Unstable:          0 kB
Node 0 Bounce:                0 kB
Node 0 WritebackTmp:          0 kB
Node 0 KReclaimable:      25260 kB
Node 0 Slab:              63272 kB
Node 0 SReclaimable:      25260 kB
Node 0 SUnreclaim:        38012 kB
Node 0 AnonHugePages:         0 kB
Node 0 ShmemHugePages:        0 kB
Node 0 ShmemPmdMapped:        0 kB
Node 0 FileHugePages:        0 kB
Node 0 FilePmdMapped:        0 kB
Node 0 HugePages_Total:     0
Node 0 HugePages_Free:      0
Node 0 HugePages_Surp:      0

Node 1 MemTotal:       24661580 kB
Node 1 MemFree:        24284264 kB
Node 1 MemUsed:          377316 kB
Node 1 Active:            45636 kB
Node 1 Inactive:         110844 kB
Node 1 Active(anon):      26648 kB
Node 1 Inactive(anon):      456 kB
Node 1 Active(file):      18988 kB
Node 1 Inactive(file):   110388 kB
Node 1 Unevictable:        1076 kB
Node 1 Mlocked:            1076 kB
Node 1 Dirty:                28 kB
Node 1 Writeback:             0 kB
Node 1 FilePages:        131088 kB
Node 1 Mapped:            27336 kB
Node 1 AnonPages:         26512 kB
Node 1 Shmem:               636 kB
Node 1 KernelStack:        3016 kB
Node 1 PageTables:         1388 kB
Node 1 NFS_Unstable:          0 kB
Node 1 Bounce:                0 kB
Node 1 WritebackTmp:          0 kB
Node 1 KReclaimable:      19856 kB
Node 1 Slab:              59716 kB
Node 1 SReclaimable:      19856 kB
Node 1 SUnreclaim:        39860 kB
Node 1 AnonHugePages:         0 kB
Node 1 ShmemHugePages:        0 kB
Node 1 ShmemPmdMapped:        0 kB
Node 1 FileHugePages:        0 kB
Node 1 FilePmdMapped:        0 kB
Node 1 HugePages_Total:     0
Node 1 HugePages_Free:      0
Node 1 HugePages_Surp:      0

B.0.fio.0-12K.3.O Complete!
