B.1.fio.4G.3.O
Begin
Node 0 MemTotal:       24743736 kB
Node 0 MemFree:        24392112 kB
Node 0 MemUsed:          351624 kB
Node 0 Active:            44852 kB
Node 0 Inactive:          21464 kB
Node 0 Active(anon):      11112 kB
Node 0 Inactive(anon):      312 kB
Node 0 Active(file):      33740 kB
Node 0 Inactive(file):    21152 kB
Node 0 Unevictable:       13300 kB
Node 0 Mlocked:           13300 kB
Node 0 Dirty:               268 kB
Node 0 Writeback:             0 kB
Node 0 FilePages:         58520 kB
Node 0 Mapped:            12264 kB
Node 0 AnonPages:         21280 kB
Node 0 Shmem:               508 kB
Node 0 KernelStack:        1800 kB
Node 0 PageTables:          408 kB
Node 0 NFS_Unstable:          0 kB
Node 0 Bounce:                0 kB
Node 0 WritebackTmp:          0 kB
Node 0 KReclaimable:      21296 kB
Node 0 Slab:              50236 kB
Node 0 SReclaimable:      21296 kB
Node 0 SUnreclaim:        28940 kB
Node 0 AnonHugePages:         0 kB
Node 0 ShmemHugePages:        0 kB
Node 0 ShmemPmdMapped:        0 kB
Node 0 FileHugePages:        0 kB
Node 0 FilePmdMapped:        0 kB
Node 0 HugePages_Total:     0
Node 0 HugePages_Free:      0
Node 0 HugePages_Surp:      0

Node 1 MemTotal:       24686196 kB
Node 1 MemFree:        24399916 kB
Node 1 MemUsed:          286280 kB
Node 1 Active:            51260 kB
Node 1 Inactive:          93492 kB
Node 1 Active(anon):      23236 kB
Node 1 Inactive(anon):      548 kB
Node 1 Active(file):      28024 kB
Node 1 Inactive(file):    92944 kB
Node 1 Unevictable:        5220 kB
Node 1 Mlocked:            5220 kB
Node 1 Dirty:               148 kB
Node 1 Writeback:             0 kB
Node 1 FilePages:        126956 kB
Node 1 Mapped:            57656 kB
Node 1 AnonPages:         23024 kB
Node 1 Shmem:               760 kB
Node 1 KernelStack:        1848 kB
Node 1 PageTables:          792 kB
Node 1 NFS_Unstable:          0 kB
Node 1 Bounce:                0 kB
Node 1 WritebackTmp:          0 kB
Node 1 KReclaimable:      19796 kB
Node 1 Slab:              55452 kB
Node 1 SReclaimable:      19796 kB
Node 1 SUnreclaim:        35656 kB
Node 1 AnonHugePages:         0 kB
Node 1 ShmemHugePages:        0 kB
Node 1 ShmemPmdMapped:        0 kB
Node 1 FileHugePages:        0 kB
Node 1 FilePmdMapped:        0 kB
Node 1 HugePages_Total:     0
Node 1 HugePages_Free:      0
Node 1 HugePages_Surp:      0

Load ZFS
Node 0 MemTotal:       24743736 kB
Node 0 MemFree:        24493472 kB
Node 0 MemUsed:          250264 kB
Node 0 Active:            58712 kB
Node 0 Inactive:          36048 kB
Node 0 Active(anon):      23348 kB
Node 0 Inactive(anon):      380 kB
Node 0 Active(file):      35364 kB
Node 0 Inactive(file):    35668 kB
Node 0 Unevictable:       13512 kB
Node 0 Mlocked:           13512 kB
Node 0 Dirty:                40 kB
Node 0 Writeback:             0 kB
Node 0 FilePages:         75044 kB
Node 0 Mapped:            14504 kB
Node 0 AnonPages:         33872 kB
Node 0 Shmem:               604 kB
Node 0 KernelStack:        2096 kB
Node 0 PageTables:         1396 kB
Node 0 NFS_Unstable:          0 kB
Node 0 Bounce:                0 kB
Node 0 WritebackTmp:          0 kB
Node 0 KReclaimable:      22052 kB
Node 0 Slab:              53468 kB
Node 0 SReclaimable:      22052 kB
Node 0 SUnreclaim:        31416 kB
Node 0 AnonHugePages:         0 kB
Node 0 ShmemHugePages:        0 kB
Node 0 ShmemPmdMapped:        0 kB
Node 0 FileHugePages:        0 kB
Node 0 FilePmdMapped:        0 kB
Node 0 HugePages_Total:     0
Node 0 HugePages_Free:      0
Node 0 HugePages_Surp:      0

Node 1 MemTotal:       24686196 kB
Node 1 MemFree:        24155720 kB
Node 1 MemUsed:          530476 kB
Node 1 Active:            66500 kB
Node 1 Inactive:         181936 kB
Node 1 Active(anon):      37584 kB
Node 1 Inactive(anon):      372 kB
Node 1 Active(file):      28916 kB
Node 1 Inactive(file):   181564 kB
Node 1 Unevictable:        5220 kB
Node 1 Mlocked:            5220 kB
Node 1 Dirty:               528 kB
Node 1 Writeback:             0 kB
Node 1 FilePages:        216504 kB
Node 1 Mapped:            60280 kB
Node 1 AnonPages:         37328 kB
Node 1 Shmem:               664 kB
Node 1 KernelStack:        2160 kB
Node 1 PageTables:         1720 kB
Node 1 NFS_Unstable:          0 kB
Node 1 Bounce:                0 kB
Node 1 WritebackTmp:          0 kB
Node 1 KReclaimable:      20724 kB
Node 1 Slab:              59324 kB
Node 1 SReclaimable:      20724 kB
Node 1 SUnreclaim:        38600 kB
Node 1 AnonHugePages:         0 kB
Node 1 ShmemHugePages:        0 kB
Node 1 ShmemPmdMapped:        0 kB
Node 1 FileHugePages:        0 kB
Node 1 FilePmdMapped:        0 kB
Node 1 HugePages_Total:     0
Node 1 HugePages_Free:      0
Node 1 HugePages_Surp:      0

Import tank ZPool
Node 0 MemTotal:       24743736 kB
Node 0 MemFree:        24487372 kB
Node 0 MemUsed:          256364 kB
Node 0 Active:            59380 kB
Node 0 Inactive:          37520 kB
Node 0 Active(anon):      23580 kB
Node 0 Inactive(anon):      464 kB
Node 0 Active(file):      35800 kB
Node 0 Inactive(file):    37056 kB
Node 0 Unevictable:       13528 kB
Node 0 Mlocked:           13528 kB
Node 0 Dirty:                56 kB
Node 0 Writeback:             0 kB
Node 0 FilePages:         76472 kB
Node 0 Mapped:            14292 kB
Node 0 AnonPages:         33724 kB
Node 0 Shmem:               636 kB
Node 0 KernelStack:        2024 kB
Node 0 PageTables:         1232 kB
Node 0 NFS_Unstable:          0 kB
Node 0 Bounce:                0 kB
Node 0 WritebackTmp:          0 kB
Node 0 KReclaimable:      22200 kB
Node 0 Slab:              58144 kB
Node 0 SReclaimable:      22200 kB
Node 0 SUnreclaim:        35944 kB
Node 0 AnonHugePages:         0 kB
Node 0 ShmemHugePages:        0 kB
Node 0 ShmemPmdMapped:        0 kB
Node 0 FileHugePages:        0 kB
Node 0 FilePmdMapped:        0 kB
Node 0 HugePages_Total:     0
Node 0 HugePages_Free:      0
Node 0 HugePages_Surp:      0

Node 1 MemTotal:       24686196 kB
Node 1 MemFree:        24142724 kB
Node 1 MemUsed:          543472 kB
Node 1 Active:            66076 kB
Node 1 Inactive:         182100 kB
Node 1 Active(anon):      37136 kB
Node 1 Inactive(anon):      484 kB
Node 1 Active(file):      28940 kB
Node 1 Inactive(file):   181616 kB
Node 1 Unevictable:        5220 kB
Node 1 Mlocked:            5220 kB
Node 1 Dirty:               564 kB
Node 1 Writeback:             0 kB
Node 1 FilePages:        216468 kB
Node 1 Mapped:            59864 kB
Node 1 AnonPages:         36988 kB
Node 1 Shmem:               632 kB
Node 1 KernelStack:        3208 kB
Node 1 PageTables:         1520 kB
Node 1 NFS_Unstable:          0 kB
Node 1 Bounce:                0 kB
Node 1 WritebackTmp:          0 kB
Node 1 KReclaimable:      20788 kB
Node 1 Slab:              61440 kB
Node 1 SReclaimable:      20788 kB
Node 1 SUnreclaim:        40652 kB
Node 1 AnonHugePages:         0 kB
Node 1 ShmemHugePages:        0 kB
Node 1 ShmemPmdMapped:        0 kB
Node 1 FileHugePages:        0 kB
Node 1 FilePmdMapped:        0 kB
Node 1 HugePages_Total:     0
Node 1 HugePages_Free:      0
Node 1 HugePages_Surp:      0

After Test
Node 0 MemTotal:       24743736 kB
Node 0 MemFree:        24146924 kB
Node 0 MemUsed:          596812 kB
Node 0 Active:            46848 kB
Node 0 Inactive:          36744 kB
Node 0 Active(anon):      10096 kB
Node 0 Inactive(anon):      460 kB
Node 0 Active(file):      36752 kB
Node 0 Inactive(file):    36284 kB
Node 0 Unevictable:       13528 kB
Node 0 Mlocked:           13528 kB
Node 0 Dirty:                12 kB
Node 0 Writeback:             0 kB
Node 0 FilePages:         76648 kB
Node 0 Mapped:            12260 kB
Node 0 AnonPages:         20472 kB
Node 0 Shmem:               636 kB
Node 0 KernelStack:        1656 kB
Node 0 PageTables:          332 kB
Node 0 NFS_Unstable:          0 kB
Node 0 Bounce:                0 kB
Node 0 WritebackTmp:          0 kB
Node 0 KReclaimable:      22300 kB
Node 0 Slab:              58528 kB
Node 0 SReclaimable:      22300 kB
Node 0 SUnreclaim:        36228 kB
Node 0 AnonHugePages:         0 kB
Node 0 ShmemHugePages:        0 kB
Node 0 ShmemPmdMapped:        0 kB
Node 0 FileHugePages:        0 kB
Node 0 FilePmdMapped:        0 kB
Node 0 HugePages_Total:     0
Node 0 HugePages_Free:      0
Node 0 HugePages_Surp:      0

Node 1 MemTotal:       24686196 kB
Node 1 MemFree:        19478600 kB
Node 1 MemUsed:         5207596 kB
Node 1 Active:            53424 kB
Node 1 Inactive:         183032 kB
Node 1 Active(anon):      23324 kB
Node 1 Inactive(anon):      524 kB
Node 1 Active(file):      30100 kB
Node 1 Inactive(file):   182508 kB
Node 1 Unevictable:        5220 kB
Node 1 Mlocked:            5220 kB
Node 1 Dirty:                44 kB
Node 1 Writeback:             0 kB
Node 1 FilePages:        218500 kB
Node 1 Mapped:            58256 kB
Node 1 AnonPages:         23088 kB
Node 1 Shmem:               676 kB
Node 1 KernelStack:        3032 kB
Node 1 PageTables:          976 kB
Node 1 NFS_Unstable:          0 kB
Node 1 Bounce:                0 kB
Node 1 WritebackTmp:          0 kB
Node 1 KReclaimable:      22196 kB
Node 1 Slab:              82584 kB
Node 1 SReclaimable:      22196 kB
Node 1 SUnreclaim:        60388 kB
Node 1 AnonHugePages:         0 kB
Node 1 ShmemHugePages:        0 kB
Node 1 ShmemPmdMapped:        0 kB
Node 1 FileHugePages:        0 kB
Node 1 FilePmdMapped:        0 kB
Node 1 HugePages_Total:     0
Node 1 HugePages_Free:      0
Node 1 HugePages_Surp:      0

After Opposite Node
Node 0 MemTotal:       24743736 kB
Node 0 MemFree:        24145620 kB
Node 0 MemUsed:          598116 kB
Node 0 Active:            47140 kB
Node 0 Inactive:          36784 kB
Node 0 Active(anon):      10360 kB
Node 0 Inactive(anon):      504 kB
Node 0 Active(file):      36780 kB
Node 0 Inactive(file):    36280 kB
Node 0 Unevictable:       13528 kB
Node 0 Mlocked:           13528 kB
Node 0 Dirty:                28 kB
Node 0 Writeback:             0 kB
Node 0 FilePages:         76716 kB
Node 0 Mapped:            12304 kB
Node 0 AnonPages:         20604 kB
Node 0 Shmem:               680 kB
Node 0 KernelStack:        1704 kB
Node 0 PageTables:          504 kB
Node 0 NFS_Unstable:          0 kB
Node 0 Bounce:                0 kB
Node 0 WritebackTmp:          0 kB
Node 0 KReclaimable:      22356 kB
Node 0 Slab:              58708 kB
Node 0 SReclaimable:      22356 kB
Node 0 SUnreclaim:        36352 kB
Node 0 AnonHugePages:         0 kB
Node 0 ShmemHugePages:        0 kB
Node 0 ShmemPmdMapped:        0 kB
Node 0 FileHugePages:        0 kB
Node 0 FilePmdMapped:        0 kB
Node 0 HugePages_Total:     0
Node 0 HugePages_Free:      0
Node 0 HugePages_Surp:      0

Node 1 MemTotal:       24686196 kB
Node 1 MemFree:        19481348 kB
Node 1 MemUsed:         5204848 kB
Node 1 Active:            53380 kB
Node 1 Inactive:         182868 kB
Node 1 Active(anon):      23100 kB
Node 1 Inactive(anon):      480 kB
Node 1 Active(file):      30280 kB
Node 1 Inactive(file):   182388 kB
Node 1 Unevictable:        5220 kB
Node 1 Mlocked:            5220 kB
Node 1 Dirty:               104 kB
Node 1 Writeback:             0 kB
Node 1 FilePages:        218524 kB
Node 1 Mapped:            58312 kB
Node 1 AnonPages:         22948 kB
Node 1 Shmem:               632 kB
Node 1 KernelStack:        2968 kB
Node 1 PageTables:          792 kB
Node 1 NFS_Unstable:          0 kB
Node 1 Bounce:                0 kB
Node 1 WritebackTmp:          0 kB
Node 1 KReclaimable:      22200 kB
Node 1 Slab:              82540 kB
Node 1 SReclaimable:      22200 kB
Node 1 SUnreclaim:        60340 kB
Node 1 AnonHugePages:         0 kB
Node 1 ShmemHugePages:        0 kB
Node 1 ShmemPmdMapped:        0 kB
Node 1 FileHugePages:        0 kB
Node 1 FilePmdMapped:        0 kB
Node 1 HugePages_Total:     0
Node 1 HugePages_Free:      0
Node 1 HugePages_Surp:      0

B.1.fio.4G.3.O Complete!
