B.1.fio.2-1G.1.O
Begin
Node 0 MemTotal:       24743736 kB
Node 0 MemFree:        24290632 kB
Node 0 MemUsed:          453104 kB
Node 0 Active:            66436 kB
Node 0 Inactive:          97008 kB
Node 0 Active(anon):      20364 kB
Node 0 Inactive(anon):      596 kB
Node 0 Active(file):      46072 kB
Node 0 Inactive(file):    96412 kB
Node 0 Unevictable:       18140 kB
Node 0 Mlocked:           18140 kB
Node 0 Dirty:                40 kB
Node 0 Writeback:             0 kB
Node 0 FilePages:        151152 kB
Node 0 Mapped:            79236 kB
Node 0 AnonPages:         30448 kB
Node 0 Shmem:               856 kB
Node 0 KernelStack:        2040 kB
Node 0 PageTables:          860 kB
Node 0 NFS_Unstable:          0 kB
Node 0 Bounce:                0 kB
Node 0 WritebackTmp:          0 kB
Node 0 KReclaimable:      22128 kB
Node 0 Slab:              54896 kB
Node 0 SReclaimable:      22128 kB
Node 0 SUnreclaim:        32768 kB
Node 0 AnonHugePages:         0 kB
Node 0 ShmemHugePages:        0 kB
Node 0 ShmemPmdMapped:        0 kB
Node 0 FileHugePages:        0 kB
Node 0 FilePmdMapped:        0 kB
Node 0 HugePages_Total:     0
Node 0 HugePages_Free:      0
Node 0 HugePages_Surp:      0

Node 1 MemTotal:       24686196 kB
Node 1 MemFree:        24461356 kB
Node 1 MemUsed:          224840 kB
Node 1 Active:            28748 kB
Node 1 Inactive:          58072 kB
Node 1 Active(anon):      14124 kB
Node 1 Inactive(anon):      288 kB
Node 1 Active(file):      14624 kB
Node 1 Inactive(file):    57784 kB
Node 1 Unevictable:         380 kB
Node 1 Mlocked:             380 kB
Node 1 Dirty:               372 kB
Node 1 Writeback:             0 kB
Node 1 FilePages:         73268 kB
Node 1 Mapped:            17764 kB
Node 1 AnonPages:         14052 kB
Node 1 Shmem:               412 kB
Node 1 KernelStack:        1672 kB
Node 1 PageTables:          520 kB
Node 1 NFS_Unstable:          0 kB
Node 1 Bounce:                0 kB
Node 1 WritebackTmp:          0 kB
Node 1 KReclaimable:      19904 kB
Node 1 Slab:              51084 kB
Node 1 SReclaimable:      19904 kB
Node 1 SUnreclaim:        31180 kB
Node 1 AnonHugePages:         0 kB
Node 1 ShmemHugePages:        0 kB
Node 1 ShmemPmdMapped:        0 kB
Node 1 FileHugePages:        0 kB
Node 1 FilePmdMapped:        0 kB
Node 1 HugePages_Total:     0
Node 1 HugePages_Free:      0
Node 1 HugePages_Surp:      0

Load ZFS
Node 0 MemTotal:       24743736 kB
Node 0 MemFree:        24173236 kB
Node 0 MemUsed:          570500 kB
Node 0 Active:            75180 kB
Node 0 Inactive:         199696 kB
Node 0 Active(anon):      28060 kB
Node 0 Inactive(anon):      492 kB
Node 0 Active(file):      47120 kB
Node 0 Inactive(file):   199204 kB
Node 0 Unevictable:       18352 kB
Node 0 Mlocked:           18352 kB
Node 0 Dirty:               396 kB
Node 0 Writeback:             0 kB
Node 0 FilePages:        254848 kB
Node 0 Mapped:            82276 kB
Node 0 AnonPages:         38088 kB
Node 0 Shmem:               712 kB
Node 0 KernelStack:        2216 kB
Node 0 PageTables:         1404 kB
Node 0 NFS_Unstable:          0 kB
Node 0 Bounce:                0 kB
Node 0 WritebackTmp:          0 kB
Node 0 KReclaimable:      23324 kB
Node 0 Slab:              58588 kB
Node 0 SReclaimable:      23324 kB
Node 0 SUnreclaim:        35264 kB
Node 0 AnonHugePages:         0 kB
Node 0 ShmemHugePages:        0 kB
Node 0 ShmemPmdMapped:        0 kB
Node 0 FileHugePages:        0 kB
Node 0 FilePmdMapped:        0 kB
Node 0 HugePages_Total:     0
Node 0 HugePages_Free:      0
Node 0 HugePages_Surp:      0

Node 1 MemTotal:       24686196 kB
Node 1 MemFree:        24436412 kB
Node 1 MemUsed:          249784 kB
Node 1 Active:            46984 kB
Node 1 Inactive:          59120 kB
Node 1 Active(anon):      30956 kB
Node 1 Inactive(anon):      452 kB
Node 1 Active(file):      16028 kB
Node 1 Inactive(file):    58668 kB
Node 1 Unevictable:         380 kB
Node 1 Mlocked:             380 kB
Node 1 Dirty:               244 kB
Node 1 Writeback:             0 kB
Node 1 FilePages:         75632 kB
Node 1 Mapped:            19064 kB
Node 1 AnonPages:         30876 kB
Node 1 Shmem:               556 kB
Node 1 KernelStack:        2056 kB
Node 1 PageTables:         2136 kB
Node 1 NFS_Unstable:          0 kB
Node 1 Bounce:                0 kB
Node 1 WritebackTmp:          0 kB
Node 1 KReclaimable:      20388 kB
Node 1 Slab:              54428 kB
Node 1 SReclaimable:      20388 kB
Node 1 SUnreclaim:        34040 kB
Node 1 AnonHugePages:         0 kB
Node 1 ShmemHugePages:        0 kB
Node 1 ShmemPmdMapped:        0 kB
Node 1 FileHugePages:        0 kB
Node 1 FilePmdMapped:        0 kB
Node 1 HugePages_Total:     0
Node 1 HugePages_Free:      0
Node 1 HugePages_Surp:      0

Import tank ZPool
Node 0 MemTotal:       24743736 kB
Node 0 MemFree:        24173232 kB
Node 0 MemUsed:          570504 kB
Node 0 Active:            74940 kB
Node 0 Inactive:         199696 kB
Node 0 Active(anon):      27820 kB
Node 0 Inactive(anon):      492 kB
Node 0 Active(file):      47120 kB
Node 0 Inactive(file):   199204 kB
Node 0 Unevictable:       18368 kB
Node 0 Mlocked:           18368 kB
Node 0 Dirty:               452 kB
Node 0 Writeback:             0 kB
Node 0 FilePages:        254844 kB
Node 0 Mapped:            82300 kB
Node 0 AnonPages:         38156 kB
Node 0 Shmem:               708 kB
Node 0 KernelStack:        2200 kB
Node 0 PageTables:         1376 kB
Node 0 NFS_Unstable:          0 kB
Node 0 Bounce:                0 kB
Node 0 WritebackTmp:          0 kB
Node 0 KReclaimable:      23332 kB
Node 0 Slab:              59412 kB
Node 0 SReclaimable:      23332 kB
Node 0 SUnreclaim:        36080 kB
Node 0 AnonHugePages:         0 kB
Node 0 ShmemHugePages:        0 kB
Node 0 ShmemPmdMapped:        0 kB
Node 0 FileHugePages:        0 kB
Node 0 FilePmdMapped:        0 kB
Node 0 HugePages_Total:     0
Node 0 HugePages_Free:      0
Node 0 HugePages_Surp:      0

Node 1 MemTotal:       24686196 kB
Node 1 MemFree:        24417032 kB
Node 1 MemUsed:          269164 kB
Node 1 Active:            47372 kB
Node 1 Inactive:          60320 kB
Node 1 Active(anon):      30968 kB
Node 1 Inactive(anon):      456 kB
Node 1 Active(file):      16404 kB
Node 1 Inactive(file):    59864 kB
Node 1 Unevictable:         380 kB
Node 1 Mlocked:             380 kB
Node 1 Dirty:               188 kB
Node 1 Writeback:             0 kB
Node 1 FilePages:         77212 kB
Node 1 Mapped:            19016 kB
Node 1 AnonPages:         30544 kB
Node 1 Shmem:               560 kB
Node 1 KernelStack:        3112 kB
Node 1 PageTables:         1728 kB
Node 1 NFS_Unstable:          0 kB
Node 1 Bounce:                0 kB
Node 1 WritebackTmp:          0 kB
Node 1 KReclaimable:      20516 kB
Node 1 Slab:              60964 kB
Node 1 SReclaimable:      20516 kB
Node 1 SUnreclaim:        40448 kB
Node 1 AnonHugePages:         0 kB
Node 1 ShmemHugePages:        0 kB
Node 1 ShmemPmdMapped:        0 kB
Node 1 FileHugePages:        0 kB
Node 1 FilePmdMapped:        0 kB
Node 1 HugePages_Total:     0
Node 1 HugePages_Free:      0
Node 1 HugePages_Surp:      0

After Test
Node 0 MemTotal:       24743736 kB
Node 0 MemFree:        23980460 kB
Node 0 MemUsed:          763276 kB
Node 0 Active:            67636 kB
Node 0 Inactive:         199120 kB
Node 0 Active(anon):      19940 kB
Node 0 Inactive(anon):      492 kB
Node 0 Active(file):      47696 kB
Node 0 Inactive(file):   198628 kB
Node 0 Unevictable:       18368 kB
Node 0 Mlocked:           18368 kB
Node 0 Dirty:               460 kB
Node 0 Writeback:             0 kB
Node 0 FilePages:        254844 kB
Node 0 Mapped:            79536 kB
Node 0 AnonPages:         30276 kB
Node 0 Shmem:               708 kB
Node 0 KernelStack:        1944 kB
Node 0 PageTables:          860 kB
Node 0 NFS_Unstable:          0 kB
Node 0 Bounce:                0 kB
Node 0 WritebackTmp:          0 kB
Node 0 KReclaimable:      23332 kB
Node 0 Slab:              59936 kB
Node 0 SReclaimable:      23332 kB
Node 0 SUnreclaim:        36604 kB
Node 0 AnonHugePages:         0 kB
Node 0 ShmemHugePages:        0 kB
Node 0 ShmemPmdMapped:        0 kB
Node 0 FileHugePages:        0 kB
Node 0 FilePmdMapped:        0 kB
Node 0 HugePages_Total:     0
Node 0 HugePages_Free:      0
Node 0 HugePages_Surp:      0

Node 1 MemTotal:       24686196 kB
Node 1 MemFree:        22758776 kB
Node 1 MemUsed:         1927420 kB
Node 1 Active:            31368 kB
Node 1 Inactive:          61104 kB
Node 1 Active(anon):      13484 kB
Node 1 Inactive(anon):      472 kB
Node 1 Active(file):      17884 kB
Node 1 Inactive(file):    60632 kB
Node 1 Unevictable:         380 kB
Node 1 Mlocked:             380 kB
Node 1 Dirty:               208 kB
Node 1 Writeback:             0 kB
Node 1 FilePages:         79500 kB
Node 1 Mapped:            18152 kB
Node 1 AnonPages:         13264 kB
Node 1 Shmem:               604 kB
Node 1 KernelStack:        2728 kB
Node 1 PageTables:          548 kB
Node 1 NFS_Unstable:          0 kB
Node 1 Bounce:                0 kB
Node 1 WritebackTmp:          0 kB
Node 1 KReclaimable:      21808 kB
Node 1 Slab:              70644 kB
Node 1 SReclaimable:      21808 kB
Node 1 SUnreclaim:        48836 kB
Node 1 AnonHugePages:         0 kB
Node 1 ShmemHugePages:        0 kB
Node 1 ShmemPmdMapped:        0 kB
Node 1 FileHugePages:        0 kB
Node 1 FilePmdMapped:        0 kB
Node 1 HugePages_Total:     0
Node 1 HugePages_Free:      0
Node 1 HugePages_Surp:      0

After Opposite Node
Node 0 MemTotal:       24743736 kB
Node 0 MemFree:        23979352 kB
Node 0 MemUsed:          764384 kB
Node 0 Active:            67832 kB
Node 0 Inactive:         199164 kB
Node 0 Active(anon):      20132 kB
Node 0 Inactive(anon):      528 kB
Node 0 Active(file):      47700 kB
Node 0 Inactive(file):   198636 kB
Node 0 Unevictable:       18368 kB
Node 0 Mlocked:           18368 kB
Node 0 Dirty:               424 kB
Node 0 Writeback:             0 kB
Node 0 FilePages:        254900 kB
Node 0 Mapped:            79580 kB
Node 0 AnonPages:         30328 kB
Node 0 Shmem:               752 kB
Node 0 KernelStack:        1960 kB
Node 0 PageTables:          980 kB
Node 0 NFS_Unstable:          0 kB
Node 0 Bounce:                0 kB
Node 0 WritebackTmp:          0 kB
Node 0 KReclaimable:      23412 kB
Node 0 Slab:              60324 kB
Node 0 SReclaimable:      23412 kB
Node 0 SUnreclaim:        36912 kB
Node 0 AnonHugePages:         0 kB
Node 0 ShmemHugePages:        0 kB
Node 0 ShmemPmdMapped:        0 kB
Node 0 FileHugePages:        0 kB
Node 0 FilePmdMapped:        0 kB
Node 0 HugePages_Total:     0
Node 0 HugePages_Free:      0
Node 0 HugePages_Surp:      0

Node 1 MemTotal:       24686196 kB
Node 1 MemFree:        22758168 kB
Node 1 MemUsed:         1928028 kB
Node 1 Active:            31384 kB
Node 1 Inactive:          60936 kB
Node 1 Active(anon):      13316 kB
Node 1 Inactive(anon):      448 kB
Node 1 Active(file):      18068 kB
Node 1 Inactive(file):    60488 kB
Node 1 Unevictable:         380 kB
Node 1 Mlocked:             380 kB
Node 1 Dirty:               204 kB
Node 1 Writeback:             0 kB
Node 1 FilePages:         79504 kB
Node 1 Mapped:            18152 kB
Node 1 AnonPages:         13204 kB
Node 1 Shmem:               560 kB
Node 1 KernelStack:        2696 kB
Node 1 PageTables:          432 kB
Node 1 NFS_Unstable:          0 kB
Node 1 Bounce:                0 kB
Node 1 WritebackTmp:          0 kB
Node 1 KReclaimable:      21848 kB
Node 1 Slab:              70768 kB
Node 1 SReclaimable:      21848 kB
Node 1 SUnreclaim:        48920 kB
Node 1 AnonHugePages:         0 kB
Node 1 ShmemHugePages:        0 kB
Node 1 ShmemPmdMapped:        0 kB
Node 1 FileHugePages:        0 kB
Node 1 FilePmdMapped:        0 kB
Node 1 HugePages_Total:     0
Node 1 HugePages_Free:      0
Node 1 HugePages_Surp:      0

B.1.fio.2-1G.1.O Complete!
