kernel.numa_balancing = 0
U.0.1G-simpleread.8G.2.O.1M
Begin
Node 0 MemTotal:       24768352 kB
Node 0 MemFree:        24351544 kB
Node 0 MemUsed:          416808 kB
Node 0 Active:            51332 kB
Node 0 Inactive:          63760 kB
Node 0 Active(anon):      26060 kB
Node 0 Inactive(anon):      436 kB
Node 0 Active(file):      25272 kB
Node 0 Inactive(file):    63324 kB
Node 0 Unevictable:       16940 kB
Node 0 Mlocked:           16940 kB
Node 0 Dirty:                68 kB
Node 0 Writeback:             0 kB
Node 0 FilePages:         95848 kB
Node 0 Mapped:            45308 kB
Node 0 AnonPages:         36336 kB
Node 0 Shmem:               644 kB
Node 0 KernelStack:        2360 kB
Node 0 PageTables:          932 kB
Node 0 NFS_Unstable:          0 kB
Node 0 Bounce:                0 kB
Node 0 WritebackTmp:          0 kB
Node 0 KReclaimable:      23140 kB
Node 0 Slab:              66384 kB
Node 0 SReclaimable:      23140 kB
Node 0 SUnreclaim:        43244 kB
Node 0 AnonHugePages:         0 kB
Node 0 ShmemHugePages:        0 kB
Node 0 ShmemPmdMapped:        0 kB
Node 0 FileHugePages:        0 kB
Node 0 FilePmdMapped:        0 kB
Node 0 HugePages_Total:     0
Node 0 HugePages_Free:      0
Node 0 HugePages_Surp:      0

Node 1 MemTotal:       24661580 kB
Node 1 MemFree:        24446108 kB
Node 1 MemUsed:          215472 kB
Node 1 Active:            45324 kB
Node 1 Inactive:          46564 kB
Node 1 Active(anon):       8180 kB
Node 1 Inactive(anon):      440 kB
Node 1 Active(file):      37144 kB
Node 1 Inactive(file):    46124 kB
Node 1 Unevictable:        1584 kB
Node 1 Mlocked:            1584 kB
Node 1 Dirty:               376 kB
Node 1 Writeback:             0 kB
Node 1 FilePages:         85516 kB
Node 1 Mapped:            13652 kB
Node 1 AnonPages:          8012 kB
Node 1 Shmem:               624 kB
Node 1 KernelStack:        1288 kB
Node 1 PageTables:          264 kB
Node 1 NFS_Unstable:          0 kB
Node 1 Bounce:                0 kB
Node 1 WritebackTmp:          0 kB
Node 1 KReclaimable:      18320 kB
Node 1 Slab:              39904 kB
Node 1 SReclaimable:      18320 kB
Node 1 SUnreclaim:        21584 kB
Node 1 AnonHugePages:         0 kB
Node 1 ShmemHugePages:        0 kB
Node 1 ShmemPmdMapped:        0 kB
Node 1 FileHugePages:        0 kB
Node 1 FilePmdMapped:        0 kB
Node 1 HugePages_Total:     0
Node 1 HugePages_Free:      0
Node 1 HugePages_Surp:      0

Load ZFS
Node 0 MemTotal:       24768352 kB
Node 0 MemFree:        24481040 kB
Node 0 MemUsed:          287312 kB
Node 0 Active:            61236 kB
Node 0 Inactive:          59200 kB
Node 0 Active(anon):      30332 kB
Node 0 Inactive(anon):      436 kB
Node 0 Active(file):      30904 kB
Node 0 Inactive(file):    58764 kB
Node 0 Unevictable:       16940 kB
Node 0 Mlocked:           16940 kB
Node 0 Dirty:               124 kB
Node 0 Writeback:             0 kB
Node 0 FilePages:         96920 kB
Node 0 Mapped:            45308 kB
Node 0 AnonPages:         40556 kB
Node 0 Shmem:               644 kB
Node 0 KernelStack:        2472 kB
Node 0 PageTables:         1172 kB
Node 0 NFS_Unstable:          0 kB
Node 0 Bounce:                0 kB
Node 0 WritebackTmp:          0 kB
Node 0 KReclaimable:      23672 kB
Node 0 Slab:              67892 kB
Node 0 SReclaimable:      23672 kB
Node 0 SUnreclaim:        44220 kB
Node 0 AnonHugePages:         0 kB
Node 0 ShmemHugePages:        0 kB
Node 0 ShmemPmdMapped:        0 kB
Node 0 FileHugePages:        0 kB
Node 0 FilePmdMapped:        0 kB
Node 0 HugePages_Total:     0
Node 0 HugePages_Free:      0
Node 0 HugePages_Surp:      0

Node 1 MemTotal:       24661580 kB
Node 1 MemFree:        24305564 kB
Node 1 MemUsed:          356016 kB
Node 1 Active:            46336 kB
Node 1 Inactive:          47132 kB
Node 1 Active(anon):       8260 kB
Node 1 Inactive(anon):      440 kB
Node 1 Active(file):      38076 kB
Node 1 Inactive(file):    46692 kB
Node 1 Unevictable:        1584 kB
Node 1 Mlocked:            1584 kB
Node 1 Dirty:               120 kB
Node 1 Writeback:             0 kB
Node 1 FilePages:         86976 kB
Node 1 Mapped:            13876 kB
Node 1 AnonPages:          7568 kB
Node 1 Shmem:               624 kB
Node 1 KernelStack:        1288 kB
Node 1 PageTables:          300 kB
Node 1 NFS_Unstable:          0 kB
Node 1 Bounce:                0 kB
Node 1 WritebackTmp:          0 kB
Node 1 KReclaimable:      18708 kB
Node 1 Slab:              41896 kB
Node 1 SReclaimable:      18708 kB
Node 1 SUnreclaim:        23188 kB
Node 1 AnonHugePages:         0 kB
Node 1 ShmemHugePages:        0 kB
Node 1 ShmemPmdMapped:        0 kB
Node 1 FileHugePages:        0 kB
Node 1 FilePmdMapped:        0 kB
Node 1 HugePages_Total:     0
Node 1 HugePages_Free:      0
Node 1 HugePages_Surp:      0

Import tank ZPool
Node 0 MemTotal:       24768352 kB
Node 0 MemFree:        24483876 kB
Node 0 MemUsed:          284476 kB
Node 0 Active:            56088 kB
Node 0 Inactive:          59144 kB
Node 0 Active(anon):      25128 kB
Node 0 Inactive(anon):      436 kB
Node 0 Active(file):      30960 kB
Node 0 Inactive(file):    58708 kB
Node 0 Unevictable:       16940 kB
Node 0 Mlocked:           16940 kB
Node 0 Dirty:               168 kB
Node 0 Writeback:             0 kB
Node 0 FilePages:         96940 kB
Node 0 Mapped:            45584 kB
Node 0 AnonPages:         35140 kB
Node 0 Shmem:               640 kB
Node 0 KernelStack:        2408 kB
Node 0 PageTables:         1012 kB
Node 0 NFS_Unstable:          0 kB
Node 0 Bounce:                0 kB
Node 0 WritebackTmp:          0 kB
Node 0 KReclaimable:      23672 kB
Node 0 Slab:              68572 kB
Node 0 SReclaimable:      23672 kB
Node 0 SUnreclaim:        44900 kB
Node 0 AnonHugePages:         0 kB
Node 0 ShmemHugePages:        0 kB
Node 0 ShmemPmdMapped:        0 kB
Node 0 FileHugePages:        0 kB
Node 0 FilePmdMapped:        0 kB
Node 0 HugePages_Total:     0
Node 0 HugePages_Free:      0
Node 0 HugePages_Surp:      0

Node 1 MemTotal:       24661580 kB
Node 1 MemFree:        24285488 kB
Node 1 MemUsed:          376092 kB
Node 1 Active:            46840 kB
Node 1 Inactive:          48356 kB
Node 1 Active(anon):       8428 kB
Node 1 Inactive(anon):      444 kB
Node 1 Active(file):      38412 kB
Node 1 Inactive(file):    47912 kB
Node 1 Unevictable:        1584 kB
Node 1 Mlocked:            1584 kB
Node 1 Dirty:               148 kB
Node 1 Writeback:             0 kB
Node 1 FilePages:         88536 kB
Node 1 Mapped:            13896 kB
Node 1 AnonPages:          7928 kB
Node 1 Shmem:               628 kB
Node 1 KernelStack:        2376 kB
Node 1 PageTables:          380 kB
Node 1 NFS_Unstable:          0 kB
Node 1 Bounce:                0 kB
Node 1 WritebackTmp:          0 kB
Node 1 KReclaimable:      18812 kB
Node 1 Slab:              48424 kB
Node 1 SReclaimable:      18812 kB
Node 1 SUnreclaim:        29612 kB
Node 1 AnonHugePages:         0 kB
Node 1 ShmemHugePages:        0 kB
Node 1 ShmemPmdMapped:        0 kB
Node 1 FileHugePages:        0 kB
Node 1 FilePmdMapped:        0 kB
Node 1 HugePages_Total:     0
Node 1 HugePages_Free:      0
Node 1 HugePages_Surp:      0

After Test
Node 0 MemTotal:       24768352 kB
Node 0 MemFree:        14741156 kB
Node 0 MemUsed:        10027196 kB
Node 0 Active:            56472 kB
Node 0 Inactive:        1035628 kB
Node 0 Active(anon):      24976 kB
Node 0 Inactive(anon):      436 kB
Node 0 Active(file):      31496 kB
Node 0 Inactive(file):  1035192 kB
Node 0 Unevictable:       16940 kB
Node 0 Mlocked:           16940 kB
Node 0 Dirty:                44 kB
Node 0 Writeback:             0 kB
Node 0 FilePages:       1073968 kB
Node 0 Mapped:            45384 kB
Node 0 AnonPages:         34980 kB
Node 0 Shmem:               640 kB
Node 0 KernelStack:        2296 kB
Node 0 PageTables:         1028 kB
Node 0 NFS_Unstable:          0 kB
Node 0 Bounce:                0 kB
Node 0 WritebackTmp:          0 kB
Node 0 KReclaimable:      26288 kB
Node 0 Slab:             103652 kB
Node 0 SReclaimable:      26288 kB
Node 0 SUnreclaim:        77364 kB
Node 0 AnonHugePages:         0 kB
Node 0 ShmemHugePages:        0 kB
Node 0 ShmemPmdMapped:        0 kB
Node 0 FileHugePages:        0 kB
Node 0 FilePmdMapped:        0 kB
Node 0 HugePages_Total:     0
Node 0 HugePages_Free:      0
Node 0 HugePages_Surp:      0

Node 1 MemTotal:       24661580 kB
Node 1 MemFree:        23808008 kB
Node 1 MemUsed:          853572 kB
Node 1 Active:            47120 kB
Node 1 Inactive:          48112 kB
Node 1 Active(anon):       8228 kB
Node 1 Inactive(anon):      444 kB
Node 1 Active(file):      38892 kB
Node 1 Inactive(file):    47668 kB
Node 1 Unevictable:        1584 kB
Node 1 Mlocked:            1584 kB
Node 1 Dirty:                 4 kB
Node 1 Writeback:             0 kB
Node 1 FilePages:         88800 kB
Node 1 Mapped:            13656 kB
Node 1 AnonPages:          8044 kB
Node 1 Shmem:               628 kB
Node 1 KernelStack:        2328 kB
Node 1 PageTables:          264 kB
Node 1 NFS_Unstable:          0 kB
Node 1 Bounce:                0 kB
Node 1 WritebackTmp:          0 kB
Node 1 KReclaimable:      18888 kB
Node 1 Slab:              50424 kB
Node 1 SReclaimable:      18888 kB
Node 1 SUnreclaim:        31536 kB
Node 1 AnonHugePages:         0 kB
Node 1 ShmemHugePages:        0 kB
Node 1 ShmemPmdMapped:        0 kB
Node 1 FileHugePages:        0 kB
Node 1 FilePmdMapped:        0 kB
Node 1 HugePages_Total:     0
Node 1 HugePages_Free:      0
Node 1 HugePages_Surp:      0

After Opposite Node
Node 0 MemTotal:       24768352 kB
Node 0 MemFree:        14744268 kB
Node 0 MemUsed:        10024084 kB
Node 0 Active:            56248 kB
Node 0 Inactive:        1035360 kB
Node 0 Active(anon):      24480 kB
Node 0 Inactive(anon):      436 kB
Node 0 Active(file):      31768 kB
Node 0 Inactive(file):  1034924 kB
Node 0 Unevictable:       16940 kB
Node 0 Mlocked:           16940 kB
Node 0 Dirty:                52 kB
Node 0 Writeback:             0 kB
Node 0 FilePages:       1073972 kB
Node 0 Mapped:            45376 kB
Node 0 AnonPages:         34608 kB
Node 0 Shmem:               640 kB
Node 0 KernelStack:        2280 kB
Node 0 PageTables:          812 kB
Node 0 NFS_Unstable:          0 kB
Node 0 Bounce:                0 kB
Node 0 WritebackTmp:          0 kB
Node 0 KReclaimable:      26288 kB
Node 0 Slab:             102992 kB
Node 0 SReclaimable:      26288 kB
Node 0 SUnreclaim:        76704 kB
Node 0 AnonHugePages:         0 kB
Node 0 ShmemHugePages:        0 kB
Node 0 ShmemPmdMapped:        0 kB
Node 0 FileHugePages:        0 kB
Node 0 FilePmdMapped:        0 kB
Node 0 HugePages_Total:     0
Node 0 HugePages_Free:      0
Node 0 HugePages_Surp:      0

Node 1 MemTotal:       24661580 kB
Node 1 MemFree:        23807044 kB
Node 1 MemUsed:          854536 kB
Node 1 Active:            47668 kB
Node 1 Inactive:          48096 kB
Node 1 Active(anon):       8708 kB
Node 1 Inactive(anon):      444 kB
Node 1 Active(file):      38960 kB
Node 1 Inactive(file):    47652 kB
Node 1 Unevictable:        1584 kB
Node 1 Mlocked:            1584 kB
Node 1 Dirty:                28 kB
Node 1 Writeback:             0 kB
Node 1 FilePages:         88832 kB
Node 1 Mapped:            13652 kB
Node 1 AnonPages:          8420 kB
Node 1 Shmem:               628 kB
Node 1 KernelStack:        2328 kB
Node 1 PageTables:          476 kB
Node 1 NFS_Unstable:          0 kB
Node 1 Bounce:                0 kB
Node 1 WritebackTmp:          0 kB
Node 1 KReclaimable:      18920 kB
Node 1 Slab:              51532 kB
Node 1 SReclaimable:      18920 kB
Node 1 SUnreclaim:        32612 kB
Node 1 AnonHugePages:         0 kB
Node 1 ShmemHugePages:        0 kB
Node 1 ShmemPmdMapped:        0 kB
Node 1 FileHugePages:        0 kB
Node 1 FilePmdMapped:        0 kB
Node 1 HugePages_Total:     0
Node 1 HugePages_Free:      0
Node 1 HugePages_Surp:      0

U.0.1G-simpleread.8G.2.O.1M Complete!
