kernel.numa_balancing = 0
U.0.1G-simpleread.2G.2.O.1M
Begin
Node 0 MemTotal:       24743736 kB
Node 0 MemFree:        24471640 kB
Node 0 MemUsed:          272096 kB
Node 0 Active:            59744 kB
Node 0 Inactive:          61592 kB
Node 0 Active(anon):      16752 kB
Node 0 Inactive(anon):      484 kB
Node 0 Active(file):      42992 kB
Node 0 Inactive(file):    61108 kB
Node 0 Unevictable:         488 kB
Node 0 Mlocked:             488 kB
Node 0 Dirty:               408 kB
Node 0 Writeback:             0 kB
Node 0 FilePages:        105268 kB
Node 0 Mapped:            39804 kB
Node 0 AnonPages:         16624 kB
Node 0 Shmem:               656 kB
Node 0 KernelStack:        2040 kB
Node 0 PageTables:          544 kB
Node 0 NFS_Unstable:          0 kB
Node 0 Bounce:                0 kB
Node 0 WritebackTmp:          0 kB
Node 0 KReclaimable:      23164 kB
Node 0 Slab:              58316 kB
Node 0 SReclaimable:      23164 kB
Node 0 SUnreclaim:        35152 kB
Node 0 AnonHugePages:         0 kB
Node 0 ShmemHugePages:        0 kB
Node 0 ShmemPmdMapped:        0 kB
Node 0 FileHugePages:        0 kB
Node 0 FilePmdMapped:        0 kB
Node 0 HugePages_Total:     0
Node 0 HugePages_Free:      0
Node 0 HugePages_Surp:      0

Node 1 MemTotal:       24686196 kB
Node 1 MemFree:        24319660 kB
Node 1 MemUsed:          366536 kB
Node 1 Active:            37300 kB
Node 1 Inactive:          54240 kB
Node 1 Active(anon):      17016 kB
Node 1 Inactive(anon):      388 kB
Node 1 Active(file):      20284 kB
Node 1 Inactive(file):    53852 kB
Node 1 Unevictable:       18036 kB
Node 1 Mlocked:           18036 kB
Node 1 Dirty:               136 kB
Node 1 Writeback:             0 kB
Node 1 FilePages:         82452 kB
Node 1 Mapped:            22212 kB
Node 1 AnonPages:         27204 kB
Node 1 Shmem:               612 kB
Node 1 KernelStack:        1624 kB
Node 1 PageTables:          640 kB
Node 1 NFS_Unstable:          0 kB
Node 1 Bounce:                0 kB
Node 1 WritebackTmp:          0 kB
Node 1 KReclaimable:      18996 kB
Node 1 Slab:              49780 kB
Node 1 SReclaimable:      18996 kB
Node 1 SUnreclaim:        30784 kB
Node 1 AnonHugePages:         0 kB
Node 1 ShmemHugePages:        0 kB
Node 1 ShmemPmdMapped:        0 kB
Node 1 FileHugePages:        0 kB
Node 1 FilePmdMapped:        0 kB
Node 1 HugePages_Total:     0
Node 1 HugePages_Free:      0
Node 1 HugePages_Surp:      0

Load ZFS
Node 0 MemTotal:       24743736 kB
Node 0 MemFree:        24336220 kB
Node 0 MemUsed:          407516 kB
Node 0 Active:            65120 kB
Node 0 Inactive:          57652 kB
Node 0 Active(anon):      16812 kB
Node 0 Inactive(anon):      484 kB
Node 0 Active(file):      48308 kB
Node 0 Inactive(file):    57168 kB
Node 0 Unevictable:         488 kB
Node 0 Mlocked:             488 kB
Node 0 Dirty:               432 kB
Node 0 Writeback:             0 kB
Node 0 FilePages:        106620 kB
Node 0 Mapped:            39804 kB
Node 0 AnonPages:         16416 kB
Node 0 Shmem:               656 kB
Node 0 KernelStack:        2088 kB
Node 0 PageTables:          604 kB
Node 0 NFS_Unstable:          0 kB
Node 0 Bounce:                0 kB
Node 0 WritebackTmp:          0 kB
Node 0 KReclaimable:      23536 kB
Node 0 Slab:              60076 kB
Node 0 SReclaimable:      23536 kB
Node 0 SUnreclaim:        36540 kB
Node 0 AnonHugePages:         0 kB
Node 0 ShmemHugePages:        0 kB
Node 0 ShmemPmdMapped:        0 kB
Node 0 FileHugePages:        0 kB
Node 0 FilePmdMapped:        0 kB
Node 0 HugePages_Total:     0
Node 0 HugePages_Free:      0
Node 0 HugePages_Surp:      0

Node 1 MemTotal:       24686196 kB
Node 1 MemFree:        24444644 kB
Node 1 MemUsed:          241552 kB
Node 1 Active:            41648 kB
Node 1 Inactive:          54220 kB
Node 1 Active(anon):      20160 kB
Node 1 Inactive(anon):      388 kB
Node 1 Active(file):      21488 kB
Node 1 Inactive(file):    53832 kB
Node 1 Unevictable:       18036 kB
Node 1 Mlocked:           18036 kB
Node 1 Dirty:               136 kB
Node 1 Writeback:             0 kB
Node 1 FilePages:         83636 kB
Node 1 Mapped:            22436 kB
Node 1 AnonPages:         30332 kB
Node 1 Shmem:               612 kB
Node 1 KernelStack:        1656 kB
Node 1 PageTables:          840 kB
Node 1 NFS_Unstable:          0 kB
Node 1 Bounce:                0 kB
Node 1 WritebackTmp:          0 kB
Node 1 KReclaimable:      19456 kB
Node 1 Slab:              51800 kB
Node 1 SReclaimable:      19456 kB
Node 1 SUnreclaim:        32344 kB
Node 1 AnonHugePages:         0 kB
Node 1 ShmemHugePages:        0 kB
Node 1 ShmemPmdMapped:        0 kB
Node 1 FileHugePages:        0 kB
Node 1 FilePmdMapped:        0 kB
Node 1 HugePages_Total:     0
Node 1 HugePages_Free:      0
Node 1 HugePages_Surp:      0

Import tank ZPool
Node 0 MemTotal:       24743736 kB
Node 0 MemFree:        24318412 kB
Node 0 MemUsed:          425324 kB
Node 0 Active:            65764 kB
Node 0 Inactive:          58824 kB
Node 0 Active(anon):      16904 kB
Node 0 Inactive(anon):      488 kB
Node 0 Active(file):      48860 kB
Node 0 Inactive(file):    58336 kB
Node 0 Unevictable:         488 kB
Node 0 Mlocked:             488 kB
Node 0 Dirty:               224 kB
Node 0 Writeback:             0 kB
Node 0 FilePages:        108364 kB
Node 0 Mapped:            40068 kB
Node 0 AnonPages:         16572 kB
Node 0 Shmem:               656 kB
Node 0 KernelStack:        3208 kB
Node 0 PageTables:          660 kB
Node 0 NFS_Unstable:          0 kB
Node 0 Bounce:                0 kB
Node 0 WritebackTmp:          0 kB
Node 0 KReclaimable:      23648 kB
Node 0 Slab:              67012 kB
Node 0 SReclaimable:      23648 kB
Node 0 SUnreclaim:        43364 kB
Node 0 AnonHugePages:         0 kB
Node 0 ShmemHugePages:        0 kB
Node 0 ShmemPmdMapped:        0 kB
Node 0 FileHugePages:        0 kB
Node 0 FilePmdMapped:        0 kB
Node 0 HugePages_Total:     0
Node 0 HugePages_Free:      0
Node 0 HugePages_Surp:      0

Node 1 MemTotal:       24686196 kB
Node 1 MemFree:        24446980 kB
Node 1 MemUsed:          239216 kB
Node 1 Active:            38224 kB
Node 1 Inactive:          54220 kB
Node 1 Active(anon):      16712 kB
Node 1 Inactive(anon):      388 kB
Node 1 Active(file):      21512 kB
Node 1 Inactive(file):    53832 kB
Node 1 Unevictable:       18036 kB
Node 1 Mlocked:           18036 kB
Node 1 Dirty:               148 kB
Node 1 Writeback:             0 kB
Node 1 FilePages:         83660 kB
Node 1 Mapped:            22440 kB
Node 1 AnonPages:         26816 kB
Node 1 Shmem:               612 kB
Node 1 KernelStack:        1544 kB
Node 1 PageTables:          560 kB
Node 1 NFS_Unstable:          0 kB
Node 1 Bounce:                0 kB
Node 1 WritebackTmp:          0 kB
Node 1 KReclaimable:      19456 kB
Node 1 Slab:              52032 kB
Node 1 SReclaimable:      19456 kB
Node 1 SUnreclaim:        32576 kB
Node 1 AnonHugePages:         0 kB
Node 1 ShmemHugePages:        0 kB
Node 1 ShmemPmdMapped:        0 kB
Node 1 FileHugePages:        0 kB
Node 1 FilePmdMapped:        0 kB
Node 1 HugePages_Total:     0
Node 1 HugePages_Free:      0
Node 1 HugePages_Surp:      0

After Test
Node 0 MemTotal:       24743736 kB
Node 0 MemFree:        20846924 kB
Node 0 MemUsed:         3896812 kB
Node 0 Active:            66684 kB
Node 0 Inactive:        1035072 kB
Node 0 Active(anon):      16896 kB
Node 0 Inactive(anon):      488 kB
Node 0 Active(file):      49788 kB
Node 0 Inactive(file):  1034584 kB
Node 0 Unevictable:         488 kB
Node 0 Mlocked:             488 kB
Node 0 Dirty:                36 kB
Node 0 Writeback:             0 kB
Node 0 FilePages:       1085572 kB
Node 0 Mapped:            39888 kB
Node 0 AnonPages:         16632 kB
Node 0 Shmem:               656 kB
Node 0 KernelStack:        3144 kB
Node 0 PageTables:          760 kB
Node 0 NFS_Unstable:          0 kB
Node 0 Bounce:                0 kB
Node 0 WritebackTmp:          0 kB
Node 0 KReclaimable:      25980 kB
Node 0 Slab:              81164 kB
Node 0 SReclaimable:      25980 kB
Node 0 SUnreclaim:        55184 kB
Node 0 AnonHugePages:         0 kB
Node 0 ShmemHugePages:        0 kB
Node 0 ShmemPmdMapped:        0 kB
Node 0 FileHugePages:        0 kB
Node 0 FilePmdMapped:        0 kB
Node 0 HugePages_Total:     0
Node 0 HugePages_Free:      0
Node 0 HugePages_Surp:      0

Node 1 MemTotal:       24686196 kB
Node 1 MemFree:        24001296 kB
Node 1 MemUsed:          684900 kB
Node 1 Active:            37968 kB
Node 1 Inactive:          54184 kB
Node 1 Active(anon):      16420 kB
Node 1 Inactive(anon):      388 kB
Node 1 Active(file):      21548 kB
Node 1 Inactive(file):    53796 kB
Node 1 Unevictable:       18036 kB
Node 1 Mlocked:           18036 kB
Node 1 Dirty:                16 kB
Node 1 Writeback:             0 kB
Node 1 FilePages:         83660 kB
Node 1 Mapped:            22212 kB
Node 1 AnonPages:         26528 kB
Node 1 Shmem:               612 kB
Node 1 KernelStack:        1528 kB
Node 1 PageTables:          560 kB
Node 1 NFS_Unstable:          0 kB
Node 1 Bounce:                0 kB
Node 1 WritebackTmp:          0 kB
Node 1 KReclaimable:      19492 kB
Node 1 Slab:              54024 kB
Node 1 SReclaimable:      19492 kB
Node 1 SUnreclaim:        34532 kB
Node 1 AnonHugePages:         0 kB
Node 1 ShmemHugePages:        0 kB
Node 1 ShmemPmdMapped:        0 kB
Node 1 FileHugePages:        0 kB
Node 1 FilePmdMapped:        0 kB
Node 1 HugePages_Total:     0
Node 1 HugePages_Free:      0
Node 1 HugePages_Surp:      0

After Opposite Node
Node 0 MemTotal:       24743736 kB
Node 0 MemFree:        20849900 kB
Node 0 MemUsed:         3893836 kB
Node 0 Active:            66524 kB
Node 0 Inactive:        1034800 kB
Node 0 Active(anon):      16440 kB
Node 0 Inactive(anon):      488 kB
Node 0 Active(file):      50084 kB
Node 0 Inactive(file):  1034312 kB
Node 0 Unevictable:         488 kB
Node 0 Mlocked:             488 kB
Node 0 Dirty:                60 kB
Node 0 Writeback:             0 kB
Node 0 FilePages:       1085592 kB
Node 0 Mapped:            39880 kB
Node 0 AnonPages:         16272 kB
Node 0 Shmem:               656 kB
Node 0 KernelStack:        3128 kB
Node 0 PageTables:          544 kB
Node 0 NFS_Unstable:          0 kB
Node 0 Bounce:                0 kB
Node 0 WritebackTmp:          0 kB
Node 0 KReclaimable:      25988 kB
Node 0 Slab:              81268 kB
Node 0 SReclaimable:      25988 kB
Node 0 SUnreclaim:        55280 kB
Node 0 AnonHugePages:         0 kB
Node 0 ShmemHugePages:        0 kB
Node 0 ShmemPmdMapped:        0 kB
Node 0 FileHugePages:        0 kB
Node 0 FilePmdMapped:        0 kB
Node 0 HugePages_Total:     0
Node 0 HugePages_Free:      0
Node 0 HugePages_Surp:      0

Node 1 MemTotal:       24686196 kB
Node 1 MemFree:        24001012 kB
Node 1 MemUsed:          685184 kB
Node 1 Active:            38460 kB
Node 1 Inactive:          54188 kB
Node 1 Active(anon):      16908 kB
Node 1 Inactive(anon):      388 kB
Node 1 Active(file):      21552 kB
Node 1 Inactive(file):    53800 kB
Node 1 Unevictable:       18036 kB
Node 1 Mlocked:           18036 kB
Node 1 Dirty:                24 kB
Node 1 Writeback:             0 kB
Node 1 FilePages:         83668 kB
Node 1 Mapped:            22212 kB
Node 1 AnonPages:         26904 kB
Node 1 Shmem:               612 kB
Node 1 KernelStack:        1544 kB
Node 1 PageTables:          772 kB
Node 1 NFS_Unstable:          0 kB
Node 1 Bounce:                0 kB
Node 1 WritebackTmp:          0 kB
Node 1 KReclaimable:      19528 kB
Node 1 Slab:              54868 kB
Node 1 SReclaimable:      19528 kB
Node 1 SUnreclaim:        35340 kB
Node 1 AnonHugePages:         0 kB
Node 1 ShmemHugePages:        0 kB
Node 1 ShmemPmdMapped:        0 kB
Node 1 FileHugePages:        0 kB
Node 1 FilePmdMapped:        0 kB
Node 1 HugePages_Total:     0
Node 1 HugePages_Free:      0
Node 1 HugePages_Surp:      0

U.0.1G-simpleread.2G.2.O.1M Complete!
