kernel.numa_balancing = 0
U.0.1G-simpleread.500M.2.O.1M
Begin
Node 0 MemTotal:       24743736 kB
Node 0 MemFree:        24399068 kB
Node 0 MemUsed:          344668 kB
Node 0 Active:            62760 kB
Node 0 Inactive:          72236 kB
Node 0 Active(anon):      22356 kB
Node 0 Inactive(anon):      484 kB
Node 0 Active(file):      40404 kB
Node 0 Inactive(file):    71752 kB
Node 0 Unevictable:         484 kB
Node 0 Mlocked:             484 kB
Node 0 Dirty:               468 kB
Node 0 Writeback:             0 kB
Node 0 FilePages:        113360 kB
Node 0 Mapped:            30576 kB
Node 0 AnonPages:         22188 kB
Node 0 Shmem:               680 kB
Node 0 KernelStack:        1992 kB
Node 0 PageTables:          652 kB
Node 0 NFS_Unstable:          0 kB
Node 0 Bounce:                0 kB
Node 0 WritebackTmp:          0 kB
Node 0 KReclaimable:      22516 kB
Node 0 Slab:              58856 kB
Node 0 SReclaimable:      22516 kB
Node 0 SUnreclaim:        36340 kB
Node 0 AnonHugePages:         0 kB
Node 0 ShmemHugePages:        0 kB
Node 0 ShmemPmdMapped:        0 kB
Node 0 FileHugePages:        0 kB
Node 0 FilePmdMapped:        0 kB
Node 0 HugePages_Total:     0
Node 0 HugePages_Free:      0
Node 0 HugePages_Surp:      0

Node 1 MemTotal:       24686196 kB
Node 1 MemFree:        24413812 kB
Node 1 MemUsed:          272384 kB
Node 1 Active:            32452 kB
Node 1 Inactive:          22196 kB
Node 1 Active(anon):      11264 kB
Node 1 Inactive(anon):      388 kB
Node 1 Active(file):      21188 kB
Node 1 Inactive(file):    21808 kB
Node 1 Unevictable:       18036 kB
Node 1 Mlocked:           18036 kB
Node 1 Dirty:                68 kB
Node 1 Writeback:             0 kB
Node 1 FilePages:         51292 kB
Node 1 Mapped:            15228 kB
Node 1 AnonPages:         21440 kB
Node 1 Shmem:               588 kB
Node 1 KernelStack:        1624 kB
Node 1 PageTables:          432 kB
Node 1 NFS_Unstable:          0 kB
Node 1 Bounce:                0 kB
Node 1 WritebackTmp:          0 kB
Node 1 KReclaimable:      19564 kB
Node 1 Slab:              48300 kB
Node 1 SReclaimable:      19564 kB
Node 1 SUnreclaim:        28736 kB
Node 1 AnonHugePages:         0 kB
Node 1 ShmemHugePages:        0 kB
Node 1 ShmemPmdMapped:        0 kB
Node 1 FileHugePages:        0 kB
Node 1 FilePmdMapped:        0 kB
Node 1 HugePages_Total:     0
Node 1 HugePages_Free:      0
Node 1 HugePages_Surp:      0

Load ZFS
Node 0 MemTotal:       24743736 kB
Node 0 MemFree:        24322472 kB
Node 0 MemUsed:          421264 kB
Node 0 Active:            74396 kB
Node 0 Inactive:          67780 kB
Node 0 Active(anon):      27888 kB
Node 0 Inactive(anon):      484 kB
Node 0 Active(file):      46508 kB
Node 0 Inactive(file):    67296 kB
Node 0 Unevictable:         484 kB
Node 0 Mlocked:             484 kB
Node 0 Dirty:               492 kB
Node 0 Writeback:             0 kB
Node 0 FilePages:        114968 kB
Node 0 Mapped:            30736 kB
Node 0 AnonPages:         27960 kB
Node 0 Shmem:               680 kB
Node 0 KernelStack:        2360 kB
Node 0 PageTables:         1096 kB
Node 0 NFS_Unstable:          0 kB
Node 0 Bounce:                0 kB
Node 0 WritebackTmp:          0 kB
Node 0 KReclaimable:      22944 kB
Node 0 Slab:              60692 kB
Node 0 SReclaimable:      22944 kB
Node 0 SUnreclaim:        37748 kB
Node 0 AnonHugePages:         0 kB
Node 0 ShmemHugePages:        0 kB
Node 0 ShmemPmdMapped:        0 kB
Node 0 FileHugePages:        0 kB
Node 0 FilePmdMapped:        0 kB
Node 0 HugePages_Total:     0
Node 0 HugePages_Free:      0
Node 0 HugePages_Surp:      0

Node 1 MemTotal:       24686196 kB
Node 1 MemFree:        24476976 kB
Node 1 MemUsed:          209220 kB
Node 1 Active:            34640 kB
Node 1 Inactive:          22680 kB
Node 1 Active(anon):      13024 kB
Node 1 Inactive(anon):      388 kB
Node 1 Active(file):      21616 kB
Node 1 Inactive(file):    22292 kB
Node 1 Unevictable:       18036 kB
Node 1 Mlocked:           18036 kB
Node 1 Dirty:                72 kB
Node 1 Writeback:             0 kB
Node 1 FilePages:         52204 kB
Node 1 Mapped:            15228 kB
Node 1 AnonPages:         23224 kB
Node 1 Shmem:               588 kB
Node 1 KernelStack:        1448 kB
Node 1 PageTables:          432 kB
Node 1 NFS_Unstable:          0 kB
Node 1 Bounce:                0 kB
Node 1 WritebackTmp:          0 kB
Node 1 KReclaimable:      20088 kB
Node 1 Slab:              50408 kB
Node 1 SReclaimable:      20088 kB
Node 1 SUnreclaim:        30320 kB
Node 1 AnonHugePages:         0 kB
Node 1 ShmemHugePages:        0 kB
Node 1 ShmemPmdMapped:        0 kB
Node 1 FileHugePages:        0 kB
Node 1 FilePmdMapped:        0 kB
Node 1 HugePages_Total:     0
Node 1 HugePages_Free:      0
Node 1 HugePages_Surp:      0

Import tank ZPool
Node 0 MemTotal:       24743736 kB
Node 0 MemFree:        24314612 kB
Node 0 MemUsed:          429124 kB
Node 0 Active:            69816 kB
Node 0 Inactive:          67708 kB
Node 0 Active(anon):      23148 kB
Node 0 Inactive(anon):      484 kB
Node 0 Active(file):      46668 kB
Node 0 Inactive(file):    67224 kB
Node 0 Unevictable:         484 kB
Node 0 Mlocked:             484 kB
Node 0 Dirty:               328 kB
Node 0 Writeback:             0 kB
Node 0 FilePages:        115056 kB
Node 0 Mapped:            30672 kB
Node 0 AnonPages:         22812 kB
Node 0 Shmem:               680 kB
Node 0 KernelStack:        3288 kB
Node 0 PageTables:          812 kB
Node 0 NFS_Unstable:          0 kB
Node 0 Bounce:                0 kB
Node 0 WritebackTmp:          0 kB
Node 0 KReclaimable:      22944 kB
Node 0 Slab:              63060 kB
Node 0 SReclaimable:      22944 kB
Node 0 SUnreclaim:        40116 kB
Node 0 AnonHugePages:         0 kB
Node 0 ShmemHugePages:        0 kB
Node 0 ShmemPmdMapped:        0 kB
Node 0 FileHugePages:        0 kB
Node 0 FilePmdMapped:        0 kB
Node 0 HugePages_Total:     0
Node 0 HugePages_Free:      0
Node 0 HugePages_Surp:      0

Node 1 MemTotal:       24686196 kB
Node 1 MemFree:        24467136 kB
Node 1 MemUsed:          219060 kB
Node 1 Active:            32520 kB
Node 1 Inactive:          23840 kB
Node 1 Active(anon):      10484 kB
Node 1 Inactive(anon):      392 kB
Node 1 Active(file):      22036 kB
Node 1 Inactive(file):    23448 kB
Node 1 Unevictable:       18036 kB
Node 1 Mlocked:           18036 kB
Node 1 Dirty:                40 kB
Node 1 Writeback:             0 kB
Node 1 FilePages:         53800 kB
Node 1 Mapped:            15308 kB
Node 1 AnonPages:         20516 kB
Node 1 Shmem:               588 kB
Node 1 KernelStack:        1528 kB
Node 1 PageTables:          468 kB
Node 1 NFS_Unstable:          0 kB
Node 1 Bounce:                0 kB
Node 1 WritebackTmp:          0 kB
Node 1 KReclaimable:      20196 kB
Node 1 Slab:              55540 kB
Node 1 SReclaimable:      20196 kB
Node 1 SUnreclaim:        35344 kB
Node 1 AnonHugePages:         0 kB
Node 1 ShmemHugePages:        0 kB
Node 1 ShmemPmdMapped:        0 kB
Node 1 FileHugePages:        0 kB
Node 1 FilePmdMapped:        0 kB
Node 1 HugePages_Total:     0
Node 1 HugePages_Free:      0
Node 1 HugePages_Surp:      0

After Test
Node 0 MemTotal:       24743736 kB
Node 0 MemFree:        22723520 kB
Node 0 MemUsed:         2020216 kB
Node 0 Active:            69940 kB
Node 0 Inactive:        1044296 kB
Node 0 Active(anon):      22708 kB
Node 0 Inactive(anon):      484 kB
Node 0 Active(file):      47232 kB
Node 0 Inactive(file):  1043812 kB
Node 0 Unevictable:         484 kB
Node 0 Mlocked:             484 kB
Node 0 Dirty:                20 kB
Node 0 Writeback:             0 kB
Node 0 FilePages:       1092208 kB
Node 0 Mapped:            30608 kB
Node 0 AnonPages:         22360 kB
Node 0 Shmem:               680 kB
Node 0 KernelStack:        3176 kB
Node 0 PageTables:          864 kB
Node 0 NFS_Unstable:          0 kB
Node 0 Bounce:                0 kB
Node 0 WritebackTmp:          0 kB
Node 0 KReclaimable:      25224 kB
Node 0 Slab:              70292 kB
Node 0 SReclaimable:      25224 kB
Node 0 SUnreclaim:        45068 kB
Node 0 AnonHugePages:         0 kB
Node 0 ShmemHugePages:        0 kB
Node 0 ShmemPmdMapped:        0 kB
Node 0 FileHugePages:        0 kB
Node 0 FilePmdMapped:        0 kB
Node 0 HugePages_Total:     0
Node 0 HugePages_Free:      0
Node 0 HugePages_Surp:      0

Node 1 MemTotal:       24686196 kB
Node 1 MemFree:        24022744 kB
Node 1 MemUsed:          663452 kB
Node 1 Active:            33008 kB
Node 1 Inactive:          23544 kB
Node 1 Active(anon):      10552 kB
Node 1 Inactive(anon):      392 kB
Node 1 Active(file):      22456 kB
Node 1 Inactive(file):    23152 kB
Node 1 Unevictable:       18036 kB
Node 1 Mlocked:           18036 kB
Node 1 Dirty:                12 kB
Node 1 Writeback:             0 kB
Node 1 FilePages:         53904 kB
Node 1 Mapped:            15280 kB
Node 1 AnonPages:         20724 kB
Node 1 Shmem:               588 kB
Node 1 KernelStack:        1432 kB
Node 1 PageTables:          368 kB
Node 1 NFS_Unstable:          0 kB
Node 1 Bounce:                0 kB
Node 1 WritebackTmp:          0 kB
Node 1 KReclaimable:      20248 kB
Node 1 Slab:              57140 kB
Node 1 SReclaimable:      20248 kB
Node 1 SUnreclaim:        36892 kB
Node 1 AnonHugePages:         0 kB
Node 1 ShmemHugePages:        0 kB
Node 1 ShmemPmdMapped:        0 kB
Node 1 FileHugePages:        0 kB
Node 1 FilePmdMapped:        0 kB
Node 1 HugePages_Total:     0
Node 1 HugePages_Free:      0
Node 1 HugePages_Surp:      0

After Opposite Node
Node 0 MemTotal:       24743736 kB
Node 0 MemFree:        22724968 kB
Node 0 MemUsed:         2018768 kB
Node 0 Active:            69412 kB
Node 0 Inactive:        1044296 kB
Node 0 Active(anon):      22176 kB
Node 0 Inactive(anon):      484 kB
Node 0 Active(file):      47236 kB
Node 0 Inactive(file):  1043812 kB
Node 0 Unevictable:         484 kB
Node 0 Mlocked:             484 kB
Node 0 Dirty:                32 kB
Node 0 Writeback:             0 kB
Node 0 FilePages:       1092220 kB
Node 0 Mapped:            30584 kB
Node 0 AnonPages:         21980 kB
Node 0 Shmem:               680 kB
Node 0 KernelStack:        3176 kB
Node 0 PageTables:          652 kB
Node 0 NFS_Unstable:          0 kB
Node 0 Bounce:                0 kB
Node 0 WritebackTmp:          0 kB
Node 0 KReclaimable:      25224 kB
Node 0 Slab:              70388 kB
Node 0 SReclaimable:      25224 kB
Node 0 SUnreclaim:        45164 kB
Node 0 AnonHugePages:         0 kB
Node 0 ShmemHugePages:        0 kB
Node 0 ShmemPmdMapped:        0 kB
Node 0 FileHugePages:        0 kB
Node 0 FilePmdMapped:        0 kB
Node 0 HugePages_Total:     0
Node 0 HugePages_Free:      0
Node 0 HugePages_Surp:      0

Node 1 MemTotal:       24686196 kB
Node 1 MemFree:        24022236 kB
Node 1 MemUsed:          663960 kB
Node 1 Active:            33796 kB
Node 1 Inactive:          23272 kB
Node 1 Active(anon):      11052 kB
Node 1 Inactive(anon):      392 kB
Node 1 Active(file):      22744 kB
Node 1 Inactive(file):    22880 kB
Node 1 Unevictable:       18036 kB
Node 1 Mlocked:           18036 kB
Node 1 Dirty:                28 kB
Node 1 Writeback:             0 kB
Node 1 FilePages:         53920 kB
Node 1 Mapped:            15500 kB
Node 1 AnonPages:         21116 kB
Node 1 Shmem:               588 kB
Node 1 KernelStack:        1432 kB
Node 1 PageTables:          580 kB
Node 1 NFS_Unstable:          0 kB
Node 1 Bounce:                0 kB
Node 1 WritebackTmp:          0 kB
Node 1 KReclaimable:      20304 kB
Node 1 Slab:              57428 kB
Node 1 SReclaimable:      20304 kB
Node 1 SUnreclaim:        37124 kB
Node 1 AnonHugePages:         0 kB
Node 1 ShmemHugePages:        0 kB
Node 1 ShmemPmdMapped:        0 kB
Node 1 FileHugePages:        0 kB
Node 1 FilePmdMapped:        0 kB
Node 1 HugePages_Total:     0
Node 1 HugePages_Free:      0
Node 1 HugePages_Surp:      0

U.0.1G-simpleread.500M.2.O.1M Complete!
