kernel.numa_balancing = 0
U.0.1G-simpleread.8G.3.O.1M
Begin
Node 0 MemTotal:       24743736 kB
Node 0 MemFree:        24494780 kB
Node 0 MemUsed:          248956 kB
Node 0 Active:            36748 kB
Node 0 Inactive:          66748 kB
Node 0 Active(anon):      19096 kB
Node 0 Inactive(anon):      300 kB
Node 0 Active(file):      17652 kB
Node 0 Inactive(file):    66448 kB
Node 0 Unevictable:       12844 kB
Node 0 Mlocked:           12844 kB
Node 0 Dirty:                44 kB
Node 0 Writeback:             0 kB
Node 0 FilePages:         87052 kB
Node 0 Mapped:            21652 kB
Node 0 AnonPages:         29304 kB
Node 0 Shmem:               420 kB
Node 0 KernelStack:        1800 kB
Node 0 PageTables:          628 kB
Node 0 NFS_Unstable:          0 kB
Node 0 Bounce:                0 kB
Node 0 WritebackTmp:          0 kB
Node 0 KReclaimable:      18948 kB
Node 0 Slab:              46332 kB
Node 0 SReclaimable:      18948 kB
Node 0 SUnreclaim:        27384 kB
Node 0 AnonHugePages:         0 kB
Node 0 ShmemHugePages:        0 kB
Node 0 ShmemPmdMapped:        0 kB
Node 0 FileHugePages:        0 kB
Node 0 FilePmdMapped:        0 kB
Node 0 HugePages_Total:     0
Node 0 HugePages_Free:      0
Node 0 HugePages_Surp:      0

Node 1 MemTotal:       24686196 kB
Node 1 MemFree:        24316292 kB
Node 1 MemUsed:          369904 kB
Node 1 Active:            58252 kB
Node 1 Inactive:          29520 kB
Node 1 Active(anon):      14872 kB
Node 1 Inactive(anon):      564 kB
Node 1 Active(file):      43380 kB
Node 1 Inactive(file):    28956 kB
Node 1 Unevictable:        5680 kB
Node 1 Mlocked:            5680 kB
Node 1 Dirty:                28 kB
Node 1 Writeback:             0 kB
Node 1 FilePages:         79296 kB
Node 1 Mapped:            24892 kB
Node 1 AnonPages:         14588 kB
Node 1 Shmem:               848 kB
Node 1 KernelStack:        1800 kB
Node 1 PageTables:          372 kB
Node 1 NFS_Unstable:          0 kB
Node 1 Bounce:                0 kB
Node 1 WritebackTmp:          0 kB
Node 1 KReclaimable:      22516 kB
Node 1 Slab:              59392 kB
Node 1 SReclaimable:      22516 kB
Node 1 SUnreclaim:        36876 kB
Node 1 AnonHugePages:         0 kB
Node 1 ShmemHugePages:        0 kB
Node 1 ShmemPmdMapped:        0 kB
Node 1 FileHugePages:        0 kB
Node 1 FilePmdMapped:        0 kB
Node 1 HugePages_Total:     0
Node 1 HugePages_Free:      0
Node 1 HugePages_Surp:      0

Load ZFS
Node 0 MemTotal:       24743736 kB
Node 0 MemFree:        24490424 kB
Node 0 MemUsed:          253312 kB
Node 0 Active:            40348 kB
Node 0 Inactive:          67088 kB
Node 0 Active(anon):      21852 kB
Node 0 Inactive(anon):      300 kB
Node 0 Active(file):      18496 kB
Node 0 Inactive(file):    66788 kB
Node 0 Unevictable:       12844 kB
Node 0 Mlocked:           12844 kB
Node 0 Dirty:               112 kB
Node 0 Writeback:             0 kB
Node 0 FilePages:         88220 kB
Node 0 Mapped:            21764 kB
Node 0 AnonPages:         32148 kB
Node 0 Shmem:               420 kB
Node 0 KernelStack:        1896 kB
Node 0 PageTables:          844 kB
Node 0 NFS_Unstable:          0 kB
Node 0 Bounce:                0 kB
Node 0 WritebackTmp:          0 kB
Node 0 KReclaimable:      19368 kB
Node 0 Slab:              48068 kB
Node 0 SReclaimable:      19368 kB
Node 0 SUnreclaim:        28700 kB
Node 0 AnonHugePages:         0 kB
Node 0 ShmemHugePages:        0 kB
Node 0 ShmemPmdMapped:        0 kB
Node 0 FileHugePages:        0 kB
Node 0 FilePmdMapped:        0 kB
Node 0 HugePages_Total:     0
Node 0 HugePages_Free:      0
Node 0 HugePages_Surp:      0

Node 1 MemTotal:       24686196 kB
Node 1 MemFree:        24312144 kB
Node 1 MemUsed:          374052 kB
Node 1 Active:            64412 kB
Node 1 Inactive:          25064 kB
Node 1 Active(anon):      14900 kB
Node 1 Inactive(anon):      564 kB
Node 1 Active(file):      49512 kB
Node 1 Inactive(file):    24500 kB
Node 1 Unevictable:        5680 kB
Node 1 Mlocked:            5680 kB
Node 1 Dirty:                28 kB
Node 1 Writeback:             0 kB
Node 1 FilePages:         80536 kB
Node 1 Mapped:            24896 kB
Node 1 AnonPages:         15068 kB
Node 1 Shmem:               848 kB
Node 1 KernelStack:        1832 kB
Node 1 PageTables:          448 kB
Node 1 NFS_Unstable:          0 kB
Node 1 Bounce:                0 kB
Node 1 WritebackTmp:          0 kB
Node 1 KReclaimable:      23040 kB
Node 1 Slab:              61348 kB
Node 1 SReclaimable:      23040 kB
Node 1 SUnreclaim:        38308 kB
Node 1 AnonHugePages:         0 kB
Node 1 ShmemHugePages:        0 kB
Node 1 ShmemPmdMapped:        0 kB
Node 1 FileHugePages:        0 kB
Node 1 FilePmdMapped:        0 kB
Node 1 HugePages_Total:     0
Node 1 HugePages_Free:      0
Node 1 HugePages_Surp:      0

Import tank ZPool
Node 0 MemTotal:       24743736 kB
Node 0 MemFree:        24493300 kB
Node 0 MemUsed:          250436 kB
Node 0 Active:            37264 kB
Node 0 Inactive:          67088 kB
Node 0 Active(anon):      18744 kB
Node 0 Inactive(anon):      300 kB
Node 0 Active(file):      18520 kB
Node 0 Inactive(file):    66788 kB
Node 0 Unevictable:       12844 kB
Node 0 Mlocked:           12844 kB
Node 0 Dirty:               132 kB
Node 0 Writeback:             0 kB
Node 0 FilePages:         88260 kB
Node 0 Mapped:            21696 kB
Node 0 AnonPages:         28740 kB
Node 0 Shmem:               420 kB
Node 0 KernelStack:        1864 kB
Node 0 PageTables:          736 kB
Node 0 NFS_Unstable:          0 kB
Node 0 Bounce:                0 kB
Node 0 WritebackTmp:          0 kB
Node 0 KReclaimable:      19368 kB
Node 0 Slab:              48060 kB
Node 0 SReclaimable:      19368 kB
Node 0 SUnreclaim:        28692 kB
Node 0 AnonHugePages:         0 kB
Node 0 ShmemHugePages:        0 kB
Node 0 ShmemPmdMapped:        0 kB
Node 0 FileHugePages:        0 kB
Node 0 FilePmdMapped:        0 kB
Node 0 HugePages_Total:     0
Node 0 HugePages_Free:      0
Node 0 HugePages_Surp:      0

Node 1 MemTotal:       24686196 kB
Node 1 MemFree:        24294816 kB
Node 1 MemUsed:          391380 kB
Node 1 Active:            65056 kB
Node 1 Inactive:          26272 kB
Node 1 Active(anon):      15076 kB
Node 1 Inactive(anon):      568 kB
Node 1 Active(file):      49980 kB
Node 1 Inactive(file):    25704 kB
Node 1 Unevictable:        5680 kB
Node 1 Mlocked:            5680 kB
Node 1 Dirty:                52 kB
Node 1 Writeback:             0 kB
Node 1 FilePages:         82240 kB
Node 1 Mapped:            25016 kB
Node 1 AnonPages:         14284 kB
Node 1 Shmem:               848 kB
Node 1 KernelStack:        2936 kB
Node 1 PageTables:          536 kB
Node 1 NFS_Unstable:          0 kB
Node 1 Bounce:                0 kB
Node 1 WritebackTmp:          0 kB
Node 1 KReclaimable:      23168 kB
Node 1 Slab:              68040 kB
Node 1 SReclaimable:      23168 kB
Node 1 SUnreclaim:        44872 kB
Node 1 AnonHugePages:         0 kB
Node 1 ShmemHugePages:        0 kB
Node 1 ShmemPmdMapped:        0 kB
Node 1 FileHugePages:        0 kB
Node 1 FilePmdMapped:        0 kB
Node 1 HugePages_Total:     0
Node 1 HugePages_Free:      0
Node 1 HugePages_Surp:      0

After Test
Node 0 MemTotal:       24743736 kB
Node 0 MemFree:        14902196 kB
Node 0 MemUsed:         9841540 kB
Node 0 Active:            38056 kB
Node 0 Inactive:        1043592 kB
Node 0 Active(anon):      18844 kB
Node 0 Inactive(anon):      296 kB
Node 0 Active(file):      19212 kB
Node 0 Inactive(file):  1043296 kB
Node 0 Unevictable:       12844 kB
Node 0 Mlocked:           12844 kB
Node 0 Dirty:                 4 kB
Node 0 Writeback:             0 kB
Node 0 FilePages:       1065496 kB
Node 0 Mapped:            21888 kB
Node 0 AnonPages:         28900 kB
Node 0 Shmem:               416 kB
Node 0 KernelStack:        1832 kB
Node 0 PageTables:          804 kB
Node 0 NFS_Unstable:          0 kB
Node 0 Bounce:                0 kB
Node 0 WritebackTmp:          0 kB
Node 0 KReclaimable:      21876 kB
Node 0 Slab:              82344 kB
Node 0 SReclaimable:      21876 kB
Node 0 SUnreclaim:        60468 kB
Node 0 AnonHugePages:         0 kB
Node 0 ShmemHugePages:        0 kB
Node 0 ShmemPmdMapped:        0 kB
Node 0 FileHugePages:        0 kB
Node 0 FilePmdMapped:        0 kB
Node 0 HugePages_Total:     0
Node 0 HugePages_Free:      0
Node 0 HugePages_Surp:      0

Node 1 MemTotal:       24686196 kB
Node 1 MemFree:        23660612 kB
Node 1 MemUsed:         1025584 kB
Node 1 Active:            64772 kB
Node 1 Inactive:          26012 kB
Node 1 Active(anon):      14464 kB
Node 1 Inactive(anon):      572 kB
Node 1 Active(file):      50308 kB
Node 1 Inactive(file):    25440 kB
Node 1 Unevictable:        5680 kB
Node 1 Mlocked:            5680 kB
Node 1 Dirty:                 0 kB
Node 1 Writeback:             0 kB
Node 1 FilePages:         82276 kB
Node 1 Mapped:            24896 kB
Node 1 AnonPages:         14224 kB
Node 1 Shmem:               852 kB
Node 1 KernelStack:        2824 kB
Node 1 PageTables:          416 kB
Node 1 NFS_Unstable:          0 kB
Node 1 Bounce:                0 kB
Node 1 WritebackTmp:          0 kB
Node 1 KReclaimable:      23168 kB
Node 1 Slab:              70136 kB
Node 1 SReclaimable:      23168 kB
Node 1 SUnreclaim:        46968 kB
Node 1 AnonHugePages:         0 kB
Node 1 ShmemHugePages:        0 kB
Node 1 ShmemPmdMapped:        0 kB
Node 1 FileHugePages:        0 kB
Node 1 FilePmdMapped:        0 kB
Node 1 HugePages_Total:     0
Node 1 HugePages_Free:      0
Node 1 HugePages_Surp:      0

After Opposite Node
Node 0 MemTotal:       24743736 kB
Node 0 MemFree:        14905500 kB
Node 0 MemUsed:         9838236 kB
Node 0 Active:            37820 kB
Node 0 Inactive:        1043368 kB
Node 0 Active(anon):      18324 kB
Node 0 Inactive(anon):      296 kB
Node 0 Active(file):      19496 kB
Node 0 Inactive(file):  1043072 kB
Node 0 Unevictable:       12844 kB
Node 0 Mlocked:           12844 kB
Node 0 Dirty:                32 kB
Node 0 Writeback:             0 kB
Node 0 FilePages:       1065516 kB
Node 0 Mapped:            21628 kB
Node 0 AnonPages:         28532 kB
Node 0 Shmem:               416 kB
Node 0 KernelStack:        1832 kB
Node 0 PageTables:          596 kB
Node 0 NFS_Unstable:          0 kB
Node 0 Bounce:                0 kB
Node 0 WritebackTmp:          0 kB
Node 0 KReclaimable:      21880 kB
Node 0 Slab:              82116 kB
Node 0 SReclaimable:      21880 kB
Node 0 SUnreclaim:        60236 kB
Node 0 AnonHugePages:         0 kB
Node 0 ShmemHugePages:        0 kB
Node 0 ShmemPmdMapped:        0 kB
Node 0 FileHugePages:        0 kB
Node 0 FilePmdMapped:        0 kB
Node 0 HugePages_Total:     0
Node 0 HugePages_Free:      0
Node 0 HugePages_Surp:      0

Node 1 MemTotal:       24686196 kB
Node 1 MemFree:        23656604 kB
Node 1 MemUsed:         1029592 kB
Node 1 Active:            65336 kB
Node 1 Inactive:          26000 kB
Node 1 Active(anon):      15000 kB
Node 1 Inactive(anon):      572 kB
Node 1 Active(file):      50336 kB
Node 1 Inactive(file):    25428 kB
Node 1 Unevictable:        5680 kB
Node 1 Mlocked:            5680 kB
Node 1 Dirty:                40 kB
Node 1 Writeback:             0 kB
Node 1 FilePages:         82292 kB
Node 1 Mapped:            24916 kB
Node 1 AnonPages:         14604 kB
Node 1 Shmem:               852 kB
Node 1 KernelStack:        2824 kB
Node 1 PageTables:          632 kB
Node 1 NFS_Unstable:          0 kB
Node 1 Bounce:                0 kB
Node 1 WritebackTmp:          0 kB
Node 1 KReclaimable:      23204 kB
Node 1 Slab:              71684 kB
Node 1 SReclaimable:      23204 kB
Node 1 SUnreclaim:        48480 kB
Node 1 AnonHugePages:         0 kB
Node 1 ShmemHugePages:        0 kB
Node 1 ShmemPmdMapped:        0 kB
Node 1 FileHugePages:        0 kB
Node 1 FilePmdMapped:        0 kB
Node 1 HugePages_Total:     0
Node 1 HugePages_Free:      0
Node 1 HugePages_Surp:      0

U.0.1G-simpleread.8G.3.O.1M Complete!
