kernel.numa_balancing = 0
B.1.100M-simpleread.16G.2.O.1M
Begin
Node 0 MemTotal:       24743736 kB
Node 0 MemFree:        24487276 kB
Node 0 MemUsed:          256460 kB
Node 0 Active:            33852 kB
Node 0 Inactive:          63476 kB
Node 0 Active(anon):      12736 kB
Node 0 Inactive(anon):      340 kB
Node 0 Active(file):      21116 kB
Node 0 Inactive(file):    63136 kB
Node 0 Unevictable:       17480 kB
Node 0 Mlocked:           17480 kB
Node 0 Dirty:               408 kB
Node 0 Writeback:             0 kB
Node 0 FilePages:         91948 kB
Node 0 Mapped:            23812 kB
Node 0 AnonPages:         22960 kB
Node 0 Shmem:               548 kB
Node 0 KernelStack:        2264 kB
Node 0 PageTables:          664 kB
Node 0 NFS_Unstable:          0 kB
Node 0 Bounce:                0 kB
Node 0 WritebackTmp:          0 kB
Node 0 KReclaimable:      23504 kB
Node 0 Slab:              60128 kB
Node 0 SReclaimable:      23504 kB
Node 0 SUnreclaim:        36624 kB
Node 0 AnonHugePages:         0 kB
Node 0 ShmemHugePages:        0 kB
Node 0 ShmemPmdMapped:        0 kB
Node 0 FileHugePages:        0 kB
Node 0 FilePmdMapped:        0 kB
Node 0 HugePages_Total:     0
Node 0 HugePages_Free:      0
Node 0 HugePages_Surp:      0

Node 1 MemTotal:       24686196 kB
Node 1 MemFree:        24303468 kB
Node 1 MemUsed:          382728 kB
Node 1 Active:            64540 kB
Node 1 Inactive:          53856 kB
Node 1 Active(anon):      23044 kB
Node 1 Inactive(anon):      528 kB
Node 1 Active(file):      41496 kB
Node 1 Inactive(file):    53328 kB
Node 1 Unevictable:        1044 kB
Node 1 Mlocked:            1044 kB
Node 1 Dirty:               260 kB
Node 1 Writeback:             0 kB
Node 1 FilePages:         97032 kB
Node 1 Mapped:            40764 kB
Node 1 AnonPages:         22868 kB
Node 1 Shmem:               720 kB
Node 1 KernelStack:        1448 kB
Node 1 PageTables:          592 kB
Node 1 NFS_Unstable:          0 kB
Node 1 Bounce:                0 kB
Node 1 WritebackTmp:          0 kB
Node 1 KReclaimable:      18096 kB
Node 1 Slab:              45416 kB
Node 1 SReclaimable:      18096 kB
Node 1 SUnreclaim:        27320 kB
Node 1 AnonHugePages:         0 kB
Node 1 ShmemHugePages:        0 kB
Node 1 ShmemPmdMapped:        0 kB
Node 1 FileHugePages:        0 kB
Node 1 FilePmdMapped:        0 kB
Node 1 HugePages_Total:     0
Node 1 HugePages_Free:      0
Node 1 HugePages_Surp:      0

Load ZFS
Node 0 MemTotal:       24743736 kB
Node 0 MemFree:        24460144 kB
Node 0 MemUsed:          283592 kB
Node 0 Active:            43392 kB
Node 0 Inactive:          74888 kB
Node 0 Active(anon):      20856 kB
Node 0 Inactive(anon):      288 kB
Node 0 Active(file):      22536 kB
Node 0 Inactive(file):    74600 kB
Node 0 Unevictable:       17696 kB
Node 0 Mlocked:           17696 kB
Node 0 Dirty:               160 kB
Node 0 Writeback:             0 kB
Node 0 FilePages:        105036 kB
Node 0 Mapped:            25948 kB
Node 0 AnonPages:         31268 kB
Node 0 Shmem:               464 kB
Node 0 KernelStack:        2336 kB
Node 0 PageTables:          792 kB
Node 0 NFS_Unstable:          0 kB
Node 0 Bounce:                0 kB
Node 0 WritebackTmp:          0 kB
Node 0 KReclaimable:      24076 kB
Node 0 Slab:              63420 kB
Node 0 SReclaimable:      24076 kB
Node 0 SUnreclaim:        39344 kB
Node 0 AnonHugePages:         0 kB
Node 0 ShmemHugePages:        0 kB
Node 0 ShmemPmdMapped:        0 kB
Node 0 FileHugePages:        0 kB
Node 0 FilePmdMapped:        0 kB
Node 0 HugePages_Total:     0
Node 0 HugePages_Free:      0
Node 0 HugePages_Surp:      0

Node 1 MemTotal:       24686196 kB
Node 1 MemFree:        24192012 kB
Node 1 MemUsed:          494184 kB
Node 1 Active:            78180 kB
Node 1 Inactive:         145468 kB
Node 1 Active(anon):      35400 kB
Node 1 Inactive(anon):      564 kB
Node 1 Active(file):      42780 kB
Node 1 Inactive(file):   144904 kB
Node 1 Unevictable:        1044 kB
Node 1 Mlocked:            1044 kB
Node 1 Dirty:               544 kB
Node 1 Writeback:             0 kB
Node 1 FilePages:        189532 kB
Node 1 Mapped:            42624 kB
Node 1 AnonPages:         35100 kB
Node 1 Shmem:               804 kB
Node 1 KernelStack:        1808 kB
Node 1 PageTables:         1476 kB
Node 1 NFS_Unstable:          0 kB
Node 1 Bounce:                0 kB
Node 1 WritebackTmp:          0 kB
Node 1 KReclaimable:      19232 kB
Node 1 Slab:              49476 kB
Node 1 SReclaimable:      19232 kB
Node 1 SUnreclaim:        30244 kB
Node 1 AnonHugePages:         0 kB
Node 1 ShmemHugePages:        0 kB
Node 1 ShmemPmdMapped:        0 kB
Node 1 FileHugePages:        0 kB
Node 1 FilePmdMapped:        0 kB
Node 1 HugePages_Total:     0
Node 1 HugePages_Free:      0
Node 1 HugePages_Surp:      0

Import tank ZPool
Node 0 MemTotal:       24743736 kB
Node 0 MemFree:        24469288 kB
Node 0 MemUsed:          274448 kB
Node 0 Active:            34008 kB
Node 0 Inactive:          75140 kB
Node 0 Active(anon):      11216 kB
Node 0 Inactive(anon):      416 kB
Node 0 Active(file):      22792 kB
Node 0 Inactive(file):    74724 kB
Node 0 Unevictable:       17712 kB
Node 0 Mlocked:           17712 kB
Node 0 Dirty:               196 kB
Node 0 Writeback:             0 kB
Node 0 FilePages:        105220 kB
Node 0 Mapped:            24368 kB
Node 0 AnonPages:         21216 kB
Node 0 Shmem:               556 kB
Node 0 KernelStack:        2248 kB
Node 0 PageTables:          664 kB
Node 0 NFS_Unstable:          0 kB
Node 0 Bounce:                0 kB
Node 0 WritebackTmp:          0 kB
Node 0 KReclaimable:      24252 kB
Node 0 Slab:              63476 kB
Node 0 SReclaimable:      24252 kB
Node 0 SUnreclaim:        39224 kB
Node 0 AnonHugePages:         0 kB
Node 0 ShmemHugePages:        0 kB
Node 0 ShmemPmdMapped:        0 kB
Node 0 FileHugePages:        0 kB
Node 0 FilePmdMapped:        0 kB
Node 0 HugePages_Total:     0
Node 0 HugePages_Free:      0
Node 0 HugePages_Surp:      0

Node 1 MemTotal:       24686196 kB
Node 1 MemFree:        24185464 kB
Node 1 MemUsed:          500732 kB
Node 1 Active:            66928 kB
Node 1 Inactive:         146492 kB
Node 1 Active(anon):      23500 kB
Node 1 Inactive(anon):      532 kB
Node 1 Active(file):      43428 kB
Node 1 Inactive(file):   145960 kB
Node 1 Unevictable:        1044 kB
Node 1 Mlocked:            1044 kB
Node 1 Dirty:               612 kB
Node 1 Writeback:             0 kB
Node 1 FilePages:        191176 kB
Node 1 Mapped:            41232 kB
Node 1 AnonPages:         23016 kB
Node 1 Shmem:               712 kB
Node 1 KernelStack:        2648 kB
Node 1 PageTables:          924 kB
Node 1 NFS_Unstable:          0 kB
Node 1 Bounce:                0 kB
Node 1 WritebackTmp:          0 kB
Node 1 KReclaimable:      19376 kB
Node 1 Slab:              55368 kB
Node 1 SReclaimable:      19376 kB
Node 1 SUnreclaim:        35992 kB
Node 1 AnonHugePages:         0 kB
Node 1 ShmemHugePages:        0 kB
Node 1 ShmemPmdMapped:        0 kB
Node 1 FileHugePages:        0 kB
Node 1 FilePmdMapped:        0 kB
Node 1 HugePages_Total:     0
Node 1 HugePages_Free:      0
Node 1 HugePages_Surp:      0

After Test
Node 0 MemTotal:       24743736 kB
Node 0 MemFree:        23579920 kB
Node 0 MemUsed:         1163816 kB
Node 0 Active:            33636 kB
Node 0 Inactive:          75044 kB
Node 0 Active(anon):      10748 kB
Node 0 Inactive(anon):      416 kB
Node 0 Active(file):      22888 kB
Node 0 Inactive(file):    74628 kB
Node 0 Unevictable:       17712 kB
Node 0 Mlocked:           17712 kB
Node 0 Dirty:                24 kB
Node 0 Writeback:             0 kB
Node 0 FilePages:        105220 kB
Node 0 Mapped:            24096 kB
Node 0 AnonPages:         21172 kB
Node 0 Shmem:               556 kB
Node 0 KernelStack:        2072 kB
Node 0 PageTables:          488 kB
Node 0 NFS_Unstable:          0 kB
Node 0 Bounce:                0 kB
Node 0 WritebackTmp:          0 kB
Node 0 KReclaimable:      24508 kB
Node 0 Slab:              68240 kB
Node 0 SReclaimable:      24508 kB
Node 0 SUnreclaim:        43732 kB
Node 0 AnonHugePages:         0 kB
Node 0 ShmemHugePages:        0 kB
Node 0 ShmemPmdMapped:        0 kB
Node 0 FileHugePages:        0 kB
Node 0 FilePmdMapped:        0 kB
Node 0 HugePages_Total:     0
Node 0 HugePages_Free:      0
Node 0 HugePages_Surp:      0

Node 1 MemTotal:       24686196 kB
Node 1 MemFree:         7314840 kB
Node 1 MemUsed:        17371356 kB
Node 1 Active:            67076 kB
Node 1 Inactive:         243820 kB
Node 1 Active(anon):      22708 kB
Node 1 Inactive(anon):      532 kB
Node 1 Active(file):      44368 kB
Node 1 Inactive(file):   243288 kB
Node 1 Unevictable:        1044 kB
Node 1 Mlocked:            1044 kB
Node 1 Dirty:                24 kB
Node 1 Writeback:             0 kB
Node 1 FilePages:        289416 kB
Node 1 Mapped:            40856 kB
Node 1 AnonPages:         22700 kB
Node 1 Shmem:               712 kB
Node 1 KernelStack:        2408 kB
Node 1 PageTables:          848 kB
Node 1 NFS_Unstable:          0 kB
Node 1 Bounce:                0 kB
Node 1 WritebackTmp:          0 kB
Node 1 KReclaimable:      19712 kB
Node 1 Slab:             112288 kB
Node 1 SReclaimable:      19712 kB
Node 1 SUnreclaim:        92576 kB
Node 1 AnonHugePages:         0 kB
Node 1 ShmemHugePages:        0 kB
Node 1 ShmemPmdMapped:        0 kB
Node 1 FileHugePages:        0 kB
Node 1 FilePmdMapped:        0 kB
Node 1 HugePages_Total:     0
Node 1 HugePages_Free:      0
Node 1 HugePages_Surp:      0

After Opposite Node
Node 0 MemTotal:       24743736 kB
Node 0 MemFree:        23581016 kB
Node 0 MemUsed:         1162720 kB
Node 0 Active:            34308 kB
Node 0 Inactive:          74856 kB
Node 0 Active(anon):      11232 kB
Node 0 Inactive(anon):      408 kB
Node 0 Active(file):      23076 kB
Node 0 Inactive(file):    74448 kB
Node 0 Unevictable:       17712 kB
Node 0 Mlocked:           17712 kB
Node 0 Dirty:                 8 kB
Node 0 Writeback:             0 kB
Node 0 FilePages:        105228 kB
Node 0 Mapped:            23876 kB
Node 0 AnonPages:         21508 kB
Node 0 Shmem:               556 kB
Node 0 KernelStack:        2072 kB
Node 0 PageTables:          732 kB
Node 0 NFS_Unstable:          0 kB
Node 0 Bounce:                0 kB
Node 0 WritebackTmp:          0 kB
Node 0 KReclaimable:      24540 kB
Node 0 Slab:              68400 kB
Node 0 SReclaimable:      24540 kB
Node 0 SUnreclaim:        43860 kB
Node 0 AnonHugePages:         0 kB
Node 0 ShmemHugePages:        0 kB
Node 0 ShmemPmdMapped:        0 kB
Node 0 FileHugePages:        0 kB
Node 0 FilePmdMapped:        0 kB
Node 0 HugePages_Total:     0
Node 0 HugePages_Free:      0
Node 0 HugePages_Surp:      0

Node 1 MemTotal:       24686196 kB
Node 1 MemFree:         7318036 kB
Node 1 MemUsed:        17368160 kB
Node 1 Active:            66980 kB
Node 1 Inactive:         243764 kB
Node 1 Active(anon):      22532 kB
Node 1 Inactive(anon):      532 kB
Node 1 Active(file):      44448 kB
Node 1 Inactive(file):   243232 kB
Node 1 Unevictable:        1044 kB
Node 1 Mlocked:            1044 kB
Node 1 Dirty:                16 kB
Node 1 Writeback:             0 kB
Node 1 FilePages:        289444 kB
Node 1 Mapped:            40856 kB
Node 1 AnonPages:         22372 kB
Node 1 Shmem:               712 kB
Node 1 KernelStack:        2344 kB
Node 1 PageTables:          612 kB
Node 1 NFS_Unstable:          0 kB
Node 1 Bounce:                0 kB
Node 1 WritebackTmp:          0 kB
Node 1 KReclaimable:      19716 kB
Node 1 Slab:             112084 kB
Node 1 SReclaimable:      19716 kB
Node 1 SUnreclaim:        92368 kB
Node 1 AnonHugePages:         0 kB
Node 1 ShmemHugePages:        0 kB
Node 1 ShmemPmdMapped:        0 kB
Node 1 FileHugePages:        0 kB
Node 1 FilePmdMapped:        0 kB
Node 1 HugePages_Total:     0
Node 1 HugePages_Free:      0
Node 1 HugePages_Surp:      0

B.1.100M-simpleread.16G.2.O.1M Complete!
