kernel.numa_balancing = 0
B.1.100M-simpleread.8G.1.O.1M
Begin
Node 0 MemTotal:       24743736 kB
Node 0 MemFree:        24318184 kB
Node 0 MemUsed:          425552 kB
Node 0 Active:            39644 kB
Node 0 Inactive:          87232 kB
Node 0 Active(anon):      16336 kB
Node 0 Inactive(anon):      356 kB
Node 0 Active(file):      23308 kB
Node 0 Inactive(file):    86876 kB
Node 0 Unevictable:       17544 kB
Node 0 Mlocked:           17544 kB
Node 0 Dirty:               160 kB
Node 0 Writeback:             0 kB
Node 0 FilePages:        117960 kB
Node 0 Mapped:            67248 kB
Node 0 AnonPages:         26540 kB
Node 0 Shmem:               520 kB
Node 0 KernelStack:        2136 kB
Node 0 PageTables:          872 kB
Node 0 NFS_Unstable:          0 kB
Node 0 Bounce:                0 kB
Node 0 WritebackTmp:          0 kB
Node 0 KReclaimable:      23624 kB
Node 0 Slab:              58140 kB
Node 0 SReclaimable:      23624 kB
Node 0 SUnreclaim:        34516 kB
Node 0 AnonHugePages:         0 kB
Node 0 ShmemHugePages:        0 kB
Node 0 ShmemPmdMapped:        0 kB
Node 0 FileHugePages:        0 kB
Node 0 FilePmdMapped:        0 kB
Node 0 HugePages_Total:     0
Node 0 HugePages_Free:      0
Node 0 HugePages_Surp:      0

Node 1 MemTotal:       24686196 kB
Node 1 MemFree:        24436840 kB
Node 1 MemUsed:          249356 kB
Node 1 Active:            55600 kB
Node 1 Inactive:          62860 kB
Node 1 Active(anon):      17268 kB
Node 1 Inactive(anon):      516 kB
Node 1 Active(file):      38332 kB
Node 1 Inactive(file):    62344 kB
Node 1 Unevictable:         976 kB
Node 1 Mlocked:             976 kB
Node 1 Dirty:                64 kB
Node 1 Writeback:             0 kB
Node 1 FilePages:        102416 kB
Node 1 Mapped:            22156 kB
Node 1 AnonPages:         17080 kB
Node 1 Shmem:               748 kB
Node 1 KernelStack:        1512 kB
Node 1 PageTables:          408 kB
Node 1 NFS_Unstable:          0 kB
Node 1 Bounce:                0 kB
Node 1 WritebackTmp:          0 kB
Node 1 KReclaimable:      18360 kB
Node 1 Slab:              49496 kB
Node 1 SReclaimable:      18360 kB
Node 1 SUnreclaim:        31136 kB
Node 1 AnonHugePages:         0 kB
Node 1 ShmemHugePages:        0 kB
Node 1 ShmemPmdMapped:        0 kB
Node 1 FileHugePages:        0 kB
Node 1 FilePmdMapped:        0 kB
Node 1 HugePages_Total:     0
Node 1 HugePages_Free:      0
Node 1 HugePages_Surp:      0

Load ZFS
Node 0 MemTotal:       24743736 kB
Node 0 MemFree:        24407368 kB
Node 0 MemUsed:          336368 kB
Node 0 Active:            53088 kB
Node 0 Inactive:         115632 kB
Node 0 Active(anon):      27956 kB
Node 0 Inactive(anon):      496 kB
Node 0 Active(file):      25132 kB
Node 0 Inactive(file):   115136 kB
Node 0 Unevictable:       17760 kB
Node 0 Mlocked:           17760 kB
Node 0 Dirty:               444 kB
Node 0 Writeback:             0 kB
Node 0 FilePages:        148152 kB
Node 0 Mapped:            70052 kB
Node 0 AnonPages:         38056 kB
Node 0 Shmem:               668 kB
Node 0 KernelStack:        2452 kB
Node 0 PageTables:         1324 kB
Node 0 NFS_Unstable:          0 kB
Node 0 Bounce:                0 kB
Node 0 WritebackTmp:          0 kB
Node 0 KReclaimable:      24384 kB
Node 0 Slab:              59800 kB
Node 0 SReclaimable:      24384 kB
Node 0 SUnreclaim:        35416 kB
Node 0 AnonHugePages:         0 kB
Node 0 ShmemHugePages:        0 kB
Node 0 ShmemPmdMapped:        0 kB
Node 0 FileHugePages:        0 kB
Node 0 FilePmdMapped:        0 kB
Node 0 HugePages_Total:     0
Node 0 HugePages_Free:      0
Node 0 HugePages_Surp:      0

Node 1 MemTotal:       24686196 kB
Node 1 MemFree:        24206536 kB
Node 1 MemUsed:          479660 kB
Node 1 Active:            68856 kB
Node 1 Inactive:         138180 kB
Node 1 Active(anon):      29832 kB
Node 1 Inactive(anon):      448 kB
Node 1 Active(file):      39024 kB
Node 1 Inactive(file):   137732 kB
Node 1 Unevictable:         976 kB
Node 1 Mlocked:             976 kB
Node 1 Dirty:               140 kB
Node 1 Writeback:             0 kB
Node 1 FilePages:        178332 kB
Node 1 Mapped:            23668 kB
Node 1 AnonPages:         29408 kB
Node 1 Shmem:               600 kB
Node 1 KernelStack:        1800 kB
Node 1 PageTables:         1372 kB
Node 1 NFS_Unstable:          0 kB
Node 1 Bounce:                0 kB
Node 1 WritebackTmp:          0 kB
Node 1 KReclaimable:      19376 kB
Node 1 Slab:              54904 kB
Node 1 SReclaimable:      19376 kB
Node 1 SUnreclaim:        35528 kB
Node 1 AnonHugePages:         0 kB
Node 1 ShmemHugePages:        0 kB
Node 1 ShmemPmdMapped:        0 kB
Node 1 FileHugePages:        0 kB
Node 1 FilePmdMapped:        0 kB
Node 1 HugePages_Total:     0
Node 1 HugePages_Free:      0
Node 1 HugePages_Surp:      0

Import tank ZPool
Node 0 MemTotal:       24743736 kB
Node 0 MemFree:        24399684 kB
Node 0 MemUsed:          344052 kB
Node 0 Active:            42048 kB
Node 0 Inactive:         116396 kB
Node 0 Active(anon):      15988 kB
Node 0 Inactive(anon):      504 kB
Node 0 Active(file):      26060 kB
Node 0 Inactive(file):   115892 kB
Node 0 Unevictable:       17776 kB
Node 0 Mlocked:           17776 kB
Node 0 Dirty:               492 kB
Node 0 Writeback:             0 kB
Node 0 FilePages:        149856 kB
Node 0 Mapped:            67748 kB
Node 0 AnonPages:         26056 kB
Node 0 Shmem:               668 kB
Node 0 KernelStack:        3368 kB
Node 0 PageTables:          920 kB
Node 0 NFS_Unstable:          0 kB
Node 0 Bounce:                0 kB
Node 0 WritebackTmp:          0 kB
Node 0 KReclaimable:      24524 kB
Node 0 Slab:              66384 kB
Node 0 SReclaimable:      24524 kB
Node 0 SUnreclaim:        41860 kB
Node 0 AnonHugePages:         0 kB
Node 0 ShmemHugePages:        0 kB
Node 0 ShmemPmdMapped:        0 kB
Node 0 FileHugePages:        0 kB
Node 0 FilePmdMapped:        0 kB
Node 0 HugePages_Total:     0
Node 0 HugePages_Free:      0
Node 0 HugePages_Surp:      0

Node 1 MemTotal:       24686196 kB
Node 1 MemFree:        24220216 kB
Node 1 MemUsed:          465980 kB
Node 1 Active:            56880 kB
Node 1 Inactive:         138036 kB
Node 1 Active(anon):      17700 kB
Node 1 Inactive(anon):      444 kB
Node 1 Active(file):      39180 kB
Node 1 Inactive(file):   137592 kB
Node 1 Unevictable:         976 kB
Node 1 Mlocked:             976 kB
Node 1 Dirty:               168 kB
Node 1 Writeback:             0 kB
Node 1 FilePages:        178364 kB
Node 1 Mapped:            22296 kB
Node 1 AnonPages:         17544 kB
Node 1 Shmem:               600 kB
Node 1 KernelStack:        1368 kB
Node 1 PageTables:          404 kB
Node 1 NFS_Unstable:          0 kB
Node 1 Bounce:                0 kB
Node 1 WritebackTmp:          0 kB
Node 1 KReclaimable:      19376 kB
Node 1 Slab:              54436 kB
Node 1 SReclaimable:      19376 kB
Node 1 SUnreclaim:        35060 kB
Node 1 AnonHugePages:         0 kB
Node 1 ShmemHugePages:        0 kB
Node 1 ShmemPmdMapped:        0 kB
Node 1 FileHugePages:        0 kB
Node 1 FilePmdMapped:        0 kB
Node 1 HugePages_Total:     0
Node 1 HugePages_Free:      0
Node 1 HugePages_Surp:      0

After Test
Node 0 MemTotal:       24743736 kB
Node 0 MemFree:        23853404 kB
Node 0 MemUsed:          890332 kB
Node 0 Active:            41908 kB
Node 0 Inactive:         116104 kB
Node 0 Active(anon):      15536 kB
Node 0 Inactive(anon):      504 kB
Node 0 Active(file):      26372 kB
Node 0 Inactive(file):   115600 kB
Node 0 Unevictable:       17776 kB
Node 0 Mlocked:           17776 kB
Node 0 Dirty:                 0 kB
Node 0 Writeback:             0 kB
Node 0 FilePages:        149888 kB
Node 0 Mapped:            67516 kB
Node 0 AnonPages:         25952 kB
Node 0 Shmem:               668 kB
Node 0 KernelStack:        3288 kB
Node 0 PageTables:          800 kB
Node 0 NFS_Unstable:          0 kB
Node 0 Bounce:                0 kB
Node 0 WritebackTmp:          0 kB
Node 0 KReclaimable:      24532 kB
Node 0 Slab:              67804 kB
Node 0 SReclaimable:      24532 kB
Node 0 SUnreclaim:        43272 kB
Node 0 AnonHugePages:         0 kB
Node 0 ShmemHugePages:        0 kB
Node 0 ShmemPmdMapped:        0 kB
Node 0 FileHugePages:        0 kB
Node 0 FilePmdMapped:        0 kB
Node 0 HugePages_Total:     0
Node 0 HugePages_Free:      0
Node 0 HugePages_Surp:      0

Node 1 MemTotal:       24686196 kB
Node 1 MemFree:        15426772 kB
Node 1 MemUsed:         9259424 kB
Node 1 Active:            57596 kB
Node 1 Inactive:         235616 kB
Node 1 Active(anon):      17844 kB
Node 1 Inactive(anon):      436 kB
Node 1 Active(file):      39752 kB
Node 1 Inactive(file):   235180 kB
Node 1 Unevictable:         976 kB
Node 1 Mlocked:             976 kB
Node 1 Dirty:                 4 kB
Node 1 Writeback:             0 kB
Node 1 FilePages:        276564 kB
Node 1 Mapped:            22324 kB
Node 1 AnonPages:         17852 kB
Node 1 Shmem:               600 kB
Node 1 KernelStack:        1352 kB
Node 1 PageTables:          644 kB
Node 1 NFS_Unstable:          0 kB
Node 1 Bounce:                0 kB
Node 1 WritebackTmp:          0 kB
Node 1 KReclaimable:      19704 kB
Node 1 Slab:              87140 kB
Node 1 SReclaimable:      19704 kB
Node 1 SUnreclaim:        67436 kB
Node 1 AnonHugePages:         0 kB
Node 1 ShmemHugePages:        0 kB
Node 1 ShmemPmdMapped:        0 kB
Node 1 FileHugePages:        0 kB
Node 1 FilePmdMapped:        0 kB
Node 1 HugePages_Total:     0
Node 1 HugePages_Free:      0
Node 1 HugePages_Surp:      0

After Opposite Node
Node 0 MemTotal:       24743736 kB
Node 0 MemFree:        23857352 kB
Node 0 MemUsed:          886384 kB
Node 0 Active:            42108 kB
Node 0 Inactive:         116108 kB
Node 0 Active(anon):      15700 kB
Node 0 Inactive(anon):      504 kB
Node 0 Active(file):      26408 kB
Node 0 Inactive(file):   115604 kB
Node 0 Unevictable:       17776 kB
Node 0 Mlocked:           17776 kB
Node 0 Dirty:                40 kB
Node 0 Writeback:             0 kB
Node 0 FilePages:        149896 kB
Node 0 Mapped:            67536 kB
Node 0 AnonPages:         25956 kB
Node 0 Shmem:               668 kB
Node 0 KernelStack:        3288 kB
Node 0 PageTables:         1044 kB
Node 0 NFS_Unstable:          0 kB
Node 0 Bounce:                0 kB
Node 0 WritebackTmp:          0 kB
Node 0 KReclaimable:      24532 kB
Node 0 Slab:              67896 kB
Node 0 SReclaimable:      24532 kB
Node 0 SUnreclaim:        43364 kB
Node 0 AnonHugePages:         0 kB
Node 0 ShmemHugePages:        0 kB
Node 0 ShmemPmdMapped:        0 kB
Node 0 FileHugePages:        0 kB
Node 0 FilePmdMapped:        0 kB
Node 0 HugePages_Total:     0
Node 0 HugePages_Free:      0
Node 0 HugePages_Surp:      0

Node 1 MemTotal:       24686196 kB
Node 1 MemFree:        15422368 kB
Node 1 MemUsed:         9263828 kB
Node 1 Active:            58068 kB
Node 1 Inactive:         235372 kB
Node 1 Active(anon):      17996 kB
Node 1 Inactive(anon):      436 kB
Node 1 Active(file):      40072 kB
Node 1 Inactive(file):   234936 kB
Node 1 Unevictable:         976 kB
Node 1 Mlocked:             976 kB
Node 1 Dirty:                40 kB
Node 1 Writeback:             0 kB
Node 1 FilePages:        276584 kB
Node 1 Mapped:            22556 kB
Node 1 AnonPages:         17852 kB
Node 1 Shmem:               600 kB
Node 1 KernelStack:        1368 kB
Node 1 PageTables:          404 kB
Node 1 NFS_Unstable:          0 kB
Node 1 Bounce:                0 kB
Node 1 WritebackTmp:          0 kB
Node 1 KReclaimable:      19704 kB
Node 1 Slab:              87328 kB
Node 1 SReclaimable:      19704 kB
Node 1 SUnreclaim:        67624 kB
Node 1 AnonHugePages:         0 kB
Node 1 ShmemHugePages:        0 kB
Node 1 ShmemPmdMapped:        0 kB
Node 1 FileHugePages:        0 kB
Node 1 FilePmdMapped:        0 kB
Node 1 HugePages_Total:     0
Node 1 HugePages_Free:      0
Node 1 HugePages_Surp:      0

B.1.100M-simpleread.8G.1.O.1M Complete!
