kernel.numa_balancing = 0
B.1.100M-simpleread.500M.1.O.1M
Begin
Node 0 MemTotal:       24768352 kB
Node 0 MemFree:        24273944 kB
Node 0 MemUsed:          494408 kB
Node 0 Active:            67104 kB
Node 0 Inactive:         130152 kB
Node 0 Active(anon):      25440 kB
Node 0 Inactive(anon):      416 kB
Node 0 Active(file):      41664 kB
Node 0 Inactive(file):   129736 kB
Node 0 Unevictable:       13676 kB
Node 0 Mlocked:           13676 kB
Node 0 Dirty:               224 kB
Node 0 Writeback:             0 kB
Node 0 FilePages:        175420 kB
Node 0 Mapped:            73648 kB
Node 0 AnonPages:         35576 kB
Node 0 Shmem:               632 kB
Node 0 KernelStack:        2344 kB
Node 0 PageTables:          912 kB
Node 0 NFS_Unstable:          0 kB
Node 0 Bounce:                0 kB
Node 0 WritebackTmp:          0 kB
Node 0 KReclaimable:      25152 kB
Node 0 Slab:              65168 kB
Node 0 SReclaimable:      25152 kB
Node 0 SUnreclaim:        40016 kB
Node 0 AnonHugePages:         0 kB
Node 0 ShmemHugePages:        0 kB
Node 0 ShmemPmdMapped:        0 kB
Node 0 FileHugePages:        0 kB
Node 0 FilePmdMapped:        0 kB
Node 0 HugePages_Total:     0
Node 0 HugePages_Free:      0
Node 0 HugePages_Surp:      0

Node 1 MemTotal:       24661580 kB
Node 1 MemFree:        24481552 kB
Node 1 MemUsed:          180028 kB
Node 1 Active:            32164 kB
Node 1 Inactive:          20040 kB
Node 1 Active(anon):       8452 kB
Node 1 Inactive(anon):      440 kB
Node 1 Active(file):      23712 kB
Node 1 Inactive(file):    19600 kB
Node 1 Unevictable:        4848 kB
Node 1 Mlocked:            4848 kB
Node 1 Dirty:               288 kB
Node 1 Writeback:             0 kB
Node 1 FilePages:         48832 kB
Node 1 Mapped:            16440 kB
Node 1 AnonPages:          8288 kB
Node 1 Shmem:               636 kB
Node 1 KernelStack:        1320 kB
Node 1 PageTables:          376 kB
Node 1 NFS_Unstable:          0 kB
Node 1 Bounce:                0 kB
Node 1 WritebackTmp:          0 kB
Node 1 KReclaimable:      17092 kB
Node 1 Slab:              41072 kB
Node 1 SReclaimable:      17092 kB
Node 1 SUnreclaim:        23980 kB
Node 1 AnonHugePages:         0 kB
Node 1 ShmemHugePages:        0 kB
Node 1 ShmemPmdMapped:        0 kB
Node 1 FileHugePages:        0 kB
Node 1 FilePmdMapped:        0 kB
Node 1 HugePages_Total:     0
Node 1 HugePages_Free:      0
Node 1 HugePages_Surp:      0

Load ZFS
Node 0 MemTotal:       24768352 kB
Node 0 MemFree:        24353844 kB
Node 0 MemUsed:          414508 kB
Node 0 Active:            84320 kB
Node 0 Inactive:         164212 kB
Node 0 Active(anon):      40720 kB
Node 0 Inactive(anon):      512 kB
Node 0 Active(file):      43600 kB
Node 0 Inactive(file):   163700 kB
Node 0 Unevictable:       13892 kB
Node 0 Mlocked:           13892 kB
Node 0 Dirty:               600 kB
Node 0 Writeback:             0 kB
Node 0 FilePages:        211332 kB
Node 0 Mapped:            74916 kB
Node 0 AnonPages:         50544 kB
Node 0 Shmem:               684 kB
Node 0 KernelStack:        2516 kB
Node 0 PageTables:         1348 kB
Node 0 NFS_Unstable:          0 kB
Node 0 Bounce:                0 kB
Node 0 WritebackTmp:          0 kB
Node 0 KReclaimable:      25848 kB
Node 0 Slab:              67620 kB
Node 0 SReclaimable:      25848 kB
Node 0 SUnreclaim:        41772 kB
Node 0 AnonHugePages:         0 kB
Node 0 ShmemHugePages:        0 kB
Node 0 ShmemPmdMapped:        0 kB
Node 0 FileHugePages:        0 kB
Node 0 FilePmdMapped:        0 kB
Node 0 HugePages_Total:     0
Node 0 HugePages_Free:      0
Node 0 HugePages_Surp:      0

Node 1 MemTotal:       24661580 kB
Node 1 MemFree:        24256256 kB
Node 1 MemUsed:          405324 kB
Node 1 Active:            44572 kB
Node 1 Inactive:          89976 kB
Node 1 Active(anon):      20440 kB
Node 1 Inactive(anon):      428 kB
Node 1 Active(file):      24132 kB
Node 1 Inactive(file):    89548 kB
Node 1 Unevictable:        4848 kB
Node 1 Mlocked:            4848 kB
Node 1 Dirty:                96 kB
Node 1 Writeback:             0 kB
Node 1 FilePages:        119108 kB
Node 1 Mapped:            19612 kB
Node 1 AnonPages:         20180 kB
Node 1 Shmem:               584 kB
Node 1 KernelStack:        1772 kB
Node 1 PageTables:         1564 kB
Node 1 NFS_Unstable:          0 kB
Node 1 Bounce:                0 kB
Node 1 WritebackTmp:          0 kB
Node 1 KReclaimable:      18116 kB
Node 1 Slab:              45252 kB
Node 1 SReclaimable:      18116 kB
Node 1 SUnreclaim:        27136 kB
Node 1 AnonHugePages:         0 kB
Node 1 ShmemHugePages:        0 kB
Node 1 ShmemPmdMapped:        0 kB
Node 1 FileHugePages:        0 kB
Node 1 FilePmdMapped:        0 kB
Node 1 HugePages_Total:     0
Node 1 HugePages_Free:      0
Node 1 HugePages_Surp:      0

Import tank ZPool
Node 0 MemTotal:       24768352 kB
Node 0 MemFree:        24347288 kB
Node 0 MemUsed:          421064 kB
Node 0 Active:            84468 kB
Node 0 Inactive:         165440 kB
Node 0 Active(anon):      40212 kB
Node 0 Inactive(anon):      520 kB
Node 0 Active(file):      44256 kB
Node 0 Inactive(file):   164920 kB
Node 0 Unevictable:       13908 kB
Node 0 Mlocked:           13908 kB
Node 0 Dirty:               668 kB
Node 0 Writeback:             0 kB
Node 0 FilePages:        212932 kB
Node 0 Mapped:            75160 kB
Node 0 AnonPages:         50428 kB
Node 0 Shmem:               680 kB
Node 0 KernelStack:        2488 kB
Node 0 PageTables:         1336 kB
Node 0 NFS_Unstable:          0 kB
Node 0 Bounce:                0 kB
Node 0 WritebackTmp:          0 kB
Node 0 KReclaimable:      25968 kB
Node 0 Slab:              72884 kB
Node 0 SReclaimable:      25968 kB
Node 0 SUnreclaim:        46916 kB
Node 0 AnonHugePages:         0 kB
Node 0 ShmemHugePages:        0 kB
Node 0 ShmemPmdMapped:        0 kB
Node 0 FileHugePages:        0 kB
Node 0 FilePmdMapped:        0 kB
Node 0 HugePages_Total:     0
Node 0 HugePages_Free:      0
Node 0 HugePages_Surp:      0

Node 1 MemTotal:       24661580 kB
Node 1 MemFree:        24243176 kB
Node 1 MemUsed:          418404 kB
Node 1 Active:            44268 kB
Node 1 Inactive:          89976 kB
Node 1 Active(anon):      20156 kB
Node 1 Inactive(anon):      428 kB
Node 1 Active(file):      24112 kB
Node 1 Inactive(file):    89548 kB
Node 1 Unevictable:        4848 kB
Node 1 Mlocked:            4848 kB
Node 1 Dirty:               108 kB
Node 1 Writeback:             0 kB
Node 1 FilePages:        119092 kB
Node 1 Mapped:            19272 kB
Node 1 AnonPages:         19996 kB
Node 1 Shmem:               588 kB
Node 1 KernelStack:        2728 kB
Node 1 PageTables:         1304 kB
Node 1 NFS_Unstable:          0 kB
Node 1 Bounce:                0 kB
Node 1 WritebackTmp:          0 kB
Node 1 KReclaimable:      18148 kB
Node 1 Slab:              47376 kB
Node 1 SReclaimable:      18148 kB
Node 1 SUnreclaim:        29228 kB
Node 1 AnonHugePages:         0 kB
Node 1 ShmemHugePages:        0 kB
Node 1 ShmemPmdMapped:        0 kB
Node 1 FileHugePages:        0 kB
Node 1 FilePmdMapped:        0 kB
Node 1 HugePages_Total:     0
Node 1 HugePages_Free:      0
Node 1 HugePages_Surp:      0

After Test
Node 0 MemTotal:       24768352 kB
Node 0 MemFree:        24043312 kB
Node 0 MemUsed:          725040 kB
Node 0 Active:            71072 kB
Node 0 Inactive:         164932 kB
Node 0 Active(anon):      26412 kB
Node 0 Inactive(anon):      520 kB
Node 0 Active(file):      44660 kB
Node 0 Inactive(file):   164412 kB
Node 0 Unevictable:       13908 kB
Node 0 Mlocked:           13908 kB
Node 0 Dirty:               564 kB
Node 0 Writeback:             0 kB
Node 0 FilePages:        213108 kB
Node 0 Mapped:            73892 kB
Node 0 AnonPages:         36824 kB
Node 0 Shmem:               680 kB
Node 0 KernelStack:        2424 kB
Node 0 PageTables:          916 kB
Node 0 NFS_Unstable:          0 kB
Node 0 Bounce:                0 kB
Node 0 WritebackTmp:          0 kB
Node 0 KReclaimable:      26068 kB
Node 0 Slab:              73984 kB
Node 0 SReclaimable:      26068 kB
Node 0 SUnreclaim:        47916 kB
Node 0 AnonHugePages:         0 kB
Node 0 ShmemHugePages:        0 kB
Node 0 ShmemPmdMapped:        0 kB
Node 0 FileHugePages:        0 kB
Node 0 FilePmdMapped:        0 kB
Node 0 HugePages_Total:     0
Node 0 HugePages_Free:      0
Node 0 HugePages_Surp:      0

Node 1 MemTotal:       24661580 kB
Node 1 MemFree:        23415172 kB
Node 1 MemUsed:         1246408 kB
Node 1 Active:            32260 kB
Node 1 Inactive:         187304 kB
Node 1 Active(anon):       7392 kB
Node 1 Inactive(anon):      420 kB
Node 1 Active(file):      24868 kB
Node 1 Inactive(file):   186884 kB
Node 1 Unevictable:        4848 kB
Node 1 Mlocked:            4848 kB
Node 1 Dirty:               128 kB
Node 1 Writeback:             0 kB
Node 1 FilePages:        217184 kB
Node 1 Mapped:            16776 kB
Node 1 AnonPages:          7252 kB
Node 1 Shmem:               588 kB
Node 1 KernelStack:        2344 kB
Node 1 PageTables:          556 kB
Node 1 NFS_Unstable:          0 kB
Node 1 Bounce:                0 kB
Node 1 WritebackTmp:          0 kB
Node 1 KReclaimable:      18412 kB
Node 1 Slab:              52264 kB
Node 1 SReclaimable:      18412 kB
Node 1 SUnreclaim:        33852 kB
Node 1 AnonHugePages:         0 kB
Node 1 ShmemHugePages:        0 kB
Node 1 ShmemPmdMapped:        0 kB
Node 1 FileHugePages:        0 kB
Node 1 FilePmdMapped:        0 kB
Node 1 HugePages_Total:     0
Node 1 HugePages_Free:      0
Node 1 HugePages_Surp:      0

After Opposite Node
Node 0 MemTotal:       24768352 kB
Node 0 MemFree:        24042976 kB
Node 0 MemUsed:          725376 kB
Node 0 Active:            71388 kB
Node 0 Inactive:         164920 kB
Node 0 Active(anon):      26696 kB
Node 0 Inactive(anon):      520 kB
Node 0 Active(file):      44692 kB
Node 0 Inactive(file):   164400 kB
Node 0 Unevictable:       13908 kB
Node 0 Mlocked:           13908 kB
Node 0 Dirty:               576 kB
Node 0 Writeback:             0 kB
Node 0 FilePages:        213124 kB
Node 0 Mapped:            73892 kB
Node 0 AnonPages:         37008 kB
Node 0 Shmem:               680 kB
Node 0 KernelStack:        2408 kB
Node 0 PageTables:          976 kB
Node 0 NFS_Unstable:          0 kB
Node 0 Bounce:                0 kB
Node 0 WritebackTmp:          0 kB
Node 0 KReclaimable:      26068 kB
Node 0 Slab:              74044 kB
Node 0 SReclaimable:      26068 kB
Node 0 SUnreclaim:        47976 kB
Node 0 AnonHugePages:         0 kB
Node 0 ShmemHugePages:        0 kB
Node 0 ShmemPmdMapped:        0 kB
Node 0 FileHugePages:        0 kB
Node 0 FilePmdMapped:        0 kB
Node 0 HugePages_Total:     0
Node 0 HugePages_Free:      0
Node 0 HugePages_Surp:      0

Node 1 MemTotal:       24661580 kB
Node 1 MemFree:        23415856 kB
Node 1 MemUsed:         1245724 kB
Node 1 Active:            31964 kB
Node 1 Inactive:         187032 kB
Node 1 Active(anon):       6816 kB
Node 1 Inactive(anon):      420 kB
Node 1 Active(file):      25148 kB
Node 1 Inactive(file):   186612 kB
Node 1 Unevictable:        4848 kB
Node 1 Mlocked:            4848 kB
Node 1 Dirty:               136 kB
Node 1 Writeback:             0 kB
Node 1 FilePages:        217192 kB
Node 1 Mapped:            16956 kB
Node 1 AnonPages:          6648 kB
Node 1 Shmem:               588 kB
Node 1 KernelStack:        2328 kB
Node 1 PageTables:          312 kB
Node 1 NFS_Unstable:          0 kB
Node 1 Bounce:                0 kB
Node 1 WritebackTmp:          0 kB
Node 1 KReclaimable:      18416 kB
Node 1 Slab:              52424 kB
Node 1 SReclaimable:      18416 kB
Node 1 SUnreclaim:        34008 kB
Node 1 AnonHugePages:         0 kB
Node 1 ShmemHugePages:        0 kB
Node 1 ShmemPmdMapped:        0 kB
Node 1 FileHugePages:        0 kB
Node 1 FilePmdMapped:        0 kB
Node 1 HugePages_Total:     0
Node 1 HugePages_Free:      0
Node 1 HugePages_Surp:      0

B.1.100M-simpleread.500M.1.O.1M Complete!
