B.1.fio.4G.2.O
Begin
Node 0 MemTotal:       24768352 kB
Node 0 MemFree:        24510688 kB
Node 0 MemUsed:          257664 kB
Node 0 Active:            54748 kB
Node 0 Inactive:          42308 kB
Node 0 Active(anon):      17152 kB
Node 0 Inactive(anon):      464 kB
Node 0 Active(file):      37596 kB
Node 0 Inactive(file):    41844 kB
Node 0 Unevictable:         328 kB
Node 0 Mlocked:             328 kB
Node 0 Dirty:               124 kB
Node 0 Writeback:             0 kB
Node 0 FilePages:         80412 kB
Node 0 Mapped:            30780 kB
Node 0 AnonPages:         17052 kB
Node 0 Shmem:               608 kB
Node 0 KernelStack:        2200 kB
Node 0 PageTables:          576 kB
Node 0 NFS_Unstable:          0 kB
Node 0 Bounce:                0 kB
Node 0 WritebackTmp:          0 kB
Node 0 KReclaimable:      27156 kB
Node 0 Slab:              67116 kB
Node 0 SReclaimable:      27156 kB
Node 0 SUnreclaim:        39960 kB
Node 0 AnonHugePages:         0 kB
Node 0 ShmemHugePages:        0 kB
Node 0 ShmemPmdMapped:        0 kB
Node 0 FileHugePages:        0 kB
Node 0 FilePmdMapped:        0 kB
Node 0 HugePages_Total:     0
Node 0 HugePages_Free:      0
Node 0 HugePages_Surp:      0

Node 1 MemTotal:       24661580 kB
Node 1 MemFree:        24306340 kB
Node 1 MemUsed:          355240 kB
Node 1 Active:            39360 kB
Node 1 Inactive:          50812 kB
Node 1 Active(anon):      16308 kB
Node 1 Inactive(anon):      408 kB
Node 1 Active(file):      23052 kB
Node 1 Inactive(file):    50404 kB
Node 1 Unevictable:       18196 kB
Node 1 Mlocked:           18196 kB
Node 1 Dirty:               388 kB
Node 1 Writeback:             0 kB
Node 1 FilePages:         81980 kB
Node 1 Mapped:            21280 kB
Node 1 AnonPages:         26412 kB
Node 1 Shmem:               660 kB
Node 1 KernelStack:        1416 kB
Node 1 PageTables:          464 kB
Node 1 NFS_Unstable:          0 kB
Node 1 Bounce:                0 kB
Node 1 WritebackTmp:          0 kB
Node 1 KReclaimable:      14612 kB
Node 1 Slab:              38288 kB
Node 1 SReclaimable:      14612 kB
Node 1 SUnreclaim:        23676 kB
Node 1 AnonHugePages:         0 kB
Node 1 ShmemHugePages:        0 kB
Node 1 ShmemPmdMapped:        0 kB
Node 1 FileHugePages:        0 kB
Node 1 FilePmdMapped:        0 kB
Node 1 HugePages_Total:     0
Node 1 HugePages_Free:      0
Node 1 HugePages_Surp:      0

Load ZFS
Node 0 MemTotal:       24768352 kB
Node 0 MemFree:        24492400 kB
Node 0 MemUsed:          275952 kB
Node 0 Active:            69144 kB
Node 0 Inactive:          47312 kB
Node 0 Active(anon):      30332 kB
Node 0 Inactive(anon):      536 kB
Node 0 Active(file):      38812 kB
Node 0 Inactive(file):    46776 kB
Node 0 Unevictable:         328 kB
Node 0 Mlocked:             328 kB
Node 0 Dirty:                 8 kB
Node 0 Writeback:             0 kB
Node 0 FilePages:         86624 kB
Node 0 Mapped:            33180 kB
Node 0 AnonPages:         29580 kB
Node 0 Shmem:               708 kB
Node 0 KernelStack:        2356 kB
Node 0 PageTables:          828 kB
Node 0 NFS_Unstable:          0 kB
Node 0 Bounce:                0 kB
Node 0 WritebackTmp:          0 kB
Node 0 KReclaimable:      27696 kB
Node 0 Slab:              70088 kB
Node 0 SReclaimable:      27696 kB
Node 0 SUnreclaim:        42392 kB
Node 0 AnonHugePages:         0 kB
Node 0 ShmemHugePages:        0 kB
Node 0 ShmemPmdMapped:        0 kB
Node 0 FileHugePages:        0 kB
Node 0 FilePmdMapped:        0 kB
Node 0 HugePages_Total:     0
Node 0 HugePages_Free:      0
Node 0 HugePages_Surp:      0

Node 1 MemTotal:       24661580 kB
Node 1 MemFree:        24178464 kB
Node 1 MemUsed:          483116 kB
Node 1 Active:            54744 kB
Node 1 Inactive:         149384 kB
Node 1 Active(anon):      30424 kB
Node 1 Inactive(anon):      408 kB
Node 1 Active(file):      24320 kB
Node 1 Inactive(file):   148976 kB
Node 1 Unevictable:       18424 kB
Node 1 Mlocked:           18424 kB
Node 1 Dirty:                 4 kB
Node 1 Writeback:             0 kB
Node 1 FilePages:        181720 kB
Node 1 Mapped:            22808 kB
Node 1 AnonPages:         40564 kB
Node 1 Shmem:               560 kB
Node 1 KernelStack:        1912 kB
Node 1 PageTables:         1656 kB
Node 1 NFS_Unstable:          0 kB
Node 1 Bounce:                0 kB
Node 1 WritebackTmp:          0 kB
Node 1 KReclaimable:      15736 kB
Node 1 Slab:              43348 kB
Node 1 SReclaimable:      15736 kB
Node 1 SUnreclaim:        27612 kB
Node 1 AnonHugePages:         0 kB
Node 1 ShmemHugePages:        0 kB
Node 1 ShmemPmdMapped:        0 kB
Node 1 FileHugePages:        0 kB
Node 1 FilePmdMapped:        0 kB
Node 1 HugePages_Total:     0
Node 1 HugePages_Free:      0
Node 1 HugePages_Surp:      0

Import tank ZPool
Node 0 MemTotal:       24768352 kB
Node 0 MemFree:        24478680 kB
Node 0 MemUsed:          289672 kB
Node 0 Active:            69256 kB
Node 0 Inactive:          48500 kB
Node 0 Active(anon):      30112 kB
Node 0 Inactive(anon):      540 kB
Node 0 Active(file):      39144 kB
Node 0 Inactive(file):    47960 kB
Node 0 Unevictable:         328 kB
Node 0 Mlocked:             328 kB
Node 0 Dirty:               184 kB
Node 0 Writeback:             0 kB
Node 0 FilePages:         88164 kB
Node 0 Mapped:            33152 kB
Node 0 AnonPages:         29764 kB
Node 0 Shmem:               716 kB
Node 0 KernelStack:        3288 kB
Node 0 PageTables:          880 kB
Node 0 NFS_Unstable:          0 kB
Node 0 Bounce:                0 kB
Node 0 WritebackTmp:          0 kB
Node 0 KReclaimable:      27812 kB
Node 0 Slab:              75536 kB
Node 0 SReclaimable:      27812 kB
Node 0 SUnreclaim:        47724 kB
Node 0 AnonHugePages:         0 kB
Node 0 ShmemHugePages:        0 kB
Node 0 ShmemPmdMapped:        0 kB
Node 0 FileHugePages:        0 kB
Node 0 FilePmdMapped:        0 kB
Node 0 HugePages_Total:     0
Node 0 HugePages_Free:      0
Node 0 HugePages_Surp:      0

Node 1 MemTotal:       24661580 kB
Node 1 MemFree:        24173892 kB
Node 1 MemUsed:          487688 kB
Node 1 Active:            54412 kB
Node 1 Inactive:         149388 kB
Node 1 Active(anon):      30092 kB
Node 1 Inactive(anon):      408 kB
Node 1 Active(file):      24320 kB
Node 1 Inactive(file):   148980 kB
Node 1 Unevictable:       18424 kB
Node 1 Mlocked:           18424 kB
Node 1 Dirty:                44 kB
Node 1 Writeback:             0 kB
Node 1 FilePages:        181716 kB
Node 1 Mapped:            22788 kB
Node 1 AnonPages:         40508 kB
Node 1 Shmem:               552 kB
Node 1 KernelStack:        1976 kB
Node 1 PageTables:         1604 kB
Node 1 NFS_Unstable:          0 kB
Node 1 Bounce:                0 kB
Node 1 WritebackTmp:          0 kB
Node 1 KReclaimable:      15756 kB
Node 1 Slab:              44208 kB
Node 1 SReclaimable:      15756 kB
Node 1 SUnreclaim:        28452 kB
Node 1 AnonHugePages:         0 kB
Node 1 ShmemHugePages:        0 kB
Node 1 ShmemPmdMapped:        0 kB
Node 1 FileHugePages:        0 kB
Node 1 FilePmdMapped:        0 kB
Node 1 HugePages_Total:     0
Node 1 HugePages_Free:      0
Node 1 HugePages_Surp:      0

After Opposite Node
Node 0 MemTotal:       24768352 kB
Node 0 MemFree:        19789472 kB
Node 0 MemUsed:         4978880 kB
Node 0 Active:            57736 kB
Node 0 Inactive:          49020 kB
Node 0 Active(anon):      16788 kB
Node 0 Inactive(anon):      572 kB
Node 0 Active(file):      40948 kB
Node 0 Inactive(file):    48448 kB
Node 0 Unevictable:         328 kB
Node 0 Mlocked:             328 kB
Node 0 Dirty:                92 kB
Node 0 Writeback:             0 kB
Node 0 FilePages:         90480 kB
Node 0 Mapped:            31080 kB
Node 0 AnonPages:         16520 kB
Node 0 Shmem:               756 kB
Node 0 KernelStack:        3208 kB
Node 0 PageTables:          740 kB
Node 0 NFS_Unstable:          0 kB
Node 0 Bounce:                0 kB
Node 0 WritebackTmp:          0 kB
Node 0 KReclaimable:      29112 kB
Node 0 Slab:              95916 kB
Node 0 SReclaimable:      29112 kB
Node 0 SUnreclaim:        66804 kB
Node 0 AnonHugePages:         0 kB
Node 0 ShmemHugePages:        0 kB
Node 0 ShmemPmdMapped:        0 kB
Node 0 FileHugePages:        0 kB
Node 0 FilePmdMapped:        0 kB
Node 0 HugePages_Total:     0
Node 0 HugePages_Free:      0
Node 0 HugePages_Surp:      0

Node 1 MemTotal:       24661580 kB
Node 1 MemFree:        23846532 kB
Node 1 MemUsed:          815048 kB
Node 1 Active:            41144 kB
Node 1 Inactive:         149008 kB
Node 1 Active(anon):      16416 kB
Node 1 Inactive(anon):      412 kB
Node 1 Active(file):      24728 kB
Node 1 Inactive(file):   148596 kB
Node 1 Unevictable:       18424 kB
Node 1 Mlocked:           18424 kB
Node 1 Dirty:                28 kB
Node 1 Writeback:             0 kB
Node 1 FilePages:        181752 kB
Node 1 Mapped:            21300 kB
Node 1 AnonPages:         26832 kB
Node 1 Shmem:               556 kB
Node 1 KernelStack:        1544 kB
Node 1 PageTables:          468 kB
Node 1 NFS_Unstable:          0 kB
Node 1 Bounce:                0 kB
Node 1 WritebackTmp:          0 kB
Node 1 KReclaimable:      15992 kB
Node 1 Slab:              45756 kB
Node 1 SReclaimable:      15992 kB
Node 1 SUnreclaim:        29764 kB
Node 1 AnonHugePages:         0 kB
Node 1 ShmemHugePages:        0 kB
Node 1 ShmemPmdMapped:        0 kB
Node 1 FileHugePages:        0 kB
Node 1 FilePmdMapped:        0 kB
Node 1 HugePages_Total:     0
Node 1 HugePages_Free:      0
Node 1 HugePages_Surp:      0

After Test
Node 0 MemTotal:       24768352 kB
Node 0 MemFree:        19349352 kB
Node 0 MemUsed:         5419000 kB
Node 0 Active:            57704 kB
Node 0 Inactive:          48812 kB
Node 0 Active(anon):      16576 kB
Node 0 Inactive(anon):      528 kB
Node 0 Active(file):      41128 kB
Node 0 Inactive(file):    48284 kB
Node 0 Unevictable:         328 kB
Node 0 Mlocked:             328 kB
Node 0 Dirty:               128 kB
Node 0 Writeback:             0 kB
Node 0 FilePages:         90452 kB
Node 0 Mapped:            31004 kB
Node 0 AnonPages:         16392 kB
Node 0 Shmem:               712 kB
Node 0 KernelStack:        3160 kB
Node 0 PageTables:          568 kB
Node 0 NFS_Unstable:          0 kB
Node 0 Bounce:                0 kB
Node 0 WritebackTmp:          0 kB
Node 0 KReclaimable:      29112 kB
Node 0 Slab:              97132 kB
Node 0 SReclaimable:      29112 kB
Node 0 SUnreclaim:        68020 kB
Node 0 AnonHugePages:         0 kB
Node 0 ShmemHugePages:        0 kB
Node 0 ShmemPmdMapped:        0 kB
Node 0 FileHugePages:        0 kB
Node 0 FilePmdMapped:        0 kB
Node 0 HugePages_Total:     0
Node 0 HugePages_Free:      0
Node 0 HugePages_Surp:      0

Node 1 MemTotal:       24661580 kB
Node 1 MemFree:        24083028 kB
Node 1 MemUsed:          578552 kB
Node 1 Active:            41436 kB
Node 1 Inactive:         149056 kB
Node 1 Active(anon):      16692 kB
Node 1 Inactive(anon):      456 kB
Node 1 Active(file):      24744 kB
Node 1 Inactive(file):   148600 kB
Node 1 Unevictable:       18424 kB
Node 1 Mlocked:           18424 kB
Node 1 Dirty:                36 kB
Node 1 Writeback:             0 kB
Node 1 FilePages:        181816 kB
Node 1 Mapped:            21348 kB
Node 1 AnonPages:         26972 kB
Node 1 Shmem:               600 kB
Node 1 KernelStack:        1592 kB
Node 1 PageTables:          644 kB
Node 1 NFS_Unstable:          0 kB
Node 1 Bounce:                0 kB
Node 1 WritebackTmp:          0 kB
Node 1 KReclaimable:      16036 kB
Node 1 Slab:              45948 kB
Node 1 SReclaimable:      16036 kB
Node 1 SUnreclaim:        29912 kB
Node 1 AnonHugePages:         0 kB
Node 1 ShmemHugePages:        0 kB
Node 1 ShmemPmdMapped:        0 kB
Node 1 FileHugePages:        0 kB
Node 1 FilePmdMapped:        0 kB
Node 1 HugePages_Total:     0
Node 1 HugePages_Free:      0
Node 1 HugePages_Surp:      0

B.1.fio.4G.2.O Complete!
