B.1.fio.8G.2.O
Begin
Node 0 MemTotal:       24768352 kB
Node 0 MemFree:        24567596 kB
Node 0 MemUsed:          200756 kB
Node 0 Active:            54112 kB
Node 0 Inactive:          19364 kB
Node 0 Active(anon):      16588 kB
Node 0 Inactive(anon):      428 kB
Node 0 Active(file):      37524 kB
Node 0 Inactive(file):    18936 kB
Node 0 Unevictable:        1052 kB
Node 0 Mlocked:            1052 kB
Node 0 Dirty:               272 kB
Node 0 Writeback:             0 kB
Node 0 FilePages:         58316 kB
Node 0 Mapped:            11936 kB
Node 0 AnonPages:         16392 kB
Node 0 Shmem:               660 kB
Node 0 KernelStack:        2184 kB
Node 0 PageTables:          284 kB
Node 0 NFS_Unstable:          0 kB
Node 0 Bounce:                0 kB
Node 0 WritebackTmp:          0 kB
Node 0 KReclaimable:      16680 kB
Node 0 Slab:              45256 kB
Node 0 SReclaimable:      16680 kB
Node 0 SUnreclaim:        28576 kB
Node 0 AnonHugePages:         0 kB
Node 0 ShmemHugePages:        0 kB
Node 0 ShmemPmdMapped:        0 kB
Node 0 FileHugePages:        0 kB
Node 0 FilePmdMapped:        0 kB
Node 0 HugePages_Total:     0
Node 0 HugePages_Free:      0
Node 0 HugePages_Surp:      0

Node 1 MemTotal:       24661580 kB
Node 1 MemFree:        24243188 kB
Node 1 MemUsed:          418392 kB
Node 1 Active:            39916 kB
Node 1 Inactive:          75488 kB
Node 1 Active(anon):      17096 kB
Node 1 Inactive(anon):      436 kB
Node 1 Active(file):      22820 kB
Node 1 Inactive(file):    75052 kB
Node 1 Unevictable:       17472 kB
Node 1 Mlocked:           17472 kB
Node 1 Dirty:               256 kB
Node 1 Writeback:             0 kB
Node 1 FilePages:        105620 kB
Node 1 Mapped:            40376 kB
Node 1 AnonPages:         27288 kB
Node 1 Shmem:               608 kB
Node 1 KernelStack:        1368 kB
Node 1 PageTables:          740 kB
Node 1 NFS_Unstable:          0 kB
Node 1 Bounce:                0 kB
Node 1 WritebackTmp:          0 kB
Node 1 KReclaimable:      25008 kB
Node 1 Slab:              62572 kB
Node 1 SReclaimable:      25008 kB
Node 1 SUnreclaim:        37564 kB
Node 1 AnonHugePages:         0 kB
Node 1 ShmemHugePages:        0 kB
Node 1 ShmemPmdMapped:        0 kB
Node 1 FileHugePages:        0 kB
Node 1 FilePmdMapped:        0 kB
Node 1 HugePages_Total:     0
Node 1 HugePages_Free:      0
Node 1 HugePages_Surp:      0

Load ZFS
Node 0 MemTotal:       24768352 kB
Node 0 MemFree:        24329464 kB
Node 0 MemUsed:          438888 kB
Node 0 Active:            69252 kB
Node 0 Inactive:          97924 kB
Node 0 Active(anon):      30920 kB
Node 0 Inactive(anon):      232 kB
Node 0 Active(file):      38332 kB
Node 0 Inactive(file):    97692 kB
Node 0 Unevictable:        1052 kB
Node 0 Mlocked:            1052 kB
Node 0 Dirty:                60 kB
Node 0 Writeback:             0 kB
Node 0 FilePages:        137544 kB
Node 0 Mapped:            14504 kB
Node 0 AnonPages:         31008 kB
Node 0 Shmem:               436 kB
Node 0 KernelStack:        2744 kB
Node 0 PageTables:         1820 kB
Node 0 NFS_Unstable:          0 kB
Node 0 Bounce:                0 kB
Node 0 WritebackTmp:          0 kB
Node 0 KReclaimable:      17476 kB
Node 0 Slab:              49536 kB
Node 0 SReclaimable:      17476 kB
Node 0 SUnreclaim:        32060 kB
Node 0 AnonHugePages:         0 kB
Node 0 ShmemHugePages:        0 kB
Node 0 ShmemPmdMapped:        0 kB
Node 0 FileHugePages:        0 kB
Node 0 FilePmdMapped:        0 kB
Node 0 HugePages_Total:     0
Node 0 HugePages_Free:      0
Node 0 HugePages_Surp:      0

Node 1 MemTotal:       24661580 kB
Node 1 MemFree:        24335408 kB
Node 1 MemUsed:          326172 kB
Node 1 Active:            53740 kB
Node 1 Inactive:         100580 kB
Node 1 Active(anon):      29056 kB
Node 1 Inactive(anon):      580 kB
Node 1 Active(file):      24684 kB
Node 1 Inactive(file):   100000 kB
Node 1 Unevictable:       17684 kB
Node 1 Mlocked:           17684 kB
Node 1 Dirty:               456 kB
Node 1 Writeback:             0 kB
Node 1 FilePages:        132656 kB
Node 1 Mapped:            42092 kB
Node 1 AnonPages:         39060 kB
Node 1 Shmem:               832 kB
Node 1 KernelStack:        1552 kB
Node 1 PageTables:         1288 kB
Node 1 NFS_Unstable:          0 kB
Node 1 Bounce:                0 kB
Node 1 WritebackTmp:          0 kB
Node 1 KReclaimable:      25812 kB
Node 1 Slab:              65844 kB
Node 1 SReclaimable:      25812 kB
Node 1 SUnreclaim:        40032 kB
Node 1 AnonHugePages:         0 kB
Node 1 ShmemHugePages:        0 kB
Node 1 ShmemPmdMapped:        0 kB
Node 1 FileHugePages:        0 kB
Node 1 FilePmdMapped:        0 kB
Node 1 HugePages_Total:     0
Node 1 HugePages_Free:      0
Node 1 HugePages_Surp:      0

Import tank ZPool
Node 0 MemTotal:       24768352 kB
Node 0 MemFree:        24313328 kB
Node 0 MemUsed:          455024 kB
Node 0 Active:            69704 kB
Node 0 Inactive:          98984 kB
Node 0 Active(anon):      30964 kB
Node 0 Inactive(anon):      480 kB
Node 0 Active(file):      38740 kB
Node 0 Inactive(file):    98504 kB
Node 0 Unevictable:        1052 kB
Node 0 Mlocked:            1052 kB
Node 0 Dirty:                68 kB
Node 0 Writeback:             0 kB
Node 0 FilePages:        138916 kB
Node 0 Mapped:            14536 kB
Node 0 AnonPages:         30432 kB
Node 0 Shmem:               616 kB
Node 0 KernelStack:        3768 kB
Node 0 PageTables:         1608 kB
Node 0 NFS_Unstable:          0 kB
Node 0 Bounce:                0 kB
Node 0 WritebackTmp:          0 kB
Node 0 KReclaimable:      17856 kB
Node 0 Slab:              56092 kB
Node 0 SReclaimable:      17856 kB
Node 0 SUnreclaim:        38236 kB
Node 0 AnonHugePages:         0 kB
Node 0 ShmemHugePages:        0 kB
Node 0 ShmemPmdMapped:        0 kB
Node 0 FileHugePages:        0 kB
Node 0 FilePmdMapped:        0 kB
Node 0 HugePages_Total:     0
Node 0 HugePages_Free:      0
Node 0 HugePages_Surp:      0

Node 1 MemTotal:       24661580 kB
Node 1 MemFree:        24337520 kB
Node 1 MemUsed:          324060 kB
Node 1 Active:            53212 kB
Node 1 Inactive:         100456 kB
Node 1 Active(anon):      28484 kB
Node 1 Inactive(anon):      472 kB
Node 1 Active(file):      24728 kB
Node 1 Inactive(file):    99984 kB
Node 1 Unevictable:       17700 kB
Node 1 Mlocked:           17700 kB
Node 1 Dirty:               484 kB
Node 1 Writeback:             0 kB
Node 1 FilePages:        132508 kB
Node 1 Mapped:            41776 kB
Node 1 AnonPages:         38860 kB
Node 1 Shmem:               652 kB
Node 1 KernelStack:        1400 kB
Node 1 PageTables:         1000 kB
Node 1 NFS_Unstable:          0 kB
Node 1 Bounce:                0 kB
Node 1 WritebackTmp:          0 kB
Node 1 KReclaimable:      25820 kB
Node 1 Slab:              65480 kB
Node 1 SReclaimable:      25820 kB
Node 1 SUnreclaim:        39660 kB
Node 1 AnonHugePages:         0 kB
Node 1 ShmemHugePages:        0 kB
Node 1 ShmemPmdMapped:        0 kB
Node 1 FileHugePages:        0 kB
Node 1 FilePmdMapped:        0 kB
Node 1 HugePages_Total:     0
Node 1 HugePages_Free:      0
Node 1 HugePages_Surp:      0

After Opposite Node
Node 0 MemTotal:       24768352 kB
Node 0 MemFree:        15624532 kB
Node 0 MemUsed:         9143820 kB
Node 0 Active:            56708 kB
Node 0 Inactive:          99404 kB
Node 0 Active(anon):      16260 kB
Node 0 Inactive(anon):      504 kB
Node 0 Active(file):      40448 kB
Node 0 Inactive(file):    98900 kB
Node 0 Unevictable:        1052 kB
Node 0 Mlocked:            1052 kB
Node 0 Dirty:                28 kB
Node 0 Writeback:             0 kB
Node 0 FilePages:        141060 kB
Node 0 Mapped:            11936 kB
Node 0 AnonPages:         16076 kB
Node 0 Shmem:               660 kB
Node 0 KernelStack:        3288 kB
Node 0 PageTables:          472 kB
Node 0 NFS_Unstable:          0 kB
Node 0 Bounce:                0 kB
Node 0 WritebackTmp:          0 kB
Node 0 KReclaimable:      19080 kB
Node 0 Slab:              89592 kB
Node 0 SReclaimable:      19080 kB
Node 0 SUnreclaim:        70512 kB
Node 0 AnonHugePages:         0 kB
Node 0 ShmemHugePages:        0 kB
Node 0 ShmemPmdMapped:        0 kB
Node 0 FileHugePages:        0 kB
Node 0 FilePmdMapped:        0 kB
Node 0 HugePages_Total:     0
Node 0 HugePages_Free:      0
Node 0 HugePages_Surp:      0

Node 1 MemTotal:       24661580 kB
Node 1 MemFree:        23802616 kB
Node 1 MemUsed:          858964 kB
Node 1 Active:            42096 kB
Node 1 Inactive:         100320 kB
Node 1 Active(anon):      17136 kB
Node 1 Inactive(anon):      468 kB
Node 1 Active(file):      24960 kB
Node 1 Inactive(file):    99852 kB
Node 1 Unevictable:       17700 kB
Node 1 Mlocked:           17700 kB
Node 1 Dirty:                24 kB
Node 1 Writeback:             0 kB
Node 1 FilePages:        132612 kB
Node 1 Mapped:            40392 kB
Node 1 AnonPages:         27508 kB
Node 1 Shmem:               652 kB
Node 1 KernelStack:        1368 kB
Node 1 PageTables:          748 kB
Node 1 NFS_Unstable:          0 kB
Node 1 Bounce:                0 kB
Node 1 WritebackTmp:          0 kB
Node 1 KReclaimable:      26112 kB
Node 1 Slab:              68084 kB
Node 1 SReclaimable:      26112 kB
Node 1 SUnreclaim:        41972 kB
Node 1 AnonHugePages:         0 kB
Node 1 ShmemHugePages:        0 kB
Node 1 ShmemPmdMapped:        0 kB
Node 1 FileHugePages:        0 kB
Node 1 FilePmdMapped:        0 kB
Node 1 HugePages_Total:     0
Node 1 HugePages_Free:      0
Node 1 HugePages_Surp:      0

After Test
Node 0 MemTotal:       24768352 kB
Node 0 MemFree:        14885348 kB
Node 0 MemUsed:         9883004 kB
Node 0 Active:            56768 kB
Node 0 Inactive:          99152 kB
Node 0 Active(anon):      16080 kB
Node 0 Inactive(anon):      476 kB
Node 0 Active(file):      40688 kB
Node 0 Inactive(file):    98676 kB
Node 0 Unevictable:        1052 kB
Node 0 Mlocked:            1052 kB
Node 0 Dirty:                28 kB
Node 0 Writeback:             0 kB
Node 0 FilePages:        141032 kB
Node 0 Mapped:            12184 kB
Node 0 AnonPages:         15940 kB
Node 0 Shmem:               616 kB
Node 0 KernelStack:        3208 kB
Node 0 PageTables:          296 kB
Node 0 NFS_Unstable:          0 kB
Node 0 Bounce:                0 kB
Node 0 WritebackTmp:          0 kB
Node 0 KReclaimable:      19080 kB
Node 0 Slab:              91092 kB
Node 0 SReclaimable:      19080 kB
Node 0 SUnreclaim:        72012 kB
Node 0 AnonHugePages:         0 kB
Node 0 ShmemHugePages:        0 kB
Node 0 ShmemPmdMapped:        0 kB
Node 0 FileHugePages:        0 kB
Node 0 FilePmdMapped:        0 kB
Node 0 HugePages_Total:     0
Node 0 HugePages_Free:      0
Node 0 HugePages_Surp:      0

Node 1 MemTotal:       24661580 kB
Node 1 MemFree:        24195640 kB
Node 1 MemUsed:          465940 kB
Node 1 Active:            42400 kB
Node 1 Inactive:         100368 kB
Node 1 Active(anon):      17404 kB
Node 1 Inactive(anon):      512 kB
Node 1 Active(file):      24996 kB
Node 1 Inactive(file):    99856 kB
Node 1 Unevictable:       17700 kB
Node 1 Mlocked:           17700 kB
Node 1 Dirty:               124 kB
Node 1 Writeback:             0 kB
Node 1 FilePages:        132696 kB
Node 1 Mapped:            40436 kB
Node 1 AnonPages:         27644 kB
Node 1 Shmem:               696 kB
Node 1 KernelStack:        1416 kB
Node 1 PageTables:          924 kB
Node 1 NFS_Unstable:          0 kB
Node 1 Bounce:                0 kB
Node 1 WritebackTmp:          0 kB
Node 1 KReclaimable:      26204 kB
Node 1 Slab:              68572 kB
Node 1 SReclaimable:      26204 kB
Node 1 SUnreclaim:        42368 kB
Node 1 AnonHugePages:         0 kB
Node 1 ShmemHugePages:        0 kB
Node 1 ShmemPmdMapped:        0 kB
Node 1 FileHugePages:        0 kB
Node 1 FilePmdMapped:        0 kB
Node 1 HugePages_Total:     0
Node 1 HugePages_Free:      0
Node 1 HugePages_Surp:      0

B.1.fio.8G.2.O Complete!
