B.0.huge-simpleread.250M.1.O.1M
Begin
Node 0 MemTotal:       24768352 kB
Node 0 MemFree:        24519196 kB
Node 0 MemUsed:          249156 kB
Node 0 Active:            54380 kB
Node 0 Inactive:          29436 kB
Node 0 Active(anon):      29372 kB
Node 0 Inactive(anon):      452 kB
Node 0 Active(file):      25008 kB
Node 0 Inactive(file):    28984 kB
Node 0 Unevictable:       16976 kB
Node 0 Mlocked:           16976 kB
Node 0 Dirty:                52 kB
Node 0 Writeback:             0 kB
Node 0 FilePages:         61320 kB
Node 0 Mapped:            30628 kB
Node 0 AnonPages:         39544 kB
Node 0 Shmem:               652 kB
Node 0 KernelStack:        2296 kB
Node 0 PageTables:          908 kB
Node 0 NFS_Unstable:          0 kB
Node 0 Bounce:                0 kB
Node 0 WritebackTmp:          0 kB
Node 0 KReclaimable:      22220 kB
Node 0 Slab:              64596 kB
Node 0 SReclaimable:      22220 kB
Node 0 SUnreclaim:        42376 kB
Node 0 AnonHugePages:         0 kB
Node 0 ShmemHugePages:        0 kB
Node 0 ShmemPmdMapped:        0 kB
Node 0 FileHugePages:        0 kB
Node 0 FilePmdMapped:        0 kB
Node 0 HugePages_Total:     0
Node 0 HugePages_Free:      0
Node 0 HugePages_Surp:      0

Node 1 MemTotal:       24661580 kB
Node 1 MemFree:        24290576 kB
Node 1 MemUsed:          371004 kB
Node 1 Active:            41084 kB
Node 1 Inactive:          67316 kB
Node 1 Active(anon):       4420 kB
Node 1 Inactive(anon):      424 kB
Node 1 Active(file):      36664 kB
Node 1 Inactive(file):    66892 kB
Node 1 Unevictable:        1548 kB
Node 1 Mlocked:            1548 kB
Node 1 Dirty:               492 kB
Node 1 Writeback:             0 kB
Node 1 FilePages:        105728 kB
Node 1 Mapped:            22648 kB
Node 1 AnonPages:          4252 kB
Node 1 Shmem:               616 kB
Node 1 KernelStack:        1368 kB
Node 1 PageTables:          228 kB
Node 1 NFS_Unstable:          0 kB
Node 1 Bounce:                0 kB
Node 1 WritebackTmp:          0 kB
Node 1 KReclaimable:      20040 kB
Node 1 Slab:              42940 kB
Node 1 SReclaimable:      20040 kB
Node 1 SUnreclaim:        22900 kB
Node 1 AnonHugePages:         0 kB
Node 1 ShmemHugePages:        0 kB
Node 1 ShmemPmdMapped:        0 kB
Node 1 FileHugePages:        0 kB
Node 1 FilePmdMapped:        0 kB
Node 1 HugePages_Total:     0
Node 1 HugePages_Free:      0
Node 1 HugePages_Surp:      0

Load ZFS
Node 0 MemTotal:       24768352 kB
Node 0 MemFree:        24263012 kB
Node 0 MemUsed:          505340 kB
Node 0 Active:            67888 kB
Node 0 Inactive:         128056 kB
Node 0 Active(anon):      41652 kB
Node 0 Inactive(anon):      432 kB
Node 0 Active(file):      26236 kB
Node 0 Inactive(file):   127624 kB
Node 0 Unevictable:       17188 kB
Node 0 Mlocked:           17188 kB
Node 0 Dirty:                80 kB
Node 0 Writeback:             0 kB
Node 0 FilePages:        161100 kB
Node 0 Mapped:            33284 kB
Node 0 AnonPages:         52068 kB
Node 0 Shmem:               596 kB
Node 0 KernelStack:        2536 kB
Node 0 PageTables:         1824 kB
Node 0 NFS_Unstable:          0 kB
Node 0 Bounce:                0 kB
Node 0 WritebackTmp:          0 kB
Node 0 KReclaimable:      23172 kB
Node 0 Slab:              68976 kB
Node 0 SReclaimable:      23172 kB
Node 0 SUnreclaim:        45804 kB
Node 0 AnonHugePages:         0 kB
Node 0 ShmemHugePages:        0 kB
Node 0 ShmemPmdMapped:        0 kB
Node 0 FileHugePages:        0 kB
Node 0 FilePmdMapped:        0 kB
Node 0 HugePages_Total:     0
Node 0 HugePages_Free:      0
Node 0 HugePages_Surp:      0

Node 1 MemTotal:       24661580 kB
Node 1 MemFree:        24401720 kB
Node 1 MemUsed:          259860 kB
Node 1 Active:            56228 kB
Node 1 Inactive:          72252 kB
Node 1 Active(anon):      18408 kB
Node 1 Inactive(anon):      512 kB
Node 1 Active(file):      37820 kB
Node 1 Inactive(file):    71740 kB
Node 1 Unevictable:        1548 kB
Node 1 Mlocked:            1548 kB
Node 1 Dirty:               516 kB
Node 1 Writeback:             0 kB
Node 1 FilePages:        111784 kB
Node 1 Mapped:            23968 kB
Node 1 AnonPages:         18560 kB
Node 1 Shmem:               672 kB
Node 1 KernelStack:        1860 kB
Node 1 PageTables:         1232 kB
Node 1 NFS_Unstable:          0 kB
Node 1 Bounce:                0 kB
Node 1 WritebackTmp:          0 kB
Node 1 KReclaimable:      20764 kB
Node 1 Slab:              45472 kB
Node 1 SReclaimable:      20764 kB
Node 1 SUnreclaim:        24708 kB
Node 1 AnonHugePages:         0 kB
Node 1 ShmemHugePages:        0 kB
Node 1 ShmemPmdMapped:        0 kB
Node 1 FileHugePages:        0 kB
Node 1 FilePmdMapped:        0 kB
Node 1 HugePages_Total:     0
Node 1 HugePages_Free:      0
Node 1 HugePages_Surp:      0

Import tank ZPool
Node 0 MemTotal:       24768352 kB
Node 0 MemFree:        24271168 kB
Node 0 MemUsed:          497184 kB
Node 0 Active:            56560 kB
Node 0 Inactive:         128888 kB
Node 0 Active(anon):      29652 kB
Node 0 Inactive(anon):      432 kB
Node 0 Active(file):      26908 kB
Node 0 Inactive(file):   128456 kB
Node 0 Unevictable:       17204 kB
Node 0 Mlocked:           17204 kB
Node 0 Dirty:               108 kB
Node 0 Writeback:             0 kB
Node 0 FilePages:        162604 kB
Node 0 Mapped:            30848 kB
Node 0 AnonPages:         39688 kB
Node 0 Shmem:               592 kB
Node 0 KernelStack:        2280 kB
Node 0 PageTables:          948 kB
Node 0 NFS_Unstable:          0 kB
Node 0 Bounce:                0 kB
Node 0 WritebackTmp:          0 kB
Node 0 KReclaimable:      23280 kB
Node 0 Slab:              73716 kB
Node 0 SReclaimable:      23280 kB
Node 0 SUnreclaim:        50436 kB
Node 0 AnonHugePages:         0 kB
Node 0 ShmemHugePages:        0 kB
Node 0 ShmemPmdMapped:        0 kB
Node 0 FileHugePages:        0 kB
Node 0 FilePmdMapped:        0 kB
Node 0 HugePages_Total:     0
Node 0 HugePages_Free:      0
Node 0 HugePages_Surp:      0

Node 1 MemTotal:       24661580 kB
Node 1 MemFree:        24401580 kB
Node 1 MemUsed:          260000 kB
Node 1 Active:            42280 kB
Node 1 Inactive:          71804 kB
Node 1 Active(anon):       4048 kB
Node 1 Inactive(anon):      516 kB
Node 1 Active(file):      38232 kB
Node 1 Inactive(file):    71288 kB
Node 1 Unevictable:        1548 kB
Node 1 Mlocked:            1548 kB
Node 1 Dirty:               488 kB
Node 1 Writeback:             0 kB
Node 1 FilePages:        111760 kB
Node 1 Mapped:            22732 kB
Node 1 AnonPages:          3888 kB
Node 1 Shmem:               676 kB
Node 1 KernelStack:        2488 kB
Node 1 PageTables:          228 kB
Node 1 NFS_Unstable:          0 kB
Node 1 Bounce:                0 kB
Node 1 WritebackTmp:          0 kB
Node 1 KReclaimable:      20816 kB
Node 1 Slab:              47892 kB
Node 1 SReclaimable:      20816 kB
Node 1 SUnreclaim:        27076 kB
Node 1 AnonHugePages:         0 kB
Node 1 ShmemHugePages:        0 kB
Node 1 ShmemPmdMapped:        0 kB
Node 1 FileHugePages:        0 kB
Node 1 FilePmdMapped:        0 kB
Node 1 HugePages_Total:     0
Node 1 HugePages_Free:      0
Node 1 HugePages_Surp:      0

After Test
Node 0 MemTotal:       24768352 kB
Node 0 MemFree:        23877016 kB
Node 0 MemUsed:          891336 kB
Node 0 Active:            57164 kB
Node 0 Inactive:         226292 kB
Node 0 Active(anon):      29556 kB
Node 0 Inactive(anon):      428 kB
Node 0 Active(file):      27608 kB
Node 0 Inactive(file):   225864 kB
Node 0 Unevictable:       17204 kB
Node 0 Mlocked:           17204 kB
Node 0 Dirty:                44 kB
Node 0 Writeback:             0 kB
Node 0 FilePages:        260720 kB
Node 0 Mapped:            30644 kB
Node 0 AnonPages:         40020 kB
Node 0 Shmem:               592 kB
Node 0 KernelStack:        2312 kB
Node 0 PageTables:         1076 kB
Node 0 NFS_Unstable:          0 kB
Node 0 Bounce:                0 kB
Node 0 WritebackTmp:          0 kB
Node 0 KReclaimable:      23536 kB
Node 0 Slab:              76108 kB
Node 0 SReclaimable:      23536 kB
Node 0 SUnreclaim:        52572 kB
Node 0 AnonHugePages:         0 kB
Node 0 ShmemHugePages:        0 kB
Node 0 ShmemPmdMapped:        0 kB
Node 0 FileHugePages:        0 kB
Node 0 FilePmdMapped:        0 kB
Node 0 HugePages_Total:     0
Node 0 HugePages_Free:      0
Node 0 HugePages_Surp:      0

Node 1 MemTotal:       24661580 kB
Node 1 MemFree:        24166136 kB
Node 1 MemUsed:          495444 kB
Node 1 Active:            42320 kB
Node 1 Inactive:          71780 kB
Node 1 Active(anon):       4052 kB
Node 1 Inactive(anon):      512 kB
Node 1 Active(file):      38268 kB
Node 1 Inactive(file):    71268 kB
Node 1 Unevictable:        1548 kB
Node 1 Mlocked:            1548 kB
Node 1 Dirty:               412 kB
Node 1 Writeback:             0 kB
Node 1 FilePages:        111760 kB
Node 1 Mapped:            22728 kB
Node 1 AnonPages:          3888 kB
Node 1 Shmem:               676 kB
Node 1 KernelStack:        2520 kB
Node 1 PageTables:          228 kB
Node 1 NFS_Unstable:          0 kB
Node 1 Bounce:                0 kB
Node 1 WritebackTmp:          0 kB
Node 1 KReclaimable:      20816 kB
Node 1 Slab:              48748 kB
Node 1 SReclaimable:      20816 kB
Node 1 SUnreclaim:        27932 kB
Node 1 AnonHugePages:         0 kB
Node 1 ShmemHugePages:        0 kB
Node 1 ShmemPmdMapped:        0 kB
Node 1 FileHugePages:        0 kB
Node 1 FilePmdMapped:        0 kB
Node 1 HugePages_Total:     0
Node 1 HugePages_Free:      0
Node 1 HugePages_Surp:      0

After Opposite Node
Node 0 MemTotal:       24768352 kB
Node 0 MemFree:        23876904 kB
Node 0 MemUsed:          891448 kB
Node 0 Active:            56704 kB
Node 0 Inactive:         226256 kB
Node 0 Active(anon):      29028 kB
Node 0 Inactive(anon):      428 kB
Node 0 Active(file):      27676 kB
Node 0 Inactive(file):   225828 kB
Node 0 Unevictable:       17204 kB
Node 0 Mlocked:           17204 kB
Node 0 Dirty:                88 kB
Node 0 Writeback:             0 kB
Node 0 FilePages:        260740 kB
Node 0 Mapped:            30668 kB
Node 0 AnonPages:         39432 kB
Node 0 Shmem:               592 kB
Node 0 KernelStack:        2248 kB
Node 0 PageTables:          832 kB
Node 0 NFS_Unstable:          0 kB
Node 0 Bounce:                0 kB
Node 0 WritebackTmp:          0 kB
Node 0 KReclaimable:      23536 kB
Node 0 Slab:              76072 kB
Node 0 SReclaimable:      23536 kB
Node 0 SUnreclaim:        52536 kB
Node 0 AnonHugePages:         0 kB
Node 0 ShmemHugePages:        0 kB
Node 0 ShmemPmdMapped:        0 kB
Node 0 FileHugePages:        0 kB
Node 0 FilePmdMapped:        0 kB
Node 0 HugePages_Total:     0
Node 0 HugePages_Free:      0
Node 0 HugePages_Surp:      0

Node 1 MemTotal:       24661580 kB
Node 1 MemFree:        24165664 kB
Node 1 MemUsed:          495916 kB
Node 1 Active:            42940 kB
Node 1 Inactive:          71524 kB
Node 1 Active(anon):       4408 kB
Node 1 Inactive(anon):      512 kB
Node 1 Active(file):      38532 kB
Node 1 Inactive(file):    71012 kB
Node 1 Unevictable:        1548 kB
Node 1 Mlocked:            1548 kB
Node 1 Dirty:               424 kB
Node 1 Writeback:             0 kB
Node 1 FilePages:        111768 kB
Node 1 Mapped:            22728 kB
Node 1 AnonPages:          4080 kB
Node 1 Shmem:               676 kB
Node 1 KernelStack:        2504 kB
Node 1 PageTables:          344 kB
Node 1 NFS_Unstable:          0 kB
Node 1 Bounce:                0 kB
Node 1 WritebackTmp:          0 kB
Node 1 KReclaimable:      20848 kB
Node 1 Slab:              48904 kB
Node 1 SReclaimable:      20848 kB
Node 1 SUnreclaim:        28056 kB
Node 1 AnonHugePages:         0 kB
Node 1 ShmemHugePages:        0 kB
Node 1 ShmemPmdMapped:        0 kB
Node 1 FileHugePages:        0 kB
Node 1 FilePmdMapped:        0 kB
Node 1 HugePages_Total:     0
Node 1 HugePages_Free:      0
Node 1 HugePages_Surp:      0

B.0.huge-simpleread.250M.1.O.1M Complete!
