B.0.huge-simpleread.2-1G.1.O.1M
Begin
Node 0 MemTotal:       24743736 kB
Node 0 MemFree:        24480928 kB
Node 0 MemUsed:          262808 kB
Node 0 Active:            34088 kB
Node 0 Inactive:          69472 kB
Node 0 Active(anon):      14156 kB
Node 0 Inactive(anon):      508 kB
Node 0 Active(file):      19932 kB
Node 0 Inactive(file):    68964 kB
Node 0 Unevictable:       13176 kB
Node 0 Mlocked:           13176 kB
Node 0 Dirty:                 0 kB
Node 0 Writeback:             0 kB
Node 0 FilePages:         92460 kB
Node 0 Mapped:            33560 kB
Node 0 AnonPages:         24332 kB
Node 0 Shmem:               712 kB
Node 0 KernelStack:        1896 kB
Node 0 PageTables:          628 kB
Node 0 NFS_Unstable:          0 kB
Node 0 Bounce:                0 kB
Node 0 WritebackTmp:          0 kB
Node 0 KReclaimable:      21700 kB
Node 0 Slab:              63448 kB
Node 0 SReclaimable:      21700 kB
Node 0 SUnreclaim:        41748 kB
Node 0 AnonHugePages:         0 kB
Node 0 ShmemHugePages:        0 kB
Node 0 ShmemPmdMapped:        0 kB
Node 0 FileHugePages:        0 kB
Node 0 FilePmdMapped:        0 kB
Node 0 HugePages_Total:     0
Node 0 HugePages_Free:      0
Node 0 HugePages_Surp:      0

Node 1 MemTotal:       24686196 kB
Node 1 MemFree:        24327628 kB
Node 1 MemUsed:          358568 kB
Node 1 Active:            60592 kB
Node 1 Inactive:          28060 kB
Node 1 Active(anon):      19388 kB
Node 1 Inactive(anon):      360 kB
Node 1 Active(file):      41204 kB
Node 1 Inactive(file):    27700 kB
Node 1 Unevictable:        5344 kB
Node 1 Mlocked:            5344 kB
Node 1 Dirty:                 0 kB
Node 1 Writeback:             0 kB
Node 1 FilePages:         74952 kB
Node 1 Mapped:            20496 kB
Node 1 AnonPages:         19224 kB
Node 1 Shmem:               556 kB
Node 1 KernelStack:        1720 kB
Node 1 PageTables:          452 kB
Node 1 NFS_Unstable:          0 kB
Node 1 Bounce:                0 kB
Node 1 WritebackTmp:          0 kB
Node 1 KReclaimable:      20400 kB
Node 1 Slab:              45968 kB
Node 1 SReclaimable:      20400 kB
Node 1 SUnreclaim:        25568 kB
Node 1 AnonHugePages:         0 kB
Node 1 ShmemHugePages:        0 kB
Node 1 ShmemPmdMapped:        0 kB
Node 1 FileHugePages:        0 kB
Node 1 FilePmdMapped:        0 kB
Node 1 HugePages_Total:     0
Node 1 HugePages_Free:      0
Node 1 HugePages_Surp:      0

Load ZFS
Node 0 MemTotal:       24743736 kB
Node 0 MemFree:        24248920 kB
Node 0 MemUsed:          494816 kB
Node 0 Active:            48056 kB
Node 0 Inactive:         145804 kB
Node 0 Active(anon):      27360 kB
Node 0 Inactive(anon):      448 kB
Node 0 Active(file):      20696 kB
Node 0 Inactive(file):   145356 kB
Node 0 Unevictable:       13376 kB
Node 0 Mlocked:           13376 kB
Node 0 Dirty:               400 kB
Node 0 Writeback:             0 kB
Node 0 FilePages:        169820 kB
Node 0 Mapped:            37084 kB
Node 0 AnonPages:         37592 kB
Node 0 Shmem:               628 kB
Node 0 KernelStack:        2188 kB
Node 0 PageTables:         1128 kB
Node 0 NFS_Unstable:          0 kB
Node 0 Bounce:                0 kB
Node 0 WritebackTmp:          0 kB
Node 0 KReclaimable:      22544 kB
Node 0 Slab:              67664 kB
Node 0 SReclaimable:      22544 kB
Node 0 SUnreclaim:        45120 kB
Node 0 AnonHugePages:         0 kB
Node 0 ShmemHugePages:        0 kB
Node 0 ShmemPmdMapped:        0 kB
Node 0 FileHugePages:        0 kB
Node 0 FilePmdMapped:        0 kB
Node 0 HugePages_Total:     0
Node 0 HugePages_Free:      0
Node 0 HugePages_Surp:      0

Node 1 MemTotal:       24686196 kB
Node 1 MemFree:        24415008 kB
Node 1 MemUsed:          271188 kB
Node 1 Active:            74972 kB
Node 1 Inactive:          55068 kB
Node 1 Active(anon):      31900 kB
Node 1 Inactive(anon):      492 kB
Node 1 Active(file):      43072 kB
Node 1 Inactive(file):    54576 kB
Node 1 Unevictable:        5344 kB
Node 1 Mlocked:            5344 kB
Node 1 Dirty:                44 kB
Node 1 Writeback:             0 kB
Node 1 FilePages:        103628 kB
Node 1 Mapped:            21464 kB
Node 1 AnonPages:         31704 kB
Node 1 Shmem:               640 kB
Node 1 KernelStack:        2072 kB
Node 1 PageTables:         1452 kB
Node 1 NFS_Unstable:          0 kB
Node 1 Bounce:                0 kB
Node 1 WritebackTmp:          0 kB
Node 1 KReclaimable:      21100 kB
Node 1 Slab:              49060 kB
Node 1 SReclaimable:      21100 kB
Node 1 SUnreclaim:        27960 kB
Node 1 AnonHugePages:         0 kB
Node 1 ShmemHugePages:        0 kB
Node 1 ShmemPmdMapped:        0 kB
Node 1 FileHugePages:        0 kB
Node 1 FilePmdMapped:        0 kB
Node 1 HugePages_Total:     0
Node 1 HugePages_Free:      0
Node 1 HugePages_Surp:      0

Import tank ZPool
Node 0 MemTotal:       24743736 kB
Node 0 MemFree:        24262992 kB
Node 0 MemUsed:          480744 kB
Node 0 Active:            34828 kB
Node 0 Inactive:         145364 kB
Node 0 Active(anon):      13652 kB
Node 0 Inactive(anon):      456 kB
Node 0 Active(file):      21176 kB
Node 0 Inactive(file):   144908 kB
Node 0 Unevictable:       13408 kB
Node 0 Mlocked:           13408 kB
Node 0 Dirty:               444 kB
Node 0 Writeback:             0 kB
Node 0 FilePages:        169560 kB
Node 0 Mapped:            33860 kB
Node 0 AnonPages:         24040 kB
Node 0 Shmem:               624 kB
Node 0 KernelStack:        1912 kB
Node 0 PageTables:          596 kB
Node 0 NFS_Unstable:          0 kB
Node 0 Bounce:                0 kB
Node 0 WritebackTmp:          0 kB
Node 0 KReclaimable:      22544 kB
Node 0 Slab:              67524 kB
Node 0 SReclaimable:      22544 kB
Node 0 SUnreclaim:        44980 kB
Node 0 AnonHugePages:         0 kB
Node 0 ShmemHugePages:        0 kB
Node 0 ShmemPmdMapped:        0 kB
Node 0 FileHugePages:        0 kB
Node 0 FilePmdMapped:        0 kB
Node 0 HugePages_Total:     0
Node 0 HugePages_Free:      0
Node 0 HugePages_Surp:      0

Node 1 MemTotal:       24686196 kB
Node 1 MemFree:        24407740 kB
Node 1 MemUsed:          278456 kB
Node 1 Active:            63612 kB
Node 1 Inactive:          55928 kB
Node 1 Active(anon):      19872 kB
Node 1 Inactive(anon):      496 kB
Node 1 Active(file):      43740 kB
Node 1 Inactive(file):    55432 kB
Node 1 Unevictable:        5344 kB
Node 1 Mlocked:            5344 kB
Node 1 Dirty:                52 kB
Node 1 Writeback:             0 kB
Node 1 FilePages:        105156 kB
Node 1 Mapped:            20640 kB
Node 1 AnonPages:         19588 kB
Node 1 Shmem:               644 kB
Node 1 KernelStack:        2824 kB
Node 1 PageTables:          568 kB
Node 1 NFS_Unstable:          0 kB
Node 1 Bounce:                0 kB
Node 1 WritebackTmp:          0 kB
Node 1 KReclaimable:      21224 kB
Node 1 Slab:              55644 kB
Node 1 SReclaimable:      21224 kB
Node 1 SUnreclaim:        34420 kB
Node 1 AnonHugePages:         0 kB
Node 1 ShmemHugePages:        0 kB
Node 1 ShmemPmdMapped:        0 kB
Node 1 FileHugePages:        0 kB
Node 1 FilePmdMapped:        0 kB
Node 1 HugePages_Total:     0
Node 1 HugePages_Free:      0
Node 1 HugePages_Surp:      0

After Test
Node 0 MemTotal:       24743736 kB
Node 0 MemFree:        22855920 kB
Node 0 MemUsed:         1887816 kB
Node 0 Active:            35380 kB
Node 0 Inactive:         243040 kB
Node 0 Active(anon):      13796 kB
Node 0 Inactive(anon):      452 kB
Node 0 Active(file):      21584 kB
Node 0 Inactive(file):   242588 kB
Node 0 Unevictable:       13408 kB
Node 0 Mlocked:           13408 kB
Node 0 Dirty:               468 kB
Node 0 Writeback:             0 kB
Node 0 FilePages:        267664 kB
Node 0 Mapped:            33772 kB
Node 0 AnonPages:         24352 kB
Node 0 Shmem:               624 kB
Node 0 KernelStack:        1928 kB
Node 0 PageTables:          832 kB
Node 0 NFS_Unstable:          0 kB
Node 0 Bounce:                0 kB
Node 0 WritebackTmp:          0 kB
Node 0 KReclaimable:      22780 kB
Node 0 Slab:              76384 kB
Node 0 SReclaimable:      22780 kB
Node 0 SUnreclaim:        53604 kB
Node 0 AnonHugePages:         0 kB
Node 0 ShmemHugePages:        0 kB
Node 0 ShmemPmdMapped:        0 kB
Node 0 FileHugePages:        0 kB
Node 0 FilePmdMapped:        0 kB
Node 0 HugePages_Total:     0
Node 0 HugePages_Free:      0
Node 0 HugePages_Surp:      0

Node 1 MemTotal:       24686196 kB
Node 1 MemFree:        23839164 kB
Node 1 MemUsed:          847032 kB
Node 1 Active:            63788 kB
Node 1 Inactive:          55488 kB
Node 1 Active(anon):      19580 kB
Node 1 Inactive(anon):      492 kB
Node 1 Active(file):      44208 kB
Node 1 Inactive(file):    54996 kB
Node 1 Unevictable:        5344 kB
Node 1 Mlocked:            5344 kB
Node 1 Dirty:                56 kB
Node 1 Writeback:             0 kB
Node 1 FilePages:        105188 kB
Node 1 Mapped:            20560 kB
Node 1 AnonPages:         19456 kB
Node 1 Shmem:               644 kB
Node 1 KernelStack:        2792 kB
Node 1 PageTables:          456 kB
Node 1 NFS_Unstable:          0 kB
Node 1 Bounce:                0 kB
Node 1 WritebackTmp:          0 kB
Node 1 KReclaimable:      21232 kB
Node 1 Slab:              57268 kB
Node 1 SReclaimable:      21232 kB
Node 1 SUnreclaim:        36036 kB
Node 1 AnonHugePages:         0 kB
Node 1 ShmemHugePages:        0 kB
Node 1 ShmemPmdMapped:        0 kB
Node 1 FileHugePages:        0 kB
Node 1 FilePmdMapped:        0 kB
Node 1 HugePages_Total:     0
Node 1 HugePages_Free:      0
Node 1 HugePages_Surp:      0

After Opposite Node
Node 0 MemTotal:       24743736 kB
Node 0 MemFree:        22857704 kB
Node 0 MemUsed:         1886032 kB
Node 0 Active:            35136 kB
Node 0 Inactive:         243040 kB
Node 0 Active(anon):      13532 kB
Node 0 Inactive(anon):      452 kB
Node 0 Active(file):      21604 kB
Node 0 Inactive(file):   242588 kB
Node 0 Unevictable:       13408 kB
Node 0 Mlocked:           13408 kB
Node 0 Dirty:               488 kB
Node 0 Writeback:             0 kB
Node 0 FilePages:        267668 kB
Node 0 Mapped:            33800 kB
Node 0 AnonPages:         23916 kB
Node 0 Shmem:               624 kB
Node 0 KernelStack:        1928 kB
Node 0 PageTables:          596 kB
Node 0 NFS_Unstable:          0 kB
Node 0 Bounce:                0 kB
Node 0 WritebackTmp:          0 kB
Node 0 KReclaimable:      22784 kB
Node 0 Slab:              76396 kB
Node 0 SReclaimable:      22784 kB
Node 0 SUnreclaim:        53612 kB
Node 0 AnonHugePages:         0 kB
Node 0 ShmemHugePages:        0 kB
Node 0 ShmemPmdMapped:        0 kB
Node 0 FileHugePages:        0 kB
Node 0 FilePmdMapped:        0 kB
Node 0 HugePages_Total:     0
Node 0 HugePages_Free:      0
Node 0 HugePages_Surp:      0

Node 1 MemTotal:       24686196 kB
Node 1 MemFree:        23837424 kB
Node 1 MemUsed:          848772 kB
Node 1 Active:            64352 kB
Node 1 Inactive:          55248 kB
Node 1 Active(anon):      19884 kB
Node 1 Inactive(anon):      492 kB
Node 1 Active(file):      44468 kB
Node 1 Inactive(file):    54756 kB
Node 1 Unevictable:        5344 kB
Node 1 Mlocked:            5344 kB
Node 1 Dirty:                72 kB
Node 1 Writeback:             0 kB
Node 1 FilePages:        105208 kB
Node 1 Mapped:            20544 kB
Node 1 AnonPages:         19908 kB
Node 1 Shmem:               644 kB
Node 1 KernelStack:        2792 kB
Node 1 PageTables:          700 kB
Node 1 NFS_Unstable:          0 kB
Node 1 Bounce:                0 kB
Node 1 WritebackTmp:          0 kB
Node 1 KReclaimable:      21264 kB
Node 1 Slab:              57380 kB
Node 1 SReclaimable:      21264 kB
Node 1 SUnreclaim:        36116 kB
Node 1 AnonHugePages:         0 kB
Node 1 ShmemHugePages:        0 kB
Node 1 ShmemPmdMapped:        0 kB
Node 1 FileHugePages:        0 kB
Node 1 FilePmdMapped:        0 kB
Node 1 HugePages_Total:     0
Node 1 HugePages_Free:      0
Node 1 HugePages_Surp:      0

B.0.huge-simpleread.2-1G.1.O.1M Complete!
