B.1.huge-simpleread.2-1G.2.O.1M
Begin
Node 0 MemTotal:       24743736 kB
Node 0 MemFree:        24518352 kB
Node 0 MemUsed:          225384 kB
Node 0 Active:            39436 kB
Node 0 Inactive:          35148 kB
Node 0 Active(anon):      19216 kB
Node 0 Inactive(anon):      424 kB
Node 0 Active(file):      20220 kB
Node 0 Inactive(file):    34724 kB
Node 0 Unevictable:       13668 kB
Node 0 Mlocked:           13668 kB
Node 0 Dirty:               312 kB
Node 0 Writeback:             0 kB
Node 0 FilePages:         59044 kB
Node 0 Mapped:            21752 kB
Node 0 AnonPages:         29432 kB
Node 0 Shmem:               608 kB
Node 0 KernelStack:        2008 kB
Node 0 PageTables:          624 kB
Node 0 NFS_Unstable:          0 kB
Node 0 Bounce:                0 kB
Node 0 WritebackTmp:          0 kB
Node 0 KReclaimable:      22684 kB
Node 0 Slab:              51464 kB
Node 0 SReclaimable:      22684 kB
Node 0 SUnreclaim:        28780 kB
Node 0 AnonHugePages:         0 kB
Node 0 ShmemHugePages:        0 kB
Node 0 ShmemPmdMapped:        0 kB
Node 0 FileHugePages:        0 kB
Node 0 FilePmdMapped:        0 kB
Node 0 HugePages_Total:     0
Node 0 HugePages_Free:      0
Node 0 HugePages_Surp:      0

Node 1 MemTotal:       24686196 kB
Node 1 MemFree:        24264000 kB
Node 1 MemUsed:          422196 kB
Node 1 Active:            57312 kB
Node 1 Inactive:          87228 kB
Node 1 Active(anon):      14436 kB
Node 1 Inactive(anon):      460 kB
Node 1 Active(file):      42876 kB
Node 1 Inactive(file):    86768 kB
Node 1 Unevictable:        4856 kB
Node 1 Mlocked:            4856 kB
Node 1 Dirty:               216 kB
Node 1 Writeback:             0 kB
Node 1 FilePages:        135160 kB
Node 1 Mapped:            52516 kB
Node 1 AnonPages:         14268 kB
Node 1 Shmem:               660 kB
Node 1 KernelStack:        1608 kB
Node 1 PageTables:          576 kB
Node 1 NFS_Unstable:          0 kB
Node 1 Bounce:                0 kB
Node 1 WritebackTmp:          0 kB
Node 1 KReclaimable:      19624 kB
Node 1 Slab:              55648 kB
Node 1 SReclaimable:      19624 kB
Node 1 SUnreclaim:        36024 kB
Node 1 AnonHugePages:         0 kB
Node 1 ShmemHugePages:        0 kB
Node 1 ShmemPmdMapped:        0 kB
Node 1 FileHugePages:        0 kB
Node 1 FilePmdMapped:        0 kB
Node 1 HugePages_Total:     0
Node 1 HugePages_Free:      0
Node 1 HugePages_Surp:      0

Load ZFS
Node 0 MemTotal:       24743736 kB
Node 0 MemFree:        24446896 kB
Node 0 MemUsed:          296840 kB
Node 0 Active:            52068 kB
Node 0 Inactive:          86744 kB
Node 0 Active(anon):      30348 kB
Node 0 Inactive(anon):      408 kB
Node 0 Active(file):      21720 kB
Node 0 Inactive(file):    86336 kB
Node 0 Unevictable:       13880 kB
Node 0 Mlocked:           13880 kB
Node 0 Dirty:               156 kB
Node 0 Writeback:             0 kB
Node 0 FilePages:        111980 kB
Node 0 Mapped:            22848 kB
Node 0 AnonPages:         40428 kB
Node 0 Shmem:               584 kB
Node 0 KernelStack:        2088 kB
Node 0 PageTables:         1100 kB
Node 0 NFS_Unstable:          0 kB
Node 0 Bounce:                0 kB
Node 0 WritebackTmp:          0 kB
Node 0 KReclaimable:      23596 kB
Node 0 Slab:              54816 kB
Node 0 SReclaimable:      23596 kB
Node 0 SUnreclaim:        31220 kB
Node 0 AnonHugePages:         0 kB
Node 0 ShmemHugePages:        0 kB
Node 0 ShmemPmdMapped:        0 kB
Node 0 FileHugePages:        0 kB
Node 0 FilePmdMapped:        0 kB
Node 0 HugePages_Total:     0
Node 0 HugePages_Free:      0
Node 0 HugePages_Surp:      0

Node 1 MemTotal:       24686196 kB
Node 1 MemFree:        24190024 kB
Node 1 MemUsed:          496172 kB
Node 1 Active:            73664 kB
Node 1 Inactive:         138996 kB
Node 1 Active(anon):      29632 kB
Node 1 Inactive(anon):      540 kB
Node 1 Active(file):      44032 kB
Node 1 Inactive(file):   138456 kB
Node 1 Unevictable:        4856 kB
Node 1 Mlocked:            4856 kB
Node 1 Dirty:               528 kB
Node 1 Writeback:             0 kB
Node 1 FilePages:        188024 kB
Node 1 Mapped:            55684 kB
Node 1 AnonPages:         29680 kB
Node 1 Shmem:               684 kB
Node 1 KernelStack:        2116 kB
Node 1 PageTables:         1688 kB
Node 1 NFS_Unstable:          0 kB
Node 1 Bounce:                0 kB
Node 1 WritebackTmp:          0 kB
Node 1 KReclaimable:      20644 kB
Node 1 Slab:              59456 kB
Node 1 SReclaimable:      20644 kB
Node 1 SUnreclaim:        38812 kB
Node 1 AnonHugePages:         0 kB
Node 1 ShmemHugePages:        0 kB
Node 1 ShmemPmdMapped:        0 kB
Node 1 FileHugePages:        0 kB
Node 1 FilePmdMapped:        0 kB
Node 1 HugePages_Total:     0
Node 1 HugePages_Free:      0
Node 1 HugePages_Surp:      0

Import tank ZPool
Node 0 MemTotal:       24743736 kB
Node 0 MemFree:        24441312 kB
Node 0 MemUsed:          302424 kB
Node 0 Active:            52404 kB
Node 0 Inactive:          87932 kB
Node 0 Active(anon):      30352 kB
Node 0 Inactive(anon):      412 kB
Node 0 Active(file):      22052 kB
Node 0 Inactive(file):    87520 kB
Node 0 Unevictable:       13896 kB
Node 0 Mlocked:           13896 kB
Node 0 Dirty:                24 kB
Node 0 Writeback:             0 kB
Node 0 FilePages:        113500 kB
Node 0 Mapped:            23212 kB
Node 0 AnonPages:         40376 kB
Node 0 Shmem:               584 kB
Node 0 KernelStack:        2072 kB
Node 0 PageTables:         1152 kB
Node 0 NFS_Unstable:          0 kB
Node 0 Bounce:                0 kB
Node 0 WritebackTmp:          0 kB
Node 0 KReclaimable:      23720 kB
Node 0 Slab:              59704 kB
Node 0 SReclaimable:      23720 kB
Node 0 SUnreclaim:        35984 kB
Node 0 AnonHugePages:         0 kB
Node 0 ShmemHugePages:        0 kB
Node 0 ShmemPmdMapped:        0 kB
Node 0 FileHugePages:        0 kB
Node 0 FilePmdMapped:        0 kB
Node 0 HugePages_Total:     0
Node 0 HugePages_Free:      0
Node 0 HugePages_Surp:      0

Node 1 MemTotal:       24686196 kB
Node 1 MemFree:        24177228 kB
Node 1 MemUsed:          508968 kB
Node 1 Active:            73276 kB
Node 1 Inactive:         139052 kB
Node 1 Active(anon):      29220 kB
Node 1 Inactive(anon):      540 kB
Node 1 Active(file):      44056 kB
Node 1 Inactive(file):   138512 kB
Node 1 Unevictable:        4856 kB
Node 1 Mlocked:            4856 kB
Node 1 Dirty:               136 kB
Node 1 Writeback:             0 kB
Node 1 FilePages:        188120 kB
Node 1 Mapped:            55440 kB
Node 1 AnonPages:         29080 kB
Node 1 Shmem:               684 kB
Node 1 KernelStack:        3144 kB
Node 1 PageTables:         1648 kB
Node 1 NFS_Unstable:          0 kB
Node 1 Bounce:                0 kB
Node 1 WritebackTmp:          0 kB
Node 1 KReclaimable:      20648 kB
Node 1 Slab:              61640 kB
Node 1 SReclaimable:      20648 kB
Node 1 SUnreclaim:        40992 kB
Node 1 AnonHugePages:         0 kB
Node 1 ShmemHugePages:        0 kB
Node 1 ShmemPmdMapped:        0 kB
Node 1 FileHugePages:        0 kB
Node 1 FilePmdMapped:        0 kB
Node 1 HugePages_Total:     0
Node 1 HugePages_Free:      0
Node 1 HugePages_Surp:      0

After Test
Node 0 MemTotal:       24743736 kB
Node 0 MemFree:        23797100 kB
Node 0 MemUsed:          946636 kB
Node 0 Active:            42204 kB
Node 0 Inactive:          87196 kB
Node 0 Active(anon):      19380 kB
Node 0 Inactive(anon):      412 kB
Node 0 Active(file):      22824 kB
Node 0 Inactive(file):    86784 kB
Node 0 Unevictable:       13896 kB
Node 0 Mlocked:           13896 kB
Node 0 Dirty:                32 kB
Node 0 Writeback:             0 kB
Node 0 FilePages:        113532 kB
Node 0 Mapped:            22128 kB
Node 0 AnonPages:         29764 kB
Node 0 Shmem:               584 kB
Node 0 KernelStack:        1944 kB
Node 0 PageTables:          572 kB
Node 0 NFS_Unstable:          0 kB
Node 0 Bounce:                0 kB
Node 0 WritebackTmp:          0 kB
Node 0 KReclaimable:      23728 kB
Node 0 Slab:              61636 kB
Node 0 SReclaimable:      23728 kB
Node 0 SUnreclaim:        37908 kB
Node 0 AnonHugePages:         0 kB
Node 0 ShmemHugePages:        0 kB
Node 0 ShmemPmdMapped:        0 kB
Node 0 FileHugePages:        0 kB
Node 0 FilePmdMapped:        0 kB
Node 0 HugePages_Total:     0
Node 0 HugePages_Free:      0
Node 0 HugePages_Surp:      0

Node 1 MemTotal:       24686196 kB
Node 1 MemFree:        22971324 kB
Node 1 MemUsed:         1714872 kB
Node 1 Active:            59020 kB
Node 1 Inactive:         138720 kB
Node 1 Active(anon):      14180 kB
Node 1 Inactive(anon):      532 kB
Node 1 Active(file):      44840 kB
Node 1 Inactive(file):   138188 kB
Node 1 Unevictable:        4856 kB
Node 1 Mlocked:            4856 kB
Node 1 Dirty:               172 kB
Node 1 Writeback:             0 kB
Node 1 FilePages:        188564 kB
Node 1 Mapped:            52796 kB
Node 1 AnonPages:         14048 kB
Node 1 Shmem:               684 kB
Node 1 KernelStack:        2792 kB
Node 1 PageTables:          632 kB
Node 1 NFS_Unstable:          0 kB
Node 1 Bounce:                0 kB
Node 1 WritebackTmp:          0 kB
Node 1 KReclaimable:      20780 kB
Node 1 Slab:              70148 kB
Node 1 SReclaimable:      20780 kB
Node 1 SUnreclaim:        49368 kB
Node 1 AnonHugePages:         0 kB
Node 1 ShmemHugePages:        0 kB
Node 1 ShmemPmdMapped:        0 kB
Node 1 FileHugePages:        0 kB
Node 1 FilePmdMapped:        0 kB
Node 1 HugePages_Total:     0
Node 1 HugePages_Free:      0
Node 1 HugePages_Surp:      0

After Opposite Node
Node 0 MemTotal:       24743736 kB
Node 0 MemFree:        23795412 kB
Node 0 MemUsed:          948324 kB
Node 0 Active:            42688 kB
Node 0 Inactive:          86924 kB
Node 0 Active(anon):      19584 kB
Node 0 Inactive(anon):      412 kB
Node 0 Active(file):      23104 kB
Node 0 Inactive(file):    86512 kB
Node 0 Unevictable:       13896 kB
Node 0 Mlocked:           13896 kB
Node 0 Dirty:                36 kB
Node 0 Writeback:             0 kB
Node 0 FilePages:        113540 kB
Node 0 Mapped:            21892 kB
Node 0 AnonPages:         29700 kB
Node 0 Shmem:               584 kB
Node 0 KernelStack:        1960 kB
Node 0 PageTables:          656 kB
Node 0 NFS_Unstable:          0 kB
Node 0 Bounce:                0 kB
Node 0 WritebackTmp:          0 kB
Node 0 KReclaimable:      23760 kB
Node 0 Slab:              61836 kB
Node 0 SReclaimable:      23760 kB
Node 0 SUnreclaim:        38076 kB
Node 0 AnonHugePages:         0 kB
Node 0 ShmemHugePages:        0 kB
Node 0 ShmemPmdMapped:        0 kB
Node 0 FileHugePages:        0 kB
Node 0 FilePmdMapped:        0 kB
Node 0 HugePages_Total:     0
Node 0 HugePages_Free:      0
Node 0 HugePages_Surp:      0

Node 1 MemTotal:       24686196 kB
Node 1 MemFree:        22971172 kB
Node 1 MemUsed:         1715024 kB
Node 1 Active:            59064 kB
Node 1 Inactive:         138832 kB
Node 1 Active(anon):      14220 kB
Node 1 Inactive(anon):      532 kB
Node 1 Active(file):      44844 kB
Node 1 Inactive(file):   138300 kB
Node 1 Unevictable:        4856 kB
Node 1 Mlocked:            4856 kB
Node 1 Dirty:               200 kB
Node 1 Writeback:             0 kB
Node 1 FilePages:        188680 kB
Node 1 Mapped:            52812 kB
Node 1 AnonPages:         14068 kB
Node 1 Shmem:               684 kB
Node 1 KernelStack:        2728 kB
Node 1 PageTables:          576 kB
Node 1 NFS_Unstable:          0 kB
Node 1 Bounce:                0 kB
Node 1 WritebackTmp:          0 kB
Node 1 KReclaimable:      20832 kB
Node 1 Slab:              70192 kB
Node 1 SReclaimable:      20832 kB
Node 1 SUnreclaim:        49360 kB
Node 1 AnonHugePages:         0 kB
Node 1 ShmemHugePages:        0 kB
Node 1 ShmemPmdMapped:        0 kB
Node 1 FileHugePages:        0 kB
Node 1 FilePmdMapped:        0 kB
Node 1 HugePages_Total:     0
Node 1 HugePages_Free:      0
Node 1 HugePages_Surp:      0

B.1.huge-simpleread.2-1G.2.O.1M Complete!
