B.1.huge-simpleread.250M.2.O.1M
Begin
Node 0 MemTotal:       24743736 kB
Node 0 MemFree:        24558976 kB
Node 0 MemUsed:          184760 kB
Node 0 Active:            31924 kB
Node 0 Inactive:          17512 kB
Node 0 Active(anon):      16720 kB
Node 0 Inactive(anon):      464 kB
Node 0 Active(file):      15204 kB
Node 0 Inactive(file):    17048 kB
Node 0 Unevictable:        1368 kB
Node 0 Mlocked:            1368 kB
Node 0 Dirty:                36 kB
Node 0 Writeback:             0 kB
Node 0 FilePages:         34424 kB
Node 0 Mapped:             4692 kB
Node 0 AnonPages:         16628 kB
Node 0 Shmem:               660 kB
Node 0 KernelStack:        2104 kB
Node 0 PageTables:          272 kB
Node 0 NFS_Unstable:          0 kB
Node 0 Bounce:                0 kB
Node 0 WritebackTmp:          0 kB
Node 0 KReclaimable:      19028 kB
Node 0 Slab:              47680 kB
Node 0 SReclaimable:      19028 kB
Node 0 SUnreclaim:        28652 kB
Node 0 AnonHugePages:         0 kB
Node 0 ShmemHugePages:        0 kB
Node 0 ShmemPmdMapped:        0 kB
Node 0 FileHugePages:        0 kB
Node 0 FilePmdMapped:        0 kB
Node 0 HugePages_Total:     0
Node 0 HugePages_Free:      0
Node 0 HugePages_Surp:      0

Node 1 MemTotal:       24686196 kB
Node 1 MemFree:        24268772 kB
Node 1 MemUsed:          417424 kB
Node 1 Active:            62456 kB
Node 1 Inactive:          63576 kB
Node 1 Active(anon):      16652 kB
Node 1 Inactive(anon):      404 kB
Node 1 Active(file):      45804 kB
Node 1 Inactive(file):    63172 kB
Node 1 Unevictable:       17152 kB
Node 1 Mlocked:           17152 kB
Node 1 Dirty:               468 kB
Node 1 Writeback:             0 kB
Node 1 FilePages:        116412 kB
Node 1 Mapped:            37356 kB
Node 1 AnonPages:         26796 kB
Node 1 Shmem:               608 kB
Node 1 KernelStack:        1512 kB
Node 1 PageTables:          716 kB
Node 1 NFS_Unstable:          0 kB
Node 1 Bounce:                0 kB
Node 1 WritebackTmp:          0 kB
Node 1 KReclaimable:      22468 kB
Node 1 Slab:              57940 kB
Node 1 SReclaimable:      22468 kB
Node 1 SUnreclaim:        35472 kB
Node 1 AnonHugePages:         0 kB
Node 1 ShmemHugePages:        0 kB
Node 1 ShmemPmdMapped:        0 kB
Node 1 FileHugePages:        0 kB
Node 1 FilePmdMapped:        0 kB
Node 1 HugePages_Total:     0
Node 1 HugePages_Free:      0
Node 1 HugePages_Surp:      0

Load ZFS
Node 0 MemTotal:       24743736 kB
Node 0 MemFree:        24513664 kB
Node 0 MemUsed:          230072 kB
Node 0 Active:            50168 kB
Node 0 Inactive:          37148 kB
Node 0 Active(anon):      33396 kB
Node 0 Inactive(anon):      464 kB
Node 0 Active(file):      16772 kB
Node 0 Inactive(file):    36684 kB
Node 0 Unevictable:        1368 kB
Node 0 Mlocked:            1368 kB
Node 0 Dirty:                48 kB
Node 0 Writeback:             0 kB
Node 0 FilePages:         55400 kB
Node 0 Mapped:             7844 kB
Node 0 AnonPages:         33428 kB
Node 0 Shmem:               580 kB
Node 0 KernelStack:        2296 kB
Node 0 PageTables:         1484 kB
Node 0 NFS_Unstable:          0 kB
Node 0 Bounce:                0 kB
Node 0 WritebackTmp:          0 kB
Node 0 KReclaimable:      19720 kB
Node 0 Slab:              51048 kB
Node 0 SReclaimable:      19720 kB
Node 0 SUnreclaim:        31328 kB
Node 0 AnonHugePages:         0 kB
Node 0 ShmemHugePages:        0 kB
Node 0 ShmemPmdMapped:        0 kB
Node 0 FileHugePages:        0 kB
Node 0 FilePmdMapped:        0 kB
Node 0 HugePages_Total:     0
Node 0 HugePages_Free:      0
Node 0 HugePages_Surp:      0

Node 1 MemTotal:       24686196 kB
Node 1 MemFree:        24170464 kB
Node 1 MemUsed:          515732 kB
Node 1 Active:            72968 kB
Node 1 Inactive:         147372 kB
Node 1 Active(anon):      26148 kB
Node 1 Inactive(anon):      480 kB
Node 1 Active(file):      46820 kB
Node 1 Inactive(file):   146892 kB
Node 1 Unevictable:       17364 kB
Node 1 Mlocked:           17364 kB
Node 1 Dirty:               324 kB
Node 1 Writeback:             0 kB
Node 1 FilePages:        201228 kB
Node 1 Mapped:            38344 kB
Node 1 AnonPages:         36232 kB
Node 1 Shmem:               688 kB
Node 1 KernelStack:        1988 kB
Node 1 PageTables:         1684 kB
Node 1 NFS_Unstable:          0 kB
Node 1 Bounce:                0 kB
Node 1 WritebackTmp:          0 kB
Node 1 KReclaimable:      23380 kB
Node 1 Slab:              61808 kB
Node 1 SReclaimable:      23380 kB
Node 1 SUnreclaim:        38428 kB
Node 1 AnonHugePages:         0 kB
Node 1 ShmemHugePages:        0 kB
Node 1 ShmemPmdMapped:        0 kB
Node 1 FileHugePages:        0 kB
Node 1 FilePmdMapped:        0 kB
Node 1 HugePages_Total:     0
Node 1 HugePages_Free:      0
Node 1 HugePages_Surp:      0

Import tank ZPool
Node 0 MemTotal:       24743736 kB
Node 0 MemFree:        24518700 kB
Node 0 MemUsed:          225036 kB
Node 0 Active:            33692 kB
Node 0 Inactive:          37536 kB
Node 0 Active(anon):      16636 kB
Node 0 Inactive(anon):      464 kB
Node 0 Active(file):      17056 kB
Node 0 Inactive(file):    37072 kB
Node 0 Unevictable:        1368 kB
Node 0 Mlocked:            1368 kB
Node 0 Dirty:                52 kB
Node 0 Writeback:             0 kB
Node 0 FilePages:         56068 kB
Node 0 Mapped:             4920 kB
Node 0 AnonPages:         16436 kB
Node 0 Shmem:               576 kB
Node 0 KernelStack:        2008 kB
Node 0 PageTables:          480 kB
Node 0 NFS_Unstable:          0 kB
Node 0 Bounce:                0 kB
Node 0 WritebackTmp:          0 kB
Node 0 KReclaimable:      19736 kB
Node 0 Slab:              51616 kB
Node 0 SReclaimable:      19736 kB
Node 0 SUnreclaim:        31880 kB
Node 0 AnonHugePages:         0 kB
Node 0 ShmemHugePages:        0 kB
Node 0 ShmemPmdMapped:        0 kB
Node 0 FileHugePages:        0 kB
Node 0 FilePmdMapped:        0 kB
Node 0 HugePages_Total:     0
Node 0 HugePages_Free:      0
Node 0 HugePages_Surp:      0

Node 1 MemTotal:       24686196 kB
Node 1 MemFree:        24172212 kB
Node 1 MemUsed:          513984 kB
Node 1 Active:            65168 kB
Node 1 Inactive:         147624 kB
Node 1 Active(anon):      17748 kB
Node 1 Inactive(anon):      484 kB
Node 1 Active(file):      47420 kB
Node 1 Inactive(file):   147140 kB
Node 1 Unevictable:       17380 kB
Node 1 Mlocked:           17380 kB
Node 1 Dirty:               344 kB
Node 1 Writeback:             0 kB
Node 1 FilePages:        202084 kB
Node 1 Mapped:            37548 kB
Node 1 AnonPages:         27636 kB
Node 1 Shmem:               692 kB
Node 1 KernelStack:        2840 kB
Node 1 PageTables:          864 kB
Node 1 NFS_Unstable:          0 kB
Node 1 Bounce:                0 kB
Node 1 WritebackTmp:          0 kB
Node 1 KReclaimable:      23504 kB
Node 1 Slab:              67704 kB
Node 1 SReclaimable:      23504 kB
Node 1 SUnreclaim:        44200 kB
Node 1 AnonHugePages:         0 kB
Node 1 ShmemHugePages:        0 kB
Node 1 ShmemPmdMapped:        0 kB
Node 1 FileHugePages:        0 kB
Node 1 FilePmdMapped:        0 kB
Node 1 HugePages_Total:     0
Node 1 HugePages_Free:      0
Node 1 HugePages_Surp:      0

After Test
Node 0 MemTotal:       24743736 kB
Node 0 MemFree:        24437216 kB
Node 0 MemUsed:          306520 kB
Node 0 Active:            34528 kB
Node 0 Inactive:          37244 kB
Node 0 Active(anon):      17116 kB
Node 0 Inactive(anon):      464 kB
Node 0 Active(file):      17412 kB
Node 0 Inactive(file):    36780 kB
Node 0 Unevictable:        1368 kB
Node 0 Mlocked:            1368 kB
Node 0 Dirty:                76 kB
Node 0 Writeback:             0 kB
Node 0 FilePages:         56132 kB
Node 0 Mapped:             4772 kB
Node 0 AnonPages:         17104 kB
Node 0 Shmem:               576 kB
Node 0 KernelStack:        2040 kB
Node 0 PageTables:          376 kB
Node 0 NFS_Unstable:          0 kB
Node 0 Bounce:                0 kB
Node 0 WritebackTmp:          0 kB
Node 0 KReclaimable:      19740 kB
Node 0 Slab:              51776 kB
Node 0 SReclaimable:      19740 kB
Node 0 SUnreclaim:        32036 kB
Node 0 AnonHugePages:         0 kB
Node 0 ShmemHugePages:        0 kB
Node 0 ShmemPmdMapped:        0 kB
Node 0 FileHugePages:        0 kB
Node 0 FilePmdMapped:        0 kB
Node 0 HugePages_Total:     0
Node 0 HugePages_Free:      0
Node 0 HugePages_Surp:      0

Node 1 MemTotal:       24686196 kB
Node 1 MemFree:        23720120 kB
Node 1 MemUsed:          966076 kB
Node 1 Active:            65140 kB
Node 1 Inactive:         147580 kB
Node 1 Active(anon):      17256 kB
Node 1 Inactive(anon):      476 kB
Node 1 Active(file):      47884 kB
Node 1 Inactive(file):   147104 kB
Node 1 Unevictable:       17380 kB
Node 1 Mlocked:           17380 kB
Node 1 Dirty:               384 kB
Node 1 Writeback:             0 kB
Node 1 FilePages:        202512 kB
Node 1 Mapped:            37372 kB
Node 1 AnonPages:         27600 kB
Node 1 Shmem:               692 kB
Node 1 KernelStack:        2776 kB
Node 1 PageTables:          780 kB
Node 1 NFS_Unstable:          0 kB
Node 1 Bounce:                0 kB
Node 1 WritebackTmp:          0 kB
Node 1 KReclaimable:      23540 kB
Node 1 Slab:              70684 kB
Node 1 SReclaimable:      23540 kB
Node 1 SUnreclaim:        47144 kB
Node 1 AnonHugePages:         0 kB
Node 1 ShmemHugePages:        0 kB
Node 1 ShmemPmdMapped:        0 kB
Node 1 FileHugePages:        0 kB
Node 1 FilePmdMapped:        0 kB
Node 1 HugePages_Total:     0
Node 1 HugePages_Free:      0
Node 1 HugePages_Surp:      0

After Opposite Node
Node 0 MemTotal:       24743736 kB
Node 0 MemFree:        24437160 kB
Node 0 MemUsed:          306576 kB
Node 0 Active:            35000 kB
Node 0 Inactive:          37064 kB
Node 0 Active(anon):      17408 kB
Node 0 Inactive(anon):      464 kB
Node 0 Active(file):      17592 kB
Node 0 Inactive(file):    36600 kB
Node 0 Unevictable:        1368 kB
Node 0 Mlocked:            1368 kB
Node 0 Dirty:                76 kB
Node 0 Writeback:             0 kB
Node 0 FilePages:         56132 kB
Node 0 Mapped:             4708 kB
Node 0 AnonPages:         17112 kB
Node 0 Shmem:               576 kB
Node 0 KernelStack:        2008 kB
Node 0 PageTables:          376 kB
Node 0 NFS_Unstable:          0 kB
Node 0 Bounce:                0 kB
Node 0 WritebackTmp:          0 kB
Node 0 KReclaimable:      19740 kB
Node 0 Slab:              51776 kB
Node 0 SReclaimable:      19740 kB
Node 0 SUnreclaim:        32036 kB
Node 0 AnonHugePages:         0 kB
Node 0 ShmemHugePages:        0 kB
Node 0 ShmemPmdMapped:        0 kB
Node 0 FileHugePages:        0 kB
Node 0 FilePmdMapped:        0 kB
Node 0 HugePages_Total:     0
Node 0 HugePages_Free:      0
Node 0 HugePages_Surp:      0

Node 1 MemTotal:       24686196 kB
Node 1 MemFree:        23720372 kB
Node 1 MemUsed:          965824 kB
Node 1 Active:            64840 kB
Node 1 Inactive:         147576 kB
Node 1 Active(anon):      16948 kB
Node 1 Inactive(anon):      476 kB
Node 1 Active(file):      47892 kB
Node 1 Inactive(file):   147100 kB
Node 1 Unevictable:       17380 kB
Node 1 Mlocked:           17380 kB
Node 1 Dirty:               388 kB
Node 1 Writeback:             0 kB
Node 1 FilePages:        202516 kB
Node 1 Mapped:            37372 kB
Node 1 AnonPages:         27284 kB
Node 1 Shmem:               692 kB
Node 1 KernelStack:        2760 kB
Node 1 PageTables:          720 kB
Node 1 NFS_Unstable:          0 kB
Node 1 Bounce:                0 kB
Node 1 WritebackTmp:          0 kB
Node 1 KReclaimable:      23540 kB
Node 1 Slab:              70684 kB
Node 1 SReclaimable:      23540 kB
Node 1 SUnreclaim:        47144 kB
Node 1 AnonHugePages:         0 kB
Node 1 ShmemHugePages:        0 kB
Node 1 ShmemPmdMapped:        0 kB
Node 1 FileHugePages:        0 kB
Node 1 FilePmdMapped:        0 kB
Node 1 HugePages_Total:     0
Node 1 HugePages_Free:      0
Node 1 HugePages_Surp:      0

B.1.huge-simpleread.250M.2.O.1M Complete!
