B.1.huge-simpleread.500M.2.O.1M
Begin
Node 0 MemTotal:       24743736 kB
Node 0 MemFree:        24365948 kB
Node 0 MemUsed:          377788 kB
Node 0 Active:            43448 kB
Node 0 Inactive:          60356 kB
Node 0 Active(anon):      15836 kB
Node 0 Inactive(anon):      468 kB
Node 0 Active(file):      27612 kB
Node 0 Inactive(file):    59888 kB
Node 0 Unevictable:        4456 kB
Node 0 Mlocked:            4456 kB
Node 0 Dirty:               288 kB
Node 0 Writeback:             0 kB
Node 0 FilePages:         92628 kB
Node 0 Mapped:            53608 kB
Node 0 AnonPages:         15724 kB
Node 0 Shmem:               672 kB
Node 0 KernelStack:        1848 kB
Node 0 PageTables:          540 kB
Node 0 NFS_Unstable:          0 kB
Node 0 Bounce:                0 kB
Node 0 WritebackTmp:          0 kB
Node 0 KReclaimable:      24704 kB
Node 0 Slab:              52352 kB
Node 0 SReclaimable:      24704 kB
Node 0 SUnreclaim:        27648 kB
Node 0 AnonHugePages:         0 kB
Node 0 ShmemHugePages:        0 kB
Node 0 ShmemPmdMapped:        0 kB
Node 0 FileHugePages:        0 kB
Node 0 FilePmdMapped:        0 kB
Node 0 HugePages_Total:     0
Node 0 HugePages_Free:      0
Node 0 HugePages_Surp:      0

Node 1 MemTotal:       24686196 kB
Node 1 MemFree:        24427908 kB
Node 1 MemUsed:          258288 kB
Node 1 Active:            53168 kB
Node 1 Inactive:          56620 kB
Node 1 Active(anon):      17492 kB
Node 1 Inactive(anon):      400 kB
Node 1 Active(file):      35676 kB
Node 1 Inactive(file):    56220 kB
Node 1 Unevictable:       14064 kB
Node 1 Mlocked:           14064 kB
Node 1 Dirty:                36 kB
Node 1 Writeback:             0 kB
Node 1 FilePages:         96388 kB
Node 1 Mapped:            18244 kB
Node 1 AnonPages:         27628 kB
Node 1 Shmem:               596 kB
Node 1 KernelStack:        1752 kB
Node 1 PageTables:          544 kB
Node 1 NFS_Unstable:          0 kB
Node 1 Bounce:                0 kB
Node 1 WritebackTmp:          0 kB
Node 1 KReclaimable:      16652 kB
Node 1 Slab:              52716 kB
Node 1 SReclaimable:      16652 kB
Node 1 SUnreclaim:        36064 kB
Node 1 AnonHugePages:         0 kB
Node 1 ShmemHugePages:        0 kB
Node 1 ShmemPmdMapped:        0 kB
Node 1 FileHugePages:        0 kB
Node 1 FilePmdMapped:        0 kB
Node 1 HugePages_Total:     0
Node 1 HugePages_Free:      0
Node 1 HugePages_Surp:      0

Load ZFS
Node 0 MemTotal:       24743736 kB
Node 0 MemFree:        24475064 kB
Node 0 MemUsed:          268672 kB
Node 0 Active:            59404 kB
Node 0 Inactive:          59940 kB
Node 0 Active(anon):      31516 kB
Node 0 Inactive(anon):      140 kB
Node 0 Active(file):      27888 kB
Node 0 Inactive(file):    59800 kB
Node 0 Unevictable:        4456 kB
Node 0 Mlocked:            4456 kB
Node 0 Dirty:               496 kB
Node 0 Writeback:             0 kB
Node 0 FilePages:         93844 kB
Node 0 Mapped:            56108 kB
Node 0 AnonPages:         30892 kB
Node 0 Shmem:               692 kB
Node 0 KernelStack:        2332 kB
Node 0 PageTables:         2360 kB
Node 0 NFS_Unstable:          0 kB
Node 0 Bounce:                0 kB
Node 0 WritebackTmp:          0 kB
Node 0 KReclaimable:      25308 kB
Node 0 Slab:              55652 kB
Node 0 SReclaimable:      25308 kB
Node 0 SUnreclaim:        30344 kB
Node 0 AnonHugePages:         0 kB
Node 0 ShmemHugePages:        0 kB
Node 0 ShmemPmdMapped:        0 kB
Node 0 FileHugePages:        0 kB
Node 0 FilePmdMapped:        0 kB
Node 0 HugePages_Total:     0
Node 0 HugePages_Free:      0
Node 0 HugePages_Surp:      0

Node 1 MemTotal:       24686196 kB
Node 1 MemFree:        24172660 kB
Node 1 MemUsed:          513536 kB
Node 1 Active:            63832 kB
Node 1 Inactive:         159776 kB
Node 1 Active(anon):      26572 kB
Node 1 Inactive(anon):      152 kB
Node 1 Active(file):      37260 kB
Node 1 Inactive(file):   159624 kB
Node 1 Unevictable:       14064 kB
Node 1 Mlocked:           14064 kB
Node 1 Dirty:                44 kB
Node 1 Writeback:             0 kB
Node 1 FilePages:        201488 kB
Node 1 Mapped:            21004 kB
Node 1 AnonPages:         36672 kB
Node 1 Shmem:               576 kB
Node 1 KernelStack:        2144 kB
Node 1 PageTables:         1320 kB
Node 1 NFS_Unstable:          0 kB
Node 1 Bounce:                0 kB
Node 1 WritebackTmp:          0 kB
Node 1 KReclaimable:      17564 kB
Node 1 Slab:              58600 kB
Node 1 SReclaimable:      17564 kB
Node 1 SUnreclaim:        41036 kB
Node 1 AnonHugePages:         0 kB
Node 1 ShmemHugePages:        0 kB
Node 1 ShmemPmdMapped:        0 kB
Node 1 FileHugePages:        0 kB
Node 1 FilePmdMapped:        0 kB
Node 1 HugePages_Total:     0
Node 1 HugePages_Free:      0
Node 1 HugePages_Surp:      0

Import tank ZPool
Node 0 MemTotal:       24743736 kB
Node 0 MemFree:        24461984 kB
Node 0 MemUsed:          281752 kB
Node 0 Active:            59688 kB
Node 0 Inactive:          60496 kB
Node 0 Active(anon):      31124 kB
Node 0 Inactive(anon):      516 kB
Node 0 Active(file):      28564 kB
Node 0 Inactive(file):    59980 kB
Node 0 Unevictable:        4456 kB
Node 0 Mlocked:            4456 kB
Node 0 Dirty:               108 kB
Node 0 Writeback:             0 kB
Node 0 FilePages:         93640 kB
Node 0 Mapped:            55176 kB
Node 0 AnonPages:         30856 kB
Node 0 Shmem:               640 kB
Node 0 KernelStack:        3320 kB
Node 0 PageTables:         1624 kB
Node 0 NFS_Unstable:          0 kB
Node 0 Bounce:                0 kB
Node 0 WritebackTmp:          0 kB
Node 0 KReclaimable:      25484 kB
Node 0 Slab:              57456 kB
Node 0 SReclaimable:      25484 kB
Node 0 SUnreclaim:        31972 kB
Node 0 AnonHugePages:         0 kB
Node 0 ShmemHugePages:        0 kB
Node 0 ShmemPmdMapped:        0 kB
Node 0 FileHugePages:        0 kB
Node 0 FilePmdMapped:        0 kB
Node 0 HugePages_Total:     0
Node 0 HugePages_Free:      0
Node 0 HugePages_Surp:      0

Node 1 MemTotal:       24686196 kB
Node 1 MemFree:        24166804 kB
Node 1 MemUsed:          519392 kB
Node 1 Active:            63844 kB
Node 1 Inactive:         161132 kB
Node 1 Active(anon):      26248 kB
Node 1 Inactive(anon):      432 kB
Node 1 Active(file):      37596 kB
Node 1 Inactive(file):   160700 kB
Node 1 Unevictable:       14292 kB
Node 1 Mlocked:           14292 kB
Node 1 Dirty:                 0 kB
Node 1 Writeback:             0 kB
Node 1 FilePages:        202676 kB
Node 1 Mapped:            20648 kB
Node 1 AnonPages:         36220 kB
Node 1 Shmem:               628 kB
Node 1 KernelStack:        1944 kB
Node 1 PageTables:         1152 kB
Node 1 NFS_Unstable:          0 kB
Node 1 Bounce:                0 kB
Node 1 WritebackTmp:          0 kB
Node 1 KReclaimable:      17872 kB
Node 1 Slab:              63076 kB
Node 1 SReclaimable:      17872 kB
Node 1 SUnreclaim:        45204 kB
Node 1 AnonHugePages:         0 kB
Node 1 ShmemHugePages:        0 kB
Node 1 ShmemPmdMapped:        0 kB
Node 1 FileHugePages:        0 kB
Node 1 FilePmdMapped:        0 kB
Node 1 HugePages_Total:     0
Node 1 HugePages_Free:      0
Node 1 HugePages_Surp:      0

After Test
Node 0 MemTotal:       24743736 kB
Node 0 MemFree:        24081804 kB
Node 0 MemUsed:          661932 kB
Node 0 Active:            43948 kB
Node 0 Inactive:          60316 kB
Node 0 Active(anon):      15204 kB
Node 0 Inactive(anon):      516 kB
Node 0 Active(file):      28744 kB
Node 0 Inactive(file):    59800 kB
Node 0 Unevictable:        4456 kB
Node 0 Mlocked:            4456 kB
Node 0 Dirty:               148 kB
Node 0 Writeback:             0 kB
Node 0 FilePages:         93640 kB
Node 0 Mapped:            53632 kB
Node 0 AnonPages:         15080 kB
Node 0 Shmem:               640 kB
Node 0 KernelStack:        2984 kB
Node 0 PageTables:          500 kB
Node 0 NFS_Unstable:          0 kB
Node 0 Bounce:                0 kB
Node 0 WritebackTmp:          0 kB
Node 0 KReclaimable:      25508 kB
Node 0 Slab:              58748 kB
Node 0 SReclaimable:      25508 kB
Node 0 SUnreclaim:        33240 kB
Node 0 AnonHugePages:         0 kB
Node 0 ShmemHugePages:        0 kB
Node 0 ShmemPmdMapped:        0 kB
Node 0 FileHugePages:        0 kB
Node 0 FilePmdMapped:        0 kB
Node 0 HugePages_Total:     0
Node 0 HugePages_Free:      0
Node 0 HugePages_Surp:      0

Node 1 MemTotal:       24686196 kB
Node 1 MemFree:        23509088 kB
Node 1 MemUsed:         1177108 kB
Node 1 Active:            57300 kB
Node 1 Inactive:         160324 kB
Node 1 Active(anon):      18420 kB
Node 1 Inactive(anon):      424 kB
Node 1 Active(file):      38880 kB
Node 1 Inactive(file):   159900 kB
Node 1 Unevictable:       14292 kB
Node 1 Mlocked:           14292 kB
Node 1 Dirty:                28 kB
Node 1 Writeback:             0 kB
Node 1 FilePages:        203152 kB
Node 1 Mapped:            18328 kB
Node 1 AnonPages:         28492 kB
Node 1 Shmem:               628 kB
Node 1 KernelStack:        1736 kB
Node 1 PageTables:          640 kB
Node 1 NFS_Unstable:          0 kB
Node 1 Bounce:                0 kB
Node 1 WritebackTmp:          0 kB
Node 1 KReclaimable:      17940 kB
Node 1 Slab:              67628 kB
Node 1 SReclaimable:      17940 kB
Node 1 SUnreclaim:        49688 kB
Node 1 AnonHugePages:         0 kB
Node 1 ShmemHugePages:        0 kB
Node 1 ShmemPmdMapped:        0 kB
Node 1 FileHugePages:        0 kB
Node 1 FilePmdMapped:        0 kB
Node 1 HugePages_Total:     0
Node 1 HugePages_Free:      0
Node 1 HugePages_Surp:      0

After Opposite Node
Node 0 MemTotal:       24743736 kB
Node 0 MemFree:        24081668 kB
Node 0 MemUsed:          662068 kB
Node 0 Active:            44268 kB
Node 0 Inactive:          60316 kB
Node 0 Active(anon):      15524 kB
Node 0 Inactive(anon):      516 kB
Node 0 Active(file):      28744 kB
Node 0 Inactive(file):    59800 kB
Node 0 Unevictable:        4456 kB
Node 0 Mlocked:            4456 kB
Node 0 Dirty:               148 kB
Node 0 Writeback:             0 kB
Node 0 FilePages:         93640 kB
Node 0 Mapped:            53624 kB
Node 0 AnonPages:         15472 kB
Node 0 Shmem:               640 kB
Node 0 KernelStack:        2972 kB
Node 0 PageTables:          620 kB
Node 0 NFS_Unstable:          0 kB
Node 0 Bounce:                0 kB
Node 0 WritebackTmp:          0 kB
Node 0 KReclaimable:      25540 kB
Node 0 Slab:              58888 kB
Node 0 SReclaimable:      25540 kB
Node 0 SUnreclaim:        33348 kB
Node 0 AnonHugePages:         0 kB
Node 0 ShmemHugePages:        0 kB
Node 0 ShmemPmdMapped:        0 kB
Node 0 FileHugePages:        0 kB
Node 0 FilePmdMapped:        0 kB
Node 0 HugePages_Total:     0
Node 0 HugePages_Free:      0
Node 0 HugePages_Surp:      0

Node 1 MemTotal:       24686196 kB
Node 1 MemFree:        23510008 kB
Node 1 MemUsed:         1176188 kB
Node 1 Active:            57052 kB
Node 1 Inactive:         160068 kB
Node 1 Active(anon):      17896 kB
Node 1 Inactive(anon):      424 kB
Node 1 Active(file):      39156 kB
Node 1 Inactive(file):   159644 kB
Node 1 Unevictable:       14292 kB
Node 1 Mlocked:           14292 kB
Node 1 Dirty:                48 kB
Node 1 Writeback:             0 kB
Node 1 FilePages:        203172 kB
Node 1 Mapped:            18544 kB
Node 1 AnonPages:         28244 kB
Node 1 Shmem:               628 kB
Node 1 KernelStack:        1736 kB
Node 1 PageTables:          608 kB
Node 1 NFS_Unstable:          0 kB
Node 1 Bounce:                0 kB
Node 1 WritebackTmp:          0 kB
Node 1 KReclaimable:      17940 kB
Node 1 Slab:              67708 kB
Node 1 SReclaimable:      17940 kB
Node 1 SUnreclaim:        49768 kB
Node 1 AnonHugePages:         0 kB
Node 1 ShmemHugePages:        0 kB
Node 1 ShmemPmdMapped:        0 kB
Node 1 FileHugePages:        0 kB
Node 1 FilePmdMapped:        0 kB
Node 1 HugePages_Total:     0
Node 1 HugePages_Free:      0
Node 1 HugePages_Surp:      0

B.1.huge-simpleread.500M.2.O.1M Complete!
