kernel.numa_balancing = 0
U.0.simplememory.8G.2.O
Begin
Node 0 MemTotal:       24743736 kB
Node 0 MemFree:        24495480 kB
Node 0 MemUsed:          248256 kB
Node 0 Active:            39132 kB
Node 0 Inactive:          61148 kB
Node 0 Active(anon):      24340 kB
Node 0 Inactive(anon):      428 kB
Node 0 Active(file):      14792 kB
Node 0 Inactive(file):    60720 kB
Node 0 Unevictable:         360 kB
Node 0 Mlocked:             360 kB
Node 0 Dirty:               492 kB
Node 0 Writeback:             0 kB
Node 0 FilePages:         76504 kB
Node 0 Mapped:            14844 kB
Node 0 AnonPages:         24212 kB
Node 0 Shmem:               612 kB
Node 0 KernelStack:        2152 kB
Node 0 PageTables:          544 kB
Node 0 NFS_Unstable:          0 kB
Node 0 Bounce:                0 kB
Node 0 WritebackTmp:          0 kB
Node 0 KReclaimable:      24932 kB
Node 0 Slab:              63952 kB
Node 0 SReclaimable:      24932 kB
Node 0 SUnreclaim:        39020 kB
Node 0 AnonHugePages:         0 kB
Node 0 ShmemHugePages:        0 kB
Node 0 ShmemPmdMapped:        0 kB
Node 0 FileHugePages:        0 kB
Node 0 FilePmdMapped:        0 kB
Node 0 HugePages_Total:     0
Node 0 HugePages_Free:      0
Node 0 HugePages_Surp:      0

Node 1 MemTotal:       24686196 kB
Node 1 MemFree:        24325808 kB
Node 1 MemUsed:          360388 kB
Node 1 Active:            56200 kB
Node 1 Inactive:          25916 kB
Node 1 Active(anon):       9416 kB
Node 1 Inactive(anon):      452 kB
Node 1 Active(file):      46784 kB
Node 1 Inactive(file):    25464 kB
Node 1 Unevictable:       18164 kB
Node 1 Mlocked:           18164 kB
Node 1 Dirty:                20 kB
Node 1 Writeback:             0 kB
Node 1 FilePages:         80740 kB
Node 1 Mapped:            26524 kB
Node 1 AnonPages:         19620 kB
Node 1 Shmem:               656 kB
Node 1 KernelStack:        1448 kB
Node 1 PageTables:          508 kB
Node 1 NFS_Unstable:          0 kB
Node 1 Bounce:                0 kB
Node 1 WritebackTmp:          0 kB
Node 1 KReclaimable:      16724 kB
Node 1 Slab:              42104 kB
Node 1 SReclaimable:      16724 kB
Node 1 SUnreclaim:        25380 kB
Node 1 AnonHugePages:         0 kB
Node 1 ShmemHugePages:        0 kB
Node 1 ShmemPmdMapped:        0 kB
Node 1 FileHugePages:        0 kB
Node 1 FilePmdMapped:        0 kB
Node 1 HugePages_Total:     0
Node 1 HugePages_Free:      0
Node 1 HugePages_Surp:      0

Load ZFS
Node 0 MemTotal:       24743736 kB
Node 0 MemFree:        24356320 kB
Node 0 MemUsed:          387416 kB
Node 0 Active:            40148 kB
Node 0 Inactive:          61612 kB
Node 0 Active(anon):      24432 kB
Node 0 Inactive(anon):      432 kB
Node 0 Active(file):      15716 kB
Node 0 Inactive(file):    61180 kB
Node 0 Unevictable:         360 kB
Node 0 Mlocked:             360 kB
Node 0 Dirty:               524 kB
Node 0 Writeback:             0 kB
Node 0 FilePages:         77864 kB
Node 0 Mapped:            14868 kB
Node 0 AnonPages:         24028 kB
Node 0 Shmem:               612 kB
Node 0 KernelStack:        2168 kB
Node 0 PageTables:          628 kB
Node 0 NFS_Unstable:          0 kB
Node 0 Bounce:                0 kB
Node 0 WritebackTmp:          0 kB
Node 0 KReclaimable:      25348 kB
Node 0 Slab:              66200 kB
Node 0 SReclaimable:      25348 kB
Node 0 SUnreclaim:        40852 kB
Node 0 AnonHugePages:         0 kB
Node 0 ShmemHugePages:        0 kB
Node 0 ShmemPmdMapped:        0 kB
Node 0 FileHugePages:        0 kB
Node 0 FilePmdMapped:        0 kB
Node 0 HugePages_Total:     0
Node 0 HugePages_Free:      0
Node 0 HugePages_Surp:      0

Node 1 MemTotal:       24686196 kB
Node 1 MemFree:        24456468 kB
Node 1 MemUsed:          229728 kB
Node 1 Active:            64976 kB
Node 1 Inactive:          21588 kB
Node 1 Active(anon):      12672 kB
Node 1 Inactive(anon):      452 kB
Node 1 Active(file):      52304 kB
Node 1 Inactive(file):    21136 kB
Node 1 Unevictable:       18164 kB
Node 1 Mlocked:           18164 kB
Node 1 Dirty:                20 kB
Node 1 Writeback:             0 kB
Node 1 FilePages:         81932 kB
Node 1 Mapped:            26692 kB
Node 1 AnonPages:         22888 kB
Node 1 Shmem:               656 kB
Node 1 KernelStack:        1512 kB
Node 1 PageTables:          708 kB
Node 1 NFS_Unstable:          0 kB
Node 1 Bounce:                0 kB
Node 1 WritebackTmp:          0 kB
Node 1 KReclaimable:      17248 kB
Node 1 Slab:              43620 kB
Node 1 SReclaimable:      17248 kB
Node 1 SUnreclaim:        26372 kB
Node 1 AnonHugePages:         0 kB
Node 1 ShmemHugePages:        0 kB
Node 1 ShmemPmdMapped:        0 kB
Node 1 FileHugePages:        0 kB
Node 1 FilePmdMapped:        0 kB
Node 1 HugePages_Total:     0
Node 1 HugePages_Free:      0
Node 1 HugePages_Surp:      0

Import tank ZPool
Node 0 MemTotal:       24743736 kB
Node 0 MemFree:        24338196 kB
Node 0 MemUsed:          405540 kB
Node 0 Active:            40580 kB
Node 0 Inactive:          62836 kB
Node 0 Active(anon):      24476 kB
Node 0 Inactive(anon):      436 kB
Node 0 Active(file):      16104 kB
Node 0 Inactive(file):    62400 kB
Node 0 Unevictable:         360 kB
Node 0 Mlocked:             360 kB
Node 0 Dirty:               248 kB
Node 0 Writeback:             0 kB
Node 0 FilePages:         79472 kB
Node 0 Mapped:            15148 kB
Node 0 AnonPages:         24376 kB
Node 0 Shmem:               612 kB
Node 0 KernelStack:        3256 kB
Node 0 PageTables:          692 kB
Node 0 NFS_Unstable:          0 kB
Node 0 Bounce:                0 kB
Node 0 WritebackTmp:          0 kB
Node 0 KReclaimable:      25492 kB
Node 0 Slab:              72528 kB
Node 0 SReclaimable:      25492 kB
Node 0 SUnreclaim:        47036 kB
Node 0 AnonHugePages:         0 kB
Node 0 ShmemHugePages:        0 kB
Node 0 ShmemPmdMapped:        0 kB
Node 0 FileHugePages:        0 kB
Node 0 FilePmdMapped:        0 kB
Node 0 HugePages_Total:     0
Node 0 HugePages_Free:      0
Node 0 HugePages_Surp:      0

Node 1 MemTotal:       24686196 kB
Node 1 MemFree:        24459604 kB
Node 1 MemUsed:          226592 kB
Node 1 Active:            61540 kB
Node 1 Inactive:          21484 kB
Node 1 Active(anon):       9132 kB
Node 1 Inactive(anon):      452 kB
Node 1 Active(file):      52408 kB
Node 1 Inactive(file):    21032 kB
Node 1 Unevictable:       18164 kB
Node 1 Mlocked:           18164 kB
Node 1 Dirty:                16 kB
Node 1 Writeback:             0 kB
Node 1 FilePages:         81932 kB
Node 1 Mapped:            26816 kB
Node 1 AnonPages:         18660 kB
Node 1 Shmem:               656 kB
Node 1 KernelStack:        1512 kB
Node 1 PageTables:          668 kB
Node 1 NFS_Unstable:          0 kB
Node 1 Bounce:                0 kB
Node 1 WritebackTmp:          0 kB
Node 1 KReclaimable:      17248 kB
Node 1 Slab:              43808 kB
Node 1 SReclaimable:      17248 kB
Node 1 SUnreclaim:        26560 kB
Node 1 AnonHugePages:         0 kB
Node 1 ShmemHugePages:        0 kB
Node 1 ShmemPmdMapped:        0 kB
Node 1 FileHugePages:        0 kB
Node 1 FilePmdMapped:        0 kB
Node 1 HugePages_Total:     0
Node 1 HugePages_Free:      0
Node 1 HugePages_Surp:      0

After Test
Node 0 MemTotal:       24743736 kB
Node 0 MemFree:        24338052 kB
Node 0 MemUsed:          405684 kB
Node 0 Active:            41664 kB
Node 0 Inactive:          62628 kB
Node 0 Active(anon):      24884 kB
Node 0 Inactive(anon):      436 kB
Node 0 Active(file):      16780 kB
Node 0 Inactive(file):    62192 kB
Node 0 Unevictable:         360 kB
Node 0 Mlocked:             360 kB
Node 0 Dirty:               152 kB
Node 0 Writeback:             0 kB
Node 0 FilePages:         79956 kB
Node 0 Mapped:            15164 kB
Node 0 AnonPages:         24680 kB
Node 0 Shmem:               612 kB
Node 0 KernelStack:        3256 kB
Node 0 PageTables:          648 kB
Node 0 NFS_Unstable:          0 kB
Node 0 Bounce:                0 kB
Node 0 WritebackTmp:          0 kB
Node 0 KReclaimable:      25532 kB
Node 0 Slab:              72704 kB
Node 0 SReclaimable:      25532 kB
Node 0 SUnreclaim:        47172 kB
Node 0 AnonHugePages:         0 kB
Node 0 ShmemHugePages:        0 kB
Node 0 ShmemPmdMapped:        0 kB
Node 0 FileHugePages:        0 kB
Node 0 FilePmdMapped:        0 kB
Node 0 HugePages_Total:     0
Node 0 HugePages_Free:      0
Node 0 HugePages_Surp:      0

Node 1 MemTotal:       24686196 kB
Node 1 MemFree:        24463272 kB
Node 1 MemUsed:          222924 kB
Node 1 Active:            60704 kB
Node 1 Inactive:          21480 kB
Node 1 Active(anon):       8292 kB
Node 1 Inactive(anon):      452 kB
Node 1 Active(file):      52412 kB
Node 1 Inactive(file):    21028 kB
Node 1 Unevictable:       18164 kB
Node 1 Mlocked:           18164 kB
Node 1 Dirty:                 0 kB
Node 1 Writeback:             0 kB
Node 1 FilePages:         81932 kB
Node 1 Mapped:            26532 kB
Node 1 AnonPages:         18472 kB
Node 1 Shmem:               656 kB
Node 1 KernelStack:        1416 kB
Node 1 PageTables:          428 kB
Node 1 NFS_Unstable:          0 kB
Node 1 Bounce:                0 kB
Node 1 WritebackTmp:          0 kB
Node 1 KReclaimable:      17296 kB
Node 1 Slab:              43836 kB
Node 1 SReclaimable:      17296 kB
Node 1 SUnreclaim:        26540 kB
Node 1 AnonHugePages:         0 kB
Node 1 ShmemHugePages:        0 kB
Node 1 ShmemPmdMapped:        0 kB
Node 1 FileHugePages:        0 kB
Node 1 FilePmdMapped:        0 kB
Node 1 HugePages_Total:     0
Node 1 HugePages_Free:      0
Node 1 HugePages_Surp:      0

After Opposite Node
Node 0 MemTotal:       24743736 kB
Node 0 MemFree:        24338992 kB
Node 0 MemUsed:          404744 kB
Node 0 Active:            41492 kB
Node 0 Inactive:          62400 kB
Node 0 Active(anon):      24448 kB
Node 0 Inactive(anon):      436 kB
Node 0 Active(file):      17044 kB
Node 0 Inactive(file):    61964 kB
Node 0 Unevictable:         360 kB
Node 0 Mlocked:             360 kB
Node 0 Dirty:                52 kB
Node 0 Writeback:             0 kB
Node 0 FilePages:         79984 kB
Node 0 Mapped:            14940 kB
Node 0 AnonPages:         24280 kB
Node 0 Shmem:               612 kB
Node 0 KernelStack:        3208 kB
Node 0 PageTables:          572 kB
Node 0 NFS_Unstable:          0 kB
Node 0 Bounce:                0 kB
Node 0 WritebackTmp:          0 kB
Node 0 KReclaimable:      25540 kB
Node 0 Slab:              72712 kB
Node 0 SReclaimable:      25540 kB
Node 0 SUnreclaim:        47172 kB
Node 0 AnonHugePages:         0 kB
Node 0 ShmemHugePages:        0 kB
Node 0 ShmemPmdMapped:        0 kB
Node 0 FileHugePages:        0 kB
Node 0 FilePmdMapped:        0 kB
Node 0 HugePages_Total:     0
Node 0 HugePages_Free:      0
Node 0 HugePages_Surp:      0

Node 1 MemTotal:       24686196 kB
Node 1 MemFree:        24462948 kB
Node 1 MemUsed:          223248 kB
Node 1 Active:            61136 kB
Node 1 Inactive:          21444 kB
Node 1 Active(anon):       8684 kB
Node 1 Inactive(anon):      452 kB
Node 1 Active(file):      52452 kB
Node 1 Inactive(file):    20992 kB
Node 1 Unevictable:       18164 kB
Node 1 Mlocked:           18164 kB
Node 1 Dirty:                12 kB
Node 1 Writeback:             0 kB
Node 1 FilePages:         81936 kB
Node 1 Mapped:            26532 kB
Node 1 AnonPages:         18616 kB
Node 1 Shmem:               656 kB
Node 1 KernelStack:        1400 kB
Node 1 PageTables:          356 kB
Node 1 NFS_Unstable:          0 kB
Node 1 Bounce:                0 kB
Node 1 WritebackTmp:          0 kB
Node 1 KReclaimable:      17336 kB
Node 1 Slab:              44044 kB
Node 1 SReclaimable:      17336 kB
Node 1 SUnreclaim:        26708 kB
Node 1 AnonHugePages:         0 kB
Node 1 ShmemHugePages:        0 kB
Node 1 ShmemPmdMapped:        0 kB
Node 1 FileHugePages:        0 kB
Node 1 FilePmdMapped:        0 kB
Node 1 HugePages_Total:     0
Node 1 HugePages_Free:      0
Node 1 HugePages_Surp:      0

U.0.simplememory.8G.2.O Complete!
