kernel.numa_balancing = 0
U.0.simplememory.4G.1.O
Begin
Node 0 MemTotal:       24768352 kB
Node 0 MemFree:        24534044 kB
Node 0 MemUsed:          234308 kB
Node 0 Active:            31612 kB
Node 0 Inactive:          66300 kB
Node 0 Active(anon):      16208 kB
Node 0 Inactive(anon):      412 kB
Node 0 Active(file):      15404 kB
Node 0 Inactive(file):    65888 kB
Node 0 Unevictable:         944 kB
Node 0 Mlocked:             944 kB
Node 0 Dirty:               164 kB
Node 0 Writeback:             0 kB
Node 0 FilePages:         82908 kB
Node 0 Mapped:            21632 kB
Node 0 AnonPages:         16024 kB
Node 0 Shmem:               648 kB
Node 0 KernelStack:        2312 kB
Node 0 PageTables:          400 kB
Node 0 NFS_Unstable:          0 kB
Node 0 Bounce:                0 kB
Node 0 WritebackTmp:          0 kB
Node 0 KReclaimable:      20828 kB
Node 0 Slab:              51800 kB
Node 0 SReclaimable:      20828 kB
Node 0 SUnreclaim:        30972 kB
Node 0 AnonHugePages:         0 kB
Node 0 ShmemHugePages:        0 kB
Node 0 ShmemPmdMapped:        0 kB
Node 0 FileHugePages:        0 kB
Node 0 FilePmdMapped:        0 kB
Node 0 HugePages_Total:     0
Node 0 HugePages_Free:      0
Node 0 HugePages_Surp:      0

Node 1 MemTotal:       24661580 kB
Node 1 MemFree:        24278872 kB
Node 1 MemUsed:          382708 kB
Node 1 Active:            63808 kB
Node 1 Inactive:          28116 kB
Node 1 Active(anon):      18020 kB
Node 1 Inactive(anon):      460 kB
Node 1 Active(file):      45788 kB
Node 1 Inactive(file):    27656 kB
Node 1 Unevictable:       17580 kB
Node 1 Mlocked:           17580 kB
Node 1 Dirty:               356 kB
Node 1 Writeback:             0 kB
Node 1 FilePages:         81748 kB
Node 1 Mapped:            24836 kB
Node 1 AnonPages:         28220 kB
Node 1 Shmem:               620 kB
Node 1 KernelStack:        1320 kB
Node 1 PageTables:          616 kB
Node 1 NFS_Unstable:          0 kB
Node 1 Bounce:                0 kB
Node 1 WritebackTmp:          0 kB
Node 1 KReclaimable:      20856 kB
Node 1 Slab:              53988 kB
Node 1 SReclaimable:      20856 kB
Node 1 SUnreclaim:        33132 kB
Node 1 AnonHugePages:         0 kB
Node 1 ShmemHugePages:        0 kB
Node 1 ShmemPmdMapped:        0 kB
Node 1 FileHugePages:        0 kB
Node 1 FilePmdMapped:        0 kB
Node 1 HugePages_Total:     0
Node 1 HugePages_Free:      0
Node 1 HugePages_Surp:      0

Load ZFS
Node 0 MemTotal:       24768352 kB
Node 0 MemFree:        24533632 kB
Node 0 MemUsed:          234720 kB
Node 0 Active:            32588 kB
Node 0 Inactive:          66232 kB
Node 0 Active(anon):      16260 kB
Node 0 Inactive(anon):      412 kB
Node 0 Active(file):      16328 kB
Node 0 Inactive(file):    65820 kB
Node 0 Unevictable:         944 kB
Node 0 Mlocked:             944 kB
Node 0 Dirty:               172 kB
Node 0 Writeback:             0 kB
Node 0 FilePages:         83740 kB
Node 0 Mapped:            21848 kB
Node 0 AnonPages:         16040 kB
Node 0 Shmem:               648 kB
Node 0 KernelStack:        2280 kB
Node 0 PageTables:          400 kB
Node 0 NFS_Unstable:          0 kB
Node 0 Bounce:                0 kB
Node 0 WritebackTmp:          0 kB
Node 0 KReclaimable:      21272 kB
Node 0 Slab:              53500 kB
Node 0 SReclaimable:      21272 kB
Node 0 SUnreclaim:        32228 kB
Node 0 AnonHugePages:         0 kB
Node 0 ShmemHugePages:        0 kB
Node 0 ShmemPmdMapped:        0 kB
Node 0 FileHugePages:        0 kB
Node 0 FilePmdMapped:        0 kB
Node 0 HugePages_Total:     0
Node 0 HugePages_Free:      0
Node 0 HugePages_Surp:      0

Node 1 MemTotal:       24661580 kB
Node 1 MemFree:        24271628 kB
Node 1 MemUsed:          389952 kB
Node 1 Active:            72360 kB
Node 1 Inactive:          24240 kB
Node 1 Active(anon):      20680 kB
Node 1 Inactive(anon):      460 kB
Node 1 Active(file):      51680 kB
Node 1 Inactive(file):    23780 kB
Node 1 Unevictable:       17580 kB
Node 1 Mlocked:           17580 kB
Node 1 Dirty:               376 kB
Node 1 Writeback:             0 kB
Node 1 FilePages:         83328 kB
Node 1 Mapped:            24844 kB
Node 1 AnonPages:         30776 kB
Node 1 Shmem:               620 kB
Node 1 KernelStack:        1432 kB
Node 1 PageTables:          856 kB
Node 1 NFS_Unstable:          0 kB
Node 1 Bounce:                0 kB
Node 1 WritebackTmp:          0 kB
Node 1 KReclaimable:      21424 kB
Node 1 Slab:              55620 kB
Node 1 SReclaimable:      21424 kB
Node 1 SUnreclaim:        34196 kB
Node 1 AnonHugePages:         0 kB
Node 1 ShmemHugePages:        0 kB
Node 1 ShmemPmdMapped:        0 kB
Node 1 FileHugePages:        0 kB
Node 1 FilePmdMapped:        0 kB
Node 1 HugePages_Total:     0
Node 1 HugePages_Free:      0
Node 1 HugePages_Surp:      0

Import tank ZPool
Node 0 MemTotal:       24768352 kB
Node 0 MemFree:        24513744 kB
Node 0 MemUsed:          254608 kB
Node 0 Active:            34324 kB
Node 0 Inactive:          67144 kB
Node 0 Active(anon):      17220 kB
Node 0 Inactive(anon):      416 kB
Node 0 Active(file):      17104 kB
Node 0 Inactive(file):    66728 kB
Node 0 Unevictable:         944 kB
Node 0 Mlocked:             944 kB
Node 0 Dirty:               184 kB
Node 0 Writeback:             0 kB
Node 0 FilePages:         85440 kB
Node 0 Mapped:            21956 kB
Node 0 AnonPages:         16760 kB
Node 0 Shmem:               652 kB
Node 0 KernelStack:        3432 kB
Node 0 PageTables:          512 kB
Node 0 NFS_Unstable:          0 kB
Node 0 Bounce:                0 kB
Node 0 WritebackTmp:          0 kB
Node 0 KReclaimable:      21400 kB
Node 0 Slab:              60128 kB
Node 0 SReclaimable:      21400 kB
Node 0 SUnreclaim:        38728 kB
Node 0 AnonHugePages:         0 kB
Node 0 ShmemHugePages:        0 kB
Node 0 ShmemPmdMapped:        0 kB
Node 0 FileHugePages:        0 kB
Node 0 FilePmdMapped:        0 kB
Node 0 HugePages_Total:     0
Node 0 HugePages_Free:      0
Node 0 HugePages_Surp:      0

Node 1 MemTotal:       24661580 kB
Node 1 MemFree:        24273036 kB
Node 1 MemUsed:          388544 kB
Node 1 Active:            71780 kB
Node 1 Inactive:          24272 kB
Node 1 Active(anon):      20084 kB
Node 1 Inactive(anon):      460 kB
Node 1 Active(file):      51696 kB
Node 1 Inactive(file):    23812 kB
Node 1 Unevictable:       17580 kB
Node 1 Mlocked:           17580 kB
Node 1 Dirty:               172 kB
Node 1 Writeback:             0 kB
Node 1 FilePages:         83372 kB
Node 1 Mapped:            25132 kB
Node 1 AnonPages:         30284 kB
Node 1 Shmem:               616 kB
Node 1 KernelStack:        1416 kB
Node 1 PageTables:          796 kB
Node 1 NFS_Unstable:          0 kB
Node 1 Bounce:                0 kB
Node 1 WritebackTmp:          0 kB
Node 1 KReclaimable:      21424 kB
Node 1 Slab:              55756 kB
Node 1 SReclaimable:      21424 kB
Node 1 SUnreclaim:        34332 kB
Node 1 AnonHugePages:         0 kB
Node 1 ShmemHugePages:        0 kB
Node 1 ShmemPmdMapped:        0 kB
Node 1 FileHugePages:        0 kB
Node 1 FilePmdMapped:        0 kB
Node 1 HugePages_Total:     0
Node 1 HugePages_Free:      0
Node 1 HugePages_Surp:      0

After Test
Node 0 MemTotal:       24768352 kB
Node 0 MemFree:        24513420 kB
Node 0 MemUsed:          254932 kB
Node 0 Active:            34644 kB
Node 0 Inactive:          67160 kB
Node 0 Active(anon):      17212 kB
Node 0 Inactive(anon):      416 kB
Node 0 Active(file):      17432 kB
Node 0 Inactive(file):    66744 kB
Node 0 Unevictable:         944 kB
Node 0 Mlocked:             944 kB
Node 0 Dirty:                88 kB
Node 0 Writeback:             0 kB
Node 0 FilePages:         85780 kB
Node 0 Mapped:            21720 kB
Node 0 AnonPages:         16676 kB
Node 0 Shmem:               652 kB
Node 0 KernelStack:        3400 kB
Node 0 PageTables:          512 kB
Node 0 NFS_Unstable:          0 kB
Node 0 Bounce:                0 kB
Node 0 WritebackTmp:          0 kB
Node 0 KReclaimable:      21496 kB
Node 0 Slab:              60428 kB
Node 0 SReclaimable:      21496 kB
Node 0 SUnreclaim:        38932 kB
Node 0 AnonHugePages:         0 kB
Node 0 ShmemHugePages:        0 kB
Node 0 ShmemPmdMapped:        0 kB
Node 0 FileHugePages:        0 kB
Node 0 FilePmdMapped:        0 kB
Node 0 HugePages_Total:     0
Node 0 HugePages_Free:      0
Node 0 HugePages_Surp:      0

Node 1 MemTotal:       24661580 kB
Node 1 MemFree:        24276360 kB
Node 1 MemUsed:          385220 kB
Node 1 Active:            68316 kB
Node 1 Inactive:          24128 kB
Node 1 Active(anon):      16476 kB
Node 1 Inactive(anon):      460 kB
Node 1 Active(file):      51840 kB
Node 1 Inactive(file):    23668 kB
Node 1 Unevictable:       17580 kB
Node 1 Mlocked:           17580 kB
Node 1 Dirty:               192 kB
Node 1 Writeback:             0 kB
Node 1 FilePages:         83372 kB
Node 1 Mapped:            24920 kB
Node 1 AnonPages:         26648 kB
Node 1 Shmem:               616 kB
Node 1 KernelStack:        1336 kB
Node 1 PageTables:          596 kB
Node 1 NFS_Unstable:          0 kB
Node 1 Bounce:                0 kB
Node 1 WritebackTmp:          0 kB
Node 1 KReclaimable:      21424 kB
Node 1 Slab:              55740 kB
Node 1 SReclaimable:      21424 kB
Node 1 SUnreclaim:        34316 kB
Node 1 AnonHugePages:         0 kB
Node 1 ShmemHugePages:        0 kB
Node 1 ShmemPmdMapped:        0 kB
Node 1 FileHugePages:        0 kB
Node 1 FilePmdMapped:        0 kB
Node 1 HugePages_Total:     0
Node 1 HugePages_Free:      0
Node 1 HugePages_Surp:      0

After Opposite Node
Node 0 MemTotal:       24768352 kB
Node 0 MemFree:        24514188 kB
Node 0 MemUsed:          254164 kB
Node 0 Active:            34188 kB
Node 0 Inactive:          67148 kB
Node 0 Active(anon):      16716 kB
Node 0 Inactive(anon):      416 kB
Node 0 Active(file):      17472 kB
Node 0 Inactive(file):    66732 kB
Node 0 Unevictable:         944 kB
Node 0 Mlocked:             944 kB
Node 0 Dirty:                84 kB
Node 0 Writeback:             0 kB
Node 0 FilePages:         85800 kB
Node 0 Mapped:            21700 kB
Node 0 AnonPages:         16480 kB
Node 0 Shmem:               652 kB
Node 0 KernelStack:        3336 kB
Node 0 PageTables:          400 kB
Node 0 NFS_Unstable:          0 kB
Node 0 Bounce:                0 kB
Node 0 WritebackTmp:          0 kB
Node 0 KReclaimable:      21496 kB
Node 0 Slab:              60428 kB
Node 0 SReclaimable:      21496 kB
Node 0 SUnreclaim:        38932 kB
Node 0 AnonHugePages:         0 kB
Node 0 ShmemHugePages:        0 kB
Node 0 ShmemPmdMapped:        0 kB
Node 0 FileHugePages:        0 kB
Node 0 FilePmdMapped:        0 kB
Node 0 HugePages_Total:     0
Node 0 HugePages_Free:      0
Node 0 HugePages_Surp:      0

Node 1 MemTotal:       24661580 kB
Node 1 MemFree:        24276992 kB
Node 1 MemUsed:          384588 kB
Node 1 Active:            68864 kB
Node 1 Inactive:          23904 kB
Node 1 Active(anon):      16796 kB
Node 1 Inactive(anon):      460 kB
Node 1 Active(file):      52068 kB
Node 1 Inactive(file):    23444 kB
Node 1 Unevictable:       17580 kB
Node 1 Mlocked:           17580 kB
Node 1 Dirty:               104 kB
Node 1 Writeback:             0 kB
Node 1 FilePages:         83376 kB
Node 1 Mapped:            24856 kB
Node 1 AnonPages:         26912 kB
Node 1 Shmem:               616 kB
Node 1 KernelStack:        1352 kB
Node 1 PageTables:          868 kB
Node 1 NFS_Unstable:          0 kB
Node 1 Bounce:                0 kB
Node 1 WritebackTmp:          0 kB
Node 1 KReclaimable:      21464 kB
Node 1 Slab:              55940 kB
Node 1 SReclaimable:      21464 kB
Node 1 SUnreclaim:        34476 kB
Node 1 AnonHugePages:         0 kB
Node 1 ShmemHugePages:        0 kB
Node 1 ShmemPmdMapped:        0 kB
Node 1 FileHugePages:        0 kB
Node 1 FilePmdMapped:        0 kB
Node 1 HugePages_Total:     0
Node 1 HugePages_Free:      0
Node 1 HugePages_Surp:      0

U.0.simplememory.4G.1.O Complete!
