kernel.numa_balancing = 0
U.0.simplememory.1G.1.O
Begin
Node 0 MemTotal:       24743736 kB
Node 0 MemFree:        24397200 kB
Node 0 MemUsed:          346536 kB
Node 0 Active:            41144 kB
Node 0 Inactive:          34652 kB
Node 0 Active(anon):      12416 kB
Node 0 Inactive(anon):      472 kB
Node 0 Active(file):      28728 kB
Node 0 Inactive(file):    34180 kB
Node 0 Unevictable:        1012 kB
Node 0 Mlocked:            1012 kB
Node 0 Dirty:               108 kB
Node 0 Writeback:             0 kB
Node 0 FilePages:         64640 kB
Node 0 Mapped:            20264 kB
Node 0 AnonPages:         12240 kB
Node 0 Shmem:               680 kB
Node 0 KernelStack:        2264 kB
Node 0 PageTables:          496 kB
Node 0 NFS_Unstable:          0 kB
Node 0 Bounce:                0 kB
Node 0 WritebackTmp:          0 kB
Node 0 KReclaimable:      21436 kB
Node 0 Slab:              56716 kB
Node 0 SReclaimable:      21436 kB
Node 0 SUnreclaim:        35280 kB
Node 0 AnonHugePages:         0 kB
Node 0 ShmemHugePages:        0 kB
Node 0 ShmemPmdMapped:        0 kB
Node 0 FileHugePages:        0 kB
Node 0 FilePmdMapped:        0 kB
Node 0 HugePages_Total:     0
Node 0 HugePages_Free:      0
Node 0 HugePages_Surp:      0

Node 1 MemTotal:       24686196 kB
Node 1 MemFree:        24416144 kB
Node 1 MemUsed:          270052 kB
Node 1 Active:            54256 kB
Node 1 Inactive:          58888 kB
Node 1 Active(anon):      21532 kB
Node 1 Inactive(anon):      392 kB
Node 1 Active(file):      32724 kB
Node 1 Inactive(file):    58496 kB
Node 1 Unevictable:       17508 kB
Node 1 Mlocked:           17508 kB
Node 1 Dirty:               412 kB
Node 1 Writeback:             0 kB
Node 1 FilePages:         98988 kB
Node 1 Mapped:            26996 kB
Node 1 AnonPages:         31736 kB
Node 1 Shmem:               588 kB
Node 1 KernelStack:        1384 kB
Node 1 PageTables:          632 kB
Node 1 NFS_Unstable:          0 kB
Node 1 Bounce:                0 kB
Node 1 WritebackTmp:          0 kB
Node 1 KReclaimable:      20728 kB
Node 1 Slab:              50992 kB
Node 1 SReclaimable:      20728 kB
Node 1 SUnreclaim:        30264 kB
Node 1 AnonHugePages:         0 kB
Node 1 ShmemHugePages:        0 kB
Node 1 ShmemPmdMapped:        0 kB
Node 1 FileHugePages:        0 kB
Node 1 FilePmdMapped:        0 kB
Node 1 HugePages_Total:     0
Node 1 HugePages_Free:      0
Node 1 HugePages_Surp:      0

Load ZFS
Node 0 MemTotal:       24743736 kB
Node 0 MemFree:        24384280 kB
Node 0 MemUsed:          359456 kB
Node 0 Active:            47112 kB
Node 0 Inactive:          35012 kB
Node 0 Active(anon):      17652 kB
Node 0 Inactive(anon):      472 kB
Node 0 Active(file):      29460 kB
Node 0 Inactive(file):    34540 kB
Node 0 Unevictable:        1012 kB
Node 0 Mlocked:            1012 kB
Node 0 Dirty:               136 kB
Node 0 Writeback:             0 kB
Node 0 FilePages:         65692 kB
Node 0 Mapped:            20264 kB
Node 0 AnonPages:         17676 kB
Node 0 Shmem:               680 kB
Node 0 KernelStack:        2408 kB
Node 0 PageTables:          948 kB
Node 0 NFS_Unstable:          0 kB
Node 0 Bounce:                0 kB
Node 0 WritebackTmp:          0 kB
Node 0 KReclaimable:      21852 kB
Node 0 Slab:              58328 kB
Node 0 SReclaimable:      21852 kB
Node 0 SUnreclaim:        36476 kB
Node 0 AnonHugePages:         0 kB
Node 0 ShmemHugePages:        0 kB
Node 0 ShmemPmdMapped:        0 kB
Node 0 FileHugePages:        0 kB
Node 0 FilePmdMapped:        0 kB
Node 0 HugePages_Total:     0
Node 0 HugePages_Free:      0
Node 0 HugePages_Surp:      0

Node 1 MemTotal:       24686196 kB
Node 1 MemFree:        24416536 kB
Node 1 MemUsed:          269660 kB
Node 1 Active:            61928 kB
Node 1 Inactive:          54468 kB
Node 1 Active(anon):      23308 kB
Node 1 Inactive(anon):      396 kB
Node 1 Active(file):      38620 kB
Node 1 Inactive(file):    54072 kB
Node 1 Unevictable:       17508 kB
Node 1 Mlocked:           17508 kB
Node 1 Dirty:               412 kB
Node 1 Writeback:             0 kB
Node 1 FilePages:        100460 kB
Node 1 Mapped:            27156 kB
Node 1 AnonPages:         33536 kB
Node 1 Shmem:               588 kB
Node 1 KernelStack:        1384 kB
Node 1 PageTables:          632 kB
Node 1 NFS_Unstable:          0 kB
Node 1 Bounce:                0 kB
Node 1 WritebackTmp:          0 kB
Node 1 KReclaimable:      21236 kB
Node 1 Slab:              52824 kB
Node 1 SReclaimable:      21236 kB
Node 1 SUnreclaim:        31588 kB
Node 1 AnonHugePages:         0 kB
Node 1 ShmemHugePages:        0 kB
Node 1 ShmemPmdMapped:        0 kB
Node 1 FileHugePages:        0 kB
Node 1 FilePmdMapped:        0 kB
Node 1 HugePages_Total:     0
Node 1 HugePages_Free:      0
Node 1 HugePages_Surp:      0

Import tank ZPool
Node 0 MemTotal:       24743736 kB
Node 0 MemFree:        24368016 kB
Node 0 MemUsed:          375720 kB
Node 0 Active:            42660 kB
Node 0 Inactive:          36236 kB
Node 0 Active(anon):      12848 kB
Node 0 Inactive(anon):      476 kB
Node 0 Active(file):      29812 kB
Node 0 Inactive(file):    35760 kB
Node 0 Unevictable:        1012 kB
Node 0 Mlocked:            1012 kB
Node 0 Dirty:               192 kB
Node 0 Writeback:             0 kB
Node 0 FilePages:         67272 kB
Node 0 Mapped:            20496 kB
Node 0 AnonPages:         12132 kB
Node 0 Shmem:               680 kB
Node 0 KernelStack:        3512 kB
Node 0 PageTables:          896 kB
Node 0 NFS_Unstable:          0 kB
Node 0 Bounce:                0 kB
Node 0 WritebackTmp:          0 kB
Node 0 KReclaimable:      21976 kB
Node 0 Slab:              65296 kB
Node 0 SReclaimable:      21976 kB
Node 0 SUnreclaim:        43320 kB
Node 0 AnonHugePages:         0 kB
Node 0 ShmemHugePages:        0 kB
Node 0 ShmemPmdMapped:        0 kB
Node 0 FileHugePages:        0 kB
Node 0 FilePmdMapped:        0 kB
Node 0 HugePages_Total:     0
Node 0 HugePages_Free:      0
Node 0 HugePages_Surp:      0

Node 1 MemTotal:       24686196 kB
Node 1 MemFree:        24417884 kB
Node 1 MemUsed:          268312 kB
Node 1 Active:            60572 kB
Node 1 Inactive:          54424 kB
Node 1 Active(anon):      21892 kB
Node 1 Inactive(anon):      396 kB
Node 1 Active(file):      38680 kB
Node 1 Inactive(file):    54028 kB
Node 1 Unevictable:       17508 kB
Node 1 Mlocked:           17508 kB
Node 1 Dirty:               176 kB
Node 1 Writeback:             0 kB
Node 1 FilePages:        100476 kB
Node 1 Mapped:            27228 kB
Node 1 AnonPages:         31376 kB
Node 1 Shmem:               588 kB
Node 1 KernelStack:        1368 kB
Node 1 PageTables:          632 kB
Node 1 NFS_Unstable:          0 kB
Node 1 Bounce:                0 kB
Node 1 WritebackTmp:          0 kB
Node 1 KReclaimable:      21236 kB
Node 1 Slab:              52776 kB
Node 1 SReclaimable:      21236 kB
Node 1 SUnreclaim:        31540 kB
Node 1 AnonHugePages:         0 kB
Node 1 ShmemHugePages:        0 kB
Node 1 ShmemPmdMapped:        0 kB
Node 1 FileHugePages:        0 kB
Node 1 FilePmdMapped:        0 kB
Node 1 HugePages_Total:     0
Node 1 HugePages_Free:      0
Node 1 HugePages_Surp:      0

After Test
Node 0 MemTotal:       24743736 kB
Node 0 MemFree:        24367672 kB
Node 0 MemUsed:          376064 kB
Node 0 Active:            43304 kB
Node 0 Inactive:          36068 kB
Node 0 Active(anon):      12832 kB
Node 0 Inactive(anon):      476 kB
Node 0 Active(file):      30472 kB
Node 0 Inactive(file):    35592 kB
Node 0 Unevictable:        1012 kB
Node 0 Mlocked:            1012 kB
Node 0 Dirty:               192 kB
Node 0 Writeback:             0 kB
Node 0 FilePages:         67756 kB
Node 0 Mapped:            20276 kB
Node 0 AnonPages:         12664 kB
Node 0 Shmem:               680 kB
Node 0 KernelStack:        3368 kB
Node 0 PageTables:          700 kB
Node 0 NFS_Unstable:          0 kB
Node 0 Bounce:                0 kB
Node 0 WritebackTmp:          0 kB
Node 0 KReclaimable:      22012 kB
Node 0 Slab:              65468 kB
Node 0 SReclaimable:      22012 kB
Node 0 SUnreclaim:        43456 kB
Node 0 AnonHugePages:         0 kB
Node 0 ShmemHugePages:        0 kB
Node 0 ShmemPmdMapped:        0 kB
Node 0 FileHugePages:        0 kB
Node 0 FilePmdMapped:        0 kB
Node 0 HugePages_Total:     0
Node 0 HugePages_Free:      0
Node 0 HugePages_Surp:      0

Node 1 MemTotal:       24686196 kB
Node 1 MemFree:        24417728 kB
Node 1 MemUsed:          268468 kB
Node 1 Active:            60204 kB
Node 1 Inactive:          54420 kB
Node 1 Active(anon):      21520 kB
Node 1 Inactive(anon):      396 kB
Node 1 Active(file):      38684 kB
Node 1 Inactive(file):    54024 kB
Node 1 Unevictable:       17508 kB
Node 1 Mlocked:           17508 kB
Node 1 Dirty:               176 kB
Node 1 Writeback:             0 kB
Node 1 FilePages:        100476 kB
Node 1 Mapped:            27000 kB
Node 1 AnonPages:         31656 kB
Node 1 Shmem:               588 kB
Node 1 KernelStack:        1368 kB
Node 1 PageTables:          632 kB
Node 1 NFS_Unstable:          0 kB
Node 1 Bounce:                0 kB
Node 1 WritebackTmp:          0 kB
Node 1 KReclaimable:      21236 kB
Node 1 Slab:              52564 kB
Node 1 SReclaimable:      21236 kB
Node 1 SUnreclaim:        31328 kB
Node 1 AnonHugePages:         0 kB
Node 1 ShmemHugePages:        0 kB
Node 1 ShmemPmdMapped:        0 kB
Node 1 FileHugePages:        0 kB
Node 1 FilePmdMapped:        0 kB
Node 1 HugePages_Total:     0
Node 1 HugePages_Free:      0
Node 1 HugePages_Surp:      0

After Opposite Node
Node 0 MemTotal:       24743736 kB
Node 0 MemFree:        24368840 kB
Node 0 MemUsed:          374896 kB
Node 0 Active:            42576 kB
Node 0 Inactive:          35820 kB
Node 0 Active(anon):      11844 kB
Node 0 Inactive(anon):      476 kB
Node 0 Active(file):      30732 kB
Node 0 Inactive(file):    35344 kB
Node 0 Unevictable:        1012 kB
Node 0 Mlocked:            1012 kB
Node 0 Dirty:               204 kB
Node 0 Writeback:             0 kB
Node 0 FilePages:         67768 kB
Node 0 Mapped:            20336 kB
Node 0 AnonPages:         11692 kB
Node 0 Shmem:               680 kB
Node 0 KernelStack:        3320 kB
Node 0 PageTables:          404 kB
Node 0 NFS_Unstable:          0 kB
Node 0 Bounce:                0 kB
Node 0 WritebackTmp:          0 kB
Node 0 KReclaimable:      22028 kB
Node 0 Slab:              65616 kB
Node 0 SReclaimable:      22028 kB
Node 0 SUnreclaim:        43588 kB
Node 0 AnonHugePages:         0 kB
Node 0 ShmemHugePages:        0 kB
Node 0 ShmemPmdMapped:        0 kB
Node 0 FileHugePages:        0 kB
Node 0 FilePmdMapped:        0 kB
Node 0 HugePages_Total:     0
Node 0 HugePages_Free:      0
Node 0 HugePages_Surp:      0

Node 1 MemTotal:       24686196 kB
Node 1 MemFree:        24417968 kB
Node 1 MemUsed:          268228 kB
Node 1 Active:            60376 kB
Node 1 Inactive:          54384 kB
Node 1 Active(anon):      21652 kB
Node 1 Inactive(anon):      396 kB
Node 1 Active(file):      38724 kB
Node 1 Inactive(file):    53988 kB
Node 1 Unevictable:       17508 kB
Node 1 Mlocked:           17508 kB
Node 1 Dirty:                72 kB
Node 1 Writeback:             0 kB
Node 1 FilePages:        100480 kB
Node 1 Mapped:            26992 kB
Node 1 AnonPages:         31756 kB
Node 1 Shmem:               588 kB
Node 1 KernelStack:        1384 kB
Node 1 PageTables:          852 kB
Node 1 NFS_Unstable:          0 kB
Node 1 Bounce:                0 kB
Node 1 WritebackTmp:          0 kB
Node 1 KReclaimable:      21268 kB
Node 1 Slab:              52672 kB
Node 1 SReclaimable:      21268 kB
Node 1 SUnreclaim:        31404 kB
Node 1 AnonHugePages:         0 kB
Node 1 ShmemHugePages:        0 kB
Node 1 ShmemPmdMapped:        0 kB
Node 1 FileHugePages:        0 kB
Node 1 FilePmdMapped:        0 kB
Node 1 HugePages_Total:     0
Node 1 HugePages_Free:      0
Node 1 HugePages_Surp:      0

U.0.simplememory.1G.1.O Complete!
