kernel.numa_balancing = 0
U.0.simplememory.250M.2.O
Begin
Node 0 MemTotal:       24743736 kB
Node 0 MemFree:        24336240 kB
Node 0 MemUsed:          407496 kB
Node 0 Active:            55424 kB
Node 0 Inactive:          73676 kB
Node 0 Active(anon):      15064 kB
Node 0 Inactive(anon):      572 kB
Node 0 Active(file):      40360 kB
Node 0 Inactive(file):    73104 kB
Node 0 Unevictable:        1280 kB
Node 0 Mlocked:            1280 kB
Node 0 Dirty:               456 kB
Node 0 Writeback:             0 kB
Node 0 FilePages:        115744 kB
Node 0 Mapped:            22096 kB
Node 0 AnonPages:         14876 kB
Node 0 Shmem:               828 kB
Node 0 KernelStack:        2376 kB
Node 0 PageTables:          424 kB
Node 0 NFS_Unstable:          0 kB
Node 0 Bounce:                0 kB
Node 0 WritebackTmp:          0 kB
Node 0 KReclaimable:      19644 kB
Node 0 Slab:              53756 kB
Node 0 SReclaimable:      19644 kB
Node 0 SUnreclaim:        34112 kB
Node 0 AnonHugePages:         0 kB
Node 0 ShmemHugePages:        0 kB
Node 0 ShmemPmdMapped:        0 kB
Node 0 FileHugePages:        0 kB
Node 0 FilePmdMapped:        0 kB
Node 0 HugePages_Total:     0
Node 0 HugePages_Free:      0
Node 0 HugePages_Surp:      0

Node 1 MemTotal:       24686196 kB
Node 1 MemFree:        24483204 kB
Node 1 MemUsed:          202992 kB
Node 1 Active:            39720 kB
Node 1 Inactive:          16356 kB
Node 1 Active(anon):      18692 kB
Node 1 Inactive(anon):      308 kB
Node 1 Active(file):      21028 kB
Node 1 Inactive(file):    16048 kB
Node 1 Unevictable:       17244 kB
Node 1 Mlocked:           17244 kB
Node 1 Dirty:                68 kB
Node 1 Writeback:             0 kB
Node 1 FilePages:         44428 kB
Node 1 Mapped:            21756 kB
Node 1 AnonPages:         28968 kB
Node 1 Shmem:               440 kB
Node 1 KernelStack:        1240 kB
Node 1 PageTables:          620 kB
Node 1 NFS_Unstable:          0 kB
Node 1 Bounce:                0 kB
Node 1 WritebackTmp:          0 kB
Node 1 KReclaimable:      22240 kB
Node 1 Slab:              51536 kB
Node 1 SReclaimable:      22240 kB
Node 1 SUnreclaim:        29296 kB
Node 1 AnonHugePages:         0 kB
Node 1 ShmemHugePages:        0 kB
Node 1 ShmemPmdMapped:        0 kB
Node 1 FileHugePages:        0 kB
Node 1 FilePmdMapped:        0 kB
Node 1 HugePages_Total:     0
Node 1 HugePages_Free:      0
Node 1 HugePages_Surp:      0

Load ZFS
Node 0 MemTotal:       24743736 kB
Node 0 MemFree:        24333220 kB
Node 0 MemUsed:          410516 kB
Node 0 Active:            61400 kB
Node 0 Inactive:          69356 kB
Node 0 Active(anon):      15188 kB
Node 0 Inactive(anon):      572 kB
Node 0 Active(file):      46212 kB
Node 0 Inactive(file):    68784 kB
Node 0 Unevictable:        1280 kB
Node 0 Mlocked:            1280 kB
Node 0 Dirty:               484 kB
Node 0 Writeback:             0 kB
Node 0 FilePages:        117104 kB
Node 0 Mapped:            22272 kB
Node 0 AnonPages:         15148 kB
Node 0 Shmem:               828 kB
Node 0 KernelStack:        2392 kB
Node 0 PageTables:          472 kB
Node 0 NFS_Unstable:          0 kB
Node 0 Bounce:                0 kB
Node 0 WritebackTmp:          0 kB
Node 0 KReclaimable:      20100 kB
Node 0 Slab:              55684 kB
Node 0 SReclaimable:      20100 kB
Node 0 SUnreclaim:        35584 kB
Node 0 AnonHugePages:         0 kB
Node 0 ShmemHugePages:        0 kB
Node 0 ShmemPmdMapped:        0 kB
Node 0 FileHugePages:        0 kB
Node 0 FilePmdMapped:        0 kB
Node 0 HugePages_Total:     0
Node 0 HugePages_Free:      0
Node 0 HugePages_Surp:      0

Node 1 MemTotal:       24686196 kB
Node 1 MemFree:        24477156 kB
Node 1 MemUsed:          209040 kB
Node 1 Active:            44728 kB
Node 1 Inactive:          16752 kB
Node 1 Active(anon):      23056 kB
Node 1 Inactive(anon):      308 kB
Node 1 Active(file):      21672 kB
Node 1 Inactive(file):    16444 kB
Node 1 Unevictable:       17244 kB
Node 1 Mlocked:           17244 kB
Node 1 Dirty:                68 kB
Node 1 Writeback:             0 kB
Node 1 FilePages:         45468 kB
Node 1 Mapped:            21756 kB
Node 1 AnonPages:         33388 kB
Node 1 Shmem:               440 kB
Node 1 KernelStack:        1304 kB
Node 1 PageTables:          812 kB
Node 1 NFS_Unstable:          0 kB
Node 1 Bounce:                0 kB
Node 1 WritebackTmp:          0 kB
Node 1 KReclaimable:      22720 kB
Node 1 Slab:              53728 kB
Node 1 SReclaimable:      22720 kB
Node 1 SUnreclaim:        31008 kB
Node 1 AnonHugePages:         0 kB
Node 1 ShmemHugePages:        0 kB
Node 1 ShmemPmdMapped:        0 kB
Node 1 FileHugePages:        0 kB
Node 1 FilePmdMapped:        0 kB
Node 1 HugePages_Total:     0
Node 1 HugePages_Free:      0
Node 1 HugePages_Surp:      0

Import tank ZPool
Node 0 MemTotal:       24743736 kB
Node 0 MemFree:        24322664 kB
Node 0 MemUsed:          421072 kB
Node 0 Active:            61428 kB
Node 0 Inactive:          69392 kB
Node 0 Active(anon):      15196 kB
Node 0 Inactive(anon):      572 kB
Node 0 Active(file):      46232 kB
Node 0 Inactive(file):    68820 kB
Node 0 Unevictable:        1280 kB
Node 0 Mlocked:            1280 kB
Node 0 Dirty:               260 kB
Node 0 Writeback:             0 kB
Node 0 FilePages:        117196 kB
Node 0 Mapped:            22148 kB
Node 0 AnonPages:         14940 kB
Node 0 Shmem:               828 kB
Node 0 KernelStack:        3496 kB
Node 0 PageTables:          448 kB
Node 0 NFS_Unstable:          0 kB
Node 0 Bounce:                0 kB
Node 0 WritebackTmp:          0 kB
Node 0 KReclaimable:      20100 kB
Node 0 Slab:              57992 kB
Node 0 SReclaimable:      20100 kB
Node 0 SUnreclaim:        37892 kB
Node 0 AnonHugePages:         0 kB
Node 0 ShmemHugePages:        0 kB
Node 0 ShmemPmdMapped:        0 kB
Node 0 FileHugePages:        0 kB
Node 0 FilePmdMapped:        0 kB
Node 0 HugePages_Total:     0
Node 0 HugePages_Free:      0
Node 0 HugePages_Surp:      0

Node 1 MemTotal:       24686196 kB
Node 1 MemFree:        24469272 kB
Node 1 MemUsed:          216924 kB
Node 1 Active:            40364 kB
Node 1 Inactive:          17600 kB
Node 1 Active(anon):      17976 kB
Node 1 Inactive(anon):      312 kB
Node 1 Active(file):      22388 kB
Node 1 Inactive(file):    17288 kB
Node 1 Unevictable:       17244 kB
Node 1 Mlocked:           17244 kB
Node 1 Dirty:               112 kB
Node 1 Writeback:             0 kB
Node 1 FilePages:         47048 kB
Node 1 Mapped:            21856 kB
Node 1 AnonPages:         27752 kB
Node 1 Shmem:               440 kB
Node 1 KernelStack:        1208 kB
Node 1 PageTables:          600 kB
Node 1 NFS_Unstable:          0 kB
Node 1 Bounce:                0 kB
Node 1 WritebackTmp:          0 kB
Node 1 KReclaimable:      22892 kB
Node 1 Slab:              59628 kB
Node 1 SReclaimable:      22892 kB
Node 1 SUnreclaim:        36736 kB
Node 1 AnonHugePages:         0 kB
Node 1 ShmemHugePages:        0 kB
Node 1 ShmemPmdMapped:        0 kB
Node 1 FileHugePages:        0 kB
Node 1 FilePmdMapped:        0 kB
Node 1 HugePages_Total:     0
Node 1 HugePages_Free:      0
Node 1 HugePages_Surp:      0

After Test
Node 0 MemTotal:       24743736 kB
Node 0 MemFree:        24321568 kB
Node 0 MemUsed:          422168 kB
Node 0 Active:            61792 kB
Node 0 Inactive:          69364 kB
Node 0 Active(anon):      15192 kB
Node 0 Inactive(anon):      572 kB
Node 0 Active(file):      46600 kB
Node 0 Inactive(file):    68792 kB
Node 0 Unevictable:        1280 kB
Node 0 Mlocked:            1280 kB
Node 0 Dirty:               260 kB
Node 0 Writeback:             0 kB
Node 0 FilePages:        117500 kB
Node 0 Mapped:            22120 kB
Node 0 AnonPages:         15072 kB
Node 0 Shmem:               828 kB
Node 0 KernelStack:        3496 kB
Node 0 PageTables:          448 kB
Node 0 NFS_Unstable:          0 kB
Node 0 Bounce:                0 kB
Node 0 WritebackTmp:          0 kB
Node 0 KReclaimable:      20140 kB
Node 0 Slab:              58224 kB
Node 0 SReclaimable:      20140 kB
Node 0 SUnreclaim:        38084 kB
Node 0 AnonHugePages:         0 kB
Node 0 ShmemHugePages:        0 kB
Node 0 ShmemPmdMapped:        0 kB
Node 0 FileHugePages:        0 kB
Node 0 FilePmdMapped:        0 kB
Node 0 HugePages_Total:     0
Node 0 HugePages_Free:      0
Node 0 HugePages_Surp:      0

Node 1 MemTotal:       24686196 kB
Node 1 MemFree:        24469348 kB
Node 1 MemUsed:          216848 kB
Node 1 Active:            41428 kB
Node 1 Inactive:          17588 kB
Node 1 Active(anon):      18908 kB
Node 1 Inactive(anon):      312 kB
Node 1 Active(file):      22520 kB
Node 1 Inactive(file):    17276 kB
Node 1 Unevictable:       17244 kB
Node 1 Mlocked:           17244 kB
Node 1 Dirty:               112 kB
Node 1 Writeback:             0 kB
Node 1 FilePages:         47148 kB
Node 1 Mapped:            21804 kB
Node 1 AnonPages:         29204 kB
Node 1 Shmem:               440 kB
Node 1 KernelStack:        1224 kB
Node 1 PageTables:          620 kB
Node 1 NFS_Unstable:          0 kB
Node 1 Bounce:                0 kB
Node 1 WritebackTmp:          0 kB
Node 1 KReclaimable:      22908 kB
Node 1 Slab:              59776 kB
Node 1 SReclaimable:      22908 kB
Node 1 SUnreclaim:        36868 kB
Node 1 AnonHugePages:         0 kB
Node 1 ShmemHugePages:        0 kB
Node 1 ShmemPmdMapped:        0 kB
Node 1 FileHugePages:        0 kB
Node 1 FilePmdMapped:        0 kB
Node 1 HugePages_Total:     0
Node 1 HugePages_Free:      0
Node 1 HugePages_Surp:      0

After Opposite Node
Node 0 MemTotal:       24743736 kB
Node 0 MemFree:        24321684 kB
Node 0 MemUsed:          422052 kB
Node 0 Active:            61620 kB
Node 0 Inactive:          69364 kB
Node 0 Active(anon):      15020 kB
Node 0 Inactive(anon):      572 kB
Node 0 Active(file):      46600 kB
Node 0 Inactive(file):    68792 kB
Node 0 Unevictable:        1280 kB
Node 0 Mlocked:            1280 kB
Node 0 Dirty:               260 kB
Node 0 Writeback:             0 kB
Node 0 FilePages:        117500 kB
Node 0 Mapped:            22112 kB
Node 0 AnonPages:         14796 kB
Node 0 Shmem:               828 kB
Node 0 KernelStack:        3480 kB
Node 0 PageTables:          476 kB
Node 0 NFS_Unstable:          0 kB
Node 0 Bounce:                0 kB
Node 0 WritebackTmp:          0 kB
Node 0 KReclaimable:      20140 kB
Node 0 Slab:              58224 kB
Node 0 SReclaimable:      20140 kB
Node 0 SUnreclaim:        38084 kB
Node 0 AnonHugePages:         0 kB
Node 0 ShmemHugePages:        0 kB
Node 0 ShmemPmdMapped:        0 kB
Node 0 FileHugePages:        0 kB
Node 0 FilePmdMapped:        0 kB
Node 0 HugePages_Total:     0
Node 0 HugePages_Free:      0
Node 0 HugePages_Surp:      0

Node 1 MemTotal:       24686196 kB
Node 1 MemFree:        24469048 kB
Node 1 MemUsed:          217148 kB
Node 1 Active:            41844 kB
Node 1 Inactive:          17528 kB
Node 1 Active(anon):      19260 kB
Node 1 Inactive(anon):      312 kB
Node 1 Active(file):      22584 kB
Node 1 Inactive(file):    17216 kB
Node 1 Unevictable:       17244 kB
Node 1 Mlocked:           17244 kB
Node 1 Dirty:               112 kB
Node 1 Writeback:             0 kB
Node 1 FilePages:         47152 kB
Node 1 Mapped:            21900 kB
Node 1 AnonPages:         29476 kB
Node 1 Shmem:               440 kB
Node 1 KernelStack:        1256 kB
Node 1 PageTables:          676 kB
Node 1 NFS_Unstable:          0 kB
Node 1 Bounce:                0 kB
Node 1 WritebackTmp:          0 kB
Node 1 KReclaimable:      22944 kB
Node 1 Slab:              59912 kB
Node 1 SReclaimable:      22944 kB
Node 1 SUnreclaim:        36968 kB
Node 1 AnonHugePages:         0 kB
Node 1 ShmemHugePages:        0 kB
Node 1 ShmemPmdMapped:        0 kB
Node 1 FileHugePages:        0 kB
Node 1 FilePmdMapped:        0 kB
Node 1 HugePages_Total:     0
Node 1 HugePages_Free:      0
Node 1 HugePages_Surp:      0

U.0.simplememory.250M.2.O Complete!
