kernel.numa_balancing = 0
35 Tests Remaining!
U.0.simplememory.250M.3.O
Begin
Node 0 MemTotal:       24768352 kB
Node 0 MemFree:        24519996 kB
Node 0 MemUsed:          248356 kB
Node 0 Active:            34564 kB
Node 0 Inactive:          71056 kB
Node 0 Active(anon):      10780 kB
Node 0 Inactive(anon):      532 kB
Node 0 Active(file):      23784 kB
Node 0 Inactive(file):    70524 kB
Node 0 Unevictable:         520 kB
Node 0 Mlocked:             520 kB
Node 0 Dirty:                44 kB
Node 0 Writeback:             0 kB
Node 0 FilePages:         95632 kB
Node 0 Mapped:            26668 kB
Node 0 AnonPages:         10592 kB
Node 0 Shmem:               804 kB
Node 0 KernelStack:        2488 kB
Node 0 PageTables:          556 kB
Node 0 NFS_Unstable:          0 kB
Node 0 Bounce:                0 kB
Node 0 WritebackTmp:          0 kB
Node 0 KReclaimable:      19476 kB
Node 0 Slab:              55068 kB
Node 0 SReclaimable:      19476 kB
Node 0 SUnreclaim:        35592 kB
Node 0 AnonHugePages:         0 kB
Node 0 ShmemHugePages:        0 kB
Node 0 ShmemPmdMapped:        0 kB
Node 0 FileHugePages:        0 kB
Node 0 FilePmdMapped:        0 kB
Node 0 HugePages_Total:     0
Node 0 HugePages_Free:      0
Node 0 HugePages_Surp:      0

Node 1 MemTotal:       24661580 kB
Node 1 MemFree:        24283228 kB
Node 1 MemUsed:          378352 kB
Node 1 Active:            63004 kB
Node 1 Inactive:          30476 kB
Node 1 Active(anon):      24272 kB
Node 1 Inactive(anon):      324 kB
Node 1 Active(file):      38732 kB
Node 1 Inactive(file):    30152 kB
Node 1 Unevictable:       18004 kB
Node 1 Mlocked:           18004 kB
Node 1 Dirty:                40 kB
Node 1 Writeback:             0 kB
Node 1 FilePages:         77032 kB
Node 1 Mapped:            22564 kB
Node 1 AnonPages:         34580 kB
Node 1 Shmem:               464 kB
Node 1 KernelStack:        1336 kB
Node 1 PageTables:          736 kB
Node 1 NFS_Unstable:          0 kB
Node 1 Bounce:                0 kB
Node 1 WritebackTmp:          0 kB
Node 1 KReclaimable:      22780 kB
Node 1 Slab:              51672 kB
Node 1 SReclaimable:      22780 kB
Node 1 SUnreclaim:        28892 kB
Node 1 AnonHugePages:         0 kB
Node 1 ShmemHugePages:        0 kB
Node 1 ShmemPmdMapped:        0 kB
Node 1 FileHugePages:        0 kB
Node 1 FilePmdMapped:        0 kB
Node 1 HugePages_Total:     0
Node 1 HugePages_Free:      0
Node 1 HugePages_Surp:      0

Load ZFS
Node 0 MemTotal:       24768352 kB
Node 0 MemFree:        24512512 kB
Node 0 MemUsed:          255840 kB
Node 0 Active:            41008 kB
Node 0 Inactive:          70760 kB
Node 0 Active(anon):      16444 kB
Node 0 Inactive(anon):      536 kB
Node 0 Active(file):      24564 kB
Node 0 Inactive(file):    70224 kB
Node 0 Unevictable:         520 kB
Node 0 Mlocked:             520 kB
Node 0 Dirty:               108 kB
Node 0 Writeback:             0 kB
Node 0 FilePages:         96112 kB
Node 0 Mapped:            26672 kB
Node 0 AnonPages:         16220 kB
Node 0 Shmem:               804 kB
Node 0 KernelStack:        2584 kB
Node 0 PageTables:          840 kB
Node 0 NFS_Unstable:          0 kB
Node 0 Bounce:                0 kB
Node 0 WritebackTmp:          0 kB
Node 0 KReclaimable:      19932 kB
Node 0 Slab:              56852 kB
Node 0 SReclaimable:      19932 kB
Node 0 SUnreclaim:        36920 kB
Node 0 AnonHugePages:         0 kB
Node 0 ShmemHugePages:        0 kB
Node 0 ShmemPmdMapped:        0 kB
Node 0 FileHugePages:        0 kB
Node 0 FilePmdMapped:        0 kB
Node 0 HugePages_Total:     0
Node 0 HugePages_Free:      0
Node 0 HugePages_Surp:      0

Node 1 MemTotal:       24661580 kB
Node 1 MemFree:        24279092 kB
Node 1 MemUsed:          382488 kB
Node 1 Active:            69016 kB
Node 1 Inactive:          26688 kB
Node 1 Active(anon):      24444 kB
Node 1 Inactive(anon):      324 kB
Node 1 Active(file):      44572 kB
Node 1 Inactive(file):    26364 kB
Node 1 Unevictable:       18004 kB
Node 1 Mlocked:           18004 kB
Node 1 Dirty:                48 kB
Node 1 Writeback:             0 kB
Node 1 FilePages:         79072 kB
Node 1 Mapped:            22560 kB
Node 1 AnonPages:         34440 kB
Node 1 Shmem:               464 kB
Node 1 KernelStack:        1144 kB
Node 1 PageTables:          600 kB
Node 1 NFS_Unstable:          0 kB
Node 1 Bounce:                0 kB
Node 1 WritebackTmp:          0 kB
Node 1 KReclaimable:      22996 kB
Node 1 Slab:              52784 kB
Node 1 SReclaimable:      22996 kB
Node 1 SUnreclaim:        29788 kB
Node 1 AnonHugePages:         0 kB
Node 1 ShmemHugePages:        0 kB
Node 1 ShmemPmdMapped:        0 kB
Node 1 FileHugePages:        0 kB
Node 1 FilePmdMapped:        0 kB
Node 1 HugePages_Total:     0
Node 1 HugePages_Free:      0
Node 1 HugePages_Surp:      0

Import tank ZPool
Node 0 MemTotal:       24768352 kB
Node 0 MemFree:        24498944 kB
Node 0 MemUsed:          269408 kB
Node 0 Active:            41096 kB
Node 0 Inactive:          70736 kB
Node 0 Active(anon):      16484 kB
Node 0 Inactive(anon):      536 kB
Node 0 Active(file):      24612 kB
Node 0 Inactive(file):    70200 kB
Node 0 Unevictable:         520 kB
Node 0 Mlocked:             520 kB
Node 0 Dirty:               136 kB
Node 0 Writeback:             0 kB
Node 0 FilePages:         96156 kB
Node 0 Mapped:            26728 kB
Node 0 AnonPages:         16228 kB
Node 0 Shmem:               804 kB
Node 0 KernelStack:        3720 kB
Node 0 PageTables:          840 kB
Node 0 NFS_Unstable:          0 kB
Node 0 Bounce:                0 kB
Node 0 WritebackTmp:          0 kB
Node 0 KReclaimable:      19936 kB
Node 0 Slab:              59464 kB
Node 0 SReclaimable:      19936 kB
Node 0 SUnreclaim:        39528 kB
Node 0 AnonHugePages:         0 kB
Node 0 ShmemHugePages:        0 kB
Node 0 ShmemPmdMapped:        0 kB
Node 0 FileHugePages:        0 kB
Node 0 FilePmdMapped:        0 kB
Node 0 HugePages_Total:     0
Node 0 HugePages_Free:      0
Node 0 HugePages_Surp:      0

Node 1 MemTotal:       24661580 kB
Node 1 MemFree:        24271068 kB
Node 1 MemUsed:          390512 kB
Node 1 Active:            70116 kB
Node 1 Inactive:          27904 kB
Node 1 Active(anon):      25088 kB
Node 1 Inactive(anon):      328 kB
Node 1 Active(file):      45028 kB
Node 1 Inactive(file):    27576 kB
Node 1 Unevictable:       18004 kB
Node 1 Mlocked:           18004 kB
Node 1 Dirty:                68 kB
Node 1 Writeback:             0 kB
Node 1 FilePages:         80760 kB
Node 1 Mapped:            22556 kB
Node 1 AnonPages:         35112 kB
Node 1 Shmem:               464 kB
Node 1 KernelStack:        1176 kB
Node 1 PageTables:          688 kB
Node 1 NFS_Unstable:          0 kB
Node 1 Bounce:                0 kB
Node 1 WritebackTmp:          0 kB
Node 1 KReclaimable:      23144 kB
Node 1 Slab:              58016 kB
Node 1 SReclaimable:      23144 kB
Node 1 SUnreclaim:        34872 kB
Node 1 AnonHugePages:         0 kB
Node 1 ShmemHugePages:        0 kB
Node 1 ShmemPmdMapped:        0 kB
Node 1 FileHugePages:        0 kB
Node 1 FilePmdMapped:        0 kB
Node 1 HugePages_Total:     0
Node 1 HugePages_Free:      0
Node 1 HugePages_Surp:      0

After Test
Node 0 MemTotal:       24768352 kB
Node 0 MemFree:        24496864 kB
Node 0 MemUsed:          271488 kB
Node 0 Active:            41508 kB
Node 0 Inactive:          70736 kB
Node 0 Active(anon):      16756 kB
Node 0 Inactive(anon):      536 kB
Node 0 Active(file):      24752 kB
Node 0 Inactive(file):    70200 kB
Node 0 Unevictable:         520 kB
Node 0 Mlocked:             520 kB
Node 0 Dirty:               136 kB
Node 0 Writeback:             0 kB
Node 0 FilePages:         96296 kB
Node 0 Mapped:            26672 kB
Node 0 AnonPages:         16504 kB
Node 0 Shmem:               804 kB
Node 0 KernelStack:        3736 kB
Node 0 PageTables:          900 kB
Node 0 NFS_Unstable:          0 kB
Node 0 Bounce:                0 kB
Node 0 WritebackTmp:          0 kB
Node 0 KReclaimable:      20008 kB
Node 0 Slab:              59620 kB
Node 0 SReclaimable:      20008 kB
Node 0 SUnreclaim:        39612 kB
Node 0 AnonHugePages:         0 kB
Node 0 ShmemHugePages:        0 kB
Node 0 ShmemPmdMapped:        0 kB
Node 0 FileHugePages:        0 kB
Node 0 FilePmdMapped:        0 kB
Node 0 HugePages_Total:     0
Node 0 HugePages_Free:      0
Node 0 HugePages_Surp:      0

Node 1 MemTotal:       24661580 kB
Node 1 MemFree:        24271028 kB
Node 1 MemUsed:          390552 kB
Node 1 Active:            69884 kB
Node 1 Inactive:          27540 kB
Node 1 Active(anon):      24440 kB
Node 1 Inactive(anon):      328 kB
Node 1 Active(file):      45444 kB
Node 1 Inactive(file):    27212 kB
Node 1 Unevictable:       18004 kB
Node 1 Mlocked:           18004 kB
Node 1 Dirty:                68 kB
Node 1 Writeback:             0 kB
Node 1 FilePages:         80792 kB
Node 1 Mapped:            22464 kB
Node 1 AnonPages:         34688 kB
Node 1 Shmem:               464 kB
Node 1 KernelStack:        1128 kB
Node 1 PageTables:          572 kB
Node 1 NFS_Unstable:          0 kB
Node 1 Bounce:                0 kB
Node 1 WritebackTmp:          0 kB
Node 1 KReclaimable:      23144 kB
Node 1 Slab:              58060 kB
Node 1 SReclaimable:      23144 kB
Node 1 SUnreclaim:        34916 kB
Node 1 AnonHugePages:         0 kB
Node 1 ShmemHugePages:        0 kB
Node 1 ShmemPmdMapped:        0 kB
Node 1 FileHugePages:        0 kB
Node 1 FilePmdMapped:        0 kB
Node 1 HugePages_Total:     0
Node 1 HugePages_Free:      0
Node 1 HugePages_Surp:      0

After Opposite Node
Node 0 MemTotal:       24768352 kB
Node 0 MemFree:        24496768 kB
Node 0 MemUsed:          271584 kB
Node 0 Active:            41432 kB
Node 0 Inactive:          70720 kB
Node 0 Active(anon):      16500 kB
Node 0 Inactive(anon):      536 kB
Node 0 Active(file):      24932 kB
Node 0 Inactive(file):    70184 kB
Node 0 Unevictable:         520 kB
Node 0 Mlocked:             520 kB
Node 0 Dirty:               140 kB
Node 0 Writeback:             0 kB
Node 0 FilePages:         96460 kB
Node 0 Mapped:            26680 kB
Node 0 AnonPages:         16240 kB
Node 0 Shmem:               804 kB
Node 0 KernelStack:        3704 kB
Node 0 PageTables:          840 kB
Node 0 NFS_Unstable:          0 kB
Node 0 Bounce:                0 kB
Node 0 WritebackTmp:          0 kB
Node 0 KReclaimable:      20008 kB
Node 0 Slab:              59620 kB
Node 0 SReclaimable:      20008 kB
Node 0 SUnreclaim:        39612 kB
Node 0 AnonHugePages:         0 kB
Node 0 ShmemHugePages:        0 kB
Node 0 ShmemPmdMapped:        0 kB
Node 0 FileHugePages:        0 kB
Node 0 FilePmdMapped:        0 kB
Node 0 HugePages_Total:     0
Node 0 HugePages_Free:      0
Node 0 HugePages_Surp:      0

Node 1 MemTotal:       24661580 kB
Node 1 MemFree:        24271044 kB
Node 1 MemUsed:          390536 kB
Node 1 Active:            70476 kB
Node 1 Inactive:          27304 kB
Node 1 Active(anon):      24784 kB
Node 1 Inactive(anon):      328 kB
Node 1 Active(file):      45692 kB
Node 1 Inactive(file):    26976 kB
Node 1 Unevictable:       18004 kB
Node 1 Mlocked:           18004 kB
Node 1 Dirty:                76 kB
Node 1 Writeback:             0 kB
Node 1 FilePages:         80804 kB
Node 1 Mapped:            22436 kB
Node 1 AnonPages:         35168 kB
Node 1 Shmem:               464 kB
Node 1 KernelStack:        1160 kB
Node 1 PageTables:          700 kB
Node 1 NFS_Unstable:          0 kB
Node 1 Bounce:                0 kB
Node 1 WritebackTmp:          0 kB
Node 1 KReclaimable:      23176 kB
Node 1 Slab:              58144 kB
Node 1 SReclaimable:      23176 kB
Node 1 SUnreclaim:        34968 kB
Node 1 AnonHugePages:         0 kB
Node 1 ShmemHugePages:        0 kB
Node 1 ShmemPmdMapped:        0 kB
Node 1 FileHugePages:        0 kB
Node 1 FilePmdMapped:        0 kB
Node 1 HugePages_Total:     0
Node 1 HugePages_Free:      0
Node 1 HugePages_Surp:      0

U.0.simplememory.250M.3.O Complete!
