kernel.numa_balancing = 0
U.0.simplememory.4G.3.O
Begin
Node 0 MemTotal:       24768352 kB
Node 0 MemFree:        24419904 kB
Node 0 MemUsed:          348448 kB
Node 0 Active:            37336 kB
Node 0 Inactive:          41216 kB
Node 0 Active(anon):      10704 kB
Node 0 Inactive(anon):      328 kB
Node 0 Active(file):      26632 kB
Node 0 Inactive(file):    40888 kB
Node 0 Unevictable:        5308 kB
Node 0 Mlocked:            5308 kB
Node 0 Dirty:               304 kB
Node 0 Writeback:             0 kB
Node 0 FilePages:         73344 kB
Node 0 Mapped:            34084 kB
Node 0 AnonPages:         10828 kB
Node 0 Shmem:               496 kB
Node 0 KernelStack:        2232 kB
Node 0 PageTables:          484 kB
Node 0 NFS_Unstable:          0 kB
Node 0 Bounce:                0 kB
Node 0 WritebackTmp:          0 kB
Node 0 KReclaimable:      15056 kB
Node 0 Slab:              40376 kB
Node 0 SReclaimable:      15056 kB
Node 0 SUnreclaim:        25320 kB
Node 0 AnonHugePages:         0 kB
Node 0 ShmemHugePages:        0 kB
Node 0 ShmemPmdMapped:        0 kB
Node 0 FileHugePages:        0 kB
Node 0 FilePmdMapped:        0 kB
Node 0 HugePages_Total:     0
Node 0 HugePages_Free:      0
Node 0 HugePages_Surp:      0

Node 1 MemTotal:       24661580 kB
Node 1 MemFree:        24389388 kB
Node 1 MemUsed:          272192 kB
Node 1 Active:            57596 kB
Node 1 Inactive:          57384 kB
Node 1 Active(anon):      22872 kB
Node 1 Inactive(anon):      560 kB
Node 1 Active(file):      34724 kB
Node 1 Inactive(file):    56824 kB
Node 1 Unevictable:       13212 kB
Node 1 Mlocked:           13212 kB
Node 1 Dirty:               136 kB
Node 1 Writeback:             0 kB
Node 1 FilePages:         95256 kB
Node 1 Mapped:            16892 kB
Node 1 AnonPages:         32984 kB
Node 1 Shmem:               772 kB
Node 1 KernelStack:        1368 kB
Node 1 PageTables:          532 kB
Node 1 NFS_Unstable:          0 kB
Node 1 Bounce:                0 kB
Node 1 WritebackTmp:          0 kB
Node 1 KReclaimable:      26348 kB
Node 1 Slab:              64808 kB
Node 1 SReclaimable:      26348 kB
Node 1 SUnreclaim:        38460 kB
Node 1 AnonHugePages:         0 kB
Node 1 ShmemHugePages:        0 kB
Node 1 ShmemPmdMapped:        0 kB
Node 1 FileHugePages:        0 kB
Node 1 FilePmdMapped:        0 kB
Node 1 HugePages_Total:     0
Node 1 HugePages_Free:      0
Node 1 HugePages_Surp:      0

Load ZFS
Node 0 MemTotal:       24768352 kB
Node 0 MemFree:        24552472 kB
Node 0 MemUsed:          215880 kB
Node 0 Active:            45656 kB
Node 0 Inactive:          37120 kB
Node 0 Active(anon):      14064 kB
Node 0 Inactive(anon):      328 kB
Node 0 Active(file):      31592 kB
Node 0 Inactive(file):    36792 kB
Node 0 Unevictable:        5308 kB
Node 0 Mlocked:            5308 kB
Node 0 Dirty:               100 kB
Node 0 Writeback:             0 kB
Node 0 FilePages:         74184 kB
Node 0 Mapped:            34196 kB
Node 0 AnonPages:         14048 kB
Node 0 Shmem:               496 kB
Node 0 KernelStack:        2296 kB
Node 0 PageTables:          652 kB
Node 0 NFS_Unstable:          0 kB
Node 0 Bounce:                0 kB
Node 0 WritebackTmp:          0 kB
Node 0 KReclaimable:      15588 kB
Node 0 Slab:              41764 kB
Node 0 SReclaimable:      15588 kB
Node 0 SUnreclaim:        26176 kB
Node 0 AnonHugePages:         0 kB
Node 0 ShmemHugePages:        0 kB
Node 0 ShmemPmdMapped:        0 kB
Node 0 FileHugePages:        0 kB
Node 0 FilePmdMapped:        0 kB
Node 0 HugePages_Total:     0
Node 0 HugePages_Free:      0
Node 0 HugePages_Surp:      0

Node 1 MemTotal:       24661580 kB
Node 1 MemFree:        24245336 kB
Node 1 MemUsed:          416244 kB
Node 1 Active:            63304 kB
Node 1 Inactive:          57348 kB
Node 1 Active(anon):      26752 kB
Node 1 Inactive(anon):      560 kB
Node 1 Active(file):      36552 kB
Node 1 Inactive(file):    56788 kB
Node 1 Unevictable:       13212 kB
Node 1 Mlocked:           13212 kB
Node 1 Dirty:               136 kB
Node 1 Writeback:             0 kB
Node 1 FilePages:         97000 kB
Node 1 Mapped:            16904 kB
Node 1 AnonPages:         36748 kB
Node 1 Shmem:               772 kB
Node 1 KernelStack:        1512 kB
Node 1 PageTables:          908 kB
Node 1 NFS_Unstable:          0 kB
Node 1 Bounce:                0 kB
Node 1 WritebackTmp:          0 kB
Node 1 KReclaimable:      26852 kB
Node 1 Slab:              67232 kB
Node 1 SReclaimable:      26852 kB
Node 1 SUnreclaim:        40380 kB
Node 1 AnonHugePages:         0 kB
Node 1 ShmemHugePages:        0 kB
Node 1 ShmemPmdMapped:        0 kB
Node 1 FileHugePages:        0 kB
Node 1 FilePmdMapped:        0 kB
Node 1 HugePages_Total:     0
Node 1 HugePages_Free:      0
Node 1 HugePages_Surp:      0

Import tank ZPool
Node 0 MemTotal:       24768352 kB
Node 0 MemFree:        24539792 kB
Node 0 MemUsed:          228560 kB
Node 0 Active:            45768 kB
Node 0 Inactive:          37124 kB
Node 0 Active(anon):      14160 kB
Node 0 Inactive(anon):      328 kB
Node 0 Active(file):      31608 kB
Node 0 Inactive(file):    36796 kB
Node 0 Unevictable:        5308 kB
Node 0 Mlocked:            5308 kB
Node 0 Dirty:               144 kB
Node 0 Writeback:             0 kB
Node 0 FilePages:         74212 kB
Node 0 Mapped:            34200 kB
Node 0 AnonPages:         14048 kB
Node 0 Shmem:               496 kB
Node 0 KernelStack:        3432 kB
Node 0 PageTables:          652 kB
Node 0 NFS_Unstable:          0 kB
Node 0 Bounce:                0 kB
Node 0 WritebackTmp:          0 kB
Node 0 KReclaimable:      15592 kB
Node 0 Slab:              43992 kB
Node 0 SReclaimable:      15592 kB
Node 0 SUnreclaim:        28400 kB
Node 0 AnonHugePages:         0 kB
Node 0 ShmemHugePages:        0 kB
Node 0 ShmemPmdMapped:        0 kB
Node 0 FileHugePages:        0 kB
Node 0 FilePmdMapped:        0 kB
Node 0 HugePages_Total:     0
Node 0 HugePages_Free:      0
Node 0 HugePages_Surp:      0

Node 1 MemTotal:       24661580 kB
Node 1 MemFree:        24239400 kB
Node 1 MemUsed:          422180 kB
Node 1 Active:            64036 kB
Node 1 Inactive:          58284 kB
Node 1 Active(anon):      26764 kB
Node 1 Inactive(anon):      564 kB
Node 1 Active(file):      37272 kB
Node 1 Inactive(file):    57720 kB
Node 1 Unevictable:       13212 kB
Node 1 Mlocked:           13212 kB
Node 1 Dirty:               168 kB
Node 1 Writeback:             0 kB
Node 1 FilePages:         98688 kB
Node 1 Mapped:            17180 kB
Node 1 AnonPages:         37004 kB
Node 1 Shmem:               772 kB
Node 1 KernelStack:        1528 kB
Node 1 PageTables:          988 kB
Node 1 NFS_Unstable:          0 kB
Node 1 Bounce:                0 kB
Node 1 WritebackTmp:          0 kB
Node 1 KReclaimable:      27020 kB
Node 1 Slab:              72532 kB
Node 1 SReclaimable:      27020 kB
Node 1 SUnreclaim:        45512 kB
Node 1 AnonHugePages:         0 kB
Node 1 ShmemHugePages:        0 kB
Node 1 ShmemPmdMapped:        0 kB
Node 1 FileHugePages:        0 kB
Node 1 FilePmdMapped:        0 kB
Node 1 HugePages_Total:     0
Node 1 HugePages_Free:      0
Node 1 HugePages_Surp:      0

After Test
Node 0 MemTotal:       24768352 kB
Node 0 MemFree:        24539780 kB
Node 0 MemUsed:          228572 kB
Node 0 Active:            42488 kB
Node 0 Inactive:          37152 kB
Node 0 Active(anon):      10552 kB
Node 0 Inactive(anon):      328 kB
Node 0 Active(file):      31936 kB
Node 0 Inactive(file):    36824 kB
Node 0 Unevictable:        5308 kB
Node 0 Mlocked:            5308 kB
Node 0 Dirty:                80 kB
Node 0 Writeback:             0 kB
Node 0 FilePages:         74568 kB
Node 0 Mapped:            34052 kB
Node 0 AnonPages:         10080 kB
Node 0 Shmem:               496 kB
Node 0 KernelStack:        3368 kB
Node 0 PageTables:          496 kB
Node 0 NFS_Unstable:          0 kB
Node 0 Bounce:                0 kB
Node 0 WritebackTmp:          0 kB
Node 0 KReclaimable:      15628 kB
Node 0 Slab:              44028 kB
Node 0 SReclaimable:      15628 kB
Node 0 SUnreclaim:        28400 kB
Node 0 AnonHugePages:         0 kB
Node 0 ShmemHugePages:        0 kB
Node 0 ShmemPmdMapped:        0 kB
Node 0 FileHugePages:        0 kB
Node 0 FilePmdMapped:        0 kB
Node 0 HugePages_Total:     0
Node 0 HugePages_Free:      0
Node 0 HugePages_Surp:      0

Node 1 MemTotal:       24661580 kB
Node 1 MemFree:        24241580 kB
Node 1 MemUsed:          420000 kB
Node 1 Active:            60068 kB
Node 1 Inactive:          58184 kB
Node 1 Active(anon):      22660 kB
Node 1 Inactive(anon):      564 kB
Node 1 Active(file):      37408 kB
Node 1 Inactive(file):    57620 kB
Node 1 Unevictable:       13212 kB
Node 1 Mlocked:           13212 kB
Node 1 Dirty:                 8 kB
Node 1 Writeback:             0 kB
Node 1 FilePages:         98688 kB
Node 1 Mapped:            17180 kB
Node 1 AnonPages:         32776 kB
Node 1 Shmem:               772 kB
Node 1 KernelStack:        1336 kB
Node 1 PageTables:          576 kB
Node 1 NFS_Unstable:          0 kB
Node 1 Bounce:                0 kB
Node 1 WritebackTmp:          0 kB
Node 1 KReclaimable:      27020 kB
Node 1 Slab:              72560 kB
Node 1 SReclaimable:      27020 kB
Node 1 SUnreclaim:        45540 kB
Node 1 AnonHugePages:         0 kB
Node 1 ShmemHugePages:        0 kB
Node 1 ShmemPmdMapped:        0 kB
Node 1 FileHugePages:        0 kB
Node 1 FilePmdMapped:        0 kB
Node 1 HugePages_Total:     0
Node 1 HugePages_Free:      0
Node 1 HugePages_Surp:      0

After Opposite Node
Node 0 MemTotal:       24768352 kB
Node 0 MemFree:        24541816 kB
Node 0 MemUsed:          226536 kB
Node 0 Active:            42208 kB
Node 0 Inactive:          37104 kB
Node 0 Active(anon):      10204 kB
Node 0 Inactive(anon):      328 kB
Node 0 Active(file):      32004 kB
Node 0 Inactive(file):    36776 kB
Node 0 Unevictable:        5308 kB
Node 0 Mlocked:            5308 kB
Node 0 Dirty:               120 kB
Node 0 Writeback:             0 kB
Node 0 FilePages:         74588 kB
Node 0 Mapped:            34044 kB
Node 0 AnonPages:         10084 kB
Node 0 Shmem:               496 kB
Node 0 KernelStack:        3352 kB
Node 0 PageTables:          456 kB
Node 0 NFS_Unstable:          0 kB
Node 0 Bounce:                0 kB
Node 0 WritebackTmp:          0 kB
Node 0 KReclaimable:      15632 kB
Node 0 Slab:              44032 kB
Node 0 SReclaimable:      15632 kB
Node 0 SUnreclaim:        28400 kB
Node 0 AnonHugePages:         0 kB
Node 0 ShmemHugePages:        0 kB
Node 0 ShmemPmdMapped:        0 kB
Node 0 FileHugePages:        0 kB
Node 0 FilePmdMapped:        0 kB
Node 0 HugePages_Total:     0
Node 0 HugePages_Free:      0
Node 0 HugePages_Surp:      0

Node 1 MemTotal:       24661580 kB
Node 1 MemFree:        24242204 kB
Node 1 MemUsed:          419376 kB
Node 1 Active:            60536 kB
Node 1 Inactive:          57992 kB
Node 1 Active(anon):      22932 kB
Node 1 Inactive(anon):      564 kB
Node 1 Active(file):      37604 kB
Node 1 Inactive(file):    57428 kB
Node 1 Unevictable:       13212 kB
Node 1 Mlocked:           13212 kB
Node 1 Dirty:                28 kB
Node 1 Writeback:             0 kB
Node 1 FilePages:         98692 kB
Node 1 Mapped:            16972 kB
Node 1 AnonPages:         32744 kB
Node 1 Shmem:               772 kB
Node 1 KernelStack:        1288 kB
Node 1 PageTables:          504 kB
Node 1 NFS_Unstable:          0 kB
Node 1 Bounce:                0 kB
Node 1 WritebackTmp:          0 kB
Node 1 KReclaimable:      27052 kB
Node 1 Slab:              72684 kB
Node 1 SReclaimable:      27052 kB
Node 1 SUnreclaim:        45632 kB
Node 1 AnonHugePages:         0 kB
Node 1 ShmemHugePages:        0 kB
Node 1 ShmemPmdMapped:        0 kB
Node 1 FileHugePages:        0 kB
Node 1 FilePmdMapped:        0 kB
Node 1 HugePages_Total:     0
Node 1 HugePages_Free:      0
Node 1 HugePages_Surp:      0

U.0.simplememory.4G.3.O Complete!
