kernel.numa_balancing = 0
B.1.100M-simpleread.16G.1.O.1M
Begin
Node 0 MemTotal:       24743736 kB
Node 0 MemFree:        24313100 kB
Node 0 MemUsed:          430636 kB
Node 0 Active:            50096 kB
Node 0 Inactive:          87828 kB
Node 0 Active(anon):      21788 kB
Node 0 Inactive(anon):      384 kB
Node 0 Active(file):      28308 kB
Node 0 Inactive(file):    87444 kB
Node 0 Unevictable:        5912 kB
Node 0 Mlocked:            5912 kB
Node 0 Dirty:               124 kB
Node 0 Writeback:             0 kB
Node 0 FilePages:        122272 kB
Node 0 Mapped:            62880 kB
Node 0 AnonPages:         21576 kB
Node 0 Shmem:               612 kB
Node 0 KernelStack:        1880 kB
Node 0 PageTables:          724 kB
Node 0 NFS_Unstable:          0 kB
Node 0 Bounce:                0 kB
Node 0 WritebackTmp:          0 kB
Node 0 KReclaimable:      25444 kB
Node 0 Slab:              64028 kB
Node 0 SReclaimable:      25444 kB
Node 0 SUnreclaim:        38584 kB
Node 0 AnonHugePages:         0 kB
Node 0 ShmemHugePages:        0 kB
Node 0 ShmemPmdMapped:        0 kB
Node 0 FileHugePages:        0 kB
Node 0 FilePmdMapped:        0 kB
Node 0 HugePages_Total:     0
Node 0 HugePages_Free:      0
Node 0 HugePages_Surp:      0

Node 1 MemTotal:       24686196 kB
Node 1 MemFree:        24449448 kB
Node 1 MemUsed:          236748 kB
Node 1 Active:            44988 kB
Node 1 Inactive:          56596 kB
Node 1 Active(anon):      11984 kB
Node 1 Inactive(anon):      496 kB
Node 1 Active(file):      33004 kB
Node 1 Inactive(file):    56100 kB
Node 1 Unevictable:       12612 kB
Node 1 Mlocked:           12612 kB
Node 1 Dirty:               404 kB
Node 1 Writeback:             0 kB
Node 1 FilePages:         92080 kB
Node 1 Mapped:            20644 kB
Node 1 AnonPages:         22160 kB
Node 1 Shmem:               656 kB
Node 1 KernelStack:        1688 kB
Node 1 PageTables:          484 kB
Node 1 NFS_Unstable:          0 kB
Node 1 Bounce:                0 kB
Node 1 WritebackTmp:          0 kB
Node 1 KReclaimable:      16824 kB
Node 1 Slab:              42476 kB
Node 1 SReclaimable:      16824 kB
Node 1 SUnreclaim:        25652 kB
Node 1 AnonHugePages:         0 kB
Node 1 ShmemHugePages:        0 kB
Node 1 ShmemPmdMapped:        0 kB
Node 1 FileHugePages:        0 kB
Node 1 FilePmdMapped:        0 kB
Node 1 HugePages_Total:     0
Node 1 HugePages_Free:      0
Node 1 HugePages_Surp:      0

Load ZFS
Node 0 MemTotal:       24743736 kB
Node 0 MemFree:        24406464 kB
Node 0 MemUsed:          337272 kB
Node 0 Active:            63696 kB
Node 0 Inactive:         112232 kB
Node 0 Active(anon):      34292 kB
Node 0 Inactive(anon):      500 kB
Node 0 Active(file):      29404 kB
Node 0 Inactive(file):   111732 kB
Node 0 Unevictable:        5912 kB
Node 0 Mlocked:            5912 kB
Node 0 Dirty:               348 kB
Node 0 Writeback:             0 kB
Node 0 FilePages:        147752 kB
Node 0 Mapped:            65892 kB
Node 0 AnonPages:         34260 kB
Node 0 Shmem:               708 kB
Node 0 KernelStack:        2132 kB
Node 0 PageTables:         1040 kB
Node 0 NFS_Unstable:          0 kB
Node 0 Bounce:                0 kB
Node 0 WritebackTmp:          0 kB
Node 0 KReclaimable:      26200 kB
Node 0 Slab:              66172 kB
Node 0 SReclaimable:      26200 kB
Node 0 SUnreclaim:        39972 kB
Node 0 AnonHugePages:         0 kB
Node 0 ShmemHugePages:        0 kB
Node 0 ShmemPmdMapped:        0 kB
Node 0 FileHugePages:        0 kB
Node 0 FilePmdMapped:        0 kB
Node 0 HugePages_Total:     0
Node 0 HugePages_Free:      0
Node 0 HugePages_Surp:      0

Node 1 MemTotal:       24686196 kB
Node 1 MemFree:        24211100 kB
Node 1 MemUsed:          475096 kB
Node 1 Active:            59876 kB
Node 1 Inactive:         135960 kB
Node 1 Active(anon):      25460 kB
Node 1 Inactive(anon):      440 kB
Node 1 Active(file):      34416 kB
Node 1 Inactive(file):   135520 kB
Node 1 Unevictable:       12828 kB
Node 1 Mlocked:           12828 kB
Node 1 Dirty:               140 kB
Node 1 Writeback:             0 kB
Node 1 FilePages:        172800 kB
Node 1 Mapped:            21988 kB
Node 1 AnonPages:         36548 kB
Node 1 Shmem:               560 kB
Node 1 KernelStack:        2124 kB
Node 1 PageTables:         1636 kB
Node 1 NFS_Unstable:          0 kB
Node 1 Bounce:                0 kB
Node 1 WritebackTmp:          0 kB
Node 1 KReclaimable:      17912 kB
Node 1 Slab:              47788 kB
Node 1 SReclaimable:      17912 kB
Node 1 SUnreclaim:        29876 kB
Node 1 AnonHugePages:         0 kB
Node 1 ShmemHugePages:        0 kB
Node 1 ShmemPmdMapped:        0 kB
Node 1 FileHugePages:        0 kB
Node 1 FilePmdMapped:        0 kB
Node 1 HugePages_Total:     0
Node 1 HugePages_Free:      0
Node 1 HugePages_Surp:      0

Import tank ZPool
Node 0 MemTotal:       24743736 kB
Node 0 MemFree:        24406024 kB
Node 0 MemUsed:          337712 kB
Node 0 Active:            51608 kB
Node 0 Inactive:         112040 kB
Node 0 Active(anon):      22004 kB
Node 0 Inactive(anon):      504 kB
Node 0 Active(file):      29604 kB
Node 0 Inactive(file):   111536 kB
Node 0 Unevictable:        5912 kB
Node 0 Mlocked:            5912 kB
Node 0 Dirty:               392 kB
Node 0 Writeback:             0 kB
Node 0 FilePages:        147752 kB
Node 0 Mapped:            63100 kB
Node 0 AnonPages:         21664 kB
Node 0 Shmem:               704 kB
Node 0 KernelStack:        2136 kB
Node 0 PageTables:          780 kB
Node 0 NFS_Unstable:          0 kB
Node 0 Bounce:                0 kB
Node 0 WritebackTmp:          0 kB
Node 0 KReclaimable:      26200 kB
Node 0 Slab:              66892 kB
Node 0 SReclaimable:      26200 kB
Node 0 SUnreclaim:        40692 kB
Node 0 AnonHugePages:         0 kB
Node 0 ShmemHugePages:        0 kB
Node 0 ShmemPmdMapped:        0 kB
Node 0 FileHugePages:        0 kB
Node 0 FilePmdMapped:        0 kB
Node 0 HugePages_Total:     0
Node 0 HugePages_Free:      0
Node 0 HugePages_Surp:      0

Node 1 MemTotal:       24686196 kB
Node 1 MemFree:        24217524 kB
Node 1 MemUsed:          468672 kB
Node 1 Active:            46868 kB
Node 1 Inactive:         136892 kB
Node 1 Active(anon):      11848 kB
Node 1 Inactive(anon):      448 kB
Node 1 Active(file):      35020 kB
Node 1 Inactive(file):   136444 kB
Node 1 Unevictable:       12844 kB
Node 1 Mlocked:           12844 kB
Node 1 Dirty:               176 kB
Node 1 Writeback:             0 kB
Node 1 FilePages:        174328 kB
Node 1 Mapped:            20844 kB
Node 1 AnonPages:         22068 kB
Node 1 Shmem:               564 kB
Node 1 KernelStack:        2632 kB
Node 1 PageTables:          748 kB
Node 1 NFS_Unstable:          0 kB
Node 1 Bounce:                0 kB
Node 1 WritebackTmp:          0 kB
Node 1 KReclaimable:      18016 kB
Node 1 Slab:              53964 kB
Node 1 SReclaimable:      18016 kB
Node 1 SUnreclaim:        35948 kB
Node 1 AnonHugePages:         0 kB
Node 1 ShmemHugePages:        0 kB
Node 1 ShmemPmdMapped:        0 kB
Node 1 FileHugePages:        0 kB
Node 1 FilePmdMapped:        0 kB
Node 1 HugePages_Total:     0
Node 1 HugePages_Free:      0
Node 1 HugePages_Surp:      0

After Test
Node 0 MemTotal:       24743736 kB
Node 0 MemFree:        23465320 kB
Node 0 MemUsed:         1278416 kB
Node 0 Active:            51500 kB
Node 0 Inactive:         111852 kB
Node 0 Active(anon):      21572 kB
Node 0 Inactive(anon):      496 kB
Node 0 Active(file):      29928 kB
Node 0 Inactive(file):   111356 kB
Node 0 Unevictable:        5912 kB
Node 0 Mlocked:            5912 kB
Node 0 Dirty:                36 kB
Node 0 Writeback:             0 kB
Node 0 FilePages:        147956 kB
Node 0 Mapped:            62912 kB
Node 0 AnonPages:         21372 kB
Node 0 Shmem:               700 kB
Node 0 KernelStack:        2008 kB
Node 0 PageTables:          724 kB
Node 0 NFS_Unstable:          0 kB
Node 0 Bounce:                0 kB
Node 0 WritebackTmp:          0 kB
Node 0 KReclaimable:      26476 kB
Node 0 Slab:              71328 kB
Node 0 SReclaimable:      26476 kB
Node 0 SUnreclaim:        44852 kB
Node 0 AnonHugePages:         0 kB
Node 0 ShmemHugePages:        0 kB
Node 0 ShmemPmdMapped:        0 kB
Node 0 FileHugePages:        0 kB
Node 0 FilePmdMapped:        0 kB
Node 0 HugePages_Total:     0
Node 0 HugePages_Free:      0
Node 0 HugePages_Surp:      0

Node 1 MemTotal:       24686196 kB
Node 1 MemFree:         7403420 kB
Node 1 MemUsed:        17282776 kB
Node 1 Active:            47576 kB
Node 1 Inactive:         234384 kB
Node 1 Active(anon):      11752 kB
Node 1 Inactive(anon):      448 kB
Node 1 Active(file):      35824 kB
Node 1 Inactive(file):   233936 kB
Node 1 Unevictable:       12844 kB
Node 1 Mlocked:           12844 kB
Node 1 Dirty:                20 kB
Node 1 Writeback:             0 kB
Node 1 FilePages:        272612 kB
Node 1 Mapped:            21096 kB
Node 1 AnonPages:         22364 kB
Node 1 Shmem:               568 kB
Node 1 KernelStack:        2504 kB
Node 1 PageTables:          704 kB
Node 1 NFS_Unstable:          0 kB
Node 1 Bounce:                0 kB
Node 1 WritebackTmp:          0 kB
Node 1 KReclaimable:      18348 kB
Node 1 Slab:             110692 kB
Node 1 SReclaimable:      18348 kB
Node 1 SUnreclaim:        92344 kB
Node 1 AnonHugePages:         0 kB
Node 1 ShmemHugePages:        0 kB
Node 1 ShmemPmdMapped:        0 kB
Node 1 FileHugePages:        0 kB
Node 1 FilePmdMapped:        0 kB
Node 1 HugePages_Total:     0
Node 1 HugePages_Free:      0
Node 1 HugePages_Surp:      0

After Opposite Node
Node 0 MemTotal:       24743736 kB
Node 0 MemFree:        23469540 kB
Node 0 MemUsed:         1274196 kB
Node 0 Active:            52056 kB
Node 0 Inactive:         111852 kB
Node 0 Active(anon):      22048 kB
Node 0 Inactive(anon):      496 kB
Node 0 Active(file):      30008 kB
Node 0 Inactive(file):   111356 kB
Node 0 Unevictable:        5912 kB
Node 0 Mlocked:            5912 kB
Node 0 Dirty:                32 kB
Node 0 Writeback:             0 kB
Node 0 FilePages:        147972 kB
Node 0 Mapped:            62912 kB
Node 0 AnonPages:         21708 kB
Node 0 Shmem:               700 kB
Node 0 KernelStack:        2008 kB
Node 0 PageTables:          968 kB
Node 0 NFS_Unstable:          0 kB
Node 0 Bounce:                0 kB
Node 0 WritebackTmp:          0 kB
Node 0 KReclaimable:      26508 kB
Node 0 Slab:              71448 kB
Node 0 SReclaimable:      26508 kB
Node 0 SUnreclaim:        44940 kB
Node 0 AnonHugePages:         0 kB
Node 0 ShmemHugePages:        0 kB
Node 0 ShmemPmdMapped:        0 kB
Node 0 FileHugePages:        0 kB
Node 0 FilePmdMapped:        0 kB
Node 0 HugePages_Total:     0
Node 0 HugePages_Free:      0
Node 0 HugePages_Surp:      0

Node 1 MemTotal:       24686196 kB
Node 1 MemFree:         7400476 kB
Node 1 MemUsed:        17285720 kB
Node 1 Active:            47656 kB
Node 1 Inactive:         234132 kB
Node 1 Active(anon):      11568 kB
Node 1 Inactive(anon):      448 kB
Node 1 Active(file):      36088 kB
Node 1 Inactive(file):   233684 kB
Node 1 Unevictable:       12844 kB
Node 1 Mlocked:           12844 kB
Node 1 Dirty:                20 kB
Node 1 Writeback:             0 kB
Node 1 FilePages:        272624 kB
Node 1 Mapped:            20876 kB
Node 1 AnonPages:         22028 kB
Node 1 Shmem:               568 kB
Node 1 KernelStack:        2456 kB
Node 1 PageTables:          460 kB
Node 1 NFS_Unstable:          0 kB
Node 1 Bounce:                0 kB
Node 1 WritebackTmp:          0 kB
Node 1 KReclaimable:      18348 kB
Node 1 Slab:             110884 kB
Node 1 SReclaimable:      18348 kB
Node 1 SUnreclaim:        92536 kB
Node 1 AnonHugePages:         0 kB
Node 1 ShmemHugePages:        0 kB
Node 1 ShmemPmdMapped:        0 kB
Node 1 FileHugePages:        0 kB
Node 1 FilePmdMapped:        0 kB
Node 1 HugePages_Total:     0
Node 1 HugePages_Free:      0
Node 1 HugePages_Surp:      0

B.1.100M-simpleread.16G.1.O.1M Complete!
