panic: Put https://matrix.org/_matrix/client/r0/rooms/%21qIfQKfOsTlRzkrDVfe:matrix.org/send/m.room.message/go1616558534335436546?access_token=MDAxOGxvY2F0aW9uIG1hdHJpeC5vcmcKMDAxM2lkZW50aWZpZXIga2V5CjAwMTBjaWQgZ2VuID0gMQowMDJkY2lkIHVzZXJfaWQgPSBAamFhZGFtcy1ob25vcnM6bWF0cml4Lm9yZwowMDE2Y2lkIHR5cGUgPSBhY2Nlc3MKMDAyMWNpZCBub25jZSA9ICtpcm5uPVU0ZFliPUhYVlkKMDAyZnNpZ25hdHVyZSDlwbUATMSqjDafr1Y9R2KAKzq-fu98a6d5smw7wa4Zywo: read tcp 172.16.15.10:45272->104.20.21.236:443: read: connection reset by peer

goroutine 1 [running]:
main.main()
	/home/jacob/coding/matrixmessage/main.go:22 +0x30c
kernel.numa_balancing = 0
15 Tests Remaining!
B.1.simpleread.2-1G.1.O.1M
Begin
Node 0 MemTotal:       24743736 kB
Node 0 MemFree:        24351644 kB
Node 0 MemUsed:          392092 kB
Node 0 Active:            46156 kB
Node 0 Inactive:          65132 kB
Node 0 Active(anon):      16892 kB
Node 0 Inactive(anon):      464 kB
Node 0 Active(file):      29264 kB
Node 0 Inactive(file):    64668 kB
Node 0 Unevictable:        5388 kB
Node 0 Mlocked:            5388 kB
Node 0 Dirty:               392 kB
Node 0 Writeback:             0 kB
Node 0 FilePages:        100024 kB
Node 0 Mapped:            19240 kB
Node 0 AnonPages:         16696 kB
Node 0 Shmem:               664 kB
Node 0 KernelStack:        2296 kB
Node 0 PageTables:          436 kB
Node 0 NFS_Unstable:          0 kB
Node 0 Bounce:                0 kB
Node 0 WritebackTmp:          0 kB
Node 0 KReclaimable:      19704 kB
Node 0 Slab:              51036 kB
Node 0 SReclaimable:      19704 kB
Node 0 SUnreclaim:        31332 kB
Node 0 AnonHugePages:         0 kB
Node 0 ShmemHugePages:        0 kB
Node 0 ShmemPmdMapped:        0 kB
Node 0 FileHugePages:        0 kB
Node 0 FilePmdMapped:        0 kB
Node 0 HugePages_Total:     0
Node 0 HugePages_Free:      0
Node 0 HugePages_Surp:      0

Node 1 MemTotal:       24686196 kB
Node 1 MemFree:        24389408 kB
Node 1 MemUsed:          296788 kB
Node 1 Active:            55016 kB
Node 1 Inactive:          96368 kB
Node 1 Active(anon):      17904 kB
Node 1 Inactive(anon):      408 kB
Node 1 Active(file):      37112 kB
Node 1 Inactive(file):    95960 kB
Node 1 Unevictable:       13132 kB
Node 1 Mlocked:           13132 kB
Node 1 Dirty:               192 kB
Node 1 Writeback:             0 kB
Node 1 FilePages:        136488 kB
Node 1 Mapped:            76420 kB
Node 1 AnonPages:         28032 kB
Node 1 Shmem:               604 kB
Node 1 KernelStack:        1400 kB
Node 1 PageTables:          944 kB
Node 1 NFS_Unstable:          0 kB
Node 1 Bounce:                0 kB
Node 1 WritebackTmp:          0 kB
Node 1 KReclaimable:      23312 kB
Node 1 Slab:              56404 kB
Node 1 SReclaimable:      23312 kB
Node 1 SUnreclaim:        33092 kB
Node 1 AnonHugePages:         0 kB
Node 1 ShmemHugePages:        0 kB
Node 1 ShmemPmdMapped:        0 kB
Node 1 FileHugePages:        0 kB
Node 1 FilePmdMapped:        0 kB
Node 1 HugePages_Total:     0
Node 1 HugePages_Free:      0
Node 1 HugePages_Surp:      0

Load ZFS
Node 0 MemTotal:       24743736 kB
Node 0 MemFree:        24253564 kB
Node 0 MemUsed:          490172 kB
Node 0 Active:            55768 kB
Node 0 Inactive:         148388 kB
Node 0 Active(anon):      25796 kB
Node 0 Inactive(anon):      412 kB
Node 0 Active(file):      29972 kB
Node 0 Inactive(file):   147976 kB
Node 0 Unevictable:        5388 kB
Node 0 Mlocked:            5388 kB
Node 0 Dirty:                88 kB
Node 0 Writeback:             0 kB
Node 0 FilePages:        183924 kB
Node 0 Mapped:            21096 kB
Node 0 AnonPages:         25476 kB
Node 0 Shmem:               592 kB
Node 0 KernelStack:        2632 kB
Node 0 PageTables:         1260 kB
Node 0 NFS_Unstable:          0 kB
Node 0 Bounce:                0 kB
Node 0 WritebackTmp:          0 kB
Node 0 KReclaimable:      20792 kB
Node 0 Slab:              54768 kB
Node 0 SReclaimable:      20792 kB
Node 0 SUnreclaim:        33976 kB
Node 0 AnonHugePages:         0 kB
Node 0 ShmemHugePages:        0 kB
Node 0 ShmemPmdMapped:        0 kB
Node 0 FileHugePages:        0 kB
Node 0 FilePmdMapped:        0 kB
Node 0 HugePages_Total:     0
Node 0 HugePages_Free:      0
Node 0 HugePages_Surp:      0

Node 1 MemTotal:       24686196 kB
Node 1 MemFree:        24344684 kB
Node 1 MemUsed:          341512 kB
Node 1 Active:            72616 kB
Node 1 Inactive:         116692 kB
Node 1 Active(anon):      33760 kB
Node 1 Inactive(anon):      532 kB
Node 1 Active(file):      38856 kB
Node 1 Inactive(file):   116160 kB
Node 1 Unevictable:       13344 kB
Node 1 Mlocked:           13344 kB
Node 1 Dirty:               516 kB
Node 1 Writeback:             0 kB
Node 1 FilePages:        158500 kB
Node 1 Mapped:            79148 kB
Node 1 AnonPages:         44476 kB
Node 1 Shmem:               676 kB
Node 1 KernelStack:        1572 kB
Node 1 PageTables:         1160 kB
Node 1 NFS_Unstable:          0 kB
Node 1 Bounce:                0 kB
Node 1 WritebackTmp:          0 kB
Node 1 KReclaimable:      23792 kB
Node 1 Slab:              59204 kB
Node 1 SReclaimable:      23792 kB
Node 1 SUnreclaim:        35412 kB
Node 1 AnonHugePages:         0 kB
Node 1 ShmemHugePages:        0 kB
Node 1 ShmemPmdMapped:        0 kB
Node 1 FileHugePages:        0 kB
Node 1 FilePmdMapped:        0 kB
Node 1 HugePages_Total:     0
Node 1 HugePages_Free:      0
Node 1 HugePages_Surp:      0

Import tank ZPool
Node 0 MemTotal:       24743736 kB
Node 0 MemFree:        24248424 kB
Node 0 MemUsed:          495312 kB
Node 0 Active:            47932 kB
Node 0 Inactive:         148400 kB
Node 0 Active(anon):      17940 kB
Node 0 Inactive(anon):      412 kB
Node 0 Active(file):      29992 kB
Node 0 Inactive(file):   147988 kB
Node 0 Unevictable:        5388 kB
Node 0 Mlocked:            5388 kB
Node 0 Dirty:               104 kB
Node 0 Writeback:             0 kB
Node 0 FilePages:        183968 kB
Node 0 Mapped:            19752 kB
Node 0 AnonPages:         17192 kB
Node 0 Shmem:               588 kB
Node 0 KernelStack:        3468 kB
Node 0 PageTables:          748 kB
Node 0 NFS_Unstable:          0 kB
Node 0 Bounce:                0 kB
Node 0 WritebackTmp:          0 kB
Node 0 KReclaimable:      20800 kB
Node 0 Slab:              56440 kB
Node 0 SReclaimable:      20800 kB
Node 0 SUnreclaim:        35640 kB
Node 0 AnonHugePages:         0 kB
Node 0 ShmemHugePages:        0 kB
Node 0 ShmemPmdMapped:        0 kB
Node 0 FileHugePages:        0 kB
Node 0 FilePmdMapped:        0 kB
Node 0 HugePages_Total:     0
Node 0 HugePages_Free:      0
Node 0 HugePages_Surp:      0

Node 1 MemTotal:       24686196 kB
Node 1 MemFree:        24354320 kB
Node 1 MemUsed:          331876 kB
Node 1 Active:            55912 kB
Node 1 Inactive:         117712 kB
Node 1 Active(anon):      16596 kB
Node 1 Inactive(anon):      536 kB
Node 1 Active(file):      39316 kB
Node 1 Inactive(file):   117176 kB
Node 1 Unevictable:       13360 kB
Node 1 Mlocked:           13360 kB
Node 1 Dirty:               600 kB
Node 1 Writeback:             0 kB
Node 1 FilePages:        159980 kB
Node 1 Mapped:            77424 kB
Node 1 AnonPages:         26788 kB
Node 1 Shmem:               680 kB
Node 1 KernelStack:        1432 kB
Node 1 PageTables:         1260 kB
Node 1 NFS_Unstable:          0 kB
Node 1 Bounce:                0 kB
Node 1 WritebackTmp:          0 kB
Node 1 KReclaimable:      23936 kB
Node 1 Slab:              64236 kB
Node 1 SReclaimable:      23936 kB
Node 1 SUnreclaim:        40300 kB
Node 1 AnonHugePages:         0 kB
Node 1 ShmemHugePages:        0 kB
Node 1 ShmemPmdMapped:        0 kB
Node 1 FileHugePages:        0 kB
Node 1 FilePmdMapped:        0 kB
Node 1 HugePages_Total:     0
Node 1 HugePages_Free:      0
Node 1 HugePages_Surp:      0

After Test
Node 0 MemTotal:       24743736 kB
Node 0 MemFree:        23540852 kB
Node 0 MemUsed:         1202884 kB
Node 0 Active:            47392 kB
Node 0 Inactive:         148040 kB
Node 0 Active(anon):      17024 kB
Node 0 Inactive(anon):      412 kB
Node 0 Active(file):      30368 kB
Node 0 Inactive(file):   147628 kB
Node 0 Unevictable:        5388 kB
Node 0 Mlocked:            5388 kB
Node 0 Dirty:                68 kB
Node 0 Writeback:             0 kB
Node 0 FilePages:        183984 kB
Node 0 Mapped:            19600 kB
Node 0 AnonPages:         16872 kB
Node 0 Shmem:               588 kB
Node 0 KernelStack:        3304 kB
Node 0 PageTables:          436 kB
Node 0 NFS_Unstable:          0 kB
Node 0 Bounce:                0 kB
Node 0 WritebackTmp:          0 kB
Node 0 KReclaimable:      20800 kB
Node 0 Slab:              59188 kB
Node 0 SReclaimable:      20800 kB
Node 0 SUnreclaim:        38388 kB
Node 0 AnonHugePages:         0 kB
Node 0 ShmemHugePages:        0 kB
Node 0 ShmemPmdMapped:        0 kB
Node 0 FileHugePages:        0 kB
Node 0 FilePmdMapped:        0 kB
Node 0 HugePages_Total:     0
Node 0 HugePages_Free:      0
Node 0 HugePages_Surp:      0

Node 1 MemTotal:       24686196 kB
Node 1 MemFree:        23193832 kB
Node 1 MemUsed:         1492364 kB
Node 1 Active:            56832 kB
Node 1 Inactive:         117312 kB
Node 1 Active(anon):      16448 kB
Node 1 Inactive(anon):      536 kB
Node 1 Active(file):      40384 kB
Node 1 Inactive(file):   116776 kB
Node 1 Unevictable:       13360 kB
Node 1 Mlocked:           13360 kB
Node 1 Dirty:               516 kB
Node 1 Writeback:             0 kB
Node 1 FilePages:        160648 kB
Node 1 Mapped:            76896 kB
Node 1 AnonPages:         26900 kB
Node 1 Shmem:               680 kB
Node 1 KernelStack:        1384 kB
Node 1 PageTables:          868 kB
Node 1 NFS_Unstable:          0 kB
Node 1 Bounce:                0 kB
Node 1 WritebackTmp:          0 kB
Node 1 KReclaimable:      24000 kB
Node 1 Slab:              71312 kB
Node 1 SReclaimable:      24000 kB
Node 1 SUnreclaim:        47312 kB
Node 1 AnonHugePages:         0 kB
Node 1 ShmemHugePages:        0 kB
Node 1 ShmemPmdMapped:        0 kB
Node 1 FileHugePages:        0 kB
Node 1 FilePmdMapped:        0 kB
Node 1 HugePages_Total:     0
Node 1 HugePages_Free:      0
Node 1 HugePages_Surp:      0

After Opposite Node
Node 0 MemTotal:       24743736 kB
Node 0 MemFree:        23531936 kB
Node 0 MemUsed:         1211800 kB
Node 0 Active:            47928 kB
Node 0 Inactive:         147988 kB
Node 0 Active(anon):      17492 kB
Node 0 Inactive(anon):      404 kB
Node 0 Active(file):      30436 kB
Node 0 Inactive(file):   147584 kB
Node 0 Unevictable:        5388 kB
Node 0 Mlocked:            5388 kB
Node 0 Dirty:                72 kB
Node 0 Writeback:             0 kB
Node 0 FilePages:        183992 kB
Node 0 Mapped:            19664 kB
Node 0 AnonPages:         17308 kB
Node 0 Shmem:               588 kB
Node 0 KernelStack:        3336 kB
Node 0 PageTables:          512 kB
Node 0 NFS_Unstable:          0 kB
Node 0 Bounce:                0 kB
Node 0 WritebackTmp:          0 kB
Node 0 KReclaimable:      20832 kB
Node 0 Slab:              59236 kB
Node 0 SReclaimable:      20832 kB
Node 0 SUnreclaim:        38404 kB
Node 0 AnonHugePages:         0 kB
Node 0 ShmemHugePages:        0 kB
Node 0 ShmemPmdMapped:        0 kB
Node 0 FileHugePages:        0 kB
Node 0 FilePmdMapped:        0 kB
Node 0 HugePages_Total:     0
Node 0 HugePages_Free:      0
Node 0 HugePages_Surp:      0

Node 1 MemTotal:       24686196 kB
Node 1 MemFree:        23195548 kB
Node 1 MemUsed:         1490648 kB
Node 1 Active:            56716 kB
Node 1 Inactive:         117292 kB
Node 1 Active(anon):      16304 kB
Node 1 Inactive(anon):      536 kB
Node 1 Active(file):      40412 kB
Node 1 Inactive(file):   116756 kB
Node 1 Unevictable:       13360 kB
Node 1 Mlocked:           13360 kB
Node 1 Dirty:               524 kB
Node 1 Writeback:             0 kB
Node 1 FilePages:        160656 kB
Node 1 Mapped:            76904 kB
Node 1 AnonPages:         26428 kB
Node 1 Shmem:               680 kB
Node 1 KernelStack:        1384 kB
Node 1 PageTables:          848 kB
Node 1 NFS_Unstable:          0 kB
Node 1 Bounce:                0 kB
Node 1 WritebackTmp:          0 kB
Node 1 KReclaimable:      24000 kB
Node 1 Slab:              71148 kB
Node 1 SReclaimable:      24000 kB
Node 1 SUnreclaim:        47148 kB
Node 1 AnonHugePages:         0 kB
Node 1 ShmemHugePages:        0 kB
Node 1 ShmemPmdMapped:        0 kB
Node 1 FileHugePages:        0 kB
Node 1 FilePmdMapped:        0 kB
Node 1 HugePages_Total:     0
Node 1 HugePages_Free:      0
Node 1 HugePages_Surp:      0

B.1.simpleread.2-1G.1.O.1M Complete!
