B.1.simpleread.250M.1.O.1M
Begin
Node 0 MemTotal:       24743736 kB
Node 0 MemFree:        24424724 kB
Node 0 MemUsed:          319012 kB
Node 0 Active:            23888 kB
Node 0 Inactive:          21352 kB
Node 0 Active(anon):      10320 kB
Node 0 Inactive(anon):      552 kB
Node 0 Active(file):      13568 kB
Node 0 Inactive(file):    20800 kB
Node 0 Unevictable:       13156 kB
Node 0 Mlocked:           13156 kB
Node 0 Dirty:                16 kB
Node 0 Writeback:             0 kB
Node 0 FilePages:         38000 kB
Node 0 Mapped:            12900 kB
Node 0 AnonPages:         20424 kB
Node 0 Shmem:               788 kB
Node 0 KernelStack:        2040 kB
Node 0 PageTables:          400 kB
Node 0 NFS_Unstable:          0 kB
Node 0 Bounce:                0 kB
Node 0 WritebackTmp:          0 kB
Node 0 KReclaimable:      10196 kB
Node 0 Slab:              39152 kB
Node 0 SReclaimable:      10196 kB
Node 0 SUnreclaim:        28956 kB
Node 0 AnonHugePages:         0 kB
Node 0 ShmemHugePages:        0 kB
Node 0 ShmemPmdMapped:        0 kB
Node 0 FileHugePages:        0 kB
Node 0 FilePmdMapped:        0 kB
Node 0 HugePages_Total:     0
Node 0 HugePages_Free:      0
Node 0 HugePages_Surp:      0

Node 1 MemTotal:       24686196 kB
Node 1 MemFree:        24404556 kB
Node 1 MemUsed:          281640 kB
Node 1 Active:            70672 kB
Node 1 Inactive:          59108 kB
Node 1 Active(anon):      23304 kB
Node 1 Inactive(anon):      312 kB
Node 1 Active(file):      47368 kB
Node 1 Inactive(file):    58796 kB
Node 1 Unevictable:        5368 kB
Node 1 Mlocked:            5368 kB
Node 1 Dirty:               508 kB
Node 1 Writeback:             0 kB
Node 1 FilePages:        112040 kB
Node 1 Mapped:            29600 kB
Node 1 AnonPages:         23196 kB
Node 1 Shmem:               480 kB
Node 1 KernelStack:        1576 kB
Node 1 PageTables:          668 kB
Node 1 NFS_Unstable:          0 kB
Node 1 Bounce:                0 kB
Node 1 WritebackTmp:          0 kB
Node 1 KReclaimable:      30980 kB
Node 1 Slab:              66144 kB
Node 1 SReclaimable:      30980 kB
Node 1 SUnreclaim:        35164 kB
Node 1 AnonHugePages:         0 kB
Node 1 ShmemHugePages:        0 kB
Node 1 ShmemPmdMapped:        0 kB
Node 1 FileHugePages:        0 kB
Node 1 FilePmdMapped:        0 kB
Node 1 HugePages_Total:     0
Node 1 HugePages_Free:      0
Node 1 HugePages_Surp:      0

Load ZFS
Node 0 MemTotal:       24743736 kB
Node 0 MemFree:        24329848 kB
Node 0 MemUsed:          413888 kB
Node 0 Active:            32728 kB
Node 0 Inactive:         100624 kB
Node 0 Active(anon):      18036 kB
Node 0 Inactive(anon):      496 kB
Node 0 Active(file):      14692 kB
Node 0 Inactive(file):   100128 kB
Node 0 Unevictable:       13352 kB
Node 0 Mlocked:           13352 kB
Node 0 Dirty:                 8 kB
Node 0 Writeback:             0 kB
Node 0 FilePages:        118288 kB
Node 0 Mapped:            15932 kB
Node 0 AnonPages:         28108 kB
Node 0 Shmem:               640 kB
Node 0 KernelStack:        2208 kB
Node 0 PageTables:         1164 kB
Node 0 NFS_Unstable:          0 kB
Node 0 Bounce:                0 kB
Node 0 WritebackTmp:          0 kB
Node 0 KReclaimable:      11120 kB
Node 0 Slab:              42832 kB
Node 0 SReclaimable:      11120 kB
Node 0 SUnreclaim:        31712 kB
Node 0 AnonHugePages:         0 kB
Node 0 ShmemHugePages:        0 kB
Node 0 ShmemPmdMapped:        0 kB
Node 0 FileHugePages:        0 kB
Node 0 FilePmdMapped:        0 kB
Node 0 HugePages_Total:     0
Node 0 HugePages_Free:      0
Node 0 HugePages_Surp:      0

Node 1 MemTotal:       24686196 kB
Node 1 MemFree:        24358780 kB
Node 1 MemUsed:          327416 kB
Node 1 Active:            85960 kB
Node 1 Inactive:          83336 kB
Node 1 Active(anon):      37332 kB
Node 1 Inactive(anon):      456 kB
Node 1 Active(file):      48628 kB
Node 1 Inactive(file):    82880 kB
Node 1 Unevictable:        5368 kB
Node 1 Mlocked:            5368 kB
Node 1 Dirty:               528 kB
Node 1 Writeback:             0 kB
Node 1 FilePages:        137500 kB
Node 1 Mapped:            30764 kB
Node 1 AnonPages:         37244 kB
Node 1 Shmem:               628 kB
Node 1 KernelStack:        1908 kB
Node 1 PageTables:         1512 kB
Node 1 NFS_Unstable:          0 kB
Node 1 Bounce:                0 kB
Node 1 WritebackTmp:          0 kB
Node 1 KReclaimable:      31632 kB
Node 1 Slab:              69752 kB
Node 1 SReclaimable:      31632 kB
Node 1 SUnreclaim:        38120 kB
Node 1 AnonHugePages:         0 kB
Node 1 ShmemHugePages:        0 kB
Node 1 ShmemPmdMapped:        0 kB
Node 1 FileHugePages:        0 kB
Node 1 FilePmdMapped:        0 kB
Node 1 HugePages_Total:     0
Node 1 HugePages_Free:      0
Node 1 HugePages_Surp:      0

Import tank ZPool
Node 0 MemTotal:       24743736 kB
Node 0 MemFree:        24324540 kB
Node 0 MemUsed:          419196 kB
Node 0 Active:            32800 kB
Node 0 Inactive:         101760 kB
Node 0 Active(anon):      17768 kB
Node 0 Inactive(anon):      496 kB
Node 0 Active(file):      15032 kB
Node 0 Inactive(file):   101264 kB
Node 0 Unevictable:       13384 kB
Node 0 Mlocked:           13384 kB
Node 0 Dirty:                20 kB
Node 0 Writeback:             0 kB
Node 0 FilePages:        119768 kB
Node 0 Mapped:            15732 kB
Node 0 AnonPages:         28416 kB
Node 0 Shmem:               644 kB
Node 0 KernelStack:        2232 kB
Node 0 PageTables:         1100 kB
Node 0 NFS_Unstable:          0 kB
Node 0 Bounce:                0 kB
Node 0 WritebackTmp:          0 kB
Node 0 KReclaimable:      11260 kB
Node 0 Slab:              47748 kB
Node 0 SReclaimable:      11260 kB
Node 0 SUnreclaim:        36488 kB
Node 0 AnonHugePages:         0 kB
Node 0 ShmemHugePages:        0 kB
Node 0 ShmemPmdMapped:        0 kB
Node 0 FileHugePages:        0 kB
Node 0 FilePmdMapped:        0 kB
Node 0 HugePages_Total:     0
Node 0 HugePages_Free:      0
Node 0 HugePages_Surp:      0

Node 1 MemTotal:       24686196 kB
Node 1 MemFree:        24347552 kB
Node 1 MemUsed:          338644 kB
Node 1 Active:            85244 kB
Node 1 Inactive:          83240 kB
Node 1 Active(anon):      36516 kB
Node 1 Inactive(anon):      456 kB
Node 1 Active(file):      48728 kB
Node 1 Inactive(file):    82784 kB
Node 1 Unevictable:        5368 kB
Node 1 Mlocked:            5368 kB
Node 1 Dirty:               616 kB
Node 1 Writeback:             0 kB
Node 1 FilePages:        137500 kB
Node 1 Mapped:            30612 kB
Node 1 AnonPages:         36356 kB
Node 1 Shmem:               624 kB
Node 1 KernelStack:        2904 kB
Node 1 PageTables:         1364 kB
Node 1 NFS_Unstable:          0 kB
Node 1 Bounce:                0 kB
Node 1 WritebackTmp:          0 kB
Node 1 KReclaimable:      31672 kB
Node 1 Slab:              71888 kB
Node 1 SReclaimable:      31672 kB
Node 1 SUnreclaim:        40216 kB
Node 1 AnonHugePages:         0 kB
Node 1 ShmemHugePages:        0 kB
Node 1 ShmemPmdMapped:        0 kB
Node 1 FileHugePages:        0 kB
Node 1 FilePmdMapped:        0 kB
Node 1 HugePages_Total:     0
Node 1 HugePages_Free:      0
Node 1 HugePages_Surp:      0

After Test
Node 0 MemTotal:       24743736 kB
Node 0 MemFree:        24263048 kB
Node 0 MemUsed:          480688 kB
Node 0 Active:            33120 kB
Node 0 Inactive:         101552 kB
Node 0 Active(anon):      17772 kB
Node 0 Inactive(anon):      496 kB
Node 0 Active(file):      15348 kB
Node 0 Inactive(file):   101056 kB
Node 0 Unevictable:       13384 kB
Node 0 Mlocked:           13384 kB
Node 0 Dirty:                20 kB
Node 0 Writeback:             0 kB
Node 0 FilePages:        119876 kB
Node 0 Mapped:            15620 kB
Node 0 AnonPages:         28224 kB
Node 0 Shmem:               644 kB
Node 0 KernelStack:        2212 kB
Node 0 PageTables:         1000 kB
Node 0 NFS_Unstable:          0 kB
Node 0 Bounce:                0 kB
Node 0 WritebackTmp:          0 kB
Node 0 KReclaimable:      11260 kB
Node 0 Slab:              47604 kB
Node 0 SReclaimable:      11260 kB
Node 0 SUnreclaim:        36344 kB
Node 0 AnonHugePages:         0 kB
Node 0 ShmemHugePages:        0 kB
Node 0 ShmemPmdMapped:        0 kB
Node 0 FileHugePages:        0 kB
Node 0 FilePmdMapped:        0 kB
Node 0 HugePages_Total:     0
Node 0 HugePages_Free:      0
Node 0 HugePages_Surp:      0

Node 1 MemTotal:       24686196 kB
Node 1 MemFree:        23878036 kB
Node 1 MemUsed:          808160 kB
Node 1 Active:            85928 kB
Node 1 Inactive:          83168 kB
Node 1 Active(anon):      36700 kB
Node 1 Inactive(anon):      456 kB
Node 1 Active(file):      49228 kB
Node 1 Inactive(file):    82712 kB
Node 1 Unevictable:        5368 kB
Node 1 Mlocked:            5368 kB
Node 1 Dirty:               512 kB
Node 1 Writeback:             0 kB
Node 1 FilePages:        137928 kB
Node 1 Mapped:            30592 kB
Node 1 AnonPages:         36584 kB
Node 1 Shmem:               624 kB
Node 1 KernelStack:        2888 kB
Node 1 PageTables:         1420 kB
Node 1 NFS_Unstable:          0 kB
Node 1 Bounce:                0 kB
Node 1 WritebackTmp:          0 kB
Node 1 KReclaimable:      31688 kB
Node 1 Slab:              75472 kB
Node 1 SReclaimable:      31688 kB
Node 1 SUnreclaim:        43784 kB
Node 1 AnonHugePages:         0 kB
Node 1 ShmemHugePages:        0 kB
Node 1 ShmemPmdMapped:        0 kB
Node 1 FileHugePages:        0 kB
Node 1 FilePmdMapped:        0 kB
Node 1 HugePages_Total:     0
Node 1 HugePages_Free:      0
Node 1 HugePages_Surp:      0

After Opposite Node
Node 0 MemTotal:       24743736 kB
Node 0 MemFree:        24261700 kB
Node 0 MemUsed:          482036 kB
Node 0 Active:            33552 kB
Node 0 Inactive:         101544 kB
Node 0 Active(anon):      18176 kB
Node 0 Inactive(anon):      496 kB
Node 0 Active(file):      15376 kB
Node 0 Inactive(file):   101048 kB
Node 0 Unevictable:       13384 kB
Node 0 Mlocked:           13384 kB
Node 0 Dirty:                36 kB
Node 0 Writeback:             0 kB
Node 0 FilePages:        119896 kB
Node 0 Mapped:            15584 kB
Node 0 AnonPages:         28676 kB
Node 0 Shmem:               644 kB
Node 0 KernelStack:        2296 kB
Node 0 PageTables:         1124 kB
Node 0 NFS_Unstable:          0 kB
Node 0 Bounce:                0 kB
Node 0 WritebackTmp:          0 kB
Node 0 KReclaimable:      11296 kB
Node 0 Slab:              47660 kB
Node 0 SReclaimable:      11296 kB
Node 0 SUnreclaim:        36364 kB
Node 0 AnonHugePages:         0 kB
Node 0 ShmemHugePages:        0 kB
Node 0 ShmemPmdMapped:        0 kB
Node 0 FileHugePages:        0 kB
Node 0 FilePmdMapped:        0 kB
Node 0 HugePages_Total:     0
Node 0 HugePages_Free:      0
Node 0 HugePages_Surp:      0

Node 1 MemTotal:       24686196 kB
Node 1 MemFree:        23878288 kB
Node 1 MemUsed:          807908 kB
Node 1 Active:            85896 kB
Node 1 Inactive:          82916 kB
Node 1 Active(anon):      36412 kB
Node 1 Inactive(anon):      456 kB
Node 1 Active(file):      49484 kB
Node 1 Inactive(file):    82460 kB
Node 1 Unevictable:        5368 kB
Node 1 Mlocked:            5368 kB
Node 1 Dirty:               516 kB
Node 1 Writeback:             0 kB
Node 1 FilePages:        137932 kB
Node 1 Mapped:            30592 kB
Node 1 AnonPages:         36256 kB
Node 1 Shmem:               624 kB
Node 1 KernelStack:        2888 kB
Node 1 PageTables:         1364 kB
Node 1 NFS_Unstable:          0 kB
Node 1 Bounce:                0 kB
Node 1 WritebackTmp:          0 kB
Node 1 KReclaimable:      31688 kB
Node 1 Slab:              75216 kB
Node 1 SReclaimable:      31688 kB
Node 1 SUnreclaim:        43528 kB
Node 1 AnonHugePages:         0 kB
Node 1 ShmemHugePages:        0 kB
Node 1 ShmemPmdMapped:        0 kB
Node 1 FileHugePages:        0 kB
Node 1 FilePmdMapped:        0 kB
Node 1 HugePages_Total:     0
Node 1 HugePages_Free:      0
Node 1 HugePages_Surp:      0

B.1.simpleread.250M.1.O.1M Complete!
