kernel.numa_balancing = 0
50 Tests Remaining!
B.1.simpleread.250M.3.O.1M
Begin
Node 0 MemTotal:       24768352 kB
Node 0 MemFree:        24529880 kB
Node 0 MemUsed:          238472 kB
Node 0 Active:            66024 kB
Node 0 Inactive:          21804 kB
Node 0 Active(anon):      22140 kB
Node 0 Inactive(anon):      420 kB
Node 0 Active(file):      43884 kB
Node 0 Inactive(file):    21384 kB
Node 0 Unevictable:       17704 kB
Node 0 Mlocked:           17704 kB
Node 0 Dirty:               276 kB
Node 0 Writeback:             0 kB
Node 0 FilePages:         73248 kB
Node 0 Mapped:            25816 kB
Node 0 AnonPages:         32296 kB
Node 0 Shmem:               604 kB
Node 0 KernelStack:        1768 kB
Node 0 PageTables:          700 kB
Node 0 NFS_Unstable:          0 kB
Node 0 Bounce:                0 kB
Node 0 WritebackTmp:          0 kB
Node 0 KReclaimable:      22932 kB
Node 0 Slab:              54396 kB
Node 0 SReclaimable:      22932 kB
Node 0 SUnreclaim:        31464 kB
Node 0 AnonHugePages:         0 kB
Node 0 ShmemHugePages:        0 kB
Node 0 ShmemPmdMapped:        0 kB
Node 0 FileHugePages:        0 kB
Node 0 FilePmdMapped:        0 kB
Node 0 HugePages_Total:     0
Node 0 HugePages_Free:      0
Node 0 HugePages_Surp:      0

Node 1 MemTotal:       24661580 kB
Node 1 MemFree:        24237076 kB
Node 1 MemUsed:          424504 kB
Node 1 Active:            34540 kB
Node 1 Inactive:         116004 kB
Node 1 Active(anon):      12752 kB
Node 1 Inactive(anon):      456 kB
Node 1 Active(file):      21788 kB
Node 1 Inactive(file):   115548 kB
Node 1 Unevictable:         816 kB
Node 1 Mlocked:             816 kB
Node 1 Dirty:               244 kB
Node 1 Writeback:             0 kB
Node 1 FilePages:        138816 kB
Node 1 Mapped:            53700 kB
Node 1 AnonPages:         12544 kB
Node 1 Shmem:               664 kB
Node 1 KernelStack:        1864 kB
Node 1 PageTables:          588 kB
Node 1 NFS_Unstable:          0 kB
Node 1 Bounce:                0 kB
Node 1 WritebackTmp:          0 kB
Node 1 KReclaimable:      19328 kB
Node 1 Slab:              53380 kB
Node 1 SReclaimable:      19328 kB
Node 1 SUnreclaim:        34052 kB
Node 1 AnonHugePages:         0 kB
Node 1 ShmemHugePages:        0 kB
Node 1 ShmemPmdMapped:        0 kB
Node 1 FileHugePages:        0 kB
Node 1 FilePmdMapped:        0 kB
Node 1 HugePages_Total:     0
Node 1 HugePages_Free:      0
Node 1 HugePages_Surp:      0

Load ZFS
Node 0 MemTotal:       24768352 kB
Node 0 MemFree:        24460096 kB
Node 0 MemUsed:          308256 kB
Node 0 Active:            76724 kB
Node 0 Inactive:          73452 kB
Node 0 Active(anon):      31528 kB
Node 0 Inactive(anon):      348 kB
Node 0 Active(file):      45196 kB
Node 0 Inactive(file):    73104 kB
Node 0 Unevictable:       17936 kB
Node 0 Mlocked:           17936 kB
Node 0 Dirty:                44 kB
Node 0 Writeback:             0 kB
Node 0 FilePages:        126192 kB
Node 0 Mapped:            26340 kB
Node 0 AnonPages:         41932 kB
Node 0 Shmem:               516 kB
Node 0 KernelStack:        1928 kB
Node 0 PageTables:         1236 kB
Node 0 NFS_Unstable:          0 kB
Node 0 Bounce:                0 kB
Node 0 WritebackTmp:          0 kB
Node 0 KReclaimable:      23676 kB
Node 0 Slab:              57308 kB
Node 0 SReclaimable:      23676 kB
Node 0 SUnreclaim:        33632 kB
Node 0 AnonHugePages:         0 kB
Node 0 ShmemHugePages:        0 kB
Node 0 ShmemPmdMapped:        0 kB
Node 0 FileHugePages:        0 kB
Node 0 FilePmdMapped:        0 kB
Node 0 HugePages_Total:     0
Node 0 HugePages_Free:      0
Node 0 HugePages_Surp:      0

Node 1 MemTotal:       24661580 kB
Node 1 MemFree:        24160576 kB
Node 1 MemUsed:          501004 kB
Node 1 Active:            53224 kB
Node 1 Inactive:         167936 kB
Node 1 Active(anon):      30376 kB
Node 1 Inactive(anon):      588 kB
Node 1 Active(file):      22848 kB
Node 1 Inactive(file):   167348 kB
Node 1 Unevictable:         816 kB
Node 1 Mlocked:             816 kB
Node 1 Dirty:               492 kB
Node 1 Writeback:             0 kB
Node 1 FilePages:        191760 kB
Node 1 Mapped:            57512 kB
Node 1 AnonPages:         30696 kB
Node 1 Shmem:               752 kB
Node 1 KernelStack:        2344 kB
Node 1 PageTables:         2248 kB
Node 1 NFS_Unstable:          0 kB
Node 1 Bounce:                0 kB
Node 1 WritebackTmp:          0 kB
Node 1 KReclaimable:      20180 kB
Node 1 Slab:              56892 kB
Node 1 SReclaimable:      20180 kB
Node 1 SUnreclaim:        36712 kB
Node 1 AnonHugePages:         0 kB
Node 1 ShmemHugePages:        0 kB
Node 1 ShmemPmdMapped:        0 kB
Node 1 FileHugePages:        0 kB
Node 1 FilePmdMapped:        0 kB
Node 1 HugePages_Total:     0
Node 1 HugePages_Free:      0
Node 1 HugePages_Surp:      0

Import tank ZPool
Node 0 MemTotal:       24768352 kB
Node 0 MemFree:        24455148 kB
Node 0 MemUsed:          313204 kB
Node 0 Active:            76820 kB
Node 0 Inactive:          74632 kB
Node 0 Active(anon):      31304 kB
Node 0 Inactive(anon):      356 kB
Node 0 Active(file):      45516 kB
Node 0 Inactive(file):    74276 kB
Node 0 Unevictable:       17936 kB
Node 0 Mlocked:           17936 kB
Node 0 Dirty:                80 kB
Node 0 Writeback:             0 kB
Node 0 FilePages:        127684 kB
Node 0 Mapped:            26644 kB
Node 0 AnonPages:         41804 kB
Node 0 Shmem:               516 kB
Node 0 KernelStack:        1880 kB
Node 0 PageTables:         1152 kB
Node 0 NFS_Unstable:          0 kB
Node 0 Bounce:                0 kB
Node 0 WritebackTmp:          0 kB
Node 0 KReclaimable:      23828 kB
Node 0 Slab:              62084 kB
Node 0 SReclaimable:      23828 kB
Node 0 SUnreclaim:        38256 kB
Node 0 AnonHugePages:         0 kB
Node 0 ShmemHugePages:        0 kB
Node 0 ShmemPmdMapped:        0 kB
Node 0 FileHugePages:        0 kB
Node 0 FilePmdMapped:        0 kB
Node 0 HugePages_Total:     0
Node 0 HugePages_Free:      0
Node 0 HugePages_Surp:      0

Node 1 MemTotal:       24661580 kB
Node 1 MemFree:        24146860 kB
Node 1 MemUsed:          514720 kB
Node 1 Active:            52740 kB
Node 1 Inactive:         167944 kB
Node 1 Active(anon):      29892 kB
Node 1 Inactive(anon):      592 kB
Node 1 Active(file):      22848 kB
Node 1 Inactive(file):   167352 kB
Node 1 Unevictable:         816 kB
Node 1 Mlocked:             816 kB
Node 1 Dirty:               568 kB
Node 1 Writeback:             0 kB
Node 1 FilePages:        191808 kB
Node 1 Mapped:            56872 kB
Node 1 AnonPages:         29732 kB
Node 1 Shmem:               752 kB
Node 1 KernelStack:        3336 kB
Node 1 PageTables:         1716 kB
Node 1 NFS_Unstable:          0 kB
Node 1 Bounce:                0 kB
Node 1 WritebackTmp:          0 kB
Node 1 KReclaimable:      20200 kB
Node 1 Slab:              59196 kB
Node 1 SReclaimable:      20200 kB
Node 1 SUnreclaim:        38996 kB
Node 1 AnonHugePages:         0 kB
Node 1 ShmemHugePages:        0 kB
Node 1 ShmemPmdMapped:        0 kB
Node 1 FileHugePages:        0 kB
Node 1 FilePmdMapped:        0 kB
Node 1 HugePages_Total:     0
Node 1 HugePages_Free:      0
Node 1 HugePages_Surp:      0

After Test
Node 0 MemTotal:       24768352 kB
Node 0 MemFree:        24455968 kB
Node 0 MemUsed:          312384 kB
Node 0 Active:            67436 kB
Node 0 Inactive:          74356 kB
Node 0 Active(anon):      21316 kB
Node 0 Inactive(anon):      356 kB
Node 0 Active(file):      46120 kB
Node 0 Inactive(file):    74000 kB
Node 0 Unevictable:       17936 kB
Node 0 Mlocked:           17936 kB
Node 0 Dirty:                80 kB
Node 0 Writeback:             0 kB
Node 0 FilePages:        128056 kB
Node 0 Mapped:            26424 kB
Node 0 AnonPages:         30732 kB
Node 0 Shmem:               516 kB
Node 0 KernelStack:        1912 kB
Node 0 PageTables:          976 kB
Node 0 NFS_Unstable:          0 kB
Node 0 Bounce:                0 kB
Node 0 WritebackTmp:          0 kB
Node 0 KReclaimable:      23832 kB
Node 0 Slab:              62100 kB
Node 0 SReclaimable:      23832 kB
Node 0 SUnreclaim:        38268 kB
Node 0 AnonHugePages:         0 kB
Node 0 ShmemHugePages:        0 kB
Node 0 ShmemPmdMapped:        0 kB
Node 0 FileHugePages:        0 kB
Node 0 FilePmdMapped:        0 kB
Node 0 HugePages_Total:     0
Node 0 HugePages_Free:      0
Node 0 HugePages_Surp:      0

Node 1 MemTotal:       24661580 kB
Node 1 MemFree:        23637988 kB
Node 1 MemUsed:         1023592 kB
Node 1 Active:            37092 kB
Node 1 Inactive:         167664 kB
Node 1 Active(anon):      13632 kB
Node 1 Inactive(anon):      592 kB
Node 1 Active(file):      23460 kB
Node 1 Inactive(file):   167072 kB
Node 1 Unevictable:         816 kB
Node 1 Mlocked:             816 kB
Node 1 Dirty:               568 kB
Node 1 Writeback:             0 kB
Node 1 FilePages:        192100 kB
Node 1 Mapped:            54544 kB
Node 1 AnonPages:         13016 kB
Node 1 Shmem:               752 kB
Node 1 KernelStack:        2968 kB
Node 1 PageTables:         1540 kB
Node 1 NFS_Unstable:          0 kB
Node 1 Bounce:                0 kB
Node 1 WritebackTmp:          0 kB
Node 1 KReclaimable:      20252 kB
Node 1 Slab:              62284 kB
Node 1 SReclaimable:      20252 kB
Node 1 SUnreclaim:        42032 kB
Node 1 AnonHugePages:         0 kB
Node 1 ShmemHugePages:        0 kB
Node 1 ShmemPmdMapped:        0 kB
Node 1 FileHugePages:        0 kB
Node 1 FilePmdMapped:        0 kB
Node 1 HugePages_Total:     0
Node 1 HugePages_Free:      0
Node 1 HugePages_Surp:      0

After Opposite Node
Node 0 MemTotal:       24768352 kB
Node 0 MemFree:        24456120 kB
Node 0 MemUsed:          312232 kB
Node 0 Active:            67076 kB
Node 0 Inactive:          74344 kB
Node 0 Active(anon):      20932 kB
Node 0 Inactive(anon):      356 kB
Node 0 Active(file):      46144 kB
Node 0 Inactive(file):    73988 kB
Node 0 Unevictable:       17936 kB
Node 0 Mlocked:           17936 kB
Node 0 Dirty:                88 kB
Node 0 Writeback:             0 kB
Node 0 FilePages:        128068 kB
Node 0 Mapped:            26004 kB
Node 0 AnonPages:         30952 kB
Node 0 Shmem:               516 kB
Node 0 KernelStack:        1852 kB
Node 0 PageTables:          552 kB
Node 0 NFS_Unstable:          0 kB
Node 0 Bounce:                0 kB
Node 0 WritebackTmp:          0 kB
Node 0 KReclaimable:      23832 kB
Node 0 Slab:              62176 kB
Node 0 SReclaimable:      23832 kB
Node 0 SUnreclaim:        38344 kB
Node 0 AnonHugePages:         0 kB
Node 0 ShmemHugePages:        0 kB
Node 0 ShmemPmdMapped:        0 kB
Node 0 FileHugePages:        0 kB
Node 0 FilePmdMapped:        0 kB
Node 0 HugePages_Total:     0
Node 0 HugePages_Free:      0
Node 0 HugePages_Surp:      0

Node 1 MemTotal:       24661580 kB
Node 1 MemFree:        23637884 kB
Node 1 MemUsed:         1023696 kB
Node 1 Active:            36876 kB
Node 1 Inactive:         167456 kB
Node 1 Active(anon):      13204 kB
Node 1 Inactive(anon):      592 kB
Node 1 Active(file):      23672 kB
Node 1 Inactive(file):   166864 kB
Node 1 Unevictable:         816 kB
Node 1 Mlocked:             816 kB
Node 1 Dirty:               572 kB
Node 1 Writeback:             0 kB
Node 1 FilePages:        192104 kB
Node 1 Mapped:            54204 kB
Node 1 AnonPages:         13080 kB
Node 1 Shmem:               752 kB
Node 1 KernelStack:        2944 kB
Node 1 PageTables:          988 kB
Node 1 NFS_Unstable:          0 kB
Node 1 Bounce:                0 kB
Node 1 WritebackTmp:          0 kB
Node 1 KReclaimable:      20252 kB
Node 1 Slab:              62248 kB
Node 1 SReclaimable:      20252 kB
Node 1 SUnreclaim:        41996 kB
Node 1 AnonHugePages:         0 kB
Node 1 ShmemHugePages:        0 kB
Node 1 ShmemPmdMapped:        0 kB
Node 1 FileHugePages:        0 kB
Node 1 FilePmdMapped:        0 kB
Node 1 HugePages_Total:     0
Node 1 HugePages_Free:      0
Node 1 HugePages_Surp:      0

B.1.simpleread.250M.3.O.1M Complete!
