kernel.numa_balancing = 0
B.1.100M-simpleread.500M.3.O.1M
Begin
Node 0 MemTotal:       24743736 kB
Node 0 MemFree:        24322752 kB
Node 0 MemUsed:          420984 kB
Node 0 Active:            37616 kB
Node 0 Inactive:          92452 kB
Node 0 Active(anon):      16560 kB
Node 0 Inactive(anon):      448 kB
Node 0 Active(file):      21056 kB
Node 0 Inactive(file):    92004 kB
Node 0 Unevictable:       13096 kB
Node 0 Mlocked:           13096 kB
Node 0 Dirty:               148 kB
Node 0 Writeback:             0 kB
Node 0 FilePages:        116856 kB
Node 0 Mapped:            46232 kB
Node 0 AnonPages:         26792 kB
Node 0 Shmem:               584 kB
Node 0 KernelStack:        2104 kB
Node 0 PageTables:          752 kB
Node 0 NFS_Unstable:          0 kB
Node 0 Bounce:                0 kB
Node 0 WritebackTmp:          0 kB
Node 0 KReclaimable:      18948 kB
Node 0 Slab:              55392 kB
Node 0 SReclaimable:      18948 kB
Node 0 SUnreclaim:        36444 kB
Node 0 AnonHugePages:         0 kB
Node 0 ShmemHugePages:        0 kB
Node 0 ShmemPmdMapped:        0 kB
Node 0 FileHugePages:        0 kB
Node 0 FilePmdMapped:        0 kB
Node 0 HugePages_Total:     0
Node 0 HugePages_Free:      0
Node 0 HugePages_Surp:      0

Node 1 MemTotal:       24686196 kB
Node 1 MemFree:        24445388 kB
Node 1 MemUsed:          240808 kB
Node 1 Active:            61696 kB
Node 1 Inactive:          46116 kB
Node 1 Active(anon):      17812 kB
Node 1 Inactive(anon):      436 kB
Node 1 Active(file):      43884 kB
Node 1 Inactive(file):    45680 kB
Node 1 Unevictable:        5428 kB
Node 1 Mlocked:            5428 kB
Node 1 Dirty:               276 kB
Node 1 Writeback:             0 kB
Node 1 FilePages:         95672 kB
Node 1 Mapped:            35968 kB
Node 1 AnonPages:         17668 kB
Node 1 Shmem:               684 kB
Node 1 KernelStack:        1528 kB
Node 1 PageTables:          504 kB
Node 1 NFS_Unstable:          0 kB
Node 1 Bounce:                0 kB
Node 1 WritebackTmp:          0 kB
Node 1 KReclaimable:      22872 kB
Node 1 Slab:              49604 kB
Node 1 SReclaimable:      22872 kB
Node 1 SUnreclaim:        26732 kB
Node 1 AnonHugePages:         0 kB
Node 1 ShmemHugePages:        0 kB
Node 1 ShmemPmdMapped:        0 kB
Node 1 FileHugePages:        0 kB
Node 1 FilePmdMapped:        0 kB
Node 1 HugePages_Total:     0
Node 1 HugePages_Free:      0
Node 1 HugePages_Surp:      0

Load ZFS
Node 0 MemTotal:       24743736 kB
Node 0 MemFree:        24397308 kB
Node 0 MemUsed:          346428 kB
Node 0 Active:            49748 kB
Node 0 Inactive:         135444 kB
Node 0 Active(anon):      27116 kB
Node 0 Inactive(anon):      452 kB
Node 0 Active(file):      22632 kB
Node 0 Inactive(file):   134992 kB
Node 0 Unevictable:       13292 kB
Node 0 Mlocked:           13292 kB
Node 0 Dirty:               396 kB
Node 0 Writeback:             0 kB
Node 0 FilePages:        160960 kB
Node 0 Mapped:            46668 kB
Node 0 AnonPages:         38052 kB
Node 0 Shmem:               556 kB
Node 0 KernelStack:        2480 kB
Node 0 PageTables:         1268 kB
Node 0 NFS_Unstable:          0 kB
Node 0 Bounce:                0 kB
Node 0 WritebackTmp:          0 kB
Node 0 KReclaimable:      19924 kB
Node 0 Slab:              59320 kB
Node 0 SReclaimable:      19924 kB
Node 0 SUnreclaim:        39396 kB
Node 0 AnonHugePages:         0 kB
Node 0 ShmemHugePages:        0 kB
Node 0 ShmemPmdMapped:        0 kB
Node 0 FileHugePages:        0 kB
Node 0 FilePmdMapped:        0 kB
Node 0 HugePages_Total:     0
Node 0 HugePages_Free:      0
Node 0 HugePages_Surp:      0

Node 1 MemTotal:       24686196 kB
Node 1 MemFree:        24224288 kB
Node 1 MemUsed:          461908 kB
Node 1 Active:            79892 kB
Node 1 Inactive:         106632 kB
Node 1 Active(anon):      34656 kB
Node 1 Inactive(anon):      492 kB
Node 1 Active(file):      45236 kB
Node 1 Inactive(file):   106140 kB
Node 1 Unevictable:        5428 kB
Node 1 Mlocked:            5428 kB
Node 1 Dirty:               220 kB
Node 1 Writeback:             0 kB
Node 1 FilePages:        157512 kB
Node 1 Mapped:            39540 kB
Node 1 AnonPages:         33960 kB
Node 1 Shmem:               712 kB
Node 1 KernelStack:        1932 kB
Node 1 PageTables:         1612 kB
Node 1 NFS_Unstable:          0 kB
Node 1 Bounce:                0 kB
Node 1 WritebackTmp:          0 kB
Node 1 KReclaimable:      23464 kB
Node 1 Slab:              52968 kB
Node 1 SReclaimable:      23464 kB
Node 1 SUnreclaim:        29504 kB
Node 1 AnonHugePages:         0 kB
Node 1 ShmemHugePages:        0 kB
Node 1 ShmemPmdMapped:        0 kB
Node 1 FileHugePages:        0 kB
Node 1 FilePmdMapped:        0 kB
Node 1 HugePages_Total:     0
Node 1 HugePages_Free:      0
Node 1 HugePages_Surp:      0

Import tank ZPool
Node 0 MemTotal:       24743736 kB
Node 0 MemFree:        24390716 kB
Node 0 MemUsed:          353020 kB
Node 0 Active:            50036 kB
Node 0 Inactive:         136700 kB
Node 0 Active(anon):      26996 kB
Node 0 Inactive(anon):      456 kB
Node 0 Active(file):      23040 kB
Node 0 Inactive(file):   136244 kB
Node 0 Unevictable:       13324 kB
Node 0 Mlocked:           13324 kB
Node 0 Dirty:                52 kB
Node 0 Writeback:             0 kB
Node 0 FilePages:        162672 kB
Node 0 Mapped:            46908 kB
Node 0 AnonPages:         37080 kB
Node 0 Shmem:               560 kB
Node 0 KernelStack:        2344 kB
Node 0 PageTables:         1352 kB
Node 0 NFS_Unstable:          0 kB
Node 0 Bounce:                0 kB
Node 0 WritebackTmp:          0 kB
Node 0 KReclaimable:      20064 kB
Node 0 Slab:              64396 kB
Node 0 SReclaimable:      20064 kB
Node 0 SUnreclaim:        44332 kB
Node 0 AnonHugePages:         0 kB
Node 0 ShmemHugePages:        0 kB
Node 0 ShmemPmdMapped:        0 kB
Node 0 FileHugePages:        0 kB
Node 0 FilePmdMapped:        0 kB
Node 0 HugePages_Total:     0
Node 0 HugePages_Free:      0
Node 0 HugePages_Surp:      0

Node 1 MemTotal:       24686196 kB
Node 1 MemFree:        24213216 kB
Node 1 MemUsed:          472980 kB
Node 1 Active:            79052 kB
Node 1 Inactive:         106632 kB
Node 1 Active(anon):      34004 kB
Node 1 Inactive(anon):      492 kB
Node 1 Active(file):      45048 kB
Node 1 Inactive(file):   106140 kB
Node 1 Unevictable:        5428 kB
Node 1 Mlocked:            5428 kB
Node 1 Dirty:                28 kB
Node 1 Writeback:             0 kB
Node 1 FilePages:        157356 kB
Node 1 Mapped:            39468 kB
Node 1 AnonPages:         33788 kB
Node 1 Shmem:               708 kB
Node 1 KernelStack:        2920 kB
Node 1 PageTables:         1336 kB
Node 1 NFS_Unstable:          0 kB
Node 1 Bounce:                0 kB
Node 1 WritebackTmp:          0 kB
Node 1 KReclaimable:      23464 kB
Node 1 Slab:              55040 kB
Node 1 SReclaimable:      23464 kB
Node 1 SUnreclaim:        31576 kB
Node 1 AnonHugePages:         0 kB
Node 1 ShmemHugePages:        0 kB
Node 1 ShmemPmdMapped:        0 kB
Node 1 FileHugePages:        0 kB
Node 1 FilePmdMapped:        0 kB
Node 1 HugePages_Total:     0
Node 1 HugePages_Free:      0
Node 1 HugePages_Surp:      0

After Test
Node 0 MemTotal:       24743736 kB
Node 0 MemFree:        23957128 kB
Node 0 MemUsed:          786608 kB
Node 0 Active:            39688 kB
Node 0 Inactive:         136220 kB
Node 0 Active(anon):      16116 kB
Node 0 Inactive(anon):      452 kB
Node 0 Active(file):      23572 kB
Node 0 Inactive(file):   135768 kB
Node 0 Unevictable:       13324 kB
Node 0 Mlocked:           13324 kB
Node 0 Dirty:                44 kB
Node 0 Writeback:             0 kB
Node 0 FilePages:        162668 kB
Node 0 Mapped:            46416 kB
Node 0 AnonPages:         26576 kB
Node 0 Shmem:               560 kB
Node 0 KernelStack:        2136 kB
Node 0 PageTables:          784 kB
Node 0 NFS_Unstable:          0 kB
Node 0 Bounce:                0 kB
Node 0 WritebackTmp:          0 kB
Node 0 KReclaimable:      20144 kB
Node 0 Slab:              65816 kB
Node 0 SReclaimable:      20144 kB
Node 0 SUnreclaim:        45672 kB
Node 0 AnonHugePages:         0 kB
Node 0 ShmemHugePages:        0 kB
Node 0 ShmemPmdMapped:        0 kB
Node 0 FileHugePages:        0 kB
Node 0 FilePmdMapped:        0 kB
Node 0 HugePages_Total:     0
Node 0 HugePages_Free:      0
Node 0 HugePages_Surp:      0

Node 1 MemTotal:       24686196 kB
Node 1 MemFree:        23518016 kB
Node 1 MemUsed:         1168180 kB
Node 1 Active:            63332 kB
Node 1 Inactive:         203984 kB
Node 1 Active(anon):      17460 kB
Node 1 Inactive(anon):      488 kB
Node 1 Active(file):      45872 kB
Node 1 Inactive(file):   203496 kB
Node 1 Unevictable:        5428 kB
Node 1 Mlocked:            5428 kB
Node 1 Dirty:                52 kB
Node 1 Writeback:             0 kB
Node 1 FilePages:        255508 kB
Node 1 Mapped:            36004 kB
Node 1 AnonPages:         17268 kB
Node 1 Shmem:               708 kB
Node 1 KernelStack:        2648 kB
Node 1 PageTables:          672 kB
Node 1 NFS_Unstable:          0 kB
Node 1 Bounce:                0 kB
Node 1 WritebackTmp:          0 kB
Node 1 KReclaimable:      23800 kB
Node 1 Slab:              59700 kB
Node 1 SReclaimable:      23800 kB
Node 1 SUnreclaim:        35900 kB
Node 1 AnonHugePages:         0 kB
Node 1 ShmemHugePages:        0 kB
Node 1 ShmemPmdMapped:        0 kB
Node 1 FileHugePages:        0 kB
Node 1 FilePmdMapped:        0 kB
Node 1 HugePages_Total:     0
Node 1 HugePages_Free:      0
Node 1 HugePages_Surp:      0

After Opposite Node
Node 0 MemTotal:       24743736 kB
Node 0 MemFree:        23957080 kB
Node 0 MemUsed:          786656 kB
Node 0 Active:            40072 kB
Node 0 Inactive:         135984 kB
Node 0 Active(anon):      16256 kB
Node 0 Inactive(anon):      452 kB
Node 0 Active(file):      23816 kB
Node 0 Inactive(file):   135532 kB
Node 0 Unevictable:       13324 kB
Node 0 Mlocked:           13324 kB
Node 0 Dirty:                52 kB
Node 0 Writeback:             0 kB
Node 0 FilePages:        162676 kB
Node 0 Mapped:            46384 kB
Node 0 AnonPages:         26520 kB
Node 0 Shmem:               560 kB
Node 0 KernelStack:        2200 kB
Node 0 PageTables:         1068 kB
Node 0 NFS_Unstable:          0 kB
Node 0 Bounce:                0 kB
Node 0 WritebackTmp:          0 kB
Node 0 KReclaimable:      20144 kB
Node 0 Slab:              65852 kB
Node 0 SReclaimable:      20144 kB
Node 0 SUnreclaim:        45708 kB
Node 0 AnonHugePages:         0 kB
Node 0 ShmemHugePages:        0 kB
Node 0 ShmemPmdMapped:        0 kB
Node 0 FileHugePages:        0 kB
Node 0 FilePmdMapped:        0 kB
Node 0 HugePages_Total:     0
Node 0 HugePages_Free:      0
Node 0 HugePages_Surp:      0

Node 1 MemTotal:       24686196 kB
Node 1 MemFree:        23518264 kB
Node 1 MemUsed:         1167932 kB
Node 1 Active:            63324 kB
Node 1 Inactive:         203964 kB
Node 1 Active(anon):      17420 kB
Node 1 Inactive(anon):      488 kB
Node 1 Active(file):      45904 kB
Node 1 Inactive(file):   203476 kB
Node 1 Unevictable:        5428 kB
Node 1 Mlocked:            5428 kB
Node 1 Dirty:                64 kB
Node 1 Writeback:             0 kB
Node 1 FilePages:        255520 kB
Node 1 Mapped:            36020 kB
Node 1 AnonPages:         17252 kB
Node 1 Shmem:               708 kB
Node 1 KernelStack:        2632 kB
Node 1 PageTables:          408 kB
Node 1 NFS_Unstable:          0 kB
Node 1 Bounce:                0 kB
Node 1 WritebackTmp:          0 kB
Node 1 KReclaimable:      23800 kB
Node 1 Slab:              59720 kB
Node 1 SReclaimable:      23800 kB
Node 1 SUnreclaim:        35920 kB
Node 1 AnonHugePages:         0 kB
Node 1 ShmemHugePages:        0 kB
Node 1 ShmemPmdMapped:        0 kB
Node 1 FileHugePages:        0 kB
Node 1 FilePmdMapped:        0 kB
Node 1 HugePages_Total:     0
Node 1 HugePages_Free:      0
Node 1 HugePages_Surp:      0

B.1.100M-simpleread.500M.3.O.1M Complete!
