B.1.simpleread.8G.1.O.1M
Begin
Node 0 MemTotal:       24768352 kB
Node 0 MemFree:        24429956 kB
Node 0 MemUsed:          338396 kB
Node 0 Active:            65700 kB
Node 0 Inactive:          43600 kB
Node 0 Active(anon):      18704 kB
Node 0 Inactive(anon):      520 kB
Node 0 Active(file):      46996 kB
Node 0 Inactive(file):    43080 kB
Node 0 Unevictable:       17420 kB
Node 0 Mlocked:           17420 kB
Node 0 Dirty:               212 kB
Node 0 Writeback:             0 kB
Node 0 FilePages:         97892 kB
Node 0 Mapped:            44028 kB
Node 0 AnonPages:         28880 kB
Node 0 Shmem:               712 kB
Node 0 KernelStack:        2040 kB
Node 0 PageTables:          504 kB
Node 0 NFS_Unstable:          0 kB
Node 0 Bounce:                0 kB
Node 0 WritebackTmp:          0 kB
Node 0 KReclaimable:      24244 kB
Node 0 Slab:              58200 kB
Node 0 SReclaimable:      24244 kB
Node 0 SUnreclaim:        33956 kB
Node 0 AnonHugePages:         0 kB
Node 0 ShmemHugePages:        0 kB
Node 0 ShmemPmdMapped:        0 kB
Node 0 FileHugePages:        0 kB
Node 0 FilePmdMapped:        0 kB
Node 0 HugePages_Total:     0
Node 0 HugePages_Free:      0
Node 0 HugePages_Surp:      0

Node 1 MemTotal:       24661580 kB
Node 1 MemFree:        24380808 kB
Node 1 MemUsed:          280772 kB
Node 1 Active:            29508 kB
Node 1 Inactive:          54384 kB
Node 1 Active(anon):      14828 kB
Node 1 Inactive(anon):      352 kB
Node 1 Active(file):      14680 kB
Node 1 Inactive(file):    54032 kB
Node 1 Unevictable:        1104 kB
Node 1 Mlocked:            1104 kB
Node 1 Dirty:               136 kB
Node 1 Writeback:             0 kB
Node 1 FilePages:         70404 kB
Node 1 Mapped:            11036 kB
Node 1 AnonPages:         14732 kB
Node 1 Shmem:               556 kB
Node 1 KernelStack:        1592 kB
Node 1 PageTables:          608 kB
Node 1 NFS_Unstable:          0 kB
Node 1 Bounce:                0 kB
Node 1 WritebackTmp:          0 kB
Node 1 KReclaimable:      17540 kB
Node 1 Slab:              47156 kB
Node 1 SReclaimable:      17540 kB
Node 1 SUnreclaim:        29616 kB
Node 1 AnonHugePages:         0 kB
Node 1 ShmemHugePages:        0 kB
Node 1 ShmemPmdMapped:        0 kB
Node 1 FileHugePages:        0 kB
Node 1 FilePmdMapped:        0 kB
Node 1 HugePages_Total:     0
Node 1 HugePages_Free:      0
Node 1 HugePages_Surp:      0

Load ZFS
Node 0 MemTotal:       24768352 kB
Node 0 MemFree:        24455432 kB
Node 0 MemUsed:          312920 kB
Node 0 Active:            81896 kB
Node 0 Inactive:          64256 kB
Node 0 Active(anon):      33996 kB
Node 0 Inactive(anon):      504 kB
Node 0 Active(file):      47900 kB
Node 0 Inactive(file):    63752 kB
Node 0 Unevictable:       17632 kB
Node 0 Mlocked:           17632 kB
Node 0 Dirty:               392 kB
Node 0 Writeback:             0 kB
Node 0 FilePages:        119376 kB
Node 0 Mapped:            47324 kB
Node 0 AnonPages:         44556 kB
Node 0 Shmem:               636 kB
Node 0 KernelStack:        2184 kB
Node 0 PageTables:         1044 kB
Node 0 NFS_Unstable:          0 kB
Node 0 Bounce:                0 kB
Node 0 WritebackTmp:          0 kB
Node 0 KReclaimable:      25032 kB
Node 0 Slab:              60792 kB
Node 0 SReclaimable:      25032 kB
Node 0 SUnreclaim:        35760 kB
Node 0 AnonHugePages:         0 kB
Node 0 ShmemHugePages:        0 kB
Node 0 ShmemPmdMapped:        0 kB
Node 0 FileHugePages:        0 kB
Node 0 FilePmdMapped:        0 kB
Node 0 HugePages_Total:     0
Node 0 HugePages_Free:      0
Node 0 HugePages_Surp:      0

Node 1 MemTotal:       24661580 kB
Node 1 MemFree:        24212224 kB
Node 1 MemUsed:          449356 kB
Node 1 Active:            41444 kB
Node 1 Inactive:         137208 kB
Node 1 Active(anon):      25272 kB
Node 1 Inactive(anon):      444 kB
Node 1 Active(file):      16172 kB
Node 1 Inactive(file):   136764 kB
Node 1 Unevictable:        1104 kB
Node 1 Mlocked:            1104 kB
Node 1 Dirty:                20 kB
Node 1 Writeback:             0 kB
Node 1 FilePages:        154672 kB
Node 1 Mapped:            11628 kB
Node 1 AnonPages:         24800 kB
Node 1 Shmem:               632 kB
Node 1 KernelStack:        2052 kB
Node 1 PageTables:         2132 kB
Node 1 NFS_Unstable:          0 kB
Node 1 Bounce:                0 kB
Node 1 WritebackTmp:          0 kB
Node 1 KReclaimable:      18452 kB
Node 1 Slab:              52112 kB
Node 1 SReclaimable:      18452 kB
Node 1 SUnreclaim:        33660 kB
Node 1 AnonHugePages:         0 kB
Node 1 ShmemHugePages:        0 kB
Node 1 ShmemPmdMapped:        0 kB
Node 1 FileHugePages:        0 kB
Node 1 FilePmdMapped:        0 kB
Node 1 HugePages_Total:     0
Node 1 HugePages_Free:      0
Node 1 HugePages_Surp:      0

Import tank ZPool
Node 0 MemTotal:       24768352 kB
Node 0 MemFree:        24468080 kB
Node 0 MemUsed:          300272 kB
Node 0 Active:            67800 kB
Node 0 Inactive:          64260 kB
Node 0 Active(anon):      19884 kB
Node 0 Inactive(anon):      508 kB
Node 0 Active(file):      47916 kB
Node 0 Inactive(file):    63752 kB
Node 0 Unevictable:       17648 kB
Node 0 Mlocked:           17648 kB
Node 0 Dirty:                24 kB
Node 0 Writeback:             0 kB
Node 0 FilePages:        119404 kB
Node 0 Mapped:            44820 kB
Node 0 AnonPages:         30348 kB
Node 0 Shmem:               632 kB
Node 0 KernelStack:        2088 kB
Node 0 PageTables:          772 kB
Node 0 NFS_Unstable:          0 kB
Node 0 Bounce:                0 kB
Node 0 WritebackTmp:          0 kB
Node 0 KReclaimable:      25040 kB
Node 0 Slab:              61120 kB
Node 0 SReclaimable:      25040 kB
Node 0 SUnreclaim:        36080 kB
Node 0 AnonHugePages:         0 kB
Node 0 ShmemHugePages:        0 kB
Node 0 ShmemPmdMapped:        0 kB
Node 0 FileHugePages:        0 kB
Node 0 FilePmdMapped:        0 kB
Node 0 HugePages_Total:     0
Node 0 HugePages_Free:      0
Node 0 HugePages_Surp:      0

Node 1 MemTotal:       24661580 kB
Node 1 MemFree:        24209224 kB
Node 1 MemUsed:          452356 kB
Node 1 Active:            31252 kB
Node 1 Inactive:         138396 kB
Node 1 Active(anon):      14748 kB
Node 1 Inactive(anon):      444 kB
Node 1 Active(file):      16504 kB
Node 1 Inactive(file):   137952 kB
Node 1 Unevictable:        1104 kB
Node 1 Mlocked:            1104 kB
Node 1 Dirty:                 4 kB
Node 1 Writeback:             0 kB
Node 1 FilePages:        156200 kB
Node 1 Mapped:            11876 kB
Node 1 AnonPages:         13600 kB
Node 1 Shmem:               636 kB
Node 1 KernelStack:        2904 kB
Node 1 PageTables:         1164 kB
Node 1 NFS_Unstable:          0 kB
Node 1 Bounce:                0 kB
Node 1 WritebackTmp:          0 kB
Node 1 KReclaimable:      18584 kB
Node 1 Slab:              57764 kB
Node 1 SReclaimable:      18584 kB
Node 1 SUnreclaim:        39180 kB
Node 1 AnonHugePages:         0 kB
Node 1 ShmemHugePages:        0 kB
Node 1 ShmemPmdMapped:        0 kB
Node 1 FileHugePages:        0 kB
Node 1 FilePmdMapped:        0 kB
Node 1 HugePages_Total:     0
Node 1 HugePages_Free:      0
Node 1 HugePages_Surp:      0

After Test
Node 0 MemTotal:       24768352 kB
Node 0 MemFree:        23946400 kB
Node 0 MemUsed:          821952 kB
Node 0 Active:            67824 kB
Node 0 Inactive:          63736 kB
Node 0 Active(anon):      19308 kB
Node 0 Inactive(anon):      500 kB
Node 0 Active(file):      48516 kB
Node 0 Inactive(file):    63236 kB
Node 0 Unevictable:       17648 kB
Node 0 Mlocked:           17648 kB
Node 0 Dirty:                24 kB
Node 0 Writeback:             0 kB
Node 0 FilePages:        119500 kB
Node 0 Mapped:            44088 kB
Node 0 AnonPages:         29740 kB
Node 0 Shmem:               632 kB
Node 0 KernelStack:        1912 kB
Node 0 PageTables:          508 kB
Node 0 NFS_Unstable:          0 kB
Node 0 Bounce:                0 kB
Node 0 WritebackTmp:          0 kB
Node 0 KReclaimable:      25192 kB
Node 0 Slab:              64040 kB
Node 0 SReclaimable:      25192 kB
Node 0 SUnreclaim:        38848 kB
Node 0 AnonHugePages:         0 kB
Node 0 ShmemHugePages:        0 kB
Node 0 ShmemPmdMapped:        0 kB
Node 0 FileHugePages:        0 kB
Node 0 FilePmdMapped:        0 kB
Node 0 HugePages_Total:     0
Node 0 HugePages_Free:      0
Node 0 HugePages_Surp:      0

Node 1 MemTotal:       24661580 kB
Node 1 MemFree:        15482764 kB
Node 1 MemUsed:         9178816 kB
Node 1 Active:            31228 kB
Node 1 Inactive:         138052 kB
Node 1 Active(anon):      13920 kB
Node 1 Inactive(anon):      444 kB
Node 1 Active(file):      17308 kB
Node 1 Inactive(file):   137608 kB
Node 1 Unevictable:        1104 kB
Node 1 Mlocked:            1104 kB
Node 1 Dirty:                 4 kB
Node 1 Writeback:             0 kB
Node 1 FilePages:        156656 kB
Node 1 Mapped:            11096 kB
Node 1 AnonPages:         13812 kB
Node 1 Shmem:               636 kB
Node 1 KernelStack:        2648 kB
Node 1 PageTables:          592 kB
Node 1 NFS_Unstable:          0 kB
Node 1 Bounce:                0 kB
Node 1 WritebackTmp:          0 kB
Node 1 KReclaimable:      18696 kB
Node 1 Slab:              88844 kB
Node 1 SReclaimable:      18696 kB
Node 1 SUnreclaim:        70148 kB
Node 1 AnonHugePages:         0 kB
Node 1 ShmemHugePages:        0 kB
Node 1 ShmemPmdMapped:        0 kB
Node 1 FileHugePages:        0 kB
Node 1 FilePmdMapped:        0 kB
Node 1 HugePages_Total:     0
Node 1 HugePages_Free:      0
Node 1 HugePages_Surp:      0

After Opposite Node
Node 0 MemTotal:       24768352 kB
Node 0 MemFree:        23945772 kB
Node 0 MemUsed:          822580 kB
Node 0 Active:            68292 kB
Node 0 Inactive:          63740 kB
Node 0 Active(anon):      19740 kB
Node 0 Inactive(anon):      500 kB
Node 0 Active(file):      48552 kB
Node 0 Inactive(file):    63240 kB
Node 0 Unevictable:       17648 kB
Node 0 Mlocked:           17648 kB
Node 0 Dirty:               116 kB
Node 0 Writeback:             0 kB
Node 0 FilePages:        119516 kB
Node 0 Mapped:            44088 kB
Node 0 AnonPages:         30184 kB
Node 0 Shmem:               632 kB
Node 0 KernelStack:        1912 kB
Node 0 PageTables:          556 kB
Node 0 NFS_Unstable:          0 kB
Node 0 Bounce:                0 kB
Node 0 WritebackTmp:          0 kB
Node 0 KReclaimable:      25232 kB
Node 0 Slab:              64520 kB
Node 0 SReclaimable:      25232 kB
Node 0 SUnreclaim:        39288 kB
Node 0 AnonHugePages:         0 kB
Node 0 ShmemHugePages:        0 kB
Node 0 ShmemPmdMapped:        0 kB
Node 0 FileHugePages:        0 kB
Node 0 FilePmdMapped:        0 kB
Node 0 HugePages_Total:     0
Node 0 HugePages_Free:      0
Node 0 HugePages_Surp:      0

Node 1 MemTotal:       24661580 kB
Node 1 MemFree:        15484936 kB
Node 1 MemUsed:         9176644 kB
Node 1 Active:            31172 kB
Node 1 Inactive:         137768 kB
Node 1 Active(anon):      13564 kB
Node 1 Inactive(anon):      444 kB
Node 1 Active(file):      17608 kB
Node 1 Inactive(file):   137324 kB
Node 1 Unevictable:        1104 kB
Node 1 Mlocked:            1104 kB
Node 1 Dirty:                36 kB
Node 1 Writeback:             0 kB
Node 1 FilePages:        156672 kB
Node 1 Mapped:            11140 kB
Node 1 AnonPages:         13372 kB
Node 1 Shmem:               636 kB
Node 1 KernelStack:        2648 kB
Node 1 PageTables:          536 kB
Node 1 NFS_Unstable:          0 kB
Node 1 Bounce:                0 kB
Node 1 WritebackTmp:          0 kB
Node 1 KReclaimable:      18696 kB
Node 1 Slab:              88848 kB
Node 1 SReclaimable:      18696 kB
Node 1 SUnreclaim:        70152 kB
Node 1 AnonHugePages:         0 kB
Node 1 ShmemHugePages:        0 kB
Node 1 ShmemPmdMapped:        0 kB
Node 1 FileHugePages:        0 kB
Node 1 FilePmdMapped:        0 kB
Node 1 HugePages_Total:     0
Node 1 HugePages_Free:      0
Node 1 HugePages_Surp:      0

B.1.simpleread.8G.1.O.1M Complete!
