20 Tests Remaining!
B.1.simpleread.2-1G.3.O.1M
Begin
Node 0 MemTotal:       24768352 kB
Node 0 MemFree:        24385900 kB
Node 0 MemUsed:          382452 kB
Node 0 Active:            59052 kB
Node 0 Inactive:          28780 kB
Node 0 Active(anon):      15904 kB
Node 0 Inactive(anon):      348 kB
Node 0 Active(file):      43148 kB
Node 0 Inactive(file):    28432 kB
Node 0 Unevictable:       17856 kB
Node 0 Mlocked:           17856 kB
Node 0 Dirty:                36 kB
Node 0 Writeback:             0 kB
Node 0 FilePages:         79608 kB
Node 0 Mapped:            25972 kB
Node 0 AnonPages:         26072 kB
Node 0 Shmem:               504 kB
Node 0 KernelStack:        2280 kB
Node 0 PageTables:          604 kB
Node 0 NFS_Unstable:          0 kB
Node 0 Bounce:                0 kB
Node 0 WritebackTmp:          0 kB
Node 0 KReclaimable:      21440 kB
Node 0 Slab:              54576 kB
Node 0 SReclaimable:      21440 kB
Node 0 SUnreclaim:        33136 kB
Node 0 AnonHugePages:         0 kB
Node 0 ShmemHugePages:        0 kB
Node 0 ShmemPmdMapped:        0 kB
Node 0 FileHugePages:        0 kB
Node 0 FilePmdMapped:        0 kB
Node 0 HugePages_Total:     0
Node 0 HugePages_Free:      0
Node 0 HugePages_Surp:      0

Node 1 MemTotal:       24661580 kB
Node 1 MemFree:        24428400 kB
Node 1 MemUsed:          233180 kB
Node 1 Active:            38944 kB
Node 1 Inactive:          60408 kB
Node 1 Active(anon):      19092 kB
Node 1 Inactive(anon):      520 kB
Node 1 Active(file):      19852 kB
Node 1 Inactive(file):    59888 kB
Node 1 Unevictable:         668 kB
Node 1 Mlocked:             668 kB
Node 1 Dirty:               400 kB
Node 1 Writeback:             0 kB
Node 1 FilePages:         81172 kB
Node 1 Mapped:            16876 kB
Node 1 AnonPages:         18864 kB
Node 1 Shmem:               764 kB
Node 1 KernelStack:        1560 kB
Node 1 PageTables:          584 kB
Node 1 NFS_Unstable:          0 kB
Node 1 Bounce:                0 kB
Node 1 WritebackTmp:          0 kB
Node 1 KReclaimable:      21720 kB
Node 1 Slab:              55220 kB
Node 1 SReclaimable:      21720 kB
Node 1 SUnreclaim:        33500 kB
Node 1 AnonHugePages:         0 kB
Node 1 ShmemHugePages:        0 kB
Node 1 ShmemPmdMapped:        0 kB
Node 1 FileHugePages:        0 kB
Node 1 FilePmdMapped:        0 kB
Node 1 HugePages_Total:     0
Node 1 HugePages_Free:      0
Node 1 HugePages_Surp:      0

Load ZFS
Node 0 MemTotal:       24768352 kB
Node 0 MemFree:        24448784 kB
Node 0 MemUsed:          319568 kB
Node 0 Active:            72972 kB
Node 0 Inactive:          82280 kB
Node 0 Active(anon):      28024 kB
Node 0 Inactive(anon):      548 kB
Node 0 Active(file):      44948 kB
Node 0 Inactive(file):    81732 kB
Node 0 Unevictable:       18056 kB
Node 0 Mlocked:           18056 kB
Node 0 Dirty:                64 kB
Node 0 Writeback:             0 kB
Node 0 FilePages:        134912 kB
Node 0 Mapped:            28012 kB
Node 0 AnonPages:         37852 kB
Node 0 Shmem:               692 kB
Node 0 KernelStack:        2448 kB
Node 0 PageTables:         1208 kB
Node 0 NFS_Unstable:          0 kB
Node 0 Bounce:                0 kB
Node 0 WritebackTmp:          0 kB
Node 0 KReclaimable:      22076 kB
Node 0 Slab:              57016 kB
Node 0 SReclaimable:      22076 kB
Node 0 SUnreclaim:        34940 kB
Node 0 AnonHugePages:         0 kB
Node 0 ShmemHugePages:        0 kB
Node 0 ShmemPmdMapped:        0 kB
Node 0 FileHugePages:        0 kB
Node 0 FilePmdMapped:        0 kB
Node 0 HugePages_Total:     0
Node 0 HugePages_Free:      0
Node 0 HugePages_Surp:      0

Node 1 MemTotal:       24661580 kB
Node 1 MemFree:        24219924 kB
Node 1 MemUsed:          441656 kB
Node 1 Active:            53748 kB
Node 1 Inactive:         110480 kB
Node 1 Active(anon):      33196 kB
Node 1 Inactive(anon):      396 kB
Node 1 Active(file):      20552 kB
Node 1 Inactive(file):   110084 kB
Node 1 Unevictable:         668 kB
Node 1 Mlocked:             668 kB
Node 1 Dirty:               480 kB
Node 1 Writeback:             0 kB
Node 1 FilePages:        131880 kB
Node 1 Mapped:            19048 kB
Node 1 AnonPages:         33284 kB
Node 1 Shmem:               576 kB
Node 1 KernelStack:        1864 kB
Node 1 PageTables:         1772 kB
Node 1 NFS_Unstable:          0 kB
Node 1 Bounce:                0 kB
Node 1 WritebackTmp:          0 kB
Node 1 KReclaimable:      22620 kB
Node 1 Slab:              59036 kB
Node 1 SReclaimable:      22620 kB
Node 1 SUnreclaim:        36416 kB
Node 1 AnonHugePages:         0 kB
Node 1 ShmemHugePages:        0 kB
Node 1 ShmemPmdMapped:        0 kB
Node 1 FileHugePages:        0 kB
Node 1 FilePmdMapped:        0 kB
Node 1 HugePages_Total:     0
Node 1 HugePages_Free:      0
Node 1 HugePages_Surp:      0

Import tank ZPool
Node 0 MemTotal:       24768352 kB
Node 0 MemFree:        24453792 kB
Node 0 MemUsed:          314560 kB
Node 0 Active:            61684 kB
Node 0 Inactive:          83124 kB
Node 0 Active(anon):      16296 kB
Node 0 Inactive(anon):      564 kB
Node 0 Active(file):      45388 kB
Node 0 Inactive(file):    82560 kB
Node 0 Unevictable:       18088 kB
Node 0 Mlocked:           18088 kB
Node 0 Dirty:                88 kB
Node 0 Writeback:             0 kB
Node 0 FilePages:        136180 kB
Node 0 Mapped:            26172 kB
Node 0 AnonPages:         26400 kB
Node 0 Shmem:               704 kB
Node 0 KernelStack:        2200 kB
Node 0 PageTables:          704 kB
Node 0 NFS_Unstable:          0 kB
Node 0 Bounce:                0 kB
Node 0 WritebackTmp:          0 kB
Node 0 KReclaimable:      22180 kB
Node 0 Slab:              62484 kB
Node 0 SReclaimable:      22180 kB
Node 0 SUnreclaim:        40304 kB
Node 0 AnonHugePages:         0 kB
Node 0 ShmemHugePages:        0 kB
Node 0 ShmemPmdMapped:        0 kB
Node 0 FileHugePages:        0 kB
Node 0 FilePmdMapped:        0 kB
Node 0 HugePages_Total:     0
Node 0 HugePages_Free:      0
Node 0 HugePages_Surp:      0

Node 1 MemTotal:       24661580 kB
Node 1 MemFree:        24221964 kB
Node 1 MemUsed:          439616 kB
Node 1 Active:            38556 kB
Node 1 Inactive:         110184 kB
Node 1 Active(anon):      17688 kB
Node 1 Inactive(anon):      388 kB
Node 1 Active(file):      20868 kB
Node 1 Inactive(file):   109796 kB
Node 1 Unevictable:         668 kB
Node 1 Mlocked:             668 kB
Node 1 Dirty:               432 kB
Node 1 Writeback:             0 kB
Node 1 FilePages:        131904 kB
Node 1 Mapped:            16952 kB
Node 1 AnonPages:         17512 kB
Node 1 Shmem:               564 kB
Node 1 KernelStack:        2568 kB
Node 1 PageTables:          452 kB
Node 1 NFS_Unstable:          0 kB
Node 1 Bounce:                0 kB
Node 1 WritebackTmp:          0 kB
Node 1 KReclaimable:      22620 kB
Node 1 Slab:              60796 kB
Node 1 SReclaimable:      22620 kB
Node 1 SUnreclaim:        38176 kB
Node 1 AnonHugePages:         0 kB
Node 1 ShmemHugePages:        0 kB
Node 1 ShmemPmdMapped:        0 kB
Node 1 FileHugePages:        0 kB
Node 1 FilePmdMapped:        0 kB
Node 1 HugePages_Total:     0
Node 1 HugePages_Free:      0
Node 1 HugePages_Surp:      0

After Test
Node 0 MemTotal:       24768352 kB
Node 0 MemFree:        24129484 kB
Node 0 MemUsed:          638868 kB
Node 0 Active:            61372 kB
Node 0 Inactive:          82880 kB
Node 0 Active(anon):      15704 kB
Node 0 Inactive(anon):      564 kB
Node 0 Active(file):      45668 kB
Node 0 Inactive(file):    82316 kB
Node 0 Unevictable:       18088 kB
Node 0 Mlocked:           18088 kB
Node 0 Dirty:                36 kB
Node 0 Writeback:             0 kB
Node 0 FilePages:        136212 kB
Node 0 Mapped:            25992 kB
Node 0 AnonPages:         26136 kB
Node 0 Shmem:               704 kB
Node 0 KernelStack:        2168 kB
Node 0 PageTables:          596 kB
Node 0 NFS_Unstable:          0 kB
Node 0 Bounce:                0 kB
Node 0 WritebackTmp:          0 kB
Node 0 KReclaimable:      22196 kB
Node 0 Slab:              63668 kB
Node 0 SReclaimable:      22196 kB
Node 0 SUnreclaim:        41472 kB
Node 0 AnonHugePages:         0 kB
Node 0 ShmemHugePages:        0 kB
Node 0 ShmemPmdMapped:        0 kB
Node 0 FileHugePages:        0 kB
Node 0 FilePmdMapped:        0 kB
Node 0 HugePages_Total:     0
Node 0 HugePages_Free:      0
Node 0 HugePages_Surp:      0

Node 1 MemTotal:       24661580 kB
Node 1 MemFree:        22670908 kB
Node 1 MemUsed:         1990672 kB
Node 1 Active:            39456 kB
Node 1 Inactive:         110184 kB
Node 1 Active(anon):      18144 kB
Node 1 Inactive(anon):      388 kB
Node 1 Active(file):      21312 kB
Node 1 Inactive(file):   109796 kB
Node 1 Unevictable:         668 kB
Node 1 Mlocked:             668 kB
Node 1 Dirty:               372 kB
Node 1 Writeback:             0 kB
Node 1 FilePages:        132348 kB
Node 1 Mapped:            16956 kB
Node 1 AnonPages:         17740 kB
Node 1 Shmem:               564 kB
Node 1 KernelStack:        2568 kB
Node 1 PageTables:          528 kB
Node 1 NFS_Unstable:          0 kB
Node 1 Bounce:                0 kB
Node 1 WritebackTmp:          0 kB
Node 1 KReclaimable:      22732 kB
Node 1 Slab:              69832 kB
Node 1 SReclaimable:      22732 kB
Node 1 SUnreclaim:        47100 kB
Node 1 AnonHugePages:         0 kB
Node 1 ShmemHugePages:        0 kB
Node 1 ShmemPmdMapped:        0 kB
Node 1 FileHugePages:        0 kB
Node 1 FilePmdMapped:        0 kB
Node 1 HugePages_Total:     0
Node 1 HugePages_Free:      0
Node 1 HugePages_Surp:      0

After Opposite Node
Node 0 MemTotal:       24768352 kB
Node 0 MemFree:        24129904 kB
Node 0 MemUsed:          638448 kB
Node 0 Active:            61712 kB
Node 0 Inactive:          82888 kB
Node 0 Active(anon):      16044 kB
Node 0 Inactive(anon):      560 kB
Node 0 Active(file):      45668 kB
Node 0 Inactive(file):    82328 kB
Node 0 Unevictable:       18088 kB
Node 0 Mlocked:           18088 kB
Node 0 Dirty:                48 kB
Node 0 Writeback:             0 kB
Node 0 FilePages:        136224 kB
Node 0 Mapped:            25992 kB
Node 0 AnonPages:         26332 kB
Node 0 Shmem:               704 kB
Node 0 KernelStack:        2180 kB
Node 0 PageTables:          588 kB
Node 0 NFS_Unstable:          0 kB
Node 0 Bounce:                0 kB
Node 0 WritebackTmp:          0 kB
Node 0 KReclaimable:      22196 kB
Node 0 Slab:              63620 kB
Node 0 SReclaimable:      22196 kB
Node 0 SUnreclaim:        41424 kB
Node 0 AnonHugePages:         0 kB
Node 0 ShmemHugePages:        0 kB
Node 0 ShmemPmdMapped:        0 kB
Node 0 FileHugePages:        0 kB
Node 0 FilePmdMapped:        0 kB
Node 0 HugePages_Total:     0
Node 0 HugePages_Free:      0
Node 0 HugePages_Surp:      0

Node 1 MemTotal:       24661580 kB
Node 1 MemFree:        22670136 kB
Node 1 MemUsed:         1991444 kB
Node 1 Active:            39412 kB
Node 1 Inactive:         109984 kB
Node 1 Active(anon):      17900 kB
Node 1 Inactive(anon):      384 kB
Node 1 Active(file):      21512 kB
Node 1 Inactive(file):   109600 kB
Node 1 Unevictable:         668 kB
Node 1 Mlocked:             668 kB
Node 1 Dirty:               384 kB
Node 1 Writeback:             0 kB
Node 1 FilePages:        132352 kB
Node 1 Mapped:            16892 kB
Node 1 AnonPages:         17480 kB
Node 1 Shmem:               564 kB
Node 1 KernelStack:        2568 kB
Node 1 PageTables:          500 kB
Node 1 NFS_Unstable:          0 kB
Node 1 Bounce:                0 kB
Node 1 WritebackTmp:          0 kB
Node 1 KReclaimable:      22732 kB
Node 1 Slab:              69832 kB
Node 1 SReclaimable:      22732 kB
Node 1 SUnreclaim:        47100 kB
Node 1 AnonHugePages:         0 kB
Node 1 ShmemHugePages:        0 kB
Node 1 ShmemPmdMapped:        0 kB
Node 1 FileHugePages:        0 kB
Node 1 FilePmdMapped:        0 kB
Node 1 HugePages_Total:     0
Node 1 HugePages_Free:      0
Node 1 HugePages_Surp:      0

B.1.simpleread.2-1G.3.O.1M Complete!
