kernel.numa_balancing = 0
B.1.100M-simpleread.2-1G.3.O.1M
Begin
Node 0 MemTotal:       24743736 kB
Node 0 MemFree:        24465568 kB
Node 0 MemUsed:          278168 kB
Node 0 Active:            44760 kB
Node 0 Inactive:          86128 kB
Node 0 Active(anon):      10088 kB
Node 0 Inactive(anon):      468 kB
Node 0 Active(file):      34672 kB
Node 0 Inactive(file):    85660 kB
Node 0 Unevictable:       18104 kB
Node 0 Mlocked:           18104 kB
Node 0 Dirty:               388 kB
Node 0 Writeback:             0 kB
Node 0 FilePages:        128756 kB
Node 0 Mapped:            74200 kB
Node 0 AnonPages:         20232 kB
Node 0 Shmem:               652 kB
Node 0 KernelStack:        2072 kB
Node 0 PageTables:          664 kB
Node 0 NFS_Unstable:          0 kB
Node 0 Bounce:                0 kB
Node 0 WritebackTmp:          0 kB
Node 0 KReclaimable:      20000 kB
Node 0 Slab:              49116 kB
Node 0 SReclaimable:      20000 kB
Node 0 SUnreclaim:        29116 kB
Node 0 AnonHugePages:         0 kB
Node 0 ShmemHugePages:        0 kB
Node 0 ShmemPmdMapped:        0 kB
Node 0 FileHugePages:        0 kB
Node 0 FilePmdMapped:        0 kB
Node 0 HugePages_Total:     0
Node 0 HugePages_Free:      0
Node 0 HugePages_Surp:      0

Node 1 MemTotal:       24686196 kB
Node 1 MemFree:        24297732 kB
Node 1 MemUsed:          388464 kB
Node 1 Active:            53004 kB
Node 1 Inactive:          57948 kB
Node 1 Active(anon):      23832 kB
Node 1 Inactive(anon):      400 kB
Node 1 Active(file):      29172 kB
Node 1 Inactive(file):    57548 kB
Node 1 Unevictable:         420 kB
Node 1 Mlocked:             420 kB
Node 1 Dirty:                32 kB
Node 1 Writeback:             0 kB
Node 1 FilePages:         88200 kB
Node 1 Mapped:            10844 kB
Node 1 AnonPages:         23616 kB
Node 1 Shmem:               616 kB
Node 1 KernelStack:        1528 kB
Node 1 PageTables:          524 kB
Node 1 NFS_Unstable:          0 kB
Node 1 Bounce:                0 kB
Node 1 WritebackTmp:          0 kB
Node 1 KReclaimable:      21596 kB
Node 1 Slab:              57088 kB
Node 1 SReclaimable:      21596 kB
Node 1 SUnreclaim:        35492 kB
Node 1 AnonHugePages:         0 kB
Node 1 ShmemHugePages:        0 kB
Node 1 ShmemPmdMapped:        0 kB
Node 1 FileHugePages:        0 kB
Node 1 FilePmdMapped:        0 kB
Node 1 HugePages_Total:     0
Node 1 HugePages_Free:      0
Node 1 HugePages_Surp:      0

Load ZFS
Node 0 MemTotal:       24743736 kB
Node 0 MemFree:        24420256 kB
Node 0 MemUsed:          323480 kB
Node 0 Active:            61864 kB
Node 0 Inactive:         107056 kB
Node 0 Active(anon):      26364 kB
Node 0 Inactive(anon):      512 kB
Node 0 Active(file):      35500 kB
Node 0 Inactive(file):   106544 kB
Node 0 Unevictable:       18236 kB
Node 0 Mlocked:           18236 kB
Node 0 Dirty:               732 kB
Node 0 Writeback:             0 kB
Node 0 FilePages:        150228 kB
Node 0 Mapped:            76792 kB
Node 0 AnonPages:         36944 kB
Node 0 Shmem:               704 kB
Node 0 KernelStack:        2396 kB
Node 0 PageTables:         1992 kB
Node 0 NFS_Unstable:          0 kB
Node 0 Bounce:                0 kB
Node 0 WritebackTmp:          0 kB
Node 0 KReclaimable:      20756 kB
Node 0 Slab:              52464 kB
Node 0 SReclaimable:      20756 kB
Node 0 SUnreclaim:        31708 kB
Node 0 AnonHugePages:         0 kB
Node 0 ShmemHugePages:        0 kB
Node 0 ShmemPmdMapped:        0 kB
Node 0 FileHugePages:        0 kB
Node 0 FilePmdMapped:        0 kB
Node 0 HugePages_Total:     0
Node 0 HugePages_Free:      0
Node 0 HugePages_Surp:      0

Node 1 MemTotal:       24686196 kB
Node 1 MemFree:        24199432 kB
Node 1 MemUsed:          486764 kB
Node 1 Active:            64188 kB
Node 1 Inactive:         140564 kB
Node 1 Active(anon):      33232 kB
Node 1 Inactive(anon):      428 kB
Node 1 Active(file):      30956 kB
Node 1 Inactive(file):   140136 kB
Node 1 Unevictable:         420 kB
Node 1 Mlocked:             420 kB
Node 1 Dirty:                60 kB
Node 1 Writeback:             0 kB
Node 1 FilePages:        172364 kB
Node 1 Mapped:            12672 kB
Node 1 AnonPages:         32800 kB
Node 1 Shmem:               564 kB
Node 1 KernelStack:        1824 kB
Node 1 PageTables:         1276 kB
Node 1 NFS_Unstable:          0 kB
Node 1 Bounce:                0 kB
Node 1 WritebackTmp:          0 kB
Node 1 KReclaimable:      22740 kB
Node 1 Slab:              61372 kB
Node 1 SReclaimable:      22740 kB
Node 1 SUnreclaim:        38632 kB
Node 1 AnonHugePages:         0 kB
Node 1 ShmemHugePages:        0 kB
Node 1 ShmemPmdMapped:        0 kB
Node 1 FileHugePages:        0 kB
Node 1 FilePmdMapped:        0 kB
Node 1 HugePages_Total:     0
Node 1 HugePages_Free:      0
Node 1 HugePages_Surp:      0

Import tank ZPool
Node 0 MemTotal:       24743736 kB
Node 0 MemFree:        24421040 kB
Node 0 MemUsed:          322696 kB
Node 0 Active:            61624 kB
Node 0 Inactive:         106856 kB
Node 0 Active(anon):      25964 kB
Node 0 Inactive(anon):      504 kB
Node 0 Active(file):      35660 kB
Node 0 Inactive(file):   106352 kB
Node 0 Unevictable:       18332 kB
Node 0 Mlocked:           18332 kB
Node 0 Dirty:               492 kB
Node 0 Writeback:             0 kB
Node 0 FilePages:        150476 kB
Node 0 Mapped:            76408 kB
Node 0 AnonPages:         36332 kB
Node 0 Shmem:               692 kB
Node 0 KernelStack:        2328 kB
Node 0 PageTables:         1872 kB
Node 0 NFS_Unstable:          0 kB
Node 0 Bounce:                0 kB
Node 0 WritebackTmp:          0 kB
Node 0 KReclaimable:      20924 kB
Node 0 Slab:              52440 kB
Node 0 SReclaimable:      20924 kB
Node 0 SUnreclaim:        31516 kB
Node 0 AnonHugePages:         0 kB
Node 0 ShmemHugePages:        0 kB
Node 0 ShmemPmdMapped:        0 kB
Node 0 FileHugePages:        0 kB
Node 0 FilePmdMapped:        0 kB
Node 0 HugePages_Total:     0
Node 0 HugePages_Free:      0
Node 0 HugePages_Surp:      0

Node 1 MemTotal:       24686196 kB
Node 1 MemFree:        24183644 kB
Node 1 MemUsed:          502552 kB
Node 1 Active:            64172 kB
Node 1 Inactive:         141956 kB
Node 1 Active(anon):      32776 kB
Node 1 Inactive(anon):      444 kB
Node 1 Active(file):      31396 kB
Node 1 Inactive(file):   141512 kB
Node 1 Unevictable:         420 kB
Node 1 Mlocked:             420 kB
Node 1 Dirty:                64 kB
Node 1 Writeback:             0 kB
Node 1 FilePages:        173912 kB
Node 1 Mapped:            12776 kB
Node 1 AnonPages:         32780 kB
Node 1 Shmem:               576 kB
Node 1 KernelStack:        2904 kB
Node 1 PageTables:         1272 kB
Node 1 NFS_Unstable:          0 kB
Node 1 Bounce:                0 kB
Node 1 WritebackTmp:          0 kB
Node 1 KReclaimable:      22880 kB
Node 1 Slab:              67520 kB
Node 1 SReclaimable:      22880 kB
Node 1 SUnreclaim:        44640 kB
Node 1 AnonHugePages:         0 kB
Node 1 ShmemHugePages:        0 kB
Node 1 ShmemPmdMapped:        0 kB
Node 1 FileHugePages:        0 kB
Node 1 FilePmdMapped:        0 kB
Node 1 HugePages_Total:     0
Node 1 HugePages_Free:      0
Node 1 HugePages_Surp:      0

After Test
Node 0 MemTotal:       24743736 kB
Node 0 MemFree:        24124848 kB
Node 0 MemUsed:          618888 kB
Node 0 Active:            44492 kB
Node 0 Inactive:         106452 kB
Node 0 Active(anon):       8436 kB
Node 0 Inactive(anon):      496 kB
Node 0 Active(file):      36056 kB
Node 0 Inactive(file):   105956 kB
Node 0 Unevictable:       18332 kB
Node 0 Mlocked:           18332 kB
Node 0 Dirty:                20 kB
Node 0 Writeback:             0 kB
Node 0 FilePages:        150476 kB
Node 0 Mapped:            74684 kB
Node 0 AnonPages:         18796 kB
Node 0 Shmem:               692 kB
Node 0 KernelStack:        1924 kB
Node 0 PageTables:          668 kB
Node 0 NFS_Unstable:          0 kB
Node 0 Bounce:                0 kB
Node 0 WritebackTmp:          0 kB
Node 0 KReclaimable:      20924 kB
Node 0 Slab:              53664 kB
Node 0 SReclaimable:      20924 kB
Node 0 SUnreclaim:        32740 kB
Node 0 AnonHugePages:         0 kB
Node 0 ShmemHugePages:        0 kB
Node 0 ShmemPmdMapped:        0 kB
Node 0 FileHugePages:        0 kB
Node 0 FilePmdMapped:        0 kB
Node 0 HugePages_Total:     0
Node 0 HugePages_Free:      0
Node 0 HugePages_Surp:      0

Node 1 MemTotal:       24686196 kB
Node 1 MemFree:        22526072 kB
Node 1 MemUsed:         2160124 kB
Node 1 Active:            57472 kB
Node 1 Inactive:         239192 kB
Node 1 Active(anon):      24992 kB
Node 1 Inactive(anon):      444 kB
Node 1 Active(file):      32480 kB
Node 1 Inactive(file):   238748 kB
Node 1 Unevictable:         420 kB
Node 1 Mlocked:             420 kB
Node 1 Dirty:                16 kB
Node 1 Writeback:             0 kB
Node 1 FilePages:        272224 kB
Node 1 Mapped:            10912 kB
Node 1 AnonPages:         25032 kB
Node 1 Shmem:               576 kB
Node 1 KernelStack:        2632 kB
Node 1 PageTables:          792 kB
Node 1 NFS_Unstable:          0 kB
Node 1 Bounce:                0 kB
Node 1 WritebackTmp:          0 kB
Node 1 KReclaimable:      23152 kB
Node 1 Slab:              76476 kB
Node 1 SReclaimable:      23152 kB
Node 1 SUnreclaim:        53324 kB
Node 1 AnonHugePages:         0 kB
Node 1 ShmemHugePages:        0 kB
Node 1 ShmemPmdMapped:        0 kB
Node 1 FileHugePages:        0 kB
Node 1 FilePmdMapped:        0 kB
Node 1 HugePages_Total:     0
Node 1 HugePages_Free:      0
Node 1 HugePages_Surp:      0

After Opposite Node
Node 0 MemTotal:       24743736 kB
Node 0 MemFree:        24123488 kB
Node 0 MemUsed:          620248 kB
Node 0 Active:            44936 kB
Node 0 Inactive:         106240 kB
Node 0 Active(anon):       8656 kB
Node 0 Inactive(anon):      496 kB
Node 0 Active(file):      36280 kB
Node 0 Inactive(file):   105744 kB
Node 0 Unevictable:       18332 kB
Node 0 Mlocked:           18332 kB
Node 0 Dirty:                28 kB
Node 0 Writeback:             0 kB
Node 0 FilePages:        150488 kB
Node 0 Mapped:            74400 kB
Node 0 AnonPages:         18880 kB
Node 0 Shmem:               692 kB
Node 0 KernelStack:        1992 kB
Node 0 PageTables:          884 kB
Node 0 NFS_Unstable:          0 kB
Node 0 Bounce:                0 kB
Node 0 WritebackTmp:          0 kB
Node 0 KReclaimable:      20956 kB
Node 0 Slab:              53776 kB
Node 0 SReclaimable:      20956 kB
Node 0 SUnreclaim:        32820 kB
Node 0 AnonHugePages:         0 kB
Node 0 ShmemHugePages:        0 kB
Node 0 ShmemPmdMapped:        0 kB
Node 0 FileHugePages:        0 kB
Node 0 FilePmdMapped:        0 kB
Node 0 HugePages_Total:     0
Node 0 HugePages_Free:      0
Node 0 HugePages_Surp:      0

Node 1 MemTotal:       24686196 kB
Node 1 MemFree:        22526104 kB
Node 1 MemUsed:         2160092 kB
Node 1 Active:            57316 kB
Node 1 Inactive:         239176 kB
Node 1 Active(anon):      24808 kB
Node 1 Inactive(anon):      444 kB
Node 1 Active(file):      32508 kB
Node 1 Inactive(file):   238732 kB
Node 1 Unevictable:         420 kB
Node 1 Mlocked:             420 kB
Node 1 Dirty:                28 kB
Node 1 Writeback:             0 kB
Node 1 FilePages:        272236 kB
Node 1 Mapped:            10912 kB
Node 1 AnonPages:         24696 kB
Node 1 Shmem:               576 kB
Node 1 KernelStack:        2600 kB
Node 1 PageTables:          544 kB
Node 1 NFS_Unstable:          0 kB
Node 1 Bounce:                0 kB
Node 1 WritebackTmp:          0 kB
Node 1 KReclaimable:      23200 kB
Node 1 Slab:              76696 kB
Node 1 SReclaimable:      23200 kB
Node 1 SUnreclaim:        53496 kB
Node 1 AnonHugePages:         0 kB
Node 1 ShmemHugePages:        0 kB
Node 1 ShmemPmdMapped:        0 kB
Node 1 FileHugePages:        0 kB
Node 1 FilePmdMapped:        0 kB
Node 1 HugePages_Total:     0
Node 1 HugePages_Free:      0
Node 1 HugePages_Surp:      0

B.1.100M-simpleread.2-1G.3.O.1M Complete!
