U.1.8Mfio.500M.3.O
Begin
Node 0 MemTotal:       24768352 kB
Node 0 MemFree:        24337816 kB
Node 0 MemUsed:          430536 kB
Node 0 Active:            65212 kB
Node 0 Inactive:          67100 kB
Node 0 Active(anon):      20356 kB
Node 0 Inactive(anon):      532 kB
Node 0 Active(file):      44856 kB
Node 0 Inactive(file):    66568 kB
Node 0 Unevictable:       17916 kB
Node 0 Mlocked:           17916 kB
Node 0 Dirty:               224 kB
Node 0 Writeback:             0 kB
Node 0 FilePages:        119760 kB
Node 0 Mapped:            31068 kB
Node 0 AnonPages:         30568 kB
Node 0 Shmem:               748 kB
Node 0 KernelStack:        2056 kB
Node 0 PageTables:          612 kB
Node 0 NFS_Unstable:          0 kB
Node 0 Bounce:                0 kB
Node 0 WritebackTmp:          0 kB
Node 0 KReclaimable:      25548 kB
Node 0 Slab:              58564 kB
Node 0 SReclaimable:      25548 kB
Node 0 SUnreclaim:        33016 kB
Node 0 AnonHugePages:         0 kB
Node 0 ShmemHugePages:        0 kB
Node 0 ShmemPmdMapped:        0 kB
Node 0 FileHugePages:        0 kB
Node 0 FilePmdMapped:        0 kB
Node 0 HugePages_Total:     0
Node 0 HugePages_Free:      0
Node 0 HugePages_Surp:      0

Node 1 MemTotal:       24661580 kB
Node 1 MemFree:        24486304 kB
Node 1 MemUsed:          175276 kB
Node 1 Active:            28928 kB
Node 1 Inactive:          19504 kB
Node 1 Active(anon):      13668 kB
Node 1 Inactive(anon):      324 kB
Node 1 Active(file):      15260 kB
Node 1 Inactive(file):    19180 kB
Node 1 Unevictable:         604 kB
Node 1 Mlocked:             604 kB
Node 1 Dirty:               272 kB
Node 1 Writeback:             0 kB
Node 1 FilePages:         35724 kB
Node 1 Mapped:             9444 kB
Node 1 AnonPages:         13472 kB
Node 1 Shmem:               520 kB
Node 1 KernelStack:        1592 kB
Node 1 PageTables:          432 kB
Node 1 NFS_Unstable:          0 kB
Node 1 Bounce:                0 kB
Node 1 WritebackTmp:          0 kB
Node 1 KReclaimable:      15980 kB
Node 1 Slab:              46344 kB
Node 1 SReclaimable:      15980 kB
Node 1 SUnreclaim:        30364 kB
Node 1 AnonHugePages:         0 kB
Node 1 ShmemHugePages:        0 kB
Node 1 ShmemPmdMapped:        0 kB
Node 1 FileHugePages:        0 kB
Node 1 FilePmdMapped:        0 kB
Node 1 HugePages_Total:     0
Node 1 HugePages_Free:      0
Node 1 HugePages_Surp:      0

Load ZFS
Node 0 MemTotal:       24768352 kB
Node 0 MemFree:        24465128 kB
Node 0 MemUsed:          303224 kB
Node 0 Active:            76920 kB
Node 0 Inactive:          62964 kB
Node 0 Active(anon):      26940 kB
Node 0 Inactive(anon):      532 kB
Node 0 Active(file):      49980 kB
Node 0 Inactive(file):    62432 kB
Node 0 Unevictable:       17916 kB
Node 0 Mlocked:           17916 kB
Node 0 Dirty:               248 kB
Node 0 Writeback:             0 kB
Node 0 FilePages:        120748 kB
Node 0 Mapped:            31236 kB
Node 0 AnonPages:         37200 kB
Node 0 Shmem:               748 kB
Node 0 KernelStack:        2200 kB
Node 0 PageTables:         1008 kB
Node 0 NFS_Unstable:          0 kB
Node 0 Bounce:                0 kB
Node 0 WritebackTmp:          0 kB
Node 0 KReclaimable:      25944 kB
Node 0 Slab:              60248 kB
Node 0 SReclaimable:      25944 kB
Node 0 SUnreclaim:        34304 kB
Node 0 AnonHugePages:         0 kB
Node 0 ShmemHugePages:        0 kB
Node 0 ShmemPmdMapped:        0 kB
Node 0 FileHugePages:        0 kB
Node 0 FilePmdMapped:        0 kB
Node 0 HugePages_Total:     0
Node 0 HugePages_Free:      0
Node 0 HugePages_Surp:      0

Node 1 MemTotal:       24661580 kB
Node 1 MemFree:        24347924 kB
Node 1 MemUsed:          313656 kB
Node 1 Active:            30868 kB
Node 1 Inactive:          19600 kB
Node 1 Active(anon):      14016 kB
Node 1 Inactive(anon):      324 kB
Node 1 Active(file):      16852 kB
Node 1 Inactive(file):    19276 kB
Node 1 Unevictable:         604 kB
Node 1 Mlocked:             604 kB
Node 1 Dirty:               272 kB
Node 1 Writeback:             0 kB
Node 1 FilePages:         37252 kB
Node 1 Mapped:             9436 kB
Node 1 AnonPages:         13768 kB
Node 1 Shmem:               520 kB
Node 1 KernelStack:        1608 kB
Node 1 PageTables:          484 kB
Node 1 NFS_Unstable:          0 kB
Node 1 Bounce:                0 kB
Node 1 WritebackTmp:          0 kB
Node 1 KReclaimable:      16536 kB
Node 1 Slab:              48764 kB
Node 1 SReclaimable:      16536 kB
Node 1 SUnreclaim:        32228 kB
Node 1 AnonHugePages:         0 kB
Node 1 ShmemHugePages:        0 kB
Node 1 ShmemPmdMapped:        0 kB
Node 1 FileHugePages:        0 kB
Node 1 FilePmdMapped:        0 kB
Node 1 HugePages_Total:     0
Node 1 HugePages_Free:      0
Node 1 HugePages_Surp:      0

Import tank ZPool
Node 0 MemTotal:       24768352 kB
Node 0 MemFree:        24466688 kB
Node 0 MemUsed:          301664 kB
Node 0 Active:            76984 kB
Node 0 Inactive:          62956 kB
Node 0 Active(anon):      26996 kB
Node 0 Inactive(anon):      532 kB
Node 0 Active(file):      49988 kB
Node 0 Inactive(file):    62424 kB
Node 0 Unevictable:       17916 kB
Node 0 Mlocked:           17916 kB
Node 0 Dirty:               288 kB
Node 0 Writeback:             0 kB
Node 0 FilePages:        120744 kB
Node 0 Mapped:            31324 kB
Node 0 AnonPages:         37232 kB
Node 0 Shmem:               744 kB
Node 0 KernelStack:        2216 kB
Node 0 PageTables:         1008 kB
Node 0 NFS_Unstable:          0 kB
Node 0 Bounce:                0 kB
Node 0 WritebackTmp:          0 kB
Node 0 KReclaimable:      25944 kB
Node 0 Slab:              60200 kB
Node 0 SReclaimable:      25944 kB
Node 0 SUnreclaim:        34256 kB
Node 0 AnonHugePages:         0 kB
Node 0 ShmemHugePages:        0 kB
Node 0 ShmemPmdMapped:        0 kB
Node 0 FileHugePages:        0 kB
Node 0 FilePmdMapped:        0 kB
Node 0 HugePages_Total:     0
Node 0 HugePages_Free:      0
Node 0 HugePages_Surp:      0

Node 1 MemTotal:       24661580 kB
Node 1 MemFree:        24327500 kB
Node 1 MemUsed:          334080 kB
Node 1 Active:            31704 kB
Node 1 Inactive:          20712 kB
Node 1 Active(anon):      14412 kB
Node 1 Inactive(anon):      328 kB
Node 1 Active(file):      17292 kB
Node 1 Inactive(file):    20384 kB
Node 1 Unevictable:         604 kB
Node 1 Mlocked:             604 kB
Node 1 Dirty:                52 kB
Node 1 Writeback:             0 kB
Node 1 FilePages:         38856 kB
Node 1 Mapped:             9732 kB
Node 1 AnonPages:         13844 kB
Node 1 Shmem:               524 kB
Node 1 KernelStack:        2744 kB
Node 1 PageTables:          572 kB
Node 1 NFS_Unstable:          0 kB
Node 1 Bounce:                0 kB
Node 1 WritebackTmp:          0 kB
Node 1 KReclaimable:      16692 kB
Node 1 Slab:              55328 kB
Node 1 SReclaimable:      16692 kB
Node 1 SUnreclaim:        38636 kB
Node 1 AnonHugePages:         0 kB
Node 1 ShmemHugePages:        0 kB
Node 1 ShmemPmdMapped:        0 kB
Node 1 FileHugePages:        0 kB
Node 1 FilePmdMapped:        0 kB
Node 1 HugePages_Total:     0
Node 1 HugePages_Free:      0
Node 1 HugePages_Surp:      0

After Test
Node 0 MemTotal:       24768352 kB
Node 0 MemFree:        24109732 kB
Node 0 MemUsed:          658620 kB
Node 0 Active:            69752 kB
Node 0 Inactive:          62916 kB
Node 0 Active(anon):      19724 kB
Node 0 Inactive(anon):      532 kB
Node 0 Active(file):      50028 kB
Node 0 Inactive(file):    62384 kB
Node 0 Unevictable:       17916 kB
Node 0 Mlocked:           17916 kB
Node 0 Dirty:               204 kB
Node 0 Writeback:             0 kB
Node 0 FilePages:        120744 kB
Node 0 Mapped:            31076 kB
Node 0 AnonPages:         29836 kB
Node 0 Shmem:               744 kB
Node 0 KernelStack:        2056 kB
Node 0 PageTables:          540 kB
Node 0 NFS_Unstable:          0 kB
Node 0 Bounce:                0 kB
Node 0 WritebackTmp:          0 kB
Node 0 KReclaimable:      25944 kB
Node 0 Slab:              61572 kB
Node 0 SReclaimable:      25944 kB
Node 0 SUnreclaim:        35628 kB
Node 0 AnonHugePages:         0 kB
Node 0 ShmemHugePages:        0 kB
Node 0 ShmemPmdMapped:        0 kB
Node 0 FileHugePages:        0 kB
Node 0 FilePmdMapped:        0 kB
Node 0 HugePages_Total:     0
Node 0 HugePages_Free:      0
Node 0 HugePages_Surp:      0

Node 1 MemTotal:       24661580 kB
Node 1 MemFree:        23626612 kB
Node 1 MemUsed:         1034968 kB
Node 1 Active:            31616 kB
Node 1 Inactive:          21800 kB
Node 1 Active(anon):      13360 kB
Node 1 Inactive(anon):      356 kB
Node 1 Active(file):      18256 kB
Node 1 Inactive(file):    21444 kB
Node 1 Unevictable:         604 kB
Node 1 Mlocked:             604 kB
Node 1 Dirty:                68 kB
Node 1 Writeback:             0 kB
Node 1 FilePages:         40872 kB
Node 1 Mapped:             9668 kB
Node 1 AnonPages:         12964 kB
Node 1 Shmem:               568 kB
Node 1 KernelStack:        2712 kB
Node 1 PageTables:          644 kB
Node 1 NFS_Unstable:          0 kB
Node 1 Bounce:                0 kB
Node 1 WritebackTmp:          0 kB
Node 1 KReclaimable:      18024 kB
Node 1 Slab:              61656 kB
Node 1 SReclaimable:      18024 kB
Node 1 SUnreclaim:        43632 kB
Node 1 AnonHugePages:         0 kB
Node 1 ShmemHugePages:        0 kB
Node 1 ShmemPmdMapped:        0 kB
Node 1 FileHugePages:        0 kB
Node 1 FilePmdMapped:        0 kB
Node 1 HugePages_Total:     0
Node 1 HugePages_Free:      0
Node 1 HugePages_Surp:      0

After Opposite Node
Node 0 MemTotal:       24768352 kB
Node 0 MemFree:        24108748 kB
Node 0 MemUsed:          659604 kB
Node 0 Active:            70152 kB
Node 0 Inactive:          63208 kB
Node 0 Active(anon):      20124 kB
Node 0 Inactive(anon):      824 kB
Node 0 Active(file):      50028 kB
Node 0 Inactive(file):    62384 kB
Node 0 Unevictable:       17916 kB
Node 0 Mlocked:           17916 kB
Node 0 Dirty:               204 kB
Node 0 Writeback:             0 kB
Node 0 FilePages:        121036 kB
Node 0 Mapped:            31076 kB
Node 0 AnonPages:         30028 kB
Node 0 Shmem:               744 kB
Node 0 KernelStack:        2096 kB
Node 0 PageTables:          540 kB
Node 0 NFS_Unstable:          0 kB
Node 0 Bounce:                0 kB
Node 0 WritebackTmp:          0 kB
Node 0 KReclaimable:      25944 kB
Node 0 Slab:              61588 kB
Node 0 SReclaimable:      25944 kB
Node 0 SUnreclaim:        35644 kB
Node 0 AnonHugePages:         0 kB
Node 0 ShmemHugePages:        0 kB
Node 0 ShmemPmdMapped:        0 kB
Node 0 FileHugePages:        0 kB
Node 0 FilePmdMapped:        0 kB
Node 0 HugePages_Total:     0
Node 0 HugePages_Free:      0
Node 0 HugePages_Surp:      0

Node 1 MemTotal:       24661580 kB
Node 1 MemFree:        23626952 kB
Node 1 MemUsed:         1034628 kB
Node 1 Active:            31652 kB
Node 1 Inactive:          21620 kB
Node 1 Active(anon):      13224 kB
Node 1 Inactive(anon):      328 kB
Node 1 Active(file):      18428 kB
Node 1 Inactive(file):    21292 kB
Node 1 Unevictable:         604 kB
Node 1 Mlocked:             604 kB
Node 1 Dirty:                88 kB
Node 1 Writeback:             0 kB
Node 1 FilePages:         40848 kB
Node 1 Mapped:             9456 kB
Node 1 AnonPages:         13072 kB
Node 1 Shmem:               524 kB
Node 1 KernelStack:        2648 kB
Node 1 PageTables:          476 kB
Node 1 NFS_Unstable:          0 kB
Node 1 Bounce:                0 kB
Node 1 WritebackTmp:          0 kB
Node 1 KReclaimable:      18028 kB
Node 1 Slab:              61668 kB
Node 1 SReclaimable:      18028 kB
Node 1 SUnreclaim:        43640 kB
Node 1 AnonHugePages:         0 kB
Node 1 ShmemHugePages:        0 kB
Node 1 ShmemPmdMapped:        0 kB
Node 1 FileHugePages:        0 kB
Node 1 FilePmdMapped:        0 kB
Node 1 HugePages_Total:     0
Node 1 HugePages_Free:      0
Node 1 HugePages_Surp:      0

U.1.8Mfio.500M.3.O Complete!
