U.1.8Mfio.2G.2.O
Begin
Node 0 MemTotal:       24743736 kB
Node 0 MemFree:        24496664 kB
Node 0 MemUsed:          247072 kB
Node 0 Active:            47684 kB
Node 0 Inactive:          46968 kB
Node 0 Active(anon):      13876 kB
Node 0 Inactive(anon):      396 kB
Node 0 Active(file):      33808 kB
Node 0 Inactive(file):    46572 kB
Node 0 Unevictable:       13684 kB
Node 0 Mlocked:           13684 kB
Node 0 Dirty:               136 kB
Node 0 Writeback:             0 kB
Node 0 FilePages:         84332 kB
Node 0 Mapped:            15796 kB
Node 0 AnonPages:         24024 kB
Node 0 Shmem:               596 kB
Node 0 KernelStack:        2040 kB
Node 0 PageTables:          356 kB
Node 0 NFS_Unstable:          0 kB
Node 0 Bounce:                0 kB
Node 0 WritebackTmp:          0 kB
Node 0 KReclaimable:      23808 kB
Node 0 Slab:              53752 kB
Node 0 SReclaimable:      23808 kB
Node 0 SUnreclaim:        29944 kB
Node 0 AnonHugePages:         0 kB
Node 0 ShmemHugePages:        0 kB
Node 0 ShmemPmdMapped:        0 kB
Node 0 FileHugePages:        0 kB
Node 0 FilePmdMapped:        0 kB
Node 0 HugePages_Total:     0
Node 0 HugePages_Free:      0
Node 0 HugePages_Surp:      0

Node 1 MemTotal:       24686196 kB
Node 1 MemFree:        24306464 kB
Node 1 MemUsed:          379732 kB
Node 1 Active:            47992 kB
Node 1 Inactive:          54136 kB
Node 1 Active(anon):      20076 kB
Node 1 Inactive(anon):      468 kB
Node 1 Active(file):      27916 kB
Node 1 Inactive(file):    53668 kB
Node 1 Unevictable:        4840 kB
Node 1 Mlocked:            4840 kB
Node 1 Dirty:               408 kB
Node 1 Writeback:             0 kB
Node 1 FilePages:         87156 kB
Node 1 Mapped:            38856 kB
Node 1 AnonPages:         19932 kB
Node 1 Shmem:               672 kB
Node 1 KernelStack:        1560 kB
Node 1 PageTables:          748 kB
Node 1 NFS_Unstable:          0 kB
Node 1 Bounce:                0 kB
Node 1 WritebackTmp:          0 kB
Node 1 KReclaimable:      18660 kB
Node 1 Slab:              55612 kB
Node 1 SReclaimable:      18660 kB
Node 1 SUnreclaim:        36952 kB
Node 1 AnonHugePages:         0 kB
Node 1 ShmemHugePages:        0 kB
Node 1 ShmemPmdMapped:        0 kB
Node 1 FileHugePages:        0 kB
Node 1 FilePmdMapped:        0 kB
Node 1 HugePages_Total:     0
Node 1 HugePages_Free:      0
Node 1 HugePages_Surp:      0

Load ZFS
Node 0 MemTotal:       24743736 kB
Node 0 MemFree:        24491500 kB
Node 0 MemUsed:          252236 kB
Node 0 Active:            51204 kB
Node 0 Inactive:          47512 kB
Node 0 Active(anon):      16956 kB
Node 0 Inactive(anon):      396 kB
Node 0 Active(file):      34248 kB
Node 0 Inactive(file):    47116 kB
Node 0 Unevictable:       13684 kB
Node 0 Mlocked:           13684 kB
Node 0 Dirty:               136 kB
Node 0 Writeback:             0 kB
Node 0 FilePages:         85316 kB
Node 0 Mapped:            15800 kB
Node 0 AnonPages:         27144 kB
Node 0 Shmem:               596 kB
Node 0 KernelStack:        2008 kB
Node 0 PageTables:          356 kB
Node 0 NFS_Unstable:          0 kB
Node 0 Bounce:                0 kB
Node 0 WritebackTmp:          0 kB
Node 0 KReclaimable:      24304 kB
Node 0 Slab:              55860 kB
Node 0 SReclaimable:      24304 kB
Node 0 SUnreclaim:        31556 kB
Node 0 AnonHugePages:         0 kB
Node 0 ShmemHugePages:        0 kB
Node 0 ShmemPmdMapped:        0 kB
Node 0 FileHugePages:        0 kB
Node 0 FilePmdMapped:        0 kB
Node 0 HugePages_Total:     0
Node 0 HugePages_Free:      0
Node 0 HugePages_Surp:      0

Node 1 MemTotal:       24686196 kB
Node 1 MemFree:        24297088 kB
Node 1 MemUsed:          389108 kB
Node 1 Active:            60664 kB
Node 1 Inactive:          49608 kB
Node 1 Active(anon):      26612 kB
Node 1 Inactive(anon):      468 kB
Node 1 Active(file):      34052 kB
Node 1 Inactive(file):    49140 kB
Node 1 Unevictable:        4840 kB
Node 1 Mlocked:            4840 kB
Node 1 Dirty:               432 kB
Node 1 Writeback:             0 kB
Node 1 FilePages:         88700 kB
Node 1 Mapped:            39028 kB
Node 1 AnonPages:         26388 kB
Node 1 Shmem:               672 kB
Node 1 KernelStack:        1832 kB
Node 1 PageTables:         1356 kB
Node 1 NFS_Unstable:          0 kB
Node 1 Bounce:                0 kB
Node 1 WritebackTmp:          0 kB
Node 1 KReclaimable:      19040 kB
Node 1 Slab:              57432 kB
Node 1 SReclaimable:      19040 kB
Node 1 SUnreclaim:        38392 kB
Node 1 AnonHugePages:         0 kB
Node 1 ShmemHugePages:        0 kB
Node 1 ShmemPmdMapped:        0 kB
Node 1 FileHugePages:        0 kB
Node 1 FilePmdMapped:        0 kB
Node 1 HugePages_Total:     0
Node 1 HugePages_Free:      0
Node 1 HugePages_Surp:      0

Import tank ZPool
Node 0 MemTotal:       24743736 kB
Node 0 MemFree:        24482044 kB
Node 0 MemUsed:          261692 kB
Node 0 Active:            49104 kB
Node 0 Inactive:          48704 kB
Node 0 Active(anon):      14488 kB
Node 0 Inactive(anon):      400 kB
Node 0 Active(file):      34616 kB
Node 0 Inactive(file):    48304 kB
Node 0 Unevictable:       13684 kB
Node 0 Mlocked:           13684 kB
Node 0 Dirty:                28 kB
Node 0 Writeback:             0 kB
Node 0 FilePages:         86876 kB
Node 0 Mapped:            16040 kB
Node 0 AnonPages:         24304 kB
Node 0 Shmem:               596 kB
Node 0 KernelStack:        2088 kB
Node 0 PageTables:          468 kB
Node 0 NFS_Unstable:          0 kB
Node 0 Bounce:                0 kB
Node 0 WritebackTmp:          0 kB
Node 0 KReclaimable:      24412 kB
Node 0 Slab:              61040 kB
Node 0 SReclaimable:      24412 kB
Node 0 SUnreclaim:        36628 kB
Node 0 AnonHugePages:         0 kB
Node 0 ShmemHugePages:        0 kB
Node 0 ShmemPmdMapped:        0 kB
Node 0 FileHugePages:        0 kB
Node 0 FilePmdMapped:        0 kB
Node 0 HugePages_Total:     0
Node 0 HugePages_Free:      0
Node 0 HugePages_Surp:      0

Node 1 MemTotal:       24686196 kB
Node 1 MemFree:        24293852 kB
Node 1 MemUsed:          392344 kB
Node 1 Active:            53176 kB
Node 1 Inactive:          49504 kB
Node 1 Active(anon):      18996 kB
Node 1 Inactive(anon):      468 kB
Node 1 Active(file):      34180 kB
Node 1 Inactive(file):    49036 kB
Node 1 Unevictable:        4840 kB
Node 1 Mlocked:            4840 kB
Node 1 Dirty:                96 kB
Node 1 Writeback:             0 kB
Node 1 FilePages:         88740 kB
Node 1 Mapped:            39140 kB
Node 1 AnonPages:         18792 kB
Node 1 Shmem:               672 kB
Node 1 KernelStack:        2616 kB
Node 1 PageTables:          692 kB
Node 1 NFS_Unstable:          0 kB
Node 1 Bounce:                0 kB
Node 1 WritebackTmp:          0 kB
Node 1 KReclaimable:      19044 kB
Node 1 Slab:              59684 kB
Node 1 SReclaimable:      19044 kB
Node 1 SUnreclaim:        40640 kB
Node 1 AnonHugePages:         0 kB
Node 1 ShmemHugePages:        0 kB
Node 1 ShmemPmdMapped:        0 kB
Node 1 FileHugePages:        0 kB
Node 1 FilePmdMapped:        0 kB
Node 1 HugePages_Total:     0
Node 1 HugePages_Free:      0
Node 1 HugePages_Surp:      0

After Test
Node 0 MemTotal:       24743736 kB
Node 0 MemFree:        23989800 kB
Node 0 MemUsed:          753936 kB
Node 0 Active:            49224 kB
Node 0 Inactive:          48408 kB
Node 0 Active(anon):      14276 kB
Node 0 Inactive(anon):      400 kB
Node 0 Active(file):      34948 kB
Node 0 Inactive(file):    48008 kB
Node 0 Unevictable:       13684 kB
Node 0 Mlocked:           13684 kB
Node 0 Dirty:                 4 kB
Node 0 Writeback:             0 kB
Node 0 FilePages:         86908 kB
Node 0 Mapped:            15800 kB
Node 0 AnonPages:         24408 kB
Node 0 Shmem:               596 kB
Node 0 KernelStack:        2040 kB
Node 0 PageTables:          356 kB
Node 0 NFS_Unstable:          0 kB
Node 0 Bounce:                0 kB
Node 0 WritebackTmp:          0 kB
Node 0 KReclaimable:      24412 kB
Node 0 Slab:              62808 kB
Node 0 SReclaimable:      24412 kB
Node 0 SUnreclaim:        38396 kB
Node 0 AnonHugePages:         0 kB
Node 0 ShmemHugePages:        0 kB
Node 0 ShmemPmdMapped:        0 kB
Node 0 FileHugePages:        0 kB
Node 0 FilePmdMapped:        0 kB
Node 0 HugePages_Total:     0
Node 0 HugePages_Free:      0
Node 0 HugePages_Surp:      0

Node 1 MemTotal:       24686196 kB
Node 1 MemFree:        21851020 kB
Node 1 MemUsed:         2835176 kB
Node 1 Active:            53804 kB
Node 1 Inactive:          50688 kB
Node 1 Active(anon):      18776 kB
Node 1 Inactive(anon):      492 kB
Node 1 Active(file):      35028 kB
Node 1 Inactive(file):    50196 kB
Node 1 Unevictable:        4840 kB
Node 1 Mlocked:            4840 kB
Node 1 Dirty:                24 kB
Node 1 Writeback:             0 kB
Node 1 FilePages:         90776 kB
Node 1 Mapped:            39128 kB
Node 1 AnonPages:         18472 kB
Node 1 Shmem:               716 kB
Node 1 KernelStack:        2600 kB
Node 1 PageTables:          804 kB
Node 1 NFS_Unstable:          0 kB
Node 1 Bounce:                0 kB
Node 1 WritebackTmp:          0 kB
Node 1 KReclaimable:      20400 kB
Node 1 Slab:              72776 kB
Node 1 SReclaimable:      20400 kB
Node 1 SUnreclaim:        52376 kB
Node 1 AnonHugePages:         0 kB
Node 1 ShmemHugePages:        0 kB
Node 1 ShmemPmdMapped:        0 kB
Node 1 FileHugePages:        0 kB
Node 1 FilePmdMapped:        0 kB
Node 1 HugePages_Total:     0
Node 1 HugePages_Free:      0
Node 1 HugePages_Surp:      0

After Opposite Node
Node 0 MemTotal:       24743736 kB
Node 0 MemFree:        23987368 kB
Node 0 MemUsed:          756368 kB
Node 0 Active:            49432 kB
Node 0 Inactive:          48428 kB
Node 0 Active(anon):      14456 kB
Node 0 Inactive(anon):      424 kB
Node 0 Active(file):      34976 kB
Node 0 Inactive(file):    48004 kB
Node 0 Unevictable:       13684 kB
Node 0 Mlocked:           13684 kB
Node 0 Dirty:                16 kB
Node 0 Writeback:             0 kB
Node 0 FilePages:         86976 kB
Node 0 Mapped:            15844 kB
Node 0 AnonPages:         24488 kB
Node 0 Shmem:               640 kB
Node 0 KernelStack:        2040 kB
Node 0 PageTables:          468 kB
Node 0 NFS_Unstable:          0 kB
Node 0 Bounce:                0 kB
Node 0 WritebackTmp:          0 kB
Node 0 KReclaimable:      24444 kB
Node 0 Slab:              63812 kB
Node 0 SReclaimable:      24444 kB
Node 0 SUnreclaim:        39368 kB
Node 0 AnonHugePages:         0 kB
Node 0 ShmemHugePages:        0 kB
Node 0 ShmemPmdMapped:        0 kB
Node 0 FileHugePages:        0 kB
Node 0 FilePmdMapped:        0 kB
Node 0 HugePages_Total:     0
Node 0 HugePages_Free:      0
Node 0 HugePages_Surp:      0

Node 1 MemTotal:       24686196 kB
Node 1 MemFree:        21852432 kB
Node 1 MemUsed:         2833764 kB
Node 1 Active:            53800 kB
Node 1 Inactive:          50500 kB
Node 1 Active(anon):      18600 kB
Node 1 Inactive(anon):      468 kB
Node 1 Active(file):      35200 kB
Node 1 Inactive(file):    50032 kB
Node 1 Unevictable:        4840 kB
Node 1 Mlocked:            4840 kB
Node 1 Dirty:                24 kB
Node 1 Writeback:             0 kB
Node 1 FilePages:         90740 kB
Node 1 Mapped:            39064 kB
Node 1 AnonPages:         18396 kB
Node 1 Shmem:               672 kB
Node 1 KernelStack:        2600 kB
Node 1 PageTables:          692 kB
Node 1 NFS_Unstable:          0 kB
Node 1 Bounce:                0 kB
Node 1 WritebackTmp:          0 kB
Node 1 KReclaimable:      20400 kB
Node 1 Slab:              72752 kB
Node 1 SReclaimable:      20400 kB
Node 1 SUnreclaim:        52352 kB
Node 1 AnonHugePages:         0 kB
Node 1 ShmemHugePages:        0 kB
Node 1 ShmemPmdMapped:        0 kB
Node 1 FileHugePages:        0 kB
Node 1 FilePmdMapped:        0 kB
Node 1 HugePages_Total:     0
Node 1 HugePages_Free:      0
Node 1 HugePages_Surp:      0

U.1.8Mfio.2G.2.O Complete!
