U.1.4Mfio.500M.1.O
Begin
Node 0 MemTotal:       24743736 kB
Node 0 MemFree:        24512404 kB
Node 0 MemUsed:          231332 kB
Node 0 Active:            43752 kB
Node 0 Inactive:          27728 kB
Node 0 Active(anon):      19188 kB
Node 0 Inactive(anon):      448 kB
Node 0 Active(file):      24564 kB
Node 0 Inactive(file):    27280 kB
Node 0 Unevictable:        4724 kB
Node 0 Mlocked:            4724 kB
Node 0 Dirty:                 0 kB
Node 0 Writeback:             0 kB
Node 0 FilePages:         57232 kB
Node 0 Mapped:            28688 kB
Node 0 AnonPages:         18984 kB
Node 0 Shmem:               660 kB
Node 0 KernelStack:        2248 kB
Node 0 PageTables:          628 kB
Node 0 NFS_Unstable:          0 kB
Node 0 Bounce:                0 kB
Node 0 WritebackTmp:          0 kB
Node 0 KReclaimable:      25364 kB
Node 0 Slab:              64800 kB
Node 0 SReclaimable:      25364 kB
Node 0 SUnreclaim:        39436 kB
Node 0 AnonHugePages:         0 kB
Node 0 ShmemHugePages:        0 kB
Node 0 ShmemPmdMapped:        0 kB
Node 0 FileHugePages:        0 kB
Node 0 FilePmdMapped:        0 kB
Node 0 HugePages_Total:     0
Node 0 HugePages_Free:      0
Node 0 HugePages_Surp:      0

Node 1 MemTotal:       24686196 kB
Node 1 MemFree:        24300136 kB
Node 1 MemUsed:          386060 kB
Node 1 Active:            50596 kB
Node 1 Inactive:          64976 kB
Node 1 Active(anon):      14464 kB
Node 1 Inactive(anon):      436 kB
Node 1 Active(file):      36132 kB
Node 1 Inactive(file):    64540 kB
Node 1 Unevictable:       13800 kB
Node 1 Mlocked:           13800 kB
Node 1 Dirty:                 0 kB
Node 1 Writeback:             0 kB
Node 1 FilePages:        104764 kB
Node 1 Mapped:            16116 kB
Node 1 AnonPages:         24728 kB
Node 1 Shmem:               608 kB
Node 1 KernelStack:        1368 kB
Node 1 PageTables:          480 kB
Node 1 NFS_Unstable:          0 kB
Node 1 Bounce:                0 kB
Node 1 WritebackTmp:          0 kB
Node 1 KReclaimable:      16656 kB
Node 1 Slab:              42876 kB
Node 1 SReclaimable:      16656 kB
Node 1 SUnreclaim:        26220 kB
Node 1 AnonHugePages:         0 kB
Node 1 ShmemHugePages:        0 kB
Node 1 ShmemPmdMapped:        0 kB
Node 1 FileHugePages:        0 kB
Node 1 FilePmdMapped:        0 kB
Node 1 HugePages_Total:     0
Node 1 HugePages_Free:      0
Node 1 HugePages_Surp:      0

Load ZFS
Node 0 MemTotal:       24743736 kB
Node 0 MemFree:        24511188 kB
Node 0 MemUsed:          232548 kB
Node 0 Active:            45752 kB
Node 0 Inactive:          28476 kB
Node 0 Active(anon):      20324 kB
Node 0 Inactive(anon):      448 kB
Node 0 Active(file):      25428 kB
Node 0 Inactive(file):    28028 kB
Node 0 Unevictable:        4724 kB
Node 0 Mlocked:            4724 kB
Node 0 Dirty:                56 kB
Node 0 Writeback:             0 kB
Node 0 FilePages:         58836 kB
Node 0 Mapped:            28688 kB
Node 0 AnonPages:         20136 kB
Node 0 Shmem:               660 kB
Node 0 KernelStack:        2056 kB
Node 0 PageTables:          628 kB
Node 0 NFS_Unstable:          0 kB
Node 0 Bounce:                0 kB
Node 0 WritebackTmp:          0 kB
Node 0 KReclaimable:      25828 kB
Node 0 Slab:              66680 kB
Node 0 SReclaimable:      25828 kB
Node 0 SUnreclaim:        40852 kB
Node 0 AnonHugePages:         0 kB
Node 0 ShmemHugePages:        0 kB
Node 0 ShmemPmdMapped:        0 kB
Node 0 FileHugePages:        0 kB
Node 0 FilePmdMapped:        0 kB
Node 0 HugePages_Total:     0
Node 0 HugePages_Free:      0
Node 0 HugePages_Surp:      0

Node 1 MemTotal:       24686196 kB
Node 1 MemFree:        24292204 kB
Node 1 MemUsed:          393992 kB
Node 1 Active:            60248 kB
Node 1 Inactive:          60292 kB
Node 1 Active(anon):      18504 kB
Node 1 Inactive(anon):      436 kB
Node 1 Active(file):      41744 kB
Node 1 Inactive(file):    59856 kB
Node 1 Unevictable:       13800 kB
Node 1 Mlocked:           13800 kB
Node 1 Dirty:                16 kB
Node 1 Writeback:             0 kB
Node 1 FilePages:        105680 kB
Node 1 Mapped:            16276 kB
Node 1 AnonPages:         28592 kB
Node 1 Shmem:               608 kB
Node 1 KernelStack:        1704 kB
Node 1 PageTables:          792 kB
Node 1 NFS_Unstable:          0 kB
Node 1 Bounce:                0 kB
Node 1 WritebackTmp:          0 kB
Node 1 KReclaimable:      17000 kB
Node 1 Slab:              44380 kB
Node 1 SReclaimable:      17000 kB
Node 1 SUnreclaim:        27380 kB
Node 1 AnonHugePages:         0 kB
Node 1 ShmemHugePages:        0 kB
Node 1 ShmemPmdMapped:        0 kB
Node 1 FileHugePages:        0 kB
Node 1 FilePmdMapped:        0 kB
Node 1 HugePages_Total:     0
Node 1 HugePages_Free:      0
Node 1 HugePages_Surp:      0

Import tank ZPool
Node 0 MemTotal:       24743736 kB
Node 0 MemFree:        24512164 kB
Node 0 MemUsed:          231572 kB
Node 0 Active:            44820 kB
Node 0 Inactive:          28476 kB
Node 0 Active(anon):      19392 kB
Node 0 Inactive(anon):      448 kB
Node 0 Active(file):      25428 kB
Node 0 Inactive(file):    28028 kB
Node 0 Unevictable:        4724 kB
Node 0 Mlocked:            4724 kB
Node 0 Dirty:               148 kB
Node 0 Writeback:             0 kB
Node 0 FilePages:         58876 kB
Node 0 Mapped:            28692 kB
Node 0 AnonPages:         18776 kB
Node 0 Shmem:               660 kB
Node 0 KernelStack:        2056 kB
Node 0 PageTables:          628 kB
Node 0 NFS_Unstable:          0 kB
Node 0 Bounce:                0 kB
Node 0 WritebackTmp:          0 kB
Node 0 KReclaimable:      25828 kB
Node 0 Slab:              66716 kB
Node 0 SReclaimable:      25828 kB
Node 0 SUnreclaim:        40888 kB
Node 0 AnonHugePages:         0 kB
Node 0 ShmemHugePages:        0 kB
Node 0 ShmemPmdMapped:        0 kB
Node 0 FileHugePages:        0 kB
Node 0 FilePmdMapped:        0 kB
Node 0 HugePages_Total:     0
Node 0 HugePages_Free:      0
Node 0 HugePages_Surp:      0

Node 1 MemTotal:       24686196 kB
Node 1 MemFree:        24276656 kB
Node 1 MemUsed:          409540 kB
Node 1 Active:            57332 kB
Node 1 Inactive:          61388 kB
Node 1 Active(anon):      15144 kB
Node 1 Inactive(anon):      440 kB
Node 1 Active(file):      42188 kB
Node 1 Inactive(file):    60948 kB
Node 1 Unevictable:       13800 kB
Node 1 Mlocked:           13800 kB
Node 1 Dirty:                40 kB
Node 1 Writeback:             0 kB
Node 1 FilePages:        107216 kB
Node 1 Mapped:            16332 kB
Node 1 AnonPages:         24952 kB
Node 1 Shmem:               608 kB
Node 1 KernelStack:        2792 kB
Node 1 PageTables:          816 kB
Node 1 NFS_Unstable:          0 kB
Node 1 Bounce:                0 kB
Node 1 WritebackTmp:          0 kB
Node 1 KReclaimable:      17176 kB
Node 1 Slab:              51192 kB
Node 1 SReclaimable:      17176 kB
Node 1 SUnreclaim:        34016 kB
Node 1 AnonHugePages:         0 kB
Node 1 ShmemHugePages:        0 kB
Node 1 ShmemPmdMapped:        0 kB
Node 1 FileHugePages:        0 kB
Node 1 FilePmdMapped:        0 kB
Node 1 HugePages_Total:     0
Node 1 HugePages_Free:      0
Node 1 HugePages_Surp:      0

After Test
Node 0 MemTotal:       24743736 kB
Node 0 MemFree:        24197744 kB
Node 0 MemUsed:          545992 kB
Node 0 Active:            44464 kB
Node 0 Inactive:          28432 kB
Node 0 Active(anon):      18956 kB
Node 0 Inactive(anon):      444 kB
Node 0 Active(file):      25508 kB
Node 0 Inactive(file):    27988 kB
Node 0 Unevictable:        4724 kB
Node 0 Mlocked:            4724 kB
Node 0 Dirty:               156 kB
Node 0 Writeback:             0 kB
Node 0 FilePages:         58880 kB
Node 0 Mapped:            28688 kB
Node 0 AnonPages:         18744 kB
Node 0 Shmem:               656 kB
Node 0 KernelStack:        2068 kB
Node 0 PageTables:          628 kB
Node 0 NFS_Unstable:          0 kB
Node 0 Bounce:                0 kB
Node 0 WritebackTmp:          0 kB
Node 0 KReclaimable:      25828 kB
Node 0 Slab:              67792 kB
Node 0 SReclaimable:      25828 kB
Node 0 SUnreclaim:        41964 kB
Node 0 AnonHugePages:         0 kB
Node 0 ShmemHugePages:        0 kB
Node 0 ShmemPmdMapped:        0 kB
Node 0 FileHugePages:        0 kB
Node 0 FilePmdMapped:        0 kB
Node 0 HugePages_Total:     0
Node 0 HugePages_Free:      0
Node 0 HugePages_Surp:      0

Node 1 MemTotal:       24686196 kB
Node 1 MemFree:        23525920 kB
Node 1 MemUsed:         1160276 kB
Node 1 Active:            57100 kB
Node 1 Inactive:          62336 kB
Node 1 Active(anon):      13848 kB
Node 1 Inactive(anon):      476 kB
Node 1 Active(file):      43252 kB
Node 1 Inactive(file):    61860 kB
Node 1 Unevictable:       13800 kB
Node 1 Mlocked:           13800 kB
Node 1 Dirty:                48 kB
Node 1 Writeback:             0 kB
Node 1 FilePages:        109240 kB
Node 1 Mapped:            16364 kB
Node 1 AnonPages:         23880 kB
Node 1 Shmem:               656 kB
Node 1 KernelStack:        2872 kB
Node 1 PageTables:          624 kB
Node 1 NFS_Unstable:          0 kB
Node 1 Bounce:                0 kB
Node 1 WritebackTmp:          0 kB
Node 1 KReclaimable:      18548 kB
Node 1 Slab:              57880 kB
Node 1 SReclaimable:      18548 kB
Node 1 SUnreclaim:        39332 kB
Node 1 AnonHugePages:         0 kB
Node 1 ShmemHugePages:        0 kB
Node 1 ShmemPmdMapped:        0 kB
Node 1 FileHugePages:        0 kB
Node 1 FilePmdMapped:        0 kB
Node 1 HugePages_Total:     0
Node 1 HugePages_Free:      0
Node 1 HugePages_Surp:      0

After Opposite Node
Node 0 MemTotal:       24743736 kB
Node 0 MemFree:        24194092 kB
Node 0 MemUsed:          549644 kB
Node 0 Active:            44656 kB
Node 0 Inactive:          28732 kB
Node 0 Active(anon):      19136 kB
Node 0 Inactive(anon):      736 kB
Node 0 Active(file):      25520 kB
Node 0 Inactive(file):    27996 kB
Node 0 Unevictable:        4724 kB
Node 0 Mlocked:            4724 kB
Node 0 Dirty:               156 kB
Node 0 Writeback:             0 kB
Node 0 FilePages:         59184 kB
Node 0 Mapped:            28688 kB
Node 0 AnonPages:         18980 kB
Node 0 Shmem:               656 kB
Node 0 KernelStack:        2096 kB
Node 0 PageTables:          652 kB
Node 0 NFS_Unstable:          0 kB
Node 0 Bounce:                0 kB
Node 0 WritebackTmp:          0 kB
Node 0 KReclaimable:      25844 kB
Node 0 Slab:              67944 kB
Node 0 SReclaimable:      25844 kB
Node 0 SUnreclaim:        42100 kB
Node 0 AnonHugePages:         0 kB
Node 0 ShmemHugePages:        0 kB
Node 0 ShmemPmdMapped:        0 kB
Node 0 FileHugePages:        0 kB
Node 0 FilePmdMapped:        0 kB
Node 0 HugePages_Total:     0
Node 0 HugePages_Free:      0
Node 0 HugePages_Surp:      0

Node 1 MemTotal:       24686196 kB
Node 1 MemFree:        23526304 kB
Node 1 MemUsed:         1159892 kB
Node 1 Active:            57192 kB
Node 1 Inactive:          62124 kB
Node 1 Active(anon):      13716 kB
Node 1 Inactive(anon):      444 kB
Node 1 Active(file):      43476 kB
Node 1 Inactive(file):    61680 kB
Node 1 Unevictable:       13800 kB
Node 1 Mlocked:           13800 kB
Node 1 Dirty:                60 kB
Node 1 Writeback:             0 kB
Node 1 FilePages:        109240 kB
Node 1 Mapped:            16116 kB
Node 1 AnonPages:         23876 kB
Node 1 Shmem:               612 kB
Node 1 KernelStack:        2712 kB
Node 1 PageTables:          408 kB
Node 1 NFS_Unstable:          0 kB
Node 1 Bounce:                0 kB
Node 1 WritebackTmp:          0 kB
Node 1 KReclaimable:      18556 kB
Node 1 Slab:              57856 kB
Node 1 SReclaimable:      18556 kB
Node 1 SUnreclaim:        39300 kB
Node 1 AnonHugePages:         0 kB
Node 1 ShmemHugePages:        0 kB
Node 1 ShmemPmdMapped:        0 kB
Node 1 FileHugePages:        0 kB
Node 1 FilePmdMapped:        0 kB
Node 1 HugePages_Total:     0
Node 1 HugePages_Free:      0
Node 1 HugePages_Surp:      0

U.1.4Mfio.500M.1.O Complete!
