U.1.4Mfio.250M.1.O
Begin
Node 0 MemTotal:       24743736 kB
Node 0 MemFree:        24497104 kB
Node 0 MemUsed:          246632 kB
Node 0 Active:            51980 kB
Node 0 Inactive:          45832 kB
Node 0 Active(anon):       8500 kB
Node 0 Inactive(anon):      372 kB
Node 0 Active(file):      43480 kB
Node 0 Inactive(file):    45460 kB
Node 0 Unevictable:       17564 kB
Node 0 Mlocked:           17564 kB
Node 0 Dirty:               112 kB
Node 0 Writeback:             0 kB
Node 0 FilePages:         96768 kB
Node 0 Mapped:            49488 kB
Node 0 AnonPages:         18620 kB
Node 0 Shmem:               576 kB
Node 0 KernelStack:        2008 kB
Node 0 PageTables:          564 kB
Node 0 NFS_Unstable:          0 kB
Node 0 Bounce:                0 kB
Node 0 WritebackTmp:          0 kB
Node 0 KReclaimable:      21348 kB
Node 0 Slab:              50760 kB
Node 0 SReclaimable:      21348 kB
Node 0 SUnreclaim:        29412 kB
Node 0 AnonHugePages:         0 kB
Node 0 ShmemHugePages:        0 kB
Node 0 ShmemPmdMapped:        0 kB
Node 0 FileHugePages:        0 kB
Node 0 FilePmdMapped:        0 kB
Node 0 HugePages_Total:     0
Node 0 HugePages_Free:      0
Node 0 HugePages_Surp:      0

Node 1 MemTotal:       24686196 kB
Node 1 MemFree:        24292104 kB
Node 1 MemUsed:          394092 kB
Node 1 Active:            43172 kB
Node 1 Inactive:          72868 kB
Node 1 Active(anon):      25072 kB
Node 1 Inactive(anon):      500 kB
Node 1 Active(file):      18100 kB
Node 1 Inactive(file):    72368 kB
Node 1 Unevictable:         956 kB
Node 1 Mlocked:             956 kB
Node 1 Dirty:                 0 kB
Node 1 Writeback:             0 kB
Node 1 FilePages:         92260 kB
Node 1 Mapped:            13812 kB
Node 1 AnonPages:         24972 kB
Node 1 Shmem:               692 kB
Node 1 KernelStack:        1592 kB
Node 1 PageTables:          592 kB
Node 1 NFS_Unstable:          0 kB
Node 1 Bounce:                0 kB
Node 1 WritebackTmp:          0 kB
Node 1 KReclaimable:      20972 kB
Node 1 Slab:              57144 kB
Node 1 SReclaimable:      20972 kB
Node 1 SUnreclaim:        36172 kB
Node 1 AnonHugePages:         0 kB
Node 1 ShmemHugePages:        0 kB
Node 1 ShmemPmdMapped:        0 kB
Node 1 FileHugePages:        0 kB
Node 1 FilePmdMapped:        0 kB
Node 1 HugePages_Total:     0
Node 1 HugePages_Free:      0
Node 1 HugePages_Surp:      0

Load ZFS
Node 0 MemTotal:       24743736 kB
Node 0 MemFree:        24493164 kB
Node 0 MemUsed:          250572 kB
Node 0 Active:            54448 kB
Node 0 Inactive:          46296 kB
Node 0 Active(anon):      10720 kB
Node 0 Inactive(anon):      372 kB
Node 0 Active(file):      43728 kB
Node 0 Inactive(file):    45924 kB
Node 0 Unevictable:       17564 kB
Node 0 Mlocked:           17564 kB
Node 0 Dirty:               140 kB
Node 0 Writeback:             0 kB
Node 0 FilePages:         97464 kB
Node 0 Mapped:            49488 kB
Node 0 AnonPages:         20920 kB
Node 0 Shmem:               576 kB
Node 0 KernelStack:        1992 kB
Node 0 PageTables:          588 kB
Node 0 NFS_Unstable:          0 kB
Node 0 Bounce:                0 kB
Node 0 WritebackTmp:          0 kB
Node 0 KReclaimable:      21824 kB
Node 0 Slab:              52592 kB
Node 0 SReclaimable:      21824 kB
Node 0 SUnreclaim:        30768 kB
Node 0 AnonHugePages:         0 kB
Node 0 ShmemHugePages:        0 kB
Node 0 ShmemPmdMapped:        0 kB
Node 0 FileHugePages:        0 kB
Node 0 FilePmdMapped:        0 kB
Node 0 HugePages_Total:     0
Node 0 HugePages_Free:      0
Node 0 HugePages_Surp:      0

Node 1 MemTotal:       24686196 kB
Node 1 MemFree:        24284704 kB
Node 1 MemUsed:          401492 kB
Node 1 Active:            53180 kB
Node 1 Inactive:          68452 kB
Node 1 Active(anon):      28700 kB
Node 1 Inactive(anon):      500 kB
Node 1 Active(file):      24480 kB
Node 1 Inactive(file):    67952 kB
Node 1 Unevictable:         956 kB
Node 1 Mlocked:             956 kB
Node 1 Dirty:                 4 kB
Node 1 Writeback:             0 kB
Node 1 FilePages:         94080 kB
Node 1 Mapped:            13976 kB
Node 1 AnonPages:         28480 kB
Node 1 Shmem:               692 kB
Node 1 KernelStack:        1800 kB
Node 1 PageTables:         1040 kB
Node 1 NFS_Unstable:          0 kB
Node 1 Bounce:                0 kB
Node 1 WritebackTmp:          0 kB
Node 1 KReclaimable:      21512 kB
Node 1 Slab:              58928 kB
Node 1 SReclaimable:      21512 kB
Node 1 SUnreclaim:        37416 kB
Node 1 AnonHugePages:         0 kB
Node 1 ShmemHugePages:        0 kB
Node 1 ShmemPmdMapped:        0 kB
Node 1 FileHugePages:        0 kB
Node 1 FilePmdMapped:        0 kB
Node 1 HugePages_Total:     0
Node 1 HugePages_Free:      0
Node 1 HugePages_Surp:      0

Import tank ZPool
Node 0 MemTotal:       24743736 kB
Node 0 MemFree:        24494172 kB
Node 0 MemUsed:          249564 kB
Node 0 Active:            54444 kB
Node 0 Inactive:          46296 kB
Node 0 Active(anon):      10716 kB
Node 0 Inactive(anon):      372 kB
Node 0 Active(file):      43728 kB
Node 0 Inactive(file):    45924 kB
Node 0 Unevictable:       17564 kB
Node 0 Mlocked:           17564 kB
Node 0 Dirty:               268 kB
Node 0 Writeback:             0 kB
Node 0 FilePages:         97484 kB
Node 0 Mapped:            49712 kB
Node 0 AnonPages:         20956 kB
Node 0 Shmem:               572 kB
Node 0 KernelStack:        1992 kB
Node 0 PageTables:          588 kB
Node 0 NFS_Unstable:          0 kB
Node 0 Bounce:                0 kB
Node 0 WritebackTmp:          0 kB
Node 0 KReclaimable:      21828 kB
Node 0 Slab:              52596 kB
Node 0 SReclaimable:      21828 kB
Node 0 SUnreclaim:        30768 kB
Node 0 AnonHugePages:         0 kB
Node 0 ShmemHugePages:        0 kB
Node 0 ShmemPmdMapped:        0 kB
Node 0 FileHugePages:        0 kB
Node 0 FilePmdMapped:        0 kB
Node 0 HugePages_Total:     0
Node 0 HugePages_Free:      0
Node 0 HugePages_Surp:      0

Node 1 MemTotal:       24686196 kB
Node 1 MemFree:        24266072 kB
Node 1 MemUsed:          420124 kB
Node 1 Active:            53948 kB
Node 1 Inactive:          69528 kB
Node 1 Active(anon):      29092 kB
Node 1 Inactive(anon):      504 kB
Node 1 Active(file):      24856 kB
Node 1 Inactive(file):    69024 kB
Node 1 Unevictable:         956 kB
Node 1 Mlocked:             956 kB
Node 1 Dirty:                40 kB
Node 1 Writeback:             0 kB
Node 1 FilePages:         95536 kB
Node 1 Mapped:            14020 kB
Node 1 AnonPages:         28676 kB
Node 1 Shmem:               696 kB
Node 1 KernelStack:        2904 kB
Node 1 PageTables:         1056 kB
Node 1 NFS_Unstable:          0 kB
Node 1 Bounce:                0 kB
Node 1 WritebackTmp:          0 kB
Node 1 KReclaimable:      21628 kB
Node 1 Slab:              65836 kB
Node 1 SReclaimable:      21628 kB
Node 1 SUnreclaim:        44208 kB
Node 1 AnonHugePages:         0 kB
Node 1 ShmemHugePages:        0 kB
Node 1 ShmemPmdMapped:        0 kB
Node 1 FileHugePages:        0 kB
Node 1 FilePmdMapped:        0 kB
Node 1 HugePages_Total:     0
Node 1 HugePages_Free:      0
Node 1 HugePages_Surp:      0

After Test
Node 0 MemTotal:       24743736 kB
Node 0 MemFree:        24403992 kB
Node 0 MemUsed:          339744 kB
Node 0 Active:            52432 kB
Node 0 Inactive:          46296 kB
Node 0 Active(anon):       8664 kB
Node 0 Inactive(anon):      372 kB
Node 0 Active(file):      43768 kB
Node 0 Inactive(file):    45924 kB
Node 0 Unevictable:       17564 kB
Node 0 Mlocked:           17564 kB
Node 0 Dirty:               268 kB
Node 0 Writeback:             0 kB
Node 0 FilePages:         97500 kB
Node 0 Mapped:            49484 kB
Node 0 AnonPages:         18644 kB
Node 0 Shmem:               572 kB
Node 0 KernelStack:        2040 kB
Node 0 PageTables:          568 kB
Node 0 NFS_Unstable:          0 kB
Node 0 Bounce:                0 kB
Node 0 WritebackTmp:          0 kB
Node 0 KReclaimable:      21828 kB
Node 0 Slab:              52776 kB
Node 0 SReclaimable:      21828 kB
Node 0 SUnreclaim:        30948 kB
Node 0 AnonHugePages:         0 kB
Node 0 ShmemHugePages:        0 kB
Node 0 ShmemPmdMapped:        0 kB
Node 0 FileHugePages:        0 kB
Node 0 FilePmdMapped:        0 kB
Node 0 HugePages_Total:     0
Node 0 HugePages_Free:      0
Node 0 HugePages_Surp:      0

Node 1 MemTotal:       24686196 kB
Node 1 MemFree:        23822892 kB
Node 1 MemUsed:          863304 kB
Node 1 Active:            50508 kB
Node 1 Inactive:          70456 kB
Node 1 Active(anon):      24556 kB
Node 1 Inactive(anon):      488 kB
Node 1 Active(file):      25952 kB
Node 1 Inactive(file):    69968 kB
Node 1 Unevictable:         956 kB
Node 1 Mlocked:             956 kB
Node 1 Dirty:                44 kB
Node 1 Writeback:             8 kB
Node 1 FilePages:         97588 kB
Node 1 Mapped:            13604 kB
Node 1 AnonPages:         24464 kB
Node 1 Shmem:               712 kB
Node 1 KernelStack:        2756 kB
Node 1 PageTables:          736 kB
Node 1 NFS_Unstable:          0 kB
Node 1 Bounce:                0 kB
Node 1 WritebackTmp:          0 kB
Node 1 KReclaimable:      22884 kB
Node 1 Slab:              69976 kB
Node 1 SReclaimable:      22884 kB
Node 1 SUnreclaim:        47092 kB
Node 1 AnonHugePages:         0 kB
Node 1 ShmemHugePages:        0 kB
Node 1 ShmemPmdMapped:        0 kB
Node 1 FileHugePages:        0 kB
Node 1 FilePmdMapped:        0 kB
Node 1 HugePages_Total:     0
Node 1 HugePages_Free:      0
Node 1 HugePages_Surp:      0

After Opposite Node
Node 0 MemTotal:       24743736 kB
Node 0 MemFree:        24401508 kB
Node 0 MemUsed:          342228 kB
Node 0 Active:            52436 kB
Node 0 Inactive:          46380 kB
Node 0 Active(anon):       8620 kB
Node 0 Inactive(anon):      408 kB
Node 0 Active(file):      43816 kB
Node 0 Inactive(file):    45972 kB
Node 0 Unevictable:       17564 kB
Node 0 Mlocked:           17564 kB
Node 0 Dirty:               268 kB
Node 0 Writeback:             0 kB
Node 0 FilePages:         97640 kB
Node 0 Mapped:            49528 kB
Node 0 AnonPages:         18396 kB
Node 0 Shmem:               616 kB
Node 0 KernelStack:        2088 kB
Node 0 PageTables:          728 kB
Node 0 NFS_Unstable:          0 kB
Node 0 Bounce:                0 kB
Node 0 WritebackTmp:          0 kB
Node 0 KReclaimable:      21916 kB
Node 0 Slab:              53012 kB
Node 0 SReclaimable:      21916 kB
Node 0 SUnreclaim:        31096 kB
Node 0 AnonHugePages:         0 kB
Node 0 ShmemHugePages:        0 kB
Node 0 ShmemPmdMapped:        0 kB
Node 0 FileHugePages:        0 kB
Node 0 FilePmdMapped:        0 kB
Node 0 HugePages_Total:     0
Node 0 HugePages_Free:      0
Node 0 HugePages_Surp:      0

Node 1 MemTotal:       24686196 kB
Node 1 MemFree:        23823564 kB
Node 1 MemUsed:          862632 kB
Node 1 Active:            50436 kB
Node 1 Inactive:          70272 kB
Node 1 Active(anon):      24252 kB
Node 1 Inactive(anon):      504 kB
Node 1 Active(file):      26184 kB
Node 1 Inactive(file):    69768 kB
Node 1 Unevictable:         956 kB
Node 1 Mlocked:             956 kB
Node 1 Dirty:                56 kB
Node 1 Writeback:             0 kB
Node 1 FilePages:         97604 kB
Node 1 Mapped:            14044 kB
Node 1 AnonPages:         24060 kB
Node 1 Shmem:               696 kB
Node 1 KernelStack:        2712 kB
Node 1 PageTables:          556 kB
Node 1 NFS_Unstable:          0 kB
Node 1 Bounce:                0 kB
Node 1 WritebackTmp:          0 kB
Node 1 KReclaimable:      22900 kB
Node 1 Slab:              70120 kB
Node 1 SReclaimable:      22900 kB
Node 1 SUnreclaim:        47220 kB
Node 1 AnonHugePages:         0 kB
Node 1 ShmemHugePages:        0 kB
Node 1 ShmemPmdMapped:        0 kB
Node 1 FileHugePages:        0 kB
Node 1 FilePmdMapped:        0 kB
Node 1 HugePages_Total:     0
Node 1 HugePages_Free:      0
Node 1 HugePages_Surp:      0

U.1.4Mfio.250M.1.O Complete!
