U.1.4Mfio.500M.3.O
Begin
Node 0 MemTotal:       24768360 kB
Node 0 MemFree:        24477100 kB
Node 0 MemUsed:          291260 kB
Node 0 Active:            30752 kB
Node 0 Inactive:          46680 kB
Node 0 Active(anon):      11668 kB
Node 0 Inactive(anon):      276 kB
Node 0 Active(file):      19084 kB
Node 0 Inactive(file):    46404 kB
Node 0 Unevictable:       17508 kB
Node 0 Mlocked:           17508 kB
Node 0 Dirty:                92 kB
Node 0 Writeback:             0 kB
Node 0 FilePages:         73040 kB
Node 0 Mapped:            34592 kB
Node 0 AnonPages:         21912 kB
Node 0 Shmem:               376 kB
Node 0 KernelStack:        2040 kB
Node 0 PageTables:          656 kB
Node 0 NFS_Unstable:          0 kB
Node 0 Bounce:                0 kB
Node 0 WritebackTmp:          0 kB
Node 0 KReclaimable:      17276 kB
Node 0 Slab:              43660 kB
Node 0 SReclaimable:      17276 kB
Node 0 SUnreclaim:        26384 kB
Node 0 AnonHugePages:         0 kB
Node 0 ShmemHugePages:        0 kB
Node 0 ShmemPmdMapped:        0 kB
Node 0 FileHugePages:        0 kB
Node 0 FilePmdMapped:        0 kB
Node 0 HugePages_Total:     0
Node 0 HugePages_Free:      0
Node 0 HugePages_Surp:      0

Node 1 MemTotal:       24661580 kB
Node 1 MemFree:        24313504 kB
Node 1 MemUsed:          348076 kB
Node 1 Active:            65024 kB
Node 1 Inactive:          65448 kB
Node 1 Active(anon):      21752 kB
Node 1 Inactive(anon):      588 kB
Node 1 Active(file):      43272 kB
Node 1 Inactive(file):    64860 kB
Node 1 Unevictable:        1016 kB
Node 1 Mlocked:            1016 kB
Node 1 Dirty:                92 kB
Node 1 Writeback:             0 kB
Node 1 FilePages:        110196 kB
Node 1 Mapped:            27684 kB
Node 1 AnonPages:         21448 kB
Node 1 Shmem:               892 kB
Node 1 KernelStack:        1576 kB
Node 1 PageTables:          408 kB
Node 1 NFS_Unstable:          0 kB
Node 1 Bounce:                0 kB
Node 1 WritebackTmp:          0 kB
Node 1 KReclaimable:      24456 kB
Node 1 Slab:              63040 kB
Node 1 SReclaimable:      24456 kB
Node 1 SUnreclaim:        38584 kB
Node 1 AnonHugePages:         0 kB
Node 1 ShmemHugePages:        0 kB
Node 1 ShmemPmdMapped:        0 kB
Node 1 FileHugePages:        0 kB
Node 1 FilePmdMapped:        0 kB
Node 1 HugePages_Total:     0
Node 1 HugePages_Free:      0
Node 1 HugePages_Surp:      0

Load ZFS
Node 0 MemTotal:       24768360 kB
Node 0 MemFree:        24538824 kB
Node 0 MemUsed:          229536 kB
Node 0 Active:            34556 kB
Node 0 Inactive:          46968 kB
Node 0 Active(anon):      14660 kB
Node 0 Inactive(anon):      276 kB
Node 0 Active(file):      19896 kB
Node 0 Inactive(file):    46692 kB
Node 0 Unevictable:       17508 kB
Node 0 Mlocked:           17508 kB
Node 0 Dirty:               116 kB
Node 0 Writeback:             0 kB
Node 0 FilePages:         74140 kB
Node 0 Mapped:            34560 kB
Node 0 AnonPages:         24972 kB
Node 0 Shmem:               376 kB
Node 0 KernelStack:        2088 kB
Node 0 PageTables:          816 kB
Node 0 NFS_Unstable:          0 kB
Node 0 Bounce:                0 kB
Node 0 WritebackTmp:          0 kB
Node 0 KReclaimable:      17764 kB
Node 0 Slab:              45852 kB
Node 0 SReclaimable:      17764 kB
Node 0 SUnreclaim:        28088 kB
Node 0 AnonHugePages:         0 kB
Node 0 ShmemHugePages:        0 kB
Node 0 ShmemPmdMapped:        0 kB
Node 0 FileHugePages:        0 kB
Node 0 FilePmdMapped:        0 kB
Node 0 HugePages_Total:     0
Node 0 HugePages_Free:      0
Node 0 HugePages_Surp:      0

Node 1 MemTotal:       24661580 kB
Node 1 MemFree:        24243844 kB
Node 1 MemUsed:          417736 kB
Node 1 Active:            72352 kB
Node 1 Inactive:          61044 kB
Node 1 Active(anon):      23104 kB
Node 1 Inactive(anon):      588 kB
Node 1 Active(file):      49248 kB
Node 1 Inactive(file):    60456 kB
Node 1 Unevictable:        1016 kB
Node 1 Mlocked:            1016 kB
Node 1 Dirty:               108 kB
Node 1 Writeback:             0 kB
Node 1 FilePages:        111612 kB
Node 1 Mapped:            27800 kB
Node 1 AnonPages:         22716 kB
Node 1 Shmem:               892 kB
Node 1 KernelStack:        1672 kB
Node 1 PageTables:          548 kB
Node 1 NFS_Unstable:          0 kB
Node 1 Bounce:                0 kB
Node 1 WritebackTmp:          0 kB
Node 1 KReclaimable:      25008 kB
Node 1 Slab:              65000 kB
Node 1 SReclaimable:      25008 kB
Node 1 SUnreclaim:        39992 kB
Node 1 AnonHugePages:         0 kB
Node 1 ShmemHugePages:        0 kB
Node 1 ShmemPmdMapped:        0 kB
Node 1 FileHugePages:        0 kB
Node 1 FilePmdMapped:        0 kB
Node 1 HugePages_Total:     0
Node 1 HugePages_Free:      0
Node 1 HugePages_Surp:      0

Import tank ZPool
Node 0 MemTotal:       24768360 kB
Node 0 MemFree:        24538800 kB
Node 0 MemUsed:          229560 kB
Node 0 Active:            34552 kB
Node 0 Inactive:          46968 kB
Node 0 Active(anon):      14656 kB
Node 0 Inactive(anon):      276 kB
Node 0 Active(file):      19896 kB
Node 0 Inactive(file):    46692 kB
Node 0 Unevictable:       17508 kB
Node 0 Mlocked:           17508 kB
Node 0 Dirty:                44 kB
Node 0 Writeback:             0 kB
Node 0 FilePages:         74136 kB
Node 0 Mapped:            34840 kB
Node 0 AnonPages:         24980 kB
Node 0 Shmem:               372 kB
Node 0 KernelStack:        2088 kB
Node 0 PageTables:          816 kB
Node 0 NFS_Unstable:          0 kB
Node 0 Bounce:                0 kB
Node 0 WritebackTmp:          0 kB
Node 0 KReclaimable:      17764 kB
Node 0 Slab:              46412 kB
Node 0 SReclaimable:      17764 kB
Node 0 SUnreclaim:        28648 kB
Node 0 AnonHugePages:         0 kB
Node 0 ShmemHugePages:        0 kB
Node 0 ShmemPmdMapped:        0 kB
Node 0 FileHugePages:        0 kB
Node 0 FilePmdMapped:        0 kB
Node 0 HugePages_Total:     0
Node 0 HugePages_Free:      0
Node 0 HugePages_Surp:      0

Node 1 MemTotal:       24661580 kB
Node 1 MemFree:        24222252 kB
Node 1 MemUsed:          439328 kB
Node 1 Active:            73404 kB
Node 1 Inactive:          62140 kB
Node 1 Active(anon):      23676 kB
Node 1 Inactive(anon):      592 kB
Node 1 Active(file):      49728 kB
Node 1 Inactive(file):    61548 kB
Node 1 Unevictable:        1016 kB
Node 1 Mlocked:            1016 kB
Node 1 Dirty:                24 kB
Node 1 Writeback:             0 kB
Node 1 FilePages:        113188 kB
Node 1 Mapped:            27936 kB
Node 1 AnonPages:         22708 kB
Node 1 Shmem:               896 kB
Node 1 KernelStack:        2792 kB
Node 1 PageTables:          628 kB
Node 1 NFS_Unstable:          0 kB
Node 1 Bounce:                0 kB
Node 1 WritebackTmp:          0 kB
Node 1 KReclaimable:      25124 kB
Node 1 Slab:              71228 kB
Node 1 SReclaimable:      25124 kB
Node 1 SUnreclaim:        46104 kB
Node 1 AnonHugePages:         0 kB
Node 1 ShmemHugePages:        0 kB
Node 1 ShmemPmdMapped:        0 kB
Node 1 FileHugePages:        0 kB
Node 1 FilePmdMapped:        0 kB
Node 1 HugePages_Total:     0
Node 1 HugePages_Free:      0
Node 1 HugePages_Surp:      0

After Test
Node 0 MemTotal:       24768360 kB
Node 0 MemFree:        24367072 kB
Node 0 MemUsed:          401288 kB
Node 0 Active:            31412 kB
Node 0 Inactive:          46968 kB
Node 0 Active(anon):      11516 kB
Node 0 Inactive(anon):      276 kB
Node 0 Active(file):      19896 kB
Node 0 Inactive(file):    46692 kB
Node 0 Unevictable:       17508 kB
Node 0 Mlocked:           17508 kB
Node 0 Dirty:                56 kB
Node 0 Writeback:             0 kB
Node 0 FilePages:         74136 kB
Node 0 Mapped:            34560 kB
Node 0 AnonPages:         21748 kB
Node 0 Shmem:               372 kB
Node 0 KernelStack:        2056 kB
Node 0 PageTables:          656 kB
Node 0 NFS_Unstable:          0 kB
Node 0 Bounce:                0 kB
Node 0 WritebackTmp:          0 kB
Node 0 KReclaimable:      17764 kB
Node 0 Slab:              47228 kB
Node 0 SReclaimable:      17764 kB
Node 0 SUnreclaim:        29464 kB
Node 0 AnonHugePages:         0 kB
Node 0 ShmemHugePages:        0 kB
Node 0 ShmemPmdMapped:        0 kB
Node 0 FileHugePages:        0 kB
Node 0 FilePmdMapped:        0 kB
Node 0 HugePages_Total:     0
Node 0 HugePages_Free:      0
Node 0 HugePages_Surp:      0

Node 1 MemTotal:       24661580 kB
Node 1 MemFree:        23328536 kB
Node 1 MemUsed:         1333044 kB
Node 1 Active:            72304 kB
Node 1 Inactive:          63076 kB
Node 1 Active(anon):      21500 kB
Node 1 Inactive(anon):      616 kB
Node 1 Active(file):      50804 kB
Node 1 Inactive(file):    62460 kB
Node 1 Unevictable:        1016 kB
Node 1 Mlocked:            1016 kB
Node 1 Dirty:                24 kB
Node 1 Writeback:             0 kB
Node 1 FilePages:        115220 kB
Node 1 Mapped:            27876 kB
Node 1 AnonPages:         21092 kB
Node 1 Shmem:               940 kB
Node 1 KernelStack:        2808 kB
Node 1 PageTables:          532 kB
Node 1 NFS_Unstable:          0 kB
Node 1 Bounce:                0 kB
Node 1 WritebackTmp:          0 kB
Node 1 KReclaimable:      26480 kB
Node 1 Slab:              77880 kB
Node 1 SReclaimable:      26480 kB
Node 1 SUnreclaim:        51400 kB
Node 1 AnonHugePages:         0 kB
Node 1 ShmemHugePages:        0 kB
Node 1 ShmemPmdMapped:        0 kB
Node 1 FileHugePages:        0 kB
Node 1 FilePmdMapped:        0 kB
Node 1 HugePages_Total:     0
Node 1 HugePages_Free:      0
Node 1 HugePages_Surp:      0

After Opposite Node
Node 0 MemTotal:       24768360 kB
Node 0 MemFree:        24366408 kB
Node 0 MemUsed:          401952 kB
Node 0 Active:            31568 kB
Node 0 Inactive:          47000 kB
Node 0 Active(anon):      11668 kB
Node 0 Inactive(anon):      300 kB
Node 0 Active(file):      19900 kB
Node 0 Inactive(file):    46700 kB
Node 0 Unevictable:       17508 kB
Node 0 Mlocked:           17508 kB
Node 0 Dirty:                56 kB
Node 0 Writeback:             0 kB
Node 0 FilePages:         74192 kB
Node 0 Mapped:            34604 kB
Node 0 AnonPages:         21796 kB
Node 0 Shmem:               416 kB
Node 0 KernelStack:        2040 kB
Node 0 PageTables:          772 kB
Node 0 NFS_Unstable:          0 kB
Node 0 Bounce:                0 kB
Node 0 WritebackTmp:          0 kB
Node 0 KReclaimable:      17800 kB
Node 0 Slab:              47428 kB
Node 0 SReclaimable:      17800 kB
Node 0 SUnreclaim:        29628 kB
Node 0 AnonHugePages:         0 kB
Node 0 ShmemHugePages:        0 kB
Node 0 ShmemPmdMapped:        0 kB
Node 0 FileHugePages:        0 kB
Node 0 FilePmdMapped:        0 kB
Node 0 HugePages_Total:     0
Node 0 HugePages_Free:      0
Node 0 HugePages_Surp:      0

Node 1 MemTotal:       24661580 kB
Node 1 MemFree:        23328940 kB
Node 1 MemUsed:         1332640 kB
Node 1 Active:            72340 kB
Node 1 Inactive:          62896 kB
Node 1 Active(anon):      21360 kB
Node 1 Inactive(anon):      592 kB
Node 1 Active(file):      50980 kB
Node 1 Inactive(file):    62304 kB
Node 1 Unevictable:        1016 kB
Node 1 Mlocked:            1016 kB
Node 1 Dirty:                36 kB
Node 1 Writeback:             0 kB
Node 1 FilePages:        115196 kB
Node 1 Mapped:            27828 kB
Node 1 AnonPages:         21056 kB
Node 1 Shmem:               896 kB
Node 1 KernelStack:        2712 kB
Node 1 PageTables:          424 kB
Node 1 NFS_Unstable:          0 kB
Node 1 Bounce:                0 kB
Node 1 WritebackTmp:          0 kB
Node 1 KReclaimable:      26480 kB
Node 1 Slab:              77880 kB
Node 1 SReclaimable:      26480 kB
Node 1 SUnreclaim:        51400 kB
Node 1 AnonHugePages:         0 kB
Node 1 ShmemHugePages:        0 kB
Node 1 ShmemPmdMapped:        0 kB
Node 1 FileHugePages:        0 kB
Node 1 FilePmdMapped:        0 kB
Node 1 HugePages_Total:     0
Node 1 HugePages_Free:      0
Node 1 HugePages_Surp:      0

U.1.4Mfio.500M.3.O Complete!
