U.1.8Mfio.500M.1.O
Begin
Node 0 MemTotal:       24743736 kB
Node 0 MemFree:        24352044 kB
Node 0 MemUsed:          391692 kB
Node 0 Active:            52912 kB
Node 0 Inactive:          54376 kB
Node 0 Active(anon):      16128 kB
Node 0 Inactive(anon):      540 kB
Node 0 Active(file):      36784 kB
Node 0 Inactive(file):    53836 kB
Node 0 Unevictable:        1200 kB
Node 0 Mlocked:            1200 kB
Node 0 Dirty:                72 kB
Node 0 Writeback:             0 kB
Node 0 FilePages:         92628 kB
Node 0 Mapped:            15040 kB
Node 0 AnonPages:         15952 kB
Node 0 Shmem:               776 kB
Node 0 KernelStack:        2168 kB
Node 0 PageTables:          436 kB
Node 0 NFS_Unstable:          0 kB
Node 0 Bounce:                0 kB
Node 0 WritebackTmp:          0 kB
Node 0 KReclaimable:      24296 kB
Node 0 Slab:              60496 kB
Node 0 SReclaimable:      24296 kB
Node 0 SUnreclaim:        36200 kB
Node 0 AnonHugePages:         0 kB
Node 0 ShmemHugePages:        0 kB
Node 0 ShmemPmdMapped:        0 kB
Node 0 FileHugePages:        0 kB
Node 0 FilePmdMapped:        0 kB
Node 0 HugePages_Total:     0
Node 0 HugePages_Free:      0
Node 0 HugePages_Surp:      0

Node 1 MemTotal:       24686196 kB
Node 1 MemFree:        24444444 kB
Node 1 MemUsed:          241752 kB
Node 1 Active:            42792 kB
Node 1 Inactive:          57656 kB
Node 1 Active(anon):      17356 kB
Node 1 Inactive(anon):      328 kB
Node 1 Active(file):      25436 kB
Node 1 Inactive(file):    57328 kB
Node 1 Unevictable:       17320 kB
Node 1 Mlocked:           17320 kB
Node 1 Dirty:               272 kB
Node 1 Writeback:             0 kB
Node 1 FilePages:         90248 kB
Node 1 Mapped:            48168 kB
Node 1 AnonPages:         27528 kB
Node 1 Shmem:               492 kB
Node 1 KernelStack:        1416 kB
Node 1 PageTables:          676 kB
Node 1 NFS_Unstable:          0 kB
Node 1 Bounce:                0 kB
Node 1 WritebackTmp:          0 kB
Node 1 KReclaimable:      17512 kB
Node 1 Slab:              46248 kB
Node 1 SReclaimable:      17512 kB
Node 1 SUnreclaim:        28736 kB
Node 1 AnonHugePages:         0 kB
Node 1 ShmemHugePages:        0 kB
Node 1 ShmemPmdMapped:        0 kB
Node 1 FileHugePages:        0 kB
Node 1 FilePmdMapped:        0 kB
Node 1 HugePages_Total:     0
Node 1 HugePages_Free:      0
Node 1 HugePages_Surp:      0

Load ZFS
Node 0 MemTotal:       24743736 kB
Node 0 MemFree:        24341488 kB
Node 0 MemUsed:          402248 kB
Node 0 Active:            64092 kB
Node 0 Inactive:          49844 kB
Node 0 Active(anon):      21384 kB
Node 0 Inactive(anon):      540 kB
Node 0 Active(file):      42708 kB
Node 0 Inactive(file):    49304 kB
Node 0 Unevictable:        1200 kB
Node 0 Mlocked:            1200 kB
Node 0 Dirty:                76 kB
Node 0 Writeback:             0 kB
Node 0 FilePages:         93988 kB
Node 0 Mapped:            15160 kB
Node 0 AnonPages:         21076 kB
Node 0 Shmem:               776 kB
Node 0 KernelStack:        2296 kB
Node 0 PageTables:         1032 kB
Node 0 NFS_Unstable:          0 kB
Node 0 Bounce:                0 kB
Node 0 WritebackTmp:          0 kB
Node 0 KReclaimable:      24780 kB
Node 0 Slab:              62492 kB
Node 0 SReclaimable:      24780 kB
Node 0 SUnreclaim:        37712 kB
Node 0 AnonHugePages:         0 kB
Node 0 ShmemHugePages:        0 kB
Node 0 ShmemPmdMapped:        0 kB
Node 0 FileHugePages:        0 kB
Node 0 FilePmdMapped:        0 kB
Node 0 HugePages_Total:     0
Node 0 HugePages_Free:      0
Node 0 HugePages_Surp:      0

Node 1 MemTotal:       24686196 kB
Node 1 MemFree:        24440264 kB
Node 1 MemUsed:          245932 kB
Node 1 Active:            45544 kB
Node 1 Inactive:          58152 kB
Node 1 Active(anon):      19288 kB
Node 1 Inactive(anon):      328 kB
Node 1 Active(file):      26256 kB
Node 1 Inactive(file):    57824 kB
Node 1 Unevictable:       17320 kB
Node 1 Mlocked:           17320 kB
Node 1 Dirty:               296 kB
Node 1 Writeback:             0 kB
Node 1 FilePages:         91564 kB
Node 1 Mapped:            48168 kB
Node 1 AnonPages:         29548 kB
Node 1 Shmem:               492 kB
Node 1 KernelStack:        1496 kB
Node 1 PageTables:          676 kB
Node 1 NFS_Unstable:          0 kB
Node 1 Bounce:                0 kB
Node 1 WritebackTmp:          0 kB
Node 1 KReclaimable:      17996 kB
Node 1 Slab:              48400 kB
Node 1 SReclaimable:      17996 kB
Node 1 SUnreclaim:        30404 kB
Node 1 AnonHugePages:         0 kB
Node 1 ShmemHugePages:        0 kB
Node 1 ShmemPmdMapped:        0 kB
Node 1 FileHugePages:        0 kB
Node 1 FilePmdMapped:        0 kB
Node 1 HugePages_Total:     0
Node 1 HugePages_Free:      0
Node 1 HugePages_Surp:      0

Import tank ZPool
Node 0 MemTotal:       24743736 kB
Node 0 MemFree:        24323512 kB
Node 0 MemUsed:          420224 kB
Node 0 Active:            65240 kB
Node 0 Inactive:          50608 kB
Node 0 Active(anon):      21792 kB
Node 0 Inactive(anon):      544 kB
Node 0 Active(file):      43448 kB
Node 0 Inactive(file):    50064 kB
Node 0 Unevictable:        1200 kB
Node 0 Mlocked:            1200 kB
Node 0 Dirty:                92 kB
Node 0 Writeback:             0 kB
Node 0 FilePages:         95488 kB
Node 0 Mapped:            15240 kB
Node 0 AnonPages:         21800 kB
Node 0 Shmem:               776 kB
Node 0 KernelStack:        2408 kB
Node 0 PageTables:         1116 kB
Node 0 NFS_Unstable:          0 kB
Node 0 Bounce:                0 kB
Node 0 WritebackTmp:          0 kB
Node 0 KReclaimable:      24904 kB
Node 0 Slab:              67388 kB
Node 0 SReclaimable:      24904 kB
Node 0 SUnreclaim:        42484 kB
Node 0 AnonHugePages:         0 kB
Node 0 ShmemHugePages:        0 kB
Node 0 ShmemPmdMapped:        0 kB
Node 0 FileHugePages:        0 kB
Node 0 FilePmdMapped:        0 kB
Node 0 HugePages_Total:     0
Node 0 HugePages_Free:      0
Node 0 HugePages_Surp:      0

Node 1 MemTotal:       24686196 kB
Node 1 MemFree:        24437220 kB
Node 1 MemUsed:          248976 kB
Node 1 Active:            45576 kB
Node 1 Inactive:          58156 kB
Node 1 Active(anon):      19320 kB
Node 1 Inactive(anon):      328 kB
Node 1 Active(file):      26256 kB
Node 1 Inactive(file):    57828 kB
Node 1 Unevictable:       17320 kB
Node 1 Mlocked:           17320 kB
Node 1 Dirty:               324 kB
Node 1 Writeback:             0 kB
Node 1 FilePages:         91568 kB
Node 1 Mapped:            48440 kB
Node 1 AnonPages:         29548 kB
Node 1 Shmem:               492 kB
Node 1 KernelStack:        2536 kB
Node 1 PageTables:          676 kB
Node 1 NFS_Unstable:          0 kB
Node 1 Bounce:                0 kB
Node 1 WritebackTmp:          0 kB
Node 1 KReclaimable:      18000 kB
Node 1 Slab:              50852 kB
Node 1 SReclaimable:      18000 kB
Node 1 SUnreclaim:        32852 kB
Node 1 AnonHugePages:         0 kB
Node 1 ShmemHugePages:        0 kB
Node 1 ShmemPmdMapped:        0 kB
Node 1 FileHugePages:        0 kB
Node 1 FilePmdMapped:        0 kB
Node 1 HugePages_Total:     0
Node 1 HugePages_Free:      0
Node 1 HugePages_Surp:      0

After Test
Node 0 MemTotal:       24743736 kB
Node 0 MemFree:        24017344 kB
Node 0 MemUsed:          726392 kB
Node 0 Active:            58880 kB
Node 0 Inactive:          50628 kB
Node 0 Active(anon):      15340 kB
Node 0 Inactive(anon):      544 kB
Node 0 Active(file):      43540 kB
Node 0 Inactive(file):    50084 kB
Node 0 Unevictable:        1200 kB
Node 0 Mlocked:            1200 kB
Node 0 Dirty:                24 kB
Node 0 Writeback:             0 kB
Node 0 FilePages:         95600 kB
Node 0 Mapped:            15000 kB
Node 0 AnonPages:         15108 kB
Node 0 Shmem:               776 kB
Node 0 KernelStack:        2120 kB
Node 0 PageTables:          408 kB
Node 0 NFS_Unstable:          0 kB
Node 0 Bounce:                0 kB
Node 0 WritebackTmp:          0 kB
Node 0 KReclaimable:      24904 kB
Node 0 Slab:              68212 kB
Node 0 SReclaimable:      24904 kB
Node 0 SUnreclaim:        43308 kB
Node 0 AnonHugePages:         0 kB
Node 0 ShmemHugePages:        0 kB
Node 0 ShmemPmdMapped:        0 kB
Node 0 FileHugePages:        0 kB
Node 0 FilePmdMapped:        0 kB
Node 0 HugePages_Total:     0
Node 0 HugePages_Free:      0
Node 0 HugePages_Surp:      0

Node 1 MemTotal:       24686196 kB
Node 1 MemFree:        23686100 kB
Node 1 MemUsed:         1000096 kB
Node 1 Active:            44504 kB
Node 1 Inactive:          59364 kB
Node 1 Active(anon):      17492 kB
Node 1 Inactive(anon):      360 kB
Node 1 Active(file):      27012 kB
Node 1 Inactive(file):    59004 kB
Node 1 Unevictable:       17320 kB
Node 1 Mlocked:           17320 kB
Node 1 Dirty:                36 kB
Node 1 Writeback:             0 kB
Node 1 FilePages:         93544 kB
Node 1 Mapped:            48416 kB
Node 1 AnonPages:         27476 kB
Node 1 Shmem:               536 kB
Node 1 KernelStack:        2600 kB
Node 1 PageTables:          856 kB
Node 1 NFS_Unstable:          0 kB
Node 1 Bounce:                0 kB
Node 1 WritebackTmp:          0 kB
Node 1 KReclaimable:      19260 kB
Node 1 Slab:              56852 kB
Node 1 SReclaimable:      19260 kB
Node 1 SUnreclaim:        37592 kB
Node 1 AnonHugePages:         0 kB
Node 1 ShmemHugePages:        0 kB
Node 1 ShmemPmdMapped:        0 kB
Node 1 FileHugePages:        0 kB
Node 1 FilePmdMapped:        0 kB
Node 1 HugePages_Total:     0
Node 1 HugePages_Free:      0
Node 1 HugePages_Surp:      0

After Opposite Node
Node 0 MemTotal:       24743736 kB
Node 0 MemFree:        24016088 kB
Node 0 MemUsed:          727648 kB
Node 0 Active:            59040 kB
Node 0 Inactive:          50652 kB
Node 0 Active(anon):      15472 kB
Node 0 Inactive(anon):      572 kB
Node 0 Active(file):      43568 kB
Node 0 Inactive(file):    50080 kB
Node 0 Unevictable:        1200 kB
Node 0 Mlocked:            1200 kB
Node 0 Dirty:                44 kB
Node 0 Writeback:             0 kB
Node 0 FilePages:         95668 kB
Node 0 Mapped:            15044 kB
Node 0 AnonPages:         15132 kB
Node 0 Shmem:               820 kB
Node 0 KernelStack:        2216 kB
Node 0 PageTables:          532 kB
Node 0 NFS_Unstable:          0 kB
Node 0 Bounce:                0 kB
Node 0 WritebackTmp:          0 kB
Node 0 KReclaimable:      24944 kB
Node 0 Slab:              68492 kB
Node 0 SReclaimable:      24944 kB
Node 0 SUnreclaim:        43548 kB
Node 0 AnonHugePages:         0 kB
Node 0 ShmemHugePages:        0 kB
Node 0 ShmemPmdMapped:        0 kB
Node 0 FileHugePages:        0 kB
Node 0 FilePmdMapped:        0 kB
Node 0 HugePages_Total:     0
Node 0 HugePages_Free:      0
Node 0 HugePages_Surp:      0

Node 1 MemTotal:       24686196 kB
Node 1 MemFree:        23686428 kB
Node 1 MemUsed:          999768 kB
Node 1 Active:            44520 kB
Node 1 Inactive:          59172 kB
Node 1 Active(anon):      17340 kB
Node 1 Inactive(anon):      328 kB
Node 1 Active(file):      27180 kB
Node 1 Inactive(file):    58844 kB
Node 1 Unevictable:       17320 kB
Node 1 Mlocked:           17320 kB
Node 1 Dirty:                44 kB
Node 1 Writeback:             0 kB
Node 1 FilePages:         93508 kB
Node 1 Mapped:            48356 kB
Node 1 AnonPages:         27500 kB
Node 1 Shmem:               492 kB
Node 1 KernelStack:        2536 kB
Node 1 PageTables:          676 kB
Node 1 NFS_Unstable:          0 kB
Node 1 Bounce:                0 kB
Node 1 WritebackTmp:          0 kB
Node 1 KReclaimable:      19260 kB
Node 1 Slab:              56644 kB
Node 1 SReclaimable:      19260 kB
Node 1 SUnreclaim:        37384 kB
Node 1 AnonHugePages:         0 kB
Node 1 ShmemHugePages:        0 kB
Node 1 ShmemPmdMapped:        0 kB
Node 1 FileHugePages:        0 kB
Node 1 FilePmdMapped:        0 kB
Node 1 HugePages_Total:     0
Node 1 HugePages_Free:      0
Node 1 HugePages_Surp:      0

U.1.8Mfio.500M.1.O Complete!
