U.1.2Mfio.4G.3.O
Begin
Node 0 MemTotal:       24743736 kB
Node 0 MemFree:        24512788 kB
Node 0 MemUsed:          230948 kB
Node 0 Active:            54680 kB
Node 0 Inactive:          29196 kB
Node 0 Active(anon):      17852 kB
Node 0 Inactive(anon):      460 kB
Node 0 Active(file):      36828 kB
Node 0 Inactive(file):    28736 kB
Node 0 Unevictable:         508 kB
Node 0 Mlocked:             508 kB
Node 0 Dirty:               312 kB
Node 0 Writeback:             0 kB
Node 0 FilePages:         66740 kB
Node 0 Mapped:            15884 kB
Node 0 AnonPages:         17640 kB
Node 0 Shmem:               672 kB
Node 0 KernelStack:        1896 kB
Node 0 PageTables:          424 kB
Node 0 NFS_Unstable:          0 kB
Node 0 Bounce:                0 kB
Node 0 WritebackTmp:          0 kB
Node 0 KReclaimable:      23208 kB
Node 0 Slab:              58820 kB
Node 0 SReclaimable:      23208 kB
Node 0 SUnreclaim:        35612 kB
Node 0 AnonHugePages:         0 kB
Node 0 ShmemHugePages:        0 kB
Node 0 ShmemPmdMapped:        0 kB
Node 0 FileHugePages:        0 kB
Node 0 FilePmdMapped:        0 kB
Node 0 HugePages_Total:     0
Node 0 HugePages_Free:      0
Node 0 HugePages_Surp:      0

Node 1 MemTotal:       24686196 kB
Node 1 MemFree:        24282384 kB
Node 1 MemUsed:          403812 kB
Node 1 Active:            41724 kB
Node 1 Inactive:          82324 kB
Node 1 Active(anon):      16228 kB
Node 1 Inactive(anon):      404 kB
Node 1 Active(file):      25496 kB
Node 1 Inactive(file):    81920 kB
Node 1 Unevictable:       18016 kB
Node 1 Mlocked:           18016 kB
Node 1 Dirty:               108 kB
Node 1 Writeback:             0 kB
Node 1 FilePages:        115852 kB
Node 1 Mapped:            47072 kB
Node 1 AnonPages:         26380 kB
Node 1 Shmem:               596 kB
Node 1 KernelStack:        1704 kB
Node 1 PageTables:          608 kB
Node 1 NFS_Unstable:          0 kB
Node 1 Bounce:                0 kB
Node 1 WritebackTmp:          0 kB
Node 1 KReclaimable:      18528 kB
Node 1 Slab:              46644 kB
Node 1 SReclaimable:      18528 kB
Node 1 SUnreclaim:        28116 kB
Node 1 AnonHugePages:         0 kB
Node 1 ShmemHugePages:        0 kB
Node 1 ShmemPmdMapped:        0 kB
Node 1 FileHugePages:        0 kB
Node 1 FilePmdMapped:        0 kB
Node 1 HugePages_Total:     0
Node 1 HugePages_Free:      0
Node 1 HugePages_Surp:      0

Load ZFS
Node 0 MemTotal:       24743736 kB
Node 0 MemFree:        24507956 kB
Node 0 MemUsed:          235780 kB
Node 0 Active:            59236 kB
Node 0 Inactive:          29200 kB
Node 0 Active(anon):      21212 kB
Node 0 Inactive(anon):      460 kB
Node 0 Active(file):      38024 kB
Node 0 Inactive(file):    28740 kB
Node 0 Unevictable:         508 kB
Node 0 Mlocked:             508 kB
Node 0 Dirty:                88 kB
Node 0 Writeback:             0 kB
Node 0 FilePages:         67940 kB
Node 0 Mapped:            15852 kB
Node 0 AnonPages:         21100 kB
Node 0 Shmem:               672 kB
Node 0 KernelStack:        1912 kB
Node 0 PageTables:          528 kB
Node 0 NFS_Unstable:          0 kB
Node 0 Bounce:                0 kB
Node 0 WritebackTmp:          0 kB
Node 0 KReclaimable:      23740 kB
Node 0 Slab:              60696 kB
Node 0 SReclaimable:      23740 kB
Node 0 SUnreclaim:        36956 kB
Node 0 AnonHugePages:         0 kB
Node 0 ShmemHugePages:        0 kB
Node 0 ShmemPmdMapped:        0 kB
Node 0 FileHugePages:        0 kB
Node 0 FilePmdMapped:        0 kB
Node 0 HugePages_Total:     0
Node 0 HugePages_Free:      0
Node 0 HugePages_Surp:      0

Node 1 MemTotal:       24686196 kB
Node 1 MemFree:        24278876 kB
Node 1 MemUsed:          407320 kB
Node 1 Active:            49208 kB
Node 1 Inactive:          78256 kB
Node 1 Active(anon):      18128 kB
Node 1 Inactive(anon):      408 kB
Node 1 Active(file):      31080 kB
Node 1 Inactive(file):    77848 kB
Node 1 Unevictable:       18016 kB
Node 1 Mlocked:           18016 kB
Node 1 Dirty:               200 kB
Node 1 Writeback:             0 kB
Node 1 FilePages:        117212 kB
Node 1 Mapped:            47200 kB
Node 1 AnonPages:         28188 kB
Node 1 Shmem:               596 kB
Node 1 KernelStack:        1880 kB
Node 1 PageTables:          996 kB
Node 1 NFS_Unstable:          0 kB
Node 1 Bounce:                0 kB
Node 1 WritebackTmp:          0 kB
Node 1 KReclaimable:      19084 kB
Node 1 Slab:              48504 kB
Node 1 SReclaimable:      19084 kB
Node 1 SUnreclaim:        29420 kB
Node 1 AnonHugePages:         0 kB
Node 1 ShmemHugePages:        0 kB
Node 1 ShmemPmdMapped:        0 kB
Node 1 FileHugePages:        0 kB
Node 1 FilePmdMapped:        0 kB
Node 1 HugePages_Total:     0
Node 1 HugePages_Free:      0
Node 1 HugePages_Surp:      0

Import tank ZPool
Node 0 MemTotal:       24743736 kB
Node 0 MemFree:        24509468 kB
Node 0 MemUsed:          234268 kB
Node 0 Active:            59268 kB
Node 0 Inactive:          29164 kB
Node 0 Active(anon):      21208 kB
Node 0 Inactive(anon):      460 kB
Node 0 Active(file):      38060 kB
Node 0 Inactive(file):    28704 kB
Node 0 Unevictable:         508 kB
Node 0 Mlocked:             508 kB
Node 0 Dirty:               116 kB
Node 0 Writeback:             0 kB
Node 0 FilePages:         67936 kB
Node 0 Mapped:            15920 kB
Node 0 AnonPages:         21100 kB
Node 0 Shmem:               668 kB
Node 0 KernelStack:        1912 kB
Node 0 PageTables:          528 kB
Node 0 NFS_Unstable:          0 kB
Node 0 Bounce:                0 kB
Node 0 WritebackTmp:          0 kB
Node 0 KReclaimable:      23740 kB
Node 0 Slab:              60692 kB
Node 0 SReclaimable:      23740 kB
Node 0 SUnreclaim:        36952 kB
Node 0 AnonHugePages:         0 kB
Node 0 ShmemHugePages:        0 kB
Node 0 ShmemPmdMapped:        0 kB
Node 0 FileHugePages:        0 kB
Node 0 FilePmdMapped:        0 kB
Node 0 HugePages_Total:     0
Node 0 HugePages_Free:      0
Node 0 HugePages_Surp:      0

Node 1 MemTotal:       24686196 kB
Node 1 MemFree:        24256644 kB
Node 1 MemUsed:          429552 kB
Node 1 Active:            49964 kB
Node 1 Inactive:          79448 kB
Node 1 Active(anon):      18504 kB
Node 1 Inactive(anon):      412 kB
Node 1 Active(file):      31460 kB
Node 1 Inactive(file):    79036 kB
Node 1 Unevictable:       18016 kB
Node 1 Mlocked:           18016 kB
Node 1 Dirty:               224 kB
Node 1 Writeback:             0 kB
Node 1 FilePages:        118784 kB
Node 1 Mapped:            47240 kB
Node 1 AnonPages:         28284 kB
Node 1 Shmem:               600 kB
Node 1 KernelStack:        3000 kB
Node 1 PageTables:         1084 kB
Node 1 NFS_Unstable:          0 kB
Node 1 Bounce:                0 kB
Node 1 WritebackTmp:          0 kB
Node 1 KReclaimable:      19208 kB
Node 1 Slab:              55388 kB
Node 1 SReclaimable:      19208 kB
Node 1 SUnreclaim:        36180 kB
Node 1 AnonHugePages:         0 kB
Node 1 ShmemHugePages:        0 kB
Node 1 ShmemPmdMapped:        0 kB
Node 1 FileHugePages:        0 kB
Node 1 FilePmdMapped:        0 kB
Node 1 HugePages_Total:     0
Node 1 HugePages_Free:      0
Node 1 HugePages_Surp:      0

After Test
Node 0 MemTotal:       24743736 kB
Node 0 MemFree:        24042032 kB
Node 0 MemUsed:          701704 kB
Node 0 Active:            55928 kB
Node 0 Inactive:          29124 kB
Node 0 Active(anon):      17828 kB
Node 0 Inactive(anon):      460 kB
Node 0 Active(file):      38100 kB
Node 0 Inactive(file):    28664 kB
Node 0 Unevictable:         508 kB
Node 0 Mlocked:             508 kB
Node 0 Dirty:                16 kB
Node 0 Writeback:             0 kB
Node 0 FilePages:         67936 kB
Node 0 Mapped:            15852 kB
Node 0 AnonPages:         17620 kB
Node 0 Shmem:               668 kB
Node 0 KernelStack:        1816 kB
Node 0 PageTables:          424 kB
Node 0 NFS_Unstable:          0 kB
Node 0 Bounce:                0 kB
Node 0 WritebackTmp:          0 kB
Node 0 KReclaimable:      23976 kB
Node 0 Slab:              64036 kB
Node 0 SReclaimable:      23976 kB
Node 0 SUnreclaim:        40060 kB
Node 0 AnonHugePages:         0 kB
Node 0 ShmemHugePages:        0 kB
Node 0 ShmemPmdMapped:        0 kB
Node 0 FileHugePages:        0 kB
Node 0 FilePmdMapped:        0 kB
Node 0 HugePages_Total:     0
Node 0 HugePages_Free:      0
Node 0 HugePages_Surp:      0

Node 1 MemTotal:       24686196 kB
Node 1 MemFree:        19686696 kB
Node 1 MemUsed:         4999500 kB
Node 1 Active:            47832 kB
Node 1 Inactive:          80404 kB
Node 1 Active(anon):      15256 kB
Node 1 Inactive(anon):      436 kB
Node 1 Active(file):      32576 kB
Node 1 Inactive(file):    79968 kB
Node 1 Unevictable:       18016 kB
Node 1 Mlocked:           18016 kB
Node 1 Dirty:                 8 kB
Node 1 Writeback:             0 kB
Node 1 FilePages:        120876 kB
Node 1 Mapped:            47272 kB
Node 1 AnonPages:         25296 kB
Node 1 Shmem:               644 kB
Node 1 KernelStack:        2792 kB
Node 1 PageTables:          744 kB
Node 1 NFS_Unstable:          0 kB
Node 1 Bounce:                0 kB
Node 1 WritebackTmp:          0 kB
Node 1 KReclaimable:      20556 kB
Node 1 Slab:              74744 kB
Node 1 SReclaimable:      20556 kB
Node 1 SUnreclaim:        54188 kB
Node 1 AnonHugePages:         0 kB
Node 1 ShmemHugePages:        0 kB
Node 1 ShmemPmdMapped:        0 kB
Node 1 FileHugePages:        0 kB
Node 1 FilePmdMapped:        0 kB
Node 1 HugePages_Total:     0
Node 1 HugePages_Free:      0
Node 1 HugePages_Surp:      0

After Opposite Node
Node 0 MemTotal:       24743736 kB
Node 0 MemFree:        24037424 kB
Node 0 MemUsed:          706312 kB
Node 0 Active:            56096 kB
Node 0 Inactive:          29156 kB
Node 0 Active(anon):      17992 kB
Node 0 Inactive(anon):      484 kB
Node 0 Active(file):      38104 kB
Node 0 Inactive(file):    28672 kB
Node 0 Unevictable:         508 kB
Node 0 Mlocked:             508 kB
Node 0 Dirty:                36 kB
Node 0 Writeback:             0 kB
Node 0 FilePages:         67992 kB
Node 0 Mapped:            15896 kB
Node 0 AnonPages:         17688 kB
Node 0 Shmem:               712 kB
Node 0 KernelStack:        1832 kB
Node 0 PageTables:          544 kB
Node 0 NFS_Unstable:          0 kB
Node 0 Bounce:                0 kB
Node 0 WritebackTmp:          0 kB
Node 0 KReclaimable:      24008 kB
Node 0 Slab:              65172 kB
Node 0 SReclaimable:      24008 kB
Node 0 SUnreclaim:        41164 kB
Node 0 AnonHugePages:         0 kB
Node 0 ShmemHugePages:        0 kB
Node 0 ShmemPmdMapped:        0 kB
Node 0 FileHugePages:        0 kB
Node 0 FilePmdMapped:        0 kB
Node 0 HugePages_Total:     0
Node 0 HugePages_Free:      0
Node 0 HugePages_Surp:      0

Node 1 MemTotal:       24686196 kB
Node 1 MemFree:        19687312 kB
Node 1 MemUsed:         4998884 kB
Node 1 Active:            47884 kB
Node 1 Inactive:          80192 kB
Node 1 Active(anon):      15100 kB
Node 1 Inactive(anon):      412 kB
Node 1 Active(file):      32784 kB
Node 1 Inactive(file):    79780 kB
Node 1 Unevictable:       18016 kB
Node 1 Mlocked:           18016 kB
Node 1 Dirty:                32 kB
Node 1 Writeback:             0 kB
Node 1 FilePages:        120860 kB
Node 1 Mapped:            47256 kB
Node 1 AnonPages:         25240 kB
Node 1 Shmem:               600 kB
Node 1 KernelStack:        2776 kB
Node 1 PageTables:          632 kB
Node 1 NFS_Unstable:          0 kB
Node 1 Bounce:                0 kB
Node 1 WritebackTmp:          0 kB
Node 1 KReclaimable:      20556 kB
Node 1 Slab:              74712 kB
Node 1 SReclaimable:      20556 kB
Node 1 SUnreclaim:        54156 kB
Node 1 AnonHugePages:         0 kB
Node 1 ShmemHugePages:        0 kB
Node 1 ShmemPmdMapped:        0 kB
Node 1 FileHugePages:        0 kB
Node 1 FilePmdMapped:        0 kB
Node 1 HugePages_Total:     0
Node 1 HugePages_Free:      0
Node 1 HugePages_Surp:      0

U.1.2Mfio.4G.3.O Complete!
