U.1.8Mfio.4G.3.O
Begin
Node 0 MemTotal:       24743736 kB
Node 0 MemFree:        24355980 kB
Node 0 MemUsed:          387756 kB
Node 0 Active:            46792 kB
Node 0 Inactive:          55792 kB
Node 0 Active(anon):      22280 kB
Node 0 Inactive(anon):      332 kB
Node 0 Active(file):      24512 kB
Node 0 Inactive(file):    55460 kB
Node 0 Unevictable:        4804 kB
Node 0 Mlocked:            4804 kB
Node 0 Dirty:               388 kB
Node 0 Writeback:             0 kB
Node 0 FilePages:         85292 kB
Node 0 Mapped:            42276 kB
Node 0 AnonPages:         22100 kB
Node 0 Shmem:               516 kB
Node 0 KernelStack:        2360 kB
Node 0 PageTables:          668 kB
Node 0 NFS_Unstable:          0 kB
Node 0 Bounce:                0 kB
Node 0 WritebackTmp:          0 kB
Node 0 KReclaimable:      21996 kB
Node 0 Slab:              62872 kB
Node 0 SReclaimable:      21996 kB
Node 0 SUnreclaim:        40876 kB
Node 0 AnonHugePages:         0 kB
Node 0 ShmemHugePages:        0 kB
Node 0 ShmemPmdMapped:        0 kB
Node 0 FileHugePages:        0 kB
Node 0 FilePmdMapped:        0 kB
Node 0 HugePages_Total:     0
Node 0 HugePages_Free:      0
Node 0 HugePages_Surp:      0

Node 1 MemTotal:       24686196 kB
Node 1 MemFree:        24446368 kB
Node 1 MemUsed:          239828 kB
Node 1 Active:            48688 kB
Node 1 Inactive:          51068 kB
Node 1 Active(anon):      10944 kB
Node 1 Inactive(anon):      548 kB
Node 1 Active(file):      37744 kB
Node 1 Inactive(file):    50520 kB
Node 1 Unevictable:       13720 kB
Node 1 Mlocked:           13720 kB
Node 1 Dirty:               136 kB
Node 1 Writeback:             0 kB
Node 1 FilePages:         92408 kB
Node 1 Mapped:            16684 kB
Node 1 AnonPages:         21144 kB
Node 1 Shmem:               752 kB
Node 1 KernelStack:        1272 kB
Node 1 PageTables:          412 kB
Node 1 NFS_Unstable:          0 kB
Node 1 Bounce:                0 kB
Node 1 WritebackTmp:          0 kB
Node 1 KReclaimable:      19888 kB
Node 1 Slab:              43220 kB
Node 1 SReclaimable:      19888 kB
Node 1 SUnreclaim:        23332 kB
Node 1 AnonHugePages:         0 kB
Node 1 ShmemHugePages:        0 kB
Node 1 ShmemPmdMapped:        0 kB
Node 1 FileHugePages:        0 kB
Node 1 FilePmdMapped:        0 kB
Node 1 HugePages_Total:     0
Node 1 HugePages_Free:      0
Node 1 HugePages_Surp:      0

Load ZFS
Node 0 MemTotal:       24743736 kB
Node 0 MemFree:        24350872 kB
Node 0 MemUsed:          392864 kB
Node 0 Active:            54272 kB
Node 0 Inactive:          51856 kB
Node 0 Active(anon):      24472 kB
Node 0 Inactive(anon):      332 kB
Node 0 Active(file):      29800 kB
Node 0 Inactive(file):    51524 kB
Node 0 Unevictable:        4804 kB
Node 0 Mlocked:            4804 kB
Node 0 Dirty:               420 kB
Node 0 Writeback:             0 kB
Node 0 FilePages:         86640 kB
Node 0 Mapped:            42244 kB
Node 0 AnonPages:         24276 kB
Node 0 Shmem:               516 kB
Node 0 KernelStack:        2360 kB
Node 0 PageTables:          860 kB
Node 0 NFS_Unstable:          0 kB
Node 0 Bounce:                0 kB
Node 0 WritebackTmp:          0 kB
Node 0 KReclaimable:      22512 kB
Node 0 Slab:              64184 kB
Node 0 SReclaimable:      22512 kB
Node 0 SUnreclaim:        41672 kB
Node 0 AnonHugePages:         0 kB
Node 0 ShmemHugePages:        0 kB
Node 0 ShmemPmdMapped:        0 kB
Node 0 FileHugePages:        0 kB
Node 0 FilePmdMapped:        0 kB
Node 0 HugePages_Total:     0
Node 0 HugePages_Free:      0
Node 0 HugePages_Surp:      0

Node 1 MemTotal:       24686196 kB
Node 1 MemFree:        24443072 kB
Node 1 MemUsed:          243124 kB
Node 1 Active:            49960 kB
Node 1 Inactive:          51088 kB
Node 1 Active(anon):      11048 kB
Node 1 Inactive(anon):      548 kB
Node 1 Active(file):      38912 kB
Node 1 Inactive(file):    50540 kB
Node 1 Unevictable:       13720 kB
Node 1 Mlocked:           13720 kB
Node 1 Dirty:               136 kB
Node 1 Writeback:             0 kB
Node 1 FilePages:         93596 kB
Node 1 Mapped:            16832 kB
Node 1 AnonPages:         21176 kB
Node 1 Shmem:               752 kB
Node 1 KernelStack:        1320 kB
Node 1 PageTables:          412 kB
Node 1 NFS_Unstable:          0 kB
Node 1 Bounce:                0 kB
Node 1 WritebackTmp:          0 kB
Node 1 KReclaimable:      20404 kB
Node 1 Slab:              45204 kB
Node 1 SReclaimable:      20404 kB
Node 1 SUnreclaim:        24800 kB
Node 1 AnonHugePages:         0 kB
Node 1 ShmemHugePages:        0 kB
Node 1 ShmemPmdMapped:        0 kB
Node 1 FileHugePages:        0 kB
Node 1 FilePmdMapped:        0 kB
Node 1 HugePages_Total:     0
Node 1 HugePages_Free:      0
Node 1 HugePages_Surp:      0

Import tank ZPool
Node 0 MemTotal:       24743736 kB
Node 0 MemFree:        24328668 kB
Node 0 MemUsed:          415068 kB
Node 0 Active:            52932 kB
Node 0 Inactive:          52972 kB
Node 0 Active(anon):      22768 kB
Node 0 Inactive(anon):      332 kB
Node 0 Active(file):      30164 kB
Node 0 Inactive(file):    52640 kB
Node 0 Unevictable:        4804 kB
Node 0 Mlocked:            4804 kB
Node 0 Dirty:               232 kB
Node 0 Writeback:             0 kB
Node 0 FilePages:         88116 kB
Node 0 Mapped:            42480 kB
Node 0 AnonPages:         22640 kB
Node 0 Shmem:               512 kB
Node 0 KernelStack:        3416 kB
Node 0 PageTables:          712 kB
Node 0 NFS_Unstable:          0 kB
Node 0 Bounce:                0 kB
Node 0 WritebackTmp:          0 kB
Node 0 KReclaimable:      22616 kB
Node 0 Slab:              70796 kB
Node 0 SReclaimable:      22616 kB
Node 0 SUnreclaim:        48180 kB
Node 0 AnonHugePages:         0 kB
Node 0 ShmemHugePages:        0 kB
Node 0 ShmemPmdMapped:        0 kB
Node 0 FileHugePages:        0 kB
Node 0 FilePmdMapped:        0 kB
Node 0 HugePages_Total:     0
Node 0 HugePages_Free:      0
Node 0 HugePages_Surp:      0

Node 1 MemTotal:       24686196 kB
Node 1 MemFree:        24442100 kB
Node 1 MemUsed:          244096 kB
Node 1 Active:            49944 kB
Node 1 Inactive:          51060 kB
Node 1 Active(anon):      10920 kB
Node 1 Inactive(anon):      552 kB
Node 1 Active(file):      39024 kB
Node 1 Inactive(file):    50508 kB
Node 1 Unevictable:       13720 kB
Node 1 Mlocked:           13720 kB
Node 1 Dirty:               140 kB
Node 1 Writeback:             0 kB
Node 1 FilePages:         93720 kB
Node 1 Mapped:            16740 kB
Node 1 AnonPages:         20824 kB
Node 1 Shmem:               756 kB
Node 1 KernelStack:        1352 kB
Node 1 PageTables:          484 kB
Node 1 NFS_Unstable:          0 kB
Node 1 Bounce:                0 kB
Node 1 WritebackTmp:          0 kB
Node 1 KReclaimable:      20412 kB
Node 1 Slab:              46512 kB
Node 1 SReclaimable:      20412 kB
Node 1 SUnreclaim:        26100 kB
Node 1 AnonHugePages:         0 kB
Node 1 ShmemHugePages:        0 kB
Node 1 ShmemPmdMapped:        0 kB
Node 1 FileHugePages:        0 kB
Node 1 FilePmdMapped:        0 kB
Node 1 HugePages_Total:     0
Node 1 HugePages_Free:      0
Node 1 HugePages_Surp:      0

After Test
Node 0 MemTotal:       24743736 kB
Node 0 MemFree:        23760328 kB
Node 0 MemUsed:          983408 kB
Node 0 Active:            52848 kB
Node 0 Inactive:          52776 kB
Node 0 Active(anon):      22456 kB
Node 0 Inactive(anon):      332 kB
Node 0 Active(file):      30392 kB
Node 0 Inactive(file):    52444 kB
Node 0 Unevictable:        4804 kB
Node 0 Mlocked:            4804 kB
Node 0 Dirty:                24 kB
Node 0 Writeback:             0 kB
Node 0 FilePages:         88148 kB
Node 0 Mapped:            42244 kB
Node 0 AnonPages:         22276 kB
Node 0 Shmem:               512 kB
Node 0 KernelStack:        3288 kB
Node 0 PageTables:          668 kB
Node 0 NFS_Unstable:          0 kB
Node 0 Bounce:                0 kB
Node 0 WritebackTmp:          0 kB
Node 0 KReclaimable:      22616 kB
Node 0 Slab:              72556 kB
Node 0 SReclaimable:      22616 kB
Node 0 SUnreclaim:        49940 kB
Node 0 AnonHugePages:         0 kB
Node 0 ShmemHugePages:        0 kB
Node 0 ShmemPmdMapped:        0 kB
Node 0 FileHugePages:        0 kB
Node 0 FilePmdMapped:        0 kB
Node 0 HugePages_Total:     0
Node 0 HugePages_Free:      0
Node 0 HugePages_Surp:      0

Node 1 MemTotal:       24686196 kB
Node 1 MemFree:        19971024 kB
Node 1 MemUsed:         4715172 kB
Node 1 Active:            50472 kB
Node 1 Inactive:          52248 kB
Node 1 Active(anon):      10588 kB
Node 1 Inactive(anon):      580 kB
Node 1 Active(file):      39884 kB
Node 1 Inactive(file):    51668 kB
Node 1 Unevictable:       13720 kB
Node 1 Mlocked:           13720 kB
Node 1 Dirty:                 8 kB
Node 1 Writeback:             0 kB
Node 1 FilePages:         95744 kB
Node 1 Mapped:            16944 kB
Node 1 AnonPages:         20524 kB
Node 1 Shmem:               800 kB
Node 1 KernelStack:        1320 kB
Node 1 PageTables:          612 kB
Node 1 NFS_Unstable:          0 kB
Node 1 Bounce:                0 kB
Node 1 WritebackTmp:          0 kB
Node 1 KReclaimable:      21788 kB
Node 1 Slab:              66536 kB
Node 1 SReclaimable:      21788 kB
Node 1 SUnreclaim:        44748 kB
Node 1 AnonHugePages:         0 kB
Node 1 ShmemHugePages:        0 kB
Node 1 ShmemPmdMapped:        0 kB
Node 1 FileHugePages:        0 kB
Node 1 FilePmdMapped:        0 kB
Node 1 HugePages_Total:     0
Node 1 HugePages_Free:      0
Node 1 HugePages_Surp:      0

After Opposite Node
Node 0 MemTotal:       24743736 kB
Node 0 MemFree:        23758744 kB
Node 0 MemUsed:          984992 kB
Node 0 Active:            53036 kB
Node 0 Inactive:          52800 kB
Node 0 Active(anon):      22616 kB
Node 0 Inactive(anon):      360 kB
Node 0 Active(file):      30420 kB
Node 0 Inactive(file):    52440 kB
Node 0 Unevictable:        4804 kB
Node 0 Mlocked:            4804 kB
Node 0 Dirty:                56 kB
Node 0 Writeback:             0 kB
Node 0 FilePages:         88216 kB
Node 0 Mapped:            42288 kB
Node 0 AnonPages:         22332 kB
Node 0 Shmem:               556 kB
Node 0 KernelStack:        3320 kB
Node 0 PageTables:          780 kB
Node 0 NFS_Unstable:          0 kB
Node 0 Bounce:                0 kB
Node 0 WritebackTmp:          0 kB
Node 0 KReclaimable:      22664 kB
Node 0 Slab:              73720 kB
Node 0 SReclaimable:      22664 kB
Node 0 SUnreclaim:        51056 kB
Node 0 AnonHugePages:         0 kB
Node 0 ShmemHugePages:        0 kB
Node 0 ShmemPmdMapped:        0 kB
Node 0 FileHugePages:        0 kB
Node 0 FilePmdMapped:        0 kB
Node 0 HugePages_Total:     0
Node 0 HugePages_Free:      0
Node 0 HugePages_Surp:      0

Node 1 MemTotal:       24686196 kB
Node 1 MemFree:        19973152 kB
Node 1 MemUsed:         4713044 kB
Node 1 Active:            50472 kB
Node 1 Inactive:          52008 kB
Node 1 Active(anon):      10360 kB
Node 1 Inactive(anon):      552 kB
Node 1 Active(file):      40112 kB
Node 1 Inactive(file):    51456 kB
Node 1 Unevictable:       13720 kB
Node 1 Mlocked:           13720 kB
Node 1 Dirty:                36 kB
Node 1 Writeback:             0 kB
Node 1 FilePages:         95716 kB
Node 1 Mapped:            16908 kB
Node 1 AnonPages:         20484 kB
Node 1 Shmem:               756 kB
Node 1 KernelStack:        1272 kB
Node 1 PageTables:          412 kB
Node 1 NFS_Unstable:          0 kB
Node 1 Bounce:                0 kB
Node 1 WritebackTmp:          0 kB
Node 1 KReclaimable:      21788 kB
Node 1 Slab:              66372 kB
Node 1 SReclaimable:      21788 kB
Node 1 SUnreclaim:        44584 kB
Node 1 AnonHugePages:         0 kB
Node 1 ShmemHugePages:        0 kB
Node 1 ShmemPmdMapped:        0 kB
Node 1 FileHugePages:        0 kB
Node 1 FilePmdMapped:        0 kB
Node 1 HugePages_Total:     0
Node 1 HugePages_Free:      0
Node 1 HugePages_Surp:      0

U.1.8Mfio.4G.3.O Complete!
