U.0.huge-simpleread.2-1G.1.O.1M
Begin
Node 0 MemTotal:       24743736 kB
Node 0 MemFree:        24534780 kB
Node 0 MemUsed:          208956 kB
Node 0 Active:            40768 kB
Node 0 Inactive:          25224 kB
Node 0 Active(anon):      17868 kB
Node 0 Inactive(anon):      280 kB
Node 0 Active(file):      22900 kB
Node 0 Inactive(file):    24944 kB
Node 0 Unevictable:        5712 kB
Node 0 Mlocked:            5712 kB
Node 0 Dirty:               284 kB
Node 0 Writeback:             0 kB
Node 0 FilePages:         54064 kB
Node 0 Mapped:            21692 kB
Node 0 AnonPages:         17760 kB
Node 0 Shmem:               476 kB
Node 0 KernelStack:        2296 kB
Node 0 PageTables:          584 kB
Node 0 NFS_Unstable:          0 kB
Node 0 Bounce:                0 kB
Node 0 WritebackTmp:          0 kB
Node 0 KReclaimable:      20188 kB
Node 0 Slab:              55624 kB
Node 0 SReclaimable:      20188 kB
Node 0 SUnreclaim:        35436 kB
Node 0 AnonHugePages:         0 kB
Node 0 ShmemHugePages:        0 kB
Node 0 ShmemPmdMapped:        0 kB
Node 0 FileHugePages:        0 kB
Node 0 FilePmdMapped:        0 kB
Node 0 HugePages_Total:     0
Node 0 HugePages_Free:      0
Node 0 HugePages_Surp:      0

Node 1 MemTotal:       24686196 kB
Node 1 MemFree:        24282044 kB
Node 1 MemUsed:          404152 kB
Node 1 Active:            54720 kB
Node 1 Inactive:          67484 kB
Node 1 Active(anon):      16284 kB
Node 1 Inactive(anon):      600 kB
Node 1 Active(file):      38436 kB
Node 1 Inactive(file):    66884 kB
Node 1 Unevictable:       12812 kB
Node 1 Mlocked:           12812 kB
Node 1 Dirty:               148 kB
Node 1 Writeback:             0 kB
Node 1 FilePages:        108604 kB
Node 1 Mapped:            28720 kB
Node 1 AnonPages:         26420 kB
Node 1 Shmem:               792 kB
Node 1 KernelStack:        1336 kB
Node 1 PageTables:          536 kB
Node 1 NFS_Unstable:          0 kB
Node 1 Bounce:                0 kB
Node 1 WritebackTmp:          0 kB
Node 1 KReclaimable:      22144 kB
Node 1 Slab:              50632 kB
Node 1 SReclaimable:      22144 kB
Node 1 SUnreclaim:        28488 kB
Node 1 AnonHugePages:         0 kB
Node 1 ShmemHugePages:        0 kB
Node 1 ShmemPmdMapped:        0 kB
Node 1 FileHugePages:        0 kB
Node 1 FilePmdMapped:        0 kB
Node 1 HugePages_Total:     0
Node 1 HugePages_Free:      0
Node 1 HugePages_Surp:      0

Load ZFS
Node 0 MemTotal:       24743736 kB
Node 0 MemFree:        24388268 kB
Node 0 MemUsed:          355468 kB
Node 0 Active:            47792 kB
Node 0 Inactive:          25364 kB
Node 0 Active(anon):      23096 kB
Node 0 Inactive(anon):      280 kB
Node 0 Active(file):      24696 kB
Node 0 Inactive(file):    25084 kB
Node 0 Unevictable:        5712 kB
Node 0 Mlocked:            5712 kB
Node 0 Dirty:               284 kB
Node 0 Writeback:             0 kB
Node 0 FilePages:         55964 kB
Node 0 Mapped:            21692 kB
Node 0 AnonPages:         22792 kB
Node 0 Shmem:               476 kB
Node 0 KernelStack:        2472 kB
Node 0 PageTables:          960 kB
Node 0 NFS_Unstable:          0 kB
Node 0 Bounce:                0 kB
Node 0 WritebackTmp:          0 kB
Node 0 KReclaimable:      20552 kB
Node 0 Slab:              57404 kB
Node 0 SReclaimable:      20552 kB
Node 0 SUnreclaim:        36852 kB
Node 0 AnonHugePages:         0 kB
Node 0 ShmemHugePages:        0 kB
Node 0 ShmemPmdMapped:        0 kB
Node 0 FileHugePages:        0 kB
Node 0 FilePmdMapped:        0 kB
Node 0 HugePages_Total:     0
Node 0 HugePages_Free:      0
Node 0 HugePages_Surp:      0

Node 1 MemTotal:       24686196 kB
Node 1 MemFree:        24416416 kB
Node 1 MemUsed:          269780 kB
Node 1 Active:            60700 kB
Node 1 Inactive:          63408 kB
Node 1 Active(anon):      17564 kB
Node 1 Inactive(anon):      600 kB
Node 1 Active(file):      43136 kB
Node 1 Inactive(file):    62808 kB
Node 1 Unevictable:       12812 kB
Node 1 Mlocked:           12812 kB
Node 1 Dirty:               208 kB
Node 1 Writeback:             0 kB
Node 1 FilePages:        109220 kB
Node 1 Mapped:            28880 kB
Node 1 AnonPages:         27788 kB
Node 1 Shmem:               792 kB
Node 1 KernelStack:        1336 kB
Node 1 PageTables:          536 kB
Node 1 NFS_Unstable:          0 kB
Node 1 Bounce:                0 kB
Node 1 WritebackTmp:          0 kB
Node 1 KReclaimable:      22548 kB
Node 1 Slab:              52204 kB
Node 1 SReclaimable:      22548 kB
Node 1 SUnreclaim:        29656 kB
Node 1 AnonHugePages:         0 kB
Node 1 ShmemHugePages:        0 kB
Node 1 ShmemPmdMapped:        0 kB
Node 1 FileHugePages:        0 kB
Node 1 FilePmdMapped:        0 kB
Node 1 HugePages_Total:     0
Node 1 HugePages_Free:      0
Node 1 HugePages_Surp:      0

Import tank ZPool
Node 0 MemTotal:       24743736 kB
Node 0 MemFree:        24368644 kB
Node 0 MemUsed:          375092 kB
Node 0 Active:            48176 kB
Node 0 Inactive:          26416 kB
Node 0 Active(anon):      23056 kB
Node 0 Inactive(anon):      284 kB
Node 0 Active(file):      25120 kB
Node 0 Inactive(file):    26132 kB
Node 0 Unevictable:        5712 kB
Node 0 Mlocked:            5712 kB
Node 0 Dirty:                64 kB
Node 0 Writeback:             0 kB
Node 0 FilePages:         57440 kB
Node 0 Mapped:            21816 kB
Node 0 AnonPages:         22948 kB
Node 0 Shmem:               476 kB
Node 0 KernelStack:        3592 kB
Node 0 PageTables:         1036 kB
Node 0 NFS_Unstable:          0 kB
Node 0 Bounce:                0 kB
Node 0 WritebackTmp:          0 kB
Node 0 KReclaimable:      20712 kB
Node 0 Slab:              64176 kB
Node 0 SReclaimable:      20712 kB
Node 0 SUnreclaim:        43464 kB
Node 0 AnonHugePages:         0 kB
Node 0 ShmemHugePages:        0 kB
Node 0 ShmemPmdMapped:        0 kB
Node 0 FileHugePages:        0 kB
Node 0 FilePmdMapped:        0 kB
Node 0 HugePages_Total:     0
Node 0 HugePages_Free:      0
Node 0 HugePages_Surp:      0

Node 1 MemTotal:       24686196 kB
Node 1 MemFree:        24417180 kB
Node 1 MemUsed:          269016 kB
Node 1 Active:            60784 kB
Node 1 Inactive:          63400 kB
Node 1 Active(anon):      17628 kB
Node 1 Inactive(anon):      600 kB
Node 1 Active(file):      43156 kB
Node 1 Inactive(file):    62800 kB
Node 1 Unevictable:       12812 kB
Node 1 Mlocked:           12812 kB
Node 1 Dirty:               240 kB
Node 1 Writeback:             0 kB
Node 1 FilePages:        109244 kB
Node 1 Mapped:            28800 kB
Node 1 AnonPages:         27856 kB
Node 1 Shmem:               792 kB
Node 1 KernelStack:        1352 kB
Node 1 PageTables:          536 kB
Node 1 NFS_Unstable:          0 kB
Node 1 Bounce:                0 kB
Node 1 WritebackTmp:          0 kB
Node 1 KReclaimable:      22548 kB
Node 1 Slab:              52188 kB
Node 1 SReclaimable:      22548 kB
Node 1 SUnreclaim:        29640 kB
Node 1 AnonHugePages:         0 kB
Node 1 ShmemHugePages:        0 kB
Node 1 ShmemPmdMapped:        0 kB
Node 1 FileHugePages:        0 kB
Node 1 FilePmdMapped:        0 kB
Node 1 HugePages_Total:     0
Node 1 HugePages_Free:      0
Node 1 HugePages_Surp:      0

After Test
Node 0 MemTotal:       24743736 kB
Node 0 MemFree:        22870044 kB
Node 0 MemUsed:         1873692 kB
Node 0 Active:            42908 kB
Node 0 Inactive:          26224 kB
Node 0 Active(anon):      17064 kB
Node 0 Inactive(anon):      284 kB
Node 0 Active(file):      25844 kB
Node 0 Inactive(file):    25940 kB
Node 0 Unevictable:        5712 kB
Node 0 Mlocked:            5712 kB
Node 0 Dirty:                 4 kB
Node 0 Writeback:             0 kB
Node 0 FilePages:         57968 kB
Node 0 Mapped:            21700 kB
Node 0 AnonPages:         16880 kB
Node 0 Shmem:               476 kB
Node 0 KernelStack:        3368 kB
Node 0 PageTables:          548 kB
Node 0 NFS_Unstable:          0 kB
Node 0 Bounce:                0 kB
Node 0 WritebackTmp:          0 kB
Node 0 KReclaimable:      20736 kB
Node 0 Slab:              71944 kB
Node 0 SReclaimable:      20736 kB
Node 0 SUnreclaim:        51208 kB
Node 0 AnonHugePages:         0 kB
Node 0 ShmemHugePages:        0 kB
Node 0 ShmemPmdMapped:        0 kB
Node 0 FileHugePages:        0 kB
Node 0 FilePmdMapped:        0 kB
Node 0 HugePages_Total:     0
Node 0 HugePages_Free:      0
Node 0 HugePages_Surp:      0

Node 1 MemTotal:       24686196 kB
Node 1 MemFree:        24041428 kB
Node 1 MemUsed:          644768 kB
Node 1 Active:            59144 kB
Node 1 Inactive:          63368 kB
Node 1 Active(anon):      15928 kB
Node 1 Inactive(anon):      600 kB
Node 1 Active(file):      43216 kB
Node 1 Inactive(file):    62768 kB
Node 1 Unevictable:       12812 kB
Node 1 Mlocked:           12812 kB
Node 1 Dirty:                72 kB
Node 1 Writeback:             0 kB
Node 1 FilePages:        109268 kB
Node 1 Mapped:            28788 kB
Node 1 AnonPages:         26064 kB
Node 1 Shmem:               792 kB
Node 1 KernelStack:        1368 kB
Node 1 PageTables:          536 kB
Node 1 NFS_Unstable:          0 kB
Node 1 Bounce:                0 kB
Node 1 WritebackTmp:          0 kB
Node 1 KReclaimable:      22572 kB
Node 1 Slab:              54252 kB
Node 1 SReclaimable:      22572 kB
Node 1 SUnreclaim:        31680 kB
Node 1 AnonHugePages:         0 kB
Node 1 ShmemHugePages:        0 kB
Node 1 ShmemPmdMapped:        0 kB
Node 1 FileHugePages:        0 kB
Node 1 FilePmdMapped:        0 kB
Node 1 HugePages_Total:     0
Node 1 HugePages_Free:      0
Node 1 HugePages_Surp:      0

After Opposite Node
Node 0 MemTotal:       24743736 kB
Node 0 MemFree:        22870688 kB
Node 0 MemUsed:         1873048 kB
Node 0 Active:            42788 kB
Node 0 Inactive:          26216 kB
Node 0 Active(anon):      16916 kB
Node 0 Inactive(anon):      284 kB
Node 0 Active(file):      25872 kB
Node 0 Inactive(file):    25932 kB
Node 0 Unevictable:        5712 kB
Node 0 Mlocked:            5712 kB
Node 0 Dirty:                24 kB
Node 0 Writeback:             0 kB
Node 0 FilePages:         57988 kB
Node 0 Mapped:            21700 kB
Node 0 AnonPages:         16724 kB
Node 0 Shmem:               476 kB
Node 0 KernelStack:        3352 kB
Node 0 PageTables:          488 kB
Node 0 NFS_Unstable:          0 kB
Node 0 Bounce:                0 kB
Node 0 WritebackTmp:          0 kB
Node 0 KReclaimable:      20744 kB
Node 0 Slab:              71868 kB
Node 0 SReclaimable:      20744 kB
Node 0 SUnreclaim:        51124 kB
Node 0 AnonHugePages:         0 kB
Node 0 ShmemHugePages:        0 kB
Node 0 ShmemPmdMapped:        0 kB
Node 0 FileHugePages:        0 kB
Node 0 FilePmdMapped:        0 kB
Node 0 HugePages_Total:     0
Node 0 HugePages_Free:      0
Node 0 HugePages_Surp:      0

Node 1 MemTotal:       24686196 kB
Node 1 MemFree:        24040304 kB
Node 1 MemUsed:          645892 kB
Node 1 Active:            59748 kB
Node 1 Inactive:          63124 kB
Node 1 Active(anon):      16280 kB
Node 1 Inactive(anon):      600 kB
Node 1 Active(file):      43468 kB
Node 1 Inactive(file):    62524 kB
Node 1 Unevictable:       12812 kB
Node 1 Mlocked:           12812 kB
Node 1 Dirty:                76 kB
Node 1 Writeback:             0 kB
Node 1 FilePages:        109276 kB
Node 1 Mapped:            28788 kB
Node 1 AnonPages:         26516 kB
Node 1 Shmem:               792 kB
Node 1 KernelStack:        1368 kB
Node 1 PageTables:          592 kB
Node 1 NFS_Unstable:          0 kB
Node 1 Bounce:                0 kB
Node 1 WritebackTmp:          0 kB
Node 1 KReclaimable:      22604 kB
Node 1 Slab:              54560 kB
Node 1 SReclaimable:      22604 kB
Node 1 SUnreclaim:        31956 kB
Node 1 AnonHugePages:         0 kB
Node 1 ShmemHugePages:        0 kB
Node 1 ShmemPmdMapped:        0 kB
Node 1 FileHugePages:        0 kB
Node 1 FilePmdMapped:        0 kB
Node 1 HugePages_Total:     0
Node 1 HugePages_Free:      0
Node 1 HugePages_Surp:      0

U.0.huge-simpleread.2-1G.1.O.1M Complete!
