U.0.huge-simpleread.250M.2.O.1M
Begin
Node 0 MemTotal:       24768352 kB
Node 0 MemFree:        24445272 kB
Node 0 MemUsed:          323080 kB
Node 0 Active:            35064 kB
Node 0 Inactive:          18516 kB
Node 0 Active(anon):      18100 kB
Node 0 Inactive(anon):      280 kB
Node 0 Active(file):      16964 kB
Node 0 Inactive(file):    18236 kB
Node 0 Unevictable:       13656 kB
Node 0 Mlocked:           13656 kB
Node 0 Dirty:                16 kB
Node 0 Writeback:             0 kB
Node 0 FilePages:         38952 kB
Node 0 Mapped:            11648 kB
Node 0 AnonPages:         28332 kB
Node 0 Shmem:               412 kB
Node 0 KernelStack:        1976 kB
Node 0 PageTables:          488 kB
Node 0 NFS_Unstable:          0 kB
Node 0 Bounce:                0 kB
Node 0 WritebackTmp:          0 kB
Node 0 KReclaimable:      14932 kB
Node 0 Slab:              42052 kB
Node 0 SReclaimable:      14932 kB
Node 0 SUnreclaim:        27120 kB
Node 0 AnonHugePages:         0 kB
Node 0 ShmemHugePages:        0 kB
Node 0 ShmemPmdMapped:        0 kB
Node 0 FileHugePages:        0 kB
Node 0 FilePmdMapped:        0 kB
Node 0 HugePages_Total:     0
Node 0 HugePages_Free:      0
Node 0 HugePages_Surp:      0

Node 1 MemTotal:       24661580 kB
Node 1 MemFree:        24333128 kB
Node 1 MemUsed:          328452 kB
Node 1 Active:            62852 kB
Node 1 Inactive:         107708 kB
Node 1 Active(anon):      16348 kB
Node 1 Inactive(anon):      596 kB
Node 1 Active(file):      46504 kB
Node 1 Inactive(file):   107112 kB
Node 1 Unevictable:        4864 kB
Node 1 Mlocked:            4864 kB
Node 1 Dirty:               400 kB
Node 1 Writeback:             0 kB
Node 1 FilePages:        159348 kB
Node 1 Mapped:            64100 kB
Node 1 AnonPages:         16108 kB
Node 1 Shmem:               856 kB
Node 1 KernelStack:        1640 kB
Node 1 PageTables:          764 kB
Node 1 NFS_Unstable:          0 kB
Node 1 Bounce:                0 kB
Node 1 WritebackTmp:          0 kB
Node 1 KReclaimable:      26684 kB
Node 1 Slab:              63988 kB
Node 1 SReclaimable:      26684 kB
Node 1 SUnreclaim:        37304 kB
Node 1 AnonHugePages:         0 kB
Node 1 ShmemHugePages:        0 kB
Node 1 ShmemPmdMapped:        0 kB
Node 1 FileHugePages:        0 kB
Node 1 FilePmdMapped:        0 kB
Node 1 HugePages_Total:     0
Node 1 HugePages_Free:      0
Node 1 HugePages_Surp:      0

Load ZFS
Node 0 MemTotal:       24768352 kB
Node 0 MemFree:        24566688 kB
Node 0 MemUsed:          201664 kB
Node 0 Active:            44528 kB
Node 0 Inactive:          15256 kB
Node 0 Active(anon):      22172 kB
Node 0 Inactive(anon):      280 kB
Node 0 Active(file):      22356 kB
Node 0 Inactive(file):    14976 kB
Node 0 Unevictable:       13656 kB
Node 0 Mlocked:           13656 kB
Node 0 Dirty:                36 kB
Node 0 Writeback:             0 kB
Node 0 FilePages:         41076 kB
Node 0 Mapped:            11808 kB
Node 0 AnonPages:         32300 kB
Node 0 Shmem:               412 kB
Node 0 KernelStack:        2072 kB
Node 0 PageTables:          708 kB
Node 0 NFS_Unstable:          0 kB
Node 0 Bounce:                0 kB
Node 0 WritebackTmp:          0 kB
Node 0 KReclaimable:      15300 kB
Node 0 Slab:              43456 kB
Node 0 SReclaimable:      15300 kB
Node 0 SUnreclaim:        28156 kB
Node 0 AnonHugePages:         0 kB
Node 0 ShmemHugePages:        0 kB
Node 0 ShmemPmdMapped:        0 kB
Node 0 FileHugePages:        0 kB
Node 0 FilePmdMapped:        0 kB
Node 0 HugePages_Total:     0
Node 0 HugePages_Free:      0
Node 0 HugePages_Surp:      0

Node 1 MemTotal:       24661580 kB
Node 1 MemFree:        24201660 kB
Node 1 MemUsed:          459920 kB
Node 1 Active:            64408 kB
Node 1 Inactive:         107028 kB
Node 1 Active(anon):      16784 kB
Node 1 Inactive(anon):      596 kB
Node 1 Active(file):      47624 kB
Node 1 Inactive(file):   106432 kB
Node 1 Unevictable:        4864 kB
Node 1 Mlocked:            4864 kB
Node 1 Dirty:               244 kB
Node 1 Writeback:             0 kB
Node 1 FilePages:        159772 kB
Node 1 Mapped:            64164 kB
Node 1 AnonPages:         16576 kB
Node 1 Shmem:               856 kB
Node 1 KernelStack:        1624 kB
Node 1 PageTables:          764 kB
Node 1 NFS_Unstable:          0 kB
Node 1 Bounce:                0 kB
Node 1 WritebackTmp:          0 kB
Node 1 KReclaimable:      27092 kB
Node 1 Slab:              66432 kB
Node 1 SReclaimable:      27092 kB
Node 1 SUnreclaim:        39340 kB
Node 1 AnonHugePages:         0 kB
Node 1 ShmemHugePages:        0 kB
Node 1 ShmemPmdMapped:        0 kB
Node 1 FileHugePages:        0 kB
Node 1 FilePmdMapped:        0 kB
Node 1 HugePages_Total:     0
Node 1 HugePages_Free:      0
Node 1 HugePages_Surp:      0

Import tank ZPool
Node 0 MemTotal:       24768352 kB
Node 0 MemFree:        24564424 kB
Node 0 MemUsed:          203928 kB
Node 0 Active:            40308 kB
Node 0 Inactive:          16432 kB
Node 0 Active(anon):      17620 kB
Node 0 Inactive(anon):      284 kB
Node 0 Active(file):      22688 kB
Node 0 Inactive(file):    16148 kB
Node 0 Unevictable:       13656 kB
Node 0 Mlocked:           13656 kB
Node 0 Dirty:                32 kB
Node 0 Writeback:             0 kB
Node 0 FilePages:         42588 kB
Node 0 Mapped:            11912 kB
Node 0 AnonPages:         27504 kB
Node 0 Shmem:               416 kB
Node 0 KernelStack:        1992 kB
Node 0 PageTables:          504 kB
Node 0 NFS_Unstable:          0 kB
Node 0 Bounce:                0 kB
Node 0 WritebackTmp:          0 kB
Node 0 KReclaimable:      15400 kB
Node 0 Slab:              48100 kB
Node 0 SReclaimable:      15400 kB
Node 0 SUnreclaim:        32700 kB
Node 0 AnonHugePages:         0 kB
Node 0 ShmemHugePages:        0 kB
Node 0 ShmemPmdMapped:        0 kB
Node 0 FileHugePages:        0 kB
Node 0 FilePmdMapped:        0 kB
Node 0 HugePages_Total:     0
Node 0 HugePages_Free:      0
Node 0 HugePages_Surp:      0

Node 1 MemTotal:       24661580 kB
Node 1 MemFree:        24189936 kB
Node 1 MemUsed:          471644 kB
Node 1 Active:            63380 kB
Node 1 Inactive:         107000 kB
Node 1 Active(anon):      15704 kB
Node 1 Inactive(anon):      596 kB
Node 1 Active(file):      47676 kB
Node 1 Inactive(file):   106404 kB
Node 1 Unevictable:        4864 kB
Node 1 Mlocked:            4864 kB
Node 1 Dirty:               168 kB
Node 1 Writeback:             0 kB
Node 1 FilePages:        159824 kB
Node 1 Mapped:            64456 kB
Node 1 AnonPages:         15448 kB
Node 1 Shmem:               852 kB
Node 1 KernelStack:        2712 kB
Node 1 PageTables:          764 kB
Node 1 NFS_Unstable:          0 kB
Node 1 Bounce:                0 kB
Node 1 WritebackTmp:          0 kB
Node 1 KReclaimable:      27112 kB
Node 1 Slab:              69000 kB
Node 1 SReclaimable:      27112 kB
Node 1 SUnreclaim:        41888 kB
Node 1 AnonHugePages:         0 kB
Node 1 ShmemHugePages:        0 kB
Node 1 ShmemPmdMapped:        0 kB
Node 1 FileHugePages:        0 kB
Node 1 FilePmdMapped:        0 kB
Node 1 HugePages_Total:     0
Node 1 HugePages_Free:      0
Node 1 HugePages_Surp:      0

After Test
Node 0 MemTotal:       24768352 kB
Node 0 MemFree:        24084588 kB
Node 0 MemUsed:          683764 kB
Node 0 Active:            41344 kB
Node 0 Inactive:          16184 kB
Node 0 Active(anon):      17948 kB
Node 0 Inactive(anon):      284 kB
Node 0 Active(file):      23396 kB
Node 0 Inactive(file):    15900 kB
Node 0 Unevictable:       13656 kB
Node 0 Mlocked:           13656 kB
Node 0 Dirty:                32 kB
Node 0 Writeback:             0 kB
Node 0 FilePages:         43044 kB
Node 0 Mapped:            11720 kB
Node 0 AnonPages:         28264 kB
Node 0 Shmem:               416 kB
Node 0 KernelStack:        2008 kB
Node 0 PageTables:          504 kB
Node 0 NFS_Unstable:          0 kB
Node 0 Bounce:                0 kB
Node 0 WritebackTmp:          0 kB
Node 0 KReclaimable:      15448 kB
Node 0 Slab:              51508 kB
Node 0 SReclaimable:      15448 kB
Node 0 SUnreclaim:        36060 kB
Node 0 AnonHugePages:         0 kB
Node 0 ShmemHugePages:        0 kB
Node 0 ShmemPmdMapped:        0 kB
Node 0 FileHugePages:        0 kB
Node 0 FilePmdMapped:        0 kB
Node 0 HugePages_Total:     0
Node 0 HugePages_Free:      0
Node 0 HugePages_Surp:      0

Node 1 MemTotal:       24661580 kB
Node 1 MemFree:        24134888 kB
Node 1 MemUsed:          526692 kB
Node 1 Active:            63776 kB
Node 1 Inactive:         106996 kB
Node 1 Active(anon):      16096 kB
Node 1 Inactive(anon):      596 kB
Node 1 Active(file):      47680 kB
Node 1 Inactive(file):   106400 kB
Node 1 Unevictable:        4864 kB
Node 1 Mlocked:            4864 kB
Node 1 Dirty:               168 kB
Node 1 Writeback:             0 kB
Node 1 FilePages:        159824 kB
Node 1 Mapped:            64168 kB
Node 1 AnonPages:         15848 kB
Node 1 Shmem:               852 kB
Node 1 KernelStack:        2776 kB
Node 1 PageTables:          764 kB
Node 1 NFS_Unstable:          0 kB
Node 1 Bounce:                0 kB
Node 1 WritebackTmp:          0 kB
Node 1 KReclaimable:      27184 kB
Node 1 Slab:              69292 kB
Node 1 SReclaimable:      27184 kB
Node 1 SUnreclaim:        42108 kB
Node 1 AnonHugePages:         0 kB
Node 1 ShmemHugePages:        0 kB
Node 1 ShmemPmdMapped:        0 kB
Node 1 FileHugePages:        0 kB
Node 1 FilePmdMapped:        0 kB
Node 1 HugePages_Total:     0
Node 1 HugePages_Free:      0
Node 1 HugePages_Surp:      0

After Opposite Node
Node 0 MemTotal:       24768352 kB
Node 0 MemFree:        24084280 kB
Node 0 MemUsed:          684072 kB
Node 0 Active:            41360 kB
Node 0 Inactive:          15956 kB
Node 0 Active(anon):      17716 kB
Node 0 Inactive(anon):      284 kB
Node 0 Active(file):      23644 kB
Node 0 Inactive(file):    15672 kB
Node 0 Unevictable:       13656 kB
Node 0 Mlocked:           13656 kB
Node 0 Dirty:                52 kB
Node 0 Writeback:             0 kB
Node 0 FilePages:         43064 kB
Node 0 Mapped:            11676 kB
Node 0 AnonPages:         27952 kB
Node 0 Shmem:               416 kB
Node 0 KernelStack:        1976 kB
Node 0 PageTables:          476 kB
Node 0 NFS_Unstable:          0 kB
Node 0 Bounce:                0 kB
Node 0 WritebackTmp:          0 kB
Node 0 KReclaimable:      15448 kB
Node 0 Slab:              51516 kB
Node 0 SReclaimable:      15448 kB
Node 0 SUnreclaim:        36068 kB
Node 0 AnonHugePages:         0 kB
Node 0 ShmemHugePages:        0 kB
Node 0 ShmemPmdMapped:        0 kB
Node 0 FileHugePages:        0 kB
Node 0 FilePmdMapped:        0 kB
Node 0 HugePages_Total:     0
Node 0 HugePages_Free:      0
Node 0 HugePages_Surp:      0

Node 1 MemTotal:       24661580 kB
Node 1 MemFree:        24134216 kB
Node 1 MemUsed:          527364 kB
Node 1 Active:            64088 kB
Node 1 Inactive:         106996 kB
Node 1 Active(anon):      16376 kB
Node 1 Inactive(anon):      596 kB
Node 1 Active(file):      47712 kB
Node 1 Inactive(file):   106400 kB
Node 1 Unevictable:        4864 kB
Node 1 Mlocked:            4864 kB
Node 1 Dirty:               168 kB
Node 1 Writeback:             0 kB
Node 1 FilePages:        159824 kB
Node 1 Mapped:            64164 kB
Node 1 AnonPages:         16124 kB
Node 1 Shmem:               852 kB
Node 1 KernelStack:        2760 kB
Node 1 PageTables:          740 kB
Node 1 NFS_Unstable:          0 kB
Node 1 Bounce:                0 kB
Node 1 WritebackTmp:          0 kB
Node 1 KReclaimable:      27184 kB
Node 1 Slab:              69292 kB
Node 1 SReclaimable:      27184 kB
Node 1 SUnreclaim:        42108 kB
Node 1 AnonHugePages:         0 kB
Node 1 ShmemHugePages:        0 kB
Node 1 ShmemPmdMapped:        0 kB
Node 1 FileHugePages:        0 kB
Node 1 FilePmdMapped:        0 kB
Node 1 HugePages_Total:     0
Node 1 HugePages_Free:      0
Node 1 HugePages_Surp:      0

U.0.huge-simpleread.250M.2.O.1M Complete!
