kernel.numa_balancing = 0
35 Tests Remaining!
B.1.simpleread.2G.1.O.1M
Begin
Node 0 MemTotal:       24743736 kB
Node 0 MemFree:        24362092 kB
Node 0 MemUsed:          381644 kB
Node 0 Active:            43616 kB
Node 0 Inactive:          36464 kB
Node 0 Active(anon):      15424 kB
Node 0 Inactive(anon):      492 kB
Node 0 Active(file):      28192 kB
Node 0 Inactive(file):    35972 kB
Node 0 Unevictable:       17764 kB
Node 0 Mlocked:           17764 kB
Node 0 Dirty:               304 kB
Node 0 Writeback:             0 kB
Node 0 FilePages:         72412 kB
Node 0 Mapped:            22228 kB
Node 0 AnonPages:         25680 kB
Node 0 Shmem:               656 kB
Node 0 KernelStack:        1976 kB
Node 0 PageTables:          740 kB
Node 0 NFS_Unstable:          0 kB
Node 0 Bounce:                0 kB
Node 0 WritebackTmp:          0 kB
Node 0 KReclaimable:      22356 kB
Node 0 Slab:              63288 kB
Node 0 SReclaimable:      22356 kB
Node 0 SUnreclaim:        40932 kB
Node 0 AnonHugePages:         0 kB
Node 0 ShmemHugePages:        0 kB
Node 0 ShmemPmdMapped:        0 kB
Node 0 FileHugePages:        0 kB
Node 0 FilePmdMapped:        0 kB
Node 0 HugePages_Total:     0
Node 0 HugePages_Free:      0
Node 0 HugePages_Surp:      0

Node 1 MemTotal:       24686196 kB
Node 1 MemFree:        24394416 kB
Node 1 MemUsed:          291780 kB
Node 1 Active:            56404 kB
Node 1 Inactive:         112072 kB
Node 1 Active(anon):      18988 kB
Node 1 Inactive(anon):      396 kB
Node 1 Active(file):      37416 kB
Node 1 Inactive(file):   111676 kB
Node 1 Unevictable:         760 kB
Node 1 Mlocked:             760 kB
Node 1 Dirty:               128 kB
Node 1 Writeback:             0 kB
Node 1 FilePages:        150464 kB
Node 1 Mapped:            65144 kB
Node 1 AnonPages:         18568 kB
Node 1 Shmem:               612 kB
Node 1 KernelStack:        1864 kB
Node 1 PageTables:          736 kB
Node 1 NFS_Unstable:          0 kB
Node 1 Bounce:                0 kB
Node 1 WritebackTmp:          0 kB
Node 1 KReclaimable:      20828 kB
Node 1 Slab:              45856 kB
Node 1 SReclaimable:      20828 kB
Node 1 SUnreclaim:        25028 kB
Node 1 AnonHugePages:         0 kB
Node 1 ShmemHugePages:        0 kB
Node 1 ShmemPmdMapped:        0 kB
Node 1 FileHugePages:        0 kB
Node 1 FilePmdMapped:        0 kB
Node 1 HugePages_Total:     0
Node 1 HugePages_Free:      0
Node 1 HugePages_Surp:      0

Load ZFS
Node 0 MemTotal:       24743736 kB
Node 0 MemFree:        24453192 kB
Node 0 MemUsed:          290544 kB
Node 0 Active:            57908 kB
Node 0 Inactive:          56516 kB
Node 0 Active(anon):      28832 kB
Node 0 Inactive(anon):      416 kB
Node 0 Active(file):      29076 kB
Node 0 Inactive(file):    56100 kB
Node 0 Unevictable:       17964 kB
Node 0 Mlocked:           17964 kB
Node 0 Dirty:               108 kB
Node 0 Writeback:             0 kB
Node 0 FilePages:         93380 kB
Node 0 Mapped:            23692 kB
Node 0 AnonPages:         38788 kB
Node 0 Shmem:               628 kB
Node 0 KernelStack:        2444 kB
Node 0 PageTables:         2388 kB
Node 0 NFS_Unstable:          0 kB
Node 0 Bounce:                0 kB
Node 0 WritebackTmp:          0 kB
Node 0 KReclaimable:      23384 kB
Node 0 Slab:              67156 kB
Node 0 SReclaimable:      23384 kB
Node 0 SUnreclaim:        43772 kB
Node 0 AnonHugePages:         0 kB
Node 0 ShmemHugePages:        0 kB
Node 0 ShmemPmdMapped:        0 kB
Node 0 FileHugePages:        0 kB
Node 0 FilePmdMapped:        0 kB
Node 0 HugePages_Total:     0
Node 0 HugePages_Free:      0
Node 0 HugePages_Surp:      0

Node 1 MemTotal:       24686196 kB
Node 1 MemFree:        24157476 kB
Node 1 MemUsed:          528720 kB
Node 1 Active:            68608 kB
Node 1 Inactive:         195988 kB
Node 1 Active(anon):      29656 kB
Node 1 Inactive(anon):      524 kB
Node 1 Active(file):      38952 kB
Node 1 Inactive(file):   195464 kB
Node 1 Unevictable:         760 kB
Node 1 Mlocked:             760 kB
Node 1 Dirty:               572 kB
Node 1 Writeback:             0 kB
Node 1 FilePages:        235816 kB
Node 1 Mapped:            67888 kB
Node 1 AnonPages:         29316 kB
Node 1 Shmem:               640 kB
Node 1 KernelStack:        1796 kB
Node 1 PageTables:          876 kB
Node 1 NFS_Unstable:          0 kB
Node 1 Bounce:                0 kB
Node 1 WritebackTmp:          0 kB
Node 1 KReclaimable:      21496 kB
Node 1 Slab:              48796 kB
Node 1 SReclaimable:      21496 kB
Node 1 SUnreclaim:        27300 kB
Node 1 AnonHugePages:         0 kB
Node 1 ShmemHugePages:        0 kB
Node 1 ShmemPmdMapped:        0 kB
Node 1 FileHugePages:        0 kB
Node 1 FilePmdMapped:        0 kB
Node 1 HugePages_Total:     0
Node 1 HugePages_Free:      0
Node 1 HugePages_Surp:      0

Import tank ZPool
Node 0 MemTotal:       24743736 kB
Node 0 MemFree:        24467632 kB
Node 0 MemUsed:          276104 kB
Node 0 Active:            45180 kB
Node 0 Inactive:          56356 kB
Node 0 Active(anon):      15896 kB
Node 0 Inactive(anon):      420 kB
Node 0 Active(file):      29284 kB
Node 0 Inactive(file):    55936 kB
Node 0 Unevictable:       17996 kB
Node 0 Mlocked:           17996 kB
Node 0 Dirty:               140 kB
Node 0 Writeback:             0 kB
Node 0 FilePages:         93272 kB
Node 0 Mapped:            22740 kB
Node 0 AnonPages:         26136 kB
Node 0 Shmem:               620 kB
Node 0 KernelStack:        2076 kB
Node 0 PageTables:         1236 kB
Node 0 NFS_Unstable:          0 kB
Node 0 Bounce:                0 kB
Node 0 WritebackTmp:          0 kB
Node 0 KReclaimable:      23488 kB
Node 0 Slab:              67320 kB
Node 0 SReclaimable:      23488 kB
Node 0 SUnreclaim:        43832 kB
Node 0 AnonHugePages:         0 kB
Node 0 ShmemHugePages:        0 kB
Node 0 ShmemPmdMapped:        0 kB
Node 0 FileHugePages:        0 kB
Node 0 FilePmdMapped:        0 kB
Node 0 HugePages_Total:     0
Node 0 HugePages_Free:      0
Node 0 HugePages_Surp:      0

Node 1 MemTotal:       24686196 kB
Node 1 MemFree:        24152344 kB
Node 1 MemUsed:          533852 kB
Node 1 Active:            58120 kB
Node 1 Inactive:         197024 kB
Node 1 Active(anon):      18528 kB
Node 1 Inactive(anon):      532 kB
Node 1 Active(file):      39592 kB
Node 1 Inactive(file):   196492 kB
Node 1 Unevictable:         760 kB
Node 1 Mlocked:             760 kB
Node 1 Dirty:               540 kB
Node 1 Writeback:             0 kB
Node 1 FilePages:        237524 kB
Node 1 Mapped:            65956 kB
Node 1 AnonPages:         18244 kB
Node 1 Shmem:               648 kB
Node 1 KernelStack:        2840 kB
Node 1 PageTables:          780 kB
Node 1 NFS_Unstable:          0 kB
Node 1 Bounce:                0 kB
Node 1 WritebackTmp:          0 kB
Node 1 KReclaimable:      21660 kB
Node 1 Slab:              54796 kB
Node 1 SReclaimable:      21660 kB
Node 1 SUnreclaim:        33136 kB
Node 1 AnonHugePages:         0 kB
Node 1 ShmemHugePages:        0 kB
Node 1 ShmemPmdMapped:        0 kB
Node 1 FileHugePages:        0 kB
Node 1 FilePmdMapped:        0 kB
Node 1 HugePages_Total:     0
Node 1 HugePages_Free:      0
Node 1 HugePages_Surp:      0

After Test
Node 0 MemTotal:       24743736 kB
Node 0 MemFree:        24023008 kB
Node 0 MemUsed:          720728 kB
Node 0 Active:            45000 kB
Node 0 Inactive:          56028 kB
Node 0 Active(anon):      15392 kB
Node 0 Inactive(anon):      416 kB
Node 0 Active(file):      29608 kB
Node 0 Inactive(file):    55612 kB
Node 0 Unevictable:       17996 kB
Node 0 Mlocked:           17996 kB
Node 0 Dirty:                28 kB
Node 0 Writeback:             0 kB
Node 0 FilePages:         93272 kB
Node 0 Mapped:            22416 kB
Node 0 AnonPages:         25748 kB
Node 0 Shmem:               620 kB
Node 0 KernelStack:        1916 kB
Node 0 PageTables:          632 kB
Node 0 NFS_Unstable:          0 kB
Node 0 Bounce:                0 kB
Node 0 WritebackTmp:          0 kB
Node 0 KReclaimable:      23616 kB
Node 0 Slab:              69752 kB
Node 0 SReclaimable:      23616 kB
Node 0 SUnreclaim:        46136 kB
Node 0 AnonHugePages:         0 kB
Node 0 ShmemHugePages:        0 kB
Node 0 ShmemPmdMapped:        0 kB
Node 0 FileHugePages:        0 kB
Node 0 FilePmdMapped:        0 kB
Node 0 HugePages_Total:     0
Node 0 HugePages_Free:      0
Node 0 HugePages_Surp:      0

Node 1 MemTotal:       24686196 kB
Node 1 MemFree:        21662588 kB
Node 1 MemUsed:         3023608 kB
Node 1 Active:            58468 kB
Node 1 Inactive:         196788 kB
Node 1 Active(anon):      18112 kB
Node 1 Inactive(anon):      528 kB
Node 1 Active(file):      40356 kB
Node 1 Inactive(file):   196260 kB
Node 1 Unevictable:         760 kB
Node 1 Mlocked:             760 kB
Node 1 Dirty:                12 kB
Node 1 Writeback:             0 kB
Node 1 FilePages:        238036 kB
Node 1 Mapped:            65204 kB
Node 1 AnonPages:         18036 kB
Node 1 Shmem:               648 kB
Node 1 KernelStack:        2712 kB
Node 1 PageTables:          616 kB
Node 1 NFS_Unstable:          0 kB
Node 1 Bounce:                0 kB
Node 1 WritebackTmp:          0 kB
Node 1 KReclaimable:      21672 kB
Node 1 Slab:              65940 kB
Node 1 SReclaimable:      21672 kB
Node 1 SUnreclaim:        44268 kB
Node 1 AnonHugePages:         0 kB
Node 1 ShmemHugePages:        0 kB
Node 1 ShmemPmdMapped:        0 kB
Node 1 FileHugePages:        0 kB
Node 1 FilePmdMapped:        0 kB
Node 1 HugePages_Total:     0
Node 1 HugePages_Free:      0
Node 1 HugePages_Surp:      0

After Opposite Node
Node 0 MemTotal:       24743736 kB
Node 0 MemFree:        24025144 kB
Node 0 MemUsed:          718592 kB
Node 0 Active:            45592 kB
Node 0 Inactive:          55796 kB
Node 0 Active(anon):      15744 kB
Node 0 Inactive(anon):      416 kB
Node 0 Active(file):      29848 kB
Node 0 Inactive(file):    55380 kB
Node 0 Unevictable:       17996 kB
Node 0 Mlocked:           17996 kB
Node 0 Dirty:                32 kB
Node 0 Writeback:             0 kB
Node 0 FilePages:         93280 kB
Node 0 Mapped:            22360 kB
Node 0 AnonPages:         26100 kB
Node 0 Shmem:               620 kB
Node 0 KernelStack:        1896 kB
Node 0 PageTables:          688 kB
Node 0 NFS_Unstable:          0 kB
Node 0 Bounce:                0 kB
Node 0 WritebackTmp:          0 kB
Node 0 KReclaimable:      23648 kB
Node 0 Slab:              69936 kB
Node 0 SReclaimable:      23648 kB
Node 0 SUnreclaim:        46288 kB
Node 0 AnonHugePages:         0 kB
Node 0 ShmemHugePages:        0 kB
Node 0 ShmemPmdMapped:        0 kB
Node 0 FileHugePages:        0 kB
Node 0 FilePmdMapped:        0 kB
Node 0 HugePages_Total:     0
Node 0 HugePages_Free:      0
Node 0 HugePages_Surp:      0

Node 1 MemTotal:       24686196 kB
Node 1 MemFree:        21664048 kB
Node 1 MemUsed:         3022148 kB
Node 1 Active:            58280 kB
Node 1 Inactive:         196740 kB
Node 1 Active(anon):      17848 kB
Node 1 Inactive(anon):      528 kB
Node 1 Active(file):      40432 kB
Node 1 Inactive(file):   196212 kB
Node 1 Unevictable:         760 kB
Node 1 Mlocked:             760 kB
Node 1 Dirty:                32 kB
Node 1 Writeback:             0 kB
Node 1 FilePages:        238052 kB
Node 1 Mapped:            65204 kB
Node 1 AnonPages:         17748 kB
Node 1 Shmem:               648 kB
Node 1 KernelStack:        2712 kB
Node 1 PageTables:          588 kB
Node 1 NFS_Unstable:          0 kB
Node 1 Bounce:                0 kB
Node 1 WritebackTmp:          0 kB
Node 1 KReclaimable:      21680 kB
Node 1 Slab:              65900 kB
Node 1 SReclaimable:      21680 kB
Node 1 SUnreclaim:        44220 kB
Node 1 AnonHugePages:         0 kB
Node 1 ShmemHugePages:        0 kB
Node 1 ShmemPmdMapped:        0 kB
Node 1 FileHugePages:        0 kB
Node 1 FilePmdMapped:        0 kB
Node 1 HugePages_Total:     0
Node 1 HugePages_Free:      0
Node 1 HugePages_Surp:      0

B.1.simpleread.2G.1.O.1M Complete!
