kernel.numa_balancing = 0
B.1.fio.4G.3.O
Begin
Node 0 MemTotal:       24768360 kB
Node 0 MemFree:        24427264 kB
Node 0 MemUsed:          341096 kB
Node 0 Active:            26852 kB
Node 0 Inactive:          36760 kB
Node 0 Active(anon):      10200 kB
Node 0 Inactive(anon):      568 kB
Node 0 Active(file):      16652 kB
Node 0 Inactive(file):    36192 kB
Node 0 Unevictable:         984 kB
Node 0 Mlocked:             984 kB
Node 0 Dirty:                44 kB
Node 0 Writeback:             0 kB
Node 0 FilePages:         55088 kB
Node 0 Mapped:            17976 kB
Node 0 AnonPages:          9944 kB
Node 0 Shmem:               824 kB
Node 0 KernelStack:        2200 kB
Node 0 PageTables:          340 kB
Node 0 NFS_Unstable:          0 kB
Node 0 Bounce:                0 kB
Node 0 WritebackTmp:          0 kB
Node 0 KReclaimable:      22224 kB
Node 0 Slab:              54508 kB
Node 0 SReclaimable:      22224 kB
Node 0 SUnreclaim:        32284 kB
Node 0 AnonHugePages:         0 kB
Node 0 ShmemHugePages:        0 kB
Node 0 ShmemPmdMapped:        0 kB
Node 0 FileHugePages:        0 kB
Node 0 FilePmdMapped:        0 kB
Node 0 HugePages_Total:     0
Node 0 HugePages_Free:      0
Node 0 HugePages_Surp:      0

Node 1 MemTotal:       24661580 kB
Node 1 MemFree:        24386456 kB
Node 1 MemUsed:          275124 kB
Node 1 Active:            68364 kB
Node 1 Inactive:          57736 kB
Node 1 Active(anon):      23576 kB
Node 1 Inactive(anon):      308 kB
Node 1 Active(file):      44788 kB
Node 1 Inactive(file):    57428 kB
Node 1 Unevictable:       17536 kB
Node 1 Mlocked:           17536 kB
Node 1 Dirty:                52 kB
Node 1 Writeback:             0 kB
Node 1 FilePages:        109880 kB
Node 1 Mapped:            30752 kB
Node 1 AnonPages:         33768 kB
Node 1 Shmem:               444 kB
Node 1 KernelStack:        1384 kB
Node 1 PageTables:          668 kB
Node 1 NFS_Unstable:          0 kB
Node 1 Bounce:                0 kB
Node 1 WritebackTmp:          0 kB
Node 1 KReclaimable:      19412 kB
Node 1 Slab:              52640 kB
Node 1 SReclaimable:      19412 kB
Node 1 SUnreclaim:        33228 kB
Node 1 AnonHugePages:         0 kB
Node 1 ShmemHugePages:        0 kB
Node 1 ShmemPmdMapped:        0 kB
Node 1 FileHugePages:        0 kB
Node 1 FilePmdMapped:        0 kB
Node 1 HugePages_Total:     0
Node 1 HugePages_Free:      0
Node 1 HugePages_Surp:      0

Load ZFS
Node 0 MemTotal:       24768360 kB
Node 0 MemFree:        24518764 kB
Node 0 MemUsed:          249596 kB
Node 0 Active:            39220 kB
Node 0 Inactive:          64192 kB
Node 0 Active(anon):      20880 kB
Node 0 Inactive(anon):      144 kB
Node 0 Active(file):      18340 kB
Node 0 Inactive(file):    64048 kB
Node 0 Unevictable:         984 kB
Node 0 Mlocked:             984 kB
Node 0 Dirty:               108 kB
Node 0 Writeback:             0 kB
Node 0 FilePages:         84196 kB
Node 0 Mapped:            20384 kB
Node 0 AnonPages:         20840 kB
Node 0 Shmem:               540 kB
Node 0 KernelStack:        2296 kB
Node 0 PageTables:          500 kB
Node 0 NFS_Unstable:          0 kB
Node 0 Bounce:                0 kB
Node 0 WritebackTmp:          0 kB
Node 0 KReclaimable:      23180 kB
Node 0 Slab:              57208 kB
Node 0 SReclaimable:      23180 kB
Node 0 SUnreclaim:        34028 kB
Node 0 AnonHugePages:         0 kB
Node 0 ShmemHugePages:        0 kB
Node 0 ShmemPmdMapped:        0 kB
Node 0 FileHugePages:        0 kB
Node 0 FilePmdMapped:        0 kB
Node 0 HugePages_Total:     0
Node 0 HugePages_Free:      0
Node 0 HugePages_Surp:      0

Node 1 MemTotal:       24661580 kB
Node 1 MemFree:        24152576 kB
Node 1 MemUsed:          509004 kB
Node 1 Active:            82780 kB
Node 1 Inactive:         133388 kB
Node 1 Active(anon):      37040 kB
Node 1 Inactive(anon):      436 kB
Node 1 Active(file):      45740 kB
Node 1 Inactive(file):   132952 kB
Node 1 Unevictable:       17752 kB
Node 1 Mlocked:           17752 kB
Node 1 Dirty:               196 kB
Node 1 Writeback:             0 kB
Node 1 FilePages:        186628 kB
Node 1 Mapped:            33260 kB
Node 1 AnonPages:         47040 kB
Node 1 Shmem:               728 kB
Node 1 KernelStack:        1904 kB
Node 1 PageTables:         2356 kB
Node 1 NFS_Unstable:          0 kB
Node 1 Bounce:                0 kB
Node 1 WritebackTmp:          0 kB
Node 1 KReclaimable:      20464 kB
Node 1 Slab:              57448 kB
Node 1 SReclaimable:      20464 kB
Node 1 SUnreclaim:        36984 kB
Node 1 AnonHugePages:         0 kB
Node 1 ShmemHugePages:        0 kB
Node 1 ShmemPmdMapped:        0 kB
Node 1 FileHugePages:        0 kB
Node 1 FilePmdMapped:        0 kB
Node 1 HugePages_Total:     0
Node 1 HugePages_Free:      0
Node 1 HugePages_Surp:      0

Import tank ZPool
Node 0 MemTotal:       24768360 kB
Node 0 MemFree:        24501036 kB
Node 0 MemUsed:          267324 kB
Node 0 Active:            39536 kB
Node 0 Inactive:          65816 kB
Node 0 Active(anon):      20788 kB
Node 0 Inactive(anon):      548 kB
Node 0 Active(file):      18748 kB
Node 0 Inactive(file):    65268 kB
Node 0 Unevictable:         984 kB
Node 0 Mlocked:             984 kB
Node 0 Dirty:               148 kB
Node 0 Writeback:             0 kB
Node 0 FilePages:         85736 kB
Node 0 Mapped:            20040 kB
Node 0 AnonPages:         20704 kB
Node 0 Shmem:               720 kB
Node 0 KernelStack:        3384 kB
Node 0 PageTables:          676 kB
Node 0 NFS_Unstable:          0 kB
Node 0 Bounce:                0 kB
Node 0 WritebackTmp:          0 kB
Node 0 KReclaimable:      23432 kB
Node 0 Slab:              63808 kB
Node 0 SReclaimable:      23432 kB
Node 0 SUnreclaim:        40376 kB
Node 0 AnonHugePages:         0 kB
Node 0 ShmemHugePages:        0 kB
Node 0 ShmemPmdMapped:        0 kB
Node 0 FileHugePages:        0 kB
Node 0 FilePmdMapped:        0 kB
Node 0 HugePages_Total:     0
Node 0 HugePages_Free:      0
Node 0 HugePages_Surp:      0

Node 1 MemTotal:       24661580 kB
Node 1 MemFree:        24153732 kB
Node 1 MemUsed:          507848 kB
Node 1 Active:            82472 kB
Node 1 Inactive:         133300 kB
Node 1 Active(anon):      36680 kB
Node 1 Inactive(anon):      400 kB
Node 1 Active(file):      45792 kB
Node 1 Inactive(file):   132900 kB
Node 1 Unevictable:       17768 kB
Node 1 Mlocked:           17768 kB
Node 1 Dirty:               296 kB
Node 1 Writeback:             0 kB
Node 1 FilePages:        186448 kB
Node 1 Mapped:            32584 kB
Node 1 AnonPages:         47092 kB
Node 1 Shmem:               548 kB
Node 1 KernelStack:        1832 kB
Node 1 PageTables:         2084 kB
Node 1 NFS_Unstable:          0 kB
Node 1 Bounce:                0 kB
Node 1 WritebackTmp:          0 kB
Node 1 KReclaimable:      20464 kB
Node 1 Slab:              57040 kB
Node 1 SReclaimable:      20464 kB
Node 1 SUnreclaim:        36576 kB
Node 1 AnonHugePages:         0 kB
Node 1 ShmemHugePages:        0 kB
Node 1 ShmemPmdMapped:        0 kB
Node 1 FileHugePages:        0 kB
Node 1 FilePmdMapped:        0 kB
Node 1 HugePages_Total:     0
Node 1 HugePages_Free:      0
Node 1 HugePages_Surp:      0

After Test
Node 0 MemTotal:       24768360 kB
Node 0 MemFree:        23978588 kB
Node 0 MemUsed:          789772 kB
Node 0 Active:            29480 kB
Node 0 Inactive:          65276 kB
Node 0 Active(anon):       9968 kB
Node 0 Inactive(anon):      548 kB
Node 0 Active(file):      19512 kB
Node 0 Inactive(file):    64728 kB
Node 0 Unevictable:         984 kB
Node 0 Mlocked:             984 kB
Node 0 Dirty:                20 kB
Node 0 Writeback:             0 kB
Node 0 FilePages:         85944 kB
Node 0 Mapped:            17976 kB
Node 0 AnonPages:          9796 kB
Node 0 Shmem:               720 kB
Node 0 KernelStack:        3272 kB
Node 0 PageTables:          388 kB
Node 0 NFS_Unstable:          0 kB
Node 0 Bounce:                0 kB
Node 0 WritebackTmp:          0 kB
Node 0 KReclaimable:      23436 kB
Node 0 Slab:              65140 kB
Node 0 SReclaimable:      23436 kB
Node 0 SUnreclaim:        41704 kB
Node 0 AnonHugePages:         0 kB
Node 0 ShmemHugePages:        0 kB
Node 0 ShmemPmdMapped:        0 kB
Node 0 FileHugePages:        0 kB
Node 0 FilePmdMapped:        0 kB
Node 0 HugePages_Total:     0
Node 0 HugePages_Free:      0
Node 0 HugePages_Surp:      0

Node 1 MemTotal:       24661580 kB
Node 1 MemFree:        19662684 kB
Node 1 MemUsed:         4998896 kB
Node 1 Active:            70044 kB
Node 1 Inactive:         134080 kB
Node 1 Active(anon):      23176 kB
Node 1 Inactive(anon):      412 kB
Node 1 Active(file):      46868 kB
Node 1 Inactive(file):   133668 kB
Node 1 Unevictable:       17768 kB
Node 1 Mlocked:           17768 kB
Node 1 Dirty:                16 kB
Node 1 Writeback:             0 kB
Node 1 FilePages:        188336 kB
Node 1 Mapped:            30692 kB
Node 1 AnonPages:         33472 kB
Node 1 Shmem:               592 kB
Node 1 KernelStack:        1304 kB
Node 1 PageTables:          760 kB
Node 1 NFS_Unstable:          0 kB
Node 1 Bounce:                0 kB
Node 1 WritebackTmp:          0 kB
Node 1 KReclaimable:      22028 kB
Node 1 Slab:              77836 kB
Node 1 SReclaimable:      22028 kB
Node 1 SUnreclaim:        55808 kB
Node 1 AnonHugePages:         0 kB
Node 1 ShmemHugePages:        0 kB
Node 1 ShmemPmdMapped:        0 kB
Node 1 FileHugePages:        0 kB
Node 1 FilePmdMapped:        0 kB
Node 1 HugePages_Total:     0
Node 1 HugePages_Free:      0
Node 1 HugePages_Surp:      0

After Opposite Node
Node 0 MemTotal:       24768360 kB
Node 0 MemFree:        23976948 kB
Node 0 MemUsed:          791412 kB
Node 0 Active:            29916 kB
Node 0 Inactive:          65312 kB
Node 0 Active(anon):      10240 kB
Node 0 Inactive(anon):      592 kB
Node 0 Active(file):      19676 kB
Node 0 Inactive(file):    64720 kB
Node 0 Unevictable:         984 kB
Node 0 Mlocked:             984 kB
Node 0 Dirty:                60 kB
Node 0 Writeback:             0 kB
Node 0 FilePages:         86144 kB
Node 0 Mapped:            18020 kB
Node 0 AnonPages:          9936 kB
Node 0 Shmem:               764 kB
Node 0 KernelStack:        3304 kB
Node 0 PageTables:          560 kB
Node 0 NFS_Unstable:          0 kB
Node 0 Bounce:                0 kB
Node 0 WritebackTmp:          0 kB
Node 0 KReclaimable:      23480 kB
Node 0 Slab:              65192 kB
Node 0 SReclaimable:      23480 kB
Node 0 SUnreclaim:        41712 kB
Node 0 AnonHugePages:         0 kB
Node 0 ShmemHugePages:        0 kB
Node 0 ShmemPmdMapped:        0 kB
Node 0 FileHugePages:        0 kB
Node 0 FilePmdMapped:        0 kB
Node 0 HugePages_Total:     0
Node 0 HugePages_Free:      0
Node 0 HugePages_Surp:      0

Node 1 MemTotal:       24661580 kB
Node 1 MemFree:        19665868 kB
Node 1 MemUsed:         4995712 kB
Node 1 Active:            70080 kB
Node 1 Inactive:         133896 kB
Node 1 Active(anon):      23024 kB
Node 1 Inactive(anon):      392 kB
Node 1 Active(file):      47056 kB
Node 1 Inactive(file):   133504 kB
Node 1 Unevictable:       17768 kB
Node 1 Mlocked:           17768 kB
Node 1 Dirty:                52 kB
Node 1 Writeback:             0 kB
Node 1 FilePages:        188324 kB
Node 1 Mapped:            30880 kB
Node 1 AnonPages:         33424 kB
Node 1 Shmem:               548 kB
Node 1 KernelStack:        1288 kB
Node 1 PageTables:          648 kB
Node 1 NFS_Unstable:          0 kB
Node 1 Bounce:                0 kB
Node 1 WritebackTmp:          0 kB
Node 1 KReclaimable:      22028 kB
Node 1 Slab:              77804 kB
Node 1 SReclaimable:      22028 kB
Node 1 SUnreclaim:        55776 kB
Node 1 AnonHugePages:         0 kB
Node 1 ShmemHugePages:        0 kB
Node 1 ShmemPmdMapped:        0 kB
Node 1 FileHugePages:        0 kB
Node 1 FilePmdMapped:        0 kB
Node 1 HugePages_Total:     0
Node 1 HugePages_Free:      0
Node 1 HugePages_Surp:      0

B.1.fio.4G.3.O Complete!
