kernel.numa_balancing = 0
B.1.fio.2G.3.O
Begin
Node 0 MemTotal:       24743736 kB
Node 0 MemFree:        24493552 kB
Node 0 MemUsed:          250184 kB
Node 0 Active:            30640 kB
Node 0 Inactive:          59688 kB
Node 0 Active(anon):      10084 kB
Node 0 Inactive(anon):      284 kB
Node 0 Active(file):      20556 kB
Node 0 Inactive(file):    59404 kB
Node 0 Unevictable:       13528 kB
Node 0 Mlocked:           13528 kB
Node 0 Dirty:               376 kB
Node 0 Writeback:             0 kB
Node 0 FilePages:         83632 kB
Node 0 Mapped:            16624 kB
Node 0 AnonPages:         20244 kB
Node 0 Shmem:               460 kB
Node 0 KernelStack:        2120 kB
Node 0 PageTables:          480 kB
Node 0 NFS_Unstable:          0 kB
Node 0 Bounce:                0 kB
Node 0 WritebackTmp:          0 kB
Node 0 KReclaimable:      19684 kB
Node 0 Slab:              55724 kB
Node 0 SReclaimable:      19684 kB
Node 0 SUnreclaim:        36040 kB
Node 0 AnonHugePages:         0 kB
Node 0 ShmemHugePages:        0 kB
Node 0 ShmemPmdMapped:        0 kB
Node 0 FileHugePages:        0 kB
Node 0 FilePmdMapped:        0 kB
Node 0 HugePages_Total:     0
Node 0 HugePages_Free:      0
Node 0 HugePages_Surp:      0

Node 1 MemTotal:       24686196 kB
Node 1 MemFree:        24327620 kB
Node 1 MemUsed:          358576 kB
Node 1 Active:            64432 kB
Node 1 Inactive:          29840 kB
Node 1 Active(anon):      23564 kB
Node 1 Inactive(anon):      600 kB
Node 1 Active(file):      40868 kB
Node 1 Inactive(file):    29240 kB
Node 1 Unevictable:        4992 kB
Node 1 Mlocked:            4992 kB
Node 1 Dirty:               152 kB
Node 1 Writeback:             0 kB
Node 1 FilePages:         75940 kB
Node 1 Mapped:            27208 kB
Node 1 AnonPages:         23452 kB
Node 1 Shmem:               808 kB
Node 1 KernelStack:        1496 kB
Node 1 PageTables:          612 kB
Node 1 NFS_Unstable:          0 kB
Node 1 Bounce:                0 kB
Node 1 WritebackTmp:          0 kB
Node 1 KReclaimable:      21836 kB
Node 1 Slab:              49496 kB
Node 1 SReclaimable:      21836 kB
Node 1 SUnreclaim:        27660 kB
Node 1 AnonHugePages:         0 kB
Node 1 ShmemHugePages:        0 kB
Node 1 ShmemPmdMapped:        0 kB
Node 1 FileHugePages:        0 kB
Node 1 FilePmdMapped:        0 kB
Node 1 HugePages_Total:     0
Node 1 HugePages_Free:      0
Node 1 HugePages_Surp:      0

Load ZFS
Node 0 MemTotal:       24743736 kB
Node 0 MemFree:        24252068 kB
Node 0 MemUsed:          491668 kB
Node 0 Active:            43664 kB
Node 0 Inactive:         148192 kB
Node 0 Active(anon):      22188 kB
Node 0 Inactive(anon):      380 kB
Node 0 Active(file):      21476 kB
Node 0 Inactive(file):   147812 kB
Node 0 Unevictable:       13724 kB
Node 0 Mlocked:           13724 kB
Node 0 Dirty:               120 kB
Node 0 Writeback:             0 kB
Node 0 FilePages:        173020 kB
Node 0 Mapped:            18748 kB
Node 0 AnonPages:         32624 kB
Node 0 Shmem:               532 kB
Node 0 KernelStack:        2544 kB
Node 0 PageTables:         1932 kB
Node 0 NFS_Unstable:          0 kB
Node 0 Bounce:                0 kB
Node 0 WritebackTmp:          0 kB
Node 0 KReclaimable:      20756 kB
Node 0 Slab:              61420 kB
Node 0 SReclaimable:      20756 kB
Node 0 SUnreclaim:        40664 kB
Node 0 AnonHugePages:         0 kB
Node 0 ShmemHugePages:        0 kB
Node 0 ShmemPmdMapped:        0 kB
Node 0 FileHugePages:        0 kB
Node 0 FilePmdMapped:        0 kB
Node 0 HugePages_Total:     0
Node 0 HugePages_Free:      0
Node 0 HugePages_Surp:      0

Node 1 MemTotal:       24686196 kB
Node 1 MemFree:        24426360 kB
Node 1 MemUsed:          259836 kB
Node 1 Active:            78136 kB
Node 1 Inactive:          44860 kB
Node 1 Active(anon):      36024 kB
Node 1 Inactive(anon):      564 kB
Node 1 Active(file):      42112 kB
Node 1 Inactive(file):    44296 kB
Node 1 Unevictable:        4992 kB
Node 1 Mlocked:            4992 kB
Node 1 Dirty:               416 kB
Node 1 Writeback:             0 kB
Node 1 FilePages:         92132 kB
Node 1 Mapped:            29812 kB
Node 1 AnonPages:         35496 kB
Node 1 Shmem:               736 kB
Node 1 KernelStack:        1640 kB
Node 1 PageTables:         1700 kB
Node 1 NFS_Unstable:          0 kB
Node 1 Bounce:                0 kB
Node 1 WritebackTmp:          0 kB
Node 1 KReclaimable:      22448 kB
Node 1 Slab:              51336 kB
Node 1 SReclaimable:      22448 kB
Node 1 SUnreclaim:        28888 kB
Node 1 AnonHugePages:         0 kB
Node 1 ShmemHugePages:        0 kB
Node 1 ShmemPmdMapped:        0 kB
Node 1 FileHugePages:        0 kB
Node 1 FilePmdMapped:        0 kB
Node 1 HugePages_Total:     0
Node 1 HugePages_Free:      0
Node 1 HugePages_Surp:      0

Import tank ZPool
Node 0 MemTotal:       24743736 kB
Node 0 MemFree:        24252616 kB
Node 0 MemUsed:          491120 kB
Node 0 Active:            43356 kB
Node 0 Inactive:         148192 kB
Node 0 Active(anon):      21880 kB
Node 0 Inactive(anon):      380 kB
Node 0 Active(file):      21476 kB
Node 0 Inactive(file):   147812 kB
Node 0 Unevictable:       13756 kB
Node 0 Mlocked:           13756 kB
Node 0 Dirty:               156 kB
Node 0 Writeback:             0 kB
Node 0 FilePages:        173044 kB
Node 0 Mapped:            18408 kB
Node 0 AnonPages:         32288 kB
Node 0 Shmem:               524 kB
Node 0 KernelStack:        2504 kB
Node 0 PageTables:         1576 kB
Node 0 NFS_Unstable:          0 kB
Node 0 Bounce:                0 kB
Node 0 WritebackTmp:          0 kB
Node 0 KReclaimable:      20776 kB
Node 0 Slab:              62156 kB
Node 0 SReclaimable:      20776 kB
Node 0 SUnreclaim:        41380 kB
Node 0 AnonHugePages:         0 kB
Node 0 ShmemHugePages:        0 kB
Node 0 ShmemPmdMapped:        0 kB
Node 0 FileHugePages:        0 kB
Node 0 FilePmdMapped:        0 kB
Node 0 HugePages_Total:     0
Node 0 HugePages_Free:      0
Node 0 HugePages_Surp:      0

Node 1 MemTotal:       24686196 kB
Node 1 MemFree:        24406668 kB
Node 1 MemUsed:          279528 kB
Node 1 Active:            78768 kB
Node 1 Inactive:          45724 kB
Node 1 Active(anon):      35856 kB
Node 1 Inactive(anon):      568 kB
Node 1 Active(file):      42912 kB
Node 1 Inactive(file):    45156 kB
Node 1 Unevictable:        4992 kB
Node 1 Mlocked:            4992 kB
Node 1 Dirty:               472 kB
Node 1 Writeback:             8 kB
Node 1 FilePages:         93832 kB
Node 1 Mapped:            29200 kB
Node 1 AnonPages:         35296 kB
Node 1 Shmem:               744 kB
Node 1 KernelStack:        2712 kB
Node 1 PageTables:         1008 kB
Node 1 NFS_Unstable:          0 kB
Node 1 Bounce:                0 kB
Node 1 WritebackTmp:          0 kB
Node 1 KReclaimable:      22596 kB
Node 1 Slab:              57444 kB
Node 1 SReclaimable:      22596 kB
Node 1 SUnreclaim:        34848 kB
Node 1 AnonHugePages:         0 kB
Node 1 ShmemHugePages:        0 kB
Node 1 ShmemPmdMapped:        0 kB
Node 1 FileHugePages:        0 kB
Node 1 FilePmdMapped:        0 kB
Node 1 HugePages_Total:     0
Node 1 HugePages_Free:      0
Node 1 HugePages_Surp:      0

After Test
Node 0 MemTotal:       24743736 kB
Node 0 MemFree:        23595184 kB
Node 0 MemUsed:         1148552 kB
Node 0 Active:            32624 kB
Node 0 Inactive:         147788 kB
Node 0 Active(anon):      10680 kB
Node 0 Inactive(anon):      380 kB
Node 0 Active(file):      21944 kB
Node 0 Inactive(file):   147408 kB
Node 0 Unevictable:       13756 kB
Node 0 Mlocked:           13756 kB
Node 0 Dirty:                20 kB
Node 0 Writeback:             0 kB
Node 0 FilePages:        173076 kB
Node 0 Mapped:            16624 kB
Node 0 AnonPages:         21092 kB
Node 0 Shmem:               524 kB
Node 0 KernelStack:        2120 kB
Node 0 PageTables:          484 kB
Node 0 NFS_Unstable:          0 kB
Node 0 Bounce:                0 kB
Node 0 WritebackTmp:          0 kB
Node 0 KReclaimable:      20872 kB
Node 0 Slab:              64956 kB
Node 0 SReclaimable:      20872 kB
Node 0 SUnreclaim:        44084 kB
Node 0 AnonHugePages:         0 kB
Node 0 ShmemHugePages:        0 kB
Node 0 ShmemPmdMapped:        0 kB
Node 0 FileHugePages:        0 kB
Node 0 FilePmdMapped:        0 kB
Node 0 HugePages_Total:     0
Node 0 HugePages_Free:      0
Node 0 HugePages_Surp:      0

Node 1 MemTotal:       24686196 kB
Node 1 MemFree:        22160768 kB
Node 1 MemUsed:         2525428 kB
Node 1 Active:            66472 kB
Node 1 Inactive:          46832 kB
Node 1 Active(anon):      22572 kB
Node 1 Inactive(anon):      588 kB
Node 1 Active(file):      43900 kB
Node 1 Inactive(file):    46244 kB
Node 1 Unevictable:        4992 kB
Node 1 Mlocked:            4992 kB
Node 1 Dirty:                32 kB
Node 1 Writeback:             0 kB
Node 1 FilePages:         95924 kB
Node 1 Mapped:            27484 kB
Node 1 AnonPages:         22336 kB
Node 1 Shmem:               788 kB
Node 1 KernelStack:        2552 kB
Node 1 PageTables:          700 kB
Node 1 NFS_Unstable:          0 kB
Node 1 Bounce:                0 kB
Node 1 WritebackTmp:          0 kB
Node 1 KReclaimable:      23880 kB
Node 1 Slab:              70168 kB
Node 1 SReclaimable:      23880 kB
Node 1 SUnreclaim:        46288 kB
Node 1 AnonHugePages:         0 kB
Node 1 ShmemHugePages:        0 kB
Node 1 ShmemPmdMapped:        0 kB
Node 1 FileHugePages:        0 kB
Node 1 FilePmdMapped:        0 kB
Node 1 HugePages_Total:     0
Node 1 HugePages_Free:      0
Node 1 HugePages_Surp:      0

After Opposite Node
Node 0 MemTotal:       24743736 kB
Node 0 MemFree:        23593604 kB
Node 0 MemUsed:         1150132 kB
Node 0 Active:            32916 kB
Node 0 Inactive:         147836 kB
Node 0 Active(anon):      10956 kB
Node 0 Inactive(anon):      420 kB
Node 0 Active(file):      21960 kB
Node 0 Inactive(file):   147416 kB
Node 0 Unevictable:       13756 kB
Node 0 Mlocked:           13756 kB
Node 0 Dirty:                44 kB
Node 0 Writeback:             0 kB
Node 0 FilePages:        173140 kB
Node 0 Mapped:            16668 kB
Node 0 AnonPages:         21232 kB
Node 0 Shmem:               564 kB
Node 0 KernelStack:        2120 kB
Node 0 PageTables:          660 kB
Node 0 NFS_Unstable:          0 kB
Node 0 Bounce:                0 kB
Node 0 WritebackTmp:          0 kB
Node 0 KReclaimable:      20928 kB
Node 0 Slab:              65204 kB
Node 0 SReclaimable:      20928 kB
Node 0 SUnreclaim:        44276 kB
Node 0 AnonHugePages:         0 kB
Node 0 ShmemHugePages:        0 kB
Node 0 ShmemPmdMapped:        0 kB
Node 0 FileHugePages:        0 kB
Node 0 FilePmdMapped:        0 kB
Node 0 HugePages_Total:     0
Node 0 HugePages_Free:      0
Node 0 HugePages_Surp:      0

Node 1 MemTotal:       24686196 kB
Node 1 MemFree:        22161548 kB
Node 1 MemUsed:         2524648 kB
Node 1 Active:            66712 kB
Node 1 Inactive:          46628 kB
Node 1 Active(anon):      22484 kB
Node 1 Inactive(anon):      564 kB
Node 1 Active(file):      44228 kB
Node 1 Inactive(file):    46064 kB
Node 1 Unevictable:        4992 kB
Node 1 Mlocked:            4992 kB
Node 1 Dirty:                76 kB
Node 1 Writeback:             0 kB
Node 1 FilePages:         96032 kB
Node 1 Mapped:            27452 kB
Node 1 AnonPages:         22300 kB
Node 1 Shmem:               748 kB
Node 1 KernelStack:        2536 kB
Node 1 PageTables:          540 kB
Node 1 NFS_Unstable:          0 kB
Node 1 Bounce:                0 kB
Node 1 WritebackTmp:          0 kB
Node 1 KReclaimable:      23892 kB
Node 1 Slab:              70076 kB
Node 1 SReclaimable:      23892 kB
Node 1 SUnreclaim:        46184 kB
Node 1 AnonHugePages:         0 kB
Node 1 ShmemHugePages:        0 kB
Node 1 ShmemPmdMapped:        0 kB
Node 1 FileHugePages:        0 kB
Node 1 FilePmdMapped:        0 kB
Node 1 HugePages_Total:     0
Node 1 HugePages_Free:      0
Node 1 HugePages_Surp:      0

B.1.fio.2G.3.O Complete!
