kernel.numa_balancing = 0
35 Tests Remaining!
B.0.1G-simpleread.16G.1.O.1M
Begin
Node 0 MemTotal:       24768352 kB
Node 0 MemFree:        24484716 kB
Node 0 MemUsed:          283636 kB
Node 0 Active:            64644 kB
Node 0 Inactive:          66928 kB
Node 0 Active(anon):      24260 kB
Node 0 Inactive(anon):      364 kB
Node 0 Active(file):      40384 kB
Node 0 Inactive(file):    66564 kB
Node 0 Unevictable:        1252 kB
Node 0 Mlocked:            1252 kB
Node 0 Dirty:                64 kB
Node 0 Writeback:             0 kB
Node 0 FilePages:        108756 kB
Node 0 Mapped:            17752 kB
Node 0 AnonPages:         24232 kB
Node 0 Shmem:               556 kB
Node 0 KernelStack:        2296 kB
Node 0 PageTables:          700 kB
Node 0 NFS_Unstable:          0 kB
Node 0 Bounce:                0 kB
Node 0 WritebackTmp:          0 kB
Node 0 KReclaimable:      27276 kB
Node 0 Slab:              64228 kB
Node 0 SReclaimable:      27276 kB
Node 0 SUnreclaim:        36952 kB
Node 0 AnonHugePages:         0 kB
Node 0 ShmemHugePages:        0 kB
Node 0 ShmemPmdMapped:        0 kB
Node 0 FileHugePages:        0 kB
Node 0 FilePmdMapped:        0 kB
Node 0 HugePages_Total:     0
Node 0 HugePages_Free:      0
Node 0 HugePages_Surp:      0

Node 1 MemTotal:       24661580 kB
Node 1 MemFree:        24290068 kB
Node 1 MemUsed:          371512 kB
Node 1 Active:            34408 kB
Node 1 Inactive:          59732 kB
Node 1 Active(anon):      10448 kB
Node 1 Inactive(anon):      520 kB
Node 1 Active(file):      23960 kB
Node 1 Inactive(file):    59212 kB
Node 1 Unevictable:       17268 kB
Node 1 Mlocked:           17268 kB
Node 1 Dirty:               240 kB
Node 1 Writeback:             0 kB
Node 1 FilePages:         90824 kB
Node 1 Mapped:            50860 kB
Node 1 AnonPages:         20696 kB
Node 1 Shmem:               712 kB
Node 1 KernelStack:        1544 kB
Node 1 PageTables:          700 kB
Node 1 NFS_Unstable:          0 kB
Node 1 Bounce:                0 kB
Node 1 WritebackTmp:          0 kB
Node 1 KReclaimable:      16312 kB
Node 1 Slab:              46524 kB
Node 1 SReclaimable:      16312 kB
Node 1 SUnreclaim:        30212 kB
Node 1 AnonHugePages:         0 kB
Node 1 ShmemHugePages:        0 kB
Node 1 ShmemPmdMapped:        0 kB
Node 1 FileHugePages:        0 kB
Node 1 FilePmdMapped:        0 kB
Node 1 HugePages_Total:     0
Node 1 HugePages_Free:      0
Node 1 HugePages_Surp:      0

Load ZFS
Node 0 MemTotal:       24768352 kB
Node 0 MemFree:        24236920 kB
Node 0 MemUsed:          531432 kB
Node 0 Active:            74728 kB
Node 0 Inactive:         164520 kB
Node 0 Active(anon):      32496 kB
Node 0 Inactive(anon):      428 kB
Node 0 Active(file):      42232 kB
Node 0 Inactive(file):   164092 kB
Node 0 Unevictable:        1252 kB
Node 0 Mlocked:            1252 kB
Node 0 Dirty:                84 kB
Node 0 Writeback:             0 kB
Node 0 FilePages:        208504 kB
Node 0 Mapped:            20040 kB
Node 0 AnonPages:         32224 kB
Node 0 Shmem:               456 kB
Node 0 KernelStack:        2164 kB
Node 0 PageTables:          772 kB
Node 0 NFS_Unstable:          0 kB
Node 0 Bounce:                0 kB
Node 0 WritebackTmp:          0 kB
Node 0 KReclaimable:      27804 kB
Node 0 Slab:              66948 kB
Node 0 SReclaimable:      27804 kB
Node 0 SUnreclaim:        39144 kB
Node 0 AnonHugePages:         0 kB
Node 0 ShmemHugePages:        0 kB
Node 0 ShmemPmdMapped:        0 kB
Node 0 FileHugePages:        0 kB
Node 0 FilePmdMapped:        0 kB
Node 0 HugePages_Total:     0
Node 0 HugePages_Free:      0
Node 0 HugePages_Surp:      0

Node 1 MemTotal:       24661580 kB
Node 1 MemFree:        24394916 kB
Node 1 MemUsed:          266664 kB
Node 1 Active:            51768 kB
Node 1 Inactive:          65428 kB
Node 1 Active(anon):      27360 kB
Node 1 Inactive(anon):      568 kB
Node 1 Active(file):      24408 kB
Node 1 Inactive(file):    64860 kB
Node 1 Unevictable:       17468 kB
Node 1 Mlocked:           17468 kB
Node 1 Dirty:               476 kB
Node 1 Writeback:             0 kB
Node 1 FilePages:         97296 kB
Node 1 Mapped:            54108 kB
Node 1 AnonPages:         37532 kB
Node 1 Shmem:               812 kB
Node 1 KernelStack:        2152 kB
Node 1 PageTables:         2316 kB
Node 1 NFS_Unstable:          0 kB
Node 1 Bounce:                0 kB
Node 1 WritebackTmp:          0 kB
Node 1 KReclaimable:      16832 kB
Node 1 Slab:              49412 kB
Node 1 SReclaimable:      16832 kB
Node 1 SUnreclaim:        32580 kB
Node 1 AnonHugePages:         0 kB
Node 1 ShmemHugePages:        0 kB
Node 1 ShmemPmdMapped:        0 kB
Node 1 FileHugePages:        0 kB
Node 1 FilePmdMapped:        0 kB
Node 1 HugePages_Total:     0
Node 1 HugePages_Free:      0
Node 1 HugePages_Surp:      0

Import tank ZPool
Node 0 MemTotal:       24768352 kB
Node 0 MemFree:        24237732 kB
Node 0 MemUsed:          530620 kB
Node 0 Active:            67176 kB
Node 0 Inactive:         165712 kB
Node 0 Active(anon):      24300 kB
Node 0 Inactive(anon):      420 kB
Node 0 Active(file):      42876 kB
Node 0 Inactive(file):   165292 kB
Node 0 Unevictable:        1252 kB
Node 0 Mlocked:            1252 kB
Node 0 Dirty:                24 kB
Node 0 Writeback:             0 kB
Node 0 FilePages:        210068 kB
Node 0 Mapped:            17880 kB
Node 0 AnonPages:         23884 kB
Node 0 Shmem:               612 kB
Node 0 KernelStack:        2104 kB
Node 0 PageTables:          644 kB
Node 0 NFS_Unstable:          0 kB
Node 0 Bounce:                0 kB
Node 0 WritebackTmp:          0 kB
Node 0 KReclaimable:      28148 kB
Node 0 Slab:              71868 kB
Node 0 SReclaimable:      28148 kB
Node 0 SUnreclaim:        43720 kB
Node 0 AnonHugePages:         0 kB
Node 0 ShmemHugePages:        0 kB
Node 0 ShmemPmdMapped:        0 kB
Node 0 FileHugePages:        0 kB
Node 0 FilePmdMapped:        0 kB
Node 0 HugePages_Total:     0
Node 0 HugePages_Free:      0
Node 0 HugePages_Surp:      0

Node 1 MemTotal:       24661580 kB
Node 1 MemFree:        24400612 kB
Node 1 MemUsed:          260968 kB
Node 1 Active:            34660 kB
Node 1 Inactive:          65028 kB
Node 1 Active(anon):       9752 kB
Node 1 Inactive(anon):      528 kB
Node 1 Active(file):      24908 kB
Node 1 Inactive(file):    64500 kB
Node 1 Unevictable:       17500 kB
Node 1 Mlocked:           17500 kB
Node 1 Dirty:               164 kB
Node 1 Writeback:             0 kB
Node 1 FilePages:         97004 kB
Node 1 Mapped:            51144 kB
Node 1 AnonPages:         20180 kB
Node 1 Shmem:               656 kB
Node 1 KernelStack:        2664 kB
Node 1 PageTables:          584 kB
Node 1 NFS_Unstable:          0 kB
Node 1 Bounce:                0 kB
Node 1 WritebackTmp:          0 kB
Node 1 KReclaimable:      16896 kB
Node 1 Slab:              51680 kB
Node 1 SReclaimable:      16896 kB
Node 1 SUnreclaim:        34784 kB
Node 1 AnonHugePages:         0 kB
Node 1 ShmemHugePages:        0 kB
Node 1 ShmemPmdMapped:        0 kB
Node 1 FileHugePages:        0 kB
Node 1 FilePmdMapped:        0 kB
Node 1 HugePages_Total:     0
Node 1 HugePages_Free:      0
Node 1 HugePages_Surp:      0

After Test
Node 0 MemTotal:       24768352 kB
Node 0 MemFree:         6405684 kB
Node 0 MemUsed:        18362668 kB
Node 0 Active:            68000 kB
Node 0 Inactive:        1142044 kB
Node 0 Active(anon):      24200 kB
Node 0 Inactive(anon):      416 kB
Node 0 Active(file):      43800 kB
Node 0 Inactive(file):  1141628 kB
Node 0 Unevictable:        1252 kB
Node 0 Mlocked:            1252 kB
Node 0 Dirty:                28 kB
Node 0 Writeback:             0 kB
Node 0 FilePages:       1187292 kB
Node 0 Mapped:            17600 kB
Node 0 AnonPages:         23852 kB
Node 0 Shmem:               612 kB
Node 0 KernelStack:        1976 kB
Node 0 PageTables:          744 kB
Node 0 NFS_Unstable:          0 kB
Node 0 Bounce:                0 kB
Node 0 WritebackTmp:          0 kB
Node 0 KReclaimable:      30464 kB
Node 0 Slab:             130100 kB
Node 0 SReclaimable:      30464 kB
Node 0 SUnreclaim:        99636 kB
Node 0 AnonHugePages:         0 kB
Node 0 ShmemHugePages:        0 kB
Node 0 ShmemPmdMapped:        0 kB
Node 0 FileHugePages:        0 kB
Node 0 FilePmdMapped:        0 kB
Node 0 HugePages_Total:     0
Node 0 HugePages_Free:      0
Node 0 HugePages_Surp:      0

Node 1 MemTotal:       24661580 kB
Node 1 MemFree:        23592884 kB
Node 1 MemUsed:         1068696 kB
Node 1 Active:            34780 kB
Node 1 Inactive:          65512 kB
Node 1 Active(anon):       9476 kB
Node 1 Inactive(anon):      524 kB
Node 1 Active(file):      25304 kB
Node 1 Inactive(file):    64988 kB
Node 1 Unevictable:       17500 kB
Node 1 Mlocked:           17500 kB
Node 1 Dirty:                20 kB
Node 1 Writeback:             0 kB
Node 1 FilePages:         97952 kB
Node 1 Mapped:            51216 kB
Node 1 AnonPages:         19900 kB
Node 1 Shmem:               656 kB
Node 1 KernelStack:        2488 kB
Node 1 PageTables:          584 kB
Node 1 NFS_Unstable:          0 kB
Node 1 Bounce:                0 kB
Node 1 WritebackTmp:          0 kB
Node 1 KReclaimable:      17164 kB
Node 1 Slab:              55632 kB
Node 1 SReclaimable:      17164 kB
Node 1 SUnreclaim:        38468 kB
Node 1 AnonHugePages:         0 kB
Node 1 ShmemHugePages:        0 kB
Node 1 ShmemPmdMapped:        0 kB
Node 1 FileHugePages:        0 kB
Node 1 FilePmdMapped:        0 kB
Node 1 HugePages_Total:     0
Node 1 HugePages_Free:      0
Node 1 HugePages_Surp:      0

After Opposite Node
Node 0 MemTotal:       24768352 kB
Node 0 MemFree:         6406488 kB
Node 0 MemUsed:        18361864 kB
Node 0 Active:            67720 kB
Node 0 Inactive:        1142028 kB
Node 0 Active(anon):      23760 kB
Node 0 Inactive(anon):      416 kB
Node 0 Active(file):      43960 kB
Node 0 Inactive(file):  1141612 kB
Node 0 Unevictable:        1252 kB
Node 0 Mlocked:            1252 kB
Node 0 Dirty:                60 kB
Node 0 Writeback:             0 kB
Node 0 FilePages:       1187436 kB
Node 0 Mapped:            17604 kB
Node 0 AnonPages:         23584 kB
Node 0 Shmem:               612 kB
Node 0 KernelStack:        1976 kB
Node 0 PageTables:          528 kB
Node 0 NFS_Unstable:          0 kB
Node 0 Bounce:                0 kB
Node 0 WritebackTmp:          0 kB
Node 0 KReclaimable:      30468 kB
Node 0 Slab:             130228 kB
Node 0 SReclaimable:      30468 kB
Node 0 SUnreclaim:        99760 kB
Node 0 AnonHugePages:         0 kB
Node 0 ShmemHugePages:        0 kB
Node 0 ShmemPmdMapped:        0 kB
Node 0 FileHugePages:        0 kB
Node 0 FilePmdMapped:        0 kB
Node 0 HugePages_Total:     0
Node 0 HugePages_Free:      0
Node 0 HugePages_Surp:      0

Node 1 MemTotal:       24661580 kB
Node 1 MemFree:        23595028 kB
Node 1 MemUsed:         1066552 kB
Node 1 Active:            35532 kB
Node 1 Inactive:          65300 kB
Node 1 Active(anon):       9936 kB
Node 1 Inactive(anon):      524 kB
Node 1 Active(file):      25596 kB
Node 1 Inactive(file):    64776 kB
Node 1 Unevictable:       17500 kB
Node 1 Mlocked:           17500 kB
Node 1 Dirty:                28 kB
Node 1 Writeback:             0 kB
Node 1 FilePages:         97976 kB
Node 1 Mapped:            51004 kB
Node 1 AnonPages:         20168 kB
Node 1 Shmem:               656 kB
Node 1 KernelStack:        2488 kB
Node 1 PageTables:          800 kB
Node 1 NFS_Unstable:          0 kB
Node 1 Bounce:                0 kB
Node 1 WritebackTmp:          0 kB
Node 1 KReclaimable:      17232 kB
Node 1 Slab:              55880 kB
Node 1 SReclaimable:      17232 kB
Node 1 SUnreclaim:        38648 kB
Node 1 AnonHugePages:         0 kB
Node 1 ShmemHugePages:        0 kB
Node 1 ShmemPmdMapped:        0 kB
Node 1 FileHugePages:        0 kB
Node 1 FilePmdMapped:        0 kB
Node 1 HugePages_Total:     0
Node 1 HugePages_Free:      0
Node 1 HugePages_Surp:      0

B.0.1G-simpleread.16G.1.O.1M Complete!
