kernel.numa_balancing = 0
B.0.1G-simpleread.250M.2.O.1M
Begin
Node 0 MemTotal:       24768352 kB
Node 0 MemFree:        24471936 kB
Node 0 MemUsed:          296416 kB
Node 0 Active:            26716 kB
Node 0 Inactive:          18864 kB
Node 0 Active(anon):      13516 kB
Node 0 Inactive(anon):      280 kB
Node 0 Active(file):      13200 kB
Node 0 Inactive(file):    18584 kB
Node 0 Unevictable:        1092 kB
Node 0 Mlocked:            1092 kB
Node 0 Dirty:               264 kB
Node 0 Writeback:             0 kB
Node 0 FilePages:         33300 kB
Node 0 Mapped:             7584 kB
Node 0 AnonPages:         13396 kB
Node 0 Shmem:               412 kB
Node 0 KernelStack:        2008 kB
Node 0 PageTables:          292 kB
Node 0 NFS_Unstable:          0 kB
Node 0 Bounce:                0 kB
Node 0 WritebackTmp:          0 kB
Node 0 KReclaimable:      12896 kB
Node 0 Slab:              37260 kB
Node 0 SReclaimable:      12896 kB
Node 0 SUnreclaim:        24364 kB
Node 0 AnonHugePages:         0 kB
Node 0 ShmemHugePages:        0 kB
Node 0 ShmemPmdMapped:        0 kB
Node 0 FileHugePages:        0 kB
Node 0 FilePmdMapped:        0 kB
Node 0 HugePages_Total:     0
Node 0 HugePages_Free:      0
Node 0 HugePages_Surp:      0

Node 1 MemTotal:       24661580 kB
Node 1 MemFree:        24340180 kB
Node 1 MemUsed:          321400 kB
Node 1 Active:            68556 kB
Node 1 Inactive:          75168 kB
Node 1 Active(anon):      20412 kB
Node 1 Inactive(anon):      588 kB
Node 1 Active(file):      48144 kB
Node 1 Inactive(file):    74580 kB
Node 1 Unevictable:       17432 kB
Node 1 Mlocked:           17432 kB
Node 1 Dirty:               204 kB
Node 1 Writeback:             0 kB
Node 1 FilePages:        130828 kB
Node 1 Mapped:            37424 kB
Node 1 AnonPages:         30548 kB
Node 1 Shmem:               856 kB
Node 1 KernelStack:        1576 kB
Node 1 PageTables:          760 kB
Node 1 NFS_Unstable:          0 kB
Node 1 Bounce:                0 kB
Node 1 WritebackTmp:          0 kB
Node 1 KReclaimable:      28856 kB
Node 1 Slab:              69436 kB
Node 1 SReclaimable:      28856 kB
Node 1 SUnreclaim:        40580 kB
Node 1 AnonHugePages:         0 kB
Node 1 ShmemHugePages:        0 kB
Node 1 ShmemPmdMapped:        0 kB
Node 1 FileHugePages:        0 kB
Node 1 FilePmdMapped:        0 kB
Node 1 HugePages_Total:     0
Node 1 HugePages_Free:      0
Node 1 HugePages_Surp:      0

Load ZFS
Node 0 MemTotal:       24768352 kB
Node 0 MemFree:        24354636 kB
Node 0 MemUsed:          413716 kB
Node 0 Active:            40900 kB
Node 0 Inactive:         110548 kB
Node 0 Active(anon):      26680 kB
Node 0 Inactive(anon):      380 kB
Node 0 Active(file):      14220 kB
Node 0 Inactive(file):   110168 kB
Node 0 Unevictable:        1092 kB
Node 0 Mlocked:            1092 kB
Node 0 Dirty:                20 kB
Node 0 Writeback:             0 kB
Node 0 FilePages:        125984 kB
Node 0 Mapped:             9464 kB
Node 0 AnonPages:         26268 kB
Node 0 Shmem:               504 kB
Node 0 KernelStack:        2456 kB
Node 0 PageTables:         1148 kB
Node 0 NFS_Unstable:          0 kB
Node 0 Bounce:                0 kB
Node 0 WritebackTmp:          0 kB
Node 0 KReclaimable:      13984 kB
Node 0 Slab:              41968 kB
Node 0 SReclaimable:      13984 kB
Node 0 SUnreclaim:        27984 kB
Node 0 AnonHugePages:         0 kB
Node 0 ShmemHugePages:        0 kB
Node 0 ShmemPmdMapped:        0 kB
Node 0 FileHugePages:        0 kB
Node 0 FilePmdMapped:        0 kB
Node 0 HugePages_Total:     0
Node 0 HugePages_Free:      0
Node 0 HugePages_Surp:      0

Node 1 MemTotal:       24661580 kB
Node 1 MemFree:        24314196 kB
Node 1 MemUsed:          347384 kB
Node 1 Active:            83024 kB
Node 1 Inactive:          86848 kB
Node 1 Active(anon):      33368 kB
Node 1 Inactive(anon):      564 kB
Node 1 Active(file):      49656 kB
Node 1 Inactive(file):    86284 kB
Node 1 Unevictable:       17644 kB
Node 1 Mlocked:           17644 kB
Node 1 Dirty:               380 kB
Node 1 Writeback:             0 kB
Node 1 FilePages:        143804 kB
Node 1 Mapped:            39736 kB
Node 1 AnonPages:         43032 kB
Node 1 Shmem:               764 kB
Node 1 KernelStack:        1764 kB
Node 1 PageTables:         1248 kB
Node 1 NFS_Unstable:          0 kB
Node 1 Bounce:                0 kB
Node 1 WritebackTmp:          0 kB
Node 1 KReclaimable:      29676 kB
Node 1 Slab:              72380 kB
Node 1 SReclaimable:      29676 kB
Node 1 SUnreclaim:        42704 kB
Node 1 AnonHugePages:         0 kB
Node 1 ShmemHugePages:        0 kB
Node 1 ShmemPmdMapped:        0 kB
Node 1 FileHugePages:        0 kB
Node 1 FilePmdMapped:        0 kB
Node 1 HugePages_Total:     0
Node 1 HugePages_Free:      0
Node 1 HugePages_Surp:      0

Import tank ZPool
Node 0 MemTotal:       24768352 kB
Node 0 MemFree:        24335840 kB
Node 0 MemUsed:          432512 kB
Node 0 Active:            41828 kB
Node 0 Inactive:         111784 kB
Node 0 Active(anon):      27128 kB
Node 0 Inactive(anon):      380 kB
Node 0 Active(file):      14700 kB
Node 0 Inactive(file):   111404 kB
Node 0 Unevictable:        1092 kB
Node 0 Mlocked:            1092 kB
Node 0 Dirty:                48 kB
Node 0 Writeback:             0 kB
Node 0 FilePages:        127724 kB
Node 0 Mapped:             9604 kB
Node 0 AnonPages:         26780 kB
Node 0 Shmem:               508 kB
Node 0 KernelStack:        3544 kB
Node 0 PageTables:         1240 kB
Node 0 NFS_Unstable:          0 kB
Node 0 Bounce:                0 kB
Node 0 WritebackTmp:          0 kB
Node 0 KReclaimable:      14096 kB
Node 0 Slab:              48180 kB
Node 0 SReclaimable:      14096 kB
Node 0 SUnreclaim:        34084 kB
Node 0 AnonHugePages:         0 kB
Node 0 ShmemHugePages:        0 kB
Node 0 ShmemPmdMapped:        0 kB
Node 0 FileHugePages:        0 kB
Node 0 FilePmdMapped:        0 kB
Node 0 HugePages_Total:     0
Node 0 HugePages_Free:      0
Node 0 HugePages_Surp:      0

Node 1 MemTotal:       24661580 kB
Node 1 MemFree:        24314844 kB
Node 1 MemUsed:          346736 kB
Node 1 Active:            82336 kB
Node 1 Inactive:          86852 kB
Node 1 Active(anon):      32680 kB
Node 1 Inactive(anon):      568 kB
Node 1 Active(file):      49656 kB
Node 1 Inactive(file):    86284 kB
Node 1 Unevictable:       17660 kB
Node 1 Mlocked:           17660 kB
Node 1 Dirty:               444 kB
Node 1 Writeback:             0 kB
Node 1 FilePages:        143800 kB
Node 1 Mapped:            39524 kB
Node 1 AnonPages:         43048 kB
Node 1 Shmem:               760 kB
Node 1 KernelStack:        1640 kB
Node 1 PageTables:         1152 kB
Node 1 NFS_Unstable:          0 kB
Node 1 Bounce:                0 kB
Node 1 WritebackTmp:          0 kB
Node 1 KReclaimable:      29716 kB
Node 1 Slab:              73352 kB
Node 1 SReclaimable:      29716 kB
Node 1 SUnreclaim:        43636 kB
Node 1 AnonHugePages:         0 kB
Node 1 ShmemHugePages:        0 kB
Node 1 ShmemPmdMapped:        0 kB
Node 1 FileHugePages:        0 kB
Node 1 FilePmdMapped:        0 kB
Node 1 HugePages_Total:     0
Node 1 HugePages_Free:      0
Node 1 HugePages_Surp:      0

After Test
Node 0 MemTotal:       24768352 kB
Node 0 MemFree:        23030764 kB
Node 0 MemUsed:         1737588 kB
Node 0 Active:            30508 kB
Node 0 Inactive:        1087760 kB
Node 0 Active(anon):      14584 kB
Node 0 Inactive(anon):      376 kB
Node 0 Active(file):      15924 kB
Node 0 Inactive(file):  1087384 kB
Node 0 Unevictable:        1092 kB
Node 0 Mlocked:            1092 kB
Node 0 Dirty:                64 kB
Node 0 Writeback:             0 kB
Node 0 FilePages:       1104908 kB
Node 0 Mapped:             7704 kB
Node 0 AnonPages:         14288 kB
Node 0 Shmem:               508 kB
Node 0 KernelStack:        3096 kB
Node 0 PageTables:          424 kB
Node 0 NFS_Unstable:          0 kB
Node 0 Bounce:                0 kB
Node 0 WritebackTmp:          0 kB
Node 0 KReclaimable:      16352 kB
Node 0 Slab:              52608 kB
Node 0 SReclaimable:      16352 kB
Node 0 SUnreclaim:        36256 kB
Node 0 AnonHugePages:         0 kB
Node 0 ShmemHugePages:        0 kB
Node 0 ShmemPmdMapped:        0 kB
Node 0 FileHugePages:        0 kB
Node 0 FilePmdMapped:        0 kB
Node 0 HugePages_Total:     0
Node 0 HugePages_Free:      0
Node 0 HugePages_Surp:      0

Node 1 MemTotal:       24661580 kB
Node 1 MemFree:        24135576 kB
Node 1 MemUsed:          526004 kB
Node 1 Active:            69196 kB
Node 1 Inactive:          86364 kB
Node 1 Active(anon):      19056 kB
Node 1 Inactive(anon):      564 kB
Node 1 Active(file):      50140 kB
Node 1 Inactive(file):    85800 kB
Node 1 Unevictable:       17660 kB
Node 1 Mlocked:           17660 kB
Node 1 Dirty:               452 kB
Node 1 Writeback:             0 kB
Node 1 FilePages:        143800 kB
Node 1 Mapped:            37444 kB
Node 1 AnonPages:         29428 kB
Node 1 Shmem:               760 kB
Node 1 KernelStack:        1464 kB
Node 1 PageTables:          720 kB
Node 1 NFS_Unstable:          0 kB
Node 1 Bounce:                0 kB
Node 1 WritebackTmp:          0 kB
Node 1 KReclaimable:      29860 kB
Node 1 Slab:              74052 kB
Node 1 SReclaimable:      29860 kB
Node 1 SUnreclaim:        44192 kB
Node 1 AnonHugePages:         0 kB
Node 1 ShmemHugePages:        0 kB
Node 1 ShmemPmdMapped:        0 kB
Node 1 FileHugePages:        0 kB
Node 1 FilePmdMapped:        0 kB
Node 1 HugePages_Total:     0
Node 1 HugePages_Free:      0
Node 1 HugePages_Surp:      0

After Opposite Node
Node 0 MemTotal:       24768352 kB
Node 0 MemFree:        23032204 kB
Node 0 MemUsed:         1736148 kB
Node 0 Active:            30468 kB
Node 0 Inactive:        1087544 kB
Node 0 Active(anon):      14180 kB
Node 0 Inactive(anon):      376 kB
Node 0 Active(file):      16288 kB
Node 0 Inactive(file):  1087168 kB
Node 0 Unevictable:        1092 kB
Node 0 Mlocked:            1092 kB
Node 0 Dirty:                64 kB
Node 0 Writeback:             0 kB
Node 0 FilePages:       1105060 kB
Node 0 Mapped:             7704 kB
Node 0 AnonPages:         14052 kB
Node 0 Shmem:               508 kB
Node 0 KernelStack:        3080 kB
Node 0 PageTables:          292 kB
Node 0 NFS_Unstable:          0 kB
Node 0 Bounce:                0 kB
Node 0 WritebackTmp:          0 kB
Node 0 KReclaimable:      16396 kB
Node 0 Slab:              52776 kB
Node 0 SReclaimable:      16396 kB
Node 0 SUnreclaim:        36380 kB
Node 0 AnonHugePages:         0 kB
Node 0 ShmemHugePages:        0 kB
Node 0 ShmemPmdMapped:        0 kB
Node 0 FileHugePages:        0 kB
Node 0 FilePmdMapped:        0 kB
Node 0 HugePages_Total:     0
Node 0 HugePages_Free:      0
Node 0 HugePages_Surp:      0

Node 1 MemTotal:       24661580 kB
Node 1 MemFree:        24136372 kB
Node 1 MemUsed:          525208 kB
Node 1 Active:            69720 kB
Node 1 Inactive:          86332 kB
Node 1 Active(anon):      19540 kB
Node 1 Inactive(anon):      564 kB
Node 1 Active(file):      50180 kB
Node 1 Inactive(file):    85768 kB
Node 1 Unevictable:       17660 kB
Node 1 Mlocked:           17660 kB
Node 1 Dirty:               116 kB
Node 1 Writeback:             0 kB
Node 1 FilePages:        143808 kB
Node 1 Mapped:            37444 kB
Node 1 AnonPages:         29764 kB
Node 1 Shmem:               760 kB
Node 1 KernelStack:        1480 kB
Node 1 PageTables:          824 kB
Node 1 NFS_Unstable:          0 kB
Node 1 Bounce:                0 kB
Node 1 WritebackTmp:          0 kB
Node 1 KReclaimable:      29900 kB
Node 1 Slab:              74488 kB
Node 1 SReclaimable:      29900 kB
Node 1 SUnreclaim:        44588 kB
Node 1 AnonHugePages:         0 kB
Node 1 ShmemHugePages:        0 kB
Node 1 ShmemPmdMapped:        0 kB
Node 1 FileHugePages:        0 kB
Node 1 FilePmdMapped:        0 kB
Node 1 HugePages_Total:     0
Node 1 HugePages_Free:      0
Node 1 HugePages_Surp:      0

B.0.1G-simpleread.250M.2.O.1M Complete!
