kernel.numa_balancing = 0
B.0.1G-simpleread.4G.3.O.1M
Begin
Node 0 MemTotal:       24768352 kB
Node 0 MemFree:        24570436 kB
Node 0 MemUsed:          197916 kB
Node 0 Active:            30652 kB
Node 0 Inactive:          35288 kB
Node 0 Active(anon):      12744 kB
Node 0 Inactive(anon):      600 kB
Node 0 Active(file):      17908 kB
Node 0 Inactive(file):    34688 kB
Node 0 Unevictable:        1476 kB
Node 0 Mlocked:            1476 kB
Node 0 Dirty:               276 kB
Node 0 Writeback:             0 kB
Node 0 FilePages:         54912 kB
Node 0 Mapped:            12544 kB
Node 0 AnonPages:         12608 kB
Node 0 Shmem:               840 kB
Node 0 KernelStack:        2312 kB
Node 0 PageTables:          376 kB
Node 0 NFS_Unstable:          0 kB
Node 0 Bounce:                0 kB
Node 0 WritebackTmp:          0 kB
Node 0 KReclaimable:      16084 kB
Node 0 Slab:              43704 kB
Node 0 SReclaimable:      16084 kB
Node 0 SUnreclaim:        27620 kB
Node 0 AnonHugePages:         0 kB
Node 0 ShmemHugePages:        0 kB
Node 0 ShmemPmdMapped:        0 kB
Node 0 FileHugePages:        0 kB
Node 0 FilePmdMapped:        0 kB
Node 0 HugePages_Total:     0
Node 0 HugePages_Free:      0
Node 0 HugePages_Surp:      0

Node 1 MemTotal:       24661580 kB
Node 1 MemFree:        24241464 kB
Node 1 MemUsed:          420116 kB
Node 1 Active:            64292 kB
Node 1 Inactive:          59068 kB
Node 1 Active(anon):      21020 kB
Node 1 Inactive(anon):      280 kB
Node 1 Active(file):      43272 kB
Node 1 Inactive(file):    58788 kB
Node 1 Unevictable:       17048 kB
Node 1 Mlocked:           17048 kB
Node 1 Dirty:               232 kB
Node 1 Writeback:             0 kB
Node 1 FilePages:        109236 kB
Node 1 Mapped:            29756 kB
Node 1 AnonPages:         31244 kB
Node 1 Shmem:               428 kB
Node 1 KernelStack:        1288 kB
Node 1 PageTables:          672 kB
Node 1 NFS_Unstable:          0 kB
Node 1 Bounce:                0 kB
Node 1 WritebackTmp:          0 kB
Node 1 KReclaimable:      25220 kB
Node 1 Slab:              61060 kB
Node 1 SReclaimable:      25220 kB
Node 1 SUnreclaim:        35840 kB
Node 1 AnonHugePages:         0 kB
Node 1 ShmemHugePages:        0 kB
Node 1 ShmemPmdMapped:        0 kB
Node 1 FileHugePages:        0 kB
Node 1 FilePmdMapped:        0 kB
Node 1 HugePages_Total:     0
Node 1 HugePages_Free:      0
Node 1 HugePages_Surp:      0

Load ZFS
Node 0 MemTotal:       24768352 kB
Node 0 MemFree:        24551428 kB
Node 0 MemUsed:          216924 kB
Node 0 Active:            45368 kB
Node 0 Inactive:          40004 kB
Node 0 Active(anon):      26068 kB
Node 0 Inactive(anon):      484 kB
Node 0 Active(file):      19300 kB
Node 0 Inactive(file):    39520 kB
Node 0 Unevictable:        1476 kB
Node 0 Mlocked:            1476 kB
Node 0 Dirty:                20 kB
Node 0 Writeback:             0 kB
Node 0 FilePages:         61020 kB
Node 0 Mapped:            15772 kB
Node 0 AnonPages:         25896 kB
Node 0 Shmem:               724 kB
Node 0 KernelStack:        2712 kB
Node 0 PageTables:         1272 kB
Node 0 NFS_Unstable:          0 kB
Node 0 Bounce:                0 kB
Node 0 WritebackTmp:          0 kB
Node 0 KReclaimable:      16904 kB
Node 0 Slab:              46708 kB
Node 0 SReclaimable:      16904 kB
Node 0 SUnreclaim:        29804 kB
Node 0 AnonHugePages:         0 kB
Node 0 ShmemHugePages:        0 kB
Node 0 ShmemPmdMapped:        0 kB
Node 0 FileHugePages:        0 kB
Node 0 FilePmdMapped:        0 kB
Node 0 HugePages_Total:     0
Node 0 HugePages_Free:      0
Node 0 HugePages_Surp:      0

Node 1 MemTotal:       24661580 kB
Node 1 MemFree:        24120836 kB
Node 1 MemUsed:          540744 kB
Node 1 Active:            75032 kB
Node 1 Inactive:         157456 kB
Node 1 Active(anon):      30276 kB
Node 1 Inactive(anon):      372 kB
Node 1 Active(file):      44756 kB
Node 1 Inactive(file):   157084 kB
Node 1 Unevictable:       17248 kB
Node 1 Mlocked:           17248 kB
Node 1 Dirty:               488 kB
Node 1 Writeback:             0 kB
Node 1 FilePages:        209388 kB
Node 1 Mapped:            30760 kB
Node 1 AnonPages:         40780 kB
Node 1 Shmem:               544 kB
Node 1 KernelStack:        1476 kB
Node 1 PageTables:         1464 kB
Node 1 NFS_Unstable:          0 kB
Node 1 Bounce:                0 kB
Node 1 WritebackTmp:          0 kB
Node 1 KReclaimable:      26220 kB
Node 1 Slab:              65516 kB
Node 1 SReclaimable:      26220 kB
Node 1 SUnreclaim:        39296 kB
Node 1 AnonHugePages:         0 kB
Node 1 ShmemHugePages:        0 kB
Node 1 ShmemPmdMapped:        0 kB
Node 1 FileHugePages:        0 kB
Node 1 FilePmdMapped:        0 kB
Node 1 HugePages_Total:     0
Node 1 HugePages_Free:      0
Node 1 HugePages_Surp:      0

Import tank ZPool
Node 0 MemTotal:       24768352 kB
Node 0 MemFree:        24536268 kB
Node 0 MemUsed:          232084 kB
Node 0 Active:            44732 kB
Node 0 Inactive:          40048 kB
Node 0 Active(anon):      25764 kB
Node 0 Inactive(anon):      484 kB
Node 0 Active(file):      18968 kB
Node 0 Inactive(file):    39564 kB
Node 0 Unevictable:        1476 kB
Node 0 Mlocked:            1476 kB
Node 0 Dirty:                32 kB
Node 0 Writeback:             0 kB
Node 0 FilePages:         60660 kB
Node 0 Mapped:            15352 kB
Node 0 AnonPages:         25596 kB
Node 0 Shmem:               652 kB
Node 0 KernelStack:        3736 kB
Node 0 PageTables:         1168 kB
Node 0 NFS_Unstable:          0 kB
Node 0 Bounce:                0 kB
Node 0 WritebackTmp:          0 kB
Node 0 KReclaimable:      16928 kB
Node 0 Slab:              48788 kB
Node 0 SReclaimable:      16928 kB
Node 0 SUnreclaim:        31860 kB
Node 0 AnonHugePages:         0 kB
Node 0 ShmemHugePages:        0 kB
Node 0 ShmemPmdMapped:        0 kB
Node 0 FileHugePages:        0 kB
Node 0 FilePmdMapped:        0 kB
Node 0 HugePages_Total:     0
Node 0 HugePages_Free:      0
Node 0 HugePages_Surp:      0

Node 1 MemTotal:       24661580 kB
Node 1 MemFree:        24114392 kB
Node 1 MemUsed:          547188 kB
Node 1 Active:            75072 kB
Node 1 Inactive:         159052 kB
Node 1 Active(anon):      30012 kB
Node 1 Inactive(anon):      464 kB
Node 1 Active(file):      45060 kB
Node 1 Inactive(file):   158588 kB
Node 1 Unevictable:       17280 kB
Node 1 Mlocked:           17280 kB
Node 1 Dirty:               564 kB
Node 1 Writeback:             0 kB
Node 1 FilePages:        211012 kB
Node 1 Mapped:            30776 kB
Node 1 AnonPages:         40052 kB
Node 1 Shmem:               616 kB
Node 1 KernelStack:        1432 kB
Node 1 PageTables:         1244 kB
Node 1 NFS_Unstable:          0 kB
Node 1 Bounce:                0 kB
Node 1 WritebackTmp:          0 kB
Node 1 KReclaimable:      26380 kB
Node 1 Slab:              70956 kB
Node 1 SReclaimable:      26380 kB
Node 1 SUnreclaim:        44576 kB
Node 1 AnonHugePages:         0 kB
Node 1 ShmemHugePages:        0 kB
Node 1 ShmemPmdMapped:        0 kB
Node 1 FileHugePages:        0 kB
Node 1 FilePmdMapped:        0 kB
Node 1 HugePages_Total:     0
Node 1 HugePages_Free:      0
Node 1 HugePages_Surp:      0

After Test
Node 0 MemTotal:       24768352 kB
Node 0 MemFree:        24019080 kB
Node 0 MemUsed:          749272 kB
Node 0 Active:            32740 kB
Node 0 Inactive:          39724 kB
Node 0 Active(anon):      12680 kB
Node 0 Inactive(anon):      480 kB
Node 0 Active(file):      20060 kB
Node 0 Inactive(file):    39244 kB
Node 0 Unevictable:        1476 kB
Node 0 Mlocked:            1476 kB
Node 0 Dirty:                20 kB
Node 0 Writeback:             0 kB
Node 0 FilePages:         61432 kB
Node 0 Mapped:            12552 kB
Node 0 AnonPages:         12612 kB
Node 0 Shmem:               652 kB
Node 0 KernelStack:        3368 kB
Node 0 PageTables:          516 kB
Node 0 NFS_Unstable:          0 kB
Node 0 Bounce:                0 kB
Node 0 WritebackTmp:          0 kB
Node 0 KReclaimable:      17168 kB
Node 0 Slab:              51464 kB
Node 0 SReclaimable:      17168 kB
Node 0 SUnreclaim:        34296 kB
Node 0 AnonHugePages:         0 kB
Node 0 ShmemHugePages:        0 kB
Node 0 ShmemPmdMapped:        0 kB
Node 0 FileHugePages:        0 kB
Node 0 FilePmdMapped:        0 kB
Node 0 HugePages_Total:     0
Node 0 HugePages_Free:      0
Node 0 HugePages_Surp:      0

Node 1 MemTotal:       24661580 kB
Node 1 MemFree:        18642932 kB
Node 1 MemUsed:         6018648 kB
Node 1 Active:            66304 kB
Node 1 Inactive:        1135084 kB
Node 1 Active(anon):      20788 kB
Node 1 Inactive(anon):      460 kB
Node 1 Active(file):      45516 kB
Node 1 Inactive(file):  1134624 kB
Node 1 Unevictable:       17280 kB
Node 1 Mlocked:           17280 kB
Node 1 Dirty:                28 kB
Node 1 Writeback:             0 kB
Node 1 FilePages:       1187480 kB
Node 1 Mapped:            29812 kB
Node 1 AnonPages:         31192 kB
Node 1 Shmem:               616 kB
Node 1 KernelStack:        1208 kB
Node 1 PageTables:          684 kB
Node 1 NFS_Unstable:          0 kB
Node 1 Bounce:                0 kB
Node 1 WritebackTmp:          0 kB
Node 1 KReclaimable:      28628 kB
Node 1 Slab:              90948 kB
Node 1 SReclaimable:      28628 kB
Node 1 SUnreclaim:        62320 kB
Node 1 AnonHugePages:         0 kB
Node 1 ShmemHugePages:        0 kB
Node 1 ShmemPmdMapped:        0 kB
Node 1 FileHugePages:        0 kB
Node 1 FilePmdMapped:        0 kB
Node 1 HugePages_Total:     0
Node 1 HugePages_Free:      0
Node 1 HugePages_Surp:      0

After Opposite Node
Node 0 MemTotal:       24768352 kB
Node 0 MemFree:        24022020 kB
Node 0 MemUsed:          746332 kB
Node 0 Active:            32604 kB
Node 0 Inactive:          39688 kB
Node 0 Active(anon):      12504 kB
Node 0 Inactive(anon):      480 kB
Node 0 Active(file):      20100 kB
Node 0 Inactive(file):    39208 kB
Node 0 Unevictable:        1476 kB
Node 0 Mlocked:            1476 kB
Node 0 Dirty:                24 kB
Node 0 Writeback:             0 kB
Node 0 FilePages:         61436 kB
Node 0 Mapped:            12548 kB
Node 0 AnonPages:         12336 kB
Node 0 Shmem:               652 kB
Node 0 KernelStack:        3336 kB
Node 0 PageTables:          304 kB
Node 0 NFS_Unstable:          0 kB
Node 0 Bounce:                0 kB
Node 0 WritebackTmp:          0 kB
Node 0 KReclaimable:      17168 kB
Node 0 Slab:              51456 kB
Node 0 SReclaimable:      17168 kB
Node 0 SUnreclaim:        34288 kB
Node 0 AnonHugePages:         0 kB
Node 0 ShmemHugePages:        0 kB
Node 0 ShmemPmdMapped:        0 kB
Node 0 FileHugePages:        0 kB
Node 0 FilePmdMapped:        0 kB
Node 0 HugePages_Total:     0
Node 0 HugePages_Free:      0
Node 0 HugePages_Surp:      0

Node 1 MemTotal:       24661580 kB
Node 1 MemFree:        18641680 kB
Node 1 MemUsed:         6019900 kB
Node 1 Active:            67176 kB
Node 1 Inactive:        1134840 kB
Node 1 Active(anon):      21252 kB
Node 1 Inactive(anon):      460 kB
Node 1 Active(file):      45924 kB
Node 1 Inactive(file):  1134380 kB
Node 1 Unevictable:       17280 kB
Node 1 Mlocked:           17280 kB
Node 1 Dirty:                56 kB
Node 1 Writeback:             0 kB
Node 1 FilePages:       1187636 kB
Node 1 Mapped:            29804 kB
Node 1 AnonPages:         31464 kB
Node 1 Shmem:               616 kB
Node 1 KernelStack:        1208 kB
Node 1 PageTables:          896 kB
Node 1 NFS_Unstable:          0 kB
Node 1 Bounce:                0 kB
Node 1 WritebackTmp:          0 kB
Node 1 KReclaimable:      28664 kB
Node 1 Slab:              91464 kB
Node 1 SReclaimable:      28664 kB
Node 1 SUnreclaim:        62800 kB
Node 1 AnonHugePages:         0 kB
Node 1 ShmemHugePages:        0 kB
Node 1 ShmemPmdMapped:        0 kB
Node 1 FileHugePages:        0 kB
Node 1 FilePmdMapped:        0 kB
Node 1 HugePages_Total:     0
Node 1 HugePages_Free:      0
Node 1 HugePages_Surp:      0

B.0.1G-simpleread.4G.3.O.1M Complete!
