B.0.fio.1M.1.O
Begin
Node 0 MemTotal:       24768352 kB
Node 0 MemFree:        24462944 kB
Node 0 MemUsed:          305408 kB
Node 0 Active:            61632 kB
Node 0 Inactive:          78220 kB
Node 0 Active(anon):      18548 kB
Node 0 Inactive(anon):      308 kB
Node 0 Active(file):      43084 kB
Node 0 Inactive(file):    77912 kB
Node 0 Unevictable:       17640 kB
Node 0 Mlocked:           17640 kB
Node 0 Dirty:               140 kB
Node 0 Writeback:             0 kB
Node 0 FilePages:        128928 kB
Node 0 Mapped:            76132 kB
Node 0 AnonPages:         28704 kB
Node 0 Shmem:               476 kB
Node 0 KernelStack:        2104 kB
Node 0 PageTables:          860 kB
Node 0 NFS_Unstable:          0 kB
Node 0 Bounce:                0 kB
Node 0 WritebackTmp:          0 kB
Node 0 KReclaimable:      20620 kB
Node 0 Slab:              58828 kB
Node 0 SReclaimable:      20620 kB
Node 0 SUnreclaim:        38208 kB
Node 0 AnonHugePages:         0 kB
Node 0 ShmemHugePages:        0 kB
Node 0 ShmemPmdMapped:        0 kB
Node 0 FileHugePages:        0 kB
Node 0 FilePmdMapped:        0 kB
Node 0 HugePages_Total:     0
Node 0 HugePages_Free:      0
Node 0 HugePages_Surp:      0

Node 1 MemTotal:       24661580 kB
Node 1 MemFree:        24307956 kB
Node 1 MemUsed:          353624 kB
Node 1 Active:            32592 kB
Node 1 Inactive:          60920 kB
Node 1 Active(anon):      15152 kB
Node 1 Inactive(anon):      556 kB
Node 1 Active(file):      17440 kB
Node 1 Inactive(file):    60364 kB
Node 1 Unevictable:         880 kB
Node 1 Mlocked:             880 kB
Node 1 Dirty:               384 kB
Node 1 Writeback:             0 kB
Node 1 FilePages:         79476 kB
Node 1 Mapped:             9672 kB
Node 1 AnonPages:         15032 kB
Node 1 Shmem:               792 kB
Node 1 KernelStack:        1512 kB
Node 1 PageTables:          360 kB
Node 1 NFS_Unstable:          0 kB
Node 1 Bounce:                0 kB
Node 1 WritebackTmp:          0 kB
Node 1 KReclaimable:      20720 kB
Node 1 Slab:              45724 kB
Node 1 SReclaimable:      20720 kB
Node 1 SUnreclaim:        25004 kB
Node 1 AnonHugePages:         0 kB
Node 1 ShmemHugePages:        0 kB
Node 1 ShmemPmdMapped:        0 kB
Node 1 FileHugePages:        0 kB
Node 1 FilePmdMapped:        0 kB
Node 1 HugePages_Total:     0
Node 1 HugePages_Free:      0
Node 1 HugePages_Surp:      0

Load ZFS
Node 0 MemTotal:       24768352 kB
Node 0 MemFree:        24425552 kB
Node 0 MemUsed:          342800 kB
Node 0 Active:            77056 kB
Node 0 Inactive:          97052 kB
Node 0 Active(anon):      32320 kB
Node 0 Inactive(anon):      292 kB
Node 0 Active(file):      44736 kB
Node 0 Inactive(file):    96760 kB
Node 0 Unevictable:       17640 kB
Node 0 Mlocked:           17640 kB
Node 0 Dirty:               224 kB
Node 0 Writeback:             0 kB
Node 0 FilePages:        149544 kB
Node 0 Mapped:            78660 kB
Node 0 AnonPages:         42352 kB
Node 0 Shmem:               436 kB
Node 0 KernelStack:        2388 kB
Node 0 PageTables:         1516 kB
Node 0 NFS_Unstable:          0 kB
Node 0 Bounce:                0 kB
Node 0 WritebackTmp:          0 kB
Node 0 KReclaimable:      21216 kB
Node 0 Slab:              61908 kB
Node 0 SReclaimable:      21216 kB
Node 0 SUnreclaim:        40692 kB
Node 0 AnonHugePages:         0 kB
Node 0 ShmemHugePages:        0 kB
Node 0 ShmemPmdMapped:        0 kB
Node 0 FileHugePages:        0 kB
Node 0 FilePmdMapped:        0 kB
Node 0 HugePages_Total:     0
Node 0 HugePages_Free:      0
Node 0 HugePages_Surp:      0

Node 1 MemTotal:       24661580 kB
Node 1 MemFree:        24202972 kB
Node 1 MemUsed:          458608 kB
Node 1 Active:            44932 kB
Node 1 Inactive:         145408 kB
Node 1 Active(anon):      26856 kB
Node 1 Inactive(anon):      364 kB
Node 1 Active(file):      18076 kB
Node 1 Inactive(file):   145044 kB
Node 1 Unevictable:         880 kB
Node 1 Mlocked:             880 kB
Node 1 Dirty:               140 kB
Node 1 Writeback:             0 kB
Node 1 FilePages:        165136 kB
Node 1 Mapped:            12616 kB
Node 1 AnonPages:         26236 kB
Node 1 Shmem:               832 kB
Node 1 KernelStack:        1920 kB
Node 1 PageTables:         1876 kB
Node 1 NFS_Unstable:          0 kB
Node 1 Bounce:                0 kB
Node 1 WritebackTmp:          0 kB
Node 1 KReclaimable:      21436 kB
Node 1 Slab:              50968 kB
Node 1 SReclaimable:      21436 kB
Node 1 SUnreclaim:        29532 kB
Node 1 AnonHugePages:         0 kB
Node 1 ShmemHugePages:        0 kB
Node 1 ShmemPmdMapped:        0 kB
Node 1 FileHugePages:        0 kB
Node 1 FilePmdMapped:        0 kB
Node 1 HugePages_Total:     0
Node 1 HugePages_Free:      0
Node 1 HugePages_Surp:      0

Import tank ZPool
Node 0 MemTotal:       24768352 kB
Node 0 MemFree:        24427768 kB
Node 0 MemUsed:          340584 kB
Node 0 Active:            64492 kB
Node 0 Inactive:          97960 kB
Node 0 Active(anon):      19100 kB
Node 0 Inactive(anon):      552 kB
Node 0 Active(file):      45392 kB
Node 0 Inactive(file):    97408 kB
Node 0 Unevictable:       17872 kB
Node 0 Mlocked:           17872 kB
Node 0 Dirty:               620 kB
Node 0 Writeback:             0 kB
Node 0 FilePages:        150808 kB
Node 0 Mapped:            76404 kB
Node 0 AnonPages:         29156 kB
Node 0 Shmem:               692 kB
Node 0 KernelStack:        2216 kB
Node 0 PageTables:         1024 kB
Node 0 NFS_Unstable:          0 kB
Node 0 Bounce:                0 kB
Node 0 WritebackTmp:          0 kB
Node 0 KReclaimable:      21432 kB
Node 0 Slab:              66480 kB
Node 0 SReclaimable:      21432 kB
Node 0 SUnreclaim:        45048 kB
Node 0 AnonHugePages:         0 kB
Node 0 ShmemHugePages:        0 kB
Node 0 ShmemPmdMapped:        0 kB
Node 0 FileHugePages:        0 kB
Node 0 FilePmdMapped:        0 kB
Node 0 HugePages_Total:     0
Node 0 HugePages_Free:      0
Node 0 HugePages_Surp:      0

Node 1 MemTotal:       24661580 kB
Node 1 MemFree:        24205328 kB
Node 1 MemUsed:          456252 kB
Node 1 Active:            33396 kB
Node 1 Inactive:         144936 kB
Node 1 Active(anon):      14496 kB
Node 1 Inactive(anon):      396 kB
Node 1 Active(file):      18900 kB
Node 1 Inactive(file):   144540 kB
Node 1 Unevictable:         880 kB
Node 1 Mlocked:             880 kB
Node 1 Dirty:                84 kB
Node 1 Writeback:             0 kB
Node 1 FilePages:        164912 kB
Node 1 Mapped:             9728 kB
Node 1 AnonPages:         14316 kB
Node 1 Shmem:               576 kB
Node 1 KernelStack:        2520 kB
Node 1 PageTables:          300 kB
Node 1 NFS_Unstable:          0 kB
Node 1 Bounce:                0 kB
Node 1 WritebackTmp:          0 kB
Node 1 KReclaimable:      21796 kB
Node 1 Slab:              52500 kB
Node 1 SReclaimable:      21796 kB
Node 1 SUnreclaim:        30704 kB
Node 1 AnonHugePages:         0 kB
Node 1 ShmemHugePages:        0 kB
Node 1 ShmemPmdMapped:        0 kB
Node 1 FileHugePages:        0 kB
Node 1 FilePmdMapped:        0 kB
Node 1 HugePages_Total:     0
Node 1 HugePages_Free:      0
Node 1 HugePages_Surp:      0

After Test
Node 0 MemTotal:       24768352 kB
Node 0 MemFree:        24419472 kB
Node 0 MemUsed:          348880 kB
Node 0 Active:            65856 kB
Node 0 Inactive:          98916 kB
Node 0 Active(anon):      19300 kB
Node 0 Inactive(anon):      564 kB
Node 0 Active(file):      46556 kB
Node 0 Inactive(file):    98352 kB
Node 0 Unevictable:       17872 kB
Node 0 Mlocked:           17872 kB
Node 0 Dirty:               628 kB
Node 0 Writeback:             0 kB
Node 0 FilePages:        153232 kB
Node 0 Mapped:            76504 kB
Node 0 AnonPages:         29564 kB
Node 0 Shmem:               720 kB
Node 0 KernelStack:        2264 kB
Node 0 PageTables:          996 kB
Node 0 NFS_Unstable:          0 kB
Node 0 Bounce:                0 kB
Node 0 WritebackTmp:          0 kB
Node 0 KReclaimable:      22720 kB
Node 0 Slab:              68080 kB
Node 0 SReclaimable:      22720 kB
Node 0 SUnreclaim:        45360 kB
Node 0 AnonHugePages:         0 kB
Node 0 ShmemHugePages:        0 kB
Node 0 ShmemPmdMapped:        0 kB
Node 0 FileHugePages:        0 kB
Node 0 FilePmdMapped:        0 kB
Node 0 HugePages_Total:     0
Node 0 HugePages_Free:      0
Node 0 HugePages_Surp:      0

Node 1 MemTotal:       24661580 kB
Node 1 MemFree:        24205336 kB
Node 1 MemUsed:          456244 kB
Node 1 Active:            33452 kB
Node 1 Inactive:         144896 kB
Node 1 Active(anon):      14496 kB
Node 1 Inactive(anon):      396 kB
Node 1 Active(file):      18956 kB
Node 1 Inactive(file):   144500 kB
Node 1 Unevictable:         880 kB
Node 1 Mlocked:             880 kB
Node 1 Dirty:                84 kB
Node 1 Writeback:             0 kB
Node 1 FilePages:        164912 kB
Node 1 Mapped:             9692 kB
Node 1 AnonPages:         14316 kB
Node 1 Shmem:               576 kB
Node 1 KernelStack:        2520 kB
Node 1 PageTables:          300 kB
Node 1 NFS_Unstable:          0 kB
Node 1 Bounce:                0 kB
Node 1 WritebackTmp:          0 kB
Node 1 KReclaimable:      21796 kB
Node 1 Slab:              52500 kB
Node 1 SReclaimable:      21796 kB
Node 1 SUnreclaim:        30704 kB
Node 1 AnonHugePages:         0 kB
Node 1 ShmemHugePages:        0 kB
Node 1 ShmemPmdMapped:        0 kB
Node 1 FileHugePages:        0 kB
Node 1 FilePmdMapped:        0 kB
Node 1 HugePages_Total:     0
Node 1 HugePages_Free:      0
Node 1 HugePages_Surp:      0

After Opposite Node
Node 0 MemTotal:       24768352 kB
Node 0 MemFree:        24419268 kB
Node 0 MemUsed:          349084 kB
Node 0 Active:            65828 kB
Node 0 Inactive:          98736 kB
Node 0 Active(anon):      18964 kB
Node 0 Inactive(anon):      544 kB
Node 0 Active(file):      46864 kB
Node 0 Inactive(file):    98192 kB
Node 0 Unevictable:       17872 kB
Node 0 Mlocked:           17872 kB
Node 0 Dirty:               648 kB
Node 0 Writeback:             0 kB
Node 0 FilePages:        153060 kB
Node 0 Mapped:            76472 kB
Node 0 AnonPages:         29372 kB
Node 0 Shmem:               692 kB
Node 0 KernelStack:        2184 kB
Node 0 PageTables:          940 kB
Node 0 NFS_Unstable:          0 kB
Node 0 Bounce:                0 kB
Node 0 WritebackTmp:          0 kB
Node 0 KReclaimable:      22720 kB
Node 0 Slab:              68048 kB
Node 0 SReclaimable:      22720 kB
Node 0 SUnreclaim:        45328 kB
Node 0 AnonHugePages:         0 kB
Node 0 ShmemHugePages:        0 kB
Node 0 ShmemPmdMapped:        0 kB
Node 0 FileHugePages:        0 kB
Node 0 FilePmdMapped:        0 kB
Node 0 HugePages_Total:     0
Node 0 HugePages_Free:      0
Node 0 HugePages_Surp:      0

Node 1 MemTotal:       24661580 kB
Node 1 MemFree:        24204692 kB
Node 1 MemUsed:          456888 kB
Node 1 Active:            33624 kB
Node 1 Inactive:         144936 kB
Node 1 Active(anon):      14664 kB
Node 1 Inactive(anon):      428 kB
Node 1 Active(file):      18960 kB
Node 1 Inactive(file):   144508 kB
Node 1 Unevictable:         880 kB
Node 1 Mlocked:             880 kB
Node 1 Dirty:                92 kB
Node 1 Writeback:             0 kB
Node 1 FilePages:        164968 kB
Node 1 Mapped:             9736 kB
Node 1 AnonPages:         14420 kB
Node 1 Shmem:               620 kB
Node 1 KernelStack:        2616 kB
Node 1 PageTables:          516 kB
Node 1 NFS_Unstable:          0 kB
Node 1 Bounce:                0 kB
Node 1 WritebackTmp:          0 kB
Node 1 KReclaimable:      21828 kB
Node 1 Slab:              52772 kB
Node 1 SReclaimable:      21828 kB
Node 1 SUnreclaim:        30944 kB
Node 1 AnonHugePages:         0 kB
Node 1 ShmemHugePages:        0 kB
Node 1 ShmemPmdMapped:        0 kB
Node 1 FileHugePages:        0 kB
Node 1 FilePmdMapped:        0 kB
Node 1 HugePages_Total:     0
Node 1 HugePages_Free:      0
Node 1 HugePages_Surp:      0

B.0.fio.1M.1.O Complete!
