B.0.fio.500M.2.O
Begin
Node 0 MemTotal:       24743736 kB
Node 0 MemFree:        24512728 kB
Node 0 MemUsed:          231008 kB
Node 0 Active:            52444 kB
Node 0 Inactive:          28392 kB
Node 0 Active(anon):       9760 kB
Node 0 Inactive(anon):      440 kB
Node 0 Active(file):      42684 kB
Node 0 Inactive(file):    27952 kB
Node 0 Unevictable:        8188 kB
Node 0 Mlocked:            8188 kB
Node 0 Dirty:               296 kB
Node 0 Writeback:             0 kB
Node 0 FilePages:         78940 kB
Node 0 Mapped:            28860 kB
Node 0 AnonPages:         10716 kB
Node 0 Shmem:               640 kB
Node 0 KernelStack:        1752 kB
Node 0 PageTables:          568 kB
Node 0 NFS_Unstable:          0 kB
Node 0 Bounce:                0 kB
Node 0 WritebackTmp:          0 kB
Node 0 KReclaimable:      21520 kB
Node 0 Slab:              56004 kB
Node 0 SReclaimable:      21520 kB
Node 0 SUnreclaim:        34484 kB
Node 0 AnonHugePages:         0 kB
Node 0 ShmemHugePages:        0 kB
Node 0 ShmemPmdMapped:        0 kB
Node 0 FileHugePages:        0 kB
Node 0 FilePmdMapped:        0 kB
Node 0 HugePages_Total:     0
Node 0 HugePages_Free:      0
Node 0 HugePages_Surp:      0

Node 1 MemTotal:       24686196 kB
Node 1 MemFree:        24314400 kB
Node 1 MemUsed:          371796 kB
Node 1 Active:            40824 kB
Node 1 Inactive:          54804 kB
Node 1 Active(anon):      23544 kB
Node 1 Inactive(anon):      440 kB
Node 1 Active(file):      17280 kB
Node 1 Inactive(file):    54364 kB
Node 1 Unevictable:       10336 kB
Node 1 Mlocked:           10336 kB
Node 1 Dirty:               124 kB
Node 1 Writeback:             0 kB
Node 1 FilePages:         72968 kB
Node 1 Mapped:            11624 kB
Node 1 AnonPages:         33176 kB
Node 1 Shmem:               628 kB
Node 1 KernelStack:        1912 kB
Node 1 PageTables:          516 kB
Node 1 NFS_Unstable:          0 kB
Node 1 Bounce:                0 kB
Node 1 WritebackTmp:          0 kB
Node 1 KReclaimable:      20116 kB
Node 1 Slab:              50764 kB
Node 1 SReclaimable:      20116 kB
Node 1 SUnreclaim:        30648 kB
Node 1 AnonHugePages:         0 kB
Node 1 ShmemHugePages:        0 kB
Node 1 ShmemPmdMapped:        0 kB
Node 1 FileHugePages:        0 kB
Node 1 FilePmdMapped:        0 kB
Node 1 HugePages_Total:     0
Node 1 HugePages_Free:      0
Node 1 HugePages_Surp:      0

Load ZFS
Node 0 MemTotal:       24743736 kB
Node 0 MemFree:        24491500 kB
Node 0 MemUsed:          252236 kB
Node 0 Active:            64364 kB
Node 0 Inactive:          29696 kB
Node 0 Active(anon):      20908 kB
Node 0 Inactive(anon):      516 kB
Node 0 Active(file):      43456 kB
Node 0 Inactive(file):    29180 kB
Node 0 Unevictable:        8188 kB
Node 0 Mlocked:            8188 kB
Node 0 Dirty:               228 kB
Node 0 Writeback:             0 kB
Node 0 FilePages:         81020 kB
Node 0 Mapped:            31464 kB
Node 0 AnonPages:         21372 kB
Node 0 Shmem:               720 kB
Node 0 KernelStack:        2024 kB
Node 0 PageTables:         1412 kB
Node 0 NFS_Unstable:          0 kB
Node 0 Bounce:                0 kB
Node 0 WritebackTmp:          0 kB
Node 0 KReclaimable:      22216 kB
Node 0 Slab:              59056 kB
Node 0 SReclaimable:      22216 kB
Node 0 SUnreclaim:        36840 kB
Node 0 AnonHugePages:         0 kB
Node 0 ShmemHugePages:        0 kB
Node 0 ShmemPmdMapped:        0 kB
Node 0 FileHugePages:        0 kB
Node 0 FilePmdMapped:        0 kB
Node 0 HugePages_Total:     0
Node 0 HugePages_Free:      0
Node 0 HugePages_Surp:      0

Node 1 MemTotal:       24686196 kB
Node 1 MemFree:        24192968 kB
Node 1 MemUsed:          493228 kB
Node 1 Active:            54524 kB
Node 1 Inactive:         156832 kB
Node 1 Active(anon):      35376 kB
Node 1 Inactive(anon):      432 kB
Node 1 Active(file):      19148 kB
Node 1 Inactive(file):   156400 kB
Node 1 Unevictable:       10552 kB
Node 1 Mlocked:           10552 kB
Node 1 Dirty:               264 kB
Node 1 Writeback:             0 kB
Node 1 FilePages:        176632 kB
Node 1 Mapped:            13020 kB
Node 1 AnonPages:         44800 kB
Node 1 Shmem:               548 kB
Node 1 KernelStack:        2236 kB
Node 1 PageTables:         1164 kB
Node 1 NFS_Unstable:          0 kB
Node 1 Bounce:                0 kB
Node 1 WritebackTmp:          0 kB
Node 1 KReclaimable:      21180 kB
Node 1 Slab:              54700 kB
Node 1 SReclaimable:      21180 kB
Node 1 SUnreclaim:        33520 kB
Node 1 AnonHugePages:         0 kB
Node 1 ShmemHugePages:        0 kB
Node 1 ShmemPmdMapped:        0 kB
Node 1 FileHugePages:        0 kB
Node 1 FilePmdMapped:        0 kB
Node 1 HugePages_Total:     0
Node 1 HugePages_Free:      0
Node 1 HugePages_Surp:      0

Import tank ZPool
Node 0 MemTotal:       24743736 kB
Node 0 MemFree:        24493264 kB
Node 0 MemUsed:          250472 kB
Node 0 Active:            64352 kB
Node 0 Inactive:          29692 kB
Node 0 Active(anon):      20896 kB
Node 0 Inactive(anon):      512 kB
Node 0 Active(file):      43456 kB
Node 0 Inactive(file):    29180 kB
Node 0 Unevictable:        8188 kB
Node 0 Mlocked:            8188 kB
Node 0 Dirty:               264 kB
Node 0 Writeback:             0 kB
Node 0 FilePages:         81016 kB
Node 0 Mapped:            31228 kB
Node 0 AnonPages:         21212 kB
Node 0 Shmem:               716 kB
Node 0 KernelStack:        2024 kB
Node 0 PageTables:         1412 kB
Node 0 NFS_Unstable:          0 kB
Node 0 Bounce:                0 kB
Node 0 WritebackTmp:          0 kB
Node 0 KReclaimable:      22224 kB
Node 0 Slab:              59080 kB
Node 0 SReclaimable:      22224 kB
Node 0 SUnreclaim:        36856 kB
Node 0 AnonHugePages:         0 kB
Node 0 ShmemHugePages:        0 kB
Node 0 ShmemPmdMapped:        0 kB
Node 0 FileHugePages:        0 kB
Node 0 FilePmdMapped:        0 kB
Node 0 HugePages_Total:     0
Node 0 HugePages_Free:      0
Node 0 HugePages_Surp:      0

Node 1 MemTotal:       24686196 kB
Node 1 MemFree:        24175352 kB
Node 1 MemUsed:          510844 kB
Node 1 Active:            54632 kB
Node 1 Inactive:         158024 kB
Node 1 Active(anon):      35112 kB
Node 1 Inactive(anon):      436 kB
Node 1 Active(file):      19520 kB
Node 1 Inactive(file):   157588 kB
Node 1 Unevictable:       10568 kB
Node 1 Mlocked:           10568 kB
Node 1 Dirty:               172 kB
Node 1 Writeback:             0 kB
Node 1 FilePages:        178192 kB
Node 1 Mapped:            13236 kB
Node 1 AnonPages:         44964 kB
Node 1 Shmem:               552 kB
Node 1 KernelStack:        3288 kB
Node 1 PageTables:         1320 kB
Node 1 NFS_Unstable:          0 kB
Node 1 Bounce:                0 kB
Node 1 WritebackTmp:          0 kB
Node 1 KReclaimable:      21292 kB
Node 1 Slab:              61256 kB
Node 1 SReclaimable:      21292 kB
Node 1 SUnreclaim:        39964 kB
Node 1 AnonHugePages:         0 kB
Node 1 ShmemHugePages:        0 kB
Node 1 ShmemPmdMapped:        0 kB
Node 1 FileHugePages:        0 kB
Node 1 FilePmdMapped:        0 kB
Node 1 HugePages_Total:     0
Node 1 HugePages_Free:      0
Node 1 HugePages_Surp:      0

After Test
Node 0 MemTotal:       24743736 kB
Node 0 MemFree:        23571720 kB
Node 0 MemUsed:         1172016 kB
Node 0 Active:            53916 kB
Node 0 Inactive:          30420 kB
Node 0 Active(anon):       9096 kB
Node 0 Inactive(anon):      532 kB
Node 0 Active(file):      44820 kB
Node 0 Inactive(file):    29888 kB
Node 0 Unevictable:        8188 kB
Node 0 Mlocked:            8188 kB
Node 0 Dirty:               288 kB
Node 0 Writeback:             0 kB
Node 0 FilePages:         83128 kB
Node 0 Mapped:            29092 kB
Node 0 AnonPages:          9308 kB
Node 0 Shmem:               756 kB
Node 0 KernelStack:        1800 kB
Node 0 PageTables:          548 kB
Node 0 NFS_Unstable:          0 kB
Node 0 Bounce:                0 kB
Node 0 WritebackTmp:          0 kB
Node 0 KReclaimable:      23584 kB
Node 0 Slab:              66628 kB
Node 0 SReclaimable:      23584 kB
Node 0 SUnreclaim:        43044 kB
Node 0 AnonHugePages:         0 kB
Node 0 ShmemHugePages:        0 kB
Node 0 ShmemPmdMapped:        0 kB
Node 0 FileHugePages:        0 kB
Node 0 FilePmdMapped:        0 kB
Node 0 HugePages_Total:     0
Node 0 HugePages_Free:      0
Node 0 HugePages_Surp:      0

Node 1 MemTotal:       24686196 kB
Node 1 MemFree:        24051308 kB
Node 1 MemUsed:          634888 kB
Node 1 Active:            44420 kB
Node 1 Inactive:         157476 kB
Node 1 Active(anon):      24184 kB
Node 1 Inactive(anon):      432 kB
Node 1 Active(file):      20236 kB
Node 1 Inactive(file):   157044 kB
Node 1 Unevictable:       10568 kB
Node 1 Mlocked:           10568 kB
Node 1 Dirty:               176 kB
Node 1 Writeback:             0 kB
Node 1 FilePages:        178364 kB
Node 1 Mapped:            11640 kB
Node 1 AnonPages:         34100 kB
Node 1 Shmem:               556 kB
Node 1 KernelStack:        2968 kB
Node 1 PageTables:          568 kB
Node 1 NFS_Unstable:          0 kB
Node 1 Bounce:                0 kB
Node 1 WritebackTmp:          0 kB
Node 1 KReclaimable:      21336 kB
Node 1 Slab:              61172 kB
Node 1 SReclaimable:      21336 kB
Node 1 SUnreclaim:        39836 kB
Node 1 AnonHugePages:         0 kB
Node 1 ShmemHugePages:        0 kB
Node 1 ShmemPmdMapped:        0 kB
Node 1 FileHugePages:        0 kB
Node 1 FilePmdMapped:        0 kB
Node 1 HugePages_Total:     0
Node 1 HugePages_Free:      0
Node 1 HugePages_Surp:      0

After Opposite Node
Node 0 MemTotal:       24743736 kB
Node 0 MemFree:        23572492 kB
Node 0 MemUsed:         1171244 kB
Node 0 Active:            53932 kB
Node 0 Inactive:          30228 kB
Node 0 Active(anon):       8936 kB
Node 0 Inactive(anon):      508 kB
Node 0 Active(file):      44996 kB
Node 0 Inactive(file):    29720 kB
Node 0 Unevictable:        8188 kB
Node 0 Mlocked:            8188 kB
Node 0 Dirty:               296 kB
Node 0 Writeback:             0 kB
Node 0 FilePages:         83092 kB
Node 0 Mapped:            29036 kB
Node 0 AnonPages:          9252 kB
Node 0 Shmem:               712 kB
Node 0 KernelStack:        1768 kB
Node 0 PageTables:          432 kB
Node 0 NFS_Unstable:          0 kB
Node 0 Bounce:                0 kB
Node 0 WritebackTmp:          0 kB
Node 0 KReclaimable:      23584 kB
Node 0 Slab:              66620 kB
Node 0 SReclaimable:      23584 kB
Node 0 SUnreclaim:        43036 kB
Node 0 AnonHugePages:         0 kB
Node 0 ShmemHugePages:        0 kB
Node 0 ShmemPmdMapped:        0 kB
Node 0 FileHugePages:        0 kB
Node 0 FilePmdMapped:        0 kB
Node 0 HugePages_Total:     0
Node 0 HugePages_Free:      0
Node 0 HugePages_Surp:      0

Node 1 MemTotal:       24686196 kB
Node 1 MemFree:        24050816 kB
Node 1 MemUsed:          635380 kB
Node 1 Active:            44616 kB
Node 1 Inactive:         157496 kB
Node 1 Active(anon):      24352 kB
Node 1 Inactive(anon):      456 kB
Node 1 Active(file):      20264 kB
Node 1 Inactive(file):   157040 kB
Node 1 Unevictable:       10568 kB
Node 1 Mlocked:           10568 kB
Node 1 Dirty:               196 kB
Node 1 Writeback:             0 kB
Node 1 FilePages:        178432 kB
Node 1 Mapped:            11684 kB
Node 1 AnonPages:         34164 kB
Node 1 Shmem:               600 kB
Node 1 KernelStack:        3000 kB
Node 1 PageTables:          688 kB
Node 1 NFS_Unstable:          0 kB
Node 1 Bounce:                0 kB
Node 1 WritebackTmp:          0 kB
Node 1 KReclaimable:      21400 kB
Node 1 Slab:              61368 kB
Node 1 SReclaimable:      21400 kB
Node 1 SUnreclaim:        39968 kB
Node 1 AnonHugePages:         0 kB
Node 1 ShmemHugePages:        0 kB
Node 1 ShmemPmdMapped:        0 kB
Node 1 FileHugePages:        0 kB
Node 1 FilePmdMapped:        0 kB
Node 1 HugePages_Total:     0
Node 1 HugePages_Free:      0
Node 1 HugePages_Surp:      0

B.0.fio.500M.2.O Complete!
