B.0.fio.2-1G.2.O
Begin
Node 0 MemTotal:       24743736 kB
Node 0 MemFree:        24481920 kB
Node 0 MemUsed:          261816 kB
Node 0 Active:            64192 kB
Node 0 Inactive:          24148 kB
Node 0 Active(anon):      17860 kB
Node 0 Inactive(anon):      356 kB
Node 0 Active(file):      46332 kB
Node 0 Inactive(file):    23792 kB
Node 0 Unevictable:       18124 kB
Node 0 Mlocked:           18124 kB
Node 0 Dirty:                60 kB
Node 0 Writeback:             0 kB
Node 0 FilePages:         78472 kB
Node 0 Mapped:            28280 kB
Node 0 AnonPages:         28032 kB
Node 0 Shmem:               540 kB
Node 0 KernelStack:        1992 kB
Node 0 PageTables:          588 kB
Node 0 NFS_Unstable:          0 kB
Node 0 Bounce:                0 kB
Node 0 WritebackTmp:          0 kB
Node 0 KReclaimable:      26540 kB
Node 0 Slab:              66764 kB
Node 0 SReclaimable:      26540 kB
Node 0 SUnreclaim:        40224 kB
Node 0 AnonHugePages:         0 kB
Node 0 ShmemHugePages:        0 kB
Node 0 ShmemPmdMapped:        0 kB
Node 0 FileHugePages:        0 kB
Node 0 FilePmdMapped:        0 kB
Node 0 HugePages_Total:     0
Node 0 HugePages_Free:      0
Node 0 HugePages_Surp:      0

Node 1 MemTotal:       24686196 kB
Node 1 MemFree:        24341884 kB
Node 1 MemUsed:          344312 kB
Node 1 Active:            29788 kB
Node 1 Inactive:          58524 kB
Node 1 Active(anon):      15704 kB
Node 1 Inactive(anon):      532 kB
Node 1 Active(file):      14084 kB
Node 1 Inactive(file):    57992 kB
Node 1 Unevictable:         400 kB
Node 1 Mlocked:             400 kB
Node 1 Dirty:               108 kB
Node 1 Writeback:             0 kB
Node 1 FilePages:         73348 kB
Node 1 Mapped:            11936 kB
Node 1 AnonPages:         15660 kB
Node 1 Shmem:               728 kB
Node 1 KernelStack:        1608 kB
Node 1 PageTables:          448 kB
Node 1 NFS_Unstable:          0 kB
Node 1 Bounce:                0 kB
Node 1 WritebackTmp:          0 kB
Node 1 KReclaimable:      15736 kB
Node 1 Slab:              43304 kB
Node 1 SReclaimable:      15736 kB
Node 1 SUnreclaim:        27568 kB
Node 1 AnonHugePages:         0 kB
Node 1 ShmemHugePages:        0 kB
Node 1 ShmemPmdMapped:        0 kB
Node 1 FileHugePages:        0 kB
Node 1 FilePmdMapped:        0 kB
Node 1 HugePages_Total:     0
Node 1 HugePages_Free:      0
Node 1 HugePages_Surp:      0

Load ZFS
Node 0 MemTotal:       24743736 kB
Node 0 MemFree:        24372632 kB
Node 0 MemUsed:          371104 kB
Node 0 Active:            82260 kB
Node 0 Inactive:         107120 kB
Node 0 Active(anon):      34408 kB
Node 0 Inactive(anon):      368 kB
Node 0 Active(file):      47852 kB
Node 0 Inactive(file):   106752 kB
Node 0 Unevictable:       18256 kB
Node 0 Mlocked:           18256 kB
Node 0 Dirty:                88 kB
Node 0 Writeback:             0 kB
Node 0 FilePages:        163228 kB
Node 0 Mapped:            30376 kB
Node 0 AnonPages:         45380 kB
Node 0 Shmem:               548 kB
Node 0 KernelStack:        2576 kB
Node 0 PageTables:         1860 kB
Node 0 NFS_Unstable:          0 kB
Node 0 Bounce:                0 kB
Node 0 WritebackTmp:          0 kB
Node 0 KReclaimable:      27680 kB
Node 0 Slab:              71376 kB
Node 0 SReclaimable:      27680 kB
Node 0 SUnreclaim:        43696 kB
Node 0 AnonHugePages:         0 kB
Node 0 ShmemHugePages:        0 kB
Node 0 ShmemPmdMapped:        0 kB
Node 0 FileHugePages:        0 kB
Node 0 FilePmdMapped:        0 kB
Node 0 HugePages_Total:     0
Node 0 HugePages_Free:      0
Node 0 HugePages_Surp:      0

Node 1 MemTotal:       24686196 kB
Node 1 MemFree:        24304800 kB
Node 1 MemUsed:          381396 kB
Node 1 Active:            41616 kB
Node 1 Inactive:          78620 kB
Node 1 Active(anon):      26300 kB
Node 1 Inactive(anon):      540 kB
Node 1 Active(file):      15316 kB
Node 1 Inactive(file):    78080 kB
Node 1 Unevictable:         400 kB
Node 1 Mlocked:             400 kB
Node 1 Dirty:               324 kB
Node 1 Writeback:             0 kB
Node 1 FilePages:         94524 kB
Node 1 Mapped:            14528 kB
Node 1 AnonPages:         25760 kB
Node 1 Shmem:               720 kB
Node 1 KernelStack:        1780 kB
Node 1 PageTables:          964 kB
Node 1 NFS_Unstable:          0 kB
Node 1 Bounce:                0 kB
Node 1 WritebackTmp:          0 kB
Node 1 KReclaimable:      16444 kB
Node 1 Slab:              45568 kB
Node 1 SReclaimable:      16444 kB
Node 1 SUnreclaim:        29124 kB
Node 1 AnonHugePages:         0 kB
Node 1 ShmemHugePages:        0 kB
Node 1 ShmemPmdMapped:        0 kB
Node 1 FileHugePages:        0 kB
Node 1 FilePmdMapped:        0 kB
Node 1 HugePages_Total:     0
Node 1 HugePages_Free:      0
Node 1 HugePages_Surp:      0

Import tank ZPool
Node 0 MemTotal:       24743736 kB
Node 0 MemFree:        24374584 kB
Node 0 MemUsed:          369152 kB
Node 0 Active:            81480 kB
Node 0 Inactive:         107420 kB
Node 0 Active(anon):      33728 kB
Node 0 Inactive(anon):      400 kB
Node 0 Active(file):      47752 kB
Node 0 Inactive(file):   107020 kB
Node 0 Unevictable:       18352 kB
Node 0 Mlocked:           18352 kB
Node 0 Dirty:               100 kB
Node 0 Writeback:             0 kB
Node 0 FilePages:        163156 kB
Node 0 Mapped:            29792 kB
Node 0 AnonPages:         44124 kB
Node 0 Shmem:               560 kB
Node 0 KernelStack:        2360 kB
Node 0 PageTables:         1496 kB
Node 0 NFS_Unstable:          0 kB
Node 0 Bounce:                0 kB
Node 0 WritebackTmp:          0 kB
Node 0 KReclaimable:      27688 kB
Node 0 Slab:              71500 kB
Node 0 SReclaimable:      27688 kB
Node 0 SUnreclaim:        43812 kB
Node 0 AnonHugePages:         0 kB
Node 0 ShmemHugePages:        0 kB
Node 0 ShmemPmdMapped:        0 kB
Node 0 FileHugePages:        0 kB
Node 0 FilePmdMapped:        0 kB
Node 0 HugePages_Total:     0
Node 0 HugePages_Free:      0
Node 0 HugePages_Surp:      0

Node 1 MemTotal:       24686196 kB
Node 1 MemFree:        24288800 kB
Node 1 MemUsed:          397396 kB
Node 1 Active:            41436 kB
Node 1 Inactive:          79752 kB
Node 1 Active(anon):      25812 kB
Node 1 Inactive(anon):      548 kB
Node 1 Active(file):      15624 kB
Node 1 Inactive(file):    79204 kB
Node 1 Unevictable:         400 kB
Node 1 Mlocked:             400 kB
Node 1 Dirty:               360 kB
Node 1 Writeback:             0 kB
Node 1 FilePages:         95940 kB
Node 1 Mapped:            14428 kB
Node 1 AnonPages:         25284 kB
Node 1 Shmem:               708 kB
Node 1 KernelStack:        2840 kB
Node 1 PageTables:          980 kB
Node 1 NFS_Unstable:          0 kB
Node 1 Bounce:                0 kB
Node 1 WritebackTmp:          0 kB
Node 1 KReclaimable:      16596 kB
Node 1 Slab:              52232 kB
Node 1 SReclaimable:      16596 kB
Node 1 SUnreclaim:        35636 kB
Node 1 AnonHugePages:         0 kB
Node 1 ShmemHugePages:        0 kB
Node 1 ShmemPmdMapped:        0 kB
Node 1 FileHugePages:        0 kB
Node 1 FilePmdMapped:        0 kB
Node 1 HugePages_Total:     0
Node 1 HugePages_Free:      0
Node 1 HugePages_Surp:      0

After Test
Node 0 MemTotal:       24743736 kB
Node 0 MemFree:        23183016 kB
Node 0 MemUsed:         1560720 kB
Node 0 Active:            67664 kB
Node 0 Inactive:         108228 kB
Node 0 Active(anon):      18700 kB
Node 0 Inactive(anon):      432 kB
Node 0 Active(file):      48964 kB
Node 0 Inactive(file):   107796 kB
Node 0 Unevictable:       18352 kB
Node 0 Mlocked:           18352 kB
Node 0 Dirty:                68 kB
Node 0 Writeback:             0 kB
Node 0 FilePages:        165156 kB
Node 0 Mapped:            28560 kB
Node 0 AnonPages:         29036 kB
Node 0 Shmem:               604 kB
Node 0 KernelStack:        1976 kB
Node 0 PageTables:          776 kB
Node 0 NFS_Unstable:          0 kB
Node 0 Bounce:                0 kB
Node 0 WritebackTmp:          0 kB
Node 0 KReclaimable:      29020 kB
Node 0 Slab:              80540 kB
Node 0 SReclaimable:      29020 kB
Node 0 SUnreclaim:        51520 kB
Node 0 AnonHugePages:         0 kB
Node 0 ShmemHugePages:        0 kB
Node 0 ShmemPmdMapped:        0 kB
Node 0 FileHugePages:        0 kB
Node 0 FilePmdMapped:        0 kB
Node 0 HugePages_Total:     0
Node 0 HugePages_Free:      0
Node 0 HugePages_Surp:      0

Node 1 MemTotal:       24686196 kB
Node 1 MemFree:        23630352 kB
Node 1 MemUsed:         1055844 kB
Node 1 Active:            31084 kB
Node 1 Inactive:          79068 kB
Node 1 Active(anon):      14616 kB
Node 1 Inactive(anon):      544 kB
Node 1 Active(file):      16468 kB
Node 1 Inactive(file):    78524 kB
Node 1 Unevictable:         400 kB
Node 1 Mlocked:             400 kB
Node 1 Dirty:               300 kB
Node 1 Writeback:             0 kB
Node 1 FilePages:         96100 kB
Node 1 Mapped:            11952 kB
Node 1 AnonPages:         14452 kB
Node 1 Shmem:               708 kB
Node 1 KernelStack:        2776 kB
Node 1 PageTables:          396 kB
Node 1 NFS_Unstable:          0 kB
Node 1 Bounce:                0 kB
Node 1 WritebackTmp:          0 kB
Node 1 KReclaimable:      16600 kB
Node 1 Slab:              54520 kB
Node 1 SReclaimable:      16600 kB
Node 1 SUnreclaim:        37920 kB
Node 1 AnonHugePages:         0 kB
Node 1 ShmemHugePages:        0 kB
Node 1 ShmemPmdMapped:        0 kB
Node 1 FileHugePages:        0 kB
Node 1 FilePmdMapped:        0 kB
Node 1 HugePages_Total:     0
Node 1 HugePages_Free:      0
Node 1 HugePages_Surp:      0

After Opposite Node
Node 0 MemTotal:       24743736 kB
Node 0 MemFree:        23182948 kB
Node 0 MemUsed:         1560788 kB
Node 0 Active:            67656 kB
Node 0 Inactive:         108028 kB
Node 0 Active(anon):      18520 kB
Node 0 Inactive(anon):      396 kB
Node 0 Active(file):      49136 kB
Node 0 Inactive(file):   107632 kB
Node 0 Unevictable:       18352 kB
Node 0 Mlocked:           18352 kB
Node 0 Dirty:                76 kB
Node 0 Writeback:             0 kB
Node 0 FilePages:        165120 kB
Node 0 Mapped:            28524 kB
Node 0 AnonPages:         28912 kB
Node 0 Shmem:               560 kB
Node 0 KernelStack:        1864 kB
Node 0 PageTables:          596 kB
Node 0 NFS_Unstable:          0 kB
Node 0 Bounce:                0 kB
Node 0 WritebackTmp:          0 kB
Node 0 KReclaimable:      29036 kB
Node 0 Slab:              80856 kB
Node 0 SReclaimable:      29036 kB
Node 0 SUnreclaim:        51820 kB
Node 0 AnonHugePages:         0 kB
Node 0 ShmemHugePages:        0 kB
Node 0 ShmemPmdMapped:        0 kB
Node 0 FileHugePages:        0 kB
Node 0 FilePmdMapped:        0 kB
Node 0 HugePages_Total:     0
Node 0 HugePages_Free:      0
Node 0 HugePages_Surp:      0

Node 1 MemTotal:       24686196 kB
Node 1 MemFree:        23629068 kB
Node 1 MemUsed:         1057128 kB
Node 1 Active:            31388 kB
Node 1 Inactive:          79108 kB
Node 1 Active(anon):      14892 kB
Node 1 Inactive(anon):      588 kB
Node 1 Active(file):      16496 kB
Node 1 Inactive(file):    78520 kB
Node 1 Unevictable:         400 kB
Node 1 Mlocked:             400 kB
Node 1 Dirty:               340 kB
Node 1 Writeback:             0 kB
Node 1 FilePages:         96168 kB
Node 1 Mapped:            11996 kB
Node 1 AnonPages:         14596 kB
Node 1 Shmem:               752 kB
Node 1 KernelStack:        2792 kB
Node 1 PageTables:          572 kB
Node 1 NFS_Unstable:          0 kB
Node 1 Bounce:                0 kB
Node 1 WritebackTmp:          0 kB
Node 1 KReclaimable:      16616 kB
Node 1 Slab:              54580 kB
Node 1 SReclaimable:      16616 kB
Node 1 SUnreclaim:        37964 kB
Node 1 AnonHugePages:         0 kB
Node 1 ShmemHugePages:        0 kB
Node 1 ShmemPmdMapped:        0 kB
Node 1 FileHugePages:        0 kB
Node 1 FilePmdMapped:        0 kB
Node 1 HugePages_Total:     0
Node 1 HugePages_Free:      0
Node 1 HugePages_Surp:      0

B.0.fio.2-1G.2.O Complete!
