B.0.fio.2-1G.3.O
Begin
Node 0 MemTotal:       24768352 kB
Node 0 MemFree:        24438020 kB
Node 0 MemUsed:          330332 kB
Node 0 Active:            29588 kB
Node 0 Inactive:          17548 kB
Node 0 Active(anon):      15360 kB
Node 0 Inactive(anon):      456 kB
Node 0 Active(file):      14228 kB
Node 0 Inactive(file):    17092 kB
Node 0 Unevictable:       13072 kB
Node 0 Mlocked:           13072 kB
Node 0 Dirty:                16 kB
Node 0 Writeback:             0 kB
Node 0 FilePages:         34696 kB
Node 0 Mapped:            14324 kB
Node 0 AnonPages:         25636 kB
Node 0 Shmem:               632 kB
Node 0 KernelStack:        2280 kB
Node 0 PageTables:          636 kB
Node 0 NFS_Unstable:          0 kB
Node 0 Bounce:                0 kB
Node 0 WritebackTmp:          0 kB
Node 0 KReclaimable:      19452 kB
Node 0 Slab:              53380 kB
Node 0 SReclaimable:      19452 kB
Node 0 SUnreclaim:        33928 kB
Node 0 AnonHugePages:         0 kB
Node 0 ShmemHugePages:        0 kB
Node 0 ShmemPmdMapped:        0 kB
Node 0 FileHugePages:        0 kB
Node 0 FilePmdMapped:        0 kB
Node 0 HugePages_Total:     0
Node 0 HugePages_Free:      0
Node 0 HugePages_Surp:      0

Node 1 MemTotal:       24661580 kB
Node 1 MemFree:        24312292 kB
Node 1 MemUsed:          349288 kB
Node 1 Active:            68788 kB
Node 1 Inactive:         136720 kB
Node 1 Active(anon):      18352 kB
Node 1 Inactive(anon):      420 kB
Node 1 Active(file):      50436 kB
Node 1 Inactive(file):   136300 kB
Node 1 Unevictable:        5452 kB
Node 1 Mlocked:            5452 kB
Node 1 Dirty:               508 kB
Node 1 Writeback:             0 kB
Node 1 FilePages:        192964 kB
Node 1 Mapped:            85700 kB
Node 1 AnonPages:         18144 kB
Node 1 Shmem:               636 kB
Node 1 KernelStack:        1368 kB
Node 1 PageTables:          668 kB
Node 1 NFS_Unstable:          0 kB
Node 1 Bounce:                0 kB
Node 1 WritebackTmp:          0 kB
Node 1 KReclaimable:      21796 kB
Node 1 Slab:              53796 kB
Node 1 SReclaimable:      21796 kB
Node 1 SUnreclaim:        32000 kB
Node 1 AnonHugePages:         0 kB
Node 1 ShmemHugePages:        0 kB
Node 1 ShmemPmdMapped:        0 kB
Node 1 FileHugePages:        0 kB
Node 1 FilePmdMapped:        0 kB
Node 1 HugePages_Total:     0
Node 1 HugePages_Free:      0
Node 1 HugePages_Surp:      0

Load ZFS
Node 0 MemTotal:       24768352 kB
Node 0 MemFree:        24537876 kB
Node 0 MemUsed:          230476 kB
Node 0 Active:            43032 kB
Node 0 Inactive:          26300 kB
Node 0 Active(anon):      28192 kB
Node 0 Inactive(anon):      416 kB
Node 0 Active(file):      14840 kB
Node 0 Inactive(file):    25884 kB
Node 0 Unevictable:       13272 kB
Node 0 Mlocked:           13272 kB
Node 0 Dirty:                32 kB
Node 0 Writeback:             0 kB
Node 0 FilePages:         44068 kB
Node 0 Mapped:            16580 kB
Node 0 AnonPages:         38680 kB
Node 0 Shmem:               600 kB
Node 0 KernelStack:        2480 kB
Node 0 PageTables:         1308 kB
Node 0 NFS_Unstable:          0 kB
Node 0 Bounce:                0 kB
Node 0 WritebackTmp:          0 kB
Node 0 KReclaimable:      20428 kB
Node 0 Slab:              57476 kB
Node 0 SReclaimable:      20428 kB
Node 0 SUnreclaim:        37048 kB
Node 0 AnonHugePages:         0 kB
Node 0 ShmemHugePages:        0 kB
Node 0 ShmemPmdMapped:        0 kB
Node 0 FileHugePages:        0 kB
Node 0 FilePmdMapped:        0 kB
Node 0 HugePages_Total:     0
Node 0 HugePages_Free:      0
Node 0 HugePages_Surp:      0

Node 1 MemTotal:       24661580 kB
Node 1 MemFree:        24068292 kB
Node 1 MemUsed:          593288 kB
Node 1 Active:            82188 kB
Node 1 Inactive:         231684 kB
Node 1 Active(anon):      29860 kB
Node 1 Inactive(anon):      528 kB
Node 1 Active(file):      52328 kB
Node 1 Inactive(file):   231156 kB
Node 1 Unevictable:        5452 kB
Node 1 Mlocked:            5452 kB
Node 1 Dirty:               696 kB
Node 1 Writeback:             0 kB
Node 1 FilePages:        289600 kB
Node 1 Mapped:            87704 kB
Node 1 AnonPages:         30220 kB
Node 1 Shmem:               668 kB
Node 1 KernelStack:        1672 kB
Node 1 PageTables:         1536 kB
Node 1 NFS_Unstable:          0 kB
Node 1 Bounce:                0 kB
Node 1 WritebackTmp:          0 kB
Node 1 KReclaimable:      22656 kB
Node 1 Slab:              56612 kB
Node 1 SReclaimable:      22656 kB
Node 1 SUnreclaim:        33956 kB
Node 1 AnonHugePages:         0 kB
Node 1 ShmemHugePages:        0 kB
Node 1 ShmemPmdMapped:        0 kB
Node 1 FileHugePages:        0 kB
Node 1 FilePmdMapped:        0 kB
Node 1 HugePages_Total:     0
Node 1 HugePages_Free:      0
Node 1 HugePages_Surp:      0

Import tank ZPool
Node 0 MemTotal:       24768352 kB
Node 0 MemFree:        24539148 kB
Node 0 MemUsed:          229204 kB
Node 0 Active:            42628 kB
Node 0 Inactive:          26296 kB
Node 0 Active(anon):      27784 kB
Node 0 Inactive(anon):      412 kB
Node 0 Active(file):      14844 kB
Node 0 Inactive(file):    25884 kB
Node 0 Unevictable:       13304 kB
Node 0 Mlocked:           13304 kB
Node 0 Dirty:                28 kB
Node 0 Writeback:             0 kB
Node 0 FilePages:         44104 kB
Node 0 Mapped:            16592 kB
Node 0 AnonPages:         38160 kB
Node 0 Shmem:               596 kB
Node 0 KernelStack:        2440 kB
Node 0 PageTables:         1208 kB
Node 0 NFS_Unstable:          0 kB
Node 0 Bounce:                0 kB
Node 0 WritebackTmp:          0 kB
Node 0 KReclaimable:      20436 kB
Node 0 Slab:              57740 kB
Node 0 SReclaimable:      20436 kB
Node 0 SUnreclaim:        37304 kB
Node 0 AnonHugePages:         0 kB
Node 0 ShmemHugePages:        0 kB
Node 0 ShmemPmdMapped:        0 kB
Node 0 FileHugePages:        0 kB
Node 0 FilePmdMapped:        0 kB
Node 0 HugePages_Total:     0
Node 0 HugePages_Free:      0
Node 0 HugePages_Surp:      0

Node 1 MemTotal:       24661580 kB
Node 1 MemFree:        24052812 kB
Node 1 MemUsed:          608768 kB
Node 1 Active:            82200 kB
Node 1 Inactive:         232832 kB
Node 1 Active(anon):      29564 kB
Node 1 Inactive(anon):      536 kB
Node 1 Active(file):      52636 kB
Node 1 Inactive(file):   232296 kB
Node 1 Unevictable:        5452 kB
Node 1 Mlocked:            5452 kB
Node 1 Dirty:               668 kB
Node 1 Writeback:             0 kB
Node 1 FilePages:        291056 kB
Node 1 Mapped:            87564 kB
Node 1 AnonPages:         29596 kB
Node 1 Shmem:               672 kB
Node 1 KernelStack:        2824 kB
Node 1 PageTables:         1576 kB
Node 1 NFS_Unstable:          0 kB
Node 1 Bounce:                0 kB
Node 1 WritebackTmp:          0 kB
Node 1 KReclaimable:      22776 kB
Node 1 Slab:              62272 kB
Node 1 SReclaimable:      22776 kB
Node 1 SUnreclaim:        39496 kB
Node 1 AnonHugePages:         0 kB
Node 1 ShmemHugePages:        0 kB
Node 1 ShmemPmdMapped:        0 kB
Node 1 FileHugePages:        0 kB
Node 1 FilePmdMapped:        0 kB
Node 1 HugePages_Total:     0
Node 1 HugePages_Free:      0
Node 1 HugePages_Surp:      0

After Test
Node 0 MemTotal:       24768352 kB
Node 0 MemFree:        23461276 kB
Node 0 MemUsed:         1307076 kB
Node 0 Active:            30568 kB
Node 0 Inactive:          27200 kB
Node 0 Active(anon):      14628 kB
Node 0 Inactive(anon):      436 kB
Node 0 Active(file):      15940 kB
Node 0 Inactive(file):    26764 kB
Node 0 Unevictable:       13304 kB
Node 0 Mlocked:           13304 kB
Node 0 Dirty:                36 kB
Node 0 Writeback:             0 kB
Node 0 FilePages:         46088 kB
Node 0 Mapped:            14608 kB
Node 0 AnonPages:         24952 kB
Node 0 Shmem:               640 kB
Node 0 KernelStack:        2296 kB
Node 0 PageTables:          752 kB
Node 0 NFS_Unstable:          0 kB
Node 0 Bounce:                0 kB
Node 0 WritebackTmp:          0 kB
Node 0 KReclaimable:      21676 kB
Node 0 Slab:              66668 kB
Node 0 SReclaimable:      21676 kB
Node 0 SUnreclaim:        44992 kB
Node 0 AnonHugePages:         0 kB
Node 0 ShmemHugePages:        0 kB
Node 0 ShmemPmdMapped:        0 kB
Node 0 FileHugePages:        0 kB
Node 0 FilePmdMapped:        0 kB
Node 0 HugePages_Total:     0
Node 0 HugePages_Free:      0
Node 0 HugePages_Surp:      0

Node 1 MemTotal:       24661580 kB
Node 1 MemFree:        23270748 kB
Node 1 MemUsed:         1390832 kB
Node 1 Active:            72204 kB
Node 1 Inactive:         232232 kB
Node 1 Active(anon):      18708 kB
Node 1 Inactive(anon):      532 kB
Node 1 Active(file):      53496 kB
Node 1 Inactive(file):   231700 kB
Node 1 Unevictable:        5452 kB
Node 1 Mlocked:            5452 kB
Node 1 Dirty:               700 kB
Node 1 Writeback:             0 kB
Node 1 FilePages:        291316 kB
Node 1 Mapped:            85968 kB
Node 1 AnonPages:         18568 kB
Node 1 Shmem:               672 kB
Node 1 KernelStack:        2440 kB
Node 1 PageTables:          684 kB
Node 1 NFS_Unstable:          0 kB
Node 1 Bounce:                0 kB
Node 1 WritebackTmp:          0 kB
Node 1 KReclaimable:      22872 kB
Node 1 Slab:              65320 kB
Node 1 SReclaimable:      22872 kB
Node 1 SUnreclaim:        42448 kB
Node 1 AnonHugePages:         0 kB
Node 1 ShmemHugePages:        0 kB
Node 1 ShmemPmdMapped:        0 kB
Node 1 FileHugePages:        0 kB
Node 1 FilePmdMapped:        0 kB
Node 1 HugePages_Total:     0
Node 1 HugePages_Free:      0
Node 1 HugePages_Surp:      0

After Opposite Node
Node 0 MemTotal:       24768352 kB
Node 0 MemFree:        23462488 kB
Node 0 MemUsed:         1305864 kB
Node 0 Active:            30596 kB
Node 0 Inactive:          26968 kB
Node 0 Active(anon):      14444 kB
Node 0 Inactive(anon):      408 kB
Node 0 Active(file):      16152 kB
Node 0 Inactive(file):    26560 kB
Node 0 Unevictable:       13304 kB
Node 0 Mlocked:           13304 kB
Node 0 Dirty:                24 kB
Node 0 Writeback:             0 kB
Node 0 FilePages:         46052 kB
Node 0 Mapped:            14524 kB
Node 0 AnonPages:         24816 kB
Node 0 Shmem:               596 kB
Node 0 KernelStack:        2232 kB
Node 0 PageTables:          576 kB
Node 0 NFS_Unstable:          0 kB
Node 0 Bounce:                0 kB
Node 0 WritebackTmp:          0 kB
Node 0 KReclaimable:      21676 kB
Node 0 Slab:              66740 kB
Node 0 SReclaimable:      21676 kB
Node 0 SUnreclaim:        45064 kB
Node 0 AnonHugePages:         0 kB
Node 0 ShmemHugePages:        0 kB
Node 0 ShmemPmdMapped:        0 kB
Node 0 FileHugePages:        0 kB
Node 0 FilePmdMapped:        0 kB
Node 0 HugePages_Total:     0
Node 0 HugePages_Free:      0
Node 0 HugePages_Surp:      0

Node 1 MemTotal:       24661580 kB
Node 1 MemFree:        23270584 kB
Node 1 MemUsed:         1390996 kB
Node 1 Active:            72504 kB
Node 1 Inactive:         232272 kB
Node 1 Active(anon):      18980 kB
Node 1 Inactive(anon):      576 kB
Node 1 Active(file):      53524 kB
Node 1 Inactive(file):   231696 kB
Node 1 Unevictable:        5452 kB
Node 1 Mlocked:            5452 kB
Node 1 Dirty:               664 kB
Node 1 Writeback:             0 kB
Node 1 FilePages:        291392 kB
Node 1 Mapped:            86012 kB
Node 1 AnonPages:         18708 kB
Node 1 Shmem:               716 kB
Node 1 KernelStack:        2456 kB
Node 1 PageTables:          872 kB
Node 1 NFS_Unstable:          0 kB
Node 1 Bounce:                0 kB
Node 1 WritebackTmp:          0 kB
Node 1 KReclaimable:      22968 kB
Node 1 Slab:              65780 kB
Node 1 SReclaimable:      22968 kB
Node 1 SUnreclaim:        42812 kB
Node 1 AnonHugePages:         0 kB
Node 1 ShmemHugePages:        0 kB
Node 1 ShmemPmdMapped:        0 kB
Node 1 FileHugePages:        0 kB
Node 1 FilePmdMapped:        0 kB
Node 1 HugePages_Total:     0
Node 1 HugePages_Free:      0
Node 1 HugePages_Surp:      0

B.0.fio.2-1G.3.O Complete!
