B.0.fio.1-128K.3.O
Begin
Node 0 MemTotal:       24768352 kB
Node 0 MemFree:        24359052 kB
Node 0 MemUsed:          409300 kB
Node 0 Active:            33736 kB
Node 0 Inactive:          78496 kB
Node 0 Active(anon):      15336 kB
Node 0 Inactive(anon):      420 kB
Node 0 Active(file):      18400 kB
Node 0 Inactive(file):    78076 kB
Node 0 Unevictable:       12636 kB
Node 0 Mlocked:           12636 kB
Node 0 Dirty:               176 kB
Node 0 Writeback:             0 kB
Node 0 FilePages:         99428 kB
Node 0 Mapped:            34092 kB
Node 0 AnonPages:         25528 kB
Node 0 Shmem:               632 kB
Node 0 KernelStack:        2120 kB
Node 0 PageTables:          864 kB
Node 0 NFS_Unstable:          0 kB
Node 0 Bounce:                0 kB
Node 0 WritebackTmp:          0 kB
Node 0 KReclaimable:      20008 kB
Node 0 Slab:              58652 kB
Node 0 SReclaimable:      20008 kB
Node 0 SUnreclaim:        38644 kB
Node 0 AnonHugePages:         0 kB
Node 0 ShmemHugePages:        0 kB
Node 0 ShmemPmdMapped:        0 kB
Node 0 FileHugePages:        0 kB
Node 0 FilePmdMapped:        0 kB
Node 0 HugePages_Total:     0
Node 0 HugePages_Free:      0
Node 0 HugePages_Surp:      0

Node 1 MemTotal:       24661580 kB
Node 1 MemFree:        24411056 kB
Node 1 MemUsed:          250524 kB
Node 1 Active:            61696 kB
Node 1 Inactive:          59788 kB
Node 1 Active(anon):      18424 kB
Node 1 Inactive(anon):      452 kB
Node 1 Active(file):      43272 kB
Node 1 Inactive(file):    59336 kB
Node 1 Unevictable:        5884 kB
Node 1 Mlocked:            5884 kB
Node 1 Dirty:               352 kB
Node 1 Writeback:             0 kB
Node 1 FilePages:        109268 kB
Node 1 Mapped:            50380 kB
Node 1 AnonPages:         18244 kB
Node 1 Shmem:               636 kB
Node 1 KernelStack:        1464 kB
Node 1 PageTables:          340 kB
Node 1 NFS_Unstable:          0 kB
Node 1 Bounce:                0 kB
Node 1 WritebackTmp:          0 kB
Node 1 KReclaimable:      21008 kB
Node 1 Slab:              47532 kB
Node 1 SReclaimable:      21008 kB
Node 1 SUnreclaim:        26524 kB
Node 1 AnonHugePages:         0 kB
Node 1 ShmemHugePages:        0 kB
Node 1 ShmemPmdMapped:        0 kB
Node 1 FileHugePages:        0 kB
Node 1 FilePmdMapped:        0 kB
Node 1 HugePages_Total:     0
Node 1 HugePages_Free:      0
Node 1 HugePages_Surp:      0

Load ZFS
Node 0 MemTotal:       24768352 kB
Node 0 MemFree:        24254092 kB
Node 0 MemUsed:          514260 kB
Node 0 Active:            45372 kB
Node 0 Inactive:         165292 kB
Node 0 Active(anon):      26564 kB
Node 0 Inactive(anon):      456 kB
Node 0 Active(file):      18808 kB
Node 0 Inactive(file):   164836 kB
Node 0 Unevictable:       12868 kB
Node 0 Mlocked:           12868 kB
Node 0 Dirty:               356 kB
Node 0 Writeback:             0 kB
Node 0 FilePages:        186584 kB
Node 0 Mapped:            35476 kB
Node 0 AnonPages:         36804 kB
Node 0 Shmem:               628 kB
Node 0 KernelStack:        2600 kB
Node 0 PageTables:         1920 kB
Node 0 NFS_Unstable:          0 kB
Node 0 Bounce:                0 kB
Node 0 WritebackTmp:          0 kB
Node 0 KReclaimable:      21048 kB
Node 0 Slab:              62780 kB
Node 0 SReclaimable:      21048 kB
Node 0 SUnreclaim:        41732 kB
Node 0 AnonHugePages:         0 kB
Node 0 ShmemHugePages:        0 kB
Node 0 ShmemPmdMapped:        0 kB
Node 0 FileHugePages:        0 kB
Node 0 FilePmdMapped:        0 kB
Node 0 HugePages_Total:     0
Node 0 HugePages_Free:      0
Node 0 HugePages_Surp:      0

Node 1 MemTotal:       24661580 kB
Node 1 MemFree:        24374772 kB
Node 1 MemUsed:          286808 kB
Node 1 Active:            74820 kB
Node 1 Inactive:          76480 kB
Node 1 Active(anon):      29308 kB
Node 1 Inactive(anon):      488 kB
Node 1 Active(file):      45512 kB
Node 1 Inactive(file):    75992 kB
Node 1 Unevictable:        5884 kB
Node 1 Mlocked:            5884 kB
Node 1 Dirty:               304 kB
Node 1 Writeback:             0 kB
Node 1 FilePages:        128024 kB
Node 1 Mapped:            53076 kB
Node 1 AnonPages:         29224 kB
Node 1 Shmem:               640 kB
Node 1 KernelStack:        1448 kB
Node 1 PageTables:          772 kB
Node 1 NFS_Unstable:          0 kB
Node 1 Bounce:                0 kB
Node 1 WritebackTmp:          0 kB
Node 1 KReclaimable:      21676 kB
Node 1 Slab:              50376 kB
Node 1 SReclaimable:      21676 kB
Node 1 SUnreclaim:        28700 kB
Node 1 AnonHugePages:         0 kB
Node 1 ShmemHugePages:        0 kB
Node 1 ShmemPmdMapped:        0 kB
Node 1 FileHugePages:        0 kB
Node 1 FilePmdMapped:        0 kB
Node 1 HugePages_Total:     0
Node 1 HugePages_Free:      0
Node 1 HugePages_Surp:      0

Import tank ZPool
Node 0 MemTotal:       24768352 kB
Node 0 MemFree:        24263648 kB
Node 0 MemUsed:          504704 kB
Node 0 Active:            33736 kB
Node 0 Inactive:         165096 kB
Node 0 Active(anon):      14712 kB
Node 0 Inactive(anon):      452 kB
Node 0 Active(file):      19024 kB
Node 0 Inactive(file):   164644 kB
Node 0 Unevictable:       12868 kB
Node 0 Mlocked:           12868 kB
Node 0 Dirty:               288 kB
Node 0 Writeback:             0 kB
Node 0 FilePages:        186604 kB
Node 0 Mapped:            34096 kB
Node 0 AnonPages:         25096 kB
Node 0 Shmem:               624 kB
Node 0 KernelStack:        3192 kB
Node 0 PageTables:          796 kB
Node 0 NFS_Unstable:          0 kB
Node 0 Bounce:                0 kB
Node 0 WritebackTmp:          0 kB
Node 0 KReclaimable:      21052 kB
Node 0 Slab:              64872 kB
Node 0 SReclaimable:      21052 kB
Node 0 SUnreclaim:        43820 kB
Node 0 AnonHugePages:         0 kB
Node 0 ShmemHugePages:        0 kB
Node 0 ShmemPmdMapped:        0 kB
Node 0 FileHugePages:        0 kB
Node 0 FilePmdMapped:        0 kB
Node 0 HugePages_Total:     0
Node 0 HugePages_Free:      0
Node 0 HugePages_Surp:      0

Node 1 MemTotal:       24661580 kB
Node 1 MemFree:        24366104 kB
Node 1 MemUsed:          295476 kB
Node 1 Active:            65020 kB
Node 1 Inactive:          77332 kB
Node 1 Active(anon):      18888 kB
Node 1 Inactive(anon):      496 kB
Node 1 Active(file):      46132 kB
Node 1 Inactive(file):    76836 kB
Node 1 Unevictable:        5884 kB
Node 1 Mlocked:            5884 kB
Node 1 Dirty:               388 kB
Node 1 Writeback:             0 kB
Node 1 FilePages:        129544 kB
Node 1 Mapped:            50780 kB
Node 1 AnonPages:         18456 kB
Node 1 Shmem:               644 kB
Node 1 KernelStack:        1480 kB
Node 1 PageTables:          412 kB
Node 1 NFS_Unstable:          0 kB
Node 1 Bounce:                0 kB
Node 1 WritebackTmp:          0 kB
Node 1 KReclaimable:      21800 kB
Node 1 Slab:              55496 kB
Node 1 SReclaimable:      21800 kB
Node 1 SUnreclaim:        33696 kB
Node 1 AnonHugePages:         0 kB
Node 1 ShmemHugePages:        0 kB
Node 1 ShmemPmdMapped:        0 kB
Node 1 FileHugePages:        0 kB
Node 1 FilePmdMapped:        0 kB
Node 1 HugePages_Total:     0
Node 1 HugePages_Free:      0
Node 1 HugePages_Surp:      0

After Test
Node 0 MemTotal:       24768352 kB
Node 0 MemFree:        24259312 kB
Node 0 MemUsed:          509040 kB
Node 0 Active:            34840 kB
Node 0 Inactive:         166264 kB
Node 0 Active(anon):      14876 kB
Node 0 Inactive(anon):      472 kB
Node 0 Active(file):      19964 kB
Node 0 Inactive(file):   165792 kB
Node 0 Unevictable:       12868 kB
Node 0 Mlocked:           12868 kB
Node 0 Dirty:               300 kB
Node 0 Writeback:             0 kB
Node 0 FilePages:        188736 kB
Node 0 Mapped:            34372 kB
Node 0 AnonPages:         25152 kB
Node 0 Shmem:               668 kB
Node 0 KernelStack:        3224 kB
Node 0 PageTables:          912 kB
Node 0 NFS_Unstable:          0 kB
Node 0 Bounce:                0 kB
Node 0 WritebackTmp:          0 kB
Node 0 KReclaimable:      22388 kB
Node 0 Slab:              66564 kB
Node 0 SReclaimable:      22388 kB
Node 0 SUnreclaim:        44176 kB
Node 0 AnonHugePages:         0 kB
Node 0 ShmemHugePages:        0 kB
Node 0 ShmemPmdMapped:        0 kB
Node 0 FileHugePages:        0 kB
Node 0 FilePmdMapped:        0 kB
Node 0 HugePages_Total:     0
Node 0 HugePages_Free:      0
Node 0 HugePages_Surp:      0

Node 1 MemTotal:       24661580 kB
Node 1 MemFree:        24365108 kB
Node 1 MemUsed:          296472 kB
Node 1 Active:            65408 kB
Node 1 Inactive:          77124 kB
Node 1 Active(anon):      18852 kB
Node 1 Inactive(anon):      492 kB
Node 1 Active(file):      46556 kB
Node 1 Inactive(file):    76632 kB
Node 1 Unevictable:        5884 kB
Node 1 Mlocked:            5884 kB
Node 1 Dirty:               392 kB
Node 1 Writeback:             0 kB
Node 1 FilePages:        129712 kB
Node 1 Mapped:            50668 kB
Node 1 AnonPages:         18700 kB
Node 1 Shmem:               644 kB
Node 1 KernelStack:        1464 kB
Node 1 PageTables:          428 kB
Node 1 NFS_Unstable:          0 kB
Node 1 Bounce:                0 kB
Node 1 WritebackTmp:          0 kB
Node 1 KReclaimable:      21808 kB
Node 1 Slab:              55708 kB
Node 1 SReclaimable:      21808 kB
Node 1 SUnreclaim:        33900 kB
Node 1 AnonHugePages:         0 kB
Node 1 ShmemHugePages:        0 kB
Node 1 ShmemPmdMapped:        0 kB
Node 1 FileHugePages:        0 kB
Node 1 FilePmdMapped:        0 kB
Node 1 HugePages_Total:     0
Node 1 HugePages_Free:      0
Node 1 HugePages_Surp:      0

After Opposite Node
Node 0 MemTotal:       24768352 kB
Node 0 MemFree:        24259344 kB
Node 0 MemUsed:          509008 kB
Node 0 Active:            34764 kB
Node 0 Inactive:         166240 kB
Node 0 Active(anon):      14776 kB
Node 0 Inactive(anon):      472 kB
Node 0 Active(file):      19988 kB
Node 0 Inactive(file):   165768 kB
Node 0 Unevictable:       12868 kB
Node 0 Mlocked:           12868 kB
Node 0 Dirty:               300 kB
Node 0 Writeback:             0 kB
Node 0 FilePages:        188736 kB
Node 0 Mapped:            34620 kB
Node 0 AnonPages:         25052 kB
Node 0 Shmem:               668 kB
Node 0 KernelStack:        3240 kB
Node 0 PageTables:          892 kB
Node 0 NFS_Unstable:          0 kB
Node 0 Bounce:                0 kB
Node 0 WritebackTmp:          0 kB
Node 0 KReclaimable:      22388 kB
Node 0 Slab:              66556 kB
Node 0 SReclaimable:      22388 kB
Node 0 SUnreclaim:        44168 kB
Node 0 AnonHugePages:         0 kB
Node 0 ShmemHugePages:        0 kB
Node 0 ShmemPmdMapped:        0 kB
Node 0 FileHugePages:        0 kB
Node 0 FilePmdMapped:        0 kB
Node 0 HugePages_Total:     0
Node 0 HugePages_Free:      0
Node 0 HugePages_Surp:      0

Node 1 MemTotal:       24661580 kB
Node 1 MemFree:        24364624 kB
Node 1 MemUsed:          296956 kB
Node 1 Active:            65572 kB
Node 1 Inactive:          77144 kB
Node 1 Active(anon):      18988 kB
Node 1 Inactive(anon):      516 kB
Node 1 Active(file):      46584 kB
Node 1 Inactive(file):    76628 kB
Node 1 Unevictable:        5884 kB
Node 1 Mlocked:            5884 kB
Node 1 Dirty:               412 kB
Node 1 Writeback:             0 kB
Node 1 FilePages:        129780 kB
Node 1 Mapped:            50712 kB
Node 1 AnonPages:         18728 kB
Node 1 Shmem:               688 kB
Node 1 KernelStack:        1512 kB
Node 1 PageTables:          540 kB
Node 1 NFS_Unstable:          0 kB
Node 1 Bounce:                0 kB
Node 1 WritebackTmp:          0 kB
Node 1 KReclaimable:      21856 kB
Node 1 Slab:              55856 kB
Node 1 SReclaimable:      21856 kB
Node 1 SUnreclaim:        34000 kB
Node 1 AnonHugePages:         0 kB
Node 1 ShmemHugePages:        0 kB
Node 1 ShmemPmdMapped:        0 kB
Node 1 FileHugePages:        0 kB
Node 1 FilePmdMapped:        0 kB
Node 1 HugePages_Total:     0
Node 1 HugePages_Free:      0
Node 1 HugePages_Surp:      0

B.0.fio.1-128K.3.O Complete!
