U.0.doublefio.2-1G.1.O
Begin
Node 0 MemTotal:       24743736 kB
Node 0 MemFree:        24489644 kB
Node 0 MemUsed:          254092 kB
Node 0 Active:            42264 kB
Node 0 Inactive:          58880 kB
Node 0 Active(anon):      19864 kB
Node 0 Inactive(anon):      280 kB
Node 0 Active(file):      22400 kB
Node 0 Inactive(file):    58600 kB
Node 0 Unevictable:       17824 kB
Node 0 Mlocked:           17824 kB
Node 0 Dirty:               400 kB
Node 0 Writeback:             0 kB
Node 0 FilePages:         88952 kB
Node 0 Mapped:            19788 kB
Node 0 AnonPages:         30040 kB
Node 0 Shmem:               436 kB
Node 0 KernelStack:        2120 kB
Node 0 PageTables:          620 kB
Node 0 NFS_Unstable:          0 kB
Node 0 Bounce:                0 kB
Node 0 WritebackTmp:          0 kB
Node 0 KReclaimable:      16416 kB
Node 0 Slab:              46984 kB
Node 0 SReclaimable:      16416 kB
Node 0 SUnreclaim:        30568 kB
Node 0 AnonHugePages:         0 kB
Node 0 ShmemHugePages:        0 kB
Node 0 ShmemPmdMapped:        0 kB
Node 0 FileHugePages:        0 kB
Node 0 FilePmdMapped:        0 kB
Node 0 HugePages_Total:     0
Node 0 HugePages_Free:      0
Node 0 HugePages_Surp:      0

Node 1 MemTotal:       24686196 kB
Node 1 MemFree:        24329776 kB
Node 1 MemUsed:          356420 kB
Node 1 Active:            51408 kB
Node 1 Inactive:          31824 kB
Node 1 Active(anon):      13600 kB
Node 1 Inactive(anon):      616 kB
Node 1 Active(file):      37808 kB
Node 1 Inactive(file):    31208 kB
Node 1 Unevictable:         700 kB
Node 1 Mlocked:             700 kB
Node 1 Dirty:               112 kB
Node 1 Writeback:             0 kB
Node 1 FilePages:         70560 kB
Node 1 Mapped:            21368 kB
Node 1 AnonPages:         13516 kB
Node 1 Shmem:               832 kB
Node 1 KernelStack:        1464 kB
Node 1 PageTables:          436 kB
Node 1 NFS_Unstable:          0 kB
Node 1 Bounce:                0 kB
Node 1 WritebackTmp:          0 kB
Node 1 KReclaimable:      25304 kB
Node 1 Slab:              59308 kB
Node 1 SReclaimable:      25304 kB
Node 1 SUnreclaim:        34004 kB
Node 1 AnonHugePages:         0 kB
Node 1 ShmemHugePages:        0 kB
Node 1 ShmemPmdMapped:        0 kB
Node 1 FileHugePages:        0 kB
Node 1 FilePmdMapped:        0 kB
Node 1 HugePages_Total:     0
Node 1 HugePages_Free:      0
Node 1 HugePages_Surp:      0

Load ZFS
Node 0 MemTotal:       24743736 kB
Node 0 MemFree:        24485852 kB
Node 0 MemUsed:          257884 kB
Node 0 Active:            45028 kB
Node 0 Inactive:          59440 kB
Node 0 Active(anon):      21784 kB
Node 0 Inactive(anon):      280 kB
Node 0 Active(file):      23244 kB
Node 0 Inactive(file):    59160 kB
Node 0 Unevictable:       17824 kB
Node 0 Mlocked:           17824 kB
Node 0 Dirty:               400 kB
Node 0 Writeback:             0 kB
Node 0 FilePages:         90332 kB
Node 0 Mapped:            19808 kB
Node 0 AnonPages:         32072 kB
Node 0 Shmem:               436 kB
Node 0 KernelStack:        2136 kB
Node 0 PageTables:          620 kB
Node 0 NFS_Unstable:          0 kB
Node 0 Bounce:                0 kB
Node 0 WritebackTmp:          0 kB
Node 0 KReclaimable:      16956 kB
Node 0 Slab:              48952 kB
Node 0 SReclaimable:      16956 kB
Node 0 SUnreclaim:        31996 kB
Node 0 AnonHugePages:         0 kB
Node 0 ShmemHugePages:        0 kB
Node 0 ShmemPmdMapped:        0 kB
Node 0 FileHugePages:        0 kB
Node 0 FilePmdMapped:        0 kB
Node 0 HugePages_Total:     0
Node 0 HugePages_Free:      0
Node 0 HugePages_Surp:      0

Node 1 MemTotal:       24686196 kB
Node 1 MemFree:        24320664 kB
Node 1 MemUsed:          365532 kB
Node 1 Active:            62152 kB
Node 1 Inactive:          27176 kB
Node 1 Active(anon):      18536 kB
Node 1 Inactive(anon):      616 kB
Node 1 Active(file):      43616 kB
Node 1 Inactive(file):    26560 kB
Node 1 Unevictable:         700 kB
Node 1 Mlocked:             700 kB
Node 1 Dirty:               140 kB
Node 1 Writeback:             0 kB
Node 1 FilePages:         71708 kB
Node 1 Mapped:            21532 kB
Node 1 AnonPages:         18212 kB
Node 1 Shmem:               832 kB
Node 1 KernelStack:        1656 kB
Node 1 PageTables:          972 kB
Node 1 NFS_Unstable:          0 kB
Node 1 Bounce:                0 kB
Node 1 WritebackTmp:          0 kB
Node 1 KReclaimable:      25716 kB
Node 1 Slab:              60868 kB
Node 1 SReclaimable:      25716 kB
Node 1 SUnreclaim:        35152 kB
Node 1 AnonHugePages:         0 kB
Node 1 ShmemHugePages:        0 kB
Node 1 ShmemPmdMapped:        0 kB
Node 1 FileHugePages:        0 kB
Node 1 FilePmdMapped:        0 kB
Node 1 HugePages_Total:     0
Node 1 HugePages_Free:      0
Node 1 HugePages_Surp:      0

Import tank ZPool
Node 0 MemTotal:       24743736 kB
Node 0 MemFree:        24486936 kB
Node 0 MemUsed:          256800 kB
Node 0 Active:            43124 kB
Node 0 Inactive:          59440 kB
Node 0 Active(anon):      19852 kB
Node 0 Inactive(anon):      280 kB
Node 0 Active(file):      23272 kB
Node 0 Inactive(file):    59160 kB
Node 0 Unevictable:       17824 kB
Node 0 Mlocked:           17824 kB
Node 0 Dirty:               152 kB
Node 0 Writeback:             0 kB
Node 0 FilePages:         90368 kB
Node 0 Mapped:            20080 kB
Node 0 AnonPages:         30028 kB
Node 0 Shmem:               432 kB
Node 0 KernelStack:        2088 kB
Node 0 PageTables:          620 kB
Node 0 NFS_Unstable:          0 kB
Node 0 Bounce:                0 kB
Node 0 WritebackTmp:          0 kB
Node 0 KReclaimable:      16956 kB
Node 0 Slab:              49148 kB
Node 0 SReclaimable:      16956 kB
Node 0 SUnreclaim:        32192 kB
Node 0 AnonHugePages:         0 kB
Node 0 ShmemHugePages:        0 kB
Node 0 ShmemPmdMapped:        0 kB
Node 0 FileHugePages:        0 kB
Node 0 FilePmdMapped:        0 kB
Node 0 HugePages_Total:     0
Node 0 HugePages_Free:      0
Node 0 HugePages_Surp:      0

Node 1 MemTotal:       24686196 kB
Node 1 MemFree:        24305540 kB
Node 1 MemUsed:          380656 kB
Node 1 Active:            57740 kB
Node 1 Inactive:          28320 kB
Node 1 Active(anon):      13732 kB
Node 1 Inactive(anon):      620 kB
Node 1 Active(file):      44008 kB
Node 1 Inactive(file):    27700 kB
Node 1 Unevictable:         700 kB
Node 1 Mlocked:             700 kB
Node 1 Dirty:               188 kB
Node 1 Writeback:             0 kB
Node 1 FilePages:         73248 kB
Node 1 Mapped:            21648 kB
Node 1 AnonPages:         13308 kB
Node 1 Shmem:               836 kB
Node 1 KernelStack:        2600 kB
Node 1 PageTables:          500 kB
Node 1 NFS_Unstable:          0 kB
Node 1 Bounce:                0 kB
Node 1 WritebackTmp:          0 kB
Node 1 KReclaimable:      25848 kB
Node 1 Slab:              67732 kB
Node 1 SReclaimable:      25848 kB
Node 1 SUnreclaim:        41884 kB
Node 1 AnonHugePages:         0 kB
Node 1 ShmemHugePages:        0 kB
Node 1 ShmemPmdMapped:        0 kB
Node 1 FileHugePages:        0 kB
Node 1 FilePmdMapped:        0 kB
Node 1 HugePages_Total:     0
Node 1 HugePages_Free:      0
Node 1 HugePages_Surp:      0

After Test
Node 0 MemTotal:       24743736 kB
Node 0 MemFree:        23352820 kB
Node 0 MemUsed:         1390916 kB
Node 0 Active:            43928 kB
Node 0 Inactive:          60608 kB
Node 0 Active(anon):      19832 kB
Node 0 Inactive(anon):      316 kB
Node 0 Active(file):      24096 kB
Node 0 Inactive(file):    60292 kB
Node 0 Unevictable:       17824 kB
Node 0 Mlocked:           17824 kB
Node 0 Dirty:                 8 kB
Node 0 Writeback:             0 kB
Node 0 FilePages:         92356 kB
Node 0 Mapped:            20044 kB
Node 0 AnonPages:         29956 kB
Node 0 Shmem:               476 kB
Node 0 KernelStack:        2152 kB
Node 0 PageTables:          796 kB
Node 0 NFS_Unstable:          0 kB
Node 0 Bounce:                0 kB
Node 0 WritebackTmp:          0 kB
Node 0 KReclaimable:      18232 kB
Node 0 Slab:              58336 kB
Node 0 SReclaimable:      18232 kB
Node 0 SUnreclaim:        40104 kB
Node 0 AnonHugePages:         0 kB
Node 0 ShmemHugePages:        0 kB
Node 0 ShmemPmdMapped:        0 kB
Node 0 FileHugePages:        0 kB
Node 0 FilePmdMapped:        0 kB
Node 0 HugePages_Total:     0
Node 0 HugePages_Free:      0
Node 0 HugePages_Surp:      0

Node 1 MemTotal:       24686196 kB
Node 1 MemFree:        23557960 kB
Node 1 MemUsed:         1128236 kB
Node 1 Active:            57408 kB
Node 1 Inactive:          28080 kB
Node 1 Active(anon):      13124 kB
Node 1 Inactive(anon):      620 kB
Node 1 Active(file):      44284 kB
Node 1 Inactive(file):    27460 kB
Node 1 Unevictable:         700 kB
Node 1 Mlocked:             700 kB
Node 1 Dirty:               112 kB
Node 1 Writeback:             0 kB
Node 1 FilePages:         73280 kB
Node 1 Mapped:            21372 kB
Node 1 AnonPages:         12908 kB
Node 1 Shmem:               836 kB
Node 1 KernelStack:        2552 kB
Node 1 PageTables:          384 kB
Node 1 NFS_Unstable:          0 kB
Node 1 Bounce:                0 kB
Node 1 WritebackTmp:          0 kB
Node 1 KReclaimable:      25848 kB
Node 1 Slab:              70104 kB
Node 1 SReclaimable:      25848 kB
Node 1 SUnreclaim:        44256 kB
Node 1 AnonHugePages:         0 kB
Node 1 ShmemHugePages:        0 kB
Node 1 ShmemPmdMapped:        0 kB
Node 1 FileHugePages:        0 kB
Node 1 FilePmdMapped:        0 kB
Node 1 HugePages_Total:     0
Node 1 HugePages_Free:      0
Node 1 HugePages_Surp:      0

After Opposite Node
Node 0 MemTotal:       24743736 kB
Node 0 MemFree:        23354664 kB
Node 0 MemUsed:         1389072 kB
Node 0 Active:            43916 kB
Node 0 Inactive:          60408 kB
Node 0 Active(anon):      19648 kB
Node 0 Inactive(anon):      280 kB
Node 0 Active(file):      24268 kB
Node 0 Inactive(file):    60128 kB
Node 0 Unevictable:       17824 kB
Node 0 Mlocked:           17824 kB
Node 0 Dirty:                16 kB
Node 0 Writeback:             0 kB
Node 0 FilePages:         92320 kB
Node 0 Mapped:            20012 kB
Node 0 AnonPages:         29824 kB
Node 0 Shmem:               432 kB
Node 0 KernelStack:        2104 kB
Node 0 PageTables:          620 kB
Node 0 NFS_Unstable:          0 kB
Node 0 Bounce:                0 kB
Node 0 WritebackTmp:          0 kB
Node 0 KReclaimable:      18232 kB
Node 0 Slab:              58460 kB
Node 0 SReclaimable:      18232 kB
Node 0 SUnreclaim:        40228 kB
Node 0 AnonHugePages:         0 kB
Node 0 ShmemHugePages:        0 kB
Node 0 ShmemPmdMapped:        0 kB
Node 0 FileHugePages:        0 kB
Node 0 FilePmdMapped:        0 kB
Node 0 HugePages_Total:     0
Node 0 HugePages_Free:      0
Node 0 HugePages_Surp:      0

Node 1 MemTotal:       24686196 kB
Node 1 MemFree:        23554692 kB
Node 1 MemUsed:         1131504 kB
Node 1 Active:            57560 kB
Node 1 Inactive:          28100 kB
Node 1 Active(anon):      13248 kB
Node 1 Inactive(anon):      644 kB
Node 1 Active(file):      44312 kB
Node 1 Inactive(file):    27456 kB
Node 1 Unevictable:         700 kB
Node 1 Mlocked:             700 kB
Node 1 Dirty:               132 kB
Node 1 Writeback:             0 kB
Node 1 FilePages:         73348 kB
Node 1 Mapped:            21416 kB
Node 1 AnonPages:         12928 kB
Node 1 Shmem:               880 kB
Node 1 KernelStack:        2632 kB
Node 1 PageTables:          496 kB
Node 1 NFS_Unstable:          0 kB
Node 1 Bounce:                0 kB
Node 1 WritebackTmp:          0 kB
Node 1 KReclaimable:      25880 kB
Node 1 Slab:              70628 kB
Node 1 SReclaimable:      25880 kB
Node 1 SUnreclaim:        44748 kB
Node 1 AnonHugePages:         0 kB
Node 1 ShmemHugePages:        0 kB
Node 1 ShmemPmdMapped:        0 kB
Node 1 FileHugePages:        0 kB
Node 1 FilePmdMapped:        0 kB
Node 1 HugePages_Total:     0
Node 1 HugePages_Free:      0
Node 1 HugePages_Surp:      0

U.0.doublefio.2-1G.1.O Complete!
