U.0.doublefio.250M.2.O
Begin
Node 0 MemTotal:       24743736 kB
Node 0 MemFree:        24377196 kB
Node 0 MemUsed:          366540 kB
Node 0 Active:            43040 kB
Node 0 Inactive:          30908 kB
Node 0 Active(anon):      18596 kB
Node 0 Inactive(anon):      504 kB
Node 0 Active(file):      24444 kB
Node 0 Inactive(file):    30404 kB
Node 0 Unevictable:       16996 kB
Node 0 Mlocked:           16996 kB
Node 0 Dirty:                 0 kB
Node 0 Writeback:             0 kB
Node 0 FilePages:         62192 kB
Node 0 Mapped:            25096 kB
Node 0 AnonPages:         28764 kB
Node 0 Shmem:               676 kB
Node 0 KernelStack:        1928 kB
Node 0 PageTables:          692 kB
Node 0 NFS_Unstable:          0 kB
Node 0 Bounce:                0 kB
Node 0 WritebackTmp:          0 kB
Node 0 KReclaimable:      19592 kB
Node 0 Slab:              52792 kB
Node 0 SReclaimable:      19592 kB
Node 0 SUnreclaim:        33200 kB
Node 0 AnonHugePages:         0 kB
Node 0 ShmemHugePages:        0 kB
Node 0 ShmemPmdMapped:        0 kB
Node 0 FileHugePages:        0 kB
Node 0 FilePmdMapped:        0 kB
Node 0 HugePages_Total:     0
Node 0 HugePages_Free:      0
Node 0 HugePages_Surp:      0

Node 1 MemTotal:       24686196 kB
Node 1 MemFree:        24446008 kB
Node 1 MemUsed:          240188 kB
Node 1 Active:            51660 kB
Node 1 Inactive:          54876 kB
Node 1 Active(anon):      15568 kB
Node 1 Inactive(anon):      372 kB
Node 1 Active(file):      36092 kB
Node 1 Inactive(file):    54504 kB
Node 1 Unevictable:        1524 kB
Node 1 Mlocked:            1524 kB
Node 1 Dirty:                 0 kB
Node 1 Writeback:             0 kB
Node 1 FilePages:         92740 kB
Node 1 Mapped:            16852 kB
Node 1 AnonPages:         15436 kB
Node 1 Shmem:               592 kB
Node 1 KernelStack:        1736 kB
Node 1 PageTables:          396 kB
Node 1 NFS_Unstable:          0 kB
Node 1 Bounce:                0 kB
Node 1 WritebackTmp:          0 kB
Node 1 KReclaimable:      22456 kB
Node 1 Slab:              53948 kB
Node 1 SReclaimable:      22456 kB
Node 1 SUnreclaim:        31492 kB
Node 1 AnonHugePages:         0 kB
Node 1 ShmemHugePages:        0 kB
Node 1 ShmemPmdMapped:        0 kB
Node 1 FileHugePages:        0 kB
Node 1 FilePmdMapped:        0 kB
Node 1 HugePages_Total:     0
Node 1 HugePages_Free:      0
Node 1 HugePages_Surp:      0

Load ZFS
Node 0 MemTotal:       24743736 kB
Node 0 MemFree:        24505780 kB
Node 0 MemUsed:          237956 kB
Node 0 Active:            53244 kB
Node 0 Inactive:          26236 kB
Node 0 Active(anon):      23340 kB
Node 0 Inactive(anon):      504 kB
Node 0 Active(file):      29904 kB
Node 0 Inactive(file):    25732 kB
Node 0 Unevictable:       16996 kB
Node 0 Mlocked:           16996 kB
Node 0 Dirty:                72 kB
Node 0 Writeback:             0 kB
Node 0 FilePages:         62980 kB
Node 0 Mapped:            25104 kB
Node 0 AnonPages:         33600 kB
Node 0 Shmem:               676 kB
Node 0 KernelStack:        2040 kB
Node 0 PageTables:          944 kB
Node 0 NFS_Unstable:          0 kB
Node 0 Bounce:                0 kB
Node 0 WritebackTmp:          0 kB
Node 0 KReclaimable:      20096 kB
Node 0 Slab:              54232 kB
Node 0 SReclaimable:      20096 kB
Node 0 SUnreclaim:        34136 kB
Node 0 AnonHugePages:         0 kB
Node 0 ShmemHugePages:        0 kB
Node 0 ShmemPmdMapped:        0 kB
Node 0 FileHugePages:        0 kB
Node 0 FilePmdMapped:        0 kB
Node 0 HugePages_Total:     0
Node 0 HugePages_Free:      0
Node 0 HugePages_Surp:      0

Node 1 MemTotal:       24686196 kB
Node 1 MemFree:        24306472 kB
Node 1 MemUsed:          379724 kB
Node 1 Active:            52900 kB
Node 1 Inactive:          55532 kB
Node 1 Active(anon):      15696 kB
Node 1 Inactive(anon):      372 kB
Node 1 Active(file):      37204 kB
Node 1 Inactive(file):    55160 kB
Node 1 Unevictable:        1524 kB
Node 1 Mlocked:            1524 kB
Node 1 Dirty:                 4 kB
Node 1 Writeback:             0 kB
Node 1 FilePages:         94480 kB
Node 1 Mapped:            17012 kB
Node 1 AnonPages:         15392 kB
Node 1 Shmem:               592 kB
Node 1 KernelStack:        1720 kB
Node 1 PageTables:          452 kB
Node 1 NFS_Unstable:          0 kB
Node 1 Bounce:                0 kB
Node 1 WritebackTmp:          0 kB
Node 1 KReclaimable:      22832 kB
Node 1 Slab:              56088 kB
Node 1 SReclaimable:      22832 kB
Node 1 SUnreclaim:        33256 kB
Node 1 AnonHugePages:         0 kB
Node 1 ShmemHugePages:        0 kB
Node 1 ShmemPmdMapped:        0 kB
Node 1 FileHugePages:        0 kB
Node 1 FilePmdMapped:        0 kB
Node 1 HugePages_Total:     0
Node 1 HugePages_Free:      0
Node 1 HugePages_Surp:      0

Import tank ZPool
Node 0 MemTotal:       24743736 kB
Node 0 MemFree:        24508844 kB
Node 0 MemUsed:          234892 kB
Node 0 Active:            48220 kB
Node 0 Inactive:          26192 kB
Node 0 Active(anon):      18272 kB
Node 0 Inactive(anon):      504 kB
Node 0 Active(file):      29948 kB
Node 0 Inactive(file):    25688 kB
Node 0 Unevictable:       16996 kB
Node 0 Mlocked:           16996 kB
Node 0 Dirty:               156 kB
Node 0 Writeback:             0 kB
Node 0 FilePages:         62976 kB
Node 0 Mapped:            25136 kB
Node 0 AnonPages:         28428 kB
Node 0 Shmem:               672 kB
Node 0 KernelStack:        1880 kB
Node 0 PageTables:          584 kB
Node 0 NFS_Unstable:          0 kB
Node 0 Bounce:                0 kB
Node 0 WritebackTmp:          0 kB
Node 0 KReclaimable:      20096 kB
Node 0 Slab:              54784 kB
Node 0 SReclaimable:      20096 kB
Node 0 SUnreclaim:        34688 kB
Node 0 AnonHugePages:         0 kB
Node 0 ShmemHugePages:        0 kB
Node 0 ShmemPmdMapped:        0 kB
Node 0 FileHugePages:        0 kB
Node 0 FilePmdMapped:        0 kB
Node 0 HugePages_Total:     0
Node 0 HugePages_Free:      0
Node 0 HugePages_Surp:      0

Node 1 MemTotal:       24686196 kB
Node 1 MemFree:        24285104 kB
Node 1 MemUsed:          401092 kB
Node 1 Active:            52636 kB
Node 1 Inactive:          56724 kB
Node 1 Active(anon):      15076 kB
Node 1 Inactive(anon):      376 kB
Node 1 Active(file):      37560 kB
Node 1 Inactive(file):    56348 kB
Node 1 Unevictable:        1524 kB
Node 1 Mlocked:            1524 kB
Node 1 Dirty:                28 kB
Node 1 Writeback:             0 kB
Node 1 FilePages:         96048 kB
Node 1 Mapped:            17084 kB
Node 1 AnonPages:         14496 kB
Node 1 Shmem:               596 kB
Node 1 KernelStack:        2872 kB
Node 1 PageTables:          532 kB
Node 1 NFS_Unstable:          0 kB
Node 1 Bounce:                0 kB
Node 1 WritebackTmp:          0 kB
Node 1 KReclaimable:      22980 kB
Node 1 Slab:              63184 kB
Node 1 SReclaimable:      22980 kB
Node 1 SUnreclaim:        40204 kB
Node 1 AnonHugePages:         0 kB
Node 1 ShmemHugePages:        0 kB
Node 1 ShmemPmdMapped:        0 kB
Node 1 FileHugePages:        0 kB
Node 1 FilePmdMapped:        0 kB
Node 1 HugePages_Total:     0
Node 1 HugePages_Free:      0
Node 1 HugePages_Surp:      0

After Test
Node 0 MemTotal:       24743736 kB
Node 0 MemFree:        24033196 kB
Node 0 MemUsed:          710540 kB
Node 0 Active:            48924 kB
Node 0 Inactive:          27372 kB
Node 0 Active(anon):      18184 kB
Node 0 Inactive(anon):      540 kB
Node 0 Active(file):      30740 kB
Node 0 Inactive(file):    26832 kB
Node 0 Unevictable:       16996 kB
Node 0 Mlocked:           16996 kB
Node 0 Dirty:               164 kB
Node 0 Writeback:             0 kB
Node 0 FilePages:         64956 kB
Node 0 Mapped:            25372 kB
Node 0 AnonPages:         28196 kB
Node 0 Shmem:               716 kB
Node 0 KernelStack:        1896 kB
Node 0 PageTables:          700 kB
Node 0 NFS_Unstable:          0 kB
Node 0 Bounce:                0 kB
Node 0 WritebackTmp:          0 kB
Node 0 KReclaimable:      21408 kB
Node 0 Slab:              59584 kB
Node 0 SReclaimable:      21408 kB
Node 0 SUnreclaim:        38176 kB
Node 0 AnonHugePages:         0 kB
Node 0 ShmemHugePages:        0 kB
Node 0 ShmemPmdMapped:        0 kB
Node 0 FileHugePages:        0 kB
Node 0 FilePmdMapped:        0 kB
Node 0 HugePages_Total:     0
Node 0 HugePages_Free:      0
Node 0 HugePages_Surp:      0

Node 1 MemTotal:       24686196 kB
Node 1 MemFree:        24223672 kB
Node 1 MemUsed:          462524 kB
Node 1 Active:            52592 kB
Node 1 Inactive:          56488 kB
Node 1 Active(anon):      14744 kB
Node 1 Inactive(anon):      376 kB
Node 1 Active(file):      37848 kB
Node 1 Inactive(file):    56112 kB
Node 1 Unevictable:        1524 kB
Node 1 Mlocked:            1524 kB
Node 1 Dirty:                28 kB
Node 1 Writeback:             0 kB
Node 1 FilePages:         96080 kB
Node 1 Mapped:            16852 kB
Node 1 AnonPages:         14524 kB
Node 1 Shmem:               596 kB
Node 1 KernelStack:        2840 kB
Node 1 PageTables:          424 kB
Node 1 NFS_Unstable:          0 kB
Node 1 Bounce:                0 kB
Node 1 WritebackTmp:          0 kB
Node 1 KReclaimable:      22988 kB
Node 1 Slab:              63136 kB
Node 1 SReclaimable:      22988 kB
Node 1 SUnreclaim:        40148 kB
Node 1 AnonHugePages:         0 kB
Node 1 ShmemHugePages:        0 kB
Node 1 ShmemPmdMapped:        0 kB
Node 1 FileHugePages:        0 kB
Node 1 FilePmdMapped:        0 kB
Node 1 HugePages_Total:     0
Node 1 HugePages_Free:      0
Node 1 HugePages_Surp:      0

After Opposite Node
Node 0 MemTotal:       24743736 kB
Node 0 MemFree:        24033512 kB
Node 0 MemUsed:          710224 kB
Node 0 Active:            48928 kB
Node 0 Inactive:          27136 kB
Node 0 Active(anon):      17980 kB
Node 0 Inactive(anon):      504 kB
Node 0 Active(file):      30948 kB
Node 0 Inactive(file):    26632 kB
Node 0 Unevictable:       16996 kB
Node 0 Mlocked:           16996 kB
Node 0 Dirty:               172 kB
Node 0 Writeback:             0 kB
Node 0 FilePages:         64920 kB
Node 0 Mapped:            25336 kB
Node 0 AnonPages:         28136 kB
Node 0 Shmem:               672 kB
Node 0 KernelStack:        1880 kB
Node 0 PageTables:          584 kB
Node 0 NFS_Unstable:          0 kB
Node 0 Bounce:                0 kB
Node 0 WritebackTmp:          0 kB
Node 0 KReclaimable:      21412 kB
Node 0 Slab:              59572 kB
Node 0 SReclaimable:      21412 kB
Node 0 SUnreclaim:        38160 kB
Node 0 AnonHugePages:         0 kB
Node 0 ShmemHugePages:        0 kB
Node 0 ShmemPmdMapped:        0 kB
Node 0 FileHugePages:        0 kB
Node 0 FilePmdMapped:        0 kB
Node 0 HugePages_Total:     0
Node 0 HugePages_Free:      0
Node 0 HugePages_Surp:      0

Node 1 MemTotal:       24686196 kB
Node 1 MemFree:        24221980 kB
Node 1 MemUsed:          464216 kB
Node 1 Active:            52808 kB
Node 1 Inactive:          56512 kB
Node 1 Active(anon):      14932 kB
Node 1 Inactive(anon):      404 kB
Node 1 Active(file):      37876 kB
Node 1 Inactive(file):    56108 kB
Node 1 Unevictable:        1524 kB
Node 1 Mlocked:            1524 kB
Node 1 Dirty:                48 kB
Node 1 Writeback:             0 kB
Node 1 FilePages:         96148 kB
Node 1 Mapped:            16896 kB
Node 1 AnonPages:         14648 kB
Node 1 Shmem:               640 kB
Node 1 KernelStack:        2872 kB
Node 1 PageTables:          600 kB
Node 1 NFS_Unstable:          0 kB
Node 1 Bounce:                0 kB
Node 1 WritebackTmp:          0 kB
Node 1 KReclaimable:      23060 kB
Node 1 Slab:              63488 kB
Node 1 SReclaimable:      23060 kB
Node 1 SUnreclaim:        40428 kB
Node 1 AnonHugePages:         0 kB
Node 1 ShmemHugePages:        0 kB
Node 1 ShmemPmdMapped:        0 kB
Node 1 FileHugePages:        0 kB
Node 1 FilePmdMapped:        0 kB
Node 1 HugePages_Total:     0
Node 1 HugePages_Free:      0
Node 1 HugePages_Surp:      0

U.0.doublefio.250M.2.O Complete!
