U.0.doublefio.2G.3.O
Begin
Node 0 MemTotal:       24768352 kB
Node 0 MemFree:        24483580 kB
Node 0 MemUsed:          284772 kB
Node 0 Active:            47956 kB
Node 0 Inactive:          70576 kB
Node 0 Active(anon):      17844 kB
Node 0 Inactive(anon):      448 kB
Node 0 Active(file):      30112 kB
Node 0 Inactive(file):    70128 kB
Node 0 Unevictable:       12992 kB
Node 0 Mlocked:           12992 kB
Node 0 Dirty:               148 kB
Node 0 Writeback:             0 kB
Node 0 FilePages:        103540 kB
Node 0 Mapped:            26348 kB
Node 0 AnonPages:         28032 kB
Node 0 Shmem:               640 kB
Node 0 KernelStack:        2168 kB
Node 0 PageTables:          704 kB
Node 0 NFS_Unstable:          0 kB
Node 0 Bounce:                0 kB
Node 0 WritebackTmp:          0 kB
Node 0 KReclaimable:      23048 kB
Node 0 Slab:              65748 kB
Node 0 SReclaimable:      23048 kB
Node 0 SUnreclaim:        42700 kB
Node 0 AnonHugePages:         0 kB
Node 0 ShmemHugePages:        0 kB
Node 0 ShmemPmdMapped:        0 kB
Node 0 FileHugePages:        0 kB
Node 0 FilePmdMapped:        0 kB
Node 0 HugePages_Total:     0
Node 0 HugePages_Free:      0
Node 0 HugePages_Surp:      0

Node 1 MemTotal:       24661580 kB
Node 1 MemFree:        24338116 kB
Node 1 MemUsed:          323464 kB
Node 1 Active:            47844 kB
Node 1 Inactive:          16684 kB
Node 1 Active(anon):      16484 kB
Node 1 Inactive(anon):      428 kB
Node 1 Active(file):      31360 kB
Node 1 Inactive(file):    16256 kB
Node 1 Unevictable:        5532 kB
Node 1 Mlocked:            5532 kB
Node 1 Dirty:               276 kB
Node 1 Writeback:             0 kB
Node 1 FilePages:         53776 kB
Node 1 Mapped:            16428 kB
Node 1 AnonPages:         16376 kB
Node 1 Shmem:               628 kB
Node 1 KernelStack:        1464 kB
Node 1 PageTables:          440 kB
Node 1 NFS_Unstable:          0 kB
Node 1 Bounce:                0 kB
Node 1 WritebackTmp:          0 kB
Node 1 KReclaimable:      18980 kB
Node 1 Slab:              40252 kB
Node 1 SReclaimable:      18980 kB
Node 1 SUnreclaim:        21272 kB
Node 1 AnonHugePages:         0 kB
Node 1 ShmemHugePages:        0 kB
Node 1 ShmemPmdMapped:        0 kB
Node 1 FileHugePages:        0 kB
Node 1 FilePmdMapped:        0 kB
Node 1 HugePages_Total:     0
Node 1 HugePages_Free:      0
Node 1 HugePages_Surp:      0

Load ZFS
Node 0 MemTotal:       24768352 kB
Node 0 MemFree:        24477368 kB
Node 0 MemUsed:          290984 kB
Node 0 Active:            52724 kB
Node 0 Inactive:          70452 kB
Node 0 Active(anon):      21640 kB
Node 0 Inactive(anon):      448 kB
Node 0 Active(file):      31084 kB
Node 0 Inactive(file):    70004 kB
Node 0 Unevictable:       12992 kB
Node 0 Mlocked:           12992 kB
Node 0 Dirty:               208 kB
Node 0 Writeback:             0 kB
Node 0 FilePages:        104388 kB
Node 0 Mapped:            26500 kB
Node 0 AnonPages:         31856 kB
Node 0 Shmem:               640 kB
Node 0 KernelStack:        2424 kB
Node 0 PageTables:          948 kB
Node 0 NFS_Unstable:          0 kB
Node 0 Bounce:                0 kB
Node 0 WritebackTmp:          0 kB
Node 0 KReclaimable:      23452 kB
Node 0 Slab:              67752 kB
Node 0 SReclaimable:      23452 kB
Node 0 SUnreclaim:        44300 kB
Node 0 AnonHugePages:         0 kB
Node 0 ShmemHugePages:        0 kB
Node 0 ShmemPmdMapped:        0 kB
Node 0 FileHugePages:        0 kB
Node 0 FilePmdMapped:        0 kB
Node 0 HugePages_Total:     0
Node 0 HugePages_Free:      0
Node 0 HugePages_Surp:      0

Node 1 MemTotal:       24661580 kB
Node 1 MemFree:        24331096 kB
Node 1 MemUsed:          330484 kB
Node 1 Active:            55204 kB
Node 1 Inactive:          12784 kB
Node 1 Active(anon):      18264 kB
Node 1 Inactive(anon):      428 kB
Node 1 Active(file):      36940 kB
Node 1 Inactive(file):    12356 kB
Node 1 Unevictable:        5532 kB
Node 1 Mlocked:            5532 kB
Node 1 Dirty:               276 kB
Node 1 Writeback:             0 kB
Node 1 FilePages:         55456 kB
Node 1 Mapped:            16428 kB
Node 1 AnonPages:         18080 kB
Node 1 Shmem:               628 kB
Node 1 KernelStack:        1320 kB
Node 1 PageTables:          516 kB
Node 1 NFS_Unstable:          0 kB
Node 1 Bounce:                0 kB
Node 1 WritebackTmp:          0 kB
Node 1 KReclaimable:      19388 kB
Node 1 Slab:              42048 kB
Node 1 SReclaimable:      19388 kB
Node 1 SUnreclaim:        22660 kB
Node 1 AnonHugePages:         0 kB
Node 1 ShmemHugePages:        0 kB
Node 1 ShmemPmdMapped:        0 kB
Node 1 FileHugePages:        0 kB
Node 1 FilePmdMapped:        0 kB
Node 1 HugePages_Total:     0
Node 1 HugePages_Free:      0
Node 1 HugePages_Surp:      0

Import tank ZPool
Node 0 MemTotal:       24768352 kB
Node 0 MemFree:        24463452 kB
Node 0 MemUsed:          304900 kB
Node 0 Active:            52800 kB
Node 0 Inactive:          70408 kB
Node 0 Active(anon):      21656 kB
Node 0 Inactive(anon):      448 kB
Node 0 Active(file):      31144 kB
Node 0 Inactive(file):    69960 kB
Node 0 Unevictable:       12992 kB
Node 0 Mlocked:           12992 kB
Node 0 Dirty:               260 kB
Node 0 Writeback:             0 kB
Node 0 FilePages:        104400 kB
Node 0 Mapped:            26340 kB
Node 0 AnonPages:         31860 kB
Node 0 Shmem:               636 kB
Node 0 KernelStack:        3528 kB
Node 0 PageTables:          948 kB
Node 0 NFS_Unstable:          0 kB
Node 0 Bounce:                0 kB
Node 0 WritebackTmp:          0 kB
Node 0 KReclaimable:      23452 kB
Node 0 Slab:              70472 kB
Node 0 SReclaimable:      23452 kB
Node 0 SUnreclaim:        47020 kB
Node 0 AnonHugePages:         0 kB
Node 0 ShmemHugePages:        0 kB
Node 0 ShmemPmdMapped:        0 kB
Node 0 FileHugePages:        0 kB
Node 0 FilePmdMapped:        0 kB
Node 0 HugePages_Total:     0
Node 0 HugePages_Free:      0
Node 0 HugePages_Surp:      0

Node 1 MemTotal:       24661580 kB
Node 1 MemFree:        24324612 kB
Node 1 MemUsed:          336968 kB
Node 1 Active:            56080 kB
Node 1 Inactive:          13960 kB
Node 1 Active(anon):      18756 kB
Node 1 Inactive(anon):      432 kB
Node 1 Active(file):      37324 kB
Node 1 Inactive(file):    13528 kB
Node 1 Unevictable:        5532 kB
Node 1 Mlocked:            5532 kB
Node 1 Dirty:                48 kB
Node 1 Writeback:             0 kB
Node 1 FilePages:         57016 kB
Node 1 Mapped:            16596 kB
Node 1 AnonPages:         18332 kB
Node 1 Shmem:               632 kB
Node 1 KernelStack:        1336 kB
Node 1 PageTables:          548 kB
Node 1 NFS_Unstable:          0 kB
Node 1 Bounce:                0 kB
Node 1 WritebackTmp:          0 kB
Node 1 KReclaimable:      19532 kB
Node 1 Slab:              47028 kB
Node 1 SReclaimable:      19532 kB
Node 1 SUnreclaim:        27496 kB
Node 1 AnonHugePages:         0 kB
Node 1 ShmemHugePages:        0 kB
Node 1 ShmemPmdMapped:        0 kB
Node 1 FileHugePages:        0 kB
Node 1 FilePmdMapped:        0 kB
Node 1 HugePages_Total:     0
Node 1 HugePages_Free:      0
Node 1 HugePages_Surp:      0

After Test
Node 0 MemTotal:       24768352 kB
Node 0 MemFree:        22028408 kB
Node 0 MemUsed:         2739944 kB
Node 0 Active:            49568 kB
Node 0 Inactive:          71560 kB
Node 0 Active(anon):      17616 kB
Node 0 Inactive(anon):      472 kB
Node 0 Active(file):      31952 kB
Node 0 Inactive(file):    71088 kB
Node 0 Unevictable:       12992 kB
Node 0 Mlocked:           12992 kB
Node 0 Dirty:                28 kB
Node 0 Writeback:             0 kB
Node 0 FilePages:        106380 kB
Node 0 Mapped:            26592 kB
Node 0 AnonPages:         27660 kB
Node 0 Shmem:               680 kB
Node 0 KernelStack:        3368 kB
Node 0 PageTables:          816 kB
Node 0 NFS_Unstable:          0 kB
Node 0 Bounce:                0 kB
Node 0 WritebackTmp:          0 kB
Node 0 KReclaimable:      24796 kB
Node 0 Slab:              83332 kB
Node 0 SReclaimable:      24796 kB
Node 0 SUnreclaim:        58536 kB
Node 0 AnonHugePages:         0 kB
Node 0 ShmemHugePages:        0 kB
Node 0 ShmemPmdMapped:        0 kB
Node 0 FileHugePages:        0 kB
Node 0 FilePmdMapped:        0 kB
Node 0 HugePages_Total:     0
Node 0 HugePages_Free:      0
Node 0 HugePages_Surp:      0

Node 1 MemTotal:       24661580 kB
Node 1 MemFree:        23827528 kB
Node 1 MemUsed:          834052 kB
Node 1 Active:            52948 kB
Node 1 Inactive:          13704 kB
Node 1 Active(anon):      15308 kB
Node 1 Inactive(anon):      432 kB
Node 1 Active(file):      37640 kB
Node 1 Inactive(file):    13272 kB
Node 1 Unevictable:        5532 kB
Node 1 Mlocked:            5532 kB
Node 1 Dirty:                 4 kB
Node 1 Writeback:             0 kB
Node 1 FilePages:         57076 kB
Node 1 Mapped:            16428 kB
Node 1 AnonPages:         15108 kB
Node 1 Shmem:               632 kB
Node 1 KernelStack:        1240 kB
Node 1 PageTables:          340 kB
Node 1 NFS_Unstable:          0 kB
Node 1 Bounce:                0 kB
Node 1 WritebackTmp:          0 kB
Node 1 KReclaimable:      19552 kB
Node 1 Slab:              49280 kB
Node 1 SReclaimable:      19552 kB
Node 1 SUnreclaim:        29728 kB
Node 1 AnonHugePages:         0 kB
Node 1 ShmemHugePages:        0 kB
Node 1 ShmemPmdMapped:        0 kB
Node 1 FileHugePages:        0 kB
Node 1 FilePmdMapped:        0 kB
Node 1 HugePages_Total:     0
Node 1 HugePages_Free:      0
Node 1 HugePages_Surp:      0

After Opposite Node
Node 0 MemTotal:       24768352 kB
Node 0 MemFree:        22029844 kB
Node 0 MemUsed:         2738508 kB
Node 0 Active:            49580 kB
Node 0 Inactive:          71376 kB
Node 0 Active(anon):      17460 kB
Node 0 Inactive(anon):      448 kB
Node 0 Active(file):      32120 kB
Node 0 Inactive(file):    70928 kB
Node 0 Unevictable:       12992 kB
Node 0 Mlocked:           12992 kB
Node 0 Dirty:                60 kB
Node 0 Writeback:             0 kB
Node 0 FilePages:        106344 kB
Node 0 Mapped:            26568 kB
Node 0 AnonPages:         27600 kB
Node 0 Shmem:               636 kB
Node 0 KernelStack:        3352 kB
Node 0 PageTables:          700 kB
Node 0 NFS_Unstable:          0 kB
Node 0 Bounce:                0 kB
Node 0 WritebackTmp:          0 kB
Node 0 KReclaimable:      24812 kB
Node 0 Slab:              83320 kB
Node 0 SReclaimable:      24812 kB
Node 0 SUnreclaim:        58508 kB
Node 0 AnonHugePages:         0 kB
Node 0 ShmemHugePages:        0 kB
Node 0 ShmemPmdMapped:        0 kB
Node 0 FileHugePages:        0 kB
Node 0 FilePmdMapped:        0 kB
Node 0 HugePages_Total:     0
Node 0 HugePages_Free:      0
Node 0 HugePages_Surp:      0

Node 1 MemTotal:       24661580 kB
Node 1 MemFree:        23826508 kB
Node 1 MemUsed:          835072 kB
Node 1 Active:            53140 kB
Node 1 Inactive:          13724 kB
Node 1 Active(anon):      15472 kB
Node 1 Inactive(anon):      456 kB
Node 1 Active(file):      37668 kB
Node 1 Inactive(file):    13268 kB
Node 1 Unevictable:        5532 kB
Node 1 Mlocked:            5532 kB
Node 1 Dirty:                36 kB
Node 1 Writeback:             0 kB
Node 1 FilePages:         57152 kB
Node 1 Mapped:            16472 kB
Node 1 AnonPages:         15176 kB
Node 1 Shmem:               676 kB
Node 1 KernelStack:        1196 kB
Node 1 PageTables:          452 kB
Node 1 NFS_Unstable:          0 kB
Node 1 Bounce:                0 kB
Node 1 WritebackTmp:          0 kB
Node 1 KReclaimable:      19616 kB
Node 1 Slab:              50220 kB
Node 1 SReclaimable:      19616 kB
Node 1 SUnreclaim:        30604 kB
Node 1 AnonHugePages:         0 kB
Node 1 ShmemHugePages:        0 kB
Node 1 ShmemPmdMapped:        0 kB
Node 1 FileHugePages:        0 kB
Node 1 FilePmdMapped:        0 kB
Node 1 HugePages_Total:     0
Node 1 HugePages_Free:      0
Node 1 HugePages_Surp:      0

U.0.doublefio.2G.3.O Complete!
