U.0.doublefio.8G.3.O
Begin
Node 0 MemTotal:       24768352 kB
Node 0 MemFree:        24517136 kB
Node 0 MemUsed:          251216 kB
Node 0 Active:            45640 kB
Node 0 Inactive:          50276 kB
Node 0 Active(anon):      21572 kB
Node 0 Inactive(anon):      448 kB
Node 0 Active(file):      24068 kB
Node 0 Inactive(file):    49828 kB
Node 0 Unevictable:       17920 kB
Node 0 Mlocked:           17920 kB
Node 0 Dirty:               160 kB
Node 0 Writeback:             0 kB
Node 0 FilePages:         82152 kB
Node 0 Mapped:            23036 kB
Node 0 AnonPages:         31780 kB
Node 0 Shmem:               668 kB
Node 0 KernelStack:        1976 kB
Node 0 PageTables:          712 kB
Node 0 NFS_Unstable:          0 kB
Node 0 Bounce:                0 kB
Node 0 WritebackTmp:          0 kB
Node 0 KReclaimable:      20420 kB
Node 0 Slab:              51496 kB
Node 0 SReclaimable:      20420 kB
Node 0 SUnreclaim:        31076 kB
Node 0 AnonHugePages:         0 kB
Node 0 ShmemHugePages:        0 kB
Node 0 ShmemPmdMapped:        0 kB
Node 0 FileHugePages:        0 kB
Node 0 FilePmdMapped:        0 kB
Node 0 HugePages_Total:     0
Node 0 HugePages_Free:      0
Node 0 HugePages_Surp:      0

Node 1 MemTotal:       24661580 kB
Node 1 MemFree:        24307408 kB
Node 1 MemUsed:          354172 kB
Node 1 Active:            48300 kB
Node 1 Inactive:          34448 kB
Node 1 Active(anon):      11900 kB
Node 1 Inactive(anon):      432 kB
Node 1 Active(file):      36400 kB
Node 1 Inactive(file):    34016 kB
Node 1 Unevictable:         604 kB
Node 1 Mlocked:             604 kB
Node 1 Dirty:               352 kB
Node 1 Writeback:             0 kB
Node 1 FilePages:         71624 kB
Node 1 Mapped:            16260 kB
Node 1 AnonPages:         11740 kB
Node 1 Shmem:               600 kB
Node 1 KernelStack:        1624 kB
Node 1 PageTables:          328 kB
Node 1 NFS_Unstable:          0 kB
Node 1 Bounce:                0 kB
Node 1 WritebackTmp:          0 kB
Node 1 KReclaimable:      21440 kB
Node 1 Slab:              56240 kB
Node 1 SReclaimable:      21440 kB
Node 1 SUnreclaim:        34800 kB
Node 1 AnonHugePages:         0 kB
Node 1 ShmemHugePages:        0 kB
Node 1 ShmemPmdMapped:        0 kB
Node 1 FileHugePages:        0 kB
Node 1 FilePmdMapped:        0 kB
Node 1 HugePages_Total:     0
Node 1 HugePages_Free:      0
Node 1 HugePages_Surp:      0

Load ZFS
Node 0 MemTotal:       24768352 kB
Node 0 MemFree:        24508284 kB
Node 0 MemUsed:          260068 kB
Node 0 Active:            52820 kB
Node 0 Inactive:          50324 kB
Node 0 Active(anon):      27816 kB
Node 0 Inactive(anon):      448 kB
Node 0 Active(file):      25004 kB
Node 0 Inactive(file):    49876 kB
Node 0 Unevictable:       17920 kB
Node 0 Mlocked:           17920 kB
Node 0 Dirty:               160 kB
Node 0 Writeback:             0 kB
Node 0 FilePages:         83136 kB
Node 0 Mapped:            23068 kB
Node 0 AnonPages:         38032 kB
Node 0 Shmem:               668 kB
Node 0 KernelStack:        2136 kB
Node 0 PageTables:         1192 kB
Node 0 NFS_Unstable:          0 kB
Node 0 Bounce:                0 kB
Node 0 WritebackTmp:          0 kB
Node 0 KReclaimable:      20940 kB
Node 0 Slab:              53668 kB
Node 0 SReclaimable:      20940 kB
Node 0 SUnreclaim:        32728 kB
Node 0 AnonHugePages:         0 kB
Node 0 ShmemHugePages:        0 kB
Node 0 ShmemPmdMapped:        0 kB
Node 0 FileHugePages:        0 kB
Node 0 FilePmdMapped:        0 kB
Node 0 HugePages_Total:     0
Node 0 HugePages_Free:      0
Node 0 HugePages_Surp:      0

Node 1 MemTotal:       24661580 kB
Node 1 MemFree:        24303816 kB
Node 1 MemUsed:          357764 kB
Node 1 Active:            54704 kB
Node 1 Inactive:          30392 kB
Node 1 Active(anon):      12688 kB
Node 1 Inactive(anon):      436 kB
Node 1 Active(file):      42016 kB
Node 1 Inactive(file):    29956 kB
Node 1 Unevictable:         604 kB
Node 1 Mlocked:             604 kB
Node 1 Dirty:               376 kB
Node 1 Writeback:             0 kB
Node 1 FilePages:         73176 kB
Node 1 Mapped:            16420 kB
Node 1 AnonPages:         12452 kB
Node 1 Shmem:               600 kB
Node 1 KernelStack:        1672 kB
Node 1 PageTables:          404 kB
Node 1 NFS_Unstable:          0 kB
Node 1 Bounce:                0 kB
Node 1 WritebackTmp:          0 kB
Node 1 KReclaimable:      21932 kB
Node 1 Slab:              57988 kB
Node 1 SReclaimable:      21932 kB
Node 1 SUnreclaim:        36056 kB
Node 1 AnonHugePages:         0 kB
Node 1 ShmemHugePages:        0 kB
Node 1 ShmemPmdMapped:        0 kB
Node 1 FileHugePages:        0 kB
Node 1 FilePmdMapped:        0 kB
Node 1 HugePages_Total:     0
Node 1 HugePages_Free:      0
Node 1 HugePages_Surp:      0

Import tank ZPool
Node 0 MemTotal:       24768352 kB
Node 0 MemFree:        24509292 kB
Node 0 MemUsed:          259060 kB
Node 0 Active:            52936 kB
Node 0 Inactive:          50292 kB
Node 0 Active(anon):      27844 kB
Node 0 Inactive(anon):      448 kB
Node 0 Active(file):      25092 kB
Node 0 Inactive(file):    49844 kB
Node 0 Unevictable:       17920 kB
Node 0 Mlocked:           17920 kB
Node 0 Dirty:               184 kB
Node 0 Writeback:             0 kB
Node 0 FilePages:         83196 kB
Node 0 Mapped:            23296 kB
Node 0 AnonPages:         38032 kB
Node 0 Shmem:               664 kB
Node 0 KernelStack:        2152 kB
Node 0 PageTables:         1192 kB
Node 0 NFS_Unstable:          0 kB
Node 0 Bounce:                0 kB
Node 0 WritebackTmp:          0 kB
Node 0 KReclaimable:      20944 kB
Node 0 Slab:              53672 kB
Node 0 SReclaimable:      20944 kB
Node 0 SUnreclaim:        32728 kB
Node 0 AnonHugePages:         0 kB
Node 0 ShmemHugePages:        0 kB
Node 0 ShmemPmdMapped:        0 kB
Node 0 FileHugePages:        0 kB
Node 0 FilePmdMapped:        0 kB
Node 0 HugePages_Total:     0
Node 0 HugePages_Free:      0
Node 0 HugePages_Surp:      0

Node 1 MemTotal:       24661580 kB
Node 1 MemFree:        24284432 kB
Node 1 MemUsed:          377148 kB
Node 1 Active:            55172 kB
Node 1 Inactive:          31540 kB
Node 1 Active(anon):      12832 kB
Node 1 Inactive(anon):      440 kB
Node 1 Active(file):      42340 kB
Node 1 Inactive(file):    31100 kB
Node 1 Unevictable:         604 kB
Node 1 Mlocked:             604 kB
Node 1 Dirty:               160 kB
Node 1 Writeback:             0 kB
Node 1 FilePages:         74700 kB
Node 1 Mapped:            16500 kB
Node 1 AnonPages:         12280 kB
Node 1 Shmem:               604 kB
Node 1 KernelStack:        2808 kB
Node 1 PageTables:          464 kB
Node 1 NFS_Unstable:          0 kB
Node 1 Bounce:                0 kB
Node 1 WritebackTmp:          0 kB
Node 1 KReclaimable:      22064 kB
Node 1 Slab:              65064 kB
Node 1 SReclaimable:      22064 kB
Node 1 SUnreclaim:        43000 kB
Node 1 AnonHugePages:         0 kB
Node 1 ShmemHugePages:        0 kB
Node 1 ShmemPmdMapped:        0 kB
Node 1 FileHugePages:        0 kB
Node 1 FilePmdMapped:        0 kB
Node 1 HugePages_Total:     0
Node 1 HugePages_Free:      0
Node 1 HugePages_Surp:      0

After Test
Node 0 MemTotal:       24768352 kB
Node 0 MemFree:        15871460 kB
Node 0 MemUsed:         8896892 kB
Node 0 Active:            47112 kB
Node 0 Inactive:          52108 kB
Node 0 Active(anon):      21020 kB
Node 0 Inactive(anon):      484 kB
Node 0 Active(file):      26092 kB
Node 0 Inactive(file):    51624 kB
Node 0 Unevictable:       17920 kB
Node 0 Mlocked:           17920 kB
Node 0 Dirty:               112 kB
Node 0 Writeback:             0 kB
Node 0 FilePages:         86020 kB
Node 0 Mapped:            23284 kB
Node 0 AnonPages:         31088 kB
Node 0 Shmem:               708 kB
Node 0 KernelStack:        1928 kB
Node 0 PageTables:          812 kB
Node 0 NFS_Unstable:          0 kB
Node 0 Bounce:                0 kB
Node 0 WritebackTmp:          0 kB
Node 0 KReclaimable:      22492 kB
Node 0 Slab:              87444 kB
Node 0 SReclaimable:      22492 kB
Node 0 SUnreclaim:        64952 kB
Node 0 AnonHugePages:         0 kB
Node 0 ShmemHugePages:        0 kB
Node 0 ShmemPmdMapped:        0 kB
Node 0 FileHugePages:        0 kB
Node 0 FilePmdMapped:        0 kB
Node 0 HugePages_Total:     0
Node 0 HugePages_Free:      0
Node 0 HugePages_Surp:      0

Node 1 MemTotal:       24661580 kB
Node 1 MemFree:        23677448 kB
Node 1 MemUsed:          984132 kB
Node 1 Active:            54700 kB
Node 1 Inactive:          31200 kB
Node 1 Active(anon):      11932 kB
Node 1 Inactive(anon):      440 kB
Node 1 Active(file):      42768 kB
Node 1 Inactive(file):    30760 kB
Node 1 Unevictable:         604 kB
Node 1 Mlocked:             604 kB
Node 1 Dirty:               180 kB
Node 1 Writeback:             0 kB
Node 1 FilePages:         74736 kB
Node 1 Mapped:            16264 kB
Node 1 AnonPages:         11768 kB
Node 1 Shmem:               604 kB
Node 1 KernelStack:        2712 kB
Node 1 PageTables:          380 kB
Node 1 NFS_Unstable:          0 kB
Node 1 Bounce:                0 kB
Node 1 WritebackTmp:          0 kB
Node 1 KReclaimable:      22064 kB
Node 1 Slab:              67020 kB
Node 1 SReclaimable:      22064 kB
Node 1 SUnreclaim:        44956 kB
Node 1 AnonHugePages:         0 kB
Node 1 ShmemHugePages:        0 kB
Node 1 ShmemPmdMapped:        0 kB
Node 1 FileHugePages:        0 kB
Node 1 FilePmdMapped:        0 kB
Node 1 HugePages_Total:     0
Node 1 HugePages_Free:      0
Node 1 HugePages_Surp:      0

After Opposite Node
Node 0 MemTotal:       24768352 kB
Node 0 MemFree:        15874912 kB
Node 0 MemUsed:         8893440 kB
Node 0 Active:            47152 kB
Node 0 Inactive:          51880 kB
Node 0 Active(anon):      20844 kB
Node 0 Inactive(anon):      448 kB
Node 0 Active(file):      26308 kB
Node 0 Inactive(file):    51432 kB
Node 0 Unevictable:       17920 kB
Node 0 Mlocked:           17920 kB
Node 0 Dirty:                48 kB
Node 0 Writeback:             0 kB
Node 0 FilePages:         86000 kB
Node 0 Mapped:            23268 kB
Node 0 AnonPages:         30956 kB
Node 0 Shmem:               664 kB
Node 0 KernelStack:        1912 kB
Node 0 PageTables:          632 kB
Node 0 NFS_Unstable:          0 kB
Node 0 Bounce:                0 kB
Node 0 WritebackTmp:          0 kB
Node 0 KReclaimable:      22492 kB
Node 0 Slab:              87468 kB
Node 0 SReclaimable:      22492 kB
Node 0 SUnreclaim:        64976 kB
Node 0 AnonHugePages:         0 kB
Node 0 ShmemHugePages:        0 kB
Node 0 ShmemPmdMapped:        0 kB
Node 0 FileHugePages:        0 kB
Node 0 FilePmdMapped:        0 kB
Node 0 HugePages_Total:     0
Node 0 HugePages_Free:      0
Node 0 HugePages_Surp:      0

Node 1 MemTotal:       24661580 kB
Node 1 MemFree:        23676920 kB
Node 1 MemUsed:          984660 kB
Node 1 Active:            54912 kB
Node 1 Inactive:          31224 kB
Node 1 Active(anon):      12120 kB
Node 1 Inactive(anon):      468 kB
Node 1 Active(file):      42792 kB
Node 1 Inactive(file):    30756 kB
Node 1 Unevictable:         604 kB
Node 1 Mlocked:             604 kB
Node 1 Dirty:                28 kB
Node 1 Writeback:             0 kB
Node 1 FilePages:         74800 kB
Node 1 Mapped:            16308 kB
Node 1 AnonPages:         11916 kB
Node 1 Shmem:               648 kB
Node 1 KernelStack:        2728 kB
Node 1 PageTables:          556 kB
Node 1 NFS_Unstable:          0 kB
Node 1 Bounce:                0 kB
Node 1 WritebackTmp:          0 kB
Node 1 KReclaimable:      22152 kB
Node 1 Slab:              68556 kB
Node 1 SReclaimable:      22152 kB
Node 1 SUnreclaim:        46404 kB
Node 1 AnonHugePages:         0 kB
Node 1 ShmemHugePages:        0 kB
Node 1 ShmemPmdMapped:        0 kB
Node 1 FileHugePages:        0 kB
Node 1 FilePmdMapped:        0 kB
Node 1 HugePages_Total:     0
Node 1 HugePages_Free:      0
Node 1 HugePages_Surp:      0

U.0.doublefio.8G.3.O Complete!
