Fio Node 0 pages
55757ae64000 bind:1 file=/usr/bin/dash mapped=19 mapmax=3 N0=19 kernelpagesize_kB=4
55757ae77000 bind:1 file=/usr/bin/dash mapped=6 mapmax=3 N0=6 kernelpagesize_kB=4
Fio Node 1 pages
55757ae7d000 bind:1 file=/usr/bin/dash anon=2 dirty=2 mapmax=2 N1=2 kernelpagesize_kB=4
55757ae7f000 bind:1 file=/usr/bin/dash anon=1 dirty=1 N1=1 kernelpagesize_kB=4
55757ae80000 bind:1 anon=1 dirty=1 N1=1 kernelpagesize_kB=4
55757c26f000 bind:1 heap anon=2 dirty=2 mapmax=2 N1=2 kernelpagesize_kB=4
7f06131e0000 bind:1 file=/usr/lib/x86_64-linux-gnu/libc-2.31.so mapped=112 mapmax=57 N1=112 kernelpagesize_kB=4
7f0613358000 bind:1 file=/usr/lib/x86_64-linux-gnu/libc-2.31.so mapped=24 mapmax=56 N1=24 kernelpagesize_kB=4
7f06133a3000 bind:1 file=/usr/lib/x86_64-linux-gnu/libc-2.31.so anon=3 dirty=3 mapmax=2 N1=3 kernelpagesize_kB=4
7f06133a6000 bind:1 file=/usr/lib/x86_64-linux-gnu/libc-2.31.so anon=3 dirty=3 mapmax=2 N1=3 kernelpagesize_kB=4
7f06133a9000 bind:1 anon=6 dirty=6 mapmax=2 N1=6 kernelpagesize_kB=4
7f06133e6000 bind:1 file=/usr/lib/x86_64-linux-gnu/ld-2.31.so anon=1 dirty=1 mapmax=2 N1=1 kernelpagesize_kB=4
7f06133e7000 bind:1 file=/usr/lib/x86_64-linux-gnu/ld-2.31.so anon=1 dirty=1 N1=1 kernelpagesize_kB=4
7f06133e8000 bind:1 anon=1 dirty=1 mapmax=2 N1=1 kernelpagesize_kB=4
7ffe98e63000 bind:1 stack anon=3 dirty=3 mapmax=2 N1=3 kernelpagesize_kB=4
Fio Node 0 pages
Fio Node 1 pages
555c83e74000 bind:1 file=/usr/local/bin/fio mapped=24 active=1 N1=24 kernelpagesize_kB=4
555c83e8c000 bind:1 file=/usr/local/bin/fio mapped=51 N1=51 kernelpagesize_kB=4
555c83f11000 bind:1 file=/usr/local/bin/fio mapped=31 active=24 N1=31 kernelpagesize_kB=4
555c83f38000 bind:1 file=/usr/local/bin/fio anon=2 dirty=2 N1=2 kernelpagesize_kB=4
555c83f3a000 bind:1 file=/usr/local/bin/fio anon=112 dirty=112 mapped=116 active=112 N1=116 kernelpagesize_kB=4
555c84016000 bind:1 anon=2 dirty=2 N1=2 kernelpagesize_kB=4
555c84863000 bind:1 heap anon=4 dirty=4 N1=4 kernelpagesize_kB=4
7fc1493ca000 bind:1 anon=2 dirty=2 N1=2 kernelpagesize_kB=4
7fc1493cc000 bind:1 file=/usr/lib/x86_64-linux-gnu/libc-2.31.so mapped=37 mapmax=25 N1=37 kernelpagesize_kB=4
7fc1493f1000 bind:1 file=/usr/lib/x86_64-linux-gnu/libc-2.31.so mapped=271 mapmax=25 N1=271 kernelpagesize_kB=4
7fc149569000 bind:1 file=/usr/lib/x86_64-linux-gnu/libc-2.31.so mapped=39 mapmax=24 N1=39 kernelpagesize_kB=4
7fc1495b4000 bind:1 file=/usr/lib/x86_64-linux-gnu/libc-2.31.so anon=3 dirty=3 N1=3 kernelpagesize_kB=4
7fc1495b7000 bind:1 file=/usr/lib/x86_64-linux-gnu/libc-2.31.so anon=3 dirty=3 N1=3 kernelpagesize_kB=4
7fc1495ba000 bind:1 anon=4 dirty=4 N1=4 kernelpagesize_kB=4
7fc1495be000 bind:1 file=/usr/lib/x86_64-linux-gnu/libaio.so.1.0.1 mapped=1 mapmax=2 N1=1 kernelpagesize_kB=4
7fc1495bf000 bind:1 file=/usr/lib/x86_64-linux-gnu/libaio.so.1.0.1 mapped=1 mapmax=2 N1=1 kernelpagesize_kB=4
7fc1495c1000 bind:1 file=/usr/lib/x86_64-linux-gnu/libaio.so.1.0.1 anon=1 dirty=1 N1=1 kernelpagesize_kB=4
7fc1495c2000 bind:1 file=/usr/lib/x86_64-linux-gnu/libaio.so.1.0.1 anon=1 dirty=1 N1=1 kernelpagesize_kB=4
7fc1495c3000 bind:1 file=/usr/lib/x86_64-linux-gnu/libdl-2.31.so mapped=1 mapmax=20 N1=1 kernelpagesize_kB=4
7fc1495c4000 bind:1 file=/usr/lib/x86_64-linux-gnu/libdl-2.31.so mapped=2 mapmax=19 N1=2 kernelpagesize_kB=4
7fc1495c7000 bind:1 file=/usr/lib/x86_64-linux-gnu/libdl-2.31.so anon=1 dirty=1 N1=1 kernelpagesize_kB=4
7fc1495c8000 bind:1 file=/usr/lib/x86_64-linux-gnu/libdl-2.31.so anon=1 dirty=1 N1=1 kernelpagesize_kB=4
7fc1495c9000 bind:1 anon=2 dirty=2 N1=2 kernelpagesize_kB=4
7fc1495cb000 bind:1 file=/usr/lib/x86_64-linux-gnu/libmvec-2.31.so mapped=2 active=1 N1=2 kernelpagesize_kB=4
7fc1495cd000 bind:1 file=/usr/lib/x86_64-linux-gnu/libmvec-2.31.so mapped=12 active=0 N1=12 kernelpagesize_kB=4
7fc1495f5000 bind:1 file=/usr/lib/x86_64-linux-gnu/libmvec-2.31.so anon=1 dirty=1 N1=1 kernelpagesize_kB=4
7fc1495f6000 bind:1 file=/usr/lib/x86_64-linux-gnu/libmvec-2.31.so anon=1 dirty=1 N1=1 kernelpagesize_kB=4
7fc1495f7000 bind:1 file=/usr/lib/x86_64-linux-gnu/libm-2.31.so mapped=15 mapmax=12 N1=15 kernelpagesize_kB=4
7fc149606000 bind:1 file=/usr/lib/x86_64-linux-gnu/libm-2.31.so mapped=74 mapmax=12 N1=74 kernelpagesize_kB=4
7fc149744000 bind:1 file=/usr/lib/x86_64-linux-gnu/libm-2.31.so anon=1 dirty=1 N1=1 kernelpagesize_kB=4
7fc149745000 bind:1 file=/usr/lib/x86_64-linux-gnu/libm-2.31.so anon=1 dirty=1 N1=1 kernelpagesize_kB=4
7fc149746000 bind:1 file=/usr/lib/x86_64-linux-gnu/libpthread-2.31.so mapped=7 mapmax=22 N1=7 kernelpagesize_kB=4
7fc14974d000 bind:1 file=/usr/lib/x86_64-linux-gnu/libpthread-2.31.so mapped=17 mapmax=22 N1=17 kernelpagesize_kB=4
7fc149763000 bind:1 file=/usr/lib/x86_64-linux-gnu/libpthread-2.31.so anon=1 dirty=1 N1=1 kernelpagesize_kB=4
7fc149764000 bind:1 file=/usr/lib/x86_64-linux-gnu/libpthread-2.31.so anon=1 dirty=1 N1=1 kernelpagesize_kB=4
7fc149765000 bind:1 anon=1 dirty=1 N1=1 kernelpagesize_kB=4
7fc149769000 bind:1 file=/usr/lib/x86_64-linux-gnu/libz.so.1.2.11 mapped=2 mapmax=8 N1=2 kernelpagesize_kB=4
7fc14976b000 bind:1 file=/usr/lib/x86_64-linux-gnu/libz.so.1.2.11 mapped=15 mapmax=8 N1=15 kernelpagesize_kB=4
7fc149783000 bind:1 file=/usr/lib/x86_64-linux-gnu/libz.so.1.2.11 anon=1 dirty=1 N1=1 kernelpagesize_kB=4
7fc149784000 bind:1 file=/usr/lib/x86_64-linux-gnu/libz.so.1.2.11 anon=1 dirty=1 N1=1 kernelpagesize_kB=4
7fc149785000 bind:1 file=/usr/lib/x86_64-linux-gnu/librt-2.31.so mapped=3 mapmax=17 N1=3 kernelpagesize_kB=4
7fc149788000 bind:1 file=/usr/lib/x86_64-linux-gnu/librt-2.31.so mapped=4 mapmax=17 N1=4 kernelpagesize_kB=4
7fc14978e000 bind:1 file=/usr/lib/x86_64-linux-gnu/librt-2.31.so anon=1 dirty=1 N1=1 kernelpagesize_kB=4
7fc14978f000 bind:1 file=/usr/lib/x86_64-linux-gnu/librt-2.31.so anon=1 dirty=1 N1=1 kernelpagesize_kB=4
7fc149790000 bind:1 file=/usr/lib/x86_64-linux-gnu/libnuma.so.1.0.0 mapped=3 mapmax=2 N1=3 kernelpagesize_kB=4
7fc149793000 bind:1 file=/usr/lib/x86_64-linux-gnu/libnuma.so.1.0.0 mapped=5 mapmax=2 N1=5 kernelpagesize_kB=4
7fc149798000 bind:1 file=/usr/lib/x86_64-linux-gnu/libnuma.so.1.0.0 mapped=2 mapmax=2 N1=2 kernelpagesize_kB=4
7fc14979b000 bind:1 file=/usr/lib/x86_64-linux-gnu/libnuma.so.1.0.0 anon=1 dirty=1 N1=1 kernelpagesize_kB=4
7fc14979c000 bind:1 file=/usr/lib/x86_64-linux-gnu/libnuma.so.1.0.0 anon=1 dirty=1 N1=1 kernelpagesize_kB=4
7fc14979d000 bind:1 anon=2 dirty=2 N1=2 kernelpagesize_kB=4
7fc1497a8000 bind:1 file=/dev/zero\040(deleted) dirty=1 active=0 N1=1 kernelpagesize_kB=4
7fc1497a9000 bind:1 file=/usr/lib/x86_64-linux-gnu/ld-2.31.so mapped=1 mapmax=25 N1=1 kernelpagesize_kB=4
7fc1497aa000 bind:1 file=/usr/lib/x86_64-linux-gnu/ld-2.31.so mapped=35 mapmax=25 N1=35 kernelpagesize_kB=4
7fc1497cd000 bind:1 file=/usr/lib/x86_64-linux-gnu/ld-2.31.so mapped=8 mapmax=25 N1=8 kernelpagesize_kB=4
7fc1497d5000 bind:1 file=/dev/zero\040(deleted) dirty=1 active=0 N1=1 kernelpagesize_kB=4
7fc1497d6000 bind:1 file=/usr/lib/x86_64-linux-gnu/ld-2.31.so anon=1 dirty=1 N1=1 kernelpagesize_kB=4
7fc1497d7000 bind:1 file=/usr/lib/x86_64-linux-gnu/ld-2.31.so anon=1 dirty=1 N1=1 kernelpagesize_kB=4
7fc1497d8000 bind:1 anon=1 dirty=1 N1=1 kernelpagesize_kB=4
7ffcb03fe000 bind:1 stack anon=3 dirty=3 N1=3 kernelpagesize_kB=4
B.1.fio.2-1G.3.O
Begin
Node 0 MemTotal:       24743736 kB
Node 0 MemFree:        24415072 kB
Node 0 MemUsed:          328664 kB
Node 0 Active:            28152 kB
Node 0 Inactive:          32456 kB
Node 0 Active(anon):       8572 kB
Node 0 Inactive(anon):      452 kB
Node 0 Active(file):      19580 kB
Node 0 Inactive(file):    32004 kB
Node 0 Unevictable:         484 kB
Node 0 Mlocked:             484 kB
Node 0 Dirty:               296 kB
Node 0 Writeback:             0 kB
Node 0 FilePages:         52648 kB
Node 0 Mapped:             8220 kB
Node 0 AnonPages:          8488 kB
Node 0 Shmem:               580 kB
Node 0 KernelStack:        2072 kB
Node 0 PageTables:          404 kB
Node 0 NFS_Unstable:          0 kB
Node 0 Bounce:                0 kB
Node 0 WritebackTmp:          0 kB
Node 0 KReclaimable:      15388 kB
Node 0 Slab:              50404 kB
Node 0 SReclaimable:      15388 kB
Node 0 SUnreclaim:        35016 kB
Node 0 AnonHugePages:         0 kB
Node 0 ShmemHugePages:        0 kB
Node 0 ShmemPmdMapped:        0 kB
Node 0 FileHugePages:        0 kB
Node 0 FilePmdMapped:        0 kB
Node 0 HugePages_Total:     0
Node 0 HugePages_Free:      0
Node 0 HugePages_Surp:      0

Node 1 MemTotal:       24686196 kB
Node 1 MemFree:        24412164 kB
Node 1 MemUsed:          274032 kB
Node 1 Active:            65672 kB
Node 1 Inactive:          52056 kB
Node 1 Active(anon):      25132 kB
Node 1 Inactive(anon):      424 kB
Node 1 Active(file):      40540 kB
Node 1 Inactive(file):    51632 kB
Node 1 Unevictable:       18040 kB
Node 1 Mlocked:           18040 kB
Node 1 Dirty:               196 kB
Node 1 Writeback:             0 kB
Node 1 FilePages:        100736 kB
Node 1 Mapped:            34048 kB
Node 1 AnonPages:         35252 kB
Node 1 Shmem:               688 kB
Node 1 KernelStack:        1544 kB
Node 1 PageTables:          656 kB
Node 1 NFS_Unstable:          0 kB
Node 1 Bounce:                0 kB
Node 1 WritebackTmp:          0 kB
Node 1 KReclaimable:      25708 kB
Node 1 Slab:              55372 kB
Node 1 SReclaimable:      25708 kB
Node 1 SUnreclaim:        29664 kB
Node 1 AnonHugePages:         0 kB
Node 1 ShmemHugePages:        0 kB
Node 1 ShmemPmdMapped:        0 kB
Node 1 FileHugePages:        0 kB
Node 1 FilePmdMapped:        0 kB
Node 1 HugePages_Total:     0
Node 1 HugePages_Free:      0
Node 1 HugePages_Surp:      0

Load ZFS
Node 0 MemTotal:       24743736 kB
Node 0 MemFree:        24526268 kB
Node 0 MemUsed:          217468 kB
Node 0 Active:            42680 kB
Node 0 Inactive:          38008 kB
Node 0 Active(anon):      21992 kB
Node 0 Inactive(anon):      296 kB
Node 0 Active(file):      20688 kB
Node 0 Inactive(file):    37712 kB
Node 0 Unevictable:         484 kB
Node 0 Mlocked:             484 kB
Node 0 Dirty:                64 kB
Node 0 Writeback:             0 kB
Node 0 FilePages:         59380 kB
Node 0 Mapped:            10764 kB
Node 0 AnonPages:         21764 kB
Node 0 Shmem:               504 kB
Node 0 KernelStack:        2232 kB
Node 0 PageTables:         1108 kB
Node 0 NFS_Unstable:          0 kB
Node 0 Bounce:                0 kB
Node 0 WritebackTmp:          0 kB
Node 0 KReclaimable:      16248 kB
Node 0 Slab:              53276 kB
Node 0 SReclaimable:      16248 kB
Node 0 SUnreclaim:        37028 kB
Node 0 AnonHugePages:         0 kB
Node 0 ShmemHugePages:        0 kB
Node 0 ShmemPmdMapped:        0 kB
Node 0 FileHugePages:        0 kB
Node 0 FilePmdMapped:        0 kB
Node 0 HugePages_Total:     0
Node 0 HugePages_Free:      0
Node 0 HugePages_Surp:      0

Node 1 MemTotal:       24686196 kB
Node 1 MemFree:        24160232 kB
Node 1 MemUsed:          525964 kB
Node 1 Active:            77104 kB
Node 1 Inactive:         149724 kB
Node 1 Active(anon):      35000 kB
Node 1 Inactive(anon):      468 kB
Node 1 Active(file):      42104 kB
Node 1 Inactive(file):   149256 kB
Node 1 Unevictable:       18256 kB
Node 1 Mlocked:           18256 kB
Node 1 Dirty:               424 kB
Node 1 Writeback:             0 kB
Node 1 FilePages:        199836 kB
Node 1 Mapped:            35852 kB
Node 1 AnonPages:         45760 kB
Node 1 Shmem:               768 kB
Node 1 KernelStack:        2072 kB
Node 1 PageTables:         2304 kB
Node 1 NFS_Unstable:          0 kB
Node 1 Bounce:                0 kB
Node 1 WritebackTmp:          0 kB
Node 1 KReclaimable:      26700 kB
Node 1 Slab:              59368 kB
Node 1 SReclaimable:      26700 kB
Node 1 SUnreclaim:        32668 kB
Node 1 AnonHugePages:         0 kB
Node 1 ShmemHugePages:        0 kB
Node 1 ShmemPmdMapped:        0 kB
Node 1 FileHugePages:        0 kB
Node 1 FilePmdMapped:        0 kB
Node 1 HugePages_Total:     0
Node 1 HugePages_Free:      0
Node 1 HugePages_Surp:      0

Import tank ZPool
Node 0 MemTotal:       24743736 kB
Node 0 MemFree:        24512416 kB
Node 0 MemUsed:          231320 kB
Node 0 Active:            42160 kB
Node 0 Inactive:          38164 kB
Node 0 Active(anon):      21508 kB
Node 0 Inactive(anon):      480 kB
Node 0 Active(file):      20652 kB
Node 0 Inactive(file):    37684 kB
Node 0 Unevictable:         484 kB
Node 0 Mlocked:             484 kB
Node 0 Dirty:               108 kB
Node 0 Writeback:             0 kB
Node 0 FilePages:         59436 kB
Node 0 Mapped:            10572 kB
Node 0 AnonPages:         21380 kB
Node 0 Shmem:               608 kB
Node 0 KernelStack:        3304 kB
Node 0 PageTables:          908 kB
Node 0 NFS_Unstable:          0 kB
Node 0 Bounce:                0 kB
Node 0 WritebackTmp:          0 kB
Node 0 KReclaimable:      16284 kB
Node 0 Slab:              55520 kB
Node 0 SReclaimable:      16284 kB
Node 0 SUnreclaim:        39236 kB
Node 0 AnonHugePages:         0 kB
Node 0 ShmemHugePages:        0 kB
Node 0 ShmemPmdMapped:        0 kB
Node 0 FileHugePages:        0 kB
Node 0 FilePmdMapped:        0 kB
Node 0 HugePages_Total:     0
Node 0 HugePages_Free:      0
Node 0 HugePages_Surp:      0

Node 1 MemTotal:       24686196 kB
Node 1 MemFree:        24153736 kB
Node 1 MemUsed:          532460 kB
Node 1 Active:            76964 kB
Node 1 Inactive:         150892 kB
Node 1 Active(anon):      34508 kB
Node 1 Inactive(anon):      468 kB
Node 1 Active(file):      42456 kB
Node 1 Inactive(file):   150424 kB
Node 1 Unevictable:       18272 kB
Node 1 Mlocked:           18272 kB
Node 1 Dirty:               492 kB
Node 1 Writeback:             0 kB
Node 1 FilePages:        201248 kB
Node 1 Mapped:            35668 kB
Node 1 AnonPages:         44976 kB
Node 1 Shmem:               660 kB
Node 1 KernelStack:        1928 kB
Node 1 PageTables:         1940 kB
Node 1 NFS_Unstable:          0 kB
Node 1 Bounce:                0 kB
Node 1 WritebackTmp:          0 kB
Node 1 KReclaimable:      26812 kB
Node 1 Slab:              64296 kB
Node 1 SReclaimable:      26812 kB
Node 1 SUnreclaim:        37484 kB
Node 1 AnonHugePages:         0 kB
Node 1 ShmemHugePages:        0 kB
Node 1 ShmemPmdMapped:        0 kB
Node 1 FileHugePages:        0 kB
Node 1 FilePmdMapped:        0 kB
Node 1 HugePages_Total:     0
Node 1 HugePages_Free:      0
Node 1 HugePages_Surp:      0

After Test
Node 0 MemTotal:       24743736 kB
Node 0 MemFree:        24194072 kB
Node 0 MemUsed:          549664 kB
Node 0 Active:            28936 kB
Node 0 Inactive:          37952 kB
Node 0 Active(anon):       8040 kB
Node 0 Inactive(anon):      476 kB
Node 0 Active(file):      20896 kB
Node 0 Inactive(file):    37476 kB
Node 0 Unevictable:         484 kB
Node 0 Mlocked:             484 kB
Node 0 Dirty:                44 kB
Node 0 Writeback:             0 kB
Node 0 FilePages:         59464 kB
Node 0 Mapped:             8232 kB
Node 0 AnonPages:          7908 kB
Node 0 Shmem:               608 kB
Node 0 KernelStack:        3160 kB
Node 0 PageTables:          324 kB
Node 0 NFS_Unstable:          0 kB
Node 0 Bounce:                0 kB
Node 0 WritebackTmp:          0 kB
Node 0 KReclaimable:      16284 kB
Node 0 Slab:              57012 kB
Node 0 SReclaimable:      16284 kB
Node 0 SUnreclaim:        40728 kB
Node 0 AnonHugePages:         0 kB
Node 0 ShmemHugePages:        0 kB
Node 0 ShmemPmdMapped:        0 kB
Node 0 FileHugePages:        0 kB
Node 0 FilePmdMapped:        0 kB
Node 0 HugePages_Total:     0
Node 0 HugePages_Free:      0
Node 0 HugePages_Surp:      0
Fio Node 0 pages
562a07798000 bind:0 file=/usr/local/bin/fio anon=2 dirty=2 mapped=17 active=4 N0=2 N1=15 kernelpagesize_kB=4
7f1e7be12000 bind:0 anon=2 dirty=2 N0=2 kernelpagesize_kB=4
7f1e7bffc000 bind:0 file=/usr/lib/x86_64-linux-gnu/libc-2.31.so anon=6 dirty=6 N0=6 kernelpagesize_kB=4
7f1e7c009000 bind:0 file=/usr/lib/x86_64-linux-gnu/libaio.so.1.0.1 anon=2 dirty=2 N0=2 kernelpagesize_kB=4
7f1e7c00f000 bind:0 file=/usr/lib/x86_64-linux-gnu/libdl-2.31.so anon=2 dirty=2 N0=2 kernelpagesize_kB=4
7f1e7c011000 bind:0 anon=2 dirty=2 N0=2 kernelpagesize_kB=4
7f1e7c03d000 bind:0 file=/usr/lib/x86_64-linux-gnu/libmvec-2.31.so anon=2 dirty=2 N0=2 kernelpagesize_kB=4
7f1e7c18c000 bind:0 file=/usr/lib/x86_64-linux-gnu/libm-2.31.so anon=2 dirty=2 N0=2 kernelpagesize_kB=4
7f1e7c1ab000 bind:0 file=/usr/lib/x86_64-linux-gnu/libpthread-2.31.so anon=2 dirty=2 N0=2 kernelpagesize_kB=4
7f1e7c1cb000 bind:0 file=/usr/lib/x86_64-linux-gnu/libz.so.1.2.11 anon=2 dirty=2 N0=2 kernelpagesize_kB=4
7f1e7c1d6000 bind:0 file=/usr/lib/x86_64-linux-gnu/librt-2.31.so anon=2 dirty=2 N0=2 kernelpagesize_kB=4
7f1e7c1e3000 bind:0 file=/usr/lib/x86_64-linux-gnu/libnuma.so.1.0.0 anon=2 dirty=2 N0=2 kernelpagesize_kB=4
7f1e7c1e5000 bind:0 anon=2 dirty=2 N0=2 kernelpagesize_kB=4
7f1e7c21e000 bind:0 file=/usr/lib/x86_64-linux-gnu/ld-2.31.so anon=2 dirty=2 N0=2 kernelpagesize_kB=4
7f1e7c220000 bind:0 anon=1 dirty=1 N0=1 kernelpagesize_kB=4
7fff5f857000 bind:0 stack anon=4 dirty=4 N0=4 kernelpagesize_kB=4
Fio Node 1 pages
562a076d4000 bind:0 file=/usr/local/bin/fio mapped=24 N1=24 kernelpagesize_kB=4
562a076ec000 bind:0 file=/usr/local/bin/fio mapped=83 N1=83 kernelpagesize_kB=4
562a07771000 bind:0 file=/usr/local/bin/fio mapped=31 N1=31 kernelpagesize_kB=4
562a0779a000 bind:0 file=/usr/local/bin/fio anon=112 dirty=112 mapped=116 active=114 N0=112 N1=4 kernelpagesize_kB=4
7f1e7be14000 bind:0 file=/usr/lib/x86_64-linux-gnu/libc-2.31.so mapped=37 mapmax=25 N1=37 kernelpagesize_kB=4
7f1e7be39000 bind:0 file=/usr/lib/x86_64-linux-gnu/libc-2.31.so mapped=279 mapmax=25 N1=279 kernelpagesize_kB=4
7f1e7bfb1000 bind:0 file=/usr/lib/x86_64-linux-gnu/libc-2.31.so mapped=47 mapmax=24 N1=47 kernelpagesize_kB=4
7f1e7c006000 bind:0 file=/usr/lib/x86_64-linux-gnu/libaio.so.1.0.1 mapped=1 mapmax=2 N1=1 kernelpagesize_kB=4
7f1e7c007000 bind:0 file=/usr/lib/x86_64-linux-gnu/libaio.so.1.0.1 mapped=1 mapmax=2 N1=1 kernelpagesize_kB=4
7f1e7c00b000 bind:0 file=/usr/lib/x86_64-linux-gnu/libdl-2.31.so mapped=1 mapmax=20 N1=1 kernelpagesize_kB=4
7f1e7c00c000 bind:0 file=/usr/lib/x86_64-linux-gnu/libdl-2.31.so mapped=2 mapmax=19 N1=2 kernelpagesize_kB=4
7f1e7c013000 bind:0 file=/usr/lib/x86_64-linux-gnu/libmvec-2.31.so mapped=2 N1=2 kernelpagesize_kB=4
7f1e7c015000 bind:0 file=/usr/lib/x86_64-linux-gnu/libmvec-2.31.so mapped=12 active=8 N1=12 kernelpagesize_kB=4
7f1e7c03f000 bind:0 file=/usr/lib/x86_64-linux-gnu/libm-2.31.so mapped=14 mapmax=12 N1=14 kernelpagesize_kB=4
7f1e7c04e000 bind:0 file=/usr/lib/x86_64-linux-gnu/libm-2.31.so mapped=64 mapmax=12 N1=64 kernelpagesize_kB=4
7f1e7c18e000 bind:0 file=/usr/lib/x86_64-linux-gnu/libpthread-2.31.so mapped=7 mapmax=22 N1=7 kernelpagesize_kB=4
7f1e7c195000 bind:0 file=/usr/lib/x86_64-linux-gnu/libpthread-2.31.so mapped=17 mapmax=22 N1=17 kernelpagesize_kB=4
7f1e7c1b1000 bind:0 file=/usr/lib/x86_64-linux-gnu/libz.so.1.2.11 mapped=2 mapmax=8 N1=2 kernelpagesize_kB=4
7f1e7c1b3000 bind:0 file=/usr/lib/x86_64-linux-gnu/libz.so.1.2.11 mapped=15 mapmax=8 N1=15 kernelpagesize_kB=4
7f1e7c1cd000 bind:0 file=/usr/lib/x86_64-linux-gnu/librt-2.31.so mapped=3 mapmax=17 N1=3 kernelpagesize_kB=4
7f1e7c1d0000 bind:0 file=/usr/lib/x86_64-linux-gnu/librt-2.31.so mapped=4 mapmax=17 N1=4 kernelpagesize_kB=4
7f1e7c1d8000 bind:0 file=/usr/lib/x86_64-linux-gnu/libnuma.so.1.0.0 mapped=3 mapmax=2 N1=3 kernelpagesize_kB=4
7f1e7c1db000 bind:0 file=/usr/lib/x86_64-linux-gnu/libnuma.so.1.0.0 mapped=5 mapmax=2 N1=5 kernelpagesize_kB=4
7f1e7c1e0000 bind:0 file=/usr/lib/x86_64-linux-gnu/libnuma.so.1.0.0 mapped=2 mapmax=2 N1=2 kernelpagesize_kB=4
7f1e7c1f1000 bind:0 file=/usr/lib/x86_64-linux-gnu/ld-2.31.so mapped=1 mapmax=25 N1=1 kernelpagesize_kB=4
7f1e7c1f2000 bind:0 file=/usr/lib/x86_64-linux-gnu/ld-2.31.so mapped=35 mapmax=25 N1=35 kernelpagesize_kB=4
7f1e7c215000 bind:0 file=/usr/lib/x86_64-linux-gnu/ld-2.31.so mapped=8 mapmax=25 N1=8 kernelpagesize_kB=4
Fio Node 0 pages
5613511f5000 bind:0 file=/usr/local/bin/fio anon=2 dirty=2 mapped=12 active=4 N0=2 N1=10 kernelpagesize_kB=4
7efe1f476000 bind:0 anon=2 dirty=2 N0=2 kernelpagesize_kB=4
7efe1f660000 bind:0 file=/usr/lib/x86_64-linux-gnu/libc-2.31.so anon=6 dirty=6 N0=6 kernelpagesize_kB=4
7efe1f66d000 bind:0 file=/usr/lib/x86_64-linux-gnu/libaio.so.1.0.1 anon=2 dirty=2 N0=2 kernelpagesize_kB=4
7efe1f673000 bind:0 file=/usr/lib/x86_64-linux-gnu/libdl-2.31.so anon=2 dirty=2 N0=2 kernelpagesize_kB=4
7efe1f675000 bind:0 anon=2 dirty=2 N0=2 kernelpagesize_kB=4
7efe1f6a1000 bind:0 file=/usr/lib/x86_64-linux-gnu/libmvec-2.31.so anon=2 dirty=2 N0=2 kernelpagesize_kB=4
7efe1f7f0000 bind:0 file=/usr/lib/x86_64-linux-gnu/libm-2.31.so anon=2 dirty=2 N0=2 kernelpagesize_kB=4
7efe1f80f000 bind:0 file=/usr/lib/x86_64-linux-gnu/libpthread-2.31.so anon=2 dirty=2 N0=2 kernelpagesize_kB=4
7efe1f82f000 bind:0 file=/usr/lib/x86_64-linux-gnu/libz.so.1.2.11 anon=2 dirty=2 N0=2 kernelpagesize_kB=4
7efe1f83a000 bind:0 file=/usr/lib/x86_64-linux-gnu/librt-2.31.so anon=2 dirty=2 N0=2 kernelpagesize_kB=4
7efe1f847000 bind:0 file=/usr/lib/x86_64-linux-gnu/libnuma.so.1.0.0 anon=2 dirty=2 N0=2 kernelpagesize_kB=4
7efe1f849000 bind:0 anon=2 dirty=2 N0=2 kernelpagesize_kB=4
7efe1f882000 bind:0 file=/usr/lib/x86_64-linux-gnu/ld-2.31.so anon=2 dirty=2 N0=2 kernelpagesize_kB=4
7efe1f884000 bind:0 anon=1 dirty=1 N0=1 kernelpagesize_kB=4
7ffc68964000 bind:0 stack anon=3 dirty=3 N0=3 kernelpagesize_kB=4
Fio Node 1 pages
561351131000 bind:0 file=/usr/local/bin/fio mapped=24 N1=24 kernelpagesize_kB=4
561351149000 bind:0 file=/usr/local/bin/fio mapped=51 N1=51 kernelpagesize_kB=4
5613511ce000 bind:0 file=/usr/local/bin/fio mapped=16 N1=16 kernelpagesize_kB=4
5613511f7000 bind:0 file=/usr/local/bin/fio anon=110 dirty=110 mapped=114 active=112 N0=110 N1=4 kernelpagesize_kB=4
7efe1f478000 bind:0 file=/usr/lib/x86_64-linux-gnu/libc-2.31.so mapped=37 mapmax=25 N1=37 kernelpagesize_kB=4
7efe1f49d000 bind:0 file=/usr/lib/x86_64-linux-gnu/libc-2.31.so mapped=259 mapmax=25 N1=259 kernelpagesize_kB=4
7efe1f615000 bind:0 file=/usr/lib/x86_64-linux-gnu/libc-2.31.so mapped=43 mapmax=24 N1=43 kernelpagesize_kB=4
7efe1f66a000 bind:0 file=/usr/lib/x86_64-linux-gnu/libaio.so.1.0.1 mapped=1 mapmax=2 N1=1 kernelpagesize_kB=4
7efe1f66b000 bind:0 file=/usr/lib/x86_64-linux-gnu/libaio.so.1.0.1 mapped=1 mapmax=2 N1=1 kernelpagesize_kB=4
7efe1f66f000 bind:0 file=/usr/lib/x86_64-linux-gnu/libdl-2.31.so mapped=1 mapmax=20 N1=1 kernelpagesize_kB=4
7efe1f670000 bind:0 file=/usr/lib/x86_64-linux-gnu/libdl-2.31.so mapped=2 mapmax=19 N1=2 kernelpagesize_kB=4
7efe1f677000 bind:0 file=/usr/lib/x86_64-linux-gnu/libmvec-2.31.so mapped=2 N1=2 kernelpagesize_kB=4
7efe1f679000 bind:0 file=/usr/lib/x86_64-linux-gnu/libmvec-2.31.so mapped=12 N1=12 kernelpagesize_kB=4
7efe1f6a3000 bind:0 file=/usr/lib/x86_64-linux-gnu/libm-2.31.so mapped=15 mapmax=12 N1=15 kernelpagesize_kB=4
7efe1f6b2000 bind:0 file=/usr/lib/x86_64-linux-gnu/libm-2.31.so mapped=78 mapmax=12 N1=78 kernelpagesize_kB=4
7efe1f7f2000 bind:0 file=/usr/lib/x86_64-linux-gnu/libpthread-2.31.so mapped=7 mapmax=22 N1=7 kernelpagesize_kB=4
7efe1f7f9000 bind:0 file=/usr/lib/x86_64-linux-gnu/libpthread-2.31.so mapped=17 mapmax=22 N1=17 kernelpagesize_kB=4
7efe1f815000 bind:0 file=/usr/lib/x86_64-linux-gnu/libz.so.1.2.11 mapped=2 mapmax=8 N1=2 kernelpagesize_kB=4
7efe1f817000 bind:0 file=/usr/lib/x86_64-linux-gnu/libz.so.1.2.11 mapped=15 mapmax=8 N1=15 kernelpagesize_kB=4
7efe1f831000 bind:0 file=/usr/lib/x86_64-linux-gnu/librt-2.31.so mapped=3 mapmax=17 N1=3 kernelpagesize_kB=4
7efe1f834000 bind:0 file=/usr/lib/x86_64-linux-gnu/librt-2.31.so mapped=4 mapmax=17 N1=4 kernelpagesize_kB=4
7efe1f83c000 bind:0 file=/usr/lib/x86_64-linux-gnu/libnuma.so.1.0.0 mapped=3 mapmax=2 N1=3 kernelpagesize_kB=4
7efe1f83f000 bind:0 file=/usr/lib/x86_64-linux-gnu/libnuma.so.1.0.0 mapped=5 mapmax=2 N1=5 kernelpagesize_kB=4
7efe1f844000 bind:0 file=/usr/lib/x86_64-linux-gnu/libnuma.so.1.0.0 mapped=2 mapmax=2 N1=2 kernelpagesize_kB=4
7efe1f855000 bind:0 file=/usr/lib/x86_64-linux-gnu/ld-2.31.so mapped=1 mapmax=25 N1=1 kernelpagesize_kB=4
7efe1f856000 bind:0 file=/usr/lib/x86_64-linux-gnu/ld-2.31.so mapped=35 mapmax=25 N1=35 kernelpagesize_kB=4
7efe1f879000 bind:0 file=/usr/lib/x86_64-linux-gnu/ld-2.31.so mapped=8 mapmax=25 N1=8 kernelpagesize_kB=4

Node 1 MemTotal:       24686196 kB
Node 1 MemFree:        22615796 kB
Node 1 MemUsed:         2070400 kB
Node 1 Active:            69444 kB
Node 1 Inactive:         151384 kB
Node 1 Active(anon):      25336 kB
Node 1 Inactive(anon):      488 kB
Node 1 Active(file):      44108 kB
Node 1 Inactive(file):   150896 kB
Node 1 Unevictable:       18272 kB
Node 1 Mlocked:           18272 kB
Node 1 Dirty:               364 kB
Node 1 Writeback:             0 kB
Node 1 FilePages:        203416 kB
Node 1 Mapped:            34284 kB
Node 1 AnonPages:         35596 kB
Node 1 Shmem:               704 kB
Node 1 KernelStack:        1544 kB
Node 1 PageTables:          788 kB
Node 1 NFS_Unstable:          0 kB
Node 1 Bounce:                0 kB
Node 1 WritebackTmp:          0 kB
Node 1 KReclaimable:      28144 kB
Node 1 Slab:              73936 kB
Node 1 SReclaimable:      28144 kB
Node 1 SUnreclaim:        45792 kB
Node 1 AnonHugePages:         0 kB
Node 1 ShmemHugePages:        0 kB
Node 1 ShmemPmdMapped:        0 kB
Node 1 FileHugePages:        0 kB
Node 1 FilePmdMapped:        0 kB
Node 1 HugePages_Total:     0
Node 1 HugePages_Free:      0
Node 1 HugePages_Surp:      0

After Opposite Node
Node 0 MemTotal:       24743736 kB
Node 0 MemFree:        24190692 kB
Node 0 MemUsed:          553044 kB
Node 0 Active:            31820 kB
Node 0 Inactive:          38640 kB
Node 0 Active(anon):      10796 kB
Node 0 Inactive(anon):      520 kB
Node 0 Active(file):      21024 kB
Node 0 Inactive(file):    38120 kB
Node 0 Unevictable:         484 kB
Node 0 Mlocked:             484 kB
Node 0 Dirty:                72 kB
Node 0 Writeback:             0 kB
Node 0 FilePages:         60280 kB
Node 0 Mapped:             8280 kB
Node 0 AnonPages:         10528 kB
Node 0 Shmem:               652 kB
Node 0 KernelStack:        3240 kB
Node 0 PageTables:          740 kB
Node 0 NFS_Unstable:          0 kB
Node 0 Bounce:                0 kB
Node 0 WritebackTmp:          0 kB
Node 0 KReclaimable:      16496 kB
Node 0 Slab:              58200 kB
Node 0 SReclaimable:      16496 kB
Node 0 SUnreclaim:        41704 kB
Node 0 AnonHugePages:         0 kB
Node 0 ShmemHugePages:        0 kB
Node 0 ShmemPmdMapped:        0 kB
Node 0 FileHugePages:        0 kB
Node 0 FilePmdMapped:        0 kB
Node 0 HugePages_Total:     0
Node 0 HugePages_Free:      0
Node 0 HugePages_Surp:      0

Node 1 MemTotal:       24686196 kB
Node 1 MemFree:        22614148 kB
Node 1 MemUsed:         2072048 kB
Node 1 Active:            70428 kB
Node 1 Inactive:         151080 kB
Node 1 Active(anon):      26024 kB
Node 1 Inactive(anon):      464 kB
Node 1 Active(file):      44404 kB
Node 1 Inactive(file):   150616 kB
Node 1 Unevictable:       18272 kB
Node 1 Mlocked:           18272 kB
Node 1 Dirty:               524 kB
Node 1 Writeback:             0 kB
Node 1 FilePages:        203396 kB
Node 1 Mapped:            34252 kB
Node 1 AnonPages:         36408 kB
Node 1 Shmem:               660 kB
Node 1 KernelStack:        1512 kB
Node 1 PageTables:          676 kB
Node 1 NFS_Unstable:          0 kB
Node 1 Bounce:                0 kB
Node 1 WritebackTmp:          0 kB
Node 1 KReclaimable:      28192 kB
Node 1 Slab:              74164 kB
Node 1 SReclaimable:      28192 kB
Node 1 SUnreclaim:        45972 kB
Node 1 AnonHugePages:         0 kB
Node 1 ShmemHugePages:        0 kB
Node 1 ShmemPmdMapped:        0 kB
Node 1 FileHugePages:        0 kB
Node 1 FilePmdMapped:        0 kB
Node 1 HugePages_Total:     0
Node 1 HugePages_Free:      0
Node 1 HugePages_Surp:      0

B.1.fio.2-1G.3.O Complete!
