Fio Node 0 pages
557e03909000 bind:1 file=/usr/bin/dash mapped=19 mapmax=3 N0=19 kernelpagesize_kB=4
557e0391c000 bind:1 file=/usr/bin/dash mapped=6 mapmax=3 N0=6 kernelpagesize_kB=4
7f66d47d8000 bind:1 file=/usr/lib/x86_64-linux-gnu/libc-2.31.so mapped=128 mapmax=26 N0=128 kernelpagesize_kB=4
7f66d4950000 bind:1 file=/usr/lib/x86_64-linux-gnu/libc-2.31.so mapped=32 mapmax=25 N0=32 kernelpagesize_kB=4
Fio Node 1 pages
557e03922000 bind:1 file=/usr/bin/dash anon=2 dirty=2 mapmax=2 N1=2 kernelpagesize_kB=4
557e03924000 bind:1 file=/usr/bin/dash anon=1 dirty=1 N1=1 kernelpagesize_kB=4
557e03925000 bind:1 anon=1 dirty=1 N1=1 kernelpagesize_kB=4
557e0433e000 bind:1 heap anon=2 dirty=2 mapmax=2 N1=2 kernelpagesize_kB=4
7f66d499b000 bind:1 file=/usr/lib/x86_64-linux-gnu/libc-2.31.so anon=3 dirty=3 mapmax=2 N1=3 kernelpagesize_kB=4
7f66d499e000 bind:1 file=/usr/lib/x86_64-linux-gnu/libc-2.31.so anon=3 dirty=3 mapmax=2 N1=3 kernelpagesize_kB=4
7f66d49a1000 bind:1 anon=6 dirty=6 mapmax=2 N1=6 kernelpagesize_kB=4
7f66d49de000 bind:1 file=/usr/lib/x86_64-linux-gnu/ld-2.31.so anon=1 dirty=1 mapmax=2 N1=1 kernelpagesize_kB=4
7f66d49df000 bind:1 file=/usr/lib/x86_64-linux-gnu/ld-2.31.so anon=1 dirty=1 N1=1 kernelpagesize_kB=4
7f66d49e0000 bind:1 anon=1 dirty=1 mapmax=2 N1=1 kernelpagesize_kB=4
7ffdc805e000 bind:1 stack anon=2 dirty=2 N1=2 kernelpagesize_kB=4
Fio Node 0 pages
7f54f826e000 bind:1 file=/usr/lib/x86_64-linux-gnu/libc-2.31.so mapped=35 mapmax=25 N0=35 kernelpagesize_kB=4
7f54f8293000 bind:1 file=/usr/lib/x86_64-linux-gnu/libc-2.31.so mapped=32 mapmax=25 N0=32 kernelpagesize_kB=4
7f54f8460000 bind:1 file=/usr/lib/x86_64-linux-gnu/libaio.so.1.0.1 mapped=1 mapmax=2 N0=1 kernelpagesize_kB=4
7f54f8465000 bind:1 file=/usr/lib/x86_64-linux-gnu/libdl-2.31.so mapped=1 mapmax=20 N0=1 kernelpagesize_kB=4
7f54f8499000 bind:1 file=/usr/lib/x86_64-linux-gnu/libm-2.31.so mapped=15 mapmax=12 N0=15 kernelpagesize_kB=4
7f54f85e8000 bind:1 file=/usr/lib/x86_64-linux-gnu/libpthread-2.31.so mapped=7 mapmax=22 N0=7 kernelpagesize_kB=4
7f54f860b000 bind:1 file=/usr/lib/x86_64-linux-gnu/libz.so.1.2.11 mapped=2 mapmax=8 N0=2 kernelpagesize_kB=4
7f54f8627000 bind:1 file=/usr/lib/x86_64-linux-gnu/librt-2.31.so mapped=3 mapmax=17 N0=3 kernelpagesize_kB=4
7f54f8632000 bind:1 file=/usr/lib/x86_64-linux-gnu/libnuma.so.1.0.0 mapped=3 mapmax=2 N0=3 kernelpagesize_kB=4
7f54f8641000 bind:1 file=/etc/ld.so.cache mapped=10 N0=10 kernelpagesize_kB=4
7f54f864b000 bind:1 file=/usr/lib/x86_64-linux-gnu/ld-2.31.so mapped=1 mapmax=25 N0=1 kernelpagesize_kB=4
7f54f864c000 bind:1 file=/usr/lib/x86_64-linux-gnu/ld-2.31.so mapped=35 mapmax=25 N0=35 kernelpagesize_kB=4
7f54f866f000 bind:1 file=/usr/lib/x86_64-linux-gnu/ld-2.31.so mapped=8 mapmax=25 N0=8 kernelpagesize_kB=4
Fio Node 1 pages
55ba0c132000 bind:1 file=/usr/local/bin/fio mapped=24 active=1 N1=24 kernelpagesize_kB=4
55ba0c14a000 bind:1 file=/usr/local/bin/fio mapped=67 N1=67 kernelpagesize_kB=4
55ba0c1cf000 bind:1 file=/usr/local/bin/fio mapped=32 active=31 N1=32 kernelpagesize_kB=4
55ba0c1f6000 bind:1 file=/usr/local/bin/fio anon=2 dirty=2 N1=2 kernelpagesize_kB=4
55ba0c1f8000 bind:1 file=/usr/local/bin/fio anon=112 dirty=112 mapped=116 active=112 N1=116 kernelpagesize_kB=4
55ba0c2d4000 bind:1 anon=2 dirty=2 N1=2 kernelpagesize_kB=4
55ba0c762000 bind:1 heap anon=4 dirty=4 N1=4 kernelpagesize_kB=4
7f54f826c000 bind:1 anon=2 dirty=2 N1=2 kernelpagesize_kB=4
7f54f8456000 bind:1 file=/usr/lib/x86_64-linux-gnu/libc-2.31.so anon=3 dirty=3 N1=3 kernelpagesize_kB=4
7f54f8459000 bind:1 file=/usr/lib/x86_64-linux-gnu/libc-2.31.so anon=3 dirty=3 N1=3 kernelpagesize_kB=4
7f54f845c000 bind:1 anon=4 dirty=4 N1=4 kernelpagesize_kB=4
7f54f8463000 bind:1 file=/usr/lib/x86_64-linux-gnu/libaio.so.1.0.1 anon=1 dirty=1 N1=1 kernelpagesize_kB=4
7f54f8464000 bind:1 file=/usr/lib/x86_64-linux-gnu/libaio.so.1.0.1 anon=1 dirty=1 N1=1 kernelpagesize_kB=4
7f54f8469000 bind:1 file=/usr/lib/x86_64-linux-gnu/libdl-2.31.so anon=1 dirty=1 N1=1 kernelpagesize_kB=4
7f54f846a000 bind:1 file=/usr/lib/x86_64-linux-gnu/libdl-2.31.so anon=1 dirty=1 N1=1 kernelpagesize_kB=4
7f54f846b000 bind:1 anon=2 dirty=2 N1=2 kernelpagesize_kB=4
7f54f846d000 bind:1 file=/usr/lib/x86_64-linux-gnu/libmvec-2.31.so mapped=2 active=1 N1=2 kernelpagesize_kB=4
7f54f846f000 bind:1 file=/usr/lib/x86_64-linux-gnu/libmvec-2.31.so mapped=12 active=0 N1=12 kernelpagesize_kB=4
7f54f8497000 bind:1 file=/usr/lib/x86_64-linux-gnu/libmvec-2.31.so anon=1 dirty=1 N1=1 kernelpagesize_kB=4
7f54f8498000 bind:1 file=/usr/lib/x86_64-linux-gnu/libmvec-2.31.so anon=1 dirty=1 N1=1 kernelpagesize_kB=4
7f54f85e6000 bind:1 file=/usr/lib/x86_64-linux-gnu/libm-2.31.so anon=1 dirty=1 N1=1 kernelpagesize_kB=4
7f54f85e7000 bind:1 file=/usr/lib/x86_64-linux-gnu/libm-2.31.so anon=1 dirty=1 N1=1 kernelpagesize_kB=4
7f54f8605000 bind:1 file=/usr/lib/x86_64-linux-gnu/libpthread-2.31.so anon=1 dirty=1 N1=1 kernelpagesize_kB=4
7f54f8606000 bind:1 file=/usr/lib/x86_64-linux-gnu/libpthread-2.31.so anon=1 dirty=1 N1=1 kernelpagesize_kB=4
7f54f8607000 bind:1 anon=1 dirty=1 N1=1 kernelpagesize_kB=4
7f54f8625000 bind:1 file=/usr/lib/x86_64-linux-gnu/libz.so.1.2.11 anon=1 dirty=1 N1=1 kernelpagesize_kB=4
7f54f8626000 bind:1 file=/usr/lib/x86_64-linux-gnu/libz.so.1.2.11 anon=1 dirty=1 N1=1 kernelpagesize_kB=4
7f54f8630000 bind:1 file=/usr/lib/x86_64-linux-gnu/librt-2.31.so anon=1 dirty=1 N1=1 kernelpagesize_kB=4
7f54f8631000 bind:1 file=/usr/lib/x86_64-linux-gnu/librt-2.31.so anon=1 dirty=1 N1=1 kernelpagesize_kB=4
7f54f863d000 bind:1 file=/usr/lib/x86_64-linux-gnu/libnuma.so.1.0.0 anon=1 dirty=1 N1=1 kernelpagesize_kB=4
7f54f863e000 bind:1 file=/usr/lib/x86_64-linux-gnu/libnuma.so.1.0.0 anon=1 dirty=1 N1=1 kernelpagesize_kB=4
7f54f863f000 bind:1 anon=2 dirty=2 N1=2 kernelpagesize_kB=4
7f54f864a000 bind:1 file=/dev/zero\040(deleted) dirty=1 active=0 N1=1 kernelpagesize_kB=4
7f54f8677000 bind:1 file=/dev/zero\040(deleted) dirty=1 active=0 N1=1 kernelpagesize_kB=4
7f54f8678000 bind:1 file=/usr/lib/x86_64-linux-gnu/ld-2.31.so anon=1 dirty=1 N1=1 kernelpagesize_kB=4
7f54f8679000 bind:1 file=/usr/lib/x86_64-linux-gnu/ld-2.31.so anon=1 dirty=1 N1=1 kernelpagesize_kB=4
7f54f867a000 bind:1 anon=1 dirty=1 N1=1 kernelpagesize_kB=4
7fff7d31e000 bind:1 stack anon=3 dirty=3 N1=3 kernelpagesize_kB=4
B.1.fio.2-1G.1.O
Begin
Node 0 MemTotal:       24768352 kB
Node 0 MemFree:        24526040 kB
Node 0 MemUsed:          242312 kB
Node 0 Active:            35904 kB
Node 0 Inactive:          68180 kB
Node 0 Active(anon):      11796 kB
Node 0 Inactive(anon):      564 kB
Node 0 Active(file):      24108 kB
Node 0 Inactive(file):    67616 kB
Node 0 Unevictable:        5924 kB
Node 0 Mlocked:            5924 kB
Node 0 Dirty:                88 kB
Node 0 Writeback:             0 kB
Node 0 FilePages:         98412 kB
Node 0 Mapped:            30972 kB
Node 0 AnonPages:         11636 kB
Node 0 Shmem:               760 kB
Node 0 KernelStack:        2104 kB
Node 0 PageTables:          340 kB
Node 0 NFS_Unstable:          0 kB
Node 0 Bounce:                0 kB
Node 0 WritebackTmp:          0 kB
Node 0 KReclaimable:      17228 kB
Node 0 Slab:              46300 kB
Node 0 SReclaimable:      17228 kB
Node 0 SUnreclaim:        29072 kB
Node 0 AnonHugePages:         0 kB
Node 0 ShmemHugePages:        0 kB
Node 0 ShmemPmdMapped:        0 kB
Node 0 FileHugePages:        0 kB
Node 0 FilePmdMapped:        0 kB
Node 0 HugePages_Total:     0
Node 0 HugePages_Free:      0
Node 0 HugePages_Surp:      0

Node 1 MemTotal:       24661580 kB
Node 1 MemFree:        24280564 kB
Node 1 MemUsed:          381016 kB
Node 1 Active:            59260 kB
Node 1 Inactive:          33172 kB
Node 1 Active(anon):      21764 kB
Node 1 Inactive(anon):      320 kB
Node 1 Active(file):      37496 kB
Node 1 Inactive(file):    32852 kB
Node 1 Unevictable:       12600 kB
Node 1 Mlocked:           12600 kB
Node 1 Dirty:               104 kB
Node 1 Writeback:             0 kB
Node 1 FilePages:         73152 kB
Node 1 Mapped:            25652 kB
Node 1 AnonPages:         31976 kB
Node 1 Shmem:               508 kB
Node 1 KernelStack:        1560 kB
Node 1 PageTables:          788 kB
Node 1 NFS_Unstable:          0 kB
Node 1 Bounce:                0 kB
Node 1 WritebackTmp:          0 kB
Node 1 KReclaimable:      25012 kB
Node 1 Slab:              61216 kB
Node 1 SReclaimable:      25012 kB
Node 1 SUnreclaim:        36204 kB
Node 1 AnonHugePages:         0 kB
Node 1 ShmemHugePages:        0 kB
Node 1 ShmemPmdMapped:        0 kB
Node 1 FileHugePages:        0 kB
Node 1 FilePmdMapped:        0 kB
Node 1 HugePages_Total:     0
Node 1 HugePages_Free:      0
Node 1 HugePages_Surp:      0

Load ZFS
Node 0 MemTotal:       24768352 kB
Node 0 MemFree:        24482724 kB
Node 0 MemUsed:          285628 kB
Node 0 Active:            51472 kB
Node 0 Inactive:          86960 kB
Node 0 Active(anon):      26404 kB
Node 0 Inactive(anon):      464 kB
Node 0 Active(file):      25068 kB
Node 0 Inactive(file):    86496 kB
Node 0 Unevictable:        5924 kB
Node 0 Mlocked:            5924 kB
Node 0 Dirty:               228 kB
Node 0 Writeback:             0 kB
Node 0 FilePages:        118132 kB
Node 0 Mapped:            33440 kB
Node 0 AnonPages:         26384 kB
Node 0 Shmem:               648 kB
Node 0 KernelStack:        2584 kB
Node 0 PageTables:         1256 kB
Node 0 NFS_Unstable:          0 kB
Node 0 Bounce:                0 kB
Node 0 WritebackTmp:          0 kB
Node 0 KReclaimable:      17896 kB
Node 0 Slab:              50884 kB
Node 0 SReclaimable:      17896 kB
Node 0 SUnreclaim:        32988 kB
Node 0 AnonHugePages:         0 kB
Node 0 ShmemHugePages:        0 kB
Node 0 ShmemPmdMapped:        0 kB
Node 0 FileHugePages:        0 kB
Node 0 FilePmdMapped:        0 kB
Node 0 HugePages_Total:     0
Node 0 HugePages_Free:      0
Node 0 HugePages_Surp:      0

Node 1 MemTotal:       24661580 kB
Node 1 MemFree:        24182216 kB
Node 1 MemUsed:          479364 kB
Node 1 Active:            69104 kB
Node 1 Inactive:         117728 kB
Node 1 Active(anon):      30072 kB
Node 1 Inactive(anon):      480 kB
Node 1 Active(file):      39032 kB
Node 1 Inactive(file):   117248 kB
Node 1 Unevictable:       12832 kB
Node 1 Mlocked:           12832 kB
Node 1 Dirty:               256 kB
Node 1 Writeback:             0 kB
Node 1 FilePages:        159172 kB
Node 1 Mapped:            27136 kB
Node 1 AnonPages:         40216 kB
Node 1 Shmem:               620 kB
Node 1 KernelStack:        1640 kB
Node 1 PageTables:         1164 kB
Node 1 NFS_Unstable:          0 kB
Node 1 Bounce:                0 kB
Node 1 WritebackTmp:          0 kB
Node 1 KReclaimable:      25948 kB
Node 1 Slab:              64172 kB
Node 1 SReclaimable:      25948 kB
Node 1 SUnreclaim:        38224 kB
Node 1 AnonHugePages:         0 kB
Node 1 ShmemHugePages:        0 kB
Node 1 ShmemPmdMapped:        0 kB
Node 1 FileHugePages:        0 kB
Node 1 FilePmdMapped:        0 kB
Node 1 HugePages_Total:     0
Node 1 HugePages_Free:      0
Node 1 HugePages_Surp:      0

Import tank ZPool
Node 0 MemTotal:       24768352 kB
Node 0 MemFree:        24483496 kB
Node 0 MemUsed:          284856 kB
Node 0 Active:            37356 kB
Node 0 Inactive:          86728 kB
Node 0 Active(anon):      12056 kB
Node 0 Inactive(anon):      464 kB
Node 0 Active(file):      25300 kB
Node 0 Inactive(file):    86264 kB
Node 0 Unevictable:        5924 kB
Node 0 Mlocked:            5924 kB
Node 0 Dirty:               272 kB
Node 0 Writeback:             0 kB
Node 0 FilePages:        118144 kB
Node 0 Mapped:            31512 kB
Node 0 AnonPages:         11748 kB
Node 0 Shmem:               644 kB
Node 0 KernelStack:        3244 kB
Node 0 PageTables:          624 kB
Node 0 NFS_Unstable:          0 kB
Node 0 Bounce:                0 kB
Node 0 WritebackTmp:          0 kB
Node 0 KReclaimable:      17896 kB
Node 0 Slab:              53020 kB
Node 0 SReclaimable:      17896 kB
Node 0 SUnreclaim:        35124 kB
Node 0 AnonHugePages:         0 kB
Node 0 ShmemHugePages:        0 kB
Node 0 ShmemPmdMapped:        0 kB
Node 0 FileHugePages:        0 kB
Node 0 FilePmdMapped:        0 kB
Node 0 HugePages_Total:     0
Node 0 HugePages_Free:      0
Node 0 HugePages_Surp:      0

Node 1 MemTotal:       24661580 kB
Node 1 MemFree:        24183320 kB
Node 1 MemUsed:          478260 kB
Node 1 Active:            61464 kB
Node 1 Inactive:         118932 kB
Node 1 Active(anon):      22092 kB
Node 1 Inactive(anon):      484 kB
Node 1 Active(file):      39372 kB
Node 1 Inactive(file):   118448 kB
Node 1 Unevictable:       12832 kB
Node 1 Mlocked:           12832 kB
Node 1 Dirty:               320 kB
Node 1 Writeback:             0 kB
Node 1 FilePages:        160716 kB
Node 1 Mapped:            26280 kB
Node 1 AnonPages:         32692 kB
Node 1 Shmem:               624 kB
Node 1 KernelStack:        1560 kB
Node 1 PageTables:          900 kB
Node 1 NFS_Unstable:          0 kB
Node 1 Bounce:                0 kB
Node 1 WritebackTmp:          0 kB
Node 1 KReclaimable:      26108 kB
Node 1 Slab:              68960 kB
Node 1 SReclaimable:      26108 kB
Node 1 SUnreclaim:        42852 kB
Node 1 AnonHugePages:         0 kB
Node 1 ShmemHugePages:        0 kB
Node 1 ShmemPmdMapped:        0 kB
Node 1 FileHugePages:        0 kB
Node 1 FilePmdMapped:        0 kB
Node 1 HugePages_Total:     0
Node 1 HugePages_Free:      0
Node 1 HugePages_Surp:      0

After Test
Node 0 MemTotal:       24768352 kB
Node 0 MemFree:        24047528 kB
Node 0 MemUsed:          720824 kB
Node 0 Active:            37416 kB
Node 0 Inactive:          86580 kB
Node 0 Active(anon):      11924 kB
Node 0 Inactive(anon):      460 kB
Node 0 Active(file):      25492 kB
Node 0 Inactive(file):    86120 kB
Node 0 Unevictable:        5924 kB
Node 0 Mlocked:            5924 kB
Node 0 Dirty:               236 kB
Node 0 Writeback:             0 kB
Node 0 FilePages:        118176 kB
Node 0 Mapped:            30992 kB
Node 0 AnonPages:         11740 kB
Node 0 Shmem:               644 kB
Node 0 KernelStack:        3128 kB
Node 0 PageTables:          312 kB
Node 0 NFS_Unstable:          0 kB
Node 0 Bounce:                0 kB
Node 0 WritebackTmp:          0 kB
Node 0 KReclaimable:      17900 kB
Node 0 Slab:              55088 kB
Node 0 SReclaimable:      17900 kB
Node 0 SUnreclaim:        37188 kB
Node 0 AnonHugePages:         0 kB
Node 0 ShmemHugePages:        0 kB
Node 0 ShmemPmdMapped:        0 kB
Node 0 FileHugePages:        0 kB
Node 0 FilePmdMapped:        0 kB
Node 0 HugePages_Total:     0
Node 0 HugePages_Free:      0
Node 0 HugePages_Surp:      0
Fio Node 0 pages
556445136000 bind:0 file=/usr/local/bin/fio anon=2 dirty=2 mapped=17 active=4 N0=2 N1=15 kernelpagesize_kB=4
7f750cfd2000 bind:0 anon=2 dirty=2 N0=2 kernelpagesize_kB=4
7f750cfd4000 bind:0 file=/usr/lib/x86_64-linux-gnu/libc-2.31.so mapped=37 mapmax=25 N0=37 kernelpagesize_kB=4
7f750cff9000 bind:0 file=/usr/lib/x86_64-linux-gnu/libc-2.31.so mapped=16 mapmax=25 N0=16 kernelpagesize_kB=4
7f750d1bc000 bind:0 file=/usr/lib/x86_64-linux-gnu/libc-2.31.so anon=6 dirty=6 N0=6 kernelpagesize_kB=4
7f750d1c6000 bind:0 file=/usr/lib/x86_64-linux-gnu/libaio.so.1.0.1 mapped=1 mapmax=2 N0=1 kernelpagesize_kB=4
7f750d1c9000 bind:0 file=/usr/lib/x86_64-linux-gnu/libaio.so.1.0.1 anon=2 dirty=2 N0=2 kernelpagesize_kB=4
7f750d1cb000 bind:0 file=/usr/lib/x86_64-linux-gnu/libdl-2.31.so mapped=1 mapmax=20 N0=1 kernelpagesize_kB=4
7f750d1cf000 bind:0 file=/usr/lib/x86_64-linux-gnu/libdl-2.31.so anon=2 dirty=2 N0=2 kernelpagesize_kB=4
7f750d1d1000 bind:0 anon=2 dirty=2 N0=2 kernelpagesize_kB=4
7f750d1fd000 bind:0 file=/usr/lib/x86_64-linux-gnu/libmvec-2.31.so anon=2 dirty=2 N0=2 kernelpagesize_kB=4
7f750d1ff000 bind:0 file=/usr/lib/x86_64-linux-gnu/libm-2.31.so mapped=14 mapmax=12 N0=14 kernelpagesize_kB=4
7f750d34c000 bind:0 file=/usr/lib/x86_64-linux-gnu/libm-2.31.so anon=2 dirty=2 N0=2 kernelpagesize_kB=4
7f750d34e000 bind:0 file=/usr/lib/x86_64-linux-gnu/libpthread-2.31.so mapped=7 mapmax=22 N0=7 kernelpagesize_kB=4
7f750d36b000 bind:0 file=/usr/lib/x86_64-linux-gnu/libpthread-2.31.so anon=2 dirty=2 N0=2 kernelpagesize_kB=4
7f750d371000 bind:0 file=/usr/lib/x86_64-linux-gnu/libz.so.1.2.11 mapped=2 mapmax=8 N0=2 kernelpagesize_kB=4
7f750d38b000 bind:0 file=/usr/lib/x86_64-linux-gnu/libz.so.1.2.11 anon=2 dirty=2 N0=2 kernelpagesize_kB=4
7f750d38d000 bind:0 file=/usr/lib/x86_64-linux-gnu/librt-2.31.so mapped=3 mapmax=17 N0=3 kernelpagesize_kB=4
7f750d396000 bind:0 file=/usr/lib/x86_64-linux-gnu/librt-2.31.so anon=2 dirty=2 N0=2 kernelpagesize_kB=4
7f750d398000 bind:0 file=/usr/lib/x86_64-linux-gnu/libnuma.so.1.0.0 mapped=3 mapmax=2 N0=3 kernelpagesize_kB=4
7f750d3a3000 bind:0 file=/usr/lib/x86_64-linux-gnu/libnuma.so.1.0.0 anon=2 dirty=2 N0=2 kernelpagesize_kB=4
7f750d3a5000 bind:0 anon=2 dirty=2 N0=2 kernelpagesize_kB=4
7f750d3a7000 bind:0 file=/etc/ld.so.cache mapped=10 N0=10 kernelpagesize_kB=4
7f750d3b1000 bind:0 file=/usr/lib/x86_64-linux-gnu/ld-2.31.so mapped=1 mapmax=25 N0=1 kernelpagesize_kB=4
7f750d3b2000 bind:0 file=/usr/lib/x86_64-linux-gnu/ld-2.31.so mapped=35 mapmax=25 N0=35 kernelpagesize_kB=4
7f750d3d5000 bind:0 file=/usr/lib/x86_64-linux-gnu/ld-2.31.so mapped=8 mapmax=25 N0=8 kernelpagesize_kB=4
7f750d3de000 bind:0 file=/usr/lib/x86_64-linux-gnu/ld-2.31.so anon=2 dirty=2 N0=2 kernelpagesize_kB=4
7f750d3e0000 bind:0 anon=1 dirty=1 N0=1 kernelpagesize_kB=4
7ffea6351000 bind:0 stack anon=3 dirty=3 N0=3 kernelpagesize_kB=4
Fio Node 1 pages
556445072000 bind:0 file=/usr/local/bin/fio mapped=24 N1=24 kernelpagesize_kB=4
55644508a000 bind:0 file=/usr/local/bin/fio mapped=67 N1=67 kernelpagesize_kB=4
55644510f000 bind:0 file=/usr/local/bin/fio mapped=32 active=31 N1=32 kernelpagesize_kB=4
556445138000 bind:0 file=/usr/local/bin/fio anon=112 dirty=112 mapped=116 active=114 N0=112 N1=4 kernelpagesize_kB=4
7f750d1d3000 bind:0 file=/usr/lib/x86_64-linux-gnu/libmvec-2.31.so mapped=2 N1=2 kernelpagesize_kB=4
7f750d1d5000 bind:0 file=/usr/lib/x86_64-linux-gnu/libmvec-2.31.so mapped=12 N1=12 kernelpagesize_kB=4
Fio Node 0 pages
5560d0acb000 bind:0 file=/usr/local/bin/fio anon=2 dirty=2 mapped=17 active=4 N0=2 N1=15 kernelpagesize_kB=4
7fd77e8fa000 bind:0 anon=2 dirty=2 N0=2 kernelpagesize_kB=4
7fd77e8fc000 bind:0 file=/usr/lib/x86_64-linux-gnu/libc-2.31.so mapped=37 mapmax=25 N0=37 kernelpagesize_kB=4
7fd77e921000 bind:0 file=/usr/lib/x86_64-linux-gnu/libc-2.31.so mapped=48 mapmax=25 N0=48 kernelpagesize_kB=4
7fd77eae4000 bind:0 file=/usr/lib/x86_64-linux-gnu/libc-2.31.so anon=6 dirty=6 N0=6 kernelpagesize_kB=4
7fd77eaee000 bind:0 file=/usr/lib/x86_64-linux-gnu/libaio.so.1.0.1 mapped=1 mapmax=2 N0=1 kernelpagesize_kB=4
7fd77eaf1000 bind:0 file=/usr/lib/x86_64-linux-gnu/libaio.so.1.0.1 anon=2 dirty=2 N0=2 kernelpagesize_kB=4
7fd77eaf3000 bind:0 file=/usr/lib/x86_64-linux-gnu/libdl-2.31.so mapped=1 mapmax=20 N0=1 kernelpagesize_kB=4
7fd77eaf7000 bind:0 file=/usr/lib/x86_64-linux-gnu/libdl-2.31.so anon=2 dirty=2 N0=2 kernelpagesize_kB=4
7fd77eaf9000 bind:0 anon=2 dirty=2 N0=2 kernelpagesize_kB=4
7fd77eb25000 bind:0 file=/usr/lib/x86_64-linux-gnu/libmvec-2.31.so anon=2 dirty=2 N0=2 kernelpagesize_kB=4
7fd77eb27000 bind:0 file=/usr/lib/x86_64-linux-gnu/libm-2.31.so mapped=15 mapmax=12 N0=15 kernelpagesize_kB=4
7fd77ec74000 bind:0 file=/usr/lib/x86_64-linux-gnu/libm-2.31.so anon=2 dirty=2 N0=2 kernelpagesize_kB=4
7fd77ec76000 bind:0 file=/usr/lib/x86_64-linux-gnu/libpthread-2.31.so mapped=7 mapmax=22 N0=7 kernelpagesize_kB=4
7fd77ec93000 bind:0 file=/usr/lib/x86_64-linux-gnu/libpthread-2.31.so anon=2 dirty=2 N0=2 kernelpagesize_kB=4
7fd77ec99000 bind:0 file=/usr/lib/x86_64-linux-gnu/libz.so.1.2.11 mapped=2 mapmax=8 N0=2 kernelpagesize_kB=4
7fd77ecb3000 bind:0 file=/usr/lib/x86_64-linux-gnu/libz.so.1.2.11 anon=2 dirty=2 N0=2 kernelpagesize_kB=4
7fd77ecb5000 bind:0 file=/usr/lib/x86_64-linux-gnu/librt-2.31.so mapped=3 mapmax=17 N0=3 kernelpagesize_kB=4
7fd77ecbe000 bind:0 file=/usr/lib/x86_64-linux-gnu/librt-2.31.so anon=2 dirty=2 N0=2 kernelpagesize_kB=4
7fd77ecc0000 bind:0 file=/usr/lib/x86_64-linux-gnu/libnuma.so.1.0.0 mapped=3 mapmax=2 N0=3 kernelpagesize_kB=4
7fd77eccb000 bind:0 file=/usr/lib/x86_64-linux-gnu/libnuma.so.1.0.0 anon=2 dirty=2 N0=2 kernelpagesize_kB=4
7fd77eccd000 bind:0 anon=2 dirty=2 N0=2 kernelpagesize_kB=4
7fd77eccf000 bind:0 file=/etc/ld.so.cache mapped=10 N0=10 kernelpagesize_kB=4
7fd77ecd9000 bind:0 file=/usr/lib/x86_64-linux-gnu/ld-2.31.so mapped=1 mapmax=25 N0=1 kernelpagesize_kB=4
7fd77ecda000 bind:0 file=/usr/lib/x86_64-linux-gnu/ld-2.31.so mapped=35 mapmax=25 N0=35 kernelpagesize_kB=4
7fd77ecfd000 bind:0 file=/usr/lib/x86_64-linux-gnu/ld-2.31.so mapped=8 mapmax=25 N0=8 kernelpagesize_kB=4
7fd77ed06000 bind:0 file=/usr/lib/x86_64-linux-gnu/ld-2.31.so anon=2 dirty=2 N0=2 kernelpagesize_kB=4
7fd77ed08000 bind:0 anon=1 dirty=1 N0=1 kernelpagesize_kB=4
7ffcabaa5000 bind:0 stack anon=4 dirty=4 N0=4 kernelpagesize_kB=4
Fio Node 1 pages
5560d0a07000 bind:0 file=/usr/local/bin/fio mapped=24 N1=24 kernelpagesize_kB=4
5560d0acd000 bind:0 file=/usr/local/bin/fio anon=108 dirty=108 mapped=112 active=110 N0=108 N1=4 kernelpagesize_kB=4
7fd77eafb000 bind:0 file=/usr/lib/x86_64-linux-gnu/libmvec-2.31.so mapped=2 N1=2 kernelpagesize_kB=4
7fd77eafd000 bind:0 file=/usr/lib/x86_64-linux-gnu/libmvec-2.31.so mapped=12 N1=12 kernelpagesize_kB=4

Node 1 MemTotal:       24661580 kB
Node 1 MemFree:        22740236 kB
Node 1 MemUsed:         1921344 kB
Node 1 Active:            62204 kB
Node 1 Inactive:         119720 kB
Node 1 Active(anon):      21364 kB
Node 1 Inactive(anon):      504 kB
Node 1 Active(file):      40840 kB
Node 1 Inactive(file):   119216 kB
Node 1 Unevictable:       12832 kB
Node 1 Mlocked:           12832 kB
Node 1 Dirty:               292 kB
Node 1 Writeback:             0 kB
Node 1 FilePages:        162996 kB
Node 1 Mapped:            25904 kB
Node 1 AnonPages:         31684 kB
Node 1 Shmem:               668 kB
Node 1 KernelStack:        1592 kB
Node 1 PageTables:          856 kB
Node 1 NFS_Unstable:          0 kB
Node 1 Bounce:                0 kB
Node 1 WritebackTmp:          0 kB
Node 1 KReclaimable:      27412 kB
Node 1 Slab:              77824 kB
Node 1 SReclaimable:      27412 kB
Node 1 SUnreclaim:        50412 kB
Node 1 AnonHugePages:         0 kB
Node 1 ShmemHugePages:        0 kB
Node 1 ShmemPmdMapped:        0 kB
Node 1 FileHugePages:        0 kB
Node 1 FilePmdMapped:        0 kB
Node 1 HugePages_Total:     0
Node 1 HugePages_Free:      0
Node 1 HugePages_Surp:      0

After Opposite Node
Node 0 MemTotal:       24768352 kB
Node 0 MemFree:        24049572 kB
Node 0 MemUsed:          718780 kB
Node 0 Active:            37700 kB
Node 0 Inactive:          86640 kB
Node 0 Active(anon):      12204 kB
Node 0 Inactive(anon):      504 kB
Node 0 Active(file):      25496 kB
Node 0 Inactive(file):    86136 kB
Node 0 Unevictable:        5924 kB
Node 0 Mlocked:            5924 kB
Node 0 Dirty:               264 kB
Node 0 Writeback:             0 kB
Node 0 FilePages:        118248 kB
Node 0 Mapped:            31040 kB
Node 0 AnonPages:         11888 kB
Node 0 Shmem:               688 kB
Node 0 KernelStack:        3128 kB
Node 0 PageTables:          484 kB
Node 0 NFS_Unstable:          0 kB
Node 0 Bounce:                0 kB
Node 0 WritebackTmp:          0 kB
Node 0 KReclaimable:      17952 kB
Node 0 Slab:              55384 kB
Node 0 SReclaimable:      17952 kB
Node 0 SUnreclaim:        37432 kB
Node 0 AnonHugePages:         0 kB
Node 0 ShmemHugePages:        0 kB
Node 0 ShmemPmdMapped:        0 kB
Node 0 FileHugePages:        0 kB
Node 0 FilePmdMapped:        0 kB
Node 0 HugePages_Total:     0
Node 0 HugePages_Free:      0
Node 0 HugePages_Surp:      0

Node 1 MemTotal:       24661580 kB
Node 1 MemFree:        22738424 kB
Node 1 MemUsed:         1923156 kB
Node 1 Active:            62232 kB
Node 1 Inactive:         119532 kB
Node 1 Active(anon):      21212 kB
Node 1 Inactive(anon):      480 kB
Node 1 Active(file):      41020 kB
Node 1 Inactive(file):   119052 kB
Node 1 Unevictable:       12832 kB
Node 1 Mlocked:           12832 kB
Node 1 Dirty:               324 kB
Node 1 Writeback:             0 kB
Node 1 FilePages:        162968 kB
Node 1 Mapped:            25844 kB
Node 1 AnonPages:         31628 kB
Node 1 Shmem:               624 kB
Node 1 KernelStack:        1544 kB
Node 1 PageTables:          740 kB
Node 1 NFS_Unstable:          0 kB
Node 1 Bounce:                0 kB
Node 1 WritebackTmp:          0 kB
Node 1 KReclaimable:      27412 kB
Node 1 Slab:              77836 kB
Node 1 SReclaimable:      27412 kB
Node 1 SUnreclaim:        50424 kB
Node 1 AnonHugePages:         0 kB
Node 1 ShmemHugePages:        0 kB
Node 1 ShmemPmdMapped:        0 kB
Node 1 FileHugePages:        0 kB
Node 1 FilePmdMapped:        0 kB
Node 1 HugePages_Total:     0
Node 1 HugePages_Free:      0
Node 1 HugePages_Surp:      0

B.1.fio.2-1G.1.O Complete!
