Fio Node 0 pages
55f0e702a000 bind:1 file=/usr/bin/dash mapped=19 mapmax=3 N0=19 kernelpagesize_kB=4
55f0e703d000 bind:1 file=/usr/bin/dash mapped=6 mapmax=3 N0=6 kernelpagesize_kB=4
7fb5e04d2000 bind:1 file=/usr/lib/x86_64-linux-gnu/libc-2.31.so mapped=112 mapmax=26 N0=112 kernelpagesize_kB=4
7fb5e064a000 bind:1 file=/usr/lib/x86_64-linux-gnu/libc-2.31.so mapped=22 mapmax=25 N0=22 kernelpagesize_kB=4
Fio Node 1 pages
55f0e7043000 bind:1 file=/usr/bin/dash anon=2 dirty=2 mapmax=2 N1=2 kernelpagesize_kB=4
55f0e7045000 bind:1 file=/usr/bin/dash anon=1 dirty=1 N1=1 kernelpagesize_kB=4
55f0e7046000 bind:1 anon=1 dirty=1 N1=1 kernelpagesize_kB=4
55f0e79f7000 bind:1 heap anon=2 dirty=2 mapmax=2 N1=2 kernelpagesize_kB=4
7fb5e0695000 bind:1 file=/usr/lib/x86_64-linux-gnu/libc-2.31.so anon=3 dirty=3 mapmax=2 N1=3 kernelpagesize_kB=4
7fb5e0698000 bind:1 file=/usr/lib/x86_64-linux-gnu/libc-2.31.so anon=3 dirty=3 mapmax=2 N1=3 kernelpagesize_kB=4
7fb5e069b000 bind:1 anon=6 dirty=6 mapmax=2 N1=6 kernelpagesize_kB=4
7fb5e06d8000 bind:1 file=/usr/lib/x86_64-linux-gnu/ld-2.31.so anon=1 dirty=1 mapmax=2 N1=1 kernelpagesize_kB=4
7fb5e06d9000 bind:1 file=/usr/lib/x86_64-linux-gnu/ld-2.31.so anon=1 dirty=1 N1=1 kernelpagesize_kB=4
7fb5e06da000 bind:1 anon=1 dirty=1 mapmax=2 N1=1 kernelpagesize_kB=4
7ffda3a7a000 bind:1 stack anon=3 dirty=3 mapmax=2 N1=3 kernelpagesize_kB=4
Fio Node 0 pages
7ff2ff462000 bind:1 file=/usr/lib/x86_64-linux-gnu/libc-2.31.so mapped=37 mapmax=25 N0=37 kernelpagesize_kB=4
7ff2ff487000 bind:1 file=/usr/lib/x86_64-linux-gnu/libc-2.31.so mapped=16 mapmax=25 N0=16 kernelpagesize_kB=4
7ff2ff654000 bind:1 file=/usr/lib/x86_64-linux-gnu/libaio.so.1.0.1 mapped=1 mapmax=2 N0=1 kernelpagesize_kB=4
7ff2ff659000 bind:1 file=/usr/lib/x86_64-linux-gnu/libdl-2.31.so mapped=1 mapmax=20 N0=1 kernelpagesize_kB=4
7ff2ff68d000 bind:1 file=/usr/lib/x86_64-linux-gnu/libm-2.31.so mapped=15 mapmax=12 N0=15 kernelpagesize_kB=4
7ff2ff7dc000 bind:1 file=/usr/lib/x86_64-linux-gnu/libpthread-2.31.so mapped=7 mapmax=22 N0=7 kernelpagesize_kB=4
7ff2ff7ff000 bind:1 file=/usr/lib/x86_64-linux-gnu/libz.so.1.2.11 mapped=2 mapmax=8 N0=2 kernelpagesize_kB=4
7ff2ff81b000 bind:1 file=/usr/lib/x86_64-linux-gnu/librt-2.31.so mapped=3 mapmax=17 N0=3 kernelpagesize_kB=4
7ff2ff826000 bind:1 file=/usr/lib/x86_64-linux-gnu/libnuma.so.1.0.0 mapped=3 mapmax=2 N0=3 kernelpagesize_kB=4
7ff2ff835000 bind:1 file=/etc/ld.so.cache mapped=10 N0=10 kernelpagesize_kB=4
7ff2ff83f000 bind:1 file=/usr/lib/x86_64-linux-gnu/ld-2.31.so mapped=1 mapmax=25 N0=1 kernelpagesize_kB=4
7ff2ff840000 bind:1 file=/usr/lib/x86_64-linux-gnu/ld-2.31.so mapped=35 mapmax=25 N0=35 kernelpagesize_kB=4
7ff2ff863000 bind:1 file=/usr/lib/x86_64-linux-gnu/ld-2.31.so mapped=8 mapmax=25 N0=8 kernelpagesize_kB=4
Fio Node 1 pages
55a409a2c000 bind:1 file=/usr/local/bin/fio mapped=24 active=1 N1=24 kernelpagesize_kB=4
55a409a44000 bind:1 file=/usr/local/bin/fio mapped=52 active=47 N1=52 kernelpagesize_kB=4
55a409ac9000 bind:1 file=/usr/local/bin/fio mapped=23 N1=23 kernelpagesize_kB=4
55a409af0000 bind:1 file=/usr/local/bin/fio anon=2 dirty=2 N1=2 kernelpagesize_kB=4
55a409af2000 bind:1 file=/usr/local/bin/fio anon=110 dirty=110 mapped=114 active=110 N1=114 kernelpagesize_kB=4
55a409bce000 bind:1 anon=2 dirty=2 N1=2 kernelpagesize_kB=4
55a40b0f8000 bind:1 heap anon=4 dirty=4 N1=4 kernelpagesize_kB=4
7ff2ff460000 bind:1 anon=2 dirty=2 N1=2 kernelpagesize_kB=4
7ff2ff64a000 bind:1 file=/usr/lib/x86_64-linux-gnu/libc-2.31.so anon=3 dirty=3 N1=3 kernelpagesize_kB=4
7ff2ff64d000 bind:1 file=/usr/lib/x86_64-linux-gnu/libc-2.31.so anon=3 dirty=3 N1=3 kernelpagesize_kB=4
7ff2ff650000 bind:1 anon=4 dirty=4 N1=4 kernelpagesize_kB=4
7ff2ff657000 bind:1 file=/usr/lib/x86_64-linux-gnu/libaio.so.1.0.1 anon=1 dirty=1 N1=1 kernelpagesize_kB=4
7ff2ff658000 bind:1 file=/usr/lib/x86_64-linux-gnu/libaio.so.1.0.1 anon=1 dirty=1 N1=1 kernelpagesize_kB=4
7ff2ff65d000 bind:1 file=/usr/lib/x86_64-linux-gnu/libdl-2.31.so anon=1 dirty=1 N1=1 kernelpagesize_kB=4
7ff2ff65e000 bind:1 file=/usr/lib/x86_64-linux-gnu/libdl-2.31.so anon=1 dirty=1 N1=1 kernelpagesize_kB=4
7ff2ff65f000 bind:1 anon=2 dirty=2 N1=2 kernelpagesize_kB=4
7ff2ff661000 bind:1 file=/usr/lib/x86_64-linux-gnu/libmvec-2.31.so mapped=2 active=1 N1=2 kernelpagesize_kB=4
7ff2ff663000 bind:1 file=/usr/lib/x86_64-linux-gnu/libmvec-2.31.so mapped=12 active=0 N1=12 kernelpagesize_kB=4
7ff2ff68b000 bind:1 file=/usr/lib/x86_64-linux-gnu/libmvec-2.31.so anon=1 dirty=1 N1=1 kernelpagesize_kB=4
7ff2ff68c000 bind:1 file=/usr/lib/x86_64-linux-gnu/libmvec-2.31.so anon=1 dirty=1 N1=1 kernelpagesize_kB=4
7ff2ff7da000 bind:1 file=/usr/lib/x86_64-linux-gnu/libm-2.31.so anon=1 dirty=1 N1=1 kernelpagesize_kB=4
7ff2ff7db000 bind:1 file=/usr/lib/x86_64-linux-gnu/libm-2.31.so anon=1 dirty=1 N1=1 kernelpagesize_kB=4
7ff2ff7f9000 bind:1 file=/usr/lib/x86_64-linux-gnu/libpthread-2.31.so anon=1 dirty=1 N1=1 kernelpagesize_kB=4
7ff2ff7fa000 bind:1 file=/usr/lib/x86_64-linux-gnu/libpthread-2.31.so anon=1 dirty=1 N1=1 kernelpagesize_kB=4
7ff2ff7fb000 bind:1 anon=1 dirty=1 N1=1 kernelpagesize_kB=4
7ff2ff819000 bind:1 file=/usr/lib/x86_64-linux-gnu/libz.so.1.2.11 anon=1 dirty=1 N1=1 kernelpagesize_kB=4
7ff2ff81a000 bind:1 file=/usr/lib/x86_64-linux-gnu/libz.so.1.2.11 anon=1 dirty=1 N1=1 kernelpagesize_kB=4
7ff2ff824000 bind:1 file=/usr/lib/x86_64-linux-gnu/librt-2.31.so anon=1 dirty=1 N1=1 kernelpagesize_kB=4
7ff2ff825000 bind:1 file=/usr/lib/x86_64-linux-gnu/librt-2.31.so anon=1 dirty=1 N1=1 kernelpagesize_kB=4
7ff2ff831000 bind:1 file=/usr/lib/x86_64-linux-gnu/libnuma.so.1.0.0 anon=1 dirty=1 N1=1 kernelpagesize_kB=4
7ff2ff832000 bind:1 file=/usr/lib/x86_64-linux-gnu/libnuma.so.1.0.0 anon=1 dirty=1 N1=1 kernelpagesize_kB=4
7ff2ff833000 bind:1 anon=2 dirty=2 N1=2 kernelpagesize_kB=4
7ff2ff86b000 bind:1 file=/dev/zero\040(deleted) dirty=1 active=0 N1=1 kernelpagesize_kB=4
7ff2ff86c000 bind:1 file=/usr/lib/x86_64-linux-gnu/ld-2.31.so anon=1 dirty=1 N1=1 kernelpagesize_kB=4
7ff2ff86d000 bind:1 file=/usr/lib/x86_64-linux-gnu/ld-2.31.so anon=1 dirty=1 N1=1 kernelpagesize_kB=4
7ff2ff86e000 bind:1 anon=1 dirty=1 N1=1 kernelpagesize_kB=4
7fffce3f2000 bind:1 stack anon=3 dirty=3 N1=3 kernelpagesize_kB=4
B.1.fio.2-1G.2.O
Begin
Node 0 MemTotal:       24768352 kB
Node 0 MemFree:        24523176 kB
Node 0 MemUsed:          245176 kB
Node 0 Active:            60016 kB
Node 0 Inactive:          22508 kB
Node 0 Active(anon):      14308 kB
Node 0 Inactive(anon):      412 kB
Node 0 Active(file):      45708 kB
Node 0 Inactive(file):    22096 kB
Node 0 Unevictable:       17872 kB
Node 0 Mlocked:           17872 kB
Node 0 Dirty:               320 kB
Node 0 Writeback:             0 kB
Node 0 FilePages:         75944 kB
Node 0 Mapped:            29756 kB
Node 0 AnonPages:         24556 kB
Node 0 Shmem:               600 kB
Node 0 KernelStack:        2216 kB
Node 0 PageTables:          576 kB
Node 0 NFS_Unstable:          0 kB
Node 0 Bounce:                0 kB
Node 0 WritebackTmp:          0 kB
Node 0 KReclaimable:      23560 kB
Node 0 Slab:              56856 kB
Node 0 SReclaimable:      23560 kB
Node 0 SUnreclaim:        33296 kB
Node 0 AnonHugePages:         0 kB
Node 0 ShmemHugePages:        0 kB
Node 0 ShmemPmdMapped:        0 kB
Node 0 FileHugePages:        0 kB
Node 0 FilePmdMapped:        0 kB
Node 0 HugePages_Total:     0
Node 0 HugePages_Free:      0
Node 0 HugePages_Surp:      0

Node 1 MemTotal:       24661580 kB
Node 1 MemFree:        24287904 kB
Node 1 MemUsed:          373676 kB
Node 1 Active:            34492 kB
Node 1 Inactive:          76484 kB
Node 1 Active(anon):      19472 kB
Node 1 Inactive(anon):      468 kB
Node 1 Active(file):      15020 kB
Node 1 Inactive(file):    76016 kB
Node 1 Unevictable:         652 kB
Node 1 Mlocked:             652 kB
Node 1 Dirty:               192 kB
Node 1 Writeback:             0 kB
Node 1 FilePages:         92368 kB
Node 1 Mapped:            25652 kB
Node 1 AnonPages:         19316 kB
Node 1 Shmem:               668 kB
Node 1 KernelStack:        1464 kB
Node 1 PageTables:          572 kB
Node 1 NFS_Unstable:          0 kB
Node 1 Bounce:                0 kB
Node 1 WritebackTmp:          0 kB
Node 1 KReclaimable:      18360 kB
Node 1 Slab:              49076 kB
Node 1 SReclaimable:      18360 kB
Node 1 SUnreclaim:        30716 kB
Node 1 AnonHugePages:         0 kB
Node 1 ShmemHugePages:        0 kB
Node 1 ShmemPmdMapped:        0 kB
Node 1 FileHugePages:        0 kB
Node 1 FilePmdMapped:        0 kB
Node 1 HugePages_Total:     0
Node 1 HugePages_Free:      0
Node 1 HugePages_Surp:      0

Load ZFS
Node 0 MemTotal:       24768352 kB
Node 0 MemFree:        24468028 kB
Node 0 MemUsed:          300324 kB
Node 0 Active:            76456 kB
Node 0 Inactive:          54360 kB
Node 0 Active(anon):      29324 kB
Node 0 Inactive(anon):      596 kB
Node 0 Active(file):      47132 kB
Node 0 Inactive(file):    53764 kB
Node 0 Unevictable:       18104 kB
Node 0 Mlocked:           18104 kB
Node 0 Dirty:               120 kB
Node 0 Writeback:             0 kB
Node 0 FilePages:        109252 kB
Node 0 Mapped:            32504 kB
Node 0 AnonPages:         39464 kB
Node 0 Shmem:               816 kB
Node 0 KernelStack:        2484 kB
Node 0 PageTables:         1524 kB
Node 0 NFS_Unstable:          0 kB
Node 0 Bounce:                0 kB
Node 0 WritebackTmp:          0 kB
Node 0 KReclaimable:      24288 kB
Node 0 Slab:              60020 kB
Node 0 SReclaimable:      24288 kB
Node 0 SUnreclaim:        35732 kB
Node 0 AnonHugePages:         0 kB
Node 0 ShmemHugePages:        0 kB
Node 0 ShmemPmdMapped:        0 kB
Node 0 FileHugePages:        0 kB
Node 0 FilePmdMapped:        0 kB
Node 0 HugePages_Total:     0
Node 0 HugePages_Free:      0
Node 0 HugePages_Surp:      0

Node 1 MemTotal:       24661580 kB
Node 1 MemFree:        24197164 kB
Node 1 MemUsed:          464416 kB
Node 1 Active:            47004 kB
Node 1 Inactive:         147656 kB
Node 1 Active(anon):      30976 kB
Node 1 Inactive(anon):      208 kB
Node 1 Active(file):      16028 kB
Node 1 Inactive(file):   147448 kB
Node 1 Unevictable:         652 kB
Node 1 Mlocked:             652 kB
Node 1 Dirty:               220 kB
Node 1 Writeback:             0 kB
Node 1 FilePages:        165056 kB
Node 1 Mapped:            27344 kB
Node 1 AnonPages:         30972 kB
Node 1 Shmem:               452 kB
Node 1 KernelStack:        1716 kB
Node 1 PageTables:         1140 kB
Node 1 NFS_Unstable:          0 kB
Node 1 Bounce:                0 kB
Node 1 WritebackTmp:          0 kB
Node 1 KReclaimable:      19144 kB
Node 1 Slab:              53148 kB
Node 1 SReclaimable:      19144 kB
Node 1 SUnreclaim:        34004 kB
Node 1 AnonHugePages:         0 kB
Node 1 ShmemHugePages:        0 kB
Node 1 ShmemPmdMapped:        0 kB
Node 1 FileHugePages:        0 kB
Node 1 FilePmdMapped:        0 kB
Node 1 HugePages_Total:     0
Node 1 HugePages_Free:      0
Node 1 HugePages_Surp:      0

Import tank ZPool
Node 0 MemTotal:       24768352 kB
Node 0 MemFree:        24472028 kB
Node 0 MemUsed:          296324 kB
Node 0 Active:            62300 kB
Node 0 Inactive:          53880 kB
Node 0 Active(anon):      14728 kB
Node 0 Inactive(anon):      552 kB
Node 0 Active(file):      47572 kB
Node 0 Inactive(file):    53328 kB
Node 0 Unevictable:       18104 kB
Node 0 Mlocked:           18104 kB
Node 0 Dirty:               216 kB
Node 0 Writeback:             0 kB
Node 0 FilePages:        109192 kB
Node 0 Mapped:            29800 kB
Node 0 AnonPages:         24976 kB
Node 0 Shmem:               732 kB
Node 0 KernelStack:        3288 kB
Node 0 PageTables:          616 kB
Node 0 NFS_Unstable:          0 kB
Node 0 Bounce:                0 kB
Node 0 WritebackTmp:          0 kB
Node 0 KReclaimable:      24224 kB
Node 0 Slab:              61916 kB
Node 0 SReclaimable:      24224 kB
Node 0 SUnreclaim:        37692 kB
Node 0 AnonHugePages:         0 kB
Node 0 ShmemHugePages:        0 kB
Node 0 ShmemPmdMapped:        0 kB
Node 0 FileHugePages:        0 kB
Node 0 FilePmdMapped:        0 kB
Node 0 HugePages_Total:     0
Node 0 HugePages_Free:      0
Node 0 HugePages_Surp:      0

Node 1 MemTotal:       24661580 kB
Node 1 MemFree:        24199064 kB
Node 1 MemUsed:          462516 kB
Node 1 Active:            35856 kB
Node 1 Inactive:         149124 kB
Node 1 Active(anon):      19332 kB
Node 1 Inactive(anon):      396 kB
Node 1 Active(file):      16524 kB
Node 1 Inactive(file):   148728 kB
Node 1 Unevictable:         652 kB
Node 1 Mlocked:             652 kB
Node 1 Dirty:               380 kB
Node 1 Writeback:             0 kB
Node 1 FilePages:        166440 kB
Node 1 Mapped:            25992 kB
Node 1 AnonPages:         18820 kB
Node 1 Shmem:               536 kB
Node 1 KernelStack:        1512 kB
Node 1 PageTables:          704 kB
Node 1 NFS_Unstable:          0 kB
Node 1 Bounce:                0 kB
Node 1 WritebackTmp:          0 kB
Node 1 KReclaimable:      19456 kB
Node 1 Slab:              58476 kB
Node 1 SReclaimable:      19456 kB
Node 1 SUnreclaim:        39020 kB
Node 1 AnonHugePages:         0 kB
Node 1 ShmemHugePages:        0 kB
Node 1 ShmemPmdMapped:        0 kB
Node 1 FileHugePages:        0 kB
Node 1 FilePmdMapped:        0 kB
Node 1 HugePages_Total:     0
Node 1 HugePages_Free:      0
Node 1 HugePages_Surp:      0

After Test
Node 0 MemTotal:       24768352 kB
Node 0 MemFree:        23764332 kB
Node 0 MemUsed:         1004020 kB
Node 0 Active:            62012 kB
Node 0 Inactive:          53724 kB
Node 0 Active(anon):      14244 kB
Node 0 Inactive(anon):      556 kB
Node 0 Active(file):      47768 kB
Node 0 Inactive(file):    53168 kB
Node 0 Unevictable:       18104 kB
Node 0 Mlocked:           18104 kB
Node 0 Dirty:               128 kB
Node 0 Writeback:             0 kB
Node 0 FilePages:        109212 kB
Node 0 Mapped:            29776 kB
Node 0 AnonPages:         24624 kB
Node 0 Shmem:               736 kB
Node 0 KernelStack:        3320 kB
Node 0 PageTables:          580 kB
Node 0 NFS_Unstable:          0 kB
Node 0 Bounce:                0 kB
Node 0 WritebackTmp:          0 kB
Node 0 KReclaimable:      24264 kB
Node 0 Slab:              64312 kB
Node 0 SReclaimable:      24264 kB
Node 0 SUnreclaim:        40048 kB
Node 0 AnonHugePages:         0 kB
Node 0 ShmemHugePages:        0 kB
Node 0 ShmemPmdMapped:        0 kB
Node 0 FileHugePages:        0 kB
Node 0 FilePmdMapped:        0 kB
Node 0 HugePages_Total:     0
Node 0 HugePages_Free:      0
Node 0 HugePages_Surp:      0
Fio Node 0 pages
55dc20930000 bind:0 file=/usr/local/bin/fio anon=2 dirty=2 mapped=17 active=4 N0=2 N1=15 kernelpagesize_kB=4
7f14a535b000 bind:0 anon=2 dirty=2 N0=2 kernelpagesize_kB=4
7f14a535d000 bind:0 file=/usr/lib/x86_64-linux-gnu/libc-2.31.so mapped=34 mapmax=25 N0=34 kernelpagesize_kB=4
7f14a5382000 bind:0 file=/usr/lib/x86_64-linux-gnu/libc-2.31.so mapped=48 mapmax=25 N0=48 kernelpagesize_kB=4
7f14a5545000 bind:0 file=/usr/lib/x86_64-linux-gnu/libc-2.31.so anon=6 dirty=6 N0=6 kernelpagesize_kB=4
7f14a554f000 bind:0 file=/usr/lib/x86_64-linux-gnu/libaio.so.1.0.1 mapped=1 mapmax=2 N0=1 kernelpagesize_kB=4
7f14a5552000 bind:0 file=/usr/lib/x86_64-linux-gnu/libaio.so.1.0.1 anon=2 dirty=2 N0=2 kernelpagesize_kB=4
7f14a5554000 bind:0 file=/usr/lib/x86_64-linux-gnu/libdl-2.31.so mapped=1 mapmax=20 N0=1 kernelpagesize_kB=4
7f14a5558000 bind:0 file=/usr/lib/x86_64-linux-gnu/libdl-2.31.so anon=2 dirty=2 N0=2 kernelpagesize_kB=4
7f14a555a000 bind:0 anon=2 dirty=2 N0=2 kernelpagesize_kB=4
7f14a5586000 bind:0 file=/usr/lib/x86_64-linux-gnu/libmvec-2.31.so anon=2 dirty=2 N0=2 kernelpagesize_kB=4
7f14a5588000 bind:0 file=/usr/lib/x86_64-linux-gnu/libm-2.31.so mapped=15 mapmax=12 N0=15 kernelpagesize_kB=4
7f14a56d5000 bind:0 file=/usr/lib/x86_64-linux-gnu/libm-2.31.so anon=2 dirty=2 N0=2 kernelpagesize_kB=4
7f14a56d7000 bind:0 file=/usr/lib/x86_64-linux-gnu/libpthread-2.31.so mapped=7 mapmax=22 N0=7 kernelpagesize_kB=4
7f14a56f4000 bind:0 file=/usr/lib/x86_64-linux-gnu/libpthread-2.31.so anon=2 dirty=2 N0=2 kernelpagesize_kB=4
7f14a56fa000 bind:0 file=/usr/lib/x86_64-linux-gnu/libz.so.1.2.11 mapped=2 mapmax=8 N0=2 kernelpagesize_kB=4
7f14a5714000 bind:0 file=/usr/lib/x86_64-linux-gnu/libz.so.1.2.11 anon=2 dirty=2 N0=2 kernelpagesize_kB=4
7f14a5716000 bind:0 file=/usr/lib/x86_64-linux-gnu/librt-2.31.so mapped=3 mapmax=17 N0=3 kernelpagesize_kB=4
7f14a571f000 bind:0 file=/usr/lib/x86_64-linux-gnu/librt-2.31.so anon=2 dirty=2 N0=2 kernelpagesize_kB=4
7f14a5721000 bind:0 file=/usr/lib/x86_64-linux-gnu/libnuma.so.1.0.0 mapped=3 mapmax=2 N0=3 kernelpagesize_kB=4
7f14a572c000 bind:0 file=/usr/lib/x86_64-linux-gnu/libnuma.so.1.0.0 anon=2 dirty=2 N0=2 kernelpagesize_kB=4
7f14a572e000 bind:0 anon=2 dirty=2 N0=2 kernelpagesize_kB=4
7f14a5730000 bind:0 file=/etc/ld.so.cache mapped=10 N0=10 kernelpagesize_kB=4
7f14a573a000 bind:0 file=/usr/lib/x86_64-linux-gnu/ld-2.31.so mapped=1 mapmax=25 N0=1 kernelpagesize_kB=4
7f14a573b000 bind:0 file=/usr/lib/x86_64-linux-gnu/ld-2.31.so mapped=35 mapmax=25 N0=35 kernelpagesize_kB=4
7f14a575e000 bind:0 file=/usr/lib/x86_64-linux-gnu/ld-2.31.so mapped=8 mapmax=25 N0=8 kernelpagesize_kB=4
7f14a5767000 bind:0 file=/usr/lib/x86_64-linux-gnu/ld-2.31.so anon=2 dirty=2 N0=2 kernelpagesize_kB=4
7f14a5769000 bind:0 anon=1 dirty=1 N0=1 kernelpagesize_kB=4
7ffc390fb000 bind:0 stack anon=3 dirty=3 N0=3 kernelpagesize_kB=4
Fio Node 1 pages
55dc2086c000 bind:0 file=/usr/local/bin/fio mapped=24 N1=24 kernelpagesize_kB=4
55dc20884000 bind:0 file=/usr/local/bin/fio mapped=84 N1=84 kernelpagesize_kB=4
55dc20909000 bind:0 file=/usr/local/bin/fio mapped=23 N1=23 kernelpagesize_kB=4
55dc20932000 bind:0 file=/usr/local/bin/fio anon=112 dirty=112 mapped=116 active=114 N0=112 N1=4 kernelpagesize_kB=4
7f14a555c000 bind:0 file=/usr/lib/x86_64-linux-gnu/libmvec-2.31.so mapped=2 N1=2 kernelpagesize_kB=4
7f14a555e000 bind:0 file=/usr/lib/x86_64-linux-gnu/libmvec-2.31.so mapped=12 active=5 N1=12 kernelpagesize_kB=4
Fio Node 0 pages
5633b966b000 bind:0 file=/usr/local/bin/fio anon=2 dirty=2 mapped=17 active=4 N0=2 N1=15 kernelpagesize_kB=4
7fd82eef9000 bind:0 anon=2 dirty=2 N0=2 kernelpagesize_kB=4
7fd82eefb000 bind:0 file=/usr/lib/x86_64-linux-gnu/libc-2.31.so mapped=37 mapmax=25 N0=37 kernelpagesize_kB=4
7fd82ef20000 bind:0 file=/usr/lib/x86_64-linux-gnu/libc-2.31.so mapped=32 mapmax=25 N0=32 kernelpagesize_kB=4
7fd82f0e3000 bind:0 file=/usr/lib/x86_64-linux-gnu/libc-2.31.so anon=6 dirty=6 N0=6 kernelpagesize_kB=4
7fd82f0ed000 bind:0 file=/usr/lib/x86_64-linux-gnu/libaio.so.1.0.1 mapped=1 mapmax=2 N0=1 kernelpagesize_kB=4
7fd82f0f0000 bind:0 file=/usr/lib/x86_64-linux-gnu/libaio.so.1.0.1 anon=2 dirty=2 N0=2 kernelpagesize_kB=4
7fd82f0f2000 bind:0 file=/usr/lib/x86_64-linux-gnu/libdl-2.31.so mapped=1 mapmax=20 N0=1 kernelpagesize_kB=4
7fd82f0f6000 bind:0 file=/usr/lib/x86_64-linux-gnu/libdl-2.31.so anon=2 dirty=2 N0=2 kernelpagesize_kB=4
7fd82f0f8000 bind:0 anon=2 dirty=2 N0=2 kernelpagesize_kB=4
7fd82f124000 bind:0 file=/usr/lib/x86_64-linux-gnu/libmvec-2.31.so anon=2 dirty=2 N0=2 kernelpagesize_kB=4
7fd82f126000 bind:0 file=/usr/lib/x86_64-linux-gnu/libm-2.31.so mapped=15 mapmax=12 N0=15 kernelpagesize_kB=4
7fd82f273000 bind:0 file=/usr/lib/x86_64-linux-gnu/libm-2.31.so anon=2 dirty=2 N0=2 kernelpagesize_kB=4
7fd82f275000 bind:0 file=/usr/lib/x86_64-linux-gnu/libpthread-2.31.so mapped=7 mapmax=22 N0=7 kernelpagesize_kB=4
7fd82f292000 bind:0 file=/usr/lib/x86_64-linux-gnu/libpthread-2.31.so anon=2 dirty=2 N0=2 kernelpagesize_kB=4
7fd82f298000 bind:0 file=/usr/lib/x86_64-linux-gnu/libz.so.1.2.11 mapped=2 mapmax=8 N0=2 kernelpagesize_kB=4
7fd82f2b2000 bind:0 file=/usr/lib/x86_64-linux-gnu/libz.so.1.2.11 anon=2 dirty=2 N0=2 kernelpagesize_kB=4
7fd82f2b4000 bind:0 file=/usr/lib/x86_64-linux-gnu/librt-2.31.so mapped=3 mapmax=17 N0=3 kernelpagesize_kB=4
7fd82f2bd000 bind:0 file=/usr/lib/x86_64-linux-gnu/librt-2.31.so anon=2 dirty=2 N0=2 kernelpagesize_kB=4
7fd82f2bf000 bind:0 file=/usr/lib/x86_64-linux-gnu/libnuma.so.1.0.0 mapped=3 mapmax=2 N0=3 kernelpagesize_kB=4
7fd82f2ca000 bind:0 file=/usr/lib/x86_64-linux-gnu/libnuma.so.1.0.0 anon=2 dirty=2 N0=2 kernelpagesize_kB=4
7fd82f2cc000 bind:0 anon=2 dirty=2 N0=2 kernelpagesize_kB=4
7fd82f2ce000 bind:0 file=/etc/ld.so.cache mapped=10 N0=10 kernelpagesize_kB=4
7fd82f2d8000 bind:0 file=/usr/lib/x86_64-linux-gnu/ld-2.31.so mapped=1 mapmax=25 N0=1 kernelpagesize_kB=4
7fd82f2d9000 bind:0 file=/usr/lib/x86_64-linux-gnu/ld-2.31.so mapped=35 mapmax=25 N0=35 kernelpagesize_kB=4
7fd82f2fc000 bind:0 file=/usr/lib/x86_64-linux-gnu/ld-2.31.so mapped=8 mapmax=25 N0=8 kernelpagesize_kB=4
7fd82f305000 bind:0 file=/usr/lib/x86_64-linux-gnu/ld-2.31.so anon=2 dirty=2 N0=2 kernelpagesize_kB=4
7fd82f307000 bind:0 anon=1 dirty=1 N0=1 kernelpagesize_kB=4
7ffd1181c000 bind:0 stack anon=2 dirty=2 N0=2 kernelpagesize_kB=4
Fio Node 1 pages
5633b95a7000 bind:0 file=/usr/local/bin/fio mapped=24 N1=24 kernelpagesize_kB=4
5633b95bf000 bind:0 file=/usr/local/bin/fio mapped=19 N1=19 kernelpagesize_kB=4
5633b966d000 bind:0 file=/usr/local/bin/fio anon=108 dirty=108 mapped=112 active=110 N0=108 N1=4 kernelpagesize_kB=4
7fd82f0fa000 bind:0 file=/usr/lib/x86_64-linux-gnu/libmvec-2.31.so mapped=2 N1=2 kernelpagesize_kB=4
7fd82f0fc000 bind:0 file=/usr/lib/x86_64-linux-gnu/libmvec-2.31.so mapped=12 N1=12 kernelpagesize_kB=4

Node 1 MemTotal:       24661580 kB
Node 1 MemFree:        23030480 kB
Node 1 MemUsed:         1631100 kB
Node 1 Active:            36800 kB
Node 1 Inactive:         150052 kB
Node 1 Active(anon):      19080 kB
Node 1 Inactive(anon):      408 kB
Node 1 Active(file):      17720 kB
Node 1 Inactive(file):   149644 kB
Node 1 Unevictable:         652 kB
Node 1 Mlocked:             652 kB
Node 1 Dirty:               384 kB
Node 1 Writeback:             0 kB
Node 1 FilePages:        168592 kB
Node 1 Mapped:            25972 kB
Node 1 AnonPages:         18828 kB
Node 1 Shmem:               576 kB
Node 1 KernelStack:        1464 kB
Node 1 PageTables:          588 kB
Node 1 NFS_Unstable:          0 kB
Node 1 Bounce:                0 kB
Node 1 WritebackTmp:          0 kB
Node 1 KReclaimable:      20776 kB
Node 1 Slab:              67428 kB
Node 1 SReclaimable:      20776 kB
Node 1 SUnreclaim:        46652 kB
Node 1 AnonHugePages:         0 kB
Node 1 ShmemHugePages:        0 kB
Node 1 ShmemPmdMapped:        0 kB
Node 1 FileHugePages:        0 kB
Node 1 FilePmdMapped:        0 kB
Node 1 HugePages_Total:     0
Node 1 HugePages_Free:      0
Node 1 HugePages_Surp:      0

After Opposite Node
Node 0 MemTotal:       24768352 kB
Node 0 MemFree:        23762880 kB
Node 0 MemUsed:         1005472 kB
Node 0 Active:            62292 kB
Node 0 Inactive:          53788 kB
Node 0 Active(anon):      14520 kB
Node 0 Inactive(anon):      600 kB
Node 0 Active(file):      47772 kB
Node 0 Inactive(file):    53188 kB
Node 0 Unevictable:       18104 kB
Node 0 Mlocked:           18104 kB
Node 0 Dirty:               148 kB
Node 0 Writeback:             0 kB
Node 0 FilePages:        109280 kB
Node 0 Mapped:            29820 kB
Node 0 AnonPages:         24768 kB
Node 0 Shmem:               780 kB
Node 0 KernelStack:        3320 kB
Node 0 PageTables:          752 kB
Node 0 NFS_Unstable:          0 kB
Node 0 Bounce:                0 kB
Node 0 WritebackTmp:          0 kB
Node 0 KReclaimable:      24328 kB
Node 0 Slab:              64556 kB
Node 0 SReclaimable:      24328 kB
Node 0 SUnreclaim:        40228 kB
Node 0 AnonHugePages:         0 kB
Node 0 ShmemHugePages:        0 kB
Node 0 ShmemPmdMapped:        0 kB
Node 0 FileHugePages:        0 kB
Node 0 FilePmdMapped:        0 kB
Node 0 HugePages_Total:     0
Node 0 HugePages_Free:      0
Node 0 HugePages_Surp:      0

Node 1 MemTotal:       24661580 kB
Node 1 MemFree:        23031684 kB
Node 1 MemUsed:         1629896 kB
Node 1 Active:            36816 kB
Node 1 Inactive:         149868 kB
Node 1 Active(anon):      18920 kB
Node 1 Inactive(anon):      384 kB
Node 1 Active(file):      17896 kB
Node 1 Inactive(file):   149484 kB
Node 1 Unevictable:         652 kB
Node 1 Mlocked:             652 kB
Node 1 Dirty:               412 kB
Node 1 Writeback:             0 kB
Node 1 FilePages:        168564 kB
Node 1 Mapped:            25948 kB
Node 1 AnonPages:         18772 kB
Node 1 Shmem:               532 kB
Node 1 KernelStack:        1448 kB
Node 1 PageTables:          472 kB
Node 1 NFS_Unstable:          0 kB
Node 1 Bounce:                0 kB
Node 1 WritebackTmp:          0 kB
Node 1 KReclaimable:      20824 kB
Node 1 Slab:              67464 kB
Node 1 SReclaimable:      20824 kB
Node 1 SUnreclaim:        46640 kB
Node 1 AnonHugePages:         0 kB
Node 1 ShmemHugePages:        0 kB
Node 1 ShmemPmdMapped:        0 kB
Node 1 FileHugePages:        0 kB
Node 1 FilePmdMapped:        0 kB
Node 1 HugePages_Total:     0
Node 1 HugePages_Free:      0
Node 1 HugePages_Surp:      0

B.1.fio.2-1G.2.O Complete!
