Fio Node 0 pages
5619d9a1b000 bind:1 file=/usr/bin/dash mapped=19 mapmax=3 N0=9 N1=10 kernelpagesize_kB=4
5619d9a2e000 bind:1 file=/usr/bin/dash mapped=6 mapmax=3 N0=6 kernelpagesize_kB=4
Fio Node 1 pages
5619d9a1b000 bind:1 file=/usr/bin/dash mapped=19 mapmax=3 N0=9 N1=10 kernelpagesize_kB=4
5619d9a34000 bind:1 file=/usr/bin/dash anon=2 dirty=2 mapmax=2 N1=2 kernelpagesize_kB=4
5619d9a36000 bind:1 file=/usr/bin/dash anon=1 dirty=1 N1=1 kernelpagesize_kB=4
5619d9a37000 bind:1 anon=1 dirty=1 N1=1 kernelpagesize_kB=4
5619da82b000 bind:1 heap anon=2 dirty=2 mapmax=2 N1=2 kernelpagesize_kB=4
7f67848d1000 bind:1 file=/usr/lib/x86_64-linux-gnu/libc-2.31.so mapped=112 mapmax=26 N1=112 kernelpagesize_kB=4
7f6784a49000 bind:1 file=/usr/lib/x86_64-linux-gnu/libc-2.31.so mapped=23 mapmax=25 N1=23 kernelpagesize_kB=4
7f6784a94000 bind:1 file=/usr/lib/x86_64-linux-gnu/libc-2.31.so anon=3 dirty=3 mapmax=2 N1=3 kernelpagesize_kB=4
7f6784a97000 bind:1 file=/usr/lib/x86_64-linux-gnu/libc-2.31.so anon=3 dirty=3 mapmax=2 N1=3 kernelpagesize_kB=4
7f6784a9a000 bind:1 anon=6 dirty=6 mapmax=2 N1=6 kernelpagesize_kB=4
7f6784ad7000 bind:1 file=/usr/lib/x86_64-linux-gnu/ld-2.31.so anon=1 dirty=1 mapmax=2 N1=1 kernelpagesize_kB=4
7f6784ad8000 bind:1 file=/usr/lib/x86_64-linux-gnu/ld-2.31.so anon=1 dirty=1 N1=1 kernelpagesize_kB=4
7f6784ad9000 bind:1 anon=1 dirty=1 mapmax=2 N1=1 kernelpagesize_kB=4
7ffd9d65b000 bind:1 stack anon=3 dirty=3 mapmax=2 N1=3 kernelpagesize_kB=4
Fio Node 0 pages
7fba36ee6000 bind:1 file=/usr/lib/x86_64-linux-gnu/libz.so.1.2.11 mapped=2 mapmax=8 N0=2 kernelpagesize_kB=4
7fba36f0d000 bind:1 file=/usr/lib/x86_64-linux-gnu/libnuma.so.1.0.0 mapped=3 mapmax=2 N0=3 kernelpagesize_kB=4
Fio Node 1 pages
55e5ce0ff000 bind:1 file=/usr/local/bin/fio mapped=24 active=1 N1=24 kernelpagesize_kB=4
55e5ce1c3000 bind:1 file=/usr/local/bin/fio anon=2 dirty=2 N1=2 kernelpagesize_kB=4
55e5ce1c5000 bind:1 file=/usr/local/bin/fio anon=108 dirty=108 mapped=112 active=108 N1=112 kernelpagesize_kB=4
55e5cf8c2000 bind:1 heap anon=4 dirty=4 N1=4 kernelpagesize_kB=4
7fba36b47000 bind:1 anon=2 dirty=2 N1=2 kernelpagesize_kB=4
7fba36b49000 bind:1 file=/usr/lib/x86_64-linux-gnu/libc-2.31.so mapped=37 mapmax=25 N1=37 kernelpagesize_kB=4
7fba36b6e000 bind:1 file=/usr/lib/x86_64-linux-gnu/libc-2.31.so mapped=272 mapmax=25 N1=272 kernelpagesize_kB=4
7fba36ce6000 bind:1 file=/usr/lib/x86_64-linux-gnu/libc-2.31.so mapped=42 mapmax=24 N1=42 kernelpagesize_kB=4
7fba36d31000 bind:1 file=/usr/lib/x86_64-linux-gnu/libc-2.31.so anon=3 dirty=3 N1=3 kernelpagesize_kB=4
7fba36d34000 bind:1 file=/usr/lib/x86_64-linux-gnu/libc-2.31.so anon=3 dirty=3 N1=3 kernelpagesize_kB=4
7fba36d37000 bind:1 anon=4 dirty=4 N1=4 kernelpagesize_kB=4
7fba36d3b000 bind:1 file=/usr/lib/x86_64-linux-gnu/libaio.so.1.0.1 mapped=1 mapmax=2 N1=1 kernelpagesize_kB=4
7fba36d3c000 bind:1 file=/usr/lib/x86_64-linux-gnu/libaio.so.1.0.1 mapped=1 mapmax=2 N1=1 kernelpagesize_kB=4
7fba36d3e000 bind:1 file=/usr/lib/x86_64-linux-gnu/libaio.so.1.0.1 anon=1 dirty=1 N1=1 kernelpagesize_kB=4
7fba36d3f000 bind:1 file=/usr/lib/x86_64-linux-gnu/libaio.so.1.0.1 anon=1 dirty=1 N1=1 kernelpagesize_kB=4
7fba36d40000 bind:1 file=/usr/lib/x86_64-linux-gnu/libdl-2.31.so mapped=1 mapmax=20 N1=1 kernelpagesize_kB=4
7fba36d41000 bind:1 file=/usr/lib/x86_64-linux-gnu/libdl-2.31.so mapped=2 mapmax=19 N1=2 kernelpagesize_kB=4
7fba36d44000 bind:1 file=/usr/lib/x86_64-linux-gnu/libdl-2.31.so anon=1 dirty=1 N1=1 kernelpagesize_kB=4
7fba36d45000 bind:1 file=/usr/lib/x86_64-linux-gnu/libdl-2.31.so anon=1 dirty=1 N1=1 kernelpagesize_kB=4
7fba36d46000 bind:1 anon=2 dirty=2 N1=2 kernelpagesize_kB=4
7fba36d48000 bind:1 file=/usr/lib/x86_64-linux-gnu/libmvec-2.31.so mapped=2 active=1 N1=2 kernelpagesize_kB=4
7fba36d4a000 bind:1 file=/usr/lib/x86_64-linux-gnu/libmvec-2.31.so mapped=12 active=0 N1=12 kernelpagesize_kB=4
7fba36d72000 bind:1 file=/usr/lib/x86_64-linux-gnu/libmvec-2.31.so anon=1 dirty=1 N1=1 kernelpagesize_kB=4
7fba36d73000 bind:1 file=/usr/lib/x86_64-linux-gnu/libmvec-2.31.so anon=1 dirty=1 N1=1 kernelpagesize_kB=4
7fba36d74000 bind:1 file=/usr/lib/x86_64-linux-gnu/libm-2.31.so mapped=15 mapmax=12 N1=15 kernelpagesize_kB=4
7fba36d83000 bind:1 file=/usr/lib/x86_64-linux-gnu/libm-2.31.so mapped=77 mapmax=12 N1=77 kernelpagesize_kB=4
7fba36ec1000 bind:1 file=/usr/lib/x86_64-linux-gnu/libm-2.31.so anon=1 dirty=1 N1=1 kernelpagesize_kB=4
7fba36ec2000 bind:1 file=/usr/lib/x86_64-linux-gnu/libm-2.31.so anon=1 dirty=1 N1=1 kernelpagesize_kB=4
7fba36ec3000 bind:1 file=/usr/lib/x86_64-linux-gnu/libpthread-2.31.so mapped=7 mapmax=22 N1=7 kernelpagesize_kB=4
7fba36eca000 bind:1 file=/usr/lib/x86_64-linux-gnu/libpthread-2.31.so mapped=17 mapmax=22 N1=17 kernelpagesize_kB=4
7fba36ee0000 bind:1 file=/usr/lib/x86_64-linux-gnu/libpthread-2.31.so anon=1 dirty=1 N1=1 kernelpagesize_kB=4
7fba36ee1000 bind:1 file=/usr/lib/x86_64-linux-gnu/libpthread-2.31.so anon=1 dirty=1 N1=1 kernelpagesize_kB=4
7fba36ee2000 bind:1 anon=1 dirty=1 N1=1 kernelpagesize_kB=4
7fba36f00000 bind:1 file=/usr/lib/x86_64-linux-gnu/libz.so.1.2.11 anon=1 dirty=1 N1=1 kernelpagesize_kB=4
7fba36f01000 bind:1 file=/usr/lib/x86_64-linux-gnu/libz.so.1.2.11 anon=1 dirty=1 N1=1 kernelpagesize_kB=4
7fba36f02000 bind:1 file=/usr/lib/x86_64-linux-gnu/librt-2.31.so mapped=3 mapmax=17 N1=3 kernelpagesize_kB=4
7fba36f05000 bind:1 file=/usr/lib/x86_64-linux-gnu/librt-2.31.so mapped=4 mapmax=17 N1=4 kernelpagesize_kB=4
7fba36f0b000 bind:1 file=/usr/lib/x86_64-linux-gnu/librt-2.31.so anon=1 dirty=1 N1=1 kernelpagesize_kB=4
7fba36f0c000 bind:1 file=/usr/lib/x86_64-linux-gnu/librt-2.31.so anon=1 dirty=1 N1=1 kernelpagesize_kB=4
7fba36f18000 bind:1 file=/usr/lib/x86_64-linux-gnu/libnuma.so.1.0.0 anon=1 dirty=1 N1=1 kernelpagesize_kB=4
7fba36f19000 bind:1 file=/usr/lib/x86_64-linux-gnu/libnuma.so.1.0.0 anon=1 dirty=1 N1=1 kernelpagesize_kB=4
7fba36f1a000 bind:1 anon=2 dirty=2 N1=2 kernelpagesize_kB=4
7fba36f26000 bind:1 file=/usr/lib/x86_64-linux-gnu/ld-2.31.so mapped=1 mapmax=25 N1=1 kernelpagesize_kB=4
7fba36f27000 bind:1 file=/usr/lib/x86_64-linux-gnu/ld-2.31.so mapped=35 mapmax=25 N1=35 kernelpagesize_kB=4
7fba36f4a000 bind:1 file=/usr/lib/x86_64-linux-gnu/ld-2.31.so mapped=8 mapmax=25 N1=8 kernelpagesize_kB=4
7fba36f52000 bind:1 file=/dev/zero\040(deleted) dirty=1 active=0 N1=1 kernelpagesize_kB=4
7fba36f53000 bind:1 file=/usr/lib/x86_64-linux-gnu/ld-2.31.so anon=1 dirty=1 N1=1 kernelpagesize_kB=4
7fba36f54000 bind:1 file=/usr/lib/x86_64-linux-gnu/ld-2.31.so anon=1 dirty=1 N1=1 kernelpagesize_kB=4
7fba36f55000 bind:1 anon=1 dirty=1 N1=1 kernelpagesize_kB=4
7ffedef94000 bind:1 stack anon=3 dirty=3 N1=3 kernelpagesize_kB=4
B.1.fio.16G.2.O
Begin
Node 0 MemTotal:       24743736 kB
Node 0 MemFree:        24364056 kB
Node 0 MemUsed:          379680 kB
Node 0 Active:            58952 kB
Node 0 Inactive:          39748 kB
Node 0 Active(anon):      20396 kB
Node 0 Inactive(anon):      428 kB
Node 0 Active(file):      38556 kB
Node 0 Inactive(file):    39320 kB
Node 0 Unevictable:         288 kB
Node 0 Mlocked:             288 kB
Node 0 Dirty:               112 kB
Node 0 Writeback:             0 kB
Node 0 FilePages:         78804 kB
Node 0 Mapped:            27684 kB
Node 0 AnonPages:         20340 kB
Node 0 Shmem:               640 kB
Node 0 KernelStack:        2088 kB
Node 0 PageTables:          604 kB
Node 0 NFS_Unstable:          0 kB
Node 0 Bounce:                0 kB
Node 0 WritebackTmp:          0 kB
Node 0 KReclaimable:      23072 kB
Node 0 Slab:              59704 kB
Node 0 SReclaimable:      23072 kB
Node 0 SUnreclaim:        36632 kB
Node 0 AnonHugePages:         0 kB
Node 0 ShmemHugePages:        0 kB
Node 0 ShmemPmdMapped:        0 kB
Node 0 FileHugePages:        0 kB
Node 0 FilePmdMapped:        0 kB
Node 0 HugePages_Total:     0
Node 0 HugePages_Free:      0
Node 0 HugePages_Surp:      0

Node 1 MemTotal:       24686196 kB
Node 1 MemFree:        24461124 kB
Node 1 MemUsed:          225072 kB
Node 1 Active:            34668 kB
Node 1 Inactive:          47720 kB
Node 1 Active(anon):      13160 kB
Node 1 Inactive(anon):      456 kB
Node 1 Active(file):      21508 kB
Node 1 Inactive(file):    47264 kB
Node 1 Unevictable:       18232 kB
Node 1 Mlocked:           18232 kB
Node 1 Dirty:               388 kB
Node 1 Writeback:             0 kB
Node 1 FilePages:         77472 kB
Node 1 Mapped:            17264 kB
Node 1 AnonPages:         23380 kB
Node 1 Shmem:               628 kB
Node 1 KernelStack:        1528 kB
Node 1 PageTables:          492 kB
Node 1 NFS_Unstable:          0 kB
Node 1 Bounce:                0 kB
Node 1 WritebackTmp:          0 kB
Node 1 KReclaimable:      18332 kB
Node 1 Slab:              45968 kB
Node 1 SReclaimable:      18332 kB
Node 1 SUnreclaim:        27636 kB
Node 1 AnonHugePages:         0 kB
Node 1 ShmemHugePages:        0 kB
Node 1 ShmemPmdMapped:        0 kB
Node 1 FileHugePages:        0 kB
Node 1 FilePmdMapped:        0 kB
Node 1 HugePages_Total:     0
Node 1 HugePages_Free:      0
Node 1 HugePages_Surp:      0

Load ZFS
Node 0 MemTotal:       24743736 kB
Node 0 MemFree:        24259608 kB
Node 0 MemUsed:          484128 kB
Node 0 Active:            71036 kB
Node 0 Inactive:         124300 kB
Node 0 Active(anon):      31184 kB
Node 0 Inactive(anon):      444 kB
Node 0 Active(file):      39852 kB
Node 0 Inactive(file):   123856 kB
Node 0 Unevictable:         288 kB
Node 0 Mlocked:             288 kB
Node 0 Dirty:               368 kB
Node 0 Writeback:             0 kB
Node 0 FilePages:        164612 kB
Node 0 Mapped:            28900 kB
Node 0 AnonPages:         30868 kB
Node 0 Shmem:               616 kB
Node 0 KernelStack:        2168 kB
Node 0 PageTables:          972 kB
Node 0 NFS_Unstable:          0 kB
Node 0 Bounce:                0 kB
Node 0 WritebackTmp:          0 kB
Node 0 KReclaimable:      24372 kB
Node 0 Slab:              63200 kB
Node 0 SReclaimable:      24372 kB
Node 0 SUnreclaim:        38828 kB
Node 0 AnonHugePages:         0 kB
Node 0 ShmemHugePages:        0 kB
Node 0 ShmemPmdMapped:        0 kB
Node 0 FileHugePages:        0 kB
Node 0 FilePmdMapped:        0 kB
Node 0 HugePages_Total:     0
Node 0 HugePages_Free:      0
Node 0 HugePages_Surp:      0

Node 1 MemTotal:       24686196 kB
Node 1 MemFree:        24422436 kB
Node 1 MemUsed:          263760 kB
Node 1 Active:            48128 kB
Node 1 Inactive:          66700 kB
Node 1 Active(anon):      25340 kB
Node 1 Inactive(anon):      504 kB
Node 1 Active(file):      22788 kB
Node 1 Inactive(file):    66196 kB
Node 1 Unevictable:       18448 kB
Node 1 Mlocked:           18448 kB
Node 1 Dirty:               164 kB
Node 1 Writeback:             0 kB
Node 1 FilePages:         97540 kB
Node 1 Mapped:            20200 kB
Node 1 AnonPages:         35908 kB
Node 1 Shmem:               652 kB
Node 1 KernelStack:        1928 kB
Node 1 PageTables:         1788 kB
Node 1 NFS_Unstable:          0 kB
Node 1 Bounce:                0 kB
Node 1 WritebackTmp:          0 kB
Node 1 KReclaimable:      19076 kB
Node 1 Slab:              49724 kB
Node 1 SReclaimable:      19076 kB
Node 1 SUnreclaim:        30648 kB
Node 1 AnonHugePages:         0 kB
Node 1 ShmemHugePages:        0 kB
Node 1 ShmemPmdMapped:        0 kB
Node 1 FileHugePages:        0 kB
Node 1 FilePmdMapped:        0 kB
Node 1 HugePages_Total:     0
Node 1 HugePages_Free:      0
Node 1 HugePages_Surp:      0

Import tank ZPool
Node 0 MemTotal:       24743736 kB
Node 0 MemFree:        24264548 kB
Node 0 MemUsed:          479188 kB
Node 0 Active:            61504 kB
Node 0 Inactive:         124992 kB
Node 0 Active(anon):      20808 kB
Node 0 Inactive(anon):      448 kB
Node 0 Active(file):      40696 kB
Node 0 Inactive(file):   124544 kB
Node 0 Unevictable:         288 kB
Node 0 Mlocked:             288 kB
Node 0 Dirty:               460 kB
Node 0 Writeback:             0 kB
Node 0 FilePages:        166148 kB
Node 0 Mapped:            28060 kB
Node 0 AnonPages:         20700 kB
Node 0 Shmem:               620 kB
Node 0 KernelStack:        2168 kB
Node 0 PageTables:          636 kB
Node 0 NFS_Unstable:          0 kB
Node 0 Bounce:                0 kB
Node 0 WritebackTmp:          0 kB
Node 0 KReclaimable:      24476 kB
Node 0 Slab:              67980 kB
Node 0 SReclaimable:      24476 kB
Node 0 SUnreclaim:        43504 kB
Node 0 AnonHugePages:         0 kB
Node 0 ShmemHugePages:        0 kB
Node 0 ShmemPmdMapped:        0 kB
Node 0 FileHugePages:        0 kB
Node 0 FilePmdMapped:        0 kB
Node 0 HugePages_Total:     0
Node 0 HugePages_Free:      0
Node 0 HugePages_Surp:      0

Node 1 MemTotal:       24686196 kB
Node 1 MemFree:        24420744 kB
Node 1 MemUsed:          265452 kB
Node 1 Active:            36036 kB
Node 1 Inactive:          66420 kB
Node 1 Active(anon):      12944 kB
Node 1 Inactive(anon):      504 kB
Node 1 Active(file):      23092 kB
Node 1 Inactive(file):    65916 kB
Node 1 Unevictable:       18464 kB
Node 1 Mlocked:           18464 kB
Node 1 Dirty:                68 kB
Node 1 Writeback:             0 kB
Node 1 FilePages:         97572 kB
Node 1 Mapped:            17492 kB
Node 1 AnonPages:         23356 kB
Node 1 Shmem:               648 kB
Node 1 KernelStack:        2536 kB
Node 1 PageTables:          512 kB
Node 1 NFS_Unstable:          0 kB
Node 1 Bounce:                0 kB
Node 1 WritebackTmp:          0 kB
Node 1 KReclaimable:      19076 kB
Node 1 Slab:              51920 kB
Node 1 SReclaimable:      19076 kB
Node 1 SUnreclaim:        32844 kB
Node 1 AnonHugePages:         0 kB
Node 1 ShmemHugePages:        0 kB
Node 1 ShmemPmdMapped:        0 kB
Node 1 FileHugePages:        0 kB
Node 1 FilePmdMapped:        0 kB
Node 1 HugePages_Total:     0
Node 1 HugePages_Free:      0
Node 1 HugePages_Surp:      0

After Test
Node 0 MemTotal:       24743736 kB
Node 0 MemFree:        23582808 kB
Node 0 MemUsed:         1160928 kB
Node 0 Active:            61548 kB
Node 0 Inactive:         124708 kB
Node 0 Active(anon):      20408 kB
Node 0 Inactive(anon):      444 kB
Node 0 Active(file):      41140 kB
Node 0 Inactive(file):   124264 kB
Node 0 Unevictable:         288 kB
Node 0 Mlocked:             288 kB
Node 0 Dirty:               268 kB
Node 0 Writeback:             0 kB
Node 0 FilePages:        166312 kB
Node 0 Mapped:            27776 kB
Node 0 AnonPages:         20232 kB
Node 0 Shmem:               620 kB
Node 0 KernelStack:        2056 kB
Node 0 PageTables:          524 kB
Node 0 NFS_Unstable:          0 kB
Node 0 Bounce:                0 kB
Node 0 WritebackTmp:          0 kB
Node 0 KReclaimable:      24480 kB
Node 0 Slab:              69836 kB
Node 0 SReclaimable:      24480 kB
Node 0 SUnreclaim:        45356 kB
Node 0 AnonHugePages:         0 kB
Node 0 ShmemHugePages:        0 kB
Node 0 ShmemPmdMapped:        0 kB
Node 0 FileHugePages:        0 kB
Node 0 FilePmdMapped:        0 kB
Node 0 HugePages_Total:     0
Node 0 HugePages_Free:      0
Node 0 HugePages_Surp:      0
Fio Node 0 pages
5649185eb000 bind:0 file=/usr/local/bin/fio anon=2 dirty=2 mapped=17 active=4 N0=2 N1=15 kernelpagesize_kB=4
7fd767b90000 bind:0 file=/usr/lib/x86_64-linux-gnu/libc-2.31.so anon=2 dirty=2 mapped=6 active=2 N0=2 N1=4 kernelpagesize_kB=4
7fd767b9d000 bind:0 file=/usr/lib/x86_64-linux-gnu/libaio.so.1.0.1 anon=2 dirty=2 N0=2 kernelpagesize_kB=4
7fd767ba3000 bind:0 file=/usr/lib/x86_64-linux-gnu/libdl-2.31.so anon=2 dirty=2 N0=2 kernelpagesize_kB=4
7fd767ba5000 bind:0 anon=2 dirty=2 N0=2 kernelpagesize_kB=4
7fd767bd1000 bind:0 file=/usr/lib/x86_64-linux-gnu/libmvec-2.31.so anon=2 dirty=2 N0=2 kernelpagesize_kB=4
7fd767d20000 bind:0 file=/usr/lib/x86_64-linux-gnu/libm-2.31.so anon=2 dirty=2 N0=2 kernelpagesize_kB=4
7fd767d3f000 bind:0 file=/usr/lib/x86_64-linux-gnu/libpthread-2.31.so anon=2 dirty=2 N0=2 kernelpagesize_kB=4
7fd767d45000 bind:0 file=/usr/lib/x86_64-linux-gnu/libz.so.1.2.11 mapped=2 mapmax=8 N0=2 kernelpagesize_kB=4
7fd767d5f000 bind:0 file=/usr/lib/x86_64-linux-gnu/libz.so.1.2.11 anon=2 dirty=2 N0=2 kernelpagesize_kB=4
7fd767d6a000 bind:0 file=/usr/lib/x86_64-linux-gnu/librt-2.31.so anon=2 dirty=2 N0=2 kernelpagesize_kB=4
7fd767d6c000 bind:0 file=/usr/lib/x86_64-linux-gnu/libnuma.so.1.0.0 mapped=3 mapmax=2 N0=3 kernelpagesize_kB=4
7fd767d77000 bind:0 file=/usr/lib/x86_64-linux-gnu/libnuma.so.1.0.0 anon=2 dirty=2 N0=2 kernelpagesize_kB=4
7fd767d79000 bind:0 anon=2 dirty=2 N0=2 kernelpagesize_kB=4
7fd767db2000 bind:0 file=/usr/lib/x86_64-linux-gnu/ld-2.31.so anon=2 dirty=2 N0=2 kernelpagesize_kB=4
7fd767db4000 bind:0 anon=1 dirty=1 N0=1 kernelpagesize_kB=4
7ffe9e4a1000 bind:0 stack anon=4 dirty=4 N0=4 kernelpagesize_kB=4
Fio Node 1 pages
564918527000 bind:0 file=/usr/local/bin/fio mapped=24 N1=24 kernelpagesize_kB=4
56491853f000 bind:0 file=/usr/local/bin/fio mapped=84 N1=84 kernelpagesize_kB=4
5649185c4000 bind:0 file=/usr/local/bin/fio mapped=28 active=27 N1=28 kernelpagesize_kB=4
5649185ed000 bind:0 file=/usr/local/bin/fio anon=112 dirty=112 mapped=116 active=114 N0=112 N1=4 kernelpagesize_kB=4
7fd7679a8000 bind:0 file=/usr/lib/x86_64-linux-gnu/libc-2.31.so mapped=37 mapmax=25 N1=37 kernelpagesize_kB=4
7fd7679cd000 bind:0 file=/usr/lib/x86_64-linux-gnu/libc-2.31.so mapped=275 mapmax=25 N1=275 kernelpagesize_kB=4
7fd767b45000 bind:0 file=/usr/lib/x86_64-linux-gnu/libc-2.31.so mapped=43 mapmax=24 N1=43 kernelpagesize_kB=4
7fd767b9a000 bind:0 file=/usr/lib/x86_64-linux-gnu/libaio.so.1.0.1 mapped=1 mapmax=2 N1=1 kernelpagesize_kB=4
7fd767b9b000 bind:0 file=/usr/lib/x86_64-linux-gnu/libaio.so.1.0.1 mapped=1 mapmax=2 N1=1 kernelpagesize_kB=4
7fd767b9f000 bind:0 file=/usr/lib/x86_64-linux-gnu/libdl-2.31.so mapped=1 mapmax=20 N1=1 kernelpagesize_kB=4
7fd767ba0000 bind:0 file=/usr/lib/x86_64-linux-gnu/libdl-2.31.so mapped=2 mapmax=20 N1=2 kernelpagesize_kB=4
7fd767ba7000 bind:0 file=/usr/lib/x86_64-linux-gnu/libmvec-2.31.so mapped=2 N1=2 kernelpagesize_kB=4
7fd767ba9000 bind:0 file=/usr/lib/x86_64-linux-gnu/libmvec-2.31.so mapped=12 N1=12 kernelpagesize_kB=4
7fd767bd3000 bind:0 file=/usr/lib/x86_64-linux-gnu/libm-2.31.so mapped=15 mapmax=12 N1=15 kernelpagesize_kB=4
7fd767be2000 bind:0 file=/usr/lib/x86_64-linux-gnu/libm-2.31.so mapped=78 mapmax=12 N1=78 kernelpagesize_kB=4
7fd767d22000 bind:0 file=/usr/lib/x86_64-linux-gnu/libpthread-2.31.so mapped=7 mapmax=22 N1=7 kernelpagesize_kB=4
7fd767d29000 bind:0 file=/usr/lib/x86_64-linux-gnu/libpthread-2.31.so mapped=17 mapmax=22 N1=17 kernelpagesize_kB=4
7fd767d61000 bind:0 file=/usr/lib/x86_64-linux-gnu/librt-2.31.so mapped=3 mapmax=17 N1=3 kernelpagesize_kB=4
7fd767d64000 bind:0 file=/usr/lib/x86_64-linux-gnu/librt-2.31.so mapped=4 mapmax=17 N1=4 kernelpagesize_kB=4
7fd767d85000 bind:0 file=/usr/lib/x86_64-linux-gnu/ld-2.31.so mapped=1 mapmax=25 N1=1 kernelpagesize_kB=4
7fd767d86000 bind:0 file=/usr/lib/x86_64-linux-gnu/ld-2.31.so mapped=35 mapmax=25 N1=35 kernelpagesize_kB=4
7fd767da9000 bind:0 file=/usr/lib/x86_64-linux-gnu/ld-2.31.so mapped=8 mapmax=25 N1=8 kernelpagesize_kB=4
Fio Node 0 pages
560e2a683000 bind:0 file=/usr/local/bin/fio anon=2 dirty=2 mapped=17 active=4 N0=2 N1=15 kernelpagesize_kB=4
7f4939dd7000 bind:0 anon=2 dirty=2 N0=2 kernelpagesize_kB=4
7f4939fc1000 bind:0 file=/usr/lib/x86_64-linux-gnu/libc-2.31.so anon=6 dirty=6 N0=6 kernelpagesize_kB=4
7f4939fce000 bind:0 file=/usr/lib/x86_64-linux-gnu/libaio.so.1.0.1 anon=2 dirty=2 N0=2 kernelpagesize_kB=4
7f4939fd4000 bind:0 file=/usr/lib/x86_64-linux-gnu/libdl-2.31.so anon=2 dirty=2 N0=2 kernelpagesize_kB=4
7f4939fd6000 bind:0 anon=2 dirty=2 N0=2 kernelpagesize_kB=4
7f493a002000 bind:0 file=/usr/lib/x86_64-linux-gnu/libmvec-2.31.so anon=2 dirty=2 N0=2 kernelpagesize_kB=4
7f493a151000 bind:0 file=/usr/lib/x86_64-linux-gnu/libm-2.31.so anon=2 dirty=2 N0=2 kernelpagesize_kB=4
7f493a170000 bind:0 file=/usr/lib/x86_64-linux-gnu/libpthread-2.31.so anon=2 dirty=2 N0=2 kernelpagesize_kB=4
7f493a176000 bind:0 file=/usr/lib/x86_64-linux-gnu/libz.so.1.2.11 mapped=2 mapmax=8 N0=2 kernelpagesize_kB=4
7f493a190000 bind:0 file=/usr/lib/x86_64-linux-gnu/libz.so.1.2.11 anon=2 dirty=2 N0=2 kernelpagesize_kB=4
7f493a19b000 bind:0 file=/usr/lib/x86_64-linux-gnu/librt-2.31.so anon=2 dirty=2 N0=2 kernelpagesize_kB=4
7f493a19d000 bind:0 file=/usr/lib/x86_64-linux-gnu/libnuma.so.1.0.0 mapped=3 mapmax=2 N0=3 kernelpagesize_kB=4
7f493a1a8000 bind:0 file=/usr/lib/x86_64-linux-gnu/libnuma.so.1.0.0 anon=2 dirty=2 N0=2 kernelpagesize_kB=4
7f493a1aa000 bind:0 anon=2 dirty=2 N0=2 kernelpagesize_kB=4
7f493a1e3000 bind:0 file=/usr/lib/x86_64-linux-gnu/ld-2.31.so anon=2 dirty=2 N0=2 kernelpagesize_kB=4
7f493a1e5000 bind:0 anon=1 dirty=1 N0=1 kernelpagesize_kB=4
7ffce0be7000 bind:0 stack anon=2 dirty=2 N0=2 kernelpagesize_kB=4
Fio Node 1 pages
560e2a5bf000 bind:0 file=/usr/local/bin/fio mapped=24 N1=24 kernelpagesize_kB=4
560e2a685000 bind:0 file=/usr/local/bin/fio anon=108 dirty=108 mapped=112 active=110 N0=108 N1=4 kernelpagesize_kB=4
7f4939dd9000 bind:0 file=/usr/lib/x86_64-linux-gnu/libc-2.31.so mapped=37 mapmax=25 N1=37 kernelpagesize_kB=4
7f4939dfe000 bind:0 file=/usr/lib/x86_64-linux-gnu/libc-2.31.so mapped=258 mapmax=25 N1=258 kernelpagesize_kB=4
7f4939f76000 bind:0 file=/usr/lib/x86_64-linux-gnu/libc-2.31.so mapped=42 mapmax=24 N1=42 kernelpagesize_kB=4
7f4939fcb000 bind:0 file=/usr/lib/x86_64-linux-gnu/libaio.so.1.0.1 mapped=1 mapmax=2 N1=1 kernelpagesize_kB=4
7f4939fcc000 bind:0 file=/usr/lib/x86_64-linux-gnu/libaio.so.1.0.1 mapped=1 mapmax=2 N1=1 kernelpagesize_kB=4
7f4939fd0000 bind:0 file=/usr/lib/x86_64-linux-gnu/libdl-2.31.so mapped=1 mapmax=20 N1=1 kernelpagesize_kB=4
7f4939fd1000 bind:0 file=/usr/lib/x86_64-linux-gnu/libdl-2.31.so mapped=2 mapmax=19 N1=2 kernelpagesize_kB=4
7f4939fd8000 bind:0 file=/usr/lib/x86_64-linux-gnu/libmvec-2.31.so mapped=2 N1=2 kernelpagesize_kB=4
7f4939fda000 bind:0 file=/usr/lib/x86_64-linux-gnu/libmvec-2.31.so mapped=12 N1=12 kernelpagesize_kB=4
7f493a004000 bind:0 file=/usr/lib/x86_64-linux-gnu/libm-2.31.so mapped=15 mapmax=12 N1=15 kernelpagesize_kB=4
7f493a013000 bind:0 file=/usr/lib/x86_64-linux-gnu/libm-2.31.so mapped=77 mapmax=12 N1=77 kernelpagesize_kB=4
7f493a153000 bind:0 file=/usr/lib/x86_64-linux-gnu/libpthread-2.31.so mapped=7 mapmax=22 N1=7 kernelpagesize_kB=4
7f493a15a000 bind:0 file=/usr/lib/x86_64-linux-gnu/libpthread-2.31.so mapped=17 mapmax=22 N1=17 kernelpagesize_kB=4
7f493a192000 bind:0 file=/usr/lib/x86_64-linux-gnu/librt-2.31.so mapped=3 mapmax=17 N1=3 kernelpagesize_kB=4
7f493a195000 bind:0 file=/usr/lib/x86_64-linux-gnu/librt-2.31.so mapped=4 mapmax=17 N1=4 kernelpagesize_kB=4
7f493a1b6000 bind:0 file=/usr/lib/x86_64-linux-gnu/ld-2.31.so mapped=1 mapmax=25 N1=1 kernelpagesize_kB=4
7f493a1b7000 bind:0 file=/usr/lib/x86_64-linux-gnu/ld-2.31.so mapped=35 mapmax=25 N1=35 kernelpagesize_kB=4
7f493a1da000 bind:0 file=/usr/lib/x86_64-linux-gnu/ld-2.31.so mapped=8 mapmax=25 N1=8 kernelpagesize_kB=4

Node 1 MemTotal:       24686196 kB
Node 1 MemFree:         7446560 kB
Node 1 MemUsed:        17239636 kB
Node 1 Active:            37188 kB
Node 1 Inactive:          67648 kB
Node 1 Active(anon):      13084 kB
Node 1 Inactive(anon):      544 kB
Node 1 Active(file):      24104 kB
Node 1 Inactive(file):    67104 kB
Node 1 Unevictable:       18464 kB
Node 1 Mlocked:           18464 kB
Node 1 Dirty:                56 kB
Node 1 Writeback:             0 kB
Node 1 FilePages:         99840 kB
Node 1 Mapped:            17556 kB
Node 1 AnonPages:         23408 kB
Node 1 Shmem:               692 kB
Node 1 KernelStack:        2488 kB
Node 1 PageTables:          684 kB
Node 1 NFS_Unstable:          0 kB
Node 1 Bounce:                0 kB
Node 1 WritebackTmp:          0 kB
Node 1 KReclaimable:      20428 kB
Node 1 Slab:             110588 kB
Node 1 SReclaimable:      20428 kB
Node 1 SUnreclaim:        90160 kB
Node 1 AnonHugePages:         0 kB
Node 1 ShmemHugePages:        0 kB
Node 1 ShmemPmdMapped:        0 kB
Node 1 FileHugePages:        0 kB
Node 1 FilePmdMapped:        0 kB
Node 1 HugePages_Total:     0
Node 1 HugePages_Free:      0
Node 1 HugePages_Surp:      0

After Opposite Node
Node 0 MemTotal:       24743736 kB
Node 0 MemFree:        23582508 kB
Node 0 MemUsed:         1161228 kB
Node 0 Active:            61872 kB
Node 0 Inactive:         124752 kB
Node 0 Active(anon):      20704 kB
Node 0 Inactive(anon):      488 kB
Node 0 Active(file):      41168 kB
Node 0 Inactive(file):   124264 kB
Node 0 Unevictable:         288 kB
Node 0 Mlocked:             288 kB
Node 0 Dirty:               484 kB
Node 0 Writeback:             0 kB
Node 0 FilePages:        166384 kB
Node 0 Mapped:            27864 kB
Node 0 AnonPages:         20396 kB
Node 0 Shmem:               664 kB
Node 0 KernelStack:        2008 kB
Node 0 PageTables:          704 kB
Node 0 NFS_Unstable:          0 kB
Node 0 Bounce:                0 kB
Node 0 WritebackTmp:          0 kB
Node 0 KReclaimable:      24572 kB
Node 0 Slab:              70504 kB
Node 0 SReclaimable:      24572 kB
Node 0 SUnreclaim:        45932 kB
Node 0 AnonHugePages:         0 kB
Node 0 ShmemHugePages:        0 kB
Node 0 ShmemPmdMapped:        0 kB
Node 0 FileHugePages:        0 kB
Node 0 FilePmdMapped:        0 kB
Node 0 HugePages_Total:     0
Node 0 HugePages_Free:      0
Node 0 HugePages_Surp:      0

Node 1 MemTotal:       24686196 kB
Node 1 MemFree:         7451004 kB
Node 1 MemUsed:        17235192 kB
Node 1 Active:            37196 kB
Node 1 Inactive:          67460 kB
Node 1 Active(anon):      12844 kB
Node 1 Inactive(anon):      500 kB
Node 1 Active(file):      24352 kB
Node 1 Inactive(file):    66960 kB
Node 1 Unevictable:       18464 kB
Node 1 Mlocked:           18464 kB
Node 1 Dirty:                48 kB
Node 1 Writeback:             0 kB
Node 1 FilePages:         99912 kB
Node 1 Mapped:            17512 kB
Node 1 AnonPages:         23252 kB
Node 1 Shmem:               648 kB
Node 1 KernelStack:        2456 kB
Node 1 PageTables:          512 kB
Node 1 NFS_Unstable:          0 kB
Node 1 Bounce:                0 kB
Node 1 WritebackTmp:          0 kB
Node 1 KReclaimable:      20436 kB
Node 1 Slab:             110592 kB
Node 1 SReclaimable:      20436 kB
Node 1 SUnreclaim:        90156 kB
Node 1 AnonHugePages:         0 kB
Node 1 ShmemHugePages:        0 kB
Node 1 ShmemPmdMapped:        0 kB
Node 1 FileHugePages:        0 kB
Node 1 FilePmdMapped:        0 kB
Node 1 HugePages_Total:     0
Node 1 HugePages_Free:      0
Node 1 HugePages_Surp:      0

B.1.fio.16G.2.O Complete!
