kernel.numa_balancing = 0
75 Tests Remaining!
U.0.fio.4G.1.O
Begin
Node 0 MemTotal:       24768352 kB
Node 0 MemFree:        24546772 kB
Node 0 MemUsed:          221580 kB
Node 0 Active:            54380 kB
Node 0 Inactive:          19584 kB
Node 0 Active(anon):       9388 kB
Node 0 Inactive(anon):      412 kB
Node 0 Active(file):      44992 kB
Node 0 Inactive(file):    19172 kB
Node 0 Unevictable:       17712 kB
Node 0 Mlocked:           17712 kB
Node 0 Dirty:                32 kB
Node 0 Writeback:             0 kB
Node 0 FilePages:         72176 kB
Node 0 Mapped:            23092 kB
Node 0 AnonPages:         19660 kB
Node 0 Shmem:               612 kB
Node 0 KernelStack:        2360 kB
Node 0 PageTables:          548 kB
Node 0 NFS_Unstable:          0 kB
Node 0 Bounce:                0 kB
Node 0 WritebackTmp:          0 kB
Node 0 KReclaimable:      22476 kB
Node 0 Slab:              51412 kB
Node 0 SReclaimable:      22476 kB
Node 0 SUnreclaim:        28936 kB
Node 0 AnonHugePages:         0 kB
Node 0 ShmemHugePages:        0 kB
Node 0 ShmemPmdMapped:        0 kB
Node 0 FileHugePages:        0 kB
Node 0 FilePmdMapped:        0 kB
Node 0 HugePages_Total:     0
Node 0 HugePages_Free:      0
Node 0 HugePages_Surp:      0

Node 1 MemTotal:       24661580 kB
Node 1 MemFree:        24260512 kB
Node 1 MemUsed:          401068 kB
Node 1 Active:            42564 kB
Node 1 Inactive:          83776 kB
Node 1 Active(anon):      24652 kB
Node 1 Inactive(anon):      464 kB
Node 1 Active(file):      17912 kB
Node 1 Inactive(file):    83312 kB
Node 1 Unevictable:         808 kB
Node 1 Mlocked:             808 kB
Node 1 Dirty:               504 kB
Node 1 Writeback:             0 kB
Node 1 FilePages:        102688 kB
Node 1 Mapped:            28256 kB
Node 1 AnonPages:         24524 kB
Node 1 Shmem:               656 kB
Node 1 KernelStack:        1512 kB
Node 1 PageTables:          724 kB
Node 1 NFS_Unstable:          0 kB
Node 1 Bounce:                0 kB
Node 1 WritebackTmp:          0 kB
Node 1 KReclaimable:      19660 kB
Node 1 Slab:              54840 kB
Node 1 SReclaimable:      19660 kB
Node 1 SUnreclaim:        35180 kB
Node 1 AnonHugePages:         0 kB
Node 1 ShmemHugePages:        0 kB
Node 1 ShmemPmdMapped:        0 kB
Node 1 FileHugePages:        0 kB
Node 1 FilePmdMapped:        0 kB
Node 1 HugePages_Total:     0
Node 1 HugePages_Free:      0
Node 1 HugePages_Surp:      0

Load ZFS
Node 0 MemTotal:       24768352 kB
Node 0 MemFree:        24541968 kB
Node 0 MemUsed:          226384 kB
Node 0 Active:            57500 kB
Node 0 Inactive:          19464 kB
Node 0 Active(anon):      10888 kB
Node 0 Inactive(anon):      412 kB
Node 0 Active(file):      46612 kB
Node 0 Inactive(file):    19052 kB
Node 0 Unevictable:       17712 kB
Node 0 Mlocked:           17712 kB
Node 0 Dirty:                40 kB
Node 0 Writeback:             0 kB
Node 0 FilePages:         73660 kB
Node 0 Mapped:            22944 kB
Node 0 AnonPages:         20952 kB
Node 0 Shmem:               612 kB
Node 0 KernelStack:        2136 kB
Node 0 PageTables:          424 kB
Node 0 NFS_Unstable:          0 kB
Node 0 Bounce:                0 kB
Node 0 WritebackTmp:          0 kB
Node 0 KReclaimable:      22748 kB
Node 0 Slab:              52484 kB
Node 0 SReclaimable:      22748 kB
Node 0 SUnreclaim:        29736 kB
Node 0 AnonHugePages:         0 kB
Node 0 ShmemHugePages:        0 kB
Node 0 ShmemPmdMapped:        0 kB
Node 0 FileHugePages:        0 kB
Node 0 FilePmdMapped:        0 kB
Node 0 HugePages_Total:     0
Node 0 HugePages_Free:      0
Node 0 HugePages_Surp:      0

Node 1 MemTotal:       24661580 kB
Node 1 MemFree:        24255144 kB
Node 1 MemUsed:          406436 kB
Node 1 Active:            50444 kB
Node 1 Inactive:          79872 kB
Node 1 Active(anon):      27692 kB
Node 1 Inactive(anon):      464 kB
Node 1 Active(file):      22752 kB
Node 1 Inactive(file):    79408 kB
Node 1 Unevictable:         808 kB
Node 1 Mlocked:             808 kB
Node 1 Dirty:               288 kB
Node 1 Writeback:             0 kB
Node 1 FilePages:        103624 kB
Node 1 Mapped:            28416 kB
Node 1 AnonPages:         27552 kB
Node 1 Shmem:               656 kB
Node 1 KernelStack:        1640 kB
Node 1 PageTables:         1028 kB
Node 1 NFS_Unstable:          0 kB
Node 1 Bounce:                0 kB
Node 1 WritebackTmp:          0 kB
Node 1 KReclaimable:      20140 kB
Node 1 Slab:              56472 kB
Node 1 SReclaimable:      20140 kB
Node 1 SUnreclaim:        36332 kB
Node 1 AnonHugePages:         0 kB
Node 1 ShmemHugePages:        0 kB
Node 1 ShmemPmdMapped:        0 kB
Node 1 FileHugePages:        0 kB
Node 1 FilePmdMapped:        0 kB
Node 1 HugePages_Total:     0
Node 1 HugePages_Free:      0
Node 1 HugePages_Surp:      0

Import tank ZPool
Node 0 MemTotal:       24768352 kB
Node 0 MemFree:        24527988 kB
Node 0 MemUsed:          240364 kB
Node 0 Active:            58360 kB
Node 0 Inactive:          20688 kB
Node 0 Active(anon):      11424 kB
Node 0 Inactive(anon):      416 kB
Node 0 Active(file):      46936 kB
Node 0 Inactive(file):    20272 kB
Node 0 Unevictable:       17712 kB
Node 0 Mlocked:           17712 kB
Node 0 Dirty:                80 kB
Node 0 Writeback:             0 kB
Node 0 FilePages:         75236 kB
Node 0 Mapped:            23068 kB
Node 0 AnonPages:         21364 kB
Node 0 Shmem:               612 kB
Node 0 KernelStack:        2264 kB
Node 0 PageTables:          508 kB
Node 0 NFS_Unstable:          0 kB
Node 0 Bounce:                0 kB
Node 0 WritebackTmp:          0 kB
Node 0 KReclaimable:      22860 kB
Node 0 Slab:              57796 kB
Node 0 SReclaimable:      22860 kB
Node 0 SUnreclaim:        34936 kB
Node 0 AnonHugePages:         0 kB
Node 0 ShmemHugePages:        0 kB
Node 0 ShmemPmdMapped:        0 kB
Node 0 FileHugePages:        0 kB
Node 0 FilePmdMapped:        0 kB
Node 0 HugePages_Total:     0
Node 0 HugePages_Free:      0
Node 0 HugePages_Surp:      0

Node 1 MemTotal:       24661580 kB
Node 1 MemFree:        24243728 kB
Node 1 MemUsed:          417852 kB
Node 1 Active:            50524 kB
Node 1 Inactive:          79828 kB
Node 1 Active(anon):      27728 kB
Node 1 Inactive(anon):      464 kB
Node 1 Active(file):      22796 kB
Node 1 Inactive(file):    79364 kB
Node 1 Unevictable:         808 kB
Node 1 Mlocked:             808 kB
Node 1 Dirty:               320 kB
Node 1 Writeback:             0 kB
Node 1 FilePages:        103624 kB
Node 1 Mapped:            28332 kB
Node 1 AnonPages:         27552 kB
Node 1 Shmem:               656 kB
Node 1 KernelStack:        2664 kB
Node 1 PageTables:         1028 kB
Node 1 NFS_Unstable:          0 kB
Node 1 Bounce:                0 kB
Node 1 WritebackTmp:          0 kB
Node 1 KReclaimable:      20156 kB
Node 1 Slab:              58988 kB
Node 1 SReclaimable:      20156 kB
Node 1 SUnreclaim:        38832 kB
Node 1 AnonHugePages:         0 kB
Node 1 ShmemHugePages:        0 kB
Node 1 ShmemPmdMapped:        0 kB
Node 1 FileHugePages:        0 kB
Node 1 FilePmdMapped:        0 kB
Node 1 HugePages_Total:     0
Node 1 HugePages_Free:      0
Node 1 HugePages_Surp:      0

After Test
Node 0 MemTotal:       24768352 kB
Node 0 MemFree:        19924828 kB
Node 0 MemUsed:         4843524 kB
Node 0 Active:            57264 kB
Node 0 Inactive:          21576 kB
Node 0 Active(anon):       9152 kB
Node 0 Inactive(anon):      452 kB
Node 0 Active(file):      48112 kB
Node 0 Inactive(file):    21124 kB
Node 0 Unevictable:       17712 kB
Node 0 Mlocked:           17712 kB
Node 0 Dirty:                36 kB
Node 0 Writeback:             0 kB
Node 0 FilePages:         77276 kB
Node 0 Mapped:            23188 kB
Node 0 AnonPages:         19232 kB
Node 0 Shmem:               656 kB
Node 0 KernelStack:        2152 kB
Node 0 PageTables:          576 kB
Node 0 NFS_Unstable:          0 kB
Node 0 Bounce:                0 kB
Node 0 WritebackTmp:          0 kB
Node 0 KReclaimable:      24148 kB
Node 0 Slab:              77296 kB
Node 0 SReclaimable:      24148 kB
Node 0 SUnreclaim:        53148 kB
Node 0 AnonHugePages:         0 kB
Node 0 ShmemHugePages:        0 kB
Node 0 ShmemPmdMapped:        0 kB
Node 0 FileHugePages:        0 kB
Node 0 FilePmdMapped:        0 kB
Node 0 HugePages_Total:     0
Node 0 HugePages_Free:      0
Node 0 HugePages_Surp:      0

Node 1 MemTotal:       24661580 kB
Node 1 MemFree:        23817748 kB
Node 1 MemUsed:          843832 kB
Node 1 Active:            46624 kB
Node 1 Inactive:          79856 kB
Node 1 Active(anon):      23816 kB
Node 1 Inactive(anon):      464 kB
Node 1 Active(file):      22808 kB
Node 1 Inactive(file):    79392 kB
Node 1 Unevictable:         808 kB
Node 1 Mlocked:             808 kB
Node 1 Dirty:                16 kB
Node 1 Writeback:             0 kB
Node 1 FilePages:        103672 kB
Node 1 Mapped:            28256 kB
Node 1 AnonPages:         23624 kB
Node 1 Shmem:               656 kB
Node 1 KernelStack:        2520 kB
Node 1 PageTables:          632 kB
Node 1 NFS_Unstable:          0 kB
Node 1 Bounce:                0 kB
Node 1 WritebackTmp:          0 kB
Node 1 KReclaimable:      20344 kB
Node 1 Slab:              61356 kB
Node 1 SReclaimable:      20344 kB
Node 1 SUnreclaim:        41012 kB
Node 1 AnonHugePages:         0 kB
Node 1 ShmemHugePages:        0 kB
Node 1 ShmemPmdMapped:        0 kB
Node 1 FileHugePages:        0 kB
Node 1 FilePmdMapped:        0 kB
Node 1 HugePages_Total:     0
Node 1 HugePages_Free:      0
Node 1 HugePages_Surp:      0

After Opposite Node
Node 0 MemTotal:       24768352 kB
Node 0 MemFree:        19927352 kB
Node 0 MemUsed:         4841000 kB
Node 0 Active:            56956 kB
Node 0 Inactive:          21368 kB
Node 0 Active(anon):       8656 kB
Node 0 Inactive(anon):      416 kB
Node 0 Active(file):      48300 kB
Node 0 Inactive(file):    20952 kB
Node 0 Unevictable:       17712 kB
Node 0 Mlocked:           17712 kB
Node 0 Dirty:                52 kB
Node 0 Writeback:             0 kB
Node 0 FilePages:         77256 kB
Node 0 Mapped:            23112 kB
Node 0 AnonPages:         18784 kB
Node 0 Shmem:               612 kB
Node 0 KernelStack:        2088 kB
Node 0 PageTables:          396 kB
Node 0 NFS_Unstable:          0 kB
Node 0 Bounce:                0 kB
Node 0 WritebackTmp:          0 kB
Node 0 KReclaimable:      24156 kB
Node 0 Slab:              76984 kB
Node 0 SReclaimable:      24156 kB
Node 0 SUnreclaim:        52828 kB
Node 0 AnonHugePages:         0 kB
Node 0 ShmemHugePages:        0 kB
Node 0 ShmemPmdMapped:        0 kB
Node 0 FileHugePages:        0 kB
Node 0 FilePmdMapped:        0 kB
Node 0 HugePages_Total:     0
Node 0 HugePages_Free:      0
Node 0 HugePages_Surp:      0

Node 1 MemTotal:       24661580 kB
Node 1 MemFree:        23817696 kB
Node 1 MemUsed:          843884 kB
Node 1 Active:            47168 kB
Node 1 Inactive:          79876 kB
Node 1 Active(anon):      24324 kB
Node 1 Inactive(anon):      492 kB
Node 1 Active(file):      22844 kB
Node 1 Inactive(file):    79384 kB
Node 1 Unevictable:         808 kB
Node 1 Mlocked:             808 kB
Node 1 Dirty:                40 kB
Node 1 Writeback:             0 kB
Node 1 FilePages:        103736 kB
Node 1 Mapped:            28300 kB
Node 1 AnonPages:         24088 kB
Node 1 Shmem:               700 kB
Node 1 KernelStack:        2584 kB
Node 1 PageTables:          804 kB
Node 1 NFS_Unstable:          0 kB
Node 1 Bounce:                0 kB
Node 1 WritebackTmp:          0 kB
Node 1 KReclaimable:      20396 kB
Node 1 Slab:              62312 kB
Node 1 SReclaimable:      20396 kB
Node 1 SUnreclaim:        41916 kB
Node 1 AnonHugePages:         0 kB
Node 1 ShmemHugePages:        0 kB
Node 1 ShmemPmdMapped:        0 kB
Node 1 FileHugePages:        0 kB
Node 1 FilePmdMapped:        0 kB
Node 1 HugePages_Total:     0
Node 1 HugePages_Free:      0
Node 1 HugePages_Surp:      0

U.0.fio.4G.1.O Complete!
