kernel.numa_balancing = 0
U.0.fio.250M.1.O
Begin
Node 0 MemTotal:       24768352 kB
Node 0 MemFree:        24451636 kB
Node 0 MemUsed:          316716 kB
Node 0 Active:            68280 kB
Node 0 Inactive:          87192 kB
Node 0 Active(anon):      15052 kB
Node 0 Inactive(anon):      468 kB
Node 0 Active(file):      53228 kB
Node 0 Inactive(file):    86724 kB
Node 0 Unevictable:       18208 kB
Node 0 Mlocked:           18208 kB
Node 0 Dirty:                32 kB
Node 0 Writeback:             0 kB
Node 0 FilePages:        148528 kB
Node 0 Mapped:            67952 kB
Node 0 AnonPages:         25160 kB
Node 0 Shmem:               688 kB
Node 0 KernelStack:        2072 kB
Node 0 PageTables:          748 kB
Node 0 NFS_Unstable:          0 kB
Node 0 Bounce:                0 kB
Node 0 WritebackTmp:          0 kB
Node 0 KReclaimable:      23276 kB
Node 0 Slab:              61780 kB
Node 0 SReclaimable:      23276 kB
Node 0 SUnreclaim:        38504 kB
Node 0 AnonHugePages:         0 kB
Node 0 ShmemHugePages:        0 kB
Node 0 ShmemPmdMapped:        0 kB
Node 0 FileHugePages:        0 kB
Node 0 FilePmdMapped:        0 kB
Node 0 HugePages_Total:     0
Node 0 HugePages_Free:      0
Node 0 HugePages_Surp:      0

Node 1 MemTotal:       24661580 kB
Node 1 MemFree:        24314488 kB
Node 1 MemUsed:          347092 kB
Node 1 Active:            29828 kB
Node 1 Inactive:          53048 kB
Node 1 Active(anon):      19292 kB
Node 1 Inactive(anon):      400 kB
Node 1 Active(file):      10536 kB
Node 1 Inactive(file):    52648 kB
Node 1 Unevictable:         312 kB
Node 1 Mlocked:             312 kB
Node 1 Dirty:                 8 kB
Node 1 Writeback:             0 kB
Node 1 FilePages:         64512 kB
Node 1 Mapped:            17792 kB
Node 1 AnonPages:         19128 kB
Node 1 Shmem:               580 kB
Node 1 KernelStack:        1528 kB
Node 1 PageTables:          428 kB
Node 1 NFS_Unstable:          0 kB
Node 1 Bounce:                0 kB
Node 1 WritebackTmp:          0 kB
Node 1 KReclaimable:      18288 kB
Node 1 Slab:              44812 kB
Node 1 SReclaimable:      18288 kB
Node 1 SUnreclaim:        26524 kB
Node 1 AnonHugePages:         0 kB
Node 1 ShmemHugePages:        0 kB
Node 1 ShmemPmdMapped:        0 kB
Node 1 FileHugePages:        0 kB
Node 1 FilePmdMapped:        0 kB
Node 1 HugePages_Total:     0
Node 1 HugePages_Free:      0
Node 1 HugePages_Surp:      0

Load ZFS
Node 0 MemTotal:       24768352 kB
Node 0 MemFree:        24445024 kB
Node 0 MemUsed:          323328 kB
Node 0 Active:            72984 kB
Node 0 Inactive:          87860 kB
Node 0 Active(anon):      18868 kB
Node 0 Inactive(anon):      472 kB
Node 0 Active(file):      54116 kB
Node 0 Inactive(file):    87388 kB
Node 0 Unevictable:       18208 kB
Node 0 Mlocked:           18208 kB
Node 0 Dirty:               120 kB
Node 0 Writeback:             0 kB
Node 0 FilePages:        150072 kB
Node 0 Mapped:            68108 kB
Node 0 AnonPages:         29056 kB
Node 0 Shmem:               688 kB
Node 0 KernelStack:        2168 kB
Node 0 PageTables:          964 kB
Node 0 NFS_Unstable:          0 kB
Node 0 Bounce:                0 kB
Node 0 WritebackTmp:          0 kB
Node 0 KReclaimable:      23808 kB
Node 0 Slab:              63720 kB
Node 0 SReclaimable:      23808 kB
Node 0 SUnreclaim:        39912 kB
Node 0 AnonHugePages:         0 kB
Node 0 ShmemHugePages:        0 kB
Node 0 ShmemPmdMapped:        0 kB
Node 0 FileHugePages:        0 kB
Node 0 FilePmdMapped:        0 kB
Node 0 HugePages_Total:     0
Node 0 HugePages_Free:      0
Node 0 HugePages_Surp:      0

Node 1 MemTotal:       24661580 kB
Node 1 MemFree:        24310808 kB
Node 1 MemUsed:          350772 kB
Node 1 Active:            36376 kB
Node 1 Inactive:          48360 kB
Node 1 Active(anon):      19976 kB
Node 1 Inactive(anon):      400 kB
Node 1 Active(file):      16400 kB
Node 1 Inactive(file):    47960 kB
Node 1 Unevictable:         312 kB
Node 1 Mlocked:             312 kB
Node 1 Dirty:                12 kB
Node 1 Writeback:             0 kB
Node 1 FilePages:         65252 kB
Node 1 Mapped:            17732 kB
Node 1 AnonPages:         20012 kB
Node 1 Shmem:               580 kB
Node 1 KernelStack:        1560 kB
Node 1 PageTables:          588 kB
Node 1 NFS_Unstable:          0 kB
Node 1 Bounce:                0 kB
Node 1 WritebackTmp:          0 kB
Node 1 KReclaimable:      18776 kB
Node 1 Slab:              46772 kB
Node 1 SReclaimable:      18776 kB
Node 1 SUnreclaim:        27996 kB
Node 1 AnonHugePages:         0 kB
Node 1 ShmemHugePages:        0 kB
Node 1 ShmemPmdMapped:        0 kB
Node 1 FileHugePages:        0 kB
Node 1 FilePmdMapped:        0 kB
Node 1 HugePages_Total:     0
Node 1 HugePages_Free:      0
Node 1 HugePages_Surp:      0

Import tank ZPool
Node 0 MemTotal:       24768352 kB
Node 0 MemFree:        24446216 kB
Node 0 MemUsed:          322136 kB
Node 0 Active:            69540 kB
Node 0 Inactive:          87860 kB
Node 0 Active(anon):      15404 kB
Node 0 Inactive(anon):      472 kB
Node 0 Active(file):      54136 kB
Node 0 Inactive(file):    87388 kB
Node 0 Unevictable:       18208 kB
Node 0 Mlocked:           18208 kB
Node 0 Dirty:               148 kB
Node 0 Writeback:             0 kB
Node 0 FilePages:        150092 kB
Node 0 Mapped:            68200 kB
Node 0 AnonPages:         25372 kB
Node 0 Shmem:               684 kB
Node 0 KernelStack:        2088 kB
Node 0 PageTables:          784 kB
Node 0 NFS_Unstable:          0 kB
Node 0 Bounce:                0 kB
Node 0 WritebackTmp:          0 kB
Node 0 KReclaimable:      23808 kB
Node 0 Slab:              64620 kB
Node 0 SReclaimable:      23808 kB
Node 0 SUnreclaim:        40812 kB
Node 0 AnonHugePages:         0 kB
Node 0 ShmemHugePages:        0 kB
Node 0 ShmemPmdMapped:        0 kB
Node 0 FileHugePages:        0 kB
Node 0 FilePmdMapped:        0 kB
Node 0 HugePages_Total:     0
Node 0 HugePages_Free:      0
Node 0 HugePages_Surp:      0

Node 1 MemTotal:       24661580 kB
Node 1 MemFree:        24291320 kB
Node 1 MemUsed:          370260 kB
Node 1 Active:            35388 kB
Node 1 Inactive:          49488 kB
Node 1 Active(anon):      18408 kB
Node 1 Inactive(anon):      404 kB
Node 1 Active(file):      16980 kB
Node 1 Inactive(file):    49084 kB
Node 1 Unevictable:         312 kB
Node 1 Mlocked:             312 kB
Node 1 Dirty:                32 kB
Node 1 Writeback:             0 kB
Node 1 FilePages:         66960 kB
Node 1 Mapped:            17996 kB
Node 1 AnonPages:         17892 kB
Node 1 Shmem:               584 kB
Node 1 KernelStack:        2664 kB
Node 1 PageTables:          572 kB
Node 1 NFS_Unstable:          0 kB
Node 1 Bounce:                0 kB
Node 1 WritebackTmp:          0 kB
Node 1 KReclaimable:      18972 kB
Node 1 Slab:              54164 kB
Node 1 SReclaimable:      18972 kB
Node 1 SUnreclaim:        35192 kB
Node 1 AnonHugePages:         0 kB
Node 1 ShmemHugePages:        0 kB
Node 1 ShmemPmdMapped:        0 kB
Node 1 FileHugePages:        0 kB
Node 1 FilePmdMapped:        0 kB
Node 1 HugePages_Total:     0
Node 1 HugePages_Free:      0
Node 1 HugePages_Surp:      0

After Test
Node 0 MemTotal:       24768352 kB
Node 0 MemFree:        24192068 kB
Node 0 MemUsed:          576284 kB
Node 0 Active:            69960 kB
Node 0 Inactive:          89036 kB
Node 0 Active(anon):      15020 kB
Node 0 Inactive(anon):      496 kB
Node 0 Active(file):      54940 kB
Node 0 Inactive(file):    88540 kB
Node 0 Unevictable:       18208 kB
Node 0 Mlocked:           18208 kB
Node 0 Dirty:                 8 kB
Node 0 Writeback:             0 kB
Node 0 FilePages:        152088 kB
Node 0 Mapped:            68236 kB
Node 0 AnonPages:         25024 kB
Node 0 Shmem:               728 kB
Node 0 KernelStack:        2088 kB
Node 0 PageTables:          860 kB
Node 0 NFS_Unstable:          0 kB
Node 0 Bounce:                0 kB
Node 0 WritebackTmp:          0 kB
Node 0 KReclaimable:      25072 kB
Node 0 Slab:              68848 kB
Node 0 SReclaimable:      25072 kB
Node 0 SUnreclaim:        43776 kB
Node 0 AnonHugePages:         0 kB
Node 0 ShmemHugePages:        0 kB
Node 0 ShmemPmdMapped:        0 kB
Node 0 FileHugePages:        0 kB
Node 0 FilePmdMapped:        0 kB
Node 0 HugePages_Total:     0
Node 0 HugePages_Free:      0
Node 0 HugePages_Surp:      0

Node 1 MemTotal:       24661580 kB
Node 1 MemFree:        24009624 kB
Node 1 MemUsed:          651956 kB
Node 1 Active:            35204 kB
Node 1 Inactive:          49256 kB
Node 1 Active(anon):      17960 kB
Node 1 Inactive(anon):      404 kB
Node 1 Active(file):      17244 kB
Node 1 Inactive(file):    48852 kB
Node 1 Unevictable:         312 kB
Node 1 Mlocked:             312 kB
Node 1 Dirty:                 0 kB
Node 1 Writeback:             0 kB
Node 1 FilePages:         66992 kB
Node 1 Mapped:            17724 kB
Node 1 AnonPages:         17780 kB
Node 1 Shmem:               584 kB
Node 1 KernelStack:        2632 kB
Node 1 PageTables:          452 kB
Node 1 NFS_Unstable:          0 kB
Node 1 Bounce:                0 kB
Node 1 WritebackTmp:          0 kB
Node 1 KReclaimable:      18980 kB
Node 1 Slab:              55088 kB
Node 1 SReclaimable:      18980 kB
Node 1 SUnreclaim:        36108 kB
Node 1 AnonHugePages:         0 kB
Node 1 ShmemHugePages:        0 kB
Node 1 ShmemPmdMapped:        0 kB
Node 1 FileHugePages:        0 kB
Node 1 FilePmdMapped:        0 kB
Node 1 HugePages_Total:     0
Node 1 HugePages_Free:      0
Node 1 HugePages_Surp:      0

After Opposite Node
Node 0 MemTotal:       24768352 kB
Node 0 MemFree:        24192660 kB
Node 0 MemUsed:          575692 kB
Node 0 Active:            69936 kB
Node 0 Inactive:          88884 kB
Node 0 Active(anon):      14860 kB
Node 0 Inactive(anon):      472 kB
Node 0 Active(file):      55076 kB
Node 0 Inactive(file):    88412 kB
Node 0 Unevictable:       18208 kB
Node 0 Mlocked:           18208 kB
Node 0 Dirty:                16 kB
Node 0 Writeback:             0 kB
Node 0 FilePages:        152052 kB
Node 0 Mapped:            68424 kB
Node 0 AnonPages:         24972 kB
Node 0 Shmem:               684 kB
Node 0 KernelStack:        2088 kB
Node 0 PageTables:          748 kB
Node 0 NFS_Unstable:          0 kB
Node 0 Bounce:                0 kB
Node 0 WritebackTmp:          0 kB
Node 0 KReclaimable:      25072 kB
Node 0 Slab:              68856 kB
Node 0 SReclaimable:      25072 kB
Node 0 SUnreclaim:        43784 kB
Node 0 AnonHugePages:         0 kB
Node 0 ShmemHugePages:        0 kB
Node 0 ShmemPmdMapped:        0 kB
Node 0 FileHugePages:        0 kB
Node 0 FilePmdMapped:        0 kB
Node 0 HugePages_Total:     0
Node 0 HugePages_Free:      0
Node 0 HugePages_Surp:      0

Node 1 MemTotal:       24661580 kB
Node 1 MemFree:        24008540 kB
Node 1 MemUsed:          653040 kB
Node 1 Active:            35420 kB
Node 1 Inactive:          49292 kB
Node 1 Active(anon):      18148 kB
Node 1 Inactive(anon):      456 kB
Node 1 Active(file):      17272 kB
Node 1 Inactive(file):    48836 kB
Node 1 Unevictable:         312 kB
Node 1 Mlocked:             312 kB
Node 1 Dirty:                12 kB
Node 1 Writeback:             0 kB
Node 1 FilePages:         67092 kB
Node 1 Mapped:            17812 kB
Node 1 AnonPages:         17760 kB
Node 1 Shmem:               672 kB
Node 1 KernelStack:        2760 kB
Node 1 PageTables:          716 kB
Node 1 NFS_Unstable:          0 kB
Node 1 Bounce:                0 kB
Node 1 WritebackTmp:          0 kB
Node 1 KReclaimable:      19028 kB
Node 1 Slab:              55304 kB
Node 1 SReclaimable:      19028 kB
Node 1 SUnreclaim:        36276 kB
Node 1 AnonHugePages:         0 kB
Node 1 ShmemHugePages:        0 kB
Node 1 ShmemPmdMapped:        0 kB
Node 1 FileHugePages:        0 kB
Node 1 FilePmdMapped:        0 kB
Node 1 HugePages_Total:     0
Node 1 HugePages_Free:      0
Node 1 HugePages_Surp:      0

U.0.fio.250M.1.O Complete!
