kernel.numa_balancing = 0
U.0.fio.500M.2.O
Begin
Node 0 MemTotal:       24743736 kB
Node 0 MemFree:        24456968 kB
Node 0 MemUsed:          286768 kB
Node 0 Active:            50284 kB
Node 0 Inactive:          27096 kB
Node 0 Active(anon):      15512 kB
Node 0 Inactive(anon):      564 kB
Node 0 Active(file):      34772 kB
Node 0 Inactive(file):    26532 kB
Node 0 Unevictable:         692 kB
Node 0 Mlocked:             692 kB
Node 0 Dirty:               296 kB
Node 0 Writeback:             0 kB
Node 0 FilePages:         62804 kB
Node 0 Mapped:            12348 kB
Node 0 AnonPages:         15308 kB
Node 0 Shmem:               780 kB
Node 0 KernelStack:        2424 kB
Node 0 PageTables:          600 kB
Node 0 NFS_Unstable:          0 kB
Node 0 Bounce:                0 kB
Node 0 WritebackTmp:          0 kB
Node 0 KReclaimable:      23624 kB
Node 0 Slab:              56256 kB
Node 0 SReclaimable:      23624 kB
Node 0 SUnreclaim:        32632 kB
Node 0 AnonHugePages:         0 kB
Node 0 ShmemHugePages:        0 kB
Node 0 ShmemPmdMapped:        0 kB
Node 0 FileHugePages:        0 kB
Node 0 FilePmdMapped:        0 kB
Node 0 HugePages_Total:     0
Node 0 HugePages_Free:      0
Node 0 HugePages_Surp:      0

Node 1 MemTotal:       24686196 kB
Node 1 MemFree:        24316600 kB
Node 1 MemUsed:          369596 kB
Node 1 Active:            46904 kB
Node 1 Inactive:         108744 kB
Node 1 Active(anon):      18304 kB
Node 1 Inactive(anon):      312 kB
Node 1 Active(file):      28600 kB
Node 1 Inactive(file):   108432 kB
Node 1 Unevictable:       17832 kB
Node 1 Mlocked:           17832 kB
Node 1 Dirty:               228 kB
Node 1 Writeback:             0 kB
Node 1 FilePages:        145024 kB
Node 1 Mapped:            68080 kB
Node 1 AnonPages:         28524 kB
Node 1 Shmem:               488 kB
Node 1 KernelStack:        1192 kB
Node 1 PageTables:          656 kB
Node 1 NFS_Unstable:          0 kB
Node 1 Bounce:                0 kB
Node 1 WritebackTmp:          0 kB
Node 1 KReclaimable:      18564 kB
Node 1 Slab:              49852 kB
Node 1 SReclaimable:      18564 kB
Node 1 SUnreclaim:        31288 kB
Node 1 AnonHugePages:         0 kB
Node 1 ShmemHugePages:        0 kB
Node 1 ShmemPmdMapped:        0 kB
Node 1 FileHugePages:        0 kB
Node 1 FilePmdMapped:        0 kB
Node 1 HugePages_Total:     0
Node 1 HugePages_Free:      0
Node 1 HugePages_Surp:      0

Load ZFS
Node 0 MemTotal:       24743736 kB
Node 0 MemFree:        24381308 kB
Node 0 MemUsed:          362428 kB
Node 0 Active:            62620 kB
Node 0 Inactive:          22860 kB
Node 0 Active(anon):      21968 kB
Node 0 Inactive(anon):      564 kB
Node 0 Active(file):      40652 kB
Node 0 Inactive(file):    22296 kB
Node 0 Unevictable:         692 kB
Node 0 Mlocked:             692 kB
Node 0 Dirty:                68 kB
Node 0 Writeback:             0 kB
Node 0 FilePages:         64420 kB
Node 0 Mapped:            12508 kB
Node 0 AnonPages:         21380 kB
Node 0 Shmem:               780 kB
Node 0 KernelStack:        2616 kB
Node 0 PageTables:         1108 kB
Node 0 NFS_Unstable:          0 kB
Node 0 Bounce:                0 kB
Node 0 WritebackTmp:          0 kB
Node 0 KReclaimable:      24004 kB
Node 0 Slab:              58100 kB
Node 0 SReclaimable:      24004 kB
Node 0 SUnreclaim:        34096 kB
Node 0 AnonHugePages:         0 kB
Node 0 ShmemHugePages:        0 kB
Node 0 ShmemPmdMapped:        0 kB
Node 0 FileHugePages:        0 kB
Node 0 FilePmdMapped:        0 kB
Node 0 HugePages_Total:     0
Node 0 HugePages_Free:      0
Node 0 HugePages_Surp:      0

Node 1 MemTotal:       24686196 kB
Node 1 MemFree:        24377540 kB
Node 1 MemUsed:          308656 kB
Node 1 Active:            49608 kB
Node 1 Inactive:         109008 kB
Node 1 Active(anon):      20432 kB
Node 1 Inactive(anon):      312 kB
Node 1 Active(file):      29176 kB
Node 1 Inactive(file):   108696 kB
Node 1 Unevictable:       17832 kB
Node 1 Mlocked:           17832 kB
Node 1 Dirty:               276 kB
Node 1 Writeback:             0 kB
Node 1 FilePages:        145864 kB
Node 1 Mapped:            68144 kB
Node 1 AnonPages:         30760 kB
Node 1 Shmem:               488 kB
Node 1 KernelStack:        1208 kB
Node 1 PageTables:          656 kB
Node 1 NFS_Unstable:          0 kB
Node 1 Bounce:                0 kB
Node 1 WritebackTmp:          0 kB
Node 1 KReclaimable:      18992 kB
Node 1 Slab:              51752 kB
Node 1 SReclaimable:      18992 kB
Node 1 SUnreclaim:        32760 kB
Node 1 AnonHugePages:         0 kB
Node 1 ShmemHugePages:        0 kB
Node 1 ShmemPmdMapped:        0 kB
Node 1 FileHugePages:        0 kB
Node 1 FilePmdMapped:        0 kB
Node 1 HugePages_Total:     0
Node 1 HugePages_Free:      0
Node 1 HugePages_Surp:      0

Import tank ZPool
Node 0 MemTotal:       24743736 kB
Node 0 MemFree:        24364644 kB
Node 0 MemUsed:          379092 kB
Node 0 Active:            57392 kB
Node 0 Inactive:          24056 kB
Node 0 Active(anon):      16192 kB
Node 0 Inactive(anon):      568 kB
Node 0 Active(file):      41200 kB
Node 0 Inactive(file):    23488 kB
Node 0 Unevictable:         692 kB
Node 0 Mlocked:             692 kB
Node 0 Dirty:               104 kB
Node 0 Writeback:             0 kB
Node 0 FilePages:         66156 kB
Node 0 Mapped:            12584 kB
Node 0 AnonPages:         15800 kB
Node 0 Shmem:               780 kB
Node 0 KernelStack:        3512 kB
Node 0 PageTables:          632 kB
Node 0 NFS_Unstable:          0 kB
Node 0 Bounce:                0 kB
Node 0 WritebackTmp:          0 kB
Node 0 KReclaimable:      24128 kB
Node 0 Slab:              65156 kB
Node 0 SReclaimable:      24128 kB
Node 0 SUnreclaim:        41028 kB
Node 0 AnonHugePages:         0 kB
Node 0 ShmemHugePages:        0 kB
Node 0 ShmemPmdMapped:        0 kB
Node 0 FileHugePages:        0 kB
Node 0 FilePmdMapped:        0 kB
Node 0 HugePages_Total:     0
Node 0 HugePages_Free:      0
Node 0 HugePages_Surp:      0

Node 1 MemTotal:       24686196 kB
Node 1 MemFree:        24379960 kB
Node 1 MemUsed:          306236 kB
Node 1 Active:            46604 kB
Node 1 Inactive:         109096 kB
Node 1 Active(anon):      17428 kB
Node 1 Inactive(anon):      312 kB
Node 1 Active(file):      29176 kB
Node 1 Inactive(file):   108784 kB
Node 1 Unevictable:       17832 kB
Node 1 Mlocked:           17832 kB
Node 1 Dirty:               192 kB
Node 1 Writeback:             0 kB
Node 1 FilePages:        145952 kB
Node 1 Mapped:            68480 kB
Node 1 AnonPages:         27580 kB
Node 1 Shmem:               488 kB
Node 1 KernelStack:        1208 kB
Node 1 PageTables:          656 kB
Node 1 NFS_Unstable:          0 kB
Node 1 Bounce:                0 kB
Node 1 WritebackTmp:          0 kB
Node 1 KReclaimable:      19008 kB
Node 1 Slab:              51608 kB
Node 1 SReclaimable:      19008 kB
Node 1 SUnreclaim:        32600 kB
Node 1 AnonHugePages:         0 kB
Node 1 ShmemHugePages:        0 kB
Node 1 ShmemPmdMapped:        0 kB
Node 1 FileHugePages:        0 kB
Node 1 FilePmdMapped:        0 kB
Node 1 HugePages_Total:     0
Node 1 HugePages_Free:      0
Node 1 HugePages_Surp:      0

After Test
Node 0 MemTotal:       24743736 kB
Node 0 MemFree:        23531408 kB
Node 0 MemUsed:         1212328 kB
Node 0 Active:            57948 kB
Node 0 Inactive:          25012 kB
Node 0 Active(anon):      15692 kB
Node 0 Inactive(anon):      604 kB
Node 0 Active(file):      42256 kB
Node 0 Inactive(file):    24408 kB
Node 0 Unevictable:         692 kB
Node 0 Mlocked:             692 kB
Node 0 Dirty:                72 kB
Node 0 Writeback:             0 kB
Node 0 FilePages:         68176 kB
Node 0 Mapped:            12620 kB
Node 0 AnonPages:         15404 kB
Node 0 Shmem:               824 kB
Node 0 KernelStack:        3512 kB
Node 0 PageTables:          688 kB
Node 0 NFS_Unstable:          0 kB
Node 0 Bounce:                0 kB
Node 0 WritebackTmp:          0 kB
Node 0 KReclaimable:      25432 kB
Node 0 Slab:              71496 kB
Node 0 SReclaimable:      25432 kB
Node 0 SUnreclaim:        46064 kB
Node 0 AnonHugePages:         0 kB
Node 0 ShmemHugePages:        0 kB
Node 0 ShmemPmdMapped:        0 kB
Node 0 FileHugePages:        0 kB
Node 0 FilePmdMapped:        0 kB
Node 0 HugePages_Total:     0
Node 0 HugePages_Free:      0
Node 0 HugePages_Surp:      0

Node 1 MemTotal:       24686196 kB
Node 1 MemFree:        24151560 kB
Node 1 MemUsed:          534636 kB
Node 1 Active:            46440 kB
Node 1 Inactive:         109056 kB
Node 1 Active(anon):      17224 kB
Node 1 Inactive(anon):      312 kB
Node 1 Active(file):      29216 kB
Node 1 Inactive(file):   108744 kB
Node 1 Unevictable:       17832 kB
Node 1 Mlocked:           17832 kB
Node 1 Dirty:               160 kB
Node 1 Writeback:             0 kB
Node 1 FilePages:        145952 kB
Node 1 Mapped:            68208 kB
Node 1 AnonPages:         27376 kB
Node 1 Shmem:               488 kB
Node 1 KernelStack:        1224 kB
Node 1 PageTables:          656 kB
Node 1 NFS_Unstable:          0 kB
Node 1 Bounce:                0 kB
Node 1 WritebackTmp:          0 kB
Node 1 KReclaimable:      19008 kB
Node 1 Slab:              52356 kB
Node 1 SReclaimable:      19008 kB
Node 1 SUnreclaim:        33348 kB
Node 1 AnonHugePages:         0 kB
Node 1 ShmemHugePages:        0 kB
Node 1 ShmemPmdMapped:        0 kB
Node 1 FileHugePages:        0 kB
Node 1 FilePmdMapped:        0 kB
Node 1 HugePages_Total:     0
Node 1 HugePages_Free:      0
Node 1 HugePages_Surp:      0

After Opposite Node
Node 0 MemTotal:       24743736 kB
Node 0 MemFree:        23532140 kB
Node 0 MemUsed:         1211596 kB
Node 0 Active:            57984 kB
Node 0 Inactive:          24780 kB
Node 0 Active(anon):      15516 kB
Node 0 Inactive(anon):      568 kB
Node 0 Active(file):      42468 kB
Node 0 Inactive(file):    24212 kB
Node 0 Unevictable:         692 kB
Node 0 Mlocked:             692 kB
Node 0 Dirty:                88 kB
Node 0 Writeback:             0 kB
Node 0 FilePages:         68148 kB
Node 0 Mapped:            12596 kB
Node 0 AnonPages:         15304 kB
Node 0 Shmem:               780 kB
Node 0 KernelStack:        3496 kB
Node 0 PageTables:          520 kB
Node 0 NFS_Unstable:          0 kB
Node 0 Bounce:                0 kB
Node 0 WritebackTmp:          0 kB
Node 0 KReclaimable:      25432 kB
Node 0 Slab:              71480 kB
Node 0 SReclaimable:      25432 kB
Node 0 SUnreclaim:        46048 kB
Node 0 AnonHugePages:         0 kB
Node 0 ShmemHugePages:        0 kB
Node 0 ShmemPmdMapped:        0 kB
Node 0 FileHugePages:        0 kB
Node 0 FilePmdMapped:        0 kB
Node 0 HugePages_Total:     0
Node 0 HugePages_Free:      0
Node 0 HugePages_Surp:      0

Node 1 MemTotal:       24686196 kB
Node 1 MemFree:        24150776 kB
Node 1 MemUsed:          535420 kB
Node 1 Active:            46620 kB
Node 1 Inactive:         109092 kB
Node 1 Active(anon):      17400 kB
Node 1 Inactive(anon):      340 kB
Node 1 Active(file):      29220 kB
Node 1 Inactive(file):   108752 kB
Node 1 Unevictable:       17832 kB
Node 1 Mlocked:           17832 kB
Node 1 Dirty:               168 kB
Node 1 Writeback:             0 kB
Node 1 FilePages:        146008 kB
Node 1 Mapped:            68252 kB
Node 1 AnonPages:         27496 kB
Node 1 Shmem:               532 kB
Node 1 KernelStack:        1240 kB
Node 1 PageTables:          824 kB
Node 1 NFS_Unstable:          0 kB
Node 1 Bounce:                0 kB
Node 1 WritebackTmp:          0 kB
Node 1 KReclaimable:      19080 kB
Node 1 Slab:              52688 kB
Node 1 SReclaimable:      19080 kB
Node 1 SUnreclaim:        33608 kB
Node 1 AnonHugePages:         0 kB
Node 1 ShmemHugePages:        0 kB
Node 1 ShmemPmdMapped:        0 kB
Node 1 FileHugePages:        0 kB
Node 1 FilePmdMapped:        0 kB
Node 1 HugePages_Total:     0
Node 1 HugePages_Free:      0
Node 1 HugePages_Surp:      0

U.0.fio.500M.2.O Complete!
