kernel.numa_balancing = 0
U.0.fio.250M.3.O
Begin
Node 0 MemTotal:       24768352 kB
Node 0 MemFree:        24347376 kB
Node 0 MemUsed:          420976 kB
Node 0 Active:            55060 kB
Node 0 Inactive:          77608 kB
Node 0 Active(anon):      14396 kB
Node 0 Inactive(anon):      476 kB
Node 0 Active(file):      40664 kB
Node 0 Inactive(file):    77132 kB
Node 0 Unevictable:         160 kB
Node 0 Mlocked:             160 kB
Node 0 Dirty:               140 kB
Node 0 Writeback:             0 kB
Node 0 FilePages:        118604 kB
Node 0 Mapped:            60040 kB
Node 0 AnonPages:         14256 kB
Node 0 Shmem:               652 kB
Node 0 KernelStack:        2184 kB
Node 0 PageTables:          688 kB
Node 0 NFS_Unstable:          0 kB
Node 0 Bounce:                0 kB
Node 0 WritebackTmp:          0 kB
Node 0 KReclaimable:      25652 kB
Node 0 Slab:              64260 kB
Node 0 SReclaimable:      25652 kB
Node 0 SUnreclaim:        38608 kB
Node 0 AnonHugePages:         0 kB
Node 0 ShmemHugePages:        0 kB
Node 0 ShmemPmdMapped:        0 kB
Node 0 FileHugePages:        0 kB
Node 0 FilePmdMapped:        0 kB
Node 0 HugePages_Total:     0
Node 0 HugePages_Free:      0
Node 0 HugePages_Surp:      0

Node 1 MemTotal:       24661580 kB
Node 1 MemFree:        24426704 kB
Node 1 MemUsed:          234876 kB
Node 1 Active:            41504 kB
Node 1 Inactive:          58376 kB
Node 1 Active(anon):      19152 kB
Node 1 Inactive(anon):      412 kB
Node 1 Active(file):      22352 kB
Node 1 Inactive(file):    57964 kB
Node 1 Unevictable:       18364 kB
Node 1 Mlocked:           18364 kB
Node 1 Dirty:               364 kB
Node 1 Writeback:             0 kB
Node 1 FilePages:         89112 kB
Node 1 Mapped:            20940 kB
Node 1 AnonPages:         29328 kB
Node 1 Shmem:               616 kB
Node 1 KernelStack:        1384 kB
Node 1 PageTables:          484 kB
Node 1 NFS_Unstable:          0 kB
Node 1 Bounce:                0 kB
Node 1 WritebackTmp:          0 kB
Node 1 KReclaimable:      16328 kB
Node 1 Slab:              40484 kB
Node 1 SReclaimable:      16328 kB
Node 1 SUnreclaim:        24156 kB
Node 1 AnonHugePages:         0 kB
Node 1 ShmemHugePages:        0 kB
Node 1 ShmemPmdMapped:        0 kB
Node 1 FileHugePages:        0 kB
Node 1 FilePmdMapped:        0 kB
Node 1 HugePages_Total:     0
Node 1 HugePages_Free:      0
Node 1 HugePages_Surp:      0

Load ZFS
Node 0 MemTotal:       24768352 kB
Node 0 MemFree:        24340200 kB
Node 0 MemUsed:          428152 kB
Node 0 Active:            65424 kB
Node 0 Inactive:          73284 kB
Node 0 Active(anon):      19324 kB
Node 0 Inactive(anon):      476 kB
Node 0 Active(file):      46100 kB
Node 0 Inactive(file):    72808 kB
Node 0 Unevictable:         160 kB
Node 0 Mlocked:             160 kB
Node 0 Dirty:               196 kB
Node 0 Writeback:             0 kB
Node 0 FilePages:        119716 kB
Node 0 Mapped:            60168 kB
Node 0 AnonPages:         19188 kB
Node 0 Shmem:               652 kB
Node 0 KernelStack:        2360 kB
Node 0 PageTables:         1060 kB
Node 0 NFS_Unstable:          0 kB
Node 0 Bounce:                0 kB
Node 0 WritebackTmp:          0 kB
Node 0 KReclaimable:      26184 kB
Node 0 Slab:              66392 kB
Node 0 SReclaimable:      26184 kB
Node 0 SUnreclaim:        40208 kB
Node 0 AnonHugePages:         0 kB
Node 0 ShmemHugePages:        0 kB
Node 0 ShmemPmdMapped:        0 kB
Node 0 FileHugePages:        0 kB
Node 0 FilePmdMapped:        0 kB
Node 0 HugePages_Total:     0
Node 0 HugePages_Free:      0
Node 0 HugePages_Surp:      0

Node 1 MemTotal:       24661580 kB
Node 1 MemFree:        24421892 kB
Node 1 MemUsed:          239688 kB
Node 1 Active:            45336 kB
Node 1 Inactive:          58620 kB
Node 1 Active(anon):      21900 kB
Node 1 Inactive(anon):      412 kB
Node 1 Active(file):      23436 kB
Node 1 Inactive(file):    58208 kB
Node 1 Unevictable:       18364 kB
Node 1 Mlocked:           18364 kB
Node 1 Dirty:               128 kB
Node 1 Writeback:             0 kB
Node 1 FilePages:         90296 kB
Node 1 Mapped:            20924 kB
Node 1 AnonPages:         31608 kB
Node 1 Shmem:               616 kB
Node 1 KernelStack:        1384 kB
Node 1 PageTables:          592 kB
Node 1 NFS_Unstable:          0 kB
Node 1 Bounce:                0 kB
Node 1 WritebackTmp:          0 kB
Node 1 KReclaimable:      16872 kB
Node 1 Slab:              42480 kB
Node 1 SReclaimable:      16872 kB
Node 1 SUnreclaim:        25608 kB
Node 1 AnonHugePages:         0 kB
Node 1 ShmemHugePages:        0 kB
Node 1 ShmemPmdMapped:        0 kB
Node 1 FileHugePages:        0 kB
Node 1 FilePmdMapped:        0 kB
Node 1 HugePages_Total:     0
Node 1 HugePages_Free:      0
Node 1 HugePages_Surp:      0

Import tank ZPool
Node 0 MemTotal:       24768352 kB
Node 0 MemFree:        24326600 kB
Node 0 MemUsed:          441752 kB
Node 0 Active:            65456 kB
Node 0 Inactive:          73256 kB
Node 0 Active(anon):      19324 kB
Node 0 Inactive(anon):      476 kB
Node 0 Active(file):      46132 kB
Node 0 Inactive(file):    72780 kB
Node 0 Unevictable:         160 kB
Node 0 Mlocked:             160 kB
Node 0 Dirty:               224 kB
Node 0 Writeback:             0 kB
Node 0 FilePages:        119716 kB
Node 0 Mapped:            60084 kB
Node 0 AnonPages:         19192 kB
Node 0 Shmem:               648 kB
Node 0 KernelStack:        3480 kB
Node 0 PageTables:         1060 kB
Node 0 NFS_Unstable:          0 kB
Node 0 Bounce:                0 kB
Node 0 WritebackTmp:          0 kB
Node 0 KReclaimable:      26184 kB
Node 0 Slab:              69044 kB
Node 0 SReclaimable:      26184 kB
Node 0 SUnreclaim:        42860 kB
Node 0 AnonHugePages:         0 kB
Node 0 ShmemHugePages:        0 kB
Node 0 ShmemPmdMapped:        0 kB
Node 0 FileHugePages:        0 kB
Node 0 FilePmdMapped:        0 kB
Node 0 HugePages_Total:     0
Node 0 HugePages_Free:      0
Node 0 HugePages_Surp:      0

Node 1 MemTotal:       24661580 kB
Node 1 MemFree:        24415208 kB
Node 1 MemUsed:          246372 kB
Node 1 Active:            45976 kB
Node 1 Inactive:          59860 kB
Node 1 Active(anon):      22092 kB
Node 1 Inactive(anon):      416 kB
Node 1 Active(file):      23884 kB
Node 1 Inactive(file):    59444 kB
Node 1 Unevictable:       18364 kB
Node 1 Mlocked:           18364 kB
Node 1 Dirty:               152 kB
Node 1 Writeback:             0 kB
Node 1 FilePages:         92016 kB
Node 1 Mapped:            21088 kB
Node 1 AnonPages:         32288 kB
Node 1 Shmem:               620 kB
Node 1 KernelStack:        1400 kB
Node 1 PageTables:          656 kB
Node 1 NFS_Unstable:          0 kB
Node 1 Bounce:                0 kB
Node 1 WritebackTmp:          0 kB
Node 1 KReclaimable:      17028 kB
Node 1 Slab:              47236 kB
Node 1 SReclaimable:      17028 kB
Node 1 SUnreclaim:        30208 kB
Node 1 AnonHugePages:         0 kB
Node 1 ShmemHugePages:        0 kB
Node 1 ShmemPmdMapped:        0 kB
Node 1 FileHugePages:        0 kB
Node 1 FilePmdMapped:        0 kB
Node 1 HugePages_Total:     0
Node 1 HugePages_Free:      0
Node 1 HugePages_Surp:      0

After Test
Node 0 MemTotal:       24768352 kB
Node 0 MemFree:        23810368 kB
Node 0 MemUsed:          957984 kB
Node 0 Active:            60832 kB
Node 0 Inactive:          74348 kB
Node 0 Active(anon):      13828 kB
Node 0 Inactive(anon):      504 kB
Node 0 Active(file):      47004 kB
Node 0 Inactive(file):    73844 kB
Node 0 Unevictable:         160 kB
Node 0 Mlocked:             160 kB
Node 0 Dirty:               228 kB
Node 0 Writeback:             0 kB
Node 0 FilePages:        121696 kB
Node 0 Mapped:            60280 kB
Node 0 AnonPages:         13556 kB
Node 0 Shmem:               692 kB
Node 0 KernelStack:        3352 kB
Node 0 PageTables:          776 kB
Node 0 NFS_Unstable:          0 kB
Node 0 Bounce:                0 kB
Node 0 WritebackTmp:          0 kB
Node 0 KReclaimable:      27472 kB
Node 0 Slab:              73980 kB
Node 0 SReclaimable:      27472 kB
Node 0 SUnreclaim:        46508 kB
Node 0 AnonHugePages:         0 kB
Node 0 ShmemHugePages:        0 kB
Node 0 ShmemPmdMapped:        0 kB
Node 0 FileHugePages:        0 kB
Node 0 FilePmdMapped:        0 kB
Node 0 HugePages_Total:     0
Node 0 HugePages_Free:      0
Node 0 HugePages_Surp:      0

Node 1 MemTotal:       24661580 kB
Node 1 MemFree:        24397344 kB
Node 1 MemUsed:          264236 kB
Node 1 Active:            43320 kB
Node 1 Inactive:          59612 kB
Node 1 Active(anon):      19108 kB
Node 1 Inactive(anon):      416 kB
Node 1 Active(file):      24212 kB
Node 1 Inactive(file):    59196 kB
Node 1 Unevictable:       18364 kB
Node 1 Mlocked:           18364 kB
Node 1 Dirty:                48 kB
Node 1 Writeback:             0 kB
Node 1 FilePages:         92064 kB
Node 1 Mapped:            20924 kB
Node 1 AnonPages:         29232 kB
Node 1 Shmem:               620 kB
Node 1 KernelStack:        1368 kB
Node 1 PageTables:          528 kB
Node 1 NFS_Unstable:          0 kB
Node 1 Bounce:                0 kB
Node 1 WritebackTmp:          0 kB
Node 1 KReclaimable:      17036 kB
Node 1 Slab:              46888 kB
Node 1 SReclaimable:      17036 kB
Node 1 SUnreclaim:        29852 kB
Node 1 AnonHugePages:         0 kB
Node 1 ShmemHugePages:        0 kB
Node 1 ShmemPmdMapped:        0 kB
Node 1 FileHugePages:        0 kB
Node 1 FilePmdMapped:        0 kB
Node 1 HugePages_Total:     0
Node 1 HugePages_Free:      0
Node 1 HugePages_Surp:      0

After Opposite Node
Node 0 MemTotal:       24768352 kB
Node 0 MemFree:        23810700 kB
Node 0 MemUsed:          957652 kB
Node 0 Active:            60864 kB
Node 0 Inactive:          74136 kB
Node 0 Active(anon):      13668 kB
Node 0 Inactive(anon):      476 kB
Node 0 Active(file):      47196 kB
Node 0 Inactive(file):    73660 kB
Node 0 Unevictable:         160 kB
Node 0 Mlocked:             160 kB
Node 0 Dirty:               236 kB
Node 0 Writeback:             0 kB
Node 0 FilePages:        121660 kB
Node 0 Mapped:            60236 kB
Node 0 AnonPages:         13496 kB
Node 0 Shmem:               648 kB
Node 0 KernelStack:        3320 kB
Node 0 PageTables:          628 kB
Node 0 NFS_Unstable:          0 kB
Node 0 Bounce:                0 kB
Node 0 WritebackTmp:          0 kB
Node 0 KReclaimable:      27504 kB
Node 0 Slab:              73996 kB
Node 0 SReclaimable:      27504 kB
Node 0 SUnreclaim:        46492 kB
Node 0 AnonHugePages:         0 kB
Node 0 ShmemHugePages:        0 kB
Node 0 ShmemPmdMapped:        0 kB
Node 0 FileHugePages:        0 kB
Node 0 FilePmdMapped:        0 kB
Node 0 HugePages_Total:     0
Node 0 HugePages_Free:      0
Node 0 HugePages_Surp:      0

Node 1 MemTotal:       24661580 kB
Node 1 MemFree:        24395448 kB
Node 1 MemUsed:          266132 kB
Node 1 Active:            43540 kB
Node 1 Inactive:          59628 kB
Node 1 Active(anon):      19296 kB
Node 1 Inactive(anon):      444 kB
Node 1 Active(file):      24244 kB
Node 1 Inactive(file):    59184 kB
Node 1 Unevictable:       18364 kB
Node 1 Mlocked:           18364 kB
Node 1 Dirty:                64 kB
Node 1 Writeback:             0 kB
Node 1 FilePages:         92128 kB
Node 1 Mapped:            20968 kB
Node 1 AnonPages:         29368 kB
Node 1 Shmem:               664 kB
Node 1 KernelStack:        1400 kB
Node 1 PageTables:          708 kB
Node 1 NFS_Unstable:          0 kB
Node 1 Bounce:                0 kB
Node 1 WritebackTmp:          0 kB
Node 1 KReclaimable:      17108 kB
Node 1 Slab:              47200 kB
Node 1 SReclaimable:      17108 kB
Node 1 SUnreclaim:        30092 kB
Node 1 AnonHugePages:         0 kB
Node 1 ShmemHugePages:        0 kB
Node 1 ShmemPmdMapped:        0 kB
Node 1 FileHugePages:        0 kB
Node 1 FilePmdMapped:        0 kB
Node 1 HugePages_Total:     0
Node 1 HugePages_Free:      0
Node 1 HugePages_Surp:      0

U.0.fio.250M.3.O Complete!
