0.onefio.4G
Begin
Node 0 MemTotal:       24768360 kB
Node 0 MemFree:        24603196 kB
Node 0 MemUsed:          165164 kB
Node 0 Active:            20328 kB
Node 0 Inactive:           9300 kB
Node 0 Active(anon):      10324 kB
Node 0 Inactive(anon):      420 kB
Node 0 Active(file):      10004 kB
Node 0 Inactive(file):     8880 kB
Node 0 Unevictable:         160 kB
Node 0 Mlocked:             160 kB
Node 0 Dirty:               252 kB
Node 0 Writeback:             0 kB
Node 0 FilePages:         19804 kB
Node 0 Mapped:             4452 kB
Node 0 AnonPages:         10252 kB
Node 0 Shmem:               576 kB
Node 0 KernelStack:        2424 kB
Node 0 PageTables:          292 kB
Node 0 NFS_Unstable:          0 kB
Node 0 Bounce:                0 kB
Node 0 WritebackTmp:          0 kB
Node 0 KReclaimable:      14420 kB
Node 0 Slab:              45152 kB
Node 0 SReclaimable:      14420 kB
Node 0 SUnreclaim:        30732 kB
Node 0 AnonHugePages:         0 kB
Node 0 ShmemHugePages:        0 kB
Node 0 ShmemPmdMapped:        0 kB
Node 0 FileHugePages:        0 kB
Node 0 FilePmdMapped:        0 kB
Node 0 HugePages_Total:     0
Node 0 HugePages_Free:      0
Node 0 HugePages_Surp:      0

Node 1 MemTotal:       24661368 kB
Node 1 MemFree:        24333724 kB
Node 1 MemUsed:          327644 kB
Node 1 Active:            74544 kB
Node 1 Inactive:          64632 kB
Node 1 Active(anon):      24196 kB
Node 1 Inactive(anon):      452 kB
Node 1 Active(file):      50348 kB
Node 1 Inactive(file):    64180 kB
Node 1 Unevictable:       18284 kB
Node 1 Mlocked:           18284 kB
Node 1 Dirty:               136 kB
Node 1 Writeback:             0 kB
Node 1 FilePages:        123200 kB
Node 1 Mapped:            53312 kB
Node 1 AnonPages:         34360 kB
Node 1 Shmem:               636 kB
Node 1 KernelStack:        2120 kB
Node 1 PageTables:          860 kB
Node 1 NFS_Unstable:          0 kB
Node 1 Bounce:                0 kB
Node 1 WritebackTmp:          0 kB
Node 1 KReclaimable:      29652 kB
Node 1 Slab:              73596 kB
Node 1 SReclaimable:      29652 kB
Node 1 SUnreclaim:        43944 kB
Node 1 AnonHugePages:         0 kB
Node 1 ShmemHugePages:        0 kB
Node 1 ShmemPmdMapped:        0 kB
Node 1 FileHugePages:        0 kB
Node 1 FilePmdMapped:        0 kB
Node 1 HugePages_Total:     0
Node 1 HugePages_Free:      0
Node 1 HugePages_Surp:      0

Mount tmpfs
Node 0 MemTotal:       24768360 kB
Node 0 MemFree:        24602080 kB
Node 0 MemUsed:          166280 kB
Node 0 Active:            20328 kB
Node 0 Inactive:           9300 kB
Node 0 Active(anon):      10324 kB
Node 0 Inactive(anon):      420 kB
Node 0 Active(file):      10004 kB
Node 0 Inactive(file):     8880 kB
Node 0 Unevictable:         160 kB
Node 0 Mlocked:             160 kB
Node 0 Dirty:               252 kB
Node 0 Writeback:             0 kB
Node 0 FilePages:         19804 kB
Node 0 Mapped:             4452 kB
Node 0 AnonPages:         10436 kB
Node 0 Shmem:               576 kB
Node 0 KernelStack:        2424 kB
Node 0 PageTables:          292 kB
Node 0 NFS_Unstable:          0 kB
Node 0 Bounce:                0 kB
Node 0 WritebackTmp:          0 kB
Node 0 KReclaimable:      14420 kB
Node 0 Slab:              45152 kB
Node 0 SReclaimable:      14420 kB
Node 0 SUnreclaim:        30732 kB
Node 0 AnonHugePages:         0 kB
Node 0 ShmemHugePages:        0 kB
Node 0 ShmemPmdMapped:        0 kB
Node 0 FileHugePages:        0 kB
Node 0 FilePmdMapped:        0 kB
Node 0 HugePages_Total:     0
Node 0 HugePages_Free:      0
Node 0 HugePages_Surp:      0

Node 1 MemTotal:       24661368 kB
Node 1 MemFree:        24333724 kB
Node 1 MemUsed:          327644 kB
Node 1 Active:            74544 kB
Node 1 Inactive:          64632 kB
Node 1 Active(anon):      24196 kB
Node 1 Inactive(anon):      452 kB
Node 1 Active(file):      50348 kB
Node 1 Inactive(file):    64180 kB
Node 1 Unevictable:       18284 kB
Node 1 Mlocked:           18284 kB
Node 1 Dirty:               136 kB
Node 1 Writeback:             0 kB
Node 1 FilePages:        123200 kB
Node 1 Mapped:            53312 kB
Node 1 AnonPages:         34360 kB
Node 1 Shmem:               636 kB
Node 1 KernelStack:        2120 kB
Node 1 PageTables:          860 kB
Node 1 NFS_Unstable:          0 kB
Node 1 Bounce:                0 kB
Node 1 WritebackTmp:          0 kB
Node 1 KReclaimable:      29652 kB
Node 1 Slab:              73596 kB
Node 1 SReclaimable:      29652 kB
Node 1 SUnreclaim:        43944 kB
Node 1 AnonHugePages:         0 kB
Node 1 ShmemHugePages:        0 kB
Node 1 ShmemPmdMapped:        0 kB
Node 1 FileHugePages:        0 kB
Node 1 FilePmdMapped:        0 kB
Node 1 HugePages_Total:     0
Node 1 HugePages_Free:      0
Node 1 HugePages_Surp:      0

Create File
Node 0 MemTotal:       24768360 kB
Node 0 MemFree:        24604184 kB
Node 0 MemUsed:          164176 kB
Node 0 Active:            20688 kB
Node 0 Inactive:           9352 kB
Node 0 Active(anon):      10228 kB
Node 0 Inactive(anon):      420 kB
Node 0 Active(file):      10460 kB
Node 0 Inactive(file):     8932 kB
Node 0 Unevictable:         160 kB
Node 0 Mlocked:             160 kB
Node 0 Dirty:                 0 kB
Node 0 Writeback:             0 kB
Node 0 FilePages:         20132 kB
Node 0 Mapped:             4448 kB
Node 0 AnonPages:         10152 kB
Node 0 Shmem:               576 kB
Node 0 KernelStack:        2424 kB
Node 0 PageTables:          284 kB
Node 0 NFS_Unstable:          0 kB
Node 0 Bounce:                0 kB
Node 0 WritebackTmp:          0 kB
Node 0 KReclaimable:      14708 kB
Node 0 Slab:              45956 kB
Node 0 SReclaimable:      14708 kB
Node 0 SUnreclaim:        31248 kB
Node 0 AnonHugePages:         0 kB
Node 0 ShmemHugePages:        0 kB
Node 0 ShmemPmdMapped:        0 kB
Node 0 FileHugePages:        0 kB
Node 0 FilePmdMapped:        0 kB
Node 0 HugePages_Total:     0
Node 0 HugePages_Free:      0
Node 0 HugePages_Surp:      0

Node 1 MemTotal:       24661368 kB
Node 1 MemFree:        20131476 kB
Node 1 MemUsed:         4529892 kB
Node 1 Active:            73740 kB
Node 1 Inactive:        4258932 kB
Node 1 Active(anon):      23356 kB
Node 1 Inactive(anon):  4194708 kB
Node 1 Active(file):      50384 kB
Node 1 Inactive(file):    64224 kB
Node 1 Unevictable:       18284 kB
Node 1 Mlocked:           18284 kB
Node 1 Dirty:                 0 kB
Node 1 Writeback:             0 kB
Node 1 FilePages:       4317564 kB
Node 1 Mapped:            53376 kB
Node 1 AnonPages:         33436 kB
Node 1 Shmem:           4194924 kB
Node 1 KernelStack:        2104 kB
Node 1 PageTables:          824 kB
Node 1 NFS_Unstable:          0 kB
Node 1 Bounce:                0 kB
Node 1 WritebackTmp:          0 kB
Node 1 KReclaimable:      39148 kB
Node 1 Slab:              83708 kB
Node 1 SReclaimable:      39148 kB
Node 1 SUnreclaim:        44560 kB
Node 1 AnonHugePages:         0 kB
Node 1 ShmemHugePages:        0 kB
Node 1 ShmemPmdMapped:        0 kB
Node 1 FileHugePages:        0 kB
Node 1 FilePmdMapped:        0 kB
Node 1 HugePages_Total:     0
Node 1 HugePages_Free:      0
Node 1 HugePages_Surp:      0

After Test
Node 0 MemTotal:       24768360 kB
Node 0 MemFree:        24585780 kB
Node 0 MemUsed:          182580 kB
Node 0 Active:            21552 kB
Node 0 Inactive:          24160 kB
Node 0 Active(anon):      10524 kB
Node 0 Inactive(anon):      572 kB
Node 0 Active(file):      11028 kB
Node 0 Inactive(file):    23588 kB
Node 0 Unevictable:         160 kB
Node 0 Mlocked:             160 kB
Node 0 Dirty:                 0 kB
Node 0 Writeback:             0 kB
Node 0 FilePages:         35336 kB
Node 0 Mapped:             4520 kB
Node 0 AnonPages:         10476 kB
Node 0 Shmem:               744 kB
Node 0 KernelStack:        2456 kB
Node 0 PageTables:          268 kB
Node 0 NFS_Unstable:          0 kB
Node 0 Bounce:                0 kB
Node 0 WritebackTmp:          0 kB
Node 0 KReclaimable:      16272 kB
Node 0 Slab:              48392 kB
Node 0 SReclaimable:      16272 kB
Node 0 SUnreclaim:        32120 kB
Node 0 AnonHugePages:         0 kB
Node 0 ShmemHugePages:        0 kB
Node 0 ShmemPmdMapped:        0 kB
Node 0 FileHugePages:        0 kB
Node 0 FilePmdMapped:        0 kB
Node 0 HugePages_Total:     0
Node 0 HugePages_Free:      0
Node 0 HugePages_Surp:      0

Node 1 MemTotal:       24661368 kB
Node 1 MemFree:        20132248 kB
Node 1 MemUsed:         4529120 kB
Node 1 Active:          4269360 kB
Node 1 Inactive:          63172 kB
Node 1 Active(anon):    4217104 kB
Node 1 Inactive(anon):      808 kB
Node 1 Active(file):      52256 kB
Node 1 Inactive(file):    62364 kB
Node 1 Unevictable:       18284 kB
Node 1 Mlocked:           18284 kB
Node 1 Dirty:                 0 kB
Node 1 Writeback:             0 kB
Node 1 FilePages:       4317580 kB
Node 1 Mapped:            53356 kB
Node 1 AnonPages:         33232 kB
Node 1 Shmem:           4194940 kB
Node 1 KernelStack:        2088 kB
Node 1 PageTables:          780 kB
Node 1 NFS_Unstable:          0 kB
Node 1 Bounce:                0 kB
Node 1 WritebackTmp:          0 kB
Node 1 KReclaimable:      39292 kB
Node 1 Slab:              83836 kB
Node 1 SReclaimable:      39292 kB
Node 1 SUnreclaim:        44544 kB
Node 1 AnonHugePages:         0 kB
Node 1 ShmemHugePages:        0 kB
Node 1 ShmemPmdMapped:        0 kB
Node 1 FileHugePages:        0 kB
Node 1 FilePmdMapped:        0 kB
Node 1 HugePages_Total:     0
Node 1 HugePages_Free:      0
Node 1 HugePages_Surp:      0

0.onefio.4G Complete!
