0.onefio.2G
Begin
Node 0 MemTotal:       24743524 kB
Node 0 MemFree:        24544900 kB
Node 0 MemUsed:          198624 kB
Node 0 Active:            35224 kB
Node 0 Inactive:          11832 kB
Node 0 Active(anon):      11040 kB
Node 0 Inactive(anon):      472 kB
Node 0 Active(file):      24184 kB
Node 0 Inactive(file):    11360 kB
Node 0 Unevictable:        5768 kB
Node 0 Mlocked:            5768 kB
Node 0 Dirty:                36 kB
Node 0 Writeback:             0 kB
Node 0 FilePages:         41968 kB
Node 0 Mapped:            15784 kB
Node 0 AnonPages:         10852 kB
Node 0 Shmem:               660 kB
Node 0 KernelStack:        2280 kB
Node 0 PageTables:          200 kB
Node 0 NFS_Unstable:          0 kB
Node 0 Bounce:                0 kB
Node 0 WritebackTmp:          0 kB
Node 0 KReclaimable:      21636 kB
Node 0 Slab:              54952 kB
Node 0 SReclaimable:      21636 kB
Node 0 SUnreclaim:        33316 kB
Node 0 AnonHugePages:         0 kB
Node 0 ShmemHugePages:        0 kB
Node 0 ShmemPmdMapped:        0 kB
Node 0 FileHugePages:        0 kB
Node 0 FilePmdMapped:        0 kB
Node 0 HugePages_Total:     0
Node 0 HugePages_Free:      0
Node 0 HugePages_Surp:      0

Node 1 MemTotal:       24686196 kB
Node 1 MemFree:        24396568 kB
Node 1 MemUsed:          289628 kB
Node 1 Active:            58420 kB
Node 1 Inactive:          58744 kB
Node 1 Active(anon):      22664 kB
Node 1 Inactive(anon):      388 kB
Node 1 Active(file):      35756 kB
Node 1 Inactive(file):    58356 kB
Node 1 Unevictable:       12680 kB
Node 1 Mlocked:           12680 kB
Node 1 Dirty:                48 kB
Node 1 Writeback:             0 kB
Node 1 FilePages:         97080 kB
Node 1 Mapped:            38176 kB
Node 1 AnonPages:         32764 kB
Node 1 Shmem:               552 kB
Node 1 KernelStack:        2168 kB
Node 1 PageTables:          880 kB
Node 1 NFS_Unstable:          0 kB
Node 1 Bounce:                0 kB
Node 1 WritebackTmp:          0 kB
Node 1 KReclaimable:      23152 kB
Node 1 Slab:              66444 kB
Node 1 SReclaimable:      23152 kB
Node 1 SUnreclaim:        43292 kB
Node 1 AnonHugePages:         0 kB
Node 1 ShmemHugePages:        0 kB
Node 1 ShmemPmdMapped:        0 kB
Node 1 FileHugePages:        0 kB
Node 1 FilePmdMapped:        0 kB
Node 1 HugePages_Total:     0
Node 1 HugePages_Free:      0
Node 1 HugePages_Surp:      0

Mount tmpfs
Node 0 MemTotal:       24743524 kB
Node 0 MemFree:        24544900 kB
Node 0 MemUsed:          198624 kB
Node 0 Active:            35224 kB
Node 0 Inactive:          11832 kB
Node 0 Active(anon):      11040 kB
Node 0 Inactive(anon):      472 kB
Node 0 Active(file):      24184 kB
Node 0 Inactive(file):    11360 kB
Node 0 Unevictable:        5768 kB
Node 0 Mlocked:            5768 kB
Node 0 Dirty:                36 kB
Node 0 Writeback:             0 kB
Node 0 FilePages:         41968 kB
Node 0 Mapped:            15784 kB
Node 0 AnonPages:         10852 kB
Node 0 Shmem:               660 kB
Node 0 KernelStack:        2280 kB
Node 0 PageTables:          200 kB
Node 0 NFS_Unstable:          0 kB
Node 0 Bounce:                0 kB
Node 0 WritebackTmp:          0 kB
Node 0 KReclaimable:      21636 kB
Node 0 Slab:              54952 kB
Node 0 SReclaimable:      21636 kB
Node 0 SUnreclaim:        33316 kB
Node 0 AnonHugePages:         0 kB
Node 0 ShmemHugePages:        0 kB
Node 0 ShmemPmdMapped:        0 kB
Node 0 FileHugePages:        0 kB
Node 0 FilePmdMapped:        0 kB
Node 0 HugePages_Total:     0
Node 0 HugePages_Free:      0
Node 0 HugePages_Surp:      0

Node 1 MemTotal:       24686196 kB
Node 1 MemFree:        24395128 kB
Node 1 MemUsed:          291068 kB
Node 1 Active:            58784 kB
Node 1 Inactive:          58744 kB
Node 1 Active(anon):      23028 kB
Node 1 Inactive(anon):      388 kB
Node 1 Active(file):      35756 kB
Node 1 Inactive(file):    58356 kB
Node 1 Unevictable:       12680 kB
Node 1 Mlocked:           12680 kB
Node 1 Dirty:                48 kB
Node 1 Writeback:             0 kB
Node 1 FilePages:         97080 kB
Node 1 Mapped:            38176 kB
Node 1 AnonPages:         33312 kB
Node 1 Shmem:               552 kB
Node 1 KernelStack:        2168 kB
Node 1 PageTables:          880 kB
Node 1 NFS_Unstable:          0 kB
Node 1 Bounce:                0 kB
Node 1 WritebackTmp:          0 kB
Node 1 KReclaimable:      23152 kB
Node 1 Slab:              66808 kB
Node 1 SReclaimable:      23152 kB
Node 1 SUnreclaim:        43656 kB
Node 1 AnonHugePages:         0 kB
Node 1 ShmemHugePages:        0 kB
Node 1 ShmemPmdMapped:        0 kB
Node 1 FileHugePages:        0 kB
Node 1 FilePmdMapped:        0 kB
Node 1 HugePages_Total:     0
Node 1 HugePages_Free:      0
Node 1 HugePages_Surp:      0

Create File
Node 0 MemTotal:       24743524 kB
Node 0 MemFree:        24547112 kB
Node 0 MemUsed:          196412 kB
Node 0 Active:            35216 kB
Node 0 Inactive:          11828 kB
Node 0 Active(anon):      11028 kB
Node 0 Inactive(anon):      472 kB
Node 0 Active(file):      24188 kB
Node 0 Inactive(file):    11356 kB
Node 0 Unevictable:        5768 kB
Node 0 Mlocked:            5768 kB
Node 0 Dirty:                36 kB
Node 0 Writeback:             0 kB
Node 0 FilePages:         41968 kB
Node 0 Mapped:            15804 kB
Node 0 AnonPages:         10840 kB
Node 0 Shmem:               660 kB
Node 0 KernelStack:        2280 kB
Node 0 PageTables:          200 kB
Node 0 NFS_Unstable:          0 kB
Node 0 Bounce:                0 kB
Node 0 WritebackTmp:          0 kB
Node 0 KReclaimable:      21636 kB
Node 0 Slab:              54952 kB
Node 0 SReclaimable:      21636 kB
Node 0 SUnreclaim:        33316 kB
Node 0 AnonHugePages:         0 kB
Node 0 ShmemHugePages:        0 kB
Node 0 ShmemPmdMapped:        0 kB
Node 0 FileHugePages:        0 kB
Node 0 FilePmdMapped:        0 kB
Node 0 HugePages_Total:     0
Node 0 HugePages_Free:      0
Node 0 HugePages_Surp:      0

Node 1 MemTotal:       24686196 kB
Node 1 MemFree:        22292568 kB
Node 1 MemUsed:         2393628 kB
Node 1 Active:            59352 kB
Node 1 Inactive:        2155584 kB
Node 1 Active(anon):      22724 kB
Node 1 Inactive(anon):  2097216 kB
Node 1 Active(file):      36628 kB
Node 1 Inactive(file):    58368 kB
Node 1 Unevictable:       12680 kB
Node 1 Mlocked:           12680 kB
Node 1 Dirty:                64 kB
Node 1 Writeback:             0 kB
Node 1 FilePages:       2194872 kB
Node 1 Mapped:            38188 kB
Node 1 AnonPages:         32884 kB
Node 1 Shmem:           2097432 kB
Node 1 KernelStack:        2200 kB
Node 1 PageTables:          940 kB
Node 1 NFS_Unstable:          0 kB
Node 1 Bounce:                0 kB
Node 1 WritebackTmp:          0 kB
Node 1 KReclaimable:      28216 kB
Node 1 Slab:              72408 kB
Node 1 SReclaimable:      28216 kB
Node 1 SUnreclaim:        44192 kB
Node 1 AnonHugePages:         0 kB
Node 1 ShmemHugePages:        0 kB
Node 1 ShmemPmdMapped:        0 kB
Node 1 FileHugePages:        0 kB
Node 1 FilePmdMapped:        0 kB
Node 1 HugePages_Total:     0
Node 1 HugePages_Free:      0
Node 1 HugePages_Surp:      0

After Test
Node 0 MemTotal:       24743524 kB
Node 0 MemFree:        24529052 kB
Node 0 MemUsed:          214472 kB
Node 0 Active:            36016 kB
Node 0 Inactive:          26640 kB
Node 0 Active(anon):      11276 kB
Node 0 Inactive(anon):      472 kB
Node 0 Active(file):      24740 kB
Node 0 Inactive(file):    26168 kB
Node 0 Unevictable:        5768 kB
Node 0 Mlocked:            5768 kB
Node 0 Dirty:                40 kB
Node 0 Writeback:             0 kB
Node 0 FilePages:         57364 kB
Node 0 Mapped:            15992 kB
Node 0 AnonPages:         10920 kB
Node 0 Shmem:               660 kB
Node 0 KernelStack:        2296 kB
Node 0 PageTables:          336 kB
Node 0 NFS_Unstable:          0 kB
Node 0 Bounce:                0 kB
Node 0 WritebackTmp:          0 kB
Node 0 KReclaimable:      23092 kB
Node 0 Slab:              57388 kB
Node 0 SReclaimable:      23092 kB
Node 0 SUnreclaim:        34296 kB
Node 0 AnonHugePages:         0 kB
Node 0 ShmemHugePages:        0 kB
Node 0 ShmemPmdMapped:        0 kB
Node 0 FileHugePages:        0 kB
Node 0 FilePmdMapped:        0 kB
Node 0 HugePages_Total:     0
Node 0 HugePages_Free:      0
Node 0 HugePages_Surp:      0

Node 1 MemTotal:       24686196 kB
Node 1 MemFree:        22292660 kB
Node 1 MemUsed:         2393536 kB
Node 1 Active:          2158280 kB
Node 1 Inactive:          56876 kB
Node 1 Active(anon):    2119744 kB
Node 1 Inactive(anon):      388 kB
Node 1 Active(file):      38536 kB
Node 1 Inactive(file):    56488 kB
Node 1 Unevictable:       12680 kB
Node 1 Mlocked:           12680 kB
Node 1 Dirty:                64 kB
Node 1 Writeback:             0 kB
Node 1 FilePages:       2195144 kB
Node 1 Mapped:            38376 kB
Node 1 AnonPages:         32692 kB
Node 1 Shmem:           2097704 kB
Node 1 KernelStack:        2184 kB
Node 1 PageTables:          896 kB
Node 1 NFS_Unstable:          0 kB
Node 1 Bounce:                0 kB
Node 1 WritebackTmp:          0 kB
Node 1 KReclaimable:      28400 kB
Node 1 Slab:              72712 kB
Node 1 SReclaimable:      28400 kB
Node 1 SUnreclaim:        44312 kB
Node 1 AnonHugePages:         0 kB
Node 1 ShmemHugePages:        0 kB
Node 1 ShmemPmdMapped:        0 kB
Node 1 FileHugePages:        0 kB
Node 1 FilePmdMapped:        0 kB
Node 1 HugePages_Total:     0
Node 1 HugePages_Free:      0
Node 1 HugePages_Surp:      0

0.onefio.2G Complete!
