kernel.numa_balancing = 0
U.1.fio.16G.3.O
Begin
Node 0 MemTotal:       24768352 kB
Node 0 MemFree:        24490264 kB
Node 0 MemUsed:          278088 kB
Node 0 Active:            50732 kB
Node 0 Inactive:          64568 kB
Node 0 Active(anon):      24112 kB
Node 0 Inactive(anon):      400 kB
Node 0 Active(file):      26620 kB
Node 0 Inactive(file):    64168 kB
Node 0 Unevictable:       17604 kB
Node 0 Mlocked:           17604 kB
Node 0 Dirty:               240 kB
Node 0 Writeback:             0 kB
Node 0 FilePages:         98656 kB
Node 0 Mapped:            55168 kB
Node 0 AnonPages:         34348 kB
Node 0 Shmem:               592 kB
Node 0 KernelStack:        2056 kB
Node 0 PageTables:          864 kB
Node 0 NFS_Unstable:          0 kB
Node 0 Bounce:                0 kB
Node 0 WritebackTmp:          0 kB
Node 0 KReclaimable:      22224 kB
Node 0 Slab:              62376 kB
Node 0 SReclaimable:      22224 kB
Node 0 SUnreclaim:        40152 kB
Node 0 AnonHugePages:         0 kB
Node 0 ShmemHugePages:        0 kB
Node 0 ShmemPmdMapped:        0 kB
Node 0 FileHugePages:        0 kB
Node 0 FilePmdMapped:        0 kB
Node 0 HugePages_Total:     0
Node 0 HugePages_Free:      0
Node 0 HugePages_Surp:      0

Node 1 MemTotal:       24661580 kB
Node 1 MemFree:        24300848 kB
Node 1 MemUsed:          360732 kB
Node 1 Active:            47236 kB
Node 1 Inactive:          51528 kB
Node 1 Active(anon):       9608 kB
Node 1 Inactive(anon):      464 kB
Node 1 Active(file):      37628 kB
Node 1 Inactive(file):    51064 kB
Node 1 Unevictable:         916 kB
Node 1 Mlocked:             916 kB
Node 1 Dirty:                32 kB
Node 1 Writeback:             0 kB
Node 1 FilePages:         90360 kB
Node 1 Mapped:            11196 kB
Node 1 AnonPages:          9448 kB
Node 1 Shmem:               676 kB
Node 1 KernelStack:        1608 kB
Node 1 PageTables:          308 kB
Node 1 NFS_Unstable:          0 kB
Node 1 Bounce:                0 kB
Node 1 WritebackTmp:          0 kB
Node 1 KReclaimable:      19216 kB
Node 1 Slab:              44084 kB
Node 1 SReclaimable:      19216 kB
Node 1 SUnreclaim:        24868 kB
Node 1 AnonHugePages:         0 kB
Node 1 ShmemHugePages:        0 kB
Node 1 ShmemPmdMapped:        0 kB
Node 1 FileHugePages:        0 kB
Node 1 FilePmdMapped:        0 kB
Node 1 HugePages_Total:     0
Node 1 HugePages_Free:      0
Node 1 HugePages_Surp:      0

Load ZFS
Node 0 MemTotal:       24768352 kB
Node 0 MemFree:        24485764 kB
Node 0 MemUsed:          282588 kB
Node 0 Active:            51892 kB
Node 0 Inactive:          64732 kB
Node 0 Active(anon):      24236 kB
Node 0 Inactive(anon):      400 kB
Node 0 Active(file):      27656 kB
Node 0 Inactive(file):    64332 kB
Node 0 Unevictable:       17604 kB
Node 0 Mlocked:           17604 kB
Node 0 Dirty:               272 kB
Node 0 Writeback:             0 kB
Node 0 FilePages:         99856 kB
Node 0 Mapped:            55328 kB
Node 0 AnonPages:         34368 kB
Node 0 Shmem:               592 kB
Node 0 KernelStack:        2200 kB
Node 0 PageTables:          864 kB
Node 0 NFS_Unstable:          0 kB
Node 0 Bounce:                0 kB
Node 0 WritebackTmp:          0 kB
Node 0 KReclaimable:      22668 kB
Node 0 Slab:              64332 kB
Node 0 SReclaimable:      22668 kB
Node 0 SUnreclaim:        41664 kB
Node 0 AnonHugePages:         0 kB
Node 0 ShmemHugePages:        0 kB
Node 0 ShmemPmdMapped:        0 kB
Node 0 FileHugePages:        0 kB
Node 0 FilePmdMapped:        0 kB
Node 0 HugePages_Total:     0
Node 0 HugePages_Free:      0
Node 0 HugePages_Surp:      0

Node 1 MemTotal:       24661580 kB
Node 1 MemFree:        24297612 kB
Node 1 MemUsed:          363968 kB
Node 1 Active:            54484 kB
Node 1 Inactive:          47396 kB
Node 1 Active(anon):      11420 kB
Node 1 Inactive(anon):      464 kB
Node 1 Active(file):      43064 kB
Node 1 Inactive(file):    46932 kB
Node 1 Unevictable:         916 kB
Node 1 Mlocked:             916 kB
Node 1 Dirty:                32 kB
Node 1 Writeback:             0 kB
Node 1 FilePages:         91588 kB
Node 1 Mapped:            11164 kB
Node 1 AnonPages:         10876 kB
Node 1 Shmem:               676 kB
Node 1 KernelStack:        1480 kB
Node 1 PageTables:          416 kB
Node 1 NFS_Unstable:          0 kB
Node 1 Bounce:                0 kB
Node 1 WritebackTmp:          0 kB
Node 1 KReclaimable:      19728 kB
Node 1 Slab:              45636 kB
Node 1 SReclaimable:      19728 kB
Node 1 SUnreclaim:        25908 kB
Node 1 AnonHugePages:         0 kB
Node 1 ShmemHugePages:        0 kB
Node 1 ShmemPmdMapped:        0 kB
Node 1 FileHugePages:        0 kB
Node 1 FilePmdMapped:        0 kB
Node 1 HugePages_Total:     0
Node 1 HugePages_Free:      0
Node 1 HugePages_Surp:      0

Import tank ZPool
Node 0 MemTotal:       24768352 kB
Node 0 MemFree:        24471912 kB
Node 0 MemUsed:          296440 kB
Node 0 Active:            51440 kB
Node 0 Inactive:          64700 kB
Node 0 Active(anon):      23752 kB
Node 0 Inactive(anon):      400 kB
Node 0 Active(file):      27688 kB
Node 0 Inactive(file):    64300 kB
Node 0 Unevictable:       17604 kB
Node 0 Mlocked:           17604 kB
Node 0 Dirty:               296 kB
Node 0 Writeback:             0 kB
Node 0 FilePages:         99852 kB
Node 0 Mapped:            55384 kB
Node 0 AnonPages:         33756 kB
Node 0 Shmem:               588 kB
Node 0 KernelStack:        3272 kB
Node 0 PageTables:          864 kB
Node 0 NFS_Unstable:          0 kB
Node 0 Bounce:                0 kB
Node 0 WritebackTmp:          0 kB
Node 0 KReclaimable:      22668 kB
Node 0 Slab:              66984 kB
Node 0 SReclaimable:      22668 kB
Node 0 SUnreclaim:        44316 kB
Node 0 AnonHugePages:         0 kB
Node 0 ShmemHugePages:        0 kB
Node 0 ShmemPmdMapped:        0 kB
Node 0 FileHugePages:        0 kB
Node 0 FilePmdMapped:        0 kB
Node 0 HugePages_Total:     0
Node 0 HugePages_Free:      0
Node 0 HugePages_Surp:      0

Node 1 MemTotal:       24661580 kB
Node 1 MemFree:        24292056 kB
Node 1 MemUsed:          369524 kB
Node 1 Active:            53552 kB
Node 1 Inactive:          48624 kB
Node 1 Active(anon):       9692 kB
Node 1 Inactive(anon):      468 kB
Node 1 Active(file):      43860 kB
Node 1 Inactive(file):    48156 kB
Node 1 Unevictable:         916 kB
Node 1 Mlocked:             916 kB
Node 1 Dirty:                48 kB
Node 1 Writeback:             0 kB
Node 1 FilePages:         93336 kB
Node 1 Mapped:            11408 kB
Node 1 AnonPages:          9156 kB
Node 1 Shmem:               680 kB
Node 1 KernelStack:        1512 kB
Node 1 PageTables:          344 kB
Node 1 NFS_Unstable:          0 kB
Node 1 Bounce:                0 kB
Node 1 WritebackTmp:          0 kB
Node 1 KReclaimable:      19928 kB
Node 1 Slab:              50844 kB
Node 1 SReclaimable:      19928 kB
Node 1 SUnreclaim:        30916 kB
Node 1 AnonHugePages:         0 kB
Node 1 ShmemHugePages:        0 kB
Node 1 ShmemPmdMapped:        0 kB
Node 1 FileHugePages:        0 kB
Node 1 FilePmdMapped:        0 kB
Node 1 HugePages_Total:     0
Node 1 HugePages_Free:      0
Node 1 HugePages_Surp:      0

After Test
Node 0 MemTotal:       24768352 kB
Node 0 MemFree:        23858976 kB
Node 0 MemUsed:          909376 kB
Node 0 Active:            51308 kB
Node 0 Inactive:          64696 kB
Node 0 Active(anon):      23508 kB
Node 0 Inactive(anon):      396 kB
Node 0 Active(file):      27800 kB
Node 0 Inactive(file):    64300 kB
Node 0 Unevictable:       17604 kB
Node 0 Mlocked:           17604 kB
Node 0 Dirty:                20 kB
Node 0 Writeback:             0 kB
Node 0 FilePages:         99960 kB
Node 0 Mapped:            55168 kB
Node 0 AnonPages:         33644 kB
Node 0 Shmem:               584 kB
Node 0 KernelStack:        3064 kB
Node 0 PageTables:          864 kB
Node 0 NFS_Unstable:          0 kB
Node 0 Bounce:                0 kB
Node 0 WritebackTmp:          0 kB
Node 0 KReclaimable:      22672 kB
Node 0 Slab:              69016 kB
Node 0 SReclaimable:      22672 kB
Node 0 SUnreclaim:        46344 kB
Node 0 AnonHugePages:         0 kB
Node 0 ShmemHugePages:        0 kB
Node 0 ShmemPmdMapped:        0 kB
Node 0 FileHugePages:        0 kB
Node 0 FilePmdMapped:        0 kB
Node 0 HugePages_Total:     0
Node 0 HugePages_Free:      0
Node 0 HugePages_Surp:      0

Node 1 MemTotal:       24661580 kB
Node 1 MemFree:         7246960 kB
Node 1 MemUsed:        17414620 kB
Node 1 Active:            54288 kB
Node 1 Inactive:          49524 kB
Node 1 Active(anon):       9460 kB
Node 1 Inactive(anon):      516 kB
Node 1 Active(file):      44828 kB
Node 1 Inactive(file):    49008 kB
Node 1 Unevictable:         916 kB
Node 1 Mlocked:             916 kB
Node 1 Dirty:                12 kB
Node 1 Writeback:             0 kB
Node 1 FilePages:         95484 kB
Node 1 Mapped:            11404 kB
Node 1 AnonPages:          9156 kB
Node 1 Shmem:               728 kB
Node 1 KernelStack:        1416 kB
Node 1 PageTables:          444 kB
Node 1 NFS_Unstable:          0 kB
Node 1 Bounce:                0 kB
Node 1 WritebackTmp:          0 kB
Node 1 KReclaimable:      21384 kB
Node 1 Slab:             110108 kB
Node 1 SReclaimable:      21384 kB
Node 1 SUnreclaim:        88724 kB
Node 1 AnonHugePages:         0 kB
Node 1 ShmemHugePages:        0 kB
Node 1 ShmemPmdMapped:        0 kB
Node 1 FileHugePages:        0 kB
Node 1 FilePmdMapped:        0 kB
Node 1 HugePages_Total:     0
Node 1 HugePages_Free:      0
Node 1 HugePages_Surp:      0

After Opposite Node
Node 0 MemTotal:       24768352 kB
Node 0 MemFree:        23865940 kB
Node 0 MemUsed:          902412 kB
Node 0 Active:            51480 kB
Node 0 Inactive:          64728 kB
Node 0 Active(anon):      23676 kB
Node 0 Inactive(anon):      420 kB
Node 0 Active(file):      27804 kB
Node 0 Inactive(file):    64308 kB
Node 0 Unevictable:       17604 kB
Node 0 Mlocked:           17604 kB
Node 0 Dirty:                36 kB
Node 0 Writeback:             0 kB
Node 0 FilePages:        100016 kB
Node 0 Mapped:            55212 kB
Node 0 AnonPages:         33712 kB
Node 0 Shmem:               628 kB
Node 0 KernelStack:        3080 kB
Node 0 PageTables:          984 kB
Node 0 NFS_Unstable:          0 kB
Node 0 Bounce:                0 kB
Node 0 WritebackTmp:          0 kB
Node 0 KReclaimable:      22752 kB
Node 0 Slab:              71168 kB
Node 0 SReclaimable:      22752 kB
Node 0 SUnreclaim:        48416 kB
Node 0 AnonHugePages:         0 kB
Node 0 ShmemHugePages:        0 kB
Node 0 ShmemPmdMapped:        0 kB
Node 0 FileHugePages:        0 kB
Node 0 FilePmdMapped:        0 kB
Node 0 HugePages_Total:     0
Node 0 HugePages_Free:      0
Node 0 HugePages_Surp:      0

Node 1 MemTotal:       24661580 kB
Node 1 MemFree:         7246980 kB
Node 1 MemUsed:        17414600 kB
Node 1 Active:            54284 kB
Node 1 Inactive:          49312 kB
Node 1 Active(anon):       9228 kB
Node 1 Inactive(anon):      472 kB
Node 1 Active(file):      45056 kB
Node 1 Inactive(file):    48840 kB
Node 1 Unevictable:         916 kB
Node 1 Mlocked:             916 kB
Node 1 Dirty:                28 kB
Node 1 Writeback:             0 kB
Node 1 FilePages:         95516 kB
Node 1 Mapped:            11400 kB
Node 1 AnonPages:          9016 kB
Node 1 Shmem:               684 kB
Node 1 KernelStack:        1368 kB
Node 1 PageTables:          260 kB
Node 1 NFS_Unstable:          0 kB
Node 1 Bounce:                0 kB
Node 1 WritebackTmp:          0 kB
Node 1 KReclaimable:      21384 kB
Node 1 Slab:             108712 kB
Node 1 SReclaimable:      21384 kB
Node 1 SUnreclaim:        87328 kB
Node 1 AnonHugePages:         0 kB
Node 1 ShmemHugePages:        0 kB
Node 1 ShmemPmdMapped:        0 kB
Node 1 FileHugePages:        0 kB
Node 1 FilePmdMapped:        0 kB
Node 1 HugePages_Total:     0
Node 1 HugePages_Free:      0
Node 1 HugePages_Surp:      0

U.1.fio.16G.3.O Complete!
