kernel.numa_balancing = 0
50 Tests Remaining!
U.1.fio.2-1G.1.O
Begin
Node 0 MemTotal:       24768352 kB
Node 0 MemFree:        24492228 kB
Node 0 MemUsed:          276124 kB
Node 0 Active:            68396 kB
Node 0 Inactive:          51724 kB
Node 0 Active(anon):      17348 kB
Node 0 Inactive(anon):      412 kB
Node 0 Active(file):      51048 kB
Node 0 Inactive(file):    51312 kB
Node 0 Unevictable:       18332 kB
Node 0 Mlocked:           18332 kB
Node 0 Dirty:                88 kB
Node 0 Writeback:             0 kB
Node 0 FilePages:        111000 kB
Node 0 Mapped:            53200 kB
Node 0 AnonPages:         27436 kB
Node 0 Shmem:               620 kB
Node 0 KernelStack:        2136 kB
Node 0 PageTables:          836 kB
Node 0 NFS_Unstable:          0 kB
Node 0 Bounce:                0 kB
Node 0 WritebackTmp:          0 kB
Node 0 KReclaimable:      21916 kB
Node 0 Slab:              54240 kB
Node 0 SReclaimable:      21916 kB
Node 0 SUnreclaim:        32324 kB
Node 0 AnonHugePages:         0 kB
Node 0 ShmemHugePages:        0 kB
Node 0 ShmemPmdMapped:        0 kB
Node 0 FileHugePages:        0 kB
Node 0 FilePmdMapped:        0 kB
Node 0 HugePages_Total:     0
Node 0 HugePages_Free:      0
Node 0 HugePages_Surp:      0

Node 1 MemTotal:       24661580 kB
Node 1 MemFree:        24293204 kB
Node 1 MemUsed:          368376 kB
Node 1 Active:            30888 kB
Node 1 Inactive:          70944 kB
Node 1 Active(anon):      17568 kB
Node 1 Inactive(anon):      456 kB
Node 1 Active(file):      13320 kB
Node 1 Inactive(file):    70488 kB
Node 1 Unevictable:         188 kB
Node 1 Mlocked:             188 kB
Node 1 Dirty:               132 kB
Node 1 Writeback:             0 kB
Node 1 FilePages:         84648 kB
Node 1 Mapped:            14432 kB
Node 1 AnonPages:         17376 kB
Node 1 Shmem:               648 kB
Node 1 KernelStack:        1688 kB
Node 1 PageTables:          536 kB
Node 1 NFS_Unstable:          0 kB
Node 1 Bounce:                0 kB
Node 1 WritebackTmp:          0 kB
Node 1 KReclaimable:      20580 kB
Node 1 Slab:              52804 kB
Node 1 SReclaimable:      20580 kB
Node 1 SUnreclaim:        32224 kB
Node 1 AnonHugePages:         0 kB
Node 1 ShmemHugePages:        0 kB
Node 1 ShmemPmdMapped:        0 kB
Node 1 FileHugePages:        0 kB
Node 1 FilePmdMapped:        0 kB
Node 1 HugePages_Total:     0
Node 1 HugePages_Free:      0
Node 1 HugePages_Surp:      0

Load ZFS
Node 0 MemTotal:       24768352 kB
Node 0 MemFree:        24350288 kB
Node 0 MemUsed:          418064 kB
Node 0 Active:            71652 kB
Node 0 Inactive:          51796 kB
Node 0 Active(anon):      19464 kB
Node 0 Inactive(anon):      412 kB
Node 0 Active(file):      52188 kB
Node 0 Inactive(file):    51384 kB
Node 0 Unevictable:       18332 kB
Node 0 Mlocked:           18332 kB
Node 0 Dirty:               152 kB
Node 0 Writeback:             0 kB
Node 0 FilePages:        112196 kB
Node 0 Mapped:            53196 kB
Node 0 AnonPages:         29476 kB
Node 0 Shmem:               620 kB
Node 0 KernelStack:        2008 kB
Node 0 PageTables:          860 kB
Node 0 NFS_Unstable:          0 kB
Node 0 Bounce:                0 kB
Node 0 WritebackTmp:          0 kB
Node 0 KReclaimable:      22192 kB
Node 0 Slab:              55780 kB
Node 0 SReclaimable:      22192 kB
Node 0 SUnreclaim:        33588 kB
Node 0 AnonHugePages:         0 kB
Node 0 ShmemHugePages:        0 kB
Node 0 ShmemPmdMapped:        0 kB
Node 0 FileHugePages:        0 kB
Node 0 FilePmdMapped:        0 kB
Node 0 HugePages_Total:     0
Node 0 HugePages_Free:      0
Node 0 HugePages_Surp:      0

Node 1 MemTotal:       24661580 kB
Node 1 MemFree:        24424668 kB
Node 1 MemUsed:          236912 kB
Node 1 Active:            38196 kB
Node 1 Inactive:          66808 kB
Node 1 Active(anon):      19544 kB
Node 1 Inactive(anon):      456 kB
Node 1 Active(file):      18652 kB
Node 1 Inactive(file):    66352 kB
Node 1 Unevictable:         188 kB
Node 1 Mlocked:             188 kB
Node 1 Dirty:               140 kB
Node 1 Writeback:             0 kB
Node 1 FilePages:         85840 kB
Node 1 Mapped:            14432 kB
Node 1 AnonPages:         19396 kB
Node 1 Shmem:               648 kB
Node 1 KernelStack:        1688 kB
Node 1 PageTables:          568 kB
Node 1 NFS_Unstable:          0 kB
Node 1 Bounce:                0 kB
Node 1 WritebackTmp:          0 kB
Node 1 KReclaimable:      21072 kB
Node 1 Slab:              54280 kB
Node 1 SReclaimable:      21072 kB
Node 1 SUnreclaim:        33208 kB
Node 1 AnonHugePages:         0 kB
Node 1 ShmemHugePages:        0 kB
Node 1 ShmemPmdMapped:        0 kB
Node 1 FileHugePages:        0 kB
Node 1 FilePmdMapped:        0 kB
Node 1 HugePages_Total:     0
Node 1 HugePages_Free:      0
Node 1 HugePages_Surp:      0

Import tank ZPool
Node 0 MemTotal:       24768352 kB
Node 0 MemFree:        24339760 kB
Node 0 MemUsed:          428592 kB
Node 0 Active:            72084 kB
Node 0 Inactive:          52932 kB
Node 0 Active(anon):      19532 kB
Node 0 Inactive(anon):      416 kB
Node 0 Active(file):      52552 kB
Node 0 Inactive(file):    52516 kB
Node 0 Unevictable:       18332 kB
Node 0 Mlocked:           18332 kB
Node 0 Dirty:               160 kB
Node 0 Writeback:             0 kB
Node 0 FilePages:        113692 kB
Node 0 Mapped:            53184 kB
Node 0 AnonPages:         29708 kB
Node 0 Shmem:               620 kB
Node 0 KernelStack:        2344 kB
Node 0 PageTables:          876 kB
Node 0 NFS_Unstable:          0 kB
Node 0 Bounce:                0 kB
Node 0 WritebackTmp:          0 kB
Node 0 KReclaimable:      22344 kB
Node 0 Slab:              61440 kB
Node 0 SReclaimable:      22344 kB
Node 0 SUnreclaim:        39096 kB
Node 0 AnonHugePages:         0 kB
Node 0 ShmemHugePages:        0 kB
Node 0 ShmemPmdMapped:        0 kB
Node 0 FileHugePages:        0 kB
Node 0 FilePmdMapped:        0 kB
Node 0 HugePages_Total:     0
Node 0 HugePages_Free:      0
Node 0 HugePages_Surp:      0

Node 1 MemTotal:       24661580 kB
Node 1 MemFree:        24411176 kB
Node 1 MemUsed:          250404 kB
Node 1 Active:            38520 kB
Node 1 Inactive:          66860 kB
Node 1 Active(anon):      19844 kB
Node 1 Inactive(anon):      456 kB
Node 1 Active(file):      18676 kB
Node 1 Inactive(file):    66404 kB
Node 1 Unevictable:         188 kB
Node 1 Mlocked:             188 kB
Node 1 Dirty:                72 kB
Node 1 Writeback:             0 kB
Node 1 FilePages:         85940 kB
Node 1 Mapped:            14508 kB
Node 1 AnonPages:         19820 kB
Node 1 Shmem:               648 kB
Node 1 KernelStack:        2488 kB
Node 1 PageTables:          584 kB
Node 1 NFS_Unstable:          0 kB
Node 1 Bounce:                0 kB
Node 1 WritebackTmp:          0 kB
Node 1 KReclaimable:      21088 kB
Node 1 Slab:              56720 kB
Node 1 SReclaimable:      21088 kB
Node 1 SUnreclaim:        35632 kB
Node 1 AnonHugePages:         0 kB
Node 1 ShmemHugePages:        0 kB
Node 1 ShmemPmdMapped:        0 kB
Node 1 FileHugePages:        0 kB
Node 1 FilePmdMapped:        0 kB
Node 1 HugePages_Total:     0
Node 1 HugePages_Free:      0
Node 1 HugePages_Surp:      0

After Test
Node 0 MemTotal:       24768352 kB
Node 0 MemFree:        24240148 kB
Node 0 MemUsed:          528204 kB
Node 0 Active:            68876 kB
Node 0 Inactive:          52740 kB
Node 0 Active(anon):      15836 kB
Node 0 Inactive(anon):      416 kB
Node 0 Active(file):      53040 kB
Node 0 Inactive(file):    52324 kB
Node 0 Unevictable:       18332 kB
Node 0 Mlocked:           18332 kB
Node 0 Dirty:               104 kB
Node 0 Writeback:             0 kB
Node 0 FilePages:        113988 kB
Node 0 Mapped:            53036 kB
Node 0 AnonPages:         25956 kB
Node 0 Shmem:               620 kB
Node 0 KernelStack:        2136 kB
Node 0 PageTables:          576 kB
Node 0 NFS_Unstable:          0 kB
Node 0 Bounce:                0 kB
Node 0 WritebackTmp:          0 kB
Node 0 KReclaimable:      22356 kB
Node 0 Slab:              61760 kB
Node 0 SReclaimable:      22356 kB
Node 0 SUnreclaim:        39404 kB
Node 0 AnonHugePages:         0 kB
Node 0 ShmemHugePages:        0 kB
Node 0 ShmemPmdMapped:        0 kB
Node 0 FileHugePages:        0 kB
Node 0 FilePmdMapped:        0 kB
Node 0 HugePages_Total:     0
Node 0 HugePages_Free:      0
Node 0 HugePages_Surp:      0

Node 1 MemTotal:       24661580 kB
Node 1 MemFree:        22634184 kB
Node 1 MemUsed:         2027396 kB
Node 1 Active:            36592 kB
Node 1 Inactive:          68040 kB
Node 1 Active(anon):      17196 kB
Node 1 Inactive(anon):      500 kB
Node 1 Active(file):      19396 kB
Node 1 Inactive(file):    67540 kB
Node 1 Unevictable:         188 kB
Node 1 Mlocked:             188 kB
Node 1 Dirty:                40 kB
Node 1 Writeback:             0 kB
Node 1 FilePages:         87824 kB
Node 1 Mapped:            14696 kB
Node 1 AnonPages:         16920 kB
Node 1 Shmem:               692 kB
Node 1 KernelStack:        2472 kB
Node 1 PageTables:          724 kB
Node 1 NFS_Unstable:          0 kB
Node 1 Bounce:                0 kB
Node 1 WritebackTmp:          0 kB
Node 1 KReclaimable:      22348 kB
Node 1 Slab:              67864 kB
Node 1 SReclaimable:      22348 kB
Node 1 SUnreclaim:        45516 kB
Node 1 AnonHugePages:         0 kB
Node 1 ShmemHugePages:        0 kB
Node 1 ShmemPmdMapped:        0 kB
Node 1 FileHugePages:        0 kB
Node 1 FilePmdMapped:        0 kB
Node 1 HugePages_Total:     0
Node 1 HugePages_Free:      0
Node 1 HugePages_Surp:      0

After Opposite Node
Node 0 MemTotal:       24768352 kB
Node 0 MemFree:        24238808 kB
Node 0 MemUsed:          529544 kB
Node 0 Active:            69088 kB
Node 0 Inactive:          52768 kB
Node 0 Active(anon):      16020 kB
Node 0 Inactive(anon):      452 kB
Node 0 Active(file):      53068 kB
Node 0 Inactive(file):    52316 kB
Node 0 Unevictable:       18332 kB
Node 0 Mlocked:           18332 kB
Node 0 Dirty:               120 kB
Node 0 Writeback:             0 kB
Node 0 FilePages:        114052 kB
Node 0 Mapped:            53080 kB
Node 0 AnonPages:         26088 kB
Node 0 Shmem:               664 kB
Node 0 KernelStack:        2168 kB
Node 0 PageTables:          748 kB
Node 0 NFS_Unstable:          0 kB
Node 0 Bounce:                0 kB
Node 0 WritebackTmp:          0 kB
Node 0 KReclaimable:      22412 kB
Node 0 Slab:              62416 kB
Node 0 SReclaimable:      22412 kB
Node 0 SUnreclaim:        40004 kB
Node 0 AnonHugePages:         0 kB
Node 0 ShmemHugePages:        0 kB
Node 0 ShmemPmdMapped:        0 kB
Node 0 FileHugePages:        0 kB
Node 0 FilePmdMapped:        0 kB
Node 0 HugePages_Total:     0
Node 0 HugePages_Free:      0
Node 0 HugePages_Surp:      0

Node 1 MemTotal:       24661580 kB
Node 1 MemFree:        22635972 kB
Node 1 MemUsed:         2025608 kB
Node 1 Active:            36552 kB
Node 1 Inactive:          67832 kB
Node 1 Active(anon):      16976 kB
Node 1 Inactive(anon):      456 kB
Node 1 Active(file):      19576 kB
Node 1 Inactive(file):    67376 kB
Node 1 Unevictable:         188 kB
Node 1 Mlocked:             188 kB
Node 1 Dirty:                48 kB
Node 1 Writeback:             0 kB
Node 1 FilePages:         87788 kB
Node 1 Mapped:            14656 kB
Node 1 AnonPages:         16784 kB
Node 1 Shmem:               648 kB
Node 1 KernelStack:        2440 kB
Node 1 PageTables:          536 kB
Node 1 NFS_Unstable:          0 kB
Node 1 Bounce:                0 kB
Node 1 WritebackTmp:          0 kB
Node 1 KReclaimable:      22356 kB
Node 1 Slab:              67956 kB
Node 1 SReclaimable:      22356 kB
Node 1 SUnreclaim:        45600 kB
Node 1 AnonHugePages:         0 kB
Node 1 ShmemHugePages:        0 kB
Node 1 ShmemPmdMapped:        0 kB
Node 1 FileHugePages:        0 kB
Node 1 FilePmdMapped:        0 kB
Node 1 HugePages_Total:     0
Node 1 HugePages_Free:      0
Node 1 HugePages_Surp:      0

U.1.fio.2-1G.1.O Complete!
