kernel.numa_balancing = 0
B.0.fio.2G.1.O
Begin
Node 0 MemTotal:       24743736 kB
Node 0 MemFree:        24477664 kB
Node 0 MemUsed:          266072 kB
Node 0 Active:            36168 kB
Node 0 Inactive:          81004 kB
Node 0 Active(anon):      13760 kB
Node 0 Inactive(anon):      396 kB
Node 0 Active(file):      22408 kB
Node 0 Inactive(file):    80608 kB
Node 0 Unevictable:        1748 kB
Node 0 Mlocked:            1748 kB
Node 0 Dirty:               512 kB
Node 0 Writeback:             0 kB
Node 0 FilePages:        105400 kB
Node 0 Mapped:            36540 kB
Node 0 AnonPages:         13580 kB
Node 0 Shmem:               628 kB
Node 0 KernelStack:        2312 kB
Node 0 PageTables:          624 kB
Node 0 NFS_Unstable:          0 kB
Node 0 Bounce:                0 kB
Node 0 WritebackTmp:          0 kB
Node 0 KReclaimable:      22308 kB
Node 0 Slab:              56652 kB
Node 0 SReclaimable:      22308 kB
Node 0 SUnreclaim:        34344 kB
Node 0 AnonHugePages:         0 kB
Node 0 ShmemHugePages:        0 kB
Node 0 ShmemPmdMapped:        0 kB
Node 0 FileHugePages:        0 kB
Node 0 FilePmdMapped:        0 kB
Node 0 HugePages_Total:     0
Node 0 HugePages_Free:      0
Node 0 HugePages_Surp:      0

Node 1 MemTotal:       24686196 kB
Node 1 MemFree:        24335780 kB
Node 1 MemUsed:          350416 kB
Node 1 Active:            60832 kB
Node 1 Inactive:          16800 kB
Node 1 Active(anon):      20044 kB
Node 1 Inactive(anon):      476 kB
Node 1 Active(file):      40788 kB
Node 1 Inactive(file):    16324 kB
Node 1 Unevictable:       16772 kB
Node 1 Mlocked:           16772 kB
Node 1 Dirty:                36 kB
Node 1 Writeback:             0 kB
Node 1 FilePages:         64228 kB
Node 1 Mapped:            22868 kB
Node 1 AnonPages:         30244 kB
Node 1 Shmem:               640 kB
Node 1 KernelStack:        1320 kB
Node 1 PageTables:          560 kB
Node 1 NFS_Unstable:          0 kB
Node 1 Bounce:                0 kB
Node 1 WritebackTmp:          0 kB
Node 1 KReclaimable:      19432 kB
Node 1 Slab:              48408 kB
Node 1 SReclaimable:      19432 kB
Node 1 SUnreclaim:        28976 kB
Node 1 AnonHugePages:         0 kB
Node 1 ShmemHugePages:        0 kB
Node 1 ShmemPmdMapped:        0 kB
Node 1 FileHugePages:        0 kB
Node 1 FilePmdMapped:        0 kB
Node 1 HugePages_Total:     0
Node 1 HugePages_Free:      0
Node 1 HugePages_Surp:      0

Load ZFS
Node 0 MemTotal:       24743736 kB
Node 0 MemFree:        24237176 kB
Node 0 MemUsed:          506560 kB
Node 0 Active:            45704 kB
Node 0 Inactive:         173440 kB
Node 0 Active(anon):      22364 kB
Node 0 Inactive(anon):      468 kB
Node 0 Active(file):      23340 kB
Node 0 Inactive(file):   172972 kB
Node 0 Unevictable:        1748 kB
Node 0 Mlocked:            1748 kB
Node 0 Dirty:               564 kB
Node 0 Writeback:             0 kB
Node 0 FilePages:        198720 kB
Node 0 Mapped:            38896 kB
Node 0 AnonPages:         22312 kB
Node 0 Shmem:               660 kB
Node 0 KernelStack:        2452 kB
Node 0 PageTables:          972 kB
Node 0 NFS_Unstable:          0 kB
Node 0 Bounce:                0 kB
Node 0 WritebackTmp:          0 kB
Node 0 KReclaimable:      23280 kB
Node 0 Slab:              60476 kB
Node 0 SReclaimable:      23280 kB
Node 0 SUnreclaim:        37196 kB
Node 0 AnonHugePages:         0 kB
Node 0 ShmemHugePages:        0 kB
Node 0 ShmemPmdMapped:        0 kB
Node 0 FileHugePages:        0 kB
Node 0 FilePmdMapped:        0 kB
Node 0 HugePages_Total:     0
Node 0 HugePages_Free:      0
Node 0 HugePages_Surp:      0

Node 1 MemTotal:       24686196 kB
Node 1 MemFree:        24430168 kB
Node 1 MemUsed:          256028 kB
Node 1 Active:            78640 kB
Node 1 Inactive:          27860 kB
Node 1 Active(anon):      36400 kB
Node 1 Inactive(anon):      480 kB
Node 1 Active(file):      42240 kB
Node 1 Inactive(file):    27380 kB
Node 1 Unevictable:       16988 kB
Node 1 Mlocked:           16988 kB
Node 1 Dirty:                56 kB
Node 1 Writeback:             0 kB
Node 1 FilePages:         76672 kB
Node 1 Mapped:            24468 kB
Node 1 AnonPages:         47120 kB
Node 1 Shmem:               608 kB
Node 1 KernelStack:        1624 kB
Node 1 PageTables:         2056 kB
Node 1 NFS_Unstable:          0 kB
Node 1 Bounce:                0 kB
Node 1 WritebackTmp:          0 kB
Node 1 KReclaimable:      19972 kB
Node 1 Slab:              51076 kB
Node 1 SReclaimable:      19972 kB
Node 1 SUnreclaim:        31104 kB
Node 1 AnonHugePages:         0 kB
Node 1 ShmemHugePages:        0 kB
Node 1 ShmemPmdMapped:        0 kB
Node 1 FileHugePages:        0 kB
Node 1 FilePmdMapped:        0 kB
Node 1 HugePages_Total:     0
Node 1 HugePages_Free:      0
Node 1 HugePages_Surp:      0

Import tank ZPool
Node 0 MemTotal:       24743736 kB
Node 0 MemFree:        24235468 kB
Node 0 MemUsed:          508268 kB
Node 0 Active:            37260 kB
Node 0 Inactive:         173404 kB
Node 0 Active(anon):      13888 kB
Node 0 Inactive(anon):      464 kB
Node 0 Active(file):      23372 kB
Node 0 Inactive(file):   172940 kB
Node 0 Unevictable:        1748 kB
Node 0 Mlocked:            1748 kB
Node 0 Dirty:               488 kB
Node 0 Writeback:             0 kB
Node 0 FilePages:        198736 kB
Node 0 Mapped:            37192 kB
Node 0 AnonPages:         13568 kB
Node 0 Shmem:               660 kB
Node 0 KernelStack:        3420 kB
Node 0 PageTables:          860 kB
Node 0 NFS_Unstable:          0 kB
Node 0 Bounce:                0 kB
Node 0 WritebackTmp:          0 kB
Node 0 KReclaimable:      23280 kB
Node 0 Slab:              62708 kB
Node 0 SReclaimable:      23280 kB
Node 0 SUnreclaim:        39428 kB
Node 0 AnonHugePages:         0 kB
Node 0 ShmemHugePages:        0 kB
Node 0 ShmemPmdMapped:        0 kB
Node 0 FileHugePages:        0 kB
Node 0 FilePmdMapped:        0 kB
Node 0 HugePages_Total:     0
Node 0 HugePages_Free:      0
Node 0 HugePages_Surp:      0

Node 1 MemTotal:       24686196 kB
Node 1 MemFree:        24436424 kB
Node 1 MemUsed:          249772 kB
Node 1 Active:            63324 kB
Node 1 Inactive:          28984 kB
Node 1 Active(anon):      20600 kB
Node 1 Inactive(anon):      484 kB
Node 1 Active(file):      42724 kB
Node 1 Inactive(file):    28500 kB
Node 1 Unevictable:       17004 kB
Node 1 Mlocked:           17004 kB
Node 1 Dirty:                68 kB
Node 1 Writeback:             0 kB
Node 1 FilePages:         78292 kB
Node 1 Mapped:            23172 kB
Node 1 AnonPages:         30824 kB
Node 1 Shmem:               608 kB
Node 1 KernelStack:        1464 kB
Node 1 PageTables:         1148 kB
Node 1 NFS_Unstable:          0 kB
Node 1 Bounce:                0 kB
Node 1 WritebackTmp:          0 kB
Node 1 KReclaimable:      20108 kB
Node 1 Slab:              55868 kB
Node 1 SReclaimable:      20108 kB
Node 1 SUnreclaim:        35760 kB
Node 1 AnonHugePages:         0 kB
Node 1 ShmemHugePages:        0 kB
Node 1 ShmemPmdMapped:        0 kB
Node 1 FileHugePages:        0 kB
Node 1 FilePmdMapped:        0 kB
Node 1 HugePages_Total:     0
Node 1 HugePages_Free:      0
Node 1 HugePages_Surp:      0

After Test
Node 0 MemTotal:       24743736 kB
Node 0 MemFree:        21372372 kB
Node 0 MemUsed:         3371364 kB
Node 0 Active:            38244 kB
Node 0 Inactive:         174252 kB
Node 0 Active(anon):      13820 kB
Node 0 Inactive(anon):      488 kB
Node 0 Active(file):      24424 kB
Node 0 Inactive(file):   173764 kB
Node 0 Unevictable:        1748 kB
Node 0 Mlocked:            1748 kB
Node 0 Dirty:                36 kB
Node 0 Writeback:             0 kB
Node 0 FilePages:        200640 kB
Node 0 Mapped:            36768 kB
Node 0 AnonPages:         13516 kB
Node 0 Shmem:               704 kB
Node 0 KernelStack:        3336 kB
Node 0 PageTables:          712 kB
Node 0 NFS_Unstable:          0 kB
Node 0 Bounce:                0 kB
Node 0 WritebackTmp:          0 kB
Node 0 KReclaimable:      24652 kB
Node 0 Slab:              77912 kB
Node 0 SReclaimable:      24652 kB
Node 0 SUnreclaim:        53260 kB
Node 0 AnonHugePages:         0 kB
Node 0 ShmemHugePages:        0 kB
Node 0 ShmemPmdMapped:        0 kB
Node 0 FileHugePages:        0 kB
Node 0 FilePmdMapped:        0 kB
Node 0 HugePages_Total:     0
Node 0 HugePages_Free:      0
Node 0 HugePages_Surp:      0

Node 1 MemTotal:       24686196 kB
Node 1 MemFree:        24367684 kB
Node 1 MemUsed:          318512 kB
Node 1 Active:            62624 kB
Node 1 Inactive:          28684 kB
Node 1 Active(anon):      19488 kB
Node 1 Inactive(anon):      480 kB
Node 1 Active(file):      43136 kB
Node 1 Inactive(file):    28204 kB
Node 1 Unevictable:       17004 kB
Node 1 Mlocked:           17004 kB
Node 1 Dirty:                12 kB
Node 1 Writeback:             0 kB
Node 1 FilePages:         78392 kB
Node 1 Mapped:            22832 kB
Node 1 AnonPages:         29916 kB
Node 1 Shmem:               608 kB
Node 1 KernelStack:        1288 kB
Node 1 PageTables:          496 kB
Node 1 NFS_Unstable:          0 kB
Node 1 Bounce:                0 kB
Node 1 WritebackTmp:          0 kB
Node 1 KReclaimable:      20124 kB
Node 1 Slab:              55820 kB
Node 1 SReclaimable:      20124 kB
Node 1 SUnreclaim:        35696 kB
Node 1 AnonHugePages:         0 kB
Node 1 ShmemHugePages:        0 kB
Node 1 ShmemPmdMapped:        0 kB
Node 1 FileHugePages:        0 kB
Node 1 FilePmdMapped:        0 kB
Node 1 HugePages_Total:     0
Node 1 HugePages_Free:      0
Node 1 HugePages_Surp:      0

After Opposite Node
Node 0 MemTotal:       24743736 kB
Node 0 MemFree:        21377748 kB
Node 0 MemUsed:         3365988 kB
Node 0 Active:            38268 kB
Node 0 Inactive:         174060 kB
Node 0 Active(anon):      13664 kB
Node 0 Inactive(anon):      460 kB
Node 0 Active(file):      24604 kB
Node 0 Inactive(file):   173600 kB
Node 0 Unevictable:        1748 kB
Node 0 Mlocked:            1748 kB
Node 0 Dirty:                56 kB
Node 0 Writeback:             0 kB
Node 0 FilePages:        200612 kB
Node 0 Mapped:            36720 kB
Node 0 AnonPages:         13464 kB
Node 0 Shmem:               660 kB
Node 0 KernelStack:        3272 kB
Node 0 PageTables:          600 kB
Node 0 NFS_Unstable:          0 kB
Node 0 Bounce:                0 kB
Node 0 WritebackTmp:          0 kB
Node 0 KReclaimable:      24672 kB
Node 0 Slab:              78112 kB
Node 0 SReclaimable:      24672 kB
Node 0 SUnreclaim:        53440 kB
Node 0 AnonHugePages:         0 kB
Node 0 ShmemHugePages:        0 kB
Node 0 ShmemPmdMapped:        0 kB
Node 0 FileHugePages:        0 kB
Node 0 FilePmdMapped:        0 kB
Node 0 HugePages_Total:     0
Node 0 HugePages_Free:      0
Node 0 HugePages_Surp:      0

Node 1 MemTotal:       24686196 kB
Node 1 MemFree:        24367352 kB
Node 1 MemUsed:          318844 kB
Node 1 Active:            62856 kB
Node 1 Inactive:          28712 kB
Node 1 Active(anon):      19692 kB
Node 1 Inactive(anon):      516 kB
Node 1 Active(file):      43164 kB
Node 1 Inactive(file):    28196 kB
Node 1 Unevictable:       17004 kB
Node 1 Mlocked:           17004 kB
Node 1 Dirty:                48 kB
Node 1 Writeback:             0 kB
Node 1 FilePages:         78456 kB
Node 1 Mapped:            22876 kB
Node 1 AnonPages:         29980 kB
Node 1 Shmem:               652 kB
Node 1 KernelStack:        1368 kB
Node 1 PageTables:          624 kB
Node 1 NFS_Unstable:          0 kB
Node 1 Bounce:                0 kB
Node 1 WritebackTmp:          0 kB
Node 1 KReclaimable:      20176 kB
Node 1 Slab:              56324 kB
Node 1 SReclaimable:      20176 kB
Node 1 SUnreclaim:        36148 kB
Node 1 AnonHugePages:         0 kB
Node 1 ShmemHugePages:        0 kB
Node 1 ShmemPmdMapped:        0 kB
Node 1 FileHugePages:        0 kB
Node 1 FilePmdMapped:        0 kB
Node 1 HugePages_Total:     0
Node 1 HugePages_Free:      0
Node 1 HugePages_Surp:      0

B.0.fio.2G.1.O Complete!
