kernel.numa_balancing = 0
B.0.fio.250M.1.O
Begin
Node 0 MemTotal:       24768352 kB
Node 0 MemFree:        24513820 kB
Node 0 MemUsed:          254532 kB
Node 0 Active:            32752 kB
Node 0 Inactive:          62372 kB
Node 0 Active(anon):      15548 kB
Node 0 Inactive(anon):      440 kB
Node 0 Active(file):      17204 kB
Node 0 Inactive(file):    61932 kB
Node 0 Unevictable:       13112 kB
Node 0 Mlocked:           13112 kB
Node 0 Dirty:               484 kB
Node 0 Writeback:             0 kB
Node 0 FilePages:         82596 kB
Node 0 Mapped:            21648 kB
Node 0 AnonPages:         25728 kB
Node 0 Shmem:               636 kB
Node 0 KernelStack:        2040 kB
Node 0 PageTables:          712 kB
Node 0 NFS_Unstable:          0 kB
Node 0 Bounce:                0 kB
Node 0 WritebackTmp:          0 kB
Node 0 KReclaimable:      25672 kB
Node 0 Slab:              61780 kB
Node 0 SReclaimable:      25672 kB
Node 0 SUnreclaim:        36108 kB
Node 0 AnonHugePages:         0 kB
Node 0 ShmemHugePages:        0 kB
Node 0 ShmemPmdMapped:        0 kB
Node 0 FileHugePages:        0 kB
Node 0 FilePmdMapped:        0 kB
Node 0 HugePages_Total:     0
Node 0 HugePages_Free:      0
Node 0 HugePages_Surp:      0

Node 1 MemTotal:       24661580 kB
Node 1 MemFree:        24302876 kB
Node 1 MemUsed:          358704 kB
Node 1 Active:            62072 kB
Node 1 Inactive:          32008 kB
Node 1 Active(anon):      17988 kB
Node 1 Inactive(anon):      432 kB
Node 1 Active(file):      44084 kB
Node 1 Inactive(file):    31576 kB
Node 1 Unevictable:        5412 kB
Node 1 Mlocked:            5412 kB
Node 1 Dirty:                24 kB
Node 1 Writeback:             0 kB
Node 1 FilePages:         81716 kB
Node 1 Mapped:            24220 kB
Node 1 AnonPages:         17860 kB
Node 1 Shmem:               632 kB
Node 1 KernelStack:        1544 kB
Node 1 PageTables:          376 kB
Node 1 NFS_Unstable:          0 kB
Node 1 Bounce:                0 kB
Node 1 WritebackTmp:          0 kB
Node 1 KReclaimable:      16164 kB
Node 1 Slab:              44064 kB
Node 1 SReclaimable:      16164 kB
Node 1 SUnreclaim:        27900 kB
Node 1 AnonHugePages:         0 kB
Node 1 ShmemHugePages:        0 kB
Node 1 ShmemPmdMapped:        0 kB
Node 1 FileHugePages:        0 kB
Node 1 FilePmdMapped:        0 kB
Node 1 HugePages_Total:     0
Node 1 HugePages_Free:      0
Node 1 HugePages_Surp:      0

Load ZFS
Node 0 MemTotal:       24768352 kB
Node 0 MemFree:        24274336 kB
Node 0 MemUsed:          494016 kB
Node 0 Active:            44540 kB
Node 0 Inactive:         146008 kB
Node 0 Active(anon):      25984 kB
Node 0 Inactive(anon):      500 kB
Node 0 Active(file):      18556 kB
Node 0 Inactive(file):   145508 kB
Node 0 Unevictable:       13312 kB
Node 0 Mlocked:           13312 kB
Node 0 Dirty:               356 kB
Node 0 Writeback:             0 kB
Node 0 FilePages:        167516 kB
Node 0 Mapped:            23908 kB
Node 0 AnonPages:         36584 kB
Node 0 Shmem:               652 kB
Node 0 KernelStack:        2604 kB
Node 0 PageTables:         1592 kB
Node 0 NFS_Unstable:          0 kB
Node 0 Bounce:                0 kB
Node 0 WritebackTmp:          0 kB
Node 0 KReclaimable:      26560 kB
Node 0 Slab:              65948 kB
Node 0 SReclaimable:      26560 kB
Node 0 SUnreclaim:        39388 kB
Node 0 AnonHugePages:         0 kB
Node 0 ShmemHugePages:        0 kB
Node 0 ShmemPmdMapped:        0 kB
Node 0 FileHugePages:        0 kB
Node 0 FilePmdMapped:        0 kB
Node 0 HugePages_Total:     0
Node 0 HugePages_Free:      0
Node 0 HugePages_Surp:      0

Node 1 MemTotal:       24661580 kB
Node 1 MemFree:        24401520 kB
Node 1 MemUsed:          260060 kB
Node 1 Active:            75592 kB
Node 1 Inactive:          51924 kB
Node 1 Active(anon):      30488 kB
Node 1 Inactive(anon):      444 kB
Node 1 Active(file):      45104 kB
Node 1 Inactive(file):    51480 kB
Node 1 Unevictable:        5412 kB
Node 1 Mlocked:            5412 kB
Node 1 Dirty:                24 kB
Node 1 Writeback:             0 kB
Node 1 FilePages:        102608 kB
Node 1 Mapped:            25772 kB
Node 1 AnonPages:         30344 kB
Node 1 Shmem:               616 kB
Node 1 KernelStack:        1692 kB
Node 1 PageTables:         1300 kB
Node 1 NFS_Unstable:          0 kB
Node 1 Bounce:                0 kB
Node 1 WritebackTmp:          0 kB
Node 1 KReclaimable:      16780 kB
Node 1 Slab:              45976 kB
Node 1 SReclaimable:      16780 kB
Node 1 SUnreclaim:        29196 kB
Node 1 AnonHugePages:         0 kB
Node 1 ShmemHugePages:        0 kB
Node 1 ShmemPmdMapped:        0 kB
Node 1 FileHugePages:        0 kB
Node 1 FilePmdMapped:        0 kB
Node 1 HugePages_Total:     0
Node 1 HugePages_Free:      0
Node 1 HugePages_Surp:      0

Import tank ZPool
Node 0 MemTotal:       24768352 kB
Node 0 MemFree:        24268912 kB
Node 0 MemUsed:          499440 kB
Node 0 Active:            34744 kB
Node 0 Inactive:         146888 kB
Node 0 Active(anon):      15452 kB
Node 0 Inactive(anon):      504 kB
Node 0 Active(file):      19292 kB
Node 0 Inactive(file):   146384 kB
Node 0 Unevictable:       13344 kB
Node 0 Mlocked:           13344 kB
Node 0 Dirty:               440 kB
Node 0 Writeback:             0 kB
Node 0 FilePages:        169116 kB
Node 0 Mapped:            21900 kB
Node 0 AnonPages:         25736 kB
Node 0 Shmem:               656 kB
Node 0 KernelStack:        3304 kB
Node 0 PageTables:          692 kB
Node 0 NFS_Unstable:          0 kB
Node 0 Bounce:                0 kB
Node 0 WritebackTmp:          0 kB
Node 0 KReclaimable:      26680 kB
Node 0 Slab:              71768 kB
Node 0 SReclaimable:      26680 kB
Node 0 SUnreclaim:        45088 kB
Node 0 AnonHugePages:         0 kB
Node 0 ShmemHugePages:        0 kB
Node 0 ShmemPmdMapped:        0 kB
Node 0 FileHugePages:        0 kB
Node 0 FilePmdMapped:        0 kB
Node 0 HugePages_Total:     0
Node 0 HugePages_Free:      0
Node 0 HugePages_Surp:      0

Node 1 MemTotal:       24661580 kB
Node 1 MemFree:        24409608 kB
Node 1 MemUsed:          251972 kB
Node 1 Active:            63936 kB
Node 1 Inactive:          51772 kB
Node 1 Active(anon):      18572 kB
Node 1 Inactive(anon):      444 kB
Node 1 Active(file):      45364 kB
Node 1 Inactive(file):    51328 kB
Node 1 Unevictable:        5412 kB
Node 1 Mlocked:            5412 kB
Node 1 Dirty:                44 kB
Node 1 Writeback:             0 kB
Node 1 FilePages:        102712 kB
Node 1 Mapped:            24520 kB
Node 1 AnonPages:         18260 kB
Node 1 Shmem:               612 kB
Node 1 KernelStack:        1400 kB
Node 1 PageTables:          444 kB
Node 1 NFS_Unstable:          0 kB
Node 1 Bounce:                0 kB
Node 1 WritebackTmp:          0 kB
Node 1 KReclaimable:      16780 kB
Node 1 Slab:              46664 kB
Node 1 SReclaimable:      16780 kB
Node 1 SUnreclaim:        29884 kB
Node 1 AnonHugePages:         0 kB
Node 1 ShmemHugePages:        0 kB
Node 1 ShmemPmdMapped:        0 kB
Node 1 FileHugePages:        0 kB
Node 1 FilePmdMapped:        0 kB
Node 1 HugePages_Total:     0
Node 1 HugePages_Free:      0
Node 1 HugePages_Surp:      0

After Test
Node 0 MemTotal:       24768352 kB
Node 0 MemFree:        23846200 kB
Node 0 MemUsed:          922152 kB
Node 0 Active:            35428 kB
Node 0 Inactive:         147776 kB
Node 0 Active(anon):      15168 kB
Node 0 Inactive(anon):      520 kB
Node 0 Active(file):      20260 kB
Node 0 Inactive(file):   147256 kB
Node 0 Unevictable:       13344 kB
Node 0 Mlocked:           13344 kB
Node 0 Dirty:               448 kB
Node 0 Writeback:             0 kB
Node 0 FilePages:        171000 kB
Node 0 Mapped:            21900 kB
Node 0 AnonPages:         25320 kB
Node 0 Shmem:               700 kB
Node 0 KernelStack:        3304 kB
Node 0 PageTables:          792 kB
Node 0 NFS_Unstable:          0 kB
Node 0 Bounce:                0 kB
Node 0 WritebackTmp:          0 kB
Node 0 KReclaimable:      27944 kB
Node 0 Slab:              76132 kB
Node 0 SReclaimable:      27944 kB
Node 0 SUnreclaim:        48188 kB
Node 0 AnonHugePages:         0 kB
Node 0 ShmemHugePages:        0 kB
Node 0 ShmemPmdMapped:        0 kB
Node 0 FileHugePages:        0 kB
Node 0 FilePmdMapped:        0 kB
Node 0 HugePages_Total:     0
Node 0 HugePages_Free:      0
Node 0 HugePages_Surp:      0

Node 1 MemTotal:       24661580 kB
Node 1 MemFree:        24299628 kB
Node 1 MemUsed:          361952 kB
Node 1 Active:            63552 kB
Node 1 Inactive:          51772 kB
Node 1 Active(anon):      18188 kB
Node 1 Inactive(anon):      444 kB
Node 1 Active(file):      45364 kB
Node 1 Inactive(file):    51328 kB
Node 1 Unevictable:        5412 kB
Node 1 Mlocked:            5412 kB
Node 1 Dirty:                44 kB
Node 1 Writeback:             0 kB
Node 1 FilePages:        102712 kB
Node 1 Mapped:            24220 kB
Node 1 AnonPages:         18020 kB
Node 1 Shmem:               612 kB
Node 1 KernelStack:        1428 kB
Node 1 PageTables:          376 kB
Node 1 NFS_Unstable:          0 kB
Node 1 Bounce:                0 kB
Node 1 WritebackTmp:          0 kB
Node 1 KReclaimable:      16780 kB
Node 1 Slab:              47028 kB
Node 1 SReclaimable:      16780 kB
Node 1 SUnreclaim:        30248 kB
Node 1 AnonHugePages:         0 kB
Node 1 ShmemHugePages:        0 kB
Node 1 ShmemPmdMapped:        0 kB
Node 1 FileHugePages:        0 kB
Node 1 FilePmdMapped:        0 kB
Node 1 HugePages_Total:     0
Node 1 HugePages_Free:      0
Node 1 HugePages_Surp:      0

After Opposite Node
Node 0 MemTotal:       24768352 kB
Node 0 MemFree:        23846564 kB
Node 0 MemUsed:          921788 kB
Node 0 Active:            35412 kB
Node 0 Inactive:         147588 kB
Node 0 Active(anon):      14972 kB
Node 0 Inactive(anon):      496 kB
Node 0 Active(file):      20440 kB
Node 0 Inactive(file):   147092 kB
Node 0 Unevictable:       13344 kB
Node 0 Mlocked:           13344 kB
Node 0 Dirty:               464 kB
Node 0 Writeback:             0 kB
Node 0 FilePages:        170972 kB
Node 0 Mapped:            21856 kB
Node 0 AnonPages:         25372 kB
Node 0 Shmem:               656 kB
Node 0 KernelStack:        3288 kB
Node 0 PageTables:          644 kB
Node 0 NFS_Unstable:          0 kB
Node 0 Bounce:                0 kB
Node 0 WritebackTmp:          0 kB
Node 0 KReclaimable:      27944 kB
Node 0 Slab:              76180 kB
Node 0 SReclaimable:      27944 kB
Node 0 SUnreclaim:        48236 kB
Node 0 AnonHugePages:         0 kB
Node 0 ShmemHugePages:        0 kB
Node 0 ShmemPmdMapped:        0 kB
Node 0 FileHugePages:        0 kB
Node 0 FilePmdMapped:        0 kB
Node 0 HugePages_Total:     0
Node 0 HugePages_Free:      0
Node 0 HugePages_Surp:      0

Node 1 MemTotal:       24661580 kB
Node 1 MemFree:        24299136 kB
Node 1 MemUsed:          362444 kB
Node 1 Active:            63660 kB
Node 1 Inactive:          51808 kB
Node 1 Active(anon):      18288 kB
Node 1 Inactive(anon):      472 kB
Node 1 Active(file):      45372 kB
Node 1 Inactive(file):    51336 kB
Node 1 Unevictable:        5412 kB
Node 1 Mlocked:            5412 kB
Node 1 Dirty:                52 kB
Node 1 Writeback:             0 kB
Node 1 FilePages:        102772 kB
Node 1 Mapped:            24264 kB
Node 1 AnonPages:         18072 kB
Node 1 Shmem:               656 kB
Node 1 KernelStack:        1416 kB
Node 1 PageTables:          544 kB
Node 1 NFS_Unstable:          0 kB
Node 1 Bounce:                0 kB
Node 1 WritebackTmp:          0 kB
Node 1 KReclaimable:      16816 kB
Node 1 Slab:              47180 kB
Node 1 SReclaimable:      16816 kB
Node 1 SUnreclaim:        30364 kB
Node 1 AnonHugePages:         0 kB
Node 1 ShmemHugePages:        0 kB
Node 1 ShmemPmdMapped:        0 kB
Node 1 FileHugePages:        0 kB
Node 1 FilePmdMapped:        0 kB
Node 1 HugePages_Total:     0
Node 1 HugePages_Free:      0
Node 1 HugePages_Surp:      0

B.0.fio.250M.1.O Complete!
