U.0.fio.256K.1.O
Begin
Node 0 MemTotal:       24768352 kB
Node 0 MemFree:        24485552 kB
Node 0 MemUsed:          282800 kB
Node 0 Active:            57268 kB
Node 0 Inactive:          62312 kB
Node 0 Active(anon):      17952 kB
Node 0 Inactive(anon):      456 kB
Node 0 Active(file):      39316 kB
Node 0 Inactive(file):    61856 kB
Node 0 Unevictable:        4776 kB
Node 0 Mlocked:            4776 kB
Node 0 Dirty:               168 kB
Node 0 Writeback:             0 kB
Node 0 FilePages:        106612 kB
Node 0 Mapped:            52912 kB
Node 0 AnonPages:         17876 kB
Node 0 Shmem:               664 kB
Node 0 KernelStack:        2216 kB
Node 0 PageTables:          832 kB
Node 0 NFS_Unstable:          0 kB
Node 0 Bounce:                0 kB
Node 0 WritebackTmp:          0 kB
Node 0 KReclaimable:      26576 kB
Node 0 Slab:              68336 kB
Node 0 SReclaimable:      26576 kB
Node 0 SUnreclaim:        41760 kB
Node 0 AnonHugePages:         0 kB
Node 0 ShmemHugePages:        0 kB
Node 0 ShmemPmdMapped:        0 kB
Node 0 FileHugePages:        0 kB
Node 0 FilePmdMapped:        0 kB
Node 0 HugePages_Total:     0
Node 0 HugePages_Free:      0
Node 0 HugePages_Surp:      0

Node 1 MemTotal:       24661580 kB
Node 1 MemFree:        24313992 kB
Node 1 MemUsed:          347588 kB
Node 1 Active:            37212 kB
Node 1 Inactive:          50180 kB
Node 1 Active(anon):      15860 kB
Node 1 Inactive(anon):      412 kB
Node 1 Active(file):      21352 kB
Node 1 Inactive(file):    49768 kB
Node 1 Unevictable:       13748 kB
Node 1 Mlocked:           13748 kB
Node 1 Dirty:               360 kB
Node 1 Writeback:             0 kB
Node 1 FilePages:         75288 kB
Node 1 Mapped:            12236 kB
Node 1 AnonPages:         25996 kB
Node 1 Shmem:               604 kB
Node 1 KernelStack:        1368 kB
Node 1 PageTables:          300 kB
Node 1 NFS_Unstable:          0 kB
Node 1 Bounce:                0 kB
Node 1 WritebackTmp:          0 kB
Node 1 KReclaimable:      14716 kB
Node 1 Slab:              36408 kB
Node 1 SReclaimable:      14716 kB
Node 1 SUnreclaim:        21692 kB
Node 1 AnonHugePages:         0 kB
Node 1 ShmemHugePages:        0 kB
Node 1 ShmemPmdMapped:        0 kB
Node 1 FileHugePages:        0 kB
Node 1 FilePmdMapped:        0 kB
Node 1 HugePages_Total:     0
Node 1 HugePages_Free:      0
Node 1 HugePages_Surp:      0

Load ZFS
Node 0 MemTotal:       24768352 kB
Node 0 MemFree:        24478396 kB
Node 0 MemUsed:          289956 kB
Node 0 Active:            63596 kB
Node 0 Inactive:          62876 kB
Node 0 Active(anon):      23540 kB
Node 0 Inactive(anon):      456 kB
Node 0 Active(file):      40056 kB
Node 0 Inactive(file):    62420 kB
Node 0 Unevictable:        4776 kB
Node 0 Mlocked:            4776 kB
Node 0 Dirty:               196 kB
Node 0 Writeback:             0 kB
Node 0 FilePages:        107912 kB
Node 0 Mapped:            53076 kB
Node 0 AnonPages:         23456 kB
Node 0 Shmem:               664 kB
Node 0 KernelStack:        2248 kB
Node 0 PageTables:         1152 kB
Node 0 NFS_Unstable:          0 kB
Node 0 Bounce:                0 kB
Node 0 WritebackTmp:          0 kB
Node 0 KReclaimable:      27092 kB
Node 0 Slab:              70360 kB
Node 0 SReclaimable:      27092 kB
Node 0 SUnreclaim:        43268 kB
Node 0 AnonHugePages:         0 kB
Node 0 ShmemHugePages:        0 kB
Node 0 ShmemPmdMapped:        0 kB
Node 0 FileHugePages:        0 kB
Node 0 FilePmdMapped:        0 kB
Node 0 HugePages_Total:     0
Node 0 HugePages_Free:      0
Node 0 HugePages_Surp:      0

Node 1 MemTotal:       24661580 kB
Node 1 MemFree:        24308344 kB
Node 1 MemUsed:          353236 kB
Node 1 Active:            44044 kB
Node 1 Inactive:          45636 kB
Node 1 Active(anon):      16796 kB
Node 1 Inactive(anon):      412 kB
Node 1 Active(file):      27248 kB
Node 1 Inactive(file):    45224 kB
Node 1 Unevictable:       13748 kB
Node 1 Mlocked:           13748 kB
Node 1 Dirty:               360 kB
Node 1 Writeback:             0 kB
Node 1 FilePages:         76496 kB
Node 1 Mapped:            12208 kB
Node 1 AnonPages:         26880 kB
Node 1 Shmem:               604 kB
Node 1 KernelStack:        1480 kB
Node 1 PageTables:          340 kB
Node 1 NFS_Unstable:          0 kB
Node 1 Bounce:                0 kB
Node 1 WritebackTmp:          0 kB
Node 1 KReclaimable:      15264 kB
Node 1 Slab:              38260 kB
Node 1 SReclaimable:      15264 kB
Node 1 SUnreclaim:        22996 kB
Node 1 AnonHugePages:         0 kB
Node 1 ShmemHugePages:        0 kB
Node 1 ShmemPmdMapped:        0 kB
Node 1 FileHugePages:        0 kB
Node 1 FilePmdMapped:        0 kB
Node 1 HugePages_Total:     0
Node 1 HugePages_Free:      0
Node 1 HugePages_Surp:      0

Import tank ZPool
Node 0 MemTotal:       24768352 kB
Node 0 MemFree:        24482216 kB
Node 0 MemUsed:          286136 kB
Node 0 Active:            57772 kB
Node 0 Inactive:          62876 kB
Node 0 Active(anon):      17668 kB
Node 0 Inactive(anon):      456 kB
Node 0 Active(file):      40104 kB
Node 0 Inactive(file):    62420 kB
Node 0 Unevictable:        4776 kB
Node 0 Mlocked:            4776 kB
Node 0 Dirty:               244 kB
Node 0 Writeback:             0 kB
Node 0 FilePages:        107972 kB
Node 0 Mapped:            53224 kB
Node 0 AnonPages:         17464 kB
Node 0 Shmem:               660 kB
Node 0 KernelStack:        2088 kB
Node 0 PageTables:          768 kB
Node 0 NFS_Unstable:          0 kB
Node 0 Bounce:                0 kB
Node 0 WritebackTmp:          0 kB
Node 0 KReclaimable:      27128 kB
Node 0 Slab:              70396 kB
Node 0 SReclaimable:      27128 kB
Node 0 SUnreclaim:        43268 kB
Node 0 AnonHugePages:         0 kB
Node 0 ShmemHugePages:        0 kB
Node 0 ShmemPmdMapped:        0 kB
Node 0 FileHugePages:        0 kB
Node 0 FilePmdMapped:        0 kB
Node 0 HugePages_Total:     0
Node 0 HugePages_Free:      0
Node 0 HugePages_Surp:      0

Node 1 MemTotal:       24661580 kB
Node 1 MemFree:        24292236 kB
Node 1 MemUsed:          369344 kB
Node 1 Active:            43456 kB
Node 1 Inactive:          46700 kB
Node 1 Active(anon):      15748 kB
Node 1 Inactive(anon):      416 kB
Node 1 Active(file):      27708 kB
Node 1 Inactive(file):    46284 kB
Node 1 Unevictable:       13748 kB
Node 1 Mlocked:           13748 kB
Node 1 Dirty:               124 kB
Node 1 Writeback:             0 kB
Node 1 FilePages:         78024 kB
Node 1 Mapped:            12508 kB
Node 1 AnonPages:         25960 kB
Node 1 Shmem:               608 kB
Node 1 KernelStack:        2616 kB
Node 1 PageTables:          440 kB
Node 1 NFS_Unstable:          0 kB
Node 1 Bounce:                0 kB
Node 1 WritebackTmp:          0 kB
Node 1 KReclaimable:      15372 kB
Node 1 Slab:              44980 kB
Node 1 SReclaimable:      15372 kB
Node 1 SUnreclaim:        29608 kB
Node 1 AnonHugePages:         0 kB
Node 1 ShmemHugePages:        0 kB
Node 1 ShmemPmdMapped:        0 kB
Node 1 FileHugePages:        0 kB
Node 1 FilePmdMapped:        0 kB
Node 1 HugePages_Total:     0
Node 1 HugePages_Free:      0
Node 1 HugePages_Surp:      0

After Test
Node 0 MemTotal:       24768352 kB
Node 0 MemFree:        24477104 kB
Node 0 MemUsed:          291248 kB
Node 0 Active:            59036 kB
Node 0 Inactive:          64036 kB
Node 0 Active(anon):      17984 kB
Node 0 Inactive(anon):      480 kB
Node 0 Active(file):      41052 kB
Node 0 Inactive(file):    63556 kB
Node 0 Unevictable:        4776 kB
Node 0 Mlocked:            4776 kB
Node 0 Dirty:               252 kB
Node 0 Writeback:             0 kB
Node 0 FilePages:        110084 kB
Node 0 Mapped:            53172 kB
Node 0 AnonPages:         17676 kB
Node 0 Shmem:               704 kB
Node 0 KernelStack:        2136 kB
Node 0 PageTables:          908 kB
Node 0 NFS_Unstable:          0 kB
Node 0 Bounce:                0 kB
Node 0 WritebackTmp:          0 kB
Node 0 KReclaimable:      28444 kB
Node 0 Slab:              72156 kB
Node 0 SReclaimable:      28444 kB
Node 0 SUnreclaim:        43712 kB
Node 0 AnonHugePages:         0 kB
Node 0 ShmemHugePages:        0 kB
Node 0 ShmemPmdMapped:        0 kB
Node 0 FileHugePages:        0 kB
Node 0 FilePmdMapped:        0 kB
Node 0 HugePages_Total:     0
Node 0 HugePages_Free:      0
Node 0 HugePages_Surp:      0

Node 1 MemTotal:       24661580 kB
Node 1 MemFree:        24290152 kB
Node 1 MemUsed:          371428 kB
Node 1 Active:            43512 kB
Node 1 Inactive:          46460 kB
Node 1 Active(anon):      15400 kB
Node 1 Inactive(anon):      416 kB
Node 1 Active(file):      28112 kB
Node 1 Inactive(file):    46044 kB
Node 1 Unevictable:       13748 kB
Node 1 Mlocked:           13748 kB
Node 1 Dirty:               124 kB
Node 1 Writeback:             0 kB
Node 1 FilePages:         78184 kB
Node 1 Mapped:            12208 kB
Node 1 AnonPages:         25536 kB
Node 1 Shmem:               608 kB
Node 1 KernelStack:        2600 kB
Node 1 PageTables:          316 kB
Node 1 NFS_Unstable:          0 kB
Node 1 Bounce:                0 kB
Node 1 WritebackTmp:          0 kB
Node 1 KReclaimable:      15376 kB
Node 1 Slab:              45172 kB
Node 1 SReclaimable:      15376 kB
Node 1 SUnreclaim:        29796 kB
Node 1 AnonHugePages:         0 kB
Node 1 ShmemHugePages:        0 kB
Node 1 ShmemPmdMapped:        0 kB
Node 1 FileHugePages:        0 kB
Node 1 FilePmdMapped:        0 kB
Node 1 HugePages_Total:     0
Node 1 HugePages_Free:      0
Node 1 HugePages_Surp:      0

After Opposite Node
Node 0 MemTotal:       24768352 kB
Node 0 MemFree:        24477248 kB
Node 0 MemUsed:          291104 kB
Node 0 Active:            59092 kB
Node 0 Inactive:          63832 kB
Node 0 Active(anon):      17852 kB
Node 0 Inactive(anon):      456 kB
Node 0 Active(file):      41240 kB
Node 0 Inactive(file):    63376 kB
Node 0 Unevictable:        4776 kB
Node 0 Mlocked:            4776 kB
Node 0 Dirty:               260 kB
Node 0 Writeback:             0 kB
Node 0 FilePages:        110048 kB
Node 0 Mapped:            53164 kB
Node 0 AnonPages:         17648 kB
Node 0 Shmem:               660 kB
Node 0 KernelStack:        2088 kB
Node 0 PageTables:          800 kB
Node 0 NFS_Unstable:          0 kB
Node 0 Bounce:                0 kB
Node 0 WritebackTmp:          0 kB
Node 0 KReclaimable:      28444 kB
Node 0 Slab:              72140 kB
Node 0 SReclaimable:      28444 kB
Node 0 SUnreclaim:        43696 kB
Node 0 AnonHugePages:         0 kB
Node 0 ShmemHugePages:        0 kB
Node 0 ShmemPmdMapped:        0 kB
Node 0 FileHugePages:        0 kB
Node 0 FilePmdMapped:        0 kB
Node 0 HugePages_Total:     0
Node 0 HugePages_Free:      0
Node 0 HugePages_Surp:      0

Node 1 MemTotal:       24661580 kB
Node 1 MemFree:        24287564 kB
Node 1 MemUsed:          374016 kB
Node 1 Active:            43740 kB
Node 1 Inactive:          46444 kB
Node 1 Active(anon):      15564 kB
Node 1 Inactive(anon):      440 kB
Node 1 Active(file):      28176 kB
Node 1 Inactive(file):    46004 kB
Node 1 Unevictable:       13748 kB
Node 1 Mlocked:           13748 kB
Node 1 Dirty:               144 kB
Node 1 Writeback:             0 kB
Node 1 FilePages:         78252 kB
Node 1 Mapped:            12252 kB
Node 1 AnonPages:         25592 kB
Node 1 Shmem:               652 kB
Node 1 KernelStack:        2600 kB
Node 1 PageTables:          428 kB
Node 1 NFS_Unstable:          0 kB
Node 1 Bounce:                0 kB
Node 1 WritebackTmp:          0 kB
Node 1 KReclaimable:      15424 kB
Node 1 Slab:              45460 kB
Node 1 SReclaimable:      15424 kB
Node 1 SUnreclaim:        30036 kB
Node 1 AnonHugePages:         0 kB
Node 1 ShmemHugePages:        0 kB
Node 1 ShmemPmdMapped:        0 kB
Node 1 FileHugePages:        0 kB
Node 1 FilePmdMapped:        0 kB
Node 1 HugePages_Total:     0
Node 1 HugePages_Free:      0
Node 1 HugePages_Surp:      0

U.0.fio.256K.1.O Complete!
