U.0.fio.0-12K.3.O
Begin
Node 0 MemTotal:       24768352 kB
Node 0 MemFree:        24417220 kB
Node 0 MemUsed:          351132 kB
Node 0 Active:            55072 kB
Node 0 Inactive:          26520 kB
Node 0 Active(anon):      17668 kB
Node 0 Inactive(anon):      336 kB
Node 0 Active(file):      37404 kB
Node 0 Inactive(file):    26184 kB
Node 0 Unevictable:        1440 kB
Node 0 Mlocked:            1440 kB
Node 0 Dirty:                16 kB
Node 0 Writeback:             0 kB
Node 0 FilePages:         65656 kB
Node 0 Mapped:            16560 kB
Node 0 AnonPages:         17532 kB
Node 0 Shmem:               484 kB
Node 0 KernelStack:        2056 kB
Node 0 PageTables:          464 kB
Node 0 NFS_Unstable:          0 kB
Node 0 Bounce:                0 kB
Node 0 WritebackTmp:          0 kB
Node 0 KReclaimable:      21876 kB
Node 0 Slab:              51552 kB
Node 0 SReclaimable:      21876 kB
Node 0 SUnreclaim:        29676 kB
Node 0 AnonHugePages:         0 kB
Node 0 ShmemHugePages:        0 kB
Node 0 ShmemPmdMapped:        0 kB
Node 0 FileHugePages:        0 kB
Node 0 FilePmdMapped:        0 kB
Node 0 HugePages_Total:     0
Node 0 HugePages_Free:      0
Node 0 HugePages_Surp:      0

Node 1 MemTotal:       24661580 kB
Node 1 MemFree:        24362936 kB
Node 1 MemUsed:          298644 kB
Node 1 Active:            41556 kB
Node 1 Inactive:          98564 kB
Node 1 Active(anon):      16148 kB
Node 1 Inactive(anon):      564 kB
Node 1 Active(file):      25408 kB
Node 1 Inactive(file):    98000 kB
Node 1 Unevictable:       17084 kB
Node 1 Mlocked:           17084 kB
Node 1 Dirty:               396 kB
Node 1 Writeback:             0 kB
Node 1 FilePages:        130944 kB
Node 1 Mapped:            58836 kB
Node 1 AnonPages:         26256 kB
Node 1 Shmem:               784 kB
Node 1 KernelStack:        1528 kB
Node 1 PageTables:          624 kB
Node 1 NFS_Unstable:          0 kB
Node 1 Bounce:                0 kB
Node 1 WritebackTmp:          0 kB
Node 1 KReclaimable:      19444 kB
Node 1 Slab:              55000 kB
Node 1 SReclaimable:      19444 kB
Node 1 SUnreclaim:        35556 kB
Node 1 AnonHugePages:         0 kB
Node 1 ShmemHugePages:        0 kB
Node 1 ShmemPmdMapped:        0 kB
Node 1 FileHugePages:        0 kB
Node 1 FilePmdMapped:        0 kB
Node 1 HugePages_Total:     0
Node 1 HugePages_Free:      0
Node 1 HugePages_Surp:      0

Load ZFS
Node 0 MemTotal:       24768352 kB
Node 0 MemFree:        24412024 kB
Node 0 MemUsed:          356328 kB
Node 0 Active:            64232 kB
Node 0 Inactive:          22188 kB
Node 0 Active(anon):      20808 kB
Node 0 Inactive(anon):      336 kB
Node 0 Active(file):      43424 kB
Node 0 Inactive(file):    21852 kB
Node 0 Unevictable:        1440 kB
Node 0 Mlocked:            1440 kB
Node 0 Dirty:                32 kB
Node 0 Writeback:             0 kB
Node 0 FilePages:         67200 kB
Node 0 Mapped:            16804 kB
Node 0 AnonPages:         20652 kB
Node 0 Shmem:               484 kB
Node 0 KernelStack:        2264 kB
Node 0 PageTables:          860 kB
Node 0 NFS_Unstable:          0 kB
Node 0 Bounce:                0 kB
Node 0 WritebackTmp:          0 kB
Node 0 KReclaimable:      22524 kB
Node 0 Slab:              53512 kB
Node 0 SReclaimable:      22524 kB
Node 0 SUnreclaim:        30988 kB
Node 0 AnonHugePages:         0 kB
Node 0 ShmemHugePages:        0 kB
Node 0 ShmemPmdMapped:        0 kB
Node 0 FileHugePages:        0 kB
Node 0 FilePmdMapped:        0 kB
Node 0 HugePages_Total:     0
Node 0 HugePages_Free:      0
Node 0 HugePages_Surp:      0

Node 1 MemTotal:       24661580 kB
Node 1 MemFree:        24360928 kB
Node 1 MemUsed:          300652 kB
Node 1 Active:            43544 kB
Node 1 Inactive:          98852 kB
Node 1 Active(anon):      17428 kB
Node 1 Inactive(anon):      564 kB
Node 1 Active(file):      26116 kB
Node 1 Inactive(file):    98288 kB
Node 1 Unevictable:       17084 kB
Node 1 Mlocked:           17084 kB
Node 1 Dirty:               256 kB
Node 1 Writeback:             0 kB
Node 1 FilePages:        131940 kB
Node 1 Mapped:            58856 kB
Node 1 AnonPages:         27700 kB
Node 1 Shmem:               784 kB
Node 1 KernelStack:        1464 kB
Node 1 PageTables:          624 kB
Node 1 NFS_Unstable:          0 kB
Node 1 Bounce:                0 kB
Node 1 WritebackTmp:          0 kB
Node 1 KReclaimable:      19912 kB
Node 1 Slab:              56472 kB
Node 1 SReclaimable:      19912 kB
Node 1 SUnreclaim:        36560 kB
Node 1 AnonHugePages:         0 kB
Node 1 ShmemHugePages:        0 kB
Node 1 ShmemPmdMapped:        0 kB
Node 1 FileHugePages:        0 kB
Node 1 FilePmdMapped:        0 kB
Node 1 HugePages_Total:     0
Node 1 HugePages_Free:      0
Node 1 HugePages_Surp:      0

Import tank ZPool
Node 0 MemTotal:       24768352 kB
Node 0 MemFree:        24402500 kB
Node 0 MemUsed:          365852 kB
Node 0 Active:            61832 kB
Node 0 Inactive:          23336 kB
Node 0 Active(anon):      18032 kB
Node 0 Inactive(anon):      340 kB
Node 0 Active(file):      43800 kB
Node 0 Inactive(file):    22996 kB
Node 0 Unevictable:        1440 kB
Node 0 Mlocked:            1440 kB
Node 0 Dirty:                36 kB
Node 0 Writeback:             0 kB
Node 0 FilePages:         68728 kB
Node 0 Mapped:            16888 kB
Node 0 AnonPages:         17676 kB
Node 0 Shmem:               488 kB
Node 0 KernelStack:        2216 kB
Node 0 PageTables:          616 kB
Node 0 NFS_Unstable:          0 kB
Node 0 Bounce:                0 kB
Node 0 WritebackTmp:          0 kB
Node 0 KReclaimable:      22660 kB
Node 0 Slab:              58580 kB
Node 0 SReclaimable:      22660 kB
Node 0 SUnreclaim:        35920 kB
Node 0 AnonHugePages:         0 kB
Node 0 ShmemHugePages:        0 kB
Node 0 ShmemPmdMapped:        0 kB
Node 0 FileHugePages:        0 kB
Node 0 FilePmdMapped:        0 kB
Node 0 HugePages_Total:     0
Node 0 HugePages_Free:      0
Node 0 HugePages_Surp:      0

Node 1 MemTotal:       24661580 kB
Node 1 MemFree:        24351352 kB
Node 1 MemUsed:          310228 kB
Node 1 Active:            41584 kB
Node 1 Inactive:          98852 kB
Node 1 Active(anon):      15452 kB
Node 1 Inactive(anon):      564 kB
Node 1 Active(file):      26132 kB
Node 1 Inactive(file):    98288 kB
Node 1 Unevictable:       17084 kB
Node 1 Mlocked:           17084 kB
Node 1 Dirty:               176 kB
Node 1 Writeback:             0 kB
Node 1 FilePages:        131968 kB
Node 1 Mapped:            59128 kB
Node 1 AnonPages:         25564 kB
Node 1 Shmem:               780 kB
Node 1 KernelStack:        2504 kB
Node 1 PageTables:          624 kB
Node 1 NFS_Unstable:          0 kB
Node 1 Bounce:                0 kB
Node 1 WritebackTmp:          0 kB
Node 1 KReclaimable:      19928 kB
Node 1 Slab:              58620 kB
Node 1 SReclaimable:      19928 kB
Node 1 SUnreclaim:        38692 kB
Node 1 AnonHugePages:         0 kB
Node 1 ShmemHugePages:        0 kB
Node 1 ShmemPmdMapped:        0 kB
Node 1 FileHugePages:        0 kB
Node 1 FilePmdMapped:        0 kB
Node 1 HugePages_Total:     0
Node 1 HugePages_Free:      0
Node 1 HugePages_Surp:      0

After Test
Node 0 MemTotal:       24768352 kB
Node 0 MemFree:        24398104 kB
Node 0 MemUsed:          370248 kB
Node 0 Active:            63020 kB
Node 0 Inactive:          24224 kB
Node 0 Active(anon):      17852 kB
Node 0 Inactive(anon):      364 kB
Node 0 Active(file):      45168 kB
Node 0 Inactive(file):    23860 kB
Node 0 Unevictable:        1440 kB
Node 0 Mlocked:            1440 kB
Node 0 Dirty:                44 kB
Node 0 Writeback:             0 kB
Node 0 FilePages:         71000 kB
Node 0 Mapped:            16896 kB
Node 0 AnonPages:         17600 kB
Node 0 Shmem:               532 kB
Node 0 KernelStack:        2280 kB
Node 0 PageTables:          656 kB
Node 0 NFS_Unstable:          0 kB
Node 0 Bounce:                0 kB
Node 0 WritebackTmp:          0 kB
Node 0 KReclaimable:      23964 kB
Node 0 Slab:              60132 kB
Node 0 SReclaimable:      23964 kB
Node 0 SUnreclaim:        36168 kB
Node 0 AnonHugePages:         0 kB
Node 0 ShmemHugePages:        0 kB
Node 0 ShmemPmdMapped:        0 kB
Node 0 FileHugePages:        0 kB
Node 0 FilePmdMapped:        0 kB
Node 0 HugePages_Total:     0
Node 0 HugePages_Free:      0
Node 0 HugePages_Surp:      0

Node 1 MemTotal:       24661580 kB
Node 1 MemFree:        24351320 kB
Node 1 MemUsed:          310260 kB
Node 1 Active:            41600 kB
Node 1 Inactive:          98852 kB
Node 1 Active(anon):      15452 kB
Node 1 Inactive(anon):      564 kB
Node 1 Active(file):      26148 kB
Node 1 Inactive(file):    98288 kB
Node 1 Unevictable:       17084 kB
Node 1 Mlocked:           17084 kB
Node 1 Dirty:               176 kB
Node 1 Writeback:             0 kB
Node 1 FilePages:        131968 kB
Node 1 Mapped:            58856 kB
Node 1 AnonPages:         25564 kB
Node 1 Shmem:               780 kB
Node 1 KernelStack:        2504 kB
Node 1 PageTables:          624 kB
Node 1 NFS_Unstable:          0 kB
Node 1 Bounce:                0 kB
Node 1 WritebackTmp:          0 kB
Node 1 KReclaimable:      19928 kB
Node 1 Slab:              58652 kB
Node 1 SReclaimable:      19928 kB
Node 1 SUnreclaim:        38724 kB
Node 1 AnonHugePages:         0 kB
Node 1 ShmemHugePages:        0 kB
Node 1 ShmemPmdMapped:        0 kB
Node 1 FileHugePages:        0 kB
Node 1 FilePmdMapped:        0 kB
Node 1 HugePages_Total:     0
Node 1 HugePages_Free:      0
Node 1 HugePages_Surp:      0

After Opposite Node
Node 0 MemTotal:       24768352 kB
Node 0 MemFree:        24398248 kB
Node 0 MemUsed:          370104 kB
Node 0 Active:            63112 kB
Node 0 Inactive:          24064 kB
Node 0 Active(anon):      17788 kB
Node 0 Inactive(anon):      340 kB
Node 0 Active(file):      45324 kB
Node 0 Inactive(file):    23724 kB
Node 0 Unevictable:        1440 kB
Node 0 Mlocked:            1440 kB
Node 0 Dirty:                64 kB
Node 0 Writeback:             0 kB
Node 0 FilePages:         70976 kB
Node 0 Mapped:            16672 kB
Node 0 AnonPages:         17684 kB
Node 0 Shmem:               488 kB
Node 0 KernelStack:        2248 kB
Node 0 PageTables:          564 kB
Node 0 NFS_Unstable:          0 kB
Node 0 Bounce:                0 kB
Node 0 WritebackTmp:          0 kB
Node 0 KReclaimable:      23964 kB
Node 0 Slab:              60116 kB
Node 0 SReclaimable:      23964 kB
Node 0 SUnreclaim:        36152 kB
Node 0 AnonHugePages:         0 kB
Node 0 ShmemHugePages:        0 kB
Node 0 ShmemPmdMapped:        0 kB
Node 0 FileHugePages:        0 kB
Node 0 FilePmdMapped:        0 kB
Node 0 HugePages_Total:     0
Node 0 HugePages_Free:      0
Node 0 HugePages_Surp:      0

Node 1 MemTotal:       24661580 kB
Node 1 MemFree:        24350124 kB
Node 1 MemUsed:          311456 kB
Node 1 Active:            41720 kB
Node 1 Inactive:          99432 kB
Node 1 Active(anon):      15572 kB
Node 1 Inactive(anon):     1144 kB
Node 1 Active(file):      26148 kB
Node 1 Inactive(file):    98288 kB
Node 1 Unevictable:       17084 kB
Node 1 Mlocked:           17084 kB
Node 1 Dirty:               176 kB
Node 1 Writeback:             0 kB
Node 1 FilePages:        132552 kB
Node 1 Mapped:            58856 kB
Node 1 AnonPages:         25400 kB
Node 1 Shmem:               780 kB
Node 1 KernelStack:        2480 kB
Node 1 PageTables:          576 kB
Node 1 NFS_Unstable:          0 kB
Node 1 Bounce:                0 kB
Node 1 WritebackTmp:          0 kB
Node 1 KReclaimable:      19928 kB
Node 1 Slab:              58652 kB
Node 1 SReclaimable:      19928 kB
Node 1 SUnreclaim:        38724 kB
Node 1 AnonHugePages:         0 kB
Node 1 ShmemHugePages:        0 kB
Node 1 ShmemPmdMapped:        0 kB
Node 1 FileHugePages:        0 kB
Node 1 FilePmdMapped:        0 kB
Node 1 HugePages_Total:     0
Node 1 HugePages_Free:      0
Node 1 HugePages_Surp:      0

U.0.fio.0-12K.3.O Complete!
