U.0.fio.256K.3.O
Begin
Node 0 MemTotal:       24743736 kB
Node 0 MemFree:        24377232 kB
Node 0 MemUsed:          366504 kB
Node 0 Active:            60892 kB
Node 0 Inactive:          22652 kB
Node 0 Active(anon):      23588 kB
Node 0 Inactive(anon):      424 kB
Node 0 Active(file):      37304 kB
Node 0 Inactive(file):    22228 kB
Node 0 Unevictable:       13112 kB
Node 0 Mlocked:           13112 kB
Node 0 Dirty:                36 kB
Node 0 Writeback:             0 kB
Node 0 FilePages:         62964 kB
Node 0 Mapped:            20340 kB
Node 0 AnonPages:         33764 kB
Node 0 Shmem:               604 kB
Node 0 KernelStack:        2280 kB
Node 0 PageTables:          600 kB
Node 0 NFS_Unstable:          0 kB
Node 0 Bounce:                0 kB
Node 0 WritebackTmp:          0 kB
Node 0 KReclaimable:      19120 kB
Node 0 Slab:              56660 kB
Node 0 SReclaimable:      19120 kB
Node 0 SUnreclaim:        37540 kB
Node 0 AnonHugePages:         0 kB
Node 0 ShmemHugePages:        0 kB
Node 0 ShmemPmdMapped:        0 kB
Node 0 FileHugePages:        0 kB
Node 0 FilePmdMapped:        0 kB
Node 0 HugePages_Total:     0
Node 0 HugePages_Free:      0
Node 0 HugePages_Surp:      0

Node 1 MemTotal:       24686196 kB
Node 1 MemFree:        24415448 kB
Node 1 MemUsed:          270748 kB
Node 1 Active:            35372 kB
Node 1 Inactive:          91204 kB
Node 1 Active(anon):      10124 kB
Node 1 Inactive(anon):      432 kB
Node 1 Active(file):      25248 kB
Node 1 Inactive(file):    90772 kB
Node 1 Unevictable:        5408 kB
Node 1 Mlocked:            5408 kB
Node 1 Dirty:               488 kB
Node 1 Writeback:             0 kB
Node 1 FilePages:        122088 kB
Node 1 Mapped:            47188 kB
Node 1 AnonPages:          9940 kB
Node 1 Shmem:               664 kB
Node 1 KernelStack:        1336 kB
Node 1 PageTables:          544 kB
Node 1 NFS_Unstable:          0 kB
Node 1 Bounce:                0 kB
Node 1 WritebackTmp:          0 kB
Node 1 KReclaimable:      23256 kB
Node 1 Slab:              51240 kB
Node 1 SReclaimable:      23256 kB
Node 1 SUnreclaim:        27984 kB
Node 1 AnonHugePages:         0 kB
Node 1 ShmemHugePages:        0 kB
Node 1 ShmemPmdMapped:        0 kB
Node 1 FileHugePages:        0 kB
Node 1 FilePmdMapped:        0 kB
Node 1 HugePages_Total:     0
Node 1 HugePages_Free:      0
Node 1 HugePages_Surp:      0

Load ZFS
Node 0 MemTotal:       24743736 kB
Node 0 MemFree:        24367256 kB
Node 0 MemUsed:          376480 kB
Node 0 Active:            62476 kB
Node 0 Inactive:          22564 kB
Node 0 Active(anon):      23724 kB
Node 0 Inactive(anon):      424 kB
Node 0 Active(file):      38752 kB
Node 0 Inactive(file):    22140 kB
Node 0 Unevictable:       13112 kB
Node 0 Mlocked:           13112 kB
Node 0 Dirty:                52 kB
Node 0 Writeback:             0 kB
Node 0 FilePages:         64288 kB
Node 0 Mapped:            20352 kB
Node 0 AnonPages:         33724 kB
Node 0 Shmem:               604 kB
Node 0 KernelStack:        2280 kB
Node 0 PageTables:          652 kB
Node 0 NFS_Unstable:          0 kB
Node 0 Bounce:                0 kB
Node 0 WritebackTmp:          0 kB
Node 0 KReclaimable:      19540 kB
Node 0 Slab:              58656 kB
Node 0 SReclaimable:      19540 kB
Node 0 SUnreclaim:        39116 kB
Node 0 AnonHugePages:         0 kB
Node 0 ShmemHugePages:        0 kB
Node 0 ShmemPmdMapped:        0 kB
Node 0 FileHugePages:        0 kB
Node 0 FilePmdMapped:        0 kB
Node 0 HugePages_Total:     0
Node 0 HugePages_Free:      0
Node 0 HugePages_Surp:      0

Node 1 MemTotal:       24686196 kB
Node 1 MemFree:        24415956 kB
Node 1 MemUsed:          270240 kB
Node 1 Active:            43892 kB
Node 1 Inactive:          87296 kB
Node 1 Active(anon):      13508 kB
Node 1 Inactive(anon):      432 kB
Node 1 Active(file):      30384 kB
Node 1 Inactive(file):    86864 kB
Node 1 Unevictable:        5408 kB
Node 1 Mlocked:            5408 kB
Node 1 Dirty:               300 kB
Node 1 Writeback:             0 kB
Node 1 FilePages:        123316 kB
Node 1 Mapped:            47388 kB
Node 1 AnonPages:         13336 kB
Node 1 Shmem:               664 kB
Node 1 KernelStack:        1400 kB
Node 1 PageTables:          724 kB
Node 1 NFS_Unstable:          0 kB
Node 1 Bounce:                0 kB
Node 1 WritebackTmp:          0 kB
Node 1 KReclaimable:      23696 kB
Node 1 Slab:              53100 kB
Node 1 SReclaimable:      23696 kB
Node 1 SUnreclaim:        29404 kB
Node 1 AnonHugePages:         0 kB
Node 1 ShmemHugePages:        0 kB
Node 1 ShmemPmdMapped:        0 kB
Node 1 FileHugePages:        0 kB
Node 1 FilePmdMapped:        0 kB
Node 1 HugePages_Total:     0
Node 1 HugePages_Free:      0
Node 1 HugePages_Surp:      0

Import tank ZPool
Node 0 MemTotal:       24743736 kB
Node 0 MemFree:        24364060 kB
Node 0 MemUsed:          379676 kB
Node 0 Active:            62940 kB
Node 0 Inactive:          23692 kB
Node 0 Active(anon):      23852 kB
Node 0 Inactive(anon):      428 kB
Node 0 Active(file):      39088 kB
Node 0 Inactive(file):    23264 kB
Node 0 Unevictable:       13112 kB
Node 0 Mlocked:           13112 kB
Node 0 Dirty:                56 kB
Node 0 Writeback:             0 kB
Node 0 FilePages:         65756 kB
Node 0 Mapped:            20564 kB
Node 0 AnonPages:         33760 kB
Node 0 Shmem:               608 kB
Node 0 KernelStack:        2248 kB
Node 0 PageTables:          672 kB
Node 0 NFS_Unstable:          0 kB
Node 0 Bounce:                0 kB
Node 0 WritebackTmp:          0 kB
Node 0 KReclaimable:      19656 kB
Node 0 Slab:              61800 kB
Node 0 SReclaimable:      19656 kB
Node 0 SUnreclaim:        42144 kB
Node 0 AnonHugePages:         0 kB
Node 0 ShmemHugePages:        0 kB
Node 0 ShmemPmdMapped:        0 kB
Node 0 FileHugePages:        0 kB
Node 0 FilePmdMapped:        0 kB
Node 0 HugePages_Total:     0
Node 0 HugePages_Free:      0
Node 0 HugePages_Surp:      0

Node 1 MemTotal:       24686196 kB
Node 1 MemFree:        24401128 kB
Node 1 MemUsed:          285068 kB
Node 1 Active:            40108 kB
Node 1 Inactive:          87364 kB
Node 1 Active(anon):       9704 kB
Node 1 Inactive(anon):      432 kB
Node 1 Active(file):      30404 kB
Node 1 Inactive(file):    86932 kB
Node 1 Unevictable:        5408 kB
Node 1 Mlocked:            5408 kB
Node 1 Dirty:               332 kB
Node 1 Writeback:             0 kB
Node 1 FilePages:        123404 kB
Node 1 Mapped:            47504 kB
Node 1 AnonPages:          9104 kB
Node 1 Shmem:               660 kB
Node 1 KernelStack:        2472 kB
Node 1 PageTables:          544 kB
Node 1 NFS_Unstable:          0 kB
Node 1 Bounce:                0 kB
Node 1 WritebackTmp:          0 kB
Node 1 KReclaimable:      23700 kB
Node 1 Slab:              57872 kB
Node 1 SReclaimable:      23700 kB
Node 1 SUnreclaim:        34172 kB
Node 1 AnonHugePages:         0 kB
Node 1 ShmemHugePages:        0 kB
Node 1 ShmemPmdMapped:        0 kB
Node 1 FileHugePages:        0 kB
Node 1 FilePmdMapped:        0 kB
Node 1 HugePages_Total:     0
Node 1 HugePages_Free:      0
Node 1 HugePages_Surp:      0

After Test
Node 0 MemTotal:       24743736 kB
Node 0 MemFree:        24358336 kB
Node 0 MemUsed:          385400 kB
Node 0 Active:            64224 kB
Node 0 Inactive:          24936 kB
Node 0 Active(anon):      23856 kB
Node 0 Inactive(anon):      716 kB
Node 0 Active(file):      40368 kB
Node 0 Inactive(file):    24220 kB
Node 0 Unevictable:       13112 kB
Node 0 Mlocked:           13112 kB
Node 0 Dirty:                64 kB
Node 0 Writeback:             0 kB
Node 0 FilePages:         68276 kB
Node 0 Mapped:            20640 kB
Node 0 AnonPages:         33856 kB
Node 0 Shmem:               608 kB
Node 0 KernelStack:        2228 kB
Node 0 PageTables:          604 kB
Node 0 NFS_Unstable:          0 kB
Node 0 Bounce:                0 kB
Node 0 WritebackTmp:          0 kB
Node 0 KReclaimable:      20948 kB
Node 0 Slab:              63276 kB
Node 0 SReclaimable:      20948 kB
Node 0 SUnreclaim:        42328 kB
Node 0 AnonHugePages:         0 kB
Node 0 ShmemHugePages:        0 kB
Node 0 ShmemPmdMapped:        0 kB
Node 0 FileHugePages:        0 kB
Node 0 FilePmdMapped:        0 kB
Node 0 HugePages_Total:     0
Node 0 HugePages_Free:      0
Node 0 HugePages_Surp:      0

Node 1 MemTotal:       24686196 kB
Node 1 MemFree:        24399204 kB
Node 1 MemUsed:          286992 kB
Node 1 Active:            39900 kB
Node 1 Inactive:          87312 kB
Node 1 Active(anon):       9440 kB
Node 1 Inactive(anon):      432 kB
Node 1 Active(file):      30460 kB
Node 1 Inactive(file):    86880 kB
Node 1 Unevictable:        5408 kB
Node 1 Mlocked:            5408 kB
Node 1 Dirty:               332 kB
Node 1 Writeback:             0 kB
Node 1 FilePages:        123404 kB
Node 1 Mapped:            47228 kB
Node 1 AnonPages:          9212 kB
Node 1 Shmem:               660 kB
Node 1 KernelStack:        2456 kB
Node 1 PageTables:          508 kB
Node 1 NFS_Unstable:          0 kB
Node 1 Bounce:                0 kB
Node 1 WritebackTmp:          0 kB
Node 1 KReclaimable:      23700 kB
Node 1 Slab:              57964 kB
Node 1 SReclaimable:      23700 kB
Node 1 SUnreclaim:        34264 kB
Node 1 AnonHugePages:         0 kB
Node 1 ShmemHugePages:        0 kB
Node 1 ShmemPmdMapped:        0 kB
Node 1 FileHugePages:        0 kB
Node 1 FilePmdMapped:        0 kB
Node 1 HugePages_Total:     0
Node 1 HugePages_Free:      0
Node 1 HugePages_Surp:      0

After Opposite Node
Node 0 MemTotal:       24743736 kB
Node 0 MemFree:        24358464 kB
Node 0 MemUsed:          385272 kB
Node 0 Active:            64228 kB
Node 0 Inactive:          24484 kB
Node 0 Active(anon):      23676 kB
Node 0 Inactive(anon):      428 kB
Node 0 Active(file):      40552 kB
Node 0 Inactive(file):    24056 kB
Node 0 Unevictable:       13112 kB
Node 0 Mlocked:           13112 kB
Node 0 Dirty:                76 kB
Node 0 Writeback:             0 kB
Node 0 FilePages:         68004 kB
Node 0 Mapped:            20544 kB
Node 0 AnonPages:         33820 kB
Node 0 Shmem:               608 kB
Node 0 KernelStack:        2264 kB
Node 0 PageTables:          624 kB
Node 0 NFS_Unstable:          0 kB
Node 0 Bounce:                0 kB
Node 0 WritebackTmp:          0 kB
Node 0 KReclaimable:      20964 kB
Node 0 Slab:              63352 kB
Node 0 SReclaimable:      20964 kB
Node 0 SUnreclaim:        42388 kB
Node 0 AnonHugePages:         0 kB
Node 0 ShmemHugePages:        0 kB
Node 0 ShmemPmdMapped:        0 kB
Node 0 FileHugePages:        0 kB
Node 0 FilePmdMapped:        0 kB
Node 0 HugePages_Total:     0
Node 0 HugePages_Free:      0
Node 0 HugePages_Surp:      0

Node 1 MemTotal:       24686196 kB
Node 1 MemFree:        24398332 kB
Node 1 MemUsed:          287864 kB
Node 1 Active:            40040 kB
Node 1 Inactive:          87344 kB
Node 1 Active(anon):       9576 kB
Node 1 Inactive(anon):      456 kB
Node 1 Active(file):      30464 kB
Node 1 Inactive(file):    86888 kB
Node 1 Unevictable:        5408 kB
Node 1 Mlocked:            5408 kB
Node 1 Dirty:               232 kB
Node 1 Writeback:             0 kB
Node 1 FilePages:        123460 kB
Node 1 Mapped:            47272 kB
Node 1 AnonPages:          9244 kB
Node 1 Shmem:               704 kB
Node 1 KernelStack:        2472 kB
Node 1 PageTables:          624 kB
Node 1 NFS_Unstable:          0 kB
Node 1 Bounce:                0 kB
Node 1 WritebackTmp:          0 kB
Node 1 KReclaimable:      23732 kB
Node 1 Slab:              58244 kB
Node 1 SReclaimable:      23732 kB
Node 1 SUnreclaim:        34512 kB
Node 1 AnonHugePages:         0 kB
Node 1 ShmemHugePages:        0 kB
Node 1 ShmemPmdMapped:        0 kB
Node 1 FileHugePages:        0 kB
Node 1 FilePmdMapped:        0 kB
Node 1 HugePages_Total:     0
Node 1 HugePages_Free:      0
Node 1 HugePages_Surp:      0

U.0.fio.256K.3.O Complete!
