U.0.fio.2-1G.2.O
Begin
Node 0 MemTotal:       24768352 kB
Node 0 MemFree:        24294820 kB
Node 0 MemUsed:          473532 kB
Node 0 Active:            64564 kB
Node 0 Inactive:         108860 kB
Node 0 Active(anon):      17200 kB
Node 0 Inactive(anon):      384 kB
Node 0 Active(file):      47364 kB
Node 0 Inactive(file):   108476 kB
Node 0 Unevictable:       17640 kB
Node 0 Mlocked:           17640 kB
Node 0 Dirty:               264 kB
Node 0 Writeback:             0 kB
Node 0 FilePages:        163704 kB
Node 0 Mapped:            71824 kB
Node 0 AnonPages:         27356 kB
Node 0 Shmem:               556 kB
Node 0 KernelStack:        1912 kB
Node 0 PageTables:          800 kB
Node 0 NFS_Unstable:          0 kB
Node 0 Bounce:                0 kB
Node 0 WritebackTmp:          0 kB
Node 0 KReclaimable:      26780 kB
Node 0 Slab:              65232 kB
Node 0 SReclaimable:      26780 kB
Node 0 SUnreclaim:        38452 kB
Node 0 AnonHugePages:         0 kB
Node 0 ShmemHugePages:        0 kB
Node 0 ShmemPmdMapped:        0 kB
Node 0 FileHugePages:        0 kB
Node 0 FilePmdMapped:        0 kB
Node 0 HugePages_Total:     0
Node 0 HugePages_Free:      0
Node 0 HugePages_Surp:      0

Node 1 MemTotal:       24661580 kB
Node 1 MemFree:        24485384 kB
Node 1 MemUsed:          176196 kB
Node 1 Active:            32004 kB
Node 1 Inactive:          20528 kB
Node 1 Active(anon):      16468 kB
Node 1 Inactive(anon):      516 kB
Node 1 Active(file):      15536 kB
Node 1 Inactive(file):    20012 kB
Node 1 Unevictable:         884 kB
Node 1 Mlocked:             884 kB
Node 1 Dirty:               260 kB
Node 1 Writeback:             0 kB
Node 1 FilePages:         37148 kB
Node 1 Mapped:             7624 kB
Node 1 AnonPages:         16324 kB
Node 1 Shmem:               712 kB
Node 1 KernelStack:        1720 kB
Node 1 PageTables:          400 kB
Node 1 NFS_Unstable:          0 kB
Node 1 Bounce:                0 kB
Node 1 WritebackTmp:          0 kB
Node 1 KReclaimable:      14072 kB
Node 1 Slab:              39004 kB
Node 1 SReclaimable:      14072 kB
Node 1 SUnreclaim:        24932 kB
Node 1 AnonHugePages:         0 kB
Node 1 ShmemHugePages:        0 kB
Node 1 ShmemPmdMapped:        0 kB
Node 1 FileHugePages:        0 kB
Node 1 FilePmdMapped:        0 kB
Node 1 HugePages_Total:     0
Node 1 HugePages_Free:      0
Node 1 HugePages_Surp:      0

Load ZFS
Node 0 MemTotal:       24768352 kB
Node 0 MemFree:        24426352 kB
Node 0 MemUsed:          342000 kB
Node 0 Active:            70484 kB
Node 0 Inactive:         105736 kB
Node 0 Active(anon):      18400 kB
Node 0 Inactive(anon):      384 kB
Node 0 Active(file):      52084 kB
Node 0 Inactive(file):   105352 kB
Node 0 Unevictable:       17640 kB
Node 0 Mlocked:           17640 kB
Node 0 Dirty:               320 kB
Node 0 Writeback:             0 kB
Node 0 FilePages:        165300 kB
Node 0 Mapped:            71836 kB
Node 0 AnonPages:         28656 kB
Node 0 Shmem:               556 kB
Node 0 KernelStack:        1928 kB
Node 0 PageTables:          872 kB
Node 0 NFS_Unstable:          0 kB
Node 0 Bounce:                0 kB
Node 0 WritebackTmp:          0 kB
Node 0 KReclaimable:      27268 kB
Node 0 Slab:              66924 kB
Node 0 SReclaimable:      27268 kB
Node 0 SUnreclaim:        39656 kB
Node 0 AnonHugePages:         0 kB
Node 0 ShmemHugePages:        0 kB
Node 0 ShmemPmdMapped:        0 kB
Node 0 FileHugePages:        0 kB
Node 0 FilePmdMapped:        0 kB
Node 0 HugePages_Total:     0
Node 0 HugePages_Free:      0
Node 0 HugePages_Surp:      0

Node 1 MemTotal:       24661580 kB
Node 1 MemFree:        24343904 kB
Node 1 MemUsed:          317676 kB
Node 1 Active:            35792 kB
Node 1 Inactive:          19904 kB
Node 1 Active(anon):      18672 kB
Node 1 Inactive(anon):      516 kB
Node 1 Active(file):      17120 kB
Node 1 Inactive(file):    19388 kB
Node 1 Unevictable:         884 kB
Node 1 Mlocked:             884 kB
Node 1 Dirty:                24 kB
Node 1 Writeback:             0 kB
Node 1 FilePages:         38104 kB
Node 1 Mapped:             7784 kB
Node 1 AnonPages:         18392 kB
Node 1 Shmem:               712 kB
Node 1 KernelStack:        1768 kB
Node 1 PageTables:          568 kB
Node 1 NFS_Unstable:          0 kB
Node 1 Bounce:                0 kB
Node 1 WritebackTmp:          0 kB
Node 1 KReclaimable:      14472 kB
Node 1 Slab:              41116 kB
Node 1 SReclaimable:      14472 kB
Node 1 SUnreclaim:        26644 kB
Node 1 AnonHugePages:         0 kB
Node 1 ShmemHugePages:        0 kB
Node 1 ShmemPmdMapped:        0 kB
Node 1 FileHugePages:        0 kB
Node 1 FilePmdMapped:        0 kB
Node 1 HugePages_Total:     0
Node 1 HugePages_Free:      0
Node 1 HugePages_Surp:      0

Import tank ZPool
Node 0 MemTotal:       24768352 kB
Node 0 MemFree:        24426816 kB
Node 0 MemUsed:          341536 kB
Node 0 Active:            70528 kB
Node 0 Inactive:         105688 kB
Node 0 Active(anon):      18396 kB
Node 0 Inactive(anon):      384 kB
Node 0 Active(file):      52132 kB
Node 0 Inactive(file):   105304 kB
Node 0 Unevictable:       17640 kB
Node 0 Mlocked:           17640 kB
Node 0 Dirty:               236 kB
Node 0 Writeback:             0 kB
Node 0 FilePages:        165296 kB
Node 0 Mapped:            72100 kB
Node 0 AnonPages:         28660 kB
Node 0 Shmem:               552 kB
Node 0 KernelStack:        1928 kB
Node 0 PageTables:          872 kB
Node 0 NFS_Unstable:          0 kB
Node 0 Bounce:                0 kB
Node 0 WritebackTmp:          0 kB
Node 0 KReclaimable:      27268 kB
Node 0 Slab:              67504 kB
Node 0 SReclaimable:      27268 kB
Node 0 SUnreclaim:        40236 kB
Node 0 AnonHugePages:         0 kB
Node 0 ShmemHugePages:        0 kB
Node 0 ShmemPmdMapped:        0 kB
Node 0 FileHugePages:        0 kB
Node 0 FilePmdMapped:        0 kB
Node 0 HugePages_Total:     0
Node 0 HugePages_Free:      0
Node 0 HugePages_Surp:      0

Node 1 MemTotal:       24661580 kB
Node 1 MemFree:        24324184 kB
Node 1 MemUsed:          337396 kB
Node 1 Active:            36884 kB
Node 1 Inactive:          21004 kB
Node 1 Active(anon):      19040 kB
Node 1 Inactive(anon):      520 kB
Node 1 Active(file):      17844 kB
Node 1 Inactive(file):    20484 kB
Node 1 Unevictable:         884 kB
Node 1 Mlocked:             884 kB
Node 1 Dirty:                36 kB
Node 1 Writeback:             0 kB
Node 1 FilePages:         39664 kB
Node 1 Mapped:             7856 kB
Node 1 AnonPages:         18488 kB
Node 1 Shmem:               716 kB
Node 1 KernelStack:        2920 kB
Node 1 PageTables:          660 kB
Node 1 NFS_Unstable:          0 kB
Node 1 Bounce:                0 kB
Node 1 WritebackTmp:          0 kB
Node 1 KReclaimable:      14628 kB
Node 1 Slab:              48100 kB
Node 1 SReclaimable:      14628 kB
Node 1 SUnreclaim:        33472 kB
Node 1 AnonHugePages:         0 kB
Node 1 ShmemHugePages:        0 kB
Node 1 ShmemPmdMapped:        0 kB
Node 1 FileHugePages:        0 kB
Node 1 FilePmdMapped:        0 kB
Node 1 HugePages_Total:     0
Node 1 HugePages_Free:      0
Node 1 HugePages_Surp:      0

After Test
Node 0 MemTotal:       24768352 kB
Node 0 MemFree:        23267816 kB
Node 0 MemUsed:         1500536 kB
Node 0 Active:            70392 kB
Node 0 Inactive:         106824 kB
Node 0 Active(anon):      17296 kB
Node 0 Inactive(anon):      412 kB
Node 0 Active(file):      53096 kB
Node 0 Inactive(file):   106412 kB
Node 0 Unevictable:       17640 kB
Node 0 Mlocked:           17640 kB
Node 0 Dirty:               156 kB
Node 0 Writeback:             0 kB
Node 0 FilePages:        167412 kB
Node 0 Mapped:            72056 kB
Node 0 AnonPages:         27404 kB
Node 0 Shmem:               596 kB
Node 0 KernelStack:        1928 kB
Node 0 PageTables:          972 kB
Node 0 NFS_Unstable:          0 kB
Node 0 Bounce:                0 kB
Node 0 WritebackTmp:          0 kB
Node 0 KReclaimable:      28584 kB
Node 0 Slab:              77412 kB
Node 0 SReclaimable:      28584 kB
Node 0 SUnreclaim:        48828 kB
Node 0 AnonHugePages:         0 kB
Node 0 ShmemHugePages:        0 kB
Node 0 ShmemPmdMapped:        0 kB
Node 0 FileHugePages:        0 kB
Node 0 FilePmdMapped:        0 kB
Node 0 HugePages_Total:     0
Node 0 HugePages_Free:      0
Node 0 HugePages_Surp:      0

Node 1 MemTotal:       24661580 kB
Node 1 MemFree:        23603532 kB
Node 1 MemUsed:         1058048 kB
Node 1 Active:            33632 kB
Node 1 Inactive:          20712 kB
Node 1 Active(anon):      15592 kB
Node 1 Inactive(anon):      520 kB
Node 1 Active(file):      18040 kB
Node 1 Inactive(file):    20192 kB
Node 1 Unevictable:         884 kB
Node 1 Mlocked:             884 kB
Node 1 Dirty:                 8 kB
Node 1 Writeback:             0 kB
Node 1 FilePages:         39832 kB
Node 1 Mapped:             7624 kB
Node 1 AnonPages:         15396 kB
Node 1 Shmem:               716 kB
Node 1 KernelStack:        2792 kB
Node 1 PageTables:          364 kB
Node 1 NFS_Unstable:          0 kB
Node 1 Bounce:                0 kB
Node 1 WritebackTmp:          0 kB
Node 1 KReclaimable:      14652 kB
Node 1 Slab:              50152 kB
Node 1 SReclaimable:      14652 kB
Node 1 SUnreclaim:        35500 kB
Node 1 AnonHugePages:         0 kB
Node 1 ShmemHugePages:        0 kB
Node 1 ShmemPmdMapped:        0 kB
Node 1 FileHugePages:        0 kB
Node 1 FilePmdMapped:        0 kB
Node 1 HugePages_Total:     0
Node 1 HugePages_Free:      0
Node 1 HugePages_Surp:      0

After Opposite Node
Node 0 MemTotal:       24768352 kB
Node 0 MemFree:        23269348 kB
Node 0 MemUsed:         1499004 kB
Node 0 Active:            70360 kB
Node 0 Inactive:         106652 kB
Node 0 Active(anon):      17112 kB
Node 0 Inactive(anon):      384 kB
Node 0 Active(file):      53248 kB
Node 0 Inactive(file):   106268 kB
Node 0 Unevictable:       17640 kB
Node 0 Mlocked:           17640 kB
Node 0 Dirty:               192 kB
Node 0 Writeback:             0 kB
Node 0 FilePages:        167376 kB
Node 0 Mapped:            72040 kB
Node 0 AnonPages:         27272 kB
Node 0 Shmem:               552 kB
Node 0 KernelStack:        1848 kB
Node 0 PageTables:          800 kB
Node 0 NFS_Unstable:          0 kB
Node 0 Bounce:                0 kB
Node 0 WritebackTmp:          0 kB
Node 0 KReclaimable:      28584 kB
Node 0 Slab:              77404 kB
Node 0 SReclaimable:      28584 kB
Node 0 SUnreclaim:        48820 kB
Node 0 AnonHugePages:         0 kB
Node 0 ShmemHugePages:        0 kB
Node 0 ShmemPmdMapped:        0 kB
Node 0 FileHugePages:        0 kB
Node 0 FilePmdMapped:        0 kB
Node 0 HugePages_Total:     0
Node 0 HugePages_Free:      0
Node 0 HugePages_Surp:      0

Node 1 MemTotal:       24661580 kB
Node 1 MemFree:        23598184 kB
Node 1 MemUsed:         1063396 kB
Node 1 Active:            33828 kB
Node 1 Inactive:          20728 kB
Node 1 Active(anon):      15748 kB
Node 1 Inactive(anon):      544 kB
Node 1 Active(file):      18080 kB
Node 1 Inactive(file):    20184 kB
Node 1 Unevictable:         884 kB
Node 1 Mlocked:             884 kB
Node 1 Dirty:                28 kB
Node 1 Writeback:             0 kB
Node 1 FilePages:         39908 kB
Node 1 Mapped:             7668 kB
Node 1 AnonPages:         15456 kB
Node 1 Shmem:               760 kB
Node 1 KernelStack:        2792 kB
Node 1 PageTables:          476 kB
Node 1 NFS_Unstable:          0 kB
Node 1 Bounce:                0 kB
Node 1 WritebackTmp:          0 kB
Node 1 KReclaimable:      14692 kB
Node 1 Slab:              50840 kB
Node 1 SReclaimable:      14692 kB
Node 1 SUnreclaim:        36148 kB
Node 1 AnonHugePages:         0 kB
Node 1 ShmemHugePages:        0 kB
Node 1 ShmemPmdMapped:        0 kB
Node 1 FileHugePages:        0 kB
Node 1 FilePmdMapped:        0 kB
Node 1 HugePages_Total:     0
Node 1 HugePages_Free:      0
Node 1 HugePages_Surp:      0

U.0.fio.2-1G.2.O Complete!
