U.0.fio.100M.2.O
Begin
Node 0 MemTotal:       24768352 kB
Node 0 MemFree:        24345672 kB
Node 0 MemUsed:          422680 kB
Node 0 Active:            47784 kB
Node 0 Inactive:          81060 kB
Node 0 Active(anon):      20216 kB
Node 0 Inactive(anon):      448 kB
Node 0 Active(file):      27568 kB
Node 0 Inactive(file):    80612 kB
Node 0 Unevictable:        4604 kB
Node 0 Mlocked:            4604 kB
Node 0 Dirty:               324 kB
Node 0 Writeback:             0 kB
Node 0 FilePages:        113584 kB
Node 0 Mapped:            40328 kB
Node 0 AnonPages:         20056 kB
Node 0 Shmem:               652 kB
Node 0 KernelStack:        2296 kB
Node 0 PageTables:          720 kB
Node 0 NFS_Unstable:          0 kB
Node 0 Bounce:                0 kB
Node 0 WritebackTmp:          0 kB
Node 0 KReclaimable:      24472 kB
Node 0 Slab:              67216 kB
Node 0 SReclaimable:      24472 kB
Node 0 SUnreclaim:        42744 kB
Node 0 AnonHugePages:         0 kB
Node 0 ShmemHugePages:        0 kB
Node 0 ShmemPmdMapped:        0 kB
Node 0 FileHugePages:        0 kB
Node 0 FilePmdMapped:        0 kB
Node 0 HugePages_Total:     0
Node 0 HugePages_Free:      0
Node 0 HugePages_Surp:      0

Node 1 MemTotal:       24661580 kB
Node 1 MemFree:        24462692 kB
Node 1 MemUsed:          198888 kB
Node 1 Active:            46988 kB
Node 1 Inactive:          18120 kB
Node 1 Active(anon):      13460 kB
Node 1 Inactive(anon):      428 kB
Node 1 Active(file):      33528 kB
Node 1 Inactive(file):    17692 kB
Node 1 Unevictable:       13916 kB
Node 1 Mlocked:           13916 kB
Node 1 Dirty:                32 kB
Node 1 Writeback:             0 kB
Node 1 FilePages:         55428 kB
Node 1 Mapped:            15680 kB
Node 1 AnonPages:         23656 kB
Node 1 Shmem:               616 kB
Node 1 KernelStack:        1304 kB
Node 1 PageTables:          396 kB
Node 1 NFS_Unstable:          0 kB
Node 1 Bounce:                0 kB
Node 1 WritebackTmp:          0 kB
Node 1 KReclaimable:      17388 kB
Node 1 Slab:              39536 kB
Node 1 SReclaimable:      17388 kB
Node 1 SUnreclaim:        22148 kB
Node 1 AnonHugePages:         0 kB
Node 1 ShmemHugePages:        0 kB
Node 1 ShmemPmdMapped:        0 kB
Node 1 FileHugePages:        0 kB
Node 1 FilePmdMapped:        0 kB
Node 1 HugePages_Total:     0
Node 1 HugePages_Free:      0
Node 1 HugePages_Surp:      0

Load ZFS
Node 0 MemTotal:       24768352 kB
Node 0 MemFree:        24344904 kB
Node 0 MemUsed:          423448 kB
Node 0 Active:            54340 kB
Node 0 Inactive:          76368 kB
Node 0 Active(anon):      21020 kB
Node 0 Inactive(anon):      452 kB
Node 0 Active(file):      33320 kB
Node 0 Inactive(file):    75916 kB
Node 0 Unevictable:        4604 kB
Node 0 Mlocked:            4604 kB
Node 0 Dirty:               348 kB
Node 0 Writeback:             0 kB
Node 0 FilePages:        114488 kB
Node 0 Mapped:            40492 kB
Node 0 AnonPages:         20704 kB
Node 0 Shmem:               652 kB
Node 0 KernelStack:        2360 kB
Node 0 PageTables:          776 kB
Node 0 NFS_Unstable:          0 kB
Node 0 Bounce:                0 kB
Node 0 WritebackTmp:          0 kB
Node 0 KReclaimable:      24936 kB
Node 0 Slab:              68764 kB
Node 0 SReclaimable:      24936 kB
Node 0 SUnreclaim:        43828 kB
Node 0 AnonHugePages:         0 kB
Node 0 ShmemHugePages:        0 kB
Node 0 ShmemPmdMapped:        0 kB
Node 0 FileHugePages:        0 kB
Node 0 FilePmdMapped:        0 kB
Node 0 HugePages_Total:     0
Node 0 HugePages_Free:      0
Node 0 HugePages_Surp:      0

Node 1 MemTotal:       24661580 kB
Node 1 MemFree:        24453156 kB
Node 1 MemUsed:          208424 kB
Node 1 Active:            53584 kB
Node 1 Inactive:          18872 kB
Node 1 Active(anon):      19212 kB
Node 1 Inactive(anon):      428 kB
Node 1 Active(file):      34372 kB
Node 1 Inactive(file):    18444 kB
Node 1 Unevictable:       13916 kB
Node 1 Mlocked:           13916 kB
Node 1 Dirty:                36 kB
Node 1 Writeback:             0 kB
Node 1 FilePages:         57024 kB
Node 1 Mapped:            15680 kB
Node 1 AnonPages:         29432 kB
Node 1 Shmem:               616 kB
Node 1 KernelStack:        1416 kB
Node 1 PageTables:          792 kB
Node 1 NFS_Unstable:          0 kB
Node 1 Bounce:                0 kB
Node 1 WritebackTmp:          0 kB
Node 1 KReclaimable:      17888 kB
Node 1 Slab:              41668 kB
Node 1 SReclaimable:      17888 kB
Node 1 SUnreclaim:        23780 kB
Node 1 AnonHugePages:         0 kB
Node 1 ShmemHugePages:        0 kB
Node 1 ShmemPmdMapped:        0 kB
Node 1 FileHugePages:        0 kB
Node 1 FilePmdMapped:        0 kB
Node 1 HugePages_Total:     0
Node 1 HugePages_Free:      0
Node 1 HugePages_Surp:      0

Import tank ZPool
Node 0 MemTotal:       24768352 kB
Node 0 MemFree:        24330424 kB
Node 0 MemUsed:          437928 kB
Node 0 Active:            53776 kB
Node 0 Inactive:          76264 kB
Node 0 Active(anon):      20352 kB
Node 0 Inactive(anon):      452 kB
Node 0 Active(file):      33424 kB
Node 0 Inactive(file):    75812 kB
Node 0 Unevictable:        4604 kB
Node 0 Mlocked:            4604 kB
Node 0 Dirty:               380 kB
Node 0 Writeback:             0 kB
Node 0 FilePages:        114508 kB
Node 0 Mapped:            40548 kB
Node 0 AnonPages:         20012 kB
Node 0 Shmem:               648 kB
Node 0 KernelStack:        3336 kB
Node 0 PageTables:          748 kB
Node 0 NFS_Unstable:          0 kB
Node 0 Bounce:                0 kB
Node 0 WritebackTmp:          0 kB
Node 0 KReclaimable:      24936 kB
Node 0 Slab:              71284 kB
Node 0 SReclaimable:      24936 kB
Node 0 SUnreclaim:        46348 kB
Node 0 AnonHugePages:         0 kB
Node 0 ShmemHugePages:        0 kB
Node 0 ShmemPmdMapped:        0 kB
Node 0 FileHugePages:        0 kB
Node 0 FilePmdMapped:        0 kB
Node 0 HugePages_Total:     0
Node 0 HugePages_Free:      0
Node 0 HugePages_Surp:      0

Node 1 MemTotal:       24661580 kB
Node 1 MemFree:        24450444 kB
Node 1 MemUsed:          211136 kB
Node 1 Active:            47496 kB
Node 1 Inactive:          20016 kB
Node 1 Active(anon):      12816 kB
Node 1 Inactive(anon):      432 kB
Node 1 Active(file):      34680 kB
Node 1 Inactive(file):    19584 kB
Node 1 Unevictable:       13916 kB
Node 1 Mlocked:           13916 kB
Node 1 Dirty:                36 kB
Node 1 Writeback:             0 kB
Node 1 FilePages:         58480 kB
Node 1 Mapped:            15892 kB
Node 1 AnonPages:         22788 kB
Node 1 Shmem:               620 kB
Node 1 KernelStack:        1464 kB
Node 1 PageTables:          600 kB
Node 1 NFS_Unstable:          0 kB
Node 1 Bounce:                0 kB
Node 1 WritebackTmp:          0 kB
Node 1 KReclaimable:      18040 kB
Node 1 Slab:              46416 kB
Node 1 SReclaimable:      18040 kB
Node 1 SUnreclaim:        28376 kB
Node 1 AnonHugePages:         0 kB
Node 1 ShmemHugePages:        0 kB
Node 1 ShmemPmdMapped:        0 kB
Node 1 FileHugePages:        0 kB
Node 1 FilePmdMapped:        0 kB
Node 1 HugePages_Total:     0
Node 1 HugePages_Free:      0
Node 1 HugePages_Surp:      0

After Test
Node 0 MemTotal:       24768352 kB
Node 0 MemFree:        24111012 kB
Node 0 MemUsed:          657340 kB
Node 0 Active:            54432 kB
Node 0 Inactive:          77416 kB
Node 0 Active(anon):      20152 kB
Node 0 Inactive(anon):      480 kB
Node 0 Active(file):      34280 kB
Node 0 Inactive(file):    76936 kB
Node 0 Unevictable:        4604 kB
Node 0 Mlocked:            4604 kB
Node 0 Dirty:               136 kB
Node 0 Writeback:             0 kB
Node 0 FilePages:        116508 kB
Node 0 Mapped:            40596 kB
Node 0 AnonPages:         19848 kB
Node 0 Shmem:               692 kB
Node 0 KernelStack:        3320 kB
Node 0 PageTables:          860 kB
Node 0 NFS_Unstable:          0 kB
Node 0 Bounce:                0 kB
Node 0 WritebackTmp:          0 kB
Node 0 KReclaimable:      26228 kB
Node 0 Slab:              74676 kB
Node 0 SReclaimable:      26228 kB
Node 0 SUnreclaim:        48448 kB
Node 0 AnonHugePages:         0 kB
Node 0 ShmemHugePages:        0 kB
Node 0 ShmemPmdMapped:        0 kB
Node 0 FileHugePages:        0 kB
Node 0 FilePmdMapped:        0 kB
Node 0 HugePages_Total:     0
Node 0 HugePages_Free:      0
Node 0 HugePages_Surp:      0

Node 1 MemTotal:       24661580 kB
Node 1 MemFree:        24451420 kB
Node 1 MemUsed:          210160 kB
Node 1 Active:            48204 kB
Node 1 Inactive:          19872 kB
Node 1 Active(anon):      13144 kB
Node 1 Inactive(anon):      432 kB
Node 1 Active(file):      35060 kB
Node 1 Inactive(file):    19440 kB
Node 1 Unevictable:       13916 kB
Node 1 Mlocked:           13916 kB
Node 1 Dirty:                20 kB
Node 1 Writeback:             0 kB
Node 1 FilePages:         58724 kB
Node 1 Mapped:            15680 kB
Node 1 AnonPages:         23280 kB
Node 1 Shmem:               620 kB
Node 1 KernelStack:        1400 kB
Node 1 PageTables:          356 kB
Node 1 NFS_Unstable:          0 kB
Node 1 Bounce:                0 kB
Node 1 WritebackTmp:          0 kB
Node 1 KReclaimable:      18044 kB
Node 1 Slab:              46216 kB
Node 1 SReclaimable:      18044 kB
Node 1 SUnreclaim:        28172 kB
Node 1 AnonHugePages:         0 kB
Node 1 ShmemHugePages:        0 kB
Node 1 ShmemPmdMapped:        0 kB
Node 1 FileHugePages:        0 kB
Node 1 FilePmdMapped:        0 kB
Node 1 HugePages_Total:     0
Node 1 HugePages_Free:      0
Node 1 HugePages_Surp:      0

After Opposite Node
Node 0 MemTotal:       24768352 kB
Node 0 MemFree:        24110868 kB
Node 0 MemUsed:          657484 kB
Node 0 Active:            54436 kB
Node 0 Inactive:          77224 kB
Node 0 Active(anon):      19984 kB
Node 0 Inactive(anon):      452 kB
Node 0 Active(file):      34452 kB
Node 0 Inactive(file):    76772 kB
Node 0 Unevictable:        4604 kB
Node 0 Mlocked:            4604 kB
Node 0 Dirty:               144 kB
Node 0 Writeback:             0 kB
Node 0 FilePages:        116472 kB
Node 0 Mapped:            40528 kB
Node 0 AnonPages:         19788 kB
Node 0 Shmem:               648 kB
Node 0 KernelStack:        3304 kB
Node 0 PageTables:          748 kB
Node 0 NFS_Unstable:          0 kB
Node 0 Bounce:                0 kB
Node 0 WritebackTmp:          0 kB
Node 0 KReclaimable:      26276 kB
Node 0 Slab:              74880 kB
Node 0 SReclaimable:      26276 kB
Node 0 SUnreclaim:        48604 kB
Node 0 AnonHugePages:         0 kB
Node 0 ShmemHugePages:        0 kB
Node 0 ShmemPmdMapped:        0 kB
Node 0 FileHugePages:        0 kB
Node 0 FilePmdMapped:        0 kB
Node 0 HugePages_Total:     0
Node 0 HugePages_Free:      0
Node 0 HugePages_Surp:      0

Node 1 MemTotal:       24661580 kB
Node 1 MemFree:        24450988 kB
Node 1 MemUsed:          210592 kB
Node 1 Active:            48412 kB
Node 1 Inactive:          19892 kB
Node 1 Active(anon):      13324 kB
Node 1 Inactive(anon):      456 kB
Node 1 Active(file):      35088 kB
Node 1 Inactive(file):    19436 kB
Node 1 Unevictable:       13916 kB
Node 1 Mlocked:           13916 kB
Node 1 Dirty:                28 kB
Node 1 Writeback:             0 kB
Node 1 FilePages:         58780 kB
Node 1 Mapped:            15724 kB
Node 1 AnonPages:         23356 kB
Node 1 Shmem:               664 kB
Node 1 KernelStack:        1416 kB
Node 1 PageTables:          472 kB
Node 1 NFS_Unstable:          0 kB
Node 1 Bounce:                0 kB
Node 1 WritebackTmp:          0 kB
Node 1 KReclaimable:      18084 kB
Node 1 Slab:              46528 kB
Node 1 SReclaimable:      18084 kB
Node 1 SUnreclaim:        28444 kB
Node 1 AnonHugePages:         0 kB
Node 1 ShmemHugePages:        0 kB
Node 1 ShmemPmdMapped:        0 kB
Node 1 FileHugePages:        0 kB
Node 1 FilePmdMapped:        0 kB
Node 1 HugePages_Total:     0
Node 1 HugePages_Free:      0
Node 1 HugePages_Surp:      0

U.0.fio.100M.2.O Complete!
