B.0.4Mfio.250M.3.O
Begin
Node 0 MemTotal:       24743736 kB
Node 0 MemFree:        24328956 kB
Node 0 MemUsed:          414780 kB
Node 0 Active:            58460 kB
Node 0 Inactive:          59788 kB
Node 0 Active(anon):      11168 kB
Node 0 Inactive(anon):      344 kB
Node 0 Active(file):      47292 kB
Node 0 Inactive(file):    59444 kB
Node 0 Unevictable:       17900 kB
Node 0 Mlocked:           17900 kB
Node 0 Dirty:               168 kB
Node 0 Writeback:             0 kB
Node 0 FilePages:        114892 kB
Node 0 Mapped:            27924 kB
Node 0 AnonPages:         21344 kB
Node 0 Shmem:               588 kB
Node 0 KernelStack:        2344 kB
Node 0 PageTables:          592 kB
Node 0 NFS_Unstable:          0 kB
Node 0 Bounce:                0 kB
Node 0 WritebackTmp:          0 kB
Node 0 KReclaimable:      23232 kB
Node 0 Slab:              59496 kB
Node 0 SReclaimable:      23232 kB
Node 0 SUnreclaim:        36264 kB
Node 0 AnonHugePages:         0 kB
Node 0 ShmemHugePages:        0 kB
Node 0 ShmemPmdMapped:        0 kB
Node 0 FileHugePages:        0 kB
Node 0 FilePmdMapped:        0 kB
Node 0 HugePages_Total:     0
Node 0 HugePages_Free:      0
Node 0 HugePages_Surp:      0

Node 1 MemTotal:       24686196 kB
Node 1 MemFree:        24475980 kB
Node 1 MemUsed:          210216 kB
Node 1 Active:            35864 kB
Node 1 Inactive:          45352 kB
Node 1 Active(anon):      22984 kB
Node 1 Inactive(anon):      528 kB
Node 1 Active(file):      12880 kB
Node 1 Inactive(file):    44824 kB
Node 1 Unevictable:         624 kB
Node 1 Mlocked:             624 kB
Node 1 Dirty:               364 kB
Node 1 Writeback:             0 kB
Node 1 FilePages:         59184 kB
Node 1 Mapped:            26856 kB
Node 1 AnonPages:         22860 kB
Node 1 Shmem:               680 kB
Node 1 KernelStack:        1352 kB
Node 1 PageTables:          560 kB
Node 1 NFS_Unstable:          0 kB
Node 1 Bounce:                0 kB
Node 1 WritebackTmp:          0 kB
Node 1 KReclaimable:      18148 kB
Node 1 Slab:              45792 kB
Node 1 SReclaimable:      18148 kB
Node 1 SUnreclaim:        27644 kB
Node 1 AnonHugePages:         0 kB
Node 1 ShmemHugePages:        0 kB
Node 1 ShmemPmdMapped:        0 kB
Node 1 FileHugePages:        0 kB
Node 1 FilePmdMapped:        0 kB
Node 1 HugePages_Total:     0
Node 1 HugePages_Free:      0
Node 1 HugePages_Surp:      0

Load ZFS
Node 0 MemTotal:       24743736 kB
Node 0 MemFree:        24445016 kB
Node 0 MemUsed:          298720 kB
Node 0 Active:            72956 kB
Node 0 Inactive:          60328 kB
Node 0 Active(anon):      25104 kB
Node 0 Inactive(anon):       56 kB
Node 0 Active(file):      47852 kB
Node 0 Inactive(file):    60272 kB
Node 0 Unevictable:       17900 kB
Node 0 Mlocked:           17900 kB
Node 0 Dirty:               168 kB
Node 0 Writeback:             0 kB
Node 0 FilePages:        116628 kB
Node 0 Mapped:            30916 kB
Node 0 AnonPages:         34880 kB
Node 0 Shmem:               508 kB
Node 0 KernelStack:        2420 kB
Node 0 PageTables:         1480 kB
Node 0 NFS_Unstable:          0 kB
Node 0 Bounce:                0 kB
Node 0 WritebackTmp:          0 kB
Node 0 KReclaimable:      23728 kB
Node 0 Slab:              62344 kB
Node 0 SReclaimable:      23728 kB
Node 0 SUnreclaim:        38616 kB
Node 0 AnonHugePages:         0 kB
Node 0 ShmemHugePages:        0 kB
Node 0 ShmemPmdMapped:        0 kB
Node 0 FileHugePages:        0 kB
Node 0 FilePmdMapped:        0 kB
Node 0 HugePages_Total:     0
Node 0 HugePages_Free:      0
Node 0 HugePages_Surp:      0

Node 1 MemTotal:       24686196 kB
Node 1 MemFree:        24215184 kB
Node 1 MemUsed:          471012 kB
Node 1 Active:            50848 kB
Node 1 Inactive:         147504 kB
Node 1 Active(anon):      35972 kB
Node 1 Inactive(anon):      240 kB
Node 1 Active(file):      14876 kB
Node 1 Inactive(file):   147264 kB
Node 1 Unevictable:         624 kB
Node 1 Mlocked:             624 kB
Node 1 Dirty:               172 kB
Node 1 Writeback:             0 kB
Node 1 FilePages:        163688 kB
Node 1 Mapped:            29784 kB
Node 1 AnonPages:         36092 kB
Node 1 Shmem:               760 kB
Node 1 KernelStack:        1888 kB
Node 1 PageTables:         2804 kB
Node 1 NFS_Unstable:          0 kB
Node 1 Bounce:                0 kB
Node 1 WritebackTmp:          0 kB
Node 1 KReclaimable:      19184 kB
Node 1 Slab:              50868 kB
Node 1 SReclaimable:      19184 kB
Node 1 SUnreclaim:        31684 kB
Node 1 AnonHugePages:         0 kB
Node 1 ShmemHugePages:        0 kB
Node 1 ShmemPmdMapped:        0 kB
Node 1 FileHugePages:        0 kB
Node 1 FilePmdMapped:        0 kB
Node 1 HugePages_Total:     0
Node 1 HugePages_Free:      0
Node 1 HugePages_Surp:      0

Import tank ZPool
Node 0 MemTotal:       24743736 kB
Node 0 MemFree:        24445200 kB
Node 0 MemUsed:          298536 kB
Node 0 Active:            58572 kB
Node 0 Inactive:          60588 kB
Node 0 Active(anon):      10320 kB
Node 0 Inactive(anon):      532 kB
Node 0 Active(file):      48252 kB
Node 0 Inactive(file):    60056 kB
Node 0 Unevictable:       18128 kB
Node 0 Mlocked:           18128 kB
Node 0 Dirty:               112 kB
Node 0 Writeback:             0 kB
Node 0 FilePages:        116600 kB
Node 0 Mapped:            28172 kB
Node 0 AnonPages:         20684 kB
Node 0 Shmem:               724 kB
Node 0 KernelStack:        3400 kB
Node 0 PageTables:          496 kB
Node 0 NFS_Unstable:          0 kB
Node 0 Bounce:                0 kB
Node 0 WritebackTmp:          0 kB
Node 0 KReclaimable:      23984 kB
Node 0 Slab:              64628 kB
Node 0 SReclaimable:      23984 kB
Node 0 SUnreclaim:        40644 kB
Node 0 AnonHugePages:         0 kB
Node 0 ShmemHugePages:        0 kB
Node 0 ShmemPmdMapped:        0 kB
Node 0 FileHugePages:        0 kB
Node 0 FilePmdMapped:        0 kB
Node 0 HugePages_Total:     0
Node 0 HugePages_Free:      0
Node 0 HugePages_Surp:      0

Node 1 MemTotal:       24686196 kB
Node 1 MemFree:        24222296 kB
Node 1 MemUsed:          463900 kB
Node 1 Active:            39544 kB
Node 1 Inactive:         148208 kB
Node 1 Active(anon):      23704 kB
Node 1 Inactive(anon):      420 kB
Node 1 Active(file):      15840 kB
Node 1 Inactive(file):   147788 kB
Node 1 Unevictable:         624 kB
Node 1 Mlocked:             624 kB
Node 1 Dirty:               516 kB
Node 1 Writeback:             0 kB
Node 1 FilePages:        164800 kB
Node 1 Mapped:            27084 kB
Node 1 AnonPages:         23320 kB
Node 1 Shmem:               544 kB
Node 1 KernelStack:        1336 kB
Node 1 PageTables:          628 kB
Node 1 NFS_Unstable:          0 kB
Node 1 Bounce:                0 kB
Node 1 WritebackTmp:          0 kB
Node 1 KReclaimable:      19484 kB
Node 1 Slab:              55220 kB
Node 1 SReclaimable:      19484 kB
Node 1 SUnreclaim:        35736 kB
Node 1 AnonHugePages:         0 kB
Node 1 ShmemHugePages:        0 kB
Node 1 ShmemPmdMapped:        0 kB
Node 1 FileHugePages:        0 kB
Node 1 FilePmdMapped:        0 kB
Node 1 HugePages_Total:     0
Node 1 HugePages_Free:      0
Node 1 HugePages_Surp:      0

After Test
Node 0 MemTotal:       24743736 kB
Node 0 MemFree:        23980580 kB
Node 0 MemUsed:          763156 kB
Node 0 Active:            59340 kB
Node 0 Inactive:          61744 kB
Node 0 Active(anon):      10292 kB
Node 0 Inactive(anon):      552 kB
Node 0 Active(file):      49048 kB
Node 0 Inactive(file):    61192 kB
Node 0 Unevictable:       18128 kB
Node 0 Mlocked:           18128 kB
Node 0 Dirty:               120 kB
Node 0 Writeback:             0 kB
Node 0 FilePages:        118576 kB
Node 0 Mapped:            28228 kB
Node 0 AnonPages:         20744 kB
Node 0 Shmem:               768 kB
Node 0 KernelStack:        3432 kB
Node 0 PageTables:          660 kB
Node 0 NFS_Unstable:          0 kB
Node 0 Bounce:                0 kB
Node 0 WritebackTmp:          0 kB
Node 0 KReclaimable:      25284 kB
Node 0 Slab:              69036 kB
Node 0 SReclaimable:      25284 kB
Node 0 SUnreclaim:        43752 kB
Node 0 AnonHugePages:         0 kB
Node 0 ShmemHugePages:        0 kB
Node 0 ShmemPmdMapped:        0 kB
Node 0 FileHugePages:        0 kB
Node 0 FilePmdMapped:        0 kB
Node 0 HugePages_Total:     0
Node 0 HugePages_Free:      0
Node 0 HugePages_Surp:      0

Node 1 MemTotal:       24686196 kB
Node 1 MemFree:        24152112 kB
Node 1 MemUsed:          534084 kB
Node 1 Active:            39468 kB
Node 1 Inactive:         147920 kB
Node 1 Active(anon):      23304 kB
Node 1 Inactive(anon):      420 kB
Node 1 Active(file):      16164 kB
Node 1 Inactive(file):   147500 kB
Node 1 Unevictable:         624 kB
Node 1 Mlocked:             624 kB
Node 1 Dirty:               520 kB
Node 1 Writeback:             0 kB
Node 1 FilePages:        164832 kB
Node 1 Mapped:            26860 kB
Node 1 AnonPages:         23180 kB
Node 1 Shmem:               544 kB
Node 1 KernelStack:        1336 kB
Node 1 PageTables:          568 kB
Node 1 NFS_Unstable:          0 kB
Node 1 Bounce:                0 kB
Node 1 WritebackTmp:          0 kB
Node 1 KReclaimable:      19484 kB
Node 1 Slab:              55220 kB
Node 1 SReclaimable:      19484 kB
Node 1 SUnreclaim:        35736 kB
Node 1 AnonHugePages:         0 kB
Node 1 ShmemHugePages:        0 kB
Node 1 ShmemPmdMapped:        0 kB
Node 1 FileHugePages:        0 kB
Node 1 FilePmdMapped:        0 kB
Node 1 HugePages_Total:     0
Node 1 HugePages_Free:      0
Node 1 HugePages_Surp:      0

After Opposite Node
Node 0 MemTotal:       24743736 kB
Node 0 MemFree:        23980636 kB
Node 0 MemUsed:          763100 kB
Node 0 Active:            59316 kB
Node 0 Inactive:          61740 kB
Node 0 Active(anon):      10268 kB
Node 0 Inactive(anon):      548 kB
Node 0 Active(file):      49048 kB
Node 0 Inactive(file):    61192 kB
Node 0 Unevictable:       18128 kB
Node 0 Mlocked:           18128 kB
Node 0 Dirty:               120 kB
Node 0 Writeback:             0 kB
Node 0 FilePages:        118576 kB
Node 0 Mapped:            28416 kB
Node 0 AnonPages:         20520 kB
Node 0 Shmem:               768 kB
Node 0 KernelStack:        3432 kB
Node 0 PageTables:          604 kB
Node 0 NFS_Unstable:          0 kB
Node 0 Bounce:                0 kB
Node 0 WritebackTmp:          0 kB
Node 0 KReclaimable:      25284 kB
Node 0 Slab:              69052 kB
Node 0 SReclaimable:      25284 kB
Node 0 SUnreclaim:        43768 kB
Node 0 AnonHugePages:         0 kB
Node 0 ShmemHugePages:        0 kB
Node 0 ShmemPmdMapped:        0 kB
Node 0 FileHugePages:        0 kB
Node 0 FilePmdMapped:        0 kB
Node 0 HugePages_Total:     0
Node 0 HugePages_Free:      0
Node 0 HugePages_Surp:      0

Node 1 MemTotal:       24686196 kB
Node 1 MemFree:        24152680 kB
Node 1 MemUsed:          533516 kB
Node 1 Active:            39568 kB
Node 1 Inactive:         147928 kB
Node 1 Active(anon):      23376 kB
Node 1 Inactive(anon):      444 kB
Node 1 Active(file):      16192 kB
Node 1 Inactive(file):   147484 kB
Node 1 Unevictable:         624 kB
Node 1 Mlocked:             624 kB
Node 1 Dirty:               528 kB
Node 1 Writeback:             0 kB
Node 1 FilePages:        164888 kB
Node 1 Mapped:            26904 kB
Node 1 AnonPages:         23144 kB
Node 1 Shmem:               588 kB
Node 1 KernelStack:        1448 kB
Node 1 PageTables:          648 kB
Node 1 NFS_Unstable:          0 kB
Node 1 Bounce:                0 kB
Node 1 WritebackTmp:          0 kB
Node 1 KReclaimable:      19548 kB
Node 1 Slab:              55192 kB
Node 1 SReclaimable:      19548 kB
Node 1 SUnreclaim:        35644 kB
Node 1 AnonHugePages:         0 kB
Node 1 ShmemHugePages:        0 kB
Node 1 ShmemPmdMapped:        0 kB
Node 1 FileHugePages:        0 kB
Node 1 FilePmdMapped:        0 kB
Node 1 HugePages_Total:     0
Node 1 HugePages_Free:      0
Node 1 HugePages_Surp:      0

B.0.4Mfio.250M.3.O Complete!
