B.0.4Mfio.250M.2.O
Begin
Node 0 MemTotal:       24768352 kB
Node 0 MemFree:        24388416 kB
Node 0 MemUsed:          379936 kB
Node 0 Active:            39436 kB
Node 0 Inactive:          51224 kB
Node 0 Active(anon):      16912 kB
Node 0 Inactive(anon):      500 kB
Node 0 Active(file):      22524 kB
Node 0 Inactive(file):    50724 kB
Node 0 Unevictable:       17392 kB
Node 0 Mlocked:           17392 kB
Node 0 Dirty:               136 kB
Node 0 Writeback:             0 kB
Node 0 FilePages:         81040 kB
Node 0 Mapped:            38500 kB
Node 0 AnonPages:         27008 kB
Node 0 Shmem:               728 kB
Node 0 KernelStack:        2152 kB
Node 0 PageTables:          616 kB
Node 0 NFS_Unstable:          0 kB
Node 0 Bounce:                0 kB
Node 0 WritebackTmp:          0 kB
Node 0 KReclaimable:      21256 kB
Node 0 Slab:              55852 kB
Node 0 SReclaimable:      21256 kB
Node 0 SUnreclaim:        34596 kB
Node 0 AnonHugePages:         0 kB
Node 0 ShmemHugePages:        0 kB
Node 0 ShmemPmdMapped:        0 kB
Node 0 FileHugePages:        0 kB
Node 0 FilePmdMapped:        0 kB
Node 0 HugePages_Total:     0
Node 0 HugePages_Free:      0
Node 0 HugePages_Surp:      0

Node 1 MemTotal:       24661580 kB
Node 1 MemFree:        24421120 kB
Node 1 MemUsed:          240460 kB
Node 1 Active:            54800 kB
Node 1 Inactive:          47588 kB
Node 1 Active(anon):      16672 kB
Node 1 Inactive(anon):      372 kB
Node 1 Active(file):      38128 kB
Node 1 Inactive(file):    47216 kB
Node 1 Unevictable:        1128 kB
Node 1 Mlocked:            1128 kB
Node 1 Dirty:               376 kB
Node 1 Writeback:             0 kB
Node 1 FilePages:         87172 kB
Node 1 Mapped:            15160 kB
Node 1 AnonPages:         16536 kB
Node 1 Shmem:               540 kB
Node 1 KernelStack:        1512 kB
Node 1 PageTables:          444 kB
Node 1 NFS_Unstable:          0 kB
Node 1 Bounce:                0 kB
Node 1 WritebackTmp:          0 kB
Node 1 KReclaimable:      20680 kB
Node 1 Slab:              50596 kB
Node 1 SReclaimable:      20680 kB
Node 1 SUnreclaim:        29916 kB
Node 1 AnonHugePages:         0 kB
Node 1 ShmemHugePages:        0 kB
Node 1 ShmemPmdMapped:        0 kB
Node 1 FileHugePages:        0 kB
Node 1 FilePmdMapped:        0 kB
Node 1 HugePages_Total:     0
Node 1 HugePages_Free:      0
Node 1 HugePages_Surp:      0

Load ZFS
Node 0 MemTotal:       24768352 kB
Node 0 MemFree:        24273104 kB
Node 0 MemUsed:          495248 kB
Node 0 Active:            52192 kB
Node 0 Inactive:         144400 kB
Node 0 Active(anon):      28452 kB
Node 0 Inactive(anon):      452 kB
Node 0 Active(file):      23740 kB
Node 0 Inactive(file):   143948 kB
Node 0 Unevictable:       17592 kB
Node 0 Mlocked:           17592 kB
Node 0 Dirty:               396 kB
Node 0 Writeback:             0 kB
Node 0 FilePages:        175384 kB
Node 0 Mapped:            40852 kB
Node 0 AnonPages:         39196 kB
Node 0 Shmem:               596 kB
Node 0 KernelStack:        2696 kB
Node 0 PageTables:         1816 kB
Node 0 NFS_Unstable:          0 kB
Node 0 Bounce:                0 kB
Node 0 WritebackTmp:          0 kB
Node 0 KReclaimable:      22324 kB
Node 0 Slab:              59996 kB
Node 0 SReclaimable:      22324 kB
Node 0 SUnreclaim:        37672 kB
Node 0 AnonHugePages:         0 kB
Node 0 ShmemHugePages:        0 kB
Node 0 ShmemPmdMapped:        0 kB
Node 0 FileHugePages:        0 kB
Node 0 FilePmdMapped:        0 kB
Node 0 HugePages_Total:     0
Node 0 HugePages_Free:      0
Node 0 HugePages_Surp:      0

Node 1 MemTotal:       24661580 kB
Node 1 MemFree:        24393036 kB
Node 1 MemUsed:          268544 kB
Node 1 Active:            70140 kB
Node 1 Inactive:          57788 kB
Node 1 Active(anon):      30564 kB
Node 1 Inactive(anon):      488 kB
Node 1 Active(file):      39576 kB
Node 1 Inactive(file):    57300 kB
Node 1 Unevictable:        1128 kB
Node 1 Mlocked:            1128 kB
Node 1 Dirty:               140 kB
Node 1 Writeback:             0 kB
Node 1 FilePages:         98676 kB
Node 1 Mapped:            17168 kB
Node 1 AnonPages:         30268 kB
Node 1 Shmem:               672 kB
Node 1 KernelStack:        1720 kB
Node 1 PageTables:         1208 kB
Node 1 NFS_Unstable:          0 kB
Node 1 Bounce:                0 kB
Node 1 WritebackTmp:          0 kB
Node 1 KReclaimable:      21268 kB
Node 1 Slab:              53356 kB
Node 1 SReclaimable:      21268 kB
Node 1 SUnreclaim:        32088 kB
Node 1 AnonHugePages:         0 kB
Node 1 ShmemHugePages:        0 kB
Node 1 ShmemPmdMapped:        0 kB
Node 1 FileHugePages:        0 kB
Node 1 FilePmdMapped:        0 kB
Node 1 HugePages_Total:     0
Node 1 HugePages_Free:      0
Node 1 HugePages_Surp:      0

Import tank ZPool
Node 0 MemTotal:       24768352 kB
Node 0 MemFree:        24274728 kB
Node 0 MemUsed:          493624 kB
Node 0 Active:            51836 kB
Node 0 Inactive:         144384 kB
Node 0 Active(anon):      28112 kB
Node 0 Inactive(anon):      460 kB
Node 0 Active(file):      23724 kB
Node 0 Inactive(file):   143924 kB
Node 0 Unevictable:       17624 kB
Node 0 Mlocked:           17624 kB
Node 0 Dirty:               456 kB
Node 0 Writeback:             0 kB
Node 0 FilePages:        175312 kB
Node 0 Mapped:            40372 kB
Node 0 AnonPages:         38528 kB
Node 0 Shmem:               600 kB
Node 0 KernelStack:        2552 kB
Node 0 PageTables:         1760 kB
Node 0 NFS_Unstable:          0 kB
Node 0 Bounce:                0 kB
Node 0 WritebackTmp:          0 kB
Node 0 KReclaimable:      22324 kB
Node 0 Slab:              60068 kB
Node 0 SReclaimable:      22324 kB
Node 0 SUnreclaim:        37744 kB
Node 0 AnonHugePages:         0 kB
Node 0 ShmemHugePages:        0 kB
Node 0 ShmemPmdMapped:        0 kB
Node 0 FileHugePages:        0 kB
Node 0 FilePmdMapped:        0 kB
Node 0 HugePages_Total:     0
Node 0 HugePages_Free:      0
Node 0 HugePages_Surp:      0

Node 1 MemTotal:       24661580 kB
Node 1 MemFree:        24374084 kB
Node 1 MemUsed:          287496 kB
Node 1 Active:            70248 kB
Node 1 Inactive:          58976 kB
Node 1 Active(anon):      30308 kB
Node 1 Inactive(anon):      488 kB
Node 1 Active(file):      39940 kB
Node 1 Inactive(file):    58488 kB
Node 1 Unevictable:        1128 kB
Node 1 Mlocked:            1128 kB
Node 1 Dirty:               168 kB
Node 1 Writeback:             0 kB
Node 1 FilePages:        100228 kB
Node 1 Mapped:            17084 kB
Node 1 AnonPages:         29796 kB
Node 1 Shmem:               668 kB
Node 1 KernelStack:        2712 kB
Node 1 PageTables:         1056 kB
Node 1 NFS_Unstable:          0 kB
Node 1 Bounce:                0 kB
Node 1 WritebackTmp:          0 kB
Node 1 KReclaimable:      21396 kB
Node 1 Slab:              59972 kB
Node 1 SReclaimable:      21396 kB
Node 1 SUnreclaim:        38576 kB
Node 1 AnonHugePages:         0 kB
Node 1 ShmemHugePages:        0 kB
Node 1 ShmemPmdMapped:        0 kB
Node 1 FileHugePages:        0 kB
Node 1 FilePmdMapped:        0 kB
Node 1 HugePages_Total:     0
Node 1 HugePages_Free:      0
Node 1 HugePages_Surp:      0

After Test
Node 0 MemTotal:       24768352 kB
Node 0 MemFree:        23917716 kB
Node 0 MemUsed:          850636 kB
Node 0 Active:            42488 kB
Node 0 Inactive:         145148 kB
Node 0 Active(anon):      17568 kB
Node 0 Inactive(anon):      476 kB
Node 0 Active(file):      24920 kB
Node 0 Inactive(file):   144672 kB
Node 0 Unevictable:       17624 kB
Node 0 Mlocked:           17624 kB
Node 0 Dirty:               456 kB
Node 0 Writeback:             0 kB
Node 0 FilePages:        177296 kB
Node 0 Mapped:            38712 kB
Node 0 AnonPages:         27864 kB
Node 0 Shmem:               640 kB
Node 0 KernelStack:        2200 kB
Node 0 PageTables:          700 kB
Node 0 NFS_Unstable:          0 kB
Node 0 Bounce:                0 kB
Node 0 WritebackTmp:          0 kB
Node 0 KReclaimable:      23564 kB
Node 0 Slab:              64620 kB
Node 0 SReclaimable:      23564 kB
Node 0 SUnreclaim:        41056 kB
Node 0 AnonHugePages:         0 kB
Node 0 ShmemHugePages:        0 kB
Node 0 ShmemPmdMapped:        0 kB
Node 0 FileHugePages:        0 kB
Node 0 FilePmdMapped:        0 kB
Node 0 HugePages_Total:     0
Node 0 HugePages_Free:      0
Node 0 HugePages_Surp:      0

Node 1 MemTotal:       24661580 kB
Node 1 MemFree:        24224076 kB
Node 1 MemUsed:          437504 kB
Node 1 Active:            56256 kB
Node 1 Inactive:          58428 kB
Node 1 Active(anon):      15728 kB
Node 1 Inactive(anon):      492 kB
Node 1 Active(file):      40528 kB
Node 1 Inactive(file):    57936 kB
Node 1 Unevictable:        1128 kB
Node 1 Mlocked:            1128 kB
Node 1 Dirty:                60 kB
Node 1 Writeback:             0 kB
Node 1 FilePages:        100264 kB
Node 1 Mapped:            15164 kB
Node 1 AnonPages:         15548 kB
Node 1 Shmem:               672 kB
Node 1 KernelStack:        2584 kB
Node 1 PageTables:          444 kB
Node 1 NFS_Unstable:          0 kB
Node 1 Bounce:                0 kB
Node 1 WritebackTmp:          0 kB
Node 1 KReclaimable:      21428 kB
Node 1 Slab:              60312 kB
Node 1 SReclaimable:      21428 kB
Node 1 SUnreclaim:        38884 kB
Node 1 AnonHugePages:         0 kB
Node 1 ShmemHugePages:        0 kB
Node 1 ShmemPmdMapped:        0 kB
Node 1 FileHugePages:        0 kB
Node 1 FilePmdMapped:        0 kB
Node 1 HugePages_Total:     0
Node 1 HugePages_Free:      0
Node 1 HugePages_Surp:      0

After Opposite Node
Node 0 MemTotal:       24768352 kB
Node 0 MemFree:        23917772 kB
Node 0 MemUsed:          850580 kB
Node 0 Active:            42512 kB
Node 0 Inactive:         144972 kB
Node 0 Active(anon):      17424 kB
Node 0 Inactive(anon):      448 kB
Node 0 Active(file):      25088 kB
Node 0 Inactive(file):   144524 kB
Node 0 Unevictable:       17624 kB
Node 0 Mlocked:           17624 kB
Node 0 Dirty:               456 kB
Node 0 Writeback:             0 kB
Node 0 FilePages:        177272 kB
Node 0 Mapped:            38668 kB
Node 0 AnonPages:         27832 kB
Node 0 Shmem:               596 kB
Node 0 KernelStack:        2184 kB
Node 0 PageTables:          592 kB
Node 0 NFS_Unstable:          0 kB
Node 0 Bounce:                0 kB
Node 0 WritebackTmp:          0 kB
Node 0 KReclaimable:      23568 kB
Node 0 Slab:              64616 kB
Node 0 SReclaimable:      23568 kB
Node 0 SUnreclaim:        41048 kB
Node 0 AnonHugePages:         0 kB
Node 0 ShmemHugePages:        0 kB
Node 0 ShmemPmdMapped:        0 kB
Node 0 FileHugePages:        0 kB
Node 0 FilePmdMapped:        0 kB
Node 0 HugePages_Total:     0
Node 0 HugePages_Free:      0
Node 0 HugePages_Surp:      0

Node 1 MemTotal:       24661580 kB
Node 1 MemFree:        24223528 kB
Node 1 MemUsed:          438052 kB
Node 1 Active:            56444 kB
Node 1 Inactive:          58448 kB
Node 1 Active(anon):      15888 kB
Node 1 Inactive(anon):      516 kB
Node 1 Active(file):      40556 kB
Node 1 Inactive(file):    57932 kB
Node 1 Unevictable:        1128 kB
Node 1 Mlocked:            1128 kB
Node 1 Dirty:                72 kB
Node 1 Writeback:             0 kB
Node 1 FilePages:        100332 kB
Node 1 Mapped:            15208 kB
Node 1 AnonPages:         15600 kB
Node 1 Shmem:               716 kB
Node 1 KernelStack:        2600 kB
Node 1 PageTables:          552 kB
Node 1 NFS_Unstable:          0 kB
Node 1 Bounce:                0 kB
Node 1 WritebackTmp:          0 kB
Node 1 KReclaimable:      21492 kB
Node 1 Slab:              60528 kB
Node 1 SReclaimable:      21492 kB
Node 1 SUnreclaim:        39036 kB
Node 1 AnonHugePages:         0 kB
Node 1 ShmemHugePages:        0 kB
Node 1 ShmemPmdMapped:        0 kB
Node 1 FileHugePages:        0 kB
Node 1 FilePmdMapped:        0 kB
Node 1 HugePages_Total:     0
Node 1 HugePages_Free:      0
Node 1 HugePages_Surp:      0

B.0.4Mfio.250M.2.O Complete!
