B.0.4Mfio.2-1G.2.O
Begin
Node 0 MemTotal:       24768352 kB
Node 0 MemFree:        24385388 kB
Node 0 MemUsed:          382964 kB
Node 0 Active:            63460 kB
Node 0 Inactive:          24372 kB
Node 0 Active(anon):      17220 kB
Node 0 Inactive(anon):      276 kB
Node 0 Active(file):      46240 kB
Node 0 Inactive(file):    24096 kB
Node 0 Unevictable:       18404 kB
Node 0 Mlocked:           18404 kB
Node 0 Dirty:                60 kB
Node 0 Writeback:             0 kB
Node 0 FilePages:         79064 kB
Node 0 Mapped:            25432 kB
Node 0 AnonPages:         27312 kB
Node 0 Shmem:               508 kB
Node 0 KernelStack:        1864 kB
Node 0 PageTables:          424 kB
Node 0 NFS_Unstable:          0 kB
Node 0 Bounce:                0 kB
Node 0 WritebackTmp:          0 kB
Node 0 KReclaimable:      19828 kB
Node 0 Slab:              53892 kB
Node 0 SReclaimable:      19828 kB
Node 0 SUnreclaim:        34064 kB
Node 0 AnonHugePages:         0 kB
Node 0 ShmemHugePages:        0 kB
Node 0 ShmemPmdMapped:        0 kB
Node 0 FileHugePages:        0 kB
Node 0 FilePmdMapped:        0 kB
Node 0 HugePages_Total:     0
Node 0 HugePages_Free:      0
Node 0 HugePages_Surp:      0

Node 1 MemTotal:       24661580 kB
Node 1 MemFree:        24424308 kB
Node 1 MemUsed:          237272 kB
Node 1 Active:            31236 kB
Node 1 Inactive:          73836 kB
Node 1 Active(anon):      16592 kB
Node 1 Inactive(anon):      596 kB
Node 1 Active(file):      14644 kB
Node 1 Inactive(file):    73240 kB
Node 1 Unevictable:         116 kB
Node 1 Mlocked:             116 kB
Node 1 Dirty:               480 kB
Node 1 Writeback:             0 kB
Node 1 FilePages:         88760 kB
Node 1 Mapped:            25208 kB
Node 1 AnonPages:         16472 kB
Node 1 Shmem:               760 kB
Node 1 KernelStack:        1752 kB
Node 1 PageTables:          612 kB
Node 1 NFS_Unstable:          0 kB
Node 1 Bounce:                0 kB
Node 1 WritebackTmp:          0 kB
Node 1 KReclaimable:      21804 kB
Node 1 Slab:              53304 kB
Node 1 SReclaimable:      21804 kB
Node 1 SUnreclaim:        31500 kB
Node 1 AnonHugePages:         0 kB
Node 1 ShmemHugePages:        0 kB
Node 1 ShmemPmdMapped:        0 kB
Node 1 FileHugePages:        0 kB
Node 1 FilePmdMapped:        0 kB
Node 1 HugePages_Total:     0
Node 1 HugePages_Free:      0
Node 1 HugePages_Surp:      0

Load ZFS
Node 0 MemTotal:       24768352 kB
Node 0 MemFree:        24292504 kB
Node 0 MemUsed:          475848 kB
Node 0 Active:            77628 kB
Node 0 Inactive:          96440 kB
Node 0 Active(anon):      29556 kB
Node 0 Inactive(anon):      468 kB
Node 0 Active(file):      48072 kB
Node 0 Inactive(file):    95972 kB
Node 0 Unevictable:       18556 kB
Node 0 Mlocked:           18556 kB
Node 0 Dirty:                80 kB
Node 0 Writeback:             0 kB
Node 0 FilePages:        152756 kB
Node 0 Mapped:            28292 kB
Node 0 AnonPages:         39656 kB
Node 0 Shmem:               640 kB
Node 0 KernelStack:        2292 kB
Node 0 PageTables:         1616 kB
Node 0 NFS_Unstable:          0 kB
Node 0 Bounce:                0 kB
Node 0 WritebackTmp:          0 kB
Node 0 KReclaimable:      20956 kB
Node 0 Slab:              57228 kB
Node 0 SReclaimable:      20956 kB
Node 0 SUnreclaim:        36272 kB
Node 0 AnonHugePages:         0 kB
Node 0 ShmemHugePages:        0 kB
Node 0 ShmemPmdMapped:        0 kB
Node 0 FileHugePages:        0 kB
Node 0 FilePmdMapped:        0 kB
Node 0 HugePages_Total:     0
Node 0 HugePages_Free:      0
Node 0 HugePages_Surp:      0

Node 1 MemTotal:       24661580 kB
Node 1 MemFree:        24372520 kB
Node 1 MemUsed:          289060 kB
Node 1 Active:            45700 kB
Node 1 Inactive:         105112 kB
Node 1 Active(anon):      30288 kB
Node 1 Inactive(anon):      460 kB
Node 1 Active(file):      15412 kB
Node 1 Inactive(file):   104652 kB
Node 1 Unevictable:         116 kB
Node 1 Mlocked:             116 kB
Node 1 Dirty:               504 kB
Node 1 Writeback:             0 kB
Node 1 FilePages:        120832 kB
Node 1 Mapped:            27072 kB
Node 1 AnonPages:         30152 kB
Node 1 Shmem:               628 kB
Node 1 KernelStack:        2076 kB
Node 1 PageTables:         1660 kB
Node 1 NFS_Unstable:          0 kB
Node 1 Bounce:                0 kB
Node 1 WritebackTmp:          0 kB
Node 1 KReclaimable:      22416 kB
Node 1 Slab:              56668 kB
Node 1 SReclaimable:      22416 kB
Node 1 SUnreclaim:        34252 kB
Node 1 AnonHugePages:         0 kB
Node 1 ShmemHugePages:        0 kB
Node 1 ShmemPmdMapped:        0 kB
Node 1 FileHugePages:        0 kB
Node 1 FilePmdMapped:        0 kB
Node 1 HugePages_Total:     0
Node 1 HugePages_Free:      0
Node 1 HugePages_Surp:      0

Import tank ZPool
Node 0 MemTotal:       24768352 kB
Node 0 MemFree:        24295348 kB
Node 0 MemUsed:          473004 kB
Node 0 Active:            66944 kB
Node 0 Inactive:          97252 kB
Node 0 Active(anon):      18100 kB
Node 0 Inactive(anon):      484 kB
Node 0 Active(file):      48844 kB
Node 0 Inactive(file):    96768 kB
Node 0 Unevictable:       18636 kB
Node 0 Mlocked:           18636 kB
Node 0 Dirty:                28 kB
Node 0 Writeback:             0 kB
Node 0 FilePages:        154336 kB
Node 0 Mapped:            25532 kB
Node 0 AnonPages:         28132 kB
Node 0 Shmem:               644 kB
Node 0 KernelStack:        1960 kB
Node 0 PageTables:          588 kB
Node 0 NFS_Unstable:          0 kB
Node 0 Bounce:                0 kB
Node 0 WritebackTmp:          0 kB
Node 0 KReclaimable:      21092 kB
Node 0 Slab:              62080 kB
Node 0 SReclaimable:      21092 kB
Node 0 SUnreclaim:        40988 kB
Node 0 AnonHugePages:         0 kB
Node 0 ShmemHugePages:        0 kB
Node 0 ShmemPmdMapped:        0 kB
Node 0 FileHugePages:        0 kB
Node 0 FilePmdMapped:        0 kB
Node 0 HugePages_Total:     0
Node 0 HugePages_Free:      0
Node 0 HugePages_Surp:      0

Node 1 MemTotal:       24661580 kB
Node 1 MemFree:        24377940 kB
Node 1 MemUsed:          283640 kB
Node 1 Active:            31340 kB
Node 1 Inactive:         104860 kB
Node 1 Active(anon):      15656 kB
Node 1 Inactive(anon):      464 kB
Node 1 Active(file):      15684 kB
Node 1 Inactive(file):   104396 kB
Node 1 Unevictable:         116 kB
Node 1 Mlocked:             116 kB
Node 1 Dirty:               104 kB
Node 1 Writeback:             0 kB
Node 1 FilePages:        120820 kB
Node 1 Mapped:            25324 kB
Node 1 AnonPages:         15496 kB
Node 1 Shmem:               624 kB
Node 1 KernelStack:        2776 kB
Node 1 PageTables:          560 kB
Node 1 NFS_Unstable:          0 kB
Node 1 Bounce:                0 kB
Node 1 WritebackTmp:          0 kB
Node 1 KReclaimable:      22416 kB
Node 1 Slab:              58768 kB
Node 1 SReclaimable:      22416 kB
Node 1 SUnreclaim:        36352 kB
Node 1 AnonHugePages:         0 kB
Node 1 ShmemHugePages:        0 kB
Node 1 ShmemPmdMapped:        0 kB
Node 1 FileHugePages:        0 kB
Node 1 FilePmdMapped:        0 kB
Node 1 HugePages_Total:     0
Node 1 HugePages_Free:      0
Node 1 HugePages_Surp:      0

After Test
Node 0 MemTotal:       24768352 kB
Node 0 MemFree:        23121816 kB
Node 0 MemUsed:         1646536 kB
Node 0 Active:            67652 kB
Node 0 Inactive:          98116 kB
Node 0 Active(anon):      17668 kB
Node 0 Inactive(anon):      504 kB
Node 0 Active(file):      49984 kB
Node 0 Inactive(file):    97612 kB
Node 0 Unevictable:       18636 kB
Node 0 Mlocked:           18636 kB
Node 0 Dirty:                56 kB
Node 0 Writeback:             0 kB
Node 0 FilePages:        156360 kB
Node 0 Mapped:            25680 kB
Node 0 AnonPages:         27960 kB
Node 0 Shmem:               688 kB
Node 0 KernelStack:        1928 kB
Node 0 PageTables:          596 kB
Node 0 NFS_Unstable:          0 kB
Node 0 Bounce:                0 kB
Node 0 WritebackTmp:          0 kB
Node 0 KReclaimable:      22368 kB
Node 0 Slab:              70560 kB
Node 0 SReclaimable:      22368 kB
Node 0 SUnreclaim:        48192 kB
Node 0 AnonHugePages:         0 kB
Node 0 ShmemHugePages:        0 kB
Node 0 ShmemPmdMapped:        0 kB
Node 0 FileHugePages:        0 kB
Node 0 FilePmdMapped:        0 kB
Node 0 HugePages_Total:     0
Node 0 HugePages_Free:      0
Node 0 HugePages_Surp:      0

Node 1 MemTotal:       24661580 kB
Node 1 MemFree:        23673096 kB
Node 1 MemUsed:          988484 kB
Node 1 Active:            31316 kB
Node 1 Inactive:         104856 kB
Node 1 Active(anon):      15632 kB
Node 1 Inactive(anon):      460 kB
Node 1 Active(file):      15684 kB
Node 1 Inactive(file):   104396 kB
Node 1 Unevictable:         116 kB
Node 1 Mlocked:             116 kB
Node 1 Dirty:               128 kB
Node 1 Writeback:             0 kB
Node 1 FilePages:        120820 kB
Node 1 Mapped:            25212 kB
Node 1 AnonPages:         15468 kB
Node 1 Shmem:               624 kB
Node 1 KernelStack:        2792 kB
Node 1 PageTables:          560 kB
Node 1 NFS_Unstable:          0 kB
Node 1 Bounce:                0 kB
Node 1 WritebackTmp:          0 kB
Node 1 KReclaimable:      22416 kB
Node 1 Slab:              61444 kB
Node 1 SReclaimable:      22416 kB
Node 1 SUnreclaim:        39028 kB
Node 1 AnonHugePages:         0 kB
Node 1 ShmemHugePages:        0 kB
Node 1 ShmemPmdMapped:        0 kB
Node 1 FileHugePages:        0 kB
Node 1 FilePmdMapped:        0 kB
Node 1 HugePages_Total:     0
Node 1 HugePages_Free:      0
Node 1 HugePages_Surp:      0

After Opposite Node
Node 0 MemTotal:       24768352 kB
Node 0 MemFree:        23122524 kB
Node 0 MemUsed:         1645828 kB
Node 0 Active:            67676 kB
Node 0 Inactive:          97936 kB
Node 0 Active(anon):      17516 kB
Node 0 Inactive(anon):      480 kB
Node 0 Active(file):      50160 kB
Node 0 Inactive(file):    97456 kB
Node 0 Unevictable:       18636 kB
Node 0 Mlocked:           18636 kB
Node 0 Dirty:                76 kB
Node 0 Writeback:             0 kB
Node 0 FilePages:        156336 kB
Node 0 Mapped:            25644 kB
Node 0 AnonPages:         27908 kB
Node 0 Shmem:               644 kB
Node 0 KernelStack:        1848 kB
Node 0 PageTables:          476 kB
Node 0 NFS_Unstable:          0 kB
Node 0 Bounce:                0 kB
Node 0 WritebackTmp:          0 kB
Node 0 KReclaimable:      22424 kB
Node 0 Slab:              70668 kB
Node 0 SReclaimable:      22424 kB
Node 0 SUnreclaim:        48244 kB
Node 0 AnonHugePages:         0 kB
Node 0 ShmemHugePages:        0 kB
Node 0 ShmemPmdMapped:        0 kB
Node 0 FileHugePages:        0 kB
Node 0 FilePmdMapped:        0 kB
Node 0 HugePages_Total:     0
Node 0 HugePages_Free:      0
Node 0 HugePages_Surp:      0

Node 1 MemTotal:       24661580 kB
Node 1 MemFree:        23671576 kB
Node 1 MemUsed:          990004 kB
Node 1 Active:            31508 kB
Node 1 Inactive:         104900 kB
Node 1 Active(anon):      15820 kB
Node 1 Inactive(anon):      496 kB
Node 1 Active(file):      15688 kB
Node 1 Inactive(file):   104404 kB
Node 1 Unevictable:         116 kB
Node 1 Mlocked:             116 kB
Node 1 Dirty:               152 kB
Node 1 Writeback:             0 kB
Node 1 FilePages:        120876 kB
Node 1 Mapped:            25256 kB
Node 1 AnonPages:         15512 kB
Node 1 Shmem:               668 kB
Node 1 KernelStack:        2792 kB
Node 1 PageTables:          676 kB
Node 1 NFS_Unstable:          0 kB
Node 1 Bounce:                0 kB
Node 1 WritebackTmp:          0 kB
Node 1 KReclaimable:      22528 kB
Node 1 Slab:              61928 kB
Node 1 SReclaimable:      22528 kB
Node 1 SUnreclaim:        39400 kB
Node 1 AnonHugePages:         0 kB
Node 1 ShmemHugePages:        0 kB
Node 1 ShmemPmdMapped:        0 kB
Node 1 FileHugePages:        0 kB
Node 1 FilePmdMapped:        0 kB
Node 1 HugePages_Total:     0
Node 1 HugePages_Free:      0
Node 1 HugePages_Surp:      0

B.0.4Mfio.2-1G.2.O Complete!
