B.0.2Mfio.500M.3.O
Begin
Node 0 MemTotal:       24743736 kB
Node 0 MemFree:        24359768 kB
Node 0 MemUsed:          383968 kB
Node 0 Active:            44864 kB
Node 0 Inactive:          39372 kB
Node 0 Active(anon):      20104 kB
Node 0 Inactive(anon):      496 kB
Node 0 Active(file):      24760 kB
Node 0 Inactive(file):    38876 kB
Node 0 Unevictable:        5072 kB
Node 0 Mlocked:            5072 kB
Node 0 Dirty:               180 kB
Node 0 Writeback:             0 kB
Node 0 FilePages:         69512 kB
Node 0 Mapped:            26084 kB
Node 0 AnonPages:         19940 kB
Node 0 Shmem:               768 kB
Node 0 KernelStack:        2120 kB
Node 0 PageTables:          676 kB
Node 0 NFS_Unstable:          0 kB
Node 0 Bounce:                0 kB
Node 0 WritebackTmp:          0 kB
Node 0 KReclaimable:      27252 kB
Node 0 Slab:              70012 kB
Node 0 SReclaimable:      27252 kB
Node 0 SUnreclaim:        42760 kB
Node 0 AnonHugePages:         0 kB
Node 0 ShmemHugePages:        0 kB
Node 0 ShmemPmdMapped:        0 kB
Node 0 FileHugePages:        0 kB
Node 0 FilePmdMapped:        0 kB
Node 0 HugePages_Total:     0
Node 0 HugePages_Free:      0
Node 0 HugePages_Surp:      0

Node 1 MemTotal:       24686196 kB
Node 1 MemFree:        24462192 kB
Node 1 MemUsed:          224004 kB
Node 1 Active:            49476 kB
Node 1 Inactive:          48736 kB
Node 1 Active(anon):      13652 kB
Node 1 Inactive(anon):      380 kB
Node 1 Active(file):      35824 kB
Node 1 Inactive(file):    48356 kB
Node 1 Unevictable:       13452 kB
Node 1 Mlocked:           13452 kB
Node 1 Dirty:               316 kB
Node 1 Writeback:             0 kB
Node 1 FilePages:         87804 kB
Node 1 Mapped:            15360 kB
Node 1 AnonPages:         23872 kB
Node 1 Shmem:               500 kB
Node 1 KernelStack:        1480 kB
Node 1 PageTables:          404 kB
Node 1 NFS_Unstable:          0 kB
Node 1 Bounce:                0 kB
Node 1 WritebackTmp:          0 kB
Node 1 KReclaimable:      14472 kB
Node 1 Slab:              36136 kB
Node 1 SReclaimable:      14472 kB
Node 1 SUnreclaim:        21664 kB
Node 1 AnonHugePages:         0 kB
Node 1 ShmemHugePages:        0 kB
Node 1 ShmemPmdMapped:        0 kB
Node 1 FileHugePages:        0 kB
Node 1 FilePmdMapped:        0 kB
Node 1 HugePages_Total:     0
Node 1 HugePages_Free:      0
Node 1 HugePages_Surp:      0

Load ZFS
Node 0 MemTotal:       24743736 kB
Node 0 MemFree:        24399972 kB
Node 0 MemUsed:          343764 kB
Node 0 Active:            63316 kB
Node 0 Inactive:         108208 kB
Node 0 Active(anon):      37028 kB
Node 0 Inactive(anon):      432 kB
Node 0 Active(file):      26288 kB
Node 0 Inactive(file):   107776 kB
Node 0 Unevictable:        5072 kB
Node 0 Mlocked:            5072 kB
Node 0 Dirty:               344 kB
Node 0 Writeback:             0 kB
Node 0 FilePages:        139744 kB
Node 0 Mapped:            28536 kB
Node 0 AnonPages:         36852 kB
Node 0 Shmem:               612 kB
Node 0 KernelStack:        2488 kB
Node 0 PageTables:         1748 kB
Node 0 NFS_Unstable:          0 kB
Node 0 Bounce:                0 kB
Node 0 WritebackTmp:          0 kB
Node 0 KReclaimable:      28212 kB
Node 0 Slab:              74128 kB
Node 0 SReclaimable:      28212 kB
Node 0 SUnreclaim:        45916 kB
Node 0 AnonHugePages:         0 kB
Node 0 ShmemHugePages:        0 kB
Node 0 ShmemPmdMapped:        0 kB
Node 0 FileHugePages:        0 kB
Node 0 FilePmdMapped:        0 kB
Node 0 HugePages_Total:     0
Node 0 HugePages_Free:      0
Node 0 HugePages_Surp:      0

Node 1 MemTotal:       24686196 kB
Node 1 MemFree:        24274868 kB
Node 1 MemUsed:          411328 kB
Node 1 Active:            60688 kB
Node 1 Inactive:          83516 kB
Node 1 Active(anon):      23520 kB
Node 1 Inactive(anon):      508 kB
Node 1 Active(file):      37168 kB
Node 1 Inactive(file):    83008 kB
Node 1 Unevictable:       13648 kB
Node 1 Mlocked:           13648 kB
Node 1 Dirty:                28 kB
Node 1 Writeback:             0 kB
Node 1 FilePages:        123956 kB
Node 1 Mapped:            16992 kB
Node 1 AnonPages:         33436 kB
Node 1 Shmem:               656 kB
Node 1 KernelStack:        1688 kB
Node 1 PageTables:         1008 kB
Node 1 NFS_Unstable:          0 kB
Node 1 Bounce:                0 kB
Node 1 WritebackTmp:          0 kB
Node 1 KReclaimable:      15424 kB
Node 1 Slab:              39964 kB
Node 1 SReclaimable:      15424 kB
Node 1 SUnreclaim:        24540 kB
Node 1 AnonHugePages:         0 kB
Node 1 ShmemHugePages:        0 kB
Node 1 ShmemPmdMapped:        0 kB
Node 1 FileHugePages:        0 kB
Node 1 FilePmdMapped:        0 kB
Node 1 HugePages_Total:     0
Node 1 HugePages_Free:      0
Node 1 HugePages_Surp:      0

Import tank ZPool
Node 0 MemTotal:       24743736 kB
Node 0 MemFree:        24382432 kB
Node 0 MemUsed:          361304 kB
Node 0 Active:            63148 kB
Node 0 Inactive:         109404 kB
Node 0 Active(anon):      36736 kB
Node 0 Inactive(anon):      432 kB
Node 0 Active(file):      26412 kB
Node 0 Inactive(file):   108972 kB
Node 0 Unevictable:        5072 kB
Node 0 Mlocked:            5072 kB
Node 0 Dirty:               424 kB
Node 0 Writeback:             0 kB
Node 0 FilePages:        141068 kB
Node 0 Mapped:            28444 kB
Node 0 AnonPages:         36192 kB
Node 0 Shmem:               612 kB
Node 0 KernelStack:        3592 kB
Node 0 PageTables:         1816 kB
Node 0 NFS_Unstable:          0 kB
Node 0 Bounce:                0 kB
Node 0 WritebackTmp:          0 kB
Node 0 KReclaimable:      28348 kB
Node 0 Slab:              79988 kB
Node 0 SReclaimable:      28348 kB
Node 0 SUnreclaim:        51640 kB
Node 0 AnonHugePages:         0 kB
Node 0 ShmemHugePages:        0 kB
Node 0 ShmemPmdMapped:        0 kB
Node 0 FileHugePages:        0 kB
Node 0 FilePmdMapped:        0 kB
Node 0 HugePages_Total:     0
Node 0 HugePages_Free:      0
Node 0 HugePages_Surp:      0

Node 1 MemTotal:       24686196 kB
Node 1 MemFree:        24276524 kB
Node 1 MemUsed:          409672 kB
Node 1 Active:            60240 kB
Node 1 Inactive:          83524 kB
Node 1 Active(anon):      23312 kB
Node 1 Inactive(anon):      516 kB
Node 1 Active(file):      36928 kB
Node 1 Inactive(file):    83008 kB
Node 1 Unevictable:       13680 kB
Node 1 Mlocked:           13680 kB
Node 1 Dirty:                48 kB
Node 1 Writeback:             0 kB
Node 1 FilePages:        123720 kB
Node 1 Mapped:            16936 kB
Node 1 AnonPages:         33728 kB
Node 1 Shmem:               656 kB
Node 1 KernelStack:        1608 kB
Node 1 PageTables:          892 kB
Node 1 NFS_Unstable:          0 kB
Node 1 Bounce:                0 kB
Node 1 WritebackTmp:          0 kB
Node 1 KReclaimable:      15432 kB
Node 1 Slab:              39988 kB
Node 1 SReclaimable:      15432 kB
Node 1 SUnreclaim:        24556 kB
Node 1 AnonHugePages:         0 kB
Node 1 ShmemHugePages:        0 kB
Node 1 ShmemPmdMapped:        0 kB
Node 1 FileHugePages:        0 kB
Node 1 FilePmdMapped:        0 kB
Node 1 HugePages_Total:     0
Node 1 HugePages_Free:      0
Node 1 HugePages_Surp:      0

After Test
Node 0 MemTotal:       24743736 kB
Node 0 MemFree:        23709968 kB
Node 0 MemUsed:         1033768 kB
Node 0 Active:            48056 kB
Node 0 Inactive:         109836 kB
Node 0 Active(anon):      20064 kB
Node 0 Inactive(anon):      456 kB
Node 0 Active(file):      27992 kB
Node 0 Inactive(file):   109380 kB
Node 0 Unevictable:        5072 kB
Node 0 Mlocked:            5072 kB
Node 0 Dirty:               432 kB
Node 0 Writeback:             0 kB
Node 0 FilePages:        143096 kB
Node 0 Mapped:            26352 kB
Node 0 AnonPages:         19768 kB
Node 0 Shmem:               656 kB
Node 0 KernelStack:        3208 kB
Node 0 PageTables:          732 kB
Node 0 NFS_Unstable:          0 kB
Node 0 Bounce:                0 kB
Node 0 WritebackTmp:          0 kB
Node 0 KReclaimable:      29632 kB
Node 0 Slab:              86176 kB
Node 0 SReclaimable:      29632 kB
Node 0 SUnreclaim:        56544 kB
Node 0 AnonHugePages:         0 kB
Node 0 ShmemHugePages:        0 kB
Node 0 ShmemPmdMapped:        0 kB
Node 0 FileHugePages:        0 kB
Node 0 FilePmdMapped:        0 kB
Node 0 HugePages_Total:     0
Node 0 HugePages_Free:      0
Node 0 HugePages_Surp:      0

Node 1 MemTotal:       24686196 kB
Node 1 MemFree:        23910340 kB
Node 1 MemUsed:          775856 kB
Node 1 Active:            50228 kB
Node 1 Inactive:          83304 kB
Node 1 Active(anon):      13080 kB
Node 1 Inactive(anon):      512 kB
Node 1 Active(file):      37148 kB
Node 1 Inactive(file):    82792 kB
Node 1 Unevictable:       13680 kB
Node 1 Mlocked:           13680 kB
Node 1 Dirty:                52 kB
Node 1 Writeback:             0 kB
Node 1 FilePages:        123720 kB
Node 1 Mapped:            15332 kB
Node 1 AnonPages:         23492 kB
Node 1 Shmem:               656 kB
Node 1 KernelStack:        1480 kB
Node 1 PageTables:          384 kB
Node 1 NFS_Unstable:          0 kB
Node 1 Bounce:                0 kB
Node 1 WritebackTmp:          0 kB
Node 1 KReclaimable:      15432 kB
Node 1 Slab:              41348 kB
Node 1 SReclaimable:      15432 kB
Node 1 SUnreclaim:        25916 kB
Node 1 AnonHugePages:         0 kB
Node 1 ShmemHugePages:        0 kB
Node 1 ShmemPmdMapped:        0 kB
Node 1 FileHugePages:        0 kB
Node 1 FilePmdMapped:        0 kB
Node 1 HugePages_Total:     0
Node 1 HugePages_Free:      0
Node 1 HugePages_Surp:      0

After Opposite Node
Node 0 MemTotal:       24743736 kB
Node 0 MemFree:        23710472 kB
Node 0 MemUsed:         1033264 kB
Node 0 Active:            48080 kB
Node 0 Inactive:         109652 kB
Node 0 Active(anon):      19912 kB
Node 0 Inactive(anon):      428 kB
Node 0 Active(file):      28168 kB
Node 0 Inactive(file):   109224 kB
Node 0 Unevictable:        5072 kB
Node 0 Mlocked:            5072 kB
Node 0 Dirty:               444 kB
Node 0 Writeback:             0 kB
Node 0 FilePages:        143072 kB
Node 0 Mapped:            26308 kB
Node 0 AnonPages:         19728 kB
Node 0 Shmem:               612 kB
Node 0 KernelStack:        3176 kB
Node 0 PageTables:          628 kB
Node 0 NFS_Unstable:          0 kB
Node 0 Bounce:                0 kB
Node 0 WritebackTmp:          0 kB
Node 0 KReclaimable:      29648 kB
Node 0 Slab:              86144 kB
Node 0 SReclaimable:      29648 kB
Node 0 SUnreclaim:        56496 kB
Node 0 AnonHugePages:         0 kB
Node 0 ShmemHugePages:        0 kB
Node 0 ShmemPmdMapped:        0 kB
Node 0 FileHugePages:        0 kB
Node 0 FilePmdMapped:        0 kB
Node 0 HugePages_Total:     0
Node 0 HugePages_Free:      0
Node 0 HugePages_Surp:      0

Node 1 MemTotal:       24686196 kB
Node 1 MemFree:        23909244 kB
Node 1 MemUsed:          776952 kB
Node 1 Active:            50432 kB
Node 1 Inactive:          83356 kB
Node 1 Active(anon):      13260 kB
Node 1 Inactive(anon):      540 kB
Node 1 Active(file):      37172 kB
Node 1 Inactive(file):    82816 kB
Node 1 Unevictable:       13680 kB
Node 1 Mlocked:           13680 kB
Node 1 Dirty:                52 kB
Node 1 Writeback:             0 kB
Node 1 FilePages:        123812 kB
Node 1 Mapped:            15376 kB
Node 1 AnonPages:         23484 kB
Node 1 Shmem:               700 kB
Node 1 KernelStack:        1512 kB
Node 1 PageTables:          560 kB
Node 1 NFS_Unstable:          0 kB
Node 1 Bounce:                0 kB
Node 1 WritebackTmp:          0 kB
Node 1 KReclaimable:      15504 kB
Node 1 Slab:              41564 kB
Node 1 SReclaimable:      15504 kB
Node 1 SUnreclaim:        26060 kB
Node 1 AnonHugePages:         0 kB
Node 1 ShmemHugePages:        0 kB
Node 1 ShmemPmdMapped:        0 kB
Node 1 FileHugePages:        0 kB
Node 1 FilePmdMapped:        0 kB
Node 1 HugePages_Total:     0
Node 1 HugePages_Free:      0
Node 1 HugePages_Surp:      0

B.0.2Mfio.500M.3.O Complete!
