B.0.2Mfio.250M.3.O
Begin
Node 0 MemTotal:       24743736 kB
Node 0 MemFree:        24498428 kB
Node 0 MemUsed:          245308 kB
Node 0 Active:            46636 kB
Node 0 Inactive:          38736 kB
Node 0 Active(anon):      15992 kB
Node 0 Inactive(anon):      512 kB
Node 0 Active(file):      30644 kB
Node 0 Inactive(file):    38224 kB
Node 0 Unevictable:       17416 kB
Node 0 Mlocked:           17416 kB
Node 0 Dirty:               388 kB
Node 0 Writeback:             0 kB
Node 0 FilePages:         76724 kB
Node 0 Mapped:            44252 kB
Node 0 AnonPages:         26148 kB
Node 0 Shmem:               724 kB
Node 0 KernelStack:        2008 kB
Node 0 PageTables:          680 kB
Node 0 NFS_Unstable:          0 kB
Node 0 Bounce:                0 kB
Node 0 WritebackTmp:          0 kB
Node 0 KReclaimable:      22796 kB
Node 0 Slab:              57372 kB
Node 0 SReclaimable:      22796 kB
Node 0 SUnreclaim:        34576 kB
Node 0 AnonHugePages:         0 kB
Node 0 ShmemHugePages:        0 kB
Node 0 ShmemPmdMapped:        0 kB
Node 0 FileHugePages:        0 kB
Node 0 FilePmdMapped:        0 kB
Node 0 HugePages_Total:     0
Node 0 HugePages_Free:      0
Node 0 HugePages_Surp:      0

Node 1 MemTotal:       24686196 kB
Node 1 MemFree:        24307164 kB
Node 1 MemUsed:          379032 kB
Node 1 Active:            48752 kB
Node 1 Inactive:          63632 kB
Node 1 Active(anon):      17768 kB
Node 1 Inactive(anon):      364 kB
Node 1 Active(file):      30984 kB
Node 1 Inactive(file):    63268 kB
Node 1 Unevictable:        1108 kB
Node 1 Mlocked:            1108 kB
Node 1 Dirty:               128 kB
Node 1 Writeback:             0 kB
Node 1 FilePages:         95908 kB
Node 1 Mapped:            11204 kB
Node 1 AnonPages:         17632 kB
Node 1 Shmem:               544 kB
Node 1 KernelStack:        1608 kB
Node 1 PageTables:          392 kB
Node 1 NFS_Unstable:          0 kB
Node 1 Bounce:                0 kB
Node 1 WritebackTmp:          0 kB
Node 1 KReclaimable:      18944 kB
Node 1 Slab:              49164 kB
Node 1 SReclaimable:      18944 kB
Node 1 SUnreclaim:        30220 kB
Node 1 AnonHugePages:         0 kB
Node 1 ShmemHugePages:        0 kB
Node 1 ShmemPmdMapped:        0 kB
Node 1 FileHugePages:        0 kB
Node 1 FilePmdMapped:        0 kB
Node 1 HugePages_Total:     0
Node 1 HugePages_Free:      0
Node 1 HugePages_Surp:      0

Load ZFS
Node 0 MemTotal:       24743736 kB
Node 0 MemFree:        24440176 kB
Node 0 MemUsed:          303560 kB
Node 0 Active:            62944 kB
Node 0 Inactive:          73416 kB
Node 0 Active(anon):      30900 kB
Node 0 Inactive(anon):      580 kB
Node 0 Active(file):      32044 kB
Node 0 Inactive(file):    72836 kB
Node 0 Unevictable:       17628 kB
Node 0 Mlocked:           17628 kB
Node 0 Dirty:               388 kB
Node 0 Writeback:             0 kB
Node 0 FilePages:        112708 kB
Node 0 Mapped:            46456 kB
Node 0 AnonPages:         41024 kB
Node 0 Shmem:               744 kB
Node 0 KernelStack:        2348 kB
Node 0 PageTables:         1408 kB
Node 0 NFS_Unstable:          0 kB
Node 0 Bounce:                0 kB
Node 0 WritebackTmp:          0 kB
Node 0 KReclaimable:      23564 kB
Node 0 Slab:              61192 kB
Node 0 SReclaimable:      23564 kB
Node 0 SUnreclaim:        37628 kB
Node 0 AnonHugePages:         0 kB
Node 0 ShmemHugePages:        0 kB
Node 0 ShmemPmdMapped:        0 kB
Node 0 FileHugePages:        0 kB
Node 0 FilePmdMapped:        0 kB
Node 0 HugePages_Total:     0
Node 0 HugePages_Free:      0
Node 0 HugePages_Surp:      0

Node 1 MemTotal:       24686196 kB
Node 1 MemFree:        24222340 kB
Node 1 MemUsed:          463856 kB
Node 1 Active:            60956 kB
Node 1 Inactive:         132404 kB
Node 1 Active(anon):      28916 kB
Node 1 Inactive(anon):      364 kB
Node 1 Active(file):      32040 kB
Node 1 Inactive(file):   132040 kB
Node 1 Unevictable:        1108 kB
Node 1 Mlocked:            1108 kB
Node 1 Dirty:               152 kB
Node 1 Writeback:             0 kB
Node 1 FilePages:        165712 kB
Node 1 Mapped:            13060 kB
Node 1 AnonPages:         28468 kB
Node 1 Shmem:               524 kB
Node 1 KernelStack:        1896 kB
Node 1 PageTables:         1128 kB
Node 1 NFS_Unstable:          0 kB
Node 1 Bounce:                0 kB
Node 1 WritebackTmp:          0 kB
Node 1 KReclaimable:      19980 kB
Node 1 Slab:              52984 kB
Node 1 SReclaimable:      19980 kB
Node 1 SUnreclaim:        33004 kB
Node 1 AnonHugePages:         0 kB
Node 1 ShmemHugePages:        0 kB
Node 1 ShmemPmdMapped:        0 kB
Node 1 FileHugePages:        0 kB
Node 1 FilePmdMapped:        0 kB
Node 1 HugePages_Total:     0
Node 1 HugePages_Free:      0
Node 1 HugePages_Surp:      0

Import tank ZPool
Node 0 MemTotal:       24743736 kB
Node 0 MemFree:        24448172 kB
Node 0 MemUsed:          295564 kB
Node 0 Active:            48580 kB
Node 0 Inactive:          74228 kB
Node 0 Active(anon):      15780 kB
Node 0 Inactive(anon):      584 kB
Node 0 Active(file):      32800 kB
Node 0 Inactive(file):    73644 kB
Node 0 Unevictable:       17644 kB
Node 0 Mlocked:           17644 kB
Node 0 Dirty:               512 kB
Node 0 Writeback:             0 kB
Node 0 FilePages:        114272 kB
Node 0 Mapped:            44428 kB
Node 0 AnonPages:         25908 kB
Node 0 Shmem:               744 kB
Node 0 KernelStack:        2136 kB
Node 0 PageTables:          724 kB
Node 0 NFS_Unstable:          0 kB
Node 0 Bounce:                0 kB
Node 0 WritebackTmp:          0 kB
Node 0 KReclaimable:      23688 kB
Node 0 Slab:              66624 kB
Node 0 SReclaimable:      23688 kB
Node 0 SUnreclaim:        42936 kB
Node 0 AnonHugePages:         0 kB
Node 0 ShmemHugePages:        0 kB
Node 0 ShmemPmdMapped:        0 kB
Node 0 FileHugePages:        0 kB
Node 0 FilePmdMapped:        0 kB
Node 0 HugePages_Total:     0
Node 0 HugePages_Free:      0
Node 0 HugePages_Surp:      0

Node 1 MemTotal:       24686196 kB
Node 1 MemFree:        24218888 kB
Node 1 MemUsed:          467308 kB
Node 1 Active:            50364 kB
Node 1 Inactive:         132104 kB
Node 1 Active(anon):      18024 kB
Node 1 Inactive(anon):      364 kB
Node 1 Active(file):      32340 kB
Node 1 Inactive(file):   131740 kB
Node 1 Unevictable:        1108 kB
Node 1 Mlocked:            1108 kB
Node 1 Dirty:               164 kB
Node 1 Writeback:             0 kB
Node 1 FilePages:        165712 kB
Node 1 Mapped:            11280 kB
Node 1 AnonPages:         17864 kB
Node 1 Shmem:               524 kB
Node 1 KernelStack:        2648 kB
Node 1 PageTables:          392 kB
Node 1 NFS_Unstable:          0 kB
Node 1 Bounce:                0 kB
Node 1 WritebackTmp:          0 kB
Node 1 KReclaimable:      19988 kB
Node 1 Slab:              54736 kB
Node 1 SReclaimable:      19988 kB
Node 1 SUnreclaim:        34748 kB
Node 1 AnonHugePages:         0 kB
Node 1 ShmemHugePages:        0 kB
Node 1 ShmemPmdMapped:        0 kB
Node 1 FileHugePages:        0 kB
Node 1 FilePmdMapped:        0 kB
Node 1 HugePages_Total:     0
Node 1 HugePages_Free:      0
Node 1 HugePages_Surp:      0

After Test
Node 0 MemTotal:       24743736 kB
Node 0 MemFree:        24113256 kB
Node 0 MemUsed:          630480 kB
Node 0 Active:            49404 kB
Node 0 Inactive:          75184 kB
Node 0 Active(anon):      15560 kB
Node 0 Inactive(anon):      604 kB
Node 0 Active(file):      33844 kB
Node 0 Inactive(file):    74580 kB
Node 0 Unevictable:       17644 kB
Node 0 Mlocked:           17644 kB
Node 0 Dirty:               512 kB
Node 0 Writeback:             0 kB
Node 0 FilePages:        116296 kB
Node 0 Mapped:            44552 kB
Node 0 AnonPages:         25844 kB
Node 0 Shmem:               788 kB
Node 0 KernelStack:        2152 kB
Node 0 PageTables:          780 kB
Node 0 NFS_Unstable:          0 kB
Node 0 Bounce:                0 kB
Node 0 WritebackTmp:          0 kB
Node 0 KReclaimable:      24980 kB
Node 0 Slab:              70476 kB
Node 0 SReclaimable:      24980 kB
Node 0 SUnreclaim:        45496 kB
Node 0 AnonHugePages:         0 kB
Node 0 ShmemHugePages:        0 kB
Node 0 ShmemPmdMapped:        0 kB
Node 0 FileHugePages:        0 kB
Node 0 FilePmdMapped:        0 kB
Node 0 HugePages_Total:     0
Node 0 HugePages_Free:      0
Node 0 HugePages_Surp:      0

Node 1 MemTotal:       24686196 kB
Node 1 MemFree:        24020308 kB
Node 1 MemUsed:          665888 kB
Node 1 Active:            50568 kB
Node 1 Inactive:         132100 kB
Node 1 Active(anon):      18228 kB
Node 1 Inactive(anon):      360 kB
Node 1 Active(file):      32340 kB
Node 1 Inactive(file):   131740 kB
Node 1 Unevictable:        1108 kB
Node 1 Mlocked:            1108 kB
Node 1 Dirty:                56 kB
Node 1 Writeback:             0 kB
Node 1 FilePages:        165712 kB
Node 1 Mapped:            11256 kB
Node 1 AnonPages:         18064 kB
Node 1 Shmem:               524 kB
Node 1 KernelStack:        2664 kB
Node 1 PageTables:          428 kB
Node 1 NFS_Unstable:          0 kB
Node 1 Bounce:                0 kB
Node 1 WritebackTmp:          0 kB
Node 1 KReclaimable:      19988 kB
Node 1 Slab:              55476 kB
Node 1 SReclaimable:      19988 kB
Node 1 SUnreclaim:        35488 kB
Node 1 AnonHugePages:         0 kB
Node 1 ShmemHugePages:        0 kB
Node 1 ShmemPmdMapped:        0 kB
Node 1 FileHugePages:        0 kB
Node 1 FilePmdMapped:        0 kB
Node 1 HugePages_Total:     0
Node 1 HugePages_Free:      0
Node 1 HugePages_Surp:      0

After Opposite Node
Node 0 MemTotal:       24743736 kB
Node 0 MemFree:        24114116 kB
Node 0 MemUsed:          629620 kB
Node 0 Active:            49460 kB
Node 0 Inactive:          74984 kB
Node 0 Active(anon):      15420 kB
Node 0 Inactive(anon):      580 kB
Node 0 Active(file):      34040 kB
Node 0 Inactive(file):    74404 kB
Node 0 Unevictable:       17644 kB
Node 0 Mlocked:           17644 kB
Node 0 Dirty:               524 kB
Node 0 Writeback:             0 kB
Node 0 FilePages:        116272 kB
Node 0 Mapped:            44508 kB
Node 0 AnonPages:         25812 kB
Node 0 Shmem:               744 kB
Node 0 KernelStack:        2088 kB
Node 0 PageTables:          668 kB
Node 0 NFS_Unstable:          0 kB
Node 0 Bounce:                0 kB
Node 0 WritebackTmp:          0 kB
Node 0 KReclaimable:      24980 kB
Node 0 Slab:              70468 kB
Node 0 SReclaimable:      24980 kB
Node 0 SUnreclaim:        45488 kB
Node 0 AnonHugePages:         0 kB
Node 0 ShmemHugePages:        0 kB
Node 0 ShmemPmdMapped:        0 kB
Node 0 FileHugePages:        0 kB
Node 0 FilePmdMapped:        0 kB
Node 0 HugePages_Total:     0
Node 0 HugePages_Free:      0
Node 0 HugePages_Surp:      0

Node 1 MemTotal:       24686196 kB
Node 1 MemFree:        24018184 kB
Node 1 MemUsed:          668012 kB
Node 1 Active:            50220 kB
Node 1 Inactive:         132140 kB
Node 1 Active(anon):      17860 kB
Node 1 Inactive(anon):      384 kB
Node 1 Active(file):      32360 kB
Node 1 Inactive(file):   131756 kB
Node 1 Unevictable:        1108 kB
Node 1 Mlocked:            1108 kB
Node 1 Dirty:                56 kB
Node 1 Writeback:             0 kB
Node 1 FilePages:        165792 kB
Node 1 Mapped:            11300 kB
Node 1 AnonPages:         17588 kB
Node 1 Shmem:               568 kB
Node 1 KernelStack:        2712 kB
Node 1 PageTables:          500 kB
Node 1 NFS_Unstable:          0 kB
Node 1 Bounce:                0 kB
Node 1 WritebackTmp:          0 kB
Node 1 KReclaimable:      20020 kB
Node 1 Slab:              55720 kB
Node 1 SReclaimable:      20020 kB
Node 1 SUnreclaim:        35700 kB
Node 1 AnonHugePages:         0 kB
Node 1 ShmemHugePages:        0 kB
Node 1 ShmemPmdMapped:        0 kB
Node 1 FileHugePages:        0 kB
Node 1 FilePmdMapped:        0 kB
Node 1 HugePages_Total:     0
Node 1 HugePages_Free:      0
Node 1 HugePages_Surp:      0

B.0.2Mfio.250M.3.O Complete!
