B.0.8Mfio.2G.1.O
Begin
Node 0 MemTotal:       24743736 kB
Node 0 MemFree:        24535476 kB
Node 0 MemUsed:          208260 kB
Node 0 Active:            28948 kB
Node 0 Inactive:          18760 kB
Node 0 Active(anon):      17292 kB
Node 0 Inactive(anon):      412 kB
Node 0 Active(file):      11656 kB
Node 0 Inactive(file):    18348 kB
Node 0 Unevictable:       12768 kB
Node 0 Mlocked:           12768 kB
Node 0 Dirty:                44 kB
Node 0 Writeback:             0 kB
Node 0 FilePages:         33052 kB
Node 0 Mapped:            12384 kB
Node 0 AnonPages:         27432 kB
Node 0 Shmem:               608 kB
Node 0 KernelStack:        1896 kB
Node 0 PageTables:          556 kB
Node 0 NFS_Unstable:          0 kB
Node 0 Bounce:                0 kB
Node 0 WritebackTmp:          0 kB
Node 0 KReclaimable:      21528 kB
Node 0 Slab:              60392 kB
Node 0 SReclaimable:      21528 kB
Node 0 SUnreclaim:        38864 kB
Node 0 AnonHugePages:         0 kB
Node 0 ShmemHugePages:        0 kB
Node 0 ShmemPmdMapped:        0 kB
Node 0 FileHugePages:        0 kB
Node 0 FilePmdMapped:        0 kB
Node 0 HugePages_Total:     0
Node 0 HugePages_Free:      0
Node 0 HugePages_Surp:      0

Node 1 MemTotal:       24686196 kB
Node 1 MemFree:        24273144 kB
Node 1 MemUsed:          413052 kB
Node 1 Active:            65512 kB
Node 1 Inactive:          79544 kB
Node 1 Active(anon):      16364 kB
Node 1 Inactive(anon):      456 kB
Node 1 Active(file):      49148 kB
Node 1 Inactive(file):    79088 kB
Node 1 Unevictable:        5756 kB
Node 1 Mlocked:            5756 kB
Node 1 Dirty:               484 kB
Node 1 Writeback:             0 kB
Node 1 FilePages:        134696 kB
Node 1 Mapped:            38592 kB
Node 1 AnonPages:         16236 kB
Node 1 Shmem:               660 kB
Node 1 KernelStack:        1656 kB
Node 1 PageTables:          524 kB
Node 1 NFS_Unstable:          0 kB
Node 1 Bounce:                0 kB
Node 1 WritebackTmp:          0 kB
Node 1 KReclaimable:      20236 kB
Node 1 Slab:              47392 kB
Node 1 SReclaimable:      20236 kB
Node 1 SUnreclaim:        27156 kB
Node 1 AnonHugePages:         0 kB
Node 1 ShmemHugePages:        0 kB
Node 1 ShmemPmdMapped:        0 kB
Node 1 FileHugePages:        0 kB
Node 1 FilePmdMapped:        0 kB
Node 1 HugePages_Total:     0
Node 1 HugePages_Free:      0
Node 1 HugePages_Surp:      0

Load ZFS
Node 0 MemTotal:       24743736 kB
Node 0 MemFree:        24487556 kB
Node 0 MemUsed:          256180 kB
Node 0 Active:            42524 kB
Node 0 Inactive:          48868 kB
Node 0 Active(anon):      29792 kB
Node 0 Inactive(anon):      548 kB
Node 0 Active(file):      12732 kB
Node 0 Inactive(file):    48320 kB
Node 0 Unevictable:       12984 kB
Node 0 Mlocked:           12984 kB
Node 0 Dirty:                36 kB
Node 0 Writeback:             0 kB
Node 0 FilePages:         64364 kB
Node 0 Mapped:            13520 kB
Node 0 AnonPages:         39928 kB
Node 0 Shmem:               872 kB
Node 0 KernelStack:        2204 kB
Node 0 PageTables:         1052 kB
Node 0 NFS_Unstable:          0 kB
Node 0 Bounce:                0 kB
Node 0 WritebackTmp:          0 kB
Node 0 KReclaimable:      22336 kB
Node 0 Slab:              63216 kB
Node 0 SReclaimable:      22336 kB
Node 0 SUnreclaim:        40880 kB
Node 0 AnonHugePages:         0 kB
Node 0 ShmemHugePages:        0 kB
Node 0 ShmemPmdMapped:        0 kB
Node 0 FileHugePages:        0 kB
Node 0 FilePmdMapped:        0 kB
Node 0 HugePages_Total:     0
Node 0 HugePages_Free:      0
Node 0 HugePages_Surp:      0

Node 1 MemTotal:       24686196 kB
Node 1 MemFree:        24180308 kB
Node 1 MemUsed:          505888 kB
Node 1 Active:            78776 kB
Node 1 Inactive:         152912 kB
Node 1 Active(anon):      28100 kB
Node 1 Inactive(anon):      104 kB
Node 1 Active(file):      50676 kB
Node 1 Inactive(file):   152808 kB
Node 1 Unevictable:        5756 kB
Node 1 Mlocked:            5756 kB
Node 1 Dirty:               528 kB
Node 1 Writeback:             0 kB
Node 1 FilePages:        209948 kB
Node 1 Mapped:            42144 kB
Node 1 AnonPages:         28100 kB
Node 1 Shmem:               404 kB
Node 1 KernelStack:        2112 kB
Node 1 PageTables:         1960 kB
Node 1 NFS_Unstable:          0 kB
Node 1 Bounce:                0 kB
Node 1 WritebackTmp:          0 kB
Node 1 KReclaimable:      20948 kB
Node 1 Slab:              51128 kB
Node 1 SReclaimable:      20948 kB
Node 1 SUnreclaim:        30180 kB
Node 1 AnonHugePages:         0 kB
Node 1 ShmemHugePages:        0 kB
Node 1 ShmemPmdMapped:        0 kB
Node 1 FileHugePages:        0 kB
Node 1 FilePmdMapped:        0 kB
Node 1 HugePages_Total:     0
Node 1 HugePages_Free:      0
Node 1 HugePages_Surp:      0

Import tank ZPool
Node 0 MemTotal:       24743736 kB
Node 0 MemFree:        24498444 kB
Node 0 MemUsed:          245292 kB
Node 0 Active:            31184 kB
Node 0 Inactive:          48420 kB
Node 0 Active(anon):      18064 kB
Node 0 Inactive(anon):      488 kB
Node 0 Active(file):      13120 kB
Node 0 Inactive(file):    47932 kB
Node 0 Unevictable:       13000 kB
Node 0 Mlocked:           13000 kB
Node 0 Dirty:                16 kB
Node 0 Writeback:             0 kB
Node 0 FilePages:         64120 kB
Node 0 Mapped:            12516 kB
Node 0 AnonPages:         28224 kB
Node 0 Shmem:               628 kB
Node 0 KernelStack:        1960 kB
Node 0 PageTables:          892 kB
Node 0 NFS_Unstable:          0 kB
Node 0 Bounce:                0 kB
Node 0 WritebackTmp:          0 kB
Node 0 KReclaimable:      22344 kB
Node 0 Slab:              63060 kB
Node 0 SReclaimable:      22344 kB
Node 0 SUnreclaim:        40716 kB
Node 0 AnonHugePages:         0 kB
Node 0 ShmemHugePages:        0 kB
Node 0 ShmemPmdMapped:        0 kB
Node 0 FileHugePages:        0 kB
Node 0 FilePmdMapped:        0 kB
Node 0 HugePages_Total:     0
Node 0 HugePages_Free:      0
Node 0 HugePages_Surp:      0

Node 1 MemTotal:       24686196 kB
Node 1 MemFree:        24178208 kB
Node 1 MemUsed:          507988 kB
Node 1 Active:            67532 kB
Node 1 Inactive:         154048 kB
Node 1 Active(anon):      16560 kB
Node 1 Inactive(anon):      460 kB
Node 1 Active(file):      50972 kB
Node 1 Inactive(file):   153588 kB
Node 1 Unevictable:        5756 kB
Node 1 Mlocked:            5756 kB
Node 1 Dirty:               496 kB
Node 1 Writeback:             0 kB
Node 1 FilePages:        210956 kB
Node 1 Mapped:            39172 kB
Node 1 AnonPages:         15660 kB
Node 1 Shmem:               640 kB
Node 1 KernelStack:        2952 kB
Node 1 PageTables:         1068 kB
Node 1 NFS_Unstable:          0 kB
Node 1 Bounce:                0 kB
Node 1 WritebackTmp:          0 kB
Node 1 KReclaimable:      21304 kB
Node 1 Slab:              57196 kB
Node 1 SReclaimable:      21304 kB
Node 1 SUnreclaim:        35892 kB
Node 1 AnonHugePages:         0 kB
Node 1 ShmemHugePages:        0 kB
Node 1 ShmemPmdMapped:        0 kB
Node 1 FileHugePages:        0 kB
Node 1 FilePmdMapped:        0 kB
Node 1 HugePages_Total:     0
Node 1 HugePages_Free:      0
Node 1 HugePages_Surp:      0

After Test
Node 0 MemTotal:       24743736 kB
Node 0 MemFree:        24043580 kB
Node 0 MemUsed:          700156 kB
Node 0 Active:            31908 kB
Node 0 Inactive:          49352 kB
Node 0 Active(anon):      17756 kB
Node 0 Inactive(anon):      520 kB
Node 0 Active(file):      14152 kB
Node 0 Inactive(file):    48832 kB
Node 0 Unevictable:       13000 kB
Node 0 Mlocked:           13000 kB
Node 0 Dirty:                20 kB
Node 0 Writeback:             0 kB
Node 0 FilePages:         66096 kB
Node 0 Mapped:            12628 kB
Node 0 AnonPages:         28028 kB
Node 0 Shmem:               672 kB
Node 0 KernelStack:        1832 kB
Node 0 PageTables:          676 kB
Node 0 NFS_Unstable:          0 kB
Node 0 Bounce:                0 kB
Node 0 WritebackTmp:          0 kB
Node 0 KReclaimable:      23704 kB
Node 0 Slab:              76804 kB
Node 0 SReclaimable:      23704 kB
Node 0 SUnreclaim:        53100 kB
Node 0 AnonHugePages:         0 kB
Node 0 ShmemHugePages:        0 kB
Node 0 ShmemPmdMapped:        0 kB
Node 0 FileHugePages:        0 kB
Node 0 FilePmdMapped:        0 kB
Node 0 HugePages_Total:     0
Node 0 HugePages_Free:      0
Node 0 HugePages_Surp:      0

Node 1 MemTotal:       24686196 kB
Node 1 MemFree:        21697128 kB
Node 1 MemUsed:         2989068 kB
Node 1 Active:            67052 kB
Node 1 Inactive:         153740 kB
Node 1 Active(anon):      15708 kB
Node 1 Inactive(anon):      456 kB
Node 1 Active(file):      51344 kB
Node 1 Inactive(file):   153284 kB
Node 1 Unevictable:        5756 kB
Node 1 Mlocked:            5756 kB
Node 1 Dirty:               100 kB
Node 1 Writeback:             0 kB
Node 1 FilePages:        211020 kB
Node 1 Mapped:            38604 kB
Node 1 AnonPages:         15524 kB
Node 1 Shmem:               640 kB
Node 1 KernelStack:        2776 kB
Node 1 PageTables:          484 kB
Node 1 NFS_Unstable:          0 kB
Node 1 Bounce:                0 kB
Node 1 WritebackTmp:          0 kB
Node 1 KReclaimable:      21336 kB
Node 1 Slab:              58824 kB
Node 1 SReclaimable:      21336 kB
Node 1 SUnreclaim:        37488 kB
Node 1 AnonHugePages:         0 kB
Node 1 ShmemHugePages:        0 kB
Node 1 ShmemPmdMapped:        0 kB
Node 1 FileHugePages:        0 kB
Node 1 FilePmdMapped:        0 kB
Node 1 HugePages_Total:     0
Node 1 HugePages_Free:      0
Node 1 HugePages_Surp:      0

After Opposite Node
Node 0 MemTotal:       24743736 kB
Node 0 MemFree:        24041772 kB
Node 0 MemUsed:          701964 kB
Node 0 Active:            32152 kB
Node 0 Inactive:          49184 kB
Node 0 Active(anon):      17848 kB
Node 0 Inactive(anon):      484 kB
Node 0 Active(file):      14304 kB
Node 0 Inactive(file):    48700 kB
Node 0 Unevictable:       13000 kB
Node 0 Mlocked:           13000 kB
Node 0 Dirty:                40 kB
Node 0 Writeback:             0 kB
Node 0 FilePages:         66072 kB
Node 0 Mapped:            12632 kB
Node 0 AnonPages:         28264 kB
Node 0 Shmem:               628 kB
Node 0 KernelStack:        1832 kB
Node 0 PageTables:          560 kB
Node 0 NFS_Unstable:          0 kB
Node 0 Bounce:                0 kB
Node 0 WritebackTmp:          0 kB
Node 0 KReclaimable:      23740 kB
Node 0 Slab:              77072 kB
Node 0 SReclaimable:      23740 kB
Node 0 SUnreclaim:        53332 kB
Node 0 AnonHugePages:         0 kB
Node 0 ShmemHugePages:        0 kB
Node 0 ShmemPmdMapped:        0 kB
Node 0 FileHugePages:        0 kB
Node 0 FilePmdMapped:        0 kB
Node 0 HugePages_Total:     0
Node 0 HugePages_Free:      0
Node 0 HugePages_Surp:      0

Node 1 MemTotal:       24686196 kB
Node 1 MemFree:        21696636 kB
Node 1 MemUsed:         2989560 kB
Node 1 Active:            67072 kB
Node 1 Inactive:         153768 kB
Node 1 Active(anon):      15700 kB
Node 1 Inactive(anon):      500 kB
Node 1 Active(file):      51372 kB
Node 1 Inactive(file):   153268 kB
Node 1 Unevictable:        5756 kB
Node 1 Mlocked:            5756 kB
Node 1 Dirty:               128 kB
Node 1 Writeback:             0 kB
Node 1 FilePages:        211076 kB
Node 1 Mapped:            38652 kB
Node 1 AnonPages:         15276 kB
Node 1 Shmem:               684 kB
Node 1 KernelStack:        2776 kB
Node 1 PageTables:          680 kB
Node 1 NFS_Unstable:          0 kB
Node 1 Bounce:                0 kB
Node 1 WritebackTmp:          0 kB
Node 1 KReclaimable:      21392 kB
Node 1 Slab:              59564 kB
Node 1 SReclaimable:      21392 kB
Node 1 SUnreclaim:        38172 kB
Node 1 AnonHugePages:         0 kB
Node 1 ShmemHugePages:        0 kB
Node 1 ShmemPmdMapped:        0 kB
Node 1 FileHugePages:        0 kB
Node 1 FilePmdMapped:        0 kB
Node 1 HugePages_Total:     0
Node 1 HugePages_Free:      0
Node 1 HugePages_Surp:      0

B.0.8Mfio.2G.1.O Complete!
