B.0.8Mfio.500M.3.O
Begin
Node 0 MemTotal:       24768352 kB
Node 0 MemFree:        24423324 kB
Node 0 MemUsed:          345028 kB
Node 0 Active:            52576 kB
Node 0 Inactive:          29160 kB
Node 0 Active(anon):      14220 kB
Node 0 Inactive(anon):      272 kB
Node 0 Active(file):      38356 kB
Node 0 Inactive(file):    28888 kB
Node 0 Unevictable:        1336 kB
Node 0 Mlocked:            1336 kB
Node 0 Dirty:               284 kB
Node 0 Writeback:             0 kB
Node 0 FilePages:         69072 kB
Node 0 Mapped:            14356 kB
Node 0 AnonPages:         14132 kB
Node 0 Shmem:               428 kB
Node 0 KernelStack:        2280 kB
Node 0 PageTables:          400 kB
Node 0 NFS_Unstable:          0 kB
Node 0 Bounce:                0 kB
Node 0 WritebackTmp:          0 kB
Node 0 KReclaimable:      18012 kB
Node 0 Slab:              46452 kB
Node 0 SReclaimable:      18012 kB
Node 0 SUnreclaim:        28440 kB
Node 0 AnonHugePages:         0 kB
Node 0 ShmemHugePages:        0 kB
Node 0 ShmemPmdMapped:        0 kB
Node 0 FileHugePages:        0 kB
Node 0 FilePmdMapped:        0 kB
Node 0 HugePages_Total:     0
Node 0 HugePages_Free:      0
Node 0 HugePages_Surp:      0

Node 1 MemTotal:       24661580 kB
Node 1 MemFree:        24392680 kB
Node 1 MemUsed:          268900 kB
Node 1 Active:            41580 kB
Node 1 Inactive:          61828 kB
Node 1 Active(anon):      19504 kB
Node 1 Inactive(anon):      600 kB
Node 1 Active(file):      22076 kB
Node 1 Inactive(file):    61228 kB
Node 1 Unevictable:       17188 kB
Node 1 Mlocked:           17188 kB
Node 1 Dirty:               208 kB
Node 1 Writeback:             0 kB
Node 1 FilePages:         91000 kB
Node 1 Mapped:            28052 kB
Node 1 AnonPages:         29660 kB
Node 1 Shmem:               840 kB
Node 1 KernelStack:        1320 kB
Node 1 PageTables:          652 kB
Node 1 NFS_Unstable:          0 kB
Node 1 Bounce:                0 kB
Node 1 WritebackTmp:          0 kB
Node 1 KReclaimable:      23916 kB
Node 1 Slab:              59888 kB
Node 1 SReclaimable:      23916 kB
Node 1 SUnreclaim:        35972 kB
Node 1 AnonHugePages:         0 kB
Node 1 ShmemHugePages:        0 kB
Node 1 ShmemPmdMapped:        0 kB
Node 1 FileHugePages:        0 kB
Node 1 FilePmdMapped:        0 kB
Node 1 HugePages_Total:     0
Node 1 HugePages_Free:      0
Node 1 HugePages_Surp:      0

Load ZFS
Node 0 MemTotal:       24768352 kB
Node 0 MemFree:        24485168 kB
Node 0 MemUsed:          283184 kB
Node 0 Active:            68332 kB
Node 0 Inactive:          79028 kB
Node 0 Active(anon):      28004 kB
Node 0 Inactive(anon):      452 kB
Node 0 Active(file):      40328 kB
Node 0 Inactive(file):    78576 kB
Node 0 Unevictable:        1336 kB
Node 0 Mlocked:            1336 kB
Node 0 Dirty:                52 kB
Node 0 Writeback:             0 kB
Node 0 FilePages:        120836 kB
Node 0 Mapped:            15892 kB
Node 0 AnonPages:         28276 kB
Node 0 Shmem:               596 kB
Node 0 KernelStack:        2700 kB
Node 0 PageTables:         1692 kB
Node 0 NFS_Unstable:          0 kB
Node 0 Bounce:                0 kB
Node 0 WritebackTmp:          0 kB
Node 0 KReclaimable:      18888 kB
Node 0 Slab:              50372 kB
Node 0 SReclaimable:      18888 kB
Node 0 SUnreclaim:        31484 kB
Node 0 AnonHugePages:         0 kB
Node 0 ShmemHugePages:        0 kB
Node 0 ShmemPmdMapped:        0 kB
Node 0 FileHugePages:        0 kB
Node 0 FilePmdMapped:        0 kB
Node 0 HugePages_Total:     0
Node 0 HugePages_Free:      0
Node 0 HugePages_Surp:      0

Node 1 MemTotal:       24661580 kB
Node 1 MemFree:        24188364 kB
Node 1 MemUsed:          473216 kB
Node 1 Active:            52932 kB
Node 1 Inactive:         115496 kB
Node 1 Active(anon):      30456 kB
Node 1 Inactive(anon):      492 kB
Node 1 Active(file):      22476 kB
Node 1 Inactive(file):   115004 kB
Node 1 Unevictable:       17404 kB
Node 1 Mlocked:           17404 kB
Node 1 Dirty:               336 kB
Node 1 Writeback:             0 kB
Node 1 FilePages:        145008 kB
Node 1 Mapped:            30844 kB
Node 1 AnonPages:         41320 kB
Node 1 Shmem:               672 kB
Node 1 KernelStack:        1580 kB
Node 1 PageTables:         1600 kB
Node 1 NFS_Unstable:          0 kB
Node 1 Bounce:                0 kB
Node 1 WritebackTmp:          0 kB
Node 1 KReclaimable:      24724 kB
Node 1 Slab:              62820 kB
Node 1 SReclaimable:      24724 kB
Node 1 SUnreclaim:        38096 kB
Node 1 AnonHugePages:         0 kB
Node 1 ShmemHugePages:        0 kB
Node 1 ShmemPmdMapped:        0 kB
Node 1 FileHugePages:        0 kB
Node 1 FilePmdMapped:        0 kB
Node 1 HugePages_Total:     0
Node 1 HugePages_Free:      0
Node 1 HugePages_Surp:      0

Import tank ZPool
Node 0 MemTotal:       24768352 kB
Node 0 MemFree:        24482176 kB
Node 0 MemUsed:          286176 kB
Node 0 Active:            55380 kB
Node 0 Inactive:          79936 kB
Node 0 Active(anon):      14392 kB
Node 0 Inactive(anon):      460 kB
Node 0 Active(file):      40988 kB
Node 0 Inactive(file):    79476 kB
Node 0 Unevictable:        1336 kB
Node 0 Mlocked:            1336 kB
Node 0 Dirty:                76 kB
Node 0 Writeback:             0 kB
Node 0 FilePages:        122404 kB
Node 0 Mapped:            14964 kB
Node 0 AnonPages:         14288 kB
Node 0 Shmem:               600 kB
Node 0 KernelStack:        3632 kB
Node 0 PageTables:         1712 kB
Node 0 NFS_Unstable:          0 kB
Node 0 Bounce:                0 kB
Node 0 WritebackTmp:          0 kB
Node 0 KReclaimable:      19004 kB
Node 0 Slab:              56528 kB
Node 0 SReclaimable:      19004 kB
Node 0 SUnreclaim:        37524 kB
Node 0 AnonHugePages:         0 kB
Node 0 ShmemHugePages:        0 kB
Node 0 ShmemPmdMapped:        0 kB
Node 0 FileHugePages:        0 kB
Node 0 FilePmdMapped:        0 kB
Node 0 HugePages_Total:     0
Node 0 HugePages_Free:      0
Node 0 HugePages_Surp:      0

Node 1 MemTotal:       24661580 kB
Node 1 MemFree:        24197988 kB
Node 1 MemUsed:          463592 kB
Node 1 Active:            42876 kB
Node 1 Inactive:         115396 kB
Node 1 Active(anon):      20300 kB
Node 1 Inactive(anon):      488 kB
Node 1 Active(file):      22576 kB
Node 1 Inactive(file):   114908 kB
Node 1 Unevictable:       17420 kB
Node 1 Mlocked:           17420 kB
Node 1 Dirty:               384 kB
Node 1 Writeback:             8 kB
Node 1 FilePages:        145008 kB
Node 1 Mapped:            28840 kB
Node 1 AnonPages:         30872 kB
Node 1 Shmem:               668 kB
Node 1 KernelStack:        1432 kB
Node 1 PageTables:         1092 kB
Node 1 NFS_Unstable:          0 kB
Node 1 Bounce:                0 kB
Node 1 WritebackTmp:          0 kB
Node 1 KReclaimable:      24788 kB
Node 1 Slab:              63152 kB
Node 1 SReclaimable:      24788 kB
Node 1 SUnreclaim:        38364 kB
Node 1 AnonHugePages:         0 kB
Node 1 ShmemHugePages:        0 kB
Node 1 ShmemPmdMapped:        0 kB
Node 1 FileHugePages:        0 kB
Node 1 FilePmdMapped:        0 kB
Node 1 HugePages_Total:     0
Node 1 HugePages_Free:      0
Node 1 HugePages_Surp:      0

After Test
Node 0 MemTotal:       24768352 kB
Node 0 MemFree:        23752000 kB
Node 0 MemUsed:         1016352 kB
Node 0 Active:            55864 kB
Node 0 Inactive:          80564 kB
Node 0 Active(anon):      13792 kB
Node 0 Inactive(anon):      212 kB
Node 0 Active(file):      42072 kB
Node 0 Inactive(file):    80352 kB
Node 0 Unevictable:        1336 kB
Node 0 Mlocked:            1336 kB
Node 0 Dirty:                80 kB
Node 0 Writeback:             0 kB
Node 0 FilePages:        124136 kB
Node 0 Mapped:            14608 kB
Node 0 AnonPages:         13452 kB
Node 0 Shmem:               368 kB
Node 0 KernelStack:        3444 kB
Node 0 PageTables:          524 kB
Node 0 NFS_Unstable:          0 kB
Node 0 Bounce:                0 kB
Node 0 WritebackTmp:          0 kB
Node 0 KReclaimable:      20312 kB
Node 0 Slab:              62660 kB
Node 0 SReclaimable:      20312 kB
Node 0 SUnreclaim:        42348 kB
Node 0 AnonHugePages:         0 kB
Node 0 ShmemHugePages:        0 kB
Node 0 ShmemPmdMapped:        0 kB
Node 0 FileHugePages:        0 kB
Node 0 FilePmdMapped:        0 kB
Node 0 HugePages_Total:     0
Node 0 HugePages_Free:      0
Node 0 HugePages_Surp:      0

Node 1 MemTotal:       24661580 kB
Node 1 MemFree:        23869644 kB
Node 1 MemUsed:          791936 kB
Node 1 Active:            42548 kB
Node 1 Inactive:         115076 kB
Node 1 Active(anon):      19660 kB
Node 1 Inactive(anon):      480 kB
Node 1 Active(file):      22888 kB
Node 1 Inactive(file):   114596 kB
Node 1 Unevictable:       17420 kB
Node 1 Mlocked:           17420 kB
Node 1 Dirty:               384 kB
Node 1 Writeback:             0 kB
Node 1 FilePages:        145008 kB
Node 1 Mapped:            28052 kB
Node 1 AnonPages:         30032 kB
Node 1 Shmem:               668 kB
Node 1 KernelStack:        1304 kB
Node 1 PageTables:          656 kB
Node 1 NFS_Unstable:          0 kB
Node 1 Bounce:                0 kB
Node 1 WritebackTmp:          0 kB
Node 1 KReclaimable:      24788 kB
Node 1 Slab:              64172 kB
Node 1 SReclaimable:      24788 kB
Node 1 SUnreclaim:        39384 kB
Node 1 AnonHugePages:         0 kB
Node 1 ShmemHugePages:        0 kB
Node 1 ShmemPmdMapped:        0 kB
Node 1 FileHugePages:        0 kB
Node 1 FilePmdMapped:        0 kB
Node 1 HugePages_Total:     0
Node 1 HugePages_Free:      0
Node 1 HugePages_Surp:      0

After Opposite Node
Node 0 MemTotal:       24768352 kB
Node 0 MemFree:        23752128 kB
Node 0 MemUsed:         1016224 kB
Node 0 Active:            55764 kB
Node 0 Inactive:          80600 kB
Node 0 Active(anon):      13444 kB
Node 0 Inactive(anon):      460 kB
Node 0 Active(file):      42320 kB
Node 0 Inactive(file):    80140 kB
Node 0 Unevictable:        1336 kB
Node 0 Mlocked:            1336 kB
Node 0 Dirty:                92 kB
Node 0 Writeback:             0 kB
Node 0 FilePages:        124396 kB
Node 0 Mapped:            14620 kB
Node 0 AnonPages:         13304 kB
Node 0 Shmem:               600 kB
Node 0 KernelStack:        3368 kB
Node 0 PageTables:          344 kB
Node 0 NFS_Unstable:          0 kB
Node 0 Bounce:                0 kB
Node 0 WritebackTmp:          0 kB
Node 0 KReclaimable:      20340 kB
Node 0 Slab:              62328 kB
Node 0 SReclaimable:      20340 kB
Node 0 SUnreclaim:        41988 kB
Node 0 AnonHugePages:         0 kB
Node 0 ShmemHugePages:        0 kB
Node 0 ShmemPmdMapped:        0 kB
Node 0 FileHugePages:        0 kB
Node 0 FilePmdMapped:        0 kB
Node 0 HugePages_Total:     0
Node 0 HugePages_Free:      0
Node 0 HugePages_Surp:      0

Node 1 MemTotal:       24661580 kB
Node 1 MemFree:        23869736 kB
Node 1 MemUsed:          791844 kB
Node 1 Active:            42780 kB
Node 1 Inactive:         115100 kB
Node 1 Active(anon):      19816 kB
Node 1 Inactive(anon):      508 kB
Node 1 Active(file):      22964 kB
Node 1 Inactive(file):   114592 kB
Node 1 Unevictable:       17420 kB
Node 1 Mlocked:           17420 kB
Node 1 Dirty:               384 kB
Node 1 Writeback:             0 kB
Node 1 FilePages:        145124 kB
Node 1 Mapped:            28096 kB
Node 1 AnonPages:         30016 kB
Node 1 Shmem:               712 kB
Node 1 KernelStack:        1384 kB
Node 1 PageTables:          824 kB
Node 1 NFS_Unstable:          0 kB
Node 1 Bounce:                0 kB
Node 1 WritebackTmp:          0 kB
Node 1 KReclaimable:      24828 kB
Node 1 Slab:              64436 kB
Node 1 SReclaimable:      24828 kB
Node 1 SUnreclaim:        39608 kB
Node 1 AnonHugePages:         0 kB
Node 1 ShmemHugePages:        0 kB
Node 1 ShmemPmdMapped:        0 kB
Node 1 FileHugePages:        0 kB
Node 1 FilePmdMapped:        0 kB
Node 1 HugePages_Total:     0
Node 1 HugePages_Free:      0
Node 1 HugePages_Surp:      0

B.0.8Mfio.500M.3.O Complete!
