B.0.8Mfio.500M.2.O
Begin
Node 0 MemTotal:       24743736 kB
Node 0 MemFree:        24507268 kB
Node 0 MemUsed:          236468 kB
Node 0 Active:            38820 kB
Node 0 Inactive:          45388 kB
Node 0 Active(anon):      15164 kB
Node 0 Inactive(anon):      460 kB
Node 0 Active(file):      23656 kB
Node 0 Inactive(file):    44928 kB
Node 0 Unevictable:       13452 kB
Node 0 Mlocked:           13452 kB
Node 0 Dirty:                24 kB
Node 0 Writeback:             0 kB
Node 0 FilePages:         72564 kB
Node 0 Mapped:            29584 kB
Node 0 AnonPages:         25240 kB
Node 0 Shmem:               716 kB
Node 0 KernelStack:        1880 kB
Node 0 PageTables:          480 kB
Node 0 NFS_Unstable:          0 kB
Node 0 Bounce:                0 kB
Node 0 WritebackTmp:          0 kB
Node 0 KReclaimable:      21248 kB
Node 0 Slab:              49616 kB
Node 0 SReclaimable:      21248 kB
Node 0 SUnreclaim:        28368 kB
Node 0 AnonHugePages:         0 kB
Node 0 ShmemHugePages:        0 kB
Node 0 ShmemPmdMapped:        0 kB
Node 0 FileHugePages:        0 kB
Node 0 FilePmdMapped:        0 kB
Node 0 HugePages_Total:     0
Node 0 HugePages_Free:      0
Node 0 HugePages_Surp:      0

Node 1 MemTotal:       24686196 kB
Node 1 MemFree:        24291372 kB
Node 1 MemUsed:          394824 kB
Node 1 Active:            56528 kB
Node 1 Inactive:          64540 kB
Node 1 Active(anon):      18932 kB
Node 1 Inactive(anon):      400 kB
Node 1 Active(file):      37596 kB
Node 1 Inactive(file):    64140 kB
Node 1 Unevictable:        5072 kB
Node 1 Mlocked:            5072 kB
Node 1 Dirty:               412 kB
Node 1 Writeback:             0 kB
Node 1 FilePages:        107384 kB
Node 1 Mapped:            30412 kB
Node 1 AnonPages:         18780 kB
Node 1 Shmem:               552 kB
Node 1 KernelStack:        1736 kB
Node 1 PageTables:          588 kB
Node 1 NFS_Unstable:          0 kB
Node 1 Bounce:                0 kB
Node 1 WritebackTmp:          0 kB
Node 1 KReclaimable:      20432 kB
Node 1 Slab:              55732 kB
Node 1 SReclaimable:      20432 kB
Node 1 SUnreclaim:        35300 kB
Node 1 AnonHugePages:         0 kB
Node 1 ShmemHugePages:        0 kB
Node 1 ShmemPmdMapped:        0 kB
Node 1 FileHugePages:        0 kB
Node 1 FilePmdMapped:        0 kB
Node 1 HugePages_Total:     0
Node 1 HugePages_Free:      0
Node 1 HugePages_Surp:      0

Load ZFS
Node 0 MemTotal:       24743736 kB
Node 0 MemFree:        24490188 kB
Node 0 MemUsed:          253548 kB
Node 0 Active:            47628 kB
Node 0 Inactive:          51548 kB
Node 0 Active(anon):      23040 kB
Node 0 Inactive(anon):      544 kB
Node 0 Active(file):      24588 kB
Node 0 Inactive(file):    51004 kB
Node 0 Unevictable:       13668 kB
Node 0 Mlocked:           13668 kB
Node 0 Dirty:               156 kB
Node 0 Writeback:             0 kB
Node 0 FilePages:         79440 kB
Node 0 Mapped:            32328 kB
Node 0 AnonPages:         33404 kB
Node 0 Shmem:               728 kB
Node 0 KernelStack:        1928 kB
Node 0 PageTables:          960 kB
Node 0 NFS_Unstable:          0 kB
Node 0 Bounce:                0 kB
Node 0 WritebackTmp:          0 kB
Node 0 KReclaimable:      22172 kB
Node 0 Slab:              52936 kB
Node 0 SReclaimable:      22172 kB
Node 0 SUnreclaim:        30764 kB
Node 0 AnonHugePages:         0 kB
Node 0 ShmemHugePages:        0 kB
Node 0 ShmemPmdMapped:        0 kB
Node 0 FileHugePages:        0 kB
Node 0 FilePmdMapped:        0 kB
Node 0 HugePages_Total:     0
Node 0 HugePages_Free:      0
Node 0 HugePages_Surp:      0

Node 1 MemTotal:       24686196 kB
Node 1 MemFree:        24169000 kB
Node 1 MemUsed:          517196 kB
Node 1 Active:            72556 kB
Node 1 Inactive:         161828 kB
Node 1 Active(anon):      33232 kB
Node 1 Inactive(anon):      400 kB
Node 1 Active(file):      39324 kB
Node 1 Inactive(file):   161428 kB
Node 1 Unevictable:        5072 kB
Node 1 Mlocked:            5072 kB
Node 1 Dirty:               348 kB
Node 1 Writeback:             0 kB
Node 1 FilePages:        206364 kB
Node 1 Mapped:            31788 kB
Node 1 AnonPages:         32804 kB
Node 1 Shmem:               540 kB
Node 1 KernelStack:        2324 kB
Node 1 PageTables:         1588 kB
Node 1 NFS_Unstable:          0 kB
Node 1 Bounce:                0 kB
Node 1 WritebackTmp:          0 kB
Node 1 KReclaimable:      21384 kB
Node 1 Slab:              59860 kB
Node 1 SReclaimable:      21384 kB
Node 1 SUnreclaim:        38476 kB
Node 1 AnonHugePages:         0 kB
Node 1 ShmemHugePages:        0 kB
Node 1 ShmemPmdMapped:        0 kB
Node 1 FileHugePages:        0 kB
Node 1 FilePmdMapped:        0 kB
Node 1 HugePages_Total:     0
Node 1 HugePages_Free:      0
Node 1 HugePages_Surp:      0

Import tank ZPool
Node 0 MemTotal:       24743736 kB
Node 0 MemFree:        24484944 kB
Node 0 MemUsed:          258792 kB
Node 0 Active:            48528 kB
Node 0 Inactive:          52736 kB
Node 0 Active(anon):      23608 kB
Node 0 Inactive(anon):      548 kB
Node 0 Active(file):      24920 kB
Node 0 Inactive(file):    52188 kB
Node 0 Unevictable:       13680 kB
Node 0 Mlocked:           13680 kB
Node 0 Dirty:               216 kB
Node 0 Writeback:             0 kB
Node 0 FilePages:         80964 kB
Node 0 Mapped:            32616 kB
Node 0 AnonPages:         33812 kB
Node 0 Shmem:               732 kB
Node 0 KernelStack:        1960 kB
Node 0 PageTables:         1020 kB
Node 0 NFS_Unstable:          0 kB
Node 0 Bounce:                0 kB
Node 0 WritebackTmp:          0 kB
Node 0 KReclaimable:      22292 kB
Node 0 Slab:              58228 kB
Node 0 SReclaimable:      22292 kB
Node 0 SUnreclaim:        35936 kB
Node 0 AnonHugePages:         0 kB
Node 0 ShmemHugePages:        0 kB
Node 0 ShmemPmdMapped:        0 kB
Node 0 FileHugePages:        0 kB
Node 0 FilePmdMapped:        0 kB
Node 0 HugePages_Total:     0
Node 0 HugePages_Free:      0
Node 0 HugePages_Surp:      0

Node 1 MemTotal:       24686196 kB
Node 1 MemFree:        24156220 kB
Node 1 MemUsed:          529976 kB
Node 1 Active:            72176 kB
Node 1 Inactive:         161840 kB
Node 1 Active(anon):      32824 kB
Node 1 Inactive(anon):      400 kB
Node 1 Active(file):      39352 kB
Node 1 Inactive(file):   161440 kB
Node 1 Unevictable:        5072 kB
Node 1 Mlocked:            5072 kB
Node 1 Dirty:               340 kB
Node 1 Writeback:             0 kB
Node 1 FilePages:        206416 kB
Node 1 Mapped:            31492 kB
Node 1 AnonPages:         32688 kB
Node 1 Shmem:               536 kB
Node 1 KernelStack:        3304 kB
Node 1 PageTables:         1568 kB
Node 1 NFS_Unstable:          0 kB
Node 1 Bounce:                0 kB
Node 1 WritebackTmp:          0 kB
Node 1 KReclaimable:      21388 kB
Node 1 Slab:              61924 kB
Node 1 SReclaimable:      21388 kB
Node 1 SUnreclaim:        40536 kB
Node 1 AnonHugePages:         0 kB
Node 1 ShmemHugePages:        0 kB
Node 1 ShmemPmdMapped:        0 kB
Node 1 FileHugePages:        0 kB
Node 1 FilePmdMapped:        0 kB
Node 1 HugePages_Total:     0
Node 1 HugePages_Free:      0
Node 1 HugePages_Surp:      0

After Test
Node 0 MemTotal:       24743736 kB
Node 0 MemFree:        23684064 kB
Node 0 MemUsed:         1059672 kB
Node 0 Active:            40588 kB
Node 0 Inactive:          53200 kB
Node 0 Active(anon):      14132 kB
Node 0 Inactive(anon):      568 kB
Node 0 Active(file):      26456 kB
Node 0 Inactive(file):    52632 kB
Node 0 Unevictable:       13680 kB
Node 0 Mlocked:           13680 kB
Node 0 Dirty:               192 kB
Node 0 Writeback:             0 kB
Node 0 FilePages:         82984 kB
Node 0 Mapped:            29552 kB
Node 0 AnonPages:         24392 kB
Node 0 Shmem:               776 kB
Node 0 KernelStack:        1896 kB
Node 0 PageTables:          612 kB
Node 0 NFS_Unstable:          0 kB
Node 0 Bounce:                0 kB
Node 0 WritebackTmp:          0 kB
Node 0 KReclaimable:      23596 kB
Node 0 Slab:              64740 kB
Node 0 SReclaimable:      23596 kB
Node 0 SUnreclaim:        41144 kB
Node 0 AnonHugePages:         0 kB
Node 0 ShmemHugePages:        0 kB
Node 0 ShmemPmdMapped:        0 kB
Node 0 FileHugePages:        0 kB
Node 0 FilePmdMapped:        0 kB
Node 0 HugePages_Total:     0
Node 0 HugePages_Free:      0
Node 0 HugePages_Surp:      0

Node 1 MemTotal:       24686196 kB
Node 1 MemFree:        23920404 kB
Node 1 MemUsed:          765792 kB
Node 1 Active:            59020 kB
Node 1 Inactive:         161504 kB
Node 1 Active(anon):      19312 kB
Node 1 Inactive(anon):      396 kB
Node 1 Active(file):      39708 kB
Node 1 Inactive(file):   161108 kB
Node 1 Unevictable:        5072 kB
Node 1 Mlocked:            5072 kB
Node 1 Dirty:               260 kB
Node 1 Writeback:             0 kB
Node 1 FilePages:        206424 kB
Node 1 Mapped:            30524 kB
Node 1 AnonPages:         19172 kB
Node 1 Shmem:               536 kB
Node 1 KernelStack:        2920 kB
Node 1 PageTables:          588 kB
Node 1 NFS_Unstable:          0 kB
Node 1 Bounce:                0 kB
Node 1 WritebackTmp:          0 kB
Node 1 KReclaimable:      21380 kB
Node 1 Slab:              63028 kB
Node 1 SReclaimable:      21380 kB
Node 1 SUnreclaim:        41648 kB
Node 1 AnonHugePages:         0 kB
Node 1 ShmemHugePages:        0 kB
Node 1 ShmemPmdMapped:        0 kB
Node 1 FileHugePages:        0 kB
Node 1 FilePmdMapped:        0 kB
Node 1 HugePages_Total:     0
Node 1 HugePages_Free:      0
Node 1 HugePages_Surp:      0

After Opposite Node
Node 0 MemTotal:       24743736 kB
Node 0 MemFree:        23683324 kB
Node 0 MemUsed:         1060412 kB
Node 0 Active:            40648 kB
Node 0 Inactive:          53060 kB
Node 0 Active(anon):      13984 kB
Node 0 Inactive(anon):      544 kB
Node 0 Active(file):      26664 kB
Node 0 Inactive(file):    52516 kB
Node 0 Unevictable:       13680 kB
Node 0 Mlocked:           13680 kB
Node 0 Dirty:               204 kB
Node 0 Writeback:             0 kB
Node 0 FilePages:         83032 kB
Node 0 Mapped:            29800 kB
Node 0 AnonPages:         24352 kB
Node 0 Shmem:               732 kB
Node 0 KernelStack:        1832 kB
Node 0 PageTables:          504 kB
Node 0 NFS_Unstable:          0 kB
Node 0 Bounce:                0 kB
Node 0 WritebackTmp:          0 kB
Node 0 KReclaimable:      23604 kB
Node 0 Slab:              64708 kB
Node 0 SReclaimable:      23604 kB
Node 0 SUnreclaim:        41104 kB
Node 0 AnonHugePages:         0 kB
Node 0 ShmemHugePages:        0 kB
Node 0 ShmemPmdMapped:        0 kB
Node 0 FileHugePages:        0 kB
Node 0 FilePmdMapped:        0 kB
Node 0 HugePages_Total:     0
Node 0 HugePages_Free:      0
Node 0 HugePages_Surp:      0

Node 1 MemTotal:       24686196 kB
Node 1 MemFree:        23918816 kB
Node 1 MemUsed:          767380 kB
Node 1 Active:            59208 kB
Node 1 Inactive:         161540 kB
Node 1 Active(anon):      19496 kB
Node 1 Inactive(anon):      424 kB
Node 1 Active(file):      39712 kB
Node 1 Inactive(file):   161116 kB
Node 1 Unevictable:        5072 kB
Node 1 Mlocked:            5072 kB
Node 1 Dirty:               260 kB
Node 1 Writeback:             0 kB
Node 1 FilePages:        206480 kB
Node 1 Mapped:            30568 kB
Node 1 AnonPages:         19180 kB
Node 1 Shmem:               580 kB
Node 1 KernelStack:        2920 kB
Node 1 PageTables:          760 kB
Node 1 NFS_Unstable:          0 kB
Node 1 Bounce:                0 kB
Node 1 WritebackTmp:          0 kB
Node 1 KReclaimable:      21428 kB
Node 1 Slab:              63224 kB
Node 1 SReclaimable:      21428 kB
Node 1 SUnreclaim:        41796 kB
Node 1 AnonHugePages:         0 kB
Node 1 ShmemHugePages:        0 kB
Node 1 ShmemPmdMapped:        0 kB
Node 1 FileHugePages:        0 kB
Node 1 FilePmdMapped:        0 kB
Node 1 HugePages_Total:     0
Node 1 HugePages_Free:      0
Node 1 HugePages_Surp:      0

B.0.8Mfio.500M.2.O Complete!
