B.0.8Mfio.2G.2.O
Begin
Node 0 MemTotal:       24768352 kB
Node 0 MemFree:        24525168 kB
Node 0 MemUsed:          243184 kB
Node 0 Active:            47880 kB
Node 0 Inactive:          50024 kB
Node 0 Active(anon):       8548 kB
Node 0 Inactive(anon):      408 kB
Node 0 Active(file):      39332 kB
Node 0 Inactive(file):    49616 kB
Node 0 Unevictable:       13164 kB
Node 0 Mlocked:           13164 kB
Node 0 Dirty:               236 kB
Node 0 Writeback:             0 kB
Node 0 FilePages:         92332 kB
Node 0 Mapped:            47492 kB
Node 0 AnonPages:         18756 kB
Node 0 Shmem:               528 kB
Node 0 KernelStack:        2120 kB
Node 0 PageTables:          520 kB
Node 0 NFS_Unstable:          0 kB
Node 0 Bounce:                0 kB
Node 0 WritebackTmp:          0 kB
Node 0 KReclaimable:      22388 kB
Node 0 Slab:              52036 kB
Node 0 SReclaimable:      22388 kB
Node 0 SUnreclaim:        29648 kB
Node 0 AnonHugePages:         0 kB
Node 0 ShmemHugePages:        0 kB
Node 0 ShmemPmdMapped:        0 kB
Node 0 FileHugePages:        0 kB
Node 0 FilePmdMapped:        0 kB
Node 0 HugePages_Total:     0
Node 0 HugePages_Free:      0
Node 0 HugePages_Surp:      0

Node 1 MemTotal:       24661580 kB
Node 1 MemFree:        24262128 kB
Node 1 MemUsed:          399452 kB
Node 1 Active:            49200 kB
Node 1 Inactive:          71372 kB
Node 1 Active(anon):      25352 kB
Node 1 Inactive(anon):      480 kB
Node 1 Active(file):      23848 kB
Node 1 Inactive(file):    70892 kB
Node 1 Unevictable:        5360 kB
Node 1 Mlocked:            5360 kB
Node 1 Dirty:                40 kB
Node 1 Writeback:             0 kB
Node 1 FilePages:        100984 kB
Node 1 Mapped:            23000 kB
Node 1 AnonPages:         25132 kB
Node 1 Shmem:               740 kB
Node 1 KernelStack:        1496 kB
Node 1 PageTables:          648 kB
Node 1 NFS_Unstable:          0 kB
Node 1 Bounce:                0 kB
Node 1 WritebackTmp:          0 kB
Node 1 KReclaimable:      18652 kB
Node 1 Slab:              52144 kB
Node 1 SReclaimable:      18652 kB
Node 1 SUnreclaim:        33492 kB
Node 1 AnonHugePages:         0 kB
Node 1 ShmemHugePages:        0 kB
Node 1 ShmemPmdMapped:        0 kB
Node 1 FileHugePages:        0 kB
Node 1 FilePmdMapped:        0 kB
Node 1 HugePages_Total:     0
Node 1 HugePages_Free:      0
Node 1 HugePages_Surp:      0

Load ZFS
Node 0 MemTotal:       24768352 kB
Node 0 MemFree:        24466956 kB
Node 0 MemUsed:          301396 kB
Node 0 Active:            62804 kB
Node 0 Inactive:          84868 kB
Node 0 Active(anon):      22792 kB
Node 0 Inactive(anon):      500 kB
Node 0 Active(file):      40012 kB
Node 0 Inactive(file):    84368 kB
Node 0 Unevictable:       13380 kB
Node 0 Mlocked:           13380 kB
Node 0 Dirty:               508 kB
Node 0 Writeback:             0 kB
Node 0 FilePages:        127836 kB
Node 0 Mapped:            49792 kB
Node 0 AnonPages:         33068 kB
Node 0 Shmem:               624 kB
Node 0 KernelStack:        2456 kB
Node 0 PageTables:         1452 kB
Node 0 NFS_Unstable:          0 kB
Node 0 Bounce:                0 kB
Node 0 WritebackTmp:          0 kB
Node 0 KReclaimable:      23384 kB
Node 0 Slab:              55628 kB
Node 0 SReclaimable:      23384 kB
Node 0 SUnreclaim:        32244 kB
Node 0 AnonHugePages:         0 kB
Node 0 ShmemHugePages:        0 kB
Node 0 ShmemPmdMapped:        0 kB
Node 0 FileHugePages:        0 kB
Node 0 FilePmdMapped:        0 kB
Node 0 HugePages_Total:     0
Node 0 HugePages_Free:      0
Node 0 HugePages_Surp:      0

Node 1 MemTotal:       24661580 kB
Node 1 MemFree:        24178696 kB
Node 1 MemUsed:          482884 kB
Node 1 Active:            59512 kB
Node 1 Inactive:         139896 kB
Node 1 Active(anon):      33716 kB
Node 1 Inactive(anon):      448 kB
Node 1 Active(file):      25796 kB
Node 1 Inactive(file):   139448 kB
Node 1 Unevictable:        5360 kB
Node 1 Mlocked:            5360 kB
Node 1 Dirty:                76 kB
Node 1 Writeback:             0 kB
Node 1 FilePages:        171248 kB
Node 1 Mapped:            24396 kB
Node 1 AnonPages:         33864 kB
Node 1 Shmem:               644 kB
Node 1 KernelStack:        1548 kB
Node 1 PageTables:          820 kB
Node 1 NFS_Unstable:          0 kB
Node 1 Bounce:                0 kB
Node 1 WritebackTmp:          0 kB
Node 1 KReclaimable:      19648 kB
Node 1 Slab:              56224 kB
Node 1 SReclaimable:      19648 kB
Node 1 SUnreclaim:        36576 kB
Node 1 AnonHugePages:         0 kB
Node 1 ShmemHugePages:        0 kB
Node 1 ShmemPmdMapped:        0 kB
Node 1 FileHugePages:        0 kB
Node 1 FilePmdMapped:        0 kB
Node 1 HugePages_Total:     0
Node 1 HugePages_Free:      0
Node 1 HugePages_Surp:      0

Import tank ZPool
Node 0 MemTotal:       24768352 kB
Node 0 MemFree:        24481596 kB
Node 0 MemUsed:          286756 kB
Node 0 Active:            48736 kB
Node 0 Inactive:          84504 kB
Node 0 Active(anon):       8364 kB
Node 0 Inactive(anon):      496 kB
Node 0 Active(file):      40372 kB
Node 0 Inactive(file):    84008 kB
Node 0 Unevictable:       13396 kB
Node 0 Mlocked:           13396 kB
Node 0 Dirty:                28 kB
Node 0 Writeback:             0 kB
Node 0 FilePages:        127828 kB
Node 0 Mapped:            47636 kB
Node 0 AnonPages:         18804 kB
Node 0 Shmem:               616 kB
Node 0 KernelStack:        2136 kB
Node 0 PageTables:          524 kB
Node 0 NFS_Unstable:          0 kB
Node 0 Bounce:                0 kB
Node 0 WritebackTmp:          0 kB
Node 0 KReclaimable:      23384 kB
Node 0 Slab:              56284 kB
Node 0 SReclaimable:      23384 kB
Node 0 SUnreclaim:        32900 kB
Node 0 AnonHugePages:         0 kB
Node 0 ShmemHugePages:        0 kB
Node 0 ShmemPmdMapped:        0 kB
Node 0 FileHugePages:        0 kB
Node 0 FilePmdMapped:        0 kB
Node 0 HugePages_Total:     0
Node 0 HugePages_Free:      0
Node 0 HugePages_Surp:      0

Node 1 MemTotal:       24661580 kB
Node 1 MemFree:        24166812 kB
Node 1 MemUsed:          494768 kB
Node 1 Active:            51660 kB
Node 1 Inactive:         141000 kB
Node 1 Active(anon):      25332 kB
Node 1 Inactive(anon):      456 kB
Node 1 Active(file):      26328 kB
Node 1 Inactive(file):   140544 kB
Node 1 Unevictable:        5360 kB
Node 1 Mlocked:            5360 kB
Node 1 Dirty:                32 kB
Node 1 Writeback:             0 kB
Node 1 FilePages:        172888 kB
Node 1 Mapped:            23164 kB
Node 1 AnonPages:         24772 kB
Node 1 Shmem:               652 kB
Node 1 KernelStack:        2584 kB
Node 1 PageTables:          700 kB
Node 1 NFS_Unstable:          0 kB
Node 1 Bounce:                0 kB
Node 1 WritebackTmp:          0 kB
Node 1 KReclaimable:      19776 kB
Node 1 Slab:              62288 kB
Node 1 SReclaimable:      19776 kB
Node 1 SUnreclaim:        42512 kB
Node 1 AnonHugePages:         0 kB
Node 1 ShmemHugePages:        0 kB
Node 1 ShmemPmdMapped:        0 kB
Node 1 FileHugePages:        0 kB
Node 1 FilePmdMapped:        0 kB
Node 1 HugePages_Total:     0
Node 1 HugePages_Free:      0
Node 1 HugePages_Surp:      0

After Test
Node 0 MemTotal:       24768352 kB
Node 0 MemFree:        21907840 kB
Node 0 MemUsed:         2860512 kB
Node 0 Active:            49840 kB
Node 0 Inactive:          85748 kB
Node 0 Active(anon):       8684 kB
Node 0 Inactive(anon):      524 kB
Node 0 Active(file):      41156 kB
Node 0 Inactive(file):    85224 kB
Node 0 Unevictable:       13396 kB
Node 0 Mlocked:           13396 kB
Node 0 Dirty:                32 kB
Node 0 Writeback:             0 kB
Node 0 FilePages:        129872 kB
Node 0 Mapped:            47824 kB
Node 0 AnonPages:         18916 kB
Node 0 Shmem:               660 kB
Node 0 KernelStack:        2072 kB
Node 0 PageTables:          720 kB
Node 0 NFS_Unstable:          0 kB
Node 0 Bounce:                0 kB
Node 0 WritebackTmp:          0 kB
Node 0 KReclaimable:      24680 kB
Node 0 Slab:              70144 kB
Node 0 SReclaimable:      24680 kB
Node 0 SUnreclaim:        45464 kB
Node 0 AnonHugePages:         0 kB
Node 0 ShmemHugePages:        0 kB
Node 0 ShmemPmdMapped:        0 kB
Node 0 FileHugePages:        0 kB
Node 0 FilePmdMapped:        0 kB
Node 0 HugePages_Total:     0
Node 0 HugePages_Free:      0
Node 0 HugePages_Surp:      0

Node 1 MemTotal:       24661580 kB
Node 1 MemFree:        23809040 kB
Node 1 MemUsed:          852540 kB
Node 1 Active:            51300 kB
Node 1 Inactive:         140676 kB
Node 1 Active(anon):      24612 kB
Node 1 Inactive(anon):      456 kB
Node 1 Active(file):      26688 kB
Node 1 Inactive(file):   140220 kB
Node 1 Unevictable:        5360 kB
Node 1 Mlocked:            5360 kB
Node 1 Dirty:                 8 kB
Node 1 Writeback:             0 kB
Node 1 FilePages:        172920 kB
Node 1 Mapped:            22904 kB
Node 1 AnonPages:         24416 kB
Node 1 Shmem:               652 kB
Node 1 KernelStack:        2552 kB
Node 1 PageTables:          588 kB
Node 1 NFS_Unstable:          0 kB
Node 1 Bounce:                0 kB
Node 1 WritebackTmp:          0 kB
Node 1 KReclaimable:      19860 kB
Node 1 Slab:              63624 kB
Node 1 SReclaimable:      19860 kB
Node 1 SUnreclaim:        43764 kB
Node 1 AnonHugePages:         0 kB
Node 1 ShmemHugePages:        0 kB
Node 1 ShmemPmdMapped:        0 kB
Node 1 FileHugePages:        0 kB
Node 1 FilePmdMapped:        0 kB
Node 1 HugePages_Total:     0
Node 1 HugePages_Free:      0
Node 1 HugePages_Surp:      0

After Opposite Node
Node 0 MemTotal:       24768352 kB
Node 0 MemFree:        21908464 kB
Node 0 MemUsed:         2859888 kB
Node 0 Active:            49852 kB
Node 0 Inactive:          85528 kB
Node 0 Active(anon):       8492 kB
Node 0 Inactive(anon):      488 kB
Node 0 Active(file):      41360 kB
Node 0 Inactive(file):    85040 kB
Node 0 Unevictable:       13396 kB
Node 0 Mlocked:           13396 kB
Node 0 Dirty:               108 kB
Node 0 Writeback:             0 kB
Node 0 FilePages:        129848 kB
Node 0 Mapped:            47756 kB
Node 0 AnonPages:         18924 kB
Node 0 Shmem:               616 kB
Node 0 KernelStack:        2056 kB
Node 0 PageTables:          524 kB
Node 0 NFS_Unstable:          0 kB
Node 0 Bounce:                0 kB
Node 0 WritebackTmp:          0 kB
Node 0 KReclaimable:      24684 kB
Node 0 Slab:              70124 kB
Node 0 SReclaimable:      24684 kB
Node 0 SUnreclaim:        45440 kB
Node 0 AnonHugePages:         0 kB
Node 0 ShmemHugePages:        0 kB
Node 0 ShmemPmdMapped:        0 kB
Node 0 FileHugePages:        0 kB
Node 0 FilePmdMapped:        0 kB
Node 0 HugePages_Total:     0
Node 0 HugePages_Free:      0
Node 0 HugePages_Surp:      0

Node 1 MemTotal:       24661580 kB
Node 1 MemFree:        23810668 kB
Node 1 MemUsed:          850912 kB
Node 1 Active:            51536 kB
Node 1 Inactive:         140728 kB
Node 1 Active(anon):      24832 kB
Node 1 Inactive(anon):      500 kB
Node 1 Active(file):      26704 kB
Node 1 Inactive(file):   140228 kB
Node 1 Unevictable:        5360 kB
Node 1 Mlocked:            5360 kB
Node 1 Dirty:                20 kB
Node 1 Writeback:             0 kB
Node 1 FilePages:        172988 kB
Node 1 Mapped:            22948 kB
Node 1 AnonPages:         24424 kB
Node 1 Shmem:               696 kB
Node 1 KernelStack:        2552 kB
Node 1 PageTables:          788 kB
Node 1 NFS_Unstable:          0 kB
Node 1 Bounce:                0 kB
Node 1 WritebackTmp:          0 kB
Node 1 KReclaimable:      19932 kB
Node 1 Slab:              63864 kB
Node 1 SReclaimable:      19932 kB
Node 1 SUnreclaim:        43932 kB
Node 1 AnonHugePages:         0 kB
Node 1 ShmemHugePages:        0 kB
Node 1 ShmemPmdMapped:        0 kB
Node 1 FileHugePages:        0 kB
Node 1 FilePmdMapped:        0 kB
Node 1 HugePages_Total:     0
Node 1 HugePages_Free:      0
Node 1 HugePages_Surp:      0

B.0.8Mfio.2G.2.O Complete!
