B.0.4Mfio.250M.1.O
Begin
Node 0 MemTotal:       24768352 kB
Node 0 MemFree:        24469708 kB
Node 0 MemUsed:          298644 kB
Node 0 Active:            38624 kB
Node 0 Inactive:         111968 kB
Node 0 Active(anon):      14344 kB
Node 0 Inactive(anon):      332 kB
Node 0 Active(file):      24280 kB
Node 0 Inactive(file):   111636 kB
Node 0 Unevictable:        4844 kB
Node 0 Mlocked:            4844 kB
Node 0 Dirty:               148 kB
Node 0 Writeback:             0 kB
Node 0 FilePages:        141252 kB
Node 0 Mapped:            62268 kB
Node 0 AnonPages:         14196 kB
Node 0 Shmem:               492 kB
Node 0 KernelStack:        1896 kB
Node 0 PageTables:          572 kB
Node 0 NFS_Unstable:          0 kB
Node 0 Bounce:                0 kB
Node 0 WritebackTmp:          0 kB
Node 0 KReclaimable:      23624 kB
Node 0 Slab:              56612 kB
Node 0 SReclaimable:      23624 kB
Node 0 SUnreclaim:        32988 kB
Node 0 AnonHugePages:         0 kB
Node 0 ShmemHugePages:        0 kB
Node 0 ShmemPmdMapped:        0 kB
Node 0 FileHugePages:        0 kB
Node 0 FilePmdMapped:        0 kB
Node 0 HugePages_Total:     0
Node 0 HugePages_Free:      0
Node 0 HugePages_Surp:      0

Node 1 MemTotal:       24661580 kB
Node 1 MemFree:        24297280 kB
Node 1 MemUsed:          364300 kB
Node 1 Active:            56372 kB
Node 1 Inactive:          27420 kB
Node 1 Active(anon):      19616 kB
Node 1 Inactive(anon):      544 kB
Node 1 Active(file):      36756 kB
Node 1 Inactive(file):    26876 kB
Node 1 Unevictable:       13676 kB
Node 1 Mlocked:           13676 kB
Node 1 Dirty:               284 kB
Node 1 Writeback:             0 kB
Node 1 FilePages:         67776 kB
Node 1 Mapped:            20212 kB
Node 1 AnonPages:         29708 kB
Node 1 Shmem:               776 kB
Node 1 KernelStack:        1688 kB
Node 1 PageTables:          568 kB
Node 1 NFS_Unstable:          0 kB
Node 1 Bounce:                0 kB
Node 1 WritebackTmp:          0 kB
Node 1 KReclaimable:      18876 kB
Node 1 Slab:              51952 kB
Node 1 SReclaimable:      18876 kB
Node 1 SUnreclaim:        33076 kB
Node 1 AnonHugePages:         0 kB
Node 1 ShmemHugePages:        0 kB
Node 1 ShmemPmdMapped:        0 kB
Node 1 FileHugePages:        0 kB
Node 1 FilePmdMapped:        0 kB
Node 1 HugePages_Total:     0
Node 1 HugePages_Free:      0
Node 1 HugePages_Surp:      0

Load ZFS
Node 0 MemTotal:       24768352 kB
Node 0 MemFree:        24442252 kB
Node 0 MemUsed:          326100 kB
Node 0 Active:            54616 kB
Node 0 Inactive:         118540 kB
Node 0 Active(anon):      28672 kB
Node 0 Inactive(anon):      508 kB
Node 0 Active(file):      25944 kB
Node 0 Inactive(file):   118032 kB
Node 0 Unevictable:        4844 kB
Node 0 Mlocked:            4844 kB
Node 0 Dirty:               508 kB
Node 0 Writeback:             0 kB
Node 0 FilePages:        149468 kB
Node 0 Mapped:            64812 kB
Node 0 AnonPages:         28560 kB
Node 0 Shmem:               652 kB
Node 0 KernelStack:        2116 kB
Node 0 PageTables:         1048 kB
Node 0 NFS_Unstable:          0 kB
Node 0 Bounce:                0 kB
Node 0 WritebackTmp:          0 kB
Node 0 KReclaimable:      24244 kB
Node 0 Slab:              59976 kB
Node 0 SReclaimable:      24244 kB
Node 0 SUnreclaim:        35732 kB
Node 0 AnonHugePages:         0 kB
Node 0 ShmemHugePages:        0 kB
Node 0 ShmemPmdMapped:        0 kB
Node 0 FileHugePages:        0 kB
Node 0 FilePmdMapped:        0 kB
Node 0 HugePages_Total:     0
Node 0 HugePages_Free:      0
Node 0 HugePages_Surp:      0

Node 1 MemTotal:       24661580 kB
Node 1 MemFree:        24179704 kB
Node 1 MemUsed:          481876 kB
Node 1 Active:            69204 kB
Node 1 Inactive:         124340 kB
Node 1 Active(anon):      31552 kB
Node 1 Inactive(anon):      436 kB
Node 1 Active(file):      37652 kB
Node 1 Inactive(file):   123904 kB
Node 1 Unevictable:       13892 kB
Node 1 Mlocked:           13892 kB
Node 1 Dirty:                92 kB
Node 1 Writeback:             0 kB
Node 1 FilePages:        165524 kB
Node 1 Mapped:            22088 kB
Node 1 AnonPages:         41624 kB
Node 1 Shmem:               616 kB
Node 1 KernelStack:        2120 kB
Node 1 PageTables:         1592 kB
Node 1 NFS_Unstable:          0 kB
Node 1 Bounce:                0 kB
Node 1 WritebackTmp:          0 kB
Node 1 KReclaimable:      19840 kB
Node 1 Slab:              55508 kB
Node 1 SReclaimable:      19840 kB
Node 1 SUnreclaim:        35668 kB
Node 1 AnonHugePages:         0 kB
Node 1 ShmemHugePages:        0 kB
Node 1 ShmemPmdMapped:        0 kB
Node 1 FileHugePages:        0 kB
Node 1 FilePmdMapped:        0 kB
Node 1 HugePages_Total:     0
Node 1 HugePages_Free:      0
Node 1 HugePages_Surp:      0

Import tank ZPool
Node 0 MemTotal:       24768352 kB
Node 0 MemFree:        24435780 kB
Node 0 MemUsed:          332572 kB
Node 0 Active:            55444 kB
Node 0 Inactive:         119672 kB
Node 0 Active(anon):      28904 kB
Node 0 Inactive(anon):      512 kB
Node 0 Active(file):      26540 kB
Node 0 Inactive(file):   119160 kB
Node 0 Unevictable:        4844 kB
Node 0 Mlocked:            4844 kB
Node 0 Dirty:               200 kB
Node 0 Writeback:             0 kB
Node 0 FilePages:        150904 kB
Node 0 Mapped:            65004 kB
Node 0 AnonPages:         28524 kB
Node 0 Shmem:               652 kB
Node 0 KernelStack:        2072 kB
Node 0 PageTables:         1092 kB
Node 0 NFS_Unstable:          0 kB
Node 0 Bounce:                0 kB
Node 0 WritebackTmp:          0 kB
Node 0 KReclaimable:      24376 kB
Node 0 Slab:              65196 kB
Node 0 SReclaimable:      24376 kB
Node 0 SUnreclaim:        40820 kB
Node 0 AnonHugePages:         0 kB
Node 0 ShmemHugePages:        0 kB
Node 0 ShmemPmdMapped:        0 kB
Node 0 FileHugePages:        0 kB
Node 0 FilePmdMapped:        0 kB
Node 0 HugePages_Total:     0
Node 0 HugePages_Free:      0
Node 0 HugePages_Surp:      0

Node 1 MemTotal:       24661580 kB
Node 1 MemFree:        24165632 kB
Node 1 MemUsed:          495948 kB
Node 1 Active:            68976 kB
Node 1 Inactive:         124388 kB
Node 1 Active(anon):      31304 kB
Node 1 Inactive(anon):      436 kB
Node 1 Active(file):      37672 kB
Node 1 Inactive(file):   123952 kB
Node 1 Unevictable:       13908 kB
Node 1 Mlocked:           13908 kB
Node 1 Dirty:                36 kB
Node 1 Writeback:             0 kB
Node 1 FilePages:        165608 kB
Node 1 Mapped:            21816 kB
Node 1 AnonPages:         41680 kB
Node 1 Shmem:               616 kB
Node 1 KernelStack:        3176 kB
Node 1 PageTables:         1564 kB
Node 1 NFS_Unstable:          0 kB
Node 1 Bounce:                0 kB
Node 1 WritebackTmp:          0 kB
Node 1 KReclaimable:      19848 kB
Node 1 Slab:              57652 kB
Node 1 SReclaimable:      19848 kB
Node 1 SUnreclaim:        37804 kB
Node 1 AnonHugePages:         0 kB
Node 1 ShmemHugePages:        0 kB
Node 1 ShmemPmdMapped:        0 kB
Node 1 FileHugePages:        0 kB
Node 1 FilePmdMapped:        0 kB
Node 1 HugePages_Total:     0
Node 1 HugePages_Free:      0
Node 1 HugePages_Surp:      0

After Test
Node 0 MemTotal:       24768352 kB
Node 0 MemFree:        24144680 kB
Node 0 MemUsed:          623672 kB
Node 0 Active:            42564 kB
Node 0 Inactive:         120368 kB
Node 0 Active(anon):      14932 kB
Node 0 Inactive(anon):      540 kB
Node 0 Active(file):      27632 kB
Node 0 Inactive(file):   119828 kB
Node 0 Unevictable:        4844 kB
Node 0 Mlocked:            4844 kB
Node 0 Dirty:               200 kB
Node 0 Writeback:             0 kB
Node 0 FilePages:        152996 kB
Node 0 Mapped:            62712 kB
Node 0 AnonPages:         14636 kB
Node 0 Shmem:               696 kB
Node 0 KernelStack:        1944 kB
Node 0 PageTables:          724 kB
Node 0 NFS_Unstable:          0 kB
Node 0 Bounce:                0 kB
Node 0 WritebackTmp:          0 kB
Node 0 KReclaimable:      25680 kB
Node 0 Slab:              68356 kB
Node 0 SReclaimable:      25680 kB
Node 0 SUnreclaim:        42676 kB
Node 0 AnonHugePages:         0 kB
Node 0 ShmemHugePages:        0 kB
Node 0 ShmemPmdMapped:        0 kB
Node 0 FileHugePages:        0 kB
Node 0 FilePmdMapped:        0 kB
Node 0 HugePages_Total:     0
Node 0 HugePages_Free:      0
Node 0 HugePages_Surp:      0

Node 1 MemTotal:       24661580 kB
Node 1 MemFree:        23949788 kB
Node 1 MemUsed:          711792 kB
Node 1 Active:            56580 kB
Node 1 Inactive:         124056 kB
Node 1 Active(anon):      18560 kB
Node 1 Inactive(anon):      436 kB
Node 1 Active(file):      38020 kB
Node 1 Inactive(file):   123620 kB
Node 1 Unevictable:       13908 kB
Node 1 Mlocked:           13908 kB
Node 1 Dirty:                24 kB
Node 1 Writeback:             0 kB
Node 1 FilePages:        165608 kB
Node 1 Mapped:            20312 kB
Node 1 AnonPages:         28936 kB
Node 1 Shmem:               616 kB
Node 1 KernelStack:        2776 kB
Node 1 PageTables:          572 kB
Node 1 NFS_Unstable:          0 kB
Node 1 Bounce:                0 kB
Node 1 WritebackTmp:          0 kB
Node 1 KReclaimable:      19848 kB
Node 1 Slab:              58168 kB
Node 1 SReclaimable:      19848 kB
Node 1 SUnreclaim:        38320 kB
Node 1 AnonHugePages:         0 kB
Node 1 ShmemHugePages:        0 kB
Node 1 ShmemPmdMapped:        0 kB
Node 1 FileHugePages:        0 kB
Node 1 FilePmdMapped:        0 kB
Node 1 HugePages_Total:     0
Node 1 HugePages_Free:      0
Node 1 HugePages_Surp:      0

After Opposite Node
Node 0 MemTotal:       24768352 kB
Node 0 MemFree:        24144924 kB
Node 0 MemUsed:          623428 kB
Node 0 Active:            42580 kB
Node 0 Inactive:         120224 kB
Node 0 Active(anon):      14748 kB
Node 0 Inactive(anon):      504 kB
Node 0 Active(file):      27832 kB
Node 0 Inactive(file):   119720 kB
Node 0 Unevictable:        4844 kB
Node 0 Mlocked:            4844 kB
Node 0 Dirty:               212 kB
Node 0 Writeback:             0 kB
Node 0 FilePages:        153044 kB
Node 0 Mapped:            62668 kB
Node 0 AnonPages:         14600 kB
Node 0 Shmem:               652 kB
Node 0 KernelStack:        1928 kB
Node 0 PageTables:          612 kB
Node 0 NFS_Unstable:          0 kB
Node 0 Bounce:                0 kB
Node 0 WritebackTmp:          0 kB
Node 0 KReclaimable:      25684 kB
Node 0 Slab:              68344 kB
Node 0 SReclaimable:      25684 kB
Node 0 SUnreclaim:        42660 kB
Node 0 AnonHugePages:         0 kB
Node 0 ShmemHugePages:        0 kB
Node 0 ShmemPmdMapped:        0 kB
Node 0 FileHugePages:        0 kB
Node 0 FilePmdMapped:        0 kB
Node 0 HugePages_Total:     0
Node 0 HugePages_Free:      0
Node 0 HugePages_Surp:      0

Node 1 MemTotal:       24661580 kB
Node 1 MemFree:        23949248 kB
Node 1 MemUsed:          712332 kB
Node 1 Active:            56748 kB
Node 1 Inactive:         124088 kB
Node 1 Active(anon):      18724 kB
Node 1 Inactive(anon):      460 kB
Node 1 Active(file):      38024 kB
Node 1 Inactive(file):   123628 kB
Node 1 Unevictable:       13908 kB
Node 1 Mlocked:           13908 kB
Node 1 Dirty:                24 kB
Node 1 Writeback:             0 kB
Node 1 FilePages:        165664 kB
Node 1 Mapped:            20356 kB
Node 1 AnonPages:         28996 kB
Node 1 Shmem:               660 kB
Node 1 KernelStack:        2792 kB
Node 1 PageTables:          692 kB
Node 1 NFS_Unstable:          0 kB
Node 1 Bounce:                0 kB
Node 1 WritebackTmp:          0 kB
Node 1 KReclaimable:      19884 kB
Node 1 Slab:              58360 kB
Node 1 SReclaimable:      19884 kB
Node 1 SUnreclaim:        38476 kB
Node 1 AnonHugePages:         0 kB
Node 1 ShmemHugePages:        0 kB
Node 1 ShmemPmdMapped:        0 kB
Node 1 FileHugePages:        0 kB
Node 1 FilePmdMapped:        0 kB
Node 1 HugePages_Total:     0
Node 1 HugePages_Free:      0
Node 1 HugePages_Surp:      0

B.0.4Mfio.250M.1.O Complete!
