U.0.fio.~1G.7
Begin
Node 0 MemTotal:       24743552 kB
Node 0 MemFree:        24477024 kB
Node 0 MemUsed:          266528 kB
Node 0 Active:            58452 kB
Node 0 Inactive:          51400 kB
Node 0 Active(anon):      21912 kB
Node 0 Inactive(anon):      312 kB
Node 0 Active(file):      36540 kB
Node 0 Inactive(file):    51088 kB
Node 0 Unevictable:       12876 kB
Node 0 Mlocked:           12876 kB
Node 0 Dirty:                36 kB
Node 0 Writeback:             0 kB
Node 0 FilePages:         90760 kB
Node 0 Mapped:            45680 kB
Node 0 AnonPages:         31972 kB
Node 0 Shmem:               452 kB
Node 0 KernelStack:        1928 kB
Node 0 PageTables:          708 kB
Node 0 NFS_Unstable:          0 kB
Node 0 Bounce:                0 kB
Node 0 WritebackTmp:          0 kB
Node 0 KReclaimable:      24016 kB
Node 0 Slab:              60872 kB
Node 0 SReclaimable:      24016 kB
Node 0 SUnreclaim:        36856 kB
Node 0 AnonHugePages:         0 kB
Node 0 ShmemHugePages:        0 kB
Node 0 ShmemPmdMapped:        0 kB
Node 0 FileHugePages:        0 kB
Node 0 FilePmdMapped:        0 kB
Node 0 HugePages_Total:     0
Node 0 HugePages_Free:      0
Node 0 HugePages_Surp:      0

Node 1 MemTotal:       24686196 kB
Node 1 MemFree:        24328360 kB
Node 1 MemUsed:          357836 kB
Node 1 Active:            39216 kB
Node 1 Inactive:          50684 kB
Node 1 Active(anon):      12540 kB
Node 1 Inactive(anon):      528 kB
Node 1 Active(file):      26676 kB
Node 1 Inactive(file):    50156 kB
Node 1 Unevictable:        5520 kB
Node 1 Mlocked:            5520 kB
Node 1 Dirty:               360 kB
Node 1 Writeback:             0 kB
Node 1 FilePages:         83136 kB
Node 1 Mapped:            16772 kB
Node 1 AnonPages:         12336 kB
Node 1 Shmem:               732 kB
Node 1 KernelStack:        1624 kB
Node 1 PageTables:          456 kB
Node 1 NFS_Unstable:          0 kB
Node 1 Bounce:                0 kB
Node 1 WritebackTmp:          0 kB
Node 1 KReclaimable:      17092 kB
Node 1 Slab:              43380 kB
Node 1 SReclaimable:      17092 kB
Node 1 SUnreclaim:        26288 kB
Node 1 AnonHugePages:         0 kB
Node 1 ShmemHugePages:        0 kB
Node 1 ShmemPmdMapped:        0 kB
Node 1 FileHugePages:        0 kB
Node 1 FilePmdMapped:        0 kB
Node 1 HugePages_Total:     0
Node 1 HugePages_Free:      0
Node 1 HugePages_Surp:      0

Load ZFS
Node 0 MemTotal:       24743552 kB
Node 0 MemFree:        24477024 kB
Node 0 MemUsed:          266528 kB
Node 0 Active:            58452 kB
Node 0 Inactive:          51400 kB
Node 0 Active(anon):      21912 kB
Node 0 Inactive(anon):      312 kB
Node 0 Active(file):      36540 kB
Node 0 Inactive(file):    51088 kB
Node 0 Unevictable:       12876 kB
Node 0 Mlocked:           12876 kB
Node 0 Dirty:                36 kB
Node 0 Writeback:             0 kB
Node 0 FilePages:         90760 kB
Node 0 Mapped:            45680 kB
Node 0 AnonPages:         31972 kB
Node 0 Shmem:               452 kB
Node 0 KernelStack:        1928 kB
Node 0 PageTables:          708 kB
Node 0 NFS_Unstable:          0 kB
Node 0 Bounce:                0 kB
Node 0 WritebackTmp:          0 kB
Node 0 KReclaimable:      24016 kB
Node 0 Slab:              60872 kB
Node 0 SReclaimable:      24016 kB
Node 0 SUnreclaim:        36856 kB
Node 0 AnonHugePages:         0 kB
Node 0 ShmemHugePages:        0 kB
Node 0 ShmemPmdMapped:        0 kB
Node 0 FileHugePages:        0 kB
Node 0 FilePmdMapped:        0 kB
Node 0 HugePages_Total:     0
Node 0 HugePages_Free:      0
Node 0 HugePages_Surp:      0

Node 1 MemTotal:       24686196 kB
Node 1 MemFree:        24328032 kB
Node 1 MemUsed:          358164 kB
Node 1 Active:            39216 kB
Node 1 Inactive:          50684 kB
Node 1 Active(anon):      12540 kB
Node 1 Inactive(anon):      528 kB
Node 1 Active(file):      26676 kB
Node 1 Inactive(file):    50156 kB
Node 1 Unevictable:        5520 kB
Node 1 Mlocked:            5520 kB
Node 1 Dirty:               360 kB
Node 1 Writeback:             0 kB
Node 1 FilePages:         83136 kB
Node 1 Mapped:            16772 kB
Node 1 AnonPages:         12484 kB
Node 1 Shmem:               732 kB
Node 1 KernelStack:        1624 kB
Node 1 PageTables:          456 kB
Node 1 NFS_Unstable:          0 kB
Node 1 Bounce:                0 kB
Node 1 WritebackTmp:          0 kB
Node 1 KReclaimable:      17092 kB
Node 1 Slab:              43672 kB
Node 1 SReclaimable:      17092 kB
Node 1 SUnreclaim:        26580 kB
Node 1 AnonHugePages:         0 kB
Node 1 ShmemHugePages:        0 kB
Node 1 ShmemPmdMapped:        0 kB
Node 1 FileHugePages:        0 kB
Node 1 FilePmdMapped:        0 kB
Node 1 HugePages_Total:     0
Node 1 HugePages_Free:      0
Node 1 HugePages_Surp:      0

Import tank ZPool
Node 0 MemTotal:       24743552 kB
Node 0 MemFree:        24478008 kB
Node 0 MemUsed:          265544 kB
Node 0 Active:            58520 kB
Node 0 Inactive:          51400 kB
Node 0 Active(anon):      21980 kB
Node 0 Inactive(anon):      312 kB
Node 0 Active(file):      36540 kB
Node 0 Inactive(file):    51088 kB
Node 0 Unevictable:       12876 kB
Node 0 Mlocked:           12876 kB
Node 0 Dirty:                44 kB
Node 0 Writeback:             0 kB
Node 0 FilePages:         90792 kB
Node 0 Mapped:            45748 kB
Node 0 AnonPages:         32080 kB
Node 0 Shmem:               452 kB
Node 0 KernelStack:        1928 kB
Node 0 PageTables:          712 kB
Node 0 NFS_Unstable:          0 kB
Node 0 Bounce:                0 kB
Node 0 WritebackTmp:          0 kB
Node 0 KReclaimable:      24016 kB
Node 0 Slab:              60908 kB
Node 0 SReclaimable:      24016 kB
Node 0 SUnreclaim:        36892 kB
Node 0 AnonHugePages:         0 kB
Node 0 ShmemHugePages:        0 kB
Node 0 ShmemPmdMapped:        0 kB
Node 0 FileHugePages:        0 kB
Node 0 FilePmdMapped:        0 kB
Node 0 HugePages_Total:     0
Node 0 HugePages_Free:      0
Node 0 HugePages_Surp:      0

Node 1 MemTotal:       24686196 kB
Node 1 MemFree:        24309252 kB
Node 1 MemUsed:          376944 kB
Node 1 Active:            40128 kB
Node 1 Inactive:          52104 kB
Node 1 Active(anon):      13016 kB
Node 1 Inactive(anon):      532 kB
Node 1 Active(file):      27112 kB
Node 1 Inactive(file):    51572 kB
Node 1 Unevictable:        5520 kB
Node 1 Mlocked:            5520 kB
Node 1 Dirty:               388 kB
Node 1 Writeback:             0 kB
Node 1 FilePages:         84952 kB
Node 1 Mapped:            16904 kB
Node 1 AnonPages:         12824 kB
Node 1 Shmem:               736 kB
Node 1 KernelStack:        2824 kB
Node 1 PageTables:          564 kB
Node 1 NFS_Unstable:          0 kB
Node 1 Bounce:                0 kB
Node 1 WritebackTmp:          0 kB
Node 1 KReclaimable:      17628 kB
Node 1 Slab:              52508 kB
Node 1 SReclaimable:      17628 kB
Node 1 SUnreclaim:        34880 kB
Node 1 AnonHugePages:         0 kB
Node 1 ShmemHugePages:        0 kB
Node 1 ShmemPmdMapped:        0 kB
Node 1 FileHugePages:        0 kB
Node 1 FilePmdMapped:        0 kB
Node 1 HugePages_Total:     0
Node 1 HugePages_Free:      0
Node 1 HugePages_Surp:      0

After Test
Node 0 MemTotal:       24743552 kB
Node 0 MemFree:        23139340 kB
Node 0 MemUsed:         1604212 kB
Node 0 Active:            59064 kB
Node 0 Inactive:          52588 kB
Node 0 Active(anon):      21668 kB
Node 0 Inactive(anon):      348 kB
Node 0 Active(file):      37396 kB
Node 0 Inactive(file):    52240 kB
Node 0 Unevictable:       12876 kB
Node 0 Mlocked:           12876 kB
Node 0 Dirty:                20 kB
Node 0 Writeback:             0 kB
Node 0 FilePages:         92808 kB
Node 0 Mapped:            45808 kB
Node 0 AnonPages:         31588 kB
Node 0 Shmem:               496 kB
Node 0 KernelStack:        1960 kB
Node 0 PageTables:          820 kB
Node 0 NFS_Unstable:          0 kB
Node 0 Bounce:                0 kB
Node 0 WritebackTmp:          0 kB
Node 0 KReclaimable:      25336 kB
Node 0 Slab:              70828 kB
Node 0 SReclaimable:      25336 kB
Node 0 SUnreclaim:        45492 kB
Node 0 AnonHugePages:         0 kB
Node 0 ShmemHugePages:        0 kB
Node 0 ShmemPmdMapped:        0 kB
Node 0 FileHugePages:        0 kB
Node 0 FilePmdMapped:        0 kB
Node 0 HugePages_Total:     0
Node 0 HugePages_Free:      0
Node 0 HugePages_Surp:      0

Node 1 MemTotal:       24686196 kB
Node 1 MemFree:        24196796 kB
Node 1 MemUsed:          489400 kB
Node 1 Active:            42180 kB
Node 1 Inactive:          52660 kB
Node 1 Active(anon):      14352 kB
Node 1 Inactive(anon):      532 kB
Node 1 Active(file):      27828 kB
Node 1 Inactive(file):    52128 kB
Node 1 Unevictable:        5520 kB
Node 1 Mlocked:            5520 kB
Node 1 Dirty:                 8 kB
Node 1 Writeback:             0 kB
Node 1 FilePages:         86208 kB
Node 1 Mapped:            17492 kB
Node 1 AnonPages:         14148 kB
Node 1 Shmem:               736 kB
Node 1 KernelStack:        2840 kB
Node 1 PageTables:          568 kB
Node 1 NFS_Unstable:          0 kB
Node 1 Bounce:                0 kB
Node 1 WritebackTmp:          0 kB
Node 1 KReclaimable:      18024 kB
Node 1 Slab:              53488 kB
Node 1 SReclaimable:      18024 kB
Node 1 SUnreclaim:        35464 kB
Node 1 AnonHugePages:         0 kB
Node 1 ShmemHugePages:        0 kB
Node 1 ShmemPmdMapped:        0 kB
Node 1 FileHugePages:        0 kB
Node 1 FilePmdMapped:        0 kB
Node 1 HugePages_Total:     0
Node 1 HugePages_Free:      0
Node 1 HugePages_Surp:      0

U.0.fio.~1G.7 Complete!
