U.0.fio.~1G.4
Begin
Node 0 MemTotal:       24743560 kB
Node 0 MemFree:        24486884 kB
Node 0 MemUsed:          256676 kB
Node 0 Active:            47900 kB
Node 0 Inactive:          48008 kB
Node 0 Active(anon):      23012 kB
Node 0 Inactive(anon):      480 kB
Node 0 Active(file):      24888 kB
Node 0 Inactive(file):    47528 kB
Node 0 Unevictable:       17996 kB
Node 0 Mlocked:           17996 kB
Node 0 Dirty:               332 kB
Node 0 Writeback:             0 kB
Node 0 FilePages:         80912 kB
Node 0 Mapped:            21572 kB
Node 0 AnonPages:         33032 kB
Node 0 Shmem:               704 kB
Node 0 KernelStack:        2104 kB
Node 0 PageTables:          668 kB
Node 0 NFS_Unstable:          0 kB
Node 0 Bounce:                0 kB
Node 0 WritebackTmp:          0 kB
Node 0 KReclaimable:      20160 kB
Node 0 Slab:              60016 kB
Node 0 SReclaimable:      20160 kB
Node 0 SUnreclaim:        39856 kB
Node 0 AnonHugePages:         0 kB
Node 0 ShmemHugePages:        0 kB
Node 0 ShmemPmdMapped:        0 kB
Node 0 FileHugePages:        0 kB
Node 0 FilePmdMapped:        0 kB
Node 0 HugePages_Total:     0
Node 0 HugePages_Free:      0
Node 0 HugePages_Surp:      0

Node 1 MemTotal:       24686196 kB
Node 1 MemFree:        24311708 kB
Node 1 MemUsed:          374488 kB
Node 1 Active:            50852 kB
Node 1 Inactive:          55280 kB
Node 1 Active(anon):      11576 kB
Node 1 Inactive(anon):      368 kB
Node 1 Active(file):      39276 kB
Node 1 Inactive(file):    54912 kB
Node 1 Unevictable:         400 kB
Node 1 Mlocked:             400 kB
Node 1 Dirty:                72 kB
Node 1 Writeback:             0 kB
Node 1 FilePages:         95216 kB
Node 1 Mapped:            43204 kB
Node 1 AnonPages:         11520 kB
Node 1 Shmem:               480 kB
Node 1 KernelStack:        1432 kB
Node 1 PageTables:          404 kB
Node 1 NFS_Unstable:          0 kB
Node 1 Bounce:                0 kB
Node 1 WritebackTmp:          0 kB
Node 1 KReclaimable:      21824 kB
Node 1 Slab:              46704 kB
Node 1 SReclaimable:      21824 kB
Node 1 SUnreclaim:        24880 kB
Node 1 AnonHugePages:         0 kB
Node 1 ShmemHugePages:        0 kB
Node 1 ShmemPmdMapped:        0 kB
Node 1 FileHugePages:        0 kB
Node 1 FilePmdMapped:        0 kB
Node 1 HugePages_Total:     0
Node 1 HugePages_Free:      0
Node 1 HugePages_Surp:      0

Load ZFS
Node 0 MemTotal:       24743560 kB
Node 0 MemFree:        24486884 kB
Node 0 MemUsed:          256676 kB
Node 0 Active:            47900 kB
Node 0 Inactive:          48008 kB
Node 0 Active(anon):      23012 kB
Node 0 Inactive(anon):      480 kB
Node 0 Active(file):      24888 kB
Node 0 Inactive(file):    47528 kB
Node 0 Unevictable:       17996 kB
Node 0 Mlocked:           17996 kB
Node 0 Dirty:               332 kB
Node 0 Writeback:             0 kB
Node 0 FilePages:         80912 kB
Node 0 Mapped:            21572 kB
Node 0 AnonPages:         33032 kB
Node 0 Shmem:               704 kB
Node 0 KernelStack:        2104 kB
Node 0 PageTables:          668 kB
Node 0 NFS_Unstable:          0 kB
Node 0 Bounce:                0 kB
Node 0 WritebackTmp:          0 kB
Node 0 KReclaimable:      20160 kB
Node 0 Slab:              60016 kB
Node 0 SReclaimable:      20160 kB
Node 0 SUnreclaim:        39856 kB
Node 0 AnonHugePages:         0 kB
Node 0 ShmemHugePages:        0 kB
Node 0 ShmemPmdMapped:        0 kB
Node 0 FileHugePages:        0 kB
Node 0 FilePmdMapped:        0 kB
Node 0 HugePages_Total:     0
Node 0 HugePages_Free:      0
Node 0 HugePages_Surp:      0

Node 1 MemTotal:       24686196 kB
Node 1 MemFree:        24311708 kB
Node 1 MemUsed:          374488 kB
Node 1 Active:            50852 kB
Node 1 Inactive:          55280 kB
Node 1 Active(anon):      11576 kB
Node 1 Inactive(anon):      368 kB
Node 1 Active(file):      39276 kB
Node 1 Inactive(file):    54912 kB
Node 1 Unevictable:         400 kB
Node 1 Mlocked:             400 kB
Node 1 Dirty:                72 kB
Node 1 Writeback:             0 kB
Node 1 FilePages:         95216 kB
Node 1 Mapped:            43204 kB
Node 1 AnonPages:         11232 kB
Node 1 Shmem:               480 kB
Node 1 KernelStack:        1432 kB
Node 1 PageTables:          404 kB
Node 1 NFS_Unstable:          0 kB
Node 1 Bounce:                0 kB
Node 1 WritebackTmp:          0 kB
Node 1 KReclaimable:      21824 kB
Node 1 Slab:              46704 kB
Node 1 SReclaimable:      21824 kB
Node 1 SUnreclaim:        24880 kB
Node 1 AnonHugePages:         0 kB
Node 1 ShmemHugePages:        0 kB
Node 1 ShmemPmdMapped:        0 kB
Node 1 FileHugePages:        0 kB
Node 1 FilePmdMapped:        0 kB
Node 1 HugePages_Total:     0
Node 1 HugePages_Free:      0
Node 1 HugePages_Surp:      0

Import tank ZPool
Node 0 MemTotal:       24743560 kB
Node 0 MemFree:        24486916 kB
Node 0 MemUsed:          256644 kB
Node 0 Active:            48308 kB
Node 0 Inactive:          48012 kB
Node 0 Active(anon):      23420 kB
Node 0 Inactive(anon):      480 kB
Node 0 Active(file):      24888 kB
Node 0 Inactive(file):    47532 kB
Node 0 Unevictable:       17996 kB
Node 0 Mlocked:           17996 kB
Node 0 Dirty:               332 kB
Node 0 Writeback:             0 kB
Node 0 FilePages:         80916 kB
Node 0 Mapped:            21772 kB
Node 0 AnonPages:         33452 kB
Node 0 Shmem:               704 kB
Node 0 KernelStack:        2216 kB
Node 0 PageTables:          776 kB
Node 0 NFS_Unstable:          0 kB
Node 0 Bounce:                0 kB
Node 0 WritebackTmp:          0 kB
Node 0 KReclaimable:      20160 kB
Node 0 Slab:              60488 kB
Node 0 SReclaimable:      20160 kB
Node 0 SUnreclaim:        40328 kB
Node 0 AnonHugePages:         0 kB
Node 0 ShmemHugePages:        0 kB
Node 0 ShmemPmdMapped:        0 kB
Node 0 FileHugePages:        0 kB
Node 0 FilePmdMapped:        0 kB
Node 0 HugePages_Total:     0
Node 0 HugePages_Free:      0
Node 0 HugePages_Surp:      0

Node 1 MemTotal:       24686196 kB
Node 1 MemFree:        24290792 kB
Node 1 MemUsed:          395404 kB
Node 1 Active:            51440 kB
Node 1 Inactive:          56824 kB
Node 1 Active(anon):      11792 kB
Node 1 Inactive(anon):      372 kB
Node 1 Active(file):      39648 kB
Node 1 Inactive(file):    56452 kB
Node 1 Unevictable:         400 kB
Node 1 Mlocked:             400 kB
Node 1 Dirty:                96 kB
Node 1 Writeback:             0 kB
Node 1 FilePages:         97040 kB
Node 1 Mapped:            43164 kB
Node 1 AnonPages:         11776 kB
Node 1 Shmem:               484 kB
Node 1 KernelStack:        2600 kB
Node 1 PageTables:          488 kB
Node 1 NFS_Unstable:          0 kB
Node 1 Bounce:                0 kB
Node 1 WritebackTmp:          0 kB
Node 1 KReclaimable:      22288 kB
Node 1 Slab:              55624 kB
Node 1 SReclaimable:      22288 kB
Node 1 SUnreclaim:        33336 kB
Node 1 AnonHugePages:         0 kB
Node 1 ShmemHugePages:        0 kB
Node 1 ShmemPmdMapped:        0 kB
Node 1 FileHugePages:        0 kB
Node 1 FilePmdMapped:        0 kB
Node 1 HugePages_Total:     0
Node 1 HugePages_Free:      0
Node 1 HugePages_Surp:      0

After Test
Node 0 MemTotal:       24743560 kB
Node 0 MemFree:        23174428 kB
Node 0 MemUsed:         1569132 kB
Node 0 Active:            48200 kB
Node 0 Inactive:          49180 kB
Node 0 Active(anon):      22508 kB
Node 0 Inactive(anon):      516 kB
Node 0 Active(file):      25692 kB
Node 0 Inactive(file):    48664 kB
Node 0 Unevictable:       17996 kB
Node 0 Mlocked:           17996 kB
Node 0 Dirty:                16 kB
Node 0 Writeback:             0 kB
Node 0 FilePages:         82896 kB
Node 0 Mapped:            21836 kB
Node 0 AnonPages:         32344 kB
Node 0 Shmem:               748 kB
Node 0 KernelStack:        2148 kB
Node 0 PageTables:          788 kB
Node 0 NFS_Unstable:          0 kB
Node 0 Bounce:                0 kB
Node 0 WritebackTmp:          0 kB
Node 0 KReclaimable:      21560 kB
Node 0 Slab:              70768 kB
Node 0 SReclaimable:      21560 kB
Node 0 SUnreclaim:        49208 kB
Node 0 AnonHugePages:         0 kB
Node 0 ShmemHugePages:        0 kB
Node 0 ShmemPmdMapped:        0 kB
Node 0 FileHugePages:        0 kB
Node 0 FilePmdMapped:        0 kB
Node 0 HugePages_Total:     0
Node 0 HugePages_Free:      0
Node 0 HugePages_Surp:      0

Node 1 MemTotal:       24686196 kB
Node 1 MemFree:        24161016 kB
Node 1 MemUsed:          525180 kB
Node 1 Active:            50672 kB
Node 1 Inactive:          56820 kB
Node 1 Active(anon):      10892 kB
Node 1 Inactive(anon):      372 kB
Node 1 Active(file):      39780 kB
Node 1 Inactive(file):    56448 kB
Node 1 Unevictable:         400 kB
Node 1 Mlocked:             400 kB
Node 1 Dirty:                12 kB
Node 1 Writeback:             0 kB
Node 1 FilePages:         97112 kB
Node 1 Mapped:            43164 kB
Node 1 AnonPages:         10780 kB
Node 1 Shmem:               484 kB
Node 1 KernelStack:        2584 kB
Node 1 PageTables:          440 kB
Node 1 NFS_Unstable:          0 kB
Node 1 Bounce:                0 kB
Node 1 WritebackTmp:          0 kB
Node 1 KReclaimable:      22336 kB
Node 1 Slab:              55324 kB
Node 1 SReclaimable:      22336 kB
Node 1 SUnreclaim:        32988 kB
Node 1 AnonHugePages:         0 kB
Node 1 ShmemHugePages:        0 kB
Node 1 ShmemPmdMapped:        0 kB
Node 1 FileHugePages:        0 kB
Node 1 FilePmdMapped:        0 kB
Node 1 HugePages_Total:     0
Node 1 HugePages_Free:      0
Node 1 HugePages_Surp:      0

U.0.fio.~1G.4 Complete!
