U.0.fio.~1G.6
Begin
Node 0 MemTotal:       24743552 kB
Node 0 MemFree:        24497756 kB
Node 0 MemUsed:          245796 kB
Node 0 Active:            31592 kB
Node 0 Inactive:          59404 kB
Node 0 Active(anon):      12428 kB
Node 0 Inactive(anon):      416 kB
Node 0 Active(file):      19164 kB
Node 0 Inactive(file):    58988 kB
Node 0 Unevictable:       13136 kB
Node 0 Mlocked:           13136 kB
Node 0 Dirty:                48 kB
Node 0 Writeback:             0 kB
Node 0 FilePages:         81784 kB
Node 0 Mapped:            45072 kB
Node 0 AnonPages:         22552 kB
Node 0 Shmem:               544 kB
Node 0 KernelStack:        1896 kB
Node 0 PageTables:          584 kB
Node 0 NFS_Unstable:          0 kB
Node 0 Bounce:                0 kB
Node 0 WritebackTmp:          0 kB
Node 0 KReclaimable:      23444 kB
Node 0 Slab:              57240 kB
Node 0 SReclaimable:      23444 kB
Node 0 SUnreclaim:        33796 kB
Node 0 AnonHugePages:         0 kB
Node 0 ShmemHugePages:        0 kB
Node 0 ShmemPmdMapped:        0 kB
Node 0 FileHugePages:        0 kB
Node 0 FilePmdMapped:        0 kB
Node 0 HugePages_Total:     0
Node 0 HugePages_Free:      0
Node 0 HugePages_Surp:      0

Node 1 MemTotal:       24686196 kB
Node 1 MemFree:        24293616 kB
Node 1 MemUsed:          392580 kB
Node 1 Active:            65776 kB
Node 1 Inactive:          57208 kB
Node 1 Active(anon):      21896 kB
Node 1 Inactive(anon):      424 kB
Node 1 Active(file):      43880 kB
Node 1 Inactive(file):    56784 kB
Node 1 Unevictable:        5260 kB
Node 1 Mlocked:            5260 kB
Node 1 Dirty:                44 kB
Node 1 Writeback:             0 kB
Node 1 FilePages:        106560 kB
Node 1 Mapped:            28704 kB
Node 1 AnonPages:         21756 kB
Node 1 Shmem:               640 kB
Node 1 KernelStack:        1672 kB
Node 1 PageTables:          684 kB
Node 1 NFS_Unstable:          0 kB
Node 1 Bounce:                0 kB
Node 1 WritebackTmp:          0 kB
Node 1 KReclaimable:      18184 kB
Node 1 Slab:              49592 kB
Node 1 SReclaimable:      18184 kB
Node 1 SUnreclaim:        31408 kB
Node 1 AnonHugePages:         0 kB
Node 1 ShmemHugePages:        0 kB
Node 1 ShmemPmdMapped:        0 kB
Node 1 FileHugePages:        0 kB
Node 1 FilePmdMapped:        0 kB
Node 1 HugePages_Total:     0
Node 1 HugePages_Free:      0
Node 1 HugePages_Surp:      0

Load ZFS
Node 0 MemTotal:       24743552 kB
Node 0 MemFree:        24497028 kB
Node 0 MemUsed:          246524 kB
Node 0 Active:            31592 kB
Node 0 Inactive:          59404 kB
Node 0 Active(anon):      12428 kB
Node 0 Inactive(anon):      416 kB
Node 0 Active(file):      19164 kB
Node 0 Inactive(file):    58988 kB
Node 0 Unevictable:       13136 kB
Node 0 Mlocked:           13136 kB
Node 0 Dirty:                48 kB
Node 0 Writeback:             0 kB
Node 0 FilePages:         81784 kB
Node 0 Mapped:            45072 kB
Node 0 AnonPages:         22700 kB
Node 0 Shmem:               544 kB
Node 0 KernelStack:        1896 kB
Node 0 PageTables:          584 kB
Node 0 NFS_Unstable:          0 kB
Node 0 Bounce:                0 kB
Node 0 WritebackTmp:          0 kB
Node 0 KReclaimable:      23444 kB
Node 0 Slab:              57540 kB
Node 0 SReclaimable:      23444 kB
Node 0 SUnreclaim:        34096 kB
Node 0 AnonHugePages:         0 kB
Node 0 ShmemHugePages:        0 kB
Node 0 ShmemPmdMapped:        0 kB
Node 0 FileHugePages:        0 kB
Node 0 FilePmdMapped:        0 kB
Node 0 HugePages_Total:     0
Node 0 HugePages_Free:      0
Node 0 HugePages_Surp:      0

Node 1 MemTotal:       24686196 kB
Node 1 MemFree:        24293616 kB
Node 1 MemUsed:          392580 kB
Node 1 Active:            65776 kB
Node 1 Inactive:          57208 kB
Node 1 Active(anon):      21896 kB
Node 1 Inactive(anon):      424 kB
Node 1 Active(file):      43880 kB
Node 1 Inactive(file):    56784 kB
Node 1 Unevictable:        5260 kB
Node 1 Mlocked:            5260 kB
Node 1 Dirty:                44 kB
Node 1 Writeback:             0 kB
Node 1 FilePages:        106560 kB
Node 1 Mapped:            28704 kB
Node 1 AnonPages:         21756 kB
Node 1 Shmem:               640 kB
Node 1 KernelStack:        1672 kB
Node 1 PageTables:          684 kB
Node 1 NFS_Unstable:          0 kB
Node 1 Bounce:                0 kB
Node 1 WritebackTmp:          0 kB
Node 1 KReclaimable:      18184 kB
Node 1 Slab:              49592 kB
Node 1 SReclaimable:      18184 kB
Node 1 SUnreclaim:        31408 kB
Node 1 AnonHugePages:         0 kB
Node 1 ShmemHugePages:        0 kB
Node 1 ShmemPmdMapped:        0 kB
Node 1 FileHugePages:        0 kB
Node 1 FilePmdMapped:        0 kB
Node 1 HugePages_Total:     0
Node 1 HugePages_Free:      0
Node 1 HugePages_Surp:      0

Import tank ZPool
Node 0 MemTotal:       24743552 kB
Node 0 MemFree:        24487152 kB
Node 0 MemUsed:          256400 kB
Node 0 Active:            32168 kB
Node 0 Inactive:          60948 kB
Node 0 Active(anon):      12660 kB
Node 0 Inactive(anon):      420 kB
Node 0 Active(file):      19508 kB
Node 0 Inactive(file):    60528 kB
Node 0 Unevictable:       13136 kB
Node 0 Mlocked:           13136 kB
Node 0 Dirty:                76 kB
Node 0 Writeback:             0 kB
Node 0 FilePages:         83568 kB
Node 0 Mapped:            45356 kB
Node 0 AnonPages:         22848 kB
Node 0 Shmem:               548 kB
Node 0 KernelStack:        3032 kB
Node 0 PageTables:          664 kB
Node 0 NFS_Unstable:          0 kB
Node 0 Bounce:                0 kB
Node 0 WritebackTmp:          0 kB
Node 0 KReclaimable:      23848 kB
Node 0 Slab:              65680 kB
Node 0 SReclaimable:      23848 kB
Node 0 SUnreclaim:        41832 kB
Node 0 AnonHugePages:         0 kB
Node 0 ShmemHugePages:        0 kB
Node 0 ShmemPmdMapped:        0 kB
Node 0 FileHugePages:        0 kB
Node 0 FilePmdMapped:        0 kB
Node 0 HugePages_Total:     0
Node 0 HugePages_Free:      0
Node 0 HugePages_Surp:      0

Node 1 MemTotal:       24686196 kB
Node 1 MemFree:        24281324 kB
Node 1 MemUsed:          404872 kB
Node 1 Active:            65848 kB
Node 1 Inactive:          57200 kB
Node 1 Active(anon):      21956 kB
Node 1 Inactive(anon):      424 kB
Node 1 Active(file):      43892 kB
Node 1 Inactive(file):    56776 kB
Node 1 Unevictable:        5260 kB
Node 1 Mlocked:            5260 kB
Node 1 Dirty:                52 kB
Node 1 Writeback:             0 kB
Node 1 FilePages:        106596 kB
Node 1 Mapped:            28924 kB
Node 1 AnonPages:         21796 kB
Node 1 Shmem:               640 kB
Node 1 KernelStack:        1720 kB
Node 1 PageTables:          684 kB
Node 1 NFS_Unstable:          0 kB
Node 1 Bounce:                0 kB
Node 1 WritebackTmp:          0 kB
Node 1 KReclaimable:      18184 kB
Node 1 Slab:              50976 kB
Node 1 SReclaimable:      18184 kB
Node 1 SUnreclaim:        32792 kB
Node 1 AnonHugePages:         0 kB
Node 1 ShmemHugePages:        0 kB
Node 1 ShmemPmdMapped:        0 kB
Node 1 FileHugePages:        0 kB
Node 1 FilePmdMapped:        0 kB
Node 1 HugePages_Total:     0
Node 1 HugePages_Free:      0
Node 1 HugePages_Surp:      0

After Test
Node 0 MemTotal:       24743552 kB
Node 0 MemFree:        23170552 kB
Node 0 MemUsed:         1573000 kB
Node 0 Active:            32572 kB
Node 0 Inactive:          62160 kB
Node 0 Active(anon):      12212 kB
Node 0 Inactive(anon):      464 kB
Node 0 Active(file):      20360 kB
Node 0 Inactive(file):    61696 kB
Node 0 Unevictable:       13136 kB
Node 0 Mlocked:           13136 kB
Node 0 Dirty:                12 kB
Node 0 Writeback:             0 kB
Node 0 FilePages:         85584 kB
Node 0 Mapped:            45352 kB
Node 0 AnonPages:         22152 kB
Node 0 Shmem:               592 kB
Node 0 KernelStack:        3048 kB
Node 0 PageTables:          784 kB
Node 0 NFS_Unstable:          0 kB
Node 0 Bounce:                0 kB
Node 0 WritebackTmp:          0 kB
Node 0 KReclaimable:      24988 kB
Node 0 Slab:              73724 kB
Node 0 SReclaimable:      24988 kB
Node 0 SUnreclaim:        48736 kB
Node 0 AnonHugePages:         0 kB
Node 0 ShmemHugePages:        0 kB
Node 0 ShmemPmdMapped:        0 kB
Node 0 FileHugePages:        0 kB
Node 0 FilePmdMapped:        0 kB
Node 0 HugePages_Total:     0
Node 0 HugePages_Free:      0
Node 0 HugePages_Surp:      0

Node 1 MemTotal:       24686196 kB
Node 1 MemFree:        24154408 kB
Node 1 MemUsed:          531788 kB
Node 1 Active:            65184 kB
Node 1 Inactive:          57160 kB
Node 1 Active(anon):      21196 kB
Node 1 Inactive(anon):      424 kB
Node 1 Active(file):      43988 kB
Node 1 Inactive(file):    56736 kB
Node 1 Unevictable:        5260 kB
Node 1 Mlocked:            5260 kB
Node 1 Dirty:                16 kB
Node 1 Writeback:             0 kB
Node 1 FilePages:        106620 kB
Node 1 Mapped:            28728 kB
Node 1 AnonPages:         20980 kB
Node 1 Shmem:               640 kB
Node 1 KernelStack:        1672 kB
Node 1 PageTables:          552 kB
Node 1 NFS_Unstable:          0 kB
Node 1 Bounce:                0 kB
Node 1 WritebackTmp:          0 kB
Node 1 KReclaimable:      18216 kB
Node 1 Slab:              51688 kB
Node 1 SReclaimable:      18216 kB
Node 1 SUnreclaim:        33472 kB
Node 1 AnonHugePages:         0 kB
Node 1 ShmemHugePages:        0 kB
Node 1 ShmemPmdMapped:        0 kB
Node 1 FileHugePages:        0 kB
Node 1 FilePmdMapped:        0 kB
Node 1 HugePages_Total:     0
Node 1 HugePages_Free:      0
Node 1 HugePages_Surp:      0

U.0.fio.~1G.6 Complete!
