B.1.fio.1-128K.1.O
Begin
Node 0 MemTotal:       24768352 kB
Node 0 MemFree:        24391748 kB
Node 0 MemUsed:          376604 kB
Node 0 Active:            44272 kB
Node 0 Inactive:          41108 kB
Node 0 Active(anon):      20464 kB
Node 0 Inactive(anon):      528 kB
Node 0 Active(file):      23808 kB
Node 0 Inactive(file):    40580 kB
Node 0 Unevictable:        4760 kB
Node 0 Mlocked:            4760 kB
Node 0 Dirty:                96 kB
Node 0 Writeback:             0 kB
Node 0 FilePages:         69944 kB
Node 0 Mapped:            28440 kB
Node 0 AnonPages:         20268 kB
Node 0 Shmem:               776 kB
Node 0 KernelStack:        2024 kB
Node 0 PageTables:          620 kB
Node 0 NFS_Unstable:          0 kB
Node 0 Bounce:                0 kB
Node 0 WritebackTmp:          0 kB
Node 0 KReclaimable:      22972 kB
Node 0 Slab:              61756 kB
Node 0 SReclaimable:      22972 kB
Node 0 SUnreclaim:        38784 kB
Node 0 AnonHugePages:         0 kB
Node 0 ShmemHugePages:        0 kB
Node 0 ShmemPmdMapped:        0 kB
Node 0 FileHugePages:        0 kB
Node 0 FilePmdMapped:        0 kB
Node 0 HugePages_Total:     0
Node 0 HugePages_Free:      0
Node 0 HugePages_Surp:      0

Node 1 MemTotal:       24661580 kB
Node 1 MemFree:        24370220 kB
Node 1 MemUsed:          291360 kB
Node 1 Active:            50284 kB
Node 1 Inactive:         105264 kB
Node 1 Active(anon):      13288 kB
Node 1 Inactive(anon):      344 kB
Node 1 Active(file):      36996 kB
Node 1 Inactive(file):   104920 kB
Node 1 Unevictable:       13760 kB
Node 1 Mlocked:           13760 kB
Node 1 Dirty:               120 kB
Node 1 Writeback:             0 kB
Node 1 FilePages:        145896 kB
Node 1 Mapped:            60588 kB
Node 1 AnonPages:         23484 kB
Node 1 Shmem:               492 kB
Node 1 KernelStack:        1576 kB
Node 1 PageTables:          632 kB
Node 1 NFS_Unstable:          0 kB
Node 1 Bounce:                0 kB
Node 1 WritebackTmp:          0 kB
Node 1 KReclaimable:      18512 kB
Node 1 Slab:              43260 kB
Node 1 SReclaimable:      18512 kB
Node 1 SUnreclaim:        24748 kB
Node 1 AnonHugePages:         0 kB
Node 1 ShmemHugePages:        0 kB
Node 1 ShmemPmdMapped:        0 kB
Node 1 FileHugePages:        0 kB
Node 1 FilePmdMapped:        0 kB
Node 1 HugePages_Total:     0
Node 1 HugePages_Free:      0
Node 1 HugePages_Surp:      0

Load ZFS
Node 0 MemTotal:       24768352 kB
Node 0 MemFree:        24272244 kB
Node 0 MemUsed:          496108 kB
Node 0 Active:            56808 kB
Node 0 Inactive:         142068 kB
Node 0 Active(anon):      31864 kB
Node 0 Inactive(anon):      364 kB
Node 0 Active(file):      24944 kB
Node 0 Inactive(file):   141704 kB
Node 0 Unevictable:        4760 kB
Node 0 Mlocked:            4760 kB
Node 0 Dirty:               228 kB
Node 0 Writeback:             0 kB
Node 0 FilePages:        172208 kB
Node 0 Mapped:            31908 kB
Node 0 AnonPages:         31812 kB
Node 0 Shmem:               516 kB
Node 0 KernelStack:        2480 kB
Node 0 PageTables:         1640 kB
Node 0 NFS_Unstable:          0 kB
Node 0 Bounce:                0 kB
Node 0 WritebackTmp:          0 kB
Node 0 KReclaimable:      24020 kB
Node 0 Slab:              66000 kB
Node 0 SReclaimable:      24020 kB
Node 0 SUnreclaim:        41980 kB
Node 0 AnonHugePages:         0 kB
Node 0 ShmemHugePages:        0 kB
Node 0 ShmemPmdMapped:        0 kB
Node 0 FileHugePages:        0 kB
Node 0 FilePmdMapped:        0 kB
Node 0 HugePages_Total:     0
Node 0 HugePages_Free:      0
Node 0 HugePages_Surp:      0

Node 1 MemTotal:       24661580 kB
Node 1 MemFree:        24344052 kB
Node 1 MemUsed:          317528 kB
Node 1 Active:            66480 kB
Node 1 Inactive:         107840 kB
Node 1 Active(anon):      28136 kB
Node 1 Inactive(anon):      576 kB
Node 1 Active(file):      38344 kB
Node 1 Inactive(file):   107264 kB
Node 1 Unevictable:       13960 kB
Node 1 Mlocked:           13960 kB
Node 1 Dirty:               372 kB
Node 1 Writeback:             0 kB
Node 1 FilePages:        149808 kB
Node 1 Mapped:            61472 kB
Node 1 AnonPages:         38868 kB
Node 1 Shmem:               752 kB
Node 1 KernelStack:        1892 kB
Node 1 PageTables:         1644 kB
Node 1 NFS_Unstable:          0 kB
Node 1 Bounce:                0 kB
Node 1 WritebackTmp:          0 kB
Node 1 KReclaimable:      19220 kB
Node 1 Slab:              46020 kB
Node 1 SReclaimable:      19220 kB
Node 1 SUnreclaim:        26800 kB
Node 1 AnonHugePages:         0 kB
Node 1 ShmemHugePages:        0 kB
Node 1 ShmemPmdMapped:        0 kB
Node 1 FileHugePages:        0 kB
Node 1 FilePmdMapped:        0 kB
Node 1 HugePages_Total:     0
Node 1 HugePages_Free:      0
Node 1 HugePages_Surp:      0

Import tank ZPool
Node 0 MemTotal:       24768352 kB
Node 0 MemFree:        24259516 kB
Node 0 MemUsed:          508836 kB
Node 0 Active:            56576 kB
Node 0 Inactive:         142076 kB
Node 0 Active(anon):      31620 kB
Node 0 Inactive(anon):      368 kB
Node 0 Active(file):      24956 kB
Node 0 Inactive(file):   141708 kB
Node 0 Unevictable:        4760 kB
Node 0 Mlocked:            4760 kB
Node 0 Dirty:               268 kB
Node 0 Writeback:             0 kB
Node 0 FilePages:        171948 kB
Node 0 Mapped:            31688 kB
Node 0 AnonPages:         31508 kB
Node 0 Shmem:               512 kB
Node 0 KernelStack:        3416 kB
Node 0 PageTables:         1216 kB
Node 0 NFS_Unstable:          0 kB
Node 0 Bounce:                0 kB
Node 0 WritebackTmp:          0 kB
Node 0 KReclaimable:      24068 kB
Node 0 Slab:              68184 kB
Node 0 SReclaimable:      24068 kB
Node 0 SUnreclaim:        44116 kB
Node 0 AnonHugePages:         0 kB
Node 0 ShmemHugePages:        0 kB
Node 0 ShmemPmdMapped:        0 kB
Node 0 FileHugePages:        0 kB
Node 0 FilePmdMapped:        0 kB
Node 0 HugePages_Total:     0
Node 0 HugePages_Free:      0
Node 0 HugePages_Surp:      0

Node 1 MemTotal:       24661580 kB
Node 1 MemFree:        24337720 kB
Node 1 MemUsed:          323860 kB
Node 1 Active:            67088 kB
Node 1 Inactive:         109136 kB
Node 1 Active(anon):      28180 kB
Node 1 Inactive(anon):      580 kB
Node 1 Active(file):      38908 kB
Node 1 Inactive(file):   108556 kB
Node 1 Unevictable:       13992 kB
Node 1 Mlocked:           13992 kB
Node 1 Dirty:               456 kB
Node 1 Writeback:             0 kB
Node 1 FilePages:        151428 kB
Node 1 Mapped:            61696 kB
Node 1 AnonPages:         38504 kB
Node 1 Shmem:               756 kB
Node 1 KernelStack:        1848 kB
Node 1 PageTables:         1544 kB
Node 1 NFS_Unstable:          0 kB
Node 1 Bounce:                0 kB
Node 1 WritebackTmp:          0 kB
Node 1 KReclaimable:      19320 kB
Node 1 Slab:              51316 kB
Node 1 SReclaimable:      19320 kB
Node 1 SUnreclaim:        31996 kB
Node 1 AnonHugePages:         0 kB
Node 1 ShmemHugePages:        0 kB
Node 1 ShmemPmdMapped:        0 kB
Node 1 FileHugePages:        0 kB
Node 1 FilePmdMapped:        0 kB
Node 1 HugePages_Total:     0
Node 1 HugePages_Free:      0
Node 1 HugePages_Surp:      0

After Test
Node 0 MemTotal:       24768352 kB
Node 0 MemFree:        24258508 kB
Node 0 MemUsed:          509844 kB
Node 0 Active:            56536 kB
Node 0 Inactive:         142028 kB
Node 0 Active(anon):      31508 kB
Node 0 Inactive(anon):      360 kB
Node 0 Active(file):      25028 kB
Node 0 Inactive(file):   141668 kB
Node 0 Unevictable:        4760 kB
Node 0 Mlocked:            4760 kB
Node 0 Dirty:               272 kB
Node 0 Writeback:             0 kB
Node 0 FilePages:        171964 kB
Node 0 Mapped:            31588 kB
Node 0 AnonPages:         31356 kB
Node 0 Shmem:               512 kB
Node 0 KernelStack:        3384 kB
Node 0 PageTables:         1216 kB
Node 0 NFS_Unstable:          0 kB
Node 0 Bounce:                0 kB
Node 0 WritebackTmp:          0 kB
Node 0 KReclaimable:      24068 kB
Node 0 Slab:              68176 kB
Node 0 SReclaimable:      24068 kB
Node 0 SUnreclaim:        44108 kB
Node 0 AnonHugePages:         0 kB
Node 0 ShmemHugePages:        0 kB
Node 0 ShmemPmdMapped:        0 kB
Node 0 FileHugePages:        0 kB
Node 0 FilePmdMapped:        0 kB
Node 0 HugePages_Total:     0
Node 0 HugePages_Free:      0
Node 0 HugePages_Surp:      0

Node 1 MemTotal:       24661580 kB
Node 1 MemFree:        24331812 kB
Node 1 MemUsed:          329768 kB
Node 1 Active:            67816 kB
Node 1 Inactive:         110112 kB
Node 1 Active(anon):      27856 kB
Node 1 Inactive(anon):      604 kB
Node 1 Active(file):      39960 kB
Node 1 Inactive(file):   109508 kB
Node 1 Unevictable:       13992 kB
Node 1 Mlocked:           13992 kB
Node 1 Dirty:               480 kB
Node 1 Writeback:             0 kB
Node 1 FilePages:        153704 kB
Node 1 Mapped:            61832 kB
Node 1 AnonPages:         38128 kB
Node 1 Shmem:               800 kB
Node 1 KernelStack:        1864 kB
Node 1 PageTables:         1584 kB
Node 1 NFS_Unstable:          0 kB
Node 1 Bounce:                0 kB
Node 1 WritebackTmp:          0 kB
Node 1 KReclaimable:      20640 kB
Node 1 Slab:              52808 kB
Node 1 SReclaimable:      20640 kB
Node 1 SUnreclaim:        32168 kB
Node 1 AnonHugePages:         0 kB
Node 1 ShmemHugePages:        0 kB
Node 1 ShmemPmdMapped:        0 kB
Node 1 FileHugePages:        0 kB
Node 1 FilePmdMapped:        0 kB
Node 1 HugePages_Total:     0
Node 1 HugePages_Free:      0
Node 1 HugePages_Surp:      0

After Opposite Node
Node 0 MemTotal:       24768352 kB
Node 0 MemFree:        24256148 kB
Node 0 MemUsed:          512204 kB
Node 0 Active:            56692 kB
Node 0 Inactive:         142064 kB
Node 0 Active(anon):      31660 kB
Node 0 Inactive(anon):      388 kB
Node 0 Active(file):      25032 kB
Node 0 Inactive(file):   141676 kB
Node 0 Unevictable:        4760 kB
Node 0 Mlocked:            4760 kB
Node 0 Dirty:               280 kB
Node 0 Writeback:             0 kB
Node 0 FilePages:        172020 kB
Node 0 Mapped:            31632 kB
Node 0 AnonPages:         31396 kB
Node 0 Shmem:               556 kB
Node 0 KernelStack:        3400 kB
Node 0 PageTables:         1328 kB
Node 0 NFS_Unstable:          0 kB
Node 0 Bounce:                0 kB
Node 0 WritebackTmp:          0 kB
Node 0 KReclaimable:      24116 kB
Node 0 Slab:              68396 kB
Node 0 SReclaimable:      24116 kB
Node 0 SUnreclaim:        44280 kB
Node 0 AnonHugePages:         0 kB
Node 0 ShmemHugePages:        0 kB
Node 0 ShmemPmdMapped:        0 kB
Node 0 FileHugePages:        0 kB
Node 0 FilePmdMapped:        0 kB
Node 0 HugePages_Total:     0
Node 0 HugePages_Free:      0
Node 0 HugePages_Surp:      0

Node 1 MemTotal:       24661580 kB
Node 1 MemFree:        24332616 kB
Node 1 MemUsed:          328964 kB
Node 1 Active:            67872 kB
Node 1 Inactive:         109892 kB
Node 1 Active(anon):      27696 kB
Node 1 Inactive(anon):      580 kB
Node 1 Active(file):      40176 kB
Node 1 Inactive(file):   109312 kB
Node 1 Unevictable:       13992 kB
Node 1 Mlocked:           13992 kB
Node 1 Dirty:               500 kB
Node 1 Writeback:             0 kB
Node 1 FilePages:        153680 kB
Node 1 Mapped:            61784 kB
Node 1 AnonPages:         38076 kB
Node 1 Shmem:               756 kB
Node 1 KernelStack:        1848 kB
Node 1 PageTables:         1464 kB
Node 1 NFS_Unstable:          0 kB
Node 1 Bounce:                0 kB
Node 1 WritebackTmp:          0 kB
Node 1 KReclaimable:      20640 kB
Node 1 Slab:              52812 kB
Node 1 SReclaimable:      20640 kB
Node 1 SUnreclaim:        32172 kB
Node 1 AnonHugePages:         0 kB
Node 1 ShmemHugePages:        0 kB
Node 1 ShmemPmdMapped:        0 kB
Node 1 FileHugePages:        0 kB
Node 1 FilePmdMapped:        0 kB
Node 1 HugePages_Total:     0
Node 1 HugePages_Free:      0
Node 1 HugePages_Surp:      0

B.1.fio.1-128K.1.O Complete!
