B.1.fio.2-1G.2.O
Begin
Node 0 MemTotal:       24768352 kB
Node 0 MemFree:        24539116 kB
Node 0 MemUsed:          229236 kB
Node 0 Active:            32616 kB
Node 0 Inactive:          53088 kB
Node 0 Active(anon):      13740 kB
Node 0 Inactive(anon):      552 kB
Node 0 Active(file):      18876 kB
Node 0 Inactive(file):    52536 kB
Node 0 Unevictable:       13556 kB
Node 0 Mlocked:           13556 kB
Node 0 Dirty:               408 kB
Node 0 Writeback:             0 kB
Node 0 FilePages:         75404 kB
Node 0 Mapped:            30244 kB
Node 0 AnonPages:         23896 kB
Node 0 Shmem:               752 kB
Node 0 KernelStack:        2152 kB
Node 0 PageTables:          516 kB
Node 0 NFS_Unstable:          0 kB
Node 0 Bounce:                0 kB
Node 0 WritebackTmp:          0 kB
Node 0 KReclaimable:      15760 kB
Node 0 Slab:              43992 kB
Node 0 SReclaimable:      15760 kB
Node 0 SUnreclaim:        28232 kB
Node 0 AnonHugePages:         0 kB
Node 0 ShmemHugePages:        0 kB
Node 0 ShmemPmdMapped:        0 kB
Node 0 FileHugePages:        0 kB
Node 0 FilePmdMapped:        0 kB
Node 0 HugePages_Total:     0
Node 0 HugePages_Free:      0
Node 0 HugePages_Surp:      0

Node 1 MemTotal:       24661580 kB
Node 1 MemFree:        24273484 kB
Node 1 MemUsed:          388096 kB
Node 1 Active:            62672 kB
Node 1 Inactive:          43124 kB
Node 1 Active(anon):      20228 kB
Node 1 Inactive(anon):      332 kB
Node 1 Active(file):      42444 kB
Node 1 Inactive(file):    42792 kB
Node 1 Unevictable:        4968 kB
Node 1 Mlocked:            4968 kB
Node 1 Dirty:               112 kB
Node 1 Writeback:             0 kB
Node 1 FilePages:         90716 kB
Node 1 Mapped:            22796 kB
Node 1 AnonPages:         20104 kB
Node 1 Shmem:               516 kB
Node 1 KernelStack:        1480 kB
Node 1 PageTables:          604 kB
Node 1 NFS_Unstable:          0 kB
Node 1 Bounce:                0 kB
Node 1 WritebackTmp:          0 kB
Node 1 KReclaimable:      25992 kB
Node 1 Slab:              62168 kB
Node 1 SReclaimable:      25992 kB
Node 1 SUnreclaim:        36176 kB
Node 1 AnonHugePages:         0 kB
Node 1 ShmemHugePages:        0 kB
Node 1 ShmemPmdMapped:        0 kB
Node 1 FileHugePages:        0 kB
Node 1 FilePmdMapped:        0 kB
Node 1 HugePages_Total:     0
Node 1 HugePages_Free:      0
Node 1 HugePages_Surp:      0

Load ZFS
Node 0 MemTotal:       24768352 kB
Node 0 MemFree:        24488796 kB
Node 0 MemUsed:          279556 kB
Node 0 Active:            44820 kB
Node 0 Inactive:          86480 kB
Node 0 Active(anon):      24280 kB
Node 0 Inactive(anon):      412 kB
Node 0 Active(file):      20540 kB
Node 0 Inactive(file):    86068 kB
Node 0 Unevictable:       13740 kB
Node 0 Mlocked:           13740 kB
Node 0 Dirty:               444 kB
Node 0 Writeback:             0 kB
Node 0 FilePages:        110360 kB
Node 0 Mapped:            33196 kB
Node 0 AnonPages:         34732 kB
Node 0 Shmem:               524 kB
Node 0 KernelStack:        2356 kB
Node 0 PageTables:         1380 kB
Node 0 NFS_Unstable:          0 kB
Node 0 Bounce:                0 kB
Node 0 WritebackTmp:          0 kB
Node 0 KReclaimable:      16432 kB
Node 0 Slab:              46660 kB
Node 0 SReclaimable:      16432 kB
Node 0 SUnreclaim:        30228 kB
Node 0 AnonHugePages:         0 kB
Node 0 ShmemHugePages:        0 kB
Node 0 ShmemPmdMapped:        0 kB
Node 0 FileHugePages:        0 kB
Node 0 FilePmdMapped:        0 kB
Node 0 HugePages_Total:     0
Node 0 HugePages_Free:      0
Node 0 HugePages_Surp:      0

Node 1 MemTotal:       24661580 kB
Node 1 MemFree:        24178712 kB
Node 1 MemUsed:          482868 kB
Node 1 Active:            78988 kB
Node 1 Inactive:         113340 kB
Node 1 Active(anon):      35576 kB
Node 1 Inactive(anon):      524 kB
Node 1 Active(file):      43412 kB
Node 1 Inactive(file):   112816 kB
Node 1 Unevictable:        4968 kB
Node 1 Mlocked:            4968 kB
Node 1 Dirty:               112 kB
Node 1 Writeback:             0 kB
Node 1 FilePages:        161936 kB
Node 1 Mapped:            24428 kB
Node 1 AnonPages:         35504 kB
Node 1 Shmem:               744 kB
Node 1 KernelStack:        2132 kB
Node 1 PageTables:         2084 kB
Node 1 NFS_Unstable:          0 kB
Node 1 Bounce:                0 kB
Node 1 WritebackTmp:          0 kB
Node 1 KReclaimable:      26912 kB
Node 1 Slab:              66536 kB
Node 1 SReclaimable:      26912 kB
Node 1 SUnreclaim:        39624 kB
Node 1 AnonHugePages:         0 kB
Node 1 ShmemHugePages:        0 kB
Node 1 ShmemPmdMapped:        0 kB
Node 1 FileHugePages:        0 kB
Node 1 FilePmdMapped:        0 kB
Node 1 HugePages_Total:     0
Node 1 HugePages_Free:      0
Node 1 HugePages_Surp:      0

Import tank ZPool
Node 0 MemTotal:       24768352 kB
Node 0 MemFree:        24483408 kB
Node 0 MemUsed:          284944 kB
Node 0 Active:            44740 kB
Node 0 Inactive:          87464 kB
Node 0 Active(anon):      24088 kB
Node 0 Inactive(anon):      420 kB
Node 0 Active(file):      20652 kB
Node 0 Inactive(file):    87044 kB
Node 0 Unevictable:       13788 kB
Node 0 Mlocked:           13788 kB
Node 0 Dirty:               524 kB
Node 0 Writeback:             0 kB
Node 0 FilePages:        111460 kB
Node 0 Mapped:            32760 kB
Node 0 AnonPages:         34476 kB
Node 0 Shmem:               528 kB
Node 0 KernelStack:        2184 kB
Node 0 PageTables:          876 kB
Node 0 NFS_Unstable:          0 kB
Node 0 Bounce:                0 kB
Node 0 WritebackTmp:          0 kB
Node 0 KReclaimable:      16564 kB
Node 0 Slab:              51516 kB
Node 0 SReclaimable:      16564 kB
Node 0 SUnreclaim:        34952 kB
Node 0 AnonHugePages:         0 kB
Node 0 ShmemHugePages:        0 kB
Node 0 ShmemPmdMapped:        0 kB
Node 0 FileHugePages:        0 kB
Node 0 FilePmdMapped:        0 kB
Node 0 HugePages_Total:     0
Node 0 HugePages_Free:      0
Node 0 HugePages_Surp:      0

Node 1 MemTotal:       24661580 kB
Node 1 MemFree:        24167120 kB
Node 1 MemUsed:          494460 kB
Node 1 Active:            78280 kB
Node 1 Inactive:         113344 kB
Node 1 Active(anon):      34948 kB
Node 1 Inactive(anon):      528 kB
Node 1 Active(file):      43332 kB
Node 1 Inactive(file):   112816 kB
Node 1 Unevictable:        4968 kB
Node 1 Mlocked:            4968 kB
Node 1 Dirty:               112 kB
Node 1 Writeback:             0 kB
Node 1 FilePages:        161852 kB
Node 1 Mapped:            24352 kB
Node 1 AnonPages:         34736 kB
Node 1 Shmem:               740 kB
Node 1 KernelStack:        3144 kB
Node 1 PageTables:         1924 kB
Node 1 NFS_Unstable:          0 kB
Node 1 Bounce:                0 kB
Node 1 WritebackTmp:          0 kB
Node 1 KReclaimable:      26920 kB
Node 1 Slab:              68548 kB
Node 1 SReclaimable:      26920 kB
Node 1 SUnreclaim:        41628 kB
Node 1 AnonHugePages:         0 kB
Node 1 ShmemHugePages:        0 kB
Node 1 ShmemPmdMapped:        0 kB
Node 1 FileHugePages:        0 kB
Node 1 FilePmdMapped:        0 kB
Node 1 HugePages_Total:     0
Node 1 HugePages_Free:      0
Node 1 HugePages_Surp:      0

After Test
Node 0 MemTotal:       24768352 kB
Node 0 MemFree:        23475364 kB
Node 0 MemUsed:         1292988 kB
Node 0 Active:            35360 kB
Node 0 Inactive:          87132 kB
Node 0 Active(anon):      14128 kB
Node 0 Inactive(anon):      412 kB
Node 0 Active(file):      21232 kB
Node 0 Inactive(file):    86720 kB
Node 0 Unevictable:       13788 kB
Node 0 Mlocked:           13788 kB
Node 0 Dirty:               480 kB
Node 0 Writeback:             0 kB
Node 0 FilePages:        111708 kB
Node 0 Mapped:            30260 kB
Node 0 AnonPages:         24572 kB
Node 0 Shmem:               528 kB
Node 0 KernelStack:        2120 kB
Node 0 PageTables:          552 kB
Node 0 NFS_Unstable:          0 kB
Node 0 Bounce:                0 kB
Node 0 WritebackTmp:          0 kB
Node 0 KReclaimable:      16564 kB
Node 0 Slab:              51904 kB
Node 0 SReclaimable:      16564 kB
Node 0 SUnreclaim:        35340 kB
Node 0 AnonHugePages:         0 kB
Node 0 ShmemHugePages:        0 kB
Node 0 ShmemPmdMapped:        0 kB
Node 0 FileHugePages:        0 kB
Node 0 FilePmdMapped:        0 kB
Node 0 HugePages_Total:     0
Node 0 HugePages_Free:      0
Node 0 HugePages_Surp:      0

Node 1 MemTotal:       24661580 kB
Node 1 MemFree:        23324592 kB
Node 1 MemUsed:         1336988 kB
Node 1 Active:            64132 kB
Node 1 Inactive:         114032 kB
Node 1 Active(anon):      19452 kB
Node 1 Inactive(anon):      572 kB
Node 1 Active(file):      44680 kB
Node 1 Inactive(file):   113460 kB
Node 1 Unevictable:        4968 kB
Node 1 Mlocked:            4968 kB
Node 1 Dirty:                24 kB
Node 1 Writeback:             0 kB
Node 1 FilePages:        163888 kB
Node 1 Mapped:            23100 kB
Node 1 AnonPages:         19108 kB
Node 1 Shmem:               784 kB
Node 1 KernelStack:        2632 kB
Node 1 PageTables:          708 kB
Node 1 NFS_Unstable:          0 kB
Node 1 Bounce:                0 kB
Node 1 WritebackTmp:          0 kB
Node 1 KReclaimable:      28332 kB
Node 1 Slab:              79620 kB
Node 1 SReclaimable:      28332 kB
Node 1 SUnreclaim:        51288 kB
Node 1 AnonHugePages:         0 kB
Node 1 ShmemHugePages:        0 kB
Node 1 ShmemPmdMapped:        0 kB
Node 1 FileHugePages:        0 kB
Node 1 FilePmdMapped:        0 kB
Node 1 HugePages_Total:     0
Node 1 HugePages_Free:      0
Node 1 HugePages_Surp:      0

After Opposite Node
Node 0 MemTotal:       24768352 kB
Node 0 MemFree:        23473732 kB
Node 0 MemUsed:         1294620 kB
Node 0 Active:            35596 kB
Node 0 Inactive:          87164 kB
Node 0 Active(anon):      14336 kB
Node 0 Inactive(anon):      448 kB
Node 0 Active(file):      21260 kB
Node 0 Inactive(file):    86716 kB
Node 0 Unevictable:       13788 kB
Node 0 Mlocked:           13788 kB
Node 0 Dirty:               524 kB
Node 0 Writeback:             0 kB
Node 0 FilePages:        111776 kB
Node 0 Mapped:            30308 kB
Node 0 AnonPages:         24636 kB
Node 0 Shmem:               572 kB
Node 0 KernelStack:        2104 kB
Node 0 PageTables:          664 kB
Node 0 NFS_Unstable:          0 kB
Node 0 Bounce:                0 kB
Node 0 WritebackTmp:          0 kB
Node 0 KReclaimable:      16604 kB
Node 0 Slab:              52456 kB
Node 0 SReclaimable:      16604 kB
Node 0 SUnreclaim:        35852 kB
Node 0 AnonHugePages:         0 kB
Node 0 ShmemHugePages:        0 kB
Node 0 ShmemPmdMapped:        0 kB
Node 0 FileHugePages:        0 kB
Node 0 FilePmdMapped:        0 kB
Node 0 HugePages_Total:     0
Node 0 HugePages_Free:      0
Node 0 HugePages_Surp:      0

Node 1 MemTotal:       24661580 kB
Node 1 MemFree:        23324236 kB
Node 1 MemUsed:         1337344 kB
Node 1 Active:            64012 kB
Node 1 Inactive:         113844 kB
Node 1 Active(anon):      19180 kB
Node 1 Inactive(anon):      528 kB
Node 1 Active(file):      44832 kB
Node 1 Inactive(file):   113316 kB
Node 1 Unevictable:        4968 kB
Node 1 Mlocked:            4968 kB
Node 1 Dirty:                32 kB
Node 1 Writeback:             0 kB
Node 1 FilePages:        163852 kB
Node 1 Mapped:            23048 kB
Node 1 AnonPages:         18968 kB
Node 1 Shmem:               740 kB
Node 1 KernelStack:        2584 kB
Node 1 PageTables:          524 kB
Node 1 NFS_Unstable:          0 kB
Node 1 Bounce:                0 kB
Node 1 WritebackTmp:          0 kB
Node 1 KReclaimable:      28380 kB
Node 1 Slab:              79676 kB
Node 1 SReclaimable:      28380 kB
Node 1 SUnreclaim:        51296 kB
Node 1 AnonHugePages:         0 kB
Node 1 ShmemHugePages:        0 kB
Node 1 ShmemPmdMapped:        0 kB
Node 1 FileHugePages:        0 kB
Node 1 FilePmdMapped:        0 kB
Node 1 HugePages_Total:     0
Node 1 HugePages_Free:      0
Node 1 HugePages_Surp:      0

B.1.fio.2-1G.2.O Complete!
