B.1.fio.2G.1.O
Begin
Node 0 MemTotal:       24768352 kB
Node 0 MemFree:        24375144 kB
Node 0 MemUsed:          393208 kB
Node 0 Active:            47820 kB
Node 0 Inactive:          64816 kB
Node 0 Active(anon):      25436 kB
Node 0 Inactive(anon):      332 kB
Node 0 Active(file):      22384 kB
Node 0 Inactive(file):    64484 kB
Node 0 Unevictable:        5764 kB
Node 0 Mlocked:            5764 kB
Node 0 Dirty:                60 kB
Node 0 Writeback:             0 kB
Node 0 FilePages:         93172 kB
Node 0 Mapped:            19564 kB
Node 0 AnonPages:         25280 kB
Node 0 Shmem:               544 kB
Node 0 KernelStack:        2184 kB
Node 0 PageTables:          572 kB
Node 0 NFS_Unstable:          0 kB
Node 0 Bounce:                0 kB
Node 0 WritebackTmp:          0 kB
Node 0 KReclaimable:      21140 kB
Node 0 Slab:              57044 kB
Node 0 SReclaimable:      21140 kB
Node 0 SUnreclaim:        35904 kB
Node 0 AnonHugePages:         0 kB
Node 0 ShmemHugePages:        0 kB
Node 0 ShmemPmdMapped:        0 kB
Node 0 FileHugePages:        0 kB
Node 0 FilePmdMapped:        0 kB
Node 0 HugePages_Total:     0
Node 0 HugePages_Free:      0
Node 0 HugePages_Surp:      0

Node 1 MemTotal:       24661580 kB
Node 1 MemFree:        24423908 kB
Node 1 MemUsed:          237672 kB
Node 1 Active:            47888 kB
Node 1 Inactive:          45244 kB
Node 1 Active(anon):       8492 kB
Node 1 Inactive(anon):      536 kB
Node 1 Active(file):      39396 kB
Node 1 Inactive(file):    44708 kB
Node 1 Unevictable:       12756 kB
Node 1 Mlocked:           12756 kB
Node 1 Dirty:               284 kB
Node 1 Writeback:             0 kB
Node 1 FilePages:         87260 kB
Node 1 Mapped:            42132 kB
Node 1 AnonPages:         18640 kB
Node 1 Shmem:               724 kB
Node 1 KernelStack:        1448 kB
Node 1 PageTables:          560 kB
Node 1 NFS_Unstable:          0 kB
Node 1 Bounce:                0 kB
Node 1 WritebackTmp:          0 kB
Node 1 KReclaimable:      19960 kB
Node 1 Slab:              47460 kB
Node 1 SReclaimable:      19960 kB
Node 1 SUnreclaim:        27500 kB
Node 1 AnonHugePages:         0 kB
Node 1 ShmemHugePages:        0 kB
Node 1 ShmemPmdMapped:        0 kB
Node 1 FileHugePages:        0 kB
Node 1 FilePmdMapped:        0 kB
Node 1 HugePages_Total:     0
Node 1 HugePages_Free:      0
Node 1 HugePages_Surp:      0

Load ZFS
Node 0 MemTotal:       24768352 kB
Node 0 MemFree:        24259236 kB
Node 0 MemUsed:          509116 kB
Node 0 Active:            65440 kB
Node 0 Inactive:         154380 kB
Node 0 Active(anon):      41628 kB
Node 0 Inactive(anon):      548 kB
Node 0 Active(file):      23812 kB
Node 0 Inactive(file):   153832 kB
Node 0 Unevictable:        5764 kB
Node 0 Mlocked:            5764 kB
Node 0 Dirty:                76 kB
Node 0 Writeback:             0 kB
Node 0 FilePages:        184136 kB
Node 0 Mapped:            22720 kB
Node 0 AnonPages:         41140 kB
Node 0 Shmem:               736 kB
Node 0 KernelStack:        2728 kB
Node 0 PageTables:         2052 kB
Node 0 NFS_Unstable:          0 kB
Node 0 Bounce:                0 kB
Node 0 WritebackTmp:          0 kB
Node 0 KReclaimable:      21896 kB
Node 0 Slab:              61112 kB
Node 0 SReclaimable:      21896 kB
Node 0 SUnreclaim:        39216 kB
Node 0 AnonHugePages:         0 kB
Node 0 ShmemHugePages:        0 kB
Node 0 ShmemPmdMapped:        0 kB
Node 0 FileHugePages:        0 kB
Node 0 FilePmdMapped:        0 kB
Node 0 HugePages_Total:     0
Node 0 HugePages_Free:      0
Node 0 HugePages_Surp:      0

Node 1 MemTotal:       24661580 kB
Node 1 MemFree:        24395828 kB
Node 1 MemUsed:          265752 kB
Node 1 Active:            58884 kB
Node 1 Inactive:          59044 kB
Node 1 Active(anon):      18660 kB
Node 1 Inactive(anon):      392 kB
Node 1 Active(file):      40224 kB
Node 1 Inactive(file):    58652 kB
Node 1 Unevictable:       12956 kB
Node 1 Mlocked:           12956 kB
Node 1 Dirty:               560 kB
Node 1 Writeback:             0 kB
Node 1 FilePages:        101840 kB
Node 1 Mapped:            43548 kB
Node 1 AnonPages:         29088 kB
Node 1 Shmem:               532 kB
Node 1 KernelStack:        1552 kB
Node 1 PageTables:          528 kB
Node 1 NFS_Unstable:          0 kB
Node 1 Bounce:                0 kB
Node 1 WritebackTmp:          0 kB
Node 1 KReclaimable:      20628 kB
Node 1 Slab:              50392 kB
Node 1 SReclaimable:      20628 kB
Node 1 SUnreclaim:        29764 kB
Node 1 AnonHugePages:         0 kB
Node 1 ShmemHugePages:        0 kB
Node 1 ShmemPmdMapped:        0 kB
Node 1 FileHugePages:        0 kB
Node 1 FilePmdMapped:        0 kB
Node 1 HugePages_Total:     0
Node 1 HugePages_Free:      0
Node 1 HugePages_Surp:      0

Import tank ZPool
Node 0 MemTotal:       24768352 kB
Node 0 MemFree:        24260052 kB
Node 0 MemUsed:          508300 kB
Node 0 Active:            49944 kB
Node 0 Inactive:         155196 kB
Node 0 Active(anon):      25200 kB
Node 0 Inactive(anon):      552 kB
Node 0 Active(file):      24744 kB
Node 0 Inactive(file):   154644 kB
Node 0 Unevictable:        5764 kB
Node 0 Mlocked:            5764 kB
Node 0 Dirty:                20 kB
Node 0 Writeback:             0 kB
Node 0 FilePages:        185888 kB
Node 0 Mapped:            20172 kB
Node 0 AnonPages:         24832 kB
Node 0 Shmem:               736 kB
Node 0 KernelStack:        3452 kB
Node 0 PageTables:         1060 kB
Node 0 NFS_Unstable:          0 kB
Node 0 Bounce:                0 kB
Node 0 WritebackTmp:          0 kB
Node 0 KReclaimable:      22016 kB
Node 0 Slab:              67292 kB
Node 0 SReclaimable:      22016 kB
Node 0 SUnreclaim:        45276 kB
Node 0 AnonHugePages:         0 kB
Node 0 ShmemHugePages:        0 kB
Node 0 ShmemPmdMapped:        0 kB
Node 0 FileHugePages:        0 kB
Node 0 FilePmdMapped:        0 kB
Node 0 HugePages_Total:     0
Node 0 HugePages_Free:      0
Node 0 HugePages_Surp:      0

Node 1 MemTotal:       24661580 kB
Node 1 MemFree:        24404016 kB
Node 1 MemUsed:          257564 kB
Node 1 Active:            49864 kB
Node 1 Inactive:          58884 kB
Node 1 Active(anon):       9476 kB
Node 1 Inactive(anon):      396 kB
Node 1 Active(file):      40388 kB
Node 1 Inactive(file):    58488 kB
Node 1 Unevictable:       12988 kB
Node 1 Mlocked:           12988 kB
Node 1 Dirty:                12 kB
Node 1 Writeback:             0 kB
Node 1 FilePages:        101840 kB
Node 1 Mapped:            42640 kB
Node 1 AnonPages:         19772 kB
Node 1 Shmem:               532 kB
Node 1 KernelStack:        1432 kB
Node 1 PageTables:          672 kB
Node 1 NFS_Unstable:          0 kB
Node 1 Bounce:                0 kB
Node 1 WritebackTmp:          0 kB
Node 1 KReclaimable:      20632 kB
Node 1 Slab:              50564 kB
Node 1 SReclaimable:      20632 kB
Node 1 SUnreclaim:        29932 kB
Node 1 AnonHugePages:         0 kB
Node 1 ShmemHugePages:        0 kB
Node 1 ShmemPmdMapped:        0 kB
Node 1 FileHugePages:        0 kB
Node 1 FilePmdMapped:        0 kB
Node 1 HugePages_Total:     0
Node 1 HugePages_Free:      0
Node 1 HugePages_Surp:      0

After Test
Node 0 MemTotal:       24768352 kB
Node 0 MemFree:        21869500 kB
Node 0 MemUsed:         2898852 kB
Node 0 Active:            49576 kB
Node 0 Inactive:         154772 kB
Node 0 Active(anon):      24236 kB
Node 0 Inactive(anon):      544 kB
Node 0 Active(file):      25340 kB
Node 0 Inactive(file):   154228 kB
Node 0 Unevictable:        5764 kB
Node 0 Mlocked:            5764 kB
Node 0 Dirty:                16 kB
Node 0 Writeback:             0 kB
Node 0 FilePages:        186064 kB
Node 0 Mapped:            19648 kB
Node 0 AnonPages:         24044 kB
Node 0 Shmem:               736 kB
Node 0 KernelStack:        3208 kB
Node 0 PageTables:          524 kB
Node 0 NFS_Unstable:          0 kB
Node 0 Bounce:                0 kB
Node 0 WritebackTmp:          0 kB
Node 0 KReclaimable:      22052 kB
Node 0 Slab:              68524 kB
Node 0 SReclaimable:      22052 kB
Node 0 SUnreclaim:        46472 kB
Node 0 AnonHugePages:         0 kB
Node 0 ShmemHugePages:        0 kB
Node 0 ShmemPmdMapped:        0 kB
Node 0 FileHugePages:        0 kB
Node 0 FilePmdMapped:        0 kB
Node 0 HugePages_Total:     0
Node 0 HugePages_Free:      0
Node 0 HugePages_Surp:      0

Node 1 MemTotal:       24661580 kB
Node 1 MemFree:        23861560 kB
Node 1 MemUsed:          800020 kB
Node 1 Active:            50392 kB
Node 1 Inactive:          60036 kB
Node 1 Active(anon):       9164 kB
Node 1 Inactive(anon):      432 kB
Node 1 Active(file):      41228 kB
Node 1 Inactive(file):    59604 kB
Node 1 Unevictable:       12988 kB
Node 1 Mlocked:           12988 kB
Node 1 Dirty:                92 kB
Node 1 Writeback:             0 kB
Node 1 FilePages:        103840 kB
Node 1 Mapped:            42400 kB
Node 1 AnonPages:         19444 kB
Node 1 Shmem:               576 kB
Node 1 KernelStack:        1464 kB
Node 1 PageTables:          680 kB
Node 1 NFS_Unstable:          0 kB
Node 1 Bounce:                0 kB
Node 1 WritebackTmp:          0 kB
Node 1 KReclaimable:      21952 kB
Node 1 Slab:              64700 kB
Node 1 SReclaimable:      21952 kB
Node 1 SUnreclaim:        42748 kB
Node 1 AnonHugePages:         0 kB
Node 1 ShmemHugePages:        0 kB
Node 1 ShmemPmdMapped:        0 kB
Node 1 FileHugePages:        0 kB
Node 1 FilePmdMapped:        0 kB
Node 1 HugePages_Total:     0
Node 1 HugePages_Free:      0
Node 1 HugePages_Surp:      0

After Opposite Node
Node 0 MemTotal:       24768352 kB
Node 0 MemFree:        21869348 kB
Node 0 MemUsed:         2899004 kB
Node 0 Active:            49808 kB
Node 0 Inactive:         154804 kB
Node 0 Active(anon):      24440 kB
Node 0 Inactive(anon):      580 kB
Node 0 Active(file):      25368 kB
Node 0 Inactive(file):   154224 kB
Node 0 Unevictable:        5764 kB
Node 0 Mlocked:            5764 kB
Node 0 Dirty:                56 kB
Node 0 Writeback:             0 kB
Node 0 FilePages:        186132 kB
Node 0 Mapped:            19692 kB
Node 0 AnonPages:         24108 kB
Node 0 Shmem:               780 kB
Node 0 KernelStack:        3224 kB
Node 0 PageTables:          640 kB
Node 0 NFS_Unstable:          0 kB
Node 0 Bounce:                0 kB
Node 0 WritebackTmp:          0 kB
Node 0 KReclaimable:      22120 kB
Node 0 Slab:              69124 kB
Node 0 SReclaimable:      22120 kB
Node 0 SUnreclaim:        47004 kB
Node 0 AnonHugePages:         0 kB
Node 0 ShmemHugePages:        0 kB
Node 0 ShmemPmdMapped:        0 kB
Node 0 FileHugePages:        0 kB
Node 0 FilePmdMapped:        0 kB
Node 0 HugePages_Total:     0
Node 0 HugePages_Free:      0
Node 0 HugePages_Surp:      0

Node 1 MemTotal:       24661580 kB
Node 1 MemFree:        23864000 kB
Node 1 MemUsed:          797580 kB
Node 1 Active:            50372 kB
Node 1 Inactive:          59840 kB
Node 1 Active(anon):       8968 kB
Node 1 Inactive(anon):      396 kB
Node 1 Active(file):      41404 kB
Node 1 Inactive(file):    59444 kB
Node 1 Unevictable:       12988 kB
Node 1 Mlocked:           12988 kB
Node 1 Dirty:               152 kB
Node 1 Writeback:             0 kB
Node 1 FilePages:        103820 kB
Node 1 Mapped:            42368 kB
Node 1 AnonPages:         19388 kB
Node 1 Shmem:               532 kB
Node 1 KernelStack:        1448 kB
Node 1 PageTables:          564 kB
Node 1 NFS_Unstable:          0 kB
Node 1 Bounce:                0 kB
Node 1 WritebackTmp:          0 kB
Node 1 KReclaimable:      21956 kB
Node 1 Slab:              64756 kB
Node 1 SReclaimable:      21956 kB
Node 1 SUnreclaim:        42800 kB
Node 1 AnonHugePages:         0 kB
Node 1 ShmemHugePages:        0 kB
Node 1 ShmemPmdMapped:        0 kB
Node 1 FileHugePages:        0 kB
Node 1 FilePmdMapped:        0 kB
Node 1 HugePages_Total:     0
Node 1 HugePages_Free:      0
Node 1 HugePages_Surp:      0

B.1.fio.2G.1.O Complete!
