B.1.fio.8G.3.O
Begin
Node 0 MemTotal:       24743736 kB
Node 0 MemFree:        24320956 kB
Node 0 MemUsed:          422780 kB
Node 0 Active:            50712 kB
Node 0 Inactive:          95532 kB
Node 0 Active(anon):      20780 kB
Node 0 Inactive(anon):      432 kB
Node 0 Active(file):      29932 kB
Node 0 Inactive(file):    95100 kB
Node 0 Unevictable:       13420 kB
Node 0 Mlocked:           13420 kB
Node 0 Dirty:               356 kB
Node 0 Writeback:             0 kB
Node 0 FilePages:        128772 kB
Node 0 Mapped:            52112 kB
Node 0 AnonPages:         30940 kB
Node 0 Shmem:               636 kB
Node 0 KernelStack:        2408 kB
Node 0 PageTables:          576 kB
Node 0 NFS_Unstable:          0 kB
Node 0 Bounce:                0 kB
Node 0 WritebackTmp:          0 kB
Node 0 KReclaimable:      22992 kB
Node 0 Slab:              51576 kB
Node 0 SReclaimable:      22992 kB
Node 0 SUnreclaim:        28584 kB
Node 0 AnonHugePages:         0 kB
Node 0 ShmemHugePages:        0 kB
Node 0 ShmemPmdMapped:        0 kB
Node 0 FileHugePages:        0 kB
Node 0 FilePmdMapped:        0 kB
Node 0 HugePages_Total:     0
Node 0 HugePages_Free:      0
Node 0 HugePages_Surp:      0

Node 1 MemTotal:       24686196 kB
Node 1 MemFree:        24446048 kB
Node 1 MemUsed:          240148 kB
Node 1 Active:            48160 kB
Node 1 Inactive:          40984 kB
Node 1 Active(anon):      13552 kB
Node 1 Inactive(anon):      436 kB
Node 1 Active(file):      34608 kB
Node 1 Inactive(file):    40548 kB
Node 1 Unevictable:        5104 kB
Node 1 Mlocked:            5104 kB
Node 1 Dirty:                72 kB
Node 1 Writeback:             0 kB
Node 1 FilePages:         80888 kB
Node 1 Mapped:            34856 kB
Node 1 AnonPages:         13492 kB
Node 1 Shmem:               632 kB
Node 1 KernelStack:        1224 kB
Node 1 PageTables:          704 kB
Node 1 NFS_Unstable:          0 kB
Node 1 Bounce:                0 kB
Node 1 WritebackTmp:          0 kB
Node 1 KReclaimable:      19300 kB
Node 1 Slab:              55748 kB
Node 1 SReclaimable:      19300 kB
Node 1 SUnreclaim:        36448 kB
Node 1 AnonHugePages:         0 kB
Node 1 ShmemHugePages:        0 kB
Node 1 ShmemPmdMapped:        0 kB
Node 1 FileHugePages:        0 kB
Node 1 FilePmdMapped:        0 kB
Node 1 HugePages_Total:     0
Node 1 HugePages_Free:      0
Node 1 HugePages_Surp:      0

Load ZFS
Node 0 MemTotal:       24743736 kB
Node 0 MemFree:        24321496 kB
Node 0 MemUsed:          422240 kB
Node 0 Active:            60764 kB
Node 0 Inactive:         142820 kB
Node 0 Active(anon):      29432 kB
Node 0 Inactive(anon):      488 kB
Node 0 Active(file):      31332 kB
Node 0 Inactive(file):   142332 kB
Node 0 Unevictable:       13636 kB
Node 0 Mlocked:           13636 kB
Node 0 Dirty:               272 kB
Node 0 Writeback:             0 kB
Node 0 FilePages:        177404 kB
Node 0 Mapped:            55344 kB
Node 0 AnonPages:         39492 kB
Node 0 Shmem:               648 kB
Node 0 KernelStack:        2724 kB
Node 0 PageTables:         1204 kB
Node 0 NFS_Unstable:          0 kB
Node 0 Bounce:                0 kB
Node 0 WritebackTmp:          0 kB
Node 0 KReclaimable:      23812 kB
Node 0 Slab:              55736 kB
Node 0 SReclaimable:      23812 kB
Node 0 SUnreclaim:        31924 kB
Node 0 AnonHugePages:         0 kB
Node 0 ShmemHugePages:        0 kB
Node 0 ShmemPmdMapped:        0 kB
Node 0 FileHugePages:        0 kB
Node 0 FilePmdMapped:        0 kB
Node 0 HugePages_Total:     0
Node 0 HugePages_Free:      0
Node 0 HugePages_Surp:      0

Node 1 MemTotal:       24686196 kB
Node 1 MemFree:        24300932 kB
Node 1 MemUsed:          385264 kB
Node 1 Active:            65328 kB
Node 1 Inactive:          97240 kB
Node 1 Active(anon):      29764 kB
Node 1 Inactive(anon):      460 kB
Node 1 Active(file):      35564 kB
Node 1 Inactive(file):    96780 kB
Node 1 Unevictable:        5104 kB
Node 1 Mlocked:            5104 kB
Node 1 Dirty:               268 kB
Node 1 Writeback:             0 kB
Node 1 FilePages:        138064 kB
Node 1 Mapped:            35724 kB
Node 1 AnonPages:         29604 kB
Node 1 Shmem:               620 kB
Node 1 KernelStack:        1620 kB
Node 1 PageTables:         1940 kB
Node 1 NFS_Unstable:          0 kB
Node 1 Bounce:                0 kB
Node 1 WritebackTmp:          0 kB
Node 1 KReclaimable:      19880 kB
Node 1 Slab:              58256 kB
Node 1 SReclaimable:      19880 kB
Node 1 SUnreclaim:        38376 kB
Node 1 AnonHugePages:         0 kB
Node 1 ShmemHugePages:        0 kB
Node 1 ShmemPmdMapped:        0 kB
Node 1 FileHugePages:        0 kB
Node 1 FilePmdMapped:        0 kB
Node 1 HugePages_Total:     0
Node 1 HugePages_Free:      0
Node 1 HugePages_Surp:      0

Import tank ZPool
Node 0 MemTotal:       24743736 kB
Node 0 MemFree:        24305220 kB
Node 0 MemUsed:          438516 kB
Node 0 Active:            60720 kB
Node 0 Inactive:         144016 kB
Node 0 Active(anon):      29032 kB
Node 0 Inactive(anon):      496 kB
Node 0 Active(file):      31688 kB
Node 0 Inactive(file):   143520 kB
Node 0 Unevictable:       13652 kB
Node 0 Mlocked:           13652 kB
Node 0 Dirty:               276 kB
Node 0 Writeback:             0 kB
Node 0 FilePages:        178968 kB
Node 0 Mapped:            55376 kB
Node 0 AnonPages:         39580 kB
Node 0 Shmem:               652 kB
Node 0 KernelStack:        3688 kB
Node 0 PageTables:         1168 kB
Node 0 NFS_Unstable:          0 kB
Node 0 Bounce:                0 kB
Node 0 WritebackTmp:          0 kB
Node 0 KReclaimable:      23928 kB
Node 0 Slab:              62512 kB
Node 0 SReclaimable:      23928 kB
Node 0 SUnreclaim:        38584 kB
Node 0 AnonHugePages:         0 kB
Node 0 ShmemHugePages:        0 kB
Node 0 ShmemPmdMapped:        0 kB
Node 0 FileHugePages:        0 kB
Node 0 FilePmdMapped:        0 kB
Node 0 HugePages_Total:     0
Node 0 HugePages_Free:      0
Node 0 HugePages_Surp:      0

Node 1 MemTotal:       24686196 kB
Node 1 MemFree:        24302272 kB
Node 1 MemUsed:          383924 kB
Node 1 Active:            65036 kB
Node 1 Inactive:          97236 kB
Node 1 Active(anon):      29472 kB
Node 1 Inactive(anon):      456 kB
Node 1 Active(file):      35564 kB
Node 1 Inactive(file):    96780 kB
Node 1 Unevictable:        5104 kB
Node 1 Mlocked:            5104 kB
Node 1 Dirty:               276 kB
Node 1 Writeback:             0 kB
Node 1 FilePages:        138060 kB
Node 1 Mapped:            35724 kB
Node 1 AnonPages:         29312 kB
Node 1 Shmem:               616 kB
Node 1 KernelStack:        1560 kB
Node 1 PageTables:         1504 kB
Node 1 NFS_Unstable:          0 kB
Node 1 Bounce:                0 kB
Node 1 WritebackTmp:          0 kB
Node 1 KReclaimable:      19880 kB
Node 1 Slab:              58276 kB
Node 1 SReclaimable:      19880 kB
Node 1 SUnreclaim:        38396 kB
Node 1 AnonHugePages:         0 kB
Node 1 ShmemHugePages:        0 kB
Node 1 ShmemPmdMapped:        0 kB
Node 1 FileHugePages:        0 kB
Node 1 FilePmdMapped:        0 kB
Node 1 HugePages_Total:     0
Node 1 HugePages_Free:      0
Node 1 HugePages_Surp:      0

After Test
Node 0 MemTotal:       24743736 kB
Node 0 MemFree:        23359212 kB
Node 0 MemUsed:         1384524 kB
Node 0 Active:            53072 kB
Node 0 Inactive:         143224 kB
Node 0 Active(anon):      20300 kB
Node 0 Inactive(anon):      496 kB
Node 0 Active(file):      32772 kB
Node 0 Inactive(file):   142728 kB
Node 0 Unevictable:       13652 kB
Node 0 Mlocked:           13652 kB
Node 0 Dirty:                 4 kB
Node 0 Writeback:             0 kB
Node 0 FilePages:        179252 kB
Node 0 Mapped:            52240 kB
Node 0 AnonPages:         30704 kB
Node 0 Shmem:               652 kB
Node 0 KernelStack:        3384 kB
Node 0 PageTables:          596 kB
Node 0 NFS_Unstable:          0 kB
Node 0 Bounce:                0 kB
Node 0 WritebackTmp:          0 kB
Node 0 KReclaimable:      24056 kB
Node 0 Slab:              65912 kB
Node 0 SReclaimable:      24056 kB
Node 0 SUnreclaim:        41856 kB
Node 0 AnonHugePages:         0 kB
Node 0 ShmemHugePages:        0 kB
Node 0 ShmemPmdMapped:        0 kB
Node 0 FileHugePages:        0 kB
Node 0 FilePmdMapped:        0 kB
Node 0 HugePages_Total:     0
Node 0 HugePages_Free:      0
Node 0 HugePages_Surp:      0

Node 1 MemTotal:       24686196 kB
Node 1 MemFree:        16027224 kB
Node 1 MemUsed:         8658972 kB
Node 1 Active:            49732 kB
Node 1 Inactive:          98244 kB
Node 1 Active(anon):      13088 kB
Node 1 Inactive(anon):      476 kB
Node 1 Active(file):      36644 kB
Node 1 Inactive(file):    97768 kB
Node 1 Unevictable:        5104 kB
Node 1 Mlocked:            5104 kB
Node 1 Dirty:                48 kB
Node 1 Writeback:             0 kB
Node 1 FilePages:        140172 kB
Node 1 Mapped:            35200 kB
Node 1 AnonPages:         12876 kB
Node 1 Shmem:               660 kB
Node 1 KernelStack:        1240 kB
Node 1 PageTables:          788 kB
Node 1 NFS_Unstable:          0 kB
Node 1 Bounce:                0 kB
Node 1 WritebackTmp:          0 kB
Node 1 KReclaimable:      21308 kB
Node 1 Slab:              91044 kB
Node 1 SReclaimable:      21308 kB
Node 1 SUnreclaim:        69736 kB
Node 1 AnonHugePages:         0 kB
Node 1 ShmemHugePages:        0 kB
Node 1 ShmemPmdMapped:        0 kB
Node 1 FileHugePages:        0 kB
Node 1 FilePmdMapped:        0 kB
Node 1 HugePages_Total:     0
Node 1 HugePages_Free:      0
Node 1 HugePages_Surp:      0

After Opposite Node
Node 0 MemTotal:       24743736 kB
Node 0 MemFree:        23359108 kB
Node 0 MemUsed:         1384628 kB
Node 0 Active:            53384 kB
Node 0 Inactive:         143264 kB
Node 0 Active(anon):      20568 kB
Node 0 Inactive(anon):      540 kB
Node 0 Active(file):      32816 kB
Node 0 Inactive(file):   142724 kB
Node 0 Unevictable:       13652 kB
Node 0 Mlocked:           13652 kB
Node 0 Dirty:                52 kB
Node 0 Writeback:             0 kB
Node 0 FilePages:        179344 kB
Node 0 Mapped:            52284 kB
Node 0 AnonPages:         30840 kB
Node 0 Shmem:               696 kB
Node 0 KernelStack:        3400 kB
Node 0 PageTables:          768 kB
Node 0 NFS_Unstable:          0 kB
Node 0 Bounce:                0 kB
Node 0 WritebackTmp:          0 kB
Node 0 KReclaimable:      24104 kB
Node 0 Slab:              66460 kB
Node 0 SReclaimable:      24104 kB
Node 0 SUnreclaim:        42356 kB
Node 0 AnonHugePages:         0 kB
Node 0 ShmemHugePages:        0 kB
Node 0 ShmemPmdMapped:        0 kB
Node 0 FileHugePages:        0 kB
Node 0 FilePmdMapped:        0 kB
Node 0 HugePages_Total:     0
Node 0 HugePages_Free:      0
Node 0 HugePages_Surp:      0

Node 1 MemTotal:       24686196 kB
Node 1 MemFree:        16029944 kB
Node 1 MemUsed:         8656252 kB
Node 1 Active:            49720 kB
Node 1 Inactive:          98072 kB
Node 1 Active(anon):      12912 kB
Node 1 Inactive(anon):      448 kB
Node 1 Active(file):      36808 kB
Node 1 Inactive(file):    97624 kB
Node 1 Unevictable:        5104 kB
Node 1 Mlocked:            5104 kB
Node 1 Dirty:                96 kB
Node 1 Writeback:             0 kB
Node 1 FilePages:        140148 kB
Node 1 Mapped:            35140 kB
Node 1 AnonPages:         12744 kB
Node 1 Shmem:               616 kB
Node 1 KernelStack:        1224 kB
Node 1 PageTables:          612 kB
Node 1 NFS_Unstable:          0 kB
Node 1 Bounce:                0 kB
Node 1 WritebackTmp:          0 kB
Node 1 KReclaimable:      21308 kB
Node 1 Slab:              90992 kB
Node 1 SReclaimable:      21308 kB
Node 1 SUnreclaim:        69684 kB
Node 1 AnonHugePages:         0 kB
Node 1 ShmemHugePages:        0 kB
Node 1 ShmemPmdMapped:        0 kB
Node 1 FileHugePages:        0 kB
Node 1 FilePmdMapped:        0 kB
Node 1 HugePages_Total:     0
Node 1 HugePages_Free:      0
Node 1 HugePages_Surp:      0

B.1.fio.8G.3.O Complete!
