kernel.numa_balancing = 0
120 Tests Remaining!
U.1.fio.2G.3.O.1M
Begin
Node 0 MemTotal:       24743736 kB
Node 0 MemFree:        24342284 kB
Node 0 MemUsed:          401452 kB
Node 0 Active:            56800 kB
Node 0 Inactive:          64256 kB
Node 0 Active(anon):      18576 kB
Node 0 Inactive(anon):      424 kB
Node 0 Active(file):      38224 kB
Node 0 Inactive(file):    63832 kB
Node 0 Unevictable:       13388 kB
Node 0 Mlocked:           13388 kB
Node 0 Dirty:                64 kB
Node 0 Writeback:             0 kB
Node 0 FilePages:        105736 kB
Node 0 Mapped:            45932 kB
Node 0 AnonPages:         28780 kB
Node 0 Shmem:               616 kB
Node 0 KernelStack:        2072 kB
Node 0 PageTables:          548 kB
Node 0 NFS_Unstable:          0 kB
Node 0 Bounce:                0 kB
Node 0 WritebackTmp:          0 kB
Node 0 KReclaimable:      19052 kB
Node 0 Slab:              51376 kB
Node 0 SReclaimable:      19052 kB
Node 0 SUnreclaim:        32324 kB
Node 0 AnonHugePages:         0 kB
Node 0 ShmemHugePages:        0 kB
Node 0 ShmemPmdMapped:        0 kB
Node 0 FileHugePages:        0 kB
Node 0 FilePmdMapped:        0 kB
Node 0 HugePages_Total:     0
Node 0 HugePages_Free:      0
Node 0 HugePages_Surp:      0

Node 1 MemTotal:       24686196 kB
Node 1 MemFree:        24401400 kB
Node 1 MemUsed:          284796 kB
Node 1 Active:            43188 kB
Node 1 Inactive:          96204 kB
Node 1 Active(anon):      15920 kB
Node 1 Inactive(anon):      464 kB
Node 1 Active(file):      27268 kB
Node 1 Inactive(file):    95740 kB
Node 1 Unevictable:        5136 kB
Node 1 Mlocked:            5136 kB
Node 1 Dirty:               468 kB
Node 1 Writeback:             0 kB
Node 1 FilePages:        128796 kB
Node 1 Mapped:            46016 kB
Node 1 AnonPages:         15536 kB
Node 1 Shmem:               652 kB
Node 1 KernelStack:        1692 kB
Node 1 PageTables:          912 kB
Node 1 NFS_Unstable:          0 kB
Node 1 Bounce:                0 kB
Node 1 WritebackTmp:          0 kB
Node 1 KReclaimable:      23632 kB
Node 1 Slab:              57292 kB
Node 1 SReclaimable:      23632 kB
Node 1 SUnreclaim:        33660 kB
Node 1 AnonHugePages:         0 kB
Node 1 ShmemHugePages:        0 kB
Node 1 ShmemPmdMapped:        0 kB
Node 1 FileHugePages:        0 kB
Node 1 FilePmdMapped:        0 kB
Node 1 HugePages_Total:     0
Node 1 HugePages_Free:      0
Node 1 HugePages_Surp:      0

Load ZFS
Node 0 MemTotal:       24743736 kB
Node 0 MemFree:        24473192 kB
Node 0 MemUsed:          270544 kB
Node 0 Active:            65268 kB
Node 0 Inactive:          60052 kB
Node 0 Active(anon):      21396 kB
Node 0 Inactive(anon):      428 kB
Node 0 Active(file):      43872 kB
Node 0 Inactive(file):    59624 kB
Node 0 Unevictable:       13388 kB
Node 0 Mlocked:           13388 kB
Node 0 Dirty:                88 kB
Node 0 Writeback:             0 kB
Node 0 FilePages:        107168 kB
Node 0 Mapped:            45932 kB
Node 0 AnonPages:         31676 kB
Node 0 Shmem:               616 kB
Node 0 KernelStack:        2056 kB
Node 0 PageTables:          632 kB
Node 0 NFS_Unstable:          0 kB
Node 0 Bounce:                0 kB
Node 0 WritebackTmp:          0 kB
Node 0 KReclaimable:      19516 kB
Node 0 Slab:              52840 kB
Node 0 SReclaimable:      19516 kB
Node 0 SUnreclaim:        33324 kB
Node 0 AnonHugePages:         0 kB
Node 0 ShmemHugePages:        0 kB
Node 0 ShmemPmdMapped:        0 kB
Node 0 FileHugePages:        0 kB
Node 0 FilePmdMapped:        0 kB
Node 0 HugePages_Total:     0
Node 0 HugePages_Free:      0
Node 0 HugePages_Surp:      0

Node 1 MemTotal:       24686196 kB
Node 1 MemFree:        24259524 kB
Node 1 MemUsed:          426672 kB
Node 1 Active:            46368 kB
Node 1 Inactive:          96508 kB
Node 1 Active(anon):      18284 kB
Node 1 Inactive(anon):      464 kB
Node 1 Active(file):      28084 kB
Node 1 Inactive(file):    96044 kB
Node 1 Unevictable:        5136 kB
Node 1 Mlocked:            5136 kB
Node 1 Dirty:               284 kB
Node 1 Writeback:             0 kB
Node 1 FilePages:        129916 kB
Node 1 Mapped:            46012 kB
Node 1 AnonPages:         17604 kB
Node 1 Shmem:               652 kB
Node 1 KernelStack:        1688 kB
Node 1 PageTables:          936 kB
Node 1 NFS_Unstable:          0 kB
Node 1 Bounce:                0 kB
Node 1 WritebackTmp:          0 kB
Node 1 KReclaimable:      23880 kB
Node 1 Slab:              58712 kB
Node 1 SReclaimable:      23880 kB
Node 1 SUnreclaim:        34832 kB
Node 1 AnonHugePages:         0 kB
Node 1 ShmemHugePages:        0 kB
Node 1 ShmemPmdMapped:        0 kB
Node 1 FileHugePages:        0 kB
Node 1 FilePmdMapped:        0 kB
Node 1 HugePages_Total:     0
Node 1 HugePages_Free:      0
Node 1 HugePages_Surp:      0

Import tank ZPool
Node 0 MemTotal:       24743736 kB
Node 0 MemFree:        24474104 kB
Node 0 MemUsed:          269632 kB
Node 0 Active:            62544 kB
Node 0 Inactive:          59948 kB
Node 0 Active(anon):      18568 kB
Node 0 Inactive(anon):      428 kB
Node 0 Active(file):      43976 kB
Node 0 Inactive(file):    59520 kB
Node 0 Unevictable:       13388 kB
Node 0 Mlocked:           13388 kB
Node 0 Dirty:                96 kB
Node 0 Writeback:             0 kB
Node 0 FilePages:        107168 kB
Node 0 Mapped:            45952 kB
Node 0 AnonPages:         28708 kB
Node 0 Shmem:               616 kB
Node 0 KernelStack:        2008 kB
Node 0 PageTables:          528 kB
Node 0 NFS_Unstable:          0 kB
Node 0 Bounce:                0 kB
Node 0 WritebackTmp:          0 kB
Node 0 KReclaimable:      19588 kB
Node 0 Slab:              52944 kB
Node 0 SReclaimable:      19588 kB
Node 0 SUnreclaim:        33356 kB
Node 0 AnonHugePages:         0 kB
Node 0 ShmemHugePages:        0 kB
Node 0 ShmemPmdMapped:        0 kB
Node 0 FileHugePages:        0 kB
Node 0 FilePmdMapped:        0 kB
Node 0 HugePages_Total:     0
Node 0 HugePages_Free:      0
Node 0 HugePages_Surp:      0

Node 1 MemTotal:       24686196 kB
Node 1 MemFree:        24243716 kB
Node 1 MemUsed:          442480 kB
Node 1 Active:            43408 kB
Node 1 Inactive:          97748 kB
Node 1 Active(anon):      14848 kB
Node 1 Inactive(anon):      468 kB
Node 1 Active(file):      28560 kB
Node 1 Inactive(file):    97280 kB
Node 1 Unevictable:        5136 kB
Node 1 Mlocked:            5136 kB
Node 1 Dirty:               204 kB
Node 1 Writeback:             0 kB
Node 1 FilePages:        131660 kB
Node 1 Mapped:            46000 kB
Node 1 AnonPages:         14300 kB
Node 1 Shmem:               652 kB
Node 1 KernelStack:        2696 kB
Node 1 PageTables:          808 kB
Node 1 NFS_Unstable:          0 kB
Node 1 Bounce:                0 kB
Node 1 WritebackTmp:          0 kB
Node 1 KReclaimable:      24000 kB
Node 1 Slab:              65504 kB
Node 1 SReclaimable:      24000 kB
Node 1 SUnreclaim:        41504 kB
Node 1 AnonHugePages:         0 kB
Node 1 ShmemHugePages:        0 kB
Node 1 ShmemPmdMapped:        0 kB
Node 1 FileHugePages:        0 kB
Node 1 FilePmdMapped:        0 kB
Node 1 HugePages_Total:     0
Node 1 HugePages_Free:      0
Node 1 HugePages_Surp:      0

After Test
Node 0 MemTotal:       24743736 kB
Node 0 MemFree:        23838324 kB
Node 0 MemUsed:          905412 kB
Node 0 Active:            62492 kB
Node 0 Inactive:          59908 kB
Node 0 Active(anon):      18476 kB
Node 0 Inactive(anon):      428 kB
Node 0 Active(file):      44016 kB
Node 0 Inactive(file):    59480 kB
Node 0 Unevictable:       13388 kB
Node 0 Mlocked:           13388 kB
Node 0 Dirty:                20 kB
Node 0 Writeback:             0 kB
Node 0 FilePages:        107168 kB
Node 0 Mapped:            45932 kB
Node 0 AnonPages:         28616 kB
Node 0 Shmem:               616 kB
Node 0 KernelStack:        1912 kB
Node 0 PageTables:          528 kB
Node 0 NFS_Unstable:          0 kB
Node 0 Bounce:                0 kB
Node 0 WritebackTmp:          0 kB
Node 0 KReclaimable:      19652 kB
Node 0 Slab:              55660 kB
Node 0 SReclaimable:      19652 kB
Node 0 SUnreclaim:        36008 kB
Node 0 AnonHugePages:         0 kB
Node 0 ShmemHugePages:        0 kB
Node 0 ShmemPmdMapped:        0 kB
Node 0 FileHugePages:        0 kB
Node 0 FilePmdMapped:        0 kB
Node 0 HugePages_Total:     0
Node 0 HugePages_Free:      0
Node 0 HugePages_Surp:      0

Node 1 MemTotal:       24686196 kB
Node 1 MemFree:        21933820 kB
Node 1 MemUsed:         2752376 kB
Node 1 Active:            44164 kB
Node 1 Inactive:          98668 kB
Node 1 Active(anon):      14468 kB
Node 1 Inactive(anon):      492 kB
Node 1 Active(file):      29696 kB
Node 1 Inactive(file):    98176 kB
Node 1 Unevictable:        5136 kB
Node 1 Mlocked:            5136 kB
Node 1 Dirty:                28 kB
Node 1 Writeback:             0 kB
Node 1 FilePages:        133704 kB
Node 1 Mapped:            46092 kB
Node 1 AnonPages:         14180 kB
Node 1 Shmem:               696 kB
Node 1 KernelStack:        2696 kB
Node 1 PageTables:          804 kB
Node 1 NFS_Unstable:          0 kB
Node 1 Bounce:                0 kB
Node 1 WritebackTmp:          0 kB
Node 1 KReclaimable:      25344 kB
Node 1 Slab:              77624 kB
Node 1 SReclaimable:      25344 kB
Node 1 SUnreclaim:        52280 kB
Node 1 AnonHugePages:         0 kB
Node 1 ShmemHugePages:        0 kB
Node 1 ShmemPmdMapped:        0 kB
Node 1 FileHugePages:        0 kB
Node 1 FilePmdMapped:        0 kB
Node 1 HugePages_Total:     0
Node 1 HugePages_Free:      0
Node 1 HugePages_Surp:      0

After Opposite Node
Node 0 MemTotal:       24743736 kB
Node 0 MemFree:        23837460 kB
Node 0 MemUsed:          906276 kB
Node 0 Active:            62652 kB
Node 0 Inactive:          59940 kB
Node 0 Active(anon):      18632 kB
Node 0 Inactive(anon):      452 kB
Node 0 Active(file):      44020 kB
Node 0 Inactive(file):    59488 kB
Node 0 Unevictable:       13388 kB
Node 0 Mlocked:           13388 kB
Node 0 Dirty:                28 kB
Node 0 Writeback:             0 kB
Node 0 FilePages:        107224 kB
Node 0 Mapped:            45976 kB
Node 0 AnonPages:         28672 kB
Node 0 Shmem:               660 kB
Node 0 KernelStack:        1944 kB
Node 0 PageTables:          640 kB
Node 0 NFS_Unstable:          0 kB
Node 0 Bounce:                0 kB
Node 0 WritebackTmp:          0 kB
Node 0 KReclaimable:      19684 kB
Node 0 Slab:              56520 kB
Node 0 SReclaimable:      19684 kB
Node 0 SUnreclaim:        36836 kB
Node 0 AnonHugePages:         0 kB
Node 0 ShmemHugePages:        0 kB
Node 0 ShmemPmdMapped:        0 kB
Node 0 FileHugePages:        0 kB
Node 0 FilePmdMapped:        0 kB
Node 0 HugePages_Total:     0
Node 0 HugePages_Free:      0
Node 0 HugePages_Surp:      0

Node 1 MemTotal:       24686196 kB
Node 1 MemFree:        21934736 kB
Node 1 MemUsed:         2751460 kB
Node 1 Active:            44208 kB
Node 1 Inactive:          98460 kB
Node 1 Active(anon):      14312 kB
Node 1 Inactive(anon):      468 kB
Node 1 Active(file):      29896 kB
Node 1 Inactive(file):    97992 kB
Node 1 Unevictable:        5136 kB
Node 1 Mlocked:            5136 kB
Node 1 Dirty:                48 kB
Node 1 Writeback:             0 kB
Node 1 FilePages:        133676 kB
Node 1 Mapped:            46056 kB
Node 1 AnonPages:         14128 kB
Node 1 Shmem:               652 kB
Node 1 KernelStack:        2664 kB
Node 1 PageTables:          692 kB
Node 1 NFS_Unstable:          0 kB
Node 1 Bounce:                0 kB
Node 1 WritebackTmp:          0 kB
Node 1 KReclaimable:      25344 kB
Node 1 Slab:              77552 kB
Node 1 SReclaimable:      25344 kB
Node 1 SUnreclaim:        52208 kB
Node 1 AnonHugePages:         0 kB
Node 1 ShmemHugePages:        0 kB
Node 1 ShmemPmdMapped:        0 kB
Node 1 FileHugePages:        0 kB
Node 1 FilePmdMapped:        0 kB
Node 1 HugePages_Total:     0
Node 1 HugePages_Free:      0
Node 1 HugePages_Surp:      0

U.1.fio.2G.3.O.1M Complete!
