kernel.numa_balancing = 0
U.1.fio.8G.3.O.1M
Begin
Node 0 MemTotal:       24743736 kB
Node 0 MemFree:        24301816 kB
Node 0 MemUsed:          441920 kB
Node 0 Active:            45804 kB
Node 0 Inactive:         108044 kB
Node 0 Active(anon):      15460 kB
Node 0 Inactive(anon):      340 kB
Node 0 Active(file):      30344 kB
Node 0 Inactive(file):   107704 kB
Node 0 Unevictable:        4800 kB
Node 0 Mlocked:            4800 kB
Node 0 Dirty:               180 kB
Node 0 Writeback:             0 kB
Node 0 FilePages:        143464 kB
Node 0 Mapped:            61336 kB
Node 0 AnonPages:         15244 kB
Node 0 Shmem:               584 kB
Node 0 KernelStack:        2088 kB
Node 0 PageTables:          576 kB
Node 0 NFS_Unstable:          0 kB
Node 0 Bounce:                0 kB
Node 0 WritebackTmp:          0 kB
Node 0 KReclaimable:      25924 kB
Node 0 Slab:              58964 kB
Node 0 SReclaimable:      25924 kB
Node 0 SUnreclaim:        33040 kB
Node 0 AnonHugePages:         0 kB
Node 0 ShmemHugePages:        0 kB
Node 0 ShmemPmdMapped:        0 kB
Node 0 FileHugePages:        0 kB
Node 0 FilePmdMapped:        0 kB
Node 0 HugePages_Total:     0
Node 0 HugePages_Free:      0
Node 0 HugePages_Surp:      0

Node 1 MemTotal:       24686196 kB
Node 1 MemFree:        24471136 kB
Node 1 MemUsed:          215060 kB
Node 1 Active:            52076 kB
Node 1 Inactive:          25996 kB
Node 1 Active(anon):      18016 kB
Node 1 Inactive(anon):      528 kB
Node 1 Active(file):      34060 kB
Node 1 Inactive(file):    25468 kB
Node 1 Unevictable:       13720 kB
Node 1 Mlocked:           13720 kB
Node 1 Dirty:               360 kB
Node 1 Writeback:             0 kB
Node 1 FilePages:         63616 kB
Node 1 Mapped:            17312 kB
Node 1 AnonPages:         28284 kB
Node 1 Shmem:               684 kB
Node 1 KernelStack:        1496 kB
Node 1 PageTables:          620 kB
Node 1 NFS_Unstable:          0 kB
Node 1 Bounce:                0 kB
Node 1 WritebackTmp:          0 kB
Node 1 KReclaimable:      15720 kB
Node 1 Slab:              47936 kB
Node 1 SReclaimable:      15720 kB
Node 1 SUnreclaim:        32216 kB
Node 1 AnonHugePages:         0 kB
Node 1 ShmemHugePages:        0 kB
Node 1 ShmemPmdMapped:        0 kB
Node 1 FileHugePages:        0 kB
Node 1 FilePmdMapped:        0 kB
Node 1 HugePages_Total:     0
Node 1 HugePages_Free:      0
Node 1 HugePages_Surp:      0

Load ZFS
Node 0 MemTotal:       24743736 kB
Node 0 MemFree:        24299948 kB
Node 0 MemUsed:          443788 kB
Node 0 Active:            51664 kB
Node 0 Inactive:         103704 kB
Node 0 Active(anon):      15528 kB
Node 0 Inactive(anon):      340 kB
Node 0 Active(file):      36136 kB
Node 0 Inactive(file):   103364 kB
Node 0 Unevictable:        4800 kB
Node 0 Mlocked:            4800 kB
Node 0 Dirty:               244 kB
Node 0 Writeback:             0 kB
Node 0 FilePages:        144880 kB
Node 0 Mapped:            61508 kB
Node 0 AnonPages:         15008 kB
Node 0 Shmem:               584 kB
Node 0 KernelStack:        2120 kB
Node 0 PageTables:          600 kB
Node 0 NFS_Unstable:          0 kB
Node 0 Bounce:                0 kB
Node 0 WritebackTmp:          0 kB
Node 0 KReclaimable:      26316 kB
Node 0 Slab:              60544 kB
Node 0 SReclaimable:      26316 kB
Node 0 SUnreclaim:        34228 kB
Node 0 AnonHugePages:         0 kB
Node 0 ShmemHugePages:        0 kB
Node 0 ShmemPmdMapped:        0 kB
Node 0 FileHugePages:        0 kB
Node 0 FilePmdMapped:        0 kB
Node 0 HugePages_Total:     0
Node 0 HugePages_Free:      0
Node 0 HugePages_Surp:      0

Node 1 MemTotal:       24686196 kB
Node 1 MemFree:        24463476 kB
Node 1 MemUsed:          222720 kB
Node 1 Active:            56280 kB
Node 1 Inactive:          26428 kB
Node 1 Active(anon):      21532 kB
Node 1 Inactive(anon):      528 kB
Node 1 Active(file):      34748 kB
Node 1 Inactive(file):    25900 kB
Node 1 Unevictable:       13720 kB
Node 1 Mlocked:           13720 kB
Node 1 Dirty:               112 kB
Node 1 Writeback:             0 kB
Node 1 FilePages:         64728 kB
Node 1 Mapped:            17312 kB
Node 1 AnonPages:         31812 kB
Node 1 Shmem:               684 kB
Node 1 KernelStack:        1576 kB
Node 1 PageTables:          788 kB
Node 1 NFS_Unstable:          0 kB
Node 1 Bounce:                0 kB
Node 1 WritebackTmp:          0 kB
Node 1 KReclaimable:      16220 kB
Node 1 Slab:              49768 kB
Node 1 SReclaimable:      16220 kB
Node 1 SUnreclaim:        33548 kB
Node 1 AnonHugePages:         0 kB
Node 1 ShmemHugePages:        0 kB
Node 1 ShmemPmdMapped:        0 kB
Node 1 FileHugePages:        0 kB
Node 1 FilePmdMapped:        0 kB
Node 1 HugePages_Total:     0
Node 1 HugePages_Free:      0
Node 1 HugePages_Surp:      0

Import tank ZPool
Node 0 MemTotal:       24743736 kB
Node 0 MemFree:        24279532 kB
Node 0 MemUsed:          464204 kB
Node 0 Active:            52288 kB
Node 0 Inactive:         104804 kB
Node 0 Active(anon):      15568 kB
Node 0 Inactive(anon):      344 kB
Node 0 Active(file):      36720 kB
Node 0 Inactive(file):   104460 kB
Node 0 Unevictable:        4800 kB
Node 0 Mlocked:            4800 kB
Node 0 Dirty:               268 kB
Node 0 Writeback:             0 kB
Node 0 FilePages:        146584 kB
Node 0 Mapped:            61544 kB
Node 0 AnonPages:         14964 kB
Node 0 Shmem:               584 kB
Node 0 KernelStack:        3224 kB
Node 0 PageTables:          688 kB
Node 0 NFS_Unstable:          0 kB
Node 0 Bounce:                0 kB
Node 0 WritebackTmp:          0 kB
Node 0 KReclaimable:      26440 kB
Node 0 Slab:              67184 kB
Node 0 SReclaimable:      26440 kB
Node 0 SUnreclaim:        40744 kB
Node 0 AnonHugePages:         0 kB
Node 0 ShmemHugePages:        0 kB
Node 0 ShmemPmdMapped:        0 kB
Node 0 FileHugePages:        0 kB
Node 0 FilePmdMapped:        0 kB
Node 0 HugePages_Total:     0
Node 0 HugePages_Free:      0
Node 0 HugePages_Surp:      0

Node 1 MemTotal:       24686196 kB
Node 1 MemFree:        24465416 kB
Node 1 MemUsed:          220780 kB
Node 1 Active:            52612 kB
Node 1 Inactive:          26428 kB
Node 1 Active(anon):      17836 kB
Node 1 Inactive(anon):      528 kB
Node 1 Active(file):      34776 kB
Node 1 Inactive(file):    25900 kB
Node 1 Unevictable:       13720 kB
Node 1 Mlocked:           13720 kB
Node 1 Dirty:                36 kB
Node 1 Writeback:             0 kB
Node 1 FilePages:         64772 kB
Node 1 Mapped:            17332 kB
Node 1 AnonPages:         28004 kB
Node 1 Shmem:               684 kB
Node 1 KernelStack:        1464 kB
Node 1 PageTables:          564 kB
Node 1 NFS_Unstable:          0 kB
Node 1 Bounce:                0 kB
Node 1 WritebackTmp:          0 kB
Node 1 KReclaimable:      16220 kB
Node 1 Slab:              49644 kB
Node 1 SReclaimable:      16220 kB
Node 1 SUnreclaim:        33424 kB
Node 1 AnonHugePages:         0 kB
Node 1 ShmemHugePages:        0 kB
Node 1 ShmemPmdMapped:        0 kB
Node 1 FileHugePages:        0 kB
Node 1 FilePmdMapped:        0 kB
Node 1 HugePages_Total:     0
Node 1 HugePages_Free:      0
Node 1 HugePages_Surp:      0

After Test
Node 0 MemTotal:       24743736 kB
Node 0 MemFree:        23612916 kB
Node 0 MemUsed:         1130820 kB
Node 0 Active:            52308 kB
Node 0 Inactive:         104512 kB
Node 0 Active(anon):      15240 kB
Node 0 Inactive(anon):      344 kB
Node 0 Active(file):      37068 kB
Node 0 Inactive(file):   104168 kB
Node 0 Unevictable:        4800 kB
Node 0 Mlocked:            4800 kB
Node 0 Dirty:                24 kB
Node 0 Writeback:             0 kB
Node 0 FilePages:        146616 kB
Node 0 Mapped:            61340 kB
Node 0 AnonPages:         15004 kB
Node 0 Shmem:               584 kB
Node 0 KernelStack:        3096 kB
Node 0 PageTables:          576 kB
Node 0 NFS_Unstable:          0 kB
Node 0 Bounce:                0 kB
Node 0 WritebackTmp:          0 kB
Node 0 KReclaimable:      26480 kB
Node 0 Slab:              69516 kB
Node 0 SReclaimable:      26480 kB
Node 0 SUnreclaim:        43036 kB
Node 0 AnonHugePages:         0 kB
Node 0 ShmemHugePages:        0 kB
Node 0 ShmemPmdMapped:        0 kB
Node 0 FileHugePages:        0 kB
Node 0 FilePmdMapped:        0 kB
Node 0 HugePages_Total:     0
Node 0 HugePages_Free:      0
Node 0 HugePages_Surp:      0

Node 1 MemTotal:       24686196 kB
Node 1 MemFree:        15883884 kB
Node 1 MemUsed:         8802312 kB
Node 1 Active:            53588 kB
Node 1 Inactive:          27560 kB
Node 1 Active(anon):      17876 kB
Node 1 Inactive(anon):      556 kB
Node 1 Active(file):      35712 kB
Node 1 Inactive(file):    27004 kB
Node 1 Unevictable:       13720 kB
Node 1 Mlocked:           13720 kB
Node 1 Dirty:                 8 kB
Node 1 Writeback:             0 kB
Node 1 FilePages:         66840 kB
Node 1 Mapped:            17596 kB
Node 1 AnonPages:         28000 kB
Node 1 Shmem:               728 kB
Node 1 KernelStack:        1496 kB
Node 1 PageTables:          736 kB
Node 1 NFS_Unstable:          0 kB
Node 1 Bounce:                0 kB
Node 1 WritebackTmp:          0 kB
Node 1 KReclaimable:      17584 kB
Node 1 Slab:              82816 kB
Node 1 SReclaimable:      17584 kB
Node 1 SUnreclaim:        65232 kB
Node 1 AnonHugePages:         0 kB
Node 1 ShmemHugePages:        0 kB
Node 1 ShmemPmdMapped:        0 kB
Node 1 FileHugePages:        0 kB
Node 1 FilePmdMapped:        0 kB
Node 1 HugePages_Total:     0
Node 1 HugePages_Free:      0
Node 1 HugePages_Surp:      0

After Opposite Node
Node 0 MemTotal:       24743736 kB
Node 0 MemFree:        23610452 kB
Node 0 MemUsed:         1133284 kB
Node 0 Active:            52496 kB
Node 0 Inactive:         104532 kB
Node 0 Active(anon):      15400 kB
Node 0 Inactive(anon):      372 kB
Node 0 Active(file):      37096 kB
Node 0 Inactive(file):   104160 kB
Node 0 Unevictable:        4800 kB
Node 0 Mlocked:            4800 kB
Node 0 Dirty:                56 kB
Node 0 Writeback:             0 kB
Node 0 FilePages:        146680 kB
Node 0 Mapped:            61384 kB
Node 0 AnonPages:         15052 kB
Node 0 Shmem:               628 kB
Node 0 KernelStack:        3112 kB
Node 0 PageTables:          692 kB
Node 0 NFS_Unstable:          0 kB
Node 0 Bounce:                0 kB
Node 0 WritebackTmp:          0 kB
Node 0 KReclaimable:      26524 kB
Node 0 Slab:              71136 kB
Node 0 SReclaimable:      26524 kB
Node 0 SUnreclaim:        44612 kB
Node 0 AnonHugePages:         0 kB
Node 0 ShmemHugePages:        0 kB
Node 0 ShmemPmdMapped:        0 kB
Node 0 FileHugePages:        0 kB
Node 0 FilePmdMapped:        0 kB
Node 0 HugePages_Total:     0
Node 0 HugePages_Free:      0
Node 0 HugePages_Surp:      0

Node 1 MemTotal:       24686196 kB
Node 1 MemFree:        15880852 kB
Node 1 MemUsed:         8805344 kB
Node 1 Active:            53424 kB
Node 1 Inactive:          27384 kB
Node 1 Active(anon):      17548 kB
Node 1 Inactive(anon):      528 kB
Node 1 Active(file):      35876 kB
Node 1 Inactive(file):    26856 kB
Node 1 Unevictable:       13720 kB
Node 1 Mlocked:           13720 kB
Node 1 Dirty:                32 kB
Node 1 Writeback:             0 kB
Node 1 FilePages:         66812 kB
Node 1 Mapped:            17512 kB
Node 1 AnonPages:         27716 kB
Node 1 Shmem:               684 kB
Node 1 KernelStack:        1464 kB
Node 1 PageTables:          564 kB
Node 1 NFS_Unstable:          0 kB
Node 1 Bounce:                0 kB
Node 1 WritebackTmp:          0 kB
Node 1 KReclaimable:      17584 kB
Node 1 Slab:              82844 kB
Node 1 SReclaimable:      17584 kB
Node 1 SUnreclaim:        65260 kB
Node 1 AnonHugePages:         0 kB
Node 1 ShmemHugePages:        0 kB
Node 1 ShmemPmdMapped:        0 kB
Node 1 FileHugePages:        0 kB
Node 1 FilePmdMapped:        0 kB
Node 1 HugePages_Total:     0
Node 1 HugePages_Free:      0
Node 1 HugePages_Surp:      0

U.1.fio.8G.3.O.1M Complete!
