kernel.numa_balancing = 0
245 Tests Remaining!
U.1.fio.8G.2.O.1M
Begin
Node 0 MemTotal:       24743736 kB
Node 0 MemFree:        24393320 kB
Node 0 MemUsed:          350416 kB
Node 0 Active:            35544 kB
Node 0 Inactive:          37416 kB
Node 0 Active(anon):      19116 kB
Node 0 Inactive(anon):      448 kB
Node 0 Active(file):      16428 kB
Node 0 Inactive(file):    36968 kB
Node 0 Unevictable:         820 kB
Node 0 Mlocked:             820 kB
Node 0 Dirty:               364 kB
Node 0 Writeback:             0 kB
Node 0 FilePages:         54876 kB
Node 0 Mapped:            11696 kB
Node 0 AnonPages:         18856 kB
Node 0 Shmem:               652 kB
Node 0 KernelStack:        2376 kB
Node 0 PageTables:          584 kB
Node 0 NFS_Unstable:          0 kB
Node 0 Bounce:                0 kB
Node 0 WritebackTmp:          0 kB
Node 0 KReclaimable:      17844 kB
Node 0 Slab:              54360 kB
Node 0 SReclaimable:      17844 kB
Node 0 SUnreclaim:        36516 kB
Node 0 AnonHugePages:         0 kB
Node 0 ShmemHugePages:        0 kB
Node 0 ShmemPmdMapped:        0 kB
Node 0 FileHugePages:        0 kB
Node 0 FilePmdMapped:        0 kB
Node 0 HugePages_Total:     0
Node 0 HugePages_Free:      0
Node 0 HugePages_Surp:      0

Node 1 MemTotal:       24686196 kB
Node 1 MemFree:        24418152 kB
Node 1 MemUsed:          268044 kB
Node 1 Active:            60732 kB
Node 1 Inactive:          58444 kB
Node 1 Active(anon):      14964 kB
Node 1 Inactive(anon):      432 kB
Node 1 Active(file):      45768 kB
Node 1 Inactive(file):    58012 kB
Node 1 Unevictable:       17704 kB
Node 1 Mlocked:           17704 kB
Node 1 Dirty:               144 kB
Node 1 Writeback:             0 kB
Node 1 FilePages:        111772 kB
Node 1 Mapped:            28964 kB
Node 1 AnonPages:         25228 kB
Node 1 Shmem:               616 kB
Node 1 KernelStack:        1480 kB
Node 1 PageTables:          668 kB
Node 1 NFS_Unstable:          0 kB
Node 1 Bounce:                0 kB
Node 1 WritebackTmp:          0 kB
Node 1 KReclaimable:      24996 kB
Node 1 Slab:              55708 kB
Node 1 SReclaimable:      24996 kB
Node 1 SUnreclaim:        30712 kB
Node 1 AnonHugePages:         0 kB
Node 1 ShmemHugePages:        0 kB
Node 1 ShmemPmdMapped:        0 kB
Node 1 FileHugePages:        0 kB
Node 1 FilePmdMapped:        0 kB
Node 1 HugePages_Total:     0
Node 1 HugePages_Free:      0
Node 1 HugePages_Surp:      0

Load ZFS
Node 0 MemTotal:       24743736 kB
Node 0 MemFree:        24389776 kB
Node 0 MemUsed:          353960 kB
Node 0 Active:            41076 kB
Node 0 Inactive:          32996 kB
Node 0 Active(anon):      18592 kB
Node 0 Inactive(anon):      448 kB
Node 0 Active(file):      22484 kB
Node 0 Inactive(file):    32548 kB
Node 0 Unevictable:         820 kB
Node 0 Mlocked:             820 kB
Node 0 Dirty:               176 kB
Node 0 Writeback:             0 kB
Node 0 FilePages:         56516 kB
Node 0 Mapped:            11532 kB
Node 0 AnonPages:         18260 kB
Node 0 Shmem:               652 kB
Node 0 KernelStack:        2264 kB
Node 0 PageTables:          440 kB
Node 0 NFS_Unstable:          0 kB
Node 0 Bounce:                0 kB
Node 0 WritebackTmp:          0 kB
Node 0 KReclaimable:      18100 kB
Node 0 Slab:              55440 kB
Node 0 SReclaimable:      18100 kB
Node 0 SUnreclaim:        37340 kB
Node 0 AnonHugePages:         0 kB
Node 0 ShmemHugePages:        0 kB
Node 0 ShmemPmdMapped:        0 kB
Node 0 FileHugePages:        0 kB
Node 0 FilePmdMapped:        0 kB
Node 0 HugePages_Total:     0
Node 0 HugePages_Free:      0
Node 0 HugePages_Surp:      0

Node 1 MemTotal:       24686196 kB
Node 1 MemFree:        24411256 kB
Node 1 MemUsed:          274940 kB
Node 1 Active:            64068 kB
Node 1 Inactive:          58852 kB
Node 1 Active(anon):      17764 kB
Node 1 Inactive(anon):      432 kB
Node 1 Active(file):      46304 kB
Node 1 Inactive(file):    58420 kB
Node 1 Unevictable:       17704 kB
Node 1 Mlocked:           17704 kB
Node 1 Dirty:               140 kB
Node 1 Writeback:             0 kB
Node 1 FilePages:        112716 kB
Node 1 Mapped:            29124 kB
Node 1 AnonPages:         27968 kB
Node 1 Shmem:               616 kB
Node 1 KernelStack:        1464 kB
Node 1 PageTables:          824 kB
Node 1 NFS_Unstable:          0 kB
Node 1 Bounce:                0 kB
Node 1 WritebackTmp:          0 kB
Node 1 KReclaimable:      25396 kB
Node 1 Slab:              57640 kB
Node 1 SReclaimable:      25396 kB
Node 1 SUnreclaim:        32244 kB
Node 1 AnonHugePages:         0 kB
Node 1 ShmemHugePages:        0 kB
Node 1 ShmemPmdMapped:        0 kB
Node 1 FileHugePages:        0 kB
Node 1 FilePmdMapped:        0 kB
Node 1 HugePages_Total:     0
Node 1 HugePages_Free:      0
Node 1 HugePages_Surp:      0

Import tank ZPool
Node 0 MemTotal:       24743736 kB
Node 0 MemFree:        24369620 kB
Node 0 MemUsed:          374116 kB
Node 0 Active:            42376 kB
Node 0 Inactive:          34136 kB
Node 0 Active(anon):      19140 kB
Node 0 Inactive(anon):      452 kB
Node 0 Active(file):      23236 kB
Node 0 Inactive(file):    33684 kB
Node 0 Unevictable:         820 kB
Node 0 Mlocked:             820 kB
Node 0 Dirty:               208 kB
Node 0 Writeback:             0 kB
Node 0 FilePages:         58120 kB
Node 0 Mapped:            11716 kB
Node 0 AnonPages:         19140 kB
Node 0 Shmem:               652 kB
Node 0 KernelStack:        3352 kB
Node 0 PageTables:          480 kB
Node 0 NFS_Unstable:          0 kB
Node 0 Bounce:                0 kB
Node 0 WritebackTmp:          0 kB
Node 0 KReclaimable:      18252 kB
Node 0 Slab:              62092 kB
Node 0 SReclaimable:      18252 kB
Node 0 SUnreclaim:        43840 kB
Node 0 AnonHugePages:         0 kB
Node 0 ShmemHugePages:        0 kB
Node 0 ShmemPmdMapped:        0 kB
Node 0 FileHugePages:        0 kB
Node 0 FilePmdMapped:        0 kB
Node 0 HugePages_Total:     0
Node 0 HugePages_Free:      0
Node 0 HugePages_Surp:      0

Node 1 MemTotal:       24686196 kB
Node 1 MemFree:        24412736 kB
Node 1 MemUsed:          273460 kB
Node 1 Active:            64068 kB
Node 1 Inactive:          58852 kB
Node 1 Active(anon):      17764 kB
Node 1 Inactive(anon):      432 kB
Node 1 Active(file):      46304 kB
Node 1 Inactive(file):    58420 kB
Node 1 Unevictable:       17704 kB
Node 1 Mlocked:           17704 kB
Node 1 Dirty:               148 kB
Node 1 Writeback:             0 kB
Node 1 FilePages:        112716 kB
Node 1 Mapped:            29184 kB
Node 1 AnonPages:         27968 kB
Node 1 Shmem:               616 kB
Node 1 KernelStack:        1464 kB
Node 1 PageTables:          824 kB
Node 1 NFS_Unstable:          0 kB
Node 1 Bounce:                0 kB
Node 1 WritebackTmp:          0 kB
Node 1 KReclaimable:      25396 kB
Node 1 Slab:              57680 kB
Node 1 SReclaimable:      25396 kB
Node 1 SUnreclaim:        32284 kB
Node 1 AnonHugePages:         0 kB
Node 1 ShmemHugePages:        0 kB
Node 1 ShmemPmdMapped:        0 kB
Node 1 FileHugePages:        0 kB
Node 1 FilePmdMapped:        0 kB
Node 1 HugePages_Total:     0
Node 1 HugePages_Free:      0
Node 1 HugePages_Surp:      0

After Test
Node 0 MemTotal:       24743736 kB
Node 0 MemFree:        23757704 kB
Node 0 MemUsed:          986032 kB
Node 0 Active:            41824 kB
Node 0 Inactive:          33908 kB
Node 0 Active(anon):      18500 kB
Node 0 Inactive(anon):      452 kB
Node 0 Active(file):      23324 kB
Node 0 Inactive(file):    33456 kB
Node 0 Unevictable:         820 kB
Node 0 Mlocked:             820 kB
Node 0 Dirty:                20 kB
Node 0 Writeback:             0 kB
Node 0 FilePages:         58248 kB
Node 0 Mapped:            11532 kB
Node 0 AnonPages:         18300 kB
Node 0 Shmem:               652 kB
Node 0 KernelStack:        3208 kB
Node 0 PageTables:          436 kB
Node 0 NFS_Unstable:          0 kB
Node 0 Bounce:                0 kB
Node 0 WritebackTmp:          0 kB
Node 0 KReclaimable:      18268 kB
Node 0 Slab:              63788 kB
Node 0 SReclaimable:      18268 kB
Node 0 SUnreclaim:        45520 kB
Node 0 AnonHugePages:         0 kB
Node 0 ShmemHugePages:        0 kB
Node 0 ShmemPmdMapped:        0 kB
Node 0 FileHugePages:        0 kB
Node 0 FilePmdMapped:        0 kB
Node 0 HugePages_Total:     0
Node 0 HugePages_Free:      0
Node 0 HugePages_Surp:      0

Node 1 MemTotal:       24686196 kB
Node 1 MemFree:        15778252 kB
Node 1 MemUsed:         8907944 kB
Node 1 Active:            61452 kB
Node 1 Inactive:          60008 kB
Node 1 Active(anon):      14392 kB
Node 1 Inactive(anon):      456 kB
Node 1 Active(file):      47060 kB
Node 1 Inactive(file):    59552 kB
Node 1 Unevictable:       17704 kB
Node 1 Mlocked:           17704 kB
Node 1 Dirty:                12 kB
Node 1 Writeback:             0 kB
Node 1 FilePages:        114648 kB
Node 1 Mapped:            29220 kB
Node 1 AnonPages:         24436 kB
Node 1 Shmem:               660 kB
Node 1 KernelStack:        1432 kB
Node 1 PageTables:          684 kB
Node 1 NFS_Unstable:          0 kB
Node 1 Bounce:                0 kB
Node 1 WritebackTmp:          0 kB
Node 1 KReclaimable:      26768 kB
Node 1 Slab:              90308 kB
Node 1 SReclaimable:      26768 kB
Node 1 SUnreclaim:        63540 kB
Node 1 AnonHugePages:         0 kB
Node 1 ShmemHugePages:        0 kB
Node 1 ShmemPmdMapped:        0 kB
Node 1 FileHugePages:        0 kB
Node 1 FilePmdMapped:        0 kB
Node 1 HugePages_Total:     0
Node 1 HugePages_Free:      0
Node 1 HugePages_Surp:      0

After Opposite Node
Node 0 MemTotal:       24743736 kB
Node 0 MemFree:        23753304 kB
Node 0 MemUsed:          990432 kB
Node 0 Active:            42180 kB
Node 0 Inactive:          33936 kB
Node 0 Active(anon):      18828 kB
Node 0 Inactive(anon):      488 kB
Node 0 Active(file):      23352 kB
Node 0 Inactive(file):    33448 kB
Node 0 Unevictable:         820 kB
Node 0 Mlocked:             820 kB
Node 0 Dirty:                52 kB
Node 0 Writeback:             0 kB
Node 0 FilePages:         58312 kB
Node 0 Mapped:            11576 kB
Node 0 AnonPages:         18576 kB
Node 0 Shmem:               696 kB
Node 0 KernelStack:        3288 kB
Node 0 PageTables:          608 kB
Node 0 NFS_Unstable:          0 kB
Node 0 Bounce:                0 kB
Node 0 WritebackTmp:          0 kB
Node 0 KReclaimable:      18312 kB
Node 0 Slab:              65392 kB
Node 0 SReclaimable:      18312 kB
Node 0 SUnreclaim:        47080 kB
Node 0 AnonHugePages:         0 kB
Node 0 ShmemHugePages:        0 kB
Node 0 ShmemPmdMapped:        0 kB
Node 0 FileHugePages:        0 kB
Node 0 FilePmdMapped:        0 kB
Node 0 HugePages_Total:     0
Node 0 HugePages_Free:      0
Node 0 HugePages_Surp:      0

Node 1 MemTotal:       24686196 kB
Node 1 MemFree:        15780140 kB
Node 1 MemUsed:         8906056 kB
Node 1 Active:            61480 kB
Node 1 Inactive:          59820 kB
Node 1 Active(anon):      14240 kB
Node 1 Inactive(anon):      432 kB
Node 1 Active(file):      47240 kB
Node 1 Inactive(file):    59388 kB
Node 1 Unevictable:       17704 kB
Node 1 Mlocked:           17704 kB
Node 1 Dirty:                40 kB
Node 1 Writeback:             0 kB
Node 1 FilePages:        114620 kB
Node 1 Mapped:            29204 kB
Node 1 AnonPages:         24384 kB
Node 1 Shmem:               616 kB
Node 1 KernelStack:        1416 kB
Node 1 PageTables:          572 kB
Node 1 NFS_Unstable:          0 kB
Node 1 Bounce:                0 kB
Node 1 WritebackTmp:          0 kB
Node 1 KReclaimable:      26788 kB
Node 1 Slab:              90412 kB
Node 1 SReclaimable:      26788 kB
Node 1 SUnreclaim:        63624 kB
Node 1 AnonHugePages:         0 kB
Node 1 ShmemHugePages:        0 kB
Node 1 ShmemPmdMapped:        0 kB
Node 1 FileHugePages:        0 kB
Node 1 FilePmdMapped:        0 kB
Node 1 HugePages_Total:     0
Node 1 HugePages_Free:      0
Node 1 HugePages_Surp:      0

U.1.fio.8G.2.O.1M Complete!
