kernel.numa_balancing = 0
U.1.fio.250M.3.O.1M
Begin
Node 0 MemTotal:       24768352 kB
Node 0 MemFree:        24396288 kB
Node 0 MemUsed:          372064 kB
Node 0 Active:            24720 kB
Node 0 Inactive:          54308 kB
Node 0 Active(anon):       9284 kB
Node 0 Inactive(anon):      372 kB
Node 0 Active(file):      15436 kB
Node 0 Inactive(file):    53936 kB
Node 0 Unevictable:       12980 kB
Node 0 Mlocked:           12980 kB
Node 0 Dirty:               420 kB
Node 0 Writeback:             0 kB
Node 0 FilePages:         72592 kB
Node 0 Mapped:            38340 kB
Node 0 AnonPages:         19544 kB
Node 0 Shmem:               564 kB
Node 0 KernelStack:        2072 kB
Node 0 PageTables:          540 kB
Node 0 NFS_Unstable:          0 kB
Node 0 Bounce:                0 kB
Node 0 WritebackTmp:          0 kB
Node 0 KReclaimable:      24124 kB
Node 0 Slab:              60848 kB
Node 0 SReclaimable:      24124 kB
Node 0 SUnreclaim:        36724 kB
Node 0 AnonHugePages:         0 kB
Node 0 ShmemHugePages:        0 kB
Node 0 ShmemPmdMapped:        0 kB
Node 0 FileHugePages:        0 kB
Node 0 FilePmdMapped:        0 kB
Node 0 HugePages_Total:     0
Node 0 HugePages_Free:      0
Node 0 HugePages_Surp:      0

Node 1 MemTotal:       24661580 kB
Node 1 MemFree:        24391132 kB
Node 1 MemUsed:          270448 kB
Node 1 Active:            71440 kB
Node 1 Inactive:          63836 kB
Node 1 Active(anon):      24116 kB
Node 1 Inactive(anon):      496 kB
Node 1 Active(file):      47324 kB
Node 1 Inactive(file):    63340 kB
Node 1 Unevictable:        5540 kB
Node 1 Mlocked:            5540 kB
Node 1 Dirty:               188 kB
Node 1 Writeback:             0 kB
Node 1 FilePages:        117056 kB
Node 1 Mapped:            26212 kB
Node 1 AnonPages:         23940 kB
Node 1 Shmem:               704 kB
Node 1 KernelStack:        1592 kB
Node 1 PageTables:          580 kB
Node 1 NFS_Unstable:          0 kB
Node 1 Bounce:                0 kB
Node 1 WritebackTmp:          0 kB
Node 1 KReclaimable:      18364 kB
Node 1 Slab:              47476 kB
Node 1 SReclaimable:      18364 kB
Node 1 SUnreclaim:        29112 kB
Node 1 AnonHugePages:         0 kB
Node 1 ShmemHugePages:        0 kB
Node 1 ShmemPmdMapped:        0 kB
Node 1 FileHugePages:        0 kB
Node 1 FilePmdMapped:        0 kB
Node 1 HugePages_Total:     0
Node 1 HugePages_Free:      0
Node 1 HugePages_Surp:      0

Load ZFS
Node 0 MemTotal:       24768352 kB
Node 0 MemFree:        24522884 kB
Node 0 MemUsed:          245468 kB
Node 0 Active:            29808 kB
Node 0 Inactive:          54216 kB
Node 0 Active(anon):      13160 kB
Node 0 Inactive(anon):      372 kB
Node 0 Active(file):      16648 kB
Node 0 Inactive(file):    53844 kB
Node 0 Unevictable:       12980 kB
Node 0 Mlocked:           12980 kB
Node 0 Dirty:               448 kB
Node 0 Writeback:             0 kB
Node 0 FilePages:         73712 kB
Node 0 Mapped:            38356 kB
Node 0 AnonPages:         23460 kB
Node 0 Shmem:               564 kB
Node 0 KernelStack:        2216 kB
Node 0 PageTables:          900 kB
Node 0 NFS_Unstable:          0 kB
Node 0 Bounce:                0 kB
Node 0 WritebackTmp:          0 kB
Node 0 KReclaimable:      24604 kB
Node 0 Slab:              62436 kB
Node 0 SReclaimable:      24604 kB
Node 0 SUnreclaim:        37832 kB
Node 0 AnonHugePages:         0 kB
Node 0 ShmemHugePages:        0 kB
Node 0 ShmemPmdMapped:        0 kB
Node 0 FileHugePages:        0 kB
Node 0 FilePmdMapped:        0 kB
Node 0 HugePages_Total:     0
Node 0 HugePages_Free:      0
Node 0 HugePages_Surp:      0

Node 1 MemTotal:       24661580 kB
Node 1 MemFree:        24254224 kB
Node 1 MemUsed:          407356 kB
Node 1 Active:            77516 kB
Node 1 Inactive:          59812 kB
Node 1 Active(anon):      24736 kB
Node 1 Inactive(anon):      496 kB
Node 1 Active(file):      52780 kB
Node 1 Inactive(file):    59316 kB
Node 1 Unevictable:        5540 kB
Node 1 Mlocked:            5540 kB
Node 1 Dirty:               188 kB
Node 1 Writeback:             0 kB
Node 1 FilePages:        118336 kB
Node 1 Mapped:            26376 kB
Node 1 AnonPages:         24336 kB
Node 1 Shmem:               704 kB
Node 1 KernelStack:        1560 kB
Node 1 PageTables:          620 kB
Node 1 NFS_Unstable:          0 kB
Node 1 Bounce:                0 kB
Node 1 WritebackTmp:          0 kB
Node 1 KReclaimable:      18856 kB
Node 1 Slab:              49888 kB
Node 1 SReclaimable:      18856 kB
Node 1 SUnreclaim:        31032 kB
Node 1 AnonHugePages:         0 kB
Node 1 ShmemHugePages:        0 kB
Node 1 ShmemPmdMapped:        0 kB
Node 1 FileHugePages:        0 kB
Node 1 FilePmdMapped:        0 kB
Node 1 HugePages_Total:     0
Node 1 HugePages_Free:      0
Node 1 HugePages_Surp:      0

Import tank ZPool
Node 0 MemTotal:       24768352 kB
Node 0 MemFree:        24524712 kB
Node 0 MemUsed:          243640 kB
Node 0 Active:            26024 kB
Node 0 Inactive:          54180 kB
Node 0 Active(anon):       9340 kB
Node 0 Inactive(anon):      372 kB
Node 0 Active(file):      16684 kB
Node 0 Inactive(file):    53808 kB
Node 0 Unevictable:       12980 kB
Node 0 Mlocked:           12980 kB
Node 0 Dirty:               500 kB
Node 0 Writeback:             0 kB
Node 0 FilePages:         73712 kB
Node 0 Mapped:            38408 kB
Node 0 AnonPages:         19436 kB
Node 0 Shmem:               564 kB
Node 0 KernelStack:        2200 kB
Node 0 PageTables:          820 kB
Node 0 NFS_Unstable:          0 kB
Node 0 Bounce:                0 kB
Node 0 WritebackTmp:          0 kB
Node 0 KReclaimable:      24636 kB
Node 0 Slab:              62460 kB
Node 0 SReclaimable:      24636 kB
Node 0 SUnreclaim:        37824 kB
Node 0 AnonHugePages:         0 kB
Node 0 ShmemHugePages:        0 kB
Node 0 ShmemPmdMapped:        0 kB
Node 0 FileHugePages:        0 kB
Node 0 FilePmdMapped:        0 kB
Node 0 HugePages_Total:     0
Node 0 HugePages_Free:      0
Node 0 HugePages_Surp:      0

Node 1 MemTotal:       24661580 kB
Node 1 MemFree:        24235704 kB
Node 1 MemUsed:          425876 kB
Node 1 Active:            78416 kB
Node 1 Inactive:          60756 kB
Node 1 Active(anon):      24852 kB
Node 1 Inactive(anon):      500 kB
Node 1 Active(file):      53564 kB
Node 1 Inactive(file):    60256 kB
Node 1 Unevictable:        5540 kB
Node 1 Mlocked:            5540 kB
Node 1 Dirty:               244 kB
Node 1 Writeback:             0 kB
Node 1 FilePages:        120080 kB
Node 1 Mapped:            26256 kB
Node 1 AnonPages:         24280 kB
Node 1 Shmem:               704 kB
Node 1 KernelStack:        2680 kB
Node 1 PageTables:          656 kB
Node 1 NFS_Unstable:          0 kB
Node 1 Bounce:                0 kB
Node 1 WritebackTmp:          0 kB
Node 1 KReclaimable:      18960 kB
Node 1 Slab:              57084 kB
Node 1 SReclaimable:      18960 kB
Node 1 SUnreclaim:        38124 kB
Node 1 AnonHugePages:         0 kB
Node 1 ShmemHugePages:        0 kB
Node 1 ShmemPmdMapped:        0 kB
Node 1 FileHugePages:        0 kB
Node 1 FilePmdMapped:        0 kB
Node 1 HugePages_Total:     0
Node 1 HugePages_Free:      0
Node 1 HugePages_Surp:      0

After Test
Node 0 MemTotal:       24768352 kB
Node 0 MemFree:        24331800 kB
Node 0 MemUsed:          436552 kB
Node 0 Active:            25800 kB
Node 0 Inactive:          54140 kB
Node 0 Active(anon):       9076 kB
Node 0 Inactive(anon):      372 kB
Node 0 Active(file):      16724 kB
Node 0 Inactive(file):    53768 kB
Node 0 Unevictable:       12980 kB
Node 0 Mlocked:           12980 kB
Node 0 Dirty:               120 kB
Node 0 Writeback:             0 kB
Node 0 FilePages:         73712 kB
Node 0 Mapped:            38356 kB
Node 0 AnonPages:         19208 kB
Node 0 Shmem:               564 kB
Node 0 KernelStack:        2072 kB
Node 0 PageTables:          540 kB
Node 0 NFS_Unstable:          0 kB
Node 0 Bounce:                0 kB
Node 0 WritebackTmp:          0 kB
Node 0 KReclaimable:      24684 kB
Node 0 Slab:              63296 kB
Node 0 SReclaimable:      24684 kB
Node 0 SUnreclaim:        38612 kB
Node 0 AnonHugePages:         0 kB
Node 0 ShmemHugePages:        0 kB
Node 0 ShmemPmdMapped:        0 kB
Node 0 FileHugePages:        0 kB
Node 0 FilePmdMapped:        0 kB
Node 0 HugePages_Total:     0
Node 0 HugePages_Free:      0
Node 0 HugePages_Surp:      0

Node 1 MemTotal:       24661580 kB
Node 1 MemFree:        23890236 kB
Node 1 MemUsed:          771344 kB
Node 1 Active:            78936 kB
Node 1 Inactive:          61956 kB
Node 1 Active(anon):      24556 kB
Node 1 Inactive(anon):      528 kB
Node 1 Active(file):      54380 kB
Node 1 Inactive(file):    61428 kB
Node 1 Unevictable:        5540 kB
Node 1 Mlocked:            5540 kB
Node 1 Dirty:                36 kB
Node 1 Writeback:             0 kB
Node 1 FilePages:        122092 kB
Node 1 Mapped:            26448 kB
Node 1 AnonPages:         23824 kB
Node 1 Shmem:               748 kB
Node 1 KernelStack:        2728 kB
Node 1 PageTables:          748 kB
Node 1 NFS_Unstable:          0 kB
Node 1 Bounce:                0 kB
Node 1 WritebackTmp:          0 kB
Node 1 KReclaimable:      20284 kB
Node 1 Slab:              60920 kB
Node 1 SReclaimable:      20284 kB
Node 1 SUnreclaim:        40636 kB
Node 1 AnonHugePages:         0 kB
Node 1 ShmemHugePages:        0 kB
Node 1 ShmemPmdMapped:        0 kB
Node 1 FileHugePages:        0 kB
Node 1 FilePmdMapped:        0 kB
Node 1 HugePages_Total:     0
Node 1 HugePages_Free:      0
Node 1 HugePages_Surp:      0

After Opposite Node
Node 0 MemTotal:       24768352 kB
Node 0 MemFree:        24330660 kB
Node 0 MemUsed:          437692 kB
Node 0 Active:            25468 kB
Node 0 Inactive:          54172 kB
Node 0 Active(anon):       8740 kB
Node 0 Inactive(anon):      396 kB
Node 0 Active(file):      16728 kB
Node 0 Inactive(file):    53776 kB
Node 0 Unevictable:       12980 kB
Node 0 Mlocked:           12980 kB
Node 0 Dirty:               128 kB
Node 0 Writeback:             0 kB
Node 0 FilePages:         73768 kB
Node 0 Mapped:            38396 kB
Node 0 AnonPages:         18768 kB
Node 0 Shmem:               608 kB
Node 0 KernelStack:        2136 kB
Node 0 PageTables:          608 kB
Node 0 NFS_Unstable:          0 kB
Node 0 Bounce:                0 kB
Node 0 WritebackTmp:          0 kB
Node 0 KReclaimable:      24720 kB
Node 0 Slab:              63572 kB
Node 0 SReclaimable:      24720 kB
Node 0 SUnreclaim:        38852 kB
Node 0 AnonHugePages:         0 kB
Node 0 ShmemHugePages:        0 kB
Node 0 ShmemPmdMapped:        0 kB
Node 0 FileHugePages:        0 kB
Node 0 FilePmdMapped:        0 kB
Node 0 HugePages_Total:     0
Node 0 HugePages_Free:      0
Node 0 HugePages_Surp:      0

Node 1 MemTotal:       24661580 kB
Node 1 MemFree:        23890812 kB
Node 1 MemUsed:          770768 kB
Node 1 Active:            78768 kB
Node 1 Inactive:          61768 kB
Node 1 Active(anon):      24212 kB
Node 1 Inactive(anon):      500 kB
Node 1 Active(file):      54556 kB
Node 1 Inactive(file):    61268 kB
Node 1 Unevictable:        5540 kB
Node 1 Mlocked:            5540 kB
Node 1 Dirty:                52 kB
Node 1 Writeback:             0 kB
Node 1 FilePages:        122064 kB
Node 1 Mapped:            26456 kB
Node 1 AnonPages:         24008 kB
Node 1 Shmem:               704 kB
Node 1 KernelStack:        2664 kB
Node 1 PageTables:          592 kB
Node 1 NFS_Unstable:          0 kB
Node 1 Bounce:                0 kB
Node 1 WritebackTmp:          0 kB
Node 1 KReclaimable:      20284 kB
Node 1 Slab:              60968 kB
Node 1 SReclaimable:      20284 kB
Node 1 SUnreclaim:        40684 kB
Node 1 AnonHugePages:         0 kB
Node 1 ShmemHugePages:        0 kB
Node 1 ShmemPmdMapped:        0 kB
Node 1 FileHugePages:        0 kB
Node 1 FilePmdMapped:        0 kB
Node 1 HugePages_Total:     0
Node 1 HugePages_Free:      0
Node 1 HugePages_Surp:      0

U.1.fio.250M.3.O.1M Complete!
