kernel.numa_balancing = 0
U.1.fio.2G.2.O.1M
Begin
Node 0 MemTotal:       24768352 kB
Node 0 MemFree:        24533772 kB
Node 0 MemUsed:          234580 kB
Node 0 Active:            28696 kB
Node 0 Inactive:          59152 kB
Node 0 Active(anon):      17832 kB
Node 0 Inactive(anon):      444 kB
Node 0 Active(file):      10864 kB
Node 0 Inactive(file):    58708 kB
Node 0 Unevictable:       12976 kB
Node 0 Mlocked:           12976 kB
Node 0 Dirty:               392 kB
Node 0 Writeback:             0 kB
Node 0 FilePages:         72860 kB
Node 0 Mapped:            11736 kB
Node 0 AnonPages:         27972 kB
Node 0 Shmem:               644 kB
Node 0 KernelStack:        2168 kB
Node 0 PageTables:          624 kB
Node 0 NFS_Unstable:          0 kB
Node 0 Bounce:                0 kB
Node 0 WritebackTmp:          0 kB
Node 0 KReclaimable:      18184 kB
Node 0 Slab:              50940 kB
Node 0 SReclaimable:      18184 kB
Node 0 SUnreclaim:        32756 kB
Node 0 AnonHugePages:         0 kB
Node 0 ShmemHugePages:        0 kB
Node 0 ShmemPmdMapped:        0 kB
Node 0 FileHugePages:        0 kB
Node 0 FilePmdMapped:        0 kB
Node 0 HugePages_Total:     0
Node 0 HugePages_Free:      0
Node 0 HugePages_Surp:      0

Node 1 MemTotal:       24661580 kB
Node 1 MemFree:        24265692 kB
Node 1 MemUsed:          395888 kB
Node 1 Active:            66308 kB
Node 1 Inactive:          45352 kB
Node 1 Active(anon):      15876 kB
Node 1 Inactive(anon):      424 kB
Node 1 Active(file):      50432 kB
Node 1 Inactive(file):    44928 kB
Node 1 Unevictable:        5548 kB
Node 1 Mlocked:            5548 kB
Node 1 Dirty:                60 kB
Node 1 Writeback:             0 kB
Node 1 FilePages:        101980 kB
Node 1 Mapped:            41888 kB
Node 1 AnonPages:         15968 kB
Node 1 Shmem:               624 kB
Node 1 KernelStack:        1432 kB
Node 1 PageTables:          404 kB
Node 1 NFS_Unstable:          0 kB
Node 1 Bounce:                0 kB
Node 1 WritebackTmp:          0 kB
Node 1 KReclaimable:      23700 kB
Node 1 Slab:              54344 kB
Node 1 SReclaimable:      23700 kB
Node 1 SUnreclaim:        30644 kB
Node 1 AnonHugePages:         0 kB
Node 1 ShmemHugePages:        0 kB
Node 1 ShmemPmdMapped:        0 kB
Node 1 FileHugePages:        0 kB
Node 1 FilePmdMapped:        0 kB
Node 1 HugePages_Total:     0
Node 1 HugePages_Free:      0
Node 1 HugePages_Surp:      0

Load ZFS
Node 0 MemTotal:       24768352 kB
Node 0 MemFree:        24531992 kB
Node 0 MemUsed:          236360 kB
Node 0 Active:            30592 kB
Node 0 Inactive:          59404 kB
Node 0 Active(anon):      18940 kB
Node 0 Inactive(anon):      444 kB
Node 0 Active(file):      11652 kB
Node 0 Inactive(file):    58960 kB
Node 0 Unevictable:       12976 kB
Node 0 Mlocked:           12976 kB
Node 0 Dirty:               392 kB
Node 0 Writeback:             0 kB
Node 0 FilePages:         73900 kB
Node 0 Mapped:            11724 kB
Node 0 AnonPages:         29148 kB
Node 0 Shmem:               644 kB
Node 0 KernelStack:        2200 kB
Node 0 PageTables:          600 kB
Node 0 NFS_Unstable:          0 kB
Node 0 Bounce:                0 kB
Node 0 WritebackTmp:          0 kB
Node 0 KReclaimable:      18640 kB
Node 0 Slab:              52680 kB
Node 0 SReclaimable:      18640 kB
Node 0 SUnreclaim:        34040 kB
Node 0 AnonHugePages:         0 kB
Node 0 ShmemHugePages:        0 kB
Node 0 ShmemPmdMapped:        0 kB
Node 0 FileHugePages:        0 kB
Node 0 FilePmdMapped:        0 kB
Node 0 HugePages_Total:     0
Node 0 HugePages_Free:      0
Node 0 HugePages_Surp:      0

Node 1 MemTotal:       24661580 kB
Node 1 MemFree:        24259216 kB
Node 1 MemUsed:          402364 kB
Node 1 Active:            75584 kB
Node 1 Inactive:          41028 kB
Node 1 Active(anon):      19012 kB
Node 1 Inactive(anon):      424 kB
Node 1 Active(file):      56572 kB
Node 1 Inactive(file):    40604 kB
Node 1 Unevictable:        5548 kB
Node 1 Mlocked:            5548 kB
Node 1 Dirty:               120 kB
Node 1 Writeback:             0 kB
Node 1 FilePages:        103348 kB
Node 1 Mapped:            42064 kB
Node 1 AnonPages:         19112 kB
Node 1 Shmem:               624 kB
Node 1 KernelStack:        1528 kB
Node 1 PageTables:          840 kB
Node 1 NFS_Unstable:          0 kB
Node 1 Bounce:                0 kB
Node 1 WritebackTmp:          0 kB
Node 1 KReclaimable:      24312 kB
Node 1 Slab:              56684 kB
Node 1 SReclaimable:      24312 kB
Node 1 SUnreclaim:        32372 kB
Node 1 AnonHugePages:         0 kB
Node 1 ShmemHugePages:        0 kB
Node 1 ShmemPmdMapped:        0 kB
Node 1 FileHugePages:        0 kB
Node 1 FilePmdMapped:        0 kB
Node 1 HugePages_Total:     0
Node 1 HugePages_Free:      0
Node 1 HugePages_Surp:      0

Import tank ZPool
Node 0 MemTotal:       24768352 kB
Node 0 MemFree:        24521092 kB
Node 0 MemUsed:          247260 kB
Node 0 Active:            30656 kB
Node 0 Inactive:          59416 kB
Node 0 Active(anon):      18976 kB
Node 0 Inactive(anon):      444 kB
Node 0 Active(file):      11680 kB
Node 0 Inactive(file):    58972 kB
Node 0 Unevictable:       12976 kB
Node 0 Mlocked:           12976 kB
Node 0 Dirty:               164 kB
Node 0 Writeback:             0 kB
Node 0 FilePages:         73936 kB
Node 0 Mapped:            11792 kB
Node 0 AnonPages:         29148 kB
Node 0 Shmem:               640 kB
Node 0 KernelStack:        3304 kB
Node 0 PageTables:          600 kB
Node 0 NFS_Unstable:          0 kB
Node 0 Bounce:                0 kB
Node 0 WritebackTmp:          0 kB
Node 0 KReclaimable:      18644 kB
Node 0 Slab:              55404 kB
Node 0 SReclaimable:      18644 kB
Node 0 SUnreclaim:        36760 kB
Node 0 AnonHugePages:         0 kB
Node 0 ShmemHugePages:        0 kB
Node 0 ShmemPmdMapped:        0 kB
Node 0 FileHugePages:        0 kB
Node 0 FilePmdMapped:        0 kB
Node 0 HugePages_Total:     0
Node 0 HugePages_Free:      0
Node 0 HugePages_Surp:      0

Node 1 MemTotal:       24661580 kB
Node 1 MemFree:        24252244 kB
Node 1 MemUsed:          409336 kB
Node 1 Active:            76560 kB
Node 1 Inactive:          42216 kB
Node 1 Active(anon):      19484 kB
Node 1 Inactive(anon):      428 kB
Node 1 Active(file):      57076 kB
Node 1 Inactive(file):    41788 kB
Node 1 Unevictable:        5548 kB
Node 1 Mlocked:            5548 kB
Node 1 Dirty:               160 kB
Node 1 Writeback:             0 kB
Node 1 FilePages:        105080 kB
Node 1 Mapped:            42080 kB
Node 1 AnonPages:         19352 kB
Node 1 Shmem:               628 kB
Node 1 KernelStack:        1576 kB
Node 1 PageTables:          932 kB
Node 1 NFS_Unstable:          0 kB
Node 1 Bounce:                0 kB
Node 1 WritebackTmp:          0 kB
Node 1 KReclaimable:      24480 kB
Node 1 Slab:              61672 kB
Node 1 SReclaimable:      24480 kB
Node 1 SUnreclaim:        37192 kB
Node 1 AnonHugePages:         0 kB
Node 1 ShmemHugePages:        0 kB
Node 1 ShmemPmdMapped:        0 kB
Node 1 FileHugePages:        0 kB
Node 1 FilePmdMapped:        0 kB
Node 1 HugePages_Total:     0
Node 1 HugePages_Free:      0
Node 1 HugePages_Surp:      0

After Test
Node 0 MemTotal:       24768352 kB
Node 0 MemFree:        24122984 kB
Node 0 MemUsed:          645368 kB
Node 0 Active:            28768 kB
Node 0 Inactive:          59376 kB
Node 0 Active(anon):      17048 kB
Node 0 Inactive(anon):      444 kB
Node 0 Active(file):      11720 kB
Node 0 Inactive(file):    58932 kB
Node 0 Unevictable:       12976 kB
Node 0 Mlocked:           12976 kB
Node 0 Dirty:                12 kB
Node 0 Writeback:             0 kB
Node 0 FilePages:         73936 kB
Node 0 Mapped:            11724 kB
Node 0 AnonPages:         27180 kB
Node 0 Shmem:               640 kB
Node 0 KernelStack:        3272 kB
Node 0 PageTables:          600 kB
Node 0 NFS_Unstable:          0 kB
Node 0 Bounce:                0 kB
Node 0 WritebackTmp:          0 kB
Node 0 KReclaimable:      18660 kB
Node 0 Slab:              57128 kB
Node 0 SReclaimable:      18660 kB
Node 0 SUnreclaim:        38468 kB
Node 0 AnonHugePages:         0 kB
Node 0 ShmemHugePages:        0 kB
Node 0 ShmemPmdMapped:        0 kB
Node 0 FileHugePages:        0 kB
Node 0 FilePmdMapped:        0 kB
Node 0 HugePages_Total:     0
Node 0 HugePages_Free:      0
Node 0 HugePages_Surp:      0

Node 1 MemTotal:       24661580 kB
Node 1 MemFree:        21712256 kB
Node 1 MemUsed:         2949324 kB
Node 1 Active:            74168 kB
Node 1 Inactive:          43152 kB
Node 1 Active(anon):      15972 kB
Node 1 Inactive(anon):      452 kB
Node 1 Active(file):      58196 kB
Node 1 Inactive(file):    42700 kB
Node 1 Unevictable:        5548 kB
Node 1 Mlocked:            5548 kB
Node 1 Dirty:                28 kB
Node 1 Writeback:             0 kB
Node 1 FilePages:        107116 kB
Node 1 Mapped:            42136 kB
Node 1 AnonPages:         15672 kB
Node 1 Shmem:               672 kB
Node 1 KernelStack:        1384 kB
Node 1 PageTables:          568 kB
Node 1 NFS_Unstable:          0 kB
Node 1 Bounce:                0 kB
Node 1 WritebackTmp:          0 kB
Node 1 KReclaimable:      25804 kB
Node 1 Slab:              75348 kB
Node 1 SReclaimable:      25804 kB
Node 1 SUnreclaim:        49544 kB
Node 1 AnonHugePages:         0 kB
Node 1 ShmemHugePages:        0 kB
Node 1 ShmemPmdMapped:        0 kB
Node 1 FileHugePages:        0 kB
Node 1 FilePmdMapped:        0 kB
Node 1 HugePages_Total:     0
Node 1 HugePages_Free:      0
Node 1 HugePages_Surp:      0

After Opposite Node
Node 0 MemTotal:       24768352 kB
Node 0 MemFree:        24122976 kB
Node 0 MemUsed:          645376 kB
Node 0 Active:            28948 kB
Node 0 Inactive:          59408 kB
Node 0 Active(anon):      17224 kB
Node 0 Inactive(anon):      468 kB
Node 0 Active(file):      11724 kB
Node 0 Inactive(file):    58940 kB
Node 0 Unevictable:       12976 kB
Node 0 Mlocked:           12976 kB
Node 0 Dirty:                20 kB
Node 0 Writeback:             0 kB
Node 0 FilePages:         73992 kB
Node 0 Mapped:            11768 kB
Node 0 AnonPages:         27240 kB
Node 0 Shmem:               684 kB
Node 0 KernelStack:        3304 kB
Node 0 PageTables:          712 kB
Node 0 NFS_Unstable:          0 kB
Node 0 Bounce:                0 kB
Node 0 WritebackTmp:          0 kB
Node 0 KReclaimable:      18692 kB
Node 0 Slab:              57772 kB
Node 0 SReclaimable:      18692 kB
Node 0 SUnreclaim:        39080 kB
Node 0 AnonHugePages:         0 kB
Node 0 ShmemHugePages:        0 kB
Node 0 ShmemPmdMapped:        0 kB
Node 0 FileHugePages:        0 kB
Node 0 FilePmdMapped:        0 kB
Node 0 HugePages_Total:     0
Node 0 HugePages_Free:      0
Node 0 HugePages_Surp:      0

Node 1 MemTotal:       24661580 kB
Node 1 MemFree:        21713904 kB
Node 1 MemUsed:         2947676 kB
Node 1 Active:            74200 kB
Node 1 Inactive:          42952 kB
Node 1 Active(anon):      15812 kB
Node 1 Inactive(anon):      428 kB
Node 1 Active(file):      58388 kB
Node 1 Inactive(file):    42524 kB
Node 1 Unevictable:        5548 kB
Node 1 Mlocked:            5548 kB
Node 1 Dirty:                48 kB
Node 1 Writeback:             0 kB
Node 1 FilePages:        107088 kB
Node 1 Mapped:            42112 kB
Node 1 AnonPages:         15612 kB
Node 1 Shmem:               628 kB
Node 1 KernelStack:        1352 kB
Node 1 PageTables:          452 kB
Node 1 NFS_Unstable:          0 kB
Node 1 Bounce:                0 kB
Node 1 WritebackTmp:          0 kB
Node 1 KReclaimable:      25804 kB
Node 1 Slab:              75180 kB
Node 1 SReclaimable:      25804 kB
Node 1 SUnreclaim:        49376 kB
Node 1 AnonHugePages:         0 kB
Node 1 ShmemHugePages:        0 kB
Node 1 ShmemPmdMapped:        0 kB
Node 1 FileHugePages:        0 kB
Node 1 FilePmdMapped:        0 kB
Node 1 HugePages_Total:     0
Node 1 HugePages_Free:      0
Node 1 HugePages_Surp:      0

U.1.fio.2G.2.O.1M Complete!
