kernel.numa_balancing = 0
U.1.fio.16G.2.O.1M
Begin
Node 0 MemTotal:       24743736 kB
Node 0 MemFree:        24541080 kB
Node 0 MemUsed:          202656 kB
Node 0 Active:            32236 kB
Node 0 Inactive:          30288 kB
Node 0 Active(anon):      13844 kB
Node 0 Inactive(anon):      352 kB
Node 0 Active(file):      18392 kB
Node 0 Inactive(file):    29936 kB
Node 0 Unevictable:         220 kB
Node 0 Mlocked:             220 kB
Node 0 Dirty:                96 kB
Node 0 Writeback:             0 kB
Node 0 FilePages:         49112 kB
Node 0 Mapped:            16776 kB
Node 0 AnonPages:         13660 kB
Node 0 Shmem:               564 kB
Node 0 KernelStack:        2232 kB
Node 0 PageTables:          552 kB
Node 0 NFS_Unstable:          0 kB
Node 0 Bounce:                0 kB
Node 0 WritebackTmp:          0 kB
Node 0 KReclaimable:      18412 kB
Node 0 Slab:              52732 kB
Node 0 SReclaimable:      18412 kB
Node 0 SUnreclaim:        34320 kB
Node 0 AnonHugePages:         0 kB
Node 0 ShmemHugePages:        0 kB
Node 0 ShmemPmdMapped:        0 kB
Node 0 FileHugePages:        0 kB
Node 0 FilePmdMapped:        0 kB
Node 0 HugePages_Total:     0
Node 0 HugePages_Free:      0
Node 0 HugePages_Surp:      0

Node 1 MemTotal:       24686196 kB
Node 1 MemFree:        24270308 kB
Node 1 MemUsed:          415888 kB
Node 1 Active:            63888 kB
Node 1 Inactive:          67396 kB
Node 1 Active(anon):      20052 kB
Node 1 Inactive(anon):      532 kB
Node 1 Active(file):      43836 kB
Node 1 Inactive(file):    66864 kB
Node 1 Unevictable:       18304 kB
Node 1 Mlocked:           18304 kB
Node 1 Dirty:               440 kB
Node 1 Writeback:             0 kB
Node 1 FilePages:        119416 kB
Node 1 Mapped:            35608 kB
Node 1 AnonPages:         30264 kB
Node 1 Shmem:               704 kB
Node 1 KernelStack:        1400 kB
Node 1 PageTables:          580 kB
Node 1 NFS_Unstable:          0 kB
Node 1 Bounce:                0 kB
Node 1 WritebackTmp:          0 kB
Node 1 KReclaimable:      22772 kB
Node 1 Slab:              52360 kB
Node 1 SReclaimable:      22772 kB
Node 1 SUnreclaim:        29588 kB
Node 1 AnonHugePages:         0 kB
Node 1 ShmemHugePages:        0 kB
Node 1 ShmemPmdMapped:        0 kB
Node 1 FileHugePages:        0 kB
Node 1 FilePmdMapped:        0 kB
Node 1 HugePages_Total:     0
Node 1 HugePages_Free:      0
Node 1 HugePages_Surp:      0

Load ZFS
Node 0 MemTotal:       24743736 kB
Node 0 MemFree:        24543260 kB
Node 0 MemUsed:          200476 kB
Node 0 Active:            38296 kB
Node 0 Inactive:          25832 kB
Node 0 Active(anon):      14176 kB
Node 0 Inactive(anon):      352 kB
Node 0 Active(file):      24120 kB
Node 0 Inactive(file):    25480 kB
Node 0 Unevictable:         220 kB
Node 0 Mlocked:             220 kB
Node 0 Dirty:               120 kB
Node 0 Writeback:             0 kB
Node 0 FilePages:         50384 kB
Node 0 Mapped:            16776 kB
Node 0 AnonPages:         14020 kB
Node 0 Shmem:               564 kB
Node 0 KernelStack:        2248 kB
Node 0 PageTables:          552 kB
Node 0 NFS_Unstable:          0 kB
Node 0 Bounce:                0 kB
Node 0 WritebackTmp:          0 kB
Node 0 KReclaimable:      18912 kB
Node 0 Slab:              54492 kB
Node 0 SReclaimable:      18912 kB
Node 0 SUnreclaim:        35580 kB
Node 0 AnonHugePages:         0 kB
Node 0 ShmemHugePages:        0 kB
Node 0 ShmemPmdMapped:        0 kB
Node 0 FileHugePages:        0 kB
Node 0 FilePmdMapped:        0 kB
Node 0 HugePages_Total:     0
Node 0 HugePages_Free:      0
Node 0 HugePages_Surp:      0

Node 1 MemTotal:       24686196 kB
Node 1 MemFree:        24258736 kB
Node 1 MemUsed:          427460 kB
Node 1 Active:            67656 kB
Node 1 Inactive:          67872 kB
Node 1 Active(anon):      23008 kB
Node 1 Inactive(anon):      532 kB
Node 1 Active(file):      44648 kB
Node 1 Inactive(file):    67340 kB
Node 1 Unevictable:       18304 kB
Node 1 Mlocked:           18304 kB
Node 1 Dirty:               452 kB
Node 1 Writeback:             0 kB
Node 1 FilePages:        120664 kB
Node 1 Mapped:            35768 kB
Node 1 AnonPages:         33108 kB
Node 1 Shmem:               704 kB
Node 1 KernelStack:        1480 kB
Node 1 PageTables:          768 kB
Node 1 NFS_Unstable:          0 kB
Node 1 Bounce:                0 kB
Node 1 WritebackTmp:          0 kB
Node 1 KReclaimable:      23156 kB
Node 1 Slab:              53936 kB
Node 1 SReclaimable:      23156 kB
Node 1 SUnreclaim:        30780 kB
Node 1 AnonHugePages:         0 kB
Node 1 ShmemHugePages:        0 kB
Node 1 ShmemPmdMapped:        0 kB
Node 1 FileHugePages:        0 kB
Node 1 FilePmdMapped:        0 kB
Node 1 HugePages_Total:     0
Node 1 HugePages_Free:      0
Node 1 HugePages_Surp:      0

Import tank ZPool
Node 0 MemTotal:       24743736 kB
Node 0 MemFree:        24528296 kB
Node 0 MemUsed:          215440 kB
Node 0 Active:            38404 kB
Node 0 Inactive:          25792 kB
Node 0 Active(anon):      14240 kB
Node 0 Inactive(anon):      352 kB
Node 0 Active(file):      24164 kB
Node 0 Inactive(file):    25440 kB
Node 0 Unevictable:         220 kB
Node 0 Mlocked:             220 kB
Node 0 Dirty:               144 kB
Node 0 Writeback:             0 kB
Node 0 FilePages:         50388 kB
Node 0 Mapped:            16800 kB
Node 0 AnonPages:         14052 kB
Node 0 Shmem:               564 kB
Node 0 KernelStack:        3336 kB
Node 0 PageTables:          552 kB
Node 0 NFS_Unstable:          0 kB
Node 0 Bounce:                0 kB
Node 0 WritebackTmp:          0 kB
Node 0 KReclaimable:      18912 kB
Node 0 Slab:              56732 kB
Node 0 SReclaimable:      18912 kB
Node 0 SUnreclaim:        37820 kB
Node 0 AnonHugePages:         0 kB
Node 0 ShmemHugePages:        0 kB
Node 0 ShmemPmdMapped:        0 kB
Node 0 FileHugePages:        0 kB
Node 0 FilePmdMapped:        0 kB
Node 0 HugePages_Total:     0
Node 0 HugePages_Free:      0
Node 0 HugePages_Surp:      0

Node 1 MemTotal:       24686196 kB
Node 1 MemFree:        24249596 kB
Node 1 MemUsed:          436600 kB
Node 1 Active:            68868 kB
Node 1 Inactive:          68920 kB
Node 1 Active(anon):      23536 kB
Node 1 Inactive(anon):      536 kB
Node 1 Active(file):      45332 kB
Node 1 Inactive(file):    68384 kB
Node 1 Unevictable:       18304 kB
Node 1 Mlocked:           18304 kB
Node 1 Dirty:               236 kB
Node 1 Writeback:             0 kB
Node 1 FilePages:        122416 kB
Node 1 Mapped:            35640 kB
Node 1 AnonPages:         33200 kB
Node 1 Shmem:               704 kB
Node 1 KernelStack:        1496 kB
Node 1 PageTables:          816 kB
Node 1 NFS_Unstable:          0 kB
Node 1 Bounce:                0 kB
Node 1 WritebackTmp:          0 kB
Node 1 KReclaimable:      23324 kB
Node 1 Slab:              60104 kB
Node 1 SReclaimable:      23324 kB
Node 1 SUnreclaim:        36780 kB
Node 1 AnonHugePages:         0 kB
Node 1 ShmemHugePages:        0 kB
Node 1 ShmemPmdMapped:        0 kB
Node 1 FileHugePages:        0 kB
Node 1 FilePmdMapped:        0 kB
Node 1 HugePages_Total:     0
Node 1 HugePages_Free:      0
Node 1 HugePages_Surp:      0

After Test
Node 0 MemTotal:       24743736 kB
Node 0 MemFree:        23780980 kB
Node 0 MemUsed:          962756 kB
Node 0 Active:            38072 kB
Node 0 Inactive:          26332 kB
Node 0 Active(anon):      13668 kB
Node 0 Inactive(anon):      352 kB
Node 0 Active(file):      24404 kB
Node 0 Inactive(file):    25980 kB
Node 0 Unevictable:         220 kB
Node 0 Mlocked:             220 kB
Node 0 Dirty:                12 kB
Node 0 Writeback:             0 kB
Node 0 FilePages:         51168 kB
Node 0 Mapped:            16780 kB
Node 0 AnonPages:         13456 kB
Node 0 Shmem:               564 kB
Node 0 KernelStack:        3160 kB
Node 0 PageTables:          552 kB
Node 0 NFS_Unstable:          0 kB
Node 0 Bounce:                0 kB
Node 0 WritebackTmp:          0 kB
Node 0 KReclaimable:      19188 kB
Node 0 Slab:              60580 kB
Node 0 SReclaimable:      19188 kB
Node 0 SUnreclaim:        41392 kB
Node 0 AnonHugePages:         0 kB
Node 0 ShmemHugePages:        0 kB
Node 0 ShmemPmdMapped:        0 kB
Node 0 FileHugePages:        0 kB
Node 0 FilePmdMapped:        0 kB
Node 0 HugePages_Total:     0
Node 0 HugePages_Free:      0
Node 0 HugePages_Surp:      0

Node 1 MemTotal:       24686196 kB
Node 1 MemFree:         7337192 kB
Node 1 MemUsed:        17349004 kB
Node 1 Active:            65880 kB
Node 1 Inactive:          70052 kB
Node 1 Active(anon):      19512 kB
Node 1 Inactive(anon):      564 kB
Node 1 Active(file):      46368 kB
Node 1 Inactive(file):    69488 kB
Node 1 Unevictable:       18304 kB
Node 1 Mlocked:           18304 kB
Node 1 Dirty:                48 kB
Node 1 Writeback:             0 kB
Node 1 FilePages:        124584 kB
Node 1 Mapped:            35868 kB
Node 1 AnonPages:         29192 kB
Node 1 Shmem:               748 kB
Node 1 KernelStack:        1288 kB
Node 1 PageTables:          696 kB
Node 1 NFS_Unstable:          0 kB
Node 1 Bounce:                0 kB
Node 1 WritebackTmp:          0 kB
Node 1 KReclaimable:      24740 kB
Node 1 Slab:             117972 kB
Node 1 SReclaimable:      24740 kB
Node 1 SUnreclaim:        93232 kB
Node 1 AnonHugePages:         0 kB
Node 1 ShmemHugePages:        0 kB
Node 1 ShmemPmdMapped:        0 kB
Node 1 FileHugePages:        0 kB
Node 1 FilePmdMapped:        0 kB
Node 1 HugePages_Total:     0
Node 1 HugePages_Free:      0
Node 1 HugePages_Surp:      0

After Opposite Node
Node 0 MemTotal:       24743736 kB
Node 0 MemFree:        23781212 kB
Node 0 MemUsed:          962524 kB
Node 0 Active:            38628 kB
Node 0 Inactive:          26360 kB
Node 0 Active(anon):      14196 kB
Node 0 Inactive(anon):      388 kB
Node 0 Active(file):      24432 kB
Node 0 Inactive(file):    25972 kB
Node 0 Unevictable:         220 kB
Node 0 Mlocked:             220 kB
Node 0 Dirty:                36 kB
Node 0 Writeback:             0 kB
Node 0 FilePages:         51232 kB
Node 0 Mapped:            16824 kB
Node 0 AnonPages:         13844 kB
Node 0 Shmem:               608 kB
Node 0 KernelStack:        3176 kB
Node 0 PageTables:          664 kB
Node 0 NFS_Unstable:          0 kB
Node 0 Bounce:                0 kB
Node 0 WritebackTmp:          0 kB
Node 0 KReclaimable:      19220 kB
Node 0 Slab:              62580 kB
Node 0 SReclaimable:      19220 kB
Node 0 SUnreclaim:        43360 kB
Node 0 AnonHugePages:         0 kB
Node 0 ShmemHugePages:        0 kB
Node 0 ShmemPmdMapped:        0 kB
Node 0 FileHugePages:        0 kB
Node 0 FilePmdMapped:        0 kB
Node 0 HugePages_Total:     0
Node 0 HugePages_Free:      0
Node 0 HugePages_Surp:      0

Node 1 MemTotal:       24686196 kB
Node 1 MemFree:         7338432 kB
Node 1 MemUsed:        17347764 kB
Node 1 Active:            65436 kB
Node 1 Inactive:          69844 kB
Node 1 Active(anon):      18864 kB
Node 1 Inactive(anon):      536 kB
Node 1 Active(file):      46572 kB
Node 1 Inactive(file):    69308 kB
Node 1 Unevictable:       18304 kB
Node 1 Mlocked:           18304 kB
Node 1 Dirty:                52 kB
Node 1 Writeback:             0 kB
Node 1 FilePages:        124564 kB
Node 1 Mapped:            35852 kB
Node 1 AnonPages:         29024 kB
Node 1 Shmem:               704 kB
Node 1 KernelStack:        1256 kB
Node 1 PageTables:          516 kB
Node 1 NFS_Unstable:          0 kB
Node 1 Bounce:                0 kB
Node 1 WritebackTmp:          0 kB
Node 1 KReclaimable:      24740 kB
Node 1 Slab:             115960 kB
Node 1 SReclaimable:      24740 kB
Node 1 SUnreclaim:        91220 kB
Node 1 AnonHugePages:         0 kB
Node 1 ShmemHugePages:        0 kB
Node 1 ShmemPmdMapped:        0 kB
Node 1 FileHugePages:        0 kB
Node 1 FilePmdMapped:        0 kB
Node 1 HugePages_Total:     0
Node 1 HugePages_Free:      0
Node 1 HugePages_Surp:      0

U.1.fio.16G.2.O.1M Complete!
