kernel.numa_balancing = 0
U.1.fio.2-1G.3.O.1M
Begin
Node 0 MemTotal:       24768352 kB
Node 0 MemFree:        24341708 kB
Node 0 MemUsed:          426644 kB
Node 0 Active:            62712 kB
Node 0 Inactive:          78848 kB
Node 0 Active(anon):      22404 kB
Node 0 Inactive(anon):      412 kB
Node 0 Active(file):      40308 kB
Node 0 Inactive(file):    78436 kB
Node 0 Unevictable:       12776 kB
Node 0 Mlocked:           12776 kB
Node 0 Dirty:                36 kB
Node 0 Writeback:             0 kB
Node 0 FilePages:        121864 kB
Node 0 Mapped:            53500 kB
Node 0 AnonPages:         32556 kB
Node 0 Shmem:               628 kB
Node 0 KernelStack:        2264 kB
Node 0 PageTables:          928 kB
Node 0 NFS_Unstable:          0 kB
Node 0 Bounce:                0 kB
Node 0 WritebackTmp:          0 kB
Node 0 KReclaimable:      22504 kB
Node 0 Slab:              54972 kB
Node 0 SReclaimable:      22504 kB
Node 0 SUnreclaim:        32468 kB
Node 0 AnonHugePages:         0 kB
Node 0 ShmemHugePages:        0 kB
Node 0 ShmemPmdMapped:        0 kB
Node 0 FileHugePages:        0 kB
Node 0 FilePmdMapped:        0 kB
Node 0 HugePages_Total:     0
Node 0 HugePages_Free:      0
Node 0 HugePages_Surp:      0

Node 1 MemTotal:       24661580 kB
Node 1 MemFree:        24404284 kB
Node 1 MemUsed:          257296 kB
Node 1 Active:            35892 kB
Node 1 Inactive:          80488 kB
Node 1 Active(anon):      12116 kB
Node 1 Inactive(anon):      456 kB
Node 1 Active(file):      23776 kB
Node 1 Inactive(file):    80032 kB
Node 1 Unevictable:        5744 kB
Node 1 Mlocked:            5744 kB
Node 1 Dirty:                40 kB
Node 1 Writeback:             0 kB
Node 1 FilePages:        110188 kB
Node 1 Mapped:            43620 kB
Node 1 AnonPages:         11984 kB
Node 1 Shmem:               640 kB
Node 1 KernelStack:        1368 kB
Node 1 PageTables:          496 kB
Node 1 NFS_Unstable:          0 kB
Node 1 Bounce:                0 kB
Node 1 WritebackTmp:          0 kB
Node 1 KReclaimable:      18968 kB
Node 1 Slab:              50592 kB
Node 1 SReclaimable:      18968 kB
Node 1 SUnreclaim:        31624 kB
Node 1 AnonHugePages:         0 kB
Node 1 ShmemHugePages:        0 kB
Node 1 ShmemPmdMapped:        0 kB
Node 1 FileHugePages:        0 kB
Node 1 FilePmdMapped:        0 kB
Node 1 HugePages_Total:     0
Node 1 HugePages_Free:      0
Node 1 HugePages_Surp:      0

Load ZFS
Node 0 MemTotal:       24768352 kB
Node 0 MemFree:        24336972 kB
Node 0 MemUsed:          431380 kB
Node 0 Active:            70344 kB
Node 0 Inactive:          74280 kB
Node 0 Active(anon):      24212 kB
Node 0 Inactive(anon):      412 kB
Node 0 Active(file):      46132 kB
Node 0 Inactive(file):    73868 kB
Node 0 Unevictable:       12776 kB
Node 0 Mlocked:           12776 kB
Node 0 Dirty:                92 kB
Node 0 Writeback:             0 kB
Node 0 FilePages:        123080 kB
Node 0 Mapped:            53488 kB
Node 0 AnonPages:         34600 kB
Node 0 Shmem:               628 kB
Node 0 KernelStack:        2328 kB
Node 0 PageTables:         1040 kB
Node 0 NFS_Unstable:          0 kB
Node 0 Bounce:                0 kB
Node 0 WritebackTmp:          0 kB
Node 0 KReclaimable:      22892 kB
Node 0 Slab:              56624 kB
Node 0 SReclaimable:      22892 kB
Node 0 SUnreclaim:        33732 kB
Node 0 AnonHugePages:         0 kB
Node 0 ShmemHugePages:        0 kB
Node 0 ShmemPmdMapped:        0 kB
Node 0 FileHugePages:        0 kB
Node 0 FilePmdMapped:        0 kB
Node 0 HugePages_Total:     0
Node 0 HugePages_Free:      0
Node 0 HugePages_Surp:      0

Node 1 MemTotal:       24661580 kB
Node 1 MemFree:        24397696 kB
Node 1 MemUsed:          263884 kB
Node 1 Active:            39972 kB
Node 1 Inactive:          81052 kB
Node 1 Active(anon):      15452 kB
Node 1 Inactive(anon):      460 kB
Node 1 Active(file):      24520 kB
Node 1 Inactive(file):    80592 kB
Node 1 Unevictable:        5744 kB
Node 1 Mlocked:            5744 kB
Node 1 Dirty:                52 kB
Node 1 Writeback:             0 kB
Node 1 FilePages:        111492 kB
Node 1 Mapped:            43720 kB
Node 1 AnonPages:         15396 kB
Node 1 Shmem:               640 kB
Node 1 KernelStack:        1432 kB
Node 1 PageTables:          684 kB
Node 1 NFS_Unstable:          0 kB
Node 1 Bounce:                0 kB
Node 1 WritebackTmp:          0 kB
Node 1 KReclaimable:      19428 kB
Node 1 Slab:              52568 kB
Node 1 SReclaimable:      19428 kB
Node 1 SUnreclaim:        33140 kB
Node 1 AnonHugePages:         0 kB
Node 1 ShmemHugePages:        0 kB
Node 1 ShmemPmdMapped:        0 kB
Node 1 FileHugePages:        0 kB
Node 1 FilePmdMapped:        0 kB
Node 1 HugePages_Total:     0
Node 1 HugePages_Free:      0
Node 1 HugePages_Surp:      0

Import tank ZPool
Node 0 MemTotal:       24768352 kB
Node 0 MemFree:        24334388 kB
Node 0 MemUsed:          433964 kB
Node 0 Active:            67976 kB
Node 0 Inactive:          75404 kB
Node 0 Active(anon):      21444 kB
Node 0 Inactive(anon):      416 kB
Node 0 Active(file):      46532 kB
Node 0 Inactive(file):    74988 kB
Node 0 Unevictable:       12776 kB
Node 0 Mlocked:           12776 kB
Node 0 Dirty:                16 kB
Node 0 Writeback:             0 kB
Node 0 FilePages:        124620 kB
Node 0 Mapped:            53692 kB
Node 0 AnonPages:         31580 kB
Node 0 Shmem:               632 kB
Node 0 KernelStack:        2360 kB
Node 0 PageTables:          872 kB
Node 0 NFS_Unstable:          0 kB
Node 0 Bounce:                0 kB
Node 0 WritebackTmp:          0 kB
Node 0 KReclaimable:      23016 kB
Node 0 Slab:              61608 kB
Node 0 SReclaimable:      23016 kB
Node 0 SUnreclaim:        38592 kB
Node 0 AnonHugePages:         0 kB
Node 0 ShmemHugePages:        0 kB
Node 0 ShmemPmdMapped:        0 kB
Node 0 FileHugePages:        0 kB
Node 0 FilePmdMapped:        0 kB
Node 0 HugePages_Total:     0
Node 0 HugePages_Free:      0
Node 0 HugePages_Surp:      0

Node 1 MemTotal:       24661580 kB
Node 1 MemFree:        24383420 kB
Node 1 MemUsed:          278160 kB
Node 1 Active:            36892 kB
Node 1 Inactive:          81124 kB
Node 1 Active(anon):      12256 kB
Node 1 Inactive(anon):      460 kB
Node 1 Active(file):      24636 kB
Node 1 Inactive(file):    80664 kB
Node 1 Unevictable:        5744 kB
Node 1 Mlocked:            5744 kB
Node 1 Dirty:                16 kB
Node 1 Writeback:             0 kB
Node 1 FilePages:        111696 kB
Node 1 Mapped:            43612 kB
Node 1 AnonPages:         11420 kB
Node 1 Shmem:               636 kB
Node 1 KernelStack:        2344 kB
Node 1 PageTables:          536 kB
Node 1 NFS_Unstable:          0 kB
Node 1 Bounce:                0 kB
Node 1 WritebackTmp:          0 kB
Node 1 KReclaimable:      19452 kB
Node 1 Slab:              55260 kB
Node 1 SReclaimable:      19452 kB
Node 1 SUnreclaim:        35808 kB
Node 1 AnonHugePages:         0 kB
Node 1 ShmemHugePages:        0 kB
Node 1 ShmemPmdMapped:        0 kB
Node 1 FileHugePages:        0 kB
Node 1 FilePmdMapped:        0 kB
Node 1 HugePages_Total:     0
Node 1 HugePages_Free:      0
Node 1 HugePages_Surp:      0

After Test
Node 0 MemTotal:       24768352 kB
Node 0 MemFree:        23773384 kB
Node 0 MemUsed:          994968 kB
Node 0 Active:            68048 kB
Node 0 Inactive:          75116 kB
Node 0 Active(anon):      21172 kB
Node 0 Inactive(anon):      416 kB
Node 0 Active(file):      46876 kB
Node 0 Inactive(file):    74700 kB
Node 0 Unevictable:       12776 kB
Node 0 Mlocked:           12776 kB
Node 0 Dirty:                 0 kB
Node 0 Writeback:             0 kB
Node 0 FilePages:        124660 kB
Node 0 Mapped:            53488 kB
Node 0 AnonPages:         31280 kB
Node 0 Shmem:               632 kB
Node 0 KernelStack:        2248 kB
Node 0 PageTables:          828 kB
Node 0 NFS_Unstable:          0 kB
Node 0 Bounce:                0 kB
Node 0 WritebackTmp:          0 kB
Node 0 KReclaimable:      23072 kB
Node 0 Slab:              62860 kB
Node 0 SReclaimable:      23072 kB
Node 0 SUnreclaim:        39788 kB
Node 0 AnonHugePages:         0 kB
Node 0 ShmemHugePages:        0 kB
Node 0 ShmemPmdMapped:        0 kB
Node 0 FileHugePages:        0 kB
Node 0 FilePmdMapped:        0 kB
Node 0 HugePages_Total:     0
Node 0 HugePages_Free:      0
Node 0 HugePages_Surp:      0

Node 1 MemTotal:       24661580 kB
Node 1 MemFree:        23073368 kB
Node 1 MemUsed:         1588212 kB
Node 1 Active:            37412 kB
Node 1 Inactive:          82288 kB
Node 1 Active(anon):      11956 kB
Node 1 Inactive(anon):      488 kB
Node 1 Active(file):      25456 kB
Node 1 Inactive(file):    81800 kB
Node 1 Unevictable:        5744 kB
Node 1 Mlocked:            5744 kB
Node 1 Dirty:                 8 kB
Node 1 Writeback:             0 kB
Node 1 FilePages:        113676 kB
Node 1 Mapped:            43560 kB
Node 1 AnonPages:         11292 kB
Node 1 Shmem:               680 kB
Node 1 KernelStack:        2344 kB
Node 1 PageTables:          644 kB
Node 1 NFS_Unstable:          0 kB
Node 1 Bounce:                0 kB
Node 1 WritebackTmp:          0 kB
Node 1 KReclaimable:      20744 kB
Node 1 Slab:              64880 kB
Node 1 SReclaimable:      20744 kB
Node 1 SUnreclaim:        44136 kB
Node 1 AnonHugePages:         0 kB
Node 1 ShmemHugePages:        0 kB
Node 1 ShmemPmdMapped:        0 kB
Node 1 FileHugePages:        0 kB
Node 1 FilePmdMapped:        0 kB
Node 1 HugePages_Total:     0
Node 1 HugePages_Free:      0
Node 1 HugePages_Surp:      0

After Opposite Node
Node 0 MemTotal:       24768352 kB
Node 0 MemFree:        23770572 kB
Node 0 MemUsed:          997780 kB
Node 0 Active:            68224 kB
Node 0 Inactive:          75136 kB
Node 0 Active(anon):      21320 kB
Node 0 Inactive(anon):      444 kB
Node 0 Active(file):      46904 kB
Node 0 Inactive(file):    74692 kB
Node 0 Unevictable:       12776 kB
Node 0 Mlocked:           12776 kB
Node 0 Dirty:                20 kB
Node 0 Writeback:             0 kB
Node 0 FilePages:        124724 kB
Node 0 Mapped:            53532 kB
Node 0 AnonPages:         31364 kB
Node 0 Shmem:               676 kB
Node 0 KernelStack:        2344 kB
Node 0 PageTables:         1000 kB
Node 0 NFS_Unstable:          0 kB
Node 0 Bounce:                0 kB
Node 0 WritebackTmp:          0 kB
Node 0 KReclaimable:      23112 kB
Node 0 Slab:              63384 kB
Node 0 SReclaimable:      23112 kB
Node 0 SUnreclaim:        40272 kB
Node 0 AnonHugePages:         0 kB
Node 0 ShmemHugePages:        0 kB
Node 0 ShmemPmdMapped:        0 kB
Node 0 FileHugePages:        0 kB
Node 0 FilePmdMapped:        0 kB
Node 0 HugePages_Total:     0
Node 0 HugePages_Free:      0
Node 0 HugePages_Surp:      0

Node 1 MemTotal:       24661580 kB
Node 1 MemFree:        23074052 kB
Node 1 MemUsed:         1587528 kB
Node 1 Active:            37248 kB
Node 1 Inactive:          82104 kB
Node 1 Active(anon):      11628 kB
Node 1 Inactive(anon):      460 kB
Node 1 Active(file):      25620 kB
Node 1 Inactive(file):    81644 kB
Node 1 Unevictable:        5744 kB
Node 1 Mlocked:            5744 kB
Node 1 Dirty:                16 kB
Node 1 Writeback:             0 kB
Node 1 FilePages:        113640 kB
Node 1 Mapped:            43748 kB
Node 1 AnonPages:         11452 kB
Node 1 Shmem:               636 kB
Node 1 KernelStack:        2296 kB
Node 1 PageTables:          468 kB
Node 1 NFS_Unstable:          0 kB
Node 1 Bounce:                0 kB
Node 1 WritebackTmp:          0 kB
Node 1 KReclaimable:      20748 kB
Node 1 Slab:              64980 kB
Node 1 SReclaimable:      20748 kB
Node 1 SUnreclaim:        44232 kB
Node 1 AnonHugePages:         0 kB
Node 1 ShmemHugePages:        0 kB
Node 1 ShmemPmdMapped:        0 kB
Node 1 FileHugePages:        0 kB
Node 1 FilePmdMapped:        0 kB
Node 1 HugePages_Total:     0
Node 1 HugePages_Free:      0
Node 1 HugePages_Surp:      0

U.1.fio.2-1G.3.O.1M Complete!
