kernel.numa_balancing = 0
U.1.fio.4G.3.O.1M
Begin
Node 0 MemTotal:       24743736 kB
Node 0 MemFree:        24489952 kB
Node 0 MemUsed:          253784 kB
Node 0 Active:            37920 kB
Node 0 Inactive:          66112 kB
Node 0 Active(anon):      11176 kB
Node 0 Inactive(anon):      508 kB
Node 0 Active(file):      26744 kB
Node 0 Inactive(file):    65604 kB
Node 0 Unevictable:        6028 kB
Node 0 Mlocked:            6028 kB
Node 0 Dirty:                40 kB
Node 0 Writeback:             0 kB
Node 0 FilePages:         99136 kB
Node 0 Mapped:            52432 kB
Node 0 AnonPages:         10920 kB
Node 0 Shmem:               764 kB
Node 0 KernelStack:        2360 kB
Node 0 PageTables:          596 kB
Node 0 NFS_Unstable:          0 kB
Node 0 Bounce:                0 kB
Node 0 WritebackTmp:          0 kB
Node 0 KReclaimable:      18744 kB
Node 0 Slab:              51532 kB
Node 0 SReclaimable:      18744 kB
Node 0 SUnreclaim:        32788 kB
Node 0 AnonHugePages:         0 kB
Node 0 ShmemHugePages:        0 kB
Node 0 ShmemPmdMapped:        0 kB
Node 0 FileHugePages:        0 kB
Node 0 FilePmdMapped:        0 kB
Node 0 HugePages_Total:     0
Node 0 HugePages_Free:      0
Node 0 HugePages_Surp:      0

Node 1 MemTotal:       24686196 kB
Node 1 MemFree:        24292476 kB
Node 1 MemUsed:          393720 kB
Node 1 Active:            58632 kB
Node 1 Inactive:          57592 kB
Node 1 Active(anon):      22956 kB
Node 1 Inactive(anon):      376 kB
Node 1 Active(file):      35676 kB
Node 1 Inactive(file):    57216 kB
Node 1 Unevictable:       12496 kB
Node 1 Mlocked:           12496 kB
Node 1 Dirty:               376 kB
Node 1 Writeback:             0 kB
Node 1 FilePages:         95604 kB
Node 1 Mapped:            16248 kB
Node 1 AnonPages:         33168 kB
Node 1 Shmem:               504 kB
Node 1 KernelStack:        1320 kB
Node 1 PageTables:          680 kB
Node 1 NFS_Unstable:          0 kB
Node 1 Bounce:                0 kB
Node 1 WritebackTmp:          0 kB
Node 1 KReclaimable:      23336 kB
Node 1 Slab:              54400 kB
Node 1 SReclaimable:      23336 kB
Node 1 SUnreclaim:        31064 kB
Node 1 AnonHugePages:         0 kB
Node 1 ShmemHugePages:        0 kB
Node 1 ShmemPmdMapped:        0 kB
Node 1 FileHugePages:        0 kB
Node 1 FilePmdMapped:        0 kB
Node 1 HugePages_Total:     0
Node 1 HugePages_Free:      0
Node 1 HugePages_Surp:      0

Load ZFS
Node 0 MemTotal:       24743736 kB
Node 0 MemFree:        24490152 kB
Node 0 MemUsed:          253584 kB
Node 0 Active:            47240 kB
Node 0 Inactive:          61696 kB
Node 0 Active(anon):      14808 kB
Node 0 Inactive(anon):      508 kB
Node 0 Active(file):      32432 kB
Node 0 Inactive(file):    61188 kB
Node 0 Unevictable:        6028 kB
Node 0 Mlocked:            6028 kB
Node 0 Dirty:               132 kB
Node 0 Writeback:             0 kB
Node 0 FilePages:        100408 kB
Node 0 Mapped:            52596 kB
Node 0 AnonPages:         14664 kB
Node 0 Shmem:               764 kB
Node 0 KernelStack:        2264 kB
Node 0 PageTables:          820 kB
Node 0 NFS_Unstable:          0 kB
Node 0 Bounce:                0 kB
Node 0 WritebackTmp:          0 kB
Node 0 KReclaimable:      19220 kB
Node 0 Slab:              53568 kB
Node 0 SReclaimable:      19220 kB
Node 0 SUnreclaim:        34348 kB
Node 0 AnonHugePages:         0 kB
Node 0 ShmemHugePages:        0 kB
Node 0 ShmemPmdMapped:        0 kB
Node 0 FileHugePages:        0 kB
Node 0 FilePmdMapped:        0 kB
Node 0 HugePages_Total:     0
Node 0 HugePages_Free:      0
Node 0 HugePages_Surp:      0

Node 1 MemTotal:       24686196 kB
Node 1 MemFree:        24281828 kB
Node 1 MemUsed:          404368 kB
Node 1 Active:            60640 kB
Node 1 Inactive:          57884 kB
Node 1 Active(anon):      23960 kB
Node 1 Inactive(anon):      376 kB
Node 1 Active(file):      36680 kB
Node 1 Inactive(file):    57508 kB
Node 1 Unevictable:       12496 kB
Node 1 Mlocked:           12496 kB
Node 1 Dirty:               140 kB
Node 1 Writeback:             0 kB
Node 1 FilePages:         96864 kB
Node 1 Mapped:            16252 kB
Node 1 AnonPages:         34328 kB
Node 1 Shmem:               504 kB
Node 1 KernelStack:        1512 kB
Node 1 PageTables:          744 kB
Node 1 NFS_Unstable:          0 kB
Node 1 Bounce:                0 kB
Node 1 WritebackTmp:          0 kB
Node 1 KReclaimable:      23724 kB
Node 1 Slab:              56328 kB
Node 1 SReclaimable:      23724 kB
Node 1 SUnreclaim:        32604 kB
Node 1 AnonHugePages:         0 kB
Node 1 ShmemHugePages:        0 kB
Node 1 ShmemPmdMapped:        0 kB
Node 1 FileHugePages:        0 kB
Node 1 FilePmdMapped:        0 kB
Node 1 HugePages_Total:     0
Node 1 HugePages_Free:      0
Node 1 HugePages_Surp:      0

Import tank ZPool
Node 0 MemTotal:       24743736 kB
Node 0 MemFree:        24491892 kB
Node 0 MemUsed:          251844 kB
Node 0 Active:            44188 kB
Node 0 Inactive:          61592 kB
Node 0 Active(anon):      11652 kB
Node 0 Inactive(anon):      508 kB
Node 0 Active(file):      32536 kB
Node 0 Inactive(file):    61084 kB
Node 0 Unevictable:        6028 kB
Node 0 Mlocked:            6028 kB
Node 0 Dirty:               164 kB
Node 0 Writeback:             0 kB
Node 0 FilePages:        100404 kB
Node 0 Mapped:            52700 kB
Node 0 AnonPages:         11072 kB
Node 0 Shmem:               760 kB
Node 0 KernelStack:        2248 kB
Node 0 PageTables:          820 kB
Node 0 NFS_Unstable:          0 kB
Node 0 Bounce:                0 kB
Node 0 WritebackTmp:          0 kB
Node 0 KReclaimable:      19220 kB
Node 0 Slab:              53664 kB
Node 0 SReclaimable:      19220 kB
Node 0 SUnreclaim:        34444 kB
Node 0 AnonHugePages:         0 kB
Node 0 ShmemHugePages:        0 kB
Node 0 ShmemPmdMapped:        0 kB
Node 0 FileHugePages:        0 kB
Node 0 FilePmdMapped:        0 kB
Node 0 HugePages_Total:     0
Node 0 HugePages_Free:      0
Node 0 HugePages_Surp:      0

Node 1 MemTotal:       24686196 kB
Node 1 MemFree:        24264208 kB
Node 1 MemUsed:          421988 kB
Node 1 Active:            59372 kB
Node 1 Inactive:          59116 kB
Node 1 Active(anon):      22224 kB
Node 1 Inactive(anon):      380 kB
Node 1 Active(file):      37148 kB
Node 1 Inactive(file):    58736 kB
Node 1 Unevictable:       12496 kB
Node 1 Mlocked:           12496 kB
Node 1 Dirty:               156 kB
Node 1 Writeback:             0 kB
Node 1 FilePages:         98592 kB
Node 1 Mapped:            16504 kB
Node 1 AnonPages:         32060 kB
Node 1 Shmem:               508 kB
Node 1 KernelStack:        2616 kB
Node 1 PageTables:          688 kB
Node 1 NFS_Unstable:          0 kB
Node 1 Bounce:                0 kB
Node 1 WritebackTmp:          0 kB
Node 1 KReclaimable:      23856 kB
Node 1 Slab:              63212 kB
Node 1 SReclaimable:      23856 kB
Node 1 SUnreclaim:        39356 kB
Node 1 AnonHugePages:         0 kB
Node 1 ShmemHugePages:        0 kB
Node 1 ShmemPmdMapped:        0 kB
Node 1 FileHugePages:        0 kB
Node 1 FilePmdMapped:        0 kB
Node 1 HugePages_Total:     0
Node 1 HugePages_Free:      0
Node 1 HugePages_Surp:      0

After Test
Node 0 MemTotal:       24743736 kB
Node 0 MemFree:        24029640 kB
Node 0 MemUsed:          714096 kB
Node 0 Active:            43780 kB
Node 0 Inactive:          61588 kB
Node 0 Active(anon):      11244 kB
Node 0 Inactive(anon):      504 kB
Node 0 Active(file):      32536 kB
Node 0 Inactive(file):    61084 kB
Node 0 Unevictable:        6028 kB
Node 0 Mlocked:            6028 kB
Node 0 Dirty:                28 kB
Node 0 Writeback:             0 kB
Node 0 FilePages:        100400 kB
Node 0 Mapped:            52436 kB
Node 0 AnonPages:         10992 kB
Node 0 Shmem:               756 kB
Node 0 KernelStack:        2120 kB
Node 0 PageTables:          596 kB
Node 0 NFS_Unstable:          0 kB
Node 0 Bounce:                0 kB
Node 0 WritebackTmp:          0 kB
Node 0 KReclaimable:      19220 kB
Node 0 Slab:              55700 kB
Node 0 SReclaimable:      19220 kB
Node 0 SUnreclaim:        36480 kB
Node 0 AnonHugePages:         0 kB
Node 0 ShmemHugePages:        0 kB
Node 0 ShmemPmdMapped:        0 kB
Node 0 FileHugePages:        0 kB
Node 0 FilePmdMapped:        0 kB
Node 0 HugePages_Total:     0
Node 0 HugePages_Free:      0
Node 0 HugePages_Surp:      0

Node 1 MemTotal:       24686196 kB
Node 1 MemFree:        19680308 kB
Node 1 MemUsed:         5005888 kB
Node 1 Active:            60152 kB
Node 1 Inactive:          60108 kB
Node 1 Active(anon):      21916 kB
Node 1 Inactive(anon):      412 kB
Node 1 Active(file):      38236 kB
Node 1 Inactive(file):    59696 kB
Node 1 Unevictable:       12496 kB
Node 1 Mlocked:           12496 kB
Node 1 Dirty:                 8 kB
Node 1 Writeback:             0 kB
Node 1 FilePages:        100656 kB
Node 1 Mapped:            16520 kB
Node 1 AnonPages:         32068 kB
Node 1 Shmem:               556 kB
Node 1 KernelStack:        2584 kB
Node 1 PageTables:          720 kB
Node 1 NFS_Unstable:          0 kB
Node 1 Bounce:                0 kB
Node 1 WritebackTmp:          0 kB
Node 1 KReclaimable:      25360 kB
Node 1 Slab:              83820 kB
Node 1 SReclaimable:      25360 kB
Node 1 SUnreclaim:        58460 kB
Node 1 AnonHugePages:         0 kB
Node 1 ShmemHugePages:        0 kB
Node 1 ShmemPmdMapped:        0 kB
Node 1 FileHugePages:        0 kB
Node 1 FilePmdMapped:        0 kB
Node 1 HugePages_Total:     0
Node 1 HugePages_Free:      0
Node 1 HugePages_Surp:      0

After Opposite Node
Node 0 MemTotal:       24743736 kB
Node 0 MemFree:        24026392 kB
Node 0 MemUsed:          717344 kB
Node 0 Active:            44108 kB
Node 0 Inactive:          61624 kB
Node 0 Active(anon):      11568 kB
Node 0 Inactive(anon):      532 kB
Node 0 Active(file):      32540 kB
Node 0 Inactive(file):    61092 kB
Node 0 Unevictable:        6028 kB
Node 0 Mlocked:            6028 kB
Node 0 Dirty:                48 kB
Node 0 Writeback:             0 kB
Node 0 FilePages:        100456 kB
Node 0 Mapped:            52480 kB
Node 0 AnonPages:         11268 kB
Node 0 Shmem:               800 kB
Node 0 KernelStack:        2168 kB
Node 0 PageTables:          768 kB
Node 0 NFS_Unstable:          0 kB
Node 0 Bounce:                0 kB
Node 0 WritebackTmp:          0 kB
Node 0 KReclaimable:      19252 kB
Node 0 Slab:              56992 kB
Node 0 SReclaimable:      19252 kB
Node 0 SUnreclaim:        37740 kB
Node 0 AnonHugePages:         0 kB
Node 0 ShmemHugePages:        0 kB
Node 0 ShmemPmdMapped:        0 kB
Node 0 FileHugePages:        0 kB
Node 0 FilePmdMapped:        0 kB
Node 0 HugePages_Total:     0
Node 0 HugePages_Free:      0
Node 0 HugePages_Surp:      0

Node 1 MemTotal:       24686196 kB
Node 1 MemFree:        19681564 kB
Node 1 MemUsed:         5004632 kB
Node 1 Active:            60064 kB
Node 1 Inactive:          59852 kB
Node 1 Active(anon):      21584 kB
Node 1 Inactive(anon):      384 kB
Node 1 Active(file):      38480 kB
Node 1 Inactive(file):    59468 kB
Node 1 Unevictable:       12496 kB
Node 1 Mlocked:           12496 kB
Node 1 Dirty:                44 kB
Node 1 Writeback:             0 kB
Node 1 FilePages:        100636 kB
Node 1 Mapped:            16460 kB
Node 1 AnonPages:         31784 kB
Node 1 Shmem:               512 kB
Node 1 KernelStack:        2536 kB
Node 1 PageTables:          540 kB
Node 1 NFS_Unstable:          0 kB
Node 1 Bounce:                0 kB
Node 1 WritebackTmp:          0 kB
Node 1 KReclaimable:      25364 kB
Node 1 Slab:              83512 kB
Node 1 SReclaimable:      25364 kB
Node 1 SUnreclaim:        58148 kB
Node 1 AnonHugePages:         0 kB
Node 1 ShmemHugePages:        0 kB
Node 1 ShmemPmdMapped:        0 kB
Node 1 FileHugePages:        0 kB
Node 1 FilePmdMapped:        0 kB
Node 1 HugePages_Total:     0
Node 1 HugePages_Free:      0
Node 1 HugePages_Surp:      0

U.1.fio.4G.3.O.1M Complete!
