15 Tests Remaining!
U.1.simpleread.16G.2.O.1M
Begin
Node 0 MemTotal:       24743736 kB
Node 0 MemFree:        24324332 kB
Node 0 MemUsed:          419404 kB
Node 0 Active:            56092 kB
Node 0 Inactive:          77764 kB
Node 0 Active(anon):      16040 kB
Node 0 Inactive(anon):      312 kB
Node 0 Active(file):      40052 kB
Node 0 Inactive(file):    77452 kB
Node 0 Unevictable:       17340 kB
Node 0 Mlocked:           17340 kB
Node 0 Dirty:               396 kB
Node 0 Writeback:             0 kB
Node 0 FilePages:        124964 kB
Node 0 Mapped:            35688 kB
Node 0 AnonPages:         26136 kB
Node 0 Shmem:               452 kB
Node 0 KernelStack:        2328 kB
Node 0 PageTables:          648 kB
Node 0 NFS_Unstable:          0 kB
Node 0 Bounce:                0 kB
Node 0 WritebackTmp:          0 kB
Node 0 KReclaimable:      19972 kB
Node 0 Slab:              54204 kB
Node 0 SReclaimable:      19972 kB
Node 0 SUnreclaim:        34232 kB
Node 0 AnonHugePages:         0 kB
Node 0 ShmemHugePages:        0 kB
Node 0 ShmemPmdMapped:        0 kB
Node 0 FileHugePages:        0 kB
Node 0 FilePmdMapped:        0 kB
Node 0 HugePages_Total:     0
Node 0 HugePages_Free:      0
Node 0 HugePages_Surp:      0

Node 1 MemTotal:       24686196 kB
Node 1 MemFree:        24471972 kB
Node 1 MemUsed:          214224 kB
Node 1 Active:            41624 kB
Node 1 Inactive:          31856 kB
Node 1 Active(anon):      18464 kB
Node 1 Inactive(anon):      568 kB
Node 1 Active(file):      23160 kB
Node 1 Inactive(file):    31288 kB
Node 1 Unevictable:        1184 kB
Node 1 Mlocked:            1184 kB
Node 1 Dirty:               112 kB
Node 1 Writeback:             0 kB
Node 1 FilePages:         56448 kB
Node 1 Mapped:            24632 kB
Node 1 AnonPages:         18068 kB
Node 1 Shmem:               816 kB
Node 1 KernelStack:        1512 kB
Node 1 PageTables:          656 kB
Node 1 NFS_Unstable:          0 kB
Node 1 Bounce:                0 kB
Node 1 WritebackTmp:          0 kB
Node 1 KReclaimable:      23296 kB
Node 1 Slab:              55496 kB
Node 1 SReclaimable:      23296 kB
Node 1 SUnreclaim:        32200 kB
Node 1 AnonHugePages:         0 kB
Node 1 ShmemHugePages:        0 kB
Node 1 ShmemPmdMapped:        0 kB
Node 1 FileHugePages:        0 kB
Node 1 FilePmdMapped:        0 kB
Node 1 HugePages_Total:     0
Node 1 HugePages_Free:      0
Node 1 HugePages_Surp:      0

Load ZFS
Node 0 MemTotal:       24743736 kB
Node 0 MemFree:        24455880 kB
Node 0 MemUsed:          287856 kB
Node 0 Active:            62804 kB
Node 0 Inactive:          73320 kB
Node 0 Active(anon):      17460 kB
Node 0 Inactive(anon):      312 kB
Node 0 Active(file):      45344 kB
Node 0 Inactive(file):    73008 kB
Node 0 Unevictable:       17340 kB
Node 0 Mlocked:           17340 kB
Node 0 Dirty:               220 kB
Node 0 Writeback:             0 kB
Node 0 FilePages:        125812 kB
Node 0 Mapped:            35744 kB
Node 0 AnonPages:         27820 kB
Node 0 Shmem:               452 kB
Node 0 KernelStack:        2312 kB
Node 0 PageTables:          616 kB
Node 0 NFS_Unstable:          0 kB
Node 0 Bounce:                0 kB
Node 0 WritebackTmp:          0 kB
Node 0 KReclaimable:      20404 kB
Node 0 Slab:              55336 kB
Node 0 SReclaimable:      20404 kB
Node 0 SUnreclaim:        34932 kB
Node 0 AnonHugePages:         0 kB
Node 0 ShmemHugePages:        0 kB
Node 0 ShmemPmdMapped:        0 kB
Node 0 FileHugePages:        0 kB
Node 0 FilePmdMapped:        0 kB
Node 0 HugePages_Total:     0
Node 0 HugePages_Free:      0
Node 0 HugePages_Surp:      0

Node 1 MemTotal:       24686196 kB
Node 1 MemFree:        24326076 kB
Node 1 MemUsed:          360120 kB
Node 1 Active:            47924 kB
Node 1 Inactive:          32336 kB
Node 1 Active(anon):      23544 kB
Node 1 Inactive(anon):      568 kB
Node 1 Active(file):      24380 kB
Node 1 Inactive(file):    31768 kB
Node 1 Unevictable:        1184 kB
Node 1 Mlocked:            1184 kB
Node 1 Dirty:               128 kB
Node 1 Writeback:             0 kB
Node 1 FilePages:         58148 kB
Node 1 Mapped:            24572 kB
Node 1 AnonPages:         23256 kB
Node 1 Shmem:               816 kB
Node 1 KernelStack:        1512 kB
Node 1 PageTables:          928 kB
Node 1 NFS_Unstable:          0 kB
Node 1 Bounce:                0 kB
Node 1 WritebackTmp:          0 kB
Node 1 KReclaimable:      23500 kB
Node 1 Slab:              57212 kB
Node 1 SReclaimable:      23500 kB
Node 1 SUnreclaim:        33712 kB
Node 1 AnonHugePages:         0 kB
Node 1 ShmemHugePages:        0 kB
Node 1 ShmemPmdMapped:        0 kB
Node 1 FileHugePages:        0 kB
Node 1 FilePmdMapped:        0 kB
Node 1 HugePages_Total:     0
Node 1 HugePages_Free:      0
Node 1 HugePages_Surp:      0

Import tank ZPool
Node 0 MemTotal:       24743736 kB
Node 0 MemFree:        24456996 kB
Node 0 MemUsed:          286740 kB
Node 0 Active:            63040 kB
Node 0 Inactive:          73256 kB
Node 0 Active(anon):      17616 kB
Node 0 Inactive(anon):      312 kB
Node 0 Active(file):      45424 kB
Node 0 Inactive(file):    72944 kB
Node 0 Unevictable:       17340 kB
Node 0 Mlocked:           17340 kB
Node 0 Dirty:               128 kB
Node 0 Writeback:           108 kB
Node 0 FilePages:        125828 kB
Node 0 Mapped:            35880 kB
Node 0 AnonPages:         27856 kB
Node 0 Shmem:               452 kB
Node 0 KernelStack:        2296 kB
Node 0 PageTables:          616 kB
Node 0 NFS_Unstable:          0 kB
Node 0 Bounce:                0 kB
Node 0 WritebackTmp:          0 kB
Node 0 KReclaimable:      20404 kB
Node 0 Slab:              55484 kB
Node 0 SReclaimable:      20404 kB
Node 0 SUnreclaim:        35080 kB
Node 0 AnonHugePages:         0 kB
Node 0 ShmemHugePages:        0 kB
Node 0 ShmemPmdMapped:        0 kB
Node 0 FileHugePages:        0 kB
Node 0 FilePmdMapped:        0 kB
Node 0 HugePages_Total:     0
Node 0 HugePages_Free:      0
Node 0 HugePages_Surp:      0

Node 1 MemTotal:       24686196 kB
Node 1 MemFree:        24306556 kB
Node 1 MemUsed:          379640 kB
Node 1 Active:            48612 kB
Node 1 Inactive:          33528 kB
Node 1 Active(anon):      23900 kB
Node 1 Inactive(anon):      572 kB
Node 1 Active(file):      24712 kB
Node 1 Inactive(file):    32956 kB
Node 1 Unevictable:        1184 kB
Node 1 Mlocked:            1184 kB
Node 1 Dirty:               140 kB
Node 1 Writeback:             0 kB
Node 1 FilePages:         59672 kB
Node 1 Mapped:            24824 kB
Node 1 AnonPages:         23776 kB
Node 1 Shmem:               816 kB
Node 1 KernelStack:        2648 kB
Node 1 PageTables:         1008 kB
Node 1 NFS_Unstable:          0 kB
Node 1 Bounce:                0 kB
Node 1 WritebackTmp:          0 kB
Node 1 KReclaimable:      23616 kB
Node 1 Slab:              64012 kB
Node 1 SReclaimable:      23616 kB
Node 1 SUnreclaim:        40396 kB
Node 1 AnonHugePages:         0 kB
Node 1 ShmemHugePages:        0 kB
Node 1 ShmemPmdMapped:        0 kB
Node 1 FileHugePages:        0 kB
Node 1 FilePmdMapped:        0 kB
Node 1 HugePages_Total:     0
Node 1 HugePages_Free:      0
Node 1 HugePages_Surp:      0

After Test
Node 0 MemTotal:       24743736 kB
Node 0 MemFree:        23452908 kB
Node 0 MemUsed:         1290828 kB
Node 0 Active:            61044 kB
Node 0 Inactive:          73212 kB
Node 0 Active(anon):      15544 kB
Node 0 Inactive(anon):      312 kB
Node 0 Active(file):      45500 kB
Node 0 Inactive(file):    72900 kB
Node 0 Unevictable:       17340 kB
Node 0 Mlocked:           17340 kB
Node 0 Dirty:                 0 kB
Node 0 Writeback:            24 kB
Node 0 FilePages:        125868 kB
Node 0 Mapped:            35612 kB
Node 0 AnonPages:         25732 kB
Node 0 Shmem:               452 kB
Node 0 KernelStack:        2140 kB
Node 0 PageTables:          616 kB
Node 0 NFS_Unstable:          0 kB
Node 0 Bounce:                0 kB
Node 0 WritebackTmp:          0 kB
Node 0 KReclaimable:      20424 kB
Node 0 Slab:              60076 kB
Node 0 SReclaimable:      20424 kB
Node 0 SUnreclaim:        39652 kB
Node 0 AnonHugePages:         0 kB
Node 0 ShmemHugePages:        0 kB
Node 0 ShmemPmdMapped:        0 kB
Node 0 FileHugePages:        0 kB
Node 0 FilePmdMapped:        0 kB
Node 0 HugePages_Total:     0
Node 0 HugePages_Free:      0
Node 0 HugePages_Surp:      0

Node 1 MemTotal:       24686196 kB
Node 1 MemFree:         7651360 kB
Node 1 MemUsed:        17034836 kB
Node 1 Active:            43324 kB
Node 1 Inactive:          33180 kB
Node 1 Active(anon):      17604 kB
Node 1 Inactive(anon):      572 kB
Node 1 Active(file):      25720 kB
Node 1 Inactive(file):    32608 kB
Node 1 Unevictable:        1184 kB
Node 1 Mlocked:            1184 kB
Node 1 Dirty:                 0 kB
Node 1 Writeback:            20 kB
Node 1 FilePages:         60336 kB
Node 1 Mapped:            24644 kB
Node 1 AnonPages:         17404 kB
Node 1 Shmem:               816 kB
Node 1 KernelStack:        2344 kB
Node 1 PageTables:          500 kB
Node 1 NFS_Unstable:          0 kB
Node 1 Bounce:                0 kB
Node 1 WritebackTmp:          0 kB
Node 1 KReclaimable:      23752 kB
Node 1 Slab:             120228 kB
Node 1 SReclaimable:      23752 kB
Node 1 SUnreclaim:        96476 kB
Node 1 AnonHugePages:         0 kB
Node 1 ShmemHugePages:        0 kB
Node 1 ShmemPmdMapped:        0 kB
Node 1 FileHugePages:        0 kB
Node 1 FilePmdMapped:        0 kB
Node 1 HugePages_Total:     0
Node 1 HugePages_Free:      0
Node 1 HugePages_Surp:      0

After Opposite Node
Node 0 MemTotal:       24743736 kB
Node 0 MemFree:        23454320 kB
Node 0 MemUsed:         1289416 kB
Node 0 Active:            61240 kB
Node 0 Inactive:          73184 kB
Node 0 Active(anon):      15692 kB
Node 0 Inactive(anon):      312 kB
Node 0 Active(file):      45548 kB
Node 0 Inactive(file):    72872 kB
Node 0 Unevictable:       17340 kB
Node 0 Mlocked:           17340 kB
Node 0 Dirty:                28 kB
Node 0 Writeback:             0 kB
Node 0 FilePages:        125880 kB
Node 0 Mapped:            35608 kB
Node 0 AnonPages:         25924 kB
Node 0 Shmem:               452 kB
Node 0 KernelStack:        2152 kB
Node 0 PageTables:          640 kB
Node 0 NFS_Unstable:          0 kB
Node 0 Bounce:                0 kB
Node 0 WritebackTmp:          0 kB
Node 0 KReclaimable:      20428 kB
Node 0 Slab:              61812 kB
Node 0 SReclaimable:      20428 kB
Node 0 SUnreclaim:        41384 kB
Node 0 AnonHugePages:         0 kB
Node 0 ShmemHugePages:        0 kB
Node 0 ShmemPmdMapped:        0 kB
Node 0 FileHugePages:        0 kB
Node 0 FilePmdMapped:        0 kB
Node 0 HugePages_Total:     0
Node 0 HugePages_Free:      0
Node 0 HugePages_Surp:      0

Node 1 MemTotal:       24686196 kB
Node 1 MemFree:         7653904 kB
Node 1 MemUsed:        17032292 kB
Node 1 Active:            43172 kB
Node 1 Inactive:          32968 kB
Node 1 Active(anon):      17204 kB
Node 1 Inactive(anon):      572 kB
Node 1 Active(file):      25968 kB
Node 1 Inactive(file):    32396 kB
Node 1 Unevictable:        1184 kB
Node 1 Mlocked:            1184 kB
Node 1 Dirty:                16 kB
Node 1 Writeback:             0 kB
Node 1 FilePages:         60368 kB
Node 1 Mapped:            24580 kB
Node 1 AnonPages:         16960 kB
Node 1 Shmem:               816 kB
Node 1 KernelStack:        2280 kB
Node 1 PageTables:          452 kB
Node 1 NFS_Unstable:          0 kB
Node 1 Bounce:                0 kB
Node 1 WritebackTmp:          0 kB
Node 1 KReclaimable:      23776 kB
Node 1 Slab:             119504 kB
Node 1 SReclaimable:      23776 kB
Node 1 SUnreclaim:        95728 kB
Node 1 AnonHugePages:         0 kB
Node 1 ShmemHugePages:        0 kB
Node 1 ShmemPmdMapped:        0 kB
Node 1 FileHugePages:        0 kB
Node 1 FilePmdMapped:        0 kB
Node 1 HugePages_Total:     0
Node 1 HugePages_Free:      0
Node 1 HugePages_Surp:      0

U.1.simpleread.16G.2.O.1M Complete!
