10 Tests Remaining!
U.1.simpleread.16G.1.O.1M
Begin
Node 0 MemTotal:       24768352 kB
Node 0 MemFree:        24333220 kB
Node 0 MemUsed:          435132 kB
Node 0 Active:            52104 kB
Node 0 Inactive:          92212 kB
Node 0 Active(anon):      24276 kB
Node 0 Inactive(anon):      336 kB
Node 0 Active(file):      27828 kB
Node 0 Inactive(file):    91876 kB
Node 0 Unevictable:        4972 kB
Node 0 Mlocked:            4972 kB
Node 0 Dirty:                 0 kB
Node 0 Writeback:             0 kB
Node 0 FilePages:        125212 kB
Node 0 Mapped:            44764 kB
Node 0 AnonPages:         24088 kB
Node 0 Shmem:               524 kB
Node 0 KernelStack:        2488 kB
Node 0 PageTables:          716 kB
Node 0 NFS_Unstable:          0 kB
Node 0 Bounce:                0 kB
Node 0 WritebackTmp:          0 kB
Node 0 KReclaimable:      25032 kB
Node 0 Slab:              64188 kB
Node 0 SReclaimable:      25032 kB
Node 0 SUnreclaim:        39156 kB
Node 0 AnonHugePages:         0 kB
Node 0 ShmemHugePages:        0 kB
Node 0 ShmemPmdMapped:        0 kB
Node 0 FileHugePages:        0 kB
Node 0 FilePmdMapped:        0 kB
Node 0 HugePages_Total:     0
Node 0 HugePages_Free:      0
Node 0 HugePages_Surp:      0

Node 1 MemTotal:       24661580 kB
Node 1 MemFree:        24460712 kB
Node 1 MemUsed:          200868 kB
Node 1 Active:            45532 kB
Node 1 Inactive:          21112 kB
Node 1 Active(anon):       9588 kB
Node 1 Inactive(anon):      532 kB
Node 1 Active(file):      35944 kB
Node 1 Inactive(file):    20580 kB
Node 1 Unevictable:       13552 kB
Node 1 Mlocked:           13552 kB
Node 1 Dirty:                 0 kB
Node 1 Writeback:             0 kB
Node 1 FilePages:         60492 kB
Node 1 Mapped:            18444 kB
Node 1 AnonPages:         19708 kB
Node 1 Shmem:               744 kB
Node 1 KernelStack:        1128 kB
Node 1 PageTables:          452 kB
Node 1 NFS_Unstable:          0 kB
Node 1 Bounce:                0 kB
Node 1 WritebackTmp:          0 kB
Node 1 KReclaimable:      16728 kB
Node 1 Slab:              43440 kB
Node 1 SReclaimable:      16728 kB
Node 1 SUnreclaim:        26712 kB
Node 1 AnonHugePages:         0 kB
Node 1 ShmemHugePages:        0 kB
Node 1 ShmemPmdMapped:        0 kB
Node 1 FileHugePages:        0 kB
Node 1 FilePmdMapped:        0 kB
Node 1 HugePages_Total:     0
Node 1 HugePages_Free:      0
Node 1 HugePages_Surp:      0

Load ZFS
Node 0 MemTotal:       24768352 kB
Node 0 MemFree:        24327156 kB
Node 0 MemUsed:          441196 kB
Node 0 Active:            58740 kB
Node 0 Inactive:          87744 kB
Node 0 Active(anon):      24624 kB
Node 0 Inactive(anon):      336 kB
Node 0 Active(file):      34116 kB
Node 0 Inactive(file):    87408 kB
Node 0 Unevictable:        4972 kB
Node 0 Mlocked:            4972 kB
Node 0 Dirty:               132 kB
Node 0 Writeback:             0 kB
Node 0 FilePages:        127016 kB
Node 0 Mapped:            44796 kB
Node 0 AnonPages:         24360 kB
Node 0 Shmem:               524 kB
Node 0 KernelStack:        2488 kB
Node 0 PageTables:          724 kB
Node 0 NFS_Unstable:          0 kB
Node 0 Bounce:                0 kB
Node 0 WritebackTmp:          0 kB
Node 0 KReclaimable:      25252 kB
Node 0 Slab:              65164 kB
Node 0 SReclaimable:      25252 kB
Node 0 SUnreclaim:        39912 kB
Node 0 AnonHugePages:         0 kB
Node 0 ShmemHugePages:        0 kB
Node 0 ShmemPmdMapped:        0 kB
Node 0 FileHugePages:        0 kB
Node 0 FilePmdMapped:        0 kB
Node 0 HugePages_Total:     0
Node 0 HugePages_Free:      0
Node 0 HugePages_Surp:      0

Node 1 MemTotal:       24661580 kB
Node 1 MemFree:        24454320 kB
Node 1 MemUsed:          207260 kB
Node 1 Active:            49268 kB
Node 1 Inactive:          21464 kB
Node 1 Active(anon):      12956 kB
Node 1 Inactive(anon):      532 kB
Node 1 Active(file):      36312 kB
Node 1 Inactive(file):    20932 kB
Node 1 Unevictable:       13552 kB
Node 1 Mlocked:           13552 kB
Node 1 Dirty:                20 kB
Node 1 Writeback:             0 kB
Node 1 FilePages:         61212 kB
Node 1 Mapped:            18604 kB
Node 1 AnonPages:         23220 kB
Node 1 Shmem:               744 kB
Node 1 KernelStack:        1208 kB
Node 1 PageTables:          676 kB
Node 1 NFS_Unstable:          0 kB
Node 1 Bounce:                0 kB
Node 1 WritebackTmp:          0 kB
Node 1 KReclaimable:      17148 kB
Node 1 Slab:              45448 kB
Node 1 SReclaimable:      17148 kB
Node 1 SUnreclaim:        28300 kB
Node 1 AnonHugePages:         0 kB
Node 1 ShmemHugePages:        0 kB
Node 1 ShmemPmdMapped:        0 kB
Node 1 FileHugePages:        0 kB
Node 1 FilePmdMapped:        0 kB
Node 1 HugePages_Total:     0
Node 1 HugePages_Free:      0
Node 1 HugePages_Surp:      0

Import tank ZPool
Node 0 MemTotal:       24768352 kB
Node 0 MemFree:        24309848 kB
Node 0 MemUsed:          458504 kB
Node 0 Active:            58588 kB
Node 0 Inactive:          88844 kB
Node 0 Active(anon):      24100 kB
Node 0 Inactive(anon):      340 kB
Node 0 Active(file):      34488 kB
Node 0 Inactive(file):    88504 kB
Node 0 Unevictable:        4972 kB
Node 0 Mlocked:            4972 kB
Node 0 Dirty:               152 kB
Node 0 Writeback:             0 kB
Node 0 FilePages:        128484 kB
Node 0 Mapped:            44976 kB
Node 0 AnonPages:         24120 kB
Node 0 Shmem:               524 kB
Node 0 KernelStack:        3544 kB
Node 0 PageTables:          796 kB
Node 0 NFS_Unstable:          0 kB
Node 0 Bounce:                0 kB
Node 0 WritebackTmp:          0 kB
Node 0 KReclaimable:      25396 kB
Node 0 Slab:              72004 kB
Node 0 SReclaimable:      25396 kB
Node 0 SUnreclaim:        46608 kB
Node 0 AnonHugePages:         0 kB
Node 0 ShmemHugePages:        0 kB
Node 0 ShmemPmdMapped:        0 kB
Node 0 FileHugePages:        0 kB
Node 0 FilePmdMapped:        0 kB
Node 0 HugePages_Total:     0
Node 0 HugePages_Free:      0
Node 0 HugePages_Surp:      0

Node 1 MemTotal:       24661580 kB
Node 1 MemFree:        24456628 kB
Node 1 MemUsed:          204952 kB
Node 1 Active:            46024 kB
Node 1 Inactive:          21464 kB
Node 1 Active(anon):       9712 kB
Node 1 Inactive(anon):      532 kB
Node 1 Active(file):      36312 kB
Node 1 Inactive(file):    20932 kB
Node 1 Unevictable:       13552 kB
Node 1 Mlocked:           13552 kB
Node 1 Dirty:                20 kB
Node 1 Writeback:             0 kB
Node 1 FilePages:         61212 kB
Node 1 Mapped:            18504 kB
Node 1 AnonPages:         19580 kB
Node 1 Shmem:               744 kB
Node 1 KernelStack:        1176 kB
Node 1 PageTables:          548 kB
Node 1 NFS_Unstable:          0 kB
Node 1 Bounce:                0 kB
Node 1 WritebackTmp:          0 kB
Node 1 KReclaimable:      17164 kB
Node 1 Slab:              45472 kB
Node 1 SReclaimable:      17164 kB
Node 1 SUnreclaim:        28308 kB
Node 1 AnonHugePages:         0 kB
Node 1 ShmemHugePages:        0 kB
Node 1 ShmemPmdMapped:        0 kB
Node 1 FileHugePages:        0 kB
Node 1 FilePmdMapped:        0 kB
Node 1 HugePages_Total:     0
Node 1 HugePages_Free:      0
Node 1 HugePages_Surp:      0

After Test
Node 0 MemTotal:       24768352 kB
Node 0 MemFree:        23434336 kB
Node 0 MemUsed:         1334016 kB
Node 0 Active:            58744 kB
Node 0 Inactive:          88592 kB
Node 0 Active(anon):      23900 kB
Node 0 Inactive(anon):      336 kB
Node 0 Active(file):      34844 kB
Node 0 Inactive(file):    88256 kB
Node 0 Unevictable:        4972 kB
Node 0 Mlocked:            4972 kB
Node 0 Dirty:                32 kB
Node 0 Writeback:             0 kB
Node 0 FilePages:        128596 kB
Node 0 Mapped:            44804 kB
Node 0 AnonPages:         23724 kB
Node 0 Shmem:               520 kB
Node 0 KernelStack:        3416 kB
Node 0 PageTables:          696 kB
Node 0 NFS_Unstable:          0 kB
Node 0 Bounce:                0 kB
Node 0 WritebackTmp:          0 kB
Node 0 KReclaimable:      25500 kB
Node 0 Slab:              75156 kB
Node 0 SReclaimable:      25500 kB
Node 0 SUnreclaim:        49656 kB
Node 0 AnonHugePages:         0 kB
Node 0 ShmemHugePages:        0 kB
Node 0 ShmemPmdMapped:        0 kB
Node 0 FileHugePages:        0 kB
Node 0 FilePmdMapped:        0 kB
Node 0 HugePages_Total:     0
Node 0 HugePages_Free:      0
Node 0 HugePages_Surp:      0

Node 1 MemTotal:       24661580 kB
Node 1 MemFree:         7667192 kB
Node 1 MemUsed:        16994388 kB
Node 1 Active:            46104 kB
Node 1 Inactive:          21492 kB
Node 1 Active(anon):       9228 kB
Node 1 Inactive(anon):      536 kB
Node 1 Active(file):      36876 kB
Node 1 Inactive(file):    20956 kB
Node 1 Unevictable:       13552 kB
Node 1 Mlocked:           13552 kB
Node 1 Dirty:                16 kB
Node 1 Writeback:             0 kB
Node 1 FilePages:         61852 kB
Node 1 Mapped:            18456 kB
Node 1 AnonPages:         19388 kB
Node 1 Shmem:               748 kB
Node 1 KernelStack:        1112 kB
Node 1 PageTables:          448 kB
Node 1 NFS_Unstable:          0 kB
Node 1 Bounce:                0 kB
Node 1 WritebackTmp:          0 kB
Node 1 KReclaimable:      17300 kB
Node 1 Slab:             102724 kB
Node 1 SReclaimable:      17300 kB
Node 1 SUnreclaim:        85424 kB
Node 1 AnonHugePages:         0 kB
Node 1 ShmemHugePages:        0 kB
Node 1 ShmemPmdMapped:        0 kB
Node 1 FileHugePages:        0 kB
Node 1 FilePmdMapped:        0 kB
Node 1 HugePages_Total:     0
Node 1 HugePages_Free:      0
Node 1 HugePages_Surp:      0

After Opposite Node
Node 0 MemTotal:       24768352 kB
Node 0 MemFree:        23435516 kB
Node 0 MemUsed:         1332836 kB
Node 0 Active:            59364 kB
Node 0 Inactive:          88344 kB
Node 0 Active(anon):      24244 kB
Node 0 Inactive(anon):      336 kB
Node 0 Active(file):      35120 kB
Node 0 Inactive(file):    88008 kB
Node 0 Unevictable:        4972 kB
Node 0 Mlocked:            4972 kB
Node 0 Dirty:                56 kB
Node 0 Writeback:             0 kB
Node 0 FilePages:        128616 kB
Node 0 Mapped:            45040 kB
Node 0 AnonPages:         24180 kB
Node 0 Shmem:               520 kB
Node 0 KernelStack:        3448 kB
Node 0 PageTables:          744 kB
Node 0 NFS_Unstable:          0 kB
Node 0 Bounce:                0 kB
Node 0 WritebackTmp:          0 kB
Node 0 KReclaimable:      25540 kB
Node 0 Slab:              77168 kB
Node 0 SReclaimable:      25540 kB
Node 0 SUnreclaim:        51628 kB
Node 0 AnonHugePages:         0 kB
Node 0 ShmemHugePages:        0 kB
Node 0 ShmemPmdMapped:        0 kB
Node 0 FileHugePages:        0 kB
Node 0 FilePmdMapped:        0 kB
Node 0 HugePages_Total:     0
Node 0 HugePages_Free:      0
Node 0 HugePages_Surp:      0

Node 1 MemTotal:       24661580 kB
Node 1 MemFree:         7668528 kB
Node 1 MemUsed:        16993052 kB
Node 1 Active:            45700 kB
Node 1 Inactive:          21492 kB
Node 1 Active(anon):       8820 kB
Node 1 Inactive(anon):      536 kB
Node 1 Active(file):      36880 kB
Node 1 Inactive(file):    20956 kB
Node 1 Unevictable:       13552 kB
Node 1 Mlocked:           13552 kB
Node 1 Dirty:                20 kB
Node 1 Writeback:             0 kB
Node 1 FilePages:         61864 kB
Node 1 Mapped:            18492 kB
Node 1 AnonPages:         18936 kB
Node 1 Shmem:               748 kB
Node 1 KernelStack:        1048 kB
Node 1 PageTables:          392 kB
Node 1 NFS_Unstable:          0 kB
Node 1 Bounce:                0 kB
Node 1 WritebackTmp:          0 kB
Node 1 KReclaimable:      17300 kB
Node 1 Slab:             101512 kB
Node 1 SReclaimable:      17300 kB
Node 1 SUnreclaim:        84212 kB
Node 1 AnonHugePages:         0 kB
Node 1 ShmemHugePages:        0 kB
Node 1 ShmemPmdMapped:        0 kB
Node 1 FileHugePages:        0 kB
Node 1 FilePmdMapped:        0 kB
Node 1 HugePages_Total:     0
Node 1 HugePages_Free:      0
Node 1 HugePages_Surp:      0

U.1.simpleread.16G.1.O.1M Complete!
