U.1.simpleread.500M.3.O.1M
Begin
Node 0 MemTotal:       24743736 kB
Node 0 MemFree:        24366800 kB
Node 0 MemUsed:          376936 kB
Node 0 Active:            62408 kB
Node 0 Inactive:          26652 kB
Node 0 Active(anon):      24560 kB
Node 0 Inactive(anon):      456 kB
Node 0 Active(file):      37848 kB
Node 0 Inactive(file):    26196 kB
Node 0 Unevictable:       13644 kB
Node 0 Mlocked:           13644 kB
Node 0 Dirty:               268 kB
Node 0 Writeback:             0 kB
Node 0 FilePages:         68160 kB
Node 0 Mapped:            19636 kB
Node 0 AnonPages:         34688 kB
Node 0 Shmem:               652 kB
Node 0 KernelStack:        2008 kB
Node 0 PageTables:          620 kB
Node 0 NFS_Unstable:          0 kB
Node 0 Bounce:                0 kB
Node 0 WritebackTmp:          0 kB
Node 0 KReclaimable:      19180 kB
Node 0 Slab:              51816 kB
Node 0 SReclaimable:      19180 kB
Node 0 SUnreclaim:        32636 kB
Node 0 AnonHugePages:         0 kB
Node 0 ShmemHugePages:        0 kB
Node 0 ShmemPmdMapped:        0 kB
Node 0 FileHugePages:        0 kB
Node 0 FilePmdMapped:        0 kB
Node 0 HugePages_Total:     0
Node 0 HugePages_Free:      0
Node 0 HugePages_Surp:      0

Node 1 MemTotal:       24686196 kB
Node 1 MemFree:        24452988 kB
Node 1 MemUsed:          233208 kB
Node 1 Active:            31768 kB
Node 1 Inactive:          60064 kB
Node 1 Active(anon):       9508 kB
Node 1 Inactive(anon):      408 kB
Node 1 Active(file):      22260 kB
Node 1 Inactive(file):    59656 kB
Node 1 Unevictable:        4876 kB
Node 1 Mlocked:            4876 kB
Node 1 Dirty:               168 kB
Node 1 Writeback:             0 kB
Node 1 FilePages:         87428 kB
Node 1 Mapped:            22768 kB
Node 1 AnonPages:          9304 kB
Node 1 Shmem:               616 kB
Node 1 KernelStack:        1592 kB
Node 1 PageTables:          368 kB
Node 1 NFS_Unstable:          0 kB
Node 1 Bounce:                0 kB
Node 1 WritebackTmp:          0 kB
Node 1 KReclaimable:      23052 kB
Node 1 Slab:              56520 kB
Node 1 SReclaimable:      23052 kB
Node 1 SUnreclaim:        33468 kB
Node 1 AnonHugePages:         0 kB
Node 1 ShmemHugePages:        0 kB
Node 1 ShmemPmdMapped:        0 kB
Node 1 FileHugePages:        0 kB
Node 1 FilePmdMapped:        0 kB
Node 1 HugePages_Total:     0
Node 1 HugePages_Free:      0
Node 1 HugePages_Surp:      0

Load ZFS
Node 0 MemTotal:       24743736 kB
Node 0 MemFree:        24363344 kB
Node 0 MemUsed:          380392 kB
Node 0 Active:            68684 kB
Node 0 Inactive:          22120 kB
Node 0 Active(anon):      24740 kB
Node 0 Inactive(anon):      456 kB
Node 0 Active(file):      43944 kB
Node 0 Inactive(file):    21664 kB
Node 0 Unevictable:       13644 kB
Node 0 Mlocked:           13644 kB
Node 0 Dirty:               268 kB
Node 0 Writeback:             0 kB
Node 0 FilePages:         69580 kB
Node 0 Mapped:            19608 kB
Node 0 AnonPages:         34828 kB
Node 0 Shmem:               652 kB
Node 0 KernelStack:        2040 kB
Node 0 PageTables:          668 kB
Node 0 NFS_Unstable:          0 kB
Node 0 Bounce:                0 kB
Node 0 WritebackTmp:          0 kB
Node 0 KReclaimable:      19728 kB
Node 0 Slab:              53548 kB
Node 0 SReclaimable:      19728 kB
Node 0 SUnreclaim:        33820 kB
Node 0 AnonHugePages:         0 kB
Node 0 ShmemHugePages:        0 kB
Node 0 ShmemPmdMapped:        0 kB
Node 0 FileHugePages:        0 kB
Node 0 FilePmdMapped:        0 kB
Node 0 HugePages_Total:     0
Node 0 HugePages_Free:      0
Node 0 HugePages_Surp:      0

Node 1 MemTotal:       24686196 kB
Node 1 MemFree:        24445520 kB
Node 1 MemUsed:          240676 kB
Node 1 Active:            37120 kB
Node 1 Inactive:          60480 kB
Node 1 Active(anon):      14132 kB
Node 1 Inactive(anon):      412 kB
Node 1 Active(file):      22988 kB
Node 1 Inactive(file):    60068 kB
Node 1 Unevictable:        4876 kB
Node 1 Mlocked:            4876 kB
Node 1 Dirty:               228 kB
Node 1 Writeback:             0 kB
Node 1 FilePages:         88544 kB
Node 1 Mapped:            22920 kB
Node 1 AnonPages:         14032 kB
Node 1 Shmem:               616 kB
Node 1 KernelStack:        1720 kB
Node 1 PageTables:          692 kB
Node 1 NFS_Unstable:          0 kB
Node 1 Bounce:                0 kB
Node 1 WritebackTmp:          0 kB
Node 1 KReclaimable:      23472 kB
Node 1 Slab:              58852 kB
Node 1 SReclaimable:      23472 kB
Node 1 SUnreclaim:        35380 kB
Node 1 AnonHugePages:         0 kB
Node 1 ShmemHugePages:        0 kB
Node 1 ShmemPmdMapped:        0 kB
Node 1 FileHugePages:        0 kB
Node 1 FilePmdMapped:        0 kB
Node 1 HugePages_Total:     0
Node 1 HugePages_Free:      0
Node 1 HugePages_Surp:      0

Import tank ZPool
Node 0 MemTotal:       24743736 kB
Node 0 MemFree:        24355816 kB
Node 0 MemUsed:          387920 kB
Node 0 Active:            69404 kB
Node 0 Inactive:          23296 kB
Node 0 Active(anon):      25080 kB
Node 0 Inactive(anon):      460 kB
Node 0 Active(file):      44324 kB
Node 0 Inactive(file):    22836 kB
Node 0 Unevictable:       13644 kB
Node 0 Mlocked:           13644 kB
Node 0 Dirty:                40 kB
Node 0 Writeback:             0 kB
Node 0 FilePages:         71136 kB
Node 0 Mapped:            19832 kB
Node 0 AnonPages:         35024 kB
Node 0 Shmem:               656 kB
Node 0 KernelStack:        2040 kB
Node 0 PageTables:          696 kB
Node 0 NFS_Unstable:          0 kB
Node 0 Bounce:                0 kB
Node 0 WritebackTmp:          0 kB
Node 0 KReclaimable:      19844 kB
Node 0 Slab:              58276 kB
Node 0 SReclaimable:      19844 kB
Node 0 SUnreclaim:        38432 kB
Node 0 AnonHugePages:         0 kB
Node 0 ShmemHugePages:        0 kB
Node 0 ShmemPmdMapped:        0 kB
Node 0 FileHugePages:        0 kB
Node 0 FilePmdMapped:        0 kB
Node 0 HugePages_Total:     0
Node 0 HugePages_Free:      0
Node 0 HugePages_Surp:      0

Node 1 MemTotal:       24686196 kB
Node 1 MemFree:        24431408 kB
Node 1 MemUsed:          254788 kB
Node 1 Active:            37140 kB
Node 1 Inactive:          60484 kB
Node 1 Active(anon):      14128 kB
Node 1 Inactive(anon):      412 kB
Node 1 Active(file):      23012 kB
Node 1 Inactive(file):    60072 kB
Node 1 Unevictable:        4876 kB
Node 1 Mlocked:            4876 kB
Node 1 Dirty:               268 kB
Node 1 Writeback:             8 kB
Node 1 FilePages:         88568 kB
Node 1 Mapped:            22992 kB
Node 1 AnonPages:         14032 kB
Node 1 Shmem:               612 kB
Node 1 KernelStack:        2840 kB
Node 1 PageTables:          692 kB
Node 1 NFS_Unstable:          0 kB
Node 1 Bounce:                0 kB
Node 1 WritebackTmp:          0 kB
Node 1 KReclaimable:      23508 kB
Node 1 Slab:              61500 kB
Node 1 SReclaimable:      23508 kB
Node 1 SUnreclaim:        37992 kB
Node 1 AnonHugePages:         0 kB
Node 1 ShmemHugePages:        0 kB
Node 1 ShmemPmdMapped:        0 kB
Node 1 FileHugePages:        0 kB
Node 1 FilePmdMapped:        0 kB
Node 1 HugePages_Total:     0
Node 1 HugePages_Free:      0
Node 1 HugePages_Surp:      0

After Test
Node 0 MemTotal:       24743736 kB
Node 0 MemFree:        24093036 kB
Node 0 MemUsed:          650700 kB
Node 0 Active:            68460 kB
Node 0 Inactive:          23024 kB
Node 0 Active(anon):      23828 kB
Node 0 Inactive(anon):      460 kB
Node 0 Active(file):      44632 kB
Node 0 Inactive(file):    22564 kB
Node 0 Unevictable:       13644 kB
Node 0 Mlocked:           13644 kB
Node 0 Dirty:                56 kB
Node 0 Writeback:             0 kB
Node 0 FilePages:         71172 kB
Node 0 Mapped:            19608 kB
Node 0 AnonPages:         34012 kB
Node 0 Shmem:               656 kB
Node 0 KernelStack:        2024 kB
Node 0 PageTables:          640 kB
Node 0 NFS_Unstable:          0 kB
Node 0 Bounce:                0 kB
Node 0 WritebackTmp:          0 kB
Node 0 KReclaimable:      19844 kB
Node 0 Slab:              58756 kB
Node 0 SReclaimable:      19844 kB
Node 0 SUnreclaim:        38912 kB
Node 0 AnonHugePages:         0 kB
Node 0 ShmemHugePages:        0 kB
Node 0 ShmemPmdMapped:        0 kB
Node 0 FileHugePages:        0 kB
Node 0 FilePmdMapped:        0 kB
Node 0 HugePages_Total:     0
Node 0 HugePages_Free:      0
Node 0 HugePages_Surp:      0

Node 1 MemTotal:       24686196 kB
Node 1 MemFree:        23636628 kB
Node 1 MemUsed:         1049568 kB
Node 1 Active:            33132 kB
Node 1 Inactive:          60364 kB
Node 1 Active(anon):       9560 kB
Node 1 Inactive(anon):      412 kB
Node 1 Active(file):      23572 kB
Node 1 Inactive(file):    59952 kB
Node 1 Unevictable:        4876 kB
Node 1 Mlocked:            4876 kB
Node 1 Dirty:               180 kB
Node 1 Writeback:             0 kB
Node 1 FilePages:         89016 kB
Node 1 Mapped:            22808 kB
Node 1 AnonPages:          9072 kB
Node 1 Shmem:               612 kB
Node 1 KernelStack:        2696 kB
Node 1 PageTables:          396 kB
Node 1 NFS_Unstable:          0 kB
Node 1 Bounce:                0 kB
Node 1 WritebackTmp:          0 kB
Node 1 KReclaimable:      23700 kB
Node 1 Slab:              66596 kB
Node 1 SReclaimable:      23700 kB
Node 1 SUnreclaim:        42896 kB
Node 1 AnonHugePages:         0 kB
Node 1 ShmemHugePages:        0 kB
Node 1 ShmemPmdMapped:        0 kB
Node 1 FileHugePages:        0 kB
Node 1 FilePmdMapped:        0 kB
Node 1 HugePages_Total:     0
Node 1 HugePages_Free:      0
Node 1 HugePages_Surp:      0

After Opposite Node
Node 0 MemTotal:       24743736 kB
Node 0 MemFree:        24092624 kB
Node 0 MemUsed:          651112 kB
Node 0 Active:            68904 kB
Node 0 Inactive:          23016 kB
Node 0 Active(anon):      24244 kB
Node 0 Inactive(anon):      460 kB
Node 0 Active(file):      44660 kB
Node 0 Inactive(file):    22556 kB
Node 0 Unevictable:       13644 kB
Node 0 Mlocked:           13644 kB
Node 0 Dirty:                72 kB
Node 0 Writeback:             0 kB
Node 0 FilePages:         71192 kB
Node 0 Mapped:            19608 kB
Node 0 AnonPages:         34452 kB
Node 0 Shmem:               656 kB
Node 0 KernelStack:        2056 kB
Node 0 PageTables:          784 kB
Node 0 NFS_Unstable:          0 kB
Node 0 Bounce:                0 kB
Node 0 WritebackTmp:          0 kB
Node 0 KReclaimable:      19880 kB
Node 0 Slab:              58884 kB
Node 0 SReclaimable:      19880 kB
Node 0 SUnreclaim:        39004 kB
Node 0 AnonHugePages:         0 kB
Node 0 ShmemHugePages:        0 kB
Node 0 ShmemPmdMapped:        0 kB
Node 0 FileHugePages:        0 kB
Node 0 FilePmdMapped:        0 kB
Node 0 HugePages_Total:     0
Node 0 HugePages_Free:      0
Node 0 HugePages_Surp:      0

Node 1 MemTotal:       24686196 kB
Node 1 MemFree:        23636824 kB
Node 1 MemUsed:         1049372 kB
Node 1 Active:            32832 kB
Node 1 Inactive:          60128 kB
Node 1 Active(anon):       9016 kB
Node 1 Inactive(anon):      412 kB
Node 1 Active(file):      23816 kB
Node 1 Inactive(file):    59716 kB
Node 1 Unevictable:        4876 kB
Node 1 Mlocked:            4876 kB
Node 1 Dirty:               188 kB
Node 1 Writeback:             0 kB
Node 1 FilePages:         89024 kB
Node 1 Mapped:            22832 kB
Node 1 AnonPages:          8816 kB
Node 1 Shmem:               612 kB
Node 1 KernelStack:        2712 kB
Node 1 PageTables:          368 kB
Node 1 NFS_Unstable:          0 kB
Node 1 Bounce:                0 kB
Node 1 WritebackTmp:          0 kB
Node 1 KReclaimable:      23700 kB
Node 1 Slab:              66604 kB
Node 1 SReclaimable:      23700 kB
Node 1 SUnreclaim:        42904 kB
Node 1 AnonHugePages:         0 kB
Node 1 ShmemHugePages:        0 kB
Node 1 ShmemPmdMapped:        0 kB
Node 1 FileHugePages:        0 kB
Node 1 FilePmdMapped:        0 kB
Node 1 HugePages_Total:     0
Node 1 HugePages_Free:      0
Node 1 HugePages_Surp:      0

U.1.simpleread.500M.3.O.1M Complete!
