40 Tests Remaining!
U.1.simpleread.250M.1.O.1M
Begin
Node 0 MemTotal:       24768352 kB
Node 0 MemFree:        24353236 kB
Node 0 MemUsed:          415116 kB
Node 0 Active:            62064 kB
Node 0 Inactive:          48212 kB
Node 0 Active(anon):      16068 kB
Node 0 Inactive(anon):      568 kB
Node 0 Active(file):      45996 kB
Node 0 Inactive(file):    47644 kB
Node 0 Unevictable:       17404 kB
Node 0 Mlocked:           17404 kB
Node 0 Dirty:               124 kB
Node 0 Writeback:             0 kB
Node 0 FilePages:        101468 kB
Node 0 Mapped:            23180 kB
Node 0 AnonPages:         26008 kB
Node 0 Shmem:               744 kB
Node 0 KernelStack:        2040 kB
Node 0 PageTables:          616 kB
Node 0 NFS_Unstable:          0 kB
Node 0 Bounce:                0 kB
Node 0 WritebackTmp:          0 kB
Node 0 KReclaimable:      25816 kB
Node 0 Slab:              63824 kB
Node 0 SReclaimable:      25816 kB
Node 0 SUnreclaim:        38008 kB
Node 0 AnonHugePages:         0 kB
Node 0 ShmemHugePages:        0 kB
Node 0 ShmemPmdMapped:        0 kB
Node 0 FileHugePages:        0 kB
Node 0 FilePmdMapped:        0 kB
Node 0 HugePages_Total:     0
Node 0 HugePages_Free:      0
Node 0 HugePages_Surp:      0

Node 1 MemTotal:       24661580 kB
Node 1 MemFree:        24467152 kB
Node 1 MemUsed:          194428 kB
Node 1 Active:            33972 kB
Node 1 Inactive:          37044 kB
Node 1 Active(anon):      18036 kB
Node 1 Inactive(anon):      312 kB
Node 1 Active(file):      15936 kB
Node 1 Inactive(file):    36732 kB
Node 1 Unevictable:        1116 kB
Node 1 Mlocked:            1116 kB
Node 1 Dirty:               420 kB
Node 1 Writeback:             0 kB
Node 1 FilePages:         54316 kB
Node 1 Mapped:            22896 kB
Node 1 AnonPages:         17748 kB
Node 1 Shmem:               524 kB
Node 1 KernelStack:        1784 kB
Node 1 PageTables:          660 kB
Node 1 NFS_Unstable:          0 kB
Node 1 Bounce:                0 kB
Node 1 WritebackTmp:          0 kB
Node 1 KReclaimable:      17144 kB
Node 1 Slab:              46920 kB
Node 1 SReclaimable:      17144 kB
Node 1 SUnreclaim:        29776 kB
Node 1 AnonHugePages:         0 kB
Node 1 ShmemHugePages:        0 kB
Node 1 ShmemPmdMapped:        0 kB
Node 1 FileHugePages:        0 kB
Node 1 FilePmdMapped:        0 kB
Node 1 HugePages_Total:     0
Node 1 HugePages_Free:      0
Node 1 HugePages_Surp:      0

Load ZFS
Node 0 MemTotal:       24768352 kB
Node 0 MemFree:        24483620 kB
Node 0 MemUsed:          284732 kB
Node 0 Active:            70492 kB
Node 0 Inactive:          43892 kB
Node 0 Active(anon):      19156 kB
Node 0 Inactive(anon):      568 kB
Node 0 Active(file):      51336 kB
Node 0 Inactive(file):    43324 kB
Node 0 Unevictable:       17404 kB
Node 0 Mlocked:           17404 kB
Node 0 Dirty:               120 kB
Node 0 Writeback:             0 kB
Node 0 FilePages:        102480 kB
Node 0 Mapped:            23076 kB
Node 0 AnonPages:         29404 kB
Node 0 Shmem:               744 kB
Node 0 KernelStack:        1992 kB
Node 0 PageTables:          788 kB
Node 0 NFS_Unstable:          0 kB
Node 0 Bounce:                0 kB
Node 0 WritebackTmp:          0 kB
Node 0 KReclaimable:      26116 kB
Node 0 Slab:              65064 kB
Node 0 SReclaimable:      26116 kB
Node 0 SUnreclaim:        38948 kB
Node 0 AnonHugePages:         0 kB
Node 0 ShmemHugePages:        0 kB
Node 0 ShmemPmdMapped:        0 kB
Node 0 FileHugePages:        0 kB
Node 0 FilePmdMapped:        0 kB
Node 0 HugePages_Total:     0
Node 0 HugePages_Free:      0
Node 0 HugePages_Surp:      0

Node 1 MemTotal:       24661580 kB
Node 1 MemFree:        24324416 kB
Node 1 MemUsed:          337164 kB
Node 1 Active:            36948 kB
Node 1 Inactive:          37384 kB
Node 1 Active(anon):      19828 kB
Node 1 Inactive(anon):      312 kB
Node 1 Active(file):      17120 kB
Node 1 Inactive(file):    37072 kB
Node 1 Unevictable:        1116 kB
Node 1 Mlocked:            1116 kB
Node 1 Dirty:               184 kB
Node 1 Writeback:             0 kB
Node 1 FilePages:         55832 kB
Node 1 Mapped:            22996 kB
Node 1 AnonPages:         19504 kB
Node 1 Shmem:               524 kB
Node 1 KernelStack:        1768 kB
Node 1 PageTables:          672 kB
Node 1 NFS_Unstable:          0 kB
Node 1 Bounce:                0 kB
Node 1 WritebackTmp:          0 kB
Node 1 KReclaimable:      17424 kB
Node 1 Slab:              48652 kB
Node 1 SReclaimable:      17424 kB
Node 1 SUnreclaim:        31228 kB
Node 1 AnonHugePages:         0 kB
Node 1 ShmemHugePages:        0 kB
Node 1 ShmemPmdMapped:        0 kB
Node 1 FileHugePages:        0 kB
Node 1 FilePmdMapped:        0 kB
Node 1 HugePages_Total:     0
Node 1 HugePages_Free:      0
Node 1 HugePages_Surp:      0

Import tank ZPool
Node 0 MemTotal:       24768352 kB
Node 0 MemFree:        24484880 kB
Node 0 MemUsed:          283472 kB
Node 0 Active:            70588 kB
Node 0 Inactive:          43848 kB
Node 0 Active(anon):      19208 kB
Node 0 Inactive(anon):      568 kB
Node 0 Active(file):      51380 kB
Node 0 Inactive(file):    43280 kB
Node 0 Unevictable:       17404 kB
Node 0 Mlocked:           17404 kB
Node 0 Dirty:               172 kB
Node 0 Writeback:             0 kB
Node 0 FilePages:        102476 kB
Node 0 Mapped:            23408 kB
Node 0 AnonPages:         29432 kB
Node 0 Shmem:               740 kB
Node 0 KernelStack:        1992 kB
Node 0 PageTables:          788 kB
Node 0 NFS_Unstable:          0 kB
Node 0 Bounce:                0 kB
Node 0 WritebackTmp:          0 kB
Node 0 KReclaimable:      26116 kB
Node 0 Slab:              65064 kB
Node 0 SReclaimable:      26116 kB
Node 0 SUnreclaim:        38948 kB
Node 0 AnonHugePages:         0 kB
Node 0 ShmemHugePages:        0 kB
Node 0 ShmemPmdMapped:        0 kB
Node 0 FileHugePages:        0 kB
Node 0 FilePmdMapped:        0 kB
Node 0 HugePages_Total:     0
Node 0 HugePages_Free:      0
Node 0 HugePages_Surp:      0

Node 1 MemTotal:       24661580 kB
Node 1 MemFree:        24305424 kB
Node 1 MemUsed:          356156 kB
Node 1 Active:            37616 kB
Node 1 Inactive:          38576 kB
Node 1 Active(anon):      20124 kB
Node 1 Inactive(anon):      316 kB
Node 1 Active(file):      17492 kB
Node 1 Inactive(file):    38260 kB
Node 1 Unevictable:        1116 kB
Node 1 Mlocked:            1116 kB
Node 1 Dirty:               212 kB
Node 1 Writeback:             0 kB
Node 1 FilePages:         57400 kB
Node 1 Mapped:            23100 kB
Node 1 AnonPages:         20032 kB
Node 1 Shmem:               528 kB
Node 1 KernelStack:        2888 kB
Node 1 PageTables:          768 kB
Node 1 NFS_Unstable:          0 kB
Node 1 Bounce:                0 kB
Node 1 WritebackTmp:          0 kB
Node 1 KReclaimable:      17540 kB
Node 1 Slab:              55988 kB
Node 1 SReclaimable:      17540 kB
Node 1 SUnreclaim:        38448 kB
Node 1 AnonHugePages:         0 kB
Node 1 ShmemHugePages:        0 kB
Node 1 ShmemPmdMapped:        0 kB
Node 1 FileHugePages:        0 kB
Node 1 FilePmdMapped:        0 kB
Node 1 HugePages_Total:     0
Node 1 HugePages_Free:      0
Node 1 HugePages_Surp:      0

After Test
Node 0 MemTotal:       24768352 kB
Node 0 MemFree:        24386444 kB
Node 0 MemUsed:          381908 kB
Node 0 Active:            70612 kB
Node 0 Inactive:          43756 kB
Node 0 Active(anon):      19140 kB
Node 0 Inactive(anon):      568 kB
Node 0 Active(file):      51472 kB
Node 0 Inactive(file):    43188 kB
Node 0 Unevictable:       17404 kB
Node 0 Mlocked:           17404 kB
Node 0 Dirty:                88 kB
Node 0 Writeback:             0 kB
Node 0 FilePages:        102476 kB
Node 0 Mapped:            23360 kB
Node 0 AnonPages:         29360 kB
Node 0 Shmem:               740 kB
Node 0 KernelStack:        2056 kB
Node 0 PageTables:          788 kB
Node 0 NFS_Unstable:          0 kB
Node 0 Bounce:                0 kB
Node 0 WritebackTmp:          0 kB
Node 0 KReclaimable:      26164 kB
Node 0 Slab:              65652 kB
Node 0 SReclaimable:      26164 kB
Node 0 SUnreclaim:        39488 kB
Node 0 AnonHugePages:         0 kB
Node 0 ShmemHugePages:        0 kB
Node 0 ShmemPmdMapped:        0 kB
Node 0 FileHugePages:        0 kB
Node 0 FilePmdMapped:        0 kB
Node 0 HugePages_Total:     0
Node 0 HugePages_Free:      0
Node 0 HugePages_Surp:      0

Node 1 MemTotal:       24661580 kB
Node 1 MemFree:        23869688 kB
Node 1 MemUsed:          791892 kB
Node 1 Active:            38380 kB
Node 1 Inactive:          38412 kB
Node 1 Active(anon):      20264 kB
Node 1 Inactive(anon):      316 kB
Node 1 Active(file):      18116 kB
Node 1 Inactive(file):    38096 kB
Node 1 Unevictable:        1116 kB
Node 1 Mlocked:            1116 kB
Node 1 Dirty:               192 kB
Node 1 Writeback:             0 kB
Node 1 FilePages:         57860 kB
Node 1 Mapped:            22844 kB
Node 1 AnonPages:         20200 kB
Node 1 Shmem:               528 kB
Node 1 KernelStack:        2856 kB
Node 1 PageTables:          716 kB
Node 1 NFS_Unstable:          0 kB
Node 1 Bounce:                0 kB
Node 1 WritebackTmp:          0 kB
Node 1 KReclaimable:      17584 kB
Node 1 Slab:              58860 kB
Node 1 SReclaimable:      17584 kB
Node 1 SUnreclaim:        41276 kB
Node 1 AnonHugePages:         0 kB
Node 1 ShmemHugePages:        0 kB
Node 1 ShmemPmdMapped:        0 kB
Node 1 FileHugePages:        0 kB
Node 1 FilePmdMapped:        0 kB
Node 1 HugePages_Total:     0
Node 1 HugePages_Free:      0
Node 1 HugePages_Surp:      0

After Opposite Node
Node 0 MemTotal:       24768352 kB
Node 0 MemFree:        24385072 kB
Node 0 MemUsed:          383280 kB
Node 0 Active:            71184 kB
Node 0 Inactive:          43536 kB
Node 0 Active(anon):      19488 kB
Node 0 Inactive(anon):      568 kB
Node 0 Active(file):      51696 kB
Node 0 Inactive(file):    42968 kB
Node 0 Unevictable:       17404 kB
Node 0 Mlocked:           17404 kB
Node 0 Dirty:                88 kB
Node 0 Writeback:             0 kB
Node 0 FilePages:        102480 kB
Node 0 Mapped:            23344 kB
Node 0 AnonPages:         29728 kB
Node 0 Shmem:               740 kB
Node 0 KernelStack:        1996 kB
Node 0 PageTables:          904 kB
Node 0 NFS_Unstable:          0 kB
Node 0 Bounce:                0 kB
Node 0 WritebackTmp:          0 kB
Node 0 KReclaimable:      26196 kB
Node 0 Slab:              65752 kB
Node 0 SReclaimable:      26196 kB
Node 0 SUnreclaim:        39556 kB
Node 0 AnonHugePages:         0 kB
Node 0 ShmemHugePages:        0 kB
Node 0 ShmemPmdMapped:        0 kB
Node 0 FileHugePages:        0 kB
Node 0 FilePmdMapped:        0 kB
Node 0 HugePages_Total:     0
Node 0 HugePages_Free:      0
Node 0 HugePages_Surp:      0

Node 1 MemTotal:       24661580 kB
Node 1 MemFree:        23869396 kB
Node 1 MemUsed:          792184 kB
Node 1 Active:            38048 kB
Node 1 Inactive:          38400 kB
Node 1 Active(anon):      19900 kB
Node 1 Inactive(anon):      316 kB
Node 1 Active(file):      18148 kB
Node 1 Inactive(file):    38084 kB
Node 1 Unevictable:        1116 kB
Node 1 Mlocked:            1116 kB
Node 1 Dirty:               208 kB
Node 1 Writeback:             0 kB
Node 1 FilePages:         57876 kB
Node 1 Mapped:            22836 kB
Node 1 AnonPages:         19712 kB
Node 1 Shmem:               528 kB
Node 1 KernelStack:        2840 kB
Node 1 PageTables:          644 kB
Node 1 NFS_Unstable:          0 kB
Node 1 Bounce:                0 kB
Node 1 WritebackTmp:          0 kB
Node 1 KReclaimable:      17588 kB
Node 1 Slab:              58864 kB
Node 1 SReclaimable:      17588 kB
Node 1 SUnreclaim:        41276 kB
Node 1 AnonHugePages:         0 kB
Node 1 ShmemHugePages:        0 kB
Node 1 ShmemPmdMapped:        0 kB
Node 1 FileHugePages:        0 kB
Node 1 FilePmdMapped:        0 kB
Node 1 HugePages_Total:     0
Node 1 HugePages_Free:      0
Node 1 HugePages_Surp:      0

U.1.simpleread.250M.1.O.1M Complete!
