U.1.simpleread.8G.1.O.1M
Begin
Node 0 MemTotal:       24743736 kB
Node 0 MemFree:        24368464 kB
Node 0 MemUsed:          375272 kB
Node 0 Active:            50808 kB
Node 0 Inactive:          52472 kB
Node 0 Active(anon):      13788 kB
Node 0 Inactive(anon):      456 kB
Node 0 Active(file):      37020 kB
Node 0 Inactive(file):    52016 kB
Node 0 Unevictable:       13252 kB
Node 0 Mlocked:           13252 kB
Node 0 Dirty:               388 kB
Node 0 Writeback:             0 kB
Node 0 FilePages:         92592 kB
Node 0 Mapped:            16696 kB
Node 0 AnonPages:         23956 kB
Node 0 Shmem:               632 kB
Node 0 KernelStack:        1992 kB
Node 0 PageTables:          376 kB
Node 0 NFS_Unstable:          0 kB
Node 0 Bounce:                0 kB
Node 0 WritebackTmp:          0 kB
Node 0 KReclaimable:      23124 kB
Node 0 Slab:              47808 kB
Node 0 SReclaimable:      23124 kB
Node 0 SUnreclaim:        24684 kB
Node 0 AnonHugePages:         0 kB
Node 0 ShmemHugePages:        0 kB
Node 0 ShmemPmdMapped:        0 kB
Node 0 FileHugePages:        0 kB
Node 0 FilePmdMapped:        0 kB
Node 0 HugePages_Total:     0
Node 0 HugePages_Free:      0
Node 0 HugePages_Surp:      0

Node 1 MemTotal:       24686196 kB
Node 1 MemFree:        24424708 kB
Node 1 MemUsed:          261488 kB
Node 1 Active:            46348 kB
Node 1 Inactive:          61332 kB
Node 1 Active(anon):      20012 kB
Node 1 Inactive(anon):      440 kB
Node 1 Active(file):      26336 kB
Node 1 Inactive(file):    60892 kB
Node 1 Unevictable:        5272 kB
Node 1 Mlocked:            5272 kB
Node 1 Dirty:               160 kB
Node 1 Writeback:             0 kB
Node 1 FilePages:         93168 kB
Node 1 Mapped:            51832 kB
Node 1 AnonPages:         19904 kB
Node 1 Shmem:               636 kB
Node 1 KernelStack:        1608 kB
Node 1 PageTables:          780 kB
Node 1 NFS_Unstable:          0 kB
Node 1 Bounce:                0 kB
Node 1 WritebackTmp:          0 kB
Node 1 KReclaimable:      18336 kB
Node 1 Slab:              58048 kB
Node 1 SReclaimable:      18336 kB
Node 1 SUnreclaim:        39712 kB
Node 1 AnonHugePages:         0 kB
Node 1 ShmemHugePages:        0 kB
Node 1 ShmemPmdMapped:        0 kB
Node 1 FileHugePages:        0 kB
Node 1 FilePmdMapped:        0 kB
Node 1 HugePages_Total:     0
Node 1 HugePages_Free:      0
Node 1 HugePages_Surp:      0

Load ZFS
Node 0 MemTotal:       24743736 kB
Node 0 MemFree:        24496368 kB
Node 0 MemUsed:          247368 kB
Node 0 Active:            53272 kB
Node 0 Inactive:          52928 kB
Node 0 Active(anon):      15904 kB
Node 0 Inactive(anon):      456 kB
Node 0 Active(file):      37368 kB
Node 0 Inactive(file):    52472 kB
Node 0 Unevictable:       13252 kB
Node 0 Mlocked:           13252 kB
Node 0 Dirty:               388 kB
Node 0 Writeback:             0 kB
Node 0 FilePages:         93396 kB
Node 0 Mapped:            16696 kB
Node 0 AnonPages:         26136 kB
Node 0 Shmem:               632 kB
Node 0 KernelStack:        1976 kB
Node 0 PageTables:          376 kB
Node 0 NFS_Unstable:          0 kB
Node 0 Bounce:                0 kB
Node 0 WritebackTmp:          0 kB
Node 0 KReclaimable:      23612 kB
Node 0 Slab:              49552 kB
Node 0 SReclaimable:      23612 kB
Node 0 SUnreclaim:        25940 kB
Node 0 AnonHugePages:         0 kB
Node 0 ShmemHugePages:        0 kB
Node 0 ShmemPmdMapped:        0 kB
Node 0 FileHugePages:        0 kB
Node 0 FilePmdMapped:        0 kB
Node 0 HugePages_Total:     0
Node 0 HugePages_Free:      0
Node 0 HugePages_Surp:      0

Node 1 MemTotal:       24686196 kB
Node 1 MemFree:        24284476 kB
Node 1 MemUsed:          401720 kB
Node 1 Active:            56640 kB
Node 1 Inactive:          56888 kB
Node 1 Active(anon):      24112 kB
Node 1 Inactive(anon):      440 kB
Node 1 Active(file):      32528 kB
Node 1 Inactive(file):    56448 kB
Node 1 Unevictable:        5272 kB
Node 1 Mlocked:            5272 kB
Node 1 Dirty:               192 kB
Node 1 Writeback:             0 kB
Node 1 FilePages:         94880 kB
Node 1 Mapped:            51992 kB
Node 1 AnonPages:         23836 kB
Node 1 Shmem:               636 kB
Node 1 KernelStack:        1752 kB
Node 1 PageTables:         1128 kB
Node 1 NFS_Unstable:          0 kB
Node 1 Bounce:                0 kB
Node 1 WritebackTmp:          0 kB
Node 1 KReclaimable:      18688 kB
Node 1 Slab:              59652 kB
Node 1 SReclaimable:      18688 kB
Node 1 SUnreclaim:        40964 kB
Node 1 AnonHugePages:         0 kB
Node 1 ShmemHugePages:        0 kB
Node 1 ShmemPmdMapped:        0 kB
Node 1 FileHugePages:        0 kB
Node 1 FilePmdMapped:        0 kB
Node 1 HugePages_Total:     0
Node 1 HugePages_Free:      0
Node 1 HugePages_Surp:      0

Import tank ZPool
Node 0 MemTotal:       24743736 kB
Node 0 MemFree:        24497408 kB
Node 0 MemUsed:          246328 kB
Node 0 Active:            51060 kB
Node 0 Inactive:          52928 kB
Node 0 Active(anon):      13668 kB
Node 0 Inactive(anon):      456 kB
Node 0 Active(file):      37392 kB
Node 0 Inactive(file):    52472 kB
Node 0 Unevictable:       13252 kB
Node 0 Mlocked:           13252 kB
Node 0 Dirty:               128 kB
Node 0 Writeback:             0 kB
Node 0 FilePages:         93436 kB
Node 0 Mapped:            16716 kB
Node 0 AnonPages:         23820 kB
Node 0 Shmem:               632 kB
Node 0 KernelStack:        1960 kB
Node 0 PageTables:          376 kB
Node 0 NFS_Unstable:          0 kB
Node 0 Bounce:                0 kB
Node 0 WritebackTmp:          0 kB
Node 0 KReclaimable:      23612 kB
Node 0 Slab:              49520 kB
Node 0 SReclaimable:      23612 kB
Node 0 SUnreclaim:        25908 kB
Node 0 AnonHugePages:         0 kB
Node 0 ShmemHugePages:        0 kB
Node 0 ShmemPmdMapped:        0 kB
Node 0 FileHugePages:        0 kB
Node 0 FilePmdMapped:        0 kB
Node 0 HugePages_Total:     0
Node 0 HugePages_Free:      0
Node 0 HugePages_Surp:      0

Node 1 MemTotal:       24686196 kB
Node 1 MemFree:        24269200 kB
Node 1 MemUsed:          416996 kB
Node 1 Active:            52744 kB
Node 1 Inactive:          57976 kB
Node 1 Active(anon):      19744 kB
Node 1 Inactive(anon):      444 kB
Node 1 Active(file):      33000 kB
Node 1 Inactive(file):    57532 kB
Node 1 Unevictable:        5272 kB
Node 1 Mlocked:            5272 kB
Node 1 Dirty:               252 kB
Node 1 Writeback:             0 kB
Node 1 FilePages:         96440 kB
Node 1 Mapped:            51940 kB
Node 1 AnonPages:         19584 kB
Node 1 Shmem:               636 kB
Node 1 KernelStack:        2728 kB
Node 1 PageTables:          768 kB
Node 1 NFS_Unstable:          0 kB
Node 1 Bounce:                0 kB
Node 1 WritebackTmp:          0 kB
Node 1 KReclaimable:      18864 kB
Node 1 Slab:              67136 kB
Node 1 SReclaimable:      18864 kB
Node 1 SUnreclaim:        48272 kB
Node 1 AnonHugePages:         0 kB
Node 1 ShmemHugePages:        0 kB
Node 1 ShmemPmdMapped:        0 kB
Node 1 FileHugePages:        0 kB
Node 1 FilePmdMapped:        0 kB
Node 1 HugePages_Total:     0
Node 1 HugePages_Free:      0
Node 1 HugePages_Surp:      0

After Test
Node 0 MemTotal:       24743736 kB
Node 0 MemFree:        23981984 kB
Node 0 MemUsed:          761752 kB
Node 0 Active:            51068 kB
Node 0 Inactive:          52784 kB
Node 0 Active(anon):      13472 kB
Node 0 Inactive(anon):      456 kB
Node 0 Active(file):      37596 kB
Node 0 Inactive(file):    52328 kB
Node 0 Unevictable:       13252 kB
Node 0 Mlocked:           13252 kB
Node 0 Dirty:                 0 kB
Node 0 Writeback:             0 kB
Node 0 FilePages:         93524 kB
Node 0 Mapped:            16976 kB
Node 0 AnonPages:         23656 kB
Node 0 Shmem:               632 kB
Node 0 KernelStack:        1880 kB
Node 0 PageTables:          376 kB
Node 0 NFS_Unstable:          0 kB
Node 0 Bounce:                0 kB
Node 0 WritebackTmp:          0 kB
Node 0 KReclaimable:      23588 kB
Node 0 Slab:              51352 kB
Node 0 SReclaimable:      23588 kB
Node 0 SUnreclaim:        27764 kB
Node 0 AnonHugePages:         0 kB
Node 0 ShmemHugePages:        0 kB
Node 0 ShmemPmdMapped:        0 kB
Node 0 FileHugePages:        0 kB
Node 0 FilePmdMapped:        0 kB
Node 0 HugePages_Total:     0
Node 0 HugePages_Free:      0
Node 0 HugePages_Surp:      0

Node 1 MemTotal:       24686196 kB
Node 1 MemFree:        15532964 kB
Node 1 MemUsed:         9153232 kB
Node 1 Active:            53352 kB
Node 1 Inactive:          57744 kB
Node 1 Active(anon):      19656 kB
Node 1 Inactive(anon):      444 kB
Node 1 Active(file):      33696 kB
Node 1 Inactive(file):    57300 kB
Node 1 Unevictable:        5272 kB
Node 1 Mlocked:            5272 kB
Node 1 Dirty:                28 kB
Node 1 Writeback:             0 kB
Node 1 FilePages:         96900 kB
Node 1 Mapped:            51840 kB
Node 1 AnonPages:         19564 kB
Node 1 Shmem:               636 kB
Node 1 KernelStack:        2744 kB
Node 1 PageTables:          756 kB
Node 1 NFS_Unstable:          0 kB
Node 1 Bounce:                0 kB
Node 1 WritebackTmp:          0 kB
Node 1 KReclaimable:      19012 kB
Node 1 Slab:              99120 kB
Node 1 SReclaimable:      19012 kB
Node 1 SUnreclaim:        80108 kB
Node 1 AnonHugePages:         0 kB
Node 1 ShmemHugePages:        0 kB
Node 1 ShmemPmdMapped:        0 kB
Node 1 FileHugePages:        0 kB
Node 1 FilePmdMapped:        0 kB
Node 1 HugePages_Total:     0
Node 1 HugePages_Free:      0
Node 1 HugePages_Surp:      0

After Opposite Node
Node 0 MemTotal:       24743736 kB
Node 0 MemFree:        23978964 kB
Node 0 MemUsed:          764772 kB
Node 0 Active:            51736 kB
Node 0 Inactive:          52564 kB
Node 0 Active(anon):      13880 kB
Node 0 Inactive(anon):      456 kB
Node 0 Active(file):      37856 kB
Node 0 Inactive(file):    52108 kB
Node 0 Unevictable:       13252 kB
Node 0 Mlocked:           13252 kB
Node 0 Dirty:                 4 kB
Node 0 Writeback:             0 kB
Node 0 FilePages:         93540 kB
Node 0 Mapped:            16972 kB
Node 0 AnonPages:         24104 kB
Node 0 Shmem:               632 kB
Node 0 KernelStack:        1896 kB
Node 0 PageTables:          424 kB
Node 0 NFS_Unstable:          0 kB
Node 0 Bounce:                0 kB
Node 0 WritebackTmp:          0 kB
Node 0 KReclaimable:      23620 kB
Node 0 Slab:              52620 kB
Node 0 SReclaimable:      23620 kB
Node 0 SUnreclaim:        29000 kB
Node 0 AnonHugePages:         0 kB
Node 0 ShmemHugePages:        0 kB
Node 0 ShmemPmdMapped:        0 kB
Node 0 FileHugePages:        0 kB
Node 0 FilePmdMapped:        0 kB
Node 0 HugePages_Total:     0
Node 0 HugePages_Free:      0
Node 0 HugePages_Surp:      0

Node 1 MemTotal:       24686196 kB
Node 1 MemFree:        15534680 kB
Node 1 MemUsed:         9151516 kB
Node 1 Active:            52992 kB
Node 1 Inactive:          57728 kB
Node 1 Active(anon):      19264 kB
Node 1 Inactive(anon):      444 kB
Node 1 Active(file):      33728 kB
Node 1 Inactive(file):    57284 kB
Node 1 Unevictable:        5272 kB
Node 1 Mlocked:            5272 kB
Node 1 Dirty:                56 kB
Node 1 Writeback:             0 kB
Node 1 FilePages:         96916 kB
Node 1 Mapped:            51840 kB
Node 1 AnonPages:         19120 kB
Node 1 Shmem:               636 kB
Node 1 KernelStack:        2728 kB
Node 1 PageTables:          708 kB
Node 1 NFS_Unstable:          0 kB
Node 1 Bounce:                0 kB
Node 1 WritebackTmp:          0 kB
Node 1 KReclaimable:      19012 kB
Node 1 Slab:              99020 kB
Node 1 SReclaimable:      19012 kB
Node 1 SUnreclaim:        80008 kB
Node 1 AnonHugePages:         0 kB
Node 1 ShmemHugePages:        0 kB
Node 1 ShmemPmdMapped:        0 kB
Node 1 FileHugePages:        0 kB
Node 1 FilePmdMapped:        0 kB
Node 1 HugePages_Total:     0
Node 1 HugePages_Free:      0
Node 1 HugePages_Surp:      0

U.1.simpleread.8G.1.O.1M Complete!
