1.onefio.4G
Begin
Node 0 MemTotal:       24743524 kB
Node 0 MemFree:        24410516 kB
Node 0 MemUsed:          333008 kB
Node 0 Active:            69760 kB
Node 0 Inactive:          68416 kB
Node 0 Active(anon):      22320 kB
Node 0 Inactive(anon):      532 kB
Node 0 Active(file):      47440 kB
Node 0 Inactive(file):    67884 kB
Node 0 Unevictable:       17776 kB
Node 0 Mlocked:           17776 kB
Node 0 Dirty:                68 kB
Node 0 Writeback:             0 kB
Node 0 FilePages:        123800 kB
Node 0 Mapped:            52824 kB
Node 0 AnonPages:         32328 kB
Node 0 Shmem:               724 kB
Node 0 KernelStack:        2696 kB
Node 0 PageTables:          884 kB
Node 0 NFS_Unstable:          0 kB
Node 0 Bounce:                0 kB
Node 0 WritebackTmp:          0 kB
Node 0 KReclaimable:      29176 kB
Node 0 Slab:              79816 kB
Node 0 SReclaimable:      29176 kB
Node 0 SUnreclaim:        50640 kB
Node 0 AnonHugePages:         0 kB
Node 0 ShmemHugePages:        0 kB
Node 0 ShmemPmdMapped:        0 kB
Node 0 FileHugePages:        0 kB
Node 0 FilePmdMapped:        0 kB
Node 0 HugePages_Total:     0
Node 0 HugePages_Free:      0
Node 0 HugePages_Surp:      0

Node 1 MemTotal:       24686196 kB
Node 1 MemFree:        24522788 kB
Node 1 MemUsed:          163408 kB
Node 1 Active:            25112 kB
Node 1 Inactive:           9880 kB
Node 1 Active(anon):      12020 kB
Node 1 Inactive(anon):      348 kB
Node 1 Active(file):      13092 kB
Node 1 Inactive(file):     9532 kB
Node 1 Unevictable:         608 kB
Node 1 Mlocked:             608 kB
Node 1 Dirty:                 8 kB
Node 1 Writeback:             0 kB
Node 1 FilePages:         23748 kB
Node 1 Mapped:             7584 kB
Node 1 AnonPages:         11940 kB
Node 1 Shmem:               488 kB
Node 1 KernelStack:        1736 kB
Node 1 PageTables:          184 kB
Node 1 NFS_Unstable:          0 kB
Node 1 Bounce:                0 kB
Node 1 WritebackTmp:          0 kB
Node 1 KReclaimable:      15368 kB
Node 1 Slab:              39968 kB
Node 1 SReclaimable:      15368 kB
Node 1 SUnreclaim:        24600 kB
Node 1 AnonHugePages:         0 kB
Node 1 ShmemHugePages:        0 kB
Node 1 ShmemPmdMapped:        0 kB
Node 1 FileHugePages:        0 kB
Node 1 FilePmdMapped:        0 kB
Node 1 HugePages_Total:     0
Node 1 HugePages_Free:      0
Node 1 HugePages_Surp:      0

Mount tmpfs
Node 0 MemTotal:       24743524 kB
Node 0 MemFree:        24409408 kB
Node 0 MemUsed:          334116 kB
Node 0 Active:            70124 kB
Node 0 Inactive:          68416 kB
Node 0 Active(anon):      22684 kB
Node 0 Inactive(anon):      532 kB
Node 0 Active(file):      47440 kB
Node 0 Inactive(file):    67884 kB
Node 0 Unevictable:       17776 kB
Node 0 Mlocked:           17776 kB
Node 0 Dirty:                68 kB
Node 0 Writeback:             0 kB
Node 0 FilePages:        123800 kB
Node 0 Mapped:            52824 kB
Node 0 AnonPages:         32692 kB
Node 0 Shmem:               724 kB
Node 0 KernelStack:        2696 kB
Node 0 PageTables:          884 kB
Node 0 NFS_Unstable:          0 kB
Node 0 Bounce:                0 kB
Node 0 WritebackTmp:          0 kB
Node 0 KReclaimable:      29176 kB
Node 0 Slab:              80180 kB
Node 0 SReclaimable:      29176 kB
Node 0 SUnreclaim:        51004 kB
Node 0 AnonHugePages:         0 kB
Node 0 ShmemHugePages:        0 kB
Node 0 ShmemPmdMapped:        0 kB
Node 0 FileHugePages:        0 kB
Node 0 FilePmdMapped:        0 kB
Node 0 HugePages_Total:     0
Node 0 HugePages_Free:      0
Node 0 HugePages_Surp:      0

Node 1 MemTotal:       24686196 kB
Node 1 MemFree:        24522788 kB
Node 1 MemUsed:          163408 kB
Node 1 Active:            25112 kB
Node 1 Inactive:           9880 kB
Node 1 Active(anon):      12020 kB
Node 1 Inactive(anon):      348 kB
Node 1 Active(file):      13092 kB
Node 1 Inactive(file):     9532 kB
Node 1 Unevictable:         608 kB
Node 1 Mlocked:             608 kB
Node 1 Dirty:                 8 kB
Node 1 Writeback:             0 kB
Node 1 FilePages:         23748 kB
Node 1 Mapped:             7584 kB
Node 1 AnonPages:         11940 kB
Node 1 Shmem:               488 kB
Node 1 KernelStack:        1736 kB
Node 1 PageTables:          184 kB
Node 1 NFS_Unstable:          0 kB
Node 1 Bounce:                0 kB
Node 1 WritebackTmp:          0 kB
Node 1 KReclaimable:      15368 kB
Node 1 Slab:              39968 kB
Node 1 SReclaimable:      15368 kB
Node 1 SUnreclaim:        24600 kB
Node 1 AnonHugePages:         0 kB
Node 1 ShmemHugePages:        0 kB
Node 1 ShmemPmdMapped:        0 kB
Node 1 FileHugePages:        0 kB
Node 1 FilePmdMapped:        0 kB
Node 1 HugePages_Total:     0
Node 1 HugePages_Free:      0
Node 1 HugePages_Surp:      0

Create File
Node 0 MemTotal:       24743524 kB
Node 0 MemFree:        24413072 kB
Node 0 MemUsed:          330452 kB
Node 0 Active:            70504 kB
Node 0 Inactive:          68372 kB
Node 0 Active(anon):      22536 kB
Node 0 Inactive(anon):      532 kB
Node 0 Active(file):      47968 kB
Node 0 Inactive(file):    67840 kB
Node 0 Unevictable:       17776 kB
Node 0 Mlocked:           17776 kB
Node 0 Dirty:                24 kB
Node 0 Writeback:             0 kB
Node 0 FilePages:        124108 kB
Node 0 Mapped:            52824 kB
Node 0 AnonPages:         32580 kB
Node 0 Shmem:               724 kB
Node 0 KernelStack:        2728 kB
Node 0 PageTables:          936 kB
Node 0 NFS_Unstable:          0 kB
Node 0 Bounce:                0 kB
Node 0 WritebackTmp:          0 kB
Node 0 KReclaimable:      29536 kB
Node 0 Slab:              80796 kB
Node 0 SReclaimable:      29536 kB
Node 0 SUnreclaim:        51260 kB
Node 0 AnonHugePages:         0 kB
Node 0 ShmemHugePages:        0 kB
Node 0 ShmemPmdMapped:        0 kB
Node 0 FileHugePages:        0 kB
Node 0 FilePmdMapped:        0 kB
Node 0 HugePages_Total:     0
Node 0 HugePages_Free:      0
Node 0 HugePages_Surp:      0

Node 1 MemTotal:       24686196 kB
Node 1 MemFree:        20319744 kB
Node 1 MemUsed:         4366452 kB
Node 1 Active:            24232 kB
Node 1 Inactive:        4204128 kB
Node 1 Active(anon):      11100 kB
Node 1 Inactive(anon):  4194556 kB
Node 1 Active(file):      13132 kB
Node 1 Inactive(file):     9572 kB
Node 1 Unevictable:         608 kB
Node 1 Mlocked:             608 kB
Node 1 Dirty:                 0 kB
Node 1 Writeback:             0 kB
Node 1 FilePages:       4218076 kB
Node 1 Mapped:             7652 kB
Node 1 AnonPages:         10972 kB
Node 1 Shmem:           4194748 kB
Node 1 KernelStack:        1736 kB
Node 1 PageTables:          212 kB
Node 1 NFS_Unstable:          0 kB
Node 1 Bounce:                0 kB
Node 1 WritebackTmp:          0 kB
Node 1 KReclaimable:      25004 kB
Node 1 Slab:              50296 kB
Node 1 SReclaimable:      25004 kB
Node 1 SUnreclaim:        25292 kB
Node 1 AnonHugePages:         0 kB
Node 1 ShmemHugePages:        0 kB
Node 1 ShmemPmdMapped:        0 kB
Node 1 FileHugePages:        0 kB
Node 1 FilePmdMapped:        0 kB
Node 1 HugePages_Total:     0
Node 1 HugePages_Free:      0
Node 1 HugePages_Surp:      0

After Test
Node 0 MemTotal:       24743524 kB
Node 0 MemFree:        24413788 kB
Node 0 MemUsed:          329736 kB
Node 0 Active:            71692 kB
Node 0 Inactive:          67232 kB
Node 0 Active(anon):      22580 kB
Node 0 Inactive(anon):      532 kB
Node 0 Active(file):      49112 kB
Node 0 Inactive(file):    66700 kB
Node 0 Unevictable:       17776 kB
Node 0 Mlocked:           17776 kB
Node 0 Dirty:                24 kB
Node 0 Writeback:             0 kB
Node 0 FilePages:        124108 kB
Node 0 Mapped:            52844 kB
Node 0 AnonPages:         32588 kB
Node 0 Shmem:               724 kB
Node 0 KernelStack:        2728 kB
Node 0 PageTables:          936 kB
Node 0 NFS_Unstable:          0 kB
Node 0 Bounce:                0 kB
Node 0 WritebackTmp:          0 kB
Node 0 KReclaimable:      29568 kB
Node 0 Slab:              80848 kB
Node 0 SReclaimable:      29568 kB
Node 0 SUnreclaim:        51280 kB
Node 0 AnonHugePages:         0 kB
Node 0 ShmemHugePages:        0 kB
Node 0 ShmemPmdMapped:        0 kB
Node 0 FileHugePages:        0 kB
Node 0 FilePmdMapped:        0 kB
Node 0 HugePages_Total:     0
Node 0 HugePages_Free:      0
Node 0 HugePages_Surp:      0

Node 1 MemTotal:       24686196 kB
Node 1 MemFree:        20302456 kB
Node 1 MemUsed:         4383740 kB
Node 1 Active:          4219816 kB
Node 1 Inactive:          24364 kB
Node 1 Active(anon):    4205384 kB
Node 1 Inactive(anon):      492 kB
Node 1 Active(file):      14432 kB
Node 1 Inactive(file):    23872 kB
Node 1 Unevictable:         608 kB
Node 1 Mlocked:             608 kB
Node 1 Dirty:                 0 kB
Node 1 Writeback:             0 kB
Node 1 FilePages:       4233324 kB
Node 1 Mapped:             7876 kB
Node 1 AnonPages:         10996 kB
Node 1 Shmem:           4194960 kB
Node 1 KernelStack:        1752 kB
Node 1 PageTables:           48 kB
Node 1 NFS_Unstable:          0 kB
Node 1 Bounce:                0 kB
Node 1 WritebackTmp:          0 kB
Node 1 KReclaimable:      26584 kB
Node 1 Slab:              52844 kB
Node 1 SReclaimable:      26584 kB
Node 1 SUnreclaim:        26260 kB
Node 1 AnonHugePages:         0 kB
Node 1 ShmemHugePages:        0 kB
Node 1 ShmemPmdMapped:        0 kB
Node 1 FileHugePages:        0 kB
Node 1 FilePmdMapped:        0 kB
Node 1 HugePages_Total:     0
Node 1 HugePages_Free:      0
Node 1 HugePages_Surp:      0

1.onefio.4G Complete!
