1.onefio.1M
Begin
Node 0 MemTotal:       24768352 kB
Node 0 MemFree:        24527736 kB
Node 0 MemUsed:          240616 kB
Node 0 Active:            57056 kB
Node 0 Inactive:          26448 kB
Node 0 Active(anon):      25152 kB
Node 0 Inactive(anon):      424 kB
Node 0 Active(file):      31904 kB
Node 0 Inactive(file):    26024 kB
Node 0 Unevictable:         452 kB
Node 0 Mlocked:             452 kB
Node 0 Dirty:                20 kB
Node 0 Writeback:             0 kB
Node 0 FilePages:         59172 kB
Node 0 Mapped:            18736 kB
Node 0 AnonPages:         25048 kB
Node 0 Shmem:               608 kB
Node 0 KernelStack:        2392 kB
Node 0 PageTables:          616 kB
Node 0 NFS_Unstable:          0 kB
Node 0 Bounce:                0 kB
Node 0 WritebackTmp:          0 kB
Node 0 KReclaimable:      24428 kB
Node 0 Slab:              64832 kB
Node 0 SReclaimable:      24428 kB
Node 0 SUnreclaim:        40404 kB
Node 0 AnonHugePages:         0 kB
Node 0 ShmemHugePages:        0 kB
Node 0 ShmemPmdMapped:        0 kB
Node 0 FileHugePages:        0 kB
Node 0 FilePmdMapped:        0 kB
Node 0 HugePages_Total:     0
Node 0 HugePages_Free:      0
Node 0 HugePages_Surp:      0

Node 1 MemTotal:       24661368 kB
Node 1 MemFree:        24403424 kB
Node 1 MemUsed:          257944 kB
Node 1 Active:            36472 kB
Node 1 Inactive:          54952 kB
Node 1 Active(anon):       7920 kB
Node 1 Inactive(anon):      456 kB
Node 1 Active(file):      28552 kB
Node 1 Inactive(file):    54496 kB
Node 1 Unevictable:       17992 kB
Node 1 Mlocked:           17992 kB
Node 1 Dirty:               384 kB
Node 1 Writeback:             0 kB
Node 1 FilePages:         91380 kB
Node 1 Mapped:            43412 kB
Node 1 AnonPages:         18396 kB
Node 1 Shmem:               604 kB
Node 1 KernelStack:        2088 kB
Node 1 PageTables:          508 kB
Node 1 NFS_Unstable:          0 kB
Node 1 Bounce:                0 kB
Node 1 WritebackTmp:          0 kB
Node 1 KReclaimable:      21252 kB
Node 1 Slab:              55780 kB
Node 1 SReclaimable:      21252 kB
Node 1 SUnreclaim:        34528 kB
Node 1 AnonHugePages:         0 kB
Node 1 ShmemHugePages:        0 kB
Node 1 ShmemPmdMapped:        0 kB
Node 1 FileHugePages:        0 kB
Node 1 FilePmdMapped:        0 kB
Node 1 HugePages_Total:     0
Node 1 HugePages_Free:      0
Node 1 HugePages_Surp:      0

Mount tmpfs
Node 0 MemTotal:       24768352 kB
Node 0 MemFree:        24526456 kB
Node 0 MemUsed:          241896 kB
Node 0 Active:            57056 kB
Node 0 Inactive:          26448 kB
Node 0 Active(anon):      25152 kB
Node 0 Inactive(anon):      424 kB
Node 0 Active(file):      31904 kB
Node 0 Inactive(file):    26024 kB
Node 0 Unevictable:         452 kB
Node 0 Mlocked:             452 kB
Node 0 Dirty:                20 kB
Node 0 Writeback:             0 kB
Node 0 FilePages:         59172 kB
Node 0 Mapped:            18736 kB
Node 0 AnonPages:         24868 kB
Node 0 Shmem:               608 kB
Node 0 KernelStack:        2392 kB
Node 0 PageTables:          616 kB
Node 0 NFS_Unstable:          0 kB
Node 0 Bounce:                0 kB
Node 0 WritebackTmp:          0 kB
Node 0 KReclaimable:      24428 kB
Node 0 Slab:              65204 kB
Node 0 SReclaimable:      24428 kB
Node 0 SUnreclaim:        40776 kB
Node 0 AnonHugePages:         0 kB
Node 0 ShmemHugePages:        0 kB
Node 0 ShmemPmdMapped:        0 kB
Node 0 FileHugePages:        0 kB
Node 0 FilePmdMapped:        0 kB
Node 0 HugePages_Total:     0
Node 0 HugePages_Free:      0
Node 0 HugePages_Surp:      0

Node 1 MemTotal:       24661368 kB
Node 1 MemFree:        24403424 kB
Node 1 MemUsed:          257944 kB
Node 1 Active:            36472 kB
Node 1 Inactive:          54952 kB
Node 1 Active(anon):       7920 kB
Node 1 Inactive(anon):      456 kB
Node 1 Active(file):      28552 kB
Node 1 Inactive(file):    54496 kB
Node 1 Unevictable:       17992 kB
Node 1 Mlocked:           17992 kB
Node 1 Dirty:               384 kB
Node 1 Writeback:             0 kB
Node 1 FilePages:         91380 kB
Node 1 Mapped:            43412 kB
Node 1 AnonPages:         18396 kB
Node 1 Shmem:               604 kB
Node 1 KernelStack:        2088 kB
Node 1 PageTables:          508 kB
Node 1 NFS_Unstable:          0 kB
Node 1 Bounce:                0 kB
Node 1 WritebackTmp:          0 kB
Node 1 KReclaimable:      21252 kB
Node 1 Slab:              55780 kB
Node 1 SReclaimable:      21252 kB
Node 1 SUnreclaim:        34528 kB
Node 1 AnonHugePages:         0 kB
Node 1 ShmemHugePages:        0 kB
Node 1 ShmemPmdMapped:        0 kB
Node 1 FileHugePages:        0 kB
Node 1 FilePmdMapped:        0 kB
Node 1 HugePages_Total:     0
Node 1 HugePages_Free:      0
Node 1 HugePages_Surp:      0

Create File
Node 0 MemTotal:       24768352 kB
Node 0 MemFree:        24526888 kB
Node 0 MemUsed:          241464 kB
Node 0 Active:            57388 kB
Node 0 Inactive:          26460 kB
Node 0 Active(anon):      25480 kB
Node 0 Inactive(anon):      424 kB
Node 0 Active(file):      31908 kB
Node 0 Inactive(file):    26036 kB
Node 0 Unevictable:         452 kB
Node 0 Mlocked:             452 kB
Node 0 Dirty:                20 kB
Node 0 Writeback:             0 kB
Node 0 FilePages:         59204 kB
Node 0 Mapped:            18736 kB
Node 0 AnonPages:         25196 kB
Node 0 Shmem:               608 kB
Node 0 KernelStack:        2392 kB
Node 0 PageTables:          584 kB
Node 0 NFS_Unstable:          0 kB
Node 0 Bounce:                0 kB
Node 0 WritebackTmp:          0 kB
Node 0 KReclaimable:      24508 kB
Node 0 Slab:              65284 kB
Node 0 SReclaimable:      24508 kB
Node 0 SUnreclaim:        40776 kB
Node 0 AnonHugePages:         0 kB
Node 0 ShmemHugePages:        0 kB
Node 0 ShmemPmdMapped:        0 kB
Node 0 FileHugePages:        0 kB
Node 0 FilePmdMapped:        0 kB
Node 0 HugePages_Total:     0
Node 0 HugePages_Free:      0
Node 0 HugePages_Surp:      0

Node 1 MemTotal:       24661368 kB
Node 1 MemFree:        24402480 kB
Node 1 MemUsed:          258888 kB
Node 1 Active:            36836 kB
Node 1 Inactive:          55680 kB
Node 1 Active(anon):       8284 kB
Node 1 Inactive(anon):     1184 kB
Node 1 Active(file):      28552 kB
Node 1 Inactive(file):    54496 kB
Node 1 Unevictable:       17992 kB
Node 1 Mlocked:           17992 kB
Node 1 Dirty:               384 kB
Node 1 Writeback:             0 kB
Node 1 FilePages:         92108 kB
Node 1 Mapped:            43412 kB
Node 1 AnonPages:         18396 kB
Node 1 Shmem:              1332 kB
Node 1 KernelStack:        2088 kB
Node 1 PageTables:          508 kB
Node 1 NFS_Unstable:          0 kB
Node 1 Bounce:                0 kB
Node 1 WritebackTmp:          0 kB
Node 1 KReclaimable:      21252 kB
Node 1 Slab:              55780 kB
Node 1 SReclaimable:      21252 kB
Node 1 SUnreclaim:        34528 kB
Node 1 AnonHugePages:         0 kB
Node 1 ShmemHugePages:        0 kB
Node 1 ShmemPmdMapped:        0 kB
Node 1 FileHugePages:        0 kB
Node 1 FilePmdMapped:        0 kB
Node 1 HugePages_Total:     0
Node 1 HugePages_Free:      0
Node 1 HugePages_Surp:      0

After Test
Node 0 MemTotal:       24768352 kB
Node 0 MemFree:        24526228 kB
Node 0 MemUsed:          242124 kB
Node 0 Active:            59448 kB
Node 0 Inactive:          25080 kB
Node 0 Active(anon):      25576 kB
Node 0 Inactive(anon):      424 kB
Node 0 Active(file):      33872 kB
Node 0 Inactive(file):    24656 kB
Node 0 Unevictable:         452 kB
Node 0 Mlocked:             452 kB
Node 0 Dirty:                44 kB
Node 0 Writeback:             0 kB
Node 0 FilePages:         59604 kB
Node 0 Mapped:            18884 kB
Node 0 AnonPages:         25392 kB
Node 0 Shmem:               608 kB
Node 0 KernelStack:        2408 kB
Node 0 PageTables:          632 kB
Node 0 NFS_Unstable:          0 kB
Node 0 Bounce:                0 kB
Node 0 WritebackTmp:          0 kB
Node 0 KReclaimable:      24800 kB
Node 0 Slab:              65964 kB
Node 0 SReclaimable:      24800 kB
Node 0 SUnreclaim:        41164 kB
Node 0 AnonHugePages:         0 kB
Node 0 ShmemHugePages:        0 kB
Node 0 ShmemPmdMapped:        0 kB
Node 0 FileHugePages:        0 kB
Node 0 FilePmdMapped:        0 kB
Node 0 HugePages_Total:     0
Node 0 HugePages_Free:      0
Node 0 HugePages_Surp:      0

Node 1 MemTotal:       24661368 kB
Node 1 MemFree:        24384624 kB
Node 1 MemUsed:          276744 kB
Node 1 Active:            39704 kB
Node 1 Inactive:          69384 kB
Node 1 Active(anon):      10168 kB
Node 1 Inactive(anon):      456 kB
Node 1 Active(file):      29536 kB
Node 1 Inactive(file):    68928 kB
Node 1 Unevictable:       17992 kB
Node 1 Mlocked:           17992 kB
Node 1 Dirty:               476 kB
Node 1 Writeback:             0 kB
Node 1 FilePages:        107852 kB
Node 1 Mapped:            43688 kB
Node 1 AnonPages:         19088 kB
Node 1 Shmem:              1628 kB
Node 1 KernelStack:        2168 kB
Node 1 PageTables:          724 kB
Node 1 NFS_Unstable:          0 kB
Node 1 Bounce:                0 kB
Node 1 WritebackTmp:          0 kB
Node 1 KReclaimable:      22696 kB
Node 1 Slab:              58148 kB
Node 1 SReclaimable:      22696 kB
Node 1 SUnreclaim:        35452 kB
Node 1 AnonHugePages:         0 kB
Node 1 ShmemHugePages:        0 kB
Node 1 ShmemPmdMapped:        0 kB
Node 1 FileHugePages:        0 kB
Node 1 FilePmdMapped:        0 kB
Node 1 HugePages_Total:     0
Node 1 HugePages_Free:      0
Node 1 HugePages_Surp:      0

1.onefio.1M Complete!
