kernel.numa_balancing = 0
B.0.100M-simpleread.16G.2.O.1M
Begin
Node 0 MemTotal:       24768352 kB
Node 0 MemFree:        24418828 kB
Node 0 MemUsed:          349524 kB
Node 0 Active:            54592 kB
Node 0 Inactive:          32964 kB
Node 0 Active(anon):      17260 kB
Node 0 Inactive(anon):      292 kB
Node 0 Active(file):      37332 kB
Node 0 Inactive(file):    32672 kB
Node 0 Unevictable:         384 kB
Node 0 Mlocked:             384 kB
Node 0 Dirty:                 4 kB
Node 0 Writeback:             0 kB
Node 0 FilePages:         70884 kB
Node 0 Mapped:            14664 kB
Node 0 AnonPages:         17196 kB
Node 0 Shmem:               436 kB
Node 0 KernelStack:        2072 kB
Node 0 PageTables:          360 kB
Node 0 NFS_Unstable:          0 kB
Node 0 Bounce:                0 kB
Node 0 WritebackTmp:          0 kB
Node 0 KReclaimable:      20024 kB
Node 0 Slab:              47000 kB
Node 0 SReclaimable:      20024 kB
Node 0 SUnreclaim:        26976 kB
Node 0 AnonHugePages:         0 kB
Node 0 ShmemHugePages:        0 kB
Node 0 ShmemPmdMapped:        0 kB
Node 0 FileHugePages:        0 kB
Node 0 FilePmdMapped:        0 kB
Node 0 HugePages_Total:     0
Node 0 HugePages_Free:      0
Node 0 HugePages_Surp:      0

Node 1 MemTotal:       24661580 kB
Node 1 MemFree:        24379764 kB
Node 1 MemUsed:          281816 kB
Node 1 Active:            41236 kB
Node 1 Inactive:          76132 kB
Node 1 Active(anon):      16500 kB
Node 1 Inactive(anon):      580 kB
Node 1 Active(file):      24736 kB
Node 1 Inactive(file):    75552 kB
Node 1 Unevictable:       18140 kB
Node 1 Mlocked:           18140 kB
Node 1 Dirty:               496 kB
Node 1 Writeback:             0 kB
Node 1 FilePages:        108948 kB
Node 1 Mapped:            43152 kB
Node 1 AnonPages:         26596 kB
Node 1 Shmem:               832 kB
Node 1 KernelStack:        1528 kB
Node 1 PageTables:          760 kB
Node 1 NFS_Unstable:          0 kB
Node 1 Bounce:                0 kB
Node 1 WritebackTmp:          0 kB
Node 1 KReclaimable:      21336 kB
Node 1 Slab:              57808 kB
Node 1 SReclaimable:      21336 kB
Node 1 SUnreclaim:        36472 kB
Node 1 AnonHugePages:         0 kB
Node 1 ShmemHugePages:        0 kB
Node 1 ShmemPmdMapped:        0 kB
Node 1 FileHugePages:        0 kB
Node 1 FilePmdMapped:        0 kB
Node 1 HugePages_Total:     0
Node 1 HugePages_Free:      0
Node 1 HugePages_Surp:      0

Load ZFS
Node 0 MemTotal:       24768352 kB
Node 0 MemFree:        24505596 kB
Node 0 MemUsed:          262756 kB
Node 0 Active:            72344 kB
Node 0 Inactive:          57416 kB
Node 0 Active(anon):      33372 kB
Node 0 Inactive(anon):      360 kB
Node 0 Active(file):      38972 kB
Node 0 Inactive(file):    57056 kB
Node 0 Unevictable:         384 kB
Node 0 Mlocked:             384 kB
Node 0 Dirty:                28 kB
Node 0 Writeback:             0 kB
Node 0 FilePages:         96820 kB
Node 0 Mapped:            16148 kB
Node 0 AnonPages:         33192 kB
Node 0 Shmem:               556 kB
Node 0 KernelStack:        2372 kB
Node 0 PageTables:         1216 kB
Node 0 NFS_Unstable:          0 kB
Node 0 Bounce:                0 kB
Node 0 WritebackTmp:          0 kB
Node 0 KReclaimable:      20640 kB
Node 0 Slab:              50020 kB
Node 0 SReclaimable:      20640 kB
Node 0 SUnreclaim:        29380 kB
Node 0 AnonHugePages:         0 kB
Node 0 ShmemHugePages:        0 kB
Node 0 ShmemPmdMapped:        0 kB
Node 0 FileHugePages:        0 kB
Node 0 FilePmdMapped:        0 kB
Node 0 HugePages_Total:     0
Node 0 HugePages_Free:      0
Node 0 HugePages_Surp:      0

Node 1 MemTotal:       24661580 kB
Node 1 MemFree:        24147372 kB
Node 1 MemUsed:          514208 kB
Node 1 Active:            52616 kB
Node 1 Inactive:         155604 kB
Node 1 Active(anon):      26888 kB
Node 1 Inactive(anon):      376 kB
Node 1 Active(file):      25728 kB
Node 1 Inactive(file):   155228 kB
Node 1 Unevictable:       18372 kB
Node 1 Mlocked:           18372 kB
Node 1 Dirty:               428 kB
Node 1 Writeback:             0 kB
Node 1 FilePages:        189472 kB
Node 1 Mapped:            46300 kB
Node 1 AnonPages:         36720 kB
Node 1 Shmem:               712 kB
Node 1 KernelStack:        1712 kB
Node 1 PageTables:         1232 kB
Node 1 NFS_Unstable:          0 kB
Node 1 Bounce:                0 kB
Node 1 WritebackTmp:          0 kB
Node 1 KReclaimable:      22224 kB
Node 1 Slab:              62380 kB
Node 1 SReclaimable:      22224 kB
Node 1 SUnreclaim:        40156 kB
Node 1 AnonHugePages:         0 kB
Node 1 ShmemHugePages:        0 kB
Node 1 ShmemPmdMapped:        0 kB
Node 1 FileHugePages:        0 kB
Node 1 FilePmdMapped:        0 kB
Node 1 HugePages_Total:     0
Node 1 HugePages_Free:      0
Node 1 HugePages_Surp:      0

Import tank ZPool
Node 0 MemTotal:       24768352 kB
Node 0 MemFree:        24504252 kB
Node 0 MemUsed:          264100 kB
Node 0 Active:            56032 kB
Node 0 Inactive:          58336 kB
Node 0 Active(anon):      16640 kB
Node 0 Inactive(anon):      468 kB
Node 0 Active(file):      39392 kB
Node 0 Inactive(file):    57868 kB
Node 0 Unevictable:         384 kB
Node 0 Mlocked:             384 kB
Node 0 Dirty:                48 kB
Node 0 Writeback:             0 kB
Node 0 FilePages:         98252 kB
Node 0 Mapped:            14900 kB
Node 0 AnonPages:         16172 kB
Node 0 Shmem:               572 kB
Node 0 KernelStack:        3192 kB
Node 0 PageTables:          428 kB
Node 0 NFS_Unstable:          0 kB
Node 0 Bounce:                0 kB
Node 0 WritebackTmp:          0 kB
Node 0 KReclaimable:      20776 kB
Node 0 Slab:              55996 kB
Node 0 SReclaimable:      20776 kB
Node 0 SUnreclaim:        35220 kB
Node 0 AnonHugePages:         0 kB
Node 0 ShmemHugePages:        0 kB
Node 0 ShmemPmdMapped:        0 kB
Node 0 FileHugePages:        0 kB
Node 0 FilePmdMapped:        0 kB
Node 0 HugePages_Total:     0
Node 0 HugePages_Free:      0
Node 0 HugePages_Surp:      0

Node 1 MemTotal:       24661580 kB
Node 1 MemFree:        24157756 kB
Node 1 MemUsed:          503824 kB
Node 1 Active:            43468 kB
Node 1 Inactive:         154716 kB
Node 1 Active(anon):      17076 kB
Node 1 Inactive(anon):      480 kB
Node 1 Active(file):      26392 kB
Node 1 Inactive(file):   154236 kB
Node 1 Unevictable:       18372 kB
Node 1 Mlocked:           18372 kB
Node 1 Dirty:               504 kB
Node 1 Writeback:             0 kB
Node 1 FilePages:        189132 kB
Node 1 Mapped:            43480 kB
Node 1 AnonPages:         27420 kB
Node 1 Shmem:               696 kB
Node 1 KernelStack:        1512 kB
Node 1 PageTables:          764 kB
Node 1 NFS_Unstable:          0 kB
Node 1 Bounce:                0 kB
Node 1 WritebackTmp:          0 kB
Node 1 KReclaimable:      22400 kB
Node 1 Slab:              61888 kB
Node 1 SReclaimable:      22400 kB
Node 1 SUnreclaim:        39488 kB
Node 1 AnonHugePages:         0 kB
Node 1 ShmemHugePages:        0 kB
Node 1 ShmemPmdMapped:        0 kB
Node 1 FileHugePages:        0 kB
Node 1 FilePmdMapped:        0 kB
Node 1 HugePages_Total:     0
Node 1 HugePages_Free:      0
Node 1 HugePages_Surp:      0

After Test
Node 0 MemTotal:       24768352 kB
Node 0 MemFree:         7656384 kB
Node 0 MemUsed:        17111968 kB
Node 0 Active:            56796 kB
Node 0 Inactive:         155664 kB
Node 0 Active(anon):      16440 kB
Node 0 Inactive(anon):      456 kB
Node 0 Active(file):      40356 kB
Node 0 Inactive(file):   155208 kB
Node 0 Unevictable:         384 kB
Node 0 Mlocked:             384 kB
Node 0 Dirty:                 4 kB
Node 0 Writeback:             0 kB
Node 0 FilePages:        196524 kB
Node 0 Mapped:            14752 kB
Node 0 AnonPages:         16524 kB
Node 0 Shmem:               568 kB
Node 0 KernelStack:        3096 kB
Node 0 PageTables:          552 kB
Node 0 NFS_Unstable:          0 kB
Node 0 Bounce:                0 kB
Node 0 WritebackTmp:          0 kB
Node 0 KReclaimable:      21228 kB
Node 0 Slab:             113992 kB
Node 0 SReclaimable:      21228 kB
Node 0 SUnreclaim:        92764 kB
Node 0 AnonHugePages:         0 kB
Node 0 ShmemHugePages:        0 kB
Node 0 ShmemPmdMapped:        0 kB
Node 0 FileHugePages:        0 kB
Node 0 FilePmdMapped:        0 kB
Node 0 HugePages_Total:     0
Node 0 HugePages_Free:      0
Node 0 HugePages_Surp:      0

Node 1 MemTotal:       24661580 kB
Node 1 MemFree:        23241664 kB
Node 1 MemUsed:         1419916 kB
Node 1 Active:            43340 kB
Node 1 Inactive:         154716 kB
Node 1 Active(anon):      16920 kB
Node 1 Inactive(anon):      484 kB
Node 1 Active(file):      26420 kB
Node 1 Inactive(file):   154232 kB
Node 1 Unevictable:       18372 kB
Node 1 Mlocked:           18372 kB
Node 1 Dirty:                28 kB
Node 1 Writeback:             0 kB
Node 1 FilePages:        189216 kB
Node 1 Mapped:            43264 kB
Node 1 AnonPages:         27264 kB
Node 1 Shmem:               700 kB
Node 1 KernelStack:        1368 kB
Node 1 PageTables:          764 kB
Node 1 NFS_Unstable:          0 kB
Node 1 Bounce:                0 kB
Node 1 WritebackTmp:          0 kB
Node 1 KReclaimable:      22412 kB
Node 1 Slab:              64760 kB
Node 1 SReclaimable:      22412 kB
Node 1 SUnreclaim:        42348 kB
Node 1 AnonHugePages:         0 kB
Node 1 ShmemHugePages:        0 kB
Node 1 ShmemPmdMapped:        0 kB
Node 1 FileHugePages:        0 kB
Node 1 FilePmdMapped:        0 kB
Node 1 HugePages_Total:     0
Node 1 HugePages_Free:      0
Node 1 HugePages_Surp:      0

After Opposite Node
Node 0 MemTotal:       24768352 kB
Node 0 MemFree:         7663164 kB
Node 0 MemUsed:        17105188 kB
Node 0 Active:            56888 kB
Node 0 Inactive:         155448 kB
Node 0 Active(anon):      16280 kB
Node 0 Inactive(anon):      456 kB
Node 0 Active(file):      40608 kB
Node 0 Inactive(file):   154992 kB
Node 0 Unevictable:         384 kB
Node 0 Mlocked:             384 kB
Node 0 Dirty:                36 kB
Node 0 Writeback:             0 kB
Node 0 FilePages:        196552 kB
Node 0 Mapped:            14952 kB
Node 0 AnonPages:         16188 kB
Node 0 Shmem:               568 kB
Node 0 KernelStack:        3064 kB
Node 0 PageTables:          312 kB
Node 0 NFS_Unstable:          0 kB
Node 0 Bounce:                0 kB
Node 0 WritebackTmp:          0 kB
Node 0 KReclaimable:      21232 kB
Node 0 Slab:             113960 kB
Node 0 SReclaimable:      21232 kB
Node 0 SUnreclaim:        92728 kB
Node 0 AnonHugePages:         0 kB
Node 0 ShmemHugePages:        0 kB
Node 0 ShmemPmdMapped:        0 kB
Node 0 FileHugePages:        0 kB
Node 0 FilePmdMapped:        0 kB
Node 0 HugePages_Total:     0
Node 0 HugePages_Free:      0
Node 0 HugePages_Surp:      0

Node 1 MemTotal:       24661580 kB
Node 1 MemFree:        23236524 kB
Node 1 MemUsed:         1425056 kB
Node 1 Active:            43904 kB
Node 1 Inactive:         154684 kB
Node 1 Active(anon):      17388 kB
Node 1 Inactive(anon):      484 kB
Node 1 Active(file):      26516 kB
Node 1 Inactive(file):   154200 kB
Node 1 Unevictable:       18372 kB
Node 1 Mlocked:           18372 kB
Node 1 Dirty:                40 kB
Node 1 Writeback:             0 kB
Node 1 FilePages:        189224 kB
Node 1 Mapped:            43264 kB
Node 1 AnonPages:         27596 kB
Node 1 Shmem:               700 kB
Node 1 KernelStack:        1368 kB
Node 1 PageTables:         1004 kB
Node 1 NFS_Unstable:          0 kB
Node 1 Bounce:                0 kB
Node 1 WritebackTmp:          0 kB
Node 1 KReclaimable:      22444 kB
Node 1 Slab:              64844 kB
Node 1 SReclaimable:      22444 kB
Node 1 SUnreclaim:        42400 kB
Node 1 AnonHugePages:         0 kB
Node 1 ShmemHugePages:        0 kB
Node 1 ShmemPmdMapped:        0 kB
Node 1 FileHugePages:        0 kB
Node 1 FilePmdMapped:        0 kB
Node 1 HugePages_Total:     0
Node 1 HugePages_Free:      0
Node 1 HugePages_Surp:      0

B.0.100M-simpleread.16G.2.O.1M Complete!
