kernel.numa_balancing = 0
60 Tests Remaining!
B.0.100M-simpleread.16G.1.O.1M
Begin
Node 0 MemTotal:       24768352 kB
Node 0 MemFree:        24481832 kB
Node 0 MemUsed:          286520 kB
Node 0 Active:            41500 kB
Node 0 Inactive:          78012 kB
Node 0 Active(anon):       9300 kB
Node 0 Inactive(anon):      440 kB
Node 0 Active(file):      32200 kB
Node 0 Inactive(file):    77572 kB
Node 0 Unevictable:       18160 kB
Node 0 Mlocked:           18160 kB
Node 0 Dirty:                12 kB
Node 0 Writeback:             0 kB
Node 0 FilePages:        118312 kB
Node 0 Mapped:            35004 kB
Node 0 AnonPages:         19308 kB
Node 0 Shmem:               680 kB
Node 0 KernelStack:        2072 kB
Node 0 PageTables:          448 kB
Node 0 NFS_Unstable:          0 kB
Node 0 Bounce:                0 kB
Node 0 WritebackTmp:          0 kB
Node 0 KReclaimable:      24728 kB
Node 0 Slab:              57672 kB
Node 0 SReclaimable:      24728 kB
Node 0 SUnreclaim:        32944 kB
Node 0 AnonHugePages:         0 kB
Node 0 ShmemHugePages:        0 kB
Node 0 ShmemPmdMapped:        0 kB
Node 0 FileHugePages:        0 kB
Node 0 FilePmdMapped:        0 kB
Node 0 HugePages_Total:     0
Node 0 HugePages_Free:      0
Node 0 HugePages_Surp:      0

Node 1 MemTotal:       24661580 kB
Node 1 MemFree:        24313064 kB
Node 1 MemUsed:          348516 kB
Node 1 Active:            55928 kB
Node 1 Inactive:          31640 kB
Node 1 Active(anon):      25736 kB
Node 1 Inactive(anon):      440 kB
Node 1 Active(file):      30192 kB
Node 1 Inactive(file):    31200 kB
Node 1 Unevictable:         364 kB
Node 1 Mlocked:             364 kB
Node 1 Dirty:                32 kB
Node 1 Writeback:             0 kB
Node 1 FilePages:         62348 kB
Node 1 Mapped:            19168 kB
Node 1 AnonPages:         25572 kB
Node 1 Shmem:               588 kB
Node 1 KernelStack:        1784 kB
Node 1 PageTables:          868 kB
Node 1 NFS_Unstable:          0 kB
Node 1 Bounce:                0 kB
Node 1 WritebackTmp:          0 kB
Node 1 KReclaimable:      19244 kB
Node 1 Slab:              52904 kB
Node 1 SReclaimable:      19244 kB
Node 1 SUnreclaim:        33660 kB
Node 1 AnonHugePages:         0 kB
Node 1 ShmemHugePages:        0 kB
Node 1 ShmemPmdMapped:        0 kB
Node 1 FileHugePages:        0 kB
Node 1 FilePmdMapped:        0 kB
Node 1 HugePages_Total:     0
Node 1 HugePages_Free:      0
Node 1 HugePages_Surp:      0

Load ZFS
Node 0 MemTotal:       24768352 kB
Node 0 MemFree:        24441444 kB
Node 0 MemUsed:          326908 kB
Node 0 Active:            56176 kB
Node 0 Inactive:         100996 kB
Node 0 Active(anon):      22644 kB
Node 0 Inactive(anon):      448 kB
Node 0 Active(file):      33532 kB
Node 0 Inactive(file):   100548 kB
Node 0 Unevictable:       18356 kB
Node 0 Mlocked:           18356 kB
Node 0 Dirty:               172 kB
Node 0 Writeback:             0 kB
Node 0 FilePages:        142556 kB
Node 0 Mapped:            38312 kB
Node 0 AnonPages:         32736 kB
Node 0 Shmem:               648 kB
Node 0 KernelStack:        2664 kB
Node 0 PageTables:         1560 kB
Node 0 NFS_Unstable:          0 kB
Node 0 Bounce:                0 kB
Node 0 WritebackTmp:          0 kB
Node 0 KReclaimable:      25296 kB
Node 0 Slab:              60860 kB
Node 0 SReclaimable:      25296 kB
Node 0 SUnreclaim:        35564 kB
Node 0 AnonHugePages:         0 kB
Node 0 ShmemHugePages:        0 kB
Node 0 ShmemPmdMapped:        0 kB
Node 0 FileHugePages:        0 kB
Node 0 FilePmdMapped:        0 kB
Node 0 HugePages_Total:     0
Node 0 HugePages_Free:      0
Node 0 HugePages_Surp:      0

Node 1 MemTotal:       24661580 kB
Node 1 MemFree:        24207780 kB
Node 1 MemUsed:          453800 kB
Node 1 Active:            68808 kB
Node 1 Inactive:         112024 kB
Node 1 Active(anon):      37648 kB
Node 1 Inactive(anon):      496 kB
Node 1 Active(file):      31160 kB
Node 1 Inactive(file):   111528 kB
Node 1 Unevictable:         364 kB
Node 1 Mlocked:             364 kB
Node 1 Dirty:               232 kB
Node 1 Writeback:             0 kB
Node 1 FilePages:        143668 kB
Node 1 Mapped:            20436 kB
Node 1 AnonPages:         37580 kB
Node 1 Shmem:               620 kB
Node 1 KernelStack:        1748 kB
Node 1 PageTables:         1492 kB
Node 1 NFS_Unstable:          0 kB
Node 1 Bounce:                0 kB
Node 1 WritebackTmp:          0 kB
Node 1 KReclaimable:      20072 kB
Node 1 Slab:              56260 kB
Node 1 SReclaimable:      20072 kB
Node 1 SUnreclaim:        36188 kB
Node 1 AnonHugePages:         0 kB
Node 1 ShmemHugePages:        0 kB
Node 1 ShmemPmdMapped:        0 kB
Node 1 FileHugePages:        0 kB
Node 1 FilePmdMapped:        0 kB
Node 1 HugePages_Total:     0
Node 1 HugePages_Free:      0
Node 1 HugePages_Surp:      0

Import tank ZPool
Node 0 MemTotal:       24768352 kB
Node 0 MemFree:        24444092 kB
Node 0 MemUsed:          324260 kB
Node 0 Active:            43312 kB
Node 0 Inactive:         100504 kB
Node 0 Active(anon):       9268 kB
Node 0 Inactive(anon):      448 kB
Node 0 Active(file):      34044 kB
Node 0 Inactive(file):   100056 kB
Node 0 Unevictable:       18388 kB
Node 0 Mlocked:           18388 kB
Node 0 Dirty:               196 kB
Node 0 Writeback:             0 kB
Node 0 FilePages:        142588 kB
Node 0 Mapped:            35228 kB
Node 0 AnonPages:         19628 kB
Node 0 Shmem:               644 kB
Node 0 KernelStack:        3272 kB
Node 0 PageTables:          436 kB
Node 0 NFS_Unstable:          0 kB
Node 0 Bounce:                0 kB
Node 0 WritebackTmp:          0 kB
Node 0 KReclaimable:      25304 kB
Node 0 Slab:              63108 kB
Node 0 SReclaimable:      25304 kB
Node 0 SUnreclaim:        37804 kB
Node 0 AnonHugePages:         0 kB
Node 0 ShmemHugePages:        0 kB
Node 0 ShmemPmdMapped:        0 kB
Node 0 FileHugePages:        0 kB
Node 0 FilePmdMapped:        0 kB
Node 0 HugePages_Total:     0
Node 0 HugePages_Free:      0
Node 0 HugePages_Surp:      0

Node 1 MemTotal:       24661580 kB
Node 1 MemFree:        24210556 kB
Node 1 MemUsed:          451024 kB
Node 1 Active:            56556 kB
Node 1 Inactive:         113148 kB
Node 1 Active(anon):      24652 kB
Node 1 Inactive(anon):      500 kB
Node 1 Active(file):      31904 kB
Node 1 Inactive(file):   112648 kB
Node 1 Unevictable:         364 kB
Node 1 Mlocked:             364 kB
Node 1 Dirty:               276 kB
Node 1 Writeback:             0 kB
Node 1 FilePages:        145556 kB
Node 1 Mapped:            19264 kB
Node 1 AnonPages:         24308 kB
Node 1 Shmem:               624 kB
Node 1 KernelStack:        1464 kB
Node 1 PageTables:          732 kB
Node 1 NFS_Unstable:          0 kB
Node 1 Bounce:                0 kB
Node 1 WritebackTmp:          0 kB
Node 1 KReclaimable:      20192 kB
Node 1 Slab:              61004 kB
Node 1 SReclaimable:      20192 kB
Node 1 SUnreclaim:        40812 kB
Node 1 AnonHugePages:         0 kB
Node 1 ShmemHugePages:        0 kB
Node 1 ShmemPmdMapped:        0 kB
Node 1 FileHugePages:        0 kB
Node 1 FilePmdMapped:        0 kB
Node 1 HugePages_Total:     0
Node 1 HugePages_Free:      0
Node 1 HugePages_Surp:      0

After Test
Node 0 MemTotal:       24768352 kB
Node 0 MemFree:         7752272 kB
Node 0 MemUsed:        17016080 kB
Node 0 Active:            45320 kB
Node 0 Inactive:         196516 kB
Node 0 Active(anon):       9196 kB
Node 0 Inactive(anon):      336 kB
Node 0 Active(file):      36124 kB
Node 0 Inactive(file):   196180 kB
Node 0 Unevictable:       18388 kB
Node 0 Mlocked:           18388 kB
Node 0 Dirty:               208 kB
Node 0 Writeback:             0 kB
Node 0 FilePages:        240776 kB
Node 0 Mapped:            35424 kB
Node 0 AnonPages:         19616 kB
Node 0 Shmem:               644 kB
Node 0 KernelStack:        3112 kB
Node 0 PageTables:          680 kB
Node 0 NFS_Unstable:          0 kB
Node 0 Bounce:                0 kB
Node 0 WritebackTmp:          0 kB
Node 0 KReclaimable:      25660 kB
Node 0 Slab:             119576 kB
Node 0 SReclaimable:      25660 kB
Node 0 SUnreclaim:        93916 kB
Node 0 AnonHugePages:         0 kB
Node 0 ShmemHugePages:        0 kB
Node 0 ShmemPmdMapped:        0 kB
Node 0 FileHugePages:        0 kB
Node 0 FilePmdMapped:        0 kB
Node 0 HugePages_Total:     0
Node 0 HugePages_Free:      0
Node 0 HugePages_Surp:      0

Node 1 MemTotal:       24661580 kB
Node 1 MemFree:        23121544 kB
Node 1 MemUsed:         1540036 kB
Node 1 Active:            61496 kB
Node 1 Inactive:         122396 kB
Node 1 Active(anon):      27912 kB
Node 1 Inactive(anon):      320 kB
Node 1 Active(file):      33584 kB
Node 1 Inactive(file):   122076 kB
Node 1 Unevictable:         364 kB
Node 1 Mlocked:             364 kB
Node 1 Dirty:               292 kB
Node 1 Writeback:             0 kB
Node 1 FilePages:        156660 kB
Node 1 Mapped:            27808 kB
Node 1 AnonPages:         27608 kB
Node 1 Shmem:               628 kB
Node 1 KernelStack:        1528 kB
Node 1 PageTables:          768 kB
Node 1 NFS_Unstable:          0 kB
Node 1 Bounce:                0 kB
Node 1 WritebackTmp:          0 kB
Node 1 KReclaimable:      21192 kB
Node 1 Slab:              67560 kB
Node 1 SReclaimable:      21192 kB
Node 1 SUnreclaim:        46368 kB
Node 1 AnonHugePages:         0 kB
Node 1 ShmemHugePages:        0 kB
Node 1 ShmemPmdMapped:        0 kB
Node 1 FileHugePages:        0 kB
Node 1 FilePmdMapped:        0 kB
Node 1 HugePages_Total:     0
Node 1 HugePages_Free:      0
Node 1 HugePages_Surp:      0

After Opposite Node
Node 0 MemTotal:       24768352 kB
Node 0 MemFree:         7755504 kB
Node 0 MemUsed:        17012848 kB
Node 0 Active:            45332 kB
Node 0 Inactive:         196320 kB
Node 0 Active(anon):       9008 kB
Node 0 Inactive(anon):      336 kB
Node 0 Active(file):      36324 kB
Node 0 Inactive(file):   195984 kB
Node 0 Unevictable:       18388 kB
Node 0 Mlocked:           18388 kB
Node 0 Dirty:                24 kB
Node 0 Writeback:             0 kB
Node 0 FilePages:        240780 kB
Node 0 Mapped:            35408 kB
Node 0 AnonPages:         19276 kB
Node 0 Shmem:               644 kB
Node 0 KernelStack:        3080 kB
Node 0 PageTables:          436 kB
Node 0 NFS_Unstable:          0 kB
Node 0 Bounce:                0 kB
Node 0 WritebackTmp:          0 kB
Node 0 KReclaimable:      25660 kB
Node 0 Slab:             119580 kB
Node 0 SReclaimable:      25660 kB
Node 0 SUnreclaim:        93920 kB
Node 0 AnonHugePages:         0 kB
Node 0 ShmemHugePages:        0 kB
Node 0 ShmemPmdMapped:        0 kB
Node 0 FileHugePages:        0 kB
Node 0 FilePmdMapped:        0 kB
Node 0 HugePages_Total:     0
Node 0 HugePages_Free:      0
Node 0 HugePages_Surp:      0

Node 1 MemTotal:       24661580 kB
Node 1 MemFree:        23120228 kB
Node 1 MemUsed:         1541352 kB
Node 1 Active:            62068 kB
Node 1 Inactive:         122348 kB
Node 1 Active(anon):      28396 kB
Node 1 Inactive(anon):      320 kB
Node 1 Active(file):      33672 kB
Node 1 Inactive(file):   122028 kB
Node 1 Unevictable:         364 kB
Node 1 Mlocked:             364 kB
Node 1 Dirty:                52 kB
Node 1 Writeback:             0 kB
Node 1 FilePages:        156700 kB
Node 1 Mapped:            27808 kB
Node 1 AnonPages:         27952 kB
Node 1 Shmem:               628 kB
Node 1 KernelStack:        1496 kB
Node 1 PageTables:         1012 kB
Node 1 NFS_Unstable:          0 kB
Node 1 Bounce:                0 kB
Node 1 WritebackTmp:          0 kB
Node 1 KReclaimable:      21228 kB
Node 1 Slab:              67820 kB
Node 1 SReclaimable:      21228 kB
Node 1 SUnreclaim:        46592 kB
Node 1 AnonHugePages:         0 kB
Node 1 ShmemHugePages:        0 kB
Node 1 ShmemPmdMapped:        0 kB
Node 1 FileHugePages:        0 kB
Node 1 FilePmdMapped:        0 kB
Node 1 HugePages_Total:     0
Node 1 HugePages_Free:      0
Node 1 HugePages_Surp:      0

B.0.100M-simpleread.16G.1.O.1M Complete!
