kernel.numa_balancing = 0
B.0.100M-simpleread.4G.3.O.1M
Begin
Node 0 MemTotal:       24743736 kB
Node 0 MemFree:        24487788 kB
Node 0 MemUsed:          255948 kB
Node 0 Active:            54460 kB
Node 0 Inactive:          38924 kB
Node 0 Active(anon):      22192 kB
Node 0 Inactive(anon):      340 kB
Node 0 Active(file):      32268 kB
Node 0 Inactive(file):    38584 kB
Node 0 Unevictable:       13520 kB
Node 0 Mlocked:           13520 kB
Node 0 Dirty:                68 kB
Node 0 Writeback:             0 kB
Node 0 FilePages:         74588 kB
Node 0 Mapped:            19320 kB
Node 0 AnonPages:         32404 kB
Node 0 Shmem:               548 kB
Node 0 KernelStack:        2120 kB
Node 0 PageTables:          608 kB
Node 0 NFS_Unstable:          0 kB
Node 0 Bounce:                0 kB
Node 0 WritebackTmp:          0 kB
Node 0 KReclaimable:      23664 kB
Node 0 Slab:              58460 kB
Node 0 SReclaimable:      23664 kB
Node 0 SUnreclaim:        34796 kB
Node 0 AnonHugePages:         0 kB
Node 0 ShmemHugePages:        0 kB
Node 0 ShmemPmdMapped:        0 kB
Node 0 FileHugePages:        0 kB
Node 0 FilePmdMapped:        0 kB
Node 0 HugePages_Total:     0
Node 0 HugePages_Free:      0
Node 0 HugePages_Surp:      0

Node 1 MemTotal:       24686196 kB
Node 1 MemFree:        24331552 kB
Node 1 MemUsed:          354644 kB
Node 1 Active:            40724 kB
Node 1 Inactive:          54352 kB
Node 1 Active(anon):      11416 kB
Node 1 Inactive(anon):      528 kB
Node 1 Active(file):      29308 kB
Node 1 Inactive(file):    53824 kB
Node 1 Unevictable:        5004 kB
Node 1 Mlocked:            5004 kB
Node 1 Dirty:               448 kB
Node 1 Writeback:             0 kB
Node 1 FilePages:         88908 kB
Node 1 Mapped:            25540 kB
Node 1 AnonPages:         11272 kB
Node 1 Shmem:               720 kB
Node 1 KernelStack:        1432 kB
Node 1 PageTables:          388 kB
Node 1 NFS_Unstable:          0 kB
Node 1 Bounce:                0 kB
Node 1 WritebackTmp:          0 kB
Node 1 KReclaimable:      17828 kB
Node 1 Slab:              46736 kB
Node 1 SReclaimable:      17828 kB
Node 1 SUnreclaim:        28908 kB
Node 1 AnonHugePages:         0 kB
Node 1 ShmemHugePages:        0 kB
Node 1 ShmemPmdMapped:        0 kB
Node 1 FileHugePages:        0 kB
Node 1 FilePmdMapped:        0 kB
Node 1 HugePages_Total:     0
Node 1 HugePages_Free:      0
Node 1 HugePages_Surp:      0

Load ZFS
Node 0 MemTotal:       24743736 kB
Node 0 MemFree:        24242624 kB
Node 0 MemUsed:          501112 kB
Node 0 Active:            68868 kB
Node 0 Inactive:         128448 kB
Node 0 Active(anon):      35588 kB
Node 0 Inactive(anon):      484 kB
Node 0 Active(file):      33280 kB
Node 0 Inactive(file):   127964 kB
Node 0 Unevictable:       13732 kB
Node 0 Mlocked:           13732 kB
Node 0 Dirty:                84 kB
Node 0 Writeback:             0 kB
Node 0 FilePages:        165140 kB
Node 0 Mapped:            21764 kB
Node 0 AnonPages:         45636 kB
Node 0 Shmem:               708 kB
Node 0 KernelStack:        2428 kB
Node 0 PageTables:         1888 kB
Node 0 NFS_Unstable:          0 kB
Node 0 Bounce:                0 kB
Node 0 WritebackTmp:          0 kB
Node 0 KReclaimable:      24728 kB
Node 0 Slab:              63288 kB
Node 0 SReclaimable:      24728 kB
Node 0 SUnreclaim:        38560 kB
Node 0 AnonHugePages:         0 kB
Node 0 ShmemHugePages:        0 kB
Node 0 ShmemPmdMapped:        0 kB
Node 0 FileHugePages:        0 kB
Node 0 FilePmdMapped:        0 kB
Node 0 HugePages_Total:     0
Node 0 HugePages_Free:      0
Node 0 HugePages_Surp:      0

Node 1 MemTotal:       24686196 kB
Node 1 MemFree:        24429796 kB
Node 1 MemUsed:          256400 kB
Node 1 Active:            53988 kB
Node 1 Inactive:          68492 kB
Node 1 Active(anon):      23396 kB
Node 1 Inactive(anon):      460 kB
Node 1 Active(file):      30592 kB
Node 1 Inactive(file):    68032 kB
Node 1 Unevictable:        5004 kB
Node 1 Mlocked:            5004 kB
Node 1 Dirty:               436 kB
Node 1 Writeback:             0 kB
Node 1 FilePages:        104188 kB
Node 1 Mapped:            27488 kB
Node 1 AnonPages:         23248 kB
Node 1 Shmem:               560 kB
Node 1 KernelStack:        1644 kB
Node 1 PageTables:          832 kB
Node 1 NFS_Unstable:          0 kB
Node 1 Bounce:                0 kB
Node 1 WritebackTmp:          0 kB
Node 1 KReclaimable:      18584 kB
Node 1 Slab:              48796 kB
Node 1 SReclaimable:      18584 kB
Node 1 SUnreclaim:        30212 kB
Node 1 AnonHugePages:         0 kB
Node 1 ShmemHugePages:        0 kB
Node 1 ShmemPmdMapped:        0 kB
Node 1 FileHugePages:        0 kB
Node 1 FilePmdMapped:        0 kB
Node 1 HugePages_Total:     0
Node 1 HugePages_Free:      0
Node 1 HugePages_Surp:      0

Import tank ZPool
Node 0 MemTotal:       24743736 kB
Node 0 MemFree:        24251768 kB
Node 0 MemUsed:          491968 kB
Node 0 Active:            56316 kB
Node 0 Inactive:         129096 kB
Node 0 Active(anon):      21968 kB
Node 0 Inactive(anon):      488 kB
Node 0 Active(file):      34348 kB
Node 0 Inactive(file):   128608 kB
Node 0 Unevictable:       13748 kB
Node 0 Mlocked:           13748 kB
Node 0 Dirty:               112 kB
Node 0 Writeback:             0 kB
Node 0 FilePages:        166868 kB
Node 0 Mapped:            19600 kB
Node 0 AnonPages:         31944 kB
Node 0 Shmem:               704 kB
Node 0 KernelStack:        2040 kB
Node 0 PageTables:          660 kB
Node 0 NFS_Unstable:          0 kB
Node 0 Bounce:                0 kB
Node 0 WritebackTmp:          0 kB
Node 0 KReclaimable:      24860 kB
Node 0 Slab:              68156 kB
Node 0 SReclaimable:      24860 kB
Node 0 SUnreclaim:        43296 kB
Node 0 AnonHugePages:         0 kB
Node 0 ShmemHugePages:        0 kB
Node 0 ShmemPmdMapped:        0 kB
Node 0 FileHugePages:        0 kB
Node 0 FilePmdMapped:        0 kB
Node 0 HugePages_Total:     0
Node 0 HugePages_Free:      0
Node 0 HugePages_Surp:      0

Node 1 MemTotal:       24686196 kB
Node 1 MemFree:        24428040 kB
Node 1 MemUsed:          258156 kB
Node 1 Active:            42752 kB
Node 1 Inactive:          68232 kB
Node 1 Active(anon):      11896 kB
Node 1 Inactive(anon):      460 kB
Node 1 Active(file):      30856 kB
Node 1 Inactive(file):    67772 kB
Node 1 Unevictable:        5004 kB
Node 1 Mlocked:            5004 kB
Node 1 Dirty:               500 kB
Node 1 Writeback:             0 kB
Node 1 FilePages:        104196 kB
Node 1 Mapped:            25824 kB
Node 1 AnonPages:         11792 kB
Node 1 Shmem:               564 kB
Node 1 KernelStack:        2648 kB
Node 1 PageTables:          444 kB
Node 1 NFS_Unstable:          0 kB
Node 1 Bounce:                0 kB
Node 1 WritebackTmp:          0 kB
Node 1 KReclaimable:      18616 kB
Node 1 Slab:              51112 kB
Node 1 SReclaimable:      18616 kB
Node 1 SUnreclaim:        32496 kB
Node 1 AnonHugePages:         0 kB
Node 1 ShmemHugePages:        0 kB
Node 1 ShmemPmdMapped:        0 kB
Node 1 FileHugePages:        0 kB
Node 1 FilePmdMapped:        0 kB
Node 1 HugePages_Total:     0
Node 1 HugePages_Free:      0
Node 1 HugePages_Surp:      0

After Test
Node 0 MemTotal:       24743736 kB
Node 0 MemFree:        19612332 kB
Node 0 MemUsed:         5131404 kB
Node 0 Active:            56956 kB
Node 0 Inactive:         226508 kB
Node 0 Active(anon):      21848 kB
Node 0 Inactive(anon):      484 kB
Node 0 Active(file):      35108 kB
Node 0 Inactive(file):   226024 kB
Node 0 Unevictable:       13748 kB
Node 0 Mlocked:           13748 kB
Node 0 Dirty:                16 kB
Node 0 Writeback:             0 kB
Node 0 FilePages:        265052 kB
Node 0 Mapped:            19616 kB
Node 0 AnonPages:         32360 kB
Node 0 Shmem:               704 kB
Node 0 KernelStack:        1976 kB
Node 0 PageTables:          788 kB
Node 0 NFS_Unstable:          0 kB
Node 0 Bounce:                0 kB
Node 0 WritebackTmp:          0 kB
Node 0 KReclaimable:      25144 kB
Node 0 Slab:              86128 kB
Node 0 SReclaimable:      25144 kB
Node 0 SUnreclaim:        60984 kB
Node 0 AnonHugePages:         0 kB
Node 0 ShmemHugePages:        0 kB
Node 0 ShmemPmdMapped:        0 kB
Node 0 FileHugePages:        0 kB
Node 0 FilePmdMapped:        0 kB
Node 0 HugePages_Total:     0
Node 0 HugePages_Free:      0
Node 0 HugePages_Surp:      0

Node 1 MemTotal:       24686196 kB
Node 1 MemFree:        23933060 kB
Node 1 MemUsed:          753136 kB
Node 1 Active:            42520 kB
Node 1 Inactive:          68224 kB
Node 1 Active(anon):      11660 kB
Node 1 Inactive(anon):      456 kB
Node 1 Active(file):      30860 kB
Node 1 Inactive(file):    67768 kB
Node 1 Unevictable:        5004 kB
Node 1 Mlocked:            5004 kB
Node 1 Dirty:                12 kB
Node 1 Writeback:             0 kB
Node 1 FilePages:        104196 kB
Node 1 Mapped:            25604 kB
Node 1 AnonPages:         11568 kB
Node 1 Shmem:               564 kB
Node 1 KernelStack:        2616 kB
Node 1 PageTables:          444 kB
Node 1 NFS_Unstable:          0 kB
Node 1 Bounce:                0 kB
Node 1 WritebackTmp:          0 kB
Node 1 KReclaimable:      18624 kB
Node 1 Slab:              53176 kB
Node 1 SReclaimable:      18624 kB
Node 1 SUnreclaim:        34552 kB
Node 1 AnonHugePages:         0 kB
Node 1 ShmemHugePages:        0 kB
Node 1 ShmemPmdMapped:        0 kB
Node 1 FileHugePages:        0 kB
Node 1 FilePmdMapped:        0 kB
Node 1 HugePages_Total:     0
Node 1 HugePages_Free:      0
Node 1 HugePages_Surp:      0

After Opposite Node
Node 0 MemTotal:       24743736 kB
Node 0 MemFree:        19613132 kB
Node 0 MemUsed:         5130604 kB
Node 0 Active:            57068 kB
Node 0 Inactive:         226272 kB
Node 0 Active(anon):      21684 kB
Node 0 Inactive(anon):      484 kB
Node 0 Active(file):      35384 kB
Node 0 Inactive(file):   225788 kB
Node 0 Unevictable:       13748 kB
Node 0 Mlocked:           13748 kB
Node 0 Dirty:                32 kB
Node 0 Writeback:             0 kB
Node 0 FilePages:        265064 kB
Node 0 Mapped:            19408 kB
Node 0 AnonPages:         32040 kB
Node 0 Shmem:               704 kB
Node 0 KernelStack:        2024 kB
Node 0 PageTables:          548 kB
Node 0 NFS_Unstable:          0 kB
Node 0 Bounce:                0 kB
Node 0 WritebackTmp:          0 kB
Node 0 KReclaimable:      25144 kB
Node 0 Slab:              86088 kB
Node 0 SReclaimable:      25144 kB
Node 0 SUnreclaim:        60944 kB
Node 0 AnonHugePages:         0 kB
Node 0 ShmemHugePages:        0 kB
Node 0 ShmemPmdMapped:        0 kB
Node 0 FileHugePages:        0 kB
Node 0 FilePmdMapped:        0 kB
Node 0 HugePages_Total:     0
Node 0 HugePages_Free:      0
Node 0 HugePages_Surp:      0

Node 1 MemTotal:       24686196 kB
Node 1 MemFree:        23933908 kB
Node 1 MemUsed:          752288 kB
Node 1 Active:            43036 kB
Node 1 Inactive:          68192 kB
Node 1 Active(anon):      12136 kB
Node 1 Inactive(anon):      456 kB
Node 1 Active(file):      30900 kB
Node 1 Inactive(file):    67736 kB
Node 1 Unevictable:        5004 kB
Node 1 Mlocked:            5004 kB
Node 1 Dirty:                16 kB
Node 1 Writeback:             0 kB
Node 1 FilePages:        104204 kB
Node 1 Mapped:            25596 kB
Node 1 AnonPages:         11892 kB
Node 1 Shmem:               564 kB
Node 1 KernelStack:        2632 kB
Node 1 PageTables:          692 kB
Node 1 NFS_Unstable:          0 kB
Node 1 Bounce:                0 kB
Node 1 WritebackTmp:          0 kB
Node 1 KReclaimable:      18656 kB
Node 1 Slab:              53280 kB
Node 1 SReclaimable:      18656 kB
Node 1 SUnreclaim:        34624 kB
Node 1 AnonHugePages:         0 kB
Node 1 ShmemHugePages:        0 kB
Node 1 ShmemPmdMapped:        0 kB
Node 1 FileHugePages:        0 kB
Node 1 FilePmdMapped:        0 kB
Node 1 HugePages_Total:     0
Node 1 HugePages_Free:      0
Node 1 HugePages_Surp:      0

B.0.100M-simpleread.4G.3.O.1M Complete!
