B.1.fio.2G.1.O
Begin
Node 0 MemTotal:       24743736 kB
Node 0 MemFree:        24365544 kB
Node 0 MemUsed:          378192 kB
Node 0 Active:            35684 kB
Node 0 Inactive:          63796 kB
Node 0 Active(anon):      18600 kB
Node 0 Inactive(anon):      508 kB
Node 0 Active(file):      17084 kB
Node 0 Inactive(file):    63288 kB
Node 0 Unevictable:       13216 kB
Node 0 Mlocked:           13216 kB
Node 0 Dirty:               108 kB
Node 0 Writeback:             0 kB
Node 0 FilePages:         83972 kB
Node 0 Mapped:            34788 kB
Node 0 AnonPages:         28772 kB
Node 0 Shmem:               708 kB
Node 0 KernelStack:        2168 kB
Node 0 PageTables:          600 kB
Node 0 NFS_Unstable:          0 kB
Node 0 Bounce:                0 kB
Node 0 WritebackTmp:          0 kB
Node 0 KReclaimable:      19796 kB
Node 0 Slab:              50248 kB
Node 0 SReclaimable:      19796 kB
Node 0 SUnreclaim:        30452 kB
Node 0 AnonHugePages:         0 kB
Node 0 ShmemHugePages:        0 kB
Node 0 ShmemPmdMapped:        0 kB
Node 0 FileHugePages:        0 kB
Node 0 FilePmdMapped:        0 kB
Node 0 HugePages_Total:     0
Node 0 HugePages_Free:      0
Node 0 HugePages_Surp:      0

Node 1 MemTotal:       24686196 kB
Node 1 MemFree:        24433484 kB
Node 1 MemUsed:          252712 kB
Node 1 Active:            60052 kB
Node 1 Inactive:          47396 kB
Node 1 Active(anon):      14828 kB
Node 1 Inactive(anon):      356 kB
Node 1 Active(file):      45224 kB
Node 1 Inactive(file):    47040 kB
Node 1 Unevictable:        5304 kB
Node 1 Mlocked:            5304 kB
Node 1 Dirty:               408 kB
Node 1 Writeback:             0 kB
Node 1 FilePages:         98128 kB
Node 1 Mapped:            30404 kB
Node 1 AnonPages:         14624 kB
Node 1 Shmem:               560 kB
Node 1 KernelStack:        1416 kB
Node 1 PageTables:          468 kB
Node 1 NFS_Unstable:          0 kB
Node 1 Bounce:                0 kB
Node 1 WritebackTmp:          0 kB
Node 1 KReclaimable:      22156 kB
Node 1 Slab:              54844 kB
Node 1 SReclaimable:      22156 kB
Node 1 SUnreclaim:        32688 kB
Node 1 AnonHugePages:         0 kB
Node 1 ShmemHugePages:        0 kB
Node 1 ShmemPmdMapped:        0 kB
Node 1 FileHugePages:        0 kB
Node 1 FilePmdMapped:        0 kB
Node 1 HugePages_Total:     0
Node 1 HugePages_Free:      0
Node 1 HugePages_Surp:      0

Load ZFS
Node 0 MemTotal:       24743736 kB
Node 0 MemFree:        24460272 kB
Node 0 MemUsed:          283464 kB
Node 0 Active:            49088 kB
Node 0 Inactive:          84536 kB
Node 0 Active(anon):      30176 kB
Node 0 Inactive(anon):      464 kB
Node 0 Active(file):      18912 kB
Node 0 Inactive(file):    84072 kB
Node 0 Unevictable:       13412 kB
Node 0 Mlocked:           13412 kB
Node 0 Dirty:               340 kB
Node 0 Writeback:             0 kB
Node 0 FilePages:        106368 kB
Node 0 Mapped:            37656 kB
Node 0 AnonPages:         40948 kB
Node 0 Shmem:               644 kB
Node 0 KernelStack:        2152 kB
Node 0 PageTables:         1328 kB
Node 0 NFS_Unstable:          0 kB
Node 0 Bounce:                0 kB
Node 0 WritebackTmp:          0 kB
Node 0 KReclaimable:      20524 kB
Node 0 Slab:              52880 kB
Node 0 SReclaimable:      20524 kB
Node 0 SUnreclaim:        32356 kB
Node 0 AnonHugePages:         0 kB
Node 0 ShmemHugePages:        0 kB
Node 0 ShmemPmdMapped:        0 kB
Node 0 FileHugePages:        0 kB
Node 0 FilePmdMapped:        0 kB
Node 0 HugePages_Total:     0
Node 0 HugePages_Free:      0
Node 0 HugePages_Surp:      0

Node 1 MemTotal:       24686196 kB
Node 1 MemFree:        24193212 kB
Node 1 MemUsed:          492984 kB
Node 1 Active:            73836 kB
Node 1 Inactive:         130252 kB
Node 1 Active(anon):      27960 kB
Node 1 Inactive(anon):      480 kB
Node 1 Active(file):      45876 kB
Node 1 Inactive(file):   129772 kB
Node 1 Unevictable:        5304 kB
Node 1 Mlocked:            5304 kB
Node 1 Dirty:               300 kB
Node 1 Writeback:             0 kB
Node 1 FilePages:        181720 kB
Node 1 Mapped:            32700 kB
Node 1 AnonPages:         26852 kB
Node 1 Shmem:               624 kB
Node 1 KernelStack:        2056 kB
Node 1 PageTables:         2004 kB
Node 1 NFS_Unstable:          0 kB
Node 1 Bounce:                0 kB
Node 1 WritebackTmp:          0 kB
Node 1 KReclaimable:      23100 kB
Node 1 Slab:              59320 kB
Node 1 SReclaimable:      23100 kB
Node 1 SUnreclaim:        36220 kB
Node 1 AnonHugePages:         0 kB
Node 1 ShmemHugePages:        0 kB
Node 1 ShmemPmdMapped:        0 kB
Node 1 FileHugePages:        0 kB
Node 1 FilePmdMapped:        0 kB
Node 1 HugePages_Total:     0
Node 1 HugePages_Free:      0
Node 1 HugePages_Surp:      0

Import tank ZPool
Node 0 MemTotal:       24743736 kB
Node 0 MemFree:        24449840 kB
Node 0 MemUsed:          293896 kB
Node 0 Active:            48640 kB
Node 0 Inactive:          84600 kB
Node 0 Active(anon):      29704 kB
Node 0 Inactive(anon):      464 kB
Node 0 Active(file):      18936 kB
Node 0 Inactive(file):    84136 kB
Node 0 Unevictable:       13444 kB
Node 0 Mlocked:           13444 kB
Node 0 Dirty:               384 kB
Node 0 Writeback:             0 kB
Node 0 FilePages:        106628 kB
Node 0 Mapped:            37032 kB
Node 0 AnonPages:         39960 kB
Node 0 Shmem:               644 kB
Node 0 KernelStack:        2184 kB
Node 0 PageTables:         1080 kB
Node 0 NFS_Unstable:          0 kB
Node 0 Bounce:                0 kB
Node 0 WritebackTmp:          0 kB
Node 0 KReclaimable:      20532 kB
Node 0 Slab:              58000 kB
Node 0 SReclaimable:      20532 kB
Node 0 SUnreclaim:        37468 kB
Node 0 AnonHugePages:         0 kB
Node 0 ShmemHugePages:        0 kB
Node 0 ShmemPmdMapped:        0 kB
Node 0 FileHugePages:        0 kB
Node 0 FilePmdMapped:        0 kB
Node 0 HugePages_Total:     0
Node 0 HugePages_Free:      0
Node 0 HugePages_Surp:      0

Node 1 MemTotal:       24686196 kB
Node 1 MemFree:        24185856 kB
Node 1 MemUsed:          500340 kB
Node 1 Active:            73600 kB
Node 1 Inactive:         131380 kB
Node 1 Active(anon):      27412 kB
Node 1 Inactive(anon):      484 kB
Node 1 Active(file):      46188 kB
Node 1 Inactive(file):   130896 kB
Node 1 Unevictable:        5304 kB
Node 1 Mlocked:            5304 kB
Node 1 Dirty:               268 kB
Node 1 Writeback:             0 kB
Node 1 FilePages:        183012 kB
Node 1 Mapped:            32160 kB
Node 1 AnonPages:         27128 kB
Node 1 Shmem:               624 kB
Node 1 KernelStack:        3112 kB
Node 1 PageTables:         1476 kB
Node 1 NFS_Unstable:          0 kB
Node 1 Bounce:                0 kB
Node 1 WritebackTmp:          0 kB
Node 1 KReclaimable:      23192 kB
Node 1 Slab:              61604 kB
Node 1 SReclaimable:      23192 kB
Node 1 SUnreclaim:        38412 kB
Node 1 AnonHugePages:         0 kB
Node 1 ShmemHugePages:        0 kB
Node 1 ShmemPmdMapped:        0 kB
Node 1 FileHugePages:        0 kB
Node 1 FilePmdMapped:        0 kB
Node 1 HugePages_Total:     0
Node 1 HugePages_Free:      0
Node 1 HugePages_Surp:      0

After Opposite Node
Node 0 MemTotal:       24743736 kB
Node 0 MemFree:        21512064 kB
Node 0 MemUsed:         3231672 kB
Node 0 Active:            38280 kB
Node 0 Inactive:          85396 kB
Node 0 Active(anon):      17968 kB
Node 0 Inactive(anon):      496 kB
Node 0 Active(file):      20312 kB
Node 0 Inactive(file):    84900 kB
Node 0 Unevictable:       13444 kB
Node 0 Mlocked:           13444 kB
Node 0 Dirty:                48 kB
Node 0 Writeback:             0 kB
Node 0 FilePages:        108788 kB
Node 0 Mapped:            35148 kB
Node 0 AnonPages:         28224 kB
Node 0 Shmem:               688 kB
Node 0 KernelStack:        2024 kB
Node 0 PageTables:          736 kB
Node 0 NFS_Unstable:          0 kB
Node 0 Bounce:                0 kB
Node 0 WritebackTmp:          0 kB
Node 0 KReclaimable:      21864 kB
Node 0 Slab:              73136 kB
Node 0 SReclaimable:      21864 kB
Node 0 SUnreclaim:        51272 kB
Node 0 AnonHugePages:         0 kB
Node 0 ShmemHugePages:        0 kB
Node 0 ShmemPmdMapped:        0 kB
Node 0 FileHugePages:        0 kB
Node 0 FilePmdMapped:        0 kB
Node 0 HugePages_Total:     0
Node 0 HugePages_Free:      0
Node 0 HugePages_Surp:      0

Node 1 MemTotal:       24686196 kB
Node 1 MemFree:        24120360 kB
Node 1 MemUsed:          565836 kB
Node 1 Active:            61988 kB
Node 1 Inactive:         130868 kB
Node 1 Active(anon):      15256 kB
Node 1 Inactive(anon):      480 kB
Node 1 Active(file):      46732 kB
Node 1 Inactive(file):   130388 kB
Node 1 Unevictable:        5304 kB
Node 1 Mlocked:            5304 kB
Node 1 Dirty:                32 kB
Node 1 Writeback:             0 kB
Node 1 FilePages:        183048 kB
Node 1 Mapped:            30420 kB
Node 1 AnonPages:         15112 kB
Node 1 Shmem:               624 kB
Node 1 KernelStack:        2600 kB
Node 1 PageTables:          468 kB
Node 1 NFS_Unstable:          0 kB
Node 1 Bounce:                0 kB
Node 1 WritebackTmp:          0 kB
Node 1 KReclaimable:      23288 kB
Node 1 Slab:              61756 kB
Node 1 SReclaimable:      23288 kB
Node 1 SUnreclaim:        38468 kB
Node 1 AnonHugePages:         0 kB
Node 1 ShmemHugePages:        0 kB
Node 1 ShmemPmdMapped:        0 kB
Node 1 FileHugePages:        0 kB
Node 1 FilePmdMapped:        0 kB
Node 1 HugePages_Total:     0
Node 1 HugePages_Free:      0
Node 1 HugePages_Surp:      0

After Test
Node 0 MemTotal:       24743736 kB
Node 0 MemFree:        21439568 kB
Node 0 MemUsed:         3304168 kB
Node 0 Active:            38304 kB
Node 0 Inactive:          85200 kB
Node 0 Active(anon):      17816 kB
Node 0 Inactive(anon):      460 kB
Node 0 Active(file):      20488 kB
Node 0 Inactive(file):    84740 kB
Node 0 Unevictable:       13444 kB
Node 0 Mlocked:           13444 kB
Node 0 Dirty:                44 kB
Node 0 Writeback:             0 kB
Node 0 FilePages:        108760 kB
Node 0 Mapped:            35104 kB
Node 0 AnonPages:         28184 kB
Node 0 Shmem:               644 kB
Node 0 KernelStack:        1992 kB
Node 0 PageTables:          620 kB
Node 0 NFS_Unstable:          0 kB
Node 0 Bounce:                0 kB
Node 0 WritebackTmp:          0 kB
Node 0 KReclaimable:      21864 kB
Node 0 Slab:              73664 kB
Node 0 SReclaimable:      21864 kB
Node 0 SUnreclaim:        51800 kB
Node 0 AnonHugePages:         0 kB
Node 0 ShmemHugePages:        0 kB
Node 0 ShmemPmdMapped:        0 kB
Node 0 FileHugePages:        0 kB
Node 0 FilePmdMapped:        0 kB
Node 0 HugePages_Total:     0
Node 0 HugePages_Free:      0
Node 0 HugePages_Surp:      0

Node 1 MemTotal:       24686196 kB
Node 1 MemFree:        24124428 kB
Node 1 MemUsed:          561768 kB
Node 1 Active:            62284 kB
Node 1 Inactive:         130908 kB
Node 1 Active(anon):      15528 kB
Node 1 Inactive(anon):      524 kB
Node 1 Active(file):      46756 kB
Node 1 Inactive(file):   130384 kB
Node 1 Unevictable:        5304 kB
Node 1 Mlocked:            5304 kB
Node 1 Dirty:                80 kB
Node 1 Writeback:             0 kB
Node 1 FilePages:        183112 kB
Node 1 Mapped:            30464 kB
Node 1 AnonPages:         15252 kB
Node 1 Shmem:               668 kB
Node 1 KernelStack:        2648 kB
Node 1 PageTables:          640 kB
Node 1 NFS_Unstable:          0 kB
Node 1 Bounce:                0 kB
Node 1 WritebackTmp:          0 kB
Node 1 KReclaimable:      23340 kB
Node 1 Slab:              61948 kB
Node 1 SReclaimable:      23340 kB
Node 1 SUnreclaim:        38608 kB
Node 1 AnonHugePages:         0 kB
Node 1 ShmemHugePages:        0 kB
Node 1 ShmemPmdMapped:        0 kB
Node 1 FileHugePages:        0 kB
Node 1 FilePmdMapped:        0 kB
Node 1 HugePages_Total:     0
Node 1 HugePages_Free:      0
Node 1 HugePages_Surp:      0

B.1.fio.2G.1.O Complete!
