B.1.4Mfio.2G.2.O
Begin
Node 0 MemTotal:       24768352 kB
Node 0 MemFree:        24413168 kB
Node 0 MemUsed:          355184 kB
Node 0 Active:            36836 kB
Node 0 Inactive:          29800 kB
Node 0 Active(anon):      12736 kB
Node 0 Inactive(anon):      444 kB
Node 0 Active(file):      24100 kB
Node 0 Inactive(file):    29356 kB
Node 0 Unevictable:        5664 kB
Node 0 Mlocked:            5664 kB
Node 0 Dirty:                24 kB
Node 0 Writeback:             0 kB
Node 0 FilePages:         59816 kB
Node 0 Mapped:            17720 kB
Node 0 AnonPages:         12532 kB
Node 0 Shmem:               672 kB
Node 0 KernelStack:        2472 kB
Node 0 PageTables:          444 kB
Node 0 NFS_Unstable:          0 kB
Node 0 Bounce:                0 kB
Node 0 WritebackTmp:          0 kB
Node 0 KReclaimable:      17644 kB
Node 0 Slab:              55816 kB
Node 0 SReclaimable:      17644 kB
Node 0 SUnreclaim:        38172 kB
Node 0 AnonHugePages:         0 kB
Node 0 ShmemHugePages:        0 kB
Node 0 ShmemPmdMapped:        0 kB
Node 0 FileHugePages:        0 kB
Node 0 FilePmdMapped:        0 kB
Node 0 HugePages_Total:     0
Node 0 HugePages_Free:      0
Node 0 HugePages_Surp:      0

Node 1 MemTotal:       24661580 kB
Node 1 MemFree:        24382576 kB
Node 1 MemUsed:          279004 kB
Node 1 Active:            58964 kB
Node 1 Inactive:          75356 kB
Node 1 Active(anon):      21148 kB
Node 1 Inactive(anon):      428 kB
Node 1 Active(file):      37816 kB
Node 1 Inactive(file):    74928 kB
Node 1 Unevictable:       12860 kB
Node 1 Mlocked:           12860 kB
Node 1 Dirty:               488 kB
Node 1 Writeback:             0 kB
Node 1 FilePages:        115872 kB
Node 1 Mapped:            40232 kB
Node 1 AnonPages:         31404 kB
Node 1 Shmem:               596 kB
Node 1 KernelStack:        1192 kB
Node 1 PageTables:          668 kB
Node 1 NFS_Unstable:          0 kB
Node 1 Bounce:                0 kB
Node 1 WritebackTmp:          0 kB
Node 1 KReclaimable:      23900 kB
Node 1 Slab:              53276 kB
Node 1 SReclaimable:      23900 kB
Node 1 SUnreclaim:        29376 kB
Node 1 AnonHugePages:         0 kB
Node 1 ShmemHugePages:        0 kB
Node 1 ShmemPmdMapped:        0 kB
Node 1 FileHugePages:        0 kB
Node 1 FilePmdMapped:        0 kB
Node 1 HugePages_Total:     0
Node 1 HugePages_Free:      0
Node 1 HugePages_Surp:      0

Load ZFS
Node 0 MemTotal:       24768352 kB
Node 0 MemFree:        24295108 kB
Node 0 MemUsed:          473244 kB
Node 0 Active:            51680 kB
Node 0 Inactive:         128124 kB
Node 0 Active(anon):      26304 kB
Node 0 Inactive(anon):      460 kB
Node 0 Active(file):      25376 kB
Node 0 Inactive(file):   127664 kB
Node 0 Unevictable:        5664 kB
Node 0 Mlocked:            5664 kB
Node 0 Dirty:                28 kB
Node 0 Writeback:             0 kB
Node 0 FilePages:        159368 kB
Node 0 Mapped:            20044 kB
Node 0 AnonPages:         26568 kB
Node 0 Shmem:               632 kB
Node 0 KernelStack:        2900 kB
Node 0 PageTables:         1432 kB
Node 0 NFS_Unstable:          0 kB
Node 0 Bounce:                0 kB
Node 0 WritebackTmp:          0 kB
Node 0 KReclaimable:      18664 kB
Node 0 Slab:              59596 kB
Node 0 SReclaimable:      18664 kB
Node 0 SUnreclaim:        40932 kB
Node 0 AnonHugePages:         0 kB
Node 0 ShmemHugePages:        0 kB
Node 0 ShmemPmdMapped:        0 kB
Node 0 FileHugePages:        0 kB
Node 0 FilePmdMapped:        0 kB
Node 0 HugePages_Total:     0
Node 0 HugePages_Free:      0
Node 0 HugePages_Surp:      0

Node 1 MemTotal:       24661580 kB
Node 1 MemFree:        24355496 kB
Node 1 MemUsed:          306084 kB
Node 1 Active:            73816 kB
Node 1 Inactive:          80612 kB
Node 1 Active(anon):      34956 kB
Node 1 Inactive(anon):      480 kB
Node 1 Active(file):      38860 kB
Node 1 Inactive(file):    80132 kB
Node 1 Unevictable:       13056 kB
Node 1 Mlocked:           13056 kB
Node 1 Dirty:               552 kB
Node 1 Writeback:             0 kB
Node 1 FilePages:        122160 kB
Node 1 Mapped:            42472 kB
Node 1 AnonPages:         44952 kB
Node 1 Shmem:               636 kB
Node 1 KernelStack:        1416 kB
Node 1 PageTables:         1544 kB
Node 1 NFS_Unstable:          0 kB
Node 1 Bounce:                0 kB
Node 1 WritebackTmp:          0 kB
Node 1 KReclaimable:      24652 kB
Node 1 Slab:              56852 kB
Node 1 SReclaimable:      24652 kB
Node 1 SUnreclaim:        32200 kB
Node 1 AnonHugePages:         0 kB
Node 1 ShmemHugePages:        0 kB
Node 1 ShmemPmdMapped:        0 kB
Node 1 FileHugePages:        0 kB
Node 1 FilePmdMapped:        0 kB
Node 1 HugePages_Total:     0
Node 1 HugePages_Free:      0
Node 1 HugePages_Surp:      0

Import tank ZPool
Node 0 MemTotal:       24768352 kB
Node 0 MemFree:        24279432 kB
Node 0 MemUsed:          488920 kB
Node 0 Active:            51780 kB
Node 0 Inactive:         129248 kB
Node 0 Active(anon):      26004 kB
Node 0 Inactive(anon):      464 kB
Node 0 Active(file):      25776 kB
Node 0 Inactive(file):   128784 kB
Node 0 Unevictable:        5664 kB
Node 0 Mlocked:            5664 kB
Node 0 Dirty:                60 kB
Node 0 Writeback:             0 kB
Node 0 FilePages:        160864 kB
Node 0 Mapped:            19696 kB
Node 0 AnonPages:         25628 kB
Node 0 Shmem:               632 kB
Node 0 KernelStack:        3896 kB
Node 0 PageTables:         1400 kB
Node 0 NFS_Unstable:          0 kB
Node 0 Bounce:                0 kB
Node 0 WritebackTmp:          0 kB
Node 0 KReclaimable:      18764 kB
Node 0 Slab:              65868 kB
Node 0 SReclaimable:      18764 kB
Node 0 SUnreclaim:        47104 kB
Node 0 AnonHugePages:         0 kB
Node 0 ShmemHugePages:        0 kB
Node 0 ShmemPmdMapped:        0 kB
Node 0 FileHugePages:        0 kB
Node 0 FilePmdMapped:        0 kB
Node 0 HugePages_Total:     0
Node 0 HugePages_Free:      0
Node 0 HugePages_Surp:      0

Node 1 MemTotal:       24661580 kB
Node 1 MemFree:        24356648 kB
Node 1 MemUsed:          304932 kB
Node 1 Active:            73108 kB
Node 1 Inactive:          80616 kB
Node 1 Active(anon):      34268 kB
Node 1 Inactive(anon):      484 kB
Node 1 Active(file):      38840 kB
Node 1 Inactive(file):    80132 kB
Node 1 Unevictable:       13088 kB
Node 1 Mlocked:           13088 kB
Node 1 Dirty:               508 kB
Node 1 Writeback:             0 kB
Node 1 FilePages:        122140 kB
Node 1 Mapped:            42216 kB
Node 1 AnonPages:         44672 kB
Node 1 Shmem:               636 kB
Node 1 KernelStack:        1400 kB
Node 1 PageTables:         1492 kB
Node 1 NFS_Unstable:          0 kB
Node 1 Bounce:                0 kB
Node 1 WritebackTmp:          0 kB
Node 1 KReclaimable:      24652 kB
Node 1 Slab:              57312 kB
Node 1 SReclaimable:      24652 kB
Node 1 SUnreclaim:        32660 kB
Node 1 AnonHugePages:         0 kB
Node 1 ShmemHugePages:        0 kB
Node 1 ShmemPmdMapped:        0 kB
Node 1 FileHugePages:        0 kB
Node 1 FilePmdMapped:        0 kB
Node 1 HugePages_Total:     0
Node 1 HugePages_Free:      0
Node 1 HugePages_Surp:      0

After Test
Node 0 MemTotal:       24768352 kB
Node 0 MemFree:        23947264 kB
Node 0 MemUsed:          821088 kB
Node 0 Active:            39328 kB
Node 0 Inactive:         128888 kB
Node 0 Active(anon):      13048 kB
Node 0 Inactive(anon):      460 kB
Node 0 Active(file):      26280 kB
Node 0 Inactive(file):   128428 kB
Node 0 Unevictable:        5664 kB
Node 0 Mlocked:            5664 kB
Node 0 Dirty:                20 kB
Node 0 Writeback:             0 kB
Node 0 FilePages:        161000 kB
Node 0 Mapped:            17720 kB
Node 0 AnonPages:         12876 kB
Node 0 Shmem:               632 kB
Node 0 KernelStack:        3544 kB
Node 0 PageTables:          428 kB
Node 0 NFS_Unstable:          0 kB
Node 0 Bounce:                0 kB
Node 0 WritebackTmp:          0 kB
Node 0 KReclaimable:      18908 kB
Node 0 Slab:              66824 kB
Node 0 SReclaimable:      18908 kB
Node 0 SUnreclaim:        47916 kB
Node 0 AnonHugePages:         0 kB
Node 0 ShmemHugePages:        0 kB
Node 0 ShmemPmdMapped:        0 kB
Node 0 FileHugePages:        0 kB
Node 0 FilePmdMapped:        0 kB
Node 0 HugePages_Total:     0
Node 0 HugePages_Free:      0
Node 0 HugePages_Surp:      0

Node 1 MemTotal:       24661580 kB
Node 1 MemFree:        21783308 kB
Node 1 MemUsed:         2878272 kB
Node 1 Active:            60424 kB
Node 1 Inactive:          81488 kB
Node 1 Active(anon):      20444 kB
Node 1 Inactive(anon):      516 kB
Node 1 Active(file):      39980 kB
Node 1 Inactive(file):    80972 kB
Node 1 Unevictable:       13088 kB
Node 1 Mlocked:           13088 kB
Node 1 Dirty:                40 kB
Node 1 Writeback:             0 kB
Node 1 FilePages:        124164 kB
Node 1 Mapped:            40476 kB
Node 1 AnonPages:         30468 kB
Node 1 Shmem:               680 kB
Node 1 KernelStack:        1160 kB
Node 1 PageTables:          812 kB
Node 1 NFS_Unstable:          0 kB
Node 1 Bounce:                0 kB
Node 1 WritebackTmp:          0 kB
Node 1 KReclaimable:      25972 kB
Node 1 Slab:              71640 kB
Node 1 SReclaimable:      25972 kB
Node 1 SUnreclaim:        45668 kB
Node 1 AnonHugePages:         0 kB
Node 1 ShmemHugePages:        0 kB
Node 1 ShmemPmdMapped:        0 kB
Node 1 FileHugePages:        0 kB
Node 1 FilePmdMapped:        0 kB
Node 1 HugePages_Total:     0
Node 1 HugePages_Free:      0
Node 1 HugePages_Surp:      0

After Opposite Node
Node 0 MemTotal:       24768352 kB
Node 0 MemFree:        23945880 kB
Node 0 MemUsed:          822472 kB
Node 0 Active:            39360 kB
Node 0 Inactive:         128900 kB
Node 0 Active(anon):      13052 kB
Node 0 Inactive(anon):      476 kB
Node 0 Active(file):      26308 kB
Node 0 Inactive(file):   128424 kB
Node 0 Unevictable:        5664 kB
Node 0 Mlocked:            5664 kB
Node 0 Dirty:                32 kB
Node 0 Writeback:             0 kB
Node 0 FilePages:        161040 kB
Node 0 Mapped:            17736 kB
Node 0 AnonPages:         12924 kB
Node 0 Shmem:               648 kB
Node 0 KernelStack:        3572 kB
Node 0 PageTables:          512 kB
Node 0 NFS_Unstable:          0 kB
Node 0 Bounce:                0 kB
Node 0 WritebackTmp:          0 kB
Node 0 KReclaimable:      18932 kB
Node 0 Slab:              66984 kB
Node 0 SReclaimable:      18932 kB
Node 0 SUnreclaim:        48052 kB
Node 0 AnonHugePages:         0 kB
Node 0 ShmemHugePages:        0 kB
Node 0 ShmemPmdMapped:        0 kB
Node 0 FileHugePages:        0 kB
Node 0 FilePmdMapped:        0 kB
Node 0 HugePages_Total:     0
Node 0 HugePages_Free:      0
Node 0 HugePages_Surp:      0

Node 1 MemTotal:       24661580 kB
Node 1 MemFree:        21782996 kB
Node 1 MemUsed:         2878584 kB
Node 1 Active:            60412 kB
Node 1 Inactive:          81248 kB
Node 1 Active(anon):      20220 kB
Node 1 Inactive(anon):      480 kB
Node 1 Active(file):      40192 kB
Node 1 Inactive(file):    80768 kB
Node 1 Unevictable:       13088 kB
Node 1 Mlocked:           13088 kB
Node 1 Dirty:               124 kB
Node 1 Writeback:             0 kB
Node 1 FilePages:        124128 kB
Node 1 Mapped:            40288 kB
Node 1 AnonPages:         30620 kB
Node 1 Shmem:               636 kB
Node 1 KernelStack:        1128 kB
Node 1 PageTables:          636 kB
Node 1 NFS_Unstable:          0 kB
Node 1 Bounce:                0 kB
Node 1 WritebackTmp:          0 kB
Node 1 KReclaimable:      25972 kB
Node 1 Slab:              71640 kB
Node 1 SReclaimable:      25972 kB
Node 1 SUnreclaim:        45668 kB
Node 1 AnonHugePages:         0 kB
Node 1 ShmemHugePages:        0 kB
Node 1 ShmemPmdMapped:        0 kB
Node 1 FileHugePages:        0 kB
Node 1 FilePmdMapped:        0 kB
Node 1 HugePages_Total:     0
Node 1 HugePages_Free:      0
Node 1 HugePages_Surp:      0

B.1.4Mfio.2G.2.O Complete!
