B.1.8Mfio.4G.2.O
Begin
Node 0 MemTotal:       24743736 kB
Node 0 MemFree:        24431300 kB
Node 0 MemUsed:          312436 kB
Node 0 Active:            23180 kB
Node 0 Inactive:          20604 kB
Node 0 Active(anon):      13556 kB
Node 0 Inactive(anon):      324 kB
Node 0 Active(file):       9624 kB
Node 0 Inactive(file):    20280 kB
Node 0 Unevictable:         608 kB
Node 0 Mlocked:             608 kB
Node 0 Dirty:                12 kB
Node 0 Writeback:             0 kB
Node 0 FilePages:         30956 kB
Node 0 Mapped:             4560 kB
Node 0 AnonPages:         13452 kB
Node 0 Shmem:               428 kB
Node 0 KernelStack:        2216 kB
Node 0 PageTables:          316 kB
Node 0 NFS_Unstable:          0 kB
Node 0 Bounce:                0 kB
Node 0 WritebackTmp:          0 kB
Node 0 KReclaimable:      16912 kB
Node 0 Slab:              44672 kB
Node 0 SReclaimable:      16912 kB
Node 0 SUnreclaim:        27760 kB
Node 0 AnonHugePages:         0 kB
Node 0 ShmemHugePages:        0 kB
Node 0 ShmemPmdMapped:        0 kB
Node 0 FileHugePages:        0 kB
Node 0 FilePmdMapped:        0 kB
Node 0 HugePages_Total:     0
Node 0 HugePages_Free:      0
Node 0 HugePages_Surp:      0

Node 1 MemTotal:       24686196 kB
Node 1 MemFree:        24389972 kB
Node 1 MemUsed:          296224 kB
Node 1 Active:            71356 kB
Node 1 Inactive:          65092 kB
Node 1 Active(anon):      20648 kB
Node 1 Inactive(anon):      548 kB
Node 1 Active(file):      50708 kB
Node 1 Inactive(file):    64544 kB
Node 1 Unevictable:       17912 kB
Node 1 Mlocked:           17912 kB
Node 1 Dirty:               420 kB
Node 1 Writeback:             0 kB
Node 1 FilePages:        123704 kB
Node 1 Mapped:            34852 kB
Node 1 AnonPages:         30740 kB
Node 1 Shmem:               840 kB
Node 1 KernelStack:        1432 kB
Node 1 PageTables:          788 kB
Node 1 NFS_Unstable:          0 kB
Node 1 Bounce:                0 kB
Node 1 WritebackTmp:          0 kB
Node 1 KReclaimable:      24848 kB
Node 1 Slab:              61724 kB
Node 1 SReclaimable:      24848 kB
Node 1 SUnreclaim:        36876 kB
Node 1 AnonHugePages:         0 kB
Node 1 ShmemHugePages:        0 kB
Node 1 ShmemPmdMapped:        0 kB
Node 1 FileHugePages:        0 kB
Node 1 FilePmdMapped:        0 kB
Node 1 HugePages_Total:     0
Node 1 HugePages_Free:      0
Node 1 HugePages_Surp:      0

Load ZFS
Node 0 MemTotal:       24743736 kB
Node 0 MemFree:        24336440 kB
Node 0 MemUsed:          407296 kB
Node 0 Active:            38444 kB
Node 0 Inactive:          95140 kB
Node 0 Active(anon):      27540 kB
Node 0 Inactive(anon):      384 kB
Node 0 Active(file):      10904 kB
Node 0 Inactive(file):    94756 kB
Node 0 Unevictable:         608 kB
Node 0 Mlocked:             608 kB
Node 0 Dirty:                44 kB
Node 0 Writeback:             0 kB
Node 0 FilePages:        106788 kB
Node 0 Mapped:             5632 kB
Node 0 AnonPages:         27152 kB
Node 0 Shmem:               520 kB
Node 0 KernelStack:        2596 kB
Node 0 PageTables:         1228 kB
Node 0 NFS_Unstable:          0 kB
Node 0 Bounce:                0 kB
Node 0 WritebackTmp:          0 kB
Node 0 KReclaimable:      17768 kB
Node 0 Slab:              48056 kB
Node 0 SReclaimable:      17768 kB
Node 0 SUnreclaim:        30288 kB
Node 0 AnonHugePages:         0 kB
Node 0 ShmemHugePages:        0 kB
Node 0 ShmemPmdMapped:        0 kB
Node 0 FileHugePages:        0 kB
Node 0 FilePmdMapped:        0 kB
Node 0 HugePages_Total:     0
Node 0 HugePages_Free:      0
Node 0 HugePages_Surp:      0

Node 1 MemTotal:       24686196 kB
Node 1 MemFree:        24341536 kB
Node 1 MemUsed:          344660 kB
Node 1 Active:            84488 kB
Node 1 Inactive:          94008 kB
Node 1 Active(anon):      32616 kB
Node 1 Inactive(anon):      560 kB
Node 1 Active(file):      51872 kB
Node 1 Inactive(file):    93448 kB
Node 1 Unevictable:       18128 kB
Node 1 Mlocked:           18128 kB
Node 1 Dirty:               448 kB
Node 1 Writeback:             0 kB
Node 1 FilePages:        153652 kB
Node 1 Mapped:            37756 kB
Node 1 AnonPages:         42832 kB
Node 1 Shmem:               748 kB
Node 1 KernelStack:        1640 kB
Node 1 PageTables:         1408 kB
Node 1 NFS_Unstable:          0 kB
Node 1 Bounce:                0 kB
Node 1 WritebackTmp:          0 kB
Node 1 KReclaimable:      25668 kB
Node 1 Slab:              65448 kB
Node 1 SReclaimable:      25668 kB
Node 1 SUnreclaim:        39780 kB
Node 1 AnonHugePages:         0 kB
Node 1 ShmemHugePages:        0 kB
Node 1 ShmemPmdMapped:        0 kB
Node 1 FileHugePages:        0 kB
Node 1 FilePmdMapped:        0 kB
Node 1 HugePages_Total:     0
Node 1 HugePages_Free:      0
Node 1 HugePages_Surp:      0

Import tank ZPool
Node 0 MemTotal:       24743736 kB
Node 0 MemFree:        24324556 kB
Node 0 MemUsed:          419180 kB
Node 0 Active:            38104 kB
Node 0 Inactive:          95140 kB
Node 0 Active(anon):      27200 kB
Node 0 Inactive(anon):      384 kB
Node 0 Active(file):      10904 kB
Node 0 Inactive(file):    94756 kB
Node 0 Unevictable:         608 kB
Node 0 Mlocked:             608 kB
Node 0 Dirty:                48 kB
Node 0 Writeback:             0 kB
Node 0 FilePages:        106824 kB
Node 0 Mapped:             5436 kB
Node 0 AnonPages:         27060 kB
Node 0 Shmem:               524 kB
Node 0 KernelStack:        3560 kB
Node 0 PageTables:         1228 kB
Node 0 NFS_Unstable:          0 kB
Node 0 Bounce:                0 kB
Node 0 WritebackTmp:          0 kB
Node 0 KReclaimable:      17776 kB
Node 0 Slab:              50196 kB
Node 0 SReclaimable:      17776 kB
Node 0 SUnreclaim:        32420 kB
Node 0 AnonHugePages:         0 kB
Node 0 ShmemHugePages:        0 kB
Node 0 ShmemPmdMapped:        0 kB
Node 0 FileHugePages:        0 kB
Node 0 FilePmdMapped:        0 kB
Node 0 HugePages_Total:     0
Node 0 HugePages_Free:      0
Node 0 HugePages_Surp:      0

Node 1 MemTotal:       24686196 kB
Node 1 MemFree:        24334228 kB
Node 1 MemUsed:          351968 kB
Node 1 Active:            84836 kB
Node 1 Inactive:          95204 kB
Node 1 Active(anon):      32632 kB
Node 1 Inactive(anon):      564 kB
Node 1 Active(file):      52204 kB
Node 1 Inactive(file):    94640 kB
Node 1 Unevictable:       18144 kB
Node 1 Mlocked:           18144 kB
Node 1 Dirty:               428 kB
Node 1 Writeback:             0 kB
Node 1 FilePages:        155176 kB
Node 1 Mapped:            37696 kB
Node 1 AnonPages:         42648 kB
Node 1 Shmem:               744 kB
Node 1 KernelStack:        1704 kB
Node 1 PageTables:         1476 kB
Node 1 NFS_Unstable:          0 kB
Node 1 Bounce:                0 kB
Node 1 WritebackTmp:          0 kB
Node 1 KReclaimable:      25816 kB
Node 1 Slab:              71248 kB
Node 1 SReclaimable:      25816 kB
Node 1 SUnreclaim:        45432 kB
Node 1 AnonHugePages:         0 kB
Node 1 ShmemHugePages:        0 kB
Node 1 ShmemPmdMapped:        0 kB
Node 1 FileHugePages:        0 kB
Node 1 FilePmdMapped:        0 kB
Node 1 HugePages_Total:     0
Node 1 HugePages_Free:      0
Node 1 HugePages_Surp:      0

After Test
Node 0 MemTotal:       24743736 kB
Node 0 MemFree:        23990096 kB
Node 0 MemUsed:          753640 kB
Node 0 Active:            24336 kB
Node 0 Inactive:          94948 kB
Node 0 Active(anon):      13160 kB
Node 0 Inactive(anon):      376 kB
Node 0 Active(file):      11176 kB
Node 0 Inactive(file):    94572 kB
Node 0 Unevictable:         608 kB
Node 0 Mlocked:             608 kB
Node 0 Dirty:                 0 kB
Node 0 Writeback:             0 kB
Node 0 FilePages:        106880 kB
Node 0 Mapped:             4628 kB
Node 0 AnonPages:         13012 kB
Node 0 Shmem:               524 kB
Node 0 KernelStack:        3224 kB
Node 0 PageTables:          316 kB
Node 0 NFS_Unstable:          0 kB
Node 0 Bounce:                0 kB
Node 0 WritebackTmp:          0 kB
Node 0 KReclaimable:      17804 kB
Node 0 Slab:              51412 kB
Node 0 SReclaimable:      17804 kB
Node 0 SUnreclaim:        33608 kB
Node 0 AnonHugePages:         0 kB
Node 0 ShmemHugePages:        0 kB
Node 0 ShmemPmdMapped:        0 kB
Node 0 FileHugePages:        0 kB
Node 0 FilePmdMapped:        0 kB
Node 0 HugePages_Total:     0
Node 0 HugePages_Free:      0
Node 0 HugePages_Surp:      0

Node 1 MemTotal:       24686196 kB
Node 1 MemFree:        19656264 kB
Node 1 MemUsed:         5029932 kB
Node 1 Active:            74016 kB
Node 1 Inactive:          95560 kB
Node 1 Active(anon):      20172 kB
Node 1 Inactive(anon):      592 kB
Node 1 Active(file):      53844 kB
Node 1 Inactive(file):    94968 kB
Node 1 Unevictable:       18144 kB
Node 1 Mlocked:           18144 kB
Node 1 Dirty:                36 kB
Node 1 Writeback:             0 kB
Node 1 FilePages:        157184 kB
Node 1 Mapped:            35052 kB
Node 1 AnonPages:         30360 kB
Node 1 Shmem:               788 kB
Node 1 KernelStack:        1464 kB
Node 1 PageTables:          904 kB
Node 1 NFS_Unstable:          0 kB
Node 1 Bounce:                0 kB
Node 1 WritebackTmp:          0 kB
Node 1 KReclaimable:      27176 kB
Node 1 Slab:              90964 kB
Node 1 SReclaimable:      27176 kB
Node 1 SUnreclaim:        63788 kB
Node 1 AnonHugePages:         0 kB
Node 1 ShmemHugePages:        0 kB
Node 1 ShmemPmdMapped:        0 kB
Node 1 FileHugePages:        0 kB
Node 1 FilePmdMapped:        0 kB
Node 1 HugePages_Total:     0
Node 1 HugePages_Free:      0
Node 1 HugePages_Surp:      0

After Opposite Node
Node 0 MemTotal:       24743736 kB
Node 0 MemFree:        23989384 kB
Node 0 MemUsed:          754352 kB
Node 0 Active:            24572 kB
Node 0 Inactive:          95000 kB
Node 0 Active(anon):      13392 kB
Node 0 Inactive(anon):      420 kB
Node 0 Active(file):      11180 kB
Node 0 Inactive(file):    94580 kB
Node 0 Unevictable:         608 kB
Node 0 Mlocked:             608 kB
Node 0 Dirty:                20 kB
Node 0 Writeback:             0 kB
Node 0 FilePages:        106944 kB
Node 0 Mapped:             4672 kB
Node 0 AnonPages:         13036 kB
Node 0 Shmem:               568 kB
Node 0 KernelStack:        3240 kB
Node 0 PageTables:          516 kB
Node 0 NFS_Unstable:          0 kB
Node 0 Bounce:                0 kB
Node 0 WritebackTmp:          0 kB
Node 0 KReclaimable:      17836 kB
Node 0 Slab:              51604 kB
Node 0 SReclaimable:      17836 kB
Node 0 SUnreclaim:        33768 kB
Node 0 AnonHugePages:         0 kB
Node 0 ShmemHugePages:        0 kB
Node 0 ShmemPmdMapped:        0 kB
Node 0 FileHugePages:        0 kB
Node 0 FilePmdMapped:        0 kB
Node 0 HugePages_Total:     0
Node 0 HugePages_Free:      0
Node 0 HugePages_Surp:      0

Node 1 MemTotal:       24686196 kB
Node 1 MemFree:        19657288 kB
Node 1 MemUsed:         5028908 kB
Node 1 Active:            73996 kB
Node 1 Inactive:          95356 kB
Node 1 Active(anon):      19956 kB
Node 1 Inactive(anon):      564 kB
Node 1 Active(file):      54040 kB
Node 1 Inactive(file):    94792 kB
Node 1 Unevictable:       18144 kB
Node 1 Mlocked:           18144 kB
Node 1 Dirty:               168 kB
Node 1 Writeback:             0 kB
Node 1 FilePages:        157160 kB
Node 1 Mapped:            35044 kB
Node 1 AnonPages:         30332 kB
Node 1 Shmem:               744 kB
Node 1 KernelStack:        1448 kB
Node 1 PageTables:          704 kB
Node 1 NFS_Unstable:          0 kB
Node 1 Bounce:                0 kB
Node 1 WritebackTmp:          0 kB
Node 1 KReclaimable:      27176 kB
Node 1 Slab:              90976 kB
Node 1 SReclaimable:      27176 kB
Node 1 SUnreclaim:        63800 kB
Node 1 AnonHugePages:         0 kB
Node 1 ShmemHugePages:        0 kB
Node 1 ShmemPmdMapped:        0 kB
Node 1 FileHugePages:        0 kB
Node 1 FilePmdMapped:        0 kB
Node 1 HugePages_Total:     0
Node 1 HugePages_Free:      0
Node 1 HugePages_Surp:      0

B.1.8Mfio.4G.2.O Complete!
