B.1.8Mfio.2-1G.3.O
Begin
Node 0 MemTotal:       24743736 kB
Node 0 MemFree:        24395688 kB
Node 0 MemUsed:          348048 kB
Node 0 Active:            43704 kB
Node 0 Inactive:          28580 kB
Node 0 Active(anon):      16596 kB
Node 0 Inactive(anon):      452 kB
Node 0 Active(file):      27108 kB
Node 0 Inactive(file):    28128 kB
Node 0 Unevictable:        5624 kB
Node 0 Mlocked:            5624 kB
Node 0 Dirty:                44 kB
Node 0 Writeback:             0 kB
Node 0 FilePages:         61516 kB
Node 0 Mapped:            18816 kB
Node 0 AnonPages:         16480 kB
Node 0 Shmem:               660 kB
Node 0 KernelStack:        2072 kB
Node 0 PageTables:          544 kB
Node 0 NFS_Unstable:          0 kB
Node 0 Bounce:                0 kB
Node 0 WritebackTmp:          0 kB
Node 0 KReclaimable:      19300 kB
Node 0 Slab:              48252 kB
Node 0 SReclaimable:      19300 kB
Node 0 SUnreclaim:        28952 kB
Node 0 AnonHugePages:         0 kB
Node 0 ShmemHugePages:        0 kB
Node 0 ShmemPmdMapped:        0 kB
Node 0 FileHugePages:        0 kB
Node 0 FilePmdMapped:        0 kB
Node 0 HugePages_Total:     0
Node 0 HugePages_Free:      0
Node 0 HugePages_Surp:      0

Node 1 MemTotal:       24686196 kB
Node 1 MemFree:        24407428 kB
Node 1 MemUsed:          278768 kB
Node 1 Active:            52712 kB
Node 1 Inactive:          74836 kB
Node 1 Active(anon):      17024 kB
Node 1 Inactive(anon):      432 kB
Node 1 Active(file):      35688 kB
Node 1 Inactive(file):    74404 kB
Node 1 Unevictable:       12900 kB
Node 1 Mlocked:           12900 kB
Node 1 Dirty:               480 kB
Node 1 Writeback:             0 kB
Node 1 FilePages:        113420 kB
Node 1 Mapped:            39600 kB
Node 1 AnonPages:         27212 kB
Node 1 Shmem:               608 kB
Node 1 KernelStack:        1528 kB
Node 1 PageTables:          568 kB
Node 1 NFS_Unstable:          0 kB
Node 1 Bounce:                0 kB
Node 1 WritebackTmp:          0 kB
Node 1 KReclaimable:      22944 kB
Node 1 Slab:              59812 kB
Node 1 SReclaimable:      22944 kB
Node 1 SUnreclaim:        36868 kB
Node 1 AnonHugePages:         0 kB
Node 1 ShmemHugePages:        0 kB
Node 1 ShmemPmdMapped:        0 kB
Node 1 FileHugePages:        0 kB
Node 1 FilePmdMapped:        0 kB
Node 1 HugePages_Total:     0
Node 1 HugePages_Free:      0
Node 1 HugePages_Surp:      0

Load ZFS
Node 0 MemTotal:       24743736 kB
Node 0 MemFree:        24273548 kB
Node 0 MemUsed:          470188 kB
Node 0 Active:            59208 kB
Node 0 Inactive:         125816 kB
Node 0 Active(anon):      31584 kB
Node 0 Inactive(anon):      464 kB
Node 0 Active(file):      27624 kB
Node 0 Inactive(file):   125352 kB
Node 0 Unevictable:        5624 kB
Node 0 Mlocked:            5624 kB
Node 0 Dirty:                96 kB
Node 0 Writeback:             0 kB
Node 0 FilePages:        159216 kB
Node 0 Mapped:            21584 kB
Node 0 AnonPages:         30608 kB
Node 0 Shmem:               620 kB
Node 0 KernelStack:        2552 kB
Node 0 PageTables:         1928 kB
Node 0 NFS_Unstable:          0 kB
Node 0 Bounce:                0 kB
Node 0 WritebackTmp:          0 kB
Node 0 KReclaimable:      20384 kB
Node 0 Slab:              52764 kB
Node 0 SReclaimable:      20384 kB
Node 0 SUnreclaim:        32380 kB
Node 0 AnonHugePages:         0 kB
Node 0 ShmemHugePages:        0 kB
Node 0 ShmemPmdMapped:        0 kB
Node 0 FileHugePages:        0 kB
Node 0 FilePmdMapped:        0 kB
Node 0 HugePages_Total:     0
Node 0 HugePages_Free:      0
Node 0 HugePages_Surp:      0

Node 1 MemTotal:       24686196 kB
Node 1 MemFree:        24385404 kB
Node 1 MemUsed:          300792 kB
Node 1 Active:            63636 kB
Node 1 Inactive:          81052 kB
Node 1 Active(anon):      25944 kB
Node 1 Inactive(anon):      484 kB
Node 1 Active(file):      37692 kB
Node 1 Inactive(file):    80568 kB
Node 1 Unevictable:       13116 kB
Node 1 Mlocked:           13116 kB
Node 1 Dirty:               468 kB
Node 1 Writeback:             0 kB
Node 1 FilePages:        121480 kB
Node 1 Mapped:            40716 kB
Node 1 AnonPages:         36324 kB
Node 1 Shmem:               648 kB
Node 1 KernelStack:        1652 kB
Node 1 PageTables:          940 kB
Node 1 NFS_Unstable:          0 kB
Node 1 Bounce:                0 kB
Node 1 WritebackTmp:          0 kB
Node 1 KReclaimable:      23540 kB
Node 1 Slab:              62624 kB
Node 1 SReclaimable:      23540 kB
Node 1 SUnreclaim:        39084 kB
Node 1 AnonHugePages:         0 kB
Node 1 ShmemHugePages:        0 kB
Node 1 ShmemPmdMapped:        0 kB
Node 1 FileHugePages:        0 kB
Node 1 FilePmdMapped:        0 kB
Node 1 HugePages_Total:     0
Node 1 HugePages_Free:      0
Node 1 HugePages_Surp:      0

Import tank ZPool
Node 0 MemTotal:       24743736 kB
Node 0 MemFree:        24259908 kB
Node 0 MemUsed:          483828 kB
Node 0 Active:            58332 kB
Node 0 Inactive:         125832 kB
Node 0 Active(anon):      30704 kB
Node 0 Inactive(anon):      468 kB
Node 0 Active(file):      27628 kB
Node 0 Inactive(file):   125364 kB
Node 0 Unevictable:        5624 kB
Node 0 Mlocked:            5624 kB
Node 0 Dirty:               120 kB
Node 0 Writeback:             0 kB
Node 0 FilePages:        159228 kB
Node 0 Mapped:            21580 kB
Node 0 AnonPages:         30556 kB
Node 0 Shmem:               616 kB
Node 0 KernelStack:        3592 kB
Node 0 PageTables:         1876 kB
Node 0 NFS_Unstable:          0 kB
Node 0 Bounce:                0 kB
Node 0 WritebackTmp:          0 kB
Node 0 KReclaimable:      20384 kB
Node 0 Slab:              54956 kB
Node 0 SReclaimable:      20384 kB
Node 0 SUnreclaim:        34572 kB
Node 0 AnonHugePages:         0 kB
Node 0 ShmemHugePages:        0 kB
Node 0 ShmemPmdMapped:        0 kB
Node 0 FileHugePages:        0 kB
Node 0 FilePmdMapped:        0 kB
Node 0 HugePages_Total:     0
Node 0 HugePages_Free:      0
Node 0 HugePages_Surp:      0

Node 1 MemTotal:       24686196 kB
Node 1 MemFree:        24378740 kB
Node 1 MemUsed:          307456 kB
Node 1 Active:            64240 kB
Node 1 Inactive:          81944 kB
Node 1 Active(anon):      25924 kB
Node 1 Inactive(anon):      484 kB
Node 1 Active(file):      38316 kB
Node 1 Inactive(file):    81460 kB
Node 1 Unevictable:       13132 kB
Node 1 Mlocked:           13132 kB
Node 1 Dirty:               464 kB
Node 1 Writeback:             0 kB
Node 1 FilePages:        123016 kB
Node 1 Mapped:            40640 kB
Node 1 AnonPages:         36340 kB
Node 1 Shmem:               652 kB
Node 1 KernelStack:        1592 kB
Node 1 PageTables:          980 kB
Node 1 NFS_Unstable:          0 kB
Node 1 Bounce:                0 kB
Node 1 WritebackTmp:          0 kB
Node 1 KReclaimable:      23644 kB
Node 1 Slab:              67724 kB
Node 1 SReclaimable:      23644 kB
Node 1 SUnreclaim:        44080 kB
Node 1 AnonHugePages:         0 kB
Node 1 ShmemHugePages:        0 kB
Node 1 ShmemPmdMapped:        0 kB
Node 1 FileHugePages:        0 kB
Node 1 FilePmdMapped:        0 kB
Node 1 HugePages_Total:     0
Node 1 HugePages_Free:      0
Node 1 HugePages_Surp:      0

After Test
Node 0 MemTotal:       24743736 kB
Node 0 MemFree:        23808984 kB
Node 0 MemUsed:          934752 kB
Node 0 Active:            44000 kB
Node 0 Inactive:         125540 kB
Node 0 Active(anon):      16052 kB
Node 0 Inactive(anon):      464 kB
Node 0 Active(file):      27948 kB
Node 0 Inactive(file):   125076 kB
Node 0 Unevictable:        5624 kB
Node 0 Mlocked:            5624 kB
Node 0 Dirty:                84 kB
Node 0 Writeback:             0 kB
Node 0 FilePages:        159260 kB
Node 0 Mapped:            18800 kB
Node 0 AnonPages:         15912 kB
Node 0 Shmem:               616 kB
Node 0 KernelStack:        3224 kB
Node 0 PageTables:          440 kB
Node 0 NFS_Unstable:          0 kB
Node 0 Bounce:                0 kB
Node 0 WritebackTmp:          0 kB
Node 0 KReclaimable:      20400 kB
Node 0 Slab:              56788 kB
Node 0 SReclaimable:      20400 kB
Node 0 SUnreclaim:        36388 kB
Node 0 AnonHugePages:         0 kB
Node 0 ShmemHugePages:        0 kB
Node 0 ShmemPmdMapped:        0 kB
Node 0 FileHugePages:        0 kB
Node 0 FilePmdMapped:        0 kB
Node 0 HugePages_Total:     0
Node 0 HugePages_Free:      0
Node 0 HugePages_Surp:      0

Node 1 MemTotal:       24686196 kB
Node 1 MemFree:        22974632 kB
Node 1 MemUsed:         1711564 kB
Node 1 Active:            56580 kB
Node 1 Inactive:          82964 kB
Node 1 Active(anon):      17196 kB
Node 1 Inactive(anon):      504 kB
Node 1 Active(file):      39384 kB
Node 1 Inactive(file):    82460 kB
Node 1 Unevictable:       13132 kB
Node 1 Mlocked:           13132 kB
Node 1 Dirty:               388 kB
Node 1 Writeback:             0 kB
Node 1 FilePages:        125112 kB
Node 1 Mapped:            39860 kB
Node 1 AnonPages:         27480 kB
Node 1 Shmem:               696 kB
Node 1 KernelStack:        1576 kB
Node 1 PageTables:          736 kB
Node 1 NFS_Unstable:          0 kB
Node 1 Bounce:                0 kB
Node 1 WritebackTmp:          0 kB
Node 1 KReclaimable:      25024 kB
Node 1 Slab:              76868 kB
Node 1 SReclaimable:      25024 kB
Node 1 SUnreclaim:        51844 kB
Node 1 AnonHugePages:         0 kB
Node 1 ShmemHugePages:        0 kB
Node 1 ShmemPmdMapped:        0 kB
Node 1 FileHugePages:        0 kB
Node 1 FilePmdMapped:        0 kB
Node 1 HugePages_Total:     0
Node 1 HugePages_Free:      0
Node 1 HugePages_Surp:      0

After Opposite Node
Node 0 MemTotal:       24743736 kB
Node 0 MemFree:        23810028 kB
Node 0 MemUsed:          933708 kB
Node 0 Active:            44568 kB
Node 0 Inactive:         125572 kB
Node 0 Active(anon):      16592 kB
Node 0 Inactive(anon):      500 kB
Node 0 Active(file):      27976 kB
Node 0 Inactive(file):   125072 kB
Node 0 Unevictable:        5624 kB
Node 0 Mlocked:            5624 kB
Node 0 Dirty:                96 kB
Node 0 Writeback:             0 kB
Node 0 FilePages:        159328 kB
Node 0 Mapped:            18844 kB
Node 0 AnonPages:         16292 kB
Node 0 Shmem:               660 kB
Node 0 KernelStack:        3176 kB
Node 0 PageTables:          560 kB
Node 0 NFS_Unstable:          0 kB
Node 0 Bounce:                0 kB
Node 0 WritebackTmp:          0 kB
Node 0 KReclaimable:      20436 kB
Node 0 Slab:              56828 kB
Node 0 SReclaimable:      20436 kB
Node 0 SUnreclaim:        36392 kB
Node 0 AnonHugePages:         0 kB
Node 0 ShmemHugePages:        0 kB
Node 0 ShmemPmdMapped:        0 kB
Node 0 FileHugePages:        0 kB
Node 0 FilePmdMapped:        0 kB
Node 0 HugePages_Total:     0
Node 0 HugePages_Free:      0
Node 0 HugePages_Surp:      0

Node 1 MemTotal:       24686196 kB
Node 1 MemFree:        22975412 kB
Node 1 MemUsed:         1710784 kB
Node 1 Active:            56276 kB
Node 1 Inactive:          82764 kB
Node 1 Active(anon):      16708 kB
Node 1 Inactive(anon):      480 kB
Node 1 Active(file):      39568 kB
Node 1 Inactive(file):    82284 kB
Node 1 Unevictable:       13132 kB
Node 1 Mlocked:           13132 kB
Node 1 Dirty:               400 kB
Node 1 Writeback:             0 kB
Node 1 FilePages:        125076 kB
Node 1 Mapped:            39820 kB
Node 1 AnonPages:         27096 kB
Node 1 Shmem:               652 kB
Node 1 KernelStack:        1528 kB
Node 1 PageTables:          620 kB
Node 1 NFS_Unstable:          0 kB
Node 1 Bounce:                0 kB
Node 1 WritebackTmp:          0 kB
Node 1 KReclaimable:      25032 kB
Node 1 Slab:              76832 kB
Node 1 SReclaimable:      25032 kB
Node 1 SUnreclaim:        51800 kB
Node 1 AnonHugePages:         0 kB
Node 1 ShmemHugePages:        0 kB
Node 1 ShmemPmdMapped:        0 kB
Node 1 FileHugePages:        0 kB
Node 1 FilePmdMapped:        0 kB
Node 1 HugePages_Total:     0
Node 1 HugePages_Free:      0
Node 1 HugePages_Surp:      0

B.1.8Mfio.2-1G.3.O Complete!
