B.1.4Mfio.2-1G.2.O
Begin
Node 0 MemTotal:       24743736 kB
Node 0 MemFree:        24471752 kB
Node 0 MemUsed:          271984 kB
Node 0 Active:            67776 kB
Node 0 Inactive:          49064 kB
Node 0 Active(anon):      19232 kB
Node 0 Inactive(anon):      560 kB
Node 0 Active(file):      48544 kB
Node 0 Inactive(file):    48504 kB
Node 0 Unevictable:        5668 kB
Node 0 Mlocked:            5668 kB
Node 0 Dirty:               388 kB
Node 0 Writeback:             0 kB
Node 0 FilePages:        103560 kB
Node 0 Mapped:            40268 kB
Node 0 AnonPages:         18984 kB
Node 0 Shmem:               812 kB
Node 0 KernelStack:        2072 kB
Node 0 PageTables:          684 kB
Node 0 NFS_Unstable:          0 kB
Node 0 Bounce:                0 kB
Node 0 WritebackTmp:          0 kB
Node 0 KReclaimable:      26736 kB
Node 0 Slab:              64500 kB
Node 0 SReclaimable:      26736 kB
Node 0 SUnreclaim:        37764 kB
Node 0 AnonHugePages:         0 kB
Node 0 ShmemHugePages:        0 kB
Node 0 ShmemPmdMapped:        0 kB
Node 0 FileHugePages:        0 kB
Node 0 FilePmdMapped:        0 kB
Node 0 HugePages_Total:     0
Node 0 HugePages_Free:      0
Node 0 HugePages_Surp:      0

Node 1 MemTotal:       24686196 kB
Node 1 MemFree:        24343056 kB
Node 1 MemUsed:          343140 kB
Node 1 Active:            26476 kB
Node 1 Inactive:          45168 kB
Node 1 Active(anon):      14392 kB
Node 1 Inactive(anon):      316 kB
Node 1 Active(file):      12084 kB
Node 1 Inactive(file):    44852 kB
Node 1 Unevictable:       12856 kB
Node 1 Mlocked:           12856 kB
Node 1 Dirty:               124 kB
Node 1 Writeback:             0 kB
Node 1 FilePages:         59920 kB
Node 1 Mapped:             5416 kB
Node 1 AnonPages:         24692 kB
Node 1 Shmem:               456 kB
Node 1 KernelStack:        1528 kB
Node 1 PageTables:          412 kB
Node 1 NFS_Unstable:          0 kB
Node 1 Bounce:                0 kB
Node 1 WritebackTmp:          0 kB
Node 1 KReclaimable:      15568 kB
Node 1 Slab:              43904 kB
Node 1 SReclaimable:      15568 kB
Node 1 SUnreclaim:        28336 kB
Node 1 AnonHugePages:         0 kB
Node 1 ShmemHugePages:        0 kB
Node 1 ShmemPmdMapped:        0 kB
Node 1 FileHugePages:        0 kB
Node 1 FilePmdMapped:        0 kB
Node 1 HugePages_Total:     0
Node 1 HugePages_Free:      0
Node 1 HugePages_Surp:      0

Load ZFS
Node 0 MemTotal:       24743736 kB
Node 0 MemFree:        24427652 kB
Node 0 MemUsed:          316084 kB
Node 0 Active:            82884 kB
Node 0 Inactive:          77848 kB
Node 0 Active(anon):      32748 kB
Node 0 Inactive(anon):      368 kB
Node 0 Active(file):      50136 kB
Node 0 Inactive(file):    77480 kB
Node 0 Unevictable:        5668 kB
Node 0 Mlocked:            5668 kB
Node 0 Dirty:               612 kB
Node 0 Writeback:             0 kB
Node 0 FilePages:        134132 kB
Node 0 Mapped:            42992 kB
Node 0 AnonPages:         32144 kB
Node 0 Shmem:               704 kB
Node 0 KernelStack:        2360 kB
Node 0 PageTables:         1792 kB
Node 0 NFS_Unstable:          0 kB
Node 0 Bounce:                0 kB
Node 0 WritebackTmp:          0 kB
Node 0 KReclaimable:      27220 kB
Node 0 Slab:              66948 kB
Node 0 SReclaimable:      27220 kB
Node 0 SUnreclaim:        39728 kB
Node 0 AnonHugePages:         0 kB
Node 0 ShmemHugePages:        0 kB
Node 0 ShmemPmdMapped:        0 kB
Node 0 FileHugePages:        0 kB
Node 0 FilePmdMapped:        0 kB
Node 0 HugePages_Total:     0
Node 0 HugePages_Free:      0
Node 0 HugePages_Surp:      0

Node 1 MemTotal:       24686196 kB
Node 1 MemFree:        24241260 kB
Node 1 MemUsed:          444936 kB
Node 1 Active:            39452 kB
Node 1 Inactive:         119736 kB
Node 1 Active(anon):      26708 kB
Node 1 Inactive(anon):      516 kB
Node 1 Active(file):      12744 kB
Node 1 Inactive(file):   119220 kB
Node 1 Unevictable:       13088 kB
Node 1 Mlocked:           13088 kB
Node 1 Dirty:               144 kB
Node 1 Writeback:             0 kB
Node 1 FilePages:        135512 kB
Node 1 Mapped:             7908 kB
Node 1 AnonPages:         36940 kB
Node 1 Shmem:               564 kB
Node 1 KernelStack:        2000 kB
Node 1 PageTables:         1356 kB
Node 1 NFS_Unstable:          0 kB
Node 1 Bounce:                0 kB
Node 1 WritebackTmp:          0 kB
Node 1 KReclaimable:      16372 kB
Node 1 Slab:              49184 kB
Node 1 SReclaimable:      16372 kB
Node 1 SUnreclaim:        32812 kB
Node 1 AnonHugePages:         0 kB
Node 1 ShmemHugePages:        0 kB
Node 1 ShmemPmdMapped:        0 kB
Node 1 FileHugePages:        0 kB
Node 1 FilePmdMapped:        0 kB
Node 1 HugePages_Total:     0
Node 1 HugePages_Free:      0
Node 1 HugePages_Surp:      0

Import tank ZPool
Node 0 MemTotal:       24743736 kB
Node 0 MemFree:        24417088 kB
Node 0 MemUsed:          326648 kB
Node 0 Active:            81936 kB
Node 0 Inactive:          79108 kB
Node 0 Active(anon):      31380 kB
Node 0 Inactive(anon):      528 kB
Node 0 Active(file):      50556 kB
Node 0 Inactive(file):    78580 kB
Node 0 Unevictable:        5668 kB
Node 0 Mlocked:            5668 kB
Node 0 Dirty:               484 kB
Node 0 Writeback:             0 kB
Node 0 FilePages:        135540 kB
Node 0 Mapped:            42560 kB
Node 0 AnonPages:         31260 kB
Node 0 Shmem:               724 kB
Node 0 KernelStack:        2184 kB
Node 0 PageTables:         1484 kB
Node 0 NFS_Unstable:          0 kB
Node 0 Bounce:                0 kB
Node 0 WritebackTmp:          0 kB
Node 0 KReclaimable:      27464 kB
Node 0 Slab:              71828 kB
Node 0 SReclaimable:      27464 kB
Node 0 SUnreclaim:        44364 kB
Node 0 AnonHugePages:         0 kB
Node 0 ShmemHugePages:        0 kB
Node 0 ShmemPmdMapped:        0 kB
Node 0 FileHugePages:        0 kB
Node 0 FilePmdMapped:        0 kB
Node 0 HugePages_Total:     0
Node 0 HugePages_Free:      0
Node 0 HugePages_Surp:      0

Node 1 MemTotal:       24686196 kB
Node 1 MemFree:        24234352 kB
Node 1 MemUsed:          451844 kB
Node 1 Active:            38620 kB
Node 1 Inactive:         119752 kB
Node 1 Active(anon):      25840 kB
Node 1 Inactive(anon):      420 kB
Node 1 Active(file):      12780 kB
Node 1 Inactive(file):   119332 kB
Node 1 Unevictable:       13088 kB
Node 1 Mlocked:           13088 kB
Node 1 Dirty:               152 kB
Node 1 Writeback:             0 kB
Node 1 FilePages:        135184 kB
Node 1 Mapped:             7060 kB
Node 1 AnonPages:         36276 kB
Node 1 Shmem:               544 kB
Node 1 KernelStack:        3016 kB
Node 1 PageTables:         1512 kB
Node 1 NFS_Unstable:          0 kB
Node 1 Bounce:                0 kB
Node 1 WritebackTmp:          0 kB
Node 1 KReclaimable:      16528 kB
Node 1 Slab:              51456 kB
Node 1 SReclaimable:      16528 kB
Node 1 SUnreclaim:        34928 kB
Node 1 AnonHugePages:         0 kB
Node 1 ShmemHugePages:        0 kB
Node 1 ShmemPmdMapped:        0 kB
Node 1 FileHugePages:        0 kB
Node 1 FilePmdMapped:        0 kB
Node 1 HugePages_Total:     0
Node 1 HugePages_Free:      0
Node 1 HugePages_Surp:      0

After Test
Node 0 MemTotal:       24743736 kB
Node 0 MemFree:        23956932 kB
Node 0 MemUsed:          786804 kB
Node 0 Active:            70164 kB
Node 0 Inactive:          78564 kB
Node 0 Active(anon):      18912 kB
Node 0 Inactive(anon):      524 kB
Node 0 Active(file):      51252 kB
Node 0 Inactive(file):    78040 kB
Node 0 Unevictable:        5668 kB
Node 0 Mlocked:            5668 kB
Node 0 Dirty:               404 kB
Node 0 Writeback:             0 kB
Node 0 FilePages:        135680 kB
Node 0 Mapped:            40280 kB
Node 0 AnonPages:         18712 kB
Node 0 Shmem:               724 kB
Node 0 KernelStack:        2040 kB
Node 0 PageTables:          708 kB
Node 0 NFS_Unstable:          0 kB
Node 0 Bounce:                0 kB
Node 0 WritebackTmp:          0 kB
Node 0 KReclaimable:      27504 kB
Node 0 Slab:              73456 kB
Node 0 SReclaimable:      27504 kB
Node 0 SUnreclaim:        45952 kB
Node 0 AnonHugePages:         0 kB
Node 0 ShmemHugePages:        0 kB
Node 0 ShmemPmdMapped:        0 kB
Node 0 FileHugePages:        0 kB
Node 0 FilePmdMapped:        0 kB
Node 0 HugePages_Total:     0
Node 0 HugePages_Free:      0
Node 0 HugePages_Surp:      0

Node 1 MemTotal:       24686196 kB
Node 1 MemFree:        22840168 kB
Node 1 MemUsed:         1846028 kB
Node 1 Active:            28332 kB
Node 1 Inactive:         120584 kB
Node 1 Active(anon):      14384 kB
Node 1 Inactive(anon):      440 kB
Node 1 Active(file):      13948 kB
Node 1 Inactive(file):   120144 kB
Node 1 Unevictable:       13088 kB
Node 1 Mlocked:           13088 kB
Node 1 Dirty:                36 kB
Node 1 Writeback:             0 kB
Node 1 FilePages:        137208 kB
Node 1 Mapped:             5720 kB
Node 1 AnonPages:         24716 kB
Node 1 Shmem:               588 kB
Node 1 KernelStack:        2680 kB
Node 1 PageTables:          440 kB
Node 1 NFS_Unstable:          0 kB
Node 1 Bounce:                0 kB
Node 1 WritebackTmp:          0 kB
Node 1 KReclaimable:      17796 kB
Node 1 Slab:              60652 kB
Node 1 SReclaimable:      17796 kB
Node 1 SUnreclaim:        42856 kB
Node 1 AnonHugePages:         0 kB
Node 1 ShmemHugePages:        0 kB
Node 1 ShmemPmdMapped:        0 kB
Node 1 FileHugePages:        0 kB
Node 1 FilePmdMapped:        0 kB
Node 1 HugePages_Total:     0
Node 1 HugePages_Free:      0
Node 1 HugePages_Surp:      0

After Opposite Node
Node 0 MemTotal:       24743736 kB
Node 0 MemFree:        23954664 kB
Node 0 MemUsed:          789072 kB
Node 0 Active:            70380 kB
Node 0 Inactive:          78596 kB
Node 0 Active(anon):      19100 kB
Node 0 Inactive(anon):      560 kB
Node 0 Active(file):      51280 kB
Node 0 Inactive(file):    78036 kB
Node 0 Unevictable:        5668 kB
Node 0 Mlocked:            5668 kB
Node 0 Dirty:               432 kB
Node 0 Writeback:             0 kB
Node 0 FilePages:        135748 kB
Node 0 Mapped:            40324 kB
Node 0 AnonPages:         18756 kB
Node 0 Shmem:               768 kB
Node 0 KernelStack:        2072 kB
Node 0 PageTables:          820 kB
Node 0 NFS_Unstable:          0 kB
Node 0 Bounce:                0 kB
Node 0 WritebackTmp:          0 kB
Node 0 KReclaimable:      27608 kB
Node 0 Slab:              73840 kB
Node 0 SReclaimable:      27608 kB
Node 0 SUnreclaim:        46232 kB
Node 0 AnonHugePages:         0 kB
Node 0 ShmemHugePages:        0 kB
Node 0 ShmemPmdMapped:        0 kB
Node 0 FileHugePages:        0 kB
Node 0 FilePmdMapped:        0 kB
Node 0 HugePages_Total:     0
Node 0 HugePages_Free:      0
Node 0 HugePages_Surp:      0

Node 1 MemTotal:       24686196 kB
Node 1 MemFree:        22839164 kB
Node 1 MemUsed:         1847032 kB
Node 1 Active:            28360 kB
Node 1 Inactive:         120384 kB
Node 1 Active(anon):      14228 kB
Node 1 Inactive(anon):      416 kB
Node 1 Active(file):      14132 kB
Node 1 Inactive(file):   119968 kB
Node 1 Unevictable:       13088 kB
Node 1 Mlocked:           13088 kB
Node 1 Dirty:                36 kB
Node 1 Writeback:             0 kB
Node 1 FilePages:        137172 kB
Node 1 Mapped:             5660 kB
Node 1 AnonPages:         24660 kB
Node 1 Shmem:               544 kB
Node 1 KernelStack:        2664 kB
Node 1 PageTables:          328 kB
Node 1 NFS_Unstable:          0 kB
Node 1 Bounce:                0 kB
Node 1 WritebackTmp:          0 kB
Node 1 KReclaimable:      17796 kB
Node 1 Slab:              60444 kB
Node 1 SReclaimable:      17796 kB
Node 1 SUnreclaim:        42648 kB
Node 1 AnonHugePages:         0 kB
Node 1 ShmemHugePages:        0 kB
Node 1 ShmemPmdMapped:        0 kB
Node 1 FileHugePages:        0 kB
Node 1 FilePmdMapped:        0 kB
Node 1 HugePages_Total:     0
Node 1 HugePages_Free:      0
Node 1 HugePages_Surp:      0

B.1.4Mfio.2-1G.2.O Complete!
