B.1.4Mfio.4G.2.O
Begin
Node 0 MemTotal:       24768352 kB
Node 0 MemFree:        24469652 kB
Node 0 MemUsed:          298700 kB
Node 0 Active:            45616 kB
Node 0 Inactive:          81388 kB
Node 0 Active(anon):      20804 kB
Node 0 Inactive(anon):      448 kB
Node 0 Active(file):      24812 kB
Node 0 Inactive(file):    80940 kB
Node 0 Unevictable:       17764 kB
Node 0 Mlocked:           17764 kB
Node 0 Dirty:               524 kB
Node 0 Writeback:             0 kB
Node 0 FilePages:        113908 kB
Node 0 Mapped:            45688 kB
Node 0 AnonPages:         30900 kB
Node 0 Shmem:               676 kB
Node 0 KernelStack:        2088 kB
Node 0 PageTables:          952 kB
Node 0 NFS_Unstable:          0 kB
Node 0 Bounce:                0 kB
Node 0 WritebackTmp:          0 kB
Node 0 KReclaimable:      25144 kB
Node 0 Slab:              65356 kB
Node 0 SReclaimable:      25144 kB
Node 0 SUnreclaim:        40212 kB
Node 0 AnonHugePages:         0 kB
Node 0 ShmemHugePages:        0 kB
Node 0 ShmemPmdMapped:        0 kB
Node 0 FileHugePages:        0 kB
Node 0 FilePmdMapped:        0 kB
Node 0 HugePages_Total:     0
Node 0 HugePages_Free:      0
Node 0 HugePages_Surp:      0

Node 1 MemTotal:       24661580 kB
Node 1 MemFree:        24318756 kB
Node 1 MemUsed:          342824 kB
Node 1 Active:            50692 kB
Node 1 Inactive:          36116 kB
Node 1 Active(anon):      13260 kB
Node 1 Inactive(anon):      420 kB
Node 1 Active(file):      37432 kB
Node 1 Inactive(file):    35696 kB
Node 1 Unevictable:         756 kB
Node 1 Mlocked:             756 kB
Node 1 Dirty:              3740 kB
Node 1 Writeback:             0 kB
Node 1 FilePages:         74476 kB
Node 1 Mapped:            21300 kB
Node 1 AnonPages:         13144 kB
Node 1 Shmem:               592 kB
Node 1 KernelStack:        1592 kB
Node 1 PageTables:          240 kB
Node 1 NFS_Unstable:          0 kB
Node 1 Bounce:                0 kB
Node 1 WritebackTmp:          0 kB
Node 1 KReclaimable:      17196 kB
Node 1 Slab:              41156 kB
Node 1 SReclaimable:      17196 kB
Node 1 SUnreclaim:        23960 kB
Node 1 AnonHugePages:         0 kB
Node 1 ShmemHugePages:        0 kB
Node 1 ShmemPmdMapped:        0 kB
Node 1 FileHugePages:        0 kB
Node 1 FilePmdMapped:        0 kB
Node 1 HugePages_Total:     0
Node 1 HugePages_Free:      0
Node 1 HugePages_Surp:      0

Load ZFS
Node 0 MemTotal:       24768352 kB
Node 0 MemFree:        24241420 kB
Node 0 MemUsed:          526932 kB
Node 0 Active:            61736 kB
Node 0 Inactive:         155012 kB
Node 0 Active(anon):      35408 kB
Node 0 Inactive(anon):      464 kB
Node 0 Active(file):      26328 kB
Node 0 Inactive(file):   154548 kB
Node 0 Unevictable:       17980 kB
Node 0 Mlocked:           17980 kB
Node 0 Dirty:               236 kB
Node 0 Writeback:             0 kB
Node 0 FilePages:        188928 kB
Node 0 Mapped:            48632 kB
Node 0 AnonPages:         46056 kB
Node 0 Shmem:               616 kB
Node 0 KernelStack:        2516 kB
Node 0 PageTables:         1912 kB
Node 0 NFS_Unstable:          0 kB
Node 0 Bounce:                0 kB
Node 0 WritebackTmp:          0 kB
Node 0 KReclaimable:      26148 kB
Node 0 Slab:              69072 kB
Node 0 SReclaimable:      26148 kB
Node 0 SUnreclaim:        42924 kB
Node 0 AnonHugePages:         0 kB
Node 0 ShmemHugePages:        0 kB
Node 0 ShmemPmdMapped:        0 kB
Node 0 FileHugePages:        0 kB
Node 0 FilePmdMapped:        0 kB
Node 0 HugePages_Total:     0
Node 0 HugePages_Free:      0
Node 0 HugePages_Surp:      0

Node 1 MemTotal:       24661580 kB
Node 1 MemFree:        24403464 kB
Node 1 MemUsed:          258116 kB
Node 1 Active:            63872 kB
Node 1 Inactive:          65764 kB
Node 1 Active(anon):      25352 kB
Node 1 Inactive(anon):      480 kB
Node 1 Active(file):      38520 kB
Node 1 Inactive(file):    65284 kB
Node 1 Unevictable:         756 kB
Node 1 Mlocked:             756 kB
Node 1 Dirty:               196 kB
Node 1 Writeback:             0 kB
Node 1 FilePages:        105212 kB
Node 1 Mapped:            22336 kB
Node 1 AnonPages:         25328 kB
Node 1 Shmem:               652 kB
Node 1 KernelStack:        1844 kB
Node 1 PageTables:          744 kB
Node 1 NFS_Unstable:          0 kB
Node 1 Bounce:                0 kB
Node 1 WritebackTmp:          0 kB
Node 1 KReclaimable:      17960 kB
Node 1 Slab:              43644 kB
Node 1 SReclaimable:      17960 kB
Node 1 SUnreclaim:        25684 kB
Node 1 AnonHugePages:         0 kB
Node 1 ShmemHugePages:        0 kB
Node 1 ShmemPmdMapped:        0 kB
Node 1 FileHugePages:        0 kB
Node 1 FilePmdMapped:        0 kB
Node 1 HugePages_Total:     0
Node 1 HugePages_Free:      0
Node 1 HugePages_Surp:      0

Import tank ZPool
Node 0 MemTotal:       24768352 kB
Node 0 MemFree:        24251360 kB
Node 0 MemUsed:          516992 kB
Node 0 Active:            47796 kB
Node 0 Inactive:         155732 kB
Node 0 Active(anon):      20684 kB
Node 0 Inactive(anon):      468 kB
Node 0 Active(file):      27112 kB
Node 0 Inactive(file):   155264 kB
Node 0 Unevictable:       17996 kB
Node 0 Mlocked:           17996 kB
Node 0 Dirty:               188 kB
Node 0 Writeback:             0 kB
Node 0 FilePages:        190432 kB
Node 0 Mapped:            45884 kB
Node 0 AnonPages:         31552 kB
Node 0 Shmem:               620 kB
Node 0 KernelStack:        2232 kB
Node 0 PageTables:         1228 kB
Node 0 NFS_Unstable:          0 kB
Node 0 Bounce:                0 kB
Node 0 WritebackTmp:          0 kB
Node 0 KReclaimable:      26272 kB
Node 0 Slab:              73932 kB
Node 0 SReclaimable:      26272 kB
Node 0 SUnreclaim:        47660 kB
Node 0 AnonHugePages:         0 kB
Node 0 ShmemHugePages:        0 kB
Node 0 ShmemPmdMapped:        0 kB
Node 0 FileHugePages:        0 kB
Node 0 FilePmdMapped:        0 kB
Node 0 HugePages_Total:     0
Node 0 HugePages_Free:      0
Node 0 HugePages_Surp:      0

Node 1 MemTotal:       24661580 kB
Node 1 MemFree:        24399060 kB
Node 1 MemUsed:          262520 kB
Node 1 Active:            51788 kB
Node 1 Inactive:          65632 kB
Node 1 Active(anon):      13128 kB
Node 1 Inactive(anon):      480 kB
Node 1 Active(file):      38660 kB
Node 1 Inactive(file):    65152 kB
Node 1 Unevictable:         756 kB
Node 1 Mlocked:             756 kB
Node 1 Dirty:               272 kB
Node 1 Writeback:             0 kB
Node 1 FilePages:        105216 kB
Node 1 Mapped:            21324 kB
Node 1 AnonPages:         13268 kB
Node 1 Shmem:               648 kB
Node 1 KernelStack:        2728 kB
Node 1 PageTables:          484 kB
Node 1 NFS_Unstable:          0 kB
Node 1 Bounce:                0 kB
Node 1 WritebackTmp:          0 kB
Node 1 KReclaimable:      17996 kB
Node 1 Slab:              45824 kB
Node 1 SReclaimable:      17996 kB
Node 1 SUnreclaim:        27828 kB
Node 1 AnonHugePages:         0 kB
Node 1 ShmemHugePages:        0 kB
Node 1 ShmemPmdMapped:        0 kB
Node 1 FileHugePages:        0 kB
Node 1 FilePmdMapped:        0 kB
Node 1 HugePages_Total:     0
Node 1 HugePages_Free:      0
Node 1 HugePages_Surp:      0

After Test
Node 0 MemTotal:       24768352 kB
Node 0 MemFree:        19888468 kB
Node 0 MemUsed:         4879884 kB
Node 0 Active:            47464 kB
Node 0 Inactive:         155520 kB
Node 0 Active(anon):      20056 kB
Node 0 Inactive(anon):      464 kB
Node 0 Active(file):      27408 kB
Node 0 Inactive(file):   155056 kB
Node 0 Unevictable:       17996 kB
Node 0 Mlocked:           17996 kB
Node 0 Dirty:                56 kB
Node 0 Writeback:             0 kB
Node 0 FilePages:        190520 kB
Node 0 Mapped:            45672 kB
Node 0 AnonPages:         30456 kB
Node 0 Shmem:               620 kB
Node 0 KernelStack:        2024 kB
Node 0 PageTables:          880 kB
Node 0 NFS_Unstable:          0 kB
Node 0 Bounce:                0 kB
Node 0 WritebackTmp:          0 kB
Node 0 KReclaimable:      26476 kB
Node 0 Slab:              76452 kB
Node 0 SReclaimable:      26476 kB
Node 0 SUnreclaim:        49976 kB
Node 0 AnonHugePages:         0 kB
Node 0 ShmemHugePages:        0 kB
Node 0 ShmemPmdMapped:        0 kB
Node 0 FileHugePages:        0 kB
Node 0 FilePmdMapped:        0 kB
Node 0 HugePages_Total:     0
Node 0 HugePages_Free:      0
Node 0 HugePages_Surp:      0

Node 1 MemTotal:       24661580 kB
Node 1 MemFree:        23726200 kB
Node 1 MemUsed:          935380 kB
Node 1 Active:            52692 kB
Node 1 Inactive:          66852 kB
Node 1 Active(anon):      13204 kB
Node 1 Inactive(anon):      512 kB
Node 1 Active(file):      39488 kB
Node 1 Inactive(file):    66340 kB
Node 1 Unevictable:         756 kB
Node 1 Mlocked:             756 kB
Node 1 Dirty:                16 kB
Node 1 Writeback:             0 kB
Node 1 FilePages:        107276 kB
Node 1 Mapped:            21548 kB
Node 1 AnonPages:         12884 kB
Node 1 Shmem:               692 kB
Node 1 KernelStack:        2632 kB
Node 1 PageTables:          352 kB
Node 1 NFS_Unstable:          0 kB
Node 1 Bounce:                0 kB
Node 1 WritebackTmp:          0 kB
Node 1 KReclaimable:      19344 kB
Node 1 Slab:              65600 kB
Node 1 SReclaimable:      19344 kB
Node 1 SUnreclaim:        46256 kB
Node 1 AnonHugePages:         0 kB
Node 1 ShmemHugePages:        0 kB
Node 1 ShmemPmdMapped:        0 kB
Node 1 FileHugePages:        0 kB
Node 1 FilePmdMapped:        0 kB
Node 1 HugePages_Total:     0
Node 1 HugePages_Free:      0
Node 1 HugePages_Surp:      0

After Opposite Node
Node 0 MemTotal:       24768352 kB
Node 0 MemFree:        19887292 kB
Node 0 MemUsed:         4881060 kB
Node 0 Active:            47768 kB
Node 0 Inactive:         155560 kB
Node 0 Active(anon):      20332 kB
Node 0 Inactive(anon):      508 kB
Node 0 Active(file):      27436 kB
Node 0 Inactive(file):   155052 kB
Node 0 Unevictable:       17996 kB
Node 0 Mlocked:           17996 kB
Node 0 Dirty:                92 kB
Node 0 Writeback:             0 kB
Node 0 FilePages:        190596 kB
Node 0 Mapped:            45716 kB
Node 0 AnonPages:         30764 kB
Node 0 Shmem:               664 kB
Node 0 KernelStack:        2040 kB
Node 0 PageTables:         1064 kB
Node 0 NFS_Unstable:          0 kB
Node 0 Bounce:                0 kB
Node 0 WritebackTmp:          0 kB
Node 0 KReclaimable:      26544 kB
Node 0 Slab:              77228 kB
Node 0 SReclaimable:      26544 kB
Node 0 SUnreclaim:        50684 kB
Node 0 AnonHugePages:         0 kB
Node 0 ShmemHugePages:        0 kB
Node 0 ShmemPmdMapped:        0 kB
Node 0 FileHugePages:        0 kB
Node 0 FilePmdMapped:        0 kB
Node 0 HugePages_Total:     0
Node 0 HugePages_Free:      0
Node 0 HugePages_Surp:      0

Node 1 MemTotal:       24661580 kB
Node 1 MemFree:        23728696 kB
Node 1 MemUsed:          932884 kB
Node 1 Active:            52688 kB
Node 1 Inactive:          66640 kB
Node 1 Active(anon):      12992 kB
Node 1 Inactive(anon):      476 kB
Node 1 Active(file):      39696 kB
Node 1 Inactive(file):    66164 kB
Node 1 Unevictable:         756 kB
Node 1 Mlocked:             756 kB
Node 1 Dirty:                52 kB
Node 1 Writeback:             0 kB
Node 1 FilePages:        107264 kB
Node 1 Mapped:            21524 kB
Node 1 AnonPages:         12820 kB
Node 1 Shmem:               648 kB
Node 1 KernelStack:        2696 kB
Node 1 PageTables:          240 kB
Node 1 NFS_Unstable:          0 kB
Node 1 Bounce:                0 kB
Node 1 WritebackTmp:          0 kB
Node 1 KReclaimable:      19344 kB
Node 1 Slab:              65192 kB
Node 1 SReclaimable:      19344 kB
Node 1 SUnreclaim:        45848 kB
Node 1 AnonHugePages:         0 kB
Node 1 ShmemHugePages:        0 kB
Node 1 ShmemPmdMapped:        0 kB
Node 1 FileHugePages:        0 kB
Node 1 FilePmdMapped:        0 kB
Node 1 HugePages_Total:     0
Node 1 HugePages_Free:      0
Node 1 HugePages_Surp:      0

B.1.4Mfio.4G.2.O Complete!
