B.1.8Mfio.2G.3.O
Begin
Node 0 MemTotal:       24768352 kB
Node 0 MemFree:        24362376 kB
Node 0 MemUsed:          405976 kB
Node 0 Active:            64684 kB
Node 0 Inactive:          63788 kB
Node 0 Active(anon):      19652 kB
Node 0 Inactive(anon):      492 kB
Node 0 Active(file):      45032 kB
Node 0 Inactive(file):    63296 kB
Node 0 Unevictable:        5600 kB
Node 0 Mlocked:            5600 kB
Node 0 Dirty:                44 kB
Node 0 Writeback:             0 kB
Node 0 FilePages:        114584 kB
Node 0 Mapped:            24180 kB
Node 0 AnonPages:         19508 kB
Node 0 Shmem:               660 kB
Node 0 KernelStack:        2296 kB
Node 0 PageTables:          464 kB
Node 0 NFS_Unstable:          0 kB
Node 0 Bounce:                0 kB
Node 0 WritebackTmp:          0 kB
Node 0 KReclaimable:      18564 kB
Node 0 Slab:              49524 kB
Node 0 SReclaimable:      18564 kB
Node 0 SUnreclaim:        30960 kB
Node 0 AnonHugePages:         0 kB
Node 0 ShmemHugePages:        0 kB
Node 0 ShmemPmdMapped:        0 kB
Node 0 FileHugePages:        0 kB
Node 0 FilePmdMapped:        0 kB
Node 0 HugePages_Total:     0
Node 0 HugePages_Free:      0
Node 0 HugePages_Surp:      0

Node 1 MemTotal:       24661580 kB
Node 1 MemFree:        24424096 kB
Node 1 MemUsed:          237484 kB
Node 1 Active:            31604 kB
Node 1 Inactive:          59716 kB
Node 1 Active(anon):      14028 kB
Node 1 Inactive(anon):      388 kB
Node 1 Active(file):      17576 kB
Node 1 Inactive(file):    59328 kB
Node 1 Unevictable:       12924 kB
Node 1 Mlocked:           12924 kB
Node 1 Dirty:               148 kB
Node 1 Writeback:             0 kB
Node 1 FilePages:         80272 kB
Node 1 Mapped:            47500 kB
Node 1 AnonPages:         24196 kB
Node 1 Shmem:               608 kB
Node 1 KernelStack:        1336 kB
Node 1 PageTables:          676 kB
Node 1 NFS_Unstable:          0 kB
Node 1 Bounce:                0 kB
Node 1 WritebackTmp:          0 kB
Node 1 KReclaimable:      22508 kB
Node 1 Slab:              55232 kB
Node 1 SReclaimable:      22508 kB
Node 1 SUnreclaim:        32724 kB
Node 1 AnonHugePages:         0 kB
Node 1 ShmemHugePages:        0 kB
Node 1 ShmemPmdMapped:        0 kB
Node 1 FileHugePages:        0 kB
Node 1 FilePmdMapped:        0 kB
Node 1 HugePages_Total:     0
Node 1 HugePages_Free:      0
Node 1 HugePages_Surp:      0

Load ZFS
Node 0 MemTotal:       24768352 kB
Node 0 MemFree:        24270220 kB
Node 0 MemUsed:          498132 kB
Node 0 Active:            76936 kB
Node 0 Inactive:         137096 kB
Node 0 Active(anon):      30568 kB
Node 0 Inactive(anon):      452 kB
Node 0 Active(file):      46368 kB
Node 0 Inactive(file):   136644 kB
Node 0 Unevictable:        5600 kB
Node 0 Mlocked:            5600 kB
Node 0 Dirty:                56 kB
Node 0 Writeback:             0 kB
Node 0 FilePages:        189192 kB
Node 0 Mapped:            26456 kB
Node 0 AnonPages:         30148 kB
Node 0 Shmem:               584 kB
Node 0 KernelStack:        2544 kB
Node 0 PageTables:         1332 kB
Node 0 NFS_Unstable:          0 kB
Node 0 Bounce:                0 kB
Node 0 WritebackTmp:          0 kB
Node 0 KReclaimable:      19568 kB
Node 0 Slab:              54204 kB
Node 0 SReclaimable:      19568 kB
Node 0 SUnreclaim:        34636 kB
Node 0 AnonHugePages:         0 kB
Node 0 ShmemHugePages:        0 kB
Node 0 ShmemPmdMapped:        0 kB
Node 0 FileHugePages:        0 kB
Node 0 FilePmdMapped:        0 kB
Node 0 HugePages_Total:     0
Node 0 HugePages_Free:      0
Node 0 HugePages_Surp:      0

Node 1 MemTotal:       24661580 kB
Node 1 MemFree:        24372048 kB
Node 1 MemUsed:          289532 kB
Node 1 Active:            46976 kB
Node 1 Inactive:          89944 kB
Node 1 Active(anon):      28176 kB
Node 1 Inactive(anon):      496 kB
Node 1 Active(file):      18800 kB
Node 1 Inactive(file):    89448 kB
Node 1 Unevictable:       13136 kB
Node 1 Mlocked:           13136 kB
Node 1 Dirty:               452 kB
Node 1 Writeback:             0 kB
Node 1 FilePages:        111528 kB
Node 1 Mapped:            49404 kB
Node 1 AnonPages:         38244 kB
Node 1 Shmem:               684 kB
Node 1 KernelStack:        1644 kB
Node 1 PageTables:         1552 kB
Node 1 NFS_Unstable:          0 kB
Node 1 Bounce:                0 kB
Node 1 WritebackTmp:          0 kB
Node 1 KReclaimable:      23148 kB
Node 1 Slab:              57672 kB
Node 1 SReclaimable:      23148 kB
Node 1 SUnreclaim:        34524 kB
Node 1 AnonHugePages:         0 kB
Node 1 ShmemHugePages:        0 kB
Node 1 ShmemPmdMapped:        0 kB
Node 1 FileHugePages:        0 kB
Node 1 FilePmdMapped:        0 kB
Node 1 HugePages_Total:     0
Node 1 HugePages_Free:      0
Node 1 HugePages_Surp:      0

Import tank ZPool
Node 0 MemTotal:       24768352 kB
Node 0 MemFree:        24266336 kB
Node 0 MemUsed:          502016 kB
Node 0 Active:            65804 kB
Node 0 Inactive:         137028 kB
Node 0 Active(anon):      19308 kB
Node 0 Inactive(anon):      448 kB
Node 0 Active(file):      46496 kB
Node 0 Inactive(file):   136580 kB
Node 0 Unevictable:        5600 kB
Node 0 Mlocked:            5600 kB
Node 0 Dirty:                20 kB
Node 0 Writeback:             0 kB
Node 0 FilePages:        189268 kB
Node 0 Mapped:            24628 kB
Node 0 AnonPages:         19176 kB
Node 0 Shmem:               580 kB
Node 0 KernelStack:        3368 kB
Node 0 PageTables:          432 kB
Node 0 NFS_Unstable:          0 kB
Node 0 Bounce:                0 kB
Node 0 WritebackTmp:          0 kB
Node 0 KReclaimable:      19584 kB
Node 0 Slab:              56144 kB
Node 0 SReclaimable:      19584 kB
Node 0 SUnreclaim:        36560 kB
Node 0 AnonHugePages:         0 kB
Node 0 ShmemHugePages:        0 kB
Node 0 ShmemPmdMapped:        0 kB
Node 0 FileHugePages:        0 kB
Node 0 FilePmdMapped:        0 kB
Node 0 HugePages_Total:     0
Node 0 HugePages_Free:      0
Node 0 HugePages_Surp:      0

Node 1 MemTotal:       24661580 kB
Node 1 MemFree:        24379804 kB
Node 1 MemUsed:          281776 kB
Node 1 Active:            34260 kB
Node 1 Inactive:          90464 kB
Node 1 Active(anon):      14500 kB
Node 1 Inactive(anon):      504 kB
Node 1 Active(file):      19760 kB
Node 1 Inactive(file):    89960 kB
Node 1 Unevictable:       13152 kB
Node 1 Mlocked:           13152 kB
Node 1 Dirty:               116 kB
Node 1 Writeback:             0 kB
Node 1 FilePages:        113076 kB
Node 1 Mapped:            47772 kB
Node 1 AnonPages:         25084 kB
Node 1 Shmem:               688 kB
Node 1 KernelStack:        1416 kB
Node 1 PageTables:          884 kB
Node 1 NFS_Unstable:          0 kB
Node 1 Bounce:                0 kB
Node 1 WritebackTmp:          0 kB
Node 1 KReclaimable:      23272 kB
Node 1 Slab:              62704 kB
Node 1 SReclaimable:      23272 kB
Node 1 SUnreclaim:        39432 kB
Node 1 AnonHugePages:         0 kB
Node 1 ShmemHugePages:        0 kB
Node 1 ShmemPmdMapped:        0 kB
Node 1 FileHugePages:        0 kB
Node 1 FilePmdMapped:        0 kB
Node 1 HugePages_Total:     0
Node 1 HugePages_Free:      0
Node 1 HugePages_Surp:      0

After Test
Node 0 MemTotal:       24768352 kB
Node 0 MemFree:        23801456 kB
Node 0 MemUsed:          966896 kB
Node 0 Active:            65628 kB
Node 0 Inactive:         136972 kB
Node 0 Active(anon):      19060 kB
Node 0 Inactive(anon):      448 kB
Node 0 Active(file):      46568 kB
Node 0 Inactive(file):   136524 kB
Node 0 Unevictable:        5600 kB
Node 0 Mlocked:            5600 kB
Node 0 Dirty:                12 kB
Node 0 Writeback:             0 kB
Node 0 FilePages:        189268 kB
Node 0 Mapped:            24388 kB
Node 0 AnonPages:         18928 kB
Node 0 Shmem:               580 kB
Node 0 KernelStack:        3224 kB
Node 0 PageTables:          432 kB
Node 0 NFS_Unstable:          0 kB
Node 0 Bounce:                0 kB
Node 0 WritebackTmp:          0 kB
Node 0 KReclaimable:      19584 kB
Node 0 Slab:              57928 kB
Node 0 SReclaimable:      19584 kB
Node 0 SUnreclaim:        38344 kB
Node 0 AnonHugePages:         0 kB
Node 0 ShmemHugePages:        0 kB
Node 0 ShmemPmdMapped:        0 kB
Node 0 FileHugePages:        0 kB
Node 0 FilePmdMapped:        0 kB
Node 0 HugePages_Total:     0
Node 0 HugePages_Free:      0
Node 0 HugePages_Surp:      0

Node 1 MemTotal:       24661580 kB
Node 1 MemFree:        21917152 kB
Node 1 MemUsed:         2744428 kB
Node 1 Active:            35400 kB
Node 1 Inactive:          91384 kB
Node 1 Active(anon):      14444 kB
Node 1 Inactive(anon):      520 kB
Node 1 Active(file):      20956 kB
Node 1 Inactive(file):    90864 kB
Node 1 Unevictable:       13152 kB
Node 1 Mlocked:           13152 kB
Node 1 Dirty:                12 kB
Node 1 Writeback:             0 kB
Node 1 FilePages:        115148 kB
Node 1 Mapped:            47800 kB
Node 1 AnonPages:         24704 kB
Node 1 Shmem:               732 kB
Node 1 KernelStack:        1416 kB
Node 1 PageTables:          788 kB
Node 1 NFS_Unstable:          0 kB
Node 1 Bounce:                0 kB
Node 1 WritebackTmp:          0 kB
Node 1 KReclaimable:      24552 kB
Node 1 Slab:              76048 kB
Node 1 SReclaimable:      24552 kB
Node 1 SUnreclaim:        51496 kB
Node 1 AnonHugePages:         0 kB
Node 1 ShmemHugePages:        0 kB
Node 1 ShmemPmdMapped:        0 kB
Node 1 FileHugePages:        0 kB
Node 1 FilePmdMapped:        0 kB
Node 1 HugePages_Total:     0
Node 1 HugePages_Free:      0
Node 1 HugePages_Surp:      0

After Opposite Node
Node 0 MemTotal:       24768352 kB
Node 0 MemFree:        23801412 kB
Node 0 MemUsed:          966940 kB
Node 0 Active:            65828 kB
Node 0 Inactive:         137016 kB
Node 0 Active(anon):      19256 kB
Node 0 Inactive(anon):      484 kB
Node 0 Active(file):      46572 kB
Node 0 Inactive(file):   136532 kB
Node 0 Unevictable:        5600 kB
Node 0 Mlocked:            5600 kB
Node 0 Dirty:                16 kB
Node 0 Writeback:             0 kB
Node 0 FilePages:        189324 kB
Node 0 Mapped:            24432 kB
Node 0 AnonPages:         18980 kB
Node 0 Shmem:               624 kB
Node 0 KernelStack:        3256 kB
Node 0 PageTables:          544 kB
Node 0 NFS_Unstable:          0 kB
Node 0 Bounce:                0 kB
Node 0 WritebackTmp:          0 kB
Node 0 KReclaimable:      19648 kB
Node 0 Slab:              58208 kB
Node 0 SReclaimable:      19648 kB
Node 0 SUnreclaim:        38560 kB
Node 0 AnonHugePages:         0 kB
Node 0 ShmemHugePages:        0 kB
Node 0 ShmemPmdMapped:        0 kB
Node 0 FileHugePages:        0 kB
Node 0 FilePmdMapped:        0 kB
Node 0 HugePages_Total:     0
Node 0 HugePages_Free:      0
Node 0 HugePages_Surp:      0

Node 1 MemTotal:       24661580 kB
Node 1 MemFree:        21917240 kB
Node 1 MemUsed:         2744340 kB
Node 1 Active:            35424 kB
Node 1 Inactive:          91204 kB
Node 1 Active(anon):      14292 kB
Node 1 Inactive(anon):      496 kB
Node 1 Active(file):      21132 kB
Node 1 Inactive(file):    90708 kB
Node 1 Unevictable:       13152 kB
Node 1 Mlocked:           13152 kB
Node 1 Dirty:               100 kB
Node 1 Writeback:             0 kB
Node 1 FilePages:        115124 kB
Node 1 Mapped:            47744 kB
Node 1 AnonPages:         24656 kB
Node 1 Shmem:               688 kB
Node 1 KernelStack:        1352 kB
Node 1 PageTables:          672 kB
Node 1 NFS_Unstable:          0 kB
Node 1 Bounce:                0 kB
Node 1 WritebackTmp:          0 kB
Node 1 KReclaimable:      24552 kB
Node 1 Slab:              76052 kB
Node 1 SReclaimable:      24552 kB
Node 1 SUnreclaim:        51500 kB
Node 1 AnonHugePages:         0 kB
Node 1 ShmemHugePages:        0 kB
Node 1 ShmemPmdMapped:        0 kB
Node 1 FileHugePages:        0 kB
Node 1 FilePmdMapped:        0 kB
Node 1 HugePages_Total:     0
Node 1 HugePages_Free:      0
Node 1 HugePages_Surp:      0

B.1.8Mfio.2G.3.O Complete!
