B.1.2Mfio.2-1G.2.O
Begin
Node 0 MemTotal:       24768352 kB
Node 0 MemFree:        24377232 kB
Node 0 MemUsed:          391120 kB
Node 0 Active:            70572 kB
Node 0 Inactive:          48920 kB
Node 0 Active(anon):      23920 kB
Node 0 Inactive(anon):      516 kB
Node 0 Active(file):      46652 kB
Node 0 Inactive(file):    48404 kB
Node 0 Unevictable:        5816 kB
Node 0 Mlocked:            5816 kB
Node 0 Dirty:               324 kB
Node 0 Writeback:             0 kB
Node 0 FilePages:        101628 kB
Node 0 Mapped:            28552 kB
Node 0 AnonPages:         23804 kB
Node 0 Shmem:               760 kB
Node 0 KernelStack:        2376 kB
Node 0 PageTables:          756 kB
Node 0 NFS_Unstable:          0 kB
Node 0 Bounce:                0 kB
Node 0 WritebackTmp:          0 kB
Node 0 KReclaimable:      17740 kB
Node 0 Slab:              53460 kB
Node 0 SReclaimable:      17740 kB
Node 0 SUnreclaim:        35720 kB
Node 0 AnonHugePages:         0 kB
Node 0 ShmemHugePages:        0 kB
Node 0 ShmemPmdMapped:        0 kB
Node 0 FileHugePages:        0 kB
Node 0 FilePmdMapped:        0 kB
Node 0 HugePages_Total:     0
Node 0 HugePages_Free:      0
Node 0 HugePages_Surp:      0

Node 1 MemTotal:       24661580 kB
Node 1 MemFree:        24449716 kB
Node 1 MemUsed:          211864 kB
Node 1 Active:            23892 kB
Node 1 Inactive:          31620 kB
Node 1 Active(anon):       9996 kB
Node 1 Inactive(anon):      360 kB
Node 1 Active(file):      13896 kB
Node 1 Inactive(file):    31260 kB
Node 1 Unevictable:       12704 kB
Node 1 Mlocked:           12704 kB
Node 1 Dirty:               120 kB
Node 1 Writeback:             0 kB
Node 1 FilePages:         48060 kB
Node 1 Mapped:            13360 kB
Node 1 AnonPages:         20252 kB
Node 1 Shmem:               508 kB
Node 1 KernelStack:        1240 kB
Node 1 PageTables:          332 kB
Node 1 NFS_Unstable:          0 kB
Node 1 Bounce:                0 kB
Node 1 WritebackTmp:          0 kB
Node 1 KReclaimable:      24208 kB
Node 1 Slab:              53088 kB
Node 1 SReclaimable:      24208 kB
Node 1 SUnreclaim:        28880 kB
Node 1 AnonHugePages:         0 kB
Node 1 ShmemHugePages:        0 kB
Node 1 ShmemPmdMapped:        0 kB
Node 1 FileHugePages:        0 kB
Node 1 FilePmdMapped:        0 kB
Node 1 HugePages_Total:     0
Node 1 HugePages_Free:      0
Node 1 HugePages_Surp:      0

Load ZFS
Node 0 MemTotal:       24768352 kB
Node 0 MemFree:        24413792 kB
Node 0 MemUsed:          354560 kB
Node 0 Active:            80920 kB
Node 0 Inactive:         126352 kB
Node 0 Active(anon):      33204 kB
Node 0 Inactive(anon):      440 kB
Node 0 Active(file):      47716 kB
Node 0 Inactive(file):   125912 kB
Node 0 Unevictable:        5816 kB
Node 0 Mlocked:            5816 kB
Node 0 Dirty:               104 kB
Node 0 Writeback:             0 kB
Node 0 FilePages:        180052 kB
Node 0 Mapped:            31568 kB
Node 0 AnonPages:         32888 kB
Node 0 Shmem:               612 kB
Node 0 KernelStack:        2664 kB
Node 0 PageTables:         1384 kB
Node 0 NFS_Unstable:          0 kB
Node 0 Bounce:                0 kB
Node 0 WritebackTmp:          0 kB
Node 0 KReclaimable:      18564 kB
Node 0 Slab:              56620 kB
Node 0 SReclaimable:      18564 kB
Node 0 SUnreclaim:        38056 kB
Node 0 AnonHugePages:         0 kB
Node 0 ShmemHugePages:        0 kB
Node 0 ShmemPmdMapped:        0 kB
Node 0 FileHugePages:        0 kB
Node 0 FilePmdMapped:        0 kB
Node 0 HugePages_Total:     0
Node 0 HugePages_Free:      0
Node 0 HugePages_Surp:      0

Node 1 MemTotal:       24661580 kB
Node 1 MemFree:        24269900 kB
Node 1 MemUsed:          391680 kB
Node 1 Active:            39840 kB
Node 1 Inactive:          57604 kB
Node 1 Active(anon):      24560 kB
Node 1 Inactive(anon):      508 kB
Node 1 Active(file):      15280 kB
Node 1 Inactive(file):    57096 kB
Node 1 Unevictable:       12936 kB
Node 1 Mlocked:           12936 kB
Node 1 Dirty:               420 kB
Node 1 Writeback:             0 kB
Node 1 FilePages:         75412 kB
Node 1 Mapped:            14212 kB
Node 1 AnonPages:         34788 kB
Node 1 Shmem:               656 kB
Node 1 KernelStack:        1564 kB
Node 1 PageTables:         1468 kB
Node 1 NFS_Unstable:          0 kB
Node 1 Bounce:                0 kB
Node 1 WritebackTmp:          0 kB
Node 1 KReclaimable:      24960 kB
Node 1 Slab:              56876 kB
Node 1 SReclaimable:      24960 kB
Node 1 SUnreclaim:        31916 kB
Node 1 AnonHugePages:         0 kB
Node 1 ShmemHugePages:        0 kB
Node 1 ShmemPmdMapped:        0 kB
Node 1 FileHugePages:        0 kB
Node 1 FilePmdMapped:        0 kB
Node 1 HugePages_Total:     0
Node 1 HugePages_Free:      0
Node 1 HugePages_Surp:      0

Import tank ZPool
Node 0 MemTotal:       24768352 kB
Node 0 MemFree:        24404280 kB
Node 0 MemUsed:          364072 kB
Node 0 Active:            80888 kB
Node 0 Inactive:         126348 kB
Node 0 Active(anon):      33172 kB
Node 0 Inactive(anon):      436 kB
Node 0 Active(file):      47716 kB
Node 0 Inactive(file):   125912 kB
Node 0 Unevictable:        5816 kB
Node 0 Mlocked:            5816 kB
Node 0 Dirty:                96 kB
Node 0 Writeback:             0 kB
Node 0 FilePages:        180048 kB
Node 0 Mapped:            31380 kB
Node 0 AnonPages:         33000 kB
Node 0 Shmem:               608 kB
Node 0 KernelStack:        3752 kB
Node 0 PageTables:         1384 kB
Node 0 NFS_Unstable:          0 kB
Node 0 Bounce:                0 kB
Node 0 WritebackTmp:          0 kB
Node 0 KReclaimable:      18564 kB
Node 0 Slab:              58708 kB
Node 0 SReclaimable:      18564 kB
Node 0 SUnreclaim:        40144 kB
Node 0 AnonHugePages:         0 kB
Node 0 ShmemHugePages:        0 kB
Node 0 ShmemPmdMapped:        0 kB
Node 0 FileHugePages:        0 kB
Node 0 FilePmdMapped:        0 kB
Node 0 HugePages_Total:     0
Node 0 HugePages_Free:      0
Node 0 HugePages_Surp:      0

Node 1 MemTotal:       24661580 kB
Node 1 MemFree:        24259816 kB
Node 1 MemUsed:          401764 kB
Node 1 Active:            39788 kB
Node 1 Inactive:          58752 kB
Node 1 Active(anon):      24212 kB
Node 1 Inactive(anon):      516 kB
Node 1 Active(file):      15576 kB
Node 1 Inactive(file):    58236 kB
Node 1 Unevictable:       12936 kB
Node 1 Mlocked:           12936 kB
Node 1 Dirty:               388 kB
Node 1 Writeback:             0 kB
Node 1 FilePages:         76872 kB
Node 1 Mapped:            14392 kB
Node 1 AnonPages:         34248 kB
Node 1 Shmem:               660 kB
Node 1 KernelStack:        1448 kB
Node 1 PageTables:         1256 kB
Node 1 NFS_Unstable:          0 kB
Node 1 Bounce:                0 kB
Node 1 WritebackTmp:          0 kB
Node 1 KReclaimable:      25092 kB
Node 1 Slab:              61852 kB
Node 1 SReclaimable:      25092 kB
Node 1 SUnreclaim:        36760 kB
Node 1 AnonHugePages:         0 kB
Node 1 ShmemHugePages:        0 kB
Node 1 ShmemPmdMapped:        0 kB
Node 1 FileHugePages:        0 kB
Node 1 FilePmdMapped:        0 kB
Node 1 HugePages_Total:     0
Node 1 HugePages_Free:      0
Node 1 HugePages_Surp:      0

After Test
Node 0 MemTotal:       24768352 kB
Node 0 MemFree:        24003736 kB
Node 0 MemUsed:          764616 kB
Node 0 Active:            71344 kB
Node 0 Inactive:         126016 kB
Node 0 Active(anon):      23272 kB
Node 0 Inactive(anon):      432 kB
Node 0 Active(file):      48072 kB
Node 0 Inactive(file):   125584 kB
Node 0 Unevictable:        5816 kB
Node 0 Mlocked:            5816 kB
Node 0 Dirty:                48 kB
Node 0 Writeback:             0 kB
Node 0 FilePages:        180076 kB
Node 0 Mapped:            28580 kB
Node 0 AnonPages:         23096 kB
Node 0 Shmem:               608 kB
Node 0 KernelStack:        3448 kB
Node 0 PageTables:          648 kB
Node 0 NFS_Unstable:          0 kB
Node 0 Bounce:                0 kB
Node 0 WritebackTmp:          0 kB
Node 0 KReclaimable:      18564 kB
Node 0 Slab:              60580 kB
Node 0 SReclaimable:      18564 kB
Node 0 SUnreclaim:        42016 kB
Node 0 AnonHugePages:         0 kB
Node 0 ShmemHugePages:        0 kB
Node 0 ShmemPmdMapped:        0 kB
Node 0 FileHugePages:        0 kB
Node 0 FilePmdMapped:        0 kB
Node 0 HugePages_Total:     0
Node 0 HugePages_Free:      0
Node 0 HugePages_Surp:      0

Node 1 MemTotal:       24661580 kB
Node 1 MemFree:        22808168 kB
Node 1 MemUsed:         1853412 kB
Node 1 Active:            27056 kB
Node 1 Inactive:          59456 kB
Node 1 Active(anon):      10020 kB
Node 1 Inactive(anon):      556 kB
Node 1 Active(file):      17036 kB
Node 1 Inactive(file):    58900 kB
Node 1 Unevictable:       12936 kB
Node 1 Mlocked:           12936 kB
Node 1 Dirty:               332 kB
Node 1 Writeback:             0 kB
Node 1 FilePages:         79028 kB
Node 1 Mapped:            13652 kB
Node 1 AnonPages:         20156 kB
Node 1 Shmem:               704 kB
Node 1 KernelStack:        1304 kB
Node 1 PageTables:          512 kB
Node 1 NFS_Unstable:          0 kB
Node 1 Bounce:                0 kB
Node 1 WritebackTmp:          0 kB
Node 1 KReclaimable:      26420 kB
Node 1 Slab:              70220 kB
Node 1 SReclaimable:      26420 kB
Node 1 SUnreclaim:        43800 kB
Node 1 AnonHugePages:         0 kB
Node 1 ShmemHugePages:        0 kB
Node 1 ShmemPmdMapped:        0 kB
Node 1 FileHugePages:        0 kB
Node 1 FilePmdMapped:        0 kB
Node 1 HugePages_Total:     0
Node 1 HugePages_Free:      0
Node 1 HugePages_Surp:      0

After Opposite Node
Node 0 MemTotal:       24768352 kB
Node 0 MemFree:        24003744 kB
Node 0 MemUsed:          764608 kB
Node 0 Active:            71604 kB
Node 0 Inactive:         126068 kB
Node 0 Active(anon):      23528 kB
Node 0 Inactive(anon):      476 kB
Node 0 Active(file):      48076 kB
Node 0 Inactive(file):   125592 kB
Node 0 Unevictable:        5816 kB
Node 0 Mlocked:            5816 kB
Node 0 Dirty:                48 kB
Node 0 Writeback:             0 kB
Node 0 FilePages:        180132 kB
Node 0 Mapped:            28624 kB
Node 0 AnonPages:         23088 kB
Node 0 Shmem:               652 kB
Node 0 KernelStack:        3496 kB
Node 0 PageTables:          828 kB
Node 0 NFS_Unstable:          0 kB
Node 0 Bounce:                0 kB
Node 0 WritebackTmp:          0 kB
Node 0 KReclaimable:      18596 kB
Node 0 Slab:              60728 kB
Node 0 SReclaimable:      18596 kB
Node 0 SUnreclaim:        42132 kB
Node 0 AnonHugePages:         0 kB
Node 0 ShmemHugePages:        0 kB
Node 0 ShmemPmdMapped:        0 kB
Node 0 FileHugePages:        0 kB
Node 0 FilePmdMapped:        0 kB
Node 0 HugePages_Total:     0
Node 0 HugePages_Free:      0
Node 0 HugePages_Surp:      0

Node 1 MemTotal:       24661580 kB
Node 1 MemFree:        22809388 kB
Node 1 MemUsed:         1852192 kB
Node 1 Active:            27112 kB
Node 1 Inactive:          59212 kB
Node 1 Active(anon):       9848 kB
Node 1 Inactive(anon):      512 kB
Node 1 Active(file):      17264 kB
Node 1 Inactive(file):    58700 kB
Node 1 Unevictable:       12936 kB
Node 1 Mlocked:           12936 kB
Node 1 Dirty:               360 kB
Node 1 Writeback:             0 kB
Node 1 FilePages:         79004 kB
Node 1 Mapped:            13640 kB
Node 1 AnonPages:         20256 kB
Node 1 Shmem:               660 kB
Node 1 KernelStack:        1272 kB
Node 1 PageTables:          360 kB
Node 1 NFS_Unstable:          0 kB
Node 1 Bounce:                0 kB
Node 1 WritebackTmp:          0 kB
Node 1 KReclaimable:      26420 kB
Node 1 Slab:              70396 kB
Node 1 SReclaimable:      26420 kB
Node 1 SUnreclaim:        43976 kB
Node 1 AnonHugePages:         0 kB
Node 1 ShmemHugePages:        0 kB
Node 1 ShmemPmdMapped:        0 kB
Node 1 FileHugePages:        0 kB
Node 1 FilePmdMapped:        0 kB
Node 1 HugePages_Total:     0
Node 1 HugePages_Free:      0
Node 1 HugePages_Surp:      0

B.1.2Mfio.2-1G.2.O Complete!
