B.1.8Mfio.2-1G.1.O
Begin
Node 0 MemTotal:       24768352 kB
Node 0 MemFree:        24423732 kB
Node 0 MemUsed:          344620 kB
Node 0 Active:            52536 kB
Node 0 Inactive:          16204 kB
Node 0 Active(anon):      14608 kB
Node 0 Inactive(anon):      492 kB
Node 0 Active(file):      37928 kB
Node 0 Inactive(file):    15712 kB
Node 0 Unevictable:       13264 kB
Node 0 Mlocked:           13264 kB
Node 0 Dirty:               260 kB
Node 0 Writeback:             0 kB
Node 0 FilePages:         57272 kB
Node 0 Mapped:            15364 kB
Node 0 AnonPages:         24780 kB
Node 0 Shmem:               676 kB
Node 0 KernelStack:        2184 kB
Node 0 PageTables:          472 kB
Node 0 NFS_Unstable:          0 kB
Node 0 Bounce:                0 kB
Node 0 WritebackTmp:          0 kB
Node 0 KReclaimable:      17796 kB
Node 0 Slab:              45256 kB
Node 0 SReclaimable:      17796 kB
Node 0 SUnreclaim:        27460 kB
Node 0 AnonHugePages:         0 kB
Node 0 ShmemHugePages:        0 kB
Node 0 ShmemPmdMapped:        0 kB
Node 0 FileHugePages:        0 kB
Node 0 FilePmdMapped:        0 kB
Node 0 HugePages_Total:     0
Node 0 HugePages_Free:      0
Node 0 HugePages_Surp:      0

Node 1 MemTotal:       24661580 kB
Node 1 MemFree:        24363248 kB
Node 1 MemUsed:          298332 kB
Node 1 Active:            43776 kB
Node 1 Inactive:         104464 kB
Node 1 Active(anon):      19712 kB
Node 1 Inactive(anon):      372 kB
Node 1 Active(file):      24064 kB
Node 1 Inactive(file):   104092 kB
Node 1 Unevictable:        5260 kB
Node 1 Mlocked:            5260 kB
Node 1 Dirty:               260 kB
Node 1 Writeback:             0 kB
Node 1 FilePages:        134152 kB
Node 1 Mapped:            53808 kB
Node 1 AnonPages:         19568 kB
Node 1 Shmem:               592 kB
Node 1 KernelStack:        1448 kB
Node 1 PageTables:          696 kB
Node 1 NFS_Unstable:          0 kB
Node 1 Bounce:                0 kB
Node 1 WritebackTmp:          0 kB
Node 1 KReclaimable:      23864 kB
Node 1 Slab:              59636 kB
Node 1 SReclaimable:      23864 kB
Node 1 SUnreclaim:        35772 kB
Node 1 AnonHugePages:         0 kB
Node 1 ShmemHugePages:        0 kB
Node 1 ShmemPmdMapped:        0 kB
Node 1 FileHugePages:        0 kB
Node 1 FilePmdMapped:        0 kB
Node 1 HugePages_Total:     0
Node 1 HugePages_Free:      0
Node 1 HugePages_Surp:      0

Load ZFS
Node 0 MemTotal:       24768352 kB
Node 0 MemFree:        24318920 kB
Node 0 MemUsed:          449432 kB
Node 0 Active:            65152 kB
Node 0 Inactive:          96620 kB
Node 0 Active(anon):      26636 kB
Node 0 Inactive(anon):      476 kB
Node 0 Active(file):      38516 kB
Node 0 Inactive(file):    96144 kB
Node 0 Unevictable:       13476 kB
Node 0 Mlocked:           13476 kB
Node 0 Dirty:                36 kB
Node 0 Writeback:             0 kB
Node 0 FilePages:        138224 kB
Node 0 Mapped:            17796 kB
Node 0 AnonPages:         37064 kB
Node 0 Shmem:               628 kB
Node 0 KernelStack:        2616 kB
Node 0 PageTables:         1780 kB
Node 0 NFS_Unstable:          0 kB
Node 0 Bounce:                0 kB
Node 0 WritebackTmp:          0 kB
Node 0 KReclaimable:      18832 kB
Node 0 Slab:              48948 kB
Node 0 SReclaimable:      18832 kB
Node 0 SUnreclaim:        30116 kB
Node 0 AnonHugePages:         0 kB
Node 0 ShmemHugePages:        0 kB
Node 0 ShmemPmdMapped:        0 kB
Node 0 FileHugePages:        0 kB
Node 0 FilePmdMapped:        0 kB
Node 0 HugePages_Total:     0
Node 0 HugePages_Free:      0
Node 0 HugePages_Surp:      0

Node 1 MemTotal:       24661580 kB
Node 1 MemFree:        24326224 kB
Node 1 MemUsed:          335356 kB
Node 1 Active:            57860 kB
Node 1 Inactive:         127680 kB
Node 1 Active(anon):      31844 kB
Node 1 Inactive(anon):      472 kB
Node 1 Active(file):      26016 kB
Node 1 Inactive(file):   127208 kB
Node 1 Unevictable:        5260 kB
Node 1 Mlocked:            5260 kB
Node 1 Dirty:               604 kB
Node 1 Writeback:             0 kB
Node 1 FilePages:        159120 kB
Node 1 Mapped:            55600 kB
Node 1 AnonPages:         31964 kB
Node 1 Shmem:               640 kB
Node 1 KernelStack:        1588 kB
Node 1 PageTables:          976 kB
Node 1 NFS_Unstable:          0 kB
Node 1 Bounce:                0 kB
Node 1 WritebackTmp:          0 kB
Node 1 KReclaimable:      24704 kB
Node 1 Slab:              63148 kB
Node 1 SReclaimable:      24704 kB
Node 1 SUnreclaim:        38444 kB
Node 1 AnonHugePages:         0 kB
Node 1 ShmemHugePages:        0 kB
Node 1 ShmemPmdMapped:        0 kB
Node 1 FileHugePages:        0 kB
Node 1 FilePmdMapped:        0 kB
Node 1 HugePages_Total:     0
Node 1 HugePages_Free:      0
Node 1 HugePages_Surp:      0

Import tank ZPool
Node 0 MemTotal:       24768352 kB
Node 0 MemFree:        24333268 kB
Node 0 MemUsed:          435084 kB
Node 0 Active:            53484 kB
Node 0 Inactive:          96068 kB
Node 0 Active(anon):      14392 kB
Node 0 Inactive(anon):      476 kB
Node 0 Active(file):      39092 kB
Node 0 Inactive(file):    95592 kB
Node 0 Unevictable:       13492 kB
Node 0 Mlocked:           13492 kB
Node 0 Dirty:                44 kB
Node 0 Writeback:             0 kB
Node 0 FilePages:        138268 kB
Node 0 Mapped:            15412 kB
Node 0 AnonPages:         24792 kB
Node 0 Shmem:               632 kB
Node 0 KernelStack:        2104 kB
Node 0 PageTables:          396 kB
Node 0 NFS_Unstable:          0 kB
Node 0 Bounce:                0 kB
Node 0 WritebackTmp:          0 kB
Node 0 KReclaimable:      18848 kB
Node 0 Slab:              48680 kB
Node 0 SReclaimable:      18848 kB
Node 0 SUnreclaim:        29832 kB
Node 0 AnonHugePages:         0 kB
Node 0 ShmemHugePages:        0 kB
Node 0 ShmemPmdMapped:        0 kB
Node 0 FileHugePages:        0 kB
Node 0 FilePmdMapped:        0 kB
Node 0 HugePages_Total:     0
Node 0 HugePages_Free:      0
Node 0 HugePages_Surp:      0

Node 1 MemTotal:       24661580 kB
Node 1 MemFree:        24321936 kB
Node 1 MemUsed:          339644 kB
Node 1 Active:            45700 kB
Node 1 Inactive:         128832 kB
Node 1 Active(anon):      19304 kB
Node 1 Inactive(anon):      472 kB
Node 1 Active(file):      26396 kB
Node 1 Inactive(file):   128360 kB
Node 1 Unevictable:        5260 kB
Node 1 Mlocked:            5260 kB
Node 1 Dirty:               556 kB
Node 1 Writeback:             0 kB
Node 1 FilePages:        160652 kB
Node 1 Mapped:            54200 kB
Node 1 AnonPages:         18776 kB
Node 1 Shmem:               636 kB
Node 1 KernelStack:        2648 kB
Node 1 PageTables:          824 kB
Node 1 NFS_Unstable:          0 kB
Node 1 Bounce:                0 kB
Node 1 WritebackTmp:          0 kB
Node 1 KReclaimable:      24808 kB
Node 1 Slab:              69116 kB
Node 1 SReclaimable:      24808 kB
Node 1 SUnreclaim:        44308 kB
Node 1 AnonHugePages:         0 kB
Node 1 ShmemHugePages:        0 kB
Node 1 ShmemPmdMapped:        0 kB
Node 1 FileHugePages:        0 kB
Node 1 FilePmdMapped:        0 kB
Node 1 HugePages_Total:     0
Node 1 HugePages_Free:      0
Node 1 HugePages_Surp:      0

After Test
Node 0 MemTotal:       24768352 kB
Node 0 MemFree:        23811644 kB
Node 0 MemUsed:          956708 kB
Node 0 Active:            53476 kB
Node 0 Inactive:          96040 kB
Node 0 Active(anon):      14300 kB
Node 0 Inactive(anon):      468 kB
Node 0 Active(file):      39176 kB
Node 0 Inactive(file):    95572 kB
Node 0 Unevictable:       13492 kB
Node 0 Mlocked:           13492 kB
Node 0 Dirty:                24 kB
Node 0 Writeback:             0 kB
Node 0 FilePages:        138316 kB
Node 0 Mapped:            15412 kB
Node 0 AnonPages:         24692 kB
Node 0 Shmem:               632 kB
Node 0 KernelStack:        1992 kB
Node 0 PageTables:          396 kB
Node 0 NFS_Unstable:          0 kB
Node 0 Bounce:                0 kB
Node 0 WritebackTmp:          0 kB
Node 0 KReclaimable:      18848 kB
Node 0 Slab:              50652 kB
Node 0 SReclaimable:      18848 kB
Node 0 SUnreclaim:        31804 kB
Node 0 AnonHugePages:         0 kB
Node 0 ShmemHugePages:        0 kB
Node 0 ShmemPmdMapped:        0 kB
Node 0 FileHugePages:        0 kB
Node 0 FilePmdMapped:        0 kB
Node 0 HugePages_Total:     0
Node 0 HugePages_Free:      0
Node 0 HugePages_Surp:      0

Node 1 MemTotal:       24661580 kB
Node 1 MemFree:        22962348 kB
Node 1 MemUsed:         1699232 kB
Node 1 Active:            46436 kB
Node 1 Inactive:         129740 kB
Node 1 Active(anon):      18976 kB
Node 1 Inactive(anon):      508 kB
Node 1 Active(file):      27460 kB
Node 1 Inactive(file):   129232 kB
Node 1 Unevictable:        5260 kB
Node 1 Mlocked:            5260 kB
Node 1 Dirty:               472 kB
Node 1 Writeback:             0 kB
Node 1 FilePages:        162628 kB
Node 1 Mapped:            54264 kB
Node 1 AnonPages:         18668 kB
Node 1 Shmem:               680 kB
Node 1 KernelStack:        2728 kB
Node 1 PageTables:          824 kB
Node 1 NFS_Unstable:          0 kB
Node 1 Bounce:                0 kB
Node 1 WritebackTmp:          0 kB
Node 1 KReclaimable:      26140 kB
Node 1 Slab:              78212 kB
Node 1 SReclaimable:      26140 kB
Node 1 SUnreclaim:        52072 kB
Node 1 AnonHugePages:         0 kB
Node 1 ShmemHugePages:        0 kB
Node 1 ShmemPmdMapped:        0 kB
Node 1 FileHugePages:        0 kB
Node 1 FilePmdMapped:        0 kB
Node 1 HugePages_Total:     0
Node 1 HugePages_Free:      0
Node 1 HugePages_Surp:      0

After Opposite Node
Node 0 MemTotal:       24768352 kB
Node 0 MemFree:        23810512 kB
Node 0 MemUsed:          957840 kB
Node 0 Active:            54060 kB
Node 0 Inactive:          96080 kB
Node 0 Active(anon):      14844 kB
Node 0 Inactive(anon):      512 kB
Node 0 Active(file):      39216 kB
Node 0 Inactive(file):    95568 kB
Node 0 Unevictable:       13492 kB
Node 0 Mlocked:           13492 kB
Node 0 Dirty:                36 kB
Node 0 Writeback:             0 kB
Node 0 FilePages:        138396 kB
Node 0 Mapped:            15456 kB
Node 0 AnonPages:         25024 kB
Node 0 Shmem:               676 kB
Node 0 KernelStack:        2040 kB
Node 0 PageTables:          584 kB
Node 0 NFS_Unstable:          0 kB
Node 0 Bounce:                0 kB
Node 0 WritebackTmp:          0 kB
Node 0 KReclaimable:      18968 kB
Node 0 Slab:              50936 kB
Node 0 SReclaimable:      18968 kB
Node 0 SUnreclaim:        31968 kB
Node 0 AnonHugePages:         0 kB
Node 0 ShmemHugePages:        0 kB
Node 0 ShmemPmdMapped:        0 kB
Node 0 FileHugePages:        0 kB
Node 0 FilePmdMapped:        0 kB
Node 0 HugePages_Total:     0
Node 0 HugePages_Free:      0
Node 0 HugePages_Surp:      0

Node 1 MemTotal:       24661580 kB
Node 1 MemFree:        22962736 kB
Node 1 MemUsed:         1698844 kB
Node 1 Active:            46076 kB
Node 1 Inactive:         129564 kB
Node 1 Active(anon):      18464 kB
Node 1 Inactive(anon):      472 kB
Node 1 Active(file):      27612 kB
Node 1 Inactive(file):   129092 kB
Node 1 Unevictable:        5260 kB
Node 1 Mlocked:            5260 kB
Node 1 Dirty:               496 kB
Node 1 Writeback:             0 kB
Node 1 FilePages:        162596 kB
Node 1 Mapped:            54236 kB
Node 1 AnonPages:         18300 kB
Node 1 Shmem:               636 kB
Node 1 KernelStack:        2680 kB
Node 1 PageTables:          704 kB
Node 1 NFS_Unstable:          0 kB
Node 1 Bounce:                0 kB
Node 1 WritebackTmp:          0 kB
Node 1 KReclaimable:      26144 kB
Node 1 Slab:              78168 kB
Node 1 SReclaimable:      26144 kB
Node 1 SUnreclaim:        52024 kB
Node 1 AnonHugePages:         0 kB
Node 1 ShmemHugePages:        0 kB
Node 1 ShmemPmdMapped:        0 kB
Node 1 FileHugePages:        0 kB
Node 1 FilePmdMapped:        0 kB
Node 1 HugePages_Total:     0
Node 1 HugePages_Free:      0
Node 1 HugePages_Surp:      0

B.1.8Mfio.2-1G.1.O Complete!
