B.1.2Mfio.2G.2.O
Begin
Node 0 MemTotal:       24768352 kB
Node 0 MemFree:        24502840 kB
Node 0 MemUsed:          265512 kB
Node 0 Active:            66920 kB
Node 0 Inactive:          43880 kB
Node 0 Active(anon):      22672 kB
Node 0 Inactive(anon):      552 kB
Node 0 Active(file):      44248 kB
Node 0 Inactive(file):    43328 kB
Node 0 Unevictable:       12464 kB
Node 0 Mlocked:           12464 kB
Node 0 Dirty:                20 kB
Node 0 Writeback:             0 kB
Node 0 FilePages:         90608 kB
Node 0 Mapped:            14472 kB
Node 0 AnonPages:         33092 kB
Node 0 Shmem:               748 kB
Node 0 KernelStack:        2088 kB
Node 0 PageTables:          596 kB
Node 0 NFS_Unstable:          0 kB
Node 0 Bounce:                0 kB
Node 0 WritebackTmp:          0 kB
Node 0 KReclaimable:      26628 kB
Node 0 Slab:              60468 kB
Node 0 SReclaimable:      26628 kB
Node 0 SUnreclaim:        33840 kB
Node 0 AnonHugePages:         0 kB
Node 0 ShmemHugePages:        0 kB
Node 0 ShmemPmdMapped:        0 kB
Node 0 FileHugePages:        0 kB
Node 0 FilePmdMapped:        0 kB
Node 0 HugePages_Total:     0
Node 0 HugePages_Free:      0
Node 0 HugePages_Surp:      0

Node 1 MemTotal:       24661580 kB
Node 1 MemFree:        24297072 kB
Node 1 MemUsed:          364508 kB
Node 1 Active:            33816 kB
Node 1 Inactive:          60820 kB
Node 1 Active(anon):      11056 kB
Node 1 Inactive(anon):      316 kB
Node 1 Active(file):      22760 kB
Node 1 Inactive(file):    60504 kB
Node 1 Unevictable:        6056 kB
Node 1 Mlocked:            6056 kB
Node 1 Dirty:                 8 kB
Node 1 Writeback:             0 kB
Node 1 FilePages:         89844 kB
Node 1 Mapped:            23784 kB
Node 1 AnonPages:         10852 kB
Node 1 Shmem:               520 kB
Node 1 KernelStack:        1496 kB
Node 1 PageTables:          376 kB
Node 1 NFS_Unstable:          0 kB
Node 1 Bounce:                0 kB
Node 1 WritebackTmp:          0 kB
Node 1 KReclaimable:      14936 kB
Node 1 Slab:              44916 kB
Node 1 SReclaimable:      14936 kB
Node 1 SUnreclaim:        29980 kB
Node 1 AnonHugePages:         0 kB
Node 1 ShmemHugePages:        0 kB
Node 1 ShmemPmdMapped:        0 kB
Node 1 FileHugePages:        0 kB
Node 1 FilePmdMapped:        0 kB
Node 1 HugePages_Total:     0
Node 1 HugePages_Free:      0
Node 1 HugePages_Surp:      0

Load ZFS
Node 0 MemTotal:       24768352 kB
Node 0 MemFree:        24258920 kB
Node 0 MemUsed:          509432 kB
Node 0 Active:            80240 kB
Node 0 Inactive:         132860 kB
Node 0 Active(anon):      34380 kB
Node 0 Inactive(anon):      384 kB
Node 0 Active(file):      45860 kB
Node 0 Inactive(file):   132476 kB
Node 0 Unevictable:       12696 kB
Node 0 Mlocked:           12696 kB
Node 0 Dirty:               108 kB
Node 0 Writeback:             0 kB
Node 0 FilePages:        180988 kB
Node 0 Mapped:            16632 kB
Node 0 AnonPages:         44752 kB
Node 0 Shmem:               512 kB
Node 0 KernelStack:        2348 kB
Node 0 PageTables:         1528 kB
Node 0 NFS_Unstable:          0 kB
Node 0 Bounce:                0 kB
Node 0 WritebackTmp:          0 kB
Node 0 KReclaimable:      27740 kB
Node 0 Slab:              64836 kB
Node 0 SReclaimable:      27740 kB
Node 0 SUnreclaim:        37096 kB
Node 0 AnonHugePages:         0 kB
Node 0 ShmemHugePages:        0 kB
Node 0 ShmemPmdMapped:        0 kB
Node 0 FileHugePages:        0 kB
Node 0 FilePmdMapped:        0 kB
Node 0 HugePages_Total:     0
Node 0 HugePages_Free:      0
Node 0 HugePages_Surp:      0

Node 1 MemTotal:       24661580 kB
Node 1 MemFree:        24399716 kB
Node 1 MemUsed:          261864 kB
Node 1 Active:            47324 kB
Node 1 Inactive:          75140 kB
Node 1 Active(anon):      23744 kB
Node 1 Inactive(anon):      552 kB
Node 1 Active(file):      23580 kB
Node 1 Inactive(file):    74588 kB
Node 1 Unevictable:        6056 kB
Node 1 Mlocked:            6056 kB
Node 1 Dirty:               184 kB
Node 1 Writeback:             0 kB
Node 1 FilePages:        105024 kB
Node 1 Mapped:            25916 kB
Node 1 AnonPages:         23460 kB
Node 1 Shmem:               756 kB
Node 1 KernelStack:        1792 kB
Node 1 PageTables:          712 kB
Node 1 NFS_Unstable:          0 kB
Node 1 Bounce:                0 kB
Node 1 WritebackTmp:          0 kB
Node 1 KReclaimable:      15664 kB
Node 1 Slab:              47284 kB
Node 1 SReclaimable:      15664 kB
Node 1 SUnreclaim:        31620 kB
Node 1 AnonHugePages:         0 kB
Node 1 ShmemHugePages:        0 kB
Node 1 ShmemPmdMapped:        0 kB
Node 1 FileHugePages:        0 kB
Node 1 FilePmdMapped:        0 kB
Node 1 HugePages_Total:     0
Node 1 HugePages_Free:      0
Node 1 HugePages_Surp:      0

Import tank ZPool
Node 0 MemTotal:       24768352 kB
Node 0 MemFree:        24264260 kB
Node 0 MemUsed:          504092 kB
Node 0 Active:            69304 kB
Node 0 Inactive:         133472 kB
Node 0 Active(anon):      22532 kB
Node 0 Inactive(anon):      388 kB
Node 0 Active(file):      46772 kB
Node 0 Inactive(file):   133084 kB
Node 0 Unevictable:       12696 kB
Node 0 Mlocked:           12696 kB
Node 0 Dirty:               124 kB
Node 0 Writeback:             0 kB
Node 0 FilePages:        182512 kB
Node 0 Mapped:            14464 kB
Node 0 AnonPages:         32604 kB
Node 0 Shmem:               512 kB
Node 0 KernelStack:        2104 kB
Node 0 PageTables:          732 kB
Node 0 NFS_Unstable:          0 kB
Node 0 Bounce:                0 kB
Node 0 WritebackTmp:          0 kB
Node 0 KReclaimable:      27868 kB
Node 0 Slab:              69872 kB
Node 0 SReclaimable:      27868 kB
Node 0 SUnreclaim:        42004 kB
Node 0 AnonHugePages:         0 kB
Node 0 ShmemHugePages:        0 kB
Node 0 ShmemPmdMapped:        0 kB
Node 0 FileHugePages:        0 kB
Node 0 FilePmdMapped:        0 kB
Node 0 HugePages_Total:     0
Node 0 HugePages_Free:      0
Node 0 HugePages_Surp:      0

Node 1 MemTotal:       24661580 kB
Node 1 MemFree:        24395024 kB
Node 1 MemUsed:          266556 kB
Node 1 Active:            35264 kB
Node 1 Inactive:          75044 kB
Node 1 Active(anon):      11340 kB
Node 1 Inactive(anon):      560 kB
Node 1 Active(file):      23924 kB
Node 1 Inactive(file):    74484 kB
Node 1 Unevictable:        6056 kB
Node 1 Mlocked:            6056 kB
Node 1 Dirty:               268 kB
Node 1 Writeback:             0 kB
Node 1 FilePages:        105232 kB
Node 1 Mapped:            24040 kB
Node 1 AnonPages:         11144 kB
Node 1 Shmem:               756 kB
Node 1 KernelStack:        2616 kB
Node 1 PageTables:          376 kB
Node 1 NFS_Unstable:          0 kB
Node 1 Bounce:                0 kB
Node 1 WritebackTmp:          0 kB
Node 1 KReclaimable:      15712 kB
Node 1 Slab:              49580 kB
Node 1 SReclaimable:      15712 kB
Node 1 SUnreclaim:        33868 kB
Node 1 AnonHugePages:         0 kB
Node 1 ShmemHugePages:        0 kB
Node 1 ShmemPmdMapped:        0 kB
Node 1 FileHugePages:        0 kB
Node 1 FilePmdMapped:        0 kB
Node 1 HugePages_Total:     0
Node 1 HugePages_Free:      0
Node 1 HugePages_Surp:      0

After Test
Node 0 MemTotal:       24768352 kB
Node 0 MemFree:        23836316 kB
Node 0 MemUsed:          932036 kB
Node 0 Active:            69284 kB
Node 0 Inactive:         133168 kB
Node 0 Active(anon):      22180 kB
Node 0 Inactive(anon):      380 kB
Node 0 Active(file):      47104 kB
Node 0 Inactive(file):   132788 kB
Node 0 Unevictable:       12696 kB
Node 0 Mlocked:           12696 kB
Node 0 Dirty:                32 kB
Node 0 Writeback:             0 kB
Node 0 FilePages:        182540 kB
Node 0 Mapped:            14444 kB
Node 0 AnonPages:         32608 kB
Node 0 Shmem:               508 kB
Node 0 KernelStack:        2104 kB
Node 0 PageTables:          624 kB
Node 0 NFS_Unstable:          0 kB
Node 0 Bounce:                0 kB
Node 0 WritebackTmp:          0 kB
Node 0 KReclaimable:      27876 kB
Node 0 Slab:              71292 kB
Node 0 SReclaimable:      27876 kB
Node 0 SUnreclaim:        43416 kB
Node 0 AnonHugePages:         0 kB
Node 0 ShmemHugePages:        0 kB
Node 0 ShmemPmdMapped:        0 kB
Node 0 FileHugePages:        0 kB
Node 0 FilePmdMapped:        0 kB
Node 0 HugePages_Total:     0
Node 0 HugePages_Free:      0
Node 0 HugePages_Surp:      0

Node 1 MemTotal:       24661580 kB
Node 1 MemFree:        21893764 kB
Node 1 MemUsed:         2767816 kB
Node 1 Active:            35956 kB
Node 1 Inactive:          76256 kB
Node 1 Active(anon):      11236 kB
Node 1 Inactive(anon):      588 kB
Node 1 Active(file):      24720 kB
Node 1 Inactive(file):    75668 kB
Node 1 Unevictable:        6056 kB
Node 1 Mlocked:            6056 kB
Node 1 Dirty:                28 kB
Node 1 Writeback:             0 kB
Node 1 FilePages:        107244 kB
Node 1 Mapped:            24076 kB
Node 1 AnonPages:         10848 kB
Node 1 Shmem:               804 kB
Node 1 KernelStack:        2568 kB
Node 1 PageTables:          556 kB
Node 1 NFS_Unstable:          0 kB
Node 1 Bounce:                0 kB
Node 1 WritebackTmp:          0 kB
Node 1 KReclaimable:      17156 kB
Node 1 Slab:              63652 kB
Node 1 SReclaimable:      17156 kB
Node 1 SUnreclaim:        46496 kB
Node 1 AnonHugePages:         0 kB
Node 1 ShmemHugePages:        0 kB
Node 1 ShmemPmdMapped:        0 kB
Node 1 FileHugePages:        0 kB
Node 1 FilePmdMapped:        0 kB
Node 1 HugePages_Total:     0
Node 1 HugePages_Free:      0
Node 1 HugePages_Surp:      0

After Opposite Node
Node 0 MemTotal:       24768352 kB
Node 0 MemFree:        23834764 kB
Node 0 MemUsed:          933588 kB
Node 0 Active:            69524 kB
Node 0 Inactive:         133200 kB
Node 0 Active(anon):      22392 kB
Node 0 Inactive(anon):      416 kB
Node 0 Active(file):      47132 kB
Node 0 Inactive(file):   132784 kB
Node 0 Unevictable:       12696 kB
Node 0 Mlocked:           12696 kB
Node 0 Dirty:                44 kB
Node 0 Writeback:             0 kB
Node 0 FilePages:        182608 kB
Node 0 Mapped:            14488 kB
Node 0 AnonPages:         32676 kB
Node 0 Shmem:               552 kB
Node 0 KernelStack:        2088 kB
Node 0 PageTables:          744 kB
Node 0 NFS_Unstable:          0 kB
Node 0 Bounce:                0 kB
Node 0 WritebackTmp:          0 kB
Node 0 KReclaimable:      27924 kB
Node 0 Slab:              71832 kB
Node 0 SReclaimable:      27924 kB
Node 0 SUnreclaim:        43908 kB
Node 0 AnonHugePages:         0 kB
Node 0 ShmemHugePages:        0 kB
Node 0 ShmemPmdMapped:        0 kB
Node 0 FileHugePages:        0 kB
Node 0 FilePmdMapped:        0 kB
Node 0 HugePages_Total:     0
Node 0 HugePages_Free:      0
Node 0 HugePages_Surp:      0

Node 1 MemTotal:       24661580 kB
Node 1 MemFree:        21892660 kB
Node 1 MemUsed:         2768920 kB
Node 1 Active:            35968 kB
Node 1 Inactive:          76052 kB
Node 1 Active(anon):      11064 kB
Node 1 Inactive(anon):      560 kB
Node 1 Active(file):      24904 kB
Node 1 Inactive(file):    75492 kB
Node 1 Unevictable:        6056 kB
Node 1 Mlocked:            6056 kB
Node 1 Dirty:                48 kB
Node 1 Writeback:             0 kB
Node 1 FilePages:        107208 kB
Node 1 Mapped:            24016 kB
Node 1 AnonPages:         10864 kB
Node 1 Shmem:               760 kB
Node 1 KernelStack:        2536 kB
Node 1 PageTables:          376 kB
Node 1 NFS_Unstable:          0 kB
Node 1 Bounce:                0 kB
Node 1 WritebackTmp:          0 kB
Node 1 KReclaimable:      17156 kB
Node 1 Slab:              63680 kB
Node 1 SReclaimable:      17156 kB
Node 1 SUnreclaim:        46524 kB
Node 1 AnonHugePages:         0 kB
Node 1 ShmemHugePages:        0 kB
Node 1 ShmemPmdMapped:        0 kB
Node 1 FileHugePages:        0 kB
Node 1 FilePmdMapped:        0 kB
Node 1 HugePages_Total:     0
Node 1 HugePages_Free:      0
Node 1 HugePages_Surp:      0

B.1.2Mfio.2G.2.O Complete!
