B.1.8Mfio.500M.3.O
Begin
Node 0 MemTotal:       24768352 kB
Node 0 MemFree:        24401784 kB
Node 0 MemUsed:          366568 kB
Node 0 Active:            50332 kB
Node 0 Inactive:          28616 kB
Node 0 Active(anon):      12564 kB
Node 0 Inactive(anon):      440 kB
Node 0 Active(file):      37768 kB
Node 0 Inactive(file):    28176 kB
Node 0 Unevictable:        5112 kB
Node 0 Mlocked:            5112 kB
Node 0 Dirty:                20 kB
Node 0 Writeback:             0 kB
Node 0 FilePages:         71844 kB
Node 0 Mapped:            22824 kB
Node 0 AnonPages:         12360 kB
Node 0 Shmem:               648 kB
Node 0 KernelStack:        1928 kB
Node 0 PageTables:          484 kB
Node 0 NFS_Unstable:          0 kB
Node 0 Bounce:                0 kB
Node 0 WritebackTmp:          0 kB
Node 0 KReclaimable:      23704 kB
Node 0 Slab:              59928 kB
Node 0 SReclaimable:      23704 kB
Node 0 SUnreclaim:        36224 kB
Node 0 AnonHugePages:         0 kB
Node 0 ShmemHugePages:        0 kB
Node 0 ShmemPmdMapped:        0 kB
Node 0 FileHugePages:        0 kB
Node 0 FilePmdMapped:        0 kB
Node 0 HugePages_Total:     0
Node 0 HugePages_Free:      0
Node 0 HugePages_Surp:      0

Node 1 MemTotal:       24661580 kB
Node 1 MemFree:        24378404 kB
Node 1 MemUsed:          283176 kB
Node 1 Active:            46180 kB
Node 1 Inactive:          99816 kB
Node 1 Active(anon):      21196 kB
Node 1 Inactive(anon):      440 kB
Node 1 Active(file):      24984 kB
Node 1 Inactive(file):    99376 kB
Node 1 Unevictable:       13412 kB
Node 1 Mlocked:           13412 kB
Node 1 Dirty:               492 kB
Node 1 Writeback:             0 kB
Node 1 FilePages:        128084 kB
Node 1 Mapped:            51984 kB
Node 1 AnonPages:         31444 kB
Node 1 Shmem:               620 kB
Node 1 KernelStack:        1656 kB
Node 1 PageTables:          652 kB
Node 1 NFS_Unstable:          0 kB
Node 1 Bounce:                0 kB
Node 1 WritebackTmp:          0 kB
Node 1 KReclaimable:      17436 kB
Node 1 Slab:              45248 kB
Node 1 SReclaimable:      17436 kB
Node 1 SUnreclaim:        27812 kB
Node 1 AnonHugePages:         0 kB
Node 1 ShmemHugePages:        0 kB
Node 1 ShmemPmdMapped:        0 kB
Node 1 FileHugePages:        0 kB
Node 1 FilePmdMapped:        0 kB
Node 1 HugePages_Total:     0
Node 1 HugePages_Free:      0
Node 1 HugePages_Surp:      0

Load ZFS
Node 0 MemTotal:       24768352 kB
Node 0 MemFree:        24416164 kB
Node 0 MemUsed:          352188 kB
Node 0 Active:            66416 kB
Node 0 Inactive:          61832 kB
Node 0 Active(anon):      26948 kB
Node 0 Inactive(anon):      612 kB
Node 0 Active(file):      39468 kB
Node 0 Inactive(file):    61220 kB
Node 0 Unevictable:        5112 kB
Node 0 Mlocked:            5112 kB
Node 0 Dirty:                 8 kB
Node 0 Writeback:             0 kB
Node 0 FilePages:        106332 kB
Node 0 Mapped:            25752 kB
Node 0 AnonPages:         26616 kB
Node 0 Shmem:               828 kB
Node 0 KernelStack:        2032 kB
Node 0 PageTables:          924 kB
Node 0 NFS_Unstable:          0 kB
Node 0 Bounce:                0 kB
Node 0 WritebackTmp:          0 kB
Node 0 KReclaimable:      24696 kB
Node 0 Slab:              64336 kB
Node 0 SReclaimable:      24696 kB
Node 0 SUnreclaim:        39640 kB
Node 0 AnonHugePages:         0 kB
Node 0 ShmemHugePages:        0 kB
Node 0 ShmemPmdMapped:        0 kB
Node 0 FileHugePages:        0 kB
Node 0 FilePmdMapped:        0 kB
Node 0 HugePages_Total:     0
Node 0 HugePages_Free:      0
Node 0 HugePages_Surp:      0

Node 1 MemTotal:       24661580 kB
Node 1 MemFree:        24218480 kB
Node 1 MemUsed:          443100 kB
Node 1 Active:            57536 kB
Node 1 Inactive:         170192 kB
Node 1 Active(anon):      32028 kB
Node 1 Inactive(anon):      172 kB
Node 1 Active(file):      25508 kB
Node 1 Inactive(file):   170020 kB
Node 1 Unevictable:       13412 kB
Node 1 Mlocked:           13412 kB
Node 1 Dirty:               284 kB
Node 1 Writeback:             0 kB
Node 1 FilePages:        199964 kB
Node 1 Mapped:            54096 kB
Node 1 AnonPages:         42296 kB
Node 1 Shmem:               440 kB
Node 1 KernelStack:        2116 kB
Node 1 PageTables:         1464 kB
Node 1 NFS_Unstable:          0 kB
Node 1 Bounce:                0 kB
Node 1 WritebackTmp:          0 kB
Node 1 KReclaimable:      18124 kB
Node 1 Slab:              49684 kB
Node 1 SReclaimable:      18124 kB
Node 1 SUnreclaim:        31560 kB
Node 1 AnonHugePages:         0 kB
Node 1 ShmemHugePages:        0 kB
Node 1 ShmemPmdMapped:        0 kB
Node 1 FileHugePages:        0 kB
Node 1 FilePmdMapped:        0 kB
Node 1 HugePages_Total:     0
Node 1 HugePages_Free:      0
Node 1 HugePages_Surp:      0

Import tank ZPool
Node 0 MemTotal:       24768352 kB
Node 0 MemFree:        24411588 kB
Node 0 MemUsed:          356764 kB
Node 0 Active:            53652 kB
Node 0 Inactive:          62340 kB
Node 0 Active(anon):      13552 kB
Node 0 Inactive(anon):      456 kB
Node 0 Active(file):      40100 kB
Node 0 Inactive(file):    61884 kB
Node 0 Unevictable:        5112 kB
Node 0 Mlocked:            5112 kB
Node 0 Dirty:                36 kB
Node 0 Writeback:             0 kB
Node 0 FilePages:        107732 kB
Node 0 Mapped:            23120 kB
Node 0 AnonPages:         13156 kB
Node 0 Shmem:               636 kB
Node 0 KernelStack:        3080 kB
Node 0 PageTables:          628 kB
Node 0 NFS_Unstable:          0 kB
Node 0 Bounce:                0 kB
Node 0 WritebackTmp:          0 kB
Node 0 KReclaimable:      24792 kB
Node 0 Slab:              69924 kB
Node 0 SReclaimable:      24792 kB
Node 0 SUnreclaim:        45132 kB
Node 0 AnonHugePages:         0 kB
Node 0 ShmemHugePages:        0 kB
Node 0 ShmemPmdMapped:        0 kB
Node 0 FileHugePages:        0 kB
Node 0 FilePmdMapped:        0 kB
Node 0 HugePages_Total:     0
Node 0 HugePages_Free:      0
Node 0 HugePages_Surp:      0

Node 1 MemTotal:       24661580 kB
Node 1 MemFree:        24231304 kB
Node 1 MemUsed:          430276 kB
Node 1 Active:            46692 kB
Node 1 Inactive:         170476 kB
Node 1 Active(anon):      20676 kB
Node 1 Inactive(anon):      492 kB
Node 1 Active(file):      26016 kB
Node 1 Inactive(file):   169984 kB
Node 1 Unevictable:       13644 kB
Node 1 Mlocked:           13644 kB
Node 1 Dirty:               432 kB
Node 1 Writeback:             0 kB
Node 1 FilePages:        199732 kB
Node 1 Mapped:            52200 kB
Node 1 AnonPages:         31096 kB
Node 1 Shmem:               632 kB
Node 1 KernelStack:        1640 kB
Node 1 PageTables:          624 kB
Node 1 NFS_Unstable:          0 kB
Node 1 Bounce:                0 kB
Node 1 WritebackTmp:          0 kB
Node 1 KReclaimable:      18304 kB
Node 1 Slab:              49260 kB
Node 1 SReclaimable:      18304 kB
Node 1 SUnreclaim:        30956 kB
Node 1 AnonHugePages:         0 kB
Node 1 ShmemHugePages:        0 kB
Node 1 ShmemPmdMapped:        0 kB
Node 1 FileHugePages:        0 kB
Node 1 FilePmdMapped:        0 kB
Node 1 HugePages_Total:     0
Node 1 HugePages_Free:      0
Node 1 HugePages_Surp:      0

After Test
Node 0 MemTotal:       24768352 kB
Node 0 MemFree:        24112892 kB
Node 0 MemUsed:          655460 kB
Node 0 Active:            53080 kB
Node 0 Inactive:          62044 kB
Node 0 Active(anon):      12656 kB
Node 0 Inactive(anon):      448 kB
Node 0 Active(file):      40424 kB
Node 0 Inactive(file):    61596 kB
Node 0 Unevictable:        5112 kB
Node 0 Mlocked:            5112 kB
Node 0 Dirty:                44 kB
Node 0 Writeback:             0 kB
Node 0 FilePages:        107764 kB
Node 0 Mapped:            22876 kB
Node 0 AnonPages:         12468 kB
Node 0 Shmem:               636 kB
Node 0 KernelStack:        3032 kB
Node 0 PageTables:          520 kB
Node 0 NFS_Unstable:          0 kB
Node 0 Bounce:                0 kB
Node 0 WritebackTmp:          0 kB
Node 0 KReclaimable:      24792 kB
Node 0 Slab:              71104 kB
Node 0 SReclaimable:      24792 kB
Node 0 SUnreclaim:        46312 kB
Node 0 AnonHugePages:         0 kB
Node 0 ShmemHugePages:        0 kB
Node 0 ShmemPmdMapped:        0 kB
Node 0 FileHugePages:        0 kB
Node 0 FilePmdMapped:        0 kB
Node 0 HugePages_Total:     0
Node 0 HugePages_Free:      0
Node 0 HugePages_Surp:      0

Node 1 MemTotal:       24661580 kB
Node 1 MemFree:        23474280 kB
Node 1 MemUsed:         1187300 kB
Node 1 Active:            47600 kB
Node 1 Inactive:         171648 kB
Node 1 Active(anon):      20760 kB
Node 1 Inactive(anon):      520 kB
Node 1 Active(file):      26840 kB
Node 1 Inactive(file):   171128 kB
Node 1 Unevictable:       13644 kB
Node 1 Mlocked:           13644 kB
Node 1 Dirty:               444 kB
Node 1 Writeback:             0 kB
Node 1 FilePages:        201728 kB
Node 1 Mapped:            52424 kB
Node 1 AnonPages:         31004 kB
Node 1 Shmem:               676 kB
Node 1 KernelStack:        1704 kB
Node 1 PageTables:          800 kB
Node 1 NFS_Unstable:          0 kB
Node 1 Bounce:                0 kB
Node 1 WritebackTmp:          0 kB
Node 1 KReclaimable:      19688 kB
Node 1 Slab:              56132 kB
Node 1 SReclaimable:      19688 kB
Node 1 SUnreclaim:        36444 kB
Node 1 AnonHugePages:         0 kB
Node 1 ShmemHugePages:        0 kB
Node 1 ShmemPmdMapped:        0 kB
Node 1 FileHugePages:        0 kB
Node 1 FilePmdMapped:        0 kB
Node 1 HugePages_Total:     0
Node 1 HugePages_Free:      0
Node 1 HugePages_Surp:      0

After Opposite Node
Node 0 MemTotal:       24768352 kB
Node 0 MemFree:        24110840 kB
Node 0 MemUsed:          657512 kB
Node 0 Active:            53340 kB
Node 0 Inactive:          62068 kB
Node 0 Active(anon):      12888 kB
Node 0 Inactive(anon):      476 kB
Node 0 Active(file):      40452 kB
Node 0 Inactive(file):    61592 kB
Node 0 Unevictable:        5112 kB
Node 0 Mlocked:            5112 kB
Node 0 Dirty:                56 kB
Node 0 Writeback:             0 kB
Node 0 FilePages:        107832 kB
Node 0 Mapped:            22920 kB
Node 0 AnonPages:         12500 kB
Node 0 Shmem:               680 kB
Node 0 KernelStack:        3064 kB
Node 0 PageTables:          712 kB
Node 0 NFS_Unstable:          0 kB
Node 0 Bounce:                0 kB
Node 0 WritebackTmp:          0 kB
Node 0 KReclaimable:      24832 kB
Node 0 Slab:              71296 kB
Node 0 SReclaimable:      24832 kB
Node 0 SUnreclaim:        46464 kB
Node 0 AnonHugePages:         0 kB
Node 0 ShmemHugePages:        0 kB
Node 0 ShmemPmdMapped:        0 kB
Node 0 FileHugePages:        0 kB
Node 0 FilePmdMapped:        0 kB
Node 0 HugePages_Total:     0
Node 0 HugePages_Free:      0
Node 0 HugePages_Surp:      0

Node 1 MemTotal:       24661580 kB
Node 1 MemFree:        23474664 kB
Node 1 MemUsed:         1186916 kB
Node 1 Active:            47572 kB
Node 1 Inactive:         171472 kB
Node 1 Active(anon):      20576 kB
Node 1 Inactive(anon):      492 kB
Node 1 Active(file):      26996 kB
Node 1 Inactive(file):   170980 kB
Node 1 Unevictable:       13644 kB
Node 1 Mlocked:           13644 kB
Node 1 Dirty:               444 kB
Node 1 Writeback:             0 kB
Node 1 FilePages:        201692 kB
Node 1 Mapped:            52404 kB
Node 1 AnonPages:         30996 kB
Node 1 Shmem:               632 kB
Node 1 KernelStack:        1640 kB
Node 1 PageTables:          624 kB
Node 1 NFS_Unstable:          0 kB
Node 1 Bounce:                0 kB
Node 1 WritebackTmp:          0 kB
Node 1 KReclaimable:      19688 kB
Node 1 Slab:              55924 kB
Node 1 SReclaimable:      19688 kB
Node 1 SUnreclaim:        36236 kB
Node 1 AnonHugePages:         0 kB
Node 1 ShmemHugePages:        0 kB
Node 1 ShmemPmdMapped:        0 kB
Node 1 FileHugePages:        0 kB
Node 1 FilePmdMapped:        0 kB
Node 1 HugePages_Total:     0
Node 1 HugePages_Free:      0
Node 1 HugePages_Surp:      0

B.1.8Mfio.500M.3.O Complete!
