kernel.numa_balancing = 0
U.0.fio.250M.1.O
Begin
Node 0 MemTotal:       24768352 kB
Node 0 MemFree:        24554584 kB
Node 0 MemUsed:          213768 kB
Node 0 Active:            39416 kB
Node 0 Inactive:          22216 kB
Node 0 Active(anon):      16192 kB
Node 0 Inactive(anon):      416 kB
Node 0 Active(file):      23224 kB
Node 0 Inactive(file):    21800 kB
Node 0 Unevictable:       17648 kB
Node 0 Mlocked:           17648 kB
Node 0 Dirty:                88 kB
Node 0 Writeback:             0 kB
Node 0 FilePages:         52960 kB
Node 0 Mapped:            21316 kB
Node 0 AnonPages:         26348 kB
Node 0 Shmem:               600 kB
Node 0 KernelStack:        2136 kB
Node 0 PageTables:          468 kB
Node 0 NFS_Unstable:          0 kB
Node 0 Bounce:                0 kB
Node 0 WritebackTmp:          0 kB
Node 0 KReclaimable:      20568 kB
Node 0 Slab:              52080 kB
Node 0 SReclaimable:      20568 kB
Node 0 SUnreclaim:        31512 kB
Node 0 AnonHugePages:         0 kB
Node 0 ShmemHugePages:        0 kB
Node 0 ShmemPmdMapped:        0 kB
Node 0 FileHugePages:        0 kB
Node 0 FilePmdMapped:        0 kB
Node 0 HugePages_Total:     0
Node 0 HugePages_Free:      0
Node 0 HugePages_Surp:      0

Node 1 MemTotal:       24661580 kB
Node 1 MemFree:        24252984 kB
Node 1 MemUsed:          408596 kB
Node 1 Active:            56348 kB
Node 1 Inactive:          78084 kB
Node 1 Active(anon):      17584 kB
Node 1 Inactive(anon):      468 kB
Node 1 Active(file):      38764 kB
Node 1 Inactive(file):    77616 kB
Node 1 Unevictable:         872 kB
Node 1 Mlocked:             872 kB
Node 1 Dirty:               772 kB
Node 1 Writeback:             0 kB
Node 1 FilePages:        117972 kB
Node 1 Mapped:            32156 kB
Node 1 AnonPages:         17452 kB
Node 1 Shmem:               668 kB
Node 1 KernelStack:        1496 kB
Node 1 PageTables:          608 kB
Node 1 NFS_Unstable:          0 kB
Node 1 Bounce:                0 kB
Node 1 WritebackTmp:          0 kB
Node 1 KReclaimable:      21548 kB
Node 1 Slab:              54076 kB
Node 1 SReclaimable:      21548 kB
Node 1 SUnreclaim:        32528 kB
Node 1 AnonHugePages:         0 kB
Node 1 ShmemHugePages:        0 kB
Node 1 ShmemPmdMapped:        0 kB
Node 1 FileHugePages:        0 kB
Node 1 FilePmdMapped:        0 kB
Node 1 HugePages_Total:     0
Node 1 HugePages_Free:      0
Node 1 HugePages_Surp:      0

Load ZFS
Node 0 MemTotal:       24768352 kB
Node 0 MemFree:        24416044 kB
Node 0 MemUsed:          352308 kB
Node 0 Active:            41048 kB
Node 0 Inactive:          22332 kB
Node 0 Active(anon):      16556 kB
Node 0 Inactive(anon):      416 kB
Node 0 Active(file):      24492 kB
Node 0 Inactive(file):    21916 kB
Node 0 Unevictable:       17648 kB
Node 0 Mlocked:           17648 kB
Node 0 Dirty:                96 kB
Node 0 Writeback:             0 kB
Node 0 FilePages:         54328 kB
Node 0 Mapped:            21476 kB
Node 0 AnonPages:         26564 kB
Node 0 Shmem:               600 kB
Node 0 KernelStack:        2168 kB
Node 0 PageTables:          496 kB
Node 0 NFS_Unstable:          0 kB
Node 0 Bounce:                0 kB
Node 0 WritebackTmp:          0 kB
Node 0 KReclaimable:      21016 kB
Node 0 Slab:              54352 kB
Node 0 SReclaimable:      21016 kB
Node 0 SUnreclaim:        33336 kB
Node 0 AnonHugePages:         0 kB
Node 0 ShmemHugePages:        0 kB
Node 0 ShmemPmdMapped:        0 kB
Node 0 FileHugePages:        0 kB
Node 0 FilePmdMapped:        0 kB
Node 0 HugePages_Total:     0
Node 0 HugePages_Free:      0
Node 0 HugePages_Surp:      0

Node 1 MemTotal:       24661580 kB
Node 1 MemFree:        24382572 kB
Node 1 MemUsed:          279008 kB
Node 1 Active:            65312 kB
Node 1 Inactive:          73944 kB
Node 1 Active(anon):      21172 kB
Node 1 Inactive(anon):      468 kB
Node 1 Active(file):      44140 kB
Node 1 Inactive(file):    73476 kB
Node 1 Unevictable:         872 kB
Node 1 Mlocked:             872 kB
Node 1 Dirty:               800 kB
Node 1 Writeback:             0 kB
Node 1 FilePages:        119156 kB
Node 1 Mapped:            32204 kB
Node 1 AnonPages:         20944 kB
Node 1 Shmem:               668 kB
Node 1 KernelStack:        1528 kB
Node 1 PageTables:          792 kB
Node 1 NFS_Unstable:          0 kB
Node 1 Bounce:                0 kB
Node 1 WritebackTmp:          0 kB
Node 1 KReclaimable:      22008 kB
Node 1 Slab:              55372 kB
Node 1 SReclaimable:      22008 kB
Node 1 SUnreclaim:        33364 kB
Node 1 AnonHugePages:         0 kB
Node 1 ShmemHugePages:        0 kB
Node 1 ShmemPmdMapped:        0 kB
Node 1 FileHugePages:        0 kB
Node 1 FilePmdMapped:        0 kB
Node 1 HugePages_Total:     0
Node 1 HugePages_Free:      0
Node 1 HugePages_Surp:      0

Import tank ZPool
Node 0 MemTotal:       24768352 kB
Node 0 MemFree:        24406416 kB
Node 0 MemUsed:          361936 kB
Node 0 Active:            41448 kB
Node 0 Inactive:          23464 kB
Node 0 Active(anon):      16588 kB
Node 0 Inactive(anon):      420 kB
Node 0 Active(file):      24860 kB
Node 0 Inactive(file):    23044 kB
Node 0 Unevictable:       17648 kB
Node 0 Mlocked:           17648 kB
Node 0 Dirty:                72 kB
Node 0 Writeback:             0 kB
Node 0 FilePages:         55860 kB
Node 0 Mapped:            21432 kB
Node 0 AnonPages:         26788 kB
Node 0 Shmem:               600 kB
Node 0 KernelStack:        3176 kB
Node 0 PageTables:          516 kB
Node 0 NFS_Unstable:          0 kB
Node 0 Bounce:                0 kB
Node 0 WritebackTmp:          0 kB
Node 0 KReclaimable:      21144 kB
Node 0 Slab:              61620 kB
Node 0 SReclaimable:      21144 kB
Node 0 SUnreclaim:        40476 kB
Node 0 AnonHugePages:         0 kB
Node 0 ShmemHugePages:        0 kB
Node 0 ShmemPmdMapped:        0 kB
Node 0 FileHugePages:        0 kB
Node 0 FilePmdMapped:        0 kB
Node 0 HugePages_Total:     0
Node 0 HugePages_Free:      0
Node 0 HugePages_Surp:      0

Node 1 MemTotal:       24661580 kB
Node 1 MemFree:        24368840 kB
Node 1 MemUsed:          292740 kB
Node 1 Active:            66084 kB
Node 1 Inactive:          74008 kB
Node 1 Active(anon):      21816 kB
Node 1 Inactive(anon):      468 kB
Node 1 Active(file):      44268 kB
Node 1 Inactive(file):    73540 kB
Node 1 Unevictable:         872 kB
Node 1 Mlocked:             872 kB
Node 1 Dirty:               208 kB
Node 1 Writeback:             0 kB
Node 1 FilePages:        119368 kB
Node 1 Mapped:            32300 kB
Node 1 AnonPages:         21420 kB
Node 1 Shmem:               668 kB
Node 1 KernelStack:        1688 kB
Node 1 PageTables:          856 kB
Node 1 NFS_Unstable:          0 kB
Node 1 Bounce:                0 kB
Node 1 WritebackTmp:          0 kB
Node 1 KReclaimable:      22008 kB
Node 1 Slab:              56716 kB
Node 1 SReclaimable:      22008 kB
Node 1 SUnreclaim:        34708 kB
Node 1 AnonHugePages:         0 kB
Node 1 ShmemHugePages:        0 kB
Node 1 ShmemPmdMapped:        0 kB
Node 1 FileHugePages:        0 kB
Node 1 FilePmdMapped:        0 kB
Node 1 HugePages_Total:     0
Node 1 HugePages_Free:      0
Node 1 HugePages_Surp:      0

After Test
Node 0 MemTotal:       24768352 kB
Node 0 MemFree:        24145732 kB
Node 0 MemUsed:          622620 kB
Node 0 Active:            42292 kB
Node 0 Inactive:          24452 kB
Node 0 Active(anon):      16388 kB
Node 0 Inactive(anon):      448 kB
Node 0 Active(file):      25904 kB
Node 0 Inactive(file):    24004 kB
Node 0 Unevictable:       17648 kB
Node 0 Mlocked:           17648 kB
Node 0 Dirty:                20 kB
Node 0 Writeback:             0 kB
Node 0 FilePages:         57872 kB
Node 0 Mapped:            21572 kB
Node 0 AnonPages:         26468 kB
Node 0 Shmem:               644 kB
Node 0 KernelStack:        3256 kB
Node 0 PageTables:          640 kB
Node 0 NFS_Unstable:          0 kB
Node 0 Bounce:                0 kB
Node 0 WritebackTmp:          0 kB
Node 0 KReclaimable:      22448 kB
Node 0 Slab:              64696 kB
Node 0 SReclaimable:      22448 kB
Node 0 SUnreclaim:        42248 kB
Node 0 AnonHugePages:         0 kB
Node 0 ShmemHugePages:        0 kB
Node 0 ShmemPmdMapped:        0 kB
Node 0 FileHugePages:        0 kB
Node 0 FilePmdMapped:        0 kB
Node 0 HugePages_Total:     0
Node 0 HugePages_Free:      0
Node 0 HugePages_Surp:      0

Node 1 MemTotal:       24661580 kB
Node 1 MemFree:        24103792 kB
Node 1 MemUsed:          557788 kB
Node 1 Active:            60828 kB
Node 1 Inactive:          74000 kB
Node 1 Active(anon):      16532 kB
Node 1 Inactive(anon):      468 kB
Node 1 Active(file):      44296 kB
Node 1 Inactive(file):    73532 kB
Node 1 Unevictable:         872 kB
Node 1 Mlocked:             872 kB
Node 1 Dirty:                 0 kB
Node 1 Writeback:             0 kB
Node 1 FilePages:        119368 kB
Node 1 Mapped:            32204 kB
Node 1 AnonPages:         16332 kB
Node 1 Shmem:               668 kB
Node 1 KernelStack:        1528 kB
Node 1 PageTables:          568 kB
Node 1 NFS_Unstable:          0 kB
Node 1 Bounce:                0 kB
Node 1 WritebackTmp:          0 kB
Node 1 KReclaimable:      22008 kB
Node 1 Slab:              57808 kB
Node 1 SReclaimable:      22008 kB
Node 1 SUnreclaim:        35800 kB
Node 1 AnonHugePages:         0 kB
Node 1 ShmemHugePages:        0 kB
Node 1 ShmemPmdMapped:        0 kB
Node 1 FileHugePages:        0 kB
Node 1 FilePmdMapped:        0 kB
Node 1 HugePages_Total:     0
Node 1 HugePages_Free:      0
Node 1 HugePages_Surp:      0

After Opposite Node
Node 0 MemTotal:       24768352 kB
Node 0 MemFree:        24145528 kB
Node 0 MemUsed:          622824 kB
Node 0 Active:            42388 kB
Node 0 Inactive:          24228 kB
Node 0 Active(anon):      16264 kB
Node 0 Inactive(anon):      420 kB
Node 0 Active(file):      26124 kB
Node 0 Inactive(file):    23808 kB
Node 0 Unevictable:       17648 kB
Node 0 Mlocked:           17648 kB
Node 0 Dirty:                60 kB
Node 0 Writeback:             0 kB
Node 0 FilePages:         57852 kB
Node 0 Mapped:            21508 kB
Node 0 AnonPages:         26408 kB
Node 0 Shmem:               600 kB
Node 0 KernelStack:        3160 kB
Node 0 PageTables:          468 kB
Node 0 NFS_Unstable:          0 kB
Node 0 Bounce:                0 kB
Node 0 WritebackTmp:          0 kB
Node 0 KReclaimable:      22456 kB
Node 0 Slab:              64696 kB
Node 0 SReclaimable:      22456 kB
Node 0 SUnreclaim:        42240 kB
Node 0 AnonHugePages:         0 kB
Node 0 ShmemHugePages:        0 kB
Node 0 ShmemPmdMapped:        0 kB
Node 0 FileHugePages:        0 kB
Node 0 FilePmdMapped:        0 kB
Node 0 HugePages_Total:     0
Node 0 HugePages_Free:      0
Node 0 HugePages_Surp:      0

Node 1 MemTotal:       24661580 kB
Node 1 MemFree:        24102744 kB
Node 1 MemUsed:          558836 kB
Node 1 Active:            60980 kB
Node 1 Inactive:          74036 kB
Node 1 Active(anon):      16680 kB
Node 1 Inactive(anon):      496 kB
Node 1 Active(file):      44300 kB
Node 1 Inactive(file):    73540 kB
Node 1 Unevictable:         872 kB
Node 1 Mlocked:             872 kB
Node 1 Dirty:                48 kB
Node 1 Writeback:             0 kB
Node 1 FilePages:        119424 kB
Node 1 Mapped:            32248 kB
Node 1 AnonPages:         16416 kB
Node 1 Shmem:               712 kB
Node 1 KernelStack:        1608 kB
Node 1 PageTables:          748 kB
Node 1 NFS_Unstable:          0 kB
Node 1 Bounce:                0 kB
Node 1 WritebackTmp:          0 kB
Node 1 KReclaimable:      22048 kB
Node 1 Slab:              58316 kB
Node 1 SReclaimable:      22048 kB
Node 1 SUnreclaim:        36268 kB
Node 1 AnonHugePages:         0 kB
Node 1 ShmemHugePages:        0 kB
Node 1 ShmemPmdMapped:        0 kB
Node 1 FileHugePages:        0 kB
Node 1 FilePmdMapped:        0 kB
Node 1 HugePages_Total:     0
Node 1 HugePages_Free:      0
Node 1 HugePages_Surp:      0

U.0.fio.250M.1.O Complete!
