kernel.numa_balancing = 0
U.0.fio.500M.1.O
Begin
Node 0 MemTotal:       24743736 kB
Node 0 MemFree:        24442980 kB
Node 0 MemUsed:          300756 kB
Node 0 Active:            48924 kB
Node 0 Inactive:          51776 kB
Node 0 Active(anon):       9560 kB
Node 0 Inactive(anon):      256 kB
Node 0 Active(file):      39364 kB
Node 0 Inactive(file):    51520 kB
Node 0 Unevictable:         896 kB
Node 0 Mlocked:             896 kB
Node 0 Dirty:               300 kB
Node 0 Writeback:             0 kB
Node 0 FilePages:         92220 kB
Node 0 Mapped:            13920 kB
Node 0 AnonPages:          9376 kB
Node 0 Shmem:               440 kB
Node 0 KernelStack:        2104 kB
Node 0 PageTables:          280 kB
Node 0 NFS_Unstable:          0 kB
Node 0 Bounce:                0 kB
Node 0 WritebackTmp:          0 kB
Node 0 KReclaimable:      19572 kB
Node 0 Slab:              49720 kB
Node 0 SReclaimable:      19572 kB
Node 0 SUnreclaim:        30148 kB
Node 0 AnonHugePages:         0 kB
Node 0 ShmemHugePages:        0 kB
Node 0 ShmemPmdMapped:        0 kB
Node 0 FileHugePages:        0 kB
Node 0 FilePmdMapped:        0 kB
Node 0 HugePages_Total:     0
Node 0 HugePages_Free:      0
Node 0 HugePages_Surp:      0

Node 1 MemTotal:       24686196 kB
Node 1 MemFree:        24361352 kB
Node 1 MemUsed:          324844 kB
Node 1 Active:            48412 kB
Node 1 Inactive:          51884 kB
Node 1 Active(anon):      24520 kB
Node 1 Inactive(anon):      612 kB
Node 1 Active(file):      23892 kB
Node 1 Inactive(file):    51272 kB
Node 1 Unevictable:       17628 kB
Node 1 Mlocked:           17628 kB
Node 1 Dirty:               140 kB
Node 1 Writeback:             0 kB
Node 1 FilePages:         83340 kB
Node 1 Mapped:            42188 kB
Node 1 AnonPages:         34632 kB
Node 1 Shmem:               828 kB
Node 1 KernelStack:        1512 kB
Node 1 PageTables:          896 kB
Node 1 NFS_Unstable:          0 kB
Node 1 Bounce:                0 kB
Node 1 WritebackTmp:          0 kB
Node 1 KReclaimable:      21648 kB
Node 1 Slab:              55804 kB
Node 1 SReclaimable:      21648 kB
Node 1 SUnreclaim:        34156 kB
Node 1 AnonHugePages:         0 kB
Node 1 ShmemHugePages:        0 kB
Node 1 ShmemPmdMapped:        0 kB
Node 1 FileHugePages:        0 kB
Node 1 FilePmdMapped:        0 kB
Node 1 HugePages_Total:     0
Node 1 HugePages_Free:      0
Node 1 HugePages_Surp:      0

Load ZFS
Node 0 MemTotal:       24743736 kB
Node 0 MemFree:        24507772 kB
Node 0 MemUsed:          235964 kB
Node 0 Active:            55672 kB
Node 0 Inactive:          47704 kB
Node 0 Active(anon):      11116 kB
Node 0 Inactive(anon):      256 kB
Node 0 Active(file):      44556 kB
Node 0 Inactive(file):    47448 kB
Node 0 Unevictable:         896 kB
Node 0 Mlocked:             896 kB
Node 0 Dirty:                36 kB
Node 0 Writeback:           264 kB
Node 0 FilePages:         93340 kB
Node 0 Mapped:            14060 kB
Node 0 AnonPages:         10980 kB
Node 0 Shmem:               440 kB
Node 0 KernelStack:        2072 kB
Node 0 PageTables:          280 kB
Node 0 NFS_Unstable:          0 kB
Node 0 Bounce:                0 kB
Node 0 WritebackTmp:          0 kB
Node 0 KReclaimable:      20008 kB
Node 0 Slab:              51536 kB
Node 0 SReclaimable:      20008 kB
Node 0 SUnreclaim:        31528 kB
Node 0 AnonHugePages:         0 kB
Node 0 ShmemHugePages:        0 kB
Node 0 ShmemPmdMapped:        0 kB
Node 0 FileHugePages:        0 kB
Node 0 FilePmdMapped:        0 kB
Node 0 HugePages_Total:     0
Node 0 HugePages_Free:      0
Node 0 HugePages_Surp:      0

Node 1 MemTotal:       24686196 kB
Node 1 MemFree:        24285728 kB
Node 1 MemUsed:          400468 kB
Node 1 Active:            52248 kB
Node 1 Inactive:          51924 kB
Node 1 Active(anon):      26904 kB
Node 1 Inactive(anon):      612 kB
Node 1 Active(file):      25344 kB
Node 1 Inactive(file):    51312 kB
Node 1 Unevictable:       17628 kB
Node 1 Mlocked:           17628 kB
Node 1 Dirty:               200 kB
Node 1 Writeback:             4 kB
Node 1 FilePages:         84780 kB
Node 1 Mapped:            42120 kB
Node 1 AnonPages:         37192 kB
Node 1 Shmem:               828 kB
Node 1 KernelStack:        1640 kB
Node 1 PageTables:         1168 kB
Node 1 NFS_Unstable:          0 kB
Node 1 Bounce:                0 kB
Node 1 WritebackTmp:          0 kB
Node 1 KReclaimable:      22128 kB
Node 1 Slab:              57776 kB
Node 1 SReclaimable:      22128 kB
Node 1 SUnreclaim:        35648 kB
Node 1 AnonHugePages:         0 kB
Node 1 ShmemHugePages:        0 kB
Node 1 ShmemPmdMapped:        0 kB
Node 1 FileHugePages:        0 kB
Node 1 FilePmdMapped:        0 kB
Node 1 HugePages_Total:     0
Node 1 HugePages_Free:      0
Node 1 HugePages_Surp:      0

Import tank ZPool
Node 0 MemTotal:       24743736 kB
Node 0 MemFree:        24492084 kB
Node 0 MemUsed:          251652 kB
Node 0 Active:            55720 kB
Node 0 Inactive:          47696 kB
Node 0 Active(anon):      11152 kB
Node 0 Inactive(anon):      256 kB
Node 0 Active(file):      44568 kB
Node 0 Inactive(file):    47440 kB
Node 0 Unevictable:         896 kB
Node 0 Mlocked:             896 kB
Node 0 Dirty:                56 kB
Node 0 Writeback:             0 kB
Node 0 FilePages:         93344 kB
Node 0 Mapped:            13988 kB
Node 0 AnonPages:         10988 kB
Node 0 Shmem:               440 kB
Node 0 KernelStack:        3224 kB
Node 0 PageTables:          280 kB
Node 0 NFS_Unstable:          0 kB
Node 0 Bounce:                0 kB
Node 0 WritebackTmp:          0 kB
Node 0 KReclaimable:      20012 kB
Node 0 Slab:              54272 kB
Node 0 SReclaimable:      20012 kB
Node 0 SUnreclaim:        34260 kB
Node 0 AnonHugePages:         0 kB
Node 0 ShmemHugePages:        0 kB
Node 0 ShmemPmdMapped:        0 kB
Node 0 FileHugePages:        0 kB
Node 0 FilePmdMapped:        0 kB
Node 0 HugePages_Total:     0
Node 0 HugePages_Free:      0
Node 0 HugePages_Surp:      0

Node 1 MemTotal:       24686196 kB
Node 1 MemFree:        24277660 kB
Node 1 MemUsed:          408536 kB
Node 1 Active:            53072 kB
Node 1 Inactive:          53152 kB
Node 1 Active(anon):      27348 kB
Node 1 Inactive(anon):      616 kB
Node 1 Active(file):      25724 kB
Node 1 Inactive(file):    52536 kB
Node 1 Unevictable:       17628 kB
Node 1 Mlocked:           17628 kB
Node 1 Dirty:               272 kB
Node 1 Writeback:             0 kB
Node 1 FilePages:         86384 kB
Node 1 Mapped:            42288 kB
Node 1 AnonPages:         37316 kB
Node 1 Shmem:               828 kB
Node 1 KernelStack:        1656 kB
Node 1 PageTables:         1248 kB
Node 1 NFS_Unstable:          0 kB
Node 1 Bounce:                0 kB
Node 1 WritebackTmp:          0 kB
Node 1 KReclaimable:      22232 kB
Node 1 Slab:              62720 kB
Node 1 SReclaimable:      22232 kB
Node 1 SUnreclaim:        40488 kB
Node 1 AnonHugePages:         0 kB
Node 1 ShmemHugePages:        0 kB
Node 1 ShmemPmdMapped:        0 kB
Node 1 FileHugePages:        0 kB
Node 1 FilePmdMapped:        0 kB
Node 1 HugePages_Total:     0
Node 1 HugePages_Free:      0
Node 1 HugePages_Surp:      0

After Test
Node 0 MemTotal:       24743736 kB
Node 0 MemFree:        23434848 kB
Node 0 MemUsed:         1308888 kB
Node 0 Active:            54644 kB
Node 0 Inactive:          48896 kB
Node 0 Active(anon):       9432 kB
Node 0 Inactive(anon):      292 kB
Node 0 Active(file):      45212 kB
Node 0 Inactive(file):    48604 kB
Node 0 Unevictable:         896 kB
Node 0 Mlocked:             896 kB
Node 0 Dirty:                12 kB
Node 0 Writeback:             0 kB
Node 0 FilePages:         95196 kB
Node 0 Mapped:            14156 kB
Node 0 AnonPages:          9192 kB
Node 0 Shmem:               484 kB
Node 0 KernelStack:        3224 kB
Node 0 PageTables:          452 kB
Node 0 NFS_Unstable:          0 kB
Node 0 Bounce:                0 kB
Node 0 WritebackTmp:          0 kB
Node 0 KReclaimable:      21328 kB
Node 0 Slab:              60820 kB
Node 0 SReclaimable:      21328 kB
Node 0 SUnreclaim:        39492 kB
Node 0 AnonHugePages:         0 kB
Node 0 ShmemHugePages:        0 kB
Node 0 ShmemPmdMapped:        0 kB
Node 0 FileHugePages:        0 kB
Node 0 FilePmdMapped:        0 kB
Node 0 HugePages_Total:     0
Node 0 HugePages_Free:      0
Node 0 HugePages_Surp:      0

Node 1 MemTotal:       24686196 kB
Node 1 MemFree:        24282716 kB
Node 1 MemUsed:          403480 kB
Node 1 Active:            49704 kB
Node 1 Inactive:          52888 kB
Node 1 Active(anon):      23540 kB
Node 1 Inactive(anon):      616 kB
Node 1 Active(file):      26164 kB
Node 1 Inactive(file):    52272 kB
Node 1 Unevictable:       17628 kB
Node 1 Mlocked:           17628 kB
Node 1 Dirty:                84 kB
Node 1 Writeback:             0 kB
Node 1 FilePages:         86560 kB
Node 1 Mapped:            42124 kB
Node 1 AnonPages:         33656 kB
Node 1 Shmem:               828 kB
Node 1 KernelStack:        1480 kB
Node 1 PageTables:          784 kB
Node 1 NFS_Unstable:          0 kB
Node 1 Bounce:                0 kB
Node 1 WritebackTmp:          0 kB
Node 1 KReclaimable:      22236 kB
Node 1 Slab:              62820 kB
Node 1 SReclaimable:      22236 kB
Node 1 SUnreclaim:        40584 kB
Node 1 AnonHugePages:         0 kB
Node 1 ShmemHugePages:        0 kB
Node 1 ShmemPmdMapped:        0 kB
Node 1 FileHugePages:        0 kB
Node 1 FilePmdMapped:        0 kB
Node 1 HugePages_Total:     0
Node 1 HugePages_Free:      0
Node 1 HugePages_Surp:      0

After Opposite Node
Node 0 MemTotal:       24743736 kB
Node 0 MemFree:        23435644 kB
Node 0 MemUsed:         1308092 kB
Node 0 Active:            54644 kB
Node 0 Inactive:          48692 kB
Node 0 Active(anon):       9256 kB
Node 0 Inactive(anon):      256 kB
Node 0 Active(file):      45388 kB
Node 0 Inactive(file):    48436 kB
Node 0 Unevictable:         896 kB
Node 0 Mlocked:             896 kB
Node 0 Dirty:                20 kB
Node 0 Writeback:             0 kB
Node 0 FilePages:         95160 kB
Node 0 Mapped:            14104 kB
Node 0 AnonPages:          9072 kB
Node 0 Shmem:               440 kB
Node 0 KernelStack:        3208 kB
Node 0 PageTables:          280 kB
Node 0 NFS_Unstable:          0 kB
Node 0 Bounce:                0 kB
Node 0 WritebackTmp:          0 kB
Node 0 KReclaimable:      21344 kB
Node 0 Slab:              60828 kB
Node 0 SReclaimable:      21344 kB
Node 0 SUnreclaim:        39484 kB
Node 0 AnonHugePages:         0 kB
Node 0 ShmemHugePages:        0 kB
Node 0 ShmemPmdMapped:        0 kB
Node 0 FileHugePages:        0 kB
Node 0 FilePmdMapped:        0 kB
Node 0 HugePages_Total:     0
Node 0 HugePages_Free:      0
Node 0 HugePages_Surp:      0

Node 1 MemTotal:       24686196 kB
Node 1 MemFree:        24281868 kB
Node 1 MemUsed:          404328 kB
Node 1 Active:            49892 kB
Node 1 Inactive:          52904 kB
Node 1 Active(anon):      23700 kB
Node 1 Inactive(anon):      640 kB
Node 1 Active(file):      26192 kB
Node 1 Inactive(file):    52264 kB
Node 1 Unevictable:       17628 kB
Node 1 Mlocked:           17628 kB
Node 1 Dirty:               100 kB
Node 1 Writeback:             0 kB
Node 1 FilePages:         86624 kB
Node 1 Mapped:            42168 kB
Node 1 AnonPages:         33716 kB
Node 1 Shmem:               872 kB
Node 1 KernelStack:        1480 kB
Node 1 PageTables:          896 kB
Node 1 NFS_Unstable:          0 kB
Node 1 Bounce:                0 kB
Node 1 WritebackTmp:          0 kB
Node 1 KReclaimable:      22292 kB
Node 1 Slab:              63084 kB
Node 1 SReclaimable:      22292 kB
Node 1 SUnreclaim:        40792 kB
Node 1 AnonHugePages:         0 kB
Node 1 ShmemHugePages:        0 kB
Node 1 ShmemPmdMapped:        0 kB
Node 1 FileHugePages:        0 kB
Node 1 FilePmdMapped:        0 kB
Node 1 HugePages_Total:     0
Node 1 HugePages_Free:      0
Node 1 HugePages_Surp:      0

U.0.fio.500M.1.O Complete!
