kernel.numa_balancing = 0
U.0.fio.8G.1.O
Begin
Node 0 MemTotal:       24743736 kB
Node 0 MemFree:        24548920 kB
Node 0 MemUsed:          194816 kB
Node 0 Active:            33096 kB
Node 0 Inactive:          26876 kB
Node 0 Active(anon):      13916 kB
Node 0 Inactive(anon):      376 kB
Node 0 Active(file):      19180 kB
Node 0 Inactive(file):    26500 kB
Node 0 Unevictable:        4920 kB
Node 0 Mlocked:            4920 kB
Node 0 Dirty:               372 kB
Node 0 Writeback:             0 kB
Node 0 FilePages:         51196 kB
Node 0 Mapped:            25720 kB
Node 0 AnonPages:         13848 kB
Node 0 Shmem:               552 kB
Node 0 KernelStack:        2104 kB
Node 0 PageTables:          512 kB
Node 0 NFS_Unstable:          0 kB
Node 0 Bounce:                0 kB
Node 0 WritebackTmp:          0 kB
Node 0 KReclaimable:      17416 kB
Node 0 Slab:              44092 kB
Node 0 SReclaimable:      17416 kB
Node 0 SUnreclaim:        26676 kB
Node 0 AnonHugePages:         0 kB
Node 0 ShmemHugePages:        0 kB
Node 0 ShmemPmdMapped:        0 kB
Node 0 FileHugePages:        0 kB
Node 0 FilePmdMapped:        0 kB
Node 0 HugePages_Total:     0
Node 0 HugePages_Free:      0
Node 0 HugePages_Surp:      0

Node 1 MemTotal:       24686196 kB
Node 1 MemFree:        24259948 kB
Node 1 MemUsed:          426248 kB
Node 1 Active:            62696 kB
Node 1 Inactive:          71968 kB
Node 1 Active(anon):      20108 kB
Node 1 Inactive(anon):      512 kB
Node 1 Active(file):      42588 kB
Node 1 Inactive(file):    71456 kB
Node 1 Unevictable:       13604 kB
Node 1 Mlocked:           13604 kB
Node 1 Dirty:               140 kB
Node 1 Writeback:             0 kB
Node 1 FilePages:        118056 kB
Node 1 Mapped:            20828 kB
Node 1 AnonPages:         30292 kB
Node 1 Shmem:               716 kB
Node 1 KernelStack:        1512 kB
Node 1 PageTables:          596 kB
Node 1 NFS_Unstable:          0 kB
Node 1 Bounce:                0 kB
Node 1 WritebackTmp:          0 kB
Node 1 KReclaimable:      23904 kB
Node 1 Slab:              62044 kB
Node 1 SReclaimable:      23904 kB
Node 1 SUnreclaim:        38140 kB
Node 1 AnonHugePages:         0 kB
Node 1 ShmemHugePages:        0 kB
Node 1 ShmemPmdMapped:        0 kB
Node 1 FileHugePages:        0 kB
Node 1 FilePmdMapped:        0 kB
Node 1 HugePages_Total:     0
Node 1 HugePages_Free:      0
Node 1 HugePages_Surp:      0

Load ZFS
Node 0 MemTotal:       24743736 kB
Node 0 MemFree:        24409164 kB
Node 0 MemUsed:          334572 kB
Node 0 Active:            36100 kB
Node 0 Inactive:          27308 kB
Node 0 Active(anon):      15980 kB
Node 0 Inactive(anon):      376 kB
Node 0 Active(file):      20120 kB
Node 0 Inactive(file):    26932 kB
Node 0 Unevictable:        4920 kB
Node 0 Mlocked:            4920 kB
Node 0 Dirty:               400 kB
Node 0 Writeback:             0 kB
Node 0 FilePages:         52524 kB
Node 0 Mapped:            25724 kB
Node 0 AnonPages:         15804 kB
Node 0 Shmem:               552 kB
Node 0 KernelStack:        1976 kB
Node 0 PageTables:          644 kB
Node 0 NFS_Unstable:          0 kB
Node 0 Bounce:                0 kB
Node 0 WritebackTmp:          0 kB
Node 0 KReclaimable:      17772 kB
Node 0 Slab:              45488 kB
Node 0 SReclaimable:      17772 kB
Node 0 SUnreclaim:        27716 kB
Node 0 AnonHugePages:         0 kB
Node 0 ShmemHugePages:        0 kB
Node 0 ShmemPmdMapped:        0 kB
Node 0 FileHugePages:        0 kB
Node 0 FilePmdMapped:        0 kB
Node 0 HugePages_Total:     0
Node 0 HugePages_Free:      0
Node 0 HugePages_Surp:      0

Node 1 MemTotal:       24686196 kB
Node 1 MemFree:        24392324 kB
Node 1 MemUsed:          293872 kB
Node 1 Active:            68752 kB
Node 1 Inactive:          67484 kB
Node 1 Active(anon):      20464 kB
Node 1 Inactive(anon):      512 kB
Node 1 Active(file):      48288 kB
Node 1 Inactive(file):    66972 kB
Node 1 Unevictable:       13604 kB
Node 1 Mlocked:           13604 kB
Node 1 Dirty:               140 kB
Node 1 Writeback:             0 kB
Node 1 FilePages:        119248 kB
Node 1 Mapped:            20988 kB
Node 1 AnonPages:         30588 kB
Node 1 Shmem:               716 kB
Node 1 KernelStack:        1704 kB
Node 1 PageTables:          596 kB
Node 1 NFS_Unstable:          0 kB
Node 1 Bounce:                0 kB
Node 1 WritebackTmp:          0 kB
Node 1 KReclaimable:      24336 kB
Node 1 Slab:              63664 kB
Node 1 SReclaimable:      24336 kB
Node 1 SUnreclaim:        39328 kB
Node 1 AnonHugePages:         0 kB
Node 1 ShmemHugePages:        0 kB
Node 1 ShmemPmdMapped:        0 kB
Node 1 FileHugePages:        0 kB
Node 1 FilePmdMapped:        0 kB
Node 1 HugePages_Total:     0
Node 1 HugePages_Free:      0
Node 1 HugePages_Surp:      0

Import tank ZPool
Node 0 MemTotal:       24743736 kB
Node 0 MemFree:        24401644 kB
Node 0 MemUsed:          342092 kB
Node 0 Active:            37204 kB
Node 0 Inactive:          28544 kB
Node 0 Active(anon):      16624 kB
Node 0 Inactive(anon):      380 kB
Node 0 Active(file):      20580 kB
Node 0 Inactive(file):    28164 kB
Node 0 Unevictable:        4920 kB
Node 0 Mlocked:            4920 kB
Node 0 Dirty:               204 kB
Node 0 Writeback:             0 kB
Node 0 FilePages:         54220 kB
Node 0 Mapped:            25888 kB
Node 0 AnonPages:         16276 kB
Node 0 Shmem:               556 kB
Node 0 KernelStack:        2104 kB
Node 0 PageTables:          740 kB
Node 0 NFS_Unstable:          0 kB
Node 0 Bounce:                0 kB
Node 0 WritebackTmp:          0 kB
Node 0 KReclaimable:      17888 kB
Node 0 Slab:              50700 kB
Node 0 SReclaimable:      17888 kB
Node 0 SUnreclaim:        32812 kB
Node 0 AnonHugePages:         0 kB
Node 0 ShmemHugePages:        0 kB
Node 0 ShmemPmdMapped:        0 kB
Node 0 FileHugePages:        0 kB
Node 0 FilePmdMapped:        0 kB
Node 0 HugePages_Total:     0
Node 0 HugePages_Free:      0
Node 0 HugePages_Surp:      0

Node 1 MemTotal:       24686196 kB
Node 1 MemFree:        24377540 kB
Node 1 MemUsed:          308656 kB
Node 1 Active:            68956 kB
Node 1 Inactive:          67436 kB
Node 1 Active(anon):      20588 kB
Node 1 Inactive(anon):      512 kB
Node 1 Active(file):      48368 kB
Node 1 Inactive(file):    66924 kB
Node 1 Unevictable:       13604 kB
Node 1 Mlocked:           13604 kB
Node 1 Dirty:               152 kB
Node 1 Writeback:             0 kB
Node 1 FilePages:        119292 kB
Node 1 Mapped:            20892 kB
Node 1 AnonPages:         30720 kB
Node 1 Shmem:               712 kB
Node 1 KernelStack:        2696 kB
Node 1 PageTables:          596 kB
Node 1 NFS_Unstable:          0 kB
Node 1 Bounce:                0 kB
Node 1 WritebackTmp:          0 kB
Node 1 KReclaimable:      24352 kB
Node 1 Slab:              65996 kB
Node 1 SReclaimable:      24352 kB
Node 1 SUnreclaim:        41644 kB
Node 1 AnonHugePages:         0 kB
Node 1 ShmemHugePages:        0 kB
Node 1 ShmemPmdMapped:        0 kB
Node 1 FileHugePages:        0 kB
Node 1 FilePmdMapped:        0 kB
Node 1 HugePages_Total:     0
Node 1 HugePages_Free:      0
Node 1 HugePages_Surp:      0

After Test
Node 0 MemTotal:       24743736 kB
Node 0 MemFree:        15984084 kB
Node 0 MemUsed:         8759652 kB
Node 0 Active:            34588 kB
Node 0 Inactive:          29456 kB
Node 0 Active(anon):      13056 kB
Node 0 Inactive(anon):      404 kB
Node 0 Active(file):      21532 kB
Node 0 Inactive(file):    29052 kB
Node 0 Unevictable:        4920 kB
Node 0 Mlocked:            4920 kB
Node 0 Dirty:                16 kB
Node 0 Writeback:             0 kB
Node 0 FilePages:         56104 kB
Node 0 Mapped:            25992 kB
Node 0 AnonPages:         12784 kB
Node 0 Shmem:               600 kB
Node 0 KernelStack:        2008 kB
Node 0 PageTables:          556 kB
Node 0 NFS_Unstable:          0 kB
Node 0 Bounce:                0 kB
Node 0 WritebackTmp:          0 kB
Node 0 KReclaimable:      19328 kB
Node 0 Slab:              81180 kB
Node 0 SReclaimable:      19328 kB
Node 0 SUnreclaim:        61852 kB
Node 0 AnonHugePages:         0 kB
Node 0 ShmemHugePages:        0 kB
Node 0 ShmemPmdMapped:        0 kB
Node 0 FileHugePages:        0 kB
Node 0 FilePmdMapped:        0 kB
Node 0 HugePages_Total:     0
Node 0 HugePages_Free:      0
Node 0 HugePages_Surp:      0

Node 1 MemTotal:       24686196 kB
Node 1 MemFree:        23567984 kB
Node 1 MemUsed:         1118212 kB
Node 1 Active:            68716 kB
Node 1 Inactive:          67396 kB
Node 1 Active(anon):      20140 kB
Node 1 Inactive(anon):      512 kB
Node 1 Active(file):      48576 kB
Node 1 Inactive(file):    66884 kB
Node 1 Unevictable:       13604 kB
Node 1 Mlocked:           13604 kB
Node 1 Dirty:                16 kB
Node 1 Writeback:             0 kB
Node 1 FilePages:        119452 kB
Node 1 Mapped:            20828 kB
Node 1 AnonPages:         30268 kB
Node 1 Shmem:               712 kB
Node 1 KernelStack:        2632 kB
Node 1 PageTables:          596 kB
Node 1 NFS_Unstable:          0 kB
Node 1 Bounce:                0 kB
Node 1 WritebackTmp:          0 kB
Node 1 KReclaimable:      24392 kB
Node 1 Slab:              69364 kB
Node 1 SReclaimable:      24392 kB
Node 1 SUnreclaim:        44972 kB
Node 1 AnonHugePages:         0 kB
Node 1 ShmemHugePages:        0 kB
Node 1 ShmemPmdMapped:        0 kB
Node 1 FileHugePages:        0 kB
Node 1 FilePmdMapped:        0 kB
Node 1 HugePages_Total:     0
Node 1 HugePages_Free:      0
Node 1 HugePages_Surp:      0

After Opposite Node
Node 0 MemTotal:       24743736 kB
Node 0 MemFree:        15984796 kB
Node 0 MemUsed:         8758940 kB
Node 0 Active:            34616 kB
Node 0 Inactive:          29272 kB
Node 0 Active(anon):      12908 kB
Node 0 Inactive(anon):      380 kB
Node 0 Active(file):      21708 kB
Node 0 Inactive(file):    28892 kB
Node 0 Unevictable:        4920 kB
Node 0 Mlocked:            4920 kB
Node 0 Dirty:                32 kB
Node 0 Writeback:             0 kB
Node 0 FilePages:         56076 kB
Node 0 Mapped:            25928 kB
Node 0 AnonPages:         12732 kB
Node 0 Shmem:               556 kB
Node 0 KernelStack:        1960 kB
Node 0 PageTables:          440 kB
Node 0 NFS_Unstable:          0 kB
Node 0 Bounce:                0 kB
Node 0 WritebackTmp:          0 kB
Node 0 KReclaimable:      19328 kB
Node 0 Slab:              80728 kB
Node 0 SReclaimable:      19328 kB
Node 0 SUnreclaim:        61400 kB
Node 0 AnonHugePages:         0 kB
Node 0 ShmemHugePages:        0 kB
Node 0 ShmemPmdMapped:        0 kB
Node 0 FileHugePages:        0 kB
Node 0 FilePmdMapped:        0 kB
Node 0 HugePages_Total:     0
Node 0 HugePages_Free:      0
Node 0 HugePages_Surp:      0

Node 1 MemTotal:       24686196 kB
Node 1 MemFree:        23562788 kB
Node 1 MemUsed:         1123408 kB
Node 1 Active:            68940 kB
Node 1 Inactive:          67432 kB
Node 1 Active(anon):      20324 kB
Node 1 Inactive(anon):      540 kB
Node 1 Active(file):      48616 kB
Node 1 Inactive(file):    66892 kB
Node 1 Unevictable:       13604 kB
Node 1 Mlocked:           13604 kB
Node 1 Dirty:                40 kB
Node 1 Writeback:             0 kB
Node 1 FilePages:        119536 kB
Node 1 Mapped:            20872 kB
Node 1 AnonPages:         30408 kB
Node 1 Shmem:               756 kB
Node 1 KernelStack:        2756 kB
Node 1 PageTables:          768 kB
Node 1 NFS_Unstable:          0 kB
Node 1 Bounce:                0 kB
Node 1 WritebackTmp:          0 kB
Node 1 KReclaimable:      24472 kB
Node 1 Slab:              70848 kB
Node 1 SReclaimable:      24472 kB
Node 1 SUnreclaim:        46376 kB
Node 1 AnonHugePages:         0 kB
Node 1 ShmemHugePages:        0 kB
Node 1 ShmemPmdMapped:        0 kB
Node 1 FileHugePages:        0 kB
Node 1 FilePmdMapped:        0 kB
Node 1 HugePages_Total:     0
Node 1 HugePages_Free:      0
Node 1 HugePages_Surp:      0

U.0.fio.8G.1.O Complete!
