kernel.numa_balancing = 0
U.0.fio.2-1G.1.O
Begin
Node 0 MemTotal:       24743736 kB
Node 0 MemFree:        24492864 kB
Node 0 MemUsed:          250872 kB
Node 0 Active:            62664 kB
Node 0 Inactive:          30840 kB
Node 0 Active(anon):      24080 kB
Node 0 Inactive(anon):      316 kB
Node 0 Active(file):      38584 kB
Node 0 Inactive(file):    30524 kB
Node 0 Unevictable:       13128 kB
Node 0 Mlocked:           13128 kB
Node 0 Dirty:               128 kB
Node 0 Writeback:             0 kB
Node 0 FilePages:         72388 kB
Node 0 Mapped:            26888 kB
Node 0 AnonPages:         34392 kB
Node 0 Shmem:               480 kB
Node 0 KernelStack:        2344 kB
Node 0 PageTables:          768 kB
Node 0 NFS_Unstable:          0 kB
Node 0 Bounce:                0 kB
Node 0 WritebackTmp:          0 kB
Node 0 KReclaimable:      20996 kB
Node 0 Slab:              57248 kB
Node 0 SReclaimable:      20996 kB
Node 0 SUnreclaim:        36252 kB
Node 0 AnonHugePages:         0 kB
Node 0 ShmemHugePages:        0 kB
Node 0 ShmemPmdMapped:        0 kB
Node 0 FileHugePages:        0 kB
Node 0 FilePmdMapped:        0 kB
Node 0 HugePages_Total:     0
Node 0 HugePages_Free:      0
Node 0 HugePages_Surp:      0

Node 1 MemTotal:       24686196 kB
Node 1 MemFree:        24320388 kB
Node 1 MemUsed:          365808 kB
Node 1 Active:            33300 kB
Node 1 Inactive:          62648 kB
Node 1 Active(anon):       9716 kB
Node 1 Inactive(anon):      572 kB
Node 1 Active(file):      23584 kB
Node 1 Inactive(file):    62076 kB
Node 1 Unevictable:        5396 kB
Node 1 Mlocked:            5396 kB
Node 1 Dirty:               388 kB
Node 1 Writeback:             0 kB
Node 1 FilePages:         92288 kB
Node 1 Mapped:            16020 kB
Node 1 AnonPages:          9528 kB
Node 1 Shmem:               788 kB
Node 1 KernelStack:        1288 kB
Node 1 PageTables:          312 kB
Node 1 NFS_Unstable:          0 kB
Node 1 Bounce:                0 kB
Node 1 WritebackTmp:          0 kB
Node 1 KReclaimable:      20968 kB
Node 1 Slab:              49672 kB
Node 1 SReclaimable:      20968 kB
Node 1 SUnreclaim:        28704 kB
Node 1 AnonHugePages:         0 kB
Node 1 ShmemHugePages:        0 kB
Node 1 ShmemPmdMapped:        0 kB
Node 1 FileHugePages:        0 kB
Node 1 FilePmdMapped:        0 kB
Node 1 HugePages_Total:     0
Node 1 HugePages_Free:      0
Node 1 HugePages_Surp:      0

Load ZFS
Node 0 MemTotal:       24743736 kB
Node 0 MemFree:        24489132 kB
Node 0 MemUsed:          254604 kB
Node 0 Active:            66728 kB
Node 0 Inactive:          30648 kB
Node 0 Active(anon):      27468 kB
Node 0 Inactive(anon):      320 kB
Node 0 Active(file):      39260 kB
Node 0 Inactive(file):    30328 kB
Node 0 Unevictable:       13128 kB
Node 0 Mlocked:           13128 kB
Node 0 Dirty:               152 kB
Node 0 Writeback:             0 kB
Node 0 FilePages:         72868 kB
Node 0 Mapped:            26888 kB
Node 0 AnonPages:         37792 kB
Node 0 Shmem:               480 kB
Node 0 KernelStack:        2344 kB
Node 0 PageTables:          840 kB
Node 0 NFS_Unstable:          0 kB
Node 0 Bounce:                0 kB
Node 0 WritebackTmp:          0 kB
Node 0 KReclaimable:      21432 kB
Node 0 Slab:              58916 kB
Node 0 SReclaimable:      21432 kB
Node 0 SUnreclaim:        37484 kB
Node 0 AnonHugePages:         0 kB
Node 0 ShmemHugePages:        0 kB
Node 0 ShmemPmdMapped:        0 kB
Node 0 FileHugePages:        0 kB
Node 0 FilePmdMapped:        0 kB
Node 0 HugePages_Total:     0
Node 0 HugePages_Free:      0
Node 0 HugePages_Surp:      0

Node 1 MemTotal:       24686196 kB
Node 1 MemFree:        24312872 kB
Node 1 MemUsed:          373324 kB
Node 1 Active:            42880 kB
Node 1 Inactive:          58752 kB
Node 1 Active(anon):      13032 kB
Node 1 Inactive(anon):      572 kB
Node 1 Active(file):      29848 kB
Node 1 Inactive(file):    58180 kB
Node 1 Unevictable:        5396 kB
Node 1 Mlocked:            5396 kB
Node 1 Dirty:               388 kB
Node 1 Writeback:             0 kB
Node 1 FilePages:         94208 kB
Node 1 Mapped:            16188 kB
Node 1 AnonPages:         13036 kB
Node 1 Shmem:               788 kB
Node 1 KernelStack:        1448 kB
Node 1 PageTables:          644 kB
Node 1 NFS_Unstable:          0 kB
Node 1 Bounce:                0 kB
Node 1 WritebackTmp:          0 kB
Node 1 KReclaimable:      21440 kB
Node 1 Slab:              51580 kB
Node 1 SReclaimable:      21440 kB
Node 1 SUnreclaim:        30140 kB
Node 1 AnonHugePages:         0 kB
Node 1 ShmemHugePages:        0 kB
Node 1 ShmemPmdMapped:        0 kB
Node 1 FileHugePages:        0 kB
Node 1 FilePmdMapped:        0 kB
Node 1 HugePages_Total:     0
Node 1 HugePages_Free:      0
Node 1 HugePages_Surp:      0

Import tank ZPool
Node 0 MemTotal:       24743736 kB
Node 0 MemFree:        24490676 kB
Node 0 MemUsed:          253060 kB
Node 0 Active:            66896 kB
Node 0 Inactive:          30592 kB
Node 0 Active(anon):      27556 kB
Node 0 Inactive(anon):      320 kB
Node 0 Active(file):      39340 kB
Node 0 Inactive(file):    30272 kB
Node 0 Unevictable:       13128 kB
Node 0 Mlocked:           13128 kB
Node 0 Dirty:               192 kB
Node 0 Writeback:             0 kB
Node 0 FilePages:         72932 kB
Node 0 Mapped:            26972 kB
Node 0 AnonPages:         37796 kB
Node 0 Shmem:               480 kB
Node 0 KernelStack:        2328 kB
Node 0 PageTables:          840 kB
Node 0 NFS_Unstable:          0 kB
Node 0 Bounce:                0 kB
Node 0 WritebackTmp:          0 kB
Node 0 KReclaimable:      21444 kB
Node 0 Slab:              58896 kB
Node 0 SReclaimable:      21444 kB
Node 0 SUnreclaim:        37452 kB
Node 0 AnonHugePages:         0 kB
Node 0 ShmemHugePages:        0 kB
Node 0 ShmemPmdMapped:        0 kB
Node 0 FileHugePages:        0 kB
Node 0 FilePmdMapped:        0 kB
Node 0 HugePages_Total:     0
Node 0 HugePages_Free:      0
Node 0 HugePages_Surp:      0

Node 1 MemTotal:       24686196 kB
Node 1 MemFree:        24292776 kB
Node 1 MemUsed:          393420 kB
Node 1 Active:            43992 kB
Node 1 Inactive:          59984 kB
Node 1 Active(anon):      13708 kB
Node 1 Inactive(anon):      576 kB
Node 1 Active(file):      30284 kB
Node 1 Inactive(file):    59408 kB
Node 1 Unevictable:        5396 kB
Node 1 Mlocked:            5396 kB
Node 1 Dirty:               172 kB
Node 1 Writeback:             0 kB
Node 1 FilePages:         95900 kB
Node 1 Mapped:            16200 kB
Node 1 AnonPages:         13272 kB
Node 1 Shmem:               788 kB
Node 1 KernelStack:        2584 kB
Node 1 PageTables:          736 kB
Node 1 NFS_Unstable:          0 kB
Node 1 Bounce:                0 kB
Node 1 WritebackTmp:          0 kB
Node 1 KReclaimable:      21584 kB
Node 1 Slab:              58864 kB
Node 1 SReclaimable:      21584 kB
Node 1 SUnreclaim:        37280 kB
Node 1 AnonHugePages:         0 kB
Node 1 ShmemHugePages:        0 kB
Node 1 ShmemPmdMapped:        0 kB
Node 1 FileHugePages:        0 kB
Node 1 FilePmdMapped:        0 kB
Node 1 HugePages_Total:     0
Node 1 HugePages_Free:      0
Node 1 HugePages_Surp:      0

After Test
Node 0 MemTotal:       24743736 kB
Node 0 MemFree:        23436272 kB
Node 0 MemUsed:         1307464 kB
Node 0 Active:            63084 kB
Node 0 Inactive:          31772 kB
Node 0 Active(anon):      23004 kB
Node 0 Inactive(anon):      344 kB
Node 0 Active(file):      40080 kB
Node 0 Inactive(file):    31428 kB
Node 0 Unevictable:       13128 kB
Node 0 Mlocked:           13128 kB
Node 0 Dirty:                16 kB
Node 0 Writeback:             0 kB
Node 0 FilePages:         74832 kB
Node 0 Mapped:            27148 kB
Node 0 AnonPages:         33072 kB
Node 0 Shmem:               524 kB
Node 0 KernelStack:        2200 kB
Node 0 PageTables:          812 kB
Node 0 NFS_Unstable:          0 kB
Node 0 Bounce:                0 kB
Node 0 WritebackTmp:          0 kB
Node 0 KReclaimable:      22748 kB
Node 0 Slab:              66492 kB
Node 0 SReclaimable:      22748 kB
Node 0 SUnreclaim:        43744 kB
Node 0 AnonHugePages:         0 kB
Node 0 ShmemHugePages:        0 kB
Node 0 ShmemPmdMapped:        0 kB
Node 0 FileHugePages:        0 kB
Node 0 FilePmdMapped:        0 kB
Node 0 HugePages_Total:     0
Node 0 HugePages_Free:      0
Node 0 HugePages_Surp:      0

Node 1 MemTotal:       24686196 kB
Node 1 MemFree:        23485244 kB
Node 1 MemUsed:         1200952 kB
Node 1 Active:            40476 kB
Node 1 Inactive:          59744 kB
Node 1 Active(anon):       9924 kB
Node 1 Inactive(anon):      576 kB
Node 1 Active(file):      30552 kB
Node 1 Inactive(file):    59168 kB
Node 1 Unevictable:        5396 kB
Node 1 Mlocked:            5396 kB
Node 1 Dirty:                20 kB
Node 1 Writeback:             0 kB
Node 1 FilePages:         95900 kB
Node 1 Mapped:            16020 kB
Node 1 AnonPages:          9712 kB
Node 1 Shmem:               788 kB
Node 1 KernelStack:        2376 kB
Node 1 PageTables:          328 kB
Node 1 NFS_Unstable:          0 kB
Node 1 Bounce:                0 kB
Node 1 WritebackTmp:          0 kB
Node 1 KReclaimable:      21616 kB
Node 1 Slab:              62432 kB
Node 1 SReclaimable:      21616 kB
Node 1 SUnreclaim:        40816 kB
Node 1 AnonHugePages:         0 kB
Node 1 ShmemHugePages:        0 kB
Node 1 ShmemPmdMapped:        0 kB
Node 1 FileHugePages:        0 kB
Node 1 FilePmdMapped:        0 kB
Node 1 HugePages_Total:     0
Node 1 HugePages_Free:      0
Node 1 HugePages_Surp:      0

After Opposite Node
Node 0 MemTotal:       24743736 kB
Node 0 MemFree:        23437472 kB
Node 0 MemUsed:         1306264 kB
Node 0 Active:            63472 kB
Node 0 Inactive:          31568 kB
Node 0 Active(anon):      23188 kB
Node 0 Inactive(anon):      320 kB
Node 0 Active(file):      40284 kB
Node 0 Inactive(file):    31248 kB
Node 0 Unevictable:       13128 kB
Node 0 Mlocked:           13128 kB
Node 0 Dirty:                52 kB
Node 0 Writeback:             0 kB
Node 0 FilePages:         74812 kB
Node 0 Mapped:            27108 kB
Node 0 AnonPages:         33356 kB
Node 0 Shmem:               480 kB
Node 0 KernelStack:        2200 kB
Node 0 PageTables:          696 kB
Node 0 NFS_Unstable:          0 kB
Node 0 Bounce:                0 kB
Node 0 WritebackTmp:          0 kB
Node 0 KReclaimable:      22780 kB
Node 0 Slab:              66676 kB
Node 0 SReclaimable:      22780 kB
Node 0 SUnreclaim:        43896 kB
Node 0 AnonHugePages:         0 kB
Node 0 ShmemHugePages:        0 kB
Node 0 ShmemPmdMapped:        0 kB
Node 0 FileHugePages:        0 kB
Node 0 FilePmdMapped:        0 kB
Node 0 HugePages_Total:     0
Node 0 HugePages_Free:      0
Node 0 HugePages_Surp:      0

Node 1 MemTotal:       24686196 kB
Node 1 MemFree:        23483432 kB
Node 1 MemUsed:         1202764 kB
Node 1 Active:            40308 kB
Node 1 Inactive:          59776 kB
Node 1 Active(anon):       9752 kB
Node 1 Inactive(anon):      600 kB
Node 1 Active(file):      30556 kB
Node 1 Inactive(file):    59176 kB
Node 1 Unevictable:        5396 kB
Node 1 Mlocked:            5396 kB
Node 1 Dirty:                36 kB
Node 1 Writeback:             0 kB
Node 1 FilePages:         95956 kB
Node 1 Mapped:            16064 kB
Node 1 AnonPages:          9440 kB
Node 1 Shmem:               832 kB
Node 1 KernelStack:        2376 kB
Node 1 PageTables:          440 kB
Node 1 NFS_Unstable:          0 kB
Node 1 Bounce:                0 kB
Node 1 WritebackTmp:          0 kB
Node 1 KReclaimable:      21656 kB
Node 1 Slab:              63044 kB
Node 1 SReclaimable:      21656 kB
Node 1 SUnreclaim:        41388 kB
Node 1 AnonHugePages:         0 kB
Node 1 ShmemHugePages:        0 kB
Node 1 ShmemPmdMapped:        0 kB
Node 1 FileHugePages:        0 kB
Node 1 FilePmdMapped:        0 kB
Node 1 HugePages_Total:     0
Node 1 HugePages_Free:      0
Node 1 HugePages_Surp:      0

U.0.fio.2-1G.1.O Complete!
