kernel.numa_balancing = 0
U.0.fio.4G.2.O
Begin
Node 0 MemTotal:       24768352 kB
Node 0 MemFree:        24525152 kB
Node 0 MemUsed:          243200 kB
Node 0 Active:            41688 kB
Node 0 Inactive:          61868 kB
Node 0 Active(anon):      17672 kB
Node 0 Inactive(anon):      460 kB
Node 0 Active(file):      24016 kB
Node 0 Inactive(file):    61408 kB
Node 0 Unevictable:        5624 kB
Node 0 Mlocked:            5624 kB
Node 0 Dirty:               136 kB
Node 0 Writeback:             0 kB
Node 0 FilePages:         91700 kB
Node 0 Mapped:            19980 kB
Node 0 AnonPages:         17600 kB
Node 0 Shmem:               656 kB
Node 0 KernelStack:        1928 kB
Node 0 PageTables:          448 kB
Node 0 NFS_Unstable:          0 kB
Node 0 Bounce:                0 kB
Node 0 WritebackTmp:          0 kB
Node 0 KReclaimable:      16792 kB
Node 0 Slab:              52272 kB
Node 0 SReclaimable:      16792 kB
Node 0 SUnreclaim:        35480 kB
Node 0 AnonHugePages:         0 kB
Node 0 ShmemHugePages:        0 kB
Node 0 ShmemPmdMapped:        0 kB
Node 0 FileHugePages:        0 kB
Node 0 FilePmdMapped:        0 kB
Node 0 HugePages_Total:     0
Node 0 HugePages_Free:      0
Node 0 HugePages_Surp:      0

Node 1 MemTotal:       24661580 kB
Node 1 MemFree:        24287484 kB
Node 1 MemUsed:          374096 kB
Node 1 Active:            53240 kB
Node 1 Inactive:          34996 kB
Node 1 Active(anon):      15960 kB
Node 1 Inactive(anon):      412 kB
Node 1 Active(file):      37280 kB
Node 1 Inactive(file):    34584 kB
Node 1 Unevictable:       12900 kB
Node 1 Mlocked:           12900 kB
Node 1 Dirty:               396 kB
Node 1 Writeback:             0 kB
Node 1 FilePages:         75052 kB
Node 1 Mapped:            29060 kB
Node 1 AnonPages:         26088 kB
Node 1 Shmem:               612 kB
Node 1 KernelStack:        1688 kB
Node 1 PageTables:          608 kB
Node 1 NFS_Unstable:          0 kB
Node 1 Bounce:                0 kB
Node 1 WritebackTmp:          0 kB
Node 1 KReclaimable:      24624 kB
Node 1 Slab:              53776 kB
Node 1 SReclaimable:      24624 kB
Node 1 SUnreclaim:        29152 kB
Node 1 AnonHugePages:         0 kB
Node 1 ShmemHugePages:        0 kB
Node 1 ShmemPmdMapped:        0 kB
Node 1 FileHugePages:        0 kB
Node 1 FilePmdMapped:        0 kB
Node 1 HugePages_Total:     0
Node 1 HugePages_Free:      0
Node 1 HugePages_Surp:      0

Load ZFS
Node 0 MemTotal:       24768352 kB
Node 0 MemFree:        24518396 kB
Node 0 MemUsed:          249956 kB
Node 0 Active:            46912 kB
Node 0 Inactive:          61812 kB
Node 0 Active(anon):      21448 kB
Node 0 Inactive(anon):      460 kB
Node 0 Active(file):      25464 kB
Node 0 Inactive(file):    61352 kB
Node 0 Unevictable:        5624 kB
Node 0 Mlocked:            5624 kB
Node 0 Dirty:               136 kB
Node 0 Writeback:             0 kB
Node 0 FilePages:         93092 kB
Node 0 Mapped:            20176 kB
Node 0 AnonPages:         21364 kB
Node 0 Shmem:               656 kB
Node 0 KernelStack:        1992 kB
Node 0 PageTables:          664 kB
Node 0 NFS_Unstable:          0 kB
Node 0 Bounce:                0 kB
Node 0 WritebackTmp:          0 kB
Node 0 KReclaimable:      17304 kB
Node 0 Slab:              54432 kB
Node 0 SReclaimable:      17304 kB
Node 0 SUnreclaim:        37128 kB
Node 0 AnonHugePages:         0 kB
Node 0 ShmemHugePages:        0 kB
Node 0 ShmemPmdMapped:        0 kB
Node 0 FileHugePages:        0 kB
Node 0 FilePmdMapped:        0 kB
Node 0 HugePages_Total:     0
Node 0 HugePages_Free:      0
Node 0 HugePages_Surp:      0

Node 1 MemTotal:       24661580 kB
Node 1 MemFree:        24283740 kB
Node 1 MemUsed:          377840 kB
Node 1 Active:            58908 kB
Node 1 Inactive:          30988 kB
Node 1 Active(anon):      16444 kB
Node 1 Inactive(anon):      412 kB
Node 1 Active(file):      42464 kB
Node 1 Inactive(file):    30576 kB
Node 1 Unevictable:       12900 kB
Node 1 Mlocked:           12900 kB
Node 1 Dirty:               420 kB
Node 1 Writeback:             0 kB
Node 1 FilePages:         76224 kB
Node 1 Mapped:            29072 kB
Node 1 AnonPages:         26784 kB
Node 1 Shmem:               612 kB
Node 1 KernelStack:        1720 kB
Node 1 PageTables:          676 kB
Node 1 NFS_Unstable:          0 kB
Node 1 Bounce:                0 kB
Node 1 WritebackTmp:          0 kB
Node 1 KReclaimable:      25120 kB
Node 1 Slab:              55612 kB
Node 1 SReclaimable:      25120 kB
Node 1 SUnreclaim:        30492 kB
Node 1 AnonHugePages:         0 kB
Node 1 ShmemHugePages:        0 kB
Node 1 ShmemPmdMapped:        0 kB
Node 1 FileHugePages:        0 kB
Node 1 FilePmdMapped:        0 kB
Node 1 HugePages_Total:     0
Node 1 HugePages_Free:      0
Node 1 HugePages_Surp:      0

Import tank ZPool
Node 0 MemTotal:       24768352 kB
Node 0 MemFree:        24519528 kB
Node 0 MemUsed:          248824 kB
Node 0 Active:            47120 kB
Node 0 Inactive:          61724 kB
Node 0 Active(anon):      21500 kB
Node 0 Inactive(anon):      460 kB
Node 0 Active(file):      25620 kB
Node 0 Inactive(file):    61264 kB
Node 0 Unevictable:        5624 kB
Node 0 Mlocked:            5624 kB
Node 0 Dirty:               164 kB
Node 0 Writeback:             0 kB
Node 0 FilePages:         93164 kB
Node 0 Mapped:            20256 kB
Node 0 AnonPages:         21372 kB
Node 0 Shmem:               652 kB
Node 0 KernelStack:        1992 kB
Node 0 PageTables:          664 kB
Node 0 NFS_Unstable:          0 kB
Node 0 Bounce:                0 kB
Node 0 WritebackTmp:          0 kB
Node 0 KReclaimable:      17304 kB
Node 0 Slab:              54576 kB
Node 0 SReclaimable:      17304 kB
Node 0 SUnreclaim:        37272 kB
Node 0 AnonHugePages:         0 kB
Node 0 ShmemHugePages:        0 kB
Node 0 ShmemPmdMapped:        0 kB
Node 0 FileHugePages:        0 kB
Node 0 FilePmdMapped:        0 kB
Node 0 HugePages_Total:     0
Node 0 HugePages_Free:      0
Node 0 HugePages_Surp:      0

Node 1 MemTotal:       24661580 kB
Node 1 MemFree:        24263272 kB
Node 1 MemUsed:          398308 kB
Node 1 Active:            59712 kB
Node 1 Inactive:          32220 kB
Node 1 Active(anon):      16804 kB
Node 1 Inactive(anon):      416 kB
Node 1 Active(file):      42908 kB
Node 1 Inactive(file):    31804 kB
Node 1 Unevictable:       12900 kB
Node 1 Mlocked:           12900 kB
Node 1 Dirty:               228 kB
Node 1 Writeback:             0 kB
Node 1 FilePages:         77920 kB
Node 1 Mapped:            29328 kB
Node 1 AnonPages:         26564 kB
Node 1 Shmem:               616 kB
Node 1 KernelStack:        2872 kB
Node 1 PageTables:          764 kB
Node 1 NFS_Unstable:          0 kB
Node 1 Bounce:                0 kB
Node 1 WritebackTmp:          0 kB
Node 1 KReclaimable:      25240 kB
Node 1 Slab:              62932 kB
Node 1 SReclaimable:      25240 kB
Node 1 SUnreclaim:        37692 kB
Node 1 AnonHugePages:         0 kB
Node 1 ShmemHugePages:        0 kB
Node 1 ShmemPmdMapped:        0 kB
Node 1 FileHugePages:        0 kB
Node 1 FilePmdMapped:        0 kB
Node 1 HugePages_Total:     0
Node 1 HugePages_Free:      0
Node 1 HugePages_Surp:      0

After Test
Node 0 MemTotal:       24768352 kB
Node 0 MemFree:        20310424 kB
Node 0 MemUsed:         4457928 kB
Node 0 Active:            43708 kB
Node 0 Inactive:          62912 kB
Node 0 Active(anon):      17260 kB
Node 0 Inactive(anon):      484 kB
Node 0 Active(file):      26448 kB
Node 0 Inactive(file):    62428 kB
Node 0 Unevictable:        5624 kB
Node 0 Mlocked:            5624 kB
Node 0 Dirty:                36 kB
Node 0 Writeback:             0 kB
Node 0 FilePages:         95188 kB
Node 0 Mapped:            20288 kB
Node 0 AnonPages:         16964 kB
Node 0 Shmem:               692 kB
Node 0 KernelStack:        1800 kB
Node 0 PageTables:          488 kB
Node 0 NFS_Unstable:          0 kB
Node 0 Bounce:                0 kB
Node 0 WritebackTmp:          0 kB
Node 0 KReclaimable:      18640 kB
Node 0 Slab:              72452 kB
Node 0 SReclaimable:      18640 kB
Node 0 SUnreclaim:        53812 kB
Node 0 AnonHugePages:         0 kB
Node 0 ShmemHugePages:        0 kB
Node 0 ShmemPmdMapped:        0 kB
Node 0 FileHugePages:        0 kB
Node 0 FilePmdMapped:        0 kB
Node 0 HugePages_Total:     0
Node 0 HugePages_Free:      0
Node 0 HugePages_Surp:      0

Node 1 MemTotal:       24661580 kB
Node 1 MemFree:        23452812 kB
Node 1 MemUsed:         1208768 kB
Node 1 Active:            58828 kB
Node 1 Inactive:          31972 kB
Node 1 Active(anon):      15592 kB
Node 1 Inactive(anon):      420 kB
Node 1 Active(file):      43236 kB
Node 1 Inactive(file):    31552 kB
Node 1 Unevictable:       12900 kB
Node 1 Mlocked:           12900 kB
Node 1 Dirty:                16 kB
Node 1 Writeback:             0 kB
Node 1 FilePages:         77988 kB
Node 1 Mapped:            29064 kB
Node 1 AnonPages:         25720 kB
Node 1 Shmem:               620 kB
Node 1 KernelStack:        2760 kB
Node 1 PageTables:          648 kB
Node 1 NFS_Unstable:          0 kB
Node 1 Bounce:                0 kB
Node 1 WritebackTmp:          0 kB
Node 1 KReclaimable:      25340 kB
Node 1 Slab:              66688 kB
Node 1 SReclaimable:      25340 kB
Node 1 SUnreclaim:        41348 kB
Node 1 AnonHugePages:         0 kB
Node 1 ShmemHugePages:        0 kB
Node 1 ShmemPmdMapped:        0 kB
Node 1 FileHugePages:        0 kB
Node 1 FilePmdMapped:        0 kB
Node 1 HugePages_Total:     0
Node 1 HugePages_Free:      0
Node 1 HugePages_Surp:      0

After Opposite Node
Node 0 MemTotal:       24768352 kB
Node 0 MemFree:        20311424 kB
Node 0 MemUsed:         4456928 kB
Node 0 Active:            43724 kB
Node 0 Inactive:          62732 kB
Node 0 Active(anon):      17116 kB
Node 0 Inactive(anon):      456 kB
Node 0 Active(file):      26608 kB
Node 0 Inactive(file):    62276 kB
Node 0 Unevictable:        5624 kB
Node 0 Mlocked:            5624 kB
Node 0 Dirty:                44 kB
Node 0 Writeback:             0 kB
Node 0 FilePages:         95152 kB
Node 0 Mapped:            20260 kB
Node 0 AnonPages:         16924 kB
Node 0 Shmem:               648 kB
Node 0 KernelStack:        1784 kB
Node 0 PageTables:          376 kB
Node 0 NFS_Unstable:          0 kB
Node 0 Bounce:                0 kB
Node 0 WritebackTmp:          0 kB
Node 0 KReclaimable:      18644 kB
Node 0 Slab:              71972 kB
Node 0 SReclaimable:      18644 kB
Node 0 SUnreclaim:        53328 kB
Node 0 AnonHugePages:         0 kB
Node 0 ShmemHugePages:        0 kB
Node 0 ShmemPmdMapped:        0 kB
Node 0 FileHugePages:        0 kB
Node 0 FilePmdMapped:        0 kB
Node 0 HugePages_Total:     0
Node 0 HugePages_Free:      0
Node 0 HugePages_Surp:      0

Node 1 MemTotal:       24661580 kB
Node 1 MemFree:        23450468 kB
Node 1 MemUsed:         1211112 kB
Node 1 Active:            59080 kB
Node 1 Inactive:          32004 kB
Node 1 Active(anon):      15796 kB
Node 1 Inactive(anon):      456 kB
Node 1 Active(file):      43284 kB
Node 1 Inactive(file):    31548 kB
Node 1 Unevictable:       12900 kB
Node 1 Mlocked:           12900 kB
Node 1 Dirty:                40 kB
Node 1 Writeback:             0 kB
Node 1 FilePages:         78068 kB
Node 1 Mapped:            29108 kB
Node 1 AnonPages:         25788 kB
Node 1 Shmem:               664 kB
Node 1 KernelStack:        2776 kB
Node 1 PageTables:          760 kB
Node 1 NFS_Unstable:          0 kB
Node 1 Bounce:                0 kB
Node 1 WritebackTmp:          0 kB
Node 1 KReclaimable:      25404 kB
Node 1 Slab:              67832 kB
Node 1 SReclaimable:      25404 kB
Node 1 SUnreclaim:        42428 kB
Node 1 AnonHugePages:         0 kB
Node 1 ShmemHugePages:        0 kB
Node 1 ShmemPmdMapped:        0 kB
Node 1 FileHugePages:        0 kB
Node 1 FilePmdMapped:        0 kB
Node 1 HugePages_Total:     0
Node 1 HugePages_Free:      0
Node 1 HugePages_Surp:      0

U.0.fio.4G.2.O Complete!
