B.1.huge-simpleread.16G.1.O.1M
Begin
Node 0 MemTotal:       24743736 kB
Node 0 MemFree:        24352768 kB
Node 0 MemUsed:          390968 kB
Node 0 Active:            63848 kB
Node 0 Inactive:          50964 kB
Node 0 Active(anon):      17264 kB
Node 0 Inactive(anon):      560 kB
Node 0 Active(file):      46584 kB
Node 0 Inactive(file):    50404 kB
Node 0 Unevictable:        5572 kB
Node 0 Mlocked:            5572 kB
Node 0 Dirty:               204 kB
Node 0 Writeback:             0 kB
Node 0 FilePages:        103500 kB
Node 0 Mapped:            46436 kB
Node 0 AnonPages:         17172 kB
Node 0 Shmem:               792 kB
Node 0 KernelStack:        2088 kB
Node 0 PageTables:          552 kB
Node 0 NFS_Unstable:          0 kB
Node 0 Bounce:                0 kB
Node 0 WritebackTmp:          0 kB
Node 0 KReclaimable:      22228 kB
Node 0 Slab:              52764 kB
Node 0 SReclaimable:      22228 kB
Node 0 SUnreclaim:        30536 kB
Node 0 AnonHugePages:         0 kB
Node 0 ShmemHugePages:        0 kB
Node 0 ShmemPmdMapped:        0 kB
Node 0 FileHugePages:        0 kB
Node 0 FilePmdMapped:        0 kB
Node 0 HugePages_Total:     0
Node 0 HugePages_Free:      0
Node 0 HugePages_Surp:      0

Node 1 MemTotal:       24686196 kB
Node 1 MemFree:        24434444 kB
Node 1 MemUsed:          251752 kB
Node 1 Active:            33188 kB
Node 1 Inactive:          67908 kB
Node 1 Active(anon):      16560 kB
Node 1 Inactive(anon):      320 kB
Node 1 Active(file):      16628 kB
Node 1 Inactive(file):    67588 kB
Node 1 Unevictable:       12952 kB
Node 1 Mlocked:           12952 kB
Node 1 Dirty:               132 kB
Node 1 Writeback:             0 kB
Node 1 FilePages:         87316 kB
Node 1 Mapped:            24416 kB
Node 1 AnonPages:         26740 kB
Node 1 Shmem:               476 kB
Node 1 KernelStack:        1560 kB
Node 1 PageTables:          664 kB
Node 1 NFS_Unstable:          0 kB
Node 1 Bounce:                0 kB
Node 1 WritebackTmp:          0 kB
Node 1 KReclaimable:      19200 kB
Node 1 Slab:              53220 kB
Node 1 SReclaimable:      19200 kB
Node 1 SUnreclaim:        34020 kB
Node 1 AnonHugePages:         0 kB
Node 1 ShmemHugePages:        0 kB
Node 1 ShmemPmdMapped:        0 kB
Node 1 FileHugePages:        0 kB
Node 1 FilePmdMapped:        0 kB
Node 1 HugePages_Total:     0
Node 1 HugePages_Free:      0
Node 1 HugePages_Surp:      0

Load ZFS
Node 0 MemTotal:       24743736 kB
Node 0 MemFree:        24264076 kB
Node 0 MemUsed:          479660 kB
Node 0 Active:            77656 kB
Node 0 Inactive:         120560 kB
Node 0 Active(anon):      29120 kB
Node 0 Inactive(anon):      460 kB
Node 0 Active(file):      48536 kB
Node 0 Inactive(file):   120100 kB
Node 0 Unevictable:        5572 kB
Node 0 Mlocked:            5572 kB
Node 0 Dirty:               236 kB
Node 0 Writeback:             0 kB
Node 0 FilePages:        174972 kB
Node 0 Mapped:            49500 kB
Node 0 AnonPages:         28228 kB
Node 0 Shmem:               632 kB
Node 0 KernelStack:        2332 kB
Node 0 PageTables:         1300 kB
Node 0 NFS_Unstable:          0 kB
Node 0 Bounce:                0 kB
Node 0 WritebackTmp:          0 kB
Node 0 KReclaimable:      23116 kB
Node 0 Slab:              56944 kB
Node 0 SReclaimable:      23116 kB
Node 0 SUnreclaim:        33828 kB
Node 0 AnonHugePages:         0 kB
Node 0 ShmemHugePages:        0 kB
Node 0 ShmemPmdMapped:        0 kB
Node 0 FileHugePages:        0 kB
Node 0 FilePmdMapped:        0 kB
Node 0 HugePages_Total:     0
Node 0 HugePages_Free:      0
Node 0 HugePages_Surp:      0

Node 1 MemTotal:       24686196 kB
Node 1 MemFree:        24378140 kB
Node 1 MemUsed:          308056 kB
Node 1 Active:            49280 kB
Node 1 Inactive:         101816 kB
Node 1 Active(anon):      32044 kB
Node 1 Inactive(anon):      476 kB
Node 1 Active(file):      17236 kB
Node 1 Inactive(file):   101340 kB
Node 1 Unevictable:       13152 kB
Node 1 Mlocked:           13152 kB
Node 1 Dirty:               168 kB
Node 1 Writeback:             0 kB
Node 1 FilePages:        121848 kB
Node 1 Mapped:            26096 kB
Node 1 AnonPages:         42700 kB
Node 1 Shmem:               636 kB
Node 1 KernelStack:        2052 kB
Node 1 PageTables:         1772 kB
Node 1 NFS_Unstable:          0 kB
Node 1 Bounce:                0 kB
Node 1 WritebackTmp:          0 kB
Node 1 KReclaimable:      19980 kB
Node 1 Slab:              56268 kB
Node 1 SReclaimable:      19980 kB
Node 1 SUnreclaim:        36288 kB
Node 1 AnonHugePages:         0 kB
Node 1 ShmemHugePages:        0 kB
Node 1 ShmemPmdMapped:        0 kB
Node 1 FileHugePages:        0 kB
Node 1 FilePmdMapped:        0 kB
Node 1 HugePages_Total:     0
Node 1 HugePages_Free:      0
Node 1 HugePages_Surp:      0

Import tank ZPool
Node 0 MemTotal:       24743736 kB
Node 0 MemFree:        24263660 kB
Node 0 MemUsed:          480076 kB
Node 0 Active:            66404 kB
Node 0 Inactive:         121532 kB
Node 0 Active(anon):      17340 kB
Node 0 Inactive(anon):      460 kB
Node 0 Active(file):      49064 kB
Node 0 Inactive(file):   121072 kB
Node 0 Unevictable:        5572 kB
Node 0 Mlocked:            5572 kB
Node 0 Dirty:                52 kB
Node 0 Writeback:             0 kB
Node 0 FilePages:        176344 kB
Node 0 Mapped:            47064 kB
Node 0 AnonPages:         17196 kB
Node 0 Shmem:               624 kB
Node 0 KernelStack:        3144 kB
Node 0 PageTables:          740 kB
Node 0 NFS_Unstable:          0 kB
Node 0 Bounce:                0 kB
Node 0 WritebackTmp:          0 kB
Node 0 KReclaimable:      23244 kB
Node 0 Slab:              58856 kB
Node 0 SReclaimable:      23244 kB
Node 0 SUnreclaim:        35612 kB
Node 0 AnonHugePages:         0 kB
Node 0 ShmemHugePages:        0 kB
Node 0 ShmemPmdMapped:        0 kB
Node 0 FileHugePages:        0 kB
Node 0 FilePmdMapped:        0 kB
Node 0 HugePages_Total:     0
Node 0 HugePages_Free:      0
Node 0 HugePages_Surp:      0

Node 1 MemTotal:       24686196 kB
Node 1 MemFree:        24385724 kB
Node 1 MemUsed:          300472 kB
Node 1 Active:            34380 kB
Node 1 Inactive:         101780 kB
Node 1 Active(anon):      17080 kB
Node 1 Inactive(anon):      488 kB
Node 1 Active(file):      17300 kB
Node 1 Inactive(file):   101292 kB
Node 1 Unevictable:       13184 kB
Node 1 Mlocked:           13184 kB
Node 1 Dirty:                64 kB
Node 1 Writeback:             8 kB
Node 1 FilePages:        121860 kB
Node 1 Mapped:            24640 kB
Node 1 AnonPages:         27280 kB
Node 1 Shmem:               644 kB
Node 1 KernelStack:        1648 kB
Node 1 PageTables:         1136 kB
Node 1 NFS_Unstable:          0 kB
Node 1 Bounce:                0 kB
Node 1 WritebackTmp:          0 kB
Node 1 KReclaimable:      19980 kB
Node 1 Slab:              60872 kB
Node 1 SReclaimable:      19980 kB
Node 1 SUnreclaim:        40892 kB
Node 1 AnonHugePages:         0 kB
Node 1 ShmemHugePages:        0 kB
Node 1 ShmemPmdMapped:        0 kB
Node 1 FileHugePages:        0 kB
Node 1 FilePmdMapped:        0 kB
Node 1 HugePages_Total:     0
Node 1 HugePages_Free:      0
Node 1 HugePages_Surp:      0

After Test
Node 0 MemTotal:       24743736 kB
Node 0 MemFree:        23509108 kB
Node 0 MemUsed:         1234628 kB
Node 0 Active:            66444 kB
Node 0 Inactive:         121060 kB
Node 0 Active(anon):      16848 kB
Node 0 Inactive(anon):      456 kB
Node 0 Active(file):      49596 kB
Node 0 Inactive(file):   120604 kB
Node 0 Unevictable:        5572 kB
Node 0 Mlocked:            5572 kB
Node 0 Dirty:                16 kB
Node 0 Writeback:             0 kB
Node 0 FilePages:        176404 kB
Node 0 Mapped:            46632 kB
Node 0 AnonPages:         16680 kB
Node 0 Shmem:               624 kB
Node 0 KernelStack:        3080 kB
Node 0 PageTables:          484 kB
Node 0 NFS_Unstable:          0 kB
Node 0 Bounce:                0 kB
Node 0 WritebackTmp:          0 kB
Node 0 KReclaimable:      23244 kB
Node 0 Slab:              60484 kB
Node 0 SReclaimable:      23244 kB
Node 0 SUnreclaim:        37240 kB
Node 0 AnonHugePages:         0 kB
Node 0 ShmemHugePages:        0 kB
Node 0 ShmemPmdMapped:        0 kB
Node 0 FileHugePages:        0 kB
Node 0 FilePmdMapped:        0 kB
Node 0 HugePages_Total:     0
Node 0 HugePages_Free:      0
Node 0 HugePages_Surp:      0

Node 1 MemTotal:       24686196 kB
Node 1 MemFree:         6505012 kB
Node 1 MemUsed:        18181184 kB
Node 1 Active:            35080 kB
Node 1 Inactive:        1078232 kB
Node 1 Active(anon):      16900 kB
Node 1 Inactive(anon):      484 kB
Node 1 Active(file):      18180 kB
Node 1 Inactive(file):  1077748 kB
Node 1 Unevictable:       13184 kB
Node 1 Mlocked:           13184 kB
Node 1 Dirty:                32 kB
Node 1 Writeback:             0 kB
Node 1 FilePages:       1099212 kB
Node 1 Mapped:            24396 kB
Node 1 AnonPages:         27148 kB
Node 1 Shmem:               644 kB
Node 1 KernelStack:        1384 kB
Node 1 PageTables:          864 kB
Node 1 NFS_Unstable:          0 kB
Node 1 Bounce:                0 kB
Node 1 WritebackTmp:          0 kB
Node 1 KReclaimable:      22544 kB
Node 1 Slab:             121408 kB
Node 1 SReclaimable:      22544 kB
Node 1 SUnreclaim:        98864 kB
Node 1 AnonHugePages:         0 kB
Node 1 ShmemHugePages:        0 kB
Node 1 ShmemPmdMapped:        0 kB
Node 1 FileHugePages:        0 kB
Node 1 FilePmdMapped:        0 kB
Node 1 HugePages_Total:     0
Node 1 HugePages_Free:      0
Node 1 HugePages_Surp:      0

After Opposite Node
Node 0 MemTotal:       24743736 kB
Node 0 MemFree:        23507980 kB
Node 0 MemUsed:         1235756 kB
Node 0 Active:            67264 kB
Node 0 Inactive:         120820 kB
Node 0 Active(anon):      17396 kB
Node 0 Inactive(anon):      456 kB
Node 0 Active(file):      49868 kB
Node 0 Inactive(file):   120364 kB
Node 0 Unevictable:        5572 kB
Node 0 Mlocked:            5572 kB
Node 0 Dirty:                72 kB
Node 0 Writeback:             0 kB
Node 0 FilePages:        176428 kB
Node 0 Mapped:            46908 kB
Node 0 AnonPages:         17056 kB
Node 0 Shmem:               624 kB
Node 0 KernelStack:        3080 kB
Node 0 PageTables:          704 kB
Node 0 NFS_Unstable:          0 kB
Node 0 Bounce:                0 kB
Node 0 WritebackTmp:          0 kB
Node 0 KReclaimable:      23252 kB
Node 0 Slab:              60976 kB
Node 0 SReclaimable:      23252 kB
Node 0 SUnreclaim:        37724 kB
Node 0 AnonHugePages:         0 kB
Node 0 ShmemHugePages:        0 kB
Node 0 ShmemPmdMapped:        0 kB
Node 0 FileHugePages:        0 kB
Node 0 FilePmdMapped:        0 kB
Node 0 HugePages_Total:     0
Node 0 HugePages_Free:      0
Node 0 HugePages_Surp:      0

Node 1 MemTotal:       24686196 kB
Node 1 MemFree:         6510676 kB
Node 1 MemUsed:        18175520 kB
Node 1 Active:            34596 kB
Node 1 Inactive:        1078232 kB
Node 1 Active(anon):      16380 kB
Node 1 Inactive(anon):      484 kB
Node 1 Active(file):      18216 kB
Node 1 Inactive(file):  1077748 kB
Node 1 Unevictable:       13184 kB
Node 1 Mlocked:           13184 kB
Node 1 Dirty:               100 kB
Node 1 Writeback:             0 kB
Node 1 FilePages:       1099240 kB
Node 1 Mapped:            24388 kB
Node 1 AnonPages:         26780 kB
Node 1 Shmem:               644 kB
Node 1 KernelStack:        1384 kB
Node 1 PageTables:          644 kB
Node 1 NFS_Unstable:          0 kB
Node 1 Bounce:                0 kB
Node 1 WritebackTmp:          0 kB
Node 1 KReclaimable:      22548 kB
Node 1 Slab:             121364 kB
Node 1 SReclaimable:      22548 kB
Node 1 SUnreclaim:        98816 kB
Node 1 AnonHugePages:         0 kB
Node 1 ShmemHugePages:        0 kB
Node 1 ShmemPmdMapped:        0 kB
Node 1 FileHugePages:        0 kB
Node 1 FilePmdMapped:        0 kB
Node 1 HugePages_Total:     0
Node 1 HugePages_Free:      0
Node 1 HugePages_Surp:      0

B.1.huge-simpleread.16G.1.O.1M Complete!
