B.1.huge-simpleread.8G.2.O.1M
Begin
Node 0 MemTotal:       24743736 kB
Node 0 MemFree:        24375624 kB
Node 0 MemUsed:          368112 kB
Node 0 Active:            53236 kB
Node 0 Inactive:          29396 kB
Node 0 Active(anon):      17708 kB
Node 0 Inactive(anon):      404 kB
Node 0 Active(file):      35528 kB
Node 0 Inactive(file):    28992 kB
Node 0 Unevictable:       17880 kB
Node 0 Mlocked:           17880 kB
Node 0 Dirty:               296 kB
Node 0 Writeback:             0 kB
Node 0 FilePages:         72672 kB
Node 0 Mapped:            27256 kB
Node 0 AnonPages:         27852 kB
Node 0 Shmem:               604 kB
Node 0 KernelStack:        1832 kB
Node 0 PageTables:          424 kB
Node 0 NFS_Unstable:          0 kB
Node 0 Bounce:                0 kB
Node 0 WritebackTmp:          0 kB
Node 0 KReclaimable:      19608 kB
Node 0 Slab:              53048 kB
Node 0 SReclaimable:      19608 kB
Node 0 SUnreclaim:        33440 kB
Node 0 AnonHugePages:         0 kB
Node 0 ShmemHugePages:        0 kB
Node 0 ShmemPmdMapped:        0 kB
Node 0 FileHugePages:        0 kB
Node 0 FilePmdMapped:        0 kB
Node 0 HugePages_Total:     0
Node 0 HugePages_Free:      0
Node 0 HugePages_Surp:      0

Node 1 MemTotal:       24686196 kB
Node 1 MemFree:        24395244 kB
Node 1 MemUsed:          290952 kB
Node 1 Active:            44920 kB
Node 1 Inactive:         106636 kB
Node 1 Active(anon):      15764 kB
Node 1 Inactive(anon):      472 kB
Node 1 Active(file):      29156 kB
Node 1 Inactive(file):   106164 kB
Node 1 Unevictable:         644 kB
Node 1 Mlocked:             644 kB
Node 1 Dirty:               140 kB
Node 1 Writeback:             0 kB
Node 1 FilePages:        136804 kB
Node 1 Mapped:            59544 kB
Node 1 AnonPages:         15572 kB
Node 1 Shmem:               664 kB
Node 1 KernelStack:        1768 kB
Node 1 PageTables:          760 kB
Node 1 NFS_Unstable:          0 kB
Node 1 Bounce:                0 kB
Node 1 WritebackTmp:          0 kB
Node 1 KReclaimable:      22304 kB
Node 1 Slab:              52500 kB
Node 1 SReclaimable:      22304 kB
Node 1 SUnreclaim:        30196 kB
Node 1 AnonHugePages:         0 kB
Node 1 ShmemHugePages:        0 kB
Node 1 ShmemPmdMapped:        0 kB
Node 1 FileHugePages:        0 kB
Node 1 FilePmdMapped:        0 kB
Node 1 HugePages_Total:     0
Node 1 HugePages_Free:      0
Node 1 HugePages_Surp:      0

Load ZFS
Node 0 MemTotal:       24743736 kB
Node 0 MemFree:        24467904 kB
Node 0 MemUsed:          275832 kB
Node 0 Active:            69288 kB
Node 0 Inactive:          50052 kB
Node 0 Active(anon):      32616 kB
Node 0 Inactive(anon):      440 kB
Node 0 Active(file):      36672 kB
Node 0 Inactive(file):    49612 kB
Node 0 Unevictable:       18092 kB
Node 0 Mlocked:           18092 kB
Node 0 Dirty:                60 kB
Node 0 Writeback:             0 kB
Node 0 FilePages:         94424 kB
Node 0 Mapped:            28092 kB
Node 0 AnonPages:         42896 kB
Node 0 Shmem:               592 kB
Node 0 KernelStack:        2180 kB
Node 0 PageTables:         1744 kB
Node 0 NFS_Unstable:          0 kB
Node 0 Bounce:                0 kB
Node 0 WritebackTmp:          0 kB
Node 0 KReclaimable:      20148 kB
Node 0 Slab:              55576 kB
Node 0 SReclaimable:      20148 kB
Node 0 SUnreclaim:        35428 kB
Node 0 AnonHugePages:         0 kB
Node 0 ShmemHugePages:        0 kB
Node 0 ShmemPmdMapped:        0 kB
Node 0 FileHugePages:        0 kB
Node 0 FilePmdMapped:        0 kB
Node 0 HugePages_Total:     0
Node 0 HugePages_Free:      0
Node 0 HugePages_Surp:      0

Node 1 MemTotal:       24686196 kB
Node 1 MemFree:        24158716 kB
Node 1 MemUsed:          527480 kB
Node 1 Active:            56604 kB
Node 1 Inactive:         189416 kB
Node 1 Active(anon):      25940 kB
Node 1 Inactive(anon):      504 kB
Node 1 Active(file):      30664 kB
Node 1 Inactive(file):   188912 kB
Node 1 Unevictable:         644 kB
Node 1 Mlocked:             644 kB
Node 1 Dirty:               564 kB
Node 1 Writeback:             0 kB
Node 1 FilePages:        220896 kB
Node 1 Mapped:            62548 kB
Node 1 AnonPages:         25504 kB
Node 1 Shmem:               676 kB
Node 1 KernelStack:        2136 kB
Node 1 PageTables:         1636 kB
Node 1 NFS_Unstable:          0 kB
Node 1 Bounce:                0 kB
Node 1 WritebackTmp:          0 kB
Node 1 KReclaimable:      23408 kB
Node 1 Slab:              57144 kB
Node 1 SReclaimable:      23408 kB
Node 1 SUnreclaim:        33736 kB
Node 1 AnonHugePages:         0 kB
Node 1 ShmemHugePages:        0 kB
Node 1 ShmemPmdMapped:        0 kB
Node 1 FileHugePages:        0 kB
Node 1 FilePmdMapped:        0 kB
Node 1 HugePages_Total:     0
Node 1 HugePages_Free:      0
Node 1 HugePages_Surp:      0

Import tank ZPool
Node 0 MemTotal:       24743736 kB
Node 0 MemFree:        24469148 kB
Node 0 MemUsed:          274588 kB
Node 0 Active:            68892 kB
Node 0 Inactive:          50052 kB
Node 0 Active(anon):      32220 kB
Node 0 Inactive(anon):      440 kB
Node 0 Active(file):      36672 kB
Node 0 Inactive(file):    49612 kB
Node 0 Unevictable:       18108 kB
Node 0 Mlocked:           18108 kB
Node 0 Dirty:                28 kB
Node 0 Writeback:             0 kB
Node 0 FilePages:         94424 kB
Node 0 Mapped:            28128 kB
Node 0 AnonPages:         42624 kB
Node 0 Shmem:               592 kB
Node 0 KernelStack:        2040 kB
Node 0 PageTables:         1260 kB
Node 0 NFS_Unstable:          0 kB
Node 0 Bounce:                0 kB
Node 0 WritebackTmp:          0 kB
Node 0 KReclaimable:      20172 kB
Node 0 Slab:              55628 kB
Node 0 SReclaimable:      20172 kB
Node 0 SUnreclaim:        35456 kB
Node 0 AnonHugePages:         0 kB
Node 0 ShmemHugePages:        0 kB
Node 0 ShmemPmdMapped:        0 kB
Node 0 FileHugePages:        0 kB
Node 0 FilePmdMapped:        0 kB
Node 0 HugePages_Total:     0
Node 0 HugePages_Free:      0
Node 0 HugePages_Surp:      0

Node 1 MemTotal:       24686196 kB
Node 1 MemFree:        24143168 kB
Node 1 MemUsed:          543028 kB
Node 1 Active:            56904 kB
Node 1 Inactive:         190620 kB
Node 1 Active(anon):      25876 kB
Node 1 Inactive(anon):      508 kB
Node 1 Active(file):      31028 kB
Node 1 Inactive(file):   190112 kB
Node 1 Unevictable:         644 kB
Node 1 Mlocked:             644 kB
Node 1 Dirty:                28 kB
Node 1 Writeback:             0 kB
Node 1 FilePages:        222464 kB
Node 1 Mapped:            62792 kB
Node 1 AnonPages:         25356 kB
Node 1 Shmem:               676 kB
Node 1 KernelStack:        3208 kB
Node 1 PageTables:         1656 kB
Node 1 NFS_Unstable:          0 kB
Node 1 Bounce:                0 kB
Node 1 WritebackTmp:          0 kB
Node 1 KReclaimable:      23512 kB
Node 1 Slab:              63140 kB
Node 1 SReclaimable:      23512 kB
Node 1 SUnreclaim:        39628 kB
Node 1 AnonHugePages:         0 kB
Node 1 ShmemHugePages:        0 kB
Node 1 ShmemPmdMapped:        0 kB
Node 1 FileHugePages:        0 kB
Node 1 FilePmdMapped:        0 kB
Node 1 HugePages_Total:     0
Node 1 HugePages_Free:      0
Node 1 HugePages_Surp:      0

After Test
Node 0 MemTotal:       24743736 kB
Node 0 MemFree:        23748796 kB
Node 0 MemUsed:          994940 kB
Node 0 Active:            54324 kB
Node 0 Inactive:          50016 kB
Node 0 Active(anon):      17576 kB
Node 0 Inactive(anon):      440 kB
Node 0 Active(file):      36748 kB
Node 0 Inactive(file):    49576 kB
Node 0 Unevictable:       18108 kB
Node 0 Mlocked:           18108 kB
Node 0 Dirty:                16 kB
Node 0 Writeback:             0 kB
Node 0 FilePages:         94476 kB
Node 0 Mapped:            27304 kB
Node 0 AnonPages:         27980 kB
Node 0 Shmem:               596 kB
Node 0 KernelStack:        1720 kB
Node 0 PageTables:          400 kB
Node 0 NFS_Unstable:          0 kB
Node 0 Bounce:                0 kB
Node 0 WritebackTmp:          0 kB
Node 0 KReclaimable:      20308 kB
Node 0 Slab:              58896 kB
Node 0 SReclaimable:      20308 kB
Node 0 SUnreclaim:        38588 kB
Node 0 AnonHugePages:         0 kB
Node 0 ShmemHugePages:        0 kB
Node 0 ShmemPmdMapped:        0 kB
Node 0 FileHugePages:        0 kB
Node 0 FilePmdMapped:        0 kB
Node 0 HugePages_Total:     0
Node 0 HugePages_Free:      0
Node 0 HugePages_Surp:      0

Node 1 MemTotal:       24686196 kB
Node 1 MemFree:        14661736 kB
Node 1 MemUsed:        10024460 kB
Node 1 Active:            48264 kB
Node 1 Inactive:        1166452 kB
Node 1 Active(anon):      15932 kB
Node 1 Inactive(anon):      500 kB
Node 1 Active(file):      32332 kB
Node 1 Inactive(file):  1165952 kB
Node 1 Unevictable:         644 kB
Node 1 Mlocked:             644 kB
Node 1 Dirty:                12 kB
Node 1 Writeback:             0 kB
Node 1 FilePages:       1199684 kB
Node 1 Mapped:            59828 kB
Node 1 AnonPages:         15608 kB
Node 1 Shmem:               672 kB
Node 1 KernelStack:        2840 kB
Node 1 PageTables:         1024 kB
Node 1 NFS_Unstable:          0 kB
Node 1 Bounce:                0 kB
Node 1 WritebackTmp:          0 kB
Node 1 KReclaimable:      25804 kB
Node 1 Slab:              96096 kB
Node 1 SReclaimable:      25804 kB
Node 1 SUnreclaim:        70292 kB
Node 1 AnonHugePages:         0 kB
Node 1 ShmemHugePages:        0 kB
Node 1 ShmemPmdMapped:        0 kB
Node 1 FileHugePages:        0 kB
Node 1 FilePmdMapped:        0 kB
Node 1 HugePages_Total:     0
Node 1 HugePages_Free:      0
Node 1 HugePages_Surp:      0

After Opposite Node
Node 0 MemTotal:       24743736 kB
Node 0 MemFree:        23749288 kB
Node 0 MemUsed:          994448 kB
Node 0 Active:            55132 kB
Node 0 Inactive:          49788 kB
Node 0 Active(anon):      18124 kB
Node 0 Inactive(anon):      440 kB
Node 0 Active(file):      37008 kB
Node 0 Inactive(file):    49348 kB
Node 0 Unevictable:       18108 kB
Node 0 Mlocked:           18108 kB
Node 0 Dirty:                40 kB
Node 0 Writeback:             0 kB
Node 0 FilePages:         94508 kB
Node 0 Mapped:            27496 kB
Node 0 AnonPages:         28352 kB
Node 0 Shmem:               596 kB
Node 0 KernelStack:        1736 kB
Node 0 PageTables:          616 kB
Node 0 NFS_Unstable:          0 kB
Node 0 Bounce:                0 kB
Node 0 WritebackTmp:          0 kB
Node 0 KReclaimable:      20340 kB
Node 0 Slab:              59124 kB
Node 0 SReclaimable:      20340 kB
Node 0 SUnreclaim:        38784 kB
Node 0 AnonHugePages:         0 kB
Node 0 ShmemHugePages:        0 kB
Node 0 ShmemPmdMapped:        0 kB
Node 0 FileHugePages:        0 kB
Node 0 FilePmdMapped:        0 kB
Node 0 HugePages_Total:     0
Node 0 HugePages_Free:      0
Node 0 HugePages_Surp:      0

Node 1 MemTotal:       24686196 kB
Node 1 MemFree:        14663472 kB
Node 1 MemUsed:        10022724 kB
Node 1 Active:            47828 kB
Node 1 Inactive:        1166580 kB
Node 1 Active(anon):      15420 kB
Node 1 Inactive(anon):      500 kB
Node 1 Active(file):      32408 kB
Node 1 Inactive(file):  1166080 kB
Node 1 Unevictable:         644 kB
Node 1 Mlocked:             644 kB
Node 1 Dirty:               140 kB
Node 1 Writeback:             0 kB
Node 1 FilePages:       1199804 kB
Node 1 Mapped:            59952 kB
Node 1 AnonPages:         15248 kB
Node 1 Shmem:               672 kB
Node 1 KernelStack:        2824 kB
Node 1 PageTables:          808 kB
Node 1 NFS_Unstable:          0 kB
Node 1 Bounce:                0 kB
Node 1 WritebackTmp:          0 kB
Node 1 KReclaimable:      25812 kB
Node 1 Slab:              95924 kB
Node 1 SReclaimable:      25812 kB
Node 1 SUnreclaim:        70112 kB
Node 1 AnonHugePages:         0 kB
Node 1 ShmemHugePages:        0 kB
Node 1 ShmemPmdMapped:        0 kB
Node 1 FileHugePages:        0 kB
Node 1 FilePmdMapped:        0 kB
Node 1 HugePages_Total:     0
Node 1 HugePages_Free:      0
Node 1 HugePages_Surp:      0

B.1.huge-simpleread.8G.2.O.1M Complete!
