0.onefio.128K
Begin
Node 0 MemTotal:       24768352 kB
Node 0 MemFree:        24563876 kB
Node 0 MemUsed:          204476 kB
Node 0 Active:            30960 kB
Node 0 Inactive:          17244 kB
Node 0 Active(anon):      11972 kB
Node 0 Inactive(anon):      372 kB
Node 0 Active(file):      18988 kB
Node 0 Inactive(file):    16872 kB
Node 0 Unevictable:       18192 kB
Node 0 Mlocked:           18192 kB
Node 0 Dirty:               260 kB
Node 0 Writeback:             0 kB
Node 0 FilePages:         44388 kB
Node 0 Mapped:            21364 kB
Node 0 AnonPages:         22072 kB
Node 0 Shmem:               532 kB
Node 0 KernelStack:        2584 kB
Node 0 PageTables:          348 kB
Node 0 NFS_Unstable:          0 kB
Node 0 Bounce:                0 kB
Node 0 WritebackTmp:          0 kB
Node 0 KReclaimable:      14708 kB
Node 0 Slab:              41252 kB
Node 0 SReclaimable:      14708 kB
Node 0 SUnreclaim:        26544 kB
Node 0 AnonHugePages:         0 kB
Node 0 ShmemHugePages:        0 kB
Node 0 ShmemPmdMapped:        0 kB
Node 0 FileHugePages:        0 kB
Node 0 FilePmdMapped:        0 kB
Node 0 HugePages_Total:     0
Node 0 HugePages_Free:      0
Node 0 HugePages_Surp:      0

Node 1 MemTotal:       24661368 kB
Node 1 MemFree:        24370464 kB
Node 1 MemUsed:          290904 kB
Node 1 Active:            63296 kB
Node 1 Inactive:          59936 kB
Node 1 Active(anon):      21680 kB
Node 1 Inactive(anon):      500 kB
Node 1 Active(file):      41616 kB
Node 1 Inactive(file):    59436 kB
Node 1 Unevictable:         252 kB
Node 1 Mlocked:             252 kB
Node 1 Dirty:               152 kB
Node 1 Writeback:             0 kB
Node 1 FilePages:        101980 kB
Node 1 Mapped:            37700 kB
Node 1 AnonPages:         21864 kB
Node 1 Shmem:               680 kB
Node 1 KernelStack:        1912 kB
Node 1 PageTables:          720 kB
Node 1 NFS_Unstable:          0 kB
Node 1 Bounce:                0 kB
Node 1 WritebackTmp:          0 kB
Node 1 KReclaimable:      30772 kB
Node 1 Slab:              77100 kB
Node 1 SReclaimable:      30772 kB
Node 1 SUnreclaim:        46328 kB
Node 1 AnonHugePages:         0 kB
Node 1 ShmemHugePages:        0 kB
Node 1 ShmemPmdMapped:        0 kB
Node 1 FileHugePages:        0 kB
Node 1 FilePmdMapped:        0 kB
Node 1 HugePages_Total:     0
Node 1 HugePages_Free:      0
Node 1 HugePages_Surp:      0

Mount tmpfs
Node 0 MemTotal:       24768352 kB
Node 0 MemFree:        24563100 kB
Node 0 MemUsed:          205252 kB
Node 0 Active:            30960 kB
Node 0 Inactive:          17244 kB
Node 0 Active(anon):      11972 kB
Node 0 Inactive(anon):      372 kB
Node 0 Active(file):      18988 kB
Node 0 Inactive(file):    16872 kB
Node 0 Unevictable:       18192 kB
Node 0 Mlocked:           18192 kB
Node 0 Dirty:               260 kB
Node 0 Writeback:             0 kB
Node 0 FilePages:         44388 kB
Node 0 Mapped:            21364 kB
Node 0 AnonPages:         21892 kB
Node 0 Shmem:               532 kB
Node 0 KernelStack:        2584 kB
Node 0 PageTables:          348 kB
Node 0 NFS_Unstable:          0 kB
Node 0 Bounce:                0 kB
Node 0 WritebackTmp:          0 kB
Node 0 KReclaimable:      14708 kB
Node 0 Slab:              41252 kB
Node 0 SReclaimable:      14708 kB
Node 0 SUnreclaim:        26544 kB
Node 0 AnonHugePages:         0 kB
Node 0 ShmemHugePages:        0 kB
Node 0 ShmemPmdMapped:        0 kB
Node 0 FileHugePages:        0 kB
Node 0 FilePmdMapped:        0 kB
Node 0 HugePages_Total:     0
Node 0 HugePages_Free:      0
Node 0 HugePages_Surp:      0

Node 1 MemTotal:       24661368 kB
Node 1 MemFree:        24370464 kB
Node 1 MemUsed:          290904 kB
Node 1 Active:            63296 kB
Node 1 Inactive:          59936 kB
Node 1 Active(anon):      21680 kB
Node 1 Inactive(anon):      500 kB
Node 1 Active(file):      41616 kB
Node 1 Inactive(file):    59436 kB
Node 1 Unevictable:         252 kB
Node 1 Mlocked:             252 kB
Node 1 Dirty:               152 kB
Node 1 Writeback:             0 kB
Node 1 FilePages:        101980 kB
Node 1 Mapped:            37700 kB
Node 1 AnonPages:         21864 kB
Node 1 Shmem:               680 kB
Node 1 KernelStack:        1912 kB
Node 1 PageTables:          720 kB
Node 1 NFS_Unstable:          0 kB
Node 1 Bounce:                0 kB
Node 1 WritebackTmp:          0 kB
Node 1 KReclaimable:      30772 kB
Node 1 Slab:              77100 kB
Node 1 SReclaimable:      30772 kB
Node 1 SUnreclaim:        46328 kB
Node 1 AnonHugePages:         0 kB
Node 1 ShmemHugePages:        0 kB
Node 1 ShmemPmdMapped:        0 kB
Node 1 FileHugePages:        0 kB
Node 1 FilePmdMapped:        0 kB
Node 1 HugePages_Total:     0
Node 1 HugePages_Free:      0
Node 1 HugePages_Surp:      0

Create File
Node 0 MemTotal:       24768352 kB
Node 0 MemFree:        24562312 kB
Node 0 MemUsed:          206040 kB
Node 0 Active:            31740 kB
Node 0 Inactive:          17264 kB
Node 0 Active(anon):      12300 kB
Node 0 Inactive(anon):      372 kB
Node 0 Active(file):      19440 kB
Node 0 Inactive(file):    16892 kB
Node 0 Unevictable:       18192 kB
Node 0 Mlocked:           18192 kB
Node 0 Dirty:               260 kB
Node 0 Writeback:             0 kB
Node 0 FilePages:         44808 kB
Node 0 Mapped:            21388 kB
Node 0 AnonPages:         22060 kB
Node 0 Shmem:               532 kB
Node 0 KernelStack:        2600 kB
Node 0 PageTables:          464 kB
Node 0 NFS_Unstable:          0 kB
Node 0 Bounce:                0 kB
Node 0 WritebackTmp:          0 kB
Node 0 KReclaimable:      14788 kB
Node 0 Slab:              41676 kB
Node 0 SReclaimable:      14788 kB
Node 0 SUnreclaim:        26888 kB
Node 0 AnonHugePages:         0 kB
Node 0 ShmemHugePages:        0 kB
Node 0 ShmemPmdMapped:        0 kB
Node 0 FileHugePages:        0 kB
Node 0 FilePmdMapped:        0 kB
Node 0 HugePages_Total:     0
Node 0 HugePages_Free:      0
Node 0 HugePages_Surp:      0

Node 1 MemTotal:       24661368 kB
Node 1 MemFree:        24370096 kB
Node 1 MemUsed:          291272 kB
Node 1 Active:            63296 kB
Node 1 Inactive:          59936 kB
Node 1 Active(anon):      21680 kB
Node 1 Inactive(anon):      500 kB
Node 1 Active(file):      41616 kB
Node 1 Inactive(file):    59436 kB
Node 1 Unevictable:         252 kB
Node 1 Mlocked:             252 kB
Node 1 Dirty:               152 kB
Node 1 Writeback:             0 kB
Node 1 FilePages:        101980 kB
Node 1 Mapped:            37700 kB
Node 1 AnonPages:         22228 kB
Node 1 Shmem:               680 kB
Node 1 KernelStack:        1928 kB
Node 1 PageTables:          720 kB
Node 1 NFS_Unstable:          0 kB
Node 1 Bounce:                0 kB
Node 1 WritebackTmp:          0 kB
Node 1 KReclaimable:      30772 kB
Node 1 Slab:              77100 kB
Node 1 SReclaimable:      30772 kB
Node 1 SUnreclaim:        46328 kB
Node 1 AnonHugePages:         0 kB
Node 1 ShmemHugePages:        0 kB
Node 1 ShmemPmdMapped:        0 kB
Node 1 FileHugePages:        0 kB
Node 1 FilePmdMapped:        0 kB
Node 1 HugePages_Total:     0
Node 1 HugePages_Free:      0
Node 1 HugePages_Surp:      0

After Test
Node 0 MemTotal:       24768352 kB
Node 0 MemFree:        24545004 kB
Node 0 MemUsed:          223348 kB
Node 0 Active:            34908 kB
Node 0 Inactive:          30260 kB
Node 0 Active(anon):      12564 kB
Node 0 Inactive(anon):      372 kB
Node 0 Active(file):      22344 kB
Node 0 Inactive(file):    29888 kB
Node 0 Unevictable:       18192 kB
Node 0 Mlocked:           18192 kB
Node 0 Dirty:               264 kB
Node 0 Writeback:             0 kB
Node 0 FilePages:         60364 kB
Node 0 Mapped:            21588 kB
Node 0 AnonPages:         22496 kB
Node 0 Shmem:               532 kB
Node 0 KernelStack:        2616 kB
Node 0 PageTables:          548 kB
Node 0 NFS_Unstable:          0 kB
Node 0 Bounce:                0 kB
Node 0 WritebackTmp:          0 kB
Node 0 KReclaimable:      16376 kB
Node 0 Slab:              44380 kB
Node 0 SReclaimable:      16376 kB
Node 0 SUnreclaim:        28004 kB
Node 0 AnonHugePages:         0 kB
Node 0 ShmemHugePages:        0 kB
Node 0 ShmemPmdMapped:        0 kB
Node 0 FileHugePages:        0 kB
Node 0 FilePmdMapped:        0 kB
Node 0 HugePages_Total:     0
Node 0 HugePages_Free:      0
Node 0 HugePages_Surp:      0

Node 1 MemTotal:       24661368 kB
Node 1 MemFree:        24369880 kB
Node 1 MemUsed:          291488 kB
Node 1 Active:            64668 kB
Node 1 Inactive:          59844 kB
Node 1 Active(anon):      22908 kB
Node 1 Inactive(anon):      500 kB
Node 1 Active(file):      41760 kB
Node 1 Inactive(file):    59344 kB
Node 1 Unevictable:         252 kB
Node 1 Mlocked:             252 kB
Node 1 Dirty:               152 kB
Node 1 Writeback:             0 kB
Node 1 FilePages:        102160 kB
Node 1 Mapped:            37704 kB
Node 1 AnonPages:         22600 kB
Node 1 Shmem:               808 kB
Node 1 KernelStack:        1976 kB
Node 1 PageTables:          816 kB
Node 1 NFS_Unstable:          0 kB
Node 1 Bounce:                0 kB
Node 1 WritebackTmp:          0 kB
Node 1 KReclaimable:      30900 kB
Node 1 Slab:              77704 kB
Node 1 SReclaimable:      30900 kB
Node 1 SUnreclaim:        46804 kB
Node 1 AnonHugePages:         0 kB
Node 1 ShmemHugePages:        0 kB
Node 1 ShmemPmdMapped:        0 kB
Node 1 FileHugePages:        0 kB
Node 1 FilePmdMapped:        0 kB
Node 1 HugePages_Total:     0
Node 1 HugePages_Free:      0
Node 1 HugePages_Surp:      0

0.onefio.128K Complete!
