0.onefio.16G
Begin
Node 0 MemTotal:       24743524 kB
Node 0 MemFree:        24482352 kB
Node 0 MemUsed:          261172 kB
Node 0 Active:            33920 kB
Node 0 Inactive:          56264 kB
Node 0 Active(anon):      13360 kB
Node 0 Inactive(anon):      508 kB
Node 0 Active(file):      20560 kB
Node 0 Inactive(file):    55756 kB
Node 0 Unevictable:        4576 kB
Node 0 Mlocked:            4576 kB
Node 0 Dirty:                44 kB
Node 0 Writeback:             0 kB
Node 0 FilePages:         81580 kB
Node 0 Mapped:            43176 kB
Node 0 AnonPages:         13176 kB
Node 0 Shmem:               692 kB
Node 0 KernelStack:        2616 kB
Node 0 PageTables:          588 kB
Node 0 NFS_Unstable:          0 kB
Node 0 Bounce:                0 kB
Node 0 WritebackTmp:          0 kB
Node 0 KReclaimable:      23676 kB
Node 0 Slab:              66752 kB
Node 0 SReclaimable:      23676 kB
Node 0 SUnreclaim:        43076 kB
Node 0 AnonHugePages:         0 kB
Node 0 ShmemHugePages:        0 kB
Node 0 ShmemPmdMapped:        0 kB
Node 0 FileHugePages:        0 kB
Node 0 FilePmdMapped:        0 kB
Node 0 HugePages_Total:     0
Node 0 HugePages_Free:      0
Node 0 HugePages_Surp:      0

Node 1 MemTotal:       24686196 kB
Node 1 MemFree:        24448908 kB
Node 1 MemUsed:          237288 kB
Node 1 Active:            60064 kB
Node 1 Inactive:          25056 kB
Node 1 Active(anon):      20376 kB
Node 1 Inactive(anon):      356 kB
Node 1 Active(file):      39688 kB
Node 1 Inactive(file):    24700 kB
Node 1 Unevictable:       13872 kB
Node 1 Mlocked:           13872 kB
Node 1 Dirty:                52 kB
Node 1 Writeback:             0 kB
Node 1 FilePages:         68532 kB
Node 1 Mapped:            18492 kB
Node 1 AnonPages:         30476 kB
Node 1 Shmem:               520 kB
Node 1 KernelStack:        1832 kB
Node 1 PageTables:          500 kB
Node 1 NFS_Unstable:          0 kB
Node 1 Bounce:                0 kB
Node 1 WritebackTmp:          0 kB
Node 1 KReclaimable:      21624 kB
Node 1 Slab:              53232 kB
Node 1 SReclaimable:      21624 kB
Node 1 SUnreclaim:        31608 kB
Node 1 AnonHugePages:         0 kB
Node 1 ShmemHugePages:        0 kB
Node 1 ShmemPmdMapped:        0 kB
Node 1 FileHugePages:        0 kB
Node 1 FilePmdMapped:        0 kB
Node 1 HugePages_Total:     0
Node 1 HugePages_Free:      0
Node 1 HugePages_Surp:      0

Mount tmpfs
Node 0 MemTotal:       24743524 kB
Node 0 MemFree:        24482352 kB
Node 0 MemUsed:          261172 kB
Node 0 Active:            33920 kB
Node 0 Inactive:          56264 kB
Node 0 Active(anon):      13360 kB
Node 0 Inactive(anon):      508 kB
Node 0 Active(file):      20560 kB
Node 0 Inactive(file):    55756 kB
Node 0 Unevictable:        4576 kB
Node 0 Mlocked:            4576 kB
Node 0 Dirty:                44 kB
Node 0 Writeback:             0 kB
Node 0 FilePages:         81580 kB
Node 0 Mapped:            43176 kB
Node 0 AnonPages:         13176 kB
Node 0 Shmem:               692 kB
Node 0 KernelStack:        2616 kB
Node 0 PageTables:          588 kB
Node 0 NFS_Unstable:          0 kB
Node 0 Bounce:                0 kB
Node 0 WritebackTmp:          0 kB
Node 0 KReclaimable:      23676 kB
Node 0 Slab:              66752 kB
Node 0 SReclaimable:      23676 kB
Node 0 SUnreclaim:        43076 kB
Node 0 AnonHugePages:         0 kB
Node 0 ShmemHugePages:        0 kB
Node 0 ShmemPmdMapped:        0 kB
Node 0 FileHugePages:        0 kB
Node 0 FilePmdMapped:        0 kB
Node 0 HugePages_Total:     0
Node 0 HugePages_Free:      0
Node 0 HugePages_Surp:      0

Node 1 MemTotal:       24686196 kB
Node 1 MemFree:        24448352 kB
Node 1 MemUsed:          237844 kB
Node 1 Active:            60064 kB
Node 1 Inactive:          25056 kB
Node 1 Active(anon):      20376 kB
Node 1 Inactive(anon):      356 kB
Node 1 Active(file):      39688 kB
Node 1 Inactive(file):    24700 kB
Node 1 Unevictable:       13872 kB
Node 1 Mlocked:           13872 kB
Node 1 Dirty:                52 kB
Node 1 Writeback:             0 kB
Node 1 FilePages:         68532 kB
Node 1 Mapped:            18492 kB
Node 1 AnonPages:         30840 kB
Node 1 Shmem:               520 kB
Node 1 KernelStack:        1832 kB
Node 1 PageTables:          500 kB
Node 1 NFS_Unstable:          0 kB
Node 1 Bounce:                0 kB
Node 1 WritebackTmp:          0 kB
Node 1 KReclaimable:      21624 kB
Node 1 Slab:              53232 kB
Node 1 SReclaimable:      21624 kB
Node 1 SUnreclaim:        31608 kB
Node 1 AnonHugePages:         0 kB
Node 1 ShmemHugePages:        0 kB
Node 1 ShmemPmdMapped:        0 kB
Node 1 FileHugePages:        0 kB
Node 1 FilePmdMapped:        0 kB
Node 1 HugePages_Total:     0
Node 1 HugePages_Free:      0
Node 1 HugePages_Surp:      0

Create File
Node 0 MemTotal:       24743524 kB
Node 0 MemFree:        24487496 kB
Node 0 MemUsed:          256028 kB
Node 0 Active:            33560 kB
Node 0 Inactive:          56168 kB
Node 0 Active(anon):      12904 kB
Node 0 Inactive(anon):      508 kB
Node 0 Active(file):      20656 kB
Node 0 Inactive(file):    55660 kB
Node 0 Unevictable:        4576 kB
Node 0 Mlocked:            4576 kB
Node 0 Dirty:                16 kB
Node 0 Writeback:             0 kB
Node 0 FilePages:         81580 kB
Node 0 Mapped:            43144 kB
Node 0 AnonPages:         12728 kB
Node 0 Shmem:               692 kB
Node 0 KernelStack:        2632 kB
Node 0 PageTables:          568 kB
Node 0 NFS_Unstable:          0 kB
Node 0 Bounce:                0 kB
Node 0 WritebackTmp:          0 kB
Node 0 KReclaimable:      23716 kB
Node 0 Slab:              66936 kB
Node 0 SReclaimable:      23716 kB
Node 0 SUnreclaim:        43220 kB
Node 0 AnonHugePages:         0 kB
Node 0 ShmemHugePages:        0 kB
Node 0 ShmemPmdMapped:        0 kB
Node 0 FileHugePages:        0 kB
Node 0 FilePmdMapped:        0 kB
Node 0 HugePages_Total:     0
Node 0 HugePages_Free:      0
Node 0 HugePages_Surp:      0

Node 1 MemTotal:       24686196 kB
Node 1 MemFree:         7635048 kB
Node 1 MemUsed:        17051148 kB
Node 1 Active:            61216 kB
Node 1 Inactive:       16802188 kB
Node 1 Active(anon):      20924 kB
Node 1 Inactive(anon): 16777428 kB
Node 1 Active(file):      40292 kB
Node 1 Inactive(file):    24760 kB
Node 1 Unevictable:       13872 kB
Node 1 Mlocked:           13872 kB
Node 1 Dirty:                 8 kB
Node 1 Writeback:             0 kB
Node 1 FilePages:      16846312 kB
Node 1 Mapped:            18624 kB
Node 1 AnonPages:         31028 kB
Node 1 Shmem:          16777632 kB
Node 1 KernelStack:        1848 kB
Node 1 PageTables:          596 kB
Node 1 NFS_Unstable:          0 kB
Node 1 Bounce:                0 kB
Node 1 WritebackTmp:          0 kB
Node 1 KReclaimable:      59928 kB
Node 1 Slab:              92400 kB
Node 1 SReclaimable:      59928 kB
Node 1 SUnreclaim:        32472 kB
Node 1 AnonHugePages:         0 kB
Node 1 ShmemHugePages:        0 kB
Node 1 ShmemPmdMapped:        0 kB
Node 1 FileHugePages:        0 kB
Node 1 FilePmdMapped:        0 kB
Node 1 HugePages_Total:     0
Node 1 HugePages_Free:      0
Node 1 HugePages_Surp:      0

After Test
Node 0 MemTotal:       24743524 kB
Node 0 MemFree:        24472148 kB
Node 0 MemUsed:          271376 kB
Node 0 Active:            34240 kB
Node 0 Inactive:          71016 kB
Node 0 Active(anon):      13068 kB
Node 0 Inactive(anon):      652 kB
Node 0 Active(file):      21172 kB
Node 0 Inactive(file):    70364 kB
Node 0 Unevictable:        4576 kB
Node 0 Mlocked:            4576 kB
Node 0 Dirty:                32 kB
Node 0 Writeback:             0 kB
Node 0 FilePages:         96784 kB
Node 0 Mapped:            43444 kB
Node 0 AnonPages:         12944 kB
Node 0 Shmem:               860 kB
Node 0 KernelStack:        2680 kB
Node 0 PageTables:          452 kB
Node 0 NFS_Unstable:          0 kB
Node 0 Bounce:                0 kB
Node 0 WritebackTmp:          0 kB
Node 0 KReclaimable:      25284 kB
Node 0 Slab:              69576 kB
Node 0 SReclaimable:      25284 kB
Node 0 SUnreclaim:        44292 kB
Node 0 AnonHugePages:         0 kB
Node 0 ShmemHugePages:        0 kB
Node 0 ShmemPmdMapped:        0 kB
Node 0 FileHugePages:        0 kB
Node 0 FilePmdMapped:        0 kB
Node 0 HugePages_Total:     0
Node 0 HugePages_Free:      0
Node 0 HugePages_Surp:      0

Node 1 MemTotal:       24686196 kB
Node 1 MemFree:         7634988 kB
Node 1 MemUsed:        17051208 kB
Node 1 Active:         16840164 kB
Node 1 Inactive:          23224 kB
Node 1 Active(anon):   16797952 kB
Node 1 Inactive(anon):      356 kB
Node 1 Active(file):      42212 kB
Node 1 Inactive(file):    22868 kB
Node 1 Unevictable:       13872 kB
Node 1 Mlocked:           13872 kB
Node 1 Dirty:                12 kB
Node 1 Writeback:             0 kB
Node 1 FilePages:      16846432 kB
Node 1 Mapped:            18668 kB
Node 1 AnonPages:         30836 kB
Node 1 Shmem:          16777736 kB
Node 1 KernelStack:        1816 kB
Node 1 PageTables:          544 kB
Node 1 NFS_Unstable:          0 kB
Node 1 Bounce:                0 kB
Node 1 WritebackTmp:          0 kB
Node 1 KReclaimable:      60288 kB
Node 1 Slab:              93232 kB
Node 1 SReclaimable:      60288 kB
Node 1 SUnreclaim:        32944 kB
Node 1 AnonHugePages:         0 kB
Node 1 ShmemHugePages:        0 kB
Node 1 ShmemPmdMapped:        0 kB
Node 1 FileHugePages:        0 kB
Node 1 FilePmdMapped:        0 kB
Node 1 HugePages_Total:     0
Node 1 HugePages_Free:      0
Node 1 HugePages_Surp:      0

0.onefio.16G Complete!
