1.onefio.1M
Begin
Node 0 MemTotal:       24768352 kB
Node 0 MemFree:        24569108 kB
Node 0 MemUsed:          199244 kB
Node 0 Active:            28972 kB
Node 0 Inactive:          12088 kB
Node 0 Active(anon):      18680 kB
Node 0 Inactive(anon):      344 kB
Node 0 Active(file):      10292 kB
Node 0 Inactive(file):    11744 kB
Node 0 Unevictable:       12700 kB
Node 0 Mlocked:           12700 kB
Node 0 Dirty:               252 kB
Node 0 Writeback:             0 kB
Node 0 FilePages:         24972 kB
Node 0 Mapped:             6380 kB
Node 0 AnonPages:         28928 kB
Node 0 Shmem:               480 kB
Node 0 KernelStack:        2568 kB
Node 0 PageTables:          496 kB
Node 0 NFS_Unstable:          0 kB
Node 0 Bounce:                0 kB
Node 0 WritebackTmp:          0 kB
Node 0 KReclaimable:      16668 kB
Node 0 Slab:              51540 kB
Node 0 SReclaimable:      16668 kB
Node 0 SUnreclaim:        34872 kB
Node 0 AnonHugePages:         0 kB
Node 0 ShmemHugePages:        0 kB
Node 0 ShmemPmdMapped:        0 kB
Node 0 FileHugePages:        0 kB
Node 0 FilePmdMapped:        0 kB
Node 0 HugePages_Total:     0
Node 0 HugePages_Free:      0
Node 0 HugePages_Surp:      0

Node 1 MemTotal:       24661368 kB
Node 1 MemFree:        24357148 kB
Node 1 MemUsed:          304220 kB
Node 1 Active:            65644 kB
Node 1 Inactive:          70456 kB
Node 1 Active(anon):      15872 kB
Node 1 Inactive(anon):      520 kB
Node 1 Active(file):      49772 kB
Node 1 Inactive(file):    69936 kB
Node 1 Unevictable:        5744 kB
Node 1 Mlocked:            5744 kB
Node 1 Dirty:               132 kB
Node 1 Writeback:             0 kB
Node 1 FilePages:        126180 kB
Node 1 Mapped:            55888 kB
Node 1 AnonPages:         15660 kB
Node 1 Shmem:               732 kB
Node 1 KernelStack:        1944 kB
Node 1 PageTables:          708 kB
Node 1 NFS_Unstable:          0 kB
Node 1 Bounce:                0 kB
Node 1 WritebackTmp:          0 kB
Node 1 KReclaimable:      28592 kB
Node 1 Slab:              70596 kB
Node 1 SReclaimable:      28592 kB
Node 1 SUnreclaim:        42004 kB
Node 1 AnonHugePages:         0 kB
Node 1 ShmemHugePages:        0 kB
Node 1 ShmemPmdMapped:        0 kB
Node 1 FileHugePages:        0 kB
Node 1 FilePmdMapped:        0 kB
Node 1 HugePages_Total:     0
Node 1 HugePages_Free:      0
Node 1 HugePages_Surp:      0

Mount tmpfs
Node 0 MemTotal:       24768352 kB
Node 0 MemFree:        24568168 kB
Node 0 MemUsed:          200184 kB
Node 0 Active:            28972 kB
Node 0 Inactive:          12088 kB
Node 0 Active(anon):      18680 kB
Node 0 Inactive(anon):      344 kB
Node 0 Active(file):      10292 kB
Node 0 Inactive(file):    11744 kB
Node 0 Unevictable:       12700 kB
Node 0 Mlocked:           12700 kB
Node 0 Dirty:               252 kB
Node 0 Writeback:             0 kB
Node 0 FilePages:         24972 kB
Node 0 Mapped:             6380 kB
Node 0 AnonPages:         29112 kB
Node 0 Shmem:               480 kB
Node 0 KernelStack:        2568 kB
Node 0 PageTables:          496 kB
Node 0 NFS_Unstable:          0 kB
Node 0 Bounce:                0 kB
Node 0 WritebackTmp:          0 kB
Node 0 KReclaimable:      16668 kB
Node 0 Slab:              51540 kB
Node 0 SReclaimable:      16668 kB
Node 0 SUnreclaim:        34872 kB
Node 0 AnonHugePages:         0 kB
Node 0 ShmemHugePages:        0 kB
Node 0 ShmemPmdMapped:        0 kB
Node 0 FileHugePages:        0 kB
Node 0 FilePmdMapped:        0 kB
Node 0 HugePages_Total:     0
Node 0 HugePages_Free:      0
Node 0 HugePages_Surp:      0

Node 1 MemTotal:       24661368 kB
Node 1 MemFree:        24357148 kB
Node 1 MemUsed:          304220 kB
Node 1 Active:            65644 kB
Node 1 Inactive:          70456 kB
Node 1 Active(anon):      15872 kB
Node 1 Inactive(anon):      520 kB
Node 1 Active(file):      49772 kB
Node 1 Inactive(file):    69936 kB
Node 1 Unevictable:        5744 kB
Node 1 Mlocked:            5744 kB
Node 1 Dirty:               132 kB
Node 1 Writeback:             0 kB
Node 1 FilePages:        126180 kB
Node 1 Mapped:            55888 kB
Node 1 AnonPages:         15660 kB
Node 1 Shmem:               732 kB
Node 1 KernelStack:        1944 kB
Node 1 PageTables:          708 kB
Node 1 NFS_Unstable:          0 kB
Node 1 Bounce:                0 kB
Node 1 WritebackTmp:          0 kB
Node 1 KReclaimable:      28592 kB
Node 1 Slab:              70596 kB
Node 1 SReclaimable:      28592 kB
Node 1 SUnreclaim:        42004 kB
Node 1 AnonHugePages:         0 kB
Node 1 ShmemHugePages:        0 kB
Node 1 ShmemPmdMapped:        0 kB
Node 1 FileHugePages:        0 kB
Node 1 FilePmdMapped:        0 kB
Node 1 HugePages_Total:     0
Node 1 HugePages_Free:      0
Node 1 HugePages_Surp:      0

Create File
Node 0 MemTotal:       24768352 kB
Node 0 MemFree:        24567640 kB
Node 0 MemUsed:          200712 kB
Node 0 Active:            29336 kB
Node 0 Inactive:          12088 kB
Node 0 Active(anon):      18680 kB
Node 0 Inactive(anon):      344 kB
Node 0 Active(file):      10656 kB
Node 0 Inactive(file):    11744 kB
Node 0 Unevictable:       12700 kB
Node 0 Mlocked:           12700 kB
Node 0 Dirty:               252 kB
Node 0 Writeback:             0 kB
Node 0 FilePages:         25516 kB
Node 0 Mapped:             6380 kB
Node 0 AnonPages:         28952 kB
Node 0 Shmem:               480 kB
Node 0 KernelStack:        2568 kB
Node 0 PageTables:          496 kB
Node 0 NFS_Unstable:          0 kB
Node 0 Bounce:                0 kB
Node 0 WritebackTmp:          0 kB
Node 0 KReclaimable:      16668 kB
Node 0 Slab:              51540 kB
Node 0 SReclaimable:      16668 kB
Node 0 SUnreclaim:        34872 kB
Node 0 AnonHugePages:         0 kB
Node 0 ShmemHugePages:        0 kB
Node 0 ShmemPmdMapped:        0 kB
Node 0 FileHugePages:        0 kB
Node 0 FilePmdMapped:        0 kB
Node 0 HugePages_Total:     0
Node 0 HugePages_Free:      0
Node 0 HugePages_Surp:      0

Node 1 MemTotal:       24661368 kB
Node 1 MemFree:        24356780 kB
Node 1 MemUsed:          304588 kB
Node 1 Active:            65644 kB
Node 1 Inactive:          71184 kB
Node 1 Active(anon):      15872 kB
Node 1 Inactive(anon):     1248 kB
Node 1 Active(file):      49772 kB
Node 1 Inactive(file):    69936 kB
Node 1 Unevictable:        5744 kB
Node 1 Mlocked:            5744 kB
Node 1 Dirty:               132 kB
Node 1 Writeback:             0 kB
Node 1 FilePages:        126908 kB
Node 1 Mapped:            55888 kB
Node 1 AnonPages:         15660 kB
Node 1 Shmem:              1460 kB
Node 1 KernelStack:        1944 kB
Node 1 PageTables:          708 kB
Node 1 NFS_Unstable:          0 kB
Node 1 Bounce:                0 kB
Node 1 WritebackTmp:          0 kB
Node 1 KReclaimable:      28592 kB
Node 1 Slab:              70596 kB
Node 1 SReclaimable:      28592 kB
Node 1 SUnreclaim:        42004 kB
Node 1 AnonHugePages:         0 kB
Node 1 ShmemHugePages:        0 kB
Node 1 ShmemPmdMapped:        0 kB
Node 1 FileHugePages:        0 kB
Node 1 FilePmdMapped:        0 kB
Node 1 HugePages_Total:     0
Node 1 HugePages_Free:      0
Node 1 HugePages_Surp:      0

After Test
Node 0 MemTotal:       24768352 kB
Node 0 MemFree:        24567580 kB
Node 0 MemUsed:          200772 kB
Node 0 Active:            30556 kB
Node 0 Inactive:          11728 kB
Node 0 Active(anon):      19316 kB
Node 0 Inactive(anon):      344 kB
Node 0 Active(file):      11240 kB
Node 0 Inactive(file):    11384 kB
Node 0 Unevictable:       12700 kB
Node 0 Mlocked:           12700 kB
Node 0 Dirty:                20 kB
Node 0 Writeback:             0 kB
Node 0 FilePages:         25544 kB
Node 0 Mapped:             6436 kB
Node 0 AnonPages:         29528 kB
Node 0 Shmem:               480 kB
Node 0 KernelStack:        2600 kB
Node 0 PageTables:          560 kB
Node 0 NFS_Unstable:          0 kB
Node 0 Bounce:                0 kB
Node 0 WritebackTmp:          0 kB
Node 0 KReclaimable:      16936 kB
Node 0 Slab:              52244 kB
Node 0 SReclaimable:      16936 kB
Node 0 SUnreclaim:        35308 kB
Node 0 AnonHugePages:         0 kB
Node 0 ShmemHugePages:        0 kB
Node 0 ShmemPmdMapped:        0 kB
Node 0 FileHugePages:        0 kB
Node 0 FilePmdMapped:        0 kB
Node 0 HugePages_Total:     0
Node 0 HugePages_Free:      0
Node 0 HugePages_Surp:      0

Node 1 MemTotal:       24661368 kB
Node 1 MemFree:        24339092 kB
Node 1 MemUsed:          322276 kB
Node 1 Active:            68952 kB
Node 1 Inactive:          83984 kB
Node 1 Active(anon):      16972 kB
Node 1 Inactive(anon):      580 kB
Node 1 Active(file):      51980 kB
Node 1 Inactive(file):    83404 kB
Node 1 Unevictable:        5744 kB
Node 1 Mlocked:            5744 kB
Node 1 Dirty:               172 kB
Node 1 Writeback:             0 kB
Node 1 FilePages:        141984 kB
Node 1 Mapped:            55900 kB
Node 1 AnonPages:         15924 kB
Node 1 Shmem:              1460 kB
Node 1 KernelStack:        1936 kB
Node 1 PageTables:          616 kB
Node 1 NFS_Unstable:          0 kB
Node 1 Bounce:                0 kB
Node 1 WritebackTmp:          0 kB
Node 1 KReclaimable:      30132 kB
Node 1 Slab:              72540 kB
Node 1 SReclaimable:      30132 kB
Node 1 SUnreclaim:        42408 kB
Node 1 AnonHugePages:         0 kB
Node 1 ShmemHugePages:        0 kB
Node 1 ShmemPmdMapped:        0 kB
Node 1 FileHugePages:        0 kB
Node 1 FilePmdMapped:        0 kB
Node 1 HugePages_Total:     0
Node 1 HugePages_Free:      0
Node 1 HugePages_Surp:      0

1.onefio.1M Complete!
