B.1.bigfio.16G.3.O
Begin
Node 0 MemTotal:       24768352 kB
Node 0 MemFree:        24313920 kB
Node 0 MemUsed:          454432 kB
Node 0 Active:            49088 kB
Node 0 Inactive:         113888 kB
Node 0 Active(anon):       9160 kB
Node 0 Inactive(anon):      412 kB
Node 0 Active(file):      39928 kB
Node 0 Inactive(file):   113476 kB
Node 0 Unevictable:       17280 kB
Node 0 Mlocked:           17280 kB
Node 0 Dirty:               328 kB
Node 0 Writeback:             0 kB
Node 0 FilePages:        160952 kB
Node 0 Mapped:            68584 kB
Node 0 AnonPages:         19388 kB
Node 0 Shmem:               600 kB
Node 0 KernelStack:        2152 kB
Node 0 PageTables:          712 kB
Node 0 NFS_Unstable:          0 kB
Node 0 Bounce:                0 kB
Node 0 WritebackTmp:          0 kB
Node 0 KReclaimable:      27392 kB
Node 0 Slab:              55532 kB
Node 0 SReclaimable:      27392 kB
Node 0 SUnreclaim:        28140 kB
Node 0 AnonHugePages:         0 kB
Node 0 ShmemHugePages:        0 kB
Node 0 ShmemPmdMapped:        0 kB
Node 0 FileHugePages:        0 kB
Node 0 FilePmdMapped:        0 kB
Node 0 HugePages_Total:     0
Node 0 HugePages_Free:      0
Node 0 HugePages_Surp:      0

Node 1 MemTotal:       24661580 kB
Node 1 MemFree:        24457324 kB
Node 1 MemUsed:          204256 kB
Node 1 Active:            44856 kB
Node 1 Inactive:          24908 kB
Node 1 Active(anon):      24688 kB
Node 1 Inactive(anon):      484 kB
Node 1 Active(file):      20168 kB
Node 1 Inactive(file):    24424 kB
Node 1 Unevictable:        1244 kB
Node 1 Mlocked:            1244 kB
Node 1 Dirty:                16 kB
Node 1 Writeback:             0 kB
Node 1 FilePages:         46672 kB
Node 1 Mapped:            13192 kB
Node 1 AnonPages:         24544 kB
Node 1 Shmem:               668 kB
Node 1 KernelStack:        1512 kB
Node 1 PageTables:          520 kB
Node 1 NFS_Unstable:          0 kB
Node 1 Bounce:                0 kB
Node 1 WritebackTmp:          0 kB
Node 1 KReclaimable:      14228 kB
Node 1 Slab:              49696 kB
Node 1 SReclaimable:      14228 kB
Node 1 SUnreclaim:        35468 kB
Node 1 AnonHugePages:         0 kB
Node 1 ShmemHugePages:        0 kB
Node 1 ShmemPmdMapped:        0 kB
Node 1 FileHugePages:        0 kB
Node 1 FilePmdMapped:        0 kB
Node 1 HugePages_Total:     0
Node 1 HugePages_Free:      0
Node 1 HugePages_Surp:      0

Load ZFS
Node 0 MemTotal:       24768352 kB
Node 0 MemFree:        24422636 kB
Node 0 MemUsed:          345716 kB
Node 0 Active:            70104 kB
Node 0 Inactive:         114180 kB
Node 0 Active(anon):      29056 kB
Node 0 Inactive(anon):      572 kB
Node 0 Active(file):      41048 kB
Node 0 Inactive(file):   113608 kB
Node 0 Unevictable:       17480 kB
Node 0 Mlocked:           17480 kB
Node 0 Dirty:               536 kB
Node 0 Writeback:             0 kB
Node 0 FilePages:        162364 kB
Node 0 Mapped:            69780 kB
Node 0 AnonPages:         39544 kB
Node 0 Shmem:               760 kB
Node 0 KernelStack:        2540 kB
Node 0 PageTables:         1956 kB
Node 0 NFS_Unstable:          0 kB
Node 0 Bounce:                0 kB
Node 0 WritebackTmp:          0 kB
Node 0 KReclaimable:      28096 kB
Node 0 Slab:              58264 kB
Node 0 SReclaimable:      28096 kB
Node 0 SUnreclaim:        30168 kB
Node 0 AnonHugePages:         0 kB
Node 0 ShmemHugePages:        0 kB
Node 0 ShmemPmdMapped:        0 kB
Node 0 FileHugePages:        0 kB
Node 0 FilePmdMapped:        0 kB
Node 0 HugePages_Total:     0
Node 0 HugePages_Free:      0
Node 0 HugePages_Surp:      0

Node 1 MemTotal:       24661580 kB
Node 1 MemFree:        24204736 kB
Node 1 MemUsed:          456844 kB
Node 1 Active:            53044 kB
Node 1 Inactive:         128160 kB
Node 1 Active(anon):      31596 kB
Node 1 Inactive(anon):      372 kB
Node 1 Active(file):      21448 kB
Node 1 Inactive(file):   127788 kB
Node 1 Unevictable:        1244 kB
Node 1 Mlocked:            1244 kB
Node 1 Dirty:                36 kB
Node 1 Writeback:             0 kB
Node 1 FilePages:        150988 kB
Node 1 Mapped:            16180 kB
Node 1 AnonPages:         31496 kB
Node 1 Shmem:               508 kB
Node 1 KernelStack:        1688 kB
Node 1 PageTables:         1360 kB
Node 1 NFS_Unstable:          0 kB
Node 1 Bounce:                0 kB
Node 1 WritebackTmp:          0 kB
Node 1 KReclaimable:      15288 kB
Node 1 Slab:              53384 kB
Node 1 SReclaimable:      15288 kB
Node 1 SUnreclaim:        38096 kB
Node 1 AnonHugePages:         0 kB
Node 1 ShmemHugePages:        0 kB
Node 1 ShmemPmdMapped:        0 kB
Node 1 FileHugePages:        0 kB
Node 1 FilePmdMapped:        0 kB
Node 1 HugePages_Total:     0
Node 1 HugePages_Free:      0
Node 1 HugePages_Surp:      0

Import tank ZPool
Node 0 MemTotal:       24768352 kB
Node 0 MemFree:        24429424 kB
Node 0 MemUsed:          338928 kB
Node 0 Active:            50264 kB
Node 0 Inactive:         113672 kB
Node 0 Active(anon):       8676 kB
Node 0 Inactive(anon):      572 kB
Node 0 Active(file):      41588 kB
Node 0 Inactive(file):   113100 kB
Node 0 Unevictable:       17512 kB
Node 0 Mlocked:           17512 kB
Node 0 Dirty:               172 kB
Node 0 Writeback:             0 kB
Node 0 FilePages:        162392 kB
Node 0 Mapped:            68868 kB
Node 0 AnonPages:         19052 kB
Node 0 Shmem:               756 kB
Node 0 KernelStack:        3224 kB
Node 0 PageTables:          636 kB
Node 0 NFS_Unstable:          0 kB
Node 0 Bounce:                0 kB
Node 0 WritebackTmp:          0 kB
Node 0 KReclaimable:      28108 kB
Node 0 Slab:              60660 kB
Node 0 SReclaimable:      28108 kB
Node 0 SUnreclaim:        32552 kB
Node 0 AnonHugePages:         0 kB
Node 0 ShmemHugePages:        0 kB
Node 0 ShmemPmdMapped:        0 kB
Node 0 FileHugePages:        0 kB
Node 0 FilePmdMapped:        0 kB
Node 0 HugePages_Total:     0
Node 0 HugePages_Free:      0
Node 0 HugePages_Surp:      0

Node 1 MemTotal:       24661580 kB
Node 1 MemFree:        24202972 kB
Node 1 MemUsed:          458608 kB
Node 1 Active:            47596 kB
Node 1 Inactive:         128812 kB
Node 1 Active(anon):      25260 kB
Node 1 Inactive(anon):      376 kB
Node 1 Active(file):      22336 kB
Node 1 Inactive(file):   128436 kB
Node 1 Unevictable:        1244 kB
Node 1 Mlocked:            1244 kB
Node 1 Dirty:                 8 kB
Node 1 Writeback:             0 kB
Node 1 FilePages:        152532 kB
Node 1 Mapped:            13472 kB
Node 1 AnonPages:         24764 kB
Node 1 Shmem:               512 kB
Node 1 KernelStack:        1544 kB
Node 1 PageTables:          664 kB
Node 1 NFS_Unstable:          0 kB
Node 1 Bounce:                0 kB
Node 1 WritebackTmp:          0 kB
Node 1 KReclaimable:      15432 kB
Node 1 Slab:              58792 kB
Node 1 SReclaimable:      15432 kB
Node 1 SUnreclaim:        43360 kB
Node 1 AnonHugePages:         0 kB
Node 1 ShmemHugePages:        0 kB
Node 1 ShmemPmdMapped:        0 kB
Node 1 FileHugePages:        0 kB
Node 1 FilePmdMapped:        0 kB
Node 1 HugePages_Total:     0
Node 1 HugePages_Free:      0
Node 1 HugePages_Surp:      0

After Test
Node 0 MemTotal:       24768352 kB
Node 0 MemFree:        23710388 kB
Node 0 MemUsed:         1057964 kB
Node 0 Active:            50268 kB
Node 0 Inactive:         113676 kB
Node 0 Active(anon):       8680 kB
Node 0 Inactive(anon):      576 kB
Node 0 Active(file):      41588 kB
Node 0 Inactive(file):   113100 kB
Node 0 Unevictable:       17512 kB
Node 0 Mlocked:           17512 kB
Node 0 Dirty:                32 kB
Node 0 Writeback:             0 kB
Node 0 FilePages:        162396 kB
Node 0 Mapped:            68616 kB
Node 0 AnonPages:         19056 kB
Node 0 Shmem:               760 kB
Node 0 KernelStack:        3048 kB
Node 0 PageTables:          636 kB
Node 0 NFS_Unstable:          0 kB
Node 0 Bounce:                0 kB
Node 0 WritebackTmp:          0 kB
Node 0 KReclaimable:      28236 kB
Node 0 Slab:              63304 kB
Node 0 SReclaimable:      28236 kB
Node 0 SUnreclaim:        35068 kB
Node 0 AnonHugePages:         0 kB
Node 0 ShmemHugePages:        0 kB
Node 0 ShmemPmdMapped:        0 kB
Node 0 FileHugePages:        0 kB
Node 0 FilePmdMapped:        0 kB
Node 0 HugePages_Total:     0
Node 0 HugePages_Free:      0
Node 0 HugePages_Surp:      0

Node 1 MemTotal:       24661580 kB
Node 1 MemFree:         7262792 kB
Node 1 MemUsed:        17398788 kB
Node 1 Active:            48724 kB
Node 1 Inactive:         129716 kB
Node 1 Active(anon):      24820 kB
Node 1 Inactive(anon):      396 kB
Node 1 Active(file):      23904 kB
Node 1 Inactive(file):   129320 kB
Node 1 Unevictable:        1244 kB
Node 1 Mlocked:            1244 kB
Node 1 Dirty:                24 kB
Node 1 Writeback:             0 kB
Node 1 FilePages:        155028 kB
Node 1 Mapped:            13432 kB
Node 1 AnonPages:         24564 kB
Node 1 Shmem:               552 kB
Node 1 KernelStack:        1416 kB
Node 1 PageTables:          668 kB
Node 1 NFS_Unstable:          0 kB
Node 1 Bounce:                0 kB
Node 1 WritebackTmp:          0 kB
Node 1 KReclaimable:      16948 kB
Node 1 Slab:             118272 kB
Node 1 SReclaimable:      16948 kB
Node 1 SUnreclaim:       101324 kB
Node 1 AnonHugePages:         0 kB
Node 1 ShmemHugePages:        0 kB
Node 1 ShmemPmdMapped:        0 kB
Node 1 FileHugePages:        0 kB
Node 1 FilePmdMapped:        0 kB
Node 1 HugePages_Total:     0
Node 1 HugePages_Free:      0
Node 1 HugePages_Surp:      0

After Opposite Node
Node 0 MemTotal:       24768352 kB
Node 0 MemFree:        23705948 kB
Node 0 MemUsed:         1062404 kB
Node 0 Active:            50676 kB
Node 0 Inactive:         113728 kB
Node 0 Active(anon):       9084 kB
Node 0 Inactive(anon):      620 kB
Node 0 Active(file):      41592 kB
Node 0 Inactive(file):   113108 kB
Node 0 Unevictable:       17512 kB
Node 0 Mlocked:           17512 kB
Node 0 Dirty:               128 kB
Node 0 Writeback:             0 kB
Node 0 FilePages:        162452 kB
Node 0 Mapped:            68660 kB
Node 0 AnonPages:         19336 kB
Node 0 Shmem:               804 kB
Node 0 KernelStack:        3048 kB
Node 0 PageTables:          812 kB
Node 0 NFS_Unstable:          0 kB
Node 0 Bounce:                0 kB
Node 0 WritebackTmp:          0 kB
Node 0 KReclaimable:      28304 kB
Node 0 Slab:              63748 kB
Node 0 SReclaimable:      28304 kB
Node 0 SUnreclaim:        35444 kB
Node 0 AnonHugePages:         0 kB
Node 0 ShmemHugePages:        0 kB
Node 0 ShmemPmdMapped:        0 kB
Node 0 FileHugePages:        0 kB
Node 0 FilePmdMapped:        0 kB
Node 0 HugePages_Total:     0
Node 0 HugePages_Free:      0
Node 0 HugePages_Surp:      0

Node 1 MemTotal:       24661580 kB
Node 1 MemFree:         7266316 kB
Node 1 MemUsed:        17395264 kB
Node 1 Active:            48760 kB
Node 1 Inactive:         129524 kB
Node 1 Active(anon):      24652 kB
Node 1 Inactive(anon):      364 kB
Node 1 Active(file):      24108 kB
Node 1 Inactive(file):   129160 kB
Node 1 Unevictable:        1244 kB
Node 1 Mlocked:            1244 kB
Node 1 Dirty:                52 kB
Node 1 Writeback:             0 kB
Node 1 FilePages:        155028 kB
Node 1 Mapped:            13392 kB
Node 1 AnonPages:         24508 kB
Node 1 Shmem:               508 kB
Node 1 KernelStack:        1400 kB
Node 1 PageTables:          548 kB
Node 1 NFS_Unstable:          0 kB
Node 1 Bounce:                0 kB
Node 1 WritebackTmp:          0 kB
Node 1 KReclaimable:      16948 kB
Node 1 Slab:             117992 kB
Node 1 SReclaimable:      16948 kB
Node 1 SUnreclaim:       101044 kB
Node 1 AnonHugePages:         0 kB
Node 1 ShmemHugePages:        0 kB
Node 1 ShmemPmdMapped:        0 kB
Node 1 FileHugePages:        0 kB
Node 1 FilePmdMapped:        0 kB
Node 1 HugePages_Total:     0
Node 1 HugePages_Free:      0
Node 1 HugePages_Surp:      0

B.1.bigfio.16G.3.O Complete!
