B.1.bigfio.4G.3.O
Begin
Node 0 MemTotal:       24768352 kB
Node 0 MemFree:        24527568 kB
Node 0 MemUsed:          240784 kB
Node 0 Active:            48036 kB
Node 0 Inactive:          35004 kB
Node 0 Active(anon):       7172 kB
Node 0 Inactive(anon):      436 kB
Node 0 Active(file):      40864 kB
Node 0 Inactive(file):    34568 kB
Node 0 Unevictable:       17328 kB
Node 0 Mlocked:           17328 kB
Node 0 Dirty:               304 kB
Node 0 Writeback:             0 kB
Node 0 FilePages:         83068 kB
Node 0 Mapped:            34336 kB
Node 0 AnonPages:         17296 kB
Node 0 Shmem:               640 kB
Node 0 KernelStack:        1960 kB
Node 0 PageTables:          548 kB
Node 0 NFS_Unstable:          0 kB
Node 0 Bounce:                0 kB
Node 0 WritebackTmp:          0 kB
Node 0 KReclaimable:      18984 kB
Node 0 Slab:              53860 kB
Node 0 SReclaimable:      18984 kB
Node 0 SUnreclaim:        34876 kB
Node 0 AnonHugePages:         0 kB
Node 0 ShmemHugePages:        0 kB
Node 0 ShmemPmdMapped:        0 kB
Node 0 FileHugePages:        0 kB
Node 0 FilePmdMapped:        0 kB
Node 0 HugePages_Total:     0
Node 0 HugePages_Free:      0
Node 0 HugePages_Surp:      0

Node 1 MemTotal:       24661580 kB
Node 1 MemFree:        24259492 kB
Node 1 MemUsed:          402088 kB
Node 1 Active:            48148 kB
Node 1 Inactive:          82868 kB
Node 1 Active(anon):      26780 kB
Node 1 Inactive(anon):      436 kB
Node 1 Active(file):      21368 kB
Node 1 Inactive(file):    82432 kB
Node 1 Unevictable:        1196 kB
Node 1 Mlocked:            1196 kB
Node 1 Dirty:               100 kB
Node 1 Writeback:             0 kB
Node 1 FilePages:        105792 kB
Node 1 Mapped:            36444 kB
Node 1 AnonPages:         26900 kB
Node 1 Shmem:               628 kB
Node 1 KernelStack:        1672 kB
Node 1 PageTables:          580 kB
Node 1 NFS_Unstable:          0 kB
Node 1 Bounce:                0 kB
Node 1 WritebackTmp:          0 kB
Node 1 KReclaimable:      23420 kB
Node 1 Slab:              54432 kB
Node 1 SReclaimable:      23420 kB
Node 1 SUnreclaim:        31012 kB
Node 1 AnonHugePages:         0 kB
Node 1 ShmemHugePages:        0 kB
Node 1 ShmemPmdMapped:        0 kB
Node 1 FileHugePages:        0 kB
Node 1 FilePmdMapped:        0 kB
Node 1 HugePages_Total:     0
Node 1 HugePages_Free:      0
Node 1 HugePages_Surp:      0

Load ZFS
Node 0 MemTotal:       24768352 kB
Node 0 MemFree:        24496592 kB
Node 0 MemUsed:          271760 kB
Node 0 Active:            62224 kB
Node 0 Inactive:          47936 kB
Node 0 Active(anon):      20608 kB
Node 0 Inactive(anon):      480 kB
Node 0 Active(file):      41616 kB
Node 0 Inactive(file):    47456 kB
Node 0 Unevictable:       17544 kB
Node 0 Mlocked:           17544 kB
Node 0 Dirty:               232 kB
Node 0 Writeback:             0 kB
Node 0 FilePages:         96680 kB
Node 0 Mapped:            35824 kB
Node 0 AnonPages:         31012 kB
Node 0 Shmem:               612 kB
Node 0 KernelStack:        2324 kB
Node 0 PageTables:         1712 kB
Node 0 NFS_Unstable:          0 kB
Node 0 Bounce:                0 kB
Node 0 WritebackTmp:          0 kB
Node 0 KReclaimable:      19724 kB
Node 0 Slab:              55644 kB
Node 0 SReclaimable:      19724 kB
Node 0 SUnreclaim:        35920 kB
Node 0 AnonHugePages:         0 kB
Node 0 ShmemHugePages:        0 kB
Node 0 ShmemPmdMapped:        0 kB
Node 0 FileHugePages:        0 kB
Node 0 FilePmdMapped:        0 kB
Node 0 HugePages_Total:     0
Node 0 HugePages_Free:      0
Node 0 HugePages_Surp:      0

Node 1 MemTotal:       24661580 kB
Node 1 MemFree:        24147208 kB
Node 1 MemUsed:          514372 kB
Node 1 Active:            62452 kB
Node 1 Inactive:         173396 kB
Node 1 Active(anon):      39300 kB
Node 1 Inactive(anon):      464 kB
Node 1 Active(file):      23152 kB
Node 1 Inactive(file):   172932 kB
Node 1 Unevictable:        1196 kB
Node 1 Mlocked:            1196 kB
Node 1 Dirty:               336 kB
Node 1 Writeback:             0 kB
Node 1 FilePages:        197936 kB
Node 1 Mapped:            38856 kB
Node 1 AnonPages:         38824 kB
Node 1 Shmem:               656 kB
Node 1 KernelStack:        1992 kB
Node 1 PageTables:         1488 kB
Node 1 NFS_Unstable:          0 kB
Node 1 Bounce:                0 kB
Node 1 WritebackTmp:          0 kB
Node 1 KReclaimable:      24680 kB
Node 1 Slab:              59340 kB
Node 1 SReclaimable:      24680 kB
Node 1 SUnreclaim:        34660 kB
Node 1 AnonHugePages:         0 kB
Node 1 ShmemHugePages:        0 kB
Node 1 ShmemPmdMapped:        0 kB
Node 1 FileHugePages:        0 kB
Node 1 FilePmdMapped:        0 kB
Node 1 HugePages_Total:     0
Node 1 HugePages_Free:      0
Node 1 HugePages_Surp:      0

Import tank ZPool
Node 0 MemTotal:       24768352 kB
Node 0 MemFree:        24509240 kB
Node 0 MemUsed:          259112 kB
Node 0 Active:            48860 kB
Node 0 Inactive:          47536 kB
Node 0 Active(anon):       6800 kB
Node 0 Inactive(anon):      480 kB
Node 0 Active(file):      42060 kB
Node 0 Inactive(file):    47056 kB
Node 0 Unevictable:       17560 kB
Node 0 Mlocked:           17560 kB
Node 0 Dirty:               248 kB
Node 0 Writeback:             0 kB
Node 0 FilePages:         96720 kB
Node 0 Mapped:            34360 kB
Node 0 AnonPages:         17232 kB
Node 0 Shmem:               608 kB
Node 0 KernelStack:        1960 kB
Node 0 PageTables:          528 kB
Node 0 NFS_Unstable:          0 kB
Node 0 Bounce:                0 kB
Node 0 WritebackTmp:          0 kB
Node 0 KReclaimable:      19724 kB
Node 0 Slab:              56256 kB
Node 0 SReclaimable:      19724 kB
Node 0 SUnreclaim:        36532 kB
Node 0 AnonHugePages:         0 kB
Node 0 ShmemHugePages:        0 kB
Node 0 ShmemPmdMapped:        0 kB
Node 0 FileHugePages:        0 kB
Node 0 FilePmdMapped:        0 kB
Node 0 HugePages_Total:     0
Node 0 HugePages_Free:      0
Node 0 HugePages_Surp:      0

Node 1 MemTotal:       24661580 kB
Node 1 MemFree:        24142280 kB
Node 1 MemUsed:          519300 kB
Node 1 Active:            50444 kB
Node 1 Inactive:         174308 kB
Node 1 Active(anon):      26712 kB
Node 1 Inactive(anon):      468 kB
Node 1 Active(file):      23732 kB
Node 1 Inactive(file):   173840 kB
Node 1 Unevictable:        1196 kB
Node 1 Mlocked:            1196 kB
Node 1 Dirty:               288 kB
Node 1 Writeback:             0 kB
Node 1 FilePages:        199432 kB
Node 1 Mapped:            36812 kB
Node 1 AnonPages:         26180 kB
Node 1 Shmem:               660 kB
Node 1 KernelStack:        2792 kB
Node 1 PageTables:          712 kB
Node 1 NFS_Unstable:          0 kB
Node 1 Bounce:                0 kB
Node 1 WritebackTmp:          0 kB
Node 1 KReclaimable:      24804 kB
Node 1 Slab:              64888 kB
Node 1 SReclaimable:      24804 kB
Node 1 SUnreclaim:        40084 kB
Node 1 AnonHugePages:         0 kB
Node 1 ShmemHugePages:        0 kB
Node 1 ShmemPmdMapped:        0 kB
Node 1 FileHugePages:        0 kB
Node 1 FilePmdMapped:        0 kB
Node 1 HugePages_Total:     0
Node 1 HugePages_Free:      0
Node 1 HugePages_Surp:      0

After Test
Node 0 MemTotal:       24768352 kB
Node 0 MemFree:        24088880 kB
Node 0 MemUsed:          679472 kB
Node 0 Active:            48928 kB
Node 0 Inactive:          47488 kB
Node 0 Active(anon):       6828 kB
Node 0 Inactive(anon):      472 kB
Node 0 Active(file):      42100 kB
Node 0 Inactive(file):    47016 kB
Node 0 Unevictable:       17560 kB
Node 0 Mlocked:           17560 kB
Node 0 Dirty:                16 kB
Node 0 Writeback:             0 kB
Node 0 FilePages:         96720 kB
Node 0 Mapped:            34332 kB
Node 0 AnonPages:         17252 kB
Node 0 Shmem:               608 kB
Node 0 KernelStack:        1912 kB
Node 0 PageTables:          528 kB
Node 0 NFS_Unstable:          0 kB
Node 0 Bounce:                0 kB
Node 0 WritebackTmp:          0 kB
Node 0 KReclaimable:      19820 kB
Node 0 Slab:              58248 kB
Node 0 SReclaimable:      19820 kB
Node 0 SUnreclaim:        38428 kB
Node 0 AnonHugePages:         0 kB
Node 0 ShmemHugePages:        0 kB
Node 0 ShmemPmdMapped:        0 kB
Node 0 FileHugePages:        0 kB
Node 0 FilePmdMapped:        0 kB
Node 0 HugePages_Total:     0
Node 0 HugePages_Free:      0
Node 0 HugePages_Surp:      0

Node 1 MemTotal:       24661580 kB
Node 1 MemFree:        19522788 kB
Node 1 MemUsed:         5138792 kB
Node 1 Active:            51496 kB
Node 1 Inactive:         175340 kB
Node 1 Active(anon):      26524 kB
Node 1 Inactive(anon):      492 kB
Node 1 Active(file):      24972 kB
Node 1 Inactive(file):   174848 kB
Node 1 Unevictable:        1196 kB
Node 1 Mlocked:            1196 kB
Node 1 Dirty:                16 kB
Node 1 Writeback:             0 kB
Node 1 FilePages:        201720 kB
Node 1 Mapped:            36844 kB
Node 1 AnonPages:         26232 kB
Node 1 Shmem:               704 kB
Node 1 KernelStack:        2760 kB
Node 1 PageTables:          732 kB
Node 1 NFS_Unstable:          0 kB
Node 1 Bounce:                0 kB
Node 1 WritebackTmp:          0 kB
Node 1 KReclaimable:      26176 kB
Node 1 Slab:              85048 kB
Node 1 SReclaimable:      26176 kB
Node 1 SUnreclaim:        58872 kB
Node 1 AnonHugePages:         0 kB
Node 1 ShmemHugePages:        0 kB
Node 1 ShmemPmdMapped:        0 kB
Node 1 FileHugePages:        0 kB
Node 1 FilePmdMapped:        0 kB
Node 1 HugePages_Total:     0
Node 1 HugePages_Free:      0
Node 1 HugePages_Surp:      0

After Opposite Node
Node 0 MemTotal:       24768352 kB
Node 0 MemFree:        24087276 kB
Node 0 MemUsed:          681076 kB
Node 0 Active:            49328 kB
Node 0 Inactive:          47540 kB
Node 0 Active(anon):       7224 kB
Node 0 Inactive(anon):      516 kB
Node 0 Active(file):      42104 kB
Node 0 Inactive(file):    47024 kB
Node 0 Unevictable:       17560 kB
Node 0 Mlocked:           17560 kB
Node 0 Dirty:                80 kB
Node 0 Writeback:             0 kB
Node 0 FilePages:         96776 kB
Node 0 Mapped:            34376 kB
Node 0 AnonPages:         17524 kB
Node 0 Shmem:               652 kB
Node 0 KernelStack:        1944 kB
Node 0 PageTables:          704 kB
Node 0 NFS_Unstable:          0 kB
Node 0 Bounce:                0 kB
Node 0 WritebackTmp:          0 kB
Node 0 KReclaimable:      19892 kB
Node 0 Slab:              58584 kB
Node 0 SReclaimable:      19892 kB
Node 0 SUnreclaim:        38692 kB
Node 0 AnonHugePages:         0 kB
Node 0 ShmemHugePages:        0 kB
Node 0 ShmemPmdMapped:        0 kB
Node 0 FileHugePages:        0 kB
Node 0 FilePmdMapped:        0 kB
Node 0 HugePages_Total:     0
Node 0 HugePages_Free:      0
Node 0 HugePages_Surp:      0

Node 1 MemTotal:       24661580 kB
Node 1 MemFree:        19523536 kB
Node 1 MemUsed:         5138044 kB
Node 1 Active:            51508 kB
Node 1 Inactive:         175160 kB
Node 1 Active(anon):      26360 kB
Node 1 Inactive(anon):      468 kB
Node 1 Active(file):      25148 kB
Node 1 Inactive(file):   174692 kB
Node 1 Unevictable:        1196 kB
Node 1 Mlocked:            1196 kB
Node 1 Dirty:                60 kB
Node 1 Writeback:             0 kB
Node 1 FilePages:        201696 kB
Node 1 Mapped:            36800 kB
Node 1 AnonPages:         26168 kB
Node 1 Shmem:               660 kB
Node 1 KernelStack:        2744 kB
Node 1 PageTables:          608 kB
Node 1 NFS_Unstable:          0 kB
Node 1 Bounce:                0 kB
Node 1 WritebackTmp:          0 kB
Node 1 KReclaimable:      26176 kB
Node 1 Slab:              85028 kB
Node 1 SReclaimable:      26176 kB
Node 1 SUnreclaim:        58852 kB
Node 1 AnonHugePages:         0 kB
Node 1 ShmemHugePages:        0 kB
Node 1 ShmemPmdMapped:        0 kB
Node 1 FileHugePages:        0 kB
Node 1 FilePmdMapped:        0 kB
Node 1 HugePages_Total:     0
Node 1 HugePages_Free:      0
Node 1 HugePages_Surp:      0

B.1.bigfio.4G.3.O Complete!
