B.1.smallfio.4G.3.O
Begin
Node 0 MemTotal:       24768352 kB
Node 0 MemFree:        24354632 kB
Node 0 MemUsed:          413720 kB
Node 0 Active:            49752 kB
Node 0 Inactive:          70208 kB
Node 0 Active(anon):      16536 kB
Node 0 Inactive(anon):      540 kB
Node 0 Active(file):      33216 kB
Node 0 Inactive(file):    69668 kB
Node 0 Unevictable:        5156 kB
Node 0 Mlocked:            5156 kB
Node 0 Dirty:               292 kB
Node 0 Writeback:             0 kB
Node 0 FilePages:        108880 kB
Node 0 Mapped:            57184 kB
Node 0 AnonPages:         16276 kB
Node 0 Shmem:               832 kB
Node 0 KernelStack:        2056 kB
Node 0 PageTables:          744 kB
Node 0 NFS_Unstable:          0 kB
Node 0 Bounce:                0 kB
Node 0 WritebackTmp:          0 kB
Node 0 KReclaimable:      20996 kB
Node 0 Slab:              63948 kB
Node 0 SReclaimable:      20996 kB
Node 0 SUnreclaim:        42952 kB
Node 0 AnonHugePages:         0 kB
Node 0 ShmemHugePages:        0 kB
Node 0 ShmemPmdMapped:        0 kB
Node 0 FileHugePages:        0 kB
Node 0 FilePmdMapped:        0 kB
Node 0 HugePages_Total:     0
Node 0 HugePages_Free:      0
Node 0 HugePages_Surp:      0

Node 1 MemTotal:       24661580 kB
Node 1 MemFree:        24427608 kB
Node 1 MemUsed:          233972 kB
Node 1 Active:            47616 kB
Node 1 Inactive:          53676 kB
Node 1 Active(anon):      17276 kB
Node 1 Inactive(anon):      324 kB
Node 1 Active(file):      30340 kB
Node 1 Inactive(file):    53352 kB
Node 1 Unevictable:       13368 kB
Node 1 Mlocked:           13368 kB
Node 1 Dirty:                56 kB
Node 1 Writeback:             0 kB
Node 1 FilePages:         87168 kB
Node 1 Mapped:            16352 kB
Node 1 AnonPages:         27596 kB
Node 1 Shmem:               436 kB
Node 1 KernelStack:        1544 kB
Node 1 PageTables:          456 kB
Node 1 NFS_Unstable:          0 kB
Node 1 Bounce:                0 kB
Node 1 WritebackTmp:          0 kB
Node 1 KReclaimable:      21112 kB
Node 1 Slab:              43200 kB
Node 1 SReclaimable:      21112 kB
Node 1 SUnreclaim:        22088 kB
Node 1 AnonHugePages:         0 kB
Node 1 ShmemHugePages:        0 kB
Node 1 ShmemPmdMapped:        0 kB
Node 1 FileHugePages:        0 kB
Node 1 FilePmdMapped:        0 kB
Node 1 HugePages_Total:     0
Node 1 HugePages_Free:      0
Node 1 HugePages_Surp:      0

Load ZFS
Node 0 MemTotal:       24768352 kB
Node 0 MemFree:        24465064 kB
Node 0 MemUsed:          303288 kB
Node 0 Active:            65416 kB
Node 0 Inactive:          75476 kB
Node 0 Active(anon):      30696 kB
Node 0 Inactive(anon):      556 kB
Node 0 Active(file):      34720 kB
Node 0 Inactive(file):    74920 kB
Node 0 Unevictable:        5156 kB
Node 0 Mlocked:            5156 kB
Node 0 Dirty:               592 kB
Node 0 Writeback:             0 kB
Node 0 FilePages:        115848 kB
Node 0 Mapped:            60904 kB
Node 0 AnonPages:         30740 kB
Node 0 Shmem:               768 kB
Node 0 KernelStack:        2412 kB
Node 0 PageTables:         1904 kB
Node 0 NFS_Unstable:          0 kB
Node 0 Bounce:                0 kB
Node 0 WritebackTmp:          0 kB
Node 0 KReclaimable:      21668 kB
Node 0 Slab:              65580 kB
Node 0 SReclaimable:      21668 kB
Node 0 SUnreclaim:        43912 kB
Node 0 AnonHugePages:         0 kB
Node 0 ShmemHugePages:        0 kB
Node 0 ShmemPmdMapped:        0 kB
Node 0 FileHugePages:        0 kB
Node 0 FilePmdMapped:        0 kB
Node 0 HugePages_Total:     0
Node 0 HugePages_Free:      0
Node 0 HugePages_Surp:      0

Node 1 MemTotal:       24661580 kB
Node 1 MemFree:        24169620 kB
Node 1 MemUsed:          491960 kB
Node 1 Active:            62256 kB
Node 1 Inactive:         151916 kB
Node 1 Active(anon):      30988 kB
Node 1 Inactive(anon):      384 kB
Node 1 Active(file):      31268 kB
Node 1 Inactive(file):   151532 kB
Node 1 Unevictable:       13568 kB
Node 1 Mlocked:           13568 kB
Node 1 Dirty:                84 kB
Node 1 Writeback:             0 kB
Node 1 FilePages:        186340 kB
Node 1 Mapped:            18072 kB
Node 1 AnonPages:         40800 kB
Node 1 Shmem:               500 kB
Node 1 KernelStack:        2000 kB
Node 1 PageTables:         1312 kB
Node 1 NFS_Unstable:          0 kB
Node 1 Bounce:                0 kB
Node 1 WritebackTmp:          0 kB
Node 1 KReclaimable:      21952 kB
Node 1 Slab:              48164 kB
Node 1 SReclaimable:      21952 kB
Node 1 SUnreclaim:        26212 kB
Node 1 AnonHugePages:         0 kB
Node 1 ShmemHugePages:        0 kB
Node 1 ShmemPmdMapped:        0 kB
Node 1 FileHugePages:        0 kB
Node 1 FilePmdMapped:        0 kB
Node 1 HugePages_Total:     0
Node 1 HugePages_Free:      0
Node 1 HugePages_Surp:      0

Import tank ZPool
Node 0 MemTotal:       24768352 kB
Node 0 MemFree:        24470000 kB
Node 0 MemUsed:          298352 kB
Node 0 Active:            52816 kB
Node 0 Inactive:          76348 kB
Node 0 Active(anon):      17432 kB
Node 0 Inactive(anon):      564 kB
Node 0 Active(file):      35384 kB
Node 0 Inactive(file):    75784 kB
Node 0 Unevictable:        5156 kB
Node 0 Mlocked:            5156 kB
Node 0 Dirty:                88 kB
Node 0 Writeback:             0 kB
Node 0 FilePages:        117112 kB
Node 0 Mapped:            57804 kB
Node 0 AnonPages:         16824 kB
Node 0 Shmem:               772 kB
Node 0 KernelStack:        2200 kB
Node 0 PageTables:         1216 kB
Node 0 NFS_Unstable:          0 kB
Node 0 Bounce:                0 kB
Node 0 WritebackTmp:          0 kB
Node 0 KReclaimable:      21792 kB
Node 0 Slab:              70812 kB
Node 0 SReclaimable:      21792 kB
Node 0 SUnreclaim:        49020 kB
Node 0 AnonHugePages:         0 kB
Node 0 ShmemHugePages:        0 kB
Node 0 ShmemPmdMapped:        0 kB
Node 0 FileHugePages:        0 kB
Node 0 FilePmdMapped:        0 kB
Node 0 HugePages_Total:     0
Node 0 HugePages_Free:      0
Node 0 HugePages_Surp:      0

Node 1 MemTotal:       24661580 kB
Node 1 MemFree:        24173344 kB
Node 1 MemUsed:          488236 kB
Node 1 Active:            48268 kB
Node 1 Inactive:         151832 kB
Node 1 Active(anon):      16928 kB
Node 1 Inactive(anon):      388 kB
Node 1 Active(file):      31340 kB
Node 1 Inactive(file):   151444 kB
Node 1 Unevictable:       13600 kB
Node 1 Mlocked:           13600 kB
Node 1 Dirty:                 8 kB
Node 1 Writeback:             0 kB
Node 1 FilePages:        186320 kB
Node 1 Mapped:            16500 kB
Node 1 AnonPages:         26808 kB
Node 1 Shmem:               496 kB
Node 1 KernelStack:        2648 kB
Node 1 PageTables:          520 kB
Node 1 NFS_Unstable:          0 kB
Node 1 Bounce:                0 kB
Node 1 WritebackTmp:          0 kB
Node 1 KReclaimable:      21952 kB
Node 1 Slab:              50336 kB
Node 1 SReclaimable:      21952 kB
Node 1 SUnreclaim:        28384 kB
Node 1 AnonHugePages:         0 kB
Node 1 ShmemHugePages:        0 kB
Node 1 ShmemPmdMapped:        0 kB
Node 1 FileHugePages:        0 kB
Node 1 FilePmdMapped:        0 kB
Node 1 HugePages_Total:     0
Node 1 HugePages_Free:      0
Node 1 HugePages_Surp:      0

After Test
Node 0 MemTotal:       24768352 kB
Node 0 MemFree:        19894684 kB
Node 0 MemUsed:         4873668 kB
Node 0 Active:            52596 kB
Node 0 Inactive:          75960 kB
Node 0 Active(anon):      16568 kB
Node 0 Inactive(anon):      564 kB
Node 0 Active(file):      36028 kB
Node 0 Inactive(file):    75396 kB
Node 0 Unevictable:        5156 kB
Node 0 Mlocked:            5156 kB
Node 0 Dirty:               156 kB
Node 0 Writeback:             0 kB
Node 0 FilePages:        117380 kB
Node 0 Mapped:            57412 kB
Node 0 AnonPages:         16360 kB
Node 0 Shmem:               772 kB
Node 0 KernelStack:        1960 kB
Node 0 PageTables:          772 kB
Node 0 NFS_Unstable:          0 kB
Node 0 Bounce:                0 kB
Node 0 WritebackTmp:          0 kB
Node 0 KReclaimable:      21864 kB
Node 0 Slab:              73084 kB
Node 0 SReclaimable:      21864 kB
Node 0 SUnreclaim:        51220 kB
Node 0 AnonHugePages:         0 kB
Node 0 ShmemHugePages:        0 kB
Node 0 ShmemPmdMapped:        0 kB
Node 0 FileHugePages:        0 kB
Node 0 FilePmdMapped:        0 kB
Node 0 HugePages_Total:     0
Node 0 HugePages_Free:      0
Node 0 HugePages_Surp:      0

Node 1 MemTotal:       24661580 kB
Node 1 MemFree:        23716424 kB
Node 1 MemUsed:          945156 kB
Node 1 Active:            49092 kB
Node 1 Inactive:         152956 kB
Node 1 Active(anon):      16772 kB
Node 1 Inactive(anon):      416 kB
Node 1 Active(file):      32320 kB
Node 1 Inactive(file):   152540 kB
Node 1 Unevictable:       13600 kB
Node 1 Mlocked:           13600 kB
Node 1 Dirty:                48 kB
Node 1 Writeback:             0 kB
Node 1 FilePages:        188440 kB
Node 1 Mapped:            16712 kB
Node 1 AnonPages:         27076 kB
Node 1 Shmem:               540 kB
Node 1 KernelStack:        2600 kB
Node 1 PageTables:          492 kB
Node 1 NFS_Unstable:          0 kB
Node 1 Bounce:                0 kB
Node 1 WritebackTmp:          0 kB
Node 1 KReclaimable:      23540 kB
Node 1 Slab:              71264 kB
Node 1 SReclaimable:      23540 kB
Node 1 SUnreclaim:        47724 kB
Node 1 AnonHugePages:         0 kB
Node 1 ShmemHugePages:        0 kB
Node 1 ShmemPmdMapped:        0 kB
Node 1 FileHugePages:        0 kB
Node 1 FilePmdMapped:        0 kB
Node 1 HugePages_Total:     0
Node 1 HugePages_Free:      0
Node 1 HugePages_Surp:      0

After Opposite Node
Node 0 MemTotal:       24768352 kB
Node 0 MemFree:        19896704 kB
Node 0 MemUsed:         4871648 kB
Node 0 Active:            52964 kB
Node 0 Inactive:          76008 kB
Node 0 Active(anon):      16844 kB
Node 0 Inactive(anon):      608 kB
Node 0 Active(file):      36120 kB
Node 0 Inactive(file):    75400 kB
Node 0 Unevictable:        5156 kB
Node 0 Mlocked:            5156 kB
Node 0 Dirty:               188 kB
Node 0 Writeback:             0 kB
Node 0 FilePages:        117488 kB
Node 0 Mapped:            57456 kB
Node 0 AnonPages:         16496 kB
Node 0 Shmem:               816 kB
Node 0 KernelStack:        1992 kB
Node 0 PageTables:          956 kB
Node 0 NFS_Unstable:          0 kB
Node 0 Bounce:                0 kB
Node 0 WritebackTmp:          0 kB
Node 0 KReclaimable:      21904 kB
Node 0 Slab:              73940 kB
Node 0 SReclaimable:      21904 kB
Node 0 SUnreclaim:        52036 kB
Node 0 AnonHugePages:         0 kB
Node 0 ShmemHugePages:        0 kB
Node 0 ShmemPmdMapped:        0 kB
Node 0 FileHugePages:        0 kB
Node 0 FilePmdMapped:        0 kB
Node 0 HugePages_Total:     0
Node 0 HugePages_Free:      0
Node 0 HugePages_Surp:      0

Node 1 MemTotal:       24661580 kB
Node 1 MemFree:        23720404 kB
Node 1 MemUsed:          941176 kB
Node 1 Active:            49060 kB
Node 1 Inactive:         152776 kB
Node 1 Active(anon):      16572 kB
Node 1 Inactive(anon):      380 kB
Node 1 Active(file):      32488 kB
Node 1 Inactive(file):   152396 kB
Node 1 Unevictable:       13600 kB
Node 1 Mlocked:           13600 kB
Node 1 Dirty:                52 kB
Node 1 Writeback:             0 kB
Node 1 FilePages:        188436 kB
Node 1 Mapped:            16676 kB
Node 1 AnonPages:         27016 kB
Node 1 Shmem:               496 kB
Node 1 KernelStack:        2584 kB
Node 1 PageTables:          380 kB
Node 1 NFS_Unstable:          0 kB
Node 1 Bounce:                0 kB
Node 1 WritebackTmp:          0 kB
Node 1 KReclaimable:      23556 kB
Node 1 Slab:              71164 kB
Node 1 SReclaimable:      23556 kB
Node 1 SUnreclaim:        47608 kB
Node 1 AnonHugePages:         0 kB
Node 1 ShmemHugePages:        0 kB
Node 1 ShmemPmdMapped:        0 kB
Node 1 FileHugePages:        0 kB
Node 1 FilePmdMapped:        0 kB
Node 1 HugePages_Total:     0
Node 1 HugePages_Free:      0
Node 1 HugePages_Surp:      0

B.1.smallfio.4G.3.O Complete!
