B.1.bigfio.500M.3.O
Begin
Node 0 MemTotal:       24743736 kB
Node 0 MemFree:        24441724 kB
Node 0 MemUsed:          302012 kB
Node 0 Active:            64880 kB
Node 0 Inactive:          71904 kB
Node 0 Active(anon):      15756 kB
Node 0 Inactive(anon):      556 kB
Node 0 Active(file):      49124 kB
Node 0 Inactive(file):    71348 kB
Node 0 Unevictable:       17064 kB
Node 0 Mlocked:           17064 kB
Node 0 Dirty:               144 kB
Node 0 Writeback:             0 kB
Node 0 FilePages:        128060 kB
Node 0 Mapped:            67652 kB
Node 0 AnonPages:         25844 kB
Node 0 Shmem:               840 kB
Node 0 KernelStack:        2296 kB
Node 0 PageTables:          840 kB
Node 0 NFS_Unstable:          0 kB
Node 0 Bounce:                0 kB
Node 0 WritebackTmp:          0 kB
Node 0 KReclaimable:      24468 kB
Node 0 Slab:              65132 kB
Node 0 SReclaimable:      24468 kB
Node 0 SUnreclaim:        40664 kB
Node 0 AnonHugePages:         0 kB
Node 0 ShmemHugePages:        0 kB
Node 0 ShmemPmdMapped:        0 kB
Node 0 FileHugePages:        0 kB
Node 0 FilePmdMapped:        0 kB
Node 0 HugePages_Total:     0
Node 0 HugePages_Free:      0
Node 0 HugePages_Surp:      0

Node 1 MemTotal:       24686196 kB
Node 1 MemFree:        24327124 kB
Node 1 MemUsed:          359072 kB
Node 1 Active:            30528 kB
Node 1 Inactive:          68856 kB
Node 1 Active(anon):      18684 kB
Node 1 Inactive(anon):      324 kB
Node 1 Active(file):      11844 kB
Node 1 Inactive(file):    68532 kB
Node 1 Unevictable:        1460 kB
Node 1 Mlocked:            1460 kB
Node 1 Dirty:                24 kB
Node 1 Writeback:             0 kB
Node 1 FilePages:         82288 kB
Node 1 Mapped:            17252 kB
Node 1 AnonPages:         18652 kB
Node 1 Shmem:               428 kB
Node 1 KernelStack:        1384 kB
Node 1 PageTables:          452 kB
Node 1 NFS_Unstable:          0 kB
Node 1 Bounce:                0 kB
Node 1 WritebackTmp:          0 kB
Node 1 KReclaimable:      17740 kB
Node 1 Slab:              41476 kB
Node 1 SReclaimable:      17740 kB
Node 1 SUnreclaim:        23736 kB
Node 1 AnonHugePages:         0 kB
Node 1 ShmemHugePages:        0 kB
Node 1 ShmemPmdMapped:        0 kB
Node 1 FileHugePages:        0 kB
Node 1 FilePmdMapped:        0 kB
Node 1 HugePages_Total:     0
Node 1 HugePages_Free:      0
Node 1 HugePages_Surp:      0

Load ZFS
Node 0 MemTotal:       24743736 kB
Node 0 MemFree:        24183576 kB
Node 0 MemUsed:          560160 kB
Node 0 Active:            78440 kB
Node 0 Inactive:         172028 kB
Node 0 Active(anon):      28024 kB
Node 0 Inactive(anon):      532 kB
Node 0 Active(file):      50416 kB
Node 0 Inactive(file):   171496 kB
Node 0 Unevictable:       17280 kB
Node 0 Mlocked:           17280 kB
Node 0 Dirty:               460 kB
Node 0 Writeback:             0 kB
Node 0 FilePages:        229388 kB
Node 0 Mapped:            70132 kB
Node 0 AnonPages:         38112 kB
Node 0 Shmem:               744 kB
Node 0 KernelStack:        2920 kB
Node 0 PageTables:         1584 kB
Node 0 NFS_Unstable:          0 kB
Node 0 Bounce:                0 kB
Node 0 WritebackTmp:          0 kB
Node 0 KReclaimable:      25384 kB
Node 0 Slab:              69388 kB
Node 0 SReclaimable:      25384 kB
Node 0 SUnreclaim:        44004 kB
Node 0 AnonHugePages:         0 kB
Node 0 ShmemHugePages:        0 kB
Node 0 ShmemPmdMapped:        0 kB
Node 0 FileHugePages:        0 kB
Node 0 FilePmdMapped:        0 kB
Node 0 HugePages_Total:     0
Node 0 HugePages_Free:      0
Node 0 HugePages_Surp:      0

Node 1 MemTotal:       24686196 kB
Node 1 MemFree:        24439792 kB
Node 1 MemUsed:          246404 kB
Node 1 Active:            45088 kB
Node 1 Inactive:          72232 kB
Node 1 Active(anon):      32056 kB
Node 1 Inactive(anon):      412 kB
Node 1 Active(file):      13032 kB
Node 1 Inactive(file):    71820 kB
Node 1 Unevictable:        1460 kB
Node 1 Mlocked:            1460 kB
Node 1 Dirty:                84 kB
Node 1 Writeback:             0 kB
Node 1 FilePages:         86836 kB
Node 1 Mapped:            19012 kB
Node 1 AnonPages:         31800 kB
Node 1 Shmem:               524 kB
Node 1 KernelStack:        1272 kB
Node 1 PageTables:          860 kB
Node 1 NFS_Unstable:          0 kB
Node 1 Bounce:                0 kB
Node 1 WritebackTmp:          0 kB
Node 1 KReclaimable:      18340 kB
Node 1 Slab:              43932 kB
Node 1 SReclaimable:      18340 kB
Node 1 SUnreclaim:        25592 kB
Node 1 AnonHugePages:         0 kB
Node 1 ShmemHugePages:        0 kB
Node 1 ShmemPmdMapped:        0 kB
Node 1 FileHugePages:        0 kB
Node 1 FilePmdMapped:        0 kB
Node 1 HugePages_Total:     0
Node 1 HugePages_Free:      0
Node 1 HugePages_Surp:      0

Import tank ZPool
Node 0 MemTotal:       24743736 kB
Node 0 MemFree:        24171368 kB
Node 0 MemUsed:          572368 kB
Node 0 Active:            77860 kB
Node 0 Inactive:         172032 kB
Node 0 Active(anon):      27444 kB
Node 0 Inactive(anon):      536 kB
Node 0 Active(file):      50416 kB
Node 0 Inactive(file):   171496 kB
Node 0 Unevictable:       17296 kB
Node 0 Mlocked:           17296 kB
Node 0 Dirty:               536 kB
Node 0 Writeback:             0 kB
Node 0 FilePages:        229416 kB
Node 0 Mapped:            70196 kB
Node 0 AnonPages:         37800 kB
Node 0 Shmem:               740 kB
Node 0 KernelStack:        3928 kB
Node 0 PageTables:         1964 kB
Node 0 NFS_Unstable:          0 kB
Node 0 Bounce:                0 kB
Node 0 WritebackTmp:          0 kB
Node 0 KReclaimable:      25384 kB
Node 0 Slab:              71744 kB
Node 0 SReclaimable:      25384 kB
Node 0 SUnreclaim:        46360 kB
Node 0 AnonHugePages:         0 kB
Node 0 ShmemHugePages:        0 kB
Node 0 ShmemPmdMapped:        0 kB
Node 0 FileHugePages:        0 kB
Node 0 FilePmdMapped:        0 kB
Node 0 HugePages_Total:     0
Node 0 HugePages_Free:      0
Node 0 HugePages_Surp:      0

Node 1 MemTotal:       24686196 kB
Node 1 MemFree:        24433248 kB
Node 1 MemUsed:          252948 kB
Node 1 Active:            45752 kB
Node 1 Inactive:          73552 kB
Node 1 Active(anon):      32376 kB
Node 1 Inactive(anon):      412 kB
Node 1 Active(file):      13376 kB
Node 1 Inactive(file):    73140 kB
Node 1 Unevictable:        1460 kB
Node 1 Mlocked:            1460 kB
Node 1 Dirty:               136 kB
Node 1 Writeback:             0 kB
Node 1 FilePages:         88508 kB
Node 1 Mapped:            19072 kB
Node 1 AnonPages:         31960 kB
Node 1 Shmem:               528 kB
Node 1 KernelStack:        1352 kB
Node 1 PageTables:          952 kB
Node 1 NFS_Unstable:          0 kB
Node 1 Bounce:                0 kB
Node 1 WritebackTmp:          0 kB
Node 1 KReclaimable:      18488 kB
Node 1 Slab:              48668 kB
Node 1 SReclaimable:      18488 kB
Node 1 SUnreclaim:        30180 kB
Node 1 AnonHugePages:         0 kB
Node 1 ShmemHugePages:        0 kB
Node 1 ShmemPmdMapped:        0 kB
Node 1 FileHugePages:        0 kB
Node 1 FilePmdMapped:        0 kB
Node 1 HugePages_Total:     0
Node 1 HugePages_Free:      0
Node 1 HugePages_Surp:      0

After Test
Node 0 MemTotal:       24743736 kB
Node 0 MemFree:        23853896 kB
Node 0 MemUsed:          889840 kB
Node 0 Active:            66652 kB
Node 0 Inactive:         171740 kB
Node 0 Active(anon):      15904 kB
Node 0 Inactive(anon):      536 kB
Node 0 Active(file):      50748 kB
Node 0 Inactive(file):   171204 kB
Node 0 Unevictable:       17296 kB
Node 0 Mlocked:           17296 kB
Node 0 Dirty:               540 kB
Node 0 Writeback:             0 kB
Node 0 FilePages:        229424 kB
Node 0 Mapped:            67832 kB
Node 0 AnonPages:         26260 kB
Node 0 Shmem:               740 kB
Node 0 KernelStack:        3480 kB
Node 0 PageTables:          844 kB
Node 0 NFS_Unstable:          0 kB
Node 0 Bounce:                0 kB
Node 0 WritebackTmp:          0 kB
Node 0 KReclaimable:      25424 kB
Node 0 Slab:              72796 kB
Node 0 SReclaimable:      25424 kB
Node 0 SUnreclaim:        47372 kB
Node 0 AnonHugePages:         0 kB
Node 0 ShmemHugePages:        0 kB
Node 0 ShmemPmdMapped:        0 kB
Node 0 FileHugePages:        0 kB
Node 0 FilePmdMapped:        0 kB
Node 0 HugePages_Total:     0
Node 0 HugePages_Free:      0
Node 0 HugePages_Surp:      0

Node 1 MemTotal:       24686196 kB
Node 1 MemFree:        23709032 kB
Node 1 MemUsed:          977164 kB
Node 1 Active:            32344 kB
Node 1 Inactive:          74408 kB
Node 1 Active(anon):      17568 kB
Node 1 Inactive(anon):      432 kB
Node 1 Active(file):      14776 kB
Node 1 Inactive(file):    73976 kB
Node 1 Unevictable:        1460 kB
Node 1 Mlocked:            1460 kB
Node 1 Dirty:               160 kB
Node 1 Writeback:             0 kB
Node 1 FilePages:         90784 kB
Node 1 Mapped:            17700 kB
Node 1 AnonPages:         17344 kB
Node 1 Shmem:               572 kB
Node 1 KernelStack:        1316 kB
Node 1 PageTables:          524 kB
Node 1 NFS_Unstable:          0 kB
Node 1 Bounce:                0 kB
Node 1 WritebackTmp:          0 kB
Node 1 KReclaimable:      19804 kB
Node 1 Slab:              54476 kB
Node 1 SReclaimable:      19804 kB
Node 1 SUnreclaim:        34672 kB
Node 1 AnonHugePages:         0 kB
Node 1 ShmemHugePages:        0 kB
Node 1 ShmemPmdMapped:        0 kB
Node 1 FileHugePages:        0 kB
Node 1 FilePmdMapped:        0 kB
Node 1 HugePages_Total:     0
Node 1 HugePages_Free:      0
Node 1 HugePages_Surp:      0

After Opposite Node
Node 0 MemTotal:       24743736 kB
Node 0 MemFree:        23854264 kB
Node 0 MemUsed:          889472 kB
Node 0 Active:            66804 kB
Node 0 Inactive:         171776 kB
Node 0 Active(anon):      16052 kB
Node 0 Inactive(anon):      564 kB
Node 0 Active(file):      50752 kB
Node 0 Inactive(file):   171212 kB
Node 0 Unevictable:       17296 kB
Node 0 Mlocked:           17296 kB
Node 0 Dirty:               548 kB
Node 0 Writeback:             0 kB
Node 0 FilePages:        229480 kB
Node 0 Mapped:            67876 kB
Node 0 AnonPages:         26296 kB
Node 0 Shmem:               784 kB
Node 0 KernelStack:        3480 kB
Node 0 PageTables:          960 kB
Node 0 NFS_Unstable:          0 kB
Node 0 Bounce:                0 kB
Node 0 WritebackTmp:          0 kB
Node 0 KReclaimable:      25524 kB
Node 0 Slab:              72940 kB
Node 0 SReclaimable:      25524 kB
Node 0 SUnreclaim:        47416 kB
Node 0 AnonHugePages:         0 kB
Node 0 ShmemHugePages:        0 kB
Node 0 ShmemPmdMapped:        0 kB
Node 0 FileHugePages:        0 kB
Node 0 FilePmdMapped:        0 kB
Node 0 HugePages_Total:     0
Node 0 HugePages_Free:      0
Node 0 HugePages_Surp:      0

Node 1 MemTotal:       24686196 kB
Node 1 MemFree:        23709868 kB
Node 1 MemUsed:          976328 kB
Node 1 Active:            32352 kB
Node 1 Inactive:          74224 kB
Node 1 Active(anon):      17400 kB
Node 1 Inactive(anon):      404 kB
Node 1 Active(file):      14952 kB
Node 1 Inactive(file):    73820 kB
Node 1 Unevictable:        1460 kB
Node 1 Mlocked:            1460 kB
Node 1 Dirty:               180 kB
Node 1 Writeback:             0 kB
Node 1 FilePages:         90760 kB
Node 1 Mapped:            17696 kB
Node 1 AnonPages:         17276 kB
Node 1 Shmem:               528 kB
Node 1 KernelStack:        1288 kB
Node 1 PageTables:          368 kB
Node 1 NFS_Unstable:          0 kB
Node 1 Bounce:                0 kB
Node 1 WritebackTmp:          0 kB
Node 1 KReclaimable:      19804 kB
Node 1 Slab:              54696 kB
Node 1 SReclaimable:      19804 kB
Node 1 SUnreclaim:        34892 kB
Node 1 AnonHugePages:         0 kB
Node 1 ShmemHugePages:        0 kB
Node 1 ShmemPmdMapped:        0 kB
Node 1 FileHugePages:        0 kB
Node 1 FilePmdMapped:        0 kB
Node 1 HugePages_Total:     0
Node 1 HugePages_Free:      0
Node 1 HugePages_Surp:      0

B.1.bigfio.500M.3.O Complete!
