B.1.bigfio.500M.2.O
Begin
Node 0 MemTotal:       24743736 kB
Node 0 MemFree:        24429300 kB
Node 0 MemUsed:          314436 kB
Node 0 Active:            51076 kB
Node 0 Inactive:          27040 kB
Node 0 Active(anon):       9808 kB
Node 0 Inactive(anon):      296 kB
Node 0 Active(file):      41268 kB
Node 0 Inactive(file):    26744 kB
Node 0 Unevictable:       17088 kB
Node 0 Mlocked:           17088 kB
Node 0 Dirty:               264 kB
Node 0 Writeback:             0 kB
Node 0 FilePages:         75268 kB
Node 0 Mapped:            23160 kB
Node 0 AnonPages:         19940 kB
Node 0 Shmem:               500 kB
Node 0 KernelStack:        1960 kB
Node 0 PageTables:          508 kB
Node 0 NFS_Unstable:          0 kB
Node 0 Bounce:                0 kB
Node 0 WritebackTmp:          0 kB
Node 0 KReclaimable:      22704 kB
Node 0 Slab:              60428 kB
Node 0 SReclaimable:      22704 kB
Node 0 SUnreclaim:        37724 kB
Node 0 AnonHugePages:         0 kB
Node 0 ShmemHugePages:        0 kB
Node 0 ShmemPmdMapped:        0 kB
Node 0 FileHugePages:        0 kB
Node 0 FilePmdMapped:        0 kB
Node 0 HugePages_Total:     0
Node 0 HugePages_Free:      0
Node 0 HugePages_Surp:      0

Node 1 MemTotal:       24686196 kB
Node 1 MemFree:        24336676 kB
Node 1 MemUsed:          349520 kB
Node 1 Active:            45892 kB
Node 1 Inactive:         113956 kB
Node 1 Active(anon):      23752 kB
Node 1 Inactive(anon):      580 kB
Node 1 Active(file):      22140 kB
Node 1 Inactive(file):   113376 kB
Node 1 Unevictable:        1436 kB
Node 1 Mlocked:            1436 kB
Node 1 Dirty:               260 kB
Node 1 Writeback:             0 kB
Node 1 FilePages:        137864 kB
Node 1 Mapped:            61900 kB
Node 1 AnonPages:         23648 kB
Node 1 Shmem:               768 kB
Node 1 KernelStack:        1624 kB
Node 1 PageTables:          724 kB
Node 1 NFS_Unstable:          0 kB
Node 1 Bounce:                0 kB
Node 1 WritebackTmp:          0 kB
Node 1 KReclaimable:      18596 kB
Node 1 Slab:              46232 kB
Node 1 SReclaimable:      18596 kB
Node 1 SUnreclaim:        27636 kB
Node 1 AnonHugePages:         0 kB
Node 1 ShmemHugePages:        0 kB
Node 1 ShmemPmdMapped:        0 kB
Node 1 FileHugePages:        0 kB
Node 1 FilePmdMapped:        0 kB
Node 1 HugePages_Total:     0
Node 1 HugePages_Free:      0
Node 1 HugePages_Surp:      0

Load ZFS
Node 0 MemTotal:       24743736 kB
Node 0 MemFree:        24445784 kB
Node 0 MemUsed:          297952 kB
Node 0 Active:            64748 kB
Node 0 Inactive:          61876 kB
Node 0 Active(anon):      22492 kB
Node 0 Inactive(anon):      520 kB
Node 0 Active(file):      42256 kB
Node 0 Inactive(file):    61356 kB
Node 0 Unevictable:       17304 kB
Node 0 Mlocked:           17304 kB
Node 0 Dirty:                44 kB
Node 0 Writeback:             0 kB
Node 0 FilePages:        111040 kB
Node 0 Mapped:            25876 kB
Node 0 AnonPages:         33032 kB
Node 0 Shmem:               672 kB
Node 0 KernelStack:        2328 kB
Node 0 PageTables:         1364 kB
Node 0 NFS_Unstable:          0 kB
Node 0 Bounce:                0 kB
Node 0 WritebackTmp:          0 kB
Node 0 KReclaimable:      23740 kB
Node 0 Slab:              62916 kB
Node 0 SReclaimable:      23740 kB
Node 0 SUnreclaim:        39176 kB
Node 0 AnonHugePages:         0 kB
Node 0 ShmemHugePages:        0 kB
Node 0 ShmemPmdMapped:        0 kB
Node 0 FileHugePages:        0 kB
Node 0 FilePmdMapped:        0 kB
Node 0 HugePages_Total:     0
Node 0 HugePages_Free:      0
Node 0 HugePages_Surp:      0

Node 1 MemTotal:       24686196 kB
Node 1 MemFree:        24178160 kB
Node 1 MemUsed:          508036 kB
Node 1 Active:            58504 kB
Node 1 Inactive:         182508 kB
Node 1 Active(anon):      34700 kB
Node 1 Inactive(anon):      424 kB
Node 1 Active(file):      23804 kB
Node 1 Inactive(file):   182084 kB
Node 1 Unevictable:        1436 kB
Node 1 Mlocked:            1436 kB
Node 1 Dirty:               616 kB
Node 1 Writeback:             0 kB
Node 1 FilePages:        207920 kB
Node 1 Mapped:            63360 kB
Node 1 AnonPages:         34656 kB
Node 1 Shmem:               596 kB
Node 1 KernelStack:        1904 kB
Node 1 PageTables:         1804 kB
Node 1 NFS_Unstable:          0 kB
Node 1 Bounce:                0 kB
Node 1 WritebackTmp:          0 kB
Node 1 KReclaimable:      19720 kB
Node 1 Slab:              50900 kB
Node 1 SReclaimable:      19720 kB
Node 1 SUnreclaim:        31180 kB
Node 1 AnonHugePages:         0 kB
Node 1 ShmemHugePages:        0 kB
Node 1 ShmemPmdMapped:        0 kB
Node 1 FileHugePages:        0 kB
Node 1 FilePmdMapped:        0 kB
Node 1 HugePages_Total:     0
Node 1 HugePages_Free:      0
Node 1 HugePages_Surp:      0

Import tank ZPool
Node 0 MemTotal:       24743736 kB
Node 0 MemFree:        24459228 kB
Node 0 MemUsed:          284508 kB
Node 0 Active:            52300 kB
Node 0 Inactive:          61424 kB
Node 0 Active(anon):       9592 kB
Node 0 Inactive(anon):      520 kB
Node 0 Active(file):      42708 kB
Node 0 Inactive(file):    60904 kB
Node 0 Unevictable:       17320 kB
Node 0 Mlocked:           17320 kB
Node 0 Dirty:                72 kB
Node 0 Writeback:             0 kB
Node 0 FilePages:        111036 kB
Node 0 Mapped:            23316 kB
Node 0 AnonPages:         20004 kB
Node 0 Shmem:               668 kB
Node 0 KernelStack:        2008 kB
Node 0 PageTables:          512 kB
Node 0 NFS_Unstable:          0 kB
Node 0 Bounce:                0 kB
Node 0 WritebackTmp:          0 kB
Node 0 KReclaimable:      23756 kB
Node 0 Slab:              62968 kB
Node 0 SReclaimable:      23756 kB
Node 0 SUnreclaim:        39212 kB
Node 0 AnonHugePages:         0 kB
Node 0 ShmemHugePages:        0 kB
Node 0 ShmemPmdMapped:        0 kB
Node 0 FileHugePages:        0 kB
Node 0 FilePmdMapped:        0 kB
Node 0 HugePages_Total:     0
Node 0 HugePages_Free:      0
Node 0 HugePages_Surp:      0

Node 1 MemTotal:       24686196 kB
Node 1 MemFree:        24172180 kB
Node 1 MemUsed:          514016 kB
Node 1 Active:            48428 kB
Node 1 Inactive:         183620 kB
Node 1 Active(anon):      24188 kB
Node 1 Inactive(anon):      428 kB
Node 1 Active(file):      24240 kB
Node 1 Inactive(file):   183192 kB
Node 1 Unevictable:        1436 kB
Node 1 Mlocked:            1436 kB
Node 1 Dirty:               580 kB
Node 1 Writeback:             0 kB
Node 1 FilePages:        209488 kB
Node 1 Mapped:            62192 kB
Node 1 AnonPages:         23660 kB
Node 1 Shmem:               600 kB
Node 1 KernelStack:        2712 kB
Node 1 PageTables:          812 kB
Node 1 NFS_Unstable:          0 kB
Node 1 Bounce:                0 kB
Node 1 WritebackTmp:          0 kB
Node 1 KReclaimable:      19820 kB
Node 1 Slab:              57396 kB
Node 1 SReclaimable:      19820 kB
Node 1 SUnreclaim:        37576 kB
Node 1 AnonHugePages:         0 kB
Node 1 ShmemHugePages:        0 kB
Node 1 ShmemPmdMapped:        0 kB
Node 1 FileHugePages:        0 kB
Node 1 FilePmdMapped:        0 kB
Node 1 HugePages_Total:     0
Node 1 HugePages_Free:      0
Node 1 HugePages_Surp:      0

After Test
Node 0 MemTotal:       24743736 kB
Node 0 MemFree:        24198336 kB
Node 0 MemUsed:          545400 kB
Node 0 Active:            52140 kB
Node 0 Inactive:          61380 kB
Node 0 Active(anon):       9392 kB
Node 0 Inactive(anon):      516 kB
Node 0 Active(file):      42748 kB
Node 0 Inactive(file):    60864 kB
Node 0 Unevictable:       17320 kB
Node 0 Mlocked:           17320 kB
Node 0 Dirty:                12 kB
Node 0 Writeback:             0 kB
Node 0 FilePages:        111036 kB
Node 0 Mapped:            23288 kB
Node 0 AnonPages:         19800 kB
Node 0 Shmem:               668 kB
Node 0 KernelStack:        2024 kB
Node 0 PageTables:          512 kB
Node 0 NFS_Unstable:          0 kB
Node 0 Bounce:                0 kB
Node 0 WritebackTmp:          0 kB
Node 0 KReclaimable:      23756 kB
Node 0 Slab:              63992 kB
Node 0 SReclaimable:      23756 kB
Node 0 SUnreclaim:        40236 kB
Node 0 AnonHugePages:         0 kB
Node 0 ShmemHugePages:        0 kB
Node 0 ShmemPmdMapped:        0 kB
Node 0 FileHugePages:        0 kB
Node 0 FilePmdMapped:        0 kB
Node 0 HugePages_Total:     0
Node 0 HugePages_Free:      0
Node 0 HugePages_Surp:      0

Node 1 MemTotal:       24686196 kB
Node 1 MemFree:        23367860 kB
Node 1 MemUsed:         1318336 kB
Node 1 Active:            49460 kB
Node 1 Inactive:         184628 kB
Node 1 Active(anon):      23944 kB
Node 1 Inactive(anon):      452 kB
Node 1 Active(file):      25516 kB
Node 1 Inactive(file):   184176 kB
Node 1 Unevictable:        1436 kB
Node 1 Mlocked:            1436 kB
Node 1 Dirty:               516 kB
Node 1 Writeback:             0 kB
Node 1 FilePages:        211772 kB
Node 1 Mapped:            62244 kB
Node 1 AnonPages:         23704 kB
Node 1 Shmem:               644 kB
Node 1 KernelStack:        2760 kB
Node 1 PageTables:          864 kB
Node 1 NFS_Unstable:          0 kB
Node 1 Bounce:                0 kB
Node 1 WritebackTmp:          0 kB
Node 1 KReclaimable:      21084 kB
Node 1 Slab:              64116 kB
Node 1 SReclaimable:      21084 kB
Node 1 SUnreclaim:        43032 kB
Node 1 AnonHugePages:         0 kB
Node 1 ShmemHugePages:        0 kB
Node 1 ShmemPmdMapped:        0 kB
Node 1 FileHugePages:        0 kB
Node 1 FilePmdMapped:        0 kB
Node 1 HugePages_Total:     0
Node 1 HugePages_Free:      0
Node 1 HugePages_Surp:      0

After Opposite Node
Node 0 MemTotal:       24743736 kB
Node 0 MemFree:        24198228 kB
Node 0 MemUsed:          545508 kB
Node 0 Active:            52376 kB
Node 0 Inactive:          61404 kB
Node 0 Active(anon):       9628 kB
Node 0 Inactive(anon):      540 kB
Node 0 Active(file):      42748 kB
Node 0 Inactive(file):    60864 kB
Node 0 Unevictable:       17320 kB
Node 0 Mlocked:           17320 kB
Node 0 Dirty:                12 kB
Node 0 Writeback:             0 kB
Node 0 FilePages:        111372 kB
Node 0 Mapped:            23332 kB
Node 0 AnonPages:         19812 kB
Node 0 Shmem:               712 kB
Node 0 KernelStack:        1988 kB
Node 0 PageTables:          640 kB
Node 0 NFS_Unstable:          0 kB
Node 0 Bounce:                0 kB
Node 0 WritebackTmp:          0 kB
Node 0 KReclaimable:      23772 kB
Node 0 Slab:              64096 kB
Node 0 SReclaimable:      23772 kB
Node 0 SUnreclaim:        40324 kB
Node 0 AnonHugePages:         0 kB
Node 0 ShmemHugePages:        0 kB
Node 0 ShmemPmdMapped:        0 kB
Node 0 FileHugePages:        0 kB
Node 0 FilePmdMapped:        0 kB
Node 0 HugePages_Total:     0
Node 0 HugePages_Free:      0
Node 0 HugePages_Surp:      0

Node 1 MemTotal:       24686196 kB
Node 1 MemFree:        23368500 kB
Node 1 MemUsed:         1317696 kB
Node 1 Active:            49472 kB
Node 1 Inactive:         184432 kB
Node 1 Active(anon):      23768 kB
Node 1 Inactive(anon):      424 kB
Node 1 Active(file):      25704 kB
Node 1 Inactive(file):   184008 kB
Node 1 Unevictable:        1436 kB
Node 1 Mlocked:            1436 kB
Node 1 Dirty:               536 kB
Node 1 Writeback:             0 kB
Node 1 FilePages:        211748 kB
Node 1 Mapped:            62204 kB
Node 1 AnonPages:         23592 kB
Node 1 Shmem:               600 kB
Node 1 KernelStack:        2760 kB
Node 1 PageTables:          700 kB
Node 1 NFS_Unstable:          0 kB
Node 1 Bounce:                0 kB
Node 1 WritebackTmp:          0 kB
Node 1 KReclaimable:      21084 kB
Node 1 Slab:              64028 kB
Node 1 SReclaimable:      21084 kB
Node 1 SUnreclaim:        42944 kB
Node 1 AnonHugePages:         0 kB
Node 1 ShmemHugePages:        0 kB
Node 1 ShmemPmdMapped:        0 kB
Node 1 FileHugePages:        0 kB
Node 1 FilePmdMapped:        0 kB
Node 1 HugePages_Total:     0
Node 1 HugePages_Free:      0
Node 1 HugePages_Surp:      0

B.1.bigfio.500M.2.O Complete!
