B.1.bigfio.16G.1.O
Begin
Node 0 MemTotal:       24743736 kB
Node 0 MemFree:        24484368 kB
Node 0 MemUsed:          259368 kB
Node 0 Active:            42336 kB
Node 0 Inactive:          66124 kB
Node 0 Active(anon):      14552 kB
Node 0 Inactive(anon):      592 kB
Node 0 Active(file):      27784 kB
Node 0 Inactive(file):    65532 kB
Node 0 Unevictable:       17628 kB
Node 0 Mlocked:           17628 kB
Node 0 Dirty:               248 kB
Node 0 Writeback:             0 kB
Node 0 FilePages:        101480 kB
Node 0 Mapped:            41416 kB
Node 0 AnonPages:         24656 kB
Node 0 Shmem:               864 kB
Node 0 KernelStack:        2088 kB
Node 0 PageTables:          568 kB
Node 0 NFS_Unstable:          0 kB
Node 0 Bounce:                0 kB
Node 0 WritebackTmp:          0 kB
Node 0 KReclaimable:      15068 kB
Node 0 Slab:              45032 kB
Node 0 SReclaimable:      15068 kB
Node 0 SUnreclaim:        29964 kB
Node 0 AnonHugePages:         0 kB
Node 0 ShmemHugePages:        0 kB
Node 0 ShmemPmdMapped:        0 kB
Node 0 FileHugePages:        0 kB
Node 0 FilePmdMapped:        0 kB
Node 0 HugePages_Total:     0
Node 0 HugePages_Free:      0
Node 0 HugePages_Surp:      0

Node 1 MemTotal:       24686196 kB
Node 1 MemFree:        24334156 kB
Node 1 MemUsed:          352040 kB
Node 1 Active:            52308 kB
Node 1 Inactive:          24620 kB
Node 1 Active(anon):      19368 kB
Node 1 Inactive(anon):      272 kB
Node 1 Active(file):      32940 kB
Node 1 Inactive(file):    24348 kB
Node 1 Unevictable:         892 kB
Node 1 Mlocked:             892 kB
Node 1 Dirty:               276 kB
Node 1 Writeback:             0 kB
Node 1 FilePages:         58736 kB
Node 1 Mapped:            11044 kB
Node 1 AnonPages:         19268 kB
Node 1 Shmem:               404 kB
Node 1 KernelStack:        1528 kB
Node 1 PageTables:          484 kB
Node 1 NFS_Unstable:          0 kB
Node 1 Bounce:                0 kB
Node 1 WritebackTmp:          0 kB
Node 1 KReclaimable:      26112 kB
Node 1 Slab:              61060 kB
Node 1 SReclaimable:      26112 kB
Node 1 SUnreclaim:        34948 kB
Node 1 AnonHugePages:         0 kB
Node 1 ShmemHugePages:        0 kB
Node 1 ShmemPmdMapped:        0 kB
Node 1 FileHugePages:        0 kB
Node 1 FilePmdMapped:        0 kB
Node 1 HugePages_Total:     0
Node 1 HugePages_Free:      0
Node 1 HugePages_Surp:      0

Load ZFS
Node 0 MemTotal:       24743736 kB
Node 0 MemFree:        24250656 kB
Node 0 MemUsed:          493080 kB
Node 0 Active:            55920 kB
Node 0 Inactive:         145444 kB
Node 0 Active(anon):      26972 kB
Node 0 Inactive(anon):      476 kB
Node 0 Active(file):      28948 kB
Node 0 Inactive(file):   144968 kB
Node 0 Unevictable:       17760 kB
Node 0 Mlocked:           17760 kB
Node 0 Dirty:               556 kB
Node 0 Writeback:             0 kB
Node 0 FilePages:        182068 kB
Node 0 Mapped:            44592 kB
Node 0 AnonPages:         36964 kB
Node 0 Shmem:               712 kB
Node 0 KernelStack:        2464 kB
Node 0 PageTables:         1720 kB
Node 0 NFS_Unstable:          0 kB
Node 0 Bounce:                0 kB
Node 0 WritebackTmp:          0 kB
Node 0 KReclaimable:      16044 kB
Node 0 Slab:              49412 kB
Node 0 SReclaimable:      16044 kB
Node 0 SUnreclaim:        33368 kB
Node 0 AnonHugePages:         0 kB
Node 0 ShmemHugePages:        0 kB
Node 0 ShmemPmdMapped:        0 kB
Node 0 FileHugePages:        0 kB
Node 0 FilePmdMapped:        0 kB
Node 0 HugePages_Total:     0
Node 0 HugePages_Free:      0
Node 0 HugePages_Surp:      0

Node 1 MemTotal:       24686196 kB
Node 1 MemFree:        24424668 kB
Node 1 MemUsed:          261528 kB
Node 1 Active:            66772 kB
Node 1 Inactive:          48756 kB
Node 1 Active(anon):      32600 kB
Node 1 Inactive(anon):      364 kB
Node 1 Active(file):      34172 kB
Node 1 Inactive(file):    48392 kB
Node 1 Unevictable:         892 kB
Node 1 Mlocked:             892 kB
Node 1 Dirty:                36 kB
Node 1 Writeback:             0 kB
Node 1 FilePages:         84012 kB
Node 1 Mapped:            12916 kB
Node 1 AnonPages:         32332 kB
Node 1 Shmem:               556 kB
Node 1 KernelStack:        1824 kB
Node 1 PageTables:          824 kB
Node 1 NFS_Unstable:          0 kB
Node 1 Bounce:                0 kB
Node 1 WritebackTmp:          0 kB
Node 1 KReclaimable:      26940 kB
Node 1 Slab:              64320 kB
Node 1 SReclaimable:      26940 kB
Node 1 SUnreclaim:        37380 kB
Node 1 AnonHugePages:         0 kB
Node 1 ShmemHugePages:        0 kB
Node 1 ShmemPmdMapped:        0 kB
Node 1 FileHugePages:        0 kB
Node 1 FilePmdMapped:        0 kB
Node 1 HugePages_Total:     0
Node 1 HugePages_Free:      0
Node 1 HugePages_Surp:      0

Import tank ZPool
Node 0 MemTotal:       24743736 kB
Node 0 MemFree:        24261708 kB
Node 0 MemUsed:          482028 kB
Node 0 Active:            45048 kB
Node 0 Inactive:         145332 kB
Node 0 Active(anon):      15780 kB
Node 0 Inactive(anon):      580 kB
Node 0 Active(file):      29268 kB
Node 0 Inactive(file):   144752 kB
Node 0 Unevictable:       17860 kB
Node 0 Mlocked:           17860 kB
Node 0 Dirty:               512 kB
Node 0 Writeback:             0 kB
Node 0 FilePages:        182088 kB
Node 0 Mapped:            41744 kB
Node 0 AnonPages:         25900 kB
Node 0 Shmem:               752 kB
Node 0 KernelStack:        2312 kB
Node 0 PageTables:         1140 kB
Node 0 NFS_Unstable:          0 kB
Node 0 Bounce:                0 kB
Node 0 WritebackTmp:          0 kB
Node 0 KReclaimable:      16112 kB
Node 0 Slab:              49256 kB
Node 0 SReclaimable:      16112 kB
Node 0 SUnreclaim:        33144 kB
Node 0 AnonHugePages:         0 kB
Node 0 ShmemHugePages:        0 kB
Node 0 ShmemPmdMapped:        0 kB
Node 0 FileHugePages:        0 kB
Node 0 FilePmdMapped:        0 kB
Node 0 HugePages_Total:     0
Node 0 HugePages_Free:      0
Node 0 HugePages_Surp:      0

Node 1 MemTotal:       24686196 kB
Node 1 MemFree:        24421968 kB
Node 1 MemUsed:          264228 kB
Node 1 Active:            53936 kB
Node 1 Inactive:          49544 kB
Node 1 Active(anon):      19112 kB
Node 1 Inactive(anon):      368 kB
Node 1 Active(file):      34824 kB
Node 1 Inactive(file):    49176 kB
Node 1 Unevictable:         892 kB
Node 1 Mlocked:             892 kB
Node 1 Dirty:                52 kB
Node 1 Writeback:             0 kB
Node 1 FilePages:         85412 kB
Node 1 Mapped:            11564 kB
Node 1 AnonPages:         18976 kB
Node 1 Shmem:               516 kB
Node 1 KernelStack:        2636 kB
Node 1 PageTables:          816 kB
Node 1 NFS_Unstable:          0 kB
Node 1 Bounce:                0 kB
Node 1 WritebackTmp:          0 kB
Node 1 KReclaimable:      27056 kB
Node 1 Slab:              70148 kB
Node 1 SReclaimable:      27056 kB
Node 1 SUnreclaim:        43092 kB
Node 1 AnonHugePages:         0 kB
Node 1 ShmemHugePages:        0 kB
Node 1 ShmemPmdMapped:        0 kB
Node 1 FileHugePages:        0 kB
Node 1 FilePmdMapped:        0 kB
Node 1 HugePages_Total:     0
Node 1 HugePages_Free:      0
Node 1 HugePages_Surp:      0

After Test
Node 0 MemTotal:       24743736 kB
Node 0 MemFree:        23516556 kB
Node 0 MemUsed:         1227180 kB
Node 0 Active:            44252 kB
Node 0 Inactive:         145052 kB
Node 0 Active(anon):      14692 kB
Node 0 Inactive(anon):      576 kB
Node 0 Active(file):      29560 kB
Node 0 Inactive(file):   144476 kB
Node 0 Unevictable:       17860 kB
Node 0 Mlocked:           17860 kB
Node 0 Dirty:                24 kB
Node 0 Writeback:             0 kB
Node 0 FilePages:        182088 kB
Node 0 Mapped:            41480 kB
Node 0 AnonPages:         25072 kB
Node 0 Shmem:               752 kB
Node 0 KernelStack:        1960 kB
Node 0 PageTables:          572 kB
Node 0 NFS_Unstable:          0 kB
Node 0 Bounce:                0 kB
Node 0 WritebackTmp:          0 kB
Node 0 KReclaimable:      16152 kB
Node 0 Slab:              52412 kB
Node 0 SReclaimable:      16152 kB
Node 0 SUnreclaim:        36260 kB
Node 0 AnonHugePages:         0 kB
Node 0 ShmemHugePages:        0 kB
Node 0 ShmemPmdMapped:        0 kB
Node 0 FileHugePages:        0 kB
Node 0 FilePmdMapped:        0 kB
Node 0 HugePages_Total:     0
Node 0 HugePages_Free:      0
Node 0 HugePages_Surp:      0

Node 1 MemTotal:       24686196 kB
Node 1 MemFree:         7499580 kB
Node 1 MemUsed:        17186616 kB
Node 1 Active:            55296 kB
Node 1 Inactive:          51184 kB
Node 1 Active(anon):      18812 kB
Node 1 Inactive(anon):      388 kB
Node 1 Active(file):      36484 kB
Node 1 Inactive(file):    50796 kB
Node 1 Unevictable:         892 kB
Node 1 Mlocked:             892 kB
Node 1 Dirty:                32 kB
Node 1 Writeback:             0 kB
Node 1 FilePages:         88740 kB
Node 1 Mapped:            11336 kB
Node 1 AnonPages:         18560 kB
Node 1 Shmem:               560 kB
Node 1 KernelStack:        2488 kB
Node 1 PageTables:          592 kB
Node 1 NFS_Unstable:          0 kB
Node 1 Bounce:                0 kB
Node 1 WritebackTmp:          0 kB
Node 1 KReclaimable:      28704 kB
Node 1 Slab:             128804 kB
Node 1 SReclaimable:      28704 kB
Node 1 SUnreclaim:       100100 kB
Node 1 AnonHugePages:         0 kB
Node 1 ShmemHugePages:        0 kB
Node 1 ShmemPmdMapped:        0 kB
Node 1 FileHugePages:        0 kB
Node 1 FilePmdMapped:        0 kB
Node 1 HugePages_Total:     0
Node 1 HugePages_Free:      0
Node 1 HugePages_Surp:      0

After Opposite Node
Node 0 MemTotal:       24743736 kB
Node 0 MemFree:        23514188 kB
Node 0 MemUsed:         1229548 kB
Node 0 Active:            44656 kB
Node 0 Inactive:         145104 kB
Node 0 Active(anon):      15092 kB
Node 0 Inactive(anon):      620 kB
Node 0 Active(file):      29564 kB
Node 0 Inactive(file):   144484 kB
Node 0 Unevictable:       17860 kB
Node 0 Mlocked:           17860 kB
Node 0 Dirty:               108 kB
Node 0 Writeback:             0 kB
Node 0 FilePages:        182144 kB
Node 0 Mapped:            41524 kB
Node 0 AnonPages:         25348 kB
Node 0 Shmem:               796 kB
Node 0 KernelStack:        1992 kB
Node 0 PageTables:          756 kB
Node 0 NFS_Unstable:          0 kB
Node 0 Bounce:                0 kB
Node 0 WritebackTmp:          0 kB
Node 0 KReclaimable:      16188 kB
Node 0 Slab:              52892 kB
Node 0 SReclaimable:      16188 kB
Node 0 SUnreclaim:        36704 kB
Node 0 AnonHugePages:         0 kB
Node 0 ShmemHugePages:        0 kB
Node 0 ShmemPmdMapped:        0 kB
Node 0 FileHugePages:        0 kB
Node 0 FilePmdMapped:        0 kB
Node 0 HugePages_Total:     0
Node 0 HugePages_Free:      0
Node 0 HugePages_Surp:      0

Node 1 MemTotal:       24686196 kB
Node 1 MemFree:         7502424 kB
Node 1 MemUsed:        17183772 kB
Node 1 Active:            55340 kB
Node 1 Inactive:          51004 kB
Node 1 Active(anon):      18656 kB
Node 1 Inactive(anon):      364 kB
Node 1 Active(file):      36684 kB
Node 1 Inactive(file):    50640 kB
Node 1 Unevictable:         892 kB
Node 1 Mlocked:             892 kB
Node 1 Dirty:                48 kB
Node 1 Writeback:             0 kB
Node 1 FilePages:         88740 kB
Node 1 Mapped:            11288 kB
Node 1 AnonPages:         18504 kB
Node 1 Shmem:               516 kB
Node 1 KernelStack:        2456 kB
Node 1 PageTables:          476 kB
Node 1 NFS_Unstable:          0 kB
Node 1 Bounce:                0 kB
Node 1 WritebackTmp:          0 kB
Node 1 KReclaimable:      28704 kB
Node 1 Slab:             128744 kB
Node 1 SReclaimable:      28704 kB
Node 1 SUnreclaim:       100040 kB
Node 1 AnonHugePages:         0 kB
Node 1 ShmemHugePages:        0 kB
Node 1 ShmemPmdMapped:        0 kB
Node 1 FileHugePages:        0 kB
Node 1 FilePmdMapped:        0 kB
Node 1 HugePages_Total:     0
Node 1 HugePages_Free:      0
Node 1 HugePages_Surp:      0

B.1.bigfio.16G.1.O Complete!
