B.1.smallfio.500M.2.O
Begin
Node 0 MemTotal:       24743736 kB
Node 0 MemFree:        24568900 kB
Node 0 MemUsed:          174836 kB
Node 0 Active:            29108 kB
Node 0 Inactive:          27124 kB
Node 0 Active(anon):      14076 kB
Node 0 Inactive(anon):      512 kB
Node 0 Active(file):      15032 kB
Node 0 Inactive(file):    26612 kB
Node 0 Unevictable:         812 kB
Node 0 Mlocked:             812 kB
Node 0 Dirty:                 8 kB
Node 0 Writeback:             0 kB
Node 0 FilePages:         43172 kB
Node 0 Mapped:            10736 kB
Node 0 AnonPages:         14020 kB
Node 0 Shmem:               680 kB
Node 0 KernelStack:        2296 kB
Node 0 PageTables:          432 kB
Node 0 NFS_Unstable:          0 kB
Node 0 Bounce:                0 kB
Node 0 WritebackTmp:          0 kB
Node 0 KReclaimable:      14020 kB
Node 0 Slab:              39224 kB
Node 0 SReclaimable:      14020 kB
Node 0 SUnreclaim:        25204 kB
Node 0 AnonHugePages:         0 kB
Node 0 ShmemHugePages:        0 kB
Node 0 ShmemPmdMapped:        0 kB
Node 0 FileHugePages:        0 kB
Node 0 FilePmdMapped:        0 kB
Node 0 HugePages_Total:     0
Node 0 HugePages_Free:      0
Node 0 HugePages_Surp:      0

Node 1 MemTotal:       24686196 kB
Node 1 MemFree:        24258032 kB
Node 1 MemUsed:          428164 kB
Node 1 Active:            65280 kB
Node 1 Inactive:          56640 kB
Node 1 Active(anon):      19836 kB
Node 1 Inactive(anon):      352 kB
Node 1 Active(file):      45444 kB
Node 1 Inactive(file):    56288 kB
Node 1 Unevictable:       17712 kB
Node 1 Mlocked:           17712 kB
Node 1 Dirty:               488 kB
Node 1 Writeback:             0 kB
Node 1 FilePages:        109700 kB
Node 1 Mapped:            28584 kB
Node 1 AnonPages:         29944 kB
Node 1 Shmem:               588 kB
Node 1 KernelStack:        1336 kB
Node 1 PageTables:          652 kB
Node 1 NFS_Unstable:          0 kB
Node 1 Bounce:                0 kB
Node 1 WritebackTmp:          0 kB
Node 1 KReclaimable:      27432 kB
Node 1 Slab:              66920 kB
Node 1 SReclaimable:      27432 kB
Node 1 SUnreclaim:        39488 kB
Node 1 AnonHugePages:         0 kB
Node 1 ShmemHugePages:        0 kB
Node 1 ShmemPmdMapped:        0 kB
Node 1 FileHugePages:        0 kB
Node 1 FilePmdMapped:        0 kB
Node 1 HugePages_Total:     0
Node 1 HugePages_Free:      0
Node 1 HugePages_Surp:      0

Load ZFS
Node 0 MemTotal:       24743736 kB
Node 0 MemFree:        24537880 kB
Node 0 MemUsed:          205856 kB
Node 0 Active:            47260 kB
Node 0 Inactive:          32836 kB
Node 0 Active(anon):      31068 kB
Node 0 Inactive(anon):      540 kB
Node 0 Active(file):      16192 kB
Node 0 Inactive(file):    32296 kB
Node 0 Unevictable:         812 kB
Node 0 Mlocked:             812 kB
Node 0 Dirty:                 8 kB
Node 0 Writeback:             0 kB
Node 0 FilePages:         50012 kB
Node 0 Mapped:            12544 kB
Node 0 AnonPages:         30752 kB
Node 0 Shmem:               712 kB
Node 0 KernelStack:        2520 kB
Node 0 PageTables:         1332 kB
Node 0 NFS_Unstable:          0 kB
Node 0 Bounce:                0 kB
Node 0 WritebackTmp:          0 kB
Node 0 KReclaimable:      14680 kB
Node 0 Slab:              42480 kB
Node 0 SReclaimable:      14680 kB
Node 0 SUnreclaim:        27800 kB
Node 0 AnonHugePages:         0 kB
Node 0 ShmemHugePages:        0 kB
Node 0 ShmemPmdMapped:        0 kB
Node 0 FileHugePages:        0 kB
Node 0 FilePmdMapped:        0 kB
Node 0 HugePages_Total:     0
Node 0 HugePages_Free:      0
Node 0 HugePages_Surp:      0

Node 1 MemTotal:       24686196 kB
Node 1 MemFree:        24142352 kB
Node 1 MemUsed:          543844 kB
Node 1 Active:            76896 kB
Node 1 Inactive:         154456 kB
Node 1 Active(anon):      30236 kB
Node 1 Inactive(anon):      404 kB
Node 1 Active(file):      46660 kB
Node 1 Inactive(file):   154052 kB
Node 1 Unevictable:       17928 kB
Node 1 Mlocked:           17928 kB
Node 1 Dirty:               480 kB
Node 1 Writeback:             0 kB
Node 1 FilePages:        208648 kB
Node 1 Mapped:            30732 kB
Node 1 AnonPages:         40788 kB
Node 1 Shmem:               556 kB
Node 1 KernelStack:        1760 kB
Node 1 PageTables:         1476 kB
Node 1 NFS_Unstable:          0 kB
Node 1 Bounce:                0 kB
Node 1 WritebackTmp:          0 kB
Node 1 KReclaimable:      28660 kB
Node 1 Slab:              70800 kB
Node 1 SReclaimable:      28660 kB
Node 1 SUnreclaim:        42140 kB
Node 1 AnonHugePages:         0 kB
Node 1 ShmemHugePages:        0 kB
Node 1 ShmemPmdMapped:        0 kB
Node 1 FileHugePages:        0 kB
Node 1 FilePmdMapped:        0 kB
Node 1 HugePages_Total:     0
Node 1 HugePages_Free:      0
Node 1 HugePages_Surp:      0

Import tank ZPool
Node 0 MemTotal:       24743736 kB
Node 0 MemFree:        24534540 kB
Node 0 MemUsed:          209196 kB
Node 0 Active:            31068 kB
Node 0 Inactive:          33744 kB
Node 0 Active(anon):      14228 kB
Node 0 Inactive(anon):      544 kB
Node 0 Active(file):      16840 kB
Node 0 Inactive(file):    33200 kB
Node 0 Unevictable:         812 kB
Node 0 Mlocked:             812 kB
Node 0 Dirty:                16 kB
Node 0 Writeback:             0 kB
Node 0 FilePages:         51564 kB
Node 0 Mapped:            11004 kB
Node 0 AnonPages:         14148 kB
Node 0 Shmem:               712 kB
Node 0 KernelStack:        3496 kB
Node 0 PageTables:          852 kB
Node 0 NFS_Unstable:          0 kB
Node 0 Bounce:                0 kB
Node 0 WritebackTmp:          0 kB
Node 0 KReclaimable:      14820 kB
Node 0 Slab:              49208 kB
Node 0 SReclaimable:      14820 kB
Node 0 SUnreclaim:        34388 kB
Node 0 AnonHugePages:         0 kB
Node 0 ShmemHugePages:        0 kB
Node 0 ShmemPmdMapped:        0 kB
Node 0 FileHugePages:        0 kB
Node 0 FilePmdMapped:        0 kB
Node 0 HugePages_Total:     0
Node 0 HugePages_Free:      0
Node 0 HugePages_Surp:      0

Node 1 MemTotal:       24686196 kB
Node 1 MemFree:        24151472 kB
Node 1 MemUsed:          534724 kB
Node 1 Active:            67348 kB
Node 1 Inactive:         154076 kB
Node 1 Active(anon):      20308 kB
Node 1 Inactive(anon):      404 kB
Node 1 Active(file):      47040 kB
Node 1 Inactive(file):   153672 kB
Node 1 Unevictable:       17944 kB
Node 1 Mlocked:           17944 kB
Node 1 Dirty:               548 kB
Node 1 Writeback:             0 kB
Node 1 FilePages:        208648 kB
Node 1 Mapped:            28832 kB
Node 1 AnonPages:         30588 kB
Node 1 Shmem:               556 kB
Node 1 KernelStack:        1416 kB
Node 1 PageTables:          892 kB
Node 1 NFS_Unstable:          0 kB
Node 1 Bounce:                0 kB
Node 1 WritebackTmp:          0 kB
Node 1 KReclaimable:      28660 kB
Node 1 Slab:              71840 kB
Node 1 SReclaimable:      28660 kB
Node 1 SUnreclaim:        43180 kB
Node 1 AnonHugePages:         0 kB
Node 1 ShmemHugePages:        0 kB
Node 1 ShmemPmdMapped:        0 kB
Node 1 FileHugePages:        0 kB
Node 1 FilePmdMapped:        0 kB
Node 1 HugePages_Total:     0
Node 1 HugePages_Free:      0
Node 1 HugePages_Surp:      0

After Test
Node 0 MemTotal:       24743736 kB
Node 0 MemFree:        23981768 kB
Node 0 MemUsed:          761968 kB
Node 0 Active:            30752 kB
Node 0 Inactive:          33448 kB
Node 0 Active(anon):      13448 kB
Node 0 Inactive(anon):      540 kB
Node 0 Active(file):      17304 kB
Node 0 Inactive(file):    32908 kB
Node 0 Unevictable:         812 kB
Node 0 Mlocked:             812 kB
Node 0 Dirty:                24 kB
Node 0 Writeback:             0 kB
Node 0 FilePages:         51736 kB
Node 0 Mapped:            10736 kB
Node 0 AnonPages:         13276 kB
Node 0 Shmem:               712 kB
Node 0 KernelStack:        3384 kB
Node 0 PageTables:          376 kB
Node 0 NFS_Unstable:          0 kB
Node 0 Bounce:                0 kB
Node 0 WritebackTmp:          0 kB
Node 0 KReclaimable:      14820 kB
Node 0 Slab:              50772 kB
Node 0 SReclaimable:      14820 kB
Node 0 SUnreclaim:        35952 kB
Node 0 AnonHugePages:         0 kB
Node 0 ShmemHugePages:        0 kB
Node 0 ShmemPmdMapped:        0 kB
Node 0 FileHugePages:        0 kB
Node 0 FilePmdMapped:        0 kB
Node 0 HugePages_Total:     0
Node 0 HugePages_Free:      0
Node 0 HugePages_Surp:      0

Node 1 MemTotal:       24686196 kB
Node 1 MemFree:        23643792 kB
Node 1 MemUsed:         1042404 kB
Node 1 Active:            67848 kB
Node 1 Inactive:         155268 kB
Node 1 Active(anon):      19908 kB
Node 1 Inactive(anon):      428 kB
Node 1 Active(file):      47940 kB
Node 1 Inactive(file):   154840 kB
Node 1 Unevictable:       17944 kB
Node 1 Mlocked:           17944 kB
Node 1 Dirty:               472 kB
Node 1 Writeback:             0 kB
Node 1 FilePages:        210760 kB
Node 1 Mapped:            28820 kB
Node 1 AnonPages:         30256 kB
Node 1 Shmem:               600 kB
Node 1 KernelStack:        1368 kB
Node 1 PageTables:          812 kB
Node 1 NFS_Unstable:          0 kB
Node 1 Bounce:                0 kB
Node 1 WritebackTmp:          0 kB
Node 1 KReclaimable:      29940 kB
Node 1 Slab:              77760 kB
Node 1 SReclaimable:      29940 kB
Node 1 SUnreclaim:        47820 kB
Node 1 AnonHugePages:         0 kB
Node 1 ShmemHugePages:        0 kB
Node 1 ShmemPmdMapped:        0 kB
Node 1 FileHugePages:        0 kB
Node 1 FilePmdMapped:        0 kB
Node 1 HugePages_Total:     0
Node 1 HugePages_Free:      0
Node 1 HugePages_Surp:      0

After Opposite Node
Node 0 MemTotal:       24743736 kB
Node 0 MemFree:        23980284 kB
Node 0 MemUsed:          763452 kB
Node 0 Active:            30972 kB
Node 0 Inactive:          33476 kB
Node 0 Active(anon):      13628 kB
Node 0 Inactive(anon):      576 kB
Node 0 Active(file):      17344 kB
Node 0 Inactive(file):    32900 kB
Node 0 Unevictable:         812 kB
Node 0 Mlocked:             812 kB
Node 0 Dirty:                28 kB
Node 0 Writeback:             0 kB
Node 0 FilePages:         51812 kB
Node 0 Mapped:            10780 kB
Node 0 AnonPages:         13396 kB
Node 0 Shmem:               756 kB
Node 0 KernelStack:        3432 kB
Node 0 PageTables:          548 kB
Node 0 NFS_Unstable:          0 kB
Node 0 Bounce:                0 kB
Node 0 WritebackTmp:          0 kB
Node 0 KReclaimable:      14860 kB
Node 0 Slab:              50928 kB
Node 0 SReclaimable:      14860 kB
Node 0 SUnreclaim:        36068 kB
Node 0 AnonHugePages:         0 kB
Node 0 ShmemHugePages:        0 kB
Node 0 ShmemPmdMapped:        0 kB
Node 0 FileHugePages:        0 kB
Node 0 FilePmdMapped:        0 kB
Node 0 HugePages_Total:     0
Node 0 HugePages_Free:      0
Node 0 HugePages_Surp:      0

Node 1 MemTotal:       24686196 kB
Node 1 MemFree:        23644848 kB
Node 1 MemUsed:         1041348 kB
Node 1 Active:            67848 kB
Node 1 Inactive:         155064 kB
Node 1 Active(anon):      19724 kB
Node 1 Inactive(anon):      400 kB
Node 1 Active(file):      48124 kB
Node 1 Inactive(file):   154664 kB
Node 1 Unevictable:       17944 kB
Node 1 Mlocked:           17944 kB
Node 1 Dirty:               388 kB
Node 1 Writeback:             0 kB
Node 1 FilePages:        210724 kB
Node 1 Mapped:            28776 kB
Node 1 AnonPages:         30128 kB
Node 1 Shmem:               556 kB
Node 1 KernelStack:        1320 kB
Node 1 PageTables:          628 kB
Node 1 NFS_Unstable:          0 kB
Node 1 Bounce:                0 kB
Node 1 WritebackTmp:          0 kB
Node 1 KReclaimable:      29940 kB
Node 1 Slab:              77804 kB
Node 1 SReclaimable:      29940 kB
Node 1 SUnreclaim:        47864 kB
Node 1 AnonHugePages:         0 kB
Node 1 ShmemHugePages:        0 kB
Node 1 ShmemPmdMapped:        0 kB
Node 1 FileHugePages:        0 kB
Node 1 FilePmdMapped:        0 kB
Node 1 HugePages_Total:     0
Node 1 HugePages_Free:      0
Node 1 HugePages_Surp:      0

B.1.smallfio.500M.2.O Complete!
