U.0.doublefio.4G.3.O
Begin
Node 0 MemTotal:       24768352 kB
Node 0 MemFree:        24531164 kB
Node 0 MemUsed:          237188 kB
Node 0 Active:            50336 kB
Node 0 Inactive:          31828 kB
Node 0 Active(anon):      25964 kB
Node 0 Inactive(anon):      324 kB
Node 0 Active(file):      24372 kB
Node 0 Inactive(file):    31504 kB
Node 0 Unevictable:       18080 kB
Node 0 Mlocked:           18080 kB
Node 0 Dirty:               172 kB
Node 0 Writeback:             0 kB
Node 0 FilePages:         64232 kB
Node 0 Mapped:            30456 kB
Node 0 AnonPages:         36152 kB
Node 0 Shmem:               460 kB
Node 0 KernelStack:        2120 kB
Node 0 PageTables:          656 kB
Node 0 NFS_Unstable:          0 kB
Node 0 Bounce:                0 kB
Node 0 WritebackTmp:          0 kB
Node 0 KReclaimable:      18728 kB
Node 0 Slab:              53448 kB
Node 0 SReclaimable:      18728 kB
Node 0 SUnreclaim:        34720 kB
Node 0 AnonHugePages:         0 kB
Node 0 ShmemHugePages:        0 kB
Node 0 ShmemPmdMapped:        0 kB
Node 0 FileHugePages:        0 kB
Node 0 FilePmdMapped:        0 kB
Node 0 HugePages_Total:     0
Node 0 HugePages_Free:      0
Node 0 HugePages_Surp:      0

Node 1 MemTotal:       24661580 kB
Node 1 MemFree:        24280780 kB
Node 1 MemUsed:          380800 kB
Node 1 Active:            43892 kB
Node 1 Inactive:          61988 kB
Node 1 Active(anon):       7940 kB
Node 1 Inactive(anon):      548 kB
Node 1 Active(file):      35952 kB
Node 1 Inactive(file):    61440 kB
Node 1 Unevictable:         440 kB
Node 1 Mlocked:             440 kB
Node 1 Dirty:                64 kB
Node 1 Writeback:             0 kB
Node 1 FilePages:         98652 kB
Node 1 Mapped:            17100 kB
Node 1 AnonPages:          7680 kB
Node 1 Shmem:               808 kB
Node 1 KernelStack:        1496 kB
Node 1 PageTables:          340 kB
Node 1 NFS_Unstable:          0 kB
Node 1 Bounce:                0 kB
Node 1 WritebackTmp:          0 kB
Node 1 KReclaimable:      23648 kB
Node 1 Slab:              54740 kB
Node 1 SReclaimable:      23648 kB
Node 1 SUnreclaim:        31092 kB
Node 1 AnonHugePages:         0 kB
Node 1 ShmemHugePages:        0 kB
Node 1 ShmemPmdMapped:        0 kB
Node 1 FileHugePages:        0 kB
Node 1 FilePmdMapped:        0 kB
Node 1 HugePages_Total:     0
Node 1 HugePages_Free:      0
Node 1 HugePages_Surp:      0

Load ZFS
Node 0 MemTotal:       24768352 kB
Node 0 MemFree:        24526220 kB
Node 0 MemUsed:          242132 kB
Node 0 Active:            55464 kB
Node 0 Inactive:          31740 kB
Node 0 Active(anon):      29612 kB
Node 0 Inactive(anon):      324 kB
Node 0 Active(file):      25852 kB
Node 0 Inactive(file):    31416 kB
Node 0 Unevictable:       18080 kB
Node 0 Mlocked:           18080 kB
Node 0 Dirty:                88 kB
Node 0 Writeback:             0 kB
Node 0 FilePages:         65480 kB
Node 0 Mapped:            30460 kB
Node 0 AnonPages:         39752 kB
Node 0 Shmem:               460 kB
Node 0 KernelStack:        2296 kB
Node 0 PageTables:          968 kB
Node 0 NFS_Unstable:          0 kB
Node 0 Bounce:                0 kB
Node 0 WritebackTmp:          0 kB
Node 0 KReclaimable:      19264 kB
Node 0 Slab:              55424 kB
Node 0 SReclaimable:      19264 kB
Node 0 SUnreclaim:        36160 kB
Node 0 AnonHugePages:         0 kB
Node 0 ShmemHugePages:        0 kB
Node 0 ShmemPmdMapped:        0 kB
Node 0 FileHugePages:        0 kB
Node 0 FilePmdMapped:        0 kB
Node 0 HugePages_Total:     0
Node 0 HugePages_Free:      0
Node 0 HugePages_Surp:      0

Node 1 MemTotal:       24661580 kB
Node 1 MemFree:        24277776 kB
Node 1 MemUsed:          383804 kB
Node 1 Active:            51200 kB
Node 1 Inactive:          57944 kB
Node 1 Active(anon):       9924 kB
Node 1 Inactive(anon):      548 kB
Node 1 Active(file):      41276 kB
Node 1 Inactive(file):    57396 kB
Node 1 Unevictable:         440 kB
Node 1 Mlocked:             440 kB
Node 1 Dirty:                56 kB
Node 1 Writeback:             0 kB
Node 1 FilePages:         99920 kB
Node 1 Mapped:            17228 kB
Node 1 AnonPages:          9752 kB
Node 1 Shmem:               808 kB
Node 1 KernelStack:        1496 kB
Node 1 PageTables:          356 kB
Node 1 NFS_Unstable:          0 kB
Node 1 Bounce:                0 kB
Node 1 WritebackTmp:          0 kB
Node 1 KReclaimable:      24168 kB
Node 1 Slab:              57044 kB
Node 1 SReclaimable:      24168 kB
Node 1 SUnreclaim:        32876 kB
Node 1 AnonHugePages:         0 kB
Node 1 ShmemHugePages:        0 kB
Node 1 ShmemPmdMapped:        0 kB
Node 1 FileHugePages:        0 kB
Node 1 FilePmdMapped:        0 kB
Node 1 HugePages_Total:     0
Node 1 HugePages_Free:      0
Node 1 HugePages_Surp:      0

Import tank ZPool
Node 0 MemTotal:       24768352 kB
Node 0 MemFree:        24528052 kB
Node 0 MemUsed:          240300 kB
Node 0 Active:            51328 kB
Node 0 Inactive:          31848 kB
Node 0 Active(anon):      25440 kB
Node 0 Inactive(anon):      324 kB
Node 0 Active(file):      25888 kB
Node 0 Inactive(file):    31524 kB
Node 0 Unevictable:       18080 kB
Node 0 Mlocked:           18080 kB
Node 0 Dirty:               112 kB
Node 0 Writeback:             0 kB
Node 0 FilePages:         65620 kB
Node 0 Mapped:            30548 kB
Node 0 AnonPages:         35632 kB
Node 0 Shmem:               456 kB
Node 0 KernelStack:        2136 kB
Node 0 PageTables:          704 kB
Node 0 NFS_Unstable:          0 kB
Node 0 Bounce:                0 kB
Node 0 WritebackTmp:          0 kB
Node 0 KReclaimable:      19264 kB
Node 0 Slab:              56148 kB
Node 0 SReclaimable:      19264 kB
Node 0 SUnreclaim:        36884 kB
Node 0 AnonHugePages:         0 kB
Node 0 ShmemHugePages:        0 kB
Node 0 ShmemPmdMapped:        0 kB
Node 0 FileHugePages:        0 kB
Node 0 FilePmdMapped:        0 kB
Node 0 HugePages_Total:     0
Node 0 HugePages_Free:      0
Node 0 HugePages_Surp:      0

Node 1 MemTotal:       24661580 kB
Node 1 MemFree:        24257732 kB
Node 1 MemUsed:          403848 kB
Node 1 Active:            49840 kB
Node 1 Inactive:          58692 kB
Node 1 Active(anon):       7892 kB
Node 1 Inactive(anon):      552 kB
Node 1 Active(file):      41948 kB
Node 1 Inactive(file):    58140 kB
Node 1 Unevictable:         440 kB
Node 1 Mlocked:             440 kB
Node 1 Dirty:                76 kB
Node 1 Writeback:             0 kB
Node 1 FilePages:        101344 kB
Node 1 Mapped:            17248 kB
Node 1 AnonPages:          7304 kB
Node 1 Shmem:               812 kB
Node 1 KernelStack:        2616 kB
Node 1 PageTables:          432 kB
Node 1 NFS_Unstable:          0 kB
Node 1 Bounce:                0 kB
Node 1 WritebackTmp:          0 kB
Node 1 KReclaimable:      24292 kB
Node 1 Slab:              64020 kB
Node 1 SReclaimable:      24292 kB
Node 1 SUnreclaim:        39728 kB
Node 1 AnonHugePages:         0 kB
Node 1 ShmemHugePages:        0 kB
Node 1 ShmemPmdMapped:        0 kB
Node 1 FileHugePages:        0 kB
Node 1 FilePmdMapped:        0 kB
Node 1 HugePages_Total:     0
Node 1 HugePages_Free:      0
Node 1 HugePages_Surp:      0

After Test
Node 0 MemTotal:       24768352 kB
Node 0 MemFree:        19700964 kB
Node 0 MemUsed:         5067388 kB
Node 0 Active:            51660 kB
Node 0 Inactive:          33064 kB
Node 0 Active(anon):      25024 kB
Node 0 Inactive(anon):      352 kB
Node 0 Active(file):      26636 kB
Node 0 Inactive(file):    32712 kB
Node 0 Unevictable:       18080 kB
Node 0 Mlocked:           18080 kB
Node 0 Dirty:                32 kB
Node 0 Writeback:             0 kB
Node 0 FilePages:         67600 kB
Node 0 Mapped:            30460 kB
Node 0 AnonPages:         35176 kB
Node 0 Shmem:               500 kB
Node 0 KernelStack:        2056 kB
Node 0 PageTables:          880 kB
Node 0 NFS_Unstable:          0 kB
Node 0 Bounce:                0 kB
Node 0 WritebackTmp:          0 kB
Node 0 KReclaimable:      20580 kB
Node 0 Slab:              77128 kB
Node 0 SReclaimable:      20580 kB
Node 0 SUnreclaim:        56548 kB
Node 0 AnonHugePages:         0 kB
Node 0 ShmemHugePages:        0 kB
Node 0 ShmemPmdMapped:        0 kB
Node 0 FileHugePages:        0 kB
Node 0 FilePmdMapped:        0 kB
Node 0 HugePages_Total:     0
Node 0 HugePages_Free:      0
Node 0 HugePages_Surp:      0

Node 1 MemTotal:       24661580 kB
Node 1 MemFree:        24048384 kB
Node 1 MemUsed:          613196 kB
Node 1 Active:            49936 kB
Node 1 Inactive:          58680 kB
Node 1 Active(anon):       7892 kB
Node 1 Inactive(anon):      552 kB
Node 1 Active(file):      42044 kB
Node 1 Inactive(file):    58128 kB
Node 1 Unevictable:         440 kB
Node 1 Mlocked:             440 kB
Node 1 Dirty:                 4 kB
Node 1 Writeback:             0 kB
Node 1 FilePages:        101424 kB
Node 1 Mapped:            17068 kB
Node 1 AnonPages:          7632 kB
Node 1 Shmem:               812 kB
Node 1 KernelStack:        2616 kB
Node 1 PageTables:          316 kB
Node 1 NFS_Unstable:          0 kB
Node 1 Bounce:                0 kB
Node 1 WritebackTmp:          0 kB
Node 1 KReclaimable:      24404 kB
Node 1 Slab:              65176 kB
Node 1 SReclaimable:      24404 kB
Node 1 SUnreclaim:        40772 kB
Node 1 AnonHugePages:         0 kB
Node 1 ShmemHugePages:        0 kB
Node 1 ShmemPmdMapped:        0 kB
Node 1 FileHugePages:        0 kB
Node 1 FilePmdMapped:        0 kB
Node 1 HugePages_Total:     0
Node 1 HugePages_Free:      0
Node 1 HugePages_Surp:      0

After Opposite Node
Node 0 MemTotal:       24768352 kB
Node 0 MemFree:        19705500 kB
Node 0 MemUsed:         5062852 kB
Node 0 Active:            51684 kB
Node 0 Inactive:          32828 kB
Node 0 Active(anon):      24832 kB
Node 0 Inactive(anon):      324 kB
Node 0 Active(file):      26852 kB
Node 0 Inactive(file):    32504 kB
Node 0 Unevictable:       18080 kB
Node 0 Mlocked:           18080 kB
Node 0 Dirty:                56 kB
Node 0 Writeback:             0 kB
Node 0 FilePages:         67564 kB
Node 0 Mapped:            30680 kB
Node 0 AnonPages:         35024 kB
Node 0 Shmem:               456 kB
Node 0 KernelStack:        1960 kB
Node 0 PageTables:          700 kB
Node 0 NFS_Unstable:          0 kB
Node 0 Bounce:                0 kB
Node 0 WritebackTmp:          0 kB
Node 0 KReclaimable:      20580 kB
Node 0 Slab:              76688 kB
Node 0 SReclaimable:      20580 kB
Node 0 SUnreclaim:        56108 kB
Node 0 AnonHugePages:         0 kB
Node 0 ShmemHugePages:        0 kB
Node 0 ShmemPmdMapped:        0 kB
Node 0 FileHugePages:        0 kB
Node 0 FilePmdMapped:        0 kB
Node 0 HugePages_Total:     0
Node 0 HugePages_Free:      0
Node 0 HugePages_Surp:      0

Node 1 MemTotal:       24661580 kB
Node 1 MemFree:        24045548 kB
Node 1 MemUsed:          616032 kB
Node 1 Active:            50176 kB
Node 1 Inactive:          58704 kB
Node 1 Active(anon):       8096 kB
Node 1 Inactive(anon):      580 kB
Node 1 Active(file):      42080 kB
Node 1 Inactive(file):    58124 kB
Node 1 Unevictable:         440 kB
Node 1 Mlocked:             440 kB
Node 1 Dirty:                40 kB
Node 1 Writeback:             0 kB
Node 1 FilePages:        101508 kB
Node 1 Mapped:            17112 kB
Node 1 AnonPages:          7788 kB
Node 1 Shmem:               856 kB
Node 1 KernelStack:        2632 kB
Node 1 PageTables:          496 kB
Node 1 NFS_Unstable:          0 kB
Node 1 Bounce:                0 kB
Node 1 WritebackTmp:          0 kB
Node 1 KReclaimable:      24468 kB
Node 1 Slab:              66472 kB
Node 1 SReclaimable:      24468 kB
Node 1 SUnreclaim:        42004 kB
Node 1 AnonHugePages:         0 kB
Node 1 ShmemHugePages:        0 kB
Node 1 ShmemPmdMapped:        0 kB
Node 1 FileHugePages:        0 kB
Node 1 FilePmdMapped:        0 kB
Node 1 HugePages_Total:     0
Node 1 HugePages_Free:      0
Node 1 HugePages_Surp:      0

U.0.doublefio.4G.3.O Complete!
