U.0.fio.2-1G.5
Begin
Node 0 MemTotal:       24768352 kB
Node 0 MemFree:        24496076 kB
Node 0 MemUsed:          272276 kB
Node 0 Active:            65768 kB
Node 0 Inactive:          50780 kB
Node 0 Active(anon):      26280 kB
Node 0 Inactive(anon):      296 kB
Node 0 Active(file):      39488 kB
Node 0 Inactive(file):    50484 kB
Node 0 Unevictable:       12660 kB
Node 0 Mlocked:           12660 kB
Node 0 Dirty:               388 kB
Node 0 Writeback:             0 kB
Node 0 FilePages:         92848 kB
Node 0 Mapped:            28744 kB
Node 0 AnonPages:         36360 kB
Node 0 Shmem:               416 kB
Node 0 KernelStack:        2344 kB
Node 0 PageTables:          724 kB
Node 0 NFS_Unstable:          0 kB
Node 0 Bounce:                0 kB
Node 0 WritebackTmp:          0 kB
Node 0 KReclaimable:      22224 kB
Node 0 Slab:              59364 kB
Node 0 SReclaimable:      22224 kB
Node 0 SUnreclaim:        37140 kB
Node 0 AnonHugePages:         0 kB
Node 0 ShmemHugePages:        0 kB
Node 0 ShmemPmdMapped:        0 kB
Node 0 FileHugePages:        0 kB
Node 0 FilePmdMapped:        0 kB
Node 0 HugePages_Total:     0
Node 0 HugePages_Free:      0
Node 0 HugePages_Surp:      0

Node 1 MemTotal:       24661368 kB
Node 1 MemFree:        24328220 kB
Node 1 MemUsed:          333148 kB
Node 1 Active:            31208 kB
Node 1 Inactive:          29524 kB
Node 1 Active(anon):       8396 kB
Node 1 Inactive(anon):      548 kB
Node 1 Active(file):      22812 kB
Node 1 Inactive(file):    28976 kB
Node 1 Unevictable:        5736 kB
Node 1 Mlocked:            5736 kB
Node 1 Dirty:                12 kB
Node 1 Writeback:             0 kB
Node 1 FilePages:         58292 kB
Node 1 Mapped:            16900 kB
Node 1 AnonPages:          8204 kB
Node 1 Shmem:               768 kB
Node 1 KernelStack:        1240 kB
Node 1 PageTables:          400 kB
Node 1 NFS_Unstable:          0 kB
Node 1 Bounce:                0 kB
Node 1 WritebackTmp:          0 kB
Node 1 KReclaimable:      19288 kB
Node 1 Slab:              48452 kB
Node 1 SReclaimable:      19288 kB
Node 1 SUnreclaim:        29164 kB
Node 1 AnonHugePages:         0 kB
Node 1 ShmemHugePages:        0 kB
Node 1 ShmemPmdMapped:        0 kB
Node 1 FileHugePages:        0 kB
Node 1 FilePmdMapped:        0 kB
Node 1 HugePages_Total:     0
Node 1 HugePages_Free:      0
Node 1 HugePages_Surp:      0

Load ZFS
Node 0 MemTotal:       24768352 kB
Node 0 MemFree:        24495560 kB
Node 0 MemUsed:          272792 kB
Node 0 Active:            66060 kB
Node 0 Inactive:          50780 kB
Node 0 Active(anon):      26280 kB
Node 0 Inactive(anon):      296 kB
Node 0 Active(file):      39780 kB
Node 0 Inactive(file):    50484 kB
Node 0 Unevictable:       12660 kB
Node 0 Mlocked:           12660 kB
Node 0 Dirty:               388 kB
Node 0 Writeback:             0 kB
Node 0 FilePages:         93284 kB
Node 0 Mapped:            28744 kB
Node 0 AnonPages:         36508 kB
Node 0 Shmem:               416 kB
Node 0 KernelStack:        2344 kB
Node 0 PageTables:          724 kB
Node 0 NFS_Unstable:          0 kB
Node 0 Bounce:                0 kB
Node 0 WritebackTmp:          0 kB
Node 0 KReclaimable:      22224 kB
Node 0 Slab:              59684 kB
Node 0 SReclaimable:      22224 kB
Node 0 SUnreclaim:        37460 kB
Node 0 AnonHugePages:         0 kB
Node 0 ShmemHugePages:        0 kB
Node 0 ShmemPmdMapped:        0 kB
Node 0 FileHugePages:        0 kB
Node 0 FilePmdMapped:        0 kB
Node 0 HugePages_Total:     0
Node 0 HugePages_Free:      0
Node 0 HugePages_Surp:      0

Node 1 MemTotal:       24661368 kB
Node 1 MemFree:        24328220 kB
Node 1 MemUsed:          333148 kB
Node 1 Active:            31208 kB
Node 1 Inactive:          29524 kB
Node 1 Active(anon):       8396 kB
Node 1 Inactive(anon):      548 kB
Node 1 Active(file):      22812 kB
Node 1 Inactive(file):    28976 kB
Node 1 Unevictable:        5736 kB
Node 1 Mlocked:            5736 kB
Node 1 Dirty:                12 kB
Node 1 Writeback:             0 kB
Node 1 FilePages:         58292 kB
Node 1 Mapped:            16900 kB
Node 1 AnonPages:          8204 kB
Node 1 Shmem:               768 kB
Node 1 KernelStack:        1240 kB
Node 1 PageTables:          400 kB
Node 1 NFS_Unstable:          0 kB
Node 1 Bounce:                0 kB
Node 1 WritebackTmp:          0 kB
Node 1 KReclaimable:      19288 kB
Node 1 Slab:              48452 kB
Node 1 SReclaimable:      19288 kB
Node 1 SUnreclaim:        29164 kB
Node 1 AnonHugePages:         0 kB
Node 1 ShmemHugePages:        0 kB
Node 1 ShmemPmdMapped:        0 kB
Node 1 FileHugePages:        0 kB
Node 1 FilePmdMapped:        0 kB
Node 1 HugePages_Total:     0
Node 1 HugePages_Free:      0
Node 1 HugePages_Surp:      0

Import tank ZPool
Node 0 MemTotal:       24768352 kB
Node 0 MemFree:        24479156 kB
Node 0 MemUsed:          289196 kB
Node 0 Active:            66816 kB
Node 0 Inactive:          51912 kB
Node 0 Active(anon):      26604 kB
Node 0 Inactive(anon):      296 kB
Node 0 Active(file):      40212 kB
Node 0 Inactive(file):    51616 kB
Node 0 Unevictable:       12660 kB
Node 0 Mlocked:           12660 kB
Node 0 Dirty:               412 kB
Node 0 Writeback:             0 kB
Node 0 FilePages:         94704 kB
Node 0 Mapped:            28984 kB
Node 0 AnonPages:         36608 kB
Node 0 Shmem:               416 kB
Node 0 KernelStack:        3448 kB
Node 0 PageTables:          804 kB
Node 0 NFS_Unstable:          0 kB
Node 0 Bounce:                0 kB
Node 0 WritebackTmp:          0 kB
Node 0 KReclaimable:      22632 kB
Node 0 Slab:              63132 kB
Node 0 SReclaimable:      22632 kB
Node 0 SUnreclaim:        40500 kB
Node 0 AnonHugePages:         0 kB
Node 0 ShmemHugePages:        0 kB
Node 0 ShmemPmdMapped:        0 kB
Node 0 FileHugePages:        0 kB
Node 0 FilePmdMapped:        0 kB
Node 0 HugePages_Total:     0
Node 0 HugePages_Free:      0
Node 0 HugePages_Surp:      0

Node 1 MemTotal:       24661368 kB
Node 1 MemFree:        24322548 kB
Node 1 MemUsed:          338820 kB
Node 1 Active:            32084 kB
Node 1 Inactive:          29496 kB
Node 1 Active(anon):       9152 kB
Node 1 Inactive(anon):      552 kB
Node 1 Active(file):      22932 kB
Node 1 Inactive(file):    28944 kB
Node 1 Unevictable:        5736 kB
Node 1 Mlocked:            5736 kB
Node 1 Dirty:                16 kB
Node 1 Writeback:             0 kB
Node 1 FilePages:         58412 kB
Node 1 Mapped:            17080 kB
Node 1 AnonPages:          8564 kB
Node 1 Shmem:               772 kB
Node 1 KernelStack:        1240 kB
Node 1 PageTables:          392 kB
Node 1 NFS_Unstable:          0 kB
Node 1 Bounce:                0 kB
Node 1 WritebackTmp:          0 kB
Node 1 KReclaimable:      19476 kB
Node 1 Slab:              53240 kB
Node 1 SReclaimable:      19476 kB
Node 1 SUnreclaim:        33764 kB
Node 1 AnonHugePages:         0 kB
Node 1 ShmemHugePages:        0 kB
Node 1 ShmemPmdMapped:        0 kB
Node 1 FileHugePages:        0 kB
Node 1 FilePmdMapped:        0 kB
Node 1 HugePages_Total:     0
Node 1 HugePages_Free:      0
Node 1 HugePages_Surp:      0

After Test
Node 0 MemTotal:       24768352 kB
Node 0 MemFree:        22702588 kB
Node 0 MemUsed:         2065764 kB
Node 0 Active:            67380 kB
Node 0 Inactive:          53004 kB
Node 0 Active(anon):      26072 kB
Node 0 Inactive(anon):      524 kB
Node 0 Active(file):      41308 kB
Node 0 Inactive(file):    52480 kB
Node 0 Unevictable:       12660 kB
Node 0 Mlocked:           12660 kB
Node 0 Dirty:                 4 kB
Node 0 Writeback:             0 kB
Node 0 FilePages:         96900 kB
Node 0 Mapped:            28872 kB
Node 0 AnonPages:         36012 kB
Node 0 Shmem:               652 kB
Node 0 KernelStack:        3448 kB
Node 0 PageTables:          896 kB
Node 0 NFS_Unstable:          0 kB
Node 0 Bounce:                0 kB
Node 0 WritebackTmp:          0 kB
Node 0 KReclaimable:      24836 kB
Node 0 Slab:              75340 kB
Node 0 SReclaimable:      24836 kB
Node 0 SUnreclaim:        50504 kB
Node 0 AnonHugePages:         0 kB
Node 0 ShmemHugePages:        0 kB
Node 0 ShmemPmdMapped:        0 kB
Node 0 FileHugePages:        0 kB
Node 0 FilePmdMapped:        0 kB
Node 0 HugePages_Total:     0
Node 0 HugePages_Free:      0
Node 0 HugePages_Surp:      0

Node 1 MemTotal:       24661368 kB
Node 1 MemFree:        24217496 kB
Node 1 MemUsed:          443872 kB
Node 1 Active:            30980 kB
Node 1 Inactive:          29496 kB
Node 1 Active(anon):       7852 kB
Node 1 Inactive(anon):      552 kB
Node 1 Active(file):      23128 kB
Node 1 Inactive(file):    28944 kB
Node 1 Unevictable:        5736 kB
Node 1 Mlocked:            5736 kB
Node 1 Dirty:                 0 kB
Node 1 Writeback:             0 kB
Node 1 FilePages:         58576 kB
Node 1 Mapped:            16868 kB
Node 1 AnonPages:          7632 kB
Node 1 Shmem:               772 kB
Node 1 KernelStack:        1240 kB
Node 1 PageTables:          264 kB
Node 1 NFS_Unstable:          0 kB
Node 1 Bounce:                0 kB
Node 1 WritebackTmp:          0 kB
Node 1 KReclaimable:      19596 kB
Node 1 Slab:              54360 kB
Node 1 SReclaimable:      19596 kB
Node 1 SUnreclaim:        34764 kB
Node 1 AnonHugePages:         0 kB
Node 1 ShmemHugePages:        0 kB
Node 1 ShmemPmdMapped:        0 kB
Node 1 FileHugePages:        0 kB
Node 1 FilePmdMapped:        0 kB
Node 1 HugePages_Total:     0
Node 1 HugePages_Free:      0
Node 1 HugePages_Surp:      0

U.0.fio.2-1G.5 Complete!
