U.0.fio.2-1G.3
Begin
Node 0 MemTotal:       24743524 kB
Node 0 MemFree:        24335732 kB
Node 0 MemUsed:          407792 kB
Node 0 Active:            77888 kB
Node 0 Inactive:          43424 kB
Node 0 Active(anon):      26716 kB
Node 0 Inactive(anon):      424 kB
Node 0 Active(file):      51172 kB
Node 0 Inactive(file):    43000 kB
Node 0 Unevictable:        5304 kB
Node 0 Mlocked:            5304 kB
Node 0 Dirty:                68 kB
Node 0 Writeback:             0 kB
Node 0 FilePages:        100116 kB
Node 0 Mapped:            40344 kB
Node 0 AnonPages:         26812 kB
Node 0 Shmem:               620 kB
Node 0 KernelStack:        2120 kB
Node 0 PageTables:          668 kB
Node 0 NFS_Unstable:          0 kB
Node 0 Bounce:                0 kB
Node 0 WritebackTmp:          0 kB
Node 0 KReclaimable:      26840 kB
Node 0 Slab:              58992 kB
Node 0 SReclaimable:      26840 kB
Node 0 SUnreclaim:        32152 kB
Node 0 AnonHugePages:         0 kB
Node 0 ShmemHugePages:        0 kB
Node 0 ShmemPmdMapped:        0 kB
Node 0 FileHugePages:        0 kB
Node 0 FilePmdMapped:        0 kB
Node 0 HugePages_Total:     0
Node 0 HugePages_Free:      0
Node 0 HugePages_Surp:      0

Node 1 MemTotal:       24686196 kB
Node 1 MemFree:        24487804 kB
Node 1 MemUsed:          198392 kB
Node 1 Active:            18272 kB
Node 1 Inactive:          39456 kB
Node 1 Active(anon):       7132 kB
Node 1 Inactive(anon):      428 kB
Node 1 Active(file):      11140 kB
Node 1 Inactive(file):    39028 kB
Node 1 Unevictable:       13092 kB
Node 1 Mlocked:           13092 kB
Node 1 Dirty:                 8 kB
Node 1 Writeback:             0 kB
Node 1 FilePages:         53624 kB
Node 1 Mapped:             9568 kB
Node 1 AnonPages:         17204 kB
Node 1 Shmem:               564 kB
Node 1 KernelStack:        1448 kB
Node 1 PageTables:          368 kB
Node 1 NFS_Unstable:          0 kB
Node 1 Bounce:                0 kB
Node 1 WritebackTmp:          0 kB
Node 1 KReclaimable:      14788 kB
Node 1 Slab:              48772 kB
Node 1 SReclaimable:      14788 kB
Node 1 SUnreclaim:        33984 kB
Node 1 AnonHugePages:         0 kB
Node 1 ShmemHugePages:        0 kB
Node 1 ShmemPmdMapped:        0 kB
Node 1 FileHugePages:        0 kB
Node 1 FilePmdMapped:        0 kB
Node 1 HugePages_Total:     0
Node 1 HugePages_Free:      0
Node 1 HugePages_Surp:      0

Load ZFS
Node 0 MemTotal:       24743524 kB
Node 0 MemFree:        24335384 kB
Node 0 MemUsed:          408140 kB
Node 0 Active:            78180 kB
Node 0 Inactive:          43424 kB
Node 0 Active(anon):      27008 kB
Node 0 Inactive(anon):      424 kB
Node 0 Active(file):      51172 kB
Node 0 Inactive(file):    43000 kB
Node 0 Unevictable:        5304 kB
Node 0 Mlocked:            5304 kB
Node 0 Dirty:                68 kB
Node 0 Writeback:             0 kB
Node 0 FilePages:        100116 kB
Node 0 Mapped:            40344 kB
Node 0 AnonPages:         27104 kB
Node 0 Shmem:               620 kB
Node 0 KernelStack:        2120 kB
Node 0 PageTables:          668 kB
Node 0 NFS_Unstable:          0 kB
Node 0 Bounce:                0 kB
Node 0 WritebackTmp:          0 kB
Node 0 KReclaimable:      26840 kB
Node 0 Slab:              58992 kB
Node 0 SReclaimable:      26840 kB
Node 0 SUnreclaim:        32152 kB
Node 0 AnonHugePages:         0 kB
Node 0 ShmemHugePages:        0 kB
Node 0 ShmemPmdMapped:        0 kB
Node 0 FileHugePages:        0 kB
Node 0 FilePmdMapped:        0 kB
Node 0 HugePages_Total:     0
Node 0 HugePages_Free:      0
Node 0 HugePages_Surp:      0

Node 1 MemTotal:       24686196 kB
Node 1 MemFree:        24487804 kB
Node 1 MemUsed:          198392 kB
Node 1 Active:            18272 kB
Node 1 Inactive:          39456 kB
Node 1 Active(anon):       7132 kB
Node 1 Inactive(anon):      428 kB
Node 1 Active(file):      11140 kB
Node 1 Inactive(file):    39028 kB
Node 1 Unevictable:       13092 kB
Node 1 Mlocked:           13092 kB
Node 1 Dirty:                 8 kB
Node 1 Writeback:             0 kB
Node 1 FilePages:         53624 kB
Node 1 Mapped:             9568 kB
Node 1 AnonPages:         17204 kB
Node 1 Shmem:               564 kB
Node 1 KernelStack:        1448 kB
Node 1 PageTables:          368 kB
Node 1 NFS_Unstable:          0 kB
Node 1 Bounce:                0 kB
Node 1 WritebackTmp:          0 kB
Node 1 KReclaimable:      14788 kB
Node 1 Slab:              48772 kB
Node 1 SReclaimable:      14788 kB
Node 1 SUnreclaim:        33984 kB
Node 1 AnonHugePages:         0 kB
Node 1 ShmemHugePages:        0 kB
Node 1 ShmemPmdMapped:        0 kB
Node 1 FileHugePages:        0 kB
Node 1 FilePmdMapped:        0 kB
Node 1 HugePages_Total:     0
Node 1 HugePages_Free:      0
Node 1 HugePages_Surp:      0

Import tank ZPool
Node 0 MemTotal:       24743524 kB
Node 0 MemFree:        24314536 kB
Node 0 MemUsed:          428988 kB
Node 0 Active:            79968 kB
Node 0 Inactive:          44624 kB
Node 0 Active(anon):      27864 kB
Node 0 Inactive(anon):      428 kB
Node 0 Active(file):      52104 kB
Node 0 Inactive(file):    44196 kB
Node 0 Unevictable:        5304 kB
Node 0 Mlocked:            5304 kB
Node 0 Dirty:                92 kB
Node 0 Writeback:             0 kB
Node 0 FilePages:        102228 kB
Node 0 Mapped:            40524 kB
Node 0 AnonPages:         27316 kB
Node 0 Shmem:               624 kB
Node 0 KernelStack:        3304 kB
Node 0 PageTables:          936 kB
Node 0 NFS_Unstable:          0 kB
Node 0 Bounce:                0 kB
Node 0 WritebackTmp:          0 kB
Node 0 KReclaimable:      27344 kB
Node 0 Slab:              66412 kB
Node 0 SReclaimable:      27344 kB
Node 0 SUnreclaim:        39068 kB
Node 0 AnonHugePages:         0 kB
Node 0 ShmemHugePages:        0 kB
Node 0 ShmemPmdMapped:        0 kB
Node 0 FileHugePages:        0 kB
Node 0 FilePmdMapped:        0 kB
Node 0 HugePages_Total:     0
Node 0 HugePages_Free:      0
Node 0 HugePages_Surp:      0

Node 1 MemTotal:       24686196 kB
Node 1 MemFree:        24488480 kB
Node 1 MemUsed:          197716 kB
Node 1 Active:            18372 kB
Node 1 Inactive:          39356 kB
Node 1 Active(anon):       7132 kB
Node 1 Inactive(anon):      428 kB
Node 1 Active(file):      11240 kB
Node 1 Inactive(file):    38928 kB
Node 1 Unevictable:       13092 kB
Node 1 Mlocked:           13092 kB
Node 1 Dirty:                12 kB
Node 1 Writeback:             0 kB
Node 1 FilePages:         53624 kB
Node 1 Mapped:             9624 kB
Node 1 AnonPages:         17204 kB
Node 1 Shmem:               564 kB
Node 1 KernelStack:        1448 kB
Node 1 PageTables:          368 kB
Node 1 NFS_Unstable:          0 kB
Node 1 Bounce:                0 kB
Node 1 WritebackTmp:          0 kB
Node 1 KReclaimable:      14788 kB
Node 1 Slab:              48928 kB
Node 1 SReclaimable:      14788 kB
Node 1 SUnreclaim:        34140 kB
Node 1 AnonHugePages:         0 kB
Node 1 ShmemHugePages:        0 kB
Node 1 ShmemPmdMapped:        0 kB
Node 1 FileHugePages:        0 kB
Node 1 FilePmdMapped:        0 kB
Node 1 HugePages_Total:     0
Node 1 HugePages_Free:      0
Node 1 HugePages_Surp:      0

After Test
Node 0 MemTotal:       24743524 kB
Node 0 MemFree:        23051592 kB
Node 0 MemUsed:         1691932 kB
Node 0 Active:            79912 kB
Node 0 Inactive:          45704 kB
Node 0 Active(anon):      26672 kB
Node 0 Inactive(anon):      664 kB
Node 0 Active(file):      53240 kB
Node 0 Inactive(file):    45040 kB
Node 0 Unevictable:        5304 kB
Node 0 Mlocked:            5304 kB
Node 0 Dirty:                24 kB
Node 0 Writeback:             0 kB
Node 0 FilePages:        104440 kB
Node 0 Mapped:            40456 kB
Node 0 AnonPages:         26344 kB
Node 0 Shmem:               860 kB
Node 0 KernelStack:        3288 kB
Node 0 PageTables:          872 kB
Node 0 NFS_Unstable:          0 kB
Node 0 Bounce:                0 kB
Node 0 WritebackTmp:          0 kB
Node 0 KReclaimable:      29356 kB
Node 0 Slab:              76124 kB
Node 0 SReclaimable:      29356 kB
Node 0 SUnreclaim:        46768 kB
Node 0 AnonHugePages:         0 kB
Node 0 ShmemHugePages:        0 kB
Node 0 ShmemPmdMapped:        0 kB
Node 0 FileHugePages:        0 kB
Node 0 FilePmdMapped:        0 kB
Node 0 HugePages_Total:     0
Node 0 HugePages_Free:      0
Node 0 HugePages_Surp:      0

Node 1 MemTotal:       24686196 kB
Node 1 MemFree:        23867740 kB
Node 1 MemUsed:          818456 kB
Node 1 Active:            18068 kB
Node 1 Inactive:          39356 kB
Node 1 Active(anon):       6828 kB
Node 1 Inactive(anon):      428 kB
Node 1 Active(file):      11240 kB
Node 1 Inactive(file):    38928 kB
Node 1 Unevictable:       13092 kB
Node 1 Mlocked:           13092 kB
Node 1 Dirty:                 4 kB
Node 1 Writeback:             0 kB
Node 1 FilePages:         53624 kB
Node 1 Mapped:             9600 kB
Node 1 AnonPages:         16892 kB
Node 1 Shmem:               564 kB
Node 1 KernelStack:        1448 kB
Node 1 PageTables:          364 kB
Node 1 NFS_Unstable:          0 kB
Node 1 Bounce:                0 kB
Node 1 WritebackTmp:          0 kB
Node 1 KReclaimable:      14820 kB
Node 1 Slab:              51652 kB
Node 1 SReclaimable:      14820 kB
Node 1 SUnreclaim:        36832 kB
Node 1 AnonHugePages:         0 kB
Node 1 ShmemHugePages:        0 kB
Node 1 ShmemPmdMapped:        0 kB
Node 1 FileHugePages:        0 kB
Node 1 FilePmdMapped:        0 kB
Node 1 HugePages_Total:     0
Node 1 HugePages_Free:      0
Node 1 HugePages_Surp:      0

U.0.fio.2-1G.3 Complete!
