kernel.numa_balancing = 0
30 Tests Remaining!
U.1.fio.500M.2.O
Begin
Node 0 MemTotal:       24743736 kB
Node 0 MemFree:        24447720 kB
Node 0 MemUsed:          296016 kB
Node 0 Active:            49708 kB
Node 0 Inactive:          82012 kB
Node 0 Active(anon):      22976 kB
Node 0 Inactive(anon):      448 kB
Node 0 Active(file):      26732 kB
Node 0 Inactive(file):    81564 kB
Node 0 Unevictable:       17660 kB
Node 0 Mlocked:           17660 kB
Node 0 Dirty:               236 kB
Node 0 Writeback:             0 kB
Node 0 FilePages:        116328 kB
Node 0 Mapped:            38068 kB
Node 0 AnonPages:         33184 kB
Node 0 Shmem:               700 kB
Node 0 KernelStack:        2424 kB
Node 0 PageTables:         1028 kB
Node 0 NFS_Unstable:          0 kB
Node 0 Bounce:                0 kB
Node 0 WritebackTmp:          0 kB
Node 0 KReclaimable:      21848 kB
Node 0 Slab:              60336 kB
Node 0 SReclaimable:      21848 kB
Node 0 SUnreclaim:        38488 kB
Node 0 AnonHugePages:         0 kB
Node 0 ShmemHugePages:        0 kB
Node 0 ShmemPmdMapped:        0 kB
Node 0 FileHugePages:        0 kB
Node 0 FilePmdMapped:        0 kB
Node 0 HugePages_Total:     0
Node 0 HugePages_Free:      0
Node 0 HugePages_Surp:      0

Node 1 MemTotal:       24686196 kB
Node 1 MemFree:        24364124 kB
Node 1 MemUsed:          322072 kB
Node 1 Active:            47652 kB
Node 1 Inactive:          14396 kB
Node 1 Active(anon):      11868 kB
Node 1 Inactive(anon):      428 kB
Node 1 Active(file):      35784 kB
Node 1 Inactive(file):    13968 kB
Node 1 Unevictable:         860 kB
Node 1 Mlocked:             860 kB
Node 1 Dirty:               284 kB
Node 1 Writeback:             0 kB
Node 1 FilePages:         51180 kB
Node 1 Mapped:             8644 kB
Node 1 AnonPages:         11780 kB
Node 1 Shmem:               568 kB
Node 1 KernelStack:        1416 kB
Node 1 PageTables:          212 kB
Node 1 NFS_Unstable:          0 kB
Node 1 Bounce:                0 kB
Node 1 WritebackTmp:          0 kB
Node 1 KReclaimable:      20368 kB
Node 1 Slab:              45596 kB
Node 1 SReclaimable:      20368 kB
Node 1 SUnreclaim:        25228 kB
Node 1 AnonHugePages:         0 kB
Node 1 ShmemHugePages:        0 kB
Node 1 ShmemPmdMapped:        0 kB
Node 1 FileHugePages:        0 kB
Node 1 FilePmdMapped:        0 kB
Node 1 HugePages_Total:     0
Node 1 HugePages_Free:      0
Node 1 HugePages_Surp:      0

Load ZFS
Node 0 MemTotal:       24743736 kB
Node 0 MemFree:        24305284 kB
Node 0 MemUsed:          438452 kB
Node 0 Active:            52084 kB
Node 0 Inactive:          82356 kB
Node 0 Active(anon):      24404 kB
Node 0 Inactive(anon):      448 kB
Node 0 Active(file):      27680 kB
Node 0 Inactive(file):    81908 kB
Node 0 Unevictable:       17660 kB
Node 0 Mlocked:           17660 kB
Node 0 Dirty:               300 kB
Node 0 Writeback:             0 kB
Node 0 FilePages:        117624 kB
Node 0 Mapped:            37900 kB
Node 0 AnonPages:         34640 kB
Node 0 Shmem:               700 kB
Node 0 KernelStack:        2440 kB
Node 0 PageTables:          968 kB
Node 0 NFS_Unstable:          0 kB
Node 0 Bounce:                0 kB
Node 0 WritebackTmp:          0 kB
Node 0 KReclaimable:      22148 kB
Node 0 Slab:              61988 kB
Node 0 SReclaimable:      22148 kB
Node 0 SUnreclaim:        39840 kB
Node 0 AnonHugePages:         0 kB
Node 0 ShmemHugePages:        0 kB
Node 0 ShmemPmdMapped:        0 kB
Node 0 FileHugePages:        0 kB
Node 0 FilePmdMapped:        0 kB
Node 0 HugePages_Total:     0
Node 0 HugePages_Free:      0
Node 0 HugePages_Surp:      0

Node 1 MemTotal:       24686196 kB
Node 1 MemFree:        24498252 kB
Node 1 MemUsed:          187944 kB
Node 1 Active:            53196 kB
Node 1 Inactive:          10004 kB
Node 1 Active(anon):      11764 kB
Node 1 Inactive(anon):      428 kB
Node 1 Active(file):      41432 kB
Node 1 Inactive(file):     9576 kB
Node 1 Unevictable:         860 kB
Node 1 Mlocked:             860 kB
Node 1 Dirty:                32 kB
Node 1 Writeback:             0 kB
Node 1 FilePages:         52436 kB
Node 1 Mapped:             8804 kB
Node 1 AnonPages:         11624 kB
Node 1 Shmem:               568 kB
Node 1 KernelStack:        1224 kB
Node 1 PageTables:          200 kB
Node 1 NFS_Unstable:          0 kB
Node 1 Bounce:                0 kB
Node 1 WritebackTmp:          0 kB
Node 1 KReclaimable:      20840 kB
Node 1 Slab:              46992 kB
Node 1 SReclaimable:      20840 kB
Node 1 SUnreclaim:        26152 kB
Node 1 AnonHugePages:         0 kB
Node 1 ShmemHugePages:        0 kB
Node 1 ShmemPmdMapped:        0 kB
Node 1 FileHugePages:        0 kB
Node 1 FilePmdMapped:        0 kB
Node 1 HugePages_Total:     0
Node 1 HugePages_Free:      0
Node 1 HugePages_Surp:      0

Import tank ZPool
Node 0 MemTotal:       24743736 kB
Node 0 MemFree:        24287272 kB
Node 0 MemUsed:          456464 kB
Node 0 Active:            52976 kB
Node 0 Inactive:          83616 kB
Node 0 Active(anon):      24840 kB
Node 0 Inactive(anon):      452 kB
Node 0 Active(file):      28136 kB
Node 0 Inactive(file):    83164 kB
Node 0 Unevictable:       17660 kB
Node 0 Mlocked:           17660 kB
Node 0 Dirty:               228 kB
Node 0 Writeback:           108 kB
Node 0 FilePages:        119356 kB
Node 0 Mapped:            38088 kB
Node 0 AnonPages:         34828 kB
Node 0 Shmem:               700 kB
Node 0 KernelStack:        3560 kB
Node 0 PageTables:         1056 kB
Node 0 NFS_Unstable:          0 kB
Node 0 Bounce:                0 kB
Node 0 WritebackTmp:          0 kB
Node 0 KReclaimable:      22308 kB
Node 0 Slab:              68576 kB
Node 0 SReclaimable:      22308 kB
Node 0 SUnreclaim:        46268 kB
Node 0 AnonHugePages:         0 kB
Node 0 ShmemHugePages:        0 kB
Node 0 ShmemPmdMapped:        0 kB
Node 0 FileHugePages:        0 kB
Node 0 FilePmdMapped:        0 kB
Node 0 HugePages_Total:     0
Node 0 HugePages_Free:      0
Node 0 HugePages_Surp:      0

Node 1 MemTotal:       24686196 kB
Node 1 MemFree:        24499244 kB
Node 1 MemUsed:          186952 kB
Node 1 Active:            53244 kB
Node 1 Inactive:           9956 kB
Node 1 Active(anon):      11764 kB
Node 1 Inactive(anon):      428 kB
Node 1 Active(file):      41480 kB
Node 1 Inactive(file):     9528 kB
Node 1 Unevictable:         860 kB
Node 1 Mlocked:             860 kB
Node 1 Dirty:                44 kB
Node 1 Writeback:             0 kB
Node 1 FilePages:         52436 kB
Node 1 Mapped:             8696 kB
Node 1 AnonPages:         11772 kB
Node 1 Shmem:               568 kB
Node 1 KernelStack:        1224 kB
Node 1 PageTables:          200 kB
Node 1 NFS_Unstable:          0 kB
Node 1 Bounce:                0 kB
Node 1 WritebackTmp:          0 kB
Node 1 KReclaimable:      20840 kB
Node 1 Slab:              47028 kB
Node 1 SReclaimable:      20840 kB
Node 1 SUnreclaim:        26188 kB
Node 1 AnonHugePages:         0 kB
Node 1 ShmemHugePages:        0 kB
Node 1 ShmemPmdMapped:        0 kB
Node 1 FileHugePages:        0 kB
Node 1 FilePmdMapped:        0 kB
Node 1 HugePages_Total:     0
Node 1 HugePages_Free:      0
Node 1 HugePages_Surp:      0

After Test
Node 0 MemTotal:       24743736 kB
Node 0 MemFree:        23965876 kB
Node 0 MemUsed:          777860 kB
Node 0 Active:            50416 kB
Node 0 Inactive:          83392 kB
Node 0 Active(anon):      21868 kB
Node 0 Inactive(anon):      452 kB
Node 0 Active(file):      28548 kB
Node 0 Inactive(file):    82940 kB
Node 0 Unevictable:       17660 kB
Node 0 Mlocked:           17660 kB
Node 0 Dirty:               244 kB
Node 0 Writeback:             0 kB
Node 0 FilePages:        119528 kB
Node 0 Mapped:            37896 kB
Node 0 AnonPages:         31944 kB
Node 0 Shmem:               700 kB
Node 0 KernelStack:        3468 kB
Node 0 PageTables:          812 kB
Node 0 NFS_Unstable:          0 kB
Node 0 Bounce:                0 kB
Node 0 WritebackTmp:          0 kB
Node 0 KReclaimable:      22328 kB
Node 0 Slab:              69436 kB
Node 0 SReclaimable:      22328 kB
Node 0 SUnreclaim:        47108 kB
Node 0 AnonHugePages:         0 kB
Node 0 ShmemHugePages:        0 kB
Node 0 ShmemPmdMapped:        0 kB
Node 0 FileHugePages:        0 kB
Node 0 FilePmdMapped:        0 kB
Node 0 HugePages_Total:     0
Node 0 HugePages_Free:      0
Node 0 HugePages_Surp:      0

Node 1 MemTotal:       24686196 kB
Node 1 MemFree:        23757068 kB
Node 1 MemUsed:          929128 kB
Node 1 Active:            53508 kB
Node 1 Inactive:          10876 kB
Node 1 Active(anon):      11404 kB
Node 1 Inactive(anon):      168 kB
Node 1 Active(file):      42104 kB
Node 1 Inactive(file):    10708 kB
Node 1 Unevictable:         860 kB
Node 1 Mlocked:             860 kB
Node 1 Dirty:                52 kB
Node 1 Writeback:             0 kB
Node 1 FilePages:         54008 kB
Node 1 Mapped:             8644 kB
Node 1 AnonPages:         11008 kB
Node 1 Shmem:               336 kB
Node 1 KernelStack:        1284 kB
Node 1 PageTables:          324 kB
Node 1 NFS_Unstable:          0 kB
Node 1 Bounce:                0 kB
Node 1 WritebackTmp:          0 kB
Node 1 KReclaimable:      22088 kB
Node 1 Slab:              53888 kB
Node 1 SReclaimable:      22088 kB
Node 1 SUnreclaim:        31800 kB
Node 1 AnonHugePages:         0 kB
Node 1 ShmemHugePages:        0 kB
Node 1 ShmemPmdMapped:        0 kB
Node 1 FileHugePages:        0 kB
Node 1 FilePmdMapped:        0 kB
Node 1 HugePages_Total:     0
Node 1 HugePages_Free:      0
Node 1 HugePages_Surp:      0

After Opposite Node
Node 0 MemTotal:       24743736 kB
Node 0 MemFree:        23964856 kB
Node 0 MemUsed:          778880 kB
Node 0 Active:            50652 kB
Node 0 Inactive:          83376 kB
Node 0 Active(anon):      22032 kB
Node 0 Inactive(anon):      480 kB
Node 0 Active(file):      28620 kB
Node 0 Inactive(file):    82896 kB
Node 0 Unevictable:       17660 kB
Node 0 Mlocked:           17660 kB
Node 0 Dirty:               260 kB
Node 0 Writeback:             0 kB
Node 0 FilePages:        119592 kB
Node 0 Mapped:            37940 kB
Node 0 AnonPages:         31996 kB
Node 0 Shmem:               744 kB
Node 0 KernelStack:        3496 kB
Node 0 PageTables:          928 kB
Node 0 NFS_Unstable:          0 kB
Node 0 Bounce:                0 kB
Node 0 WritebackTmp:          0 kB
Node 0 KReclaimable:      22368 kB
Node 0 Slab:              69624 kB
Node 0 SReclaimable:      22368 kB
Node 0 SUnreclaim:        47256 kB
Node 0 AnonHugePages:         0 kB
Node 0 ShmemHugePages:        0 kB
Node 0 ShmemPmdMapped:        0 kB
Node 0 FileHugePages:        0 kB
Node 0 FilePmdMapped:        0 kB
Node 0 HugePages_Total:     0
Node 0 HugePages_Free:      0
Node 0 HugePages_Surp:      0

Node 1 MemTotal:       24686196 kB
Node 1 MemFree:        23757588 kB
Node 1 MemUsed:          928608 kB
Node 1 Active:            53616 kB
Node 1 Inactive:          10968 kB
Node 1 Active(anon):      11328 kB
Node 1 Inactive(anon):      428 kB
Node 1 Active(file):      42288 kB
Node 1 Inactive(file):    10540 kB
Node 1 Unevictable:         860 kB
Node 1 Mlocked:             860 kB
Node 1 Dirty:                68 kB
Node 1 Writeback:             0 kB
Node 1 FilePages:         54256 kB
Node 1 Mapped:             8864 kB
Node 1 AnonPages:         11188 kB
Node 1 Shmem:               568 kB
Node 1 KernelStack:        1224 kB
Node 1 PageTables:          200 kB
Node 1 NFS_Unstable:          0 kB
Node 1 Bounce:                0 kB
Node 1 WritebackTmp:          0 kB
Node 1 KReclaimable:      22124 kB
Node 1 Slab:              53972 kB
Node 1 SReclaimable:      22124 kB
Node 1 SUnreclaim:        31848 kB
Node 1 AnonHugePages:         0 kB
Node 1 ShmemHugePages:        0 kB
Node 1 ShmemPmdMapped:        0 kB
Node 1 FileHugePages:        0 kB
Node 1 FilePmdMapped:        0 kB
Node 1 HugePages_Total:     0
Node 1 HugePages_Free:      0
Node 1 HugePages_Surp:      0

U.1.fio.500M.2.O Complete!
