kernel.numa_balancing = 0
U.1.fio.8G.3.O
Begin
Node 0 MemTotal:       24743736 kB
Node 0 MemFree:        24508188 kB
Node 0 MemUsed:          235548 kB
Node 0 Active:            58364 kB
Node 0 Inactive:          30116 kB
Node 0 Active(anon):      12668 kB
Node 0 Inactive(anon):      464 kB
Node 0 Active(file):      45696 kB
Node 0 Inactive(file):    29652 kB
Node 0 Unevictable:        5572 kB
Node 0 Mlocked:            5572 kB
Node 0 Dirty:               388 kB
Node 0 Writeback:             0 kB
Node 0 FilePages:         81640 kB
Node 0 Mapped:            31924 kB
Node 0 AnonPages:         12480 kB
Node 0 Shmem:               692 kB
Node 0 KernelStack:        2136 kB
Node 0 PageTables:          404 kB
Node 0 NFS_Unstable:          0 kB
Node 0 Bounce:                0 kB
Node 0 WritebackTmp:          0 kB
Node 0 KReclaimable:      17844 kB
Node 0 Slab:              54344 kB
Node 0 SReclaimable:      17844 kB
Node 0 SUnreclaim:        36500 kB
Node 0 AnonHugePages:         0 kB
Node 0 ShmemHugePages:        0 kB
Node 0 ShmemPmdMapped:        0 kB
Node 0 FileHugePages:        0 kB
Node 0 FilePmdMapped:        0 kB
Node 0 HugePages_Total:     0
Node 0 HugePages_Free:      0
Node 0 HugePages_Surp:      0

Node 1 MemTotal:       24686196 kB
Node 1 MemFree:        24312792 kB
Node 1 MemUsed:          373404 kB
Node 1 Active:            36608 kB
Node 1 Inactive:          59916 kB
Node 1 Active(anon):      20744 kB
Node 1 Inactive(anon):      396 kB
Node 1 Active(file):      15864 kB
Node 1 Inactive(file):    59520 kB
Node 1 Unevictable:       12948 kB
Node 1 Mlocked:           12948 kB
Node 1 Dirty:               136 kB
Node 1 Writeback:             0 kB
Node 1 FilePages:         78584 kB
Node 1 Mapped:            13156 kB
Node 1 AnonPages:         30888 kB
Node 1 Shmem:               576 kB
Node 1 KernelStack:        1432 kB
Node 1 PageTables:          604 kB
Node 1 NFS_Unstable:          0 kB
Node 1 Bounce:                0 kB
Node 1 WritebackTmp:          0 kB
Node 1 KReclaimable:      23688 kB
Node 1 Slab:              50472 kB
Node 1 SReclaimable:      23688 kB
Node 1 SUnreclaim:        26784 kB
Node 1 AnonHugePages:         0 kB
Node 1 ShmemHugePages:        0 kB
Node 1 ShmemPmdMapped:        0 kB
Node 1 FileHugePages:        0 kB
Node 1 FilePmdMapped:        0 kB
Node 1 HugePages_Total:     0
Node 1 HugePages_Free:      0
Node 1 HugePages_Surp:      0

Load ZFS
Node 0 MemTotal:       24743736 kB
Node 0 MemFree:        24363860 kB
Node 0 MemUsed:          379876 kB
Node 0 Active:            63136 kB
Node 0 Inactive:          30768 kB
Node 0 Active(anon):      16476 kB
Node 0 Inactive(anon):      468 kB
Node 0 Active(file):      46660 kB
Node 0 Inactive(file):    30300 kB
Node 0 Unevictable:        5572 kB
Node 0 Mlocked:            5572 kB
Node 0 Dirty:               412 kB
Node 0 Writeback:             0 kB
Node 0 FilePages:         83220 kB
Node 0 Mapped:            31888 kB
Node 0 AnonPages:         15904 kB
Node 0 Shmem:               692 kB
Node 0 KernelStack:        2312 kB
Node 0 PageTables:          816 kB
Node 0 NFS_Unstable:          0 kB
Node 0 Bounce:                0 kB
Node 0 WritebackTmp:          0 kB
Node 0 KReclaimable:      18400 kB
Node 0 Slab:              57036 kB
Node 0 SReclaimable:      18400 kB
Node 0 SUnreclaim:        38636 kB
Node 0 AnonHugePages:         0 kB
Node 0 ShmemHugePages:        0 kB
Node 0 ShmemPmdMapped:        0 kB
Node 0 FileHugePages:        0 kB
Node 0 FilePmdMapped:        0 kB
Node 0 HugePages_Total:     0
Node 0 HugePages_Free:      0
Node 0 HugePages_Surp:      0

Node 1 MemTotal:       24686196 kB
Node 1 MemFree:        24446196 kB
Node 1 MemUsed:          240000 kB
Node 1 Active:            43644 kB
Node 1 Inactive:          55364 kB
Node 1 Active(anon):      22276 kB
Node 1 Inactive(anon):      396 kB
Node 1 Active(file):      21368 kB
Node 1 Inactive(file):    54968 kB
Node 1 Unevictable:       12948 kB
Node 1 Mlocked:           12948 kB
Node 1 Dirty:               136 kB
Node 1 Writeback:             0 kB
Node 1 FilePages:         79536 kB
Node 1 Mapped:            13268 kB
Node 1 AnonPages:         32552 kB
Node 1 Shmem:               576 kB
Node 1 KernelStack:        1432 kB
Node 1 PageTables:          580 kB
Node 1 NFS_Unstable:          0 kB
Node 1 Bounce:                0 kB
Node 1 WritebackTmp:          0 kB
Node 1 KReclaimable:      24224 kB
Node 1 Slab:              51888 kB
Node 1 SReclaimable:      24224 kB
Node 1 SUnreclaim:        27664 kB
Node 1 AnonHugePages:         0 kB
Node 1 ShmemHugePages:        0 kB
Node 1 ShmemPmdMapped:        0 kB
Node 1 FileHugePages:        0 kB
Node 1 FilePmdMapped:        0 kB
Node 1 HugePages_Total:     0
Node 1 HugePages_Free:      0
Node 1 HugePages_Surp:      0

Import tank ZPool
Node 0 MemTotal:       24743736 kB
Node 0 MemFree:        24345472 kB
Node 0 MemUsed:          398264 kB
Node 0 Active:            63732 kB
Node 0 Inactive:          31996 kB
Node 0 Active(anon):      16588 kB
Node 0 Inactive(anon):      472 kB
Node 0 Active(file):      47144 kB
Node 0 Inactive(file):    31524 kB
Node 0 Unevictable:        5572 kB
Node 0 Mlocked:            5572 kB
Node 0 Dirty:               224 kB
Node 0 Writeback:             0 kB
Node 0 FilePages:         84948 kB
Node 0 Mapped:            32108 kB
Node 0 AnonPages:         16000 kB
Node 0 Shmem:               692 kB
Node 0 KernelStack:        3384 kB
Node 0 PageTables:          908 kB
Node 0 NFS_Unstable:          0 kB
Node 0 Bounce:                0 kB
Node 0 WritebackTmp:          0 kB
Node 0 KReclaimable:      18528 kB
Node 0 Slab:              63792 kB
Node 0 SReclaimable:      18528 kB
Node 0 SUnreclaim:        45264 kB
Node 0 AnonHugePages:         0 kB
Node 0 ShmemHugePages:        0 kB
Node 0 ShmemPmdMapped:        0 kB
Node 0 FileHugePages:        0 kB
Node 0 FilePmdMapped:        0 kB
Node 0 HugePages_Total:     0
Node 0 HugePages_Free:      0
Node 0 HugePages_Surp:      0

Node 1 MemTotal:       24686196 kB
Node 1 MemFree:        24442204 kB
Node 1 MemUsed:          243992 kB
Node 1 Active:            43812 kB
Node 1 Inactive:          55308 kB
Node 1 Active(anon):      22348 kB
Node 1 Inactive(anon):      396 kB
Node 1 Active(file):      21464 kB
Node 1 Inactive(file):    54912 kB
Node 1 Unevictable:       12948 kB
Node 1 Mlocked:           12948 kB
Node 1 Dirty:               136 kB
Node 1 Writeback:             0 kB
Node 1 FilePages:         79576 kB
Node 1 Mapped:            13188 kB
Node 1 AnonPages:         32552 kB
Node 1 Shmem:               576 kB
Node 1 KernelStack:        1512 kB
Node 1 PageTables:          580 kB
Node 1 NFS_Unstable:          0 kB
Node 1 Bounce:                0 kB
Node 1 WritebackTmp:          0 kB
Node 1 KReclaimable:      24228 kB
Node 1 Slab:              52916 kB
Node 1 SReclaimable:      24228 kB
Node 1 SUnreclaim:        28688 kB
Node 1 AnonHugePages:         0 kB
Node 1 ShmemHugePages:        0 kB
Node 1 ShmemPmdMapped:        0 kB
Node 1 FileHugePages:        0 kB
Node 1 FilePmdMapped:        0 kB
Node 1 HugePages_Total:     0
Node 1 HugePages_Free:      0
Node 1 HugePages_Surp:      0

After Test
Node 0 MemTotal:       24743736 kB
Node 0 MemFree:        23674052 kB
Node 0 MemUsed:         1069684 kB
Node 0 Active:            60012 kB
Node 0 Inactive:          31808 kB
Node 0 Active(anon):      12424 kB
Node 0 Inactive(anon):      472 kB
Node 0 Active(file):      47588 kB
Node 0 Inactive(file):    31336 kB
Node 0 Unevictable:        5572 kB
Node 0 Mlocked:            5572 kB
Node 0 Dirty:                32 kB
Node 0 Writeback:             0 kB
Node 0 FilePages:         85184 kB
Node 0 Mapped:            31888 kB
Node 0 AnonPages:         12208 kB
Node 0 Shmem:               692 kB
Node 0 KernelStack:        3144 kB
Node 0 PageTables:          436 kB
Node 0 NFS_Unstable:          0 kB
Node 0 Bounce:                0 kB
Node 0 WritebackTmp:          0 kB
Node 0 KReclaimable:      18652 kB
Node 0 Slab:              65868 kB
Node 0 SReclaimable:      18652 kB
Node 0 SUnreclaim:        47216 kB
Node 0 AnonHugePages:         0 kB
Node 0 ShmemHugePages:        0 kB
Node 0 ShmemPmdMapped:        0 kB
Node 0 FileHugePages:        0 kB
Node 0 FilePmdMapped:        0 kB
Node 0 HugePages_Total:     0
Node 0 HugePages_Free:      0
Node 0 HugePages_Surp:      0

Node 1 MemTotal:       24686196 kB
Node 1 MemFree:        15874012 kB
Node 1 MemUsed:         8812184 kB
Node 1 Active:            42768 kB
Node 1 Inactive:          56424 kB
Node 1 Active(anon):      20568 kB
Node 1 Inactive(anon):      424 kB
Node 1 Active(file):      22200 kB
Node 1 Inactive(file):    56000 kB
Node 1 Unevictable:       12948 kB
Node 1 Mlocked:           12948 kB
Node 1 Dirty:                20 kB
Node 1 Writeback:             0 kB
Node 1 FilePages:         81452 kB
Node 1 Mapped:            13380 kB
Node 1 AnonPages:         30664 kB
Node 1 Shmem:               620 kB
Node 1 KernelStack:        1560 kB
Node 1 PageTables:          752 kB
Node 1 NFS_Unstable:          0 kB
Node 1 Bounce:                0 kB
Node 1 WritebackTmp:          0 kB
Node 1 KReclaimable:      25520 kB
Node 1 Slab:              86340 kB
Node 1 SReclaimable:      25520 kB
Node 1 SUnreclaim:        60820 kB
Node 1 AnonHugePages:         0 kB
Node 1 ShmemHugePages:        0 kB
Node 1 ShmemPmdMapped:        0 kB
Node 1 FileHugePages:        0 kB
Node 1 FilePmdMapped:        0 kB
Node 1 HugePages_Total:     0
Node 1 HugePages_Free:      0
Node 1 HugePages_Surp:      0

After Opposite Node
Node 0 MemTotal:       24743736 kB
Node 0 MemFree:        23673180 kB
Node 0 MemUsed:         1070556 kB
Node 0 Active:            60208 kB
Node 0 Inactive:          31820 kB
Node 0 Active(anon):      12592 kB
Node 0 Inactive(anon):      492 kB
Node 0 Active(file):      47616 kB
Node 0 Inactive(file):    31328 kB
Node 0 Unevictable:        5572 kB
Node 0 Mlocked:            5572 kB
Node 0 Dirty:                56 kB
Node 0 Writeback:             0 kB
Node 0 FilePages:         85244 kB
Node 0 Mapped:            31932 kB
Node 0 AnonPages:         12272 kB
Node 0 Shmem:               732 kB
Node 0 KernelStack:        3160 kB
Node 0 PageTables:          548 kB
Node 0 NFS_Unstable:          0 kB
Node 0 Bounce:                0 kB
Node 0 WritebackTmp:          0 kB
Node 0 KReclaimable:      18692 kB
Node 0 Slab:              67364 kB
Node 0 SReclaimable:      18692 kB
Node 0 SUnreclaim:        48672 kB
Node 0 AnonHugePages:         0 kB
Node 0 ShmemHugePages:        0 kB
Node 0 ShmemPmdMapped:        0 kB
Node 0 FileHugePages:        0 kB
Node 0 FilePmdMapped:        0 kB
Node 0 HugePages_Total:     0
Node 0 HugePages_Free:      0
Node 0 HugePages_Surp:      0

Node 1 MemTotal:       24686196 kB
Node 1 MemFree:        15879504 kB
Node 1 MemUsed:         8806692 kB
Node 1 Active:            42820 kB
Node 1 Inactive:          56228 kB
Node 1 Active(anon):      20388 kB
Node 1 Inactive(anon):      400 kB
Node 1 Active(file):      22432 kB
Node 1 Inactive(file):    55828 kB
Node 1 Unevictable:       12948 kB
Node 1 Mlocked:           12948 kB
Node 1 Dirty:                20 kB
Node 1 Writeback:             0 kB
Node 1 FilePages:         81464 kB
Node 1 Mapped:            13308 kB
Node 1 AnonPages:         30532 kB
Node 1 Shmem:               580 kB
Node 1 KernelStack:        1512 kB
Node 1 PageTables:          580 kB
Node 1 NFS_Unstable:          0 kB
Node 1 Bounce:                0 kB
Node 1 WritebackTmp:          0 kB
Node 1 KReclaimable:      25536 kB
Node 1 Slab:              85936 kB
Node 1 SReclaimable:      25536 kB
Node 1 SUnreclaim:        60400 kB
Node 1 AnonHugePages:         0 kB
Node 1 ShmemHugePages:        0 kB
Node 1 ShmemPmdMapped:        0 kB
Node 1 FileHugePages:        0 kB
Node 1 FilePmdMapped:        0 kB
Node 1 HugePages_Total:     0
Node 1 HugePages_Free:      0
Node 1 HugePages_Surp:      0

U.1.fio.8G.3.O Complete!
