kernel.numa_balancing = 0
U.0.fio.250M.2.O
Begin
Node 0 MemTotal:       24743736 kB
Node 0 MemFree:        24470856 kB
Node 0 MemUsed:          272880 kB
Node 0 Active:            60632 kB
Node 0 Inactive:          67524 kB
Node 0 Active(anon):      23220 kB
Node 0 Inactive(anon):      444 kB
Node 0 Active(file):      37412 kB
Node 0 Inactive(file):    67080 kB
Node 0 Unevictable:       12812 kB
Node 0 Mlocked:           12812 kB
Node 0 Dirty:                96 kB
Node 0 Writeback:             0 kB
Node 0 FilePages:        107608 kB
Node 0 Mapped:            55984 kB
Node 0 AnonPages:         33464 kB
Node 0 Shmem:               592 kB
Node 0 KernelStack:        2120 kB
Node 0 PageTables:          744 kB
Node 0 NFS_Unstable:          0 kB
Node 0 Bounce:                0 kB
Node 0 WritebackTmp:          0 kB
Node 0 KReclaimable:      22348 kB
Node 0 Slab:              52148 kB
Node 0 SReclaimable:      22348 kB
Node 0 SUnreclaim:        29800 kB
Node 0 AnonHugePages:         0 kB
Node 0 ShmemHugePages:        0 kB
Node 0 ShmemPmdMapped:        0 kB
Node 0 FileHugePages:        0 kB
Node 0 FilePmdMapped:        0 kB
Node 0 HugePages_Total:     0
Node 0 HugePages_Free:      0
Node 0 HugePages_Surp:      0

Node 1 MemTotal:       24686196 kB
Node 1 MemFree:        24292384 kB
Node 1 MemUsed:          393812 kB
Node 1 Active:            37932 kB
Node 1 Inactive:          74480 kB
Node 1 Active(anon):      10488 kB
Node 1 Inactive(anon):      436 kB
Node 1 Active(file):      27444 kB
Node 1 Inactive(file):    74044 kB
Node 1 Unevictable:        5712 kB
Node 1 Mlocked:            5712 kB
Node 1 Dirty:               432 kB
Node 1 Writeback:             0 kB
Node 1 FilePages:        107896 kB
Node 1 Mapped:            30304 kB
Node 1 AnonPages:         10256 kB
Node 1 Shmem:               676 kB
Node 1 KernelStack:        1576 kB
Node 1 PageTables:          548 kB
Node 1 NFS_Unstable:          0 kB
Node 1 Bounce:                0 kB
Node 1 WritebackTmp:          0 kB
Node 1 KReclaimable:      19788 kB
Node 1 Slab:              54780 kB
Node 1 SReclaimable:      19788 kB
Node 1 SUnreclaim:        34992 kB
Node 1 AnonHugePages:         0 kB
Node 1 ShmemHugePages:        0 kB
Node 1 ShmemPmdMapped:        0 kB
Node 1 FileHugePages:        0 kB
Node 1 FilePmdMapped:        0 kB
Node 1 HugePages_Total:     0
Node 1 HugePages_Free:      0
Node 1 HugePages_Surp:      0

Load ZFS
Node 0 MemTotal:       24743736 kB
Node 0 MemFree:        24328640 kB
Node 0 MemUsed:          415096 kB
Node 0 Active:            62648 kB
Node 0 Inactive:          67756 kB
Node 0 Active(anon):      24640 kB
Node 0 Inactive(anon):      444 kB
Node 0 Active(file):      38008 kB
Node 0 Inactive(file):    67312 kB
Node 0 Unevictable:       12812 kB
Node 0 Mlocked:           12812 kB
Node 0 Dirty:               128 kB
Node 0 Writeback:             0 kB
Node 0 FilePages:        108396 kB
Node 0 Mapped:            55960 kB
Node 0 AnonPages:         35348 kB
Node 0 Shmem:               592 kB
Node 0 KernelStack:        2264 kB
Node 0 PageTables:          868 kB
Node 0 NFS_Unstable:          0 kB
Node 0 Bounce:                0 kB
Node 0 WritebackTmp:          0 kB
Node 0 KReclaimable:      22748 kB
Node 0 Slab:              53724 kB
Node 0 SReclaimable:      22748 kB
Node 0 SUnreclaim:        30976 kB
Node 0 AnonHugePages:         0 kB
Node 0 ShmemHugePages:        0 kB
Node 0 ShmemPmdMapped:        0 kB
Node 0 FileHugePages:        0 kB
Node 0 FilePmdMapped:        0 kB
Node 0 HugePages_Total:     0
Node 0 HugePages_Free:      0
Node 0 HugePages_Surp:      0

Node 1 MemTotal:       24686196 kB
Node 1 MemFree:        24425296 kB
Node 1 MemUsed:          260900 kB
Node 1 Active:            43608 kB
Node 1 Inactive:          70348 kB
Node 1 Active(anon):      10408 kB
Node 1 Inactive(anon):      436 kB
Node 1 Active(file):      33200 kB
Node 1 Inactive(file):    69912 kB
Node 1 Unevictable:        5712 kB
Node 1 Mlocked:            5712 kB
Node 1 Dirty:               432 kB
Node 1 Writeback:             0 kB
Node 1 FilePages:        109496 kB
Node 1 Mapped:            30420 kB
Node 1 AnonPages:         10168 kB
Node 1 Shmem:               676 kB
Node 1 KernelStack:        1448 kB
Node 1 PageTables:          520 kB
Node 1 NFS_Unstable:          0 kB
Node 1 Bounce:                0 kB
Node 1 WritebackTmp:          0 kB
Node 1 KReclaimable:      20296 kB
Node 1 Slab:              56528 kB
Node 1 SReclaimable:      20296 kB
Node 1 SUnreclaim:        36232 kB
Node 1 AnonHugePages:         0 kB
Node 1 ShmemHugePages:        0 kB
Node 1 ShmemPmdMapped:        0 kB
Node 1 FileHugePages:        0 kB
Node 1 FilePmdMapped:        0 kB
Node 1 HugePages_Total:     0
Node 1 HugePages_Free:      0
Node 1 HugePages_Surp:      0

Import tank ZPool
Node 0 MemTotal:       24743736 kB
Node 0 MemFree:        24307528 kB
Node 0 MemUsed:          436208 kB
Node 0 Active:            63896 kB
Node 0 Inactive:          68988 kB
Node 0 Active(anon):      25444 kB
Node 0 Inactive(anon):      448 kB
Node 0 Active(file):      38452 kB
Node 0 Inactive(file):    68540 kB
Node 0 Unevictable:       12812 kB
Node 0 Mlocked:           12812 kB
Node 0 Dirty:               184 kB
Node 0 Writeback:             0 kB
Node 0 FilePages:        110092 kB
Node 0 Mapped:            56172 kB
Node 0 AnonPages:         35404 kB
Node 0 Shmem:               596 kB
Node 0 KernelStack:        3416 kB
Node 0 PageTables:          904 kB
Node 0 NFS_Unstable:          0 kB
Node 0 Bounce:                0 kB
Node 0 WritebackTmp:          0 kB
Node 0 KReclaimable:      22876 kB
Node 0 Slab:              61008 kB
Node 0 SReclaimable:      22876 kB
Node 0 SUnreclaim:        38132 kB
Node 0 AnonHugePages:         0 kB
Node 0 ShmemHugePages:        0 kB
Node 0 ShmemPmdMapped:        0 kB
Node 0 FileHugePages:        0 kB
Node 0 FilePmdMapped:        0 kB
Node 0 HugePages_Total:     0
Node 0 HugePages_Free:      0
Node 0 HugePages_Surp:      0

Node 1 MemTotal:       24686196 kB
Node 1 MemFree:        24426092 kB
Node 1 MemUsed:          260104 kB
Node 1 Active:            43720 kB
Node 1 Inactive:          70244 kB
Node 1 Active(anon):      10404 kB
Node 1 Inactive(anon):      436 kB
Node 1 Active(file):      33316 kB
Node 1 Inactive(file):    69808 kB
Node 1 Unevictable:        5712 kB
Node 1 Mlocked:            5712 kB
Node 1 Dirty:               196 kB
Node 1 Writeback:             0 kB
Node 1 FilePages:        109544 kB
Node 1 Mapped:            30488 kB
Node 1 AnonPages:         10168 kB
Node 1 Shmem:               672 kB
Node 1 KernelStack:        1448 kB
Node 1 PageTables:          520 kB
Node 1 NFS_Unstable:          0 kB
Node 1 Bounce:                0 kB
Node 1 WritebackTmp:          0 kB
Node 1 KReclaimable:      20296 kB
Node 1 Slab:              56496 kB
Node 1 SReclaimable:      20296 kB
Node 1 SUnreclaim:        36200 kB
Node 1 AnonHugePages:         0 kB
Node 1 ShmemHugePages:        0 kB
Node 1 ShmemPmdMapped:        0 kB
Node 1 FileHugePages:        0 kB
Node 1 FilePmdMapped:        0 kB
Node 1 HugePages_Total:     0
Node 1 HugePages_Free:      0
Node 1 HugePages_Surp:      0

After Test
Node 0 MemTotal:       24743736 kB
Node 0 MemFree:        23888164 kB
Node 0 MemUsed:          855572 kB
Node 0 Active:            62140 kB
Node 0 Inactive:          69928 kB
Node 0 Active(anon):      22604 kB
Node 0 Inactive(anon):      484 kB
Node 0 Active(file):      39536 kB
Node 0 Inactive(file):    69444 kB
Node 0 Unevictable:       12812 kB
Node 0 Mlocked:           12812 kB
Node 0 Dirty:               192 kB
Node 0 Writeback:             0 kB
Node 0 FilePages:        112104 kB
Node 0 Mapped:            56228 kB
Node 0 AnonPages:         32640 kB
Node 0 Shmem:               640 kB
Node 0 KernelStack:        3336 kB
Node 0 PageTables:          796 kB
Node 0 NFS_Unstable:          0 kB
Node 0 Bounce:                0 kB
Node 0 WritebackTmp:          0 kB
Node 0 KReclaimable:      24168 kB
Node 0 Slab:              65188 kB
Node 0 SReclaimable:      24168 kB
Node 0 SUnreclaim:        41020 kB
Node 0 AnonHugePages:         0 kB
Node 0 ShmemHugePages:        0 kB
Node 0 ShmemPmdMapped:        0 kB
Node 0 FileHugePages:        0 kB
Node 0 FilePmdMapped:        0 kB
Node 0 HugePages_Total:     0
Node 0 HugePages_Free:      0
Node 0 HugePages_Surp:      0

Node 1 MemTotal:       24686196 kB
Node 1 MemFree:        24313352 kB
Node 1 MemUsed:          372844 kB
Node 1 Active:            43792 kB
Node 1 Inactive:          70204 kB
Node 1 Active(anon):      10396 kB
Node 1 Inactive(anon):      436 kB
Node 1 Active(file):      33396 kB
Node 1 Inactive(file):    69768 kB
Node 1 Unevictable:        5712 kB
Node 1 Mlocked:            5712 kB
Node 1 Dirty:                88 kB
Node 1 Writeback:             0 kB
Node 1 FilePages:        109544 kB
Node 1 Mapped:            30260 kB
Node 1 AnonPages:         10160 kB
Node 1 Shmem:               672 kB
Node 1 KernelStack:        1432 kB
Node 1 PageTables:          520 kB
Node 1 NFS_Unstable:          0 kB
Node 1 Bounce:                0 kB
Node 1 WritebackTmp:          0 kB
Node 1 KReclaimable:      20344 kB
Node 1 Slab:              57128 kB
Node 1 SReclaimable:      20344 kB
Node 1 SUnreclaim:        36784 kB
Node 1 AnonHugePages:         0 kB
Node 1 ShmemHugePages:        0 kB
Node 1 ShmemPmdMapped:        0 kB
Node 1 FileHugePages:        0 kB
Node 1 FilePmdMapped:        0 kB
Node 1 HugePages_Total:     0
Node 1 HugePages_Free:      0
Node 1 HugePages_Surp:      0

After Opposite Node
Node 0 MemTotal:       24743736 kB
Node 0 MemFree:        23888636 kB
Node 0 MemUsed:          855100 kB
Node 0 Active:            62148 kB
Node 0 Inactive:          69704 kB
Node 0 Active(anon):      22408 kB
Node 0 Inactive(anon):      448 kB
Node 0 Active(file):      39740 kB
Node 0 Inactive(file):    69256 kB
Node 0 Unevictable:       12812 kB
Node 0 Mlocked:           12812 kB
Node 0 Dirty:               208 kB
Node 0 Writeback:             0 kB
Node 0 FilePages:        112076 kB
Node 0 Mapped:            56184 kB
Node 0 AnonPages:         32588 kB
Node 0 Shmem:               596 kB
Node 0 KernelStack:        3304 kB
Node 0 PageTables:          680 kB
Node 0 NFS_Unstable:          0 kB
Node 0 Bounce:                0 kB
Node 0 WritebackTmp:          0 kB
Node 0 KReclaimable:      24168 kB
Node 0 Slab:              65220 kB
Node 0 SReclaimable:      24168 kB
Node 0 SUnreclaim:        41052 kB
Node 0 AnonHugePages:         0 kB
Node 0 ShmemHugePages:        0 kB
Node 0 ShmemPmdMapped:        0 kB
Node 0 FileHugePages:        0 kB
Node 0 FilePmdMapped:        0 kB
Node 0 HugePages_Total:     0
Node 0 HugePages_Free:      0
Node 0 HugePages_Surp:      0

Node 1 MemTotal:       24686196 kB
Node 1 MemFree:        24311552 kB
Node 1 MemUsed:          374644 kB
Node 1 Active:            43980 kB
Node 1 Inactive:          70240 kB
Node 1 Active(anon):      10580 kB
Node 1 Inactive(anon):      464 kB
Node 1 Active(file):      33400 kB
Node 1 Inactive(file):    69776 kB
Node 1 Unevictable:        5712 kB
Node 1 Mlocked:            5712 kB
Node 1 Dirty:                96 kB
Node 1 Writeback:             0 kB
Node 1 FilePages:        109600 kB
Node 1 Mapped:            30304 kB
Node 1 AnonPages:         10292 kB
Node 1 Shmem:               716 kB
Node 1 KernelStack:        1480 kB
Node 1 PageTables:          692 kB
Node 1 NFS_Unstable:          0 kB
Node 1 Bounce:                0 kB
Node 1 WritebackTmp:          0 kB
Node 1 KReclaimable:      20384 kB
Node 1 Slab:              57336 kB
Node 1 SReclaimable:      20384 kB
Node 1 SUnreclaim:        36952 kB
Node 1 AnonHugePages:         0 kB
Node 1 ShmemHugePages:        0 kB
Node 1 ShmemPmdMapped:        0 kB
Node 1 FileHugePages:        0 kB
Node 1 FilePmdMapped:        0 kB
Node 1 HugePages_Total:     0
Node 1 HugePages_Free:      0
Node 1 HugePages_Surp:      0

U.0.fio.250M.2.O Complete!
