kernel.numa_balancing = 0
15 Tests Remaining!
U.0.fio.8G.3.O
Begin
Node 0 MemTotal:       24768352 kB
Node 0 MemFree:        24528540 kB
Node 0 MemUsed:          239812 kB
Node 0 Active:            26416 kB
Node 0 Inactive:          67376 kB
Node 0 Active(anon):      10384 kB
Node 0 Inactive(anon):      380 kB
Node 0 Active(file):      16032 kB
Node 0 Inactive(file):    66996 kB
Node 0 Unevictable:         468 kB
Node 0 Mlocked:             468 kB
Node 0 Dirty:               200 kB
Node 0 Writeback:             0 kB
Node 0 FilePages:         84088 kB
Node 0 Mapped:            18864 kB
Node 0 AnonPages:         10252 kB
Node 0 Shmem:               592 kB
Node 0 KernelStack:        2568 kB
Node 0 PageTables:          576 kB
Node 0 NFS_Unstable:          0 kB
Node 0 Bounce:                0 kB
Node 0 WritebackTmp:          0 kB
Node 0 KReclaimable:      21112 kB
Node 0 Slab:              58900 kB
Node 0 SReclaimable:      21112 kB
Node 0 SUnreclaim:        37788 kB
Node 0 AnonHugePages:         0 kB
Node 0 ShmemHugePages:        0 kB
Node 0 ShmemPmdMapped:        0 kB
Node 0 FileHugePages:        0 kB
Node 0 FilePmdMapped:        0 kB
Node 0 HugePages_Total:     0
Node 0 HugePages_Free:      0
Node 0 HugePages_Surp:      0

Node 1 MemTotal:       24661580 kB
Node 1 MemFree:        24230656 kB
Node 1 MemUsed:          430924 kB
Node 1 Active:            74080 kB
Node 1 Inactive:          74328 kB
Node 1 Active(anon):      23792 kB
Node 1 Inactive(anon):      492 kB
Node 1 Active(file):      50288 kB
Node 1 Inactive(file):    73836 kB
Node 1 Unevictable:       18056 kB
Node 1 Mlocked:           18056 kB
Node 1 Dirty:               348 kB
Node 1 Writeback:             0 kB
Node 1 FilePages:        132532 kB
Node 1 Mapped:            64908 kB
Node 1 AnonPages:         34112 kB
Node 1 Shmem:               676 kB
Node 1 KernelStack:        1176 kB
Node 1 PageTables:          852 kB
Node 1 NFS_Unstable:          0 kB
Node 1 Bounce:                0 kB
Node 1 WritebackTmp:          0 kB
Node 1 KReclaimable:      21908 kB
Node 1 Slab:              49980 kB
Node 1 SReclaimable:      21908 kB
Node 1 SUnreclaim:        28072 kB
Node 1 AnonHugePages:         0 kB
Node 1 ShmemHugePages:        0 kB
Node 1 ShmemPmdMapped:        0 kB
Node 1 FileHugePages:        0 kB
Node 1 FilePmdMapped:        0 kB
Node 1 HugePages_Total:     0
Node 1 HugePages_Free:      0
Node 1 HugePages_Surp:      0

Load ZFS
Node 0 MemTotal:       24768352 kB
Node 0 MemFree:        24523784 kB
Node 0 MemUsed:          244568 kB
Node 0 Active:            29724 kB
Node 0 Inactive:          67916 kB
Node 0 Active(anon):      13048 kB
Node 0 Inactive(anon):      380 kB
Node 0 Active(file):      16676 kB
Node 0 Inactive(file):    67536 kB
Node 0 Unevictable:         468 kB
Node 0 Mlocked:             468 kB
Node 0 Dirty:               252 kB
Node 0 Writeback:             0 kB
Node 0 FilePages:         85272 kB
Node 0 Mapped:            19024 kB
Node 0 AnonPages:         12940 kB
Node 0 Shmem:               592 kB
Node 0 KernelStack:        2440 kB
Node 0 PageTables:          552 kB
Node 0 NFS_Unstable:          0 kB
Node 0 Bounce:                0 kB
Node 0 WritebackTmp:          0 kB
Node 0 KReclaimable:      21584 kB
Node 0 Slab:              60648 kB
Node 0 SReclaimable:      21584 kB
Node 0 SUnreclaim:        39064 kB
Node 0 AnonHugePages:         0 kB
Node 0 ShmemHugePages:        0 kB
Node 0 ShmemPmdMapped:        0 kB
Node 0 FileHugePages:        0 kB
Node 0 FilePmdMapped:        0 kB
Node 0 HugePages_Total:     0
Node 0 HugePages_Free:      0
Node 0 HugePages_Surp:      0

Node 1 MemTotal:       24661580 kB
Node 1 MemFree:        24222116 kB
Node 1 MemUsed:          439464 kB
Node 1 Active:            83788 kB
Node 1 Inactive:          69784 kB
Node 1 Active(anon):      27736 kB
Node 1 Inactive(anon):      492 kB
Node 1 Active(file):      56052 kB
Node 1 Inactive(file):    69292 kB
Node 1 Unevictable:       18056 kB
Node 1 Mlocked:           18056 kB
Node 1 Dirty:               356 kB
Node 1 Writeback:             0 kB
Node 1 FilePages:        133744 kB
Node 1 Mapped:            64744 kB
Node 1 AnonPages:         37868 kB
Node 1 Shmem:               676 kB
Node 1 KernelStack:        1320 kB
Node 1 PageTables:         1120 kB
Node 1 NFS_Unstable:          0 kB
Node 1 Bounce:                0 kB
Node 1 WritebackTmp:          0 kB
Node 1 KReclaimable:      22108 kB
Node 1 Slab:              50956 kB
Node 1 SReclaimable:      22108 kB
Node 1 SUnreclaim:        28848 kB
Node 1 AnonHugePages:         0 kB
Node 1 ShmemHugePages:        0 kB
Node 1 ShmemPmdMapped:        0 kB
Node 1 FileHugePages:        0 kB
Node 1 FilePmdMapped:        0 kB
Node 1 HugePages_Total:     0
Node 1 HugePages_Free:      0
Node 1 HugePages_Surp:      0

Import tank ZPool
Node 0 MemTotal:       24768352 kB
Node 0 MemFree:        24509368 kB
Node 0 MemUsed:          258984 kB
Node 0 Active:            30528 kB
Node 0 Inactive:          67988 kB
Node 0 Active(anon):      13708 kB
Node 0 Inactive(anon):      380 kB
Node 0 Active(file):      16820 kB
Node 0 Inactive(file):    67608 kB
Node 0 Unevictable:         468 kB
Node 0 Mlocked:             468 kB
Node 0 Dirty:               176 kB
Node 0 Writeback:             0 kB
Node 0 FilePages:         85492 kB
Node 0 Mapped:            18940 kB
Node 0 AnonPages:         12848 kB
Node 0 Shmem:               592 kB
Node 0 KernelStack:        3528 kB
Node 0 PageTables:          624 kB
Node 0 NFS_Unstable:          0 kB
Node 0 Bounce:                0 kB
Node 0 WritebackTmp:          0 kB
Node 0 KReclaimable:      21592 kB
Node 0 Slab:              63096 kB
Node 0 SReclaimable:      21592 kB
Node 0 SUnreclaim:        41504 kB
Node 0 AnonHugePages:         0 kB
Node 0 ShmemHugePages:        0 kB
Node 0 ShmemPmdMapped:        0 kB
Node 0 FileHugePages:        0 kB
Node 0 FilePmdMapped:        0 kB
Node 0 HugePages_Total:     0
Node 0 HugePages_Free:      0
Node 0 HugePages_Surp:      0

Node 1 MemTotal:       24661580 kB
Node 1 MemFree:        24215340 kB
Node 1 MemUsed:          446240 kB
Node 1 Active:            84292 kB
Node 1 Inactive:          70908 kB
Node 1 Active(anon):      27848 kB
Node 1 Inactive(anon):      496 kB
Node 1 Active(file):      56444 kB
Node 1 Inactive(file):    70412 kB
Node 1 Unevictable:       18056 kB
Node 1 Mlocked:           18056 kB
Node 1 Dirty:               128 kB
Node 1 Writeback:             0 kB
Node 1 FilePages:        135272 kB
Node 1 Mapped:            64912 kB
Node 1 AnonPages:         38060 kB
Node 1 Shmem:               676 kB
Node 1 KernelStack:        1384 kB
Node 1 PageTables:         1144 kB
Node 1 NFS_Unstable:          0 kB
Node 1 Bounce:                0 kB
Node 1 WritebackTmp:          0 kB
Node 1 KReclaimable:      22264 kB
Node 1 Slab:              56632 kB
Node 1 SReclaimable:      22264 kB
Node 1 SUnreclaim:        34368 kB
Node 1 AnonHugePages:         0 kB
Node 1 ShmemHugePages:        0 kB
Node 1 ShmemPmdMapped:        0 kB
Node 1 FileHugePages:        0 kB
Node 1 FilePmdMapped:        0 kB
Node 1 HugePages_Total:     0
Node 1 HugePages_Free:      0
Node 1 HugePages_Surp:      0

After Test
Node 0 MemTotal:       24768352 kB
Node 0 MemFree:        15805832 kB
Node 0 MemUsed:         8962520 kB
Node 0 Active:            27628 kB
Node 0 Inactive:          69184 kB
Node 0 Active(anon):      10032 kB
Node 0 Inactive(anon):      412 kB
Node 0 Active(file):      17596 kB
Node 0 Inactive(file):    68772 kB
Node 0 Unevictable:         468 kB
Node 0 Mlocked:             468 kB
Node 0 Dirty:                 8 kB
Node 0 Writeback:             0 kB
Node 0 FilePages:         87468 kB
Node 0 Mapped:            19104 kB
Node 0 AnonPages:          9768 kB
Node 0 Shmem:               632 kB
Node 0 KernelStack:        3496 kB
Node 0 PageTables:          724 kB
Node 0 NFS_Unstable:          0 kB
Node 0 Bounce:                0 kB
Node 0 WritebackTmp:          0 kB
Node 0 KReclaimable:      22936 kB
Node 0 Slab:              96308 kB
Node 0 SReclaimable:      22936 kB
Node 0 SUnreclaim:        73372 kB
Node 0 AnonHugePages:         0 kB
Node 0 ShmemHugePages:        0 kB
Node 0 ShmemPmdMapped:        0 kB
Node 0 FileHugePages:        0 kB
Node 0 FilePmdMapped:        0 kB
Node 0 HugePages_Total:     0
Node 0 HugePages_Free:      0
Node 0 HugePages_Surp:      0

Node 1 MemTotal:       24661580 kB
Node 1 MemFree:        23678020 kB
Node 1 MemUsed:          983560 kB
Node 1 Active:            79840 kB
Node 1 Inactive:          70620 kB
Node 1 Active(anon):      22968 kB
Node 1 Inactive(anon):      500 kB
Node 1 Active(file):      56872 kB
Node 1 Inactive(file):    70120 kB
Node 1 Unevictable:       18056 kB
Node 1 Mlocked:           18056 kB
Node 1 Dirty:                 0 kB
Node 1 Writeback:             0 kB
Node 1 FilePages:        135404 kB
Node 1 Mapped:            64744 kB
Node 1 AnonPages:         33116 kB
Node 1 Shmem:               680 kB
Node 1 KernelStack:        1096 kB
Node 1 PageTables:          644 kB
Node 1 NFS_Unstable:          0 kB
Node 1 Bounce:                0 kB
Node 1 WritebackTmp:          0 kB
Node 1 KReclaimable:      22340 kB
Node 1 Slab:              58384 kB
Node 1 SReclaimable:      22340 kB
Node 1 SUnreclaim:        36044 kB
Node 1 AnonHugePages:         0 kB
Node 1 ShmemHugePages:        0 kB
Node 1 ShmemPmdMapped:        0 kB
Node 1 FileHugePages:        0 kB
Node 1 FilePmdMapped:        0 kB
Node 1 HugePages_Total:     0
Node 1 HugePages_Free:      0
Node 1 HugePages_Surp:      0

After Opposite Node
Node 0 MemTotal:       24768352 kB
Node 0 MemFree:        15812020 kB
Node 0 MemUsed:         8956332 kB
Node 0 Active:            27632 kB
Node 0 Inactive:          68976 kB
Node 0 Active(anon):       9856 kB
Node 0 Inactive(anon):      376 kB
Node 0 Active(file):      17776 kB
Node 0 Inactive(file):    68600 kB
Node 0 Unevictable:         468 kB
Node 0 Mlocked:             468 kB
Node 0 Dirty:                40 kB
Node 0 Writeback:             0 kB
Node 0 FilePages:         87432 kB
Node 0 Mapped:            19100 kB
Node 0 AnonPages:          9644 kB
Node 0 Shmem:               588 kB
Node 0 KernelStack:        3464 kB
Node 0 PageTables:          552 kB
Node 0 NFS_Unstable:          0 kB
Node 0 Bounce:                0 kB
Node 0 WritebackTmp:          0 kB
Node 0 KReclaimable:      22936 kB
Node 0 Slab:              95684 kB
Node 0 SReclaimable:      22936 kB
Node 0 SUnreclaim:        72748 kB
Node 0 AnonHugePages:         0 kB
Node 0 ShmemHugePages:        0 kB
Node 0 ShmemPmdMapped:        0 kB
Node 0 FileHugePages:        0 kB
Node 0 FilePmdMapped:        0 kB
Node 0 HugePages_Total:     0
Node 0 HugePages_Free:      0
Node 0 HugePages_Surp:      0

Node 1 MemTotal:       24661580 kB
Node 1 MemFree:        23675300 kB
Node 1 MemUsed:          986280 kB
Node 1 Active:            80136 kB
Node 1 Inactive:          70656 kB
Node 1 Active(anon):      23192 kB
Node 1 Inactive(anon):      544 kB
Node 1 Active(file):      56944 kB
Node 1 Inactive(file):    70112 kB
Node 1 Unevictable:       18056 kB
Node 1 Mlocked:           18056 kB
Node 1 Dirty:                44 kB
Node 1 Writeback:             0 kB
Node 1 FilePages:        135504 kB
Node 1 Mapped:            64788 kB
Node 1 AnonPages:         33256 kB
Node 1 Shmem:               724 kB
Node 1 KernelStack:        1128 kB
Node 1 PageTables:          816 kB
Node 1 NFS_Unstable:          0 kB
Node 1 Bounce:                0 kB
Node 1 WritebackTmp:          0 kB
Node 1 KReclaimable:      22380 kB
Node 1 Slab:              60096 kB
Node 1 SReclaimable:      22380 kB
Node 1 SUnreclaim:        37716 kB
Node 1 AnonHugePages:         0 kB
Node 1 ShmemHugePages:        0 kB
Node 1 ShmemPmdMapped:        0 kB
Node 1 FileHugePages:        0 kB
Node 1 FilePmdMapped:        0 kB
Node 1 HugePages_Total:     0
Node 1 HugePages_Free:      0
Node 1 HugePages_Surp:      0

U.0.fio.8G.3.O Complete!
