kernel.numa_balancing = 0
U.0.fio.4G.3.O
Begin
Node 0 MemTotal:       24768352 kB
Node 0 MemFree:        24373780 kB
Node 0 MemUsed:          394572 kB
Node 0 Active:            62632 kB
Node 0 Inactive:          35856 kB
Node 0 Active(anon):      15960 kB
Node 0 Inactive(anon):      452 kB
Node 0 Active(file):      46672 kB
Node 0 Inactive(file):    35404 kB
Node 0 Unevictable:        4860 kB
Node 0 Mlocked:            4860 kB
Node 0 Dirty:                52 kB
Node 0 Writeback:             0 kB
Node 0 FilePages:         87656 kB
Node 0 Mapped:            35100 kB
Node 0 AnonPages:         15728 kB
Node 0 Shmem:               724 kB
Node 0 KernelStack:        2360 kB
Node 0 PageTables:          780 kB
Node 0 NFS_Unstable:          0 kB
Node 0 Bounce:                0 kB
Node 0 WritebackTmp:          0 kB
Node 0 KReclaimable:      26128 kB
Node 0 Slab:              66524 kB
Node 0 SReclaimable:      26128 kB
Node 0 SUnreclaim:        40396 kB
Node 0 AnonHugePages:         0 kB
Node 0 ShmemHugePages:        0 kB
Node 0 ShmemPmdMapped:        0 kB
Node 0 FileHugePages:        0 kB
Node 0 FilePmdMapped:        0 kB
Node 0 HugePages_Total:     0
Node 0 HugePages_Free:      0
Node 0 HugePages_Surp:      0

Node 1 MemTotal:       24661580 kB
Node 1 MemFree:        24402968 kB
Node 1 MemUsed:          258612 kB
Node 1 Active:            32820 kB
Node 1 Inactive:          98780 kB
Node 1 Active(anon):      17440 kB
Node 1 Inactive(anon):      424 kB
Node 1 Active(file):      15380 kB
Node 1 Inactive(file):    98356 kB
Node 1 Unevictable:       13660 kB
Node 1 Mlocked:           13660 kB
Node 1 Dirty:               464 kB
Node 1 Writeback:             0 kB
Node 1 FilePages:        117648 kB
Node 1 Mapped:            43592 kB
Node 1 AnonPages:         27700 kB
Node 1 Shmem:               544 kB
Node 1 KernelStack:        1272 kB
Node 1 PageTables:          444 kB
Node 1 NFS_Unstable:          0 kB
Node 1 Bounce:                0 kB
Node 1 WritebackTmp:          0 kB
Node 1 KReclaimable:      15520 kB
Node 1 Slab:              37936 kB
Node 1 SReclaimable:      15520 kB
Node 1 SUnreclaim:        22416 kB
Node 1 AnonHugePages:         0 kB
Node 1 ShmemHugePages:        0 kB
Node 1 ShmemPmdMapped:        0 kB
Node 1 FileHugePages:        0 kB
Node 1 FilePmdMapped:        0 kB
Node 1 HugePages_Total:     0
Node 1 HugePages_Free:      0
Node 1 HugePages_Surp:      0

Load ZFS
Node 0 MemTotal:       24768352 kB
Node 0 MemFree:        24508712 kB
Node 0 MemUsed:          259640 kB
Node 0 Active:            68260 kB
Node 0 Inactive:          31052 kB
Node 0 Active(anon):      16476 kB
Node 0 Inactive(anon):      452 kB
Node 0 Active(file):      51784 kB
Node 0 Inactive(file):    30600 kB
Node 0 Unevictable:        4860 kB
Node 0 Mlocked:            4860 kB
Node 0 Dirty:               116 kB
Node 0 Writeback:             0 kB
Node 0 FilePages:         87968 kB
Node 0 Mapped:            35260 kB
Node 0 AnonPages:         16212 kB
Node 0 Shmem:               724 kB
Node 0 KernelStack:        2344 kB
Node 0 PageTables:          780 kB
Node 0 NFS_Unstable:          0 kB
Node 0 Bounce:                0 kB
Node 0 WritebackTmp:          0 kB
Node 0 KReclaimable:      26520 kB
Node 0 Slab:              67952 kB
Node 0 SReclaimable:      26520 kB
Node 0 SUnreclaim:        41432 kB
Node 0 AnonHugePages:         0 kB
Node 0 ShmemHugePages:        0 kB
Node 0 ShmemPmdMapped:        0 kB
Node 0 FileHugePages:        0 kB
Node 0 FilePmdMapped:        0 kB
Node 0 HugePages_Total:     0
Node 0 HugePages_Free:      0
Node 0 HugePages_Surp:      0

Node 1 MemTotal:       24661580 kB
Node 1 MemFree:        24259124 kB
Node 1 MemUsed:          402456 kB
Node 1 Active:            35940 kB
Node 1 Inactive:          99524 kB
Node 1 Active(anon):      19088 kB
Node 1 Inactive(anon):      424 kB
Node 1 Active(file):      16852 kB
Node 1 Inactive(file):    99100 kB
Node 1 Unevictable:       13660 kB
Node 1 Mlocked:           13660 kB
Node 1 Dirty:               248 kB
Node 1 Writeback:             0 kB
Node 1 FilePages:        119832 kB
Node 1 Mapped:            43720 kB
Node 1 AnonPages:         29268 kB
Node 1 Shmem:               544 kB
Node 1 KernelStack:        1352 kB
Node 1 PageTables:          652 kB
Node 1 NFS_Unstable:          0 kB
Node 1 Bounce:                0 kB
Node 1 WritebackTmp:          0 kB
Node 1 KReclaimable:      15952 kB
Node 1 Slab:              40584 kB
Node 1 SReclaimable:      15952 kB
Node 1 SUnreclaim:        24632 kB
Node 1 AnonHugePages:         0 kB
Node 1 ShmemHugePages:        0 kB
Node 1 ShmemPmdMapped:        0 kB
Node 1 FileHugePages:        0 kB
Node 1 FilePmdMapped:        0 kB
Node 1 HugePages_Total:     0
Node 1 HugePages_Free:      0
Node 1 HugePages_Surp:      0

Import tank ZPool
Node 0 MemTotal:       24768352 kB
Node 0 MemFree:        24492648 kB
Node 0 MemUsed:          275704 kB
Node 0 Active:            67812 kB
Node 0 Inactive:          31008 kB
Node 0 Active(anon):      15984 kB
Node 0 Inactive(anon):      452 kB
Node 0 Active(file):      51828 kB
Node 0 Inactive(file):    30556 kB
Node 0 Unevictable:        4860 kB
Node 0 Mlocked:            4860 kB
Node 0 Dirty:               152 kB
Node 0 Writeback:             0 kB
Node 0 FilePages:         87996 kB
Node 0 Mapped:            35352 kB
Node 0 AnonPages:         15716 kB
Node 0 Shmem:               720 kB
Node 0 KernelStack:        3464 kB
Node 0 PageTables:          780 kB
Node 0 NFS_Unstable:          0 kB
Node 0 Bounce:                0 kB
Node 0 WritebackTmp:          0 kB
Node 0 KReclaimable:      26524 kB
Node 0 Slab:              70576 kB
Node 0 SReclaimable:      26524 kB
Node 0 SUnreclaim:        44052 kB
Node 0 AnonHugePages:         0 kB
Node 0 ShmemHugePages:        0 kB
Node 0 ShmemPmdMapped:        0 kB
Node 0 FileHugePages:        0 kB
Node 0 FilePmdMapped:        0 kB
Node 0 HugePages_Total:     0
Node 0 HugePages_Free:      0
Node 0 HugePages_Surp:      0

Node 1 MemTotal:       24661580 kB
Node 1 MemFree:        24253252 kB
Node 1 MemUsed:          408328 kB
Node 1 Active:            34964 kB
Node 1 Inactive:         100472 kB
Node 1 Active(anon):      17360 kB
Node 1 Inactive(anon):      428 kB
Node 1 Active(file):      17604 kB
Node 1 Inactive(file):   100044 kB
Node 1 Unevictable:       13660 kB
Node 1 Mlocked:           13660 kB
Node 1 Dirty:               160 kB
Node 1 Writeback:             0 kB
Node 1 FilePages:        121552 kB
Node 1 Mapped:            44000 kB
Node 1 AnonPages:         27244 kB
Node 1 Shmem:               548 kB
Node 1 KernelStack:        1320 kB
Node 1 PageTables:          540 kB
Node 1 NFS_Unstable:          0 kB
Node 1 Bounce:                0 kB
Node 1 WritebackTmp:          0 kB
Node 1 KReclaimable:      16084 kB
Node 1 Slab:              45700 kB
Node 1 SReclaimable:      16084 kB
Node 1 SUnreclaim:        29616 kB
Node 1 AnonHugePages:         0 kB
Node 1 ShmemHugePages:        0 kB
Node 1 ShmemPmdMapped:        0 kB
Node 1 FileHugePages:        0 kB
Node 1 FilePmdMapped:        0 kB
Node 1 HugePages_Total:     0
Node 1 HugePages_Free:      0
Node 1 HugePages_Surp:      0

After Test
Node 0 MemTotal:       24768352 kB
Node 0 MemFree:        20123784 kB
Node 0 MemUsed:         4644568 kB
Node 0 Active:            68880 kB
Node 0 Inactive:          32164 kB
Node 0 Active(anon):      16184 kB
Node 0 Inactive(anon):      476 kB
Node 0 Active(file):      52696 kB
Node 0 Inactive(file):    31688 kB
Node 0 Unevictable:        4860 kB
Node 0 Mlocked:            4860 kB
Node 0 Dirty:                44 kB
Node 0 Writeback:             0 kB
Node 0 FilePages:         90000 kB
Node 0 Mapped:            35360 kB
Node 0 AnonPages:         15872 kB
Node 0 Shmem:               760 kB
Node 0 KernelStack:        3464 kB
Node 0 PageTables:          956 kB
Node 0 NFS_Unstable:          0 kB
Node 0 Bounce:                0 kB
Node 0 WritebackTmp:          0 kB
Node 0 KReclaimable:      27940 kB
Node 0 Slab:              90368 kB
Node 0 SReclaimable:      27940 kB
Node 0 SUnreclaim:        62428 kB
Node 0 AnonHugePages:         0 kB
Node 0 ShmemHugePages:        0 kB
Node 0 ShmemPmdMapped:        0 kB
Node 0 FileHugePages:        0 kB
Node 0 FilePmdMapped:        0 kB
Node 0 HugePages_Total:     0
Node 0 HugePages_Free:      0
Node 0 HugePages_Surp:      0

Node 1 MemTotal:       24661580 kB
Node 1 MemFree:        23581600 kB
Node 1 MemUsed:         1079980 kB
Node 1 Active:            34436 kB
Node 1 Inactive:         100492 kB
Node 1 Active(anon):      16776 kB
Node 1 Inactive(anon):      432 kB
Node 1 Active(file):      17660 kB
Node 1 Inactive(file):   100060 kB
Node 1 Unevictable:       13660 kB
Node 1 Mlocked:           13660 kB
Node 1 Dirty:                 8 kB
Node 1 Writeback:             0 kB
Node 1 FilePages:        121616 kB
Node 1 Mapped:            43724 kB
Node 1 AnonPages:         26980 kB
Node 1 Shmem:               552 kB
Node 1 KernelStack:        1208 kB
Node 1 PageTables:          428 kB
Node 1 NFS_Unstable:          0 kB
Node 1 Bounce:                0 kB
Node 1 WritebackTmp:          0 kB
Node 1 KReclaimable:      16160 kB
Node 1 Slab:              47532 kB
Node 1 SReclaimable:      16160 kB
Node 1 SUnreclaim:        31372 kB
Node 1 AnonHugePages:         0 kB
Node 1 ShmemHugePages:        0 kB
Node 1 ShmemPmdMapped:        0 kB
Node 1 FileHugePages:        0 kB
Node 1 FilePmdMapped:        0 kB
Node 1 HugePages_Total:     0
Node 1 HugePages_Free:      0
Node 1 HugePages_Surp:      0

After Opposite Node
Node 0 MemTotal:       24768352 kB
Node 0 MemFree:        20127592 kB
Node 0 MemUsed:         4640760 kB
Node 0 Active:            68864 kB
Node 0 Inactive:          31972 kB
Node 0 Active(anon):      15996 kB
Node 0 Inactive(anon):      448 kB
Node 0 Active(file):      52868 kB
Node 0 Inactive(file):    31524 kB
Node 0 Unevictable:        4860 kB
Node 0 Mlocked:            4860 kB
Node 0 Dirty:                56 kB
Node 0 Writeback:             0 kB
Node 0 FilePages:         89964 kB
Node 0 Mapped:            35312 kB
Node 0 AnonPages:         15728 kB
Node 0 Shmem:               716 kB
Node 0 KernelStack:        3416 kB
Node 0 PageTables:          780 kB
Node 0 NFS_Unstable:          0 kB
Node 0 Bounce:                0 kB
Node 0 WritebackTmp:          0 kB
Node 0 KReclaimable:      27940 kB
Node 0 Slab:              90172 kB
Node 0 SReclaimable:      27940 kB
Node 0 SUnreclaim:        62232 kB
Node 0 AnonHugePages:         0 kB
Node 0 ShmemHugePages:        0 kB
Node 0 ShmemPmdMapped:        0 kB
Node 0 FileHugePages:        0 kB
Node 0 FilePmdMapped:        0 kB
Node 0 HugePages_Total:     0
Node 0 HugePages_Free:      0
Node 0 HugePages_Surp:      0

Node 1 MemTotal:       24661580 kB
Node 1 MemFree:        23580576 kB
Node 1 MemUsed:         1081004 kB
Node 1 Active:            34644 kB
Node 1 Inactive:         100508 kB
Node 1 Active(anon):      16940 kB
Node 1 Inactive(anon):      456 kB
Node 1 Active(file):      17704 kB
Node 1 Inactive(file):   100052 kB
Node 1 Unevictable:       13660 kB
Node 1 Mlocked:           13660 kB
Node 1 Dirty:                32 kB
Node 1 Writeback:             0 kB
Node 1 FilePages:        121696 kB
Node 1 Mapped:            43768 kB
Node 1 AnonPages:         27044 kB
Node 1 Shmem:               596 kB
Node 1 KernelStack:        1240 kB
Node 1 PageTables:          548 kB
Node 1 NFS_Unstable:          0 kB
Node 1 Bounce:                0 kB
Node 1 WritebackTmp:          0 kB
Node 1 KReclaimable:      16200 kB
Node 1 Slab:              48664 kB
Node 1 SReclaimable:      16200 kB
Node 1 SUnreclaim:        32464 kB
Node 1 AnonHugePages:         0 kB
Node 1 ShmemHugePages:        0 kB
Node 1 ShmemPmdMapped:        0 kB
Node 1 FileHugePages:        0 kB
Node 1 FilePmdMapped:        0 kB
Node 1 HugePages_Total:     0
Node 1 HugePages_Free:      0
Node 1 HugePages_Surp:      0

U.0.fio.4G.3.O Complete!
