kernel.numa_balancing = 0
B.0.fio.500M.3.O
Begin
Node 0 MemTotal:       24743736 kB
Node 0 MemFree:        24483632 kB
Node 0 MemUsed:          260104 kB
Node 0 Active:            44528 kB
Node 0 Inactive:          78316 kB
Node 0 Active(anon):      17548 kB
Node 0 Inactive(anon):      568 kB
Node 0 Active(file):      26980 kB
Node 0 Inactive(file):    77748 kB
Node 0 Unevictable:        5784 kB
Node 0 Mlocked:            5784 kB
Node 0 Dirty:               480 kB
Node 0 Writeback:             0 kB
Node 0 FilePages:        111336 kB
Node 0 Mapped:            41660 kB
Node 0 AnonPages:         17352 kB
Node 0 Shmem:               780 kB
Node 0 KernelStack:        2200 kB
Node 0 PageTables:          632 kB
Node 0 NFS_Unstable:          0 kB
Node 0 Bounce:                0 kB
Node 0 WritebackTmp:          0 kB
Node 0 KReclaimable:      17364 kB
Node 0 Slab:              49612 kB
Node 0 SReclaimable:      17364 kB
Node 0 SUnreclaim:        32248 kB
Node 0 AnonHugePages:         0 kB
Node 0 ShmemHugePages:        0 kB
Node 0 ShmemPmdMapped:        0 kB
Node 0 FileHugePages:        0 kB
Node 0 FilePmdMapped:        0 kB
Node 0 HugePages_Total:     0
Node 0 HugePages_Free:      0
Node 0 HugePages_Surp:      0

Node 1 MemTotal:       24686196 kB
Node 1 MemFree:        24319888 kB
Node 1 MemUsed:          366308 kB
Node 1 Active:            51696 kB
Node 1 Inactive:          28496 kB
Node 1 Active(anon):      16280 kB
Node 1 Inactive(anon):      300 kB
Node 1 Active(file):      35416 kB
Node 1 Inactive(file):    28196 kB
Node 1 Unevictable:       12740 kB
Node 1 Mlocked:           12740 kB
Node 1 Dirty:                40 kB
Node 1 Writeback:             0 kB
Node 1 FilePages:         66512 kB
Node 1 Mapped:            17588 kB
Node 1 AnonPages:         26424 kB
Node 1 Shmem:               488 kB
Node 1 KernelStack:        1400 kB
Node 1 PageTables:          484 kB
Node 1 NFS_Unstable:          0 kB
Node 1 Bounce:                0 kB
Node 1 WritebackTmp:          0 kB
Node 1 KReclaimable:      24536 kB
Node 1 Slab:              55488 kB
Node 1 SReclaimable:      24536 kB
Node 1 SUnreclaim:        30952 kB
Node 1 AnonHugePages:         0 kB
Node 1 ShmemHugePages:        0 kB
Node 1 ShmemPmdMapped:        0 kB
Node 1 FileHugePages:        0 kB
Node 1 FilePmdMapped:        0 kB
Node 1 HugePages_Total:     0
Node 1 HugePages_Free:      0
Node 1 HugePages_Surp:      0

Load ZFS
Node 0 MemTotal:       24743736 kB
Node 0 MemFree:        24452196 kB
Node 0 MemUsed:          291540 kB
Node 0 Active:            62764 kB
Node 0 Inactive:          82452 kB
Node 0 Active(anon):      34416 kB
Node 0 Inactive(anon):      480 kB
Node 0 Active(file):      28348 kB
Node 0 Inactive(file):    81972 kB
Node 0 Unevictable:        5784 kB
Node 0 Mlocked:            5784 kB
Node 0 Dirty:               556 kB
Node 0 Writeback:             0 kB
Node 0 FilePages:        116752 kB
Node 0 Mapped:            44288 kB
Node 0 AnonPages:         34548 kB
Node 0 Shmem:               648 kB
Node 0 KernelStack:        2884 kB
Node 0 PageTables:         1700 kB
Node 0 NFS_Unstable:          0 kB
Node 0 Bounce:                0 kB
Node 0 WritebackTmp:          0 kB
Node 0 KReclaimable:      18040 kB
Node 0 Slab:              53448 kB
Node 0 SReclaimable:      18040 kB
Node 0 SUnreclaim:        35408 kB
Node 0 AnonHugePages:         0 kB
Node 0 ShmemHugePages:        0 kB
Node 0 ShmemPmdMapped:        0 kB
Node 0 FileHugePages:        0 kB
Node 0 FilePmdMapped:        0 kB
Node 0 HugePages_Total:     0
Node 0 HugePages_Free:      0
Node 0 HugePages_Surp:      0

Node 1 MemTotal:       24686196 kB
Node 1 MemFree:        24203872 kB
Node 1 MemUsed:          482324 kB
Node 1 Active:            63360 kB
Node 1 Inactive:         127988 kB
Node 1 Active(anon):      26856 kB
Node 1 Inactive(anon):      452 kB
Node 1 Active(file):      36504 kB
Node 1 Inactive(file):   127536 kB
Node 1 Unevictable:       12940 kB
Node 1 Mlocked:           12940 kB
Node 1 Dirty:                56 kB
Node 1 Writeback:             0 kB
Node 1 FilePages:        167072 kB
Node 1 Mapped:            19940 kB
Node 1 AnonPages:         36564 kB
Node 1 Shmem:               620 kB
Node 1 KernelStack:        1504 kB
Node 1 PageTables:          380 kB
Node 1 NFS_Unstable:          0 kB
Node 1 Bounce:                0 kB
Node 1 WritebackTmp:          0 kB
Node 1 KReclaimable:      25396 kB
Node 1 Slab:              59152 kB
Node 1 SReclaimable:      25396 kB
Node 1 SUnreclaim:        33756 kB
Node 1 AnonHugePages:         0 kB
Node 1 ShmemHugePages:        0 kB
Node 1 ShmemPmdMapped:        0 kB
Node 1 FileHugePages:        0 kB
Node 1 FilePmdMapped:        0 kB
Node 1 HugePages_Total:     0
Node 1 HugePages_Free:      0
Node 1 HugePages_Surp:      0

Import tank ZPool
Node 0 MemTotal:       24743736 kB
Node 0 MemFree:        24454740 kB
Node 0 MemUsed:          288996 kB
Node 0 Active:            46676 kB
Node 0 Inactive:          83232 kB
Node 0 Active(anon):      17496 kB
Node 0 Inactive(anon):      492 kB
Node 0 Active(file):      29180 kB
Node 0 Inactive(file):    82740 kB
Node 0 Unevictable:        5784 kB
Node 0 Mlocked:            5784 kB
Node 0 Dirty:                32 kB
Node 0 Writeback:             0 kB
Node 0 FilePages:        118376 kB
Node 0 Mapped:            42048 kB
Node 0 AnonPages:         16684 kB
Node 0 Shmem:               644 kB
Node 0 KernelStack:        3500 kB
Node 0 PageTables:         1076 kB
Node 0 NFS_Unstable:          0 kB
Node 0 Bounce:                0 kB
Node 0 WritebackTmp:          0 kB
Node 0 KReclaimable:      18152 kB
Node 0 Slab:              59360 kB
Node 0 SReclaimable:      18152 kB
Node 0 SUnreclaim:        41208 kB
Node 0 AnonHugePages:         0 kB
Node 0 ShmemHugePages:        0 kB
Node 0 ShmemPmdMapped:        0 kB
Node 0 FileHugePages:        0 kB
Node 0 FilePmdMapped:        0 kB
Node 0 HugePages_Total:     0
Node 0 HugePages_Free:      0
Node 0 HugePages_Surp:      0

Node 1 MemTotal:       24686196 kB
Node 1 MemFree:        24213396 kB
Node 1 MemUsed:          472800 kB
Node 1 Active:            53852 kB
Node 1 Inactive:         127620 kB
Node 1 Active(anon):      16976 kB
Node 1 Inactive(anon):      456 kB
Node 1 Active(file):      36876 kB
Node 1 Inactive(file):   127164 kB
Node 1 Unevictable:       12972 kB
Node 1 Mlocked:           12972 kB
Node 1 Dirty:                24 kB
Node 1 Writeback:             0 kB
Node 1 FilePages:        167076 kB
Node 1 Mapped:            17980 kB
Node 1 AnonPages:         27236 kB
Node 1 Shmem:               624 kB
Node 1 KernelStack:        1304 kB
Node 1 PageTables:          604 kB
Node 1 NFS_Unstable:          0 kB
Node 1 Bounce:                0 kB
Node 1 WritebackTmp:          0 kB
Node 1 KReclaimable:      25396 kB
Node 1 Slab:              58984 kB
Node 1 SReclaimable:      25396 kB
Node 1 SUnreclaim:        33588 kB
Node 1 AnonHugePages:         0 kB
Node 1 ShmemHugePages:        0 kB
Node 1 ShmemPmdMapped:        0 kB
Node 1 FileHugePages:        0 kB
Node 1 FilePmdMapped:        0 kB
Node 1 HugePages_Total:     0
Node 1 HugePages_Free:      0
Node 1 HugePages_Surp:      0

After Test
Node 0 MemTotal:       24743736 kB
Node 0 MemFree:        23560928 kB
Node 0 MemUsed:         1182808 kB
Node 0 Active:            46972 kB
Node 0 Inactive:          84416 kB
Node 0 Active(anon):      16936 kB
Node 0 Inactive(anon):      524 kB
Node 0 Active(file):      30036 kB
Node 0 Inactive(file):    83892 kB
Node 0 Unevictable:        5784 kB
Node 0 Mlocked:            5784 kB
Node 0 Dirty:                36 kB
Node 0 Writeback:             0 kB
Node 0 FilePages:        120396 kB
Node 0 Mapped:            42036 kB
Node 0 AnonPages:         16636 kB
Node 0 Shmem:               688 kB
Node 0 KernelStack:        3384 kB
Node 0 PageTables:          688 kB
Node 0 NFS_Unstable:          0 kB
Node 0 Bounce:                0 kB
Node 0 WritebackTmp:          0 kB
Node 0 KReclaimable:      19452 kB
Node 0 Slab:              65916 kB
Node 0 SReclaimable:      19452 kB
Node 0 SUnreclaim:        46464 kB
Node 0 AnonHugePages:         0 kB
Node 0 ShmemHugePages:        0 kB
Node 0 ShmemPmdMapped:        0 kB
Node 0 FileHugePages:        0 kB
Node 0 FilePmdMapped:        0 kB
Node 0 HugePages_Total:     0
Node 0 HugePages_Free:      0
Node 0 HugePages_Surp:      0

Node 1 MemTotal:       24686196 kB
Node 1 MemFree:        24044052 kB
Node 1 MemUsed:          642144 kB
Node 1 Active:            53256 kB
Node 1 Inactive:         127616 kB
Node 1 Active(anon):      16380 kB
Node 1 Inactive(anon):      452 kB
Node 1 Active(file):      36876 kB
Node 1 Inactive(file):   127164 kB
Node 1 Unevictable:       12972 kB
Node 1 Mlocked:           12972 kB
Node 1 Dirty:                 4 kB
Node 1 Writeback:             0 kB
Node 1 FilePages:        167076 kB
Node 1 Mapped:            17588 kB
Node 1 AnonPages:         26768 kB
Node 1 Shmem:               624 kB
Node 1 KernelStack:        1304 kB
Node 1 PageTables:          488 kB
Node 1 NFS_Unstable:          0 kB
Node 1 Bounce:                0 kB
Node 1 WritebackTmp:          0 kB
Node 1 KReclaimable:      25452 kB
Node 1 Slab:              59868 kB
Node 1 SReclaimable:      25452 kB
Node 1 SUnreclaim:        34416 kB
Node 1 AnonHugePages:         0 kB
Node 1 ShmemHugePages:        0 kB
Node 1 ShmemPmdMapped:        0 kB
Node 1 FileHugePages:        0 kB
Node 1 FilePmdMapped:        0 kB
Node 1 HugePages_Total:     0
Node 1 HugePages_Free:      0
Node 1 HugePages_Surp:      0

After Opposite Node
Node 0 MemTotal:       24743736 kB
Node 0 MemFree:        23561400 kB
Node 0 MemUsed:         1182336 kB
Node 0 Active:            46976 kB
Node 0 Inactive:          84204 kB
Node 0 Active(anon):      16748 kB
Node 0 Inactive(anon):      488 kB
Node 0 Active(file):      30228 kB
Node 0 Inactive(file):    83716 kB
Node 0 Unevictable:        5784 kB
Node 0 Mlocked:            5784 kB
Node 0 Dirty:                56 kB
Node 0 Writeback:             0 kB
Node 0 FilePages:        120368 kB
Node 0 Mapped:            42004 kB
Node 0 AnonPages:         16592 kB
Node 0 Shmem:               644 kB
Node 0 KernelStack:        3368 kB
Node 0 PageTables:          568 kB
Node 0 NFS_Unstable:          0 kB
Node 0 Bounce:                0 kB
Node 0 WritebackTmp:          0 kB
Node 0 KReclaimable:      19452 kB
Node 0 Slab:              65916 kB
Node 0 SReclaimable:      19452 kB
Node 0 SUnreclaim:        46464 kB
Node 0 AnonHugePages:         0 kB
Node 0 ShmemHugePages:        0 kB
Node 0 ShmemPmdMapped:        0 kB
Node 0 FileHugePages:        0 kB
Node 0 FilePmdMapped:        0 kB
Node 0 HugePages_Total:     0
Node 0 HugePages_Free:      0
Node 0 HugePages_Surp:      0

Node 1 MemTotal:       24686196 kB
Node 1 MemFree:        24043512 kB
Node 1 MemUsed:          642684 kB
Node 1 Active:            53400 kB
Node 1 Inactive:         127652 kB
Node 1 Active(anon):      16520 kB
Node 1 Inactive(anon):      480 kB
Node 1 Active(file):      36880 kB
Node 1 Inactive(file):   127172 kB
Node 1 Unevictable:       12972 kB
Node 1 Mlocked:           12972 kB
Node 1 Dirty:                12 kB
Node 1 Writeback:             0 kB
Node 1 FilePages:        167132 kB
Node 1 Mapped:            17632 kB
Node 1 AnonPages:         26840 kB
Node 1 Shmem:               668 kB
Node 1 KernelStack:        1384 kB
Node 1 PageTables:          656 kB
Node 1 NFS_Unstable:          0 kB
Node 1 Bounce:                0 kB
Node 1 WritebackTmp:          0 kB
Node 1 KReclaimable:      25504 kB
Node 1 Slab:              60040 kB
Node 1 SReclaimable:      25504 kB
Node 1 SUnreclaim:        34536 kB
Node 1 AnonHugePages:         0 kB
Node 1 ShmemHugePages:        0 kB
Node 1 ShmemPmdMapped:        0 kB
Node 1 FileHugePages:        0 kB
Node 1 FilePmdMapped:        0 kB
Node 1 HugePages_Total:     0
Node 1 HugePages_Free:      0
Node 1 HugePages_Surp:      0

B.0.fio.500M.3.O Complete!
