kernel.numa_balancing = 0
U.1.simpleread.2-1G.3.O.1M
Begin
Node 0 MemTotal:       24768352 kB
Node 0 MemFree:        24411292 kB
Node 0 MemUsed:          357060 kB
Node 0 Active:            39812 kB
Node 0 Inactive:          38368 kB
Node 0 Active(anon):      13240 kB
Node 0 Inactive(anon):      288 kB
Node 0 Active(file):      26572 kB
Node 0 Inactive(file):    38080 kB
Node 0 Unevictable:       12492 kB
Node 0 Mlocked:           12492 kB
Node 0 Dirty:                24 kB
Node 0 Writeback:             0 kB
Node 0 FilePages:         67280 kB
Node 0 Mapped:            11204 kB
Node 0 AnonPages:         23416 kB
Node 0 Shmem:               464 kB
Node 0 KernelStack:        1960 kB
Node 0 PageTables:          400 kB
Node 0 NFS_Unstable:          0 kB
Node 0 Bounce:                0 kB
Node 0 WritebackTmp:          0 kB
Node 0 KReclaimable:      21372 kB
Node 0 Slab:              46828 kB
Node 0 SReclaimable:      21372 kB
Node 0 SUnreclaim:        25456 kB
Node 0 AnonHugePages:         0 kB
Node 0 ShmemHugePages:        0 kB
Node 0 ShmemPmdMapped:        0 kB
Node 0 FileHugePages:        0 kB
Node 0 FilePmdMapped:        0 kB
Node 0 HugePages_Total:     0
Node 0 HugePages_Free:      0
Node 0 HugePages_Surp:      0

Node 1 MemTotal:       24661580 kB
Node 1 MemFree:        24363472 kB
Node 1 MemUsed:          298108 kB
Node 1 Active:            55736 kB
Node 1 Inactive:          98256 kB
Node 1 Active(anon):      20392 kB
Node 1 Inactive(anon):      592 kB
Node 1 Active(file):      35344 kB
Node 1 Inactive(file):    97664 kB
Node 1 Unevictable:        6032 kB
Node 1 Mlocked:            6032 kB
Node 1 Dirty:               220 kB
Node 1 Writeback:             0 kB
Node 1 FilePages:        139872 kB
Node 1 Mapped:            75020 kB
Node 1 AnonPages:         20280 kB
Node 1 Shmem:               804 kB
Node 1 KernelStack:        1688 kB
Node 1 PageTables:          856 kB
Node 1 NFS_Unstable:          0 kB
Node 1 Bounce:                0 kB
Node 1 WritebackTmp:          0 kB
Node 1 KReclaimable:      20236 kB
Node 1 Slab:              59496 kB
Node 1 SReclaimable:      20236 kB
Node 1 SUnreclaim:        39260 kB
Node 1 AnonHugePages:         0 kB
Node 1 ShmemHugePages:        0 kB
Node 1 ShmemPmdMapped:        0 kB
Node 1 FileHugePages:        0 kB
Node 1 FilePmdMapped:        0 kB
Node 1 HugePages_Total:     0
Node 1 HugePages_Free:      0
Node 1 HugePages_Surp:      0

Load ZFS
Node 0 MemTotal:       24768352 kB
Node 0 MemFree:        24540764 kB
Node 0 MemUsed:          227588 kB
Node 0 Active:            49304 kB
Node 0 Inactive:          34424 kB
Node 0 Active(anon):      17596 kB
Node 0 Inactive(anon):      288 kB
Node 0 Active(file):      31708 kB
Node 0 Inactive(file):    34136 kB
Node 0 Unevictable:       12492 kB
Node 0 Mlocked:           12492 kB
Node 0 Dirty:                28 kB
Node 0 Writeback:             0 kB
Node 0 FilePages:         68472 kB
Node 0 Mapped:            11204 kB
Node 0 AnonPages:         27872 kB
Node 0 Shmem:               464 kB
Node 0 KernelStack:        2072 kB
Node 0 PageTables:          656 kB
Node 0 NFS_Unstable:          0 kB
Node 0 Bounce:                0 kB
Node 0 WritebackTmp:          0 kB
Node 0 KReclaimable:      21860 kB
Node 0 Slab:              48248 kB
Node 0 SReclaimable:      21860 kB
Node 0 SUnreclaim:        26388 kB
Node 0 AnonHugePages:         0 kB
Node 0 ShmemHugePages:        0 kB
Node 0 ShmemPmdMapped:        0 kB
Node 0 FileHugePages:        0 kB
Node 0 FilePmdMapped:        0 kB
Node 0 HugePages_Total:     0
Node 0 HugePages_Free:      0
Node 0 HugePages_Surp:      0

Node 1 MemTotal:       24661580 kB
Node 1 MemFree:        24222188 kB
Node 1 MemUsed:          439392 kB
Node 1 Active:            57732 kB
Node 1 Inactive:          98240 kB
Node 1 Active(anon):      21012 kB
Node 1 Inactive(anon):      592 kB
Node 1 Active(file):      36720 kB
Node 1 Inactive(file):    97648 kB
Node 1 Unevictable:        6032 kB
Node 1 Mlocked:            6032 kB
Node 1 Dirty:               248 kB
Node 1 Writeback:             0 kB
Node 1 FilePages:        141200 kB
Node 1 Mapped:            75252 kB
Node 1 AnonPages:         20560 kB
Node 1 Shmem:               804 kB
Node 1 KernelStack:        1736 kB
Node 1 PageTables:          916 kB
Node 1 NFS_Unstable:          0 kB
Node 1 Bounce:                0 kB
Node 1 WritebackTmp:          0 kB
Node 1 KReclaimable:      20620 kB
Node 1 Slab:              61612 kB
Node 1 SReclaimable:      20620 kB
Node 1 SUnreclaim:        40992 kB
Node 1 AnonHugePages:         0 kB
Node 1 ShmemHugePages:        0 kB
Node 1 ShmemPmdMapped:        0 kB
Node 1 FileHugePages:        0 kB
Node 1 FilePmdMapped:        0 kB
Node 1 HugePages_Total:     0
Node 1 HugePages_Free:      0
Node 1 HugePages_Surp:      0

Import tank ZPool
Node 0 MemTotal:       24768352 kB
Node 0 MemFree:        24541772 kB
Node 0 MemUsed:          226580 kB
Node 0 Active:            49372 kB
Node 0 Inactive:          34416 kB
Node 0 Active(anon):      17656 kB
Node 0 Inactive(anon):      288 kB
Node 0 Active(file):      31716 kB
Node 0 Inactive(file):    34128 kB
Node 0 Unevictable:       12492 kB
Node 0 Mlocked:           12492 kB
Node 0 Dirty:                28 kB
Node 0 Writeback:             0 kB
Node 0 FilePages:         68472 kB
Node 0 Mapped:            11220 kB
Node 0 AnonPages:         27896 kB
Node 0 Shmem:               464 kB
Node 0 KernelStack:        2072 kB
Node 0 PageTables:          656 kB
Node 0 NFS_Unstable:          0 kB
Node 0 Bounce:                0 kB
Node 0 WritebackTmp:          0 kB
Node 0 KReclaimable:      21860 kB
Node 0 Slab:              48240 kB
Node 0 SReclaimable:      21860 kB
Node 0 SUnreclaim:        26380 kB
Node 0 AnonHugePages:         0 kB
Node 0 ShmemHugePages:        0 kB
Node 0 ShmemPmdMapped:        0 kB
Node 0 FileHugePages:        0 kB
Node 0 FilePmdMapped:        0 kB
Node 0 HugePages_Total:     0
Node 0 HugePages_Free:      0
Node 0 HugePages_Surp:      0

Node 1 MemTotal:       24661580 kB
Node 1 MemFree:        24202832 kB
Node 1 MemUsed:          458748 kB
Node 1 Active:            58548 kB
Node 1 Inactive:          99444 kB
Node 1 Active(anon):      21344 kB
Node 1 Inactive(anon):      596 kB
Node 1 Active(file):      37204 kB
Node 1 Inactive(file):    98848 kB
Node 1 Unevictable:        6032 kB
Node 1 Mlocked:            6032 kB
Node 1 Dirty:               296 kB
Node 1 Writeback:             0 kB
Node 1 FilePages:        142944 kB
Node 1 Mapped:            75448 kB
Node 1 AnonPages:         20772 kB
Node 1 Shmem:               804 kB
Node 1 KernelStack:        2856 kB
Node 1 PageTables:          996 kB
Node 1 NFS_Unstable:          0 kB
Node 1 Bounce:                0 kB
Node 1 WritebackTmp:          0 kB
Node 1 KReclaimable:      20776 kB
Node 1 Slab:              68404 kB
Node 1 SReclaimable:      20776 kB
Node 1 SUnreclaim:        47628 kB
Node 1 AnonHugePages:         0 kB
Node 1 ShmemHugePages:        0 kB
Node 1 ShmemPmdMapped:        0 kB
Node 1 FileHugePages:        0 kB
Node 1 FilePmdMapped:        0 kB
Node 1 HugePages_Total:     0
Node 1 HugePages_Free:      0
Node 1 HugePages_Surp:      0

After Test
Node 0 MemTotal:       24768352 kB
Node 0 MemFree:        23884236 kB
Node 0 MemUsed:          884116 kB
Node 0 Active:            44840 kB
Node 0 Inactive:          34416 kB
Node 0 Active(anon):      13124 kB
Node 0 Inactive(anon):      288 kB
Node 0 Active(file):      31716 kB
Node 0 Inactive(file):    34128 kB
Node 0 Unevictable:       12492 kB
Node 0 Mlocked:           12492 kB
Node 0 Dirty:                 4 kB
Node 0 Writeback:             0 kB
Node 0 FilePages:         68472 kB
Node 0 Mapped:            11216 kB
Node 0 AnonPages:         23276 kB
Node 0 Shmem:               464 kB
Node 0 KernelStack:        1912 kB
Node 0 PageTables:          396 kB
Node 0 NFS_Unstable:          0 kB
Node 0 Bounce:                0 kB
Node 0 WritebackTmp:          0 kB
Node 0 KReclaimable:      21860 kB
Node 0 Slab:              51044 kB
Node 0 SReclaimable:      21860 kB
Node 0 SUnreclaim:        29184 kB
Node 0 AnonHugePages:         0 kB
Node 0 ShmemHugePages:        0 kB
Node 0 ShmemPmdMapped:        0 kB
Node 0 FileHugePages:        0 kB
Node 0 FilePmdMapped:        0 kB
Node 0 HugePages_Total:     0
Node 0 HugePages_Free:      0
Node 0 HugePages_Surp:      0

Node 1 MemTotal:       24661580 kB
Node 1 MemFree:        22987880 kB
Node 1 MemUsed:         1673700 kB
Node 1 Active:            58052 kB
Node 1 Inactive:          99200 kB
Node 1 Active(anon):      20080 kB
Node 1 Inactive(anon):      596 kB
Node 1 Active(file):      37972 kB
Node 1 Inactive(file):    98604 kB
Node 1 Unevictable:        6032 kB
Node 1 Mlocked:            6032 kB
Node 1 Dirty:               204 kB
Node 1 Writeback:             0 kB
Node 1 FilePages:        143412 kB
Node 1 Mapped:            75492 kB
Node 1 AnonPages:         19964 kB
Node 1 Shmem:               804 kB
Node 1 KernelStack:        2824 kB
Node 1 PageTables:          844 kB
Node 1 NFS_Unstable:          0 kB
Node 1 Bounce:                0 kB
Node 1 WritebackTmp:          0 kB
Node 1 KReclaimable:      20856 kB
Node 1 Slab:              75820 kB
Node 1 SReclaimable:      20856 kB
Node 1 SUnreclaim:        54964 kB
Node 1 AnonHugePages:         0 kB
Node 1 ShmemHugePages:        0 kB
Node 1 ShmemPmdMapped:        0 kB
Node 1 FileHugePages:        0 kB
Node 1 FilePmdMapped:        0 kB
Node 1 HugePages_Total:     0
Node 1 HugePages_Free:      0
Node 1 HugePages_Surp:      0

After Opposite Node
Node 0 MemTotal:       24768352 kB
Node 0 MemFree:        23882864 kB
Node 0 MemUsed:          885488 kB
Node 0 Active:            45132 kB
Node 0 Inactive:          34416 kB
Node 0 Active(anon):      13416 kB
Node 0 Inactive(anon):      288 kB
Node 0 Active(file):      31716 kB
Node 0 Inactive(file):    34128 kB
Node 0 Unevictable:       12492 kB
Node 0 Mlocked:           12492 kB
Node 0 Dirty:                 4 kB
Node 0 Writeback:             0 kB
Node 0 FilePages:         68472 kB
Node 0 Mapped:            11204 kB
Node 0 AnonPages:         23576 kB
Node 0 Shmem:               464 kB
Node 0 KernelStack:        1912 kB
Node 0 PageTables:          396 kB
Node 0 NFS_Unstable:          0 kB
Node 0 Bounce:                0 kB
Node 0 WritebackTmp:          0 kB
Node 0 KReclaimable:      21860 kB
Node 0 Slab:              51044 kB
Node 0 SReclaimable:      21860 kB
Node 0 SUnreclaim:        29184 kB
Node 0 AnonHugePages:         0 kB
Node 0 ShmemHugePages:        0 kB
Node 0 ShmemPmdMapped:        0 kB
Node 0 FileHugePages:        0 kB
Node 0 FilePmdMapped:        0 kB
Node 0 HugePages_Total:     0
Node 0 HugePages_Free:      0
Node 0 HugePages_Surp:      0

Node 1 MemTotal:       24661580 kB
Node 1 MemFree:        22987904 kB
Node 1 MemUsed:         1673676 kB
Node 1 Active:            57948 kB
Node 1 Inactive:          99020 kB
Node 1 Active(anon):      19780 kB
Node 1 Inactive(anon):      596 kB
Node 1 Active(file):      38168 kB
Node 1 Inactive(file):    98424 kB
Node 1 Unevictable:        6032 kB
Node 1 Mlocked:            6032 kB
Node 1 Dirty:               216 kB
Node 1 Writeback:             0 kB
Node 1 FilePages:        143424 kB
Node 1 Mapped:            75240 kB
Node 1 AnonPages:         19644 kB
Node 1 Shmem:               804 kB
Node 1 KernelStack:        2808 kB
Node 1 PageTables:          820 kB
Node 1 NFS_Unstable:          0 kB
Node 1 Bounce:                0 kB
Node 1 WritebackTmp:          0 kB
Node 1 KReclaimable:      20856 kB
Node 1 Slab:              75800 kB
Node 1 SReclaimable:      20856 kB
Node 1 SUnreclaim:        54944 kB
Node 1 AnonHugePages:         0 kB
Node 1 ShmemHugePages:        0 kB
Node 1 ShmemPmdMapped:        0 kB
Node 1 FileHugePages:        0 kB
Node 1 FilePmdMapped:        0 kB
Node 1 HugePages_Total:     0
Node 1 HugePages_Free:      0
Node 1 HugePages_Surp:      0

U.1.simpleread.2-1G.3.O.1M Complete!
