kernel.numa_balancing = 0
U.1.100M-simpleread.4G.3.O.1M
Begin
Node 0 MemTotal:       24743736 kB
Node 0 MemFree:        24475484 kB
Node 0 MemUsed:          268252 kB
Node 0 Active:            65880 kB
Node 0 Inactive:          60008 kB
Node 0 Active(anon):      19800 kB
Node 0 Inactive(anon):      304 kB
Node 0 Active(file):      46080 kB
Node 0 Inactive(file):    59704 kB
Node 0 Unevictable:       17772 kB
Node 0 Mlocked:           17772 kB
Node 0 Dirty:               128 kB
Node 0 Writeback:             0 kB
Node 0 FilePages:        113688 kB
Node 0 Mapped:            23880 kB
Node 0 AnonPages:         30276 kB
Node 0 Shmem:               432 kB
Node 0 KernelStack:        1784 kB
Node 0 PageTables:          464 kB
Node 0 NFS_Unstable:          0 kB
Node 0 Bounce:                0 kB
Node 0 WritebackTmp:          0 kB
Node 0 KReclaimable:      18436 kB
Node 0 Slab:              45116 kB
Node 0 SReclaimable:      18436 kB
Node 0 SUnreclaim:        26680 kB
Node 0 AnonHugePages:         0 kB
Node 0 ShmemHugePages:        0 kB
Node 0 ShmemPmdMapped:        0 kB
Node 0 FileHugePages:        0 kB
Node 0 FilePmdMapped:        0 kB
Node 0 HugePages_Total:     0
Node 0 HugePages_Free:      0
Node 0 HugePages_Surp:      0

Node 1 MemTotal:       24686196 kB
Node 1 MemFree:        24302412 kB
Node 1 MemUsed:          383784 kB
Node 1 Active:            32044 kB
Node 1 Inactive:          73124 kB
Node 1 Active(anon):      13772 kB
Node 1 Inactive(anon):      580 kB
Node 1 Active(file):      18272 kB
Node 1 Inactive(file):    72544 kB
Node 1 Unevictable:         748 kB
Node 1 Mlocked:             748 kB
Node 1 Dirty:               284 kB
Node 1 Writeback:             0 kB
Node 1 FilePages:         92416 kB
Node 1 Mapped:            53880 kB
Node 1 AnonPages:         13572 kB
Node 1 Shmem:               836 kB
Node 1 KernelStack:        1800 kB
Node 1 PageTables:          672 kB
Node 1 NFS_Unstable:          0 kB
Node 1 Bounce:                0 kB
Node 1 WritebackTmp:          0 kB
Node 1 KReclaimable:      23168 kB
Node 1 Slab:              59692 kB
Node 1 SReclaimable:      23168 kB
Node 1 SUnreclaim:        36524 kB
Node 1 AnonHugePages:         0 kB
Node 1 ShmemHugePages:        0 kB
Node 1 ShmemPmdMapped:        0 kB
Node 1 FileHugePages:        0 kB
Node 1 FilePmdMapped:        0 kB
Node 1 HugePages_Total:     0
Node 1 HugePages_Free:      0
Node 1 HugePages_Surp:      0

Load ZFS
Node 0 MemTotal:       24743736 kB
Node 0 MemFree:        24332956 kB
Node 0 MemUsed:          410780 kB
Node 0 Active:            68016 kB
Node 0 Inactive:          60596 kB
Node 0 Active(anon):      20472 kB
Node 0 Inactive(anon):      304 kB
Node 0 Active(file):      47544 kB
Node 0 Inactive(file):    60292 kB
Node 0 Unevictable:       17772 kB
Node 0 Mlocked:           17772 kB
Node 0 Dirty:               148 kB
Node 0 Writeback:             0 kB
Node 0 FilePages:        115712 kB
Node 0 Mapped:            24040 kB
Node 0 AnonPages:         30888 kB
Node 0 Shmem:               432 kB
Node 0 KernelStack:        1816 kB
Node 0 PageTables:          516 kB
Node 0 NFS_Unstable:          0 kB
Node 0 Bounce:                0 kB
Node 0 WritebackTmp:          0 kB
Node 0 KReclaimable:      18908 kB
Node 0 Slab:              47232 kB
Node 0 SReclaimable:      18908 kB
Node 0 SUnreclaim:        28324 kB
Node 0 AnonHugePages:         0 kB
Node 0 ShmemHugePages:        0 kB
Node 0 ShmemPmdMapped:        0 kB
Node 0 FileHugePages:        0 kB
Node 0 FilePmdMapped:        0 kB
Node 0 HugePages_Total:     0
Node 0 HugePages_Free:      0
Node 0 HugePages_Surp:      0

Node 1 MemTotal:       24686196 kB
Node 1 MemFree:        24430312 kB
Node 1 MemUsed:          255884 kB
Node 1 Active:            41656 kB
Node 1 Inactive:          68404 kB
Node 1 Active(anon):      18124 kB
Node 1 Inactive(anon):      580 kB
Node 1 Active(file):      23532 kB
Node 1 Inactive(file):    67824 kB
Node 1 Unevictable:         748 kB
Node 1 Mlocked:             748 kB
Node 1 Dirty:               108 kB
Node 1 Writeback:             0 kB
Node 1 FilePages:         92940 kB
Node 1 Mapped:            53944 kB
Node 1 AnonPages:         17992 kB
Node 1 Shmem:               836 kB
Node 1 KernelStack:        1944 kB
Node 1 PageTables:         1056 kB
Node 1 NFS_Unstable:          0 kB
Node 1 Bounce:                0 kB
Node 1 WritebackTmp:          0 kB
Node 1 KReclaimable:      23652 kB
Node 1 Slab:              61384 kB
Node 1 SReclaimable:      23652 kB
Node 1 SUnreclaim:        37732 kB
Node 1 AnonHugePages:         0 kB
Node 1 ShmemHugePages:        0 kB
Node 1 ShmemPmdMapped:        0 kB
Node 1 FileHugePages:        0 kB
Node 1 FilePmdMapped:        0 kB
Node 1 HugePages_Total:     0
Node 1 HugePages_Free:      0
Node 1 HugePages_Surp:      0

Import tank ZPool
Node 0 MemTotal:       24743736 kB
Node 0 MemFree:        24325440 kB
Node 0 MemUsed:          418296 kB
Node 0 Active:            68936 kB
Node 0 Inactive:          61836 kB
Node 0 Active(anon):      20976 kB
Node 0 Inactive(anon):      308 kB
Node 0 Active(file):      47960 kB
Node 0 Inactive(file):    61528 kB
Node 0 Unevictable:       17772 kB
Node 0 Mlocked:           17772 kB
Node 0 Dirty:                60 kB
Node 0 Writeback:             0 kB
Node 0 FilePages:        117416 kB
Node 0 Mapped:            24060 kB
Node 0 AnonPages:         30964 kB
Node 0 Shmem:               432 kB
Node 0 KernelStack:        1928 kB
Node 0 PageTables:          604 kB
Node 0 NFS_Unstable:          0 kB
Node 0 Bounce:                0 kB
Node 0 WritebackTmp:          0 kB
Node 0 KReclaimable:      19028 kB
Node 0 Slab:              53172 kB
Node 0 SReclaimable:      19028 kB
Node 0 SUnreclaim:        34144 kB
Node 0 AnonHugePages:         0 kB
Node 0 ShmemHugePages:        0 kB
Node 0 ShmemPmdMapped:        0 kB
Node 0 FileHugePages:        0 kB
Node 0 FilePmdMapped:        0 kB
Node 0 HugePages_Total:     0
Node 0 HugePages_Free:      0
Node 0 HugePages_Surp:      0

Node 1 MemTotal:       24686196 kB
Node 1 MemFree:        24413636 kB
Node 1 MemUsed:          272560 kB
Node 1 Active:            41716 kB
Node 1 Inactive:          68360 kB
Node 1 Active(anon):      18140 kB
Node 1 Inactive(anon):      580 kB
Node 1 Active(file):      23576 kB
Node 1 Inactive(file):    67780 kB
Node 1 Unevictable:         748 kB
Node 1 Mlocked:             748 kB
Node 1 Dirty:               156 kB
Node 1 Writeback:             0 kB
Node 1 FilePages:         92972 kB
Node 1 Mapped:            54016 kB
Node 1 AnonPages:         18004 kB
Node 1 Shmem:               836 kB
Node 1 KernelStack:        2968 kB
Node 1 PageTables:         1056 kB
Node 1 NFS_Unstable:          0 kB
Node 1 Bounce:                0 kB
Node 1 WritebackTmp:          0 kB
Node 1 KReclaimable:      23652 kB
Node 1 Slab:              63776 kB
Node 1 SReclaimable:      23652 kB
Node 1 SUnreclaim:        40124 kB
Node 1 AnonHugePages:         0 kB
Node 1 ShmemHugePages:        0 kB
Node 1 ShmemPmdMapped:        0 kB
Node 1 FileHugePages:        0 kB
Node 1 FilePmdMapped:        0 kB
Node 1 HugePages_Total:     0
Node 1 HugePages_Free:      0
Node 1 HugePages_Surp:      0

After Test
Node 0 MemTotal:       24743736 kB
Node 0 MemFree:        23601944 kB
Node 0 MemUsed:         1141792 kB
Node 0 Active:            67760 kB
Node 0 Inactive:          61648 kB
Node 0 Active(anon):      19528 kB
Node 0 Inactive(anon):      308 kB
Node 0 Active(file):      48232 kB
Node 0 Inactive(file):    61340 kB
Node 0 Unevictable:       17772 kB
Node 0 Mlocked:           17772 kB
Node 0 Dirty:                12 kB
Node 0 Writeback:             0 kB
Node 0 FilePages:        117448 kB
Node 0 Mapped:            23884 kB
Node 0 AnonPages:         29740 kB
Node 0 Shmem:               432 kB
Node 0 KernelStack:        1816 kB
Node 0 PageTables:          480 kB
Node 0 NFS_Unstable:          0 kB
Node 0 Bounce:                0 kB
Node 0 WritebackTmp:          0 kB
Node 0 KReclaimable:      19036 kB
Node 0 Slab:              55788 kB
Node 0 SReclaimable:      19036 kB
Node 0 SUnreclaim:        36752 kB
Node 0 AnonHugePages:         0 kB
Node 0 ShmemHugePages:        0 kB
Node 0 ShmemPmdMapped:        0 kB
Node 0 FileHugePages:        0 kB
Node 0 FilePmdMapped:        0 kB
Node 0 HugePages_Total:     0
Node 0 HugePages_Free:      0
Node 0 HugePages_Surp:      0

Node 1 MemTotal:       24686196 kB
Node 1 MemFree:        20011796 kB
Node 1 MemUsed:         4674400 kB
Node 1 Active:            37660 kB
Node 1 Inactive:         165972 kB
Node 1 Active(anon):      13520 kB
Node 1 Inactive(anon):      580 kB
Node 1 Active(file):      24140 kB
Node 1 Inactive(file):   165392 kB
Node 1 Unevictable:         748 kB
Node 1 Mlocked:             748 kB
Node 1 Dirty:                20 kB
Node 1 Writeback:             0 kB
Node 1 FilePages:        191116 kB
Node 1 Mapped:            54024 kB
Node 1 AnonPages:         13444 kB
Node 1 Shmem:               836 kB
Node 1 KernelStack:        2776 kB
Node 1 PageTables:          916 kB
Node 1 NFS_Unstable:          0 kB
Node 1 Bounce:                0 kB
Node 1 WritebackTmp:          0 kB
Node 1 KReclaimable:      24024 kB
Node 1 Slab:              81744 kB
Node 1 SReclaimable:      24024 kB
Node 1 SUnreclaim:        57720 kB
Node 1 AnonHugePages:         0 kB
Node 1 ShmemHugePages:        0 kB
Node 1 ShmemPmdMapped:        0 kB
Node 1 FileHugePages:        0 kB
Node 1 FilePmdMapped:        0 kB
Node 1 HugePages_Total:     0
Node 1 HugePages_Free:      0
Node 1 HugePages_Surp:      0

After Opposite Node
Node 0 MemTotal:       24743736 kB
Node 0 MemFree:        23599720 kB
Node 0 MemUsed:         1144016 kB
Node 0 Active:            68028 kB
Node 0 Inactive:          61636 kB
Node 0 Active(anon):      19768 kB
Node 0 Inactive(anon):      308 kB
Node 0 Active(file):      48260 kB
Node 0 Inactive(file):    61328 kB
Node 0 Unevictable:       17772 kB
Node 0 Mlocked:           17772 kB
Node 0 Dirty:                44 kB
Node 0 Writeback:             0 kB
Node 0 FilePages:        117464 kB
Node 0 Mapped:            23884 kB
Node 0 AnonPages:         30184 kB
Node 0 Shmem:               432 kB
Node 0 KernelStack:        1816 kB
Node 0 PageTables:          724 kB
Node 0 NFS_Unstable:          0 kB
Node 0 Bounce:                0 kB
Node 0 WritebackTmp:          0 kB
Node 0 KReclaimable:      19076 kB
Node 0 Slab:              56772 kB
Node 0 SReclaimable:      19076 kB
Node 0 SUnreclaim:        37696 kB
Node 0 AnonHugePages:         0 kB
Node 0 ShmemHugePages:        0 kB
Node 0 ShmemPmdMapped:        0 kB
Node 0 FileHugePages:        0 kB
Node 0 FilePmdMapped:        0 kB
Node 0 HugePages_Total:     0
Node 0 HugePages_Free:      0
Node 0 HugePages_Surp:      0

Node 1 MemTotal:       24686196 kB
Node 1 MemFree:        20013088 kB
Node 1 MemUsed:         4673108 kB
Node 1 Active:            37640 kB
Node 1 Inactive:         165728 kB
Node 1 Active(anon):      13252 kB
Node 1 Inactive(anon):      580 kB
Node 1 Active(file):      24388 kB
Node 1 Inactive(file):   165148 kB
Node 1 Unevictable:         748 kB
Node 1 Mlocked:             748 kB
Node 1 Dirty:                36 kB
Node 1 Writeback:             0 kB
Node 1 FilePages:        191128 kB
Node 1 Mapped:            54240 kB
Node 1 AnonPages:         13004 kB
Node 1 Shmem:               836 kB
Node 1 KernelStack:        2760 kB
Node 1 PageTables:          668 kB
Node 1 NFS_Unstable:          0 kB
Node 1 Bounce:                0 kB
Node 1 WritebackTmp:          0 kB
Node 1 KReclaimable:      24024 kB
Node 1 Slab:              81412 kB
Node 1 SReclaimable:      24024 kB
Node 1 SUnreclaim:        57388 kB
Node 1 AnonHugePages:         0 kB
Node 1 ShmemHugePages:        0 kB
Node 1 ShmemPmdMapped:        0 kB
Node 1 FileHugePages:        0 kB
Node 1 FilePmdMapped:        0 kB
Node 1 HugePages_Total:     0
Node 1 HugePages_Free:      0
Node 1 HugePages_Surp:      0

U.1.100M-simpleread.4G.3.O.1M Complete!
