U.1.simpleread.250M.3.O.1M
Begin
Node 0 MemTotal:       24768352 kB
Node 0 MemFree:        24394548 kB
Node 0 MemUsed:          373804 kB
Node 0 Active:            62708 kB
Node 0 Inactive:          24956 kB
Node 0 Active(anon):      23560 kB
Node 0 Inactive(anon):      372 kB
Node 0 Active(file):      39148 kB
Node 0 Inactive(file):    24584 kB
Node 0 Unevictable:       17356 kB
Node 0 Mlocked:           17356 kB
Node 0 Dirty:                44 kB
Node 0 Writeback:             0 kB
Node 0 FilePages:         71508 kB
Node 0 Mapped:            25948 kB
Node 0 AnonPages:         33704 kB
Node 0 Shmem:               572 kB
Node 0 KernelStack:        1928 kB
Node 0 PageTables:          640 kB
Node 0 NFS_Unstable:          0 kB
Node 0 Bounce:                0 kB
Node 0 WritebackTmp:          0 kB
Node 0 KReclaimable:      22252 kB
Node 0 Slab:              52856 kB
Node 0 SReclaimable:      22252 kB
Node 0 SUnreclaim:        30604 kB
Node 0 AnonHugePages:         0 kB
Node 0 ShmemHugePages:        0 kB
Node 0 ShmemPmdMapped:        0 kB
Node 0 FileHugePages:        0 kB
Node 0 FilePmdMapped:        0 kB
Node 0 HugePages_Total:     0
Node 0 HugePages_Free:      0
Node 0 HugePages_Surp:      0

Node 1 MemTotal:       24661580 kB
Node 1 MemFree:        24423380 kB
Node 1 MemUsed:          238200 kB
Node 1 Active:            31724 kB
Node 1 Inactive:          66432 kB
Node 1 Active(anon):       9952 kB
Node 1 Inactive(anon):      504 kB
Node 1 Active(file):      21772 kB
Node 1 Inactive(file):    65928 kB
Node 1 Unevictable:        1168 kB
Node 1 Mlocked:            1168 kB
Node 1 Dirty:               144 kB
Node 1 Writeback:             0 kB
Node 1 FilePages:         89564 kB
Node 1 Mapped:            25320 kB
Node 1 AnonPages:          9824 kB
Node 1 Shmem:               696 kB
Node 1 KernelStack:        1672 kB
Node 1 PageTables:          412 kB
Node 1 NFS_Unstable:          0 kB
Node 1 Bounce:                0 kB
Node 1 WritebackTmp:          0 kB
Node 1 KReclaimable:      19484 kB
Node 1 Slab:              53604 kB
Node 1 SReclaimable:      19484 kB
Node 1 SUnreclaim:        34120 kB
Node 1 AnonHugePages:         0 kB
Node 1 ShmemHugePages:        0 kB
Node 1 ShmemPmdMapped:        0 kB
Node 1 FileHugePages:        0 kB
Node 1 FilePmdMapped:        0 kB
Node 1 HugePages_Total:     0
Node 1 HugePages_Free:      0
Node 1 HugePages_Surp:      0

Load ZFS
Node 0 MemTotal:       24768352 kB
Node 0 MemFree:        24378752 kB
Node 0 MemUsed:          389600 kB
Node 0 Active:            69240 kB
Node 0 Inactive:          25500 kB
Node 0 Active(anon):      29024 kB
Node 0 Inactive(anon):      372 kB
Node 0 Active(file):      40216 kB
Node 0 Inactive(file):    25128 kB
Node 0 Unevictable:       17356 kB
Node 0 Mlocked:           17356 kB
Node 0 Dirty:                48 kB
Node 0 Writeback:             0 kB
Node 0 FilePages:         72940 kB
Node 0 Mapped:            25948 kB
Node 0 AnonPages:         39084 kB
Node 0 Shmem:               572 kB
Node 0 KernelStack:        2136 kB
Node 0 PageTables:         1192 kB
Node 0 NFS_Unstable:          0 kB
Node 0 Bounce:                0 kB
Node 0 WritebackTmp:          0 kB
Node 0 KReclaimable:      22724 kB
Node 0 Slab:              54764 kB
Node 0 SReclaimable:      22724 kB
Node 0 SUnreclaim:        32040 kB
Node 0 AnonHugePages:         0 kB
Node 0 ShmemHugePages:        0 kB
Node 0 ShmemPmdMapped:        0 kB
Node 0 FileHugePages:        0 kB
Node 0 FilePmdMapped:        0 kB
Node 0 HugePages_Total:     0
Node 0 HugePages_Free:      0
Node 0 HugePages_Surp:      0

Node 1 MemTotal:       24661580 kB
Node 1 MemFree:        24425552 kB
Node 1 MemUsed:          236028 kB
Node 1 Active:            39860 kB
Node 1 Inactive:          61760 kB
Node 1 Active(anon):      12348 kB
Node 1 Inactive(anon):      504 kB
Node 1 Active(file):      27512 kB
Node 1 Inactive(file):    61256 kB
Node 1 Unevictable:        1168 kB
Node 1 Mlocked:            1168 kB
Node 1 Dirty:               172 kB
Node 1 Writeback:             0 kB
Node 1 FilePages:         90632 kB
Node 1 Mapped:            25480 kB
Node 1 AnonPages:         12228 kB
Node 1 Shmem:               696 kB
Node 1 KernelStack:        1656 kB
Node 1 PageTables:          412 kB
Node 1 NFS_Unstable:          0 kB
Node 1 Bounce:                0 kB
Node 1 WritebackTmp:          0 kB
Node 1 KReclaimable:      19972 kB
Node 1 Slab:              55348 kB
Node 1 SReclaimable:      19972 kB
Node 1 SUnreclaim:        35376 kB
Node 1 AnonHugePages:         0 kB
Node 1 ShmemHugePages:        0 kB
Node 1 ShmemPmdMapped:        0 kB
Node 1 FileHugePages:        0 kB
Node 1 FilePmdMapped:        0 kB
Node 1 HugePages_Total:     0
Node 1 HugePages_Free:      0
Node 1 HugePages_Surp:      0

Import tank ZPool
Node 0 MemTotal:       24768352 kB
Node 0 MemFree:        24376120 kB
Node 0 MemUsed:          392232 kB
Node 0 Active:            64400 kB
Node 0 Inactive:          26688 kB
Node 0 Active(anon):      23812 kB
Node 0 Inactive(anon):      376 kB
Node 0 Active(file):      40588 kB
Node 0 Inactive(file):    26312 kB
Node 0 Unevictable:       17356 kB
Node 0 Mlocked:           17356 kB
Node 0 Dirty:                72 kB
Node 0 Writeback:             0 kB
Node 0 FilePages:         74500 kB
Node 0 Mapped:            26080 kB
Node 0 AnonPages:         33852 kB
Node 0 Shmem:               572 kB
Node 0 KernelStack:        2008 kB
Node 0 PageTables:          792 kB
Node 0 NFS_Unstable:          0 kB
Node 0 Bounce:                0 kB
Node 0 WritebackTmp:          0 kB
Node 0 KReclaimable:      22840 kB
Node 0 Slab:              59268 kB
Node 0 SReclaimable:      22840 kB
Node 0 SUnreclaim:        36428 kB
Node 0 AnonHugePages:         0 kB
Node 0 ShmemHugePages:        0 kB
Node 0 ShmemPmdMapped:        0 kB
Node 0 FileHugePages:        0 kB
Node 0 FilePmdMapped:        0 kB
Node 0 HugePages_Total:     0
Node 0 HugePages_Free:      0
Node 0 HugePages_Surp:      0

Node 1 MemTotal:       24661580 kB
Node 1 MemFree:        24410512 kB
Node 1 MemUsed:          251068 kB
Node 1 Active:            37444 kB
Node 1 Inactive:          61724 kB
Node 1 Active(anon):       9888 kB
Node 1 Inactive(anon):      504 kB
Node 1 Active(file):      27556 kB
Node 1 Inactive(file):    61220 kB
Node 1 Unevictable:        1168 kB
Node 1 Mlocked:            1168 kB
Node 1 Dirty:               192 kB
Node 1 Writeback:             0 kB
Node 1 FilePages:         90640 kB
Node 1 Mapped:            25332 kB
Node 1 AnonPages:          9696 kB
Node 1 Shmem:               696 kB
Node 1 KernelStack:        2712 kB
Node 1 PageTables:          412 kB
Node 1 NFS_Unstable:          0 kB
Node 1 Bounce:                0 kB
Node 1 WritebackTmp:          0 kB
Node 1 KReclaimable:      19976 kB
Node 1 Slab:              57900 kB
Node 1 SReclaimable:      19976 kB
Node 1 SUnreclaim:        37924 kB
Node 1 AnonHugePages:         0 kB
Node 1 ShmemHugePages:        0 kB
Node 1 ShmemPmdMapped:        0 kB
Node 1 FileHugePages:        0 kB
Node 1 FilePmdMapped:        0 kB
Node 1 HugePages_Total:     0
Node 1 HugePages_Free:      0
Node 1 HugePages_Surp:      0

After Test
Node 0 MemTotal:       24768352 kB
Node 0 MemFree:        24318556 kB
Node 0 MemUsed:          449796 kB
Node 0 Active:            64508 kB
Node 0 Inactive:          26432 kB
Node 0 Active(anon):      23628 kB
Node 0 Inactive(anon):      376 kB
Node 0 Active(file):      40880 kB
Node 0 Inactive(file):    26056 kB
Node 0 Unevictable:       17356 kB
Node 0 Mlocked:           17356 kB
Node 0 Dirty:                72 kB
Node 0 Writeback:             0 kB
Node 0 FilePages:         74532 kB
Node 0 Mapped:            25948 kB
Node 0 AnonPages:         33772 kB
Node 0 Shmem:               572 kB
Node 0 KernelStack:        1992 kB
Node 0 PageTables:          624 kB
Node 0 NFS_Unstable:          0 kB
Node 0 Bounce:                0 kB
Node 0 WritebackTmp:          0 kB
Node 0 KReclaimable:      22872 kB
Node 0 Slab:              59324 kB
Node 0 SReclaimable:      22872 kB
Node 0 SUnreclaim:        36452 kB
Node 0 AnonHugePages:         0 kB
Node 0 ShmemHugePages:        0 kB
Node 0 ShmemPmdMapped:        0 kB
Node 0 FileHugePages:        0 kB
Node 0 FilePmdMapped:        0 kB
Node 0 HugePages_Total:     0
Node 0 HugePages_Free:      0
Node 0 HugePages_Surp:      0

Node 1 MemTotal:       24661580 kB
Node 1 MemFree:        23935016 kB
Node 1 MemUsed:          726564 kB
Node 1 Active:            38492 kB
Node 1 Inactive:          61664 kB
Node 1 Active(anon):      10452 kB
Node 1 Inactive(anon):      504 kB
Node 1 Active(file):      28040 kB
Node 1 Inactive(file):    61160 kB
Node 1 Unevictable:        1168 kB
Node 1 Mlocked:            1168 kB
Node 1 Dirty:               192 kB
Node 1 Writeback:             0 kB
Node 1 FilePages:         91064 kB
Node 1 Mapped:            25376 kB
Node 1 AnonPages:          9972 kB
Node 1 Shmem:               696 kB
Node 1 KernelStack:        2792 kB
Node 1 PageTables:          536 kB
Node 1 NFS_Unstable:          0 kB
Node 1 Bounce:                0 kB
Node 1 WritebackTmp:          0 kB
Node 1 KReclaimable:      20016 kB
Node 1 Slab:              61396 kB
Node 1 SReclaimable:      20016 kB
Node 1 SUnreclaim:        41380 kB
Node 1 AnonHugePages:         0 kB
Node 1 ShmemHugePages:        0 kB
Node 1 ShmemPmdMapped:        0 kB
Node 1 FileHugePages:        0 kB
Node 1 FilePmdMapped:        0 kB
Node 1 HugePages_Total:     0
Node 1 HugePages_Free:      0
Node 1 HugePages_Surp:      0

After Opposite Node
Node 0 MemTotal:       24768352 kB
Node 0 MemFree:        24318840 kB
Node 0 MemUsed:          449512 kB
Node 0 Active:            64856 kB
Node 0 Inactive:          26444 kB
Node 0 Active(anon):      23976 kB
Node 0 Inactive(anon):      376 kB
Node 0 Active(file):      40880 kB
Node 0 Inactive(file):    26068 kB
Node 0 Unevictable:       17356 kB
Node 0 Mlocked:           17356 kB
Node 0 Dirty:                84 kB
Node 0 Writeback:             0 kB
Node 0 FilePages:         74544 kB
Node 0 Mapped:            25948 kB
Node 0 AnonPages:         33972 kB
Node 0 Shmem:               572 kB
Node 0 KernelStack:        2084 kB
Node 0 PageTables:          668 kB
Node 0 NFS_Unstable:          0 kB
Node 0 Bounce:                0 kB
Node 0 WritebackTmp:          0 kB
Node 0 KReclaimable:      22872 kB
Node 0 Slab:              59324 kB
Node 0 SReclaimable:      22872 kB
Node 0 SUnreclaim:        36452 kB
Node 0 AnonHugePages:         0 kB
Node 0 ShmemHugePages:        0 kB
Node 0 ShmemPmdMapped:        0 kB
Node 0 FileHugePages:        0 kB
Node 0 FilePmdMapped:        0 kB
Node 0 HugePages_Total:     0
Node 0 HugePages_Free:      0
Node 0 HugePages_Surp:      0

Node 1 MemTotal:       24661580 kB
Node 1 MemFree:        23935068 kB
Node 1 MemUsed:          726512 kB
Node 1 Active:            38648 kB
Node 1 Inactive:          61456 kB
Node 1 Active(anon):      10396 kB
Node 1 Inactive(anon):      504 kB
Node 1 Active(file):      28252 kB
Node 1 Inactive(file):    60952 kB
Node 1 Unevictable:        1168 kB
Node 1 Mlocked:            1168 kB
Node 1 Dirty:               196 kB
Node 1 Writeback:             0 kB
Node 1 FilePages:         91068 kB
Node 1 Mapped:            25320 kB
Node 1 AnonPages:          9956 kB
Node 1 Shmem:               696 kB
Node 1 KernelStack:        2760 kB
Node 1 PageTables:          484 kB
Node 1 NFS_Unstable:          0 kB
Node 1 Bounce:                0 kB
Node 1 WritebackTmp:          0 kB
Node 1 KReclaimable:      20036 kB
Node 1 Slab:              61572 kB
Node 1 SReclaimable:      20036 kB
Node 1 SUnreclaim:        41536 kB
Node 1 AnonHugePages:         0 kB
Node 1 ShmemHugePages:        0 kB
Node 1 ShmemPmdMapped:        0 kB
Node 1 FileHugePages:        0 kB
Node 1 FilePmdMapped:        0 kB
Node 1 HugePages_Total:     0
Node 1 HugePages_Free:      0
Node 1 HugePages_Surp:      0

U.1.simpleread.250M.3.O.1M Complete!
