U.1.simpleread.4G.2.O.1M
Begin
Node 0 MemTotal:       24743736 kB
Node 0 MemFree:        24494232 kB
Node 0 MemUsed:          249504 kB
Node 0 Active:            64808 kB
Node 0 Inactive:          49580 kB
Node 0 Active(anon):      25608 kB
Node 0 Inactive(anon):      508 kB
Node 0 Active(file):      39200 kB
Node 0 Inactive(file):    49072 kB
Node 0 Unevictable:         996 kB
Node 0 Mlocked:             996 kB
Node 0 Dirty:               316 kB
Node 0 Writeback:             0 kB
Node 0 FilePages:         90100 kB
Node 0 Mapped:            23988 kB
Node 0 AnonPages:         25428 kB
Node 0 Shmem:               688 kB
Node 0 KernelStack:        2344 kB
Node 0 PageTables:          644 kB
Node 0 NFS_Unstable:          0 kB
Node 0 Bounce:                0 kB
Node 0 WritebackTmp:          0 kB
Node 0 KReclaimable:      24800 kB
Node 0 Slab:              51576 kB
Node 0 SReclaimable:      24800 kB
Node 0 SUnreclaim:        26776 kB
Node 0 AnonHugePages:         0 kB
Node 0 ShmemHugePages:        0 kB
Node 0 ShmemPmdMapped:        0 kB
Node 0 FileHugePages:        0 kB
Node 0 FilePmdMapped:        0 kB
Node 0 HugePages_Total:     0
Node 0 HugePages_Free:      0
Node 0 HugePages_Surp:      0

Node 1 MemTotal:       24686196 kB
Node 1 MemFree:        24340064 kB
Node 1 MemUsed:          346132 kB
Node 1 Active:            29344 kB
Node 1 Inactive:          24872 kB
Node 1 Active(anon):       8032 kB
Node 1 Inactive(anon):      364 kB
Node 1 Active(file):      21312 kB
Node 1 Inactive(file):    24508 kB
Node 1 Unevictable:       17524 kB
Node 1 Mlocked:           17524 kB
Node 1 Dirty:               116 kB
Node 1 Writeback:             0 kB
Node 1 FilePages:         53600 kB
Node 1 Mapped:            16236 kB
Node 1 AnonPages:         18188 kB
Node 1 Shmem:               580 kB
Node 1 KernelStack:        1288 kB
Node 1 PageTables:          352 kB
Node 1 NFS_Unstable:          0 kB
Node 1 Bounce:                0 kB
Node 1 WritebackTmp:          0 kB
Node 1 KReclaimable:      16292 kB
Node 1 Slab:              53580 kB
Node 1 SReclaimable:      16292 kB
Node 1 SUnreclaim:        37288 kB
Node 1 AnonHugePages:         0 kB
Node 1 ShmemHugePages:        0 kB
Node 1 ShmemPmdMapped:        0 kB
Node 1 FileHugePages:        0 kB
Node 1 FilePmdMapped:        0 kB
Node 1 HugePages_Total:     0
Node 1 HugePages_Free:      0
Node 1 HugePages_Surp:      0

Load ZFS
Node 0 MemTotal:       24743736 kB
Node 0 MemFree:        24353700 kB
Node 0 MemUsed:          390036 kB
Node 0 Active:            67860 kB
Node 0 Inactive:          50152 kB
Node 0 Active(anon):      27168 kB
Node 0 Inactive(anon):      508 kB
Node 0 Active(file):      40692 kB
Node 0 Inactive(file):    49644 kB
Node 0 Unevictable:         996 kB
Node 0 Mlocked:             996 kB
Node 0 Dirty:               372 kB
Node 0 Writeback:             0 kB
Node 0 FilePages:         92020 kB
Node 0 Mapped:            23952 kB
Node 0 AnonPages:         26948 kB
Node 0 Shmem:               688 kB
Node 0 KernelStack:        2408 kB
Node 0 PageTables:          792 kB
Node 0 NFS_Unstable:          0 kB
Node 0 Bounce:                0 kB
Node 0 WritebackTmp:          0 kB
Node 0 KReclaimable:      25384 kB
Node 0 Slab:              54084 kB
Node 0 SReclaimable:      25384 kB
Node 0 SUnreclaim:        28700 kB
Node 0 AnonHugePages:         0 kB
Node 0 ShmemHugePages:        0 kB
Node 0 ShmemPmdMapped:        0 kB
Node 0 FileHugePages:        0 kB
Node 0 FilePmdMapped:        0 kB
Node 0 HugePages_Total:     0
Node 0 HugePages_Free:      0
Node 0 HugePages_Surp:      0

Node 1 MemTotal:       24686196 kB
Node 1 MemFree:        24472512 kB
Node 1 MemUsed:          213684 kB
Node 1 Active:            37208 kB
Node 1 Inactive:          20220 kB
Node 1 Active(anon):      10624 kB
Node 1 Inactive(anon):      364 kB
Node 1 Active(file):      26584 kB
Node 1 Inactive(file):    19856 kB
Node 1 Unevictable:       17524 kB
Node 1 Mlocked:           17524 kB
Node 1 Dirty:               124 kB
Node 1 Writeback:             0 kB
Node 1 FilePages:         54216 kB
Node 1 Mapped:            16392 kB
Node 1 AnonPages:         20848 kB
Node 1 Shmem:               580 kB
Node 1 KernelStack:        1368 kB
Node 1 PageTables:          532 kB
Node 1 NFS_Unstable:          0 kB
Node 1 Bounce:                0 kB
Node 1 WritebackTmp:          0 kB
Node 1 KReclaimable:      16780 kB
Node 1 Slab:              55180 kB
Node 1 SReclaimable:      16780 kB
Node 1 SUnreclaim:        38400 kB
Node 1 AnonHugePages:         0 kB
Node 1 ShmemHugePages:        0 kB
Node 1 ShmemPmdMapped:        0 kB
Node 1 FileHugePages:        0 kB
Node 1 FilePmdMapped:        0 kB
Node 1 HugePages_Total:     0
Node 1 HugePages_Free:      0
Node 1 HugePages_Surp:      0

Import tank ZPool
Node 0 MemTotal:       24743736 kB
Node 0 MemFree:        24333120 kB
Node 0 MemUsed:          410616 kB
Node 0 Active:            68444 kB
Node 0 Inactive:          51344 kB
Node 0 Active(anon):      27392 kB
Node 0 Inactive(anon):      512 kB
Node 0 Active(file):      41052 kB
Node 0 Inactive(file):    50832 kB
Node 0 Unevictable:         996 kB
Node 0 Mlocked:             996 kB
Node 0 Dirty:               148 kB
Node 0 Writeback:             0 kB
Node 0 FilePages:         93572 kB
Node 0 Mapped:            24208 kB
Node 0 AnonPages:         26860 kB
Node 0 Shmem:               692 kB
Node 0 KernelStack:        3544 kB
Node 0 PageTables:          824 kB
Node 0 NFS_Unstable:          0 kB
Node 0 Bounce:                0 kB
Node 0 WritebackTmp:          0 kB
Node 0 KReclaimable:      25504 kB
Node 0 Slab:              61188 kB
Node 0 SReclaimable:      25504 kB
Node 0 SUnreclaim:        35684 kB
Node 0 AnonHugePages:         0 kB
Node 0 ShmemHugePages:        0 kB
Node 0 ShmemPmdMapped:        0 kB
Node 0 FileHugePages:        0 kB
Node 0 FilePmdMapped:        0 kB
Node 0 HugePages_Total:     0
Node 0 HugePages_Free:      0
Node 0 HugePages_Surp:      0

Node 1 MemTotal:       24686196 kB
Node 1 MemFree:        24473520 kB
Node 1 MemUsed:          212676 kB
Node 1 Active:            37248 kB
Node 1 Inactive:          20176 kB
Node 1 Active(anon):      10620 kB
Node 1 Inactive(anon):      364 kB
Node 1 Active(file):      26628 kB
Node 1 Inactive(file):    19812 kB
Node 1 Unevictable:       17524 kB
Node 1 Mlocked:           17524 kB
Node 1 Dirty:               148 kB
Node 1 Writeback:             0 kB
Node 1 FilePages:         54236 kB
Node 1 Mapped:            16140 kB
Node 1 AnonPages:         20848 kB
Node 1 Shmem:               576 kB
Node 1 KernelStack:        1368 kB
Node 1 PageTables:          532 kB
Node 1 NFS_Unstable:          0 kB
Node 1 Bounce:                0 kB
Node 1 WritebackTmp:          0 kB
Node 1 KReclaimable:      16784 kB
Node 1 Slab:              55176 kB
Node 1 SReclaimable:      16784 kB
Node 1 SUnreclaim:        38392 kB
Node 1 AnonHugePages:         0 kB
Node 1 ShmemHugePages:        0 kB
Node 1 ShmemPmdMapped:        0 kB
Node 1 FileHugePages:        0 kB
Node 1 FilePmdMapped:        0 kB
Node 1 HugePages_Total:     0
Node 1 HugePages_Free:      0
Node 1 HugePages_Surp:      0

After Test
Node 0 MemTotal:       24743736 kB
Node 0 MemFree:        23923360 kB
Node 0 MemUsed:          820376 kB
Node 0 Active:            67248 kB
Node 0 Inactive:          51100 kB
Node 0 Active(anon):      25920 kB
Node 0 Inactive(anon):      512 kB
Node 0 Active(file):      41328 kB
Node 0 Inactive(file):    50588 kB
Node 0 Unevictable:         996 kB
Node 0 Mlocked:             996 kB
Node 0 Dirty:                 8 kB
Node 0 Writeback:             0 kB
Node 0 FilePages:         93604 kB
Node 0 Mapped:            23968 kB
Node 0 AnonPages:         25740 kB
Node 0 Shmem:               692 kB
Node 0 KernelStack:        3320 kB
Node 0 PageTables:          660 kB
Node 0 NFS_Unstable:          0 kB
Node 0 Bounce:                0 kB
Node 0 WritebackTmp:          0 kB
Node 0 KReclaimable:      25552 kB
Node 0 Slab:              62040 kB
Node 0 SReclaimable:      25552 kB
Node 0 SUnreclaim:        36488 kB
Node 0 AnonHugePages:         0 kB
Node 0 ShmemHugePages:        0 kB
Node 0 ShmemPmdMapped:        0 kB
Node 0 FileHugePages:        0 kB
Node 0 FilePmdMapped:        0 kB
Node 0 HugePages_Total:     0
Node 0 HugePages_Free:      0
Node 0 HugePages_Surp:      0

Node 1 MemTotal:       24686196 kB
Node 1 MemFree:        19846956 kB
Node 1 MemUsed:         4839240 kB
Node 1 Active:            34436 kB
Node 1 Inactive:          20108 kB
Node 1 Active(anon):       7224 kB
Node 1 Inactive(anon):      364 kB
Node 1 Active(file):      27212 kB
Node 1 Inactive(file):    19744 kB
Node 1 Unevictable:       17524 kB
Node 1 Mlocked:           17524 kB
Node 1 Dirty:                24 kB
Node 1 Writeback:             0 kB
Node 1 FilePages:         54728 kB
Node 1 Mapped:            16332 kB
Node 1 AnonPages:         17404 kB
Node 1 Shmem:               576 kB
Node 1 KernelStack:        1304 kB
Node 1 PageTables:          400 kB
Node 1 NFS_Unstable:          0 kB
Node 1 Bounce:                0 kB
Node 1 WritebackTmp:          0 kB
Node 1 KReclaimable:      16984 kB
Node 1 Slab:              74704 kB
Node 1 SReclaimable:      16984 kB
Node 1 SUnreclaim:        57720 kB
Node 1 AnonHugePages:         0 kB
Node 1 ShmemHugePages:        0 kB
Node 1 ShmemPmdMapped:        0 kB
Node 1 FileHugePages:        0 kB
Node 1 FilePmdMapped:        0 kB
Node 1 HugePages_Total:     0
Node 1 HugePages_Free:      0
Node 1 HugePages_Surp:      0

After Opposite Node
Node 0 MemTotal:       24743736 kB
Node 0 MemFree:        23923340 kB
Node 0 MemUsed:          820396 kB
Node 0 Active:            67360 kB
Node 0 Inactive:          51044 kB
Node 0 Active(anon):      25968 kB
Node 0 Inactive(anon):      512 kB
Node 0 Active(file):      41392 kB
Node 0 Inactive(file):    50532 kB
Node 0 Unevictable:         996 kB
Node 0 Mlocked:             996 kB
Node 0 Dirty:                12 kB
Node 0 Writeback:             0 kB
Node 0 FilePages:         93612 kB
Node 0 Mapped:            23956 kB
Node 0 AnonPages:         25872 kB
Node 0 Shmem:               692 kB
Node 0 KernelStack:        3320 kB
Node 0 PageTables:          712 kB
Node 0 NFS_Unstable:          0 kB
Node 0 Bounce:                0 kB
Node 0 WritebackTmp:          0 kB
Node 0 KReclaimable:      25584 kB
Node 0 Slab:              63080 kB
Node 0 SReclaimable:      25584 kB
Node 0 SUnreclaim:        37496 kB
Node 0 AnonHugePages:         0 kB
Node 0 ShmemHugePages:        0 kB
Node 0 ShmemPmdMapped:        0 kB
Node 0 FileHugePages:        0 kB
Node 0 FilePmdMapped:        0 kB
Node 0 HugePages_Total:     0
Node 0 HugePages_Free:      0
Node 0 HugePages_Surp:      0

Node 1 MemTotal:       24686196 kB
Node 1 MemFree:        19849092 kB
Node 1 MemUsed:         4837104 kB
Node 1 Active:            34568 kB
Node 1 Inactive:          19896 kB
Node 1 Active(anon):       7128 kB
Node 1 Inactive(anon):      364 kB
Node 1 Active(file):      27440 kB
Node 1 Inactive(file):    19532 kB
Node 1 Unevictable:       17524 kB
Node 1 Mlocked:           17524 kB
Node 1 Dirty:                40 kB
Node 1 Writeback:             0 kB
Node 1 FilePages:         54744 kB
Node 1 Mapped:            16308 kB
Node 1 AnonPages:         17284 kB
Node 1 Shmem:               576 kB
Node 1 KernelStack:        1272 kB
Node 1 PageTables:          348 kB
Node 1 NFS_Unstable:          0 kB
Node 1 Bounce:                0 kB
Node 1 WritebackTmp:          0 kB
Node 1 KReclaimable:      16984 kB
Node 1 Slab:              74568 kB
Node 1 SReclaimable:      16984 kB
Node 1 SUnreclaim:        57584 kB
Node 1 AnonHugePages:         0 kB
Node 1 ShmemHugePages:        0 kB
Node 1 ShmemPmdMapped:        0 kB
Node 1 FileHugePages:        0 kB
Node 1 FilePmdMapped:        0 kB
Node 1 HugePages_Total:     0
Node 1 HugePages_Free:      0
Node 1 HugePages_Surp:      0

U.1.simpleread.4G.2.O.1M Complete!
