5 Tests Remaining!
U.1.simpleread.250M.2.O.1M
Begin
Node 0 MemTotal:       24768352 kB
Node 0 MemFree:        24374452 kB
Node 0 MemUsed:          393900 kB
Node 0 Active:            69512 kB
Node 0 Inactive:          42992 kB
Node 0 Active(anon):      25396 kB
Node 0 Inactive(anon):      400 kB
Node 0 Active(file):      44116 kB
Node 0 Inactive(file):    42592 kB
Node 0 Unevictable:        5248 kB
Node 0 Mlocked:            5248 kB
Node 0 Dirty:                80 kB
Node 0 Writeback:             0 kB
Node 0 FilePages:         92556 kB
Node 0 Mapped:            35192 kB
Node 0 AnonPages:         25196 kB
Node 0 Shmem:               600 kB
Node 0 KernelStack:        2328 kB
Node 0 PageTables:          700 kB
Node 0 NFS_Unstable:          0 kB
Node 0 Bounce:                0 kB
Node 0 WritebackTmp:          0 kB
Node 0 KReclaimable:      23884 kB
Node 0 Slab:              58848 kB
Node 0 SReclaimable:      23884 kB
Node 0 SUnreclaim:        34964 kB
Node 0 AnonHugePages:         0 kB
Node 0 ShmemHugePages:        0 kB
Node 0 ShmemPmdMapped:        0 kB
Node 0 FileHugePages:        0 kB
Node 0 FilePmdMapped:        0 kB
Node 0 HugePages_Total:     0
Node 0 HugePages_Free:      0
Node 0 HugePages_Surp:      0

Node 1 MemTotal:       24661580 kB
Node 1 MemFree:        24433244 kB
Node 1 MemUsed:          228336 kB
Node 1 Active:            27212 kB
Node 1 Inactive:          54948 kB
Node 1 Active(anon):       9012 kB
Node 1 Inactive(anon):      456 kB
Node 1 Active(file):      18200 kB
Node 1 Inactive(file):    54492 kB
Node 1 Unevictable:       13276 kB
Node 1 Mlocked:           13276 kB
Node 1 Dirty:               440 kB
Node 1 Writeback:             0 kB
Node 1 FilePages:         76332 kB
Node 1 Mapped:            15348 kB
Node 1 AnonPages:         19132 kB
Node 1 Shmem:               668 kB
Node 1 KernelStack:        1336 kB
Node 1 PageTables:          464 kB
Node 1 NFS_Unstable:          0 kB
Node 1 Bounce:                0 kB
Node 1 WritebackTmp:          0 kB
Node 1 KReclaimable:      18940 kB
Node 1 Slab:              50068 kB
Node 1 SReclaimable:      18940 kB
Node 1 SUnreclaim:        31128 kB
Node 1 AnonHugePages:         0 kB
Node 1 ShmemHugePages:        0 kB
Node 1 ShmemPmdMapped:        0 kB
Node 1 FileHugePages:        0 kB
Node 1 FilePmdMapped:        0 kB
Node 1 HugePages_Total:     0
Node 1 HugePages_Free:      0
Node 1 HugePages_Surp:      0

Load ZFS
Node 0 MemTotal:       24768352 kB
Node 0 MemFree:        24370804 kB
Node 0 MemUsed:          397548 kB
Node 0 Active:            76408 kB
Node 0 Inactive:          38312 kB
Node 0 Active(anon):      26472 kB
Node 0 Inactive(anon):      400 kB
Node 0 Active(file):      49936 kB
Node 0 Inactive(file):    37912 kB
Node 0 Unevictable:        5248 kB
Node 0 Mlocked:            5248 kB
Node 0 Dirty:               120 kB
Node 0 Writeback:             0 kB
Node 0 FilePages:         93692 kB
Node 0 Mapped:            35192 kB
Node 0 AnonPages:         26220 kB
Node 0 Shmem:               600 kB
Node 0 KernelStack:        2152 kB
Node 0 PageTables:          780 kB
Node 0 NFS_Unstable:          0 kB
Node 0 Bounce:                0 kB
Node 0 WritebackTmp:          0 kB
Node 0 KReclaimable:      24140 kB
Node 0 Slab:              59936 kB
Node 0 SReclaimable:      24140 kB
Node 0 SUnreclaim:        35796 kB
Node 0 AnonHugePages:         0 kB
Node 0 ShmemHugePages:        0 kB
Node 0 ShmemPmdMapped:        0 kB
Node 0 FileHugePages:        0 kB
Node 0 FilePmdMapped:        0 kB
Node 0 HugePages_Total:     0
Node 0 HugePages_Free:      0
Node 0 HugePages_Surp:      0

Node 1 MemTotal:       24661580 kB
Node 1 MemFree:        24428372 kB
Node 1 MemUsed:          233208 kB
Node 1 Active:            29724 kB
Node 1 Inactive:          55488 kB
Node 1 Active(anon):      10636 kB
Node 1 Inactive(anon):      456 kB
Node 1 Active(file):      19088 kB
Node 1 Inactive(file):    55032 kB
Node 1 Unevictable:       13276 kB
Node 1 Mlocked:           13276 kB
Node 1 Dirty:               176 kB
Node 1 Writeback:             0 kB
Node 1 FilePages:         77744 kB
Node 1 Mapped:            15508 kB
Node 1 AnonPages:         20820 kB
Node 1 Shmem:               668 kB
Node 1 KernelStack:        1576 kB
Node 1 PageTables:          572 kB
Node 1 NFS_Unstable:          0 kB
Node 1 Bounce:                0 kB
Node 1 WritebackTmp:          0 kB
Node 1 KReclaimable:      19440 kB
Node 1 Slab:              52068 kB
Node 1 SReclaimable:      19440 kB
Node 1 SUnreclaim:        32628 kB
Node 1 AnonHugePages:         0 kB
Node 1 ShmemHugePages:        0 kB
Node 1 ShmemPmdMapped:        0 kB
Node 1 FileHugePages:        0 kB
Node 1 FilePmdMapped:        0 kB
Node 1 HugePages_Total:     0
Node 1 HugePages_Free:      0
Node 1 HugePages_Surp:      0

Import tank ZPool
Node 0 MemTotal:       24768352 kB
Node 0 MemFree:        24364916 kB
Node 0 MemUsed:          403436 kB
Node 0 Active:            77396 kB
Node 0 Inactive:          39468 kB
Node 0 Active(anon):      27096 kB
Node 0 Inactive(anon):      404 kB
Node 0 Active(file):      50300 kB
Node 0 Inactive(file):    39064 kB
Node 0 Unevictable:        5248 kB
Node 0 Mlocked:            5248 kB
Node 0 Dirty:               160 kB
Node 0 Writeback:             0 kB
Node 0 FilePages:         95212 kB
Node 0 Mapped:            35376 kB
Node 0 AnonPages:         26732 kB
Node 0 Shmem:               600 kB
Node 0 KernelStack:        2200 kB
Node 0 PageTables:          860 kB
Node 0 NFS_Unstable:          0 kB
Node 0 Bounce:                0 kB
Node 0 WritebackTmp:          0 kB
Node 0 KReclaimable:      24268 kB
Node 0 Slab:              64556 kB
Node 0 SReclaimable:      24268 kB
Node 0 SUnreclaim:        40288 kB
Node 0 AnonHugePages:         0 kB
Node 0 ShmemHugePages:        0 kB
Node 0 ShmemPmdMapped:        0 kB
Node 0 FileHugePages:        0 kB
Node 0 FilePmdMapped:        0 kB
Node 0 HugePages_Total:     0
Node 0 HugePages_Free:      0
Node 0 HugePages_Surp:      0

Node 1 MemTotal:       24661580 kB
Node 1 MemFree:        24412440 kB
Node 1 MemUsed:          249140 kB
Node 1 Active:            29772 kB
Node 1 Inactive:          55492 kB
Node 1 Active(anon):      10684 kB
Node 1 Inactive(anon):      456 kB
Node 1 Active(file):      19088 kB
Node 1 Inactive(file):    55036 kB
Node 1 Unevictable:       13276 kB
Node 1 Mlocked:           13276 kB
Node 1 Dirty:               204 kB
Node 1 Writeback:             0 kB
Node 1 FilePages:         77780 kB
Node 1 Mapped:            15364 kB
Node 1 AnonPages:         20852 kB
Node 1 Shmem:               668 kB
Node 1 KernelStack:        2648 kB
Node 1 PageTables:          572 kB
Node 1 NFS_Unstable:          0 kB
Node 1 Bounce:                0 kB
Node 1 WritebackTmp:          0 kB
Node 1 KReclaimable:      19440 kB
Node 1 Slab:              54796 kB
Node 1 SReclaimable:      19440 kB
Node 1 SUnreclaim:        35356 kB
Node 1 AnonHugePages:         0 kB
Node 1 ShmemHugePages:        0 kB
Node 1 ShmemPmdMapped:        0 kB
Node 1 FileHugePages:        0 kB
Node 1 FilePmdMapped:        0 kB
Node 1 HugePages_Total:     0
Node 1 HugePages_Free:      0
Node 1 HugePages_Surp:      0

After Test
Node 0 MemTotal:       24768352 kB
Node 0 MemFree:        24365312 kB
Node 0 MemUsed:          403040 kB
Node 0 Active:            77092 kB
Node 0 Inactive:          39180 kB
Node 0 Active(anon):      26468 kB
Node 0 Inactive(anon):      404 kB
Node 0 Active(file):      50624 kB
Node 0 Inactive(file):    38776 kB
Node 0 Unevictable:        5248 kB
Node 0 Mlocked:            5248 kB
Node 0 Dirty:               160 kB
Node 0 Writeback:             0 kB
Node 0 FilePages:         95244 kB
Node 0 Mapped:            35240 kB
Node 0 AnonPages:         26324 kB
Node 0 Shmem:               600 kB
Node 0 KernelStack:        2248 kB
Node 0 PageTables:          752 kB
Node 0 NFS_Unstable:          0 kB
Node 0 Bounce:                0 kB
Node 0 WritebackTmp:          0 kB
Node 0 KReclaimable:      24292 kB
Node 0 Slab:              64380 kB
Node 0 SReclaimable:      24292 kB
Node 0 SUnreclaim:        40088 kB
Node 0 AnonHugePages:         0 kB
Node 0 ShmemHugePages:        0 kB
Node 0 ShmemPmdMapped:        0 kB
Node 0 FileHugePages:        0 kB
Node 0 FilePmdMapped:        0 kB
Node 0 HugePages_Total:     0
Node 0 HugePages_Free:      0
Node 0 HugePages_Surp:      0

Node 1 MemTotal:       24661580 kB
Node 1 MemFree:        23877080 kB
Node 1 MemUsed:          784500 kB
Node 1 Active:            30652 kB
Node 1 Inactive:          55508 kB
Node 1 Active(anon):      11116 kB
Node 1 Inactive(anon):      456 kB
Node 1 Active(file):      19536 kB
Node 1 Inactive(file):    55052 kB
Node 1 Unevictable:       13276 kB
Node 1 Mlocked:           13276 kB
Node 1 Dirty:                96 kB
Node 1 Writeback:             0 kB
Node 1 FilePages:         78204 kB
Node 1 Mapped:            15360 kB
Node 1 AnonPages:         21012 kB
Node 1 Shmem:               668 kB
Node 1 KernelStack:        2664 kB
Node 1 PageTables:          624 kB
Node 1 NFS_Unstable:          0 kB
Node 1 Bounce:                0 kB
Node 1 WritebackTmp:          0 kB
Node 1 KReclaimable:      19480 kB
Node 1 Slab:              57932 kB
Node 1 SReclaimable:      19480 kB
Node 1 SUnreclaim:        38452 kB
Node 1 AnonHugePages:         0 kB
Node 1 ShmemHugePages:        0 kB
Node 1 ShmemPmdMapped:        0 kB
Node 1 FileHugePages:        0 kB
Node 1 FilePmdMapped:        0 kB
Node 1 HugePages_Total:     0
Node 1 HugePages_Free:      0
Node 1 HugePages_Surp:      0

After Opposite Node
Node 0 MemTotal:       24768352 kB
Node 0 MemFree:        24364656 kB
Node 0 MemUsed:          403696 kB
Node 0 Active:            77488 kB
Node 0 Inactive:          39168 kB
Node 0 Active(anon):      26836 kB
Node 0 Inactive(anon):      404 kB
Node 0 Active(file):      50652 kB
Node 0 Inactive(file):    38764 kB
Node 0 Unevictable:        5248 kB
Node 0 Mlocked:            5248 kB
Node 0 Dirty:               172 kB
Node 0 Writeback:             0 kB
Node 0 FilePages:         95260 kB
Node 0 Mapped:            35292 kB
Node 0 AnonPages:         26704 kB
Node 0 Shmem:               600 kB
Node 0 KernelStack:        2264 kB
Node 0 PageTables:          852 kB
Node 0 NFS_Unstable:          0 kB
Node 0 Bounce:                0 kB
Node 0 WritebackTmp:          0 kB
Node 0 KReclaimable:      24324 kB
Node 0 Slab:              64504 kB
Node 0 SReclaimable:      24324 kB
Node 0 SUnreclaim:        40180 kB
Node 0 AnonHugePages:         0 kB
Node 0 ShmemHugePages:        0 kB
Node 0 ShmemPmdMapped:        0 kB
Node 0 FileHugePages:        0 kB
Node 0 FilePmdMapped:        0 kB
Node 0 HugePages_Total:     0
Node 0 HugePages_Free:      0
Node 0 HugePages_Surp:      0

Node 1 MemTotal:       24661580 kB
Node 1 MemFree:        23877072 kB
Node 1 MemUsed:          784508 kB
Node 1 Active:            30504 kB
Node 1 Inactive:          55464 kB
Node 1 Active(anon):      10924 kB
Node 1 Inactive(anon):      456 kB
Node 1 Active(file):      19580 kB
Node 1 Inactive(file):    55008 kB
Node 1 Unevictable:       13276 kB
Node 1 Mlocked:           13276 kB
Node 1 Dirty:                96 kB
Node 1 Writeback:             0 kB
Node 1 FilePages:         78204 kB
Node 1 Mapped:            15360 kB
Node 1 AnonPages:         21056 kB
Node 1 Shmem:               668 kB
Node 1 KernelStack:        2648 kB
Node 1 PageTables:          576 kB
Node 1 NFS_Unstable:          0 kB
Node 1 Bounce:                0 kB
Node 1 WritebackTmp:          0 kB
Node 1 KReclaimable:      19480 kB
Node 1 Slab:              57948 kB
Node 1 SReclaimable:      19480 kB
Node 1 SUnreclaim:        38468 kB
Node 1 AnonHugePages:         0 kB
Node 1 ShmemHugePages:        0 kB
Node 1 ShmemPmdMapped:        0 kB
Node 1 FileHugePages:        0 kB
Node 1 FilePmdMapped:        0 kB
Node 1 HugePages_Total:     0
Node 1 HugePages_Free:      0
Node 1 HugePages_Surp:      0

U.1.simpleread.250M.2.O.1M Complete!
