U.1.simpleread.8G.3.O.1M
Begin
Node 0 MemTotal:       24743736 kB
Node 0 MemFree:        24484364 kB
Node 0 MemUsed:          259372 kB
Node 0 Active:            52272 kB
Node 0 Inactive:          58956 kB
Node 0 Active(anon):      27160 kB
Node 0 Inactive(anon):      468 kB
Node 0 Active(file):      25112 kB
Node 0 Inactive(file):    58488 kB
Node 0 Unevictable:        5392 kB
Node 0 Mlocked:            5392 kB
Node 0 Dirty:               148 kB
Node 0 Writeback:             0 kB
Node 0 FilePages:         89716 kB
Node 0 Mapped:            23728 kB
Node 0 AnonPages:         26984 kB
Node 0 Shmem:               696 kB
Node 0 KernelStack:        1912 kB
Node 0 PageTables:          760 kB
Node 0 NFS_Unstable:          0 kB
Node 0 Bounce:                0 kB
Node 0 WritebackTmp:          0 kB
Node 0 KReclaimable:      21960 kB
Node 0 Slab:              61504 kB
Node 0 SReclaimable:      21960 kB
Node 0 SUnreclaim:        39544 kB
Node 0 AnonHugePages:         0 kB
Node 0 ShmemHugePages:        0 kB
Node 0 ShmemPmdMapped:        0 kB
Node 0 FileHugePages:        0 kB
Node 0 FilePmdMapped:        0 kB
Node 0 HugePages_Total:     0
Node 0 HugePages_Free:      0
Node 0 HugePages_Surp:      0

Node 1 MemTotal:       24686196 kB
Node 1 MemFree:        24324388 kB
Node 1 MemUsed:          361808 kB
Node 1 Active:            43464 kB
Node 1 Inactive:          41388 kB
Node 1 Active(anon):       6656 kB
Node 1 Inactive(anon):      424 kB
Node 1 Active(file):      36808 kB
Node 1 Inactive(file):    40964 kB
Node 1 Unevictable:       13132 kB
Node 1 Mlocked:           13132 kB
Node 1 Dirty:               388 kB
Node 1 Writeback:             0 kB
Node 1 FilePages:         81172 kB
Node 1 Mapped:            33612 kB
Node 1 AnonPages:         16888 kB
Node 1 Shmem:               572 kB
Node 1 KernelStack:        1752 kB
Node 1 PageTables:          432 kB
Node 1 NFS_Unstable:          0 kB
Node 1 Bounce:                0 kB
Node 1 WritebackTmp:          0 kB
Node 1 KReclaimable:      20148 kB
Node 1 Slab:              44872 kB
Node 1 SReclaimable:      20148 kB
Node 1 SUnreclaim:        24724 kB
Node 1 AnonHugePages:         0 kB
Node 1 ShmemHugePages:        0 kB
Node 1 ShmemPmdMapped:        0 kB
Node 1 FileHugePages:        0 kB
Node 1 FilePmdMapped:        0 kB
Node 1 HugePages_Total:     0
Node 1 HugePages_Free:      0
Node 1 HugePages_Surp:      0

Load ZFS
Node 0 MemTotal:       24743736 kB
Node 0 MemFree:        24341388 kB
Node 0 MemUsed:          402348 kB
Node 0 Active:            56836 kB
Node 0 Inactive:          59420 kB
Node 0 Active(anon):      30488 kB
Node 0 Inactive(anon):      468 kB
Node 0 Active(file):      26348 kB
Node 0 Inactive(file):    58952 kB
Node 0 Unevictable:        5392 kB
Node 0 Mlocked:            5392 kB
Node 0 Dirty:               148 kB
Node 0 Writeback:             0 kB
Node 0 FilePages:         91384 kB
Node 0 Mapped:            23820 kB
Node 0 AnonPages:         30176 kB
Node 0 Shmem:               696 kB
Node 0 KernelStack:        2040 kB
Node 0 PageTables:         1156 kB
Node 0 NFS_Unstable:          0 kB
Node 0 Bounce:                0 kB
Node 0 WritebackTmp:          0 kB
Node 0 KReclaimable:      22376 kB
Node 0 Slab:              63380 kB
Node 0 SReclaimable:      22376 kB
Node 0 SUnreclaim:        41004 kB
Node 0 AnonHugePages:         0 kB
Node 0 ShmemHugePages:        0 kB
Node 0 ShmemPmdMapped:        0 kB
Node 0 FileHugePages:        0 kB
Node 0 FilePmdMapped:        0 kB
Node 0 HugePages_Total:     0
Node 0 HugePages_Free:      0
Node 0 HugePages_Surp:      0

Node 1 MemTotal:       24686196 kB
Node 1 MemFree:        24452740 kB
Node 1 MemUsed:          233456 kB
Node 1 Active:            53252 kB
Node 1 Inactive:          36860 kB
Node 1 Active(anon):      11044 kB
Node 1 Inactive(anon):      424 kB
Node 1 Active(file):      42208 kB
Node 1 Inactive(file):    36436 kB
Node 1 Unevictable:       13132 kB
Node 1 Mlocked:           13132 kB
Node 1 Dirty:               420 kB
Node 1 Writeback:             0 kB
Node 1 FilePages:         82020 kB
Node 1 Mapped:            33612 kB
Node 1 AnonPages:         21412 kB
Node 1 Shmem:               572 kB
Node 1 KernelStack:        1784 kB
Node 1 PageTables:          564 kB
Node 1 NFS_Unstable:          0 kB
Node 1 Bounce:                0 kB
Node 1 WritebackTmp:          0 kB
Node 1 KReclaimable:      20592 kB
Node 1 Slab:              46620 kB
Node 1 SReclaimable:      20592 kB
Node 1 SUnreclaim:        26028 kB
Node 1 AnonHugePages:         0 kB
Node 1 ShmemHugePages:        0 kB
Node 1 ShmemPmdMapped:        0 kB
Node 1 FileHugePages:        0 kB
Node 1 FilePmdMapped:        0 kB
Node 1 HugePages_Total:     0
Node 1 HugePages_Free:      0
Node 1 HugePages_Surp:      0

Import tank ZPool
Node 0 MemTotal:       24743736 kB
Node 0 MemFree:        24334344 kB
Node 0 MemUsed:          409392 kB
Node 0 Active:            57480 kB
Node 0 Inactive:          60560 kB
Node 0 Active(anon):      30800 kB
Node 0 Inactive(anon):      472 kB
Node 0 Active(file):      26680 kB
Node 0 Inactive(file):    60088 kB
Node 0 Unevictable:        5392 kB
Node 0 Mlocked:            5392 kB
Node 0 Dirty:               172 kB
Node 0 Writeback:             0 kB
Node 0 FilePages:         92852 kB
Node 0 Mapped:            23752 kB
Node 0 AnonPages:         30540 kB
Node 0 Shmem:               696 kB
Node 0 KernelStack:        2040 kB
Node 0 PageTables:         1176 kB
Node 0 NFS_Unstable:          0 kB
Node 0 Bounce:                0 kB
Node 0 WritebackTmp:          0 kB
Node 0 KReclaimable:      22480 kB
Node 0 Slab:              68372 kB
Node 0 SReclaimable:      22480 kB
Node 0 SUnreclaim:        45892 kB
Node 0 AnonHugePages:         0 kB
Node 0 ShmemHugePages:        0 kB
Node 0 ShmemPmdMapped:        0 kB
Node 0 FileHugePages:        0 kB
Node 0 FilePmdMapped:        0 kB
Node 0 HugePages_Total:     0
Node 0 HugePages_Free:      0
Node 0 HugePages_Surp:      0

Node 1 MemTotal:       24686196 kB
Node 1 MemFree:        24439764 kB
Node 1 MemUsed:          246432 kB
Node 1 Active:            53468 kB
Node 1 Inactive:          36820 kB
Node 1 Active(anon):      11212 kB
Node 1 Inactive(anon):      424 kB
Node 1 Active(file):      42256 kB
Node 1 Inactive(file):    36396 kB
Node 1 Unevictable:       13132 kB
Node 1 Mlocked:           13132 kB
Node 1 Dirty:               204 kB
Node 1 Writeback:             0 kB
Node 1 FilePages:         82064 kB
Node 1 Mapped:            33612 kB
Node 1 AnonPages:         21448 kB
Node 1 Shmem:               572 kB
Node 1 KernelStack:        2904 kB
Node 1 PageTables:          564 kB
Node 1 NFS_Unstable:          0 kB
Node 1 Bounce:                0 kB
Node 1 WritebackTmp:          0 kB
Node 1 KReclaimable:      20592 kB
Node 1 Slab:              49124 kB
Node 1 SReclaimable:      20592 kB
Node 1 SUnreclaim:        28532 kB
Node 1 AnonHugePages:         0 kB
Node 1 ShmemHugePages:        0 kB
Node 1 ShmemPmdMapped:        0 kB
Node 1 FileHugePages:        0 kB
Node 1 FilePmdMapped:        0 kB
Node 1 HugePages_Total:     0
Node 1 HugePages_Free:      0
Node 1 HugePages_Surp:      0

After Test
Node 0 MemTotal:       24743736 kB
Node 0 MemFree:        23790632 kB
Node 0 MemUsed:          953104 kB
Node 0 Active:            54088 kB
Node 0 Inactive:          60352 kB
Node 0 Active(anon):      27092 kB
Node 0 Inactive(anon):      472 kB
Node 0 Active(file):      26996 kB
Node 0 Inactive(file):    59880 kB
Node 0 Unevictable:        5392 kB
Node 0 Mlocked:            5392 kB
Node 0 Dirty:                12 kB
Node 0 Writeback:             0 kB
Node 0 FilePages:         92960 kB
Node 0 Mapped:            23688 kB
Node 0 AnonPages:         26872 kB
Node 0 Shmem:               696 kB
Node 0 KernelStack:        1768 kB
Node 0 PageTables:          736 kB
Node 0 NFS_Unstable:          0 kB
Node 0 Bounce:                0 kB
Node 0 WritebackTmp:          0 kB
Node 0 KReclaimable:      22536 kB
Node 0 Slab:              70824 kB
Node 0 SReclaimable:      22536 kB
Node 0 SUnreclaim:        48288 kB
Node 0 AnonHugePages:         0 kB
Node 0 ShmemHugePages:        0 kB
Node 0 ShmemPmdMapped:        0 kB
Node 0 FileHugePages:        0 kB
Node 0 FilePmdMapped:        0 kB
Node 0 HugePages_Total:     0
Node 0 HugePages_Free:      0
Node 0 HugePages_Surp:      0

Node 1 MemTotal:       24686196 kB
Node 1 MemFree:        15741520 kB
Node 1 MemUsed:         8944676 kB
Node 1 Active:            48868 kB
Node 1 Inactive:          36800 kB
Node 1 Active(anon):       6064 kB
Node 1 Inactive(anon):      424 kB
Node 1 Active(file):      42804 kB
Node 1 Inactive(file):    36376 kB
Node 1 Unevictable:       13132 kB
Node 1 Mlocked:           13132 kB
Node 1 Dirty:                16 kB
Node 1 Writeback:             0 kB
Node 1 FilePages:         82576 kB
Node 1 Mapped:            33668 kB
Node 1 AnonPages:         16292 kB
Node 1 Shmem:               572 kB
Node 1 KernelStack:        2936 kB
Node 1 PageTables:          404 kB
Node 1 NFS_Unstable:          0 kB
Node 1 Bounce:                0 kB
Node 1 WritebackTmp:          0 kB
Node 1 KReclaimable:      20764 kB
Node 1 Slab:              80692 kB
Node 1 SReclaimable:      20764 kB
Node 1 SUnreclaim:        59928 kB
Node 1 AnonHugePages:         0 kB
Node 1 ShmemHugePages:        0 kB
Node 1 ShmemPmdMapped:        0 kB
Node 1 FileHugePages:        0 kB
Node 1 FilePmdMapped:        0 kB
Node 1 HugePages_Total:     0
Node 1 HugePages_Free:      0
Node 1 HugePages_Surp:      0

After Opposite Node
Node 0 MemTotal:       24743736 kB
Node 0 MemFree:        23789840 kB
Node 0 MemUsed:          953896 kB
Node 0 Active:            54460 kB
Node 0 Inactive:          60344 kB
Node 0 Active(anon):      27440 kB
Node 0 Inactive(anon):      472 kB
Node 0 Active(file):      27020 kB
Node 0 Inactive(file):    59872 kB
Node 0 Unevictable:        5392 kB
Node 0 Mlocked:            5392 kB
Node 0 Dirty:                48 kB
Node 0 Writeback:             0 kB
Node 0 FilePages:         92976 kB
Node 0 Mapped:            23660 kB
Node 0 AnonPages:         27324 kB
Node 0 Shmem:               696 kB
Node 0 KernelStack:        1784 kB
Node 0 PageTables:          784 kB
Node 0 NFS_Unstable:          0 kB
Node 0 Bounce:                0 kB
Node 0 WritebackTmp:          0 kB
Node 0 KReclaimable:      22568 kB
Node 0 Slab:              72312 kB
Node 0 SReclaimable:      22568 kB
Node 0 SUnreclaim:        49744 kB
Node 0 AnonHugePages:         0 kB
Node 0 ShmemHugePages:        0 kB
Node 0 ShmemPmdMapped:        0 kB
Node 0 FileHugePages:        0 kB
Node 0 FilePmdMapped:        0 kB
Node 0 HugePages_Total:     0
Node 0 HugePages_Free:      0
Node 0 HugePages_Surp:      0

Node 1 MemTotal:       24686196 kB
Node 1 MemFree:        15742820 kB
Node 1 MemUsed:         8943376 kB
Node 1 Active:            48724 kB
Node 1 Inactive:          36540 kB
Node 1 Active(anon):       5656 kB
Node 1 Inactive(anon):      424 kB
Node 1 Active(file):      43068 kB
Node 1 Inactive(file):    36116 kB
Node 1 Unevictable:       13132 kB
Node 1 Mlocked:           13132 kB
Node 1 Dirty:                28 kB
Node 1 Writeback:             0 kB
Node 1 FilePages:         82588 kB
Node 1 Mapped:            33888 kB
Node 1 AnonPages:         15840 kB
Node 1 Shmem:               572 kB
Node 1 KernelStack:        2920 kB
Node 1 PageTables:          344 kB
Node 1 NFS_Unstable:          0 kB
Node 1 Bounce:                0 kB
Node 1 WritebackTmp:          0 kB
Node 1 KReclaimable:      20764 kB
Node 1 Slab:              80116 kB
Node 1 SReclaimable:      20764 kB
Node 1 SUnreclaim:        59352 kB
Node 1 AnonHugePages:         0 kB
Node 1 ShmemHugePages:        0 kB
Node 1 ShmemPmdMapped:        0 kB
Node 1 FileHugePages:        0 kB
Node 1 FilePmdMapped:        0 kB
Node 1 HugePages_Total:     0
Node 1 HugePages_Free:      0
Node 1 HugePages_Surp:      0

U.1.simpleread.8G.3.O.1M Complete!
