kernel.numa_balancing = 0
B.1.fio.500M.2.O
Begin
Node 0 MemTotal:       24743736 kB
Node 0 MemFree:        24353756 kB
Node 0 MemUsed:          389980 kB
Node 0 Active:            54240 kB
Node 0 Inactive:          48000 kB
Node 0 Active(anon):      15996 kB
Node 0 Inactive(anon):      328 kB
Node 0 Active(file):      38244 kB
Node 0 Inactive(file):    47672 kB
Node 0 Unevictable:       17728 kB
Node 0 Mlocked:           17728 kB
Node 0 Dirty:               456 kB
Node 0 Writeback:             0 kB
Node 0 FilePages:         93808 kB
Node 0 Mapped:            44976 kB
Node 0 AnonPages:         26216 kB
Node 0 Shmem:               472 kB
Node 0 KernelStack:        1912 kB
Node 0 PageTables:          528 kB
Node 0 NFS_Unstable:          0 kB
Node 0 Bounce:                0 kB
Node 0 WritebackTmp:          0 kB
Node 0 KReclaimable:      23332 kB
Node 0 Slab:              53132 kB
Node 0 SReclaimable:      23332 kB
Node 0 SUnreclaim:        29800 kB
Node 0 AnonHugePages:         0 kB
Node 0 ShmemHugePages:        0 kB
Node 0 ShmemPmdMapped:        0 kB
Node 0 FileHugePages:        0 kB
Node 0 FilePmdMapped:        0 kB
Node 0 HugePages_Total:     0
Node 0 HugePages_Free:      0
Node 0 HugePages_Surp:      0

Node 1 MemTotal:       24686196 kB
Node 1 MemFree:        24449888 kB
Node 1 MemUsed:          236308 kB
Node 1 Active:            42312 kB
Node 1 Inactive:          59132 kB
Node 1 Active(anon):      17768 kB
Node 1 Inactive(anon):      556 kB
Node 1 Active(file):      24544 kB
Node 1 Inactive(file):    58576 kB
Node 1 Unevictable:         796 kB
Node 1 Mlocked:             796 kB
Node 1 Dirty:                60 kB
Node 1 Writeback:             0 kB
Node 1 FilePages:         84752 kB
Node 1 Mapped:            14356 kB
Node 1 AnonPages:         17572 kB
Node 1 Shmem:               796 kB
Node 1 KernelStack:        1752 kB
Node 1 PageTables:          592 kB
Node 1 NFS_Unstable:          0 kB
Node 1 Bounce:                0 kB
Node 1 WritebackTmp:          0 kB
Node 1 KReclaimable:      17740 kB
Node 1 Slab:              51164 kB
Node 1 SReclaimable:      17740 kB
Node 1 SUnreclaim:        33424 kB
Node 1 AnonHugePages:         0 kB
Node 1 ShmemHugePages:        0 kB
Node 1 ShmemPmdMapped:        0 kB
Node 1 FileHugePages:        0 kB
Node 1 FilePmdMapped:        0 kB
Node 1 HugePages_Total:     0
Node 1 HugePages_Free:      0
Node 1 HugePages_Surp:      0

Load ZFS
Node 0 MemTotal:       24743736 kB
Node 0 MemFree:        24238588 kB
Node 0 MemUsed:          505148 kB
Node 0 Active:            67620 kB
Node 0 Inactive:         137868 kB
Node 0 Active(anon):      28216 kB
Node 0 Inactive(anon):      420 kB
Node 0 Active(file):      39404 kB
Node 0 Inactive(file):   137448 kB
Node 0 Unevictable:       17944 kB
Node 0 Mlocked:           17944 kB
Node 0 Dirty:               472 kB
Node 0 Writeback:             0 kB
Node 0 FilePages:        184824 kB
Node 0 Mapped:            46316 kB
Node 0 AnonPages:         38608 kB
Node 0 Shmem:               576 kB
Node 0 KernelStack:        2184 kB
Node 0 PageTables:         1188 kB
Node 0 NFS_Unstable:          0 kB
Node 0 Bounce:                0 kB
Node 0 WritebackTmp:          0 kB
Node 0 KReclaimable:      24528 kB
Node 0 Slab:              57600 kB
Node 0 SReclaimable:      24528 kB
Node 0 SUnreclaim:        33072 kB
Node 0 AnonHugePages:         0 kB
Node 0 ShmemHugePages:        0 kB
Node 0 ShmemPmdMapped:        0 kB
Node 0 FileHugePages:        0 kB
Node 0 FilePmdMapped:        0 kB
Node 0 HugePages_Total:     0
Node 0 HugePages_Free:      0
Node 0 HugePages_Surp:      0

Node 1 MemTotal:       24686196 kB
Node 1 MemFree:        24419596 kB
Node 1 MemUsed:          266600 kB
Node 1 Active:            56432 kB
Node 1 Inactive:          72808 kB
Node 1 Active(anon):      30812 kB
Node 1 Inactive(anon):      528 kB
Node 1 Active(file):      25620 kB
Node 1 Inactive(file):    72280 kB
Node 1 Unevictable:         796 kB
Node 1 Mlocked:             796 kB
Node 1 Dirty:               100 kB
Node 1 Writeback:             0 kB
Node 1 FilePages:         99388 kB
Node 1 Mapped:            16864 kB
Node 1 AnonPages:         30968 kB
Node 1 Shmem:               692 kB
Node 1 KernelStack:        2084 kB
Node 1 PageTables:         1700 kB
Node 1 NFS_Unstable:          0 kB
Node 1 Bounce:                0 kB
Node 1 WritebackTmp:          0 kB
Node 1 KReclaimable:      18448 kB
Node 1 Slab:              54316 kB
Node 1 SReclaimable:      18448 kB
Node 1 SUnreclaim:        35868 kB
Node 1 AnonHugePages:         0 kB
Node 1 ShmemHugePages:        0 kB
Node 1 ShmemPmdMapped:        0 kB
Node 1 FileHugePages:        0 kB
Node 1 FilePmdMapped:        0 kB
Node 1 HugePages_Total:     0
Node 1 HugePages_Free:      0
Node 1 HugePages_Surp:      0

Import tank ZPool
Node 0 MemTotal:       24743736 kB
Node 0 MemFree:        24250712 kB
Node 0 MemUsed:          493024 kB
Node 0 Active:            56408 kB
Node 0 Inactive:         137680 kB
Node 0 Active(anon):      16812 kB
Node 0 Inactive(anon):      420 kB
Node 0 Active(file):      39596 kB
Node 0 Inactive(file):   137260 kB
Node 0 Unevictable:       17960 kB
Node 0 Mlocked:           17960 kB
Node 0 Dirty:               468 kB
Node 0 Writeback:             0 kB
Node 0 FilePages:        184836 kB
Node 0 Mapped:            45268 kB
Node 0 AnonPages:         27088 kB
Node 0 Shmem:               572 kB
Node 0 KernelStack:        1992 kB
Node 0 PageTables:          688 kB
Node 0 NFS_Unstable:          0 kB
Node 0 Bounce:                0 kB
Node 0 WritebackTmp:          0 kB
Node 0 KReclaimable:      24528 kB
Node 0 Slab:              57912 kB
Node 0 SReclaimable:      24528 kB
Node 0 SUnreclaim:        33384 kB
Node 0 AnonHugePages:         0 kB
Node 0 ShmemHugePages:        0 kB
Node 0 ShmemPmdMapped:        0 kB
Node 0 FileHugePages:        0 kB
Node 0 FilePmdMapped:        0 kB
Node 0 HugePages_Total:     0
Node 0 HugePages_Free:      0
Node 0 HugePages_Surp:      0

Node 1 MemTotal:       24686196 kB
Node 1 MemFree:        24416800 kB
Node 1 MemUsed:          269396 kB
Node 1 Active:            44172 kB
Node 1 Inactive:          73784 kB
Node 1 Active(anon):      17824 kB
Node 1 Inactive(anon):      532 kB
Node 1 Active(file):      26348 kB
Node 1 Inactive(file):    73252 kB
Node 1 Unevictable:         796 kB
Node 1 Mlocked:             796 kB
Node 1 Dirty:                92 kB
Node 1 Writeback:             0 kB
Node 1 FilePages:        101092 kB
Node 1 Mapped:            14604 kB
Node 1 AnonPages:         16968 kB
Node 1 Shmem:               696 kB
Node 1 KernelStack:        2904 kB
Node 1 PageTables:          808 kB
Node 1 NFS_Unstable:          0 kB
Node 1 Bounce:                0 kB
Node 1 WritebackTmp:          0 kB
Node 1 KReclaimable:      18584 kB
Node 1 Slab:              60280 kB
Node 1 SReclaimable:      18584 kB
Node 1 SUnreclaim:        41696 kB
Node 1 AnonHugePages:         0 kB
Node 1 ShmemHugePages:        0 kB
Node 1 ShmemPmdMapped:        0 kB
Node 1 FileHugePages:        0 kB
Node 1 FilePmdMapped:        0 kB
Node 1 HugePages_Total:     0
Node 1 HugePages_Free:      0
Node 1 HugePages_Surp:      0

After Test
Node 0 MemTotal:       24743736 kB
Node 0 MemFree:        23881488 kB
Node 0 MemUsed:          862248 kB
Node 0 Active:            55752 kB
Node 0 Inactive:         137676 kB
Node 0 Active(anon):      16120 kB
Node 0 Inactive(anon):      416 kB
Node 0 Active(file):      39632 kB
Node 0 Inactive(file):   137260 kB
Node 0 Unevictable:       17960 kB
Node 0 Mlocked:           17960 kB
Node 0 Dirty:               388 kB
Node 0 Writeback:             0 kB
Node 0 FilePages:        184860 kB
Node 0 Mapped:            44940 kB
Node 0 AnonPages:         26524 kB
Node 0 Shmem:               572 kB
Node 0 KernelStack:        1928 kB
Node 0 PageTables:          508 kB
Node 0 NFS_Unstable:          0 kB
Node 0 Bounce:                0 kB
Node 0 WritebackTmp:          0 kB
Node 0 KReclaimable:      24528 kB
Node 0 Slab:              59212 kB
Node 0 SReclaimable:      24528 kB
Node 0 SUnreclaim:        34684 kB
Node 0 AnonHugePages:         0 kB
Node 0 ShmemHugePages:        0 kB
Node 0 ShmemPmdMapped:        0 kB
Node 0 FileHugePages:        0 kB
Node 0 FilePmdMapped:        0 kB
Node 0 HugePages_Total:     0
Node 0 HugePages_Free:      0
Node 0 HugePages_Surp:      0

Node 1 MemTotal:       24686196 kB
Node 1 MemFree:        23721716 kB
Node 1 MemUsed:          964480 kB
Node 1 Active:            44580 kB
Node 1 Inactive:          74644 kB
Node 1 Active(anon):      17232 kB
Node 1 Inactive(anon):      552 kB
Node 1 Active(file):      27348 kB
Node 1 Inactive(file):    74092 kB
Node 1 Unevictable:         796 kB
Node 1 Mlocked:             796 kB
Node 1 Dirty:                68 kB
Node 1 Writeback:             0 kB
Node 1 FilePages:        102976 kB
Node 1 Mapped:            14604 kB
Node 1 AnonPages:         16956 kB
Node 1 Shmem:               740 kB
Node 1 KernelStack:        2808 kB
Node 1 PageTables:          664 kB
Node 1 NFS_Unstable:          0 kB
Node 1 Bounce:                0 kB
Node 1 WritebackTmp:          0 kB
Node 1 KReclaimable:      19904 kB
Node 1 Slab:              66300 kB
Node 1 SReclaimable:      19904 kB
Node 1 SUnreclaim:        46396 kB
Node 1 AnonHugePages:         0 kB
Node 1 ShmemHugePages:        0 kB
Node 1 ShmemPmdMapped:        0 kB
Node 1 FileHugePages:        0 kB
Node 1 FilePmdMapped:        0 kB
Node 1 HugePages_Total:     0
Node 1 HugePages_Free:      0
Node 1 HugePages_Surp:      0

After Opposite Node
Node 0 MemTotal:       24743736 kB
Node 0 MemFree:        23881848 kB
Node 0 MemUsed:          861888 kB
Node 0 Active:            55920 kB
Node 0 Inactive:         137708 kB
Node 0 Active(anon):      16280 kB
Node 0 Inactive(anon):      440 kB
Node 0 Active(file):      39640 kB
Node 0 Inactive(file):   137268 kB
Node 0 Unevictable:       17960 kB
Node 0 Mlocked:           17960 kB
Node 0 Dirty:               396 kB
Node 0 Writeback:             0 kB
Node 0 FilePages:        184920 kB
Node 0 Mapped:            44984 kB
Node 0 AnonPages:         26580 kB
Node 0 Shmem:               616 kB
Node 0 KernelStack:        1928 kB
Node 0 PageTables:          624 kB
Node 0 NFS_Unstable:          0 kB
Node 0 Bounce:                0 kB
Node 0 WritebackTmp:          0 kB
Node 0 KReclaimable:      24560 kB
Node 0 Slab:              59352 kB
Node 0 SReclaimable:      24560 kB
Node 0 SUnreclaim:        34792 kB
Node 0 AnonHugePages:         0 kB
Node 0 ShmemHugePages:        0 kB
Node 0 ShmemPmdMapped:        0 kB
Node 0 FileHugePages:        0 kB
Node 0 FilePmdMapped:        0 kB
Node 0 HugePages_Total:     0
Node 0 HugePages_Free:      0
Node 0 HugePages_Surp:      0

Node 1 MemTotal:       24686196 kB
Node 1 MemFree:        23722568 kB
Node 1 MemUsed:          963628 kB
Node 1 Active:            44728 kB
Node 1 Inactive:          74460 kB
Node 1 Active(anon):      17072 kB
Node 1 Inactive(anon):      528 kB
Node 1 Active(file):      27656 kB
Node 1 Inactive(file):    73932 kB
Node 1 Unevictable:         796 kB
Node 1 Mlocked:             796 kB
Node 1 Dirty:                84 kB
Node 1 Writeback:             0 kB
Node 1 FilePages:        103080 kB
Node 1 Mapped:            14572 kB
Node 1 AnonPages:         16904 kB
Node 1 Shmem:               696 kB
Node 1 KernelStack:        2824 kB
Node 1 PageTables:          552 kB
Node 1 NFS_Unstable:          0 kB
Node 1 Bounce:                0 kB
Node 1 WritebackTmp:          0 kB
Node 1 KReclaimable:      19908 kB
Node 1 Slab:              66296 kB
Node 1 SReclaimable:      19908 kB
Node 1 SUnreclaim:        46388 kB
Node 1 AnonHugePages:         0 kB
Node 1 ShmemHugePages:        0 kB
Node 1 ShmemPmdMapped:        0 kB
Node 1 FileHugePages:        0 kB
Node 1 FilePmdMapped:        0 kB
Node 1 HugePages_Total:     0
Node 1 HugePages_Free:      0
Node 1 HugePages_Surp:      0

B.1.fio.500M.2.O Complete!
