kernel.numa_balancing = 0
U.1.1G-simpleread.500M.2.O.1M
Begin
Node 0 MemTotal:       24768352 kB
Node 0 MemFree:        24398596 kB
Node 0 MemUsed:          369756 kB
Node 0 Active:            60052 kB
Node 0 Inactive:          27576 kB
Node 0 Active(anon):      21316 kB
Node 0 Inactive(anon):      572 kB
Node 0 Active(file):      38736 kB
Node 0 Inactive(file):    27004 kB
Node 0 Unevictable:       13736 kB
Node 0 Mlocked:           13736 kB
Node 0 Dirty:               268 kB
Node 0 Writeback:             0 kB
Node 0 FilePages:         69952 kB
Node 0 Mapped:            19272 kB
Node 0 AnonPages:         31432 kB
Node 0 Shmem:               780 kB
Node 0 KernelStack:        2152 kB
Node 0 PageTables:          596 kB
Node 0 NFS_Unstable:          0 kB
Node 0 Bounce:                0 kB
Node 0 WritebackTmp:          0 kB
Node 0 KReclaimable:      18968 kB
Node 0 Slab:              51728 kB
Node 0 SReclaimable:      18968 kB
Node 0 SUnreclaim:        32760 kB
Node 0 AnonHugePages:         0 kB
Node 0 ShmemHugePages:        0 kB
Node 0 ShmemPmdMapped:        0 kB
Node 0 FileHugePages:        0 kB
Node 0 FilePmdMapped:        0 kB
Node 0 HugePages_Total:     0
Node 0 HugePages_Free:      0
Node 0 HugePages_Surp:      0

Node 1 MemTotal:       24661580 kB
Node 1 MemFree:        24392856 kB
Node 1 MemUsed:          268724 kB
Node 1 Active:            35924 kB
Node 1 Inactive:          89820 kB
Node 1 Active(anon):      12648 kB
Node 1 Inactive(anon):      312 kB
Node 1 Active(file):      23276 kB
Node 1 Inactive(file):    89508 kB
Node 1 Unevictable:        4784 kB
Node 1 Mlocked:            4784 kB
Node 1 Dirty:               164 kB
Node 1 Writeback:             0 kB
Node 1 FilePages:        118084 kB
Node 1 Mapped:            44032 kB
Node 1 AnonPages:         12472 kB
Node 1 Shmem:               488 kB
Node 1 KernelStack:        1416 kB
Node 1 PageTables:          504 kB
Node 1 NFS_Unstable:          0 kB
Node 1 Bounce:                0 kB
Node 1 WritebackTmp:          0 kB
Node 1 KReclaimable:      22804 kB
Node 1 Slab:              54104 kB
Node 1 SReclaimable:      22804 kB
Node 1 SUnreclaim:        31300 kB
Node 1 AnonHugePages:         0 kB
Node 1 ShmemHugePages:        0 kB
Node 1 ShmemPmdMapped:        0 kB
Node 1 FileHugePages:        0 kB
Node 1 FilePmdMapped:        0 kB
Node 1 HugePages_Total:     0
Node 1 HugePages_Free:      0
Node 1 HugePages_Surp:      0

Load ZFS
Node 0 MemTotal:       24768352 kB
Node 0 MemFree:        24526920 kB
Node 0 MemUsed:          241432 kB
Node 0 Active:            69748 kB
Node 0 Inactive:          23108 kB
Node 0 Active(anon):      25404 kB
Node 0 Inactive(anon):      572 kB
Node 0 Active(file):      44344 kB
Node 0 Inactive(file):    22536 kB
Node 0 Unevictable:       13736 kB
Node 0 Mlocked:           13736 kB
Node 0 Dirty:                12 kB
Node 0 Writeback:             0 kB
Node 0 FilePages:         71072 kB
Node 0 Mapped:            19220 kB
Node 0 AnonPages:         35680 kB
Node 0 Shmem:               780 kB
Node 0 KernelStack:        2408 kB
Node 0 PageTables:          892 kB
Node 0 NFS_Unstable:          0 kB
Node 0 Bounce:                0 kB
Node 0 WritebackTmp:          0 kB
Node 0 KReclaimable:      19440 kB
Node 0 Slab:              53044 kB
Node 0 SReclaimable:      19440 kB
Node 0 SUnreclaim:        33604 kB
Node 0 AnonHugePages:         0 kB
Node 0 ShmemHugePages:        0 kB
Node 0 ShmemPmdMapped:        0 kB
Node 0 FileHugePages:        0 kB
Node 0 FilePmdMapped:        0 kB
Node 0 HugePages_Total:     0
Node 0 HugePages_Free:      0
Node 0 HugePages_Surp:      0

Node 1 MemTotal:       24661580 kB
Node 1 MemFree:        24252772 kB
Node 1 MemUsed:          408808 kB
Node 1 Active:            38140 kB
Node 1 Inactive:          90240 kB
Node 1 Active(anon):      13820 kB
Node 1 Inactive(anon):      312 kB
Node 1 Active(file):      24320 kB
Node 1 Inactive(file):    89928 kB
Node 1 Unevictable:        4784 kB
Node 1 Mlocked:            4784 kB
Node 1 Dirty:               220 kB
Node 1 Writeback:             0 kB
Node 1 FilePages:        119516 kB
Node 1 Mapped:            44180 kB
Node 1 AnonPages:         13096 kB
Node 1 Shmem:               488 kB
Node 1 KernelStack:        1336 kB
Node 1 PageTables:          544 kB
Node 1 NFS_Unstable:          0 kB
Node 1 Bounce:                0 kB
Node 1 WritebackTmp:          0 kB
Node 1 KReclaimable:      23300 kB
Node 1 Slab:              56464 kB
Node 1 SReclaimable:      23300 kB
Node 1 SUnreclaim:        33164 kB
Node 1 AnonHugePages:         0 kB
Node 1 ShmemHugePages:        0 kB
Node 1 ShmemPmdMapped:        0 kB
Node 1 FileHugePages:        0 kB
Node 1 FilePmdMapped:        0 kB
Node 1 HugePages_Total:     0
Node 1 HugePages_Free:      0
Node 1 HugePages_Surp:      0

Import tank ZPool
Node 0 MemTotal:       24768352 kB
Node 0 MemFree:        24507588 kB
Node 0 MemUsed:          260764 kB
Node 0 Active:            71088 kB
Node 0 Inactive:          24292 kB
Node 0 Active(anon):      26276 kB
Node 0 Inactive(anon):      576 kB
Node 0 Active(file):      44812 kB
Node 0 Inactive(file):    23716 kB
Node 0 Unevictable:       13736 kB
Node 0 Mlocked:           13736 kB
Node 0 Dirty:                36 kB
Node 0 Writeback:             0 kB
Node 0 FilePages:         72748 kB
Node 0 Mapped:            19404 kB
Node 0 AnonPages:         36592 kB
Node 0 Shmem:               784 kB
Node 0 KernelStack:        2488 kB
Node 0 PageTables:          988 kB
Node 0 NFS_Unstable:          0 kB
Node 0 Bounce:                0 kB
Node 0 WritebackTmp:          0 kB
Node 0 KReclaimable:      19596 kB
Node 0 Slab:              58156 kB
Node 0 SReclaimable:      19596 kB
Node 0 SUnreclaim:        38560 kB
Node 0 AnonHugePages:         0 kB
Node 0 ShmemHugePages:        0 kB
Node 0 ShmemPmdMapped:        0 kB
Node 0 FileHugePages:        0 kB
Node 0 FilePmdMapped:        0 kB
Node 0 HugePages_Total:     0
Node 0 HugePages_Free:      0
Node 0 HugePages_Surp:      0

Node 1 MemTotal:       24661580 kB
Node 1 MemFree:        24250404 kB
Node 1 MemUsed:          411176 kB
Node 1 Active:            37816 kB
Node 1 Inactive:          90240 kB
Node 1 Active(anon):      13496 kB
Node 1 Inactive(anon):      312 kB
Node 1 Active(file):      24320 kB
Node 1 Inactive(file):    89928 kB
Node 1 Unevictable:        4784 kB
Node 1 Mlocked:            4784 kB
Node 1 Dirty:               268 kB
Node 1 Writeback:             0 kB
Node 1 FilePages:        119512 kB
Node 1 Mapped:            44308 kB
Node 1 AnonPages:         13324 kB
Node 1 Shmem:               484 kB
Node 1 KernelStack:        2328 kB
Node 1 PageTables:          520 kB
Node 1 NFS_Unstable:          0 kB
Node 1 Bounce:                0 kB
Node 1 WritebackTmp:          0 kB
Node 1 KReclaimable:      23316 kB
Node 1 Slab:              59044 kB
Node 1 SReclaimable:      23316 kB
Node 1 SUnreclaim:        35728 kB
Node 1 AnonHugePages:         0 kB
Node 1 ShmemHugePages:        0 kB
Node 1 ShmemPmdMapped:        0 kB
Node 1 FileHugePages:        0 kB
Node 1 FilePmdMapped:        0 kB
Node 1 HugePages_Total:     0
Node 1 HugePages_Free:      0
Node 1 HugePages_Surp:      0

After Test
Node 0 MemTotal:       24768352 kB
Node 0 MemFree:        24149168 kB
Node 0 MemUsed:          619184 kB
Node 0 Active:            65852 kB
Node 0 Inactive:          24132 kB
Node 0 Active(anon):      20752 kB
Node 0 Inactive(anon):      576 kB
Node 0 Active(file):      45100 kB
Node 0 Inactive(file):    23556 kB
Node 0 Unevictable:       13736 kB
Node 0 Mlocked:           13736 kB
Node 0 Dirty:                32 kB
Node 0 Writeback:             0 kB
Node 0 FilePages:         72860 kB
Node 0 Mapped:            19232 kB
Node 0 AnonPages:         30868 kB
Node 0 Shmem:               784 kB
Node 0 KernelStack:        2280 kB
Node 0 PageTables:          572 kB
Node 0 NFS_Unstable:          0 kB
Node 0 Bounce:                0 kB
Node 0 WritebackTmp:          0 kB
Node 0 KReclaimable:      19644 kB
Node 0 Slab:              59492 kB
Node 0 SReclaimable:      19644 kB
Node 0 SUnreclaim:        39848 kB
Node 0 AnonHugePages:         0 kB
Node 0 ShmemHugePages:        0 kB
Node 0 ShmemPmdMapped:        0 kB
Node 0 FileHugePages:        0 kB
Node 0 FilePmdMapped:        0 kB
Node 0 HugePages_Total:     0
Node 0 HugePages_Free:      0
Node 0 HugePages_Surp:      0

Node 1 MemTotal:       24661580 kB
Node 1 MemFree:        22576772 kB
Node 1 MemUsed:         2084808 kB
Node 1 Active:            37448 kB
Node 1 Inactive:        1066660 kB
Node 1 Active(anon):      12404 kB
Node 1 Inactive(anon):      312 kB
Node 1 Active(file):      25044 kB
Node 1 Inactive(file):  1066348 kB
Node 1 Unevictable:        4784 kB
Node 1 Mlocked:            4784 kB
Node 1 Dirty:               112 kB
Node 1 Writeback:             0 kB
Node 1 FilePages:       1096656 kB
Node 1 Mapped:            44100 kB
Node 1 AnonPages:         12136 kB
Node 1 Shmem:               484 kB
Node 1 KernelStack:        2328 kB
Node 1 PageTables:          620 kB
Node 1 NFS_Unstable:          0 kB
Node 1 Bounce:                0 kB
Node 1 WritebackTmp:          0 kB
Node 1 KReclaimable:      25588 kB
Node 1 Slab:              66256 kB
Node 1 SReclaimable:      25588 kB
Node 1 SUnreclaim:        40668 kB
Node 1 AnonHugePages:         0 kB
Node 1 ShmemHugePages:        0 kB
Node 1 ShmemPmdMapped:        0 kB
Node 1 FileHugePages:        0 kB
Node 1 FilePmdMapped:        0 kB
Node 1 HugePages_Total:     0
Node 1 HugePages_Free:      0
Node 1 HugePages_Surp:      0

After Opposite Node
Node 0 MemTotal:       24768352 kB
Node 0 MemFree:        24149984 kB
Node 0 MemUsed:          618368 kB
Node 0 Active:            66192 kB
Node 0 Inactive:          24084 kB
Node 0 Active(anon):      21024 kB
Node 0 Inactive(anon):      572 kB
Node 0 Active(file):      45168 kB
Node 0 Inactive(file):    23512 kB
Node 0 Unevictable:       13736 kB
Node 0 Mlocked:           13736 kB
Node 0 Dirty:                20 kB
Node 0 Writeback:             0 kB
Node 0 FilePages:         72872 kB
Node 0 Mapped:            19240 kB
Node 0 AnonPages:         31028 kB
Node 0 Shmem:               780 kB
Node 0 KernelStack:        2280 kB
Node 0 PageTables:          784 kB
Node 0 NFS_Unstable:          0 kB
Node 0 Bounce:                0 kB
Node 0 WritebackTmp:          0 kB
Node 0 KReclaimable:      19676 kB
Node 0 Slab:              59620 kB
Node 0 SReclaimable:      19676 kB
Node 0 SUnreclaim:        39944 kB
Node 0 AnonHugePages:         0 kB
Node 0 ShmemHugePages:        0 kB
Node 0 ShmemPmdMapped:        0 kB
Node 0 FileHugePages:        0 kB
Node 0 FilePmdMapped:        0 kB
Node 0 HugePages_Total:     0
Node 0 HugePages_Free:      0
Node 0 HugePages_Surp:      0

Node 1 MemTotal:       24661580 kB
Node 1 MemFree:        22577308 kB
Node 1 MemUsed:         2084272 kB
Node 1 Active:            37256 kB
Node 1 Inactive:        1066448 kB
Node 1 Active(anon):      11992 kB
Node 1 Inactive(anon):      316 kB
Node 1 Active(file):      25264 kB
Node 1 Inactive(file):  1066132 kB
Node 1 Unevictable:        4784 kB
Node 1 Mlocked:            4784 kB
Node 1 Dirty:                56 kB
Node 1 Writeback:             0 kB
Node 1 FilePages:       1096672 kB
Node 1 Mapped:            44104 kB
Node 1 AnonPages:         11820 kB
Node 1 Shmem:               488 kB
Node 1 KernelStack:        2328 kB
Node 1 PageTables:          520 kB
Node 1 NFS_Unstable:          0 kB
Node 1 Bounce:                0 kB
Node 1 WritebackTmp:          0 kB
Node 1 KReclaimable:      25592 kB
Node 1 Slab:              66260 kB
Node 1 SReclaimable:      25592 kB
Node 1 SUnreclaim:        40668 kB
Node 1 AnonHugePages:         0 kB
Node 1 ShmemHugePages:        0 kB
Node 1 ShmemPmdMapped:        0 kB
Node 1 FileHugePages:        0 kB
Node 1 FilePmdMapped:        0 kB
Node 1 HugePages_Total:     0
Node 1 HugePages_Free:      0
Node 1 HugePages_Surp:      0

U.1.1G-simpleread.500M.2.O.1M Complete!
