kernel.numa_balancing = 0
15 Tests Remaining!
U.1.1G-simpleread.4G.1.O.1M
Begin
Node 0 MemTotal:       24743736 kB
Node 0 MemFree:        24523564 kB
Node 0 MemUsed:          220172 kB
Node 0 Active:            33556 kB
Node 0 Inactive:          32048 kB
Node 0 Active(anon):      12196 kB
Node 0 Inactive(anon):      368 kB
Node 0 Active(file):      21360 kB
Node 0 Inactive(file):    31680 kB
Node 0 Unevictable:       17628 kB
Node 0 Mlocked:           17628 kB
Node 0 Dirty:                 0 kB
Node 0 Writeback:             0 kB
Node 0 FilePages:         60872 kB
Node 0 Mapped:            23808 kB
Node 0 AnonPages:         22508 kB
Node 0 Shmem:               524 kB
Node 0 KernelStack:        2120 kB
Node 0 PageTables:          424 kB
Node 0 NFS_Unstable:          0 kB
Node 0 Bounce:                0 kB
Node 0 WritebackTmp:          0 kB
Node 0 KReclaimable:      19552 kB
Node 0 Slab:              51548 kB
Node 0 SReclaimable:      19552 kB
Node 0 SUnreclaim:        31996 kB
Node 0 AnonHugePages:         0 kB
Node 0 ShmemHugePages:        0 kB
Node 0 ShmemPmdMapped:        0 kB
Node 0 FileHugePages:        0 kB
Node 0 FilePmdMapped:        0 kB
Node 0 HugePages_Total:     0
Node 0 HugePages_Free:      0
Node 0 HugePages_Surp:      0

Node 1 MemTotal:       24686196 kB
Node 1 MemFree:        24277448 kB
Node 1 MemUsed:          408748 kB
Node 1 Active:            63876 kB
Node 1 Inactive:          75060 kB
Node 1 Active(anon):      21956 kB
Node 1 Inactive(anon):      516 kB
Node 1 Active(file):      41920 kB
Node 1 Inactive(file):    74544 kB
Node 1 Unevictable:         896 kB
Node 1 Mlocked:             896 kB
Node 1 Dirty:                 0 kB
Node 1 Writeback:             0 kB
Node 1 FilePages:        118104 kB
Node 1 Mapped:            27284 kB
Node 1 AnonPages:         21804 kB
Node 1 Shmem:               744 kB
Node 1 KernelStack:        1688 kB
Node 1 PageTables:          832 kB
Node 1 NFS_Unstable:          0 kB
Node 1 Bounce:                0 kB
Node 1 WritebackTmp:          0 kB
Node 1 KReclaimable:      23344 kB
Node 1 Slab:              56720 kB
Node 1 SReclaimable:      23344 kB
Node 1 SUnreclaim:        33376 kB
Node 1 AnonHugePages:         0 kB
Node 1 ShmemHugePages:        0 kB
Node 1 ShmemPmdMapped:        0 kB
Node 1 FileHugePages:        0 kB
Node 1 FilePmdMapped:        0 kB
Node 1 HugePages_Total:     0
Node 1 HugePages_Free:      0
Node 1 HugePages_Surp:      0

Load ZFS
Node 0 MemTotal:       24743736 kB
Node 0 MemFree:        24515132 kB
Node 0 MemUsed:          228604 kB
Node 0 Active:            39036 kB
Node 0 Inactive:          32508 kB
Node 0 Active(anon):      17404 kB
Node 0 Inactive(anon):      368 kB
Node 0 Active(file):      21632 kB
Node 0 Inactive(file):    32140 kB
Node 0 Unevictable:       17628 kB
Node 0 Mlocked:           17628 kB
Node 0 Dirty:                40 kB
Node 0 Writeback:             0 kB
Node 0 FilePages:         61592 kB
Node 0 Mapped:            23808 kB
Node 0 AnonPages:         27752 kB
Node 0 Shmem:               524 kB
Node 0 KernelStack:        2232 kB
Node 0 PageTables:          772 kB
Node 0 NFS_Unstable:          0 kB
Node 0 Bounce:                0 kB
Node 0 WritebackTmp:          0 kB
Node 0 KReclaimable:      19928 kB
Node 0 Slab:              53548 kB
Node 0 SReclaimable:      19928 kB
Node 0 SUnreclaim:        33620 kB
Node 0 AnonHugePages:         0 kB
Node 0 ShmemHugePages:        0 kB
Node 0 ShmemPmdMapped:        0 kB
Node 0 FileHugePages:        0 kB
Node 0 FilePmdMapped:        0 kB
Node 0 HugePages_Total:     0
Node 0 HugePages_Free:      0
Node 0 HugePages_Surp:      0

Node 1 MemTotal:       24686196 kB
Node 1 MemFree:        24271236 kB
Node 1 MemUsed:          414960 kB
Node 1 Active:            71420 kB
Node 1 Inactive:          70632 kB
Node 1 Active(anon):      23264 kB
Node 1 Inactive(anon):      516 kB
Node 1 Active(file):      48156 kB
Node 1 Inactive(file):    70116 kB
Node 1 Unevictable:         896 kB
Node 1 Mlocked:             896 kB
Node 1 Dirty:               112 kB
Node 1 Writeback:             0 kB
Node 1 FilePages:        119912 kB
Node 1 Mapped:            27284 kB
Node 1 AnonPages:         22780 kB
Node 1 Shmem:               744 kB
Node 1 KernelStack:        1592 kB
Node 1 PageTables:          680 kB
Node 1 NFS_Unstable:          0 kB
Node 1 Bounce:                0 kB
Node 1 WritebackTmp:          0 kB
Node 1 KReclaimable:      23596 kB
Node 1 Slab:              57940 kB
Node 1 SReclaimable:      23596 kB
Node 1 SUnreclaim:        34344 kB
Node 1 AnonHugePages:         0 kB
Node 1 ShmemHugePages:        0 kB
Node 1 ShmemPmdMapped:        0 kB
Node 1 FileHugePages:        0 kB
Node 1 FilePmdMapped:        0 kB
Node 1 HugePages_Total:     0
Node 1 HugePages_Free:      0
Node 1 HugePages_Surp:      0

Import tank ZPool
Node 0 MemTotal:       24743736 kB
Node 0 MemFree:        24515896 kB
Node 0 MemUsed:          227840 kB
Node 0 Active:            39148 kB
Node 0 Inactive:          32512 kB
Node 0 Active(anon):      17512 kB
Node 0 Inactive(anon):      368 kB
Node 0 Active(file):      21636 kB
Node 0 Inactive(file):    32144 kB
Node 0 Unevictable:       17628 kB
Node 0 Mlocked:           17628 kB
Node 0 Dirty:                52 kB
Node 0 Writeback:             0 kB
Node 0 FilePages:         61620 kB
Node 0 Mapped:            24012 kB
Node 0 AnonPages:         27780 kB
Node 0 Shmem:               520 kB
Node 0 KernelStack:        2232 kB
Node 0 PageTables:          772 kB
Node 0 NFS_Unstable:          0 kB
Node 0 Bounce:                0 kB
Node 0 WritebackTmp:          0 kB
Node 0 KReclaimable:      19928 kB
Node 0 Slab:              54080 kB
Node 0 SReclaimable:      19928 kB
Node 0 SUnreclaim:        34152 kB
Node 0 AnonHugePages:         0 kB
Node 0 ShmemHugePages:        0 kB
Node 0 ShmemPmdMapped:        0 kB
Node 0 FileHugePages:        0 kB
Node 0 FilePmdMapped:        0 kB
Node 0 HugePages_Total:     0
Node 0 HugePages_Free:      0
Node 0 HugePages_Surp:      0

Node 1 MemTotal:       24686196 kB
Node 1 MemFree:        24251556 kB
Node 1 MemUsed:          434640 kB
Node 1 Active:            72496 kB
Node 1 Inactive:          71712 kB
Node 1 Active(anon):      23568 kB
Node 1 Inactive(anon):      520 kB
Node 1 Active(file):      48928 kB
Node 1 Inactive(file):    71192 kB
Node 1 Unevictable:         896 kB
Node 1 Mlocked:             896 kB
Node 1 Dirty:               132 kB
Node 1 Writeback:             0 kB
Node 1 FilePages:        121524 kB
Node 1 Mapped:            27380 kB
Node 1 AnonPages:         23160 kB
Node 1 Shmem:               748 kB
Node 1 KernelStack:        2712 kB
Node 1 PageTables:          752 kB
Node 1 NFS_Unstable:          0 kB
Node 1 Bounce:                0 kB
Node 1 WritebackTmp:          0 kB
Node 1 KReclaimable:      23732 kB
Node 1 Slab:              64840 kB
Node 1 SReclaimable:      23732 kB
Node 1 SUnreclaim:        41108 kB
Node 1 AnonHugePages:         0 kB
Node 1 ShmemHugePages:        0 kB
Node 1 ShmemPmdMapped:        0 kB
Node 1 FileHugePages:        0 kB
Node 1 FilePmdMapped:        0 kB
Node 1 HugePages_Total:     0
Node 1 HugePages_Free:      0
Node 1 HugePages_Surp:      0

After Test
Node 0 MemTotal:       24743736 kB
Node 0 MemFree:        23913012 kB
Node 0 MemUsed:          830724 kB
Node 0 Active:            32580 kB
Node 0 Inactive:          32484 kB
Node 0 Active(anon):      10868 kB
Node 0 Inactive(anon):      364 kB
Node 0 Active(file):      21712 kB
Node 0 Inactive(file):    32120 kB
Node 0 Unevictable:       17628 kB
Node 0 Mlocked:           17628 kB
Node 0 Dirty:                12 kB
Node 0 Writeback:             0 kB
Node 0 FilePages:         61688 kB
Node 0 Mapped:            23876 kB
Node 0 AnonPages:         21044 kB
Node 0 Shmem:               516 kB
Node 0 KernelStack:        2008 kB
Node 0 PageTables:          356 kB
Node 0 NFS_Unstable:          0 kB
Node 0 Bounce:                0 kB
Node 0 WritebackTmp:          0 kB
Node 0 KReclaimable:      20000 kB
Node 0 Slab:              57060 kB
Node 0 SReclaimable:      20000 kB
Node 0 SUnreclaim:        37060 kB
Node 0 AnonHugePages:         0 kB
Node 0 ShmemHugePages:        0 kB
Node 0 ShmemPmdMapped:        0 kB
Node 0 FileHugePages:        0 kB
Node 0 FilePmdMapped:        0 kB
Node 0 HugePages_Total:     0
Node 0 HugePages_Free:      0
Node 0 HugePages_Surp:      0

Node 1 MemTotal:       24686196 kB
Node 1 MemFree:        18845096 kB
Node 1 MemUsed:         5841100 kB
Node 1 Active:            71956 kB
Node 1 Inactive:        1048056 kB
Node 1 Active(anon):      22548 kB
Node 1 Inactive(anon):      524 kB
Node 1 Active(file):      49408 kB
Node 1 Inactive(file):  1047532 kB
Node 1 Unevictable:         896 kB
Node 1 Mlocked:             896 kB
Node 1 Dirty:                16 kB
Node 1 Writeback:             0 kB
Node 1 FilePages:       1098636 kB
Node 1 Mapped:            27132 kB
Node 1 AnonPages:         22208 kB
Node 1 Shmem:               752 kB
Node 1 KernelStack:        2616 kB
Node 1 PageTables:          872 kB
Node 1 NFS_Unstable:          0 kB
Node 1 Bounce:                0 kB
Node 1 WritebackTmp:          0 kB
Node 1 KReclaimable:      26076 kB
Node 1 Slab:              84460 kB
Node 1 SReclaimable:      26076 kB
Node 1 SUnreclaim:        58384 kB
Node 1 AnonHugePages:         0 kB
Node 1 ShmemHugePages:        0 kB
Node 1 ShmemPmdMapped:        0 kB
Node 1 FileHugePages:        0 kB
Node 1 FilePmdMapped:        0 kB
Node 1 HugePages_Total:     0
Node 1 HugePages_Free:      0
Node 1 HugePages_Surp:      0

After Opposite Node
Node 0 MemTotal:       24743736 kB
Node 0 MemFree:        23912168 kB
Node 0 MemUsed:          831568 kB
Node 0 Active:            33296 kB
Node 0 Inactive:          32216 kB
Node 0 Active(anon):      11264 kB
Node 0 Inactive(anon):      364 kB
Node 0 Active(file):      22032 kB
Node 0 Inactive(file):    31852 kB
Node 0 Unevictable:       17628 kB
Node 0 Mlocked:           17628 kB
Node 0 Dirty:                 4 kB
Node 0 Writeback:             0 kB
Node 0 FilePages:         61696 kB
Node 0 Mapped:            23880 kB
Node 0 AnonPages:         21180 kB
Node 0 Shmem:               516 kB
Node 0 KernelStack:        2008 kB
Node 0 PageTables:          576 kB
Node 0 NFS_Unstable:          0 kB
Node 0 Bounce:                0 kB
Node 0 WritebackTmp:          0 kB
Node 0 KReclaimable:      20032 kB
Node 0 Slab:              58084 kB
Node 0 SReclaimable:      20032 kB
Node 0 SUnreclaim:        38052 kB
Node 0 AnonHugePages:         0 kB
Node 0 ShmemHugePages:        0 kB
Node 0 ShmemPmdMapped:        0 kB
Node 0 FileHugePages:        0 kB
Node 0 FilePmdMapped:        0 kB
Node 0 HugePages_Total:     0
Node 0 HugePages_Free:      0
Node 0 HugePages_Surp:      0

Node 1 MemTotal:       24686196 kB
Node 1 MemFree:        18846352 kB
Node 1 MemUsed:         5839844 kB
Node 1 Active:            71460 kB
Node 1 Inactive:        1048088 kB
Node 1 Active(anon):      22024 kB
Node 1 Inactive(anon):      524 kB
Node 1 Active(file):      49436 kB
Node 1 Inactive(file):  1047564 kB
Node 1 Unevictable:         896 kB
Node 1 Mlocked:             896 kB
Node 1 Dirty:                20 kB
Node 1 Writeback:             0 kB
Node 1 FilePages:       1098656 kB
Node 1 Mapped:            27124 kB
Node 1 AnonPages:         21840 kB
Node 1 Shmem:               752 kB
Node 1 KernelStack:        2616 kB
Node 1 PageTables:          652 kB
Node 1 NFS_Unstable:          0 kB
Node 1 Bounce:                0 kB
Node 1 WritebackTmp:          0 kB
Node 1 KReclaimable:      26080 kB
Node 1 Slab:              84140 kB
Node 1 SReclaimable:      26080 kB
Node 1 SUnreclaim:        58060 kB
Node 1 AnonHugePages:         0 kB
Node 1 ShmemHugePages:        0 kB
Node 1 ShmemPmdMapped:        0 kB
Node 1 FileHugePages:        0 kB
Node 1 FilePmdMapped:        0 kB
Node 1 HugePages_Total:     0
Node 1 HugePages_Free:      0
Node 1 HugePages_Surp:      0

U.1.1G-simpleread.4G.1.O.1M Complete!
