kernel.numa_balancing = 0
U.1.1G-simpleread.4G.2.O.1M
Begin
Node 0 MemTotal:       24768352 kB
Node 0 MemFree:        24409116 kB
Node 0 MemUsed:          359236 kB
Node 0 Active:            52824 kB
Node 0 Inactive:          26180 kB
Node 0 Active(anon):      11632 kB
Node 0 Inactive(anon):      504 kB
Node 0 Active(file):      41192 kB
Node 0 Inactive(file):    25676 kB
Node 0 Unevictable:       17456 kB
Node 0 Mlocked:           17456 kB
Node 0 Dirty:                 0 kB
Node 0 Writeback:             0 kB
Node 0 FilePages:         74692 kB
Node 0 Mapped:            23912 kB
Node 0 AnonPages:         21884 kB
Node 0 Shmem:               656 kB
Node 0 KernelStack:        1992 kB
Node 0 PageTables:          424 kB
Node 0 NFS_Unstable:          0 kB
Node 0 Bounce:                0 kB
Node 0 WritebackTmp:          0 kB
Node 0 KReclaimable:      22092 kB
Node 0 Slab:              49468 kB
Node 0 SReclaimable:      22092 kB
Node 0 SUnreclaim:        27376 kB
Node 0 AnonHugePages:         0 kB
Node 0 ShmemHugePages:        0 kB
Node 0 ShmemPmdMapped:        0 kB
Node 0 FileHugePages:        0 kB
Node 0 FilePmdMapped:        0 kB
Node 0 HugePages_Total:     0
Node 0 HugePages_Free:      0
Node 0 HugePages_Surp:      0

Node 1 MemTotal:       24661580 kB
Node 1 MemFree:        24397788 kB
Node 1 MemUsed:          263792 kB
Node 1 Active:            42340 kB
Node 1 Inactive:          74388 kB
Node 1 Active(anon):      22300 kB
Node 1 Inactive(anon):      380 kB
Node 1 Active(file):      20040 kB
Node 1 Inactive(file):    74008 kB
Node 1 Unevictable:        1068 kB
Node 1 Mlocked:            1068 kB
Node 1 Dirty:                 4 kB
Node 1 Writeback:             0 kB
Node 1 FilePages:         95740 kB
Node 1 Mapped:            26764 kB
Node 1 AnonPages:         22108 kB
Node 1 Shmem:               612 kB
Node 1 KernelStack:        1624 kB
Node 1 PageTables:          644 kB
Node 1 NFS_Unstable:          0 kB
Node 1 Bounce:                0 kB
Node 1 WritebackTmp:          0 kB
Node 1 KReclaimable:      20340 kB
Node 1 Slab:              58148 kB
Node 1 SReclaimable:      20340 kB
Node 1 SUnreclaim:        37808 kB
Node 1 AnonHugePages:         0 kB
Node 1 ShmemHugePages:        0 kB
Node 1 ShmemPmdMapped:        0 kB
Node 1 FileHugePages:        0 kB
Node 1 FilePmdMapped:        0 kB
Node 1 HugePages_Total:     0
Node 1 HugePages_Free:      0
Node 1 HugePages_Surp:      0

Load ZFS
Node 0 MemTotal:       24768352 kB
Node 0 MemFree:        24401296 kB
Node 0 MemUsed:          367056 kB
Node 0 Active:            60960 kB
Node 0 Inactive:          21876 kB
Node 0 Active(anon):      13536 kB
Node 0 Inactive(anon):      504 kB
Node 0 Active(file):      47424 kB
Node 0 Inactive(file):    21372 kB
Node 0 Unevictable:       17456 kB
Node 0 Mlocked:           17456 kB
Node 0 Dirty:                 8 kB
Node 0 Writeback:             0 kB
Node 0 FilePages:         76580 kB
Node 0 Mapped:            23912 kB
Node 0 AnonPages:         24228 kB
Node 0 Shmem:               656 kB
Node 0 KernelStack:        2024 kB
Node 0 PageTables:          536 kB
Node 0 NFS_Unstable:          0 kB
Node 0 Bounce:                0 kB
Node 0 WritebackTmp:          0 kB
Node 0 KReclaimable:      22548 kB
Node 0 Slab:              51528 kB
Node 0 SReclaimable:      22548 kB
Node 0 SUnreclaim:        28980 kB
Node 0 AnonHugePages:         0 kB
Node 0 ShmemHugePages:        0 kB
Node 0 ShmemPmdMapped:        0 kB
Node 0 FileHugePages:        0 kB
Node 0 FilePmdMapped:        0 kB
Node 0 HugePages_Total:     0
Node 0 HugePages_Free:      0
Node 0 HugePages_Surp:      0

Node 1 MemTotal:       24661580 kB
Node 1 MemFree:        24396848 kB
Node 1 MemUsed:          264732 kB
Node 1 Active:            42600 kB
Node 1 Inactive:          74816 kB
Node 1 Active(anon):      22340 kB
Node 1 Inactive(anon):      380 kB
Node 1 Active(file):      20260 kB
Node 1 Inactive(file):    74436 kB
Node 1 Unevictable:        1068 kB
Node 1 Mlocked:            1068 kB
Node 1 Dirty:                60 kB
Node 1 Writeback:             0 kB
Node 1 FilePages:         96372 kB
Node 1 Mapped:            26924 kB
Node 1 AnonPages:         22108 kB
Node 1 Shmem:               612 kB
Node 1 KernelStack:        1624 kB
Node 1 PageTables:          644 kB
Node 1 NFS_Unstable:          0 kB
Node 1 Bounce:                0 kB
Node 1 WritebackTmp:          0 kB
Node 1 KReclaimable:      20756 kB
Node 1 Slab:              59876 kB
Node 1 SReclaimable:      20756 kB
Node 1 SUnreclaim:        39120 kB
Node 1 AnonHugePages:         0 kB
Node 1 ShmemHugePages:        0 kB
Node 1 ShmemPmdMapped:        0 kB
Node 1 FileHugePages:        0 kB
Node 1 FilePmdMapped:        0 kB
Node 1 HugePages_Total:     0
Node 1 HugePages_Free:      0
Node 1 HugePages_Surp:      0

Import tank ZPool
Node 0 MemTotal:       24768352 kB
Node 0 MemFree:        24402500 kB
Node 0 MemUsed:          365852 kB
Node 0 Active:            61356 kB
Node 0 Inactive:          22428 kB
Node 0 Active(anon):      13900 kB
Node 0 Inactive(anon):      504 kB
Node 0 Active(file):      47456 kB
Node 0 Inactive(file):    21924 kB
Node 0 Unevictable:       17456 kB
Node 0 Mlocked:           17456 kB
Node 0 Dirty:                36 kB
Node 0 Writeback:             0 kB
Node 0 FilePages:         77164 kB
Node 0 Mapped:            24140 kB
Node 0 AnonPages:         24128 kB
Node 0 Shmem:               656 kB
Node 0 KernelStack:        2056 kB
Node 0 PageTables:          520 kB
Node 0 NFS_Unstable:          0 kB
Node 0 Bounce:                0 kB
Node 0 WritebackTmp:          0 kB
Node 0 KReclaimable:      22548 kB
Node 0 Slab:              51608 kB
Node 0 SReclaimable:      22548 kB
Node 0 SUnreclaim:        29060 kB
Node 0 AnonHugePages:         0 kB
Node 0 ShmemHugePages:        0 kB
Node 0 ShmemPmdMapped:        0 kB
Node 0 FileHugePages:        0 kB
Node 0 FilePmdMapped:        0 kB
Node 0 HugePages_Total:     0
Node 0 HugePages_Free:      0
Node 0 HugePages_Surp:      0

Node 1 MemTotal:       24661580 kB
Node 1 MemFree:        24376024 kB
Node 1 MemUsed:          285556 kB
Node 1 Active:            43096 kB
Node 1 Inactive:          75476 kB
Node 1 Active(anon):      22512 kB
Node 1 Inactive(anon):      384 kB
Node 1 Active(file):      20584 kB
Node 1 Inactive(file):    75092 kB
Node 1 Unevictable:        1068 kB
Node 1 Mlocked:            1068 kB
Node 1 Dirty:               128 kB
Node 1 Writeback:             0 kB
Node 1 FilePages:         97384 kB
Node 1 Mapped:            27044 kB
Node 1 AnonPages:         21916 kB
Node 1 Shmem:               612 kB
Node 1 KernelStack:        2728 kB
Node 1 PageTables:          740 kB
Node 1 NFS_Unstable:          0 kB
Node 1 Bounce:                0 kB
Node 1 WritebackTmp:          0 kB
Node 1 KReclaimable:      20856 kB
Node 1 Slab:              66404 kB
Node 1 SReclaimable:      20856 kB
Node 1 SUnreclaim:        45548 kB
Node 1 AnonHugePages:         0 kB
Node 1 ShmemHugePages:        0 kB
Node 1 ShmemPmdMapped:        0 kB
Node 1 FileHugePages:        0 kB
Node 1 FilePmdMapped:        0 kB
Node 1 HugePages_Total:     0
Node 1 HugePages_Free:      0
Node 1 HugePages_Surp:      0

After Test
Node 0 MemTotal:       24768352 kB
Node 0 MemFree:        23925316 kB
Node 0 MemUsed:          843036 kB
Node 0 Active:            58404 kB
Node 0 Inactive:          22220 kB
Node 0 Active(anon):      10708 kB
Node 0 Inactive(anon):      504 kB
Node 0 Active(file):      47696 kB
Node 0 Inactive(file):    21716 kB
Node 0 Unevictable:       17456 kB
Node 0 Mlocked:           17456 kB
Node 0 Dirty:                 0 kB
Node 0 Writeback:             0 kB
Node 0 FilePages:         77196 kB
Node 0 Mapped:            24192 kB
Node 0 AnonPages:         20892 kB
Node 0 Shmem:               656 kB
Node 0 KernelStack:        1960 kB
Node 0 PageTables:          368 kB
Node 0 NFS_Unstable:          0 kB
Node 0 Bounce:                0 kB
Node 0 WritebackTmp:          0 kB
Node 0 KReclaimable:      22596 kB
Node 0 Slab:              53984 kB
Node 0 SReclaimable:      22596 kB
Node 0 SUnreclaim:        31388 kB
Node 0 AnonHugePages:         0 kB
Node 0 ShmemHugePages:        0 kB
Node 0 ShmemPmdMapped:        0 kB
Node 0 FileHugePages:        0 kB
Node 0 FilePmdMapped:        0 kB
Node 0 HugePages_Total:     0
Node 0 HugePages_Free:      0
Node 0 HugePages_Surp:      0

Node 1 MemTotal:       24661580 kB
Node 1 MemFree:        18838348 kB
Node 1 MemUsed:         5823232 kB
Node 1 Active:            44124 kB
Node 1 Inactive:        1051980 kB
Node 1 Active(anon):      22684 kB
Node 1 Inactive(anon):      384 kB
Node 1 Active(file):      21440 kB
Node 1 Inactive(file):  1051596 kB
Node 1 Unevictable:        1068 kB
Node 1 Mlocked:            1068 kB
Node 1 Dirty:                28 kB
Node 1 Writeback:             0 kB
Node 1 FilePages:       1074720 kB
Node 1 Mapped:            26776 kB
Node 1 AnonPages:         22308 kB
Node 1 Shmem:               612 kB
Node 1 KernelStack:        2648 kB
Node 1 PageTables:          852 kB
Node 1 NFS_Unstable:          0 kB
Node 1 Bounce:                0 kB
Node 1 WritebackTmp:          0 kB
Node 1 KReclaimable:      23188 kB
Node 1 Slab:              87140 kB
Node 1 SReclaimable:      23188 kB
Node 1 SUnreclaim:        63952 kB
Node 1 AnonHugePages:         0 kB
Node 1 ShmemHugePages:        0 kB
Node 1 ShmemPmdMapped:        0 kB
Node 1 FileHugePages:        0 kB
Node 1 FilePmdMapped:        0 kB
Node 1 HugePages_Total:     0
Node 1 HugePages_Free:      0
Node 1 HugePages_Surp:      0

After Opposite Node
Node 0 MemTotal:       24768352 kB
Node 0 MemFree:        23925520 kB
Node 0 MemUsed:          842832 kB
Node 0 Active:            59164 kB
Node 0 Inactive:          21928 kB
Node 0 Active(anon):      11160 kB
Node 0 Inactive(anon):      504 kB
Node 0 Active(file):      48004 kB
Node 0 Inactive(file):    21424 kB
Node 0 Unevictable:       17456 kB
Node 0 Mlocked:           17456 kB
Node 0 Dirty:                24 kB
Node 0 Writeback:             0 kB
Node 0 FilePages:         77212 kB
Node 0 Mapped:            23992 kB
Node 0 AnonPages:         21268 kB
Node 0 Shmem:               656 kB
Node 0 KernelStack:        1976 kB
Node 0 PageTables:          584 kB
Node 0 NFS_Unstable:          0 kB
Node 0 Bounce:                0 kB
Node 0 WritebackTmp:          0 kB
Node 0 KReclaimable:      22628 kB
Node 0 Slab:              54896 kB
Node 0 SReclaimable:      22628 kB
Node 0 SUnreclaim:        32268 kB
Node 0 AnonHugePages:         0 kB
Node 0 ShmemHugePages:        0 kB
Node 0 ShmemPmdMapped:        0 kB
Node 0 FileHugePages:        0 kB
Node 0 FilePmdMapped:        0 kB
Node 0 HugePages_Total:     0
Node 0 HugePages_Free:      0
Node 0 HugePages_Surp:      0

Node 1 MemTotal:       24661580 kB
Node 1 MemFree:        18842420 kB
Node 1 MemUsed:         5819160 kB
Node 1 Active:            43612 kB
Node 1 Inactive:        1051980 kB
Node 1 Active(anon):      22160 kB
Node 1 Inactive(anon):      384 kB
Node 1 Active(file):      21452 kB
Node 1 Inactive(file):  1051596 kB
Node 1 Unevictable:        1068 kB
Node 1 Mlocked:            1068 kB
Node 1 Dirty:                52 kB
Node 1 Writeback:             0 kB
Node 1 FilePages:       1074732 kB
Node 1 Mapped:            26776 kB
Node 1 AnonPages:         21932 kB
Node 1 Shmem:               612 kB
Node 1 KernelStack:        2632 kB
Node 1 PageTables:          644 kB
Node 1 NFS_Unstable:          0 kB
Node 1 Bounce:                0 kB
Node 1 WritebackTmp:          0 kB
Node 1 KReclaimable:      23188 kB
Node 1 Slab:              87048 kB
Node 1 SReclaimable:      23188 kB
Node 1 SUnreclaim:        63860 kB
Node 1 AnonHugePages:         0 kB
Node 1 ShmemHugePages:        0 kB
Node 1 ShmemPmdMapped:        0 kB
Node 1 FileHugePages:        0 kB
Node 1 FilePmdMapped:        0 kB
Node 1 HugePages_Total:     0
Node 1 HugePages_Free:      0
Node 1 HugePages_Surp:      0

U.1.1G-simpleread.4G.2.O.1M Complete!
