kernel.numa_balancing = 0
U.1.1G-simpleread.500M.1.O.1M
Begin
Node 0 MemTotal:       24743736 kB
Node 0 MemFree:        24505136 kB
Node 0 MemUsed:          238600 kB
Node 0 Active:            30624 kB
Node 0 Inactive:          69096 kB
Node 0 Active(anon):      12988 kB
Node 0 Inactive(anon):      456 kB
Node 0 Active(file):      17636 kB
Node 0 Inactive(file):    68640 kB
Node 0 Unevictable:        1256 kB
Node 0 Mlocked:            1256 kB
Node 0 Dirty:               452 kB
Node 0 Writeback:             0 kB
Node 0 FilePages:         88248 kB
Node 0 Mapped:            27704 kB
Node 0 AnonPages:         12836 kB
Node 0 Shmem:               696 kB
Node 0 KernelStack:        1736 kB
Node 0 PageTables:          484 kB
Node 0 NFS_Unstable:          0 kB
Node 0 Bounce:                0 kB
Node 0 WritebackTmp:          0 kB
Node 0 KReclaimable:      21264 kB
Node 0 Slab:              57344 kB
Node 0 SReclaimable:      21264 kB
Node 0 SUnreclaim:        36080 kB
Node 0 AnonHugePages:         0 kB
Node 0 ShmemHugePages:        0 kB
Node 0 ShmemPmdMapped:        0 kB
Node 0 FileHugePages:        0 kB
Node 0 FilePmdMapped:        0 kB
Node 0 HugePages_Total:     0
Node 0 HugePages_Free:      0
Node 0 HugePages_Surp:      0

Node 1 MemTotal:       24686196 kB
Node 1 MemFree:        24291488 kB
Node 1 MemUsed:          394708 kB
Node 1 Active:            66676 kB
Node 1 Inactive:          42756 kB
Node 1 Active(anon):      20728 kB
Node 1 Inactive(anon):      416 kB
Node 1 Active(file):      45948 kB
Node 1 Inactive(file):    42340 kB
Node 1 Unevictable:       17264 kB
Node 1 Mlocked:           17264 kB
Node 1 Dirty:                72 kB
Node 1 Writeback:             0 kB
Node 1 FilePages:         95828 kB
Node 1 Mapped:            33468 kB
Node 1 AnonPages:         30888 kB
Node 1 Shmem:               572 kB
Node 1 KernelStack:        1912 kB
Node 1 PageTables:          656 kB
Node 1 NFS_Unstable:          0 kB
Node 1 Bounce:                0 kB
Node 1 WritebackTmp:          0 kB
Node 1 KReclaimable:      20268 kB
Node 1 Slab:              47952 kB
Node 1 SReclaimable:      20268 kB
Node 1 SUnreclaim:        27684 kB
Node 1 AnonHugePages:         0 kB
Node 1 ShmemHugePages:        0 kB
Node 1 ShmemPmdMapped:        0 kB
Node 1 FileHugePages:        0 kB
Node 1 FilePmdMapped:        0 kB
Node 1 HugePages_Total:     0
Node 1 HugePages_Free:      0
Node 1 HugePages_Surp:      0

Load ZFS
Node 0 MemTotal:       24743736 kB
Node 0 MemFree:        24497056 kB
Node 0 MemUsed:          246680 kB
Node 0 Active:            36880 kB
Node 0 Inactive:          69136 kB
Node 0 Active(anon):      18092 kB
Node 0 Inactive(anon):      456 kB
Node 0 Active(file):      18788 kB
Node 0 Inactive(file):    68680 kB
Node 0 Unevictable:        1256 kB
Node 0 Mlocked:            1256 kB
Node 0 Dirty:               472 kB
Node 0 Writeback:             0 kB
Node 0 FilePages:         89424 kB
Node 0 Mapped:            27864 kB
Node 0 AnonPages:         17980 kB
Node 0 Shmem:               696 kB
Node 0 KernelStack:        1864 kB
Node 0 PageTables:          764 kB
Node 0 NFS_Unstable:          0 kB
Node 0 Bounce:                0 kB
Node 0 WritebackTmp:          0 kB
Node 0 KReclaimable:      21752 kB
Node 0 Slab:              59528 kB
Node 0 SReclaimable:      21752 kB
Node 0 SUnreclaim:        37776 kB
Node 0 AnonHugePages:         0 kB
Node 0 ShmemHugePages:        0 kB
Node 0 ShmemPmdMapped:        0 kB
Node 0 FileHugePages:        0 kB
Node 0 FilePmdMapped:        0 kB
Node 0 HugePages_Total:     0
Node 0 HugePages_Free:      0
Node 0 HugePages_Surp:      0

Node 1 MemTotal:       24686196 kB
Node 1 MemFree:        24287932 kB
Node 1 MemUsed:          398264 kB
Node 1 Active:            72680 kB
Node 1 Inactive:          38920 kB
Node 1 Active(anon):      21500 kB
Node 1 Inactive(anon):      420 kB
Node 1 Active(file):      51180 kB
Node 1 Inactive(file):    38500 kB
Node 1 Unevictable:       17264 kB
Node 1 Mlocked:           17264 kB
Node 1 Dirty:               132 kB
Node 1 Writeback:             0 kB
Node 1 FilePages:         97188 kB
Node 1 Mapped:            33440 kB
Node 1 AnonPages:         31372 kB
Node 1 Shmem:               572 kB
Node 1 KernelStack:        1976 kB
Node 1 PageTables:          688 kB
Node 1 NFS_Unstable:          0 kB
Node 1 Bounce:                0 kB
Node 1 WritebackTmp:          0 kB
Node 1 KReclaimable:      20704 kB
Node 1 Slab:              49624 kB
Node 1 SReclaimable:      20704 kB
Node 1 SUnreclaim:        28920 kB
Node 1 AnonHugePages:         0 kB
Node 1 ShmemHugePages:        0 kB
Node 1 ShmemPmdMapped:        0 kB
Node 1 FileHugePages:        0 kB
Node 1 FilePmdMapped:        0 kB
Node 1 HugePages_Total:     0
Node 1 HugePages_Free:      0
Node 1 HugePages_Surp:      0

Import tank ZPool
Node 0 MemTotal:       24743736 kB
Node 0 MemFree:        24493392 kB
Node 0 MemUsed:          250344 kB
Node 0 Active:            31792 kB
Node 0 Inactive:          69080 kB
Node 0 Active(anon):      12904 kB
Node 0 Inactive(anon):      456 kB
Node 0 Active(file):      18888 kB
Node 0 Inactive(file):    68624 kB
Node 0 Unevictable:        1256 kB
Node 0 Mlocked:            1256 kB
Node 0 Dirty:               216 kB
Node 0 Writeback:             0 kB
Node 0 FilePages:         89476 kB
Node 0 Mapped:            27724 kB
Node 0 AnonPages:         12676 kB
Node 0 Shmem:               692 kB
Node 0 KernelStack:        1752 kB
Node 0 PageTables:          512 kB
Node 0 NFS_Unstable:          0 kB
Node 0 Bounce:                0 kB
Node 0 WritebackTmp:          0 kB
Node 0 KReclaimable:      21752 kB
Node 0 Slab:              60348 kB
Node 0 SReclaimable:      21752 kB
Node 0 SUnreclaim:        38596 kB
Node 0 AnonHugePages:         0 kB
Node 0 ShmemHugePages:        0 kB
Node 0 ShmemPmdMapped:        0 kB
Node 0 FileHugePages:        0 kB
Node 0 FilePmdMapped:        0 kB
Node 0 HugePages_Total:     0
Node 0 HugePages_Free:      0
Node 0 HugePages_Surp:      0

Node 1 MemTotal:       24686196 kB
Node 1 MemFree:        24270724 kB
Node 1 MemUsed:          415472 kB
Node 1 Active:            72636 kB
Node 1 Inactive:          40036 kB
Node 1 Active(anon):      21012 kB
Node 1 Inactive(anon):      424 kB
Node 1 Active(file):      51624 kB
Node 1 Inactive(file):    39612 kB
Node 1 Unevictable:       17264 kB
Node 1 Mlocked:           17264 kB
Node 1 Dirty:               168 kB
Node 1 Writeback:             0 kB
Node 1 FilePages:         98748 kB
Node 1 Mapped:            33548 kB
Node 1 AnonPages:         31132 kB
Node 1 Shmem:               576 kB
Node 1 KernelStack:        3048 kB
Node 1 PageTables:          716 kB
Node 1 NFS_Unstable:          0 kB
Node 1 Bounce:                0 kB
Node 1 WritebackTmp:          0 kB
Node 1 KReclaimable:      20840 kB
Node 1 Slab:              56072 kB
Node 1 SReclaimable:      20840 kB
Node 1 SUnreclaim:        35232 kB
Node 1 AnonHugePages:         0 kB
Node 1 ShmemHugePages:        0 kB
Node 1 ShmemPmdMapped:        0 kB
Node 1 FileHugePages:        0 kB
Node 1 FilePmdMapped:        0 kB
Node 1 HugePages_Total:     0
Node 1 HugePages_Free:      0
Node 1 HugePages_Surp:      0

After Test
Node 0 MemTotal:       24743736 kB
Node 0 MemFree:        24175396 kB
Node 0 MemUsed:          568340 kB
Node 0 Active:            31204 kB
Node 0 Inactive:          69080 kB
Node 0 Active(anon):      12316 kB
Node 0 Inactive(anon):      456 kB
Node 0 Active(file):      18888 kB
Node 0 Inactive(file):    68624 kB
Node 0 Unevictable:        1256 kB
Node 0 Mlocked:            1256 kB
Node 0 Dirty:               100 kB
Node 0 Writeback:             0 kB
Node 0 FilePages:         89492 kB
Node 0 Mapped:            27720 kB
Node 0 AnonPages:         12080 kB
Node 0 Shmem:               692 kB
Node 0 KernelStack:        1624 kB
Node 0 PageTables:          428 kB
Node 0 NFS_Unstable:          0 kB
Node 0 Bounce:                0 kB
Node 0 WritebackTmp:          0 kB
Node 0 KReclaimable:      21752 kB
Node 0 Slab:              61632 kB
Node 0 SReclaimable:      21752 kB
Node 0 SUnreclaim:        39880 kB
Node 0 AnonHugePages:         0 kB
Node 0 ShmemHugePages:        0 kB
Node 0 ShmemPmdMapped:        0 kB
Node 0 FileHugePages:        0 kB
Node 0 FilePmdMapped:        0 kB
Node 0 HugePages_Total:     0
Node 0 HugePages_Free:      0
Node 0 HugePages_Surp:      0

Node 1 MemTotal:       24686196 kB
Node 1 MemFree:        22555128 kB
Node 1 MemUsed:         2131068 kB
Node 1 Active:            73556 kB
Node 1 Inactive:        1016284 kB
Node 1 Active(anon):      21008 kB
Node 1 Inactive(anon):      424 kB
Node 1 Active(file):      52548 kB
Node 1 Inactive(file):  1015860 kB
Node 1 Unevictable:       17264 kB
Node 1 Mlocked:           17264 kB
Node 1 Dirty:               112 kB
Node 1 Writeback:             0 kB
Node 1 FilePages:       1075920 kB
Node 1 Mapped:            33720 kB
Node 1 AnonPages:         31020 kB
Node 1 Shmem:               576 kB
Node 1 KernelStack:        3032 kB
Node 1 PageTables:          768 kB
Node 1 NFS_Unstable:          0 kB
Node 1 Bounce:                0 kB
Node 1 WritebackTmp:          0 kB
Node 1 KReclaimable:      23228 kB
Node 1 Slab:              63556 kB
Node 1 SReclaimable:      23228 kB
Node 1 SUnreclaim:        40328 kB
Node 1 AnonHugePages:         0 kB
Node 1 ShmemHugePages:        0 kB
Node 1 ShmemPmdMapped:        0 kB
Node 1 FileHugePages:        0 kB
Node 1 FilePmdMapped:        0 kB
Node 1 HugePages_Total:     0
Node 1 HugePages_Free:      0
Node 1 HugePages_Surp:      0

After Opposite Node
Node 0 MemTotal:       24743736 kB
Node 0 MemFree:        24175888 kB
Node 0 MemUsed:          567848 kB
Node 0 Active:            31592 kB
Node 0 Inactive:          69084 kB
Node 0 Active(anon):      12700 kB
Node 0 Inactive(anon):      456 kB
Node 0 Active(file):      18892 kB
Node 0 Inactive(file):    68628 kB
Node 0 Unevictable:        1256 kB
Node 0 Mlocked:            1256 kB
Node 0 Dirty:                16 kB
Node 0 Writeback:             0 kB
Node 0 FilePages:         89508 kB
Node 0 Mapped:            27704 kB
Node 0 AnonPages:         12284 kB
Node 0 Shmem:               692 kB
Node 0 KernelStack:        1656 kB
Node 0 PageTables:          556 kB
Node 0 NFS_Unstable:          0 kB
Node 0 Bounce:                0 kB
Node 0 WritebackTmp:          0 kB
Node 0 KReclaimable:      21784 kB
Node 0 Slab:              61864 kB
Node 0 SReclaimable:      21784 kB
Node 0 SUnreclaim:        40080 kB
Node 0 AnonHugePages:         0 kB
Node 0 ShmemHugePages:        0 kB
Node 0 ShmemPmdMapped:        0 kB
Node 0 FileHugePages:        0 kB
Node 0 FilePmdMapped:        0 kB
Node 0 HugePages_Total:     0
Node 0 HugePages_Free:      0
Node 0 HugePages_Surp:      0

Node 1 MemTotal:       24686196 kB
Node 1 MemFree:        22555696 kB
Node 1 MemUsed:         2130500 kB
Node 1 Active:            73328 kB
Node 1 Inactive:        1016036 kB
Node 1 Active(anon):      20520 kB
Node 1 Inactive(anon):      424 kB
Node 1 Active(file):      52808 kB
Node 1 Inactive(file):  1015612 kB
Node 1 Unevictable:       17264 kB
Node 1 Mlocked:           17264 kB
Node 1 Dirty:                52 kB
Node 1 Writeback:             0 kB
Node 1 FilePages:       1075932 kB
Node 1 Mapped:            33732 kB
Node 1 AnonPages:         30692 kB
Node 1 Shmem:               576 kB
Node 1 KernelStack:        3000 kB
Node 1 PageTables:          660 kB
Node 1 NFS_Unstable:          0 kB
Node 1 Bounce:                0 kB
Node 1 WritebackTmp:          0 kB
Node 1 KReclaimable:      23228 kB
Node 1 Slab:              63572 kB
Node 1 SReclaimable:      23228 kB
Node 1 SUnreclaim:        40344 kB
Node 1 AnonHugePages:         0 kB
Node 1 ShmemHugePages:        0 kB
Node 1 ShmemPmdMapped:        0 kB
Node 1 FileHugePages:        0 kB
Node 1 FilePmdMapped:        0 kB
Node 1 HugePages_Total:     0
Node 1 HugePages_Free:      0
Node 1 HugePages_Surp:      0

U.1.1G-simpleread.500M.1.O.1M Complete!
