B.0.bigfio.250M.3.O
Begin
Node 0 MemTotal:       24768360 kB
Node 0 MemFree:        24468332 kB
Node 0 MemUsed:          300028 kB
Node 0 Active:            72636 kB
Node 0 Inactive:          65884 kB
Node 0 Active(anon):      26168 kB
Node 0 Inactive(anon):      492 kB
Node 0 Active(file):      46468 kB
Node 0 Inactive(file):    65392 kB
Node 0 Unevictable:       18332 kB
Node 0 Mlocked:           18332 kB
Node 0 Dirty:               224 kB
Node 0 Writeback:             0 kB
Node 0 FilePages:        120532 kB
Node 0 Mapped:            30784 kB
Node 0 AnonPages:         36380 kB
Node 0 Shmem:               660 kB
Node 0 KernelStack:        2088 kB
Node 0 PageTables:          708 kB
Node 0 NFS_Unstable:          0 kB
Node 0 Bounce:                0 kB
Node 0 WritebackTmp:          0 kB
Node 0 KReclaimable:      22972 kB
Node 0 Slab:              57600 kB
Node 0 SReclaimable:      22972 kB
Node 0 SUnreclaim:        34628 kB
Node 0 AnonHugePages:         0 kB
Node 0 ShmemHugePages:        0 kB
Node 0 ShmemPmdMapped:        0 kB
Node 0 FileHugePages:        0 kB
Node 0 FilePmdMapped:        0 kB
Node 0 HugePages_Total:     0
Node 0 HugePages_Free:      0
Node 0 HugePages_Surp:      0

Node 1 MemTotal:       24661580 kB
Node 1 MemFree:        24354076 kB
Node 1 MemUsed:          307504 kB
Node 1 Active:            21384 kB
Node 1 Inactive:          19424 kB
Node 1 Active(anon):       7588 kB
Node 1 Inactive(anon):      388 kB
Node 1 Active(file):      13796 kB
Node 1 Inactive(file):    19036 kB
Node 1 Unevictable:         188 kB
Node 1 Mlocked:             188 kB
Node 1 Dirty:               284 kB
Node 1 Writeback:             0 kB
Node 1 FilePages:         33652 kB
Node 1 Mapped:             9312 kB
Node 1 AnonPages:          7372 kB
Node 1 Shmem:               608 kB
Node 1 KernelStack:        1544 kB
Node 1 PageTables:          348 kB
Node 1 NFS_Unstable:          0 kB
Node 1 Bounce:                0 kB
Node 1 WritebackTmp:          0 kB
Node 1 KReclaimable:      19204 kB
Node 1 Slab:              49272 kB
Node 1 SReclaimable:      19204 kB
Node 1 SUnreclaim:        30068 kB
Node 1 AnonHugePages:         0 kB
Node 1 ShmemHugePages:        0 kB
Node 1 ShmemPmdMapped:        0 kB
Node 1 FileHugePages:        0 kB
Node 1 FilePmdMapped:        0 kB
Node 1 HugePages_Total:     0
Node 1 HugePages_Free:      0
Node 1 HugePages_Surp:      0

Load ZFS
Node 0 MemTotal:       24768360 kB
Node 0 MemFree:        24408440 kB
Node 0 MemUsed:          359920 kB
Node 0 Active:            88200 kB
Node 0 Inactive:         100564 kB
Node 0 Active(anon):      40288 kB
Node 0 Inactive(anon):      536 kB
Node 0 Active(file):      47912 kB
Node 0 Inactive(file):   100028 kB
Node 0 Unevictable:       18532 kB
Node 0 Mlocked:           18532 kB
Node 0 Dirty:               324 kB
Node 0 Writeback:             0 kB
Node 0 FilePages:        156652 kB
Node 0 Mapped:            34028 kB
Node 0 AnonPages:         50784 kB
Node 0 Shmem:               708 kB
Node 0 KernelStack:        2476 kB
Node 0 PageTables:         2004 kB
Node 0 NFS_Unstable:          0 kB
Node 0 Bounce:                0 kB
Node 0 WritebackTmp:          0 kB
Node 0 KReclaimable:      23600 kB
Node 0 Slab:              60696 kB
Node 0 SReclaimable:      23600 kB
Node 0 SUnreclaim:        37096 kB
Node 0 AnonHugePages:         0 kB
Node 0 ShmemHugePages:        0 kB
Node 0 ShmemPmdMapped:        0 kB
Node 0 FileHugePages:        0 kB
Node 0 FilePmdMapped:        0 kB
Node 0 HugePages_Total:     0
Node 0 HugePages_Free:      0
Node 0 HugePages_Surp:      0

Node 1 MemTotal:       24661580 kB
Node 1 MemFree:        24268216 kB
Node 1 MemUsed:          393364 kB
Node 1 Active:            34220 kB
Node 1 Inactive:          88252 kB
Node 1 Active(anon):      19424 kB
Node 1 Inactive(anon):      400 kB
Node 1 Active(file):      14796 kB
Node 1 Inactive(file):    87852 kB
Node 1 Unevictable:         188 kB
Node 1 Mlocked:             188 kB
Node 1 Dirty:                40 kB
Node 1 Writeback:             0 kB
Node 1 FilePages:        103396 kB
Node 1 Mapped:            11460 kB
Node 1 AnonPages:         19584 kB
Node 1 Shmem:               560 kB
Node 1 KernelStack:        1980 kB
Node 1 PageTables:         1504 kB
Node 1 NFS_Unstable:          0 kB
Node 1 Bounce:                0 kB
Node 1 WritebackTmp:          0 kB
Node 1 KReclaimable:      20108 kB
Node 1 Slab:              52688 kB
Node 1 SReclaimable:      20108 kB
Node 1 SUnreclaim:        32580 kB
Node 1 AnonHugePages:         0 kB
Node 1 ShmemHugePages:        0 kB
Node 1 ShmemPmdMapped:        0 kB
Node 1 FileHugePages:        0 kB
Node 1 FilePmdMapped:        0 kB
Node 1 HugePages_Total:     0
Node 1 HugePages_Free:      0
Node 1 HugePages_Surp:      0

Import tank ZPool
Node 0 MemTotal:       24768360 kB
Node 0 MemFree:        24423940 kB
Node 0 MemUsed:          344420 kB
Node 0 Active:            74428 kB
Node 0 Inactive:         101116 kB
Node 0 Active(anon):      25716 kB
Node 0 Inactive(anon):      548 kB
Node 0 Active(file):      48712 kB
Node 0 Inactive(file):   100568 kB
Node 0 Unevictable:       18564 kB
Node 0 Mlocked:           18564 kB
Node 0 Dirty:               376 kB
Node 0 Writeback:             0 kB
Node 0 FilePages:        157996 kB
Node 0 Mapped:            30976 kB
Node 0 AnonPages:         35820 kB
Node 0 Shmem:               712 kB
Node 0 KernelStack:        2072 kB
Node 0 PageTables:          712 kB
Node 0 NFS_Unstable:          0 kB
Node 0 Bounce:                0 kB
Node 0 WritebackTmp:          0 kB
Node 0 KReclaimable:      23700 kB
Node 0 Slab:              60680 kB
Node 0 SReclaimable:      23700 kB
Node 0 SUnreclaim:        36980 kB
Node 0 AnonHugePages:         0 kB
Node 0 ShmemHugePages:        0 kB
Node 0 ShmemPmdMapped:        0 kB
Node 0 FileHugePages:        0 kB
Node 0 FilePmdMapped:        0 kB
Node 0 HugePages_Total:     0
Node 0 HugePages_Free:      0
Node 0 HugePages_Surp:      0

Node 1 MemTotal:       24661580 kB
Node 1 MemFree:        24264964 kB
Node 1 MemUsed:          396616 kB
Node 1 Active:            23196 kB
Node 1 Inactive:          88232 kB
Node 1 Active(anon):       8260 kB
Node 1 Inactive(anon):      400 kB
Node 1 Active(file):      14936 kB
Node 1 Inactive(file):    87832 kB
Node 1 Unevictable:         188 kB
Node 1 Mlocked:             188 kB
Node 1 Dirty:                64 kB
Node 1 Writeback:             0 kB
Node 1 FilePages:        103516 kB
Node 1 Mapped:             9412 kB
Node 1 AnonPages:          7740 kB
Node 1 Shmem:               556 kB
Node 1 KernelStack:        2664 kB
Node 1 PageTables:          412 kB
Node 1 NFS_Unstable:          0 kB
Node 1 Bounce:                0 kB
Node 1 WritebackTmp:          0 kB
Node 1 KReclaimable:      20156 kB
Node 1 Slab:              58168 kB
Node 1 SReclaimable:      20156 kB
Node 1 SUnreclaim:        38012 kB
Node 1 AnonHugePages:         0 kB
Node 1 ShmemHugePages:        0 kB
Node 1 ShmemPmdMapped:        0 kB
Node 1 FileHugePages:        0 kB
Node 1 FilePmdMapped:        0 kB
Node 1 HugePages_Total:     0
Node 1 HugePages_Free:      0
Node 1 HugePages_Surp:      0

After Test
Node 0 MemTotal:       24768360 kB
Node 0 MemFree:        24034352 kB
Node 0 MemUsed:          734008 kB
Node 0 Active:            75900 kB
Node 0 Inactive:         102120 kB
Node 0 Active(anon):      25916 kB
Node 0 Inactive(anon):      604 kB
Node 0 Active(file):      49984 kB
Node 0 Inactive(file):   101516 kB
Node 0 Unevictable:       18564 kB
Node 0 Mlocked:           18564 kB
Node 0 Dirty:               376 kB
Node 0 Writeback:             0 kB
Node 0 FilePages:        160304 kB
Node 0 Mapped:            31220 kB
Node 0 AnonPages:         36056 kB
Node 0 Shmem:               800 kB
Node 0 KernelStack:        2184 kB
Node 0 PageTables:          900 kB
Node 0 NFS_Unstable:          0 kB
Node 0 Bounce:                0 kB
Node 0 WritebackTmp:          0 kB
Node 0 KReclaimable:      25008 kB
Node 0 Slab:              65396 kB
Node 0 SReclaimable:      25008 kB
Node 0 SUnreclaim:        40388 kB
Node 0 AnonHugePages:         0 kB
Node 0 ShmemHugePages:        0 kB
Node 0 ShmemPmdMapped:        0 kB
Node 0 FileHugePages:        0 kB
Node 0 FilePmdMapped:        0 kB
Node 0 HugePages_Total:     0
Node 0 HugePages_Free:      0
Node 0 HugePages_Surp:      0

Node 1 MemTotal:       24661580 kB
Node 1 MemFree:        24117216 kB
Node 1 MemUsed:          544364 kB
Node 1 Active:            22792 kB
Node 1 Inactive:          88232 kB
Node 1 Active(anon):       7852 kB
Node 1 Inactive(anon):      400 kB
Node 1 Active(file):      14940 kB
Node 1 Inactive(file):    87832 kB
Node 1 Unevictable:         188 kB
Node 1 Mlocked:             188 kB
Node 1 Dirty:                64 kB
Node 1 Writeback:             0 kB
Node 1 FilePages:        103516 kB
Node 1 Mapped:             9344 kB
Node 1 AnonPages:          7696 kB
Node 1 Shmem:               556 kB
Node 1 KernelStack:        2644 kB
Node 1 PageTables:          348 kB
Node 1 NFS_Unstable:          0 kB
Node 1 Bounce:                0 kB
Node 1 WritebackTmp:          0 kB
Node 1 KReclaimable:      20156 kB
Node 1 Slab:              58408 kB
Node 1 SReclaimable:      20156 kB
Node 1 SUnreclaim:        38252 kB
Node 1 AnonHugePages:         0 kB
Node 1 ShmemHugePages:        0 kB
Node 1 ShmemPmdMapped:        0 kB
Node 1 FileHugePages:        0 kB
Node 1 FilePmdMapped:        0 kB
Node 1 HugePages_Total:     0
Node 1 HugePages_Free:      0
Node 1 HugePages_Surp:      0

After Opposite Node
Node 0 MemTotal:       24768360 kB
Node 0 MemFree:        24035328 kB
Node 0 MemUsed:          733032 kB
Node 0 Active:            75572 kB
Node 0 Inactive:         101804 kB
Node 0 Active(anon):      25308 kB
Node 0 Inactive(anon):      540 kB
Node 0 Active(file):      50264 kB
Node 0 Inactive(file):   101264 kB
Node 0 Unevictable:       18564 kB
Node 0 Mlocked:           18564 kB
Node 0 Dirty:               404 kB
Node 0 Writeback:             0 kB
Node 0 FilePages:        160244 kB
Node 0 Mapped:            31008 kB
Node 0 AnonPages:         35692 kB
Node 0 Shmem:               712 kB
Node 0 KernelStack:        2072 kB
Node 0 PageTables:          664 kB
Node 0 NFS_Unstable:          0 kB
Node 0 Bounce:                0 kB
Node 0 WritebackTmp:          0 kB
Node 0 KReclaimable:      25008 kB
Node 0 Slab:              65352 kB
Node 0 SReclaimable:      25008 kB
Node 0 SUnreclaim:        40344 kB
Node 0 AnonHugePages:         0 kB
Node 0 ShmemHugePages:        0 kB
Node 0 ShmemPmdMapped:        0 kB
Node 0 FileHugePages:        0 kB
Node 0 FilePmdMapped:        0 kB
Node 0 HugePages_Total:     0
Node 0 HugePages_Free:      0
Node 0 HugePages_Surp:      0

Node 1 MemTotal:       24661580 kB
Node 1 MemFree:        24115456 kB
Node 1 MemUsed:          546124 kB
Node 1 Active:            22804 kB
Node 1 Inactive:          88264 kB
Node 1 Active(anon):       7860 kB
Node 1 Inactive(anon):      424 kB
Node 1 Active(file):      14944 kB
Node 1 Inactive(file):    87840 kB
Node 1 Unevictable:         188 kB
Node 1 Mlocked:             188 kB
Node 1 Dirty:                72 kB
Node 1 Writeback:             0 kB
Node 1 FilePages:        103572 kB
Node 1 Mapped:             9384 kB
Node 1 AnonPages:          7596 kB
Node 1 Shmem:               600 kB
Node 1 KernelStack:        2728 kB
Node 1 PageTables:          464 kB
Node 1 NFS_Unstable:          0 kB
Node 1 Bounce:                0 kB
Node 1 WritebackTmp:          0 kB
Node 1 KReclaimable:      20188 kB
Node 1 Slab:              58648 kB
Node 1 SReclaimable:      20188 kB
Node 1 SUnreclaim:        38460 kB
Node 1 AnonHugePages:         0 kB
Node 1 ShmemHugePages:        0 kB
Node 1 ShmemPmdMapped:        0 kB
Node 1 FileHugePages:        0 kB
Node 1 FilePmdMapped:        0 kB
Node 1 HugePages_Total:     0
Node 1 HugePages_Free:      0
Node 1 HugePages_Surp:      0

B.0.bigfio.250M.3.O Complete!
