B.0.smallfio.8G.2.O
Begin
Node 0 MemTotal:       24743736 kB
Node 0 MemFree:        24320172 kB
Node 0 MemUsed:          423564 kB
Node 0 Active:            57056 kB
Node 0 Inactive:          93568 kB
Node 0 Active(anon):      18384 kB
Node 0 Inactive(anon):      472 kB
Node 0 Active(file):      38672 kB
Node 0 Inactive(file):    93096 kB
Node 0 Unevictable:        1380 kB
Node 0 Mlocked:            1380 kB
Node 0 Dirty:               280 kB
Node 0 Writeback:             0 kB
Node 0 FilePages:        133868 kB
Node 0 Mapped:            48768 kB
Node 0 AnonPages:         18324 kB
Node 0 Shmem:               668 kB
Node 0 KernelStack:        2232 kB
Node 0 PageTables:          712 kB
Node 0 NFS_Unstable:          0 kB
Node 0 Bounce:                0 kB
Node 0 WritebackTmp:          0 kB
Node 0 KReclaimable:      21604 kB
Node 0 Slab:              54500 kB
Node 0 SReclaimable:      21604 kB
Node 0 SUnreclaim:        32896 kB
Node 0 AnonHugePages:         0 kB
Node 0 ShmemHugePages:        0 kB
Node 0 ShmemPmdMapped:        0 kB
Node 0 FileHugePages:        0 kB
Node 0 FilePmdMapped:        0 kB
Node 0 HugePages_Total:     0
Node 0 HugePages_Free:      0
Node 0 HugePages_Surp:      0

Node 1 MemTotal:       24686196 kB
Node 1 MemFree:        24474024 kB
Node 1 MemUsed:          212172 kB
Node 1 Active:            38400 kB
Node 1 Inactive:          20572 kB
Node 1 Active(anon):      15408 kB
Node 1 Inactive(anon):      412 kB
Node 1 Active(file):      22992 kB
Node 1 Inactive(file):    20160 kB
Node 1 Unevictable:       17144 kB
Node 1 Mlocked:           17144 kB
Node 1 Dirty:                44 kB
Node 1 Writeback:             0 kB
Node 1 FilePages:         50564 kB
Node 1 Mapped:            17332 kB
Node 1 AnonPages:         25556 kB
Node 1 Shmem:               600 kB
Node 1 KernelStack:        1368 kB
Node 1 PageTables:          448 kB
Node 1 NFS_Unstable:          0 kB
Node 1 Bounce:                0 kB
Node 1 WritebackTmp:          0 kB
Node 1 KReclaimable:      20784 kB
Node 1 Slab:              52116 kB
Node 1 SReclaimable:      20784 kB
Node 1 SUnreclaim:        31332 kB
Node 1 AnonHugePages:         0 kB
Node 1 ShmemHugePages:        0 kB
Node 1 ShmemPmdMapped:        0 kB
Node 1 FileHugePages:        0 kB
Node 1 FilePmdMapped:        0 kB
Node 1 HugePages_Total:     0
Node 1 HugePages_Free:      0
Node 1 HugePages_Surp:      0

Load ZFS
Node 0 MemTotal:       24743736 kB
Node 0 MemFree:        24411564 kB
Node 0 MemUsed:          332172 kB
Node 0 Active:            71124 kB
Node 0 Inactive:         118176 kB
Node 0 Active(anon):      31008 kB
Node 0 Inactive(anon):      160 kB
Node 0 Active(file):      40116 kB
Node 0 Inactive(file):   118016 kB
Node 0 Unevictable:        1380 kB
Node 0 Mlocked:            1380 kB
Node 0 Dirty:               360 kB
Node 0 Writeback:             0 kB
Node 0 FilePages:        159960 kB
Node 0 Mapped:            50296 kB
Node 0 AnonPages:         30952 kB
Node 0 Shmem:               608 kB
Node 0 KernelStack:        2440 kB
Node 0 PageTables:         1360 kB
Node 0 NFS_Unstable:          0 kB
Node 0 Bounce:                0 kB
Node 0 WritebackTmp:          0 kB
Node 0 KReclaimable:      22092 kB
Node 0 Slab:              57256 kB
Node 0 SReclaimable:      22092 kB
Node 0 SUnreclaim:        35164 kB
Node 0 AnonHugePages:         0 kB
Node 0 ShmemHugePages:        0 kB
Node 0 ShmemPmdMapped:        0 kB
Node 0 FileHugePages:        0 kB
Node 0 FilePmdMapped:        0 kB
Node 0 HugePages_Total:     0
Node 0 HugePages_Free:      0
Node 0 HugePages_Surp:      0

Node 1 MemTotal:       24686196 kB
Node 1 MemFree:        24235060 kB
Node 1 MemUsed:          451136 kB
Node 1 Active:            53776 kB
Node 1 Inactive:          99008 kB
Node 1 Active(anon):      29556 kB
Node 1 Inactive(anon):      224 kB
Node 1 Active(file):      24220 kB
Node 1 Inactive(file):    98784 kB
Node 1 Unevictable:       17276 kB
Node 1 Mlocked:           17276 kB
Node 1 Dirty:                16 kB
Node 1 Writeback:             0 kB
Node 1 FilePages:        130800 kB
Node 1 Mapped:            20628 kB
Node 1 AnonPages:         39548 kB
Node 1 Shmem:               660 kB
Node 1 KernelStack:        1856 kB
Node 1 PageTables:         1820 kB
Node 1 NFS_Unstable:          0 kB
Node 1 Bounce:                0 kB
Node 1 WritebackTmp:          0 kB
Node 1 KReclaimable:      21700 kB
Node 1 Slab:              56948 kB
Node 1 SReclaimable:      21700 kB
Node 1 SUnreclaim:        35248 kB
Node 1 AnonHugePages:         0 kB
Node 1 ShmemHugePages:        0 kB
Node 1 ShmemPmdMapped:        0 kB
Node 1 FileHugePages:        0 kB
Node 1 FilePmdMapped:        0 kB
Node 1 HugePages_Total:     0
Node 1 HugePages_Free:      0
Node 1 HugePages_Surp:      0

Import tank ZPool
Node 0 MemTotal:       24743736 kB
Node 0 MemFree:        24406812 kB
Node 0 MemUsed:          336924 kB
Node 0 Active:            71396 kB
Node 0 Inactive:         119448 kB
Node 0 Active(anon):      31208 kB
Node 0 Inactive(anon):      496 kB
Node 0 Active(file):      40188 kB
Node 0 Inactive(file):   118952 kB
Node 0 Unevictable:        1380 kB
Node 0 Mlocked:            1380 kB
Node 0 Dirty:               108 kB
Node 0 Writeback:             0 kB
Node 0 FilePages:        161176 kB
Node 0 Mapped:            49952 kB
Node 0 AnonPages:         30852 kB
Node 0 Shmem:               624 kB
Node 0 KernelStack:        2424 kB
Node 0 PageTables:         1444 kB
Node 0 NFS_Unstable:          0 kB
Node 0 Bounce:                0 kB
Node 0 WritebackTmp:          0 kB
Node 0 KReclaimable:      22460 kB
Node 0 Slab:              62376 kB
Node 0 SReclaimable:      22460 kB
Node 0 SUnreclaim:        39916 kB
Node 0 AnonHugePages:         0 kB
Node 0 ShmemHugePages:        0 kB
Node 0 ShmemPmdMapped:        0 kB
Node 0 FileHugePages:        0 kB
Node 0 FilePmdMapped:        0 kB
Node 0 HugePages_Total:     0
Node 0 HugePages_Free:      0
Node 0 HugePages_Surp:      0

Node 1 MemTotal:       24686196 kB
Node 1 MemFree:        24223244 kB
Node 1 MemUsed:          462952 kB
Node 1 Active:            53152 kB
Node 1 Inactive:          99412 kB
Node 1 Active(anon):      28880 kB
Node 1 Inactive(anon):      456 kB
Node 1 Active(file):      24272 kB
Node 1 Inactive(file):    98956 kB
Node 1 Unevictable:       17372 kB
Node 1 Mlocked:           17372 kB
Node 1 Dirty:                16 kB
Node 1 Writeback:             0 kB
Node 1 FilePages:        130684 kB
Node 1 Mapped:            20244 kB
Node 1 AnonPages:         39248 kB
Node 1 Shmem:               644 kB
Node 1 KernelStack:        2792 kB
Node 1 PageTables:         1508 kB
Node 1 NFS_Unstable:          0 kB
Node 1 Bounce:                0 kB
Node 1 WritebackTmp:          0 kB
Node 1 KReclaimable:      21784 kB
Node 1 Slab:              58964 kB
Node 1 SReclaimable:      21784 kB
Node 1 SUnreclaim:        37180 kB
Node 1 AnonHugePages:         0 kB
Node 1 ShmemHugePages:        0 kB
Node 1 ShmemPmdMapped:        0 kB
Node 1 FileHugePages:        0 kB
Node 1 FilePmdMapped:        0 kB
Node 1 HugePages_Total:     0
Node 1 HugePages_Free:      0
Node 1 HugePages_Surp:      0

After Test
Node 0 MemTotal:       24743736 kB
Node 0 MemFree:        15853212 kB
Node 0 MemUsed:         8890524 kB
Node 0 Active:            59556 kB
Node 0 Inactive:         120020 kB
Node 0 Active(anon):      17740 kB
Node 0 Inactive(anon):      524 kB
Node 0 Active(file):      41816 kB
Node 0 Inactive(file):   119496 kB
Node 0 Unevictable:        1380 kB
Node 0 Mlocked:            1380 kB
Node 0 Dirty:                20 kB
Node 0 Writeback:             0 kB
Node 0 FilePages:        163360 kB
Node 0 Mapped:            49212 kB
Node 0 AnonPages:         17544 kB
Node 0 Shmem:               668 kB
Node 0 KernelStack:        2168 kB
Node 0 PageTables:          836 kB
Node 0 NFS_Unstable:          0 kB
Node 0 Bounce:                0 kB
Node 0 WritebackTmp:          0 kB
Node 0 KReclaimable:      23892 kB
Node 0 Slab:              94868 kB
Node 0 SReclaimable:      23892 kB
Node 0 SUnreclaim:        70976 kB
Node 0 AnonHugePages:         0 kB
Node 0 ShmemHugePages:        0 kB
Node 0 ShmemPmdMapped:        0 kB
Node 0 FileHugePages:        0 kB
Node 0 FilePmdMapped:        0 kB
Node 0 HugePages_Total:     0
Node 0 HugePages_Free:      0
Node 0 HugePages_Surp:      0

Node 1 MemTotal:       24686196 kB
Node 1 MemFree:        23570372 kB
Node 1 MemUsed:         1115824 kB
Node 1 Active:            40052 kB
Node 1 Inactive:          99324 kB
Node 1 Active(anon):      15612 kB
Node 1 Inactive(anon):      448 kB
Node 1 Active(file):      24440 kB
Node 1 Inactive(file):    98876 kB
Node 1 Unevictable:       17372 kB
Node 1 Mlocked:           17372 kB
Node 1 Dirty:                16 kB
Node 1 Writeback:             0 kB
Node 1 FilePages:        130788 kB
Node 1 Mapped:            17352 kB
Node 1 AnonPages:         25972 kB
Node 1 Shmem:               644 kB
Node 1 KernelStack:        2504 kB
Node 1 PageTables:          452 kB
Node 1 NFS_Unstable:          0 kB
Node 1 Bounce:                0 kB
Node 1 WritebackTmp:          0 kB
Node 1 KReclaimable:      22020 kB
Node 1 Slab:              62248 kB
Node 1 SReclaimable:      22020 kB
Node 1 SUnreclaim:        40228 kB
Node 1 AnonHugePages:         0 kB
Node 1 ShmemHugePages:        0 kB
Node 1 ShmemPmdMapped:        0 kB
Node 1 FileHugePages:        0 kB
Node 1 FilePmdMapped:        0 kB
Node 1 HugePages_Total:     0
Node 1 HugePages_Free:      0
Node 1 HugePages_Surp:      0

After Opposite Node
Node 0 MemTotal:       24743736 kB
Node 0 MemFree:        15854236 kB
Node 0 MemUsed:         8889500 kB
Node 0 Active:            59564 kB
Node 0 Inactive:         119816 kB
Node 0 Active(anon):      17552 kB
Node 0 Inactive(anon):      496 kB
Node 0 Active(file):      42012 kB
Node 0 Inactive(file):   119320 kB
Node 0 Unevictable:        1380 kB
Node 0 Mlocked:            1380 kB
Node 0 Dirty:                 0 kB
Node 0 Writeback:             0 kB
Node 0 FilePages:        163340 kB
Node 0 Mapped:            49168 kB
Node 0 AnonPages:         17424 kB
Node 0 Shmem:               624 kB
Node 0 KernelStack:        2136 kB
Node 0 PageTables:          648 kB
Node 0 NFS_Unstable:          0 kB
Node 0 Bounce:                0 kB
Node 0 WritebackTmp:          0 kB
Node 0 KReclaimable:      23936 kB
Node 0 Slab:              95036 kB
Node 0 SReclaimable:      23936 kB
Node 0 SUnreclaim:        71100 kB
Node 0 AnonHugePages:         0 kB
Node 0 ShmemHugePages:        0 kB
Node 0 ShmemPmdMapped:        0 kB
Node 0 FileHugePages:        0 kB
Node 0 FilePmdMapped:        0 kB
Node 0 HugePages_Total:     0
Node 0 HugePages_Free:      0
Node 0 HugePages_Surp:      0

Node 1 MemTotal:       24686196 kB
Node 1 MemFree:        23569300 kB
Node 1 MemUsed:         1116896 kB
Node 1 Active:            40388 kB
Node 1 Inactive:          99376 kB
Node 1 Active(anon):      15872 kB
Node 1 Inactive(anon):      492 kB
Node 1 Active(file):      24516 kB
Node 1 Inactive(file):    98884 kB
Node 1 Unevictable:       17372 kB
Node 1 Mlocked:           17372 kB
Node 1 Dirty:                 0 kB
Node 1 Writeback:             0 kB
Node 1 FilePages:        130908 kB
Node 1 Mapped:            17396 kB
Node 1 AnonPages:         26100 kB
Node 1 Shmem:               688 kB
Node 1 KernelStack:        2536 kB
Node 1 PageTables:          632 kB
Node 1 NFS_Unstable:          0 kB
Node 1 Bounce:                0 kB
Node 1 WritebackTmp:          0 kB
Node 1 KReclaimable:      22056 kB
Node 1 Slab:              62336 kB
Node 1 SReclaimable:      22056 kB
Node 1 SUnreclaim:        40280 kB
Node 1 AnonHugePages:         0 kB
Node 1 ShmemHugePages:        0 kB
Node 1 ShmemPmdMapped:        0 kB
Node 1 FileHugePages:        0 kB
Node 1 FilePmdMapped:        0 kB
Node 1 HugePages_Total:     0
Node 1 HugePages_Free:      0
Node 1 HugePages_Surp:      0

B.0.smallfio.8G.2.O Complete!
