B.0.bigfio.250M.2.O
Begin
Node 0 MemTotal:       24768352 kB
Node 0 MemFree:        24502324 kB
Node 0 MemUsed:          266028 kB
Node 0 Active:            29940 kB
Node 0 Inactive:          82868 kB
Node 0 Active(anon):       7224 kB
Node 0 Inactive(anon):      324 kB
Node 0 Active(file):      22716 kB
Node 0 Inactive(file):    82544 kB
Node 0 Unevictable:       13776 kB
Node 0 Mlocked:           13776 kB
Node 0 Dirty:               156 kB
Node 0 Writeback:             0 kB
Node 0 FilePages:        109236 kB
Node 0 Mapped:            48968 kB
Node 0 AnonPages:         17404 kB
Node 0 Shmem:               524 kB
Node 0 KernelStack:        1928 kB
Node 0 PageTables:          408 kB
Node 0 NFS_Unstable:          0 kB
Node 0 Bounce:                0 kB
Node 0 WritebackTmp:          0 kB
Node 0 KReclaimable:      20300 kB
Node 0 Slab:              56652 kB
Node 0 SReclaimable:      20300 kB
Node 0 SUnreclaim:        36352 kB
Node 0 AnonHugePages:         0 kB
Node 0 ShmemHugePages:        0 kB
Node 0 ShmemPmdMapped:        0 kB
Node 0 FileHugePages:        0 kB
Node 0 FilePmdMapped:        0 kB
Node 0 HugePages_Total:     0
Node 0 HugePages_Free:      0
Node 0 HugePages_Surp:      0

Node 1 MemTotal:       24661580 kB
Node 1 MemFree:        24268688 kB
Node 1 MemUsed:          392892 kB
Node 1 Active:            67156 kB
Node 1 Inactive:          50436 kB
Node 1 Active(anon):      26180 kB
Node 1 Inactive(anon):      536 kB
Node 1 Active(file):      40976 kB
Node 1 Inactive(file):    49900 kB
Node 1 Unevictable:        4748 kB
Node 1 Mlocked:            4748 kB
Node 1 Dirty:               204 kB
Node 1 Writeback:             0 kB
Node 1 FilePages:         96516 kB
Node 1 Mapped:            32040 kB
Node 1 AnonPages:         26064 kB
Node 1 Shmem:               744 kB
Node 1 KernelStack:        1704 kB
Node 1 PageTables:          776 kB
Node 1 NFS_Unstable:          0 kB
Node 1 Bounce:                0 kB
Node 1 WritebackTmp:          0 kB
Node 1 KReclaimable:      21116 kB
Node 1 Slab:              50572 kB
Node 1 SReclaimable:      21116 kB
Node 1 SUnreclaim:        29456 kB
Node 1 AnonHugePages:         0 kB
Node 1 ShmemHugePages:        0 kB
Node 1 ShmemPmdMapped:        0 kB
Node 1 FileHugePages:        0 kB
Node 1 FilePmdMapped:        0 kB
Node 1 HugePages_Total:     0
Node 1 HugePages_Free:      0
Node 1 HugePages_Surp:      0

Load ZFS
Node 0 MemTotal:       24768352 kB
Node 0 MemFree:        24475612 kB
Node 0 MemUsed:          292740 kB
Node 0 Active:            43932 kB
Node 0 Inactive:          90084 kB
Node 0 Active(anon):      20124 kB
Node 0 Inactive(anon):      492 kB
Node 0 Active(file):      23808 kB
Node 0 Inactive(file):    89592 kB
Node 0 Unevictable:       13992 kB
Node 0 Mlocked:           13992 kB
Node 0 Dirty:               404 kB
Node 0 Writeback:             0 kB
Node 0 FilePages:        117524 kB
Node 0 Mapped:            50368 kB
Node 0 AnonPages:         30196 kB
Node 0 Shmem:               676 kB
Node 0 KernelStack:        2152 kB
Node 0 PageTables:         1116 kB
Node 0 NFS_Unstable:          0 kB
Node 0 Bounce:                0 kB
Node 0 WritebackTmp:          0 kB
Node 0 KReclaimable:      21044 kB
Node 0 Slab:              60396 kB
Node 0 SReclaimable:      21044 kB
Node 0 SUnreclaim:        39352 kB
Node 0 AnonHugePages:         0 kB
Node 0 ShmemHugePages:        0 kB
Node 0 ShmemPmdMapped:        0 kB
Node 0 FileHugePages:        0 kB
Node 0 FilePmdMapped:        0 kB
Node 0 HugePages_Total:     0
Node 0 HugePages_Free:      0
Node 0 HugePages_Surp:      0

Node 1 MemTotal:       24661580 kB
Node 1 MemFree:        24152164 kB
Node 1 MemUsed:          509416 kB
Node 1 Active:            81508 kB
Node 1 Inactive:         146648 kB
Node 1 Active(anon):      39020 kB
Node 1 Inactive(anon):      452 kB
Node 1 Active(file):      42488 kB
Node 1 Inactive(file):   146196 kB
Node 1 Unevictable:        4748 kB
Node 1 Mlocked:            4748 kB
Node 1 Dirty:               304 kB
Node 1 Writeback:             0 kB
Node 1 FilePages:        194020 kB
Node 1 Mapped:            34796 kB
Node 1 AnonPages:         39052 kB
Node 1 Shmem:               592 kB
Node 1 KernelStack:        2020 kB
Node 1 PageTables:         1492 kB
Node 1 NFS_Unstable:          0 kB
Node 1 Bounce:                0 kB
Node 1 WritebackTmp:          0 kB
Node 1 KReclaimable:      22160 kB
Node 1 Slab:              54036 kB
Node 1 SReclaimable:      22160 kB
Node 1 SUnreclaim:        31876 kB
Node 1 AnonHugePages:         0 kB
Node 1 ShmemHugePages:        0 kB
Node 1 ShmemPmdMapped:        0 kB
Node 1 FileHugePages:        0 kB
Node 1 FilePmdMapped:        0 kB
Node 1 HugePages_Total:     0
Node 1 HugePages_Free:      0
Node 1 HugePages_Surp:      0

Import tank ZPool
Node 0 MemTotal:       24768352 kB
Node 0 MemFree:        24477132 kB
Node 0 MemUsed:          291220 kB
Node 0 Active:            43708 kB
Node 0 Inactive:          90084 kB
Node 0 Active(anon):      19900 kB
Node 0 Inactive(anon):      492 kB
Node 0 Active(file):      23808 kB
Node 0 Inactive(file):    89592 kB
Node 0 Unevictable:       14008 kB
Node 0 Mlocked:           14008 kB
Node 0 Dirty:               360 kB
Node 0 Writeback:             0 kB
Node 0 FilePages:        117520 kB
Node 0 Mapped:            50368 kB
Node 0 AnonPages:         30280 kB
Node 0 Shmem:               672 kB
Node 0 KernelStack:        2168 kB
Node 0 PageTables:         1084 kB
Node 0 NFS_Unstable:          0 kB
Node 0 Bounce:                0 kB
Node 0 WritebackTmp:          0 kB
Node 0 KReclaimable:      21060 kB
Node 0 Slab:              60368 kB
Node 0 SReclaimable:      21060 kB
Node 0 SUnreclaim:        39308 kB
Node 0 AnonHugePages:         0 kB
Node 0 ShmemHugePages:        0 kB
Node 0 ShmemPmdMapped:        0 kB
Node 0 FileHugePages:        0 kB
Node 0 FilePmdMapped:        0 kB
Node 0 HugePages_Total:     0
Node 0 HugePages_Free:      0
Node 0 HugePages_Surp:      0

Node 1 MemTotal:       24661580 kB
Node 1 MemFree:        24135028 kB
Node 1 MemUsed:          526552 kB
Node 1 Active:            81972 kB
Node 1 Inactive:         147840 kB
Node 1 Active(anon):      39140 kB
Node 1 Inactive(anon):      456 kB
Node 1 Active(file):      42832 kB
Node 1 Inactive(file):   147384 kB
Node 1 Unevictable:        4748 kB
Node 1 Mlocked:            4748 kB
Node 1 Dirty:               192 kB
Node 1 Writeback:             0 kB
Node 1 FilePages:        195592 kB
Node 1 Mapped:            34508 kB
Node 1 AnonPages:         38636 kB
Node 1 Shmem:               596 kB
Node 1 KernelStack:        3080 kB
Node 1 PageTables:         1624 kB
Node 1 NFS_Unstable:          0 kB
Node 1 Bounce:                0 kB
Node 1 WritebackTmp:          0 kB
Node 1 KReclaimable:      22280 kB
Node 1 Slab:              60408 kB
Node 1 SReclaimable:      22280 kB
Node 1 SUnreclaim:        38128 kB
Node 1 AnonHugePages:         0 kB
Node 1 ShmemHugePages:        0 kB
Node 1 ShmemPmdMapped:        0 kB
Node 1 FileHugePages:        0 kB
Node 1 FilePmdMapped:        0 kB
Node 1 HugePages_Total:     0
Node 1 HugePages_Free:      0
Node 1 HugePages_Surp:      0

After Test
Node 0 MemTotal:       24768352 kB
Node 0 MemFree:        24145900 kB
Node 0 MemUsed:          622452 kB
Node 0 Active:            32740 kB
Node 0 Inactive:          91184 kB
Node 0 Active(anon):       7940 kB
Node 0 Inactive(anon):      512 kB
Node 0 Active(file):      24800 kB
Node 0 Inactive(file):    90672 kB
Node 0 Unevictable:       14008 kB
Node 0 Mlocked:           14008 kB
Node 0 Dirty:                24 kB
Node 0 Writeback:             0 kB
Node 0 FilePages:        119636 kB
Node 0 Mapped:            49376 kB
Node 0 AnonPages:         17920 kB
Node 0 Shmem:               716 kB
Node 0 KernelStack:        1992 kB
Node 0 PageTables:          592 kB
Node 0 NFS_Unstable:          0 kB
Node 0 Bounce:                0 kB
Node 0 WritebackTmp:          0 kB
Node 0 KReclaimable:      22328 kB
Node 0 Slab:              65052 kB
Node 0 SReclaimable:      22328 kB
Node 0 SUnreclaim:        42724 kB
Node 0 AnonHugePages:         0 kB
Node 0 ShmemHugePages:        0 kB
Node 0 ShmemPmdMapped:        0 kB
Node 0 FileHugePages:        0 kB
Node 0 FilePmdMapped:        0 kB
Node 0 HugePages_Total:     0
Node 0 HugePages_Free:      0
Node 0 HugePages_Surp:      0

Node 1 MemTotal:       24661580 kB
Node 1 MemFree:        23953024 kB
Node 1 MemUsed:          708556 kB
Node 1 Active:            69536 kB
Node 1 Inactive:         147116 kB
Node 1 Active(anon):      25788 kB
Node 1 Inactive(anon):      452 kB
Node 1 Active(file):      43748 kB
Node 1 Inactive(file):   146664 kB
Node 1 Unevictable:        4748 kB
Node 1 Mlocked:            4748 kB
Node 1 Dirty:                44 kB
Node 1 Writeback:             0 kB
Node 1 FilePages:        195752 kB
Node 1 Mapped:            32268 kB
Node 1 AnonPages:         25364 kB
Node 1 Shmem:               596 kB
Node 1 KernelStack:        2824 kB
Node 1 PageTables:          872 kB
Node 1 NFS_Unstable:          0 kB
Node 1 Bounce:                0 kB
Node 1 WritebackTmp:          0 kB
Node 1 KReclaimable:      22284 kB
Node 1 Slab:              60288 kB
Node 1 SReclaimable:      22284 kB
Node 1 SUnreclaim:        38004 kB
Node 1 AnonHugePages:         0 kB
Node 1 ShmemHugePages:        0 kB
Node 1 ShmemPmdMapped:        0 kB
Node 1 FileHugePages:        0 kB
Node 1 FilePmdMapped:        0 kB
Node 1 HugePages_Total:     0
Node 1 HugePages_Free:      0
Node 1 HugePages_Surp:      0

After Opposite Node
Node 0 MemTotal:       24768352 kB
Node 0 MemFree:        24146176 kB
Node 0 MemUsed:          622176 kB
Node 0 Active:            32536 kB
Node 0 Inactive:          90944 kB
Node 0 Active(anon):       7512 kB
Node 0 Inactive(anon):      488 kB
Node 0 Active(file):      25024 kB
Node 0 Inactive(file):    90456 kB
Node 0 Unevictable:       14008 kB
Node 0 Mlocked:           14008 kB
Node 0 Dirty:                32 kB
Node 0 Writeback:             0 kB
Node 0 FilePages:        119600 kB
Node 0 Mapped:            49292 kB
Node 0 AnonPages:         17888 kB
Node 0 Shmem:               672 kB
Node 0 KernelStack:        1928 kB
Node 0 PageTables:          412 kB
Node 0 NFS_Unstable:          0 kB
Node 0 Bounce:                0 kB
Node 0 WritebackTmp:          0 kB
Node 0 KReclaimable:      22328 kB
Node 0 Slab:              65004 kB
Node 0 SReclaimable:      22328 kB
Node 0 SUnreclaim:        42676 kB
Node 0 AnonHugePages:         0 kB
Node 0 ShmemHugePages:        0 kB
Node 0 ShmemPmdMapped:        0 kB
Node 0 FileHugePages:        0 kB
Node 0 FilePmdMapped:        0 kB
Node 0 HugePages_Total:     0
Node 0 HugePages_Free:      0
Node 0 HugePages_Surp:      0

Node 1 MemTotal:       24661580 kB
Node 1 MemFree:        23952508 kB
Node 1 MemUsed:          709072 kB
Node 1 Active:            69588 kB
Node 1 Inactive:         147080 kB
Node 1 Active(anon):      25756 kB
Node 1 Inactive(anon):      476 kB
Node 1 Active(file):      43832 kB
Node 1 Inactive(file):   146604 kB
Node 1 Unevictable:        4748 kB
Node 1 Mlocked:            4748 kB
Node 1 Dirty:                64 kB
Node 1 Writeback:             0 kB
Node 1 FilePages:        195820 kB
Node 1 Mapped:            32084 kB
Node 1 AnonPages:         25508 kB
Node 1 Shmem:               640 kB
Node 1 KernelStack:        2840 kB
Node 1 PageTables:          872 kB
Node 1 NFS_Unstable:          0 kB
Node 1 Bounce:                0 kB
Node 1 WritebackTmp:          0 kB
Node 1 KReclaimable:      22340 kB
Node 1 Slab:              60492 kB
Node 1 SReclaimable:      22340 kB
Node 1 SUnreclaim:        38152 kB
Node 1 AnonHugePages:         0 kB
Node 1 ShmemHugePages:        0 kB
Node 1 ShmemPmdMapped:        0 kB
Node 1 FileHugePages:        0 kB
Node 1 FilePmdMapped:        0 kB
Node 1 HugePages_Total:     0
Node 1 HugePages_Free:      0
Node 1 HugePages_Surp:      0

B.0.bigfio.250M.2.O Complete!
