B.0.smallfio.2G.1.O
Begin
Node 0 MemTotal:       24768352 kB
Node 0 MemFree:        24538592 kB
Node 0 MemUsed:          229760 kB
Node 0 Active:            60808 kB
Node 0 Inactive:          21976 kB
Node 0 Active(anon):      16256 kB
Node 0 Inactive(anon):      428 kB
Node 0 Active(file):      44552 kB
Node 0 Inactive(file):    21548 kB
Node 0 Unevictable:       18008 kB
Node 0 Mlocked:           18008 kB
Node 0 Dirty:               288 kB
Node 0 Writeback:             0 kB
Node 0 FilePages:         74380 kB
Node 0 Mapped:            24764 kB
Node 0 AnonPages:         26412 kB
Node 0 Shmem:               600 kB
Node 0 KernelStack:        1848 kB
Node 0 PageTables:          480 kB
Node 0 NFS_Unstable:          0 kB
Node 0 Bounce:                0 kB
Node 0 WritebackTmp:          0 kB
Node 0 KReclaimable:      20472 kB
Node 0 Slab:              48112 kB
Node 0 SReclaimable:      20472 kB
Node 0 SUnreclaim:        27640 kB
Node 0 AnonHugePages:         0 kB
Node 0 ShmemHugePages:        0 kB
Node 0 ShmemPmdMapped:        0 kB
Node 0 FileHugePages:        0 kB
Node 0 FilePmdMapped:        0 kB
Node 0 HugePages_Total:     0
Node 0 HugePages_Free:      0
Node 0 HugePages_Surp:      0

Node 1 MemTotal:       24661580 kB
Node 1 MemFree:        24269148 kB
Node 1 MemUsed:          392432 kB
Node 1 Active:            33800 kB
Node 1 Inactive:          78712 kB
Node 1 Active(anon):      17228 kB
Node 1 Inactive(anon):      424 kB
Node 1 Active(file):      16572 kB
Node 1 Inactive(file):    78288 kB
Node 1 Unevictable:         516 kB
Node 1 Mlocked:             516 kB
Node 1 Dirty:               140 kB
Node 1 Writeback:             0 kB
Node 1 FilePages:         96188 kB
Node 1 Mapped:            30068 kB
Node 1 AnonPages:         17276 kB
Node 1 Shmem:               668 kB
Node 1 KernelStack:        1784 kB
Node 1 PageTables:          544 kB
Node 1 NFS_Unstable:          0 kB
Node 1 Bounce:                0 kB
Node 1 WritebackTmp:          0 kB
Node 1 KReclaimable:      20876 kB
Node 1 Slab:              56648 kB
Node 1 SReclaimable:      20876 kB
Node 1 SUnreclaim:        35772 kB
Node 1 AnonHugePages:         0 kB
Node 1 ShmemHugePages:        0 kB
Node 1 ShmemPmdMapped:        0 kB
Node 1 FileHugePages:        0 kB
Node 1 FilePmdMapped:        0 kB
Node 1 HugePages_Total:     0
Node 1 HugePages_Free:      0
Node 1 HugePages_Surp:      0

Load ZFS
Node 0 MemTotal:       24768352 kB
Node 0 MemFree:        24493368 kB
Node 0 MemUsed:          274984 kB
Node 0 Active:            71404 kB
Node 0 Inactive:          52232 kB
Node 0 Active(anon):      25536 kB
Node 0 Inactive(anon):      460 kB
Node 0 Active(file):      45868 kB
Node 0 Inactive(file):    51772 kB
Node 0 Unevictable:       18204 kB
Node 0 Mlocked:           18204 kB
Node 0 Dirty:               300 kB
Node 0 Writeback:             0 kB
Node 0 FilePages:        105936 kB
Node 0 Mapped:            26752 kB
Node 0 AnonPages:         35696 kB
Node 0 Shmem:               616 kB
Node 0 KernelStack:        1980 kB
Node 0 PageTables:          388 kB
Node 0 NFS_Unstable:          0 kB
Node 0 Bounce:                0 kB
Node 0 WritebackTmp:          0 kB
Node 0 KReclaimable:      21188 kB
Node 0 Slab:              51852 kB
Node 0 SReclaimable:      21188 kB
Node 0 SUnreclaim:        30664 kB
Node 0 AnonHugePages:         0 kB
Node 0 ShmemHugePages:        0 kB
Node 0 ShmemPmdMapped:        0 kB
Node 0 FileHugePages:        0 kB
Node 0 FilePmdMapped:        0 kB
Node 0 HugePages_Total:     0
Node 0 HugePages_Free:      0
Node 0 HugePages_Surp:      0

Node 1 MemTotal:       24661580 kB
Node 1 MemFree:        24175240 kB
Node 1 MemUsed:          486340 kB
Node 1 Active:            48548 kB
Node 1 Inactive:         151920 kB
Node 1 Active(anon):      30596 kB
Node 1 Inactive(anon):      476 kB
Node 1 Active(file):      17952 kB
Node 1 Inactive(file):   151444 kB
Node 1 Unevictable:         516 kB
Node 1 Mlocked:             516 kB
Node 1 Dirty:               460 kB
Node 1 Writeback:             0 kB
Node 1 FilePages:        170564 kB
Node 1 Mapped:            32796 kB
Node 1 AnonPages:         29996 kB
Node 1 Shmem:               652 kB
Node 1 KernelStack:        2140 kB
Node 1 PageTables:         2008 kB
Node 1 NFS_Unstable:          0 kB
Node 1 Bounce:                0 kB
Node 1 WritebackTmp:          0 kB
Node 1 KReclaimable:      22256 kB
Node 1 Slab:              60740 kB
Node 1 SReclaimable:      22256 kB
Node 1 SUnreclaim:        38484 kB
Node 1 AnonHugePages:         0 kB
Node 1 ShmemHugePages:        0 kB
Node 1 ShmemPmdMapped:        0 kB
Node 1 FileHugePages:        0 kB
Node 1 FilePmdMapped:        0 kB
Node 1 HugePages_Total:     0
Node 1 HugePages_Free:      0
Node 1 HugePages_Surp:      0

Import tank ZPool
Node 0 MemTotal:       24768352 kB
Node 0 MemFree:        24501732 kB
Node 0 MemUsed:          266620 kB
Node 0 Active:            61324 kB
Node 0 Inactive:          52040 kB
Node 0 Active(anon):      15428 kB
Node 0 Inactive(anon):      468 kB
Node 0 Active(file):      45896 kB
Node 0 Inactive(file):    51572 kB
Node 0 Unevictable:       18236 kB
Node 0 Mlocked:           18236 kB
Node 0 Dirty:                48 kB
Node 0 Writeback:             0 kB
Node 0 FilePages:        105776 kB
Node 0 Mapped:            24976 kB
Node 0 AnonPages:         25836 kB
Node 0 Shmem:               616 kB
Node 0 KernelStack:        1896 kB
Node 0 PageTables:          460 kB
Node 0 NFS_Unstable:          0 kB
Node 0 Bounce:                0 kB
Node 0 WritebackTmp:          0 kB
Node 0 KReclaimable:      21260 kB
Node 0 Slab:              51908 kB
Node 0 SReclaimable:      21260 kB
Node 0 SUnreclaim:        30648 kB
Node 0 AnonHugePages:         0 kB
Node 0 ShmemHugePages:        0 kB
Node 0 ShmemPmdMapped:        0 kB
Node 0 FileHugePages:        0 kB
Node 0 FilePmdMapped:        0 kB
Node 0 HugePages_Total:     0
Node 0 HugePages_Free:      0
Node 0 HugePages_Surp:      0

Node 1 MemTotal:       24661580 kB
Node 1 MemFree:        24173084 kB
Node 1 MemUsed:          488496 kB
Node 1 Active:            36660 kB
Node 1 Inactive:         152720 kB
Node 1 Active(anon):      17960 kB
Node 1 Inactive(anon):      480 kB
Node 1 Active(file):      18700 kB
Node 1 Inactive(file):   152240 kB
Node 1 Unevictable:         516 kB
Node 1 Mlocked:             516 kB
Node 1 Dirty:               448 kB
Node 1 Writeback:             0 kB
Node 1 FilePages:        172112 kB
Node 1 Mapped:            30356 kB
Node 1 AnonPages:         17732 kB
Node 1 Shmem:               652 kB
Node 1 KernelStack:        2872 kB
Node 1 PageTables:          708 kB
Node 1 NFS_Unstable:          0 kB
Node 1 Bounce:                0 kB
Node 1 WritebackTmp:          0 kB
Node 1 KReclaimable:      22368 kB
Node 1 Slab:              66988 kB
Node 1 SReclaimable:      22368 kB
Node 1 SUnreclaim:        44620 kB
Node 1 AnonHugePages:         0 kB
Node 1 ShmemHugePages:        0 kB
Node 1 ShmemPmdMapped:        0 kB
Node 1 FileHugePages:        0 kB
Node 1 FilePmdMapped:        0 kB
Node 1 HugePages_Total:     0
Node 1 HugePages_Free:      0
Node 1 HugePages_Surp:      0

After Test
Node 0 MemTotal:       24768352 kB
Node 0 MemFree:        24285096 kB
Node 0 MemUsed:          483256 kB
Node 0 Active:            62572 kB
Node 0 Inactive:          53224 kB
Node 0 Active(anon):      15700 kB
Node 0 Inactive(anon):      508 kB
Node 0 Active(file):      46872 kB
Node 0 Inactive(file):    52716 kB
Node 0 Unevictable:       18236 kB
Node 0 Mlocked:           18236 kB
Node 0 Dirty:                16 kB
Node 0 Writeback:             0 kB
Node 0 FilePages:        107932 kB
Node 0 Mapped:            24976 kB
Node 0 AnonPages:         25972 kB
Node 0 Shmem:               660 kB
Node 0 KernelStack:        1816 kB
Node 0 PageTables:          632 kB
Node 0 NFS_Unstable:          0 kB
Node 0 Bounce:                0 kB
Node 0 WritebackTmp:          0 kB
Node 0 KReclaimable:      22732 kB
Node 0 Slab:              65032 kB
Node 0 SReclaimable:      22732 kB
Node 0 SUnreclaim:        42300 kB
Node 0 AnonHugePages:         0 kB
Node 0 ShmemHugePages:        0 kB
Node 0 ShmemPmdMapped:        0 kB
Node 0 FileHugePages:        0 kB
Node 0 FilePmdMapped:        0 kB
Node 0 HugePages_Total:     0
Node 0 HugePages_Free:      0
Node 0 HugePages_Surp:      0

Node 1 MemTotal:       24661580 kB
Node 1 MemFree:        21447128 kB
Node 1 MemUsed:         3214452 kB
Node 1 Active:            36548 kB
Node 1 Inactive:         152524 kB
Node 1 Active(anon):      17492 kB
Node 1 Inactive(anon):      476 kB
Node 1 Active(file):      19056 kB
Node 1 Inactive(file):   152048 kB
Node 1 Unevictable:         516 kB
Node 1 Mlocked:             516 kB
Node 1 Dirty:                84 kB
Node 1 Writeback:             0 kB
Node 1 FilePages:        172272 kB
Node 1 Mapped:            30072 kB
Node 1 AnonPages:         17316 kB
Node 1 Shmem:               652 kB
Node 1 KernelStack:        2824 kB
Node 1 PageTables:          592 kB
Node 1 NFS_Unstable:          0 kB
Node 1 Bounce:                0 kB
Node 1 WritebackTmp:          0 kB
Node 1 KReclaimable:      22384 kB
Node 1 Slab:              70292 kB
Node 1 SReclaimable:      22384 kB
Node 1 SUnreclaim:        47908 kB
Node 1 AnonHugePages:         0 kB
Node 1 ShmemHugePages:        0 kB
Node 1 ShmemPmdMapped:        0 kB
Node 1 FileHugePages:        0 kB
Node 1 FilePmdMapped:        0 kB
Node 1 HugePages_Total:     0
Node 1 HugePages_Free:      0
Node 1 HugePages_Surp:      0

After Opposite Node
Node 0 MemTotal:       24768352 kB
Node 0 MemFree:        24289456 kB
Node 0 MemUsed:          478896 kB
Node 0 Active:            62836 kB
Node 0 Inactive:          53020 kB
Node 0 Active(anon):      15752 kB
Node 0 Inactive(anon):      464 kB
Node 0 Active(file):      47084 kB
Node 0 Inactive(file):    52556 kB
Node 0 Unevictable:       18236 kB
Node 0 Mlocked:           18236 kB
Node 0 Dirty:                60 kB
Node 0 Writeback:             0 kB
Node 0 FilePages:        107940 kB
Node 0 Mapped:            24936 kB
Node 0 AnonPages:         26156 kB
Node 0 Shmem:               616 kB
Node 0 KernelStack:        1784 kB
Node 0 PageTables:          460 kB
Node 0 NFS_Unstable:          0 kB
Node 0 Bounce:                0 kB
Node 0 WritebackTmp:          0 kB
Node 0 KReclaimable:      22848 kB
Node 0 Slab:              65424 kB
Node 0 SReclaimable:      22848 kB
Node 0 SUnreclaim:        42576 kB
Node 0 AnonHugePages:         0 kB
Node 0 ShmemHugePages:        0 kB
Node 0 ShmemPmdMapped:        0 kB
Node 0 FileHugePages:        0 kB
Node 0 FilePmdMapped:        0 kB
Node 0 HugePages_Total:     0
Node 0 HugePages_Free:      0
Node 0 HugePages_Surp:      0

Node 1 MemTotal:       24661580 kB
Node 1 MemFree:        21453436 kB
Node 1 MemUsed:         3208144 kB
Node 1 Active:            36532 kB
Node 1 Inactive:         152560 kB
Node 1 Active(anon):      17448 kB
Node 1 Inactive(anon):      520 kB
Node 1 Active(file):      19084 kB
Node 1 Inactive(file):   152040 kB
Node 1 Unevictable:         516 kB
Node 1 Mlocked:             516 kB
Node 1 Dirty:               216 kB
Node 1 Writeback:             0 kB
Node 1 FilePages:        172344 kB
Node 1 Mapped:            30188 kB
Node 1 AnonPages:         17140 kB
Node 1 Shmem:               696 kB
Node 1 KernelStack:        2856 kB
Node 1 PageTables:          764 kB
Node 1 NFS_Unstable:          0 kB
Node 1 Bounce:                0 kB
Node 1 WritebackTmp:          0 kB
Node 1 KReclaimable:      22448 kB
Node 1 Slab:              70940 kB
Node 1 SReclaimable:      22448 kB
Node 1 SUnreclaim:        48492 kB
Node 1 AnonHugePages:         0 kB
Node 1 ShmemHugePages:        0 kB
Node 1 ShmemPmdMapped:        0 kB
Node 1 FileHugePages:        0 kB
Node 1 FilePmdMapped:        0 kB
Node 1 HugePages_Total:     0
Node 1 HugePages_Free:      0
Node 1 HugePages_Surp:      0

B.0.smallfio.2G.1.O Complete!
