B.1.doublefio.16G.3.O
Begin
Node 0 MemTotal:       24768352 kB
Node 0 MemFree:        24521928 kB
Node 0 MemUsed:          246424 kB
Node 0 Active:            58408 kB
Node 0 Inactive:          35172 kB
Node 0 Active(anon):      22784 kB
Node 0 Inactive(anon):      344 kB
Node 0 Active(file):      35624 kB
Node 0 Inactive(file):    34828 kB
Node 0 Unevictable:       18088 kB
Node 0 Mlocked:           18088 kB
Node 0 Dirty:               108 kB
Node 0 Writeback:             0 kB
Node 0 FilePages:         78776 kB
Node 0 Mapped:            36940 kB
Node 0 AnonPages:         32900 kB
Node 0 Shmem:               560 kB
Node 0 KernelStack:        2104 kB
Node 0 PageTables:          684 kB
Node 0 NFS_Unstable:          0 kB
Node 0 Bounce:                0 kB
Node 0 WritebackTmp:          0 kB
Node 0 KReclaimable:      20796 kB
Node 0 Slab:              53536 kB
Node 0 SReclaimable:      20796 kB
Node 0 SUnreclaim:        32740 kB
Node 0 AnonHugePages:         0 kB
Node 0 ShmemHugePages:        0 kB
Node 0 ShmemPmdMapped:        0 kB
Node 0 FileHugePages:        0 kB
Node 0 FilePmdMapped:        0 kB
Node 0 HugePages_Total:     0
Node 0 HugePages_Free:      0
Node 0 HugePages_Surp:      0

Node 1 MemTotal:       24661580 kB
Node 1 MemFree:        24290060 kB
Node 1 MemUsed:          371520 kB
Node 1 Active:            36552 kB
Node 1 Inactive:          59160 kB
Node 1 Active(anon):      11224 kB
Node 1 Inactive(anon):      512 kB
Node 1 Active(file):      25328 kB
Node 1 Inactive(file):    58648 kB
Node 1 Unevictable:         432 kB
Node 1 Mlocked:             432 kB
Node 1 Dirty:               380 kB
Node 1 Writeback:             0 kB
Node 1 FilePages:         85116 kB
Node 1 Mapped:            10432 kB
Node 1 AnonPages:         11132 kB
Node 1 Shmem:               708 kB
Node 1 KernelStack:        1512 kB
Node 1 PageTables:          364 kB
Node 1 NFS_Unstable:          0 kB
Node 1 Bounce:                0 kB
Node 1 WritebackTmp:          0 kB
Node 1 KReclaimable:      20860 kB
Node 1 Slab:              52404 kB
Node 1 SReclaimable:      20860 kB
Node 1 SUnreclaim:        31544 kB
Node 1 AnonHugePages:         0 kB
Node 1 ShmemHugePages:        0 kB
Node 1 ShmemPmdMapped:        0 kB
Node 1 FileHugePages:        0 kB
Node 1 FilePmdMapped:        0 kB
Node 1 HugePages_Total:     0
Node 1 HugePages_Free:      0
Node 1 HugePages_Surp:      0

Load ZFS
Node 0 MemTotal:       24768352 kB
Node 0 MemFree:        24474920 kB
Node 0 MemUsed:          293432 kB
Node 0 Active:            73736 kB
Node 0 Inactive:          60228 kB
Node 0 Active(anon):      36708 kB
Node 0 Inactive(anon):      484 kB
Node 0 Active(file):      37028 kB
Node 0 Inactive(file):    59744 kB
Node 0 Unevictable:       18304 kB
Node 0 Mlocked:           18304 kB
Node 0 Dirty:               396 kB
Node 0 Writeback:             0 kB
Node 0 FilePages:        105164 kB
Node 0 Mapped:            39108 kB
Node 0 AnonPages:         47252 kB
Node 0 Shmem:               632 kB
Node 0 KernelStack:        2360 kB
Node 0 PageTables:         1336 kB
Node 0 NFS_Unstable:          0 kB
Node 0 Bounce:                0 kB
Node 0 WritebackTmp:          0 kB
Node 0 KReclaimable:      21676 kB
Node 0 Slab:              56552 kB
Node 0 SReclaimable:      21676 kB
Node 0 SUnreclaim:        34876 kB
Node 0 AnonHugePages:         0 kB
Node 0 ShmemHugePages:        0 kB
Node 0 ShmemPmdMapped:        0 kB
Node 0 FileHugePages:        0 kB
Node 0 FilePmdMapped:        0 kB
Node 0 HugePages_Total:     0
Node 0 HugePages_Free:      0
Node 0 HugePages_Surp:      0

Node 1 MemTotal:       24661580 kB
Node 1 MemFree:        24192836 kB
Node 1 MemUsed:          468744 kB
Node 1 Active:            50460 kB
Node 1 Inactive:         137532 kB
Node 1 Active(anon):      24116 kB
Node 1 Inactive(anon):      460 kB
Node 1 Active(file):      26344 kB
Node 1 Inactive(file):   137072 kB
Node 1 Unevictable:         432 kB
Node 1 Mlocked:             432 kB
Node 1 Dirty:               412 kB
Node 1 Writeback:             0 kB
Node 1 FilePages:        164484 kB
Node 1 Mapped:            12308 kB
Node 1 AnonPages:         24088 kB
Node 1 Shmem:               636 kB
Node 1 KernelStack:        1892 kB
Node 1 PageTables:         1608 kB
Node 1 NFS_Unstable:          0 kB
Node 1 Bounce:                0 kB
Node 1 WritebackTmp:          0 kB
Node 1 KReclaimable:      21840 kB
Node 1 Slab:              56680 kB
Node 1 SReclaimable:      21840 kB
Node 1 SUnreclaim:        34840 kB
Node 1 AnonHugePages:         0 kB
Node 1 ShmemHugePages:        0 kB
Node 1 ShmemPmdMapped:        0 kB
Node 1 FileHugePages:        0 kB
Node 1 FilePmdMapped:        0 kB
Node 1 HugePages_Total:     0
Node 1 HugePages_Free:      0
Node 1 HugePages_Surp:      0

Import tank ZPool
Node 0 MemTotal:       24768352 kB
Node 0 MemFree:        24482688 kB
Node 0 MemUsed:          285664 kB
Node 0 Active:            60560 kB
Node 0 Inactive:          61120 kB
Node 0 Active(anon):      22872 kB
Node 0 Inactive(anon):      492 kB
Node 0 Active(file):      37688 kB
Node 0 Inactive(file):    60628 kB
Node 0 Unevictable:       18320 kB
Node 0 Mlocked:           18320 kB
Node 0 Dirty:               492 kB
Node 0 Writeback:             0 kB
Node 0 FilePages:        106708 kB
Node 0 Mapped:            37352 kB
Node 0 AnonPages:         32936 kB
Node 0 Shmem:               632 kB
Node 0 KernelStack:        2184 kB
Node 0 PageTables:          964 kB
Node 0 NFS_Unstable:          0 kB
Node 0 Bounce:                0 kB
Node 0 WritebackTmp:          0 kB
Node 0 KReclaimable:      21824 kB
Node 0 Slab:              61716 kB
Node 0 SReclaimable:      21824 kB
Node 0 SUnreclaim:        39892 kB
Node 0 AnonHugePages:         0 kB
Node 0 ShmemHugePages:        0 kB
Node 0 ShmemPmdMapped:        0 kB
Node 0 FileHugePages:        0 kB
Node 0 FilePmdMapped:        0 kB
Node 0 HugePages_Total:     0
Node 0 HugePages_Free:      0
Node 0 HugePages_Surp:      0

Node 1 MemTotal:       24661580 kB
Node 1 MemFree:        24192108 kB
Node 1 MemUsed:          469472 kB
Node 1 Active:            37652 kB
Node 1 Inactive:         137300 kB
Node 1 Active(anon):      11052 kB
Node 1 Inactive(anon):      456 kB
Node 1 Active(file):      26600 kB
Node 1 Inactive(file):   136844 kB
Node 1 Unevictable:         432 kB
Node 1 Mlocked:             432 kB
Node 1 Dirty:                72 kB
Node 1 Writeback:             0 kB
Node 1 FilePages:        164512 kB
Node 1 Mapped:            10576 kB
Node 1 AnonPages:         11020 kB
Node 1 Shmem:               636 kB
Node 1 KernelStack:        2632 kB
Node 1 PageTables:          408 kB
Node 1 NFS_Unstable:          0 kB
Node 1 Bounce:                0 kB
Node 1 WritebackTmp:          0 kB
Node 1 KReclaimable:      21840 kB
Node 1 Slab:              58744 kB
Node 1 SReclaimable:      21840 kB
Node 1 SUnreclaim:        36904 kB
Node 1 AnonHugePages:         0 kB
Node 1 ShmemHugePages:        0 kB
Node 1 ShmemPmdMapped:        0 kB
Node 1 FileHugePages:        0 kB
Node 1 FilePmdMapped:        0 kB
Node 1 HugePages_Total:     0
Node 1 HugePages_Free:      0
Node 1 HugePages_Surp:      0

After Test
Node 0 MemTotal:       24768352 kB
Node 0 MemFree:         7697592 kB
Node 0 MemUsed:        17070760 kB
Node 0 Active:            60312 kB
Node 0 Inactive:          60924 kB
Node 0 Active(anon):      22292 kB
Node 0 Inactive(anon):      488 kB
Node 0 Active(file):      38020 kB
Node 0 Inactive(file):    60436 kB
Node 0 Unevictable:       18320 kB
Node 0 Mlocked:           18320 kB
Node 0 Dirty:                40 kB
Node 0 Writeback:             0 kB
Node 0 FilePages:        106848 kB
Node 0 Mapped:            36956 kB
Node 0 AnonPages:         32704 kB
Node 0 Shmem:               632 kB
Node 0 KernelStack:        1960 kB
Node 0 PageTables:          688 kB
Node 0 NFS_Unstable:          0 kB
Node 0 Bounce:                0 kB
Node 0 WritebackTmp:          0 kB
Node 0 KReclaimable:      21844 kB
Node 0 Slab:              65764 kB
Node 0 SReclaimable:      21844 kB
Node 0 SUnreclaim:        43920 kB
Node 0 AnonHugePages:         0 kB
Node 0 ShmemHugePages:        0 kB
Node 0 ShmemPmdMapped:        0 kB
Node 0 FileHugePages:        0 kB
Node 0 FilePmdMapped:        0 kB
Node 0 HugePages_Total:     0
Node 0 HugePages_Free:      0
Node 0 HugePages_Surp:      0

Node 1 MemTotal:       24661580 kB
Node 1 MemFree:        23313400 kB
Node 1 MemUsed:         1348180 kB
Node 1 Active:            38924 kB
Node 1 Inactive:         138472 kB
Node 1 Active(anon):      11372 kB
Node 1 Inactive(anon):      496 kB
Node 1 Active(file):      27552 kB
Node 1 Inactive(file):   137976 kB
Node 1 Unevictable:         432 kB
Node 1 Mlocked:             432 kB
Node 1 Dirty:                36 kB
Node 1 Writeback:             0 kB
Node 1 FilePages:        166648 kB
Node 1 Mapped:            10712 kB
Node 1 AnonPages:         11056 kB
Node 1 Shmem:               680 kB
Node 1 KernelStack:        2520 kB
Node 1 PageTables:          540 kB
Node 1 NFS_Unstable:          0 kB
Node 1 Bounce:                0 kB
Node 1 WritebackTmp:          0 kB
Node 1 KReclaimable:      23228 kB
Node 1 Slab:             117080 kB
Node 1 SReclaimable:      23228 kB
Node 1 SUnreclaim:        93852 kB
Node 1 AnonHugePages:         0 kB
Node 1 ShmemHugePages:        0 kB
Node 1 ShmemPmdMapped:        0 kB
Node 1 FileHugePages:        0 kB
Node 1 FilePmdMapped:        0 kB
Node 1 HugePages_Total:     0
Node 1 HugePages_Free:      0
Node 1 HugePages_Surp:      0

After Opposite Node
Node 0 MemTotal:       24768352 kB
Node 0 MemFree:         7695540 kB
Node 0 MemUsed:        17072812 kB
Node 0 Active:            60544 kB
Node 0 Inactive:          60956 kB
Node 0 Active(anon):      22496 kB
Node 0 Inactive(anon):      524 kB
Node 0 Active(file):      38048 kB
Node 0 Inactive(file):    60432 kB
Node 0 Unevictable:       18320 kB
Node 0 Mlocked:           18320 kB
Node 0 Dirty:                52 kB
Node 0 Writeback:             0 kB
Node 0 FilePages:        106916 kB
Node 0 Mapped:            37000 kB
Node 0 AnonPages:         32760 kB
Node 0 Shmem:               676 kB
Node 0 KernelStack:        2008 kB
Node 0 PageTables:          800 kB
Node 0 NFS_Unstable:          0 kB
Node 0 Bounce:                0 kB
Node 0 WritebackTmp:          0 kB
Node 0 KReclaimable:      21900 kB
Node 0 Slab:              67564 kB
Node 0 SReclaimable:      21900 kB
Node 0 SUnreclaim:        45664 kB
Node 0 AnonHugePages:         0 kB
Node 0 ShmemHugePages:        0 kB
Node 0 ShmemPmdMapped:        0 kB
Node 0 FileHugePages:        0 kB
Node 0 FilePmdMapped:        0 kB
Node 0 HugePages_Total:     0
Node 0 HugePages_Free:      0
Node 0 HugePages_Surp:      0

Node 1 MemTotal:       24661580 kB
Node 1 MemFree:        23322548 kB
Node 1 MemUsed:         1339032 kB
Node 1 Active:            38868 kB
Node 1 Inactive:         138264 kB
Node 1 Active(anon):      11100 kB
Node 1 Inactive(anon):      452 kB
Node 1 Active(file):      27768 kB
Node 1 Inactive(file):   137812 kB
Node 1 Unevictable:         432 kB
Node 1 Mlocked:             432 kB
Node 1 Dirty:                28 kB
Node 1 Writeback:             0 kB
Node 1 FilePages:        166648 kB
Node 1 Mapped:            10672 kB
Node 1 AnonPages:         10916 kB
Node 1 Shmem:               636 kB
Node 1 KernelStack:        2456 kB
Node 1 PageTables:          364 kB
Node 1 NFS_Unstable:          0 kB
Node 1 Bounce:                0 kB
Node 1 WritebackTmp:          0 kB
Node 1 KReclaimable:      23232 kB
Node 1 Slab:             114992 kB
Node 1 SReclaimable:      23232 kB
Node 1 SUnreclaim:        91760 kB
Node 1 AnonHugePages:         0 kB
Node 1 ShmemHugePages:        0 kB
Node 1 ShmemPmdMapped:        0 kB
Node 1 FileHugePages:        0 kB
Node 1 FilePmdMapped:        0 kB
Node 1 HugePages_Total:     0
Node 1 HugePages_Free:      0
Node 1 HugePages_Surp:      0

B.1.doublefio.16G.3.O Complete!
