B.1.doublefio.2-1G.1.O
Begin
Node 0 MemTotal:       24768352 kB
Node 0 MemFree:        24434508 kB
Node 0 MemUsed:          333844 kB
Node 0 Active:            27316 kB
Node 0 Inactive:          40612 kB
Node 0 Active(anon):       9908 kB
Node 0 Inactive(anon):      472 kB
Node 0 Active(file):      17408 kB
Node 0 Inactive(file):    40140 kB
Node 0 Unevictable:         440 kB
Node 0 Mlocked:             440 kB
Node 0 Dirty:               408 kB
Node 0 Writeback:             0 kB
Node 0 FilePages:         58676 kB
Node 0 Mapped:            23992 kB
Node 0 AnonPages:          9752 kB
Node 0 Shmem:               680 kB
Node 0 KernelStack:        2008 kB
Node 0 PageTables:          448 kB
Node 0 NFS_Unstable:          0 kB
Node 0 Bounce:                0 kB
Node 0 WritebackTmp:          0 kB
Node 0 KReclaimable:      16392 kB
Node 0 Slab:              49096 kB
Node 0 SReclaimable:      16392 kB
Node 0 SUnreclaim:        32704 kB
Node 0 AnonHugePages:         0 kB
Node 0 ShmemHugePages:        0 kB
Node 0 ShmemPmdMapped:        0 kB
Node 0 FileHugePages:        0 kB
Node 0 FilePmdMapped:        0 kB
Node 0 HugePages_Total:     0
Node 0 HugePages_Free:      0
Node 0 HugePages_Surp:      0

Node 1 MemTotal:       24661580 kB
Node 1 MemFree:        24372268 kB
Node 1 MemUsed:          289312 kB
Node 1 Active:            67432 kB
Node 1 Inactive:          61260 kB
Node 1 Active(anon):      23744 kB
Node 1 Inactive(anon):      408 kB
Node 1 Active(file):      43688 kB
Node 1 Inactive(file):    60852 kB
Node 1 Unevictable:       18080 kB
Node 1 Mlocked:           18080 kB
Node 1 Dirty:               120 kB
Node 1 Writeback:             0 kB
Node 1 FilePages:        112880 kB
Node 1 Mapped:            29376 kB
Node 1 AnonPages:         33920 kB
Node 1 Shmem:               588 kB
Node 1 KernelStack:        1672 kB
Node 1 PageTables:          700 kB
Node 1 NFS_Unstable:          0 kB
Node 1 Bounce:                0 kB
Node 1 WritebackTmp:          0 kB
Node 1 KReclaimable:      25684 kB
Node 1 Slab:              57604 kB
Node 1 SReclaimable:      25684 kB
Node 1 SUnreclaim:        31920 kB
Node 1 AnonHugePages:         0 kB
Node 1 ShmemHugePages:        0 kB
Node 1 ShmemPmdMapped:        0 kB
Node 1 FileHugePages:        0 kB
Node 1 FilePmdMapped:        0 kB
Node 1 HugePages_Total:     0
Node 1 HugePages_Free:      0
Node 1 HugePages_Surp:      0

Load ZFS
Node 0 MemTotal:       24768352 kB
Node 0 MemFree:        24529912 kB
Node 0 MemUsed:          238440 kB
Node 0 Active:            44212 kB
Node 0 Inactive:          60896 kB
Node 0 Active(anon):      25580 kB
Node 0 Inactive(anon):      500 kB
Node 0 Active(file):      18632 kB
Node 0 Inactive(file):    60396 kB
Node 0 Unevictable:         440 kB
Node 0 Mlocked:             440 kB
Node 0 Dirty:               436 kB
Node 0 Writeback:             0 kB
Node 0 FilePages:         80088 kB
Node 0 Mapped:            25856 kB
Node 0 AnonPages:         25448 kB
Node 0 Shmem:               620 kB
Node 0 KernelStack:        2304 kB
Node 0 PageTables:         1576 kB
Node 0 NFS_Unstable:          0 kB
Node 0 Bounce:                0 kB
Node 0 WritebackTmp:          0 kB
Node 0 KReclaimable:      16988 kB
Node 0 Slab:              50028 kB
Node 0 SReclaimable:      16988 kB
Node 0 SUnreclaim:        33040 kB
Node 0 AnonHugePages:         0 kB
Node 0 ShmemHugePages:        0 kB
Node 0 ShmemPmdMapped:        0 kB
Node 0 FileHugePages:        0 kB
Node 0 FilePmdMapped:        0 kB
Node 0 HugePages_Total:     0
Node 0 HugePages_Free:      0
Node 0 HugePages_Surp:      0

Node 1 MemTotal:       24661580 kB
Node 1 MemFree:        24131904 kB
Node 1 MemUsed:          529676 kB
Node 1 Active:            79716 kB
Node 1 Inactive:         144364 kB
Node 1 Active(anon):      34792 kB
Node 1 Inactive(anon):      448 kB
Node 1 Active(file):      44924 kB
Node 1 Inactive(file):   143916 kB
Node 1 Unevictable:       18280 kB
Node 1 Mlocked:           18280 kB
Node 1 Dirty:               132 kB
Node 1 Writeback:             0 kB
Node 1 FilePages:        197240 kB
Node 1 Mapped:            32324 kB
Node 1 AnonPages:         45200 kB
Node 1 Shmem:               648 kB
Node 1 KernelStack:        2124 kB
Node 1 PageTables:         1908 kB
Node 1 NFS_Unstable:          0 kB
Node 1 Bounce:                0 kB
Node 1 WritebackTmp:          0 kB
Node 1 KReclaimable:      26824 kB
Node 1 Slab:              63616 kB
Node 1 SReclaimable:      26824 kB
Node 1 SUnreclaim:        36792 kB
Node 1 AnonHugePages:         0 kB
Node 1 ShmemHugePages:        0 kB
Node 1 ShmemPmdMapped:        0 kB
Node 1 FileHugePages:        0 kB
Node 1 FilePmdMapped:        0 kB
Node 1 HugePages_Total:     0
Node 1 HugePages_Free:      0
Node 1 HugePages_Surp:      0

Import tank ZPool
Node 0 MemTotal:       24768352 kB
Node 0 MemFree:        24543908 kB
Node 0 MemUsed:          224444 kB
Node 0 Active:            29624 kB
Node 0 Inactive:          61408 kB
Node 0 Active(anon):      10976 kB
Node 0 Inactive(anon):      500 kB
Node 0 Active(file):      18648 kB
Node 0 Inactive(file):    60908 kB
Node 0 Unevictable:         440 kB
Node 0 Mlocked:             440 kB
Node 0 Dirty:               472 kB
Node 0 Writeback:             0 kB
Node 0 FilePages:         80648 kB
Node 0 Mapped:            24552 kB
Node 0 AnonPages:         10596 kB
Node 0 Shmem:               620 kB
Node 0 KernelStack:        2072 kB
Node 0 PageTables:          720 kB
Node 0 NFS_Unstable:          0 kB
Node 0 Bounce:                0 kB
Node 0 WritebackTmp:          0 kB
Node 0 KReclaimable:      17000 kB
Node 0 Slab:              50136 kB
Node 0 SReclaimable:      17000 kB
Node 0 SUnreclaim:        33136 kB
Node 0 AnonHugePages:         0 kB
Node 0 ShmemHugePages:        0 kB
Node 0 ShmemPmdMapped:        0 kB
Node 0 FileHugePages:        0 kB
Node 0 FilePmdMapped:        0 kB
Node 0 HugePages_Total:     0
Node 0 HugePages_Free:      0
Node 0 HugePages_Surp:      0

Node 1 MemTotal:       24661580 kB
Node 1 MemFree:        24128916 kB
Node 1 MemUsed:          532664 kB
Node 1 Active:            68612 kB
Node 1 Inactive:         145004 kB
Node 1 Active(anon):      23344 kB
Node 1 Inactive(anon):      452 kB
Node 1 Active(file):      45268 kB
Node 1 Inactive(file):   144552 kB
Node 1 Unevictable:       18312 kB
Node 1 Mlocked:           18312 kB
Node 1 Dirty:                64 kB
Node 1 Writeback:             8 kB
Node 1 FilePages:        198224 kB
Node 1 Mapped:            29788 kB
Node 1 AnonPages:         33388 kB
Node 1 Shmem:               648 kB
Node 1 KernelStack:        2860 kB
Node 1 PageTables:         1232 kB
Node 1 NFS_Unstable:          0 kB
Node 1 Bounce:                0 kB
Node 1 WritebackTmp:          0 kB
Node 1 KReclaimable:      26948 kB
Node 1 Slab:              69876 kB
Node 1 SReclaimable:      26948 kB
Node 1 SUnreclaim:        42928 kB
Node 1 AnonHugePages:         0 kB
Node 1 ShmemHugePages:        0 kB
Node 1 ShmemPmdMapped:        0 kB
Node 1 FileHugePages:        0 kB
Node 1 FilePmdMapped:        0 kB
Node 1 HugePages_Total:     0
Node 1 HugePages_Free:      0
Node 1 HugePages_Surp:      0

After Test
Node 0 MemTotal:       24768352 kB
Node 0 MemFree:        24122520 kB
Node 0 MemUsed:          645832 kB
Node 0 Active:            29408 kB
Node 0 Inactive:          61096 kB
Node 0 Active(anon):      10352 kB
Node 0 Inactive(anon):      500 kB
Node 0 Active(file):      19056 kB
Node 0 Inactive(file):    60596 kB
Node 0 Unevictable:         440 kB
Node 0 Mlocked:             440 kB
Node 0 Dirty:               404 kB
Node 0 Writeback:             0 kB
Node 0 FilePages:         80712 kB
Node 0 Mapped:            24036 kB
Node 0 AnonPages:         10232 kB
Node 0 Shmem:               620 kB
Node 0 KernelStack:        2024 kB
Node 0 PageTables:          448 kB
Node 0 NFS_Unstable:          0 kB
Node 0 Bounce:                0 kB
Node 0 WritebackTmp:          0 kB
Node 0 KReclaimable:      17000 kB
Node 0 Slab:              51424 kB
Node 0 SReclaimable:      17000 kB
Node 0 SUnreclaim:        34424 kB
Node 0 AnonHugePages:         0 kB
Node 0 ShmemHugePages:        0 kB
Node 0 ShmemPmdMapped:        0 kB
Node 0 FileHugePages:        0 kB
Node 0 FilePmdMapped:        0 kB
Node 0 HugePages_Total:     0
Node 0 HugePages_Free:      0
Node 0 HugePages_Surp:      0

Node 1 MemTotal:       24661580 kB
Node 1 MemFree:        22674348 kB
Node 1 MemUsed:         1987232 kB
Node 1 Active:            69352 kB
Node 1 Inactive:         145752 kB
Node 1 Active(anon):      22872 kB
Node 1 Inactive(anon):      472 kB
Node 1 Active(file):      46480 kB
Node 1 Inactive(file):   145280 kB
Node 1 Unevictable:       18312 kB
Node 1 Mlocked:           18312 kB
Node 1 Dirty:                64 kB
Node 1 Writeback:             0 kB
Node 1 FilePages:        200204 kB
Node 1 Mapped:            29628 kB
Node 1 AnonPages:         33180 kB
Node 1 Shmem:               692 kB
Node 1 KernelStack:        2760 kB
Node 1 PageTables:          788 kB
Node 1 NFS_Unstable:          0 kB
Node 1 Bounce:                0 kB
Node 1 WritebackTmp:          0 kB
Node 1 KReclaimable:      28276 kB
Node 1 Slab:              79796 kB
Node 1 SReclaimable:      28276 kB
Node 1 SUnreclaim:        51520 kB
Node 1 AnonHugePages:         0 kB
Node 1 ShmemHugePages:        0 kB
Node 1 ShmemPmdMapped:        0 kB
Node 1 FileHugePages:        0 kB
Node 1 FilePmdMapped:        0 kB
Node 1 HugePages_Total:     0
Node 1 HugePages_Free:      0
Node 1 HugePages_Surp:      0

After Opposite Node
Node 0 MemTotal:       24768352 kB
Node 0 MemFree:        24122328 kB
Node 0 MemUsed:          646024 kB
Node 0 Active:            29704 kB
Node 0 Inactive:          61136 kB
Node 0 Active(anon):      10620 kB
Node 0 Inactive(anon):      544 kB
Node 0 Active(file):      19084 kB
Node 0 Inactive(file):    60592 kB
Node 0 Unevictable:         440 kB
Node 0 Mlocked:             440 kB
Node 0 Dirty:               436 kB
Node 0 Writeback:             0 kB
Node 0 FilePages:         80780 kB
Node 0 Mapped:            24080 kB
Node 0 AnonPages:         10368 kB
Node 0 Shmem:               664 kB
Node 0 KernelStack:        1944 kB
Node 0 PageTables:          624 kB
Node 0 NFS_Unstable:          0 kB
Node 0 Bounce:                0 kB
Node 0 WritebackTmp:          0 kB
Node 0 KReclaimable:      17080 kB
Node 0 Slab:              51620 kB
Node 0 SReclaimable:      17080 kB
Node 0 SUnreclaim:        34540 kB
Node 0 AnonHugePages:         0 kB
Node 0 ShmemHugePages:        0 kB
Node 0 ShmemPmdMapped:        0 kB
Node 0 FileHugePages:        0 kB
Node 0 FilePmdMapped:        0 kB
Node 0 HugePages_Total:     0
Node 0 HugePages_Free:      0
Node 0 HugePages_Surp:      0

Node 1 MemTotal:       24661580 kB
Node 1 MemFree:        22675252 kB
Node 1 MemUsed:         1986328 kB
Node 1 Active:            69336 kB
Node 1 Inactive:         145568 kB
Node 1 Active(anon):      22692 kB
Node 1 Inactive(anon):      444 kB
Node 1 Active(file):      46644 kB
Node 1 Inactive(file):   145124 kB
Node 1 Unevictable:       18312 kB
Node 1 Mlocked:           18312 kB
Node 1 Dirty:                72 kB
Node 1 Writeback:             0 kB
Node 1 FilePages:        200168 kB
Node 1 Mapped:            29584 kB
Node 1 AnonPages:         33044 kB
Node 1 Shmem:               648 kB
Node 1 KernelStack:        2712 kB
Node 1 PageTables:          616 kB
Node 1 NFS_Unstable:          0 kB
Node 1 Bounce:                0 kB
Node 1 WritebackTmp:          0 kB
Node 1 KReclaimable:      28276 kB
Node 1 Slab:              79932 kB
Node 1 SReclaimable:      28276 kB
Node 1 SUnreclaim:        51656 kB
Node 1 AnonHugePages:         0 kB
Node 1 ShmemHugePages:        0 kB
Node 1 ShmemPmdMapped:        0 kB
Node 1 FileHugePages:        0 kB
Node 1 FilePmdMapped:        0 kB
Node 1 HugePages_Total:     0
Node 1 HugePages_Free:      0
Node 1 HugePages_Surp:      0

B.1.doublefio.2-1G.1.O Complete!
