B.1.doublefio.250M.1.O
Begin
Node 0 MemTotal:       24743736 kB
Node 0 MemFree:        24452712 kB
Node 0 MemUsed:          291024 kB
Node 0 Active:            75268 kB
Node 0 Inactive:          55612 kB
Node 0 Active(anon):      27640 kB
Node 0 Inactive(anon):      544 kB
Node 0 Active(file):      47628 kB
Node 0 Inactive(file):    55068 kB
Node 0 Unevictable:       17488 kB
Node 0 Mlocked:           17488 kB
Node 0 Dirty:               372 kB
Node 0 Writeback:             0 kB
Node 0 FilePages:        110664 kB
Node 0 Mapped:            41740 kB
Node 0 AnonPages:         37816 kB
Node 0 Shmem:               772 kB
Node 0 KernelStack:        2088 kB
Node 0 PageTables:          868 kB
Node 0 NFS_Unstable:          0 kB
Node 0 Bounce:                0 kB
Node 0 WritebackTmp:          0 kB
Node 0 KReclaimable:      23416 kB
Node 0 Slab:              61328 kB
Node 0 SReclaimable:      23416 kB
Node 0 SUnreclaim:        37912 kB
Node 0 AnonHugePages:         0 kB
Node 0 ShmemHugePages:        0 kB
Node 0 ShmemPmdMapped:        0 kB
Node 0 FileHugePages:        0 kB
Node 0 FilePmdMapped:        0 kB
Node 0 HugePages_Total:     0
Node 0 HugePages_Free:      0
Node 0 HugePages_Surp:      0

Node 1 MemTotal:       24686196 kB
Node 1 MemFree:        24353488 kB
Node 1 MemUsed:          332708 kB
Node 1 Active:            19980 kB
Node 1 Inactive:          48000 kB
Node 1 Active(anon):       6196 kB
Node 1 Inactive(anon):      328 kB
Node 1 Active(file):      13784 kB
Node 1 Inactive(file):    47672 kB
Node 1 Unevictable:        1032 kB
Node 1 Mlocked:            1032 kB
Node 1 Dirty:               148 kB
Node 1 Writeback:             0 kB
Node 1 FilePages:         62984 kB
Node 1 Mapped:            14328 kB
Node 1 AnonPages:          6068 kB
Node 1 Shmem:               496 kB
Node 1 KernelStack:        1560 kB
Node 1 PageTables:          292 kB
Node 1 NFS_Unstable:          0 kB
Node 1 Bounce:                0 kB
Node 1 WritebackTmp:          0 kB
Node 1 KReclaimable:      18436 kB
Node 1 Slab:              44288 kB
Node 1 SReclaimable:      18436 kB
Node 1 SUnreclaim:        25852 kB
Node 1 AnonHugePages:         0 kB
Node 1 ShmemHugePages:        0 kB
Node 1 ShmemPmdMapped:        0 kB
Node 1 FileHugePages:        0 kB
Node 1 FilePmdMapped:        0 kB
Node 1 HugePages_Total:     0
Node 1 HugePages_Free:      0
Node 1 HugePages_Surp:      0

Load ZFS
Node 0 MemTotal:       24743736 kB
Node 0 MemFree:        24204016 kB
Node 0 MemUsed:          539720 kB
Node 0 Active:            87708 kB
Node 0 Inactive:         148968 kB
Node 0 Active(anon):      38748 kB
Node 0 Inactive(anon):      448 kB
Node 0 Active(file):      48960 kB
Node 0 Inactive(file):   148520 kB
Node 0 Unevictable:       17700 kB
Node 0 Mlocked:           17700 kB
Node 0 Dirty:               292 kB
Node 0 Writeback:             0 kB
Node 0 FilePages:        205316 kB
Node 0 Mapped:            43412 kB
Node 0 AnonPages:         48976 kB
Node 0 Shmem:               676 kB
Node 0 KernelStack:        2464 kB
Node 0 PageTables:         1752 kB
Node 0 NFS_Unstable:          0 kB
Node 0 Bounce:                0 kB
Node 0 WritebackTmp:          0 kB
Node 0 KReclaimable:      24360 kB
Node 0 Slab:              65508 kB
Node 0 SReclaimable:      24360 kB
Node 0 SUnreclaim:        41148 kB
Node 0 AnonHugePages:         0 kB
Node 0 ShmemHugePages:        0 kB
Node 0 ShmemPmdMapped:        0 kB
Node 0 FileHugePages:        0 kB
Node 0 FilePmdMapped:        0 kB
Node 0 HugePages_Total:     0
Node 0 HugePages_Free:      0
Node 0 HugePages_Surp:      0

Node 1 MemTotal:       24686196 kB
Node 1 MemFree:        24456476 kB
Node 1 MemUsed:          229720 kB
Node 1 Active:            36076 kB
Node 1 Inactive:          58028 kB
Node 1 Active(anon):      21356 kB
Node 1 Inactive(anon):      364 kB
Node 1 Active(file):      14720 kB
Node 1 Inactive(file):    57664 kB
Node 1 Unevictable:        1032 kB
Node 1 Mlocked:            1032 kB
Node 1 Dirty:               296 kB
Node 1 Writeback:             0 kB
Node 1 FilePages:         74004 kB
Node 1 Mapped:            16892 kB
Node 1 AnonPages:         20860 kB
Node 1 Shmem:               592 kB
Node 1 KernelStack:        1788 kB
Node 1 PageTables:          732 kB
Node 1 NFS_Unstable:          0 kB
Node 1 Bounce:                0 kB
Node 1 WritebackTmp:          0 kB
Node 1 KReclaimable:      19196 kB
Node 1 Slab:              47232 kB
Node 1 SReclaimable:      19196 kB
Node 1 SUnreclaim:        28036 kB
Node 1 AnonHugePages:         0 kB
Node 1 ShmemHugePages:        0 kB
Node 1 ShmemPmdMapped:        0 kB
Node 1 FileHugePages:        0 kB
Node 1 FilePmdMapped:        0 kB
Node 1 HugePages_Total:     0
Node 1 HugePages_Free:      0
Node 1 HugePages_Surp:      0

Import tank ZPool
Node 0 MemTotal:       24743736 kB
Node 0 MemFree:        24208704 kB
Node 0 MemUsed:          535032 kB
Node 0 Active:            78640 kB
Node 0 Inactive:         149596 kB
Node 0 Active(anon):      28768 kB
Node 0 Inactive(anon):      436 kB
Node 0 Active(file):      49872 kB
Node 0 Inactive(file):   149160 kB
Node 0 Unevictable:       17716 kB
Node 0 Mlocked:           17716 kB
Node 0 Dirty:               364 kB
Node 0 Writeback:             0 kB
Node 0 FilePages:        206780 kB
Node 0 Mapped:            41864 kB
Node 0 AnonPages:         38964 kB
Node 0 Shmem:               584 kB
Node 0 KernelStack:        2184 kB
Node 0 PageTables:         1156 kB
Node 0 NFS_Unstable:          0 kB
Node 0 Bounce:                0 kB
Node 0 WritebackTmp:          0 kB
Node 0 KReclaimable:      24492 kB
Node 0 Slab:              70504 kB
Node 0 SReclaimable:      24492 kB
Node 0 SUnreclaim:        46012 kB
Node 0 AnonHugePages:         0 kB
Node 0 ShmemHugePages:        0 kB
Node 0 ShmemPmdMapped:        0 kB
Node 0 FileHugePages:        0 kB
Node 0 FilePmdMapped:        0 kB
Node 0 HugePages_Total:     0
Node 0 HugePages_Free:      0
Node 0 HugePages_Surp:      0

Node 1 MemTotal:       24686196 kB
Node 1 MemFree:        24457912 kB
Node 1 MemUsed:          228284 kB
Node 1 Active:            20572 kB
Node 1 Inactive:          57720 kB
Node 1 Active(anon):       5288 kB
Node 1 Inactive(anon):      516 kB
Node 1 Active(file):      15284 kB
Node 1 Inactive(file):    57204 kB
Node 1 Unevictable:        1032 kB
Node 1 Mlocked:            1032 kB
Node 1 Dirty:               256 kB
Node 1 Writeback:             0 kB
Node 1 FilePages:         74204 kB
Node 1 Mapped:            14412 kB
Node 1 AnonPages:          5272 kB
Node 1 Shmem:               684 kB
Node 1 KernelStack:        2616 kB
Node 1 PageTables:          292 kB
Node 1 NFS_Unstable:          0 kB
Node 1 Bounce:                0 kB
Node 1 WritebackTmp:          0 kB
Node 1 KReclaimable:      19216 kB
Node 1 Slab:              49296 kB
Node 1 SReclaimable:      19216 kB
Node 1 SUnreclaim:        30080 kB
Node 1 AnonHugePages:         0 kB
Node 1 ShmemHugePages:        0 kB
Node 1 ShmemPmdMapped:        0 kB
Node 1 FileHugePages:        0 kB
Node 1 FilePmdMapped:        0 kB
Node 1 HugePages_Total:     0
Node 1 HugePages_Free:      0
Node 1 HugePages_Surp:      0

After Test
Node 0 MemTotal:       24743736 kB
Node 0 MemFree:        24201380 kB
Node 0 MemUsed:          542356 kB
Node 0 Active:            78032 kB
Node 0 Inactive:         149548 kB
Node 0 Active(anon):      28080 kB
Node 0 Inactive(anon):      432 kB
Node 0 Active(file):      49952 kB
Node 0 Inactive(file):   149116 kB
Node 0 Unevictable:       17716 kB
Node 0 Mlocked:           17716 kB
Node 0 Dirty:               364 kB
Node 0 Writeback:             0 kB
Node 0 FilePages:        206812 kB
Node 0 Mapped:            41796 kB
Node 0 AnonPages:         38480 kB
Node 0 Shmem:               584 kB
Node 0 KernelStack:        2136 kB
Node 0 PageTables:          900 kB
Node 0 NFS_Unstable:          0 kB
Node 0 Bounce:                0 kB
Node 0 WritebackTmp:          0 kB
Node 0 KReclaimable:      24492 kB
Node 0 Slab:              70056 kB
Node 0 SReclaimable:      24492 kB
Node 0 SUnreclaim:        45564 kB
Node 0 AnonHugePages:         0 kB
Node 0 ShmemHugePages:        0 kB
Node 0 ShmemPmdMapped:        0 kB
Node 0 FileHugePages:        0 kB
Node 0 FilePmdMapped:        0 kB
Node 0 HugePages_Total:     0
Node 0 HugePages_Free:      0
Node 0 HugePages_Surp:      0

Node 1 MemTotal:       24686196 kB
Node 1 MemFree:        23929524 kB
Node 1 MemUsed:          756672 kB
Node 1 Active:            21360 kB
Node 1 Inactive:          58932 kB
Node 1 Active(anon):       5332 kB
Node 1 Inactive(anon):      536 kB
Node 1 Active(file):      16028 kB
Node 1 Inactive(file):    58396 kB
Node 1 Unevictable:        1032 kB
Node 1 Mlocked:            1032 kB
Node 1 Dirty:               264 kB
Node 1 Writeback:             0 kB
Node 1 FilePages:         76184 kB
Node 1 Mapped:            14628 kB
Node 1 AnonPages:          5056 kB
Node 1 Shmem:               728 kB
Node 1 KernelStack:        2600 kB
Node 1 PageTables:          308 kB
Node 1 NFS_Unstable:          0 kB
Node 1 Bounce:                0 kB
Node 1 WritebackTmp:          0 kB
Node 1 KReclaimable:      20484 kB
Node 1 Slab:              54236 kB
Node 1 SReclaimable:      20484 kB
Node 1 SUnreclaim:        33752 kB
Node 1 AnonHugePages:         0 kB
Node 1 ShmemHugePages:        0 kB
Node 1 ShmemPmdMapped:        0 kB
Node 1 FileHugePages:        0 kB
Node 1 FilePmdMapped:        0 kB
Node 1 HugePages_Total:     0
Node 1 HugePages_Free:      0
Node 1 HugePages_Surp:      0

After Opposite Node
Node 0 MemTotal:       24743736 kB
Node 0 MemFree:        24200984 kB
Node 0 MemUsed:          542752 kB
Node 0 Active:            78216 kB
Node 0 Inactive:         149836 kB
Node 0 Active(anon):      28236 kB
Node 0 Inactive(anon):      724 kB
Node 0 Active(file):      49980 kB
Node 0 Inactive(file):   149112 kB
Node 0 Unevictable:       17716 kB
Node 0 Mlocked:           17716 kB
Node 0 Dirty:               384 kB
Node 0 Writeback:             0 kB
Node 0 FilePages:        207128 kB
Node 0 Mapped:            41796 kB
Node 0 AnonPages:         38528 kB
Node 0 Shmem:               584 kB
Node 0 KernelStack:        2180 kB
Node 0 PageTables:          940 kB
Node 0 NFS_Unstable:          0 kB
Node 0 Bounce:                0 kB
Node 0 WritebackTmp:          0 kB
Node 0 KReclaimable:      24524 kB
Node 0 Slab:              70100 kB
Node 0 SReclaimable:      24524 kB
Node 0 SUnreclaim:        45576 kB
Node 0 AnonHugePages:         0 kB
Node 0 ShmemHugePages:        0 kB
Node 0 ShmemPmdMapped:        0 kB
Node 0 FileHugePages:        0 kB
Node 0 FilePmdMapped:        0 kB
Node 0 HugePages_Total:     0
Node 0 HugePages_Free:      0
Node 0 HugePages_Surp:      0

Node 1 MemTotal:       24686196 kB
Node 1 MemFree:        23929620 kB
Node 1 MemUsed:          756576 kB
Node 1 Active:            21412 kB
Node 1 Inactive:          58704 kB
Node 1 Active(anon):       5172 kB
Node 1 Inactive(anon):      512 kB
Node 1 Active(file):      16240 kB
Node 1 Inactive(file):    58192 kB
Node 1 Unevictable:        1032 kB
Node 1 Mlocked:            1032 kB
Node 1 Dirty:               272 kB
Node 1 Writeback:             0 kB
Node 1 FilePages:         76148 kB
Node 1 Mapped:            14344 kB
Node 1 AnonPages:          5000 kB
Node 1 Shmem:               684 kB
Node 1 KernelStack:        2584 kB
Node 1 PageTables:          192 kB
Node 1 NFS_Unstable:          0 kB
Node 1 Bounce:                0 kB
Node 1 WritebackTmp:          0 kB
Node 1 KReclaimable:      20484 kB
Node 1 Slab:              54228 kB
Node 1 SReclaimable:      20484 kB
Node 1 SUnreclaim:        33744 kB
Node 1 AnonHugePages:         0 kB
Node 1 ShmemHugePages:        0 kB
Node 1 ShmemPmdMapped:        0 kB
Node 1 FileHugePages:        0 kB
Node 1 FilePmdMapped:        0 kB
Node 1 HugePages_Total:     0
Node 1 HugePages_Free:      0
Node 1 HugePages_Surp:      0

B.1.doublefio.250M.1.O Complete!
