B.1.doublefio.8G.2.O
Begin
Node 0 MemTotal:       24743736 kB
Node 0 MemFree:        24492948 kB
Node 0 MemUsed:          250788 kB
Node 0 Active:            41320 kB
Node 0 Inactive:          76884 kB
Node 0 Active(anon):      22424 kB
Node 0 Inactive(anon):      440 kB
Node 0 Active(file):      18896 kB
Node 0 Inactive(file):    76444 kB
Node 0 Unevictable:        1140 kB
Node 0 Mlocked:            1140 kB
Node 0 Dirty:                56 kB
Node 0 Writeback:             0 kB
Node 0 FilePages:         97200 kB
Node 0 Mapped:            33760 kB
Node 0 AnonPages:         22288 kB
Node 0 Shmem:               576 kB
Node 0 KernelStack:        2040 kB
Node 0 PageTables:          572 kB
Node 0 NFS_Unstable:          0 kB
Node 0 Bounce:                0 kB
Node 0 WritebackTmp:          0 kB
Node 0 KReclaimable:      19048 kB
Node 0 Slab:              44404 kB
Node 0 SReclaimable:      19048 kB
Node 0 SUnreclaim:        25356 kB
Node 0 AnonHugePages:         0 kB
Node 0 ShmemHugePages:        0 kB
Node 0 ShmemPmdMapped:        0 kB
Node 0 FileHugePages:        0 kB
Node 0 FilePmdMapped:        0 kB
Node 0 HugePages_Total:     0
Node 0 HugePages_Free:      0
Node 0 HugePages_Surp:      0

Node 1 MemTotal:       24686196 kB
Node 1 MemFree:        24300448 kB
Node 1 MemUsed:          385748 kB
Node 1 Active:            54912 kB
Node 1 Inactive:          36012 kB
Node 1 Active(anon):      11584 kB
Node 1 Inactive(anon):      448 kB
Node 1 Active(file):      43328 kB
Node 1 Inactive(file):    35564 kB
Node 1 Unevictable:       17384 kB
Node 1 Mlocked:           17384 kB
Node 1 Dirty:                44 kB
Node 1 Writeback:             0 kB
Node 1 FilePages:         86648 kB
Node 1 Mapped:            29736 kB
Node 1 AnonPages:         21668 kB
Node 1 Shmem:               692 kB
Node 1 KernelStack:        1560 kB
Node 1 PageTables:          504 kB
Node 1 NFS_Unstable:          0 kB
Node 1 Bounce:                0 kB
Node 1 WritebackTmp:          0 kB
Node 1 KReclaimable:      22420 kB
Node 1 Slab:              61772 kB
Node 1 SReclaimable:      22420 kB
Node 1 SUnreclaim:        39352 kB
Node 1 AnonHugePages:         0 kB
Node 1 ShmemHugePages:        0 kB
Node 1 ShmemPmdMapped:        0 kB
Node 1 FileHugePages:        0 kB
Node 1 FilePmdMapped:        0 kB
Node 1 HugePages_Total:     0
Node 1 HugePages_Free:      0
Node 1 HugePages_Surp:      0

Load ZFS
Node 0 MemTotal:       24743736 kB
Node 0 MemFree:        24333016 kB
Node 0 MemUsed:          410720 kB
Node 0 Active:            55040 kB
Node 0 Inactive:         146312 kB
Node 0 Active(anon):      33912 kB
Node 0 Inactive(anon):      452 kB
Node 0 Active(file):      21128 kB
Node 0 Inactive(file):   145860 kB
Node 0 Unevictable:        1140 kB
Node 0 Mlocked:            1140 kB
Node 0 Dirty:                84 kB
Node 0 Writeback:             0 kB
Node 0 FilePages:        168704 kB
Node 0 Mapped:            35100 kB
Node 0 AnonPages:         33100 kB
Node 0 Shmem:               580 kB
Node 0 KernelStack:        2496 kB
Node 0 PageTables:         1328 kB
Node 0 NFS_Unstable:          0 kB
Node 0 Bounce:                0 kB
Node 0 WritebackTmp:          0 kB
Node 0 KReclaimable:      20044 kB
Node 0 Slab:              48944 kB
Node 0 SReclaimable:      20044 kB
Node 0 SUnreclaim:        28900 kB
Node 0 AnonHugePages:         0 kB
Node 0 ShmemHugePages:        0 kB
Node 0 ShmemPmdMapped:        0 kB
Node 0 FileHugePages:        0 kB
Node 0 FilePmdMapped:        0 kB
Node 0 HugePages_Total:     0
Node 0 HugePages_Free:      0
Node 0 HugePages_Surp:      0

Node 1 MemTotal:       24686196 kB
Node 1 MemFree:        24316988 kB
Node 1 MemUsed:          369208 kB
Node 1 Active:            69588 kB
Node 1 Inactive:          69808 kB
Node 1 Active(anon):      25768 kB
Node 1 Inactive(anon):      492 kB
Node 1 Active(file):      43820 kB
Node 1 Inactive(file):    69316 kB
Node 1 Unevictable:       17580 kB
Node 1 Mlocked:           17580 kB
Node 1 Dirty:               312 kB
Node 1 Writeback:             0 kB
Node 1 FilePages:        120876 kB
Node 1 Mapped:            33016 kB
Node 1 AnonPages:         35908 kB
Node 1 Shmem:               688 kB
Node 1 KernelStack:        1732 kB
Node 1 PageTables:         1804 kB
Node 1 NFS_Unstable:          0 kB
Node 1 Bounce:                0 kB
Node 1 WritebackTmp:          0 kB
Node 1 KReclaimable:      23192 kB
Node 1 Slab:              64660 kB
Node 1 SReclaimable:      23192 kB
Node 1 SUnreclaim:        41468 kB
Node 1 AnonHugePages:         0 kB
Node 1 ShmemHugePages:        0 kB
Node 1 ShmemPmdMapped:        0 kB
Node 1 FileHugePages:        0 kB
Node 1 FilePmdMapped:        0 kB
Node 1 HugePages_Total:     0
Node 1 HugePages_Free:      0
Node 1 HugePages_Surp:      0

Import tank ZPool
Node 0 MemTotal:       24743736 kB
Node 0 MemFree:        24327684 kB
Node 0 MemUsed:          416052 kB
Node 0 Active:            44632 kB
Node 0 Inactive:         147492 kB
Node 0 Active(anon):      23148 kB
Node 0 Inactive(anon):      464 kB
Node 0 Active(file):      21484 kB
Node 0 Inactive(file):   147028 kB
Node 0 Unevictable:        1140 kB
Node 0 Mlocked:            1140 kB
Node 0 Dirty:                88 kB
Node 0 Writeback:             0 kB
Node 0 FilePages:        170244 kB
Node 0 Mapped:            34164 kB
Node 0 AnonPages:         22508 kB
Node 0 Shmem:               592 kB
Node 0 KernelStack:        3304 kB
Node 0 PageTables:          940 kB
Node 0 NFS_Unstable:          0 kB
Node 0 Bounce:                0 kB
Node 0 WritebackTmp:          0 kB
Node 0 KReclaimable:      20176 kB
Node 0 Slab:              54908 kB
Node 0 SReclaimable:      20176 kB
Node 0 SUnreclaim:        34732 kB
Node 0 AnonHugePages:         0 kB
Node 0 ShmemHugePages:        0 kB
Node 0 ShmemPmdMapped:        0 kB
Node 0 FileHugePages:        0 kB
Node 0 FilePmdMapped:        0 kB
Node 0 HugePages_Total:     0
Node 0 HugePages_Free:      0
Node 0 HugePages_Surp:      0

Node 1 MemTotal:       24686196 kB
Node 1 MemFree:        24330868 kB
Node 1 MemUsed:          355328 kB
Node 1 Active:            55544 kB
Node 1 Inactive:          69660 kB
Node 1 Active(anon):      11564 kB
Node 1 Inactive(anon):      484 kB
Node 1 Active(file):      43980 kB
Node 1 Inactive(file):    69176 kB
Node 1 Unevictable:       17612 kB
Node 1 Mlocked:           17612 kB
Node 1 Dirty:               380 kB
Node 1 Writeback:             0 kB
Node 1 FilePages:        120900 kB
Node 1 Mapped:            30076 kB
Node 1 AnonPages:         21808 kB
Node 1 Shmem:               676 kB
Node 1 KernelStack:        1576 kB
Node 1 PageTables:          784 kB
Node 1 NFS_Unstable:          0 kB
Node 1 Bounce:                0 kB
Node 1 WritebackTmp:          0 kB
Node 1 KReclaimable:      23200 kB
Node 1 Slab:              64560 kB
Node 1 SReclaimable:      23200 kB
Node 1 SUnreclaim:        41360 kB
Node 1 AnonHugePages:         0 kB
Node 1 ShmemHugePages:        0 kB
Node 1 ShmemPmdMapped:        0 kB
Node 1 FileHugePages:        0 kB
Node 1 FilePmdMapped:        0 kB
Node 1 HugePages_Total:     0
Node 1 HugePages_Free:      0
Node 1 HugePages_Surp:      0

After Test
Node 0 MemTotal:       24743736 kB
Node 0 MemFree:        15578912 kB
Node 0 MemUsed:         9164824 kB
Node 0 Active:            43864 kB
Node 0 Inactive:         147304 kB
Node 0 Active(anon):      22164 kB
Node 0 Inactive(anon):      460 kB
Node 0 Active(file):      21700 kB
Node 0 Inactive(file):   146844 kB
Node 0 Unevictable:        1140 kB
Node 0 Mlocked:            1140 kB
Node 0 Dirty:                 4 kB
Node 0 Writeback:             8 kB
Node 0 FilePages:        170276 kB
Node 0 Mapped:            33764 kB
Node 0 AnonPages:         22032 kB
Node 0 Shmem:               592 kB
Node 0 KernelStack:        3048 kB
Node 0 PageTables:          612 kB
Node 0 NFS_Unstable:          0 kB
Node 0 Bounce:                0 kB
Node 0 WritebackTmp:          0 kB
Node 0 KReclaimable:      20352 kB
Node 0 Slab:              58840 kB
Node 0 SReclaimable:      20352 kB
Node 0 SUnreclaim:        38488 kB
Node 0 AnonHugePages:         0 kB
Node 0 ShmemHugePages:        0 kB
Node 0 ShmemPmdMapped:        0 kB
Node 0 FileHugePages:        0 kB
Node 0 FilePmdMapped:        0 kB
Node 0 HugePages_Total:     0
Node 0 HugePages_Free:      0
Node 0 HugePages_Surp:      0

Node 1 MemTotal:       24686196 kB
Node 1 MemFree:        23831508 kB
Node 1 MemUsed:          854688 kB
Node 1 Active:            56480 kB
Node 1 Inactive:          70612 kB
Node 1 Active(anon):      11364 kB
Node 1 Inactive(anon):      524 kB
Node 1 Active(file):      45116 kB
Node 1 Inactive(file):    70088 kB
Node 1 Unevictable:       17612 kB
Node 1 Mlocked:           17612 kB
Node 1 Dirty:                48 kB
Node 1 Writeback:            12 kB
Node 1 FilePages:        122984 kB
Node 1 Mapped:            29988 kB
Node 1 AnonPages:         21592 kB
Node 1 Shmem:               720 kB
Node 1 KernelStack:        1544 kB
Node 1 PageTables:          656 kB
Node 1 NFS_Unstable:          0 kB
Node 1 Bounce:                0 kB
Node 1 WritebackTmp:          0 kB
Node 1 KReclaimable:      24604 kB
Node 1 Slab:              97340 kB
Node 1 SReclaimable:      24604 kB
Node 1 SUnreclaim:        72736 kB
Node 1 AnonHugePages:         0 kB
Node 1 ShmemHugePages:        0 kB
Node 1 ShmemPmdMapped:        0 kB
Node 1 FileHugePages:        0 kB
Node 1 FilePmdMapped:        0 kB
Node 1 HugePages_Total:     0
Node 1 HugePages_Free:      0
Node 1 HugePages_Surp:      0

After Opposite Node
Node 0 MemTotal:       24743736 kB
Node 0 MemFree:        15579896 kB
Node 0 MemUsed:         9163840 kB
Node 0 Active:            44096 kB
Node 0 Inactive:         147336 kB
Node 0 Active(anon):      22368 kB
Node 0 Inactive(anon):      496 kB
Node 0 Active(file):      21728 kB
Node 0 Inactive(file):   146840 kB
Node 0 Unevictable:        1140 kB
Node 0 Mlocked:            1140 kB
Node 0 Dirty:                52 kB
Node 0 Writeback:             0 kB
Node 0 FilePages:        170344 kB
Node 0 Mapped:            33808 kB
Node 0 AnonPages:         22096 kB
Node 0 Shmem:               636 kB
Node 0 KernelStack:        3064 kB
Node 0 PageTables:          728 kB
Node 0 NFS_Unstable:          0 kB
Node 0 Bounce:                0 kB
Node 0 WritebackTmp:          0 kB
Node 0 KReclaimable:      20432 kB
Node 0 Slab:              60060 kB
Node 0 SReclaimable:      20432 kB
Node 0 SUnreclaim:        39628 kB
Node 0 AnonHugePages:         0 kB
Node 0 ShmemHugePages:        0 kB
Node 0 ShmemPmdMapped:        0 kB
Node 0 FileHugePages:        0 kB
Node 0 FilePmdMapped:        0 kB
Node 0 HugePages_Total:     0
Node 0 HugePages_Free:      0
Node 0 HugePages_Surp:      0

Node 1 MemTotal:       24686196 kB
Node 1 MemFree:        23832808 kB
Node 1 MemUsed:          853388 kB
Node 1 Active:            56372 kB
Node 1 Inactive:          70428 kB
Node 1 Active(anon):      11088 kB
Node 1 Inactive(anon):      480 kB
Node 1 Active(file):      45284 kB
Node 1 Inactive(file):    69948 kB
Node 1 Unevictable:       17612 kB
Node 1 Mlocked:           17612 kB
Node 1 Dirty:               120 kB
Node 1 Writeback:             0 kB
Node 1 FilePages:        122968 kB
Node 1 Mapped:            29924 kB
Node 1 AnonPages:         21448 kB
Node 1 Shmem:               676 kB
Node 1 KernelStack:        1512 kB
Node 1 PageTables:          484 kB
Node 1 NFS_Unstable:          0 kB
Node 1 Bounce:                0 kB
Node 1 WritebackTmp:          0 kB
Node 1 KReclaimable:      24608 kB
Node 1 Slab:              97240 kB
Node 1 SReclaimable:      24608 kB
Node 1 SUnreclaim:        72632 kB
Node 1 AnonHugePages:         0 kB
Node 1 ShmemHugePages:        0 kB
Node 1 ShmemPmdMapped:        0 kB
Node 1 FileHugePages:        0 kB
Node 1 FilePmdMapped:        0 kB
Node 1 HugePages_Total:     0
Node 1 HugePages_Free:      0
Node 1 HugePages_Surp:      0

B.1.doublefio.8G.2.O Complete!
