0.onefio.8G
Begin
Node 0 MemTotal:       24768352 kB
Node 0 MemFree:        24579016 kB
Node 0 MemUsed:          189336 kB
Node 0 Active:            20676 kB
Node 0 Inactive:          10192 kB
Node 0 Active(anon):       5456 kB
Node 0 Inactive(anon):      464 kB
Node 0 Active(file):      15220 kB
Node 0 Inactive(file):     9728 kB
Node 0 Unevictable:       17624 kB
Node 0 Mlocked:           17624 kB
Node 0 Dirty:               256 kB
Node 0 Writeback:             0 kB
Node 0 FilePages:         32916 kB
Node 0 Mapped:            14104 kB
Node 0 AnonPages:         15584 kB
Node 0 Shmem:               616 kB
Node 0 KernelStack:        2344 kB
Node 0 PageTables:          276 kB
Node 0 NFS_Unstable:          0 kB
Node 0 Bounce:                0 kB
Node 0 WritebackTmp:          0 kB
Node 0 KReclaimable:      17812 kB
Node 0 Slab:              50588 kB
Node 0 SReclaimable:      17812 kB
Node 0 SUnreclaim:        32776 kB
Node 0 AnonHugePages:         0 kB
Node 0 ShmemHugePages:        0 kB
Node 0 ShmemPmdMapped:        0 kB
Node 0 FileHugePages:        0 kB
Node 0 FilePmdMapped:        0 kB
Node 0 HugePages_Total:     0
Node 0 HugePages_Free:      0
Node 0 HugePages_Surp:      0

Node 1 MemTotal:       24661368 kB
Node 1 MemFree:        24372192 kB
Node 1 MemUsed:          289176 kB
Node 1 Active:            73792 kB
Node 1 Inactive:          46780 kB
Node 1 Active(anon):      29068 kB
Node 1 Inactive(anon):      404 kB
Node 1 Active(file):      44724 kB
Node 1 Inactive(file):    46376 kB
Node 1 Unevictable:         828 kB
Node 1 Mlocked:             828 kB
Node 1 Dirty:               208 kB
Node 1 Writeback:             0 kB
Node 1 FilePages:         92544 kB
Node 1 Mapped:            27504 kB
Node 1 AnonPages:         29064 kB
Node 1 Shmem:               596 kB
Node 1 KernelStack:        2216 kB
Node 1 PageTables:          832 kB
Node 1 NFS_Unstable:          0 kB
Node 1 Bounce:                0 kB
Node 1 WritebackTmp:          0 kB
Node 1 KReclaimable:      27240 kB
Node 1 Slab:              69804 kB
Node 1 SReclaimable:      27240 kB
Node 1 SUnreclaim:        42564 kB
Node 1 AnonHugePages:         0 kB
Node 1 ShmemHugePages:        0 kB
Node 1 ShmemPmdMapped:        0 kB
Node 1 FileHugePages:        0 kB
Node 1 FilePmdMapped:        0 kB
Node 1 HugePages_Total:     0
Node 1 HugePages_Free:      0
Node 1 HugePages_Surp:      0

Mount tmpfs
Node 0 MemTotal:       24768352 kB
Node 0 MemFree:        24578900 kB
Node 0 MemUsed:          189452 kB
Node 0 Active:            20676 kB
Node 0 Inactive:          10192 kB
Node 0 Active(anon):       5456 kB
Node 0 Inactive(anon):      464 kB
Node 0 Active(file):      15220 kB
Node 0 Inactive(file):     9728 kB
Node 0 Unevictable:       17624 kB
Node 0 Mlocked:           17624 kB
Node 0 Dirty:               256 kB
Node 0 Writeback:             0 kB
Node 0 FilePages:         32916 kB
Node 0 Mapped:            14104 kB
Node 0 AnonPages:         15948 kB
Node 0 Shmem:               616 kB
Node 0 KernelStack:        2344 kB
Node 0 PageTables:          276 kB
Node 0 NFS_Unstable:          0 kB
Node 0 Bounce:                0 kB
Node 0 WritebackTmp:          0 kB
Node 0 KReclaimable:      17812 kB
Node 0 Slab:              50588 kB
Node 0 SReclaimable:      17812 kB
Node 0 SUnreclaim:        32776 kB
Node 0 AnonHugePages:         0 kB
Node 0 ShmemHugePages:        0 kB
Node 0 ShmemPmdMapped:        0 kB
Node 0 FileHugePages:        0 kB
Node 0 FilePmdMapped:        0 kB
Node 0 HugePages_Total:     0
Node 0 HugePages_Free:      0
Node 0 HugePages_Surp:      0

Node 1 MemTotal:       24661368 kB
Node 1 MemFree:        24372192 kB
Node 1 MemUsed:          289176 kB
Node 1 Active:            74012 kB
Node 1 Inactive:          46784 kB
Node 1 Active(anon):      29208 kB
Node 1 Inactive(anon):      404 kB
Node 1 Active(file):      44804 kB
Node 1 Inactive(file):    46380 kB
Node 1 Unevictable:         828 kB
Node 1 Mlocked:             828 kB
Node 1 Dirty:               208 kB
Node 1 Writeback:             0 kB
Node 1 FilePages:         92676 kB
Node 1 Mapped:            27472 kB
Node 1 AnonPages:         29184 kB
Node 1 Shmem:               596 kB
Node 1 KernelStack:        2216 kB
Node 1 PageTables:          840 kB
Node 1 NFS_Unstable:          0 kB
Node 1 Bounce:                0 kB
Node 1 WritebackTmp:          0 kB
Node 1 KReclaimable:      27276 kB
Node 1 Slab:              69896 kB
Node 1 SReclaimable:      27276 kB
Node 1 SUnreclaim:        42620 kB
Node 1 AnonHugePages:         0 kB
Node 1 ShmemHugePages:        0 kB
Node 1 ShmemPmdMapped:        0 kB
Node 1 FileHugePages:        0 kB
Node 1 FilePmdMapped:        0 kB
Node 1 HugePages_Total:     0
Node 1 HugePages_Free:      0
Node 1 HugePages_Surp:      0

Create File
Node 0 MemTotal:       24768352 kB
Node 0 MemFree:        24580632 kB
Node 0 MemUsed:          187720 kB
Node 0 Active:            21540 kB
Node 0 Inactive:          10236 kB
Node 0 Active(anon):       5908 kB
Node 0 Inactive(anon):      464 kB
Node 0 Active(file):      15632 kB
Node 0 Inactive(file):     9772 kB
Node 0 Unevictable:       17624 kB
Node 0 Mlocked:           17624 kB
Node 0 Dirty:                 8 kB
Node 0 Writeback:             0 kB
Node 0 FilePages:         33372 kB
Node 0 Mapped:            14104 kB
Node 0 AnonPages:         16072 kB
Node 0 Shmem:               616 kB
Node 0 KernelStack:        2360 kB
Node 0 PageTables:          276 kB
Node 0 NFS_Unstable:          0 kB
Node 0 Bounce:                0 kB
Node 0 WritebackTmp:          0 kB
Node 0 KReclaimable:      18156 kB
Node 0 Slab:              51652 kB
Node 0 SReclaimable:      18156 kB
Node 0 SUnreclaim:        33496 kB
Node 0 AnonHugePages:         0 kB
Node 0 ShmemHugePages:        0 kB
Node 0 ShmemPmdMapped:        0 kB
Node 0 FileHugePages:        0 kB
Node 0 FilePmdMapped:        0 kB
Node 0 HugePages_Total:     0
Node 0 HugePages_Free:      0
Node 0 HugePages_Surp:      0

Node 1 MemTotal:       24661368 kB
Node 1 MemFree:        15968768 kB
Node 1 MemUsed:         8692600 kB
Node 1 Active:            72920 kB
Node 1 Inactive:        8435276 kB
Node 1 Active(anon):      28072 kB
Node 1 Inactive(anon):  8388856 kB
Node 1 Active(file):      44848 kB
Node 1 Inactive(file):    46420 kB
Node 1 Unevictable:         828 kB
Node 1 Mlocked:             828 kB
Node 1 Dirty:                16 kB
Node 1 Writeback:             0 kB
Node 1 FilePages:       8481240 kB
Node 1 Mapped:            27536 kB
Node 1 AnonPages:         27924 kB
Node 1 Shmem:           8389076 kB
Node 1 KernelStack:        2200 kB
Node 1 PageTables:          808 kB
Node 1 NFS_Unstable:          0 kB
Node 1 Bounce:                0 kB
Node 1 WritebackTmp:          0 kB
Node 1 KReclaimable:      46356 kB
Node 1 Slab:              89308 kB
Node 1 SReclaimable:      46356 kB
Node 1 SUnreclaim:        42952 kB
Node 1 AnonHugePages:         0 kB
Node 1 ShmemHugePages:        0 kB
Node 1 ShmemPmdMapped:        0 kB
Node 1 FileHugePages:        0 kB
Node 1 FilePmdMapped:        0 kB
Node 1 HugePages_Total:     0
Node 1 HugePages_Free:      0
Node 1 HugePages_Surp:      0

After Test
Node 0 MemTotal:       24768352 kB
Node 0 MemFree:        24562744 kB
Node 0 MemUsed:          205608 kB
Node 0 Active:            22676 kB
Node 0 Inactive:          25044 kB
Node 0 Active(anon):       6124 kB
Node 0 Inactive(anon):      608 kB
Node 0 Active(file):      16552 kB
Node 0 Inactive(file):    24436 kB
Node 0 Unevictable:       17624 kB
Node 0 Mlocked:           17624 kB
Node 0 Dirty:                 8 kB
Node 0 Writeback:             0 kB
Node 0 FilePages:         48576 kB
Node 0 Mapped:            14240 kB
Node 0 AnonPages:         16300 kB
Node 0 Shmem:               784 kB
Node 0 KernelStack:        2376 kB
Node 0 PageTables:          160 kB
Node 0 NFS_Unstable:          0 kB
Node 0 Bounce:                0 kB
Node 0 WritebackTmp:          0 kB
Node 0 KReclaimable:      19688 kB
Node 0 Slab:              54204 kB
Node 0 SReclaimable:      19688 kB
Node 0 SUnreclaim:        34516 kB
Node 0 AnonHugePages:         0 kB
Node 0 ShmemHugePages:        0 kB
Node 0 ShmemPmdMapped:        0 kB
Node 0 FileHugePages:        0 kB
Node 0 FilePmdMapped:        0 kB
Node 0 HugePages_Total:     0
Node 0 HugePages_Free:      0
Node 0 HugePages_Surp:      0

Node 1 MemTotal:       24661368 kB
Node 1 MemFree:        15969840 kB
Node 1 MemUsed:         8691528 kB
Node 1 Active:          8462944 kB
Node 1 Inactive:          45324 kB
Node 1 Active(anon):    8416520 kB
Node 1 Inactive(anon):      404 kB
Node 1 Active(file):      46424 kB
Node 1 Inactive(file):    44920 kB
Node 1 Unevictable:         828 kB
Node 1 Mlocked:             828 kB
Node 1 Dirty:                20 kB
Node 1 Writeback:             0 kB
Node 1 FilePages:       8481376 kB
Node 1 Mapped:            27532 kB
Node 1 AnonPages:         27720 kB
Node 1 Shmem:           8389204 kB
Node 1 KernelStack:        2184 kB
Node 1 PageTables:          760 kB
Node 1 NFS_Unstable:          0 kB
Node 1 Bounce:                0 kB
Node 1 WritebackTmp:          0 kB
Node 1 KReclaimable:      46372 kB
Node 1 Slab:              89324 kB
Node 1 SReclaimable:      46372 kB
Node 1 SUnreclaim:        42952 kB
Node 1 AnonHugePages:         0 kB
Node 1 ShmemHugePages:        0 kB
Node 1 ShmemPmdMapped:        0 kB
Node 1 FileHugePages:        0 kB
Node 1 FilePmdMapped:        0 kB
Node 1 HugePages_Total:     0
Node 1 HugePages_Free:      0
Node 1 HugePages_Surp:      0

0.onefio.8G Complete!
