0.onefio.12K
Begin
Node 0 MemTotal:       24768352 kB
Node 0 MemFree:        24593936 kB
Node 0 MemUsed:          174416 kB
Node 0 Active:            22052 kB
Node 0 Inactive:          13604 kB
Node 0 Active(anon):      12464 kB
Node 0 Inactive(anon):      472 kB
Node 0 Active(file):       9588 kB
Node 0 Inactive(file):    13132 kB
Node 0 Unevictable:         452 kB
Node 0 Mlocked:             452 kB
Node 0 Dirty:                36 kB
Node 0 Writeback:             0 kB
Node 0 FilePages:         24028 kB
Node 0 Mapped:             6776 kB
Node 0 AnonPages:         12308 kB
Node 0 Shmem:               656 kB
Node 0 KernelStack:        2616 kB
Node 0 PageTables:          292 kB
Node 0 NFS_Unstable:          0 kB
Node 0 Bounce:                0 kB
Node 0 WritebackTmp:          0 kB
Node 0 KReclaimable:      19068 kB
Node 0 Slab:              50236 kB
Node 0 SReclaimable:      19068 kB
Node 0 SUnreclaim:        31168 kB
Node 0 AnonHugePages:         0 kB
Node 0 ShmemHugePages:        0 kB
Node 0 ShmemPmdMapped:        0 kB
Node 0 FileHugePages:        0 kB
Node 0 FilePmdMapped:        0 kB
Node 0 HugePages_Total:     0
Node 0 HugePages_Free:      0
Node 0 HugePages_Surp:      0

Node 1 MemTotal:       24661368 kB
Node 1 MemFree:        24359292 kB
Node 1 MemUsed:          302076 kB
Node 1 Active:            72164 kB
Node 1 Inactive:          45180 kB
Node 1 Active(anon):      21360 kB
Node 1 Inactive(anon):      416 kB
Node 1 Active(file):      50804 kB
Node 1 Inactive(file):    44764 kB
Node 1 Unevictable:       17992 kB
Node 1 Mlocked:           17992 kB
Node 1 Dirty:               404 kB
Node 1 Writeback:             0 kB
Node 1 FilePages:        103852 kB
Node 1 Mapped:            37720 kB
Node 1 AnonPages:         31844 kB
Node 1 Shmem:               556 kB
Node 1 KernelStack:        1832 kB
Node 1 PageTables:          712 kB
Node 1 NFS_Unstable:          0 kB
Node 1 Bounce:                0 kB
Node 1 WritebackTmp:          0 kB
Node 1 KReclaimable:      25672 kB
Node 1 Slab:              69200 kB
Node 1 SReclaimable:      25672 kB
Node 1 SUnreclaim:        43528 kB
Node 1 AnonHugePages:         0 kB
Node 1 ShmemHugePages:        0 kB
Node 1 ShmemPmdMapped:        0 kB
Node 1 FileHugePages:        0 kB
Node 1 FilePmdMapped:        0 kB
Node 1 HugePages_Total:     0
Node 1 HugePages_Free:      0
Node 1 HugePages_Surp:      0

Mount tmpfs
Node 0 MemTotal:       24768352 kB
Node 0 MemFree:        24592740 kB
Node 0 MemUsed:          175612 kB
Node 0 Active:            22416 kB
Node 0 Inactive:          13604 kB
Node 0 Active(anon):      12828 kB
Node 0 Inactive(anon):      472 kB
Node 0 Active(file):       9588 kB
Node 0 Inactive(file):    13132 kB
Node 0 Unevictable:         452 kB
Node 0 Mlocked:             452 kB
Node 0 Dirty:                36 kB
Node 0 Writeback:             0 kB
Node 0 FilePages:         24028 kB
Node 0 Mapped:             6776 kB
Node 0 AnonPages:         12672 kB
Node 0 Shmem:               656 kB
Node 0 KernelStack:        2616 kB
Node 0 PageTables:          292 kB
Node 0 NFS_Unstable:          0 kB
Node 0 Bounce:                0 kB
Node 0 WritebackTmp:          0 kB
Node 0 KReclaimable:      19068 kB
Node 0 Slab:              50236 kB
Node 0 SReclaimable:      19068 kB
Node 0 SUnreclaim:        31168 kB
Node 0 AnonHugePages:         0 kB
Node 0 ShmemHugePages:        0 kB
Node 0 ShmemPmdMapped:        0 kB
Node 0 FileHugePages:        0 kB
Node 0 FilePmdMapped:        0 kB
Node 0 HugePages_Total:     0
Node 0 HugePages_Free:      0
Node 0 HugePages_Surp:      0

Node 1 MemTotal:       24661368 kB
Node 1 MemFree:        24359292 kB
Node 1 MemUsed:          302076 kB
Node 1 Active:            72164 kB
Node 1 Inactive:          45180 kB
Node 1 Active(anon):      21360 kB
Node 1 Inactive(anon):      416 kB
Node 1 Active(file):      50804 kB
Node 1 Inactive(file):    44764 kB
Node 1 Unevictable:       17992 kB
Node 1 Mlocked:           17992 kB
Node 1 Dirty:               404 kB
Node 1 Writeback:             0 kB
Node 1 FilePages:        103852 kB
Node 1 Mapped:            37720 kB
Node 1 AnonPages:         31844 kB
Node 1 Shmem:               556 kB
Node 1 KernelStack:        1832 kB
Node 1 PageTables:          712 kB
Node 1 NFS_Unstable:          0 kB
Node 1 Bounce:                0 kB
Node 1 WritebackTmp:          0 kB
Node 1 KReclaimable:      25672 kB
Node 1 Slab:              69200 kB
Node 1 SReclaimable:      25672 kB
Node 1 SUnreclaim:        43528 kB
Node 1 AnonHugePages:         0 kB
Node 1 ShmemHugePages:        0 kB
Node 1 ShmemPmdMapped:        0 kB
Node 1 FileHugePages:        0 kB
Node 1 FilePmdMapped:        0 kB
Node 1 HugePages_Total:     0
Node 1 HugePages_Free:      0
Node 1 HugePages_Surp:      0

Create File
Node 0 MemTotal:       24768352 kB
Node 0 MemFree:        24592564 kB
Node 0 MemUsed:          175788 kB
Node 0 Active:            22456 kB
Node 0 Inactive:          13628 kB
Node 0 Active(anon):      12860 kB
Node 0 Inactive(anon):      472 kB
Node 0 Active(file):       9596 kB
Node 0 Inactive(file):    13156 kB
Node 0 Unevictable:         452 kB
Node 0 Mlocked:             452 kB
Node 0 Dirty:                36 kB
Node 0 Writeback:             0 kB
Node 0 FilePages:         24060 kB
Node 0 Mapped:             6804 kB
Node 0 AnonPages:         13112 kB
Node 0 Shmem:               656 kB
Node 0 KernelStack:        2616 kB
Node 0 PageTables:          276 kB
Node 0 NFS_Unstable:          0 kB
Node 0 Bounce:                0 kB
Node 0 WritebackTmp:          0 kB
Node 0 KReclaimable:      19156 kB
Node 0 Slab:              50432 kB
Node 0 SReclaimable:      19156 kB
Node 0 SUnreclaim:        31276 kB
Node 0 AnonHugePages:         0 kB
Node 0 ShmemHugePages:        0 kB
Node 0 ShmemPmdMapped:        0 kB
Node 0 FileHugePages:        0 kB
Node 0 FilePmdMapped:        0 kB
Node 0 HugePages_Total:     0
Node 0 HugePages_Free:      0
Node 0 HugePages_Surp:      0

Node 1 MemTotal:       24661368 kB
Node 1 MemFree:        24358932 kB
Node 1 MemUsed:          302436 kB
Node 1 Active:            72164 kB
Node 1 Inactive:          45180 kB
Node 1 Active(anon):      21360 kB
Node 1 Inactive(anon):      416 kB
Node 1 Active(file):      50804 kB
Node 1 Inactive(file):    44764 kB
Node 1 Unevictable:       17992 kB
Node 1 Mlocked:           17992 kB
Node 1 Dirty:               404 kB
Node 1 Writeback:             0 kB
Node 1 FilePages:        103852 kB
Node 1 Mapped:            37720 kB
Node 1 AnonPages:         31844 kB
Node 1 Shmem:               556 kB
Node 1 KernelStack:        1832 kB
Node 1 PageTables:          712 kB
Node 1 NFS_Unstable:          0 kB
Node 1 Bounce:                0 kB
Node 1 WritebackTmp:          0 kB
Node 1 KReclaimable:      25672 kB
Node 1 Slab:              69200 kB
Node 1 SReclaimable:      25672 kB
Node 1 SUnreclaim:        43528 kB
Node 1 AnonHugePages:         0 kB
Node 1 ShmemHugePages:        0 kB
Node 1 ShmemPmdMapped:        0 kB
Node 1 FileHugePages:        0 kB
Node 1 FilePmdMapped:        0 kB
Node 1 HugePages_Total:     0
Node 1 HugePages_Free:      0
Node 1 HugePages_Surp:      0

After Test
Node 0 MemTotal:       24768352 kB
Node 0 MemFree:        24574188 kB
Node 0 MemUsed:          194164 kB
Node 0 Active:            24092 kB
Node 0 Inactive:          28088 kB
Node 0 Active(anon):      13072 kB
Node 0 Inactive(anon):      484 kB
Node 0 Active(file):      11020 kB
Node 0 Inactive(file):    27604 kB
Node 0 Unevictable:         452 kB
Node 0 Mlocked:             452 kB
Node 0 Dirty:                40 kB
Node 0 Writeback:             0 kB
Node 0 FilePages:         39764 kB
Node 0 Mapped:             7104 kB
Node 0 AnonPages:         12764 kB
Node 0 Shmem:               656 kB
Node 0 KernelStack:        2728 kB
Node 0 PageTables:          592 kB
Node 0 NFS_Unstable:          0 kB
Node 0 Bounce:                0 kB
Node 0 WritebackTmp:          0 kB
Node 0 KReclaimable:      20824 kB
Node 0 Slab:              53520 kB
Node 0 SReclaimable:      20824 kB
Node 0 SUnreclaim:        32696 kB
Node 0 AnonHugePages:         0 kB
Node 0 ShmemHugePages:        0 kB
Node 0 ShmemPmdMapped:        0 kB
Node 0 FileHugePages:        0 kB
Node 0 FilePmdMapped:        0 kB
Node 0 HugePages_Total:     0
Node 0 HugePages_Free:      0
Node 0 HugePages_Surp:      0

Node 1 MemTotal:       24661368 kB
Node 1 MemFree:        24359032 kB
Node 1 MemUsed:          302336 kB
Node 1 Active:            74668 kB
Node 1 Inactive:          43780 kB
Node 1 Active(anon):      22400 kB
Node 1 Inactive(anon):      428 kB
Node 1 Active(file):      52268 kB
Node 1 Inactive(file):    43352 kB
Node 1 Unevictable:       17992 kB
Node 1 Mlocked:           17992 kB
Node 1 Dirty:               180 kB
Node 1 Writeback:           244 kB
Node 1 FilePages:        103916 kB
Node 1 Mapped:            37964 kB
Node 1 AnonPages:         32520 kB
Node 1 Shmem:               568 kB
Node 1 KernelStack:        1896 kB
Node 1 PageTables:          784 kB
Node 1 NFS_Unstable:          0 kB
Node 1 Bounce:                0 kB
Node 1 WritebackTmp:          0 kB
Node 1 KReclaimable:      25824 kB
Node 1 Slab:              69748 kB
Node 1 SReclaimable:      25824 kB
Node 1 SUnreclaim:        43924 kB
Node 1 AnonHugePages:         0 kB
Node 1 ShmemHugePages:        0 kB
Node 1 ShmemPmdMapped:        0 kB
Node 1 FileHugePages:        0 kB
Node 1 FilePmdMapped:        0 kB
Node 1 HugePages_Total:     0
Node 1 HugePages_Free:      0
Node 1 HugePages_Surp:      0

0.onefio.12K Complete!
