0.onefio.500M
Begin
Node 0 MemTotal:       24743524 kB
Node 0 MemFree:        24525984 kB
Node 0 MemUsed:          217540 kB
Node 0 Active:            38416 kB
Node 0 Inactive:          26852 kB
Node 0 Active(anon):      18344 kB
Node 0 Inactive(anon):      452 kB
Node 0 Active(file):      20072 kB
Node 0 Inactive(file):    26400 kB
Node 0 Unevictable:        1228 kB
Node 0 Mlocked:            1228 kB
Node 0 Dirty:                24 kB
Node 0 Writeback:             0 kB
Node 0 FilePages:         48372 kB
Node 0 Mapped:            14340 kB
Node 0 AnonPages:         18584 kB
Node 0 Shmem:               616 kB
Node 0 KernelStack:        2648 kB
Node 0 PageTables:          544 kB
Node 0 NFS_Unstable:          0 kB
Node 0 Bounce:                0 kB
Node 0 WritebackTmp:          0 kB
Node 0 KReclaimable:      16648 kB
Node 0 Slab:              56464 kB
Node 0 SReclaimable:      16648 kB
Node 0 SUnreclaim:        39816 kB
Node 0 AnonHugePages:         0 kB
Node 0 ShmemHugePages:        0 kB
Node 0 ShmemPmdMapped:        0 kB
Node 0 FileHugePages:        0 kB
Node 0 FilePmdMapped:        0 kB
Node 0 HugePages_Total:     0
Node 0 HugePages_Free:      0
Node 0 HugePages_Surp:      0

Node 1 MemTotal:       24686196 kB
Node 1 MemFree:        24399040 kB
Node 1 MemUsed:          287156 kB
Node 1 Active:            55784 kB
Node 1 Inactive:          53268 kB
Node 1 Active(anon):      15372 kB
Node 1 Inactive(anon):      412 kB
Node 1 Active(file):      40412 kB
Node 1 Inactive(file):    52856 kB
Node 1 Unevictable:       17216 kB
Node 1 Mlocked:           17216 kB
Node 1 Dirty:               168 kB
Node 1 Writeback:             0 kB
Node 1 FilePages:        100832 kB
Node 1 Mapped:            48924 kB
Node 1 AnonPages:         25816 kB
Node 1 Shmem:               596 kB
Node 1 KernelStack:        1848 kB
Node 1 PageTables:          624 kB
Node 1 NFS_Unstable:          0 kB
Node 1 Bounce:                0 kB
Node 1 WritebackTmp:          0 kB
Node 1 KReclaimable:      28980 kB
Node 1 Slab:              65304 kB
Node 1 SReclaimable:      28980 kB
Node 1 SUnreclaim:        36324 kB
Node 1 AnonHugePages:         0 kB
Node 1 ShmemHugePages:        0 kB
Node 1 ShmemPmdMapped:        0 kB
Node 1 FileHugePages:        0 kB
Node 1 FilePmdMapped:        0 kB
Node 1 HugePages_Total:     0
Node 1 HugePages_Free:      0
Node 1 HugePages_Surp:      0

Mount tmpfs
Node 0 MemTotal:       24743524 kB
Node 0 MemFree:        24525444 kB
Node 0 MemUsed:          218080 kB
Node 0 Active:            38416 kB
Node 0 Inactive:          26852 kB
Node 0 Active(anon):      18344 kB
Node 0 Inactive(anon):      452 kB
Node 0 Active(file):      20072 kB
Node 0 Inactive(file):    26400 kB
Node 0 Unevictable:        1228 kB
Node 0 Mlocked:            1228 kB
Node 0 Dirty:                24 kB
Node 0 Writeback:             0 kB
Node 0 FilePages:         48372 kB
Node 0 Mapped:            14340 kB
Node 0 AnonPages:         18948 kB
Node 0 Shmem:               616 kB
Node 0 KernelStack:        2648 kB
Node 0 PageTables:          544 kB
Node 0 NFS_Unstable:          0 kB
Node 0 Bounce:                0 kB
Node 0 WritebackTmp:          0 kB
Node 0 KReclaimable:      16648 kB
Node 0 Slab:              56464 kB
Node 0 SReclaimable:      16648 kB
Node 0 SUnreclaim:        39816 kB
Node 0 AnonHugePages:         0 kB
Node 0 ShmemHugePages:        0 kB
Node 0 ShmemPmdMapped:        0 kB
Node 0 FileHugePages:        0 kB
Node 0 FilePmdMapped:        0 kB
Node 0 HugePages_Total:     0
Node 0 HugePages_Free:      0
Node 0 HugePages_Surp:      0

Node 1 MemTotal:       24686196 kB
Node 1 MemFree:        24399040 kB
Node 1 MemUsed:          287156 kB
Node 1 Active:            55784 kB
Node 1 Inactive:          53268 kB
Node 1 Active(anon):      15372 kB
Node 1 Inactive(anon):      412 kB
Node 1 Active(file):      40412 kB
Node 1 Inactive(file):    52856 kB
Node 1 Unevictable:       17216 kB
Node 1 Mlocked:           17216 kB
Node 1 Dirty:               168 kB
Node 1 Writeback:             0 kB
Node 1 FilePages:        100832 kB
Node 1 Mapped:            48924 kB
Node 1 AnonPages:         25816 kB
Node 1 Shmem:               596 kB
Node 1 KernelStack:        1848 kB
Node 1 PageTables:          624 kB
Node 1 NFS_Unstable:          0 kB
Node 1 Bounce:                0 kB
Node 1 WritebackTmp:          0 kB
Node 1 KReclaimable:      28980 kB
Node 1 Slab:              65304 kB
Node 1 SReclaimable:      28980 kB
Node 1 SUnreclaim:        36324 kB
Node 1 AnonHugePages:         0 kB
Node 1 ShmemHugePages:        0 kB
Node 1 ShmemPmdMapped:        0 kB
Node 1 FileHugePages:        0 kB
Node 1 FilePmdMapped:        0 kB
Node 1 HugePages_Total:     0
Node 1 HugePages_Free:      0
Node 1 HugePages_Surp:      0

Create File
Node 0 MemTotal:       24743524 kB
Node 0 MemFree:        24525872 kB
Node 0 MemUsed:          217652 kB
Node 0 Active:            39304 kB
Node 0 Inactive:          26796 kB
Node 0 Active(anon):      18696 kB
Node 0 Inactive(anon):      452 kB
Node 0 Active(file):      20608 kB
Node 0 Inactive(file):    26344 kB
Node 0 Unevictable:        1228 kB
Node 0 Mlocked:            1228 kB
Node 0 Dirty:                24 kB
Node 0 Writeback:             0 kB
Node 0 FilePages:         48800 kB
Node 0 Mapped:            14348 kB
Node 0 AnonPages:         18616 kB
Node 0 Shmem:               616 kB
Node 0 KernelStack:        2648 kB
Node 0 PageTables:          532 kB
Node 0 NFS_Unstable:          0 kB
Node 0 Bounce:                0 kB
Node 0 WritebackTmp:          0 kB
Node 0 KReclaimable:      16840 kB
Node 0 Slab:              57188 kB
Node 0 SReclaimable:      16840 kB
Node 0 SUnreclaim:        40348 kB
Node 0 AnonHugePages:         0 kB
Node 0 ShmemHugePages:        0 kB
Node 0 ShmemPmdMapped:        0 kB
Node 0 FileHugePages:        0 kB
Node 0 FilePmdMapped:        0 kB
Node 0 HugePages_Total:     0
Node 0 HugePages_Free:      0
Node 0 HugePages_Surp:      0

Node 1 MemTotal:       24686196 kB
Node 1 MemFree:        23886636 kB
Node 1 MemUsed:          799560 kB
Node 1 Active:            56448 kB
Node 1 Inactive:         565300 kB
Node 1 Active(anon):      16016 kB
Node 1 Inactive(anon):   512396 kB
Node 1 Active(file):      40432 kB
Node 1 Inactive(file):    52904 kB
Node 1 Unevictable:       17216 kB
Node 1 Mlocked:           17216 kB
Node 1 Dirty:               168 kB
Node 1 Writeback:             0 kB
Node 1 FilePages:        612872 kB
Node 1 Mapped:            48940 kB
Node 1 AnonPages:         26172 kB
Node 1 Shmem:            512584 kB
Node 1 KernelStack:        1880 kB
Node 1 PageTables:          724 kB
Node 1 NFS_Unstable:          0 kB
Node 1 Bounce:                0 kB
Node 1 WritebackTmp:          0 kB
Node 1 KReclaimable:      30060 kB
Node 1 Slab:              66748 kB
Node 1 SReclaimable:      30060 kB
Node 1 SUnreclaim:        36688 kB
Node 1 AnonHugePages:         0 kB
Node 1 ShmemHugePages:        0 kB
Node 1 ShmemPmdMapped:        0 kB
Node 1 FileHugePages:        0 kB
Node 1 FilePmdMapped:        0 kB
Node 1 HugePages_Total:     0
Node 1 HugePages_Free:      0
Node 1 HugePages_Surp:      0

After Test
Node 0 MemTotal:       24743524 kB
Node 0 MemFree:        24508768 kB
Node 0 MemUsed:          234756 kB
Node 0 Active:            41672 kB
Node 0 Inactive:          39740 kB
Node 0 Active(anon):      18640 kB
Node 0 Inactive(anon):      452 kB
Node 0 Active(file):      23032 kB
Node 0 Inactive(file):    39288 kB
Node 0 Unevictable:        1228 kB
Node 0 Mlocked:            1228 kB
Node 0 Dirty:                28 kB
Node 0 Writeback:             0 kB
Node 0 FilePages:         64196 kB
Node 0 Mapped:            14512 kB
Node 0 AnonPages:         18308 kB
Node 0 Shmem:               616 kB
Node 0 KernelStack:        2648 kB
Node 0 PageTables:          668 kB
Node 0 NFS_Unstable:          0 kB
Node 0 Bounce:                0 kB
Node 0 WritebackTmp:          0 kB
Node 0 KReclaimable:      18204 kB
Node 0 Slab:              59340 kB
Node 0 SReclaimable:      18204 kB
Node 0 SUnreclaim:        41136 kB
Node 0 AnonHugePages:         0 kB
Node 0 ShmemHugePages:        0 kB
Node 0 ShmemPmdMapped:        0 kB
Node 0 FileHugePages:        0 kB
Node 0 FilePmdMapped:        0 kB
Node 0 HugePages_Total:     0
Node 0 HugePages_Free:      0
Node 0 HugePages_Surp:      0

Node 1 MemTotal:       24686196 kB
Node 1 MemFree:        23887660 kB
Node 1 MemUsed:          798536 kB
Node 1 Active:           567748 kB
Node 1 Inactive:          53312 kB
Node 1 Active(anon):     527312 kB
Node 1 Inactive(anon):      412 kB
Node 1 Active(file):      40436 kB
Node 1 Inactive(file):    52900 kB
Node 1 Unevictable:       17216 kB
Node 1 Mlocked:           17216 kB
Node 1 Dirty:               168 kB
Node 1 Writeback:             0 kB
Node 1 FilePages:        612884 kB
Node 1 Mapped:            48996 kB
Node 1 AnonPages:         25388 kB
Node 1 Shmem:            512596 kB
Node 1 KernelStack:        1848 kB
Node 1 PageTables:          596 kB
Node 1 NFS_Unstable:          0 kB
Node 1 Bounce:                0 kB
Node 1 WritebackTmp:          0 kB
Node 1 KReclaimable:      30220 kB
Node 1 Slab:              66900 kB
Node 1 SReclaimable:      30220 kB
Node 1 SUnreclaim:        36680 kB
Node 1 AnonHugePages:         0 kB
Node 1 ShmemHugePages:        0 kB
Node 1 ShmemPmdMapped:        0 kB
Node 1 FileHugePages:        0 kB
Node 1 FilePmdMapped:        0 kB
Node 1 HugePages_Total:     0
Node 1 HugePages_Free:      0
Node 1 HugePages_Surp:      0

0.onefio.500M Complete!
