0.onefio.128K
Begin
Node 0 MemTotal:       24743524 kB
Node 0 MemFree:        24508316 kB
Node 0 MemUsed:          235208 kB
Node 0 Active:            39020 kB
Node 0 Inactive:          50728 kB
Node 0 Active(anon):      23632 kB
Node 0 Inactive(anon):      504 kB
Node 0 Active(file):      15388 kB
Node 0 Inactive(file):    50224 kB
Node 0 Unevictable:         636 kB
Node 0 Mlocked:             636 kB
Node 0 Dirty:                32 kB
Node 0 Writeback:             0 kB
Node 0 FilePages:         67120 kB
Node 0 Mapped:            34236 kB
Node 0 AnonPages:         24212 kB
Node 0 Shmem:               688 kB
Node 0 KernelStack:        2536 kB
Node 0 PageTables:          572 kB
Node 0 NFS_Unstable:          0 kB
Node 0 Bounce:                0 kB
Node 0 WritebackTmp:          0 kB
Node 0 KReclaimable:      16356 kB
Node 0 Slab:              53600 kB
Node 0 SReclaimable:      16356 kB
Node 0 SUnreclaim:        37244 kB
Node 0 AnonHugePages:         0 kB
Node 0 ShmemHugePages:        0 kB
Node 0 ShmemPmdMapped:        0 kB
Node 0 FileHugePages:        0 kB
Node 0 FilePmdMapped:        0 kB
Node 0 HugePages_Total:     0
Node 0 HugePages_Free:      0
Node 0 HugePages_Surp:      0

Node 1 MemTotal:       24686196 kB
Node 1 MemFree:        24422372 kB
Node 1 MemUsed:          263824 kB
Node 1 Active:            54352 kB
Node 1 Inactive:          25528 kB
Node 1 Active(anon):       9648 kB
Node 1 Inactive(anon):      352 kB
Node 1 Active(file):      44704 kB
Node 1 Inactive(file):    25176 kB
Node 1 Unevictable:       17808 kB
Node 1 Mlocked:           17808 kB
Node 1 Dirty:                44 kB
Node 1 Writeback:             0 kB
Node 1 FilePages:         77972 kB
Node 1 Mapped:            24248 kB
Node 1 AnonPages:         19784 kB
Node 1 Shmem:               524 kB
Node 1 KernelStack:        2040 kB
Node 1 PageTables:          536 kB
Node 1 NFS_Unstable:          0 kB
Node 1 Bounce:                0 kB
Node 1 WritebackTmp:          0 kB
Node 1 KReclaimable:      29340 kB
Node 1 Slab:              68236 kB
Node 1 SReclaimable:      29340 kB
Node 1 SUnreclaim:        38896 kB
Node 1 AnonHugePages:         0 kB
Node 1 ShmemHugePages:        0 kB
Node 1 ShmemPmdMapped:        0 kB
Node 1 FileHugePages:        0 kB
Node 1 FilePmdMapped:        0 kB
Node 1 HugePages_Total:     0
Node 1 HugePages_Free:      0
Node 1 HugePages_Surp:      0

Mount tmpfs
Node 0 MemTotal:       24743524 kB
Node 0 MemFree:        24507508 kB
Node 0 MemUsed:          236016 kB
Node 0 Active:            39384 kB
Node 0 Inactive:          50728 kB
Node 0 Active(anon):      23996 kB
Node 0 Inactive(anon):      504 kB
Node 0 Active(file):      15388 kB
Node 0 Inactive(file):    50224 kB
Node 0 Unevictable:         636 kB
Node 0 Mlocked:             636 kB
Node 0 Dirty:                32 kB
Node 0 Writeback:             0 kB
Node 0 FilePages:         67120 kB
Node 0 Mapped:            34236 kB
Node 0 AnonPages:         24576 kB
Node 0 Shmem:               688 kB
Node 0 KernelStack:        2536 kB
Node 0 PageTables:          572 kB
Node 0 NFS_Unstable:          0 kB
Node 0 Bounce:                0 kB
Node 0 WritebackTmp:          0 kB
Node 0 KReclaimable:      16356 kB
Node 0 Slab:              53964 kB
Node 0 SReclaimable:      16356 kB
Node 0 SUnreclaim:        37608 kB
Node 0 AnonHugePages:         0 kB
Node 0 ShmemHugePages:        0 kB
Node 0 ShmemPmdMapped:        0 kB
Node 0 FileHugePages:        0 kB
Node 0 FilePmdMapped:        0 kB
Node 0 HugePages_Total:     0
Node 0 HugePages_Free:      0
Node 0 HugePages_Surp:      0

Node 1 MemTotal:       24686196 kB
Node 1 MemFree:        24422372 kB
Node 1 MemUsed:          263824 kB
Node 1 Active:            54352 kB
Node 1 Inactive:          25528 kB
Node 1 Active(anon):       9648 kB
Node 1 Inactive(anon):      352 kB
Node 1 Active(file):      44704 kB
Node 1 Inactive(file):    25176 kB
Node 1 Unevictable:       17808 kB
Node 1 Mlocked:           17808 kB
Node 1 Dirty:                44 kB
Node 1 Writeback:             0 kB
Node 1 FilePages:         77972 kB
Node 1 Mapped:            24248 kB
Node 1 AnonPages:         19784 kB
Node 1 Shmem:               524 kB
Node 1 KernelStack:        2040 kB
Node 1 PageTables:          536 kB
Node 1 NFS_Unstable:          0 kB
Node 1 Bounce:                0 kB
Node 1 WritebackTmp:          0 kB
Node 1 KReclaimable:      29340 kB
Node 1 Slab:              68236 kB
Node 1 SReclaimable:      29340 kB
Node 1 SUnreclaim:        38896 kB
Node 1 AnonHugePages:         0 kB
Node 1 ShmemHugePages:        0 kB
Node 1 ShmemPmdMapped:        0 kB
Node 1 FileHugePages:        0 kB
Node 1 FilePmdMapped:        0 kB
Node 1 HugePages_Total:     0
Node 1 HugePages_Free:      0
Node 1 HugePages_Surp:      0

Create File
Node 0 MemTotal:       24743524 kB
Node 0 MemFree:        24506980 kB
Node 0 MemUsed:          236544 kB
Node 0 Active:            39748 kB
Node 0 Inactive:          50728 kB
Node 0 Active(anon):      24360 kB
Node 0 Inactive(anon):      504 kB
Node 0 Active(file):      15388 kB
Node 0 Inactive(file):    50224 kB
Node 0 Unevictable:         636 kB
Node 0 Mlocked:             636 kB
Node 0 Dirty:                32 kB
Node 0 Writeback:             0 kB
Node 0 FilePages:         67120 kB
Node 0 Mapped:            34236 kB
Node 0 AnonPages:         24940 kB
Node 0 Shmem:               688 kB
Node 0 KernelStack:        2536 kB
Node 0 PageTables:          572 kB
Node 0 NFS_Unstable:          0 kB
Node 0 Bounce:                0 kB
Node 0 WritebackTmp:          0 kB
Node 0 KReclaimable:      16356 kB
Node 0 Slab:              53964 kB
Node 0 SReclaimable:      16356 kB
Node 0 SUnreclaim:        37608 kB
Node 0 AnonHugePages:         0 kB
Node 0 ShmemHugePages:        0 kB
Node 0 ShmemPmdMapped:        0 kB
Node 0 FileHugePages:        0 kB
Node 0 FilePmdMapped:        0 kB
Node 0 HugePages_Total:     0
Node 0 HugePages_Free:      0
Node 0 HugePages_Surp:      0

Node 1 MemTotal:       24686196 kB
Node 1 MemFree:        24422004 kB
Node 1 MemUsed:          264192 kB
Node 1 Active:            54352 kB
Node 1 Inactive:          25528 kB
Node 1 Active(anon):       9648 kB
Node 1 Inactive(anon):      352 kB
Node 1 Active(file):      44704 kB
Node 1 Inactive(file):    25176 kB
Node 1 Unevictable:       17808 kB
Node 1 Mlocked:           17808 kB
Node 1 Dirty:                44 kB
Node 1 Writeback:             0 kB
Node 1 FilePages:         77972 kB
Node 1 Mapped:            24248 kB
Node 1 AnonPages:         19784 kB
Node 1 Shmem:               524 kB
Node 1 KernelStack:        2040 kB
Node 1 PageTables:          536 kB
Node 1 NFS_Unstable:          0 kB
Node 1 Bounce:                0 kB
Node 1 WritebackTmp:          0 kB
Node 1 KReclaimable:      29340 kB
Node 1 Slab:              68236 kB
Node 1 SReclaimable:      29340 kB
Node 1 SUnreclaim:        38896 kB
Node 1 AnonHugePages:         0 kB
Node 1 ShmemHugePages:        0 kB
Node 1 ShmemPmdMapped:        0 kB
Node 1 FileHugePages:        0 kB
Node 1 FilePmdMapped:        0 kB
Node 1 HugePages_Total:     0
Node 1 HugePages_Free:      0
Node 1 HugePages_Surp:      0

After Test
Node 0 MemTotal:       24743524 kB
Node 0 MemFree:        24490184 kB
Node 0 MemUsed:          253340 kB
Node 0 Active:            43772 kB
Node 0 Inactive:          63356 kB
Node 0 Active(anon):      25148 kB
Node 0 Inactive(anon):      504 kB
Node 0 Active(file):      18624 kB
Node 0 Inactive(file):    62852 kB
Node 0 Unevictable:         636 kB
Node 0 Mlocked:             636 kB
Node 0 Dirty:                36 kB
Node 0 Writeback:             0 kB
Node 0 FilePages:         82832 kB
Node 0 Mapped:            34452 kB
Node 0 AnonPages:         24840 kB
Node 0 Shmem:               688 kB
Node 0 KernelStack:        2616 kB
Node 0 PageTables:          788 kB
Node 0 NFS_Unstable:          0 kB
Node 0 Bounce:                0 kB
Node 0 WritebackTmp:          0 kB
Node 0 KReclaimable:      18120 kB
Node 0 Slab:              56828 kB
Node 0 SReclaimable:      18120 kB
Node 0 SUnreclaim:        38708 kB
Node 0 AnonHugePages:         0 kB
Node 0 ShmemHugePages:        0 kB
Node 0 ShmemPmdMapped:        0 kB
Node 0 FileHugePages:        0 kB
Node 0 FilePmdMapped:        0 kB
Node 0 HugePages_Total:     0
Node 0 HugePages_Free:      0
Node 0 HugePages_Surp:      0

Node 1 MemTotal:       24686196 kB
Node 1 MemFree:        24423072 kB
Node 1 MemUsed:          263124 kB
Node 1 Active:            54568 kB
Node 1 Inactive:          25476 kB
Node 1 Active(anon):       9736 kB
Node 1 Inactive(anon):      352 kB
Node 1 Active(file):      44832 kB
Node 1 Inactive(file):    25124 kB
Node 1 Unevictable:       17808 kB
Node 1 Mlocked:           17808 kB
Node 1 Dirty:                44 kB
Node 1 Writeback:             0 kB
Node 1 FilePages:         78152 kB
Node 1 Mapped:            24284 kB
Node 1 AnonPages:         19700 kB
Node 1 Shmem:               652 kB
Node 1 KernelStack:        2040 kB
Node 1 PageTables:          512 kB
Node 1 NFS_Unstable:          0 kB
Node 1 Bounce:                0 kB
Node 1 WritebackTmp:          0 kB
Node 1 KReclaimable:      29524 kB
Node 1 Slab:              69096 kB
Node 1 SReclaimable:      29524 kB
Node 1 SUnreclaim:        39572 kB
Node 1 AnonHugePages:         0 kB
Node 1 ShmemHugePages:        0 kB
Node 1 ShmemPmdMapped:        0 kB
Node 1 FileHugePages:        0 kB
Node 1 FilePmdMapped:        0 kB
Node 1 HugePages_Total:     0
Node 1 HugePages_Free:      0
Node 1 HugePages_Surp:      0

0.onefio.128K Complete!
