U.1.fio.512K.3.O
Begin
Node 0 MemTotal:       24768352 kB
Node 0 MemFree:        24456384 kB
Node 0 MemUsed:          311968 kB
Node 0 Active:            43016 kB
Node 0 Inactive:         107916 kB
Node 0 Active(anon):      15148 kB
Node 0 Inactive(anon):      388 kB
Node 0 Active(file):      27868 kB
Node 0 Inactive(file):   107528 kB
Node 0 Unevictable:       17692 kB
Node 0 Mlocked:           17692 kB
Node 0 Dirty:               252 kB
Node 0 Writeback:             0 kB
Node 0 FilePages:        143396 kB
Node 0 Mapped:            68428 kB
Node 0 AnonPages:         25336 kB
Node 0 Shmem:               596 kB
Node 0 KernelStack:        2040 kB
Node 0 PageTables:          796 kB
Node 0 NFS_Unstable:          0 kB
Node 0 Bounce:                0 kB
Node 0 WritebackTmp:          0 kB
Node 0 KReclaimable:      18240 kB
Node 0 Slab:              56584 kB
Node 0 SReclaimable:      18240 kB
Node 0 SUnreclaim:        38344 kB
Node 0 AnonHugePages:         0 kB
Node 0 ShmemHugePages:        0 kB
Node 0 ShmemPmdMapped:        0 kB
Node 0 FileHugePages:        0 kB
Node 0 FilePmdMapped:        0 kB
Node 0 HugePages_Total:     0
Node 0 HugePages_Free:      0
Node 0 HugePages_Surp:      0

Node 1 MemTotal:       24661580 kB
Node 1 MemFree:        24322576 kB
Node 1 MemUsed:          339004 kB
Node 1 Active:            53204 kB
Node 1 Inactive:          20532 kB
Node 1 Active(anon):      18088 kB
Node 1 Inactive(anon):      492 kB
Node 1 Active(file):      35116 kB
Node 1 Inactive(file):    20040 kB
Node 1 Unevictable:         828 kB
Node 1 Mlocked:             828 kB
Node 1 Dirty:               280 kB
Node 1 Writeback:             0 kB
Node 1 FilePages:         56800 kB
Node 1 Mapped:            12020 kB
Node 1 AnonPages:         17920 kB
Node 1 Shmem:               672 kB
Node 1 KernelStack:        1544 kB
Node 1 PageTables:          376 kB
Node 1 NFS_Unstable:          0 kB
Node 1 Bounce:                0 kB
Node 1 WritebackTmp:          0 kB
Node 1 KReclaimable:      23352 kB
Node 1 Slab:              50636 kB
Node 1 SReclaimable:      23352 kB
Node 1 SUnreclaim:        27284 kB
Node 1 AnonHugePages:         0 kB
Node 1 ShmemHugePages:        0 kB
Node 1 ShmemPmdMapped:        0 kB
Node 1 FileHugePages:        0 kB
Node 1 FilePmdMapped:        0 kB
Node 1 HugePages_Total:     0
Node 1 HugePages_Free:      0
Node 1 HugePages_Surp:      0

Load ZFS
Node 0 MemTotal:       24768352 kB
Node 0 MemFree:        24449896 kB
Node 0 MemUsed:          318456 kB
Node 0 Active:            47220 kB
Node 0 Inactive:         108032 kB
Node 0 Active(anon):      19004 kB
Node 0 Inactive(anon):      392 kB
Node 0 Active(file):      28216 kB
Node 0 Inactive(file):   107640 kB
Node 0 Unevictable:       17692 kB
Node 0 Mlocked:           17692 kB
Node 0 Dirty:               312 kB
Node 0 Writeback:             0 kB
Node 0 FilePages:        143816 kB
Node 0 Mapped:            68476 kB
Node 0 AnonPages:         29208 kB
Node 0 Shmem:               596 kB
Node 0 KernelStack:        2104 kB
Node 0 PageTables:         1152 kB
Node 0 NFS_Unstable:          0 kB
Node 0 Bounce:                0 kB
Node 0 WritebackTmp:          0 kB
Node 0 KReclaimable:      18664 kB
Node 0 Slab:              58152 kB
Node 0 SReclaimable:      18664 kB
Node 0 SUnreclaim:        39488 kB
Node 0 AnonHugePages:         0 kB
Node 0 ShmemHugePages:        0 kB
Node 0 ShmemPmdMapped:        0 kB
Node 0 FileHugePages:        0 kB
Node 0 FilePmdMapped:        0 kB
Node 0 HugePages_Total:     0
Node 0 HugePages_Free:      0
Node 0 HugePages_Surp:      0

Node 1 MemTotal:       24661580 kB
Node 1 MemFree:        24317836 kB
Node 1 MemUsed:          343744 kB
Node 1 Active:            60048 kB
Node 1 Inactive:          16444 kB
Node 1 Active(anon):      18456 kB
Node 1 Inactive(anon):      492 kB
Node 1 Active(file):      41592 kB
Node 1 Inactive(file):    15952 kB
Node 1 Unevictable:         828 kB
Node 1 Mlocked:             828 kB
Node 1 Dirty:                44 kB
Node 1 Writeback:             0 kB
Node 1 FilePages:         59044 kB
Node 1 Mapped:            12180 kB
Node 1 AnonPages:         18196 kB
Node 1 Shmem:               672 kB
Node 1 KernelStack:        1624 kB
Node 1 PageTables:          456 kB
Node 1 NFS_Unstable:          0 kB
Node 1 Bounce:                0 kB
Node 1 WritebackTmp:          0 kB
Node 1 KReclaimable:      23928 kB
Node 1 Slab:              52688 kB
Node 1 SReclaimable:      23928 kB
Node 1 SUnreclaim:        28760 kB
Node 1 AnonHugePages:         0 kB
Node 1 ShmemHugePages:        0 kB
Node 1 ShmemPmdMapped:        0 kB
Node 1 FileHugePages:        0 kB
Node 1 FilePmdMapped:        0 kB
Node 1 HugePages_Total:     0
Node 1 HugePages_Free:      0
Node 1 HugePages_Surp:      0

Import tank ZPool
Node 0 MemTotal:       24768352 kB
Node 0 MemFree:        24451984 kB
Node 0 MemUsed:          316368 kB
Node 0 Active:            43204 kB
Node 0 Inactive:         108032 kB
Node 0 Active(anon):      14988 kB
Node 0 Inactive(anon):      392 kB
Node 0 Active(file):      28216 kB
Node 0 Inactive(file):   107640 kB
Node 0 Unevictable:       17692 kB
Node 0 Mlocked:           17692 kB
Node 0 Dirty:               236 kB
Node 0 Writeback:             0 kB
Node 0 FilePages:        143828 kB
Node 0 Mapped:            68480 kB
Node 0 AnonPages:         25388 kB
Node 0 Shmem:               592 kB
Node 0 KernelStack:        2072 kB
Node 0 PageTables:         1036 kB
Node 0 NFS_Unstable:          0 kB
Node 0 Bounce:                0 kB
Node 0 WritebackTmp:          0 kB
Node 0 KReclaimable:      18664 kB
Node 0 Slab:              58164 kB
Node 0 SReclaimable:      18664 kB
Node 0 SUnreclaim:        39500 kB
Node 0 AnonHugePages:         0 kB
Node 0 ShmemHugePages:        0 kB
Node 0 ShmemPmdMapped:        0 kB
Node 0 FileHugePages:        0 kB
Node 0 FilePmdMapped:        0 kB
Node 0 HugePages_Total:     0
Node 0 HugePages_Free:      0
Node 0 HugePages_Surp:      0

Node 1 MemTotal:       24661580 kB
Node 1 MemFree:        24298816 kB
Node 1 MemUsed:          362764 kB
Node 1 Active:            60364 kB
Node 1 Inactive:          17628 kB
Node 1 Active(anon):      18432 kB
Node 1 Inactive(anon):      496 kB
Node 1 Active(file):      41932 kB
Node 1 Inactive(file):    17132 kB
Node 1 Unevictable:         828 kB
Node 1 Mlocked:             828 kB
Node 1 Dirty:                56 kB
Node 1 Writeback:             0 kB
Node 1 FilePages:         60572 kB
Node 1 Mapped:            12208 kB
Node 1 AnonPages:         17888 kB
Node 1 Shmem:               676 kB
Node 1 KernelStack:        2760 kB
Node 1 PageTables:          540 kB
Node 1 NFS_Unstable:          0 kB
Node 1 Bounce:                0 kB
Node 1 WritebackTmp:          0 kB
Node 1 KReclaimable:      24048 kB
Node 1 Slab:              59564 kB
Node 1 SReclaimable:      24048 kB
Node 1 SUnreclaim:        35516 kB
Node 1 AnonHugePages:         0 kB
Node 1 ShmemHugePages:        0 kB
Node 1 ShmemPmdMapped:        0 kB
Node 1 FileHugePages:        0 kB
Node 1 FilePmdMapped:        0 kB
Node 1 HugePages_Total:     0
Node 1 HugePages_Free:      0
Node 1 HugePages_Surp:      0

After Test
Node 0 MemTotal:       24768352 kB
Node 0 MemFree:        24452756 kB
Node 0 MemUsed:          315596 kB
Node 0 Active:            43444 kB
Node 0 Inactive:         107992 kB
Node 0 Active(anon):      15156 kB
Node 0 Inactive(anon):      392 kB
Node 0 Active(file):      28288 kB
Node 0 Inactive(file):   107600 kB
Node 0 Unevictable:       17692 kB
Node 0 Mlocked:           17692 kB
Node 0 Dirty:               240 kB
Node 0 Writeback:             0 kB
Node 0 FilePages:        143844 kB
Node 0 Mapped:            68476 kB
Node 0 AnonPages:         25280 kB
Node 0 Shmem:               592 kB
Node 0 KernelStack:        2008 kB
Node 0 PageTables:          796 kB
Node 0 NFS_Unstable:          0 kB
Node 0 Bounce:                0 kB
Node 0 WritebackTmp:          0 kB
Node 0 KReclaimable:      18664 kB
Node 0 Slab:              58116 kB
Node 0 SReclaimable:      18664 kB
Node 0 SUnreclaim:        39452 kB
Node 0 AnonHugePages:         0 kB
Node 0 ShmemHugePages:        0 kB
Node 0 ShmemPmdMapped:        0 kB
Node 0 FileHugePages:        0 kB
Node 0 FilePmdMapped:        0 kB
Node 0 HugePages_Total:     0
Node 0 HugePages_Free:      0
Node 0 HugePages_Surp:      0

Node 1 MemTotal:       24661580 kB
Node 1 MemFree:        24290672 kB
Node 1 MemUsed:          370908 kB
Node 1 Active:            61356 kB
Node 1 Inactive:          18548 kB
Node 1 Active(anon):      18080 kB
Node 1 Inactive(anon):      524 kB
Node 1 Active(file):      43276 kB
Node 1 Inactive(file):    18024 kB
Node 1 Unevictable:         828 kB
Node 1 Mlocked:             828 kB
Node 1 Dirty:                68 kB
Node 1 Writeback:             0 kB
Node 1 FilePages:         62848 kB
Node 1 Mapped:            12272 kB
Node 1 AnonPages:         17828 kB
Node 1 Shmem:               720 kB
Node 1 KernelStack:        2744 kB
Node 1 PageTables:          596 kB
Node 1 NFS_Unstable:          0 kB
Node 1 Bounce:                0 kB
Node 1 WritebackTmp:          0 kB
Node 1 KReclaimable:      25340 kB
Node 1 Slab:              61152 kB
Node 1 SReclaimable:      25340 kB
Node 1 SUnreclaim:        35812 kB
Node 1 AnonHugePages:         0 kB
Node 1 ShmemHugePages:        0 kB
Node 1 ShmemPmdMapped:        0 kB
Node 1 FileHugePages:        0 kB
Node 1 FilePmdMapped:        0 kB
Node 1 HugePages_Total:     0
Node 1 HugePages_Free:      0
Node 1 HugePages_Surp:      0

After Opposite Node
Node 0 MemTotal:       24768352 kB
Node 0 MemFree:        24452040 kB
Node 0 MemUsed:          316312 kB
Node 0 Active:            43408 kB
Node 0 Inactive:         107996 kB
Node 0 Active(anon):      15120 kB
Node 0 Inactive(anon):      388 kB
Node 0 Active(file):      28288 kB
Node 0 Inactive(file):   107608 kB
Node 0 Unevictable:       17692 kB
Node 0 Mlocked:           17692 kB
Node 0 Dirty:               248 kB
Node 0 Writeback:             0 kB
Node 0 FilePages:        143868 kB
Node 0 Mapped:            68492 kB
Node 0 AnonPages:         25156 kB
Node 0 Shmem:               608 kB
Node 0 KernelStack:        2036 kB
Node 0 PageTables:          840 kB
Node 0 NFS_Unstable:          0 kB
Node 0 Bounce:                0 kB
Node 0 WritebackTmp:          0 kB
Node 0 KReclaimable:      18684 kB
Node 0 Slab:              58408 kB
Node 0 SReclaimable:      18684 kB
Node 0 SUnreclaim:        39724 kB
Node 0 AnonHugePages:         0 kB
Node 0 ShmemHugePages:        0 kB
Node 0 ShmemPmdMapped:        0 kB
Node 0 FileHugePages:        0 kB
Node 0 FilePmdMapped:        0 kB
Node 0 HugePages_Total:     0
Node 0 HugePages_Free:      0
Node 0 HugePages_Surp:      0

Node 1 MemTotal:       24661580 kB
Node 1 MemFree:        24290728 kB
Node 1 MemUsed:          370852 kB
Node 1 Active:            61380 kB
Node 1 Inactive:          18336 kB
Node 1 Active(anon):      17900 kB
Node 1 Inactive(anon):      496 kB
Node 1 Active(file):      43480 kB
Node 1 Inactive(file):    17840 kB
Node 1 Unevictable:         828 kB
Node 1 Mlocked:             828 kB
Node 1 Dirty:                88 kB
Node 1 Writeback:             0 kB
Node 1 FilePages:         62824 kB
Node 1 Mapped:            12052 kB
Node 1 AnonPages:         17720 kB
Node 1 Shmem:               676 kB
Node 1 KernelStack:        2696 kB
Node 1 PageTables:          424 kB
Node 1 NFS_Unstable:          0 kB
Node 1 Bounce:                0 kB
Node 1 WritebackTmp:          0 kB
Node 1 KReclaimable:      25340 kB
Node 1 Slab:              61144 kB
Node 1 SReclaimable:      25340 kB
Node 1 SUnreclaim:        35804 kB
Node 1 AnonHugePages:         0 kB
Node 1 ShmemHugePages:        0 kB
Node 1 ShmemPmdMapped:        0 kB
Node 1 FileHugePages:        0 kB
Node 1 FilePmdMapped:        0 kB
Node 1 HugePages_Total:     0
Node 1 HugePages_Free:      0
Node 1 HugePages_Surp:      0

U.1.fio.512K.3.O Complete!
