U.1.fio.256K.1.O
Begin
Node 0 MemTotal:       24768352 kB
Node 0 MemFree:        24329660 kB
Node 0 MemUsed:          438692 kB
Node 0 Active:            39824 kB
Node 0 Inactive:         111048 kB
Node 0 Active(anon):      17708 kB
Node 0 Inactive(anon):      300 kB
Node 0 Active(file):      22116 kB
Node 0 Inactive(file):   110748 kB
Node 0 Unevictable:       16888 kB
Node 0 Mlocked:           16888 kB
Node 0 Dirty:               148 kB
Node 0 Writeback:             0 kB
Node 0 FilePages:        139924 kB
Node 0 Mapped:            66596 kB
Node 0 AnonPages:         27860 kB
Node 0 Shmem:               476 kB
Node 0 KernelStack:        1832 kB
Node 0 PageTables:          792 kB
Node 0 NFS_Unstable:          0 kB
Node 0 Bounce:                0 kB
Node 0 WritebackTmp:          0 kB
Node 0 KReclaimable:      22004 kB
Node 0 Slab:              58800 kB
Node 0 SReclaimable:      22004 kB
Node 0 SUnreclaim:        36796 kB
Node 0 AnonHugePages:         0 kB
Node 0 ShmemHugePages:        0 kB
Node 0 ShmemPmdMapped:        0 kB
Node 0 FileHugePages:        0 kB
Node 0 FilePmdMapped:        0 kB
Node 0 HugePages_Total:     0
Node 0 HugePages_Free:      0
Node 0 HugePages_Surp:      0

Node 1 MemTotal:       24661580 kB
Node 1 MemFree:        24420580 kB
Node 1 MemUsed:          241000 kB
Node 1 Active:            54692 kB
Node 1 Inactive:          45716 kB
Node 1 Active(anon):      16396 kB
Node 1 Inactive(anon):      580 kB
Node 1 Active(file):      38296 kB
Node 1 Inactive(file):    45136 kB
Node 1 Unevictable:        1632 kB
Node 1 Mlocked:            1632 kB
Node 1 Dirty:                24 kB
Node 1 Writeback:             0 kB
Node 1 FilePages:         86008 kB
Node 1 Mapped:            31596 kB
Node 1 AnonPages:         16212 kB
Node 1 Shmem:               792 kB
Node 1 KernelStack:        1752 kB
Node 1 PageTables:          480 kB
Node 1 NFS_Unstable:          0 kB
Node 1 Bounce:                0 kB
Node 1 WritebackTmp:          0 kB
Node 1 KReclaimable:      20480 kB
Node 1 Slab:              49640 kB
Node 1 SReclaimable:      20480 kB
Node 1 SUnreclaim:        29160 kB
Node 1 AnonHugePages:         0 kB
Node 1 ShmemHugePages:        0 kB
Node 1 ShmemPmdMapped:        0 kB
Node 1 FileHugePages:        0 kB
Node 1 FilePmdMapped:        0 kB
Node 1 HugePages_Total:     0
Node 1 HugePages_Free:      0
Node 1 HugePages_Surp:      0

Load ZFS
Node 0 MemTotal:       24768352 kB
Node 0 MemFree:        24452924 kB
Node 0 MemUsed:          315428 kB
Node 0 Active:            45348 kB
Node 0 Inactive:         111296 kB
Node 0 Active(anon):      22824 kB
Node 0 Inactive(anon):      300 kB
Node 0 Active(file):      22524 kB
Node 0 Inactive(file):   110996 kB
Node 0 Unevictable:       16888 kB
Node 0 Mlocked:           16888 kB
Node 0 Dirty:               192 kB
Node 0 Writeback:             0 kB
Node 0 FilePages:        140556 kB
Node 0 Mapped:            66596 kB
Node 0 AnonPages:         33060 kB
Node 0 Shmem:               476 kB
Node 0 KernelStack:        2008 kB
Node 0 PageTables:         1080 kB
Node 0 NFS_Unstable:          0 kB
Node 0 Bounce:                0 kB
Node 0 WritebackTmp:          0 kB
Node 0 KReclaimable:      22404 kB
Node 0 Slab:              60472 kB
Node 0 SReclaimable:      22404 kB
Node 0 SUnreclaim:        38068 kB
Node 0 AnonHugePages:         0 kB
Node 0 ShmemHugePages:        0 kB
Node 0 ShmemPmdMapped:        0 kB
Node 0 FileHugePages:        0 kB
Node 0 FilePmdMapped:        0 kB
Node 0 HugePages_Total:     0
Node 0 HugePages_Free:      0
Node 0 HugePages_Surp:      0

Node 1 MemTotal:       24661580 kB
Node 1 MemFree:        24284956 kB
Node 1 MemUsed:          376624 kB
Node 1 Active:            62112 kB
Node 1 Inactive:          41340 kB
Node 1 Active(anon):      17420 kB
Node 1 Inactive(anon):      580 kB
Node 1 Active(file):      44692 kB
Node 1 Inactive(file):    40760 kB
Node 1 Unevictable:        1632 kB
Node 1 Mlocked:            1632 kB
Node 1 Dirty:                40 kB
Node 1 Writeback:             0 kB
Node 1 FilePages:         87876 kB
Node 1 Mapped:            31756 kB
Node 1 AnonPages:         17124 kB
Node 1 Shmem:               792 kB
Node 1 KernelStack:        1720 kB
Node 1 PageTables:          628 kB
Node 1 NFS_Unstable:          0 kB
Node 1 Bounce:                0 kB
Node 1 WritebackTmp:          0 kB
Node 1 KReclaimable:      20992 kB
Node 1 Slab:              52080 kB
Node 1 SReclaimable:      20992 kB
Node 1 SUnreclaim:        31088 kB
Node 1 AnonHugePages:         0 kB
Node 1 ShmemHugePages:        0 kB
Node 1 ShmemPmdMapped:        0 kB
Node 1 FileHugePages:        0 kB
Node 1 FilePmdMapped:        0 kB
Node 1 HugePages_Total:     0
Node 1 HugePages_Free:      0
Node 1 HugePages_Surp:      0

Import tank ZPool
Node 0 MemTotal:       24768352 kB
Node 0 MemFree:        24450120 kB
Node 0 MemUsed:          318232 kB
Node 0 Active:            45484 kB
Node 0 Inactive:         111300 kB
Node 0 Active(anon):      22928 kB
Node 0 Inactive(anon):      300 kB
Node 0 Active(file):      22556 kB
Node 0 Inactive(file):   111000 kB
Node 0 Unevictable:       16888 kB
Node 0 Mlocked:           16888 kB
Node 0 Dirty:               208 kB
Node 0 Writeback:             0 kB
Node 0 FilePages:        140592 kB
Node 0 Mapped:            66844 kB
Node 0 AnonPages:         33124 kB
Node 0 Shmem:               472 kB
Node 0 KernelStack:        3032 kB
Node 0 PageTables:         1080 kB
Node 0 NFS_Unstable:          0 kB
Node 0 Bounce:                0 kB
Node 0 WritebackTmp:          0 kB
Node 0 KReclaimable:      22404 kB
Node 0 Slab:              62660 kB
Node 0 SReclaimable:      22404 kB
Node 0 SUnreclaim:        40256 kB
Node 0 AnonHugePages:         0 kB
Node 0 ShmemHugePages:        0 kB
Node 0 ShmemPmdMapped:        0 kB
Node 0 FileHugePages:        0 kB
Node 0 FilePmdMapped:        0 kB
Node 0 HugePages_Total:     0
Node 0 HugePages_Free:      0
Node 0 HugePages_Surp:      0

Node 1 MemTotal:       24661580 kB
Node 1 MemFree:        24267252 kB
Node 1 MemUsed:          394328 kB
Node 1 Active:            62496 kB
Node 1 Inactive:          42436 kB
Node 1 Active(anon):      17464 kB
Node 1 Inactive(anon):      584 kB
Node 1 Active(file):      45032 kB
Node 1 Inactive(file):    41852 kB
Node 1 Unevictable:        1632 kB
Node 1 Mlocked:            1632 kB
Node 1 Dirty:                56 kB
Node 1 Writeback:             0 kB
Node 1 FilePages:         89312 kB
Node 1 Mapped:            31892 kB
Node 1 AnonPages:         17356 kB
Node 1 Shmem:               796 kB
Node 1 KernelStack:        1864 kB
Node 1 PageTables:          700 kB
Node 1 NFS_Unstable:          0 kB
Node 1 Bounce:                0 kB
Node 1 WritebackTmp:          0 kB
Node 1 KReclaimable:      21092 kB
Node 1 Slab:              56928 kB
Node 1 SReclaimable:      21092 kB
Node 1 SUnreclaim:        35836 kB
Node 1 AnonHugePages:         0 kB
Node 1 ShmemHugePages:        0 kB
Node 1 ShmemPmdMapped:        0 kB
Node 1 FileHugePages:        0 kB
Node 1 FilePmdMapped:        0 kB
Node 1 HugePages_Total:     0
Node 1 HugePages_Free:      0
Node 1 HugePages_Surp:      0

After Test
Node 0 MemTotal:       24768352 kB
Node 0 MemFree:        24450056 kB
Node 0 MemUsed:          318296 kB
Node 0 Active:            45492 kB
Node 0 Inactive:         111300 kB
Node 0 Active(anon):      22936 kB
Node 0 Inactive(anon):      300 kB
Node 0 Active(file):      22556 kB
Node 0 Inactive(file):   111000 kB
Node 0 Unevictable:       16888 kB
Node 0 Mlocked:           16888 kB
Node 0 Dirty:               208 kB
Node 0 Writeback:             0 kB
Node 0 FilePages:        140592 kB
Node 0 Mapped:            66596 kB
Node 0 AnonPages:         33124 kB
Node 0 Shmem:               472 kB
Node 0 KernelStack:        3032 kB
Node 0 PageTables:         1080 kB
Node 0 NFS_Unstable:          0 kB
Node 0 Bounce:                0 kB
Node 0 WritebackTmp:          0 kB
Node 0 KReclaimable:      22404 kB
Node 0 Slab:              62724 kB
Node 0 SReclaimable:      22404 kB
Node 0 SUnreclaim:        40320 kB
Node 0 AnonHugePages:         0 kB
Node 0 ShmemHugePages:        0 kB
Node 0 ShmemPmdMapped:        0 kB
Node 0 FileHugePages:        0 kB
Node 0 FilePmdMapped:        0 kB
Node 0 HugePages_Total:     0
Node 0 HugePages_Free:      0
Node 0 HugePages_Surp:      0

Node 1 MemTotal:       24661580 kB
Node 1 MemFree:        24260236 kB
Node 1 MemUsed:          401344 kB
Node 1 Active:            63804 kB
Node 1 Inactive:          43428 kB
Node 1 Active(anon):      17536 kB
Node 1 Inactive(anon):      608 kB
Node 1 Active(file):      46268 kB
Node 1 Inactive(file):    42820 kB
Node 1 Unevictable:        1632 kB
Node 1 Mlocked:            1632 kB
Node 1 Dirty:                64 kB
Node 1 Writeback:             0 kB
Node 1 FilePages:         91560 kB
Node 1 Mapped:            31844 kB
Node 1 AnonPages:         17220 kB
Node 1 Shmem:               840 kB
Node 1 KernelStack:        1896 kB
Node 1 PageTables:          712 kB
Node 1 NFS_Unstable:          0 kB
Node 1 Bounce:                0 kB
Node 1 WritebackTmp:          0 kB
Node 1 KReclaimable:      22416 kB
Node 1 Slab:              58472 kB
Node 1 SReclaimable:      22416 kB
Node 1 SUnreclaim:        36056 kB
Node 1 AnonHugePages:         0 kB
Node 1 ShmemHugePages:        0 kB
Node 1 ShmemPmdMapped:        0 kB
Node 1 FileHugePages:        0 kB
Node 1 FilePmdMapped:        0 kB
Node 1 HugePages_Total:     0
Node 1 HugePages_Free:      0
Node 1 HugePages_Surp:      0

After Opposite Node
Node 0 MemTotal:       24768352 kB
Node 0 MemFree:        24448120 kB
Node 0 MemUsed:          320232 kB
Node 0 Active:            45640 kB
Node 0 Inactive:         111332 kB
Node 0 Active(anon):      23076 kB
Node 0 Inactive(anon):      328 kB
Node 0 Active(file):      22564 kB
Node 0 Inactive(file):   111004 kB
Node 0 Unevictable:       16888 kB
Node 0 Mlocked:           16888 kB
Node 0 Dirty:               216 kB
Node 0 Writeback:             0 kB
Node 0 FilePages:        140644 kB
Node 0 Mapped:            66640 kB
Node 0 AnonPages:         33108 kB
Node 0 Shmem:               516 kB
Node 0 KernelStack:        3112 kB
Node 0 PageTables:         1192 kB
Node 0 NFS_Unstable:          0 kB
Node 0 Bounce:                0 kB
Node 0 WritebackTmp:          0 kB
Node 0 KReclaimable:      22488 kB
Node 0 Slab:              63112 kB
Node 0 SReclaimable:      22488 kB
Node 0 SUnreclaim:        40624 kB
Node 0 AnonHugePages:         0 kB
Node 0 ShmemHugePages:        0 kB
Node 0 ShmemPmdMapped:        0 kB
Node 0 FileHugePages:        0 kB
Node 0 FilePmdMapped:        0 kB
Node 0 HugePages_Total:     0
Node 0 HugePages_Free:      0
Node 0 HugePages_Surp:      0

Node 1 MemTotal:       24661580 kB
Node 1 MemFree:        24260616 kB
Node 1 MemUsed:          400964 kB
Node 1 Active:            63888 kB
Node 1 Inactive:          43236 kB
Node 1 Active(anon):      17428 kB
Node 1 Inactive(anon):      584 kB
Node 1 Active(file):      46460 kB
Node 1 Inactive(file):    42652 kB
Node 1 Unevictable:        1632 kB
Node 1 Mlocked:            1632 kB
Node 1 Dirty:                84 kB
Node 1 Writeback:             0 kB
Node 1 FilePages:         91540 kB
Node 1 Mapped:            31784 kB
Node 1 AnonPages:         17216 kB
Node 1 Shmem:               796 kB
Node 1 KernelStack:        1816 kB
Node 1 PageTables:          600 kB
Node 1 NFS_Unstable:          0 kB
Node 1 Bounce:                0 kB
Node 1 WritebackTmp:          0 kB
Node 1 KReclaimable:      22416 kB
Node 1 Slab:              58440 kB
Node 1 SReclaimable:      22416 kB
Node 1 SUnreclaim:        36024 kB
Node 1 AnonHugePages:         0 kB
Node 1 ShmemHugePages:        0 kB
Node 1 ShmemPmdMapped:        0 kB
Node 1 FileHugePages:        0 kB
Node 1 FilePmdMapped:        0 kB
Node 1 HugePages_Total:     0
Node 1 HugePages_Free:      0
Node 1 HugePages_Surp:      0

U.1.fio.256K.1.O Complete!
