U.1.fio.1M.3.O
Begin
Node 0 MemTotal:       24768352 kB
Node 0 MemFree:        24335340 kB
Node 0 MemUsed:          433012 kB
Node 0 Active:            50456 kB
Node 0 Inactive:          97208 kB
Node 0 Active(anon):      20740 kB
Node 0 Inactive(anon):      448 kB
Node 0 Active(file):      29716 kB
Node 0 Inactive(file):    96760 kB
Node 0 Unevictable:       17628 kB
Node 0 Mlocked:           17628 kB
Node 0 Dirty:               192 kB
Node 0 Writeback:             0 kB
Node 0 FilePages:        134376 kB
Node 0 Mapped:            55084 kB
Node 0 AnonPages:         31012 kB
Node 0 Shmem:               588 kB
Node 0 KernelStack:        2008 kB
Node 0 PageTables:          744 kB
Node 0 NFS_Unstable:          0 kB
Node 0 Bounce:                0 kB
Node 0 WritebackTmp:          0 kB
Node 0 KReclaimable:      21844 kB
Node 0 Slab:              51868 kB
Node 0 SReclaimable:      21844 kB
Node 0 SUnreclaim:        30024 kB
Node 0 AnonHugePages:         0 kB
Node 0 ShmemHugePages:        0 kB
Node 0 ShmemPmdMapped:        0 kB
Node 0 FileHugePages:        0 kB
Node 0 FilePmdMapped:        0 kB
Node 0 HugePages_Total:     0
Node 0 HugePages_Free:      0
Node 0 HugePages_Surp:      0

Node 1 MemTotal:       24661580 kB
Node 1 MemFree:        24445496 kB
Node 1 MemUsed:          216084 kB
Node 1 Active:            46000 kB
Node 1 Inactive:          30004 kB
Node 1 Active(anon):      12688 kB
Node 1 Inactive(anon):      440 kB
Node 1 Active(file):      33312 kB
Node 1 Inactive(file):    29564 kB
Node 1 Unevictable:         892 kB
Node 1 Mlocked:             892 kB
Node 1 Dirty:                64 kB
Node 1 Writeback:             0 kB
Node 1 FilePages:         64448 kB
Node 1 Mapped:            24240 kB
Node 1 AnonPages:         12492 kB
Node 1 Shmem:               680 kB
Node 1 KernelStack:        1640 kB
Node 1 PageTables:          464 kB
Node 1 NFS_Unstable:          0 kB
Node 1 Bounce:                0 kB
Node 1 WritebackTmp:          0 kB
Node 1 KReclaimable:      19872 kB
Node 1 Slab:              53904 kB
Node 1 SReclaimable:      19872 kB
Node 1 SUnreclaim:        34032 kB
Node 1 AnonHugePages:         0 kB
Node 1 ShmemHugePages:        0 kB
Node 1 ShmemPmdMapped:        0 kB
Node 1 FileHugePages:        0 kB
Node 1 FilePmdMapped:        0 kB
Node 1 HugePages_Total:     0
Node 1 HugePages_Free:      0
Node 1 HugePages_Surp:      0

Load ZFS
Node 0 MemTotal:       24768352 kB
Node 0 MemFree:        24328264 kB
Node 0 MemUsed:          440088 kB
Node 0 Active:            59780 kB
Node 0 Inactive:          92608 kB
Node 0 Active(anon):      24248 kB
Node 0 Inactive(anon):      448 kB
Node 0 Active(file):      35532 kB
Node 0 Inactive(file):    92160 kB
Node 0 Unevictable:       17628 kB
Node 0 Mlocked:           17628 kB
Node 0 Dirty:               220 kB
Node 0 Writeback:             0 kB
Node 0 FilePages:        135580 kB
Node 0 Mapped:            55140 kB
Node 0 AnonPages:         34384 kB
Node 0 Shmem:               588 kB
Node 0 KernelStack:        2152 kB
Node 0 PageTables:         1120 kB
Node 0 NFS_Unstable:          0 kB
Node 0 Bounce:                0 kB
Node 0 WritebackTmp:          0 kB
Node 0 KReclaimable:      22256 kB
Node 0 Slab:              53776 kB
Node 0 SReclaimable:      22256 kB
Node 0 SUnreclaim:        31520 kB
Node 0 AnonHugePages:         0 kB
Node 0 ShmemHugePages:        0 kB
Node 0 ShmemPmdMapped:        0 kB
Node 0 FileHugePages:        0 kB
Node 0 FilePmdMapped:        0 kB
Node 0 HugePages_Total:     0
Node 0 HugePages_Free:      0
Node 0 HugePages_Surp:      0

Node 1 MemTotal:       24661580 kB
Node 1 MemFree:        24441056 kB
Node 1 MemUsed:          220524 kB
Node 1 Active:            48632 kB
Node 1 Inactive:          30652 kB
Node 1 Active(anon):      14648 kB
Node 1 Inactive(anon):      444 kB
Node 1 Active(file):      33984 kB
Node 1 Inactive(file):    30208 kB
Node 1 Unevictable:         892 kB
Node 1 Mlocked:             892 kB
Node 1 Dirty:                64 kB
Node 1 Writeback:             0 kB
Node 1 FilePages:         65764 kB
Node 1 Mapped:            24452 kB
Node 1 AnonPages:         14484 kB
Node 1 Shmem:               680 kB
Node 1 KernelStack:        1624 kB
Node 1 PageTables:          464 kB
Node 1 NFS_Unstable:          0 kB
Node 1 Bounce:                0 kB
Node 1 WritebackTmp:          0 kB
Node 1 KReclaimable:      20320 kB
Node 1 Slab:              56044 kB
Node 1 SReclaimable:      20320 kB
Node 1 SUnreclaim:        35724 kB
Node 1 AnonHugePages:         0 kB
Node 1 ShmemHugePages:        0 kB
Node 1 ShmemPmdMapped:        0 kB
Node 1 FileHugePages:        0 kB
Node 1 FilePmdMapped:        0 kB
Node 1 HugePages_Total:     0
Node 1 HugePages_Free:      0
Node 1 HugePages_Surp:      0

Import tank ZPool
Node 0 MemTotal:       24768352 kB
Node 0 MemFree:        24316684 kB
Node 0 MemUsed:          451668 kB
Node 0 Active:            60736 kB
Node 0 Inactive:          93724 kB
Node 0 Active(anon):      24552 kB
Node 0 Inactive(anon):      452 kB
Node 0 Active(file):      36184 kB
Node 0 Inactive(file):    93272 kB
Node 0 Unevictable:       17628 kB
Node 0 Mlocked:           17628 kB
Node 0 Dirty:               260 kB
Node 0 Writeback:             0 kB
Node 0 FilePages:        137056 kB
Node 0 Mapped:            55216 kB
Node 0 AnonPages:         34800 kB
Node 0 Shmem:               588 kB
Node 0 KernelStack:        2168 kB
Node 0 PageTables:         1188 kB
Node 0 NFS_Unstable:          0 kB
Node 0 Bounce:                0 kB
Node 0 WritebackTmp:          0 kB
Node 0 KReclaimable:      22372 kB
Node 0 Slab:              58796 kB
Node 0 SReclaimable:      22372 kB
Node 0 SUnreclaim:        36424 kB
Node 0 AnonHugePages:         0 kB
Node 0 ShmemHugePages:        0 kB
Node 0 ShmemPmdMapped:        0 kB
Node 0 FileHugePages:        0 kB
Node 0 FilePmdMapped:        0 kB
Node 0 HugePages_Total:     0
Node 0 HugePages_Free:      0
Node 0 HugePages_Surp:      0

Node 1 MemTotal:       24661580 kB
Node 1 MemFree:        24430648 kB
Node 1 MemUsed:          230932 kB
Node 1 Active:            48688 kB
Node 1 Inactive:          30656 kB
Node 1 Active(anon):      14704 kB
Node 1 Inactive(anon):      444 kB
Node 1 Active(file):      33984 kB
Node 1 Inactive(file):    30212 kB
Node 1 Unevictable:         892 kB
Node 1 Mlocked:             892 kB
Node 1 Dirty:                72 kB
Node 1 Writeback:             0 kB
Node 1 FilePages:         65768 kB
Node 1 Mapped:            24384 kB
Node 1 AnonPages:         14484 kB
Node 1 Shmem:               680 kB
Node 1 KernelStack:        2744 kB
Node 1 PageTables:          464 kB
Node 1 NFS_Unstable:          0 kB
Node 1 Bounce:                0 kB
Node 1 WritebackTmp:          0 kB
Node 1 KReclaimable:      20336 kB
Node 1 Slab:              58604 kB
Node 1 SReclaimable:      20336 kB
Node 1 SUnreclaim:        38268 kB
Node 1 AnonHugePages:         0 kB
Node 1 ShmemHugePages:        0 kB
Node 1 ShmemPmdMapped:        0 kB
Node 1 FileHugePages:        0 kB
Node 1 FilePmdMapped:        0 kB
Node 1 HugePages_Total:     0
Node 1 HugePages_Free:      0
Node 1 HugePages_Surp:      0

After Test
Node 0 MemTotal:       24768352 kB
Node 0 MemFree:        24312524 kB
Node 0 MemUsed:          455828 kB
Node 0 Active:            60692 kB
Node 0 Inactive:          93500 kB
Node 0 Active(anon):      24340 kB
Node 0 Inactive(anon):      452 kB
Node 0 Active(file):      36352 kB
Node 0 Inactive(file):    93048 kB
Node 0 Unevictable:       17628 kB
Node 0 Mlocked:           17628 kB
Node 0 Dirty:               260 kB
Node 0 Writeback:             0 kB
Node 0 FilePages:        137288 kB
Node 0 Mapped:            55140 kB
Node 0 AnonPages:         34528 kB
Node 0 Shmem:               588 kB
Node 0 KernelStack:        2136 kB
Node 0 PageTables:         1092 kB
Node 0 NFS_Unstable:          0 kB
Node 0 Bounce:                0 kB
Node 0 WritebackTmp:          0 kB
Node 0 KReclaimable:      22372 kB
Node 0 Slab:              58840 kB
Node 0 SReclaimable:      22372 kB
Node 0 SUnreclaim:        36468 kB
Node 0 AnonHugePages:         0 kB
Node 0 ShmemHugePages:        0 kB
Node 0 ShmemPmdMapped:        0 kB
Node 0 FileHugePages:        0 kB
Node 0 FilePmdMapped:        0 kB
Node 0 HugePages_Total:     0
Node 0 HugePages_Free:      0
Node 0 HugePages_Surp:      0

Node 1 MemTotal:       24661580 kB
Node 1 MemFree:        24424156 kB
Node 1 MemUsed:          237424 kB
Node 1 Active:            49820 kB
Node 1 Inactive:          31784 kB
Node 1 Active(anon):      14868 kB
Node 1 Inactive(anon):      468 kB
Node 1 Active(file):      34952 kB
Node 1 Inactive(file):    31316 kB
Node 1 Unevictable:         892 kB
Node 1 Mlocked:             892 kB
Node 1 Dirty:                80 kB
Node 1 Writeback:             0 kB
Node 1 FilePages:         67884 kB
Node 1 Mapped:            24296 kB
Node 1 AnonPages:         14528 kB
Node 1 Shmem:               724 kB
Node 1 KernelStack:        2776 kB
Node 1 PageTables:          572 kB
Node 1 NFS_Unstable:          0 kB
Node 1 Bounce:                0 kB
Node 1 WritebackTmp:          0 kB
Node 1 KReclaimable:      21648 kB
Node 1 Slab:              60236 kB
Node 1 SReclaimable:      21648 kB
Node 1 SUnreclaim:        38588 kB
Node 1 AnonHugePages:         0 kB
Node 1 ShmemHugePages:        0 kB
Node 1 ShmemPmdMapped:        0 kB
Node 1 FileHugePages:        0 kB
Node 1 FilePmdMapped:        0 kB
Node 1 HugePages_Total:     0
Node 1 HugePages_Free:      0
Node 1 HugePages_Surp:      0

After Opposite Node
Node 0 MemTotal:       24768352 kB
Node 0 MemFree:        24311220 kB
Node 0 MemUsed:          457132 kB
Node 0 Active:            60888 kB
Node 0 Inactive:          93532 kB
Node 0 Active(anon):      24508 kB
Node 0 Inactive(anon):      488 kB
Node 0 Active(file):      36380 kB
Node 0 Inactive(file):    93044 kB
Node 0 Unevictable:       17628 kB
Node 0 Mlocked:           17628 kB
Node 0 Dirty:               152 kB
Node 0 Writeback:             0 kB
Node 0 FilePages:        137356 kB
Node 0 Mapped:            55184 kB
Node 0 AnonPages:         34620 kB
Node 0 Shmem:               632 kB
Node 0 KernelStack:        2200 kB
Node 0 PageTables:         1256 kB
Node 0 NFS_Unstable:          0 kB
Node 0 Bounce:                0 kB
Node 0 WritebackTmp:          0 kB
Node 0 KReclaimable:      22420 kB
Node 0 Slab:              59092 kB
Node 0 SReclaimable:      22420 kB
Node 0 SUnreclaim:        36672 kB
Node 0 AnonHugePages:         0 kB
Node 0 ShmemHugePages:        0 kB
Node 0 ShmemPmdMapped:        0 kB
Node 0 FileHugePages:        0 kB
Node 0 FilePmdMapped:        0 kB
Node 0 HugePages_Total:     0
Node 0 HugePages_Free:      0
Node 0 HugePages_Surp:      0

Node 1 MemTotal:       24661580 kB
Node 1 MemFree:        24424260 kB
Node 1 MemUsed:          237320 kB
Node 1 Active:            49832 kB
Node 1 Inactive:          31608 kB
Node 1 Active(anon):      14720 kB
Node 1 Inactive(anon):      444 kB
Node 1 Active(file):      35112 kB
Node 1 Inactive(file):    31164 kB
Node 1 Unevictable:         892 kB
Node 1 Mlocked:             892 kB
Node 1 Dirty:                40 kB
Node 1 Writeback:             0 kB
Node 1 FilePages:         67848 kB
Node 1 Mapped:            24484 kB
Node 1 AnonPages:         14484 kB
Node 1 Shmem:               680 kB
Node 1 KernelStack:        2760 kB
Node 1 PageTables:          464 kB
Node 1 NFS_Unstable:          0 kB
Node 1 Bounce:                0 kB
Node 1 WritebackTmp:          0 kB
Node 1 KReclaimable:      21648 kB
Node 1 Slab:              60220 kB
Node 1 SReclaimable:      21648 kB
Node 1 SUnreclaim:        38572 kB
Node 1 AnonHugePages:         0 kB
Node 1 ShmemHugePages:        0 kB
Node 1 ShmemPmdMapped:        0 kB
Node 1 FileHugePages:        0 kB
Node 1 FilePmdMapped:        0 kB
Node 1 HugePages_Total:     0
Node 1 HugePages_Free:      0
Node 1 HugePages_Surp:      0

U.1.fio.1M.3.O Complete!
