U.1.fio.100M.2.O
Begin
Node 0 MemTotal:       24768352 kB
Node 0 MemFree:        24519508 kB
Node 0 MemUsed:          248844 kB
Node 0 Active:            47860 kB
Node 0 Inactive:          48788 kB
Node 0 Active(anon):       9284 kB
Node 0 Inactive(anon):      468 kB
Node 0 Active(file):      38576 kB
Node 0 Inactive(file):    48320 kB
Node 0 Unevictable:       13220 kB
Node 0 Mlocked:           13220 kB
Node 0 Dirty:               440 kB
Node 0 Writeback:             0 kB
Node 0 FilePages:         90472 kB
Node 0 Mapped:            16636 kB
Node 0 AnonPages:         19424 kB
Node 0 Shmem:               676 kB
Node 0 KernelStack:        1800 kB
Node 0 PageTables:          444 kB
Node 0 NFS_Unstable:          0 kB
Node 0 Bounce:                0 kB
Node 0 WritebackTmp:          0 kB
Node 0 KReclaimable:      22880 kB
Node 0 Slab:              54840 kB
Node 0 SReclaimable:      22880 kB
Node 0 SUnreclaim:        31960 kB
Node 0 AnonHugePages:         0 kB
Node 0 ShmemHugePages:        0 kB
Node 0 ShmemPmdMapped:        0 kB
Node 0 FileHugePages:        0 kB
Node 0 FilePmdMapped:        0 kB
Node 0 HugePages_Total:     0
Node 0 HugePages_Free:      0
Node 0 HugePages_Surp:      0

Node 1 MemTotal:       24661580 kB
Node 1 MemFree:        24285696 kB
Node 1 MemUsed:          375884 kB
Node 1 Active:            47820 kB
Node 1 Inactive:          53600 kB
Node 1 Active(anon):      24336 kB
Node 1 Inactive(anon):      412 kB
Node 1 Active(file):      23484 kB
Node 1 Inactive(file):    53188 kB
Node 1 Unevictable:        5304 kB
Node 1 Mlocked:            5304 kB
Node 1 Dirty:               216 kB
Node 1 Writeback:             0 kB
Node 1 FilePages:         82572 kB
Node 1 Mapped:            42036 kB
Node 1 AnonPages:         23992 kB
Node 1 Shmem:               592 kB
Node 1 KernelStack:        1848 kB
Node 1 PageTables:          720 kB
Node 1 NFS_Unstable:          0 kB
Node 1 Bounce:                0 kB
Node 1 WritebackTmp:          0 kB
Node 1 KReclaimable:      19268 kB
Node 1 Slab:              53464 kB
Node 1 SReclaimable:      19268 kB
Node 1 SUnreclaim:        34196 kB
Node 1 AnonHugePages:         0 kB
Node 1 ShmemHugePages:        0 kB
Node 1 ShmemPmdMapped:        0 kB
Node 1 FileHugePages:        0 kB
Node 1 FilePmdMapped:        0 kB
Node 1 HugePages_Total:     0
Node 1 HugePages_Free:      0
Node 1 HugePages_Surp:      0

Load ZFS
Node 0 MemTotal:       24768352 kB
Node 0 MemFree:        24512480 kB
Node 0 MemUsed:          255872 kB
Node 0 Active:            50772 kB
Node 0 Inactive:          49208 kB
Node 0 Active(anon):      11656 kB
Node 0 Inactive(anon):      468 kB
Node 0 Active(file):      39116 kB
Node 0 Inactive(file):    48740 kB
Node 0 Unevictable:       13220 kB
Node 0 Mlocked:           13220 kB
Node 0 Dirty:               440 kB
Node 0 Writeback:             0 kB
Node 0 FilePages:         91420 kB
Node 0 Mapped:            16732 kB
Node 0 AnonPages:         21924 kB
Node 0 Shmem:               676 kB
Node 0 KernelStack:        1832 kB
Node 0 PageTables:          604 kB
Node 0 NFS_Unstable:          0 kB
Node 0 Bounce:                0 kB
Node 0 WritebackTmp:          0 kB
Node 0 KReclaimable:      23376 kB
Node 0 Slab:              56692 kB
Node 0 SReclaimable:      23376 kB
Node 0 SUnreclaim:        33316 kB
Node 0 AnonHugePages:         0 kB
Node 0 ShmemHugePages:        0 kB
Node 0 ShmemPmdMapped:        0 kB
Node 0 FileHugePages:        0 kB
Node 0 FilePmdMapped:        0 kB
Node 0 HugePages_Total:     0
Node 0 HugePages_Free:      0
Node 0 HugePages_Surp:      0

Node 1 MemTotal:       24661580 kB
Node 1 MemFree:        24281112 kB
Node 1 MemUsed:          380468 kB
Node 1 Active:            56372 kB
Node 1 Inactive:          49356 kB
Node 1 Active(anon):      27064 kB
Node 1 Inactive(anon):      412 kB
Node 1 Active(file):      29308 kB
Node 1 Inactive(file):    48944 kB
Node 1 Unevictable:        5304 kB
Node 1 Mlocked:            5304 kB
Node 1 Dirty:               240 kB
Node 1 Writeback:             0 kB
Node 1 FilePages:         84148 kB
Node 1 Mapped:            42004 kB
Node 1 AnonPages:         26832 kB
Node 1 Shmem:               592 kB
Node 1 KernelStack:        1912 kB
Node 1 PageTables:          824 kB
Node 1 NFS_Unstable:          0 kB
Node 1 Bounce:                0 kB
Node 1 WritebackTmp:          0 kB
Node 1 KReclaimable:      19712 kB
Node 1 Slab:              54904 kB
Node 1 SReclaimable:      19712 kB
Node 1 SUnreclaim:        35192 kB
Node 1 AnonHugePages:         0 kB
Node 1 ShmemHugePages:        0 kB
Node 1 ShmemPmdMapped:        0 kB
Node 1 FileHugePages:        0 kB
Node 1 FilePmdMapped:        0 kB
Node 1 HugePages_Total:     0
Node 1 HugePages_Free:      0
Node 1 HugePages_Surp:      0

Import tank ZPool
Node 0 MemTotal:       24768352 kB
Node 0 MemFree:        24513804 kB
Node 0 MemUsed:          254548 kB
Node 0 Active:            48408 kB
Node 0 Inactive:          49208 kB
Node 0 Active(anon):       9256 kB
Node 0 Inactive(anon):      468 kB
Node 0 Active(file):      39152 kB
Node 0 Inactive(file):    48740 kB
Node 0 Unevictable:       13220 kB
Node 0 Mlocked:           13220 kB
Node 0 Dirty:               224 kB
Node 0 Writeback:             0 kB
Node 0 FilePages:         91468 kB
Node 0 Mapped:            16676 kB
Node 0 AnonPages:         19592 kB
Node 0 Shmem:               672 kB
Node 0 KernelStack:        1800 kB
Node 0 PageTables:          476 kB
Node 0 NFS_Unstable:          0 kB
Node 0 Bounce:                0 kB
Node 0 WritebackTmp:          0 kB
Node 0 KReclaimable:      23380 kB
Node 0 Slab:              56664 kB
Node 0 SReclaimable:      23380 kB
Node 0 SUnreclaim:        33284 kB
Node 0 AnonHugePages:         0 kB
Node 0 ShmemHugePages:        0 kB
Node 0 ShmemPmdMapped:        0 kB
Node 0 FileHugePages:        0 kB
Node 0 FilePmdMapped:        0 kB
Node 0 HugePages_Total:     0
Node 0 HugePages_Free:      0
Node 0 HugePages_Surp:      0

Node 1 MemTotal:       24661580 kB
Node 1 MemFree:        24265712 kB
Node 1 MemUsed:          395868 kB
Node 1 Active:            53920 kB
Node 1 Inactive:          50444 kB
Node 1 Active(anon):      24176 kB
Node 1 Inactive(anon):      416 kB
Node 1 Active(file):      29744 kB
Node 1 Inactive(file):    50028 kB
Node 1 Unevictable:        5304 kB
Node 1 Mlocked:            5304 kB
Node 1 Dirty:               296 kB
Node 1 Writeback:             0 kB
Node 1 FilePages:         85676 kB
Node 1 Mapped:            42192 kB
Node 1 AnonPages:         23680 kB
Node 1 Shmem:               596 kB
Node 1 KernelStack:        3000 kB
Node 1 PageTables:          848 kB
Node 1 NFS_Unstable:          0 kB
Node 1 Bounce:                0 kB
Node 1 WritebackTmp:          0 kB
Node 1 KReclaimable:      19820 kB
Node 1 Slab:              61368 kB
Node 1 SReclaimable:      19820 kB
Node 1 SUnreclaim:        41548 kB
Node 1 AnonHugePages:         0 kB
Node 1 ShmemHugePages:        0 kB
Node 1 ShmemPmdMapped:        0 kB
Node 1 FileHugePages:        0 kB
Node 1 FilePmdMapped:        0 kB
Node 1 HugePages_Total:     0
Node 1 HugePages_Free:      0
Node 1 HugePages_Surp:      0

After Test
Node 0 MemTotal:       24768352 kB
Node 0 MemFree:        24513968 kB
Node 0 MemUsed:          254384 kB
Node 0 Active:            48516 kB
Node 0 Inactive:          49168 kB
Node 0 Active(anon):       9308 kB
Node 0 Inactive(anon):      468 kB
Node 0 Active(file):      39208 kB
Node 0 Inactive(file):    48700 kB
Node 0 Unevictable:       13220 kB
Node 0 Mlocked:           13220 kB
Node 0 Dirty:               116 kB
Node 0 Writeback:             0 kB
Node 0 FilePages:         91468 kB
Node 0 Mapped:            16576 kB
Node 0 AnonPages:         19432 kB
Node 0 Shmem:               672 kB
Node 0 KernelStack:        1800 kB
Node 0 PageTables:          444 kB
Node 0 NFS_Unstable:          0 kB
Node 0 Bounce:                0 kB
Node 0 WritebackTmp:          0 kB
Node 0 KReclaimable:      23380 kB
Node 0 Slab:              56768 kB
Node 0 SReclaimable:      23380 kB
Node 0 SUnreclaim:        33388 kB
Node 0 AnonHugePages:         0 kB
Node 0 ShmemHugePages:        0 kB
Node 0 ShmemPmdMapped:        0 kB
Node 0 FileHugePages:        0 kB
Node 0 FilePmdMapped:        0 kB
Node 0 HugePages_Total:     0
Node 0 HugePages_Free:      0
Node 0 HugePages_Surp:      0

Node 1 MemTotal:       24661580 kB
Node 1 MemFree:        24048544 kB
Node 1 MemUsed:          613036 kB
Node 1 Active:            55012 kB
Node 1 Inactive:          51384 kB
Node 1 Active(anon):      23952 kB
Node 1 Inactive(anon):      440 kB
Node 1 Active(file):      31060 kB
Node 1 Inactive(file):    50944 kB
Node 1 Unevictable:        5304 kB
Node 1 Mlocked:            5304 kB
Node 1 Dirty:               304 kB
Node 1 Writeback:             0 kB
Node 1 FilePages:         87948 kB
Node 1 Mapped:            42264 kB
Node 1 AnonPages:         23668 kB
Node 1 Shmem:               640 kB
Node 1 KernelStack:        3016 kB
Node 1 PageTables:          780 kB
Node 1 NFS_Unstable:          0 kB
Node 1 Bounce:                0 kB
Node 1 WritebackTmp:          0 kB
Node 1 KReclaimable:      21116 kB
Node 1 Slab:              64456 kB
Node 1 SReclaimable:      21116 kB
Node 1 SUnreclaim:        43340 kB
Node 1 AnonHugePages:         0 kB
Node 1 ShmemHugePages:        0 kB
Node 1 ShmemPmdMapped:        0 kB
Node 1 FileHugePages:        0 kB
Node 1 FilePmdMapped:        0 kB
Node 1 HugePages_Total:     0
Node 1 HugePages_Free:      0
Node 1 HugePages_Surp:      0

After Opposite Node
Node 0 MemTotal:       24768352 kB
Node 0 MemFree:        24512868 kB
Node 0 MemUsed:          255484 kB
Node 0 Active:            48700 kB
Node 0 Inactive:          49204 kB
Node 0 Active(anon):       9488 kB
Node 0 Inactive(anon):      496 kB
Node 0 Active(file):      39212 kB
Node 0 Inactive(file):    48708 kB
Node 0 Unevictable:       13220 kB
Node 0 Mlocked:           13220 kB
Node 0 Dirty:               124 kB
Node 0 Writeback:             0 kB
Node 0 FilePages:         91524 kB
Node 0 Mapped:            16620 kB
Node 0 AnonPages:         19548 kB
Node 0 Shmem:               716 kB
Node 0 KernelStack:        1816 kB
Node 0 PageTables:          612 kB
Node 0 NFS_Unstable:          0 kB
Node 0 Bounce:                0 kB
Node 0 WritebackTmp:          0 kB
Node 0 KReclaimable:      23416 kB
Node 0 Slab:              57048 kB
Node 0 SReclaimable:      23416 kB
Node 0 SUnreclaim:        33632 kB
Node 0 AnonHugePages:         0 kB
Node 0 ShmemHugePages:        0 kB
Node 0 ShmemPmdMapped:        0 kB
Node 0 FileHugePages:        0 kB
Node 0 FilePmdMapped:        0 kB
Node 0 HugePages_Total:     0
Node 0 HugePages_Free:      0
Node 0 HugePages_Surp:      0

Node 1 MemTotal:       24661580 kB
Node 1 MemFree:        24048992 kB
Node 1 MemUsed:          612588 kB
Node 1 Active:            55056 kB
Node 1 Inactive:          51192 kB
Node 1 Active(anon):      23808 kB
Node 1 Inactive(anon):      416 kB
Node 1 Active(file):      31248 kB
Node 1 Inactive(file):    50776 kB
Node 1 Unevictable:        5304 kB
Node 1 Mlocked:            5304 kB
Node 1 Dirty:               324 kB
Node 1 Writeback:             0 kB
Node 1 FilePages:         87924 kB
Node 1 Mapped:            42232 kB
Node 1 AnonPages:         23628 kB
Node 1 Shmem:               596 kB
Node 1 KernelStack:        2968 kB
Node 1 PageTables:          668 kB
Node 1 NFS_Unstable:          0 kB
Node 1 Bounce:                0 kB
Node 1 WritebackTmp:          0 kB
Node 1 KReclaimable:      21160 kB
Node 1 Slab:              64608 kB
Node 1 SReclaimable:      21160 kB
Node 1 SUnreclaim:        43448 kB
Node 1 AnonHugePages:         0 kB
Node 1 ShmemHugePages:        0 kB
Node 1 ShmemPmdMapped:        0 kB
Node 1 FileHugePages:        0 kB
Node 1 FilePmdMapped:        0 kB
Node 1 HugePages_Total:     0
Node 1 HugePages_Free:      0
Node 1 HugePages_Surp:      0

U.1.fio.100M.2.O Complete!
