U.1.fio.512K.1.O
Begin
Node 0 MemTotal:       24743736 kB
Node 0 MemFree:        24491200 kB
Node 0 MemUsed:          252536 kB
Node 0 Active:            49412 kB
Node 0 Inactive:          64680 kB
Node 0 Active(anon):      10692 kB
Node 0 Inactive(anon):      368 kB
Node 0 Active(file):      38720 kB
Node 0 Inactive(file):    64312 kB
Node 0 Unevictable:        1248 kB
Node 0 Mlocked:            1248 kB
Node 0 Dirty:               312 kB
Node 0 Writeback:             0 kB
Node 0 FilePages:        104860 kB
Node 0 Mapped:            29184 kB
Node 0 AnonPages:         10480 kB
Node 0 Shmem:               580 kB
Node 0 KernelStack:        2184 kB
Node 0 PageTables:          624 kB
Node 0 NFS_Unstable:          0 kB
Node 0 Bounce:                0 kB
Node 0 WritebackTmp:          0 kB
Node 0 KReclaimable:      23172 kB
Node 0 Slab:              57664 kB
Node 0 SReclaimable:      23172 kB
Node 0 SUnreclaim:        34492 kB
Node 0 AnonHugePages:         0 kB
Node 0 ShmemHugePages:        0 kB
Node 0 ShmemPmdMapped:        0 kB
Node 0 FileHugePages:        0 kB
Node 0 FilePmdMapped:        0 kB
Node 0 HugePages_Total:     0
Node 0 HugePages_Free:      0
Node 0 HugePages_Surp:      0

Node 1 MemTotal:       24686196 kB
Node 1 MemFree:        24246036 kB
Node 1 MemUsed:          440160 kB
Node 1 Active:            48356 kB
Node 1 Inactive:         102272 kB
Node 1 Active(anon):      22772 kB
Node 1 Inactive(anon):      512 kB
Node 1 Active(file):      25584 kB
Node 1 Inactive(file):   101760 kB
Node 1 Unevictable:       17276 kB
Node 1 Mlocked:           17276 kB
Node 1 Dirty:               100 kB
Node 1 Writeback:             0 kB
Node 1 FilePages:        135056 kB
Node 1 Mapped:            81664 kB
Node 1 AnonPages:         32944 kB
Node 1 Shmem:               688 kB
Node 1 KernelStack:        1384 kB
Node 1 PageTables:          680 kB
Node 1 NFS_Unstable:          0 kB
Node 1 Bounce:                0 kB
Node 1 WritebackTmp:          0 kB
Node 1 KReclaimable:      19376 kB
Node 1 Slab:              51196 kB
Node 1 SReclaimable:      19376 kB
Node 1 SUnreclaim:        31820 kB
Node 1 AnonHugePages:         0 kB
Node 1 ShmemHugePages:        0 kB
Node 1 ShmemPmdMapped:        0 kB
Node 1 FileHugePages:        0 kB
Node 1 FilePmdMapped:        0 kB
Node 1 HugePages_Total:     0
Node 1 HugePages_Free:      0
Node 1 HugePages_Surp:      0

Load ZFS
Node 0 MemTotal:       24743736 kB
Node 0 MemFree:        24481364 kB
Node 0 MemUsed:          262372 kB
Node 0 Active:            56244 kB
Node 0 Inactive:          65128 kB
Node 0 Active(anon):      16696 kB
Node 0 Inactive(anon):      368 kB
Node 0 Active(file):      39548 kB
Node 0 Inactive(file):    64760 kB
Node 0 Unevictable:        1248 kB
Node 0 Mlocked:            1248 kB
Node 0 Dirty:               156 kB
Node 0 Writeback:             0 kB
Node 0 FilePages:        106136 kB
Node 0 Mapped:            29184 kB
Node 0 AnonPages:         16620 kB
Node 0 Shmem:               580 kB
Node 0 KernelStack:        2360 kB
Node 0 PageTables:         1072 kB
Node 0 NFS_Unstable:          0 kB
Node 0 Bounce:                0 kB
Node 0 WritebackTmp:          0 kB
Node 0 KReclaimable:      23736 kB
Node 0 Slab:              59800 kB
Node 0 SReclaimable:      23736 kB
Node 0 SUnreclaim:        36064 kB
Node 0 AnonHugePages:         0 kB
Node 0 ShmemHugePages:        0 kB
Node 0 ShmemPmdMapped:        0 kB
Node 0 FileHugePages:        0 kB
Node 0 FilePmdMapped:        0 kB
Node 0 HugePages_Total:     0
Node 0 HugePages_Free:      0
Node 0 HugePages_Surp:      0

Node 1 MemTotal:       24686196 kB
Node 1 MemFree:        24242584 kB
Node 1 MemUsed:          443612 kB
Node 1 Active:            55648 kB
Node 1 Inactive:          97700 kB
Node 1 Active(anon):      24132 kB
Node 1 Inactive(anon):      512 kB
Node 1 Active(file):      31516 kB
Node 1 Inactive(file):    97188 kB
Node 1 Unevictable:       17276 kB
Node 1 Mlocked:           17276 kB
Node 1 Dirty:               136 kB
Node 1 Writeback:             0 kB
Node 1 FilePages:        136340 kB
Node 1 Mapped:            81900 kB
Node 1 AnonPages:         34216 kB
Node 1 Shmem:               688 kB
Node 1 KernelStack:        1448 kB
Node 1 PageTables:          780 kB
Node 1 NFS_Unstable:          0 kB
Node 1 Bounce:                0 kB
Node 1 WritebackTmp:          0 kB
Node 1 KReclaimable:      19772 kB
Node 1 Slab:              52996 kB
Node 1 SReclaimable:      19772 kB
Node 1 SUnreclaim:        33224 kB
Node 1 AnonHugePages:         0 kB
Node 1 ShmemHugePages:        0 kB
Node 1 ShmemPmdMapped:        0 kB
Node 1 FileHugePages:        0 kB
Node 1 FilePmdMapped:        0 kB
Node 1 HugePages_Total:     0
Node 1 HugePages_Free:      0
Node 1 HugePages_Surp:      0

Import tank ZPool
Node 0 MemTotal:       24743736 kB
Node 0 MemFree:        24468176 kB
Node 0 MemUsed:          275560 kB
Node 0 Active:            49940 kB
Node 0 Inactive:          65128 kB
Node 0 Active(anon):      10380 kB
Node 0 Inactive(anon):      368 kB
Node 0 Active(file):      39560 kB
Node 0 Inactive(file):    64760 kB
Node 0 Unevictable:        1248 kB
Node 0 Mlocked:            1248 kB
Node 0 Dirty:               164 kB
Node 0 Writeback:             0 kB
Node 0 FilePages:        106148 kB
Node 0 Mapped:            29192 kB
Node 0 AnonPages:         10228 kB
Node 0 Shmem:               580 kB
Node 0 KernelStack:        3288 kB
Node 0 PageTables:          784 kB
Node 0 NFS_Unstable:          0 kB
Node 0 Bounce:                0 kB
Node 0 WritebackTmp:          0 kB
Node 0 KReclaimable:      23736 kB
Node 0 Slab:              62340 kB
Node 0 SReclaimable:      23736 kB
Node 0 SUnreclaim:        38604 kB
Node 0 AnonHugePages:         0 kB
Node 0 ShmemHugePages:        0 kB
Node 0 ShmemPmdMapped:        0 kB
Node 0 FileHugePages:        0 kB
Node 0 FilePmdMapped:        0 kB
Node 0 HugePages_Total:     0
Node 0 HugePages_Free:      0
Node 0 HugePages_Surp:      0

Node 1 MemTotal:       24686196 kB
Node 1 MemFree:        24235204 kB
Node 1 MemUsed:          450992 kB
Node 1 Active:            55640 kB
Node 1 Inactive:          98848 kB
Node 1 Active(anon):      23708 kB
Node 1 Inactive(anon):      516 kB
Node 1 Active(file):      31932 kB
Node 1 Inactive(file):    98332 kB
Node 1 Unevictable:       17276 kB
Node 1 Mlocked:           17276 kB
Node 1 Dirty:                68 kB
Node 1 Writeback:             0 kB
Node 1 FilePages:        137896 kB
Node 1 Mapped:            81892 kB
Node 1 AnonPages:         33292 kB
Node 1 Shmem:               688 kB
Node 1 KernelStack:        1512 kB
Node 1 PageTables:          792 kB
Node 1 NFS_Unstable:          0 kB
Node 1 Bounce:                0 kB
Node 1 WritebackTmp:          0 kB
Node 1 KReclaimable:      19880 kB
Node 1 Slab:              57992 kB
Node 1 SReclaimable:      19880 kB
Node 1 SUnreclaim:        38112 kB
Node 1 AnonHugePages:         0 kB
Node 1 ShmemHugePages:        0 kB
Node 1 ShmemPmdMapped:        0 kB
Node 1 FileHugePages:        0 kB
Node 1 FilePmdMapped:        0 kB
Node 1 HugePages_Total:     0
Node 1 HugePages_Free:      0
Node 1 HugePages_Surp:      0

After Test
Node 0 MemTotal:       24743736 kB
Node 0 MemFree:        24466680 kB
Node 0 MemUsed:          277056 kB
Node 0 Active:            49940 kB
Node 0 Inactive:          65128 kB
Node 0 Active(anon):      10380 kB
Node 0 Inactive(anon):      368 kB
Node 0 Active(file):      39560 kB
Node 0 Inactive(file):    64760 kB
Node 0 Unevictable:        1248 kB
Node 0 Mlocked:            1248 kB
Node 0 Dirty:               164 kB
Node 0 Writeback:             0 kB
Node 0 FilePages:        106148 kB
Node 0 Mapped:            29184 kB
Node 0 AnonPages:         10228 kB
Node 0 Shmem:               580 kB
Node 0 KernelStack:        3304 kB
Node 0 PageTables:          784 kB
Node 0 NFS_Unstable:          0 kB
Node 0 Bounce:                0 kB
Node 0 WritebackTmp:          0 kB
Node 0 KReclaimable:      23736 kB
Node 0 Slab:              62372 kB
Node 0 SReclaimable:      23736 kB
Node 0 SUnreclaim:        38636 kB
Node 0 AnonHugePages:         0 kB
Node 0 ShmemHugePages:        0 kB
Node 0 ShmemPmdMapped:        0 kB
Node 0 FileHugePages:        0 kB
Node 0 FilePmdMapped:        0 kB
Node 0 HugePages_Total:     0
Node 0 HugePages_Free:      0
Node 0 HugePages_Surp:      0

Node 1 MemTotal:       24686196 kB
Node 1 MemFree:        24230400 kB
Node 1 MemUsed:          455796 kB
Node 1 Active:            56624 kB
Node 1 Inactive:          99952 kB
Node 1 Active(anon):      23476 kB
Node 1 Inactive(anon):      780 kB
Node 1 Active(file):      33148 kB
Node 1 Inactive(file):    99172 kB
Node 1 Unevictable:       17276 kB
Node 1 Mlocked:           17276 kB
Node 1 Dirty:                76 kB
Node 1 Writeback:             0 kB
Node 1 FilePages:        140208 kB
Node 1 Mapped:            81756 kB
Node 1 AnonPages:         33552 kB
Node 1 Shmem:               952 kB
Node 1 KernelStack:        1504 kB
Node 1 PageTables:          724 kB
Node 1 NFS_Unstable:          0 kB
Node 1 Bounce:                0 kB
Node 1 WritebackTmp:          0 kB
Node 1 KReclaimable:      21144 kB
Node 1 Slab:              59684 kB
Node 1 SReclaimable:      21144 kB
Node 1 SUnreclaim:        38540 kB
Node 1 AnonHugePages:         0 kB
Node 1 ShmemHugePages:        0 kB
Node 1 ShmemPmdMapped:        0 kB
Node 1 FileHugePages:        0 kB
Node 1 FilePmdMapped:        0 kB
Node 1 HugePages_Total:     0
Node 1 HugePages_Free:      0
Node 1 HugePages_Surp:      0

After Opposite Node
Node 0 MemTotal:       24743736 kB
Node 0 MemFree:        24466344 kB
Node 0 MemUsed:          277392 kB
Node 0 Active:            49560 kB
Node 0 Inactive:          65164 kB
Node 0 Active(anon):       9996 kB
Node 0 Inactive(anon):      396 kB
Node 0 Active(file):      39564 kB
Node 0 Inactive(file):    64768 kB
Node 0 Unevictable:        1248 kB
Node 0 Mlocked:            1248 kB
Node 0 Dirty:               172 kB
Node 0 Writeback:             0 kB
Node 0 FilePages:        106204 kB
Node 0 Mapped:            29228 kB
Node 0 AnonPages:          9668 kB
Node 0 Shmem:               624 kB
Node 0 KernelStack:        3288 kB
Node 0 PageTables:          740 kB
Node 0 NFS_Unstable:          0 kB
Node 0 Bounce:                0 kB
Node 0 WritebackTmp:          0 kB
Node 0 KReclaimable:      23772 kB
Node 0 Slab:              62628 kB
Node 0 SReclaimable:      23772 kB
Node 0 SUnreclaim:        38856 kB
Node 0 AnonHugePages:         0 kB
Node 0 ShmemHugePages:        0 kB
Node 0 ShmemPmdMapped:        0 kB
Node 0 FileHugePages:        0 kB
Node 0 FilePmdMapped:        0 kB
Node 0 HugePages_Total:     0
Node 0 HugePages_Free:      0
Node 0 HugePages_Surp:      0

Node 1 MemTotal:       24686196 kB
Node 1 MemFree:        24230252 kB
Node 1 MemUsed:          455944 kB
Node 1 Active:            56636 kB
Node 1 Inactive:          99544 kB
Node 1 Active(anon):      23280 kB
Node 1 Inactive(anon):      516 kB
Node 1 Active(file):      33356 kB
Node 1 Inactive(file):    99028 kB
Node 1 Unevictable:       17276 kB
Node 1 Mlocked:           17276 kB
Node 1 Dirty:                96 kB
Node 1 Writeback:             0 kB
Node 1 FilePages:        140016 kB
Node 1 Mapped:            81944 kB
Node 1 AnonPages:         33436 kB
Node 1 Shmem:               688 kB
Node 1 KernelStack:        1432 kB
Node 1 PageTables:          756 kB
Node 1 NFS_Unstable:          0 kB
Node 1 Bounce:                0 kB
Node 1 WritebackTmp:          0 kB
Node 1 KReclaimable:      21200 kB
Node 1 Slab:              59724 kB
Node 1 SReclaimable:      21200 kB
Node 1 SUnreclaim:        38524 kB
Node 1 AnonHugePages:         0 kB
Node 1 ShmemHugePages:        0 kB
Node 1 ShmemPmdMapped:        0 kB
Node 1 FileHugePages:        0 kB
Node 1 FilePmdMapped:        0 kB
Node 1 HugePages_Total:     0
Node 1 HugePages_Free:      0
Node 1 HugePages_Surp:      0

U.1.fio.512K.1.O Complete!
