U.1.fio.1M.1.O
Begin
Node 0 MemTotal:       24768356 kB
Node 0 MemFree:        24363904 kB
Node 0 MemUsed:          404452 kB
Node 0 Active:            35956 kB
Node 0 Inactive:          72552 kB
Node 0 Active(anon):      13208 kB
Node 0 Inactive(anon):      548 kB
Node 0 Active(file):      22748 kB
Node 0 Inactive(file):    72004 kB
Node 0 Unevictable:        5148 kB
Node 0 Mlocked:            5148 kB
Node 0 Dirty:               408 kB
Node 0 Writeback:             0 kB
Node 0 FilePages:        100692 kB
Node 0 Mapped:            41564 kB
Node 0 AnonPages:         13000 kB
Node 0 Shmem:               768 kB
Node 0 KernelStack:        2120 kB
Node 0 PageTables:          492 kB
Node 0 NFS_Unstable:          0 kB
Node 0 Bounce:                0 kB
Node 0 WritebackTmp:          0 kB
Node 0 KReclaimable:      24708 kB
Node 0 Slab:              65448 kB
Node 0 SReclaimable:      24708 kB
Node 0 SUnreclaim:        40740 kB
Node 0 AnonHugePages:         0 kB
Node 0 ShmemHugePages:        0 kB
Node 0 ShmemPmdMapped:        0 kB
Node 0 FileHugePages:        0 kB
Node 0 FilePmdMapped:        0 kB
Node 0 HugePages_Total:     0
Node 0 HugePages_Free:      0
Node 0 HugePages_Surp:      0

Node 1 MemTotal:       24661580 kB
Node 1 MemFree:        24435596 kB
Node 1 MemUsed:          225984 kB
Node 1 Active:            58936 kB
Node 1 Inactive:          33576 kB
Node 1 Active(anon):      20624 kB
Node 1 Inactive(anon):      328 kB
Node 1 Active(file):      38312 kB
Node 1 Inactive(file):    33248 kB
Node 1 Unevictable:       13372 kB
Node 1 Mlocked:           13372 kB
Node 1 Dirty:               116 kB
Node 1 Writeback:             0 kB
Node 1 FilePages:         75108 kB
Node 1 Mapped:            18880 kB
Node 1 AnonPages:         30840 kB
Node 1 Shmem:               500 kB
Node 1 KernelStack:        1432 kB
Node 1 PageTables:          596 kB
Node 1 NFS_Unstable:          0 kB
Node 1 Bounce:                0 kB
Node 1 WritebackTmp:          0 kB
Node 1 KReclaimable:      17468 kB
Node 1 Slab:              42140 kB
Node 1 SReclaimable:      17468 kB
Node 1 SUnreclaim:        24672 kB
Node 1 AnonHugePages:         0 kB
Node 1 ShmemHugePages:        0 kB
Node 1 ShmemPmdMapped:        0 kB
Node 1 FileHugePages:        0 kB
Node 1 FilePmdMapped:        0 kB
Node 1 HugePages_Total:     0
Node 1 HugePages_Free:      0
Node 1 HugePages_Surp:      0

Load ZFS
Node 0 MemTotal:       24768356 kB
Node 0 MemFree:        24361764 kB
Node 0 MemUsed:          406592 kB
Node 0 Active:            41832 kB
Node 0 Inactive:          68016 kB
Node 0 Active(anon):      13288 kB
Node 0 Inactive(anon):      548 kB
Node 0 Active(file):      28544 kB
Node 0 Inactive(file):    67468 kB
Node 0 Unevictable:        5148 kB
Node 0 Mlocked:            5148 kB
Node 0 Dirty:               432 kB
Node 0 Writeback:             0 kB
Node 0 FilePages:        101924 kB
Node 0 Mapped:            41592 kB
Node 0 AnonPages:         12984 kB
Node 0 Shmem:               768 kB
Node 0 KernelStack:        2200 kB
Node 0 PageTables:          580 kB
Node 0 NFS_Unstable:          0 kB
Node 0 Bounce:                0 kB
Node 0 WritebackTmp:          0 kB
Node 0 KReclaimable:      25188 kB
Node 0 Slab:              67384 kB
Node 0 SReclaimable:      25188 kB
Node 0 SUnreclaim:        42196 kB
Node 0 AnonHugePages:         0 kB
Node 0 ShmemHugePages:        0 kB
Node 0 ShmemPmdMapped:        0 kB
Node 0 FileHugePages:        0 kB
Node 0 FilePmdMapped:        0 kB
Node 0 HugePages_Total:     0
Node 0 HugePages_Free:      0
Node 0 HugePages_Surp:      0

Node 1 MemTotal:       24661580 kB
Node 1 MemFree:        24427532 kB
Node 1 MemUsed:          234048 kB
Node 1 Active:            65412 kB
Node 1 Inactive:          34228 kB
Node 1 Active(anon):      26456 kB
Node 1 Inactive(anon):      328 kB
Node 1 Active(file):      38956 kB
Node 1 Inactive(file):    33900 kB
Node 1 Unevictable:       13372 kB
Node 1 Mlocked:           13372 kB
Node 1 Dirty:               116 kB
Node 1 Writeback:             0 kB
Node 1 FilePages:         76404 kB
Node 1 Mapped:            19056 kB
Node 1 AnonPages:         36704 kB
Node 1 Shmem:               500 kB
Node 1 KernelStack:        1528 kB
Node 1 PageTables:          916 kB
Node 1 NFS_Unstable:          0 kB
Node 1 Bounce:                0 kB
Node 1 WritebackTmp:          0 kB
Node 1 KReclaimable:      18028 kB
Node 1 Slab:              44320 kB
Node 1 SReclaimable:      18028 kB
Node 1 SUnreclaim:        26292 kB
Node 1 AnonHugePages:         0 kB
Node 1 ShmemHugePages:        0 kB
Node 1 ShmemPmdMapped:        0 kB
Node 1 FileHugePages:        0 kB
Node 1 FilePmdMapped:        0 kB
Node 1 HugePages_Total:     0
Node 1 HugePages_Free:      0
Node 1 HugePages_Surp:      0

Import tank ZPool
Node 0 MemTotal:       24768356 kB
Node 0 MemFree:        24342392 kB
Node 0 MemUsed:          425964 kB
Node 0 Active:            42544 kB
Node 0 Inactive:          69104 kB
Node 0 Active(anon):      13524 kB
Node 0 Inactive(anon):      552 kB
Node 0 Active(file):      29020 kB
Node 0 Inactive(file):    68552 kB
Node 0 Unevictable:        5148 kB
Node 0 Mlocked:            5148 kB
Node 0 Dirty:               244 kB
Node 0 Writeback:             0 kB
Node 0 FilePages:        103488 kB
Node 0 Mapped:            41772 kB
Node 0 AnonPages:         13396 kB
Node 0 Shmem:               768 kB
Node 0 KernelStack:        3288 kB
Node 0 PageTables:          668 kB
Node 0 NFS_Unstable:          0 kB
Node 0 Bounce:                0 kB
Node 0 WritebackTmp:          0 kB
Node 0 KReclaimable:      25292 kB
Node 0 Slab:              73680 kB
Node 0 SReclaimable:      25292 kB
Node 0 SUnreclaim:        48388 kB
Node 0 AnonHugePages:         0 kB
Node 0 ShmemHugePages:        0 kB
Node 0 ShmemPmdMapped:        0 kB
Node 0 FileHugePages:        0 kB
Node 0 FilePmdMapped:        0 kB
Node 0 HugePages_Total:     0
Node 0 HugePages_Free:      0
Node 0 HugePages_Surp:      0

Node 1 MemTotal:       24661580 kB
Node 1 MemFree:        24432684 kB
Node 1 MemUsed:          228896 kB
Node 1 Active:            58888 kB
Node 1 Inactive:          34228 kB
Node 1 Active(anon):      19920 kB
Node 1 Inactive(anon):      328 kB
Node 1 Active(file):      38968 kB
Node 1 Inactive(file):    33900 kB
Node 1 Unevictable:       13372 kB
Node 1 Mlocked:           13372 kB
Node 1 Dirty:               124 kB
Node 1 Writeback:             0 kB
Node 1 FilePages:         76416 kB
Node 1 Mapped:            18928 kB
Node 1 AnonPages:         30072 kB
Node 1 Shmem:               500 kB
Node 1 KernelStack:        1400 kB
Node 1 PageTables:          516 kB
Node 1 NFS_Unstable:          0 kB
Node 1 Bounce:                0 kB
Node 1 WritebackTmp:          0 kB
Node 1 KReclaimable:      18028 kB
Node 1 Slab:              44236 kB
Node 1 SReclaimable:      18028 kB
Node 1 SUnreclaim:        26208 kB
Node 1 AnonHugePages:         0 kB
Node 1 ShmemHugePages:        0 kB
Node 1 ShmemPmdMapped:        0 kB
Node 1 FileHugePages:        0 kB
Node 1 FilePmdMapped:        0 kB
Node 1 HugePages_Total:     0
Node 1 HugePages_Free:      0
Node 1 HugePages_Surp:      0

After Test
Node 0 MemTotal:       24768356 kB
Node 0 MemFree:        24338224 kB
Node 0 MemUsed:          430132 kB
Node 0 Active:            42724 kB
Node 0 Inactive:          68844 kB
Node 0 Active(anon):      13280 kB
Node 0 Inactive(anon):      552 kB
Node 0 Active(file):      29444 kB
Node 0 Inactive(file):    68292 kB
Node 0 Unevictable:        5148 kB
Node 0 Mlocked:            5148 kB
Node 0 Dirty:               244 kB
Node 0 Writeback:             0 kB
Node 0 FilePages:        103648 kB
Node 0 Mapped:            41572 kB
Node 0 AnonPages:         13064 kB
Node 0 Shmem:               768 kB
Node 0 KernelStack:        3256 kB
Node 0 PageTables:          552 kB
Node 0 NFS_Unstable:          0 kB
Node 0 Bounce:                0 kB
Node 0 WritebackTmp:          0 kB
Node 0 KReclaimable:      25292 kB
Node 0 Slab:              73772 kB
Node 0 SReclaimable:      25292 kB
Node 0 SUnreclaim:        48480 kB
Node 0 AnonHugePages:         0 kB
Node 0 ShmemHugePages:        0 kB
Node 0 ShmemPmdMapped:        0 kB
Node 0 FileHugePages:        0 kB
Node 0 FilePmdMapped:        0 kB
Node 0 HugePages_Total:     0
Node 0 HugePages_Free:      0
Node 0 HugePages_Surp:      0

Node 1 MemTotal:       24661580 kB
Node 1 MemFree:        24427064 kB
Node 1 MemUsed:          234516 kB
Node 1 Active:            60152 kB
Node 1 Inactive:          35384 kB
Node 1 Active(anon):      20244 kB
Node 1 Inactive(anon):      356 kB
Node 1 Active(file):      39908 kB
Node 1 Inactive(file):    35028 kB
Node 1 Unevictable:       13372 kB
Node 1 Mlocked:           13372 kB
Node 1 Dirty:               132 kB
Node 1 Writeback:             0 kB
Node 1 FilePages:         78528 kB
Node 1 Mapped:            18900 kB
Node 1 AnonPages:         30328 kB
Node 1 Shmem:               544 kB
Node 1 KernelStack:        1448 kB
Node 1 PageTables:          720 kB
Node 1 NFS_Unstable:          0 kB
Node 1 Bounce:                0 kB
Node 1 WritebackTmp:          0 kB
Node 1 KReclaimable:      19328 kB
Node 1 Slab:              46064 kB
Node 1 SReclaimable:      19328 kB
Node 1 SUnreclaim:        26736 kB
Node 1 AnonHugePages:         0 kB
Node 1 ShmemHugePages:        0 kB
Node 1 ShmemPmdMapped:        0 kB
Node 1 FileHugePages:        0 kB
Node 1 FilePmdMapped:        0 kB
Node 1 HugePages_Total:     0
Node 1 HugePages_Free:      0
Node 1 HugePages_Surp:      0

After Opposite Node
Node 0 MemTotal:       24768356 kB
Node 0 MemFree:        24336584 kB
Node 0 MemUsed:          431772 kB
Node 0 Active:            42916 kB
Node 0 Inactive:          68880 kB
Node 0 Active(anon):      13444 kB
Node 0 Inactive(anon):      592 kB
Node 0 Active(file):      29472 kB
Node 0 Inactive(file):    68288 kB
Node 0 Unevictable:        5148 kB
Node 0 Mlocked:            5148 kB
Node 0 Dirty:               264 kB
Node 0 Writeback:             0 kB
Node 0 FilePages:        103716 kB
Node 0 Mapped:            41616 kB
Node 0 AnonPages:         13152 kB
Node 0 Shmem:               812 kB
Node 0 KernelStack:        3272 kB
Node 0 PageTables:          720 kB
Node 0 NFS_Unstable:          0 kB
Node 0 Bounce:                0 kB
Node 0 WritebackTmp:          0 kB
Node 0 KReclaimable:      25332 kB
Node 0 Slab:              73940 kB
Node 0 SReclaimable:      25332 kB
Node 0 SUnreclaim:        48608 kB
Node 0 AnonHugePages:         0 kB
Node 0 ShmemHugePages:        0 kB
Node 0 ShmemPmdMapped:        0 kB
Node 0 FileHugePages:        0 kB
Node 0 FilePmdMapped:        0 kB
Node 0 HugePages_Total:     0
Node 0 HugePages_Free:      0
Node 0 HugePages_Surp:      0

Node 1 MemTotal:       24661580 kB
Node 1 MemFree:        24427632 kB
Node 1 MemUsed:          233948 kB
Node 1 Active:            60140 kB
Node 1 Inactive:          35200 kB
Node 1 Active(anon):      20068 kB
Node 1 Inactive(anon):      328 kB
Node 1 Active(file):      40072 kB
Node 1 Inactive(file):    34872 kB
Node 1 Unevictable:       13372 kB
Node 1 Mlocked:           13372 kB
Node 1 Dirty:               140 kB
Node 1 Writeback:             0 kB
Node 1 FilePages:         78492 kB
Node 1 Mapped:            19148 kB
Node 1 AnonPages:         30220 kB
Node 1 Shmem:               500 kB
Node 1 KernelStack:        1448 kB
Node 1 PageTables:          556 kB
Node 1 NFS_Unstable:          0 kB
Node 1 Bounce:                0 kB
Node 1 WritebackTmp:          0 kB
Node 1 KReclaimable:      19332 kB
Node 1 Slab:              46052 kB
Node 1 SReclaimable:      19332 kB
Node 1 SUnreclaim:        26720 kB
Node 1 AnonHugePages:         0 kB
Node 1 ShmemHugePages:        0 kB
Node 1 ShmemPmdMapped:        0 kB
Node 1 FileHugePages:        0 kB
Node 1 FilePmdMapped:        0 kB
Node 1 HugePages_Total:     0
Node 1 HugePages_Free:      0
Node 1 HugePages_Surp:      0

U.1.fio.1M.1.O Complete!
