U.1.fio.1-128K.2.O
Begin
Node 0 MemTotal:       24768352 kB
Node 0 MemFree:        24524368 kB
Node 0 MemUsed:          243984 kB
Node 0 Active:            37748 kB
Node 0 Inactive:          51044 kB
Node 0 Active(anon):      12704 kB
Node 0 Inactive(anon):      436 kB
Node 0 Active(file):      25044 kB
Node 0 Inactive(file):    50608 kB
Node 0 Unevictable:       17936 kB
Node 0 Mlocked:           17936 kB
Node 0 Dirty:               156 kB
Node 0 Writeback:             0 kB
Node 0 FilePages:         83944 kB
Node 0 Mapped:            46664 kB
Node 0 AnonPages:         22860 kB
Node 0 Shmem:               688 kB
Node 0 KernelStack:        2248 kB
Node 0 PageTables:          672 kB
Node 0 NFS_Unstable:          0 kB
Node 0 Bounce:                0 kB
Node 0 WritebackTmp:          0 kB
Node 0 KReclaimable:      15504 kB
Node 0 Slab:              54704 kB
Node 0 SReclaimable:      15504 kB
Node 0 SUnreclaim:        39200 kB
Node 0 AnonHugePages:         0 kB
Node 0 ShmemHugePages:        0 kB
Node 0 ShmemPmdMapped:        0 kB
Node 0 FileHugePages:        0 kB
Node 0 FilePmdMapped:        0 kB
Node 0 HugePages_Total:     0
Node 0 HugePages_Free:      0
Node 0 HugePages_Surp:      0

Node 1 MemTotal:       24661580 kB
Node 1 MemFree:        24289220 kB
Node 1 MemUsed:          372360 kB
Node 1 Active:            57524 kB
Node 1 Inactive:          49032 kB
Node 1 Active(anon):      20996 kB
Node 1 Inactive(anon):      432 kB
Node 1 Active(file):      36528 kB
Node 1 Inactive(file):    48600 kB
Node 1 Unevictable:         588 kB
Node 1 Mlocked:             588 kB
Node 1 Dirty:                28 kB
Node 1 Writeback:             0 kB
Node 1 FilePages:         86296 kB
Node 1 Mapped:            10788 kB
Node 1 AnonPages:         20920 kB
Node 1 Shmem:               580 kB
Node 1 KernelStack:        1352 kB
Node 1 PageTables:          468 kB
Node 1 NFS_Unstable:          0 kB
Node 1 Bounce:                0 kB
Node 1 WritebackTmp:          0 kB
Node 1 KReclaimable:      26012 kB
Node 1 Slab:              50620 kB
Node 1 SReclaimable:      26012 kB
Node 1 SUnreclaim:        24608 kB
Node 1 AnonHugePages:         0 kB
Node 1 ShmemHugePages:        0 kB
Node 1 ShmemPmdMapped:        0 kB
Node 1 FileHugePages:        0 kB
Node 1 FilePmdMapped:        0 kB
Node 1 HugePages_Total:     0
Node 1 HugePages_Free:      0
Node 1 HugePages_Surp:      0

Load ZFS
Node 0 MemTotal:       24768352 kB
Node 0 MemFree:        24519436 kB
Node 0 MemUsed:          248916 kB
Node 0 Active:            40452 kB
Node 0 Inactive:          51604 kB
Node 0 Active(anon):      14760 kB
Node 0 Inactive(anon):      440 kB
Node 0 Active(file):      25692 kB
Node 0 Inactive(file):    51164 kB
Node 0 Unevictable:       17936 kB
Node 0 Mlocked:           17936 kB
Node 0 Dirty:               180 kB
Node 0 Writeback:             0 kB
Node 0 FilePages:         85148 kB
Node 0 Mapped:            46824 kB
Node 0 AnonPages:         24984 kB
Node 0 Shmem:               688 kB
Node 0 KernelStack:        2280 kB
Node 0 PageTables:          672 kB
Node 0 NFS_Unstable:          0 kB
Node 0 Bounce:                0 kB
Node 0 WritebackTmp:          0 kB
Node 0 KReclaimable:      15980 kB
Node 0 Slab:              56568 kB
Node 0 SReclaimable:      15980 kB
Node 0 SUnreclaim:        40588 kB
Node 0 AnonHugePages:         0 kB
Node 0 ShmemHugePages:        0 kB
Node 0 ShmemPmdMapped:        0 kB
Node 0 FileHugePages:        0 kB
Node 0 FilePmdMapped:        0 kB
Node 0 HugePages_Total:     0
Node 0 HugePages_Free:      0
Node 0 HugePages_Surp:      0

Node 1 MemTotal:       24661580 kB
Node 1 MemFree:        24279080 kB
Node 1 MemUsed:          382500 kB
Node 1 Active:            67408 kB
Node 1 Inactive:          44576 kB
Node 1 Active(anon):      25108 kB
Node 1 Inactive(anon):      432 kB
Node 1 Active(file):      42300 kB
Node 1 Inactive(file):    44144 kB
Node 1 Unevictable:         588 kB
Node 1 Mlocked:             588 kB
Node 1 Dirty:                32 kB
Node 1 Writeback:             0 kB
Node 1 FilePages:         87612 kB
Node 1 Mapped:            10780 kB
Node 1 AnonPages:         24908 kB
Node 1 Shmem:               580 kB
Node 1 KernelStack:        1512 kB
Node 1 PageTables:          900 kB
Node 1 NFS_Unstable:          0 kB
Node 1 Bounce:                0 kB
Node 1 WritebackTmp:          0 kB
Node 1 KReclaimable:      26384 kB
Node 1 Slab:              52412 kB
Node 1 SReclaimable:      26384 kB
Node 1 SUnreclaim:        26028 kB
Node 1 AnonHugePages:         0 kB
Node 1 ShmemHugePages:        0 kB
Node 1 ShmemPmdMapped:        0 kB
Node 1 FileHugePages:        0 kB
Node 1 FilePmdMapped:        0 kB
Node 1 HugePages_Total:     0
Node 1 HugePages_Free:      0
Node 1 HugePages_Surp:      0

Import tank ZPool
Node 0 MemTotal:       24768352 kB
Node 0 MemFree:        24506656 kB
Node 0 MemUsed:          261696 kB
Node 0 Active:            38812 kB
Node 0 Inactive:          51608 kB
Node 0 Active(anon):      13120 kB
Node 0 Inactive(anon):      440 kB
Node 0 Active(file):      25692 kB
Node 0 Inactive(file):    51168 kB
Node 0 Unevictable:       17936 kB
Node 0 Mlocked:           17936 kB
Node 0 Dirty:               204 kB
Node 0 Writeback:             0 kB
Node 0 FilePages:         85188 kB
Node 0 Mapped:            46836 kB
Node 0 AnonPages:         22832 kB
Node 0 Shmem:               684 kB
Node 0 KernelStack:        3368 kB
Node 0 PageTables:          672 kB
Node 0 NFS_Unstable:          0 kB
Node 0 Bounce:                0 kB
Node 0 WritebackTmp:          0 kB
Node 0 KReclaimable:      15988 kB
Node 0 Slab:              59152 kB
Node 0 SReclaimable:      15988 kB
Node 0 SUnreclaim:        43164 kB
Node 0 AnonHugePages:         0 kB
Node 0 ShmemHugePages:        0 kB
Node 0 ShmemPmdMapped:        0 kB
Node 0 FileHugePages:        0 kB
Node 0 FilePmdMapped:        0 kB
Node 0 HugePages_Total:     0
Node 0 HugePages_Free:      0
Node 0 HugePages_Surp:      0

Node 1 MemTotal:       24661580 kB
Node 1 MemFree:        24272996 kB
Node 1 MemUsed:          388584 kB
Node 1 Active:            65032 kB
Node 1 Inactive:          45672 kB
Node 1 Active(anon):      22380 kB
Node 1 Inactive(anon):      436 kB
Node 1 Active(file):      42652 kB
Node 1 Inactive(file):    45236 kB
Node 1 Unevictable:         588 kB
Node 1 Mlocked:             588 kB
Node 1 Dirty:                44 kB
Node 1 Writeback:             0 kB
Node 1 FilePages:         89064 kB
Node 1 Mapped:            11024 kB
Node 1 AnonPages:         22352 kB
Node 1 Shmem:               584 kB
Node 1 KernelStack:        1528 kB
Node 1 PageTables:          920 kB
Node 1 NFS_Unstable:          0 kB
Node 1 Bounce:                0 kB
Node 1 WritebackTmp:          0 kB
Node 1 KReclaimable:      26540 kB
Node 1 Slab:              57476 kB
Node 1 SReclaimable:      26540 kB
Node 1 SUnreclaim:        30936 kB
Node 1 AnonHugePages:         0 kB
Node 1 ShmemHugePages:        0 kB
Node 1 ShmemPmdMapped:        0 kB
Node 1 FileHugePages:        0 kB
Node 1 FilePmdMapped:        0 kB
Node 1 HugePages_Total:     0
Node 1 HugePages_Free:      0
Node 1 HugePages_Surp:      0

After Test
Node 0 MemTotal:       24768352 kB
Node 0 MemFree:        24506272 kB
Node 0 MemUsed:          262080 kB
Node 0 Active:            37648 kB
Node 0 Inactive:          51608 kB
Node 0 Active(anon):      11916 kB
Node 0 Inactive(anon):      440 kB
Node 0 Active(file):      25732 kB
Node 0 Inactive(file):    51168 kB
Node 0 Unevictable:       17936 kB
Node 0 Mlocked:           17936 kB
Node 0 Dirty:               204 kB
Node 0 Writeback:             0 kB
Node 0 FilePages:         85188 kB
Node 0 Mapped:            46664 kB
Node 0 AnonPages:         22000 kB
Node 0 Shmem:               684 kB
Node 0 KernelStack:        3320 kB
Node 0 PageTables:          600 kB
Node 0 NFS_Unstable:          0 kB
Node 0 Bounce:                0 kB
Node 0 WritebackTmp:          0 kB
Node 0 KReclaimable:      15988 kB
Node 0 Slab:              59048 kB
Node 0 SReclaimable:      15988 kB
Node 0 SUnreclaim:        43060 kB
Node 0 AnonHugePages:         0 kB
Node 0 ShmemHugePages:        0 kB
Node 0 ShmemPmdMapped:        0 kB
Node 0 FileHugePages:        0 kB
Node 0 FilePmdMapped:        0 kB
Node 0 HugePages_Total:     0
Node 0 HugePages_Free:      0
Node 0 HugePages_Surp:      0

Node 1 MemTotal:       24661580 kB
Node 1 MemFree:        24270320 kB
Node 1 MemUsed:          391260 kB
Node 1 Active:            65492 kB
Node 1 Inactive:          46616 kB
Node 1 Active(anon):      21584 kB
Node 1 Inactive(anon):      460 kB
Node 1 Active(file):      43908 kB
Node 1 Inactive(file):    46156 kB
Node 1 Unevictable:         588 kB
Node 1 Mlocked:             588 kB
Node 1 Dirty:                52 kB
Node 1 Writeback:             0 kB
Node 1 FilePages:         91280 kB
Node 1 Mapped:            11020 kB
Node 1 AnonPages:         21328 kB
Node 1 Shmem:               628 kB
Node 1 KernelStack:        1384 kB
Node 1 PageTables:          616 kB
Node 1 NFS_Unstable:          0 kB
Node 1 Bounce:                0 kB
Node 1 WritebackTmp:          0 kB
Node 1 KReclaimable:      27824 kB
Node 1 Slab:              59300 kB
Node 1 SReclaimable:      27824 kB
Node 1 SUnreclaim:        31476 kB
Node 1 AnonHugePages:         0 kB
Node 1 ShmemHugePages:        0 kB
Node 1 ShmemPmdMapped:        0 kB
Node 1 FileHugePages:        0 kB
Node 1 FilePmdMapped:        0 kB
Node 1 HugePages_Total:     0
Node 1 HugePages_Free:      0
Node 1 HugePages_Surp:      0

After Opposite Node
Node 0 MemTotal:       24768352 kB
Node 0 MemFree:        24505220 kB
Node 0 MemUsed:          263132 kB
Node 0 Active:            37828 kB
Node 0 Inactive:          51644 kB
Node 0 Active(anon):      12092 kB
Node 0 Inactive(anon):      468 kB
Node 0 Active(file):      25736 kB
Node 0 Inactive(file):    51176 kB
Node 0 Unevictable:       17936 kB
Node 0 Mlocked:           17936 kB
Node 0 Dirty:               212 kB
Node 0 Writeback:             0 kB
Node 0 FilePages:         85244 kB
Node 0 Mapped:            46708 kB
Node 0 AnonPages:         22112 kB
Node 0 Shmem:               728 kB
Node 0 KernelStack:        3352 kB
Node 0 PageTables:          764 kB
Node 0 NFS_Unstable:          0 kB
Node 0 Bounce:                0 kB
Node 0 WritebackTmp:          0 kB
Node 0 KReclaimable:      16068 kB
Node 0 Slab:              59304 kB
Node 0 SReclaimable:      16068 kB
Node 0 SUnreclaim:        43236 kB
Node 0 AnonHugePages:         0 kB
Node 0 ShmemHugePages:        0 kB
Node 0 ShmemPmdMapped:        0 kB
Node 0 FileHugePages:        0 kB
Node 0 FilePmdMapped:        0 kB
Node 0 HugePages_Total:     0
Node 0 HugePages_Free:      0
Node 0 HugePages_Surp:      0

Node 1 MemTotal:       24661580 kB
Node 1 MemFree:        24270432 kB
Node 1 MemUsed:          391148 kB
Node 1 Active:            65512 kB
Node 1 Inactive:          46436 kB
Node 1 Active(anon):      21428 kB
Node 1 Inactive(anon):      436 kB
Node 1 Active(file):      44084 kB
Node 1 Inactive(file):    46000 kB
Node 1 Unevictable:         588 kB
Node 1 Mlocked:             588 kB
Node 1 Dirty:                72 kB
Node 1 Writeback:             0 kB
Node 1 FilePages:         91256 kB
Node 1 Mapped:            10984 kB
Node 1 AnonPages:         21280 kB
Node 1 Shmem:               584 kB
Node 1 KernelStack:        1368 kB
Node 1 PageTables:          512 kB
Node 1 NFS_Unstable:          0 kB
Node 1 Bounce:                0 kB
Node 1 WritebackTmp:          0 kB
Node 1 KReclaimable:      27824 kB
Node 1 Slab:              59276 kB
Node 1 SReclaimable:      27824 kB
Node 1 SUnreclaim:        31452 kB
Node 1 AnonHugePages:         0 kB
Node 1 ShmemHugePages:        0 kB
Node 1 ShmemPmdMapped:        0 kB
Node 1 FileHugePages:        0 kB
Node 1 FilePmdMapped:        0 kB
Node 1 HugePages_Total:     0
Node 1 HugePages_Free:      0
Node 1 HugePages_Surp:      0

U.1.fio.1-128K.2.O Complete!
