10 Tests Remaining!
U.1.huge-simpleread.2G.2.O.1M
Begin
Node 0 MemTotal:       24768352 kB
Node 0 MemFree:        24572904 kB
Node 0 MemUsed:          195448 kB
Node 0 Active:            27836 kB
Node 0 Inactive:          20616 kB
Node 0 Active(anon):       8720 kB
Node 0 Inactive(anon):      464 kB
Node 0 Active(file):      19116 kB
Node 0 Inactive(file):    20152 kB
Node 0 Unevictable:       13508 kB
Node 0 Mlocked:           13508 kB
Node 0 Dirty:                60 kB
Node 0 Writeback:             0 kB
Node 0 FilePages:         43144 kB
Node 0 Mapped:            13360 kB
Node 0 AnonPages:         18476 kB
Node 0 Shmem:               692 kB
Node 0 KernelStack:        2200 kB
Node 0 PageTables:          540 kB
Node 0 NFS_Unstable:          0 kB
Node 0 Bounce:                0 kB
Node 0 WritebackTmp:          0 kB
Node 0 KReclaimable:      19376 kB
Node 0 Slab:              50400 kB
Node 0 SReclaimable:      19376 kB
Node 0 SUnreclaim:        31024 kB
Node 0 AnonHugePages:         0 kB
Node 0 ShmemHugePages:        0 kB
Node 0 ShmemPmdMapped:        0 kB
Node 0 FileHugePages:        0 kB
Node 0 FilePmdMapped:        0 kB
Node 0 HugePages_Total:     0
Node 0 HugePages_Free:      0
Node 0 HugePages_Surp:      0

Node 1 MemTotal:       24661580 kB
Node 1 MemFree:        24249524 kB
Node 1 MemUsed:          412056 kB
Node 1 Active:            68376 kB
Node 1 Inactive:          64272 kB
Node 1 Active(anon):      25536 kB
Node 1 Inactive(anon):      404 kB
Node 1 Active(file):      42840 kB
Node 1 Inactive(file):    63868 kB
Node 1 Unevictable:        5012 kB
Node 1 Mlocked:            5012 kB
Node 1 Dirty:                24 kB
Node 1 Writeback:             0 kB
Node 1 FilePages:        112308 kB
Node 1 Mapped:            26004 kB
Node 1 AnonPages:         25120 kB
Node 1 Shmem:               576 kB
Node 1 KernelStack:        1624 kB
Node 1 PageTables:          696 kB
Node 1 NFS_Unstable:          0 kB
Node 1 Bounce:                0 kB
Node 1 WritebackTmp:          0 kB
Node 1 KReclaimable:      23592 kB
Node 1 Slab:              58364 kB
Node 1 SReclaimable:      23592 kB
Node 1 SUnreclaim:        34772 kB
Node 1 AnonHugePages:         0 kB
Node 1 ShmemHugePages:        0 kB
Node 1 ShmemPmdMapped:        0 kB
Node 1 FileHugePages:        0 kB
Node 1 FilePmdMapped:        0 kB
Node 1 HugePages_Total:     0
Node 1 HugePages_Free:      0
Node 1 HugePages_Surp:      0

Load ZFS
Node 0 MemTotal:       24768352 kB
Node 0 MemFree:        24566224 kB
Node 0 MemUsed:          202128 kB
Node 0 Active:            30740 kB
Node 0 Inactive:          21016 kB
Node 0 Active(anon):      10956 kB
Node 0 Inactive(anon):      464 kB
Node 0 Active(file):      19784 kB
Node 0 Inactive(file):    20552 kB
Node 0 Unevictable:       13508 kB
Node 0 Mlocked:           13508 kB
Node 0 Dirty:               136 kB
Node 0 Writeback:             0 kB
Node 0 FilePages:         44220 kB
Node 0 Mapped:            13436 kB
Node 0 AnonPages:         21124 kB
Node 0 Shmem:               692 kB
Node 0 KernelStack:        2152 kB
Node 0 PageTables:          692 kB
Node 0 NFS_Unstable:          0 kB
Node 0 Bounce:                0 kB
Node 0 WritebackTmp:          0 kB
Node 0 KReclaimable:      19852 kB
Node 0 Slab:              52248 kB
Node 0 SReclaimable:      19852 kB
Node 0 SUnreclaim:        32396 kB
Node 0 AnonHugePages:         0 kB
Node 0 ShmemHugePages:        0 kB
Node 0 ShmemPmdMapped:        0 kB
Node 0 FileHugePages:        0 kB
Node 0 FilePmdMapped:        0 kB
Node 0 HugePages_Total:     0
Node 0 HugePages_Free:      0
Node 0 HugePages_Surp:      0

Node 1 MemTotal:       24661580 kB
Node 1 MemFree:        24245536 kB
Node 1 MemUsed:          416044 kB
Node 1 Active:            74004 kB
Node 1 Inactive:          59860 kB
Node 1 Active(anon):      25288 kB
Node 1 Inactive(anon):      404 kB
Node 1 Active(file):      48716 kB
Node 1 Inactive(file):    59456 kB
Node 1 Unevictable:        5012 kB
Node 1 Mlocked:            5012 kB
Node 1 Dirty:                32 kB
Node 1 Writeback:             0 kB
Node 1 FilePages:        113756 kB
Node 1 Mapped:            25992 kB
Node 1 AnonPages:         25020 kB
Node 1 Shmem:               576 kB
Node 1 KernelStack:        1560 kB
Node 1 PageTables:          608 kB
Node 1 NFS_Unstable:          0 kB
Node 1 Bounce:                0 kB
Node 1 WritebackTmp:          0 kB
Node 1 KReclaimable:      23824 kB
Node 1 Slab:              59520 kB
Node 1 SReclaimable:      23824 kB
Node 1 SUnreclaim:        35696 kB
Node 1 AnonHugePages:         0 kB
Node 1 ShmemHugePages:        0 kB
Node 1 ShmemPmdMapped:        0 kB
Node 1 FileHugePages:        0 kB
Node 1 FilePmdMapped:        0 kB
Node 1 HugePages_Total:     0
Node 1 HugePages_Free:      0
Node 1 HugePages_Surp:      0

Import tank ZPool
Node 0 MemTotal:       24768352 kB
Node 0 MemFree:        24567232 kB
Node 0 MemUsed:          201120 kB
Node 0 Active:            30740 kB
Node 0 Inactive:          21016 kB
Node 0 Active(anon):      10956 kB
Node 0 Inactive(anon):      464 kB
Node 0 Active(file):      19784 kB
Node 0 Inactive(file):    20552 kB
Node 0 Unevictable:       13508 kB
Node 0 Mlocked:           13508 kB
Node 0 Dirty:               200 kB
Node 0 Writeback:             0 kB
Node 0 FilePages:         44232 kB
Node 0 Mapped:            13380 kB
Node 0 AnonPages:         21152 kB
Node 0 Shmem:               692 kB
Node 0 KernelStack:        2152 kB
Node 0 PageTables:          692 kB
Node 0 NFS_Unstable:          0 kB
Node 0 Bounce:                0 kB
Node 0 WritebackTmp:          0 kB
Node 0 KReclaimable:      19852 kB
Node 0 Slab:              52248 kB
Node 0 SReclaimable:      19852 kB
Node 0 SUnreclaim:        32396 kB
Node 0 AnonHugePages:         0 kB
Node 0 ShmemHugePages:        0 kB
Node 0 ShmemPmdMapped:        0 kB
Node 0 FileHugePages:        0 kB
Node 0 FilePmdMapped:        0 kB
Node 0 HugePages_Total:     0
Node 0 HugePages_Free:      0
Node 0 HugePages_Surp:      0

Node 1 MemTotal:       24661580 kB
Node 1 MemFree:        24227504 kB
Node 1 MemUsed:          434076 kB
Node 1 Active:            74672 kB
Node 1 Inactive:          60948 kB
Node 1 Active(anon):      25520 kB
Node 1 Inactive(anon):      408 kB
Node 1 Active(file):      49152 kB
Node 1 Inactive(file):    60540 kB
Node 1 Unevictable:        5012 kB
Node 1 Mlocked:            5012 kB
Node 1 Dirty:                44 kB
Node 1 Writeback:             0 kB
Node 1 FilePages:        115276 kB
Node 1 Mapped:            26156 kB
Node 1 AnonPages:         25416 kB
Node 1 Shmem:               576 kB
Node 1 KernelStack:        2648 kB
Node 1 PageTables:          688 kB
Node 1 NFS_Unstable:          0 kB
Node 1 Bounce:                0 kB
Node 1 WritebackTmp:          0 kB
Node 1 KReclaimable:      23948 kB
Node 1 Slab:              66496 kB
Node 1 SReclaimable:      23948 kB
Node 1 SUnreclaim:        42548 kB
Node 1 AnonHugePages:         0 kB
Node 1 ShmemHugePages:        0 kB
Node 1 ShmemPmdMapped:        0 kB
Node 1 FileHugePages:        0 kB
Node 1 FilePmdMapped:        0 kB
Node 1 HugePages_Total:     0
Node 1 HugePages_Free:      0
Node 1 HugePages_Surp:      0

After Test
Node 0 MemTotal:       24768352 kB
Node 0 MemFree:        24128708 kB
Node 0 MemUsed:          639644 kB
Node 0 Active:            27276 kB
Node 0 Inactive:          21012 kB
Node 0 Active(anon):       7432 kB
Node 0 Inactive(anon):      464 kB
Node 0 Active(file):      19844 kB
Node 0 Inactive(file):    20548 kB
Node 0 Unevictable:       13508 kB
Node 0 Mlocked:           13508 kB
Node 0 Dirty:                24 kB
Node 0 Writeback:             0 kB
Node 0 FilePages:         44284 kB
Node 0 Mapped:            13276 kB
Node 0 AnonPages:         17528 kB
Node 0 Shmem:               692 kB
Node 0 KernelStack:        2040 kB
Node 0 PageTables:          412 kB
Node 0 NFS_Unstable:          0 kB
Node 0 Bounce:                0 kB
Node 0 WritebackTmp:          0 kB
Node 0 KReclaimable:      19944 kB
Node 0 Slab:              54376 kB
Node 0 SReclaimable:      19944 kB
Node 0 SUnreclaim:        34432 kB
Node 0 AnonHugePages:         0 kB
Node 0 ShmemHugePages:        0 kB
Node 0 ShmemPmdMapped:        0 kB
Node 0 FileHugePages:        0 kB
Node 0 FilePmdMapped:        0 kB
Node 0 HugePages_Total:     0
Node 0 HugePages_Free:      0
Node 0 HugePages_Surp:      0

Node 1 MemTotal:       24661580 kB
Node 1 MemFree:        21633852 kB
Node 1 MemUsed:         3027728 kB
Node 1 Active:            75328 kB
Node 1 Inactive:         158360 kB
Node 1 Active(anon):      25464 kB
Node 1 Inactive(anon):      408 kB
Node 1 Active(file):      49864 kB
Node 1 Inactive(file):   157952 kB
Node 1 Unevictable:        5012 kB
Node 1 Mlocked:            5012 kB
Node 1 Dirty:                12 kB
Node 1 Writeback:             0 kB
Node 1 FilePages:        213400 kB
Node 1 Mapped:            25984 kB
Node 1 AnonPages:         25524 kB
Node 1 Shmem:               576 kB
Node 1 KernelStack:        2552 kB
Node 1 PageTables:          824 kB
Node 1 NFS_Unstable:          0 kB
Node 1 Bounce:                0 kB
Node 1 WritebackTmp:          0 kB
Node 1 KReclaimable:      24188 kB
Node 1 Slab:              78356 kB
Node 1 SReclaimable:      24188 kB
Node 1 SUnreclaim:        54168 kB
Node 1 AnonHugePages:         0 kB
Node 1 ShmemHugePages:        0 kB
Node 1 ShmemPmdMapped:        0 kB
Node 1 FileHugePages:        0 kB
Node 1 FilePmdMapped:        0 kB
Node 1 HugePages_Total:     0
Node 1 HugePages_Free:      0
Node 1 HugePages_Surp:      0

After Opposite Node
Node 0 MemTotal:       24768352 kB
Node 0 MemFree:        24126568 kB
Node 0 MemUsed:          641784 kB
Node 0 Active:            27588 kB
Node 0 Inactive:          20980 kB
Node 0 Active(anon):       7704 kB
Node 0 Inactive(anon):      464 kB
Node 0 Active(file):      19884 kB
Node 0 Inactive(file):    20516 kB
Node 0 Unevictable:       13508 kB
Node 0 Mlocked:           13508 kB
Node 0 Dirty:                28 kB
Node 0 Writeback:             0 kB
Node 0 FilePages:         44292 kB
Node 0 Mapped:            13292 kB
Node 0 AnonPages:         17972 kB
Node 0 Shmem:               692 kB
Node 0 KernelStack:        2104 kB
Node 0 PageTables:          648 kB
Node 0 NFS_Unstable:          0 kB
Node 0 Bounce:                0 kB
Node 0 WritebackTmp:          0 kB
Node 0 KReclaimable:      19976 kB
Node 0 Slab:              55124 kB
Node 0 SReclaimable:      19976 kB
Node 0 SUnreclaim:        35148 kB
Node 0 AnonHugePages:         0 kB
Node 0 ShmemHugePages:        0 kB
Node 0 ShmemPmdMapped:        0 kB
Node 0 FileHugePages:        0 kB
Node 0 FilePmdMapped:        0 kB
Node 0 HugePages_Total:     0
Node 0 HugePages_Free:      0
Node 0 HugePages_Surp:      0

Node 1 MemTotal:       24661580 kB
Node 1 MemFree:        21637964 kB
Node 1 MemUsed:         3023616 kB
Node 1 Active:            75336 kB
Node 1 Inactive:         158112 kB
Node 1 Active(anon):      25208 kB
Node 1 Inactive(anon):      408 kB
Node 1 Active(file):      50128 kB
Node 1 Inactive(file):   157704 kB
Node 1 Unevictable:        5012 kB
Node 1 Mlocked:            5012 kB
Node 1 Dirty:                28 kB
Node 1 Writeback:             0 kB
Node 1 FilePages:        213416 kB
Node 1 Mapped:            25964 kB
Node 1 AnonPages:         25092 kB
Node 1 Shmem:               576 kB
Node 1 KernelStack:        2520 kB
Node 1 PageTables:          580 kB
Node 1 NFS_Unstable:          0 kB
Node 1 Bounce:                0 kB
Node 1 WritebackTmp:          0 kB
Node 1 KReclaimable:      24188 kB
Node 1 Slab:              78432 kB
Node 1 SReclaimable:      24188 kB
Node 1 SUnreclaim:        54244 kB
Node 1 AnonHugePages:         0 kB
Node 1 ShmemHugePages:        0 kB
Node 1 ShmemPmdMapped:        0 kB
Node 1 FileHugePages:        0 kB
Node 1 FilePmdMapped:        0 kB
Node 1 HugePages_Total:     0
Node 1 HugePages_Free:      0
Node 1 HugePages_Surp:      0

U.1.huge-simpleread.2G.2.O.1M Complete!
