B.1.fio.2G.1.O
Begin
Node 0 MemTotal:       24743736 kB
Node 0 MemFree:        24351672 kB
Node 0 MemUsed:          392064 kB
Node 0 Active:            72204 kB
Node 0 Inactive:          30512 kB
Node 0 Active(anon):      25588 kB
Node 0 Inactive(anon):      384 kB
Node 0 Active(file):      46616 kB
Node 0 Inactive(file):    30128 kB
Node 0 Unevictable:       17984 kB
Node 0 Mlocked:           17984 kB
Node 0 Dirty:               136 kB
Node 0 Writeback:             0 kB
Node 0 FilePages:         85060 kB
Node 0 Mapped:            35944 kB
Node 0 AnonPages:         35776 kB
Node 0 Shmem:               636 kB
Node 0 KernelStack:        2360 kB
Node 0 PageTables:          784 kB
Node 0 NFS_Unstable:          0 kB
Node 0 Bounce:                0 kB
Node 0 WritebackTmp:          0 kB
Node 0 KReclaimable:      21040 kB
Node 0 Slab:              59144 kB
Node 0 SReclaimable:      21040 kB
Node 0 SUnreclaim:        38104 kB
Node 0 AnonHugePages:         0 kB
Node 0 ShmemHugePages:        0 kB
Node 0 ShmemPmdMapped:        0 kB
Node 0 FileHugePages:        0 kB
Node 0 FilePmdMapped:        0 kB
Node 0 HugePages_Total:     0
Node 0 HugePages_Free:      0
Node 0 HugePages_Surp:      0

Node 1 MemTotal:       24686196 kB
Node 1 MemFree:        24477676 kB
Node 1 MemUsed:          208520 kB
Node 1 Active:            22204 kB
Node 1 Inactive:          51828 kB
Node 1 Active(anon):       8052 kB
Node 1 Inactive(anon):      496 kB
Node 1 Active(file):      14152 kB
Node 1 Inactive(file):    51332 kB
Node 1 Unevictable:         540 kB
Node 1 Mlocked:             540 kB
Node 1 Dirty:               368 kB
Node 1 Writeback:             0 kB
Node 1 FilePages:         66656 kB
Node 1 Mapped:             7112 kB
Node 1 AnonPages:          7924 kB
Node 1 Shmem:               632 kB
Node 1 KernelStack:        1288 kB
Node 1 PageTables:          264 kB
Node 1 NFS_Unstable:          0 kB
Node 1 Bounce:                0 kB
Node 1 WritebackTmp:          0 kB
Node 1 KReclaimable:      20784 kB
Node 1 Slab:              47016 kB
Node 1 SReclaimable:      20784 kB
Node 1 SUnreclaim:        26232 kB
Node 1 AnonHugePages:         0 kB
Node 1 ShmemHugePages:        0 kB
Node 1 ShmemPmdMapped:        0 kB
Node 1 FileHugePages:        0 kB
Node 1 FilePmdMapped:        0 kB
Node 1 HugePages_Total:     0
Node 1 HugePages_Free:      0
Node 1 HugePages_Surp:      0

Load ZFS
Node 0 MemTotal:       24743736 kB
Node 0 MemFree:        24239324 kB
Node 0 MemUsed:          504412 kB
Node 0 Active:            87524 kB
Node 0 Inactive:         113424 kB
Node 0 Active(anon):      38908 kB
Node 0 Inactive(anon):      444 kB
Node 0 Active(file):      48616 kB
Node 0 Inactive(file):   112980 kB
Node 0 Unevictable:       18184 kB
Node 0 Mlocked:           18184 kB
Node 0 Dirty:               416 kB
Node 0 Writeback:             0 kB
Node 0 FilePages:        169876 kB
Node 0 Mapped:            37420 kB
Node 0 AnonPages:         49264 kB
Node 0 Shmem:               628 kB
Node 0 KernelStack:        2816 kB
Node 0 PageTables:         1552 kB
Node 0 NFS_Unstable:          0 kB
Node 0 Bounce:                0 kB
Node 0 WritebackTmp:          0 kB
Node 0 KReclaimable:      21820 kB
Node 0 Slab:              62676 kB
Node 0 SReclaimable:      21820 kB
Node 0 SUnreclaim:        40856 kB
Node 0 AnonHugePages:         0 kB
Node 0 ShmemHugePages:        0 kB
Node 0 ShmemPmdMapped:        0 kB
Node 0 FileHugePages:        0 kB
Node 0 FilePmdMapped:        0 kB
Node 0 HugePages_Total:     0
Node 0 HugePages_Free:      0
Node 0 HugePages_Surp:      0

Node 1 MemTotal:       24686196 kB
Node 1 MemFree:        24442572 kB
Node 1 MemUsed:          243624 kB
Node 1 Active:            36328 kB
Node 1 Inactive:          72352 kB
Node 1 Active(anon):      21396 kB
Node 1 Inactive(anon):      500 kB
Node 1 Active(file):      14932 kB
Node 1 Inactive(file):    71852 kB
Node 1 Unevictable:         540 kB
Node 1 Mlocked:             540 kB
Node 1 Dirty:                 8 kB
Node 1 Writeback:             0 kB
Node 1 FilePages:         87964 kB
Node 1 Mapped:            10008 kB
Node 1 AnonPages:         21200 kB
Node 1 Shmem:               640 kB
Node 1 KernelStack:        1524 kB
Node 1 PageTables:          676 kB
Node 1 NFS_Unstable:          0 kB
Node 1 Bounce:                0 kB
Node 1 WritebackTmp:          0 kB
Node 1 KReclaimable:      21504 kB
Node 1 Slab:              50296 kB
Node 1 SReclaimable:      21504 kB
Node 1 SUnreclaim:        28792 kB
Node 1 AnonHugePages:         0 kB
Node 1 ShmemHugePages:        0 kB
Node 1 ShmemPmdMapped:        0 kB
Node 1 FileHugePages:        0 kB
Node 1 FilePmdMapped:        0 kB
Node 1 HugePages_Total:     0
Node 1 HugePages_Free:      0
Node 1 HugePages_Surp:      0

Import tank ZPool
Node 0 MemTotal:       24743736 kB
Node 0 MemFree:        24241128 kB
Node 0 MemUsed:          502608 kB
Node 0 Active:            86748 kB
Node 0 Inactive:         113556 kB
Node 0 Active(anon):      38128 kB
Node 0 Inactive(anon):      444 kB
Node 0 Active(file):      48620 kB
Node 0 Inactive(file):   113112 kB
Node 0 Unevictable:       18216 kB
Node 0 Mlocked:           18216 kB
Node 0 Dirty:               484 kB
Node 0 Writeback:             0 kB
Node 0 FilePages:        170016 kB
Node 0 Mapped:            37456 kB
Node 0 AnonPages:         48556 kB
Node 0 Shmem:               624 kB
Node 0 KernelStack:        2712 kB
Node 0 PageTables:         1700 kB
Node 0 NFS_Unstable:          0 kB
Node 0 Bounce:                0 kB
Node 0 WritebackTmp:          0 kB
Node 0 KReclaimable:      21820 kB
Node 0 Slab:              62700 kB
Node 0 SReclaimable:      21820 kB
Node 0 SUnreclaim:        40880 kB
Node 0 AnonHugePages:         0 kB
Node 0 ShmemHugePages:        0 kB
Node 0 ShmemPmdMapped:        0 kB
Node 0 FileHugePages:        0 kB
Node 0 FilePmdMapped:        0 kB
Node 0 HugePages_Total:     0
Node 0 HugePages_Free:      0
Node 0 HugePages_Surp:      0

Node 1 MemTotal:       24686196 kB
Node 1 MemFree:        24422744 kB
Node 1 MemUsed:          263452 kB
Node 1 Active:            36240 kB
Node 1 Inactive:          73344 kB
Node 1 Active(anon):      21144 kB
Node 1 Inactive(anon):      508 kB
Node 1 Active(file):      15096 kB
Node 1 Inactive(file):    72836 kB
Node 1 Unevictable:         540 kB
Node 1 Mlocked:             540 kB
Node 1 Dirty:                24 kB
Node 1 Writeback:             0 kB
Node 1 FilePages:         89172 kB
Node 1 Mapped:             9500 kB
Node 1 AnonPages:         21096 kB
Node 1 Shmem:               644 kB
Node 1 KernelStack:        2600 kB
Node 1 PageTables:          764 kB
Node 1 NFS_Unstable:          0 kB
Node 1 Bounce:                0 kB
Node 1 WritebackTmp:          0 kB
Node 1 KReclaimable:      21640 kB
Node 1 Slab:              56808 kB
Node 1 SReclaimable:      21640 kB
Node 1 SUnreclaim:        35168 kB
Node 1 AnonHugePages:         0 kB
Node 1 ShmemHugePages:        0 kB
Node 1 ShmemPmdMapped:        0 kB
Node 1 FileHugePages:        0 kB
Node 1 FilePmdMapped:        0 kB
Node 1 HugePages_Total:     0
Node 1 HugePages_Free:      0
Node 1 HugePages_Surp:      0

After Opposite Node
Node 0 MemTotal:       24743736 kB
Node 0 MemFree:        24057060 kB
Node 0 MemUsed:          686676 kB
Node 0 Active:            74212 kB
Node 0 Inactive:         114336 kB
Node 0 Active(anon):      24372 kB
Node 0 Inactive(anon):      480 kB
Node 0 Active(file):      49840 kB
Node 0 Inactive(file):   113856 kB
Node 0 Unevictable:       18216 kB
Node 0 Mlocked:           18216 kB
Node 0 Dirty:               100 kB
Node 0 Writeback:             0 kB
Node 0 FilePages:        172020 kB
Node 0 Mapped:            36228 kB
Node 0 AnonPages:         34608 kB
Node 0 Shmem:               672 kB
Node 0 KernelStack:        2296 kB
Node 0 PageTables:          864 kB
Node 0 NFS_Unstable:          0 kB
Node 0 Bounce:                0 kB
Node 0 WritebackTmp:          0 kB
Node 0 KReclaimable:      23244 kB
Node 0 Slab:              75244 kB
Node 0 SReclaimable:      23244 kB
Node 0 SUnreclaim:        52000 kB
Node 0 AnonHugePages:         0 kB
Node 0 ShmemHugePages:        0 kB
Node 0 ShmemPmdMapped:        0 kB
Node 0 FileHugePages:        0 kB
Node 0 FilePmdMapped:        0 kB
Node 0 HugePages_Total:     0
Node 0 HugePages_Free:      0
Node 0 HugePages_Surp:      0

Node 1 MemTotal:       24686196 kB
Node 1 MemFree:        21696648 kB
Node 1 MemUsed:         2989548 kB
Node 1 Active:            24616 kB
Node 1 Inactive:          72792 kB
Node 1 Active(anon):       8744 kB
Node 1 Inactive(anon):      500 kB
Node 1 Active(file):      15872 kB
Node 1 Inactive(file):    72292 kB
Node 1 Unevictable:         540 kB
Node 1 Mlocked:             540 kB
Node 1 Dirty:                 4 kB
Node 1 Writeback:             0 kB
Node 1 FilePages:         89344 kB
Node 1 Mapped:             7112 kB
Node 1 AnonPages:          8604 kB
Node 1 Shmem:               640 kB
Node 1 KernelStack:        2424 kB
Node 1 PageTables:          264 kB
Node 1 NFS_Unstable:          0 kB
Node 1 Bounce:                0 kB
Node 1 WritebackTmp:          0 kB
Node 1 KReclaimable:      21644 kB
Node 1 Slab:              60012 kB
Node 1 SReclaimable:      21644 kB
Node 1 SUnreclaim:        38368 kB
Node 1 AnonHugePages:         0 kB
Node 1 ShmemHugePages:        0 kB
Node 1 ShmemPmdMapped:        0 kB
Node 1 FileHugePages:        0 kB
Node 1 FilePmdMapped:        0 kB
Node 1 HugePages_Total:     0
Node 1 HugePages_Free:      0
Node 1 HugePages_Surp:      0

After Test
Node 0 MemTotal:       24743736 kB
Node 0 MemFree:        24058788 kB
Node 0 MemUsed:          684948 kB
Node 0 Active:            74184 kB
Node 0 Inactive:         114140 kB
Node 0 Active(anon):      24172 kB
Node 0 Inactive(anon):      444 kB
Node 0 Active(file):      50012 kB
Node 0 Inactive(file):   113696 kB
Node 0 Unevictable:       18216 kB
Node 0 Mlocked:           18216 kB
Node 0 Dirty:               168 kB
Node 0 Writeback:             0 kB
Node 0 FilePages:        171988 kB
Node 0 Mapped:            36184 kB
Node 0 AnonPages:         34548 kB
Node 0 Shmem:               628 kB
Node 0 KernelStack:        2280 kB
Node 0 PageTables:          748 kB
Node 0 NFS_Unstable:          0 kB
Node 0 Bounce:                0 kB
Node 0 WritebackTmp:          0 kB
Node 0 KReclaimable:      23244 kB
Node 0 Slab:              75120 kB
Node 0 SReclaimable:      23244 kB
Node 0 SUnreclaim:        51876 kB
Node 0 AnonHugePages:         0 kB
Node 0 ShmemHugePages:        0 kB
Node 0 ShmemPmdMapped:        0 kB
Node 0 FileHugePages:        0 kB
Node 0 FilePmdMapped:        0 kB
Node 0 HugePages_Total:     0
Node 0 HugePages_Free:      0
Node 0 HugePages_Surp:      0

Node 1 MemTotal:       24686196 kB
Node 1 MemFree:        21700720 kB
Node 1 MemUsed:         2985476 kB
Node 1 Active:            24924 kB
Node 1 Inactive:          72828 kB
Node 1 Active(anon):       9028 kB
Node 1 Inactive(anon):      544 kB
Node 1 Active(file):      15896 kB
Node 1 Inactive(file):    72284 kB
Node 1 Unevictable:         540 kB
Node 1 Mlocked:             540 kB
Node 1 Dirty:                32 kB
Node 1 Writeback:             0 kB
Node 1 FilePages:         89404 kB
Node 1 Mapped:             7156 kB
Node 1 AnonPages:          8756 kB
Node 1 Shmem:               684 kB
Node 1 KernelStack:        2392 kB
Node 1 PageTables:          444 kB
Node 1 NFS_Unstable:          0 kB
Node 1 Bounce:                0 kB
Node 1 WritebackTmp:          0 kB
Node 1 KReclaimable:      21684 kB
Node 1 Slab:              61060 kB
Node 1 SReclaimable:      21684 kB
Node 1 SUnreclaim:        39376 kB
Node 1 AnonHugePages:         0 kB
Node 1 ShmemHugePages:        0 kB
Node 1 ShmemPmdMapped:        0 kB
Node 1 FileHugePages:        0 kB
Node 1 FilePmdMapped:        0 kB
Node 1 HugePages_Total:     0
Node 1 HugePages_Free:      0
Node 1 HugePages_Surp:      0

B.1.fio.2G.1.O Complete!
