B.1.fio.4G.1.O
Begin
Node 0 MemTotal:       24768352 kB
Node 0 MemFree:        24487200 kB
Node 0 MemUsed:          281152 kB
Node 0 Active:            60320 kB
Node 0 Inactive:          59656 kB
Node 0 Active(anon):      15804 kB
Node 0 Inactive(anon):      468 kB
Node 0 Active(file):      44516 kB
Node 0 Inactive(file):    59188 kB
Node 0 Unevictable:       13412 kB
Node 0 Mlocked:           13412 kB
Node 0 Dirty:                 0 kB
Node 0 Writeback:             0 kB
Node 0 FilePages:        107452 kB
Node 0 Mapped:            26784 kB
Node 0 AnonPages:         26008 kB
Node 0 Shmem:               652 kB
Node 0 KernelStack:        2168 kB
Node 0 PageTables:          500 kB
Node 0 NFS_Unstable:          0 kB
Node 0 Bounce:                0 kB
Node 0 WritebackTmp:          0 kB
Node 0 KReclaimable:      22188 kB
Node 0 Slab:              59316 kB
Node 0 SReclaimable:      22188 kB
Node 0 SUnreclaim:        37128 kB
Node 0 AnonHugePages:         0 kB
Node 0 ShmemHugePages:        0 kB
Node 0 ShmemPmdMapped:        0 kB
Node 0 FileHugePages:        0 kB
Node 0 FilePmdMapped:        0 kB
Node 0 HugePages_Total:     0
Node 0 HugePages_Free:      0
Node 0 HugePages_Surp:      0

Node 1 MemTotal:       24661580 kB
Node 1 MemFree:        24334580 kB
Node 1 MemUsed:          327000 kB
Node 1 Active:            33644 kB
Node 1 Inactive:          26112 kB
Node 1 Active(anon):      17896 kB
Node 1 Inactive(anon):      424 kB
Node 1 Active(file):      15748 kB
Node 1 Inactive(file):    25688 kB
Node 1 Unevictable:        5112 kB
Node 1 Mlocked:            5112 kB
Node 1 Dirty:                 0 kB
Node 1 Writeback:             0 kB
Node 1 FilePages:         47160 kB
Node 1 Mapped:            17744 kB
Node 1 AnonPages:         17796 kB
Node 1 Shmem:               616 kB
Node 1 KernelStack:        1464 kB
Node 1 PageTables:          556 kB
Node 1 NFS_Unstable:          0 kB
Node 1 Bounce:                0 kB
Node 1 WritebackTmp:          0 kB
Node 1 KReclaimable:      19768 kB
Node 1 Slab:              48336 kB
Node 1 SReclaimable:      19768 kB
Node 1 SUnreclaim:        28568 kB
Node 1 AnonHugePages:         0 kB
Node 1 ShmemHugePages:        0 kB
Node 1 ShmemPmdMapped:        0 kB
Node 1 FileHugePages:        0 kB
Node 1 FilePmdMapped:        0 kB
Node 1 HugePages_Total:     0
Node 1 HugePages_Free:      0
Node 1 HugePages_Surp:      0

Load ZFS
Node 0 MemTotal:       24768352 kB
Node 0 MemFree:        24447276 kB
Node 0 MemUsed:          321076 kB
Node 0 Active:            73404 kB
Node 0 Inactive:          83556 kB
Node 0 Active(anon):      27308 kB
Node 0 Inactive(anon):      264 kB
Node 0 Active(file):      46096 kB
Node 0 Inactive(file):    83292 kB
Node 0 Unevictable:       13544 kB
Node 0 Mlocked:           13544 kB
Node 0 Dirty:               248 kB
Node 0 Writeback:             0 kB
Node 0 FilePages:        133032 kB
Node 0 Mapped:            29676 kB
Node 0 AnonPages:         37716 kB
Node 0 Shmem:               560 kB
Node 0 KernelStack:        2252 kB
Node 0 PageTables:         1112 kB
Node 0 NFS_Unstable:          0 kB
Node 0 Bounce:                0 kB
Node 0 WritebackTmp:          0 kB
Node 0 KReclaimable:      22672 kB
Node 0 Slab:              61580 kB
Node 0 SReclaimable:      22672 kB
Node 0 SUnreclaim:        38908 kB
Node 0 AnonHugePages:         0 kB
Node 0 ShmemHugePages:        0 kB
Node 0 ShmemPmdMapped:        0 kB
Node 0 FileHugePages:        0 kB
Node 0 FilePmdMapped:        0 kB
Node 0 HugePages_Total:     0
Node 0 HugePages_Free:      0
Node 0 HugePages_Surp:      0

Node 1 MemTotal:       24661580 kB
Node 1 MemFree:        24232828 kB
Node 1 MemUsed:          428752 kB
Node 1 Active:            47412 kB
Node 1 Inactive:         105436 kB
Node 1 Active(anon):      30848 kB
Node 1 Inactive(anon):      472 kB
Node 1 Active(file):      16564 kB
Node 1 Inactive(file):   104964 kB
Node 1 Unevictable:        5112 kB
Node 1 Mlocked:            5112 kB
Node 1 Dirty:                72 kB
Node 1 Writeback:             0 kB
Node 1 FilePages:        127960 kB
Node 1 Mapped:            19716 kB
Node 1 AnonPages:         31100 kB
Node 1 Shmem:               712 kB
Node 1 KernelStack:        2132 kB
Node 1 PageTables:         1792 kB
Node 1 NFS_Unstable:          0 kB
Node 1 Bounce:                0 kB
Node 1 WritebackTmp:          0 kB
Node 1 KReclaimable:      20608 kB
Node 1 Slab:              53588 kB
Node 1 SReclaimable:      20608 kB
Node 1 SUnreclaim:        32980 kB
Node 1 AnonHugePages:         0 kB
Node 1 ShmemHugePages:        0 kB
Node 1 ShmemPmdMapped:        0 kB
Node 1 FileHugePages:        0 kB
Node 1 FilePmdMapped:        0 kB
Node 1 HugePages_Total:     0
Node 1 HugePages_Free:      0
Node 1 HugePages_Surp:      0

Import tank ZPool
Node 0 MemTotal:       24768352 kB
Node 0 MemFree:        24442704 kB
Node 0 MemUsed:          325648 kB
Node 0 Active:            63260 kB
Node 0 Inactive:          84564 kB
Node 0 Active(anon):      16328 kB
Node 0 Inactive(anon):      508 kB
Node 0 Active(file):      46932 kB
Node 0 Inactive(file):    84056 kB
Node 0 Unevictable:       13644 kB
Node 0 Mlocked:           13644 kB
Node 0 Dirty:               432 kB
Node 0 Writeback:             0 kB
Node 0 FilePages:        134760 kB
Node 0 Mapped:            27192 kB
Node 0 AnonPages:         26940 kB
Node 0 Shmem:               684 kB
Node 0 KernelStack:        2184 kB
Node 0 PageTables:          680 kB
Node 0 NFS_Unstable:          0 kB
Node 0 Bounce:                0 kB
Node 0 WritebackTmp:          0 kB
Node 0 KReclaimable:      22828 kB
Node 0 Slab:              66376 kB
Node 0 SReclaimable:      22828 kB
Node 0 SUnreclaim:        43548 kB
Node 0 AnonHugePages:         0 kB
Node 0 ShmemHugePages:        0 kB
Node 0 ShmemPmdMapped:        0 kB
Node 0 FileHugePages:        0 kB
Node 0 FilePmdMapped:        0 kB
Node 0 HugePages_Total:     0
Node 0 HugePages_Free:      0
Node 0 HugePages_Surp:      0

Node 1 MemTotal:       24661580 kB
Node 1 MemFree:        24243852 kB
Node 1 MemUsed:          417728 kB
Node 1 Active:            34412 kB
Node 1 Inactive:         104840 kB
Node 1 Active(anon):      17188 kB
Node 1 Inactive(anon):      440 kB
Node 1 Active(file):      17224 kB
Node 1 Inactive(file):   104400 kB
Node 1 Unevictable:        5112 kB
Node 1 Mlocked:            5112 kB
Node 1 Dirty:                96 kB
Node 1 Writeback:             0 kB
Node 1 FilePages:        127332 kB
Node 1 Mapped:            17964 kB
Node 1 AnonPages:         16760 kB
Node 1 Shmem:               584 kB
Node 1 KernelStack:        2648 kB
Node 1 PageTables:          652 kB
Node 1 NFS_Unstable:          0 kB
Node 1 Bounce:                0 kB
Node 1 WritebackTmp:          0 kB
Node 1 KReclaimable:      20648 kB
Node 1 Slab:              55568 kB
Node 1 SReclaimable:      20648 kB
Node 1 SUnreclaim:        34920 kB
Node 1 AnonHugePages:         0 kB
Node 1 ShmemHugePages:        0 kB
Node 1 ShmemPmdMapped:        0 kB
Node 1 FileHugePages:        0 kB
Node 1 FilePmdMapped:        0 kB
Node 1 HugePages_Total:     0
Node 1 HugePages_Free:      0
Node 1 HugePages_Surp:      0

After Opposite Node
Node 0 MemTotal:       24768352 kB
Node 0 MemFree:        19280576 kB
Node 0 MemUsed:         5487776 kB
Node 0 Active:            64244 kB
Node 0 Inactive:          85520 kB
Node 0 Active(anon):      16144 kB
Node 0 Inactive(anon):      532 kB
Node 0 Active(file):      48100 kB
Node 0 Inactive(file):    84988 kB
Node 0 Unevictable:       13644 kB
Node 0 Mlocked:           13644 kB
Node 0 Dirty:                40 kB
Node 0 Writeback:             0 kB
Node 0 FilePages:        136900 kB
Node 0 Mapped:            27052 kB
Node 0 AnonPages:         26480 kB
Node 0 Shmem:               728 kB
Node 0 KernelStack:        2168 kB
Node 0 PageTables:          704 kB
Node 0 NFS_Unstable:          0 kB
Node 0 Bounce:                0 kB
Node 0 WritebackTmp:          0 kB
Node 0 KReclaimable:      24136 kB
Node 0 Slab:              88704 kB
Node 0 SReclaimable:      24136 kB
Node 0 SUnreclaim:        64568 kB
Node 0 AnonHugePages:         0 kB
Node 0 ShmemHugePages:        0 kB
Node 0 ShmemPmdMapped:        0 kB
Node 0 FileHugePages:        0 kB
Node 0 FilePmdMapped:        0 kB
Node 0 HugePages_Total:     0
Node 0 HugePages_Free:      0
Node 0 HugePages_Surp:      0

Node 1 MemTotal:       24661580 kB
Node 1 MemFree:        24174788 kB
Node 1 MemUsed:          486792 kB
Node 1 Active:            34440 kB
Node 1 Inactive:         104796 kB
Node 1 Active(anon):      17104 kB
Node 1 Inactive(anon):      436 kB
Node 1 Active(file):      17336 kB
Node 1 Inactive(file):   104360 kB
Node 1 Unevictable:        5112 kB
Node 1 Mlocked:            5112 kB
Node 1 Dirty:                12 kB
Node 1 Writeback:             0 kB
Node 1 FilePages:        127396 kB
Node 1 Mapped:            17760 kB
Node 1 AnonPages:         16960 kB
Node 1 Shmem:               584 kB
Node 1 KernelStack:        2504 kB
Node 1 PageTables:          484 kB
Node 1 NFS_Unstable:          0 kB
Node 1 Bounce:                0 kB
Node 1 WritebackTmp:          0 kB
Node 1 KReclaimable:      20748 kB
Node 1 Slab:              56120 kB
Node 1 SReclaimable:      20748 kB
Node 1 SUnreclaim:        35372 kB
Node 1 AnonHugePages:         0 kB
Node 1 ShmemHugePages:        0 kB
Node 1 ShmemPmdMapped:        0 kB
Node 1 FileHugePages:        0 kB
Node 1 FilePmdMapped:        0 kB
Node 1 HugePages_Total:     0
Node 1 HugePages_Free:      0
Node 1 HugePages_Surp:      0

After Test
Node 0 MemTotal:       24768352 kB
Node 0 MemFree:        19110520 kB
Node 0 MemUsed:         5657832 kB
Node 0 Active:            64276 kB
Node 0 Inactive:          85292 kB
Node 0 Active(anon):      15960 kB
Node 0 Inactive(anon):      504 kB
Node 0 Active(file):      48316 kB
Node 0 Inactive(file):    84788 kB
Node 0 Unevictable:       13644 kB
Node 0 Mlocked:           13644 kB
Node 0 Dirty:               152 kB
Node 0 Writeback:             0 kB
Node 0 FilePages:        136872 kB
Node 0 Mapped:            26984 kB
Node 0 AnonPages:         26340 kB
Node 0 Shmem:               684 kB
Node 0 KernelStack:        2104 kB
Node 0 PageTables:          532 kB
Node 0 NFS_Unstable:          0 kB
Node 0 Bounce:                0 kB
Node 0 WritebackTmp:          0 kB
Node 0 KReclaimable:      24136 kB
Node 0 Slab:              89508 kB
Node 0 SReclaimable:      24136 kB
Node 0 SUnreclaim:        65372 kB
Node 0 AnonHugePages:         0 kB
Node 0 ShmemHugePages:        0 kB
Node 0 ShmemPmdMapped:        0 kB
Node 0 FileHugePages:        0 kB
Node 0 FilePmdMapped:        0 kB
Node 0 HugePages_Total:     0
Node 0 HugePages_Free:      0
Node 0 HugePages_Surp:      0

Node 1 MemTotal:       24661580 kB
Node 1 MemFree:        24176612 kB
Node 1 MemUsed:          484968 kB
Node 1 Active:            34736 kB
Node 1 Inactive:         104844 kB
Node 1 Active(anon):      17384 kB
Node 1 Inactive(anon):      480 kB
Node 1 Active(file):      17352 kB
Node 1 Inactive(file):   104364 kB
Node 1 Unevictable:        5112 kB
Node 1 Mlocked:            5112 kB
Node 1 Dirty:                24 kB
Node 1 Writeback:             0 kB
Node 1 FilePages:        127460 kB
Node 1 Mapped:            17804 kB
Node 1 AnonPages:         17104 kB
Node 1 Shmem:               628 kB
Node 1 KernelStack:        2584 kB
Node 1 PageTables:          664 kB
Node 1 NFS_Unstable:          0 kB
Node 1 Bounce:                0 kB
Node 1 WritebackTmp:          0 kB
Node 1 KReclaimable:      20844 kB
Node 1 Slab:              56616 kB
Node 1 SReclaimable:      20844 kB
Node 1 SUnreclaim:        35772 kB
Node 1 AnonHugePages:         0 kB
Node 1 ShmemHugePages:        0 kB
Node 1 ShmemPmdMapped:        0 kB
Node 1 FileHugePages:        0 kB
Node 1 FilePmdMapped:        0 kB
Node 1 HugePages_Total:     0
Node 1 HugePages_Free:      0
Node 1 HugePages_Surp:      0

B.1.fio.4G.1.O Complete!
