B.1.fio.0-12K.1.O
Begin
Node 0 MemTotal:       24743736 kB
Node 0 MemFree:        24428472 kB
Node 0 MemUsed:          315264 kB
Node 0 Active:            21252 kB
Node 0 Inactive:          19092 kB
Node 0 Active(anon):       8520 kB
Node 0 Inactive(anon):      304 kB
Node 0 Active(file):      12732 kB
Node 0 Inactive(file):    18788 kB
Node 0 Unevictable:       13692 kB
Node 0 Mlocked:           13692 kB
Node 0 Dirty:               272 kB
Node 0 Writeback:             0 kB
Node 0 FilePages:         35352 kB
Node 0 Mapped:            10676 kB
Node 0 AnonPages:         18684 kB
Node 0 Shmem:               468 kB
Node 0 KernelStack:        1960 kB
Node 0 PageTables:          280 kB
Node 0 NFS_Unstable:          0 kB
Node 0 Bounce:                0 kB
Node 0 WritebackTmp:          0 kB
Node 0 KReclaimable:      15288 kB
Node 0 Slab:              44268 kB
Node 0 SReclaimable:      15288 kB
Node 0 SUnreclaim:        28980 kB
Node 0 AnonHugePages:         0 kB
Node 0 ShmemHugePages:        0 kB
Node 0 ShmemPmdMapped:        0 kB
Node 0 FileHugePages:        0 kB
Node 0 FilePmdMapped:        0 kB
Node 0 HugePages_Total:     0
Node 0 HugePages_Free:      0
Node 0 HugePages_Surp:      0

Node 1 MemTotal:       24686196 kB
Node 1 MemFree:        24398932 kB
Node 1 MemUsed:          287264 kB
Node 1 Active:            73688 kB
Node 1 Inactive:          63268 kB
Node 1 Active(anon):      25344 kB
Node 1 Inactive(anon):      580 kB
Node 1 Active(file):      48344 kB
Node 1 Inactive(file):    62688 kB
Node 1 Unevictable:        4832 kB
Node 1 Mlocked:            4832 kB
Node 1 Dirty:               160 kB
Node 1 Writeback:             0 kB
Node 1 FilePages:        116828 kB
Node 1 Mapped:            32276 kB
Node 1 AnonPages:         25124 kB
Node 1 Shmem:               800 kB
Node 1 KernelStack:        1624 kB
Node 1 PageTables:          736 kB
Node 1 NFS_Unstable:          0 kB
Node 1 Bounce:                0 kB
Node 1 WritebackTmp:          0 kB
Node 1 KReclaimable:      25472 kB
Node 1 Slab:              60036 kB
Node 1 SReclaimable:      25472 kB
Node 1 SUnreclaim:        34564 kB
Node 1 AnonHugePages:         0 kB
Node 1 ShmemHugePages:        0 kB
Node 1 ShmemPmdMapped:        0 kB
Node 1 FileHugePages:        0 kB
Node 1 FilePmdMapped:        0 kB
Node 1 HugePages_Total:     0
Node 1 HugePages_Free:      0
Node 1 HugePages_Surp:      0

Load ZFS
Node 0 MemTotal:       24743736 kB
Node 0 MemFree:        24340676 kB
Node 0 MemUsed:          403060 kB
Node 0 Active:            33620 kB
Node 0 Inactive:          88988 kB
Node 0 Active(anon):      20120 kB
Node 0 Inactive(anon):      516 kB
Node 0 Active(file):      13500 kB
Node 0 Inactive(file):    88472 kB
Node 0 Unevictable:       13908 kB
Node 0 Mlocked:           13908 kB
Node 0 Dirty:                36 kB
Node 0 Writeback:             0 kB
Node 0 FilePages:        105992 kB
Node 0 Mapped:            12400 kB
Node 0 AnonPages:         30680 kB
Node 0 Shmem:               656 kB
Node 0 KernelStack:        2040 kB
Node 0 PageTables:          116 kB
Node 0 NFS_Unstable:          0 kB
Node 0 Bounce:                0 kB
Node 0 WritebackTmp:          0 kB
Node 0 KReclaimable:      16280 kB
Node 0 Slab:              47928 kB
Node 0 SReclaimable:      16280 kB
Node 0 SUnreclaim:        31648 kB
Node 0 AnonHugePages:         0 kB
Node 0 ShmemHugePages:        0 kB
Node 0 ShmemPmdMapped:        0 kB
Node 0 FileHugePages:        0 kB
Node 0 FilePmdMapped:        0 kB
Node 0 HugePages_Total:     0
Node 0 HugePages_Free:      0
Node 0 HugePages_Surp:      0

Node 1 MemTotal:       24686196 kB
Node 1 MemFree:        24343076 kB
Node 1 MemUsed:          343120 kB
Node 1 Active:            88684 kB
Node 1 Inactive:          96812 kB
Node 1 Active(anon):      38396 kB
Node 1 Inactive(anon):      428 kB
Node 1 Active(file):      50288 kB
Node 1 Inactive(file):    96384 kB
Node 1 Unevictable:        4832 kB
Node 1 Mlocked:            4832 kB
Node 1 Dirty:               484 kB
Node 1 Writeback:             0 kB
Node 1 FilePages:        152112 kB
Node 1 Mapped:            34208 kB
Node 1 AnonPages:         38068 kB
Node 1 Shmem:               612 kB
Node 1 KernelStack:        2104 kB
Node 1 PageTables:         2176 kB
Node 1 NFS_Unstable:          0 kB
Node 1 Bounce:                0 kB
Node 1 WritebackTmp:          0 kB
Node 1 KReclaimable:      26328 kB
Node 1 Slab:              64448 kB
Node 1 SReclaimable:      26328 kB
Node 1 SUnreclaim:        38120 kB
Node 1 AnonHugePages:         0 kB
Node 1 ShmemHugePages:        0 kB
Node 1 ShmemPmdMapped:        0 kB
Node 1 FileHugePages:        0 kB
Node 1 FilePmdMapped:        0 kB
Node 1 HugePages_Total:     0
Node 1 HugePages_Free:      0
Node 1 HugePages_Surp:      0

Import tank ZPool
Node 0 MemTotal:       24743736 kB
Node 0 MemFree:        24341572 kB
Node 0 MemUsed:          402164 kB
Node 0 Active:            33680 kB
Node 0 Inactive:          88988 kB
Node 0 Active(anon):      20180 kB
Node 0 Inactive(anon):      516 kB
Node 0 Active(file):      13500 kB
Node 0 Inactive(file):    88472 kB
Node 0 Unevictable:       13924 kB
Node 0 Mlocked:           13924 kB
Node 0 Dirty:                40 kB
Node 0 Writeback:             0 kB
Node 0 FilePages:        105996 kB
Node 0 Mapped:            12480 kB
Node 0 AnonPages:         30596 kB
Node 0 Shmem:               660 kB
Node 0 KernelStack:        2024 kB
Node 0 PageTables:          520 kB
Node 0 NFS_Unstable:          0 kB
Node 0 Bounce:                0 kB
Node 0 WritebackTmp:          0 kB
Node 0 KReclaimable:      16296 kB
Node 0 Slab:              47980 kB
Node 0 SReclaimable:      16296 kB
Node 0 SUnreclaim:        31684 kB
Node 0 AnonHugePages:         0 kB
Node 0 ShmemHugePages:        0 kB
Node 0 ShmemPmdMapped:        0 kB
Node 0 FileHugePages:        0 kB
Node 0 FilePmdMapped:        0 kB
Node 0 HugePages_Total:     0
Node 0 HugePages_Free:      0
Node 0 HugePages_Surp:      0

Node 1 MemTotal:       24686196 kB
Node 1 MemFree:        24324280 kB
Node 1 MemUsed:          361916 kB
Node 1 Active:            89012 kB
Node 1 Inactive:          97968 kB
Node 1 Active(anon):      38380 kB
Node 1 Inactive(anon):      432 kB
Node 1 Active(file):      50632 kB
Node 1 Inactive(file):    97536 kB
Node 1 Unevictable:        4832 kB
Node 1 Mlocked:            4832 kB
Node 1 Dirty:               512 kB
Node 1 Writeback:             0 kB
Node 1 FilePages:        153660 kB
Node 1 Mapped:            34416 kB
Node 1 AnonPages:         38260 kB
Node 1 Shmem:               608 kB
Node 1 KernelStack:        3224 kB
Node 1 PageTables:         2240 kB
Node 1 NFS_Unstable:          0 kB
Node 1 Bounce:                0 kB
Node 1 WritebackTmp:          0 kB
Node 1 KReclaimable:      26444 kB
Node 1 Slab:              70656 kB
Node 1 SReclaimable:      26444 kB
Node 1 SUnreclaim:        44212 kB
Node 1 AnonHugePages:         0 kB
Node 1 ShmemHugePages:        0 kB
Node 1 ShmemPmdMapped:        0 kB
Node 1 FileHugePages:        0 kB
Node 1 FilePmdMapped:        0 kB
Node 1 HugePages_Total:     0
Node 1 HugePages_Free:      0
Node 1 HugePages_Surp:      0

After Opposite Node
Node 0 MemTotal:       24743736 kB
Node 0 MemFree:        24337464 kB
Node 0 MemUsed:          406272 kB
Node 0 Active:            34544 kB
Node 0 Inactive:          90464 kB
Node 0 Active(anon):      20296 kB
Node 0 Inactive(anon):      808 kB
Node 0 Active(file):      14248 kB
Node 0 Inactive(file):    89656 kB
Node 0 Unevictable:       13924 kB
Node 0 Mlocked:           13924 kB
Node 0 Dirty:                44 kB
Node 0 Writeback:             0 kB
Node 0 FilePages:        108220 kB
Node 0 Mapped:            12708 kB
Node 0 AnonPages:         30864 kB
Node 0 Shmem:               660 kB
Node 0 KernelStack:        2132 kB
Node 0 PageTables:          560 kB
Node 0 NFS_Unstable:          0 kB
Node 0 Bounce:                0 kB
Node 0 WritebackTmp:          0 kB
Node 0 KReclaimable:      17592 kB
Node 0 Slab:              49572 kB
Node 0 SReclaimable:      17592 kB
Node 0 SUnreclaim:        31980 kB
Node 0 AnonHugePages:         0 kB
Node 0 ShmemHugePages:        0 kB
Node 0 ShmemPmdMapped:        0 kB
Node 0 FileHugePages:        0 kB
Node 0 FilePmdMapped:        0 kB
Node 0 HugePages_Total:     0
Node 0 HugePages_Free:      0
Node 0 HugePages_Surp:      0

Node 1 MemTotal:       24686196 kB
Node 1 MemFree:        24324404 kB
Node 1 MemUsed:          361792 kB
Node 1 Active:            89296 kB
Node 1 Inactive:          97780 kB
Node 1 Active(anon):      38256 kB
Node 1 Inactive(anon):      428 kB
Node 1 Active(file):      51040 kB
Node 1 Inactive(file):    97352 kB
Node 1 Unevictable:        4832 kB
Node 1 Mlocked:            4832 kB
Node 1 Dirty:               404 kB
Node 1 Writeback:             0 kB
Node 1 FilePages:        153828 kB
Node 1 Mapped:            34180 kB
Node 1 AnonPages:         38120 kB
Node 1 Shmem:               608 kB
Node 1 KernelStack:        3176 kB
Node 1 PageTables:         2156 kB
Node 1 NFS_Unstable:          0 kB
Node 1 Bounce:                0 kB
Node 1 WritebackTmp:          0 kB
Node 1 KReclaimable:      26452 kB
Node 1 Slab:              70824 kB
Node 1 SReclaimable:      26452 kB
Node 1 SUnreclaim:        44372 kB
Node 1 AnonHugePages:         0 kB
Node 1 ShmemHugePages:        0 kB
Node 1 ShmemPmdMapped:        0 kB
Node 1 FileHugePages:        0 kB
Node 1 FilePmdMapped:        0 kB
Node 1 HugePages_Total:     0
Node 1 HugePages_Free:      0
Node 1 HugePages_Surp:      0

After Test
Node 0 MemTotal:       24743736 kB
Node 0 MemFree:        24337472 kB
Node 0 MemUsed:          406264 kB
Node 0 Active:            34448 kB
Node 0 Inactive:          90464 kB
Node 0 Active(anon):      20200 kB
Node 0 Inactive(anon):      808 kB
Node 0 Active(file):      14248 kB
Node 0 Inactive(file):    89656 kB
Node 0 Unevictable:       13924 kB
Node 0 Mlocked:           13924 kB
Node 0 Dirty:                44 kB
Node 0 Writeback:             0 kB
Node 0 FilePages:        108220 kB
Node 0 Mapped:            12924 kB
Node 0 AnonPages:         30768 kB
Node 0 Shmem:               660 kB
Node 0 KernelStack:        2164 kB
Node 0 PageTables:          540 kB
Node 0 NFS_Unstable:          0 kB
Node 0 Bounce:                0 kB
Node 0 WritebackTmp:          0 kB
Node 0 KReclaimable:      17592 kB
Node 0 Slab:              49572 kB
Node 0 SReclaimable:      17592 kB
Node 0 SUnreclaim:        31980 kB
Node 0 AnonHugePages:         0 kB
Node 0 ShmemHugePages:        0 kB
Node 0 ShmemPmdMapped:        0 kB
Node 0 FileHugePages:        0 kB
Node 0 FilePmdMapped:        0 kB
Node 0 HugePages_Total:     0
Node 0 HugePages_Free:      0
Node 0 HugePages_Surp:      0

Node 1 MemTotal:       24686196 kB
Node 1 MemFree:        24323320 kB
Node 1 MemUsed:          362876 kB
Node 1 Active:            89484 kB
Node 1 Inactive:          97784 kB
Node 1 Active(anon):      38420 kB
Node 1 Inactive(anon):      456 kB
Node 1 Active(file):      51064 kB
Node 1 Inactive(file):    97328 kB
Node 1 Unevictable:        4832 kB
Node 1 Mlocked:            4832 kB
Node 1 Dirty:               404 kB
Node 1 Writeback:             0 kB
Node 1 FilePages:        154164 kB
Node 1 Mapped:            34224 kB
Node 1 AnonPages:         38064 kB
Node 1 Shmem:               652 kB
Node 1 KernelStack:        3268 kB
Node 1 PageTables:         2316 kB
Node 1 NFS_Unstable:          0 kB
Node 1 Bounce:                0 kB
Node 1 WritebackTmp:          0 kB
Node 1 KReclaimable:      26476 kB
Node 1 Slab:              70912 kB
Node 1 SReclaimable:      26476 kB
Node 1 SUnreclaim:        44436 kB
Node 1 AnonHugePages:         0 kB
Node 1 ShmemHugePages:        0 kB
Node 1 ShmemPmdMapped:        0 kB
Node 1 FileHugePages:        0 kB
Node 1 FilePmdMapped:        0 kB
Node 1 HugePages_Total:     0
Node 1 HugePages_Free:      0
Node 1 HugePages_Surp:      0

B.1.fio.0-12K.1.O Complete!
