kernel.numa_balancing = 0
U.0.simpleread.4G.2.O
Begin
Node 0 MemTotal:       24768352 kB
Node 0 MemFree:        24352396 kB
Node 0 MemUsed:          415956 kB
Node 0 Active:            58476 kB
Node 0 Inactive:          66380 kB
Node 0 Active(anon):      17984 kB
Node 0 Inactive(anon):      348 kB
Node 0 Active(file):      40492 kB
Node 0 Inactive(file):    66032 kB
Node 0 Unevictable:       18036 kB
Node 0 Mlocked:           18036 kB
Node 0 Dirty:               124 kB
Node 0 Writeback:             0 kB
Node 0 FilePages:        114924 kB
Node 0 Mapped:            29440 kB
Node 0 AnonPages:         28168 kB
Node 0 Shmem:               548 kB
Node 0 KernelStack:        2232 kB
Node 0 PageTables:          624 kB
Node 0 NFS_Unstable:          0 kB
Node 0 Bounce:                0 kB
Node 0 WritebackTmp:          0 kB
Node 0 KReclaimable:      17916 kB
Node 0 Slab:              54956 kB
Node 0 SReclaimable:      17916 kB
Node 0 SUnreclaim:        37040 kB
Node 0 AnonHugePages:         0 kB
Node 0 ShmemHugePages:        0 kB
Node 0 ShmemPmdMapped:        0 kB
Node 0 FileHugePages:        0 kB
Node 0 FilePmdMapped:        0 kB
Node 0 HugePages_Total:     0
Node 0 HugePages_Free:      0
Node 0 HugePages_Surp:      0

Node 1 MemTotal:       24661580 kB
Node 1 MemFree:        24427460 kB
Node 1 MemUsed:          234120 kB
Node 1 Active:            37192 kB
Node 1 Inactive:          61008 kB
Node 1 Active(anon):      15864 kB
Node 1 Inactive(anon):      528 kB
Node 1 Active(file):      21328 kB
Node 1 Inactive(file):    60480 kB
Node 1 Unevictable:         484 kB
Node 1 Mlocked:             484 kB
Node 1 Dirty:               388 kB
Node 1 Writeback:             0 kB
Node 1 FilePages:         83024 kB
Node 1 Mapped:            43360 kB
Node 1 AnonPages:         15688 kB
Node 1 Shmem:               720 kB
Node 1 KernelStack:        1432 kB
Node 1 PageTables:          568 kB
Node 1 NFS_Unstable:          0 kB
Node 1 Bounce:                0 kB
Node 1 WritebackTmp:          0 kB
Node 1 KReclaimable:      24284 kB
Node 1 Slab:              51708 kB
Node 1 SReclaimable:      24284 kB
Node 1 SUnreclaim:        27424 kB
Node 1 AnonHugePages:         0 kB
Node 1 ShmemHugePages:        0 kB
Node 1 ShmemPmdMapped:        0 kB
Node 1 FileHugePages:        0 kB
Node 1 FilePmdMapped:        0 kB
Node 1 HugePages_Total:     0
Node 1 HugePages_Free:      0
Node 1 HugePages_Surp:      0

Load ZFS
Node 0 MemTotal:       24768352 kB
Node 0 MemFree:        24341376 kB
Node 0 MemUsed:          426976 kB
Node 0 Active:            71136 kB
Node 0 Inactive:          61988 kB
Node 0 Active(anon):      24296 kB
Node 0 Inactive(anon):      352 kB
Node 0 Active(file):      46840 kB
Node 0 Inactive(file):    61636 kB
Node 0 Unevictable:       18036 kB
Node 0 Mlocked:           18036 kB
Node 0 Dirty:               128 kB
Node 0 Writeback:             0 kB
Node 0 FilePages:        116732 kB
Node 0 Mapped:            29484 kB
Node 0 AnonPages:         33964 kB
Node 0 Shmem:               548 kB
Node 0 KernelStack:        2456 kB
Node 0 PageTables:         1132 kB
Node 0 NFS_Unstable:          0 kB
Node 0 Bounce:                0 kB
Node 0 WritebackTmp:          0 kB
Node 0 KReclaimable:      18384 kB
Node 0 Slab:              56816 kB
Node 0 SReclaimable:      18384 kB
Node 0 SUnreclaim:        38432 kB
Node 0 AnonHugePages:         0 kB
Node 0 ShmemHugePages:        0 kB
Node 0 ShmemPmdMapped:        0 kB
Node 0 FileHugePages:        0 kB
Node 0 FilePmdMapped:        0 kB
Node 0 HugePages_Total:     0
Node 0 HugePages_Free:      0
Node 0 HugePages_Surp:      0

Node 1 MemTotal:       24661580 kB
Node 1 MemFree:        24424748 kB
Node 1 MemUsed:          236832 kB
Node 1 Active:            40560 kB
Node 1 Inactive:          61308 kB
Node 1 Active(anon):      19056 kB
Node 1 Inactive(anon):      528 kB
Node 1 Active(file):      21504 kB
Node 1 Inactive(file):    60780 kB
Node 1 Unevictable:         484 kB
Node 1 Mlocked:             484 kB
Node 1 Dirty:               424 kB
Node 1 Writeback:             0 kB
Node 1 FilePages:         83488 kB
Node 1 Mapped:            43608 kB
Node 1 AnonPages:         19028 kB
Node 1 Shmem:               720 kB
Node 1 KernelStack:        1400 kB
Node 1 PageTables:          600 kB
Node 1 NFS_Unstable:          0 kB
Node 1 Bounce:                0 kB
Node 1 WritebackTmp:          0 kB
Node 1 KReclaimable:      24704 kB
Node 1 Slab:              53616 kB
Node 1 SReclaimable:      24704 kB
Node 1 SUnreclaim:        28912 kB
Node 1 AnonHugePages:         0 kB
Node 1 ShmemHugePages:        0 kB
Node 1 ShmemPmdMapped:        0 kB
Node 1 FileHugePages:        0 kB
Node 1 FilePmdMapped:        0 kB
Node 1 HugePages_Total:     0
Node 1 HugePages_Free:      0
Node 1 HugePages_Surp:      0

Import tank ZPool
Node 0 MemTotal:       24768352 kB
Node 0 MemFree:        24333028 kB
Node 0 MemUsed:          435324 kB
Node 0 Active:            71776 kB
Node 0 Inactive:          63156 kB
Node 0 Active(anon):      24504 kB
Node 0 Inactive(anon):      356 kB
Node 0 Active(file):      47272 kB
Node 0 Inactive(file):    62800 kB
Node 0 Unevictable:       18036 kB
Node 0 Mlocked:           18036 kB
Node 0 Dirty:               156 kB
Node 0 Writeback:             0 kB
Node 0 FilePages:        118348 kB
Node 0 Mapped:            29616 kB
Node 0 AnonPages:         34624 kB
Node 0 Shmem:               548 kB
Node 0 KernelStack:        2488 kB
Node 0 PageTables:         1152 kB
Node 0 NFS_Unstable:          0 kB
Node 0 Bounce:                0 kB
Node 0 WritebackTmp:          0 kB
Node 0 KReclaimable:      18560 kB
Node 0 Slab:              61936 kB
Node 0 SReclaimable:      18560 kB
Node 0 SUnreclaim:        43376 kB
Node 0 AnonHugePages:         0 kB
Node 0 ShmemHugePages:        0 kB
Node 0 ShmemPmdMapped:        0 kB
Node 0 FileHugePages:        0 kB
Node 0 FilePmdMapped:        0 kB
Node 0 HugePages_Total:     0
Node 0 HugePages_Free:      0
Node 0 HugePages_Surp:      0

Node 1 MemTotal:       24661580 kB
Node 1 MemFree:        24411688 kB
Node 1 MemUsed:          249892 kB
Node 1 Active:            40700 kB
Node 1 Inactive:          61312 kB
Node 1 Active(anon):      19168 kB
Node 1 Inactive(anon):      528 kB
Node 1 Active(file):      21532 kB
Node 1 Inactive(file):    60784 kB
Node 1 Unevictable:         484 kB
Node 1 Mlocked:             484 kB
Node 1 Dirty:               236 kB
Node 1 Writeback:             8 kB
Node 1 FilePages:         83540 kB
Node 1 Mapped:            43448 kB
Node 1 AnonPages:         19032 kB
Node 1 Shmem:               720 kB
Node 1 KernelStack:        2504 kB
Node 1 PageTables:          600 kB
Node 1 NFS_Unstable:          0 kB
Node 1 Bounce:                0 kB
Node 1 WritebackTmp:          0 kB
Node 1 KReclaimable:      24720 kB
Node 1 Slab:              56000 kB
Node 1 SReclaimable:      24720 kB
Node 1 SUnreclaim:        31280 kB
Node 1 AnonHugePages:         0 kB
Node 1 ShmemHugePages:        0 kB
Node 1 ShmemPmdMapped:        0 kB
Node 1 FileHugePages:        0 kB
Node 1 FilePmdMapped:        0 kB
Node 1 HugePages_Total:     0
Node 1 HugePages_Free:      0
Node 1 HugePages_Surp:      0

After Test
Node 0 MemTotal:       24768352 kB
Node 0 MemFree:        19548616 kB
Node 0 MemUsed:         5219736 kB
Node 0 Active:            66852 kB
Node 0 Inactive:          78132 kB
Node 0 Active(anon):      17288 kB
Node 0 Inactive(anon):      352 kB
Node 0 Active(file):      49564 kB
Node 0 Inactive(file):    77780 kB
Node 0 Unevictable:       18036 kB
Node 0 Mlocked:           18036 kB
Node 0 Dirty:                16 kB
Node 0 Writeback:             0 kB
Node 0 FilePages:        135596 kB
Node 0 Mapped:            29492 kB
Node 0 AnonPages:         27444 kB
Node 0 Shmem:               544 kB
Node 0 KernelStack:        2200 kB
Node 0 PageTables:          612 kB
Node 0 NFS_Unstable:          0 kB
Node 0 Bounce:                0 kB
Node 0 WritebackTmp:          0 kB
Node 0 KReclaimable:      19112 kB
Node 0 Slab:              80912 kB
Node 0 SReclaimable:      19112 kB
Node 0 SUnreclaim:        61800 kB
Node 0 AnonHugePages:         0 kB
Node 0 ShmemHugePages:        0 kB
Node 0 ShmemPmdMapped:        0 kB
Node 0 FileHugePages:        0 kB
Node 0 FilePmdMapped:        0 kB
Node 0 HugePages_Total:     0
Node 0 HugePages_Free:      0
Node 0 HugePages_Surp:      0

Node 1 MemTotal:       24661580 kB
Node 1 MemFree:        24125676 kB
Node 1 MemUsed:          535904 kB
Node 1 Active:            41124 kB
Node 1 Inactive:          82076 kB
Node 1 Active(anon):      15892 kB
Node 1 Inactive(anon):      532 kB
Node 1 Active(file):      25232 kB
Node 1 Inactive(file):    81544 kB
Node 1 Unevictable:         484 kB
Node 1 Mlocked:             484 kB
Node 1 Dirty:               212 kB
Node 1 Writeback:             0 kB
Node 1 FilePages:        107992 kB
Node 1 Mapped:            43552 kB
Node 1 AnonPages:         15700 kB
Node 1 Shmem:               724 kB
Node 1 KernelStack:        2472 kB
Node 1 PageTables:          568 kB
Node 1 NFS_Unstable:          0 kB
Node 1 Bounce:                0 kB
Node 1 WritebackTmp:          0 kB
Node 1 KReclaimable:      25032 kB
Node 1 Slab:              57452 kB
Node 1 SReclaimable:      25032 kB
Node 1 SUnreclaim:        32420 kB
Node 1 AnonHugePages:         0 kB
Node 1 ShmemHugePages:        0 kB
Node 1 ShmemPmdMapped:        0 kB
Node 1 FileHugePages:        0 kB
Node 1 FilePmdMapped:        0 kB
Node 1 HugePages_Total:     0
Node 1 HugePages_Free:      0
Node 1 HugePages_Surp:      0

After Opposite Node
Node 0 MemTotal:       24768352 kB
Node 0 MemFree:        19551448 kB
Node 0 MemUsed:         5216904 kB
Node 0 Active:            66564 kB
Node 0 Inactive:          78080 kB
Node 0 Active(anon):      16936 kB
Node 0 Inactive(anon):      352 kB
Node 0 Active(file):      49628 kB
Node 0 Inactive(file):    77728 kB
Node 0 Unevictable:       18036 kB
Node 0 Mlocked:           18036 kB
Node 0 Dirty:                52 kB
Node 0 Writeback:             0 kB
Node 0 FilePages:        135608 kB
Node 0 Mapped:            29500 kB
Node 0 AnonPages:         27108 kB
Node 0 Shmem:               544 kB
Node 0 KernelStack:        2200 kB
Node 0 PageTables:          560 kB
Node 0 NFS_Unstable:          0 kB
Node 0 Bounce:                0 kB
Node 0 WritebackTmp:          0 kB
Node 0 KReclaimable:      19120 kB
Node 0 Slab:              81124 kB
Node 0 SReclaimable:      19120 kB
Node 0 SUnreclaim:        62004 kB
Node 0 AnonHugePages:         0 kB
Node 0 ShmemHugePages:        0 kB
Node 0 ShmemPmdMapped:        0 kB
Node 0 FileHugePages:        0 kB
Node 0 FilePmdMapped:        0 kB
Node 0 HugePages_Total:     0
Node 0 HugePages_Free:      0
Node 0 HugePages_Surp:      0

Node 1 MemTotal:       24661580 kB
Node 1 MemFree:        24126548 kB
Node 1 MemUsed:          535032 kB
Node 1 Active:            41632 kB
Node 1 Inactive:          81876 kB
Node 1 Active(anon):      16176 kB
Node 1 Inactive(anon):      532 kB
Node 1 Active(file):      25456 kB
Node 1 Inactive(file):    81344 kB
Node 1 Unevictable:         484 kB
Node 1 Mlocked:             484 kB
Node 1 Dirty:               228 kB
Node 1 Writeback:             0 kB
Node 1 FilePages:        108008 kB
Node 1 Mapped:            43564 kB
Node 1 AnonPages:         16048 kB
Node 1 Shmem:               724 kB
Node 1 KernelStack:        2472 kB
Node 1 PageTables:          612 kB
Node 1 NFS_Unstable:          0 kB
Node 1 Bounce:                0 kB
Node 1 WritebackTmp:          0 kB
Node 1 KReclaimable:      25064 kB
Node 1 Slab:              58252 kB
Node 1 SReclaimable:      25064 kB
Node 1 SUnreclaim:        33188 kB
Node 1 AnonHugePages:         0 kB
Node 1 ShmemHugePages:        0 kB
Node 1 ShmemPmdMapped:        0 kB
Node 1 FileHugePages:        0 kB
Node 1 FilePmdMapped:        0 kB
Node 1 HugePages_Total:     0
Node 1 HugePages_Free:      0
Node 1 HugePages_Surp:      0

U.0.simpleread.4G.2.O Complete!
