kernel.numa_balancing = 0
U.0.simpleread.2G.1.O
Begin
Node 0 MemTotal:       24768352 kB
Node 0 MemFree:        24384356 kB
Node 0 MemUsed:          383996 kB
Node 0 Active:            63588 kB
Node 0 Inactive:          36460 kB
Node 0 Active(anon):      20356 kB
Node 0 Inactive(anon):      420 kB
Node 0 Active(file):      43232 kB
Node 0 Inactive(file):    36040 kB
Node 0 Unevictable:        5212 kB
Node 0 Mlocked:            5212 kB
Node 0 Dirty:                48 kB
Node 0 Writeback:             0 kB
Node 0 FilePages:         85524 kB
Node 0 Mapped:            34656 kB
Node 0 AnonPages:         20232 kB
Node 0 Shmem:               600 kB
Node 0 KernelStack:        2008 kB
Node 0 PageTables:          492 kB
Node 0 NFS_Unstable:          0 kB
Node 0 Bounce:                0 kB
Node 0 WritebackTmp:          0 kB
Node 0 KReclaimable:      24272 kB
Node 0 Slab:              59772 kB
Node 0 SReclaimable:      24272 kB
Node 0 SUnreclaim:        35500 kB
Node 0 AnonHugePages:         0 kB
Node 0 ShmemHugePages:        0 kB
Node 0 ShmemPmdMapped:        0 kB
Node 0 FileHugePages:        0 kB
Node 0 FilePmdMapped:        0 kB
Node 0 HugePages_Total:     0
Node 0 HugePages_Free:      0
Node 0 HugePages_Surp:      0

Node 1 MemTotal:       24661580 kB
Node 1 MemFree:        24400408 kB
Node 1 MemUsed:          261172 kB
Node 1 Active:            33788 kB
Node 1 Inactive:          85148 kB
Node 1 Active(anon):      13376 kB
Node 1 Inactive(anon):      460 kB
Node 1 Active(file):      20412 kB
Node 1 Inactive(file):    84688 kB
Node 1 Unevictable:       13312 kB
Node 1 Mlocked:           13312 kB
Node 1 Dirty:               460 kB
Node 1 Writeback:             0 kB
Node 1 FilePages:        108768 kB
Node 1 Mapped:            41080 kB
Node 1 AnonPages:         23564 kB
Node 1 Shmem:               668 kB
Node 1 KernelStack:        1608 kB
Node 1 PageTables:          668 kB
Node 1 NFS_Unstable:          0 kB
Node 1 Bounce:                0 kB
Node 1 WritebackTmp:          0 kB
Node 1 KReclaimable:      18028 kB
Node 1 Slab:              46360 kB
Node 1 SReclaimable:      18028 kB
Node 1 SUnreclaim:        28332 kB
Node 1 AnonHugePages:         0 kB
Node 1 ShmemHugePages:        0 kB
Node 1 ShmemPmdMapped:        0 kB
Node 1 FileHugePages:        0 kB
Node 1 FilePmdMapped:        0 kB
Node 1 HugePages_Total:     0
Node 1 HugePages_Free:      0
Node 1 HugePages_Surp:      0

Load ZFS
Node 0 MemTotal:       24768352 kB
Node 0 MemFree:        24382392 kB
Node 0 MemUsed:          385960 kB
Node 0 Active:            70896 kB
Node 0 Inactive:          31892 kB
Node 0 Active(anon):      21568 kB
Node 0 Inactive(anon):      420 kB
Node 0 Active(file):      49328 kB
Node 0 Inactive(file):    31472 kB
Node 0 Unevictable:        5212 kB
Node 0 Mlocked:            5212 kB
Node 0 Dirty:                48 kB
Node 0 Writeback:             0 kB
Node 0 FilePages:         86608 kB
Node 0 Mapped:            34844 kB
Node 0 AnonPages:         21088 kB
Node 0 Shmem:               600 kB
Node 0 KernelStack:        2040 kB
Node 0 PageTables:          544 kB
Node 0 NFS_Unstable:          0 kB
Node 0 Bounce:                0 kB
Node 0 WritebackTmp:          0 kB
Node 0 KReclaimable:      24720 kB
Node 0 Slab:              61236 kB
Node 0 SReclaimable:      24720 kB
Node 0 SUnreclaim:        36516 kB
Node 0 AnonHugePages:         0 kB
Node 0 ShmemHugePages:        0 kB
Node 0 ShmemPmdMapped:        0 kB
Node 0 FileHugePages:        0 kB
Node 0 FilePmdMapped:        0 kB
Node 0 HugePages_Total:     0
Node 0 HugePages_Free:      0
Node 0 HugePages_Surp:      0

Node 1 MemTotal:       24661580 kB
Node 1 MemFree:        24392532 kB
Node 1 MemUsed:          269048 kB
Node 1 Active:            39404 kB
Node 1 Inactive:          85600 kB
Node 1 Active(anon):      18244 kB
Node 1 Inactive(anon):      460 kB
Node 1 Active(file):      21160 kB
Node 1 Inactive(file):    85140 kB
Node 1 Unevictable:       13312 kB
Node 1 Mlocked:           13312 kB
Node 1 Dirty:               496 kB
Node 1 Writeback:             0 kB
Node 1 FilePages:        109952 kB
Node 1 Mapped:            41148 kB
Node 1 AnonPages:         28520 kB
Node 1 Shmem:               668 kB
Node 1 KernelStack:        1704 kB
Node 1 PageTables:          956 kB
Node 1 NFS_Unstable:          0 kB
Node 1 Bounce:                0 kB
Node 1 WritebackTmp:          0 kB
Node 1 KReclaimable:      18472 kB
Node 1 Slab:              48604 kB
Node 1 SReclaimable:      18472 kB
Node 1 SUnreclaim:        30132 kB
Node 1 AnonHugePages:         0 kB
Node 1 ShmemHugePages:        0 kB
Node 1 ShmemPmdMapped:        0 kB
Node 1 FileHugePages:        0 kB
Node 1 FilePmdMapped:        0 kB
Node 1 HugePages_Total:     0
Node 1 HugePages_Free:      0
Node 1 HugePages_Surp:      0

Import tank ZPool
Node 0 MemTotal:       24768352 kB
Node 0 MemFree:        24361040 kB
Node 0 MemUsed:          407312 kB
Node 0 Active:            70420 kB
Node 0 Inactive:          33080 kB
Node 0 Active(anon):      20564 kB
Node 0 Inactive(anon):      424 kB
Node 0 Active(file):      49856 kB
Node 0 Inactive(file):    32656 kB
Node 0 Unevictable:        5212 kB
Node 0 Mlocked:            5212 kB
Node 0 Dirty:               124 kB
Node 0 Writeback:             0 kB
Node 0 FilePages:         88336 kB
Node 0 Mapped:            34896 kB
Node 0 AnonPages:         20172 kB
Node 0 Shmem:               600 kB
Node 0 KernelStack:        3144 kB
Node 0 PageTables:          632 kB
Node 0 NFS_Unstable:          0 kB
Node 0 Bounce:                0 kB
Node 0 WritebackTmp:          0 kB
Node 0 KReclaimable:      24832 kB
Node 0 Slab:              67716 kB
Node 0 SReclaimable:      24832 kB
Node 0 SUnreclaim:        42884 kB
Node 0 AnonHugePages:         0 kB
Node 0 ShmemHugePages:        0 kB
Node 0 ShmemPmdMapped:        0 kB
Node 0 FileHugePages:        0 kB
Node 0 FilePmdMapped:        0 kB
Node 0 HugePages_Total:     0
Node 0 HugePages_Free:      0
Node 0 HugePages_Surp:      0

Node 1 MemTotal:       24661580 kB
Node 1 MemFree:        24396844 kB
Node 1 MemUsed:          264736 kB
Node 1 Active:            34052 kB
Node 1 Inactive:          85600 kB
Node 1 Active(anon):      12888 kB
Node 1 Inactive(anon):      460 kB
Node 1 Active(file):      21164 kB
Node 1 Inactive(file):    85140 kB
Node 1 Unevictable:       13312 kB
Node 1 Mlocked:           13312 kB
Node 1 Dirty:               292 kB
Node 1 Writeback:             0 kB
Node 1 FilePages:        109992 kB
Node 1 Mapped:            41168 kB
Node 1 AnonPages:         23008 kB
Node 1 Shmem:               668 kB
Node 1 KernelStack:        1576 kB
Node 1 PageTables:          604 kB
Node 1 NFS_Unstable:          0 kB
Node 1 Bounce:                0 kB
Node 1 WritebackTmp:          0 kB
Node 1 KReclaimable:      18472 kB
Node 1 Slab:              48932 kB
Node 1 SReclaimable:      18472 kB
Node 1 SUnreclaim:        30460 kB
Node 1 AnonHugePages:         0 kB
Node 1 ShmemHugePages:        0 kB
Node 1 ShmemPmdMapped:        0 kB
Node 1 FileHugePages:        0 kB
Node 1 FilePmdMapped:        0 kB
Node 1 HugePages_Total:     0
Node 1 HugePages_Free:      0
Node 1 HugePages_Surp:      0

After Test
Node 0 MemTotal:       24768352 kB
Node 0 MemFree:        21997036 kB
Node 0 MemUsed:         2771316 kB
Node 0 Active:            70904 kB
Node 0 Inactive:          32712 kB
Node 0 Active(anon):      20336 kB
Node 0 Inactive(anon):      424 kB
Node 0 Active(file):      50568 kB
Node 0 Inactive(file):    32288 kB
Node 0 Unevictable:        5212 kB
Node 0 Mlocked:            5212 kB
Node 0 Dirty:                16 kB
Node 0 Writeback:             0 kB
Node 0 FilePages:         88668 kB
Node 0 Mapped:            34740 kB
Node 0 AnonPages:         20240 kB
Node 0 Shmem:               600 kB
Node 0 KernelStack:        3080 kB
Node 0 PageTables:          568 kB
Node 0 NFS_Unstable:          0 kB
Node 0 Bounce:                0 kB
Node 0 WritebackTmp:          0 kB
Node 0 KReclaimable:      24988 kB
Node 0 Slab:              79012 kB
Node 0 SReclaimable:      24988 kB
Node 0 SUnreclaim:        54024 kB
Node 0 AnonHugePages:         0 kB
Node 0 ShmemHugePages:        0 kB
Node 0 ShmemPmdMapped:        0 kB
Node 0 FileHugePages:        0 kB
Node 0 FilePmdMapped:        0 kB
Node 0 HugePages_Total:     0
Node 0 HugePages_Free:      0
Node 0 HugePages_Surp:      0

Node 1 MemTotal:       24661580 kB
Node 1 MemFree:        23828288 kB
Node 1 MemUsed:          833292 kB
Node 1 Active:            33824 kB
Node 1 Inactive:          85596 kB
Node 1 Active(anon):      12600 kB
Node 1 Inactive(anon):      460 kB
Node 1 Active(file):      21224 kB
Node 1 Inactive(file):    85136 kB
Node 1 Unevictable:       13312 kB
Node 1 Mlocked:           13312 kB
Node 1 Dirty:                28 kB
Node 1 Writeback:             0 kB
Node 1 FilePages:        110020 kB
Node 1 Mapped:            41148 kB
Node 1 AnonPages:         22732 kB
Node 1 Shmem:               668 kB
Node 1 KernelStack:        1576 kB
Node 1 PageTables:          604 kB
Node 1 NFS_Unstable:          0 kB
Node 1 Bounce:                0 kB
Node 1 WritebackTmp:          0 kB
Node 1 KReclaimable:      18488 kB
Node 1 Slab:              51928 kB
Node 1 SReclaimable:      18488 kB
Node 1 SUnreclaim:        33440 kB
Node 1 AnonHugePages:         0 kB
Node 1 ShmemHugePages:        0 kB
Node 1 ShmemPmdMapped:        0 kB
Node 1 FileHugePages:        0 kB
Node 1 FilePmdMapped:        0 kB
Node 1 HugePages_Total:     0
Node 1 HugePages_Free:      0
Node 1 HugePages_Surp:      0

After Opposite Node
Node 0 MemTotal:       24768352 kB
Node 0 MemFree:        21998716 kB
Node 0 MemUsed:         2769636 kB
Node 0 Active:            70864 kB
Node 0 Inactive:          32504 kB
Node 0 Active(anon):      20072 kB
Node 0 Inactive(anon):      424 kB
Node 0 Active(file):      50792 kB
Node 0 Inactive(file):    32080 kB
Node 0 Unevictable:        5212 kB
Node 0 Mlocked:            5212 kB
Node 0 Dirty:                36 kB
Node 0 Writeback:             0 kB
Node 0 FilePages:         88680 kB
Node 0 Mapped:            34768 kB
Node 0 AnonPages:         19896 kB
Node 0 Shmem:               600 kB
Node 0 KernelStack:        3080 kB
Node 0 PageTables:          520 kB
Node 0 NFS_Unstable:          0 kB
Node 0 Bounce:                0 kB
Node 0 WritebackTmp:          0 kB
Node 0 KReclaimable:      24992 kB
Node 0 Slab:              78864 kB
Node 0 SReclaimable:      24992 kB
Node 0 SUnreclaim:        53872 kB
Node 0 AnonHugePages:         0 kB
Node 0 ShmemHugePages:        0 kB
Node 0 ShmemPmdMapped:        0 kB
Node 0 FileHugePages:        0 kB
Node 0 FilePmdMapped:        0 kB
Node 0 HugePages_Total:     0
Node 0 HugePages_Free:      0
Node 0 HugePages_Surp:      0

Node 1 MemTotal:       24661580 kB
Node 1 MemFree:        23828304 kB
Node 1 MemUsed:          833276 kB
Node 1 Active:            34164 kB
Node 1 Inactive:          85564 kB
Node 1 Active(anon):      12892 kB
Node 1 Inactive(anon):      460 kB
Node 1 Active(file):      21272 kB
Node 1 Inactive(file):    85104 kB
Node 1 Unevictable:       13312 kB
Node 1 Mlocked:           13312 kB
Node 1 Dirty:                36 kB
Node 1 Writeback:             0 kB
Node 1 FilePages:        110036 kB
Node 1 Mapped:            41148 kB
Node 1 AnonPages:         23080 kB
Node 1 Shmem:               668 kB
Node 1 KernelStack:        1576 kB
Node 1 PageTables:          652 kB
Node 1 NFS_Unstable:          0 kB
Node 1 Bounce:                0 kB
Node 1 WritebackTmp:          0 kB
Node 1 KReclaimable:      18560 kB
Node 1 Slab:              53032 kB
Node 1 SReclaimable:      18560 kB
Node 1 SUnreclaim:        34472 kB
Node 1 AnonHugePages:         0 kB
Node 1 ShmemHugePages:        0 kB
Node 1 ShmemPmdMapped:        0 kB
Node 1 FileHugePages:        0 kB
Node 1 FilePmdMapped:        0 kB
Node 1 HugePages_Total:     0
Node 1 HugePages_Free:      0
Node 1 HugePages_Surp:      0

U.0.simpleread.2G.1.O Complete!
