Fio Node 0 pages
5655429ec000 bind:1 file=/usr/bin/dash mapped=19 mapmax=3 N0=9 N1=10 kernelpagesize_kB=4
5655429ff000 bind:1 file=/usr/bin/dash mapped=6 mapmax=3 N0=6 kernelpagesize_kB=4
Fio Node 1 pages
5655429ec000 bind:1 file=/usr/bin/dash mapped=19 mapmax=3 N0=9 N1=10 kernelpagesize_kB=4
565542a05000 bind:1 file=/usr/bin/dash anon=2 dirty=2 mapmax=2 N1=2 kernelpagesize_kB=4
565542a07000 bind:1 file=/usr/bin/dash anon=1 dirty=1 N1=1 kernelpagesize_kB=4
565542a08000 bind:1 anon=1 dirty=1 N1=1 kernelpagesize_kB=4
565543f60000 bind:1 heap anon=2 dirty=2 mapmax=2 N1=2 kernelpagesize_kB=4
7f86e329a000 bind:1 file=/usr/lib/x86_64-linux-gnu/libc-2.31.so mapped=144 mapmax=29 N1=144 kernelpagesize_kB=4
7f86e3412000 bind:1 file=/usr/lib/x86_64-linux-gnu/libc-2.31.so mapped=30 mapmax=29 N1=30 kernelpagesize_kB=4
7f86e345d000 bind:1 file=/usr/lib/x86_64-linux-gnu/libc-2.31.so anon=3 dirty=3 mapmax=2 N1=3 kernelpagesize_kB=4
7f86e3460000 bind:1 file=/usr/lib/x86_64-linux-gnu/libc-2.31.so anon=3 dirty=3 mapmax=2 N1=3 kernelpagesize_kB=4
7f86e3463000 bind:1 anon=6 dirty=6 mapmax=2 N1=6 kernelpagesize_kB=4
7f86e34a0000 bind:1 file=/usr/lib/x86_64-linux-gnu/ld-2.31.so anon=1 dirty=1 mapmax=2 N1=1 kernelpagesize_kB=4
7f86e34a1000 bind:1 file=/usr/lib/x86_64-linux-gnu/ld-2.31.so anon=1 dirty=1 N1=1 kernelpagesize_kB=4
7f86e34a2000 bind:1 anon=1 dirty=1 mapmax=2 N1=1 kernelpagesize_kB=4
7ffe0fa49000 bind:1 stack anon=3 dirty=3 mapmax=2 N1=3 kernelpagesize_kB=4
Fio Node 0 pages
Fio Node 1 pages
55ad19044000 bind:1 file=/usr/local/bin/fio mapped=24 active=1 N1=24 kernelpagesize_kB=4
55ad1905c000 bind:1 file=/usr/local/bin/fio mapped=83 active=78 N1=83 kernelpagesize_kB=4
55ad190e1000 bind:1 file=/usr/local/bin/fio mapped=31 active=28 N1=31 kernelpagesize_kB=4
55ad19108000 bind:1 file=/usr/local/bin/fio anon=2 dirty=2 N1=2 kernelpagesize_kB=4
55ad1910a000 bind:1 file=/usr/local/bin/fio anon=112 dirty=112 mapped=116 active=112 N1=116 kernelpagesize_kB=4
55ad191e6000 bind:1 anon=2 dirty=2 N1=2 kernelpagesize_kB=4
55ad1b07b000 bind:1 heap anon=4 dirty=4 N1=4 kernelpagesize_kB=4
7f9362dca000 bind:1 file=/dev/zero\040(deleted) dirty=14 active=0 N1=14 kernelpagesize_kB=4
7f9363ddb000 bind:1 anon=2 dirty=2 N1=2 kernelpagesize_kB=4
7f9363ddd000 bind:1 file=/usr/lib/x86_64-linux-gnu/libc-2.31.so mapped=34 mapmax=25 N1=34 kernelpagesize_kB=4
7f9363e02000 bind:1 file=/usr/lib/x86_64-linux-gnu/libc-2.31.so mapped=254 mapmax=25 N1=254 kernelpagesize_kB=4
7f9363f7a000 bind:1 file=/usr/lib/x86_64-linux-gnu/libc-2.31.so mapped=38 mapmax=24 N1=38 kernelpagesize_kB=4
7f9363fc5000 bind:1 file=/usr/lib/x86_64-linux-gnu/libc-2.31.so anon=3 dirty=3 N1=3 kernelpagesize_kB=4
7f9363fc8000 bind:1 file=/usr/lib/x86_64-linux-gnu/libc-2.31.so anon=3 dirty=3 N1=3 kernelpagesize_kB=4
7f9363fcb000 bind:1 anon=4 dirty=4 N1=4 kernelpagesize_kB=4
7f9363fcf000 bind:1 file=/usr/lib/x86_64-linux-gnu/libaio.so.1.0.1 mapped=1 mapmax=2 N1=1 kernelpagesize_kB=4
7f9363fd0000 bind:1 file=/usr/lib/x86_64-linux-gnu/libaio.so.1.0.1 mapped=1 mapmax=2 N1=1 kernelpagesize_kB=4
7f9363fd2000 bind:1 file=/usr/lib/x86_64-linux-gnu/libaio.so.1.0.1 anon=1 dirty=1 N1=1 kernelpagesize_kB=4
7f9363fd3000 bind:1 file=/usr/lib/x86_64-linux-gnu/libaio.so.1.0.1 anon=1 dirty=1 N1=1 kernelpagesize_kB=4
7f9363fd4000 bind:1 file=/usr/lib/x86_64-linux-gnu/libdl-2.31.so mapped=1 mapmax=20 N1=1 kernelpagesize_kB=4
7f9363fd5000 bind:1 file=/usr/lib/x86_64-linux-gnu/libdl-2.31.so mapped=2 mapmax=19 N1=2 kernelpagesize_kB=4
7f9363fd8000 bind:1 file=/usr/lib/x86_64-linux-gnu/libdl-2.31.so anon=1 dirty=1 N1=1 kernelpagesize_kB=4
7f9363fd9000 bind:1 file=/usr/lib/x86_64-linux-gnu/libdl-2.31.so anon=1 dirty=1 N1=1 kernelpagesize_kB=4
7f9363fda000 bind:1 anon=2 dirty=2 N1=2 kernelpagesize_kB=4
7f9363fdc000 bind:1 file=/usr/lib/x86_64-linux-gnu/libmvec-2.31.so mapped=2 active=1 N1=2 kernelpagesize_kB=4
7f9363fde000 bind:1 file=/usr/lib/x86_64-linux-gnu/libmvec-2.31.so mapped=12 active=0 N1=12 kernelpagesize_kB=4
7f9364006000 bind:1 file=/usr/lib/x86_64-linux-gnu/libmvec-2.31.so anon=1 dirty=1 N1=1 kernelpagesize_kB=4
7f9364007000 bind:1 file=/usr/lib/x86_64-linux-gnu/libmvec-2.31.so anon=1 dirty=1 N1=1 kernelpagesize_kB=4
7f9364008000 bind:1 file=/usr/lib/x86_64-linux-gnu/libm-2.31.so mapped=15 mapmax=12 N1=15 kernelpagesize_kB=4
7f9364017000 bind:1 file=/usr/lib/x86_64-linux-gnu/libm-2.31.so mapped=73 mapmax=12 N1=73 kernelpagesize_kB=4
7f9364155000 bind:1 file=/usr/lib/x86_64-linux-gnu/libm-2.31.so anon=1 dirty=1 N1=1 kernelpagesize_kB=4
7f9364156000 bind:1 file=/usr/lib/x86_64-linux-gnu/libm-2.31.so anon=1 dirty=1 N1=1 kernelpagesize_kB=4
7f9364157000 bind:1 file=/usr/lib/x86_64-linux-gnu/libpthread-2.31.so mapped=7 mapmax=22 N1=7 kernelpagesize_kB=4
7f936415e000 bind:1 file=/usr/lib/x86_64-linux-gnu/libpthread-2.31.so mapped=17 mapmax=22 N1=17 kernelpagesize_kB=4
7f9364174000 bind:1 file=/usr/lib/x86_64-linux-gnu/libpthread-2.31.so anon=1 dirty=1 N1=1 kernelpagesize_kB=4
7f9364175000 bind:1 file=/usr/lib/x86_64-linux-gnu/libpthread-2.31.so anon=1 dirty=1 N1=1 kernelpagesize_kB=4
7f9364176000 bind:1 anon=1 dirty=1 N1=1 kernelpagesize_kB=4
7f936417a000 bind:1 file=/usr/lib/x86_64-linux-gnu/libz.so.1.2.11 mapped=2 mapmax=8 N1=2 kernelpagesize_kB=4
7f936417c000 bind:1 file=/usr/lib/x86_64-linux-gnu/libz.so.1.2.11 mapped=15 mapmax=8 N1=15 kernelpagesize_kB=4
7f9364194000 bind:1 file=/usr/lib/x86_64-linux-gnu/libz.so.1.2.11 anon=1 dirty=1 N1=1 kernelpagesize_kB=4
7f9364195000 bind:1 file=/usr/lib/x86_64-linux-gnu/libz.so.1.2.11 anon=1 dirty=1 N1=1 kernelpagesize_kB=4
7f9364196000 bind:1 file=/usr/lib/x86_64-linux-gnu/librt-2.31.so mapped=3 mapmax=17 N1=3 kernelpagesize_kB=4
7f9364199000 bind:1 file=/usr/lib/x86_64-linux-gnu/librt-2.31.so mapped=4 mapmax=17 N1=4 kernelpagesize_kB=4
7f936419f000 bind:1 file=/usr/lib/x86_64-linux-gnu/librt-2.31.so anon=1 dirty=1 N1=1 kernelpagesize_kB=4
7f93641a0000 bind:1 file=/usr/lib/x86_64-linux-gnu/librt-2.31.so anon=1 dirty=1 N1=1 kernelpagesize_kB=4
7f93641a1000 bind:1 file=/usr/lib/x86_64-linux-gnu/libnuma.so.1.0.0 mapped=3 mapmax=2 N1=3 kernelpagesize_kB=4
7f93641a4000 bind:1 file=/usr/lib/x86_64-linux-gnu/libnuma.so.1.0.0 mapped=5 mapmax=2 N1=5 kernelpagesize_kB=4
7f93641a9000 bind:1 file=/usr/lib/x86_64-linux-gnu/libnuma.so.1.0.0 mapped=2 mapmax=2 N1=2 kernelpagesize_kB=4
7f93641ac000 bind:1 file=/usr/lib/x86_64-linux-gnu/libnuma.so.1.0.0 anon=1 dirty=1 N1=1 kernelpagesize_kB=4
7f93641ad000 bind:1 file=/usr/lib/x86_64-linux-gnu/libnuma.so.1.0.0 anon=1 dirty=1 N1=1 kernelpagesize_kB=4
7f93641ae000 bind:1 anon=2 dirty=2 N1=2 kernelpagesize_kB=4
7f93641b7000 bind:1 file=/dev/zero\040(deleted) dirty=1 active=0 N1=1 kernelpagesize_kB=4
7f93641b8000 bind:1 file=/dev/zero\040(deleted) dirty=1 active=0 N1=1 kernelpagesize_kB=4
7f93641b9000 bind:1 file=/dev/zero\040(deleted) dirty=1 active=0 N1=1 kernelpagesize_kB=4
7f93641ba000 bind:1 file=/usr/lib/x86_64-linux-gnu/ld-2.31.so mapped=1 mapmax=25 N1=1 kernelpagesize_kB=4
7f93641bb000 bind:1 file=/usr/lib/x86_64-linux-gnu/ld-2.31.so mapped=35 mapmax=25 N1=35 kernelpagesize_kB=4
7f93641de000 bind:1 file=/usr/lib/x86_64-linux-gnu/ld-2.31.so mapped=8 mapmax=25 N1=8 kernelpagesize_kB=4
7f93641e6000 bind:1 file=/dev/zero\040(deleted) dirty=1 active=0 N1=1 kernelpagesize_kB=4
7f93641e7000 bind:1 file=/usr/lib/x86_64-linux-gnu/ld-2.31.so anon=1 dirty=1 N1=1 kernelpagesize_kB=4
7f93641e8000 bind:1 file=/usr/lib/x86_64-linux-gnu/ld-2.31.so anon=1 dirty=1 N1=1 kernelpagesize_kB=4
7f93641e9000 bind:1 anon=1 dirty=1 N1=1 kernelpagesize_kB=4
7fff88b1a000 bind:1 stack anon=3 dirty=3 N1=3 kernelpagesize_kB=4
U.1.fio.4G.3.O
Begin
Node 0 MemTotal:       24768352 kB
Node 0 MemFree:        24505268 kB
Node 0 MemUsed:          263084 kB
Node 0 Active:            61044 kB
Node 0 Inactive:          66352 kB
Node 0 Active(anon):      23068 kB
Node 0 Inactive(anon):      424 kB
Node 0 Active(file):      37976 kB
Node 0 Inactive(file):    65928 kB
Node 0 Unevictable:         836 kB
Node 0 Mlocked:             836 kB
Node 0 Dirty:               176 kB
Node 0 Writeback:             0 kB
Node 0 FilePages:        105344 kB
Node 0 Mapped:            26460 kB
Node 0 AnonPages:         22720 kB
Node 0 Shmem:               580 kB
Node 0 KernelStack:        2392 kB
Node 0 PageTables:          568 kB
Node 0 NFS_Unstable:          0 kB
Node 0 Bounce:                0 kB
Node 0 WritebackTmp:          0 kB
Node 0 KReclaimable:      21816 kB
Node 0 Slab:              53800 kB
Node 0 SReclaimable:      21816 kB
Node 0 SUnreclaim:        31984 kB
Node 0 AnonHugePages:         0 kB
Node 0 ShmemHugePages:        0 kB
Node 0 ShmemPmdMapped:        0 kB
Node 0 FileHugePages:        0 kB
Node 0 FilePmdMapped:        0 kB
Node 0 HugePages_Total:     0
Node 0 HugePages_Free:      0
Node 0 HugePages_Surp:      0

Node 1 MemTotal:       24661580 kB
Node 1 MemFree:        24307640 kB
Node 1 MemUsed:          353940 kB
Node 1 Active:            33016 kB
Node 1 Inactive:          26252 kB
Node 1 Active(anon):      11164 kB
Node 1 Inactive(anon):      452 kB
Node 1 Active(file):      21852 kB
Node 1 Inactive(file):    25800 kB
Node 1 Unevictable:       17684 kB
Node 1 Mlocked:           17684 kB
Node 1 Dirty:               332 kB
Node 1 Writeback:             0 kB
Node 1 FilePages:         55848 kB
Node 1 Mapped:            22168 kB
Node 1 AnonPages:         21300 kB
Node 1 Shmem:               688 kB
Node 1 KernelStack:        1256 kB
Node 1 PageTables:          516 kB
Node 1 NFS_Unstable:          0 kB
Node 1 Bounce:                0 kB
Node 1 WritebackTmp:          0 kB
Node 1 KReclaimable:      19996 kB
Node 1 Slab:              54060 kB
Node 1 SReclaimable:      19996 kB
Node 1 SUnreclaim:        34064 kB
Node 1 AnonHugePages:         0 kB
Node 1 ShmemHugePages:        0 kB
Node 1 ShmemPmdMapped:        0 kB
Node 1 FileHugePages:        0 kB
Node 1 FilePmdMapped:        0 kB
Node 1 HugePages_Total:     0
Node 1 HugePages_Free:      0
Node 1 HugePages_Surp:      0

Load ZFS
Node 0 MemTotal:       24768352 kB
Node 0 MemFree:        24363460 kB
Node 0 MemUsed:          404892 kB
Node 0 Active:            64024 kB
Node 0 Inactive:          66460 kB
Node 0 Active(anon):      25360 kB
Node 0 Inactive(anon):      424 kB
Node 0 Active(file):      38664 kB
Node 0 Inactive(file):    66036 kB
Node 0 Unevictable:         836 kB
Node 0 Mlocked:             836 kB
Node 0 Dirty:               184 kB
Node 0 Writeback:             0 kB
Node 0 FilePages:        106116 kB
Node 0 Mapped:            26608 kB
Node 0 AnonPages:         25264 kB
Node 0 Shmem:               580 kB
Node 0 KernelStack:        2424 kB
Node 0 PageTables:          744 kB
Node 0 NFS_Unstable:          0 kB
Node 0 Bounce:                0 kB
Node 0 WritebackTmp:          0 kB
Node 0 KReclaimable:      22284 kB
Node 0 Slab:              56116 kB
Node 0 SReclaimable:      22284 kB
Node 0 SUnreclaim:        33832 kB
Node 0 AnonHugePages:         0 kB
Node 0 ShmemHugePages:        0 kB
Node 0 ShmemPmdMapped:        0 kB
Node 0 FileHugePages:        0 kB
Node 0 FilePmdMapped:        0 kB
Node 0 HugePages_Total:     0
Node 0 HugePages_Free:      0
Node 0 HugePages_Surp:      0

Node 1 MemTotal:       24661580 kB
Node 1 MemFree:        24439336 kB
Node 1 MemUsed:          222244 kB
Node 1 Active:            39180 kB
Node 1 Inactive:          22016 kB
Node 1 Active(anon):      11208 kB
Node 1 Inactive(anon):      456 kB
Node 1 Active(file):      27972 kB
Node 1 Inactive(file):    21560 kB
Node 1 Unevictable:       17684 kB
Node 1 Mlocked:           17684 kB
Node 1 Dirty:               352 kB
Node 1 Writeback:             0 kB
Node 1 FilePages:         57576 kB
Node 1 Mapped:            22136 kB
Node 1 AnonPages:         21168 kB
Node 1 Shmem:               688 kB
Node 1 KernelStack:        1272 kB
Node 1 PageTables:          524 kB
Node 1 NFS_Unstable:          0 kB
Node 1 Bounce:                0 kB
Node 1 WritebackTmp:          0 kB
Node 1 KReclaimable:      20484 kB
Node 1 Slab:              55608 kB
Node 1 SReclaimable:      20484 kB
Node 1 SUnreclaim:        35124 kB
Node 1 AnonHugePages:         0 kB
Node 1 ShmemHugePages:        0 kB
Node 1 ShmemPmdMapped:        0 kB
Node 1 FileHugePages:        0 kB
Node 1 FilePmdMapped:        0 kB
Node 1 HugePages_Total:     0
Node 1 HugePages_Free:      0
Node 1 HugePages_Surp:      0

Import tank ZPool
Node 0 MemTotal:       24768352 kB
Node 0 MemFree:        24349952 kB
Node 0 MemUsed:          418400 kB
Node 0 Active:            64128 kB
Node 0 Inactive:          66468 kB
Node 0 Active(anon):      25404 kB
Node 0 Inactive(anon):      424 kB
Node 0 Active(file):      38724 kB
Node 0 Inactive(file):    66044 kB
Node 0 Unevictable:         836 kB
Node 0 Mlocked:             836 kB
Node 0 Dirty:               192 kB
Node 0 Writeback:             0 kB
Node 0 FilePages:        106184 kB
Node 0 Mapped:            26552 kB
Node 0 AnonPages:         25288 kB
Node 0 Shmem:               580 kB
Node 0 KernelStack:        3496 kB
Node 0 PageTables:          744 kB
Node 0 NFS_Unstable:          0 kB
Node 0 Bounce:                0 kB
Node 0 WritebackTmp:          0 kB
Node 0 KReclaimable:      22284 kB
Node 0 Slab:              58944 kB
Node 0 SReclaimable:      22284 kB
Node 0 SUnreclaim:        36660 kB
Node 0 AnonHugePages:         0 kB
Node 0 ShmemHugePages:        0 kB
Node 0 ShmemPmdMapped:        0 kB
Node 0 FileHugePages:        0 kB
Node 0 FilePmdMapped:        0 kB
Node 0 HugePages_Total:     0
Node 0 HugePages_Free:      0
Node 0 HugePages_Surp:      0

Node 1 MemTotal:       24661580 kB
Node 1 MemFree:        24433304 kB
Node 1 MemUsed:          228276 kB
Node 1 Active:            40084 kB
Node 1 Inactive:          23184 kB
Node 1 Active(anon):      11744 kB
Node 1 Inactive(anon):      460 kB
Node 1 Active(file):      28340 kB
Node 1 Inactive(file):    22724 kB
Node 1 Unevictable:       17684 kB
Node 1 Mlocked:           17684 kB
Node 1 Dirty:               152 kB
Node 1 Writeback:             0 kB
Node 1 FilePages:         59112 kB
Node 1 Mapped:            22284 kB
Node 1 AnonPages:         21676 kB
Node 1 Shmem:               688 kB
Node 1 KernelStack:        1320 kB
Node 1 PageTables:          616 kB
Node 1 NFS_Unstable:          0 kB
Node 1 Bounce:                0 kB
Node 1 WritebackTmp:          0 kB
Node 1 KReclaimable:      20608 kB
Node 1 Slab:              59824 kB
Node 1 SReclaimable:      20608 kB
Node 1 SUnreclaim:        39216 kB
Node 1 AnonHugePages:         0 kB
Node 1 ShmemHugePages:        0 kB
Node 1 ShmemPmdMapped:        0 kB
Node 1 FileHugePages:        0 kB
Node 1 FilePmdMapped:        0 kB
Node 1 HugePages_Total:     0
Node 1 HugePages_Free:      0
Node 1 HugePages_Surp:      0

After Test
Node 0 MemTotal:       24768352 kB
Node 0 MemFree:        24110760 kB
Node 0 MemUsed:          657592 kB
Node 0 Active:            60824 kB
Node 0 Inactive:          66464 kB
Node 0 Active(anon):      22048 kB
Node 0 Inactive(anon):      424 kB
Node 0 Active(file):      38776 kB
Node 0 Inactive(file):    66040 kB
Node 0 Unevictable:         836 kB
Node 0 Mlocked:             836 kB
Node 0 Dirty:                 4 kB
Node 0 Writeback:             0 kB
Node 0 FilePages:        106240 kB
Node 0 Mapped:            26448 kB
Node 0 AnonPages:         21892 kB
Node 0 Shmem:               580 kB
Node 0 KernelStack:        3416 kB
Node 0 PageTables:          524 kB
Node 0 NFS_Unstable:          0 kB
Node 0 Bounce:                0 kB
Node 0 WritebackTmp:          0 kB
Node 0 KReclaimable:      22288 kB
Node 0 Slab:              59712 kB
Node 0 SReclaimable:      22288 kB
Node 0 SUnreclaim:        37424 kB
Node 0 AnonHugePages:         0 kB
Node 0 ShmemHugePages:        0 kB
Node 0 ShmemPmdMapped:        0 kB
Node 0 FileHugePages:        0 kB
Node 0 FilePmdMapped:        0 kB
Node 0 HugePages_Total:     0
Node 0 HugePages_Free:      0
Node 0 HugePages_Surp:      0
Fio Node 0 pages
55e05cd0f000 bind:0 file=/usr/local/bin/fio anon=2 dirty=2 mapped=17 active=4 N0=2 N1=15 kernelpagesize_kB=4
7feff39e9000 bind:0 anon=2 dirty=2 N0=2 kernelpagesize_kB=4
7feff3bd3000 bind:0 file=/usr/lib/x86_64-linux-gnu/libc-2.31.so anon=3 dirty=3 N0=3 kernelpagesize_kB=4
7feff3bd6000 bind:0 file=/usr/lib/x86_64-linux-gnu/libc-2.31.so anon=3 dirty=3 N0=3 kernelpagesize_kB=4
7feff3be0000 bind:0 file=/usr/lib/x86_64-linux-gnu/libaio.so.1.0.1 anon=1 dirty=1 N0=1 kernelpagesize_kB=4
7feff3be1000 bind:0 file=/usr/lib/x86_64-linux-gnu/libaio.so.1.0.1 anon=1 dirty=1 N0=1 kernelpagesize_kB=4
7feff3be6000 bind:0 file=/usr/lib/x86_64-linux-gnu/libdl-2.31.so anon=1 dirty=1 N0=1 kernelpagesize_kB=4
7feff3be7000 bind:0 file=/usr/lib/x86_64-linux-gnu/libdl-2.31.so anon=1 dirty=1 N0=1 kernelpagesize_kB=4
7feff3be8000 bind:0 anon=2 dirty=2 N0=2 kernelpagesize_kB=4
7feff3c14000 bind:0 file=/usr/lib/x86_64-linux-gnu/libmvec-2.31.so anon=2 dirty=2 N0=2 kernelpagesize_kB=4
7feff3d63000 bind:0 file=/usr/lib/x86_64-linux-gnu/libm-2.31.so anon=2 dirty=2 N0=2 kernelpagesize_kB=4
7feff3d82000 bind:0 file=/usr/lib/x86_64-linux-gnu/libpthread-2.31.so anon=2 dirty=2 N0=2 kernelpagesize_kB=4
7feff3da2000 bind:0 file=/usr/lib/x86_64-linux-gnu/libz.so.1.2.11 anon=2 dirty=2 N0=2 kernelpagesize_kB=4
7feff3dad000 bind:0 file=/usr/lib/x86_64-linux-gnu/librt-2.31.so anon=2 dirty=2 N0=2 kernelpagesize_kB=4
7feff3dba000 bind:0 file=/usr/lib/x86_64-linux-gnu/libnuma.so.1.0.0 anon=2 dirty=2 N0=2 kernelpagesize_kB=4
7feff3dbc000 bind:0 anon=2 dirty=2 N0=2 kernelpagesize_kB=4
7feff3df5000 bind:0 file=/usr/lib/x86_64-linux-gnu/ld-2.31.so anon=2 dirty=2 N0=2 kernelpagesize_kB=4
7feff3df7000 bind:0 anon=1 dirty=1 N0=1 kernelpagesize_kB=4
7ffcf495f000 bind:0 stack anon=3 dirty=3 N0=3 kernelpagesize_kB=4
Fio Node 1 pages
55e05cc4b000 bind:0 file=/usr/local/bin/fio mapped=24 N1=24 kernelpagesize_kB=4
55e05cc63000 bind:0 file=/usr/local/bin/fio mapped=52 N1=52 kernelpagesize_kB=4
55e05cce8000 bind:0 file=/usr/local/bin/fio mapped=24 N1=24 kernelpagesize_kB=4
55e05cd11000 bind:0 file=/usr/local/bin/fio anon=112 dirty=112 mapped=116 active=114 N0=112 N1=4 kernelpagesize_kB=4
7feff39eb000 bind:0 file=/usr/lib/x86_64-linux-gnu/libc-2.31.so mapped=37 mapmax=25 N1=37 kernelpagesize_kB=4
7feff3a10000 bind:0 file=/usr/lib/x86_64-linux-gnu/libc-2.31.so mapped=288 mapmax=25 N1=288 kernelpagesize_kB=4
7feff3b88000 bind:0 file=/usr/lib/x86_64-linux-gnu/libc-2.31.so mapped=40 mapmax=24 N1=40 kernelpagesize_kB=4
7feff3bdd000 bind:0 file=/usr/lib/x86_64-linux-gnu/libaio.so.1.0.1 mapped=1 mapmax=2 N1=1 kernelpagesize_kB=4
7feff3bde000 bind:0 file=/usr/lib/x86_64-linux-gnu/libaio.so.1.0.1 mapped=1 mapmax=2 N1=1 kernelpagesize_kB=4
7feff3be2000 bind:0 file=/usr/lib/x86_64-linux-gnu/libdl-2.31.so mapped=1 mapmax=20 N1=1 kernelpagesize_kB=4
7feff3be3000 bind:0 file=/usr/lib/x86_64-linux-gnu/libdl-2.31.so mapped=2 mapmax=19 N1=2 kernelpagesize_kB=4
7feff3bea000 bind:0 file=/usr/lib/x86_64-linux-gnu/libmvec-2.31.so mapped=2 N1=2 kernelpagesize_kB=4
7feff3bec000 bind:0 file=/usr/lib/x86_64-linux-gnu/libmvec-2.31.so mapped=12 active=3 N1=12 kernelpagesize_kB=4
7feff3c16000 bind:0 file=/usr/lib/x86_64-linux-gnu/libm-2.31.so mapped=15 mapmax=12 N1=15 kernelpagesize_kB=4
7feff3c25000 bind:0 file=/usr/lib/x86_64-linux-gnu/libm-2.31.so mapped=75 mapmax=12 N1=75 kernelpagesize_kB=4
7feff3d65000 bind:0 file=/usr/lib/x86_64-linux-gnu/libpthread-2.31.so mapped=7 mapmax=22 N1=7 kernelpagesize_kB=4
7feff3d6c000 bind:0 file=/usr/lib/x86_64-linux-gnu/libpthread-2.31.so mapped=17 mapmax=22 N1=17 kernelpagesize_kB=4
7feff3d88000 bind:0 file=/usr/lib/x86_64-linux-gnu/libz.so.1.2.11 mapped=2 mapmax=8 N1=2 kernelpagesize_kB=4
7feff3d8a000 bind:0 file=/usr/lib/x86_64-linux-gnu/libz.so.1.2.11 mapped=15 mapmax=8 N1=15 kernelpagesize_kB=4
7feff3da4000 bind:0 file=/usr/lib/x86_64-linux-gnu/librt-2.31.so mapped=3 mapmax=17 N1=3 kernelpagesize_kB=4
7feff3da7000 bind:0 file=/usr/lib/x86_64-linux-gnu/librt-2.31.so mapped=4 mapmax=17 N1=4 kernelpagesize_kB=4
7feff3daf000 bind:0 file=/usr/lib/x86_64-linux-gnu/libnuma.so.1.0.0 mapped=3 mapmax=2 N1=3 kernelpagesize_kB=4
7feff3db2000 bind:0 file=/usr/lib/x86_64-linux-gnu/libnuma.so.1.0.0 mapped=5 mapmax=2 N1=5 kernelpagesize_kB=4
7feff3db7000 bind:0 file=/usr/lib/x86_64-linux-gnu/libnuma.so.1.0.0 mapped=2 mapmax=2 N1=2 kernelpagesize_kB=4
7feff3dc8000 bind:0 file=/usr/lib/x86_64-linux-gnu/ld-2.31.so mapped=1 mapmax=25 N1=1 kernelpagesize_kB=4
7feff3dc9000 bind:0 file=/usr/lib/x86_64-linux-gnu/ld-2.31.so mapped=35 mapmax=25 N1=35 kernelpagesize_kB=4
7feff3dec000 bind:0 file=/usr/lib/x86_64-linux-gnu/ld-2.31.so mapped=8 mapmax=25 N1=8 kernelpagesize_kB=4
Fio Node 0 pages
55e3681b9000 bind:0 file=/usr/local/bin/fio anon=2 dirty=2 mapped=17 active=4 N0=2 N1=15 kernelpagesize_kB=4
7f5453730000 bind:0 file=/usr/lib/x86_64-linux-gnu/libaio.so.1.0.1 anon=2 dirty=2 N0=2 kernelpagesize_kB=4
7f5453736000 bind:0 file=/usr/lib/x86_64-linux-gnu/libdl-2.31.so anon=2 dirty=2 N0=2 kernelpagesize_kB=4
7f5453738000 bind:0 anon=1 dirty=1 N0=1 kernelpagesize_kB=4
7f5453764000 bind:0 file=/usr/lib/x86_64-linux-gnu/libmvec-2.31.so anon=2 dirty=2 N0=2 kernelpagesize_kB=4
7f54538b3000 bind:0 file=/usr/lib/x86_64-linux-gnu/libm-2.31.so anon=2 dirty=2 N0=2 kernelpagesize_kB=4
7f54538d2000 bind:0 file=/usr/lib/x86_64-linux-gnu/libpthread-2.31.so anon=2 dirty=2 N0=2 kernelpagesize_kB=4
7f54538f2000 bind:0 file=/usr/lib/x86_64-linux-gnu/libz.so.1.2.11 anon=2 dirty=2 N0=2 kernelpagesize_kB=4
7f54538fd000 bind:0 file=/usr/lib/x86_64-linux-gnu/librt-2.31.so anon=2 dirty=2 N0=2 kernelpagesize_kB=4
7f545390a000 bind:0 file=/usr/lib/x86_64-linux-gnu/libnuma.so.1.0.0 anon=2 dirty=2 N0=2 kernelpagesize_kB=4
7f545390c000 bind:0 anon=2 dirty=2 N0=2 kernelpagesize_kB=4
7f5453945000 bind:0 file=/usr/lib/x86_64-linux-gnu/ld-2.31.so anon=2 dirty=2 N0=2 kernelpagesize_kB=4
7f5453947000 bind:0 anon=1 dirty=1 N0=1 kernelpagesize_kB=4
7ffc7729b000 bind:0 stack anon=3 dirty=3 N0=3 kernelpagesize_kB=4
Fio Node 1 pages
55e3680f5000 bind:0 file=/usr/local/bin/fio mapped=24 N1=24 kernelpagesize_kB=4
55e3681bb000 bind:0 file=/usr/local/bin/fio anon=108 dirty=108 mapped=112 active=110 N0=108 N1=4 kernelpagesize_kB=4
7f545353b000 bind:0 file=/usr/lib/x86_64-linux-gnu/libc-2.31.so mapped=37 mapmax=25 N1=37 kernelpagesize_kB=4
7f5453560000 bind:0 file=/usr/lib/x86_64-linux-gnu/libc-2.31.so mapped=288 mapmax=25 N1=288 kernelpagesize_kB=4
7f54536d8000 bind:0 file=/usr/lib/x86_64-linux-gnu/libc-2.31.so mapped=40 mapmax=24 N1=40 kernelpagesize_kB=4
7f545372d000 bind:0 file=/usr/lib/x86_64-linux-gnu/libaio.so.1.0.1 mapped=1 mapmax=2 N1=1 kernelpagesize_kB=4
7f545372e000 bind:0 file=/usr/lib/x86_64-linux-gnu/libaio.so.1.0.1 mapped=1 mapmax=2 N1=1 kernelpagesize_kB=4
7f5453732000 bind:0 file=/usr/lib/x86_64-linux-gnu/libdl-2.31.so mapped=1 mapmax=20 N1=1 kernelpagesize_kB=4
7f5453733000 bind:0 file=/usr/lib/x86_64-linux-gnu/libdl-2.31.so mapped=2 mapmax=19 N1=2 kernelpagesize_kB=4
7f545373a000 bind:0 file=/usr/lib/x86_64-linux-gnu/libmvec-2.31.so mapped=2 N1=2 kernelpagesize_kB=4
7f545373c000 bind:0 file=/usr/lib/x86_64-linux-gnu/libmvec-2.31.so mapped=12 N1=12 kernelpagesize_kB=4
7f5453766000 bind:0 file=/usr/lib/x86_64-linux-gnu/libm-2.31.so mapped=15 mapmax=12 N1=15 kernelpagesize_kB=4
7f5453775000 bind:0 file=/usr/lib/x86_64-linux-gnu/libm-2.31.so mapped=75 mapmax=12 N1=75 kernelpagesize_kB=4
7f54538b5000 bind:0 file=/usr/lib/x86_64-linux-gnu/libpthread-2.31.so mapped=7 mapmax=22 N1=7 kernelpagesize_kB=4
7f54538bc000 bind:0 file=/usr/lib/x86_64-linux-gnu/libpthread-2.31.so mapped=17 mapmax=22 N1=17 kernelpagesize_kB=4
7f54538d8000 bind:0 file=/usr/lib/x86_64-linux-gnu/libz.so.1.2.11 mapped=2 mapmax=8 N1=2 kernelpagesize_kB=4
7f54538da000 bind:0 file=/usr/lib/x86_64-linux-gnu/libz.so.1.2.11 mapped=15 mapmax=8 N1=15 kernelpagesize_kB=4
7f54538f4000 bind:0 file=/usr/lib/x86_64-linux-gnu/librt-2.31.so mapped=3 mapmax=17 N1=3 kernelpagesize_kB=4
7f54538f7000 bind:0 file=/usr/lib/x86_64-linux-gnu/librt-2.31.so mapped=4 mapmax=17 N1=4 kernelpagesize_kB=4
7f54538ff000 bind:0 file=/usr/lib/x86_64-linux-gnu/libnuma.so.1.0.0 mapped=3 mapmax=2 N1=3 kernelpagesize_kB=4
7f5453902000 bind:0 file=/usr/lib/x86_64-linux-gnu/libnuma.so.1.0.0 mapped=5 mapmax=2 N1=5 kernelpagesize_kB=4
7f5453907000 bind:0 file=/usr/lib/x86_64-linux-gnu/libnuma.so.1.0.0 mapped=2 mapmax=2 N1=2 kernelpagesize_kB=4
7f5453918000 bind:0 file=/usr/lib/x86_64-linux-gnu/ld-2.31.so mapped=1 mapmax=25 N1=1 kernelpagesize_kB=4
7f5453919000 bind:0 file=/usr/lib/x86_64-linux-gnu/ld-2.31.so mapped=35 mapmax=25 N1=35 kernelpagesize_kB=4
7f545393c000 bind:0 file=/usr/lib/x86_64-linux-gnu/ld-2.31.so mapped=8 mapmax=25 N1=8 kernelpagesize_kB=4

Node 1 MemTotal:       24661580 kB
Node 1 MemFree:        19638340 kB
Node 1 MemUsed:         5023240 kB
Node 1 Active:            40996 kB
Node 1 Inactive:          24148 kB
Node 1 Active(anon):      11352 kB
Node 1 Inactive(anon):      488 kB
Node 1 Active(file):      29644 kB
Node 1 Inactive(file):    23660 kB
Node 1 Unevictable:       17684 kB
Node 1 Mlocked:           17684 kB
Node 1 Dirty:                64 kB
Node 1 Writeback:             0 kB
Node 1 FilePages:         61392 kB
Node 1 Mapped:            22404 kB
Node 1 AnonPages:         21404 kB
Node 1 Shmem:               732 kB
Node 1 KernelStack:        1192 kB
Node 1 PageTables:          672 kB
Node 1 NFS_Unstable:          0 kB
Node 1 Bounce:                0 kB
Node 1 WritebackTmp:          0 kB
Node 1 KReclaimable:      21956 kB
Node 1 Slab:              80548 kB
Node 1 SReclaimable:      21956 kB
Node 1 SUnreclaim:        58592 kB
Node 1 AnonHugePages:         0 kB
Node 1 ShmemHugePages:        0 kB
Node 1 ShmemPmdMapped:        0 kB
Node 1 FileHugePages:        0 kB
Node 1 FilePmdMapped:        0 kB
Node 1 HugePages_Total:     0
Node 1 HugePages_Free:      0
Node 1 HugePages_Surp:      0

After Opposite Node
Node 0 MemTotal:       24768352 kB
Node 0 MemFree:        24107712 kB
Node 0 MemUsed:          660640 kB
Node 0 Active:            60996 kB
Node 0 Inactive:          66512 kB
Node 0 Active(anon):      22200 kB
Node 0 Inactive(anon):      452 kB
Node 0 Active(file):      38796 kB
Node 0 Inactive(file):    66060 kB
Node 0 Unevictable:         836 kB
Node 0 Mlocked:             836 kB
Node 0 Dirty:                28 kB
Node 0 Writeback:             0 kB
Node 0 FilePages:        106324 kB
Node 0 Mapped:            26492 kB
Node 0 AnonPages:         21940 kB
Node 0 Shmem:               624 kB
Node 0 KernelStack:        3416 kB
Node 0 PageTables:          640 kB
Node 0 NFS_Unstable:          0 kB
Node 0 Bounce:                0 kB
Node 0 WritebackTmp:          0 kB
Node 0 KReclaimable:      22372 kB
Node 0 Slab:              61244 kB
Node 0 SReclaimable:      22372 kB
Node 0 SUnreclaim:        38872 kB
Node 0 AnonHugePages:         0 kB
Node 0 ShmemHugePages:        0 kB
Node 0 ShmemPmdMapped:        0 kB
Node 0 FileHugePages:        0 kB
Node 0 FilePmdMapped:        0 kB
Node 0 HugePages_Total:     0
Node 0 HugePages_Free:      0
Node 0 HugePages_Surp:      0

Node 1 MemTotal:       24661580 kB
Node 1 MemFree:        19642960 kB
Node 1 MemUsed:         5018620 kB
Node 1 Active:            41020 kB
Node 1 Inactive:          23928 kB
Node 1 Active(anon):      11168 kB
Node 1 Inactive(anon):      460 kB
Node 1 Active(file):      29852 kB
Node 1 Inactive(file):    23468 kB
Node 1 Unevictable:       17684 kB
Node 1 Mlocked:           17684 kB
Node 1 Dirty:                84 kB
Node 1 Writeback:             0 kB
Node 1 FilePages:         61364 kB
Node 1 Mapped:            22356 kB
Node 1 AnonPages:         21264 kB
Node 1 Shmem:               688 kB
Node 1 KernelStack:        1144 kB
Node 1 PageTables:          496 kB
Node 1 NFS_Unstable:          0 kB
Node 1 Bounce:                0 kB
Node 1 WritebackTmp:          0 kB
Node 1 KReclaimable:      21960 kB
Node 1 Slab:              80248 kB
Node 1 SReclaimable:      21960 kB
Node 1 SUnreclaim:        58288 kB
Node 1 AnonHugePages:         0 kB
Node 1 ShmemHugePages:        0 kB
Node 1 ShmemPmdMapped:        0 kB
Node 1 FileHugePages:        0 kB
Node 1 FilePmdMapped:        0 kB
Node 1 HugePages_Total:     0
Node 1 HugePages_Free:      0
Node 1 HugePages_Surp:      0

U.1.fio.4G.3.O Complete!
