Fio Node 0 pages
55b1caf72000 bind:1 file=/usr/bin/dash mapped=19 mapmax=3 N0=19 kernelpagesize_kB=4
55b1caf85000 bind:1 file=/usr/bin/dash mapped=6 mapmax=3 N0=6 kernelpagesize_kB=4
7f145646e000 bind:1 file=/usr/lib/x86_64-linux-gnu/libc-2.31.so mapped=128 mapmax=26 N0=128 kernelpagesize_kB=4
7f14565e6000 bind:1 file=/usr/lib/x86_64-linux-gnu/libc-2.31.so mapped=26 mapmax=25 N0=26 kernelpagesize_kB=4
Fio Node 1 pages
55b1caf8b000 bind:1 file=/usr/bin/dash anon=2 dirty=2 mapmax=2 N1=2 kernelpagesize_kB=4
55b1caf8d000 bind:1 file=/usr/bin/dash anon=1 dirty=1 N1=1 kernelpagesize_kB=4
55b1caf8e000 bind:1 anon=1 dirty=1 N1=1 kernelpagesize_kB=4
55b1cbe1e000 bind:1 heap anon=2 dirty=2 mapmax=2 N1=2 kernelpagesize_kB=4
7f1456631000 bind:1 file=/usr/lib/x86_64-linux-gnu/libc-2.31.so anon=3 dirty=3 mapmax=2 N1=3 kernelpagesize_kB=4
7f1456634000 bind:1 file=/usr/lib/x86_64-linux-gnu/libc-2.31.so anon=3 dirty=3 mapmax=2 N1=3 kernelpagesize_kB=4
7f1456637000 bind:1 anon=6 dirty=6 mapmax=2 N1=6 kernelpagesize_kB=4
7f1456674000 bind:1 file=/usr/lib/x86_64-linux-gnu/ld-2.31.so anon=1 dirty=1 mapmax=2 N1=1 kernelpagesize_kB=4
7f1456675000 bind:1 file=/usr/lib/x86_64-linux-gnu/ld-2.31.so anon=1 dirty=1 N1=1 kernelpagesize_kB=4
7f1456676000 bind:1 anon=1 dirty=1 mapmax=2 N1=1 kernelpagesize_kB=4
7ffc96030000 bind:1 stack anon=2 dirty=2 N1=2 kernelpagesize_kB=4
Fio Node 0 pages
7f68fa144000 bind:1 file=/usr/lib/x86_64-linux-gnu/libc-2.31.so mapped=28 mapmax=25 N0=28 kernelpagesize_kB=4
7f68fa32c000 bind:1 file=/usr/lib/x86_64-linux-gnu/libc-2.31.so anon=2 dirty=2 mapped=6 active=2 N0=4 N1=2 kernelpagesize_kB=4
7f68fa33b000 bind:1 file=/usr/lib/x86_64-linux-gnu/libdl-2.31.so mapped=1 mapmax=20 N0=1 kernelpagesize_kB=4
7f68fa36f000 bind:1 file=/usr/lib/x86_64-linux-gnu/libm-2.31.so mapped=14 mapmax=12 N0=14 kernelpagesize_kB=4
7f68fa4be000 bind:1 file=/usr/lib/x86_64-linux-gnu/libpthread-2.31.so mapped=7 mapmax=22 N0=7 kernelpagesize_kB=4
7f68fa4e1000 bind:1 file=/usr/lib/x86_64-linux-gnu/libz.so.1.2.11 mapped=2 mapmax=8 N0=2 kernelpagesize_kB=4
7f68fa4fd000 bind:1 file=/usr/lib/x86_64-linux-gnu/librt-2.31.so mapped=3 mapmax=17 N0=3 kernelpagesize_kB=4
7f68fa508000 bind:1 file=/usr/lib/x86_64-linux-gnu/libnuma.so.1.0.0 mapped=3 mapmax=2 N0=3 kernelpagesize_kB=4
7f68fa517000 bind:1 file=/etc/ld.so.cache mapped=10 N0=10 kernelpagesize_kB=4
7f68fa521000 bind:1 file=/usr/lib/x86_64-linux-gnu/ld-2.31.so mapped=1 mapmax=25 N0=1 kernelpagesize_kB=4
7f68fa522000 bind:1 file=/usr/lib/x86_64-linux-gnu/ld-2.31.so mapped=35 mapmax=25 N0=35 kernelpagesize_kB=4
7f68fa545000 bind:1 file=/usr/lib/x86_64-linux-gnu/ld-2.31.so mapped=8 mapmax=25 N0=8 kernelpagesize_kB=4
Fio Node 1 pages
558c94a13000 bind:1 file=/usr/local/bin/fio mapped=24 active=1 N1=24 kernelpagesize_kB=4
558c94a2b000 bind:1 file=/usr/local/bin/fio mapped=67 N1=67 kernelpagesize_kB=4
558c94ab0000 bind:1 file=/usr/local/bin/fio mapped=32 active=23 N1=32 kernelpagesize_kB=4
558c94ad7000 bind:1 file=/usr/local/bin/fio anon=2 dirty=2 N1=2 kernelpagesize_kB=4
558c94ad9000 bind:1 file=/usr/local/bin/fio anon=111 dirty=111 mapped=115 active=111 N1=115 kernelpagesize_kB=4
558c94bb5000 bind:1 anon=2 dirty=2 N1=2 kernelpagesize_kB=4
558c960ad000 bind:1 heap anon=4 dirty=4 N1=4 kernelpagesize_kB=4
7f68fa142000 bind:1 anon=2 dirty=2 N1=2 kernelpagesize_kB=4
7f68fa32c000 bind:1 file=/usr/lib/x86_64-linux-gnu/libc-2.31.so anon=3 dirty=3 N1=3 kernelpagesize_kB=4
7f68fa32f000 bind:1 file=/usr/lib/x86_64-linux-gnu/libc-2.31.so anon=3 dirty=3 N1=3 kernelpagesize_kB=4
7f68fa332000 bind:1 anon=4 dirty=4 N1=4 kernelpagesize_kB=4
7f68fa336000 bind:1 file=/usr/lib/x86_64-linux-gnu/libaio.so.1.0.1 mapped=1 mapmax=2 N1=1 kernelpagesize_kB=4
7f68fa337000 bind:1 file=/usr/lib/x86_64-linux-gnu/libaio.so.1.0.1 mapped=1 mapmax=2 N1=1 kernelpagesize_kB=4
7f68fa339000 bind:1 file=/usr/lib/x86_64-linux-gnu/libaio.so.1.0.1 anon=1 dirty=1 N1=1 kernelpagesize_kB=4
7f68fa33a000 bind:1 file=/usr/lib/x86_64-linux-gnu/libaio.so.1.0.1 anon=1 dirty=1 N1=1 kernelpagesize_kB=4
7f68fa33f000 bind:1 file=/usr/lib/x86_64-linux-gnu/libdl-2.31.so anon=1 dirty=1 N1=1 kernelpagesize_kB=4
7f68fa340000 bind:1 file=/usr/lib/x86_64-linux-gnu/libdl-2.31.so anon=1 dirty=1 N1=1 kernelpagesize_kB=4
7f68fa341000 bind:1 anon=2 dirty=2 N1=2 kernelpagesize_kB=4
7f68fa343000 bind:1 file=/usr/lib/x86_64-linux-gnu/libmvec-2.31.so mapped=2 active=1 N1=2 kernelpagesize_kB=4
7f68fa345000 bind:1 file=/usr/lib/x86_64-linux-gnu/libmvec-2.31.so mapped=12 active=0 N1=12 kernelpagesize_kB=4
7f68fa36d000 bind:1 file=/usr/lib/x86_64-linux-gnu/libmvec-2.31.so anon=1 dirty=1 N1=1 kernelpagesize_kB=4
7f68fa36e000 bind:1 file=/usr/lib/x86_64-linux-gnu/libmvec-2.31.so anon=1 dirty=1 N1=1 kernelpagesize_kB=4
7f68fa4bc000 bind:1 file=/usr/lib/x86_64-linux-gnu/libm-2.31.so anon=1 dirty=1 N1=1 kernelpagesize_kB=4
7f68fa4bd000 bind:1 file=/usr/lib/x86_64-linux-gnu/libm-2.31.so anon=1 dirty=1 N1=1 kernelpagesize_kB=4
7f68fa4db000 bind:1 file=/usr/lib/x86_64-linux-gnu/libpthread-2.31.so anon=1 dirty=1 N1=1 kernelpagesize_kB=4
7f68fa4dc000 bind:1 file=/usr/lib/x86_64-linux-gnu/libpthread-2.31.so anon=1 dirty=1 N1=1 kernelpagesize_kB=4
7f68fa4dd000 bind:1 anon=1 dirty=1 N1=1 kernelpagesize_kB=4
7f68fa4fb000 bind:1 file=/usr/lib/x86_64-linux-gnu/libz.so.1.2.11 anon=1 dirty=1 N1=1 kernelpagesize_kB=4
7f68fa4fc000 bind:1 file=/usr/lib/x86_64-linux-gnu/libz.so.1.2.11 anon=1 dirty=1 N1=1 kernelpagesize_kB=4
7f68fa506000 bind:1 file=/usr/lib/x86_64-linux-gnu/librt-2.31.so anon=1 dirty=1 N1=1 kernelpagesize_kB=4
7f68fa507000 bind:1 file=/usr/lib/x86_64-linux-gnu/librt-2.31.so anon=1 dirty=1 N1=1 kernelpagesize_kB=4
7f68fa513000 bind:1 file=/usr/lib/x86_64-linux-gnu/libnuma.so.1.0.0 anon=1 dirty=1 N1=1 kernelpagesize_kB=4
7f68fa514000 bind:1 file=/usr/lib/x86_64-linux-gnu/libnuma.so.1.0.0 anon=1 dirty=1 N1=1 kernelpagesize_kB=4
7f68fa515000 bind:1 anon=2 dirty=2 N1=2 kernelpagesize_kB=4
7f68fa520000 bind:1 file=/dev/zero\040(deleted) dirty=1 active=0 N1=1 kernelpagesize_kB=4
7f68fa54d000 bind:1 file=/dev/zero\040(deleted) dirty=1 active=0 N1=1 kernelpagesize_kB=4
7f68fa54e000 bind:1 file=/usr/lib/x86_64-linux-gnu/ld-2.31.so anon=1 dirty=1 N1=1 kernelpagesize_kB=4
7f68fa54f000 bind:1 file=/usr/lib/x86_64-linux-gnu/ld-2.31.so anon=1 dirty=1 N1=1 kernelpagesize_kB=4
7f68fa550000 bind:1 anon=1 dirty=1 N1=1 kernelpagesize_kB=4
7fff9ad80000 bind:1 stack anon=3 dirty=3 N1=3 kernelpagesize_kB=4
U.1.fio.4G.2.O
Begin
Node 0 MemTotal:       24743736 kB
Node 0 MemFree:        24497272 kB
Node 0 MemUsed:          246464 kB
Node 0 Active:            44908 kB
Node 0 Inactive:          49724 kB
Node 0 Active(anon):      18932 kB
Node 0 Inactive(anon):      424 kB
Node 0 Active(file):      25976 kB
Node 0 Inactive(file):    49300 kB
Node 0 Unevictable:       17108 kB
Node 0 Mlocked:           17108 kB
Node 0 Dirty:               392 kB
Node 0 Writeback:             0 kB
Node 0 FilePages:         82656 kB
Node 0 Mapped:            47208 kB
Node 0 AnonPages:         29168 kB
Node 0 Shmem:               604 kB
Node 0 KernelStack:        1880 kB
Node 0 PageTables:          684 kB
Node 0 NFS_Unstable:          0 kB
Node 0 Bounce:                0 kB
Node 0 WritebackTmp:          0 kB
Node 0 KReclaimable:      19572 kB
Node 0 Slab:              53516 kB
Node 0 SReclaimable:      19572 kB
Node 0 SUnreclaim:        33944 kB
Node 0 AnonHugePages:         0 kB
Node 0 ShmemHugePages:        0 kB
Node 0 ShmemPmdMapped:        0 kB
Node 0 FileHugePages:        0 kB
Node 0 FilePmdMapped:        0 kB
Node 0 HugePages_Total:     0
Node 0 HugePages_Free:      0
Node 0 HugePages_Surp:      0

Node 1 MemTotal:       24686196 kB
Node 1 MemFree:        24300960 kB
Node 1 MemUsed:          385236 kB
Node 1 Active:            50392 kB
Node 1 Inactive:          61800 kB
Node 1 Active(anon):      14904 kB
Node 1 Inactive(anon):      468 kB
Node 1 Active(file):      35488 kB
Node 1 Inactive(file):    61332 kB
Node 1 Unevictable:        1416 kB
Node 1 Mlocked:            1416 kB
Node 1 Dirty:               136 kB
Node 1 Writeback:             0 kB
Node 1 FilePages:         98940 kB
Node 1 Mapped:            15860 kB
Node 1 AnonPages:         14716 kB
Node 1 Shmem:               664 kB
Node 1 KernelStack:        1720 kB
Node 1 PageTables:          420 kB
Node 1 NFS_Unstable:          0 kB
Node 1 Bounce:                0 kB
Node 1 WritebackTmp:          0 kB
Node 1 KReclaimable:      21684 kB
Node 1 Slab:              51412 kB
Node 1 SReclaimable:      21684 kB
Node 1 SUnreclaim:        29728 kB
Node 1 AnonHugePages:         0 kB
Node 1 ShmemHugePages:        0 kB
Node 1 ShmemPmdMapped:        0 kB
Node 1 FileHugePages:        0 kB
Node 1 FilePmdMapped:        0 kB
Node 1 HugePages_Total:     0
Node 1 HugePages_Free:      0
Node 1 HugePages_Surp:      0

Load ZFS
Node 0 MemTotal:       24743736 kB
Node 0 MemFree:        24491392 kB
Node 0 MemUsed:          252344 kB
Node 0 Active:            49340 kB
Node 0 Inactive:          49636 kB
Node 0 Active(anon):      22572 kB
Node 0 Inactive(anon):      424 kB
Node 0 Active(file):      26768 kB
Node 0 Inactive(file):    49212 kB
Node 0 Unevictable:       17108 kB
Node 0 Mlocked:           17108 kB
Node 0 Dirty:               420 kB
Node 0 Writeback:             0 kB
Node 0 FilePages:         83360 kB
Node 0 Mapped:            47208 kB
Node 0 AnonPages:         32844 kB
Node 0 Shmem:               604 kB
Node 0 KernelStack:        1912 kB
Node 0 PageTables:          824 kB
Node 0 NFS_Unstable:          0 kB
Node 0 Bounce:                0 kB
Node 0 WritebackTmp:          0 kB
Node 0 KReclaimable:      20072 kB
Node 0 Slab:              55532 kB
Node 0 SReclaimable:      20072 kB
Node 0 SUnreclaim:        35460 kB
Node 0 AnonHugePages:         0 kB
Node 0 ShmemHugePages:        0 kB
Node 0 ShmemPmdMapped:        0 kB
Node 0 FileHugePages:        0 kB
Node 0 FilePmdMapped:        0 kB
Node 0 HugePages_Total:     0
Node 0 HugePages_Free:      0
Node 0 HugePages_Surp:      0

Node 1 MemTotal:       24686196 kB
Node 1 MemFree:        24297296 kB
Node 1 MemUsed:          388900 kB
Node 1 Active:            56280 kB
Node 1 Inactive:          57900 kB
Node 1 Active(anon):      15028 kB
Node 1 Inactive(anon):      468 kB
Node 1 Active(file):      41252 kB
Node 1 Inactive(file):    57432 kB
Node 1 Unevictable:        1416 kB
Node 1 Mlocked:            1416 kB
Node 1 Dirty:               136 kB
Node 1 Writeback:             0 kB
Node 1 FilePages:        100764 kB
Node 1 Mapped:            16020 kB
Node 1 AnonPages:         14696 kB
Node 1 Shmem:               664 kB
Node 1 KernelStack:        1784 kB
Node 1 PageTables:          500 kB
Node 1 NFS_Unstable:          0 kB
Node 1 Bounce:                0 kB
Node 1 WritebackTmp:          0 kB
Node 1 KReclaimable:      22180 kB
Node 1 Slab:              53160 kB
Node 1 SReclaimable:      22180 kB
Node 1 SUnreclaim:        30980 kB
Node 1 AnonHugePages:         0 kB
Node 1 ShmemHugePages:        0 kB
Node 1 ShmemPmdMapped:        0 kB
Node 1 FileHugePages:        0 kB
Node 1 FilePmdMapped:        0 kB
Node 1 HugePages_Total:     0
Node 1 HugePages_Free:      0
Node 1 HugePages_Surp:      0

Import tank ZPool
Node 0 MemTotal:       24743736 kB
Node 0 MemFree:        24494988 kB
Node 0 MemUsed:          248748 kB
Node 0 Active:            45344 kB
Node 0 Inactive:          49600 kB
Node 0 Active(anon):      18540 kB
Node 0 Inactive(anon):      424 kB
Node 0 Active(file):      26804 kB
Node 0 Inactive(file):    49176 kB
Node 0 Unevictable:       17108 kB
Node 0 Mlocked:           17108 kB
Node 0 Dirty:               212 kB
Node 0 Writeback:             0 kB
Node 0 FilePages:         83356 kB
Node 0 Mapped:            47500 kB
Node 0 AnonPages:         28516 kB
Node 0 Shmem:               600 kB
Node 0 KernelStack:        1912 kB
Node 0 PageTables:          824 kB
Node 0 NFS_Unstable:          0 kB
Node 0 Bounce:                0 kB
Node 0 WritebackTmp:          0 kB
Node 0 KReclaimable:      20072 kB
Node 0 Slab:              55536 kB
Node 0 SReclaimable:      20072 kB
Node 0 SUnreclaim:        35464 kB
Node 0 AnonHugePages:         0 kB
Node 0 ShmemHugePages:        0 kB
Node 0 ShmemPmdMapped:        0 kB
Node 0 FileHugePages:        0 kB
Node 0 FilePmdMapped:        0 kB
Node 0 HugePages_Total:     0
Node 0 HugePages_Free:      0
Node 0 HugePages_Surp:      0

Node 1 MemTotal:       24686196 kB
Node 1 MemFree:        24279096 kB
Node 1 MemUsed:          407100 kB
Node 1 Active:            57220 kB
Node 1 Inactive:          59084 kB
Node 1 Active(anon):      15564 kB
Node 1 Inactive(anon):      472 kB
Node 1 Active(file):      41656 kB
Node 1 Inactive(file):    58612 kB
Node 1 Unevictable:        1416 kB
Node 1 Mlocked:            1416 kB
Node 1 Dirty:               176 kB
Node 1 Writeback:             0 kB
Node 1 FilePages:        102356 kB
Node 1 Mapped:            16120 kB
Node 1 AnonPages:         15208 kB
Node 1 Shmem:               668 kB
Node 1 KernelStack:        2936 kB
Node 1 PageTables:          584 kB
Node 1 NFS_Unstable:          0 kB
Node 1 Bounce:                0 kB
Node 1 WritebackTmp:          0 kB
Node 1 KReclaimable:      22300 kB
Node 1 Slab:              59532 kB
Node 1 SReclaimable:      22300 kB
Node 1 SUnreclaim:        37232 kB
Node 1 AnonHugePages:         0 kB
Node 1 ShmemHugePages:        0 kB
Node 1 ShmemPmdMapped:        0 kB
Node 1 FileHugePages:        0 kB
Node 1 FilePmdMapped:        0 kB
Node 1 HugePages_Total:     0
Node 1 HugePages_Free:      0
Node 1 HugePages_Surp:      0

After Test
Node 0 MemTotal:       24743736 kB
Node 0 MemFree:        24440292 kB
Node 0 MemUsed:          303444 kB
Node 0 Active:            44664 kB
Node 0 Inactive:          49556 kB
Node 0 Active(anon):      17820 kB
Node 0 Inactive(anon):      420 kB
Node 0 Active(file):      26844 kB
Node 0 Inactive(file):    49136 kB
Node 0 Unevictable:       17108 kB
Node 0 Mlocked:           17108 kB
Node 0 Dirty:                32 kB
Node 0 Writeback:             0 kB
Node 0 FilePages:         83360 kB
Node 0 Mapped:            47208 kB
Node 0 AnonPages:         27972 kB
Node 0 Shmem:               596 kB
Node 0 KernelStack:        1800 kB
Node 0 PageTables:          628 kB
Node 0 NFS_Unstable:          0 kB
Node 0 Bounce:                0 kB
Node 0 WritebackTmp:          0 kB
Node 0 KReclaimable:      20120 kB
Node 0 Slab:              56080 kB
Node 0 SReclaimable:      20120 kB
Node 0 SUnreclaim:        35960 kB
Node 0 AnonHugePages:         0 kB
Node 0 ShmemHugePages:        0 kB
Node 0 ShmemPmdMapped:        0 kB
Node 0 FileHugePages:        0 kB
Node 0 FilePmdMapped:        0 kB
Node 0 HugePages_Total:     0
Node 0 HugePages_Free:      0
Node 0 HugePages_Surp:      0
Fio Node 0 pages
5645cd034000 bind:0 file=/usr/local/bin/fio anon=2 dirty=2 mapped=17 active=4 N0=2 N1=15 kernelpagesize_kB=4
7f90c1496000 bind:0 anon=2 dirty=2 N0=2 kernelpagesize_kB=4
7f90c1498000 bind:0 file=/usr/lib/x86_64-linux-gnu/libc-2.31.so mapped=37 mapmax=25 N0=37 kernelpagesize_kB=4
7f90c14bd000 bind:0 file=/usr/lib/x86_64-linux-gnu/libc-2.31.so mapped=16 mapmax=25 N0=16 kernelpagesize_kB=4
7f90c1680000 bind:0 file=/usr/lib/x86_64-linux-gnu/libc-2.31.so anon=6 dirty=6 N0=6 kernelpagesize_kB=4
7f90c168d000 bind:0 file=/usr/lib/x86_64-linux-gnu/libaio.so.1.0.1 anon=2 dirty=2 N0=2 kernelpagesize_kB=4
7f90c168f000 bind:0 file=/usr/lib/x86_64-linux-gnu/libdl-2.31.so mapped=1 mapmax=20 N0=1 kernelpagesize_kB=4
7f90c1693000 bind:0 file=/usr/lib/x86_64-linux-gnu/libdl-2.31.so anon=2 dirty=2 N0=2 kernelpagesize_kB=4
7f90c1695000 bind:0 anon=2 dirty=2 N0=2 kernelpagesize_kB=4
7f90c16c1000 bind:0 file=/usr/lib/x86_64-linux-gnu/libmvec-2.31.so anon=2 dirty=2 N0=2 kernelpagesize_kB=4
7f90c16c3000 bind:0 file=/usr/lib/x86_64-linux-gnu/libm-2.31.so mapped=15 mapmax=12 N0=15 kernelpagesize_kB=4
7f90c1810000 bind:0 file=/usr/lib/x86_64-linux-gnu/libm-2.31.so anon=2 dirty=2 N0=2 kernelpagesize_kB=4
7f90c1812000 bind:0 file=/usr/lib/x86_64-linux-gnu/libpthread-2.31.so mapped=7 mapmax=22 N0=7 kernelpagesize_kB=4
7f90c182f000 bind:0 file=/usr/lib/x86_64-linux-gnu/libpthread-2.31.so anon=2 dirty=2 N0=2 kernelpagesize_kB=4
7f90c1835000 bind:0 file=/usr/lib/x86_64-linux-gnu/libz.so.1.2.11 mapped=2 mapmax=8 N0=2 kernelpagesize_kB=4
7f90c184f000 bind:0 file=/usr/lib/x86_64-linux-gnu/libz.so.1.2.11 anon=2 dirty=2 N0=2 kernelpagesize_kB=4
7f90c1851000 bind:0 file=/usr/lib/x86_64-linux-gnu/librt-2.31.so mapped=3 mapmax=17 N0=3 kernelpagesize_kB=4
7f90c185a000 bind:0 file=/usr/lib/x86_64-linux-gnu/librt-2.31.so anon=2 dirty=2 N0=2 kernelpagesize_kB=4
7f90c185c000 bind:0 file=/usr/lib/x86_64-linux-gnu/libnuma.so.1.0.0 mapped=3 mapmax=2 N0=3 kernelpagesize_kB=4
7f90c1867000 bind:0 file=/usr/lib/x86_64-linux-gnu/libnuma.so.1.0.0 anon=2 dirty=2 N0=2 kernelpagesize_kB=4
7f90c1869000 bind:0 anon=2 dirty=2 N0=2 kernelpagesize_kB=4
7f90c186b000 bind:0 file=/etc/ld.so.cache mapped=10 N0=10 kernelpagesize_kB=4
7f90c1875000 bind:0 file=/usr/lib/x86_64-linux-gnu/ld-2.31.so mapped=1 mapmax=25 N0=1 kernelpagesize_kB=4
7f90c1876000 bind:0 file=/usr/lib/x86_64-linux-gnu/ld-2.31.so mapped=35 mapmax=25 N0=35 kernelpagesize_kB=4
7f90c1899000 bind:0 file=/usr/lib/x86_64-linux-gnu/ld-2.31.so mapped=8 mapmax=25 N0=8 kernelpagesize_kB=4
7f90c18a2000 bind:0 file=/usr/lib/x86_64-linux-gnu/ld-2.31.so anon=2 dirty=2 N0=2 kernelpagesize_kB=4
7f90c18a4000 bind:0 anon=1 dirty=1 N0=1 kernelpagesize_kB=4
7ffe58cc0000 bind:0 stack anon=4 dirty=4 N0=4 kernelpagesize_kB=4
Fio Node 1 pages
5645ccf70000 bind:0 file=/usr/local/bin/fio mapped=24 N1=24 kernelpagesize_kB=4
5645ccf88000 bind:0 file=/usr/local/bin/fio mapped=99 N1=99 kernelpagesize_kB=4
5645cd00d000 bind:0 file=/usr/local/bin/fio mapped=35 active=32 N1=35 kernelpagesize_kB=4
5645cd036000 bind:0 file=/usr/local/bin/fio anon=112 dirty=112 mapped=116 active=114 N0=112 N1=4 kernelpagesize_kB=4
7f90c168a000 bind:0 file=/usr/lib/x86_64-linux-gnu/libaio.so.1.0.1 mapped=1 mapmax=2 N1=1 kernelpagesize_kB=4
7f90c168b000 bind:0 file=/usr/lib/x86_64-linux-gnu/libaio.so.1.0.1 mapped=1 mapmax=2 N1=1 kernelpagesize_kB=4
7f90c1697000 bind:0 file=/usr/lib/x86_64-linux-gnu/libmvec-2.31.so mapped=2 N1=2 kernelpagesize_kB=4
7f90c1699000 bind:0 file=/usr/lib/x86_64-linux-gnu/libmvec-2.31.so mapped=12 N1=12 kernelpagesize_kB=4
Fio Node 0 pages
563dc3964000 bind:0 file=/usr/local/bin/fio anon=2 dirty=2 mapped=17 active=4 N0=2 N1=15 kernelpagesize_kB=4
7f3c585a9000 bind:0 file=/usr/lib/x86_64-linux-gnu/libc-2.31.so mapped=30 mapmax=25 N0=30 kernelpagesize_kB=4
7f3c58791000 bind:0 file=/usr/lib/x86_64-linux-gnu/libc-2.31.so anon=2 dirty=2 mapped=6 active=2 N0=6 kernelpagesize_kB=4
7f3c5879e000 bind:0 file=/usr/lib/x86_64-linux-gnu/libaio.so.1.0.1 anon=2 dirty=2 N0=2 kernelpagesize_kB=4
7f3c587a0000 bind:0 file=/usr/lib/x86_64-linux-gnu/libdl-2.31.so mapped=1 mapmax=20 N0=1 kernelpagesize_kB=4
7f3c587a4000 bind:0 file=/usr/lib/x86_64-linux-gnu/libdl-2.31.so anon=2 dirty=2 N0=2 kernelpagesize_kB=4
7f3c587a6000 bind:0 anon=2 dirty=2 N0=2 kernelpagesize_kB=4
7f3c587d2000 bind:0 file=/usr/lib/x86_64-linux-gnu/libmvec-2.31.so anon=2 dirty=2 N0=2 kernelpagesize_kB=4
7f3c587d4000 bind:0 file=/usr/lib/x86_64-linux-gnu/libm-2.31.so mapped=15 mapmax=12 N0=15 kernelpagesize_kB=4
7f3c58921000 bind:0 file=/usr/lib/x86_64-linux-gnu/libm-2.31.so anon=2 dirty=2 N0=2 kernelpagesize_kB=4
7f3c58923000 bind:0 file=/usr/lib/x86_64-linux-gnu/libpthread-2.31.so mapped=7 mapmax=22 N0=7 kernelpagesize_kB=4
7f3c58940000 bind:0 file=/usr/lib/x86_64-linux-gnu/libpthread-2.31.so anon=2 dirty=2 N0=2 kernelpagesize_kB=4
7f3c58946000 bind:0 file=/usr/lib/x86_64-linux-gnu/libz.so.1.2.11 mapped=2 mapmax=8 N0=2 kernelpagesize_kB=4
7f3c58960000 bind:0 file=/usr/lib/x86_64-linux-gnu/libz.so.1.2.11 anon=2 dirty=2 N0=2 kernelpagesize_kB=4
7f3c58962000 bind:0 file=/usr/lib/x86_64-linux-gnu/librt-2.31.so mapped=3 mapmax=17 N0=3 kernelpagesize_kB=4
7f3c5896b000 bind:0 file=/usr/lib/x86_64-linux-gnu/librt-2.31.so anon=2 dirty=2 N0=2 kernelpagesize_kB=4
7f3c5896d000 bind:0 file=/usr/lib/x86_64-linux-gnu/libnuma.so.1.0.0 mapped=3 mapmax=2 N0=3 kernelpagesize_kB=4
7f3c58978000 bind:0 file=/usr/lib/x86_64-linux-gnu/libnuma.so.1.0.0 anon=2 dirty=2 N0=2 kernelpagesize_kB=4
7f3c5897a000 bind:0 anon=2 dirty=2 N0=2 kernelpagesize_kB=4
7f3c5897c000 bind:0 file=/etc/ld.so.cache mapped=10 N0=10 kernelpagesize_kB=4
7f3c58986000 bind:0 file=/usr/lib/x86_64-linux-gnu/ld-2.31.so mapped=1 mapmax=25 N0=1 kernelpagesize_kB=4
7f3c58987000 bind:0 file=/usr/lib/x86_64-linux-gnu/ld-2.31.so mapped=35 mapmax=25 N0=35 kernelpagesize_kB=4
7f3c589aa000 bind:0 file=/usr/lib/x86_64-linux-gnu/ld-2.31.so mapped=8 mapmax=25 N0=8 kernelpagesize_kB=4
7f3c589b3000 bind:0 file=/usr/lib/x86_64-linux-gnu/ld-2.31.so anon=2 dirty=2 N0=2 kernelpagesize_kB=4
7f3c589b5000 bind:0 anon=1 dirty=1 N0=1 kernelpagesize_kB=4
7ffd0f366000 bind:0 stack anon=3 dirty=3 N0=3 kernelpagesize_kB=4
Fio Node 1 pages
563dc38a0000 bind:0 file=/usr/local/bin/fio mapped=24 N1=24 kernelpagesize_kB=4
563dc38b8000 bind:0 file=/usr/local/bin/fio mapped=99 N1=99 kernelpagesize_kB=4
563dc393d000 bind:0 file=/usr/local/bin/fio mapped=35 active=32 N1=35 kernelpagesize_kB=4
563dc3966000 bind:0 file=/usr/local/bin/fio anon=112 dirty=112 mapped=116 active=114 N0=112 N1=4 kernelpagesize_kB=4
7f3c5879b000 bind:0 file=/usr/lib/x86_64-linux-gnu/libaio.so.1.0.1 mapped=1 mapmax=2 N1=1 kernelpagesize_kB=4
7f3c5879c000 bind:0 file=/usr/lib/x86_64-linux-gnu/libaio.so.1.0.1 mapped=1 mapmax=2 N1=1 kernelpagesize_kB=4
7f3c587a8000 bind:0 file=/usr/lib/x86_64-linux-gnu/libmvec-2.31.so mapped=2 N1=2 kernelpagesize_kB=4
7f3c587aa000 bind:0 file=/usr/lib/x86_64-linux-gnu/libmvec-2.31.so mapped=12 N1=12 kernelpagesize_kB=4

Node 1 MemTotal:       24686196 kB
Node 1 MemFree:        19291584 kB
Node 1 MemUsed:         5394612 kB
Node 1 Active:            58064 kB
Node 1 Inactive:          60040 kB
Node 1 Active(anon):      15164 kB
Node 1 Inactive(anon):      504 kB
Node 1 Active(file):      42900 kB
Node 1 Inactive(file):    59536 kB
Node 1 Unevictable:        1416 kB
Node 1 Mlocked:            1416 kB
Node 1 Dirty:                36 kB
Node 1 Writeback:             0 kB
Node 1 FilePages:        104568 kB
Node 1 Mapped:            16132 kB
Node 1 AnonPages:         14924 kB
Node 1 Shmem:               716 kB
Node 1 KernelStack:        2856 kB
Node 1 PageTables:          648 kB
Node 1 NFS_Unstable:          0 kB
Node 1 Bounce:                0 kB
Node 1 WritebackTmp:          0 kB
Node 1 KReclaimable:      23628 kB
Node 1 Slab:              80904 kB
Node 1 SReclaimable:      23628 kB
Node 1 SUnreclaim:        57276 kB
Node 1 AnonHugePages:         0 kB
Node 1 ShmemHugePages:        0 kB
Node 1 ShmemPmdMapped:        0 kB
Node 1 FileHugePages:        0 kB
Node 1 FilePmdMapped:        0 kB
Node 1 HugePages_Total:     0
Node 1 HugePages_Free:      0
Node 1 HugePages_Surp:      0

After Opposite Node
Node 0 MemTotal:       24743736 kB
Node 0 MemFree:        24439832 kB
Node 0 MemUsed:          303904 kB
Node 0 Active:            44884 kB
Node 0 Inactive:          49612 kB
Node 0 Active(anon):      18020 kB
Node 0 Inactive(anon):      456 kB
Node 0 Active(file):      26864 kB
Node 0 Inactive(file):    49156 kB
Node 0 Unevictable:       17108 kB
Node 0 Mlocked:           17108 kB
Node 0 Dirty:                52 kB
Node 0 Writeback:             0 kB
Node 0 FilePages:         83440 kB
Node 0 Mapped:            47252 kB
Node 0 AnonPages:         28032 kB
Node 0 Shmem:               640 kB
Node 0 KernelStack:        1816 kB
Node 0 PageTables:          740 kB
Node 0 NFS_Unstable:          0 kB
Node 0 Bounce:                0 kB
Node 0 WritebackTmp:          0 kB
Node 0 KReclaimable:      20160 kB
Node 0 Slab:              58028 kB
Node 0 SReclaimable:      20160 kB
Node 0 SUnreclaim:        37868 kB
Node 0 AnonHugePages:         0 kB
Node 0 ShmemHugePages:        0 kB
Node 0 ShmemPmdMapped:        0 kB
Node 0 FileHugePages:        0 kB
Node 0 FilePmdMapped:        0 kB
Node 0 HugePages_Total:     0
Node 0 HugePages_Free:      0
Node 0 HugePages_Surp:      0

Node 1 MemTotal:       24686196 kB
Node 1 MemFree:        19296348 kB
Node 1 MemUsed:         5389848 kB
Node 1 Active:            58096 kB
Node 1 Inactive:          59816 kB
Node 1 Active(anon):      14984 kB
Node 1 Inactive(anon):      476 kB
Node 1 Active(file):      43112 kB
Node 1 Inactive(file):    59340 kB
Node 1 Unevictable:        1416 kB
Node 1 Mlocked:            1416 kB
Node 1 Dirty:                56 kB
Node 1 Writeback:             0 kB
Node 1 FilePages:        104540 kB
Node 1 Mapped:            16100 kB
Node 1 AnonPages:         14788 kB
Node 1 Shmem:               672 kB
Node 1 KernelStack:        2808 kB
Node 1 PageTables:          476 kB
Node 1 NFS_Unstable:          0 kB
Node 1 Bounce:                0 kB
Node 1 WritebackTmp:          0 kB
Node 1 KReclaimable:      23628 kB
Node 1 Slab:              80468 kB
Node 1 SReclaimable:      23628 kB
Node 1 SUnreclaim:        56840 kB
Node 1 AnonHugePages:         0 kB
Node 1 ShmemHugePages:        0 kB
Node 1 ShmemPmdMapped:        0 kB
Node 1 FileHugePages:        0 kB
Node 1 FilePmdMapped:        0 kB
Node 1 HugePages_Total:     0
Node 1 HugePages_Free:      0
Node 1 HugePages_Surp:      0

U.1.fio.4G.2.O Complete!
