Fio Node 0 pages
55ec65033000 bind:1 file=/usr/bin/dash mapped=19 mapmax=3 N0=9 N1=10 kernelpagesize_kB=4
55ec65046000 bind:1 file=/usr/bin/dash mapped=6 mapmax=3 N0=6 kernelpagesize_kB=4
7f9e61df4000 bind:1 file=/usr/lib/x86_64-linux-gnu/libc-2.31.so mapped=128 mapmax=26 N0=128 kernelpagesize_kB=4
7f9e61f6c000 bind:1 file=/usr/lib/x86_64-linux-gnu/libc-2.31.so mapped=32 mapmax=25 N0=32 kernelpagesize_kB=4
Fio Node 1 pages
55ec65033000 bind:1 file=/usr/bin/dash mapped=19 mapmax=3 N0=9 N1=10 kernelpagesize_kB=4
55ec6504c000 bind:1 file=/usr/bin/dash anon=2 dirty=2 mapmax=2 N1=2 kernelpagesize_kB=4
55ec6504e000 bind:1 file=/usr/bin/dash anon=1 dirty=1 N1=1 kernelpagesize_kB=4
55ec6504f000 bind:1 anon=1 dirty=1 N1=1 kernelpagesize_kB=4
55ec65247000 bind:1 heap anon=2 dirty=2 mapmax=2 N1=2 kernelpagesize_kB=4
7f9e61fb7000 bind:1 file=/usr/lib/x86_64-linux-gnu/libc-2.31.so anon=3 dirty=3 mapmax=2 N1=3 kernelpagesize_kB=4
7f9e61fba000 bind:1 file=/usr/lib/x86_64-linux-gnu/libc-2.31.so anon=3 dirty=3 mapmax=2 N1=3 kernelpagesize_kB=4
7f9e61fbd000 bind:1 anon=6 dirty=6 mapmax=2 N1=6 kernelpagesize_kB=4
7f9e61ffa000 bind:1 file=/usr/lib/x86_64-linux-gnu/ld-2.31.so anon=1 dirty=1 mapmax=2 N1=1 kernelpagesize_kB=4
7f9e61ffb000 bind:1 file=/usr/lib/x86_64-linux-gnu/ld-2.31.so anon=1 dirty=1 N1=1 kernelpagesize_kB=4
7f9e61ffc000 bind:1 anon=1 dirty=1 mapmax=2 N1=1 kernelpagesize_kB=4
7fff8cd3c000 bind:1 stack anon=4 dirty=4 mapmax=2 N1=4 kernelpagesize_kB=4
Fio Node 0 pages
7f085436b000 bind:1 file=/usr/lib/x86_64-linux-gnu/libc-2.31.so mapped=37 mapmax=25 N0=37 kernelpagesize_kB=4
7f0854390000 bind:1 file=/usr/lib/x86_64-linux-gnu/libc-2.31.so mapped=16 mapmax=25 N0=16 kernelpagesize_kB=4
7f085455d000 bind:1 file=/usr/lib/x86_64-linux-gnu/libaio.so.1.0.1 mapped=1 mapmax=2 N0=1 kernelpagesize_kB=4
7f0854562000 bind:1 file=/usr/lib/x86_64-linux-gnu/libdl-2.31.so mapped=1 mapmax=20 N0=1 kernelpagesize_kB=4
7f0854596000 bind:1 file=/usr/lib/x86_64-linux-gnu/libm-2.31.so mapped=15 mapmax=12 N0=15 kernelpagesize_kB=4
7f08546e5000 bind:1 file=/usr/lib/x86_64-linux-gnu/libpthread-2.31.so mapped=7 mapmax=22 N0=7 kernelpagesize_kB=4
7f0854724000 bind:1 file=/usr/lib/x86_64-linux-gnu/librt-2.31.so mapped=3 mapmax=17 N0=3 kernelpagesize_kB=4
7f085472f000 bind:1 file=/usr/lib/x86_64-linux-gnu/libnuma.so.1.0.0 mapped=3 mapmax=2 N0=3 kernelpagesize_kB=4
7f085473e000 bind:1 file=/etc/ld.so.cache mapped=10 N0=10 kernelpagesize_kB=4
7f0854748000 bind:1 file=/usr/lib/x86_64-linux-gnu/ld-2.31.so mapped=1 mapmax=25 N0=1 kernelpagesize_kB=4
7f0854749000 bind:1 file=/usr/lib/x86_64-linux-gnu/ld-2.31.so mapped=35 mapmax=25 N0=35 kernelpagesize_kB=4
7f085476c000 bind:1 file=/usr/lib/x86_64-linux-gnu/ld-2.31.so mapped=8 mapmax=25 N0=8 kernelpagesize_kB=4
Fio Node 1 pages
55e7b50dd000 bind:1 file=/usr/local/bin/fio mapped=24 active=1 N1=24 kernelpagesize_kB=4
55e7b51a1000 bind:1 file=/usr/local/bin/fio anon=2 dirty=2 N1=2 kernelpagesize_kB=4
55e7b51a3000 bind:1 file=/usr/local/bin/fio anon=108 dirty=108 mapped=112 active=108 N1=112 kernelpagesize_kB=4
55e7b5d79000 bind:1 heap anon=4 dirty=4 N1=4 kernelpagesize_kB=4
7f0854369000 bind:1 anon=2 dirty=2 N1=2 kernelpagesize_kB=4
7f0854390000 bind:1 file=/usr/lib/x86_64-linux-gnu/libc-2.31.so mapped=288 mapmax=25 N0=287 N1=1 kernelpagesize_kB=4
7f0854553000 bind:1 file=/usr/lib/x86_64-linux-gnu/libc-2.31.so anon=3 dirty=3 N1=3 kernelpagesize_kB=4
7f0854556000 bind:1 file=/usr/lib/x86_64-linux-gnu/libc-2.31.so anon=3 dirty=3 N1=3 kernelpagesize_kB=4
7f0854559000 bind:1 anon=4 dirty=4 N1=4 kernelpagesize_kB=4
7f0854560000 bind:1 file=/usr/lib/x86_64-linux-gnu/libaio.so.1.0.1 anon=1 dirty=1 N1=1 kernelpagesize_kB=4
7f0854561000 bind:1 file=/usr/lib/x86_64-linux-gnu/libaio.so.1.0.1 anon=1 dirty=1 N1=1 kernelpagesize_kB=4
7f0854566000 bind:1 file=/usr/lib/x86_64-linux-gnu/libdl-2.31.so anon=1 dirty=1 N1=1 kernelpagesize_kB=4
7f0854567000 bind:1 file=/usr/lib/x86_64-linux-gnu/libdl-2.31.so anon=1 dirty=1 N1=1 kernelpagesize_kB=4
7f0854568000 bind:1 anon=2 dirty=2 N1=2 kernelpagesize_kB=4
7f085456a000 bind:1 file=/usr/lib/x86_64-linux-gnu/libmvec-2.31.so mapped=2 active=1 N1=2 kernelpagesize_kB=4
7f085456c000 bind:1 file=/usr/lib/x86_64-linux-gnu/libmvec-2.31.so mapped=12 active=0 N1=12 kernelpagesize_kB=4
7f0854594000 bind:1 file=/usr/lib/x86_64-linux-gnu/libmvec-2.31.so anon=1 dirty=1 N1=1 kernelpagesize_kB=4
7f0854595000 bind:1 file=/usr/lib/x86_64-linux-gnu/libmvec-2.31.so anon=1 dirty=1 N1=1 kernelpagesize_kB=4
7f08546e3000 bind:1 file=/usr/lib/x86_64-linux-gnu/libm-2.31.so anon=1 dirty=1 N1=1 kernelpagesize_kB=4
7f08546e4000 bind:1 file=/usr/lib/x86_64-linux-gnu/libm-2.31.so anon=1 dirty=1 N1=1 kernelpagesize_kB=4
7f0854702000 bind:1 file=/usr/lib/x86_64-linux-gnu/libpthread-2.31.so anon=1 dirty=1 N1=1 kernelpagesize_kB=4
7f0854703000 bind:1 file=/usr/lib/x86_64-linux-gnu/libpthread-2.31.so anon=1 dirty=1 N1=1 kernelpagesize_kB=4
7f0854704000 bind:1 anon=1 dirty=1 N1=1 kernelpagesize_kB=4
7f0854708000 bind:1 file=/usr/lib/x86_64-linux-gnu/libz.so.1.2.11 mapped=2 mapmax=8 N1=2 kernelpagesize_kB=4
7f085470a000 bind:1 file=/usr/lib/x86_64-linux-gnu/libz.so.1.2.11 mapped=15 mapmax=8 N1=15 kernelpagesize_kB=4
7f0854722000 bind:1 file=/usr/lib/x86_64-linux-gnu/libz.so.1.2.11 anon=1 dirty=1 N1=1 kernelpagesize_kB=4
7f0854723000 bind:1 file=/usr/lib/x86_64-linux-gnu/libz.so.1.2.11 anon=1 dirty=1 N1=1 kernelpagesize_kB=4
7f085472d000 bind:1 file=/usr/lib/x86_64-linux-gnu/librt-2.31.so anon=1 dirty=1 N1=1 kernelpagesize_kB=4
7f085472e000 bind:1 file=/usr/lib/x86_64-linux-gnu/librt-2.31.so anon=1 dirty=1 N1=1 kernelpagesize_kB=4
7f085473a000 bind:1 file=/usr/lib/x86_64-linux-gnu/libnuma.so.1.0.0 anon=1 dirty=1 N1=1 kernelpagesize_kB=4
7f085473b000 bind:1 file=/usr/lib/x86_64-linux-gnu/libnuma.so.1.0.0 anon=1 dirty=1 N1=1 kernelpagesize_kB=4
7f085473c000 bind:1 anon=2 dirty=2 N1=2 kernelpagesize_kB=4
7f0854774000 bind:1 file=/dev/zero\040(deleted) dirty=1 active=0 N1=1 kernelpagesize_kB=4
7f0854775000 bind:1 file=/usr/lib/x86_64-linux-gnu/ld-2.31.so anon=1 dirty=1 N1=1 kernelpagesize_kB=4
7f0854776000 bind:1 file=/usr/lib/x86_64-linux-gnu/ld-2.31.so anon=1 dirty=1 N1=1 kernelpagesize_kB=4
7f0854777000 bind:1 anon=1 dirty=1 N1=1 kernelpagesize_kB=4
7ffe02e8d000 bind:1 stack anon=3 dirty=3 N1=3 kernelpagesize_kB=4
U.1.fio.2G.3.O
Begin
Node 0 MemTotal:       24743736 kB
Node 0 MemFree:        24375828 kB
Node 0 MemUsed:          367908 kB
Node 0 Active:            45004 kB
Node 0 Inactive:          35540 kB
Node 0 Active(anon):      24080 kB
Node 0 Inactive(anon):      316 kB
Node 0 Active(file):      20924 kB
Node 0 Inactive(file):    35224 kB
Node 0 Unevictable:        5624 kB
Node 0 Mlocked:            5624 kB
Node 0 Dirty:               156 kB
Node 0 Writeback:             0 kB
Node 0 FilePages:         62264 kB
Node 0 Mapped:            25660 kB
Node 0 AnonPages:         23964 kB
Node 0 Shmem:               488 kB
Node 0 KernelStack:        2200 kB
Node 0 PageTables:          556 kB
Node 0 NFS_Unstable:          0 kB
Node 0 Bounce:                0 kB
Node 0 WritebackTmp:          0 kB
Node 0 KReclaimable:      20568 kB
Node 0 Slab:              57440 kB
Node 0 SReclaimable:      20568 kB
Node 0 SUnreclaim:        36872 kB
Node 0 AnonHugePages:         0 kB
Node 0 ShmemHugePages:        0 kB
Node 0 ShmemPmdMapped:        0 kB
Node 0 FileHugePages:        0 kB
Node 0 FilePmdMapped:        0 kB
Node 0 HugePages_Total:     0
Node 0 HugePages_Free:      0
Node 0 HugePages_Surp:      0

Node 1 MemTotal:       24686196 kB
Node 1 MemFree:        24451116 kB
Node 1 MemUsed:          235080 kB
Node 1 Active:            49076 kB
Node 1 Inactive:          49640 kB
Node 1 Active(anon):       9760 kB
Node 1 Inactive(anon):      568 kB
Node 1 Active(file):      39316 kB
Node 1 Inactive(file):    49072 kB
Node 1 Unevictable:       12896 kB
Node 1 Mlocked:           12896 kB
Node 1 Dirty:                44 kB
Node 1 Writeback:             0 kB
Node 1 FilePages:         91740 kB
Node 1 Mapped:            15884 kB
Node 1 AnonPages:         19964 kB
Node 1 Shmem:               780 kB
Node 1 KernelStack:        1432 kB
Node 1 PageTables:          508 kB
Node 1 NFS_Unstable:          0 kB
Node 1 Bounce:                0 kB
Node 1 WritebackTmp:          0 kB
Node 1 KReclaimable:      20688 kB
Node 1 Slab:              47812 kB
Node 1 SReclaimable:      20688 kB
Node 1 SUnreclaim:        27124 kB
Node 1 AnonHugePages:         0 kB
Node 1 ShmemHugePages:        0 kB
Node 1 ShmemPmdMapped:        0 kB
Node 1 FileHugePages:        0 kB
Node 1 FilePmdMapped:        0 kB
Node 1 HugePages_Total:     0
Node 1 HugePages_Free:      0
Node 1 HugePages_Surp:      0

Load ZFS
Node 0 MemTotal:       24743736 kB
Node 0 MemFree:        24367744 kB
Node 0 MemUsed:          375992 kB
Node 0 Active:            55756 kB
Node 0 Inactive:          30888 kB
Node 0 Active(anon):      29128 kB
Node 0 Inactive(anon):      316 kB
Node 0 Active(file):      26628 kB
Node 0 Inactive(file):    30572 kB
Node 0 Unevictable:        5624 kB
Node 0 Mlocked:            5624 kB
Node 0 Dirty:               184 kB
Node 0 Writeback:             0 kB
Node 0 FilePages:         63308 kB
Node 0 Mapped:            25764 kB
Node 0 AnonPages:         28960 kB
Node 0 Shmem:               488 kB
Node 0 KernelStack:        2408 kB
Node 0 PageTables:          932 kB
Node 0 NFS_Unstable:          0 kB
Node 0 Bounce:                0 kB
Node 0 WritebackTmp:          0 kB
Node 0 KReclaimable:      21048 kB
Node 0 Slab:              59160 kB
Node 0 SReclaimable:      21048 kB
Node 0 SUnreclaim:        38112 kB
Node 0 AnonHugePages:         0 kB
Node 0 ShmemHugePages:        0 kB
Node 0 ShmemPmdMapped:        0 kB
Node 0 FileHugePages:        0 kB
Node 0 FilePmdMapped:        0 kB
Node 0 HugePages_Total:     0
Node 0 HugePages_Free:      0
Node 0 HugePages_Surp:      0

Node 1 MemTotal:       24686196 kB
Node 1 MemFree:        24445092 kB
Node 1 MemUsed:          241104 kB
Node 1 Active:            52888 kB
Node 1 Inactive:          50276 kB
Node 1 Active(anon):      12724 kB
Node 1 Inactive(anon):      568 kB
Node 1 Active(file):      40164 kB
Node 1 Inactive(file):    49708 kB
Node 1 Unevictable:       12896 kB
Node 1 Mlocked:           12896 kB
Node 1 Dirty:                48 kB
Node 1 Writeback:             0 kB
Node 1 FilePages:         93224 kB
Node 1 Mapped:            15836 kB
Node 1 AnonPages:         23000 kB
Node 1 Shmem:               780 kB
Node 1 KernelStack:        1432 kB
Node 1 PageTables:          564 kB
Node 1 NFS_Unstable:          0 kB
Node 1 Bounce:                0 kB
Node 1 WritebackTmp:          0 kB
Node 1 KReclaimable:      21192 kB
Node 1 Slab:              49972 kB
Node 1 SReclaimable:      21192 kB
Node 1 SUnreclaim:        28780 kB
Node 1 AnonHugePages:         0 kB
Node 1 ShmemHugePages:        0 kB
Node 1 ShmemPmdMapped:        0 kB
Node 1 FileHugePages:        0 kB
Node 1 FilePmdMapped:        0 kB
Node 1 HugePages_Total:     0
Node 1 HugePages_Free:      0
Node 1 HugePages_Surp:      0

Import tank ZPool
Node 0 MemTotal:       24743736 kB
Node 0 MemFree:        24353632 kB
Node 0 MemUsed:          390104 kB
Node 0 Active:            51400 kB
Node 0 Inactive:          31764 kB
Node 0 Active(anon):      24068 kB
Node 0 Inactive(anon):      320 kB
Node 0 Active(file):      27332 kB
Node 0 Inactive(file):    31444 kB
Node 0 Unevictable:        5624 kB
Node 0 Mlocked:            5624 kB
Node 0 Dirty:               224 kB
Node 0 Writeback:             0 kB
Node 0 FilePages:         64884 kB
Node 0 Mapped:            25604 kB
Node 0 AnonPages:         23992 kB
Node 0 Shmem:               488 kB
Node 0 KernelStack:        3304 kB
Node 0 PageTables:          564 kB
Node 0 NFS_Unstable:          0 kB
Node 0 Bounce:                0 kB
Node 0 WritebackTmp:          0 kB
Node 0 KReclaimable:      21156 kB
Node 0 Slab:              66100 kB
Node 0 SReclaimable:      21156 kB
Node 0 SUnreclaim:        44944 kB
Node 0 AnonHugePages:         0 kB
Node 0 ShmemHugePages:        0 kB
Node 0 ShmemPmdMapped:        0 kB
Node 0 FileHugePages:        0 kB
Node 0 FilePmdMapped:        0 kB
Node 0 HugePages_Total:     0
Node 0 HugePages_Free:      0
Node 0 HugePages_Surp:      0

Node 1 MemTotal:       24686196 kB
Node 1 MemFree:        24447376 kB
Node 1 MemUsed:          238820 kB
Node 1 Active:            49204 kB
Node 1 Inactive:          50276 kB
Node 1 Active(anon):       9040 kB
Node 1 Inactive(anon):      568 kB
Node 1 Active(file):      40164 kB
Node 1 Inactive(file):    49708 kB
Node 1 Unevictable:       12896 kB
Node 1 Mlocked:           12896 kB
Node 1 Dirty:                52 kB
Node 1 Writeback:             0 kB
Node 1 FilePages:         93224 kB
Node 1 Mapped:            15836 kB
Node 1 AnonPages:         19300 kB
Node 1 Shmem:               780 kB
Node 1 KernelStack:        1416 kB
Node 1 PageTables:          476 kB
Node 1 NFS_Unstable:          0 kB
Node 1 Bounce:                0 kB
Node 1 WritebackTmp:          0 kB
Node 1 KReclaimable:      21192 kB
Node 1 Slab:              49972 kB
Node 1 SReclaimable:      21192 kB
Node 1 SUnreclaim:        28780 kB
Node 1 AnonHugePages:         0 kB
Node 1 ShmemHugePages:        0 kB
Node 1 ShmemPmdMapped:        0 kB
Node 1 FileHugePages:        0 kB
Node 1 FilePmdMapped:        0 kB
Node 1 HugePages_Total:     0
Node 1 HugePages_Free:      0
Node 1 HugePages_Surp:      0

After Test
Node 0 MemTotal:       24743736 kB
Node 0 MemFree:        23875932 kB
Node 0 MemUsed:          867804 kB
Node 0 Active:            51164 kB
Node 0 Inactive:          31752 kB
Node 0 Active(anon):      23764 kB
Node 0 Inactive(anon):      320 kB
Node 0 Active(file):      27400 kB
Node 0 Inactive(file):    31432 kB
Node 0 Unevictable:        5624 kB
Node 0 Mlocked:            5624 kB
Node 0 Dirty:                20 kB
Node 0 Writeback:             0 kB
Node 0 FilePages:         64940 kB
Node 0 Mapped:            25604 kB
Node 0 AnonPages:         23596 kB
Node 0 Shmem:               488 kB
Node 0 KernelStack:        3272 kB
Node 0 PageTables:          564 kB
Node 0 NFS_Unstable:          0 kB
Node 0 Bounce:                0 kB
Node 0 WritebackTmp:          0 kB
Node 0 KReclaimable:      21176 kB
Node 0 Slab:              68104 kB
Node 0 SReclaimable:      21176 kB
Node 0 SUnreclaim:        46928 kB
Node 0 AnonHugePages:         0 kB
Node 0 ShmemHugePages:        0 kB
Node 0 ShmemPmdMapped:        0 kB
Node 0 FileHugePages:        0 kB
Node 0 FilePmdMapped:        0 kB
Node 0 HugePages_Total:     0
Node 0 HugePages_Free:      0
Node 0 HugePages_Surp:      0
Fio Node 0 pages
55bed404e000 bind:0 file=/usr/local/bin/fio anon=37 dirty=37 mapped=41 active=39 N0=37 N1=4 kernelpagesize_kB=4
7fd0a6dae000 bind:0 anon=2 dirty=2 N0=2 kernelpagesize_kB=4
7fd0a6db0000 bind:0 file=/usr/lib/x86_64-linux-gnu/libc-2.31.so mapped=37 mapmax=25 N0=37 kernelpagesize_kB=4
7fd0a6dd5000 bind:0 file=/usr/lib/x86_64-linux-gnu/libc-2.31.so mapped=48 mapmax=25 N0=48 kernelpagesize_kB=4
7fd0a6f98000 bind:0 file=/usr/lib/x86_64-linux-gnu/libc-2.31.so anon=3 dirty=3 N0=3 kernelpagesize_kB=4
7fd0a6f9b000 bind:0 file=/usr/lib/x86_64-linux-gnu/libc-2.31.so anon=3 dirty=3 N0=3 kernelpagesize_kB=4
7fd0a6fa2000 bind:0 file=/usr/lib/x86_64-linux-gnu/libaio.so.1.0.1 mapped=1 mapmax=2 N0=1 kernelpagesize_kB=4
7fd0a6fa5000 bind:0 file=/usr/lib/x86_64-linux-gnu/libaio.so.1.0.1 anon=1 dirty=1 N0=1 kernelpagesize_kB=4
7fd0a6fa6000 bind:0 file=/usr/lib/x86_64-linux-gnu/libaio.so.1.0.1 anon=1 dirty=1 N0=1 kernelpagesize_kB=4
7fd0a6fa7000 bind:0 file=/usr/lib/x86_64-linux-gnu/libdl-2.31.so mapped=1 mapmax=20 N0=1 kernelpagesize_kB=4
7fd0a6fab000 bind:0 file=/usr/lib/x86_64-linux-gnu/libdl-2.31.so anon=1 dirty=1 N0=1 kernelpagesize_kB=4
7fd0a6fac000 bind:0 file=/usr/lib/x86_64-linux-gnu/libdl-2.31.so anon=1 dirty=1 N0=1 kernelpagesize_kB=4
7fd0a6fad000 bind:0 anon=2 dirty=2 N0=2 kernelpagesize_kB=4
7fd0a6fd9000 bind:0 file=/usr/lib/x86_64-linux-gnu/libmvec-2.31.so anon=1 dirty=1 N0=1 kernelpagesize_kB=4
7fd0a6fda000 bind:0 file=/usr/lib/x86_64-linux-gnu/libmvec-2.31.so anon=1 dirty=1 N0=1 kernelpagesize_kB=4
7fd0a6fdb000 bind:0 file=/usr/lib/x86_64-linux-gnu/libm-2.31.so mapped=15 mapmax=12 N0=15 kernelpagesize_kB=4
7fd0a6fea000 bind:0 file=/usr/lib/x86_64-linux-gnu/libm-2.31.so mapped=48 mapmax=12 N0=48 kernelpagesize_kB=4
7fd0a7128000 bind:0 file=/usr/lib/x86_64-linux-gnu/libm-2.31.so anon=1 dirty=1 N0=1 kernelpagesize_kB=4
7fd0a7129000 bind:0 file=/usr/lib/x86_64-linux-gnu/libm-2.31.so anon=1 dirty=1 N0=1 kernelpagesize_kB=4
7fd0a712a000 bind:0 file=/usr/lib/x86_64-linux-gnu/libpthread-2.31.so mapped=7 mapmax=22 N0=7 kernelpagesize_kB=4
7fd0a7147000 bind:0 file=/usr/lib/x86_64-linux-gnu/libpthread-2.31.so anon=1 dirty=1 N0=1 kernelpagesize_kB=4
7fd0a7148000 bind:0 file=/usr/lib/x86_64-linux-gnu/libpthread-2.31.so anon=1 dirty=1 N0=1 kernelpagesize_kB=4
7fd0a7167000 bind:0 file=/usr/lib/x86_64-linux-gnu/libz.so.1.2.11 anon=1 dirty=1 N0=1 kernelpagesize_kB=4
7fd0a7168000 bind:0 file=/usr/lib/x86_64-linux-gnu/libz.so.1.2.11 anon=1 dirty=1 N0=1 kernelpagesize_kB=4
7fd0a7169000 bind:0 file=/usr/lib/x86_64-linux-gnu/librt-2.31.so mapped=3 mapmax=17 N0=3 kernelpagesize_kB=4
7fd0a7172000 bind:0 file=/usr/lib/x86_64-linux-gnu/librt-2.31.so anon=1 dirty=1 N0=1 kernelpagesize_kB=4
7fd0a7173000 bind:0 file=/usr/lib/x86_64-linux-gnu/librt-2.31.so anon=1 dirty=1 N0=1 kernelpagesize_kB=4
7fd0a7174000 bind:0 file=/usr/lib/x86_64-linux-gnu/libnuma.so.1.0.0 mapped=3 mapmax=2 N0=3 kernelpagesize_kB=4
7fd0a717f000 bind:0 file=/usr/lib/x86_64-linux-gnu/libnuma.so.1.0.0 anon=1 dirty=1 N0=1 kernelpagesize_kB=4
7fd0a7180000 bind:0 file=/usr/lib/x86_64-linux-gnu/libnuma.so.1.0.0 anon=1 dirty=1 N0=1 kernelpagesize_kB=4
7fd0a7181000 bind:0 anon=2 dirty=2 N0=2 kernelpagesize_kB=4
7fd0a7183000 bind:0 file=/etc/ld.so.cache mapped=10 N0=10 kernelpagesize_kB=4
7fd0a718d000 bind:0 file=/usr/lib/x86_64-linux-gnu/ld-2.31.so mapped=1 mapmax=25 N0=1 kernelpagesize_kB=4
7fd0a718e000 bind:0 file=/usr/lib/x86_64-linux-gnu/ld-2.31.so mapped=35 mapmax=25 N0=35 kernelpagesize_kB=4
7fd0a71b1000 bind:0 file=/usr/lib/x86_64-linux-gnu/ld-2.31.so mapped=8 mapmax=25 N0=8 kernelpagesize_kB=4
7fd0a71ba000 bind:0 file=/usr/lib/x86_64-linux-gnu/ld-2.31.so anon=2 dirty=2 N0=2 kernelpagesize_kB=4
7fd0a71bc000 bind:0 anon=1 dirty=1 N0=1 kernelpagesize_kB=4
7ffd2cf7a000 bind:0 stack anon=4 dirty=4 N0=4 kernelpagesize_kB=4
Fio Node 1 pages
55bed3f8a000 bind:0 file=/usr/local/bin/fio mapped=24 N1=24 kernelpagesize_kB=4
55bed3fa2000 bind:0 file=/usr/local/bin/fio mapped=84 N1=84 kernelpagesize_kB=4
55bed4027000 bind:0 file=/usr/local/bin/fio mapped=25 N1=25 kernelpagesize_kB=4
55bed4050000 bind:0 file=/usr/local/bin/fio anon=112 dirty=112 mapped=116 active=114 N0=112 N1=4 kernelpagesize_kB=4
7fd0a6faf000 bind:0 file=/usr/lib/x86_64-linux-gnu/libmvec-2.31.so mapped=2 N1=2 kernelpagesize_kB=4
7fd0a6fb1000 bind:0 file=/usr/lib/x86_64-linux-gnu/libmvec-2.31.so mapped=12 N1=12 kernelpagesize_kB=4
7fd0a714d000 bind:0 file=/usr/lib/x86_64-linux-gnu/libz.so.1.2.11 mapped=2 mapmax=8 N1=2 kernelpagesize_kB=4
7fd0a714f000 bind:0 file=/usr/lib/x86_64-linux-gnu/libz.so.1.2.11 mapped=15 mapmax=8 N1=15 kernelpagesize_kB=4
Fio Node 0 pages
55de4340f000 bind:0 file=/usr/local/bin/fio anon=2 dirty=2 mapped=17 active=4 N0=2 N1=15 kernelpagesize_kB=4
7fc4ea7c9000 bind:0 file=/usr/lib/x86_64-linux-gnu/libc-2.31.so mapped=30 mapmax=25 N0=30 kernelpagesize_kB=4
7fc4ea9b1000 bind:0 file=/usr/lib/x86_64-linux-gnu/libc-2.31.so anon=2 dirty=2 mapped=6 active=2 N0=6 kernelpagesize_kB=4
7fc4ea9bb000 bind:0 file=/usr/lib/x86_64-linux-gnu/libaio.so.1.0.1 mapped=1 mapmax=2 N0=1 kernelpagesize_kB=4
7fc4ea9be000 bind:0 file=/usr/lib/x86_64-linux-gnu/libaio.so.1.0.1 anon=2 dirty=2 N0=2 kernelpagesize_kB=4
7fc4ea9c0000 bind:0 file=/usr/lib/x86_64-linux-gnu/libdl-2.31.so mapped=1 mapmax=20 N0=1 kernelpagesize_kB=4
7fc4ea9c4000 bind:0 file=/usr/lib/x86_64-linux-gnu/libdl-2.31.so anon=2 dirty=2 N0=2 kernelpagesize_kB=4
7fc4ea9c6000 bind:0 anon=2 dirty=2 N0=2 kernelpagesize_kB=4
7fc4ea9f2000 bind:0 file=/usr/lib/x86_64-linux-gnu/libmvec-2.31.so anon=2 dirty=2 N0=2 kernelpagesize_kB=4
7fc4ea9f4000 bind:0 file=/usr/lib/x86_64-linux-gnu/libm-2.31.so mapped=15 mapmax=12 N0=15 kernelpagesize_kB=4
7fc4eab41000 bind:0 file=/usr/lib/x86_64-linux-gnu/libm-2.31.so anon=2 dirty=2 N0=2 kernelpagesize_kB=4
7fc4eab43000 bind:0 file=/usr/lib/x86_64-linux-gnu/libpthread-2.31.so mapped=7 mapmax=22 N0=7 kernelpagesize_kB=4
7fc4eab60000 bind:0 file=/usr/lib/x86_64-linux-gnu/libpthread-2.31.so anon=2 dirty=2 N0=2 kernelpagesize_kB=4
7fc4eab80000 bind:0 file=/usr/lib/x86_64-linux-gnu/libz.so.1.2.11 anon=2 dirty=2 N0=2 kernelpagesize_kB=4
7fc4eab82000 bind:0 file=/usr/lib/x86_64-linux-gnu/librt-2.31.so mapped=3 mapmax=17 N0=3 kernelpagesize_kB=4
7fc4eab8b000 bind:0 file=/usr/lib/x86_64-linux-gnu/librt-2.31.so anon=2 dirty=2 N0=2 kernelpagesize_kB=4
7fc4eab8d000 bind:0 file=/usr/lib/x86_64-linux-gnu/libnuma.so.1.0.0 mapped=3 mapmax=2 N0=3 kernelpagesize_kB=4
7fc4eab98000 bind:0 file=/usr/lib/x86_64-linux-gnu/libnuma.so.1.0.0 anon=2 dirty=2 N0=2 kernelpagesize_kB=4
7fc4eab9a000 bind:0 anon=2 dirty=2 N0=2 kernelpagesize_kB=4
7fc4eab9c000 bind:0 file=/etc/ld.so.cache mapped=10 N0=10 kernelpagesize_kB=4
7fc4eaba6000 bind:0 file=/usr/lib/x86_64-linux-gnu/ld-2.31.so mapped=1 mapmax=25 N0=1 kernelpagesize_kB=4
7fc4eaba7000 bind:0 file=/usr/lib/x86_64-linux-gnu/ld-2.31.so mapped=35 mapmax=25 N0=35 kernelpagesize_kB=4
7fc4eabca000 bind:0 file=/usr/lib/x86_64-linux-gnu/ld-2.31.so mapped=8 mapmax=25 N0=8 kernelpagesize_kB=4
7fc4eabd3000 bind:0 file=/usr/lib/x86_64-linux-gnu/ld-2.31.so anon=2 dirty=2 N0=2 kernelpagesize_kB=4
7fc4eabd5000 bind:0 anon=1 dirty=1 N0=1 kernelpagesize_kB=4
7ffdb995b000 bind:0 stack anon=3 dirty=3 N0=3 kernelpagesize_kB=4
Fio Node 1 pages
55de4334b000 bind:0 file=/usr/local/bin/fio mapped=24 N1=24 kernelpagesize_kB=4
55de43363000 bind:0 file=/usr/local/bin/fio mapped=52 N1=52 kernelpagesize_kB=4
55de433e8000 bind:0 file=/usr/local/bin/fio mapped=24 N1=24 kernelpagesize_kB=4
55de43411000 bind:0 file=/usr/local/bin/fio anon=112 dirty=112 mapped=116 active=114 N0=112 N1=4 kernelpagesize_kB=4
7fc4ea9c8000 bind:0 file=/usr/lib/x86_64-linux-gnu/libmvec-2.31.so mapped=2 N1=2 kernelpagesize_kB=4
7fc4ea9ca000 bind:0 file=/usr/lib/x86_64-linux-gnu/libmvec-2.31.so mapped=12 N1=12 kernelpagesize_kB=4
7fc4eab66000 bind:0 file=/usr/lib/x86_64-linux-gnu/libz.so.1.2.11 mapped=2 mapmax=8 N1=2 kernelpagesize_kB=4
7fc4eab68000 bind:0 file=/usr/lib/x86_64-linux-gnu/libz.so.1.2.11 mapped=15 mapmax=8 N1=15 kernelpagesize_kB=4

Node 1 MemTotal:       24686196 kB
Node 1 MemFree:        21984880 kB
Node 1 MemUsed:         2701316 kB
Node 1 Active:            50096 kB
Node 1 Inactive:          51496 kB
Node 1 Active(anon):       9176 kB
Node 1 Inactive(anon):      596 kB
Node 1 Active(file):      40920 kB
Node 1 Inactive(file):    50900 kB
Node 1 Unevictable:       12896 kB
Node 1 Mlocked:           12896 kB
Node 1 Dirty:                28 kB
Node 1 Writeback:             0 kB
Node 1 FilePages:         95216 kB
Node 1 Mapped:            16068 kB
Node 1 AnonPages:         19244 kB
Node 1 Shmem:               824 kB
Node 1 KernelStack:        1416 kB
Node 1 PageTables:          616 kB
Node 1 NFS_Unstable:          0 kB
Node 1 Bounce:                0 kB
Node 1 WritebackTmp:          0 kB
Node 1 KReclaimable:      22584 kB
Node 1 Slab:              63248 kB
Node 1 SReclaimable:      22584 kB
Node 1 SUnreclaim:        40664 kB
Node 1 AnonHugePages:         0 kB
Node 1 ShmemHugePages:        0 kB
Node 1 ShmemPmdMapped:        0 kB
Node 1 FileHugePages:        0 kB
Node 1 FilePmdMapped:        0 kB
Node 1 HugePages_Total:     0
Node 1 HugePages_Free:      0
Node 1 HugePages_Surp:      0

After Opposite Node
Node 0 MemTotal:       24743736 kB
Node 0 MemFree:        23874720 kB
Node 0 MemUsed:          869016 kB
Node 0 Active:            51360 kB
Node 0 Inactive:          31776 kB
Node 0 Active(anon):      23924 kB
Node 0 Inactive(anon):      344 kB
Node 0 Active(file):      27436 kB
Node 0 Inactive(file):    31432 kB
Node 0 Unevictable:        5624 kB
Node 0 Mlocked:            5624 kB
Node 0 Dirty:                68 kB
Node 0 Writeback:             0 kB
Node 0 FilePages:         65020 kB
Node 0 Mapped:            25648 kB
Node 0 AnonPages:         23660 kB
Node 0 Shmem:               532 kB
Node 0 KernelStack:        3288 kB
Node 0 PageTables:          676 kB
Node 0 NFS_Unstable:          0 kB
Node 0 Bounce:                0 kB
Node 0 WritebackTmp:          0 kB
Node 0 KReclaimable:      21208 kB
Node 0 Slab:              69104 kB
Node 0 SReclaimable:      21208 kB
Node 0 SUnreclaim:        47896 kB
Node 0 AnonHugePages:         0 kB
Node 0 ShmemHugePages:        0 kB
Node 0 ShmemPmdMapped:        0 kB
Node 0 FileHugePages:        0 kB
Node 0 FilePmdMapped:        0 kB
Node 0 HugePages_Total:     0
Node 0 HugePages_Free:      0
Node 0 HugePages_Surp:      0

Node 1 MemTotal:       24686196 kB
Node 1 MemFree:        21986596 kB
Node 1 MemUsed:         2699600 kB
Node 1 Active:            50080 kB
Node 1 Inactive:          51300 kB
Node 1 Active(anon):       8984 kB
Node 1 Inactive(anon):      568 kB
Node 1 Active(file):      41096 kB
Node 1 Inactive(file):    50732 kB
Node 1 Unevictable:       12896 kB
Node 1 Mlocked:           12896 kB
Node 1 Dirty:                52 kB
Node 1 Writeback:             0 kB
Node 1 FilePages:         95180 kB
Node 1 Mapped:            16032 kB
Node 1 AnonPages:         19096 kB
Node 1 Shmem:               780 kB
Node 1 KernelStack:        1352 kB
Node 1 PageTables:          440 kB
Node 1 NFS_Unstable:          0 kB
Node 1 Bounce:                0 kB
Node 1 WritebackTmp:          0 kB
Node 1 KReclaimable:      22584 kB
Node 1 Slab:              63388 kB
Node 1 SReclaimable:      22584 kB
Node 1 SUnreclaim:        40804 kB
Node 1 AnonHugePages:         0 kB
Node 1 ShmemHugePages:        0 kB
Node 1 ShmemPmdMapped:        0 kB
Node 1 FileHugePages:        0 kB
Node 1 FilePmdMapped:        0 kB
Node 1 HugePages_Total:     0
Node 1 HugePages_Free:      0
Node 1 HugePages_Surp:      0

U.1.fio.2G.3.O Complete!
