B.0.doublefio.8G.3.O
Begin
Node 0 MemTotal:       24768352 kB
Node 0 MemFree:        24378040 kB
Node 0 MemUsed:          390312 kB
Node 0 Active:            49508 kB
Node 0 Inactive:          55844 kB
Node 0 Active(anon):      26056 kB
Node 0 Inactive(anon):      500 kB
Node 0 Active(file):      23452 kB
Node 0 Inactive(file):    55344 kB
Node 0 Unevictable:       17576 kB
Node 0 Mlocked:           17576 kB
Node 0 Dirty:               148 kB
Node 0 Writeback:             0 kB
Node 0 FilePages:         86900 kB
Node 0 Mapped:            22092 kB
Node 0 AnonPages:         36244 kB
Node 0 Shmem:               708 kB
Node 0 KernelStack:        2024 kB
Node 0 PageTables:          720 kB
Node 0 NFS_Unstable:          0 kB
Node 0 Bounce:                0 kB
Node 0 WritebackTmp:          0 kB
Node 0 KReclaimable:      15264 kB
Node 0 Slab:              51700 kB
Node 0 SReclaimable:      15264 kB
Node 0 SUnreclaim:        36436 kB
Node 0 AnonHugePages:         0 kB
Node 0 ShmemHugePages:        0 kB
Node 0 ShmemPmdMapped:        0 kB
Node 0 FileHugePages:        0 kB
Node 0 FilePmdMapped:        0 kB
Node 0 HugePages_Total:     0
Node 0 HugePages_Free:      0
Node 0 HugePages_Surp:      0

Node 1 MemTotal:       24661580 kB
Node 1 MemFree:        24438992 kB
Node 1 MemUsed:          222588 kB
Node 1 Active:            44152 kB
Node 1 Inactive:          35660 kB
Node 1 Active(anon):       7472 kB
Node 1 Inactive(anon):      364 kB
Node 1 Active(file):      36680 kB
Node 1 Inactive(file):    35296 kB
Node 1 Unevictable:         948 kB
Node 1 Mlocked:             948 kB
Node 1 Dirty:               356 kB
Node 1 Writeback:             0 kB
Node 1 FilePages:         73508 kB
Node 1 Mapped:            22816 kB
Node 1 AnonPages:          7336 kB
Node 1 Shmem:               560 kB
Node 1 KernelStack:        1608 kB
Node 1 PageTables:          388 kB
Node 1 NFS_Unstable:          0 kB
Node 1 Bounce:                0 kB
Node 1 WritebackTmp:          0 kB
Node 1 KReclaimable:      26712 kB
Node 1 Slab:              56140 kB
Node 1 SReclaimable:      26712 kB
Node 1 SUnreclaim:        29428 kB
Node 1 AnonHugePages:         0 kB
Node 1 ShmemHugePages:        0 kB
Node 1 ShmemPmdMapped:        0 kB
Node 1 FileHugePages:        0 kB
Node 1 FilePmdMapped:        0 kB
Node 1 HugePages_Total:     0
Node 1 HugePages_Free:      0
Node 1 HugePages_Surp:      0

Load ZFS
Node 0 MemTotal:       24768352 kB
Node 0 MemFree:        24456208 kB
Node 0 MemUsed:          312144 kB
Node 0 Active:            68400 kB
Node 0 Inactive:          85720 kB
Node 0 Active(anon):      43428 kB
Node 0 Inactive(anon):      484 kB
Node 0 Active(file):      24972 kB
Node 0 Inactive(file):    85236 kB
Node 0 Unevictable:       17772 kB
Node 0 Mlocked:           17772 kB
Node 0 Dirty:                52 kB
Node 0 Writeback:             0 kB
Node 0 FilePages:        118148 kB
Node 0 Mapped:            24952 kB
Node 0 AnonPages:         53304 kB
Node 0 Shmem:               696 kB
Node 0 KernelStack:        2504 kB
Node 0 PageTables:         2284 kB
Node 0 NFS_Unstable:          0 kB
Node 0 Bounce:                0 kB
Node 0 WritebackTmp:          0 kB
Node 0 KReclaimable:      15976 kB
Node 0 Slab:              54760 kB
Node 0 SReclaimable:      15976 kB
Node 0 SUnreclaim:        38784 kB
Node 0 AnonHugePages:         0 kB
Node 0 ShmemHugePages:        0 kB
Node 0 ShmemPmdMapped:        0 kB
Node 0 FileHugePages:        0 kB
Node 0 FilePmdMapped:        0 kB
Node 0 HugePages_Total:     0
Node 0 HugePages_Free:      0
Node 0 HugePages_Surp:      0

Node 1 MemTotal:       24661580 kB
Node 1 MemFree:        24216236 kB
Node 1 MemUsed:          445344 kB
Node 1 Active:            53344 kB
Node 1 Inactive:         109220 kB
Node 1 Active(anon):      15612 kB
Node 1 Inactive(anon):      456 kB
Node 1 Active(file):      37732 kB
Node 1 Inactive(file):   108764 kB
Node 1 Unevictable:         948 kB
Node 1 Mlocked:             948 kB
Node 1 Dirty:               340 kB
Node 1 Writeback:             0 kB
Node 1 FilePages:        148016 kB
Node 1 Mapped:            23840 kB
Node 1 AnonPages:         15440 kB
Node 1 Shmem:               572 kB
Node 1 KernelStack:        1704 kB
Node 1 PageTables:          632 kB
Node 1 NFS_Unstable:          0 kB
Node 1 Bounce:                0 kB
Node 1 WritebackTmp:          0 kB
Node 1 KReclaimable:      27764 kB
Node 1 Slab:              60132 kB
Node 1 SReclaimable:      27764 kB
Node 1 SUnreclaim:        32368 kB
Node 1 AnonHugePages:         0 kB
Node 1 ShmemHugePages:        0 kB
Node 1 ShmemPmdMapped:        0 kB
Node 1 FileHugePages:        0 kB
Node 1 FilePmdMapped:        0 kB
Node 1 HugePages_Total:     0
Node 1 HugePages_Free:      0
Node 1 HugePages_Surp:      0

Import tank ZPool
Node 0 MemTotal:       24768352 kB
Node 0 MemFree:        24468500 kB
Node 0 MemUsed:          299852 kB
Node 0 Active:            51552 kB
Node 0 Inactive:          86632 kB
Node 0 Active(anon):      25964 kB
Node 0 Inactive(anon):      492 kB
Node 0 Active(file):      25588 kB
Node 0 Inactive(file):    86140 kB
Node 0 Unevictable:       17804 kB
Node 0 Mlocked:           17804 kB
Node 0 Dirty:                84 kB
Node 0 Writeback:             0 kB
Node 0 FilePages:        119672 kB
Node 0 Mapped:            22252 kB
Node 0 AnonPages:         36388 kB
Node 0 Shmem:               696 kB
Node 0 KernelStack:        2056 kB
Node 0 PageTables:          744 kB
Node 0 NFS_Unstable:          0 kB
Node 0 Bounce:                0 kB
Node 0 WritebackTmp:          0 kB
Node 0 KReclaimable:      16116 kB
Node 0 Slab:              59476 kB
Node 0 SReclaimable:      16116 kB
Node 0 SUnreclaim:        43360 kB
Node 0 AnonHugePages:         0 kB
Node 0 ShmemHugePages:        0 kB
Node 0 ShmemPmdMapped:        0 kB
Node 0 FileHugePages:        0 kB
Node 0 FilePmdMapped:        0 kB
Node 0 HugePages_Total:     0
Node 0 HugePages_Free:      0
Node 0 HugePages_Surp:      0

Node 1 MemTotal:       24661580 kB
Node 1 MemFree:        24209904 kB
Node 1 MemUsed:          451676 kB
Node 1 Active:            45948 kB
Node 1 Inactive:         108852 kB
Node 1 Active(anon):       7832 kB
Node 1 Inactive(anon):      456 kB
Node 1 Active(file):      38116 kB
Node 1 Inactive(file):   108396 kB
Node 1 Unevictable:         948 kB
Node 1 Mlocked:             948 kB
Node 1 Dirty:               436 kB
Node 1 Writeback:             0 kB
Node 1 FilePages:        148048 kB
Node 1 Mapped:            22780 kB
Node 1 AnonPages:          7716 kB
Node 1 Shmem:               572 kB
Node 1 KernelStack:        2648 kB
Node 1 PageTables:          388 kB
Node 1 NFS_Unstable:          0 kB
Node 1 Bounce:                0 kB
Node 1 WritebackTmp:          0 kB
Node 1 KReclaimable:      27764 kB
Node 1 Slab:              62304 kB
Node 1 SReclaimable:      27764 kB
Node 1 SUnreclaim:        34540 kB
Node 1 AnonHugePages:         0 kB
Node 1 ShmemHugePages:        0 kB
Node 1 ShmemPmdMapped:        0 kB
Node 1 FileHugePages:        0 kB
Node 1 FilePmdMapped:        0 kB
Node 1 HugePages_Total:     0
Node 1 HugePages_Free:      0
Node 1 HugePages_Surp:      0

After Test
Node 0 MemTotal:       24768352 kB
Node 0 MemFree:        15801416 kB
Node 0 MemUsed:         8966936 kB
Node 0 Active:            52272 kB
Node 0 Inactive:          87560 kB
Node 0 Active(anon):      25532 kB
Node 0 Inactive(anon):      520 kB
Node 0 Active(file):      26740 kB
Node 0 Inactive(file):    87040 kB
Node 0 Unevictable:       17804 kB
Node 0 Mlocked:           17804 kB
Node 0 Dirty:                48 kB
Node 0 Writeback:             0 kB
Node 0 FilePages:        121772 kB
Node 0 Mapped:            22040 kB
Node 0 AnonPages:         35828 kB
Node 0 Shmem:               740 kB
Node 0 KernelStack:        1976 kB
Node 0 PageTables:          804 kB
Node 0 NFS_Unstable:          0 kB
Node 0 Bounce:                0 kB
Node 0 WritebackTmp:          0 kB
Node 0 KReclaimable:      17596 kB
Node 0 Slab:              92332 kB
Node 0 SReclaimable:      17596 kB
Node 0 SUnreclaim:        74736 kB
Node 0 AnonHugePages:         0 kB
Node 0 ShmemHugePages:        0 kB
Node 0 ShmemPmdMapped:        0 kB
Node 0 FileHugePages:        0 kB
Node 0 FilePmdMapped:        0 kB
Node 0 HugePages_Total:     0
Node 0 HugePages_Free:      0
Node 0 HugePages_Surp:      0

Node 1 MemTotal:       24661580 kB
Node 1 MemFree:        23638196 kB
Node 1 MemUsed:         1023384 kB
Node 1 Active:            45984 kB
Node 1 Inactive:         108852 kB
Node 1 Active(anon):       7836 kB
Node 1 Inactive(anon):      456 kB
Node 1 Active(file):      38148 kB
Node 1 Inactive(file):   108396 kB
Node 1 Unevictable:         948 kB
Node 1 Mlocked:             948 kB
Node 1 Dirty:               108 kB
Node 1 Writeback:             0 kB
Node 1 FilePages:        148064 kB
Node 1 Mapped:            22780 kB
Node 1 AnonPages:          7720 kB
Node 1 Shmem:               572 kB
Node 1 KernelStack:        2696 kB
Node 1 PageTables:          388 kB
Node 1 NFS_Unstable:          0 kB
Node 1 Bounce:                0 kB
Node 1 WritebackTmp:          0 kB
Node 1 KReclaimable:      27792 kB
Node 1 Slab:              64324 kB
Node 1 SReclaimable:      27792 kB
Node 1 SUnreclaim:        36532 kB
Node 1 AnonHugePages:         0 kB
Node 1 ShmemHugePages:        0 kB
Node 1 ShmemPmdMapped:        0 kB
Node 1 FileHugePages:        0 kB
Node 1 FilePmdMapped:        0 kB
Node 1 HugePages_Total:     0
Node 1 HugePages_Free:      0
Node 1 HugePages_Surp:      0

After Opposite Node
Node 0 MemTotal:       24768352 kB
Node 0 MemFree:        15801000 kB
Node 0 MemUsed:         8967352 kB
Node 0 Active:            52368 kB
Node 0 Inactive:          87300 kB
Node 0 Active(anon):      25360 kB
Node 0 Inactive(anon):      484 kB
Node 0 Active(file):      27008 kB
Node 0 Inactive(file):    86816 kB
Node 0 Unevictable:       17804 kB
Node 0 Mlocked:           17804 kB
Node 0 Dirty:                64 kB
Node 0 Writeback:             0 kB
Node 0 FilePages:        121772 kB
Node 0 Mapped:            22288 kB
Node 0 AnonPages:         35704 kB
Node 0 Shmem:               696 kB
Node 0 KernelStack:        1928 kB
Node 0 PageTables:          632 kB
Node 0 NFS_Unstable:          0 kB
Node 0 Bounce:                0 kB
Node 0 WritebackTmp:          0 kB
Node 0 KReclaimable:      17596 kB
Node 0 Slab:              92336 kB
Node 0 SReclaimable:      17596 kB
Node 0 SUnreclaim:        74740 kB
Node 0 AnonHugePages:         0 kB
Node 0 ShmemHugePages:        0 kB
Node 0 ShmemPmdMapped:        0 kB
Node 0 FileHugePages:        0 kB
Node 0 FilePmdMapped:        0 kB
Node 0 HugePages_Total:     0
Node 0 HugePages_Free:      0
Node 0 HugePages_Surp:      0

Node 1 MemTotal:       24661580 kB
Node 1 MemFree:        23641652 kB
Node 1 MemUsed:         1019928 kB
Node 1 Active:            46264 kB
Node 1 Inactive:         108912 kB
Node 1 Active(anon):       8112 kB
Node 1 Inactive(anon):      500 kB
Node 1 Active(file):      38152 kB
Node 1 Inactive(file):   108412 kB
Node 1 Unevictable:         948 kB
Node 1 Mlocked:             948 kB
Node 1 Dirty:               200 kB
Node 1 Writeback:             0 kB
Node 1 FilePages:        148128 kB
Node 1 Mapped:            22824 kB
Node 1 AnonPages:          7868 kB
Node 1 Shmem:               616 kB
Node 1 KernelStack:        2744 kB
Node 1 PageTables:          560 kB
Node 1 NFS_Unstable:          0 kB
Node 1 Bounce:                0 kB
Node 1 WritebackTmp:          0 kB
Node 1 KReclaimable:      27844 kB
Node 1 Slab:              64532 kB
Node 1 SReclaimable:      27844 kB
Node 1 SUnreclaim:        36688 kB
Node 1 AnonHugePages:         0 kB
Node 1 ShmemHugePages:        0 kB
Node 1 ShmemPmdMapped:        0 kB
Node 1 FileHugePages:        0 kB
Node 1 FilePmdMapped:        0 kB
Node 1 HugePages_Total:     0
Node 1 HugePages_Free:      0
Node 1 HugePages_Surp:      0

B.0.doublefio.8G.3.O Complete!
