B.0.doublefio.8G.1.O
Begin
Node 0 MemTotal:       24768352 kB
Node 0 MemFree:        24411024 kB
Node 0 MemUsed:          357328 kB
Node 0 Active:            36616 kB
Node 0 Inactive:          37240 kB
Node 0 Active(anon):      11132 kB
Node 0 Inactive(anon):      396 kB
Node 0 Active(file):      25484 kB
Node 0 Inactive(file):    36844 kB
Node 0 Unevictable:        5716 kB
Node 0 Mlocked:            5716 kB
Node 0 Dirty:                96 kB
Node 0 Writeback:             0 kB
Node 0 FilePages:         68632 kB
Node 0 Mapped:            30064 kB
Node 0 AnonPages:         10996 kB
Node 0 Shmem:               572 kB
Node 0 KernelStack:        2232 kB
Node 0 PageTables:          392 kB
Node 0 NFS_Unstable:          0 kB
Node 0 Bounce:                0 kB
Node 0 WritebackTmp:          0 kB
Node 0 KReclaimable:      21960 kB
Node 0 Slab:              59644 kB
Node 0 SReclaimable:      21960 kB
Node 0 SUnreclaim:        37684 kB
Node 0 AnonHugePages:         0 kB
Node 0 ShmemHugePages:        0 kB
Node 0 ShmemPmdMapped:        0 kB
Node 0 FileHugePages:        0 kB
Node 0 FilePmdMapped:        0 kB
Node 0 HugePages_Total:     0
Node 0 HugePages_Free:      0
Node 0 HugePages_Surp:      0

Node 1 MemTotal:       24661580 kB
Node 1 MemFree:        24404992 kB
Node 1 MemUsed:          256588 kB
Node 1 Active:            57884 kB
Node 1 Inactive:          55856 kB
Node 1 Active(anon):      22556 kB
Node 1 Inactive(anon):      480 kB
Node 1 Active(file):      35328 kB
Node 1 Inactive(file):    55376 kB
Node 1 Unevictable:       12804 kB
Node 1 Mlocked:           12804 kB
Node 1 Dirty:               436 kB
Node 1 Writeback:             0 kB
Node 1 FilePages:         94024 kB
Node 1 Mapped:            19640 kB
Node 1 AnonPages:         32732 kB
Node 1 Shmem:               696 kB
Node 1 KernelStack:        1416 kB
Node 1 PageTables:          660 kB
Node 1 NFS_Unstable:          0 kB
Node 1 Bounce:                0 kB
Node 1 WritebackTmp:          0 kB
Node 1 KReclaimable:      19408 kB
Node 1 Slab:              45808 kB
Node 1 SReclaimable:      19408 kB
Node 1 SUnreclaim:        26400 kB
Node 1 AnonHugePages:         0 kB
Node 1 ShmemHugePages:        0 kB
Node 1 ShmemPmdMapped:        0 kB
Node 1 FileHugePages:        0 kB
Node 1 FilePmdMapped:        0 kB
Node 1 HugePages_Total:     0
Node 1 HugePages_Free:      0
Node 1 HugePages_Surp:      0

Load ZFS
Node 0 MemTotal:       24768352 kB
Node 0 MemFree:        24482540 kB
Node 0 MemUsed:          285812 kB
Node 0 Active:            50256 kB
Node 0 Inactive:          80732 kB
Node 0 Active(anon):      23832 kB
Node 0 Inactive(anon):      528 kB
Node 0 Active(file):      26424 kB
Node 0 Inactive(file):    80204 kB
Node 0 Unevictable:        5716 kB
Node 0 Mlocked:            5716 kB
Node 0 Dirty:               240 kB
Node 0 Writeback:             0 kB
Node 0 FilePages:        113064 kB
Node 0 Mapped:            31996 kB
Node 0 AnonPages:         23736 kB
Node 0 Shmem:               696 kB
Node 0 KernelStack:        2636 kB
Node 0 PageTables:         1584 kB
Node 0 NFS_Unstable:          0 kB
Node 0 Bounce:                0 kB
Node 0 WritebackTmp:          0 kB
Node 0 KReclaimable:      22876 kB
Node 0 Slab:              63364 kB
Node 0 SReclaimable:      22876 kB
Node 0 SUnreclaim:        40488 kB
Node 0 AnonHugePages:         0 kB
Node 0 ShmemHugePages:        0 kB
Node 0 ShmemPmdMapped:        0 kB
Node 0 FileHugePages:        0 kB
Node 0 FilePmdMapped:        0 kB
Node 0 HugePages_Total:     0
Node 0 HugePages_Free:      0
Node 0 HugePages_Surp:      0

Node 1 MemTotal:       24661580 kB
Node 1 MemFree:        24190476 kB
Node 1 MemUsed:          471104 kB
Node 1 Active:            73052 kB
Node 1 Inactive:         115896 kB
Node 1 Active(anon):      36176 kB
Node 1 Inactive(anon):      416 kB
Node 1 Active(file):      36876 kB
Node 1 Inactive(file):   115480 kB
Node 1 Unevictable:       13032 kB
Node 1 Mlocked:           13032 kB
Node 1 Dirty:               348 kB
Node 1 Writeback:             0 kB
Node 1 FilePages:        155408 kB
Node 1 Mapped:            21768 kB
Node 1 AnonPages:         45916 kB
Node 1 Shmem:               572 kB
Node 1 KernelStack:        1544 kB
Node 1 PageTables:         1632 kB
Node 1 NFS_Unstable:          0 kB
Node 1 Bounce:                0 kB
Node 1 WritebackTmp:          0 kB
Node 1 KReclaimable:      20308 kB
Node 1 Slab:              48744 kB
Node 1 SReclaimable:      20308 kB
Node 1 SUnreclaim:        28436 kB
Node 1 AnonHugePages:         0 kB
Node 1 ShmemHugePages:        0 kB
Node 1 ShmemPmdMapped:        0 kB
Node 1 FileHugePages:        0 kB
Node 1 FilePmdMapped:        0 kB
Node 1 HugePages_Total:     0
Node 1 HugePages_Free:      0
Node 1 HugePages_Surp:      0

Import tank ZPool
Node 0 MemTotal:       24768352 kB
Node 0 MemFree:        24469020 kB
Node 0 MemUsed:          299332 kB
Node 0 Active:            50048 kB
Node 0 Inactive:          80704 kB
Node 0 Active(anon):      23636 kB
Node 0 Inactive(anon):      532 kB
Node 0 Active(file):      26412 kB
Node 0 Inactive(file):    80172 kB
Node 0 Unevictable:        5716 kB
Node 0 Mlocked:            5716 kB
Node 0 Dirty:               280 kB
Node 0 Writeback:             0 kB
Node 0 FilePages:        113040 kB
Node 0 Mapped:            31816 kB
Node 0 AnonPages:         23476 kB
Node 0 Shmem:               692 kB
Node 0 KernelStack:        3720 kB
Node 0 PageTables:         1108 kB
Node 0 NFS_Unstable:          0 kB
Node 0 Bounce:                0 kB
Node 0 WritebackTmp:          0 kB
Node 0 KReclaimable:      22884 kB
Node 0 Slab:              65476 kB
Node 0 SReclaimable:      22884 kB
Node 0 SUnreclaim:        42592 kB
Node 0 AnonHugePages:         0 kB
Node 0 ShmemHugePages:        0 kB
Node 0 ShmemPmdMapped:        0 kB
Node 0 FileHugePages:        0 kB
Node 0 FilePmdMapped:        0 kB
Node 0 HugePages_Total:     0
Node 0 HugePages_Free:      0
Node 0 HugePages_Surp:      0

Node 1 MemTotal:       24661580 kB
Node 1 MemFree:        24183524 kB
Node 1 MemUsed:          478056 kB
Node 1 Active:            72984 kB
Node 1 Inactive:         116980 kB
Node 1 Active(anon):      35676 kB
Node 1 Inactive(anon):      416 kB
Node 1 Active(file):      37308 kB
Node 1 Inactive(file):   116564 kB
Node 1 Unevictable:       13032 kB
Node 1 Mlocked:           13032 kB
Node 1 Dirty:               284 kB
Node 1 Writeback:             0 kB
Node 1 FilePages:        156932 kB
Node 1 Mapped:            21840 kB
Node 1 AnonPages:         45676 kB
Node 1 Shmem:               576 kB
Node 1 KernelStack:        1512 kB
Node 1 PageTables:         1468 kB
Node 1 NFS_Unstable:          0 kB
Node 1 Bounce:                0 kB
Node 1 WritebackTmp:          0 kB
Node 1 KReclaimable:      20420 kB
Node 1 Slab:              54432 kB
Node 1 SReclaimable:      20420 kB
Node 1 SUnreclaim:        34012 kB
Node 1 AnonHugePages:         0 kB
Node 1 ShmemHugePages:        0 kB
Node 1 ShmemPmdMapped:        0 kB
Node 1 FileHugePages:        0 kB
Node 1 FilePmdMapped:        0 kB
Node 1 HugePages_Total:     0
Node 1 HugePages_Free:      0
Node 1 HugePages_Surp:      0

After Test
Node 0 MemTotal:       24768352 kB
Node 0 MemFree:        24364328 kB
Node 0 MemUsed:          404024 kB
Node 0 Active:            39836 kB
Node 0 Inactive:          81844 kB
Node 0 Active(anon):      12408 kB
Node 0 Inactive(anon):      572 kB
Node 0 Active(file):      27428 kB
Node 0 Inactive(file):    81272 kB
Node 0 Unevictable:        5716 kB
Node 0 Mlocked:            5716 kB
Node 0 Dirty:                56 kB
Node 0 Writeback:             0 kB
Node 0 FilePages:        115156 kB
Node 0 Mapped:            30344 kB
Node 0 AnonPages:         12112 kB
Node 0 Shmem:               736 kB
Node 0 KernelStack:        3432 kB
Node 0 PageTables:          576 kB
Node 0 NFS_Unstable:          0 kB
Node 0 Bounce:                0 kB
Node 0 WritebackTmp:          0 kB
Node 0 KReclaimable:      24444 kB
Node 0 Slab:              97828 kB
Node 0 SReclaimable:      24444 kB
Node 0 SUnreclaim:        73384 kB
Node 0 AnonHugePages:         0 kB
Node 0 ShmemHugePages:        0 kB
Node 0 ShmemPmdMapped:        0 kB
Node 0 FileHugePages:        0 kB
Node 0 FilePmdMapped:        0 kB
Node 0 HugePages_Total:     0
Node 0 HugePages_Free:      0
Node 0 HugePages_Surp:      0

Node 1 MemTotal:       24661580 kB
Node 1 MemFree:        15073948 kB
Node 1 MemUsed:         9587632 kB
Node 1 Active:            58944 kB
Node 1 Inactive:         116332 kB
Node 1 Active(anon):      20988 kB
Node 1 Inactive(anon):      412 kB
Node 1 Active(file):      37956 kB
Node 1 Inactive(file):   115920 kB
Node 1 Unevictable:       13032 kB
Node 1 Mlocked:           13032 kB
Node 1 Dirty:                80 kB
Node 1 Writeback:             0 kB
Node 1 FilePages:        156932 kB
Node 1 Mapped:            19772 kB
Node 1 AnonPages:         31376 kB
Node 1 Shmem:               576 kB
Node 1 KernelStack:        1272 kB
Node 1 PageTables:          628 kB
Node 1 NFS_Unstable:          0 kB
Node 1 Bounce:                0 kB
Node 1 WritebackTmp:          0 kB
Node 1 KReclaimable:      20420 kB
Node 1 Slab:              58284 kB
Node 1 SReclaimable:      20420 kB
Node 1 SUnreclaim:        37864 kB
Node 1 AnonHugePages:         0 kB
Node 1 ShmemHugePages:        0 kB
Node 1 ShmemPmdMapped:        0 kB
Node 1 FileHugePages:        0 kB
Node 1 FilePmdMapped:        0 kB
Node 1 HugePages_Total:     0
Node 1 HugePages_Free:      0
Node 1 HugePages_Surp:      0

After Opposite Node
Node 0 MemTotal:       24768352 kB
Node 0 MemFree:        24368424 kB
Node 0 MemUsed:          399928 kB
Node 0 Active:            40100 kB
Node 0 Inactive:          81616 kB
Node 0 Active(anon):      12452 kB
Node 0 Inactive(anon):      528 kB
Node 0 Active(file):      27648 kB
Node 0 Inactive(file):    81088 kB
Node 0 Unevictable:        5716 kB
Node 0 Mlocked:            5716 kB
Node 0 Dirty:                76 kB
Node 0 Writeback:             0 kB
Node 0 FilePages:        115148 kB
Node 0 Mapped:            30272 kB
Node 0 AnonPages:         12288 kB
Node 0 Shmem:               692 kB
Node 0 KernelStack:        3416 kB
Node 0 PageTables:          392 kB
Node 0 NFS_Unstable:          0 kB
Node 0 Bounce:                0 kB
Node 0 WritebackTmp:          0 kB
Node 0 KReclaimable:      24444 kB
Node 0 Slab:              97016 kB
Node 0 SReclaimable:      24444 kB
Node 0 SUnreclaim:        72572 kB
Node 0 AnonHugePages:         0 kB
Node 0 ShmemHugePages:        0 kB
Node 0 ShmemPmdMapped:        0 kB
Node 0 FileHugePages:        0 kB
Node 0 FilePmdMapped:        0 kB
Node 0 HugePages_Total:     0
Node 0 HugePages_Free:      0
Node 0 HugePages_Surp:      0

Node 1 MemTotal:       24661580 kB
Node 1 MemFree:        15073764 kB
Node 1 MemUsed:         9587816 kB
Node 1 Active:            58924 kB
Node 1 Inactive:         116384 kB
Node 1 Active(anon):      20964 kB
Node 1 Inactive(anon):      456 kB
Node 1 Active(file):      37960 kB
Node 1 Inactive(file):   115928 kB
Node 1 Unevictable:       13032 kB
Node 1 Mlocked:           13032 kB
Node 1 Dirty:               116 kB
Node 1 Writeback:             0 kB
Node 1 FilePages:        156988 kB
Node 1 Mapped:            19816 kB
Node 1 AnonPages:         31220 kB
Node 1 Shmem:               620 kB
Node 1 KernelStack:        1288 kB
Node 1 PageTables:          812 kB
Node 1 NFS_Unstable:          0 kB
Node 1 Bounce:                0 kB
Node 1 WritebackTmp:          0 kB
Node 1 KReclaimable:      20484 kB
Node 1 Slab:              59652 kB
Node 1 SReclaimable:      20484 kB
Node 1 SUnreclaim:        39168 kB
Node 1 AnonHugePages:         0 kB
Node 1 ShmemHugePages:        0 kB
Node 1 ShmemPmdMapped:        0 kB
Node 1 FileHugePages:        0 kB
Node 1 FilePmdMapped:        0 kB
Node 1 HugePages_Total:     0
Node 1 HugePages_Free:      0
Node 1 HugePages_Surp:      0

B.0.doublefio.8G.1.O Complete!
