B.0.doublefio.500M.2.O
Begin
Node 0 MemTotal:       24743736 kB
Node 0 MemFree:        24512112 kB
Node 0 MemUsed:          231624 kB
Node 0 Active:            34160 kB
Node 0 Inactive:          48348 kB
Node 0 Active(anon):      17508 kB
Node 0 Inactive(anon):      456 kB
Node 0 Active(file):      16652 kB
Node 0 Inactive(file):    47892 kB
Node 0 Unevictable:       13376 kB
Node 0 Mlocked:           13376 kB
Node 0 Dirty:               132 kB
Node 0 Writeback:             0 kB
Node 0 FilePages:         68356 kB
Node 0 Mapped:             9780 kB
Node 0 AnonPages:         27684 kB
Node 0 Shmem:               620 kB
Node 0 KernelStack:        2152 kB
Node 0 PageTables:          460 kB
Node 0 NFS_Unstable:          0 kB
Node 0 Bounce:                0 kB
Node 0 WritebackTmp:          0 kB
Node 0 KReclaimable:      18780 kB
Node 0 Slab:              48452 kB
Node 0 SReclaimable:      18780 kB
Node 0 SUnreclaim:        29672 kB
Node 0 AnonHugePages:         0 kB
Node 0 ShmemHugePages:        0 kB
Node 0 ShmemPmdMapped:        0 kB
Node 0 FileHugePages:        0 kB
Node 0 FilePmdMapped:        0 kB
Node 0 HugePages_Total:     0
Node 0 HugePages_Free:      0
Node 0 HugePages_Surp:      0

Node 1 MemTotal:       24686196 kB
Node 1 MemFree:        24309788 kB
Node 1 MemUsed:          376408 kB
Node 1 Active:            59260 kB
Node 1 Inactive:          37868 kB
Node 1 Active(anon):      15784 kB
Node 1 Inactive(anon):      424 kB
Node 1 Active(file):      43476 kB
Node 1 Inactive(file):    37444 kB
Node 1 Unevictable:        5148 kB
Node 1 Mlocked:            5148 kB
Node 1 Dirty:               372 kB
Node 1 Writeback:             0 kB
Node 1 FilePages:         86736 kB
Node 1 Mapped:            30444 kB
Node 1 AnonPages:         15668 kB
Node 1 Shmem:               648 kB
Node 1 KernelStack:        1480 kB
Node 1 PageTables:          616 kB
Node 1 NFS_Unstable:          0 kB
Node 1 Bounce:                0 kB
Node 1 WritebackTmp:          0 kB
Node 1 KReclaimable:      22816 kB
Node 1 Slab:              59200 kB
Node 1 SReclaimable:      22816 kB
Node 1 SUnreclaim:        36384 kB
Node 1 AnonHugePages:         0 kB
Node 1 ShmemHugePages:        0 kB
Node 1 ShmemPmdMapped:        0 kB
Node 1 FileHugePages:        0 kB
Node 1 FilePmdMapped:        0 kB
Node 1 HugePages_Total:     0
Node 1 HugePages_Free:      0
Node 1 HugePages_Surp:      0

Load ZFS
Node 0 MemTotal:       24743736 kB
Node 0 MemFree:        24479760 kB
Node 0 MemUsed:          263976 kB
Node 0 Active:            47916 kB
Node 0 Inactive:          62896 kB
Node 0 Active(anon):      29552 kB
Node 0 Inactive(anon):      416 kB
Node 0 Active(file):      18364 kB
Node 0 Inactive(file):    62480 kB
Node 0 Unevictable:       13508 kB
Node 0 Mlocked:           13508 kB
Node 0 Dirty:                60 kB
Node 0 Writeback:             0 kB
Node 0 FilePages:         84980 kB
Node 0 Mapped:            10468 kB
Node 0 AnonPages:         39000 kB
Node 0 Shmem:               640 kB
Node 0 KernelStack:        2272 kB
Node 0 PageTables:         1244 kB
Node 0 NFS_Unstable:          0 kB
Node 0 Bounce:                0 kB
Node 0 WritebackTmp:          0 kB
Node 0 KReclaimable:      19572 kB
Node 0 Slab:              51652 kB
Node 0 SReclaimable:      19572 kB
Node 0 SUnreclaim:        32080 kB
Node 0 AnonHugePages:         0 kB
Node 0 ShmemHugePages:        0 kB
Node 0 ShmemPmdMapped:        0 kB
Node 0 FileHugePages:        0 kB
Node 0 FilePmdMapped:        0 kB
Node 0 HugePages_Total:     0
Node 0 HugePages_Free:      0
Node 0 HugePages_Surp:      0

Node 1 MemTotal:       24686196 kB
Node 1 MemFree:        24201504 kB
Node 1 MemUsed:          484692 kB
Node 1 Active:            72984 kB
Node 1 Inactive:         126312 kB
Node 1 Active(anon):      28520 kB
Node 1 Inactive(anon):      444 kB
Node 1 Active(file):      44464 kB
Node 1 Inactive(file):   125868 kB
Node 1 Unevictable:        5148 kB
Node 1 Mlocked:            5148 kB
Node 1 Dirty:               328 kB
Node 1 Writeback:             0 kB
Node 1 FilePages:        176104 kB
Node 1 Mapped:            33988 kB
Node 1 AnonPages:         28688 kB
Node 1 Shmem:               628 kB
Node 1 KernelStack:        1968 kB
Node 1 PageTables:         1832 kB
Node 1 NFS_Unstable:          0 kB
Node 1 Bounce:                0 kB
Node 1 WritebackTmp:          0 kB
Node 1 KReclaimable:      23692 kB
Node 1 Slab:              63160 kB
Node 1 SReclaimable:      23692 kB
Node 1 SUnreclaim:        39468 kB
Node 1 AnonHugePages:         0 kB
Node 1 ShmemHugePages:        0 kB
Node 1 ShmemPmdMapped:        0 kB
Node 1 FileHugePages:        0 kB
Node 1 FilePmdMapped:        0 kB
Node 1 HugePages_Total:     0
Node 1 HugePages_Free:      0
Node 1 HugePages_Surp:      0

Import tank ZPool
Node 0 MemTotal:       24743736 kB
Node 0 MemFree:        24486520 kB
Node 0 MemUsed:          257216 kB
Node 0 Active:            36944 kB
Node 0 Inactive:          63188 kB
Node 0 Active(anon):      18424 kB
Node 0 Inactive(anon):      500 kB
Node 0 Active(file):      18520 kB
Node 0 Inactive(file):    62688 kB
Node 0 Unevictable:       13604 kB
Node 0 Mlocked:           13604 kB
Node 0 Dirty:                72 kB
Node 0 Writeback:             0 kB
Node 0 FilePages:         84956 kB
Node 0 Mapped:             9916 kB
Node 0 AnonPages:         28712 kB
Node 0 Shmem:               696 kB
Node 0 KernelStack:        2184 kB
Node 0 PageTables:          716 kB
Node 0 NFS_Unstable:          0 kB
Node 0 Bounce:                0 kB
Node 0 WritebackTmp:          0 kB
Node 0 KReclaimable:      19596 kB
Node 0 Slab:              55580 kB
Node 0 SReclaimable:      19596 kB
Node 0 SUnreclaim:        35984 kB
Node 0 AnonHugePages:         0 kB
Node 0 ShmemHugePages:        0 kB
Node 0 ShmemPmdMapped:        0 kB
Node 0 FileHugePages:        0 kB
Node 0 FilePmdMapped:        0 kB
Node 0 HugePages_Total:     0
Node 0 HugePages_Free:      0
Node 0 HugePages_Surp:      0

Node 1 MemTotal:       24686196 kB
Node 1 MemFree:        24197120 kB
Node 1 MemUsed:          489076 kB
Node 1 Active:            60452 kB
Node 1 Inactive:         127120 kB
Node 1 Active(anon):      15488 kB
Node 1 Inactive(anon):      448 kB
Node 1 Active(file):      44964 kB
Node 1 Inactive(file):   126672 kB
Node 1 Unevictable:        5148 kB
Node 1 Mlocked:            5148 kB
Node 1 Dirty:               412 kB
Node 1 Writeback:             0 kB
Node 1 FilePages:        177368 kB
Node 1 Mapped:            30780 kB
Node 1 AnonPages:         15076 kB
Node 1 Shmem:               572 kB
Node 1 KernelStack:        2600 kB
Node 1 PageTables:          624 kB
Node 1 NFS_Unstable:          0 kB
Node 1 Bounce:                0 kB
Node 1 WritebackTmp:          0 kB
Node 1 KReclaimable:      23792 kB
Node 1 Slab:              66700 kB
Node 1 SReclaimable:      23792 kB
Node 1 SUnreclaim:        42908 kB
Node 1 AnonHugePages:         0 kB
Node 1 ShmemHugePages:        0 kB
Node 1 ShmemPmdMapped:        0 kB
Node 1 FileHugePages:        0 kB
Node 1 FilePmdMapped:        0 kB
Node 1 HugePages_Total:     0
Node 1 HugePages_Free:      0
Node 1 HugePages_Surp:      0

After Test
Node 0 MemTotal:       24743736 kB
Node 0 MemFree:        23669348 kB
Node 0 MemUsed:         1074388 kB
Node 0 Active:            37140 kB
Node 0 Inactive:          64400 kB
Node 0 Active(anon):      17764 kB
Node 0 Inactive(anon):      524 kB
Node 0 Active(file):      19376 kB
Node 0 Inactive(file):    63876 kB
Node 0 Unevictable:       13604 kB
Node 0 Mlocked:           13604 kB
Node 0 Dirty:                84 kB
Node 0 Writeback:             0 kB
Node 0 FilePages:         87040 kB
Node 0 Mapped:            10008 kB
Node 0 AnonPages:         28012 kB
Node 0 Shmem:               740 kB
Node 0 KernelStack:        2136 kB
Node 0 PageTables:          596 kB
Node 0 NFS_Unstable:          0 kB
Node 0 Bounce:                0 kB
Node 0 WritebackTmp:          0 kB
Node 0 KReclaimable:      20884 kB
Node 0 Slab:              62440 kB
Node 0 SReclaimable:      20884 kB
Node 0 SUnreclaim:        41556 kB
Node 0 AnonHugePages:         0 kB
Node 0 ShmemHugePages:        0 kB
Node 0 ShmemPmdMapped:        0 kB
Node 0 FileHugePages:        0 kB
Node 0 FilePmdMapped:        0 kB
Node 0 HugePages_Total:     0
Node 0 HugePages_Free:      0
Node 0 HugePages_Surp:      0

Node 1 MemTotal:       24686196 kB
Node 1 MemFree:        23949796 kB
Node 1 MemUsed:          736400 kB
Node 1 Active:            60872 kB
Node 1 Inactive:         126652 kB
Node 1 Active(anon):      15420 kB
Node 1 Inactive(anon):      444 kB
Node 1 Active(file):      45452 kB
Node 1 Inactive(file):   126208 kB
Node 1 Unevictable:        5148 kB
Node 1 Mlocked:            5148 kB
Node 1 Dirty:               428 kB
Node 1 Writeback:             0 kB
Node 1 FilePages:        177376 kB
Node 1 Mapped:            30396 kB
Node 1 AnonPages:         15292 kB
Node 1 Shmem:               572 kB
Node 1 KernelStack:        2584 kB
Node 1 PageTables:          536 kB
Node 1 NFS_Unstable:          0 kB
Node 1 Bounce:                0 kB
Node 1 WritebackTmp:          0 kB
Node 1 KReclaimable:      23868 kB
Node 1 Slab:              67656 kB
Node 1 SReclaimable:      23868 kB
Node 1 SUnreclaim:        43788 kB
Node 1 AnonHugePages:         0 kB
Node 1 ShmemHugePages:        0 kB
Node 1 ShmemPmdMapped:        0 kB
Node 1 FileHugePages:        0 kB
Node 1 FilePmdMapped:        0 kB
Node 1 HugePages_Total:     0
Node 1 HugePages_Free:      0
Node 1 HugePages_Surp:      0

After Opposite Node
Node 0 MemTotal:       24743736 kB
Node 0 MemFree:        23669184 kB
Node 0 MemUsed:         1074552 kB
Node 0 Active:            37424 kB
Node 0 Inactive:          64244 kB
Node 0 Active(anon):      17900 kB
Node 0 Inactive(anon):      496 kB
Node 0 Active(file):      19524 kB
Node 0 Inactive(file):    63748 kB
Node 0 Unevictable:       13604 kB
Node 0 Mlocked:           13604 kB
Node 0 Dirty:               104 kB
Node 0 Writeback:             0 kB
Node 0 FilePages:         87016 kB
Node 0 Mapped:            10224 kB
Node 0 AnonPages:         28256 kB
Node 0 Shmem:               696 kB
Node 0 KernelStack:        2136 kB
Node 0 PageTables:          484 kB
Node 0 NFS_Unstable:          0 kB
Node 0 Bounce:                0 kB
Node 0 WritebackTmp:          0 kB
Node 0 KReclaimable:      20884 kB
Node 0 Slab:              62440 kB
Node 0 SReclaimable:      20884 kB
Node 0 SUnreclaim:        41556 kB
Node 0 AnonHugePages:         0 kB
Node 0 ShmemHugePages:        0 kB
Node 0 ShmemPmdMapped:        0 kB
Node 0 FileHugePages:        0 kB
Node 0 FilePmdMapped:        0 kB
Node 0 HugePages_Total:     0
Node 0 HugePages_Free:      0
Node 0 HugePages_Surp:      0

Node 1 MemTotal:       24686196 kB
Node 1 MemFree:        23949380 kB
Node 1 MemUsed:          736816 kB
Node 1 Active:            60772 kB
Node 1 Inactive:         126704 kB
Node 1 Active(anon):      15316 kB
Node 1 Inactive(anon):      496 kB
Node 1 Active(file):      45456 kB
Node 1 Inactive(file):   126208 kB
Node 1 Unevictable:        5148 kB
Node 1 Mlocked:            5148 kB
Node 1 Dirty:               428 kB
Node 1 Writeback:             0 kB
Node 1 FilePages:        177468 kB
Node 1 Mapped:            30484 kB
Node 1 AnonPages:         14984 kB
Node 1 Shmem:               660 kB
Node 1 KernelStack:        2680 kB
Node 1 PageTables:          776 kB
Node 1 NFS_Unstable:          0 kB
Node 1 Bounce:                0 kB
Node 1 WritebackTmp:          0 kB
Node 1 KReclaimable:      23920 kB
Node 1 Slab:              67936 kB
Node 1 SReclaimable:      23920 kB
Node 1 SUnreclaim:        44016 kB
Node 1 AnonHugePages:         0 kB
Node 1 ShmemHugePages:        0 kB
Node 1 ShmemPmdMapped:        0 kB
Node 1 FileHugePages:        0 kB
Node 1 FilePmdMapped:        0 kB
Node 1 HugePages_Total:     0
Node 1 HugePages_Free:      0
Node 1 HugePages_Surp:      0

B.0.doublefio.500M.2.O Complete!
