B.0.doublefio.2G.2.O
Begin
Node 0 MemTotal:       24743736 kB
Node 0 MemFree:        24453616 kB
Node 0 MemUsed:          290120 kB
Node 0 Active:            74360 kB
Node 0 Inactive:          63264 kB
Node 0 Active(anon):      26308 kB
Node 0 Inactive(anon):      484 kB
Node 0 Active(file):      48052 kB
Node 0 Inactive(file):    62780 kB
Node 0 Unevictable:        6072 kB
Node 0 Mlocked:            6072 kB
Node 0 Dirty:               228 kB
Node 0 Writeback:             0 kB
Node 0 FilePages:        117672 kB
Node 0 Mapped:            36008 kB
Node 0 AnonPages:         26080 kB
Node 0 Shmem:               740 kB
Node 0 KernelStack:        2376 kB
Node 0 PageTables:          708 kB
Node 0 NFS_Unstable:          0 kB
Node 0 Bounce:                0 kB
Node 0 WritebackTmp:          0 kB
Node 0 KReclaimable:      21596 kB
Node 0 Slab:              57324 kB
Node 0 SReclaimable:      21596 kB
Node 0 SUnreclaim:        35728 kB
Node 0 AnonHugePages:         0 kB
Node 0 ShmemHugePages:        0 kB
Node 0 ShmemPmdMapped:        0 kB
Node 0 FileHugePages:        0 kB
Node 0 FilePmdMapped:        0 kB
Node 0 HugePages_Total:     0
Node 0 HugePages_Free:      0
Node 0 HugePages_Surp:      0

Node 1 MemTotal:       24686196 kB
Node 1 MemFree:        24364000 kB
Node 1 MemUsed:          322196 kB
Node 1 Active:            19644 kB
Node 1 Inactive:          27372 kB
Node 1 Active(anon):       7244 kB
Node 1 Inactive(anon):      388 kB
Node 1 Active(file):      12400 kB
Node 1 Inactive(file):    26984 kB
Node 1 Unevictable:       12452 kB
Node 1 Mlocked:           12452 kB
Node 1 Dirty:               284 kB
Node 1 Writeback:             0 kB
Node 1 FilePages:         42060 kB
Node 1 Mapped:             8056 kB
Node 1 AnonPages:         17444 kB
Node 1 Shmem:               528 kB
Node 1 KernelStack:        1240 kB
Node 1 PageTables:          320 kB
Node 1 NFS_Unstable:          0 kB
Node 1 Bounce:                0 kB
Node 1 WritebackTmp:          0 kB
Node 1 KReclaimable:      20232 kB
Node 1 Slab:              50964 kB
Node 1 SReclaimable:      20232 kB
Node 1 SUnreclaim:        30732 kB
Node 1 AnonHugePages:         0 kB
Node 1 ShmemHugePages:        0 kB
Node 1 ShmemPmdMapped:        0 kB
Node 1 FileHugePages:        0 kB
Node 1 FilePmdMapped:        0 kB
Node 1 HugePages_Total:     0
Node 1 HugePages_Free:      0
Node 1 HugePages_Surp:      0

Load ZFS
Node 0 MemTotal:       24743736 kB
Node 0 MemFree:        24403636 kB
Node 0 MemUsed:          340100 kB
Node 0 Active:            92976 kB
Node 0 Inactive:          89172 kB
Node 0 Active(anon):      42952 kB
Node 0 Inactive(anon):      484 kB
Node 0 Active(file):      50024 kB
Node 0 Inactive(file):    88688 kB
Node 0 Unevictable:        6072 kB
Node 0 Mlocked:            6072 kB
Node 0 Dirty:               476 kB
Node 0 Writeback:             0 kB
Node 0 FilePages:        145456 kB
Node 0 Mapped:            37368 kB
Node 0 AnonPages:         42716 kB
Node 0 Shmem:               676 kB
Node 0 KernelStack:        2716 kB
Node 0 PageTables:         2020 kB
Node 0 NFS_Unstable:          0 kB
Node 0 Bounce:                0 kB
Node 0 WritebackTmp:          0 kB
Node 0 KReclaimable:      22220 kB
Node 0 Slab:              59972 kB
Node 0 SReclaimable:      22220 kB
Node 0 SUnreclaim:        37752 kB
Node 0 AnonHugePages:         0 kB
Node 0 ShmemHugePages:        0 kB
Node 0 ShmemPmdMapped:        0 kB
Node 0 FileHugePages:        0 kB
Node 0 FilePmdMapped:        0 kB
Node 0 HugePages_Total:     0
Node 0 HugePages_Free:      0
Node 0 HugePages_Surp:      0

Node 1 MemTotal:       24686196 kB
Node 1 MemFree:        24269972 kB
Node 1 MemUsed:          416224 kB
Node 1 Active:            28972 kB
Node 1 Inactive:         104968 kB
Node 1 Active(anon):      16008 kB
Node 1 Inactive(anon):      448 kB
Node 1 Active(file):      12964 kB
Node 1 Inactive(file):   104520 kB
Node 1 Unevictable:       12668 kB
Node 1 Mlocked:           12668 kB
Node 1 Dirty:                56 kB
Node 1 Writeback:             0 kB
Node 1 FilePages:        120200 kB
Node 1 Mapped:            10840 kB
Node 1 AnonPages:         26612 kB
Node 1 Shmem:               592 kB
Node 1 KernelStack:        1584 kB
Node 1 PageTables:         1432 kB
Node 1 NFS_Unstable:          0 kB
Node 1 Bounce:                0 kB
Node 1 WritebackTmp:          0 kB
Node 1 KReclaimable:      21340 kB
Node 1 Slab:              54996 kB
Node 1 SReclaimable:      21340 kB
Node 1 SUnreclaim:        33656 kB
Node 1 AnonHugePages:         0 kB
Node 1 ShmemHugePages:        0 kB
Node 1 ShmemPmdMapped:        0 kB
Node 1 FileHugePages:        0 kB
Node 1 FilePmdMapped:        0 kB
Node 1 HugePages_Total:     0
Node 1 HugePages_Free:      0
Node 1 HugePages_Surp:      0

Import tank ZPool
Node 0 MemTotal:       24743736 kB
Node 0 MemFree:        24414676 kB
Node 0 MemUsed:          329060 kB
Node 0 Active:            76964 kB
Node 0 Inactive:          90092 kB
Node 0 Active(anon):      26444 kB
Node 0 Inactive(anon):      504 kB
Node 0 Active(file):      50520 kB
Node 0 Inactive(file):    89588 kB
Node 0 Unevictable:        6072 kB
Node 0 Mlocked:            6072 kB
Node 0 Dirty:               452 kB
Node 0 Writeback:             0 kB
Node 0 FilePages:        146880 kB
Node 0 Mapped:            36520 kB
Node 0 AnonPages:         25908 kB
Node 0 Shmem:               684 kB
Node 0 KernelStack:        2440 kB
Node 0 PageTables:          952 kB
Node 0 NFS_Unstable:          0 kB
Node 0 Bounce:                0 kB
Node 0 WritebackTmp:          0 kB
Node 0 KReclaimable:      22308 kB
Node 0 Slab:              65216 kB
Node 0 SReclaimable:      22308 kB
Node 0 SUnreclaim:        42908 kB
Node 0 AnonHugePages:         0 kB
Node 0 ShmemHugePages:        0 kB
Node 0 ShmemPmdMapped:        0 kB
Node 0 FileHugePages:        0 kB
Node 0 FilePmdMapped:        0 kB
Node 0 HugePages_Total:     0
Node 0 HugePages_Free:      0
Node 0 HugePages_Surp:      0

Node 1 MemTotal:       24686196 kB
Node 1 MemFree:        24264824 kB
Node 1 MemUsed:          421372 kB
Node 1 Active:            20716 kB
Node 1 Inactive:         104588 kB
Node 1 Active(anon):       7376 kB
Node 1 Inactive(anon):      444 kB
Node 1 Active(file):      13340 kB
Node 1 Inactive(file):   104144 kB
Node 1 Unevictable:       12684 kB
Node 1 Mlocked:           12684 kB
Node 1 Dirty:                68 kB
Node 1 Writeback:             0 kB
Node 1 FilePages:        120192 kB
Node 1 Mapped:             8336 kB
Node 1 AnonPages:         17944 kB
Node 1 Shmem:               584 kB
Node 1 KernelStack:        2360 kB
Node 1 PageTables:          364 kB
Node 1 NFS_Unstable:          0 kB
Node 1 Bounce:                0 kB
Node 1 WritebackTmp:          0 kB
Node 1 KReclaimable:      21340 kB
Node 1 Slab:              57036 kB
Node 1 SReclaimable:      21340 kB
Node 1 SUnreclaim:        35696 kB
Node 1 AnonHugePages:         0 kB
Node 1 ShmemHugePages:        0 kB
Node 1 ShmemPmdMapped:        0 kB
Node 1 FileHugePages:        0 kB
Node 1 FilePmdMapped:        0 kB
Node 1 HugePages_Total:     0
Node 1 HugePages_Free:      0
Node 1 HugePages_Surp:      0

After Test
Node 0 MemTotal:       24743736 kB
Node 0 MemFree:        21571952 kB
Node 0 MemUsed:         3171784 kB
Node 0 Active:            77596 kB
Node 0 Inactive:          91008 kB
Node 0 Active(anon):      25952 kB
Node 0 Inactive(anon):      524 kB
Node 0 Active(file):      51644 kB
Node 0 Inactive(file):    90484 kB
Node 0 Unevictable:        6072 kB
Node 0 Mlocked:            6072 kB
Node 0 Dirty:               120 kB
Node 0 Writeback:             0 kB
Node 0 FilePages:        148920 kB
Node 0 Mapped:            36232 kB
Node 0 AnonPages:         25660 kB
Node 0 Shmem:               724 kB
Node 0 KernelStack:        2344 kB
Node 0 PageTables:          812 kB
Node 0 NFS_Unstable:          0 kB
Node 0 Bounce:                0 kB
Node 0 WritebackTmp:          0 kB
Node 0 KReclaimable:      23744 kB
Node 0 Slab:              79948 kB
Node 0 SReclaimable:      23744 kB
Node 0 SUnreclaim:        56204 kB
Node 0 AnonHugePages:         0 kB
Node 0 ShmemHugePages:        0 kB
Node 0 ShmemPmdMapped:        0 kB
Node 0 FileHugePages:        0 kB
Node 0 FilePmdMapped:        0 kB
Node 0 HugePages_Total:     0
Node 0 HugePages_Free:      0
Node 0 HugePages_Surp:      0

Node 1 MemTotal:       24686196 kB
Node 1 MemFree:        24180892 kB
Node 1 MemUsed:          505304 kB
Node 1 Active:            20824 kB
Node 1 Inactive:         104416 kB
Node 1 Active(anon):       7304 kB
Node 1 Inactive(anon):      444 kB
Node 1 Active(file):      13520 kB
Node 1 Inactive(file):   103972 kB
Node 1 Unevictable:       12684 kB
Node 1 Mlocked:           12684 kB
Node 1 Dirty:                16 kB
Node 1 Writeback:             0 kB
Node 1 FilePages:        120204 kB
Node 1 Mapped:             8076 kB
Node 1 AnonPages:         17720 kB
Node 1 Shmem:               588 kB
Node 1 KernelStack:        2344 kB
Node 1 PageTables:          324 kB
Node 1 NFS_Unstable:          0 kB
Node 1 Bounce:                0 kB
Node 1 WritebackTmp:          0 kB
Node 1 KReclaimable:      21380 kB
Node 1 Slab:              57532 kB
Node 1 SReclaimable:      21380 kB
Node 1 SUnreclaim:        36152 kB
Node 1 AnonHugePages:         0 kB
Node 1 ShmemHugePages:        0 kB
Node 1 ShmemPmdMapped:        0 kB
Node 1 FileHugePages:        0 kB
Node 1 FilePmdMapped:        0 kB
Node 1 HugePages_Total:     0
Node 1 HugePages_Free:      0
Node 1 HugePages_Surp:      0

After Opposite Node
Node 0 MemTotal:       24743736 kB
Node 0 MemFree:        21571772 kB
Node 0 MemUsed:         3171964 kB
Node 0 Active:            77660 kB
Node 0 Inactive:          90784 kB
Node 0 Active(anon):      25800 kB
Node 0 Inactive(anon):      496 kB
Node 0 Active(file):      51860 kB
Node 0 Inactive(file):    90288 kB
Node 0 Unevictable:        6072 kB
Node 0 Mlocked:            6072 kB
Node 0 Dirty:               192 kB
Node 0 Writeback:             0 kB
Node 0 FilePages:        148896 kB
Node 0 Mapped:            36228 kB
Node 0 AnonPages:         25616 kB
Node 0 Shmem:               680 kB
Node 0 KernelStack:        2312 kB
Node 0 PageTables:          696 kB
Node 0 NFS_Unstable:          0 kB
Node 0 Bounce:                0 kB
Node 0 WritebackTmp:          0 kB
Node 0 KReclaimable:      23776 kB
Node 0 Slab:              79960 kB
Node 0 SReclaimable:      23776 kB
Node 0 SUnreclaim:        56184 kB
Node 0 AnonHugePages:         0 kB
Node 0 ShmemHugePages:        0 kB
Node 0 ShmemPmdMapped:        0 kB
Node 0 FileHugePages:        0 kB
Node 0 FilePmdMapped:        0 kB
Node 0 HugePages_Total:     0
Node 0 HugePages_Free:      0
Node 0 HugePages_Surp:      0

Node 1 MemTotal:       24686196 kB
Node 1 MemFree:        24179432 kB
Node 1 MemUsed:          506764 kB
Node 1 Active:            21096 kB
Node 1 Inactive:         104468 kB
Node 1 Active(anon):       7572 kB
Node 1 Inactive(anon):      488 kB
Node 1 Active(file):      13524 kB
Node 1 Inactive(file):   103980 kB
Node 1 Unevictable:       12684 kB
Node 1 Mlocked:           12684 kB
Node 1 Dirty:                28 kB
Node 1 Writeback:             0 kB
Node 1 FilePages:        120268 kB
Node 1 Mapped:             8120 kB
Node 1 AnonPages:         17860 kB
Node 1 Shmem:               632 kB
Node 1 KernelStack:        2376 kB
Node 1 PageTables:          500 kB
Node 1 NFS_Unstable:          0 kB
Node 1 Bounce:                0 kB
Node 1 WritebackTmp:          0 kB
Node 1 KReclaimable:      21416 kB
Node 1 Slab:              57748 kB
Node 1 SReclaimable:      21416 kB
Node 1 SUnreclaim:        36332 kB
Node 1 AnonHugePages:         0 kB
Node 1 ShmemHugePages:        0 kB
Node 1 ShmemPmdMapped:        0 kB
Node 1 FileHugePages:        0 kB
Node 1 FilePmdMapped:        0 kB
Node 1 HugePages_Total:     0
Node 1 HugePages_Free:      0
Node 1 HugePages_Surp:      0

B.0.doublefio.2G.2.O Complete!
