B.0.doublefio.250M.2.O
Begin
Node 0 MemTotal:       24768360 kB
Node 0 MemFree:        24386560 kB
Node 0 MemUsed:          381800 kB
Node 0 Active:            50416 kB
Node 0 Inactive:          55332 kB
Node 0 Active(anon):      16780 kB
Node 0 Inactive(anon):      524 kB
Node 0 Active(file):      33636 kB
Node 0 Inactive(file):    54808 kB
Node 0 Unevictable:         468 kB
Node 0 Mlocked:             468 kB
Node 0 Dirty:               388 kB
Node 0 Writeback:             0 kB
Node 0 FilePages:         89640 kB
Node 0 Mapped:            12400 kB
Node 0 AnonPages:         16640 kB
Node 0 Shmem:               716 kB
Node 0 KernelStack:        2072 kB
Node 0 PageTables:          604 kB
Node 0 NFS_Unstable:          0 kB
Node 0 Bounce:                0 kB
Node 0 WritebackTmp:          0 kB
Node 0 KReclaimable:      22992 kB
Node 0 Slab:              59020 kB
Node 0 SReclaimable:      22992 kB
Node 0 SUnreclaim:        36028 kB
Node 0 AnonHugePages:         0 kB
Node 0 ShmemHugePages:        0 kB
Node 0 ShmemPmdMapped:        0 kB
Node 0 FileHugePages:        0 kB
Node 0 FilePmdMapped:        0 kB
Node 0 HugePages_Total:     0
Node 0 HugePages_Free:      0
Node 0 HugePages_Surp:      0

Node 1 MemTotal:       24661580 kB
Node 1 MemFree:        24431840 kB
Node 1 MemUsed:          229740 kB
Node 1 Active:            43836 kB
Node 1 Inactive:          32024 kB
Node 1 Active(anon):      17140 kB
Node 1 Inactive(anon):      360 kB
Node 1 Active(file):      26696 kB
Node 1 Inactive(file):    31664 kB
Node 1 Unevictable:       18052 kB
Node 1 Mlocked:           18052 kB
Node 1 Dirty:               116 kB
Node 1 Writeback:             0 kB
Node 1 FilePages:         66660 kB
Node 1 Mapped:            26932 kB
Node 1 AnonPages:         27284 kB
Node 1 Shmem:               552 kB
Node 1 KernelStack:        1592 kB
Node 1 PageTables:          476 kB
Node 1 NFS_Unstable:          0 kB
Node 1 Bounce:                0 kB
Node 1 WritebackTmp:          0 kB
Node 1 KReclaimable:      18756 kB
Node 1 Slab:              48356 kB
Node 1 SReclaimable:      18756 kB
Node 1 SUnreclaim:        29600 kB
Node 1 AnonHugePages:         0 kB
Node 1 ShmemHugePages:        0 kB
Node 1 ShmemPmdMapped:        0 kB
Node 1 FileHugePages:        0 kB
Node 1 FilePmdMapped:        0 kB
Node 1 HugePages_Total:     0
Node 1 HugePages_Free:      0
Node 1 HugePages_Surp:      0

Load ZFS
Node 0 MemTotal:       24768360 kB
Node 0 MemFree:        24266920 kB
Node 0 MemUsed:          501440 kB
Node 0 Active:            65948 kB
Node 0 Inactive:         151336 kB
Node 0 Active(anon):      30828 kB
Node 0 Inactive(anon):      352 kB
Node 0 Active(file):      35120 kB
Node 0 Inactive(file):   150984 kB
Node 0 Unevictable:         468 kB
Node 0 Mlocked:             468 kB
Node 0 Dirty:                16 kB
Node 0 Writeback:             0 kB
Node 0 FilePages:        187292 kB
Node 0 Mapped:            14632 kB
Node 0 AnonPages:         30016 kB
Node 0 Shmem:               544 kB
Node 0 KernelStack:        2340 kB
Node 0 PageTables:         1952 kB
Node 0 NFS_Unstable:          0 kB
Node 0 Bounce:                0 kB
Node 0 WritebackTmp:          0 kB
Node 0 KReclaimable:      23904 kB
Node 0 Slab:              62804 kB
Node 0 SReclaimable:      23904 kB
Node 0 SUnreclaim:        38900 kB
Node 0 AnonHugePages:         0 kB
Node 0 ShmemHugePages:        0 kB
Node 0 ShmemPmdMapped:        0 kB
Node 0 FileHugePages:        0 kB
Node 0 FilePmdMapped:        0 kB
Node 0 HugePages_Total:     0
Node 0 HugePages_Free:      0
Node 0 HugePages_Surp:      0

Node 1 MemTotal:       24661580 kB
Node 1 MemFree:        24405096 kB
Node 1 MemUsed:          256484 kB
Node 1 Active:            57716 kB
Node 1 Inactive:          39272 kB
Node 1 Active(anon):      29868 kB
Node 1 Inactive(anon):      532 kB
Node 1 Active(file):      27848 kB
Node 1 Inactive(file):    38740 kB
Node 1 Unevictable:       18268 kB
Node 1 Mlocked:           18268 kB
Node 1 Dirty:               260 kB
Node 1 Writeback:             0 kB
Node 1 FilePages:         75036 kB
Node 1 Mapped:            28992 kB
Node 1 AnonPages:         39796 kB
Node 1 Shmem:               724 kB
Node 1 KernelStack:        1832 kB
Node 1 PageTables:         1216 kB
Node 1 NFS_Unstable:          0 kB
Node 1 Bounce:                0 kB
Node 1 WritebackTmp:          0 kB
Node 1 KReclaimable:      19440 kB
Node 1 Slab:              52408 kB
Node 1 SReclaimable:      19440 kB
Node 1 SUnreclaim:        32968 kB
Node 1 AnonHugePages:         0 kB
Node 1 ShmemHugePages:        0 kB
Node 1 ShmemPmdMapped:        0 kB
Node 1 FileHugePages:        0 kB
Node 1 FilePmdMapped:        0 kB
Node 1 HugePages_Total:     0
Node 1 HugePages_Free:      0
Node 1 HugePages_Surp:      0

Import tank ZPool
Node 0 MemTotal:       24768360 kB
Node 0 MemFree:        24262668 kB
Node 0 MemUsed:          505692 kB
Node 0 Active:            51948 kB
Node 0 Inactive:         152292 kB
Node 0 Active(anon):      16324 kB
Node 0 Inactive(anon):      436 kB
Node 0 Active(file):      35624 kB
Node 0 Inactive(file):   151856 kB
Node 0 Unevictable:         468 kB
Node 0 Mlocked:             468 kB
Node 0 Dirty:                36 kB
Node 0 Writeback:             0 kB
Node 0 FilePages:        188540 kB
Node 0 Mapped:            12696 kB
Node 0 AnonPages:         15824 kB
Node 0 Shmem:               588 kB
Node 0 KernelStack:        3180 kB
Node 0 PageTables:          848 kB
Node 0 NFS_Unstable:          0 kB
Node 0 Bounce:                0 kB
Node 0 WritebackTmp:          0 kB
Node 0 KReclaimable:      24104 kB
Node 0 Slab:              68732 kB
Node 0 SReclaimable:      24104 kB
Node 0 SUnreclaim:        44628 kB
Node 0 AnonHugePages:         0 kB
Node 0 ShmemHugePages:        0 kB
Node 0 ShmemPmdMapped:        0 kB
Node 0 FileHugePages:        0 kB
Node 0 FilePmdMapped:        0 kB
Node 0 HugePages_Total:     0
Node 0 HugePages_Free:      0
Node 0 HugePages_Surp:      0

Node 1 MemTotal:       24661580 kB
Node 1 MemFree:        24416996 kB
Node 1 MemUsed:          244584 kB
Node 1 Active:            45836 kB
Node 1 Inactive:          38840 kB
Node 1 Active(anon):      17556 kB
Node 1 Inactive(anon):      516 kB
Node 1 Active(file):      28280 kB
Node 1 Inactive(file):    38324 kB
Node 1 Unevictable:       18284 kB
Node 1 Mlocked:           18284 kB
Node 1 Dirty:               400 kB
Node 1 Writeback:             0 kB
Node 1 FilePages:         75024 kB
Node 1 Mapped:            27192 kB
Node 1 AnonPages:         28100 kB
Node 1 Shmem:               680 kB
Node 1 KernelStack:        1592 kB
Node 1 PageTables:          504 kB
Node 1 NFS_Unstable:          0 kB
Node 1 Bounce:                0 kB
Node 1 WritebackTmp:          0 kB
Node 1 KReclaimable:      19440 kB
Node 1 Slab:              52916 kB
Node 1 SReclaimable:      19440 kB
Node 1 SUnreclaim:        33476 kB
Node 1 AnonHugePages:         0 kB
Node 1 ShmemHugePages:        0 kB
Node 1 ShmemPmdMapped:        0 kB
Node 1 FileHugePages:        0 kB
Node 1 FilePmdMapped:        0 kB
Node 1 HugePages_Total:     0
Node 1 HugePages_Free:      0
Node 1 HugePages_Surp:      0

After Test
Node 0 MemTotal:       24768360 kB
Node 0 MemFree:        23925096 kB
Node 0 MemUsed:          843264 kB
Node 0 Active:            52956 kB
Node 0 Inactive:         153232 kB
Node 0 Active(anon):      16232 kB
Node 0 Inactive(anon):      464 kB
Node 0 Active(file):      36724 kB
Node 0 Inactive(file):   152768 kB
Node 0 Unevictable:         468 kB
Node 0 Mlocked:             468 kB
Node 0 Dirty:                44 kB
Node 0 Writeback:             0 kB
Node 0 FilePages:        190576 kB
Node 0 Mapped:            12632 kB
Node 0 AnonPages:         16004 kB
Node 0 Shmem:               616 kB
Node 0 KernelStack:        3256 kB
Node 0 PageTables:          720 kB
Node 0 NFS_Unstable:          0 kB
Node 0 Bounce:                0 kB
Node 0 WritebackTmp:          0 kB
Node 0 KReclaimable:      25372 kB
Node 0 Slab:              72648 kB
Node 0 SReclaimable:      25372 kB
Node 0 SUnreclaim:        47276 kB
Node 0 AnonHugePages:         0 kB
Node 0 ShmemHugePages:        0 kB
Node 0 ShmemPmdMapped:        0 kB
Node 0 FileHugePages:        0 kB
Node 0 FilePmdMapped:        0 kB
Node 0 HugePages_Total:     0
Node 0 HugePages_Free:      0
Node 0 HugePages_Surp:      0

Node 1 MemTotal:       24661580 kB
Node 1 MemFree:        24221724 kB
Node 1 MemUsed:          439856 kB
Node 1 Active:            45696 kB
Node 1 Inactive:          38800 kB
Node 1 Active(anon):      17332 kB
Node 1 Inactive(anon):      512 kB
Node 1 Active(file):      28364 kB
Node 1 Inactive(file):    38288 kB
Node 1 Unevictable:       18284 kB
Node 1 Mlocked:           18284 kB
Node 1 Dirty:               400 kB
Node 1 Writeback:             0 kB
Node 1 FilePages:         75056 kB
Node 1 Mapped:            26948 kB
Node 1 AnonPages:         27720 kB
Node 1 Shmem:               680 kB
Node 1 KernelStack:        1560 kB
Node 1 PageTables:          480 kB
Node 1 NFS_Unstable:          0 kB
Node 1 Bounce:                0 kB
Node 1 WritebackTmp:          0 kB
Node 1 KReclaimable:      19440 kB
Node 1 Slab:              53476 kB
Node 1 SReclaimable:      19440 kB
Node 1 SUnreclaim:        34036 kB
Node 1 AnonHugePages:         0 kB
Node 1 ShmemHugePages:        0 kB
Node 1 ShmemPmdMapped:        0 kB
Node 1 FileHugePages:        0 kB
Node 1 FilePmdMapped:        0 kB
Node 1 HugePages_Total:     0
Node 1 HugePages_Free:      0
Node 1 HugePages_Surp:      0

After Opposite Node
Node 0 MemTotal:       24768360 kB
Node 0 MemFree:        23925860 kB
Node 0 MemUsed:          842500 kB
Node 0 Active:            52444 kB
Node 0 Inactive:         152992 kB
Node 0 Active(anon):      15504 kB
Node 0 Inactive(anon):      432 kB
Node 0 Active(file):      36940 kB
Node 0 Inactive(file):   152560 kB
Node 0 Unevictable:         468 kB
Node 0 Mlocked:             468 kB
Node 0 Dirty:                52 kB
Node 0 Writeback:             0 kB
Node 0 FilePages:        190556 kB
Node 0 Mapped:            12576 kB
Node 0 AnonPages:         15348 kB
Node 0 Shmem:               588 kB
Node 0 KernelStack:        3160 kB
Node 0 PageTables:          516 kB
Node 0 NFS_Unstable:          0 kB
Node 0 Bounce:                0 kB
Node 0 WritebackTmp:          0 kB
Node 0 KReclaimable:      25388 kB
Node 0 Slab:              72644 kB
Node 0 SReclaimable:      25388 kB
Node 0 SUnreclaim:        47256 kB
Node 0 AnonHugePages:         0 kB
Node 0 ShmemHugePages:        0 kB
Node 0 ShmemPmdMapped:        0 kB
Node 0 FileHugePages:        0 kB
Node 0 FilePmdMapped:        0 kB
Node 0 HugePages_Total:     0
Node 0 HugePages_Free:      0
Node 0 HugePages_Surp:      0

Node 1 MemTotal:       24661580 kB
Node 1 MemFree:        24220420 kB
Node 1 MemUsed:          441160 kB
Node 1 Active:            46204 kB
Node 1 Inactive:          38820 kB
Node 1 Active(anon):      17812 kB
Node 1 Inactive(anon):      536 kB
Node 1 Active(file):      28392 kB
Node 1 Inactive(file):    38284 kB
Node 1 Unevictable:       18284 kB
Node 1 Mlocked:           18284 kB
Node 1 Dirty:               420 kB
Node 1 Writeback:             0 kB
Node 1 FilePages:         75124 kB
Node 1 Mapped:            26992 kB
Node 1 AnonPages:         28088 kB
Node 1 Shmem:               724 kB
Node 1 KernelStack:        1608 kB
Node 1 PageTables:          596 kB
Node 1 NFS_Unstable:          0 kB
Node 1 Bounce:                0 kB
Node 1 WritebackTmp:          0 kB
Node 1 KReclaimable:      19508 kB
Node 1 Slab:              53776 kB
Node 1 SReclaimable:      19508 kB
Node 1 SUnreclaim:        34268 kB
Node 1 AnonHugePages:         0 kB
Node 1 ShmemHugePages:        0 kB
Node 1 ShmemPmdMapped:        0 kB
Node 1 FileHugePages:        0 kB
Node 1 FilePmdMapped:        0 kB
Node 1 HugePages_Total:     0
Node 1 HugePages_Free:      0
Node 1 HugePages_Surp:      0

B.0.doublefio.250M.2.O Complete!
