kernel.numa_balancing = 1
M.1.manyfio.250M.1.O.1M
Begin
Node 0 MemTotal:       24768352 kB
Node 0 MemFree:        24390784 kB
Node 0 MemUsed:          377568 kB
Node 0 Active:            39456 kB
Node 0 Inactive:          59536 kB
Node 0 Active(anon):      17328 kB
Node 0 Inactive(anon):      500 kB
Node 0 Active(file):      22128 kB
Node 0 Inactive(file):    59036 kB
Node 0 Unevictable:       13968 kB
Node 0 Mlocked:           13968 kB
Node 0 Dirty:                88 kB
Node 0 Writeback:             0 kB
Node 0 FilePages:         85476 kB
Node 0 Mapped:            40616 kB
Node 0 AnonPages:         27556 kB
Node 0 Shmem:               672 kB
Node 0 KernelStack:        2232 kB
Node 0 PageTables:          648 kB
Node 0 NFS_Unstable:          0 kB
Node 0 Bounce:                0 kB
Node 0 WritebackTmp:          0 kB
Node 0 KReclaimable:      19956 kB
Node 0 Slab:              49560 kB
Node 0 SReclaimable:      19956 kB
Node 0 SUnreclaim:        29604 kB
Node 0 AnonHugePages:         0 kB
Node 0 ShmemHugePages:        0 kB
Node 0 ShmemPmdMapped:        0 kB
Node 0 FileHugePages:        0 kB
Node 0 FilePmdMapped:        0 kB
Node 0 HugePages_Total:     0
Node 0 HugePages_Free:      0
Node 0 HugePages_Surp:      0

Node 1 MemTotal:       24661580 kB
Node 1 MemFree:        24406128 kB
Node 1 MemUsed:          255452 kB
Node 1 Active:            57728 kB
Node 1 Inactive:          48988 kB
Node 1 Active(anon):      16472 kB
Node 1 Inactive(anon):      376 kB
Node 1 Active(file):      41256 kB
Node 1 Inactive(file):    48612 kB
Node 1 Unevictable:        4552 kB
Node 1 Mlocked:            4552 kB
Node 1 Dirty:               416 kB
Node 1 Writeback:             0 kB
Node 1 FilePages:         95096 kB
Node 1 Mapped:            28360 kB
Node 1 AnonPages:         16280 kB
Node 1 Shmem:               596 kB
Node 1 KernelStack:        1416 kB
Node 1 PageTables:          512 kB
Node 1 NFS_Unstable:          0 kB
Node 1 Bounce:                0 kB
Node 1 WritebackTmp:          0 kB
Node 1 KReclaimable:      22308 kB
Node 1 Slab:              58328 kB
Node 1 SReclaimable:      22308 kB
Node 1 SUnreclaim:        36020 kB
Node 1 AnonHugePages:         0 kB
Node 1 ShmemHugePages:        0 kB
Node 1 ShmemPmdMapped:        0 kB
Node 1 FileHugePages:        0 kB
Node 1 FilePmdMapped:        0 kB
Node 1 HugePages_Total:     0
Node 1 HugePages_Free:      0
Node 1 HugePages_Surp:      0

Load ZFS
Node 0 MemTotal:       24768352 kB
Node 0 MemFree:        24522112 kB
Node 0 MemUsed:          246240 kB
Node 0 Active:            48024 kB
Node 0 Inactive:          54804 kB
Node 0 Active(anon):      20348 kB
Node 0 Inactive(anon):      500 kB
Node 0 Active(file):      27676 kB
Node 0 Inactive(file):    54304 kB
Node 0 Unevictable:       13968 kB
Node 0 Mlocked:           13968 kB
Node 0 Dirty:               128 kB
Node 0 Writeback:             0 kB
Node 0 FilePages:         86292 kB
Node 0 Mapped:            40660 kB
Node 0 AnonPages:         30528 kB
Node 0 Shmem:               672 kB
Node 0 KernelStack:        2312 kB
Node 0 PageTables:          776 kB
Node 0 NFS_Unstable:          0 kB
Node 0 Bounce:                0 kB
Node 0 WritebackTmp:          0 kB
Node 0 KReclaimable:      20528 kB
Node 0 Slab:              51280 kB
Node 0 SReclaimable:      20528 kB
Node 0 SUnreclaim:        30752 kB
Node 0 AnonHugePages:         0 kB
Node 0 ShmemHugePages:        0 kB
Node 0 ShmemPmdMapped:        0 kB
Node 0 FileHugePages:        0 kB
Node 0 FilePmdMapped:        0 kB
Node 0 HugePages_Total:     0
Node 0 HugePages_Free:      0
Node 0 HugePages_Surp:      0

Node 1 MemTotal:       24661580 kB
Node 1 MemFree:        24266052 kB
Node 1 MemUsed:          395528 kB
Node 1 Active:            59100 kB
Node 1 Inactive:          49588 kB
Node 1 Active(anon):      16600 kB
Node 1 Inactive(anon):      376 kB
Node 1 Active(file):      42500 kB
Node 1 Inactive(file):    49212 kB
Node 1 Unevictable:        4552 kB
Node 1 Mlocked:            4552 kB
Node 1 Dirty:               224 kB
Node 1 Writeback:             0 kB
Node 1 FilePages:         96864 kB
Node 1 Mapped:            28532 kB
Node 1 AnonPages:         16108 kB
Node 1 Shmem:               596 kB
Node 1 KernelStack:        1384 kB
Node 1 PageTables:          564 kB
Node 1 NFS_Unstable:          0 kB
Node 1 Bounce:                0 kB
Node 1 WritebackTmp:          0 kB
Node 1 KReclaimable:      22700 kB
Node 1 Slab:              60700 kB
Node 1 SReclaimable:      22700 kB
Node 1 SUnreclaim:        38000 kB
Node 1 AnonHugePages:         0 kB
Node 1 ShmemHugePages:        0 kB
Node 1 ShmemPmdMapped:        0 kB
Node 1 FileHugePages:        0 kB
Node 1 FilePmdMapped:        0 kB
Node 1 HugePages_Total:     0
Node 1 HugePages_Free:      0
Node 1 HugePages_Surp:      0

Import tank ZPool
Node 0 MemTotal:       24768352 kB
Node 0 MemFree:        24523996 kB
Node 0 MemUsed:          244356 kB
Node 0 Active:            44528 kB
Node 0 Inactive:          54796 kB
Node 0 Active(anon):      16844 kB
Node 0 Inactive(anon):      500 kB
Node 0 Active(file):      27684 kB
Node 0 Inactive(file):    54296 kB
Node 0 Unevictable:       13968 kB
Node 0 Mlocked:           13968 kB
Node 0 Dirty:               132 kB
Node 0 Writeback:             0 kB
Node 0 FilePages:         86292 kB
Node 0 Mapped:            40680 kB
Node 0 AnonPages:         27076 kB
Node 0 Shmem:               672 kB
Node 0 KernelStack:        2312 kB
Node 0 PageTables:          776 kB
Node 0 NFS_Unstable:          0 kB
Node 0 Bounce:                0 kB
Node 0 WritebackTmp:          0 kB
Node 0 KReclaimable:      20528 kB
Node 0 Slab:              51272 kB
Node 0 SReclaimable:      20528 kB
Node 0 SUnreclaim:        30744 kB
Node 0 AnonHugePages:         0 kB
Node 0 ShmemHugePages:        0 kB
Node 0 ShmemPmdMapped:        0 kB
Node 0 FileHugePages:        0 kB
Node 0 FilePmdMapped:        0 kB
Node 0 HugePages_Total:     0
Node 0 HugePages_Free:      0
Node 0 HugePages_Surp:      0

Node 1 MemTotal:       24661580 kB
Node 1 MemFree:        24247200 kB
Node 1 MemUsed:          414380 kB
Node 1 Active:            59896 kB
Node 1 Inactive:          50764 kB
Node 1 Active(anon):      16788 kB
Node 1 Inactive(anon):      380 kB
Node 1 Active(file):      43108 kB
Node 1 Inactive(file):    50384 kB
Node 1 Unevictable:        4552 kB
Node 1 Mlocked:            4552 kB
Node 1 Dirty:               244 kB
Node 1 Writeback:             8 kB
Node 1 FilePages:         98348 kB
Node 1 Mapped:            28488 kB
Node 1 AnonPages:         16372 kB
Node 1 Shmem:               596 kB
Node 1 KernelStack:        2524 kB
Node 1 PageTables:          632 kB
Node 1 NFS_Unstable:          0 kB
Node 1 Bounce:                0 kB
Node 1 WritebackTmp:          0 kB
Node 1 KReclaimable:      22840 kB
Node 1 Slab:              67044 kB
Node 1 SReclaimable:      22840 kB
Node 1 SUnreclaim:        44204 kB
Node 1 AnonHugePages:         0 kB
Node 1 ShmemHugePages:        0 kB
Node 1 ShmemPmdMapped:        0 kB
Node 1 FileHugePages:        0 kB
Node 1 FilePmdMapped:        0 kB
Node 1 HugePages_Total:     0
Node 1 HugePages_Free:      0
Node 1 HugePages_Surp:      0

After Test
Node 0 MemTotal:       24768352 kB
Node 0 MemFree:        24256732 kB
Node 0 MemUsed:          511620 kB
Node 0 Active:            44432 kB
Node 0 Inactive:          54756 kB
Node 0 Active(anon):      16708 kB
Node 0 Inactive(anon):      500 kB
Node 0 Active(file):      27724 kB
Node 0 Inactive(file):    54256 kB
Node 0 Unevictable:       13968 kB
Node 0 Mlocked:           13968 kB
Node 0 Dirty:               128 kB
Node 0 Writeback:             0 kB
Node 0 FilePages:         86292 kB
Node 0 Mapped:            40660 kB
Node 0 AnonPages:         26860 kB
Node 0 Shmem:               672 kB
Node 0 KernelStack:        2232 kB
Node 0 PageTables:          616 kB
Node 0 NFS_Unstable:          0 kB
Node 0 Bounce:                0 kB
Node 0 WritebackTmp:          0 kB
Node 0 KReclaimable:      20544 kB
Node 0 Slab:              52184 kB
Node 0 SReclaimable:      20544 kB
Node 0 SUnreclaim:        31640 kB
Node 0 AnonHugePages:         0 kB
Node 0 ShmemHugePages:        0 kB
Node 0 ShmemPmdMapped:        0 kB
Node 0 FileHugePages:        0 kB
Node 0 FilePmdMapped:        0 kB
Node 0 HugePages_Total:     0
Node 0 HugePages_Free:      0
Node 0 HugePages_Surp:      0

Node 1 MemTotal:       24661580 kB
Node 1 MemFree:        23978876 kB
Node 1 MemUsed:          682704 kB
Node 1 Active:            60908 kB
Node 1 Inactive:          51784 kB
Node 1 Active(anon):      16884 kB
Node 1 Inactive(anon):      408 kB
Node 1 Active(file):      44024 kB
Node 1 Inactive(file):    51376 kB
Node 1 Unevictable:        4552 kB
Node 1 Mlocked:            4552 kB
Node 1 Dirty:               144 kB
Node 1 Writeback:             0 kB
Node 1 FilePages:        100592 kB
Node 1 Mapped:            28620 kB
Node 1 AnonPages:         16624 kB
Node 1 Shmem:               640 kB
Node 1 KernelStack:        2600 kB
Node 1 PageTables:          712 kB
Node 1 NFS_Unstable:          0 kB
Node 1 Bounce:                0 kB
Node 1 WritebackTmp:          0 kB
Node 1 KReclaimable:      24112 kB
Node 1 Slab:              71248 kB
Node 1 SReclaimable:      24112 kB
Node 1 SUnreclaim:        47136 kB
Node 1 AnonHugePages:         0 kB
Node 1 ShmemHugePages:        0 kB
Node 1 ShmemPmdMapped:        0 kB
Node 1 FileHugePages:        0 kB
Node 1 FilePmdMapped:        0 kB
Node 1 HugePages_Total:     0
Node 1 HugePages_Free:      0
Node 1 HugePages_Surp:      0

After Opposite Node
Node 0 MemTotal:       24768352 kB
Node 0 MemFree:        24254584 kB
Node 0 MemUsed:          513768 kB
Node 0 Active:            44180 kB
Node 0 Inactive:          54796 kB
Node 0 Active(anon):      16416 kB
Node 0 Inactive(anon):      536 kB
Node 0 Active(file):      27764 kB
Node 0 Inactive(file):    54260 kB
Node 0 Unevictable:       13968 kB
Node 0 Mlocked:           13968 kB
Node 0 Dirty:               168 kB
Node 0 Writeback:             0 kB
Node 0 FilePages:         86380 kB
Node 0 Mapped:            40704 kB
Node 0 AnonPages:         26500 kB
Node 0 Shmem:               716 kB
Node 0 KernelStack:        2280 kB
Node 0 PageTables:          736 kB
Node 0 NFS_Unstable:          0 kB
Node 0 Bounce:                0 kB
Node 0 WritebackTmp:          0 kB
Node 0 KReclaimable:      20648 kB
Node 0 Slab:              52768 kB
Node 0 SReclaimable:      20648 kB
Node 0 SUnreclaim:        32120 kB
Node 0 AnonHugePages:         0 kB
Node 0 ShmemHugePages:        0 kB
Node 0 ShmemPmdMapped:        0 kB
Node 0 FileHugePages:        0 kB
Node 0 FilePmdMapped:        0 kB
Node 0 HugePages_Total:     0
Node 0 HugePages_Free:      0
Node 0 HugePages_Surp:      0

Node 1 MemTotal:       24661580 kB
Node 1 MemFree:        23979316 kB
Node 1 MemUsed:          682264 kB
Node 1 Active:            60852 kB
Node 1 Inactive:          51508 kB
Node 1 Active(anon):      16564 kB
Node 1 Inactive(anon):      380 kB
Node 1 Active(file):      44288 kB
Node 1 Inactive(file):    51128 kB
Node 1 Unevictable:        4552 kB
Node 1 Mlocked:            4552 kB
Node 1 Dirty:               160 kB
Node 1 Writeback:             0 kB
Node 1 FilePages:        100564 kB
Node 1 Mapped:            28608 kB
Node 1 AnonPages:         16348 kB
Node 1 Shmem:               596 kB
Node 1 KernelStack:        2536 kB
Node 1 PageTables:          536 kB
Node 1 NFS_Unstable:          0 kB
Node 1 Bounce:                0 kB
Node 1 WritebackTmp:          0 kB
Node 1 KReclaimable:      24112 kB
Node 1 Slab:              71024 kB
Node 1 SReclaimable:      24112 kB
Node 1 SUnreclaim:        46912 kB
Node 1 AnonHugePages:         0 kB
Node 1 ShmemHugePages:        0 kB
Node 1 ShmemPmdMapped:        0 kB
Node 1 FileHugePages:        0 kB
Node 1 FilePmdMapped:        0 kB
Node 1 HugePages_Total:     0
Node 1 HugePages_Free:      0
Node 1 HugePages_Surp:      0

M.1.manyfio.250M.1.O.1M Complete!
