B.1.huge-simpleread.500M.1.O.1M
Begin
Node 0 MemTotal:       24743736 kB
Node 0 MemFree:        24476320 kB
Node 0 MemUsed:          267416 kB
Node 0 Active:            47552 kB
Node 0 Inactive:          61000 kB
Node 0 Active(anon):      18272 kB
Node 0 Inactive(anon):      444 kB
Node 0 Active(file):      29280 kB
Node 0 Inactive(file):    60556 kB
Node 0 Unevictable:       17708 kB
Node 0 Mlocked:           17708 kB
Node 0 Dirty:                36 kB
Node 0 Writeback:             0 kB
Node 0 FilePages:         97868 kB
Node 0 Mapped:            53972 kB
Node 0 AnonPages:         28988 kB
Node 0 Shmem:               636 kB
Node 0 KernelStack:        2200 kB
Node 0 PageTables:          656 kB
Node 0 NFS_Unstable:          0 kB
Node 0 Bounce:                0 kB
Node 0 WritebackTmp:          0 kB
Node 0 KReclaimable:      17884 kB
Node 0 Slab:              52932 kB
Node 0 SReclaimable:      17884 kB
Node 0 SUnreclaim:        35048 kB
Node 0 AnonHugePages:         0 kB
Node 0 ShmemHugePages:        0 kB
Node 0 ShmemPmdMapped:        0 kB
Node 0 FileHugePages:        0 kB
Node 0 FilePmdMapped:        0 kB
Node 0 HugePages_Total:     0
Node 0 HugePages_Free:      0
Node 0 HugePages_Surp:      0

Node 1 MemTotal:       24686196 kB
Node 1 MemFree:        24312716 kB
Node 1 MemUsed:          373480 kB
Node 1 Active:            49628 kB
Node 1 Inactive:          53540 kB
Node 1 Active(anon):      15388 kB
Node 1 Inactive(anon):      436 kB
Node 1 Active(file):      34240 kB
Node 1 Inactive(file):    53104 kB
Node 1 Unevictable:         812 kB
Node 1 Mlocked:             812 kB
Node 1 Dirty:               380 kB
Node 1 Writeback:             0 kB
Node 1 FilePages:         88932 kB
Node 1 Mapped:            15256 kB
Node 1 AnonPages:         15224 kB
Node 1 Shmem:               632 kB
Node 1 KernelStack:        1448 kB
Node 1 PageTables:          460 kB
Node 1 NFS_Unstable:          0 kB
Node 1 Bounce:                0 kB
Node 1 WritebackTmp:          0 kB
Node 1 KReclaimable:      24652 kB
Node 1 Slab:              55120 kB
Node 1 SReclaimable:      24652 kB
Node 1 SUnreclaim:        30468 kB
Node 1 AnonHugePages:         0 kB
Node 1 ShmemHugePages:        0 kB
Node 1 ShmemPmdMapped:        0 kB
Node 1 FileHugePages:        0 kB
Node 1 FilePmdMapped:        0 kB
Node 1 HugePages_Total:     0
Node 1 HugePages_Free:      0
Node 1 HugePages_Surp:      0

Load ZFS
Node 0 MemTotal:       24743736 kB
Node 0 MemFree:        24449560 kB
Node 0 MemUsed:          294176 kB
Node 0 Active:            61948 kB
Node 0 Inactive:          66968 kB
Node 0 Active(anon):      31984 kB
Node 0 Inactive(anon):      480 kB
Node 0 Active(file):      29964 kB
Node 0 Inactive(file):    66488 kB
Node 0 Unevictable:       17908 kB
Node 0 Mlocked:           17908 kB
Node 0 Dirty:               412 kB
Node 0 Writeback:             0 kB
Node 0 FilePages:        104632 kB
Node 0 Mapped:            56260 kB
Node 0 AnonPages:         42676 kB
Node 0 Shmem:               656 kB
Node 0 KernelStack:        2608 kB
Node 0 PageTables:         1380 kB
Node 0 NFS_Unstable:          0 kB
Node 0 Bounce:                0 kB
Node 0 WritebackTmp:          0 kB
Node 0 KReclaimable:      18380 kB
Node 0 Slab:              56280 kB
Node 0 SReclaimable:      18380 kB
Node 0 SUnreclaim:        37900 kB
Node 0 AnonHugePages:         0 kB
Node 0 ShmemHugePages:        0 kB
Node 0 ShmemPmdMapped:        0 kB
Node 0 FileHugePages:        0 kB
Node 0 FilePmdMapped:        0 kB
Node 0 HugePages_Total:     0
Node 0 HugePages_Free:      0
Node 0 HugePages_Surp:      0

Node 1 MemTotal:       24686196 kB
Node 1 MemFree:        24196580 kB
Node 1 MemUsed:          489616 kB
Node 1 Active:            62464 kB
Node 1 Inactive:         150956 kB
Node 1 Active(anon):      26252 kB
Node 1 Inactive(anon):      456 kB
Node 1 Active(file):      36212 kB
Node 1 Inactive(file):   150500 kB
Node 1 Unevictable:         812 kB
Node 1 Mlocked:             812 kB
Node 1 Dirty:               148 kB
Node 1 Writeback:             0 kB
Node 1 FilePages:        188136 kB
Node 1 Mapped:            18188 kB
Node 1 AnonPages:         25600 kB
Node 1 Shmem:               612 kB
Node 1 KernelStack:        1824 kB
Node 1 PageTables:         1108 kB
Node 1 NFS_Unstable:          0 kB
Node 1 Bounce:                0 kB
Node 1 WritebackTmp:          0 kB
Node 1 KReclaimable:      25812 kB
Node 1 Slab:              59184 kB
Node 1 SReclaimable:      25812 kB
Node 1 SUnreclaim:        33372 kB
Node 1 AnonHugePages:         0 kB
Node 1 ShmemHugePages:        0 kB
Node 1 ShmemPmdMapped:        0 kB
Node 1 FileHugePages:        0 kB
Node 1 FilePmdMapped:        0 kB
Node 1 HugePages_Total:     0
Node 1 HugePages_Free:      0
Node 1 HugePages_Surp:      0

Import tank ZPool
Node 0 MemTotal:       24743736 kB
Node 0 MemFree:        24438592 kB
Node 0 MemUsed:          305144 kB
Node 0 Active:            61744 kB
Node 0 Inactive:          66940 kB
Node 0 Active(anon):      31704 kB
Node 0 Inactive(anon):      484 kB
Node 0 Active(file):      30040 kB
Node 0 Inactive(file):    66456 kB
Node 0 Unevictable:       17940 kB
Node 0 Mlocked:           17940 kB
Node 0 Dirty:               556 kB
Node 0 Writeback:             0 kB
Node 0 FilePages:        104572 kB
Node 0 Mapped:            55624 kB
Node 0 AnonPages:         42088 kB
Node 0 Shmem:               656 kB
Node 0 KernelStack:        3592 kB
Node 0 PageTables:         1484 kB
Node 0 NFS_Unstable:          0 kB
Node 0 Bounce:                0 kB
Node 0 WritebackTmp:          0 kB
Node 0 KReclaimable:      18416 kB
Node 0 Slab:              58580 kB
Node 0 SReclaimable:      18416 kB
Node 0 SUnreclaim:        40164 kB
Node 0 AnonHugePages:         0 kB
Node 0 ShmemHugePages:        0 kB
Node 0 ShmemPmdMapped:        0 kB
Node 0 FileHugePages:        0 kB
Node 0 FilePmdMapped:        0 kB
Node 0 HugePages_Total:     0
Node 0 HugePages_Free:      0
Node 0 HugePages_Surp:      0

Node 1 MemTotal:       24686196 kB
Node 1 MemFree:        24190020 kB
Node 1 MemUsed:          496176 kB
Node 1 Active:            62716 kB
Node 1 Inactive:         152148 kB
Node 1 Active(anon):      26184 kB
Node 1 Inactive(anon):      464 kB
Node 1 Active(file):      36532 kB
Node 1 Inactive(file):   151684 kB
Node 1 Unevictable:         812 kB
Node 1 Mlocked:             812 kB
Node 1 Dirty:                44 kB
Node 1 Writeback:             0 kB
Node 1 FilePages:        189644 kB
Node 1 Mapped:            17736 kB
Node 1 AnonPages:         25832 kB
Node 1 Shmem:               612 kB
Node 1 KernelStack:        1688 kB
Node 1 PageTables:         1148 kB
Node 1 NFS_Unstable:          0 kB
Node 1 Bounce:                0 kB
Node 1 WritebackTmp:          0 kB
Node 1 KReclaimable:      25928 kB
Node 1 Slab:              64540 kB
Node 1 SReclaimable:      25928 kB
Node 1 SUnreclaim:        38612 kB
Node 1 AnonHugePages:         0 kB
Node 1 ShmemHugePages:        0 kB
Node 1 ShmemPmdMapped:        0 kB
Node 1 FileHugePages:        0 kB
Node 1 FilePmdMapped:        0 kB
Node 1 HugePages_Total:     0
Node 1 HugePages_Free:      0
Node 1 HugePages_Surp:      0

After Test
Node 0 MemTotal:       24743736 kB
Node 0 MemFree:        24067088 kB
Node 0 MemUsed:          676648 kB
Node 0 Active:            47908 kB
Node 0 Inactive:          66860 kB
Node 0 Active(anon):      17744 kB
Node 0 Inactive(anon):      480 kB
Node 0 Active(file):      30164 kB
Node 0 Inactive(file):    66380 kB
Node 0 Unevictable:       17940 kB
Node 0 Mlocked:           17940 kB
Node 0 Dirty:               444 kB
Node 0 Writeback:             0 kB
Node 0 FilePages:        104580 kB
Node 0 Mapped:            54204 kB
Node 0 AnonPages:         28124 kB
Node 0 Shmem:               656 kB
Node 0 KernelStack:        3368 kB
Node 0 PageTables:          636 kB
Node 0 NFS_Unstable:          0 kB
Node 0 Bounce:                0 kB
Node 0 WritebackTmp:          0 kB
Node 0 KReclaimable:      18352 kB
Node 0 Slab:              59684 kB
Node 0 SReclaimable:      18352 kB
Node 0 SUnreclaim:        41332 kB
Node 0 AnonHugePages:         0 kB
Node 0 ShmemHugePages:        0 kB
Node 0 ShmemPmdMapped:        0 kB
Node 0 FileHugePages:        0 kB
Node 0 FilePmdMapped:        0 kB
Node 0 HugePages_Total:     0
Node 0 HugePages_Free:      0
Node 0 HugePages_Surp:      0

Node 1 MemTotal:       24686196 kB
Node 1 MemFree:        23425852 kB
Node 1 MemUsed:         1260344 kB
Node 1 Active:            53192 kB
Node 1 Inactive:         249172 kB
Node 1 Active(anon):      15564 kB
Node 1 Inactive(anon):      460 kB
Node 1 Active(file):      37628 kB
Node 1 Inactive(file):   248712 kB
Node 1 Unevictable:         812 kB
Node 1 Mlocked:             812 kB
Node 1 Dirty:                12 kB
Node 1 Writeback:             0 kB
Node 1 FilePages:        287764 kB
Node 1 Mapped:            15364 kB
Node 1 AnonPages:         15332 kB
Node 1 Shmem:               612 kB
Node 1 KernelStack:        1448 kB
Node 1 PageTables:          552 kB
Node 1 NFS_Unstable:          0 kB
Node 1 Bounce:                0 kB
Node 1 WritebackTmp:          0 kB
Node 1 KReclaimable:      26180 kB
Node 1 Slab:              69344 kB
Node 1 SReclaimable:      26180 kB
Node 1 SUnreclaim:        43164 kB
Node 1 AnonHugePages:         0 kB
Node 1 ShmemHugePages:        0 kB
Node 1 ShmemPmdMapped:        0 kB
Node 1 FileHugePages:        0 kB
Node 1 FilePmdMapped:        0 kB
Node 1 HugePages_Total:     0
Node 1 HugePages_Free:      0
Node 1 HugePages_Surp:      0

After Opposite Node
Node 0 MemTotal:       24743736 kB
Node 0 MemFree:        24066744 kB
Node 0 MemUsed:          676992 kB
Node 0 Active:            48440 kB
Node 0 Inactive:          66580 kB
Node 0 Active(anon):      17988 kB
Node 0 Inactive(anon):      480 kB
Node 0 Active(file):      30452 kB
Node 0 Inactive(file):    66100 kB
Node 0 Unevictable:       17940 kB
Node 0 Mlocked:           17940 kB
Node 0 Dirty:               448 kB
Node 0 Writeback:             0 kB
Node 0 FilePages:        104588 kB
Node 0 Mapped:            54208 kB
Node 0 AnonPages:         28572 kB
Node 0 Shmem:               656 kB
Node 0 KernelStack:        3336 kB
Node 0 PageTables:          880 kB
Node 0 NFS_Unstable:          0 kB
Node 0 Bounce:                0 kB
Node 0 WritebackTmp:          0 kB
Node 0 KReclaimable:      18384 kB
Node 0 Slab:              59808 kB
Node 0 SReclaimable:      18384 kB
Node 0 SUnreclaim:        41424 kB
Node 0 AnonHugePages:         0 kB
Node 0 ShmemHugePages:        0 kB
Node 0 ShmemPmdMapped:        0 kB
Node 0 FileHugePages:        0 kB
Node 0 FilePmdMapped:        0 kB
Node 0 HugePages_Total:     0
Node 0 HugePages_Free:      0
Node 0 HugePages_Surp:      0

Node 1 MemTotal:       24686196 kB
Node 1 MemFree:        23426888 kB
Node 1 MemUsed:         1259308 kB
Node 1 Active:            52908 kB
Node 1 Inactive:         249160 kB
Node 1 Active(anon):      15252 kB
Node 1 Inactive(anon):      460 kB
Node 1 Active(file):      37656 kB
Node 1 Inactive(file):   248700 kB
Node 1 Unevictable:         812 kB
Node 1 Mlocked:             812 kB
Node 1 Dirty:                28 kB
Node 1 Writeback:             0 kB
Node 1 FilePages:        287780 kB
Node 1 Mapped:            15372 kB
Node 1 AnonPages:         15152 kB
Node 1 Shmem:               612 kB
Node 1 KernelStack:        1448 kB
Node 1 PageTables:          488 kB
Node 1 NFS_Unstable:          0 kB
Node 1 Bounce:                0 kB
Node 1 WritebackTmp:          0 kB
Node 1 KReclaimable:      26180 kB
Node 1 Slab:              69312 kB
Node 1 SReclaimable:      26180 kB
Node 1 SUnreclaim:        43132 kB
Node 1 AnonHugePages:         0 kB
Node 1 ShmemHugePages:        0 kB
Node 1 ShmemPmdMapped:        0 kB
Node 1 FileHugePages:        0 kB
Node 1 FilePmdMapped:        0 kB
Node 1 HugePages_Total:     0
Node 1 HugePages_Free:      0
Node 1 HugePages_Surp:      0

B.1.huge-simpleread.500M.1.O.1M Complete!
