B.1.huge-simpleread.250M.3.O.1M
Begin
Node 0 MemTotal:       24768352 kB
Node 0 MemFree:        24377684 kB
Node 0 MemUsed:          390668 kB
Node 0 Active:            65732 kB
Node 0 Inactive:          46320 kB
Node 0 Active(anon):      19108 kB
Node 0 Inactive(anon):      316 kB
Node 0 Active(file):      46624 kB
Node 0 Inactive(file):    46004 kB
Node 0 Unevictable:       17984 kB
Node 0 Mlocked:           17984 kB
Node 0 Dirty:                60 kB
Node 0 Writeback:             0 kB
Node 0 FilePages:        100800 kB
Node 0 Mapped:            24372 kB
Node 0 AnonPages:         29272 kB
Node 0 Shmem:               484 kB
Node 0 KernelStack:        1928 kB
Node 0 PageTables:          476 kB
Node 0 NFS_Unstable:          0 kB
Node 0 Bounce:                0 kB
Node 0 WritebackTmp:          0 kB
Node 0 KReclaimable:      21384 kB
Node 0 Slab:              46424 kB
Node 0 SReclaimable:      21384 kB
Node 0 SUnreclaim:        25040 kB
Node 0 AnonHugePages:         0 kB
Node 0 ShmemHugePages:        0 kB
Node 0 ShmemPmdMapped:        0 kB
Node 0 FileHugePages:        0 kB
Node 0 FilePmdMapped:        0 kB
Node 0 HugePages_Total:     0
Node 0 HugePages_Free:      0
Node 0 HugePages_Surp:      0

Node 1 MemTotal:       24661580 kB
Node 1 MemFree:        24426348 kB
Node 1 MemUsed:          235232 kB
Node 1 Active:            31340 kB
Node 1 Inactive:          55508 kB
Node 1 Active(anon):      14460 kB
Node 1 Inactive(anon):      556 kB
Node 1 Active(file):      16880 kB
Node 1 Inactive(file):    54952 kB
Node 1 Unevictable:         536 kB
Node 1 Mlocked:             536 kB
Node 1 Dirty:               284 kB
Node 1 Writeback:             0 kB
Node 1 FilePages:         73168 kB
Node 1 Mapped:            41704 kB
Node 1 AnonPages:         14300 kB
Node 1 Shmem:               784 kB
Node 1 KernelStack:        1672 kB
Node 1 PageTables:          684 kB
Node 1 NFS_Unstable:          0 kB
Node 1 Bounce:                0 kB
Node 1 WritebackTmp:          0 kB
Node 1 KReclaimable:      20128 kB
Node 1 Slab:              61044 kB
Node 1 SReclaimable:      20128 kB
Node 1 SUnreclaim:        40916 kB
Node 1 AnonHugePages:         0 kB
Node 1 ShmemHugePages:        0 kB
Node 1 ShmemPmdMapped:        0 kB
Node 1 FileHugePages:        0 kB
Node 1 FilePmdMapped:        0 kB
Node 1 HugePages_Total:     0
Node 1 HugePages_Free:      0
Node 1 HugePages_Surp:      0

Load ZFS
Node 0 MemTotal:       24768352 kB
Node 0 MemFree:        24473504 kB
Node 0 MemUsed:          294848 kB
Node 0 Active:            81704 kB
Node 0 Inactive:          62760 kB
Node 0 Active(anon):      33660 kB
Node 0 Inactive(anon):      452 kB
Node 0 Active(file):      48044 kB
Node 0 Inactive(file):    62308 kB
Node 0 Unevictable:       18200 kB
Node 0 Mlocked:           18200 kB
Node 0 Dirty:                80 kB
Node 0 Writeback:             0 kB
Node 0 FilePages:        118780 kB
Node 0 Mapped:            26740 kB
Node 0 AnonPages:         43240 kB
Node 0 Shmem:               632 kB
Node 0 KernelStack:        2380 kB
Node 0 PageTables:         1704 kB
Node 0 NFS_Unstable:          0 kB
Node 0 Bounce:                0 kB
Node 0 WritebackTmp:          0 kB
Node 0 KReclaimable:      21904 kB
Node 0 Slab:              49800 kB
Node 0 SReclaimable:      21904 kB
Node 0 SUnreclaim:        27896 kB
Node 0 AnonHugePages:         0 kB
Node 0 ShmemHugePages:        0 kB
Node 0 ShmemPmdMapped:        0 kB
Node 0 FileHugePages:        0 kB
Node 0 FilePmdMapped:        0 kB
Node 0 HugePages_Total:     0
Node 0 HugePages_Free:      0
Node 0 HugePages_Surp:      0

Node 1 MemTotal:       24661580 kB
Node 1 MemFree:        24186080 kB
Node 1 MemUsed:          475500 kB
Node 1 Active:            44392 kB
Node 1 Inactive:         142564 kB
Node 1 Active(anon):      26668 kB
Node 1 Inactive(anon):      484 kB
Node 1 Active(file):      17724 kB
Node 1 Inactive(file):   142080 kB
Node 1 Unevictable:         536 kB
Node 1 Mlocked:             536 kB
Node 1 Dirty:               520 kB
Node 1 Writeback:             0 kB
Node 1 FilePages:        160976 kB
Node 1 Mapped:            43960 kB
Node 1 AnonPages:         26156 kB
Node 1 Shmem:               636 kB
Node 1 KernelStack:        1896 kB
Node 1 PageTables:         1072 kB
Node 1 NFS_Unstable:          0 kB
Node 1 Bounce:                0 kB
Node 1 WritebackTmp:          0 kB
Node 1 KReclaimable:      21128 kB
Node 1 Slab:              63948 kB
Node 1 SReclaimable:      21128 kB
Node 1 SUnreclaim:        42820 kB
Node 1 AnonHugePages:         0 kB
Node 1 ShmemHugePages:        0 kB
Node 1 ShmemPmdMapped:        0 kB
Node 1 FileHugePages:        0 kB
Node 1 FilePmdMapped:        0 kB
Node 1 HugePages_Total:     0
Node 1 HugePages_Free:      0
Node 1 HugePages_Surp:      0

Import tank ZPool
Node 0 MemTotal:       24768352 kB
Node 0 MemFree:        24487468 kB
Node 0 MemUsed:          280884 kB
Node 0 Active:            68208 kB
Node 0 Inactive:          62440 kB
Node 0 Active(anon):      19724 kB
Node 0 Inactive(anon):      460 kB
Node 0 Active(file):      48484 kB
Node 0 Inactive(file):    61980 kB
Node 0 Unevictable:       18216 kB
Node 0 Mlocked:           18216 kB
Node 0 Dirty:                28 kB
Node 0 Writeback:             0 kB
Node 0 FilePages:        118756 kB
Node 0 Mapped:            24432 kB
Node 0 AnonPages:         29968 kB
Node 0 Shmem:               636 kB
Node 0 KernelStack:        1992 kB
Node 0 PageTables:          648 kB
Node 0 NFS_Unstable:          0 kB
Node 0 Bounce:                0 kB
Node 0 WritebackTmp:          0 kB
Node 0 KReclaimable:      21992 kB
Node 0 Slab:              50828 kB
Node 0 SReclaimable:      21992 kB
Node 0 SUnreclaim:        28836 kB
Node 0 AnonHugePages:         0 kB
Node 0 ShmemHugePages:        0 kB
Node 0 ShmemPmdMapped:        0 kB
Node 0 FileHugePages:        0 kB
Node 0 FilePmdMapped:        0 kB
Node 0 HugePages_Total:     0
Node 0 HugePages_Free:      0
Node 0 HugePages_Surp:      0

Node 1 MemTotal:       24661580 kB
Node 1 MemFree:        24177744 kB
Node 1 MemUsed:          483836 kB
Node 1 Active:            33148 kB
Node 1 Inactive:         143216 kB
Node 1 Active(anon):      14340 kB
Node 1 Inactive(anon):      488 kB
Node 1 Active(file):      18808 kB
Node 1 Inactive(file):   142728 kB
Node 1 Unevictable:         536 kB
Node 1 Mlocked:             536 kB
Node 1 Dirty:                96 kB
Node 1 Writeback:             8 kB
Node 1 FilePages:        162428 kB
Node 1 Mapped:            41912 kB
Node 1 AnonPages:         13980 kB
Node 1 Shmem:               632 kB
Node 1 KernelStack:        2776 kB
Node 1 PageTables:          748 kB
Node 1 NFS_Unstable:          0 kB
Node 1 Bounce:                0 kB
Node 1 WritebackTmp:          0 kB
Node 1 KReclaimable:      21244 kB
Node 1 Slab:              69884 kB
Node 1 SReclaimable:      21244 kB
Node 1 SUnreclaim:        48640 kB
Node 1 AnonHugePages:         0 kB
Node 1 ShmemHugePages:        0 kB
Node 1 ShmemPmdMapped:        0 kB
Node 1 FileHugePages:        0 kB
Node 1 FilePmdMapped:        0 kB
Node 1 HugePages_Total:     0
Node 1 HugePages_Free:      0
Node 1 HugePages_Surp:      0

After Test
Node 0 MemTotal:       24768352 kB
Node 0 MemFree:        24488652 kB
Node 0 MemUsed:          279700 kB
Node 0 Active:            67720 kB
Node 0 Inactive:          62392 kB
Node 0 Active(anon):      19188 kB
Node 0 Inactive(anon):      460 kB
Node 0 Active(file):      48532 kB
Node 0 Inactive(file):    61932 kB
Node 0 Unevictable:       18216 kB
Node 0 Mlocked:           18216 kB
Node 0 Dirty:                32 kB
Node 0 Writeback:             0 kB
Node 0 FilePages:        118756 kB
Node 0 Mapped:            24424 kB
Node 0 AnonPages:         29568 kB
Node 0 Shmem:               636 kB
Node 0 KernelStack:        1992 kB
Node 0 PageTables:          496 kB
Node 0 NFS_Unstable:          0 kB
Node 0 Bounce:                0 kB
Node 0 WritebackTmp:          0 kB
Node 0 KReclaimable:      21992 kB
Node 0 Slab:              50864 kB
Node 0 SReclaimable:      21992 kB
Node 0 SUnreclaim:        28872 kB
Node 0 AnonHugePages:         0 kB
Node 0 ShmemHugePages:        0 kB
Node 0 ShmemPmdMapped:        0 kB
Node 0 FileHugePages:        0 kB
Node 0 FilePmdMapped:        0 kB
Node 0 HugePages_Total:     0
Node 0 HugePages_Free:      0
Node 0 HugePages_Surp:      0

Node 1 MemTotal:       24661580 kB
Node 1 MemFree:        23549512 kB
Node 1 MemUsed:         1112068 kB
Node 1 Active:            33672 kB
Node 1 Inactive:         240692 kB
Node 1 Active(anon):      14408 kB
Node 1 Inactive(anon):      488 kB
Node 1 Active(file):      19264 kB
Node 1 Inactive(file):   240204 kB
Node 1 Unevictable:         536 kB
Node 1 Mlocked:             536 kB
Node 1 Dirty:               104 kB
Node 1 Writeback:             0 kB
Node 1 FilePages:        260636 kB
Node 1 Mapped:            41732 kB
Node 1 AnonPages:         14104 kB
Node 1 Shmem:               632 kB
Node 1 KernelStack:        2776 kB
Node 1 PageTables:          884 kB
Node 1 NFS_Unstable:          0 kB
Node 1 Bounce:                0 kB
Node 1 WritebackTmp:          0 kB
Node 1 KReclaimable:      21496 kB
Node 1 Slab:              73312 kB
Node 1 SReclaimable:      21496 kB
Node 1 SUnreclaim:        51816 kB
Node 1 AnonHugePages:         0 kB
Node 1 ShmemHugePages:        0 kB
Node 1 ShmemPmdMapped:        0 kB
Node 1 FileHugePages:        0 kB
Node 1 FilePmdMapped:        0 kB
Node 1 HugePages_Total:     0
Node 1 HugePages_Free:      0
Node 1 HugePages_Surp:      0

After Opposite Node
Node 0 MemTotal:       24768352 kB
Node 0 MemFree:        24487740 kB
Node 0 MemUsed:          280612 kB
Node 0 Active:            68220 kB
Node 0 Inactive:          62116 kB
Node 0 Active(anon):      19408 kB
Node 0 Inactive(anon):      456 kB
Node 0 Active(file):      48812 kB
Node 0 Inactive(file):    61660 kB
Node 0 Unevictable:       18216 kB
Node 0 Mlocked:           18216 kB
Node 0 Dirty:                36 kB
Node 0 Writeback:             0 kB
Node 0 FilePages:        118764 kB
Node 0 Mapped:            24464 kB
Node 0 AnonPages:         29708 kB
Node 0 Shmem:               636 kB
Node 0 KernelStack:        1976 kB
Node 0 PageTables:          616 kB
Node 0 NFS_Unstable:          0 kB
Node 0 Bounce:                0 kB
Node 0 WritebackTmp:          0 kB
Node 0 KReclaimable:      22032 kB
Node 0 Slab:              50972 kB
Node 0 SReclaimable:      22032 kB
Node 0 SUnreclaim:        28940 kB
Node 0 AnonHugePages:         0 kB
Node 0 ShmemHugePages:        0 kB
Node 0 ShmemPmdMapped:        0 kB
Node 0 FileHugePages:        0 kB
Node 0 FilePmdMapped:        0 kB
Node 0 HugePages_Total:     0
Node 0 HugePages_Free:      0
Node 0 HugePages_Surp:      0

Node 1 MemTotal:       24661580 kB
Node 1 MemFree:        23549236 kB
Node 1 MemUsed:         1112344 kB
Node 1 Active:            33160 kB
Node 1 Inactive:         240664 kB
Node 1 Active(anon):      13856 kB
Node 1 Inactive(anon):      484 kB
Node 1 Active(file):      19304 kB
Node 1 Inactive(file):   240180 kB
Node 1 Unevictable:         536 kB
Node 1 Mlocked:             536 kB
Node 1 Dirty:               132 kB
Node 1 Writeback:             0 kB
Node 1 FilePages:        260660 kB
Node 1 Mapped:            41732 kB
Node 1 AnonPages:         13760 kB
Node 1 Shmem:               632 kB
Node 1 KernelStack:        2728 kB
Node 1 PageTables:          616 kB
Node 1 NFS_Unstable:          0 kB
Node 1 Bounce:                0 kB
Node 1 WritebackTmp:          0 kB
Node 1 KReclaimable:      21508 kB
Node 1 Slab:              73400 kB
Node 1 SReclaimable:      21508 kB
Node 1 SUnreclaim:        51892 kB
Node 1 AnonHugePages:         0 kB
Node 1 ShmemHugePages:        0 kB
Node 1 ShmemPmdMapped:        0 kB
Node 1 FileHugePages:        0 kB
Node 1 FilePmdMapped:        0 kB
Node 1 HugePages_Total:     0
Node 1 HugePages_Free:      0
Node 1 HugePages_Surp:      0

B.1.huge-simpleread.250M.3.O.1M Complete!
