B.1.huge-simpleread.250M.2.O.1M
Begin
Node 0 MemTotal:       24768352 kB
Node 0 MemFree:        24537068 kB
Node 0 MemUsed:          231284 kB
Node 0 Active:            57624 kB
Node 0 Inactive:          23412 kB
Node 0 Active(anon):      14412 kB
Node 0 Inactive(anon):      432 kB
Node 0 Active(file):      43212 kB
Node 0 Inactive(file):    22980 kB
Node 0 Unevictable:       17860 kB
Node 0 Mlocked:           17860 kB
Node 0 Dirty:               368 kB
Node 0 Writeback:             0 kB
Node 0 FilePages:         74544 kB
Node 0 Mapped:            24596 kB
Node 0 AnonPages:         24612 kB
Node 0 Shmem:               644 kB
Node 0 KernelStack:        1752 kB
Node 0 PageTables:          540 kB
Node 0 NFS_Unstable:          0 kB
Node 0 Bounce:                0 kB
Node 0 WritebackTmp:          0 kB
Node 0 KReclaimable:      23212 kB
Node 0 Slab:              52052 kB
Node 0 SReclaimable:      23212 kB
Node 0 SUnreclaim:        28840 kB
Node 0 AnonHugePages:         0 kB
Node 0 ShmemHugePages:        0 kB
Node 0 ShmemPmdMapped:        0 kB
Node 0 FileHugePages:        0 kB
Node 0 FilePmdMapped:        0 kB
Node 0 HugePages_Total:     0
Node 0 HugePages_Free:      0
Node 0 HugePages_Surp:      0

Node 1 MemTotal:       24661580 kB
Node 1 MemFree:        24281704 kB
Node 1 MemUsed:          379876 kB
Node 1 Active:            36736 kB
Node 1 Inactive:          68052 kB
Node 1 Active(anon):      19376 kB
Node 1 Inactive(anon):      428 kB
Node 1 Active(file):      17360 kB
Node 1 Inactive(file):    67624 kB
Node 1 Unevictable:         660 kB
Node 1 Mlocked:             660 kB
Node 1 Dirty:               148 kB
Node 1 Writeback:             0 kB
Node 1 FilePages:         86268 kB
Node 1 Mapped:            23732 kB
Node 1 AnonPages:         19220 kB
Node 1 Shmem:               624 kB
Node 1 KernelStack:        1880 kB
Node 1 PageTables:          532 kB
Node 1 NFS_Unstable:          0 kB
Node 1 Bounce:                0 kB
Node 1 WritebackTmp:          0 kB
Node 1 KReclaimable:      18804 kB
Node 1 Slab:              54656 kB
Node 1 SReclaimable:      18804 kB
Node 1 SUnreclaim:        35852 kB
Node 1 AnonHugePages:         0 kB
Node 1 ShmemHugePages:        0 kB
Node 1 ShmemPmdMapped:        0 kB
Node 1 FileHugePages:        0 kB
Node 1 FilePmdMapped:        0 kB
Node 1 HugePages_Total:     0
Node 1 HugePages_Free:      0
Node 1 HugePages_Surp:      0

Load ZFS
Node 0 MemTotal:       24768352 kB
Node 0 MemFree:        24508656 kB
Node 0 MemUsed:          259696 kB
Node 0 Active:            75872 kB
Node 0 Inactive:          26076 kB
Node 0 Active(anon):      31148 kB
Node 0 Inactive(anon):      120 kB
Node 0 Active(file):      44724 kB
Node 0 Inactive(file):    25956 kB
Node 0 Unevictable:       17860 kB
Node 0 Mlocked:           17860 kB
Node 0 Dirty:               364 kB
Node 0 Writeback:             4 kB
Node 0 FilePages:         79048 kB
Node 0 Mapped:            28060 kB
Node 0 AnonPages:         41064 kB
Node 0 Shmem:               548 kB
Node 0 KernelStack:        2436 kB
Node 0 PageTables:         2224 kB
Node 0 NFS_Unstable:          0 kB
Node 0 Bounce:                0 kB
Node 0 WritebackTmp:          0 kB
Node 0 KReclaimable:      23708 kB
Node 0 Slab:              55712 kB
Node 0 SReclaimable:      23708 kB
Node 0 SUnreclaim:        32004 kB
Node 0 AnonHugePages:         0 kB
Node 0 ShmemHugePages:        0 kB
Node 0 ShmemPmdMapped:        0 kB
Node 0 FileHugePages:        0 kB
Node 0 FilePmdMapped:        0 kB
Node 0 HugePages_Total:     0
Node 0 HugePages_Free:      0
Node 0 HugePages_Surp:      0

Node 1 MemTotal:       24661580 kB
Node 1 MemFree:        24165552 kB
Node 1 MemUsed:          496028 kB
Node 1 Active:            46996 kB
Node 1 Inactive:         168112 kB
Node 1 Active(anon):      28612 kB
Node 1 Inactive(anon):      280 kB
Node 1 Active(file):      18384 kB
Node 1 Inactive(file):   167832 kB
Node 1 Unevictable:         660 kB
Node 1 Mlocked:             660 kB
Node 1 Dirty:               172 kB
Node 1 Writeback:             0 kB
Node 1 FilePages:        187620 kB
Node 1 Mapped:            25816 kB
Node 1 AnonPages:         28460 kB
Node 1 Shmem:               720 kB
Node 1 KernelStack:        2116 kB
Node 1 PageTables:         1096 kB
Node 1 NFS_Unstable:          0 kB
Node 1 Bounce:                0 kB
Node 1 WritebackTmp:          0 kB
Node 1 KReclaimable:      19528 kB
Node 1 Slab:              57980 kB
Node 1 SReclaimable:      19528 kB
Node 1 SUnreclaim:        38452 kB
Node 1 AnonHugePages:         0 kB
Node 1 ShmemHugePages:        0 kB
Node 1 ShmemPmdMapped:        0 kB
Node 1 FileHugePages:        0 kB
Node 1 FilePmdMapped:        0 kB
Node 1 HugePages_Total:     0
Node 1 HugePages_Free:      0
Node 1 HugePages_Surp:      0

Import tank ZPool
Node 0 MemTotal:       24768352 kB
Node 0 MemFree:        24513540 kB
Node 0 MemUsed:          254812 kB
Node 0 Active:            60208 kB
Node 0 Inactive:          27396 kB
Node 0 Active(anon):      14560 kB
Node 0 Inactive(anon):      432 kB
Node 0 Active(file):      45648 kB
Node 0 Inactive(file):    26964 kB
Node 0 Unevictable:       18092 kB
Node 0 Mlocked:           18092 kB
Node 0 Dirty:               196 kB
Node 0 Writeback:             0 kB
Node 0 FilePages:         80732 kB
Node 0 Mapped:            24836 kB
Node 0 AnonPages:         25288 kB
Node 0 Shmem:               588 kB
Node 0 KernelStack:        1896 kB
Node 0 PageTables:          796 kB
Node 0 NFS_Unstable:          0 kB
Node 0 Bounce:                0 kB
Node 0 WritebackTmp:          0 kB
Node 0 KReclaimable:      23968 kB
Node 0 Slab:              61248 kB
Node 0 SReclaimable:      23968 kB
Node 0 SUnreclaim:        37280 kB
Node 0 AnonHugePages:         0 kB
Node 0 ShmemHugePages:        0 kB
Node 0 ShmemPmdMapped:        0 kB
Node 0 FileHugePages:        0 kB
Node 0 FilePmdMapped:        0 kB
Node 0 HugePages_Total:     0
Node 0 HugePages_Free:      0
Node 0 HugePages_Surp:      0

Node 1 MemTotal:       24661580 kB
Node 1 MemFree:        24165832 kB
Node 1 MemUsed:          495748 kB
Node 1 Active:            38600 kB
Node 1 Inactive:         168044 kB
Node 1 Active(anon):      20060 kB
Node 1 Inactive(anon):      516 kB
Node 1 Active(file):      18540 kB
Node 1 Inactive(file):   167528 kB
Node 1 Unevictable:         660 kB
Node 1 Mlocked:             660 kB
Node 1 Dirty:               456 kB
Node 1 Writeback:             0 kB
Node 1 FilePages:        187408 kB
Node 1 Mapped:            23804 kB
Node 1 AnonPages:         19468 kB
Node 1 Shmem:               680 kB
Node 1 KernelStack:        2936 kB
Node 1 PageTables:          620 kB
Node 1 NFS_Unstable:          0 kB
Node 1 Bounce:                0 kB
Node 1 WritebackTmp:          0 kB
Node 1 KReclaimable:      19768 kB
Node 1 Slab:              59380 kB
Node 1 SReclaimable:      19768 kB
Node 1 SUnreclaim:        39612 kB
Node 1 AnonHugePages:         0 kB
Node 1 ShmemHugePages:        0 kB
Node 1 ShmemPmdMapped:        0 kB
Node 1 FileHugePages:        0 kB
Node 1 FilePmdMapped:        0 kB
Node 1 HugePages_Total:     0
Node 1 HugePages_Free:      0
Node 1 HugePages_Surp:      0

After Test
Node 0 MemTotal:       24768352 kB
Node 0 MemFree:        24323360 kB
Node 0 MemUsed:          444992 kB
Node 0 Active:            60120 kB
Node 0 Inactive:          27084 kB
Node 0 Active(anon):      14132 kB
Node 0 Inactive(anon):      428 kB
Node 0 Active(file):      45988 kB
Node 0 Inactive(file):    26656 kB
Node 0 Unevictable:       18092 kB
Node 0 Mlocked:           18092 kB
Node 0 Dirty:               120 kB
Node 0 Writeback:             0 kB
Node 0 FilePages:         80764 kB
Node 0 Mapped:            24892 kB
Node 0 AnonPages:         24532 kB
Node 0 Shmem:               588 kB
Node 0 KernelStack:        1848 kB
Node 0 PageTables:          512 kB
Node 0 NFS_Unstable:          0 kB
Node 0 Bounce:                0 kB
Node 0 WritebackTmp:          0 kB
Node 0 KReclaimable:      23968 kB
Node 0 Slab:              61444 kB
Node 0 SReclaimable:      23968 kB
Node 0 SUnreclaim:        37476 kB
Node 0 AnonHugePages:         0 kB
Node 0 ShmemHugePages:        0 kB
Node 0 ShmemPmdMapped:        0 kB
Node 0 FileHugePages:        0 kB
Node 0 FilePmdMapped:        0 kB
Node 0 HugePages_Total:     0
Node 0 HugePages_Free:      0
Node 0 HugePages_Surp:      0

Node 1 MemTotal:       24661580 kB
Node 1 MemFree:        23728708 kB
Node 1 MemUsed:          932872 kB
Node 1 Active:            38588 kB
Node 1 Inactive:         265720 kB
Node 1 Active(anon):      19640 kB
Node 1 Inactive(anon):      512 kB
Node 1 Active(file):      18948 kB
Node 1 Inactive(file):   265208 kB
Node 1 Unevictable:         660 kB
Node 1 Mlocked:             660 kB
Node 1 Dirty:               428 kB
Node 1 Writeback:             0 kB
Node 1 FilePages:        285496 kB
Node 1 Mapped:            23776 kB
Node 1 AnonPages:         19524 kB
Node 1 Shmem:               680 kB
Node 1 KernelStack:        2952 kB
Node 1 PageTables:          796 kB
Node 1 NFS_Unstable:          0 kB
Node 1 Bounce:                0 kB
Node 1 WritebackTmp:          0 kB
Node 1 KReclaimable:      20064 kB
Node 1 Slab:              62500 kB
Node 1 SReclaimable:      20064 kB
Node 1 SUnreclaim:        42436 kB
Node 1 AnonHugePages:         0 kB
Node 1 ShmemHugePages:        0 kB
Node 1 ShmemPmdMapped:        0 kB
Node 1 FileHugePages:        0 kB
Node 1 FilePmdMapped:        0 kB
Node 1 HugePages_Total:     0
Node 1 HugePages_Free:      0
Node 1 HugePages_Surp:      0

After Opposite Node
Node 0 MemTotal:       24768352 kB
Node 0 MemFree:        24322268 kB
Node 0 MemUsed:          446084 kB
Node 0 Active:            60764 kB
Node 0 Inactive:          26848 kB
Node 0 Active(anon):      14520 kB
Node 0 Inactive(anon):      428 kB
Node 0 Active(file):      46244 kB
Node 0 Inactive(file):    26420 kB
Node 0 Unevictable:       18092 kB
Node 0 Mlocked:           18092 kB
Node 0 Dirty:               140 kB
Node 0 Writeback:             0 kB
Node 0 FilePages:         80792 kB
Node 0 Mapped:            24680 kB
Node 0 AnonPages:         24840 kB
Node 0 Shmem:               588 kB
Node 0 KernelStack:        1832 kB
Node 0 PageTables:          572 kB
Node 0 NFS_Unstable:          0 kB
Node 0 Bounce:                0 kB
Node 0 WritebackTmp:          0 kB
Node 0 KReclaimable:      23968 kB
Node 0 Slab:              61524 kB
Node 0 SReclaimable:      23968 kB
Node 0 SUnreclaim:        37556 kB
Node 0 AnonHugePages:         0 kB
Node 0 ShmemHugePages:        0 kB
Node 0 ShmemPmdMapped:        0 kB
Node 0 FileHugePages:        0 kB
Node 0 FilePmdMapped:        0 kB
Node 0 HugePages_Total:     0
Node 0 HugePages_Free:      0
Node 0 HugePages_Surp:      0

Node 1 MemTotal:       24661580 kB
Node 1 MemFree:        23728956 kB
Node 1 MemUsed:          932624 kB
Node 1 Active:            38316 kB
Node 1 Inactive:         265684 kB
Node 1 Active(anon):      19328 kB
Node 1 Inactive(anon):      512 kB
Node 1 Active(file):      18988 kB
Node 1 Inactive(file):   265172 kB
Node 1 Unevictable:         660 kB
Node 1 Mlocked:             660 kB
Node 1 Dirty:               440 kB
Node 1 Writeback:             0 kB
Node 1 FilePages:        285500 kB
Node 1 Mapped:            23776 kB
Node 1 AnonPages:         19160 kB
Node 1 Shmem:               680 kB
Node 1 KernelStack:        2904 kB
Node 1 PageTables:          532 kB
Node 1 NFS_Unstable:          0 kB
Node 1 Bounce:                0 kB
Node 1 WritebackTmp:          0 kB
Node 1 KReclaimable:      20064 kB
Node 1 Slab:              62500 kB
Node 1 SReclaimable:      20064 kB
Node 1 SUnreclaim:        42436 kB
Node 1 AnonHugePages:         0 kB
Node 1 ShmemHugePages:        0 kB
Node 1 ShmemPmdMapped:        0 kB
Node 1 FileHugePages:        0 kB
Node 1 FilePmdMapped:        0 kB
Node 1 HugePages_Total:     0
Node 1 HugePages_Free:      0
Node 1 HugePages_Surp:      0

B.1.huge-simpleread.250M.2.O.1M Complete!
