kernel.numa_balancing = 0
B.1.fio.500M.3.O.1M
Begin
Node 0 MemTotal:       24743736 kB
Node 0 MemFree:        24392104 kB
Node 0 MemUsed:          351632 kB
Node 0 Active:            54060 kB
Node 0 Inactive:          30736 kB
Node 0 Active(anon):      15132 kB
Node 0 Inactive(anon):      508 kB
Node 0 Active(file):      38928 kB
Node 0 Inactive(file):    30228 kB
Node 0 Unevictable:         876 kB
Node 0 Mlocked:             876 kB
Node 0 Dirty:                32 kB
Node 0 Writeback:             0 kB
Node 0 FilePages:         70808 kB
Node 0 Mapped:            16156 kB
Node 0 AnonPages:         14956 kB
Node 0 Shmem:               728 kB
Node 0 KernelStack:        1928 kB
Node 0 PageTables:          432 kB
Node 0 NFS_Unstable:          0 kB
Node 0 Bounce:                0 kB
Node 0 WritebackTmp:          0 kB
Node 0 KReclaimable:      17456 kB
Node 0 Slab:              49596 kB
Node 0 SReclaimable:      17456 kB
Node 0 SUnreclaim:        32140 kB
Node 0 AnonHugePages:         0 kB
Node 0 ShmemHugePages:        0 kB
Node 0 ShmemPmdMapped:        0 kB
Node 0 FileHugePages:        0 kB
Node 0 FilePmdMapped:        0 kB
Node 0 HugePages_Total:     0
Node 0 HugePages_Free:      0
Node 0 HugePages_Surp:      0

Node 1 MemTotal:       24686196 kB
Node 1 MemFree:        24430400 kB
Node 1 MemUsed:          255796 kB
Node 1 Active:            41760 kB
Node 1 Inactive:          57236 kB
Node 1 Active(anon):      18612 kB
Node 1 Inactive(anon):      380 kB
Node 1 Active(file):      23148 kB
Node 1 Inactive(file):    56856 kB
Node 1 Unevictable:       17648 kB
Node 1 Mlocked:           17648 kB
Node 1 Dirty:               464 kB
Node 1 Writeback:             0 kB
Node 1 FilePages:         87860 kB
Node 1 Mapped:            26836 kB
Node 1 AnonPages:         28892 kB
Node 1 Shmem:               540 kB
Node 1 KernelStack:        1736 kB
Node 1 PageTables:          656 kB
Node 1 NFS_Unstable:          0 kB
Node 1 Bounce:                0 kB
Node 1 WritebackTmp:          0 kB
Node 1 KReclaimable:      23672 kB
Node 1 Slab:              54528 kB
Node 1 SReclaimable:      23672 kB
Node 1 SUnreclaim:        30856 kB
Node 1 AnonHugePages:         0 kB
Node 1 ShmemHugePages:        0 kB
Node 1 ShmemPmdMapped:        0 kB
Node 1 FileHugePages:        0 kB
Node 1 FilePmdMapped:        0 kB
Node 1 HugePages_Total:     0
Node 1 HugePages_Free:      0
Node 1 HugePages_Surp:      0

Load ZFS
Node 0 MemTotal:       24743736 kB
Node 0 MemFree:        24507776 kB
Node 0 MemUsed:          235960 kB
Node 0 Active:            67372 kB
Node 0 Inactive:          34020 kB
Node 0 Active(anon):      26816 kB
Node 0 Inactive(anon):      504 kB
Node 0 Active(file):      40556 kB
Node 0 Inactive(file):    33516 kB
Node 0 Unevictable:         876 kB
Node 0 Mlocked:             876 kB
Node 0 Dirty:                44 kB
Node 0 Writeback:             0 kB
Node 0 FilePages:         75640 kB
Node 0 Mapped:            18824 kB
Node 0 AnonPages:         26792 kB
Node 0 Shmem:               692 kB
Node 0 KernelStack:        1992 kB
Node 0 PageTables:         1192 kB
Node 0 NFS_Unstable:          0 kB
Node 0 Bounce:                0 kB
Node 0 WritebackTmp:          0 kB
Node 0 KReclaimable:      18184 kB
Node 0 Slab:              51900 kB
Node 0 SReclaimable:      18184 kB
Node 0 SUnreclaim:        33716 kB
Node 0 AnonHugePages:         0 kB
Node 0 ShmemHugePages:        0 kB
Node 0 ShmemPmdMapped:        0 kB
Node 0 FileHugePages:        0 kB
Node 0 FilePmdMapped:        0 kB
Node 0 HugePages_Total:     0
Node 0 HugePages_Free:      0
Node 0 HugePages_Surp:      0

Node 1 MemTotal:       24686196 kB
Node 1 MemFree:        24168824 kB
Node 1 MemUsed:          517372 kB
Node 1 Active:            57248 kB
Node 1 Inactive:         157416 kB
Node 1 Active(anon):      33312 kB
Node 1 Inactive(anon):      444 kB
Node 1 Active(file):      23936 kB
Node 1 Inactive(file):   156972 kB
Node 1 Unevictable:       17864 kB
Node 1 Mlocked:           17864 kB
Node 1 Dirty:               472 kB
Node 1 Writeback:             0 kB
Node 1 FilePages:        188800 kB
Node 1 Mapped:            28156 kB
Node 1 AnonPages:         43436 kB
Node 1 Shmem:               576 kB
Node 1 KernelStack:        2324 kB
Node 1 PageTables:         1780 kB
Node 1 NFS_Unstable:          0 kB
Node 1 Bounce:                0 kB
Node 1 WritebackTmp:          0 kB
Node 1 KReclaimable:      24696 kB
Node 1 Slab:              59808 kB
Node 1 SReclaimable:      24696 kB
Node 1 SUnreclaim:        35112 kB
Node 1 AnonHugePages:         0 kB
Node 1 ShmemHugePages:        0 kB
Node 1 ShmemPmdMapped:        0 kB
Node 1 FileHugePages:        0 kB
Node 1 FilePmdMapped:        0 kB
Node 1 HugePages_Total:     0
Node 1 HugePages_Free:      0
Node 1 HugePages_Surp:      0

Import tank ZPool
Node 0 MemTotal:       24743736 kB
Node 0 MemFree:        24502472 kB
Node 0 MemUsed:          241264 kB
Node 0 Active:            67696 kB
Node 0 Inactive:          35260 kB
Node 0 Active(anon):      26692 kB
Node 0 Inactive(anon):      512 kB
Node 0 Active(file):      41004 kB
Node 0 Inactive(file):    34748 kB
Node 0 Unevictable:         876 kB
Node 0 Mlocked:             876 kB
Node 0 Dirty:                56 kB
Node 0 Writeback:             0 kB
Node 0 FilePages:         77344 kB
Node 0 Mapped:            18788 kB
Node 0 AnonPages:         26572 kB
Node 0 Shmem:               696 kB
Node 0 KernelStack:        1960 kB
Node 0 PageTables:          724 kB
Node 0 NFS_Unstable:          0 kB
Node 0 Bounce:                0 kB
Node 0 WritebackTmp:          0 kB
Node 0 KReclaimable:      18292 kB
Node 0 Slab:              56588 kB
Node 0 SReclaimable:      18292 kB
Node 0 SUnreclaim:        38296 kB
Node 0 AnonHugePages:         0 kB
Node 0 ShmemHugePages:        0 kB
Node 0 ShmemPmdMapped:        0 kB
Node 0 FileHugePages:        0 kB
Node 0 FilePmdMapped:        0 kB
Node 0 HugePages_Total:     0
Node 0 HugePages_Free:      0
Node 0 HugePages_Surp:      0

Node 1 MemTotal:       24686196 kB
Node 1 MemFree:        24156656 kB
Node 1 MemUsed:          529540 kB
Node 1 Active:            57008 kB
Node 1 Inactive:         157416 kB
Node 1 Active(anon):      33072 kB
Node 1 Inactive(anon):      440 kB
Node 1 Active(file):      23936 kB
Node 1 Inactive(file):   156976 kB
Node 1 Unevictable:       17880 kB
Node 1 Mlocked:           17880 kB
Node 1 Dirty:               520 kB
Node 1 Writeback:             0 kB
Node 1 FilePages:        188832 kB
Node 1 Mapped:            28132 kB
Node 1 AnonPages:         43500 kB
Node 1 Shmem:               572 kB
Node 1 KernelStack:        3352 kB
Node 1 PageTables:         1756 kB
Node 1 NFS_Unstable:          0 kB
Node 1 Bounce:                0 kB
Node 1 WritebackTmp:          0 kB
Node 1 KReclaimable:      24700 kB
Node 1 Slab:              61980 kB
Node 1 SReclaimable:      24700 kB
Node 1 SUnreclaim:        37280 kB
Node 1 AnonHugePages:         0 kB
Node 1 ShmemHugePages:        0 kB
Node 1 ShmemPmdMapped:        0 kB
Node 1 FileHugePages:        0 kB
Node 1 FilePmdMapped:        0 kB
Node 1 HugePages_Total:     0
Node 1 HugePages_Free:      0
Node 1 HugePages_Surp:      0

After Test
Node 0 MemTotal:       24743736 kB
Node 0 MemFree:        24219968 kB
Node 0 MemUsed:          523768 kB
Node 0 Active:            56592 kB
Node 0 Inactive:          34692 kB
Node 0 Active(anon):      14844 kB
Node 0 Inactive(anon):      504 kB
Node 0 Active(file):      41748 kB
Node 0 Inactive(file):    34188 kB
Node 0 Unevictable:         876 kB
Node 0 Mlocked:             876 kB
Node 0 Dirty:                44 kB
Node 0 Writeback:             0 kB
Node 0 FilePages:         77508 kB
Node 0 Mapped:            16156 kB
Node 0 AnonPages:         14652 kB
Node 0 Shmem:               696 kB
Node 0 KernelStack:        1944 kB
Node 0 PageTables:          432 kB
Node 0 NFS_Unstable:          0 kB
Node 0 Bounce:                0 kB
Node 0 WritebackTmp:          0 kB
Node 0 KReclaimable:      18348 kB
Node 0 Slab:              57500 kB
Node 0 SReclaimable:      18348 kB
Node 0 SUnreclaim:        39152 kB
Node 0 AnonHugePages:         0 kB
Node 0 ShmemHugePages:        0 kB
Node 0 ShmemPmdMapped:        0 kB
Node 0 FileHugePages:        0 kB
Node 0 FilePmdMapped:        0 kB
Node 0 HugePages_Total:     0
Node 0 HugePages_Free:      0
Node 0 HugePages_Surp:      0

Node 1 MemTotal:       24686196 kB
Node 1 MemFree:        23401256 kB
Node 1 MemUsed:         1284940 kB
Node 1 Active:            43344 kB
Node 1 Inactive:         158328 kB
Node 1 Active(anon):      18444 kB
Node 1 Inactive(anon):      468 kB
Node 1 Active(file):      24900 kB
Node 1 Inactive(file):   157860 kB
Node 1 Unevictable:       17880 kB
Node 1 Mlocked:           17880 kB
Node 1 Dirty:               464 kB
Node 1 Writeback:             0 kB
Node 1 FilePages:        190692 kB
Node 1 Mapped:            27132 kB
Node 1 AnonPages:         28804 kB
Node 1 Shmem:               616 kB
Node 1 KernelStack:        2888 kB
Node 1 PageTables:          780 kB
Node 1 NFS_Unstable:          0 kB
Node 1 Bounce:                0 kB
Node 1 WritebackTmp:          0 kB
Node 1 KReclaimable:      26016 kB
Node 1 Slab:              68412 kB
Node 1 SReclaimable:      26016 kB
Node 1 SUnreclaim:        42396 kB
Node 1 AnonHugePages:         0 kB
Node 1 ShmemHugePages:        0 kB
Node 1 ShmemPmdMapped:        0 kB
Node 1 FileHugePages:        0 kB
Node 1 FilePmdMapped:        0 kB
Node 1 HugePages_Total:     0
Node 1 HugePages_Free:      0
Node 1 HugePages_Surp:      0

After Opposite Node
Node 0 MemTotal:       24743736 kB
Node 0 MemFree:        24220132 kB
Node 0 MemUsed:          523604 kB
Node 0 Active:            56764 kB
Node 0 Inactive:          34716 kB
Node 0 Active(anon):      14988 kB
Node 0 Inactive(anon):      536 kB
Node 0 Active(file):      41776 kB
Node 0 Inactive(file):    34180 kB
Node 0 Unevictable:         876 kB
Node 0 Mlocked:             876 kB
Node 0 Dirty:                60 kB
Node 0 Writeback:             0 kB
Node 0 FilePages:         77568 kB
Node 0 Mapped:            16200 kB
Node 0 AnonPages:         14696 kB
Node 0 Shmem:               736 kB
Node 0 KernelStack:        1916 kB
Node 0 PageTables:          592 kB
Node 0 NFS_Unstable:          0 kB
Node 0 Bounce:                0 kB
Node 0 WritebackTmp:          0 kB
Node 0 KReclaimable:      18404 kB
Node 0 Slab:              57620 kB
Node 0 SReclaimable:      18404 kB
Node 0 SUnreclaim:        39216 kB
Node 0 AnonHugePages:         0 kB
Node 0 ShmemHugePages:        0 kB
Node 0 ShmemPmdMapped:        0 kB
Node 0 FileHugePages:        0 kB
Node 0 FilePmdMapped:        0 kB
Node 0 HugePages_Total:     0
Node 0 HugePages_Free:      0
Node 0 HugePages_Surp:      0

Node 1 MemTotal:       24686196 kB
Node 1 MemFree:        23401616 kB
Node 1 MemUsed:         1284580 kB
Node 1 Active:            43384 kB
Node 1 Inactive:         158092 kB
Node 1 Active(anon):      18264 kB
Node 1 Inactive(anon):      444 kB
Node 1 Active(file):      25120 kB
Node 1 Inactive(file):   157648 kB
Node 1 Unevictable:       17880 kB
Node 1 Mlocked:           17880 kB
Node 1 Dirty:               472 kB
Node 1 Writeback:             0 kB
Node 1 FilePages:        190660 kB
Node 1 Mapped:            27072 kB
Node 1 AnonPages:         28692 kB
Node 1 Shmem:               576 kB
Node 1 KernelStack:        2856 kB
Node 1 PageTables:          596 kB
Node 1 NFS_Unstable:          0 kB
Node 1 Bounce:                0 kB
Node 1 WritebackTmp:          0 kB
Node 1 KReclaimable:      26076 kB
Node 1 Slab:              68568 kB
Node 1 SReclaimable:      26076 kB
Node 1 SUnreclaim:        42492 kB
Node 1 AnonHugePages:         0 kB
Node 1 ShmemHugePages:        0 kB
Node 1 ShmemPmdMapped:        0 kB
Node 1 FileHugePages:        0 kB
Node 1 FilePmdMapped:        0 kB
Node 1 HugePages_Total:     0
Node 1 HugePages_Free:      0
Node 1 HugePages_Surp:      0

B.1.fio.500M.3.O.1M Complete!
