kernel.numa_balancing = 0
B.1.fio.16G.1.O.1M
Begin
Node 0 MemTotal:       24743736 kB
Node 0 MemFree:        24499316 kB
Node 0 MemUsed:          244420 kB
Node 0 Active:            59400 kB
Node 0 Inactive:          19840 kB
Node 0 Active(anon):      16848 kB
Node 0 Inactive(anon):      544 kB
Node 0 Active(file):      42552 kB
Node 0 Inactive(file):    19296 kB
Node 0 Unevictable:       17128 kB
Node 0 Mlocked:           17128 kB
Node 0 Dirty:               284 kB
Node 0 Writeback:             0 kB
Node 0 FilePages:         69800 kB
Node 0 Mapped:            23492 kB
Node 0 AnonPages:         27048 kB
Node 0 Shmem:               708 kB
Node 0 KernelStack:        1912 kB
Node 0 PageTables:          488 kB
Node 0 NFS_Unstable:          0 kB
Node 0 Bounce:                0 kB
Node 0 WritebackTmp:          0 kB
Node 0 KReclaimable:      25060 kB
Node 0 Slab:              60312 kB
Node 0 SReclaimable:      25060 kB
Node 0 SUnreclaim:        35252 kB
Node 0 AnonHugePages:         0 kB
Node 0 ShmemHugePages:        0 kB
Node 0 ShmemPmdMapped:        0 kB
Node 0 FileHugePages:        0 kB
Node 0 FilePmdMapped:        0 kB
Node 0 HugePages_Total:     0
Node 0 HugePages_Free:      0
Node 0 HugePages_Surp:      0

Node 1 MemTotal:       24686196 kB
Node 1 MemFree:        24331820 kB
Node 1 MemUsed:          354376 kB
Node 1 Active:            36288 kB
Node 1 Inactive:          56064 kB
Node 1 Active(anon):      17356 kB
Node 1 Inactive(anon):      328 kB
Node 1 Active(file):      18932 kB
Node 1 Inactive(file):    55736 kB
Node 1 Unevictable:        1396 kB
Node 1 Mlocked:            1396 kB
Node 1 Dirty:               220 kB
Node 1 Writeback:             0 kB
Node 1 FilePages:         76628 kB
Node 1 Mapped:            17804 kB
Node 1 AnonPages:         17160 kB
Node 1 Shmem:               560 kB
Node 1 KernelStack:        1704 kB
Node 1 PageTables:          580 kB
Node 1 NFS_Unstable:          0 kB
Node 1 Bounce:                0 kB
Node 1 WritebackTmp:          0 kB
Node 1 KReclaimable:      16824 kB
Node 1 Slab:              47436 kB
Node 1 SReclaimable:      16824 kB
Node 1 SUnreclaim:        30612 kB
Node 1 AnonHugePages:         0 kB
Node 1 ShmemHugePages:        0 kB
Node 1 ShmemPmdMapped:        0 kB
Node 1 FileHugePages:        0 kB
Node 1 FilePmdMapped:        0 kB
Node 1 HugePages_Total:     0
Node 1 HugePages_Free:      0
Node 1 HugePages_Surp:      0

Load ZFS
Node 0 MemTotal:       24743736 kB
Node 0 MemFree:        24448024 kB
Node 0 MemUsed:          295712 kB
Node 0 Active:            75700 kB
Node 0 Inactive:          49220 kB
Node 0 Active(anon):      30880 kB
Node 0 Inactive(anon):      136 kB
Node 0 Active(file):      44820 kB
Node 0 Inactive(file):    49084 kB
Node 0 Unevictable:       17260 kB
Node 0 Mlocked:           17260 kB
Node 0 Dirty:                44 kB
Node 0 Writeback:             0 kB
Node 0 FilePages:        101752 kB
Node 0 Mapped:            26188 kB
Node 0 AnonPages:         41060 kB
Node 0 Shmem:               480 kB
Node 0 KernelStack:        2232 kB
Node 0 PageTables:          984 kB
Node 0 NFS_Unstable:          0 kB
Node 0 Bounce:                0 kB
Node 0 WritebackTmp:          0 kB
Node 0 KReclaimable:      25728 kB
Node 0 Slab:              63232 kB
Node 0 SReclaimable:      25728 kB
Node 0 SUnreclaim:        37504 kB
Node 0 AnonHugePages:         0 kB
Node 0 ShmemHugePages:        0 kB
Node 0 ShmemPmdMapped:        0 kB
Node 0 FileHugePages:        0 kB
Node 0 FilePmdMapped:        0 kB
Node 0 HugePages_Total:     0
Node 0 HugePages_Free:      0
Node 0 HugePages_Surp:      0

Node 1 MemTotal:       24686196 kB
Node 1 MemFree:        24243676 kB
Node 1 MemUsed:          442520 kB
Node 1 Active:            44652 kB
Node 1 Inactive:         129560 kB
Node 1 Active(anon):      25432 kB
Node 1 Inactive(anon):      504 kB
Node 1 Active(file):      19220 kB
Node 1 Inactive(file):   129056 kB
Node 1 Unevictable:        1396 kB
Node 1 Mlocked:            1396 kB
Node 1 Dirty:               272 kB
Node 1 Writeback:             0 kB
Node 1 FilePages:        150460 kB
Node 1 Mapped:            20376 kB
Node 1 AnonPages:         24924 kB
Node 1 Shmem:               788 kB
Node 1 KernelStack:        1924 kB
Node 1 PageTables:         1392 kB
Node 1 NFS_Unstable:          0 kB
Node 1 Bounce:                0 kB
Node 1 WritebackTmp:          0 kB
Node 1 KReclaimable:      17828 kB
Node 1 Slab:              52204 kB
Node 1 SReclaimable:      17828 kB
Node 1 SUnreclaim:        34376 kB
Node 1 AnonHugePages:         0 kB
Node 1 ShmemHugePages:        0 kB
Node 1 ShmemPmdMapped:        0 kB
Node 1 FileHugePages:        0 kB
Node 1 FilePmdMapped:        0 kB
Node 1 HugePages_Total:     0
Node 1 HugePages_Free:      0
Node 1 HugePages_Surp:      0

Import tank ZPool
Node 0 MemTotal:       24743736 kB
Node 0 MemFree:        24448920 kB
Node 0 MemUsed:          294816 kB
Node 0 Active:            75480 kB
Node 0 Inactive:          49852 kB
Node 0 Active(anon):      30496 kB
Node 0 Inactive(anon):      468 kB
Node 0 Active(file):      44984 kB
Node 0 Inactive(file):    49384 kB
Node 0 Unevictable:       17360 kB
Node 0 Mlocked:           17360 kB
Node 0 Dirty:                88 kB
Node 0 Writeback:             0 kB
Node 0 FilePages:        101808 kB
Node 0 Mapped:            25392 kB
Node 0 AnonPages:         40884 kB
Node 0 Shmem:               640 kB
Node 0 KernelStack:        2168 kB
Node 0 PageTables:         1348 kB
Node 0 NFS_Unstable:          0 kB
Node 0 Bounce:                0 kB
Node 0 WritebackTmp:          0 kB
Node 0 KReclaimable:      25652 kB
Node 0 Slab:              63056 kB
Node 0 SReclaimable:      25652 kB
Node 0 SUnreclaim:        37404 kB
Node 0 AnonHugePages:         0 kB
Node 0 ShmemHugePages:        0 kB
Node 0 ShmemPmdMapped:        0 kB
Node 0 FileHugePages:        0 kB
Node 0 FilePmdMapped:        0 kB
Node 0 HugePages_Total:     0
Node 0 HugePages_Free:      0
Node 0 HugePages_Surp:      0

Node 1 MemTotal:       24686196 kB
Node 1 MemFree:        24225516 kB
Node 1 MemUsed:          460680 kB
Node 1 Active:            45008 kB
Node 1 Inactive:         130744 kB
Node 1 Active(anon):      25288 kB
Node 1 Inactive(anon):      480 kB
Node 1 Active(file):      19720 kB
Node 1 Inactive(file):   130264 kB
Node 1 Unevictable:        1396 kB
Node 1 Mlocked:            1396 kB
Node 1 Dirty:               372 kB
Node 1 Writeback:             0 kB
Node 1 FilePages:        152024 kB
Node 1 Mapped:            20028 kB
Node 1 AnonPages:         24816 kB
Node 1 Shmem:               628 kB
Node 1 KernelStack:        3000 kB
Node 1 PageTables:         1020 kB
Node 1 NFS_Unstable:          0 kB
Node 1 Bounce:                0 kB
Node 1 WritebackTmp:          0 kB
Node 1 KReclaimable:      17908 kB
Node 1 Slab:              57836 kB
Node 1 SReclaimable:      17908 kB
Node 1 SUnreclaim:        39928 kB
Node 1 AnonHugePages:         0 kB
Node 1 ShmemHugePages:        0 kB
Node 1 ShmemPmdMapped:        0 kB
Node 1 FileHugePages:        0 kB
Node 1 FilePmdMapped:        0 kB
Node 1 HugePages_Total:     0
Node 1 HugePages_Free:      0
Node 1 HugePages_Surp:      0

After Test
Node 0 MemTotal:       24743736 kB
Node 0 MemFree:        23661264 kB
Node 0 MemUsed:         1082472 kB
Node 0 Active:            61768 kB
Node 0 Inactive:          49620 kB
Node 0 Active(anon):      16548 kB
Node 0 Inactive(anon):      468 kB
Node 0 Active(file):      45220 kB
Node 0 Inactive(file):    49152 kB
Node 0 Unevictable:       17360 kB
Node 0 Mlocked:           17360 kB
Node 0 Dirty:                16 kB
Node 0 Writeback:             0 kB
Node 0 FilePages:        101808 kB
Node 0 Mapped:            23504 kB
Node 0 AnonPages:         26936 kB
Node 0 Shmem:               640 kB
Node 0 KernelStack:        1736 kB
Node 0 PageTables:          516 kB
Node 0 NFS_Unstable:          0 kB
Node 0 Bounce:                0 kB
Node 0 WritebackTmp:          0 kB
Node 0 KReclaimable:      25716 kB
Node 0 Slab:              66372 kB
Node 0 SReclaimable:      25716 kB
Node 0 SUnreclaim:        40656 kB
Node 0 AnonHugePages:         0 kB
Node 0 ShmemHugePages:        0 kB
Node 0 ShmemPmdMapped:        0 kB
Node 0 FileHugePages:        0 kB
Node 0 FilePmdMapped:        0 kB
Node 0 HugePages_Total:     0
Node 0 HugePages_Free:      0
Node 0 HugePages_Surp:      0

Node 1 MemTotal:       24686196 kB
Node 1 MemFree:         7365000 kB
Node 1 MemUsed:        17321196 kB
Node 1 Active:            38420 kB
Node 1 Inactive:         131212 kB
Node 1 Active(anon):      16904 kB
Node 1 Inactive(anon):      516 kB
Node 1 Active(file):      21516 kB
Node 1 Inactive(file):   130696 kB
Node 1 Unevictable:        1396 kB
Node 1 Mlocked:            1396 kB
Node 1 Dirty:                40 kB
Node 1 Writeback:             0 kB
Node 1 FilePages:        154280 kB
Node 1 Mapped:            18040 kB
Node 1 AnonPages:         16664 kB
Node 1 Shmem:               672 kB
Node 1 KernelStack:        2760 kB
Node 1 PageTables:          672 kB
Node 1 NFS_Unstable:          0 kB
Node 1 Bounce:                0 kB
Node 1 WritebackTmp:          0 kB
Node 1 KReclaimable:      19292 kB
Node 1 Slab:             116224 kB
Node 1 SReclaimable:      19292 kB
Node 1 SUnreclaim:        96932 kB
Node 1 AnonHugePages:         0 kB
Node 1 ShmemHugePages:        0 kB
Node 1 ShmemPmdMapped:        0 kB
Node 1 FileHugePages:        0 kB
Node 1 FilePmdMapped:        0 kB
Node 1 HugePages_Total:     0
Node 1 HugePages_Free:      0
Node 1 HugePages_Surp:      0

After Opposite Node
Node 0 MemTotal:       24743736 kB
Node 0 MemFree:        23661592 kB
Node 0 MemUsed:         1082144 kB
Node 0 Active:            61952 kB
Node 0 Inactive:          49664 kB
Node 0 Active(anon):      16728 kB
Node 0 Inactive(anon):      504 kB
Node 0 Active(file):      45224 kB
Node 0 Inactive(file):    49160 kB
Node 0 Unevictable:       17360 kB
Node 0 Mlocked:           17360 kB
Node 0 Dirty:                28 kB
Node 0 Writeback:             0 kB
Node 0 FilePages:        101864 kB
Node 0 Mapped:            23548 kB
Node 0 AnonPages:         26976 kB
Node 0 Shmem:               684 kB
Node 0 KernelStack:        1720 kB
Node 0 PageTables:          628 kB
Node 0 NFS_Unstable:          0 kB
Node 0 Bounce:                0 kB
Node 0 WritebackTmp:          0 kB
Node 0 KReclaimable:      25756 kB
Node 0 Slab:              66424 kB
Node 0 SReclaimable:      25756 kB
Node 0 SUnreclaim:        40668 kB
Node 0 AnonHugePages:         0 kB
Node 0 ShmemHugePages:        0 kB
Node 0 ShmemPmdMapped:        0 kB
Node 0 FileHugePages:        0 kB
Node 0 FilePmdMapped:        0 kB
Node 0 HugePages_Total:     0
Node 0 HugePages_Free:      0
Node 0 HugePages_Surp:      0

Node 1 MemTotal:       24686196 kB
Node 1 MemFree:         7370828 kB
Node 1 MemUsed:        17315368 kB
Node 1 Active:            38272 kB
Node 1 Inactive:         130988 kB
Node 1 Active(anon):      16552 kB
Node 1 Inactive(anon):      472 kB
Node 1 Active(file):      21720 kB
Node 1 Inactive(file):   130516 kB
Node 1 Unevictable:        1396 kB
Node 1 Mlocked:            1396 kB
Node 1 Dirty:                60 kB
Node 1 Writeback:             0 kB
Node 1 FilePages:        154268 kB
Node 1 Mapped:            18004 kB
Node 1 AnonPages:         16396 kB
Node 1 Shmem:               628 kB
Node 1 KernelStack:        2696 kB
Node 1 PageTables:          488 kB
Node 1 NFS_Unstable:          0 kB
Node 1 Bounce:                0 kB
Node 1 WritebackTmp:          0 kB
Node 1 KReclaimable:      19292 kB
Node 1 Slab:             116268 kB
Node 1 SReclaimable:      19292 kB
Node 1 SUnreclaim:        96976 kB
Node 1 AnonHugePages:         0 kB
Node 1 ShmemHugePages:        0 kB
Node 1 ShmemPmdMapped:        0 kB
Node 1 FileHugePages:        0 kB
Node 1 FilePmdMapped:        0 kB
Node 1 HugePages_Total:     0
Node 1 HugePages_Free:      0
Node 1 HugePages_Surp:      0

B.1.fio.16G.1.O.1M Complete!
