kernel.numa_balancing = 0
B.1.fio.8G.2.O.1M
Begin
Node 0 MemTotal:       24743736 kB
Node 0 MemFree:        24337300 kB
Node 0 MemUsed:          406436 kB
Node 0 Active:            66004 kB
Node 0 Inactive:          64788 kB
Node 0 Active(anon):      18444 kB
Node 0 Inactive(anon):      536 kB
Node 0 Active(file):      47560 kB
Node 0 Inactive(file):    64252 kB
Node 0 Unevictable:        5364 kB
Node 0 Mlocked:            5364 kB
Node 0 Dirty:               128 kB
Node 0 Writeback:             0 kB
Node 0 FilePages:        117968 kB
Node 0 Mapped:            23448 kB
Node 0 AnonPages:         18336 kB
Node 0 Shmem:               780 kB
Node 0 KernelStack:        2088 kB
Node 0 PageTables:          472 kB
Node 0 NFS_Unstable:          0 kB
Node 0 Bounce:                0 kB
Node 0 WritebackTmp:          0 kB
Node 0 KReclaimable:      22200 kB
Node 0 Slab:              53132 kB
Node 0 SReclaimable:      22200 kB
Node 0 SUnreclaim:        30932 kB
Node 0 AnonHugePages:         0 kB
Node 0 ShmemHugePages:        0 kB
Node 0 ShmemPmdMapped:        0 kB
Node 0 FileHugePages:        0 kB
Node 0 FilePmdMapped:        0 kB
Node 0 HugePages_Total:     0
Node 0 HugePages_Free:      0
Node 0 HugePages_Surp:      0

Node 1 MemTotal:       24686196 kB
Node 1 MemFree:        24476828 kB
Node 1 MemUsed:          209368 kB
Node 1 Active:            29388 kB
Node 1 Inactive:          28964 kB
Node 1 Active(anon):      15704 kB
Node 1 Inactive(anon):      332 kB
Node 1 Active(file):      13684 kB
Node 1 Inactive(file):    28632 kB
Node 1 Unevictable:       13160 kB
Node 1 Mlocked:           13160 kB
Node 1 Dirty:               396 kB
Node 1 Writeback:             0 kB
Node 1 FilePages:         45684 kB
Node 1 Mapped:            23108 kB
Node 1 AnonPages:         25892 kB
Node 1 Shmem:               488 kB
Node 1 KernelStack:        1480 kB
Node 1 PageTables:          648 kB
Node 1 NFS_Unstable:          0 kB
Node 1 Bounce:                0 kB
Node 1 WritebackTmp:          0 kB
Node 1 KReclaimable:      19260 kB
Node 1 Slab:              53288 kB
Node 1 SReclaimable:      19260 kB
Node 1 SUnreclaim:        34028 kB
Node 1 AnonHugePages:         0 kB
Node 1 ShmemHugePages:        0 kB
Node 1 ShmemPmdMapped:        0 kB
Node 1 FileHugePages:        0 kB
Node 1 FilePmdMapped:        0 kB
Node 1 HugePages_Total:     0
Node 1 HugePages_Free:      0
Node 1 HugePages_Surp:      0

Load ZFS
Node 0 MemTotal:       24743736 kB
Node 0 MemFree:        24240928 kB
Node 0 MemUsed:          502808 kB
Node 0 Active:            79560 kB
Node 0 Inactive:         141780 kB
Node 0 Active(anon):      31332 kB
Node 0 Inactive(anon):      428 kB
Node 0 Active(file):      48228 kB
Node 0 Inactive(file):   141352 kB
Node 0 Unevictable:        5364 kB
Node 0 Mlocked:            5364 kB
Node 0 Dirty:               132 kB
Node 0 Writeback:             0 kB
Node 0 FilePages:        195540 kB
Node 0 Mapped:            26632 kB
Node 0 AnonPages:         31016 kB
Node 0 Shmem:               600 kB
Node 0 KernelStack:        2448 kB
Node 0 PageTables:         1456 kB
Node 0 NFS_Unstable:          0 kB
Node 0 Bounce:                0 kB
Node 0 WritebackTmp:          0 kB
Node 0 KReclaimable:      23184 kB
Node 0 Slab:              57092 kB
Node 0 SReclaimable:      23184 kB
Node 0 SUnreclaim:        33908 kB
Node 0 AnonHugePages:         0 kB
Node 0 ShmemHugePages:        0 kB
Node 0 ShmemPmdMapped:        0 kB
Node 0 FileHugePages:        0 kB
Node 0 FilePmdMapped:        0 kB
Node 0 HugePages_Total:     0
Node 0 HugePages_Free:      0
Node 0 HugePages_Surp:      0

Node 1 MemTotal:       24686196 kB
Node 1 MemFree:        24425324 kB
Node 1 MemUsed:          260872 kB
Node 1 Active:            47284 kB
Node 1 Inactive:          55420 kB
Node 1 Active(anon):      31792 kB
Node 1 Inactive(anon):      504 kB
Node 1 Active(file):      15492 kB
Node 1 Inactive(file):    54916 kB
Node 1 Unevictable:       13292 kB
Node 1 Mlocked:           13292 kB
Node 1 Dirty:               428 kB
Node 1 Writeback:             0 kB
Node 1 FilePages:         73900 kB
Node 1 Mapped:            24804 kB
Node 1 AnonPages:         41864 kB
Node 1 Shmem:               668 kB
Node 1 KernelStack:        1852 kB
Node 1 PageTables:         1944 kB
Node 1 NFS_Unstable:          0 kB
Node 1 Bounce:                0 kB
Node 1 WritebackTmp:          0 kB
Node 1 KReclaimable:      19888 kB
Node 1 Slab:              56584 kB
Node 1 SReclaimable:      19888 kB
Node 1 SUnreclaim:        36696 kB
Node 1 AnonHugePages:         0 kB
Node 1 ShmemHugePages:        0 kB
Node 1 ShmemPmdMapped:        0 kB
Node 1 FileHugePages:        0 kB
Node 1 FilePmdMapped:        0 kB
Node 1 HugePages_Total:     0
Node 1 HugePages_Free:      0
Node 1 HugePages_Surp:      0

Import tank ZPool
Node 0 MemTotal:       24743736 kB
Node 0 MemFree:        24222420 kB
Node 0 MemUsed:          521316 kB
Node 0 Active:            80040 kB
Node 0 Inactive:         143008 kB
Node 0 Active(anon):      31304 kB
Node 0 Inactive(anon):      428 kB
Node 0 Active(file):      48736 kB
Node 0 Inactive(file):   142580 kB
Node 0 Unevictable:        5364 kB
Node 0 Mlocked:            5364 kB
Node 0 Dirty:                40 kB
Node 0 Writeback:             0 kB
Node 0 FilePages:        197264 kB
Node 0 Mapped:            26236 kB
Node 0 AnonPages:         30776 kB
Node 0 Shmem:               588 kB
Node 0 KernelStack:        3416 kB
Node 0 PageTables:         1096 kB
Node 0 NFS_Unstable:          0 kB
Node 0 Bounce:                0 kB
Node 0 WritebackTmp:          0 kB
Node 0 KReclaimable:      23364 kB
Node 0 Slab:              63016 kB
Node 0 SReclaimable:      23364 kB
Node 0 SUnreclaim:        39652 kB
Node 0 AnonHugePages:         0 kB
Node 0 ShmemHugePages:        0 kB
Node 0 ShmemPmdMapped:        0 kB
Node 0 FileHugePages:        0 kB
Node 0 FilePmdMapped:        0 kB
Node 0 HugePages_Total:     0
Node 0 HugePages_Free:      0
Node 0 HugePages_Surp:      0

Node 1 MemTotal:       24686196 kB
Node 1 MemFree:        24427056 kB
Node 1 MemUsed:          259140 kB
Node 1 Active:            46528 kB
Node 1 Inactive:          55360 kB
Node 1 Active(anon):      30976 kB
Node 1 Inactive(anon):      520 kB
Node 1 Active(file):      15552 kB
Node 1 Inactive(file):    54840 kB
Node 1 Unevictable:       13392 kB
Node 1 Mlocked:           13392 kB
Node 1 Dirty:               492 kB
Node 1 Writeback:             0 kB
Node 1 FilePages:         73904 kB
Node 1 Mapped:            24332 kB
Node 1 AnonPages:         41380 kB
Node 1 Shmem:               680 kB
Node 1 KernelStack:        1784 kB
Node 1 PageTables:         1648 kB
Node 1 NFS_Unstable:          0 kB
Node 1 Bounce:                0 kB
Node 1 WritebackTmp:          0 kB
Node 1 KReclaimable:      19904 kB
Node 1 Slab:              56984 kB
Node 1 SReclaimable:      19904 kB
Node 1 SUnreclaim:        37080 kB
Node 1 AnonHugePages:         0 kB
Node 1 ShmemHugePages:        0 kB
Node 1 ShmemPmdMapped:        0 kB
Node 1 FileHugePages:        0 kB
Node 1 FilePmdMapped:        0 kB
Node 1 HugePages_Total:     0
Node 1 HugePages_Free:      0
Node 1 HugePages_Surp:      0

After Test
Node 0 MemTotal:       24743736 kB
Node 0 MemFree:        15444364 kB
Node 0 MemUsed:         9299372 kB
Node 0 Active:            67852 kB
Node 0 Inactive:         142264 kB
Node 0 Active(anon):      18112 kB
Node 0 Inactive(anon):      424 kB
Node 0 Active(file):      49740 kB
Node 0 Inactive(file):   141840 kB
Node 0 Unevictable:        5364 kB
Node 0 Mlocked:            5364 kB
Node 0 Dirty:                16 kB
Node 0 Writeback:             0 kB
Node 0 FilePages:        197528 kB
Node 0 Mapped:            23448 kB
Node 0 AnonPages:         17948 kB
Node 0 Shmem:               588 kB
Node 0 KernelStack:        3128 kB
Node 0 PageTables:          392 kB
Node 0 NFS_Unstable:          0 kB
Node 0 Bounce:                0 kB
Node 0 WritebackTmp:          0 kB
Node 0 KReclaimable:      24668 kB
Node 0 Slab:              95252 kB
Node 0 SReclaimable:      24668 kB
Node 0 SUnreclaim:        70584 kB
Node 0 AnonHugePages:         0 kB
Node 0 ShmemHugePages:        0 kB
Node 0 ShmemPmdMapped:        0 kB
Node 0 FileHugePages:        0 kB
Node 0 FilePmdMapped:        0 kB
Node 0 HugePages_Total:     0
Node 0 HugePages_Free:      0
Node 0 HugePages_Surp:      0

Node 1 MemTotal:       24686196 kB
Node 1 MemFree:        23986236 kB
Node 1 MemUsed:          699960 kB
Node 1 Active:            32092 kB
Node 1 Inactive:          56372 kB
Node 1 Active(anon):      15716 kB
Node 1 Inactive(anon):      560 kB
Node 1 Active(file):      16376 kB
Node 1 Inactive(file):    55812 kB
Node 1 Unevictable:       13392 kB
Node 1 Mlocked:           13392 kB
Node 1 Dirty:                20 kB
Node 1 Writeback:             0 kB
Node 1 FilePages:         75744 kB
Node 1 Mapped:            23388 kB
Node 1 AnonPages:         25984 kB
Node 1 Shmem:               724 kB
Node 1 KernelStack:        1528 kB
Node 1 PageTables:          832 kB
Node 1 NFS_Unstable:          0 kB
Node 1 Bounce:                0 kB
Node 1 WritebackTmp:          0 kB
Node 1 KReclaimable:      19968 kB
Node 1 Slab:              59696 kB
Node 1 SReclaimable:      19968 kB
Node 1 SUnreclaim:        39728 kB
Node 1 AnonHugePages:         0 kB
Node 1 ShmemHugePages:        0 kB
Node 1 ShmemPmdMapped:        0 kB
Node 1 FileHugePages:        0 kB
Node 1 FilePmdMapped:        0 kB
Node 1 HugePages_Total:     0
Node 1 HugePages_Free:      0
Node 1 HugePages_Surp:      0

After Opposite Node
Node 0 MemTotal:       24743736 kB
Node 0 MemFree:        15444756 kB
Node 0 MemUsed:         9298980 kB
Node 0 Active:            68112 kB
Node 0 Inactive:         142292 kB
Node 0 Active(anon):      18336 kB
Node 0 Inactive(anon):      460 kB
Node 0 Active(file):      49776 kB
Node 0 Inactive(file):   141832 kB
Node 0 Unevictable:        5364 kB
Node 0 Mlocked:            5364 kB
Node 0 Dirty:                28 kB
Node 0 Writeback:            12 kB
Node 0 FilePages:        197600 kB
Node 0 Mapped:            23492 kB
Node 0 AnonPages:         18032 kB
Node 0 Shmem:               632 kB
Node 0 KernelStack:        3144 kB
Node 0 PageTables:          508 kB
Node 0 NFS_Unstable:          0 kB
Node 0 Bounce:                0 kB
Node 0 WritebackTmp:          0 kB
Node 0 KReclaimable:      24716 kB
Node 0 Slab:              95412 kB
Node 0 SReclaimable:      24716 kB
Node 0 SUnreclaim:        70696 kB
Node 0 AnonHugePages:         0 kB
Node 0 ShmemHugePages:        0 kB
Node 0 ShmemPmdMapped:        0 kB
Node 0 FileHugePages:        0 kB
Node 0 FilePmdMapped:        0 kB
Node 0 HugePages_Total:     0
Node 0 HugePages_Free:      0
Node 0 HugePages_Surp:      0

Node 1 MemTotal:       24686196 kB
Node 1 MemFree:        23988388 kB
Node 1 MemUsed:          697808 kB
Node 1 Active:            31848 kB
Node 1 Inactive:          56156 kB
Node 1 Active(anon):      15292 kB
Node 1 Inactive(anon):      516 kB
Node 1 Active(file):      16556 kB
Node 1 Inactive(file):    55640 kB
Node 1 Unevictable:       13392 kB
Node 1 Mlocked:           13392 kB
Node 1 Dirty:                 8 kB
Node 1 Writeback:            28 kB
Node 1 FilePages:         75708 kB
Node 1 Mapped:            23328 kB
Node 1 AnonPages:         25688 kB
Node 1 Shmem:               680 kB
Node 1 KernelStack:        1496 kB
Node 1 PageTables:          652 kB
Node 1 NFS_Unstable:          0 kB
Node 1 Bounce:                0 kB
Node 1 WritebackTmp:          0 kB
Node 1 KReclaimable:      19968 kB
Node 1 Slab:              59676 kB
Node 1 SReclaimable:      19968 kB
Node 1 SUnreclaim:        39708 kB
Node 1 AnonHugePages:         0 kB
Node 1 ShmemHugePages:        0 kB
Node 1 ShmemPmdMapped:        0 kB
Node 1 FileHugePages:        0 kB
Node 1 FilePmdMapped:        0 kB
Node 1 HugePages_Total:     0
Node 1 HugePages_Free:      0
Node 1 HugePages_Surp:      0

B.1.fio.8G.2.O.1M Complete!
