U.1.huge-simpleread.4G.2.O.1M
Begin
Node 0 MemTotal:       24768352 kB
Node 0 MemFree:        24399724 kB
Node 0 MemUsed:          368628 kB
Node 0 Active:            31296 kB
Node 0 Inactive:          51944 kB
Node 0 Active(anon):      15704 kB
Node 0 Inactive(anon):      300 kB
Node 0 Active(file):      15592 kB
Node 0 Inactive(file):    51644 kB
Node 0 Unevictable:       13132 kB
Node 0 Mlocked:           13132 kB
Node 0 Dirty:               384 kB
Node 0 Writeback:             0 kB
Node 0 FilePages:         70508 kB
Node 0 Mapped:            14684 kB
Node 0 AnonPages:         25864 kB
Node 0 Shmem:               468 kB
Node 0 KernelStack:        2008 kB
Node 0 PageTables:          452 kB
Node 0 NFS_Unstable:          0 kB
Node 0 Bounce:                0 kB
Node 0 WritebackTmp:          0 kB
Node 0 KReclaimable:      19028 kB
Node 0 Slab:              56056 kB
Node 0 SReclaimable:      19028 kB
Node 0 SUnreclaim:        37028 kB
Node 0 AnonHugePages:         0 kB
Node 0 ShmemHugePages:        0 kB
Node 0 ShmemPmdMapped:        0 kB
Node 0 FileHugePages:        0 kB
Node 0 FilePmdMapped:        0 kB
Node 0 HugePages_Total:     0
Node 0 HugePages_Free:      0
Node 0 HugePages_Surp:      0

Node 1 MemTotal:       24661580 kB
Node 1 MemFree:        24419332 kB
Node 1 MemUsed:          242248 kB
Node 1 Active:            64964 kB
Node 1 Inactive:          34144 kB
Node 1 Active(anon):      18548 kB
Node 1 Inactive(anon):      572 kB
Node 1 Active(file):      46416 kB
Node 1 Inactive(file):    33572 kB
Node 1 Unevictable:        5392 kB
Node 1 Mlocked:            5392 kB
Node 1 Dirty:                44 kB
Node 1 Writeback:             0 kB
Node 1 FilePages:         86220 kB
Node 1 Mapped:            28408 kB
Node 1 AnonPages:         18348 kB
Node 1 Shmem:               800 kB
Node 1 KernelStack:        1672 kB
Node 1 PageTables:          704 kB
Node 1 NFS_Unstable:          0 kB
Node 1 Bounce:                0 kB
Node 1 WritebackTmp:          0 kB
Node 1 KReclaimable:      22600 kB
Node 1 Slab:              49600 kB
Node 1 SReclaimable:      22600 kB
Node 1 SUnreclaim:        27000 kB
Node 1 AnonHugePages:         0 kB
Node 1 ShmemHugePages:        0 kB
Node 1 ShmemPmdMapped:        0 kB
Node 1 FileHugePages:        0 kB
Node 1 FilePmdMapped:        0 kB
Node 1 HugePages_Total:     0
Node 1 HugePages_Free:      0
Node 1 HugePages_Surp:      0

Load ZFS
Node 0 MemTotal:       24768352 kB
Node 0 MemFree:        24529852 kB
Node 0 MemUsed:          238500 kB
Node 0 Active:            39004 kB
Node 0 Inactive:          47736 kB
Node 0 Active(anon):      18604 kB
Node 0 Inactive(anon):      300 kB
Node 0 Active(file):      20400 kB
Node 0 Inactive(file):    47436 kB
Node 0 Unevictable:       13132 kB
Node 0 Mlocked:           13132 kB
Node 0 Dirty:               384 kB
Node 0 Writeback:             0 kB
Node 0 FilePages:         71108 kB
Node 0 Mapped:            14616 kB
Node 0 AnonPages:         28852 kB
Node 0 Shmem:               468 kB
Node 0 KernelStack:        2136 kB
Node 0 PageTables:          424 kB
Node 0 NFS_Unstable:          0 kB
Node 0 Bounce:                0 kB
Node 0 WritebackTmp:          0 kB
Node 0 KReclaimable:      19432 kB
Node 0 Slab:              57372 kB
Node 0 SReclaimable:      19432 kB
Node 0 SUnreclaim:        37940 kB
Node 0 AnonHugePages:         0 kB
Node 0 ShmemHugePages:        0 kB
Node 0 ShmemPmdMapped:        0 kB
Node 0 FileHugePages:        0 kB
Node 0 FilePmdMapped:        0 kB
Node 0 HugePages_Total:     0
Node 0 HugePages_Free:      0
Node 0 HugePages_Surp:      0

Node 1 MemTotal:       24661580 kB
Node 1 MemFree:        24276836 kB
Node 1 MemUsed:          384744 kB
Node 1 Active:            70676 kB
Node 1 Inactive:          34348 kB
Node 1 Active(anon):      22504 kB
Node 1 Inactive(anon):      572 kB
Node 1 Active(file):      48172 kB
Node 1 Inactive(file):    33776 kB
Node 1 Unevictable:        5392 kB
Node 1 Mlocked:            5392 kB
Node 1 Dirty:               104 kB
Node 1 Writeback:             0 kB
Node 1 FilePages:         88136 kB
Node 1 Mapped:            28568 kB
Node 1 AnonPages:         22236 kB
Node 1 Shmem:               800 kB
Node 1 KernelStack:        1640 kB
Node 1 PageTables:         1004 kB
Node 1 NFS_Unstable:          0 kB
Node 1 Bounce:                0 kB
Node 1 WritebackTmp:          0 kB
Node 1 KReclaimable:      23064 kB
Node 1 Slab:              52116 kB
Node 1 SReclaimable:      23064 kB
Node 1 SUnreclaim:        29052 kB
Node 1 AnonHugePages:         0 kB
Node 1 ShmemHugePages:        0 kB
Node 1 ShmemPmdMapped:        0 kB
Node 1 FileHugePages:        0 kB
Node 1 FilePmdMapped:        0 kB
Node 1 HugePages_Total:     0
Node 1 HugePages_Free:      0
Node 1 HugePages_Surp:      0

Import tank ZPool
Node 0 MemTotal:       24768352 kB
Node 0 MemFree:        24516964 kB
Node 0 MemUsed:          251388 kB
Node 0 Active:            35344 kB
Node 0 Inactive:          47740 kB
Node 0 Active(anon):      14920 kB
Node 0 Inactive(anon):      300 kB
Node 0 Active(file):      20424 kB
Node 0 Inactive(file):    47440 kB
Node 0 Unevictable:       13132 kB
Node 0 Mlocked:           13132 kB
Node 0 Dirty:               156 kB
Node 0 Writeback:             0 kB
Node 0 FilePages:         71136 kB
Node 0 Mapped:            14700 kB
Node 0 AnonPages:         25080 kB
Node 0 Shmem:               468 kB
Node 0 KernelStack:        3272 kB
Node 0 PageTables:          424 kB
Node 0 NFS_Unstable:          0 kB
Node 0 Bounce:                0 kB
Node 0 WritebackTmp:          0 kB
Node 0 KReclaimable:      19440 kB
Node 0 Slab:              59820 kB
Node 0 SReclaimable:      19440 kB
Node 0 SUnreclaim:        40380 kB
Node 0 AnonHugePages:         0 kB
Node 0 ShmemHugePages:        0 kB
Node 0 ShmemPmdMapped:        0 kB
Node 0 FileHugePages:        0 kB
Node 0 FilePmdMapped:        0 kB
Node 0 HugePages_Total:     0
Node 0 HugePages_Free:      0
Node 0 HugePages_Surp:      0

Node 1 MemTotal:       24661580 kB
Node 1 MemFree:        24273600 kB
Node 1 MemUsed:          387980 kB
Node 1 Active:            67008 kB
Node 1 Inactive:          35496 kB
Node 1 Active(anon):      18452 kB
Node 1 Inactive(anon):      576 kB
Node 1 Active(file):      48556 kB
Node 1 Inactive(file):    34920 kB
Node 1 Unevictable:        5392 kB
Node 1 Mlocked:            5392 kB
Node 1 Dirty:               164 kB
Node 1 Writeback:             0 kB
Node 1 FilePages:         89684 kB
Node 1 Mapped:            28536 kB
Node 1 AnonPages:         18300 kB
Node 1 Shmem:               800 kB
Node 1 KernelStack:        1464 kB
Node 1 PageTables:          708 kB
Node 1 NFS_Unstable:          0 kB
Node 1 Bounce:                0 kB
Node 1 WritebackTmp:          0 kB
Node 1 KReclaimable:      23172 kB
Node 1 Slab:              57048 kB
Node 1 SReclaimable:      23172 kB
Node 1 SUnreclaim:        33876 kB
Node 1 AnonHugePages:         0 kB
Node 1 ShmemHugePages:        0 kB
Node 1 ShmemPmdMapped:        0 kB
Node 1 FileHugePages:        0 kB
Node 1 FilePmdMapped:        0 kB
Node 1 HugePages_Total:     0
Node 1 HugePages_Free:      0
Node 1 HugePages_Surp:      0

After Test
Node 0 MemTotal:       24768352 kB
Node 0 MemFree:        23746788 kB
Node 0 MemUsed:         1021564 kB
Node 0 Active:            35352 kB
Node 0 Inactive:          47724 kB
Node 0 Active(anon):      14912 kB
Node 0 Inactive(anon):      300 kB
Node 0 Active(file):      20440 kB
Node 0 Inactive(file):    47424 kB
Node 0 Unevictable:       13132 kB
Node 0 Mlocked:           13132 kB
Node 0 Dirty:                12 kB
Node 0 Writeback:             0 kB
Node 0 FilePages:         71136 kB
Node 0 Mapped:            14680 kB
Node 0 AnonPages:         25072 kB
Node 0 Shmem:               468 kB
Node 0 KernelStack:        3224 kB
Node 0 PageTables:          424 kB
Node 0 NFS_Unstable:          0 kB
Node 0 Bounce:                0 kB
Node 0 WritebackTmp:          0 kB
Node 0 KReclaimable:      19472 kB
Node 0 Slab:              62412 kB
Node 0 SReclaimable:      19472 kB
Node 0 SUnreclaim:        42940 kB
Node 0 AnonHugePages:         0 kB
Node 0 ShmemHugePages:        0 kB
Node 0 ShmemPmdMapped:        0 kB
Node 0 FileHugePages:        0 kB
Node 0 FilePmdMapped:        0 kB
Node 0 HugePages_Total:     0
Node 0 HugePages_Free:      0
Node 0 HugePages_Surp:      0

Node 1 MemTotal:       24661580 kB
Node 1 MemFree:        20011284 kB
Node 1 MemUsed:         4650296 kB
Node 1 Active:            67544 kB
Node 1 Inactive:          35256 kB
Node 1 Active(anon):      18236 kB
Node 1 Inactive(anon):      576 kB
Node 1 Active(file):      49308 kB
Node 1 Inactive(file):    34680 kB
Node 1 Unevictable:        5392 kB
Node 1 Mlocked:            5392 kB
Node 1 Dirty:                20 kB
Node 1 Writeback:             0 kB
Node 1 FilePages:         90192 kB
Node 1 Mapped:            28428 kB
Node 1 AnonPages:         18068 kB
Node 1 Shmem:               800 kB
Node 1 KernelStack:        1444 kB
Node 1 PageTables:          648 kB
Node 1 NFS_Unstable:          0 kB
Node 1 Bounce:                0 kB
Node 1 WritebackTmp:          0 kB
Node 1 KReclaimable:      23288 kB
Node 1 Slab:              74576 kB
Node 1 SReclaimable:      23288 kB
Node 1 SUnreclaim:        51288 kB
Node 1 AnonHugePages:         0 kB
Node 1 ShmemHugePages:        0 kB
Node 1 ShmemPmdMapped:        0 kB
Node 1 FileHugePages:        0 kB
Node 1 FilePmdMapped:        0 kB
Node 1 HugePages_Total:     0
Node 1 HugePages_Free:      0
Node 1 HugePages_Surp:      0

After Opposite Node
Node 0 MemTotal:       24768352 kB
Node 0 MemFree:        23744564 kB
Node 0 MemUsed:         1023788 kB
Node 0 Active:            35960 kB
Node 0 Inactive:          47492 kB
Node 0 Active(anon):      15280 kB
Node 0 Inactive(anon):      300 kB
Node 0 Active(file):      20680 kB
Node 0 Inactive(file):    47192 kB
Node 0 Unevictable:       13132 kB
Node 0 Mlocked:           13132 kB
Node 0 Dirty:                16 kB
Node 0 Writeback:             0 kB
Node 0 FilePages:         71144 kB
Node 0 Mapped:            14668 kB
Node 0 AnonPages:         25532 kB
Node 0 Shmem:               468 kB
Node 0 KernelStack:        3224 kB
Node 0 PageTables:          472 kB
Node 0 NFS_Unstable:          0 kB
Node 0 Bounce:                0 kB
Node 0 WritebackTmp:          0 kB
Node 0 KReclaimable:      19504 kB
Node 0 Slab:              63316 kB
Node 0 SReclaimable:      19504 kB
Node 0 SUnreclaim:        43812 kB
Node 0 AnonHugePages:         0 kB
Node 0 ShmemHugePages:        0 kB
Node 0 ShmemPmdMapped:        0 kB
Node 0 FileHugePages:        0 kB
Node 0 FilePmdMapped:        0 kB
Node 0 HugePages_Total:     0
Node 0 HugePages_Free:      0
Node 0 HugePages_Surp:      0

Node 1 MemTotal:       24661580 kB
Node 1 MemFree:        20012892 kB
Node 1 MemUsed:         4648688 kB
Node 1 Active:            67208 kB
Node 1 Inactive:          35208 kB
Node 1 Active(anon):      17836 kB
Node 1 Inactive(anon):      576 kB
Node 1 Active(file):      49372 kB
Node 1 Inactive(file):    34632 kB
Node 1 Unevictable:        5392 kB
Node 1 Mlocked:            5392 kB
Node 1 Dirty:                36 kB
Node 1 Writeback:             0 kB
Node 1 FilePages:         90208 kB
Node 1 Mapped:            28416 kB
Node 1 AnonPages:         17616 kB
Node 1 Shmem:               800 kB
Node 1 KernelStack:        1384 kB
Node 1 PageTables:          592 kB
Node 1 NFS_Unstable:          0 kB
Node 1 Bounce:                0 kB
Node 1 WritebackTmp:          0 kB
Node 1 KReclaimable:      23288 kB
Node 1 Slab:              74324 kB
Node 1 SReclaimable:      23288 kB
Node 1 SUnreclaim:        51036 kB
Node 1 AnonHugePages:         0 kB
Node 1 ShmemHugePages:        0 kB
Node 1 ShmemPmdMapped:        0 kB
Node 1 FileHugePages:        0 kB
Node 1 FilePmdMapped:        0 kB
Node 1 HugePages_Total:     0
Node 1 HugePages_Free:      0
Node 1 HugePages_Surp:      0

U.1.huge-simpleread.4G.2.O.1M Complete!
