U.1.huge-simpleread.4G.3.O.1M
Begin
Node 0 MemTotal:       24768352 kB
Node 0 MemFree:        24540756 kB
Node 0 MemUsed:          227596 kB
Node 0 Active:            52996 kB
Node 0 Inactive:          20636 kB
Node 0 Active(anon):       9772 kB
Node 0 Inactive(anon):      496 kB
Node 0 Active(file):      43224 kB
Node 0 Inactive(file):    20140 kB
Node 0 Unevictable:       17776 kB
Node 0 Mlocked:           17776 kB
Node 0 Dirty:                 4 kB
Node 0 Writeback:             0 kB
Node 0 FilePages:         71540 kB
Node 0 Mapped:            26856 kB
Node 0 AnonPages:         19908 kB
Node 0 Shmem:               728 kB
Node 0 KernelStack:        1992 kB
Node 0 PageTables:          428 kB
Node 0 NFS_Unstable:          0 kB
Node 0 Bounce:                0 kB
Node 0 WritebackTmp:          0 kB
Node 0 KReclaimable:      17188 kB
Node 0 Slab:              48980 kB
Node 0 SReclaimable:      17188 kB
Node 0 SUnreclaim:        31792 kB
Node 0 AnonHugePages:         0 kB
Node 0 ShmemHugePages:        0 kB
Node 0 ShmemPmdMapped:        0 kB
Node 0 FileHugePages:        0 kB
Node 0 FilePmdMapped:        0 kB
Node 0 HugePages_Total:     0
Node 0 HugePages_Free:      0
Node 0 HugePages_Surp:      0

Node 1 MemTotal:       24661580 kB
Node 1 MemFree:        24256872 kB
Node 1 MemUsed:          404708 kB
Node 1 Active:            43752 kB
Node 1 Inactive:          89320 kB
Node 1 Active(anon):      23868 kB
Node 1 Inactive(anon):      360 kB
Node 1 Active(file):      19884 kB
Node 1 Inactive(file):    88960 kB
Node 1 Unevictable:         748 kB
Node 1 Mlocked:             748 kB
Node 1 Dirty:               512 kB
Node 1 Writeback:             0 kB
Node 1 FilePages:        110156 kB
Node 1 Mapped:            45300 kB
Node 1 AnonPages:         23744 kB
Node 1 Shmem:               540 kB
Node 1 KernelStack:        1624 kB
Node 1 PageTables:          728 kB
Node 1 NFS_Unstable:          0 kB
Node 1 Bounce:                0 kB
Node 1 WritebackTmp:          0 kB
Node 1 KReclaimable:      24588 kB
Node 1 Slab:              57140 kB
Node 1 SReclaimable:      24588 kB
Node 1 SUnreclaim:        32552 kB
Node 1 AnonHugePages:         0 kB
Node 1 ShmemHugePages:        0 kB
Node 1 ShmemPmdMapped:        0 kB
Node 1 FileHugePages:        0 kB
Node 1 FilePmdMapped:        0 kB
Node 1 HugePages_Total:     0
Node 1 HugePages_Free:      0
Node 1 HugePages_Surp:      0

Load ZFS
Node 0 MemTotal:       24768352 kB
Node 0 MemFree:        24537080 kB
Node 0 MemUsed:          231272 kB
Node 0 Active:            56856 kB
Node 0 Inactive:          20540 kB
Node 0 Active(anon):      12500 kB
Node 0 Inactive(anon):      496 kB
Node 0 Active(file):      44356 kB
Node 0 Inactive(file):    20044 kB
Node 0 Unevictable:       17776 kB
Node 0 Mlocked:           17776 kB
Node 0 Dirty:                 4 kB
Node 0 Writeback:             0 kB
Node 0 FilePages:         72576 kB
Node 0 Mapped:            27016 kB
Node 0 AnonPages:         22732 kB
Node 0 Shmem:               728 kB
Node 0 KernelStack:        2056 kB
Node 0 PageTables:          428 kB
Node 0 NFS_Unstable:          0 kB
Node 0 Bounce:                0 kB
Node 0 WritebackTmp:          0 kB
Node 0 KReclaimable:      17716 kB
Node 0 Slab:              51128 kB
Node 0 SReclaimable:      17716 kB
Node 0 SUnreclaim:        33412 kB
Node 0 AnonHugePages:         0 kB
Node 0 ShmemHugePages:        0 kB
Node 0 ShmemPmdMapped:        0 kB
Node 0 FileHugePages:        0 kB
Node 0 FilePmdMapped:        0 kB
Node 0 HugePages_Total:     0
Node 0 HugePages_Free:      0
Node 0 HugePages_Surp:      0

Node 1 MemTotal:       24661580 kB
Node 1 MemFree:        24246948 kB
Node 1 MemUsed:          414632 kB
Node 1 Active:            54064 kB
Node 1 Inactive:          85428 kB
Node 1 Active(anon):      28772 kB
Node 1 Inactive(anon):      360 kB
Node 1 Active(file):      25292 kB
Node 1 Inactive(file):    85068 kB
Node 1 Unevictable:         748 kB
Node 1 Mlocked:             748 kB
Node 1 Dirty:               548 kB
Node 1 Writeback:             0 kB
Node 1 FilePages:        111644 kB
Node 1 Mapped:            45304 kB
Node 1 AnonPages:         28240 kB
Node 1 Shmem:               540 kB
Node 1 KernelStack:        1784 kB
Node 1 PageTables:         1228 kB
Node 1 NFS_Unstable:          0 kB
Node 1 Bounce:                0 kB
Node 1 WritebackTmp:          0 kB
Node 1 KReclaimable:      25020 kB
Node 1 Slab:              59216 kB
Node 1 SReclaimable:      25020 kB
Node 1 SUnreclaim:        34196 kB
Node 1 AnonHugePages:         0 kB
Node 1 ShmemHugePages:        0 kB
Node 1 ShmemPmdMapped:        0 kB
Node 1 FileHugePages:        0 kB
Node 1 FilePmdMapped:        0 kB
Node 1 HugePages_Total:     0
Node 1 HugePages_Free:      0
Node 1 HugePages_Surp:      0

Import tank ZPool
Node 0 MemTotal:       24768352 kB
Node 0 MemFree:        24537624 kB
Node 0 MemUsed:          230728 kB
Node 0 Active:            56952 kB
Node 0 Inactive:          20504 kB
Node 0 Active(anon):      12536 kB
Node 0 Inactive(anon):      496 kB
Node 0 Active(file):      44416 kB
Node 0 Inactive(file):    20008 kB
Node 0 Unevictable:       17776 kB
Node 0 Mlocked:           17776 kB
Node 0 Dirty:                28 kB
Node 0 Writeback:             0 kB
Node 0 FilePages:         72600 kB
Node 0 Mapped:            27076 kB
Node 0 AnonPages:         22732 kB
Node 0 Shmem:               728 kB
Node 0 KernelStack:        2040 kB
Node 0 PageTables:          428 kB
Node 0 NFS_Unstable:          0 kB
Node 0 Bounce:                0 kB
Node 0 WritebackTmp:          0 kB
Node 0 KReclaimable:      17716 kB
Node 0 Slab:              52140 kB
Node 0 SReclaimable:      17716 kB
Node 0 SUnreclaim:        34424 kB
Node 0 AnonHugePages:         0 kB
Node 0 ShmemHugePages:        0 kB
Node 0 ShmemPmdMapped:        0 kB
Node 0 FileHugePages:        0 kB
Node 0 FilePmdMapped:        0 kB
Node 0 HugePages_Total:     0
Node 0 HugePages_Free:      0
Node 0 HugePages_Surp:      0

Node 1 MemTotal:       24661580 kB
Node 1 MemFree:        24224632 kB
Node 1 MemUsed:          436948 kB
Node 1 Active:            54536 kB
Node 1 Inactive:          86612 kB
Node 1 Active(anon):      28864 kB
Node 1 Inactive(anon):      364 kB
Node 1 Active(file):      25672 kB
Node 1 Inactive(file):    86248 kB
Node 1 Unevictable:         748 kB
Node 1 Mlocked:             748 kB
Node 1 Dirty:               348 kB
Node 1 Writeback:             0 kB
Node 1 FilePages:        113208 kB
Node 1 Mapped:            45584 kB
Node 1 AnonPages:         28784 kB
Node 1 Shmem:               540 kB
Node 1 KernelStack:        2920 kB
Node 1 PageTables:         1316 kB
Node 1 NFS_Unstable:          0 kB
Node 1 Bounce:                0 kB
Node 1 WritebackTmp:          0 kB
Node 1 KReclaimable:      25148 kB
Node 1 Slab:              66052 kB
Node 1 SReclaimable:      25148 kB
Node 1 SUnreclaim:        40904 kB
Node 1 AnonHugePages:         0 kB
Node 1 ShmemHugePages:        0 kB
Node 1 ShmemPmdMapped:        0 kB
Node 1 FileHugePages:        0 kB
Node 1 FilePmdMapped:        0 kB
Node 1 HugePages_Total:     0
Node 1 HugePages_Free:      0
Node 1 HugePages_Surp:      0

After Test
Node 0 MemTotal:       24768352 kB
Node 0 MemFree:        24055264 kB
Node 0 MemUsed:          713088 kB
Node 0 Active:            54116 kB
Node 0 Inactive:          20412 kB
Node 0 Active(anon):       9612 kB
Node 0 Inactive(anon):      492 kB
Node 0 Active(file):      44504 kB
Node 0 Inactive(file):    19920 kB
Node 0 Unevictable:       17776 kB
Node 0 Mlocked:           17776 kB
Node 0 Dirty:                 4 kB
Node 0 Writeback:             0 kB
Node 0 FilePages:         72596 kB
Node 0 Mapped:            26924 kB
Node 0 AnonPages:         19716 kB
Node 0 Shmem:               724 kB
Node 0 KernelStack:        1944 kB
Node 0 PageTables:          428 kB
Node 0 NFS_Unstable:          0 kB
Node 0 Bounce:                0 kB
Node 0 WritebackTmp:          0 kB
Node 0 KReclaimable:      17796 kB
Node 0 Slab:              54140 kB
Node 0 SReclaimable:      17796 kB
Node 0 SUnreclaim:        36344 kB
Node 0 AnonHugePages:         0 kB
Node 0 ShmemHugePages:        0 kB
Node 0 ShmemPmdMapped:        0 kB
Node 0 FileHugePages:        0 kB
Node 0 FilePmdMapped:        0 kB
Node 0 HugePages_Total:     0
Node 0 HugePages_Free:      0
Node 0 HugePages_Surp:      0

Node 1 MemTotal:       24661580 kB
Node 1 MemFree:        19676404 kB
Node 1 MemUsed:         4985176 kB
Node 1 Active:            49828 kB
Node 1 Inactive:          86380 kB
Node 1 Active(anon):      23412 kB
Node 1 Inactive(anon):      368 kB
Node 1 Active(file):      26416 kB
Node 1 Inactive(file):    86012 kB
Node 1 Unevictable:         748 kB
Node 1 Mlocked:             748 kB
Node 1 Dirty:                24 kB
Node 1 Writeback:             0 kB
Node 1 FilePages:        113716 kB
Node 1 Mapped:            45324 kB
Node 1 AnonPages:         23316 kB
Node 1 Shmem:               544 kB
Node 1 KernelStack:        2664 kB
Node 1 PageTables:          740 kB
Node 1 NFS_Unstable:          0 kB
Node 1 Bounce:                0 kB
Node 1 WritebackTmp:          0 kB
Node 1 KReclaimable:      25272 kB
Node 1 Slab:              83776 kB
Node 1 SReclaimable:      25272 kB
Node 1 SUnreclaim:        58504 kB
Node 1 AnonHugePages:         0 kB
Node 1 ShmemHugePages:        0 kB
Node 1 ShmemPmdMapped:        0 kB
Node 1 FileHugePages:        0 kB
Node 1 FilePmdMapped:        0 kB
Node 1 HugePages_Total:     0
Node 1 HugePages_Free:      0
Node 1 HugePages_Surp:      0

After Opposite Node
Node 0 MemTotal:       24768352 kB
Node 0 MemFree:        24054644 kB
Node 0 MemUsed:          713708 kB
Node 0 Active:            54704 kB
Node 0 Inactive:          20200 kB
Node 0 Active(anon):       9984 kB
Node 0 Inactive(anon):      492 kB
Node 0 Active(file):      44720 kB
Node 0 Inactive(file):    19708 kB
Node 0 Unevictable:       17776 kB
Node 0 Mlocked:           17776 kB
Node 0 Dirty:                 8 kB
Node 0 Writeback:             0 kB
Node 0 FilePages:         72600 kB
Node 0 Mapped:            26924 kB
Node 0 AnonPages:         20172 kB
Node 0 Shmem:               724 kB
Node 0 KernelStack:        1944 kB
Node 0 PageTables:          488 kB
Node 0 NFS_Unstable:          0 kB
Node 0 Bounce:                0 kB
Node 0 WritebackTmp:          0 kB
Node 0 KReclaimable:      17828 kB
Node 0 Slab:              55096 kB
Node 0 SReclaimable:      17828 kB
Node 0 SUnreclaim:        37268 kB
Node 0 AnonHugePages:         0 kB
Node 0 ShmemHugePages:        0 kB
Node 0 ShmemPmdMapped:        0 kB
Node 0 FileHugePages:        0 kB
Node 0 FilePmdMapped:        0 kB
Node 0 HugePages_Total:     0
Node 0 HugePages_Free:      0
Node 0 HugePages_Surp:      0

Node 1 MemTotal:       24661580 kB
Node 1 MemFree:        19674772 kB
Node 1 MemUsed:         4986808 kB
Node 1 Active:            49524 kB
Node 1 Inactive:          86332 kB
Node 1 Active(anon):      23044 kB
Node 1 Inactive(anon):      368 kB
Node 1 Active(file):      26480 kB
Node 1 Inactive(file):    85964 kB
Node 1 Unevictable:         748 kB
Node 1 Mlocked:             748 kB
Node 1 Dirty:                40 kB
Node 1 Writeback:             0 kB
Node 1 FilePages:        113732 kB
Node 1 Mapped:            45316 kB
Node 1 AnonPages:         22872 kB
Node 1 Shmem:               544 kB
Node 1 KernelStack:        2664 kB
Node 1 PageTables:          680 kB
Node 1 NFS_Unstable:          0 kB
Node 1 Bounce:                0 kB
Node 1 WritebackTmp:          0 kB
Node 1 KReclaimable:      25272 kB
Node 1 Slab:              83776 kB
Node 1 SReclaimable:      25272 kB
Node 1 SUnreclaim:        58504 kB
Node 1 AnonHugePages:         0 kB
Node 1 ShmemHugePages:        0 kB
Node 1 ShmemPmdMapped:        0 kB
Node 1 FileHugePages:        0 kB
Node 1 FilePmdMapped:        0 kB
Node 1 HugePages_Total:     0
Node 1 HugePages_Free:      0
Node 1 HugePages_Surp:      0

U.1.huge-simpleread.4G.3.O.1M Complete!
