U.1.huge-simpleread.250M.2.O.1M
Begin
Node 0 MemTotal:       24768352 kB
Node 0 MemFree:        24528260 kB
Node 0 MemUsed:          240092 kB
Node 0 Active:            55492 kB
Node 0 Inactive:          41500 kB
Node 0 Active(anon):      11364 kB
Node 0 Inactive(anon):      360 kB
Node 0 Active(file):      44128 kB
Node 0 Inactive(file):    41140 kB
Node 0 Unevictable:        4564 kB
Node 0 Mlocked:            4564 kB
Node 0 Dirty:                56 kB
Node 0 Writeback:             0 kB
Node 0 FilePages:         90304 kB
Node 0 Mapped:            40480 kB
Node 0 AnonPages:         11288 kB
Node 0 Shmem:               476 kB
Node 0 KernelStack:        2136 kB
Node 0 PageTables:          448 kB
Node 0 NFS_Unstable:          0 kB
Node 0 Bounce:                0 kB
Node 0 WritebackTmp:          0 kB
Node 0 KReclaimable:      19480 kB
Node 0 Slab:              50620 kB
Node 0 SReclaimable:      19480 kB
Node 0 SUnreclaim:        31140 kB
Node 0 AnonHugePages:         0 kB
Node 0 ShmemHugePages:        0 kB
Node 0 ShmemPmdMapped:        0 kB
Node 0 FileHugePages:        0 kB
Node 0 FilePmdMapped:        0 kB
Node 0 HugePages_Total:     0
Node 0 HugePages_Free:      0
Node 0 HugePages_Surp:      0

Node 1 MemTotal:       24661580 kB
Node 1 MemFree:        24272708 kB
Node 1 MemUsed:          388872 kB
Node 1 Active:            40412 kB
Node 1 Inactive:          62584 kB
Node 1 Active(anon):      23112 kB
Node 1 Inactive(anon):      508 kB
Node 1 Active(file):      17300 kB
Node 1 Inactive(file):    62076 kB
Node 1 Unevictable:       13960 kB
Node 1 Mlocked:           13960 kB
Node 1 Dirty:                20 kB
Node 1 Writeback:             0 kB
Node 1 FilePages:         83944 kB
Node 1 Mapped:            18684 kB
Node 1 AnonPages:         32880 kB
Node 1 Shmem:               792 kB
Node 1 KernelStack:        1432 kB
Node 1 PageTables:          656 kB
Node 1 NFS_Unstable:          0 kB
Node 1 Bounce:                0 kB
Node 1 WritebackTmp:          0 kB
Node 1 KReclaimable:      21656 kB
Node 1 Slab:              54380 kB
Node 1 SReclaimable:      21656 kB
Node 1 SUnreclaim:        32724 kB
Node 1 AnonHugePages:         0 kB
Node 1 ShmemHugePages:        0 kB
Node 1 ShmemPmdMapped:        0 kB
Node 1 FileHugePages:        0 kB
Node 1 FilePmdMapped:        0 kB
Node 1 HugePages_Total:     0
Node 1 HugePages_Free:      0
Node 1 HugePages_Surp:      0

Load ZFS
Node 0 MemTotal:       24768352 kB
Node 0 MemFree:        24525052 kB
Node 0 MemUsed:          243300 kB
Node 0 Active:            56168 kB
Node 0 Inactive:          41960 kB
Node 0 Active(anon):      11416 kB
Node 0 Inactive(anon):      360 kB
Node 0 Active(file):      44752 kB
Node 0 Inactive(file):    41600 kB
Node 0 Unevictable:        4564 kB
Node 0 Mlocked:            4564 kB
Node 0 Dirty:               116 kB
Node 0 Writeback:             0 kB
Node 0 FilePages:         91388 kB
Node 0 Mapped:            40636 kB
Node 0 AnonPages:         11300 kB
Node 0 Shmem:               476 kB
Node 0 KernelStack:        2168 kB
Node 0 PageTables:          448 kB
Node 0 NFS_Unstable:          0 kB
Node 0 Bounce:                0 kB
Node 0 WritebackTmp:          0 kB
Node 0 KReclaimable:      19944 kB
Node 0 Slab:              52432 kB
Node 0 SReclaimable:      19944 kB
Node 0 SUnreclaim:        32488 kB
Node 0 AnonHugePages:         0 kB
Node 0 ShmemHugePages:        0 kB
Node 0 ShmemPmdMapped:        0 kB
Node 0 FileHugePages:        0 kB
Node 0 FilePmdMapped:        0 kB
Node 0 HugePages_Total:     0
Node 0 HugePages_Free:      0
Node 0 HugePages_Surp:      0

Node 1 MemTotal:       24661580 kB
Node 1 MemFree:        24267872 kB
Node 1 MemUsed:          393708 kB
Node 1 Active:            48244 kB
Node 1 Inactive:          57976 kB
Node 1 Active(anon):      24740 kB
Node 1 Inactive(anon):      508 kB
Node 1 Active(file):      23504 kB
Node 1 Inactive(file):    57468 kB
Node 1 Unevictable:       13960 kB
Node 1 Mlocked:           13960 kB
Node 1 Dirty:                28 kB
Node 1 Writeback:             0 kB
Node 1 FilePages:         85396 kB
Node 1 Mapped:            18652 kB
Node 1 AnonPages:         34716 kB
Node 1 Shmem:               792 kB
Node 1 KernelStack:        1448 kB
Node 1 PageTables:          864 kB
Node 1 NFS_Unstable:          0 kB
Node 1 Bounce:                0 kB
Node 1 WritebackTmp:          0 kB
Node 1 KReclaimable:      22268 kB
Node 1 Slab:              55860 kB
Node 1 SReclaimable:      22268 kB
Node 1 SUnreclaim:        33592 kB
Node 1 AnonHugePages:         0 kB
Node 1 ShmemHugePages:        0 kB
Node 1 ShmemPmdMapped:        0 kB
Node 1 FileHugePages:        0 kB
Node 1 FilePmdMapped:        0 kB
Node 1 HugePages_Total:     0
Node 1 HugePages_Free:      0
Node 1 HugePages_Surp:      0

Import tank ZPool
Node 0 MemTotal:       24768352 kB
Node 0 MemFree:        24512872 kB
Node 0 MemUsed:          255480 kB
Node 0 Active:            55340 kB
Node 0 Inactive:          41960 kB
Node 0 Active(anon):      10588 kB
Node 0 Inactive(anon):      360 kB
Node 0 Active(file):      44752 kB
Node 0 Inactive(file):    41600 kB
Node 0 Unevictable:        4564 kB
Node 0 Mlocked:            4564 kB
Node 0 Dirty:               140 kB
Node 0 Writeback:             0 kB
Node 0 FilePages:         91424 kB
Node 0 Mapped:            40780 kB
Node 0 AnonPages:         10476 kB
Node 0 Shmem:               472 kB
Node 0 KernelStack:        3192 kB
Node 0 PageTables:          448 kB
Node 0 NFS_Unstable:          0 kB
Node 0 Bounce:                0 kB
Node 0 WritebackTmp:          0 kB
Node 0 KReclaimable:      19944 kB
Node 0 Slab:              54952 kB
Node 0 SReclaimable:      19944 kB
Node 0 SUnreclaim:        35008 kB
Node 0 AnonHugePages:         0 kB
Node 0 ShmemHugePages:        0 kB
Node 0 ShmemPmdMapped:        0 kB
Node 0 FileHugePages:        0 kB
Node 0 FilePmdMapped:        0 kB
Node 0 HugePages_Total:     0
Node 0 HugePages_Free:      0
Node 0 HugePages_Surp:      0

Node 1 MemTotal:       24661580 kB
Node 1 MemFree:        24263304 kB
Node 1 MemUsed:          398276 kB
Node 1 Active:            46880 kB
Node 1 Inactive:          58844 kB
Node 1 Active(anon):      22720 kB
Node 1 Inactive(anon):      512 kB
Node 1 Active(file):      24160 kB
Node 1 Inactive(file):    58332 kB
Node 1 Unevictable:       13960 kB
Node 1 Mlocked:           13960 kB
Node 1 Dirty:                48 kB
Node 1 Writeback:             0 kB
Node 1 FilePages:         86924 kB
Node 1 Mapped:            18916 kB
Node 1 AnonPages:         32444 kB
Node 1 Shmem:               796 kB
Node 1 KernelStack:        1496 kB
Node 1 PageTables:          772 kB
Node 1 NFS_Unstable:          0 kB
Node 1 Bounce:                0 kB
Node 1 WritebackTmp:          0 kB
Node 1 KReclaimable:      22412 kB
Node 1 Slab:              61288 kB
Node 1 SReclaimable:      22412 kB
Node 1 SUnreclaim:        38876 kB
Node 1 AnonHugePages:         0 kB
Node 1 ShmemHugePages:        0 kB
Node 1 ShmemPmdMapped:        0 kB
Node 1 FileHugePages:        0 kB
Node 1 FilePmdMapped:        0 kB
Node 1 HugePages_Total:     0
Node 1 HugePages_Free:      0
Node 1 HugePages_Surp:      0

After Test
Node 0 MemTotal:       24768352 kB
Node 0 MemFree:        24374596 kB
Node 0 MemUsed:          393756 kB
Node 0 Active:            55764 kB
Node 0 Inactive:          41956 kB
Node 0 Active(anon):      11008 kB
Node 0 Inactive(anon):      360 kB
Node 0 Active(file):      44756 kB
Node 0 Inactive(file):    41596 kB
Node 0 Unevictable:        4564 kB
Node 0 Mlocked:            4564 kB
Node 0 Dirty:               140 kB
Node 0 Writeback:             0 kB
Node 0 FilePages:         91424 kB
Node 0 Mapped:            40500 kB
Node 0 AnonPages:         10900 kB
Node 0 Shmem:               472 kB
Node 0 KernelStack:        3192 kB
Node 0 PageTables:          448 kB
Node 0 NFS_Unstable:          0 kB
Node 0 Bounce:                0 kB
Node 0 WritebackTmp:          0 kB
Node 0 KReclaimable:      19944 kB
Node 0 Slab:              55432 kB
Node 0 SReclaimable:      19944 kB
Node 0 SUnreclaim:        35488 kB
Node 0 AnonHugePages:         0 kB
Node 0 ShmemHugePages:        0 kB
Node 0 ShmemPmdMapped:        0 kB
Node 0 FileHugePages:        0 kB
Node 0 FilePmdMapped:        0 kB
Node 0 HugePages_Total:     0
Node 0 HugePages_Free:      0
Node 0 HugePages_Surp:      0

Node 1 MemTotal:       24661580 kB
Node 1 MemFree:        23870132 kB
Node 1 MemUsed:          791448 kB
Node 1 Active:            47732 kB
Node 1 Inactive:          58848 kB
Node 1 Active(anon):      23116 kB
Node 1 Inactive(anon):      512 kB
Node 1 Active(file):      24616 kB
Node 1 Inactive(file):    58336 kB
Node 1 Unevictable:       13960 kB
Node 1 Mlocked:           13960 kB
Node 1 Dirty:                48 kB
Node 1 Writeback:             0 kB
Node 1 FilePages:         87380 kB
Node 1 Mapped:            18708 kB
Node 1 AnonPages:         33252 kB
Node 1 Shmem:               796 kB
Node 1 KernelStack:        1544 kB
Node 1 PageTables:          796 kB
Node 1 NFS_Unstable:          0 kB
Node 1 Bounce:                0 kB
Node 1 WritebackTmp:          0 kB
Node 1 KReclaimable:      22448 kB
Node 1 Slab:              63960 kB
Node 1 SReclaimable:      22448 kB
Node 1 SUnreclaim:        41512 kB
Node 1 AnonHugePages:         0 kB
Node 1 ShmemHugePages:        0 kB
Node 1 ShmemPmdMapped:        0 kB
Node 1 FileHugePages:        0 kB
Node 1 FilePmdMapped:        0 kB
Node 1 HugePages_Total:     0
Node 1 HugePages_Free:      0
Node 1 HugePages_Surp:      0

After Opposite Node
Node 0 MemTotal:       24768352 kB
Node 0 MemFree:        24373532 kB
Node 0 MemUsed:          394820 kB
Node 0 Active:            56056 kB
Node 0 Inactive:          41956 kB
Node 0 Active(anon):      11300 kB
Node 0 Inactive(anon):      360 kB
Node 0 Active(file):      44756 kB
Node 0 Inactive(file):    41596 kB
Node 0 Unevictable:        4564 kB
Node 0 Mlocked:            4564 kB
Node 0 Dirty:               140 kB
Node 0 Writeback:             0 kB
Node 0 FilePages:         91424 kB
Node 0 Mapped:            40480 kB
Node 0 AnonPages:         10908 kB
Node 0 Shmem:               472 kB
Node 0 KernelStack:        3192 kB
Node 0 PageTables:          448 kB
Node 0 NFS_Unstable:          0 kB
Node 0 Bounce:                0 kB
Node 0 WritebackTmp:          0 kB
Node 0 KReclaimable:      19944 kB
Node 0 Slab:              55432 kB
Node 0 SReclaimable:      19944 kB
Node 0 SUnreclaim:        35488 kB
Node 0 AnonHugePages:         0 kB
Node 0 ShmemHugePages:        0 kB
Node 0 ShmemPmdMapped:        0 kB
Node 0 FileHugePages:        0 kB
Node 0 FilePmdMapped:        0 kB
Node 0 HugePages_Total:     0
Node 0 HugePages_Free:      0
Node 0 HugePages_Surp:      0

Node 1 MemTotal:       24661580 kB
Node 1 MemFree:        23870320 kB
Node 1 MemUsed:          791260 kB
Node 1 Active:            47640 kB
Node 1 Inactive:          58656 kB
Node 1 Active(anon):      22812 kB
Node 1 Inactive(anon):      512 kB
Node 1 Active(file):      24828 kB
Node 1 Inactive(file):    58144 kB
Node 1 Unevictable:       13960 kB
Node 1 Mlocked:           13960 kB
Node 1 Dirty:                68 kB
Node 1 Writeback:             0 kB
Node 1 FilePages:         87400 kB
Node 1 Mapped:            18680 kB
Node 1 AnonPages:         32928 kB
Node 1 Shmem:               796 kB
Node 1 KernelStack:        1512 kB
Node 1 PageTables:          752 kB
Node 1 NFS_Unstable:          0 kB
Node 1 Bounce:                0 kB
Node 1 WritebackTmp:          0 kB
Node 1 KReclaimable:      22448 kB
Node 1 Slab:              64020 kB
Node 1 SReclaimable:      22448 kB
Node 1 SUnreclaim:        41572 kB
Node 1 AnonHugePages:         0 kB
Node 1 ShmemHugePages:        0 kB
Node 1 ShmemPmdMapped:        0 kB
Node 1 FileHugePages:        0 kB
Node 1 FilePmdMapped:        0 kB
Node 1 HugePages_Total:     0
Node 1 HugePages_Free:      0
Node 1 HugePages_Surp:      0

U.1.huge-simpleread.250M.2.O.1M Complete!
