B.1.fio.16G.2.O
Begin
Node 0 MemTotal:       24768352 kB
Node 0 MemFree:        24378068 kB
Node 0 MemUsed:          390284 kB
Node 0 Active:            32100 kB
Node 0 Inactive:          73572 kB
Node 0 Active(anon):      16148 kB
Node 0 Inactive(anon):      300 kB
Node 0 Active(file):      15952 kB
Node 0 Inactive(file):    73272 kB
Node 0 Unevictable:       12680 kB
Node 0 Mlocked:           12680 kB
Node 0 Dirty:               128 kB
Node 0 Writeback:             0 kB
Node 0 FilePages:         92008 kB
Node 0 Mapped:            32204 kB
Node 0 AnonPages:         26468 kB
Node 0 Shmem:               432 kB
Node 0 KernelStack:        2200 kB
Node 0 PageTables:          692 kB
Node 0 NFS_Unstable:          0 kB
Node 0 Bounce:                0 kB
Node 0 WritebackTmp:          0 kB
Node 0 KReclaimable:      19848 kB
Node 0 Slab:              52524 kB
Node 0 SReclaimable:      19848 kB
Node 0 SUnreclaim:        32676 kB
Node 0 AnonHugePages:         0 kB
Node 0 ShmemHugePages:        0 kB
Node 0 ShmemPmdMapped:        0 kB
Node 0 FileHugePages:        0 kB
Node 0 FilePmdMapped:        0 kB
Node 0 HugePages_Total:     0
Node 0 HugePages_Free:      0
Node 0 HugePages_Surp:      0

Node 1 MemTotal:       24661580 kB
Node 1 MemFree:        24430224 kB
Node 1 MemUsed:          231356 kB
Node 1 Active:            62456 kB
Node 1 Inactive:          25292 kB
Node 1 Active(anon):      17368 kB
Node 1 Inactive(anon):      564 kB
Node 1 Active(file):      45088 kB
Node 1 Inactive(file):    24728 kB
Node 1 Unevictable:        5844 kB
Node 1 Mlocked:            5844 kB
Node 1 Dirty:                48 kB
Node 1 Writeback:             0 kB
Node 1 FilePages:         76636 kB
Node 1 Mapped:            23304 kB
Node 1 AnonPages:         17096 kB
Node 1 Shmem:               836 kB
Node 1 KernelStack:        1400 kB
Node 1 PageTables:          400 kB
Node 1 NFS_Unstable:          0 kB
Node 1 Bounce:                0 kB
Node 1 WritebackTmp:          0 kB
Node 1 KReclaimable:      21252 kB
Node 1 Slab:              52804 kB
Node 1 SReclaimable:      21252 kB
Node 1 SUnreclaim:        31552 kB
Node 1 AnonHugePages:         0 kB
Node 1 ShmemHugePages:        0 kB
Node 1 ShmemPmdMapped:        0 kB
Node 1 FileHugePages:        0 kB
Node 1 FilePmdMapped:        0 kB
Node 1 HugePages_Total:     0
Node 1 HugePages_Free:      0
Node 1 HugePages_Surp:      0

Load ZFS
Node 0 MemTotal:       24768352 kB
Node 0 MemFree:        24465856 kB
Node 0 MemUsed:          302496 kB
Node 0 Active:            49348 kB
Node 0 Inactive:          94240 kB
Node 0 Active(anon):      31804 kB
Node 0 Inactive(anon):      468 kB
Node 0 Active(file):      17544 kB
Node 0 Inactive(file):    93772 kB
Node 0 Unevictable:       12896 kB
Node 0 Mlocked:           12896 kB
Node 0 Dirty:               340 kB
Node 0 Writeback:             0 kB
Node 0 FilePages:        114508 kB
Node 0 Mapped:            33392 kB
Node 0 AnonPages:         41872 kB
Node 0 Shmem:               700 kB
Node 0 KernelStack:        2504 kB
Node 0 PageTables:         1524 kB
Node 0 NFS_Unstable:          0 kB
Node 0 Bounce:                0 kB
Node 0 WritebackTmp:          0 kB
Node 0 KReclaimable:      20636 kB
Node 0 Slab:              55328 kB
Node 0 SReclaimable:      20636 kB
Node 0 SUnreclaim:        34692 kB
Node 0 AnonHugePages:         0 kB
Node 0 ShmemHugePages:        0 kB
Node 0 ShmemPmdMapped:        0 kB
Node 0 FileHugePages:        0 kB
Node 0 FilePmdMapped:        0 kB
Node 0 HugePages_Total:     0
Node 0 HugePages_Free:      0
Node 0 HugePages_Surp:      0

Node 1 MemTotal:       24661580 kB
Node 1 MemFree:        24197292 kB
Node 1 MemUsed:          464288 kB
Node 1 Active:            75756 kB
Node 1 Inactive:         107984 kB
Node 1 Active(anon):      29104 kB
Node 1 Inactive(anon):      204 kB
Node 1 Active(file):      46652 kB
Node 1 Inactive(file):   107780 kB
Node 1 Unevictable:        5844 kB
Node 1 Mlocked:            5844 kB
Node 1 Dirty:                76 kB
Node 1 Writeback:             0 kB
Node 1 FilePages:        160736 kB
Node 1 Mapped:            26724 kB
Node 1 AnonPages:         29024 kB
Node 1 Shmem:               568 kB
Node 1 KernelStack:        1788 kB
Node 1 PageTables:          828 kB
Node 1 NFS_Unstable:          0 kB
Node 1 Bounce:                0 kB
Node 1 WritebackTmp:          0 kB
Node 1 KReclaimable:      22164 kB
Node 1 Slab:              57396 kB
Node 1 SReclaimable:      22164 kB
Node 1 SUnreclaim:        35232 kB
Node 1 AnonHugePages:         0 kB
Node 1 ShmemHugePages:        0 kB
Node 1 ShmemPmdMapped:        0 kB
Node 1 FileHugePages:        0 kB
Node 1 FilePmdMapped:        0 kB
Node 1 HugePages_Total:     0
Node 1 HugePages_Free:      0
Node 1 HugePages_Surp:      0

Import tank ZPool
Node 0 MemTotal:       24768352 kB
Node 0 MemFree:        24476992 kB
Node 0 MemUsed:          291360 kB
Node 0 Active:            32948 kB
Node 0 Inactive:          94352 kB
Node 0 Active(anon):      15452 kB
Node 0 Inactive(anon):      596 kB
Node 0 Active(file):      17496 kB
Node 0 Inactive(file):    93756 kB
Node 0 Unevictable:       12912 kB
Node 0 Mlocked:           12912 kB
Node 0 Dirty:               476 kB
Node 0 Writeback:             0 kB
Node 0 FilePages:        114360 kB
Node 0 Mapped:            32504 kB
Node 0 AnonPages:         25740 kB
Node 0 Shmem:               756 kB
Node 0 KernelStack:        2392 kB
Node 0 PageTables:         1124 kB
Node 0 NFS_Unstable:          0 kB
Node 0 Bounce:                0 kB
Node 0 WritebackTmp:          0 kB
Node 0 KReclaimable:      20668 kB
Node 0 Slab:              56268 kB
Node 0 SReclaimable:      20668 kB
Node 0 SUnreclaim:        35600 kB
Node 0 AnonHugePages:         0 kB
Node 0 ShmemHugePages:        0 kB
Node 0 ShmemPmdMapped:        0 kB
Node 0 FileHugePages:        0 kB
Node 0 FilePmdMapped:        0 kB
Node 0 HugePages_Total:     0
Node 0 HugePages_Free:      0
Node 0 HugePages_Surp:      0

Node 1 MemTotal:       24661580 kB
Node 1 MemFree:        24190236 kB
Node 1 MemUsed:          471344 kB
Node 1 Active:            66112 kB
Node 1 Inactive:         108884 kB
Node 1 Active(anon):      19136 kB
Node 1 Inactive(anon):      352 kB
Node 1 Active(file):      46976 kB
Node 1 Inactive(file):   108532 kB
Node 1 Unevictable:        5844 kB
Node 1 Mlocked:            5844 kB
Node 1 Dirty:                92 kB
Node 1 Writeback:             0 kB
Node 1 FilePages:        161860 kB
Node 1 Mapped:            24060 kB
Node 1 AnonPages:         18028 kB
Node 1 Shmem:               512 kB
Node 1 KernelStack:        2616 kB
Node 1 PageTables:          816 kB
Node 1 NFS_Unstable:          0 kB
Node 1 Bounce:                0 kB
Node 1 WritebackTmp:          0 kB
Node 1 KReclaimable:      22412 kB
Node 1 Slab:              63932 kB
Node 1 SReclaimable:      22412 kB
Node 1 SUnreclaim:        41520 kB
Node 1 AnonHugePages:         0 kB
Node 1 ShmemHugePages:        0 kB
Node 1 ShmemPmdMapped:        0 kB
Node 1 FileHugePages:        0 kB
Node 1 FilePmdMapped:        0 kB
Node 1 HugePages_Total:     0
Node 1 HugePages_Free:      0
Node 1 HugePages_Surp:      0

After Opposite Node
Node 0 MemTotal:       24768352 kB
Node 0 MemFree:         7044384 kB
Node 0 MemUsed:        17723968 kB
Node 0 Active:            33720 kB
Node 0 Inactive:          95560 kB
Node 0 Active(anon):      15172 kB
Node 0 Inactive(anon):      632 kB
Node 0 Active(file):      18548 kB
Node 0 Inactive(file):    94928 kB
Node 0 Unevictable:       12912 kB
Node 0 Mlocked:           12912 kB
Node 0 Dirty:                 8 kB
Node 0 Writeback:             0 kB
Node 0 FilePages:        116640 kB
Node 0 Mapped:            32544 kB
Node 0 AnonPages:         25484 kB
Node 0 Shmem:               796 kB
Node 0 KernelStack:        2136 kB
Node 0 PageTables:          804 kB
Node 0 NFS_Unstable:          0 kB
Node 0 Bounce:                0 kB
Node 0 WritebackTmp:          0 kB
Node 0 KReclaimable:      21996 kB
Node 0 Slab:             117456 kB
Node 0 SReclaimable:      21996 kB
Node 0 SUnreclaim:        95460 kB
Node 0 AnonHugePages:         0 kB
Node 0 ShmemHugePages:        0 kB
Node 0 ShmemPmdMapped:        0 kB
Node 0 FileHugePages:        0 kB
Node 0 FilePmdMapped:        0 kB
Node 0 HugePages_Total:     0
Node 0 HugePages_Free:      0
Node 0 HugePages_Surp:      0

Node 1 MemTotal:       24661580 kB
Node 1 MemFree:        23687344 kB
Node 1 MemUsed:          974236 kB
Node 1 Active:            66100 kB
Node 1 Inactive:         108324 kB
Node 1 Active(anon):      18252 kB
Node 1 Inactive(anon):      352 kB
Node 1 Active(file):      47848 kB
Node 1 Inactive(file):   107972 kB
Node 1 Unevictable:        5844 kB
Node 1 Mlocked:            5844 kB
Node 1 Dirty:                16 kB
Node 1 Writeback:             0 kB
Node 1 FilePages:        162176 kB
Node 1 Mapped:            23300 kB
Node 1 AnonPages:         18088 kB
Node 1 Shmem:               516 kB
Node 1 KernelStack:        2344 kB
Node 1 PageTables:          452 kB
Node 1 NFS_Unstable:          0 kB
Node 1 Bounce:                0 kB
Node 1 WritebackTmp:          0 kB
Node 1 KReclaimable:      22488 kB
Node 1 Slab:              65248 kB
Node 1 SReclaimable:      22488 kB
Node 1 SUnreclaim:        42760 kB
Node 1 AnonHugePages:         0 kB
Node 1 ShmemHugePages:        0 kB
Node 1 ShmemPmdMapped:        0 kB
Node 1 FileHugePages:        0 kB
Node 1 FilePmdMapped:        0 kB
Node 1 HugePages_Total:     0
Node 1 HugePages_Free:      0
Node 1 HugePages_Surp:      0

After Test
Node 0 MemTotal:       24768352 kB
Node 0 MemFree:         6659332 kB
Node 0 MemUsed:        18109020 kB
Node 0 Active:            33724 kB
Node 0 Inactive:          95324 kB
Node 0 Active(anon):      14956 kB
Node 0 Inactive(anon):      588 kB
Node 0 Active(file):      18768 kB
Node 0 Inactive(file):    94736 kB
Node 0 Unevictable:       12912 kB
Node 0 Mlocked:           12912 kB
Node 0 Dirty:                 8 kB
Node 0 Writeback:             0 kB
Node 0 FilePages:        116612 kB
Node 0 Mapped:            32488 kB
Node 0 AnonPages:         25352 kB
Node 0 Shmem:               752 kB
Node 0 KernelStack:        2056 kB
Node 0 PageTables:          620 kB
Node 0 NFS_Unstable:          0 kB
Node 0 Bounce:                0 kB
Node 0 WritebackTmp:          0 kB
Node 0 KReclaimable:      22008 kB
Node 0 Slab:             118748 kB
Node 0 SReclaimable:      22008 kB
Node 0 SUnreclaim:        96740 kB
Node 0 AnonHugePages:         0 kB
Node 0 ShmemHugePages:        0 kB
Node 0 ShmemPmdMapped:        0 kB
Node 0 FileHugePages:        0 kB
Node 0 FilePmdMapped:        0 kB
Node 0 HugePages_Total:     0
Node 0 HugePages_Free:      0
Node 0 HugePages_Surp:      0

Node 1 MemTotal:       24661580 kB
Node 1 MemFree:        23689460 kB
Node 1 MemUsed:          972120 kB
Node 1 Active:            66436 kB
Node 1 Inactive:         108360 kB
Node 1 Active(anon):      18524 kB
Node 1 Inactive(anon):      396 kB
Node 1 Active(file):      47912 kB
Node 1 Inactive(file):   107964 kB
Node 1 Unevictable:        5844 kB
Node 1 Mlocked:            5844 kB
Node 1 Dirty:                16 kB
Node 1 Writeback:             0 kB
Node 1 FilePages:        162292 kB
Node 1 Mapped:            23344 kB
Node 1 AnonPages:         18228 kB
Node 1 Shmem:               560 kB
Node 1 KernelStack:        2424 kB
Node 1 PageTables:          624 kB
Node 1 NFS_Unstable:          0 kB
Node 1 Bounce:                0 kB
Node 1 WritebackTmp:          0 kB
Node 1 KReclaimable:      22600 kB
Node 1 Slab:              65684 kB
Node 1 SReclaimable:      22600 kB
Node 1 SUnreclaim:        43084 kB
Node 1 AnonHugePages:         0 kB
Node 1 ShmemHugePages:        0 kB
Node 1 ShmemPmdMapped:        0 kB
Node 1 FileHugePages:        0 kB
Node 1 FilePmdMapped:        0 kB
Node 1 HugePages_Total:     0
Node 1 HugePages_Free:      0
Node 1 HugePages_Surp:      0

B.1.fio.16G.2.O Complete!
