B.1.fio.1-128K.2.O
Begin
Node 0 MemTotal:       24768352 kB
Node 0 MemFree:        24412960 kB
Node 0 MemUsed:          355392 kB
Node 0 Active:            44152 kB
Node 0 Inactive:          26256 kB
Node 0 Active(anon):      12972 kB
Node 0 Inactive(anon):      468 kB
Node 0 Active(file):      31180 kB
Node 0 Inactive(file):    25788 kB
Node 0 Unevictable:       13100 kB
Node 0 Mlocked:           13100 kB
Node 0 Dirty:               296 kB
Node 0 Writeback:             0 kB
Node 0 FilePages:         60324 kB
Node 0 Mapped:            17412 kB
Node 0 AnonPages:         23220 kB
Node 0 Shmem:               584 kB
Node 0 KernelStack:        2184 kB
Node 0 PageTables:          448 kB
Node 0 NFS_Unstable:          0 kB
Node 0 Bounce:                0 kB
Node 0 WritebackTmp:          0 kB
Node 0 KReclaimable:      24300 kB
Node 0 Slab:              54468 kB
Node 0 SReclaimable:      24300 kB
Node 0 SUnreclaim:        30168 kB
Node 0 AnonHugePages:         0 kB
Node 0 ShmemHugePages:        0 kB
Node 0 ShmemPmdMapped:        0 kB
Node 0 FileHugePages:        0 kB
Node 0 FilePmdMapped:        0 kB
Node 0 HugePages_Total:     0
Node 0 HugePages_Free:      0
Node 0 HugePages_Surp:      0

Node 1 MemTotal:       24661580 kB
Node 1 MemFree:        24395104 kB
Node 1 MemUsed:          266476 kB
Node 1 Active:            50836 kB
Node 1 Inactive:          72408 kB
Node 1 Active(anon):      20616 kB
Node 1 Inactive(anon):      424 kB
Node 1 Active(file):      30220 kB
Node 1 Inactive(file):    71984 kB
Node 1 Unevictable:        5424 kB
Node 1 Mlocked:            5424 kB
Node 1 Dirty:               220 kB
Node 1 Writeback:             0 kB
Node 1 FilePages:        108460 kB
Node 1 Mapped:            39196 kB
Node 1 AnonPages:         20436 kB
Node 1 Shmem:               684 kB
Node 1 KernelStack:        1432 kB
Node 1 PageTables:          684 kB
Node 1 NFS_Unstable:          0 kB
Node 1 Bounce:                0 kB
Node 1 WritebackTmp:          0 kB
Node 1 KReclaimable:      17004 kB
Node 1 Slab:              50936 kB
Node 1 SReclaimable:      17004 kB
Node 1 SUnreclaim:        33932 kB
Node 1 AnonHugePages:         0 kB
Node 1 ShmemHugePages:        0 kB
Node 1 ShmemPmdMapped:        0 kB
Node 1 FileHugePages:        0 kB
Node 1 FilePmdMapped:        0 kB
Node 1 HugePages_Total:     0
Node 1 HugePages_Free:      0
Node 1 HugePages_Surp:      0

Load ZFS
Node 0 MemTotal:       24768352 kB
Node 0 MemFree:        24438328 kB
Node 0 MemUsed:          330024 kB
Node 0 Active:            53796 kB
Node 0 Inactive:         121360 kB
Node 0 Active(anon):      21788 kB
Node 0 Inactive(anon):      448 kB
Node 0 Active(file):      32008 kB
Node 0 Inactive(file):   120912 kB
Node 0 Unevictable:       13312 kB
Node 0 Mlocked:           13312 kB
Node 0 Dirty:                60 kB
Node 0 Writeback:             0 kB
Node 0 FilePages:        156264 kB
Node 0 Mapped:            18988 kB
Node 0 AnonPages:         32356 kB
Node 0 Shmem:               572 kB
Node 0 KernelStack:        2484 kB
Node 0 PageTables:         1008 kB
Node 0 NFS_Unstable:          0 kB
Node 0 Bounce:                0 kB
Node 0 WritebackTmp:          0 kB
Node 0 KReclaimable:      25428 kB
Node 0 Slab:              57860 kB
Node 0 SReclaimable:      25428 kB
Node 0 SUnreclaim:        32432 kB
Node 0 AnonHugePages:         0 kB
Node 0 ShmemHugePages:        0 kB
Node 0 ShmemPmdMapped:        0 kB
Node 0 FileHugePages:        0 kB
Node 0 FilePmdMapped:        0 kB
Node 0 HugePages_Total:     0
Node 0 HugePages_Free:      0
Node 0 HugePages_Surp:      0

Node 1 MemTotal:       24661580 kB
Node 1 MemFree:        24223940 kB
Node 1 MemUsed:          437640 kB
Node 1 Active:            70444 kB
Node 1 Inactive:          80880 kB
Node 1 Active(anon):      38352 kB
Node 1 Inactive(anon):      496 kB
Node 1 Active(file):      32092 kB
Node 1 Inactive(file):    80384 kB
Node 1 Unevictable:        5424 kB
Node 1 Mlocked:            5424 kB
Node 1 Dirty:               532 kB
Node 1 Writeback:             0 kB
Node 1 FilePages:        118592 kB
Node 1 Mapped:            41528 kB
Node 1 AnonPages:         38328 kB
Node 1 Shmem:               696 kB
Node 1 KernelStack:        1736 kB
Node 1 PageTables:         1832 kB
Node 1 NFS_Unstable:          0 kB
Node 1 Bounce:                0 kB
Node 1 WritebackTmp:          0 kB
Node 1 KReclaimable:      17604 kB
Node 1 Slab:              55292 kB
Node 1 SReclaimable:      17604 kB
Node 1 SUnreclaim:        37688 kB
Node 1 AnonHugePages:         0 kB
Node 1 ShmemHugePages:        0 kB
Node 1 ShmemPmdMapped:        0 kB
Node 1 FileHugePages:        0 kB
Node 1 FilePmdMapped:        0 kB
Node 1 HugePages_Total:     0
Node 1 HugePages_Free:      0
Node 1 HugePages_Surp:      0

Import tank ZPool
Node 0 MemTotal:       24768352 kB
Node 0 MemFree:        24430624 kB
Node 0 MemUsed:          337728 kB
Node 0 Active:            53544 kB
Node 0 Inactive:         121364 kB
Node 0 Active(anon):      21536 kB
Node 0 Inactive(anon):      448 kB
Node 0 Active(file):      32008 kB
Node 0 Inactive(file):   120916 kB
Node 0 Unevictable:       13328 kB
Node 0 Mlocked:           13328 kB
Node 0 Dirty:                52 kB
Node 0 Writeback:             0 kB
Node 0 FilePages:        156264 kB
Node 0 Mapped:            19032 kB
Node 0 AnonPages:         31972 kB
Node 0 Shmem:               568 kB
Node 0 KernelStack:        3384 kB
Node 0 PageTables:          976 kB
Node 0 NFS_Unstable:          0 kB
Node 0 Bounce:                0 kB
Node 0 WritebackTmp:          0 kB
Node 0 KReclaimable:      25436 kB
Node 0 Slab:              60208 kB
Node 0 SReclaimable:      25436 kB
Node 0 SUnreclaim:        34772 kB
Node 0 AnonHugePages:         0 kB
Node 0 ShmemHugePages:        0 kB
Node 0 ShmemPmdMapped:        0 kB
Node 0 FileHugePages:        0 kB
Node 0 FilePmdMapped:        0 kB
Node 0 HugePages_Total:     0
Node 0 HugePages_Free:      0
Node 0 HugePages_Surp:      0

Node 1 MemTotal:       24661580 kB
Node 1 MemFree:        24211172 kB
Node 1 MemUsed:          450408 kB
Node 1 Active:            70584 kB
Node 1 Inactive:          82068 kB
Node 1 Active(anon):      38140 kB
Node 1 Inactive(anon):      500 kB
Node 1 Active(file):      32444 kB
Node 1 Inactive(file):    81568 kB
Node 1 Unevictable:        5424 kB
Node 1 Mlocked:            5424 kB
Node 1 Dirty:               560 kB
Node 1 Writeback:             0 kB
Node 1 FilePages:        120132 kB
Node 1 Mapped:            41488 kB
Node 1 AnonPages:         37568 kB
Node 1 Shmem:               700 kB
Node 1 KernelStack:        1784 kB
Node 1 PageTables:         1904 kB
Node 1 NFS_Unstable:          0 kB
Node 1 Bounce:                0 kB
Node 1 WritebackTmp:          0 kB
Node 1 KReclaimable:      17720 kB
Node 1 Slab:              59904 kB
Node 1 SReclaimable:      17720 kB
Node 1 SUnreclaim:        42184 kB
Node 1 AnonHugePages:         0 kB
Node 1 ShmemHugePages:        0 kB
Node 1 ShmemPmdMapped:        0 kB
Node 1 FileHugePages:        0 kB
Node 1 FilePmdMapped:        0 kB
Node 1 HugePages_Total:     0
Node 1 HugePages_Free:      0
Node 1 HugePages_Surp:      0

After Opposite Node
Node 0 MemTotal:       24768352 kB
Node 0 MemFree:        24425928 kB
Node 0 MemUsed:          342424 kB
Node 0 Active:            54608 kB
Node 0 Inactive:         122560 kB
Node 0 Active(anon):      21708 kB
Node 0 Inactive(anon):      480 kB
Node 0 Active(file):      32900 kB
Node 0 Inactive(file):   122080 kB
Node 0 Unevictable:       13328 kB
Node 0 Mlocked:           13328 kB
Node 0 Dirty:                56 kB
Node 0 Writeback:             0 kB
Node 0 FilePages:        158364 kB
Node 0 Mapped:            19256 kB
Node 0 AnonPages:         32072 kB
Node 0 Shmem:               612 kB
Node 0 KernelStack:        3480 kB
Node 0 PageTables:         1148 kB
Node 0 NFS_Unstable:          0 kB
Node 0 Bounce:                0 kB
Node 0 WritebackTmp:          0 kB
Node 0 KReclaimable:      26744 kB
Node 0 Slab:              61840 kB
Node 0 SReclaimable:      26744 kB
Node 0 SUnreclaim:        35096 kB
Node 0 AnonHugePages:         0 kB
Node 0 ShmemHugePages:        0 kB
Node 0 ShmemPmdMapped:        0 kB
Node 0 FileHugePages:        0 kB
Node 0 FilePmdMapped:        0 kB
Node 0 HugePages_Total:     0
Node 0 HugePages_Free:      0
Node 0 HugePages_Surp:      0

Node 1 MemTotal:       24661580 kB
Node 1 MemFree:        24211484 kB
Node 1 MemUsed:          450096 kB
Node 1 Active:            70796 kB
Node 1 Inactive:          81792 kB
Node 1 Active(anon):      37912 kB
Node 1 Inactive(anon):      496 kB
Node 1 Active(file):      32884 kB
Node 1 Inactive(file):    81296 kB
Node 1 Unevictable:        5424 kB
Node 1 Mlocked:            5424 kB
Node 1 Dirty:               572 kB
Node 1 Writeback:             0 kB
Node 1 FilePages:        120300 kB
Node 1 Mapped:            41232 kB
Node 1 AnonPages:         37708 kB
Node 1 Shmem:               700 kB
Node 1 KernelStack:        1752 kB
Node 1 PageTables:         1792 kB
Node 1 NFS_Unstable:          0 kB
Node 1 Bounce:                0 kB
Node 1 WritebackTmp:          0 kB
Node 1 KReclaimable:      17724 kB
Node 1 Slab:              59872 kB
Node 1 SReclaimable:      17724 kB
Node 1 SUnreclaim:        42148 kB
Node 1 AnonHugePages:         0 kB
Node 1 ShmemHugePages:        0 kB
Node 1 ShmemPmdMapped:        0 kB
Node 1 FileHugePages:        0 kB
Node 1 FilePmdMapped:        0 kB
Node 1 HugePages_Total:     0
Node 1 HugePages_Free:      0
Node 1 HugePages_Surp:      0

After Test
Node 0 MemTotal:       24768352 kB
Node 0 MemFree:        24426388 kB
Node 0 MemUsed:          341964 kB
Node 0 Active:            54620 kB
Node 0 Inactive:         122348 kB
Node 0 Active(anon):      21540 kB
Node 0 Inactive(anon):      444 kB
Node 0 Active(file):      33080 kB
Node 0 Inactive(file):   121904 kB
Node 0 Unevictable:       13328 kB
Node 0 Mlocked:           13328 kB
Node 0 Dirty:                60 kB
Node 0 Writeback:             0 kB
Node 0 FilePages:        158324 kB
Node 0 Mapped:            19212 kB
Node 0 AnonPages:         31972 kB
Node 0 Shmem:               568 kB
Node 0 KernelStack:        3448 kB
Node 0 PageTables:          976 kB
Node 0 NFS_Unstable:          0 kB
Node 0 Bounce:                0 kB
Node 0 WritebackTmp:          0 kB
Node 0 KReclaimable:      26744 kB
Node 0 Slab:              61680 kB
Node 0 SReclaimable:      26744 kB
Node 0 SUnreclaim:        34936 kB
Node 0 AnonHugePages:         0 kB
Node 0 ShmemHugePages:        0 kB
Node 0 ShmemPmdMapped:        0 kB
Node 0 FileHugePages:        0 kB
Node 0 FilePmdMapped:        0 kB
Node 0 HugePages_Total:     0
Node 0 HugePages_Free:      0
Node 0 HugePages_Surp:      0

Node 1 MemTotal:       24661580 kB
Node 1 MemFree:        24210252 kB
Node 1 MemUsed:          451328 kB
Node 1 Active:            70980 kB
Node 1 Inactive:          81808 kB
Node 1 Active(anon):      38072 kB
Node 1 Inactive(anon):      520 kB
Node 1 Active(file):      32908 kB
Node 1 Inactive(file):    81288 kB
Node 1 Unevictable:        5424 kB
Node 1 Mlocked:            5424 kB
Node 1 Dirty:               588 kB
Node 1 Writeback:             0 kB
Node 1 FilePages:        120360 kB
Node 1 Mapped:            41276 kB
Node 1 AnonPages:         37764 kB
Node 1 Shmem:               744 kB
Node 1 KernelStack:        1768 kB
Node 1 PageTables:         1900 kB
Node 1 NFS_Unstable:          0 kB
Node 1 Bounce:                0 kB
Node 1 WritebackTmp:          0 kB
Node 1 KReclaimable:      17764 kB
Node 1 Slab:              60064 kB
Node 1 SReclaimable:      17764 kB
Node 1 SUnreclaim:        42300 kB
Node 1 AnonHugePages:         0 kB
Node 1 ShmemHugePages:        0 kB
Node 1 ShmemPmdMapped:        0 kB
Node 1 FileHugePages:        0 kB
Node 1 FilePmdMapped:        0 kB
Node 1 HugePages_Total:     0
Node 1 HugePages_Free:      0
Node 1 HugePages_Surp:      0

B.1.fio.1-128K.2.O Complete!
