B.1.fio.8G.3.O
Begin
Node 0 MemTotal:       24743736 kB
Node 0 MemFree:        24532376 kB
Node 0 MemUsed:          211360 kB
Node 0 Active:            26524 kB
Node 0 Inactive:          44108 kB
Node 0 Active(anon):      14580 kB
Node 0 Inactive(anon):      524 kB
Node 0 Active(file):      11944 kB
Node 0 Inactive(file):    43584 kB
Node 0 Unevictable:       13236 kB
Node 0 Mlocked:           13236 kB
Node 0 Dirty:               112 kB
Node 0 Writeback:             0 kB
Node 0 FilePages:         59136 kB
Node 0 Mapped:            10916 kB
Node 0 AnonPages:         24812 kB
Node 0 Shmem:               700 kB
Node 0 KernelStack:        1992 kB
Node 0 PageTables:          472 kB
Node 0 NFS_Unstable:          0 kB
Node 0 Bounce:                0 kB
Node 0 WritebackTmp:          0 kB
Node 0 KReclaimable:      18328 kB
Node 0 Slab:              47152 kB
Node 0 SReclaimable:      18328 kB
Node 0 SUnreclaim:        28824 kB
Node 0 AnonHugePages:         0 kB
Node 0 ShmemHugePages:        0 kB
Node 0 ShmemPmdMapped:        0 kB
Node 0 FileHugePages:        0 kB
Node 0 FilePmdMapped:        0 kB
Node 0 HugePages_Total:     0
Node 0 HugePages_Free:      0
Node 0 HugePages_Surp:      0

Node 1 MemTotal:       24686196 kB
Node 1 MemFree:        24269816 kB
Node 1 MemUsed:          416380 kB
Node 1 Active:            67584 kB
Node 1 Inactive:          63032 kB
Node 1 Active(anon):      18800 kB
Node 1 Inactive(anon):      336 kB
Node 1 Active(file):      48784 kB
Node 1 Inactive(file):    62696 kB
Node 1 Unevictable:        5288 kB
Node 1 Mlocked:            5288 kB
Node 1 Dirty:               320 kB
Node 1 Writeback:             0 kB
Node 1 FilePages:        117332 kB
Node 1 Mapped:            50924 kB
Node 1 AnonPages:         18564 kB
Node 1 Shmem:               568 kB
Node 1 KernelStack:        1672 kB
Node 1 PageTables:          704 kB
Node 1 NFS_Unstable:          0 kB
Node 1 Bounce:                0 kB
Node 1 WritebackTmp:          0 kB
Node 1 KReclaimable:      22932 kB
Node 1 Slab:              58316 kB
Node 1 SReclaimable:      22932 kB
Node 1 SUnreclaim:        35384 kB
Node 1 AnonHugePages:         0 kB
Node 1 ShmemHugePages:        0 kB
Node 1 ShmemPmdMapped:        0 kB
Node 1 FileHugePages:        0 kB
Node 1 FilePmdMapped:        0 kB
Node 1 HugePages_Total:     0
Node 1 HugePages_Free:      0
Node 1 HugePages_Surp:      0

Load ZFS
Node 0 MemTotal:       24743736 kB
Node 0 MemFree:        24412440 kB
Node 0 MemUsed:          331296 kB
Node 0 Active:            47172 kB
Node 0 Inactive:         133156 kB
Node 0 Active(anon):      33688 kB
Node 0 Inactive(anon):      484 kB
Node 0 Active(file):      13484 kB
Node 0 Inactive(file):   132672 kB
Node 0 Unevictable:       13320 kB
Node 0 Mlocked:           13320 kB
Node 0 Dirty:               112 kB
Node 0 Writeback:             0 kB
Node 0 FilePages:        149912 kB
Node 0 Mapped:            12288 kB
Node 0 AnonPages:         43568 kB
Node 0 Shmem:               704 kB
Node 0 KernelStack:        2460 kB
Node 0 PageTables:         2232 kB
Node 0 NFS_Unstable:          0 kB
Node 0 Bounce:                0 kB
Node 0 WritebackTmp:          0 kB
Node 0 KReclaimable:      19264 kB
Node 0 Slab:              52324 kB
Node 0 SReclaimable:      19264 kB
Node 0 SUnreclaim:        33060 kB
Node 0 AnonHugePages:         0 kB
Node 0 ShmemHugePages:        0 kB
Node 0 ShmemPmdMapped:        0 kB
Node 0 FileHugePages:        0 kB
Node 0 FilePmdMapped:        0 kB
Node 0 HugePages_Total:     0
Node 0 HugePages_Free:      0
Node 0 HugePages_Surp:      0

Node 1 MemTotal:       24686196 kB
Node 1 MemFree:        24244788 kB
Node 1 MemUsed:          441408 kB
Node 1 Active:            77260 kB
Node 1 Inactive:          77496 kB
Node 1 Active(anon):      27428 kB
Node 1 Inactive(anon):      528 kB
Node 1 Active(file):      49832 kB
Node 1 Inactive(file):    76968 kB
Node 1 Unevictable:        5288 kB
Node 1 Mlocked:            5288 kB
Node 1 Dirty:               664 kB
Node 1 Writeback:             0 kB
Node 1 FilePages:        132804 kB
Node 1 Mapped:            54552 kB
Node 1 AnonPages:         27012 kB
Node 1 Shmem:               564 kB
Node 1 KernelStack:        1852 kB
Node 1 PageTables:          452 kB
Node 1 NFS_Unstable:          0 kB
Node 1 Bounce:                0 kB
Node 1 WritebackTmp:          0 kB
Node 1 KReclaimable:      23540 kB
Node 1 Slab:              60712 kB
Node 1 SReclaimable:      23540 kB
Node 1 SUnreclaim:        37172 kB
Node 1 AnonHugePages:         0 kB
Node 1 ShmemHugePages:        0 kB
Node 1 ShmemPmdMapped:        0 kB
Node 1 FileHugePages:        0 kB
Node 1 FilePmdMapped:        0 kB
Node 1 HugePages_Total:     0
Node 1 HugePages_Free:      0
Node 1 HugePages_Surp:      0

Import tank ZPool
Node 0 MemTotal:       24743736 kB
Node 0 MemFree:        24407652 kB
Node 0 MemUsed:          336084 kB
Node 0 Active:            46144 kB
Node 0 Inactive:         133060 kB
Node 0 Active(anon):      32708 kB
Node 0 Inactive(anon):      524 kB
Node 0 Active(file):      13436 kB
Node 0 Inactive(file):   132536 kB
Node 0 Unevictable:       13468 kB
Node 0 Mlocked:           13468 kB
Node 0 Dirty:               120 kB
Node 0 Writeback:             0 kB
Node 0 FilePages:        149588 kB
Node 0 Mapped:            11756 kB
Node 0 AnonPages:         43116 kB
Node 0 Shmem:               676 kB
Node 0 KernelStack:        2392 kB
Node 0 PageTables:         1812 kB
Node 0 NFS_Unstable:          0 kB
Node 0 Bounce:                0 kB
Node 0 WritebackTmp:          0 kB
Node 0 KReclaimable:      19524 kB
Node 0 Slab:              53384 kB
Node 0 SReclaimable:      19524 kB
Node 0 SUnreclaim:        33860 kB
Node 0 AnonHugePages:         0 kB
Node 0 ShmemHugePages:        0 kB
Node 0 ShmemPmdMapped:        0 kB
Node 0 FileHugePages:        0 kB
Node 0 FilePmdMapped:        0 kB
Node 0 HugePages_Total:     0
Node 0 HugePages_Free:      0
Node 0 HugePages_Surp:      0

Node 1 MemTotal:       24686196 kB
Node 1 MemFree:        24229328 kB
Node 1 MemUsed:          456868 kB
Node 1 Active:            77708 kB
Node 1 Inactive:          78776 kB
Node 1 Active(anon):      27488 kB
Node 1 Inactive(anon):      428 kB
Node 1 Active(file):      50220 kB
Node 1 Inactive(file):    78348 kB
Node 1 Unevictable:        5288 kB
Node 1 Mlocked:            5288 kB
Node 1 Dirty:               564 kB
Node 1 Writeback:             0 kB
Node 1 FilePages:        134444 kB
Node 1 Mapped:            53784 kB
Node 1 AnonPages:         26952 kB
Node 1 Shmem:               592 kB
Node 1 KernelStack:        2888 kB
Node 1 PageTables:          904 kB
Node 1 NFS_Unstable:          0 kB
Node 1 Bounce:                0 kB
Node 1 WritebackTmp:          0 kB
Node 1 KReclaimable:      23736 kB
Node 1 Slab:              66296 kB
Node 1 SReclaimable:      23736 kB
Node 1 SUnreclaim:        42560 kB
Node 1 AnonHugePages:         0 kB
Node 1 ShmemHugePages:        0 kB
Node 1 ShmemPmdMapped:        0 kB
Node 1 FileHugePages:        0 kB
Node 1 FilePmdMapped:        0 kB
Node 1 HugePages_Total:     0
Node 1 HugePages_Free:      0
Node 1 HugePages_Surp:      0

After Opposite Node
Node 0 MemTotal:       24743736 kB
Node 0 MemFree:        15033560 kB
Node 0 MemUsed:         9710176 kB
Node 0 Active:            29488 kB
Node 0 Inactive:         134108 kB
Node 0 Active(anon):      14912 kB
Node 0 Inactive(anon):      552 kB
Node 0 Active(file):      14576 kB
Node 0 Inactive(file):   133556 kB
Node 0 Unevictable:       13468 kB
Node 0 Mlocked:           13468 kB
Node 0 Dirty:                 4 kB
Node 0 Writeback:             0 kB
Node 0 FilePages:        151760 kB
Node 0 Mapped:            11180 kB
Node 0 AnonPages:         25268 kB
Node 0 Shmem:               720 kB
Node 0 KernelStack:        1912 kB
Node 0 PageTables:          576 kB
Node 0 NFS_Unstable:          0 kB
Node 0 Bounce:                0 kB
Node 0 WritebackTmp:          0 kB
Node 0 KReclaimable:      20788 kB
Node 0 Slab:              89004 kB
Node 0 SReclaimable:      20788 kB
Node 0 SUnreclaim:        68216 kB
Node 0 AnonHugePages:         0 kB
Node 0 ShmemHugePages:        0 kB
Node 0 ShmemPmdMapped:        0 kB
Node 0 FileHugePages:        0 kB
Node 0 FilePmdMapped:        0 kB
Node 0 HugePages_Total:     0
Node 0 HugePages_Free:      0
Node 0 HugePages_Surp:      0

Node 1 MemTotal:       24686196 kB
Node 1 MemFree:        24096348 kB
Node 1 MemUsed:          589848 kB
Node 1 Active:            69516 kB
Node 1 Inactive:          78076 kB
Node 1 Active(anon):      18408 kB
Node 1 Inactive(anon):      420 kB
Node 1 Active(file):      51108 kB
Node 1 Inactive(file):    77656 kB
Node 1 Unevictable:        5288 kB
Node 1 Mlocked:            5288 kB
Node 1 Dirty:                 0 kB
Node 1 Writeback:             0 kB
Node 1 FilePages:        134640 kB
Node 1 Mapped:            50856 kB
Node 1 AnonPages:         18236 kB
Node 1 Shmem:               592 kB
Node 1 KernelStack:        2744 kB
Node 1 PageTables:          692 kB
Node 1 NFS_Unstable:          0 kB
Node 1 Bounce:                0 kB
Node 1 WritebackTmp:          0 kB
Node 1 KReclaimable:      23944 kB
Node 1 Slab:              67380 kB
Node 1 SReclaimable:      23944 kB
Node 1 SUnreclaim:        43436 kB
Node 1 AnonHugePages:         0 kB
Node 1 ShmemHugePages:        0 kB
Node 1 ShmemPmdMapped:        0 kB
Node 1 FileHugePages:        0 kB
Node 1 FilePmdMapped:        0 kB
Node 1 HugePages_Total:     0
Node 1 HugePages_Free:      0
Node 1 HugePages_Surp:      0

After Test
Node 0 MemTotal:       24743736 kB
Node 0 MemFree:        14879684 kB
Node 0 MemUsed:         9864052 kB
Node 0 Active:            29480 kB
Node 0 Inactive:         133936 kB
Node 0 Active(anon):      14720 kB
Node 0 Inactive(anon):      524 kB
Node 0 Active(file):      14760 kB
Node 0 Inactive(file):   133412 kB
Node 0 Unevictable:       13468 kB
Node 0 Mlocked:           13468 kB
Node 0 Dirty:                 0 kB
Node 0 Writeback:             0 kB
Node 0 FilePages:        151756 kB
Node 0 Mapped:            11212 kB
Node 0 AnonPages:         25128 kB
Node 0 Shmem:               676 kB
Node 0 KernelStack:        1912 kB
Node 0 PageTables:          396 kB
Node 0 NFS_Unstable:          0 kB
Node 0 Bounce:                0 kB
Node 0 WritebackTmp:          0 kB
Node 0 KReclaimable:      20788 kB
Node 0 Slab:              89688 kB
Node 0 SReclaimable:      20788 kB
Node 0 SUnreclaim:        68900 kB
Node 0 AnonHugePages:         0 kB
Node 0 ShmemHugePages:        0 kB
Node 0 ShmemPmdMapped:        0 kB
Node 0 FileHugePages:        0 kB
Node 0 FilePmdMapped:        0 kB
Node 0 HugePages_Total:     0
Node 0 HugePages_Free:      0
Node 0 HugePages_Surp:      0

Node 1 MemTotal:       24686196 kB
Node 1 MemFree:        24097928 kB
Node 1 MemUsed:          588268 kB
Node 1 Active:            69848 kB
Node 1 Inactive:          78112 kB
Node 1 Active(anon):      18680 kB
Node 1 Inactive(anon):      464 kB
Node 1 Active(file):      51168 kB
Node 1 Inactive(file):    77648 kB
Node 1 Unevictable:        5288 kB
Node 1 Mlocked:            5288 kB
Node 1 Dirty:                 4 kB
Node 1 Writeback:             0 kB
Node 1 FilePages:        134744 kB
Node 1 Mapped:            50960 kB
Node 1 AnonPages:         18376 kB
Node 1 Shmem:               636 kB
Node 1 KernelStack:        2728 kB
Node 1 PageTables:          872 kB
Node 1 NFS_Unstable:          0 kB
Node 1 Bounce:                0 kB
Node 1 WritebackTmp:          0 kB
Node 1 KReclaimable:      24052 kB
Node 1 Slab:              67648 kB
Node 1 SReclaimable:      24052 kB
Node 1 SUnreclaim:        43596 kB
Node 1 AnonHugePages:         0 kB
Node 1 ShmemHugePages:        0 kB
Node 1 ShmemPmdMapped:        0 kB
Node 1 FileHugePages:        0 kB
Node 1 FilePmdMapped:        0 kB
Node 1 HugePages_Total:     0
Node 1 HugePages_Free:      0
Node 1 HugePages_Surp:      0

B.1.fio.8G.3.O Complete!
