B.1.fio.2-1G.3.O
Begin
Node 0 MemTotal:       24768352 kB
Node 0 MemFree:        24493220 kB
Node 0 MemUsed:          275132 kB
Node 0 Active:            43780 kB
Node 0 Inactive:          68968 kB
Node 0 Active(anon):      19488 kB
Node 0 Inactive(anon):      388 kB
Node 0 Active(file):      24292 kB
Node 0 Inactive(file):    68580 kB
Node 0 Unevictable:       17388 kB
Node 0 Mlocked:           17388 kB
Node 0 Dirty:               476 kB
Node 0 Writeback:             0 kB
Node 0 FilePages:        100468 kB
Node 0 Mapped:            37660 kB
Node 0 AnonPages:         29720 kB
Node 0 Shmem:               528 kB
Node 0 KernelStack:        1976 kB
Node 0 PageTables:          756 kB
Node 0 NFS_Unstable:          0 kB
Node 0 Bounce:                0 kB
Node 0 WritebackTmp:          0 kB
Node 0 KReclaimable:      23176 kB
Node 0 Slab:              61400 kB
Node 0 SReclaimable:      23176 kB
Node 0 SUnreclaim:        38224 kB
Node 0 AnonHugePages:         0 kB
Node 0 ShmemHugePages:        0 kB
Node 0 ShmemPmdMapped:        0 kB
Node 0 FileHugePages:        0 kB
Node 0 FilePmdMapped:        0 kB
Node 0 HugePages_Total:     0
Node 0 HugePages_Free:      0
Node 0 HugePages_Surp:      0

Node 1 MemTotal:       24661580 kB
Node 1 MemFree:        24321384 kB
Node 1 MemUsed:          340196 kB
Node 1 Active:            50872 kB
Node 1 Inactive:          26036 kB
Node 1 Active(anon):      14284 kB
Node 1 Inactive(anon):      496 kB
Node 1 Active(file):      36588 kB
Node 1 Inactive(file):    25540 kB
Node 1 Unevictable:        1136 kB
Node 1 Mlocked:            1136 kB
Node 1 Dirty:                56 kB
Node 1 Writeback:             0 kB
Node 1 FilePages:         64004 kB
Node 1 Mapped:            15928 kB
Node 1 AnonPages:         14116 kB
Node 1 Shmem:               740 kB
Node 1 KernelStack:        1640 kB
Node 1 PageTables:          372 kB
Node 1 NFS_Unstable:          0 kB
Node 1 Bounce:                0 kB
Node 1 WritebackTmp:          0 kB
Node 1 KReclaimable:      18044 kB
Node 1 Slab:              43536 kB
Node 1 SReclaimable:      18044 kB
Node 1 SUnreclaim:        25492 kB
Node 1 AnonHugePages:         0 kB
Node 1 ShmemHugePages:        0 kB
Node 1 ShmemPmdMapped:        0 kB
Node 1 FileHugePages:        0 kB
Node 1 FilePmdMapped:        0 kB
Node 1 HugePages_Total:     0
Node 1 HugePages_Free:      0
Node 1 HugePages_Surp:      0

Load ZFS
Node 0 MemTotal:       24768352 kB
Node 0 MemFree:        24248096 kB
Node 0 MemUsed:          520256 kB
Node 0 Active:            60172 kB
Node 0 Inactive:         153632 kB
Node 0 Active(anon):      34360 kB
Node 0 Inactive(anon):      452 kB
Node 0 Active(file):      25812 kB
Node 0 Inactive(file):   153180 kB
Node 0 Unevictable:       17588 kB
Node 0 Mlocked:           17588 kB
Node 0 Dirty:               404 kB
Node 0 Writeback:             0 kB
Node 0 FilePages:        186644 kB
Node 0 Mapped:            38556 kB
Node 0 AnonPages:         44508 kB
Node 0 Shmem:               596 kB
Node 0 KernelStack:        2580 kB
Node 0 PageTables:         1664 kB
Node 0 NFS_Unstable:          0 kB
Node 0 Bounce:                0 kB
Node 0 WritebackTmp:          0 kB
Node 0 KReclaimable:      24020 kB
Node 0 Slab:              66072 kB
Node 0 SReclaimable:      24020 kB
Node 0 SUnreclaim:        42052 kB
Node 0 AnonHugePages:         0 kB
Node 0 ShmemHugePages:        0 kB
Node 0 ShmemPmdMapped:        0 kB
Node 0 FileHugePages:        0 kB
Node 0 FilePmdMapped:        0 kB
Node 0 HugePages_Total:     0
Node 0 HugePages_Free:      0
Node 0 HugePages_Surp:      0

Node 1 MemTotal:       24661580 kB
Node 1 MemFree:        24423196 kB
Node 1 MemUsed:          238384 kB
Node 1 Active:            62004 kB
Node 1 Inactive:          44852 kB
Node 1 Active(anon):      24400 kB
Node 1 Inactive(anon):      492 kB
Node 1 Active(file):      37604 kB
Node 1 Inactive(file):    44360 kB
Node 1 Unevictable:        1136 kB
Node 1 Mlocked:            1136 kB
Node 1 Dirty:               164 kB
Node 1 Writeback:             0 kB
Node 1 FilePages:         83772 kB
Node 1 Mapped:            19360 kB
Node 1 AnonPages:         24092 kB
Node 1 Shmem:               672 kB
Node 1 KernelStack:        1672 kB
Node 1 PageTables:          752 kB
Node 1 NFS_Unstable:          0 kB
Node 1 Bounce:                0 kB
Node 1 WritebackTmp:          0 kB
Node 1 KReclaimable:      18688 kB
Node 1 Slab:              45952 kB
Node 1 SReclaimable:      18688 kB
Node 1 SUnreclaim:        27264 kB
Node 1 AnonHugePages:         0 kB
Node 1 ShmemHugePages:        0 kB
Node 1 ShmemPmdMapped:        0 kB
Node 1 FileHugePages:        0 kB
Node 1 FilePmdMapped:        0 kB
Node 1 HugePages_Total:     0
Node 1 HugePages_Free:      0
Node 1 HugePages_Surp:      0

Import tank ZPool
Node 0 MemTotal:       24768352 kB
Node 0 MemFree:        24246836 kB
Node 0 MemUsed:          521516 kB
Node 0 Active:            47308 kB
Node 0 Inactive:         154736 kB
Node 0 Active(anon):      21072 kB
Node 0 Inactive(anon):      456 kB
Node 0 Active(file):      26236 kB
Node 0 Inactive(file):   154280 kB
Node 0 Unevictable:       17620 kB
Node 0 Mlocked:           17620 kB
Node 0 Dirty:               504 kB
Node 0 Writeback:             0 kB
Node 0 FilePages:        188168 kB
Node 0 Mapped:            37980 kB
Node 0 AnonPages:         31360 kB
Node 0 Shmem:               596 kB
Node 0 KernelStack:        2088 kB
Node 0 PageTables:         1000 kB
Node 0 NFS_Unstable:          0 kB
Node 0 Bounce:                0 kB
Node 0 WritebackTmp:          0 kB
Node 0 KReclaimable:      24136 kB
Node 0 Slab:              71484 kB
Node 0 SReclaimable:      24136 kB
Node 0 SUnreclaim:        47348 kB
Node 0 AnonHugePages:         0 kB
Node 0 ShmemHugePages:        0 kB
Node 0 ShmemPmdMapped:        0 kB
Node 0 FileHugePages:        0 kB
Node 0 FilePmdMapped:        0 kB
Node 0 HugePages_Total:     0
Node 0 HugePages_Free:      0
Node 0 HugePages_Surp:      0

Node 1 MemTotal:       24661580 kB
Node 1 MemFree:        24426412 kB
Node 1 MemUsed:          235168 kB
Node 1 Active:            51212 kB
Node 1 Inactive:          44284 kB
Node 1 Active(anon):      13004 kB
Node 1 Inactive(anon):      492 kB
Node 1 Active(file):      38208 kB
Node 1 Inactive(file):    43792 kB
Node 1 Unevictable:        1136 kB
Node 1 Mlocked:            1136 kB
Node 1 Dirty:               184 kB
Node 1 Writeback:             0 kB
Node 1 FilePages:         83808 kB
Node 1 Mapped:            16164 kB
Node 1 AnonPages:         12828 kB
Node 1 Shmem:               672 kB
Node 1 KernelStack:        2696 kB
Node 1 PageTables:          340 kB
Node 1 NFS_Unstable:          0 kB
Node 1 Bounce:                0 kB
Node 1 WritebackTmp:          0 kB
Node 1 KReclaimable:      18696 kB
Node 1 Slab:              47980 kB
Node 1 SReclaimable:      18696 kB
Node 1 SUnreclaim:        29284 kB
Node 1 AnonHugePages:         0 kB
Node 1 ShmemHugePages:        0 kB
Node 1 ShmemPmdMapped:        0 kB
Node 1 FileHugePages:        0 kB
Node 1 FilePmdMapped:        0 kB
Node 1 HugePages_Total:     0
Node 1 HugePages_Free:      0
Node 1 HugePages_Surp:      0

After Opposite Node
Node 0 MemTotal:       24768352 kB
Node 0 MemFree:        22337372 kB
Node 0 MemUsed:         2430980 kB
Node 0 Active:            48036 kB
Node 0 Inactive:         155756 kB
Node 0 Active(anon):      20572 kB
Node 0 Inactive(anon):      484 kB
Node 0 Active(file):      27464 kB
Node 0 Inactive(file):   155272 kB
Node 0 Unevictable:       17620 kB
Node 0 Mlocked:           17620 kB
Node 0 Dirty:               308 kB
Node 0 Writeback:             0 kB
Node 0 FilePages:        190432 kB
Node 0 Mapped:            37944 kB
Node 0 AnonPages:         30884 kB
Node 0 Shmem:               640 kB
Node 0 KernelStack:        2056 kB
Node 0 PageTables:          956 kB
Node 0 NFS_Unstable:          0 kB
Node 0 Bounce:                0 kB
Node 0 WritebackTmp:          0 kB
Node 0 KReclaimable:      25424 kB
Node 0 Slab:              82544 kB
Node 0 SReclaimable:      25424 kB
Node 0 SUnreclaim:        57120 kB
Node 0 AnonHugePages:         0 kB
Node 0 ShmemHugePages:        0 kB
Node 0 ShmemPmdMapped:        0 kB
Node 0 FileHugePages:        0 kB
Node 0 FilePmdMapped:        0 kB
Node 0 HugePages_Total:     0
Node 0 HugePages_Free:      0
Node 0 HugePages_Surp:      0

Node 1 MemTotal:       24661580 kB
Node 1 MemFree:        24415288 kB
Node 1 MemUsed:          246292 kB
Node 1 Active:            51048 kB
Node 1 Inactive:          44244 kB
Node 1 Active(anon):      12784 kB
Node 1 Inactive(anon):      492 kB
Node 1 Active(file):      38264 kB
Node 1 Inactive(file):    43752 kB
Node 1 Unevictable:        1136 kB
Node 1 Mlocked:            1136 kB
Node 1 Dirty:               172 kB
Node 1 Writeback:             0 kB
Node 1 FilePages:         83824 kB
Node 1 Mapped:            15956 kB
Node 1 AnonPages:         12604 kB
Node 1 Shmem:               672 kB
Node 1 KernelStack:        2696 kB
Node 1 PageTables:          284 kB
Node 1 NFS_Unstable:          0 kB
Node 1 Bounce:                0 kB
Node 1 WritebackTmp:          0 kB
Node 1 KReclaimable:      18728 kB
Node 1 Slab:              48212 kB
Node 1 SReclaimable:      18728 kB
Node 1 SUnreclaim:        29484 kB
Node 1 AnonHugePages:         0 kB
Node 1 ShmemHugePages:        0 kB
Node 1 ShmemPmdMapped:        0 kB
Node 1 FileHugePages:        0 kB
Node 1 FilePmdMapped:        0 kB
Node 1 HugePages_Total:     0
Node 1 HugePages_Free:      0
Node 1 HugePages_Surp:      0

After Test
Node 0 MemTotal:       24768352 kB
Node 0 MemFree:        22334832 kB
Node 0 MemUsed:         2433520 kB
Node 0 Active:            48044 kB
Node 0 Inactive:         155508 kB
Node 0 Active(anon):      20352 kB
Node 0 Inactive(anon):      448 kB
Node 0 Active(file):      27692 kB
Node 0 Inactive(file):   155060 kB
Node 0 Unevictable:       17620 kB
Node 0 Mlocked:           17620 kB
Node 0 Dirty:                92 kB
Node 0 Writeback:             0 kB
Node 0 FilePages:        190404 kB
Node 0 Mapped:            37940 kB
Node 0 AnonPages:         30764 kB
Node 0 Shmem:               596 kB
Node 0 KernelStack:        1992 kB
Node 0 PageTables:          784 kB
Node 0 NFS_Unstable:          0 kB
Node 0 Bounce:                0 kB
Node 0 WritebackTmp:          0 kB
Node 0 KReclaimable:      25428 kB
Node 0 Slab:              82832 kB
Node 0 SReclaimable:      25428 kB
Node 0 SUnreclaim:        57404 kB
Node 0 AnonHugePages:         0 kB
Node 0 ShmemHugePages:        0 kB
Node 0 ShmemPmdMapped:        0 kB
Node 0 FileHugePages:        0 kB
Node 0 FilePmdMapped:        0 kB
Node 0 HugePages_Total:     0
Node 0 HugePages_Free:      0
Node 0 HugePages_Surp:      0

Node 1 MemTotal:       24661580 kB
Node 1 MemFree:        24415224 kB
Node 1 MemUsed:          246356 kB
Node 1 Active:            51320 kB
Node 1 Inactive:          44292 kB
Node 1 Active(anon):      13056 kB
Node 1 Inactive(anon):      536 kB
Node 1 Active(file):      38264 kB
Node 1 Inactive(file):    43756 kB
Node 1 Unevictable:        1136 kB
Node 1 Mlocked:            1136 kB
Node 1 Dirty:                 8 kB
Node 1 Writeback:             0 kB
Node 1 FilePages:         83880 kB
Node 1 Mapped:            16000 kB
Node 1 AnonPages:         12744 kB
Node 1 Shmem:               716 kB
Node 1 KernelStack:        2696 kB
Node 1 PageTables:          456 kB
Node 1 NFS_Unstable:          0 kB
Node 1 Bounce:                0 kB
Node 1 WritebackTmp:          0 kB
Node 1 KReclaimable:      18764 kB
Node 1 Slab:              48372 kB
Node 1 SReclaimable:      18764 kB
Node 1 SUnreclaim:        29608 kB
Node 1 AnonHugePages:         0 kB
Node 1 ShmemHugePages:        0 kB
Node 1 ShmemPmdMapped:        0 kB
Node 1 FileHugePages:        0 kB
Node 1 FilePmdMapped:        0 kB
Node 1 HugePages_Total:     0
Node 1 HugePages_Free:      0
Node 1 HugePages_Surp:      0

B.1.fio.2-1G.3.O Complete!
