B.1.fio.2G.3.O
Begin
Node 0 MemTotal:       24743736 kB
Node 0 MemFree:        24350504 kB
Node 0 MemUsed:          393232 kB
Node 0 Active:            50092 kB
Node 0 Inactive:          53464 kB
Node 0 Active(anon):      25980 kB
Node 0 Inactive(anon):      464 kB
Node 0 Active(file):      24112 kB
Node 0 Inactive(file):    53000 kB
Node 0 Unevictable:         856 kB
Node 0 Mlocked:             856 kB
Node 0 Dirty:               400 kB
Node 0 Writeback:             0 kB
Node 0 FilePages:         78648 kB
Node 0 Mapped:            35424 kB
Node 0 AnonPages:         25824 kB
Node 0 Shmem:               672 kB
Node 0 KernelStack:        2344 kB
Node 0 PageTables:          636 kB
Node 0 NFS_Unstable:          0 kB
Node 0 Bounce:                0 kB
Node 0 WritebackTmp:          0 kB
Node 0 KReclaimable:      24660 kB
Node 0 Slab:              65580 kB
Node 0 SReclaimable:      24660 kB
Node 0 SUnreclaim:        40920 kB
Node 0 AnonHugePages:         0 kB
Node 0 ShmemHugePages:        0 kB
Node 0 ShmemPmdMapped:        0 kB
Node 0 FileHugePages:        0 kB
Node 0 FilePmdMapped:        0 kB
Node 0 HugePages_Total:     0
Node 0 HugePages_Free:      0
Node 0 HugePages_Surp:      0

Node 1 MemTotal:       24686196 kB
Node 1 MemFree:        24463796 kB
Node 1 MemUsed:          222400 kB
Node 1 Active:            45160 kB
Node 1 Inactive:          43524 kB
Node 1 Active(anon):       7660 kB
Node 1 Inactive(anon):      412 kB
Node 1 Active(file):      37500 kB
Node 1 Inactive(file):    43112 kB
Node 1 Unevictable:       17668 kB
Node 1 Mlocked:           17668 kB
Node 1 Dirty:               136 kB
Node 1 Writeback:             0 kB
Node 1 FilePages:         88548 kB
Node 1 Mapped:            18972 kB
Node 1 AnonPages:         17820 kB
Node 1 Shmem:               596 kB
Node 1 KernelStack:        1256 kB
Node 1 PageTables:          444 kB
Node 1 NFS_Unstable:          0 kB
Node 1 Bounce:                0 kB
Node 1 WritebackTmp:          0 kB
Node 1 KReclaimable:      17072 kB
Node 1 Slab:              40240 kB
Node 1 SReclaimable:      17072 kB
Node 1 SUnreclaim:        23168 kB
Node 1 AnonHugePages:         0 kB
Node 1 ShmemHugePages:        0 kB
Node 1 ShmemPmdMapped:        0 kB
Node 1 FileHugePages:        0 kB
Node 1 FilePmdMapped:        0 kB
Node 1 HugePages_Total:     0
Node 1 HugePages_Free:      0
Node 1 HugePages_Surp:      0

Load ZFS
Node 0 MemTotal:       24743736 kB
Node 0 MemFree:        24266084 kB
Node 0 MemUsed:          477652 kB
Node 0 Active:            59492 kB
Node 0 Inactive:         122184 kB
Node 0 Active(anon):      33520 kB
Node 0 Inactive(anon):      464 kB
Node 0 Active(file):      25972 kB
Node 0 Inactive(file):   121720 kB
Node 0 Unevictable:         856 kB
Node 0 Mlocked:             856 kB
Node 0 Dirty:               320 kB
Node 0 Writeback:             0 kB
Node 0 FilePages:        149184 kB
Node 0 Mapped:            37676 kB
Node 0 AnonPages:         33052 kB
Node 0 Shmem:               640 kB
Node 0 KernelStack:        2396 kB
Node 0 PageTables:          752 kB
Node 0 NFS_Unstable:          0 kB
Node 0 Bounce:                0 kB
Node 0 WritebackTmp:          0 kB
Node 0 KReclaimable:      25692 kB
Node 0 Slab:              69536 kB
Node 0 SReclaimable:      25692 kB
Node 0 SUnreclaim:        43844 kB
Node 0 AnonHugePages:         0 kB
Node 0 ShmemHugePages:        0 kB
Node 0 ShmemPmdMapped:        0 kB
Node 0 FileHugePages:        0 kB
Node 0 FilePmdMapped:        0 kB
Node 0 HugePages_Total:     0
Node 0 HugePages_Free:      0
Node 0 HugePages_Surp:      0

Node 1 MemTotal:       24686196 kB
Node 1 MemFree:        24399532 kB
Node 1 MemUsed:          286664 kB
Node 1 Active:            64948 kB
Node 1 Inactive:          78244 kB
Node 1 Active(anon):      26736 kB
Node 1 Inactive(anon):      484 kB
Node 1 Active(file):      38212 kB
Node 1 Inactive(file):    77760 kB
Node 1 Unevictable:       17884 kB
Node 1 Mlocked:           17884 kB
Node 1 Dirty:                24 kB
Node 1 Writeback:             0 kB
Node 1 FilePages:        123940 kB
Node 1 Mapped:            20808 kB
Node 1 AnonPages:         37268 kB
Node 1 Shmem:               628 kB
Node 1 KernelStack:        1876 kB
Node 1 PageTables:         1608 kB
Node 1 NFS_Unstable:          0 kB
Node 1 Bounce:                0 kB
Node 1 WritebackTmp:          0 kB
Node 1 KReclaimable:      17816 kB
Node 1 Slab:              44136 kB
Node 1 SReclaimable:      17816 kB
Node 1 SUnreclaim:        26320 kB
Node 1 AnonHugePages:         0 kB
Node 1 ShmemHugePages:        0 kB
Node 1 ShmemPmdMapped:        0 kB
Node 1 FileHugePages:        0 kB
Node 1 FilePmdMapped:        0 kB
Node 1 HugePages_Total:     0
Node 1 HugePages_Free:      0
Node 1 HugePages_Surp:      0

Import tank ZPool
Node 0 MemTotal:       24743736 kB
Node 0 MemFree:        24249940 kB
Node 0 MemUsed:          493796 kB
Node 0 Active:            59552 kB
Node 0 Inactive:         123328 kB
Node 0 Active(anon):      33264 kB
Node 0 Inactive(anon):      468 kB
Node 0 Active(file):      26288 kB
Node 0 Inactive(file):   122860 kB
Node 0 Unevictable:         856 kB
Node 0 Mlocked:             856 kB
Node 0 Dirty:               404 kB
Node 0 Writeback:             0 kB
Node 0 FilePages:        150668 kB
Node 0 Mapped:            37880 kB
Node 0 AnonPages:         33152 kB
Node 0 Shmem:               640 kB
Node 0 KernelStack:        3480 kB
Node 0 PageTables:          908 kB
Node 0 NFS_Unstable:          0 kB
Node 0 Bounce:                0 kB
Node 0 WritebackTmp:          0 kB
Node 0 KReclaimable:      25804 kB
Node 0 Slab:              76080 kB
Node 0 SReclaimable:      25804 kB
Node 0 SUnreclaim:        50276 kB
Node 0 AnonHugePages:         0 kB
Node 0 ShmemHugePages:        0 kB
Node 0 ShmemPmdMapped:        0 kB
Node 0 FileHugePages:        0 kB
Node 0 FilePmdMapped:        0 kB
Node 0 HugePages_Total:     0
Node 0 HugePages_Free:      0
Node 0 HugePages_Surp:      0

Node 1 MemTotal:       24686196 kB
Node 1 MemFree:        24398908 kB
Node 1 MemUsed:          287288 kB
Node 1 Active:            64964 kB
Node 1 Inactive:          78232 kB
Node 1 Active(anon):      26744 kB
Node 1 Inactive(anon):      480 kB
Node 1 Active(file):      38220 kB
Node 1 Inactive(file):    77752 kB
Node 1 Unevictable:       17900 kB
Node 1 Mlocked:           17900 kB
Node 1 Dirty:                36 kB
Node 1 Writeback:             0 kB
Node 1 FilePages:        123940 kB
Node 1 Mapped:            20552 kB
Node 1 AnonPages:         37156 kB
Node 1 Shmem:               628 kB
Node 1 KernelStack:        1768 kB
Node 1 PageTables:         1628 kB
Node 1 NFS_Unstable:          0 kB
Node 1 Bounce:                0 kB
Node 1 WritebackTmp:          0 kB
Node 1 KReclaimable:      17816 kB
Node 1 Slab:              44820 kB
Node 1 SReclaimable:      17816 kB
Node 1 SUnreclaim:        27004 kB
Node 1 AnonHugePages:         0 kB
Node 1 ShmemHugePages:        0 kB
Node 1 ShmemPmdMapped:        0 kB
Node 1 FileHugePages:        0 kB
Node 1 FilePmdMapped:        0 kB
Node 1 HugePages_Total:     0
Node 1 HugePages_Free:      0
Node 1 HugePages_Surp:      0

After Opposite Node
Node 0 MemTotal:       24743736 kB
Node 0 MemFree:        21516580 kB
Node 0 MemUsed:         3227156 kB
Node 0 Active:            54352 kB
Node 0 Inactive:         123648 kB
Node 0 Active(anon):      26004 kB
Node 0 Inactive(anon):      496 kB
Node 0 Active(file):      28348 kB
Node 0 Inactive(file):   123152 kB
Node 0 Unevictable:         856 kB
Node 0 Mlocked:             856 kB
Node 0 Dirty:                28 kB
Node 0 Writeback:             0 kB
Node 0 FilePages:        153040 kB
Node 0 Mapped:            35644 kB
Node 0 AnonPages:         25736 kB
Node 0 Shmem:               688 kB
Node 0 KernelStack:        3540 kB
Node 0 PageTables:          784 kB
Node 0 NFS_Unstable:          0 kB
Node 0 Bounce:                0 kB
Node 0 WritebackTmp:          0 kB
Node 0 KReclaimable:      27184 kB
Node 0 Slab:              90396 kB
Node 0 SReclaimable:      27184 kB
Node 0 SUnreclaim:        63212 kB
Node 0 AnonHugePages:         0 kB
Node 0 ShmemHugePages:        0 kB
Node 0 ShmemPmdMapped:        0 kB
Node 0 FileHugePages:        0 kB
Node 0 FilePmdMapped:        0 kB
Node 0 HugePages_Total:     0
Node 0 HugePages_Free:      0
Node 0 HugePages_Surp:      0

Node 1 MemTotal:       24686196 kB
Node 1 MemFree:        24225928 kB
Node 1 MemUsed:          460268 kB
Node 1 Active:            45696 kB
Node 1 Inactive:          78044 kB
Node 1 Active(anon):       7300 kB
Node 1 Inactive(anon):      468 kB
Node 1 Active(file):      38396 kB
Node 1 Inactive(file):    77576 kB
Node 1 Unevictable:       17900 kB
Node 1 Mlocked:           17900 kB
Node 1 Dirty:                 4 kB
Node 1 Writeback:             0 kB
Node 1 FilePages:        123936 kB
Node 1 Mapped:            18964 kB
Node 1 AnonPages:         17704 kB
Node 1 Shmem:               624 kB
Node 1 KernelStack:        1256 kB
Node 1 PageTables:          384 kB
Node 1 NFS_Unstable:          0 kB
Node 1 Bounce:                0 kB
Node 1 WritebackTmp:          0 kB
Node 1 KReclaimable:      17816 kB
Node 1 Slab:              45500 kB
Node 1 SReclaimable:      17816 kB
Node 1 SUnreclaim:        27684 kB
Node 1 AnonHugePages:         0 kB
Node 1 ShmemHugePages:        0 kB
Node 1 ShmemPmdMapped:        0 kB
Node 1 FileHugePages:        0 kB
Node 1 FilePmdMapped:        0 kB
Node 1 HugePages_Total:     0
Node 1 HugePages_Free:      0
Node 1 HugePages_Surp:      0

After Test
Node 0 MemTotal:       24743736 kB
Node 0 MemFree:        21517540 kB
Node 0 MemUsed:         3226196 kB
Node 0 Active:            54412 kB
Node 0 Inactive:         123448 kB
Node 0 Active(anon):      25852 kB
Node 0 Inactive(anon):      472 kB
Node 0 Active(file):      28560 kB
Node 0 Inactive(file):   122976 kB
Node 0 Unevictable:         856 kB
Node 0 Mlocked:             856 kB
Node 0 Dirty:               136 kB
Node 0 Writeback:             0 kB
Node 0 FilePages:        153032 kB
Node 0 Mapped:            35624 kB
Node 0 AnonPages:         25680 kB
Node 0 Shmem:               644 kB
Node 0 KernelStack:        3368 kB
Node 0 PageTables:          668 kB
Node 0 NFS_Unstable:          0 kB
Node 0 Bounce:                0 kB
Node 0 WritebackTmp:          0 kB
Node 0 KReclaimable:      27188 kB
Node 0 Slab:              90368 kB
Node 0 SReclaimable:      27188 kB
Node 0 SUnreclaim:        63180 kB
Node 0 AnonHugePages:         0 kB
Node 0 ShmemHugePages:        0 kB
Node 0 ShmemPmdMapped:        0 kB
Node 0 FileHugePages:        0 kB
Node 0 FilePmdMapped:        0 kB
Node 0 HugePages_Total:     0
Node 0 HugePages_Free:      0
Node 0 HugePages_Surp:      0

Node 1 MemTotal:       24686196 kB
Node 1 MemFree:        24225336 kB
Node 1 MemUsed:          460860 kB
Node 1 Active:            45900 kB
Node 1 Inactive:          78084 kB
Node 1 Active(anon):       7504 kB
Node 1 Inactive(anon):      504 kB
Node 1 Active(file):      38396 kB
Node 1 Inactive(file):    77580 kB
Node 1 Unevictable:       17900 kB
Node 1 Mlocked:           17900 kB
Node 1 Dirty:                16 kB
Node 1 Writeback:             0 kB
Node 1 FilePages:        123984 kB
Node 1 Mapped:            19008 kB
Node 1 AnonPages:         17768 kB
Node 1 Shmem:               668 kB
Node 1 KernelStack:        1272 kB
Node 1 PageTables:          500 kB
Node 1 NFS_Unstable:          0 kB
Node 1 Bounce:                0 kB
Node 1 WritebackTmp:          0 kB
Node 1 KReclaimable:      17884 kB
Node 1 Slab:              45972 kB
Node 1 SReclaimable:      17884 kB
Node 1 SUnreclaim:        28088 kB
Node 1 AnonHugePages:         0 kB
Node 1 ShmemHugePages:        0 kB
Node 1 ShmemPmdMapped:        0 kB
Node 1 FileHugePages:        0 kB
Node 1 FilePmdMapped:        0 kB
Node 1 HugePages_Total:     0
Node 1 HugePages_Free:      0
Node 1 HugePages_Surp:      0

B.1.fio.2G.3.O Complete!
