60 Tests Remaining!
U.0.huge-simpleread.16G.3.O.1M
Begin
Node 0 MemTotal:       24768352 kB
Node 0 MemFree:        24522180 kB
Node 0 MemUsed:          246172 kB
Node 0 Active:            51968 kB
Node 0 Inactive:          55616 kB
Node 0 Active(anon):      12200 kB
Node 0 Inactive(anon):      360 kB
Node 0 Active(file):      39768 kB
Node 0 Inactive(file):    55256 kB
Node 0 Unevictable:        1444 kB
Node 0 Mlocked:            1444 kB
Node 0 Dirty:               116 kB
Node 0 Writeback:             0 kB
Node 0 FilePages:         97040 kB
Node 0 Mapped:            14256 kB
Node 0 AnonPages:         12108 kB
Node 0 Shmem:               564 kB
Node 0 KernelStack:        2392 kB
Node 0 PageTables:          568 kB
Node 0 NFS_Unstable:          0 kB
Node 0 Bounce:                0 kB
Node 0 WritebackTmp:          0 kB
Node 0 KReclaimable:      19268 kB
Node 0 Slab:              51612 kB
Node 0 SReclaimable:      19268 kB
Node 0 SUnreclaim:        32344 kB
Node 0 AnonHugePages:         0 kB
Node 0 ShmemHugePages:        0 kB
Node 0 ShmemPmdMapped:        0 kB
Node 0 FileHugePages:        0 kB
Node 0 FilePmdMapped:        0 kB
Node 0 HugePages_Total:     0
Node 0 HugePages_Free:      0
Node 0 HugePages_Surp:      0

Node 1 MemTotal:       24661580 kB
Node 1 MemFree:        24268948 kB
Node 1 MemUsed:          392632 kB
Node 1 Active:            45464 kB
Node 1 Inactive:          60048 kB
Node 1 Active(anon):      22148 kB
Node 1 Inactive(anon):      528 kB
Node 1 Active(file):      23316 kB
Node 1 Inactive(file):    59520 kB
Node 1 Unevictable:       17080 kB
Node 1 Mlocked:           17080 kB
Node 1 Dirty:               420 kB
Node 1 Writeback:             0 kB
Node 1 FilePages:         90288 kB
Node 1 Mapped:            51084 kB
Node 1 AnonPages:         32420 kB
Node 1 Shmem:               704 kB
Node 1 KernelStack:        1448 kB
Node 1 PageTables:          796 kB
Node 1 NFS_Unstable:          0 kB
Node 1 Bounce:                0 kB
Node 1 WritebackTmp:          0 kB
Node 1 KReclaimable:      23604 kB
Node 1 Slab:              56312 kB
Node 1 SReclaimable:      23604 kB
Node 1 SUnreclaim:        32708 kB
Node 1 AnonHugePages:         0 kB
Node 1 ShmemHugePages:        0 kB
Node 1 ShmemPmdMapped:        0 kB
Node 1 FileHugePages:        0 kB
Node 1 FilePmdMapped:        0 kB
Node 1 HugePages_Total:     0
Node 1 HugePages_Free:      0
Node 1 HugePages_Surp:      0

Load ZFS
Node 0 MemTotal:       24768352 kB
Node 0 MemFree:        24385168 kB
Node 0 MemUsed:          383184 kB
Node 0 Active:            59776 kB
Node 0 Inactive:          51448 kB
Node 0 Active(anon):      13820 kB
Node 0 Inactive(anon):      360 kB
Node 0 Active(file):      45956 kB
Node 0 Inactive(file):    51088 kB
Node 0 Unevictable:        1444 kB
Node 0 Mlocked:            1444 kB
Node 0 Dirty:               124 kB
Node 0 Writeback:             0 kB
Node 0 FilePages:         99052 kB
Node 0 Mapped:            14248 kB
Node 0 AnonPages:         13548 kB
Node 0 Shmem:               564 kB
Node 0 KernelStack:        2296 kB
Node 0 PageTables:          428 kB
Node 0 NFS_Unstable:          0 kB
Node 0 Bounce:                0 kB
Node 0 WritebackTmp:          0 kB
Node 0 KReclaimable:      19520 kB
Node 0 Slab:              52876 kB
Node 0 SReclaimable:      19520 kB
Node 0 SUnreclaim:        33356 kB
Node 0 AnonHugePages:         0 kB
Node 0 ShmemHugePages:        0 kB
Node 0 ShmemPmdMapped:        0 kB
Node 0 FileHugePages:        0 kB
Node 0 FilePmdMapped:        0 kB
Node 0 HugePages_Total:     0
Node 0 HugePages_Free:      0
Node 0 HugePages_Surp:      0

Node 1 MemTotal:       24661580 kB
Node 1 MemFree:        24393184 kB
Node 1 MemUsed:          268396 kB
Node 1 Active:            49668 kB
Node 1 Inactive:          60340 kB
Node 1 Active(anon):      26124 kB
Node 1 Inactive(anon):      528 kB
Node 1 Active(file):      23544 kB
Node 1 Inactive(file):    59812 kB
Node 1 Unevictable:       17080 kB
Node 1 Mlocked:           17080 kB
Node 1 Dirty:               204 kB
Node 1 Writeback:             0 kB
Node 1 FilePages:         90812 kB
Node 1 Mapped:            51084 kB
Node 1 AnonPages:         36372 kB
Node 1 Shmem:               704 kB
Node 1 KernelStack:        1528 kB
Node 1 PageTables:         1148 kB
Node 1 NFS_Unstable:          0 kB
Node 1 Bounce:                0 kB
Node 1 WritebackTmp:          0 kB
Node 1 KReclaimable:      24072 kB
Node 1 Slab:              58232 kB
Node 1 SReclaimable:      24072 kB
Node 1 SUnreclaim:        34160 kB
Node 1 AnonHugePages:         0 kB
Node 1 ShmemHugePages:        0 kB
Node 1 ShmemPmdMapped:        0 kB
Node 1 FileHugePages:        0 kB
Node 1 FilePmdMapped:        0 kB
Node 1 HugePages_Total:     0
Node 1 HugePages_Free:      0
Node 1 HugePages_Surp:      0

Import tank ZPool
Node 0 MemTotal:       24768352 kB
Node 0 MemFree:        24362336 kB
Node 0 MemUsed:          406016 kB
Node 0 Active:            60596 kB
Node 0 Inactive:          52536 kB
Node 0 Active(anon):      14200 kB
Node 0 Inactive(anon):      364 kB
Node 0 Active(file):      46396 kB
Node 0 Inactive(file):    52172 kB
Node 0 Unevictable:        1444 kB
Node 0 Mlocked:            1444 kB
Node 0 Dirty:                24 kB
Node 0 Writeback:             0 kB
Node 0 FilePages:        100580 kB
Node 0 Mapped:            14340 kB
Node 0 AnonPages:         13624 kB
Node 0 Shmem:               568 kB
Node 0 KernelStack:        3416 kB
Node 0 PageTables:          512 kB
Node 0 NFS_Unstable:          0 kB
Node 0 Bounce:                0 kB
Node 0 WritebackTmp:          0 kB
Node 0 KReclaimable:      19688 kB
Node 0 Slab:              59928 kB
Node 0 SReclaimable:      19688 kB
Node 0 SUnreclaim:        40240 kB
Node 0 AnonHugePages:         0 kB
Node 0 ShmemHugePages:        0 kB
Node 0 ShmemPmdMapped:        0 kB
Node 0 FileHugePages:        0 kB
Node 0 FilePmdMapped:        0 kB
Node 0 HugePages_Total:     0
Node 0 HugePages_Free:      0
Node 0 HugePages_Surp:      0

Node 1 MemTotal:       24661580 kB
Node 1 MemFree:        24392980 kB
Node 1 MemUsed:          268600 kB
Node 1 Active:            49700 kB
Node 1 Inactive:          60340 kB
Node 1 Active(anon):      26140 kB
Node 1 Inactive(anon):      528 kB
Node 1 Active(file):      23560 kB
Node 1 Inactive(file):    59812 kB
Node 1 Unevictable:       17080 kB
Node 1 Mlocked:           17080 kB
Node 1 Dirty:               248 kB
Node 1 Writeback:             0 kB
Node 1 FilePages:         90840 kB
Node 1 Mapped:            51304 kB
Node 1 AnonPages:         36376 kB
Node 1 Shmem:               700 kB
Node 1 KernelStack:        1528 kB
Node 1 PageTables:         1148 kB
Node 1 NFS_Unstable:          0 kB
Node 1 Bounce:                0 kB
Node 1 WritebackTmp:          0 kB
Node 1 KReclaimable:      24072 kB
Node 1 Slab:              59240 kB
Node 1 SReclaimable:      24072 kB
Node 1 SUnreclaim:        35168 kB
Node 1 AnonHugePages:         0 kB
Node 1 ShmemHugePages:        0 kB
Node 1 ShmemPmdMapped:        0 kB
Node 1 FileHugePages:        0 kB
Node 1 FilePmdMapped:        0 kB
Node 1 HugePages_Total:     0
Node 1 HugePages_Free:      0
Node 1 HugePages_Surp:      0

After Test
Node 0 MemTotal:       24768352 kB
Node 0 MemFree:         6268076 kB
Node 0 MemUsed:        18500276 kB
Node 0 Active:            59584 kB
Node 0 Inactive:        1028868 kB
Node 0 Active(anon):      12204 kB
Node 0 Inactive(anon):      364 kB
Node 0 Active(file):      47380 kB
Node 0 Inactive(file):  1028504 kB
Node 0 Unevictable:        1444 kB
Node 0 Mlocked:            1444 kB
Node 0 Dirty:                24 kB
Node 0 Writeback:             0 kB
Node 0 FilePages:       1077904 kB
Node 0 Mapped:            14096 kB
Node 0 AnonPages:         11848 kB
Node 0 Shmem:               568 kB
Node 0 KernelStack:        3224 kB
Node 0 PageTables:          620 kB
Node 0 NFS_Unstable:          0 kB
Node 0 Bounce:                0 kB
Node 0 WritebackTmp:          0 kB
Node 0 KReclaimable:      22012 kB
Node 0 Slab:             119532 kB
Node 0 SReclaimable:      22012 kB
Node 0 SUnreclaim:        97520 kB
Node 0 AnonHugePages:         0 kB
Node 0 ShmemHugePages:        0 kB
Node 0 ShmemPmdMapped:        0 kB
Node 0 FileHugePages:        0 kB
Node 0 FilePmdMapped:        0 kB
Node 0 HugePages_Total:     0
Node 0 HugePages_Free:      0
Node 0 HugePages_Surp:      0

Node 1 MemTotal:       24661580 kB
Node 1 MemFree:        23855572 kB
Node 1 MemUsed:          806008 kB
Node 1 Active:            44924 kB
Node 1 Inactive:          60184 kB
Node 1 Active(anon):      21116 kB
Node 1 Inactive(anon):      528 kB
Node 1 Active(file):      23808 kB
Node 1 Inactive(file):    59656 kB
Node 1 Unevictable:       17080 kB
Node 1 Mlocked:           17080 kB
Node 1 Dirty:                24 kB
Node 1 Writeback:             0 kB
Node 1 FilePages:         90912 kB
Node 1 Mapped:            51372 kB
Node 1 AnonPages:         31276 kB
Node 1 Shmem:               700 kB
Node 1 KernelStack:        1208 kB
Node 1 PageTables:          700 kB
Node 1 NFS_Unstable:          0 kB
Node 1 Bounce:                0 kB
Node 1 WritebackTmp:          0 kB
Node 1 KReclaimable:      24412 kB
Node 1 Slab:              62232 kB
Node 1 SReclaimable:      24412 kB
Node 1 SUnreclaim:        37820 kB
Node 1 AnonHugePages:         0 kB
Node 1 ShmemHugePages:        0 kB
Node 1 ShmemPmdMapped:        0 kB
Node 1 FileHugePages:        0 kB
Node 1 FilePmdMapped:        0 kB
Node 1 HugePages_Total:     0
Node 1 HugePages_Free:      0
Node 1 HugePages_Surp:      0

After Opposite Node
Node 0 MemTotal:       24768352 kB
Node 0 MemFree:         6274136 kB
Node 0 MemUsed:        18494216 kB
Node 0 Active:            59076 kB
Node 0 Inactive:        1028856 kB
Node 0 Active(anon):      11660 kB
Node 0 Inactive(anon):      364 kB
Node 0 Active(file):      47416 kB
Node 0 Inactive(file):  1028492 kB
Node 0 Unevictable:        1444 kB
Node 0 Mlocked:            1444 kB
Node 0 Dirty:                44 kB
Node 0 Writeback:             0 kB
Node 0 FilePages:       1077936 kB
Node 0 Mapped:            14096 kB
Node 0 AnonPages:         11488 kB
Node 0 Shmem:               568 kB
Node 0 KernelStack:        3208 kB
Node 0 PageTables:          400 kB
Node 0 NFS_Unstable:          0 kB
Node 0 Bounce:                0 kB
Node 0 WritebackTmp:          0 kB
Node 0 KReclaimable:      22012 kB
Node 0 Slab:             118560 kB
Node 0 SReclaimable:      22012 kB
Node 0 SUnreclaim:        96548 kB
Node 0 AnonHugePages:         0 kB
Node 0 ShmemHugePages:        0 kB
Node 0 ShmemPmdMapped:        0 kB
Node 0 FileHugePages:        0 kB
Node 0 FilePmdMapped:        0 kB
Node 0 HugePages_Total:     0
Node 0 HugePages_Free:      0
Node 0 HugePages_Surp:      0

Node 1 MemTotal:       24661580 kB
Node 1 MemFree:        23854188 kB
Node 1 MemUsed:          807392 kB
Node 1 Active:            45656 kB
Node 1 Inactive:          59940 kB
Node 1 Active(anon):      21596 kB
Node 1 Inactive(anon):      528 kB
Node 1 Active(file):      24060 kB
Node 1 Inactive(file):    59412 kB
Node 1 Unevictable:       17080 kB
Node 1 Mlocked:           17080 kB
Node 1 Dirty:                36 kB
Node 1 Writeback:             0 kB
Node 1 FilePages:         90920 kB
Node 1 Mapped:            51132 kB
Node 1 AnonPages:         31644 kB
Node 1 Shmem:               700 kB
Node 1 KernelStack:        1224 kB
Node 1 PageTables:          912 kB
Node 1 NFS_Unstable:          0 kB
Node 1 Bounce:                0 kB
Node 1 WritebackTmp:          0 kB
Node 1 KReclaimable:      24484 kB
Node 1 Slab:              64340 kB
Node 1 SReclaimable:      24484 kB
Node 1 SUnreclaim:        39856 kB
Node 1 AnonHugePages:         0 kB
Node 1 ShmemHugePages:        0 kB
Node 1 ShmemPmdMapped:        0 kB
Node 1 FileHugePages:        0 kB
Node 1 FilePmdMapped:        0 kB
Node 1 HugePages_Total:     0
Node 1 HugePages_Free:      0
Node 1 HugePages_Surp:      0

U.0.huge-simpleread.16G.3.O.1M Complete!
