35 Tests Remaining!
U.0.huge-simpleread.500M.3.O.1M
Begin
Node 0 MemTotal:       24743736 kB
Node 0 MemFree:        24543508 kB
Node 0 MemUsed:          200228 kB
Node 0 Active:            28968 kB
Node 0 Inactive:          26952 kB
Node 0 Active(anon):      13904 kB
Node 0 Inactive(anon):      416 kB
Node 0 Active(file):      15064 kB
Node 0 Inactive(file):    26536 kB
Node 0 Unevictable:       13448 kB
Node 0 Mlocked:           13448 kB
Node 0 Dirty:                 8 kB
Node 0 Writeback:           260 kB
Node 0 FilePages:         45380 kB
Node 0 Mapped:            19488 kB
Node 0 AnonPages:         23916 kB
Node 0 Shmem:               640 kB
Node 0 KernelStack:        2392 kB
Node 0 PageTables:          440 kB
Node 0 NFS_Unstable:          0 kB
Node 0 Bounce:                0 kB
Node 0 WritebackTmp:          0 kB
Node 0 KReclaimable:      19272 kB
Node 0 Slab:              50500 kB
Node 0 SReclaimable:      19272 kB
Node 0 SUnreclaim:        31228 kB
Node 0 AnonHugePages:         0 kB
Node 0 ShmemHugePages:        0 kB
Node 0 ShmemPmdMapped:        0 kB
Node 0 FileHugePages:        0 kB
Node 0 FilePmdMapped:        0 kB
Node 0 HugePages_Total:     0
Node 0 HugePages_Free:      0
Node 0 HugePages_Surp:      0

Node 1 MemTotal:       24686196 kB
Node 1 MemFree:        24228140 kB
Node 1 MemUsed:          458056 kB
Node 1 Active:            70556 kB
Node 1 Inactive:         104772 kB
Node 1 Active(anon):      19936 kB
Node 1 Inactive(anon):      468 kB
Node 1 Active(file):      50620 kB
Node 1 Inactive(file):   104304 kB
Node 1 Unevictable:        5072 kB
Node 1 Mlocked:            5072 kB
Node 1 Dirty:               196 kB
Node 1 Writeback:             0 kB
Node 1 FilePages:        160632 kB
Node 1 Mapped:            60004 kB
Node 1 AnonPages:         20060 kB
Node 1 Shmem:               628 kB
Node 1 KernelStack:        1480 kB
Node 1 PageTables:          956 kB
Node 1 NFS_Unstable:          0 kB
Node 1 Bounce:                0 kB
Node 1 WritebackTmp:          0 kB
Node 1 KReclaimable:      24024 kB
Node 1 Slab:              58316 kB
Node 1 SReclaimable:      24024 kB
Node 1 SUnreclaim:        34292 kB
Node 1 AnonHugePages:         0 kB
Node 1 ShmemHugePages:        0 kB
Node 1 ShmemPmdMapped:        0 kB
Node 1 FileHugePages:        0 kB
Node 1 FilePmdMapped:        0 kB
Node 1 HugePages_Total:     0
Node 1 HugePages_Free:      0
Node 1 HugePages_Surp:      0

Load ZFS
Node 0 MemTotal:       24743736 kB
Node 0 MemFree:        24537104 kB
Node 0 MemUsed:          206632 kB
Node 0 Active:            33428 kB
Node 0 Inactive:          27288 kB
Node 0 Active(anon):      17800 kB
Node 0 Inactive(anon):      416 kB
Node 0 Active(file):      15628 kB
Node 0 Inactive(file):    26872 kB
Node 0 Unevictable:       13448 kB
Node 0 Mlocked:           13448 kB
Node 0 Dirty:                20 kB
Node 0 Writeback:             0 kB
Node 0 FilePages:         46264 kB
Node 0 Mapped:            19340 kB
Node 0 AnonPages:         28008 kB
Node 0 Shmem:               640 kB
Node 0 KernelStack:        2472 kB
Node 0 PageTables:          720 kB
Node 0 NFS_Unstable:          0 kB
Node 0 Bounce:                0 kB
Node 0 WritebackTmp:          0 kB
Node 0 KReclaimable:      19684 kB
Node 0 Slab:              52288 kB
Node 0 SReclaimable:      19684 kB
Node 0 SUnreclaim:        32604 kB
Node 0 AnonHugePages:         0 kB
Node 0 ShmemHugePages:        0 kB
Node 0 ShmemPmdMapped:        0 kB
Node 0 FileHugePages:        0 kB
Node 0 FilePmdMapped:        0 kB
Node 0 HugePages_Total:     0
Node 0 HugePages_Free:      0
Node 0 HugePages_Surp:      0

Node 1 MemTotal:       24686196 kB
Node 1 MemFree:        24224332 kB
Node 1 MemUsed:          461864 kB
Node 1 Active:            76572 kB
Node 1 Inactive:         100372 kB
Node 1 Active(anon):      19908 kB
Node 1 Inactive(anon):      468 kB
Node 1 Active(file):      56664 kB
Node 1 Inactive(file):    99904 kB
Node 1 Unevictable:        5072 kB
Node 1 Mlocked:            5072 kB
Node 1 Dirty:               252 kB
Node 1 Writeback:             0 kB
Node 1 FilePages:        162264 kB
Node 1 Mapped:            60180 kB
Node 1 AnonPages:         19680 kB
Node 1 Shmem:               628 kB
Node 1 KernelStack:        1320 kB
Node 1 PageTables:          828 kB
Node 1 NFS_Unstable:          0 kB
Node 1 Bounce:                0 kB
Node 1 WritebackTmp:          0 kB
Node 1 KReclaimable:      24220 kB
Node 1 Slab:              59452 kB
Node 1 SReclaimable:      24220 kB
Node 1 SUnreclaim:        35232 kB
Node 1 AnonHugePages:         0 kB
Node 1 ShmemHugePages:        0 kB
Node 1 ShmemPmdMapped:        0 kB
Node 1 FileHugePages:        0 kB
Node 1 FilePmdMapped:        0 kB
Node 1 HugePages_Total:     0
Node 1 HugePages_Free:      0
Node 1 HugePages_Surp:      0

Import tank ZPool
Node 0 MemTotal:       24743736 kB
Node 0 MemFree:        24526656 kB
Node 0 MemUsed:          217080 kB
Node 0 Active:            33524 kB
Node 0 Inactive:          27292 kB
Node 0 Active(anon):      17896 kB
Node 0 Inactive(anon):      416 kB
Node 0 Active(file):      15628 kB
Node 0 Inactive(file):    26876 kB
Node 0 Unevictable:       13448 kB
Node 0 Mlocked:           13448 kB
Node 0 Dirty:                72 kB
Node 0 Writeback:             0 kB
Node 0 FilePages:         46268 kB
Node 0 Mapped:            19408 kB
Node 0 AnonPages:         28040 kB
Node 0 Shmem:               640 kB
Node 0 KernelStack:        3576 kB
Node 0 PageTables:          720 kB
Node 0 NFS_Unstable:          0 kB
Node 0 Bounce:                0 kB
Node 0 WritebackTmp:          0 kB
Node 0 KReclaimable:      19692 kB
Node 0 Slab:              54824 kB
Node 0 SReclaimable:      19692 kB
Node 0 SUnreclaim:        35132 kB
Node 0 AnonHugePages:         0 kB
Node 0 ShmemHugePages:        0 kB
Node 0 ShmemPmdMapped:        0 kB
Node 0 FileHugePages:        0 kB
Node 0 FilePmdMapped:        0 kB
Node 0 HugePages_Total:     0
Node 0 HugePages_Free:      0
Node 0 HugePages_Surp:      0

Node 1 MemTotal:       24686196 kB
Node 1 MemFree:        24211088 kB
Node 1 MemUsed:          475108 kB
Node 1 Active:            77596 kB
Node 1 Inactive:         101468 kB
Node 1 Active(anon):      20280 kB
Node 1 Inactive(anon):      472 kB
Node 1 Active(file):      57316 kB
Node 1 Inactive(file):   100996 kB
Node 1 Unevictable:        5072 kB
Node 1 Mlocked:            5072 kB
Node 1 Dirty:               204 kB
Node 1 Writeback:             0 kB
Node 1 FilePages:        163736 kB
Node 1 Mapped:            60208 kB
Node 1 AnonPages:         19940 kB
Node 1 Shmem:               628 kB
Node 1 KernelStack:        1336 kB
Node 1 PageTables:          892 kB
Node 1 NFS_Unstable:          0 kB
Node 1 Bounce:                0 kB
Node 1 WritebackTmp:          0 kB
Node 1 KReclaimable:      24384 kB
Node 1 Slab:              64656 kB
Node 1 SReclaimable:      24384 kB
Node 1 SUnreclaim:        40272 kB
Node 1 AnonHugePages:         0 kB
Node 1 ShmemHugePages:        0 kB
Node 1 ShmemPmdMapped:        0 kB
Node 1 FileHugePages:        0 kB
Node 1 FilePmdMapped:        0 kB
Node 1 HugePages_Total:     0
Node 1 HugePages_Free:      0
Node 1 HugePages_Surp:      0

After Test
Node 0 MemTotal:       24743736 kB
Node 0 MemFree:        22799628 kB
Node 0 MemUsed:         1944108 kB
Node 0 Active:            29604 kB
Node 0 Inactive:        1003808 kB
Node 0 Active(anon):      13384 kB
Node 0 Inactive(anon):      416 kB
Node 0 Active(file):      16220 kB
Node 0 Inactive(file):  1003392 kB
Node 0 Unevictable:       13448 kB
Node 0 Mlocked:           13448 kB
Node 0 Dirty:                72 kB
Node 0 Writeback:             0 kB
Node 0 FilePages:       1023404 kB
Node 0 Mapped:            19424 kB
Node 0 AnonPages:         23392 kB
Node 0 Shmem:               640 kB
Node 0 KernelStack:        3352 kB
Node 0 PageTables:          656 kB
Node 0 NFS_Unstable:          0 kB
Node 0 Bounce:                0 kB
Node 0 WritebackTmp:          0 kB
Node 0 KReclaimable:      21956 kB
Node 0 Slab:              61740 kB
Node 0 SReclaimable:      21956 kB
Node 0 SUnreclaim:        39784 kB
Node 0 AnonHugePages:         0 kB
Node 0 ShmemHugePages:        0 kB
Node 0 ShmemPmdMapped:        0 kB
Node 0 FileHugePages:        0 kB
Node 0 FilePmdMapped:        0 kB
Node 0 HugePages_Total:     0
Node 0 HugePages_Free:      0
Node 0 HugePages_Surp:      0

Node 1 MemTotal:       24686196 kB
Node 1 MemFree:        23909088 kB
Node 1 MemUsed:          777108 kB
Node 1 Active:            77060 kB
Node 1 Inactive:         101260 kB
Node 1 Active(anon):      19684 kB
Node 1 Inactive(anon):      472 kB
Node 1 Active(file):      57376 kB
Node 1 Inactive(file):   100788 kB
Node 1 Unevictable:        5072 kB
Node 1 Mlocked:            5072 kB
Node 1 Dirty:               120 kB
Node 1 Writeback:             0 kB
Node 1 FilePages:        163872 kB
Node 1 Mapped:            60060 kB
Node 1 AnonPages:         19528 kB
Node 1 Shmem:               628 kB
Node 1 KernelStack:        1272 kB
Node 1 PageTables:          800 kB
Node 1 NFS_Unstable:          0 kB
Node 1 Bounce:                0 kB
Node 1 WritebackTmp:          0 kB
Node 1 KReclaimable:      24488 kB
Node 1 Slab:              66192 kB
Node 1 SReclaimable:      24488 kB
Node 1 SUnreclaim:        41704 kB
Node 1 AnonHugePages:         0 kB
Node 1 ShmemHugePages:        0 kB
Node 1 ShmemPmdMapped:        0 kB
Node 1 FileHugePages:        0 kB
Node 1 FilePmdMapped:        0 kB
Node 1 HugePages_Total:     0
Node 1 HugePages_Free:      0
Node 1 HugePages_Surp:      0

After Opposite Node
Node 0 MemTotal:       24743736 kB
Node 0 MemFree:        22800676 kB
Node 0 MemUsed:         1943060 kB
Node 0 Active:            29368 kB
Node 0 Inactive:        1003592 kB
Node 0 Active(anon):      12928 kB
Node 0 Inactive(anon):      416 kB
Node 0 Active(file):      16440 kB
Node 0 Inactive(file):  1003176 kB
Node 0 Unevictable:       13448 kB
Node 0 Mlocked:           13448 kB
Node 0 Dirty:                28 kB
Node 0 Writeback:             0 kB
Node 0 FilePages:       1023408 kB
Node 0 Mapped:            19416 kB
Node 0 AnonPages:         23028 kB
Node 0 Shmem:               640 kB
Node 0 KernelStack:        3336 kB
Node 0 PageTables:          360 kB
Node 0 NFS_Unstable:          0 kB
Node 0 Bounce:                0 kB
Node 0 WritebackTmp:          0 kB
Node 0 KReclaimable:      21956 kB
Node 0 Slab:              61720 kB
Node 0 SReclaimable:      21956 kB
Node 0 SUnreclaim:        39764 kB
Node 0 AnonHugePages:         0 kB
Node 0 ShmemHugePages:        0 kB
Node 0 ShmemPmdMapped:        0 kB
Node 0 FileHugePages:        0 kB
Node 0 FilePmdMapped:        0 kB
Node 0 HugePages_Total:     0
Node 0 HugePages_Free:      0
Node 0 HugePages_Surp:      0

Node 1 MemTotal:       24686196 kB
Node 1 MemFree:        23907668 kB
Node 1 MemUsed:          778528 kB
Node 1 Active:            77508 kB
Node 1 Inactive:         101248 kB
Node 1 Active(anon):      20084 kB
Node 1 Inactive(anon):      472 kB
Node 1 Active(file):      57424 kB
Node 1 Inactive(file):   100776 kB
Node 1 Unevictable:        5072 kB
Node 1 Mlocked:            5072 kB
Node 1 Dirty:                52 kB
Node 1 Writeback:             0 kB
Node 1 FilePages:        163900 kB
Node 1 Mapped:            60060 kB
Node 1 AnonPages:         19804 kB
Node 1 Shmem:               628 kB
Node 1 KernelStack:        1304 kB
Node 1 PageTables:          740 kB
Node 1 NFS_Unstable:          0 kB
Node 1 Bounce:                0 kB
Node 1 WritebackTmp:          0 kB
Node 1 KReclaimable:      24496 kB
Node 1 Slab:              66324 kB
Node 1 SReclaimable:      24496 kB
Node 1 SUnreclaim:        41828 kB
Node 1 AnonHugePages:         0 kB
Node 1 ShmemHugePages:        0 kB
Node 1 ShmemPmdMapped:        0 kB
Node 1 FileHugePages:        0 kB
Node 1 FilePmdMapped:        0 kB
Node 1 HugePages_Total:     0
Node 1 HugePages_Free:      0
Node 1 HugePages_Surp:      0

U.0.huge-simpleread.500M.3.O.1M Complete!
