U.0.huge-simpleread.500M.1.O.1M
Begin
Node 0 MemTotal:       24743736 kB
Node 0 MemFree:        24365524 kB
Node 0 MemUsed:          378212 kB
Node 0 Active:            58372 kB
Node 0 Inactive:          24688 kB
Node 0 Active(anon):      19820 kB
Node 0 Inactive(anon):      316 kB
Node 0 Active(file):      38552 kB
Node 0 Inactive(file):    24372 kB
Node 0 Unevictable:       13716 kB
Node 0 Mlocked:           13716 kB
Node 0 Dirty:               280 kB
Node 0 Writeback:             0 kB
Node 0 FilePages:         66968 kB
Node 0 Mapped:            17432 kB
Node 0 AnonPages:         29956 kB
Node 0 Shmem:               508 kB
Node 0 KernelStack:        1880 kB
Node 0 PageTables:          552 kB
Node 0 NFS_Unstable:          0 kB
Node 0 Bounce:                0 kB
Node 0 WritebackTmp:          0 kB
Node 0 KReclaimable:      18780 kB
Node 0 Slab:              56864 kB
Node 0 SReclaimable:      18780 kB
Node 0 SUnreclaim:        38084 kB
Node 0 AnonHugePages:         0 kB
Node 0 ShmemHugePages:        0 kB
Node 0 ShmemPmdMapped:        0 kB
Node 0 FileHugePages:        0 kB
Node 0 FilePmdMapped:        0 kB
Node 0 HugePages_Total:     0
Node 0 HugePages_Free:      0
Node 0 HugePages_Surp:      0

Node 1 MemTotal:       24686196 kB
Node 1 MemFree:        24414544 kB
Node 1 MemUsed:          271652 kB
Node 1 Active:            36644 kB
Node 1 Inactive:         103328 kB
Node 1 Active(anon):      14260 kB
Node 1 Inactive(anon):      560 kB
Node 1 Active(file):      22384 kB
Node 1 Inactive(file):   102768 kB
Node 1 Unevictable:        4804 kB
Node 1 Mlocked:            4804 kB
Node 1 Dirty:               132 kB
Node 1 Writeback:             0 kB
Node 1 FilePages:        130712 kB
Node 1 Mapped:            60544 kB
Node 1 AnonPages:         14064 kB
Node 1 Shmem:               760 kB
Node 1 KernelStack:        1768 kB
Node 1 PageTables:          720 kB
Node 1 NFS_Unstable:          0 kB
Node 1 Bounce:                0 kB
Node 1 WritebackTmp:          0 kB
Node 1 KReclaimable:      22432 kB
Node 1 Slab:              49020 kB
Node 1 SReclaimable:      22432 kB
Node 1 SUnreclaim:        26588 kB
Node 1 AnonHugePages:         0 kB
Node 1 ShmemHugePages:        0 kB
Node 1 ShmemPmdMapped:        0 kB
Node 1 FileHugePages:        0 kB
Node 1 FilePmdMapped:        0 kB
Node 1 HugePages_Total:     0
Node 1 HugePages_Free:      0
Node 1 HugePages_Surp:      0

Load ZFS
Node 0 MemTotal:       24743736 kB
Node 0 MemFree:        24361064 kB
Node 0 MemUsed:          382672 kB
Node 0 Active:            66164 kB
Node 0 Inactive:          20312 kB
Node 0 Active(anon):      21168 kB
Node 0 Inactive(anon):      320 kB
Node 0 Active(file):      44996 kB
Node 0 Inactive(file):    19992 kB
Node 0 Unevictable:       13716 kB
Node 0 Mlocked:           13716 kB
Node 0 Dirty:                44 kB
Node 0 Writeback:             0 kB
Node 0 FilePages:         68888 kB
Node 0 Mapped:            17564 kB
Node 0 AnonPages:         31248 kB
Node 0 Shmem:               508 kB
Node 0 KernelStack:        1832 kB
Node 0 PageTables:          600 kB
Node 0 NFS_Unstable:          0 kB
Node 0 Bounce:                0 kB
Node 0 WritebackTmp:          0 kB
Node 0 KReclaimable:      19336 kB
Node 0 Slab:              58716 kB
Node 0 SReclaimable:      19336 kB
Node 0 SUnreclaim:        39380 kB
Node 0 AnonHugePages:         0 kB
Node 0 ShmemHugePages:        0 kB
Node 0 ShmemPmdMapped:        0 kB
Node 0 FileHugePages:        0 kB
Node 0 FilePmdMapped:        0 kB
Node 0 HugePages_Total:     0
Node 0 HugePages_Free:      0
Node 0 HugePages_Surp:      0

Node 1 MemTotal:       24686196 kB
Node 1 MemFree:        24408340 kB
Node 1 MemUsed:          277856 kB
Node 1 Active:            41684 kB
Node 1 Inactive:         103584 kB
Node 1 Active(anon):      18912 kB
Node 1 Inactive(anon):      560 kB
Node 1 Active(file):      22772 kB
Node 1 Inactive(file):   103024 kB
Node 1 Unevictable:        4804 kB
Node 1 Mlocked:            4804 kB
Node 1 Dirty:               236 kB
Node 1 Writeback:             0 kB
Node 1 FilePages:        131360 kB
Node 1 Mapped:            60552 kB
Node 1 AnonPages:         18784 kB
Node 1 Shmem:               760 kB
Node 1 KernelStack:        1928 kB
Node 1 PageTables:         1040 kB
Node 1 NFS_Unstable:          0 kB
Node 1 Bounce:                0 kB
Node 1 WritebackTmp:          0 kB
Node 1 KReclaimable:      22924 kB
Node 1 Slab:              51092 kB
Node 1 SReclaimable:      22924 kB
Node 1 SUnreclaim:        28168 kB
Node 1 AnonHugePages:         0 kB
Node 1 ShmemHugePages:        0 kB
Node 1 ShmemPmdMapped:        0 kB
Node 1 FileHugePages:        0 kB
Node 1 FilePmdMapped:        0 kB
Node 1 HugePages_Total:     0
Node 1 HugePages_Free:      0
Node 1 HugePages_Surp:      0

Import tank ZPool
Node 0 MemTotal:       24743736 kB
Node 0 MemFree:        24353504 kB
Node 0 MemUsed:          390232 kB
Node 0 Active:            65564 kB
Node 0 Inactive:          21464 kB
Node 0 Active(anon):      20204 kB
Node 0 Inactive(anon):      324 kB
Node 0 Active(file):      45360 kB
Node 0 Inactive(file):    21140 kB
Node 0 Unevictable:       13716 kB
Node 0 Mlocked:           13716 kB
Node 0 Dirty:                40 kB
Node 0 Writeback:             0 kB
Node 0 FilePages:         70404 kB
Node 0 Mapped:            17452 kB
Node 0 AnonPages:         29860 kB
Node 0 Shmem:               512 kB
Node 0 KernelStack:        1880 kB
Node 0 PageTables:          696 kB
Node 0 NFS_Unstable:          0 kB
Node 0 Bounce:                0 kB
Node 0 WritebackTmp:          0 kB
Node 0 KReclaimable:      19492 kB
Node 0 Slab:              63976 kB
Node 0 SReclaimable:      19492 kB
Node 0 SUnreclaim:        44484 kB
Node 0 AnonHugePages:         0 kB
Node 0 ShmemHugePages:        0 kB
Node 0 ShmemPmdMapped:        0 kB
Node 0 FileHugePages:        0 kB
Node 0 FilePmdMapped:        0 kB
Node 0 HugePages_Total:     0
Node 0 HugePages_Free:      0
Node 0 HugePages_Surp:      0

Node 1 MemTotal:       24686196 kB
Node 1 MemFree:        24395432 kB
Node 1 MemUsed:          290764 kB
Node 1 Active:            36612 kB
Node 1 Inactive:         103584 kB
Node 1 Active(anon):      13820 kB
Node 1 Inactive(anon):      560 kB
Node 1 Active(file):      22792 kB
Node 1 Inactive(file):   103024 kB
Node 1 Unevictable:        4804 kB
Node 1 Mlocked:            4804 kB
Node 1 Dirty:               176 kB
Node 1 Writeback:             0 kB
Node 1 FilePages:        131388 kB
Node 1 Mapped:            60628 kB
Node 1 AnonPages:         13656 kB
Node 1 Shmem:               756 kB
Node 1 KernelStack:        2888 kB
Node 1 PageTables:          760 kB
Node 1 NFS_Unstable:          0 kB
Node 1 Bounce:                0 kB
Node 1 WritebackTmp:          0 kB
Node 1 KReclaimable:      22924 kB
Node 1 Slab:              53468 kB
Node 1 SReclaimable:      22924 kB
Node 1 SUnreclaim:        30544 kB
Node 1 AnonHugePages:         0 kB
Node 1 ShmemHugePages:        0 kB
Node 1 ShmemPmdMapped:        0 kB
Node 1 FileHugePages:        0 kB
Node 1 FilePmdMapped:        0 kB
Node 1 HugePages_Total:     0
Node 1 HugePages_Free:      0
Node 1 HugePages_Surp:      0

After Test
Node 0 MemTotal:       24743736 kB
Node 0 MemFree:        22609880 kB
Node 0 MemUsed:         2133856 kB
Node 0 Active:            65888 kB
Node 0 Inactive:         997792 kB
Node 0 Active(anon):      19720 kB
Node 0 Inactive(anon):      324 kB
Node 0 Active(file):      46168 kB
Node 0 Inactive(file):   997468 kB
Node 0 Unevictable:       13716 kB
Node 0 Mlocked:           13716 kB
Node 0 Dirty:                12 kB
Node 0 Writeback:             0 kB
Node 0 FilePages:       1047540 kB
Node 0 Mapped:            17412 kB
Node 0 AnonPages:         30140 kB
Node 0 Shmem:               512 kB
Node 0 KernelStack:        1752 kB
Node 0 PageTables:          712 kB
Node 0 NFS_Unstable:          0 kB
Node 0 Bounce:                0 kB
Node 0 WritebackTmp:          0 kB
Node 0 KReclaimable:      21744 kB
Node 0 Slab:              71464 kB
Node 0 SReclaimable:      21744 kB
Node 0 SUnreclaim:        49720 kB
Node 0 AnonHugePages:         0 kB
Node 0 ShmemHugePages:        0 kB
Node 0 ShmemPmdMapped:        0 kB
Node 0 FileHugePages:        0 kB
Node 0 FilePmdMapped:        0 kB
Node 0 HugePages_Total:     0
Node 0 HugePages_Free:      0
Node 0 HugePages_Surp:      0

Node 1 MemTotal:       24686196 kB
Node 1 MemFree:        24106700 kB
Node 1 MemUsed:          579496 kB
Node 1 Active:            36068 kB
Node 1 Inactive:         103584 kB
Node 1 Active(anon):      13244 kB
Node 1 Inactive(anon):      560 kB
Node 1 Active(file):      22824 kB
Node 1 Inactive(file):   103024 kB
Node 1 Unevictable:        4804 kB
Node 1 Mlocked:            4804 kB
Node 1 Dirty:               100 kB
Node 1 Writeback:             0 kB
Node 1 FilePages:        131436 kB
Node 1 Mapped:            60820 kB
Node 1 AnonPages:         13060 kB
Node 1 Shmem:               756 kB
Node 1 KernelStack:        2824 kB
Node 1 PageTables:          600 kB
Node 1 NFS_Unstable:          0 kB
Node 1 Bounce:                0 kB
Node 1 WritebackTmp:          0 kB
Node 1 KReclaimable:      23052 kB
Node 1 Slab:              54788 kB
Node 1 SReclaimable:      23052 kB
Node 1 SUnreclaim:        31736 kB
Node 1 AnonHugePages:         0 kB
Node 1 ShmemHugePages:        0 kB
Node 1 ShmemPmdMapped:        0 kB
Node 1 FileHugePages:        0 kB
Node 1 FilePmdMapped:        0 kB
Node 1 HugePages_Total:     0
Node 1 HugePages_Free:      0
Node 1 HugePages_Surp:      0

After Opposite Node
Node 0 MemTotal:       24743736 kB
Node 0 MemFree:        22610896 kB
Node 0 MemUsed:         2132840 kB
Node 0 Active:            65320 kB
Node 0 Inactive:         997776 kB
Node 0 Active(anon):      19132 kB
Node 0 Inactive(anon):      324 kB
Node 0 Active(file):      46188 kB
Node 0 Inactive(file):   997452 kB
Node 0 Unevictable:       13716 kB
Node 0 Mlocked:           13716 kB
Node 0 Dirty:                24 kB
Node 0 Writeback:             0 kB
Node 0 FilePages:       1047544 kB
Node 0 Mapped:            17416 kB
Node 0 AnonPages:         29268 kB
Node 0 Shmem:               512 kB
Node 0 KernelStack:        1720 kB
Node 0 PageTables:          572 kB
Node 0 NFS_Unstable:          0 kB
Node 0 Bounce:                0 kB
Node 0 WritebackTmp:          0 kB
Node 0 KReclaimable:      21744 kB
Node 0 Slab:              71504 kB
Node 0 SReclaimable:      21744 kB
Node 0 SUnreclaim:        49760 kB
Node 0 AnonHugePages:         0 kB
Node 0 ShmemHugePages:        0 kB
Node 0 ShmemPmdMapped:        0 kB
Node 0 FileHugePages:        0 kB
Node 0 FilePmdMapped:        0 kB
Node 0 HugePages_Total:     0
Node 0 HugePages_Free:      0
Node 0 HugePages_Surp:      0

Node 1 MemTotal:       24686196 kB
Node 1 MemFree:        24106712 kB
Node 1 MemUsed:          579484 kB
Node 1 Active:            37032 kB
Node 1 Inactive:         103316 kB
Node 1 Active(anon):      13888 kB
Node 1 Inactive(anon):      560 kB
Node 1 Active(file):      23144 kB
Node 1 Inactive(file):   102756 kB
Node 1 Unevictable:        4804 kB
Node 1 Mlocked:            4804 kB
Node 1 Dirty:                44 kB
Node 1 Writeback:             0 kB
Node 1 FilePages:        131464 kB
Node 1 Mapped:            60624 kB
Node 1 AnonPages:         13544 kB
Node 1 Shmem:               756 kB
Node 1 KernelStack:        2856 kB
Node 1 PageTables:          836 kB
Node 1 NFS_Unstable:          0 kB
Node 1 Bounce:                0 kB
Node 1 WritebackTmp:          0 kB
Node 1 KReclaimable:      23136 kB
Node 1 Slab:              54980 kB
Node 1 SReclaimable:      23136 kB
Node 1 SUnreclaim:        31844 kB
Node 1 AnonHugePages:         0 kB
Node 1 ShmemHugePages:        0 kB
Node 1 ShmemPmdMapped:        0 kB
Node 1 FileHugePages:        0 kB
Node 1 FilePmdMapped:        0 kB
Node 1 HugePages_Total:     0
Node 1 HugePages_Free:      0
Node 1 HugePages_Surp:      0

U.0.huge-simpleread.500M.1.O.1M Complete!
