40 Tests Remaining!
U.0.huge-simpleread.4G.3.O.1M
Begin
Node 0 MemTotal:       24743736 kB
Node 0 MemFree:        24332064 kB
Node 0 MemUsed:          411672 kB
Node 0 Active:            59608 kB
Node 0 Inactive:          76344 kB
Node 0 Active(anon):      13828 kB
Node 0 Inactive(anon):      460 kB
Node 0 Active(file):      45780 kB
Node 0 Inactive(file):    75884 kB
Node 0 Unevictable:        5340 kB
Node 0 Mlocked:            5340 kB
Node 0 Dirty:               160 kB
Node 0 Writeback:             0 kB
Node 0 FilePages:        127668 kB
Node 0 Mapped:            41840 kB
Node 0 AnonPages:         13560 kB
Node 0 Shmem:               656 kB
Node 0 KernelStack:        2152 kB
Node 0 PageTables:          664 kB
Node 0 NFS_Unstable:          0 kB
Node 0 Bounce:                0 kB
Node 0 WritebackTmp:          0 kB
Node 0 KReclaimable:      18744 kB
Node 0 Slab:              52968 kB
Node 0 SReclaimable:      18744 kB
Node 0 SUnreclaim:        34224 kB
Node 0 AnonHugePages:         0 kB
Node 0 ShmemHugePages:        0 kB
Node 0 ShmemPmdMapped:        0 kB
Node 0 FileHugePages:        0 kB
Node 0 FilePmdMapped:        0 kB
Node 0 HugePages_Total:     0
Node 0 HugePages_Free:      0
Node 0 HugePages_Surp:      0

Node 1 MemTotal:       24686196 kB
Node 1 MemFree:        24444972 kB
Node 1 MemUsed:          241224 kB
Node 1 Active:            40528 kB
Node 1 Inactive:          52032 kB
Node 1 Active(anon):      20476 kB
Node 1 Inactive(anon):      416 kB
Node 1 Active(file):      20052 kB
Node 1 Inactive(file):    51616 kB
Node 1 Unevictable:       13184 kB
Node 1 Mlocked:           13184 kB
Node 1 Dirty:               120 kB
Node 1 Writeback:             0 kB
Node 1 FilePages:         75144 kB
Node 1 Mapped:            35728 kB
Node 1 AnonPages:         30608 kB
Node 1 Shmem:               612 kB
Node 1 KernelStack:        1688 kB
Node 1 PageTables:          780 kB
Node 1 NFS_Unstable:          0 kB
Node 1 Bounce:                0 kB
Node 1 WritebackTmp:          0 kB
Node 1 KReclaimable:      23536 kB
Node 1 Slab:              52904 kB
Node 1 SReclaimable:      23536 kB
Node 1 SUnreclaim:        29368 kB
Node 1 AnonHugePages:         0 kB
Node 1 ShmemHugePages:        0 kB
Node 1 ShmemPmdMapped:        0 kB
Node 1 FileHugePages:        0 kB
Node 1 FilePmdMapped:        0 kB
Node 1 HugePages_Total:     0
Node 1 HugePages_Free:      0
Node 1 HugePages_Surp:      0

Load ZFS
Node 0 MemTotal:       24743736 kB
Node 0 MemFree:        24461760 kB
Node 0 MemUsed:          281976 kB
Node 0 Active:            68976 kB
Node 0 Inactive:          71736 kB
Node 0 Active(anon):      17588 kB
Node 0 Inactive(anon):      460 kB
Node 0 Active(file):      51388 kB
Node 0 Inactive(file):    71276 kB
Node 0 Unevictable:        5340 kB
Node 0 Mlocked:            5340 kB
Node 0 Dirty:               184 kB
Node 0 Writeback:             0 kB
Node 0 FilePages:        128656 kB
Node 0 Mapped:            41840 kB
Node 0 AnonPages:         17516 kB
Node 0 Shmem:               656 kB
Node 0 KernelStack:        2360 kB
Node 0 PageTables:          920 kB
Node 0 NFS_Unstable:          0 kB
Node 0 Bounce:                0 kB
Node 0 WritebackTmp:          0 kB
Node 0 KReclaimable:      19144 kB
Node 0 Slab:              54488 kB
Node 0 SReclaimable:      19144 kB
Node 0 SUnreclaim:        35344 kB
Node 0 AnonHugePages:         0 kB
Node 0 ShmemHugePages:        0 kB
Node 0 ShmemPmdMapped:        0 kB
Node 0 FileHugePages:        0 kB
Node 0 FilePmdMapped:        0 kB
Node 0 HugePages_Total:     0
Node 0 HugePages_Free:      0
Node 0 HugePages_Surp:      0

Node 1 MemTotal:       24686196 kB
Node 1 MemFree:        24303928 kB
Node 1 MemUsed:          382268 kB
Node 1 Active:            42280 kB
Node 1 Inactive:          52536 kB
Node 1 Active(anon):      21196 kB
Node 1 Inactive(anon):      416 kB
Node 1 Active(file):      21084 kB
Node 1 Inactive(file):    52120 kB
Node 1 Unevictable:       13184 kB
Node 1 Mlocked:           13184 kB
Node 1 Dirty:               128 kB
Node 1 Writeback:             0 kB
Node 1 FilePages:         76672 kB
Node 1 Mapped:            35724 kB
Node 1 AnonPages:         31268 kB
Node 1 Shmem:               612 kB
Node 1 KernelStack:        1432 kB
Node 1 PageTables:          744 kB
Node 1 NFS_Unstable:          0 kB
Node 1 Bounce:                0 kB
Node 1 WritebackTmp:          0 kB
Node 1 KReclaimable:      23812 kB
Node 1 Slab:              54500 kB
Node 1 SReclaimable:      23812 kB
Node 1 SUnreclaim:        30688 kB
Node 1 AnonHugePages:         0 kB
Node 1 ShmemHugePages:        0 kB
Node 1 ShmemPmdMapped:        0 kB
Node 1 FileHugePages:        0 kB
Node 1 FilePmdMapped:        0 kB
Node 1 HugePages_Total:     0
Node 1 HugePages_Free:      0
Node 1 HugePages_Surp:      0

Import tank ZPool
Node 0 MemTotal:       24743736 kB
Node 0 MemFree:        24447304 kB
Node 0 MemUsed:          296432 kB
Node 0 Active:            69112 kB
Node 0 Inactive:          71696 kB
Node 0 Active(anon):      17680 kB
Node 0 Inactive(anon):      460 kB
Node 0 Active(file):      51432 kB
Node 0 Inactive(file):    71236 kB
Node 0 Unevictable:        5340 kB
Node 0 Mlocked:            5340 kB
Node 0 Dirty:                28 kB
Node 0 Writeback:             0 kB
Node 0 FilePages:        128656 kB
Node 0 Mapped:            42136 kB
Node 0 AnonPages:         17580 kB
Node 0 Shmem:               652 kB
Node 0 KernelStack:        3448 kB
Node 0 PageTables:          920 kB
Node 0 NFS_Unstable:          0 kB
Node 0 Bounce:                0 kB
Node 0 WritebackTmp:          0 kB
Node 0 KReclaimable:      19176 kB
Node 0 Slab:              56992 kB
Node 0 SReclaimable:      19176 kB
Node 0 SUnreclaim:        37816 kB
Node 0 AnonHugePages:         0 kB
Node 0 ShmemHugePages:        0 kB
Node 0 ShmemPmdMapped:        0 kB
Node 0 FileHugePages:        0 kB
Node 0 FilePmdMapped:        0 kB
Node 0 HugePages_Total:     0
Node 0 HugePages_Free:      0
Node 0 HugePages_Surp:      0

Node 1 MemTotal:       24686196 kB
Node 1 MemFree:        24297608 kB
Node 1 MemUsed:          388588 kB
Node 1 Active:            42868 kB
Node 1 Inactive:          53724 kB
Node 1 Active(anon):      21444 kB
Node 1 Inactive(anon):      420 kB
Node 1 Active(file):      21424 kB
Node 1 Inactive(file):    53304 kB
Node 1 Unevictable:       13184 kB
Node 1 Mlocked:           13184 kB
Node 1 Dirty:                12 kB
Node 1 Writeback:             0 kB
Node 1 FilePages:         78232 kB
Node 1 Mapped:            35764 kB
Node 1 AnonPages:         31228 kB
Node 1 Shmem:               616 kB
Node 1 KernelStack:        1448 kB
Node 1 PageTables:          832 kB
Node 1 NFS_Unstable:          0 kB
Node 1 Bounce:                0 kB
Node 1 WritebackTmp:          0 kB
Node 1 KReclaimable:      23944 kB
Node 1 Slab:              59060 kB
Node 1 SReclaimable:      23944 kB
Node 1 SUnreclaim:        35116 kB
Node 1 AnonHugePages:         0 kB
Node 1 ShmemHugePages:        0 kB
Node 1 ShmemPmdMapped:        0 kB
Node 1 FileHugePages:        0 kB
Node 1 FilePmdMapped:        0 kB
Node 1 HugePages_Total:     0
Node 1 HugePages_Free:      0
Node 1 HugePages_Surp:      0

After Test
Node 0 MemTotal:       24743736 kB
Node 0 MemFree:        19003424 kB
Node 0 MemUsed:         5740312 kB
Node 0 Active:           102832 kB
Node 0 Inactive:        1053076 kB
Node 0 Active(anon):      46280 kB
Node 0 Inactive(anon):      320 kB
Node 0 Active(file):      56552 kB
Node 0 Inactive(file):  1052756 kB
Node 0 Unevictable:        5340 kB
Node 0 Mlocked:            5340 kB
Node 0 Dirty:                36 kB
Node 0 Writeback:             0 kB
Node 0 FilePages:       1115296 kB
Node 0 Mapped:            46376 kB
Node 0 AnonPages:         45796 kB
Node 0 Shmem:               652 kB
Node 0 KernelStack:        3272 kB
Node 0 PageTables:          932 kB
Node 0 NFS_Unstable:          0 kB
Node 0 Bounce:                0 kB
Node 0 WritebackTmp:          0 kB
Node 0 KReclaimable:      22564 kB
Node 0 Slab:              81116 kB
Node 0 SReclaimable:      22564 kB
Node 0 SUnreclaim:        58552 kB
Node 0 AnonHugePages:         0 kB
Node 0 ShmemHugePages:        0 kB
Node 0 ShmemPmdMapped:        0 kB
Node 0 FileHugePages:        0 kB
Node 0 FilePmdMapped:        0 kB
Node 0 HugePages_Total:     0
Node 0 HugePages_Free:      0
Node 0 HugePages_Surp:      0

Node 1 MemTotal:       24686196 kB
Node 1 MemFree:        23672888 kB
Node 1 MemUsed:         1013308 kB
Node 1 Active:            46124 kB
Node 1 Inactive:          56452 kB
Node 1 Active(anon):      22132 kB
Node 1 Inactive(anon):      328 kB
Node 1 Active(file):      23992 kB
Node 1 Inactive(file):    56124 kB
Node 1 Unevictable:       13184 kB
Node 1 Mlocked:           13184 kB
Node 1 Dirty:                 8 kB
Node 1 Writeback:             0 kB
Node 1 FilePages:         83628 kB
Node 1 Mapped:            40348 kB
Node 1 AnonPages:         32176 kB
Node 1 Shmem:               620 kB
Node 1 KernelStack:        1432 kB
Node 1 PageTables:          652 kB
Node 1 NFS_Unstable:          0 kB
Node 1 Bounce:                0 kB
Node 1 WritebackTmp:          0 kB
Node 1 KReclaimable:      24632 kB
Node 1 Slab:              62976 kB
Node 1 SReclaimable:      24632 kB
Node 1 SUnreclaim:        38344 kB
Node 1 AnonHugePages:         0 kB
Node 1 ShmemHugePages:        0 kB
Node 1 ShmemPmdMapped:        0 kB
Node 1 FileHugePages:        0 kB
Node 1 FilePmdMapped:        0 kB
Node 1 HugePages_Total:     0
Node 1 HugePages_Free:      0
Node 1 HugePages_Surp:      0

After Opposite Node
Node 0 MemTotal:       24743736 kB
Node 0 MemFree:        19008164 kB
Node 0 MemUsed:         5735572 kB
Node 0 Active:           102320 kB
Node 0 Inactive:        1053076 kB
Node 0 Active(anon):      45764 kB
Node 0 Inactive(anon):      320 kB
Node 0 Active(file):      56556 kB
Node 0 Inactive(file):  1052756 kB
Node 0 Unevictable:        5340 kB
Node 0 Mlocked:            5340 kB
Node 0 Dirty:                64 kB
Node 0 Writeback:             0 kB
Node 0 FilePages:       1115300 kB
Node 0 Mapped:            46380 kB
Node 0 AnonPages:         45432 kB
Node 0 Shmem:               652 kB
Node 0 KernelStack:        3256 kB
Node 0 PageTables:          716 kB
Node 0 NFS_Unstable:          0 kB
Node 0 Bounce:                0 kB
Node 0 WritebackTmp:          0 kB
Node 0 KReclaimable:      22564 kB
Node 0 Slab:              80620 kB
Node 0 SReclaimable:      22564 kB
Node 0 SUnreclaim:        58056 kB
Node 0 AnonHugePages:         0 kB
Node 0 ShmemHugePages:        0 kB
Node 0 ShmemPmdMapped:        0 kB
Node 0 FileHugePages:        0 kB
Node 0 FilePmdMapped:        0 kB
Node 0 HugePages_Total:     0
Node 0 HugePages_Free:      0
Node 0 HugePages_Surp:      0

Node 1 MemTotal:       24686196 kB
Node 1 MemFree:        23670448 kB
Node 1 MemUsed:         1015748 kB
Node 1 Active:            46928 kB
Node 1 Inactive:          56184 kB
Node 1 Active(anon):      22612 kB
Node 1 Inactive(anon):      328 kB
Node 1 Active(file):      24316 kB
Node 1 Inactive(file):    55856 kB
Node 1 Unevictable:       13184 kB
Node 1 Mlocked:           13184 kB
Node 1 Dirty:                28 kB
Node 1 Writeback:             0 kB
Node 1 FilePages:         83656 kB
Node 1 Mapped:            40360 kB
Node 1 AnonPages:         32556 kB
Node 1 Shmem:               620 kB
Node 1 KernelStack:        1448 kB
Node 1 PageTables:          868 kB
Node 1 NFS_Unstable:          0 kB
Node 1 Bounce:                0 kB
Node 1 WritebackTmp:          0 kB
Node 1 KReclaimable:      24664 kB
Node 1 Slab:              64220 kB
Node 1 SReclaimable:      24664 kB
Node 1 SUnreclaim:        39556 kB
Node 1 AnonHugePages:         0 kB
Node 1 ShmemHugePages:        0 kB
Node 1 ShmemPmdMapped:        0 kB
Node 1 FileHugePages:        0 kB
Node 1 FilePmdMapped:        0 kB
Node 1 HugePages_Total:     0
Node 1 HugePages_Free:      0
Node 1 HugePages_Surp:      0

U.0.huge-simpleread.4G.3.O.1M Complete!
