Fio Node 0 pages
55c10281d000 bind:0 file=/usr/bin/dash mapped=19 mapmax=3 N0=9 N1=10 kernelpagesize_kB=4
55c102830000 bind:0 file=/usr/bin/dash mapped=6 mapmax=3 N0=6 kernelpagesize_kB=4
55c102836000 bind:0 file=/usr/bin/dash anon=2 dirty=2 mapmax=2 N0=2 kernelpagesize_kB=4
55c102838000 bind:0 file=/usr/bin/dash anon=1 dirty=1 N0=1 kernelpagesize_kB=4
55c102839000 bind:0 anon=1 dirty=1 N0=1 kernelpagesize_kB=4
55c1029c8000 bind:0 heap anon=2 dirty=2 mapmax=2 N0=2 kernelpagesize_kB=4
7fd9cd31f000 bind:0 file=/usr/lib/x86_64-linux-gnu/libc-2.31.so mapped=128 mapmax=57 N0=128 kernelpagesize_kB=4
7fd9cd497000 bind:0 file=/usr/lib/x86_64-linux-gnu/libc-2.31.so mapped=25 mapmax=56 N0=25 kernelpagesize_kB=4
7fd9cd4e2000 bind:0 file=/usr/lib/x86_64-linux-gnu/libc-2.31.so anon=3 dirty=3 mapmax=2 N0=3 kernelpagesize_kB=4
7fd9cd4e5000 bind:0 file=/usr/lib/x86_64-linux-gnu/libc-2.31.so anon=3 dirty=3 mapmax=2 N0=3 kernelpagesize_kB=4
7fd9cd4e8000 bind:0 anon=6 dirty=6 mapmax=2 N0=6 kernelpagesize_kB=4
7fd9cd525000 bind:0 file=/usr/lib/x86_64-linux-gnu/ld-2.31.so anon=1 dirty=1 mapmax=2 N0=1 kernelpagesize_kB=4
7fd9cd526000 bind:0 file=/usr/lib/x86_64-linux-gnu/ld-2.31.so anon=1 dirty=1 N0=1 kernelpagesize_kB=4
7fd9cd527000 bind:0 anon=1 dirty=1 mapmax=2 N0=1 kernelpagesize_kB=4
7ffc461ab000 bind:0 stack anon=3 dirty=3 mapmax=2 N0=3 kernelpagesize_kB=4
Fio Node 1 pages
55c10281d000 bind:0 file=/usr/bin/dash mapped=19 mapmax=3 N0=9 N1=10 kernelpagesize_kB=4
Fio Node 0 pages
55cdc0c1d000 bind:0 file=/usr/local/bin/fio mapped=16 active=1 N0=16 kernelpagesize_kB=4
55cdc0ce1000 bind:0 file=/usr/local/bin/fio anon=2 dirty=2 mapped=17 active=2 N0=17 kernelpagesize_kB=4
7eff506a8000 bind:0 anon=2 dirty=2 N0=2 kernelpagesize_kB=4
7eff506aa000 bind:0 file=/usr/lib/x86_64-linux-gnu/libc-2.31.so mapped=37 mapmax=25 N0=37 kernelpagesize_kB=4
7eff506cf000 bind:0 file=/usr/lib/x86_64-linux-gnu/libc-2.31.so mapped=16 mapmax=57 N0=16 kernelpagesize_kB=4
7eff50892000 bind:0 file=/usr/lib/x86_64-linux-gnu/libc-2.31.so anon=6 dirty=6 N0=6 kernelpagesize_kB=4
7eff5089f000 bind:0 file=/usr/lib/x86_64-linux-gnu/libaio.so.1.0.1 anon=2 dirty=2 N0=2 kernelpagesize_kB=4
7eff508a1000 bind:0 file=/usr/lib/x86_64-linux-gnu/libdl-2.31.so mapped=1 mapmax=20 N0=1 kernelpagesize_kB=4
7eff508a5000 bind:0 file=/usr/lib/x86_64-linux-gnu/libdl-2.31.so anon=2 dirty=2 N0=2 kernelpagesize_kB=4
7eff508a7000 bind:0 anon=2 dirty=2 N0=2 kernelpagesize_kB=4
7eff508a9000 bind:0 file=/usr/lib/x86_64-linux-gnu/libmvec-2.31.so mapped=2 active=1 N0=2 kernelpagesize_kB=4
7eff508d3000 bind:0 file=/usr/lib/x86_64-linux-gnu/libmvec-2.31.so anon=2 dirty=2 N0=2 kernelpagesize_kB=4
7eff508d5000 bind:0 file=/usr/lib/x86_64-linux-gnu/libm-2.31.so mapped=15 mapmax=12 N0=15 kernelpagesize_kB=4
7eff50a22000 bind:0 file=/usr/lib/x86_64-linux-gnu/libm-2.31.so anon=2 dirty=2 N0=2 kernelpagesize_kB=4
7eff50a24000 bind:0 file=/usr/lib/x86_64-linux-gnu/libpthread-2.31.so mapped=7 mapmax=22 N0=7 kernelpagesize_kB=4
7eff50a41000 bind:0 file=/usr/lib/x86_64-linux-gnu/libpthread-2.31.so anon=2 dirty=2 N0=2 kernelpagesize_kB=4
7eff50a61000 bind:0 file=/usr/lib/x86_64-linux-gnu/libz.so.1.2.11 anon=2 dirty=2 N0=2 kernelpagesize_kB=4
7eff50a63000 bind:0 file=/usr/lib/x86_64-linux-gnu/librt-2.31.so mapped=3 mapmax=17 N0=3 kernelpagesize_kB=4
7eff50a6c000 bind:0 file=/usr/lib/x86_64-linux-gnu/librt-2.31.so anon=2 dirty=2 N0=2 kernelpagesize_kB=4
7eff50a6e000 bind:0 file=/usr/lib/x86_64-linux-gnu/libnuma.so.1.0.0 mapped=3 mapmax=2 N0=3 kernelpagesize_kB=4
7eff50a79000 bind:0 file=/usr/lib/x86_64-linux-gnu/libnuma.so.1.0.0 anon=2 dirty=2 N0=2 kernelpagesize_kB=4
7eff50a7b000 bind:0 anon=2 dirty=2 N0=2 kernelpagesize_kB=4
7eff50a7d000 bind:0 file=/etc/ld.so.cache mapped=10 N0=10 kernelpagesize_kB=4
7eff50a87000 bind:0 file=/usr/lib/x86_64-linux-gnu/ld-2.31.so mapped=1 mapmax=25 N0=1 kernelpagesize_kB=4
7eff50a88000 bind:0 file=/usr/lib/x86_64-linux-gnu/ld-2.31.so mapped=35 mapmax=25 N0=35 kernelpagesize_kB=4
7eff50aab000 bind:0 file=/usr/lib/x86_64-linux-gnu/ld-2.31.so mapped=8 mapmax=25 N0=8 kernelpagesize_kB=4
7eff50ab4000 bind:0 file=/usr/lib/x86_64-linux-gnu/ld-2.31.so anon=2 dirty=2 N0=2 kernelpagesize_kB=4
7eff50ab6000 bind:0 anon=1 dirty=1 N0=1 kernelpagesize_kB=4
7fff51ece000 bind:0 stack anon=3 dirty=3 N0=3 kernelpagesize_kB=4
Fio Node 1 pages
7eff5089c000 bind:0 file=/usr/lib/x86_64-linux-gnu/libaio.so.1.0.1 mapped=1 mapmax=2 N1=1 kernelpagesize_kB=4
7eff5089d000 bind:0 file=/usr/lib/x86_64-linux-gnu/libaio.so.1.0.1 mapped=1 mapmax=2 N1=1 kernelpagesize_kB=4
7eff50a47000 bind:0 file=/usr/lib/x86_64-linux-gnu/libz.so.1.2.11 mapped=2 mapmax=8 N1=2 kernelpagesize_kB=4
7eff50a49000 bind:0 file=/usr/lib/x86_64-linux-gnu/libz.so.1.2.11 mapped=15 mapmax=8 N1=15 kernelpagesize_kB=4
B.0.fio.250M.1.O
Begin
Node 0 MemTotal:       24768352 kB
Node 0 MemFree:        24355744 kB
Node 0 MemUsed:          412608 kB
Node 0 Active:            56088 kB
Node 0 Inactive:          65988 kB
Node 0 Active(anon):      19420 kB
Node 0 Inactive(anon):      316 kB
Node 0 Active(file):      36668 kB
Node 0 Inactive(file):    65672 kB
Node 0 Unevictable:        4900 kB
Node 0 Mlocked:            4900 kB
Node 0 Dirty:               160 kB
Node 0 Writeback:             0 kB
Node 0 FilePages:        107724 kB
Node 0 Mapped:            32184 kB
Node 0 AnonPages:         19256 kB
Node 0 Shmem:               488 kB
Node 0 KernelStack:        2232 kB
Node 0 PageTables:          592 kB
Node 0 NFS_Unstable:          0 kB
Node 0 Bounce:                0 kB
Node 0 WritebackTmp:          0 kB
Node 0 KReclaimable:      26804 kB
Node 0 Slab:              70676 kB
Node 0 SReclaimable:      26804 kB
Node 0 SUnreclaim:        43872 kB
Node 0 AnonHugePages:         0 kB
Node 0 ShmemHugePages:        0 kB
Node 0 ShmemPmdMapped:        0 kB
Node 0 FileHugePages:        0 kB
Node 0 FilePmdMapped:        0 kB
Node 0 HugePages_Total:     0
Node 0 HugePages_Free:      0
Node 0 HugePages_Surp:      0

Node 1 MemTotal:       24661580 kB
Node 1 MemFree:        24462528 kB
Node 1 MemUsed:          199052 kB
Node 1 Active:            38248 kB
Node 1 Inactive:          22916 kB
Node 1 Active(anon):      14724 kB
Node 1 Inactive(anon):      544 kB
Node 1 Active(file):      23524 kB
Node 1 Inactive(file):    22372 kB
Node 1 Unevictable:       13624 kB
Node 1 Mlocked:           13624 kB
Node 1 Dirty:                32 kB
Node 1 Writeback:             0 kB
Node 1 FilePages:         50120 kB
Node 1 Mapped:            13624 kB
Node 1 AnonPages:         24880 kB
Node 1 Shmem:               780 kB
Node 1 KernelStack:        1400 kB
Node 1 PageTables:          476 kB
Node 1 NFS_Unstable:          0 kB
Node 1 Bounce:                0 kB
Node 1 WritebackTmp:          0 kB
Node 1 KReclaimable:      15276 kB
Node 1 Slab:              39124 kB
Node 1 SReclaimable:      15276 kB
Node 1 SUnreclaim:        23848 kB
Node 1 AnonHugePages:         0 kB
Node 1 ShmemHugePages:        0 kB
Node 1 ShmemPmdMapped:        0 kB
Node 1 FileHugePages:        0 kB
Node 1 FilePmdMapped:        0 kB
Node 1 HugePages_Total:     0
Node 1 HugePages_Free:      0
Node 1 HugePages_Surp:      0

Load ZFS
Node 0 MemTotal:       24768352 kB
Node 0 MemFree:        24291328 kB
Node 0 MemUsed:          477024 kB
Node 0 Active:            68424 kB
Node 0 Inactive:         109752 kB
Node 0 Active(anon):      30508 kB
Node 0 Inactive(anon):      448 kB
Node 0 Active(file):      37916 kB
Node 0 Inactive(file):   109304 kB
Node 0 Unevictable:        4900 kB
Node 0 Mlocked:            4900 kB
Node 0 Dirty:               380 kB
Node 0 Writeback:             0 kB
Node 0 FilePages:        152760 kB
Node 0 Mapped:            34112 kB
Node 0 AnonPages:         30912 kB
Node 0 Shmem:               644 kB
Node 0 KernelStack:        2220 kB
Node 0 PageTables:          932 kB
Node 0 NFS_Unstable:          0 kB
Node 0 Bounce:                0 kB
Node 0 WritebackTmp:          0 kB
Node 0 KReclaimable:      27592 kB
Node 0 Slab:              73592 kB
Node 0 SReclaimable:      27592 kB
Node 0 SUnreclaim:        46000 kB
Node 0 AnonHugePages:         0 kB
Node 0 ShmemHugePages:        0 kB
Node 0 ShmemPmdMapped:        0 kB
Node 0 FileHugePages:        0 kB
Node 0 FilePmdMapped:        0 kB
Node 0 HugePages_Total:     0
Node 0 HugePages_Free:      0
Node 0 HugePages_Surp:      0

Node 1 MemTotal:       24661580 kB
Node 1 MemFree:        24382672 kB
Node 1 MemUsed:          278908 kB
Node 1 Active:            53744 kB
Node 1 Inactive:          82668 kB
Node 1 Active(anon):      29032 kB
Node 1 Inactive(anon):      496 kB
Node 1 Active(file):      24712 kB
Node 1 Inactive(file):    82172 kB
Node 1 Unevictable:       13836 kB
Node 1 Mlocked:           13836 kB
Node 1 Dirty:                52 kB
Node 1 Writeback:             0 kB
Node 1 FilePages:        110804 kB
Node 1 Mapped:            15724 kB
Node 1 AnonPages:         39592 kB
Node 1 Shmem:               624 kB
Node 1 KernelStack:        1880 kB
Node 1 PageTables:         2072 kB
Node 1 NFS_Unstable:          0 kB
Node 1 Bounce:                0 kB
Node 1 WritebackTmp:          0 kB
Node 1 KReclaimable:      16072 kB
Node 1 Slab:              42848 kB
Node 1 SReclaimable:      16072 kB
Node 1 SUnreclaim:        26776 kB
Node 1 AnonHugePages:         0 kB
Node 1 ShmemHugePages:        0 kB
Node 1 ShmemPmdMapped:        0 kB
Node 1 FileHugePages:        0 kB
Node 1 FilePmdMapped:        0 kB
Node 1 HugePages_Total:     0
Node 1 HugePages_Free:      0
Node 1 HugePages_Surp:      0

Import tank ZPool
Node 0 MemTotal:       24768352 kB
Node 0 MemFree:        24276040 kB
Node 0 MemUsed:          492312 kB
Node 0 Active:            68272 kB
Node 0 Inactive:         109752 kB
Node 0 Active(anon):      30352 kB
Node 0 Inactive(anon):      452 kB
Node 0 Active(file):      37920 kB
Node 0 Inactive(file):   109300 kB
Node 0 Unevictable:        4900 kB
Node 0 Mlocked:            4900 kB
Node 0 Dirty:               468 kB
Node 0 Writeback:             0 kB
Node 0 FilePages:        152756 kB
Node 0 Mapped:            34044 kB
Node 0 AnonPages:         30164 kB
Node 0 Shmem:               640 kB
Node 0 KernelStack:        3368 kB
Node 0 PageTables:          872 kB
Node 0 NFS_Unstable:          0 kB
Node 0 Bounce:                0 kB
Node 0 WritebackTmp:          0 kB
Node 0 KReclaimable:      27600 kB
Node 0 Slab:              75916 kB
Node 0 SReclaimable:      27600 kB
Node 0 SUnreclaim:        48316 kB
Node 0 AnonHugePages:         0 kB
Node 0 ShmemHugePages:        0 kB
Node 0 ShmemPmdMapped:        0 kB
Node 0 FileHugePages:        0 kB
Node 0 FilePmdMapped:        0 kB
Node 0 HugePages_Total:     0
Node 0 HugePages_Free:      0
Node 0 HugePages_Surp:      0

Node 1 MemTotal:       24661580 kB
Node 1 MemFree:        24377048 kB
Node 1 MemUsed:          284532 kB
Node 1 Active:            54212 kB
Node 1 Inactive:          83856 kB
Node 1 Active(anon):      29148 kB
Node 1 Inactive(anon):      496 kB
Node 1 Active(file):      25064 kB
Node 1 Inactive(file):    83360 kB
Node 1 Unevictable:       13852 kB
Node 1 Mlocked:           13852 kB
Node 1 Dirty:                64 kB
Node 1 Writeback:             0 kB
Node 1 FilePages:        112352 kB
Node 1 Mapped:            15644 kB
Node 1 AnonPages:         39356 kB
Node 1 Shmem:               628 kB
Node 1 KernelStack:        1880 kB
Node 1 PageTables:         1660 kB
Node 1 NFS_Unstable:          0 kB
Node 1 Bounce:                0 kB
Node 1 WritebackTmp:          0 kB
Node 1 KReclaimable:      16216 kB
Node 1 Slab:              47660 kB
Node 1 SReclaimable:      16216 kB
Node 1 SUnreclaim:        31444 kB
Node 1 AnonHugePages:         0 kB
Node 1 ShmemHugePages:        0 kB
Node 1 ShmemPmdMapped:        0 kB
Node 1 FileHugePages:        0 kB
Node 1 FilePmdMapped:        0 kB
Node 1 HugePages_Total:     0
Node 1 HugePages_Free:      0
Node 1 HugePages_Surp:      0

After Test
Node 0 MemTotal:       24768352 kB
Node 0 MemFree:        23983488 kB
Node 0 MemUsed:          784864 kB
Node 0 Active:            58532 kB
Node 0 Inactive:         110664 kB
Node 0 Active(anon):      19516 kB
Node 0 Inactive(anon):      484 kB
Node 0 Active(file):      39016 kB
Node 0 Inactive(file):   110180 kB
Node 0 Unevictable:        4900 kB
Node 0 Mlocked:            4900 kB
Node 0 Dirty:               484 kB
Node 0 Writeback:             0 kB
Node 0 FilePages:        154776 kB
Node 0 Mapped:            32472 kB
Node 0 AnonPages:         19184 kB
Node 0 Shmem:               684 kB
Node 0 KernelStack:        3336 kB
Node 0 PageTables:          704 kB
Node 0 NFS_Unstable:          0 kB
Node 0 Bounce:                0 kB
Node 0 WritebackTmp:          0 kB
Node 0 KReclaimable:      28884 kB
Node 0 Slab:              79968 kB
Node 0 SReclaimable:      28884 kB
Node 0 SUnreclaim:        51084 kB
Node 0 AnonHugePages:         0 kB
Node 0 ShmemHugePages:        0 kB
Node 0 ShmemPmdMapped:        0 kB
Node 0 FileHugePages:        0 kB
Node 0 FilePmdMapped:        0 kB
Node 0 HugePages_Total:     0
Node 0 HugePages_Free:      0
Node 0 HugePages_Surp:      0
Fio Node 0 pages
55c9b62fe000 bind:1 file=/usr/local/bin/fio mapped=16 N0=16 kernelpagesize_kB=4
55c9b63c2000 bind:1 file=/usr/local/bin/fio anon=2 dirty=2 mapped=17 active=4 N0=15 N1=2 kernelpagesize_kB=4
7f228557a000 bind:1 file=/usr/lib/x86_64-linux-gnu/libc-2.31.so mapped=37 mapmax=25 N0=37 kernelpagesize_kB=4
7f2285771000 bind:1 file=/usr/lib/x86_64-linux-gnu/libdl-2.31.so mapped=1 mapmax=20 N0=1 kernelpagesize_kB=4
7f2285779000 bind:1 file=/usr/lib/x86_64-linux-gnu/libmvec-2.31.so mapped=2 N0=2 kernelpagesize_kB=4
7f22857a5000 bind:1 file=/usr/lib/x86_64-linux-gnu/libm-2.31.so mapped=15 mapmax=12 N0=15 kernelpagesize_kB=4
7f22858f4000 bind:1 file=/usr/lib/x86_64-linux-gnu/libpthread-2.31.so mapped=7 mapmax=22 N0=7 kernelpagesize_kB=4
7f2285933000 bind:1 file=/usr/lib/x86_64-linux-gnu/librt-2.31.so mapped=3 mapmax=17 N0=3 kernelpagesize_kB=4
7f228593e000 bind:1 file=/usr/lib/x86_64-linux-gnu/libnuma.so.1.0.0 mapped=3 mapmax=2 N0=3 kernelpagesize_kB=4
7f228594d000 bind:1 file=/etc/ld.so.cache mapped=10 N0=10 kernelpagesize_kB=4
7f2285957000 bind:1 file=/usr/lib/x86_64-linux-gnu/ld-2.31.so mapped=1 mapmax=25 N0=1 kernelpagesize_kB=4
7f2285958000 bind:1 file=/usr/lib/x86_64-linux-gnu/ld-2.31.so mapped=35 mapmax=25 N0=35 kernelpagesize_kB=4
7f228597b000 bind:1 file=/usr/lib/x86_64-linux-gnu/ld-2.31.so mapped=8 mapmax=25 N0=8 kernelpagesize_kB=4
Fio Node 1 pages
55c9b63c2000 bind:1 file=/usr/local/bin/fio anon=2 dirty=2 N1=2 kernelpagesize_kB=4
55c9b63c4000 bind:1 file=/usr/local/bin/fio anon=112 dirty=112 mapped=116 active=114 N0=4 N1=112 kernelpagesize_kB=4
55c9b64a0000 bind:1 anon=2 dirty=2 N1=2 kernelpagesize_kB=4
55c9b7fed000 bind:1 heap anon=4 dirty=4 N1=4 kernelpagesize_kB=4
7f2285578000 bind:1 anon=2 dirty=2 N1=2 kernelpagesize_kB=4
7f2285762000 bind:1 file=/usr/lib/x86_64-linux-gnu/libc-2.31.so anon=3 dirty=3 N1=3 kernelpagesize_kB=4
7f2285765000 bind:1 file=/usr/lib/x86_64-linux-gnu/libc-2.31.so anon=3 dirty=3 N1=3 kernelpagesize_kB=4
7f2285768000 bind:1 anon=4 dirty=4 N1=4 kernelpagesize_kB=4
7f228576c000 bind:1 file=/usr/lib/x86_64-linux-gnu/libaio.so.1.0.1 mapped=1 mapmax=2 N1=1 kernelpagesize_kB=4
7f228576d000 bind:1 file=/usr/lib/x86_64-linux-gnu/libaio.so.1.0.1 mapped=1 mapmax=2 N1=1 kernelpagesize_kB=4
7f228576f000 bind:1 file=/usr/lib/x86_64-linux-gnu/libaio.so.1.0.1 anon=1 dirty=1 N1=1 kernelpagesize_kB=4
7f2285770000 bind:1 file=/usr/lib/x86_64-linux-gnu/libaio.so.1.0.1 anon=1 dirty=1 N1=1 kernelpagesize_kB=4
7f2285775000 bind:1 file=/usr/lib/x86_64-linux-gnu/libdl-2.31.so anon=1 dirty=1 N1=1 kernelpagesize_kB=4
7f2285776000 bind:1 file=/usr/lib/x86_64-linux-gnu/libdl-2.31.so anon=1 dirty=1 N1=1 kernelpagesize_kB=4
7f2285777000 bind:1 anon=2 dirty=2 N1=2 kernelpagesize_kB=4
7f22857a3000 bind:1 file=/usr/lib/x86_64-linux-gnu/libmvec-2.31.so anon=1 dirty=1 N1=1 kernelpagesize_kB=4
7f22857a4000 bind:1 file=/usr/lib/x86_64-linux-gnu/libmvec-2.31.so anon=1 dirty=1 N1=1 kernelpagesize_kB=4
7f22858f2000 bind:1 file=/usr/lib/x86_64-linux-gnu/libm-2.31.so anon=1 dirty=1 N1=1 kernelpagesize_kB=4
7f22858f3000 bind:1 file=/usr/lib/x86_64-linux-gnu/libm-2.31.so anon=1 dirty=1 N1=1 kernelpagesize_kB=4
7f2285911000 bind:1 file=/usr/lib/x86_64-linux-gnu/libpthread-2.31.so anon=1 dirty=1 N1=1 kernelpagesize_kB=4
7f2285912000 bind:1 file=/usr/lib/x86_64-linux-gnu/libpthread-2.31.so anon=1 dirty=1 N1=1 kernelpagesize_kB=4
7f2285913000 bind:1 anon=1 dirty=1 N1=1 kernelpagesize_kB=4
7f2285917000 bind:1 file=/usr/lib/x86_64-linux-gnu/libz.so.1.2.11 mapped=2 mapmax=8 N1=2 kernelpagesize_kB=4
7f2285919000 bind:1 file=/usr/lib/x86_64-linux-gnu/libz.so.1.2.11 mapped=15 mapmax=8 N1=15 kernelpagesize_kB=4
7f2285931000 bind:1 file=/usr/lib/x86_64-linux-gnu/libz.so.1.2.11 anon=1 dirty=1 N1=1 kernelpagesize_kB=4
7f2285932000 bind:1 file=/usr/lib/x86_64-linux-gnu/libz.so.1.2.11 anon=1 dirty=1 N1=1 kernelpagesize_kB=4
7f228593c000 bind:1 file=/usr/lib/x86_64-linux-gnu/librt-2.31.so anon=1 dirty=1 N1=1 kernelpagesize_kB=4
7f228593d000 bind:1 file=/usr/lib/x86_64-linux-gnu/librt-2.31.so anon=1 dirty=1 N1=1 kernelpagesize_kB=4
7f2285949000 bind:1 file=/usr/lib/x86_64-linux-gnu/libnuma.so.1.0.0 anon=1 dirty=1 N1=1 kernelpagesize_kB=4
7f228594a000 bind:1 file=/usr/lib/x86_64-linux-gnu/libnuma.so.1.0.0 anon=1 dirty=1 N1=1 kernelpagesize_kB=4
7f228594b000 bind:1 anon=2 dirty=2 N1=2 kernelpagesize_kB=4
7f2285956000 bind:1 file=/dev/zero\040(deleted) dirty=1 active=0 N1=1 kernelpagesize_kB=4
7f2285983000 bind:1 file=/dev/zero\040(deleted) dirty=1 active=0 N1=1 kernelpagesize_kB=4
7f2285984000 bind:1 file=/usr/lib/x86_64-linux-gnu/ld-2.31.so anon=1 dirty=1 N1=1 kernelpagesize_kB=4
7f2285985000 bind:1 file=/usr/lib/x86_64-linux-gnu/ld-2.31.so anon=1 dirty=1 N1=1 kernelpagesize_kB=4
7f2285986000 bind:1 anon=1 dirty=1 N1=1 kernelpagesize_kB=4
7fff31b04000 bind:1 stack anon=4 dirty=4 N1=4 kernelpagesize_kB=4
Fio Node 0 pages
5604bfb66000 bind:1 file=/usr/local/bin/fio mapped=16 N0=16 kernelpagesize_kB=4
5604bfc2a000 bind:1 file=/usr/local/bin/fio anon=2 dirty=2 mapped=17 active=4 N0=15 N1=2 kernelpagesize_kB=4
7f6a697c1000 bind:1 file=/usr/lib/x86_64-linux-gnu/libc-2.31.so mapped=37 mapmax=25 N0=37 kernelpagesize_kB=4
7f6a697e6000 bind:1 file=/usr/lib/x86_64-linux-gnu/libc-2.31.so mapped=32 mapmax=25 N0=32 kernelpagesize_kB=4
7f6a699b8000 bind:1 file=/usr/lib/x86_64-linux-gnu/libdl-2.31.so mapped=1 mapmax=20 N0=1 kernelpagesize_kB=4
7f6a699c0000 bind:1 file=/usr/lib/x86_64-linux-gnu/libmvec-2.31.so mapped=2 N0=2 kernelpagesize_kB=4
7f6a699ec000 bind:1 file=/usr/lib/x86_64-linux-gnu/libm-2.31.so mapped=15 mapmax=12 N0=15 kernelpagesize_kB=4
7f6a69b3b000 bind:1 file=/usr/lib/x86_64-linux-gnu/libpthread-2.31.so mapped=7 mapmax=22 N0=7 kernelpagesize_kB=4
7f6a69b7a000 bind:1 file=/usr/lib/x86_64-linux-gnu/librt-2.31.so mapped=3 mapmax=17 N0=3 kernelpagesize_kB=4
7f6a69b85000 bind:1 file=/usr/lib/x86_64-linux-gnu/libnuma.so.1.0.0 mapped=3 mapmax=2 N0=3 kernelpagesize_kB=4
7f6a69b94000 bind:1 file=/etc/ld.so.cache mapped=10 N0=10 kernelpagesize_kB=4
7f6a69b9e000 bind:1 file=/usr/lib/x86_64-linux-gnu/ld-2.31.so mapped=1 mapmax=25 N0=1 kernelpagesize_kB=4
7f6a69b9f000 bind:1 file=/usr/lib/x86_64-linux-gnu/ld-2.31.so mapped=35 mapmax=25 N0=35 kernelpagesize_kB=4
7f6a69bc2000 bind:1 file=/usr/lib/x86_64-linux-gnu/ld-2.31.so mapped=8 mapmax=25 N0=8 kernelpagesize_kB=4
Fio Node 1 pages
5604bfc2a000 bind:1 file=/usr/local/bin/fio anon=2 dirty=2 N1=2 kernelpagesize_kB=4
5604bfc2c000 bind:1 file=/usr/local/bin/fio anon=110 dirty=110 mapped=114 active=112 N0=4 N1=110 kernelpagesize_kB=4
5604bfd08000 bind:1 anon=2 dirty=2 N1=2 kernelpagesize_kB=4
5604c06b5000 bind:1 heap anon=4 dirty=4 N1=4 kernelpagesize_kB=4
7f6a697bf000 bind:1 anon=2 dirty=2 N1=2 kernelpagesize_kB=4
7f6a699a9000 bind:1 file=/usr/lib/x86_64-linux-gnu/libc-2.31.so anon=3 dirty=3 N1=3 kernelpagesize_kB=4
7f6a699ac000 bind:1 file=/usr/lib/x86_64-linux-gnu/libc-2.31.so anon=3 dirty=3 N1=3 kernelpagesize_kB=4
7f6a699af000 bind:1 anon=4 dirty=4 N1=4 kernelpagesize_kB=4
7f6a699b3000 bind:1 file=/usr/lib/x86_64-linux-gnu/libaio.so.1.0.1 mapped=1 mapmax=2 N1=1 kernelpagesize_kB=4
7f6a699b4000 bind:1 file=/usr/lib/x86_64-linux-gnu/libaio.so.1.0.1 mapped=1 mapmax=2 N1=1 kernelpagesize_kB=4
7f6a699b6000 bind:1 file=/usr/lib/x86_64-linux-gnu/libaio.so.1.0.1 anon=1 dirty=1 N1=1 kernelpagesize_kB=4
7f6a699b7000 bind:1 file=/usr/lib/x86_64-linux-gnu/libaio.so.1.0.1 anon=1 dirty=1 N1=1 kernelpagesize_kB=4
7f6a699bc000 bind:1 file=/usr/lib/x86_64-linux-gnu/libdl-2.31.so anon=1 dirty=1 N1=1 kernelpagesize_kB=4
7f6a699bd000 bind:1 file=/usr/lib/x86_64-linux-gnu/libdl-2.31.so anon=1 dirty=1 N1=1 kernelpagesize_kB=4
7f6a699be000 bind:1 anon=2 dirty=2 N1=2 kernelpagesize_kB=4
7f6a699ea000 bind:1 file=/usr/lib/x86_64-linux-gnu/libmvec-2.31.so anon=1 dirty=1 N1=1 kernelpagesize_kB=4
7f6a699eb000 bind:1 file=/usr/lib/x86_64-linux-gnu/libmvec-2.31.so anon=1 dirty=1 N1=1 kernelpagesize_kB=4
7f6a69b39000 bind:1 file=/usr/lib/x86_64-linux-gnu/libm-2.31.so anon=1 dirty=1 N1=1 kernelpagesize_kB=4
7f6a69b3a000 bind:1 file=/usr/lib/x86_64-linux-gnu/libm-2.31.so anon=1 dirty=1 N1=1 kernelpagesize_kB=4
7f6a69b58000 bind:1 file=/usr/lib/x86_64-linux-gnu/libpthread-2.31.so anon=1 dirty=1 N1=1 kernelpagesize_kB=4
7f6a69b59000 bind:1 file=/usr/lib/x86_64-linux-gnu/libpthread-2.31.so anon=1 dirty=1 N1=1 kernelpagesize_kB=4
7f6a69b5a000 bind:1 anon=1 dirty=1 N1=1 kernelpagesize_kB=4
7f6a69b5e000 bind:1 file=/usr/lib/x86_64-linux-gnu/libz.so.1.2.11 mapped=2 mapmax=8 N1=2 kernelpagesize_kB=4
7f6a69b60000 bind:1 file=/usr/lib/x86_64-linux-gnu/libz.so.1.2.11 mapped=15 mapmax=8 N1=15 kernelpagesize_kB=4
7f6a69b78000 bind:1 file=/usr/lib/x86_64-linux-gnu/libz.so.1.2.11 anon=1 dirty=1 N1=1 kernelpagesize_kB=4
7f6a69b79000 bind:1 file=/usr/lib/x86_64-linux-gnu/libz.so.1.2.11 anon=1 dirty=1 N1=1 kernelpagesize_kB=4
7f6a69b83000 bind:1 file=/usr/lib/x86_64-linux-gnu/librt-2.31.so anon=1 dirty=1 N1=1 kernelpagesize_kB=4
7f6a69b84000 bind:1 file=/usr/lib/x86_64-linux-gnu/librt-2.31.so anon=1 dirty=1 N1=1 kernelpagesize_kB=4
7f6a69b90000 bind:1 file=/usr/lib/x86_64-linux-gnu/libnuma.so.1.0.0 anon=1 dirty=1 N1=1 kernelpagesize_kB=4
7f6a69b91000 bind:1 file=/usr/lib/x86_64-linux-gnu/libnuma.so.1.0.0 anon=1 dirty=1 N1=1 kernelpagesize_kB=4
7f6a69b92000 bind:1 anon=2 dirty=2 N1=2 kernelpagesize_kB=4
7f6a69bca000 bind:1 file=/dev/zero\040(deleted) dirty=1 active=0 N1=1 kernelpagesize_kB=4
7f6a69bcb000 bind:1 file=/usr/lib/x86_64-linux-gnu/ld-2.31.so anon=1 dirty=1 N1=1 kernelpagesize_kB=4
7f6a69bcc000 bind:1 file=/usr/lib/x86_64-linux-gnu/ld-2.31.so anon=1 dirty=1 N1=1 kernelpagesize_kB=4
7f6a69bcd000 bind:1 anon=1 dirty=1 N1=1 kernelpagesize_kB=4
7ffe2e80b000 bind:1 stack anon=3 dirty=3 N1=3 kernelpagesize_kB=4

Node 1 MemTotal:       24661580 kB
Node 1 MemFree:        24158120 kB
Node 1 MemUsed:          503460 kB
Node 1 Active:            39880 kB
Node 1 Inactive:          83252 kB
Node 1 Active(anon):      14184 kB
Node 1 Inactive(anon):      492 kB
Node 1 Active(file):      25696 kB
Node 1 Inactive(file):    82760 kB
Node 1 Unevictable:       13852 kB
Node 1 Mlocked:           13852 kB
Node 1 Dirty:                64 kB
Node 1 Writeback:             0 kB
Node 1 FilePages:        112380 kB
Node 1 Mapped:            13632 kB
Node 1 AnonPages:         24604 kB
Node 1 Shmem:               628 kB
Node 1 KernelStack:        1368 kB
Node 1 PageTables:          428 kB
Node 1 NFS_Unstable:          0 kB
Node 1 Bounce:                0 kB
Node 1 WritebackTmp:          0 kB
Node 1 KReclaimable:      16216 kB
Node 1 Slab:              48000 kB
Node 1 SReclaimable:      16216 kB
Node 1 SUnreclaim:        31784 kB
Node 1 AnonHugePages:         0 kB
Node 1 ShmemHugePages:        0 kB
Node 1 ShmemPmdMapped:        0 kB
Node 1 FileHugePages:        0 kB
Node 1 FilePmdMapped:        0 kB
Node 1 HugePages_Total:     0
Node 1 HugePages_Free:      0
Node 1 HugePages_Surp:      0

After Opposite Node
Node 0 MemTotal:       24768352 kB
Node 0 MemFree:        23983840 kB
Node 0 MemUsed:          784512 kB
Node 0 Active:            58492 kB
Node 0 Inactive:         110484 kB
Node 0 Active(anon):      19324 kB
Node 0 Inactive(anon):      448 kB
Node 0 Active(file):      39168 kB
Node 0 Inactive(file):   110036 kB
Node 0 Unevictable:        4900 kB
Node 0 Mlocked:            4900 kB
Node 0 Dirty:               504 kB
Node 0 Writeback:             0 kB
Node 0 FilePages:        154740 kB
Node 0 Mapped:            32456 kB
Node 0 AnonPages:         19132 kB
Node 0 Shmem:               640 kB
Node 0 KernelStack:        3336 kB
Node 0 PageTables:          596 kB
Node 0 NFS_Unstable:          0 kB
Node 0 Bounce:                0 kB
Node 0 WritebackTmp:          0 kB
Node 0 KReclaimable:      28916 kB
Node 0 Slab:              80092 kB
Node 0 SReclaimable:      28916 kB
Node 0 SUnreclaim:        51176 kB
Node 0 AnonHugePages:         0 kB
Node 0 ShmemHugePages:        0 kB
Node 0 ShmemPmdMapped:        0 kB
Node 0 FileHugePages:        0 kB
Node 0 FilePmdMapped:        0 kB
Node 0 HugePages_Total:     0
Node 0 HugePages_Free:      0
Node 0 HugePages_Surp:      0

Node 1 MemTotal:       24661580 kB
Node 1 MemFree:        24158604 kB
Node 1 MemUsed:          502976 kB
Node 1 Active:            40108 kB
Node 1 Inactive:          83280 kB
Node 1 Active(anon):      14372 kB
Node 1 Inactive(anon):      520 kB
Node 1 Active(file):      25736 kB
Node 1 Inactive(file):    82760 kB
Node 1 Unevictable:       13852 kB
Node 1 Mlocked:           13852 kB
Node 1 Dirty:               104 kB
Node 1 Writeback:             0 kB
Node 1 FilePages:        112464 kB
Node 1 Mapped:            13676 kB
Node 1 AnonPages:         24744 kB
Node 1 Shmem:               672 kB
Node 1 KernelStack:        1416 kB
Node 1 PageTables:          600 kB
Node 1 NFS_Unstable:          0 kB
Node 1 Bounce:                0 kB
Node 1 WritebackTmp:          0 kB
Node 1 KReclaimable:      16256 kB
Node 1 Slab:              48180 kB
Node 1 SReclaimable:      16256 kB
Node 1 SUnreclaim:        31924 kB
Node 1 AnonHugePages:         0 kB
Node 1 ShmemHugePages:        0 kB
Node 1 ShmemPmdMapped:        0 kB
Node 1 FileHugePages:        0 kB
Node 1 FilePmdMapped:        0 kB
Node 1 HugePages_Total:     0
Node 1 HugePages_Free:      0
Node 1 HugePages_Surp:      0

B.0.fio.250M.1.O Complete!
