Fio Node 0 pages
55c4143c9000 bind:0 file=/usr/bin/dash mapped=19 mapmax=3 N0=19 kernelpagesize_kB=4
55c4143dc000 bind:0 file=/usr/bin/dash mapped=6 mapmax=3 N0=6 kernelpagesize_kB=4
55c4143e2000 bind:0 file=/usr/bin/dash anon=2 dirty=2 mapmax=2 N0=2 kernelpagesize_kB=4
55c4143e4000 bind:0 file=/usr/bin/dash anon=1 dirty=1 N0=1 kernelpagesize_kB=4
55c4143e5000 bind:0 anon=1 dirty=1 N0=1 kernelpagesize_kB=4
55c415cb0000 bind:0 heap anon=2 dirty=2 mapmax=2 N0=2 kernelpagesize_kB=4
7f07d5a85000 bind:0 file=/usr/lib/x86_64-linux-gnu/libc-2.31.so mapped=112 mapmax=25 N0=112 kernelpagesize_kB=4
7f07d5bfd000 bind:0 file=/usr/lib/x86_64-linux-gnu/libc-2.31.so mapped=19 mapmax=25 N0=19 kernelpagesize_kB=4
7f07d5c48000 bind:0 file=/usr/lib/x86_64-linux-gnu/libc-2.31.so anon=3 dirty=3 mapmax=2 N0=3 kernelpagesize_kB=4
7f07d5c4b000 bind:0 file=/usr/lib/x86_64-linux-gnu/libc-2.31.so anon=3 dirty=3 mapmax=2 N0=3 kernelpagesize_kB=4
7f07d5c4e000 bind:0 anon=6 dirty=6 mapmax=2 N0=6 kernelpagesize_kB=4
7f07d5c8b000 bind:0 file=/usr/lib/x86_64-linux-gnu/ld-2.31.so anon=1 dirty=1 mapmax=2 N0=1 kernelpagesize_kB=4
7f07d5c8c000 bind:0 file=/usr/lib/x86_64-linux-gnu/ld-2.31.so anon=1 dirty=1 N0=1 kernelpagesize_kB=4
7f07d5c8d000 bind:0 anon=1 dirty=1 mapmax=2 N0=1 kernelpagesize_kB=4
7fffa6597000 bind:0 stack anon=2 dirty=2 mapmax=2 N0=2 kernelpagesize_kB=4
Fio Node 1 pages
Fio Node 0 pages
559683d50000 bind:0 file=/usr/local/bin/fio mapped=16 active=1 N0=16 kernelpagesize_kB=4
559683e14000 bind:0 file=/usr/local/bin/fio anon=2 dirty=2 mapped=17 active=2 N0=17 kernelpagesize_kB=4
7fcdb46c9000 bind:0 file=/usr/lib/x86_64-linux-gnu/libc-2.31.so mapped=30 mapmax=25 N0=30 kernelpagesize_kB=4
7fcdb48b1000 bind:0 file=/usr/lib/x86_64-linux-gnu/libc-2.31.so anon=2 dirty=2 mapped=6 active=2 N0=6 kernelpagesize_kB=4
7fcdb48be000 bind:0 file=/usr/lib/x86_64-linux-gnu/libaio.so.1.0.1 anon=2 dirty=2 N0=2 kernelpagesize_kB=4
7fcdb48c0000 bind:0 file=/usr/lib/x86_64-linux-gnu/libdl-2.31.so mapped=1 mapmax=20 N0=1 kernelpagesize_kB=4
7fcdb48c4000 bind:0 file=/usr/lib/x86_64-linux-gnu/libdl-2.31.so anon=2 dirty=2 N0=2 kernelpagesize_kB=4
7fcdb48c6000 bind:0 anon=2 dirty=2 N0=2 kernelpagesize_kB=4
7fcdb48c8000 bind:0 file=/usr/lib/x86_64-linux-gnu/libmvec-2.31.so mapped=2 active=1 N0=2 kernelpagesize_kB=4
7fcdb48f2000 bind:0 file=/usr/lib/x86_64-linux-gnu/libmvec-2.31.so anon=2 dirty=2 N0=2 kernelpagesize_kB=4
7fcdb48f4000 bind:0 file=/usr/lib/x86_64-linux-gnu/libm-2.31.so mapped=15 mapmax=12 N0=15 kernelpagesize_kB=4
7fcdb4a41000 bind:0 file=/usr/lib/x86_64-linux-gnu/libm-2.31.so anon=2 dirty=2 N0=2 kernelpagesize_kB=4
7fcdb4a43000 bind:0 file=/usr/lib/x86_64-linux-gnu/libpthread-2.31.so mapped=7 mapmax=22 N0=7 kernelpagesize_kB=4
7fcdb4a60000 bind:0 file=/usr/lib/x86_64-linux-gnu/libpthread-2.31.so anon=2 dirty=2 N0=2 kernelpagesize_kB=4
7fcdb4a80000 bind:0 file=/usr/lib/x86_64-linux-gnu/libz.so.1.2.11 anon=2 dirty=2 N0=2 kernelpagesize_kB=4
7fcdb4a82000 bind:0 file=/usr/lib/x86_64-linux-gnu/librt-2.31.so mapped=3 mapmax=17 N0=3 kernelpagesize_kB=4
7fcdb4a8b000 bind:0 file=/usr/lib/x86_64-linux-gnu/librt-2.31.so anon=2 dirty=2 N0=2 kernelpagesize_kB=4
7fcdb4a98000 bind:0 file=/usr/lib/x86_64-linux-gnu/libnuma.so.1.0.0 anon=2 dirty=2 N0=2 kernelpagesize_kB=4
7fcdb4a9a000 bind:0 anon=2 dirty=2 N0=2 kernelpagesize_kB=4
7fcdb4a9c000 bind:0 file=/etc/ld.so.cache mapped=10 N0=10 kernelpagesize_kB=4
7fcdb4aa6000 bind:0 file=/usr/lib/x86_64-linux-gnu/ld-2.31.so mapped=1 mapmax=25 N0=1 kernelpagesize_kB=4
7fcdb4aa7000 bind:0 file=/usr/lib/x86_64-linux-gnu/ld-2.31.so mapped=35 mapmax=25 N0=35 kernelpagesize_kB=4
7fcdb4aca000 bind:0 file=/usr/lib/x86_64-linux-gnu/ld-2.31.so mapped=8 mapmax=25 N0=8 kernelpagesize_kB=4
7fcdb4ad3000 bind:0 file=/usr/lib/x86_64-linux-gnu/ld-2.31.so anon=2 dirty=2 N0=2 kernelpagesize_kB=4
7fcdb4ad5000 bind:0 anon=1 dirty=1 N0=1 kernelpagesize_kB=4
7ffc1f4cb000 bind:0 stack anon=3 dirty=3 N0=3 kernelpagesize_kB=4
Fio Node 1 pages
7fcdb48bb000 bind:0 file=/usr/lib/x86_64-linux-gnu/libaio.so.1.0.1 mapped=1 mapmax=2 N1=1 kernelpagesize_kB=4
7fcdb48bc000 bind:0 file=/usr/lib/x86_64-linux-gnu/libaio.so.1.0.1 mapped=1 mapmax=2 N1=1 kernelpagesize_kB=4
7fcdb4a66000 bind:0 file=/usr/lib/x86_64-linux-gnu/libz.so.1.2.11 mapped=2 mapmax=8 N1=2 kernelpagesize_kB=4
7fcdb4a68000 bind:0 file=/usr/lib/x86_64-linux-gnu/libz.so.1.2.11 mapped=15 mapmax=8 N1=15 kernelpagesize_kB=4
7fcdb4a8d000 bind:0 file=/usr/lib/x86_64-linux-gnu/libnuma.so.1.0.0 mapped=3 mapmax=2 N1=3 kernelpagesize_kB=4
7fcdb4a90000 bind:0 file=/usr/lib/x86_64-linux-gnu/libnuma.so.1.0.0 mapped=5 mapmax=2 N1=5 kernelpagesize_kB=4
7fcdb4a95000 bind:0 file=/usr/lib/x86_64-linux-gnu/libnuma.so.1.0.0 mapped=2 mapmax=2 N1=2 kernelpagesize_kB=4
B.0.fio.2-1G.1.O
Begin
Node 0 MemTotal:       24743736 kB
Node 0 MemFree:        24357028 kB
Node 0 MemUsed:          386708 kB
Node 0 Active:            62184 kB
Node 0 Inactive:          48144 kB
Node 0 Active(anon):      16248 kB
Node 0 Inactive(anon):      500 kB
Node 0 Active(file):      45936 kB
Node 0 Inactive(file):    47644 kB
Node 0 Unevictable:        5276 kB
Node 0 Mlocked:            5276 kB
Node 0 Dirty:               176 kB
Node 0 Writeback:             0 kB
Node 0 FilePages:         99544 kB
Node 0 Mapped:            45788 kB
Node 0 AnonPages:         16104 kB
Node 0 Shmem:               692 kB
Node 0 KernelStack:        2312 kB
Node 0 PageTables:          576 kB
Node 0 NFS_Unstable:          0 kB
Node 0 Bounce:                0 kB
Node 0 WritebackTmp:          0 kB
Node 0 KReclaimable:      22948 kB
Node 0 Slab:              52804 kB
Node 0 SReclaimable:      22948 kB
Node 0 SUnreclaim:        29856 kB
Node 0 AnonHugePages:         0 kB
Node 0 ShmemHugePages:        0 kB
Node 0 ShmemPmdMapped:        0 kB
Node 0 FileHugePages:        0 kB
Node 0 FilePmdMapped:        0 kB
Node 0 HugePages_Total:     0
Node 0 HugePages_Free:      0
Node 0 HugePages_Surp:      0

Node 1 MemTotal:       24686196 kB
Node 1 MemFree:        24428480 kB
Node 1 MemUsed:          257716 kB
Node 1 Active:            33796 kB
Node 1 Inactive:          73260 kB
Node 1 Active(anon):      17476 kB
Node 1 Inactive(anon):      372 kB
Node 1 Active(file):      16320 kB
Node 1 Inactive(file):    72888 kB
Node 1 Unevictable:       13248 kB
Node 1 Mlocked:           13248 kB
Node 1 Dirty:               168 kB
Node 1 Writeback:             0 kB
Node 1 FilePages:         92856 kB
Node 1 Mapped:            28088 kB
Node 1 AnonPages:         27716 kB
Node 1 Shmem:               576 kB
Node 1 KernelStack:        1336 kB
Node 1 PageTables:          636 kB
Node 1 NFS_Unstable:          0 kB
Node 1 Bounce:                0 kB
Node 1 WritebackTmp:          0 kB
Node 1 KReclaimable:      19260 kB
Node 1 Slab:              55336 kB
Node 1 SReclaimable:      19260 kB
Node 1 SUnreclaim:        36076 kB
Node 1 AnonHugePages:         0 kB
Node 1 ShmemHugePages:        0 kB
Node 1 ShmemPmdMapped:        0 kB
Node 1 FileHugePages:        0 kB
Node 1 FilePmdMapped:        0 kB
Node 1 HugePages_Total:     0
Node 1 HugePages_Free:      0
Node 1 HugePages_Surp:      0

Load ZFS
Node 0 MemTotal:       24743736 kB
Node 0 MemFree:        24259624 kB
Node 0 MemUsed:          484112 kB
Node 0 Active:            74892 kB
Node 0 Inactive:         121380 kB
Node 0 Active(anon):      28360 kB
Node 0 Inactive(anon):      324 kB
Node 0 Active(file):      46532 kB
Node 0 Inactive(file):   121056 kB
Node 0 Unevictable:        5276 kB
Node 0 Mlocked:            5276 kB
Node 0 Dirty:               276 kB
Node 0 Writeback:             0 kB
Node 0 FilePages:        174132 kB
Node 0 Mapped:            47996 kB
Node 0 AnonPages:         28384 kB
Node 0 Shmem:               524 kB
Node 0 KernelStack:        2712 kB
Node 0 PageTables:         1104 kB
Node 0 NFS_Unstable:          0 kB
Node 0 Bounce:                0 kB
Node 0 WritebackTmp:          0 kB
Node 0 KReclaimable:      23656 kB
Node 0 Slab:              56000 kB
Node 0 SReclaimable:      23656 kB
Node 0 SUnreclaim:        32344 kB
Node 0 AnonHugePages:         0 kB
Node 0 ShmemHugePages:        0 kB
Node 0 ShmemPmdMapped:        0 kB
Node 0 FileHugePages:        0 kB
Node 0 FilePmdMapped:        0 kB
Node 0 HugePages_Total:     0
Node 0 HugePages_Free:      0
Node 0 HugePages_Surp:      0

Node 1 MemTotal:       24686196 kB
Node 1 MemFree:        24379192 kB
Node 1 MemUsed:          307004 kB
Node 1 Active:            49640 kB
Node 1 Inactive:         103224 kB
Node 1 Active(anon):      31708 kB
Node 1 Inactive(anon):      676 kB
Node 1 Active(file):      17932 kB
Node 1 Inactive(file):   102548 kB
Node 1 Unevictable:       13380 kB
Node 1 Mlocked:           13380 kB
Node 1 Dirty:               288 kB
Node 1 Writeback:             0 kB
Node 1 FilePages:        124332 kB
Node 1 Mapped:            29700 kB
Node 1 AnonPages:         41912 kB
Node 1 Shmem:               744 kB
Node 1 KernelStack:        1508 kB
Node 1 PageTables:         1464 kB
Node 1 NFS_Unstable:          0 kB
Node 1 Bounce:                0 kB
Node 1 WritebackTmp:          0 kB
Node 1 KReclaimable:      20164 kB
Node 1 Slab:              59672 kB
Node 1 SReclaimable:      20164 kB
Node 1 SUnreclaim:        39508 kB
Node 1 AnonHugePages:         0 kB
Node 1 ShmemHugePages:        0 kB
Node 1 ShmemPmdMapped:        0 kB
Node 1 FileHugePages:        0 kB
Node 1 FilePmdMapped:        0 kB
Node 1 HugePages_Total:     0
Node 1 HugePages_Free:      0
Node 1 HugePages_Surp:      0

Import tank ZPool
Node 0 MemTotal:       24743736 kB
Node 0 MemFree:        24258756 kB
Node 0 MemUsed:          484980 kB
Node 0 Active:            64232 kB
Node 0 Inactive:         121320 kB
Node 0 Active(anon):      17076 kB
Node 0 Inactive(anon):      448 kB
Node 0 Active(file):      47156 kB
Node 0 Inactive(file):   120872 kB
Node 0 Unevictable:        5276 kB
Node 0 Mlocked:            5276 kB
Node 0 Dirty:               100 kB
Node 0 Writeback:             0 kB
Node 0 FilePages:        173896 kB
Node 0 Mapped:            46044 kB
Node 0 AnonPages:         16936 kB
Node 0 Shmem:               596 kB
Node 0 KernelStack:        3448 kB
Node 0 PageTables:          604 kB
Node 0 NFS_Unstable:          0 kB
Node 0 Bounce:                0 kB
Node 0 WritebackTmp:          0 kB
Node 0 KReclaimable:      23940 kB
Node 0 Slab:              57924 kB
Node 0 SReclaimable:      23940 kB
Node 0 SUnreclaim:        33984 kB
Node 0 AnonHugePages:         0 kB
Node 0 ShmemHugePages:        0 kB
Node 0 ShmemPmdMapped:        0 kB
Node 0 FileHugePages:        0 kB
Node 0 FilePmdMapped:        0 kB
Node 0 HugePages_Total:     0
Node 0 HugePages_Free:      0
Node 0 HugePages_Surp:      0

Node 1 MemTotal:       24686196 kB
Node 1 MemFree:        24390248 kB
Node 1 MemUsed:          295948 kB
Node 1 Active:            35148 kB
Node 1 Inactive:         104016 kB
Node 1 Active(anon):      16416 kB
Node 1 Inactive(anon):      500 kB
Node 1 Active(file):      18732 kB
Node 1 Inactive(file):   103516 kB
Node 1 Unevictable:       13480 kB
Node 1 Mlocked:           13480 kB
Node 1 Dirty:                48 kB
Node 1 Writeback:             0 kB
Node 1 FilePages:        125840 kB
Node 1 Mapped:            28412 kB
Node 1 AnonPages:         26708 kB
Node 1 Shmem:               672 kB
Node 1 KernelStack:        1272 kB
Node 1 PageTables:          636 kB
Node 1 NFS_Unstable:          0 kB
Node 1 Bounce:                0 kB
Node 1 WritebackTmp:          0 kB
Node 1 KReclaimable:      20288 kB
Node 1 Slab:              63736 kB
Node 1 SReclaimable:      20288 kB
Node 1 SUnreclaim:        43448 kB
Node 1 AnonHugePages:         0 kB
Node 1 ShmemHugePages:        0 kB
Node 1 ShmemPmdMapped:        0 kB
Node 1 FileHugePages:        0 kB
Node 1 FilePmdMapped:        0 kB
Node 1 HugePages_Total:     0
Node 1 HugePages_Free:      0
Node 1 HugePages_Surp:      0

After Test
Node 0 MemTotal:       24743736 kB
Node 0 MemFree:        23554256 kB
Node 0 MemUsed:         1189480 kB
Node 0 Active:            65052 kB
Node 0 Inactive:         122540 kB
Node 0 Active(anon):      16992 kB
Node 0 Inactive(anon):      496 kB
Node 0 Active(file):      48060 kB
Node 0 Inactive(file):   122044 kB
Node 0 Unevictable:        5276 kB
Node 0 Mlocked:            5276 kB
Node 0 Dirty:               152 kB
Node 0 Writeback:             0 kB
Node 0 FilePages:        176020 kB
Node 0 Mapped:            46072 kB
Node 0 AnonPages:         16716 kB
Node 0 Shmem:               644 kB
Node 0 KernelStack:        3416 kB
Node 0 PageTables:          748 kB
Node 0 NFS_Unstable:          0 kB
Node 0 Bounce:                0 kB
Node 0 WritebackTmp:          0 kB
Node 0 KReclaimable:      25316 kB
Node 0 Slab:              69480 kB
Node 0 SReclaimable:      25316 kB
Node 0 SUnreclaim:        44164 kB
Node 0 AnonHugePages:         0 kB
Node 0 ShmemHugePages:        0 kB
Node 0 ShmemPmdMapped:        0 kB
Node 0 FileHugePages:        0 kB
Node 0 FilePmdMapped:        0 kB
Node 0 HugePages_Total:     0
Node 0 HugePages_Free:      0
Node 0 HugePages_Surp:      0
Fio Node 0 pages
555c4e9bf000 bind:1 file=/usr/local/bin/fio mapped=16 N0=16 kernelpagesize_kB=4
555c4ea83000 bind:1 file=/usr/local/bin/fio anon=2 dirty=2 mapped=17 active=4 N0=15 N1=2 kernelpagesize_kB=4
7f6b3cb4c000 bind:1 file=/usr/lib/x86_64-linux-gnu/libc-2.31.so mapped=37 mapmax=25 N0=37 kernelpagesize_kB=4
7f6b3cd43000 bind:1 file=/usr/lib/x86_64-linux-gnu/libdl-2.31.so mapped=1 mapmax=20 N0=1 kernelpagesize_kB=4
7f6b3cd4b000 bind:1 file=/usr/lib/x86_64-linux-gnu/libmvec-2.31.so mapped=2 N0=2 kernelpagesize_kB=4
7f6b3cd77000 bind:1 file=/usr/lib/x86_64-linux-gnu/libm-2.31.so mapped=15 mapmax=12 N0=15 kernelpagesize_kB=4
7f6b3cec6000 bind:1 file=/usr/lib/x86_64-linux-gnu/libpthread-2.31.so mapped=7 mapmax=22 N0=7 kernelpagesize_kB=4
7f6b3cf05000 bind:1 file=/usr/lib/x86_64-linux-gnu/librt-2.31.so mapped=3 mapmax=17 N0=3 kernelpagesize_kB=4
7f6b3cf1f000 bind:1 file=/etc/ld.so.cache mapped=10 N0=10 kernelpagesize_kB=4
7f6b3cf29000 bind:1 file=/usr/lib/x86_64-linux-gnu/ld-2.31.so mapped=1 mapmax=25 N0=1 kernelpagesize_kB=4
7f6b3cf2a000 bind:1 file=/usr/lib/x86_64-linux-gnu/ld-2.31.so mapped=35 mapmax=25 N0=35 kernelpagesize_kB=4
7f6b3cf4d000 bind:1 file=/usr/lib/x86_64-linux-gnu/ld-2.31.so mapped=8 mapmax=25 N0=8 kernelpagesize_kB=4
Fio Node 1 pages
555c4ea83000 bind:1 file=/usr/local/bin/fio anon=2 dirty=2 N1=2 kernelpagesize_kB=4
555c4ea85000 bind:1 file=/usr/local/bin/fio anon=112 dirty=112 mapped=116 active=114 N0=4 N1=112 kernelpagesize_kB=4
555c4eb61000 bind:1 anon=2 dirty=2 N1=2 kernelpagesize_kB=4
555c4fc60000 bind:1 heap anon=4 dirty=4 N1=4 kernelpagesize_kB=4
7f6b3cb4a000 bind:1 anon=2 dirty=2 N1=2 kernelpagesize_kB=4
7f6b3cd34000 bind:1 file=/usr/lib/x86_64-linux-gnu/libc-2.31.so anon=3 dirty=3 N1=3 kernelpagesize_kB=4
7f6b3cd37000 bind:1 file=/usr/lib/x86_64-linux-gnu/libc-2.31.so anon=3 dirty=3 N1=3 kernelpagesize_kB=4
7f6b3cd3a000 bind:1 anon=4 dirty=4 N1=4 kernelpagesize_kB=4
7f6b3cd3e000 bind:1 file=/usr/lib/x86_64-linux-gnu/libaio.so.1.0.1 mapped=1 mapmax=2 N1=1 kernelpagesize_kB=4
7f6b3cd3f000 bind:1 file=/usr/lib/x86_64-linux-gnu/libaio.so.1.0.1 mapped=1 mapmax=2 N1=1 kernelpagesize_kB=4
7f6b3cd41000 bind:1 file=/usr/lib/x86_64-linux-gnu/libaio.so.1.0.1 anon=1 dirty=1 N1=1 kernelpagesize_kB=4
7f6b3cd42000 bind:1 file=/usr/lib/x86_64-linux-gnu/libaio.so.1.0.1 anon=1 dirty=1 N1=1 kernelpagesize_kB=4
7f6b3cd47000 bind:1 file=/usr/lib/x86_64-linux-gnu/libdl-2.31.so anon=1 dirty=1 N1=1 kernelpagesize_kB=4
7f6b3cd48000 bind:1 file=/usr/lib/x86_64-linux-gnu/libdl-2.31.so anon=1 dirty=1 N1=1 kernelpagesize_kB=4
7f6b3cd49000 bind:1 anon=2 dirty=2 N1=2 kernelpagesize_kB=4
7f6b3cd75000 bind:1 file=/usr/lib/x86_64-linux-gnu/libmvec-2.31.so anon=1 dirty=1 N1=1 kernelpagesize_kB=4
7f6b3cd76000 bind:1 file=/usr/lib/x86_64-linux-gnu/libmvec-2.31.so anon=1 dirty=1 N1=1 kernelpagesize_kB=4
7f6b3cec4000 bind:1 file=/usr/lib/x86_64-linux-gnu/libm-2.31.so anon=1 dirty=1 N1=1 kernelpagesize_kB=4
7f6b3cec5000 bind:1 file=/usr/lib/x86_64-linux-gnu/libm-2.31.so anon=1 dirty=1 N1=1 kernelpagesize_kB=4
7f6b3cee3000 bind:1 file=/usr/lib/x86_64-linux-gnu/libpthread-2.31.so anon=1 dirty=1 N1=1 kernelpagesize_kB=4
7f6b3cee4000 bind:1 file=/usr/lib/x86_64-linux-gnu/libpthread-2.31.so anon=1 dirty=1 N1=1 kernelpagesize_kB=4
7f6b3cee5000 bind:1 anon=1 dirty=1 N1=1 kernelpagesize_kB=4
7f6b3cee9000 bind:1 file=/usr/lib/x86_64-linux-gnu/libz.so.1.2.11 mapped=2 mapmax=8 N1=2 kernelpagesize_kB=4
7f6b3ceeb000 bind:1 file=/usr/lib/x86_64-linux-gnu/libz.so.1.2.11 mapped=15 mapmax=8 N1=15 kernelpagesize_kB=4
7f6b3cf03000 bind:1 file=/usr/lib/x86_64-linux-gnu/libz.so.1.2.11 anon=1 dirty=1 N1=1 kernelpagesize_kB=4
7f6b3cf04000 bind:1 file=/usr/lib/x86_64-linux-gnu/libz.so.1.2.11 anon=1 dirty=1 N1=1 kernelpagesize_kB=4
7f6b3cf0e000 bind:1 file=/usr/lib/x86_64-linux-gnu/librt-2.31.so anon=1 dirty=1 N1=1 kernelpagesize_kB=4
7f6b3cf0f000 bind:1 file=/usr/lib/x86_64-linux-gnu/librt-2.31.so anon=1 dirty=1 N1=1 kernelpagesize_kB=4
7f6b3cf10000 bind:1 file=/usr/lib/x86_64-linux-gnu/libnuma.so.1.0.0 mapped=3 mapmax=2 N1=3 kernelpagesize_kB=4
7f6b3cf13000 bind:1 file=/usr/lib/x86_64-linux-gnu/libnuma.so.1.0.0 mapped=5 mapmax=2 N1=5 kernelpagesize_kB=4
7f6b3cf18000 bind:1 file=/usr/lib/x86_64-linux-gnu/libnuma.so.1.0.0 mapped=2 mapmax=2 N1=2 kernelpagesize_kB=4
7f6b3cf1b000 bind:1 file=/usr/lib/x86_64-linux-gnu/libnuma.so.1.0.0 anon=1 dirty=1 N1=1 kernelpagesize_kB=4
7f6b3cf1c000 bind:1 file=/usr/lib/x86_64-linux-gnu/libnuma.so.1.0.0 anon=1 dirty=1 N1=1 kernelpagesize_kB=4
7f6b3cf1d000 bind:1 anon=2 dirty=2 N1=2 kernelpagesize_kB=4
7f6b3cf28000 bind:1 file=/dev/zero\040(deleted) dirty=1 active=0 N1=1 kernelpagesize_kB=4
7f6b3cf55000 bind:1 file=/dev/zero\040(deleted) dirty=1 active=0 N1=1 kernelpagesize_kB=4
7f6b3cf56000 bind:1 file=/usr/lib/x86_64-linux-gnu/ld-2.31.so anon=1 dirty=1 N1=1 kernelpagesize_kB=4
7f6b3cf57000 bind:1 file=/usr/lib/x86_64-linux-gnu/ld-2.31.so anon=1 dirty=1 N1=1 kernelpagesize_kB=4
7f6b3cf58000 bind:1 anon=1 dirty=1 N1=1 kernelpagesize_kB=4
7fff906f6000 bind:1 stack anon=2 dirty=2 N1=2 kernelpagesize_kB=4
Fio Node 0 pages
55f724951000 bind:1 file=/usr/local/bin/fio mapped=16 N0=16 kernelpagesize_kB=4
55f724a15000 bind:1 file=/usr/local/bin/fio anon=2 dirty=2 mapped=17 active=4 N0=15 N1=2 kernelpagesize_kB=4
7fac6e0c4000 bind:1 file=/usr/lib/x86_64-linux-gnu/libc-2.31.so mapped=37 mapmax=25 N0=37 kernelpagesize_kB=4
7fac6e0e9000 bind:1 file=/usr/lib/x86_64-linux-gnu/libc-2.31.so mapped=32 mapmax=25 N0=32 kernelpagesize_kB=4
7fac6e2bb000 bind:1 file=/usr/lib/x86_64-linux-gnu/libdl-2.31.so mapped=1 mapmax=20 N0=1 kernelpagesize_kB=4
7fac6e2c3000 bind:1 file=/usr/lib/x86_64-linux-gnu/libmvec-2.31.so mapped=2 N0=2 kernelpagesize_kB=4
7fac6e2ef000 bind:1 file=/usr/lib/x86_64-linux-gnu/libm-2.31.so mapped=14 mapmax=12 N0=14 kernelpagesize_kB=4
7fac6e43e000 bind:1 file=/usr/lib/x86_64-linux-gnu/libpthread-2.31.so mapped=7 mapmax=22 N0=7 kernelpagesize_kB=4
7fac6e47d000 bind:1 file=/usr/lib/x86_64-linux-gnu/librt-2.31.so mapped=3 mapmax=17 N0=3 kernelpagesize_kB=4
7fac6e497000 bind:1 file=/etc/ld.so.cache mapped=10 N0=10 kernelpagesize_kB=4
7fac6e4a1000 bind:1 file=/usr/lib/x86_64-linux-gnu/ld-2.31.so mapped=1 mapmax=25 N0=1 kernelpagesize_kB=4
7fac6e4a2000 bind:1 file=/usr/lib/x86_64-linux-gnu/ld-2.31.so mapped=35 mapmax=25 N0=35 kernelpagesize_kB=4
7fac6e4c5000 bind:1 file=/usr/lib/x86_64-linux-gnu/ld-2.31.so mapped=8 mapmax=25 N0=8 kernelpagesize_kB=4
Fio Node 1 pages
55f724a15000 bind:1 file=/usr/local/bin/fio anon=2 dirty=2 N1=2 kernelpagesize_kB=4
55f724a17000 bind:1 file=/usr/local/bin/fio anon=110 dirty=110 mapped=114 active=112 N0=4 N1=110 kernelpagesize_kB=4
55f724af3000 bind:1 anon=2 dirty=2 N1=2 kernelpagesize_kB=4
55f7254e4000 bind:1 heap anon=4 dirty=4 N1=4 kernelpagesize_kB=4
7fac6e0c2000 bind:1 anon=2 dirty=2 N1=2 kernelpagesize_kB=4
7fac6e2ac000 bind:1 file=/usr/lib/x86_64-linux-gnu/libc-2.31.so anon=3 dirty=3 N1=3 kernelpagesize_kB=4
7fac6e2af000 bind:1 file=/usr/lib/x86_64-linux-gnu/libc-2.31.so anon=3 dirty=3 N1=3 kernelpagesize_kB=4
7fac6e2b2000 bind:1 anon=4 dirty=4 N1=4 kernelpagesize_kB=4
7fac6e2b6000 bind:1 file=/usr/lib/x86_64-linux-gnu/libaio.so.1.0.1 mapped=1 mapmax=2 N1=1 kernelpagesize_kB=4
7fac6e2b7000 bind:1 file=/usr/lib/x86_64-linux-gnu/libaio.so.1.0.1 mapped=1 mapmax=2 N1=1 kernelpagesize_kB=4
7fac6e2b9000 bind:1 file=/usr/lib/x86_64-linux-gnu/libaio.so.1.0.1 anon=1 dirty=1 N1=1 kernelpagesize_kB=4
7fac6e2ba000 bind:1 file=/usr/lib/x86_64-linux-gnu/libaio.so.1.0.1 anon=1 dirty=1 N1=1 kernelpagesize_kB=4
7fac6e2bf000 bind:1 file=/usr/lib/x86_64-linux-gnu/libdl-2.31.so anon=1 dirty=1 N1=1 kernelpagesize_kB=4
7fac6e2c0000 bind:1 file=/usr/lib/x86_64-linux-gnu/libdl-2.31.so anon=1 dirty=1 N1=1 kernelpagesize_kB=4
7fac6e2c1000 bind:1 anon=2 dirty=2 N1=2 kernelpagesize_kB=4
7fac6e2ed000 bind:1 file=/usr/lib/x86_64-linux-gnu/libmvec-2.31.so anon=1 dirty=1 N1=1 kernelpagesize_kB=4
7fac6e2ee000 bind:1 file=/usr/lib/x86_64-linux-gnu/libmvec-2.31.so anon=1 dirty=1 N1=1 kernelpagesize_kB=4
7fac6e43c000 bind:1 file=/usr/lib/x86_64-linux-gnu/libm-2.31.so anon=1 dirty=1 N1=1 kernelpagesize_kB=4
7fac6e43d000 bind:1 file=/usr/lib/x86_64-linux-gnu/libm-2.31.so anon=1 dirty=1 N1=1 kernelpagesize_kB=4
7fac6e45b000 bind:1 file=/usr/lib/x86_64-linux-gnu/libpthread-2.31.so anon=1 dirty=1 N1=1 kernelpagesize_kB=4
7fac6e45c000 bind:1 file=/usr/lib/x86_64-linux-gnu/libpthread-2.31.so anon=1 dirty=1 N1=1 kernelpagesize_kB=4
7fac6e45d000 bind:1 anon=1 dirty=1 N1=1 kernelpagesize_kB=4
7fac6e461000 bind:1 file=/usr/lib/x86_64-linux-gnu/libz.so.1.2.11 mapped=2 mapmax=8 N1=2 kernelpagesize_kB=4
7fac6e463000 bind:1 file=/usr/lib/x86_64-linux-gnu/libz.so.1.2.11 mapped=15 mapmax=8 N1=15 kernelpagesize_kB=4
7fac6e47b000 bind:1 file=/usr/lib/x86_64-linux-gnu/libz.so.1.2.11 anon=1 dirty=1 N1=1 kernelpagesize_kB=4
7fac6e47c000 bind:1 file=/usr/lib/x86_64-linux-gnu/libz.so.1.2.11 anon=1 dirty=1 N1=1 kernelpagesize_kB=4
7fac6e486000 bind:1 file=/usr/lib/x86_64-linux-gnu/librt-2.31.so anon=1 dirty=1 N1=1 kernelpagesize_kB=4
7fac6e487000 bind:1 file=/usr/lib/x86_64-linux-gnu/librt-2.31.so anon=1 dirty=1 N1=1 kernelpagesize_kB=4
7fac6e488000 bind:1 file=/usr/lib/x86_64-linux-gnu/libnuma.so.1.0.0 mapped=3 mapmax=2 N1=3 kernelpagesize_kB=4
7fac6e48b000 bind:1 file=/usr/lib/x86_64-linux-gnu/libnuma.so.1.0.0 mapped=5 mapmax=2 N1=5 kernelpagesize_kB=4
7fac6e490000 bind:1 file=/usr/lib/x86_64-linux-gnu/libnuma.so.1.0.0 mapped=2 mapmax=2 N1=2 kernelpagesize_kB=4
7fac6e493000 bind:1 file=/usr/lib/x86_64-linux-gnu/libnuma.so.1.0.0 anon=1 dirty=1 N1=1 kernelpagesize_kB=4
7fac6e494000 bind:1 file=/usr/lib/x86_64-linux-gnu/libnuma.so.1.0.0 anon=1 dirty=1 N1=1 kernelpagesize_kB=4
7fac6e495000 bind:1 anon=2 dirty=2 N1=2 kernelpagesize_kB=4
7fac6e4cd000 bind:1 file=/dev/zero\040(deleted) dirty=1 active=0 N1=1 kernelpagesize_kB=4
7fac6e4ce000 bind:1 file=/usr/lib/x86_64-linux-gnu/ld-2.31.so anon=1 dirty=1 N1=1 kernelpagesize_kB=4
7fac6e4cf000 bind:1 file=/usr/lib/x86_64-linux-gnu/ld-2.31.so anon=1 dirty=1 N1=1 kernelpagesize_kB=4
7fac6e4d0000 bind:1 anon=1 dirty=1 N1=1 kernelpagesize_kB=4
7fffcc704000 bind:1 stack anon=3 dirty=3 N1=3 kernelpagesize_kB=4

Node 1 MemTotal:       24686196 kB
Node 1 MemFree:        23216324 kB
Node 1 MemUsed:         1469872 kB
Node 1 Active:            35404 kB
Node 1 Inactive:         103716 kB
Node 1 Active(anon):      16336 kB
Node 1 Inactive(anon):      488 kB
Node 1 Active(file):      19068 kB
Node 1 Inactive(file):   103228 kB
Node 1 Unevictable:       13480 kB
Node 1 Mlocked:           13480 kB
Node 1 Dirty:                72 kB
Node 1 Writeback:             0 kB
Node 1 FilePages:        125884 kB
Node 1 Mapped:            28228 kB
Node 1 AnonPages:         26716 kB
Node 1 Shmem:               668 kB
Node 1 KernelStack:        1240 kB
Node 1 PageTables:          564 kB
Node 1 NFS_Unstable:          0 kB
Node 1 Bounce:                0 kB
Node 1 WritebackTmp:          0 kB
Node 1 KReclaimable:      20288 kB
Node 1 Slab:              64044 kB
Node 1 SReclaimable:      20288 kB
Node 1 SUnreclaim:        43756 kB
Node 1 AnonHugePages:         0 kB
Node 1 ShmemHugePages:        0 kB
Node 1 ShmemPmdMapped:        0 kB
Node 1 FileHugePages:        0 kB
Node 1 FilePmdMapped:        0 kB
Node 1 HugePages_Total:     0
Node 1 HugePages_Free:      0
Node 1 HugePages_Surp:      0

After Opposite Node
Node 0 MemTotal:       24743736 kB
Node 0 MemFree:        23555044 kB
Node 0 MemUsed:         1188692 kB
Node 0 Active:            64992 kB
Node 0 Inactive:         122316 kB
Node 0 Active(anon):      16740 kB
Node 0 Inactive(anon):      452 kB
Node 0 Active(file):      48252 kB
Node 0 Inactive(file):   121864 kB
Node 0 Unevictable:        5276 kB
Node 0 Mlocked:            5276 kB
Node 0 Dirty:               196 kB
Node 0 Writeback:             0 kB
Node 0 FilePages:        175988 kB
Node 0 Mapped:            46072 kB
Node 0 AnonPages:         16592 kB
Node 0 Shmem:               600 kB
Node 0 KernelStack:        3352 kB
Node 0 PageTables:          576 kB
Node 0 NFS_Unstable:          0 kB
Node 0 Bounce:                0 kB
Node 0 WritebackTmp:          0 kB
Node 0 KReclaimable:      25320 kB
Node 0 Slab:              69488 kB
Node 0 SReclaimable:      25320 kB
Node 0 SUnreclaim:        44168 kB
Node 0 AnonHugePages:         0 kB
Node 0 ShmemHugePages:        0 kB
Node 0 ShmemPmdMapped:        0 kB
Node 0 FileHugePages:        0 kB
Node 0 FilePmdMapped:        0 kB
Node 0 HugePages_Total:     0
Node 0 HugePages_Free:      0
Node 0 HugePages_Surp:      0

Node 1 MemTotal:       24686196 kB
Node 1 MemFree:        23213616 kB
Node 1 MemUsed:         1472580 kB
Node 1 Active:            35716 kB
Node 1 Inactive:         103760 kB
Node 1 Active(anon):      16616 kB
Node 1 Inactive(anon):      532 kB
Node 1 Active(file):      19100 kB
Node 1 Inactive(file):   103228 kB
Node 1 Unevictable:       13480 kB
Node 1 Mlocked:           13480 kB
Node 1 Dirty:               116 kB
Node 1 Writeback:             0 kB
Node 1 FilePages:        125964 kB
Node 1 Mapped:            28272 kB
Node 1 AnonPages:         26860 kB
Node 1 Shmem:               712 kB
Node 1 KernelStack:        1336 kB
Node 1 PageTables:          736 kB
Node 1 NFS_Unstable:          0 kB
Node 1 Bounce:                0 kB
Node 1 WritebackTmp:          0 kB
Node 1 KReclaimable:      20312 kB
Node 1 Slab:              64404 kB
Node 1 SReclaimable:      20312 kB
Node 1 SUnreclaim:        44092 kB
Node 1 AnonHugePages:         0 kB
Node 1 ShmemHugePages:        0 kB
Node 1 ShmemPmdMapped:        0 kB
Node 1 FileHugePages:        0 kB
Node 1 FilePmdMapped:        0 kB
Node 1 HugePages_Total:     0
Node 1 HugePages_Free:      0
Node 1 HugePages_Surp:      0

B.0.fio.2-1G.1.O Complete!
