Fio Node 0 pages
563afe3b1000 bind:0 file=/usr/bin/dash anon=2 dirty=2 mapmax=2 N0=2 kernelpagesize_kB=4
563afe3b3000 bind:0 file=/usr/bin/dash anon=1 dirty=1 N0=1 kernelpagesize_kB=4
563afe3b4000 bind:0 anon=1 dirty=1 N0=1 kernelpagesize_kB=4
563aff67b000 bind:0 heap anon=2 dirty=2 mapmax=2 N0=2 kernelpagesize_kB=4
7f8f1f96f000 bind:0 file=/usr/lib/x86_64-linux-gnu/libc-2.31.so anon=3 dirty=3 mapmax=2 N0=3 kernelpagesize_kB=4
7f8f1f972000 bind:0 file=/usr/lib/x86_64-linux-gnu/libc-2.31.so anon=3 dirty=3 mapmax=2 N0=3 kernelpagesize_kB=4
7f8f1f975000 bind:0 anon=6 dirty=6 mapmax=2 N0=6 kernelpagesize_kB=4
7f8f1f9b2000 bind:0 file=/usr/lib/x86_64-linux-gnu/ld-2.31.so anon=1 dirty=1 mapmax=2 N0=1 kernelpagesize_kB=4
7f8f1f9b3000 bind:0 file=/usr/lib/x86_64-linux-gnu/ld-2.31.so anon=1 dirty=1 N0=1 kernelpagesize_kB=4
7f8f1f9b4000 bind:0 anon=1 dirty=1 mapmax=2 N0=1 kernelpagesize_kB=4
7ffd13aa1000 bind:0 stack anon=4 dirty=4 mapmax=2 N0=4 kernelpagesize_kB=4
Fio Node 1 pages
563afe398000 bind:0 file=/usr/bin/dash mapped=19 mapmax=3 N1=19 kernelpagesize_kB=4
563afe3ab000 bind:0 file=/usr/bin/dash mapped=6 mapmax=3 N1=6 kernelpagesize_kB=4
7f8f1f7ac000 bind:0 file=/usr/lib/x86_64-linux-gnu/libc-2.31.so mapped=144 mapmax=56 N1=144 kernelpagesize_kB=4
7f8f1f924000 bind:0 file=/usr/lib/x86_64-linux-gnu/libc-2.31.so mapped=28 mapmax=56 N1=28 kernelpagesize_kB=4
Fio Node 0 pages
559a67c0c000 bind:0 file=/usr/local/bin/fio mapped=16 active=1 N0=16 kernelpagesize_kB=4
559a67cd0000 bind:0 file=/usr/local/bin/fio anon=2 dirty=2 mapped=17 active=2 N0=17 kernelpagesize_kB=4
7ff2cb51d000 bind:0 anon=2 dirty=2 N0=2 kernelpagesize_kB=4
7ff2cb707000 bind:0 file=/usr/lib/x86_64-linux-gnu/libc-2.31.so anon=6 dirty=6 N0=6 kernelpagesize_kB=4
7ff2cb711000 bind:0 file=/usr/lib/x86_64-linux-gnu/libaio.so.1.0.1 mapped=1 mapmax=2 N0=1 kernelpagesize_kB=4
7ff2cb714000 bind:0 file=/usr/lib/x86_64-linux-gnu/libaio.so.1.0.1 anon=2 dirty=2 N0=2 kernelpagesize_kB=4
7ff2cb71a000 bind:0 file=/usr/lib/x86_64-linux-gnu/libdl-2.31.so anon=2 dirty=2 N0=2 kernelpagesize_kB=4
7ff2cb71c000 bind:0 anon=2 dirty=2 N0=2 kernelpagesize_kB=4
7ff2cb71e000 bind:0 file=/usr/lib/x86_64-linux-gnu/libmvec-2.31.so mapped=2 active=1 N0=2 kernelpagesize_kB=4
7ff2cb748000 bind:0 file=/usr/lib/x86_64-linux-gnu/libmvec-2.31.so anon=2 dirty=2 N0=2 kernelpagesize_kB=4
7ff2cb897000 bind:0 file=/usr/lib/x86_64-linux-gnu/libm-2.31.so anon=2 dirty=2 N0=2 kernelpagesize_kB=4
7ff2cb8b6000 bind:0 file=/usr/lib/x86_64-linux-gnu/libpthread-2.31.so anon=2 dirty=2 N0=2 kernelpagesize_kB=4
7ff2cb8d6000 bind:0 file=/usr/lib/x86_64-linux-gnu/libz.so.1.2.11 anon=2 dirty=2 N0=2 kernelpagesize_kB=4
7ff2cb8e1000 bind:0 file=/usr/lib/x86_64-linux-gnu/librt-2.31.so anon=2 dirty=2 N0=2 kernelpagesize_kB=4
7ff2cb8e3000 bind:0 file=/usr/lib/x86_64-linux-gnu/libnuma.so.1.0.0 mapped=3 mapmax=2 N0=3 kernelpagesize_kB=4
7ff2cb8ee000 bind:0 file=/usr/lib/x86_64-linux-gnu/libnuma.so.1.0.0 anon=2 dirty=2 N0=2 kernelpagesize_kB=4
7ff2cb8f0000 bind:0 anon=2 dirty=2 N0=2 kernelpagesize_kB=4
7ff2cb929000 bind:0 file=/usr/lib/x86_64-linux-gnu/ld-2.31.so anon=2 dirty=2 N0=2 kernelpagesize_kB=4
7ff2cb92b000 bind:0 anon=1 dirty=1 N0=1 kernelpagesize_kB=4
7ffee87cc000 bind:0 stack anon=4 dirty=4 N0=4 kernelpagesize_kB=4
Fio Node 1 pages
7ff2cb51f000 bind:0 file=/usr/lib/x86_64-linux-gnu/libc-2.31.so mapped=36 mapmax=25 N1=36 kernelpagesize_kB=4
7ff2cb544000 bind:0 file=/usr/lib/x86_64-linux-gnu/libc-2.31.so mapped=268 mapmax=25 N1=268 kernelpagesize_kB=4
7ff2cb6bc000 bind:0 file=/usr/lib/x86_64-linux-gnu/libc-2.31.so mapped=32 mapmax=24 N1=32 kernelpagesize_kB=4
7ff2cb716000 bind:0 file=/usr/lib/x86_64-linux-gnu/libdl-2.31.so mapped=1 mapmax=20 N1=1 kernelpagesize_kB=4
7ff2cb717000 bind:0 file=/usr/lib/x86_64-linux-gnu/libdl-2.31.so mapped=2 mapmax=19 N1=2 kernelpagesize_kB=4
7ff2cb74a000 bind:0 file=/usr/lib/x86_64-linux-gnu/libm-2.31.so mapped=15 mapmax=12 N1=15 kernelpagesize_kB=4
7ff2cb759000 bind:0 file=/usr/lib/x86_64-linux-gnu/libm-2.31.so mapped=64 mapmax=12 N1=64 kernelpagesize_kB=4
7ff2cb899000 bind:0 file=/usr/lib/x86_64-linux-gnu/libpthread-2.31.so mapped=7 mapmax=22 N1=7 kernelpagesize_kB=4
7ff2cb8a0000 bind:0 file=/usr/lib/x86_64-linux-gnu/libpthread-2.31.so mapped=17 mapmax=22 N1=17 kernelpagesize_kB=4
7ff2cb8bc000 bind:0 file=/usr/lib/x86_64-linux-gnu/libz.so.1.2.11 mapped=2 mapmax=8 N1=2 kernelpagesize_kB=4
7ff2cb8be000 bind:0 file=/usr/lib/x86_64-linux-gnu/libz.so.1.2.11 mapped=15 mapmax=8 N1=15 kernelpagesize_kB=4
7ff2cb8d8000 bind:0 file=/usr/lib/x86_64-linux-gnu/librt-2.31.so mapped=3 mapmax=17 N1=3 kernelpagesize_kB=4
7ff2cb8db000 bind:0 file=/usr/lib/x86_64-linux-gnu/librt-2.31.so mapped=4 mapmax=17 N1=4 kernelpagesize_kB=4
7ff2cb8fc000 bind:0 file=/usr/lib/x86_64-linux-gnu/ld-2.31.so mapped=1 mapmax=25 N1=1 kernelpagesize_kB=4
7ff2cb8fd000 bind:0 file=/usr/lib/x86_64-linux-gnu/ld-2.31.so mapped=35 mapmax=25 N1=35 kernelpagesize_kB=4
7ff2cb920000 bind:0 file=/usr/lib/x86_64-linux-gnu/ld-2.31.so mapped=8 mapmax=25 N1=8 kernelpagesize_kB=4
B.0.fio.2G.1.O
Begin
Node 0 MemTotal:       24768352 kB
Node 0 MemFree:        24402900 kB
Node 0 MemUsed:          365452 kB
Node 0 Active:            26932 kB
Node 0 Inactive:          69876 kB
Node 0 Active(anon):      12952 kB
Node 0 Inactive(anon):      468 kB
Node 0 Active(file):      13980 kB
Node 0 Inactive(file):    69408 kB
Node 0 Unevictable:        1592 kB
Node 0 Mlocked:            1592 kB
Node 0 Dirty:               160 kB
Node 0 Writeback:             0 kB
Node 0 FilePages:         85616 kB
Node 0 Mapped:            20872 kB
Node 0 AnonPages:         12804 kB
Node 0 Shmem:               636 kB
Node 0 KernelStack:        2232 kB
Node 0 PageTables:          324 kB
Node 0 NFS_Unstable:          0 kB
Node 0 Bounce:                0 kB
Node 0 WritebackTmp:          0 kB
Node 0 KReclaimable:      15940 kB
Node 0 Slab:              43692 kB
Node 0 SReclaimable:      15940 kB
Node 0 SUnreclaim:        27752 kB
Node 0 AnonHugePages:         0 kB
Node 0 ShmemHugePages:        0 kB
Node 0 ShmemPmdMapped:        0 kB
Node 0 FileHugePages:        0 kB
Node 0 FilePmdMapped:        0 kB
Node 0 HugePages_Total:     0
Node 0 HugePages_Free:      0
Node 0 HugePages_Surp:      0

Node 1 MemTotal:       24661580 kB
Node 1 MemFree:        24400388 kB
Node 1 MemUsed:          261192 kB
Node 1 Active:            67532 kB
Node 1 Inactive:          37204 kB
Node 1 Active(anon):      20708 kB
Node 1 Inactive(anon):      404 kB
Node 1 Active(file):      46824 kB
Node 1 Inactive(file):    36800 kB
Node 1 Unevictable:       16932 kB
Node 1 Mlocked:           16932 kB
Node 1 Dirty:               392 kB
Node 1 Writeback:             0 kB
Node 1 FilePages:         90884 kB
Node 1 Mapped:            39704 kB
Node 1 AnonPages:         30912 kB
Node 1 Shmem:               632 kB
Node 1 KernelStack:        1400 kB
Node 1 PageTables:          844 kB
Node 1 NFS_Unstable:          0 kB
Node 1 Bounce:                0 kB
Node 1 WritebackTmp:          0 kB
Node 1 KReclaimable:      25932 kB
Node 1 Slab:              61536 kB
Node 1 SReclaimable:      25932 kB
Node 1 SUnreclaim:        35604 kB
Node 1 AnonHugePages:         0 kB
Node 1 ShmemHugePages:        0 kB
Node 1 ShmemPmdMapped:        0 kB
Node 1 FileHugePages:        0 kB
Node 1 FilePmdMapped:        0 kB
Node 1 HugePages_Total:     0
Node 1 HugePages_Free:      0
Node 1 HugePages_Surp:      0

Load ZFS
Node 0 MemTotal:       24768352 kB
Node 0 MemFree:        24492772 kB
Node 0 MemUsed:          275580 kB
Node 0 Active:            40668 kB
Node 0 Inactive:          97644 kB
Node 0 Active(anon):      25904 kB
Node 0 Inactive(anon):      356 kB
Node 0 Active(file):      14764 kB
Node 0 Inactive(file):    97288 kB
Node 0 Unevictable:        1592 kB
Node 0 Mlocked:            1592 kB
Node 0 Dirty:               344 kB
Node 0 Writeback:             0 kB
Node 0 FilePages:        114340 kB
Node 0 Mapped:            23948 kB
Node 0 AnonPages:         25936 kB
Node 0 Shmem:               552 kB
Node 0 KernelStack:        2472 kB
Node 0 PageTables:         1160 kB
Node 0 NFS_Unstable:          0 kB
Node 0 Bounce:                0 kB
Node 0 WritebackTmp:          0 kB
Node 0 KReclaimable:      16552 kB
Node 0 Slab:              46052 kB
Node 0 SReclaimable:      16552 kB
Node 0 SUnreclaim:        29500 kB
Node 0 AnonHugePages:         0 kB
Node 0 ShmemHugePages:        0 kB
Node 0 ShmemPmdMapped:        0 kB
Node 0 FileHugePages:        0 kB
Node 0 FilePmdMapped:        0 kB
Node 0 HugePages_Total:     0
Node 0 HugePages_Free:      0
Node 0 HugePages_Surp:      0

Node 1 MemTotal:       24661580 kB
Node 1 MemFree:        24166732 kB
Node 1 MemUsed:          494848 kB
Node 1 Active:            80504 kB
Node 1 Inactive:         113020 kB
Node 1 Active(anon):      32324 kB
Node 1 Inactive(anon):      492 kB
Node 1 Active(file):      48180 kB
Node 1 Inactive(file):   112528 kB
Node 1 Unevictable:       17132 kB
Node 1 Mlocked:           17132 kB
Node 1 Dirty:               308 kB
Node 1 Writeback:             0 kB
Node 1 FilePages:        168024 kB
Node 1 Mapped:            41484 kB
Node 1 AnonPages:         42260 kB
Node 1 Shmem:               716 kB
Node 1 KernelStack:        1812 kB
Node 1 PageTables:         2388 kB
Node 1 NFS_Unstable:          0 kB
Node 1 Bounce:                0 kB
Node 1 WritebackTmp:          0 kB
Node 1 KReclaimable:      26696 kB
Node 1 Slab:              66508 kB
Node 1 SReclaimable:      26696 kB
Node 1 SUnreclaim:        39812 kB
Node 1 AnonHugePages:         0 kB
Node 1 ShmemHugePages:        0 kB
Node 1 ShmemPmdMapped:        0 kB
Node 1 FileHugePages:        0 kB
Node 1 FilePmdMapped:        0 kB
Node 1 HugePages_Total:     0
Node 1 HugePages_Free:      0
Node 1 HugePages_Surp:      0

Import tank ZPool
Node 0 MemTotal:       24768352 kB
Node 0 MemFree:        24481904 kB
Node 0 MemUsed:          286448 kB
Node 0 Active:            40476 kB
Node 0 Inactive:          97580 kB
Node 0 Active(anon):      25484 kB
Node 0 Inactive(anon):      460 kB
Node 0 Active(file):      14992 kB
Node 0 Inactive(file):    97120 kB
Node 0 Unevictable:        1592 kB
Node 0 Mlocked:            1592 kB
Node 0 Dirty:               320 kB
Node 0 Writeback:             0 kB
Node 0 FilePages:        114320 kB
Node 0 Mapped:            23660 kB
Node 0 AnonPages:         25332 kB
Node 0 Shmem:               616 kB
Node 0 KernelStack:        3432 kB
Node 0 PageTables:          864 kB
Node 0 NFS_Unstable:          0 kB
Node 0 Bounce:                0 kB
Node 0 WritebackTmp:          0 kB
Node 0 KReclaimable:      16588 kB
Node 0 Slab:              48220 kB
Node 0 SReclaimable:      16588 kB
Node 0 SUnreclaim:        31632 kB
Node 0 AnonHugePages:         0 kB
Node 0 ShmemHugePages:        0 kB
Node 0 ShmemPmdMapped:        0 kB
Node 0 FileHugePages:        0 kB
Node 0 FilePmdMapped:        0 kB
Node 0 HugePages_Total:     0
Node 0 HugePages_Free:      0
Node 0 HugePages_Surp:      0

Node 1 MemTotal:       24661580 kB
Node 1 MemFree:        24160776 kB
Node 1 MemUsed:          500804 kB
Node 1 Active:            80780 kB
Node 1 Inactive:         114196 kB
Node 1 Active(anon):      32268 kB
Node 1 Inactive(anon):      488 kB
Node 1 Active(file):      48512 kB
Node 1 Inactive(file):   113708 kB
Node 1 Unevictable:       17164 kB
Node 1 Mlocked:           17164 kB
Node 1 Dirty:               336 kB
Node 1 Writeback:             0 kB
Node 1 FilePages:        169492 kB
Node 1 Mapped:            41080 kB
Node 1 AnonPages:         42772 kB
Node 1 Shmem:               652 kB
Node 1 KernelStack:        1816 kB
Node 1 PageTables:         1960 kB
Node 1 NFS_Unstable:          0 kB
Node 1 Bounce:                0 kB
Node 1 WritebackTmp:          0 kB
Node 1 KReclaimable:      26816 kB
Node 1 Slab:              71136 kB
Node 1 SReclaimable:      26816 kB
Node 1 SUnreclaim:        44320 kB
Node 1 AnonHugePages:         0 kB
Node 1 ShmemHugePages:        0 kB
Node 1 ShmemPmdMapped:        0 kB
Node 1 FileHugePages:        0 kB
Node 1 FilePmdMapped:        0 kB
Node 1 HugePages_Total:     0
Node 1 HugePages_Free:      0
Node 1 HugePages_Surp:      0

After Test
Node 0 MemTotal:       24768352 kB
Node 0 MemFree:        21881596 kB
Node 0 MemUsed:         2886756 kB
Node 0 Active:            29692 kB
Node 0 Inactive:          98000 kB
Node 0 Active(anon):      13012 kB
Node 0 Inactive(anon):      492 kB
Node 0 Active(file):      16680 kB
Node 0 Inactive(file):    97508 kB
Node 0 Unevictable:        1592 kB
Node 0 Mlocked:            1592 kB
Node 0 Dirty:                28 kB
Node 0 Writeback:             0 kB
Node 0 FilePages:        116436 kB
Node 0 Mapped:            21192 kB
Node 0 AnonPages:         12716 kB
Node 0 Shmem:               656 kB
Node 0 KernelStack:        3256 kB
Node 0 PageTables:          436 kB
Node 0 NFS_Unstable:          0 kB
Node 0 Bounce:                0 kB
Node 0 WritebackTmp:          0 kB
Node 0 KReclaimable:      17928 kB
Node 0 Slab:              62384 kB
Node 0 SReclaimable:      17928 kB
Node 0 SUnreclaim:        44456 kB
Node 0 AnonHugePages:         0 kB
Node 0 ShmemHugePages:        0 kB
Node 0 ShmemPmdMapped:        0 kB
Node 0 FileHugePages:        0 kB
Node 0 FilePmdMapped:        0 kB
Node 0 HugePages_Total:     0
Node 0 HugePages_Free:      0
Node 0 HugePages_Surp:      0
Fio Node 0 pages
55c0a4a60000 bind:1 file=/usr/local/bin/fio mapped=16 N0=16 kernelpagesize_kB=4
55c0a4b24000 bind:1 file=/usr/local/bin/fio anon=2 dirty=2 mapped=17 active=4 N0=15 N1=2 kernelpagesize_kB=4
7fd769895000 bind:1 file=/usr/lib/x86_64-linux-gnu/libaio.so.1.0.1 mapped=1 mapmax=2 N0=1 kernelpagesize_kB=4
7fd7698a2000 bind:1 file=/usr/lib/x86_64-linux-gnu/libmvec-2.31.so mapped=2 N0=2 kernelpagesize_kB=4
7fd769a67000 bind:1 file=/usr/lib/x86_64-linux-gnu/libnuma.so.1.0.0 mapped=3 mapmax=2 N0=3 kernelpagesize_kB=4
Fio Node 1 pages
55c0a4b24000 bind:1 file=/usr/local/bin/fio anon=2 dirty=2 N1=2 kernelpagesize_kB=4
55c0a4b26000 bind:1 file=/usr/local/bin/fio anon=110 dirty=110 mapped=114 active=112 N0=4 N1=110 kernelpagesize_kB=4
55c0a4c02000 bind:1 anon=2 dirty=2 N1=2 kernelpagesize_kB=4
55c0a5eea000 bind:1 heap anon=4 dirty=4 N1=4 kernelpagesize_kB=4
7fd7696a1000 bind:1 anon=2 dirty=2 N1=2 kernelpagesize_kB=4
7fd7696a3000 bind:1 file=/usr/lib/x86_64-linux-gnu/libc-2.31.so mapped=37 mapmax=25 N1=37 kernelpagesize_kB=4
7fd7696c8000 bind:1 file=/usr/lib/x86_64-linux-gnu/libc-2.31.so mapped=264 mapmax=25 N1=264 kernelpagesize_kB=4
7fd769840000 bind:1 file=/usr/lib/x86_64-linux-gnu/libc-2.31.so mapped=48 mapmax=24 N1=48 kernelpagesize_kB=4
7fd76988b000 bind:1 file=/usr/lib/x86_64-linux-gnu/libc-2.31.so anon=3 dirty=3 N1=3 kernelpagesize_kB=4
7fd76988e000 bind:1 file=/usr/lib/x86_64-linux-gnu/libc-2.31.so anon=3 dirty=3 N1=3 kernelpagesize_kB=4
7fd769891000 bind:1 anon=4 dirty=4 N1=4 kernelpagesize_kB=4
7fd769898000 bind:1 file=/usr/lib/x86_64-linux-gnu/libaio.so.1.0.1 anon=1 dirty=1 N1=1 kernelpagesize_kB=4
7fd769899000 bind:1 file=/usr/lib/x86_64-linux-gnu/libaio.so.1.0.1 anon=1 dirty=1 N1=1 kernelpagesize_kB=4
7fd76989a000 bind:1 file=/usr/lib/x86_64-linux-gnu/libdl-2.31.so mapped=1 mapmax=20 N1=1 kernelpagesize_kB=4
7fd76989b000 bind:1 file=/usr/lib/x86_64-linux-gnu/libdl-2.31.so mapped=2 mapmax=19 N1=2 kernelpagesize_kB=4
7fd76989e000 bind:1 file=/usr/lib/x86_64-linux-gnu/libdl-2.31.so anon=1 dirty=1 N1=1 kernelpagesize_kB=4
7fd76989f000 bind:1 file=/usr/lib/x86_64-linux-gnu/libdl-2.31.so anon=1 dirty=1 N1=1 kernelpagesize_kB=4
7fd7698a0000 bind:1 anon=2 dirty=2 N1=2 kernelpagesize_kB=4
7fd7698cc000 bind:1 file=/usr/lib/x86_64-linux-gnu/libmvec-2.31.so anon=1 dirty=1 N1=1 kernelpagesize_kB=4
7fd7698cd000 bind:1 file=/usr/lib/x86_64-linux-gnu/libmvec-2.31.so anon=1 dirty=1 N1=1 kernelpagesize_kB=4
7fd7698ce000 bind:1 file=/usr/lib/x86_64-linux-gnu/libm-2.31.so mapped=13 mapmax=12 N1=13 kernelpagesize_kB=4
7fd7698dd000 bind:1 file=/usr/lib/x86_64-linux-gnu/libm-2.31.so mapped=64 mapmax=12 N1=64 kernelpagesize_kB=4
7fd769a1b000 bind:1 file=/usr/lib/x86_64-linux-gnu/libm-2.31.so anon=1 dirty=1 N1=1 kernelpagesize_kB=4
7fd769a1c000 bind:1 file=/usr/lib/x86_64-linux-gnu/libm-2.31.so anon=1 dirty=1 N1=1 kernelpagesize_kB=4
7fd769a1d000 bind:1 file=/usr/lib/x86_64-linux-gnu/libpthread-2.31.so mapped=7 mapmax=22 N1=7 kernelpagesize_kB=4
7fd769a24000 bind:1 file=/usr/lib/x86_64-linux-gnu/libpthread-2.31.so mapped=17 mapmax=22 N1=17 kernelpagesize_kB=4
7fd769a3a000 bind:1 file=/usr/lib/x86_64-linux-gnu/libpthread-2.31.so anon=1 dirty=1 N1=1 kernelpagesize_kB=4
7fd769a3b000 bind:1 file=/usr/lib/x86_64-linux-gnu/libpthread-2.31.so anon=1 dirty=1 N1=1 kernelpagesize_kB=4
7fd769a3c000 bind:1 anon=1 dirty=1 N1=1 kernelpagesize_kB=4
7fd769a40000 bind:1 file=/usr/lib/x86_64-linux-gnu/libz.so.1.2.11 mapped=2 mapmax=8 N1=2 kernelpagesize_kB=4
7fd769a42000 bind:1 file=/usr/lib/x86_64-linux-gnu/libz.so.1.2.11 mapped=15 mapmax=8 N1=15 kernelpagesize_kB=4
7fd769a5a000 bind:1 file=/usr/lib/x86_64-linux-gnu/libz.so.1.2.11 anon=1 dirty=1 N1=1 kernelpagesize_kB=4
7fd769a5b000 bind:1 file=/usr/lib/x86_64-linux-gnu/libz.so.1.2.11 anon=1 dirty=1 N1=1 kernelpagesize_kB=4
7fd769a5c000 bind:1 file=/usr/lib/x86_64-linux-gnu/librt-2.31.so mapped=3 mapmax=17 N1=3 kernelpagesize_kB=4
7fd769a5f000 bind:1 file=/usr/lib/x86_64-linux-gnu/librt-2.31.so mapped=4 mapmax=17 N1=4 kernelpagesize_kB=4
7fd769a65000 bind:1 file=/usr/lib/x86_64-linux-gnu/librt-2.31.so anon=1 dirty=1 N1=1 kernelpagesize_kB=4
7fd769a66000 bind:1 file=/usr/lib/x86_64-linux-gnu/librt-2.31.so anon=1 dirty=1 N1=1 kernelpagesize_kB=4
7fd769a72000 bind:1 file=/usr/lib/x86_64-linux-gnu/libnuma.so.1.0.0 anon=1 dirty=1 N1=1 kernelpagesize_kB=4
7fd769a73000 bind:1 file=/usr/lib/x86_64-linux-gnu/libnuma.so.1.0.0 anon=1 dirty=1 N1=1 kernelpagesize_kB=4
7fd769a74000 bind:1 anon=2 dirty=2 N1=2 kernelpagesize_kB=4
7fd769a80000 bind:1 file=/usr/lib/x86_64-linux-gnu/ld-2.31.so mapped=1 mapmax=25 N1=1 kernelpagesize_kB=4
7fd769a81000 bind:1 file=/usr/lib/x86_64-linux-gnu/ld-2.31.so mapped=35 mapmax=25 N1=35 kernelpagesize_kB=4
7fd769aa4000 bind:1 file=/usr/lib/x86_64-linux-gnu/ld-2.31.so mapped=8 mapmax=25 N1=8 kernelpagesize_kB=4
7fd769aac000 bind:1 file=/dev/zero\040(deleted) dirty=1 active=0 N1=1 kernelpagesize_kB=4
7fd769aad000 bind:1 file=/usr/lib/x86_64-linux-gnu/ld-2.31.so anon=1 dirty=1 N1=1 kernelpagesize_kB=4
7fd769aae000 bind:1 file=/usr/lib/x86_64-linux-gnu/ld-2.31.so anon=1 dirty=1 N1=1 kernelpagesize_kB=4
7fd769aaf000 bind:1 anon=1 dirty=1 N1=1 kernelpagesize_kB=4
7ffe6c04c000 bind:1 stack anon=3 dirty=3 N1=3 kernelpagesize_kB=4
Fio Node 0 pages
56524b696000 bind:1 file=/usr/local/bin/fio mapped=16 N0=16 kernelpagesize_kB=4
56524b75a000 bind:1 file=/usr/local/bin/fio anon=2 dirty=2 mapped=17 active=4 N0=15 N1=2 kernelpagesize_kB=4
7f7888e7c000 bind:1 file=/usr/lib/x86_64-linux-gnu/libaio.so.1.0.1 mapped=1 mapmax=2 N0=1 kernelpagesize_kB=4
7f7888e89000 bind:1 file=/usr/lib/x86_64-linux-gnu/libmvec-2.31.so mapped=2 N0=2 kernelpagesize_kB=4
7f788904e000 bind:1 file=/usr/lib/x86_64-linux-gnu/libnuma.so.1.0.0 mapped=3 mapmax=2 N0=3 kernelpagesize_kB=4
Fio Node 1 pages
56524b75a000 bind:1 file=/usr/local/bin/fio anon=2 dirty=2 N1=2 kernelpagesize_kB=4
56524b75c000 bind:1 file=/usr/local/bin/fio anon=108 dirty=108 mapped=112 active=110 N0=4 N1=108 kernelpagesize_kB=4
56524d4b7000 bind:1 heap anon=4 dirty=4 N1=4 kernelpagesize_kB=4
7f7888c88000 bind:1 anon=2 dirty=2 N1=2 kernelpagesize_kB=4
7f7888c8a000 bind:1 file=/usr/lib/x86_64-linux-gnu/libc-2.31.so mapped=37 mapmax=25 N1=37 kernelpagesize_kB=4
7f7888caf000 bind:1 file=/usr/lib/x86_64-linux-gnu/libc-2.31.so mapped=289 mapmax=25 N1=289 kernelpagesize_kB=4
7f7888e27000 bind:1 file=/usr/lib/x86_64-linux-gnu/libc-2.31.so mapped=41 mapmax=24 N1=41 kernelpagesize_kB=4
7f7888e72000 bind:1 file=/usr/lib/x86_64-linux-gnu/libc-2.31.so anon=3 dirty=3 N1=3 kernelpagesize_kB=4
7f7888e75000 bind:1 file=/usr/lib/x86_64-linux-gnu/libc-2.31.so anon=3 dirty=3 N1=3 kernelpagesize_kB=4
7f7888e78000 bind:1 anon=4 dirty=4 N1=4 kernelpagesize_kB=4
7f7888e7f000 bind:1 file=/usr/lib/x86_64-linux-gnu/libaio.so.1.0.1 anon=1 dirty=1 N1=1 kernelpagesize_kB=4
7f7888e80000 bind:1 file=/usr/lib/x86_64-linux-gnu/libaio.so.1.0.1 anon=1 dirty=1 N1=1 kernelpagesize_kB=4
7f7888e81000 bind:1 file=/usr/lib/x86_64-linux-gnu/libdl-2.31.so mapped=1 mapmax=20 N1=1 kernelpagesize_kB=4
7f7888e82000 bind:1 file=/usr/lib/x86_64-linux-gnu/libdl-2.31.so mapped=2 mapmax=19 N1=2 kernelpagesize_kB=4
7f7888e85000 bind:1 file=/usr/lib/x86_64-linux-gnu/libdl-2.31.so anon=1 dirty=1 N1=1 kernelpagesize_kB=4
7f7888e86000 bind:1 file=/usr/lib/x86_64-linux-gnu/libdl-2.31.so anon=1 dirty=1 N1=1 kernelpagesize_kB=4
7f7888e87000 bind:1 anon=2 dirty=2 N1=2 kernelpagesize_kB=4
7f7888eb3000 bind:1 file=/usr/lib/x86_64-linux-gnu/libmvec-2.31.so anon=1 dirty=1 N1=1 kernelpagesize_kB=4
7f7888eb4000 bind:1 file=/usr/lib/x86_64-linux-gnu/libmvec-2.31.so anon=1 dirty=1 N1=1 kernelpagesize_kB=4
7f7888eb5000 bind:1 file=/usr/lib/x86_64-linux-gnu/libm-2.31.so mapped=15 mapmax=12 N1=15 kernelpagesize_kB=4
7f7888ec4000 bind:1 file=/usr/lib/x86_64-linux-gnu/libm-2.31.so mapped=76 mapmax=12 N1=76 kernelpagesize_kB=4
7f7889002000 bind:1 file=/usr/lib/x86_64-linux-gnu/libm-2.31.so anon=1 dirty=1 N1=1 kernelpagesize_kB=4
7f7889003000 bind:1 file=/usr/lib/x86_64-linux-gnu/libm-2.31.so anon=1 dirty=1 N1=1 kernelpagesize_kB=4
7f7889004000 bind:1 file=/usr/lib/x86_64-linux-gnu/libpthread-2.31.so mapped=7 mapmax=22 N1=7 kernelpagesize_kB=4
7f788900b000 bind:1 file=/usr/lib/x86_64-linux-gnu/libpthread-2.31.so mapped=17 mapmax=22 N1=17 kernelpagesize_kB=4
7f7889021000 bind:1 file=/usr/lib/x86_64-linux-gnu/libpthread-2.31.so anon=1 dirty=1 N1=1 kernelpagesize_kB=4
7f7889022000 bind:1 file=/usr/lib/x86_64-linux-gnu/libpthread-2.31.so anon=1 dirty=1 N1=1 kernelpagesize_kB=4
7f7889023000 bind:1 anon=1 dirty=1 N1=1 kernelpagesize_kB=4
7f7889027000 bind:1 file=/usr/lib/x86_64-linux-gnu/libz.so.1.2.11 mapped=2 mapmax=8 N1=2 kernelpagesize_kB=4
7f7889029000 bind:1 file=/usr/lib/x86_64-linux-gnu/libz.so.1.2.11 mapped=15 mapmax=8 N1=15 kernelpagesize_kB=4
7f7889041000 bind:1 file=/usr/lib/x86_64-linux-gnu/libz.so.1.2.11 anon=1 dirty=1 N1=1 kernelpagesize_kB=4
7f7889042000 bind:1 file=/usr/lib/x86_64-linux-gnu/libz.so.1.2.11 anon=1 dirty=1 N1=1 kernelpagesize_kB=4
7f7889043000 bind:1 file=/usr/lib/x86_64-linux-gnu/librt-2.31.so mapped=3 mapmax=17 N1=3 kernelpagesize_kB=4
7f7889046000 bind:1 file=/usr/lib/x86_64-linux-gnu/librt-2.31.so mapped=4 mapmax=17 N1=4 kernelpagesize_kB=4
7f788904c000 bind:1 file=/usr/lib/x86_64-linux-gnu/librt-2.31.so anon=1 dirty=1 N1=1 kernelpagesize_kB=4
7f788904d000 bind:1 file=/usr/lib/x86_64-linux-gnu/librt-2.31.so anon=1 dirty=1 N1=1 kernelpagesize_kB=4
7f7889059000 bind:1 file=/usr/lib/x86_64-linux-gnu/libnuma.so.1.0.0 anon=1 dirty=1 N1=1 kernelpagesize_kB=4
7f788905a000 bind:1 file=/usr/lib/x86_64-linux-gnu/libnuma.so.1.0.0 anon=1 dirty=1 N1=1 kernelpagesize_kB=4
7f788905b000 bind:1 anon=2 dirty=2 N1=2 kernelpagesize_kB=4
7f7889067000 bind:1 file=/usr/lib/x86_64-linux-gnu/ld-2.31.so mapped=1 mapmax=25 N1=1 kernelpagesize_kB=4
7f7889068000 bind:1 file=/usr/lib/x86_64-linux-gnu/ld-2.31.so mapped=35 mapmax=25 N1=35 kernelpagesize_kB=4
7f788908b000 bind:1 file=/usr/lib/x86_64-linux-gnu/ld-2.31.so mapped=8 mapmax=25 N1=8 kernelpagesize_kB=4
7f7889093000 bind:1 file=/dev/zero\040(deleted) dirty=1 active=0 N1=1 kernelpagesize_kB=4
7f7889094000 bind:1 file=/usr/lib/x86_64-linux-gnu/ld-2.31.so anon=1 dirty=1 N1=1 kernelpagesize_kB=4
7f7889095000 bind:1 file=/usr/lib/x86_64-linux-gnu/ld-2.31.so anon=1 dirty=1 N1=1 kernelpagesize_kB=4
7f7889096000 bind:1 anon=1 dirty=1 N1=1 kernelpagesize_kB=4
7ffc86c8d000 bind:1 stack anon=4 dirty=4 N1=4 kernelpagesize_kB=4

Node 1 MemTotal:       24661580 kB
Node 1 MemFree:        23847232 kB
Node 1 MemUsed:          814348 kB
Node 1 Active:            69420 kB
Node 1 Inactive:         113712 kB
Node 1 Active(anon):      20336 kB
Node 1 Inactive(anon):      484 kB
Node 1 Active(file):      49084 kB
Node 1 Inactive(file):   113228 kB
Node 1 Unevictable:       17164 kB
Node 1 Mlocked:           17164 kB
Node 1 Dirty:                44 kB
Node 1 Writeback:             0 kB
Node 1 FilePages:        169568 kB
Node 1 Mapped:            39768 kB
Node 1 AnonPages:         30724 kB
Node 1 Shmem:               656 kB
Node 1 KernelStack:        1352 kB
Node 1 PageTables:          792 kB
Node 1 NFS_Unstable:          0 kB
Node 1 Bounce:                0 kB
Node 1 WritebackTmp:          0 kB
Node 1 KReclaimable:      26884 kB
Node 1 Slab:              72276 kB
Node 1 SReclaimable:      26884 kB
Node 1 SUnreclaim:        45392 kB
Node 1 AnonHugePages:         0 kB
Node 1 ShmemHugePages:        0 kB
Node 1 ShmemPmdMapped:        0 kB
Node 1 FileHugePages:        0 kB
Node 1 FilePmdMapped:        0 kB
Node 1 HugePages_Total:     0
Node 1 HugePages_Free:      0
Node 1 HugePages_Surp:      0

After Opposite Node
Node 0 MemTotal:       24768352 kB
Node 0 MemFree:        21884376 kB
Node 0 MemUsed:         2883976 kB
Node 0 Active:            29636 kB
Node 0 Inactive:          97820 kB
Node 0 Active(anon):      12804 kB
Node 0 Inactive(anon):      456 kB
Node 0 Active(file):      16832 kB
Node 0 Inactive(file):    97364 kB
Node 0 Unevictable:        1592 kB
Node 0 Mlocked:            1592 kB
Node 0 Dirty:                72 kB
Node 0 Writeback:             0 kB
Node 0 FilePages:        116400 kB
Node 0 Mapped:            21172 kB
Node 0 AnonPages:         12648 kB
Node 0 Shmem:               612 kB
Node 0 KernelStack:        3224 kB
Node 0 PageTables:          324 kB
Node 0 NFS_Unstable:          0 kB
Node 0 Bounce:                0 kB
Node 0 WritebackTmp:          0 kB
Node 0 KReclaimable:      17928 kB
Node 0 Slab:              62344 kB
Node 0 SReclaimable:      17928 kB
Node 0 SUnreclaim:        44416 kB
Node 0 AnonHugePages:         0 kB
Node 0 ShmemHugePages:        0 kB
Node 0 ShmemPmdMapped:        0 kB
Node 0 FileHugePages:        0 kB
Node 0 FilePmdMapped:        0 kB
Node 0 HugePages_Total:     0
Node 0 HugePages_Free:      0
Node 0 HugePages_Surp:      0

Node 1 MemTotal:       24661580 kB
Node 1 MemFree:        23844864 kB
Node 1 MemUsed:          816716 kB
Node 1 Active:            69740 kB
Node 1 Inactive:         113756 kB
Node 1 Active(anon):      20620 kB
Node 1 Inactive(anon):      528 kB
Node 1 Active(file):      49120 kB
Node 1 Inactive(file):   113228 kB
Node 1 Unevictable:       17164 kB
Node 1 Mlocked:           17164 kB
Node 1 Dirty:               152 kB
Node 1 Writeback:             0 kB
Node 1 FilePages:        169648 kB
Node 1 Mapped:            39812 kB
Node 1 AnonPages:         30876 kB
Node 1 Shmem:               700 kB
Node 1 KernelStack:        1400 kB
Node 1 PageTables:          964 kB
Node 1 NFS_Unstable:          0 kB
Node 1 Bounce:                0 kB
Node 1 WritebackTmp:          0 kB
Node 1 KReclaimable:      26940 kB
Node 1 Slab:              72588 kB
Node 1 SReclaimable:      26940 kB
Node 1 SUnreclaim:        45648 kB
Node 1 AnonHugePages:         0 kB
Node 1 ShmemHugePages:        0 kB
Node 1 ShmemPmdMapped:        0 kB
Node 1 FileHugePages:        0 kB
Node 1 FilePmdMapped:        0 kB
Node 1 HugePages_Total:     0
Node 1 HugePages_Free:      0
Node 1 HugePages_Surp:      0

B.0.fio.2G.1.O Complete!
