U.1.fio.256K.2.O
Begin
Node 0 MemTotal:       24768352 kB
Node 0 MemFree:        24504956 kB
Node 0 MemUsed:          263396 kB
Node 0 Active:            58176 kB
Node 0 Inactive:          58132 kB
Node 0 Active(anon):      13996 kB
Node 0 Inactive(anon):      420 kB
Node 0 Active(file):      44180 kB
Node 0 Inactive(file):    57712 kB
Node 0 Unevictable:        1288 kB
Node 0 Mlocked:            1288 kB
Node 0 Dirty:               368 kB
Node 0 Writeback:             0 kB
Node 0 FilePages:        103820 kB
Node 0 Mapped:            30208 kB
Node 0 AnonPages:         13912 kB
Node 0 Shmem:               640 kB
Node 0 KernelStack:        1848 kB
Node 0 PageTables:          600 kB
Node 0 NFS_Unstable:          0 kB
Node 0 Bounce:                0 kB
Node 0 WritebackTmp:          0 kB
Node 0 KReclaimable:      26416 kB
Node 0 Slab:              64440 kB
Node 0 SReclaimable:      26416 kB
Node 0 SUnreclaim:        38024 kB
Node 0 AnonHugePages:         0 kB
Node 0 ShmemHugePages:        0 kB
Node 0 ShmemPmdMapped:        0 kB
Node 0 FileHugePages:        0 kB
Node 0 FilePmdMapped:        0 kB
Node 0 HugePages_Total:     0
Node 0 HugePages_Free:      0
Node 0 HugePages_Surp:      0

Node 1 MemTotal:       24661580 kB
Node 1 MemFree:        24309960 kB
Node 1 MemUsed:          351620 kB
Node 1 Active:            36440 kB
Node 1 Inactive:          36744 kB
Node 1 Active(anon):      19820 kB
Node 1 Inactive(anon):      464 kB
Node 1 Active(file):      16620 kB
Node 1 Inactive(file):    36280 kB
Node 1 Unevictable:       17236 kB
Node 1 Mlocked:           17236 kB
Node 1 Dirty:               148 kB
Node 1 Writeback:             0 kB
Node 1 FilePages:         60600 kB
Node 1 Mapped:            23188 kB
Node 1 AnonPages:         30016 kB
Node 1 Shmem:               628 kB
Node 1 KernelStack:        1832 kB
Node 1 PageTables:          524 kB
Node 1 NFS_Unstable:          0 kB
Node 1 Bounce:                0 kB
Node 1 WritebackTmp:          0 kB
Node 1 KReclaimable:      15168 kB
Node 1 Slab:              41464 kB
Node 1 SReclaimable:      15168 kB
Node 1 SUnreclaim:        26296 kB
Node 1 AnonHugePages:         0 kB
Node 1 ShmemHugePages:        0 kB
Node 1 ShmemPmdMapped:        0 kB
Node 1 FileHugePages:        0 kB
Node 1 FilePmdMapped:        0 kB
Node 1 HugePages_Total:     0
Node 1 HugePages_Free:      0
Node 1 HugePages_Surp:      0

Load ZFS
Node 0 MemTotal:       24768352 kB
Node 0 MemFree:        24499500 kB
Node 0 MemUsed:          268852 kB
Node 0 Active:            62260 kB
Node 0 Inactive:          58400 kB
Node 0 Active(anon):      17668 kB
Node 0 Inactive(anon):      420 kB
Node 0 Active(file):      44592 kB
Node 0 Inactive(file):    57980 kB
Node 0 Unevictable:        1288 kB
Node 0 Mlocked:            1288 kB
Node 0 Dirty:               392 kB
Node 0 Writeback:             0 kB
Node 0 FilePages:        104500 kB
Node 0 Mapped:            30208 kB
Node 0 AnonPages:         17516 kB
Node 0 Shmem:               640 kB
Node 0 KernelStack:        1880 kB
Node 0 PageTables:          800 kB
Node 0 NFS_Unstable:          0 kB
Node 0 Bounce:                0 kB
Node 0 WritebackTmp:          0 kB
Node 0 KReclaimable:      26872 kB
Node 0 Slab:              65896 kB
Node 0 SReclaimable:      26872 kB
Node 0 SUnreclaim:        39024 kB
Node 0 AnonHugePages:         0 kB
Node 0 ShmemHugePages:        0 kB
Node 0 ShmemPmdMapped:        0 kB
Node 0 FileHugePages:        0 kB
Node 0 FilePmdMapped:        0 kB
Node 0 HugePages_Total:     0
Node 0 HugePages_Free:      0
Node 0 HugePages_Surp:      0

Node 1 MemTotal:       24661580 kB
Node 1 MemFree:        24306284 kB
Node 1 MemUsed:          355296 kB
Node 1 Active:            42824 kB
Node 1 Inactive:          32468 kB
Node 1 Active(anon):      19940 kB
Node 1 Inactive(anon):      464 kB
Node 1 Active(file):      22884 kB
Node 1 Inactive(file):    32004 kB
Node 1 Unevictable:       17236 kB
Node 1 Mlocked:           17236 kB
Node 1 Dirty:               164 kB
Node 1 Writeback:             0 kB
Node 1 FilePages:         62420 kB
Node 1 Mapped:            23356 kB
Node 1 AnonPages:         29984 kB
Node 1 Shmem:               628 kB
Node 1 KernelStack:        1848 kB
Node 1 PageTables:          548 kB
Node 1 NFS_Unstable:          0 kB
Node 1 Bounce:                0 kB
Node 1 WritebackTmp:          0 kB
Node 1 KReclaimable:      15672 kB
Node 1 Slab:              43796 kB
Node 1 SReclaimable:      15672 kB
Node 1 SUnreclaim:        28124 kB
Node 1 AnonHugePages:         0 kB
Node 1 ShmemHugePages:        0 kB
Node 1 ShmemPmdMapped:        0 kB
Node 1 FileHugePages:        0 kB
Node 1 FilePmdMapped:        0 kB
Node 1 HugePages_Total:     0
Node 1 HugePages_Free:      0
Node 1 HugePages_Surp:      0

Import tank ZPool
Node 0 MemTotal:       24768352 kB
Node 0 MemFree:        24503276 kB
Node 0 MemUsed:          265076 kB
Node 0 Active:            58416 kB
Node 0 Inactive:          58400 kB
Node 0 Active(anon):      13824 kB
Node 0 Inactive(anon):      420 kB
Node 0 Active(file):      44592 kB
Node 0 Inactive(file):    57980 kB
Node 0 Unevictable:        1288 kB
Node 0 Mlocked:            1288 kB
Node 0 Dirty:               148 kB
Node 0 Writeback:             0 kB
Node 0 FilePages:        104496 kB
Node 0 Mapped:            30280 kB
Node 0 AnonPages:         13224 kB
Node 0 Shmem:               636 kB
Node 0 KernelStack:        1864 kB
Node 0 PageTables:          720 kB
Node 0 NFS_Unstable:          0 kB
Node 0 Bounce:                0 kB
Node 0 WritebackTmp:          0 kB
Node 0 KReclaimable:      26872 kB
Node 0 Slab:              65896 kB
Node 0 SReclaimable:      26872 kB
Node 0 SUnreclaim:        39024 kB
Node 0 AnonHugePages:         0 kB
Node 0 ShmemHugePages:        0 kB
Node 0 ShmemPmdMapped:        0 kB
Node 0 FileHugePages:        0 kB
Node 0 FilePmdMapped:        0 kB
Node 0 HugePages_Total:     0
Node 0 HugePages_Free:      0
Node 0 HugePages_Surp:      0

Node 1 MemTotal:       24661580 kB
Node 1 MemFree:        24286484 kB
Node 1 MemUsed:          375096 kB
Node 1 Active:            43804 kB
Node 1 Inactive:          33616 kB
Node 1 Active(anon):      20492 kB
Node 1 Inactive(anon):      468 kB
Node 1 Active(file):      23312 kB
Node 1 Inactive(file):    33148 kB
Node 1 Unevictable:       17236 kB
Node 1 Mlocked:           17236 kB
Node 1 Dirty:               196 kB
Node 1 Writeback:             0 kB
Node 1 FilePages:         64000 kB
Node 1 Mapped:            23372 kB
Node 1 AnonPages:         30296 kB
Node 1 Shmem:               632 kB
Node 1 KernelStack:        2984 kB
Node 1 PageTables:          644 kB
Node 1 NFS_Unstable:          0 kB
Node 1 Bounce:                0 kB
Node 1 WritebackTmp:          0 kB
Node 1 KReclaimable:      15820 kB
Node 1 Slab:              51372 kB
Node 1 SReclaimable:      15820 kB
Node 1 SUnreclaim:        35552 kB
Node 1 AnonHugePages:         0 kB
Node 1 ShmemHugePages:        0 kB
Node 1 ShmemPmdMapped:        0 kB
Node 1 FileHugePages:        0 kB
Node 1 FilePmdMapped:        0 kB
Node 1 HugePages_Total:     0
Node 1 HugePages_Free:      0
Node 1 HugePages_Surp:      0

After Test
Node 0 MemTotal:       24768352 kB
Node 0 MemFree:        24504024 kB
Node 0 MemUsed:          264328 kB
Node 0 Active:            57912 kB
Node 0 Inactive:          58400 kB
Node 0 Active(anon):      13320 kB
Node 0 Inactive(anon):      420 kB
Node 0 Active(file):      44592 kB
Node 0 Inactive(file):    57980 kB
Node 0 Unevictable:        1288 kB
Node 0 Mlocked:            1288 kB
Node 0 Dirty:               148 kB
Node 0 Writeback:             0 kB
Node 0 FilePages:        104496 kB
Node 0 Mapped:            30208 kB
Node 0 AnonPages:         13104 kB
Node 0 Shmem:               636 kB
Node 0 KernelStack:        1816 kB
Node 0 PageTables:          520 kB
Node 0 NFS_Unstable:          0 kB
Node 0 Bounce:                0 kB
Node 0 WritebackTmp:          0 kB
Node 0 KReclaimable:      26872 kB
Node 0 Slab:              65616 kB
Node 0 SReclaimable:      26872 kB
Node 0 SUnreclaim:        38744 kB
Node 0 AnonHugePages:         0 kB
Node 0 ShmemHugePages:        0 kB
Node 0 ShmemPmdMapped:        0 kB
Node 0 FileHugePages:        0 kB
Node 0 FilePmdMapped:        0 kB
Node 0 HugePages_Total:     0
Node 0 HugePages_Free:      0
Node 0 HugePages_Surp:      0

Node 1 MemTotal:       24661580 kB
Node 1 MemFree:        24280012 kB
Node 1 MemUsed:          381568 kB
Node 1 Active:            44652 kB
Node 1 Inactive:          34580 kB
Node 1 Active(anon):      20176 kB
Node 1 Inactive(anon):      492 kB
Node 1 Active(file):      24476 kB
Node 1 Inactive(file):    34088 kB
Node 1 Unevictable:       17236 kB
Node 1 Mlocked:           17236 kB
Node 1 Dirty:               204 kB
Node 1 Writeback:             0 kB
Node 1 FilePages:         66144 kB
Node 1 Mapped:            23440 kB
Node 1 AnonPages:         30232 kB
Node 1 Shmem:               676 kB
Node 1 KernelStack:        2952 kB
Node 1 PageTables:          676 kB
Node 1 NFS_Unstable:          0 kB
Node 1 Bounce:                0 kB
Node 1 WritebackTmp:          0 kB
Node 1 KReclaimable:      17124 kB
Node 1 Slab:              52900 kB
Node 1 SReclaimable:      17124 kB
Node 1 SUnreclaim:        35776 kB
Node 1 AnonHugePages:         0 kB
Node 1 ShmemHugePages:        0 kB
Node 1 ShmemPmdMapped:        0 kB
Node 1 FileHugePages:        0 kB
Node 1 FilePmdMapped:        0 kB
Node 1 HugePages_Total:     0
Node 1 HugePages_Free:      0
Node 1 HugePages_Surp:      0

After Opposite Node
Node 0 MemTotal:       24768352 kB
Node 0 MemFree:        24503672 kB
Node 0 MemUsed:          264680 kB
Node 0 Active:            58076 kB
Node 0 Inactive:          58432 kB
Node 0 Active(anon):      13480 kB
Node 0 Inactive(anon):      444 kB
Node 0 Active(file):      44596 kB
Node 0 Inactive(file):    57988 kB
Node 0 Unevictable:        1288 kB
Node 0 Mlocked:            1288 kB
Node 0 Dirty:               156 kB
Node 0 Writeback:             0 kB
Node 0 FilePages:        104552 kB
Node 0 Mapped:            30252 kB
Node 0 AnonPages:         13156 kB
Node 0 Shmem:               680 kB
Node 0 KernelStack:        1832 kB
Node 0 PageTables:          632 kB
Node 0 NFS_Unstable:          0 kB
Node 0 Bounce:                0 kB
Node 0 WritebackTmp:          0 kB
Node 0 KReclaimable:      26952 kB
Node 0 Slab:              65928 kB
Node 0 SReclaimable:      26952 kB
Node 0 SUnreclaim:        38976 kB
Node 0 AnonHugePages:         0 kB
Node 0 ShmemHugePages:        0 kB
Node 0 ShmemPmdMapped:        0 kB
Node 0 FileHugePages:        0 kB
Node 0 FilePmdMapped:        0 kB
Node 0 HugePages_Total:     0
Node 0 HugePages_Free:      0
Node 0 HugePages_Surp:      0

Node 1 MemTotal:       24661580 kB
Node 1 MemFree:        24280376 kB
Node 1 MemUsed:          381204 kB
Node 1 Active:            44692 kB
Node 1 Inactive:          34376 kB
Node 1 Active(anon):      20016 kB
Node 1 Inactive(anon):      468 kB
Node 1 Active(file):      24676 kB
Node 1 Inactive(file):    33908 kB
Node 1 Unevictable:       17236 kB
Node 1 Mlocked:           17236 kB
Node 1 Dirty:               224 kB
Node 1 Writeback:             0 kB
Node 1 FilePages:         66120 kB
Node 1 Mapped:            23424 kB
Node 1 AnonPages:         30180 kB
Node 1 Shmem:               632 kB
Node 1 KernelStack:        2936 kB
Node 1 PageTables:          564 kB
Node 1 NFS_Unstable:          0 kB
Node 1 Bounce:                0 kB
Node 1 WritebackTmp:          0 kB
Node 1 KReclaimable:      17124 kB
Node 1 Slab:              52876 kB
Node 1 SReclaimable:      17124 kB
Node 1 SUnreclaim:        35752 kB
Node 1 AnonHugePages:         0 kB
Node 1 ShmemHugePages:        0 kB
Node 1 ShmemPmdMapped:        0 kB
Node 1 FileHugePages:        0 kB
Node 1 FilePmdMapped:        0 kB
Node 1 HugePages_Total:     0
Node 1 HugePages_Free:      0
Node 1 HugePages_Surp:      0

U.1.fio.256K.2.O Complete!
