U.1.fio.512K.2.O
Begin
Node 0 MemTotal:       24743736 kB
Node 0 MemFree:        24375344 kB
Node 0 MemUsed:          368392 kB
Node 0 Active:            55944 kB
Node 0 Inactive:          28108 kB
Node 0 Active(anon):      12972 kB
Node 0 Inactive(anon):      536 kB
Node 0 Active(file):      42972 kB
Node 0 Inactive(file):    27572 kB
Node 0 Unevictable:        5396 kB
Node 0 Mlocked:            5396 kB
Node 0 Dirty:               284 kB
Node 0 Writeback:             0 kB
Node 0 FilePages:         76756 kB
Node 0 Mapped:            22704 kB
Node 0 AnonPages:         12804 kB
Node 0 Shmem:               788 kB
Node 0 KernelStack:        2184 kB
Node 0 PageTables:          452 kB
Node 0 NFS_Unstable:          0 kB
Node 0 Bounce:                0 kB
Node 0 WritebackTmp:          0 kB
Node 0 KReclaimable:      16580 kB
Node 0 Slab:              55292 kB
Node 0 SReclaimable:      16580 kB
Node 0 SUnreclaim:        38712 kB
Node 0 AnonHugePages:         0 kB
Node 0 ShmemHugePages:        0 kB
Node 0 ShmemPmdMapped:        0 kB
Node 0 FileHugePages:        0 kB
Node 0 FilePmdMapped:        0 kB
Node 0 HugePages_Total:     0
Node 0 HugePages_Free:      0
Node 0 HugePages_Surp:      0

Node 1 MemTotal:       24686196 kB
Node 1 MemFree:        24394808 kB
Node 1 MemUsed:          291388 kB
Node 1 Active:            41012 kB
Node 1 Inactive:         110412 kB
Node 1 Active(anon):      20828 kB
Node 1 Inactive(anon):      340 kB
Node 1 Active(file):      20184 kB
Node 1 Inactive(file):   110072 kB
Node 1 Unevictable:       13128 kB
Node 1 Mlocked:           13128 kB
Node 1 Dirty:               256 kB
Node 1 Writeback:             0 kB
Node 1 FilePages:        133536 kB
Node 1 Mapped:            64172 kB
Node 1 AnonPages:         31068 kB
Node 1 Shmem:               480 kB
Node 1 KernelStack:        1464 kB
Node 1 PageTables:          784 kB
Node 1 NFS_Unstable:          0 kB
Node 1 Bounce:                0 kB
Node 1 WritebackTmp:          0 kB
Node 1 KReclaimable:      25020 kB
Node 1 Slab:              49632 kB
Node 1 SReclaimable:      25020 kB
Node 1 SUnreclaim:        24612 kB
Node 1 AnonHugePages:         0 kB
Node 1 ShmemHugePages:        0 kB
Node 1 ShmemPmdMapped:        0 kB
Node 1 FileHugePages:        0 kB
Node 1 FilePmdMapped:        0 kB
Node 1 HugePages_Total:     0
Node 1 HugePages_Free:      0
Node 1 HugePages_Surp:      0

Load ZFS
Node 0 MemTotal:       24743736 kB
Node 0 MemFree:        24369224 kB
Node 0 MemUsed:          374512 kB
Node 0 Active:            63968 kB
Node 0 Inactive:          23916 kB
Node 0 Active(anon):      14764 kB
Node 0 Inactive(anon):      536 kB
Node 0 Active(file):      49204 kB
Node 0 Inactive(file):    23380 kB
Node 0 Unevictable:        5396 kB
Node 0 Mlocked:            5396 kB
Node 0 Dirty:                52 kB
Node 0 Writeback:             0 kB
Node 0 FilePages:         78764 kB
Node 0 Mapped:            22904 kB
Node 0 AnonPages:         14408 kB
Node 0 Shmem:               788 kB
Node 0 KernelStack:        2280 kB
Node 0 PageTables:          672 kB
Node 0 NFS_Unstable:          0 kB
Node 0 Bounce:                0 kB
Node 0 WritebackTmp:          0 kB
Node 0 KReclaimable:      16916 kB
Node 0 Slab:              56828 kB
Node 0 SReclaimable:      16916 kB
Node 0 SUnreclaim:        39912 kB
Node 0 AnonHugePages:         0 kB
Node 0 ShmemHugePages:        0 kB
Node 0 ShmemPmdMapped:        0 kB
Node 0 FileHugePages:        0 kB
Node 0 FilePmdMapped:        0 kB
Node 0 HugePages_Total:     0
Node 0 HugePages_Free:      0
Node 0 HugePages_Surp:      0

Node 1 MemTotal:       24686196 kB
Node 1 MemFree:        24392560 kB
Node 1 MemUsed:          293636 kB
Node 1 Active:            41628 kB
Node 1 Inactive:         110684 kB
Node 1 Active(anon):      21172 kB
Node 1 Inactive(anon):      340 kB
Node 1 Active(file):      20456 kB
Node 1 Inactive(file):   110344 kB
Node 1 Unevictable:       13128 kB
Node 1 Mlocked:           13128 kB
Node 1 Dirty:               308 kB
Node 1 Writeback:             0 kB
Node 1 FilePages:        134080 kB
Node 1 Mapped:            64176 kB
Node 1 AnonPages:         31360 kB
Node 1 Shmem:               480 kB
Node 1 KernelStack:        1448 kB
Node 1 PageTables:          784 kB
Node 1 NFS_Unstable:          0 kB
Node 1 Bounce:                0 kB
Node 1 WritebackTmp:          0 kB
Node 1 KReclaimable:      25416 kB
Node 1 Slab:              51560 kB
Node 1 SReclaimable:      25416 kB
Node 1 SUnreclaim:        26144 kB
Node 1 AnonHugePages:         0 kB
Node 1 ShmemHugePages:        0 kB
Node 1 ShmemPmdMapped:        0 kB
Node 1 FileHugePages:        0 kB
Node 1 FilePmdMapped:        0 kB
Node 1 HugePages_Total:     0
Node 1 HugePages_Free:      0
Node 1 HugePages_Surp:      0

Import tank ZPool
Node 0 MemTotal:       24743736 kB
Node 0 MemFree:        24353188 kB
Node 0 MemUsed:          390548 kB
Node 0 Active:            62260 kB
Node 0 Inactive:          25004 kB
Node 0 Active(anon):      12588 kB
Node 0 Inactive(anon):      540 kB
Node 0 Active(file):      49672 kB
Node 0 Inactive(file):    24464 kB
Node 0 Unevictable:        5396 kB
Node 0 Mlocked:            5396 kB
Node 0 Dirty:                76 kB
Node 0 Writeback:             0 kB
Node 0 FilePages:         80320 kB
Node 0 Mapped:            22896 kB
Node 0 AnonPages:         11976 kB
Node 0 Shmem:               788 kB
Node 0 KernelStack:        3352 kB
Node 0 PageTables:          536 kB
Node 0 NFS_Unstable:          0 kB
Node 0 Bounce:                0 kB
Node 0 WritebackTmp:          0 kB
Node 0 KReclaimable:      17072 kB
Node 0 Slab:              64032 kB
Node 0 SReclaimable:      17072 kB
Node 0 SUnreclaim:        46960 kB
Node 0 AnonHugePages:         0 kB
Node 0 ShmemHugePages:        0 kB
Node 0 ShmemPmdMapped:        0 kB
Node 0 FileHugePages:        0 kB
Node 0 FilePmdMapped:        0 kB
Node 0 HugePages_Total:     0
Node 0 HugePages_Free:      0
Node 0 HugePages_Surp:      0

Node 1 MemTotal:       24686196 kB
Node 1 MemFree:        24393820 kB
Node 1 MemUsed:          292376 kB
Node 1 Active:            41272 kB
Node 1 Inactive:         110684 kB
Node 1 Active(anon):      20816 kB
Node 1 Inactive(anon):      340 kB
Node 1 Active(file):      20456 kB
Node 1 Inactive(file):   110344 kB
Node 1 Unevictable:       13128 kB
Node 1 Mlocked:           13128 kB
Node 1 Dirty:               240 kB
Node 1 Writeback:             0 kB
Node 1 FilePages:        134080 kB
Node 1 Mapped:            64252 kB
Node 1 AnonPages:         31004 kB
Node 1 Shmem:               480 kB
Node 1 KernelStack:        1432 kB
Node 1 PageTables:          784 kB
Node 1 NFS_Unstable:          0 kB
Node 1 Bounce:                0 kB
Node 1 WritebackTmp:          0 kB
Node 1 KReclaimable:      25416 kB
Node 1 Slab:              51616 kB
Node 1 SReclaimable:      25416 kB
Node 1 SUnreclaim:        26200 kB
Node 1 AnonHugePages:         0 kB
Node 1 ShmemHugePages:        0 kB
Node 1 ShmemPmdMapped:        0 kB
Node 1 FileHugePages:        0 kB
Node 1 FilePmdMapped:        0 kB
Node 1 HugePages_Total:     0
Node 1 HugePages_Free:      0
Node 1 HugePages_Surp:      0

After Test
Node 0 MemTotal:       24743736 kB
Node 0 MemFree:        24351396 kB
Node 0 MemUsed:          392340 kB
Node 0 Active:            62064 kB
Node 0 Inactive:          24676 kB
Node 0 Active(anon):      12060 kB
Node 0 Inactive(anon):      540 kB
Node 0 Active(file):      50004 kB
Node 0 Inactive(file):    24136 kB
Node 0 Unevictable:        5396 kB
Node 0 Mlocked:            5396 kB
Node 0 Dirty:                76 kB
Node 0 Writeback:             0 kB
Node 0 FilePages:         80320 kB
Node 0 Mapped:            22704 kB
Node 0 AnonPages:         11848 kB
Node 0 Shmem:               788 kB
Node 0 KernelStack:        3304 kB
Node 0 PageTables:          472 kB
Node 0 NFS_Unstable:          0 kB
Node 0 Bounce:                0 kB
Node 0 WritebackTmp:          0 kB
Node 0 KReclaimable:      17072 kB
Node 0 Slab:              64100 kB
Node 0 SReclaimable:      17072 kB
Node 0 SUnreclaim:        47028 kB
Node 0 AnonHugePages:         0 kB
Node 0 ShmemHugePages:        0 kB
Node 0 ShmemPmdMapped:        0 kB
Node 0 FileHugePages:        0 kB
Node 0 FilePmdMapped:        0 kB
Node 0 HugePages_Total:     0
Node 0 HugePages_Free:      0
Node 0 HugePages_Surp:      0

Node 1 MemTotal:       24686196 kB
Node 1 MemFree:        24387648 kB
Node 1 MemUsed:          298548 kB
Node 1 Active:            42716 kB
Node 1 Inactive:         111888 kB
Node 1 Active(anon):      21204 kB
Node 1 Inactive(anon):      368 kB
Node 1 Active(file):      21512 kB
Node 1 Inactive(file):   111520 kB
Node 1 Unevictable:       13128 kB
Node 1 Mlocked:           13128 kB
Node 1 Dirty:               248 kB
Node 1 Writeback:             0 kB
Node 1 FilePages:        136356 kB
Node 1 Mapped:            64448 kB
Node 1 AnonPages:         31288 kB
Node 1 Shmem:               524 kB
Node 1 KernelStack:        1560 kB
Node 1 PageTables:          924 kB
Node 1 NFS_Unstable:          0 kB
Node 1 Bounce:                0 kB
Node 1 WritebackTmp:          0 kB
Node 1 KReclaimable:      26732 kB
Node 1 Slab:              53476 kB
Node 1 SReclaimable:      26732 kB
Node 1 SUnreclaim:        26744 kB
Node 1 AnonHugePages:         0 kB
Node 1 ShmemHugePages:        0 kB
Node 1 ShmemPmdMapped:        0 kB
Node 1 FileHugePages:        0 kB
Node 1 FilePmdMapped:        0 kB
Node 1 HugePages_Total:     0
Node 1 HugePages_Free:      0
Node 1 HugePages_Surp:      0

After Opposite Node
Node 0 MemTotal:       24743736 kB
Node 0 MemFree:        24350060 kB
Node 0 MemUsed:          393676 kB
Node 0 Active:            62228 kB
Node 0 Inactive:          24708 kB
Node 0 Active(anon):      12220 kB
Node 0 Inactive(anon):      564 kB
Node 0 Active(file):      50008 kB
Node 0 Inactive(file):    24144 kB
Node 0 Unevictable:        5396 kB
Node 0 Mlocked:            5396 kB
Node 0 Dirty:                84 kB
Node 0 Writeback:             0 kB
Node 0 FilePages:         80376 kB
Node 0 Mapped:            22748 kB
Node 0 AnonPages:         11864 kB
Node 0 Shmem:               832 kB
Node 0 KernelStack:        3336 kB
Node 0 PageTables:          584 kB
Node 0 NFS_Unstable:          0 kB
Node 0 Bounce:                0 kB
Node 0 WritebackTmp:          0 kB
Node 0 KReclaimable:      17156 kB
Node 0 Slab:              64336 kB
Node 0 SReclaimable:      17156 kB
Node 0 SUnreclaim:        47180 kB
Node 0 AnonHugePages:         0 kB
Node 0 ShmemHugePages:        0 kB
Node 0 ShmemPmdMapped:        0 kB
Node 0 FileHugePages:        0 kB
Node 0 FilePmdMapped:        0 kB
Node 0 HugePages_Total:     0
Node 0 HugePages_Free:      0
Node 0 HugePages_Surp:      0

Node 1 MemTotal:       24686196 kB
Node 1 MemFree:        24387444 kB
Node 1 MemUsed:          298752 kB
Node 1 Active:            42844 kB
Node 1 Inactive:         111696 kB
Node 1 Active(anon):      21148 kB
Node 1 Inactive(anon):      340 kB
Node 1 Active(file):      21696 kB
Node 1 Inactive(file):   111356 kB
Node 1 Unevictable:       13128 kB
Node 1 Mlocked:           13128 kB
Node 1 Dirty:               268 kB
Node 1 Writeback:             0 kB
Node 1 FilePages:        136332 kB
Node 1 Mapped:            64372 kB
Node 1 AnonPages:         31336 kB
Node 1 Shmem:               480 kB
Node 1 KernelStack:        1448 kB
Node 1 PageTables:          784 kB
Node 1 NFS_Unstable:          0 kB
Node 1 Bounce:                0 kB
Node 1 WritebackTmp:          0 kB
Node 1 KReclaimable:      26732 kB
Node 1 Slab:              53476 kB
Node 1 SReclaimable:      26732 kB
Node 1 SUnreclaim:        26744 kB
Node 1 AnonHugePages:         0 kB
Node 1 ShmemHugePages:        0 kB
Node 1 ShmemPmdMapped:        0 kB
Node 1 FileHugePages:        0 kB
Node 1 FilePmdMapped:        0 kB
Node 1 HugePages_Total:     0
Node 1 HugePages_Free:      0
Node 1 HugePages_Surp:      0

U.1.fio.512K.2.O Complete!
