U.1.fio.250M.2.O
Begin
Node 0 MemTotal:       24743736 kB
Node 0 MemFree:        24337888 kB
Node 0 MemUsed:          405848 kB
Node 0 Active:            58076 kB
Node 0 Inactive:          43248 kB
Node 0 Active(anon):      18876 kB
Node 0 Inactive(anon):      492 kB
Node 0 Active(file):      39200 kB
Node 0 Inactive(file):    42756 kB
Node 0 Unevictable:       17616 kB
Node 0 Mlocked:           17616 kB
Node 0 Dirty:               412 kB
Node 0 Writeback:             0 kB
Node 0 FilePages:         89972 kB
Node 0 Mapped:            31512 kB
Node 0 AnonPages:         29052 kB
Node 0 Shmem:               708 kB
Node 0 KernelStack:        2008 kB
Node 0 PageTables:          676 kB
Node 0 NFS_Unstable:          0 kB
Node 0 Bounce:                0 kB
Node 0 WritebackTmp:          0 kB
Node 0 KReclaimable:      19684 kB
Node 0 Slab:              62432 kB
Node 0 SReclaimable:      19684 kB
Node 0 SUnreclaim:        42748 kB
Node 0 AnonHugePages:         0 kB
Node 0 ShmemHugePages:        0 kB
Node 0 ShmemPmdMapped:        0 kB
Node 0 FileHugePages:        0 kB
Node 0 FilePmdMapped:        0 kB
Node 0 HugePages_Total:     0
Node 0 HugePages_Free:      0
Node 0 HugePages_Surp:      0

Node 1 MemTotal:       24686196 kB
Node 1 MemFree:        24493028 kB
Node 1 MemUsed:          193168 kB
Node 1 Active:            35584 kB
Node 1 Inactive:          38300 kB
Node 1 Active(anon):      14544 kB
Node 1 Inactive(anon):      372 kB
Node 1 Active(file):      21040 kB
Node 1 Inactive(file):    37928 kB
Node 1 Unevictable:         904 kB
Node 1 Mlocked:             904 kB
Node 1 Dirty:                24 kB
Node 1 Writeback:             0 kB
Node 1 FilePages:         60456 kB
Node 1 Mapped:             7700 kB
Node 1 AnonPages:         14460 kB
Node 1 Shmem:               560 kB
Node 1 KernelStack:        1592 kB
Node 1 PageTables:          424 kB
Node 1 NFS_Unstable:          0 kB
Node 1 Bounce:                0 kB
Node 1 WritebackTmp:          0 kB
Node 1 KReclaimable:      21268 kB
Node 1 Slab:              42312 kB
Node 1 SReclaimable:      21268 kB
Node 1 SUnreclaim:        21044 kB
Node 1 AnonHugePages:         0 kB
Node 1 ShmemHugePages:        0 kB
Node 1 ShmemPmdMapped:        0 kB
Node 1 FileHugePages:        0 kB
Node 1 FilePmdMapped:        0 kB
Node 1 HugePages_Total:     0
Node 1 HugePages_Free:      0
Node 1 HugePages_Surp:      0

Load ZFS
Node 0 MemTotal:       24743736 kB
Node 0 MemFree:        24333640 kB
Node 0 MemUsed:          410096 kB
Node 0 Active:            64128 kB
Node 0 Inactive:          38844 kB
Node 0 Active(anon):      19036 kB
Node 0 Inactive(anon):      492 kB
Node 0 Active(file):      45092 kB
Node 0 Inactive(file):    38352 kB
Node 0 Unevictable:       17616 kB
Node 0 Mlocked:           17616 kB
Node 0 Dirty:               464 kB
Node 0 Writeback:             0 kB
Node 0 FilePages:         91440 kB
Node 0 Mapped:            31516 kB
Node 0 AnonPages:         29008 kB
Node 0 Shmem:               708 kB
Node 0 KernelStack:        2200 kB
Node 0 PageTables:          732 kB
Node 0 NFS_Unstable:          0 kB
Node 0 Bounce:                0 kB
Node 0 WritebackTmp:          0 kB
Node 0 KReclaimable:      20104 kB
Node 0 Slab:              64144 kB
Node 0 SReclaimable:      20104 kB
Node 0 SUnreclaim:        44040 kB
Node 0 AnonHugePages:         0 kB
Node 0 ShmemHugePages:        0 kB
Node 0 ShmemPmdMapped:        0 kB
Node 0 FileHugePages:        0 kB
Node 0 FilePmdMapped:        0 kB
Node 0 HugePages_Total:     0
Node 0 HugePages_Free:      0
Node 0 HugePages_Surp:      0

Node 1 MemTotal:       24686196 kB
Node 1 MemFree:        24487588 kB
Node 1 MemUsed:          198608 kB
Node 1 Active:            40680 kB
Node 1 Inactive:          38720 kB
Node 1 Active(anon):      18984 kB
Node 1 Inactive(anon):      372 kB
Node 1 Active(file):      21696 kB
Node 1 Inactive(file):    38348 kB
Node 1 Unevictable:         904 kB
Node 1 Mlocked:             904 kB
Node 1 Dirty:                28 kB
Node 1 Writeback:             0 kB
Node 1 FilePages:         61508 kB
Node 1 Mapped:             7828 kB
Node 1 AnonPages:         18928 kB
Node 1 Shmem:               560 kB
Node 1 KernelStack:        1496 kB
Node 1 PageTables:          684 kB
Node 1 NFS_Unstable:          0 kB
Node 1 Bounce:                0 kB
Node 1 WritebackTmp:          0 kB
Node 1 KReclaimable:      21792 kB
Node 1 Slab:              44384 kB
Node 1 SReclaimable:      21792 kB
Node 1 SUnreclaim:        22592 kB
Node 1 AnonHugePages:         0 kB
Node 1 ShmemHugePages:        0 kB
Node 1 ShmemPmdMapped:        0 kB
Node 1 FileHugePages:        0 kB
Node 1 FilePmdMapped:        0 kB
Node 1 HugePages_Total:     0
Node 1 HugePages_Free:      0
Node 1 HugePages_Surp:      0

Import tank ZPool
Node 0 MemTotal:       24743736 kB
Node 0 MemFree:        24314988 kB
Node 0 MemUsed:          428748 kB
Node 0 Active:            64676 kB
Node 0 Inactive:          39932 kB
Node 0 Active(anon):      19148 kB
Node 0 Inactive(anon):      496 kB
Node 0 Active(file):      45528 kB
Node 0 Inactive(file):    39436 kB
Node 0 Unevictable:       17616 kB
Node 0 Mlocked:           17616 kB
Node 0 Dirty:               256 kB
Node 0 Writeback:             0 kB
Node 0 FilePages:         92964 kB
Node 0 Mapped:            31720 kB
Node 0 AnonPages:         29232 kB
Node 0 Shmem:               708 kB
Node 0 KernelStack:        3352 kB
Node 0 PageTables:          816 kB
Node 0 NFS_Unstable:          0 kB
Node 0 Bounce:                0 kB
Node 0 WritebackTmp:          0 kB
Node 0 KReclaimable:      20232 kB
Node 0 Slab:              71476 kB
Node 0 SReclaimable:      20232 kB
Node 0 SUnreclaim:        51244 kB
Node 0 AnonHugePages:         0 kB
Node 0 ShmemHugePages:        0 kB
Node 0 ShmemPmdMapped:        0 kB
Node 0 FileHugePages:        0 kB
Node 0 FilePmdMapped:        0 kB
Node 0 HugePages_Total:     0
Node 0 HugePages_Free:      0
Node 0 HugePages_Surp:      0

Node 1 MemTotal:       24686196 kB
Node 1 MemFree:        24489100 kB
Node 1 MemUsed:          197096 kB
Node 1 Active:            40800 kB
Node 1 Inactive:          38720 kB
Node 1 Active(anon):      19092 kB
Node 1 Inactive(anon):      372 kB
Node 1 Active(file):      21708 kB
Node 1 Inactive(file):    38348 kB
Node 1 Unevictable:         904 kB
Node 1 Mlocked:             904 kB
Node 1 Dirty:                36 kB
Node 1 Writeback:             0 kB
Node 1 FilePages:         61544 kB
Node 1 Mapped:             7724 kB
Node 1 AnonPages:         18992 kB
Node 1 Shmem:               560 kB
Node 1 KernelStack:        1496 kB
Node 1 PageTables:          684 kB
Node 1 NFS_Unstable:          0 kB
Node 1 Bounce:                0 kB
Node 1 WritebackTmp:          0 kB
Node 1 KReclaimable:      21796 kB
Node 1 Slab:              44388 kB
Node 1 SReclaimable:      21796 kB
Node 1 SUnreclaim:        22592 kB
Node 1 AnonHugePages:         0 kB
Node 1 ShmemHugePages:        0 kB
Node 1 ShmemPmdMapped:        0 kB
Node 1 FileHugePages:        0 kB
Node 1 FilePmdMapped:        0 kB
Node 1 HugePages_Total:     0
Node 1 HugePages_Free:      0
Node 1 HugePages_Surp:      0

After Test
Node 0 MemTotal:       24743736 kB
Node 0 MemFree:        24040208 kB
Node 0 MemUsed:          703528 kB
Node 0 Active:            64944 kB
Node 0 Inactive:          39676 kB
Node 0 Active(anon):      18996 kB
Node 0 Inactive(anon):      496 kB
Node 0 Active(file):      45948 kB
Node 0 Inactive(file):    39180 kB
Node 0 Unevictable:       17616 kB
Node 0 Mlocked:           17616 kB
Node 0 Dirty:               208 kB
Node 0 Writeback:             0 kB
Node 0 FilePages:         93124 kB
Node 0 Mapped:            31512 kB
Node 0 AnonPages:         29108 kB
Node 0 Shmem:               708 kB
Node 0 KernelStack:        3288 kB
Node 0 PageTables:          704 kB
Node 0 NFS_Unstable:          0 kB
Node 0 Bounce:                0 kB
Node 0 WritebackTmp:          0 kB
Node 0 KReclaimable:      20264 kB
Node 0 Slab:              72148 kB
Node 0 SReclaimable:      20264 kB
Node 0 SUnreclaim:        51884 kB
Node 0 AnonHugePages:         0 kB
Node 0 ShmemHugePages:        0 kB
Node 0 ShmemPmdMapped:        0 kB
Node 0 FileHugePages:        0 kB
Node 0 FilePmdMapped:        0 kB
Node 0 HugePages_Total:     0
Node 0 HugePages_Free:      0
Node 0 HugePages_Surp:      0

Node 1 MemTotal:       24686196 kB
Node 1 MemFree:        24232400 kB
Node 1 MemUsed:          453796 kB
Node 1 Active:            36588 kB
Node 1 Inactive:          39884 kB
Node 1 Active(anon):      13908 kB
Node 1 Inactive(anon):      396 kB
Node 1 Active(file):      22680 kB
Node 1 Inactive(file):    39488 kB
Node 1 Unevictable:         904 kB
Node 1 Mlocked:             904 kB
Node 1 Dirty:                52 kB
Node 1 Writeback:             0 kB
Node 1 FilePages:         63676 kB
Node 1 Mapped:             7672 kB
Node 1 AnonPages:         13620 kB
Node 1 Shmem:               604 kB
Node 1 KernelStack:        1400 kB
Node 1 PageTables:          436 kB
Node 1 NFS_Unstable:          0 kB
Node 1 Bounce:                0 kB
Node 1 WritebackTmp:          0 kB
Node 1 KReclaimable:      23116 kB
Node 1 Slab:              48764 kB
Node 1 SReclaimable:      23116 kB
Node 1 SUnreclaim:        25648 kB
Node 1 AnonHugePages:         0 kB
Node 1 ShmemHugePages:        0 kB
Node 1 ShmemPmdMapped:        0 kB
Node 1 FileHugePages:        0 kB
Node 1 FilePmdMapped:        0 kB
Node 1 HugePages_Total:     0
Node 1 HugePages_Free:      0
Node 1 HugePages_Surp:      0

After Opposite Node
Node 0 MemTotal:       24743736 kB
Node 0 MemFree:        24038580 kB
Node 0 MemUsed:          705156 kB
Node 0 Active:            65128 kB
Node 0 Inactive:          39696 kB
Node 0 Active(anon):      19152 kB
Node 0 Inactive(anon):      520 kB
Node 0 Active(file):      45976 kB
Node 0 Inactive(file):    39176 kB
Node 0 Unevictable:       17616 kB
Node 0 Mlocked:           17616 kB
Node 0 Dirty:               228 kB
Node 0 Writeback:             0 kB
Node 0 FilePages:         93192 kB
Node 0 Mapped:            31556 kB
Node 0 AnonPages:         29164 kB
Node 0 Shmem:               752 kB
Node 0 KernelStack:        3336 kB
Node 0 PageTables:          816 kB
Node 0 NFS_Unstable:          0 kB
Node 0 Bounce:                0 kB
Node 0 WritebackTmp:          0 kB
Node 0 KReclaimable:      20304 kB
Node 0 Slab:              72440 kB
Node 0 SReclaimable:      20304 kB
Node 0 SUnreclaim:        52136 kB
Node 0 AnonHugePages:         0 kB
Node 0 ShmemHugePages:        0 kB
Node 0 ShmemPmdMapped:        0 kB
Node 0 FileHugePages:        0 kB
Node 0 FilePmdMapped:        0 kB
Node 0 HugePages_Total:     0
Node 0 HugePages_Free:      0
Node 0 HugePages_Surp:      0

Node 1 MemTotal:       24686196 kB
Node 1 MemFree:        24232464 kB
Node 1 MemUsed:          453732 kB
Node 1 Active:            36648 kB
Node 1 Inactive:          39652 kB
Node 1 Active(anon):      13752 kB
Node 1 Inactive(anon):      372 kB
Node 1 Active(file):      22896 kB
Node 1 Inactive(file):    39280 kB
Node 1 Unevictable:         904 kB
Node 1 Mlocked:             904 kB
Node 1 Dirty:                60 kB
Node 1 Writeback:             0 kB
Node 1 FilePages:         63640 kB
Node 1 Mapped:             7860 kB
Node 1 AnonPages:         13564 kB
Node 1 Shmem:               560 kB
Node 1 KernelStack:        1384 kB
Node 1 PageTables:          324 kB
Node 1 NFS_Unstable:          0 kB
Node 1 Bounce:                0 kB
Node 1 WritebackTmp:          0 kB
Node 1 KReclaimable:      23116 kB
Node 1 Slab:              48788 kB
Node 1 SReclaimable:      23116 kB
Node 1 SUnreclaim:        25672 kB
Node 1 AnonHugePages:         0 kB
Node 1 ShmemHugePages:        0 kB
Node 1 ShmemPmdMapped:        0 kB
Node 1 FileHugePages:        0 kB
Node 1 FilePmdMapped:        0 kB
Node 1 HugePages_Total:     0
Node 1 HugePages_Free:      0
Node 1 HugePages_Surp:      0

U.1.fio.250M.2.O Complete!
