U.1.fio.0-12K.3.O
Begin
Node 0 MemTotal:       24768352 kB
Node 0 MemFree:        24489480 kB
Node 0 MemUsed:          278872 kB
Node 0 Active:            61912 kB
Node 0 Inactive:          68612 kB
Node 0 Active(anon):      14540 kB
Node 0 Inactive(anon):      472 kB
Node 0 Active(file):      47372 kB
Node 0 Inactive(file):    68140 kB
Node 0 Unevictable:        5008 kB
Node 0 Mlocked:            5008 kB
Node 0 Dirty:               144 kB
Node 0 Writeback:             0 kB
Node 0 FilePages:        121212 kB
Node 0 Mapped:            40728 kB
Node 0 AnonPages:         14460 kB
Node 0 Shmem:               668 kB
Node 0 KernelStack:        2296 kB
Node 0 PageTables:          552 kB
Node 0 NFS_Unstable:          0 kB
Node 0 Bounce:                0 kB
Node 0 WritebackTmp:          0 kB
Node 0 KReclaimable:      21808 kB
Node 0 Slab:              54872 kB
Node 0 SReclaimable:      21808 kB
Node 0 SUnreclaim:        33064 kB
Node 0 AnonHugePages:         0 kB
Node 0 ShmemHugePages:        0 kB
Node 0 ShmemPmdMapped:        0 kB
Node 0 FileHugePages:        0 kB
Node 0 FilePmdMapped:        0 kB
Node 0 HugePages_Total:     0
Node 0 HugePages_Free:      0
Node 0 HugePages_Surp:      0

Node 1 MemTotal:       24661580 kB
Node 1 MemFree:        24330020 kB
Node 1 MemUsed:          331560 kB
Node 1 Active:            32424 kB
Node 1 Inactive:          22008 kB
Node 1 Active(anon):      18644 kB
Node 1 Inactive(anon):      404 kB
Node 1 Active(file):      13780 kB
Node 1 Inactive(file):    21604 kB
Node 1 Unevictable:       13512 kB
Node 1 Mlocked:           13512 kB
Node 1 Dirty:                36 kB
Node 1 Writeback:             0 kB
Node 1 FilePages:         39180 kB
Node 1 Mapped:             8556 kB
Node 1 AnonPages:         28832 kB
Node 1 Shmem:               600 kB
Node 1 KernelStack:        1336 kB
Node 1 PageTables:          492 kB
Node 1 NFS_Unstable:          0 kB
Node 1 Bounce:                0 kB
Node 1 WritebackTmp:          0 kB
Node 1 KReclaimable:      19204 kB
Node 1 Slab:              50072 kB
Node 1 SReclaimable:      19204 kB
Node 1 SUnreclaim:        30868 kB
Node 1 AnonHugePages:         0 kB
Node 1 ShmemHugePages:        0 kB
Node 1 ShmemPmdMapped:        0 kB
Node 1 FileHugePages:        0 kB
Node 1 FilePmdMapped:        0 kB
Node 1 HugePages_Total:     0
Node 1 HugePages_Free:      0
Node 1 HugePages_Surp:      0

Load ZFS
Node 0 MemTotal:       24768352 kB
Node 0 MemFree:        24484312 kB
Node 0 MemUsed:          284040 kB
Node 0 Active:            66124 kB
Node 0 Inactive:          68644 kB
Node 0 Active(anon):      17380 kB
Node 0 Inactive(anon):      472 kB
Node 0 Active(file):      48744 kB
Node 0 Inactive(file):    68172 kB
Node 0 Unevictable:        5008 kB
Node 0 Mlocked:            5008 kB
Node 0 Dirty:               172 kB
Node 0 Writeback:             0 kB
Node 0 FilePages:        122592 kB
Node 0 Mapped:            40728 kB
Node 0 AnonPages:         17316 kB
Node 0 Shmem:               668 kB
Node 0 KernelStack:        2328 kB
Node 0 PageTables:          744 kB
Node 0 NFS_Unstable:          0 kB
Node 0 Bounce:                0 kB
Node 0 WritebackTmp:          0 kB
Node 0 KReclaimable:      22340 kB
Node 0 Slab:              57128 kB
Node 0 SReclaimable:      22340 kB
Node 0 SUnreclaim:        34788 kB
Node 0 AnonHugePages:         0 kB
Node 0 ShmemHugePages:        0 kB
Node 0 ShmemPmdMapped:        0 kB
Node 0 FileHugePages:        0 kB
Node 0 FilePmdMapped:        0 kB
Node 0 HugePages_Total:     0
Node 0 HugePages_Free:      0
Node 0 HugePages_Surp:      0

Node 1 MemTotal:       24661580 kB
Node 1 MemFree:        24326756 kB
Node 1 MemUsed:          334824 kB
Node 1 Active:            37756 kB
Node 1 Inactive:          17900 kB
Node 1 Active(anon):      18712 kB
Node 1 Inactive(anon):      404 kB
Node 1 Active(file):      19044 kB
Node 1 Inactive(file):    17496 kB
Node 1 Unevictable:       13512 kB
Node 1 Mlocked:           13512 kB
Node 1 Dirty:                44 kB
Node 1 Writeback:             0 kB
Node 1 FilePages:         40324 kB
Node 1 Mapped:             8688 kB
Node 1 AnonPages:         28724 kB
Node 1 Shmem:               600 kB
Node 1 KernelStack:        1368 kB
Node 1 PageTables:          520 kB
Node 1 NFS_Unstable:          0 kB
Node 1 Bounce:                0 kB
Node 1 WritebackTmp:          0 kB
Node 1 KReclaimable:      19668 kB
Node 1 Slab:              51844 kB
Node 1 SReclaimable:      19668 kB
Node 1 SUnreclaim:        32176 kB
Node 1 AnonHugePages:         0 kB
Node 1 ShmemHugePages:        0 kB
Node 1 ShmemPmdMapped:        0 kB
Node 1 FileHugePages:        0 kB
Node 1 FilePmdMapped:        0 kB
Node 1 HugePages_Total:     0
Node 1 HugePages_Free:      0
Node 1 HugePages_Surp:      0

Import tank ZPool
Node 0 MemTotal:       24768352 kB
Node 0 MemFree:        24473384 kB
Node 0 MemUsed:          294968 kB
Node 0 Active:            66288 kB
Node 0 Inactive:          68616 kB
Node 0 Active(anon):      17512 kB
Node 0 Inactive(anon):      472 kB
Node 0 Active(file):      48776 kB
Node 0 Inactive(file):    68144 kB
Node 0 Unevictable:        5008 kB
Node 0 Mlocked:            5008 kB
Node 0 Dirty:               200 kB
Node 0 Writeback:             0 kB
Node 0 FilePages:        122632 kB
Node 0 Mapped:            40944 kB
Node 0 AnonPages:         17348 kB
Node 0 Shmem:               664 kB
Node 0 KernelStack:        2376 kB
Node 0 PageTables:          744 kB
Node 0 NFS_Unstable:          0 kB
Node 0 Bounce:                0 kB
Node 0 WritebackTmp:          0 kB
Node 0 KReclaimable:      22340 kB
Node 0 Slab:              58024 kB
Node 0 SReclaimable:      22340 kB
Node 0 SUnreclaim:        35684 kB
Node 0 AnonHugePages:         0 kB
Node 0 ShmemHugePages:        0 kB
Node 0 ShmemPmdMapped:        0 kB
Node 0 FileHugePages:        0 kB
Node 0 FilePmdMapped:        0 kB
Node 0 HugePages_Total:     0
Node 0 HugePages_Free:      0
Node 0 HugePages_Surp:      0

Node 1 MemTotal:       24661580 kB
Node 1 MemFree:        24317052 kB
Node 1 MemUsed:          344528 kB
Node 1 Active:            38460 kB
Node 1 Inactive:          19028 kB
Node 1 Active(anon):      19108 kB
Node 1 Inactive(anon):      408 kB
Node 1 Active(file):      19352 kB
Node 1 Inactive(file):    18620 kB
Node 1 Unevictable:       13512 kB
Node 1 Mlocked:           13512 kB
Node 1 Dirty:                52 kB
Node 1 Writeback:             0 kB
Node 1 FilePages:         41764 kB
Node 1 Mapped:             8720 kB
Node 1 AnonPages:         29196 kB
Node 1 Shmem:               604 kB
Node 1 KernelStack:        2440 kB
Node 1 PageTables:          536 kB
Node 1 NFS_Unstable:          0 kB
Node 1 Bounce:                0 kB
Node 1 WritebackTmp:          0 kB
Node 1 KReclaimable:      19776 kB
Node 1 Slab:              58780 kB
Node 1 SReclaimable:      19776 kB
Node 1 SUnreclaim:        39004 kB
Node 1 AnonHugePages:         0 kB
Node 1 ShmemHugePages:        0 kB
Node 1 ShmemPmdMapped:        0 kB
Node 1 FileHugePages:        0 kB
Node 1 FilePmdMapped:        0 kB
Node 1 HugePages_Total:     0
Node 1 HugePages_Free:      0
Node 1 HugePages_Surp:      0

After Test
Node 0 MemTotal:       24768352 kB
Node 0 MemFree:        24473368 kB
Node 0 MemUsed:          294984 kB
Node 0 Active:            66396 kB
Node 0 Inactive:          68576 kB
Node 0 Active(anon):      17540 kB
Node 0 Inactive(anon):      472 kB
Node 0 Active(file):      48856 kB
Node 0 Inactive(file):    68104 kB
Node 0 Unevictable:        5008 kB
Node 0 Mlocked:            5008 kB
Node 0 Dirty:               200 kB
Node 0 Writeback:             0 kB
Node 0 FilePages:        122632 kB
Node 0 Mapped:            40728 kB
Node 0 AnonPages:         17348 kB
Node 0 Shmem:               664 kB
Node 0 KernelStack:        2376 kB
Node 0 PageTables:          744 kB
Node 0 NFS_Unstable:          0 kB
Node 0 Bounce:                0 kB
Node 0 WritebackTmp:          0 kB
Node 0 KReclaimable:      22340 kB
Node 0 Slab:              58040 kB
Node 0 SReclaimable:      22340 kB
Node 0 SUnreclaim:        35700 kB
Node 0 AnonHugePages:         0 kB
Node 0 ShmemHugePages:        0 kB
Node 0 ShmemPmdMapped:        0 kB
Node 0 FileHugePages:        0 kB
Node 0 FilePmdMapped:        0 kB
Node 0 HugePages_Total:     0
Node 0 HugePages_Free:      0
Node 0 HugePages_Surp:      0

Node 1 MemTotal:       24661580 kB
Node 1 MemFree:        24312868 kB
Node 1 MemUsed:          348712 kB
Node 1 Active:            39376 kB
Node 1 Inactive:          20020 kB
Node 1 Active(anon):      18816 kB
Node 1 Inactive(anon):      432 kB
Node 1 Active(file):      20560 kB
Node 1 Inactive(file):    19588 kB
Node 1 Unevictable:       13512 kB
Node 1 Mlocked:           13512 kB
Node 1 Dirty:                60 kB
Node 1 Writeback:             0 kB
Node 1 FilePages:         43980 kB
Node 1 Mapped:             8812 kB
Node 1 AnonPages:         28836 kB
Node 1 Shmem:               648 kB
Node 1 KernelStack:        2488 kB
Node 1 PageTables:          600 kB
Node 1 NFS_Unstable:          0 kB
Node 1 Bounce:                0 kB
Node 1 WritebackTmp:          0 kB
Node 1 KReclaimable:      21092 kB
Node 1 Slab:              60444 kB
Node 1 SReclaimable:      21092 kB
Node 1 SUnreclaim:        39352 kB
Node 1 AnonHugePages:         0 kB
Node 1 ShmemHugePages:        0 kB
Node 1 ShmemPmdMapped:        0 kB
Node 1 FileHugePages:        0 kB
Node 1 FilePmdMapped:        0 kB
Node 1 HugePages_Total:     0
Node 1 HugePages_Free:      0
Node 1 HugePages_Surp:      0

After Opposite Node
Node 0 MemTotal:       24768352 kB
Node 0 MemFree:        24470828 kB
Node 0 MemUsed:          297524 kB
Node 0 Active:            66720 kB
Node 0 Inactive:          68608 kB
Node 0 Active(anon):      17860 kB
Node 0 Inactive(anon):      496 kB
Node 0 Active(file):      48860 kB
Node 0 Inactive(file):    68112 kB
Node 0 Unevictable:        5008 kB
Node 0 Mlocked:            5008 kB
Node 0 Dirty:               208 kB
Node 0 Writeback:             0 kB
Node 0 FilePages:        122672 kB
Node 0 Mapped:            40756 kB
Node 0 AnonPages:         17524 kB
Node 0 Shmem:               692 kB
Node 0 KernelStack:        2472 kB
Node 0 PageTables:          868 kB
Node 0 NFS_Unstable:          0 kB
Node 0 Bounce:                0 kB
Node 0 WritebackTmp:          0 kB
Node 0 KReclaimable:      22372 kB
Node 0 Slab:              58188 kB
Node 0 SReclaimable:      22372 kB
Node 0 SUnreclaim:        35816 kB
Node 0 AnonHugePages:         0 kB
Node 0 ShmemHugePages:        0 kB
Node 0 ShmemPmdMapped:        0 kB
Node 0 FileHugePages:        0 kB
Node 0 FilePmdMapped:        0 kB
Node 0 HugePages_Total:     0
Node 0 HugePages_Free:      0
Node 0 HugePages_Surp:      0

Node 1 MemTotal:       24661580 kB
Node 1 MemFree:        24313184 kB
Node 1 MemUsed:          348396 kB
Node 1 Active:            39400 kB
Node 1 Inactive:          19840 kB
Node 1 Active(anon):      18664 kB
Node 1 Inactive(anon):      408 kB
Node 1 Active(file):      20736 kB
Node 1 Inactive(file):    19432 kB
Node 1 Unevictable:       13512 kB
Node 1 Mlocked:           13512 kB
Node 1 Dirty:                80 kB
Node 1 Writeback:             0 kB
Node 1 FilePages:         43956 kB
Node 1 Mapped:             8724 kB
Node 1 AnonPages:         28792 kB
Node 1 Shmem:               604 kB
Node 1 KernelStack:        2456 kB
Node 1 PageTables:          492 kB
Node 1 NFS_Unstable:          0 kB
Node 1 Bounce:                0 kB
Node 1 WritebackTmp:          0 kB
Node 1 KReclaimable:      21092 kB
Node 1 Slab:              60428 kB
Node 1 SReclaimable:      21092 kB
Node 1 SUnreclaim:        39336 kB
Node 1 AnonHugePages:         0 kB
Node 1 ShmemHugePages:        0 kB
Node 1 ShmemPmdMapped:        0 kB
Node 1 FileHugePages:        0 kB
Node 1 FilePmdMapped:        0 kB
Node 1 HugePages_Total:     0
Node 1 HugePages_Free:      0
Node 1 HugePages_Surp:      0

U.1.fio.0-12K.3.O Complete!
