U.1.fio.250M.3.O
Begin
Node 0 MemTotal:       24768352 kB
Node 0 MemFree:        24321456 kB
Node 0 MemUsed:          446896 kB
Node 0 Active:            43572 kB
Node 0 Inactive:         113852 kB
Node 0 Active(anon):      12296 kB
Node 0 Inactive(anon):      548 kB
Node 0 Active(file):      31276 kB
Node 0 Inactive(file):   113304 kB
Node 0 Unevictable:       18044 kB
Node 0 Mlocked:           18044 kB
Node 0 Dirty:                12 kB
Node 0 Writeback:             0 kB
Node 0 FilePages:        153028 kB
Node 0 Mapped:            92908 kB
Node 0 AnonPages:         22728 kB
Node 0 Shmem:               736 kB
Node 0 KernelStack:        2232 kB
Node 0 PageTables:          644 kB
Node 0 NFS_Unstable:          0 kB
Node 0 Bounce:                0 kB
Node 0 WritebackTmp:          0 kB
Node 0 KReclaimable:      17916 kB
Node 0 Slab:              50448 kB
Node 0 SReclaimable:      17916 kB
Node 0 SUnreclaim:        32532 kB
Node 0 AnonHugePages:         0 kB
Node 0 ShmemHugePages:        0 kB
Node 0 ShmemPmdMapped:        0 kB
Node 0 FileHugePages:        0 kB
Node 0 FilePmdMapped:        0 kB
Node 0 HugePages_Total:     0
Node 0 HugePages_Free:      0
Node 0 HugePages_Surp:      0

Node 1 MemTotal:       24661580 kB
Node 1 MemFree:        24418332 kB
Node 1 MemUsed:          243248 kB
Node 1 Active:            50800 kB
Node 1 Inactive:          57212 kB
Node 1 Active(anon):      21376 kB
Node 1 Inactive(anon):      340 kB
Node 1 Active(file):      29424 kB
Node 1 Inactive(file):    56872 kB
Node 1 Unevictable:         480 kB
Node 1 Mlocked:             480 kB
Node 1 Dirty:               384 kB
Node 1 Writeback:             0 kB
Node 1 FilePages:         87460 kB
Node 1 Mapped:            15892 kB
Node 1 AnonPages:         21188 kB
Node 1 Shmem:               532 kB
Node 1 KernelStack:        1368 kB
Node 1 PageTables:          648 kB
Node 1 NFS_Unstable:          0 kB
Node 1 Bounce:                0 kB
Node 1 WritebackTmp:          0 kB
Node 1 KReclaimable:      23308 kB
Node 1 Slab:              54892 kB
Node 1 SReclaimable:      23308 kB
Node 1 SUnreclaim:        31584 kB
Node 1 AnonHugePages:         0 kB
Node 1 ShmemHugePages:        0 kB
Node 1 ShmemPmdMapped:        0 kB
Node 1 FileHugePages:        0 kB
Node 1 FilePmdMapped:        0 kB
Node 1 HugePages_Total:     0
Node 1 HugePages_Free:      0
Node 1 HugePages_Surp:      0

Load ZFS
Node 0 MemTotal:       24768352 kB
Node 0 MemFree:        24450664 kB
Node 0 MemUsed:          317688 kB
Node 0 Active:            50924 kB
Node 0 Inactive:         110020 kB
Node 0 Active(anon):      14904 kB
Node 0 Inactive(anon):      548 kB
Node 0 Active(file):      36020 kB
Node 0 Inactive(file):   109472 kB
Node 0 Unevictable:       18044 kB
Node 0 Mlocked:           18044 kB
Node 0 Dirty:                32 kB
Node 0 Writeback:             0 kB
Node 0 FilePages:        153940 kB
Node 0 Mapped:            92948 kB
Node 0 AnonPages:         25152 kB
Node 0 Shmem:               736 kB
Node 0 KernelStack:        2280 kB
Node 0 PageTables:          752 kB
Node 0 NFS_Unstable:          0 kB
Node 0 Bounce:                0 kB
Node 0 WritebackTmp:          0 kB
Node 0 KReclaimable:      18360 kB
Node 0 Slab:              52256 kB
Node 0 SReclaimable:      18360 kB
Node 0 SUnreclaim:        33896 kB
Node 0 AnonHugePages:         0 kB
Node 0 ShmemHugePages:        0 kB
Node 0 ShmemPmdMapped:        0 kB
Node 0 FileHugePages:        0 kB
Node 0 FilePmdMapped:        0 kB
Node 0 HugePages_Total:     0
Node 0 HugePages_Free:      0
Node 0 HugePages_Surp:      0

Node 1 MemTotal:       24661580 kB
Node 1 MemFree:        24274600 kB
Node 1 MemUsed:          386980 kB
Node 1 Active:            57524 kB
Node 1 Inactive:          57084 kB
Node 1 Active(anon):      26216 kB
Node 1 Inactive(anon):      340 kB
Node 1 Active(file):      31308 kB
Node 1 Inactive(file):    56744 kB
Node 1 Unevictable:         480 kB
Node 1 Mlocked:             480 kB
Node 1 Dirty:               464 kB
Node 1 Writeback:             0 kB
Node 1 FilePages:         89064 kB
Node 1 Mapped:            15980 kB
Node 1 AnonPages:         25976 kB
Node 1 Shmem:               532 kB
Node 1 KernelStack:        1576 kB
Node 1 PageTables:         1176 kB
Node 1 NFS_Unstable:          0 kB
Node 1 Bounce:                0 kB
Node 1 WritebackTmp:          0 kB
Node 1 KReclaimable:      23896 kB
Node 1 Slab:              57100 kB
Node 1 SReclaimable:      23896 kB
Node 1 SUnreclaim:        33204 kB
Node 1 AnonHugePages:         0 kB
Node 1 ShmemHugePages:        0 kB
Node 1 ShmemPmdMapped:        0 kB
Node 1 FileHugePages:        0 kB
Node 1 FilePmdMapped:        0 kB
Node 1 HugePages_Total:     0
Node 1 HugePages_Free:      0
Node 1 HugePages_Surp:      0

Import tank ZPool
Node 0 MemTotal:       24768352 kB
Node 0 MemFree:        24451856 kB
Node 0 MemUsed:          316496 kB
Node 0 Active:            48492 kB
Node 0 Inactive:         109952 kB
Node 0 Active(anon):      12404 kB
Node 0 Inactive(anon):      548 kB
Node 0 Active(file):      36088 kB
Node 0 Inactive(file):   109404 kB
Node 0 Unevictable:       18044 kB
Node 0 Mlocked:           18044 kB
Node 0 Dirty:                56 kB
Node 0 Writeback:             0 kB
Node 0 FilePages:        153936 kB
Node 0 Mapped:            93200 kB
Node 0 AnonPages:         21724 kB
Node 0 Shmem:               732 kB
Node 0 KernelStack:        2264 kB
Node 0 PageTables:          716 kB
Node 0 NFS_Unstable:          0 kB
Node 0 Bounce:                0 kB
Node 0 WritebackTmp:          0 kB
Node 0 KReclaimable:      18360 kB
Node 0 Slab:              53176 kB
Node 0 SReclaimable:      18360 kB
Node 0 SUnreclaim:        34816 kB
Node 0 AnonHugePages:         0 kB
Node 0 ShmemHugePages:        0 kB
Node 0 ShmemPmdMapped:        0 kB
Node 0 FileHugePages:        0 kB
Node 0 FilePmdMapped:        0 kB
Node 0 HugePages_Total:     0
Node 0 HugePages_Free:      0
Node 0 HugePages_Surp:      0

Node 1 MemTotal:       24661580 kB
Node 1 MemFree:        24255252 kB
Node 1 MemUsed:          406328 kB
Node 1 Active:            53836 kB
Node 1 Inactive:          58200 kB
Node 1 Active(anon):      22140 kB
Node 1 Inactive(anon):      344 kB
Node 1 Active(file):      31696 kB
Node 1 Inactive(file):    57856 kB
Node 1 Unevictable:         480 kB
Node 1 Mlocked:             480 kB
Node 1 Dirty:               136 kB
Node 1 Writeback:             0 kB
Node 1 FilePages:         90568 kB
Node 1 Mapped:            16020 kB
Node 1 AnonPages:         21544 kB
Node 1 Shmem:               536 kB
Node 1 KernelStack:        2556 kB
Node 1 PageTables:         1048 kB
Node 1 NFS_Unstable:          0 kB
Node 1 Bounce:                0 kB
Node 1 WritebackTmp:          0 kB
Node 1 KReclaimable:      23996 kB
Node 1 Slab:              63616 kB
Node 1 SReclaimable:      23996 kB
Node 1 SUnreclaim:        39620 kB
Node 1 AnonHugePages:         0 kB
Node 1 ShmemHugePages:        0 kB
Node 1 ShmemPmdMapped:        0 kB
Node 1 FileHugePages:        0 kB
Node 1 FilePmdMapped:        0 kB
Node 1 HugePages_Total:     0
Node 1 HugePages_Free:      0
Node 1 HugePages_Surp:      0

After Test
Node 0 MemTotal:       24768352 kB
Node 0 MemFree:        24452296 kB
Node 0 MemUsed:          316056 kB
Node 0 Active:            47804 kB
Node 0 Inactive:         109952 kB
Node 0 Active(anon):      11716 kB
Node 0 Inactive(anon):      548 kB
Node 0 Active(file):      36088 kB
Node 0 Inactive(file):   109404 kB
Node 0 Unevictable:       18044 kB
Node 0 Mlocked:           18044 kB
Node 0 Dirty:                56 kB
Node 0 Writeback:             0 kB
Node 0 FilePages:        153936 kB
Node 0 Mapped:            92984 kB
Node 0 AnonPages:         21860 kB
Node 0 Shmem:               732 kB
Node 0 KernelStack:        2324 kB
Node 0 PageTables:          644 kB
Node 0 NFS_Unstable:          0 kB
Node 0 Bounce:                0 kB
Node 0 WritebackTmp:          0 kB
Node 0 KReclaimable:      18360 kB
Node 0 Slab:              53188 kB
Node 0 SReclaimable:      18360 kB
Node 0 SUnreclaim:        34828 kB
Node 0 AnonHugePages:         0 kB
Node 0 ShmemHugePages:        0 kB
Node 0 ShmemPmdMapped:        0 kB
Node 0 FileHugePages:        0 kB
Node 0 FilePmdMapped:        0 kB
Node 0 HugePages_Total:     0
Node 0 HugePages_Free:      0
Node 0 HugePages_Surp:      0

Node 1 MemTotal:       24661580 kB
Node 1 MemFree:        23720068 kB
Node 1 MemUsed:          941512 kB
Node 1 Active:            54032 kB
Node 1 Inactive:          59140 kB
Node 1 Active(anon):      21072 kB
Node 1 Inactive(anon):      364 kB
Node 1 Active(file):      32960 kB
Node 1 Inactive(file):    58776 kB
Node 1 Unevictable:         480 kB
Node 1 Mlocked:             480 kB
Node 1 Dirty:               144 kB
Node 1 Writeback:             0 kB
Node 1 FilePages:         92796 kB
Node 1 Mapped:            16088 kB
Node 1 AnonPages:         20876 kB
Node 1 Shmem:               580 kB
Node 1 KernelStack:        2568 kB
Node 1 PageTables:          904 kB
Node 1 NFS_Unstable:          0 kB
Node 1 Bounce:                0 kB
Node 1 WritebackTmp:          0 kB
Node 1 KReclaimable:      25280 kB
Node 1 Slab:              68648 kB
Node 1 SReclaimable:      25280 kB
Node 1 SUnreclaim:        43368 kB
Node 1 AnonHugePages:         0 kB
Node 1 ShmemHugePages:        0 kB
Node 1 ShmemPmdMapped:        0 kB
Node 1 FileHugePages:        0 kB
Node 1 FilePmdMapped:        0 kB
Node 1 HugePages_Total:     0
Node 1 HugePages_Free:      0
Node 1 HugePages_Surp:      0

After Opposite Node
Node 0 MemTotal:       24768352 kB
Node 0 MemFree:        24451584 kB
Node 0 MemUsed:          316768 kB
Node 0 Active:            47996 kB
Node 0 Inactive:         109984 kB
Node 0 Active(anon):      11904 kB
Node 0 Inactive(anon):      572 kB
Node 0 Active(file):      36092 kB
Node 0 Inactive(file):   109412 kB
Node 0 Unevictable:       18044 kB
Node 0 Mlocked:           18044 kB
Node 0 Dirty:                64 kB
Node 0 Writeback:             0 kB
Node 0 FilePages:        153988 kB
Node 0 Mapped:            93028 kB
Node 0 AnonPages:         21996 kB
Node 0 Shmem:               772 kB
Node 0 KernelStack:        2360 kB
Node 0 PageTables:          816 kB
Node 0 NFS_Unstable:          0 kB
Node 0 Bounce:                0 kB
Node 0 WritebackTmp:          0 kB
Node 0 KReclaimable:      18408 kB
Node 0 Slab:              53352 kB
Node 0 SReclaimable:      18408 kB
Node 0 SUnreclaim:        34944 kB
Node 0 AnonHugePages:         0 kB
Node 0 ShmemHugePages:        0 kB
Node 0 ShmemPmdMapped:        0 kB
Node 0 FileHugePages:        0 kB
Node 0 FilePmdMapped:        0 kB
Node 0 HugePages_Total:     0
Node 0 HugePages_Free:      0
Node 0 HugePages_Surp:      0

Node 1 MemTotal:       24661580 kB
Node 1 MemFree:        23720492 kB
Node 1 MemUsed:          941088 kB
Node 1 Active:            54108 kB
Node 1 Inactive:          58948 kB
Node 1 Active(anon):      20952 kB
Node 1 Inactive(anon):      348 kB
Node 1 Active(file):      33156 kB
Node 1 Inactive(file):    58600 kB
Node 1 Unevictable:         480 kB
Node 1 Mlocked:             480 kB
Node 1 Dirty:               164 kB
Node 1 Writeback:             0 kB
Node 1 FilePages:         92776 kB
Node 1 Mapped:            16016 kB
Node 1 AnonPages:         20760 kB
Node 1 Shmem:               540 kB
Node 1 KernelStack:        2472 kB
Node 1 PageTables:          680 kB
Node 1 NFS_Unstable:          0 kB
Node 1 Bounce:                0 kB
Node 1 WritebackTmp:          0 kB
Node 1 KReclaimable:      25320 kB
Node 1 Slab:              68880 kB
Node 1 SReclaimable:      25320 kB
Node 1 SUnreclaim:        43560 kB
Node 1 AnonHugePages:         0 kB
Node 1 ShmemHugePages:        0 kB
Node 1 ShmemPmdMapped:        0 kB
Node 1 FileHugePages:        0 kB
Node 1 FilePmdMapped:        0 kB
Node 1 HugePages_Total:     0
Node 1 HugePages_Free:      0
Node 1 HugePages_Surp:      0

U.1.fio.250M.3.O Complete!
