U.1.fio.100M.1.O
Begin
Node 0 MemTotal:       24743736 kB
Node 0 MemFree:        24425956 kB
Node 0 MemUsed:          317780 kB
Node 0 Active:            36648 kB
Node 0 Inactive:          16220 kB
Node 0 Active(anon):      21152 kB
Node 0 Inactive(anon):      368 kB
Node 0 Active(file):      15496 kB
Node 0 Inactive(file):    15852 kB
Node 0 Unevictable:        1204 kB
Node 0 Mlocked:            1204 kB
Node 0 Dirty:                12 kB
Node 0 Writeback:             0 kB
Node 0 FilePages:         33096 kB
Node 0 Mapped:             8888 kB
Node 0 AnonPages:         21016 kB
Node 0 Shmem:               532 kB
Node 0 KernelStack:        2056 kB
Node 0 PageTables:          392 kB
Node 0 NFS_Unstable:          0 kB
Node 0 Bounce:                0 kB
Node 0 WritebackTmp:          0 kB
Node 0 KReclaimable:      17328 kB
Node 0 Slab:              45116 kB
Node 0 SReclaimable:      17328 kB
Node 0 SUnreclaim:        27788 kB
Node 0 AnonHugePages:         0 kB
Node 0 ShmemHugePages:        0 kB
Node 0 ShmemPmdMapped:        0 kB
Node 0 FileHugePages:        0 kB
Node 0 FilePmdMapped:        0 kB
Node 0 HugePages_Total:     0
Node 0 HugePages_Free:      0
Node 0 HugePages_Surp:      0

Node 1 MemTotal:       24686196 kB
Node 1 MemFree:        24358764 kB
Node 1 MemUsed:          327432 kB
Node 1 Active:            58168 kB
Node 1 Inactive:         108076 kB
Node 1 Active(anon):      12604 kB
Node 1 Inactive(anon):      516 kB
Node 1 Active(file):      45564 kB
Node 1 Inactive(file):   107560 kB
Node 1 Unevictable:       17320 kB
Node 1 Mlocked:           17320 kB
Node 1 Dirty:               516 kB
Node 1 Writeback:             0 kB
Node 1 FilePages:        160856 kB
Node 1 Mapped:            65716 kB
Node 1 AnonPages:         22796 kB
Node 1 Shmem:               736 kB
Node 1 KernelStack:        1592 kB
Node 1 PageTables:          820 kB
Node 1 NFS_Unstable:          0 kB
Node 1 Bounce:                0 kB
Node 1 WritebackTmp:          0 kB
Node 1 KReclaimable:      24548 kB
Node 1 Slab:              61872 kB
Node 1 SReclaimable:      24548 kB
Node 1 SUnreclaim:        37324 kB
Node 1 AnonHugePages:         0 kB
Node 1 ShmemHugePages:        0 kB
Node 1 ShmemPmdMapped:        0 kB
Node 1 FileHugePages:        0 kB
Node 1 FilePmdMapped:        0 kB
Node 1 HugePages_Total:     0
Node 1 HugePages_Free:      0
Node 1 HugePages_Surp:      0

Load ZFS
Node 0 MemTotal:       24743736 kB
Node 0 MemFree:        24416376 kB
Node 0 MemUsed:          327360 kB
Node 0 Active:            39416 kB
Node 0 Inactive:          16644 kB
Node 0 Active(anon):      22740 kB
Node 0 Inactive(anon):      368 kB
Node 0 Active(file):      16676 kB
Node 0 Inactive(file):    16276 kB
Node 0 Unevictable:        1204 kB
Node 0 Mlocked:            1204 kB
Node 0 Dirty:                 4 kB
Node 0 Writeback:             0 kB
Node 0 FilePages:         34688 kB
Node 0 Mapped:             9032 kB
Node 0 AnonPages:         22556 kB
Node 0 Shmem:               532 kB
Node 0 KernelStack:        2088 kB
Node 0 PageTables:          504 kB
Node 0 NFS_Unstable:          0 kB
Node 0 Bounce:                0 kB
Node 0 WritebackTmp:          0 kB
Node 0 KReclaimable:      17824 kB
Node 0 Slab:              46944 kB
Node 0 SReclaimable:      17824 kB
Node 0 SUnreclaim:        29120 kB
Node 0 AnonHugePages:         0 kB
Node 0 ShmemHugePages:        0 kB
Node 0 ShmemPmdMapped:        0 kB
Node 0 FileHugePages:        0 kB
Node 0 FilePmdMapped:        0 kB
Node 0 HugePages_Total:     0
Node 0 HugePages_Free:      0
Node 0 HugePages_Surp:      0

Node 1 MemTotal:       24686196 kB
Node 1 MemFree:        24356072 kB
Node 1 MemUsed:          330124 kB
Node 1 Active:            68432 kB
Node 1 Inactive:         103608 kB
Node 1 Active(anon):      17416 kB
Node 1 Inactive(anon):      520 kB
Node 1 Active(file):      51016 kB
Node 1 Inactive(file):   103088 kB
Node 1 Unevictable:       17320 kB
Node 1 Mlocked:           17320 kB
Node 1 Dirty:               276 kB
Node 1 Writeback:             0 kB
Node 1 FilePages:        161828 kB
Node 1 Mapped:            65684 kB
Node 1 AnonPages:         27640 kB
Node 1 Shmem:               736 kB
Node 1 KernelStack:        1720 kB
Node 1 PageTables:         1072 kB
Node 1 NFS_Unstable:          0 kB
Node 1 Bounce:                0 kB
Node 1 WritebackTmp:          0 kB
Node 1 KReclaimable:      25048 kB
Node 1 Slab:              63968 kB
Node 1 SReclaimable:      25048 kB
Node 1 SUnreclaim:        38920 kB
Node 1 AnonHugePages:         0 kB
Node 1 ShmemHugePages:        0 kB
Node 1 ShmemPmdMapped:        0 kB
Node 1 FileHugePages:        0 kB
Node 1 FilePmdMapped:        0 kB
Node 1 HugePages_Total:     0
Node 1 HugePages_Free:      0
Node 1 HugePages_Surp:      0

Import tank ZPool
Node 0 MemTotal:       24743736 kB
Node 0 MemFree:        24395840 kB
Node 0 MemUsed:          347896 kB
Node 0 Active:            38376 kB
Node 0 Inactive:          17836 kB
Node 0 Active(anon):      21368 kB
Node 0 Inactive(anon):      372 kB
Node 0 Active(file):      17008 kB
Node 0 Inactive(file):    17464 kB
Node 0 Unevictable:        1204 kB
Node 0 Mlocked:            1204 kB
Node 0 Dirty:                20 kB
Node 0 Writeback:             0 kB
Node 0 FilePages:         36208 kB
Node 0 Mapped:             9164 kB
Node 0 AnonPages:         20568 kB
Node 0 Shmem:               532 kB
Node 0 KernelStack:        3176 kB
Node 0 PageTables:          540 kB
Node 0 NFS_Unstable:          0 kB
Node 0 Bounce:                0 kB
Node 0 WritebackTmp:          0 kB
Node 0 KReclaimable:      17964 kB
Node 0 Slab:              54236 kB
Node 0 SReclaimable:      17964 kB
Node 0 SUnreclaim:        36272 kB
Node 0 AnonHugePages:         0 kB
Node 0 ShmemHugePages:        0 kB
Node 0 ShmemPmdMapped:        0 kB
Node 0 FileHugePages:        0 kB
Node 0 FilePmdMapped:        0 kB
Node 0 HugePages_Total:     0
Node 0 HugePages_Free:      0
Node 0 HugePages_Surp:      0

Node 1 MemTotal:       24686196 kB
Node 1 MemFree:        24358884 kB
Node 1 MemUsed:          327312 kB
Node 1 Active:            63332 kB
Node 1 Inactive:         103564 kB
Node 1 Active(anon):      12248 kB
Node 1 Inactive(anon):      520 kB
Node 1 Active(file):      51084 kB
Node 1 Inactive(file):   103044 kB
Node 1 Unevictable:       17320 kB
Node 1 Mlocked:           17320 kB
Node 1 Dirty:               384 kB
Node 1 Writeback:             0 kB
Node 1 FilePages:        161868 kB
Node 1 Mapped:            65880 kB
Node 1 AnonPages:         22828 kB
Node 1 Shmem:               736 kB
Node 1 KernelStack:        1656 kB
Node 1 PageTables:          928 kB
Node 1 NFS_Unstable:          0 kB
Node 1 Bounce:                0 kB
Node 1 WritebackTmp:          0 kB
Node 1 KReclaimable:      25048 kB
Node 1 Slab:              64000 kB
Node 1 SReclaimable:      25048 kB
Node 1 SUnreclaim:        38952 kB
Node 1 AnonHugePages:         0 kB
Node 1 ShmemHugePages:        0 kB
Node 1 ShmemPmdMapped:        0 kB
Node 1 FileHugePages:        0 kB
Node 1 FilePmdMapped:        0 kB
Node 1 HugePages_Total:     0
Node 1 HugePages_Free:      0
Node 1 HugePages_Surp:      0

After Test
Node 0 MemTotal:       24743736 kB
Node 0 MemFree:        24285036 kB
Node 0 MemUsed:          458700 kB
Node 0 Active:            38284 kB
Node 0 Inactive:          17600 kB
Node 0 Active(anon):      20876 kB
Node 0 Inactive(anon):      372 kB
Node 0 Active(file):      17408 kB
Node 0 Inactive(file):    17228 kB
Node 0 Unevictable:        1204 kB
Node 0 Mlocked:            1204 kB
Node 0 Dirty:                20 kB
Node 0 Writeback:             0 kB
Node 0 FilePages:         36372 kB
Node 0 Mapped:             8872 kB
Node 0 AnonPages:         20716 kB
Node 0 Shmem:               532 kB
Node 0 KernelStack:        3160 kB
Node 0 PageTables:          432 kB
Node 0 NFS_Unstable:          0 kB
Node 0 Bounce:                0 kB
Node 0 WritebackTmp:          0 kB
Node 0 KReclaimable:      17964 kB
Node 0 Slab:              54336 kB
Node 0 SReclaimable:      17964 kB
Node 0 SUnreclaim:        36372 kB
Node 0 AnonHugePages:         0 kB
Node 0 ShmemHugePages:        0 kB
Node 0 ShmemPmdMapped:        0 kB
Node 0 FileHugePages:        0 kB
Node 0 FilePmdMapped:        0 kB
Node 0 HugePages_Total:     0
Node 0 HugePages_Free:      0
Node 0 HugePages_Surp:      0

Node 1 MemTotal:       24686196 kB
Node 1 MemFree:        24251284 kB
Node 1 MemUsed:          434912 kB
Node 1 Active:            64464 kB
Node 1 Inactive:         104704 kB
Node 1 Active(anon):      12412 kB
Node 1 Inactive(anon):      544 kB
Node 1 Active(file):      52052 kB
Node 1 Inactive(file):   104160 kB
Node 1 Unevictable:       17320 kB
Node 1 Mlocked:           17320 kB
Node 1 Dirty:               284 kB
Node 1 Writeback:             0 kB
Node 1 FilePages:        163980 kB
Node 1 Mapped:            65936 kB
Node 1 AnonPages:         22420 kB
Node 1 Shmem:               780 kB
Node 1 KernelStack:        1592 kB
Node 1 PageTables:          876 kB
Node 1 NFS_Unstable:          0 kB
Node 1 Bounce:                0 kB
Node 1 WritebackTmp:          0 kB
Node 1 KReclaimable:      26364 kB
Node 1 Slab:              67348 kB
Node 1 SReclaimable:      26364 kB
Node 1 SUnreclaim:        40984 kB
Node 1 AnonHugePages:         0 kB
Node 1 ShmemHugePages:        0 kB
Node 1 ShmemPmdMapped:        0 kB
Node 1 FileHugePages:        0 kB
Node 1 FilePmdMapped:        0 kB
Node 1 HugePages_Total:     0
Node 1 HugePages_Free:      0
Node 1 HugePages_Surp:      0

After Opposite Node
Node 0 MemTotal:       24743736 kB
Node 0 MemFree:        24283296 kB
Node 0 MemUsed:          460440 kB
Node 0 Active:            38064 kB
Node 0 Inactive:          18184 kB
Node 0 Active(anon):      20656 kB
Node 0 Inactive(anon):      956 kB
Node 0 Active(file):      17408 kB
Node 0 Inactive(file):    17228 kB
Node 0 Unevictable:        1204 kB
Node 0 Mlocked:            1204 kB
Node 0 Dirty:                20 kB
Node 0 Writeback:             0 kB
Node 0 FilePages:         36956 kB
Node 0 Mapped:             8900 kB
Node 0 AnonPages:         20508 kB
Node 0 Shmem:               532 kB
Node 0 KernelStack:        3216 kB
Node 0 PageTables:          432 kB
Node 0 NFS_Unstable:          0 kB
Node 0 Bounce:                0 kB
Node 0 WritebackTmp:          0 kB
Node 0 KReclaimable:      17964 kB
Node 0 Slab:              54352 kB
Node 0 SReclaimable:      17964 kB
Node 0 SUnreclaim:        36388 kB
Node 0 AnonHugePages:         0 kB
Node 0 ShmemHugePages:        0 kB
Node 0 ShmemPmdMapped:        0 kB
Node 0 FileHugePages:        0 kB
Node 0 FilePmdMapped:        0 kB
Node 0 HugePages_Total:     0
Node 0 HugePages_Free:      0
Node 0 HugePages_Surp:      0

Node 1 MemTotal:       24686196 kB
Node 1 MemFree:        24251300 kB
Node 1 MemUsed:          434896 kB
Node 1 Active:            64760 kB
Node 1 Inactive:         104716 kB
Node 1 Active(anon):      12708 kB
Node 1 Inactive(anon):      544 kB
Node 1 Active(file):      52052 kB
Node 1 Inactive(file):   104172 kB
Node 1 Unevictable:       17320 kB
Node 1 Mlocked:           17320 kB
Node 1 Dirty:               296 kB
Node 1 Writeback:             0 kB
Node 1 FilePages:        163992 kB
Node 1 Mapped:            65936 kB
Node 1 AnonPages:         22760 kB
Node 1 Shmem:               780 kB
Node 1 KernelStack:        1592 kB
Node 1 PageTables:          872 kB
Node 1 NFS_Unstable:          0 kB
Node 1 Bounce:                0 kB
Node 1 WritebackTmp:          0 kB
Node 1 KReclaimable:      26364 kB
Node 1 Slab:              67348 kB
Node 1 SReclaimable:      26364 kB
Node 1 SUnreclaim:        40984 kB
Node 1 AnonHugePages:         0 kB
Node 1 ShmemHugePages:        0 kB
Node 1 ShmemPmdMapped:        0 kB
Node 1 FileHugePages:        0 kB
Node 1 FilePmdMapped:        0 kB
Node 1 HugePages_Total:     0
Node 1 HugePages_Free:      0
Node 1 HugePages_Surp:      0

U.1.fio.100M.1.O Complete!
