U.1.fio.1M.2.O
Begin
Node 0 MemTotal:       24768352 kB
Node 0 MemFree:        24375204 kB
Node 0 MemUsed:          393148 kB
Node 0 Active:            54328 kB
Node 0 Inactive:          59040 kB
Node 0 Active(anon):      15172 kB
Node 0 Inactive(anon):      412 kB
Node 0 Active(file):      39156 kB
Node 0 Inactive(file):    58628 kB
Node 0 Unevictable:       13436 kB
Node 0 Mlocked:           13436 kB
Node 0 Dirty:               424 kB
Node 0 Writeback:             0 kB
Node 0 FilePages:        101496 kB
Node 0 Mapped:            18840 kB
Node 0 AnonPages:         25368 kB
Node 0 Shmem:               596 kB
Node 0 KernelStack:        2072 kB
Node 0 PageTables:          308 kB
Node 0 NFS_Unstable:          0 kB
Node 0 Bounce:                0 kB
Node 0 WritebackTmp:          0 kB
Node 0 KReclaimable:      16796 kB
Node 0 Slab:              44864 kB
Node 0 SReclaimable:      16796 kB
Node 0 SUnreclaim:        28068 kB
Node 0 AnonHugePages:         0 kB
Node 0 ShmemHugePages:        0 kB
Node 0 ShmemPmdMapped:        0 kB
Node 0 FileHugePages:        0 kB
Node 0 FilePmdMapped:        0 kB
Node 0 HugePages_Total:     0
Node 0 HugePages_Free:      0
Node 0 HugePages_Surp:      0

Node 1 MemTotal:       24661580 kB
Node 1 MemFree:        24407844 kB
Node 1 MemUsed:          253736 kB
Node 1 Active:            39980 kB
Node 1 Inactive:          65788 kB
Node 1 Active(anon):      18280 kB
Node 1 Inactive(anon):      460 kB
Node 1 Active(file):      21700 kB
Node 1 Inactive(file):    65328 kB
Node 1 Unevictable:        5084 kB
Node 1 Mlocked:            5084 kB
Node 1 Dirty:               104 kB
Node 1 Writeback:             0 kB
Node 1 FilePages:         92780 kB
Node 1 Mapped:            56328 kB
Node 1 AnonPages:         18096 kB
Node 1 Shmem:               672 kB
Node 1 KernelStack:        1480 kB
Node 1 PageTables:          796 kB
Node 1 NFS_Unstable:          0 kB
Node 1 Bounce:                0 kB
Node 1 WritebackTmp:          0 kB
Node 1 KReclaimable:      25060 kB
Node 1 Slab:              62888 kB
Node 1 SReclaimable:      25060 kB
Node 1 SUnreclaim:        37828 kB
Node 1 AnonHugePages:         0 kB
Node 1 ShmemHugePages:        0 kB
Node 1 ShmemPmdMapped:        0 kB
Node 1 FileHugePages:        0 kB
Node 1 FilePmdMapped:        0 kB
Node 1 HugePages_Total:     0
Node 1 HugePages_Free:      0
Node 1 HugePages_Surp:      0

Load ZFS
Node 0 MemTotal:       24768352 kB
Node 0 MemFree:        24371456 kB
Node 0 MemUsed:          396896 kB
Node 0 Active:            62280 kB
Node 0 Inactive:          54264 kB
Node 0 Active(anon):      17332 kB
Node 0 Inactive(anon):      412 kB
Node 0 Active(file):      44948 kB
Node 0 Inactive(file):    53852 kB
Node 0 Unevictable:       13436 kB
Node 0 Mlocked:           13436 kB
Node 0 Dirty:               176 kB
Node 0 Writeback:             0 kB
Node 0 FilePages:        102508 kB
Node 0 Mapped:            18848 kB
Node 0 AnonPages:         27592 kB
Node 0 Shmem:               596 kB
Node 0 KernelStack:        2168 kB
Node 0 PageTables:          408 kB
Node 0 NFS_Unstable:          0 kB
Node 0 Bounce:                0 kB
Node 0 WritebackTmp:          0 kB
Node 0 KReclaimable:      17284 kB
Node 0 Slab:              46256 kB
Node 0 SReclaimable:      17284 kB
Node 0 SUnreclaim:        28972 kB
Node 0 AnonHugePages:         0 kB
Node 0 ShmemHugePages:        0 kB
Node 0 ShmemPmdMapped:        0 kB
Node 0 FileHugePages:        0 kB
Node 0 FilePmdMapped:        0 kB
Node 0 HugePages_Total:     0
Node 0 HugePages_Free:      0
Node 0 HugePages_Surp:      0

Node 1 MemTotal:       24661580 kB
Node 1 MemFree:        24399024 kB
Node 1 MemUsed:          262556 kB
Node 1 Active:            46760 kB
Node 1 Inactive:          66464 kB
Node 1 Active(anon):      24176 kB
Node 1 Inactive(anon):      460 kB
Node 1 Active(file):      22584 kB
Node 1 Inactive(file):    66004 kB
Node 1 Unevictable:        5084 kB
Node 1 Mlocked:            5084 kB
Node 1 Dirty:               164 kB
Node 1 Writeback:             0 kB
Node 1 FilePages:         94340 kB
Node 1 Mapped:            56324 kB
Node 1 AnonPages:         24056 kB
Node 1 Shmem:               672 kB
Node 1 KernelStack:        1608 kB
Node 1 PageTables:         1264 kB
Node 1 NFS_Unstable:          0 kB
Node 1 Bounce:                0 kB
Node 1 WritebackTmp:          0 kB
Node 1 KReclaimable:      25588 kB
Node 1 Slab:              65040 kB
Node 1 SReclaimable:      25588 kB
Node 1 SUnreclaim:        39452 kB
Node 1 AnonHugePages:         0 kB
Node 1 ShmemHugePages:        0 kB
Node 1 ShmemPmdMapped:        0 kB
Node 1 FileHugePages:        0 kB
Node 1 FilePmdMapped:        0 kB
Node 1 HugePages_Total:     0
Node 1 HugePages_Free:      0
Node 1 HugePages_Surp:      0

Import tank ZPool
Node 0 MemTotal:       24768352 kB
Node 0 MemFree:        24365740 kB
Node 0 MemUsed:          402612 kB
Node 0 Active:            62764 kB
Node 0 Inactive:          55408 kB
Node 0 Active(anon):      17452 kB
Node 0 Inactive(anon):      416 kB
Node 0 Active(file):      45312 kB
Node 0 Inactive(file):    54992 kB
Node 0 Unevictable:       13436 kB
Node 0 Mlocked:           13436 kB
Node 0 Dirty:               192 kB
Node 0 Writeback:             0 kB
Node 0 FilePages:        104016 kB
Node 0 Mapped:            19116 kB
Node 0 AnonPages:         27704 kB
Node 0 Shmem:               600 kB
Node 0 KernelStack:        2184 kB
Node 0 PageTables:          476 kB
Node 0 NFS_Unstable:          0 kB
Node 0 Bounce:                0 kB
Node 0 WritebackTmp:          0 kB
Node 0 KReclaimable:      17400 kB
Node 0 Slab:              51016 kB
Node 0 SReclaimable:      17400 kB
Node 0 SUnreclaim:        33616 kB
Node 0 AnonHugePages:         0 kB
Node 0 ShmemHugePages:        0 kB
Node 0 ShmemPmdMapped:        0 kB
Node 0 FileHugePages:        0 kB
Node 0 FilePmdMapped:        0 kB
Node 0 HugePages_Total:     0
Node 0 HugePages_Free:      0
Node 0 HugePages_Surp:      0

Node 1 MemTotal:       24661580 kB
Node 1 MemFree:        24384060 kB
Node 1 MemUsed:          277520 kB
Node 1 Active:            46884 kB
Node 1 Inactive:          66468 kB
Node 1 Active(anon):      24272 kB
Node 1 Inactive(anon):      460 kB
Node 1 Active(file):      22612 kB
Node 1 Inactive(file):    66008 kB
Node 1 Unevictable:        5084 kB
Node 1 Mlocked:            5084 kB
Node 1 Dirty:               196 kB
Node 1 Writeback:             0 kB
Node 1 FilePages:         94384 kB
Node 1 Mapped:            56520 kB
Node 1 AnonPages:         24092 kB
Node 1 Shmem:               668 kB
Node 1 KernelStack:        2728 kB
Node 1 PageTables:         1264 kB
Node 1 NFS_Unstable:          0 kB
Node 1 Bounce:                0 kB
Node 1 WritebackTmp:          0 kB
Node 1 KReclaimable:      25600 kB
Node 1 Slab:              67828 kB
Node 1 SReclaimable:      25600 kB
Node 1 SUnreclaim:        42228 kB
Node 1 AnonHugePages:         0 kB
Node 1 ShmemHugePages:        0 kB
Node 1 ShmemPmdMapped:        0 kB
Node 1 FileHugePages:        0 kB
Node 1 FilePmdMapped:        0 kB
Node 1 HugePages_Total:     0
Node 1 HugePages_Free:      0
Node 1 HugePages_Surp:      0

After Test
Node 0 MemTotal:       24768352 kB
Node 0 MemFree:        24365256 kB
Node 0 MemUsed:          403096 kB
Node 0 Active:            63116 kB
Node 0 Inactive:          55132 kB
Node 0 Active(anon):      17528 kB
Node 0 Inactive(anon):      416 kB
Node 0 Active(file):      45588 kB
Node 0 Inactive(file):    54716 kB
Node 0 Unevictable:       13436 kB
Node 0 Mlocked:           13436 kB
Node 0 Dirty:                76 kB
Node 0 Writeback:             0 kB
Node 0 FilePages:        104016 kB
Node 0 Mapped:            18820 kB
Node 0 AnonPages:         27660 kB
Node 0 Shmem:               600 kB
Node 0 KernelStack:        2168 kB
Node 0 PageTables:          364 kB
Node 0 NFS_Unstable:          0 kB
Node 0 Bounce:                0 kB
Node 0 WritebackTmp:          0 kB
Node 0 KReclaimable:      17400 kB
Node 0 Slab:              51092 kB
Node 0 SReclaimable:      17400 kB
Node 0 SUnreclaim:        33692 kB
Node 0 AnonHugePages:         0 kB
Node 0 ShmemHugePages:        0 kB
Node 0 ShmemPmdMapped:        0 kB
Node 0 FileHugePages:        0 kB
Node 0 FilePmdMapped:        0 kB
Node 0 HugePages_Total:     0
Node 0 HugePages_Free:      0
Node 0 HugePages_Surp:      0

Node 1 MemTotal:       24661580 kB
Node 1 MemFree:        24372836 kB
Node 1 MemUsed:          288744 kB
Node 1 Active:            47980 kB
Node 1 Inactive:          67596 kB
Node 1 Active(anon):      24388 kB
Node 1 Inactive(anon):      484 kB
Node 1 Active(file):      23592 kB
Node 1 Inactive(file):    67112 kB
Node 1 Unevictable:        5084 kB
Node 1 Mlocked:            5084 kB
Node 1 Dirty:               204 kB
Node 1 Writeback:             0 kB
Node 1 FilePages:         96496 kB
Node 1 Mapped:            56596 kB
Node 1 AnonPages:         24072 kB
Node 1 Shmem:               712 kB
Node 1 KernelStack:        2840 kB
Node 1 PageTables:         1376 kB
Node 1 NFS_Unstable:          0 kB
Node 1 Bounce:                0 kB
Node 1 WritebackTmp:          0 kB
Node 1 KReclaimable:      26932 kB
Node 1 Slab:              69416 kB
Node 1 SReclaimable:      26932 kB
Node 1 SUnreclaim:        42484 kB
Node 1 AnonHugePages:         0 kB
Node 1 ShmemHugePages:        0 kB
Node 1 ShmemPmdMapped:        0 kB
Node 1 FileHugePages:        0 kB
Node 1 FilePmdMapped:        0 kB
Node 1 HugePages_Total:     0
Node 1 HugePages_Free:      0
Node 1 HugePages_Surp:      0

After Opposite Node
Node 0 MemTotal:       24768352 kB
Node 0 MemFree:        24363196 kB
Node 0 MemUsed:          405156 kB
Node 0 Active:            63404 kB
Node 0 Inactive:          55184 kB
Node 0 Active(anon):      17652 kB
Node 0 Inactive(anon):      444 kB
Node 0 Active(file):      45752 kB
Node 0 Inactive(file):    54740 kB
Node 0 Unevictable:       13436 kB
Node 0 Mlocked:           13436 kB
Node 0 Dirty:                96 kB
Node 0 Writeback:             0 kB
Node 0 FilePages:        104248 kB
Node 0 Mapped:            18892 kB
Node 0 AnonPages:         27724 kB
Node 0 Shmem:               644 kB
Node 0 KernelStack:        2216 kB
Node 0 PageTables:          568 kB
Node 0 NFS_Unstable:          0 kB
Node 0 Bounce:                0 kB
Node 0 WritebackTmp:          0 kB
Node 0 KReclaimable:      17448 kB
Node 0 Slab:              51372 kB
Node 0 SReclaimable:      17448 kB
Node 0 SUnreclaim:        33924 kB
Node 0 AnonHugePages:         0 kB
Node 0 ShmemHugePages:        0 kB
Node 0 ShmemPmdMapped:        0 kB
Node 0 FileHugePages:        0 kB
Node 0 FilePmdMapped:        0 kB
Node 0 HugePages_Total:     0
Node 0 HugePages_Free:      0
Node 0 HugePages_Surp:      0

Node 1 MemTotal:       24661580 kB
Node 1 MemFree:        24372924 kB
Node 1 MemUsed:          288656 kB
Node 1 Active:            48064 kB
Node 1 Inactive:          67416 kB
Node 1 Active(anon):      24308 kB
Node 1 Inactive(anon):      460 kB
Node 1 Active(file):      23756 kB
Node 1 Inactive(file):    66956 kB
Node 1 Unevictable:        5084 kB
Node 1 Mlocked:            5084 kB
Node 1 Dirty:               212 kB
Node 1 Writeback:             0 kB
Node 1 FilePages:         96460 kB
Node 1 Mapped:            56556 kB
Node 1 AnonPages:         24100 kB
Node 1 Shmem:               668 kB
Node 1 KernelStack:        2728 kB
Node 1 PageTables:         1264 kB
Node 1 NFS_Unstable:          0 kB
Node 1 Bounce:                0 kB
Node 1 WritebackTmp:          0 kB
Node 1 KReclaimable:      26936 kB
Node 1 Slab:              69388 kB
Node 1 SReclaimable:      26936 kB
Node 1 SUnreclaim:        42452 kB
Node 1 AnonHugePages:         0 kB
Node 1 ShmemHugePages:        0 kB
Node 1 ShmemPmdMapped:        0 kB
Node 1 FileHugePages:        0 kB
Node 1 FilePmdMapped:        0 kB
Node 1 HugePages_Total:     0
Node 1 HugePages_Free:      0
Node 1 HugePages_Surp:      0

U.1.fio.1M.2.O Complete!
