U.1.fio.750M.1.O
Begin
Node 0 MemTotal:       24743736 kB
Node 0 MemFree:        24390052 kB
Node 0 MemUsed:          353684 kB
Node 0 Active:            56144 kB
Node 0 Inactive:          85116 kB
Node 0 Active(anon):      13192 kB
Node 0 Inactive(anon):      420 kB
Node 0 Active(file):      42952 kB
Node 0 Inactive(file):    84696 kB
Node 0 Unevictable:       17644 kB
Node 0 Mlocked:           17644 kB
Node 0 Dirty:               180 kB
Node 0 Writeback:             0 kB
Node 0 FilePages:        135552 kB
Node 0 Mapped:            55344 kB
Node 0 AnonPages:         23444 kB
Node 0 Shmem:               584 kB
Node 0 KernelStack:        1896 kB
Node 0 PageTables:          580 kB
Node 0 NFS_Unstable:          0 kB
Node 0 Bounce:                0 kB
Node 0 WritebackTmp:          0 kB
Node 0 KReclaimable:      18984 kB
Node 0 Slab:              49852 kB
Node 0 SReclaimable:      18984 kB
Node 0 SUnreclaim:        30868 kB
Node 0 AnonHugePages:         0 kB
Node 0 ShmemHugePages:        0 kB
Node 0 ShmemPmdMapped:        0 kB
Node 0 FileHugePages:        0 kB
Node 0 FilePmdMapped:        0 kB
Node 0 HugePages_Total:     0
Node 0 HugePages_Free:      0
Node 0 HugePages_Surp:      0

Node 1 MemTotal:       24686196 kB
Node 1 MemFree:        24398612 kB
Node 1 MemUsed:          287584 kB
Node 1 Active:            39372 kB
Node 1 Inactive:          36164 kB
Node 1 Active(anon):      20528 kB
Node 1 Inactive(anon):      460 kB
Node 1 Active(file):      18844 kB
Node 1 Inactive(file):    35704 kB
Node 1 Unevictable:         876 kB
Node 1 Mlocked:             876 kB
Node 1 Dirty:               160 kB
Node 1 Writeback:             0 kB
Node 1 FilePages:         56160 kB
Node 1 Mapped:            18820 kB
Node 1 AnonPages:         20336 kB
Node 1 Shmem:               684 kB
Node 1 KernelStack:        1688 kB
Node 1 PageTables:          608 kB
Node 1 NFS_Unstable:          0 kB
Node 1 Bounce:                0 kB
Node 1 WritebackTmp:          0 kB
Node 1 KReclaimable:      22332 kB
Node 1 Slab:              55688 kB
Node 1 SReclaimable:      22332 kB
Node 1 SUnreclaim:        33356 kB
Node 1 AnonHugePages:         0 kB
Node 1 ShmemHugePages:        0 kB
Node 1 ShmemPmdMapped:        0 kB
Node 1 FileHugePages:        0 kB
Node 1 FilePmdMapped:        0 kB
Node 1 HugePages_Total:     0
Node 1 HugePages_Free:      0
Node 1 HugePages_Surp:      0

Load ZFS
Node 0 MemTotal:       24743736 kB
Node 0 MemFree:        24447520 kB
Node 0 MemUsed:          296216 kB
Node 0 Active:            61364 kB
Node 0 Inactive:          85460 kB
Node 0 Active(anon):      17792 kB
Node 0 Inactive(anon):      420 kB
Node 0 Active(file):      43572 kB
Node 0 Inactive(file):    85040 kB
Node 0 Unevictable:       17644 kB
Node 0 Mlocked:           17644 kB
Node 0 Dirty:               180 kB
Node 0 Writeback:             0 kB
Node 0 FilePages:        136516 kB
Node 0 Mapped:            55364 kB
Node 0 AnonPages:         28076 kB
Node 0 Shmem:               584 kB
Node 0 KernelStack:        2008 kB
Node 0 PageTables:          868 kB
Node 0 NFS_Unstable:          0 kB
Node 0 Bounce:                0 kB
Node 0 WritebackTmp:          0 kB
Node 0 KReclaimable:      19544 kB
Node 0 Slab:              51580 kB
Node 0 SReclaimable:      19544 kB
Node 0 SUnreclaim:        32036 kB
Node 0 AnonHugePages:         0 kB
Node 0 ShmemHugePages:        0 kB
Node 0 ShmemPmdMapped:        0 kB
Node 0 FileHugePages:        0 kB
Node 0 FilePmdMapped:        0 kB
Node 0 HugePages_Total:     0
Node 0 HugePages_Free:      0
Node 0 HugePages_Surp:      0

Node 1 MemTotal:       24686196 kB
Node 1 MemFree:        24329976 kB
Node 1 MemUsed:          356220 kB
Node 1 Active:            45844 kB
Node 1 Inactive:          31784 kB
Node 1 Active(anon):      21008 kB
Node 1 Inactive(anon):      460 kB
Node 1 Active(file):      24836 kB
Node 1 Inactive(file):    31324 kB
Node 1 Unevictable:         876 kB
Node 1 Mlocked:             876 kB
Node 1 Dirty:               184 kB
Node 1 Writeback:             0 kB
Node 1 FilePages:         57716 kB
Node 1 Mapped:            18980 kB
Node 1 AnonPages:         20676 kB
Node 1 Shmem:               684 kB
Node 1 KernelStack:        1688 kB
Node 1 PageTables:          652 kB
Node 1 NFS_Unstable:          0 kB
Node 1 Bounce:                0 kB
Node 1 WritebackTmp:          0 kB
Node 1 KReclaimable:      22744 kB
Node 1 Slab:              57708 kB
Node 1 SReclaimable:      22744 kB
Node 1 SUnreclaim:        34964 kB
Node 1 AnonHugePages:         0 kB
Node 1 ShmemHugePages:        0 kB
Node 1 ShmemPmdMapped:        0 kB
Node 1 FileHugePages:        0 kB
Node 1 FilePmdMapped:        0 kB
Node 1 HugePages_Total:     0
Node 1 HugePages_Free:      0
Node 1 HugePages_Surp:      0

Import tank ZPool
Node 0 MemTotal:       24743736 kB
Node 0 MemFree:        24445208 kB
Node 0 MemUsed:          298528 kB
Node 0 Active:            61360 kB
Node 0 Inactive:          85460 kB
Node 0 Active(anon):      17788 kB
Node 0 Inactive(anon):      420 kB
Node 0 Active(file):      43572 kB
Node 0 Inactive(file):    85040 kB
Node 0 Unevictable:       17644 kB
Node 0 Mlocked:           17644 kB
Node 0 Dirty:               188 kB
Node 0 Writeback:             0 kB
Node 0 FilePages:        136512 kB
Node 0 Mapped:            55644 kB
Node 0 AnonPages:         28076 kB
Node 0 Shmem:               580 kB
Node 0 KernelStack:        2008 kB
Node 0 PageTables:          868 kB
Node 0 NFS_Unstable:          0 kB
Node 0 Bounce:                0 kB
Node 0 WritebackTmp:          0 kB
Node 0 KReclaimable:      19544 kB
Node 0 Slab:              52444 kB
Node 0 SReclaimable:      19544 kB
Node 0 SUnreclaim:        32900 kB
Node 0 AnonHugePages:         0 kB
Node 0 ShmemHugePages:        0 kB
Node 0 ShmemPmdMapped:        0 kB
Node 0 FileHugePages:        0 kB
Node 0 FilePmdMapped:        0 kB
Node 0 HugePages_Total:     0
Node 0 HugePages_Free:      0
Node 0 HugePages_Surp:      0

Node 1 MemTotal:       24686196 kB
Node 1 MemFree:        24313152 kB
Node 1 MemUsed:          373044 kB
Node 1 Active:            46928 kB
Node 1 Inactive:          32872 kB
Node 1 Active(anon):      21616 kB
Node 1 Inactive(anon):      464 kB
Node 1 Active(file):      25312 kB
Node 1 Inactive(file):    32408 kB
Node 1 Unevictable:         876 kB
Node 1 Mlocked:             876 kB
Node 1 Dirty:               224 kB
Node 1 Writeback:             0 kB
Node 1 FilePages:         59284 kB
Node 1 Mapped:            19072 kB
Node 1 AnonPages:         21224 kB
Node 1 Shmem:               688 kB
Node 1 KernelStack:        2840 kB
Node 1 PageTables:          744 kB
Node 1 NFS_Unstable:          0 kB
Node 1 Bounce:                0 kB
Node 1 WritebackTmp:          0 kB
Node 1 KReclaimable:      22888 kB
Node 1 Slab:              64256 kB
Node 1 SReclaimable:      22888 kB
Node 1 SUnreclaim:        41368 kB
Node 1 AnonHugePages:         0 kB
Node 1 ShmemHugePages:        0 kB
Node 1 ShmemPmdMapped:        0 kB
Node 1 FileHugePages:        0 kB
Node 1 FilePmdMapped:        0 kB
Node 1 HugePages_Total:     0
Node 1 HugePages_Free:      0
Node 1 HugePages_Surp:      0

After Test
Node 0 MemTotal:       24743736 kB
Node 0 MemFree:        24299220 kB
Node 0 MemUsed:          444516 kB
Node 0 Active:            56028 kB
Node 0 Inactive:          85420 kB
Node 0 Active(anon):      12416 kB
Node 0 Inactive(anon):      420 kB
Node 0 Active(file):      43612 kB
Node 0 Inactive(file):    85000 kB
Node 0 Unevictable:       17644 kB
Node 0 Mlocked:           17644 kB
Node 0 Dirty:                 8 kB
Node 0 Writeback:             0 kB
Node 0 FilePages:        136512 kB
Node 0 Mapped:            55352 kB
Node 0 AnonPages:         22580 kB
Node 0 Shmem:               580 kB
Node 0 KernelStack:        1912 kB
Node 0 PageTables:          508 kB
Node 0 NFS_Unstable:          0 kB
Node 0 Bounce:                0 kB
Node 0 WritebackTmp:          0 kB
Node 0 KReclaimable:      19624 kB
Node 0 Slab:              53636 kB
Node 0 SReclaimable:      19624 kB
Node 0 SUnreclaim:        34012 kB
Node 0 AnonHugePages:         0 kB
Node 0 ShmemHugePages:        0 kB
Node 0 ShmemPmdMapped:        0 kB
Node 0 FileHugePages:        0 kB
Node 0 FilePmdMapped:        0 kB
Node 0 HugePages_Total:     0
Node 0 HugePages_Free:      0
Node 0 HugePages_Surp:      0

Node 1 MemTotal:       24686196 kB
Node 1 MemFree:        22865372 kB
Node 1 MemUsed:         1820824 kB
Node 1 Active:            47140 kB
Node 1 Inactive:          33828 kB
Node 1 Active(anon):      20516 kB
Node 1 Inactive(anon):      492 kB
Node 1 Active(file):      26624 kB
Node 1 Inactive(file):    33336 kB
Node 1 Unevictable:         876 kB
Node 1 Mlocked:             876 kB
Node 1 Dirty:                52 kB
Node 1 Writeback:             0 kB
Node 1 FilePages:         61564 kB
Node 1 Mapped:            19064 kB
Node 1 AnonPages:         20240 kB
Node 1 Shmem:               732 kB
Node 1 KernelStack:        2776 kB
Node 1 PageTables:          804 kB
Node 1 NFS_Unstable:          0 kB
Node 1 Bounce:                0 kB
Node 1 WritebackTmp:          0 kB
Node 1 KReclaimable:      24200 kB
Node 1 Slab:              73912 kB
Node 1 SReclaimable:      24200 kB
Node 1 SUnreclaim:        49712 kB
Node 1 AnonHugePages:         0 kB
Node 1 ShmemHugePages:        0 kB
Node 1 ShmemPmdMapped:        0 kB
Node 1 FileHugePages:        0 kB
Node 1 FilePmdMapped:        0 kB
Node 1 HugePages_Total:     0
Node 1 HugePages_Free:      0
Node 1 HugePages_Surp:      0

After Opposite Node
Node 0 MemTotal:       24743736 kB
Node 0 MemFree:        24344060 kB
Node 0 MemUsed:          399676 kB
Node 0 Active:            56188 kB
Node 0 Inactive:          85456 kB
Node 0 Active(anon):      12572 kB
Node 0 Inactive(anon):      448 kB
Node 0 Active(file):      43616 kB
Node 0 Inactive(file):    85008 kB
Node 0 Unevictable:       17644 kB
Node 0 Mlocked:           17644 kB
Node 0 Dirty:                16 kB
Node 0 Writeback:             0 kB
Node 0 FilePages:        136568 kB
Node 0 Mapped:            55396 kB
Node 0 AnonPages:         22620 kB
Node 0 Shmem:               624 kB
Node 0 KernelStack:        1928 kB
Node 0 PageTables:          628 kB
Node 0 NFS_Unstable:          0 kB
Node 0 Bounce:                0 kB
Node 0 WritebackTmp:          0 kB
Node 0 KReclaimable:      19660 kB
Node 0 Slab:              54148 kB
Node 0 SReclaimable:      19660 kB
Node 0 SUnreclaim:        34488 kB
Node 0 AnonHugePages:         0 kB
Node 0 ShmemHugePages:        0 kB
Node 0 ShmemPmdMapped:        0 kB
Node 0 FileHugePages:        0 kB
Node 0 FilePmdMapped:        0 kB
Node 0 HugePages_Total:     0
Node 0 HugePages_Free:      0
Node 0 HugePages_Surp:      0

Node 1 MemTotal:       24686196 kB
Node 1 MemFree:        22819748 kB
Node 1 MemUsed:         1866448 kB
Node 1 Active:            47160 kB
Node 1 Inactive:          33620 kB
Node 1 Active(anon):      20336 kB
Node 1 Inactive(anon):      464 kB
Node 1 Active(file):      26824 kB
Node 1 Inactive(file):    33156 kB
Node 1 Unevictable:         876 kB
Node 1 Mlocked:             876 kB
Node 1 Dirty:                72 kB
Node 1 Writeback:             0 kB
Node 1 FilePages:         61540 kB
Node 1 Mapped:            19056 kB
Node 1 AnonPages:         20112 kB
Node 1 Shmem:               688 kB
Node 1 KernelStack:        2744 kB
Node 1 PageTables:          628 kB
Node 1 NFS_Unstable:          0 kB
Node 1 Bounce:                0 kB
Node 1 WritebackTmp:          0 kB
Node 1 KReclaimable:      24200 kB
Node 1 Slab:              73644 kB
Node 1 SReclaimable:      24200 kB
Node 1 SUnreclaim:        49444 kB
Node 1 AnonHugePages:         0 kB
Node 1 ShmemHugePages:        0 kB
Node 1 ShmemPmdMapped:        0 kB
Node 1 FileHugePages:        0 kB
Node 1 FilePmdMapped:        0 kB
Node 1 HugePages_Total:     0
Node 1 HugePages_Free:      0
Node 1 HugePages_Surp:      0

U.1.fio.750M.1.O Complete!
