U.1.fio.500M.2.O
Begin
Node 0 MemTotal:       24743736 kB
Node 0 MemFree:        24486216 kB
Node 0 MemUsed:          257520 kB
Node 0 Active:            58876 kB
Node 0 Inactive:          45496 kB
Node 0 Active(anon):      19608 kB
Node 0 Inactive(anon):      332 kB
Node 0 Active(file):      39268 kB
Node 0 Inactive(file):    45164 kB
Node 0 Unevictable:        4956 kB
Node 0 Mlocked:            4956 kB
Node 0 Dirty:                44 kB
Node 0 Writeback:             0 kB
Node 0 FilePages:         90040 kB
Node 0 Mapped:            26696 kB
Node 0 AnonPages:         19468 kB
Node 0 Shmem:               504 kB
Node 0 KernelStack:        1928 kB
Node 0 PageTables:          676 kB
Node 0 NFS_Unstable:          0 kB
Node 0 Bounce:                0 kB
Node 0 WritebackTmp:          0 kB
Node 0 KReclaimable:      22632 kB
Node 0 Slab:              60460 kB
Node 0 SReclaimable:      22632 kB
Node 0 SUnreclaim:        37828 kB
Node 0 AnonHugePages:         0 kB
Node 0 ShmemHugePages:        0 kB
Node 0 ShmemPmdMapped:        0 kB
Node 0 FileHugePages:        0 kB
Node 0 FilePmdMapped:        0 kB
Node 0 HugePages_Total:     0
Node 0 HugePages_Free:      0
Node 0 HugePages_Surp:      0

Node 1 MemTotal:       24686196 kB
Node 1 MemFree:        24303124 kB
Node 1 MemUsed:          383072 kB
Node 1 Active:            37596 kB
Node 1 Inactive:          74336 kB
Node 1 Active(anon):      14196 kB
Node 1 Inactive(anon):      556 kB
Node 1 Active(file):      23400 kB
Node 1 Inactive(file):    73780 kB
Node 1 Unevictable:       13564 kB
Node 1 Mlocked:           13564 kB
Node 1 Dirty:               480 kB
Node 1 Writeback:             0 kB
Node 1 FilePages:        101184 kB
Node 1 Mapped:            45204 kB
Node 1 AnonPages:         24356 kB
Node 1 Shmem:               764 kB
Node 1 KernelStack:        1656 kB
Node 1 PageTables:          472 kB
Node 1 NFS_Unstable:          0 kB
Node 1 Bounce:                0 kB
Node 1 WritebackTmp:          0 kB
Node 1 KReclaimable:      19288 kB
Node 1 Slab:              46204 kB
Node 1 SReclaimable:      19288 kB
Node 1 SUnreclaim:        26916 kB
Node 1 AnonHugePages:         0 kB
Node 1 ShmemHugePages:        0 kB
Node 1 ShmemPmdMapped:        0 kB
Node 1 FileHugePages:        0 kB
Node 1 FilePmdMapped:        0 kB
Node 1 HugePages_Total:     0
Node 1 HugePages_Free:      0
Node 1 HugePages_Surp:      0

Load ZFS
Node 0 MemTotal:       24743736 kB
Node 0 MemFree:        24345712 kB
Node 0 MemUsed:          398024 kB
Node 0 Active:            61456 kB
Node 0 Inactive:          45460 kB
Node 0 Active(anon):      20468 kB
Node 0 Inactive(anon):      332 kB
Node 0 Active(file):      40988 kB
Node 0 Inactive(file):    45128 kB
Node 0 Unevictable:        4956 kB
Node 0 Mlocked:            4956 kB
Node 0 Dirty:                80 kB
Node 0 Writeback:             0 kB
Node 0 FilePages:         91576 kB
Node 0 Mapped:            26864 kB
Node 0 AnonPages:         20212 kB
Node 0 Shmem:               504 kB
Node 0 KernelStack:        1992 kB
Node 0 PageTables:          748 kB
Node 0 NFS_Unstable:          0 kB
Node 0 Bounce:                0 kB
Node 0 WritebackTmp:          0 kB
Node 0 KReclaimable:      23172 kB
Node 0 Slab:              62664 kB
Node 0 SReclaimable:      23172 kB
Node 0 SUnreclaim:        39492 kB
Node 0 AnonHugePages:         0 kB
Node 0 ShmemHugePages:        0 kB
Node 0 ShmemPmdMapped:        0 kB
Node 0 FileHugePages:        0 kB
Node 0 FilePmdMapped:        0 kB
Node 0 HugePages_Total:     0
Node 0 HugePages_Free:      0
Node 0 HugePages_Surp:      0

Node 1 MemTotal:       24686196 kB
Node 1 MemFree:        24432932 kB
Node 1 MemUsed:          253264 kB
Node 1 Active:            46308 kB
Node 1 Inactive:          70260 kB
Node 1 Active(anon):      17828 kB
Node 1 Inactive(anon):      556 kB
Node 1 Active(file):      28480 kB
Node 1 Inactive(file):    69704 kB
Node 1 Unevictable:       13564 kB
Node 1 Mlocked:           13564 kB
Node 1 Dirty:               272 kB
Node 1 Writeback:             0 kB
Node 1 FilePages:        102188 kB
Node 1 Mapped:            45204 kB
Node 1 AnonPages:         28008 kB
Node 1 Shmem:               764 kB
Node 1 KernelStack:        1720 kB
Node 1 PageTables:          760 kB
Node 1 NFS_Unstable:          0 kB
Node 1 Bounce:                0 kB
Node 1 WritebackTmp:          0 kB
Node 1 KReclaimable:      19708 kB
Node 1 Slab:              47220 kB
Node 1 SReclaimable:      19708 kB
Node 1 SUnreclaim:        27512 kB
Node 1 AnonHugePages:         0 kB
Node 1 ShmemHugePages:        0 kB
Node 1 ShmemPmdMapped:        0 kB
Node 1 FileHugePages:        0 kB
Node 1 FilePmdMapped:        0 kB
Node 1 HugePages_Total:     0
Node 1 HugePages_Free:      0
Node 1 HugePages_Surp:      0

Import tank ZPool
Node 0 MemTotal:       24743736 kB
Node 0 MemFree:        24326804 kB
Node 0 MemUsed:          416932 kB
Node 0 Active:            62008 kB
Node 0 Inactive:          46604 kB
Node 0 Active(anon):      20700 kB
Node 0 Inactive(anon):      336 kB
Node 0 Active(file):      41308 kB
Node 0 Inactive(file):    46268 kB
Node 0 Unevictable:        4956 kB
Node 0 Mlocked:            4956 kB
Node 0 Dirty:               100 kB
Node 0 Writeback:             0 kB
Node 0 FilePages:         93060 kB
Node 0 Mapped:            26824 kB
Node 0 AnonPages:         20176 kB
Node 0 Shmem:               504 kB
Node 0 KernelStack:        3144 kB
Node 0 PageTables:          824 kB
Node 0 NFS_Unstable:          0 kB
Node 0 Bounce:                0 kB
Node 0 WritebackTmp:          0 kB
Node 0 KReclaimable:      23304 kB
Node 0 Slab:              69500 kB
Node 0 SReclaimable:      23304 kB
Node 0 SUnreclaim:        46196 kB
Node 0 AnonHugePages:         0 kB
Node 0 ShmemHugePages:        0 kB
Node 0 ShmemPmdMapped:        0 kB
Node 0 FileHugePages:        0 kB
Node 0 FilePmdMapped:        0 kB
Node 0 HugePages_Total:     0
Node 0 HugePages_Free:      0
Node 0 HugePages_Surp:      0

Node 1 MemTotal:       24686196 kB
Node 1 MemFree:        24434192 kB
Node 1 MemUsed:          252004 kB
Node 1 Active:            46336 kB
Node 1 Inactive:          70232 kB
Node 1 Active(anon):      17828 kB
Node 1 Inactive(anon):      556 kB
Node 1 Active(file):      28508 kB
Node 1 Inactive(file):    69676 kB
Node 1 Unevictable:       13564 kB
Node 1 Mlocked:           13564 kB
Node 1 Dirty:               288 kB
Node 1 Writeback:             0 kB
Node 1 FilePages:        102188 kB
Node 1 Mapped:            45276 kB
Node 1 AnonPages:         28032 kB
Node 1 Shmem:               764 kB
Node 1 KernelStack:        1720 kB
Node 1 PageTables:          760 kB
Node 1 NFS_Unstable:          0 kB
Node 1 Bounce:                0 kB
Node 1 WritebackTmp:          0 kB
Node 1 KReclaimable:      19708 kB
Node 1 Slab:              47208 kB
Node 1 SReclaimable:      19708 kB
Node 1 SUnreclaim:        27500 kB
Node 1 AnonHugePages:         0 kB
Node 1 ShmemHugePages:        0 kB
Node 1 ShmemPmdMapped:        0 kB
Node 1 FileHugePages:        0 kB
Node 1 FilePmdMapped:        0 kB
Node 1 HugePages_Total:     0
Node 1 HugePages_Free:      0
Node 1 HugePages_Surp:      0

After Test
Node 0 MemTotal:       24743736 kB
Node 0 MemFree:        24042716 kB
Node 0 MemUsed:          701020 kB
Node 0 Active:            61224 kB
Node 0 Inactive:          46420 kB
Node 0 Active(anon):      19472 kB
Node 0 Inactive(anon):      336 kB
Node 0 Active(file):      41752 kB
Node 0 Inactive(file):    46084 kB
Node 0 Unevictable:        4956 kB
Node 0 Mlocked:            4956 kB
Node 0 Dirty:                44 kB
Node 0 Writeback:             0 kB
Node 0 FilePages:         93300 kB
Node 0 Mapped:            26704 kB
Node 0 AnonPages:         19304 kB
Node 0 Shmem:               504 kB
Node 0 KernelStack:        3124 kB
Node 0 PageTables:          720 kB
Node 0 NFS_Unstable:          0 kB
Node 0 Bounce:                0 kB
Node 0 WritebackTmp:          0 kB
Node 0 KReclaimable:      23320 kB
Node 0 Slab:              70480 kB
Node 0 SReclaimable:      23320 kB
Node 0 SUnreclaim:        47160 kB
Node 0 AnonHugePages:         0 kB
Node 0 ShmemHugePages:        0 kB
Node 0 ShmemPmdMapped:        0 kB
Node 0 FileHugePages:        0 kB
Node 0 FilePmdMapped:        0 kB
Node 0 HugePages_Total:     0
Node 0 HugePages_Free:      0
Node 0 HugePages_Surp:      0

Node 1 MemTotal:       24686196 kB
Node 1 MemFree:        23652908 kB
Node 1 MemUsed:         1033288 kB
Node 1 Active:            43028 kB
Node 1 Inactive:          71416 kB
Node 1 Active(anon):      13608 kB
Node 1 Inactive(anon):      584 kB
Node 1 Active(file):      29420 kB
Node 1 Inactive(file):    70832 kB
Node 1 Unevictable:       13564 kB
Node 1 Mlocked:           13564 kB
Node 1 Dirty:               168 kB
Node 1 Writeback:             0 kB
Node 1 FilePages:        104300 kB
Node 1 Mapped:            45448 kB
Node 1 AnonPages:         23628 kB
Node 1 Shmem:               808 kB
Node 1 KernelStack:        1640 kB
Node 1 PageTables:          564 kB
Node 1 NFS_Unstable:          0 kB
Node 1 Bounce:                0 kB
Node 1 WritebackTmp:          0 kB
Node 1 KReclaimable:      21004 kB
Node 1 Slab:              53956 kB
Node 1 SReclaimable:      21004 kB
Node 1 SUnreclaim:        32952 kB
Node 1 AnonHugePages:         0 kB
Node 1 ShmemHugePages:        0 kB
Node 1 ShmemPmdMapped:        0 kB
Node 1 FileHugePages:        0 kB
Node 1 FilePmdMapped:        0 kB
Node 1 HugePages_Total:     0
Node 1 HugePages_Free:      0
Node 1 HugePages_Surp:      0

After Opposite Node
Node 0 MemTotal:       24743736 kB
Node 0 MemFree:        24041760 kB
Node 0 MemUsed:          701976 kB
Node 0 Active:            61440 kB
Node 0 Inactive:          46444 kB
Node 0 Active(anon):      19652 kB
Node 0 Inactive(anon):      364 kB
Node 0 Active(file):      41788 kB
Node 0 Inactive(file):    46080 kB
Node 0 Unevictable:        4956 kB
Node 0 Mlocked:            4956 kB
Node 0 Dirty:                64 kB
Node 0 Writeback:             0 kB
Node 0 FilePages:         93368 kB
Node 0 Mapped:            26748 kB
Node 0 AnonPages:         19424 kB
Node 0 Shmem:               548 kB
Node 0 KernelStack:        3112 kB
Node 0 PageTables:          888 kB
Node 0 NFS_Unstable:          0 kB
Node 0 Bounce:                0 kB
Node 0 WritebackTmp:          0 kB
Node 0 KReclaimable:      23372 kB
Node 0 Slab:              70608 kB
Node 0 SReclaimable:      23372 kB
Node 0 SUnreclaim:        47236 kB
Node 0 AnonHugePages:         0 kB
Node 0 ShmemHugePages:        0 kB
Node 0 ShmemPmdMapped:        0 kB
Node 0 FileHugePages:        0 kB
Node 0 FilePmdMapped:        0 kB
Node 0 HugePages_Total:     0
Node 0 HugePages_Free:      0
Node 0 HugePages_Surp:      0

Node 1 MemTotal:       24686196 kB
Node 1 MemFree:        23653136 kB
Node 1 MemUsed:         1033060 kB
Node 1 Active:            43048 kB
Node 1 Inactive:          71232 kB
Node 1 Active(anon):      13464 kB
Node 1 Inactive(anon):      556 kB
Node 1 Active(file):      29584 kB
Node 1 Inactive(file):    70676 kB
Node 1 Unevictable:       13564 kB
Node 1 Mlocked:           13564 kB
Node 1 Dirty:               176 kB
Node 1 Writeback:             0 kB
Node 1 FilePages:        104264 kB
Node 1 Mapped:            45428 kB
Node 1 AnonPages:         23580 kB
Node 1 Shmem:               764 kB
Node 1 KernelStack:        1608 kB
Node 1 PageTables:          400 kB
Node 1 NFS_Unstable:          0 kB
Node 1 Bounce:                0 kB
Node 1 WritebackTmp:          0 kB
Node 1 KReclaimable:      21004 kB
Node 1 Slab:              53988 kB
Node 1 SReclaimable:      21004 kB
Node 1 SUnreclaim:        32984 kB
Node 1 AnonHugePages:         0 kB
Node 1 ShmemHugePages:        0 kB
Node 1 ShmemPmdMapped:        0 kB
Node 1 FileHugePages:        0 kB
Node 1 FilePmdMapped:        0 kB
Node 1 HugePages_Total:     0
Node 1 HugePages_Free:      0
Node 1 HugePages_Surp:      0

U.1.fio.500M.2.O Complete!
