kernel.numa_balancing = 1
M.0.manyfio.4G.1.O.1M
Begin
Node 0 MemTotal:       24743736 kB
Node 0 MemFree:        24338544 kB
Node 0 MemUsed:          405192 kB
Node 0 Active:            63828 kB
Node 0 Inactive:          47148 kB
Node 0 Active(anon):      18300 kB
Node 0 Inactive(anon):      596 kB
Node 0 Active(file):      45528 kB
Node 0 Inactive(file):    46552 kB
Node 0 Unevictable:       17200 kB
Node 0 Mlocked:           17200 kB
Node 0 Dirty:               320 kB
Node 0 Writeback:             0 kB
Node 0 FilePages:         99704 kB
Node 0 Mapped:            40860 kB
Node 0 AnonPages:         28468 kB
Node 0 Shmem:               756 kB
Node 0 KernelStack:        2136 kB
Node 0 PageTables:          632 kB
Node 0 NFS_Unstable:          0 kB
Node 0 Bounce:                0 kB
Node 0 WritebackTmp:          0 kB
Node 0 KReclaimable:      22116 kB
Node 0 Slab:              58232 kB
Node 0 SReclaimable:      22116 kB
Node 0 SUnreclaim:        36116 kB
Node 0 AnonHugePages:         0 kB
Node 0 ShmemHugePages:        0 kB
Node 0 ShmemPmdMapped:        0 kB
Node 0 FileHugePages:        0 kB
Node 0 FilePmdMapped:        0 kB
Node 0 HugePages_Total:     0
Node 0 HugePages_Free:      0
Node 0 HugePages_Surp:      0

Node 1 MemTotal:       24686196 kB
Node 1 MemFree:        24470216 kB
Node 1 MemUsed:          215980 kB
Node 1 Active:            31484 kB
Node 1 Inactive:          51680 kB
Node 1 Active(anon):      15720 kB
Node 1 Inactive(anon):      300 kB
Node 1 Active(file):      15764 kB
Node 1 Inactive(file):    51380 kB
Node 1 Unevictable:        1324 kB
Node 1 Mlocked:            1324 kB
Node 1 Dirty:               128 kB
Node 1 Writeback:             0 kB
Node 1 FilePages:         69440 kB
Node 1 Mapped:            11524 kB
Node 1 AnonPages:         15512 kB
Node 1 Shmem:               512 kB
Node 1 KernelStack:        1496 kB
Node 1 PageTables:          380 kB
Node 1 NFS_Unstable:          0 kB
Node 1 Bounce:                0 kB
Node 1 WritebackTmp:          0 kB
Node 1 KReclaimable:      19424 kB
Node 1 Slab:              47512 kB
Node 1 SReclaimable:      19424 kB
Node 1 SUnreclaim:        28088 kB
Node 1 AnonHugePages:         0 kB
Node 1 ShmemHugePages:        0 kB
Node 1 ShmemPmdMapped:        0 kB
Node 1 FileHugePages:        0 kB
Node 1 FilePmdMapped:        0 kB
Node 1 HugePages_Total:     0
Node 1 HugePages_Free:      0
Node 1 HugePages_Surp:      0

Load ZFS
Node 0 MemTotal:       24743736 kB
Node 0 MemFree:        24469136 kB
Node 0 MemUsed:          274600 kB
Node 0 Active:            73708 kB
Node 0 Inactive:          42808 kB
Node 0 Active(anon):      22536 kB
Node 0 Inactive(anon):      596 kB
Node 0 Active(file):      51172 kB
Node 0 Inactive(file):    42212 kB
Node 0 Unevictable:       17200 kB
Node 0 Mlocked:           17200 kB
Node 0 Dirty:               388 kB
Node 0 Writeback:             0 kB
Node 0 FilePages:        101008 kB
Node 0 Mapped:            40832 kB
Node 0 AnonPages:         32768 kB
Node 0 Shmem:               756 kB
Node 0 KernelStack:        2280 kB
Node 0 PageTables:          932 kB
Node 0 NFS_Unstable:          0 kB
Node 0 Bounce:                0 kB
Node 0 WritebackTmp:          0 kB
Node 0 KReclaimable:      22624 kB
Node 0 Slab:              59632 kB
Node 0 SReclaimable:      22624 kB
Node 0 SUnreclaim:        37008 kB
Node 0 AnonHugePages:         0 kB
Node 0 ShmemHugePages:        0 kB
Node 0 ShmemPmdMapped:        0 kB
Node 0 FileHugePages:        0 kB
Node 0 FilePmdMapped:        0 kB
Node 0 HugePages_Total:     0
Node 0 HugePages_Free:      0
Node 0 HugePages_Surp:      0

Node 1 MemTotal:       24686196 kB
Node 1 MemFree:        24329852 kB
Node 1 MemUsed:          356344 kB
Node 1 Active:            33888 kB
Node 1 Inactive:          51948 kB
Node 1 Active(anon):      16820 kB
Node 1 Inactive(anon):      304 kB
Node 1 Active(file):      17068 kB
Node 1 Inactive(file):    51644 kB
Node 1 Unevictable:        1324 kB
Node 1 Mlocked:            1324 kB
Node 1 Dirty:               128 kB
Node 1 Writeback:             0 kB
Node 1 FilePages:         70548 kB
Node 1 Mapped:            11672 kB
Node 1 AnonPages:         16812 kB
Node 1 Shmem:               512 kB
Node 1 KernelStack:        1496 kB
Node 1 PageTables:          492 kB
Node 1 NFS_Unstable:          0 kB
Node 1 Bounce:                0 kB
Node 1 WritebackTmp:          0 kB
Node 1 KReclaimable:      19928 kB
Node 1 Slab:              49988 kB
Node 1 SReclaimable:      19928 kB
Node 1 SUnreclaim:        30060 kB
Node 1 AnonHugePages:         0 kB
Node 1 ShmemHugePages:        0 kB
Node 1 ShmemPmdMapped:        0 kB
Node 1 FileHugePages:        0 kB
Node 1 FilePmdMapped:        0 kB
Node 1 HugePages_Total:     0
Node 1 HugePages_Free:      0
Node 1 HugePages_Surp:      0

Import tank ZPool
Node 0 MemTotal:       24743736 kB
Node 0 MemFree:        24470144 kB
Node 0 MemUsed:          273592 kB
Node 0 Active:            73808 kB
Node 0 Inactive:          42704 kB
Node 0 Active(anon):      22532 kB
Node 0 Inactive(anon):      596 kB
Node 0 Active(file):      51276 kB
Node 0 Inactive(file):    42108 kB
Node 0 Unevictable:       17200 kB
Node 0 Mlocked:           17200 kB
Node 0 Dirty:               192 kB
Node 0 Writeback:             0 kB
Node 0 FilePages:        101004 kB
Node 0 Mapped:            41096 kB
Node 0 AnonPages:         32772 kB
Node 0 Shmem:               752 kB
Node 0 KernelStack:        2296 kB
Node 0 PageTables:          932 kB
Node 0 NFS_Unstable:          0 kB
Node 0 Bounce:                0 kB
Node 0 WritebackTmp:          0 kB
Node 0 KReclaimable:      22624 kB
Node 0 Slab:              59624 kB
Node 0 SReclaimable:      22624 kB
Node 0 SUnreclaim:        37000 kB
Node 0 AnonHugePages:         0 kB
Node 0 ShmemHugePages:        0 kB
Node 0 ShmemPmdMapped:        0 kB
Node 0 FileHugePages:        0 kB
Node 0 FilePmdMapped:        0 kB
Node 0 HugePages_Total:     0
Node 0 HugePages_Free:      0
Node 0 HugePages_Surp:      0

Node 1 MemTotal:       24686196 kB
Node 1 MemFree:        24310476 kB
Node 1 MemUsed:          375720 kB
Node 1 Active:            34296 kB
Node 1 Inactive:          53124 kB
Node 1 Active(anon):      16892 kB
Node 1 Inactive(anon):      308 kB
Node 1 Active(file):      17404 kB
Node 1 Inactive(file):    52816 kB
Node 1 Unevictable:        1324 kB
Node 1 Mlocked:            1324 kB
Node 1 Dirty:               148 kB
Node 1 Writeback:             0 kB
Node 1 FilePages:         72084 kB
Node 1 Mapped:            11720 kB
Node 1 AnonPages:         16336 kB
Node 1 Shmem:               516 kB
Node 1 KernelStack:        2616 kB
Node 1 PageTables:          576 kB
Node 1 NFS_Unstable:          0 kB
Node 1 Bounce:                0 kB
Node 1 WritebackTmp:          0 kB
Node 1 KReclaimable:      20076 kB
Node 1 Slab:              56464 kB
Node 1 SReclaimable:      20076 kB
Node 1 SUnreclaim:        36388 kB
Node 1 AnonHugePages:         0 kB
Node 1 ShmemHugePages:        0 kB
Node 1 ShmemPmdMapped:        0 kB
Node 1 FileHugePages:        0 kB
Node 1 FilePmdMapped:        0 kB
Node 1 HugePages_Total:     0
Node 1 HugePages_Free:      0
Node 1 HugePages_Surp:      0

After Test
Node 0 MemTotal:       24743736 kB
Node 0 MemFree:        20029496 kB
Node 0 MemUsed:         4714240 kB
Node 0 Active:            69492 kB
Node 0 Inactive:          43916 kB
Node 0 Active(anon):      17456 kB
Node 0 Inactive(anon):      632 kB
Node 0 Active(file):      52036 kB
Node 0 Inactive(file):    43284 kB
Node 0 Unevictable:       17200 kB
Node 0 Mlocked:           17200 kB
Node 0 Dirty:                36 kB
Node 0 Writeback:             0 kB
Node 0 FilePages:        102984 kB
Node 0 Mapped:            41100 kB
Node 0 AnonPages:         27580 kB
Node 0 Shmem:               796 kB
Node 0 KernelStack:        2136 kB
Node 0 PageTables:          800 kB
Node 0 NFS_Unstable:          0 kB
Node 0 Bounce:                0 kB
Node 0 WritebackTmp:          0 kB
Node 0 KReclaimable:      23976 kB
Node 0 Slab:              79496 kB
Node 0 SReclaimable:      23976 kB
Node 0 SUnreclaim:        55520 kB
Node 0 AnonHugePages:         0 kB
Node 0 ShmemHugePages:        0 kB
Node 0 ShmemPmdMapped:        0 kB
Node 0 FileHugePages:        0 kB
Node 0 FilePmdMapped:        0 kB
Node 0 HugePages_Total:     0
Node 0 HugePages_Free:      0
Node 0 HugePages_Surp:      0

Node 1 MemTotal:       24686196 kB
Node 1 MemFree:        23710408 kB
Node 1 MemUsed:          975788 kB
Node 1 Active:            33704 kB
Node 1 Inactive:          52896 kB
Node 1 Active(anon):      15732 kB
Node 1 Inactive(anon):      308 kB
Node 1 Active(file):      17972 kB
Node 1 Inactive(file):    52588 kB
Node 1 Unevictable:        1324 kB
Node 1 Mlocked:            1324 kB
Node 1 Dirty:                 0 kB
Node 1 Writeback:             0 kB
Node 1 FilePages:         72400 kB
Node 1 Mapped:            11512 kB
Node 1 AnonPages:         15524 kB
Node 1 Shmem:               516 kB
Node 1 KernelStack:        2552 kB
Node 1 PageTables:          428 kB
Node 1 NFS_Unstable:          0 kB
Node 1 Bounce:                0 kB
Node 1 WritebackTmp:          0 kB
Node 1 KReclaimable:      20120 kB
Node 1 Slab:              58988 kB
Node 1 SReclaimable:      20120 kB
Node 1 SUnreclaim:        38868 kB
Node 1 AnonHugePages:         0 kB
Node 1 ShmemHugePages:        0 kB
Node 1 ShmemPmdMapped:        0 kB
Node 1 FileHugePages:        0 kB
Node 1 FilePmdMapped:        0 kB
Node 1 HugePages_Total:     0
Node 1 HugePages_Free:      0
Node 1 HugePages_Surp:      0

After Opposite Node
Node 0 MemTotal:       24743736 kB
Node 0 MemFree:        20033612 kB
Node 0 MemUsed:         4710124 kB
Node 0 Active:            69380 kB
Node 0 Inactive:          43696 kB
Node 0 Active(anon):      17136 kB
Node 0 Inactive(anon):      596 kB
Node 0 Active(file):      52244 kB
Node 0 Inactive(file):    43100 kB
Node 0 Unevictable:       17200 kB
Node 0 Mlocked:           17200 kB
Node 0 Dirty:                68 kB
Node 0 Writeback:             0 kB
Node 0 FilePages:        102964 kB
Node 0 Mapped:            41236 kB
Node 0 AnonPages:         27308 kB
Node 0 Shmem:               752 kB
Node 0 KernelStack:        2088 kB
Node 0 PageTables:          608 kB
Node 0 NFS_Unstable:          0 kB
Node 0 Bounce:                0 kB
Node 0 WritebackTmp:          0 kB
Node 0 KReclaimable:      23976 kB
Node 0 Slab:              78508 kB
Node 0 SReclaimable:      23976 kB
Node 0 SUnreclaim:        54532 kB
Node 0 AnonHugePages:         0 kB
Node 0 ShmemHugePages:        0 kB
Node 0 ShmemPmdMapped:        0 kB
Node 0 FileHugePages:        0 kB
Node 0 FilePmdMapped:        0 kB
Node 0 HugePages_Total:     0
Node 0 HugePages_Free:      0
Node 0 HugePages_Surp:      0

Node 1 MemTotal:       24686196 kB
Node 1 MemFree:        23708888 kB
Node 1 MemUsed:          977308 kB
Node 1 Active:            33984 kB
Node 1 Inactive:          52964 kB
Node 1 Active(anon):      15984 kB
Node 1 Inactive(anon):      360 kB
Node 1 Active(file):      18000 kB
Node 1 Inactive(file):    52604 kB
Node 1 Unevictable:        1324 kB
Node 1 Mlocked:            1324 kB
Node 1 Dirty:                52 kB
Node 1 Writeback:             0 kB
Node 1 FilePages:         72532 kB
Node 1 Mapped:            11600 kB
Node 1 AnonPages:         15576 kB
Node 1 Shmem:               604 kB
Node 1 KernelStack:        2616 kB
Node 1 PageTables:          692 kB
Node 1 NFS_Unstable:          0 kB
Node 1 Bounce:                0 kB
Node 1 WritebackTmp:          0 kB
Node 1 KReclaimable:      20236 kB
Node 1 Slab:              60792 kB
Node 1 SReclaimable:      20236 kB
Node 1 SUnreclaim:        40556 kB
Node 1 AnonHugePages:         0 kB
Node 1 ShmemHugePages:        0 kB
Node 1 ShmemPmdMapped:        0 kB
Node 1 FileHugePages:        0 kB
Node 1 FilePmdMapped:        0 kB
Node 1 HugePages_Total:     0
Node 1 HugePages_Free:      0
Node 1 HugePages_Surp:      0

M.0.manyfio.4G.1.O.1M Complete!
