kernel.numa_balancing = 1
5 Tests Remaining!
M.0.manyfio.250M.1.O.1M
Begin
Node 0 MemTotal:       24743736 kB
Node 0 MemFree:        24336628 kB
Node 0 MemUsed:          407108 kB
Node 0 Active:            75688 kB
Node 0 Inactive:          35056 kB
Node 0 Active(anon):      25544 kB
Node 0 Inactive(anon):      412 kB
Node 0 Active(file):      50144 kB
Node 0 Inactive(file):    34644 kB
Node 0 Unevictable:       18144 kB
Node 0 Mlocked:           18144 kB
Node 0 Dirty:                80 kB
Node 0 Writeback:             0 kB
Node 0 FilePages:         93260 kB
Node 0 Mapped:            28388 kB
Node 0 AnonPages:         35600 kB
Node 0 Shmem:               656 kB
Node 0 KernelStack:        2104 kB
Node 0 PageTables:          724 kB
Node 0 NFS_Unstable:          0 kB
Node 0 Bounce:                0 kB
Node 0 WritebackTmp:          0 kB
Node 0 KReclaimable:      22772 kB
Node 0 Slab:              62188 kB
Node 0 SReclaimable:      22772 kB
Node 0 SUnreclaim:        39416 kB
Node 0 AnonHugePages:         0 kB
Node 0 ShmemHugePages:        0 kB
Node 0 ShmemPmdMapped:        0 kB
Node 0 FileHugePages:        0 kB
Node 0 FilePmdMapped:        0 kB
Node 0 HugePages_Total:     0
Node 0 HugePages_Free:      0
Node 0 HugePages_Surp:      0

Node 1 MemTotal:       24686196 kB
Node 1 MemFree:        24470756 kB
Node 1 MemUsed:          215440 kB
Node 1 Active:            21436 kB
Node 1 Inactive:          67136 kB
Node 1 Active(anon):       8720 kB
Node 1 Inactive(anon):      456 kB
Node 1 Active(file):      12716 kB
Node 1 Inactive(file):    66680 kB
Node 1 Unevictable:         376 kB
Node 1 Mlocked:             376 kB
Node 1 Dirty:               448 kB
Node 1 Writeback:             0 kB
Node 1 FilePages:         80384 kB
Node 1 Mapped:            22804 kB
Node 1 AnonPages:          8700 kB
Node 1 Shmem:               612 kB
Node 1 KernelStack:        1720 kB
Node 1 PageTables:          524 kB
Node 1 NFS_Unstable:          0 kB
Node 1 Bounce:                0 kB
Node 1 WritebackTmp:          0 kB
Node 1 KReclaimable:      19428 kB
Node 1 Slab:              44376 kB
Node 1 SReclaimable:      19428 kB
Node 1 SUnreclaim:        24948 kB
Node 1 AnonHugePages:         0 kB
Node 1 ShmemHugePages:        0 kB
Node 1 ShmemPmdMapped:        0 kB
Node 1 FileHugePages:        0 kB
Node 1 FilePmdMapped:        0 kB
Node 1 HugePages_Total:     0
Node 1 HugePages_Free:      0
Node 1 HugePages_Surp:      0

Load ZFS
Node 0 MemTotal:       24743736 kB
Node 0 MemFree:        24332252 kB
Node 0 MemUsed:          411484 kB
Node 0 Active:            81608 kB
Node 0 Inactive:          30568 kB
Node 0 Active(anon):      25176 kB
Node 0 Inactive(anon):      412 kB
Node 0 Active(file):      56432 kB
Node 0 Inactive(file):    30156 kB
Node 0 Unevictable:       18144 kB
Node 0 Mlocked:           18144 kB
Node 0 Dirty:                64 kB
Node 0 Writeback:             0 kB
Node 0 FilePages:         95060 kB
Node 0 Mapped:            28384 kB
Node 0 AnonPages:         35176 kB
Node 0 Shmem:               656 kB
Node 0 KernelStack:        1976 kB
Node 0 PageTables:          612 kB
Node 0 NFS_Unstable:          0 kB
Node 0 Bounce:                0 kB
Node 0 WritebackTmp:          0 kB
Node 0 KReclaimable:      23024 kB
Node 0 Slab:              62920 kB
Node 0 SReclaimable:      23024 kB
Node 0 SUnreclaim:        39896 kB
Node 0 AnonHugePages:         0 kB
Node 0 ShmemHugePages:        0 kB
Node 0 ShmemPmdMapped:        0 kB
Node 0 FileHugePages:        0 kB
Node 0 FilePmdMapped:        0 kB
Node 0 HugePages_Total:     0
Node 0 HugePages_Free:      0
Node 0 HugePages_Surp:      0

Node 1 MemTotal:       24686196 kB
Node 1 MemFree:        24465192 kB
Node 1 MemUsed:          221004 kB
Node 1 Active:            24152 kB
Node 1 Inactive:          67512 kB
Node 1 Active(anon):      11060 kB
Node 1 Inactive(anon):      456 kB
Node 1 Active(file):      13092 kB
Node 1 Inactive(file):    67056 kB
Node 1 Unevictable:         376 kB
Node 1 Mlocked:             376 kB
Node 1 Dirty:               252 kB
Node 1 Writeback:             0 kB
Node 1 FilePages:         81136 kB
Node 1 Mapped:            22804 kB
Node 1 AnonPages:         11008 kB
Node 1 Shmem:               612 kB
Node 1 KernelStack:        1720 kB
Node 1 PageTables:          640 kB
Node 1 NFS_Unstable:          0 kB
Node 1 Bounce:                0 kB
Node 1 WritebackTmp:          0 kB
Node 1 KReclaimable:      19820 kB
Node 1 Slab:              46264 kB
Node 1 SReclaimable:      19820 kB
Node 1 SUnreclaim:        26444 kB
Node 1 AnonHugePages:         0 kB
Node 1 ShmemHugePages:        0 kB
Node 1 ShmemPmdMapped:        0 kB
Node 1 FileHugePages:        0 kB
Node 1 FilePmdMapped:        0 kB
Node 1 HugePages_Total:     0
Node 1 HugePages_Free:      0
Node 1 HugePages_Surp:      0

Import tank ZPool
Node 0 MemTotal:       24743736 kB
Node 0 MemFree:        24325600 kB
Node 0 MemUsed:          418136 kB
Node 0 Active:            82124 kB
Node 0 Inactive:          31744 kB
Node 0 Active(anon):      25324 kB
Node 0 Inactive(anon):      416 kB
Node 0 Active(file):      56800 kB
Node 0 Inactive(file):    31328 kB
Node 0 Unevictable:       18144 kB
Node 0 Mlocked:           18144 kB
Node 0 Dirty:                68 kB
Node 0 Writeback:             0 kB
Node 0 FilePages:         96600 kB
Node 0 Mapped:            28344 kB
Node 0 AnonPages:         35528 kB
Node 0 Shmem:               656 kB
Node 0 KernelStack:        1992 kB
Node 0 PageTables:          700 kB
Node 0 NFS_Unstable:          0 kB
Node 0 Bounce:                0 kB
Node 0 WritebackTmp:          0 kB
Node 0 KReclaimable:      23144 kB
Node 0 Slab:              68204 kB
Node 0 SReclaimable:      23144 kB
Node 0 SUnreclaim:        45060 kB
Node 0 AnonHugePages:         0 kB
Node 0 ShmemHugePages:        0 kB
Node 0 ShmemPmdMapped:        0 kB
Node 0 FileHugePages:        0 kB
Node 0 FilePmdMapped:        0 kB
Node 0 HugePages_Total:     0
Node 0 HugePages_Free:      0
Node 0 HugePages_Surp:      0

Node 1 MemTotal:       24686196 kB
Node 1 MemFree:        24452176 kB
Node 1 MemUsed:          234020 kB
Node 1 Active:            21144 kB
Node 1 Inactive:          67516 kB
Node 1 Active(anon):       8016 kB
Node 1 Inactive(anon):      456 kB
Node 1 Active(file):      13128 kB
Node 1 Inactive(file):    67060 kB
Node 1 Unevictable:         376 kB
Node 1 Mlocked:             376 kB
Node 1 Dirty:               224 kB
Node 1 Writeback:             0 kB
Node 1 FilePages:         81184 kB
Node 1 Mapped:            22856 kB
Node 1 AnonPages:          7860 kB
Node 1 Shmem:               612 kB
Node 1 KernelStack:        2728 kB
Node 1 PageTables:          444 kB
Node 1 NFS_Unstable:          0 kB
Node 1 Bounce:                0 kB
Node 1 WritebackTmp:          0 kB
Node 1 KReclaimable:      19824 kB
Node 1 Slab:              48772 kB
Node 1 SReclaimable:      19824 kB
Node 1 SUnreclaim:        28948 kB
Node 1 AnonHugePages:         0 kB
Node 1 ShmemHugePages:        0 kB
Node 1 ShmemPmdMapped:        0 kB
Node 1 FileHugePages:        0 kB
Node 1 FilePmdMapped:        0 kB
Node 1 HugePages_Total:     0
Node 1 HugePages_Free:      0
Node 1 HugePages_Surp:      0

After Test
Node 0 MemTotal:       24743736 kB
Node 0 MemFree:        24031068 kB
Node 0 MemUsed:          712668 kB
Node 0 Active:            83312 kB
Node 0 Inactive:          32712 kB
Node 0 Active(anon):      25348 kB
Node 0 Inactive(anon):      444 kB
Node 0 Active(file):      57964 kB
Node 0 Inactive(file):    32268 kB
Node 0 Unevictable:       18144 kB
Node 0 Mlocked:           18144 kB
Node 0 Dirty:                76 kB
Node 0 Writeback:             0 kB
Node 0 FilePages:         98748 kB
Node 0 Mapped:            28488 kB
Node 0 AnonPages:         35368 kB
Node 0 Shmem:               700 kB
Node 0 KernelStack:        2040 kB
Node 0 PageTables:          748 kB
Node 0 NFS_Unstable:          0 kB
Node 0 Bounce:                0 kB
Node 0 WritebackTmp:          0 kB
Node 0 KReclaimable:      24452 kB
Node 0 Slab:              71928 kB
Node 0 SReclaimable:      24452 kB
Node 0 SUnreclaim:        47476 kB
Node 0 AnonHugePages:         0 kB
Node 0 ShmemHugePages:        0 kB
Node 0 ShmemPmdMapped:        0 kB
Node 0 FileHugePages:        0 kB
Node 0 FilePmdMapped:        0 kB
Node 0 HugePages_Total:     0
Node 0 HugePages_Free:      0
Node 0 HugePages_Surp:      0

Node 1 MemTotal:       24686196 kB
Node 1 MemFree:        24208736 kB
Node 1 MemUsed:          477460 kB
Node 1 Active:            21300 kB
Node 1 Inactive:          67516 kB
Node 1 Active(anon):       8164 kB
Node 1 Inactive(anon):      456 kB
Node 1 Active(file):      13136 kB
Node 1 Inactive(file):    67060 kB
Node 1 Unevictable:         376 kB
Node 1 Mlocked:             376 kB
Node 1 Dirty:               224 kB
Node 1 Writeback:             0 kB
Node 1 FilePages:         81184 kB
Node 1 Mapped:            22804 kB
Node 1 AnonPages:          8008 kB
Node 1 Shmem:               612 kB
Node 1 KernelStack:        2728 kB
Node 1 PageTables:          472 kB
Node 1 NFS_Unstable:          0 kB
Node 1 Bounce:                0 kB
Node 1 WritebackTmp:          0 kB
Node 1 KReclaimable:      19872 kB
Node 1 Slab:              49800 kB
Node 1 SReclaimable:      19872 kB
Node 1 SUnreclaim:        29928 kB
Node 1 AnonHugePages:         0 kB
Node 1 ShmemHugePages:        0 kB
Node 1 ShmemPmdMapped:        0 kB
Node 1 FileHugePages:        0 kB
Node 1 FilePmdMapped:        0 kB
Node 1 HugePages_Total:     0
Node 1 HugePages_Free:      0
Node 1 HugePages_Surp:      0

After Opposite Node
Node 0 MemTotal:       24743736 kB
Node 0 MemFree:        24031792 kB
Node 0 MemUsed:          711944 kB
Node 0 Active:            83348 kB
Node 0 Inactive:          32484 kB
Node 0 Active(anon):      25168 kB
Node 0 Inactive(anon):      416 kB
Node 0 Active(file):      58180 kB
Node 0 Inactive(file):    32068 kB
Node 0 Unevictable:       18144 kB
Node 0 Mlocked:           18144 kB
Node 0 Dirty:               104 kB
Node 0 Writeback:             0 kB
Node 0 FilePages:         98720 kB
Node 0 Mapped:            28452 kB
Node 0 AnonPages:         35252 kB
Node 0 Shmem:               656 kB
Node 0 KernelStack:        1992 kB
Node 0 PageTables:          584 kB
Node 0 NFS_Unstable:          0 kB
Node 0 Bounce:                0 kB
Node 0 WritebackTmp:          0 kB
Node 0 KReclaimable:      24460 kB
Node 0 Slab:              72060 kB
Node 0 SReclaimable:      24460 kB
Node 0 SUnreclaim:        47600 kB
Node 0 AnonHugePages:         0 kB
Node 0 ShmemHugePages:        0 kB
Node 0 ShmemPmdMapped:        0 kB
Node 0 FileHugePages:        0 kB
Node 0 FilePmdMapped:        0 kB
Node 0 HugePages_Total:     0
Node 0 HugePages_Free:      0
Node 0 HugePages_Surp:      0

Node 1 MemTotal:       24686196 kB
Node 1 MemFree:        24208264 kB
Node 1 MemUsed:          477932 kB
Node 1 Active:            21032 kB
Node 1 Inactive:          67584 kB
Node 1 Active(anon):       7884 kB
Node 1 Inactive(anon):      484 kB
Node 1 Active(file):      13148 kB
Node 1 Inactive(file):    67100 kB
Node 1 Unevictable:         376 kB
Node 1 Mlocked:             376 kB
Node 1 Dirty:               268 kB
Node 1 Writeback:             0 kB
Node 1 FilePages:         81280 kB
Node 1 Mapped:            22848 kB
Node 1 AnonPages:          7608 kB
Node 1 Shmem:               656 kB
Node 1 KernelStack:        2744 kB
Node 1 PageTables:          552 kB
Node 1 NFS_Unstable:          0 kB
Node 1 Bounce:                0 kB
Node 1 WritebackTmp:          0 kB
Node 1 KReclaimable:      19976 kB
Node 1 Slab:              50240 kB
Node 1 SReclaimable:      19976 kB
Node 1 SUnreclaim:        30264 kB
Node 1 AnonHugePages:         0 kB
Node 1 ShmemHugePages:        0 kB
Node 1 ShmemPmdMapped:        0 kB
Node 1 FileHugePages:        0 kB
Node 1 FilePmdMapped:        0 kB
Node 1 HugePages_Total:     0
Node 1 HugePages_Free:      0
Node 1 HugePages_Surp:      0

M.0.manyfio.250M.1.O.1M Complete!
