kernel.numa_balancing = 1
M.0.manyfio.4G.1.O.1M
Begin
Node 0 MemTotal:       24768352 kB
Node 0 MemFree:        24555512 kB
Node 0 MemUsed:          212840 kB
Node 0 Active:            56380 kB
Node 0 Inactive:          17164 kB
Node 0 Active(anon):      18448 kB
Node 0 Inactive(anon):      432 kB
Node 0 Active(file):      37932 kB
Node 0 Inactive(file):    16732 kB
Node 0 Unevictable:       13480 kB
Node 0 Mlocked:           13480 kB
Node 0 Dirty:                16 kB
Node 0 Writeback:             0 kB
Node 0 FilePages:         58436 kB
Node 0 Mapped:            17136 kB
Node 0 AnonPages:         28652 kB
Node 0 Shmem:               616 kB
Node 0 KernelStack:        1864 kB
Node 0 PageTables:          476 kB
Node 0 NFS_Unstable:          0 kB
Node 0 Bounce:                0 kB
Node 0 WritebackTmp:          0 kB
Node 0 KReclaimable:      17388 kB
Node 0 Slab:              46092 kB
Node 0 SReclaimable:      17388 kB
Node 0 SUnreclaim:        28704 kB
Node 0 AnonHugePages:         0 kB
Node 0 ShmemHugePages:        0 kB
Node 0 ShmemPmdMapped:        0 kB
Node 0 FileHugePages:        0 kB
Node 0 FilePmdMapped:        0 kB
Node 0 HugePages_Total:     0
Node 0 HugePages_Free:      0
Node 0 HugePages_Surp:      0

Node 1 MemTotal:       24661580 kB
Node 1 MemFree:        24248632 kB
Node 1 MemUsed:          412948 kB
Node 1 Active:            39384 kB
Node 1 Inactive:          87880 kB
Node 1 Active(anon):      15180 kB
Node 1 Inactive(anon):      460 kB
Node 1 Active(file):      24204 kB
Node 1 Inactive(file):    87420 kB
Node 1 Unevictable:        5040 kB
Node 1 Mlocked:            5040 kB
Node 1 Dirty:               492 kB
Node 1 Writeback:             0 kB
Node 1 FilePages:        117748 kB
Node 1 Mapped:            41024 kB
Node 1 AnonPages:         14992 kB
Node 1 Shmem:               652 kB
Node 1 KernelStack:        1784 kB
Node 1 PageTables:          624 kB
Node 1 NFS_Unstable:          0 kB
Node 1 Bounce:                0 kB
Node 1 WritebackTmp:          0 kB
Node 1 KReclaimable:      23660 kB
Node 1 Slab:              58268 kB
Node 1 SReclaimable:      23660 kB
Node 1 SUnreclaim:        34608 kB
Node 1 AnonHugePages:         0 kB
Node 1 ShmemHugePages:        0 kB
Node 1 ShmemPmdMapped:        0 kB
Node 1 FileHugePages:        0 kB
Node 1 FilePmdMapped:        0 kB
Node 1 HugePages_Total:     0
Node 1 HugePages_Free:      0
Node 1 HugePages_Surp:      0

Load ZFS
Node 0 MemTotal:       24768352 kB
Node 0 MemFree:        24417180 kB
Node 0 MemUsed:          351172 kB
Node 0 Active:            60724 kB
Node 0 Inactive:          17452 kB
Node 0 Active(anon):      22292 kB
Node 0 Inactive(anon):      432 kB
Node 0 Active(file):      38432 kB
Node 0 Inactive(file):    17020 kB
Node 0 Unevictable:       13480 kB
Node 0 Mlocked:           13480 kB
Node 0 Dirty:                24 kB
Node 0 Writeback:             0 kB
Node 0 FilePages:         59224 kB
Node 0 Mapped:            17296 kB
Node 0 AnonPages:         32504 kB
Node 0 Shmem:               616 kB
Node 0 KernelStack:        1976 kB
Node 0 PageTables:          728 kB
Node 0 NFS_Unstable:          0 kB
Node 0 Bounce:                0 kB
Node 0 WritebackTmp:          0 kB
Node 0 KReclaimable:      17840 kB
Node 0 Slab:              48236 kB
Node 0 SReclaimable:      17840 kB
Node 0 SUnreclaim:        30396 kB
Node 0 AnonHugePages:         0 kB
Node 0 ShmemHugePages:        0 kB
Node 0 ShmemPmdMapped:        0 kB
Node 0 FileHugePages:        0 kB
Node 0 FilePmdMapped:        0 kB
Node 0 HugePages_Total:     0
Node 0 HugePages_Free:      0
Node 0 HugePages_Surp:      0

Node 1 MemTotal:       24661580 kB
Node 1 MemFree:        24375312 kB
Node 1 MemUsed:          286268 kB
Node 1 Active:            47316 kB
Node 1 Inactive:          83552 kB
Node 1 Active(anon):      16700 kB
Node 1 Inactive(anon):      460 kB
Node 1 Active(file):      30616 kB
Node 1 Inactive(file):    83092 kB
Node 1 Unevictable:        5040 kB
Node 1 Mlocked:            5040 kB
Node 1 Dirty:               300 kB
Node 1 Writeback:             0 kB
Node 1 FilePages:        119404 kB
Node 1 Mapped:            41024 kB
Node 1 AnonPages:         16184 kB
Node 1 Shmem:               652 kB
Node 1 KernelStack:        1816 kB
Node 1 PageTables:          660 kB
Node 1 NFS_Unstable:          0 kB
Node 1 Bounce:                0 kB
Node 1 WritebackTmp:          0 kB
Node 1 KReclaimable:      24112 kB
Node 1 Slab:              59736 kB
Node 1 SReclaimable:      24112 kB
Node 1 SUnreclaim:        35624 kB
Node 1 AnonHugePages:         0 kB
Node 1 ShmemHugePages:        0 kB
Node 1 ShmemPmdMapped:        0 kB
Node 1 FileHugePages:        0 kB
Node 1 FilePmdMapped:        0 kB
Node 1 HugePages_Total:     0
Node 1 HugePages_Free:      0
Node 1 HugePages_Surp:      0

Import tank ZPool
Node 0 MemTotal:       24768352 kB
Node 0 MemFree:        24416344 kB
Node 0 MemUsed:          352008 kB
Node 0 Active:            56940 kB
Node 0 Inactive:          17452 kB
Node 0 Active(anon):      18508 kB
Node 0 Inactive(anon):      432 kB
Node 0 Active(file):      38432 kB
Node 0 Inactive(file):    17020 kB
Node 0 Unevictable:       13480 kB
Node 0 Mlocked:           13480 kB
Node 0 Dirty:                40 kB
Node 0 Writeback:             0 kB
Node 0 FilePages:         59224 kB
Node 0 Mapped:            17164 kB
Node 0 AnonPages:         29140 kB
Node 0 Shmem:               616 kB
Node 0 KernelStack:        1928 kB
Node 0 PageTables:          644 kB
Node 0 NFS_Unstable:          0 kB
Node 0 Bounce:                0 kB
Node 0 WritebackTmp:          0 kB
Node 0 KReclaimable:      17872 kB
Node 0 Slab:              48936 kB
Node 0 SReclaimable:      17872 kB
Node 0 SUnreclaim:        31064 kB
Node 0 AnonHugePages:         0 kB
Node 0 ShmemHugePages:        0 kB
Node 0 ShmemPmdMapped:        0 kB
Node 0 FileHugePages:        0 kB
Node 0 FilePmdMapped:        0 kB
Node 0 HugePages_Total:     0
Node 0 HugePages_Free:      0
Node 0 HugePages_Surp:      0

Node 1 MemTotal:       24661580 kB
Node 1 MemFree:        24358264 kB
Node 1 MemUsed:          303316 kB
Node 1 Active:            46904 kB
Node 1 Inactive:          84400 kB
Node 1 Active(anon):      15400 kB
Node 1 Inactive(anon):      464 kB
Node 1 Active(file):      31504 kB
Node 1 Inactive(file):    83936 kB
Node 1 Unevictable:        5040 kB
Node 1 Mlocked:            5040 kB
Node 1 Dirty:               344 kB
Node 1 Writeback:             0 kB
Node 1 FilePages:        121128 kB
Node 1 Mapped:            41068 kB
Node 1 AnonPages:         14688 kB
Node 1 Shmem:               652 kB
Node 1 KernelStack:        2920 kB
Node 1 PageTables:          692 kB
Node 1 NFS_Unstable:          0 kB
Node 1 Bounce:                0 kB
Node 1 WritebackTmp:          0 kB
Node 1 KReclaimable:      24244 kB
Node 1 Slab:              66360 kB
Node 1 SReclaimable:      24244 kB
Node 1 SUnreclaim:        42116 kB
Node 1 AnonHugePages:         0 kB
Node 1 ShmemHugePages:        0 kB
Node 1 ShmemPmdMapped:        0 kB
Node 1 FileHugePages:        0 kB
Node 1 FilePmdMapped:        0 kB
Node 1 HugePages_Total:     0
Node 1 HugePages_Free:      0
Node 1 HugePages_Surp:      0

After Test
Node 0 MemTotal:       24768352 kB
Node 0 MemFree:        19734728 kB
Node 0 MemUsed:         5033624 kB
Node 0 Active:            57532 kB
Node 0 Inactive:          18528 kB
Node 0 Active(anon):      18160 kB
Node 0 Inactive(anon):      476 kB
Node 0 Active(file):      39372 kB
Node 0 Inactive(file):    18052 kB
Node 0 Unevictable:       13480 kB
Node 0 Mlocked:           13480 kB
Node 0 Dirty:                48 kB
Node 0 Writeback:             0 kB
Node 0 FilePages:         61240 kB
Node 0 Mapped:            17424 kB
Node 0 AnonPages:         27804 kB
Node 0 Shmem:               660 kB
Node 0 KernelStack:        1864 kB
Node 0 PageTables:          620 kB
Node 0 NFS_Unstable:          0 kB
Node 0 Bounce:                0 kB
Node 0 WritebackTmp:          0 kB
Node 0 KReclaimable:      19288 kB
Node 0 Slab:              70100 kB
Node 0 SReclaimable:      19288 kB
Node 0 SUnreclaim:        50812 kB
Node 0 AnonHugePages:         0 kB
Node 0 ShmemHugePages:        0 kB
Node 0 ShmemPmdMapped:        0 kB
Node 0 FileHugePages:        0 kB
Node 0 FilePmdMapped:        0 kB
Node 0 HugePages_Total:     0
Node 0 HugePages_Free:      0
Node 0 HugePages_Surp:      0

Node 1 MemTotal:       24661580 kB
Node 1 MemFree:        24006444 kB
Node 1 MemUsed:          655136 kB
Node 1 Active:            46516 kB
Node 1 Inactive:          84372 kB
Node 1 Active(anon):      14896 kB
Node 1 Inactive(anon):      464 kB
Node 1 Active(file):      31620 kB
Node 1 Inactive(file):    83908 kB
Node 1 Unevictable:        5040 kB
Node 1 Mlocked:            5040 kB
Node 1 Dirty:                20 kB
Node 1 Writeback:             0 kB
Node 1 FilePages:        121216 kB
Node 1 Mapped:            41028 kB
Node 1 AnonPages:         14708 kB
Node 1 Shmem:               652 kB
Node 1 KernelStack:        2776 kB
Node 1 PageTables:          632 kB
Node 1 NFS_Unstable:          0 kB
Node 1 Bounce:                0 kB
Node 1 WritebackTmp:          0 kB
Node 1 KReclaimable:      24244 kB
Node 1 Slab:              66820 kB
Node 1 SReclaimable:      24244 kB
Node 1 SUnreclaim:        42576 kB
Node 1 AnonHugePages:         0 kB
Node 1 ShmemHugePages:        0 kB
Node 1 ShmemPmdMapped:        0 kB
Node 1 FileHugePages:        0 kB
Node 1 FilePmdMapped:        0 kB
Node 1 HugePages_Total:     0
Node 1 HugePages_Free:      0
Node 1 HugePages_Surp:      0

After Opposite Node
Node 0 MemTotal:       24768352 kB
Node 0 MemFree:        19740744 kB
Node 0 MemUsed:         5027608 kB
Node 0 Active:            57244 kB
Node 0 Inactive:          18472 kB
Node 0 Active(anon):      17852 kB
Node 0 Inactive(anon):      432 kB
Node 0 Active(file):      39392 kB
Node 0 Inactive(file):    18040 kB
Node 0 Unevictable:       13480 kB
Node 0 Mlocked:           13480 kB
Node 0 Dirty:                72 kB
Node 0 Writeback:             0 kB
Node 0 FilePages:         61204 kB
Node 0 Mapped:            17332 kB
Node 0 AnonPages:         27992 kB
Node 0 Shmem:               616 kB
Node 0 KernelStack:        1864 kB
Node 0 PageTables:          448 kB
Node 0 NFS_Unstable:          0 kB
Node 0 Bounce:                0 kB
Node 0 WritebackTmp:          0 kB
Node 0 KReclaimable:      19288 kB
Node 0 Slab:              69832 kB
Node 0 SReclaimable:      19288 kB
Node 0 SUnreclaim:        50544 kB
Node 0 AnonHugePages:         0 kB
Node 0 ShmemHugePages:        0 kB
Node 0 ShmemPmdMapped:        0 kB
Node 0 FileHugePages:        0 kB
Node 0 FilePmdMapped:        0 kB
Node 0 HugePages_Total:     0
Node 0 HugePages_Free:      0
Node 0 HugePages_Surp:      0

Node 1 MemTotal:       24661580 kB
Node 1 MemFree:        24000812 kB
Node 1 MemUsed:          660768 kB
Node 1 Active:            46716 kB
Node 1 Inactive:          84420 kB
Node 1 Active(anon):      15052 kB
Node 1 Inactive(anon):      488 kB
Node 1 Active(file):      31664 kB
Node 1 Inactive(file):    83932 kB
Node 1 Unevictable:        5040 kB
Node 1 Mlocked:            5040 kB
Node 1 Dirty:                88 kB
Node 1 Writeback:             0 kB
Node 1 FilePages:        121328 kB
Node 1 Mapped:            41072 kB
Node 1 AnonPages:         14768 kB
Node 1 Shmem:               696 kB
Node 1 KernelStack:        2824 kB
Node 1 PageTables:          752 kB
Node 1 NFS_Unstable:          0 kB
Node 1 Bounce:                0 kB
Node 1 WritebackTmp:          0 kB
Node 1 KReclaimable:      24348 kB
Node 1 Slab:              68736 kB
Node 1 SReclaimable:      24348 kB
Node 1 SUnreclaim:        44388 kB
Node 1 AnonHugePages:         0 kB
Node 1 ShmemHugePages:        0 kB
Node 1 ShmemPmdMapped:        0 kB
Node 1 FileHugePages:        0 kB
Node 1 FilePmdMapped:        0 kB
Node 1 HugePages_Total:     0
Node 1 HugePages_Free:      0
Node 1 HugePages_Surp:      0

M.0.manyfio.4G.1.O.1M Complete!
