kernel.numa_balancing = 1
M.0.manyfio.16G.1.O.1M
Begin
Node 0 MemTotal:       24768352 kB
Node 0 MemFree:        24390928 kB
Node 0 MemUsed:          377424 kB
Node 0 Active:            61220 kB
Node 0 Inactive:          41316 kB
Node 0 Active(anon):      19032 kB
Node 0 Inactive(anon):      420 kB
Node 0 Active(file):      42188 kB
Node 0 Inactive(file):    40896 kB
Node 0 Unevictable:         660 kB
Node 0 Mlocked:             660 kB
Node 0 Dirty:                80 kB
Node 0 Writeback:             0 kB
Node 0 FilePages:         84396 kB
Node 0 Mapped:            35484 kB
Node 0 AnonPages:         18920 kB
Node 0 Shmem:               608 kB
Node 0 KernelStack:        2056 kB
Node 0 PageTables:          700 kB
Node 0 NFS_Unstable:          0 kB
Node 0 Bounce:                0 kB
Node 0 WritebackTmp:          0 kB
Node 0 KReclaimable:      26332 kB
Node 0 Slab:              61180 kB
Node 0 SReclaimable:      26332 kB
Node 0 SUnreclaim:        34848 kB
Node 0 AnonHugePages:         0 kB
Node 0 ShmemHugePages:        0 kB
Node 0 ShmemPmdMapped:        0 kB
Node 0 FileHugePages:        0 kB
Node 0 FilePmdMapped:        0 kB
Node 0 HugePages_Total:     0
Node 0 HugePages_Free:      0
Node 0 HugePages_Surp:      0

Node 1 MemTotal:       24661580 kB
Node 1 MemFree:        24413332 kB
Node 1 MemUsed:          248248 kB
Node 1 Active:            34916 kB
Node 1 Inactive:          61680 kB
Node 1 Active(anon):      14596 kB
Node 1 Inactive(anon):      460 kB
Node 1 Active(file):      20320 kB
Node 1 Inactive(file):    61220 kB
Node 1 Unevictable:       17860 kB
Node 1 Mlocked:           17860 kB
Node 1 Dirty:                16 kB
Node 1 Writeback:             0 kB
Node 1 FilePages:         89748 kB
Node 1 Mapped:            20864 kB
Node 1 AnonPages:         24724 kB
Node 1 Shmem:               660 kB
Node 1 KernelStack:        1592 kB
Node 1 PageTables:          444 kB
Node 1 NFS_Unstable:          0 kB
Node 1 Bounce:                0 kB
Node 1 WritebackTmp:          0 kB
Node 1 KReclaimable:      15760 kB
Node 1 Slab:              45084 kB
Node 1 SReclaimable:      15760 kB
Node 1 SUnreclaim:        29324 kB
Node 1 AnonHugePages:         0 kB
Node 1 ShmemHugePages:        0 kB
Node 1 ShmemPmdMapped:        0 kB
Node 1 FileHugePages:        0 kB
Node 1 FilePmdMapped:        0 kB
Node 1 HugePages_Total:     0
Node 1 HugePages_Free:      0
Node 1 HugePages_Surp:      0

Load ZFS
Node 0 MemTotal:       24768352 kB
Node 0 MemFree:        24378648 kB
Node 0 MemUsed:          389704 kB
Node 0 Active:            65588 kB
Node 0 Inactive:          41752 kB
Node 0 Active(anon):      22168 kB
Node 0 Inactive(anon):      420 kB
Node 0 Active(file):      43420 kB
Node 0 Inactive(file):    41332 kB
Node 0 Unevictable:         660 kB
Node 0 Mlocked:             660 kB
Node 0 Dirty:               108 kB
Node 0 Writeback:             0 kB
Node 0 FilePages:         86020 kB
Node 0 Mapped:            35484 kB
Node 0 AnonPages:         21880 kB
Node 0 Shmem:               608 kB
Node 0 KernelStack:        2136 kB
Node 0 PageTables:          924 kB
Node 0 NFS_Unstable:          0 kB
Node 0 Bounce:                0 kB
Node 0 WritebackTmp:          0 kB
Node 0 KReclaimable:      26772 kB
Node 0 Slab:              62804 kB
Node 0 SReclaimable:      26772 kB
Node 0 SUnreclaim:        36032 kB
Node 0 AnonHugePages:         0 kB
Node 0 ShmemHugePages:        0 kB
Node 0 ShmemPmdMapped:        0 kB
Node 0 FileHugePages:        0 kB
Node 0 FilePmdMapped:        0 kB
Node 0 HugePages_Total:     0
Node 0 HugePages_Free:      0
Node 0 HugePages_Surp:      0

Node 1 MemTotal:       24661580 kB
Node 1 MemFree:        24415984 kB
Node 1 MemUsed:          245596 kB
Node 1 Active:            40988 kB
Node 1 Inactive:          57228 kB
Node 1 Active(anon):      15300 kB
Node 1 Inactive(anon):      464 kB
Node 1 Active(file):      25688 kB
Node 1 Inactive(file):    56764 kB
Node 1 Unevictable:       17860 kB
Node 1 Mlocked:           17860 kB
Node 1 Dirty:                24 kB
Node 1 Writeback:             0 kB
Node 1 FilePages:         90644 kB
Node 1 Mapped:            21024 kB
Node 1 AnonPages:         25528 kB
Node 1 Shmem:               660 kB
Node 1 KernelStack:        1576 kB
Node 1 PageTables:          444 kB
Node 1 NFS_Unstable:          0 kB
Node 1 Bounce:                0 kB
Node 1 WritebackTmp:          0 kB
Node 1 KReclaimable:      16248 kB
Node 1 Slab:              46980 kB
Node 1 SReclaimable:      16248 kB
Node 1 SUnreclaim:        30732 kB
Node 1 AnonHugePages:         0 kB
Node 1 ShmemHugePages:        0 kB
Node 1 ShmemPmdMapped:        0 kB
Node 1 FileHugePages:        0 kB
Node 1 FilePmdMapped:        0 kB
Node 1 HugePages_Total:     0
Node 1 HugePages_Free:      0
Node 1 HugePages_Surp:      0

Import tank ZPool
Node 0 MemTotal:       24768352 kB
Node 0 MemFree:        24361052 kB
Node 0 MemUsed:          407300 kB
Node 0 Active:            62920 kB
Node 0 Inactive:          42924 kB
Node 0 Active(anon):      19200 kB
Node 0 Inactive(anon):      424 kB
Node 0 Active(file):      43720 kB
Node 0 Inactive(file):    42500 kB
Node 0 Unevictable:         660 kB
Node 0 Mlocked:             660 kB
Node 0 Dirty:               176 kB
Node 0 Writeback:             0 kB
Node 0 FilePages:         87488 kB
Node 0 Mapped:            35720 kB
Node 0 AnonPages:         18592 kB
Node 0 Shmem:               608 kB
Node 0 KernelStack:        3128 kB
Node 0 PageTables:          708 kB
Node 0 NFS_Unstable:          0 kB
Node 0 Bounce:                0 kB
Node 0 WritebackTmp:          0 kB
Node 0 KReclaimable:      26888 kB
Node 0 Slab:              69580 kB
Node 0 SReclaimable:      26888 kB
Node 0 SUnreclaim:        42692 kB
Node 0 AnonHugePages:         0 kB
Node 0 ShmemHugePages:        0 kB
Node 0 ShmemPmdMapped:        0 kB
Node 0 FileHugePages:        0 kB
Node 0 FilePmdMapped:        0 kB
Node 0 HugePages_Total:     0
Node 0 HugePages_Free:      0
Node 0 HugePages_Surp:      0

Node 1 MemTotal:       24661580 kB
Node 1 MemFree:        24415208 kB
Node 1 MemUsed:          246372 kB
Node 1 Active:            40360 kB
Node 1 Inactive:          57204 kB
Node 1 Active(anon):      14512 kB
Node 1 Inactive(anon):      464 kB
Node 1 Active(file):      25848 kB
Node 1 Inactive(file):    56740 kB
Node 1 Unevictable:       17860 kB
Node 1 Mlocked:           17860 kB
Node 1 Dirty:                88 kB
Node 1 Writeback:             0 kB
Node 1 FilePages:         90820 kB
Node 1 Mapped:            21104 kB
Node 1 AnonPages:         24688 kB
Node 1 Shmem:               660 kB
Node 1 KernelStack:        1656 kB
Node 1 PageTables:          496 kB
Node 1 NFS_Unstable:          0 kB
Node 1 Bounce:                0 kB
Node 1 WritebackTmp:          0 kB
Node 1 KReclaimable:      16248 kB
Node 1 Slab:              47056 kB
Node 1 SReclaimable:      16248 kB
Node 1 SUnreclaim:        30808 kB
Node 1 AnonHugePages:         0 kB
Node 1 ShmemHugePages:        0 kB
Node 1 ShmemPmdMapped:        0 kB
Node 1 FileHugePages:        0 kB
Node 1 FilePmdMapped:        0 kB
Node 1 HugePages_Total:     0
Node 1 HugePages_Free:      0
Node 1 HugePages_Surp:      0

After Test
Node 0 MemTotal:       24768352 kB
Node 0 MemFree:         7560004 kB
Node 0 MemUsed:        17208348 kB
Node 0 Active:            63708 kB
Node 0 Inactive:          43724 kB
Node 0 Active(anon):      18752 kB
Node 0 Inactive(anon):      460 kB
Node 0 Active(file):      44956 kB
Node 0 Inactive(file):    43264 kB
Node 0 Unevictable:         660 kB
Node 0 Mlocked:             660 kB
Node 0 Dirty:                60 kB
Node 0 Writeback:             0 kB
Node 0 FilePages:         89532 kB
Node 0 Mapped:            35724 kB
Node 0 AnonPages:         18524 kB
Node 0 Shmem:               652 kB
Node 0 KernelStack:        3000 kB
Node 0 PageTables:          804 kB
Node 0 NFS_Unstable:          0 kB
Node 0 Bounce:                0 kB
Node 0 WritebackTmp:          0 kB
Node 0 KReclaimable:      28380 kB
Node 0 Slab:             127744 kB
Node 0 SReclaimable:      28380 kB
Node 0 SUnreclaim:        99364 kB
Node 0 AnonHugePages:         0 kB
Node 0 ShmemHugePages:        0 kB
Node 0 ShmemPmdMapped:        0 kB
Node 0 FileHugePages:        0 kB
Node 0 FilePmdMapped:        0 kB
Node 0 HugePages_Total:     0
Node 0 HugePages_Free:      0
Node 0 HugePages_Surp:      0

Node 1 MemTotal:       24661580 kB
Node 1 MemFree:        23554284 kB
Node 1 MemUsed:         1107296 kB
Node 1 Active:            40452 kB
Node 1 Inactive:          57212 kB
Node 1 Active(anon):      14220 kB
Node 1 Inactive(anon):      464 kB
Node 1 Active(file):      26232 kB
Node 1 Inactive(file):    56748 kB
Node 1 Unevictable:       17860 kB
Node 1 Mlocked:           17860 kB
Node 1 Dirty:                24 kB
Node 1 Writeback:             0 kB
Node 1 FilePages:         91176 kB
Node 1 Mapped:            20864 kB
Node 1 AnonPages:         24348 kB
Node 1 Shmem:               660 kB
Node 1 KernelStack:        1480 kB
Node 1 PageTables:          444 kB
Node 1 NFS_Unstable:          0 kB
Node 1 Bounce:                0 kB
Node 1 WritebackTmp:          0 kB
Node 1 KReclaimable:      16300 kB
Node 1 Slab:              51076 kB
Node 1 SReclaimable:      16300 kB
Node 1 SUnreclaim:        34776 kB
Node 1 AnonHugePages:         0 kB
Node 1 ShmemHugePages:        0 kB
Node 1 ShmemPmdMapped:        0 kB
Node 1 FileHugePages:        0 kB
Node 1 FilePmdMapped:        0 kB
Node 1 HugePages_Total:     0
Node 1 HugePages_Free:      0
Node 1 HugePages_Surp:      0

After Opposite Node
Node 0 MemTotal:       24768352 kB
Node 0 MemFree:         7565252 kB
Node 0 MemUsed:        17203100 kB
Node 0 Active:            63444 kB
Node 0 Inactive:          43652 kB
Node 0 Active(anon):      18436 kB
Node 0 Inactive(anon):      424 kB
Node 0 Active(file):      45008 kB
Node 0 Inactive(file):    43228 kB
Node 0 Unevictable:         660 kB
Node 0 Mlocked:             660 kB
Node 0 Dirty:                28 kB
Node 0 Writeback:             0 kB
Node 0 FilePages:         89504 kB
Node 0 Mapped:            35688 kB
Node 0 AnonPages:         18252 kB
Node 0 Shmem:               608 kB
Node 0 KernelStack:        2952 kB
Node 0 PageTables:          620 kB
Node 0 NFS_Unstable:          0 kB
Node 0 Bounce:                0 kB
Node 0 WritebackTmp:          0 kB
Node 0 KReclaimable:      28388 kB
Node 0 Slab:             125688 kB
Node 0 SReclaimable:      28388 kB
Node 0 SUnreclaim:        97300 kB
Node 0 AnonHugePages:         0 kB
Node 0 ShmemHugePages:        0 kB
Node 0 ShmemPmdMapped:        0 kB
Node 0 FileHugePages:        0 kB
Node 0 FilePmdMapped:        0 kB
Node 0 HugePages_Total:     0
Node 0 HugePages_Free:      0
Node 0 HugePages_Surp:      0

Node 1 MemTotal:       24661580 kB
Node 1 MemFree:        23551896 kB
Node 1 MemUsed:         1109684 kB
Node 1 Active:            40712 kB
Node 1 Inactive:          57288 kB
Node 1 Active(anon):      14428 kB
Node 1 Inactive(anon):      500 kB
Node 1 Active(file):      26284 kB
Node 1 Inactive(file):    56788 kB
Node 1 Unevictable:       17860 kB
Node 1 Mlocked:           17860 kB
Node 1 Dirty:                60 kB
Node 1 Writeback:             0 kB
Node 1 FilePages:         91312 kB
Node 1 Mapped:            20908 kB
Node 1 AnonPages:         24408 kB
Node 1 Shmem:               704 kB
Node 1 KernelStack:        1512 kB
Node 1 PageTables:          556 kB
Node 1 NFS_Unstable:          0 kB
Node 1 Bounce:                0 kB
Node 1 WritebackTmp:          0 kB
Node 1 KReclaimable:      16368 kB
Node 1 Slab:              54076 kB
Node 1 SReclaimable:      16368 kB
Node 1 SUnreclaim:        37708 kB
Node 1 AnonHugePages:         0 kB
Node 1 ShmemHugePages:        0 kB
Node 1 ShmemPmdMapped:        0 kB
Node 1 FileHugePages:        0 kB
Node 1 FilePmdMapped:        0 kB
Node 1 HugePages_Total:     0
Node 1 HugePages_Free:      0
Node 1 HugePages_Surp:      0

M.0.manyfio.16G.1.O.1M Complete!
