B.0.dd.1-128K
Begin
Node 0 MemTotal:       24768352 kB
Node 0 MemFree:        24458236 kB
Node 0 MemUsed:          310116 kB
Node 0 Active:            69856 kB
Node 0 Inactive:          69104 kB
Node 0 Active(anon):      20348 kB
Node 0 Inactive(anon):      428 kB
Node 0 Active(file):      49508 kB
Node 0 Inactive(file):    68676 kB
Node 0 Unevictable:        5460 kB
Node 0 Mlocked:            5460 kB
Node 0 Dirty:               140 kB
Node 0 Writeback:             0 kB
Node 0 FilePages:        124272 kB
Node 0 Mapped:            58600 kB
Node 0 AnonPages:         20512 kB
Node 0 Shmem:               632 kB
Node 0 KernelStack:        2712 kB
Node 0 PageTables:          564 kB
Node 0 NFS_Unstable:          0 kB
Node 0 Bounce:                0 kB
Node 0 WritebackTmp:          0 kB
Node 0 KReclaimable:      26112 kB
Node 0 Slab:              69824 kB
Node 0 SReclaimable:      26112 kB
Node 0 SUnreclaim:        43712 kB
Node 0 AnonHugePages:         0 kB
Node 0 ShmemHugePages:        0 kB
Node 0 ShmemPmdMapped:        0 kB
Node 0 FileHugePages:        0 kB
Node 0 FilePmdMapped:        0 kB
Node 0 HugePages_Total:     0
Node 0 HugePages_Free:      0
Node 0 HugePages_Surp:      0

Node 1 MemTotal:       24661368 kB
Node 1 MemFree:        24470532 kB
Node 1 MemUsed:          190836 kB
Node 1 Active:            23968 kB
Node 1 Inactive:          17648 kB
Node 1 Active(anon):      12988 kB
Node 1 Inactive(anon):      444 kB
Node 1 Active(file):      10980 kB
Node 1 Inactive(file):    17204 kB
Node 1 Unevictable:       12924 kB
Node 1 Mlocked:           12924 kB
Node 1 Dirty:               272 kB
Node 1 Writeback:             0 kB
Node 1 FilePages:         31668 kB
Node 1 Mapped:             8148 kB
Node 1 AnonPages:         23064 kB
Node 1 Shmem:               580 kB
Node 1 KernelStack:        1800 kB
Node 1 PageTables:          564 kB
Node 1 NFS_Unstable:          0 kB
Node 1 Bounce:                0 kB
Node 1 WritebackTmp:          0 kB
Node 1 KReclaimable:      19112 kB
Node 1 Slab:              49432 kB
Node 1 SReclaimable:      19112 kB
Node 1 SUnreclaim:        30320 kB
Node 1 AnonHugePages:         0 kB
Node 1 ShmemHugePages:        0 kB
Node 1 ShmemPmdMapped:        0 kB
Node 1 FileHugePages:        0 kB
Node 1 FilePmdMapped:        0 kB
Node 1 HugePages_Total:     0
Node 1 HugePages_Free:      0
Node 1 HugePages_Surp:      0

Load ZFS
Node 0 MemTotal:       24768352 kB
Node 0 MemFree:        24438080 kB
Node 0 MemUsed:          330272 kB
Node 0 Active:            86296 kB
Node 0 Inactive:          70184 kB
Node 0 Active(anon):      36592 kB
Node 0 Inactive(anon):      608 kB
Node 0 Active(file):      49704 kB
Node 0 Inactive(file):    69576 kB
Node 0 Unevictable:        5460 kB
Node 0 Mlocked:            5460 kB
Node 0 Dirty:               468 kB
Node 0 Writeback:             0 kB
Node 0 FilePages:        125496 kB
Node 0 Mapped:            61020 kB
Node 0 AnonPages:         36468 kB
Node 0 Shmem:               760 kB
Node 0 KernelStack:        3048 kB
Node 0 PageTables:         1712 kB
Node 0 NFS_Unstable:          0 kB
Node 0 Bounce:                0 kB
Node 0 WritebackTmp:          0 kB
Node 0 KReclaimable:      26448 kB
Node 0 Slab:              72088 kB
Node 0 SReclaimable:      26448 kB
Node 0 SUnreclaim:        45640 kB
Node 0 AnonHugePages:         0 kB
Node 0 ShmemHugePages:        0 kB
Node 0 ShmemPmdMapped:        0 kB
Node 0 FileHugePages:        0 kB
Node 0 FilePmdMapped:        0 kB
Node 0 HugePages_Total:     0
Node 0 HugePages_Free:      0
Node 0 HugePages_Surp:      0

Node 1 MemTotal:       24661368 kB
Node 1 MemFree:        24310052 kB
Node 1 MemUsed:          351316 kB
Node 1 Active:            34048 kB
Node 1 Inactive:          21760 kB
Node 1 Active(anon):      20432 kB
Node 1 Inactive(anon):      316 kB
Node 1 Active(file):      13616 kB
Node 1 Inactive(file):    21444 kB
Node 1 Unevictable:       13056 kB
Node 1 Mlocked:           13056 kB
Node 1 Dirty:               272 kB
Node 1 Writeback:             0 kB
Node 1 FilePages:         38232 kB
Node 1 Mapped:             9532 kB
Node 1 AnonPages:         30452 kB
Node 1 Shmem:               448 kB
Node 1 KernelStack:        2264 kB
Node 1 PageTables:         1188 kB
Node 1 NFS_Unstable:          0 kB
Node 1 Bounce:                0 kB
Node 1 WritebackTmp:          0 kB
Node 1 KReclaimable:      20324 kB
Node 1 Slab:              55756 kB
Node 1 SReclaimable:      20324 kB
Node 1 SUnreclaim:        35432 kB
Node 1 AnonHugePages:         0 kB
Node 1 ShmemHugePages:        0 kB
Node 1 ShmemPmdMapped:        0 kB
Node 1 FileHugePages:        0 kB
Node 1 FilePmdMapped:        0 kB
Node 1 HugePages_Total:     0
Node 1 HugePages_Free:      0
Node 1 HugePages_Surp:      0

Import tank ZPool
Node 0 MemTotal:       24768352 kB
Node 0 MemFree:        24438444 kB
Node 0 MemUsed:          329908 kB
Node 0 Active:            86172 kB
Node 0 Inactive:          70180 kB
Node 0 Active(anon):      36456 kB
Node 0 Inactive(anon):      604 kB
Node 0 Active(file):      49716 kB
Node 0 Inactive(file):    69576 kB
Node 0 Unevictable:        5460 kB
Node 0 Mlocked:            5460 kB
Node 0 Dirty:              1776 kB
Node 0 Writeback:             0 kB
Node 0 FilePages:        125540 kB
Node 0 Mapped:            62204 kB
Node 0 AnonPages:         36304 kB
Node 0 Shmem:               760 kB
Node 0 KernelStack:        3032 kB
Node 0 PageTables:         1660 kB
Node 0 NFS_Unstable:          0 kB
Node 0 Bounce:                0 kB
Node 0 WritebackTmp:          0 kB
Node 0 KReclaimable:      26448 kB
Node 0 Slab:              71984 kB
Node 0 SReclaimable:      26448 kB
Node 0 SUnreclaim:        45536 kB
Node 0 AnonHugePages:         0 kB
Node 0 ShmemHugePages:        0 kB
Node 0 ShmemPmdMapped:        0 kB
Node 0 FileHugePages:        0 kB
Node 0 FilePmdMapped:        0 kB
Node 0 HugePages_Total:     0
Node 0 HugePages_Free:      0
Node 0 HugePages_Surp:      0

Node 1 MemTotal:       24661368 kB
Node 1 MemFree:        24286508 kB
Node 1 MemUsed:          374860 kB
Node 1 Active:            34128 kB
Node 1 Inactive:          25072 kB
Node 1 Active(anon):      20492 kB
Node 1 Inactive(anon):      316 kB
Node 1 Active(file):      13636 kB
Node 1 Inactive(file):    24756 kB
Node 1 Unevictable:       13092 kB
Node 1 Mlocked:           13092 kB
Node 1 Dirty:               112 kB
Node 1 Writeback:             0 kB
Node 1 FilePages:         41632 kB
Node 1 Mapped:            10568 kB
Node 1 AnonPages:         30496 kB
Node 1 Shmem:               452 kB
Node 1 KernelStack:        3640 kB
Node 1 PageTables:         1212 kB
Node 1 NFS_Unstable:          0 kB
Node 1 Bounce:                0 kB
Node 1 WritebackTmp:          0 kB
Node 1 KReclaimable:      20540 kB
Node 1 Slab:              63972 kB
Node 1 SReclaimable:      20540 kB
Node 1 SUnreclaim:        43432 kB
Node 1 AnonHugePages:         0 kB
Node 1 ShmemHugePages:        0 kB
Node 1 ShmemPmdMapped:        0 kB
Node 1 FileHugePages:        0 kB
Node 1 FilePmdMapped:        0 kB
Node 1 HugePages_Total:     0
Node 1 HugePages_Free:      0
Node 1 HugePages_Surp:      0

After Test
Node 0 MemTotal:       24768352 kB
Node 0 MemFree:        24434348 kB
Node 0 MemUsed:          334004 kB
Node 0 Active:            87576 kB
Node 0 Inactive:          71148 kB
Node 0 Active(anon):      37304 kB
Node 0 Inactive(anon):      604 kB
Node 0 Active(file):      50272 kB
Node 0 Inactive(file):    70544 kB
Node 0 Unevictable:        5460 kB
Node 0 Mlocked:            5460 kB
Node 0 Dirty:              1824 kB
Node 0 Writeback:             0 kB
Node 0 FilePages:        127080 kB
Node 0 Mapped:            62356 kB
Node 0 AnonPages:         36812 kB
Node 0 Shmem:               760 kB
Node 0 KernelStack:        3064 kB
Node 0 PageTables:         1684 kB
Node 0 NFS_Unstable:          0 kB
Node 0 Bounce:                0 kB
Node 0 WritebackTmp:          0 kB
Node 0 KReclaimable:      26744 kB
Node 0 Slab:              73676 kB
Node 0 SReclaimable:      26744 kB
Node 0 SUnreclaim:        46932 kB
Node 0 AnonHugePages:         0 kB
Node 0 ShmemHugePages:        0 kB
Node 0 ShmemPmdMapped:        0 kB
Node 0 FileHugePages:        0 kB
Node 0 FilePmdMapped:        0 kB
Node 0 HugePages_Total:     0
Node 0 HugePages_Free:      0
Node 0 HugePages_Surp:      0
