U.1.fio.4-20G
Begin
Node 0 MemTotal:       24768352 kB
Node 0 MemFree:        24601380 kB
Node 0 MemUsed:          166972 kB
Node 0 Active:            13224 kB
Node 0 Inactive:           6656 kB
Node 0 Active(anon):       6800 kB
Node 0 Inactive(anon):      296 kB
Node 0 Active(file):       6424 kB
Node 0 Inactive(file):     6360 kB
Node 0 Unevictable:       12988 kB
Node 0 Mlocked:           12988 kB
Node 0 Dirty:               252 kB
Node 0 Writeback:             0 kB
Node 0 FilePages:         16148 kB
Node 0 Mapped:             3672 kB
Node 0 AnonPages:         16944 kB
Node 0 Shmem:               444 kB
Node 0 KernelStack:        2392 kB
Node 0 PageTables:          264 kB
Node 0 NFS_Unstable:          0 kB
Node 0 Bounce:                0 kB
Node 0 WritebackTmp:          0 kB
Node 0 KReclaimable:      12896 kB
Node 0 Slab:              41656 kB
Node 0 SReclaimable:      12896 kB
Node 0 SUnreclaim:        28760 kB
Node 0 AnonHugePages:         0 kB
Node 0 ShmemHugePages:        0 kB
Node 0 ShmemPmdMapped:        0 kB
Node 0 FileHugePages:        0 kB
Node 0 FilePmdMapped:        0 kB
Node 0 HugePages_Total:     0
Node 0 HugePages_Free:      0
Node 0 HugePages_Surp:      0

Node 1 MemTotal:       24661368 kB
Node 1 MemFree:        24327064 kB
Node 1 MemUsed:          334304 kB
Node 1 Active:            81080 kB
Node 1 Inactive:          71820 kB
Node 1 Active(anon):      27220 kB
Node 1 Inactive(anon):      560 kB
Node 1 Active(file):      53860 kB
Node 1 Inactive(file):    71260 kB
Node 1 Unevictable:        5460 kB
Node 1 Mlocked:            5460 kB
Node 1 Dirty:               136 kB
Node 1 Writeback:             0 kB
Node 1 FilePages:        131344 kB
Node 1 Mapped:            57508 kB
Node 1 AnonPages:         27064 kB
Node 1 Shmem:               768 kB
Node 1 KernelStack:        2168 kB
Node 1 PageTables:          972 kB
Node 1 NFS_Unstable:          0 kB
Node 1 Bounce:                0 kB
Node 1 WritebackTmp:          0 kB
Node 1 KReclaimable:      31472 kB
Node 1 Slab:              77012 kB
Node 1 SReclaimable:      31472 kB
Node 1 SUnreclaim:        45540 kB
Node 1 AnonHugePages:         0 kB
Node 1 ShmemHugePages:        0 kB
Node 1 ShmemPmdMapped:        0 kB
Node 1 FileHugePages:        0 kB
Node 1 FilePmdMapped:        0 kB
Node 1 HugePages_Total:     0
Node 1 HugePages_Free:      0
Node 1 HugePages_Surp:      0

Load ZFS
Node 0 MemTotal:       24768352 kB
Node 0 MemFree:        24458992 kB
Node 0 MemUsed:          309360 kB
Node 0 Active:            13920 kB
Node 0 Inactive:          11588 kB
Node 0 Active(anon):       7232 kB
Node 0 Inactive(anon):      296 kB
Node 0 Active(file):       6688 kB
Node 0 Inactive(file):    11292 kB
Node 0 Unevictable:       12988 kB
Node 0 Mlocked:           12988 kB
Node 0 Dirty:                16 kB
Node 0 Writeback:             0 kB
Node 0 FilePages:         21268 kB
Node 0 Mapped:             3640 kB
Node 0 AnonPages:         17396 kB
Node 0 Shmem:               444 kB
Node 0 KernelStack:        2408 kB
Node 0 PageTables:          272 kB
Node 0 NFS_Unstable:          0 kB
Node 0 Bounce:                0 kB
Node 0 WritebackTmp:          0 kB
Node 0 KReclaimable:      13164 kB
Node 0 Slab:              43528 kB
Node 0 SReclaimable:      13164 kB
Node 0 SUnreclaim:        30364 kB
Node 0 AnonHugePages:         0 kB
Node 0 ShmemHugePages:        0 kB
Node 0 ShmemPmdMapped:        0 kB
Node 0 FileHugePages:        0 kB
Node 0 FilePmdMapped:        0 kB
Node 0 HugePages_Total:     0
Node 0 HugePages_Free:      0
Node 0 HugePages_Surp:      0

Node 1 MemTotal:       24661368 kB
Node 1 MemFree:        24322660 kB
Node 1 MemUsed:          338708 kB
Node 1 Active:            86900 kB
Node 1 Inactive:          71724 kB
Node 1 Active(anon):      32944 kB
Node 1 Inactive(anon):      560 kB
Node 1 Active(file):      53956 kB
Node 1 Inactive(file):    71164 kB
Node 1 Unevictable:        5460 kB
Node 1 Mlocked:            5460 kB
Node 1 Dirty:               268 kB
Node 1 Writeback:             0 kB
Node 1 FilePages:        131344 kB
Node 1 Mapped:            57792 kB
Node 1 AnonPages:         32912 kB
Node 1 Shmem:               768 kB
Node 1 KernelStack:        2424 kB
Node 1 PageTables:         1260 kB
Node 1 NFS_Unstable:          0 kB
Node 1 Bounce:                0 kB
Node 1 WritebackTmp:          0 kB
Node 1 KReclaimable:      31520 kB
Node 1 Slab:              77728 kB
Node 1 SReclaimable:      31520 kB
Node 1 SUnreclaim:        46208 kB
Node 1 AnonHugePages:         0 kB
Node 1 ShmemHugePages:        0 kB
Node 1 ShmemPmdMapped:        0 kB
Node 1 FileHugePages:        0 kB
Node 1 FilePmdMapped:        0 kB
Node 1 HugePages_Total:     0
Node 1 HugePages_Free:      0
Node 1 HugePages_Surp:      0

Import tank ZPool
Node 0 MemTotal:       24768352 kB
Node 0 MemFree:        24452632 kB
Node 0 MemUsed:          315720 kB
Node 0 Active:            13940 kB
Node 0 Inactive:          13128 kB
Node 0 Active(anon):       7136 kB
Node 0 Inactive(anon):      300 kB
Node 0 Active(file):       6804 kB
Node 0 Inactive(file):    12828 kB
Node 0 Unevictable:       12988 kB
Node 0 Mlocked:           12988 kB
Node 0 Dirty:                28 kB
Node 0 Writeback:             0 kB
Node 0 FilePages:         22888 kB
Node 0 Mapped:             3716 kB
Node 0 AnonPages:         17404 kB
Node 0 Shmem:               448 kB
Node 0 KernelStack:        2456 kB
Node 0 PageTables:          324 kB
Node 0 NFS_Unstable:          0 kB
Node 0 Bounce:                0 kB
Node 0 WritebackTmp:          0 kB
Node 0 KReclaimable:      13436 kB
Node 0 Slab:              49120 kB
Node 0 SReclaimable:      13436 kB
Node 0 SUnreclaim:        35684 kB
Node 0 AnonHugePages:         0 kB
Node 0 ShmemHugePages:        0 kB
Node 0 ShmemPmdMapped:        0 kB
Node 0 FileHugePages:        0 kB
Node 0 FilePmdMapped:        0 kB
Node 0 HugePages_Total:     0
Node 0 HugePages_Free:      0
Node 0 HugePages_Surp:      0

Node 1 MemTotal:       24661368 kB
Node 1 MemFree:        24305424 kB
Node 1 MemUsed:          355944 kB
Node 1 Active:            87016 kB
Node 1 Inactive:          71724 kB
Node 1 Active(anon):      33056 kB
Node 1 Inactive(anon):      560 kB
Node 1 Active(file):      53960 kB
Node 1 Inactive(file):    71164 kB
Node 1 Unevictable:        5460 kB
Node 1 Mlocked:            5460 kB
Node 1 Dirty:               284 kB
Node 1 Writeback:             0 kB
Node 1 FilePages:        131348 kB
Node 1 Mapped:            57852 kB
Node 1 AnonPages:         32968 kB
Node 1 Shmem:               768 kB
Node 1 KernelStack:        3848 kB
Node 1 PageTables:         1260 kB
Node 1 NFS_Unstable:          0 kB
Node 1 Bounce:                0 kB
Node 1 WritebackTmp:          0 kB
Node 1 KReclaimable:      31520 kB
Node 1 Slab:              81312 kB
Node 1 SReclaimable:      31520 kB
Node 1 SUnreclaim:        49792 kB
Node 1 AnonHugePages:         0 kB
Node 1 ShmemHugePages:        0 kB
Node 1 ShmemPmdMapped:        0 kB
Node 1 FileHugePages:        0 kB
Node 1 FilePmdMapped:        0 kB
Node 1 HugePages_Total:     0
Node 1 HugePages_Free:      0
Node 1 HugePages_Surp:      0

After Test
Node 0 MemTotal:       24768352 kB
Node 0 MemFree:        24006660 kB
Node 0 MemUsed:          761692 kB
Node 0 Active:            14284 kB
Node 0 Inactive:          13428 kB
Node 0 Active(anon):       6644 kB
Node 0 Inactive(anon):      304 kB
Node 0 Active(file):       7640 kB
Node 0 Inactive(file):    13124 kB
Node 0 Unevictable:       12988 kB
Node 0 Mlocked:           12988 kB
Node 0 Dirty:                12 kB
Node 0 Writeback:             0 kB
Node 0 FilePages:         23964 kB
Node 0 Mapped:             3656 kB
Node 0 AnonPages:         16760 kB
Node 0 Shmem:               452 kB
Node 0 KernelStack:        2232 kB
Node 0 PageTables:          240 kB
Node 0 NFS_Unstable:          0 kB
Node 0 Bounce:                0 kB
Node 0 WritebackTmp:          0 kB
Node 0 KReclaimable:      13864 kB
Node 0 Slab:              52928 kB
Node 0 SReclaimable:      13864 kB
Node 0 SUnreclaim:        39064 kB
Node 0 AnonHugePages:         0 kB
Node 0 ShmemHugePages:        0 kB
Node 0 ShmemPmdMapped:        0 kB
Node 0 FileHugePages:        0 kB
Node 0 FilePmdMapped:        0 kB
Node 0 HugePages_Total:     0
Node 0 HugePages_Free:      0
Node 0 HugePages_Surp:      0
