kernel.numa_balancing = 0
U.0.fio.4G.2.O
Begin
Node 0 MemTotal:       24743736 kB
Node 0 MemFree:        24478592 kB
Node 0 MemUsed:          265144 kB
Node 0 Active:            45744 kB
Node 0 Inactive:          58092 kB
Node 0 Active(anon):      17124 kB
Node 0 Inactive(anon):      448 kB
Node 0 Active(file):      28620 kB
Node 0 Inactive(file):    57644 kB
Node 0 Unevictable:       17968 kB
Node 0 Mlocked:           17968 kB
Node 0 Dirty:                28 kB
Node 0 Writeback:             0 kB
Node 0 FilePages:         94552 kB
Node 0 Mapped:            22904 kB
Node 0 AnonPages:         27276 kB
Node 0 Shmem:               636 kB
Node 0 KernelStack:        2120 kB
Node 0 PageTables:          552 kB
Node 0 NFS_Unstable:          0 kB
Node 0 Bounce:                0 kB
Node 0 WritebackTmp:          0 kB
Node 0 KReclaimable:      21172 kB
Node 0 Slab:              58816 kB
Node 0 SReclaimable:      21172 kB
Node 0 SUnreclaim:        37644 kB
Node 0 AnonHugePages:         0 kB
Node 0 ShmemHugePages:        0 kB
Node 0 ShmemPmdMapped:        0 kB
Node 0 FileHugePages:        0 kB
Node 0 FilePmdMapped:        0 kB
Node 0 HugePages_Total:     0
Node 0 HugePages_Free:      0
Node 0 HugePages_Surp:      0

Node 1 MemTotal:       24686196 kB
Node 1 MemFree:        24331636 kB
Node 1 MemUsed:          354560 kB
Node 1 Active:            49800 kB
Node 1 Inactive:          40464 kB
Node 1 Active(anon):      16996 kB
Node 1 Inactive(anon):      428 kB
Node 1 Active(file):      32804 kB
Node 1 Inactive(file):    40036 kB
Node 1 Unevictable:         556 kB
Node 1 Mlocked:             556 kB
Node 1 Dirty:                36 kB
Node 1 Writeback:             0 kB
Node 1 FilePages:         74464 kB
Node 1 Mapped:            29340 kB
Node 1 AnonPages:         16792 kB
Node 1 Shmem:               632 kB
Node 1 KernelStack:        1432 kB
Node 1 PageTables:          476 kB
Node 1 NFS_Unstable:          0 kB
Node 1 Bounce:                0 kB
Node 1 WritebackTmp:          0 kB
Node 1 KReclaimable:      20744 kB
Node 1 Slab:              48280 kB
Node 1 SReclaimable:      20744 kB
Node 1 SUnreclaim:        27536 kB
Node 1 AnonHugePages:         0 kB
Node 1 ShmemHugePages:        0 kB
Node 1 ShmemPmdMapped:        0 kB
Node 1 FileHugePages:        0 kB
Node 1 FilePmdMapped:        0 kB
Node 1 HugePages_Total:     0
Node 1 HugePages_Free:      0
Node 1 HugePages_Surp:      0

Load ZFS
Node 0 MemTotal:       24743736 kB
Node 0 MemFree:        24475932 kB
Node 0 MemUsed:          267804 kB
Node 0 Active:            54504 kB
Node 0 Inactive:          53660 kB
Node 0 Active(anon):      20164 kB
Node 0 Inactive(anon):      448 kB
Node 0 Active(file):      34340 kB
Node 0 Inactive(file):    53212 kB
Node 0 Unevictable:       17968 kB
Node 0 Mlocked:           17968 kB
Node 0 Dirty:                36 kB
Node 0 Writeback:             0 kB
Node 0 FilePages:         95824 kB
Node 0 Mapped:            22868 kB
Node 0 AnonPages:         30416 kB
Node 0 Shmem:               636 kB
Node 0 KernelStack:        2200 kB
Node 0 PageTables:          840 kB
Node 0 NFS_Unstable:          0 kB
Node 0 Bounce:                0 kB
Node 0 WritebackTmp:          0 kB
Node 0 KReclaimable:      21652 kB
Node 0 Slab:              60836 kB
Node 0 SReclaimable:      21652 kB
Node 0 SUnreclaim:        39184 kB
Node 0 AnonHugePages:         0 kB
Node 0 ShmemHugePages:        0 kB
Node 0 ShmemPmdMapped:        0 kB
Node 0 FileHugePages:        0 kB
Node 0 FilePmdMapped:        0 kB
Node 0 HugePages_Total:     0
Node 0 HugePages_Free:      0
Node 0 HugePages_Surp:      0

Node 1 MemTotal:       24686196 kB
Node 1 MemFree:        24325284 kB
Node 1 MemUsed:          360912 kB
Node 1 Active:            50928 kB
Node 1 Inactive:          40916 kB
Node 1 Active(anon):      17004 kB
Node 1 Inactive(anon):      428 kB
Node 1 Active(file):      33924 kB
Node 1 Inactive(file):    40488 kB
Node 1 Unevictable:         556 kB
Node 1 Mlocked:             556 kB
Node 1 Dirty:               100 kB
Node 1 Writeback:             0 kB
Node 1 FilePages:         75600 kB
Node 1 Mapped:            29456 kB
Node 1 AnonPages:         16988 kB
Node 1 Shmem:               632 kB
Node 1 KernelStack:        1464 kB
Node 1 PageTables:          520 kB
Node 1 NFS_Unstable:          0 kB
Node 1 Bounce:                0 kB
Node 1 WritebackTmp:          0 kB
Node 1 KReclaimable:      21288 kB
Node 1 Slab:              50224 kB
Node 1 SReclaimable:      21288 kB
Node 1 SUnreclaim:        28936 kB
Node 1 AnonHugePages:         0 kB
Node 1 ShmemHugePages:        0 kB
Node 1 ShmemPmdMapped:        0 kB
Node 1 FileHugePages:        0 kB
Node 1 FilePmdMapped:        0 kB
Node 1 HugePages_Total:     0
Node 1 HugePages_Free:      0
Node 1 HugePages_Surp:      0

Import tank ZPool
Node 0 MemTotal:       24743736 kB
Node 0 MemFree:        24475968 kB
Node 0 MemUsed:          267768 kB
Node 0 Active:            54580 kB
Node 0 Inactive:          53592 kB
Node 0 Active(anon):      20172 kB
Node 0 Inactive(anon):      448 kB
Node 0 Active(file):      34408 kB
Node 0 Inactive(file):    53144 kB
Node 0 Unevictable:       17968 kB
Node 0 Mlocked:           17968 kB
Node 0 Dirty:                44 kB
Node 0 Writeback:             0 kB
Node 0 FilePages:         95844 kB
Node 0 Mapped:            23128 kB
Node 0 AnonPages:         30420 kB
Node 0 Shmem:               632 kB
Node 0 KernelStack:        2216 kB
Node 0 PageTables:          840 kB
Node 0 NFS_Unstable:          0 kB
Node 0 Bounce:                0 kB
Node 0 WritebackTmp:          0 kB
Node 0 KReclaimable:      21652 kB
Node 0 Slab:              61588 kB
Node 0 SReclaimable:      21652 kB
Node 0 SUnreclaim:        39936 kB
Node 0 AnonHugePages:         0 kB
Node 0 ShmemHugePages:        0 kB
Node 0 ShmemPmdMapped:        0 kB
Node 0 FileHugePages:        0 kB
Node 0 FilePmdMapped:        0 kB
Node 0 HugePages_Total:     0
Node 0 HugePages_Free:      0
Node 0 HugePages_Surp:      0

Node 1 MemTotal:       24686196 kB
Node 1 MemFree:        24303016 kB
Node 1 MemUsed:          383180 kB
Node 1 Active:            51468 kB
Node 1 Inactive:          42148 kB
Node 1 Active(anon):      17204 kB
Node 1 Inactive(anon):      432 kB
Node 1 Active(file):      34264 kB
Node 1 Inactive(file):    41716 kB
Node 1 Unevictable:         556 kB
Node 1 Mlocked:             556 kB
Node 1 Dirty:               148 kB
Node 1 Writeback:             0 kB
Node 1 FilePages:         77172 kB
Node 1 Mapped:            29544 kB
Node 1 AnonPages:         16644 kB
Node 1 Shmem:               636 kB
Node 1 KernelStack:        2600 kB
Node 1 PageTables:          604 kB
Node 1 NFS_Unstable:          0 kB
Node 1 Bounce:                0 kB
Node 1 WritebackTmp:          0 kB
Node 1 KReclaimable:      21428 kB
Node 1 Slab:              56876 kB
Node 1 SReclaimable:      21428 kB
Node 1 SUnreclaim:        35448 kB
Node 1 AnonHugePages:         0 kB
Node 1 ShmemHugePages:        0 kB
Node 1 ShmemPmdMapped:        0 kB
Node 1 FileHugePages:        0 kB
Node 1 FilePmdMapped:        0 kB
Node 1 HugePages_Total:     0
Node 1 HugePages_Free:      0
Node 1 HugePages_Surp:      0

After Test
Node 0 MemTotal:       24743736 kB
Node 0 MemFree:        19573960 kB
Node 0 MemUsed:         5169776 kB
Node 0 Active:            51576 kB
Node 0 Inactive:          54748 kB
Node 0 Active(anon):      16256 kB
Node 0 Inactive(anon):      488 kB
Node 0 Active(file):      35320 kB
Node 0 Inactive(file):    54260 kB
Node 0 Unevictable:       17968 kB
Node 0 Mlocked:           17968 kB
Node 0 Dirty:                36 kB
Node 0 Writeback:             0 kB
Node 0 FilePages:         97892 kB
Node 0 Mapped:            22868 kB
Node 0 AnonPages:         26316 kB
Node 0 Shmem:               672 kB
Node 0 KernelStack:        2120 kB
Node 0 PageTables:          724 kB
Node 0 NFS_Unstable:          0 kB
Node 0 Bounce:                0 kB
Node 0 WritebackTmp:          0 kB
Node 0 KReclaimable:      23044 kB
Node 0 Slab:              84300 kB
Node 0 SReclaimable:      23044 kB
Node 0 SUnreclaim:        61256 kB
Node 0 AnonHugePages:         0 kB
Node 0 ShmemHugePages:        0 kB
Node 0 ShmemPmdMapped:        0 kB
Node 0 FileHugePages:        0 kB
Node 0 FilePmdMapped:        0 kB
Node 0 HugePages_Total:     0
Node 0 HugePages_Free:      0
Node 0 HugePages_Surp:      0

Node 1 MemTotal:       24686196 kB
Node 1 MemFree:        24168956 kB
Node 1 MemUsed:          517240 kB
Node 1 Active:            51552 kB
Node 1 Inactive:          41960 kB
Node 1 Active(anon):      16928 kB
Node 1 Inactive(anon):      436 kB
Node 1 Active(file):      34624 kB
Node 1 Inactive(file):    41524 kB
Node 1 Unevictable:         556 kB
Node 1 Mlocked:             556 kB
Node 1 Dirty:                20 kB
Node 1 Writeback:             0 kB
Node 1 FilePages:         77344 kB
Node 1 Mapped:            29296 kB
Node 1 AnonPages:         16724 kB
Node 1 Shmem:               640 kB
Node 1 KernelStack:        2504 kB
Node 1 PageTables:          496 kB
Node 1 NFS_Unstable:          0 kB
Node 1 Bounce:                0 kB
Node 1 WritebackTmp:          0 kB
Node 1 KReclaimable:      21512 kB
Node 1 Slab:              57296 kB
Node 1 SReclaimable:      21512 kB
Node 1 SUnreclaim:        35784 kB
Node 1 AnonHugePages:         0 kB
Node 1 ShmemHugePages:        0 kB
Node 1 ShmemPmdMapped:        0 kB
Node 1 FileHugePages:        0 kB
Node 1 FilePmdMapped:        0 kB
Node 1 HugePages_Total:     0
Node 1 HugePages_Free:      0
Node 1 HugePages_Surp:      0

After Opposite Node
Node 0 MemTotal:       24743736 kB
Node 0 MemFree:        19575412 kB
Node 0 MemUsed:         5168324 kB
Node 0 Active:            51592 kB
Node 0 Inactive:          54492 kB
Node 0 Active(anon):      16028 kB
Node 0 Inactive(anon):      444 kB
Node 0 Active(file):      35564 kB
Node 0 Inactive(file):    54048 kB
Node 0 Unevictable:       17968 kB
Node 0 Mlocked:           17968 kB
Node 0 Dirty:                16 kB
Node 0 Writeback:             0 kB
Node 0 FilePages:         97884 kB
Node 0 Mapped:            23072 kB
Node 0 AnonPages:         26172 kB
Node 0 Shmem:               628 kB
Node 0 KernelStack:        2088 kB
Node 0 PageTables:          552 kB
Node 0 NFS_Unstable:          0 kB
Node 0 Bounce:                0 kB
Node 0 WritebackTmp:          0 kB
Node 0 KReclaimable:      23044 kB
Node 0 Slab:              84084 kB
Node 0 SReclaimable:      23044 kB
Node 0 SUnreclaim:        61040 kB
Node 0 AnonHugePages:         0 kB
Node 0 ShmemHugePages:        0 kB
Node 0 ShmemPmdMapped:        0 kB
Node 0 FileHugePages:        0 kB
Node 0 FilePmdMapped:        0 kB
Node 0 HugePages_Total:     0
Node 0 HugePages_Free:      0
Node 0 HugePages_Surp:      0

Node 1 MemTotal:       24686196 kB
Node 1 MemFree:        24168832 kB
Node 1 MemUsed:          517364 kB
Node 1 Active:            51772 kB
Node 1 Inactive:          41980 kB
Node 1 Active(anon):      17120 kB
Node 1 Inactive(anon):      464 kB
Node 1 Active(file):      34652 kB
Node 1 Inactive(file):    41516 kB
Node 1 Unevictable:         556 kB
Node 1 Mlocked:             556 kB
Node 1 Dirty:                 8 kB
Node 1 Writeback:             0 kB
Node 1 FilePages:         77408 kB
Node 1 Mapped:            29340 kB
Node 1 AnonPages:         16860 kB
Node 1 Shmem:               684 kB
Node 1 KernelStack:        2536 kB
Node 1 PageTables:          672 kB
Node 1 NFS_Unstable:          0 kB
Node 1 Bounce:                0 kB
Node 1 WritebackTmp:          0 kB
Node 1 KReclaimable:      21568 kB
Node 1 Slab:              58236 kB
Node 1 SReclaimable:      21568 kB
Node 1 SUnreclaim:        36668 kB
Node 1 AnonHugePages:         0 kB
Node 1 ShmemHugePages:        0 kB
Node 1 ShmemPmdMapped:        0 kB
Node 1 FileHugePages:        0 kB
Node 1 FilePmdMapped:        0 kB
Node 1 HugePages_Total:     0
Node 1 HugePages_Free:      0
Node 1 HugePages_Surp:      0

U.0.fio.4G.2.O Complete!
