kernel.numa_balancing = 0
U.0.fio.8G.2.O
Begin
Node 0 MemTotal:       24768352 kB
Node 0 MemFree:        24427028 kB
Node 0 MemUsed:          341324 kB
Node 0 Active:            32072 kB
Node 0 Inactive:          28188 kB
Node 0 Active(anon):       5820 kB
Node 0 Inactive(anon):      380 kB
Node 0 Active(file):      26252 kB
Node 0 Inactive(file):    27808 kB
Node 0 Unevictable:       17592 kB
Node 0 Mlocked:           17592 kB
Node 0 Dirty:               344 kB
Node 0 Writeback:             0 kB
Node 0 FilePages:         61900 kB
Node 0 Mapped:            24736 kB
Node 0 AnonPages:         15984 kB
Node 0 Shmem:               552 kB
Node 0 KernelStack:        1832 kB
Node 0 PageTables:          356 kB
Node 0 NFS_Unstable:          0 kB
Node 0 Bounce:                0 kB
Node 0 WritebackTmp:          0 kB
Node 0 KReclaimable:      17864 kB
Node 0 Slab:              47468 kB
Node 0 SReclaimable:      17864 kB
Node 0 SUnreclaim:        29604 kB
Node 0 AnonHugePages:         0 kB
Node 0 ShmemHugePages:        0 kB
Node 0 ShmemPmdMapped:        0 kB
Node 0 FileHugePages:        0 kB
Node 0 FilePmdMapped:        0 kB
Node 0 HugePages_Total:     0
Node 0 HugePages_Free:      0
Node 0 HugePages_Surp:      0

Node 1 MemTotal:       24661580 kB
Node 1 MemFree:        24399728 kB
Node 1 MemUsed:          261852 kB
Node 1 Active:            62484 kB
Node 1 Inactive:          56560 kB
Node 1 Active(anon):      27500 kB
Node 1 Inactive(anon):      488 kB
Node 1 Active(file):      34984 kB
Node 1 Inactive(file):    56072 kB
Node 1 Unevictable:         928 kB
Node 1 Mlocked:             928 kB
Node 1 Dirty:               156 kB
Node 1 Writeback:             0 kB
Node 1 FilePages:         92844 kB
Node 1 Mapped:            14720 kB
Node 1 AnonPages:         27300 kB
Node 1 Shmem:               716 kB
Node 1 KernelStack:        1784 kB
Node 1 PageTables:          648 kB
Node 1 NFS_Unstable:          0 kB
Node 1 Bounce:                0 kB
Node 1 WritebackTmp:          0 kB
Node 1 KReclaimable:      23612 kB
Node 1 Slab:              57184 kB
Node 1 SReclaimable:      23612 kB
Node 1 SUnreclaim:        33572 kB
Node 1 AnonHugePages:         0 kB
Node 1 ShmemHugePages:        0 kB
Node 1 ShmemPmdMapped:        0 kB
Node 1 FileHugePages:        0 kB
Node 1 FilePmdMapped:        0 kB
Node 1 HugePages_Total:     0
Node 1 HugePages_Free:      0
Node 1 HugePages_Surp:      0

Load ZFS
Node 0 MemTotal:       24768352 kB
Node 0 MemFree:        24557724 kB
Node 0 MemUsed:          210628 kB
Node 0 Active:            37884 kB
Node 0 Inactive:          24292 kB
Node 0 Active(anon):       6576 kB
Node 0 Inactive(anon):      380 kB
Node 0 Active(file):      31308 kB
Node 0 Inactive(file):    23912 kB
Node 0 Unevictable:       17592 kB
Node 0 Mlocked:           17592 kB
Node 0 Dirty:               368 kB
Node 0 Writeback:             0 kB
Node 0 FilePages:         63036 kB
Node 0 Mapped:            24844 kB
Node 0 AnonPages:         16808 kB
Node 0 Shmem:               552 kB
Node 0 KernelStack:        1976 kB
Node 0 PageTables:          356 kB
Node 0 NFS_Unstable:          0 kB
Node 0 Bounce:                0 kB
Node 0 WritebackTmp:          0 kB
Node 0 KReclaimable:      18360 kB
Node 0 Slab:              49356 kB
Node 0 SReclaimable:      18360 kB
Node 0 SUnreclaim:        30996 kB
Node 0 AnonHugePages:         0 kB
Node 0 ShmemHugePages:        0 kB
Node 0 ShmemPmdMapped:        0 kB
Node 0 FileHugePages:        0 kB
Node 0 FilePmdMapped:        0 kB
Node 0 HugePages_Total:     0
Node 0 HugePages_Free:      0
Node 0 HugePages_Surp:      0

Node 1 MemTotal:       24661580 kB
Node 1 MemFree:        24258972 kB
Node 1 MemUsed:          402608 kB
Node 1 Active:            66280 kB
Node 1 Inactive:          56216 kB
Node 1 Active(anon):      29536 kB
Node 1 Inactive(anon):      488 kB
Node 1 Active(file):      36744 kB
Node 1 Inactive(file):    55728 kB
Node 1 Unevictable:         928 kB
Node 1 Mlocked:             928 kB
Node 1 Dirty:               156 kB
Node 1 Writeback:             0 kB
Node 1 FilePages:         94116 kB
Node 1 Mapped:            14696 kB
Node 1 AnonPages:         29272 kB
Node 1 Shmem:               716 kB
Node 1 KernelStack:        1720 kB
Node 1 PageTables:          884 kB
Node 1 NFS_Unstable:          0 kB
Node 1 Bounce:                0 kB
Node 1 WritebackTmp:          0 kB
Node 1 KReclaimable:      24216 kB
Node 1 Slab:              59900 kB
Node 1 SReclaimable:      24216 kB
Node 1 SUnreclaim:        35684 kB
Node 1 AnonHugePages:         0 kB
Node 1 ShmemHugePages:        0 kB
Node 1 ShmemPmdMapped:        0 kB
Node 1 FileHugePages:        0 kB
Node 1 FilePmdMapped:        0 kB
Node 1 HugePages_Total:     0
Node 1 HugePages_Free:      0
Node 1 HugePages_Surp:      0

Import tank ZPool
Node 0 MemTotal:       24768352 kB
Node 0 MemFree:        24542440 kB
Node 0 MemUsed:          225912 kB
Node 0 Active:            37892 kB
Node 0 Inactive:          24280 kB
Node 0 Active(anon):       6572 kB
Node 0 Inactive(anon):      380 kB
Node 0 Active(file):      31320 kB
Node 0 Inactive(file):    23900 kB
Node 0 Unevictable:       17592 kB
Node 0 Mlocked:           17592 kB
Node 0 Dirty:               160 kB
Node 0 Writeback:             0 kB
Node 0 FilePages:         63072 kB
Node 0 Mapped:            24880 kB
Node 0 AnonPages:         16808 kB
Node 0 Shmem:               548 kB
Node 0 KernelStack:        3032 kB
Node 0 PageTables:          356 kB
Node 0 NFS_Unstable:          0 kB
Node 0 Bounce:                0 kB
Node 0 WritebackTmp:          0 kB
Node 0 KReclaimable:      18360 kB
Node 0 Slab:              51940 kB
Node 0 SReclaimable:      18360 kB
Node 0 SUnreclaim:        33580 kB
Node 0 AnonHugePages:         0 kB
Node 0 ShmemHugePages:        0 kB
Node 0 ShmemPmdMapped:        0 kB
Node 0 FileHugePages:        0 kB
Node 0 FilePmdMapped:        0 kB
Node 0 HugePages_Total:     0
Node 0 HugePages_Free:      0
Node 0 HugePages_Surp:      0

Node 1 MemTotal:       24661580 kB
Node 1 MemFree:        24251520 kB
Node 1 MemUsed:          410060 kB
Node 1 Active:            67196 kB
Node 1 Inactive:          57376 kB
Node 1 Active(anon):      29972 kB
Node 1 Inactive(anon):      492 kB
Node 1 Active(file):      37224 kB
Node 1 Inactive(file):    56884 kB
Node 1 Unevictable:         928 kB
Node 1 Mlocked:             928 kB
Node 1 Dirty:               172 kB
Node 1 Writeback:             8 kB
Node 1 FilePages:         95776 kB
Node 1 Mapped:            14892 kB
Node 1 AnonPages:         29924 kB
Node 1 Shmem:               720 kB
Node 1 KernelStack:        1784 kB
Node 1 PageTables:          904 kB
Node 1 NFS_Unstable:          0 kB
Node 1 Bounce:                0 kB
Node 1 WritebackTmp:          0 kB
Node 1 KReclaimable:      24348 kB
Node 1 Slab:              64724 kB
Node 1 SReclaimable:      24348 kB
Node 1 SUnreclaim:        40376 kB
Node 1 AnonHugePages:         0 kB
Node 1 ShmemHugePages:        0 kB
Node 1 ShmemPmdMapped:        0 kB
Node 1 FileHugePages:        0 kB
Node 1 FilePmdMapped:        0 kB
Node 1 HugePages_Total:     0
Node 1 HugePages_Free:      0
Node 1 HugePages_Surp:      0

After Test
Node 0 MemTotal:       24768352 kB
Node 0 MemFree:        15831792 kB
Node 0 MemUsed:         8936560 kB
Node 0 Active:            37772 kB
Node 0 Inactive:          25476 kB
Node 0 Active(anon):       5684 kB
Node 0 Inactive(anon):      408 kB
Node 0 Active(file):      32088 kB
Node 0 Inactive(file):    25068 kB
Node 0 Unevictable:       17592 kB
Node 0 Mlocked:           17592 kB
Node 0 Dirty:                48 kB
Node 0 Writeback:             0 kB
Node 0 FilePages:         65020 kB
Node 0 Mapped:            24972 kB
Node 0 AnonPages:         15740 kB
Node 0 Shmem:               592 kB
Node 0 KernelStack:        2984 kB
Node 0 PageTables:          468 kB
Node 0 NFS_Unstable:          0 kB
Node 0 Bounce:                0 kB
Node 0 WritebackTmp:          0 kB
Node 0 KReclaimable:      19720 kB
Node 0 Slab:              85748 kB
Node 0 SReclaimable:      19720 kB
Node 0 SUnreclaim:        66028 kB
Node 0 AnonHugePages:         0 kB
Node 0 ShmemHugePages:        0 kB
Node 0 ShmemPmdMapped:        0 kB
Node 0 FileHugePages:        0 kB
Node 0 FilePmdMapped:        0 kB
Node 0 HugePages_Total:     0
Node 0 HugePages_Free:      0
Node 0 HugePages_Surp:      0

Node 1 MemTotal:       24661580 kB
Node 1 MemFree:        23720884 kB
Node 1 MemUsed:          940696 kB
Node 1 Active:            64744 kB
Node 1 Inactive:          57188 kB
Node 1 Active(anon):      27208 kB
Node 1 Inactive(anon):      492 kB
Node 1 Active(file):      37536 kB
Node 1 Inactive(file):    56696 kB
Node 1 Unevictable:         928 kB
Node 1 Mlocked:             928 kB
Node 1 Dirty:                 4 kB
Node 1 Writeback:             0 kB
Node 1 FilePages:         95880 kB
Node 1 Mapped:            14696 kB
Node 1 AnonPages:         26980 kB
Node 1 Shmem:               720 kB
Node 1 KernelStack:        1672 kB
Node 1 PageTables:          632 kB
Node 1 NFS_Unstable:          0 kB
Node 1 Bounce:                0 kB
Node 1 WritebackTmp:          0 kB
Node 1 KReclaimable:      24396 kB
Node 1 Slab:              66320 kB
Node 1 SReclaimable:      24396 kB
Node 1 SUnreclaim:        41924 kB
Node 1 AnonHugePages:         0 kB
Node 1 ShmemHugePages:        0 kB
Node 1 ShmemPmdMapped:        0 kB
Node 1 FileHugePages:        0 kB
Node 1 FilePmdMapped:        0 kB
Node 1 HugePages_Total:     0
Node 1 HugePages_Free:      0
Node 1 HugePages_Surp:      0

After Opposite Node
Node 0 MemTotal:       24768352 kB
Node 0 MemFree:        15838680 kB
Node 0 MemUsed:         8929672 kB
Node 0 Active:            37828 kB
Node 0 Inactive:          25280 kB
Node 0 Active(anon):       5540 kB
Node 0 Inactive(anon):      380 kB
Node 0 Active(file):      32288 kB
Node 0 Inactive(file):    24900 kB
Node 0 Unevictable:       17592 kB
Node 0 Mlocked:           17592 kB
Node 0 Dirty:                44 kB
Node 0 Writeback:             0 kB
Node 0 FilePages:         65016 kB
Node 0 Mapped:            24912 kB
Node 0 AnonPages:         15696 kB
Node 0 Shmem:               548 kB
Node 0 KernelStack:        2968 kB
Node 0 PageTables:          356 kB
Node 0 NFS_Unstable:          0 kB
Node 0 Bounce:                0 kB
Node 0 WritebackTmp:          0 kB
Node 0 KReclaimable:      19720 kB
Node 0 Slab:              85452 kB
Node 0 SReclaimable:      19720 kB
Node 0 SUnreclaim:        65732 kB
Node 0 AnonHugePages:         0 kB
Node 0 ShmemHugePages:        0 kB
Node 0 ShmemPmdMapped:        0 kB
Node 0 FileHugePages:        0 kB
Node 0 FilePmdMapped:        0 kB
Node 0 HugePages_Total:     0
Node 0 HugePages_Free:      0
Node 0 HugePages_Surp:      0

Node 1 MemTotal:       24661580 kB
Node 1 MemFree:        23717188 kB
Node 1 MemUsed:          944392 kB
Node 1 Active:            64968 kB
Node 1 Inactive:          57208 kB
Node 1 Active(anon):      27392 kB
Node 1 Inactive(anon):      520 kB
Node 1 Active(file):      37576 kB
Node 1 Inactive(file):    56688 kB
Node 1 Unevictable:         928 kB
Node 1 Mlocked:             928 kB
Node 1 Dirty:                32 kB
Node 1 Writeback:             0 kB
Node 1 FilePages:         95956 kB
Node 1 Mapped:            14740 kB
Node 1 AnonPages:         27116 kB
Node 1 Shmem:               764 kB
Node 1 KernelStack:        1704 kB
Node 1 PageTables:          804 kB
Node 1 NFS_Unstable:          0 kB
Node 1 Bounce:                0 kB
Node 1 WritebackTmp:          0 kB
Node 1 KReclaimable:      24468 kB
Node 1 Slab:              68088 kB
Node 1 SReclaimable:      24468 kB
Node 1 SUnreclaim:        43620 kB
Node 1 AnonHugePages:         0 kB
Node 1 ShmemHugePages:        0 kB
Node 1 ShmemPmdMapped:        0 kB
Node 1 FileHugePages:        0 kB
Node 1 FilePmdMapped:        0 kB
Node 1 HugePages_Total:     0
Node 1 HugePages_Free:      0
Node 1 HugePages_Surp:      0

U.0.fio.8G.2.O Complete!
