kernel.numa_balancing = 0
U.0.fio.4G.3.O
Begin
Node 0 MemTotal:       24768352 kB
Node 0 MemFree:        24419024 kB
Node 0 MemUsed:          349328 kB
Node 0 Active:            37172 kB
Node 0 Inactive:          36016 kB
Node 0 Active(anon):      14876 kB
Node 0 Inactive(anon):      356 kB
Node 0 Active(file):      22296 kB
Node 0 Inactive(file):    35660 kB
Node 0 Unevictable:       18112 kB
Node 0 Mlocked:           18112 kB
Node 0 Dirty:                52 kB
Node 0 Writeback:             0 kB
Node 0 FilePages:         66676 kB
Node 0 Mapped:            26068 kB
Node 0 AnonPages:         25132 kB
Node 0 Shmem:               500 kB
Node 0 KernelStack:        1880 kB
Node 0 PageTables:          544 kB
Node 0 NFS_Unstable:          0 kB
Node 0 Bounce:                0 kB
Node 0 WritebackTmp:          0 kB
Node 0 KReclaimable:      15828 kB
Node 0 Slab:              43184 kB
Node 0 SReclaimable:      15828 kB
Node 0 SUnreclaim:        27356 kB
Node 0 AnonHugePages:         0 kB
Node 0 ShmemHugePages:        0 kB
Node 0 ShmemPmdMapped:        0 kB
Node 0 FileHugePages:        0 kB
Node 0 FilePmdMapped:        0 kB
Node 0 HugePages_Total:     0
Node 0 HugePages_Free:      0
Node 0 HugePages_Surp:      0

Node 1 MemTotal:       24661580 kB
Node 1 MemFree:        24400028 kB
Node 1 MemUsed:          261552 kB
Node 1 Active:            57456 kB
Node 1 Inactive:          55344 kB
Node 1 Active(anon):      18708 kB
Node 1 Inactive(anon):      516 kB
Node 1 Active(file):      38748 kB
Node 1 Inactive(file):    54828 kB
Node 1 Unevictable:         412 kB
Node 1 Mlocked:             412 kB
Node 1 Dirty:               460 kB
Node 1 Writeback:             0 kB
Node 1 FilePages:         94780 kB
Node 1 Mapped:            21100 kB
Node 1 AnonPages:         18460 kB
Node 1 Shmem:               768 kB
Node 1 KernelStack:        1768 kB
Node 1 PageTables:          540 kB
Node 1 NFS_Unstable:          0 kB
Node 1 Bounce:                0 kB
Node 1 WritebackTmp:          0 kB
Node 1 KReclaimable:      25792 kB
Node 1 Slab:              63108 kB
Node 1 SReclaimable:      25792 kB
Node 1 SUnreclaim:        37316 kB
Node 1 AnonHugePages:         0 kB
Node 1 ShmemHugePages:        0 kB
Node 1 ShmemPmdMapped:        0 kB
Node 1 FileHugePages:        0 kB
Node 1 FilePmdMapped:        0 kB
Node 1 HugePages_Total:     0
Node 1 HugePages_Free:      0
Node 1 HugePages_Surp:      0

Load ZFS
Node 0 MemTotal:       24768352 kB
Node 0 MemFree:        24411752 kB
Node 0 MemUsed:          356600 kB
Node 0 Active:            45816 kB
Node 0 Inactive:          32004 kB
Node 0 Active(anon):      17584 kB
Node 0 Inactive(anon):      356 kB
Node 0 Active(file):      28232 kB
Node 0 Inactive(file):    31648 kB
Node 0 Unevictable:       18112 kB
Node 0 Mlocked:           18112 kB
Node 0 Dirty:                56 kB
Node 0 Writeback:             0 kB
Node 0 FilePages:         68164 kB
Node 0 Mapped:            26080 kB
Node 0 AnonPages:         27720 kB
Node 0 Shmem:               500 kB
Node 0 KernelStack:        2072 kB
Node 0 PageTables:          996 kB
Node 0 NFS_Unstable:          0 kB
Node 0 Bounce:                0 kB
Node 0 WritebackTmp:          0 kB
Node 0 KReclaimable:      16336 kB
Node 0 Slab:              44960 kB
Node 0 SReclaimable:      16336 kB
Node 0 SUnreclaim:        28624 kB
Node 0 AnonHugePages:         0 kB
Node 0 ShmemHugePages:        0 kB
Node 0 ShmemPmdMapped:        0 kB
Node 0 FileHugePages:        0 kB
Node 0 FilePmdMapped:        0 kB
Node 0 HugePages_Total:     0
Node 0 HugePages_Free:      0
Node 0 HugePages_Surp:      0

Node 1 MemTotal:       24661580 kB
Node 1 MemFree:        24395116 kB
Node 1 MemUsed:          266464 kB
Node 1 Active:            61856 kB
Node 1 Inactive:          55192 kB
Node 1 Active(anon):      22016 kB
Node 1 Inactive(anon):      516 kB
Node 1 Active(file):      39840 kB
Node 1 Inactive(file):    54676 kB
Node 1 Unevictable:         412 kB
Node 1 Mlocked:             412 kB
Node 1 Dirty:               488 kB
Node 1 Writeback:             0 kB
Node 1 FilePages:         95692 kB
Node 1 Mapped:            21316 kB
Node 1 AnonPages:         21848 kB
Node 1 Shmem:               768 kB
Node 1 KernelStack:        1736 kB
Node 1 PageTables:          580 kB
Node 1 NFS_Unstable:          0 kB
Node 1 Bounce:                0 kB
Node 1 WritebackTmp:          0 kB
Node 1 KReclaimable:      26204 kB
Node 1 Slab:              65156 kB
Node 1 SReclaimable:      26204 kB
Node 1 SUnreclaim:        38952 kB
Node 1 AnonHugePages:         0 kB
Node 1 ShmemHugePages:        0 kB
Node 1 ShmemPmdMapped:        0 kB
Node 1 FileHugePages:        0 kB
Node 1 FilePmdMapped:        0 kB
Node 1 HugePages_Total:     0
Node 1 HugePages_Free:      0
Node 1 HugePages_Surp:      0

Import tank ZPool
Node 0 MemTotal:       24768352 kB
Node 0 MemFree:        24405992 kB
Node 0 MemUsed:          362360 kB
Node 0 Active:            46520 kB
Node 0 Inactive:          33228 kB
Node 0 Active(anon):      17808 kB
Node 0 Inactive(anon):      360 kB
Node 0 Active(file):      28712 kB
Node 0 Inactive(file):    32868 kB
Node 0 Unevictable:       18112 kB
Node 0 Mlocked:           18112 kB
Node 0 Dirty:                80 kB
Node 0 Writeback:             0 kB
Node 0 FilePages:         69928 kB
Node 0 Mapped:            26228 kB
Node 0 AnonPages:         28040 kB
Node 0 Shmem:               504 kB
Node 0 KernelStack:        2104 kB
Node 0 PageTables:         1036 kB
Node 0 NFS_Unstable:          0 kB
Node 0 Bounce:                0 kB
Node 0 WritebackTmp:          0 kB
Node 0 KReclaimable:      16480 kB
Node 0 Slab:              49616 kB
Node 0 SReclaimable:      16480 kB
Node 0 SUnreclaim:        33136 kB
Node 0 AnonHugePages:         0 kB
Node 0 ShmemHugePages:        0 kB
Node 0 ShmemPmdMapped:        0 kB
Node 0 FileHugePages:        0 kB
Node 0 FilePmdMapped:        0 kB
Node 0 HugePages_Total:     0
Node 0 HugePages_Free:      0
Node 0 HugePages_Surp:      0

Node 1 MemTotal:       24661580 kB
Node 1 MemFree:        24382556 kB
Node 1 MemUsed:          279024 kB
Node 1 Active:            61964 kB
Node 1 Inactive:          55164 kB
Node 1 Active(anon):      22092 kB
Node 1 Inactive(anon):      516 kB
Node 1 Active(file):      39872 kB
Node 1 Inactive(file):    54648 kB
Node 1 Unevictable:         412 kB
Node 1 Mlocked:             412 kB
Node 1 Dirty:               284 kB
Node 1 Writeback:             0 kB
Node 1 FilePages:         95696 kB
Node 1 Mapped:            21188 kB
Node 1 AnonPages:         21884 kB
Node 1 Shmem:               764 kB
Node 1 KernelStack:        2840 kB
Node 1 PageTables:          580 kB
Node 1 NFS_Unstable:          0 kB
Node 1 Bounce:                0 kB
Node 1 WritebackTmp:          0 kB
Node 1 KReclaimable:      26244 kB
Node 1 Slab:              67760 kB
Node 1 SReclaimable:      26244 kB
Node 1 SUnreclaim:        41516 kB
Node 1 AnonHugePages:         0 kB
Node 1 ShmemHugePages:        0 kB
Node 1 ShmemPmdMapped:        0 kB
Node 1 FileHugePages:        0 kB
Node 1 FilePmdMapped:        0 kB
Node 1 HugePages_Total:     0
Node 1 HugePages_Free:      0
Node 1 HugePages_Surp:      0

After Test
Node 0 MemTotal:       24768352 kB
Node 0 MemFree:        19436348 kB
Node 0 MemUsed:         5332004 kB
Node 0 Active:            44412 kB
Node 0 Inactive:          34104 kB
Node 0 Active(anon):      14476 kB
Node 0 Inactive(anon):      388 kB
Node 0 Active(file):      29936 kB
Node 0 Inactive(file):    33716 kB
Node 0 Unevictable:       18112 kB
Node 0 Mlocked:           18112 kB
Node 0 Dirty:                20 kB
Node 0 Writeback:             0 kB
Node 0 FilePages:         71984 kB
Node 0 Mapped:            26332 kB
Node 0 AnonPages:         24552 kB
Node 0 Shmem:               548 kB
Node 0 KernelStack:        1800 kB
Node 0 PageTables:          608 kB
Node 0 NFS_Unstable:          0 kB
Node 0 Bounce:                0 kB
Node 0 WritebackTmp:          0 kB
Node 0 KReclaimable:      17892 kB
Node 0 Slab:              71856 kB
Node 0 SReclaimable:      17892 kB
Node 0 SUnreclaim:        53964 kB
Node 0 AnonHugePages:         0 kB
Node 0 ShmemHugePages:        0 kB
Node 0 ShmemPmdMapped:        0 kB
Node 0 FileHugePages:        0 kB
Node 0 FilePmdMapped:        0 kB
Node 0 HugePages_Total:     0
Node 0 HugePages_Free:      0
Node 0 HugePages_Surp:      0

Node 1 MemTotal:       24661580 kB
Node 1 MemFree:        24312848 kB
Node 1 MemUsed:          348732 kB
Node 1 Active:            58324 kB
Node 1 Inactive:          55164 kB
Node 1 Active(anon):      18444 kB
Node 1 Inactive(anon):      516 kB
Node 1 Active(file):      39880 kB
Node 1 Inactive(file):    54648 kB
Node 1 Unevictable:         412 kB
Node 1 Mlocked:             412 kB
Node 1 Dirty:                32 kB
Node 1 Writeback:             0 kB
Node 1 FilePages:         95708 kB
Node 1 Mapped:            21156 kB
Node 1 AnonPages:         18196 kB
Node 1 Shmem:               764 kB
Node 1 KernelStack:        2808 kB
Node 1 PageTables:          540 kB
Node 1 NFS_Unstable:          0 kB
Node 1 Bounce:                0 kB
Node 1 WritebackTmp:          0 kB
Node 1 KReclaimable:      26260 kB
Node 1 Slab:              67976 kB
Node 1 SReclaimable:      26260 kB
Node 1 SUnreclaim:        41716 kB
Node 1 AnonHugePages:         0 kB
Node 1 ShmemHugePages:        0 kB
Node 1 ShmemPmdMapped:        0 kB
Node 1 FileHugePages:        0 kB
Node 1 FilePmdMapped:        0 kB
Node 1 HugePages_Total:     0
Node 1 HugePages_Free:      0
Node 1 HugePages_Surp:      0

After Opposite Node
Node 0 MemTotal:       24768352 kB
Node 0 MemFree:        19444504 kB
Node 0 MemUsed:         5323848 kB
Node 0 Active:            44448 kB
Node 0 Inactive:          33904 kB
Node 0 Active(anon):      14324 kB
Node 0 Inactive(anon):      360 kB
Node 0 Active(file):      30124 kB
Node 0 Inactive(file):    33544 kB
Node 0 Unevictable:       18112 kB
Node 0 Mlocked:           18112 kB
Node 0 Dirty:                40 kB
Node 0 Writeback:             0 kB
Node 0 FilePages:         71956 kB
Node 0 Mapped:            26308 kB
Node 0 AnonPages:         24508 kB
Node 0 Shmem:               504 kB
Node 0 KernelStack:        1768 kB
Node 0 PageTables:          492 kB
Node 0 NFS_Unstable:          0 kB
Node 0 Bounce:                0 kB
Node 0 WritebackTmp:          0 kB
Node 0 KReclaimable:      17892 kB
Node 0 Slab:              71496 kB
Node 0 SReclaimable:      17892 kB
Node 0 SUnreclaim:        53604 kB
Node 0 AnonHugePages:         0 kB
Node 0 ShmemHugePages:        0 kB
Node 0 ShmemPmdMapped:        0 kB
Node 0 FileHugePages:        0 kB
Node 0 FilePmdMapped:        0 kB
Node 0 HugePages_Total:     0
Node 0 HugePages_Free:      0
Node 0 HugePages_Surp:      0

Node 1 MemTotal:       24661580 kB
Node 1 MemFree:        24311756 kB
Node 1 MemUsed:          349824 kB
Node 1 Active:            58500 kB
Node 1 Inactive:          55196 kB
Node 1 Active(anon):      18600 kB
Node 1 Inactive(anon):      540 kB
Node 1 Active(file):      39900 kB
Node 1 Inactive(file):    54656 kB
Node 1 Unevictable:         412 kB
Node 1 Mlocked:             412 kB
Node 1 Dirty:                48 kB
Node 1 Writeback:             0 kB
Node 1 FilePages:         95780 kB
Node 1 Mapped:            21200 kB
Node 1 AnonPages:         18256 kB
Node 1 Shmem:               808 kB
Node 1 KernelStack:        2840 kB
Node 1 PageTables:          660 kB
Node 1 NFS_Unstable:          0 kB
Node 1 Bounce:                0 kB
Node 1 WritebackTmp:          0 kB
Node 1 KReclaimable:      26352 kB
Node 1 Slab:              69112 kB
Node 1 SReclaimable:      26352 kB
Node 1 SUnreclaim:        42760 kB
Node 1 AnonHugePages:         0 kB
Node 1 ShmemHugePages:        0 kB
Node 1 ShmemPmdMapped:        0 kB
Node 1 FileHugePages:        0 kB
Node 1 FilePmdMapped:        0 kB
Node 1 HugePages_Total:     0
Node 1 HugePages_Free:      0
Node 1 HugePages_Surp:      0

U.0.fio.4G.3.O Complete!
