Fio Node 0 pages
55e6ed332000 bind:0 file=/usr/bin/dash mapped=19 mapmax=3 N0=19 kernelpagesize_kB=4
55e6ed345000 bind:0 file=/usr/bin/dash mapped=6 mapmax=3 N0=6 kernelpagesize_kB=4
55e6ed34b000 bind:0 file=/usr/bin/dash anon=2 dirty=2 mapmax=2 N0=2 kernelpagesize_kB=4
55e6ed34d000 bind:0 file=/usr/bin/dash anon=1 dirty=1 N0=1 kernelpagesize_kB=4
55e6ed34e000 bind:0 anon=1 dirty=1 N0=1 kernelpagesize_kB=4
55e6edee2000 bind:0 heap anon=2 dirty=2 mapmax=2 N0=2 kernelpagesize_kB=4
7fd313928000 bind:0 file=/usr/lib/x86_64-linux-gnu/libc-2.31.so anon=3 dirty=3 mapmax=2 N0=3 kernelpagesize_kB=4
7fd31392b000 bind:0 file=/usr/lib/x86_64-linux-gnu/libc-2.31.so anon=3 dirty=3 mapmax=2 N0=3 kernelpagesize_kB=4
7fd31392e000 bind:0 anon=6 dirty=6 mapmax=2 N0=6 kernelpagesize_kB=4
7fd31396b000 bind:0 file=/usr/lib/x86_64-linux-gnu/ld-2.31.so anon=1 dirty=1 mapmax=2 N0=1 kernelpagesize_kB=4
7fd31396c000 bind:0 file=/usr/lib/x86_64-linux-gnu/ld-2.31.so anon=1 dirty=1 N0=1 kernelpagesize_kB=4
7fd31396d000 bind:0 anon=1 dirty=1 mapmax=2 N0=1 kernelpagesize_kB=4
7fff9cacf000 bind:0 stack anon=3 dirty=3 mapmax=2 N0=3 kernelpagesize_kB=4
Fio Node 1 pages
7fd313765000 bind:0 file=/usr/lib/x86_64-linux-gnu/libc-2.31.so mapped=112 mapmax=25 N1=112 kernelpagesize_kB=4
7fd3138dd000 bind:0 file=/usr/lib/x86_64-linux-gnu/libc-2.31.so mapped=32 mapmax=25 N1=32 kernelpagesize_kB=4
Fio Node 0 pages
55cc40a95000 bind:0 file=/usr/local/bin/fio mapped=16 active=1 N0=16 kernelpagesize_kB=4
55cc40b59000 bind:0 file=/usr/local/bin/fio anon=2 dirty=2 mapped=17 active=2 N0=17 kernelpagesize_kB=4
7fae22403000 bind:0 anon=2 dirty=2 N0=2 kernelpagesize_kB=4
7fae225ed000 bind:0 file=/usr/lib/x86_64-linux-gnu/libc-2.31.so anon=6 dirty=6 N0=6 kernelpagesize_kB=4
7fae225f7000 bind:0 file=/usr/lib/x86_64-linux-gnu/libaio.so.1.0.1 mapped=1 mapmax=2 N0=1 kernelpagesize_kB=4
7fae225fa000 bind:0 file=/usr/lib/x86_64-linux-gnu/libaio.so.1.0.1 anon=2 dirty=2 N0=2 kernelpagesize_kB=4
7fae22600000 bind:0 file=/usr/lib/x86_64-linux-gnu/libdl-2.31.so anon=2 dirty=2 N0=2 kernelpagesize_kB=4
7fae22602000 bind:0 anon=2 dirty=2 N0=2 kernelpagesize_kB=4
7fae22604000 bind:0 file=/usr/lib/x86_64-linux-gnu/libmvec-2.31.so mapped=2 active=1 N0=2 kernelpagesize_kB=4
7fae2262e000 bind:0 file=/usr/lib/x86_64-linux-gnu/libmvec-2.31.so anon=2 dirty=2 N0=2 kernelpagesize_kB=4
7fae2277d000 bind:0 file=/usr/lib/x86_64-linux-gnu/libm-2.31.so anon=2 dirty=2 N0=2 kernelpagesize_kB=4
7fae2279c000 bind:0 file=/usr/lib/x86_64-linux-gnu/libpthread-2.31.so anon=2 dirty=2 N0=2 kernelpagesize_kB=4
7fae227bc000 bind:0 file=/usr/lib/x86_64-linux-gnu/libz.so.1.2.11 anon=2 dirty=2 N0=2 kernelpagesize_kB=4
7fae227c7000 bind:0 file=/usr/lib/x86_64-linux-gnu/librt-2.31.so anon=2 dirty=2 N0=2 kernelpagesize_kB=4
7fae227c9000 bind:0 file=/usr/lib/x86_64-linux-gnu/libnuma.so.1.0.0 mapped=3 mapmax=2 N0=3 kernelpagesize_kB=4
7fae227d4000 bind:0 file=/usr/lib/x86_64-linux-gnu/libnuma.so.1.0.0 anon=2 dirty=2 N0=2 kernelpagesize_kB=4
7fae227d6000 bind:0 anon=2 dirty=2 N0=2 kernelpagesize_kB=4
7fae227e2000 bind:0 file=/usr/lib/x86_64-linux-gnu/ld-2.31.so mapped=1 mapmax=25 N0=1 kernelpagesize_kB=4
7fae227e3000 bind:0 file=/usr/lib/x86_64-linux-gnu/ld-2.31.so mapped=35 mapmax=25 N0=35 kernelpagesize_kB=4
7fae22806000 bind:0 file=/usr/lib/x86_64-linux-gnu/ld-2.31.so mapped=8 mapmax=25 N0=8 kernelpagesize_kB=4
7fae2280f000 bind:0 file=/usr/lib/x86_64-linux-gnu/ld-2.31.so anon=2 dirty=2 N0=2 kernelpagesize_kB=4
7fae22811000 bind:0 anon=1 dirty=1 N0=1 kernelpagesize_kB=4
7fffff02c000 bind:0 stack anon=3 dirty=3 N0=3 kernelpagesize_kB=4
Fio Node 1 pages
7fae22405000 bind:0 file=/usr/lib/x86_64-linux-gnu/libc-2.31.so mapped=37 mapmax=25 N1=37 kernelpagesize_kB=4
7fae2242a000 bind:0 file=/usr/lib/x86_64-linux-gnu/libc-2.31.so mapped=278 mapmax=25 N1=278 kernelpagesize_kB=4
7fae225a2000 bind:0 file=/usr/lib/x86_64-linux-gnu/libc-2.31.so mapped=46 mapmax=24 N1=46 kernelpagesize_kB=4
7fae225fc000 bind:0 file=/usr/lib/x86_64-linux-gnu/libdl-2.31.so mapped=1 mapmax=20 N1=1 kernelpagesize_kB=4
7fae225fd000 bind:0 file=/usr/lib/x86_64-linux-gnu/libdl-2.31.so mapped=2 mapmax=19 N1=2 kernelpagesize_kB=4
7fae22630000 bind:0 file=/usr/lib/x86_64-linux-gnu/libm-2.31.so mapped=15 mapmax=12 N1=15 kernelpagesize_kB=4
7fae2263f000 bind:0 file=/usr/lib/x86_64-linux-gnu/libm-2.31.so mapped=80 mapmax=12 N1=80 kernelpagesize_kB=4
7fae2277f000 bind:0 file=/usr/lib/x86_64-linux-gnu/libpthread-2.31.so mapped=6 mapmax=22 N1=6 kernelpagesize_kB=4
7fae22786000 bind:0 file=/usr/lib/x86_64-linux-gnu/libpthread-2.31.so mapped=17 mapmax=22 N1=17 kernelpagesize_kB=4
7fae227a2000 bind:0 file=/usr/lib/x86_64-linux-gnu/libz.so.1.2.11 mapped=2 mapmax=8 N1=2 kernelpagesize_kB=4
7fae227a4000 bind:0 file=/usr/lib/x86_64-linux-gnu/libz.so.1.2.11 mapped=15 mapmax=8 N1=15 kernelpagesize_kB=4
7fae227be000 bind:0 file=/usr/lib/x86_64-linux-gnu/librt-2.31.so mapped=3 mapmax=17 N1=3 kernelpagesize_kB=4
7fae227c1000 bind:0 file=/usr/lib/x86_64-linux-gnu/librt-2.31.so mapped=4 mapmax=17 N1=4 kernelpagesize_kB=4
U.0.fio.500M.1.O
Begin
Node 0 MemTotal:       24743736 kB
Node 0 MemFree:        24475488 kB
Node 0 MemUsed:          268248 kB
Node 0 Active:            56924 kB
Node 0 Inactive:          60244 kB
Node 0 Active(anon):      16972 kB
Node 0 Inactive(anon):      368 kB
Node 0 Active(file):      39952 kB
Node 0 Inactive(file):    59876 kB
Node 0 Unevictable:        1476 kB
Node 0 Mlocked:            1476 kB
Node 0 Dirty:               188 kB
Node 0 Writeback:             0 kB
Node 0 FilePages:        101908 kB
Node 0 Mapped:            24056 kB
Node 0 AnonPages:         16772 kB
Node 0 Shmem:               592 kB
Node 0 KernelStack:        2328 kB
Node 0 PageTables:          640 kB
Node 0 NFS_Unstable:          0 kB
Node 0 Bounce:                0 kB
Node 0 WritebackTmp:          0 kB
Node 0 KReclaimable:      20248 kB
Node 0 Slab:              59240 kB
Node 0 SReclaimable:      20248 kB
Node 0 SUnreclaim:        38992 kB
Node 0 AnonHugePages:         0 kB
Node 0 ShmemHugePages:        0 kB
Node 0 ShmemPmdMapped:        0 kB
Node 0 FileHugePages:        0 kB
Node 0 FilePmdMapped:        0 kB
Node 0 HugePages_Total:     0
Node 0 HugePages_Free:      0
Node 0 HugePages_Surp:      0

Node 1 MemTotal:       24686196 kB
Node 1 MemFree:        24312708 kB
Node 1 MemUsed:          373488 kB
Node 1 Active:            38048 kB
Node 1 Inactive:          58884 kB
Node 1 Active(anon):      16980 kB
Node 1 Inactive(anon):      516 kB
Node 1 Active(file):      21068 kB
Node 1 Inactive(file):    58368 kB
Node 1 Unevictable:       17048 kB
Node 1 Mlocked:           17048 kB
Node 1 Dirty:               160 kB
Node 1 Writeback:             0 kB
Node 1 FilePages:         86880 kB
Node 1 Mapped:            45884 kB
Node 1 AnonPages:         27200 kB
Node 1 Shmem:               676 kB
Node 1 KernelStack:        1320 kB
Node 1 PageTables:          564 kB
Node 1 NFS_Unstable:          0 kB
Node 1 Bounce:                0 kB
Node 1 WritebackTmp:          0 kB
Node 1 KReclaimable:      21728 kB
Node 1 Slab:              49352 kB
Node 1 SReclaimable:      21728 kB
Node 1 SUnreclaim:        27624 kB
Node 1 AnonHugePages:         0 kB
Node 1 ShmemHugePages:        0 kB
Node 1 ShmemPmdMapped:        0 kB
Node 1 FileHugePages:        0 kB
Node 1 FilePmdMapped:        0 kB
Node 1 HugePages_Total:     0
Node 1 HugePages_Free:      0
Node 1 HugePages_Surp:      0

Load ZFS
Node 0 MemTotal:       24743736 kB
Node 0 MemFree:        24472876 kB
Node 0 MemUsed:          270860 kB
Node 0 Active:            58216 kB
Node 0 Inactive:          60632 kB
Node 0 Active(anon):      17532 kB
Node 0 Inactive(anon):      372 kB
Node 0 Active(file):      40684 kB
Node 0 Inactive(file):    60260 kB
Node 0 Unevictable:        1476 kB
Node 0 Mlocked:            1476 kB
Node 0 Dirty:               212 kB
Node 0 Writeback:             0 kB
Node 0 FilePages:        103008 kB
Node 0 Mapped:            24068 kB
Node 0 AnonPages:         17328 kB
Node 0 Shmem:               592 kB
Node 0 KernelStack:        2312 kB
Node 0 PageTables:          644 kB
Node 0 NFS_Unstable:          0 kB
Node 0 Bounce:                0 kB
Node 0 WritebackTmp:          0 kB
Node 0 KReclaimable:      20752 kB
Node 0 Slab:              61308 kB
Node 0 SReclaimable:      20752 kB
Node 0 SUnreclaim:        40556 kB
Node 0 AnonHugePages:         0 kB
Node 0 ShmemHugePages:        0 kB
Node 0 ShmemPmdMapped:        0 kB
Node 0 FileHugePages:        0 kB
Node 0 FilePmdMapped:        0 kB
Node 0 HugePages_Total:     0
Node 0 HugePages_Free:      0
Node 0 HugePages_Surp:      0

Node 1 MemTotal:       24686196 kB
Node 1 MemFree:        24306648 kB
Node 1 MemUsed:          379548 kB
Node 1 Active:            45632 kB
Node 1 Inactive:          54456 kB
Node 1 Active(anon):      18664 kB
Node 1 Inactive(anon):      516 kB
Node 1 Active(file):      26968 kB
Node 1 Inactive(file):    53940 kB
Node 1 Unevictable:       17048 kB
Node 1 Mlocked:           17048 kB
Node 1 Dirty:               168 kB
Node 1 Writeback:             0 kB
Node 1 FilePages:         88304 kB
Node 1 Mapped:            46048 kB
Node 1 AnonPages:         28788 kB
Node 1 Shmem:               676 kB
Node 1 KernelStack:        1384 kB
Node 1 PageTables:          708 kB
Node 1 NFS_Unstable:          0 kB
Node 1 Bounce:                0 kB
Node 1 WritebackTmp:          0 kB
Node 1 KReclaimable:      22144 kB
Node 1 Slab:              51076 kB
Node 1 SReclaimable:      22144 kB
Node 1 SUnreclaim:        28932 kB
Node 1 AnonHugePages:         0 kB
Node 1 ShmemHugePages:        0 kB
Node 1 ShmemPmdMapped:        0 kB
Node 1 FileHugePages:        0 kB
Node 1 FilePmdMapped:        0 kB
Node 1 HugePages_Total:     0
Node 1 HugePages_Free:      0
Node 1 HugePages_Surp:      0

Import tank ZPool
Node 0 MemTotal:       24743736 kB
Node 0 MemFree:        24459592 kB
Node 0 MemUsed:          284144 kB
Node 0 Active:            57664 kB
Node 0 Inactive:          60632 kB
Node 0 Active(anon):      16980 kB
Node 0 Inactive(anon):      372 kB
Node 0 Active(file):      40684 kB
Node 0 Inactive(file):    60260 kB
Node 0 Unevictable:        1476 kB
Node 0 Mlocked:            1476 kB
Node 0 Dirty:               236 kB
Node 0 Writeback:             0 kB
Node 0 FilePages:        103044 kB
Node 0 Mapped:            24212 kB
Node 0 AnonPages:         16764 kB
Node 0 Shmem:               588 kB
Node 0 KernelStack:        3400 kB
Node 0 PageTables:          640 kB
Node 0 NFS_Unstable:          0 kB
Node 0 Bounce:                0 kB
Node 0 WritebackTmp:          0 kB
Node 0 KReclaimable:      20756 kB
Node 0 Slab:              63892 kB
Node 0 SReclaimable:      20756 kB
Node 0 SUnreclaim:        43136 kB
Node 0 AnonHugePages:         0 kB
Node 0 ShmemHugePages:        0 kB
Node 0 ShmemPmdMapped:        0 kB
Node 0 FileHugePages:        0 kB
Node 0 FilePmdMapped:        0 kB
Node 0 HugePages_Total:     0
Node 0 HugePages_Free:      0
Node 0 HugePages_Surp:      0

Node 1 MemTotal:       24686196 kB
Node 1 MemFree:        24300580 kB
Node 1 MemUsed:          385616 kB
Node 1 Active:            43696 kB
Node 1 Inactive:          55604 kB
Node 1 Active(anon):      16364 kB
Node 1 Inactive(anon):      520 kB
Node 1 Active(file):      27332 kB
Node 1 Inactive(file):    55084 kB
Node 1 Unevictable:       17048 kB
Node 1 Mlocked:           17048 kB
Node 1 Dirty:               184 kB
Node 1 Writeback:             0 kB
Node 1 FilePages:         89820 kB
Node 1 Mapped:            46024 kB
Node 1 AnonPages:         26212 kB
Node 1 Shmem:               680 kB
Node 1 KernelStack:        1352 kB
Node 1 PageTables:          596 kB
Node 1 NFS_Unstable:          0 kB
Node 1 Bounce:                0 kB
Node 1 WritebackTmp:          0 kB
Node 1 KReclaimable:      22280 kB
Node 1 Slab:              55712 kB
Node 1 SReclaimable:      22280 kB
Node 1 SUnreclaim:        33432 kB
Node 1 AnonHugePages:         0 kB
Node 1 ShmemHugePages:        0 kB
Node 1 ShmemPmdMapped:        0 kB
Node 1 FileHugePages:        0 kB
Node 1 FilePmdMapped:        0 kB
Node 1 HugePages_Total:     0
Node 1 HugePages_Free:      0
Node 1 HugePages_Surp:      0

After Test
Node 0 MemTotal:       24743736 kB
Node 0 MemFree:        23703072 kB
Node 0 MemUsed:         1040664 kB
Node 0 Active:            58700 kB
Node 0 Inactive:          61808 kB
Node 0 Active(anon):      17140 kB
Node 0 Inactive(anon):      400 kB
Node 0 Active(file):      41560 kB
Node 0 Inactive(file):    61408 kB
Node 0 Unevictable:        1476 kB
Node 0 Mlocked:            1476 kB
Node 0 Dirty:                64 kB
Node 0 Writeback:             0 kB
Node 0 FilePages:        105072 kB
Node 0 Mapped:            24332 kB
Node 0 AnonPages:         16812 kB
Node 0 Shmem:               632 kB
Node 0 KernelStack:        3432 kB
Node 0 PageTables:          756 kB
Node 0 NFS_Unstable:          0 kB
Node 0 Bounce:                0 kB
Node 0 WritebackTmp:          0 kB
Node 0 KReclaimable:      22044 kB
Node 0 Slab:              70548 kB
Node 0 SReclaimable:      22044 kB
Node 0 SUnreclaim:        48504 kB
Node 0 AnonHugePages:         0 kB
Node 0 ShmemHugePages:        0 kB
Node 0 ShmemPmdMapped:        0 kB
Node 0 FileHugePages:        0 kB
Node 0 FilePmdMapped:        0 kB
Node 0 HugePages_Total:     0
Node 0 HugePages_Free:      0
Node 0 HugePages_Surp:      0
Fio Node 0 pages
564519fca000 bind:1 file=/usr/local/bin/fio mapped=16 N0=16 kernelpagesize_kB=4
56451a08e000 bind:1 file=/usr/local/bin/fio anon=2 dirty=2 mapped=17 active=4 N0=15 N1=2 kernelpagesize_kB=4
7f97ae039000 bind:1 file=/usr/lib/x86_64-linux-gnu/libaio.so.1.0.1 mapped=1 mapmax=2 N0=1 kernelpagesize_kB=4
7f97ae046000 bind:1 file=/usr/lib/x86_64-linux-gnu/libmvec-2.31.so mapped=2 N0=2 kernelpagesize_kB=4
7f97ae20b000 bind:1 file=/usr/lib/x86_64-linux-gnu/libnuma.so.1.0.0 mapped=3 mapmax=2 N0=3 kernelpagesize_kB=4
7f97ae224000 bind:1 file=/usr/lib/x86_64-linux-gnu/ld-2.31.so mapped=1 mapmax=25 N0=1 kernelpagesize_kB=4
7f97ae225000 bind:1 file=/usr/lib/x86_64-linux-gnu/ld-2.31.so mapped=35 mapmax=25 N0=35 kernelpagesize_kB=4
7f97ae248000 bind:1 file=/usr/lib/x86_64-linux-gnu/ld-2.31.so mapped=8 mapmax=25 N0=8 kernelpagesize_kB=4
Fio Node 1 pages
56451a08e000 bind:1 file=/usr/local/bin/fio anon=2 dirty=2 N1=2 kernelpagesize_kB=4
56451a090000 bind:1 file=/usr/local/bin/fio anon=112 dirty=112 mapped=116 active=114 N0=4 N1=112 kernelpagesize_kB=4
56451a16c000 bind:1 anon=2 dirty=2 N1=2 kernelpagesize_kB=4
56451b111000 bind:1 heap anon=4 dirty=4 N1=4 kernelpagesize_kB=4
7f97abe23000 bind:1 file=/dev/zero\040(deleted) dirty=17 active=0 N1=17 kernelpagesize_kB=4
7f97ace34000 bind:1 file=/dev/zero\040(deleted) dirty=17 active=0 N1=17 kernelpagesize_kB=4
7f97ade45000 bind:1 anon=2 dirty=2 N1=2 kernelpagesize_kB=4
7f97ade47000 bind:1 file=/usr/lib/x86_64-linux-gnu/libc-2.31.so mapped=37 mapmax=25 N1=37 kernelpagesize_kB=4
7f97ade6c000 bind:1 file=/usr/lib/x86_64-linux-gnu/libc-2.31.so mapped=260 mapmax=25 N1=260 kernelpagesize_kB=4
7f97adfe4000 bind:1 file=/usr/lib/x86_64-linux-gnu/libc-2.31.so mapped=44 mapmax=24 N1=44 kernelpagesize_kB=4
7f97ae02f000 bind:1 file=/usr/lib/x86_64-linux-gnu/libc-2.31.so anon=3 dirty=3 N1=3 kernelpagesize_kB=4
7f97ae032000 bind:1 file=/usr/lib/x86_64-linux-gnu/libc-2.31.so anon=3 dirty=3 N1=3 kernelpagesize_kB=4
7f97ae035000 bind:1 anon=4 dirty=4 N1=4 kernelpagesize_kB=4
7f97ae03c000 bind:1 file=/usr/lib/x86_64-linux-gnu/libaio.so.1.0.1 anon=1 dirty=1 N1=1 kernelpagesize_kB=4
7f97ae03d000 bind:1 file=/usr/lib/x86_64-linux-gnu/libaio.so.1.0.1 anon=1 dirty=1 N1=1 kernelpagesize_kB=4
7f97ae03e000 bind:1 file=/usr/lib/x86_64-linux-gnu/libdl-2.31.so mapped=1 mapmax=20 N1=1 kernelpagesize_kB=4
7f97ae03f000 bind:1 file=/usr/lib/x86_64-linux-gnu/libdl-2.31.so mapped=2 mapmax=19 N1=2 kernelpagesize_kB=4
7f97ae042000 bind:1 file=/usr/lib/x86_64-linux-gnu/libdl-2.31.so anon=1 dirty=1 N1=1 kernelpagesize_kB=4
7f97ae043000 bind:1 file=/usr/lib/x86_64-linux-gnu/libdl-2.31.so anon=1 dirty=1 N1=1 kernelpagesize_kB=4
7f97ae044000 bind:1 anon=2 dirty=2 N1=2 kernelpagesize_kB=4
7f97ae070000 bind:1 file=/usr/lib/x86_64-linux-gnu/libmvec-2.31.so anon=1 dirty=1 N1=1 kernelpagesize_kB=4
7f97ae071000 bind:1 file=/usr/lib/x86_64-linux-gnu/libmvec-2.31.so anon=1 dirty=1 N1=1 kernelpagesize_kB=4
7f97ae072000 bind:1 file=/usr/lib/x86_64-linux-gnu/libm-2.31.so mapped=15 mapmax=12 N1=15 kernelpagesize_kB=4
7f97ae081000 bind:1 file=/usr/lib/x86_64-linux-gnu/libm-2.31.so mapped=79 mapmax=12 N1=79 kernelpagesize_kB=4
7f97ae1bf000 bind:1 file=/usr/lib/x86_64-linux-gnu/libm-2.31.so anon=1 dirty=1 N1=1 kernelpagesize_kB=4
7f97ae1c0000 bind:1 file=/usr/lib/x86_64-linux-gnu/libm-2.31.so anon=1 dirty=1 N1=1 kernelpagesize_kB=4
7f97ae1c1000 bind:1 file=/usr/lib/x86_64-linux-gnu/libpthread-2.31.so mapped=7 mapmax=22 N1=7 kernelpagesize_kB=4
7f97ae1c8000 bind:1 file=/usr/lib/x86_64-linux-gnu/libpthread-2.31.so mapped=17 mapmax=22 N1=17 kernelpagesize_kB=4
7f97ae1de000 bind:1 file=/usr/lib/x86_64-linux-gnu/libpthread-2.31.so anon=1 dirty=1 N1=1 kernelpagesize_kB=4
7f97ae1df000 bind:1 file=/usr/lib/x86_64-linux-gnu/libpthread-2.31.so anon=1 dirty=1 N1=1 kernelpagesize_kB=4
7f97ae1e0000 bind:1 anon=1 dirty=1 N1=1 kernelpagesize_kB=4
7f97ae1e4000 bind:1 file=/usr/lib/x86_64-linux-gnu/libz.so.1.2.11 mapped=2 mapmax=8 N1=2 kernelpagesize_kB=4
7f97ae1e6000 bind:1 file=/usr/lib/x86_64-linux-gnu/libz.so.1.2.11 mapped=15 mapmax=8 N1=15 kernelpagesize_kB=4
7f97ae1fe000 bind:1 file=/usr/lib/x86_64-linux-gnu/libz.so.1.2.11 anon=1 dirty=1 N1=1 kernelpagesize_kB=4
7f97ae1ff000 bind:1 file=/usr/lib/x86_64-linux-gnu/libz.so.1.2.11 anon=1 dirty=1 N1=1 kernelpagesize_kB=4
7f97ae200000 bind:1 file=/usr/lib/x86_64-linux-gnu/librt-2.31.so mapped=3 mapmax=17 N1=3 kernelpagesize_kB=4
7f97ae203000 bind:1 file=/usr/lib/x86_64-linux-gnu/librt-2.31.so mapped=4 mapmax=17 N1=4 kernelpagesize_kB=4
7f97ae209000 bind:1 file=/usr/lib/x86_64-linux-gnu/librt-2.31.so anon=1 dirty=1 N1=1 kernelpagesize_kB=4
7f97ae20a000 bind:1 file=/usr/lib/x86_64-linux-gnu/librt-2.31.so anon=1 dirty=1 N1=1 kernelpagesize_kB=4
7f97ae216000 bind:1 file=/usr/lib/x86_64-linux-gnu/libnuma.so.1.0.0 anon=1 dirty=1 N1=1 kernelpagesize_kB=4
7f97ae217000 bind:1 file=/usr/lib/x86_64-linux-gnu/libnuma.so.1.0.0 anon=1 dirty=1 N1=1 kernelpagesize_kB=4
7f97ae218000 bind:1 anon=2 dirty=2 N1=2 kernelpagesize_kB=4
7f97ae220000 bind:1 file=/dev/zero\040(deleted) dirty=1 active=0 N1=1 kernelpagesize_kB=4
7f97ae221000 bind:1 file=/dev/zero\040(deleted) dirty=1 active=0 N1=1 kernelpagesize_kB=4
7f97ae222000 bind:1 file=/dev/zero\040(deleted) dirty=1 active=0 N1=1 kernelpagesize_kB=4
7f97ae223000 bind:1 file=/dev/zero\040(deleted) dirty=1 active=0 N1=1 kernelpagesize_kB=4
7f97ae250000 bind:1 file=/dev/zero\040(deleted) dirty=1 active=0 N1=1 kernelpagesize_kB=4
7f97ae251000 bind:1 file=/usr/lib/x86_64-linux-gnu/ld-2.31.so anon=1 dirty=1 N1=1 kernelpagesize_kB=4
7f97ae252000 bind:1 file=/usr/lib/x86_64-linux-gnu/ld-2.31.so anon=1 dirty=1 N1=1 kernelpagesize_kB=4
7f97ae253000 bind:1 anon=1 dirty=1 N1=1 kernelpagesize_kB=4
7ffe04e2d000 bind:1 stack anon=3 dirty=3 N1=3 kernelpagesize_kB=4
Fio Node 0 pages
55e4147e9000 bind:1 file=/usr/local/bin/fio mapped=16 N0=16 kernelpagesize_kB=4
55e4148ad000 bind:1 file=/usr/local/bin/fio anon=2 dirty=2 mapped=17 active=4 N0=15 N1=2 kernelpagesize_kB=4
7fb1a253d000 bind:1 file=/usr/lib/x86_64-linux-gnu/libaio.so.1.0.1 mapped=1 mapmax=2 N0=1 kernelpagesize_kB=4
7fb1a254a000 bind:1 file=/usr/lib/x86_64-linux-gnu/libmvec-2.31.so mapped=2 N0=2 kernelpagesize_kB=4
7fb1a270f000 bind:1 file=/usr/lib/x86_64-linux-gnu/libnuma.so.1.0.0 mapped=3 mapmax=2 N0=3 kernelpagesize_kB=4
7fb1a2728000 bind:1 file=/usr/lib/x86_64-linux-gnu/ld-2.31.so mapped=1 mapmax=25 N0=1 kernelpagesize_kB=4
7fb1a2729000 bind:1 file=/usr/lib/x86_64-linux-gnu/ld-2.31.so mapped=35 mapmax=25 N0=35 kernelpagesize_kB=4
7fb1a274c000 bind:1 file=/usr/lib/x86_64-linux-gnu/ld-2.31.so mapped=8 mapmax=25 N0=8 kernelpagesize_kB=4
Fio Node 1 pages
55e4148ad000 bind:1 file=/usr/local/bin/fio anon=2 dirty=2 N1=2 kernelpagesize_kB=4
55e4148af000 bind:1 file=/usr/local/bin/fio anon=112 dirty=112 mapped=116 active=114 N0=4 N1=112 kernelpagesize_kB=4
55e41498b000 bind:1 anon=2 dirty=2 N1=2 kernelpagesize_kB=4
55e4153e3000 bind:1 heap anon=4 dirty=4 N1=4 kernelpagesize_kB=4
7fb1a0327000 bind:1 file=/dev/zero\040(deleted) dirty=17 active=0 N1=17 kernelpagesize_kB=4
7fb1a1338000 bind:1 file=/dev/zero\040(deleted) dirty=17 active=0 N1=17 kernelpagesize_kB=4
7fb1a2349000 bind:1 anon=2 dirty=2 N1=2 kernelpagesize_kB=4
7fb1a234b000 bind:1 file=/usr/lib/x86_64-linux-gnu/libc-2.31.so mapped=37 mapmax=25 N1=37 kernelpagesize_kB=4
7fb1a2370000 bind:1 file=/usr/lib/x86_64-linux-gnu/libc-2.31.so mapped=288 mapmax=25 N1=288 kernelpagesize_kB=4
7fb1a24e8000 bind:1 file=/usr/lib/x86_64-linux-gnu/libc-2.31.so mapped=40 mapmax=24 N1=40 kernelpagesize_kB=4
7fb1a2533000 bind:1 file=/usr/lib/x86_64-linux-gnu/libc-2.31.so anon=3 dirty=3 N1=3 kernelpagesize_kB=4
7fb1a2536000 bind:1 file=/usr/lib/x86_64-linux-gnu/libc-2.31.so anon=3 dirty=3 N1=3 kernelpagesize_kB=4
7fb1a2539000 bind:1 anon=4 dirty=4 N1=4 kernelpagesize_kB=4
7fb1a2540000 bind:1 file=/usr/lib/x86_64-linux-gnu/libaio.so.1.0.1 anon=1 dirty=1 N1=1 kernelpagesize_kB=4
7fb1a2541000 bind:1 file=/usr/lib/x86_64-linux-gnu/libaio.so.1.0.1 anon=1 dirty=1 N1=1 kernelpagesize_kB=4
7fb1a2542000 bind:1 file=/usr/lib/x86_64-linux-gnu/libdl-2.31.so mapped=1 mapmax=20 N1=1 kernelpagesize_kB=4
7fb1a2543000 bind:1 file=/usr/lib/x86_64-linux-gnu/libdl-2.31.so mapped=2 mapmax=20 N1=2 kernelpagesize_kB=4
7fb1a2546000 bind:1 file=/usr/lib/x86_64-linux-gnu/libdl-2.31.so anon=1 dirty=1 N1=1 kernelpagesize_kB=4
7fb1a2547000 bind:1 file=/usr/lib/x86_64-linux-gnu/libdl-2.31.so anon=1 dirty=1 N1=1 kernelpagesize_kB=4
7fb1a2548000 bind:1 anon=2 dirty=2 N1=2 kernelpagesize_kB=4
7fb1a2574000 bind:1 file=/usr/lib/x86_64-linux-gnu/libmvec-2.31.so anon=1 dirty=1 N1=1 kernelpagesize_kB=4
7fb1a2575000 bind:1 file=/usr/lib/x86_64-linux-gnu/libmvec-2.31.so anon=1 dirty=1 N1=1 kernelpagesize_kB=4
7fb1a2576000 bind:1 file=/usr/lib/x86_64-linux-gnu/libm-2.31.so mapped=15 mapmax=12 N1=15 kernelpagesize_kB=4
7fb1a2585000 bind:1 file=/usr/lib/x86_64-linux-gnu/libm-2.31.so mapped=75 mapmax=12 N1=75 kernelpagesize_kB=4
7fb1a26c3000 bind:1 file=/usr/lib/x86_64-linux-gnu/libm-2.31.so anon=1 dirty=1 N1=1 kernelpagesize_kB=4
7fb1a26c4000 bind:1 file=/usr/lib/x86_64-linux-gnu/libm-2.31.so anon=1 dirty=1 N1=1 kernelpagesize_kB=4
7fb1a26c5000 bind:1 file=/usr/lib/x86_64-linux-gnu/libpthread-2.31.so mapped=7 mapmax=22 N1=7 kernelpagesize_kB=4
7fb1a26cc000 bind:1 file=/usr/lib/x86_64-linux-gnu/libpthread-2.31.so mapped=17 mapmax=22 N1=17 kernelpagesize_kB=4
7fb1a26e2000 bind:1 file=/usr/lib/x86_64-linux-gnu/libpthread-2.31.so anon=1 dirty=1 N1=1 kernelpagesize_kB=4
7fb1a26e3000 bind:1 file=/usr/lib/x86_64-linux-gnu/libpthread-2.31.so anon=1 dirty=1 N1=1 kernelpagesize_kB=4
7fb1a26e4000 bind:1 anon=1 dirty=1 N1=1 kernelpagesize_kB=4
7fb1a26e8000 bind:1 file=/usr/lib/x86_64-linux-gnu/libz.so.1.2.11 mapped=2 mapmax=8 N1=2 kernelpagesize_kB=4
7fb1a26ea000 bind:1 file=/usr/lib/x86_64-linux-gnu/libz.so.1.2.11 mapped=15 mapmax=8 N1=15 kernelpagesize_kB=4
7fb1a2702000 bind:1 file=/usr/lib/x86_64-linux-gnu/libz.so.1.2.11 anon=1 dirty=1 N1=1 kernelpagesize_kB=4
7fb1a2703000 bind:1 file=/usr/lib/x86_64-linux-gnu/libz.so.1.2.11 anon=1 dirty=1 N1=1 kernelpagesize_kB=4
7fb1a2704000 bind:1 file=/usr/lib/x86_64-linux-gnu/librt-2.31.so mapped=3 mapmax=17 N1=3 kernelpagesize_kB=4
7fb1a2707000 bind:1 file=/usr/lib/x86_64-linux-gnu/librt-2.31.so mapped=4 mapmax=17 N1=4 kernelpagesize_kB=4
7fb1a270d000 bind:1 file=/usr/lib/x86_64-linux-gnu/librt-2.31.so anon=1 dirty=1 N1=1 kernelpagesize_kB=4
7fb1a270e000 bind:1 file=/usr/lib/x86_64-linux-gnu/librt-2.31.so anon=1 dirty=1 N1=1 kernelpagesize_kB=4
7fb1a271a000 bind:1 file=/usr/lib/x86_64-linux-gnu/libnuma.so.1.0.0 anon=1 dirty=1 N1=1 kernelpagesize_kB=4
7fb1a271b000 bind:1 file=/usr/lib/x86_64-linux-gnu/libnuma.so.1.0.0 anon=1 dirty=1 N1=1 kernelpagesize_kB=4
7fb1a271c000 bind:1 anon=2 dirty=2 N1=2 kernelpagesize_kB=4
7fb1a2724000 bind:1 file=/dev/zero\040(deleted) dirty=1 active=0 N1=1 kernelpagesize_kB=4
7fb1a2725000 bind:1 file=/dev/zero\040(deleted) dirty=1 active=0 N1=1 kernelpagesize_kB=4
7fb1a2726000 bind:1 file=/dev/zero\040(deleted) dirty=1 active=0 N1=1 kernelpagesize_kB=4
7fb1a2727000 bind:1 file=/dev/zero\040(deleted) dirty=1 active=0 N1=1 kernelpagesize_kB=4
7fb1a2754000 bind:1 file=/dev/zero\040(deleted) dirty=1 active=0 N1=1 kernelpagesize_kB=4
7fb1a2755000 bind:1 file=/usr/lib/x86_64-linux-gnu/ld-2.31.so anon=1 dirty=1 N1=1 kernelpagesize_kB=4
7fb1a2756000 bind:1 file=/usr/lib/x86_64-linux-gnu/ld-2.31.so anon=1 dirty=1 N1=1 kernelpagesize_kB=4
7fb1a2757000 bind:1 anon=1 dirty=1 N1=1 kernelpagesize_kB=4
7ffef0185000 bind:1 stack anon=4 dirty=4 N1=4 kernelpagesize_kB=4

Node 1 MemTotal:       24686196 kB
Node 1 MemFree:        23993476 kB
Node 1 MemUsed:          692720 kB
Node 1 Active:            43336 kB
Node 1 Inactive:          55408 kB
Node 1 Active(anon):      15776 kB
Node 1 Inactive(anon):      520 kB
Node 1 Active(file):      27560 kB
Node 1 Inactive(file):    54888 kB
Node 1 Unevictable:       17048 kB
Node 1 Mlocked:           17048 kB
Node 1 Dirty:                16 kB
Node 1 Writeback:             0 kB
Node 1 FilePages:         89848 kB
Node 1 Mapped:            45888 kB
Node 1 AnonPages:         25944 kB
Node 1 Shmem:               680 kB
Node 1 KernelStack:        1304 kB
Node 1 PageTables:          480 kB
Node 1 NFS_Unstable:          0 kB
Node 1 Bounce:                0 kB
Node 1 WritebackTmp:          0 kB
Node 1 KReclaimable:      22320 kB
Node 1 Slab:              56880 kB
Node 1 SReclaimable:      22320 kB
Node 1 SUnreclaim:        34560 kB
Node 1 AnonHugePages:         0 kB
Node 1 ShmemHugePages:        0 kB
Node 1 ShmemPmdMapped:        0 kB
Node 1 FileHugePages:        0 kB
Node 1 FilePmdMapped:        0 kB
Node 1 HugePages_Total:     0
Node 1 HugePages_Free:      0
Node 1 HugePages_Surp:      0

After Opposite Node
Node 0 MemTotal:       24743736 kB
Node 0 MemFree:        23703176 kB
Node 0 MemUsed:         1040560 kB
Node 0 Active:            58720 kB
Node 0 Inactive:          61612 kB
Node 0 Active(anon):      16984 kB
Node 0 Inactive(anon):      372 kB
Node 0 Active(file):      41736 kB
Node 0 Inactive(file):    61240 kB
Node 0 Unevictable:        1476 kB
Node 0 Mlocked:            1476 kB
Node 0 Dirty:                72 kB
Node 0 Writeback:             0 kB
Node 0 FilePages:        105036 kB
Node 0 Mapped:            24272 kB
Node 0 AnonPages:         16768 kB
Node 0 Shmem:               588 kB
Node 0 KernelStack:        3432 kB
Node 0 PageTables:          640 kB
Node 0 NFS_Unstable:          0 kB
Node 0 Bounce:                0 kB
Node 0 WritebackTmp:          0 kB
Node 0 KReclaimable:      22044 kB
Node 0 Slab:              70492 kB
Node 0 SReclaimable:      22044 kB
Node 0 SUnreclaim:        48448 kB
Node 0 AnonHugePages:         0 kB
Node 0 ShmemHugePages:        0 kB
Node 0 ShmemPmdMapped:        0 kB
Node 0 FileHugePages:        0 kB
Node 0 FilePmdMapped:        0 kB
Node 0 HugePages_Total:     0
Node 0 HugePages_Free:      0
Node 0 HugePages_Surp:      0

Node 1 MemTotal:       24686196 kB
Node 1 MemFree:        23992148 kB
Node 1 MemUsed:          694048 kB
Node 1 Active:            43532 kB
Node 1 Inactive:          55436 kB
Node 1 Active(anon):      15944 kB
Node 1 Inactive(anon):      544 kB
Node 1 Active(file):      27588 kB
Node 1 Inactive(file):    54892 kB
Node 1 Unevictable:       17048 kB
Node 1 Mlocked:           17048 kB
Node 1 Dirty:                44 kB
Node 1 Writeback:             0 kB
Node 1 FilePages:         89924 kB
Node 1 Mapped:            45932 kB
Node 1 AnonPages:         26008 kB
Node 1 Shmem:               724 kB
Node 1 KernelStack:        1304 kB
Node 1 PageTables:          600 kB
Node 1 NFS_Unstable:          0 kB
Node 1 Bounce:                0 kB
Node 1 WritebackTmp:          0 kB
Node 1 KReclaimable:      22368 kB
Node 1 Slab:              57160 kB
Node 1 SReclaimable:      22368 kB
Node 1 SUnreclaim:        34792 kB
Node 1 AnonHugePages:         0 kB
Node 1 ShmemHugePages:        0 kB
Node 1 ShmemPmdMapped:        0 kB
Node 1 FileHugePages:        0 kB
Node 1 FilePmdMapped:        0 kB
Node 1 HugePages_Total:     0
Node 1 HugePages_Free:      0
Node 1 HugePages_Surp:      0

U.0.fio.500M.1.O Complete!
