Fio Node 0 pages
55784073e000 bind:0 file=/usr/bin/dash mapped=18 mapmax=3 N0=18 kernelpagesize_kB=4
557840751000 bind:0 file=/usr/bin/dash mapped=6 mapmax=3 N0=6 kernelpagesize_kB=4
557840757000 bind:0 file=/usr/bin/dash anon=2 dirty=2 mapmax=2 N0=2 kernelpagesize_kB=4
557840759000 bind:0 file=/usr/bin/dash anon=1 dirty=1 N0=1 kernelpagesize_kB=4
55784075a000 bind:0 anon=1 dirty=1 N0=1 kernelpagesize_kB=4
557840773000 bind:0 heap anon=2 dirty=2 mapmax=2 N0=2 kernelpagesize_kB=4
7f2279c1a000 bind:0 file=/usr/lib/x86_64-linux-gnu/libc-2.31.so anon=3 dirty=3 mapmax=2 N0=3 kernelpagesize_kB=4
7f2279c1d000 bind:0 file=/usr/lib/x86_64-linux-gnu/libc-2.31.so anon=3 dirty=3 mapmax=2 N0=3 kernelpagesize_kB=4
7f2279c20000 bind:0 anon=6 dirty=6 mapmax=2 N0=6 kernelpagesize_kB=4
7f2279c5d000 bind:0 file=/usr/lib/x86_64-linux-gnu/ld-2.31.so anon=1 dirty=1 mapmax=2 N0=1 kernelpagesize_kB=4
7f2279c5e000 bind:0 file=/usr/lib/x86_64-linux-gnu/ld-2.31.so anon=1 dirty=1 N0=1 kernelpagesize_kB=4
7f2279c5f000 bind:0 anon=1 dirty=1 mapmax=2 N0=1 kernelpagesize_kB=4
7ffebff90000 bind:0 stack anon=3 dirty=3 mapmax=2 N0=3 kernelpagesize_kB=4
Fio Node 1 pages
7f2279a57000 bind:0 file=/usr/lib/x86_64-linux-gnu/libc-2.31.so mapped=128 mapmax=29 N1=128 kernelpagesize_kB=4
7f2279bcf000 bind:0 file=/usr/lib/x86_64-linux-gnu/libc-2.31.so mapped=32 mapmax=29 N1=32 kernelpagesize_kB=4
Fio Node 0 pages
55a1e492a000 bind:0 file=/usr/local/bin/fio mapped=16 active=1 N0=16 kernelpagesize_kB=4
55a1e49ee000 bind:0 file=/usr/local/bin/fio anon=2 dirty=2 mapped=17 active=2 N0=17 kernelpagesize_kB=4
7fc685322000 bind:0 anon=2 dirty=2 N0=2 kernelpagesize_kB=4
7fc68550c000 bind:0 file=/usr/lib/x86_64-linux-gnu/libc-2.31.so anon=3 dirty=3 N0=3 kernelpagesize_kB=4
7fc68550f000 bind:0 file=/usr/lib/x86_64-linux-gnu/libc-2.31.so anon=3 dirty=3 N0=3 kernelpagesize_kB=4
7fc685516000 bind:0 file=/usr/lib/x86_64-linux-gnu/libaio.so.1.0.1 mapped=1 mapmax=2 N0=1 kernelpagesize_kB=4
7fc685519000 bind:0 file=/usr/lib/x86_64-linux-gnu/libaio.so.1.0.1 anon=1 dirty=1 N0=1 kernelpagesize_kB=4
7fc68551a000 bind:0 file=/usr/lib/x86_64-linux-gnu/libaio.so.1.0.1 anon=1 dirty=1 N0=1 kernelpagesize_kB=4
7fc68551f000 bind:0 file=/usr/lib/x86_64-linux-gnu/libdl-2.31.so anon=2 dirty=2 N0=2 kernelpagesize_kB=4
7fc685521000 bind:0 anon=2 dirty=2 N0=2 kernelpagesize_kB=4
7fc685523000 bind:0 file=/usr/lib/x86_64-linux-gnu/libmvec-2.31.so mapped=2 active=1 N0=2 kernelpagesize_kB=4
7fc68554d000 bind:0 file=/usr/lib/x86_64-linux-gnu/libmvec-2.31.so anon=2 dirty=2 N0=2 kernelpagesize_kB=4
7fc68569c000 bind:0 file=/usr/lib/x86_64-linux-gnu/libm-2.31.so anon=2 dirty=2 N0=2 kernelpagesize_kB=4
7fc6856bb000 bind:0 file=/usr/lib/x86_64-linux-gnu/libpthread-2.31.so anon=2 dirty=2 N0=2 kernelpagesize_kB=4
7fc6856c1000 bind:0 file=/usr/lib/x86_64-linux-gnu/libz.so.1.2.11 mapped=2 mapmax=8 N0=2 kernelpagesize_kB=4
7fc6856db000 bind:0 file=/usr/lib/x86_64-linux-gnu/libz.so.1.2.11 anon=2 dirty=2 N0=2 kernelpagesize_kB=4
7fc6856e6000 bind:0 file=/usr/lib/x86_64-linux-gnu/librt-2.31.so anon=2 dirty=2 N0=2 kernelpagesize_kB=4
7fc6856e8000 bind:0 file=/usr/lib/x86_64-linux-gnu/libnuma.so.1.0.0 mapped=3 mapmax=2 N0=3 kernelpagesize_kB=4
7fc6856f3000 bind:0 file=/usr/lib/x86_64-linux-gnu/libnuma.so.1.0.0 anon=2 dirty=2 N0=2 kernelpagesize_kB=4
7fc6856f5000 bind:0 anon=2 dirty=2 N0=2 kernelpagesize_kB=4
7fc68572e000 bind:0 file=/usr/lib/x86_64-linux-gnu/ld-2.31.so anon=2 dirty=2 N0=2 kernelpagesize_kB=4
7fc685730000 bind:0 anon=1 dirty=1 N0=1 kernelpagesize_kB=4
7ffc4f7f1000 bind:0 stack anon=3 dirty=3 N0=3 kernelpagesize_kB=4
Fio Node 1 pages
7fc685324000 bind:0 file=/usr/lib/x86_64-linux-gnu/libc-2.31.so mapped=37 mapmax=25 N1=37 kernelpagesize_kB=4
7fc685349000 bind:0 file=/usr/lib/x86_64-linux-gnu/libc-2.31.so mapped=279 mapmax=25 N1=279 kernelpagesize_kB=4
7fc6854c1000 bind:0 file=/usr/lib/x86_64-linux-gnu/libc-2.31.so mapped=47 mapmax=24 N1=47 kernelpagesize_kB=4
7fc68551b000 bind:0 file=/usr/lib/x86_64-linux-gnu/libdl-2.31.so mapped=1 mapmax=20 N1=1 kernelpagesize_kB=4
7fc68551c000 bind:0 file=/usr/lib/x86_64-linux-gnu/libdl-2.31.so mapped=2 mapmax=19 N1=2 kernelpagesize_kB=4
7fc68554f000 bind:0 file=/usr/lib/x86_64-linux-gnu/libm-2.31.so mapped=14 mapmax=12 N1=14 kernelpagesize_kB=4
7fc68555e000 bind:0 file=/usr/lib/x86_64-linux-gnu/libm-2.31.so mapped=64 mapmax=12 N1=64 kernelpagesize_kB=4
7fc68569e000 bind:0 file=/usr/lib/x86_64-linux-gnu/libpthread-2.31.so mapped=7 mapmax=22 N1=7 kernelpagesize_kB=4
7fc6856a5000 bind:0 file=/usr/lib/x86_64-linux-gnu/libpthread-2.31.so mapped=17 mapmax=22 N1=17 kernelpagesize_kB=4
7fc6856dd000 bind:0 file=/usr/lib/x86_64-linux-gnu/librt-2.31.so mapped=3 mapmax=17 N1=3 kernelpagesize_kB=4
7fc6856e0000 bind:0 file=/usr/lib/x86_64-linux-gnu/librt-2.31.so mapped=4 mapmax=17 N1=4 kernelpagesize_kB=4
7fc685701000 bind:0 file=/usr/lib/x86_64-linux-gnu/ld-2.31.so mapped=1 mapmax=25 N1=1 kernelpagesize_kB=4
7fc685702000 bind:0 file=/usr/lib/x86_64-linux-gnu/ld-2.31.so mapped=35 mapmax=25 N1=35 kernelpagesize_kB=4
7fc685725000 bind:0 file=/usr/lib/x86_64-linux-gnu/ld-2.31.so mapped=8 mapmax=25 N1=8 kernelpagesize_kB=4
U.0.fio.250M.3.O
Begin
Node 0 MemTotal:       24743736 kB
Node 0 MemFree:        24507584 kB
Node 0 MemUsed:          236152 kB
Node 0 Active:            53448 kB
Node 0 Inactive:          37288 kB
Node 0 Active(anon):      13336 kB
Node 0 Inactive(anon):      544 kB
Node 0 Active(file):      40112 kB
Node 0 Inactive(file):    36744 kB
Node 0 Unevictable:       13116 kB
Node 0 Mlocked:           13116 kB
Node 0 Dirty:                72 kB
Node 0 Writeback:             0 kB
Node 0 FilePages:         80428 kB
Node 0 Mapped:            27248 kB
Node 0 AnonPages:         23464 kB
Node 0 Shmem:               780 kB
Node 0 KernelStack:        1880 kB
Node 0 PageTables:          372 kB
Node 0 NFS_Unstable:          0 kB
Node 0 Bounce:                0 kB
Node 0 WritebackTmp:          0 kB
Node 0 KReclaimable:      21136 kB
Node 0 Slab:              52740 kB
Node 0 SReclaimable:      21136 kB
Node 0 SUnreclaim:        31604 kB
Node 0 AnonHugePages:         0 kB
Node 0 ShmemHugePages:        0 kB
Node 0 ShmemPmdMapped:        0 kB
Node 0 FileHugePages:        0 kB
Node 0 FilePmdMapped:        0 kB
Node 0 HugePages_Total:     0
Node 0 HugePages_Free:      0
Node 0 HugePages_Surp:      0

Node 1 MemTotal:       24686196 kB
Node 1 MemFree:        24305408 kB
Node 1 MemUsed:          380788 kB
Node 1 Active:            41048 kB
Node 1 Inactive:          57972 kB
Node 1 Active(anon):      20444 kB
Node 1 Inactive(anon):      320 kB
Node 1 Active(file):      20604 kB
Node 1 Inactive(file):    57652 kB
Node 1 Unevictable:        5404 kB
Node 1 Mlocked:            5404 kB
Node 1 Dirty:               460 kB
Node 1 Writeback:             0 kB
Node 1 FilePages:         84172 kB
Node 1 Mapped:            23656 kB
Node 1 AnonPages:         20320 kB
Node 1 Shmem:               488 kB
Node 1 KernelStack:        1768 kB
Node 1 PageTables:          680 kB
Node 1 NFS_Unstable:          0 kB
Node 1 Bounce:                0 kB
Node 1 WritebackTmp:          0 kB
Node 1 KReclaimable:      21524 kB
Node 1 Slab:              54984 kB
Node 1 SReclaimable:      21524 kB
Node 1 SUnreclaim:        33460 kB
Node 1 AnonHugePages:         0 kB
Node 1 ShmemHugePages:        0 kB
Node 1 ShmemPmdMapped:        0 kB
Node 1 FileHugePages:        0 kB
Node 1 FilePmdMapped:        0 kB
Node 1 HugePages_Total:     0
Node 1 HugePages_Free:      0
Node 1 HugePages_Surp:      0

Load ZFS
Node 0 MemTotal:       24743736 kB
Node 0 MemFree:        24505068 kB
Node 0 MemUsed:          238668 kB
Node 0 Active:            54016 kB
Node 0 Inactive:          37660 kB
Node 0 Active(anon):      13372 kB
Node 0 Inactive(anon):      548 kB
Node 0 Active(file):      40644 kB
Node 0 Inactive(file):    37112 kB
Node 0 Unevictable:       13116 kB
Node 0 Mlocked:           13116 kB
Node 0 Dirty:                76 kB
Node 0 Writeback:             0 kB
Node 0 FilePages:         81328 kB
Node 0 Mapped:            27408 kB
Node 0 AnonPages:         23488 kB
Node 0 Shmem:               780 kB
Node 0 KernelStack:        1896 kB
Node 0 PageTables:          372 kB
Node 0 NFS_Unstable:          0 kB
Node 0 Bounce:                0 kB
Node 0 WritebackTmp:          0 kB
Node 0 KReclaimable:      21616 kB
Node 0 Slab:              54696 kB
Node 0 SReclaimable:      21616 kB
Node 0 SUnreclaim:        33080 kB
Node 0 AnonHugePages:         0 kB
Node 0 ShmemHugePages:        0 kB
Node 0 ShmemPmdMapped:        0 kB
Node 0 FileHugePages:        0 kB
Node 0 FilePmdMapped:        0 kB
Node 0 HugePages_Total:     0
Node 0 HugePages_Free:      0
Node 0 HugePages_Surp:      0

Node 1 MemTotal:       24686196 kB
Node 1 MemFree:        24298984 kB
Node 1 MemUsed:          387212 kB
Node 1 Active:            48784 kB
Node 1 Inactive:          53600 kB
Node 1 Active(anon):      22160 kB
Node 1 Inactive(anon):      320 kB
Node 1 Active(file):      26624 kB
Node 1 Inactive(file):    53280 kB
Node 1 Unevictable:        5404 kB
Node 1 Mlocked:            5404 kB
Node 1 Dirty:               480 kB
Node 1 Writeback:             0 kB
Node 1 FilePages:         85792 kB
Node 1 Mapped:            23656 kB
Node 1 AnonPages:         21924 kB
Node 1 Shmem:               488 kB
Node 1 KernelStack:        1784 kB
Node 1 PageTables:          860 kB
Node 1 NFS_Unstable:          0 kB
Node 1 Bounce:                0 kB
Node 1 WritebackTmp:          0 kB
Node 1 KReclaimable:      21936 kB
Node 1 Slab:              56976 kB
Node 1 SReclaimable:      21936 kB
Node 1 SUnreclaim:        35040 kB
Node 1 AnonHugePages:         0 kB
Node 1 ShmemHugePages:        0 kB
Node 1 ShmemPmdMapped:        0 kB
Node 1 FileHugePages:        0 kB
Node 1 FilePmdMapped:        0 kB
Node 1 HugePages_Total:     0
Node 1 HugePages_Free:      0
Node 1 HugePages_Surp:      0

Import tank ZPool
Node 0 MemTotal:       24743736 kB
Node 0 MemFree:        24498000 kB
Node 0 MemUsed:          245736 kB
Node 0 Active:            54940 kB
Node 0 Inactive:          38848 kB
Node 0 Active(anon):      13976 kB
Node 0 Inactive(anon):      552 kB
Node 0 Active(file):      40964 kB
Node 0 Inactive(file):    38296 kB
Node 0 Unevictable:       13116 kB
Node 0 Mlocked:           13116 kB
Node 0 Dirty:                76 kB
Node 0 Writeback:             0 kB
Node 0 FilePages:         82840 kB
Node 0 Mapped:            27504 kB
Node 0 AnonPages:         23904 kB
Node 0 Shmem:               784 kB
Node 0 KernelStack:        1928 kB
Node 0 PageTables:          480 kB
Node 0 NFS_Unstable:          0 kB
Node 0 Bounce:                0 kB
Node 0 WritebackTmp:          0 kB
Node 0 KReclaimable:      21736 kB
Node 0 Slab:              59712 kB
Node 0 SReclaimable:      21736 kB
Node 0 SUnreclaim:        37976 kB
Node 0 AnonHugePages:         0 kB
Node 0 ShmemHugePages:        0 kB
Node 0 ShmemPmdMapped:        0 kB
Node 0 FileHugePages:        0 kB
Node 0 FilePmdMapped:        0 kB
Node 0 HugePages_Total:     0
Node 0 HugePages_Free:      0
Node 0 HugePages_Surp:      0

Node 1 MemTotal:       24686196 kB
Node 1 MemFree:        24285196 kB
Node 1 MemUsed:          401000 kB
Node 1 Active:            49056 kB
Node 1 Inactive:          53696 kB
Node 1 Active(anon):      22312 kB
Node 1 Inactive(anon):      320 kB
Node 1 Active(file):      26744 kB
Node 1 Inactive(file):    53376 kB
Node 1 Unevictable:        5404 kB
Node 1 Mlocked:            5404 kB
Node 1 Dirty:               300 kB
Node 1 Writeback:             0 kB
Node 1 FilePages:         86004 kB
Node 1 Mapped:            23912 kB
Node 1 AnonPages:         22228 kB
Node 1 Shmem:               484 kB
Node 1 KernelStack:        2920 kB
Node 1 PageTables:          868 kB
Node 1 NFS_Unstable:          0 kB
Node 1 Bounce:                0 kB
Node 1 WritebackTmp:          0 kB
Node 1 KReclaimable:      21952 kB
Node 1 Slab:              59584 kB
Node 1 SReclaimable:      21952 kB
Node 1 SUnreclaim:        37632 kB
Node 1 AnonHugePages:         0 kB
Node 1 ShmemHugePages:        0 kB
Node 1 ShmemPmdMapped:        0 kB
Node 1 FileHugePages:        0 kB
Node 1 FilePmdMapped:        0 kB
Node 1 HugePages_Total:     0
Node 1 HugePages_Free:      0
Node 1 HugePages_Surp:      0

After Test
Node 0 MemTotal:       24743736 kB
Node 0 MemFree:        24235684 kB
Node 0 MemUsed:          508052 kB
Node 0 Active:            55868 kB
Node 0 Inactive:          39796 kB
Node 0 Active(anon):      13584 kB
Node 0 Inactive(anon):      580 kB
Node 0 Active(file):      42284 kB
Node 0 Inactive(file):    39216 kB
Node 0 Unevictable:       13116 kB
Node 0 Mlocked:           13116 kB
Node 0 Dirty:                92 kB
Node 0 Writeback:             0 kB
Node 0 FilePages:         85120 kB
Node 0 Mapped:            27492 kB
Node 0 AnonPages:         23556 kB
Node 0 Shmem:               828 kB
Node 0 KernelStack:        1912 kB
Node 0 PageTables:          484 kB
Node 0 NFS_Unstable:          0 kB
Node 0 Bounce:                0 kB
Node 0 WritebackTmp:          0 kB
Node 0 KReclaimable:      23100 kB
Node 0 Slab:              63628 kB
Node 0 SReclaimable:      23100 kB
Node 0 SUnreclaim:        40528 kB
Node 0 AnonHugePages:         0 kB
Node 0 ShmemHugePages:        0 kB
Node 0 ShmemPmdMapped:        0 kB
Node 0 FileHugePages:        0 kB
Node 0 FilePmdMapped:        0 kB
Node 0 HugePages_Total:     0
Node 0 HugePages_Free:      0
Node 0 HugePages_Surp:      0
Fio Node 0 pages
565076622000 bind:1 file=/usr/local/bin/fio mapped=16 N0=16 kernelpagesize_kB=4
5650766e6000 bind:1 file=/usr/local/bin/fio anon=2 dirty=2 mapped=17 active=4 N0=15 N1=2 kernelpagesize_kB=4
7f1fc7f0b000 bind:1 file=/usr/lib/x86_64-linux-gnu/libaio.so.1.0.1 mapped=1 mapmax=2 N0=1 kernelpagesize_kB=4
7f1fc7f18000 bind:1 file=/usr/lib/x86_64-linux-gnu/libmvec-2.31.so mapped=2 N0=2 kernelpagesize_kB=4
7f1fc80b6000 bind:1 file=/usr/lib/x86_64-linux-gnu/libz.so.1.2.11 mapped=2 mapmax=8 N0=2 kernelpagesize_kB=4
7f1fc80dd000 bind:1 file=/usr/lib/x86_64-linux-gnu/libnuma.so.1.0.0 mapped=3 mapmax=2 N0=3 kernelpagesize_kB=4
Fio Node 1 pages
5650766e6000 bind:1 file=/usr/local/bin/fio anon=2 dirty=2 N1=2 kernelpagesize_kB=4
5650766e8000 bind:1 file=/usr/local/bin/fio anon=112 dirty=112 mapped=116 active=114 N0=4 N1=112 kernelpagesize_kB=4
5650767c4000 bind:1 anon=2 dirty=2 N1=2 kernelpagesize_kB=4
565076bf6000 bind:1 heap anon=4 dirty=4 N1=4 kernelpagesize_kB=4
7f1fc5cf5000 bind:1 file=/dev/zero\040(deleted) dirty=17 active=0 N1=17 kernelpagesize_kB=4
7f1fc6d06000 bind:1 file=/dev/zero\040(deleted) dirty=17 active=0 N1=17 kernelpagesize_kB=4
7f1fc7d17000 bind:1 anon=2 dirty=2 N1=2 kernelpagesize_kB=4
7f1fc7d19000 bind:1 file=/usr/lib/x86_64-linux-gnu/libc-2.31.so mapped=37 mapmax=25 N1=37 kernelpagesize_kB=4
7f1fc7d3e000 bind:1 file=/usr/lib/x86_64-linux-gnu/libc-2.31.so mapped=272 mapmax=25 N1=272 kernelpagesize_kB=4
7f1fc7eb6000 bind:1 file=/usr/lib/x86_64-linux-gnu/libc-2.31.so mapped=42 mapmax=24 N1=42 kernelpagesize_kB=4
7f1fc7f01000 bind:1 file=/usr/lib/x86_64-linux-gnu/libc-2.31.so anon=3 dirty=3 N1=3 kernelpagesize_kB=4
7f1fc7f04000 bind:1 file=/usr/lib/x86_64-linux-gnu/libc-2.31.so anon=3 dirty=3 N1=3 kernelpagesize_kB=4
7f1fc7f07000 bind:1 anon=4 dirty=4 N1=4 kernelpagesize_kB=4
7f1fc7f0e000 bind:1 file=/usr/lib/x86_64-linux-gnu/libaio.so.1.0.1 anon=1 dirty=1 N1=1 kernelpagesize_kB=4
7f1fc7f0f000 bind:1 file=/usr/lib/x86_64-linux-gnu/libaio.so.1.0.1 anon=1 dirty=1 N1=1 kernelpagesize_kB=4
7f1fc7f10000 bind:1 file=/usr/lib/x86_64-linux-gnu/libdl-2.31.so mapped=1 mapmax=20 N1=1 kernelpagesize_kB=4
7f1fc7f11000 bind:1 file=/usr/lib/x86_64-linux-gnu/libdl-2.31.so mapped=2 mapmax=19 N1=2 kernelpagesize_kB=4
7f1fc7f14000 bind:1 file=/usr/lib/x86_64-linux-gnu/libdl-2.31.so anon=1 dirty=1 N1=1 kernelpagesize_kB=4
7f1fc7f15000 bind:1 file=/usr/lib/x86_64-linux-gnu/libdl-2.31.so anon=1 dirty=1 N1=1 kernelpagesize_kB=4
7f1fc7f16000 bind:1 anon=2 dirty=2 N1=2 kernelpagesize_kB=4
7f1fc7f42000 bind:1 file=/usr/lib/x86_64-linux-gnu/libmvec-2.31.so anon=1 dirty=1 N1=1 kernelpagesize_kB=4
7f1fc7f43000 bind:1 file=/usr/lib/x86_64-linux-gnu/libmvec-2.31.so anon=1 dirty=1 N1=1 kernelpagesize_kB=4
7f1fc7f44000 bind:1 file=/usr/lib/x86_64-linux-gnu/libm-2.31.so mapped=15 mapmax=12 N1=15 kernelpagesize_kB=4
7f1fc7f53000 bind:1 file=/usr/lib/x86_64-linux-gnu/libm-2.31.so mapped=77 mapmax=12 N1=77 kernelpagesize_kB=4
7f1fc8091000 bind:1 file=/usr/lib/x86_64-linux-gnu/libm-2.31.so anon=1 dirty=1 N1=1 kernelpagesize_kB=4
7f1fc8092000 bind:1 file=/usr/lib/x86_64-linux-gnu/libm-2.31.so anon=1 dirty=1 N1=1 kernelpagesize_kB=4
7f1fc8093000 bind:1 file=/usr/lib/x86_64-linux-gnu/libpthread-2.31.so mapped=7 mapmax=22 N1=7 kernelpagesize_kB=4
7f1fc809a000 bind:1 file=/usr/lib/x86_64-linux-gnu/libpthread-2.31.so mapped=17 mapmax=22 N1=17 kernelpagesize_kB=4
7f1fc80b0000 bind:1 file=/usr/lib/x86_64-linux-gnu/libpthread-2.31.so anon=1 dirty=1 N1=1 kernelpagesize_kB=4
7f1fc80b1000 bind:1 file=/usr/lib/x86_64-linux-gnu/libpthread-2.31.so anon=1 dirty=1 N1=1 kernelpagesize_kB=4
7f1fc80b2000 bind:1 anon=1 dirty=1 N1=1 kernelpagesize_kB=4
7f1fc80d0000 bind:1 file=/usr/lib/x86_64-linux-gnu/libz.so.1.2.11 anon=1 dirty=1 N1=1 kernelpagesize_kB=4
7f1fc80d1000 bind:1 file=/usr/lib/x86_64-linux-gnu/libz.so.1.2.11 anon=1 dirty=1 N1=1 kernelpagesize_kB=4
7f1fc80d2000 bind:1 file=/usr/lib/x86_64-linux-gnu/librt-2.31.so mapped=3 mapmax=17 N1=3 kernelpagesize_kB=4
7f1fc80d5000 bind:1 file=/usr/lib/x86_64-linux-gnu/librt-2.31.so mapped=4 mapmax=17 N1=4 kernelpagesize_kB=4
7f1fc80db000 bind:1 file=/usr/lib/x86_64-linux-gnu/librt-2.31.so anon=1 dirty=1 N1=1 kernelpagesize_kB=4
7f1fc80dc000 bind:1 file=/usr/lib/x86_64-linux-gnu/librt-2.31.so anon=1 dirty=1 N1=1 kernelpagesize_kB=4
7f1fc80e8000 bind:1 file=/usr/lib/x86_64-linux-gnu/libnuma.so.1.0.0 anon=1 dirty=1 N1=1 kernelpagesize_kB=4
7f1fc80e9000 bind:1 file=/usr/lib/x86_64-linux-gnu/libnuma.so.1.0.0 anon=1 dirty=1 N1=1 kernelpagesize_kB=4
7f1fc80ea000 bind:1 anon=2 dirty=2 N1=2 kernelpagesize_kB=4
7f1fc80f2000 bind:1 file=/dev/zero\040(deleted) dirty=1 active=0 N1=1 kernelpagesize_kB=4
7f1fc80f3000 bind:1 file=/dev/zero\040(deleted) dirty=1 active=0 N1=1 kernelpagesize_kB=4
7f1fc80f4000 bind:1 file=/dev/zero\040(deleted) dirty=1 active=0 N1=1 kernelpagesize_kB=4
7f1fc80f5000 bind:1 file=/dev/zero\040(deleted) dirty=1 active=0 N1=1 kernelpagesize_kB=4
7f1fc80f6000 bind:1 file=/usr/lib/x86_64-linux-gnu/ld-2.31.so mapped=1 mapmax=25 N1=1 kernelpagesize_kB=4
7f1fc80f7000 bind:1 file=/usr/lib/x86_64-linux-gnu/ld-2.31.so mapped=35 mapmax=25 N1=35 kernelpagesize_kB=4
7f1fc811a000 bind:1 file=/usr/lib/x86_64-linux-gnu/ld-2.31.so mapped=8 mapmax=25 N1=8 kernelpagesize_kB=4
7f1fc8122000 bind:1 file=/dev/zero\040(deleted) dirty=1 active=0 N1=1 kernelpagesize_kB=4
7f1fc8123000 bind:1 file=/usr/lib/x86_64-linux-gnu/ld-2.31.so anon=1 dirty=1 N1=1 kernelpagesize_kB=4
7f1fc8124000 bind:1 file=/usr/lib/x86_64-linux-gnu/ld-2.31.so anon=1 dirty=1 N1=1 kernelpagesize_kB=4
7f1fc8125000 bind:1 anon=1 dirty=1 N1=1 kernelpagesize_kB=4
7ffd002e7000 bind:1 stack anon=4 dirty=4 N1=4 kernelpagesize_kB=4
Fio Node 0 pages
55a31e5cc000 bind:1 file=/usr/local/bin/fio mapped=16 N0=16 kernelpagesize_kB=4
55a31e690000 bind:1 file=/usr/local/bin/fio anon=2 dirty=2 mapped=17 active=4 N0=15 N1=2 kernelpagesize_kB=4
7f4e7149e000 bind:1 file=/usr/lib/x86_64-linux-gnu/libaio.so.1.0.1 mapped=1 mapmax=2 N0=1 kernelpagesize_kB=4
7f4e714ab000 bind:1 file=/usr/lib/x86_64-linux-gnu/libmvec-2.31.so mapped=2 N0=2 kernelpagesize_kB=4
7f4e71649000 bind:1 file=/usr/lib/x86_64-linux-gnu/libz.so.1.2.11 mapped=2 mapmax=8 N0=2 kernelpagesize_kB=4
7f4e71670000 bind:1 file=/usr/lib/x86_64-linux-gnu/libnuma.so.1.0.0 mapped=3 mapmax=2 N0=3 kernelpagesize_kB=4
Fio Node 1 pages
55a31e690000 bind:1 file=/usr/local/bin/fio anon=2 dirty=2 N1=2 kernelpagesize_kB=4
55a31e692000 bind:1 file=/usr/local/bin/fio anon=112 dirty=112 mapped=116 active=114 N0=4 N1=112 kernelpagesize_kB=4
55a31e76e000 bind:1 anon=2 dirty=2 N1=2 kernelpagesize_kB=4
55a3204ee000 bind:1 heap anon=4 dirty=4 N1=4 kernelpagesize_kB=4
7f4e712aa000 bind:1 anon=2 dirty=2 N1=2 kernelpagesize_kB=4
7f4e712ac000 bind:1 file=/usr/lib/x86_64-linux-gnu/libc-2.31.so mapped=37 mapmax=25 N1=37 kernelpagesize_kB=4
7f4e712d1000 bind:1 file=/usr/lib/x86_64-linux-gnu/libc-2.31.so mapped=266 mapmax=25 N1=266 kernelpagesize_kB=4
7f4e71449000 bind:1 file=/usr/lib/x86_64-linux-gnu/libc-2.31.so mapped=39 mapmax=25 N1=39 kernelpagesize_kB=4
7f4e71494000 bind:1 file=/usr/lib/x86_64-linux-gnu/libc-2.31.so anon=3 dirty=3 N1=3 kernelpagesize_kB=4
7f4e71497000 bind:1 file=/usr/lib/x86_64-linux-gnu/libc-2.31.so anon=3 dirty=3 N1=3 kernelpagesize_kB=4
7f4e7149a000 bind:1 anon=4 dirty=4 N1=4 kernelpagesize_kB=4
7f4e714a1000 bind:1 file=/usr/lib/x86_64-linux-gnu/libaio.so.1.0.1 anon=1 dirty=1 N1=1 kernelpagesize_kB=4
7f4e714a2000 bind:1 file=/usr/lib/x86_64-linux-gnu/libaio.so.1.0.1 anon=1 dirty=1 N1=1 kernelpagesize_kB=4
7f4e714a3000 bind:1 file=/usr/lib/x86_64-linux-gnu/libdl-2.31.so mapped=1 mapmax=20 N1=1 kernelpagesize_kB=4
7f4e714a4000 bind:1 file=/usr/lib/x86_64-linux-gnu/libdl-2.31.so mapped=2 mapmax=20 N1=2 kernelpagesize_kB=4
7f4e714a7000 bind:1 file=/usr/lib/x86_64-linux-gnu/libdl-2.31.so anon=1 dirty=1 N1=1 kernelpagesize_kB=4
7f4e714a8000 bind:1 file=/usr/lib/x86_64-linux-gnu/libdl-2.31.so anon=1 dirty=1 N1=1 kernelpagesize_kB=4
7f4e714a9000 bind:1 anon=2 dirty=2 N1=2 kernelpagesize_kB=4
7f4e714d5000 bind:1 file=/usr/lib/x86_64-linux-gnu/libmvec-2.31.so anon=1 dirty=1 N1=1 kernelpagesize_kB=4
7f4e714d6000 bind:1 file=/usr/lib/x86_64-linux-gnu/libmvec-2.31.so anon=1 dirty=1 N1=1 kernelpagesize_kB=4
7f4e714d7000 bind:1 file=/usr/lib/x86_64-linux-gnu/libm-2.31.so mapped=15 mapmax=12 N1=15 kernelpagesize_kB=4
7f4e714e6000 bind:1 file=/usr/lib/x86_64-linux-gnu/libm-2.31.so mapped=74 mapmax=12 N1=74 kernelpagesize_kB=4
7f4e71624000 bind:1 file=/usr/lib/x86_64-linux-gnu/libm-2.31.so anon=1 dirty=1 N1=1 kernelpagesize_kB=4
7f4e71625000 bind:1 file=/usr/lib/x86_64-linux-gnu/libm-2.31.so anon=1 dirty=1 N1=1 kernelpagesize_kB=4
7f4e71626000 bind:1 file=/usr/lib/x86_64-linux-gnu/libpthread-2.31.so mapped=7 mapmax=22 N1=7 kernelpagesize_kB=4
7f4e7162d000 bind:1 file=/usr/lib/x86_64-linux-gnu/libpthread-2.31.so mapped=17 mapmax=22 N1=17 kernelpagesize_kB=4
7f4e71643000 bind:1 file=/usr/lib/x86_64-linux-gnu/libpthread-2.31.so anon=1 dirty=1 N1=1 kernelpagesize_kB=4
7f4e71644000 bind:1 file=/usr/lib/x86_64-linux-gnu/libpthread-2.31.so anon=1 dirty=1 N1=1 kernelpagesize_kB=4
7f4e71645000 bind:1 anon=1 dirty=1 N1=1 kernelpagesize_kB=4
7f4e71663000 bind:1 file=/usr/lib/x86_64-linux-gnu/libz.so.1.2.11 anon=1 dirty=1 N1=1 kernelpagesize_kB=4
7f4e71664000 bind:1 file=/usr/lib/x86_64-linux-gnu/libz.so.1.2.11 anon=1 dirty=1 N1=1 kernelpagesize_kB=4
7f4e71665000 bind:1 file=/usr/lib/x86_64-linux-gnu/librt-2.31.so mapped=3 mapmax=17 N1=3 kernelpagesize_kB=4
7f4e71668000 bind:1 file=/usr/lib/x86_64-linux-gnu/librt-2.31.so mapped=4 mapmax=17 N1=4 kernelpagesize_kB=4
7f4e7166e000 bind:1 file=/usr/lib/x86_64-linux-gnu/librt-2.31.so anon=1 dirty=1 N1=1 kernelpagesize_kB=4
7f4e7166f000 bind:1 file=/usr/lib/x86_64-linux-gnu/librt-2.31.so anon=1 dirty=1 N1=1 kernelpagesize_kB=4
7f4e7167b000 bind:1 file=/usr/lib/x86_64-linux-gnu/libnuma.so.1.0.0 anon=1 dirty=1 N1=1 kernelpagesize_kB=4
7f4e7167c000 bind:1 file=/usr/lib/x86_64-linux-gnu/libnuma.so.1.0.0 anon=1 dirty=1 N1=1 kernelpagesize_kB=4
7f4e7167d000 bind:1 anon=2 dirty=2 N1=2 kernelpagesize_kB=4
7f4e71688000 bind:1 file=/dev/zero\040(deleted) dirty=1 active=0 N1=1 kernelpagesize_kB=4
7f4e71689000 bind:1 file=/usr/lib/x86_64-linux-gnu/ld-2.31.so mapped=1 mapmax=25 N1=1 kernelpagesize_kB=4
7f4e7168a000 bind:1 file=/usr/lib/x86_64-linux-gnu/ld-2.31.so mapped=35 mapmax=25 N1=35 kernelpagesize_kB=4
7f4e716ad000 bind:1 file=/usr/lib/x86_64-linux-gnu/ld-2.31.so mapped=8 mapmax=25 N1=8 kernelpagesize_kB=4
7f4e716b5000 bind:1 file=/dev/zero\040(deleted) dirty=1 active=0 N1=1 kernelpagesize_kB=4
7f4e716b6000 bind:1 file=/usr/lib/x86_64-linux-gnu/ld-2.31.so anon=1 dirty=1 N1=1 kernelpagesize_kB=4
7f4e716b7000 bind:1 file=/usr/lib/x86_64-linux-gnu/ld-2.31.so anon=1 dirty=1 N1=1 kernelpagesize_kB=4
7f4e716b8000 bind:1 anon=1 dirty=1 N1=1 kernelpagesize_kB=4
7ffd72e7e000 bind:1 stack anon=3 dirty=3 N1=3 kernelpagesize_kB=4

Node 1 MemTotal:       24686196 kB
Node 1 MemFree:        24010052 kB
Node 1 MemUsed:          676144 kB
Node 1 Active:            46484 kB
Node 1 Inactive:          53696 kB
Node 1 Active(anon):      19724 kB
Node 1 Inactive(anon):      320 kB
Node 1 Active(file):      26760 kB
Node 1 Inactive(file):    53376 kB
Node 1 Unevictable:        5404 kB
Node 1 Mlocked:            5404 kB
Node 1 Dirty:               196 kB
Node 1 Writeback:             0 kB
Node 1 FilePages:         86020 kB
Node 1 Mapped:            23660 kB
Node 1 AnonPages:         19560 kB
Node 1 Shmem:               484 kB
Node 1 KernelStack:        2840 kB
Node 1 PageTables:          668 kB
Node 1 NFS_Unstable:          0 kB
Node 1 Bounce:                0 kB
Node 1 WritebackTmp:          0 kB
Node 1 KReclaimable:      21952 kB
Node 1 Slab:              60584 kB
Node 1 SReclaimable:      21952 kB
Node 1 SUnreclaim:        38632 kB
Node 1 AnonHugePages:         0 kB
Node 1 ShmemHugePages:        0 kB
Node 1 ShmemPmdMapped:        0 kB
Node 1 FileHugePages:        0 kB
Node 1 FilePmdMapped:        0 kB
Node 1 HugePages_Total:     0
Node 1 HugePages_Free:      0
Node 1 HugePages_Surp:      0

After Opposite Node
Node 0 MemTotal:       24743736 kB
Node 0 MemFree:        24235856 kB
Node 0 MemUsed:          507880 kB
Node 0 Active:            55908 kB
Node 0 Inactive:          39608 kB
Node 0 Active(anon):      13448 kB
Node 0 Inactive(anon):      552 kB
Node 0 Active(file):      42460 kB
Node 0 Inactive(file):    39056 kB
Node 0 Unevictable:       13116 kB
Node 0 Mlocked:           13116 kB
Node 0 Dirty:               108 kB
Node 0 Writeback:             0 kB
Node 0 FilePages:         85092 kB
Node 0 Mapped:            27440 kB
Node 0 AnonPages:         23540 kB
Node 0 Shmem:               784 kB
Node 0 KernelStack:        1928 kB
Node 0 PageTables:          372 kB
Node 0 NFS_Unstable:          0 kB
Node 0 Bounce:                0 kB
Node 0 WritebackTmp:          0 kB
Node 0 KReclaimable:      23100 kB
Node 0 Slab:              63684 kB
Node 0 SReclaimable:      23100 kB
Node 0 SUnreclaim:        40584 kB
Node 0 AnonHugePages:         0 kB
Node 0 ShmemHugePages:        0 kB
Node 0 ShmemPmdMapped:        0 kB
Node 0 FileHugePages:        0 kB
Node 0 FilePmdMapped:        0 kB
Node 0 HugePages_Total:     0
Node 0 HugePages_Free:      0
Node 0 HugePages_Surp:      0

Node 1 MemTotal:       24686196 kB
Node 1 MemFree:        24009008 kB
Node 1 MemUsed:          677188 kB
Node 1 Active:            46644 kB
Node 1 Inactive:          53740 kB
Node 1 Active(anon):      19880 kB
Node 1 Inactive(anon):      348 kB
Node 1 Active(file):      26764 kB
Node 1 Inactive(file):    53392 kB
Node 1 Unevictable:        5404 kB
Node 1 Mlocked:            5404 kB
Node 1 Dirty:               212 kB
Node 1 Writeback:             0 kB
Node 1 FilePages:         86084 kB
Node 1 Mapped:            23704 kB
Node 1 AnonPages:         19648 kB
Node 1 Shmem:               528 kB
Node 1 KernelStack:        2872 kB
Node 1 PageTables:          836 kB
Node 1 NFS_Unstable:          0 kB
Node 1 Bounce:                0 kB
Node 1 WritebackTmp:          0 kB
Node 1 KReclaimable:      22000 kB
Node 1 Slab:              60832 kB
Node 1 SReclaimable:      22000 kB
Node 1 SUnreclaim:        38832 kB
Node 1 AnonHugePages:         0 kB
Node 1 ShmemHugePages:        0 kB
Node 1 ShmemPmdMapped:        0 kB
Node 1 FileHugePages:        0 kB
Node 1 FilePmdMapped:        0 kB
Node 1 HugePages_Total:     0
Node 1 HugePages_Free:      0
Node 1 HugePages_Surp:      0

U.0.fio.250M.3.O Complete!
