B.1.fio.512K.1.O
Begin
Node 0 MemTotal:       24768352 kB
Node 0 MemFree:        24527128 kB
Node 0 MemUsed:          241224 kB
Node 0 Active:            31508 kB
Node 0 Inactive:          62436 kB
Node 0 Active(anon):      12096 kB
Node 0 Inactive(anon):      364 kB
Node 0 Active(file):      19412 kB
Node 0 Inactive(file):    62072 kB
Node 0 Unevictable:       13028 kB
Node 0 Mlocked:           13028 kB
Node 0 Dirty:               240 kB
Node 0 Writeback:             0 kB
Node 0 FilePages:         84860 kB
Node 0 Mapped:            22860 kB
Node 0 AnonPages:         22284 kB
Node 0 Shmem:               532 kB
Node 0 KernelStack:        1992 kB
Node 0 PageTables:          524 kB
Node 0 NFS_Unstable:          0 kB
Node 0 Bounce:                0 kB
Node 0 WritebackTmp:          0 kB
Node 0 KReclaimable:      24224 kB
Node 0 Slab:              51968 kB
Node 0 SReclaimable:      24224 kB
Node 0 SUnreclaim:        27744 kB
Node 0 AnonHugePages:         0 kB
Node 0 ShmemHugePages:        0 kB
Node 0 ShmemPmdMapped:        0 kB
Node 0 FileHugePages:        0 kB
Node 0 FilePmdMapped:        0 kB
Node 0 HugePages_Total:     0
Node 0 HugePages_Free:      0
Node 0 HugePages_Surp:      0

Node 1 MemTotal:       24661580 kB
Node 1 MemFree:        24294660 kB
Node 1 MemUsed:          366920 kB
Node 1 Active:            63140 kB
Node 1 Inactive:          25344 kB
Node 1 Active(anon):      21588 kB
Node 1 Inactive(anon):      520 kB
Node 1 Active(file):      41552 kB
Node 1 Inactive(file):    24824 kB
Node 1 Unevictable:        5496 kB
Node 1 Mlocked:            5496 kB
Node 1 Dirty:               320 kB
Node 1 Writeback:             0 kB
Node 1 FilePages:         72604 kB
Node 1 Mapped:            23732 kB
Node 1 AnonPages:         21412 kB
Node 1 Shmem:               736 kB
Node 1 KernelStack:        1624 kB
Node 1 PageTables:          508 kB
Node 1 NFS_Unstable:          0 kB
Node 1 Bounce:                0 kB
Node 1 WritebackTmp:          0 kB
Node 1 KReclaimable:      17892 kB
Node 1 Slab:              54244 kB
Node 1 SReclaimable:      17892 kB
Node 1 SUnreclaim:        36352 kB
Node 1 AnonHugePages:         0 kB
Node 1 ShmemHugePages:        0 kB
Node 1 ShmemPmdMapped:        0 kB
Node 1 FileHugePages:        0 kB
Node 1 FilePmdMapped:        0 kB
Node 1 HugePages_Total:     0
Node 1 HugePages_Free:      0
Node 1 HugePages_Surp:      0

Load ZFS
Node 0 MemTotal:       24768352 kB
Node 0 MemFree:        24503600 kB
Node 0 MemUsed:          264752 kB
Node 0 Active:            45820 kB
Node 0 Inactive:          68504 kB
Node 0 Active(anon):      24896 kB
Node 0 Inactive(anon):      448 kB
Node 0 Active(file):      20924 kB
Node 0 Inactive(file):    68056 kB
Node 0 Unevictable:       13244 kB
Node 0 Mlocked:           13244 kB
Node 0 Dirty:               504 kB
Node 0 Writeback:             0 kB
Node 0 FilePages:         92252 kB
Node 0 Mapped:            24964 kB
Node 0 AnonPages:         34748 kB
Node 0 Shmem:               572 kB
Node 0 KernelStack:        2436 kB
Node 0 PageTables:         1548 kB
Node 0 NFS_Unstable:          0 kB
Node 0 Bounce:                0 kB
Node 0 WritebackTmp:          0 kB
Node 0 KReclaimable:      25012 kB
Node 0 Slab:              55612 kB
Node 0 SReclaimable:      25012 kB
Node 0 SUnreclaim:        30600 kB
Node 0 AnonHugePages:         0 kB
Node 0 ShmemHugePages:        0 kB
Node 0 ShmemPmdMapped:        0 kB
Node 0 FileHugePages:        0 kB
Node 0 FilePmdMapped:        0 kB
Node 0 HugePages_Total:     0
Node 0 HugePages_Free:      0
Node 0 HugePages_Surp:      0

Node 1 MemTotal:       24661580 kB
Node 1 MemFree:        24177176 kB
Node 1 MemUsed:          484404 kB
Node 1 Active:            75620 kB
Node 1 Inactive:         122816 kB
Node 1 Active(anon):      33164 kB
Node 1 Inactive(anon):      496 kB
Node 1 Active(file):      42456 kB
Node 1 Inactive(file):   122320 kB
Node 1 Unevictable:        5496 kB
Node 1 Mlocked:            5496 kB
Node 1 Dirty:                76 kB
Node 1 Writeback:             0 kB
Node 1 FilePages:        170964 kB
Node 1 Mapped:            25880 kB
Node 1 AnonPages:         33308 kB
Node 1 Shmem:               696 kB
Node 1 KernelStack:        1860 kB
Node 1 PageTables:         1004 kB
Node 1 NFS_Unstable:          0 kB
Node 1 Bounce:                0 kB
Node 1 WritebackTmp:          0 kB
Node 1 KReclaimable:      18996 kB
Node 1 Slab:              57740 kB
Node 1 SReclaimable:      18996 kB
Node 1 SUnreclaim:        38744 kB
Node 1 AnonHugePages:         0 kB
Node 1 ShmemHugePages:        0 kB
Node 1 ShmemPmdMapped:        0 kB
Node 1 FileHugePages:        0 kB
Node 1 FilePmdMapped:        0 kB
Node 1 HugePages_Total:     0
Node 1 HugePages_Free:      0
Node 1 HugePages_Surp:      0

Import tank ZPool
Node 0 MemTotal:       24768352 kB
Node 0 MemFree:        24505840 kB
Node 0 MemUsed:          262512 kB
Node 0 Active:            33304 kB
Node 0 Inactive:          69520 kB
Node 0 Active(anon):      11844 kB
Node 0 Inactive(anon):      452 kB
Node 0 Active(file):      21460 kB
Node 0 Inactive(file):    69068 kB
Node 0 Unevictable:       13260 kB
Node 0 Mlocked:           13260 kB
Node 0 Dirty:               608 kB
Node 0 Writeback:             0 kB
Node 0 FilePages:         93808 kB
Node 0 Mapped:            23244 kB
Node 0 AnonPages:         22376 kB
Node 0 Shmem:               576 kB
Node 0 KernelStack:        2024 kB
Node 0 PageTables:          620 kB
Node 0 NFS_Unstable:          0 kB
Node 0 Bounce:                0 kB
Node 0 WritebackTmp:          0 kB
Node 0 KReclaimable:      25132 kB
Node 0 Slab:              60484 kB
Node 0 SReclaimable:      25132 kB
Node 0 SUnreclaim:        35352 kB
Node 0 AnonHugePages:         0 kB
Node 0 ShmemHugePages:        0 kB
Node 0 ShmemPmdMapped:        0 kB
Node 0 FileHugePages:        0 kB
Node 0 FilePmdMapped:        0 kB
Node 0 HugePages_Total:     0
Node 0 HugePages_Free:      0
Node 0 HugePages_Surp:      0

Node 1 MemTotal:       24661580 kB
Node 1 MemFree:        24176936 kB
Node 1 MemUsed:          484644 kB
Node 1 Active:            65108 kB
Node 1 Inactive:         122172 kB
Node 1 Active(anon):      22004 kB
Node 1 Inactive(anon):      496 kB
Node 1 Active(file):      43104 kB
Node 1 Inactive(file):   121676 kB
Node 1 Unevictable:        5496 kB
Node 1 Mlocked:            5496 kB
Node 1 Dirty:                92 kB
Node 1 Writeback:             0 kB
Node 1 FilePages:        170964 kB
Node 1 Mapped:            24016 kB
Node 1 AnonPages:         21808 kB
Node 1 Shmem:               692 kB
Node 1 KernelStack:        2712 kB
Node 1 PageTables:          508 kB
Node 1 NFS_Unstable:          0 kB
Node 1 Bounce:                0 kB
Node 1 WritebackTmp:          0 kB
Node 1 KReclaimable:      19016 kB
Node 1 Slab:              59432 kB
Node 1 SReclaimable:      19016 kB
Node 1 SUnreclaim:        40416 kB
Node 1 AnonHugePages:         0 kB
Node 1 ShmemHugePages:        0 kB
Node 1 ShmemPmdMapped:        0 kB
Node 1 FileHugePages:        0 kB
Node 1 FilePmdMapped:        0 kB
Node 1 HugePages_Total:     0
Node 1 HugePages_Free:      0
Node 1 HugePages_Surp:      0

After Test
Node 0 MemTotal:       24768352 kB
Node 0 MemFree:        24501616 kB
Node 0 MemUsed:          266736 kB
Node 0 Active:            33336 kB
Node 0 Inactive:          69336 kB
Node 0 Active(anon):      11528 kB
Node 0 Inactive(anon):      452 kB
Node 0 Active(file):      21808 kB
Node 0 Inactive(file):    68884 kB
Node 0 Unevictable:       13260 kB
Node 0 Mlocked:           13260 kB
Node 0 Dirty:                 0 kB
Node 0 Writeback:             0 kB
Node 0 FilePages:         93968 kB
Node 0 Mapped:            22948 kB
Node 0 AnonPages:         21964 kB
Node 0 Shmem:               576 kB
Node 0 KernelStack:        2024 kB
Node 0 PageTables:          508 kB
Node 0 NFS_Unstable:          0 kB
Node 0 Bounce:                0 kB
Node 0 WritebackTmp:          0 kB
Node 0 KReclaimable:      25136 kB
Node 0 Slab:              60548 kB
Node 0 SReclaimable:      25136 kB
Node 0 SUnreclaim:        35412 kB
Node 0 AnonHugePages:         0 kB
Node 0 ShmemHugePages:        0 kB
Node 0 ShmemPmdMapped:        0 kB
Node 0 FileHugePages:        0 kB
Node 0 FilePmdMapped:        0 kB
Node 0 HugePages_Total:     0
Node 0 HugePages_Free:      0
Node 0 HugePages_Surp:      0

Node 1 MemTotal:       24661580 kB
Node 1 MemFree:        24172328 kB
Node 1 MemUsed:          489252 kB
Node 1 Active:            66420 kB
Node 1 Inactive:         123908 kB
Node 1 Active(anon):      22596 kB
Node 1 Inactive(anon):     1064 kB
Node 1 Active(file):      43824 kB
Node 1 Inactive(file):   122844 kB
Node 1 Unevictable:        5496 kB
Node 1 Mlocked:            5496 kB
Node 1 Dirty:                12 kB
Node 1 Writeback:             0 kB
Node 1 FilePages:        173428 kB
Node 1 Mapped:            23776 kB
Node 1 AnonPages:         22124 kB
Node 1 Shmem:               692 kB
Node 1 KernelStack:        2640 kB
Node 1 PageTables:          476 kB
Node 1 NFS_Unstable:          0 kB
Node 1 Bounce:                0 kB
Node 1 WritebackTmp:          0 kB
Node 1 KReclaimable:      20204 kB
Node 1 Slab:              60580 kB
Node 1 SReclaimable:      20204 kB
Node 1 SUnreclaim:        40376 kB
Node 1 AnonHugePages:         0 kB
Node 1 ShmemHugePages:        0 kB
Node 1 ShmemPmdMapped:        0 kB
Node 1 FileHugePages:        0 kB
Node 1 FilePmdMapped:        0 kB
Node 1 HugePages_Total:     0
Node 1 HugePages_Free:      0
Node 1 HugePages_Surp:      0

After Opposite Node
Node 0 MemTotal:       24768352 kB
Node 0 MemFree:        24500476 kB
Node 0 MemUsed:          267876 kB
Node 0 Active:            33672 kB
Node 0 Inactive:          69320 kB
Node 0 Active(anon):      11672 kB
Node 0 Inactive(anon):      476 kB
Node 0 Active(file):      22000 kB
Node 0 Inactive(file):    68844 kB
Node 0 Unevictable:       13260 kB
Node 0 Mlocked:           13260 kB
Node 0 Dirty:                20 kB
Node 0 Writeback:             0 kB
Node 0 FilePages:         94164 kB
Node 0 Mapped:            22992 kB
Node 0 AnonPages:         22004 kB
Node 0 Shmem:               620 kB
Node 0 KernelStack:        2056 kB
Node 0 PageTables:          616 kB
Node 0 NFS_Unstable:          0 kB
Node 0 Bounce:                0 kB
Node 0 WritebackTmp:          0 kB
Node 0 KReclaimable:      25180 kB
Node 0 Slab:              60856 kB
Node 0 SReclaimable:      25180 kB
Node 0 SUnreclaim:        35676 kB
Node 0 AnonHugePages:         0 kB
Node 0 ShmemHugePages:        0 kB
Node 0 ShmemPmdMapped:        0 kB
Node 0 FileHugePages:        0 kB
Node 0 FilePmdMapped:        0 kB
Node 0 HugePages_Total:     0
Node 0 HugePages_Free:      0
Node 0 HugePages_Surp:      0

Node 1 MemTotal:       24661580 kB
Node 1 MemFree:        24172804 kB
Node 1 MemUsed:          488776 kB
Node 1 Active:            66228 kB
Node 1 Inactive:         123180 kB
Node 1 Active(anon):      22192 kB
Node 1 Inactive(anon):      488 kB
Node 1 Active(file):      44036 kB
Node 1 Inactive(file):   122692 kB
Node 1 Unevictable:        5496 kB
Node 1 Mlocked:            5496 kB
Node 1 Dirty:                28 kB
Node 1 Writeback:             0 kB
Node 1 FilePages:        172912 kB
Node 1 Mapped:            23976 kB
Node 1 AnonPages:         21988 kB
Node 1 Shmem:               692 kB
Node 1 KernelStack:        2712 kB
Node 1 PageTables:          540 kB
Node 1 NFS_Unstable:          0 kB
Node 1 Bounce:                0 kB
Node 1 WritebackTmp:          0 kB
Node 1 KReclaimable:      20304 kB
Node 1 Slab:              60804 kB
Node 1 SReclaimable:      20304 kB
Node 1 SUnreclaim:        40500 kB
Node 1 AnonHugePages:         0 kB
Node 1 ShmemHugePages:        0 kB
Node 1 ShmemPmdMapped:        0 kB
Node 1 FileHugePages:        0 kB
Node 1 FilePmdMapped:        0 kB
Node 1 HugePages_Total:     0
Node 1 HugePages_Free:      0
Node 1 HugePages_Surp:      0

B.1.fio.512K.1.O Complete!
