B.1.fio.100M.2.O
Begin
Node 0 MemTotal:       24768352 kB
Node 0 MemFree:        24304032 kB
Node 0 MemUsed:          464320 kB
Node 0 Active:            75960 kB
Node 0 Inactive:          99372 kB
Node 0 Active(anon):      24712 kB
Node 0 Inactive(anon):      432 kB
Node 0 Active(file):      51248 kB
Node 0 Inactive(file):    98940 kB
Node 0 Unevictable:        5968 kB
Node 0 Mlocked:            5968 kB
Node 0 Dirty:               856 kB
Node 0 Writeback:             0 kB
Node 0 FilePages:        156804 kB
Node 0 Mapped:            62280 kB
Node 0 AnonPages:         24572 kB
Node 0 Shmem:               652 kB
Node 0 KernelStack:        2456 kB
Node 0 PageTables:          980 kB
Node 0 NFS_Unstable:          0 kB
Node 0 Bounce:                0 kB
Node 0 WritebackTmp:          0 kB
Node 0 KReclaimable:      25028 kB
Node 0 Slab:              64692 kB
Node 0 SReclaimable:      25028 kB
Node 0 SUnreclaim:        39664 kB
Node 0 AnonHugePages:         0 kB
Node 0 ShmemHugePages:        0 kB
Node 0 ShmemPmdMapped:        0 kB
Node 0 FileHugePages:        0 kB
Node 0 FilePmdMapped:        0 kB
Node 0 HugePages_Total:     0
Node 0 HugePages_Free:      0
Node 0 HugePages_Surp:      0

Node 1 MemTotal:       24661580 kB
Node 1 MemFree:        24439112 kB
Node 1 MemUsed:          222468 kB
Node 1 Active:            32096 kB
Node 1 Inactive:          55104 kB
Node 1 Active(anon):      15444 kB
Node 1 Inactive(anon):      448 kB
Node 1 Active(file):      16652 kB
Node 1 Inactive(file):    54656 kB
Node 1 Unevictable:       12552 kB
Node 1 Mlocked:           12552 kB
Node 1 Dirty:                40 kB
Node 1 Writeback:             0 kB
Node 1 FilePages:         74296 kB
Node 1 Mapped:            10632 kB
Node 1 AnonPages:         25620 kB
Node 1 Shmem:               616 kB
Node 1 KernelStack:        1256 kB
Node 1 PageTables:          408 kB
Node 1 NFS_Unstable:          0 kB
Node 1 Bounce:                0 kB
Node 1 WritebackTmp:          0 kB
Node 1 KReclaimable:      17276 kB
Node 1 Slab:              41928 kB
Node 1 SReclaimable:      17276 kB
Node 1 SUnreclaim:        24652 kB
Node 1 AnonHugePages:         0 kB
Node 1 ShmemHugePages:        0 kB
Node 1 ShmemPmdMapped:        0 kB
Node 1 FileHugePages:        0 kB
Node 1 FilePmdMapped:        0 kB
Node 1 HugePages_Total:     0
Node 1 HugePages_Free:      0
Node 1 HugePages_Surp:      0

Load ZFS
Node 0 MemTotal:       24768352 kB
Node 0 MemFree:        24419108 kB
Node 0 MemUsed:          349244 kB
Node 0 Active:            88340 kB
Node 0 Inactive:         104124 kB
Node 0 Active(anon):      36176 kB
Node 0 Inactive(anon):      488 kB
Node 0 Active(file):      52164 kB
Node 0 Inactive(file):   103636 kB
Node 0 Unevictable:        5968 kB
Node 0 Mlocked:            5968 kB
Node 0 Dirty:              1008 kB
Node 0 Writeback:             0 kB
Node 0 FilePages:        162444 kB
Node 0 Mapped:            64904 kB
Node 0 AnonPages:         35412 kB
Node 0 Shmem:               680 kB
Node 0 KernelStack:        2548 kB
Node 0 PageTables:         1480 kB
Node 0 NFS_Unstable:          0 kB
Node 0 Bounce:                0 kB
Node 0 WritebackTmp:          0 kB
Node 0 KReclaimable:      25600 kB
Node 0 Slab:              67264 kB
Node 0 SReclaimable:      25600 kB
Node 0 SUnreclaim:        41664 kB
Node 0 AnonHugePages:         0 kB
Node 0 ShmemHugePages:        0 kB
Node 0 ShmemPmdMapped:        0 kB
Node 0 FileHugePages:        0 kB
Node 0 FilePmdMapped:        0 kB
Node 0 HugePages_Total:     0
Node 0 HugePages_Free:      0
Node 0 HugePages_Surp:      0

Node 1 MemTotal:       24661580 kB
Node 1 MemFree:        24182252 kB
Node 1 MemUsed:          479328 kB
Node 1 Active:            44436 kB
Node 1 Inactive:         153768 kB
Node 1 Active(anon):      26120 kB
Node 1 Inactive(anon):      448 kB
Node 1 Active(file):      18316 kB
Node 1 Inactive(file):   153320 kB
Node 1 Unevictable:       12764 kB
Node 1 Mlocked:           12764 kB
Node 1 Dirty:                88 kB
Node 1 Writeback:             0 kB
Node 1 FilePages:        174448 kB
Node 1 Mapped:            12636 kB
Node 1 AnonPages:         36196 kB
Node 1 Shmem:               588 kB
Node 1 KernelStack:        1700 kB
Node 1 PageTables:         1936 kB
Node 1 NFS_Unstable:          0 kB
Node 1 Bounce:                0 kB
Node 1 WritebackTmp:          0 kB
Node 1 KReclaimable:      18352 kB
Node 1 Slab:              46092 kB
Node 1 SReclaimable:      18352 kB
Node 1 SUnreclaim:        27740 kB
Node 1 AnonHugePages:         0 kB
Node 1 ShmemHugePages:        0 kB
Node 1 ShmemPmdMapped:        0 kB
Node 1 FileHugePages:        0 kB
Node 1 FilePmdMapped:        0 kB
Node 1 HugePages_Total:     0
Node 1 HugePages_Free:      0
Node 1 HugePages_Surp:      0

Import tank ZPool
Node 0 MemTotal:       24768352 kB
Node 0 MemFree:        24415720 kB
Node 0 MemUsed:          352632 kB
Node 0 Active:            73300 kB
Node 0 Inactive:         105056 kB
Node 0 Active(anon):      20556 kB
Node 0 Inactive(anon):      504 kB
Node 0 Active(file):      52744 kB
Node 0 Inactive(file):   104552 kB
Node 0 Unevictable:        5968 kB
Node 0 Mlocked:            5968 kB
Node 0 Dirty:              1008 kB
Node 0 Writeback:             0 kB
Node 0 FilePages:        163940 kB
Node 0 Mapped:            62768 kB
Node 0 AnonPages:         20332 kB
Node 0 Shmem:               676 kB
Node 0 KernelStack:        3416 kB
Node 0 PageTables:          816 kB
Node 0 NFS_Unstable:          0 kB
Node 0 Bounce:                0 kB
Node 0 WritebackTmp:          0 kB
Node 0 KReclaimable:      25764 kB
Node 0 Slab:              73128 kB
Node 0 SReclaimable:      25764 kB
Node 0 SUnreclaim:        47364 kB
Node 0 AnonHugePages:         0 kB
Node 0 ShmemHugePages:        0 kB
Node 0 ShmemPmdMapped:        0 kB
Node 0 FileHugePages:        0 kB
Node 0 FilePmdMapped:        0 kB
Node 0 HugePages_Total:     0
Node 0 HugePages_Free:      0
Node 0 HugePages_Surp:      0

Node 1 MemTotal:       24661580 kB
Node 1 MemFree:        24195460 kB
Node 1 MemUsed:          466120 kB
Node 1 Active:            32176 kB
Node 1 Inactive:         153356 kB
Node 1 Active(anon):      13252 kB
Node 1 Inactive(anon):      448 kB
Node 1 Active(file):      18924 kB
Node 1 Inactive(file):   152908 kB
Node 1 Unevictable:       12780 kB
Node 1 Mlocked:           12780 kB
Node 1 Dirty:                84 kB
Node 1 Writeback:             0 kB
Node 1 FilePages:        174652 kB
Node 1 Mapped:            10876 kB
Node 1 AnonPages:         23512 kB
Node 1 Shmem:               592 kB
Node 1 KernelStack:        1336 kB
Node 1 PageTables:          596 kB
Node 1 NFS_Unstable:          0 kB
Node 1 Bounce:                0 kB
Node 1 WritebackTmp:          0 kB
Node 1 KReclaimable:      18392 kB
Node 1 Slab:              46736 kB
Node 1 SReclaimable:      18392 kB
Node 1 SUnreclaim:        28344 kB
Node 1 AnonHugePages:         0 kB
Node 1 ShmemHugePages:        0 kB
Node 1 ShmemPmdMapped:        0 kB
Node 1 FileHugePages:        0 kB
Node 1 FilePmdMapped:        0 kB
Node 1 HugePages_Total:     0
Node 1 HugePages_Free:      0
Node 1 HugePages_Surp:      0

After Test
Node 0 MemTotal:       24768352 kB
Node 0 MemFree:        24305684 kB
Node 0 MemUsed:          462668 kB
Node 0 Active:            73268 kB
Node 0 Inactive:         104800 kB
Node 0 Active(anon):      20108 kB
Node 0 Inactive(anon):      500 kB
Node 0 Active(file):      53160 kB
Node 0 Inactive(file):   104300 kB
Node 0 Unevictable:        5968 kB
Node 0 Mlocked:            5968 kB
Node 0 Dirty:              1008 kB
Node 0 Writeback:             0 kB
Node 0 FilePages:        164100 kB
Node 0 Mapped:            62400 kB
Node 0 AnonPages:         19932 kB
Node 0 Shmem:               676 kB
Node 0 KernelStack:        3384 kB
Node 0 PageTables:          672 kB
Node 0 NFS_Unstable:          0 kB
Node 0 Bounce:                0 kB
Node 0 WritebackTmp:          0 kB
Node 0 KReclaimable:      25768 kB
Node 0 Slab:              73256 kB
Node 0 SReclaimable:      25768 kB
Node 0 SUnreclaim:        47488 kB
Node 0 AnonHugePages:         0 kB
Node 0 ShmemHugePages:        0 kB
Node 0 ShmemPmdMapped:        0 kB
Node 0 FileHugePages:        0 kB
Node 0 FilePmdMapped:        0 kB
Node 0 HugePages_Total:     0
Node 0 HugePages_Free:      0
Node 0 HugePages_Surp:      0

Node 1 MemTotal:       24661580 kB
Node 1 MemFree:        24088304 kB
Node 1 MemUsed:          573276 kB
Node 1 Active:            33520 kB
Node 1 Inactive:         154604 kB
Node 1 Active(anon):      13736 kB
Node 1 Inactive(anon):      496 kB
Node 1 Active(file):      19784 kB
Node 1 Inactive(file):   154108 kB
Node 1 Unevictable:       12780 kB
Node 1 Mlocked:           12780 kB
Node 1 Dirty:                84 kB
Node 1 Writeback:             0 kB
Node 1 FilePages:        176800 kB
Node 1 Mapped:            11108 kB
Node 1 AnonPages:         23940 kB
Node 1 Shmem:               680 kB
Node 1 KernelStack:        1352 kB
Node 1 PageTables:          748 kB
Node 1 NFS_Unstable:          0 kB
Node 1 Bounce:                0 kB
Node 1 WritebackTmp:          0 kB
Node 1 KReclaimable:      19672 kB
Node 1 Slab:              50032 kB
Node 1 SReclaimable:      19672 kB
Node 1 SUnreclaim:        30360 kB
Node 1 AnonHugePages:         0 kB
Node 1 ShmemHugePages:        0 kB
Node 1 ShmemPmdMapped:        0 kB
Node 1 FileHugePages:        0 kB
Node 1 FilePmdMapped:        0 kB
Node 1 HugePages_Total:     0
Node 1 HugePages_Free:      0
Node 1 HugePages_Surp:      0

After Opposite Node
Node 0 MemTotal:       24768352 kB
Node 0 MemFree:        24305072 kB
Node 0 MemUsed:          463280 kB
Node 0 Active:            73648 kB
Node 0 Inactive:         104824 kB
Node 0 Active(anon):      20296 kB
Node 0 Inactive(anon):      572 kB
Node 0 Active(file):      53352 kB
Node 0 Inactive(file):   104252 kB
Node 0 Unevictable:        5968 kB
Node 0 Mlocked:            5968 kB
Node 0 Dirty:               804 kB
Node 0 Writeback:             0 kB
Node 0 FilePages:        164332 kB
Node 0 Mapped:            62488 kB
Node 0 AnonPages:         19872 kB
Node 0 Shmem:               764 kB
Node 0 KernelStack:        3480 kB
Node 0 PageTables:          916 kB
Node 0 NFS_Unstable:          0 kB
Node 0 Bounce:                0 kB
Node 0 WritebackTmp:          0 kB
Node 0 KReclaimable:      25812 kB
Node 0 Slab:              73472 kB
Node 0 SReclaimable:      25812 kB
Node 0 SUnreclaim:        47660 kB
Node 0 AnonHugePages:         0 kB
Node 0 ShmemHugePages:        0 kB
Node 0 ShmemPmdMapped:        0 kB
Node 0 FileHugePages:        0 kB
Node 0 FilePmdMapped:        0 kB
Node 0 HugePages_Total:     0
Node 0 HugePages_Free:      0
Node 0 HugePages_Surp:      0

Node 1 MemTotal:       24661580 kB
Node 1 MemFree:        24088724 kB
Node 1 MemUsed:          572856 kB
Node 1 Active:            33476 kB
Node 1 Inactive:         154376 kB
Node 1 Active(anon):      13500 kB
Node 1 Inactive(anon):      444 kB
Node 1 Active(file):      19976 kB
Node 1 Inactive(file):   153932 kB
Node 1 Unevictable:       12780 kB
Node 1 Mlocked:           12780 kB
Node 1 Dirty:                60 kB
Node 1 Writeback:             0 kB
Node 1 FilePages:        176728 kB
Node 1 Mapped:            11076 kB
Node 1 AnonPages:         23904 kB
Node 1 Shmem:               592 kB
Node 1 KernelStack:        1304 kB
Node 1 PageTables:          484 kB
Node 1 NFS_Unstable:          0 kB
Node 1 Bounce:                0 kB
Node 1 WritebackTmp:          0 kB
Node 1 KReclaimable:      19672 kB
Node 1 Slab:              49936 kB
Node 1 SReclaimable:      19672 kB
Node 1 SUnreclaim:        30264 kB
Node 1 AnonHugePages:         0 kB
Node 1 ShmemHugePages:        0 kB
Node 1 ShmemPmdMapped:        0 kB
Node 1 FileHugePages:        0 kB
Node 1 FilePmdMapped:        0 kB
Node 1 HugePages_Total:     0
Node 1 HugePages_Free:      0
Node 1 HugePages_Surp:      0

B.1.fio.100M.2.O Complete!
