B.1.fio.256K.1.O
Begin
Node 0 MemTotal:       24768352 kB
Node 0 MemFree:        24523744 kB
Node 0 MemUsed:          244608 kB
Node 0 Active:            41748 kB
Node 0 Inactive:          50244 kB
Node 0 Active(anon):      18820 kB
Node 0 Inactive(anon):      376 kB
Node 0 Active(file):      22928 kB
Node 0 Inactive(file):    49868 kB
Node 0 Unevictable:       18076 kB
Node 0 Mlocked:           18076 kB
Node 0 Dirty:               128 kB
Node 0 Writeback:             0 kB
Node 0 FilePages:         81244 kB
Node 0 Mapped:            21100 kB
Node 0 AnonPages:         28980 kB
Node 0 Shmem:               544 kB
Node 0 KernelStack:        2168 kB
Node 0 PageTables:          436 kB
Node 0 NFS_Unstable:          0 kB
Node 0 Bounce:                0 kB
Node 0 WritebackTmp:          0 kB
Node 0 KReclaimable:      20780 kB
Node 0 Slab:              49652 kB
Node 0 SReclaimable:      20780 kB
Node 0 SUnreclaim:        28872 kB
Node 0 AnonHugePages:         0 kB
Node 0 ShmemHugePages:        0 kB
Node 0 ShmemPmdMapped:        0 kB
Node 0 FileHugePages:        0 kB
Node 0 FilePmdMapped:        0 kB
Node 0 HugePages_Total:     0
Node 0 HugePages_Free:      0
Node 0 HugePages_Surp:      0

Node 1 MemTotal:       24661580 kB
Node 1 MemFree:        24301308 kB
Node 1 MemUsed:          360272 kB
Node 1 Active:            52816 kB
Node 1 Inactive:          36880 kB
Node 1 Active(anon):      15240 kB
Node 1 Inactive(anon):      500 kB
Node 1 Active(file):      37576 kB
Node 1 Inactive(file):    36380 kB
Node 1 Unevictable:         448 kB
Node 1 Mlocked:             448 kB
Node 1 Dirty:               380 kB
Node 1 Writeback:             0 kB
Node 1 FilePages:         75128 kB
Node 1 Mapped:            24724 kB
Node 1 AnonPages:         15136 kB
Node 1 Shmem:               724 kB
Node 1 KernelStack:        1432 kB
Node 1 PageTables:          616 kB
Node 1 NFS_Unstable:          0 kB
Node 1 Bounce:                0 kB
Node 1 WritebackTmp:          0 kB
Node 1 KReclaimable:      20296 kB
Node 1 Slab:              54832 kB
Node 1 SReclaimable:      20296 kB
Node 1 SUnreclaim:        34536 kB
Node 1 AnonHugePages:         0 kB
Node 1 ShmemHugePages:        0 kB
Node 1 ShmemPmdMapped:        0 kB
Node 1 FileHugePages:        0 kB
Node 1 FilePmdMapped:        0 kB
Node 1 HugePages_Total:     0
Node 1 HugePages_Free:      0
Node 1 HugePages_Surp:      0

Load ZFS
Node 0 MemTotal:       24768352 kB
Node 0 MemFree:        24273444 kB
Node 0 MemUsed:          494908 kB
Node 0 Active:            53760 kB
Node 0 Inactive:         142760 kB
Node 0 Active(anon):      28904 kB
Node 0 Inactive(anon):      436 kB
Node 0 Active(file):      24856 kB
Node 0 Inactive(file):   142324 kB
Node 0 Unevictable:       18272 kB
Node 0 Mlocked:           18272 kB
Node 0 Dirty:               128 kB
Node 0 Writeback:             0 kB
Node 0 FilePages:        175568 kB
Node 0 Mapped:            23748 kB
Node 0 AnonPages:         39188 kB
Node 0 Shmem:               656 kB
Node 0 KernelStack:        2564 kB
Node 0 PageTables:          996 kB
Node 0 NFS_Unstable:          0 kB
Node 0 Bounce:                0 kB
Node 0 WritebackTmp:          0 kB
Node 0 KReclaimable:      21876 kB
Node 0 Slab:              54684 kB
Node 0 SReclaimable:      21876 kB
Node 0 SUnreclaim:        32808 kB
Node 0 AnonHugePages:         0 kB
Node 0 ShmemHugePages:        0 kB
Node 0 ShmemPmdMapped:        0 kB
Node 0 FileHugePages:        0 kB
Node 0 FilePmdMapped:        0 kB
Node 0 HugePages_Total:     0
Node 0 HugePages_Free:      0
Node 0 HugePages_Surp:      0

Node 1 MemTotal:       24661580 kB
Node 1 MemFree:        24406168 kB
Node 1 MemUsed:          255412 kB
Node 1 Active:            69160 kB
Node 1 Inactive:          47692 kB
Node 1 Active(anon):      30852 kB
Node 1 Inactive(anon):      504 kB
Node 1 Active(file):      38308 kB
Node 1 Inactive(file):    47188 kB
Node 1 Unevictable:         448 kB
Node 1 Mlocked:             448 kB
Node 1 Dirty:               392 kB
Node 1 Writeback:             0 kB
Node 1 FilePages:         86844 kB
Node 1 Mapped:            26876 kB
Node 1 AnonPages:         30364 kB
Node 1 Shmem:               612 kB
Node 1 KernelStack:        1824 kB
Node 1 PageTables:         1968 kB
Node 1 NFS_Unstable:          0 kB
Node 1 Bounce:                0 kB
Node 1 WritebackTmp:          0 kB
Node 1 KReclaimable:      20932 kB
Node 1 Slab:              57208 kB
Node 1 SReclaimable:      20932 kB
Node 1 SUnreclaim:        36276 kB
Node 1 AnonHugePages:         0 kB
Node 1 ShmemHugePages:        0 kB
Node 1 ShmemPmdMapped:        0 kB
Node 1 FileHugePages:        0 kB
Node 1 FilePmdMapped:        0 kB
Node 1 HugePages_Total:     0
Node 1 HugePages_Free:      0
Node 1 HugePages_Surp:      0

Import tank ZPool
Node 0 MemTotal:       24768352 kB
Node 0 MemFree:        24257684 kB
Node 0 MemUsed:          510668 kB
Node 0 Active:            53820 kB
Node 0 Inactive:         143896 kB
Node 0 Active(anon):      28632 kB
Node 0 Inactive(anon):      436 kB
Node 0 Active(file):      25188 kB
Node 0 Inactive(file):   143460 kB
Node 0 Unevictable:       18304 kB
Node 0 Mlocked:           18304 kB
Node 0 Dirty:               148 kB
Node 0 Writeback:             0 kB
Node 0 FilePages:        177048 kB
Node 0 Mapped:            23044 kB
Node 0 AnonPages:         38788 kB
Node 0 Shmem:               652 kB
Node 0 KernelStack:        3560 kB
Node 0 PageTables:         1004 kB
Node 0 NFS_Unstable:          0 kB
Node 0 Bounce:                0 kB
Node 0 WritebackTmp:          0 kB
Node 0 KReclaimable:      22024 kB
Node 0 Slab:              61208 kB
Node 0 SReclaimable:      22024 kB
Node 0 SUnreclaim:        39184 kB
Node 0 AnonHugePages:         0 kB
Node 0 ShmemHugePages:        0 kB
Node 0 ShmemPmdMapped:        0 kB
Node 0 FileHugePages:        0 kB
Node 0 FilePmdMapped:        0 kB
Node 0 HugePages_Total:     0
Node 0 HugePages_Free:      0
Node 0 HugePages_Surp:      0

Node 1 MemTotal:       24661580 kB
Node 1 MemFree:        24408340 kB
Node 1 MemUsed:          253240 kB
Node 1 Active:            68288 kB
Node 1 Inactive:          47700 kB
Node 1 Active(anon):      29980 kB
Node 1 Inactive(anon):      512 kB
Node 1 Active(file):      38308 kB
Node 1 Inactive(file):    47188 kB
Node 1 Unevictable:         448 kB
Node 1 Mlocked:             448 kB
Node 1 Dirty:               460 kB
Node 1 Writeback:             0 kB
Node 1 FilePages:         86560 kB
Node 1 Mapped:            26752 kB
Node 1 AnonPages:         29880 kB
Node 1 Shmem:               616 kB
Node 1 KernelStack:        1688 kB
Node 1 PageTables:         1552 kB
Node 1 NFS_Unstable:          0 kB
Node 1 Bounce:                0 kB
Node 1 WritebackTmp:          0 kB
Node 1 KReclaimable:      20932 kB
Node 1 Slab:              57168 kB
Node 1 SReclaimable:      20932 kB
Node 1 SUnreclaim:        36236 kB
Node 1 AnonHugePages:         0 kB
Node 1 ShmemHugePages:        0 kB
Node 1 ShmemPmdMapped:        0 kB
Node 1 FileHugePages:        0 kB
Node 1 FilePmdMapped:        0 kB
Node 1 HugePages_Total:     0
Node 1 HugePages_Free:      0
Node 1 HugePages_Surp:      0

After Test
Node 0 MemTotal:       24768352 kB
Node 0 MemFree:        24255636 kB
Node 0 MemUsed:          512716 kB
Node 0 Active:            54176 kB
Node 0 Inactive:         143620 kB
Node 0 Active(anon):      28580 kB
Node 0 Inactive(anon):      436 kB
Node 0 Active(file):      25596 kB
Node 0 Inactive(file):   143184 kB
Node 0 Unevictable:       18304 kB
Node 0 Mlocked:           18304 kB
Node 0 Dirty:               148 kB
Node 0 Writeback:             0 kB
Node 0 FilePages:        177176 kB
Node 0 Mapped:            22860 kB
Node 0 AnonPages:         38648 kB
Node 0 Shmem:               652 kB
Node 0 KernelStack:        3544 kB
Node 0 PageTables:          964 kB
Node 0 NFS_Unstable:          0 kB
Node 0 Bounce:                0 kB
Node 0 WritebackTmp:          0 kB
Node 0 KReclaimable:      22028 kB
Node 0 Slab:              61212 kB
Node 0 SReclaimable:      22028 kB
Node 0 SUnreclaim:        39184 kB
Node 0 AnonHugePages:         0 kB
Node 0 ShmemHugePages:        0 kB
Node 0 ShmemPmdMapped:        0 kB
Node 0 FileHugePages:        0 kB
Node 0 FilePmdMapped:        0 kB
Node 0 HugePages_Total:     0
Node 0 HugePages_Free:      0
Node 0 HugePages_Surp:      0

Node 1 MemTotal:       24661580 kB
Node 1 MemFree:        24404624 kB
Node 1 MemUsed:          256956 kB
Node 1 Active:            68968 kB
Node 1 Inactive:          49160 kB
Node 1 Active(anon):      30076 kB
Node 1 Inactive(anon):      804 kB
Node 1 Active(file):      38892 kB
Node 1 Inactive(file):    48356 kB
Node 1 Unevictable:         448 kB
Node 1 Mlocked:             448 kB
Node 1 Dirty:               460 kB
Node 1 Writeback:             0 kB
Node 1 FilePages:         88596 kB
Node 1 Mapped:            26688 kB
Node 1 AnonPages:         29696 kB
Node 1 Shmem:               616 kB
Node 1 KernelStack:        1728 kB
Node 1 PageTables:         1552 kB
Node 1 NFS_Unstable:          0 kB
Node 1 Bounce:                0 kB
Node 1 WritebackTmp:          0 kB
Node 1 KReclaimable:      22132 kB
Node 1 Slab:              58660 kB
Node 1 SReclaimable:      22132 kB
Node 1 SUnreclaim:        36528 kB
Node 1 AnonHugePages:         0 kB
Node 1 ShmemHugePages:        0 kB
Node 1 ShmemPmdMapped:        0 kB
Node 1 FileHugePages:        0 kB
Node 1 FilePmdMapped:        0 kB
Node 1 HugePages_Total:     0
Node 1 HugePages_Free:      0
Node 1 HugePages_Surp:      0

After Opposite Node
Node 0 MemTotal:       24768352 kB
Node 0 MemFree:        24253428 kB
Node 0 MemUsed:          514924 kB
Node 0 Active:            54288 kB
Node 0 Inactive:         143672 kB
Node 0 Active(anon):      28468 kB
Node 0 Inactive(anon):      456 kB
Node 0 Active(file):      25820 kB
Node 0 Inactive(file):   143216 kB
Node 0 Unevictable:       18304 kB
Node 0 Mlocked:           18304 kB
Node 0 Dirty:                60 kB
Node 0 Writeback:             0 kB
Node 0 FilePages:        177476 kB
Node 0 Mapped:            22904 kB
Node 0 AnonPages:         38696 kB
Node 0 Shmem:               696 kB
Node 0 KernelStack:        3544 kB
Node 0 PageTables:         1008 kB
Node 0 NFS_Unstable:          0 kB
Node 0 Bounce:                0 kB
Node 0 WritebackTmp:          0 kB
Node 0 KReclaimable:      22088 kB
Node 0 Slab:              61472 kB
Node 0 SReclaimable:      22088 kB
Node 0 SUnreclaim:        39384 kB
Node 0 AnonHugePages:         0 kB
Node 0 ShmemHugePages:        0 kB
Node 0 ShmemPmdMapped:        0 kB
Node 0 FileHugePages:        0 kB
Node 0 FilePmdMapped:        0 kB
Node 0 HugePages_Total:     0
Node 0 HugePages_Free:      0
Node 0 HugePages_Surp:      0

Node 1 MemTotal:       24661580 kB
Node 1 MemFree:        24404632 kB
Node 1 MemUsed:          256948 kB
Node 1 Active:            69384 kB
Node 1 Inactive:          48688 kB
Node 1 Active(anon):      29988 kB
Node 1 Inactive(anon):      508 kB
Node 1 Active(file):      39396 kB
Node 1 Inactive(file):    48180 kB
Node 1 Unevictable:         448 kB
Node 1 Mlocked:             448 kB
Node 1 Dirty:               476 kB
Node 1 Writeback:             0 kB
Node 1 FilePages:         88640 kB
Node 1 Mapped:            26892 kB
Node 1 AnonPages:         29880 kB
Node 1 Shmem:               616 kB
Node 1 KernelStack:        1688 kB
Node 1 PageTables:         1552 kB
Node 1 NFS_Unstable:          0 kB
Node 1 Bounce:                0 kB
Node 1 WritebackTmp:          0 kB
Node 1 KReclaimable:      22196 kB
Node 1 Slab:              58876 kB
Node 1 SReclaimable:      22196 kB
Node 1 SUnreclaim:        36680 kB
Node 1 AnonHugePages:         0 kB
Node 1 ShmemHugePages:        0 kB
Node 1 ShmemPmdMapped:        0 kB
Node 1 FileHugePages:        0 kB
Node 1 FilePmdMapped:        0 kB
Node 1 HugePages_Total:     0
Node 1 HugePages_Free:      0
Node 1 HugePages_Surp:      0

B.1.fio.256K.1.O Complete!
