B.1.fio.100M.3.O
Begin
Node 0 MemTotal:       24768352 kB
Node 0 MemFree:        24448596 kB
Node 0 MemUsed:          319756 kB
Node 0 Active:            33848 kB
Node 0 Inactive:          25756 kB
Node 0 Active(anon):      17884 kB
Node 0 Inactive(anon):      632 kB
Node 0 Active(file):      15964 kB
Node 0 Inactive(file):    25124 kB
Node 0 Unevictable:        1136 kB
Node 0 Mlocked:            1136 kB
Node 0 Dirty:                24 kB
Node 0 Writeback:             0 kB
Node 0 FilePages:         43192 kB
Node 0 Mapped:             8360 kB
Node 0 AnonPages:         17708 kB
Node 0 Shmem:               828 kB
Node 0 KernelStack:        1880 kB
Node 0 PageTables:          308 kB
Node 0 NFS_Unstable:          0 kB
Node 0 Bounce:                0 kB
Node 0 WritebackTmp:          0 kB
Node 0 KReclaimable:      15312 kB
Node 0 Slab:              43936 kB
Node 0 SReclaimable:      15312 kB
Node 0 SUnreclaim:        28624 kB
Node 0 AnonHugePages:         0 kB
Node 0 ShmemHugePages:        0 kB
Node 0 ShmemPmdMapped:        0 kB
Node 0 FileHugePages:        0 kB
Node 0 FilePmdMapped:        0 kB
Node 0 HugePages_Total:     0
Node 0 HugePages_Free:      0
Node 0 HugePages_Surp:      0

Node 1 MemTotal:       24661580 kB
Node 1 MemFree:        24350260 kB
Node 1 MemUsed:          311320 kB
Node 1 Active:            62296 kB
Node 1 Inactive:          83164 kB
Node 1 Active(anon):      16524 kB
Node 1 Inactive(anon):      260 kB
Node 1 Active(file):      45772 kB
Node 1 Inactive(file):    82904 kB
Node 1 Unevictable:       17388 kB
Node 1 Mlocked:           17388 kB
Node 1 Dirty:               424 kB
Node 1 Writeback:             0 kB
Node 1 FilePages:        136192 kB
Node 1 Mapped:            54704 kB
Node 1 AnonPages:         26676 kB
Node 1 Shmem:               440 kB
Node 1 KernelStack:        1736 kB
Node 1 PageTables:          784 kB
Node 1 NFS_Unstable:          0 kB
Node 1 Bounce:                0 kB
Node 1 WritebackTmp:          0 kB
Node 1 KReclaimable:      25652 kB
Node 1 Slab:              61800 kB
Node 1 SReclaimable:      25652 kB
Node 1 SUnreclaim:        36148 kB
Node 1 AnonHugePages:         0 kB
Node 1 ShmemHugePages:        0 kB
Node 1 ShmemPmdMapped:        0 kB
Node 1 FileHugePages:        0 kB
Node 1 FilePmdMapped:        0 kB
Node 1 HugePages_Total:     0
Node 1 HugePages_Free:      0
Node 1 HugePages_Surp:      0

Load ZFS
Node 0 MemTotal:       24768352 kB
Node 0 MemFree:        24553784 kB
Node 0 MemUsed:          214568 kB
Node 0 Active:            48444 kB
Node 0 Inactive:          37660 kB
Node 0 Active(anon):      30636 kB
Node 0 Inactive(anon):      616 kB
Node 0 Active(file):      17808 kB
Node 0 Inactive(file):    37044 kB
Node 0 Unevictable:        1136 kB
Node 0 Mlocked:            1136 kB
Node 0 Dirty:                80 kB
Node 0 Writeback:             0 kB
Node 0 FilePages:         56748 kB
Node 0 Mapped:            10828 kB
Node 0 AnonPages:         29868 kB
Node 0 Shmem:               764 kB
Node 0 KernelStack:        2044 kB
Node 0 PageTables:         1168 kB
Node 0 NFS_Unstable:          0 kB
Node 0 Bounce:                0 kB
Node 0 WritebackTmp:          0 kB
Node 0 KReclaimable:      16072 kB
Node 0 Slab:              45924 kB
Node 0 SReclaimable:      16072 kB
Node 0 SUnreclaim:        29852 kB
Node 0 AnonHugePages:         0 kB
Node 0 ShmemHugePages:        0 kB
Node 0 ShmemPmdMapped:        0 kB
Node 0 FileHugePages:        0 kB
Node 0 FilePmdMapped:        0 kB
Node 0 HugePages_Total:     0
Node 0 HugePages_Free:      0
Node 0 HugePages_Surp:      0

Node 1 MemTotal:       24661580 kB
Node 1 MemFree:        24100992 kB
Node 1 MemUsed:          560588 kB
Node 1 Active:            76172 kB
Node 1 Inactive:         174688 kB
Node 1 Active(anon):      29584 kB
Node 1 Inactive(anon):      324 kB
Node 1 Active(file):      46588 kB
Node 1 Inactive(file):   174364 kB
Node 1 Unevictable:       17604 kB
Node 1 Mlocked:           17604 kB
Node 1 Dirty:               464 kB
Node 1 Writeback:             0 kB
Node 1 FilePages:        228516 kB
Node 1 Mapped:            56504 kB
Node 1 AnonPages:         39640 kB
Node 1 Shmem:               504 kB
Node 1 KernelStack:        2276 kB
Node 1 PageTables:         2260 kB
Node 1 NFS_Unstable:          0 kB
Node 1 Bounce:                0 kB
Node 1 WritebackTmp:          0 kB
Node 1 KReclaimable:      26624 kB
Node 1 Slab:              67552 kB
Node 1 SReclaimable:      26624 kB
Node 1 SUnreclaim:        40928 kB
Node 1 AnonHugePages:         0 kB
Node 1 ShmemHugePages:        0 kB
Node 1 ShmemPmdMapped:        0 kB
Node 1 FileHugePages:        0 kB
Node 1 FilePmdMapped:        0 kB
Node 1 HugePages_Total:     0
Node 1 HugePages_Free:      0
Node 1 HugePages_Surp:      0

Import tank ZPool
Node 0 MemTotal:       24768352 kB
Node 0 MemFree:        24560656 kB
Node 0 MemUsed:          207696 kB
Node 0 Active:            36200 kB
Node 0 Inactive:          38204 kB
Node 0 Active(anon):      17488 kB
Node 0 Inactive(anon):      616 kB
Node 0 Active(file):      18712 kB
Node 0 Inactive(file):    37588 kB
Node 0 Unevictable:        1136 kB
Node 0 Mlocked:            1136 kB
Node 0 Dirty:               120 kB
Node 0 Writeback:             0 kB
Node 0 FilePages:         58196 kB
Node 0 Mapped:             8636 kB
Node 0 AnonPages:         16964 kB
Node 0 Shmem:               760 kB
Node 0 KernelStack:        1960 kB
Node 0 PageTables:          448 kB
Node 0 NFS_Unstable:          0 kB
Node 0 Bounce:                0 kB
Node 0 WritebackTmp:          0 kB
Node 0 KReclaimable:      16184 kB
Node 0 Slab:              50908 kB
Node 0 SReclaimable:      16184 kB
Node 0 SUnreclaim:        34724 kB
Node 0 AnonHugePages:         0 kB
Node 0 ShmemHugePages:        0 kB
Node 0 ShmemPmdMapped:        0 kB
Node 0 FileHugePages:        0 kB
Node 0 FilePmdMapped:        0 kB
Node 0 HugePages_Total:     0
Node 0 HugePages_Free:      0
Node 0 HugePages_Surp:      0

Node 1 MemTotal:       24661580 kB
Node 1 MemFree:        24101424 kB
Node 1 MemUsed:          560156 kB
Node 1 Active:            62876 kB
Node 1 Inactive:         174444 kB
Node 1 Active(anon):      16032 kB
Node 1 Inactive(anon):      332 kB
Node 1 Active(file):      46844 kB
Node 1 Inactive(file):   174112 kB
Node 1 Unevictable:       17620 kB
Node 1 Mlocked:           17620 kB
Node 1 Dirty:               480 kB
Node 1 Writeback:             0 kB
Node 1 FilePages:        228524 kB
Node 1 Mapped:            54988 kB
Node 1 AnonPages:         26416 kB
Node 1 Shmem:               508 kB
Node 1 KernelStack:        2792 kB
Node 1 PageTables:          760 kB
Node 1 NFS_Unstable:          0 kB
Node 1 Bounce:                0 kB
Node 1 WritebackTmp:          0 kB
Node 1 KReclaimable:      26632 kB
Node 1 Slab:              69528 kB
Node 1 SReclaimable:      26632 kB
Node 1 SUnreclaim:        42896 kB
Node 1 AnonHugePages:         0 kB
Node 1 ShmemHugePages:        0 kB
Node 1 ShmemPmdMapped:        0 kB
Node 1 FileHugePages:        0 kB
Node 1 FilePmdMapped:        0 kB
Node 1 HugePages_Total:     0
Node 1 HugePages_Free:      0
Node 1 HugePages_Surp:      0

After Test
Node 0 MemTotal:       24768352 kB
Node 0 MemFree:        24553128 kB
Node 0 MemUsed:          215224 kB
Node 0 Active:            36572 kB
Node 0 Inactive:          38008 kB
Node 0 Active(anon):      17432 kB
Node 0 Inactive(anon):      612 kB
Node 0 Active(file):      19140 kB
Node 0 Inactive(file):    37396 kB
Node 0 Unevictable:        1136 kB
Node 0 Mlocked:            1136 kB
Node 0 Dirty:               124 kB
Node 0 Writeback:             0 kB
Node 0 FilePages:         58428 kB
Node 0 Mapped:             8444 kB
Node 0 AnonPages:         17284 kB
Node 0 Shmem:               760 kB
Node 0 KernelStack:        1944 kB
Node 0 PageTables:          392 kB
Node 0 NFS_Unstable:          0 kB
Node 0 Bounce:                0 kB
Node 0 WritebackTmp:          0 kB
Node 0 KReclaimable:      16188 kB
Node 0 Slab:              50772 kB
Node 0 SReclaimable:      16188 kB
Node 0 SUnreclaim:        34584 kB
Node 0 AnonHugePages:         0 kB
Node 0 ShmemHugePages:        0 kB
Node 0 ShmemPmdMapped:        0 kB
Node 0 FileHugePages:        0 kB
Node 0 FilePmdMapped:        0 kB
Node 0 HugePages_Total:     0
Node 0 HugePages_Free:      0
Node 0 HugePages_Surp:      0

Node 1 MemTotal:       24661580 kB
Node 1 MemFree:        23893392 kB
Node 1 MemUsed:          768188 kB
Node 1 Active:            63936 kB
Node 1 Inactive:         175604 kB
Node 1 Active(anon):      16144 kB
Node 1 Inactive(anon):      356 kB
Node 1 Active(file):      47792 kB
Node 1 Inactive(file):   175248 kB
Node 1 Unevictable:       17620 kB
Node 1 Mlocked:           17620 kB
Node 1 Dirty:               492 kB
Node 1 Writeback:             0 kB
Node 1 FilePages:        230652 kB
Node 1 Mapped:            55020 kB
Node 1 AnonPages:         26464 kB
Node 1 Shmem:               552 kB
Node 1 KernelStack:        2872 kB
Node 1 PageTables:          908 kB
Node 1 NFS_Unstable:          0 kB
Node 1 Bounce:                0 kB
Node 1 WritebackTmp:          0 kB
Node 1 KReclaimable:      27968 kB
Node 1 Slab:              72740 kB
Node 1 SReclaimable:      27968 kB
Node 1 SUnreclaim:        44772 kB
Node 1 AnonHugePages:         0 kB
Node 1 ShmemHugePages:        0 kB
Node 1 ShmemPmdMapped:        0 kB
Node 1 FileHugePages:        0 kB
Node 1 FilePmdMapped:        0 kB
Node 1 HugePages_Total:     0
Node 1 HugePages_Free:      0
Node 1 HugePages_Surp:      0

After Opposite Node
Node 0 MemTotal:       24768352 kB
Node 0 MemFree:        24551856 kB
Node 0 MemUsed:          216496 kB
Node 0 Active:            36876 kB
Node 0 Inactive:          38028 kB
Node 0 Active(anon):      17580 kB
Node 0 Inactive(anon):      636 kB
Node 0 Active(file):      19296 kB
Node 0 Inactive(file):    37392 kB
Node 0 Unevictable:        1136 kB
Node 0 Mlocked:            1136 kB
Node 0 Dirty:               144 kB
Node 0 Writeback:             0 kB
Node 0 FilePages:         58624 kB
Node 0 Mapped:             8488 kB
Node 0 AnonPages:         17328 kB
Node 0 Shmem:               804 kB
Node 0 KernelStack:        1976 kB
Node 0 PageTables:          508 kB
Node 0 NFS_Unstable:          0 kB
Node 0 Bounce:                0 kB
Node 0 WritebackTmp:          0 kB
Node 0 KReclaimable:      16232 kB
Node 0 Slab:              51000 kB
Node 0 SReclaimable:      16232 kB
Node 0 SUnreclaim:        34768 kB
Node 0 AnonHugePages:         0 kB
Node 0 ShmemHugePages:        0 kB
Node 0 ShmemPmdMapped:        0 kB
Node 0 FileHugePages:        0 kB
Node 0 FilePmdMapped:        0 kB
Node 0 HugePages_Total:     0
Node 0 HugePages_Free:      0
Node 0 HugePages_Surp:      0

Node 1 MemTotal:       24661580 kB
Node 1 MemFree:        23893844 kB
Node 1 MemUsed:          767736 kB
Node 1 Active:            64008 kB
Node 1 Inactive:         175404 kB
Node 1 Active(anon):      16036 kB
Node 1 Inactive(anon):      328 kB
Node 1 Active(file):      47972 kB
Node 1 Inactive(file):   175076 kB
Node 1 Unevictable:       17620 kB
Node 1 Mlocked:           17620 kB
Node 1 Dirty:               500 kB
Node 1 Writeback:             0 kB
Node 1 FilePages:        230616 kB
Node 1 Mapped:            54952 kB
Node 1 AnonPages:         26416 kB
Node 1 Shmem:               508 kB
Node 1 KernelStack:        2808 kB
Node 1 PageTables:          760 kB
Node 1 NFS_Unstable:          0 kB
Node 1 Bounce:                0 kB
Node 1 WritebackTmp:          0 kB
Node 1 KReclaimable:      27968 kB
Node 1 Slab:              72756 kB
Node 1 SReclaimable:      27968 kB
Node 1 SUnreclaim:        44788 kB
Node 1 AnonHugePages:         0 kB
Node 1 ShmemHugePages:        0 kB
Node 1 ShmemPmdMapped:        0 kB
Node 1 FileHugePages:        0 kB
Node 1 FilePmdMapped:        0 kB
Node 1 HugePages_Total:     0
Node 1 HugePages_Free:      0
Node 1 HugePages_Surp:      0

B.1.fio.100M.3.O Complete!
