B.1.fio.100M.1.O
Begin
Node 0 MemTotal:       24743736 kB
Node 0 MemFree:        24295244 kB
Node 0 MemUsed:          448492 kB
Node 0 Active:            53484 kB
Node 0 Inactive:         120220 kB
Node 0 Active(anon):      13136 kB
Node 0 Inactive(anon):      520 kB
Node 0 Active(file):      40348 kB
Node 0 Inactive(file):   119700 kB
Node 0 Unevictable:         972 kB
Node 0 Mlocked:             972 kB
Node 0 Dirty:               200 kB
Node 0 Writeback:             0 kB
Node 0 FilePages:        161736 kB
Node 0 Mapped:            85104 kB
Node 0 AnonPages:         13008 kB
Node 0 Shmem:               692 kB
Node 0 KernelStack:        1864 kB
Node 0 PageTables:          684 kB
Node 0 NFS_Unstable:          0 kB
Node 0 Bounce:                0 kB
Node 0 WritebackTmp:          0 kB
Node 0 KReclaimable:      22760 kB
Node 0 Slab:              52276 kB
Node 0 SReclaimable:      22760 kB
Node 0 SUnreclaim:        29516 kB
Node 0 AnonHugePages:         0 kB
Node 0 ShmemHugePages:        0 kB
Node 0 ShmemPmdMapped:        0 kB
Node 0 FileHugePages:        0 kB
Node 0 FilePmdMapped:        0 kB
Node 0 HugePages_Total:     0
Node 0 HugePages_Free:      0
Node 0 HugePages_Surp:      0

Node 1 MemTotal:       24686196 kB
Node 1 MemFree:        24443116 kB
Node 1 MemUsed:          243080 kB
Node 1 Active:            44784 kB
Node 1 Inactive:          49480 kB
Node 1 Active(anon):      20400 kB
Node 1 Inactive(anon):      356 kB
Node 1 Active(file):      24384 kB
Node 1 Inactive(file):    49124 kB
Node 1 Unevictable:       17548 kB
Node 1 Mlocked:           17548 kB
Node 1 Dirty:                44 kB
Node 1 Writeback:             0 kB
Node 1 FilePages:         81304 kB
Node 1 Mapped:            25756 kB
Node 1 AnonPages:         30576 kB
Node 1 Shmem:               576 kB
Node 1 KernelStack:        1720 kB
Node 1 PageTables:          640 kB
Node 1 NFS_Unstable:          0 kB
Node 1 Bounce:                0 kB
Node 1 WritebackTmp:          0 kB
Node 1 KReclaimable:      18264 kB
Node 1 Slab:              52492 kB
Node 1 SReclaimable:      18264 kB
Node 1 SUnreclaim:        34228 kB
Node 1 AnonHugePages:         0 kB
Node 1 ShmemHugePages:        0 kB
Node 1 ShmemPmdMapped:        0 kB
Node 1 FileHugePages:        0 kB
Node 1 FilePmdMapped:        0 kB
Node 1 HugePages_Total:     0
Node 1 HugePages_Free:      0
Node 1 HugePages_Surp:      0

Load ZFS
Node 0 MemTotal:       24743736 kB
Node 0 MemFree:        24190384 kB
Node 0 MemUsed:          553352 kB
Node 0 Active:            67536 kB
Node 0 Inactive:         204672 kB
Node 0 Active(anon):      25812 kB
Node 0 Inactive(anon):      544 kB
Node 0 Active(file):      41724 kB
Node 0 Inactive(file):   204128 kB
Node 0 Unevictable:         972 kB
Node 0 Mlocked:             972 kB
Node 0 Dirty:               584 kB
Node 0 Writeback:             0 kB
Node 0 FilePages:        247808 kB
Node 0 Mapped:            86628 kB
Node 0 AnonPages:         25320 kB
Node 0 Shmem:               696 kB
Node 0 KernelStack:        2156 kB
Node 0 PageTables:         1528 kB
Node 0 NFS_Unstable:          0 kB
Node 0 Bounce:                0 kB
Node 0 WritebackTmp:          0 kB
Node 0 KReclaimable:      23548 kB
Node 0 Slab:              55592 kB
Node 0 SReclaimable:      23548 kB
Node 0 SUnreclaim:        32044 kB
Node 0 AnonHugePages:         0 kB
Node 0 ShmemHugePages:        0 kB
Node 0 ShmemPmdMapped:        0 kB
Node 0 FileHugePages:        0 kB
Node 0 FilePmdMapped:        0 kB
Node 0 HugePages_Total:     0
Node 0 HugePages_Free:      0
Node 0 HugePages_Surp:      0

Node 1 MemTotal:       24686196 kB
Node 1 MemFree:        24403236 kB
Node 1 MemUsed:          282960 kB
Node 1 Active:            57872 kB
Node 1 Inactive:          68424 kB
Node 1 Active(anon):      32396 kB
Node 1 Inactive(anon):      396 kB
Node 1 Active(file):      25476 kB
Node 1 Inactive(file):    68028 kB
Node 1 Unevictable:       17760 kB
Node 1 Mlocked:           17760 kB
Node 1 Dirty:                52 kB
Node 1 Writeback:             0 kB
Node 1 FilePages:        101296 kB
Node 1 Mapped:            28764 kB
Node 1 AnonPages:         42520 kB
Node 1 Shmem:               572 kB
Node 1 KernelStack:        2116 kB
Node 1 PageTables:         1920 kB
Node 1 NFS_Unstable:          0 kB
Node 1 Bounce:                0 kB
Node 1 WritebackTmp:          0 kB
Node 1 KReclaimable:      19204 kB
Node 1 Slab:              56844 kB
Node 1 SReclaimable:      19204 kB
Node 1 SUnreclaim:        37640 kB
Node 1 AnonHugePages:         0 kB
Node 1 ShmemHugePages:        0 kB
Node 1 ShmemPmdMapped:        0 kB
Node 1 FileHugePages:        0 kB
Node 1 FilePmdMapped:        0 kB
Node 1 HugePages_Total:     0
Node 1 HugePages_Free:      0
Node 1 HugePages_Surp:      0

Import tank ZPool
Node 0 MemTotal:       24743736 kB
Node 0 MemFree:        24197412 kB
Node 0 MemUsed:          546324 kB
Node 0 Active:            55900 kB
Node 0 Inactive:         205840 kB
Node 0 Active(anon):      13808 kB
Node 0 Inactive(anon):      556 kB
Node 0 Active(file):      42092 kB
Node 0 Inactive(file):   205284 kB
Node 0 Unevictable:         972 kB
Node 0 Mlocked:             972 kB
Node 0 Dirty:               716 kB
Node 0 Writeback:             0 kB
Node 0 FilePages:        249056 kB
Node 0 Mapped:            85856 kB
Node 0 AnonPages:         13484 kB
Node 0 Shmem:               704 kB
Node 0 KernelStack:        1944 kB
Node 0 PageTables:          836 kB
Node 0 NFS_Unstable:          0 kB
Node 0 Bounce:                0 kB
Node 0 WritebackTmp:          0 kB
Node 0 KReclaimable:      23704 kB
Node 0 Slab:              60596 kB
Node 0 SReclaimable:      23704 kB
Node 0 SUnreclaim:        36892 kB
Node 0 AnonHugePages:         0 kB
Node 0 ShmemHugePages:        0 kB
Node 0 ShmemPmdMapped:        0 kB
Node 0 FileHugePages:        0 kB
Node 0 FilePmdMapped:        0 kB
Node 0 HugePages_Total:     0
Node 0 HugePages_Free:      0
Node 0 HugePages_Surp:      0

Node 1 MemTotal:       24686196 kB
Node 1 MemFree:        24402756 kB
Node 1 MemUsed:          283440 kB
Node 1 Active:            45972 kB
Node 1 Inactive:          68264 kB
Node 1 Active(anon):      20196 kB
Node 1 Inactive(anon):      392 kB
Node 1 Active(file):      25776 kB
Node 1 Inactive(file):    67872 kB
Node 1 Unevictable:       17776 kB
Node 1 Mlocked:           17776 kB
Node 1 Dirty:                60 kB
Node 1 Writeback:             0 kB
Node 1 FilePages:        101448 kB
Node 1 Mapped:            26020 kB
Node 1 AnonPages:         30576 kB
Node 1 Shmem:               564 kB
Node 1 KernelStack:        2744 kB
Node 1 PageTables:          580 kB
Node 1 NFS_Unstable:          0 kB
Node 1 Bounce:                0 kB
Node 1 WritebackTmp:          0 kB
Node 1 KReclaimable:      19220 kB
Node 1 Slab:              59012 kB
Node 1 SReclaimable:      19220 kB
Node 1 SUnreclaim:        39792 kB
Node 1 AnonHugePages:         0 kB
Node 1 ShmemHugePages:        0 kB
Node 1 ShmemPmdMapped:        0 kB
Node 1 FileHugePages:        0 kB
Node 1 FilePmdMapped:        0 kB
Node 1 HugePages_Total:     0
Node 1 HugePages_Free:      0
Node 1 HugePages_Surp:      0

After Test
Node 0 MemTotal:       24743736 kB
Node 0 MemFree:        24180756 kB
Node 0 MemUsed:          562980 kB
Node 0 Active:            55724 kB
Node 0 Inactive:         205580 kB
Node 0 Active(anon):      13212 kB
Node 0 Inactive(anon):      552 kB
Node 0 Active(file):      42512 kB
Node 0 Inactive(file):   205028 kB
Node 0 Unevictable:         972 kB
Node 0 Mlocked:             972 kB
Node 0 Dirty:                 4 kB
Node 0 Writeback:           116 kB
Node 0 FilePages:        249216 kB
Node 0 Mapped:            85528 kB
Node 0 AnonPages:         13060 kB
Node 0 Shmem:               704 kB
Node 0 KernelStack:        1900 kB
Node 0 PageTables:          712 kB
Node 0 NFS_Unstable:          0 kB
Node 0 Bounce:                0 kB
Node 0 WritebackTmp:          0 kB
Node 0 KReclaimable:      23704 kB
Node 0 Slab:              60460 kB
Node 0 SReclaimable:      23704 kB
Node 0 SUnreclaim:        36756 kB
Node 0 AnonHugePages:         0 kB
Node 0 ShmemHugePages:        0 kB
Node 0 ShmemPmdMapped:        0 kB
Node 0 FileHugePages:        0 kB
Node 0 FilePmdMapped:        0 kB
Node 0 HugePages_Total:     0
Node 0 HugePages_Free:      0
Node 0 HugePages_Surp:      0

Node 1 MemTotal:       24686196 kB
Node 1 MemFree:        24203000 kB
Node 1 MemUsed:          483196 kB
Node 1 Active:            47104 kB
Node 1 Inactive:          69684 kB
Node 1 Active(anon):      20508 kB
Node 1 Inactive(anon):      676 kB
Node 1 Active(file):      26596 kB
Node 1 Inactive(file):    69008 kB
Node 1 Unevictable:       17776 kB
Node 1 Mlocked:           17776 kB
Node 1 Dirty:                16 kB
Node 1 Writeback:            48 kB
Node 1 FilePages:        103680 kB
Node 1 Mapped:            25820 kB
Node 1 AnonPages:         30744 kB
Node 1 Shmem:               564 kB
Node 1 KernelStack:        2832 kB
Node 1 PageTables:          600 kB
Node 1 NFS_Unstable:          0 kB
Node 1 Bounce:                0 kB
Node 1 WritebackTmp:          0 kB
Node 1 KReclaimable:      20460 kB
Node 1 Slab:              61596 kB
Node 1 SReclaimable:      20460 kB
Node 1 SUnreclaim:        41136 kB
Node 1 AnonHugePages:         0 kB
Node 1 ShmemHugePages:        0 kB
Node 1 ShmemPmdMapped:        0 kB
Node 1 FileHugePages:        0 kB
Node 1 FilePmdMapped:        0 kB
Node 1 HugePages_Total:     0
Node 1 HugePages_Free:      0
Node 1 HugePages_Surp:      0

After Opposite Node
Node 0 MemTotal:       24743736 kB
Node 0 MemFree:        24180076 kB
Node 0 MemUsed:          563660 kB
Node 0 Active:            56064 kB
Node 0 Inactive:         205608 kB
Node 0 Active(anon):      13396 kB
Node 0 Inactive(anon):      584 kB
Node 0 Active(file):      42668 kB
Node 0 Inactive(file):   205024 kB
Node 0 Unevictable:         972 kB
Node 0 Mlocked:             972 kB
Node 0 Dirty:                24 kB
Node 0 Writeback:             0 kB
Node 0 FilePages:        249412 kB
Node 0 Mapped:            85572 kB
Node 0 AnonPages:         13148 kB
Node 0 Shmem:               748 kB
Node 0 KernelStack:        1992 kB
Node 0 PageTables:          928 kB
Node 0 NFS_Unstable:          0 kB
Node 0 Bounce:                0 kB
Node 0 WritebackTmp:          0 kB
Node 0 KReclaimable:      23776 kB
Node 0 Slab:              60492 kB
Node 0 SReclaimable:      23776 kB
Node 0 SUnreclaim:        36716 kB
Node 0 AnonHugePages:         0 kB
Node 0 ShmemHugePages:        0 kB
Node 0 ShmemPmdMapped:        0 kB
Node 0 FileHugePages:        0 kB
Node 0 FilePmdMapped:        0 kB
Node 0 HugePages_Total:     0
Node 0 HugePages_Free:      0
Node 0 HugePages_Surp:      0

Node 1 MemTotal:       24686196 kB
Node 1 MemFree:        24203120 kB
Node 1 MemUsed:          483076 kB
Node 1 Active:            47128 kB
Node 1 Inactive:          69252 kB
Node 1 Active(anon):      20380 kB
Node 1 Inactive(anon):      388 kB
Node 1 Active(file):      26748 kB
Node 1 Inactive(file):    68864 kB
Node 1 Unevictable:       17776 kB
Node 1 Mlocked:           17776 kB
Node 1 Dirty:                24 kB
Node 1 Writeback:             0 kB
Node 1 FilePages:        103396 kB
Node 1 Mapped:            26044 kB
Node 1 AnonPages:         30756 kB
Node 1 Shmem:               564 kB
Node 1 KernelStack:        2760 kB
Node 1 PageTables:          612 kB
Node 1 NFS_Unstable:          0 kB
Node 1 Bounce:                0 kB
Node 1 WritebackTmp:          0 kB
Node 1 KReclaimable:      20476 kB
Node 1 Slab:              61772 kB
Node 1 SReclaimable:      20476 kB
Node 1 SUnreclaim:        41296 kB
Node 1 AnonHugePages:         0 kB
Node 1 ShmemHugePages:        0 kB
Node 1 ShmemPmdMapped:        0 kB
Node 1 FileHugePages:        0 kB
Node 1 FilePmdMapped:        0 kB
Node 1 HugePages_Total:     0
Node 1 HugePages_Free:      0
Node 1 HugePages_Surp:      0

B.1.fio.100M.1.O Complete!
