B.1.fio.2-1G.2.O
Begin
Node 0 MemTotal:       24743736 kB
Node 0 MemFree:        24278516 kB
Node 0 MemUsed:          465220 kB
Node 0 Active:            68600 kB
Node 0 Inactive:         116616 kB
Node 0 Active(anon):      19044 kB
Node 0 Inactive(anon):      440 kB
Node 0 Active(file):      49556 kB
Node 0 Inactive(file):   116176 kB
Node 0 Unevictable:        5812 kB
Node 0 Mlocked:            5812 kB
Node 0 Dirty:               220 kB
Node 0 Writeback:             0 kB
Node 0 FilePages:        172340 kB
Node 0 Mapped:            93552 kB
Node 0 AnonPages:         18852 kB
Node 0 Shmem:               632 kB
Node 0 KernelStack:        1912 kB
Node 0 PageTables:          736 kB
Node 0 NFS_Unstable:          0 kB
Node 0 Bounce:                0 kB
Node 0 WritebackTmp:          0 kB
Node 0 KReclaimable:      21208 kB
Node 0 Slab:              52352 kB
Node 0 SReclaimable:      21208 kB
Node 0 SUnreclaim:        31144 kB
Node 0 AnonHugePages:         0 kB
Node 0 ShmemHugePages:        0 kB
Node 0 ShmemPmdMapped:        0 kB
Node 0 FileHugePages:        0 kB
Node 0 FilePmdMapped:        0 kB
Node 0 HugePages_Total:     0
Node 0 HugePages_Free:      0
Node 0 HugePages_Surp:      0

Node 1 MemTotal:       24686196 kB
Node 1 MemFree:        24469736 kB
Node 1 MemUsed:          216460 kB
Node 1 Active:            28612 kB
Node 1 Inactive:          41980 kB
Node 1 Active(anon):      15200 kB
Node 1 Inactive(anon):      440 kB
Node 1 Active(file):      13412 kB
Node 1 Inactive(file):    41540 kB
Node 1 Unevictable:       12708 kB
Node 1 Mlocked:           12708 kB
Node 1 Dirty:                20 kB
Node 1 Writeback:             0 kB
Node 1 FilePages:         57972 kB
Node 1 Mapped:            12668 kB
Node 1 AnonPages:         25508 kB
Node 1 Shmem:               636 kB
Node 1 KernelStack:        1688 kB
Node 1 PageTables:          584 kB
Node 1 NFS_Unstable:          0 kB
Node 1 Bounce:                0 kB
Node 1 WritebackTmp:          0 kB
Node 1 KReclaimable:      20332 kB
Node 1 Slab:              53704 kB
Node 1 SReclaimable:      20332 kB
Node 1 SUnreclaim:        33372 kB
Node 1 AnonHugePages:         0 kB
Node 1 ShmemHugePages:        0 kB
Node 1 ShmemPmdMapped:        0 kB
Node 1 FileHugePages:        0 kB
Node 1 FilePmdMapped:        0 kB
Node 1 HugePages_Total:     0
Node 1 HugePages_Free:      0
Node 1 HugePages_Surp:      0

Load ZFS
Node 0 MemTotal:       24743736 kB
Node 0 MemFree:        24179156 kB
Node 0 MemUsed:          564580 kB
Node 0 Active:            80428 kB
Node 0 Inactive:         197328 kB
Node 0 Active(anon):      29760 kB
Node 0 Inactive(anon):      476 kB
Node 0 Active(file):      50668 kB
Node 0 Inactive(file):   196852 kB
Node 0 Unevictable:        5812 kB
Node 0 Mlocked:            5812 kB
Node 0 Dirty:               620 kB
Node 0 Writeback:             0 kB
Node 0 FilePages:        253976 kB
Node 0 Mapped:            95576 kB
Node 0 AnonPages:         29768 kB
Node 0 Shmem:               648 kB
Node 0 KernelStack:        2072 kB
Node 0 PageTables:         1328 kB
Node 0 NFS_Unstable:          0 kB
Node 0 Bounce:                0 kB
Node 0 WritebackTmp:          0 kB
Node 0 KReclaimable:      22232 kB
Node 0 Slab:              56480 kB
Node 0 SReclaimable:      22232 kB
Node 0 SUnreclaim:        34248 kB
Node 0 AnonHugePages:         0 kB
Node 0 ShmemHugePages:        0 kB
Node 0 ShmemPmdMapped:        0 kB
Node 0 FileHugePages:        0 kB
Node 0 FilePmdMapped:        0 kB
Node 0 HugePages_Total:     0
Node 0 HugePages_Free:      0
Node 0 HugePages_Surp:      0

Node 1 MemTotal:       24686196 kB
Node 1 MemFree:        24424392 kB
Node 1 MemUsed:          261804 kB
Node 1 Active:            44424 kB
Node 1 Inactive:          64836 kB
Node 1 Active(anon):      29528 kB
Node 1 Inactive(anon):      468 kB
Node 1 Active(file):      14896 kB
Node 1 Inactive(file):    64368 kB
Node 1 Unevictable:       12924 kB
Node 1 Mlocked:           12924 kB
Node 1 Dirty:                20 kB
Node 1 Writeback:             0 kB
Node 1 FilePages:         82268 kB
Node 1 Mapped:            15056 kB
Node 1 AnonPages:         40064 kB
Node 1 Shmem:               620 kB
Node 1 KernelStack:        2072 kB
Node 1 PageTables:         1852 kB
Node 1 NFS_Unstable:          0 kB
Node 1 Bounce:                0 kB
Node 1 WritebackTmp:          0 kB
Node 1 KReclaimable:      20960 kB
Node 1 Slab:              56860 kB
Node 1 SReclaimable:      20960 kB
Node 1 SUnreclaim:        35900 kB
Node 1 AnonHugePages:         0 kB
Node 1 ShmemHugePages:        0 kB
Node 1 ShmemPmdMapped:        0 kB
Node 1 FileHugePages:        0 kB
Node 1 FilePmdMapped:        0 kB
Node 1 HugePages_Total:     0
Node 1 HugePages_Free:      0
Node 1 HugePages_Surp:      0

Import tank ZPool
Node 0 MemTotal:       24743736 kB
Node 0 MemFree:        24182380 kB
Node 0 MemUsed:          561356 kB
Node 0 Active:            71220 kB
Node 0 Inactive:         198376 kB
Node 0 Active(anon):      20080 kB
Node 0 Inactive(anon):      480 kB
Node 0 Active(file):      51140 kB
Node 0 Inactive(file):   197896 kB
Node 0 Unevictable:        5812 kB
Node 0 Mlocked:            5812 kB
Node 0 Dirty:               744 kB
Node 0 Writeback:             0 kB
Node 0 FilePages:        255496 kB
Node 0 Mapped:            94424 kB
Node 0 AnonPages:         19744 kB
Node 0 Shmem:               648 kB
Node 0 KernelStack:        2008 kB
Node 0 PageTables:         1048 kB
Node 0 NFS_Unstable:          0 kB
Node 0 Bounce:                0 kB
Node 0 WritebackTmp:          0 kB
Node 0 KReclaimable:      22384 kB
Node 0 Slab:              61572 kB
Node 0 SReclaimable:      22384 kB
Node 0 SUnreclaim:        39188 kB
Node 0 AnonHugePages:         0 kB
Node 0 ShmemHugePages:        0 kB
Node 0 ShmemPmdMapped:        0 kB
Node 0 FileHugePages:        0 kB
Node 0 FilePmdMapped:        0 kB
Node 0 HugePages_Total:     0
Node 0 HugePages_Free:      0
Node 0 HugePages_Surp:      0

Node 1 MemTotal:       24686196 kB
Node 1 MemFree:        24424912 kB
Node 1 MemUsed:          261284 kB
Node 1 Active:            29696 kB
Node 1 Inactive:          64616 kB
Node 1 Active(anon):      14500 kB
Node 1 Inactive(anon):      468 kB
Node 1 Active(file):      15196 kB
Node 1 Inactive(file):    64148 kB
Node 1 Unevictable:       12940 kB
Node 1 Mlocked:           12940 kB
Node 1 Dirty:                24 kB
Node 1 Writeback:             8 kB
Node 1 FilePages:         82372 kB
Node 1 Mapped:            12996 kB
Node 1 AnonPages:         24768 kB
Node 1 Shmem:               620 kB
Node 1 KernelStack:        2828 kB
Node 1 PageTables:          980 kB
Node 1 NFS_Unstable:          0 kB
Node 1 Bounce:                0 kB
Node 1 WritebackTmp:          0 kB
Node 1 KReclaimable:      20980 kB
Node 1 Slab:              59264 kB
Node 1 SReclaimable:      20980 kB
Node 1 SUnreclaim:        38284 kB
Node 1 AnonHugePages:         0 kB
Node 1 ShmemHugePages:        0 kB
Node 1 ShmemPmdMapped:        0 kB
Node 1 FileHugePages:        0 kB
Node 1 FilePmdMapped:        0 kB
Node 1 HugePages_Total:     0
Node 1 HugePages_Free:      0
Node 1 HugePages_Surp:      0

After Test
Node 0 MemTotal:       24743736 kB
Node 0 MemFree:        22543680 kB
Node 0 MemUsed:         2200056 kB
Node 0 Active:            70908 kB
Node 0 Inactive:         197948 kB
Node 0 Active(anon):      19180 kB
Node 0 Inactive(anon):      476 kB
Node 0 Active(file):      51728 kB
Node 0 Inactive(file):   197472 kB
Node 0 Unevictable:        5812 kB
Node 0 Mlocked:            5812 kB
Node 0 Dirty:                48 kB
Node 0 Writeback:             0 kB
Node 0 FilePages:        255656 kB
Node 0 Mapped:            94108 kB
Node 0 AnonPages:         19012 kB
Node 0 Shmem:               648 kB
Node 0 KernelStack:        1848 kB
Node 0 PageTables:          760 kB
Node 0 NFS_Unstable:          0 kB
Node 0 Bounce:                0 kB
Node 0 WritebackTmp:          0 kB
Node 0 KReclaimable:      22460 kB
Node 0 Slab:              63596 kB
Node 0 SReclaimable:      22460 kB
Node 0 SUnreclaim:        41136 kB
Node 0 AnonHugePages:         0 kB
Node 0 ShmemHugePages:        0 kB
Node 0 ShmemPmdMapped:        0 kB
Node 0 FileHugePages:        0 kB
Node 0 FilePmdMapped:        0 kB
Node 0 HugePages_Total:     0
Node 0 HugePages_Free:      0
Node 0 HugePages_Surp:      0

Node 1 MemTotal:       24686196 kB
Node 1 MemFree:        24185860 kB
Node 1 MemUsed:          500336 kB
Node 1 Active:            30540 kB
Node 1 Inactive:          65652 kB
Node 1 Active(anon):      14320 kB
Node 1 Inactive(anon):      508 kB
Node 1 Active(file):      16220 kB
Node 1 Inactive(file):    65144 kB
Node 1 Unevictable:       12940 kB
Node 1 Mlocked:           12940 kB
Node 1 Dirty:                24 kB
Node 1 Writeback:             0 kB
Node 1 FilePages:         84412 kB
Node 1 Mapped:            12928 kB
Node 1 AnonPages:         24584 kB
Node 1 Shmem:               664 kB
Node 1 KernelStack:        2808 kB
Node 1 PageTables:          720 kB
Node 1 NFS_Unstable:          0 kB
Node 1 Bounce:                0 kB
Node 1 WritebackTmp:          0 kB
Node 1 KReclaimable:      22208 kB
Node 1 Slab:              68268 kB
Node 1 SReclaimable:      22208 kB
Node 1 SUnreclaim:        46060 kB
Node 1 AnonHugePages:         0 kB
Node 1 ShmemHugePages:        0 kB
Node 1 ShmemPmdMapped:        0 kB
Node 1 FileHugePages:        0 kB
Node 1 FilePmdMapped:        0 kB
Node 1 HugePages_Total:     0
Node 1 HugePages_Free:      0
Node 1 HugePages_Surp:      0

After Opposite Node
Node 0 MemTotal:       24743736 kB
Node 0 MemFree:        22541496 kB
Node 0 MemUsed:         2202240 kB
Node 0 Active:            71276 kB
Node 0 Inactive:         197980 kB
Node 0 Active(anon):      19380 kB
Node 0 Inactive(anon):      512 kB
Node 0 Active(file):      51896 kB
Node 0 Inactive(file):   197468 kB
Node 0 Unevictable:        5812 kB
Node 0 Mlocked:            5812 kB
Node 0 Dirty:               116 kB
Node 0 Writeback:             0 kB
Node 0 FilePages:        255864 kB
Node 0 Mapped:            94152 kB
Node 0 AnonPages:         19064 kB
Node 0 Shmem:               692 kB
Node 0 KernelStack:        1896 kB
Node 0 PageTables:          884 kB
Node 0 NFS_Unstable:          0 kB
Node 0 Bounce:                0 kB
Node 0 WritebackTmp:          0 kB
Node 0 KReclaimable:      22536 kB
Node 0 Slab:              63816 kB
Node 0 SReclaimable:      22536 kB
Node 0 SUnreclaim:        41280 kB
Node 0 AnonHugePages:         0 kB
Node 0 ShmemHugePages:        0 kB
Node 0 ShmemPmdMapped:        0 kB
Node 0 FileHugePages:        0 kB
Node 0 FilePmdMapped:        0 kB
Node 0 HugePages_Total:     0
Node 0 HugePages_Free:      0
Node 0 HugePages_Surp:      0

Node 1 MemTotal:       24686196 kB
Node 1 MemFree:        24186812 kB
Node 1 MemUsed:          499384 kB
Node 1 Active:            30420 kB
Node 1 Inactive:          65468 kB
Node 1 Active(anon):      14048 kB
Node 1 Inactive(anon):      464 kB
Node 1 Active(file):      16372 kB
Node 1 Inactive(file):    65004 kB
Node 1 Unevictable:       12940 kB
Node 1 Mlocked:           12940 kB
Node 1 Dirty:                16 kB
Node 1 Writeback:             0 kB
Node 1 FilePages:         84380 kB
Node 1 Mapped:            12876 kB
Node 1 AnonPages:         24448 kB
Node 1 Shmem:               620 kB
Node 1 KernelStack:        2760 kB
Node 1 PageTables:          548 kB
Node 1 NFS_Unstable:          0 kB
Node 1 Bounce:                0 kB
Node 1 WritebackTmp:          0 kB
Node 1 KReclaimable:      22216 kB
Node 1 Slab:              68392 kB
Node 1 SReclaimable:      22216 kB
Node 1 SUnreclaim:        46176 kB
Node 1 AnonHugePages:         0 kB
Node 1 ShmemHugePages:        0 kB
Node 1 ShmemPmdMapped:        0 kB
Node 1 FileHugePages:        0 kB
Node 1 FilePmdMapped:        0 kB
Node 1 HugePages_Total:     0
Node 1 HugePages_Free:      0
Node 1 HugePages_Surp:      0

B.1.fio.2-1G.2.O Complete!
