B.1.fio.2-1G.3.O
Begin
Node 0 MemTotal:       24768352 kB
Node 0 MemFree:        24395232 kB
Node 0 MemUsed:          373120 kB
Node 0 Active:            34408 kB
Node 0 Inactive:          58556 kB
Node 0 Active(anon):      17912 kB
Node 0 Inactive(anon):      568 kB
Node 0 Active(file):      16496 kB
Node 0 Inactive(file):    57988 kB
Node 0 Unevictable:         204 kB
Node 0 Mlocked:             204 kB
Node 0 Dirty:               176 kB
Node 0 Writeback:             0 kB
Node 0 FilePages:         75472 kB
Node 0 Mapped:            40904 kB
Node 0 AnonPages:         17724 kB
Node 0 Shmem:               780 kB
Node 0 KernelStack:        2312 kB
Node 0 PageTables:          712 kB
Node 0 NFS_Unstable:          0 kB
Node 0 Bounce:                0 kB
Node 0 WritebackTmp:          0 kB
Node 0 KReclaimable:      18216 kB
Node 0 Slab:              55176 kB
Node 0 SReclaimable:      18216 kB
Node 0 SUnreclaim:        36960 kB
Node 0 AnonHugePages:         0 kB
Node 0 ShmemHugePages:        0 kB
Node 0 ShmemPmdMapped:        0 kB
Node 0 FileHugePages:        0 kB
Node 0 FilePmdMapped:        0 kB
Node 0 HugePages_Total:     0
Node 0 HugePages_Free:      0
Node 0 HugePages_Surp:      0

Node 1 MemTotal:       24661580 kB
Node 1 MemFree:        24396680 kB
Node 1 MemUsed:          264900 kB
Node 1 Active:            62384 kB
Node 1 Inactive:          53000 kB
Node 1 Active(anon):      16080 kB
Node 1 Inactive(anon):      320 kB
Node 1 Active(file):      46304 kB
Node 1 Inactive(file):    52680 kB
Node 1 Unevictable:       18320 kB
Node 1 Mlocked:           18320 kB
Node 1 Dirty:               372 kB
Node 1 Writeback:             0 kB
Node 1 FilePages:        107460 kB
Node 1 Mapped:            25848 kB
Node 1 AnonPages:         26252 kB
Node 1 Shmem:               488 kB
Node 1 KernelStack:        1320 kB
Node 1 PageTables:          500 kB
Node 1 NFS_Unstable:          0 kB
Node 1 Bounce:                0 kB
Node 1 WritebackTmp:          0 kB
Node 1 KReclaimable:      23428 kB
Node 1 Slab:              51032 kB
Node 1 SReclaimable:      23428 kB
Node 1 SUnreclaim:        27604 kB
Node 1 AnonHugePages:         0 kB
Node 1 ShmemHugePages:        0 kB
Node 1 ShmemPmdMapped:        0 kB
Node 1 FileHugePages:        0 kB
Node 1 FilePmdMapped:        0 kB
Node 1 HugePages_Total:     0
Node 1 HugePages_Free:      0
Node 1 HugePages_Surp:      0

Load ZFS
Node 0 MemTotal:       24768352 kB
Node 0 MemFree:        24289096 kB
Node 0 MemUsed:          479256 kB
Node 0 Active:            50240 kB
Node 0 Inactive:         145916 kB
Node 0 Active(anon):      31788 kB
Node 0 Inactive(anon):      532 kB
Node 0 Active(file):      18452 kB
Node 0 Inactive(file):   145384 kB
Node 0 Unevictable:         204 kB
Node 0 Mlocked:             204 kB
Node 0 Dirty:               476 kB
Node 0 Writeback:             0 kB
Node 0 FilePages:        164732 kB
Node 0 Mapped:            42232 kB
Node 0 AnonPages:         31552 kB
Node 0 Shmem:               692 kB
Node 0 KernelStack:        2492 kB
Node 0 PageTables:         1332 kB
Node 0 NFS_Unstable:          0 kB
Node 0 Bounce:                0 kB
Node 0 WritebackTmp:          0 kB
Node 0 KReclaimable:      19052 kB
Node 0 Slab:              57852 kB
Node 0 SReclaimable:      19052 kB
Node 0 SUnreclaim:        38800 kB
Node 0 AnonHugePages:         0 kB
Node 0 ShmemHugePages:        0 kB
Node 0 ShmemPmdMapped:        0 kB
Node 0 FileHugePages:        0 kB
Node 0 FilePmdMapped:        0 kB
Node 0 HugePages_Total:     0
Node 0 HugePages_Free:      0
Node 0 HugePages_Surp:      0

Node 1 MemTotal:       24661580 kB
Node 1 MemFree:        24360492 kB
Node 1 MemUsed:          301088 kB
Node 1 Active:            74776 kB
Node 1 Inactive:          69128 kB
Node 1 Active(anon):      28080 kB
Node 1 Inactive(anon):      412 kB
Node 1 Active(file):      46696 kB
Node 1 Inactive(file):    68716 kB
Node 1 Unevictable:       18536 kB
Node 1 Mlocked:           18536 kB
Node 1 Dirty:               156 kB
Node 1 Writeback:             0 kB
Node 1 FilePages:        123976 kB
Node 1 Mapped:            28572 kB
Node 1 AnonPages:         38348 kB
Node 1 Shmem:               576 kB
Node 1 KernelStack:        1720 kB
Node 1 PageTables:         1720 kB
Node 1 NFS_Unstable:          0 kB
Node 1 Bounce:                0 kB
Node 1 WritebackTmp:          0 kB
Node 1 KReclaimable:      24160 kB
Node 1 Slab:              54928 kB
Node 1 SReclaimable:      24160 kB
Node 1 SUnreclaim:        30768 kB
Node 1 AnonHugePages:         0 kB
Node 1 ShmemHugePages:        0 kB
Node 1 ShmemPmdMapped:        0 kB
Node 1 FileHugePages:        0 kB
Node 1 FilePmdMapped:        0 kB
Node 1 HugePages_Total:     0
Node 1 HugePages_Free:      0
Node 1 HugePages_Surp:      0

Import tank ZPool
Node 0 MemTotal:       24768352 kB
Node 0 MemFree:        24281520 kB
Node 0 MemUsed:          486832 kB
Node 0 Active:            36724 kB
Node 0 Inactive:         146840 kB
Node 0 Active(anon):      17716 kB
Node 0 Inactive(anon):      532 kB
Node 0 Active(file):      19008 kB
Node 0 Inactive(file):   146308 kB
Node 0 Unevictable:         204 kB
Node 0 Mlocked:             204 kB
Node 0 Dirty:                40 kB
Node 0 Writeback:             0 kB
Node 0 FilePages:        166212 kB
Node 0 Mapped:            41200 kB
Node 0 AnonPages:         17216 kB
Node 0 Shmem:               692 kB
Node 0 KernelStack:        3384 kB
Node 0 PageTables:          756 kB
Node 0 NFS_Unstable:          0 kB
Node 0 Bounce:                0 kB
Node 0 WritebackTmp:          0 kB
Node 0 KReclaimable:      19160 kB
Node 0 Slab:              64520 kB
Node 0 SReclaimable:      19160 kB
Node 0 SUnreclaim:        45360 kB
Node 0 AnonHugePages:         0 kB
Node 0 ShmemHugePages:        0 kB
Node 0 ShmemPmdMapped:        0 kB
Node 0 FileHugePages:        0 kB
Node 0 FilePmdMapped:        0 kB
Node 0 HugePages_Total:     0
Node 0 HugePages_Free:      0
Node 0 HugePages_Surp:      0

Node 1 MemTotal:       24661580 kB
Node 1 MemFree:        24373348 kB
Node 1 MemUsed:          288232 kB
Node 1 Active:            63000 kB
Node 1 Inactive:          68800 kB
Node 1 Active(anon):      15972 kB
Node 1 Inactive(anon):      416 kB
Node 1 Active(file):      47028 kB
Node 1 Inactive(file):    68384 kB
Node 1 Unevictable:       18552 kB
Node 1 Mlocked:           18552 kB
Node 1 Dirty:                32 kB
Node 1 Writeback:             0 kB
Node 1 FilePages:        123976 kB
Node 1 Mapped:            26104 kB
Node 1 AnonPages:         26372 kB
Node 1 Shmem:               576 kB
Node 1 KernelStack:        1336 kB
Node 1 PageTables:          480 kB
Node 1 NFS_Unstable:          0 kB
Node 1 Bounce:                0 kB
Node 1 WritebackTmp:          0 kB
Node 1 KReclaimable:      24168 kB
Node 1 Slab:              55316 kB
Node 1 SReclaimable:      24168 kB
Node 1 SUnreclaim:        31148 kB
Node 1 AnonHugePages:         0 kB
Node 1 ShmemHugePages:        0 kB
Node 1 ShmemPmdMapped:        0 kB
Node 1 FileHugePages:        0 kB
Node 1 FilePmdMapped:        0 kB
Node 1 HugePages_Total:     0
Node 1 HugePages_Free:      0
Node 1 HugePages_Surp:      0

After Test
Node 0 MemTotal:       24768352 kB
Node 0 MemFree:        23729112 kB
Node 0 MemUsed:         1039240 kB
Node 0 Active:            36796 kB
Node 0 Inactive:         146628 kB
Node 0 Active(anon):      17328 kB
Node 0 Inactive(anon):      528 kB
Node 0 Active(file):      19468 kB
Node 0 Inactive(file):   146100 kB
Node 0 Unevictable:         204 kB
Node 0 Mlocked:             204 kB
Node 0 Dirty:                44 kB
Node 0 Writeback:             0 kB
Node 0 FilePages:        166464 kB
Node 0 Mapped:            40952 kB
Node 0 AnonPages:         17164 kB
Node 0 Shmem:               692 kB
Node 0 KernelStack:        3352 kB
Node 0 PageTables:          652 kB
Node 0 NFS_Unstable:          0 kB
Node 0 Bounce:                0 kB
Node 0 WritebackTmp:          0 kB
Node 0 KReclaimable:      19180 kB
Node 0 Slab:              66564 kB
Node 0 SReclaimable:      19180 kB
Node 0 SUnreclaim:        47384 kB
Node 0 AnonHugePages:         0 kB
Node 0 ShmemHugePages:        0 kB
Node 0 ShmemPmdMapped:        0 kB
Node 0 FileHugePages:        0 kB
Node 0 FilePmdMapped:        0 kB
Node 0 HugePages_Total:     0
Node 0 HugePages_Free:      0
Node 0 HugePages_Surp:      0

Node 1 MemTotal:       24661580 kB
Node 1 MemFree:        23045560 kB
Node 1 MemUsed:         1616020 kB
Node 1 Active:            64016 kB
Node 1 Inactive:          69960 kB
Node 1 Active(anon):      16056 kB
Node 1 Inactive(anon):      440 kB
Node 1 Active(file):      47960 kB
Node 1 Inactive(file):    69520 kB
Node 1 Unevictable:       18552 kB
Node 1 Mlocked:           18552 kB
Node 1 Dirty:                56 kB
Node 1 Writeback:             0 kB
Node 1 FilePages:        126088 kB
Node 1 Mapped:            26076 kB
Node 1 AnonPages:         26400 kB
Node 1 Shmem:               620 kB
Node 1 KernelStack:        1272 kB
Node 1 PageTables:          660 kB
Node 1 NFS_Unstable:          0 kB
Node 1 Bounce:                0 kB
Node 1 WritebackTmp:          0 kB
Node 1 KReclaimable:      25516 kB
Node 1 Slab:              64972 kB
Node 1 SReclaimable:      25516 kB
Node 1 SUnreclaim:        39456 kB
Node 1 AnonHugePages:         0 kB
Node 1 ShmemHugePages:        0 kB
Node 1 ShmemPmdMapped:        0 kB
Node 1 FileHugePages:        0 kB
Node 1 FilePmdMapped:        0 kB
Node 1 HugePages_Total:     0
Node 1 HugePages_Free:      0
Node 1 HugePages_Surp:      0

After Opposite Node
Node 0 MemTotal:       24768352 kB
Node 0 MemFree:        23730140 kB
Node 0 MemUsed:         1038212 kB
Node 0 Active:            37236 kB
Node 0 Inactive:         146668 kB
Node 0 Active(anon):      17612 kB
Node 0 Inactive(anon):      572 kB
Node 0 Active(file):      19624 kB
Node 0 Inactive(file):   146096 kB
Node 0 Unevictable:         204 kB
Node 0 Mlocked:             204 kB
Node 0 Dirty:               148 kB
Node 0 Writeback:             0 kB
Node 0 FilePages:        166668 kB
Node 0 Mapped:            40996 kB
Node 0 AnonPages:         17308 kB
Node 0 Shmem:               736 kB
Node 0 KernelStack:        3384 kB
Node 0 PageTables:          820 kB
Node 0 NFS_Unstable:          0 kB
Node 0 Bounce:                0 kB
Node 0 WritebackTmp:          0 kB
Node 0 KReclaimable:      19248 kB
Node 0 Slab:              66640 kB
Node 0 SReclaimable:      19248 kB
Node 0 SUnreclaim:        47392 kB
Node 0 AnonHugePages:         0 kB
Node 0 ShmemHugePages:        0 kB
Node 0 ShmemPmdMapped:        0 kB
Node 0 FileHugePages:        0 kB
Node 0 FilePmdMapped:        0 kB
Node 0 HugePages_Total:     0
Node 0 HugePages_Free:      0
Node 0 HugePages_Surp:      0

Node 1 MemTotal:       24661580 kB
Node 1 MemFree:        23043864 kB
Node 1 MemUsed:         1617716 kB
Node 1 Active:            64008 kB
Node 1 Inactive:          69764 kB
Node 1 Active(anon):      15872 kB
Node 1 Inactive(anon):      412 kB
Node 1 Active(file):      48136 kB
Node 1 Inactive(file):    69352 kB
Node 1 Unevictable:       18552 kB
Node 1 Mlocked:           18552 kB
Node 1 Dirty:                68 kB
Node 1 Writeback:             0 kB
Node 1 FilePages:        126052 kB
Node 1 Mapped:            26040 kB
Node 1 AnonPages:         26268 kB
Node 1 Shmem:               576 kB
Node 1 KernelStack:        1240 kB
Node 1 PageTables:          480 kB
Node 1 NFS_Unstable:          0 kB
Node 1 Bounce:                0 kB
Node 1 WritebackTmp:          0 kB
Node 1 KReclaimable:      25520 kB
Node 1 Slab:              64964 kB
Node 1 SReclaimable:      25520 kB
Node 1 SUnreclaim:        39444 kB
Node 1 AnonHugePages:         0 kB
Node 1 ShmemHugePages:        0 kB
Node 1 ShmemPmdMapped:        0 kB
Node 1 FileHugePages:        0 kB
Node 1 FilePmdMapped:        0 kB
Node 1 HugePages_Total:     0
Node 1 HugePages_Free:      0
Node 1 HugePages_Surp:      0

B.1.fio.2-1G.3.O Complete!
