B.1.fio.0-12K.2.O
Begin
Node 0 MemTotal:       24768360 kB
Node 0 MemFree:        24558892 kB
Node 0 MemUsed:          209468 kB
Node 0 Active:            39484 kB
Node 0 Inactive:          19540 kB
Node 0 Active(anon):      17120 kB
Node 0 Inactive(anon):      548 kB
Node 0 Active(file):      22364 kB
Node 0 Inactive(file):    18992 kB
Node 0 Unevictable:       17720 kB
Node 0 Mlocked:           17720 kB
Node 0 Dirty:               304 kB
Node 0 Writeback:             0 kB
Node 0 FilePages:         49664 kB
Node 0 Mapped:            17340 kB
Node 0 AnonPages:         27252 kB
Node 0 Shmem:               768 kB
Node 0 KernelStack:        1976 kB
Node 0 PageTables:          432 kB
Node 0 NFS_Unstable:          0 kB
Node 0 Bounce:                0 kB
Node 0 WritebackTmp:          0 kB
Node 0 KReclaimable:      15636 kB
Node 0 Slab:              50872 kB
Node 0 SReclaimable:      15636 kB
Node 0 SUnreclaim:        35236 kB
Node 0 AnonHugePages:         0 kB
Node 0 ShmemHugePages:        0 kB
Node 0 ShmemPmdMapped:        0 kB
Node 0 FileHugePages:        0 kB
Node 0 FilePmdMapped:        0 kB
Node 0 HugePages_Total:     0
Node 0 HugePages_Free:      0
Node 0 HugePages_Surp:      0

Node 1 MemTotal:       24661580 kB
Node 1 MemFree:        24267124 kB
Node 1 MemUsed:          394456 kB
Node 1 Active:            55200 kB
Node 1 Inactive:          61980 kB
Node 1 Active(anon):      17316 kB
Node 1 Inactive(anon):      324 kB
Node 1 Active(file):      37884 kB
Node 1 Inactive(file):    61656 kB
Node 1 Unevictable:         804 kB
Node 1 Mlocked:             804 kB
Node 1 Dirty:               212 kB
Node 1 Writeback:             0 kB
Node 1 FilePages:        100844 kB
Node 1 Mapped:            23140 kB
Node 1 AnonPages:         17240 kB
Node 1 Shmem:               500 kB
Node 1 KernelStack:        1672 kB
Node 1 PageTables:          660 kB
Node 1 NFS_Unstable:          0 kB
Node 1 Bounce:                0 kB
Node 1 WritebackTmp:          0 kB
Node 1 KReclaimable:      26524 kB
Node 1 Slab:              55732 kB
Node 1 SReclaimable:      26524 kB
Node 1 SUnreclaim:        29208 kB
Node 1 AnonHugePages:         0 kB
Node 1 ShmemHugePages:        0 kB
Node 1 ShmemPmdMapped:        0 kB
Node 1 FileHugePages:        0 kB
Node 1 FilePmdMapped:        0 kB
Node 1 HugePages_Total:     0
Node 1 HugePages_Free:      0
Node 1 HugePages_Surp:      0

Load ZFS
Node 0 MemTotal:       24768360 kB
Node 0 MemFree:        24311940 kB
Node 0 MemUsed:          456420 kB
Node 0 Active:            51072 kB
Node 0 Inactive:         111988 kB
Node 0 Active(anon):      27192 kB
Node 0 Inactive(anon):      376 kB
Node 0 Active(file):      23880 kB
Node 0 Inactive(file):   111612 kB
Node 0 Unevictable:       17920 kB
Node 0 Mlocked:           17920 kB
Node 0 Dirty:                80 kB
Node 0 Writeback:             0 kB
Node 0 FilePages:        143708 kB
Node 0 Mapped:            19136 kB
Node 0 AnonPages:         37832 kB
Node 0 Shmem:               540 kB
Node 0 KernelStack:        2400 kB
Node 0 PageTables:         1076 kB
Node 0 NFS_Unstable:          0 kB
Node 0 Bounce:                0 kB
Node 0 WritebackTmp:          0 kB
Node 0 KReclaimable:      16900 kB
Node 0 Slab:              55296 kB
Node 0 SReclaimable:      16900 kB
Node 0 SUnreclaim:        38396 kB
Node 0 AnonHugePages:         0 kB
Node 0 ShmemHugePages:        0 kB
Node 0 ShmemPmdMapped:        0 kB
Node 0 FileHugePages:        0 kB
Node 0 FilePmdMapped:        0 kB
Node 0 HugePages_Total:     0
Node 0 HugePages_Free:      0
Node 0 HugePages_Surp:      0

Node 1 MemTotal:       24661580 kB
Node 1 MemFree:        24372468 kB
Node 1 MemUsed:          289112 kB
Node 1 Active:            68720 kB
Node 1 Inactive:          72976 kB
Node 1 Active(anon):      29768 kB
Node 1 Inactive(anon):      564 kB
Node 1 Active(file):      38952 kB
Node 1 Inactive(file):    72412 kB
Node 1 Unevictable:         804 kB
Node 1 Mlocked:             804 kB
Node 1 Dirty:               428 kB
Node 1 Writeback:             0 kB
Node 1 FilePages:        112896 kB
Node 1 Mapped:            25720 kB
Node 1 AnonPages:         29772 kB
Node 1 Shmem:               728 kB
Node 1 KernelStack:        1880 kB
Node 1 PageTables:         1824 kB
Node 1 NFS_Unstable:          0 kB
Node 1 Bounce:                0 kB
Node 1 WritebackTmp:          0 kB
Node 1 KReclaimable:      26996 kB
Node 1 Slab:              57648 kB
Node 1 SReclaimable:      26996 kB
Node 1 SUnreclaim:        30652 kB
Node 1 AnonHugePages:         0 kB
Node 1 ShmemHugePages:        0 kB
Node 1 ShmemPmdMapped:        0 kB
Node 1 FileHugePages:        0 kB
Node 1 FilePmdMapped:        0 kB
Node 1 HugePages_Total:     0
Node 1 HugePages_Free:      0
Node 1 HugePages_Surp:      0

Import tank ZPool
Node 0 MemTotal:       24768360 kB
Node 0 MemFree:        24303696 kB
Node 0 MemUsed:          464664 kB
Node 0 Active:            42728 kB
Node 0 Inactive:         112764 kB
Node 0 Active(anon):      18156 kB
Node 0 Inactive(anon):      384 kB
Node 0 Active(file):      24572 kB
Node 0 Inactive(file):   112380 kB
Node 0 Unevictable:       17952 kB
Node 0 Mlocked:           17952 kB
Node 0 Dirty:               112 kB
Node 0 Writeback:             0 kB
Node 0 FilePages:        144888 kB
Node 0 Mapped:            17528 kB
Node 0 AnonPages:         28196 kB
Node 0 Shmem:               544 kB
Node 0 KernelStack:        3288 kB
Node 0 PageTables:          572 kB
Node 0 NFS_Unstable:          0 kB
Node 0 Bounce:                0 kB
Node 0 WritebackTmp:          0 kB
Node 0 KReclaimable:      17024 kB
Node 0 Slab:              61864 kB
Node 0 SReclaimable:      17024 kB
Node 0 SUnreclaim:        44840 kB
Node 0 AnonHugePages:         0 kB
Node 0 ShmemHugePages:        0 kB
Node 0 ShmemPmdMapped:        0 kB
Node 0 FileHugePages:        0 kB
Node 0 FilePmdMapped:        0 kB
Node 0 HugePages_Total:     0
Node 0 HugePages_Free:      0
Node 0 HugePages_Surp:      0

Node 1 MemTotal:       24661580 kB
Node 1 MemFree:        24388372 kB
Node 1 MemUsed:          273208 kB
Node 1 Active:            54780 kB
Node 1 Inactive:          72608 kB
Node 1 Active(anon):      15444 kB
Node 1 Inactive(anon):      564 kB
Node 1 Active(file):      39336 kB
Node 1 Inactive(file):    72044 kB
Node 1 Unevictable:         804 kB
Node 1 Mlocked:             804 kB
Node 1 Dirty:               472 kB
Node 1 Writeback:             0 kB
Node 1 FilePages:        112924 kB
Node 1 Mapped:            23268 kB
Node 1 AnonPages:         15284 kB
Node 1 Shmem:               724 kB
Node 1 KernelStack:        1464 kB
Node 1 PageTables:          540 kB
Node 1 NFS_Unstable:          0 kB
Node 1 Bounce:                0 kB
Node 1 WritebackTmp:          0 kB
Node 1 KReclaimable:      26996 kB
Node 1 Slab:              57544 kB
Node 1 SReclaimable:      26996 kB
Node 1 SUnreclaim:        30548 kB
Node 1 AnonHugePages:         0 kB
Node 1 ShmemHugePages:        0 kB
Node 1 ShmemPmdMapped:        0 kB
Node 1 FileHugePages:        0 kB
Node 1 FilePmdMapped:        0 kB
Node 1 HugePages_Total:     0
Node 1 HugePages_Free:      0
Node 1 HugePages_Surp:      0

After Test
Node 0 MemTotal:       24768360 kB
Node 0 MemFree:        24303952 kB
Node 0 MemUsed:          464408 kB
Node 0 Active:            42972 kB
Node 0 Inactive:         112580 kB
Node 0 Active(anon):      18056 kB
Node 0 Inactive(anon):      380 kB
Node 0 Active(file):      24916 kB
Node 0 Inactive(file):   112200 kB
Node 0 Unevictable:       17952 kB
Node 0 Mlocked:           17952 kB
Node 0 Dirty:                88 kB
Node 0 Writeback:             0 kB
Node 0 FilePages:        145048 kB
Node 0 Mapped:            17388 kB
Node 0 AnonPages:         28496 kB
Node 0 Shmem:               544 kB
Node 0 KernelStack:        3224 kB
Node 0 PageTables:          524 kB
Node 0 NFS_Unstable:          0 kB
Node 0 Bounce:                0 kB
Node 0 WritebackTmp:          0 kB
Node 0 KReclaimable:      17028 kB
Node 0 Slab:              61916 kB
Node 0 SReclaimable:      17028 kB
Node 0 SUnreclaim:        44888 kB
Node 0 AnonHugePages:         0 kB
Node 0 ShmemHugePages:        0 kB
Node 0 ShmemPmdMapped:        0 kB
Node 0 FileHugePages:        0 kB
Node 0 FilePmdMapped:        0 kB
Node 0 HugePages_Total:     0
Node 0 HugePages_Free:      0
Node 0 HugePages_Surp:      0

Node 1 MemTotal:       24661580 kB
Node 1 MemFree:        24385400 kB
Node 1 MemUsed:          276180 kB
Node 1 Active:            55504 kB
Node 1 Inactive:          73760 kB
Node 1 Active(anon):      15492 kB
Node 1 Inactive(anon):      588 kB
Node 1 Active(file):      40012 kB
Node 1 Inactive(file):    73172 kB
Node 1 Unevictable:         804 kB
Node 1 Mlocked:             804 kB
Node 1 Dirty:               408 kB
Node 1 Writeback:             0 kB
Node 1 FilePages:        114772 kB
Node 1 Mapped:            23452 kB
Node 1 AnonPages:         15208 kB
Node 1 Shmem:               768 kB
Node 1 KernelStack:        1512 kB
Node 1 PageTables:          636 kB
Node 1 NFS_Unstable:          0 kB
Node 1 Bounce:                0 kB
Node 1 WritebackTmp:          0 kB
Node 1 KReclaimable:      28316 kB
Node 1 Slab:              59256 kB
Node 1 SReclaimable:      28316 kB
Node 1 SUnreclaim:        30940 kB
Node 1 AnonHugePages:         0 kB
Node 1 ShmemHugePages:        0 kB
Node 1 ShmemPmdMapped:        0 kB
Node 1 FileHugePages:        0 kB
Node 1 FilePmdMapped:        0 kB
Node 1 HugePages_Total:     0
Node 1 HugePages_Free:      0
Node 1 HugePages_Surp:      0

After Opposite Node
Node 0 MemTotal:       24768360 kB
Node 0 MemFree:        24303792 kB
Node 0 MemUsed:          464568 kB
Node 0 Active:            43036 kB
Node 0 Inactive:         112576 kB
Node 0 Active(anon):      17964 kB
Node 0 Inactive(anon):      380 kB
Node 0 Active(file):      25072 kB
Node 0 Inactive(file):   112196 kB
Node 0 Unevictable:       17952 kB
Node 0 Mlocked:           17952 kB
Node 0 Dirty:               108 kB
Node 0 Writeback:             0 kB
Node 0 FilePages:        145216 kB
Node 0 Mapped:            17376 kB
Node 0 AnonPages:         28244 kB
Node 0 Shmem:               560 kB
Node 0 KernelStack:        3220 kB
Node 0 PageTables:          528 kB
Node 0 NFS_Unstable:          0 kB
Node 0 Bounce:                0 kB
Node 0 WritebackTmp:          0 kB
Node 0 KReclaimable:      17040 kB
Node 0 Slab:              62016 kB
Node 0 SReclaimable:      17040 kB
Node 0 SUnreclaim:        44976 kB
Node 0 AnonHugePages:         0 kB
Node 0 ShmemHugePages:        0 kB
Node 0 ShmemPmdMapped:        0 kB
Node 0 FileHugePages:        0 kB
Node 0 FilePmdMapped:        0 kB
Node 0 HugePages_Total:     0
Node 0 HugePages_Free:      0
Node 0 HugePages_Surp:      0

Node 1 MemTotal:       24661580 kB
Node 1 MemFree:        24385904 kB
Node 1 MemUsed:          275676 kB
Node 1 Active:            55796 kB
Node 1 Inactive:          73556 kB
Node 1 Active(anon):      15448 kB
Node 1 Inactive(anon):      560 kB
Node 1 Active(file):      40348 kB
Node 1 Inactive(file):    72996 kB
Node 1 Unevictable:         804 kB
Node 1 Mlocked:             804 kB
Node 1 Dirty:               416 kB
Node 1 Writeback:             0 kB
Node 1 FilePages:        114872 kB
Node 1 Mapped:            23204 kB
Node 1 AnonPages:         15284 kB
Node 1 Shmem:               724 kB
Node 1 KernelStack:        1496 kB
Node 1 PageTables:          540 kB
Node 1 NFS_Unstable:          0 kB
Node 1 Bounce:                0 kB
Node 1 WritebackTmp:          0 kB
Node 1 KReclaimable:      28340 kB
Node 1 Slab:              59304 kB
Node 1 SReclaimable:      28340 kB
Node 1 SUnreclaim:        30964 kB
Node 1 AnonHugePages:         0 kB
Node 1 ShmemHugePages:        0 kB
Node 1 ShmemPmdMapped:        0 kB
Node 1 FileHugePages:        0 kB
Node 1 FilePmdMapped:        0 kB
Node 1 HugePages_Total:     0
Node 1 HugePages_Free:      0
Node 1 HugePages_Surp:      0

B.1.fio.0-12K.2.O Complete!
