kernel.numa_balancing = 0
10 Tests Remaining!
B.0.fio.8G.1.O.1M
Begin
Node 0 MemTotal:       24768352 kB
Node 0 MemFree:        24349616 kB
Node 0 MemUsed:          418736 kB
Node 0 Active:            45020 kB
Node 0 Inactive:          83584 kB
Node 0 Active(anon):      21800 kB
Node 0 Inactive(anon):      496 kB
Node 0 Active(file):      23220 kB
Node 0 Inactive(file):    83088 kB
Node 0 Unevictable:       17468 kB
Node 0 Mlocked:           17468 kB
Node 0 Dirty:               504 kB
Node 0 Writeback:             0 kB
Node 0 FilePages:        114136 kB
Node 0 Mapped:            33952 kB
Node 0 AnonPages:         31908 kB
Node 0 Shmem:               684 kB
Node 0 KernelStack:        1832 kB
Node 0 PageTables:          704 kB
Node 0 NFS_Unstable:          0 kB
Node 0 Bounce:                0 kB
Node 0 WritebackTmp:          0 kB
Node 0 KReclaimable:      19152 kB
Node 0 Slab:              50156 kB
Node 0 SReclaimable:      19152 kB
Node 0 SUnreclaim:        31004 kB
Node 0 AnonHugePages:         0 kB
Node 0 ShmemHugePages:        0 kB
Node 0 ShmemPmdMapped:        0 kB
Node 0 FileHugePages:        0 kB
Node 0 FilePmdMapped:        0 kB
Node 0 HugePages_Total:     0
Node 0 HugePages_Free:      0
Node 0 HugePages_Surp:      0

Node 1 MemTotal:       24661580 kB
Node 1 MemFree:        24450976 kB
Node 1 MemUsed:          210604 kB
Node 1 Active:            52268 kB
Node 1 Inactive:          20808 kB
Node 1 Active(anon):      12716 kB
Node 1 Inactive(anon):      396 kB
Node 1 Active(file):      39552 kB
Node 1 Inactive(file):    20412 kB
Node 1 Unevictable:        1052 kB
Node 1 Mlocked:            1052 kB
Node 1 Dirty:                28 kB
Node 1 Writeback:             0 kB
Node 1 FilePages:         61616 kB
Node 1 Mapped:            11916 kB
Node 1 AnonPages:         12548 kB
Node 1 Shmem:               584 kB
Node 1 KernelStack:        1992 kB
Node 1 PageTables:          564 kB
Node 1 NFS_Unstable:          0 kB
Node 1 Bounce:                0 kB
Node 1 WritebackTmp:          0 kB
Node 1 KReclaimable:      23844 kB
Node 1 Slab:              59048 kB
Node 1 SReclaimable:      23844 kB
Node 1 SUnreclaim:        35204 kB
Node 1 AnonHugePages:         0 kB
Node 1 ShmemHugePages:        0 kB
Node 1 ShmemPmdMapped:        0 kB
Node 1 FileHugePages:        0 kB
Node 1 FilePmdMapped:        0 kB
Node 1 HugePages_Total:     0
Node 1 HugePages_Free:      0
Node 1 HugePages_Surp:      0

Load ZFS
Node 0 MemTotal:       24768352 kB
Node 0 MemFree:        24229172 kB
Node 0 MemUsed:          539180 kB
Node 0 Active:            55088 kB
Node 0 Inactive:         186848 kB
Node 0 Active(anon):      31216 kB
Node 0 Inactive(anon):      504 kB
Node 0 Active(file):      23872 kB
Node 0 Inactive(file):   186344 kB
Node 0 Unevictable:       17684 kB
Node 0 Mlocked:           17684 kB
Node 0 Dirty:               488 kB
Node 0 Writeback:             0 kB
Node 0 FilePages:        218016 kB
Node 0 Mapped:            36224 kB
Node 0 AnonPages:         41536 kB
Node 0 Shmem:               656 kB
Node 0 KernelStack:        1780 kB
Node 0 PageTables:          828 kB
Node 0 NFS_Unstable:          0 kB
Node 0 Bounce:                0 kB
Node 0 WritebackTmp:          0 kB
Node 0 KReclaimable:      20276 kB
Node 0 Slab:              54844 kB
Node 0 SReclaimable:      20276 kB
Node 0 SUnreclaim:        34568 kB
Node 0 AnonHugePages:         0 kB
Node 0 ShmemHugePages:        0 kB
Node 0 ShmemPmdMapped:        0 kB
Node 0 FileHugePages:        0 kB
Node 0 FilePmdMapped:        0 kB
Node 0 HugePages_Total:     0
Node 0 HugePages_Free:      0
Node 0 HugePages_Surp:      0

Node 1 MemTotal:       24661580 kB
Node 1 MemFree:        24428016 kB
Node 1 MemUsed:          233564 kB
Node 1 Active:            68732 kB
Node 1 Inactive:          21048 kB
Node 1 Active(anon):      27476 kB
Node 1 Inactive(anon):      440 kB
Node 1 Active(file):      41256 kB
Node 1 Inactive(file):    20608 kB
Node 1 Unevictable:        1052 kB
Node 1 Mlocked:            1052 kB
Node 1 Dirty:                48 kB
Node 1 Writeback:             0 kB
Node 1 FilePages:         63524 kB
Node 1 Mapped:            13404 kB
Node 1 AnonPages:         27160 kB
Node 1 Shmem:               612 kB
Node 1 KernelStack:        2248 kB
Node 1 PageTables:         1424 kB
Node 1 NFS_Unstable:          0 kB
Node 1 Bounce:                0 kB
Node 1 WritebackTmp:          0 kB
Node 1 KReclaimable:      24312 kB
Node 1 Slab:              61356 kB
Node 1 SReclaimable:      24312 kB
Node 1 SUnreclaim:        37044 kB
Node 1 AnonHugePages:         0 kB
Node 1 ShmemHugePages:        0 kB
Node 1 ShmemPmdMapped:        0 kB
Node 1 FileHugePages:        0 kB
Node 1 FilePmdMapped:        0 kB
Node 1 HugePages_Total:     0
Node 1 HugePages_Free:      0
Node 1 HugePages_Surp:      0

Import tank ZPool
Node 0 MemTotal:       24768352 kB
Node 0 MemFree:        24229920 kB
Node 0 MemUsed:          538432 kB
Node 0 Active:            55212 kB
Node 0 Inactive:         186848 kB
Node 0 Active(anon):      31340 kB
Node 0 Inactive(anon):      504 kB
Node 0 Active(file):      23872 kB
Node 0 Inactive(file):   186344 kB
Node 0 Unevictable:       17700 kB
Node 0 Mlocked:           17700 kB
Node 0 Dirty:               440 kB
Node 0 Writeback:             0 kB
Node 0 FilePages:        218016 kB
Node 0 Mapped:            36204 kB
Node 0 AnonPages:         41744 kB
Node 0 Shmem:               656 kB
Node 0 KernelStack:        1832 kB
Node 0 PageTables:          960 kB
Node 0 NFS_Unstable:          0 kB
Node 0 Bounce:                0 kB
Node 0 WritebackTmp:          0 kB
Node 0 KReclaimable:      20276 kB
Node 0 Slab:              54844 kB
Node 0 SReclaimable:      20276 kB
Node 0 SUnreclaim:        34568 kB
Node 0 AnonHugePages:         0 kB
Node 0 ShmemHugePages:        0 kB
Node 0 ShmemPmdMapped:        0 kB
Node 0 FileHugePages:        0 kB
Node 0 FilePmdMapped:        0 kB
Node 0 HugePages_Total:     0
Node 0 HugePages_Free:      0
Node 0 HugePages_Surp:      0

Node 1 MemTotal:       24661580 kB
Node 1 MemFree:        24409024 kB
Node 1 MemUsed:          252556 kB
Node 1 Active:            69352 kB
Node 1 Inactive:          22288 kB
Node 1 Active(anon):      27604 kB
Node 1 Inactive(anon):      444 kB
Node 1 Active(file):      41748 kB
Node 1 Inactive(file):    21844 kB
Node 1 Unevictable:        1052 kB
Node 1 Mlocked:            1052 kB
Node 1 Dirty:                76 kB
Node 1 Writeback:             0 kB
Node 1 FilePages:         65268 kB
Node 1 Mapped:            13476 kB
Node 1 AnonPages:         27548 kB
Node 1 Shmem:               612 kB
Node 1 KernelStack:        3368 kB
Node 1 PageTables:         1496 kB
Node 1 NFS_Unstable:          0 kB
Node 1 Bounce:                0 kB
Node 1 WritebackTmp:          0 kB
Node 1 KReclaimable:      24456 kB
Node 1 Slab:              67628 kB
Node 1 SReclaimable:      24456 kB
Node 1 SUnreclaim:        43172 kB
Node 1 AnonHugePages:         0 kB
Node 1 ShmemHugePages:        0 kB
Node 1 ShmemPmdMapped:        0 kB
Node 1 FileHugePages:        0 kB
Node 1 FilePmdMapped:        0 kB
Node 1 HugePages_Total:     0
Node 1 HugePages_Free:      0
Node 1 HugePages_Surp:      0

After Test
Node 0 MemTotal:       24768352 kB
Node 0 MemFree:        23575088 kB
Node 0 MemUsed:         1193264 kB
Node 0 Active:            47288 kB
Node 0 Inactive:         187824 kB
Node 0 Active(anon):      22492 kB
Node 0 Inactive(anon):      544 kB
Node 0 Active(file):      24796 kB
Node 0 Inactive(file):   187280 kB
Node 0 Unevictable:       17700 kB
Node 0 Mlocked:           17700 kB
Node 0 Dirty:                 0 kB
Node 0 Writeback:             0 kB
Node 0 FilePages:        219920 kB
Node 0 Mapped:            34104 kB
Node 0 AnonPages:         32764 kB
Node 0 Shmem:               700 kB
Node 0 KernelStack:        1752 kB
Node 0 PageTables:          872 kB
Node 0 NFS_Unstable:          0 kB
Node 0 Bounce:                0 kB
Node 0 WritebackTmp:          0 kB
Node 0 KReclaimable:      20400 kB
Node 0 Slab:              57952 kB
Node 0 SReclaimable:      20400 kB
Node 0 SUnreclaim:        37552 kB
Node 0 AnonHugePages:         0 kB
Node 0 ShmemHugePages:        0 kB
Node 0 ShmemPmdMapped:        0 kB
Node 0 FileHugePages:        0 kB
Node 0 FilePmdMapped:        0 kB
Node 0 HugePages_Total:     0
Node 0 HugePages_Free:      0
Node 0 HugePages_Surp:      0

Node 1 MemTotal:       24661580 kB
Node 1 MemFree:        15837016 kB
Node 1 MemUsed:         8824564 kB
Node 1 Active:            53692 kB
Node 1 Inactive:          21772 kB
Node 1 Active(anon):      11200 kB
Node 1 Inactive(anon):      440 kB
Node 1 Active(file):      42492 kB
Node 1 Inactive(file):    21332 kB
Node 1 Unevictable:        1052 kB
Node 1 Mlocked:            1052 kB
Node 1 Dirty:                 8 kB
Node 1 Writeback:             0 kB
Node 1 FilePages:         65484 kB
Node 1 Mapped:            11852 kB
Node 1 AnonPages:         11028 kB
Node 1 Shmem:               612 kB
Node 1 KernelStack:        2856 kB
Node 1 PageTables:          348 kB
Node 1 NFS_Unstable:          0 kB
Node 1 Bounce:                0 kB
Node 1 WritebackTmp:          0 kB
Node 1 KReclaimable:      25780 kB
Node 1 Slab:              99392 kB
Node 1 SReclaimable:      25780 kB
Node 1 SUnreclaim:        73612 kB
Node 1 AnonHugePages:         0 kB
Node 1 ShmemHugePages:        0 kB
Node 1 ShmemPmdMapped:        0 kB
Node 1 FileHugePages:        0 kB
Node 1 FilePmdMapped:        0 kB
Node 1 HugePages_Total:     0
Node 1 HugePages_Free:      0
Node 1 HugePages_Surp:      0

After Opposite Node
Node 0 MemTotal:       24768352 kB
Node 0 MemFree:        23577836 kB
Node 0 MemUsed:         1190516 kB
Node 0 Active:            47048 kB
Node 0 Inactive:         187632 kB
Node 0 Active(anon):      22088 kB
Node 0 Inactive(anon):      500 kB
Node 0 Active(file):      24960 kB
Node 0 Inactive(file):   187132 kB
Node 0 Unevictable:       17700 kB
Node 0 Mlocked:           17700 kB
Node 0 Dirty:                32 kB
Node 0 Writeback:             0 kB
Node 0 FilePages:        219892 kB
Node 0 Mapped:            34068 kB
Node 0 AnonPages:         32488 kB
Node 0 Shmem:               656 kB
Node 0 KernelStack:        1736 kB
Node 0 PageTables:          684 kB
Node 0 NFS_Unstable:          0 kB
Node 0 Bounce:                0 kB
Node 0 WritebackTmp:          0 kB
Node 0 KReclaimable:      20404 kB
Node 0 Slab:              57880 kB
Node 0 SReclaimable:      20404 kB
Node 0 SUnreclaim:        37476 kB
Node 0 AnonHugePages:         0 kB
Node 0 ShmemHugePages:        0 kB
Node 0 ShmemPmdMapped:        0 kB
Node 0 FileHugePages:        0 kB
Node 0 FilePmdMapped:        0 kB
Node 0 HugePages_Total:     0
Node 0 HugePages_Free:      0
Node 0 HugePages_Surp:      0

Node 1 MemTotal:       24661580 kB
Node 1 MemFree:        15836960 kB
Node 1 MemUsed:         8824620 kB
Node 1 Active:            53928 kB
Node 1 Inactive:          21800 kB
Node 1 Active(anon):      11408 kB
Node 1 Inactive(anon):      476 kB
Node 1 Active(file):      42520 kB
Node 1 Inactive(file):    21324 kB
Node 1 Unevictable:        1052 kB
Node 1 Mlocked:            1052 kB
Node 1 Dirty:                60 kB
Node 1 Writeback:             0 kB
Node 1 FilePages:         65548 kB
Node 1 Mapped:            11896 kB
Node 1 AnonPages:         11096 kB
Node 1 Shmem:               656 kB
Node 1 KernelStack:        2856 kB
Node 1 PageTables:          460 kB
Node 1 NFS_Unstable:          0 kB
Node 1 Bounce:                0 kB
Node 1 WritebackTmp:          0 kB
Node 1 KReclaimable:      25852 kB
Node 1 Slab:              99548 kB
Node 1 SReclaimable:      25852 kB
Node 1 SUnreclaim:        73696 kB
Node 1 AnonHugePages:         0 kB
Node 1 ShmemHugePages:        0 kB
Node 1 ShmemPmdMapped:        0 kB
Node 1 FileHugePages:        0 kB
Node 1 FilePmdMapped:        0 kB
Node 1 HugePages_Total:     0
Node 1 HugePages_Free:      0
Node 1 HugePages_Surp:      0

B.0.fio.8G.1.O.1M Complete!
