kernel.numa_balancing = 0
B.0.fio.4G.1.O.1M
Begin
Node 0 MemTotal:       24768352 kB
Node 0 MemFree:        24431428 kB
Node 0 MemUsed:          336924 kB
Node 0 Active:            42136 kB
Node 0 Inactive:          82984 kB
Node 0 Active(anon):      18376 kB
Node 0 Inactive(anon):      496 kB
Node 0 Active(file):      23760 kB
Node 0 Inactive(file):    82488 kB
Node 0 Unevictable:        1592 kB
Node 0 Mlocked:            1592 kB
Node 0 Dirty:                72 kB
Node 0 Writeback:             0 kB
Node 0 FilePages:        108536 kB
Node 0 Mapped:            58588 kB
Node 0 AnonPages:         18200 kB
Node 0 Shmem:               696 kB
Node 0 KernelStack:        2232 kB
Node 0 PageTables:          852 kB
Node 0 NFS_Unstable:          0 kB
Node 0 Bounce:                0 kB
Node 0 WritebackTmp:          0 kB
Node 0 KReclaimable:      16820 kB
Node 0 Slab:              52340 kB
Node 0 SReclaimable:      16820 kB
Node 0 SUnreclaim:        35520 kB
Node 0 AnonHugePages:         0 kB
Node 0 ShmemHugePages:        0 kB
Node 0 ShmemPmdMapped:        0 kB
Node 0 FileHugePages:        0 kB
Node 0 FilePmdMapped:        0 kB
Node 0 HugePages_Total:     0
Node 0 HugePages_Free:      0
Node 0 HugePages_Surp:      0

Node 1 MemTotal:       24661580 kB
Node 1 MemFree:        24338676 kB
Node 1 MemUsed:          322904 kB
Node 1 Active:            54960 kB
Node 1 Inactive:          51912 kB
Node 1 Active(anon):      15228 kB
Node 1 Inactive(anon):      396 kB
Node 1 Active(file):      39732 kB
Node 1 Inactive(file):    51516 kB
Node 1 Unevictable:       16932 kB
Node 1 Mlocked:           16932 kB
Node 1 Dirty:               348 kB
Node 1 Writeback:             0 kB
Node 1 FilePages:         98872 kB
Node 1 Mapped:            22764 kB
Node 1 AnonPages:         25380 kB
Node 1 Shmem:               572 kB
Node 1 KernelStack:        1368 kB
Node 1 PageTables:          436 kB
Node 1 NFS_Unstable:          0 kB
Node 1 Bounce:                0 kB
Node 1 WritebackTmp:          0 kB
Node 1 KReclaimable:      24744 kB
Node 1 Slab:              52456 kB
Node 1 SReclaimable:      24744 kB
Node 1 SUnreclaim:        27712 kB
Node 1 AnonHugePages:         0 kB
Node 1 ShmemHugePages:        0 kB
Node 1 ShmemPmdMapped:        0 kB
Node 1 FileHugePages:        0 kB
Node 1 FilePmdMapped:        0 kB
Node 1 HugePages_Total:     0
Node 1 HugePages_Free:      0
Node 1 HugePages_Surp:      0

Load ZFS
Node 0 MemTotal:       24768352 kB
Node 0 MemFree:        24276836 kB
Node 0 MemUsed:          491516 kB
Node 0 Active:            54912 kB
Node 0 Inactive:         151704 kB
Node 0 Active(anon):      29924 kB
Node 0 Inactive(anon):      488 kB
Node 0 Active(file):      24988 kB
Node 0 Inactive(file):   151216 kB
Node 0 Unevictable:        1592 kB
Node 0 Mlocked:            1592 kB
Node 0 Dirty:               464 kB
Node 0 Writeback:             0 kB
Node 0 FilePages:        178752 kB
Node 0 Mapped:            61392 kB
Node 0 AnonPages:         29704 kB
Node 0 Shmem:               668 kB
Node 0 KernelStack:        2772 kB
Node 0 PageTables:         2688 kB
Node 0 NFS_Unstable:          0 kB
Node 0 Bounce:                0 kB
Node 0 WritebackTmp:          0 kB
Node 0 KReclaimable:      17692 kB
Node 0 Slab:              56280 kB
Node 0 SReclaimable:      17692 kB
Node 0 SUnreclaim:        38588 kB
Node 0 AnonHugePages:         0 kB
Node 0 ShmemHugePages:        0 kB
Node 0 ShmemPmdMapped:        0 kB
Node 0 FileHugePages:        0 kB
Node 0 FilePmdMapped:        0 kB
Node 0 HugePages_Total:     0
Node 0 HugePages_Free:      0
Node 0 HugePages_Surp:      0

Node 1 MemTotal:       24661580 kB
Node 1 MemFree:        24352176 kB
Node 1 MemUsed:          309404 kB
Node 1 Active:            68032 kB
Node 1 Inactive:          86680 kB
Node 1 Active(anon):      26664 kB
Node 1 Inactive(anon):      452 kB
Node 1 Active(file):      41368 kB
Node 1 Inactive(file):    86228 kB
Node 1 Unevictable:       17132 kB
Node 1 Mlocked:           17132 kB
Node 1 Dirty:               148 kB
Node 1 Writeback:             0 kB
Node 1 FilePages:        134796 kB
Node 1 Mapped:            24636 kB
Node 1 AnonPages:         36200 kB
Node 1 Shmem:               600 kB
Node 1 KernelStack:        1360 kB
Node 1 PageTables:          948 kB
Node 1 NFS_Unstable:          0 kB
Node 1 Bounce:                0 kB
Node 1 WritebackTmp:          0 kB
Node 1 KReclaimable:      25604 kB
Node 1 Slab:              56192 kB
Node 1 SReclaimable:      25604 kB
Node 1 SUnreclaim:        30588 kB
Node 1 AnonHugePages:         0 kB
Node 1 ShmemHugePages:        0 kB
Node 1 ShmemPmdMapped:        0 kB
Node 1 FileHugePages:        0 kB
Node 1 FilePmdMapped:        0 kB
Node 1 HugePages_Total:     0
Node 1 HugePages_Free:      0
Node 1 HugePages_Surp:      0

Import tank ZPool
Node 0 MemTotal:       24768352 kB
Node 0 MemFree:        24278560 kB
Node 0 MemUsed:          489792 kB
Node 0 Active:            43224 kB
Node 0 Inactive:         151504 kB
Node 0 Active(anon):      18032 kB
Node 0 Inactive(anon):      492 kB
Node 0 Active(file):      25192 kB
Node 0 Inactive(file):   151012 kB
Node 0 Unevictable:        1592 kB
Node 0 Mlocked:            1592 kB
Node 0 Dirty:               488 kB
Node 0 Writeback:             0 kB
Node 0 FilePages:        178464 kB
Node 0 Mapped:            59012 kB
Node 0 AnonPages:         17860 kB
Node 0 Shmem:               668 kB
Node 0 KernelStack:        3288 kB
Node 0 PageTables:          880 kB
Node 0 NFS_Unstable:          0 kB
Node 0 Bounce:                0 kB
Node 0 WritebackTmp:          0 kB
Node 0 KReclaimable:      17692 kB
Node 0 Slab:              58316 kB
Node 0 SReclaimable:      17692 kB
Node 0 SUnreclaim:        40624 kB
Node 0 AnonHugePages:         0 kB
Node 0 ShmemHugePages:        0 kB
Node 0 ShmemPmdMapped:        0 kB
Node 0 FileHugePages:        0 kB
Node 0 FilePmdMapped:        0 kB
Node 0 HugePages_Total:     0
Node 0 HugePages_Free:      0
Node 0 HugePages_Surp:      0

Node 1 MemTotal:       24661580 kB
Node 1 MemFree:        24353844 kB
Node 1 MemUsed:          307736 kB
Node 1 Active:            57920 kB
Node 1 Inactive:          87640 kB
Node 1 Active(anon):      15796 kB
Node 1 Inactive(anon):      456 kB
Node 1 Active(file):      42124 kB
Node 1 Inactive(file):    87184 kB
Node 1 Unevictable:       17164 kB
Node 1 Mlocked:           17164 kB
Node 1 Dirty:                88 kB
Node 1 Writeback:             0 kB
Node 1 FilePages:        136528 kB
Node 1 Mapped:            23240 kB
Node 1 AnonPages:         25856 kB
Node 1 Shmem:               600 kB
Node 1 KernelStack:        1480 kB
Node 1 PageTables:          624 kB
Node 1 NFS_Unstable:          0 kB
Node 1 Bounce:                0 kB
Node 1 WritebackTmp:          0 kB
Node 1 KReclaimable:      25728 kB
Node 1 Slab:              61376 kB
Node 1 SReclaimable:      25728 kB
Node 1 SUnreclaim:        35648 kB
Node 1 AnonHugePages:         0 kB
Node 1 ShmemHugePages:        0 kB
Node 1 ShmemPmdMapped:        0 kB
Node 1 FileHugePages:        0 kB
Node 1 FilePmdMapped:        0 kB
Node 1 HugePages_Total:     0
Node 1 HugePages_Free:      0
Node 1 HugePages_Surp:      0

After Test
Node 0 MemTotal:       24768352 kB
Node 0 MemFree:        19649476 kB
Node 0 MemUsed:         5118876 kB
Node 0 Active:            44132 kB
Node 0 Inactive:         152652 kB
Node 0 Active(anon):      18248 kB
Node 0 Inactive(anon):      524 kB
Node 0 Active(file):      25884 kB
Node 0 Inactive(file):   152128 kB
Node 0 Unevictable:        1592 kB
Node 0 Mlocked:            1592 kB
Node 0 Dirty:                28 kB
Node 0 Writeback:             0 kB
Node 0 FilePages:        180312 kB
Node 0 Mapped:            59196 kB
Node 0 AnonPages:         17588 kB
Node 0 Shmem:               708 kB
Node 0 KernelStack:        3256 kB
Node 0 PageTables:          868 kB
Node 0 NFS_Unstable:          0 kB
Node 0 Bounce:                0 kB
Node 0 WritebackTmp:          0 kB
Node 0 KReclaimable:      18964 kB
Node 0 Slab:              78104 kB
Node 0 SReclaimable:      18964 kB
Node 0 SUnreclaim:        59140 kB
Node 0 AnonHugePages:         0 kB
Node 0 ShmemHugePages:        0 kB
Node 0 ShmemPmdMapped:        0 kB
Node 0 FileHugePages:        0 kB
Node 0 FilePmdMapped:        0 kB
Node 0 HugePages_Total:     0
Node 0 HugePages_Free:      0
Node 0 HugePages_Surp:      0

Node 1 MemTotal:       24661580 kB
Node 1 MemFree:        23941980 kB
Node 1 MemUsed:          719600 kB
Node 1 Active:            57632 kB
Node 1 Inactive:          87372 kB
Node 1 Active(anon):      15128 kB
Node 1 Inactive(anon):      452 kB
Node 1 Active(file):      42504 kB
Node 1 Inactive(file):    86920 kB
Node 1 Unevictable:       17164 kB
Node 1 Mlocked:           17164 kB
Node 1 Dirty:                 8 kB
Node 1 Writeback:             0 kB
Node 1 FilePages:        136628 kB
Node 1 Mapped:            22852 kB
Node 1 AnonPages:         25536 kB
Node 1 Shmem:               604 kB
Node 1 KernelStack:        1368 kB
Node 1 PageTables:          480 kB
Node 1 NFS_Unstable:          0 kB
Node 1 Bounce:                0 kB
Node 1 WritebackTmp:          0 kB
Node 1 KReclaimable:      25792 kB
Node 1 Slab:              63020 kB
Node 1 SReclaimable:      25792 kB
Node 1 SUnreclaim:        37228 kB
Node 1 AnonHugePages:         0 kB
Node 1 ShmemHugePages:        0 kB
Node 1 ShmemPmdMapped:        0 kB
Node 1 FileHugePages:        0 kB
Node 1 FilePmdMapped:        0 kB
Node 1 HugePages_Total:     0
Node 1 HugePages_Free:      0
Node 1 HugePages_Surp:      0

After Opposite Node
Node 0 MemTotal:       24768352 kB
Node 0 MemFree:        19652092 kB
Node 0 MemUsed:         5116260 kB
Node 0 Active:            44120 kB
Node 0 Inactive:         152460 kB
Node 0 Active(anon):      18072 kB
Node 0 Inactive(anon):      488 kB
Node 0 Active(file):      26048 kB
Node 0 Inactive(file):   151972 kB
Node 0 Unevictable:        1592 kB
Node 0 Mlocked:            1592 kB
Node 0 Dirty:                36 kB
Node 0 Writeback:             0 kB
Node 0 FilePages:        180276 kB
Node 0 Mapped:            59124 kB
Node 0 AnonPages:         17904 kB
Node 0 Shmem:               664 kB
Node 0 KernelStack:        3224 kB
Node 0 PageTables:          696 kB
Node 0 NFS_Unstable:          0 kB
Node 0 Bounce:                0 kB
Node 0 WritebackTmp:          0 kB
Node 0 KReclaimable:      18964 kB
Node 0 Slab:              78132 kB
Node 0 SReclaimable:      18964 kB
Node 0 SUnreclaim:        59168 kB
Node 0 AnonHugePages:         0 kB
Node 0 ShmemHugePages:        0 kB
Node 0 ShmemPmdMapped:        0 kB
Node 0 FileHugePages:        0 kB
Node 0 FilePmdMapped:        0 kB
Node 0 HugePages_Total:     0
Node 0 HugePages_Free:      0
Node 0 HugePages_Surp:      0

Node 1 MemTotal:       24661580 kB
Node 1 MemFree:        23941300 kB
Node 1 MemUsed:          720280 kB
Node 1 Active:            57936 kB
Node 1 Inactive:          87408 kB
Node 1 Active(anon):      15404 kB
Node 1 Inactive(anon):      496 kB
Node 1 Active(file):      42532 kB
Node 1 Inactive(file):    86912 kB
Node 1 Unevictable:       17164 kB
Node 1 Mlocked:           17164 kB
Node 1 Dirty:                28 kB
Node 1 Writeback:             0 kB
Node 1 FilePages:        136692 kB
Node 1 Mapped:            22896 kB
Node 1 AnonPages:         25680 kB
Node 1 Shmem:               648 kB
Node 1 KernelStack:        1400 kB
Node 1 PageTables:          652 kB
Node 1 NFS_Unstable:          0 kB
Node 1 Bounce:                0 kB
Node 1 WritebackTmp:          0 kB
Node 1 KReclaimable:      25840 kB
Node 1 Slab:              63092 kB
Node 1 SReclaimable:      25840 kB
Node 1 SUnreclaim:        37252 kB
Node 1 AnonHugePages:         0 kB
Node 1 ShmemHugePages:        0 kB
Node 1 ShmemPmdMapped:        0 kB
Node 1 FileHugePages:        0 kB
Node 1 FilePmdMapped:        0 kB
Node 1 HugePages_Total:     0
Node 1 HugePages_Free:      0
Node 1 HugePages_Surp:      0

B.0.fio.4G.1.O.1M Complete!
