kernel.numa_balancing = 0
B.0.fio.2-1G.3.O.1M
Begin
Node 0 MemTotal:       24768352 kB
Node 0 MemFree:        24382944 kB
Node 0 MemUsed:          385408 kB
Node 0 Active:            48576 kB
Node 0 Inactive:          61848 kB
Node 0 Active(anon):      19096 kB
Node 0 Inactive(anon):      412 kB
Node 0 Active(file):      29480 kB
Node 0 Inactive(file):    61436 kB
Node 0 Unevictable:       17872 kB
Node 0 Mlocked:           17872 kB
Node 0 Dirty:                36 kB
Node 0 Writeback:             0 kB
Node 0 FilePages:         99068 kB
Node 0 Mapped:            24244 kB
Node 0 AnonPages:         29520 kB
Node 0 Shmem:               612 kB
Node 0 KernelStack:        1976 kB
Node 0 PageTables:          556 kB
Node 0 NFS_Unstable:          0 kB
Node 0 Bounce:                0 kB
Node 0 WritebackTmp:          0 kB
Node 0 KReclaimable:      16076 kB
Node 0 Slab:              41512 kB
Node 0 SReclaimable:      16076 kB
Node 0 SUnreclaim:        25436 kB
Node 0 AnonHugePages:         0 kB
Node 0 ShmemHugePages:        0 kB
Node 0 ShmemPmdMapped:        0 kB
Node 0 FileHugePages:        0 kB
Node 0 FilePmdMapped:        0 kB
Node 0 HugePages_Total:     0
Node 0 HugePages_Free:      0
Node 0 HugePages_Surp:      0

Node 1 MemTotal:       24661580 kB
Node 1 MemFree:        24425804 kB
Node 1 MemUsed:          235776 kB
Node 1 Active:            46828 kB
Node 1 Inactive:          33864 kB
Node 1 Active(anon):      14672 kB
Node 1 Inactive(anon):      452 kB
Node 1 Active(file):      32156 kB
Node 1 Inactive(file):    33412 kB
Node 1 Unevictable:         652 kB
Node 1 Mlocked:             652 kB
Node 1 Dirty:                56 kB
Node 1 Writeback:             0 kB
Node 1 FilePages:         66912 kB
Node 1 Mapped:            25464 kB
Node 1 AnonPages:         14496 kB
Node 1 Shmem:               656 kB
Node 1 KernelStack:        1560 kB
Node 1 PageTables:          456 kB
Node 1 NFS_Unstable:          0 kB
Node 1 Bounce:                0 kB
Node 1 WritebackTmp:          0 kB
Node 1 KReclaimable:      26452 kB
Node 1 Slab:              68576 kB
Node 1 SReclaimable:      26452 kB
Node 1 SUnreclaim:        42124 kB
Node 1 AnonHugePages:         0 kB
Node 1 ShmemHugePages:        0 kB
Node 1 ShmemPmdMapped:        0 kB
Node 1 FileHugePages:        0 kB
Node 1 FilePmdMapped:        0 kB
Node 1 HugePages_Total:     0
Node 1 HugePages_Free:      0
Node 1 HugePages_Surp:      0

Load ZFS
Node 0 MemTotal:       24768352 kB
Node 0 MemFree:        24283412 kB
Node 0 MemUsed:          484940 kB
Node 0 Active:            61396 kB
Node 0 Inactive:         141212 kB
Node 0 Active(anon):      30732 kB
Node 0 Inactive(anon):      456 kB
Node 0 Active(file):      30664 kB
Node 0 Inactive(file):   140756 kB
Node 0 Unevictable:       18072 kB
Node 0 Mlocked:           18072 kB
Node 0 Dirty:               128 kB
Node 0 Writeback:             0 kB
Node 0 FilePages:        179572 kB
Node 0 Mapped:            26192 kB
Node 0 AnonPages:         41360 kB
Node 0 Shmem:               612 kB
Node 0 KernelStack:        2300 kB
Node 0 PageTables:         1788 kB
Node 0 NFS_Unstable:          0 kB
Node 0 Bounce:                0 kB
Node 0 WritebackTmp:          0 kB
Node 0 KReclaimable:      16920 kB
Node 0 Slab:              46436 kB
Node 0 SReclaimable:      16920 kB
Node 0 SUnreclaim:        29516 kB
Node 0 AnonHugePages:         0 kB
Node 0 ShmemHugePages:        0 kB
Node 0 ShmemPmdMapped:        0 kB
Node 0 FileHugePages:        0 kB
Node 0 FilePmdMapped:        0 kB
Node 0 HugePages_Total:     0
Node 0 HugePages_Free:      0
Node 0 HugePages_Surp:      0

Node 1 MemTotal:       24661580 kB
Node 1 MemFree:        24382068 kB
Node 1 MemUsed:          279512 kB
Node 1 Active:            61708 kB
Node 1 Inactive:          57616 kB
Node 1 Active(anon):      28220 kB
Node 1 Inactive(anon):      484 kB
Node 1 Active(file):      33488 kB
Node 1 Inactive(file):    57132 kB
Node 1 Unevictable:         652 kB
Node 1 Mlocked:             652 kB
Node 1 Dirty:               240 kB
Node 1 Writeback:             0 kB
Node 1 FilePages:         91920 kB
Node 1 Mapped:            27744 kB
Node 1 AnonPages:         27868 kB
Node 1 Shmem:               656 kB
Node 1 KernelStack:        1920 kB
Node 1 PageTables:         1328 kB
Node 1 NFS_Unstable:          0 kB
Node 1 Bounce:                0 kB
Node 1 WritebackTmp:          0 kB
Node 1 KReclaimable:      27096 kB
Node 1 Slab:              71036 kB
Node 1 SReclaimable:      27096 kB
Node 1 SUnreclaim:        43940 kB
Node 1 AnonHugePages:         0 kB
Node 1 ShmemHugePages:        0 kB
Node 1 ShmemPmdMapped:        0 kB
Node 1 FileHugePages:        0 kB
Node 1 FilePmdMapped:        0 kB
Node 1 HugePages_Total:     0
Node 1 HugePages_Free:      0
Node 1 HugePages_Surp:      0

Import tank ZPool
Node 0 MemTotal:       24768352 kB
Node 0 MemFree:        24295148 kB
Node 0 MemUsed:          473204 kB
Node 0 Active:            50256 kB
Node 0 Inactive:         141208 kB
Node 0 Active(anon):      19592 kB
Node 0 Inactive(anon):      452 kB
Node 0 Active(file):      30664 kB
Node 0 Inactive(file):   140756 kB
Node 0 Unevictable:       18104 kB
Node 0 Mlocked:           18104 kB
Node 0 Dirty:                52 kB
Node 0 Writeback:             0 kB
Node 0 FilePages:        179568 kB
Node 0 Mapped:            24644 kB
Node 0 AnonPages:         30024 kB
Node 0 Shmem:               608 kB
Node 0 KernelStack:        2120 kB
Node 0 PageTables:         1000 kB
Node 0 NFS_Unstable:          0 kB
Node 0 Bounce:                0 kB
Node 0 WritebackTmp:          0 kB
Node 0 KReclaimable:      16920 kB
Node 0 Slab:              46496 kB
Node 0 SReclaimable:      16920 kB
Node 0 SUnreclaim:        29576 kB
Node 0 AnonHugePages:         0 kB
Node 0 ShmemHugePages:        0 kB
Node 0 ShmemPmdMapped:        0 kB
Node 0 FileHugePages:        0 kB
Node 0 FilePmdMapped:        0 kB
Node 0 HugePages_Total:     0
Node 0 HugePages_Free:      0
Node 0 HugePages_Surp:      0

Node 1 MemTotal:       24661580 kB
Node 1 MemFree:        24375232 kB
Node 1 MemUsed:          286348 kB
Node 1 Active:            49412 kB
Node 1 Inactive:          59184 kB
Node 1 Active(anon):      15528 kB
Node 1 Inactive(anon):      496 kB
Node 1 Active(file):      33884 kB
Node 1 Inactive(file):    58688 kB
Node 1 Unevictable:         652 kB
Node 1 Mlocked:             652 kB
Node 1 Dirty:                88 kB
Node 1 Writeback:             0 kB
Node 1 FilePages:         93904 kB
Node 1 Mapped:            25868 kB
Node 1 AnonPages:         14760 kB
Node 1 Shmem:               660 kB
Node 1 KernelStack:        2760 kB
Node 1 PageTables:          728 kB
Node 1 NFS_Unstable:          0 kB
Node 1 Bounce:                0 kB
Node 1 WritebackTmp:          0 kB
Node 1 KReclaimable:      27232 kB
Node 1 Slab:              77232 kB
Node 1 SReclaimable:      27232 kB
Node 1 SUnreclaim:        50000 kB
Node 1 AnonHugePages:         0 kB
Node 1 ShmemHugePages:        0 kB
Node 1 ShmemPmdMapped:        0 kB
Node 1 FileHugePages:        0 kB
Node 1 FilePmdMapped:        0 kB
Node 1 HugePages_Total:     0
Node 1 HugePages_Free:      0
Node 1 HugePages_Surp:      0

After Test
Node 0 MemTotal:       24768352 kB
Node 0 MemFree:        23929672 kB
Node 0 MemUsed:          838680 kB
Node 0 Active:            51052 kB
Node 0 Inactive:         142172 kB
Node 0 Active(anon):      19556 kB
Node 0 Inactive(anon):      452 kB
Node 0 Active(file):      31496 kB
Node 0 Inactive(file):   141720 kB
Node 0 Unevictable:       18104 kB
Node 0 Mlocked:           18104 kB
Node 0 Dirty:                40 kB
Node 0 Writeback:             0 kB
Node 0 FilePages:        181368 kB
Node 0 Mapped:            24172 kB
Node 0 AnonPages:         29824 kB
Node 0 Shmem:               612 kB
Node 0 KernelStack:        1988 kB
Node 0 PageTables:          564 kB
Node 0 NFS_Unstable:          0 kB
Node 0 Bounce:                0 kB
Node 0 WritebackTmp:          0 kB
Node 0 KReclaimable:      16984 kB
Node 0 Slab:              48092 kB
Node 0 SReclaimable:      16984 kB
Node 0 SUnreclaim:        31108 kB
Node 0 AnonHugePages:         0 kB
Node 0 ShmemHugePages:        0 kB
Node 0 ShmemPmdMapped:        0 kB
Node 0 FileHugePages:        0 kB
Node 0 FilePmdMapped:        0 kB
Node 0 HugePages_Total:     0
Node 0 HugePages_Free:      0
Node 0 HugePages_Surp:      0

Node 1 MemTotal:       24661580 kB
Node 1 MemFree:        22864472 kB
Node 1 MemUsed:         1797108 kB
Node 1 Active:            49088 kB
Node 1 Inactive:          58568 kB
Node 1 Active(anon):      14388 kB
Node 1 Inactive(anon):      488 kB
Node 1 Active(file):      34700 kB
Node 1 Inactive(file):    58080 kB
Node 1 Unevictable:         652 kB
Node 1 Mlocked:             652 kB
Node 1 Dirty:                28 kB
Node 1 Writeback:             0 kB
Node 1 FilePages:         94088 kB
Node 1 Mapped:            25444 kB
Node 1 AnonPages:         14220 kB
Node 1 Shmem:               656 kB
Node 1 KernelStack:        2728 kB
Node 1 PageTables:          488 kB
Node 1 NFS_Unstable:          0 kB
Node 1 Bounce:                0 kB
Node 1 WritebackTmp:          0 kB
Node 1 KReclaimable:      28472 kB
Node 1 Slab:              86728 kB
Node 1 SReclaimable:      28472 kB
Node 1 SUnreclaim:        58256 kB
Node 1 AnonHugePages:         0 kB
Node 1 ShmemHugePages:        0 kB
Node 1 ShmemPmdMapped:        0 kB
Node 1 FileHugePages:        0 kB
Node 1 FilePmdMapped:        0 kB
Node 1 HugePages_Total:     0
Node 1 HugePages_Free:      0
Node 1 HugePages_Surp:      0

After Opposite Node
Node 0 MemTotal:       24768352 kB
Node 0 MemFree:        23929748 kB
Node 0 MemUsed:          838604 kB
Node 0 Active:            50728 kB
Node 0 Inactive:         142024 kB
Node 0 Active(anon):      19076 kB
Node 0 Inactive(anon):      452 kB
Node 0 Active(file):      31652 kB
Node 0 Inactive(file):   141572 kB
Node 0 Unevictable:       18104 kB
Node 0 Mlocked:           18104 kB
Node 0 Dirty:                48 kB
Node 0 Writeback:             0 kB
Node 0 FilePages:        181376 kB
Node 0 Mapped:            24412 kB
Node 0 AnonPages:         29476 kB
Node 0 Shmem:               612 kB
Node 0 KernelStack:        1976 kB
Node 0 PageTables:          532 kB
Node 0 NFS_Unstable:          0 kB
Node 0 Bounce:                0 kB
Node 0 WritebackTmp:          0 kB
Node 0 KReclaimable:      17000 kB
Node 0 Slab:              48312 kB
Node 0 SReclaimable:      17000 kB
Node 0 SUnreclaim:        31312 kB
Node 0 AnonHugePages:         0 kB
Node 0 ShmemHugePages:        0 kB
Node 0 ShmemPmdMapped:        0 kB
Node 0 FileHugePages:        0 kB
Node 0 FilePmdMapped:        0 kB
Node 0 HugePages_Total:     0
Node 0 HugePages_Free:      0
Node 0 HugePages_Surp:      0

Node 1 MemTotal:       24661580 kB
Node 1 MemFree:        22865320 kB
Node 1 MemUsed:         1796260 kB
Node 1 Active:            49316 kB
Node 1 Inactive:          58596 kB
Node 1 Active(anon):      14588 kB
Node 1 Inactive(anon):      524 kB
Node 1 Active(file):      34728 kB
Node 1 Inactive(file):    58072 kB
Node 1 Unevictable:         652 kB
Node 1 Mlocked:             652 kB
Node 1 Dirty:                44 kB
Node 1 Writeback:             0 kB
Node 1 FilePages:         94152 kB
Node 1 Mapped:            25488 kB
Node 1 AnonPages:         14276 kB
Node 1 Shmem:               700 kB
Node 1 KernelStack:        2712 kB
Node 1 PageTables:          604 kB
Node 1 NFS_Unstable:          0 kB
Node 1 Bounce:                0 kB
Node 1 WritebackTmp:          0 kB
Node 1 KReclaimable:      28528 kB
Node 1 Slab:              87032 kB
Node 1 SReclaimable:      28528 kB
Node 1 SUnreclaim:        58504 kB
Node 1 AnonHugePages:         0 kB
Node 1 ShmemHugePages:        0 kB
Node 1 ShmemPmdMapped:        0 kB
Node 1 FileHugePages:        0 kB
Node 1 FilePmdMapped:        0 kB
Node 1 HugePages_Total:     0
Node 1 HugePages_Free:      0
Node 1 HugePages_Surp:      0

B.0.fio.2-1G.3.O.1M Complete!
