kernel.numa_balancing = 0
15 Tests Remaining!
T.1.simpleread.500M.1.O.1M
Begin
Node 0 MemTotal:       24768352 kB
Node 0 MemFree:        24533820 kB
Node 0 MemUsed:          234532 kB
Node 0 Active:            49620 kB
Node 0 Inactive:          41928 kB
Node 0 Active(anon):      23872 kB
Node 0 Inactive(anon):      316 kB
Node 0 Active(file):      25748 kB
Node 0 Inactive(file):    41612 kB
Node 0 Unevictable:       18204 kB
Node 0 Mlocked:           18204 kB
Node 0 Dirty:                36 kB
Node 0 Writeback:             0 kB
Node 0 FilePages:         75696 kB
Node 0 Mapped:            33832 kB
Node 0 AnonPages:         34160 kB
Node 0 Shmem:               460 kB
Node 0 KernelStack:        1928 kB
Node 0 PageTables:          800 kB
Node 0 NFS_Unstable:          0 kB
Node 0 Bounce:                0 kB
Node 0 WritebackTmp:          0 kB
Node 0 KReclaimable:      21184 kB
Node 0 Slab:              46892 kB
Node 0 SReclaimable:      21184 kB
Node 0 SUnreclaim:        25708 kB
Node 0 AnonHugePages:         0 kB
Node 0 ShmemHugePages:        0 kB
Node 0 ShmemPmdMapped:        0 kB
Node 0 FileHugePages:        0 kB
Node 0 FilePmdMapped:        0 kB
Node 0 HugePages_Total:     0
Node 0 HugePages_Free:      0
Node 0 HugePages_Surp:      0

Node 1 MemTotal:       24661580 kB
Node 1 MemFree:        24287392 kB
Node 1 MemUsed:          374188 kB
Node 1 Active:            47192 kB
Node 1 Inactive:          43244 kB
Node 1 Active(anon):      11056 kB
Node 1 Inactive(anon):      560 kB
Node 1 Active(file):      36136 kB
Node 1 Inactive(file):    42684 kB
Node 1 Unevictable:         316 kB
Node 1 Mlocked:             316 kB
Node 1 Dirty:               384 kB
Node 1 Writeback:             0 kB
Node 1 FilePages:         79944 kB
Node 1 Mapped:            13016 kB
Node 1 AnonPages:         10468 kB
Node 1 Shmem:               808 kB
Node 1 KernelStack:        1896 kB
Node 1 PageTables:          484 kB
Node 1 NFS_Unstable:          0 kB
Node 1 Bounce:                0 kB
Node 1 WritebackTmp:          0 kB
Node 1 KReclaimable:      21388 kB
Node 1 Slab:              61832 kB
Node 1 SReclaimable:      21388 kB
Node 1 SUnreclaim:        40444 kB
Node 1 AnonHugePages:         0 kB
Node 1 ShmemHugePages:        0 kB
Node 1 ShmemPmdMapped:        0 kB
Node 1 FileHugePages:        0 kB
Node 1 FilePmdMapped:        0 kB
Node 1 HugePages_Total:     0
Node 1 HugePages_Free:      0
Node 1 HugePages_Surp:      0

Load ZFS
Node 0 MemTotal:       24768352 kB
Node 0 MemFree:        24491044 kB
Node 0 MemUsed:          277308 kB
Node 0 Active:            67008 kB
Node 0 Inactive:          57472 kB
Node 0 Active(anon):      39704 kB
Node 0 Inactive(anon):      712 kB
Node 0 Active(file):      27304 kB
Node 0 Inactive(file):    56760 kB
Node 0 Unevictable:       18288 kB
Node 0 Mlocked:           18288 kB
Node 0 Dirty:               204 kB
Node 0 Writeback:             0 kB
Node 0 FilePages:         92800 kB
Node 0 Mapped:            35064 kB
Node 0 AnonPages:         49796 kB
Node 0 Shmem:               716 kB
Node 0 KernelStack:        2272 kB
Node 0 PageTables:         2240 kB
Node 0 NFS_Unstable:          0 kB
Node 0 Bounce:                0 kB
Node 0 WritebackTmp:          0 kB
Node 0 KReclaimable:      21896 kB
Node 0 Slab:              50472 kB
Node 0 SReclaimable:      21896 kB
Node 0 SUnreclaim:        28576 kB
Node 0 AnonHugePages:         0 kB
Node 0 ShmemHugePages:        0 kB
Node 0 ShmemPmdMapped:        0 kB
Node 0 FileHugePages:        0 kB
Node 0 FilePmdMapped:        0 kB
Node 0 HugePages_Total:     0
Node 0 HugePages_Free:      0
Node 0 HugePages_Surp:      0

Node 1 MemTotal:       24661580 kB
Node 1 MemFree:        24186116 kB
Node 1 MemUsed:          475464 kB
Node 1 Active:            56920 kB
Node 1 Inactive:         131496 kB
Node 1 Active(anon):      20128 kB
Node 1 Inactive(anon):      412 kB
Node 1 Active(file):      36792 kB
Node 1 Inactive(file):   131084 kB
Node 1 Unevictable:         316 kB
Node 1 Mlocked:             316 kB
Node 1 Dirty:               148 kB
Node 1 Writeback:             0 kB
Node 1 FilePages:        168780 kB
Node 1 Mapped:            15756 kB
Node 1 AnonPages:         19844 kB
Node 1 Shmem:               552 kB
Node 1 KernelStack:        1920 kB
Node 1 PageTables:          804 kB
Node 1 NFS_Unstable:          0 kB
Node 1 Bounce:                0 kB
Node 1 WritebackTmp:          0 kB
Node 1 KReclaimable:      22080 kB
Node 1 Slab:              64880 kB
Node 1 SReclaimable:      22080 kB
Node 1 SUnreclaim:        42800 kB
Node 1 AnonHugePages:         0 kB
Node 1 ShmemHugePages:        0 kB
Node 1 ShmemPmdMapped:        0 kB
Node 1 FileHugePages:        0 kB
Node 1 FilePmdMapped:        0 kB
Node 1 HugePages_Total:     0
Node 1 HugePages_Free:      0
Node 1 HugePages_Surp:      0

Import tank ZPool
Node 0 MemTotal:       24768352 kB
Node 0 MemFree:        24481624 kB
Node 0 MemUsed:          286728 kB
Node 0 Active:            67312 kB
Node 0 Inactive:          58348 kB
Node 0 Active(anon):      39444 kB
Node 0 Inactive(anon):      576 kB
Node 0 Active(file):      27868 kB
Node 0 Inactive(file):    57772 kB
Node 0 Unevictable:       18436 kB
Node 0 Mlocked:           18436 kB
Node 0 Dirty:               448 kB
Node 0 Writeback:             0 kB
Node 0 FilePages:         94236 kB
Node 0 Mapped:            34840 kB
Node 0 AnonPages:         49660 kB
Node 0 Shmem:               720 kB
Node 0 KernelStack:        2328 kB
Node 0 PageTables:         1848 kB
Node 0 NFS_Unstable:          0 kB
Node 0 Bounce:                0 kB
Node 0 WritebackTmp:          0 kB
Node 0 KReclaimable:      22132 kB
Node 0 Slab:              55836 kB
Node 0 SReclaimable:      22132 kB
Node 0 SUnreclaim:        33704 kB
Node 0 AnonHugePages:         0 kB
Node 0 ShmemHugePages:        0 kB
Node 0 ShmemPmdMapped:        0 kB
Node 0 FileHugePages:        0 kB
Node 0 FilePmdMapped:        0 kB
Node 0 HugePages_Total:     0
Node 0 HugePages_Free:      0
Node 0 HugePages_Surp:      0

Node 1 MemTotal:       24661580 kB
Node 1 MemFree:        24178840 kB
Node 1 MemUsed:          482740 kB
Node 1 Active:            56444 kB
Node 1 Inactive:         131308 kB
Node 1 Active(anon):      19508 kB
Node 1 Inactive(anon):      372 kB
Node 1 Active(file):      36936 kB
Node 1 Inactive(file):   130936 kB
Node 1 Unevictable:         316 kB
Node 1 Mlocked:             316 kB
Node 1 Dirty:                48 kB
Node 1 Writeback:             0 kB
Node 1 FilePages:        168752 kB
Node 1 Mapped:            15736 kB
Node 1 AnonPages:         19340 kB
Node 1 Shmem:               548 kB
Node 1 KernelStack:        2872 kB
Node 1 PageTables:          612 kB
Node 1 NFS_Unstable:          0 kB
Node 1 Bounce:                0 kB
Node 1 WritebackTmp:          0 kB
Node 1 KReclaimable:      22256 kB
Node 1 Slab:              66964 kB
Node 1 SReclaimable:      22256 kB
Node 1 SUnreclaim:        44708 kB
Node 1 AnonHugePages:         0 kB
Node 1 ShmemHugePages:        0 kB
Node 1 ShmemPmdMapped:        0 kB
Node 1 FileHugePages:        0 kB
Node 1 FilePmdMapped:        0 kB
Node 1 HugePages_Total:     0
Node 1 HugePages_Free:      0
Node 1 HugePages_Surp:      0

After Test
Node 0 MemTotal:       24768352 kB
Node 0 MemFree:        24179312 kB
Node 0 MemUsed:          589040 kB
Node 0 Active:            51264 kB
Node 0 Inactive:          57928 kB
Node 0 Active(anon):      22952 kB
Node 0 Inactive(anon):      568 kB
Node 0 Active(file):      28312 kB
Node 0 Inactive(file):    57360 kB
Node 0 Unevictable:       18436 kB
Node 0 Mlocked:           18436 kB
Node 0 Dirty:               464 kB
Node 0 Writeback:             0 kB
Node 0 FilePages:         94268 kB
Node 0 Mapped:            33732 kB
Node 0 AnonPages:         33356 kB
Node 0 Shmem:               720 kB
Node 0 KernelStack:        1832 kB
Node 0 PageTables:          588 kB
Node 0 NFS_Unstable:          0 kB
Node 0 Bounce:                0 kB
Node 0 WritebackTmp:          0 kB
Node 0 KReclaimable:      22132 kB
Node 0 Slab:              56324 kB
Node 0 SReclaimable:      22132 kB
Node 0 SUnreclaim:        34192 kB
Node 0 AnonHugePages:         0 kB
Node 0 ShmemHugePages:        0 kB
Node 0 ShmemPmdMapped:        0 kB
Node 0 FileHugePages:        0 kB
Node 0 FilePmdMapped:        0 kB
Node 0 HugePages_Total:     0
Node 0 HugePages_Free:      0
Node 0 HugePages_Surp:      0

Node 1 MemTotal:       24661580 kB
Node 1 MemFree:        23445940 kB
Node 1 MemUsed:         1215640 kB
Node 1 Active:            48560 kB
Node 1 Inactive:         130800 kB
Node 1 Active(anon):      10780 kB
Node 1 Inactive(anon):      372 kB
Node 1 Active(file):      37780 kB
Node 1 Inactive(file):   130428 kB
Node 1 Unevictable:         316 kB
Node 1 Mlocked:             316 kB
Node 1 Dirty:                60 kB
Node 1 Writeback:             0 kB
Node 1 FilePages:        169072 kB
Node 1 Mapped:            13104 kB
Node 1 AnonPages:         10620 kB
Node 1 Shmem:               548 kB
Node 1 KernelStack:        2904 kB
Node 1 PageTables:          488 kB
Node 1 NFS_Unstable:          0 kB
Node 1 Bounce:                0 kB
Node 1 WritebackTmp:          0 kB
Node 1 KReclaimable:      22348 kB
Node 1 Slab:              72096 kB
Node 1 SReclaimable:      22348 kB
Node 1 SUnreclaim:        49748 kB
Node 1 AnonHugePages:         0 kB
Node 1 ShmemHugePages:        0 kB
Node 1 ShmemPmdMapped:        0 kB
Node 1 FileHugePages:        0 kB
Node 1 FilePmdMapped:        0 kB
Node 1 HugePages_Total:     0
Node 1 HugePages_Free:      0
Node 1 HugePages_Surp:      0

After Opposite Node
Node 0 MemTotal:       24768352 kB
Node 0 MemFree:        24178756 kB
Node 0 MemUsed:          589596 kB
Node 0 Active:            51580 kB
Node 0 Inactive:          57908 kB
Node 0 Active(anon):      23240 kB
Node 0 Inactive(anon):      568 kB
Node 0 Active(file):      28340 kB
Node 0 Inactive(file):    57340 kB
Node 0 Unevictable:       18436 kB
Node 0 Mlocked:           18436 kB
Node 0 Dirty:               468 kB
Node 0 Writeback:             0 kB
Node 0 FilePages:         94276 kB
Node 0 Mapped:            33700 kB
Node 0 AnonPages:         33704 kB
Node 0 Shmem:               720 kB
Node 0 KernelStack:        1848 kB
Node 0 PageTables:          656 kB
Node 0 NFS_Unstable:          0 kB
Node 0 Bounce:                0 kB
Node 0 WritebackTmp:          0 kB
Node 0 KReclaimable:      22200 kB
Node 0 Slab:              56600 kB
Node 0 SReclaimable:      22200 kB
Node 0 SUnreclaim:        34400 kB
Node 0 AnonHugePages:         0 kB
Node 0 ShmemHugePages:        0 kB
Node 0 ShmemPmdMapped:        0 kB
Node 0 FileHugePages:        0 kB
Node 0 FilePmdMapped:        0 kB
Node 0 HugePages_Total:     0
Node 0 HugePages_Free:      0
Node 0 HugePages_Surp:      0

Node 1 MemTotal:       24661580 kB
Node 1 MemFree:        23446192 kB
Node 1 MemUsed:         1215388 kB
Node 1 Active:            48468 kB
Node 1 Inactive:         130584 kB
Node 1 Active(anon):      10468 kB
Node 1 Inactive(anon):      372 kB
Node 1 Active(file):      38000 kB
Node 1 Inactive(file):   130212 kB
Node 1 Unevictable:         316 kB
Node 1 Mlocked:             316 kB
Node 1 Dirty:                64 kB
Node 1 Writeback:             0 kB
Node 1 FilePages:        169076 kB
Node 1 Mapped:            13068 kB
Node 1 AnonPages:         10304 kB
Node 1 Shmem:               548 kB
Node 1 KernelStack:        2888 kB
Node 1 PageTables:          440 kB
Node 1 NFS_Unstable:          0 kB
Node 1 Bounce:                0 kB
Node 1 WritebackTmp:          0 kB
Node 1 KReclaimable:      22348 kB
Node 1 Slab:              72096 kB
Node 1 SReclaimable:      22348 kB
Node 1 SUnreclaim:        49748 kB
Node 1 AnonHugePages:         0 kB
Node 1 ShmemHugePages:        0 kB
Node 1 ShmemPmdMapped:        0 kB
Node 1 FileHugePages:        0 kB
Node 1 FilePmdMapped:        0 kB
Node 1 HugePages_Total:     0
Node 1 HugePages_Free:      0
Node 1 HugePages_Surp:      0

T.1.simpleread.500M.1.O.1M Complete!
