kernel.numa_balancing = 0
T.1.simpleread.2-1G.1.O.1M
Begin
Node 0 MemTotal:       24743736 kB
Node 0 MemFree:        24394264 kB
Node 0 MemUsed:          349472 kB
Node 0 Active:            53224 kB
Node 0 Inactive:          19668 kB
Node 0 Active(anon):      20404 kB
Node 0 Inactive(anon):      452 kB
Node 0 Active(file):      32820 kB
Node 0 Inactive(file):    19216 kB
Node 0 Unevictable:        1376 kB
Node 0 Mlocked:            1376 kB
Node 0 Dirty:               272 kB
Node 0 Writeback:             0 kB
Node 0 FilePages:         54180 kB
Node 0 Mapped:            14652 kB
Node 0 AnonPages:         20252 kB
Node 0 Shmem:               628 kB
Node 0 KernelStack:        2296 kB
Node 0 PageTables:          460 kB
Node 0 NFS_Unstable:          0 kB
Node 0 Bounce:                0 kB
Node 0 WritebackTmp:          0 kB
Node 0 KReclaimable:      22052 kB
Node 0 Slab:              51280 kB
Node 0 SReclaimable:      22052 kB
Node 0 SUnreclaim:        29228 kB
Node 0 AnonHugePages:         0 kB
Node 0 ShmemHugePages:        0 kB
Node 0 ShmemPmdMapped:        0 kB
Node 0 FileHugePages:        0 kB
Node 0 FilePmdMapped:        0 kB
Node 0 HugePages_Total:     0
Node 0 HugePages_Free:      0
Node 0 HugePages_Surp:      0

Node 1 MemTotal:       24686196 kB
Node 1 MemFree:        24412564 kB
Node 1 MemUsed:          273632 kB
Node 1 Active:            42504 kB
Node 1 Inactive:          82388 kB
Node 1 Active(anon):      13768 kB
Node 1 Inactive(anon):      436 kB
Node 1 Active(file):      28736 kB
Node 1 Inactive(file):    81952 kB
Node 1 Unevictable:       17148 kB
Node 1 Mlocked:           17148 kB
Node 1 Dirty:               244 kB
Node 1 Writeback:             0 kB
Node 1 FilePages:        118148 kB
Node 1 Mapped:            43072 kB
Node 1 AnonPages:         23996 kB
Node 1 Shmem:               640 kB
Node 1 KernelStack:        1352 kB
Node 1 PageTables:          680 kB
Node 1 NFS_Unstable:          0 kB
Node 1 Bounce:                0 kB
Node 1 WritebackTmp:          0 kB
Node 1 KReclaimable:      19596 kB
Node 1 Slab:              54208 kB
Node 1 SReclaimable:      19596 kB
Node 1 SUnreclaim:        34612 kB
Node 1 AnonHugePages:         0 kB
Node 1 ShmemHugePages:        0 kB
Node 1 ShmemPmdMapped:        0 kB
Node 1 FileHugePages:        0 kB
Node 1 FilePmdMapped:        0 kB
Node 1 HugePages_Total:     0
Node 1 HugePages_Free:      0
Node 1 HugePages_Surp:      0

Load ZFS
Node 0 MemTotal:       24743736 kB
Node 0 MemFree:        24297792 kB
Node 0 MemUsed:          445944 kB
Node 0 Active:            67248 kB
Node 0 Inactive:          96980 kB
Node 0 Active(anon):      33128 kB
Node 0 Inactive(anon):      524 kB
Node 0 Active(file):      34120 kB
Node 0 Inactive(file):    96456 kB
Node 0 Unevictable:        1376 kB
Node 0 Mlocked:            1376 kB
Node 0 Dirty:                32 kB
Node 0 Writeback:             0 kB
Node 0 FilePages:        132704 kB
Node 0 Mapped:            17572 kB
Node 0 AnonPages:         32396 kB
Node 0 Shmem:               656 kB
Node 0 KernelStack:        2472 kB
Node 0 PageTables:          944 kB
Node 0 NFS_Unstable:          0 kB
Node 0 Bounce:                0 kB
Node 0 WritebackTmp:          0 kB
Node 0 KReclaimable:      23204 kB
Node 0 Slab:              55036 kB
Node 0 SReclaimable:      23204 kB
Node 0 SUnreclaim:        31832 kB
Node 0 AnonHugePages:         0 kB
Node 0 ShmemHugePages:        0 kB
Node 0 ShmemPmdMapped:        0 kB
Node 0 FileHugePages:        0 kB
Node 0 FilePmdMapped:        0 kB
Node 0 HugePages_Total:     0
Node 0 HugePages_Free:      0
Node 0 HugePages_Surp:      0

Node 1 MemTotal:       24686196 kB
Node 1 MemFree:        24366028 kB
Node 1 MemUsed:          320168 kB
Node 1 Active:            55328 kB
Node 1 Inactive:         108324 kB
Node 1 Active(anon):      25272 kB
Node 1 Inactive(anon):      420 kB
Node 1 Active(file):      30056 kB
Node 1 Inactive(file):   107904 kB
Node 1 Unevictable:       17380 kB
Node 1 Mlocked:           17380 kB
Node 1 Dirty:               540 kB
Node 1 Writeback:             0 kB
Node 1 FilePages:        145392 kB
Node 1 Mapped:            44204 kB
Node 1 AnonPages:         35724 kB
Node 1 Shmem:               612 kB
Node 1 KernelStack:        1640 kB
Node 1 PageTables:         1544 kB
Node 1 NFS_Unstable:          0 kB
Node 1 Bounce:                0 kB
Node 1 WritebackTmp:          0 kB
Node 1 KReclaimable:      20288 kB
Node 1 Slab:              58156 kB
Node 1 SReclaimable:      20288 kB
Node 1 SUnreclaim:        37868 kB
Node 1 AnonHugePages:         0 kB
Node 1 ShmemHugePages:        0 kB
Node 1 ShmemPmdMapped:        0 kB
Node 1 FileHugePages:        0 kB
Node 1 FilePmdMapped:        0 kB
Node 1 HugePages_Total:     0
Node 1 HugePages_Free:      0
Node 1 HugePages_Surp:      0

Import tank ZPool
Node 0 MemTotal:       24743736 kB
Node 0 MemFree:        24290628 kB
Node 0 MemUsed:          453108 kB
Node 0 Active:            56192 kB
Node 0 Inactive:          97752 kB
Node 0 Active(anon):      21172 kB
Node 0 Inactive(anon):      528 kB
Node 0 Active(file):      35020 kB
Node 0 Inactive(file):    97224 kB
Node 0 Unevictable:        1376 kB
Node 0 Mlocked:            1376 kB
Node 0 Dirty:                52 kB
Node 0 Writeback:             0 kB
Node 0 FilePages:        134280 kB
Node 0 Mapped:            14948 kB
Node 0 AnonPages:         20560 kB
Node 0 Shmem:               660 kB
Node 0 KernelStack:        3452 kB
Node 0 PageTables:          800 kB
Node 0 NFS_Unstable:          0 kB
Node 0 Bounce:                0 kB
Node 0 WritebackTmp:          0 kB
Node 0 KReclaimable:      23364 kB
Node 0 Slab:              61492 kB
Node 0 SReclaimable:      23364 kB
Node 0 SUnreclaim:        38128 kB
Node 0 AnonHugePages:         0 kB
Node 0 ShmemHugePages:        0 kB
Node 0 ShmemPmdMapped:        0 kB
Node 0 FileHugePages:        0 kB
Node 0 FilePmdMapped:        0 kB
Node 0 HugePages_Total:     0
Node 0 HugePages_Free:      0
Node 0 HugePages_Surp:      0

Node 1 MemTotal:       24686196 kB
Node 1 MemFree:        24378580 kB
Node 1 MemUsed:          307616 kB
Node 1 Active:            43852 kB
Node 1 Inactive:         108032 kB
Node 1 Active(anon):      13488 kB
Node 1 Inactive(anon):      420 kB
Node 1 Active(file):      30364 kB
Node 1 Inactive(file):   107612 kB
Node 1 Unevictable:       17380 kB
Node 1 Mlocked:           17380 kB
Node 1 Dirty:               512 kB
Node 1 Writeback:             0 kB
Node 1 FilePages:        145404 kB
Node 1 Mapped:            43116 kB
Node 1 AnonPages:         23160 kB
Node 1 Shmem:               608 kB
Node 1 KernelStack:        1464 kB
Node 1 PageTables:          988 kB
Node 1 NFS_Unstable:          0 kB
Node 1 Bounce:                0 kB
Node 1 WritebackTmp:          0 kB
Node 1 KReclaimable:      20292 kB
Node 1 Slab:              58024 kB
Node 1 SReclaimable:      20292 kB
Node 1 SUnreclaim:        37732 kB
Node 1 AnonHugePages:         0 kB
Node 1 ShmemHugePages:        0 kB
Node 1 ShmemPmdMapped:        0 kB
Node 1 FileHugePages:        0 kB
Node 1 FilePmdMapped:        0 kB
Node 1 HugePages_Total:     0
Node 1 HugePages_Free:      0
Node 1 HugePages_Surp:      0

After Test
Node 0 MemTotal:       24743736 kB
Node 0 MemFree:        23619580 kB
Node 0 MemUsed:         1124156 kB
Node 0 Active:            55556 kB
Node 0 Inactive:          97572 kB
Node 0 Active(anon):      20320 kB
Node 0 Inactive(anon):      528 kB
Node 0 Active(file):      35236 kB
Node 0 Inactive(file):    97044 kB
Node 0 Unevictable:        1376 kB
Node 0 Mlocked:            1376 kB
Node 0 Dirty:                28 kB
Node 0 Writeback:             0 kB
Node 0 FilePages:        134312 kB
Node 0 Mapped:            14688 kB
Node 0 AnonPages:         20216 kB
Node 0 Shmem:               660 kB
Node 0 KernelStack:        3400 kB
Node 0 PageTables:          476 kB
Node 0 NFS_Unstable:          0 kB
Node 0 Bounce:                0 kB
Node 0 WritebackTmp:          0 kB
Node 0 KReclaimable:      23372 kB
Node 0 Slab:              63868 kB
Node 0 SReclaimable:      23372 kB
Node 0 SUnreclaim:        40496 kB
Node 0 AnonHugePages:         0 kB
Node 0 ShmemHugePages:        0 kB
Node 0 ShmemPmdMapped:        0 kB
Node 0 FileHugePages:        0 kB
Node 0 FilePmdMapped:        0 kB
Node 0 HugePages_Total:     0
Node 0 HugePages_Free:      0
Node 0 HugePages_Surp:      0

Node 1 MemTotal:       24686196 kB
Node 1 MemFree:        23172480 kB
Node 1 MemUsed:         1513716 kB
Node 1 Active:            43972 kB
Node 1 Inactive:         107972 kB
Node 1 Active(anon):      13220 kB
Node 1 Inactive(anon):      420 kB
Node 1 Active(file):      30752 kB
Node 1 Inactive(file):   107552 kB
Node 1 Unevictable:       17380 kB
Node 1 Mlocked:           17380 kB
Node 1 Dirty:               472 kB
Node 1 Writeback:             0 kB
Node 1 FilePages:        145732 kB
Node 1 Mapped:            43364 kB
Node 1 AnonPages:         23652 kB
Node 1 Shmem:               608 kB
Node 1 KernelStack:        1384 kB
Node 1 PageTables:          640 kB
Node 1 NFS_Unstable:          0 kB
Node 1 Bounce:                0 kB
Node 1 WritebackTmp:          0 kB
Node 1 KReclaimable:      20380 kB
Node 1 Slab:              65664 kB
Node 1 SReclaimable:      20380 kB
Node 1 SUnreclaim:        45284 kB
Node 1 AnonHugePages:         0 kB
Node 1 ShmemHugePages:        0 kB
Node 1 ShmemPmdMapped:        0 kB
Node 1 FileHugePages:        0 kB
Node 1 FilePmdMapped:        0 kB
Node 1 HugePages_Total:     0
Node 1 HugePages_Free:      0
Node 1 HugePages_Surp:      0

After Opposite Node
Node 0 MemTotal:       24743736 kB
Node 0 MemFree:        23615484 kB
Node 0 MemUsed:         1128252 kB
Node 0 Active:            56180 kB
Node 0 Inactive:          97520 kB
Node 0 Active(anon):      20880 kB
Node 0 Inactive(anon):      524 kB
Node 0 Active(file):      35300 kB
Node 0 Inactive(file):    96996 kB
Node 0 Unevictable:        1376 kB
Node 0 Mlocked:            1376 kB
Node 0 Dirty:                44 kB
Node 0 Writeback:             0 kB
Node 0 FilePages:        134328 kB
Node 0 Mapped:            14664 kB
Node 0 AnonPages:         20476 kB
Node 0 Shmem:               660 kB
Node 0 KernelStack:        3400 kB
Node 0 PageTables:          548 kB
Node 0 NFS_Unstable:          0 kB
Node 0 Bounce:                0 kB
Node 0 WritebackTmp:          0 kB
Node 0 KReclaimable:      23412 kB
Node 0 Slab:              63884 kB
Node 0 SReclaimable:      23412 kB
Node 0 SUnreclaim:        40472 kB
Node 0 AnonHugePages:         0 kB
Node 0 ShmemHugePages:        0 kB
Node 0 ShmemPmdMapped:        0 kB
Node 0 FileHugePages:        0 kB
Node 0 FilePmdMapped:        0 kB
Node 0 HugePages_Total:     0
Node 0 HugePages_Free:      0
Node 0 HugePages_Surp:      0

Node 1 MemTotal:       24686196 kB
Node 1 MemFree:        23173624 kB
Node 1 MemUsed:         1512572 kB
Node 1 Active:            43812 kB
Node 1 Inactive:         107748 kB
Node 1 Active(anon):      12836 kB
Node 1 Inactive(anon):      416 kB
Node 1 Active(file):      30976 kB
Node 1 Inactive(file):   107332 kB
Node 1 Unevictable:       17380 kB
Node 1 Mlocked:           17380 kB
Node 1 Dirty:               488 kB
Node 1 Writeback:             0 kB
Node 1 FilePages:        145736 kB
Node 1 Mapped:            43168 kB
Node 1 AnonPages:         23204 kB
Node 1 Shmem:               608 kB
Node 1 KernelStack:        1336 kB
Node 1 PageTables:          588 kB
Node 1 NFS_Unstable:          0 kB
Node 1 Bounce:                0 kB
Node 1 WritebackTmp:          0 kB
Node 1 KReclaimable:      20380 kB
Node 1 Slab:              65640 kB
Node 1 SReclaimable:      20380 kB
Node 1 SUnreclaim:        45260 kB
Node 1 AnonHugePages:         0 kB
Node 1 ShmemHugePages:        0 kB
Node 1 ShmemPmdMapped:        0 kB
Node 1 FileHugePages:        0 kB
Node 1 FilePmdMapped:        0 kB
Node 1 HugePages_Total:     0
Node 1 HugePages_Free:      0
Node 1 HugePages_Surp:      0

T.1.simpleread.2-1G.1.O.1M Complete!
