kernel.numa_balancing = 0
T.1.simpleread.250M.3.O.1M
Begin
Node 0 MemTotal:       24768352 kB
Node 0 MemFree:        24476748 kB
Node 0 MemUsed:          291604 kB
Node 0 Active:            51136 kB
Node 0 Inactive:          80524 kB
Node 0 Active(anon):      28504 kB
Node 0 Inactive(anon):      456 kB
Node 0 Active(file):      22632 kB
Node 0 Inactive(file):    80068 kB
Node 0 Unevictable:       13008 kB
Node 0 Mlocked:           13008 kB
Node 0 Dirty:               312 kB
Node 0 Writeback:             0 kB
Node 0 FilePages:        106028 kB
Node 0 Mapped:            39340 kB
Node 0 AnonPages:         38684 kB
Node 0 Shmem:               620 kB
Node 0 KernelStack:        2120 kB
Node 0 PageTables:          940 kB
Node 0 NFS_Unstable:          0 kB
Node 0 Bounce:                0 kB
Node 0 WritebackTmp:          0 kB
Node 0 KReclaimable:      24336 kB
Node 0 Slab:              65028 kB
Node 0 SReclaimable:      24336 kB
Node 0 SUnreclaim:        40692 kB
Node 0 AnonHugePages:         0 kB
Node 0 ShmemHugePages:        0 kB
Node 0 ShmemPmdMapped:        0 kB
Node 0 FileHugePages:        0 kB
Node 0 FilePmdMapped:        0 kB
Node 0 HugePages_Total:     0
Node 0 HugePages_Free:      0
Node 0 HugePages_Surp:      0

Node 1 MemTotal:       24661580 kB
Node 1 MemFree:        24327424 kB
Node 1 MemUsed:          334156 kB
Node 1 Active:            45272 kB
Node 1 Inactive:          23220 kB
Node 1 Active(anon):       5164 kB
Node 1 Inactive(anon):      416 kB
Node 1 Active(file):      40108 kB
Node 1 Inactive(file):    22804 kB
Node 1 Unevictable:        5516 kB
Node 1 Mlocked:            5516 kB
Node 1 Dirty:                 8 kB
Node 1 Writeback:             0 kB
Node 1 FilePages:         69100 kB
Node 1 Mapped:            19956 kB
Node 1 AnonPages:          4992 kB
Node 1 Shmem:               648 kB
Node 1 KernelStack:        1512 kB
Node 1 PageTables:          252 kB
Node 1 NFS_Unstable:          0 kB
Node 1 Bounce:                0 kB
Node 1 WritebackTmp:          0 kB
Node 1 KReclaimable:      17260 kB
Node 1 Slab:              40464 kB
Node 1 SReclaimable:      17260 kB
Node 1 SUnreclaim:        23204 kB
Node 1 AnonHugePages:         0 kB
Node 1 ShmemHugePages:        0 kB
Node 1 ShmemPmdMapped:        0 kB
Node 1 FileHugePages:        0 kB
Node 1 FilePmdMapped:        0 kB
Node 1 HugePages_Total:     0
Node 1 HugePages_Free:      0
Node 1 HugePages_Surp:      0

Load ZFS
Node 0 MemTotal:       24768352 kB
Node 0 MemFree:        24436980 kB
Node 0 MemUsed:          331372 kB
Node 0 Active:            65668 kB
Node 0 Inactive:         100636 kB
Node 0 Active(anon):      41204 kB
Node 0 Inactive(anon):      548 kB
Node 0 Active(file):      24464 kB
Node 0 Inactive(file):   100088 kB
Node 0 Unevictable:       13092 kB
Node 0 Mlocked:           13092 kB
Node 0 Dirty:               436 kB
Node 0 Writeback:             0 kB
Node 0 FilePages:        128016 kB
Node 0 Mapped:            42216 kB
Node 0 AnonPages:         51120 kB
Node 0 Shmem:               796 kB
Node 0 KernelStack:        2376 kB
Node 0 PageTables:         1624 kB
Node 0 NFS_Unstable:          0 kB
Node 0 Bounce:                0 kB
Node 0 WritebackTmp:          0 kB
Node 0 KReclaimable:      25000 kB
Node 0 Slab:              68136 kB
Node 0 SReclaimable:      25000 kB
Node 0 SUnreclaim:        43136 kB
Node 0 AnonHugePages:         0 kB
Node 0 ShmemHugePages:        0 kB
Node 0 ShmemPmdMapped:        0 kB
Node 0 FileHugePages:        0 kB
Node 0 FilePmdMapped:        0 kB
Node 0 HugePages_Total:     0
Node 0 HugePages_Free:      0
Node 0 HugePages_Surp:      0

Node 1 MemTotal:       24661580 kB
Node 1 MemFree:        24226356 kB
Node 1 MemUsed:          435224 kB
Node 1 Active:            57672 kB
Node 1 Inactive:         106152 kB
Node 1 Active(anon):      16780 kB
Node 1 Inactive(anon):      188 kB
Node 1 Active(file):      40892 kB
Node 1 Inactive(file):   105964 kB
Node 1 Unevictable:        5516 kB
Node 1 Mlocked:            5516 kB
Node 1 Dirty:                 8 kB
Node 1 Writeback:             0 kB
Node 1 FilePages:        152980 kB
Node 1 Mapped:            21540 kB
Node 1 AnonPages:         16144 kB
Node 1 Shmem:               464 kB
Node 1 KernelStack:        2068 kB
Node 1 PageTables:         1496 kB
Node 1 NFS_Unstable:          0 kB
Node 1 Bounce:                0 kB
Node 1 WritebackTmp:          0 kB
Node 1 KReclaimable:      17928 kB
Node 1 Slab:              44112 kB
Node 1 SReclaimable:      17928 kB
Node 1 SUnreclaim:        26184 kB
Node 1 AnonHugePages:         0 kB
Node 1 ShmemHugePages:        0 kB
Node 1 ShmemPmdMapped:        0 kB
Node 1 FileHugePages:        0 kB
Node 1 FilePmdMapped:        0 kB
Node 1 HugePages_Total:     0
Node 1 HugePages_Free:      0
Node 1 HugePages_Surp:      0

Import tank ZPool
Node 0 MemTotal:       24768352 kB
Node 0 MemFree:        24440504 kB
Node 0 MemUsed:          327848 kB
Node 0 Active:            54132 kB
Node 0 Inactive:         101760 kB
Node 0 Active(anon):      29148 kB
Node 0 Inactive(anon):      572 kB
Node 0 Active(file):      24984 kB
Node 0 Inactive(file):   101188 kB
Node 0 Unevictable:       13240 kB
Node 0 Mlocked:           13240 kB
Node 0 Dirty:               116 kB
Node 0 Writeback:             0 kB
Node 0 FilePages:        129572 kB
Node 0 Mapped:            39848 kB
Node 0 AnonPages:         39356 kB
Node 0 Shmem:               720 kB
Node 0 KernelStack:        2120 kB
Node 0 PageTables:         1056 kB
Node 0 NFS_Unstable:          0 kB
Node 0 Bounce:                0 kB
Node 0 WritebackTmp:          0 kB
Node 0 KReclaimable:      25164 kB
Node 0 Slab:              73144 kB
Node 0 SReclaimable:      25164 kB
Node 0 SUnreclaim:        47980 kB
Node 0 AnonHugePages:         0 kB
Node 0 ShmemHugePages:        0 kB
Node 0 ShmemPmdMapped:        0 kB
Node 0 FileHugePages:        0 kB
Node 0 FilePmdMapped:        0 kB
Node 0 HugePages_Total:     0
Node 0 HugePages_Free:      0
Node 0 HugePages_Surp:      0

Node 1 MemTotal:       24661580 kB
Node 1 MemFree:        24225768 kB
Node 1 MemUsed:          435812 kB
Node 1 Active:            45892 kB
Node 1 Inactive:         106188 kB
Node 1 Active(anon):       4844 kB
Node 1 Inactive(anon):      376 kB
Node 1 Active(file):      41048 kB
Node 1 Inactive(file):   105812 kB
Node 1 Unevictable:        5516 kB
Node 1 Mlocked:            5516 kB
Node 1 Dirty:                 0 kB
Node 1 Writeback:             0 kB
Node 1 FilePages:        152940 kB
Node 1 Mapped:            20364 kB
Node 1 AnonPages:          4388 kB
Node 1 Shmem:               548 kB
Node 1 KernelStack:        2572 kB
Node 1 PageTables:          380 kB
Node 1 NFS_Unstable:          0 kB
Node 1 Bounce:                0 kB
Node 1 WritebackTmp:          0 kB
Node 1 KReclaimable:      18208 kB
Node 1 Slab:              46512 kB
Node 1 SReclaimable:      18208 kB
Node 1 SUnreclaim:        28304 kB
Node 1 AnonHugePages:         0 kB
Node 1 ShmemHugePages:        0 kB
Node 1 ShmemPmdMapped:        0 kB
Node 1 FileHugePages:        0 kB
Node 1 FilePmdMapped:        0 kB
Node 1 HugePages_Total:     0
Node 1 HugePages_Free:      0
Node 1 HugePages_Surp:      0

After Test
Node 0 MemTotal:       24768352 kB
Node 0 MemFree:        24335112 kB
Node 0 MemUsed:          433240 kB
Node 0 Active:            54440 kB
Node 0 Inactive:         101356 kB
Node 0 Active(anon):      29020 kB
Node 0 Inactive(anon):      572 kB
Node 0 Active(file):      25420 kB
Node 0 Inactive(file):   100784 kB
Node 0 Unevictable:       13240 kB
Node 0 Mlocked:           13240 kB
Node 0 Dirty:               116 kB
Node 0 Writeback:             0 kB
Node 0 FilePages:        129604 kB
Node 0 Mapped:            39436 kB
Node 0 AnonPages:         39528 kB
Node 0 Shmem:               720 kB
Node 0 KernelStack:        2168 kB
Node 0 PageTables:          900 kB
Node 0 NFS_Unstable:          0 kB
Node 0 Bounce:                0 kB
Node 0 WritebackTmp:          0 kB
Node 0 KReclaimable:      25172 kB
Node 0 Slab:              72976 kB
Node 0 SReclaimable:      25172 kB
Node 0 SUnreclaim:        47804 kB
Node 0 AnonHugePages:         0 kB
Node 0 ShmemHugePages:        0 kB
Node 0 ShmemPmdMapped:        0 kB
Node 0 FileHugePages:        0 kB
Node 0 FilePmdMapped:        0 kB
Node 0 HugePages_Total:     0
Node 0 HugePages_Free:      0
Node 0 HugePages_Surp:      0

Node 1 MemTotal:       24661580 kB
Node 1 MemFree:        23798648 kB
Node 1 MemUsed:          862932 kB
Node 1 Active:            46692 kB
Node 1 Inactive:         106204 kB
Node 1 Active(anon):       5356 kB
Node 1 Inactive(anon):      376 kB
Node 1 Active(file):      41336 kB
Node 1 Inactive(file):   105828 kB
Node 1 Unevictable:        5516 kB
Node 1 Mlocked:            5516 kB
Node 1 Dirty:                 0 kB
Node 1 Writeback:             0 kB
Node 1 FilePages:        153232 kB
Node 1 Mapped:            19964 kB
Node 1 AnonPages:          5268 kB
Node 1 Shmem:               548 kB
Node 1 KernelStack:        2616 kB
Node 1 PageTables:          304 kB
Node 1 NFS_Unstable:          0 kB
Node 1 Bounce:                0 kB
Node 1 WritebackTmp:          0 kB
Node 1 KReclaimable:      18256 kB
Node 1 Slab:              49616 kB
Node 1 SReclaimable:      18256 kB
Node 1 SUnreclaim:        31360 kB
Node 1 AnonHugePages:         0 kB
Node 1 ShmemHugePages:        0 kB
Node 1 ShmemPmdMapped:        0 kB
Node 1 FileHugePages:        0 kB
Node 1 FilePmdMapped:        0 kB
Node 1 HugePages_Total:     0
Node 1 HugePages_Free:      0
Node 1 HugePages_Surp:      0

After Opposite Node
Node 0 MemTotal:       24768352 kB
Node 0 MemFree:        24334936 kB
Node 0 MemUsed:          433416 kB
Node 0 Active:            54904 kB
Node 0 Inactive:         101304 kB
Node 0 Active(anon):      29416 kB
Node 0 Inactive(anon):      568 kB
Node 0 Active(file):      25488 kB
Node 0 Inactive(file):   100736 kB
Node 0 Unevictable:       13240 kB
Node 0 Mlocked:           13240 kB
Node 0 Dirty:               128 kB
Node 0 Writeback:             0 kB
Node 0 FilePages:        129620 kB
Node 0 Mapped:            39504 kB
Node 0 AnonPages:         39984 kB
Node 0 Shmem:               720 kB
Node 0 KernelStack:        2248 kB
Node 0 PageTables:         1048 kB
Node 0 NFS_Unstable:          0 kB
Node 0 Bounce:                0 kB
Node 0 WritebackTmp:          0 kB
Node 0 KReclaimable:      25204 kB
Node 0 Slab:              73108 kB
Node 0 SReclaimable:      25204 kB
Node 0 SUnreclaim:        47904 kB
Node 0 AnonHugePages:         0 kB
Node 0 ShmemHugePages:        0 kB
Node 0 ShmemPmdMapped:        0 kB
Node 0 FileHugePages:        0 kB
Node 0 FilePmdMapped:        0 kB
Node 0 HugePages_Total:     0
Node 0 HugePages_Free:      0
Node 0 HugePages_Surp:      0

Node 1 MemTotal:       24661580 kB
Node 1 MemFree:        23798648 kB
Node 1 MemUsed:          862932 kB
Node 1 Active:            46524 kB
Node 1 Inactive:         106200 kB
Node 1 Active(anon):       5184 kB
Node 1 Inactive(anon):      372 kB
Node 1 Active(file):      41340 kB
Node 1 Inactive(file):   105828 kB
Node 1 Unevictable:        5516 kB
Node 1 Mlocked:            5516 kB
Node 1 Dirty:                 0 kB
Node 1 Writeback:             0 kB
Node 1 FilePages:        153232 kB
Node 1 Mapped:            19956 kB
Node 1 AnonPages:          5016 kB
Node 1 Shmem:               548 kB
Node 1 KernelStack:        2584 kB
Node 1 PageTables:          256 kB
Node 1 NFS_Unstable:          0 kB
Node 1 Bounce:                0 kB
Node 1 WritebackTmp:          0 kB
Node 1 KReclaimable:      18256 kB
Node 1 Slab:              49616 kB
Node 1 SReclaimable:      18256 kB
Node 1 SUnreclaim:        31360 kB
Node 1 AnonHugePages:         0 kB
Node 1 ShmemHugePages:        0 kB
Node 1 ShmemPmdMapped:        0 kB
Node 1 FileHugePages:        0 kB
Node 1 FilePmdMapped:        0 kB
Node 1 HugePages_Total:     0
Node 1 HugePages_Free:      0
Node 1 HugePages_Surp:      0

T.1.simpleread.250M.3.O.1M Complete!
