kernel.numa_balancing = 0
T.1.simpleread.8G.2.O.1M
Begin
Node 0 MemTotal:       24768352 kB
Node 0 MemFree:        24414216 kB
Node 0 MemUsed:          354136 kB
Node 0 Active:            43704 kB
Node 0 Inactive:          25956 kB
Node 0 Active(anon):      15296 kB
Node 0 Inactive(anon):      372 kB
Node 0 Active(file):      28408 kB
Node 0 Inactive(file):    25584 kB
Node 0 Unevictable:          96 kB
Node 0 Mlocked:              96 kB
Node 0 Dirty:               276 kB
Node 0 Writeback:             0 kB
Node 0 FilePages:         54660 kB
Node 0 Mapped:            16528 kB
Node 0 AnonPages:         15184 kB
Node 0 Shmem:               572 kB
Node 0 KernelStack:        2312 kB
Node 0 PageTables:          560 kB
Node 0 NFS_Unstable:          0 kB
Node 0 Bounce:                0 kB
Node 0 WritebackTmp:          0 kB
Node 0 KReclaimable:      23324 kB
Node 0 Slab:              60040 kB
Node 0 SReclaimable:      23324 kB
Node 0 SUnreclaim:        36716 kB
Node 0 AnonHugePages:         0 kB
Node 0 ShmemHugePages:        0 kB
Node 0 ShmemPmdMapped:        0 kB
Node 0 FileHugePages:        0 kB
Node 0 FilePmdMapped:        0 kB
Node 0 HugePages_Total:     0
Node 0 HugePages_Free:      0
Node 0 HugePages_Surp:      0

Node 1 MemTotal:       24661580 kB
Node 1 MemFree:        24407684 kB
Node 1 MemUsed:          253896 kB
Node 1 Active:            50500 kB
Node 1 Inactive:          59864 kB
Node 1 Active(anon):      18420 kB
Node 1 Inactive(anon):      512 kB
Node 1 Active(file):      32080 kB
Node 1 Inactive(file):    59352 kB
Node 1 Unevictable:       18428 kB
Node 1 Mlocked:           18428 kB
Node 1 Dirty:               236 kB
Node 1 Writeback:             0 kB
Node 1 FilePages:        100400 kB
Node 1 Mapped:            27804 kB
Node 1 AnonPages:         28604 kB
Node 1 Shmem:               696 kB
Node 1 KernelStack:        1368 kB
Node 1 PageTables:          560 kB
Node 1 NFS_Unstable:          0 kB
Node 1 Bounce:                0 kB
Node 1 WritebackTmp:          0 kB
Node 1 KReclaimable:      17812 kB
Node 1 Slab:              44872 kB
Node 1 SReclaimable:      17812 kB
Node 1 SUnreclaim:        27060 kB
Node 1 AnonHugePages:         0 kB
Node 1 ShmemHugePages:        0 kB
Node 1 ShmemPmdMapped:        0 kB
Node 1 FileHugePages:        0 kB
Node 1 FilePmdMapped:        0 kB
Node 1 HugePages_Total:     0
Node 1 HugePages_Free:      0
Node 1 HugePages_Surp:      0

Load ZFS
Node 0 MemTotal:       24768352 kB
Node 0 MemFree:        24309056 kB
Node 0 MemUsed:          459296 kB
Node 0 Active:            57636 kB
Node 0 Inactive:         109152 kB
Node 0 Active(anon):      28856 kB
Node 0 Inactive(anon):      348 kB
Node 0 Active(file):      28780 kB
Node 0 Inactive(file):   108804 kB
Node 0 Unevictable:          96 kB
Node 0 Mlocked:              96 kB
Node 0 Dirty:                16 kB
Node 0 Writeback:             0 kB
Node 0 FilePages:        138376 kB
Node 0 Mapped:            18220 kB
Node 0 AnonPages:         28516 kB
Node 0 Shmem:               676 kB
Node 0 KernelStack:        2800 kB
Node 0 PageTables:         2512 kB
Node 0 NFS_Unstable:          0 kB
Node 0 Bounce:                0 kB
Node 0 WritebackTmp:          0 kB
Node 0 KReclaimable:      24220 kB
Node 0 Slab:              64088 kB
Node 0 SReclaimable:      24220 kB
Node 0 SUnreclaim:        39868 kB
Node 0 AnonHugePages:         0 kB
Node 0 ShmemHugePages:        0 kB
Node 0 ShmemPmdMapped:        0 kB
Node 0 FileHugePages:        0 kB
Node 0 FilePmdMapped:        0 kB
Node 0 HugePages_Total:     0
Node 0 HugePages_Free:      0
Node 0 HugePages_Surp:      0

Node 1 MemTotal:       24661580 kB
Node 1 MemFree:        24368484 kB
Node 1 MemUsed:          293096 kB
Node 1 Active:            65400 kB
Node 1 Inactive:          79512 kB
Node 1 Active(anon):      31048 kB
Node 1 Inactive(anon):      268 kB
Node 1 Active(file):      34352 kB
Node 1 Inactive(file):    79244 kB
Node 1 Unevictable:       18428 kB
Node 1 Mlocked:           18428 kB
Node 1 Dirty:               236 kB
Node 1 Writeback:             0 kB
Node 1 FilePages:        122716 kB
Node 1 Mapped:            30464 kB
Node 1 AnonPages:         41320 kB
Node 1 Shmem:               592 kB
Node 1 KernelStack:        1500 kB
Node 1 PageTables:          664 kB
Node 1 NFS_Unstable:          0 kB
Node 1 Bounce:                0 kB
Node 1 WritebackTmp:          0 kB
Node 1 KReclaimable:      18596 kB
Node 1 Slab:              47956 kB
Node 1 SReclaimable:      18596 kB
Node 1 SUnreclaim:        29360 kB
Node 1 AnonHugePages:         0 kB
Node 1 ShmemHugePages:        0 kB
Node 1 ShmemPmdMapped:        0 kB
Node 1 FileHugePages:        0 kB
Node 1 FilePmdMapped:        0 kB
Node 1 HugePages_Total:     0
Node 1 HugePages_Free:      0
Node 1 HugePages_Surp:      0

Import tank ZPool
Node 0 MemTotal:       24768352 kB
Node 0 MemFree:        24309788 kB
Node 0 MemUsed:          458564 kB
Node 0 Active:            44196 kB
Node 0 Inactive:         109236 kB
Node 0 Active(anon):      15340 kB
Node 0 Inactive(anon):      484 kB
Node 0 Active(file):      28856 kB
Node 0 Inactive(file):   108752 kB
Node 0 Unevictable:          96 kB
Node 0 Mlocked:              96 kB
Node 0 Dirty:                28 kB
Node 0 Writeback:             0 kB
Node 0 FilePages:        138360 kB
Node 0 Mapped:            16816 kB
Node 0 AnonPages:         15032 kB
Node 0 Shmem:               656 kB
Node 0 KernelStack:        3480 kB
Node 0 PageTables:          836 kB
Node 0 NFS_Unstable:          0 kB
Node 0 Bounce:                0 kB
Node 0 WritebackTmp:          0 kB
Node 0 KReclaimable:      24260 kB
Node 0 Slab:              66320 kB
Node 0 SReclaimable:      24260 kB
Node 0 SUnreclaim:        42060 kB
Node 0 AnonHugePages:         0 kB
Node 0 ShmemHugePages:        0 kB
Node 0 ShmemPmdMapped:        0 kB
Node 0 FileHugePages:        0 kB
Node 0 FilePmdMapped:        0 kB
Node 0 HugePages_Total:     0
Node 0 HugePages_Free:      0
Node 0 HugePages_Surp:      0

Node 1 MemTotal:       24661580 kB
Node 1 MemFree:        24372724 kB
Node 1 MemUsed:          288856 kB
Node 1 Active:            54188 kB
Node 1 Inactive:          80584 kB
Node 1 Active(anon):      19068 kB
Node 1 Inactive(anon):      464 kB
Node 1 Active(file):      35120 kB
Node 1 Inactive(file):    80120 kB
Node 1 Unevictable:       18660 kB
Node 1 Mlocked:           18660 kB
Node 1 Dirty:               464 kB
Node 1 Writeback:             0 kB
Node 1 FilePages:        123964 kB
Node 1 Mapped:            28200 kB
Node 1 AnonPages:         29264 kB
Node 1 Shmem:               612 kB
Node 1 KernelStack:        1400 kB
Node 1 PageTables:          704 kB
Node 1 NFS_Unstable:          0 kB
Node 1 Bounce:                0 kB
Node 1 WritebackTmp:          0 kB
Node 1 KReclaimable:      18792 kB
Node 1 Slab:              52672 kB
Node 1 SReclaimable:      18792 kB
Node 1 SUnreclaim:        33880 kB
Node 1 AnonHugePages:         0 kB
Node 1 ShmemHugePages:        0 kB
Node 1 ShmemPmdMapped:        0 kB
Node 1 FileHugePages:        0 kB
Node 1 FilePmdMapped:        0 kB
Node 1 HugePages_Total:     0
Node 1 HugePages_Free:      0
Node 1 HugePages_Surp:      0

After Test
Node 0 MemTotal:       24768352 kB
Node 0 MemFree:        23786708 kB
Node 0 MemUsed:          981644 kB
Node 0 Active:            43628 kB
Node 0 Inactive:         109228 kB
Node 0 Active(anon):      14772 kB
Node 0 Inactive(anon):      476 kB
Node 0 Active(file):      28856 kB
Node 0 Inactive(file):   108752 kB
Node 0 Unevictable:          96 kB
Node 0 Mlocked:              96 kB
Node 0 Dirty:                 8 kB
Node 0 Writeback:             0 kB
Node 0 FilePages:        138360 kB
Node 0 Mapped:            16532 kB
Node 0 AnonPages:         14596 kB
Node 0 Shmem:               656 kB
Node 0 KernelStack:        3368 kB
Node 0 PageTables:          484 kB
Node 0 NFS_Unstable:          0 kB
Node 0 Bounce:                0 kB
Node 0 WritebackTmp:          0 kB
Node 0 KReclaimable:      24300 kB
Node 0 Slab:              68520 kB
Node 0 SReclaimable:      24300 kB
Node 0 SUnreclaim:        44220 kB
Node 0 AnonHugePages:         0 kB
Node 0 ShmemHugePages:        0 kB
Node 0 ShmemPmdMapped:        0 kB
Node 0 FileHugePages:        0 kB
Node 0 FilePmdMapped:        0 kB
Node 0 HugePages_Total:     0
Node 0 HugePages_Free:      0
Node 0 HugePages_Surp:      0

Node 1 MemTotal:       24661580 kB
Node 1 MemFree:        15656508 kB
Node 1 MemUsed:         9005072 kB
Node 1 Active:            55204 kB
Node 1 Inactive:          80164 kB
Node 1 Active(anon):      19136 kB
Node 1 Inactive(anon):      464 kB
Node 1 Active(file):      36068 kB
Node 1 Inactive(file):    79700 kB
Node 1 Unevictable:       18660 kB
Node 1 Mlocked:           18660 kB
Node 1 Dirty:               100 kB
Node 1 Writeback:             0 kB
Node 1 FilePages:        124476 kB
Node 1 Mapped:            28076 kB
Node 1 AnonPages:         29596 kB
Node 1 Shmem:               612 kB
Node 1 KernelStack:        1288 kB
Node 1 PageTables:          600 kB
Node 1 NFS_Unstable:          0 kB
Node 1 Bounce:                0 kB
Node 1 WritebackTmp:          0 kB
Node 1 KReclaimable:      19012 kB
Node 1 Slab:              84176 kB
Node 1 SReclaimable:      19012 kB
Node 1 SUnreclaim:        65164 kB
Node 1 AnonHugePages:         0 kB
Node 1 ShmemHugePages:        0 kB
Node 1 ShmemPmdMapped:        0 kB
Node 1 FileHugePages:        0 kB
Node 1 FilePmdMapped:        0 kB
Node 1 HugePages_Total:     0
Node 1 HugePages_Free:      0
Node 1 HugePages_Surp:      0

After Opposite Node
Node 0 MemTotal:       24768352 kB
Node 0 MemFree:        23786880 kB
Node 0 MemUsed:          981472 kB
Node 0 Active:            44064 kB
Node 0 Inactive:         109232 kB
Node 0 Active(anon):      15204 kB
Node 0 Inactive(anon):      476 kB
Node 0 Active(file):      28860 kB
Node 0 Inactive(file):   108756 kB
Node 0 Unevictable:          96 kB
Node 0 Mlocked:              96 kB
Node 0 Dirty:                16 kB
Node 0 Writeback:             0 kB
Node 0 FilePages:        138368 kB
Node 0 Mapped:            16560 kB
Node 0 AnonPages:         15044 kB
Node 0 Shmem:               656 kB
Node 0 KernelStack:        3368 kB
Node 0 PageTables:          536 kB
Node 0 NFS_Unstable:          0 kB
Node 0 Bounce:                0 kB
Node 0 WritebackTmp:          0 kB
Node 0 KReclaimable:      24336 kB
Node 0 Slab:              68632 kB
Node 0 SReclaimable:      24336 kB
Node 0 SUnreclaim:        44296 kB
Node 0 AnonHugePages:         0 kB
Node 0 ShmemHugePages:        0 kB
Node 0 ShmemPmdMapped:        0 kB
Node 0 FileHugePages:        0 kB
Node 0 FilePmdMapped:        0 kB
Node 0 HugePages_Total:     0
Node 0 HugePages_Free:      0
Node 0 HugePages_Surp:      0

Node 1 MemTotal:       24661580 kB
Node 1 MemFree:        15656456 kB
Node 1 MemUsed:         9005124 kB
Node 1 Active:            55060 kB
Node 1 Inactive:          79928 kB
Node 1 Active(anon):      18736 kB
Node 1 Inactive(anon):      464 kB
Node 1 Active(file):      36324 kB
Node 1 Inactive(file):    79464 kB
Node 1 Unevictable:       18660 kB
Node 1 Mlocked:           18660 kB
Node 1 Dirty:               132 kB
Node 1 Writeback:             0 kB
Node 1 FilePages:        124496 kB
Node 1 Mapped:            28064 kB
Node 1 AnonPages:         29148 kB
Node 1 Shmem:               612 kB
Node 1 KernelStack:        1288 kB
Node 1 PageTables:          552 kB
Node 1 NFS_Unstable:          0 kB
Node 1 Bounce:                0 kB
Node 1 WritebackTmp:          0 kB
Node 1 KReclaimable:      19028 kB
Node 1 Slab:              84344 kB
Node 1 SReclaimable:      19028 kB
Node 1 SUnreclaim:        65316 kB
Node 1 AnonHugePages:         0 kB
Node 1 ShmemHugePages:        0 kB
Node 1 ShmemPmdMapped:        0 kB
Node 1 FileHugePages:        0 kB
Node 1 FilePmdMapped:        0 kB
Node 1 HugePages_Total:     0
Node 1 HugePages_Free:      0
Node 1 HugePages_Surp:      0

T.1.simpleread.8G.2.O.1M Complete!
