U.0.fio.8G.1.O
Begin
Node 0 MemTotal:       24743736 kB
Node 0 MemFree:        24296408 kB
Node 0 MemUsed:          447328 kB
Node 0 Active:            59716 kB
Node 0 Inactive:          82636 kB
Node 0 Active(anon):      20088 kB
Node 0 Inactive(anon):      424 kB
Node 0 Active(file):      39628 kB
Node 0 Inactive(file):    82212 kB
Node 0 Unevictable:       13300 kB
Node 0 Mlocked:           13300 kB
Node 0 Dirty:               424 kB
Node 0 Writeback:             0 kB
Node 0 FilePages:        125468 kB
Node 0 Mapped:            41748 kB
Node 0 AnonPages:         30288 kB
Node 0 Shmem:               620 kB
Node 0 KernelStack:        2184 kB
Node 0 PageTables:          816 kB
Node 0 NFS_Unstable:          0 kB
Node 0 Bounce:                0 kB
Node 0 WritebackTmp:          0 kB
Node 0 KReclaimable:      27296 kB
Node 0 Slab:              68244 kB
Node 0 SReclaimable:      27296 kB
Node 0 SUnreclaim:        40948 kB
Node 0 AnonHugePages:         0 kB
Node 0 ShmemHugePages:        0 kB
Node 0 ShmemPmdMapped:        0 kB
Node 0 FileHugePages:        0 kB
Node 0 FilePmdMapped:        0 kB
Node 0 HugePages_Total:     0
Node 0 HugePages_Free:      0
Node 0 HugePages_Surp:      0

Node 1 MemTotal:       24686196 kB
Node 1 MemFree:        24513128 kB
Node 1 MemUsed:          173068 kB
Node 1 Active:            36908 kB
Node 1 Inactive:          18648 kB
Node 1 Active(anon):      14420 kB
Node 1 Inactive(anon):      452 kB
Node 1 Active(file):      22488 kB
Node 1 Inactive(file):    18196 kB
Node 1 Unevictable:        5220 kB
Node 1 Mlocked:            5220 kB
Node 1 Dirty:                12 kB
Node 1 Writeback:             0 kB
Node 1 FilePages:         46576 kB
Node 1 Mapped:            17108 kB
Node 1 AnonPages:         14236 kB
Node 1 Shmem:               648 kB
Node 1 KernelStack:        1448 kB
Node 1 PageTables:          364 kB
Node 1 NFS_Unstable:          0 kB
Node 1 Bounce:                0 kB
Node 1 WritebackTmp:          0 kB
Node 1 KReclaimable:      13924 kB
Node 1 Slab:              36000 kB
Node 1 SReclaimable:      13924 kB
Node 1 SUnreclaim:        22076 kB
Node 1 AnonHugePages:         0 kB
Node 1 ShmemHugePages:        0 kB
Node 1 ShmemPmdMapped:        0 kB
Node 1 FileHugePages:        0 kB
Node 1 FilePmdMapped:        0 kB
Node 1 HugePages_Total:     0
Node 1 HugePages_Free:      0
Node 1 HugePages_Surp:      0

Load ZFS
Node 0 MemTotal:       24743736 kB
Node 0 MemFree:        24288388 kB
Node 0 MemUsed:          455348 kB
Node 0 Active:            70168 kB
Node 0 Inactive:          78192 kB
Node 0 Active(anon):      24132 kB
Node 0 Inactive(anon):      424 kB
Node 0 Active(file):      46036 kB
Node 0 Inactive(file):    77768 kB
Node 0 Unevictable:       13300 kB
Node 0 Mlocked:           13300 kB
Node 0 Dirty:               484 kB
Node 0 Writeback:             0 kB
Node 0 FilePages:        127396 kB
Node 0 Mapped:            41952 kB
Node 0 AnonPages:         34200 kB
Node 0 Shmem:               620 kB
Node 0 KernelStack:        2344 kB
Node 0 PageTables:         1228 kB
Node 0 NFS_Unstable:          0 kB
Node 0 Bounce:                0 kB
Node 0 WritebackTmp:          0 kB
Node 0 KReclaimable:      27752 kB
Node 0 Slab:              69892 kB
Node 0 SReclaimable:      27752 kB
Node 0 SUnreclaim:        42140 kB
Node 0 AnonHugePages:         0 kB
Node 0 ShmemHugePages:        0 kB
Node 0 ShmemPmdMapped:        0 kB
Node 0 FileHugePages:        0 kB
Node 0 FilePmdMapped:        0 kB
Node 0 HugePages_Total:     0
Node 0 HugePages_Free:      0
Node 0 HugePages_Surp:      0

Node 1 MemTotal:       24686196 kB
Node 1 MemFree:        24509068 kB
Node 1 MemUsed:          177128 kB
Node 1 Active:            39268 kB
Node 1 Inactive:          18988 kB
Node 1 Active(anon):      16504 kB
Node 1 Inactive(anon):      452 kB
Node 1 Active(file):      22764 kB
Node 1 Inactive(file):    18536 kB
Node 1 Unevictable:        5220 kB
Node 1 Mlocked:            5220 kB
Node 1 Dirty:                12 kB
Node 1 Writeback:             0 kB
Node 1 FilePages:         47168 kB
Node 1 Mapped:            17108 kB
Node 1 AnonPages:         16436 kB
Node 1 Shmem:               648 kB
Node 1 KernelStack:        1416 kB
Node 1 PageTables:          364 kB
Node 1 NFS_Unstable:          0 kB
Node 1 Bounce:                0 kB
Node 1 WritebackTmp:          0 kB
Node 1 KReclaimable:      14332 kB
Node 1 Slab:              37996 kB
Node 1 SReclaimable:      14332 kB
Node 1 SUnreclaim:        23664 kB
Node 1 AnonHugePages:         0 kB
Node 1 ShmemHugePages:        0 kB
Node 1 ShmemPmdMapped:        0 kB
Node 1 FileHugePages:        0 kB
Node 1 FilePmdMapped:        0 kB
Node 1 HugePages_Total:     0
Node 1 HugePages_Free:      0
Node 1 HugePages_Surp:      0

Import tank ZPool
Node 0 MemTotal:       24743736 kB
Node 0 MemFree:        24276636 kB
Node 0 MemUsed:          467100 kB
Node 0 Active:            70900 kB
Node 0 Inactive:          79304 kB
Node 0 Active(anon):      24524 kB
Node 0 Inactive(anon):      428 kB
Node 0 Active(file):      46376 kB
Node 0 Inactive(file):    78876 kB
Node 0 Unevictable:       13300 kB
Node 0 Mlocked:           13300 kB
Node 0 Dirty:               280 kB
Node 0 Writeback:             0 kB
Node 0 FilePages:        128848 kB
Node 0 Mapped:            42048 kB
Node 0 AnonPages:         34484 kB
Node 0 Shmem:               620 kB
Node 0 KernelStack:        2712 kB
Node 0 PageTables:         1292 kB
Node 0 NFS_Unstable:          0 kB
Node 0 Bounce:                0 kB
Node 0 WritebackTmp:          0 kB
Node 0 KReclaimable:      27900 kB
Node 0 Slab:              75372 kB
Node 0 SReclaimable:      27900 kB
Node 0 SUnreclaim:        47472 kB
Node 0 AnonHugePages:         0 kB
Node 0 ShmemHugePages:        0 kB
Node 0 ShmemPmdMapped:        0 kB
Node 0 FileHugePages:        0 kB
Node 0 FilePmdMapped:        0 kB
Node 0 HugePages_Total:     0
Node 0 HugePages_Free:      0
Node 0 HugePages_Surp:      0

Node 1 MemTotal:       24686196 kB
Node 1 MemFree:        24496260 kB
Node 1 MemUsed:          189936 kB
Node 1 Active:            39372 kB
Node 1 Inactive:          18992 kB
Node 1 Active(anon):      16584 kB
Node 1 Inactive(anon):      452 kB
Node 1 Active(file):      22788 kB
Node 1 Inactive(file):    18540 kB
Node 1 Unevictable:        5220 kB
Node 1 Mlocked:            5220 kB
Node 1 Dirty:                16 kB
Node 1 Writeback:             0 kB
Node 1 FilePages:         47220 kB
Node 1 Mapped:            17348 kB
Node 1 AnonPages:         16436 kB
Node 1 Shmem:               648 kB
Node 1 KernelStack:        2216 kB
Node 1 PageTables:          364 kB
Node 1 NFS_Unstable:          0 kB
Node 1 Bounce:                0 kB
Node 1 WritebackTmp:          0 kB
Node 1 KReclaimable:      14364 kB
Node 1 Slab:              40372 kB
Node 1 SReclaimable:      14364 kB
Node 1 SUnreclaim:        26008 kB
Node 1 AnonHugePages:         0 kB
Node 1 ShmemHugePages:        0 kB
Node 1 ShmemPmdMapped:        0 kB
Node 1 FileHugePages:        0 kB
Node 1 FilePmdMapped:        0 kB
Node 1 HugePages_Total:     0
Node 1 HugePages_Free:      0
Node 1 HugePages_Surp:      0

After Test
Node 0 MemTotal:       24743736 kB
Node 0 MemFree:        15203708 kB
Node 0 MemUsed:         9540028 kB
Node 0 Active:            66432 kB
Node 0 Inactive:          80332 kB
Node 0 Active(anon):      18996 kB
Node 0 Inactive(anon):      468 kB
Node 0 Active(file):      47436 kB
Node 0 Inactive(file):    79864 kB
Node 0 Unevictable:       13300 kB
Node 0 Mlocked:           13300 kB
Node 0 Dirty:                56 kB
Node 0 Writeback:             0 kB
Node 0 FilePages:        130940 kB
Node 0 Mapped:            42044 kB
Node 0 AnonPages:         29068 kB
Node 0 Shmem:               668 kB
Node 0 KernelStack:        2440 kB
Node 0 PageTables:          900 kB
Node 0 NFS_Unstable:          0 kB
Node 0 Bounce:                0 kB
Node 0 WritebackTmp:          0 kB
Node 0 KReclaimable:      29288 kB
Node 0 Slab:             109440 kB
Node 0 SReclaimable:      29288 kB
Node 0 SUnreclaim:        80152 kB
Node 0 AnonHugePages:         0 kB
Node 0 ShmemHugePages:        0 kB
Node 0 ShmemPmdMapped:        0 kB
Node 0 FileHugePages:        0 kB
Node 0 FilePmdMapped:        0 kB
Node 0 HugePages_Total:     0
Node 0 HugePages_Free:      0
Node 0 HugePages_Surp:      0

Node 1 MemTotal:       24686196 kB
Node 1 MemFree:        24331220 kB
Node 1 MemUsed:          354976 kB
Node 1 Active:            36928 kB
Node 1 Inactive:          18944 kB
Node 1 Active(anon):      13984 kB
Node 1 Inactive(anon):      448 kB
Node 1 Active(file):      22944 kB
Node 1 Inactive(file):    18496 kB
Node 1 Unevictable:        5220 kB
Node 1 Mlocked:            5220 kB
Node 1 Dirty:                 0 kB
Node 1 Writeback:             0 kB
Node 1 FilePages:         47312 kB
Node 1 Mapped:            17108 kB
Node 1 AnonPages:         13792 kB
Node 1 Shmem:               644 kB
Node 1 KernelStack:        2216 kB
Node 1 PageTables:          364 kB
Node 1 NFS_Unstable:          0 kB
Node 1 Bounce:                0 kB
Node 1 WritebackTmp:          0 kB
Node 1 KReclaimable:      14504 kB
Node 1 Slab:              41344 kB
Node 1 SReclaimable:      14504 kB
Node 1 SUnreclaim:        26840 kB
Node 1 AnonHugePages:         0 kB
Node 1 ShmemHugePages:        0 kB
Node 1 ShmemPmdMapped:        0 kB
Node 1 FileHugePages:        0 kB
Node 1 FilePmdMapped:        0 kB
Node 1 HugePages_Total:     0
Node 1 HugePages_Free:      0
Node 1 HugePages_Surp:      0

After Opposite Node
Node 0 MemTotal:       24743736 kB
Node 0 MemFree:        15207948 kB
Node 0 MemUsed:         9535788 kB
Node 0 Active:            66476 kB
Node 0 Inactive:          80088 kB
Node 0 Active(anon):      18812 kB
Node 0 Inactive(anon):      432 kB
Node 0 Active(file):      47664 kB
Node 0 Inactive(file):    79656 kB
Node 0 Unevictable:       13300 kB
Node 0 Mlocked:           13300 kB
Node 0 Dirty:                64 kB
Node 0 Writeback:             0 kB
Node 0 FilePages:        130916 kB
Node 0 Mapped:            42012 kB
Node 0 AnonPages:         28944 kB
Node 0 Shmem:               624 kB
Node 0 KernelStack:        2392 kB
Node 0 PageTables:          720 kB
Node 0 NFS_Unstable:          0 kB
Node 0 Bounce:                0 kB
Node 0 WritebackTmp:          0 kB
Node 0 KReclaimable:      29292 kB
Node 0 Slab:             109196 kB
Node 0 SReclaimable:      29292 kB
Node 0 SUnreclaim:        79904 kB
Node 0 AnonHugePages:         0 kB
Node 0 ShmemHugePages:        0 kB
Node 0 ShmemPmdMapped:        0 kB
Node 0 FileHugePages:        0 kB
Node 0 FilePmdMapped:        0 kB
Node 0 HugePages_Total:     0
Node 0 HugePages_Free:      0
Node 0 HugePages_Surp:      0

Node 1 MemTotal:       24686196 kB
Node 1 MemFree:        24330448 kB
Node 1 MemUsed:          355748 kB
Node 1 Active:            37200 kB
Node 1 Inactive:          19000 kB
Node 1 Active(anon):      14216 kB
Node 1 Inactive(anon):      492 kB
Node 1 Active(file):      22984 kB
Node 1 Inactive(file):    18508 kB
Node 1 Unevictable:        5220 kB
Node 1 Mlocked:            5220 kB
Node 1 Dirty:                16 kB
Node 1 Writeback:             0 kB
Node 1 FilePages:         47412 kB
Node 1 Mapped:            17152 kB
Node 1 AnonPages:         13928 kB
Node 1 Shmem:               688 kB
Node 1 KernelStack:        2264 kB
Node 1 PageTables:          536 kB
Node 1 NFS_Unstable:          0 kB
Node 1 Bounce:                0 kB
Node 1 WritebackTmp:          0 kB
Node 1 KReclaimable:      14620 kB
Node 1 Slab:              42968 kB
Node 1 SReclaimable:      14620 kB
Node 1 SUnreclaim:        28348 kB
Node 1 AnonHugePages:         0 kB
Node 1 ShmemHugePages:        0 kB
Node 1 ShmemPmdMapped:        0 kB
Node 1 FileHugePages:        0 kB
Node 1 FilePmdMapped:        0 kB
Node 1 HugePages_Total:     0
Node 1 HugePages_Free:      0
Node 1 HugePages_Surp:      0

U.0.fio.8G.1.O Complete!
