U.0.fio.500M.2.O
Begin
Node 0 MemTotal:       24743736 kB
Node 0 MemFree:        24516072 kB
Node 0 MemUsed:          227664 kB
Node 0 Active:            40596 kB
Node 0 Inactive:          22984 kB
Node 0 Active(anon):      22772 kB
Node 0 Inactive(anon):      512 kB
Node 0 Active(file):      17824 kB
Node 0 Inactive(file):    22472 kB
Node 0 Unevictable:       13884 kB
Node 0 Mlocked:           13884 kB
Node 0 Dirty:               272 kB
Node 0 Writeback:             0 kB
Node 0 FilePages:         44740 kB
Node 0 Mapped:            14128 kB
Node 0 AnonPages:         32916 kB
Node 0 Shmem:               732 kB
Node 0 KernelStack:        2296 kB
Node 0 PageTables:          532 kB
Node 0 NFS_Unstable:          0 kB
Node 0 Bounce:                0 kB
Node 0 WritebackTmp:          0 kB
Node 0 KReclaimable:      23196 kB
Node 0 Slab:              61844 kB
Node 0 SReclaimable:      23196 kB
Node 0 SUnreclaim:        38648 kB
Node 0 AnonHugePages:         0 kB
Node 0 ShmemHugePages:        0 kB
Node 0 ShmemPmdMapped:        0 kB
Node 0 FileHugePages:        0 kB
Node 0 FilePmdMapped:        0 kB
Node 0 HugePages_Total:     0
Node 0 HugePages_Free:      0
Node 0 HugePages_Surp:      0

Node 1 MemTotal:       24686196 kB
Node 1 MemFree:        24248080 kB
Node 1 MemUsed:          438116 kB
Node 1 Active:            58304 kB
Node 1 Inactive:         117496 kB
Node 1 Active(anon):      11628 kB
Node 1 Inactive(anon):      344 kB
Node 1 Active(file):      46676 kB
Node 1 Inactive(file):   117152 kB
Node 1 Unevictable:        4636 kB
Node 1 Mlocked:            4636 kB
Node 1 Dirty:               140 kB
Node 1 Writeback:             0 kB
Node 1 FilePages:        169000 kB
Node 1 Mapped:            72112 kB
Node 1 AnonPages:         11580 kB
Node 1 Shmem:               536 kB
Node 1 KernelStack:        1368 kB
Node 1 PageTables:          732 kB
Node 1 NFS_Unstable:          0 kB
Node 1 Bounce:                0 kB
Node 1 WritebackTmp:          0 kB
Node 1 KReclaimable:      18464 kB
Node 1 Slab:              44640 kB
Node 1 SReclaimable:      18464 kB
Node 1 SUnreclaim:        26176 kB
Node 1 AnonHugePages:         0 kB
Node 1 ShmemHugePages:        0 kB
Node 1 ShmemPmdMapped:        0 kB
Node 1 FileHugePages:        0 kB
Node 1 FilePmdMapped:        0 kB
Node 1 HugePages_Total:     0
Node 1 HugePages_Free:      0
Node 1 HugePages_Surp:      0

Load ZFS
Node 0 MemTotal:       24743736 kB
Node 0 MemFree:        24377308 kB
Node 0 MemUsed:          366428 kB
Node 0 Active:            41628 kB
Node 0 Inactive:          23492 kB
Node 0 Active(anon):      22848 kB
Node 0 Inactive(anon):      512 kB
Node 0 Active(file):      18780 kB
Node 0 Inactive(file):    22980 kB
Node 0 Unevictable:       13884 kB
Node 0 Mlocked:           13884 kB
Node 0 Dirty:                44 kB
Node 0 Writeback:             0 kB
Node 0 FilePages:         46048 kB
Node 0 Mapped:            14288 kB
Node 0 AnonPages:         32868 kB
Node 0 Shmem:               732 kB
Node 0 KernelStack:        2312 kB
Node 0 PageTables:          580 kB
Node 0 NFS_Unstable:          0 kB
Node 0 Bounce:                0 kB
Node 0 WritebackTmp:          0 kB
Node 0 KReclaimable:      23660 kB
Node 0 Slab:              64000 kB
Node 0 SReclaimable:      23660 kB
Node 0 SUnreclaim:        40340 kB
Node 0 AnonHugePages:         0 kB
Node 0 ShmemHugePages:        0 kB
Node 0 ShmemPmdMapped:        0 kB
Node 0 FileHugePages:        0 kB
Node 0 FilePmdMapped:        0 kB
Node 0 HugePages_Total:     0
Node 0 HugePages_Free:      0
Node 0 HugePages_Surp:      0

Node 1 MemTotal:       24686196 kB
Node 1 MemFree:        24378116 kB
Node 1 MemUsed:          308080 kB
Node 1 Active:            66816 kB
Node 1 Inactive:         113076 kB
Node 1 Active(anon):      14500 kB
Node 1 Inactive(anon):      344 kB
Node 1 Active(file):      52316 kB
Node 1 Inactive(file):   112732 kB
Node 1 Unevictable:        4636 kB
Node 1 Mlocked:            4636 kB
Node 1 Dirty:               240 kB
Node 1 Writeback:             0 kB
Node 1 FilePages:        170220 kB
Node 1 Mapped:            72112 kB
Node 1 AnonPages:         14408 kB
Node 1 Shmem:               536 kB
Node 1 KernelStack:        1432 kB
Node 1 PageTables:          876 kB
Node 1 NFS_Unstable:          0 kB
Node 1 Bounce:                0 kB
Node 1 WritebackTmp:          0 kB
Node 1 KReclaimable:      18928 kB
Node 1 Slab:              46532 kB
Node 1 SReclaimable:      18928 kB
Node 1 SUnreclaim:        27604 kB
Node 1 AnonHugePages:         0 kB
Node 1 ShmemHugePages:        0 kB
Node 1 ShmemPmdMapped:        0 kB
Node 1 FileHugePages:        0 kB
Node 1 FilePmdMapped:        0 kB
Node 1 HugePages_Total:     0
Node 1 HugePages_Free:      0
Node 1 HugePages_Surp:      0

Import tank ZPool
Node 0 MemTotal:       24743736 kB
Node 0 MemFree:        24362512 kB
Node 0 MemUsed:          381224 kB
Node 0 Active:            41672 kB
Node 0 Inactive:          23968 kB
Node 0 Active(anon):      22888 kB
Node 0 Inactive(anon):      512 kB
Node 0 Active(file):      18784 kB
Node 0 Inactive(file):    23456 kB
Node 0 Unevictable:       13884 kB
Node 0 Mlocked:           13884 kB
Node 0 Dirty:                48 kB
Node 0 Writeback:             0 kB
Node 0 FilePages:         46576 kB
Node 0 Mapped:            14164 kB
Node 0 AnonPages:         32996 kB
Node 0 Shmem:               728 kB
Node 0 KernelStack:        3400 kB
Node 0 PageTables:          564 kB
Node 0 NFS_Unstable:          0 kB
Node 0 Bounce:                0 kB
Node 0 WritebackTmp:          0 kB
Node 0 KReclaimable:      23660 kB
Node 0 Slab:              66560 kB
Node 0 SReclaimable:      23660 kB
Node 0 SUnreclaim:        42900 kB
Node 0 AnonHugePages:         0 kB
Node 0 ShmemHugePages:        0 kB
Node 0 ShmemPmdMapped:        0 kB
Node 0 FileHugePages:        0 kB
Node 0 FilePmdMapped:        0 kB
Node 0 HugePages_Total:     0
Node 0 HugePages_Free:      0
Node 0 HugePages_Surp:      0

Node 1 MemTotal:       24686196 kB
Node 1 MemFree:        24373064 kB
Node 1 MemUsed:          313132 kB
Node 1 Active:            67680 kB
Node 1 Inactive:         113668 kB
Node 1 Active(anon):      14988 kB
Node 1 Inactive(anon):      348 kB
Node 1 Active(file):      52692 kB
Node 1 Inactive(file):   113320 kB
Node 1 Unevictable:        4636 kB
Node 1 Mlocked:            4636 kB
Node 1 Dirty:               152 kB
Node 1 Writeback:             0 kB
Node 1 FilePages:        171244 kB
Node 1 Mapped:            72284 kB
Node 1 AnonPages:         14576 kB
Node 1 Shmem:               540 kB
Node 1 KernelStack:        1464 kB
Node 1 PageTables:          944 kB
Node 1 NFS_Unstable:          0 kB
Node 1 Bounce:                0 kB
Node 1 WritebackTmp:          0 kB
Node 1 KReclaimable:      19084 kB
Node 1 Slab:              51064 kB
Node 1 SReclaimable:      19084 kB
Node 1 SUnreclaim:        31980 kB
Node 1 AnonHugePages:         0 kB
Node 1 ShmemHugePages:        0 kB
Node 1 ShmemPmdMapped:        0 kB
Node 1 FileHugePages:        0 kB
Node 1 FilePmdMapped:        0 kB
Node 1 HugePages_Total:     0
Node 1 HugePages_Free:      0
Node 1 HugePages_Surp:      0

After Test
Node 0 MemTotal:       24743736 kB
Node 0 MemFree:        23416244 kB
Node 0 MemUsed:         1327492 kB
Node 0 Active:            42832 kB
Node 0 Inactive:          25100 kB
Node 0 Active(anon):      23004 kB
Node 0 Inactive(anon):      536 kB
Node 0 Active(file):      19828 kB
Node 0 Inactive(file):    24564 kB
Node 0 Unevictable:       13884 kB
Node 0 Mlocked:           13884 kB
Node 0 Dirty:                76 kB
Node 0 Writeback:             0 kB
Node 0 FilePages:         48720 kB
Node 0 Mapped:            14416 kB
Node 0 AnonPages:         33004 kB
Node 0 Shmem:               772 kB
Node 0 KernelStack:        3416 kB
Node 0 PageTables:          668 kB
Node 0 NFS_Unstable:          0 kB
Node 0 Bounce:                0 kB
Node 0 WritebackTmp:          0 kB
Node 0 KReclaimable:      24948 kB
Node 0 Slab:              73704 kB
Node 0 SReclaimable:      24948 kB
Node 0 SUnreclaim:        48756 kB
Node 0 AnonHugePages:         0 kB
Node 0 ShmemHugePages:        0 kB
Node 0 ShmemPmdMapped:        0 kB
Node 0 FileHugePages:        0 kB
Node 0 FilePmdMapped:        0 kB
Node 0 HugePages_Total:     0
Node 0 HugePages_Free:      0
Node 0 HugePages_Surp:      0

Node 1 MemTotal:       24686196 kB
Node 1 MemFree:        24257904 kB
Node 1 MemUsed:          428292 kB
Node 1 Active:            62960 kB
Node 1 Inactive:         113496 kB
Node 1 Active(anon):      10028 kB
Node 1 Inactive(anon):      348 kB
Node 1 Active(file):      52932 kB
Node 1 Inactive(file):   113148 kB
Node 1 Unevictable:        4636 kB
Node 1 Mlocked:            4636 kB
Node 1 Dirty:               152 kB
Node 1 Writeback:             0 kB
Node 1 FilePages:        171256 kB
Node 1 Mapped:            72112 kB
Node 1 AnonPages:          9836 kB
Node 1 Shmem:               540 kB
Node 1 KernelStack:        1352 kB
Node 1 PageTables:          624 kB
Node 1 NFS_Unstable:          0 kB
Node 1 Bounce:                0 kB
Node 1 WritebackTmp:          0 kB
Node 1 KReclaimable:      19084 kB
Node 1 Slab:              51384 kB
Node 1 SReclaimable:      19084 kB
Node 1 SUnreclaim:        32300 kB
Node 1 AnonHugePages:         0 kB
Node 1 ShmemHugePages:        0 kB
Node 1 ShmemPmdMapped:        0 kB
Node 1 FileHugePages:        0 kB
Node 1 FilePmdMapped:        0 kB
Node 1 HugePages_Total:     0
Node 1 HugePages_Free:      0
Node 1 HugePages_Surp:      0

After Opposite Node
Node 0 MemTotal:       24743736 kB
Node 0 MemFree:        23416364 kB
Node 0 MemUsed:         1327372 kB
Node 0 Active:            42888 kB
Node 0 Inactive:          24892 kB
Node 0 Active(anon):      22856 kB
Node 0 Inactive(anon):      512 kB
Node 0 Active(file):      20032 kB
Node 0 Inactive(file):    24380 kB
Node 0 Unevictable:       13884 kB
Node 0 Mlocked:           13884 kB
Node 0 Dirty:                36 kB
Node 0 Writeback:             0 kB
Node 0 FilePages:         48696 kB
Node 0 Mapped:            14344 kB
Node 0 AnonPages:         32964 kB
Node 0 Shmem:               728 kB
Node 0 KernelStack:        3400 kB
Node 0 PageTables:          552 kB
Node 0 NFS_Unstable:          0 kB
Node 0 Bounce:                0 kB
Node 0 WritebackTmp:          0 kB
Node 0 KReclaimable:      24948 kB
Node 0 Slab:              73636 kB
Node 0 SReclaimable:      24948 kB
Node 0 SUnreclaim:        48688 kB
Node 0 AnonHugePages:         0 kB
Node 0 ShmemHugePages:        0 kB
Node 0 ShmemPmdMapped:        0 kB
Node 0 FileHugePages:        0 kB
Node 0 FilePmdMapped:        0 kB
Node 0 HugePages_Total:     0
Node 0 HugePages_Free:      0
Node 0 HugePages_Surp:      0

Node 1 MemTotal:       24686196 kB
Node 1 MemFree:        24258396 kB
Node 1 MemUsed:          427800 kB
Node 1 Active:            63164 kB
Node 1 Inactive:         113540 kB
Node 1 Active(anon):      10228 kB
Node 1 Inactive(anon):      384 kB
Node 1 Active(file):      52936 kB
Node 1 Inactive(file):   113156 kB
Node 1 Unevictable:        4636 kB
Node 1 Mlocked:            4636 kB
Node 1 Dirty:                80 kB
Node 1 Writeback:             0 kB
Node 1 FilePages:        171312 kB
Node 1 Mapped:            72156 kB
Node 1 AnonPages:          9892 kB
Node 1 Shmem:               584 kB
Node 1 KernelStack:        1368 kB
Node 1 PageTables:          736 kB
Node 1 NFS_Unstable:          0 kB
Node 1 Bounce:                0 kB
Node 1 WritebackTmp:          0 kB
Node 1 KReclaimable:      19116 kB
Node 1 Slab:              51648 kB
Node 1 SReclaimable:      19116 kB
Node 1 SUnreclaim:        32532 kB
Node 1 AnonHugePages:         0 kB
Node 1 ShmemHugePages:        0 kB
Node 1 ShmemPmdMapped:        0 kB
Node 1 FileHugePages:        0 kB
Node 1 FilePmdMapped:        0 kB
Node 1 HugePages_Total:     0
Node 1 HugePages_Free:      0
Node 1 HugePages_Surp:      0

U.0.fio.500M.2.O Complete!
