U.0.fio.4G.3.O
Begin
Node 0 MemTotal:       24743736 kB
Node 0 MemFree:        24461596 kB
Node 0 MemUsed:          282140 kB
Node 0 Active:            48224 kB
Node 0 Inactive:          73500 kB
Node 0 Active(anon):      24924 kB
Node 0 Inactive(anon):      436 kB
Node 0 Active(file):      23300 kB
Node 0 Inactive(file):    73064 kB
Node 0 Unevictable:       17228 kB
Node 0 Mlocked:           17228 kB
Node 0 Dirty:               180 kB
Node 0 Writeback:             0 kB
Node 0 FilePages:        103960 kB
Node 0 Mapped:            49512 kB
Node 0 AnonPages:         35148 kB
Node 0 Shmem:               640 kB
Node 0 KernelStack:        2152 kB
Node 0 PageTables:          644 kB
Node 0 NFS_Unstable:          0 kB
Node 0 Bounce:                0 kB
Node 0 WritebackTmp:          0 kB
Node 0 KReclaimable:      17060 kB
Node 0 Slab:              55156 kB
Node 0 SReclaimable:      17060 kB
Node 0 SUnreclaim:        38096 kB
Node 0 AnonHugePages:         0 kB
Node 0 ShmemHugePages:        0 kB
Node 0 ShmemPmdMapped:        0 kB
Node 0 FileHugePages:        0 kB
Node 0 FilePmdMapped:        0 kB
Node 0 HugePages_Total:     0
Node 0 HugePages_Free:      0
Node 0 HugePages_Surp:      0

Node 1 MemTotal:       24686196 kB
Node 1 MemFree:        24313264 kB
Node 1 MemUsed:          372932 kB
Node 1 Active:            48684 kB
Node 1 Inactive:          57952 kB
Node 1 Active(anon):       8952 kB
Node 1 Inactive(anon):      432 kB
Node 1 Active(file):      39732 kB
Node 1 Inactive(file):    57520 kB
Node 1 Unevictable:        1296 kB
Node 1 Mlocked:            1296 kB
Node 1 Dirty:               332 kB
Node 1 Writeback:             0 kB
Node 1 FilePages:         99184 kB
Node 1 Mapped:            35212 kB
Node 1 AnonPages:          8780 kB
Node 1 Shmem:               628 kB
Node 1 KernelStack:        1480 kB
Node 1 PageTables:          592 kB
Node 1 NFS_Unstable:          0 kB
Node 1 Bounce:                0 kB
Node 1 WritebackTmp:          0 kB
Node 1 KReclaimable:      24704 kB
Node 1 Slab:              50720 kB
Node 1 SReclaimable:      24704 kB
Node 1 SUnreclaim:        26016 kB
Node 1 AnonHugePages:         0 kB
Node 1 ShmemHugePages:        0 kB
Node 1 ShmemPmdMapped:        0 kB
Node 1 FileHugePages:        0 kB
Node 1 FilePmdMapped:        0 kB
Node 1 HugePages_Total:     0
Node 1 HugePages_Free:      0
Node 1 HugePages_Surp:      0

Load ZFS
Node 0 MemTotal:       24743736 kB
Node 0 MemFree:        24454512 kB
Node 0 MemUsed:          289224 kB
Node 0 Active:            52828 kB
Node 0 Inactive:          74032 kB
Node 0 Active(anon):      28544 kB
Node 0 Inactive(anon):      436 kB
Node 0 Active(file):      24284 kB
Node 0 Inactive(file):    73596 kB
Node 0 Unevictable:       17228 kB
Node 0 Mlocked:           17228 kB
Node 0 Dirty:               212 kB
Node 0 Writeback:             0 kB
Node 0 FilePages:        105416 kB
Node 0 Mapped:            49496 kB
Node 0 AnonPages:         38676 kB
Node 0 Shmem:               640 kB
Node 0 KernelStack:        2200 kB
Node 0 PageTables:          916 kB
Node 0 NFS_Unstable:          0 kB
Node 0 Bounce:                0 kB
Node 0 WritebackTmp:          0 kB
Node 0 KReclaimable:      17516 kB
Node 0 Slab:              57176 kB
Node 0 SReclaimable:      17516 kB
Node 0 SUnreclaim:        39660 kB
Node 0 AnonHugePages:         0 kB
Node 0 ShmemHugePages:        0 kB
Node 0 ShmemPmdMapped:        0 kB
Node 0 FileHugePages:        0 kB
Node 0 FilePmdMapped:        0 kB
Node 0 HugePages_Total:     0
Node 0 HugePages_Free:      0
Node 0 HugePages_Surp:      0

Node 1 MemTotal:       24686196 kB
Node 1 MemFree:        24311864 kB
Node 1 MemUsed:          374332 kB
Node 1 Active:            54680 kB
Node 1 Inactive:          53492 kB
Node 1 Active(anon):       9372 kB
Node 1 Inactive(anon):      432 kB
Node 1 Active(file):      45308 kB
Node 1 Inactive(file):    53060 kB
Node 1 Unevictable:        1296 kB
Node 1 Mlocked:            1296 kB
Node 1 Dirty:               132 kB
Node 1 Writeback:             0 kB
Node 1 FilePages:        100292 kB
Node 1 Mapped:            35332 kB
Node 1 AnonPages:          9228 kB
Node 1 Shmem:               628 kB
Node 1 KernelStack:        1528 kB
Node 1 PageTables:          564 kB
Node 1 NFS_Unstable:          0 kB
Node 1 Bounce:                0 kB
Node 1 WritebackTmp:          0 kB
Node 1 KReclaimable:      25124 kB
Node 1 Slab:              52584 kB
Node 1 SReclaimable:      25124 kB
Node 1 SUnreclaim:        27460 kB
Node 1 AnonHugePages:         0 kB
Node 1 ShmemHugePages:        0 kB
Node 1 ShmemPmdMapped:        0 kB
Node 1 FileHugePages:        0 kB
Node 1 FilePmdMapped:        0 kB
Node 1 HugePages_Total:     0
Node 1 HugePages_Free:      0
Node 1 HugePages_Surp:      0

Import tank ZPool
Node 0 MemTotal:       24743736 kB
Node 0 MemFree:        24448456 kB
Node 0 MemUsed:          295280 kB
Node 0 Active:            53292 kB
Node 0 Inactive:          75160 kB
Node 0 Active(anon):      28684 kB
Node 0 Inactive(anon):      440 kB
Node 0 Active(file):      24608 kB
Node 0 Inactive(file):    74720 kB
Node 0 Unevictable:       17228 kB
Node 0 Mlocked:           17228 kB
Node 0 Dirty:               136 kB
Node 0 Writeback:             0 kB
Node 0 FilePages:        106864 kB
Node 0 Mapped:            49648 kB
Node 0 AnonPages:         38888 kB
Node 0 Shmem:               640 kB
Node 0 KernelStack:        2280 kB
Node 0 PageTables:          936 kB
Node 0 NFS_Unstable:          0 kB
Node 0 Bounce:                0 kB
Node 0 WritebackTmp:          0 kB
Node 0 KReclaimable:      17640 kB
Node 0 Slab:              62000 kB
Node 0 SReclaimable:      17640 kB
Node 0 SUnreclaim:        44360 kB
Node 0 AnonHugePages:         0 kB
Node 0 ShmemHugePages:        0 kB
Node 0 ShmemPmdMapped:        0 kB
Node 0 FileHugePages:        0 kB
Node 0 FilePmdMapped:        0 kB
Node 0 HugePages_Total:     0
Node 0 HugePages_Free:      0
Node 0 HugePages_Surp:      0

Node 1 MemTotal:       24686196 kB
Node 1 MemFree:        24297776 kB
Node 1 MemUsed:          388420 kB
Node 1 Active:            55012 kB
Node 1 Inactive:          53544 kB
Node 1 Active(anon):       9680 kB
Node 1 Inactive(anon):      432 kB
Node 1 Active(file):      45332 kB
Node 1 Inactive(file):    53112 kB
Node 1 Unevictable:        1296 kB
Node 1 Mlocked:            1296 kB
Node 1 Dirty:               156 kB
Node 1 Writeback:             0 kB
Node 1 FilePages:        100400 kB
Node 1 Mapped:            35224 kB
Node 1 AnonPages:          9264 kB
Node 1 Shmem:               628 kB
Node 1 KernelStack:        2552 kB
Node 1 PageTables:          580 kB
Node 1 NFS_Unstable:          0 kB
Node 1 Bounce:                0 kB
Node 1 WritebackTmp:          0 kB
Node 1 KReclaimable:      25160 kB
Node 1 Slab:              55264 kB
Node 1 SReclaimable:      25160 kB
Node 1 SUnreclaim:        30104 kB
Node 1 AnonHugePages:         0 kB
Node 1 ShmemHugePages:        0 kB
Node 1 ShmemPmdMapped:        0 kB
Node 1 FileHugePages:        0 kB
Node 1 FilePmdMapped:        0 kB
Node 1 HugePages_Total:     0
Node 1 HugePages_Free:      0
Node 1 HugePages_Surp:      0

After Test
Node 0 MemTotal:       24743736 kB
Node 0 MemFree:        20304916 kB
Node 0 MemUsed:         4438820 kB
Node 0 Active:            50012 kB
Node 0 Inactive:          76148 kB
Node 0 Active(anon):      24260 kB
Node 0 Inactive(anon):      472 kB
Node 0 Active(file):      25752 kB
Node 0 Inactive(file):    75676 kB
Node 0 Unevictable:       17228 kB
Node 0 Mlocked:           17228 kB
Node 0 Dirty:                40 kB
Node 0 Writeback:             0 kB
Node 0 FilePages:        109004 kB
Node 0 Mapped:            49496 kB
Node 0 AnonPages:         34340 kB
Node 0 Shmem:               680 kB
Node 0 KernelStack:        2168 kB
Node 0 PageTables:          788 kB
Node 0 NFS_Unstable:          0 kB
Node 0 Bounce:                0 kB
Node 0 WritebackTmp:          0 kB
Node 0 KReclaimable:      18936 kB
Node 0 Slab:              81208 kB
Node 0 SReclaimable:      18936 kB
Node 0 SUnreclaim:        62272 kB
Node 0 AnonHugePages:         0 kB
Node 0 ShmemHugePages:        0 kB
Node 0 ShmemPmdMapped:        0 kB
Node 0 FileHugePages:        0 kB
Node 0 FilePmdMapped:        0 kB
Node 0 HugePages_Total:     0
Node 0 HugePages_Free:      0
Node 0 HugePages_Surp:      0

Node 1 MemTotal:       24686196 kB
Node 1 MemFree:        23399500 kB
Node 1 MemUsed:         1286696 kB
Node 1 Active:            54136 kB
Node 1 Inactive:          53516 kB
Node 1 Active(anon):       8692 kB
Node 1 Inactive(anon):      436 kB
Node 1 Active(file):      45444 kB
Node 1 Inactive(file):    53080 kB
Node 1 Unevictable:        1296 kB
Node 1 Mlocked:            1296 kB
Node 1 Dirty:                20 kB
Node 1 Writeback:             0 kB
Node 1 FilePages:        100460 kB
Node 1 Mapped:            35172 kB
Node 1 AnonPages:          8496 kB
Node 1 Shmem:               632 kB
Node 1 KernelStack:        2440 kB
Node 1 PageTables:          564 kB
Node 1 NFS_Unstable:          0 kB
Node 1 Bounce:                0 kB
Node 1 WritebackTmp:          0 kB
Node 1 KReclaimable:      25256 kB
Node 1 Slab:              58704 kB
Node 1 SReclaimable:      25256 kB
Node 1 SUnreclaim:        33448 kB
Node 1 AnonHugePages:         0 kB
Node 1 ShmemHugePages:        0 kB
Node 1 ShmemPmdMapped:        0 kB
Node 1 FileHugePages:        0 kB
Node 1 FilePmdMapped:        0 kB
Node 1 HugePages_Total:     0
Node 1 HugePages_Free:      0
Node 1 HugePages_Surp:      0

After Opposite Node
Node 0 MemTotal:       24743736 kB
Node 0 MemFree:        20307216 kB
Node 0 MemUsed:         4436520 kB
Node 0 Active:            50064 kB
Node 0 Inactive:          75916 kB
Node 0 Active(anon):      24088 kB
Node 0 Inactive(anon):      436 kB
Node 0 Active(file):      25976 kB
Node 0 Inactive(file):    75480 kB
Node 0 Unevictable:       17228 kB
Node 0 Mlocked:           17228 kB
Node 0 Dirty:                60 kB
Node 0 Writeback:             0 kB
Node 0 FilePages:        108996 kB
Node 0 Mapped:            49724 kB
Node 0 AnonPages:         34216 kB
Node 0 Shmem:               636 kB
Node 0 KernelStack:        2120 kB
Node 0 PageTables:          600 kB
Node 0 NFS_Unstable:          0 kB
Node 0 Bounce:                0 kB
Node 0 WritebackTmp:          0 kB
Node 0 KReclaimable:      18968 kB
Node 0 Slab:              80568 kB
Node 0 SReclaimable:      18968 kB
Node 0 SUnreclaim:        61600 kB
Node 0 AnonHugePages:         0 kB
Node 0 ShmemHugePages:        0 kB
Node 0 ShmemPmdMapped:        0 kB
Node 0 FileHugePages:        0 kB
Node 0 FilePmdMapped:        0 kB
Node 0 HugePages_Total:     0
Node 0 HugePages_Free:      0
Node 0 HugePages_Surp:      0

Node 1 MemTotal:       24686196 kB
Node 1 MemFree:        23402908 kB
Node 1 MemUsed:         1283288 kB
Node 1 Active:            54312 kB
Node 1 Inactive:          53548 kB
Node 1 Active(anon):       8856 kB
Node 1 Inactive(anon):      460 kB
Node 1 Active(file):      45456 kB
Node 1 Inactive(file):    53088 kB
Node 1 Unevictable:        1296 kB
Node 1 Mlocked:            1296 kB
Node 1 Dirty:                32 kB
Node 1 Writeback:             0 kB
Node 1 FilePages:        100516 kB
Node 1 Mapped:            35216 kB
Node 1 AnonPages:          8560 kB
Node 1 Shmem:               676 kB
Node 1 KernelStack:        2472 kB
Node 1 PageTables:          680 kB
Node 1 NFS_Unstable:          0 kB
Node 1 Bounce:                0 kB
Node 1 WritebackTmp:          0 kB
Node 1 KReclaimable:      25340 kB
Node 1 Slab:              60076 kB
Node 1 SReclaimable:      25340 kB
Node 1 SUnreclaim:        34736 kB
Node 1 AnonHugePages:         0 kB
Node 1 ShmemHugePages:        0 kB
Node 1 ShmemPmdMapped:        0 kB
Node 1 FileHugePages:        0 kB
Node 1 FilePmdMapped:        0 kB
Node 1 HugePages_Total:     0
Node 1 HugePages_Free:      0
Node 1 HugePages_Surp:      0

U.0.fio.4G.3.O Complete!
