U.0.fio.1-128K.3.O
Begin
Node 0 MemTotal:       24768352 kB
Node 0 MemFree:        24511620 kB
Node 0 MemUsed:          256732 kB
Node 0 Active:            42160 kB
Node 0 Inactive:          62048 kB
Node 0 Active(anon):      14544 kB
Node 0 Inactive(anon):      436 kB
Node 0 Active(file):      27616 kB
Node 0 Inactive(file):    61612 kB
Node 0 Unevictable:        5376 kB
Node 0 Mlocked:            5376 kB
Node 0 Dirty:               160 kB
Node 0 Writeback:             0 kB
Node 0 FilePages:         95324 kB
Node 0 Mapped:            54632 kB
Node 0 AnonPages:         14388 kB
Node 0 Shmem:               676 kB
Node 0 KernelStack:        2104 kB
Node 0 PageTables:          604 kB
Node 0 NFS_Unstable:          0 kB
Node 0 Bounce:                0 kB
Node 0 WritebackTmp:          0 kB
Node 0 KReclaimable:      21044 kB
Node 0 Slab:              61340 kB
Node 0 SReclaimable:      21044 kB
Node 0 SUnreclaim:        40296 kB
Node 0 AnonHugePages:         0 kB
Node 0 ShmemHugePages:        0 kB
Node 0 ShmemPmdMapped:        0 kB
Node 0 FileHugePages:        0 kB
Node 0 FilePmdMapped:        0 kB
Node 0 HugePages_Total:     0
Node 0 HugePages_Free:      0
Node 0 HugePages_Surp:      0

Node 1 MemTotal:       24661580 kB
Node 1 MemFree:        24279036 kB
Node 1 MemUsed:          382544 kB
Node 1 Active:            53660 kB
Node 1 Inactive:          56432 kB
Node 1 Active(anon):      19156 kB
Node 1 Inactive(anon):      436 kB
Node 1 Active(file):      34504 kB
Node 1 Inactive(file):    55996 kB
Node 1 Unevictable:       13144 kB
Node 1 Mlocked:           13144 kB
Node 1 Dirty:                32 kB
Node 1 Writeback:             0 kB
Node 1 FilePages:         93912 kB
Node 1 Mapped:            16740 kB
Node 1 AnonPages:         29356 kB
Node 1 Shmem:               592 kB
Node 1 KernelStack:        1528 kB
Node 1 PageTables:          524 kB
Node 1 NFS_Unstable:          0 kB
Node 1 Bounce:                0 kB
Node 1 WritebackTmp:          0 kB
Node 1 KReclaimable:      20564 kB
Node 1 Slab:              44704 kB
Node 1 SReclaimable:      20564 kB
Node 1 SUnreclaim:        24140 kB
Node 1 AnonHugePages:         0 kB
Node 1 ShmemHugePages:        0 kB
Node 1 ShmemPmdMapped:        0 kB
Node 1 FileHugePages:        0 kB
Node 1 FilePmdMapped:        0 kB
Node 1 HugePages_Total:     0
Node 1 HugePages_Free:      0
Node 1 HugePages_Surp:      0

Load ZFS
Node 0 MemTotal:       24768352 kB
Node 0 MemFree:        24366556 kB
Node 0 MemUsed:          401796 kB
Node 0 Active:            45392 kB
Node 0 Inactive:          62712 kB
Node 0 Active(anon):      16700 kB
Node 0 Inactive(anon):      436 kB
Node 0 Active(file):      28692 kB
Node 0 Inactive(file):    62276 kB
Node 0 Unevictable:        5376 kB
Node 0 Mlocked:            5376 kB
Node 0 Dirty:               184 kB
Node 0 Writeback:             0 kB
Node 0 FilePages:         97016 kB
Node 0 Mapped:            54692 kB
Node 0 AnonPages:         16432 kB
Node 0 Shmem:               676 kB
Node 0 KernelStack:        2296 kB
Node 0 PageTables:          816 kB
Node 0 NFS_Unstable:          0 kB
Node 0 Bounce:                0 kB
Node 0 WritebackTmp:          0 kB
Node 0 KReclaimable:      21564 kB
Node 0 Slab:              63352 kB
Node 0 SReclaimable:      21564 kB
Node 0 SUnreclaim:        41788 kB
Node 0 AnonHugePages:         0 kB
Node 0 ShmemHugePages:        0 kB
Node 0 ShmemPmdMapped:        0 kB
Node 0 FileHugePages:        0 kB
Node 0 FilePmdMapped:        0 kB
Node 0 HugePages_Total:     0
Node 0 HugePages_Free:      0
Node 0 HugePages_Surp:      0

Node 1 MemTotal:       24661580 kB
Node 1 MemFree:        24411376 kB
Node 1 MemUsed:          250204 kB
Node 1 Active:            63276 kB
Node 1 Inactive:          51796 kB
Node 1 Active(anon):      23300 kB
Node 1 Inactive(anon):      436 kB
Node 1 Active(file):      39976 kB
Node 1 Inactive(file):    51360 kB
Node 1 Unevictable:       13144 kB
Node 1 Mlocked:           13144 kB
Node 1 Dirty:                36 kB
Node 1 Writeback:             0 kB
Node 1 FilePages:         94748 kB
Node 1 Mapped:            16880 kB
Node 1 AnonPages:         33560 kB
Node 1 Shmem:               592 kB
Node 1 KernelStack:        1496 kB
Node 1 PageTables:          776 kB
Node 1 NFS_Unstable:          0 kB
Node 1 Bounce:                0 kB
Node 1 WritebackTmp:          0 kB
Node 1 KReclaimable:      21000 kB
Node 1 Slab:              46120 kB
Node 1 SReclaimable:      21000 kB
Node 1 SUnreclaim:        25120 kB
Node 1 AnonHugePages:         0 kB
Node 1 ShmemHugePages:        0 kB
Node 1 ShmemPmdMapped:        0 kB
Node 1 FileHugePages:        0 kB
Node 1 FilePmdMapped:        0 kB
Node 1 HugePages_Total:     0
Node 1 HugePages_Free:      0
Node 1 HugePages_Surp:      0

Import tank ZPool
Node 0 MemTotal:       24768352 kB
Node 0 MemFree:        24350440 kB
Node 0 MemUsed:          417912 kB
Node 0 Active:            42632 kB
Node 0 Inactive:          63856 kB
Node 0 Active(anon):      13604 kB
Node 0 Inactive(anon):      440 kB
Node 0 Active(file):      29028 kB
Node 0 Inactive(file):    63416 kB
Node 0 Unevictable:        5376 kB
Node 0 Mlocked:            5376 kB
Node 0 Dirty:               220 kB
Node 0 Writeback:             4 kB
Node 0 FilePages:         98492 kB
Node 0 Mapped:            54732 kB
Node 0 AnonPages:         13872 kB
Node 0 Shmem:               676 kB
Node 0 KernelStack:        3432 kB
Node 0 PageTables:          792 kB
Node 0 NFS_Unstable:          0 kB
Node 0 Bounce:                0 kB
Node 0 WritebackTmp:          0 kB
Node 0 KReclaimable:      21688 kB
Node 0 Slab:              70060 kB
Node 0 SReclaimable:      21688 kB
Node 0 SUnreclaim:        48372 kB
Node 0 AnonHugePages:         0 kB
Node 0 ShmemHugePages:        0 kB
Node 0 ShmemPmdMapped:        0 kB
Node 0 FileHugePages:        0 kB
Node 0 FilePmdMapped:        0 kB
Node 0 HugePages_Total:     0
Node 0 HugePages_Free:      0
Node 0 HugePages_Surp:      0

Node 1 MemTotal:       24661580 kB
Node 1 MemFree:        24413336 kB
Node 1 MemUsed:          248244 kB
Node 1 Active:            60008 kB
Node 1 Inactive:          51692 kB
Node 1 Active(anon):      19928 kB
Node 1 Inactive(anon):      436 kB
Node 1 Active(file):      40080 kB
Node 1 Inactive(file):    51256 kB
Node 1 Unevictable:       13144 kB
Node 1 Mlocked:           13144 kB
Node 1 Dirty:                36 kB
Node 1 Writeback:             0 kB
Node 1 FilePages:         94748 kB
Node 1 Mapped:            16720 kB
Node 1 AnonPages:         30828 kB
Node 1 Shmem:               592 kB
Node 1 KernelStack:        1448 kB
Node 1 PageTables:          656 kB
Node 1 NFS_Unstable:          0 kB
Node 1 Bounce:                0 kB
Node 1 WritebackTmp:          0 kB
Node 1 KReclaimable:      21000 kB
Node 1 Slab:              46244 kB
Node 1 SReclaimable:      21000 kB
Node 1 SUnreclaim:        25244 kB
Node 1 AnonHugePages:         0 kB
Node 1 ShmemHugePages:        0 kB
Node 1 ShmemPmdMapped:        0 kB
Node 1 FileHugePages:        0 kB
Node 1 FilePmdMapped:        0 kB
Node 1 HugePages_Total:     0
Node 1 HugePages_Free:      0
Node 1 HugePages_Surp:      0

After Test
Node 0 MemTotal:       24768352 kB
Node 0 MemFree:        24345964 kB
Node 0 MemUsed:          422388 kB
Node 0 Active:            43740 kB
Node 0 Inactive:          65128 kB
Node 0 Active(anon):      13644 kB
Node 0 Inactive(anon):      484 kB
Node 0 Active(file):      30096 kB
Node 0 Inactive(file):    64644 kB
Node 0 Unevictable:        5376 kB
Node 0 Mlocked:            5376 kB
Node 0 Dirty:               228 kB
Node 0 Writeback:             0 kB
Node 0 FilePages:        100540 kB
Node 0 Mapped:            54928 kB
Node 0 AnonPages:         13516 kB
Node 0 Shmem:               720 kB
Node 0 KernelStack:        3436 kB
Node 0 PageTables:          912 kB
Node 0 NFS_Unstable:          0 kB
Node 0 Bounce:                0 kB
Node 0 WritebackTmp:          0 kB
Node 0 KReclaimable:      23016 kB
Node 0 Slab:              71688 kB
Node 0 SReclaimable:      23016 kB
Node 0 SUnreclaim:        48672 kB
Node 0 AnonHugePages:         0 kB
Node 0 ShmemHugePages:        0 kB
Node 0 ShmemPmdMapped:        0 kB
Node 0 FileHugePages:        0 kB
Node 0 FilePmdMapped:        0 kB
Node 0 HugePages_Total:     0
Node 0 HugePages_Free:      0
Node 0 HugePages_Surp:      0

Node 1 MemTotal:       24661580 kB
Node 1 MemFree:        24413344 kB
Node 1 MemUsed:          248236 kB
Node 1 Active:            60020 kB
Node 1 Inactive:          51656 kB
Node 1 Active(anon):      19904 kB
Node 1 Inactive(anon):      436 kB
Node 1 Active(file):      40116 kB
Node 1 Inactive(file):    51220 kB
Node 1 Unevictable:       13144 kB
Node 1 Mlocked:           13144 kB
Node 1 Dirty:                36 kB
Node 1 Writeback:             0 kB
Node 1 FilePages:         94748 kB
Node 1 Mapped:            16752 kB
Node 1 AnonPages:         30812 kB
Node 1 Shmem:               592 kB
Node 1 KernelStack:        1448 kB
Node 1 PageTables:          656 kB
Node 1 NFS_Unstable:          0 kB
Node 1 Bounce:                0 kB
Node 1 WritebackTmp:          0 kB
Node 1 KReclaimable:      21000 kB
Node 1 Slab:              46244 kB
Node 1 SReclaimable:      21000 kB
Node 1 SUnreclaim:        25244 kB
Node 1 AnonHugePages:         0 kB
Node 1 ShmemHugePages:        0 kB
Node 1 ShmemPmdMapped:        0 kB
Node 1 FileHugePages:        0 kB
Node 1 FilePmdMapped:        0 kB
Node 1 HugePages_Total:     0
Node 1 HugePages_Free:      0
Node 1 HugePages_Surp:      0

After Opposite Node
Node 0 MemTotal:       24768352 kB
Node 0 MemFree:        24345920 kB
Node 0 MemUsed:          422432 kB
Node 0 Active:            43904 kB
Node 0 Inactive:          64712 kB
Node 0 Active(anon):      13524 kB
Node 0 Inactive(anon):      440 kB
Node 0 Active(file):      30380 kB
Node 0 Inactive(file):    64272 kB
Node 0 Unevictable:        5376 kB
Node 0 Mlocked:            5376 kB
Node 0 Dirty:               248 kB
Node 0 Writeback:             0 kB
Node 0 FilePages:        100700 kB
Node 0 Mapped:            54848 kB
Node 0 AnonPages:         13288 kB
Node 0 Shmem:               676 kB
Node 0 KernelStack:        3336 kB
Node 0 PageTables:          628 kB
Node 0 NFS_Unstable:          0 kB
Node 0 Bounce:                0 kB
Node 0 WritebackTmp:          0 kB
Node 0 KReclaimable:      23028 kB
Node 0 Slab:              71852 kB
Node 0 SReclaimable:      23028 kB
Node 0 SUnreclaim:        48824 kB
Node 0 AnonHugePages:         0 kB
Node 0 ShmemHugePages:        0 kB
Node 0 ShmemPmdMapped:        0 kB
Node 0 FileHugePages:        0 kB
Node 0 FilePmdMapped:        0 kB
Node 0 HugePages_Total:     0
Node 0 HugePages_Free:      0
Node 0 HugePages_Surp:      0

Node 1 MemTotal:       24661580 kB
Node 1 MemFree:        24412344 kB
Node 1 MemUsed:          249236 kB
Node 1 Active:            60020 kB
Node 1 Inactive:          51688 kB
Node 1 Active(anon):      19896 kB
Node 1 Inactive(anon):      464 kB
Node 1 Active(file):      40124 kB
Node 1 Inactive(file):    51224 kB
Node 1 Unevictable:       13144 kB
Node 1 Mlocked:           13144 kB
Node 1 Dirty:                44 kB
Node 1 Writeback:             0 kB
Node 1 FilePages:         94804 kB
Node 1 Mapped:            16764 kB
Node 1 AnonPages:         29996 kB
Node 1 Shmem:               636 kB
Node 1 KernelStack:        1448 kB
Node 1 PageTables:          700 kB
Node 1 NFS_Unstable:          0 kB
Node 1 Bounce:                0 kB
Node 1 WritebackTmp:          0 kB
Node 1 KReclaimable:      21116 kB
Node 1 Slab:              46652 kB
Node 1 SReclaimable:      21116 kB
Node 1 SUnreclaim:        25536 kB
Node 1 AnonHugePages:         0 kB
Node 1 ShmemHugePages:        0 kB
Node 1 ShmemPmdMapped:        0 kB
Node 1 FileHugePages:        0 kB
Node 1 FilePmdMapped:        0 kB
Node 1 HugePages_Total:     0
Node 1 HugePages_Free:      0
Node 1 HugePages_Surp:      0

U.0.fio.1-128K.3.O Complete!
