kernel.numa_balancing = 0
U.0.simpleread.16G.2.O.1M
Begin
Node 0 MemTotal:       24768352 kB
Node 0 MemFree:        24505576 kB
Node 0 MemUsed:          262776 kB
Node 0 Active:            51632 kB
Node 0 Inactive:          66624 kB
Node 0 Active(anon):      20344 kB
Node 0 Inactive(anon):      544 kB
Node 0 Active(file):      31288 kB
Node 0 Inactive(file):    66080 kB
Node 0 Unevictable:        5088 kB
Node 0 Mlocked:            5088 kB
Node 0 Dirty:               420 kB
Node 0 Writeback:             0 kB
Node 0 FilePages:        103208 kB
Node 0 Mapped:            59968 kB
Node 0 AnonPages:         20216 kB
Node 0 Shmem:               724 kB
Node 0 KernelStack:        2168 kB
Node 0 PageTables:          668 kB
Node 0 NFS_Unstable:          0 kB
Node 0 Bounce:                0 kB
Node 0 WritebackTmp:          0 kB
Node 0 KReclaimable:      21256 kB
Node 0 Slab:              53536 kB
Node 0 SReclaimable:      21256 kB
Node 0 SUnreclaim:        32280 kB
Node 0 AnonHugePages:         0 kB
Node 0 ShmemHugePages:        0 kB
Node 0 ShmemPmdMapped:        0 kB
Node 0 FileHugePages:        0 kB
Node 0 FilePmdMapped:        0 kB
Node 0 HugePages_Total:     0
Node 0 HugePages_Free:      0
Node 0 HugePages_Surp:      0

Node 1 MemTotal:       24661580 kB
Node 1 MemFree:        24274768 kB
Node 1 MemUsed:          386812 kB
Node 1 Active:            45856 kB
Node 1 Inactive:          61016 kB
Node 1 Active(anon):      13540 kB
Node 1 Inactive(anon):      336 kB
Node 1 Active(file):      32316 kB
Node 1 Inactive(file):    60680 kB
Node 1 Unevictable:       13432 kB
Node 1 Mlocked:           13432 kB
Node 1 Dirty:               100 kB
Node 1 Writeback:             0 kB
Node 1 FilePages:         96664 kB
Node 1 Mapped:            13556 kB
Node 1 AnonPages:         23708 kB
Node 1 Shmem:               544 kB
Node 1 KernelStack:        1464 kB
Node 1 PageTables:          540 kB
Node 1 NFS_Unstable:          0 kB
Node 1 Bounce:                0 kB
Node 1 WritebackTmp:          0 kB
Node 1 KReclaimable:      20824 kB
Node 1 Slab:              52196 kB
Node 1 SReclaimable:      20824 kB
Node 1 SUnreclaim:        31372 kB
Node 1 AnonHugePages:         0 kB
Node 1 ShmemHugePages:        0 kB
Node 1 ShmemPmdMapped:        0 kB
Node 1 FileHugePages:        0 kB
Node 1 FilePmdMapped:        0 kB
Node 1 HugePages_Total:     0
Node 1 HugePages_Free:      0
Node 1 HugePages_Surp:      0

Load ZFS
Node 0 MemTotal:       24768352 kB
Node 0 MemFree:        24363364 kB
Node 0 MemUsed:          404988 kB
Node 0 Active:            54564 kB
Node 0 Inactive:          67016 kB
Node 0 Active(anon):      22408 kB
Node 0 Inactive(anon):      544 kB
Node 0 Active(file):      32156 kB
Node 0 Inactive(file):    66472 kB
Node 0 Unevictable:        5088 kB
Node 0 Mlocked:            5088 kB
Node 0 Dirty:               240 kB
Node 0 Writeback:             0 kB
Node 0 FilePages:        104440 kB
Node 0 Mapped:            59968 kB
Node 0 AnonPages:         22040 kB
Node 0 Shmem:               724 kB
Node 0 KernelStack:        2216 kB
Node 0 PageTables:          816 kB
Node 0 NFS_Unstable:          0 kB
Node 0 Bounce:                0 kB
Node 0 WritebackTmp:          0 kB
Node 0 KReclaimable:      21592 kB
Node 0 Slab:              55560 kB
Node 0 SReclaimable:      21592 kB
Node 0 SUnreclaim:        33968 kB
Node 0 AnonHugePages:         0 kB
Node 0 ShmemHugePages:        0 kB
Node 0 ShmemPmdMapped:        0 kB
Node 0 FileHugePages:        0 kB
Node 0 FilePmdMapped:        0 kB
Node 0 HugePages_Total:     0
Node 0 HugePages_Free:      0
Node 0 HugePages_Surp:      0

Node 1 MemTotal:       24661580 kB
Node 1 MemFree:        24407932 kB
Node 1 MemUsed:          253648 kB
Node 1 Active:            53888 kB
Node 1 Inactive:          56644 kB
Node 1 Active(anon):      15864 kB
Node 1 Inactive(anon):      336 kB
Node 1 Active(file):      38024 kB
Node 1 Inactive(file):    56308 kB
Node 1 Unevictable:       13432 kB
Node 1 Mlocked:           13432 kB
Node 1 Dirty:               100 kB
Node 1 Writeback:             0 kB
Node 1 FilePages:         97984 kB
Node 1 Mapped:            13716 kB
Node 1 AnonPages:         26044 kB
Node 1 Shmem:               544 kB
Node 1 KernelStack:        1544 kB
Node 1 PageTables:          700 kB
Node 1 NFS_Unstable:          0 kB
Node 1 Bounce:                0 kB
Node 1 WritebackTmp:          0 kB
Node 1 KReclaimable:      21304 kB
Node 1 Slab:              53788 kB
Node 1 SReclaimable:      21304 kB
Node 1 SUnreclaim:        32484 kB
Node 1 AnonHugePages:         0 kB
Node 1 ShmemHugePages:        0 kB
Node 1 ShmemPmdMapped:        0 kB
Node 1 FileHugePages:        0 kB
Node 1 FilePmdMapped:        0 kB
Node 1 HugePages_Total:     0
Node 1 HugePages_Free:      0
Node 1 HugePages_Surp:      0

Import tank ZPool
Node 0 MemTotal:       24768352 kB
Node 0 MemFree:        24345960 kB
Node 0 MemUsed:          422392 kB
Node 0 Active:            52448 kB
Node 0 Inactive:          68200 kB
Node 0 Active(anon):      19868 kB
Node 0 Inactive(anon):      548 kB
Node 0 Active(file):      32580 kB
Node 0 Inactive(file):    67652 kB
Node 0 Unevictable:        5088 kB
Node 0 Mlocked:            5088 kB
Node 0 Dirty:               272 kB
Node 0 Writeback:             0 kB
Node 0 FilePages:        106076 kB
Node 0 Mapped:            60108 kB
Node 0 AnonPages:         19756 kB
Node 0 Shmem:               724 kB
Node 0 KernelStack:        3304 kB
Node 0 PageTables:          792 kB
Node 0 NFS_Unstable:          0 kB
Node 0 Bounce:                0 kB
Node 0 WritebackTmp:          0 kB
Node 0 KReclaimable:      21716 kB
Node 0 Slab:              62204 kB
Node 0 SReclaimable:      21716 kB
Node 0 SUnreclaim:        40488 kB
Node 0 AnonHugePages:         0 kB
Node 0 ShmemHugePages:        0 kB
Node 0 ShmemPmdMapped:        0 kB
Node 0 FileHugePages:        0 kB
Node 0 FilePmdMapped:        0 kB
Node 0 HugePages_Total:     0
Node 0 HugePages_Free:      0
Node 0 HugePages_Surp:      0

Node 1 MemTotal:       24661580 kB
Node 1 MemFree:        24408592 kB
Node 1 MemUsed:          252988 kB
Node 1 Active:            52476 kB
Node 1 Inactive:          56588 kB
Node 1 Active(anon):      14396 kB
Node 1 Inactive(anon):      336 kB
Node 1 Active(file):      38080 kB
Node 1 Inactive(file):    56252 kB
Node 1 Unevictable:       13432 kB
Node 1 Mlocked:           13432 kB
Node 1 Dirty:               104 kB
Node 1 Writeback:             0 kB
Node 1 FilePages:         97984 kB
Node 1 Mapped:            13560 kB
Node 1 AnonPages:         24168 kB
Node 1 Shmem:               544 kB
Node 1 KernelStack:        1528 kB
Node 1 PageTables:          660 kB
Node 1 NFS_Unstable:          0 kB
Node 1 Bounce:                0 kB
Node 1 WritebackTmp:          0 kB
Node 1 KReclaimable:      21304 kB
Node 1 Slab:              53884 kB
Node 1 SReclaimable:      21304 kB
Node 1 SUnreclaim:        32580 kB
Node 1 AnonHugePages:         0 kB
Node 1 ShmemHugePages:        0 kB
Node 1 ShmemPmdMapped:        0 kB
Node 1 FileHugePages:        0 kB
Node 1 FilePmdMapped:        0 kB
Node 1 HugePages_Total:     0
Node 1 HugePages_Free:      0
Node 1 HugePages_Surp:      0

After Test
Node 0 MemTotal:       24768352 kB
Node 0 MemFree:         7304828 kB
Node 0 MemUsed:        17463524 kB
Node 0 Active:            53008 kB
Node 0 Inactive:          67992 kB
Node 0 Active(anon):      19668 kB
Node 0 Inactive(anon):      548 kB
Node 0 Active(file):      33340 kB
Node 0 Inactive(file):    67444 kB
Node 0 Unevictable:        5088 kB
Node 0 Mlocked:            5088 kB
Node 0 Dirty:                28 kB
Node 0 Writeback:             0 kB
Node 0 FilePages:        106648 kB
Node 0 Mapped:            59988 kB
Node 0 AnonPages:         19536 kB
Node 0 Shmem:               724 kB
Node 0 KernelStack:        3144 kB
Node 0 PageTables:          640 kB
Node 0 NFS_Unstable:          0 kB
Node 0 Bounce:                0 kB
Node 0 WritebackTmp:          0 kB
Node 0 KReclaimable:      21796 kB
Node 0 Slab:             119904 kB
Node 0 SReclaimable:      21796 kB
Node 0 SUnreclaim:        98108 kB
Node 0 AnonHugePages:         0 kB
Node 0 ShmemHugePages:        0 kB
Node 0 ShmemPmdMapped:        0 kB
Node 0 FileHugePages:        0 kB
Node 0 FilePmdMapped:        0 kB
Node 0 HugePages_Total:     0
Node 0 HugePages_Free:      0
Node 0 HugePages_Surp:      0

Node 1 MemTotal:       24661580 kB
Node 1 MemFree:        23788160 kB
Node 1 MemUsed:          873420 kB
Node 1 Active:            51716 kB
Node 1 Inactive:          56584 kB
Node 1 Active(anon):      13560 kB
Node 1 Inactive(anon):      336 kB
Node 1 Active(file):      38156 kB
Node 1 Inactive(file):    56248 kB
Node 1 Unevictable:       13432 kB
Node 1 Mlocked:           13432 kB
Node 1 Dirty:                20 kB
Node 1 Writeback:             0 kB
Node 1 FilePages:         98064 kB
Node 1 Mapped:            13556 kB
Node 1 AnonPages:         23676 kB
Node 1 Shmem:               544 kB
Node 1 KernelStack:        1384 kB
Node 1 PageTables:          540 kB
Node 1 NFS_Unstable:          0 kB
Node 1 Bounce:                0 kB
Node 1 WritebackTmp:          0 kB
Node 1 KReclaimable:      21464 kB
Node 1 Slab:              56816 kB
Node 1 SReclaimable:      21464 kB
Node 1 SUnreclaim:        35352 kB
Node 1 AnonHugePages:         0 kB
Node 1 ShmemHugePages:        0 kB
Node 1 ShmemPmdMapped:        0 kB
Node 1 FileHugePages:        0 kB
Node 1 FilePmdMapped:        0 kB
Node 1 HugePages_Total:     0
Node 1 HugePages_Free:      0
Node 1 HugePages_Surp:      0

After Opposite Node
Node 0 MemTotal:       24768352 kB
Node 0 MemFree:         7307084 kB
Node 0 MemUsed:        17461268 kB
Node 0 Active:            52848 kB
Node 0 Inactive:          67780 kB
Node 0 Active(anon):      19228 kB
Node 0 Inactive(anon):      548 kB
Node 0 Active(file):      33620 kB
Node 0 Inactive(file):    67232 kB
Node 0 Unevictable:        5088 kB
Node 0 Mlocked:            5088 kB
Node 0 Dirty:                48 kB
Node 0 Writeback:             0 kB
Node 0 FilePages:        106660 kB
Node 0 Mapped:            60264 kB
Node 0 AnonPages:         19092 kB
Node 0 Shmem:               724 kB
Node 0 KernelStack:        3112 kB
Node 0 PageTables:          588 kB
Node 0 NFS_Unstable:          0 kB
Node 0 Bounce:                0 kB
Node 0 WritebackTmp:          0 kB
Node 0 KReclaimable:      21796 kB
Node 0 Slab:             118924 kB
Node 0 SReclaimable:      21796 kB
Node 0 SUnreclaim:        97128 kB
Node 0 AnonHugePages:         0 kB
Node 0 ShmemHugePages:        0 kB
Node 0 ShmemPmdMapped:        0 kB
Node 0 FileHugePages:        0 kB
Node 0 FilePmdMapped:        0 kB
Node 0 HugePages_Total:     0
Node 0 HugePages_Free:      0
Node 0 HugePages_Surp:      0

Node 1 MemTotal:       24661580 kB
Node 1 MemFree:        23786240 kB
Node 1 MemUsed:          875340 kB
Node 1 Active:            52132 kB
Node 1 Inactive:          56552 kB
Node 1 Active(anon):      13920 kB
Node 1 Inactive(anon):      336 kB
Node 1 Active(file):      38212 kB
Node 1 Inactive(file):    56216 kB
Node 1 Unevictable:       13432 kB
Node 1 Mlocked:           13432 kB
Node 1 Dirty:                32 kB
Node 1 Writeback:             0 kB
Node 1 FilePages:         98088 kB
Node 1 Mapped:            13564 kB
Node 1 AnonPages:         24124 kB
Node 1 Shmem:               544 kB
Node 1 KernelStack:        1320 kB
Node 1 PageTables:          592 kB
Node 1 NFS_Unstable:          0 kB
Node 1 Bounce:                0 kB
Node 1 WritebackTmp:          0 kB
Node 1 KReclaimable:      21496 kB
Node 1 Slab:              58668 kB
Node 1 SReclaimable:      21496 kB
Node 1 SUnreclaim:        37172 kB
Node 1 AnonHugePages:         0 kB
Node 1 ShmemHugePages:        0 kB
Node 1 ShmemPmdMapped:        0 kB
Node 1 FileHugePages:        0 kB
Node 1 FilePmdMapped:        0 kB
Node 1 HugePages_Total:     0
Node 1 HugePages_Free:      0
Node 1 HugePages_Surp:      0

U.0.simpleread.16G.2.O.1M Complete!
