kernel.numa_balancing = 0
U.0.simpleread.250M.2.O.1M
Begin
Node 0 MemTotal:       24743736 kB
Node 0 MemFree:        24451584 kB
Node 0 MemUsed:          292152 kB
Node 0 Active:            64068 kB
Node 0 Inactive:          73888 kB
Node 0 Active(anon):      17336 kB
Node 0 Inactive(anon):      408 kB
Node 0 Active(file):      46732 kB
Node 0 Inactive(file):    73480 kB
Node 0 Unevictable:       18104 kB
Node 0 Mlocked:           18104 kB
Node 0 Dirty:               400 kB
Node 0 Writeback:             0 kB
Node 0 FilePages:        128620 kB
Node 0 Mapped:            39500 kB
Node 0 AnonPages:         27452 kB
Node 0 Shmem:               628 kB
Node 0 KernelStack:        1848 kB
Node 0 PageTables:          552 kB
Node 0 NFS_Unstable:          0 kB
Node 0 Bounce:                0 kB
Node 0 WritebackTmp:          0 kB
Node 0 KReclaimable:      22780 kB
Node 0 Slab:              54028 kB
Node 0 SReclaimable:      22780 kB
Node 0 SUnreclaim:        31248 kB
Node 0 AnonHugePages:         0 kB
Node 0 ShmemHugePages:        0 kB
Node 0 ShmemPmdMapped:        0 kB
Node 0 FileHugePages:        0 kB
Node 0 FilePmdMapped:        0 kB
Node 0 HugePages_Total:     0
Node 0 HugePages_Free:      0
Node 0 HugePages_Surp:      0

Node 1 MemTotal:       24686196 kB
Node 1 MemFree:        24316180 kB
Node 1 MemUsed:          370016 kB
Node 1 Active:            31000 kB
Node 1 Inactive:          67052 kB
Node 1 Active(anon):      16548 kB
Node 1 Inactive(anon):      460 kB
Node 1 Active(file):      14452 kB
Node 1 Inactive(file):    66592 kB
Node 1 Unevictable:         416 kB
Node 1 Mlocked:             416 kB
Node 1 Dirty:                28 kB
Node 1 Writeback:             0 kB
Node 1 FilePages:         82536 kB
Node 1 Mapped:            41300 kB
Node 1 AnonPages:         16372 kB
Node 1 Shmem:               640 kB
Node 1 KernelStack:        1752 kB
Node 1 PageTables:          628 kB
Node 1 NFS_Unstable:          0 kB
Node 1 Bounce:                0 kB
Node 1 WritebackTmp:          0 kB
Node 1 KReclaimable:      18968 kB
Node 1 Slab:              51876 kB
Node 1 SReclaimable:      18968 kB
Node 1 SUnreclaim:        32908 kB
Node 1 AnonHugePages:         0 kB
Node 1 ShmemHugePages:        0 kB
Node 1 ShmemPmdMapped:        0 kB
Node 1 FileHugePages:        0 kB
Node 1 FilePmdMapped:        0 kB
Node 1 HugePages_Total:     0
Node 1 HugePages_Free:      0
Node 1 HugePages_Surp:      0

Load ZFS
Node 0 MemTotal:       24743736 kB
Node 0 MemFree:        24449944 kB
Node 0 MemUsed:          293792 kB
Node 0 Active:            65536 kB
Node 0 Inactive:          73528 kB
Node 0 Active(anon):      17968 kB
Node 0 Inactive(anon):      408 kB
Node 0 Active(file):      47568 kB
Node 0 Inactive(file):    73120 kB
Node 0 Unevictable:       18104 kB
Node 0 Mlocked:           18104 kB
Node 0 Dirty:               408 kB
Node 0 Writeback:             0 kB
Node 0 FilePages:        129092 kB
Node 0 Mapped:            39656 kB
Node 0 AnonPages:         28104 kB
Node 0 Shmem:               628 kB
Node 0 KernelStack:        1832 kB
Node 0 PageTables:          560 kB
Node 0 NFS_Unstable:          0 kB
Node 0 Bounce:                0 kB
Node 0 WritebackTmp:          0 kB
Node 0 KReclaimable:      23288 kB
Node 0 Slab:              55856 kB
Node 0 SReclaimable:      23288 kB
Node 0 SUnreclaim:        32568 kB
Node 0 AnonHugePages:         0 kB
Node 0 ShmemHugePages:        0 kB
Node 0 ShmemPmdMapped:        0 kB
Node 0 FileHugePages:        0 kB
Node 0 FilePmdMapped:        0 kB
Node 0 HugePages_Total:     0
Node 0 HugePages_Free:      0
Node 0 HugePages_Surp:      0

Node 1 MemTotal:       24686196 kB
Node 1 MemFree:        24308700 kB
Node 1 MemUsed:          377496 kB
Node 1 Active:            40104 kB
Node 1 Inactive:          63344 kB
Node 1 Active(anon):      19568 kB
Node 1 Inactive(anon):      464 kB
Node 1 Active(file):      20536 kB
Node 1 Inactive(file):    62880 kB
Node 1 Unevictable:         416 kB
Node 1 Mlocked:             416 kB
Node 1 Dirty:                76 kB
Node 1 Writeback:             0 kB
Node 1 FilePages:         84472 kB
Node 1 Mapped:            41280 kB
Node 1 AnonPages:         18948 kB
Node 1 Shmem:               640 kB
Node 1 KernelStack:        1864 kB
Node 1 PageTables:          976 kB
Node 1 NFS_Unstable:          0 kB
Node 1 Bounce:                0 kB
Node 1 WritebackTmp:          0 kB
Node 1 KReclaimable:      19544 kB
Node 1 Slab:              53944 kB
Node 1 SReclaimable:      19544 kB
Node 1 SUnreclaim:        34400 kB
Node 1 AnonHugePages:         0 kB
Node 1 ShmemHugePages:        0 kB
Node 1 ShmemPmdMapped:        0 kB
Node 1 FileHugePages:        0 kB
Node 1 FilePmdMapped:        0 kB
Node 1 HugePages_Total:     0
Node 1 HugePages_Free:      0
Node 1 HugePages_Surp:      0

Import tank ZPool
Node 0 MemTotal:       24743736 kB
Node 0 MemFree:        24449832 kB
Node 0 MemUsed:          293904 kB
Node 0 Active:            65100 kB
Node 0 Inactive:          73440 kB
Node 0 Active(anon):      17392 kB
Node 0 Inactive(anon):      408 kB
Node 0 Active(file):      47708 kB
Node 0 Inactive(file):    73032 kB
Node 0 Unevictable:       18104 kB
Node 0 Mlocked:           18104 kB
Node 0 Dirty:               184 kB
Node 0 Writeback:             0 kB
Node 0 FilePages:        129160 kB
Node 0 Mapped:            39776 kB
Node 0 AnonPages:         27232 kB
Node 0 Shmem:               624 kB
Node 0 KernelStack:        1812 kB
Node 0 PageTables:          560 kB
Node 0 NFS_Unstable:          0 kB
Node 0 Bounce:                0 kB
Node 0 WritebackTmp:          0 kB
Node 0 KReclaimable:      23288 kB
Node 0 Slab:              57084 kB
Node 0 SReclaimable:      23288 kB
Node 0 SUnreclaim:        33796 kB
Node 0 AnonHugePages:         0 kB
Node 0 ShmemHugePages:        0 kB
Node 0 ShmemPmdMapped:        0 kB
Node 0 FileHugePages:        0 kB
Node 0 FilePmdMapped:        0 kB
Node 0 HugePages_Total:     0
Node 0 HugePages_Free:      0
Node 0 HugePages_Surp:      0

Node 1 MemTotal:       24686196 kB
Node 1 MemFree:        24290756 kB
Node 1 MemUsed:          395440 kB
Node 1 Active:            37392 kB
Node 1 Inactive:          64560 kB
Node 1 Active(anon):      16504 kB
Node 1 Inactive(anon):      468 kB
Node 1 Active(file):      20888 kB
Node 1 Inactive(file):    64092 kB
Node 1 Unevictable:         416 kB
Node 1 Mlocked:             416 kB
Node 1 Dirty:               116 kB
Node 1 Writeback:             0 kB
Node 1 FilePages:         86040 kB
Node 1 Mapped:            41584 kB
Node 1 AnonPages:         16416 kB
Node 1 Shmem:               644 kB
Node 1 KernelStack:        2872 kB
Node 1 PageTables:          840 kB
Node 1 NFS_Unstable:          0 kB
Node 1 Bounce:                0 kB
Node 1 WritebackTmp:          0 kB
Node 1 KReclaimable:      19680 kB
Node 1 Slab:              60868 kB
Node 1 SReclaimable:      19680 kB
Node 1 SUnreclaim:        41188 kB
Node 1 AnonHugePages:         0 kB
Node 1 ShmemHugePages:        0 kB
Node 1 ShmemPmdMapped:        0 kB
Node 1 FileHugePages:        0 kB
Node 1 FilePmdMapped:        0 kB
Node 1 HugePages_Total:     0
Node 1 HugePages_Free:      0
Node 1 HugePages_Surp:      0

After Test
Node 0 MemTotal:       24743736 kB
Node 0 MemFree:        24182496 kB
Node 0 MemUsed:          561240 kB
Node 0 Active:            65900 kB
Node 0 Inactive:          73268 kB
Node 0 Active(anon):      17724 kB
Node 0 Inactive(anon):      408 kB
Node 0 Active(file):      48176 kB
Node 0 Inactive(file):    72860 kB
Node 0 Unevictable:       18104 kB
Node 0 Mlocked:           18104 kB
Node 0 Dirty:                76 kB
Node 0 Writeback:             0 kB
Node 0 FilePages:        129452 kB
Node 0 Mapped:            39568 kB
Node 0 AnonPages:         27592 kB
Node 0 Shmem:               624 kB
Node 0 KernelStack:        1880 kB
Node 0 PageTables:          600 kB
Node 0 NFS_Unstable:          0 kB
Node 0 Bounce:                0 kB
Node 0 WritebackTmp:          0 kB
Node 0 KReclaimable:      23372 kB
Node 0 Slab:              60088 kB
Node 0 SReclaimable:      23372 kB
Node 0 SUnreclaim:        36716 kB
Node 0 AnonHugePages:         0 kB
Node 0 ShmemHugePages:        0 kB
Node 0 ShmemPmdMapped:        0 kB
Node 0 FileHugePages:        0 kB
Node 0 FilePmdMapped:        0 kB
Node 0 HugePages_Total:     0
Node 0 HugePages_Free:      0
Node 0 HugePages_Surp:      0

Node 1 MemTotal:       24686196 kB
Node 1 MemFree:        24025092 kB
Node 1 MemUsed:          661104 kB
Node 1 Active:            37776 kB
Node 1 Inactive:          64380 kB
Node 1 Active(anon):      16540 kB
Node 1 Inactive(anon):      468 kB
Node 1 Active(file):      21236 kB
Node 1 Inactive(file):    63912 kB
Node 1 Unevictable:         416 kB
Node 1 Mlocked:             416 kB
Node 1 Dirty:               116 kB
Node 1 Writeback:             0 kB
Node 1 FilePages:         86208 kB
Node 1 Mapped:            41280 kB
Node 1 AnonPages:         16480 kB
Node 1 Shmem:               644 kB
Node 1 KernelStack:        2888 kB
Node 1 PageTables:          736 kB
Node 1 NFS_Unstable:          0 kB
Node 1 Bounce:                0 kB
Node 1 WritebackTmp:          0 kB
Node 1 KReclaimable:      19680 kB
Node 1 Slab:              61484 kB
Node 1 SReclaimable:      19680 kB
Node 1 SUnreclaim:        41804 kB
Node 1 AnonHugePages:         0 kB
Node 1 ShmemHugePages:        0 kB
Node 1 ShmemPmdMapped:        0 kB
Node 1 FileHugePages:        0 kB
Node 1 FilePmdMapped:        0 kB
Node 1 HugePages_Total:     0
Node 1 HugePages_Free:      0
Node 1 HugePages_Surp:      0

After Opposite Node
Node 0 MemTotal:       24743736 kB
Node 0 MemFree:        24182928 kB
Node 0 MemUsed:          560808 kB
Node 0 Active:            65428 kB
Node 0 Inactive:          73076 kB
Node 0 Active(anon):      17036 kB
Node 0 Inactive(anon):      408 kB
Node 0 Active(file):      48392 kB
Node 0 Inactive(file):    72668 kB
Node 0 Unevictable:       18104 kB
Node 0 Mlocked:           18104 kB
Node 0 Dirty:                84 kB
Node 0 Writeback:             0 kB
Node 0 FilePages:        129460 kB
Node 0 Mapped:            39496 kB
Node 0 AnonPages:         27144 kB
Node 0 Shmem:               624 kB
Node 0 KernelStack:        1864 kB
Node 0 PageTables:          552 kB
Node 0 NFS_Unstable:          0 kB
Node 0 Bounce:                0 kB
Node 0 WritebackTmp:          0 kB
Node 0 KReclaimable:      23372 kB
Node 0 Slab:              60096 kB
Node 0 SReclaimable:      23372 kB
Node 0 SUnreclaim:        36724 kB
Node 0 AnonHugePages:         0 kB
Node 0 ShmemHugePages:        0 kB
Node 0 ShmemPmdMapped:        0 kB
Node 0 FileHugePages:        0 kB
Node 0 FilePmdMapped:        0 kB
Node 0 HugePages_Total:     0
Node 0 HugePages_Free:      0
Node 0 HugePages_Surp:      0

Node 1 MemTotal:       24686196 kB
Node 1 MemFree:        24024004 kB
Node 1 MemUsed:          662192 kB
Node 1 Active:            38068 kB
Node 1 Inactive:          64380 kB
Node 1 Active(anon):      16832 kB
Node 1 Inactive(anon):      468 kB
Node 1 Active(file):      21236 kB
Node 1 Inactive(file):    63912 kB
Node 1 Unevictable:         416 kB
Node 1 Mlocked:             416 kB
Node 1 Dirty:               116 kB
Node 1 Writeback:             0 kB
Node 1 FilePages:         86208 kB
Node 1 Mapped:            41280 kB
Node 1 AnonPages:         16636 kB
Node 1 Shmem:               644 kB
Node 1 KernelStack:        2948 kB
Node 1 PageTables:          736 kB
Node 1 NFS_Unstable:          0 kB
Node 1 Bounce:                0 kB
Node 1 WritebackTmp:          0 kB
Node 1 KReclaimable:      19680 kB
Node 1 Slab:              61484 kB
Node 1 SReclaimable:      19680 kB
Node 1 SUnreclaim:        41804 kB
Node 1 AnonHugePages:         0 kB
Node 1 ShmemHugePages:        0 kB
Node 1 ShmemPmdMapped:        0 kB
Node 1 FileHugePages:        0 kB
Node 1 FilePmdMapped:        0 kB
Node 1 HugePages_Total:     0
Node 1 HugePages_Free:      0
Node 1 HugePages_Surp:      0

U.0.simpleread.250M.2.O.1M Complete!
