U.0.fio.16G.1.O
Begin
Node 0 MemTotal:       24768352 kB
Node 0 MemFree:        24509456 kB
Node 0 MemUsed:          258896 kB
Node 0 Active:            52140 kB
Node 0 Inactive:          60004 kB
Node 0 Active(anon):       7744 kB
Node 0 Inactive(anon):      452 kB
Node 0 Active(file):      44396 kB
Node 0 Inactive(file):    59552 kB
Node 0 Unevictable:        5628 kB
Node 0 Mlocked:            5628 kB
Node 0 Dirty:               404 kB
Node 0 Writeback:             0 kB
Node 0 FilePages:        110272 kB
Node 0 Mapped:            25180 kB
Node 0 AnonPages:          7504 kB
Node 0 Shmem:               696 kB
Node 0 KernelStack:        2088 kB
Node 0 PageTables:          340 kB
Node 0 NFS_Unstable:          0 kB
Node 0 Bounce:                0 kB
Node 0 WritebackTmp:          0 kB
Node 0 KReclaimable:      20756 kB
Node 0 Slab:              53860 kB
Node 0 SReclaimable:      20756 kB
Node 0 SUnreclaim:        33104 kB
Node 0 AnonHugePages:         0 kB
Node 0 ShmemHugePages:        0 kB
Node 0 ShmemPmdMapped:        0 kB
Node 0 FileHugePages:        0 kB
Node 0 FilePmdMapped:        0 kB
Node 0 HugePages_Total:     0
Node 0 HugePages_Free:      0
Node 0 HugePages_Surp:      0

Node 1 MemTotal:       24661580 kB
Node 1 MemFree:        24256340 kB
Node 1 MemUsed:          405240 kB
Node 1 Active:            45940 kB
Node 1 Inactive:          79944 kB
Node 1 Active(anon):      26012 kB
Node 1 Inactive(anon):      424 kB
Node 1 Active(file):      19928 kB
Node 1 Inactive(file):    79520 kB
Node 1 Unevictable:       12892 kB
Node 1 Mlocked:           12892 kB
Node 1 Dirty:               124 kB
Node 1 Writeback:             0 kB
Node 1 FilePages:        102592 kB
Node 1 Mapped:            65208 kB
Node 1 AnonPages:         36232 kB
Node 1 Shmem:               572 kB
Node 1 KernelStack:        1560 kB
Node 1 PageTables:          908 kB
Node 1 NFS_Unstable:          0 kB
Node 1 Bounce:                0 kB
Node 1 WritebackTmp:          0 kB
Node 1 KReclaimable:      20980 kB
Node 1 Slab:              53752 kB
Node 1 SReclaimable:      20980 kB
Node 1 SUnreclaim:        32772 kB
Node 1 AnonHugePages:         0 kB
Node 1 ShmemHugePages:        0 kB
Node 1 ShmemPmdMapped:        0 kB
Node 1 FileHugePages:        0 kB
Node 1 FilePmdMapped:        0 kB
Node 1 HugePages_Total:     0
Node 1 HugePages_Free:      0
Node 1 HugePages_Surp:      0

Load ZFS
Node 0 MemTotal:       24768352 kB
Node 0 MemFree:        24510352 kB
Node 0 MemUsed:          258000 kB
Node 0 Active:            61164 kB
Node 0 Inactive:          55460 kB
Node 0 Active(anon):      11128 kB
Node 0 Inactive(anon):      452 kB
Node 0 Active(file):      50036 kB
Node 0 Inactive(file):    55008 kB
Node 0 Unevictable:        5628 kB
Node 0 Mlocked:            5628 kB
Node 0 Dirty:               404 kB
Node 0 Writeback:             0 kB
Node 0 FilePages:        111364 kB
Node 0 Mapped:            25368 kB
Node 0 AnonPages:         10996 kB
Node 0 Shmem:               696 kB
Node 0 KernelStack:        2056 kB
Node 0 PageTables:          340 kB
Node 0 NFS_Unstable:          0 kB
Node 0 Bounce:                0 kB
Node 0 WritebackTmp:          0 kB
Node 0 KReclaimable:      21276 kB
Node 0 Slab:              55760 kB
Node 0 SReclaimable:      21276 kB
Node 0 SUnreclaim:        34484 kB
Node 0 AnonHugePages:         0 kB
Node 0 ShmemHugePages:        0 kB
Node 0 ShmemPmdMapped:        0 kB
Node 0 FileHugePages:        0 kB
Node 0 FilePmdMapped:        0 kB
Node 0 HugePages_Total:     0
Node 0 HugePages_Free:      0
Node 0 HugePages_Surp:      0

Node 1 MemTotal:       24661580 kB
Node 1 MemFree:        24241464 kB
Node 1 MemUsed:          420116 kB
Node 1 Active:            51272 kB
Node 1 Inactive:          80408 kB
Node 1 Active(anon):      30376 kB
Node 1 Inactive(anon):      424 kB
Node 1 Active(file):      20896 kB
Node 1 Inactive(file):    79984 kB
Node 1 Unevictable:       12892 kB
Node 1 Mlocked:           12892 kB
Node 1 Dirty:               152 kB
Node 1 Writeback:             0 kB
Node 1 FilePages:        104020 kB
Node 1 Mapped:            65216 kB
Node 1 AnonPages:         40444 kB
Node 1 Shmem:               572 kB
Node 1 KernelStack:        1784 kB
Node 1 PageTables:         1356 kB
Node 1 NFS_Unstable:          0 kB
Node 1 Bounce:                0 kB
Node 1 WritebackTmp:          0 kB
Node 1 KReclaimable:      21412 kB
Node 1 Slab:              55732 kB
Node 1 SReclaimable:      21412 kB
Node 1 SUnreclaim:        34320 kB
Node 1 AnonHugePages:         0 kB
Node 1 ShmemHugePages:        0 kB
Node 1 ShmemPmdMapped:        0 kB
Node 1 FileHugePages:        0 kB
Node 1 FilePmdMapped:        0 kB
Node 1 HugePages_Total:     0
Node 1 HugePages_Free:      0
Node 1 HugePages_Surp:      0

Import tank ZPool
Node 0 MemTotal:       24768352 kB
Node 0 MemFree:        24494448 kB
Node 0 MemUsed:          273904 kB
Node 0 Active:            61336 kB
Node 0 Inactive:          55420 kB
Node 0 Active(anon):      11212 kB
Node 0 Inactive(anon):      452 kB
Node 0 Active(file):      50124 kB
Node 0 Inactive(file):    54968 kB
Node 0 Unevictable:        5628 kB
Node 0 Mlocked:            5628 kB
Node 0 Dirty:                80 kB
Node 0 Writeback:             0 kB
Node 0 FilePages:        111420 kB
Node 0 Mapped:            25428 kB
Node 0 AnonPages:         11004 kB
Node 0 Shmem:               692 kB
Node 0 KernelStack:        3064 kB
Node 0 PageTables:          340 kB
Node 0 NFS_Unstable:          0 kB
Node 0 Bounce:                0 kB
Node 0 WritebackTmp:          0 kB
Node 0 KReclaimable:      21288 kB
Node 0 Slab:              58200 kB
Node 0 SReclaimable:      21288 kB
Node 0 SUnreclaim:        36912 kB
Node 0 AnonHugePages:         0 kB
Node 0 ShmemHugePages:        0 kB
Node 0 ShmemPmdMapped:        0 kB
Node 0 FileHugePages:        0 kB
Node 0 FilePmdMapped:        0 kB
Node 0 HugePages_Total:     0
Node 0 HugePages_Free:      0
Node 0 HugePages_Surp:      0

Node 1 MemTotal:       24661580 kB
Node 1 MemFree:        24232920 kB
Node 1 MemUsed:          428660 kB
Node 1 Active:            51488 kB
Node 1 Inactive:          81552 kB
Node 1 Active(anon):      30284 kB
Node 1 Inactive(anon):      428 kB
Node 1 Active(file):      21204 kB
Node 1 Inactive(file):    81124 kB
Node 1 Unevictable:       12892 kB
Node 1 Mlocked:           12892 kB
Node 1 Dirty:               188 kB
Node 1 Writeback:             0 kB
Node 1 FilePages:        105472 kB
Node 1 Mapped:            65412 kB
Node 1 AnonPages:         40660 kB
Node 1 Shmem:               576 kB
Node 1 KernelStack:        1864 kB
Node 1 PageTables:         1372 kB
Node 1 NFS_Unstable:          0 kB
Node 1 Bounce:                0 kB
Node 1 WritebackTmp:          0 kB
Node 1 KReclaimable:      21540 kB
Node 1 Slab:              60720 kB
Node 1 SReclaimable:      21540 kB
Node 1 SUnreclaim:        39180 kB
Node 1 AnonHugePages:         0 kB
Node 1 ShmemHugePages:        0 kB
Node 1 ShmemPmdMapped:        0 kB
Node 1 FileHugePages:        0 kB
Node 1 FilePmdMapped:        0 kB
Node 1 HugePages_Total:     0
Node 1 HugePages_Free:      0
Node 1 HugePages_Surp:      0

After Test
Node 0 MemTotal:       24768352 kB
Node 0 MemFree:         7515808 kB
Node 0 MemUsed:        17252544 kB
Node 0 Active:            58336 kB
Node 0 Inactive:          56620 kB
Node 0 Active(anon):       7304 kB
Node 0 Inactive(anon):      480 kB
Node 0 Active(file):      51032 kB
Node 0 Inactive(file):    56140 kB
Node 0 Unevictable:        5628 kB
Node 0 Mlocked:            5628 kB
Node 0 Dirty:                40 kB
Node 0 Writeback:             0 kB
Node 0 FilePages:        113532 kB
Node 0 Mapped:            25208 kB
Node 0 AnonPages:          7020 kB
Node 0 Shmem:               736 kB
Node 0 KernelStack:        2920 kB
Node 0 PageTables:          516 kB
Node 0 NFS_Unstable:          0 kB
Node 0 Bounce:                0 kB
Node 0 WritebackTmp:          0 kB
Node 0 KReclaimable:      22728 kB
Node 0 Slab:             118272 kB
Node 0 SReclaimable:      22728 kB
Node 0 SUnreclaim:        95544 kB
Node 0 AnonHugePages:         0 kB
Node 0 ShmemHugePages:        0 kB
Node 0 ShmemPmdMapped:        0 kB
Node 0 FileHugePages:        0 kB
Node 0 FilePmdMapped:        0 kB
Node 0 HugePages_Total:     0
Node 0 HugePages_Free:      0
Node 0 HugePages_Surp:      0

Node 1 MemTotal:       24661580 kB
Node 1 MemFree:        23558292 kB
Node 1 MemUsed:         1103288 kB
Node 1 Active:            47320 kB
Node 1 Inactive:          81368 kB
Node 1 Active(anon):      25604 kB
Node 1 Inactive(anon):      428 kB
Node 1 Active(file):      21716 kB
Node 1 Inactive(file):    80940 kB
Node 1 Unevictable:       12892 kB
Node 1 Mlocked:           12892 kB
Node 1 Dirty:                16 kB
Node 1 Writeback:             0 kB
Node 1 FilePages:        105816 kB
Node 1 Mapped:            65216 kB
Node 1 AnonPages:         35780 kB
Node 1 Shmem:               576 kB
Node 1 KernelStack:        1560 kB
Node 1 PageTables:          860 kB
Node 1 NFS_Unstable:          0 kB
Node 1 Bounce:                0 kB
Node 1 WritebackTmp:          0 kB
Node 1 KReclaimable:      21604 kB
Node 1 Slab:              62772 kB
Node 1 SReclaimable:      21604 kB
Node 1 SUnreclaim:        41168 kB
Node 1 AnonHugePages:         0 kB
Node 1 ShmemHugePages:        0 kB
Node 1 ShmemPmdMapped:        0 kB
Node 1 FileHugePages:        0 kB
Node 1 FilePmdMapped:        0 kB
Node 1 HugePages_Total:     0
Node 1 HugePages_Free:      0
Node 1 HugePages_Surp:      0

After Opposite Node
Node 0 MemTotal:       24768352 kB
Node 0 MemFree:         7525816 kB
Node 0 MemUsed:        17242536 kB
Node 0 Active:            58364 kB
Node 0 Inactive:          56392 kB
Node 0 Active(anon):       7124 kB
Node 0 Inactive(anon):      452 kB
Node 0 Active(file):      51240 kB
Node 0 Inactive(file):    55940 kB
Node 0 Unevictable:        5628 kB
Node 0 Mlocked:            5628 kB
Node 0 Dirty:                28 kB
Node 0 Writeback:             0 kB
Node 0 FilePages:        113496 kB
Node 0 Mapped:            25444 kB
Node 0 AnonPages:          6884 kB
Node 0 Shmem:               692 kB
Node 0 KernelStack:        2920 kB
Node 0 PageTables:          340 kB
Node 0 NFS_Unstable:          0 kB
Node 0 Bounce:                0 kB
Node 0 WritebackTmp:          0 kB
Node 0 KReclaimable:      22728 kB
Node 0 Slab:             116848 kB
Node 0 SReclaimable:      22728 kB
Node 0 SUnreclaim:        94120 kB
Node 0 AnonHugePages:         0 kB
Node 0 ShmemHugePages:        0 kB
Node 0 ShmemPmdMapped:        0 kB
Node 0 FileHugePages:        0 kB
Node 0 FilePmdMapped:        0 kB
Node 0 HugePages_Total:     0
Node 0 HugePages_Free:      0
Node 0 HugePages_Surp:      0

Node 1 MemTotal:       24661580 kB
Node 1 MemFree:        23551228 kB
Node 1 MemUsed:         1110352 kB
Node 1 Active:            47640 kB
Node 1 Inactive:          81408 kB
Node 1 Active(anon):      25836 kB
Node 1 Inactive(anon):      472 kB
Node 1 Active(file):      21804 kB
Node 1 Inactive(file):    80936 kB
Node 1 Unevictable:       12892 kB
Node 1 Mlocked:           12892 kB
Node 1 Dirty:                24 kB
Node 1 Writeback:             0 kB
Node 1 FilePages:        105952 kB
Node 1 Mapped:            65260 kB
Node 1 AnonPages:         35920 kB
Node 1 Shmem:               620 kB
Node 1 KernelStack:        1576 kB
Node 1 PageTables:         1032 kB
Node 1 NFS_Unstable:          0 kB
Node 1 Bounce:                0 kB
Node 1 WritebackTmp:          0 kB
Node 1 KReclaimable:      21668 kB
Node 1 Slab:              64872 kB
Node 1 SReclaimable:      21668 kB
Node 1 SUnreclaim:        43204 kB
Node 1 AnonHugePages:         0 kB
Node 1 ShmemHugePages:        0 kB
Node 1 ShmemPmdMapped:        0 kB
Node 1 FileHugePages:        0 kB
Node 1 FilePmdMapped:        0 kB
Node 1 HugePages_Total:     0
Node 1 HugePages_Free:      0
Node 1 HugePages_Surp:      0

U.0.fio.16G.1.O Complete!
