U.0.fio.500M.3.O
Begin
Node 0 MemTotal:       24743736 kB
Node 0 MemFree:        24436120 kB
Node 0 MemUsed:          307616 kB
Node 0 Active:            60144 kB
Node 0 Inactive:         100364 kB
Node 0 Active(anon):      21012 kB
Node 0 Inactive(anon):      384 kB
Node 0 Active(file):      39132 kB
Node 0 Inactive(file):    99980 kB
Node 0 Unevictable:         476 kB
Node 0 Mlocked:             476 kB
Node 0 Dirty:               256 kB
Node 0 Writeback:             0 kB
Node 0 FilePages:        140316 kB
Node 0 Mapped:            59612 kB
Node 0 AnonPages:         20872 kB
Node 0 Shmem:               580 kB
Node 0 KernelStack:        2376 kB
Node 0 PageTables:          876 kB
Node 0 NFS_Unstable:          0 kB
Node 0 Bounce:                0 kB
Node 0 WritebackTmp:          0 kB
Node 0 KReclaimable:      24164 kB
Node 0 Slab:              58628 kB
Node 0 SReclaimable:      24164 kB
Node 0 SUnreclaim:        34464 kB
Node 0 AnonHugePages:         0 kB
Node 0 ShmemHugePages:        0 kB
Node 0 ShmemPmdMapped:        0 kB
Node 0 FileHugePages:        0 kB
Node 0 FilePmdMapped:        0 kB
Node 0 HugePages_Total:     0
Node 0 HugePages_Free:      0
Node 0 HugePages_Surp:      0

Node 1 MemTotal:       24686196 kB
Node 1 MemFree:        24315888 kB
Node 1 MemUsed:          370308 kB
Node 1 Active:            37712 kB
Node 1 Inactive:          53352 kB
Node 1 Active(anon):      12528 kB
Node 1 Inactive(anon):      476 kB
Node 1 Active(file):      25184 kB
Node 1 Inactive(file):    52876 kB
Node 1 Unevictable:       18048 kB
Node 1 Mlocked:           18048 kB
Node 1 Dirty:               272 kB
Node 1 Writeback:             0 kB
Node 1 FilePages:         86468 kB
Node 1 Mapped:            38096 kB
Node 1 AnonPages:         22696 kB
Node 1 Shmem:               688 kB
Node 1 KernelStack:        1288 kB
Node 1 PageTables:          452 kB
Node 1 NFS_Unstable:          0 kB
Node 1 Bounce:                0 kB
Node 1 WritebackTmp:          0 kB
Node 1 KReclaimable:      17564 kB
Node 1 Slab:              47400 kB
Node 1 SReclaimable:      17564 kB
Node 1 SUnreclaim:        29836 kB
Node 1 AnonHugePages:         0 kB
Node 1 ShmemHugePages:        0 kB
Node 1 ShmemPmdMapped:        0 kB
Node 1 FileHugePages:        0 kB
Node 1 FilePmdMapped:        0 kB
Node 1 HugePages_Total:     0
Node 1 HugePages_Free:      0
Node 1 HugePages_Surp:      0

Load ZFS
Node 0 MemTotal:       24743736 kB
Node 0 MemFree:        24295900 kB
Node 0 MemUsed:          447836 kB
Node 0 Active:            61640 kB
Node 0 Inactive:         100992 kB
Node 0 Active(anon):      21152 kB
Node 0 Inactive(anon):      384 kB
Node 0 Active(file):      40488 kB
Node 0 Inactive(file):   100608 kB
Node 0 Unevictable:         476 kB
Node 0 Mlocked:             476 kB
Node 0 Dirty:               308 kB
Node 0 Writeback:             0 kB
Node 0 FilePages:        142148 kB
Node 0 Mapped:            59616 kB
Node 0 AnonPages:         20872 kB
Node 0 Shmem:               580 kB
Node 0 KernelStack:        2360 kB
Node 0 PageTables:          916 kB
Node 0 NFS_Unstable:          0 kB
Node 0 Bounce:                0 kB
Node 0 WritebackTmp:          0 kB
Node 0 KReclaimable:      24652 kB
Node 0 Slab:              60800 kB
Node 0 SReclaimable:      24652 kB
Node 0 SUnreclaim:        36148 kB
Node 0 AnonHugePages:         0 kB
Node 0 ShmemHugePages:        0 kB
Node 0 ShmemPmdMapped:        0 kB
Node 0 FileHugePages:        0 kB
Node 0 FilePmdMapped:        0 kB
Node 0 HugePages_Total:     0
Node 0 HugePages_Free:      0
Node 0 HugePages_Surp:      0

Node 1 MemTotal:       24686196 kB
Node 1 MemFree:        24446776 kB
Node 1 MemUsed:          239420 kB
Node 1 Active:            46472 kB
Node 1 Inactive:          48716 kB
Node 1 Active(anon):      15940 kB
Node 1 Inactive(anon):      476 kB
Node 1 Active(file):      30532 kB
Node 1 Inactive(file):    48240 kB
Node 1 Unevictable:       18048 kB
Node 1 Mlocked:           18048 kB
Node 1 Dirty:                44 kB
Node 1 Writeback:             0 kB
Node 1 FilePages:         87180 kB
Node 1 Mapped:            38268 kB
Node 1 AnonPages:         26164 kB
Node 1 Shmem:               688 kB
Node 1 KernelStack:        1352 kB
Node 1 PageTables:          612 kB
Node 1 NFS_Unstable:          0 kB
Node 1 Bounce:                0 kB
Node 1 WritebackTmp:          0 kB
Node 1 KReclaimable:      18124 kB
Node 1 Slab:              48900 kB
Node 1 SReclaimable:      18124 kB
Node 1 SUnreclaim:        30776 kB
Node 1 AnonHugePages:         0 kB
Node 1 ShmemHugePages:        0 kB
Node 1 ShmemPmdMapped:        0 kB
Node 1 FileHugePages:        0 kB
Node 1 FilePmdMapped:        0 kB
Node 1 HugePages_Total:     0
Node 1 HugePages_Free:      0
Node 1 HugePages_Surp:      0

Import tank ZPool
Node 0 MemTotal:       24743736 kB
Node 0 MemFree:        24275872 kB
Node 0 MemUsed:          467864 kB
Node 0 Active:            62016 kB
Node 0 Inactive:         102192 kB
Node 0 Active(anon):      21188 kB
Node 0 Inactive(anon):      388 kB
Node 0 Active(file):      40828 kB
Node 0 Inactive(file):   101804 kB
Node 0 Unevictable:         476 kB
Node 0 Mlocked:             476 kB
Node 0 Dirty:               256 kB
Node 0 Writeback:             0 kB
Node 0 FilePages:        143688 kB
Node 0 Mapped:            59972 kB
Node 0 AnonPages:         20480 kB
Node 0 Shmem:               584 kB
Node 0 KernelStack:        3512 kB
Node 0 PageTables:         1000 kB
Node 0 NFS_Unstable:          0 kB
Node 0 Bounce:                0 kB
Node 0 WritebackTmp:          0 kB
Node 0 KReclaimable:      24784 kB
Node 0 Slab:              68376 kB
Node 0 SReclaimable:      24784 kB
Node 0 SUnreclaim:        43592 kB
Node 0 AnonHugePages:         0 kB
Node 0 ShmemHugePages:        0 kB
Node 0 ShmemPmdMapped:        0 kB
Node 0 FileHugePages:        0 kB
Node 0 FilePmdMapped:        0 kB
Node 0 HugePages_Total:     0
Node 0 HugePages_Free:      0
Node 0 HugePages_Surp:      0

Node 1 MemTotal:       24686196 kB
Node 1 MemFree:        24447756 kB
Node 1 MemUsed:          238440 kB
Node 1 Active:            44044 kB
Node 1 Inactive:          48748 kB
Node 1 Active(anon):      13412 kB
Node 1 Inactive(anon):      476 kB
Node 1 Active(file):      30632 kB
Node 1 Inactive(file):    48272 kB
Node 1 Unevictable:       18048 kB
Node 1 Mlocked:           18048 kB
Node 1 Dirty:                48 kB
Node 1 Writeback:             0 kB
Node 1 FilePages:         87336 kB
Node 1 Mapped:            38484 kB
Node 1 AnonPages:         23020 kB
Node 1 Shmem:               684 kB
Node 1 KernelStack:        1368 kB
Node 1 PageTables:          612 kB
Node 1 NFS_Unstable:          0 kB
Node 1 Bounce:                0 kB
Node 1 WritebackTmp:          0 kB
Node 1 KReclaimable:      18124 kB
Node 1 Slab:              49328 kB
Node 1 SReclaimable:      18124 kB
Node 1 SUnreclaim:        31204 kB
Node 1 AnonHugePages:         0 kB
Node 1 ShmemHugePages:        0 kB
Node 1 ShmemPmdMapped:        0 kB
Node 1 FileHugePages:        0 kB
Node 1 FilePmdMapped:        0 kB
Node 1 HugePages_Total:     0
Node 1 HugePages_Free:      0
Node 1 HugePages_Surp:      0

After Test
Node 0 MemTotal:       24743736 kB
Node 0 MemFree:        23302260 kB
Node 0 MemUsed:         1441476 kB
Node 0 Active:            62492 kB
Node 0 Inactive:         103128 kB
Node 0 Active(anon):      20476 kB
Node 0 Inactive(anon):      412 kB
Node 0 Active(file):      42016 kB
Node 0 Inactive(file):   102716 kB
Node 0 Unevictable:         476 kB
Node 0 Mlocked:             476 kB
Node 0 Dirty:               304 kB
Node 0 Writeback:             0 kB
Node 0 FilePages:        145832 kB
Node 0 Mapped:            59608 kB
Node 0 AnonPages:         20176 kB
Node 0 Shmem:               628 kB
Node 0 KernelStack:        3480 kB
Node 0 PageTables:          936 kB
Node 0 NFS_Unstable:          0 kB
Node 0 Bounce:                0 kB
Node 0 WritebackTmp:          0 kB
Node 0 KReclaimable:      26100 kB
Node 0 Slab:              75368 kB
Node 0 SReclaimable:      26100 kB
Node 0 SUnreclaim:        49268 kB
Node 0 AnonHugePages:         0 kB
Node 0 ShmemHugePages:        0 kB
Node 0 ShmemPmdMapped:        0 kB
Node 0 FileHugePages:        0 kB
Node 0 FilePmdMapped:        0 kB
Node 0 HugePages_Total:     0
Node 0 HugePages_Free:      0
Node 0 HugePages_Surp:      0

Node 1 MemTotal:       24686196 kB
Node 1 MemFree:        24358644 kB
Node 1 MemUsed:          327552 kB
Node 1 Active:            43136 kB
Node 1 Inactive:          48696 kB
Node 1 Active(anon):      12416 kB
Node 1 Inactive(anon):      476 kB
Node 1 Active(file):      30720 kB
Node 1 Inactive(file):    48220 kB
Node 1 Unevictable:       18048 kB
Node 1 Mlocked:           18048 kB
Node 1 Dirty:                48 kB
Node 1 Writeback:             0 kB
Node 1 FilePages:         87344 kB
Node 1 Mapped:            38168 kB
Node 1 AnonPages:         22536 kB
Node 1 Shmem:               684 kB
Node 1 KernelStack:        1304 kB
Node 1 PageTables:          452 kB
Node 1 NFS_Unstable:          0 kB
Node 1 Bounce:                0 kB
Node 1 WritebackTmp:          0 kB
Node 1 KReclaimable:      18124 kB
Node 1 Slab:              49640 kB
Node 1 SReclaimable:      18124 kB
Node 1 SUnreclaim:        31516 kB
Node 1 AnonHugePages:         0 kB
Node 1 ShmemHugePages:        0 kB
Node 1 ShmemPmdMapped:        0 kB
Node 1 FileHugePages:        0 kB
Node 1 FilePmdMapped:        0 kB
Node 1 HugePages_Total:     0
Node 1 HugePages_Free:      0
Node 1 HugePages_Surp:      0

After Opposite Node
Node 0 MemTotal:       24743736 kB
Node 0 MemFree:        23302164 kB
Node 0 MemUsed:         1441572 kB
Node 0 Active:            62528 kB
Node 0 Inactive:         102928 kB
Node 0 Active(anon):      20316 kB
Node 0 Inactive(anon):      388 kB
Node 0 Active(file):      42212 kB
Node 0 Inactive(file):   102540 kB
Node 0 Unevictable:         476 kB
Node 0 Mlocked:             476 kB
Node 0 Dirty:               324 kB
Node 0 Writeback:             0 kB
Node 0 FilePages:        145808 kB
Node 0 Mapped:            59804 kB
Node 0 AnonPages:         20120 kB
Node 0 Shmem:               584 kB
Node 0 KernelStack:        3464 kB
Node 0 PageTables:          824 kB
Node 0 NFS_Unstable:          0 kB
Node 0 Bounce:                0 kB
Node 0 WritebackTmp:          0 kB
Node 0 KReclaimable:      26100 kB
Node 0 Slab:              75356 kB
Node 0 SReclaimable:      26100 kB
Node 0 SUnreclaim:        49256 kB
Node 0 AnonHugePages:         0 kB
Node 0 ShmemHugePages:        0 kB
Node 0 ShmemPmdMapped:        0 kB
Node 0 FileHugePages:        0 kB
Node 0 FilePmdMapped:        0 kB
Node 0 HugePages_Total:     0
Node 0 HugePages_Free:      0
Node 0 HugePages_Surp:      0

Node 1 MemTotal:       24686196 kB
Node 1 MemFree:        24357284 kB
Node 1 MemUsed:          328912 kB
Node 1 Active:            43296 kB
Node 1 Inactive:          48728 kB
Node 1 Active(anon):      12572 kB
Node 1 Inactive(anon):      500 kB
Node 1 Active(file):      30724 kB
Node 1 Inactive(file):    48228 kB
Node 1 Unevictable:       18048 kB
Node 1 Mlocked:           18048 kB
Node 1 Dirty:                56 kB
Node 1 Writeback:             0 kB
Node 1 FilePages:         87400 kB
Node 1 Mapped:            38212 kB
Node 1 AnonPages:         22592 kB
Node 1 Shmem:               728 kB
Node 1 KernelStack:        1320 kB
Node 1 PageTables:          568 kB
Node 1 NFS_Unstable:          0 kB
Node 1 Bounce:                0 kB
Node 1 WritebackTmp:          0 kB
Node 1 KReclaimable:      18156 kB
Node 1 Slab:              49908 kB
Node 1 SReclaimable:      18156 kB
Node 1 SUnreclaim:        31752 kB
Node 1 AnonHugePages:         0 kB
Node 1 ShmemHugePages:        0 kB
Node 1 ShmemPmdMapped:        0 kB
Node 1 FileHugePages:        0 kB
Node 1 FilePmdMapped:        0 kB
Node 1 HugePages_Total:     0
Node 1 HugePages_Free:      0
Node 1 HugePages_Surp:      0

U.0.fio.500M.3.O Complete!
