U.0.fio.4G.1.O
Begin
Node 0 MemTotal:       24743736 kB
Node 0 MemFree:        24383796 kB
Node 0 MemUsed:          359940 kB
Node 0 Active:            27308 kB
Node 0 Inactive:          68656 kB
Node 0 Active(anon):      10028 kB
Node 0 Inactive(anon):      472 kB
Node 0 Active(file):      17280 kB
Node 0 Inactive(file):    68184 kB
Node 0 Unevictable:        1496 kB
Node 0 Mlocked:            1496 kB
Node 0 Dirty:               552 kB
Node 0 Writeback:             0 kB
Node 0 FilePages:         87772 kB
Node 0 Mapped:            24580 kB
Node 0 AnonPages:          9856 kB
Node 0 Shmem:               672 kB
Node 0 KernelStack:        1896 kB
Node 0 PageTables:          408 kB
Node 0 NFS_Unstable:          0 kB
Node 0 Bounce:                0 kB
Node 0 WritebackTmp:          0 kB
Node 0 KReclaimable:      15672 kB
Node 0 Slab:              46864 kB
Node 0 SReclaimable:      15672 kB
Node 0 SUnreclaim:        31192 kB
Node 0 AnonHugePages:         0 kB
Node 0 ShmemHugePages:        0 kB
Node 0 ShmemPmdMapped:        0 kB
Node 0 FileHugePages:        0 kB
Node 0 FilePmdMapped:        0 kB
Node 0 HugePages_Total:     0
Node 0 HugePages_Free:      0
Node 0 HugePages_Surp:      0

Node 1 MemTotal:       24686196 kB
Node 1 MemFree:        24427720 kB
Node 1 MemUsed:          258476 kB
Node 1 Active:            69020 kB
Node 1 Inactive:          28136 kB
Node 1 Active(anon):      23484 kB
Node 1 Inactive(anon):      412 kB
Node 1 Active(file):      45536 kB
Node 1 Inactive(file):    27724 kB
Node 1 Unevictable:       17024 kB
Node 1 Mlocked:           17024 kB
Node 1 Dirty:                44 kB
Node 1 Writeback:             0 kB
Node 1 FilePages:         80556 kB
Node 1 Mapped:            30268 kB
Node 1 AnonPages:         33712 kB
Node 1 Shmem:               596 kB
Node 1 KernelStack:        1752 kB
Node 1 PageTables:          712 kB
Node 1 NFS_Unstable:          0 kB
Node 1 Bounce:                0 kB
Node 1 WritebackTmp:          0 kB
Node 1 KReclaimable:      25988 kB
Node 1 Slab:              60136 kB
Node 1 SReclaimable:      25988 kB
Node 1 SUnreclaim:        34148 kB
Node 1 AnonHugePages:         0 kB
Node 1 ShmemHugePages:        0 kB
Node 1 ShmemPmdMapped:        0 kB
Node 1 FileHugePages:        0 kB
Node 1 FilePmdMapped:        0 kB
Node 1 HugePages_Total:     0
Node 1 HugePages_Free:      0
Node 1 HugePages_Surp:      0

Load ZFS
Node 0 MemTotal:       24743736 kB
Node 0 MemFree:        24514992 kB
Node 0 MemUsed:          228744 kB
Node 0 Active:            34992 kB
Node 0 Inactive:          64060 kB
Node 0 Active(anon):      11768 kB
Node 0 Inactive(anon):      472 kB
Node 0 Active(file):      23224 kB
Node 0 Inactive(file):    63588 kB
Node 0 Unevictable:        1496 kB
Node 0 Mlocked:            1496 kB
Node 0 Dirty:               576 kB
Node 0 Writeback:             0 kB
Node 0 FilePages:         88976 kB
Node 0 Mapped:            24588 kB
Node 0 AnonPages:         11600 kB
Node 0 Shmem:               672 kB
Node 0 KernelStack:        2024 kB
Node 0 PageTables:          448 kB
Node 0 NFS_Unstable:          0 kB
Node 0 Bounce:                0 kB
Node 0 WritebackTmp:          0 kB
Node 0 KReclaimable:      16196 kB
Node 0 Slab:              48132 kB
Node 0 SReclaimable:      16196 kB
Node 0 SUnreclaim:        31936 kB
Node 0 AnonHugePages:         0 kB
Node 0 ShmemHugePages:        0 kB
Node 0 ShmemPmdMapped:        0 kB
Node 0 FileHugePages:        0 kB
Node 0 FilePmdMapped:        0 kB
Node 0 HugePages_Total:     0
Node 0 HugePages_Free:      0
Node 0 HugePages_Surp:      0

Node 1 MemTotal:       24686196 kB
Node 1 MemFree:        24282924 kB
Node 1 MemUsed:          403272 kB
Node 1 Active:            74664 kB
Node 1 Inactive:          28592 kB
Node 1 Active(anon):      28280 kB
Node 1 Inactive(anon):      412 kB
Node 1 Active(file):      46384 kB
Node 1 Inactive(file):    28180 kB
Node 1 Unevictable:       17024 kB
Node 1 Mlocked:           17024 kB
Node 1 Dirty:                44 kB
Node 1 Writeback:             0 kB
Node 1 FilePages:         81860 kB
Node 1 Mapped:            30476 kB
Node 1 AnonPages:         38332 kB
Node 1 Shmem:               596 kB
Node 1 KernelStack:        1816 kB
Node 1 PageTables:         1116 kB
Node 1 NFS_Unstable:          0 kB
Node 1 Bounce:                0 kB
Node 1 WritebackTmp:          0 kB
Node 1 KReclaimable:      26548 kB
Node 1 Slab:              62580 kB
Node 1 SReclaimable:      26548 kB
Node 1 SUnreclaim:        36032 kB
Node 1 AnonHugePages:         0 kB
Node 1 ShmemHugePages:        0 kB
Node 1 ShmemPmdMapped:        0 kB
Node 1 FileHugePages:        0 kB
Node 1 FilePmdMapped:        0 kB
Node 1 HugePages_Total:     0
Node 1 HugePages_Free:      0
Node 1 HugePages_Surp:      0

Import tank ZPool
Node 0 MemTotal:       24743736 kB
Node 0 MemFree:        24498920 kB
Node 0 MemUsed:          244816 kB
Node 0 Active:            35072 kB
Node 0 Inactive:          64020 kB
Node 0 Active(anon):      11792 kB
Node 0 Inactive(anon):      472 kB
Node 0 Active(file):      23280 kB
Node 0 Inactive(file):    63548 kB
Node 0 Unevictable:        1496 kB
Node 0 Mlocked:            1496 kB
Node 0 Dirty:               380 kB
Node 0 Writeback:             0 kB
Node 0 FilePages:         88992 kB
Node 0 Mapped:            24628 kB
Node 0 AnonPages:         11612 kB
Node 0 Shmem:               672 kB
Node 0 KernelStack:        3128 kB
Node 0 PageTables:          448 kB
Node 0 NFS_Unstable:          0 kB
Node 0 Bounce:                0 kB
Node 0 WritebackTmp:          0 kB
Node 0 KReclaimable:      16196 kB
Node 0 Slab:              50724 kB
Node 0 SReclaimable:      16196 kB
Node 0 SUnreclaim:        34528 kB
Node 0 AnonHugePages:         0 kB
Node 0 ShmemHugePages:        0 kB
Node 0 ShmemPmdMapped:        0 kB
Node 0 FileHugePages:        0 kB
Node 0 FilePmdMapped:        0 kB
Node 0 HugePages_Total:     0
Node 0 HugePages_Free:      0
Node 0 HugePages_Surp:      0

Node 1 MemTotal:       24686196 kB
Node 1 MemFree:        24276232 kB
Node 1 MemUsed:          409964 kB
Node 1 Active:            75344 kB
Node 1 Inactive:          29780 kB
Node 1 Active(anon):      28588 kB
Node 1 Inactive(anon):      416 kB
Node 1 Active(file):      46756 kB
Node 1 Inactive(file):    29364 kB
Node 1 Unevictable:       17024 kB
Node 1 Mlocked:           17024 kB
Node 1 Dirty:                52 kB
Node 1 Writeback:             0 kB
Node 1 FilePages:         83420 kB
Node 1 Mapped:            30520 kB
Node 1 AnonPages:         38424 kB
Node 1 Shmem:               596 kB
Node 1 KernelStack:        1832 kB
Node 1 PageTables:         1196 kB
Node 1 NFS_Unstable:          0 kB
Node 1 Bounce:                0 kB
Node 1 WritebackTmp:          0 kB
Node 1 KReclaimable:      26668 kB
Node 1 Slab:              67808 kB
Node 1 SReclaimable:      26668 kB
Node 1 SUnreclaim:        41140 kB
Node 1 AnonHugePages:         0 kB
Node 1 ShmemHugePages:        0 kB
Node 1 ShmemPmdMapped:        0 kB
Node 1 FileHugePages:        0 kB
Node 1 FilePmdMapped:        0 kB
Node 1 HugePages_Total:     0
Node 1 HugePages_Free:      0
Node 1 HugePages_Surp:      0

After Test
Node 0 MemTotal:       24743736 kB
Node 0 MemFree:        20086292 kB
Node 0 MemUsed:         4657444 kB
Node 0 Active:            34032 kB
Node 0 Inactive:          65184 kB
Node 0 Active(anon):       9824 kB
Node 0 Inactive(anon):      496 kB
Node 0 Active(file):      24208 kB
Node 0 Inactive(file):    64688 kB
Node 0 Unevictable:        1496 kB
Node 0 Mlocked:            1496 kB
Node 0 Dirty:                24 kB
Node 0 Writeback:             0 kB
Node 0 FilePages:         91100 kB
Node 0 Mapped:            24820 kB
Node 0 AnonPages:          9576 kB
Node 0 Shmem:               712 kB
Node 0 KernelStack:        3064 kB
Node 0 PageTables:          596 kB
Node 0 NFS_Unstable:          0 kB
Node 0 Bounce:                0 kB
Node 0 WritebackTmp:          0 kB
Node 0 KReclaimable:      17504 kB
Node 0 Slab:              70368 kB
Node 0 SReclaimable:      17504 kB
Node 0 SUnreclaim:        52864 kB
Node 0 AnonHugePages:         0 kB
Node 0 ShmemHugePages:        0 kB
Node 0 ShmemPmdMapped:        0 kB
Node 0 FileHugePages:        0 kB
Node 0 FilePmdMapped:        0 kB
Node 0 HugePages_Total:     0
Node 0 HugePages_Free:      0
Node 0 HugePages_Surp:      0

Node 1 MemTotal:       24686196 kB
Node 1 MemFree:        23656580 kB
Node 1 MemUsed:         1029616 kB
Node 1 Active:            70068 kB
Node 1 Inactive:          29592 kB
Node 1 Active(anon):      23036 kB
Node 1 Inactive(anon):      420 kB
Node 1 Active(file):      47032 kB
Node 1 Inactive(file):    29172 kB
Node 1 Unevictable:       17024 kB
Node 1 Mlocked:           17024 kB
Node 1 Dirty:                 8 kB
Node 1 Writeback:             0 kB
Node 1 FilePages:         83504 kB
Node 1 Mapped:            30304 kB
Node 1 AnonPages:         33180 kB
Node 1 Shmem:               600 kB
Node 1 KernelStack:        1652 kB
Node 1 PageTables:          640 kB
Node 1 NFS_Unstable:          0 kB
Node 1 Bounce:                0 kB
Node 1 WritebackTmp:          0 kB
Node 1 KReclaimable:      26848 kB
Node 1 Slab:              70108 kB
Node 1 SReclaimable:      26848 kB
Node 1 SUnreclaim:        43260 kB
Node 1 AnonHugePages:         0 kB
Node 1 ShmemHugePages:        0 kB
Node 1 ShmemPmdMapped:        0 kB
Node 1 FileHugePages:        0 kB
Node 1 FilePmdMapped:        0 kB
Node 1 HugePages_Total:     0
Node 1 HugePages_Free:      0
Node 1 HugePages_Surp:      0

After Opposite Node
Node 0 MemTotal:       24743736 kB
Node 0 MemFree:        20090144 kB
Node 0 MemUsed:         4653592 kB
Node 0 Active:            34044 kB
Node 0 Inactive:          64972 kB
Node 0 Active(anon):       9636 kB
Node 0 Inactive(anon):      468 kB
Node 0 Active(file):      24408 kB
Node 0 Inactive(file):    64504 kB
Node 0 Unevictable:        1496 kB
Node 0 Mlocked:            1496 kB
Node 0 Dirty:                56 kB
Node 0 Writeback:             0 kB
Node 0 FilePages:         91080 kB
Node 0 Mapped:            24804 kB
Node 0 AnonPages:          9436 kB
Node 0 Shmem:               668 kB
Node 0 KernelStack:        3016 kB
Node 0 PageTables:          424 kB
Node 0 NFS_Unstable:          0 kB
Node 0 Bounce:                0 kB
Node 0 WritebackTmp:          0 kB
Node 0 KReclaimable:      17504 kB
Node 0 Slab:              69872 kB
Node 0 SReclaimable:      17504 kB
Node 0 SUnreclaim:        52368 kB
Node 0 AnonHugePages:         0 kB
Node 0 ShmemHugePages:        0 kB
Node 0 ShmemPmdMapped:        0 kB
Node 0 FileHugePages:        0 kB
Node 0 FilePmdMapped:        0 kB
Node 0 HugePages_Total:     0
Node 0 HugePages_Free:      0
Node 0 HugePages_Surp:      0

Node 1 MemTotal:       24686196 kB
Node 1 MemFree:        23656072 kB
Node 1 MemUsed:         1030124 kB
Node 1 Active:            70300 kB
Node 1 Inactive:          29616 kB
Node 1 Active(anon):      23232 kB
Node 1 Inactive(anon):      448 kB
Node 1 Active(file):      47068 kB
Node 1 Inactive(file):    29168 kB
Node 1 Unevictable:       17024 kB
Node 1 Mlocked:           17024 kB
Node 1 Dirty:                36 kB
Node 1 Writeback:             0 kB
Node 1 FilePages:         83580 kB
Node 1 Mapped:            30348 kB
Node 1 AnonPages:         33332 kB
Node 1 Shmem:               644 kB
Node 1 KernelStack:        1624 kB
Node 1 PageTables:          824 kB
Node 1 NFS_Unstable:          0 kB
Node 1 Bounce:                0 kB
Node 1 WritebackTmp:          0 kB
Node 1 KReclaimable:      26884 kB
Node 1 Slab:              71544 kB
Node 1 SReclaimable:      26884 kB
Node 1 SUnreclaim:        44660 kB
Node 1 AnonHugePages:         0 kB
Node 1 ShmemHugePages:        0 kB
Node 1 ShmemPmdMapped:        0 kB
Node 1 FileHugePages:        0 kB
Node 1 FilePmdMapped:        0 kB
Node 1 HugePages_Total:     0
Node 1 HugePages_Free:      0
Node 1 HugePages_Surp:      0

U.0.fio.4G.1.O Complete!
