U.0.fio.0-12K.1.O
Begin
Node 0 MemTotal:       24768352 kB
Node 0 MemFree:        24452144 kB
Node 0 MemUsed:          316208 kB
Node 0 Active:            39380 kB
Node 0 Inactive:         123072 kB
Node 0 Active(anon):      13608 kB
Node 0 Inactive(anon):      520 kB
Node 0 Active(file):      25772 kB
Node 0 Inactive(file):   122552 kB
Node 0 Unevictable:       17276 kB
Node 0 Mlocked:           17276 kB
Node 0 Dirty:               264 kB
Node 0 Writeback:             0 kB
Node 0 FilePages:        155976 kB
Node 0 Mapped:            79264 kB
Node 0 AnonPages:         23788 kB
Node 0 Shmem:               704 kB
Node 0 KernelStack:        1912 kB
Node 0 PageTables:          840 kB
Node 0 NFS_Unstable:          0 kB
Node 0 Bounce:                0 kB
Node 0 WritebackTmp:          0 kB
Node 0 KReclaimable:      23032 kB
Node 0 Slab:              54276 kB
Node 0 SReclaimable:      23032 kB
Node 0 SUnreclaim:        31244 kB
Node 0 AnonHugePages:         0 kB
Node 0 ShmemHugePages:        0 kB
Node 0 ShmemPmdMapped:        0 kB
Node 0 FileHugePages:        0 kB
Node 0 FilePmdMapped:        0 kB
Node 0 HugePages_Total:     0
Node 0 HugePages_Free:      0
Node 0 HugePages_Surp:      0

Node 1 MemTotal:       24661580 kB
Node 1 MemFree:        24307392 kB
Node 1 MemUsed:          354188 kB
Node 1 Active:            58552 kB
Node 1 Inactive:          23612 kB
Node 1 Active(anon):      20136 kB
Node 1 Inactive(anon):      368 kB
Node 1 Active(file):      38416 kB
Node 1 Inactive(file):    23244 kB
Node 1 Unevictable:        1244 kB
Node 1 Mlocked:            1244 kB
Node 1 Dirty:               296 kB
Node 1 Writeback:             0 kB
Node 1 FilePages:         63520 kB
Node 1 Mapped:            14784 kB
Node 1 AnonPages:         19992 kB
Node 1 Shmem:               564 kB
Node 1 KernelStack:        1720 kB
Node 1 PageTables:          464 kB
Node 1 NFS_Unstable:          0 kB
Node 1 Bounce:                0 kB
Node 1 WritebackTmp:          0 kB
Node 1 KReclaimable:      19036 kB
Node 1 Slab:              51860 kB
Node 1 SReclaimable:      19036 kB
Node 1 SUnreclaim:        32824 kB
Node 1 AnonHugePages:         0 kB
Node 1 ShmemHugePages:        0 kB
Node 1 ShmemPmdMapped:        0 kB
Node 1 FileHugePages:        0 kB
Node 1 FilePmdMapped:        0 kB
Node 1 HugePages_Total:     0
Node 1 HugePages_Free:      0
Node 1 HugePages_Surp:      0

Load ZFS
Node 0 MemTotal:       24768352 kB
Node 0 MemFree:        24449276 kB
Node 0 MemUsed:          319076 kB
Node 0 Active:            41192 kB
Node 0 Inactive:         123160 kB
Node 0 Active(anon):      14476 kB
Node 0 Inactive(anon):      520 kB
Node 0 Active(file):      26716 kB
Node 0 Inactive(file):   122640 kB
Node 0 Unevictable:       17276 kB
Node 0 Mlocked:           17276 kB
Node 0 Dirty:               300 kB
Node 0 Writeback:             0 kB
Node 0 FilePages:        157008 kB
Node 0 Mapped:            79268 kB
Node 0 AnonPages:         24684 kB
Node 0 Shmem:               704 kB
Node 0 KernelStack:        1912 kB
Node 0 PageTables:          848 kB
Node 0 NFS_Unstable:          0 kB
Node 0 Bounce:                0 kB
Node 0 WritebackTmp:          0 kB
Node 0 KReclaimable:      23480 kB
Node 0 Slab:              56116 kB
Node 0 SReclaimable:      23480 kB
Node 0 SUnreclaim:        32636 kB
Node 0 AnonHugePages:         0 kB
Node 0 ShmemHugePages:        0 kB
Node 0 ShmemPmdMapped:        0 kB
Node 0 FileHugePages:        0 kB
Node 0 FilePmdMapped:        0 kB
Node 0 HugePages_Total:     0
Node 0 HugePages_Free:      0
Node 0 HugePages_Surp:      0

Node 1 MemTotal:       24661580 kB
Node 1 MemFree:        24300236 kB
Node 1 MemUsed:          361344 kB
Node 1 Active:            68176 kB
Node 1 Inactive:          19584 kB
Node 1 Active(anon):      24184 kB
Node 1 Inactive(anon):      372 kB
Node 1 Active(file):      43992 kB
Node 1 Inactive(file):    19212 kB
Node 1 Unevictable:        1244 kB
Node 1 Mlocked:            1244 kB
Node 1 Dirty:               296 kB
Node 1 Writeback:             0 kB
Node 1 FilePages:         65012 kB
Node 1 Mapped:            14924 kB
Node 1 AnonPages:         23928 kB
Node 1 Shmem:               564 kB
Node 1 KernelStack:        1816 kB
Node 1 PageTables:          740 kB
Node 1 NFS_Unstable:          0 kB
Node 1 Bounce:                0 kB
Node 1 WritebackTmp:          0 kB
Node 1 KReclaimable:      19404 kB
Node 1 Slab:              53076 kB
Node 1 SReclaimable:      19404 kB
Node 1 SUnreclaim:        33672 kB
Node 1 AnonHugePages:         0 kB
Node 1 ShmemHugePages:        0 kB
Node 1 ShmemPmdMapped:        0 kB
Node 1 FileHugePages:        0 kB
Node 1 FilePmdMapped:        0 kB
Node 1 HugePages_Total:     0
Node 1 HugePages_Free:      0
Node 1 HugePages_Surp:      0

Import tank ZPool
Node 0 MemTotal:       24768352 kB
Node 0 MemFree:        24450380 kB
Node 0 MemUsed:          317972 kB
Node 0 Active:            41248 kB
Node 0 Inactive:         123124 kB
Node 0 Active(anon):      14472 kB
Node 0 Inactive(anon):      520 kB
Node 0 Active(file):      26776 kB
Node 0 Inactive(file):   122604 kB
Node 0 Unevictable:       17276 kB
Node 0 Mlocked:           17276 kB
Node 0 Dirty:               340 kB
Node 0 Writeback:             0 kB
Node 0 FilePages:        157028 kB
Node 0 Mapped:            79496 kB
Node 0 AnonPages:         24684 kB
Node 0 Shmem:               700 kB
Node 0 KernelStack:        1896 kB
Node 0 PageTables:          848 kB
Node 0 NFS_Unstable:          0 kB
Node 0 Bounce:                0 kB
Node 0 WritebackTmp:          0 kB
Node 0 KReclaimable:      23480 kB
Node 0 Slab:              56568 kB
Node 0 SReclaimable:      23480 kB
Node 0 SUnreclaim:        33088 kB
Node 0 AnonHugePages:         0 kB
Node 0 ShmemHugePages:        0 kB
Node 0 ShmemPmdMapped:        0 kB
Node 0 FileHugePages:        0 kB
Node 0 FilePmdMapped:        0 kB
Node 0 HugePages_Total:     0
Node 0 HugePages_Free:      0
Node 0 HugePages_Surp:      0

Node 1 MemTotal:       24661580 kB
Node 1 MemFree:        24279284 kB
Node 1 MemUsed:          382296 kB
Node 1 Active:            68836 kB
Node 1 Inactive:          20672 kB
Node 1 Active(anon):      24412 kB
Node 1 Inactive(anon):      376 kB
Node 1 Active(file):      44424 kB
Node 1 Inactive(file):    20296 kB
Node 1 Unevictable:        1244 kB
Node 1 Mlocked:            1244 kB
Node 1 Dirty:                68 kB
Node 1 Writeback:             0 kB
Node 1 FilePages:         66588 kB
Node 1 Mapped:            14948 kB
Node 1 AnonPages:         24428 kB
Node 1 Shmem:               568 kB
Node 1 KernelStack:        2968 kB
Node 1 PageTables:          736 kB
Node 1 NFS_Unstable:          0 kB
Node 1 Bounce:                0 kB
Node 1 WritebackTmp:          0 kB
Node 1 KReclaimable:      19560 kB
Node 1 Slab:              60120 kB
Node 1 SReclaimable:      19560 kB
Node 1 SUnreclaim:        40560 kB
Node 1 AnonHugePages:         0 kB
Node 1 ShmemHugePages:        0 kB
Node 1 ShmemPmdMapped:        0 kB
Node 1 FileHugePages:        0 kB
Node 1 FilePmdMapped:        0 kB
Node 1 HugePages_Total:     0
Node 1 HugePages_Free:      0
Node 1 HugePages_Surp:      0

After Test
Node 0 MemTotal:       24768352 kB
Node 0 MemFree:        24444728 kB
Node 0 MemUsed:          323624 kB
Node 0 Active:            42132 kB
Node 0 Inactive:         124280 kB
Node 0 Active(anon):      14548 kB
Node 0 Inactive(anon):      552 kB
Node 0 Active(file):      27584 kB
Node 0 Inactive(file):   123728 kB
Node 0 Unevictable:       17276 kB
Node 0 Mlocked:           17276 kB
Node 0 Dirty:               348 kB
Node 0 Writeback:             0 kB
Node 0 FilePages:        159004 kB
Node 0 Mapped:            79548 kB
Node 0 AnonPages:         24584 kB
Node 0 Shmem:               744 kB
Node 0 KernelStack:        1992 kB
Node 0 PageTables:          980 kB
Node 0 NFS_Unstable:          0 kB
Node 0 Bounce:                0 kB
Node 0 WritebackTmp:          0 kB
Node 0 KReclaimable:      24796 kB
Node 0 Slab:              58344 kB
Node 0 SReclaimable:      24796 kB
Node 0 SUnreclaim:        33548 kB
Node 0 AnonHugePages:         0 kB
Node 0 ShmemHugePages:        0 kB
Node 0 ShmemPmdMapped:        0 kB
Node 0 FileHugePages:        0 kB
Node 0 FilePmdMapped:        0 kB
Node 0 HugePages_Total:     0
Node 0 HugePages_Free:      0
Node 0 HugePages_Surp:      0

Node 1 MemTotal:       24661580 kB
Node 1 MemFree:        24278692 kB
Node 1 MemUsed:          382888 kB
Node 1 Active:            68976 kB
Node 1 Inactive:          20516 kB
Node 1 Active(anon):      24304 kB
Node 1 Inactive(anon):      376 kB
Node 1 Active(file):      44672 kB
Node 1 Inactive(file):    20140 kB
Node 1 Unevictable:        1244 kB
Node 1 Mlocked:            1244 kB
Node 1 Dirty:                68 kB
Node 1 Writeback:             0 kB
Node 1 FilePages:         66624 kB
Node 1 Mapped:            14792 kB
Node 1 AnonPages:         24156 kB
Node 1 Shmem:               568 kB
Node 1 KernelStack:        2952 kB
Node 1 PageTables:          704 kB
Node 1 NFS_Unstable:          0 kB
Node 1 Bounce:                0 kB
Node 1 WritebackTmp:          0 kB
Node 1 KReclaimable:      19560 kB
Node 1 Slab:              60252 kB
Node 1 SReclaimable:      19560 kB
Node 1 SUnreclaim:        40692 kB
Node 1 AnonHugePages:         0 kB
Node 1 ShmemHugePages:        0 kB
Node 1 ShmemPmdMapped:        0 kB
Node 1 FileHugePages:        0 kB
Node 1 FilePmdMapped:        0 kB
Node 1 HugePages_Total:     0
Node 1 HugePages_Free:      0
Node 1 HugePages_Surp:      0

After Opposite Node
Node 0 MemTotal:       24768352 kB
Node 0 MemFree:        24444768 kB
Node 0 MemUsed:          323584 kB
Node 0 Active:            42412 kB
Node 0 Inactive:         124104 kB
Node 0 Active(anon):      14540 kB
Node 0 Inactive(anon):      520 kB
Node 0 Active(file):      27872 kB
Node 0 Inactive(file):   123584 kB
Node 0 Unevictable:       17276 kB
Node 0 Mlocked:           17276 kB
Node 0 Dirty:               356 kB
Node 0 Writeback:             0 kB
Node 0 FilePages:        159104 kB
Node 0 Mapped:            79504 kB
Node 0 AnonPages:         24684 kB
Node 0 Shmem:               700 kB
Node 0 KernelStack:        1896 kB
Node 0 PageTables:          848 kB
Node 0 NFS_Unstable:          0 kB
Node 0 Bounce:                0 kB
Node 0 WritebackTmp:          0 kB
Node 0 KReclaimable:      24796 kB
Node 0 Slab:              58416 kB
Node 0 SReclaimable:      24796 kB
Node 0 SUnreclaim:        33620 kB
Node 0 AnonHugePages:         0 kB
Node 0 ShmemHugePages:        0 kB
Node 0 ShmemPmdMapped:        0 kB
Node 0 FileHugePages:        0 kB
Node 0 FilePmdMapped:        0 kB
Node 0 HugePages_Total:     0
Node 0 HugePages_Free:      0
Node 0 HugePages_Surp:      0

Node 1 MemTotal:       24661580 kB
Node 1 MemFree:        24277364 kB
Node 1 MemUsed:          384216 kB
Node 1 Active:            69092 kB
Node 1 Inactive:          20536 kB
Node 1 Active(anon):      24392 kB
Node 1 Inactive(anon):      400 kB
Node 1 Active(file):      44700 kB
Node 1 Inactive(file):    20136 kB
Node 1 Unevictable:        1244 kB
Node 1 Mlocked:            1244 kB
Node 1 Dirty:                88 kB
Node 1 Writeback:             0 kB
Node 1 FilePages:         66692 kB
Node 1 Mapped:            14808 kB
Node 1 AnonPages:         24092 kB
Node 1 Shmem:               612 kB
Node 1 KernelStack:        2968 kB
Node 1 PageTables:          816 kB
Node 1 NFS_Unstable:          0 kB
Node 1 Bounce:                0 kB
Node 1 WritebackTmp:          0 kB
Node 1 KReclaimable:      19652 kB
Node 1 Slab:              60668 kB
Node 1 SReclaimable:      19652 kB
Node 1 SUnreclaim:        41016 kB
Node 1 AnonHugePages:         0 kB
Node 1 ShmemHugePages:        0 kB
Node 1 ShmemPmdMapped:        0 kB
Node 1 FileHugePages:        0 kB
Node 1 FilePmdMapped:        0 kB
Node 1 HugePages_Total:     0
Node 1 HugePages_Free:      0
Node 1 HugePages_Surp:      0

U.0.fio.0-12K.1.O Complete!
