U.0.fio.16G.3.O
Begin
Node 0 MemTotal:       24768352 kB
Node 0 MemFree:        24580580 kB
Node 0 MemUsed:          187772 kB
Node 0 Active:            24184 kB
Node 0 Inactive:          43384 kB
Node 0 Active(anon):       7532 kB
Node 0 Inactive(anon):      428 kB
Node 0 Active(file):      16652 kB
Node 0 Inactive(file):    42956 kB
Node 0 Unevictable:        1220 kB
Node 0 Mlocked:            1220 kB
Node 0 Dirty:                20 kB
Node 0 Writeback:             0 kB
Node 0 FilePages:         61428 kB
Node 0 Mapped:            11028 kB
Node 0 AnonPages:          7440 kB
Node 0 Shmem:               600 kB
Node 0 KernelStack:        2120 kB
Node 0 PageTables:          304 kB
Node 0 NFS_Unstable:          0 kB
Node 0 Bounce:                0 kB
Node 0 WritebackTmp:          0 kB
Node 0 KReclaimable:      17740 kB
Node 0 Slab:              41572 kB
Node 0 SReclaimable:      17740 kB
Node 0 SUnreclaim:        23832 kB
Node 0 AnonHugePages:         0 kB
Node 0 ShmemHugePages:        0 kB
Node 0 ShmemPmdMapped:        0 kB
Node 0 FileHugePages:        0 kB
Node 0 FilePmdMapped:        0 kB
Node 0 HugePages_Total:     0
Node 0 HugePages_Free:      0
Node 0 HugePages_Surp:      0

Node 1 MemTotal:       24661580 kB
Node 1 MemFree:        24212868 kB
Node 1 MemUsed:          448712 kB
Node 1 Active:            71948 kB
Node 1 Inactive:          72624 kB
Node 1 Active(anon):      25972 kB
Node 1 Inactive(anon):      444 kB
Node 1 Active(file):      45976 kB
Node 1 Inactive(file):    72180 kB
Node 1 Unevictable:       17300 kB
Node 1 Mlocked:           17300 kB
Node 1 Dirty:               148 kB
Node 1 Writeback:             0 kB
Node 1 FilePages:        125804 kB
Node 1 Mapped:            62168 kB
Node 1 AnonPages:         36112 kB
Node 1 Shmem:               668 kB
Node 1 KernelStack:        1528 kB
Node 1 PageTables:          852 kB
Node 1 NFS_Unstable:          0 kB
Node 1 Bounce:                0 kB
Node 1 WritebackTmp:          0 kB
Node 1 KReclaimable:      23908 kB
Node 1 Slab:              64920 kB
Node 1 SReclaimable:      23908 kB
Node 1 SUnreclaim:        41012 kB
Node 1 AnonHugePages:         0 kB
Node 1 ShmemHugePages:        0 kB
Node 1 ShmemPmdMapped:        0 kB
Node 1 FileHugePages:        0 kB
Node 1 FilePmdMapped:        0 kB
Node 1 HugePages_Total:     0
Node 1 HugePages_Free:      0
Node 1 HugePages_Surp:      0

Load ZFS
Node 0 MemTotal:       24768352 kB
Node 0 MemFree:        24573604 kB
Node 0 MemUsed:          194748 kB
Node 0 Active:            28016 kB
Node 0 Inactive:          43656 kB
Node 0 Active(anon):      11132 kB
Node 0 Inactive(anon):      428 kB
Node 0 Active(file):      16884 kB
Node 0 Inactive(file):    43228 kB
Node 0 Unevictable:        1220 kB
Node 0 Mlocked:            1220 kB
Node 0 Dirty:                20 kB
Node 0 Writeback:             0 kB
Node 0 FilePages:         61932 kB
Node 0 Mapped:            11196 kB
Node 0 AnonPages:         11036 kB
Node 0 Shmem:               600 kB
Node 0 KernelStack:        2200 kB
Node 0 PageTables:          528 kB
Node 0 NFS_Unstable:          0 kB
Node 0 Bounce:                0 kB
Node 0 WritebackTmp:          0 kB
Node 0 KReclaimable:      18164 kB
Node 0 Slab:              43680 kB
Node 0 SReclaimable:      18164 kB
Node 0 SUnreclaim:        25516 kB
Node 0 AnonHugePages:         0 kB
Node 0 ShmemHugePages:        0 kB
Node 0 ShmemPmdMapped:        0 kB
Node 0 FileHugePages:        0 kB
Node 0 FilePmdMapped:        0 kB
Node 0 HugePages_Total:     0
Node 0 HugePages_Free:      0
Node 0 HugePages_Surp:      0

Node 1 MemTotal:       24661580 kB
Node 1 MemFree:        24209556 kB
Node 1 MemUsed:          452024 kB
Node 1 Active:            78736 kB
Node 1 Inactive:          68252 kB
Node 1 Active(anon):      26364 kB
Node 1 Inactive(anon):      444 kB
Node 1 Active(file):      52372 kB
Node 1 Inactive(file):    67808 kB
Node 1 Unevictable:       17300 kB
Node 1 Mlocked:           17300 kB
Node 1 Dirty:               180 kB
Node 1 Writeback:             0 kB
Node 1 FilePages:        127820 kB
Node 1 Mapped:            62168 kB
Node 1 AnonPages:         36384 kB
Node 1 Shmem:               668 kB
Node 1 KernelStack:        1544 kB
Node 1 PageTables:          900 kB
Node 1 NFS_Unstable:          0 kB
Node 1 Bounce:                0 kB
Node 1 WritebackTmp:          0 kB
Node 1 KReclaimable:      24320 kB
Node 1 Slab:              66792 kB
Node 1 SReclaimable:      24320 kB
Node 1 SUnreclaim:        42472 kB
Node 1 AnonHugePages:         0 kB
Node 1 ShmemHugePages:        0 kB
Node 1 ShmemPmdMapped:        0 kB
Node 1 FileHugePages:        0 kB
Node 1 FilePmdMapped:        0 kB
Node 1 HugePages_Total:     0
Node 1 HugePages_Free:      0
Node 1 HugePages_Surp:      0

Import tank ZPool
Node 0 MemTotal:       24768352 kB
Node 0 MemFree:        24559452 kB
Node 0 MemUsed:          208900 kB
Node 0 Active:            28016 kB
Node 0 Inactive:          43656 kB
Node 0 Active(anon):      11132 kB
Node 0 Inactive(anon):      428 kB
Node 0 Active(file):      16884 kB
Node 0 Inactive(file):    43228 kB
Node 0 Unevictable:        1220 kB
Node 0 Mlocked:            1220 kB
Node 0 Dirty:                28 kB
Node 0 Writeback:             0 kB
Node 0 FilePages:         61932 kB
Node 0 Mapped:            11060 kB
Node 0 AnonPages:         11068 kB
Node 0 Shmem:               600 kB
Node 0 KernelStack:        3272 kB
Node 0 PageTables:          528 kB
Node 0 NFS_Unstable:          0 kB
Node 0 Bounce:                0 kB
Node 0 WritebackTmp:          0 kB
Node 0 KReclaimable:      18164 kB
Node 0 Slab:              46364 kB
Node 0 SReclaimable:      18164 kB
Node 0 SUnreclaim:        28200 kB
Node 0 AnonHugePages:         0 kB
Node 0 ShmemHugePages:        0 kB
Node 0 ShmemPmdMapped:        0 kB
Node 0 FileHugePages:        0 kB
Node 0 FilePmdMapped:        0 kB
Node 0 HugePages_Total:     0
Node 0 HugePages_Free:      0
Node 0 HugePages_Surp:      0

Node 1 MemTotal:       24661580 kB
Node 1 MemFree:        24202476 kB
Node 1 MemUsed:          459104 kB
Node 1 Active:            79420 kB
Node 1 Inactive:          69432 kB
Node 1 Active(anon):      26664 kB
Node 1 Inactive(anon):      448 kB
Node 1 Active(file):      52756 kB
Node 1 Inactive(file):    68984 kB
Node 1 Unevictable:       17300 kB
Node 1 Mlocked:           17300 kB
Node 1 Dirty:               224 kB
Node 1 Writeback:             0 kB
Node 1 FilePages:        129380 kB
Node 1 Mapped:            62312 kB
Node 1 AnonPages:         36576 kB
Node 1 Shmem:               668 kB
Node 1 KernelStack:        1608 kB
Node 1 PageTables:          940 kB
Node 1 NFS_Unstable:          0 kB
Node 1 Bounce:                0 kB
Node 1 WritebackTmp:          0 kB
Node 1 KReclaimable:      24456 kB
Node 1 Slab:              71608 kB
Node 1 SReclaimable:      24456 kB
Node 1 SUnreclaim:        47152 kB
Node 1 AnonHugePages:         0 kB
Node 1 ShmemHugePages:        0 kB
Node 1 ShmemPmdMapped:        0 kB
Node 1 FileHugePages:        0 kB
Node 1 FilePmdMapped:        0 kB
Node 1 HugePages_Total:     0
Node 1 HugePages_Free:      0
Node 1 HugePages_Surp:      0

After Test
Node 0 MemTotal:       24768352 kB
Node 0 MemFree:         7873252 kB
Node 0 MemUsed:        16895100 kB
Node 0 Active:            24620 kB
Node 0 Inactive:          44860 kB
Node 0 Active(anon):       6836 kB
Node 0 Inactive(anon):      464 kB
Node 0 Active(file):      17784 kB
Node 0 Inactive(file):    44396 kB
Node 0 Unevictable:        1220 kB
Node 0 Mlocked:            1220 kB
Node 0 Dirty:                20 kB
Node 0 Writeback:             0 kB
Node 0 FilePages:         64044 kB
Node 0 Mapped:            11320 kB
Node 0 AnonPages:          6612 kB
Node 0 Shmem:               644 kB
Node 0 KernelStack:        3000 kB
Node 0 PageTables:          428 kB
Node 0 NFS_Unstable:          0 kB
Node 0 Bounce:                0 kB
Node 0 WritebackTmp:          0 kB
Node 0 KReclaimable:      19544 kB
Node 0 Slab:             103920 kB
Node 0 SReclaimable:      19544 kB
Node 0 SUnreclaim:        84376 kB
Node 0 AnonHugePages:         0 kB
Node 0 ShmemHugePages:        0 kB
Node 0 ShmemPmdMapped:        0 kB
Node 0 FileHugePages:        0 kB
Node 0 FilePmdMapped:        0 kB
Node 0 HugePages_Total:     0
Node 0 HugePages_Free:      0
Node 0 HugePages_Surp:      0

Node 1 MemTotal:       24661580 kB
Node 1 MemFree:        23226668 kB
Node 1 MemUsed:         1434912 kB
Node 1 Active:            79432 kB
Node 1 Inactive:          69104 kB
Node 1 Active(anon):      26072 kB
Node 1 Inactive(anon):      448 kB
Node 1 Active(file):      53360 kB
Node 1 Inactive(file):    68656 kB
Node 1 Unevictable:       17300 kB
Node 1 Mlocked:           17300 kB
Node 1 Dirty:                36 kB
Node 1 Writeback:             0 kB
Node 1 FilePages:        129656 kB
Node 1 Mapped:            62168 kB
Node 1 AnonPages:         36176 kB
Node 1 Shmem:               668 kB
Node 1 KernelStack:        1432 kB
Node 1 PageTables:          872 kB
Node 1 NFS_Unstable:          0 kB
Node 1 Bounce:                0 kB
Node 1 WritebackTmp:          0 kB
Node 1 KReclaimable:      24576 kB
Node 1 Slab:              75608 kB
Node 1 SReclaimable:      24576 kB
Node 1 SUnreclaim:        51032 kB
Node 1 AnonHugePages:         0 kB
Node 1 ShmemHugePages:        0 kB
Node 1 ShmemPmdMapped:        0 kB
Node 1 FileHugePages:        0 kB
Node 1 FilePmdMapped:        0 kB
Node 1 HugePages_Total:     0
Node 1 HugePages_Free:      0
Node 1 HugePages_Surp:      0

After Opposite Node
Node 0 MemTotal:       24768352 kB
Node 0 MemFree:         7878460 kB
Node 0 MemUsed:        16889892 kB
Node 0 Active:            24604 kB
Node 0 Inactive:          44664 kB
Node 0 Active(anon):       6652 kB
Node 0 Inactive(anon):      428 kB
Node 0 Active(file):      17952 kB
Node 0 Inactive(file):    44236 kB
Node 0 Unevictable:        1220 kB
Node 0 Mlocked:            1220 kB
Node 0 Dirty:                 0 kB
Node 0 Writeback:             0 kB
Node 0 FilePages:         64008 kB
Node 0 Mapped:            11240 kB
Node 0 AnonPages:          6480 kB
Node 0 Shmem:               600 kB
Node 0 KernelStack:        2968 kB
Node 0 PageTables:          240 kB
Node 0 NFS_Unstable:          0 kB
Node 0 Bounce:                0 kB
Node 0 WritebackTmp:          0 kB
Node 0 KReclaimable:      19544 kB
Node 0 Slab:             102868 kB
Node 0 SReclaimable:      19544 kB
Node 0 SUnreclaim:        83324 kB
Node 0 AnonHugePages:         0 kB
Node 0 ShmemHugePages:        0 kB
Node 0 ShmemPmdMapped:        0 kB
Node 0 FileHugePages:        0 kB
Node 0 FilePmdMapped:        0 kB
Node 0 HugePages_Total:     0
Node 0 HugePages_Free:      0
Node 0 HugePages_Surp:      0

Node 1 MemTotal:       24661580 kB
Node 1 MemFree:        23224808 kB
Node 1 MemUsed:         1436772 kB
Node 1 Active:            79720 kB
Node 1 Inactive:          69144 kB
Node 1 Active(anon):      26296 kB
Node 1 Inactive(anon):      492 kB
Node 1 Active(file):      53424 kB
Node 1 Inactive(file):    68652 kB
Node 1 Unevictable:       17300 kB
Node 1 Mlocked:           17300 kB
Node 1 Dirty:                32 kB
Node 1 Writeback:             0 kB
Node 1 FilePages:        129784 kB
Node 1 Mapped:            62212 kB
Node 1 AnonPages:         36316 kB
Node 1 Shmem:               712 kB
Node 1 KernelStack:        1480 kB
Node 1 PageTables:         1044 kB
Node 1 NFS_Unstable:          0 kB
Node 1 Bounce:                0 kB
Node 1 WritebackTmp:          0 kB
Node 1 KReclaimable:      24640 kB
Node 1 Slab:              77596 kB
Node 1 SReclaimable:      24640 kB
Node 1 SUnreclaim:        52956 kB
Node 1 AnonHugePages:         0 kB
Node 1 ShmemHugePages:        0 kB
Node 1 ShmemPmdMapped:        0 kB
Node 1 FileHugePages:        0 kB
Node 1 FilePmdMapped:        0 kB
Node 1 HugePages_Total:     0
Node 1 HugePages_Free:      0
Node 1 HugePages_Surp:      0

U.0.fio.16G.3.O Complete!
