U.0.fio.1-128K.1.O
Begin
Node 0 MemTotal:       24768360 kB
Node 0 MemFree:        24342164 kB
Node 0 MemUsed:          426196 kB
Node 0 Active:            39956 kB
Node 0 Inactive:         105328 kB
Node 0 Active(anon):      17032 kB
Node 0 Inactive(anon):      368 kB
Node 0 Active(file):      22924 kB
Node 0 Inactive(file):   104960 kB
Node 0 Unevictable:        1224 kB
Node 0 Mlocked:            1224 kB
Node 0 Dirty:               244 kB
Node 0 Writeback:             0 kB
Node 0 FilePages:        129688 kB
Node 0 Mapped:            54124 kB
Node 0 AnonPages:         16860 kB
Node 0 Shmem:               560 kB
Node 0 KernelStack:        2424 kB
Node 0 PageTables:          564 kB
Node 0 NFS_Unstable:          0 kB
Node 0 Bounce:                0 kB
Node 0 WritebackTmp:          0 kB
Node 0 KReclaimable:      22336 kB
Node 0 Slab:              54800 kB
Node 0 SReclaimable:      22336 kB
Node 0 SUnreclaim:        32464 kB
Node 0 AnonHugePages:         0 kB
Node 0 ShmemHugePages:        0 kB
Node 0 ShmemPmdMapped:        0 kB
Node 0 FileHugePages:        0 kB
Node 0 FilePmdMapped:        0 kB
Node 0 HugePages_Total:     0
Node 0 HugePages_Free:      0
Node 0 HugePages_Surp:      0

Node 1 MemTotal:       24661580 kB
Node 1 MemFree:        24436808 kB
Node 1 MemUsed:          224772 kB
Node 1 Active:            57172 kB
Node 1 Inactive:          21728 kB
Node 1 Active(anon):      16712 kB
Node 1 Inactive(anon):      516 kB
Node 1 Active(file):      40460 kB
Node 1 Inactive(file):    21212 kB
Node 1 Unevictable:       17300 kB
Node 1 Mlocked:           17300 kB
Node 1 Dirty:               272 kB
Node 1 Writeback:             0 kB
Node 1 FilePages:         69348 kB
Node 1 Mapped:            24456 kB
Node 1 AnonPages:         26932 kB
Node 1 Shmem:               708 kB
Node 1 KernelStack:        1160 kB
Node 1 PageTables:          616 kB
Node 1 NFS_Unstable:          0 kB
Node 1 Bounce:                0 kB
Node 1 WritebackTmp:          0 kB
Node 1 KReclaimable:      19476 kB
Node 1 Slab:              51724 kB
Node 1 SReclaimable:      19476 kB
Node 1 SUnreclaim:        32248 kB
Node 1 AnonHugePages:         0 kB
Node 1 ShmemHugePages:        0 kB
Node 1 ShmemPmdMapped:        0 kB
Node 1 FileHugePages:        0 kB
Node 1 FilePmdMapped:        0 kB
Node 1 HugePages_Total:     0
Node 1 HugePages_Free:      0
Node 1 HugePages_Surp:      0

Load ZFS
Node 0 MemTotal:       24768360 kB
Node 0 MemFree:        24336800 kB
Node 0 MemUsed:          431560 kB
Node 0 Active:            48412 kB
Node 0 Inactive:         100744 kB
Node 0 Active(anon):      19704 kB
Node 0 Inactive(anon):      368 kB
Node 0 Active(file):      28708 kB
Node 0 Inactive(file):   100376 kB
Node 0 Unevictable:        1224 kB
Node 0 Mlocked:            1224 kB
Node 0 Dirty:               300 kB
Node 0 Writeback:             0 kB
Node 0 FilePages:        130872 kB
Node 0 Mapped:            54084 kB
Node 0 AnonPages:         19412 kB
Node 0 Shmem:               560 kB
Node 0 KernelStack:        2472 kB
Node 0 PageTables:          752 kB
Node 0 NFS_Unstable:          0 kB
Node 0 Bounce:                0 kB
Node 0 WritebackTmp:          0 kB
Node 0 KReclaimable:      22784 kB
Node 0 Slab:              56592 kB
Node 0 SReclaimable:      22784 kB
Node 0 SUnreclaim:        33808 kB
Node 0 AnonHugePages:         0 kB
Node 0 ShmemHugePages:        0 kB
Node 0 ShmemPmdMapped:        0 kB
Node 0 FileHugePages:        0 kB
Node 0 FilePmdMapped:        0 kB
Node 0 HugePages_Total:     0
Node 0 HugePages_Free:      0
Node 0 HugePages_Surp:      0

Node 1 MemTotal:       24661580 kB
Node 1 MemFree:        24430204 kB
Node 1 MemUsed:          231376 kB
Node 1 Active:            60856 kB
Node 1 Inactive:          22368 kB
Node 1 Active(anon):      19672 kB
Node 1 Inactive(anon):      516 kB
Node 1 Active(file):      41184 kB
Node 1 Inactive(file):    21852 kB
Node 1 Unevictable:       17300 kB
Node 1 Mlocked:           17300 kB
Node 1 Dirty:                24 kB
Node 1 Writeback:             0 kB
Node 1 FilePages:         70712 kB
Node 1 Mapped:            24588 kB
Node 1 AnonPages:         29940 kB
Node 1 Shmem:               708 kB
Node 1 KernelStack:        1240 kB
Node 1 PageTables:          752 kB
Node 1 NFS_Unstable:          0 kB
Node 1 Bounce:                0 kB
Node 1 WritebackTmp:          0 kB
Node 1 KReclaimable:      19924 kB
Node 1 Slab:              53556 kB
Node 1 SReclaimable:      19924 kB
Node 1 SUnreclaim:        33632 kB
Node 1 AnonHugePages:         0 kB
Node 1 ShmemHugePages:        0 kB
Node 1 ShmemPmdMapped:        0 kB
Node 1 FileHugePages:        0 kB
Node 1 FilePmdMapped:        0 kB
Node 1 HugePages_Total:     0
Node 1 HugePages_Free:      0
Node 1 HugePages_Surp:      0

Import tank ZPool
Node 0 MemTotal:       24768360 kB
Node 0 MemFree:        24317988 kB
Node 0 MemUsed:          450372 kB
Node 0 Active:            49484 kB
Node 0 Inactive:         101832 kB
Node 0 Active(anon):      20304 kB
Node 0 Inactive(anon):      372 kB
Node 0 Active(file):      29180 kB
Node 0 Inactive(file):   101460 kB
Node 0 Unevictable:        1224 kB
Node 0 Mlocked:            1224 kB
Node 0 Dirty:               324 kB
Node 0 Writeback:             0 kB
Node 0 FilePages:        132428 kB
Node 0 Mapped:            54428 kB
Node 0 AnonPages:         19948 kB
Node 0 Shmem:               560 kB
Node 0 KernelStack:        3736 kB
Node 0 PageTables:          836 kB
Node 0 NFS_Unstable:          0 kB
Node 0 Bounce:                0 kB
Node 0 WritebackTmp:          0 kB
Node 0 KReclaimable:      22904 kB
Node 0 Slab:              63504 kB
Node 0 SReclaimable:      22904 kB
Node 0 SUnreclaim:        40600 kB
Node 0 AnonHugePages:         0 kB
Node 0 ShmemHugePages:        0 kB
Node 0 ShmemPmdMapped:        0 kB
Node 0 FileHugePages:        0 kB
Node 0 FilePmdMapped:        0 kB
Node 0 HugePages_Total:     0
Node 0 HugePages_Free:      0
Node 0 HugePages_Surp:      0

Node 1 MemTotal:       24661580 kB
Node 1 MemFree:        24430960 kB
Node 1 MemUsed:          230620 kB
Node 1 Active:            60860 kB
Node 1 Inactive:          22368 kB
Node 1 Active(anon):      19676 kB
Node 1 Inactive(anon):      516 kB
Node 1 Active(file):      41184 kB
Node 1 Inactive(file):    21852 kB
Node 1 Unevictable:       17300 kB
Node 1 Mlocked:           17300 kB
Node 1 Dirty:                52 kB
Node 1 Writeback:             0 kB
Node 1 FilePages:         70712 kB
Node 1 Mapped:            24636 kB
Node 1 AnonPages:         29940 kB
Node 1 Shmem:               708 kB
Node 1 KernelStack:        1240 kB
Node 1 PageTables:          752 kB
Node 1 NFS_Unstable:          0 kB
Node 1 Bounce:                0 kB
Node 1 WritebackTmp:          0 kB
Node 1 KReclaimable:      19924 kB
Node 1 Slab:              53552 kB
Node 1 SReclaimable:      19924 kB
Node 1 SUnreclaim:        33628 kB
Node 1 AnonHugePages:         0 kB
Node 1 ShmemHugePages:        0 kB
Node 1 ShmemPmdMapped:        0 kB
Node 1 FileHugePages:        0 kB
Node 1 FilePmdMapped:        0 kB
Node 1 HugePages_Total:     0
Node 1 HugePages_Free:      0
Node 1 HugePages_Surp:      0

After Test
Node 0 MemTotal:       24768360 kB
Node 0 MemFree:        24313848 kB
Node 0 MemUsed:          454512 kB
Node 0 Active:            50360 kB
Node 0 Inactive:         102784 kB
Node 0 Active(anon):      19872 kB
Node 0 Inactive(anon):      400 kB
Node 0 Active(file):      30488 kB
Node 0 Inactive(file):   102384 kB
Node 0 Unevictable:        1224 kB
Node 0 Mlocked:            1224 kB
Node 0 Dirty:               216 kB
Node 0 Writeback:             0 kB
Node 0 FilePages:        134700 kB
Node 0 Mapped:            54364 kB
Node 0 AnonPages:         19616 kB
Node 0 Shmem:               604 kB
Node 0 KernelStack:        3752 kB
Node 0 PageTables:          896 kB
Node 0 NFS_Unstable:          0 kB
Node 0 Bounce:                0 kB
Node 0 WritebackTmp:          0 kB
Node 0 KReclaimable:      24212 kB
Node 0 Slab:              65104 kB
Node 0 SReclaimable:      24212 kB
Node 0 SUnreclaim:        40892 kB
Node 0 AnonHugePages:         0 kB
Node 0 ShmemHugePages:        0 kB
Node 0 ShmemPmdMapped:        0 kB
Node 0 FileHugePages:        0 kB
Node 0 FilePmdMapped:        0 kB
Node 0 HugePages_Total:     0
Node 0 HugePages_Free:      0
Node 0 HugePages_Surp:      0

Node 1 MemTotal:       24661580 kB
Node 1 MemFree:        24431716 kB
Node 1 MemUsed:          229864 kB
Node 1 Active:            61028 kB
Node 1 Inactive:          22328 kB
Node 1 Active(anon):      19804 kB
Node 1 Inactive(anon):      516 kB
Node 1 Active(file):      41224 kB
Node 1 Inactive(file):    21812 kB
Node 1 Unevictable:       17300 kB
Node 1 Mlocked:           17300 kB
Node 1 Dirty:                52 kB
Node 1 Writeback:             0 kB
Node 1 FilePages:         70712 kB
Node 1 Mapped:            24428 kB
Node 1 AnonPages:         29940 kB
Node 1 Shmem:               708 kB
Node 1 KernelStack:        1240 kB
Node 1 PageTables:          752 kB
Node 1 NFS_Unstable:          0 kB
Node 1 Bounce:                0 kB
Node 1 WritebackTmp:          0 kB
Node 1 KReclaimable:      19924 kB
Node 1 Slab:              53552 kB
Node 1 SReclaimable:      19924 kB
Node 1 SUnreclaim:        33628 kB
Node 1 AnonHugePages:         0 kB
Node 1 ShmemHugePages:        0 kB
Node 1 ShmemPmdMapped:        0 kB
Node 1 FileHugePages:        0 kB
Node 1 FilePmdMapped:        0 kB
Node 1 HugePages_Total:     0
Node 1 HugePages_Free:      0
Node 1 HugePages_Surp:      0

After Opposite Node
Node 0 MemTotal:       24768360 kB
Node 0 MemFree:        24314488 kB
Node 0 MemUsed:          453872 kB
Node 0 Active:            50380 kB
Node 0 Inactive:         102588 kB
Node 0 Active(anon):      19704 kB
Node 0 Inactive(anon):      372 kB
Node 0 Active(file):      30676 kB
Node 0 Inactive(file):   102216 kB
Node 0 Unevictable:        1224 kB
Node 0 Mlocked:            1224 kB
Node 0 Dirty:               236 kB
Node 0 Writeback:             0 kB
Node 0 FilePages:        134676 kB
Node 0 Mapped:            54104 kB
Node 0 AnonPages:         19516 kB
Node 0 Shmem:               560 kB
Node 0 KernelStack:        3704 kB
Node 0 PageTables:          724 kB
Node 0 NFS_Unstable:          0 kB
Node 0 Bounce:                0 kB
Node 0 WritebackTmp:          0 kB
Node 0 KReclaimable:      24212 kB
Node 0 Slab:              65016 kB
Node 0 SReclaimable:      24212 kB
Node 0 SUnreclaim:        40804 kB
Node 0 AnonHugePages:         0 kB
Node 0 ShmemHugePages:        0 kB
Node 0 ShmemPmdMapped:        0 kB
Node 0 FileHugePages:        0 kB
Node 0 FilePmdMapped:        0 kB
Node 0 HugePages_Total:     0
Node 0 HugePages_Free:      0
Node 0 HugePages_Surp:      0

Node 1 MemTotal:       24661580 kB
Node 1 MemFree:        24429748 kB
Node 1 MemUsed:          231832 kB
Node 1 Active:            61284 kB
Node 1 Inactive:          22612 kB
Node 1 Active(anon):      20060 kB
Node 1 Inactive(anon):      800 kB
Node 1 Active(file):      41224 kB
Node 1 Inactive(file):    21812 kB
Node 1 Unevictable:       17300 kB
Node 1 Mlocked:           17300 kB
Node 1 Dirty:                52 kB
Node 1 Writeback:             0 kB
Node 1 FilePages:         71004 kB
Node 1 Mapped:            24428 kB
Node 1 AnonPages:         30216 kB
Node 1 Shmem:               708 kB
Node 1 KernelStack:        1212 kB
Node 1 PageTables:          700 kB
Node 1 NFS_Unstable:          0 kB
Node 1 Bounce:                0 kB
Node 1 WritebackTmp:          0 kB
Node 1 KReclaimable:      19924 kB
Node 1 Slab:              53608 kB
Node 1 SReclaimable:      19924 kB
Node 1 SUnreclaim:        33684 kB
Node 1 AnonHugePages:         0 kB
Node 1 ShmemHugePages:        0 kB
Node 1 ShmemPmdMapped:        0 kB
Node 1 FileHugePages:        0 kB
Node 1 FilePmdMapped:        0 kB
Node 1 HugePages_Total:     0
Node 1 HugePages_Free:      0
Node 1 HugePages_Surp:      0

U.0.fio.1-128K.1.O Complete!
