U.0.fio.2G.2.O
Begin
Node 0 MemTotal:       24768352 kB
Node 0 MemFree:        24520524 kB
Node 0 MemUsed:          247828 kB
Node 0 Active:            60276 kB
Node 0 Inactive:          28312 kB
Node 0 Active(anon):      15468 kB
Node 0 Inactive(anon):      300 kB
Node 0 Active(file):      44808 kB
Node 0 Inactive(file):    28012 kB
Node 0 Unevictable:       17712 kB
Node 0 Mlocked:           17712 kB
Node 0 Dirty:               376 kB
Node 0 Writeback:             0 kB
Node 0 FilePages:         80780 kB
Node 0 Mapped:            35380 kB
Node 0 AnonPages:         25720 kB
Node 0 Shmem:               420 kB
Node 0 KernelStack:        1928 kB
Node 0 PageTables:          624 kB
Node 0 NFS_Unstable:          0 kB
Node 0 Bounce:                0 kB
Node 0 WritebackTmp:          0 kB
Node 0 KReclaimable:      25476 kB
Node 0 Slab:              59724 kB
Node 0 SReclaimable:      25476 kB
Node 0 SUnreclaim:        34248 kB
Node 0 AnonHugePages:         0 kB
Node 0 ShmemHugePages:        0 kB
Node 0 ShmemPmdMapped:        0 kB
Node 0 FileHugePages:        0 kB
Node 0 FilePmdMapped:        0 kB
Node 0 HugePages_Total:     0
Node 0 HugePages_Free:      0
Node 0 HugePages_Surp:      0

Node 1 MemTotal:       24661580 kB
Node 1 MemFree:        24299532 kB
Node 1 MemUsed:          362048 kB
Node 1 Active:            34724 kB
Node 1 Inactive:          60420 kB
Node 1 Active(anon):      18636 kB
Node 1 Inactive(anon):      564 kB
Node 1 Active(file):      16088 kB
Node 1 Inactive(file):    59856 kB
Node 1 Unevictable:         808 kB
Node 1 Mlocked:             808 kB
Node 1 Dirty:               148 kB
Node 1 Writeback:             0 kB
Node 1 FilePages:         77596 kB
Node 1 Mapped:            12184 kB
Node 1 AnonPages:         18436 kB
Node 1 Shmem:               848 kB
Node 1 KernelStack:        1752 kB
Node 1 PageTables:          532 kB
Node 1 NFS_Unstable:          0 kB
Node 1 Bounce:                0 kB
Node 1 WritebackTmp:          0 kB
Node 1 KReclaimable:      16312 kB
Node 1 Slab:              45856 kB
Node 1 SReclaimable:      16312 kB
Node 1 SUnreclaim:        29544 kB
Node 1 AnonHugePages:         0 kB
Node 1 ShmemHugePages:        0 kB
Node 1 ShmemPmdMapped:        0 kB
Node 1 FileHugePages:        0 kB
Node 1 FilePmdMapped:        0 kB
Node 1 HugePages_Total:     0
Node 1 HugePages_Free:      0
Node 1 HugePages_Surp:      0

Load ZFS
Node 0 MemTotal:       24768352 kB
Node 0 MemFree:        24380328 kB
Node 0 MemUsed:          388024 kB
Node 0 Active:            62092 kB
Node 0 Inactive:          28672 kB
Node 0 Active(anon):      15528 kB
Node 0 Inactive(anon):      300 kB
Node 0 Active(file):      46564 kB
Node 0 Inactive(file):    28372 kB
Node 0 Unevictable:       17712 kB
Node 0 Mlocked:           17712 kB
Node 0 Dirty:               404 kB
Node 0 Writeback:             0 kB
Node 0 FilePages:         82744 kB
Node 0 Mapped:            35376 kB
Node 0 AnonPages:         25652 kB
Node 0 Shmem:               420 kB
Node 0 KernelStack:        1960 kB
Node 0 PageTables:          660 kB
Node 0 NFS_Unstable:          0 kB
Node 0 Bounce:                0 kB
Node 0 WritebackTmp:          0 kB
Node 0 KReclaimable:      25972 kB
Node 0 Slab:              61944 kB
Node 0 SReclaimable:      25972 kB
Node 0 SUnreclaim:        35972 kB
Node 0 AnonHugePages:         0 kB
Node 0 ShmemHugePages:        0 kB
Node 0 ShmemPmdMapped:        0 kB
Node 0 FileHugePages:        0 kB
Node 0 FilePmdMapped:        0 kB
Node 0 HugePages_Total:     0
Node 0 HugePages_Free:      0
Node 0 HugePages_Surp:      0

Node 1 MemTotal:       24661580 kB
Node 1 MemFree:        24429720 kB
Node 1 MemUsed:          231860 kB
Node 1 Active:            43512 kB
Node 1 Inactive:          56052 kB
Node 1 Active(anon):      22520 kB
Node 1 Inactive(anon):      564 kB
Node 1 Active(file):      20992 kB
Node 1 Inactive(file):    55488 kB
Node 1 Unevictable:         808 kB
Node 1 Mlocked:             808 kB
Node 1 Dirty:               148 kB
Node 1 Writeback:             0 kB
Node 1 FilePages:         78132 kB
Node 1 Mapped:            12312 kB
Node 1 AnonPages:         22296 kB
Node 1 Shmem:               848 kB
Node 1 KernelStack:        1816 kB
Node 1 PageTables:          840 kB
Node 1 NFS_Unstable:          0 kB
Node 1 Bounce:                0 kB
Node 1 WritebackTmp:          0 kB
Node 1 KReclaimable:      16744 kB
Node 1 Slab:              47368 kB
Node 1 SReclaimable:      16744 kB
Node 1 SUnreclaim:        30624 kB
Node 1 AnonHugePages:         0 kB
Node 1 ShmemHugePages:        0 kB
Node 1 ShmemPmdMapped:        0 kB
Node 1 FileHugePages:        0 kB
Node 1 FilePmdMapped:        0 kB
Node 1 HugePages_Total:     0
Node 1 HugePages_Free:      0
Node 1 HugePages_Surp:      0

Import tank ZPool
Node 0 MemTotal:       24768352 kB
Node 0 MemFree:        24374156 kB
Node 0 MemUsed:          394196 kB
Node 0 Active:            62468 kB
Node 0 Inactive:          29848 kB
Node 0 Active(anon):      15560 kB
Node 0 Inactive(anon):      304 kB
Node 0 Active(file):      46908 kB
Node 0 Inactive(file):    29544 kB
Node 0 Unevictable:       17712 kB
Node 0 Mlocked:           17712 kB
Node 0 Dirty:               220 kB
Node 0 Writeback:             0 kB
Node 0 FilePages:         84260 kB
Node 0 Mapped:            35500 kB
Node 0 AnonPages:         25848 kB
Node 0 Shmem:               420 kB
Node 0 KernelStack:        1976 kB
Node 0 PageTables:          696 kB
Node 0 NFS_Unstable:          0 kB
Node 0 Bounce:                0 kB
Node 0 WritebackTmp:          0 kB
Node 0 KReclaimable:      26072 kB
Node 0 Slab:              66648 kB
Node 0 SReclaimable:      26072 kB
Node 0 SUnreclaim:        40576 kB
Node 0 AnonHugePages:         0 kB
Node 0 ShmemHugePages:        0 kB
Node 0 ShmemPmdMapped:        0 kB
Node 0 FileHugePages:        0 kB
Node 0 FilePmdMapped:        0 kB
Node 0 HugePages_Total:     0
Node 0 HugePages_Free:      0
Node 0 HugePages_Surp:      0

Node 1 MemTotal:       24661580 kB
Node 1 MemFree:        24416828 kB
Node 1 MemUsed:          244752 kB
Node 1 Active:            43652 kB
Node 1 Inactive:          56024 kB
Node 1 Active(anon):      22604 kB
Node 1 Inactive(anon):      564 kB
Node 1 Active(file):      21048 kB
Node 1 Inactive(file):    55460 kB
Node 1 Unevictable:         808 kB
Node 1 Mlocked:             808 kB
Node 1 Dirty:                56 kB
Node 1 Writeback:             4 kB
Node 1 FilePages:         78200 kB
Node 1 Mapped:            12172 kB
Node 1 AnonPages:         22328 kB
Node 1 Shmem:               848 kB
Node 1 KernelStack:        2904 kB
Node 1 PageTables:          840 kB
Node 1 NFS_Unstable:          0 kB
Node 1 Bounce:                0 kB
Node 1 WritebackTmp:          0 kB
Node 1 KReclaimable:      16748 kB
Node 1 Slab:              50048 kB
Node 1 SReclaimable:      16748 kB
Node 1 SUnreclaim:        33300 kB
Node 1 AnonHugePages:         0 kB
Node 1 ShmemHugePages:        0 kB
Node 1 ShmemPmdMapped:        0 kB
Node 1 FileHugePages:        0 kB
Node 1 FilePmdMapped:        0 kB
Node 1 HugePages_Total:     0
Node 1 HugePages_Free:      0
Node 1 HugePages_Surp:      0

After Test
Node 0 MemTotal:       24768352 kB
Node 0 MemFree:        21998304 kB
Node 0 MemUsed:         2770048 kB
Node 0 Active:            63448 kB
Node 0 Inactive:          30804 kB
Node 0 Active(anon):      15472 kB
Node 0 Inactive(anon):      340 kB
Node 0 Active(file):      47976 kB
Node 0 Inactive(file):    30464 kB
Node 0 Unevictable:       17712 kB
Node 0 Mlocked:           17712 kB
Node 0 Dirty:                28 kB
Node 0 Writeback:             0 kB
Node 0 FilePages:         86292 kB
Node 0 Mapped:            35648 kB
Node 0 AnonPages:         25540 kB
Node 0 Shmem:               464 kB
Node 0 KernelStack:        1896 kB
Node 0 PageTables:          744 kB
Node 0 NFS_Unstable:          0 kB
Node 0 Bounce:                0 kB
Node 0 WritebackTmp:          0 kB
Node 0 KReclaimable:      27460 kB
Node 0 Slab:              79356 kB
Node 0 SReclaimable:      27460 kB
Node 0 SUnreclaim:        51896 kB
Node 0 AnonHugePages:         0 kB
Node 0 ShmemHugePages:        0 kB
Node 0 ShmemPmdMapped:        0 kB
Node 0 FileHugePages:        0 kB
Node 0 FilePmdMapped:        0 kB
Node 0 HugePages_Total:     0
Node 0 HugePages_Free:      0
Node 0 HugePages_Surp:      0

Node 1 MemTotal:       24661580 kB
Node 1 MemFree:        23863804 kB
Node 1 MemUsed:          797776 kB
Node 1 Active:            39096 kB
Node 1 Inactive:          55984 kB
Node 1 Active(anon):      17944 kB
Node 1 Inactive(anon):      564 kB
Node 1 Active(file):      21152 kB
Node 1 Inactive(file):    55420 kB
Node 1 Unevictable:         808 kB
Node 1 Mlocked:             808 kB
Node 1 Dirty:                12 kB
Node 1 Writeback:             0 kB
Node 1 FilePages:         78224 kB
Node 1 Mapped:            12152 kB
Node 1 AnonPages:         17660 kB
Node 1 Shmem:               848 kB
Node 1 KernelStack:        2808 kB
Node 1 PageTables:          408 kB
Node 1 NFS_Unstable:          0 kB
Node 1 Bounce:                0 kB
Node 1 WritebackTmp:          0 kB
Node 1 KReclaimable:      16768 kB
Node 1 Slab:              52488 kB
Node 1 SReclaimable:      16768 kB
Node 1 SUnreclaim:        35720 kB
Node 1 AnonHugePages:         0 kB
Node 1 ShmemHugePages:        0 kB
Node 1 ShmemPmdMapped:        0 kB
Node 1 FileHugePages:        0 kB
Node 1 FilePmdMapped:        0 kB
Node 1 HugePages_Total:     0
Node 1 HugePages_Free:      0
Node 1 HugePages_Surp:      0

After Opposite Node
Node 0 MemTotal:       24768352 kB
Node 0 MemFree:        22000432 kB
Node 0 MemUsed:         2767920 kB
Node 0 Active:            63468 kB
Node 0 Inactive:          30576 kB
Node 0 Active(anon):      15276 kB
Node 0 Inactive(anon):      304 kB
Node 0 Active(file):      48192 kB
Node 0 Inactive(file):    30272 kB
Node 0 Unevictable:       17712 kB
Node 0 Mlocked:           17712 kB
Node 0 Dirty:                68 kB
Node 0 Writeback:             0 kB
Node 0 FilePages:         86272 kB
Node 0 Mapped:            35544 kB
Node 0 AnonPages:         25484 kB
Node 0 Shmem:               420 kB
Node 0 KernelStack:        1880 kB
Node 0 PageTables:          632 kB
Node 0 NFS_Unstable:          0 kB
Node 0 Bounce:                0 kB
Node 0 WritebackTmp:          0 kB
Node 0 KReclaimable:      27460 kB
Node 0 Slab:              79188 kB
Node 0 SReclaimable:      27460 kB
Node 0 SUnreclaim:        51728 kB
Node 0 AnonHugePages:         0 kB
Node 0 ShmemHugePages:        0 kB
Node 0 ShmemPmdMapped:        0 kB
Node 0 FileHugePages:        0 kB
Node 0 FilePmdMapped:        0 kB
Node 0 HugePages_Total:     0
Node 0 HugePages_Free:      0
Node 0 HugePages_Surp:      0

Node 1 MemTotal:       24661580 kB
Node 1 MemFree:        23858660 kB
Node 1 MemUsed:          802920 kB
Node 1 Active:            39276 kB
Node 1 Inactive:          56016 kB
Node 1 Active(anon):      18116 kB
Node 1 Inactive(anon):      588 kB
Node 1 Active(file):      21160 kB
Node 1 Inactive(file):    55428 kB
Node 1 Unevictable:         808 kB
Node 1 Mlocked:             808 kB
Node 1 Dirty:                24 kB
Node 1 Writeback:             0 kB
Node 1 FilePages:         78284 kB
Node 1 Mapped:            12196 kB
Node 1 AnonPages:         17724 kB
Node 1 Shmem:               892 kB
Node 1 KernelStack:        2808 kB
Node 1 PageTables:          528 kB
Node 1 NFS_Unstable:          0 kB
Node 1 Bounce:                0 kB
Node 1 WritebackTmp:          0 kB
Node 1 KReclaimable:      16800 kB
Node 1 Slab:              53280 kB
Node 1 SReclaimable:      16800 kB
Node 1 SUnreclaim:        36480 kB
Node 1 AnonHugePages:         0 kB
Node 1 ShmemHugePages:        0 kB
Node 1 ShmemPmdMapped:        0 kB
Node 1 FileHugePages:        0 kB
Node 1 FilePmdMapped:        0 kB
Node 1 HugePages_Total:     0
Node 1 HugePages_Free:      0
Node 1 HugePages_Surp:      0

U.0.fio.2G.2.O Complete!
