kernel.numa_balancing = 0
40 Tests Remaining!
U.0.64M-simpleread.250M.1.O.1M
Begin
Node 0 MemTotal:       24768352 kB
Node 0 MemFree:        24501164 kB
Node 0 MemUsed:          267188 kB
Node 0 Active:            54456 kB
Node 0 Inactive:          59884 kB
Node 0 Active(anon):      12536 kB
Node 0 Inactive(anon):      348 kB
Node 0 Active(file):      41920 kB
Node 0 Inactive(file):    59536 kB
Node 0 Unevictable:        5852 kB
Node 0 Mlocked:            5852 kB
Node 0 Dirty:               112 kB
Node 0 Writeback:             0 kB
Node 0 FilePages:        107884 kB
Node 0 Mapped:            28268 kB
Node 0 AnonPages:         12332 kB
Node 0 Shmem:               580 kB
Node 0 KernelStack:        2152 kB
Node 0 PageTables:          424 kB
Node 0 NFS_Unstable:          0 kB
Node 0 Bounce:                0 kB
Node 0 WritebackTmp:          0 kB
Node 0 KReclaimable:      21084 kB
Node 0 Slab:              57376 kB
Node 0 SReclaimable:      21084 kB
Node 0 SUnreclaim:        36292 kB
Node 0 AnonHugePages:         0 kB
Node 0 ShmemHugePages:        0 kB
Node 0 ShmemPmdMapped:        0 kB
Node 0 FileHugePages:        0 kB
Node 0 FilePmdMapped:        0 kB
Node 0 HugePages_Total:     0
Node 0 HugePages_Free:      0
Node 0 HugePages_Surp:      0

Node 1 MemTotal:       24661580 kB
Node 1 MemFree:        24270936 kB
Node 1 MemUsed:          390644 kB
Node 1 Active:            45800 kB
Node 1 Inactive:          69628 kB
Node 1 Active(anon):      22484 kB
Node 1 Inactive(anon):      516 kB
Node 1 Active(file):      23316 kB
Node 1 Inactive(file):    69112 kB
Node 1 Unevictable:       12668 kB
Node 1 Mlocked:           12668 kB
Node 1 Dirty:                44 kB
Node 1 Writeback:             0 kB
Node 1 FilePages:         95460 kB
Node 1 Mapped:            43108 kB
Node 1 AnonPages:         32644 kB
Node 1 Shmem:               688 kB
Node 1 KernelStack:        1752 kB
Node 1 PageTables:          960 kB
Node 1 NFS_Unstable:          0 kB
Node 1 Bounce:                0 kB
Node 1 WritebackTmp:          0 kB
Node 1 KReclaimable:      21568 kB
Node 1 Slab:              49964 kB
Node 1 SReclaimable:      21568 kB
Node 1 SUnreclaim:        28396 kB
Node 1 AnonHugePages:         0 kB
Node 1 ShmemHugePages:        0 kB
Node 1 ShmemPmdMapped:        0 kB
Node 1 FileHugePages:        0 kB
Node 1 FilePmdMapped:        0 kB
Node 1 HugePages_Total:     0
Node 1 HugePages_Free:      0
Node 1 HugePages_Surp:      0

Load ZFS
Node 0 MemTotal:       24768352 kB
Node 0 MemFree:        24498548 kB
Node 0 MemUsed:          269804 kB
Node 0 Active:            56432 kB
Node 0 Inactive:          60184 kB
Node 0 Active(anon):      14180 kB
Node 0 Inactive(anon):      348 kB
Node 0 Active(file):      42252 kB
Node 0 Inactive(file):    59836 kB
Node 0 Unevictable:        5852 kB
Node 0 Mlocked:            5852 kB
Node 0 Dirty:               144 kB
Node 0 Writeback:             0 kB
Node 0 FilePages:        108516 kB
Node 0 Mapped:            28400 kB
Node 0 AnonPages:         14036 kB
Node 0 Shmem:               580 kB
Node 0 KernelStack:        2152 kB
Node 0 PageTables:          532 kB
Node 0 NFS_Unstable:          0 kB
Node 0 Bounce:                0 kB
Node 0 WritebackTmp:          0 kB
Node 0 KReclaimable:      21424 kB
Node 0 Slab:              59084 kB
Node 0 SReclaimable:      21424 kB
Node 0 SUnreclaim:        37660 kB
Node 0 AnonHugePages:         0 kB
Node 0 ShmemHugePages:        0 kB
Node 0 ShmemPmdMapped:        0 kB
Node 0 FileHugePages:        0 kB
Node 0 FilePmdMapped:        0 kB
Node 0 HugePages_Total:     0
Node 0 HugePages_Free:      0
Node 0 HugePages_Surp:      0

Node 1 MemTotal:       24661580 kB
Node 1 MemFree:        24265732 kB
Node 1 MemUsed:          395848 kB
Node 1 Active:            54136 kB
Node 1 Inactive:          65248 kB
Node 1 Active(anon):      24544 kB
Node 1 Inactive(anon):      516 kB
Node 1 Active(file):      29592 kB
Node 1 Inactive(file):    64732 kB
Node 1 Unevictable:       12668 kB
Node 1 Mlocked:           12668 kB
Node 1 Dirty:               148 kB
Node 1 Writeback:             0 kB
Node 1 FilePages:         97356 kB
Node 1 Mapped:            42968 kB
Node 1 AnonPages:         34388 kB
Node 1 Shmem:               688 kB
Node 1 KernelStack:        1640 kB
Node 1 PageTables:          896 kB
Node 1 NFS_Unstable:          0 kB
Node 1 Bounce:                0 kB
Node 1 WritebackTmp:          0 kB
Node 1 KReclaimable:      21828 kB
Node 1 Slab:              51384 kB
Node 1 SReclaimable:      21828 kB
Node 1 SUnreclaim:        29556 kB
Node 1 AnonHugePages:         0 kB
Node 1 ShmemHugePages:        0 kB
Node 1 ShmemPmdMapped:        0 kB
Node 1 FileHugePages:        0 kB
Node 1 FilePmdMapped:        0 kB
Node 1 HugePages_Total:     0
Node 1 HugePages_Free:      0
Node 1 HugePages_Surp:      0

Import tank ZPool
Node 0 MemTotal:       24768352 kB
Node 0 MemFree:        24486032 kB
Node 0 MemUsed:          282320 kB
Node 0 Active:            56500 kB
Node 0 Inactive:          60188 kB
Node 0 Active(anon):      14248 kB
Node 0 Inactive(anon):      348 kB
Node 0 Active(file):      42252 kB
Node 0 Inactive(file):    59840 kB
Node 0 Unevictable:        5852 kB
Node 0 Mlocked:            5852 kB
Node 0 Dirty:                64 kB
Node 0 Writeback:             0 kB
Node 0 FilePages:        108516 kB
Node 0 Mapped:            28492 kB
Node 0 AnonPages:         14048 kB
Node 0 Shmem:               576 kB
Node 0 KernelStack:        3256 kB
Node 0 PageTables:          532 kB
Node 0 NFS_Unstable:          0 kB
Node 0 Bounce:                0 kB
Node 0 WritebackTmp:          0 kB
Node 0 KReclaimable:      21424 kB
Node 0 Slab:              61376 kB
Node 0 SReclaimable:      21424 kB
Node 0 SUnreclaim:        39952 kB
Node 0 AnonHugePages:         0 kB
Node 0 ShmemHugePages:        0 kB
Node 0 ShmemPmdMapped:        0 kB
Node 0 FileHugePages:        0 kB
Node 0 FilePmdMapped:        0 kB
Node 0 HugePages_Total:     0
Node 0 HugePages_Free:      0
Node 0 HugePages_Surp:      0

Node 1 MemTotal:       24661580 kB
Node 1 MemFree:        24259320 kB
Node 1 MemUsed:          402260 kB
Node 1 Active:            54736 kB
Node 1 Inactive:          66452 kB
Node 1 Active(anon):      24680 kB
Node 1 Inactive(anon):      520 kB
Node 1 Active(file):      30056 kB
Node 1 Inactive(file):    65932 kB
Node 1 Unevictable:       12668 kB
Node 1 Mlocked:           12668 kB
Node 1 Dirty:               160 kB
Node 1 Writeback:             0 kB
Node 1 FilePages:         99084 kB
Node 1 Mapped:            43264 kB
Node 1 AnonPages:         34904 kB
Node 1 Shmem:               692 kB
Node 1 KernelStack:        1656 kB
Node 1 PageTables:          984 kB
Node 1 NFS_Unstable:          0 kB
Node 1 Bounce:                0 kB
Node 1 WritebackTmp:          0 kB
Node 1 KReclaimable:      21960 kB
Node 1 Slab:              56400 kB
Node 1 SReclaimable:      21960 kB
Node 1 SUnreclaim:        34440 kB
Node 1 AnonHugePages:         0 kB
Node 1 ShmemHugePages:        0 kB
Node 1 ShmemPmdMapped:        0 kB
Node 1 FileHugePages:        0 kB
Node 1 FilePmdMapped:        0 kB
Node 1 HugePages_Total:     0
Node 1 HugePages_Free:      0
Node 1 HugePages_Surp:      0

After Test
Node 0 MemTotal:       24768352 kB
Node 0 MemFree:        23894228 kB
Node 0 MemUsed:          874124 kB
Node 0 Active:            55232 kB
Node 0 Inactive:         122712 kB
Node 0 Active(anon):      12568 kB
Node 0 Inactive(anon):      348 kB
Node 0 Active(file):      42664 kB
Node 0 Inactive(file):   122364 kB
Node 0 Unevictable:        5852 kB
Node 0 Mlocked:            5852 kB
Node 0 Dirty:                68 kB
Node 0 Writeback:             0 kB
Node 0 FilePages:        171452 kB
Node 0 Mapped:            28240 kB
Node 0 AnonPages:         12492 kB
Node 0 Shmem:               576 kB
Node 0 KernelStack:        3160 kB
Node 0 PageTables:          452 kB
Node 0 NFS_Unstable:          0 kB
Node 0 Bounce:                0 kB
Node 0 WritebackTmp:          0 kB
Node 0 KReclaimable:      21660 kB
Node 0 Slab:              64020 kB
Node 0 SReclaimable:      21660 kB
Node 0 SUnreclaim:        42360 kB
Node 0 AnonHugePages:         0 kB
Node 0 ShmemHugePages:        0 kB
Node 0 ShmemPmdMapped:        0 kB
Node 0 FileHugePages:        0 kB
Node 0 FilePmdMapped:        0 kB
Node 0 HugePages_Total:     0
Node 0 HugePages_Free:      0
Node 0 HugePages_Surp:      0

Node 1 MemTotal:       24661580 kB
Node 1 MemFree:        24262088 kB
Node 1 MemUsed:          399492 kB
Node 1 Active:            50940 kB
Node 1 Inactive:          66104 kB
Node 1 Active(anon):      20428 kB
Node 1 Inactive(anon):      520 kB
Node 1 Active(file):      30512 kB
Node 1 Inactive(file):    65584 kB
Node 1 Unevictable:       12668 kB
Node 1 Mlocked:           12668 kB
Node 1 Dirty:               160 kB
Node 1 Writeback:             0 kB
Node 1 FilePages:         99132 kB
Node 1 Mapped:            43248 kB
Node 1 AnonPages:         30632 kB
Node 1 Shmem:               692 kB
Node 1 KernelStack:        1576 kB
Node 1 PageTables:          708 kB
Node 1 NFS_Unstable:          0 kB
Node 1 Bounce:                0 kB
Node 1 WritebackTmp:          0 kB
Node 1 KReclaimable:      22016 kB
Node 1 Slab:              56552 kB
Node 1 SReclaimable:      22016 kB
Node 1 SUnreclaim:        34536 kB
Node 1 AnonHugePages:         0 kB
Node 1 ShmemHugePages:        0 kB
Node 1 ShmemPmdMapped:        0 kB
Node 1 FileHugePages:        0 kB
Node 1 FilePmdMapped:        0 kB
Node 1 HugePages_Total:     0
Node 1 HugePages_Free:      0
Node 1 HugePages_Surp:      0

After Opposite Node
Node 0 MemTotal:       24768352 kB
Node 0 MemFree:        23894612 kB
Node 0 MemUsed:          873740 kB
Node 0 Active:            54928 kB
Node 0 Inactive:         122712 kB
Node 0 Active(anon):      12260 kB
Node 0 Inactive(anon):      348 kB
Node 0 Active(file):      42668 kB
Node 0 Inactive(file):   122364 kB
Node 0 Unevictable:        5852 kB
Node 0 Mlocked:            5852 kB
Node 0 Dirty:                72 kB
Node 0 Writeback:             0 kB
Node 0 FilePages:        171456 kB
Node 0 Mapped:            28248 kB
Node 0 AnonPages:         12032 kB
Node 0 Shmem:               576 kB
Node 0 KernelStack:        3160 kB
Node 0 PageTables:          404 kB
Node 0 NFS_Unstable:          0 kB
Node 0 Bounce:                0 kB
Node 0 WritebackTmp:          0 kB
Node 0 KReclaimable:      21660 kB
Node 0 Slab:              64136 kB
Node 0 SReclaimable:      21660 kB
Node 0 SUnreclaim:        42476 kB
Node 0 AnonHugePages:         0 kB
Node 0 ShmemHugePages:        0 kB
Node 0 ShmemPmdMapped:        0 kB
Node 0 FileHugePages:        0 kB
Node 0 FilePmdMapped:        0 kB
Node 0 HugePages_Total:     0
Node 0 HugePages_Free:      0
Node 0 HugePages_Surp:      0

Node 1 MemTotal:       24661580 kB
Node 1 MemFree:        24260928 kB
Node 1 MemUsed:          400652 kB
Node 1 Active:            51708 kB
Node 1 Inactive:          65800 kB
Node 1 Active(anon):      20876 kB
Node 1 Inactive(anon):      520 kB
Node 1 Active(file):      30832 kB
Node 1 Inactive(file):    65280 kB
Node 1 Unevictable:       12668 kB
Node 1 Mlocked:           12668 kB
Node 1 Dirty:               172 kB
Node 1 Writeback:             0 kB
Node 1 FilePages:         99148 kB
Node 1 Mapped:            43036 kB
Node 1 AnonPages:         30804 kB
Node 1 Shmem:               692 kB
Node 1 KernelStack:        1576 kB
Node 1 PageTables:          884 kB
Node 1 NFS_Unstable:          0 kB
Node 1 Bounce:                0 kB
Node 1 WritebackTmp:          0 kB
Node 1 KReclaimable:      22048 kB
Node 1 Slab:              56692 kB
Node 1 SReclaimable:      22048 kB
Node 1 SUnreclaim:        34644 kB
Node 1 AnonHugePages:         0 kB
Node 1 ShmemHugePages:        0 kB
Node 1 ShmemPmdMapped:        0 kB
Node 1 FileHugePages:        0 kB
Node 1 FilePmdMapped:        0 kB
Node 1 HugePages_Total:     0
Node 1 HugePages_Free:      0
Node 1 HugePages_Surp:      0

U.0.64M-simpleread.250M.1.O.1M Complete!
