kernel.numa_balancing = 0
100 Tests Remaining!
U.0.2M-simpleread.4G.3.O.1M
Begin
Node 0 MemTotal:       24768352 kB
Node 0 MemFree:        24446860 kB
Node 0 MemUsed:          321492 kB
Node 0 Active:            50192 kB
Node 0 Inactive:         118500 kB
Node 0 Active(anon):      28376 kB
Node 0 Inactive(anon):      388 kB
Node 0 Active(file):      21816 kB
Node 0 Inactive(file):   118112 kB
Node 0 Unevictable:       17188 kB
Node 0 Mlocked:           17188 kB
Node 0 Dirty:                12 kB
Node 0 Writeback:             0 kB
Node 0 FilePages:        147328 kB
Node 0 Mapped:            78316 kB
Node 0 AnonPages:         38684 kB
Node 0 Shmem:               524 kB
Node 0 KernelStack:        2296 kB
Node 0 PageTables:         1284 kB
Node 0 NFS_Unstable:          0 kB
Node 0 Bounce:                0 kB
Node 0 WritebackTmp:          0 kB
Node 0 KReclaimable:      23976 kB
Node 0 Slab:              54800 kB
Node 0 SReclaimable:      23976 kB
Node 0 SUnreclaim:        30824 kB
Node 0 AnonHugePages:         0 kB
Node 0 ShmemHugePages:        0 kB
Node 0 ShmemPmdMapped:        0 kB
Node 0 FileHugePages:        0 kB
Node 0 FilePmdMapped:        0 kB
Node 0 HugePages_Total:     0
Node 0 HugePages_Free:      0
Node 0 HugePages_Surp:      0

Node 1 MemTotal:       24661580 kB
Node 1 MemFree:        24307652 kB
Node 1 MemUsed:          353928 kB
Node 1 Active:            48832 kB
Node 1 Inactive:          30788 kB
Node 1 Active(anon):       6092 kB
Node 1 Inactive(anon):      492 kB
Node 1 Active(file):      42740 kB
Node 1 Inactive(file):    30296 kB
Node 1 Unevictable:        1336 kB
Node 1 Mlocked:            1336 kB
Node 1 Dirty:                12 kB
Node 1 Writeback:             0 kB
Node 1 FilePages:         75112 kB
Node 1 Mapped:            14180 kB
Node 1 AnonPages:          5868 kB
Node 1 Shmem:               744 kB
Node 1 KernelStack:        1528 kB
Node 1 PageTables:          268 kB
Node 1 NFS_Unstable:          0 kB
Node 1 Bounce:                0 kB
Node 1 WritebackTmp:          0 kB
Node 1 KReclaimable:      18612 kB
Node 1 Slab:              53196 kB
Node 1 SReclaimable:      18612 kB
Node 1 SUnreclaim:        34584 kB
Node 1 AnonHugePages:         0 kB
Node 1 ShmemHugePages:        0 kB
Node 1 ShmemPmdMapped:        0 kB
Node 1 FileHugePages:        0 kB
Node 1 FilePmdMapped:        0 kB
Node 1 HugePages_Total:     0
Node 1 HugePages_Free:      0
Node 1 HugePages_Surp:      0

Load ZFS
Node 0 MemTotal:       24768352 kB
Node 0 MemFree:        24303600 kB
Node 0 MemUsed:          464752 kB
Node 0 Active:            55584 kB
Node 0 Inactive:         118760 kB
Node 0 Active(anon):      32916 kB
Node 0 Inactive(anon):      388 kB
Node 0 Active(file):      22668 kB
Node 0 Inactive(file):   118372 kB
Node 0 Unevictable:       17188 kB
Node 0 Mlocked:           17188 kB
Node 0 Dirty:               140 kB
Node 0 Writeback:             0 kB
Node 0 FilePages:        148432 kB
Node 0 Mapped:            78196 kB
Node 0 AnonPages:         42636 kB
Node 0 Shmem:               524 kB
Node 0 KernelStack:        2440 kB
Node 0 PageTables:         1576 kB
Node 0 NFS_Unstable:          0 kB
Node 0 Bounce:                0 kB
Node 0 WritebackTmp:          0 kB
Node 0 KReclaimable:      24196 kB
Node 0 Slab:              56268 kB
Node 0 SReclaimable:      24196 kB
Node 0 SUnreclaim:        32072 kB
Node 0 AnonHugePages:         0 kB
Node 0 ShmemHugePages:        0 kB
Node 0 ShmemPmdMapped:        0 kB
Node 0 FileHugePages:        0 kB
Node 0 FilePmdMapped:        0 kB
Node 0 HugePages_Total:     0
Node 0 HugePages_Free:      0
Node 0 HugePages_Surp:      0

Node 1 MemTotal:       24661580 kB
Node 1 MemFree:        24438932 kB
Node 1 MemUsed:          222648 kB
Node 1 Active:            56592 kB
Node 1 Inactive:          26500 kB
Node 1 Active(anon):       8140 kB
Node 1 Inactive(anon):      492 kB
Node 1 Active(file):      48452 kB
Node 1 Inactive(file):    26008 kB
Node 1 Unevictable:        1336 kB
Node 1 Mlocked:            1336 kB
Node 1 Dirty:                20 kB
Node 1 Writeback:             0 kB
Node 1 FilePages:         76536 kB
Node 1 Mapped:            14340 kB
Node 1 AnonPages:          8020 kB
Node 1 Shmem:               744 kB
Node 1 KernelStack:        1336 kB
Node 1 PageTables:          268 kB
Node 1 NFS_Unstable:          0 kB
Node 1 Bounce:                0 kB
Node 1 WritebackTmp:          0 kB
Node 1 KReclaimable:      19136 kB
Node 1 Slab:              55128 kB
Node 1 SReclaimable:      19136 kB
Node 1 SUnreclaim:        35992 kB
Node 1 AnonHugePages:         0 kB
Node 1 ShmemHugePages:        0 kB
Node 1 ShmemPmdMapped:        0 kB
Node 1 FileHugePages:        0 kB
Node 1 FilePmdMapped:        0 kB
Node 1 HugePages_Total:     0
Node 1 HugePages_Free:      0
Node 1 HugePages_Surp:      0

Import tank ZPool
Node 0 MemTotal:       24768352 kB
Node 0 MemFree:        24287476 kB
Node 0 MemUsed:          480876 kB
Node 0 Active:            51836 kB
Node 0 Inactive:         119700 kB
Node 0 Active(anon):      28388 kB
Node 0 Inactive(anon):      392 kB
Node 0 Active(file):      23448 kB
Node 0 Inactive(file):   119308 kB
Node 0 Unevictable:       17188 kB
Node 0 Mlocked:           17188 kB
Node 0 Dirty:               152 kB
Node 0 Writeback:             0 kB
Node 0 FilePages:        150160 kB
Node 0 Mapped:            78356 kB
Node 0 AnonPages:         37532 kB
Node 0 Shmem:               528 kB
Node 0 KernelStack:        3480 kB
Node 0 PageTables:         1416 kB
Node 0 NFS_Unstable:          0 kB
Node 0 Bounce:                0 kB
Node 0 WritebackTmp:          0 kB
Node 0 KReclaimable:      24324 kB
Node 0 Slab:              63104 kB
Node 0 SReclaimable:      24324 kB
Node 0 SUnreclaim:        38780 kB
Node 0 AnonHugePages:         0 kB
Node 0 ShmemHugePages:        0 kB
Node 0 ShmemPmdMapped:        0 kB
Node 0 FileHugePages:        0 kB
Node 0 FilePmdMapped:        0 kB
Node 0 HugePages_Total:     0
Node 0 HugePages_Free:      0
Node 0 HugePages_Surp:      0

Node 1 MemTotal:       24661580 kB
Node 1 MemFree:        24439924 kB
Node 1 MemUsed:          221656 kB
Node 1 Active:            54812 kB
Node 1 Inactive:          26456 kB
Node 1 Active(anon):       6316 kB
Node 1 Inactive(anon):      492 kB
Node 1 Active(file):      48496 kB
Node 1 Inactive(file):    25964 kB
Node 1 Unevictable:        1336 kB
Node 1 Mlocked:            1336 kB
Node 1 Dirty:                28 kB
Node 1 Writeback:             0 kB
Node 1 FilePages:         76532 kB
Node 1 Mapped:            14212 kB
Node 1 AnonPages:          5032 kB
Node 1 Shmem:               740 kB
Node 1 KernelStack:        1336 kB
Node 1 PageTables:          268 kB
Node 1 NFS_Unstable:          0 kB
Node 1 Bounce:                0 kB
Node 1 WritebackTmp:          0 kB
Node 1 KReclaimable:      19136 kB
Node 1 Slab:              55152 kB
Node 1 SReclaimable:      19136 kB
Node 1 SUnreclaim:        36016 kB
Node 1 AnonHugePages:         0 kB
Node 1 ShmemHugePages:        0 kB
Node 1 ShmemPmdMapped:        0 kB
Node 1 FileHugePages:        0 kB
Node 1 FilePmdMapped:        0 kB
Node 1 HugePages_Total:     0
Node 1 HugePages_Free:      0
Node 1 HugePages_Surp:      0

After Test
Node 0 MemTotal:       24768352 kB
Node 0 MemFree:        19266332 kB
Node 0 MemUsed:         5502020 kB
Node 0 Active:            51336 kB
Node 0 Inactive:         121692 kB
Node 0 Active(anon):      27396 kB
Node 0 Inactive(anon):      392 kB
Node 0 Active(file):      23940 kB
Node 0 Inactive(file):   121300 kB
Node 0 Unevictable:       17188 kB
Node 0 Mlocked:           17188 kB
Node 0 Dirty:                20 kB
Node 0 Writeback:             0 kB
Node 0 FilePages:        152644 kB
Node 0 Mapped:            78164 kB
Node 0 AnonPages:         37464 kB
Node 0 Shmem:               528 kB
Node 0 KernelStack:        3304 kB
Node 0 PageTables:         1064 kB
Node 0 NFS_Unstable:          0 kB
Node 0 Bounce:                0 kB
Node 0 WritebackTmp:          0 kB
Node 0 KReclaimable:      24436 kB
Node 0 Slab:              82332 kB
Node 0 SReclaimable:      24436 kB
Node 0 SUnreclaim:        57896 kB
Node 0 AnonHugePages:         0 kB
Node 0 ShmemHugePages:        0 kB
Node 0 ShmemPmdMapped:        0 kB
Node 0 FileHugePages:        0 kB
Node 0 FilePmdMapped:        0 kB
Node 0 HugePages_Total:     0
Node 0 HugePages_Free:      0
Node 0 HugePages_Surp:      0

Node 1 MemTotal:       24661580 kB
Node 1 MemFree:        24444788 kB
Node 1 MemUsed:          216792 kB
Node 1 Active:            54316 kB
Node 1 Inactive:          26364 kB
Node 1 Active(anon):       5728 kB
Node 1 Inactive(anon):      492 kB
Node 1 Active(file):      48588 kB
Node 1 Inactive(file):    25872 kB
Node 1 Unevictable:        1336 kB
Node 1 Mlocked:            1336 kB
Node 1 Dirty:                 8 kB
Node 1 Writeback:             0 kB
Node 1 FilePages:         76532 kB
Node 1 Mapped:            14244 kB
Node 1 AnonPages:          5480 kB
Node 1 Shmem:               740 kB
Node 1 KernelStack:        1304 kB
Node 1 PageTables:          268 kB
Node 1 NFS_Unstable:          0 kB
Node 1 Bounce:                0 kB
Node 1 WritebackTmp:          0 kB
Node 1 KReclaimable:      19136 kB
Node 1 Slab:              55268 kB
Node 1 SReclaimable:      19136 kB
Node 1 SUnreclaim:        36132 kB
Node 1 AnonHugePages:         0 kB
Node 1 ShmemHugePages:        0 kB
Node 1 ShmemPmdMapped:        0 kB
Node 1 FileHugePages:        0 kB
Node 1 FilePmdMapped:        0 kB
Node 1 HugePages_Total:     0
Node 1 HugePages_Free:      0
Node 1 HugePages_Surp:      0

After Opposite Node
Node 0 MemTotal:       24768352 kB
Node 0 MemFree:        19265056 kB
Node 0 MemUsed:         5503296 kB
Node 0 Active:            51020 kB
Node 0 Inactive:         121640 kB
Node 0 Active(anon):      27000 kB
Node 0 Inactive(anon):      392 kB
Node 0 Active(file):      24020 kB
Node 0 Inactive(file):   121248 kB
Node 0 Unevictable:       17188 kB
Node 0 Mlocked:           17188 kB
Node 0 Dirty:                36 kB
Node 0 Writeback:             0 kB
Node 0 FilePages:        152656 kB
Node 0 Mapped:            78168 kB
Node 0 AnonPages:         37240 kB
Node 0 Shmem:               528 kB
Node 0 KernelStack:        3288 kB
Node 0 PageTables:         1008 kB
Node 0 NFS_Unstable:          0 kB
Node 0 Bounce:                0 kB
Node 0 WritebackTmp:          0 kB
Node 0 KReclaimable:      24436 kB
Node 0 Slab:              82360 kB
Node 0 SReclaimable:      24436 kB
Node 0 SUnreclaim:        57924 kB
Node 0 AnonHugePages:         0 kB
Node 0 ShmemHugePages:        0 kB
Node 0 ShmemPmdMapped:        0 kB
Node 0 FileHugePages:        0 kB
Node 0 FilePmdMapped:        0 kB
Node 0 HugePages_Total:     0
Node 0 HugePages_Free:      0
Node 0 HugePages_Surp:      0

Node 1 MemTotal:       24661580 kB
Node 1 MemFree:        24442716 kB
Node 1 MemUsed:          218864 kB
Node 1 Active:            54832 kB
Node 1 Inactive:          26156 kB
Node 1 Active(anon):       6028 kB
Node 1 Inactive(anon):      492 kB
Node 1 Active(file):      48804 kB
Node 1 Inactive(file):    25664 kB
Node 1 Unevictable:        1336 kB
Node 1 Mlocked:            1336 kB
Node 1 Dirty:                12 kB
Node 1 Writeback:             0 kB
Node 1 FilePages:         76540 kB
Node 1 Mapped:            14452 kB
Node 1 AnonPages:          5704 kB
Node 1 Shmem:               740 kB
Node 1 KernelStack:        1320 kB
Node 1 PageTables:          328 kB
Node 1 NFS_Unstable:          0 kB
Node 1 Bounce:                0 kB
Node 1 WritebackTmp:          0 kB
Node 1 KReclaimable:      19168 kB
Node 1 Slab:              56212 kB
Node 1 SReclaimable:      19168 kB
Node 1 SUnreclaim:        37044 kB
Node 1 AnonHugePages:         0 kB
Node 1 ShmemHugePages:        0 kB
Node 1 ShmemPmdMapped:        0 kB
Node 1 FileHugePages:        0 kB
Node 1 FilePmdMapped:        0 kB
Node 1 HugePages_Total:     0
Node 1 HugePages_Free:      0
Node 1 HugePages_Surp:      0

U.0.2M-simpleread.4G.3.O.1M Complete!
