kernel.numa_balancing = 0
U.0.2M-simpleread.16G.3.O.1M
Begin
Node 0 MemTotal:       24743736 kB
Node 0 MemFree:        24300664 kB
Node 0 MemUsed:          443072 kB
Node 0 Active:            76168 kB
Node 0 Inactive:          63304 kB
Node 0 Active(anon):      27632 kB
Node 0 Inactive(anon):      312 kB
Node 0 Active(file):      48536 kB
Node 0 Inactive(file):    62992 kB
Node 0 Unevictable:       17336 kB
Node 0 Mlocked:           17336 kB
Node 0 Dirty:               156 kB
Node 0 Writeback:             0 kB
Node 0 FilePages:        119184 kB
Node 0 Mapped:            36168 kB
Node 0 AnonPages:         37876 kB
Node 0 Shmem:               504 kB
Node 0 KernelStack:        2376 kB
Node 0 PageTables:          820 kB
Node 0 NFS_Unstable:          0 kB
Node 0 Bounce:                0 kB
Node 0 WritebackTmp:          0 kB
Node 0 KReclaimable:      23096 kB
Node 0 Slab:              65704 kB
Node 0 SReclaimable:      23096 kB
Node 0 SUnreclaim:        42608 kB
Node 0 AnonHugePages:         0 kB
Node 0 ShmemHugePages:        0 kB
Node 0 ShmemPmdMapped:        0 kB
Node 0 FileHugePages:        0 kB
Node 0 FilePmdMapped:        0 kB
Node 0 HugePages_Total:     0
Node 0 HugePages_Free:      0
Node 0 HugePages_Surp:      0

Node 1 MemTotal:       24686196 kB
Node 1 MemFree:        24515932 kB
Node 1 MemUsed:          170264 kB
Node 1 Active:            19124 kB
Node 1 Inactive:          30496 kB
Node 1 Active(anon):       5792 kB
Node 1 Inactive(anon):      564 kB
Node 1 Active(file):      13332 kB
Node 1 Inactive(file):    29932 kB
Node 1 Unevictable:        1188 kB
Node 1 Mlocked:            1188 kB
Node 1 Dirty:               352 kB
Node 1 Writeback:             0 kB
Node 1 FilePages:         45216 kB
Node 1 Mapped:             7536 kB
Node 1 AnonPages:          5592 kB
Node 1 Shmem:               764 kB
Node 1 KernelStack:        1288 kB
Node 1 PageTables:          272 kB
Node 1 NFS_Unstable:          0 kB
Node 1 Bounce:                0 kB
Node 1 WritebackTmp:          0 kB
Node 1 KReclaimable:      18388 kB
Node 1 Slab:              39336 kB
Node 1 SReclaimable:      18388 kB
Node 1 SUnreclaim:        20948 kB
Node 1 AnonHugePages:         0 kB
Node 1 ShmemHugePages:        0 kB
Node 1 ShmemPmdMapped:        0 kB
Node 1 FileHugePages:        0 kB
Node 1 FilePmdMapped:        0 kB
Node 1 HugePages_Total:     0
Node 1 HugePages_Free:      0
Node 1 HugePages_Surp:      0

Load ZFS
Node 0 MemTotal:       24743736 kB
Node 0 MemFree:        24430628 kB
Node 0 MemUsed:          313108 kB
Node 0 Active:            86640 kB
Node 0 Inactive:          58732 kB
Node 0 Active(anon):      32084 kB
Node 0 Inactive(anon):      312 kB
Node 0 Active(file):      54556 kB
Node 0 Inactive(file):    58420 kB
Node 0 Unevictable:       17336 kB
Node 0 Mlocked:           17336 kB
Node 0 Dirty:               180 kB
Node 0 Writeback:             0 kB
Node 0 FilePages:        120484 kB
Node 0 Mapped:            36136 kB
Node 0 AnonPages:         42196 kB
Node 0 Shmem:               504 kB
Node 0 KernelStack:        2280 kB
Node 0 PageTables:         1092 kB
Node 0 NFS_Unstable:          0 kB
Node 0 Bounce:                0 kB
Node 0 WritebackTmp:          0 kB
Node 0 KReclaimable:      23540 kB
Node 0 Slab:              66556 kB
Node 0 SReclaimable:      23540 kB
Node 0 SUnreclaim:        43016 kB
Node 0 AnonHugePages:         0 kB
Node 0 ShmemHugePages:        0 kB
Node 0 ShmemPmdMapped:        0 kB
Node 0 FileHugePages:        0 kB
Node 0 FilePmdMapped:        0 kB
Node 0 HugePages_Total:     0
Node 0 HugePages_Free:      0
Node 0 HugePages_Surp:      0

Node 1 MemTotal:       24686196 kB
Node 1 MemFree:        24375612 kB
Node 1 MemUsed:          310584 kB
Node 1 Active:            20024 kB
Node 1 Inactive:          31004 kB
Node 1 Active(anon):       6096 kB
Node 1 Inactive(anon):      564 kB
Node 1 Active(file):      13928 kB
Node 1 Inactive(file):    30440 kB
Node 1 Unevictable:        1188 kB
Node 1 Mlocked:            1188 kB
Node 1 Dirty:               352 kB
Node 1 Writeback:             0 kB
Node 1 FilePages:         46320 kB
Node 1 Mapped:             7696 kB
Node 1 AnonPages:          5976 kB
Node 1 Shmem:               764 kB
Node 1 KernelStack:        1480 kB
Node 1 PageTables:          272 kB
Node 1 NFS_Unstable:          0 kB
Node 1 Bounce:                0 kB
Node 1 WritebackTmp:          0 kB
Node 1 KReclaimable:      18868 kB
Node 1 Slab:              41776 kB
Node 1 SReclaimable:      18868 kB
Node 1 SUnreclaim:        22908 kB
Node 1 AnonHugePages:         0 kB
Node 1 ShmemHugePages:        0 kB
Node 1 ShmemPmdMapped:        0 kB
Node 1 FileHugePages:        0 kB
Node 1 FilePmdMapped:        0 kB
Node 1 HugePages_Total:     0
Node 1 HugePages_Free:      0
Node 1 HugePages_Surp:      0

Import tank ZPool
Node 0 MemTotal:       24743736 kB
Node 0 MemFree:        24427224 kB
Node 0 MemUsed:          316512 kB
Node 0 Active:            82564 kB
Node 0 Inactive:          59916 kB
Node 0 Active(anon):      27496 kB
Node 0 Inactive(anon):      316 kB
Node 0 Active(file):      55068 kB
Node 0 Inactive(file):    59600 kB
Node 0 Unevictable:       17336 kB
Node 0 Mlocked:           17336 kB
Node 0 Dirty:               236 kB
Node 0 Writeback:             0 kB
Node 0 FilePages:        122212 kB
Node 0 Mapped:            36460 kB
Node 0 AnonPages:         37272 kB
Node 0 Shmem:               504 kB
Node 0 KernelStack:        2200 kB
Node 0 PageTables:          848 kB
Node 0 NFS_Unstable:          0 kB
Node 0 Bounce:                0 kB
Node 0 WritebackTmp:          0 kB
Node 0 KReclaimable:      23636 kB
Node 0 Slab:              71564 kB
Node 0 SReclaimable:      23636 kB
Node 0 SUnreclaim:        47928 kB
Node 0 AnonHugePages:         0 kB
Node 0 ShmemHugePages:        0 kB
Node 0 ShmemPmdMapped:        0 kB
Node 0 FileHugePages:        0 kB
Node 0 FilePmdMapped:        0 kB
Node 0 HugePages_Total:     0
Node 0 HugePages_Free:      0
Node 0 HugePages_Surp:      0

Node 1 MemTotal:       24686196 kB
Node 1 MemFree:        24362636 kB
Node 1 MemUsed:          323560 kB
Node 1 Active:            19904 kB
Node 1 Inactive:          31016 kB
Node 1 Active(anon):       5936 kB
Node 1 Inactive(anon):      564 kB
Node 1 Active(file):      13968 kB
Node 1 Inactive(file):    30452 kB
Node 1 Unevictable:        1188 kB
Node 1 Mlocked:            1188 kB
Node 1 Dirty:               116 kB
Node 1 Writeback:             0 kB
Node 1 FilePages:         46372 kB
Node 1 Mapped:             7556 kB
Node 1 AnonPages:          5736 kB
Node 1 Shmem:               764 kB
Node 1 KernelStack:        2536 kB
Node 1 PageTables:          272 kB
Node 1 NFS_Unstable:          0 kB
Node 1 Bounce:                0 kB
Node 1 WritebackTmp:          0 kB
Node 1 KReclaimable:      18900 kB
Node 1 Slab:              44300 kB
Node 1 SReclaimable:      18900 kB
Node 1 SUnreclaim:        25400 kB
Node 1 AnonHugePages:         0 kB
Node 1 ShmemHugePages:        0 kB
Node 1 ShmemPmdMapped:        0 kB
Node 1 FileHugePages:        0 kB
Node 1 FilePmdMapped:        0 kB
Node 1 HugePages_Total:     0
Node 1 HugePages_Free:      0
Node 1 HugePages_Surp:      0

After Test
Node 0 MemTotal:       24743736 kB
Node 0 MemFree:         7592148 kB
Node 0 MemUsed:        17151588 kB
Node 0 Active:            83376 kB
Node 0 Inactive:          61692 kB
Node 0 Active(anon):      27416 kB
Node 0 Inactive(anon):      312 kB
Node 0 Active(file):      55960 kB
Node 0 Inactive(file):    61380 kB
Node 0 Unevictable:       17336 kB
Node 0 Mlocked:           17336 kB
Node 0 Dirty:                40 kB
Node 0 Writeback:             0 kB
Node 0 FilePages:        124916 kB
Node 0 Mapped:            36244 kB
Node 0 AnonPages:         37432 kB
Node 0 Shmem:               500 kB
Node 0 KernelStack:        2008 kB
Node 0 PageTables:          792 kB
Node 0 NFS_Unstable:          0 kB
Node 0 Bounce:                0 kB
Node 0 WritebackTmp:          0 kB
Node 0 KReclaimable:      23816 kB
Node 0 Slab:             127728 kB
Node 0 SReclaimable:      23816 kB
Node 0 SUnreclaim:       103912 kB
Node 0 AnonHugePages:         0 kB
Node 0 ShmemHugePages:        0 kB
Node 0 ShmemPmdMapped:        0 kB
Node 0 FileHugePages:        0 kB
Node 0 FilePmdMapped:        0 kB
Node 0 HugePages_Total:     0
Node 0 HugePages_Free:      0
Node 0 HugePages_Surp:      0

Node 1 MemTotal:       24686196 kB
Node 1 MemFree:        23546188 kB
Node 1 MemUsed:         1140008 kB
Node 1 Active:            19808 kB
Node 1 Inactive:          30932 kB
Node 1 Active(anon):       5752 kB
Node 1 Inactive(anon):      568 kB
Node 1 Active(file):      14056 kB
Node 1 Inactive(file):    30364 kB
Node 1 Unevictable:        1188 kB
Node 1 Mlocked:            1188 kB
Node 1 Dirty:                 8 kB
Node 1 Writeback:             0 kB
Node 1 FilePages:         46376 kB
Node 1 Mapped:             7600 kB
Node 1 AnonPages:          5552 kB
Node 1 Shmem:               768 kB
Node 1 KernelStack:        2408 kB
Node 1 PageTables:          272 kB
Node 1 NFS_Unstable:          0 kB
Node 1 Bounce:                0 kB
Node 1 WritebackTmp:          0 kB
Node 1 KReclaimable:      18980 kB
Node 1 Slab:              47772 kB
Node 1 SReclaimable:      18980 kB
Node 1 SUnreclaim:        28792 kB
Node 1 AnonHugePages:         0 kB
Node 1 ShmemHugePages:        0 kB
Node 1 ShmemPmdMapped:        0 kB
Node 1 FileHugePages:        0 kB
Node 1 FilePmdMapped:        0 kB
Node 1 HugePages_Total:     0
Node 1 HugePages_Free:      0
Node 1 HugePages_Surp:      0

After Opposite Node
Node 0 MemTotal:       24743736 kB
Node 0 MemFree:         7592640 kB
Node 0 MemUsed:        17151096 kB
Node 0 Active:            83112 kB
Node 0 Inactive:          61644 kB
Node 0 Active(anon):      27016 kB
Node 0 Inactive(anon):      312 kB
Node 0 Active(file):      56096 kB
Node 0 Inactive(file):    61332 kB
Node 0 Unevictable:       17336 kB
Node 0 Mlocked:           17336 kB
Node 0 Dirty:                20 kB
Node 0 Writeback:             0 kB
Node 0 FilePages:        124940 kB
Node 0 Mapped:            36160 kB
Node 0 AnonPages:         37208 kB
Node 0 Shmem:               500 kB
Node 0 KernelStack:        1992 kB
Node 0 PageTables:          740 kB
Node 0 NFS_Unstable:          0 kB
Node 0 Bounce:                0 kB
Node 0 WritebackTmp:          0 kB
Node 0 KReclaimable:      23816 kB
Node 0 Slab:             127636 kB
Node 0 SReclaimable:      23816 kB
Node 0 SUnreclaim:       103820 kB
Node 0 AnonHugePages:         0 kB
Node 0 ShmemHugePages:        0 kB
Node 0 ShmemPmdMapped:        0 kB
Node 0 FileHugePages:        0 kB
Node 0 FilePmdMapped:        0 kB
Node 0 HugePages_Total:     0
Node 0 HugePages_Free:      0
Node 0 HugePages_Surp:      0

Node 1 MemTotal:       24686196 kB
Node 1 MemFree:        23540416 kB
Node 1 MemUsed:         1145780 kB
Node 1 Active:            20388 kB
Node 1 Inactive:          30704 kB
Node 1 Active(anon):       6096 kB
Node 1 Inactive(anon):      568 kB
Node 1 Active(file):      14292 kB
Node 1 Inactive(file):    30136 kB
Node 1 Unevictable:        1188 kB
Node 1 Mlocked:            1188 kB
Node 1 Dirty:                 4 kB
Node 1 Writeback:             0 kB
Node 1 FilePages:         46384 kB
Node 1 Mapped:             7600 kB
Node 1 AnonPages:          5772 kB
Node 1 Shmem:               768 kB
Node 1 KernelStack:        2424 kB
Node 1 PageTables:          324 kB
Node 1 NFS_Unstable:          0 kB
Node 1 Bounce:                0 kB
Node 1 WritebackTmp:          0 kB
Node 1 KReclaimable:      19012 kB
Node 1 Slab:              49432 kB
Node 1 SReclaimable:      19012 kB
Node 1 SUnreclaim:        30420 kB
Node 1 AnonHugePages:         0 kB
Node 1 ShmemHugePages:        0 kB
Node 1 ShmemPmdMapped:        0 kB
Node 1 FileHugePages:        0 kB
Node 1 FilePmdMapped:        0 kB
Node 1 HugePages_Total:     0
Node 1 HugePages_Free:      0
Node 1 HugePages_Surp:      0

U.0.2M-simpleread.16G.3.O.1M Complete!
