kernel.numa_balancing = 0
U.0.4M-simpleread.250M.3.O.1M
Begin
Node 0 MemTotal:       24743736 kB
Node 0 MemFree:        24441556 kB
Node 0 MemUsed:          302180 kB
Node 0 Active:            76600 kB
Node 0 Inactive:          67284 kB
Node 0 Active(anon):      27368 kB
Node 0 Inactive(anon):      356 kB
Node 0 Active(file):      49232 kB
Node 0 Inactive(file):    66928 kB
Node 0 Unevictable:        5536 kB
Node 0 Mlocked:            5536 kB
Node 0 Dirty:                56 kB
Node 0 Writeback:             0 kB
Node 0 FilePages:        122396 kB
Node 0 Mapped:            28192 kB
Node 0 AnonPages:         27252 kB
Node 0 Shmem:               536 kB
Node 0 KernelStack:        2184 kB
Node 0 PageTables:          556 kB
Node 0 NFS_Unstable:          0 kB
Node 0 Bounce:                0 kB
Node 0 WritebackTmp:          0 kB
Node 0 KReclaimable:      22992 kB
Node 0 Slab:              59068 kB
Node 0 SReclaimable:      22992 kB
Node 0 SUnreclaim:        36076 kB
Node 0 AnonHugePages:         0 kB
Node 0 ShmemHugePages:        0 kB
Node 0 ShmemPmdMapped:        0 kB
Node 0 FileHugePages:        0 kB
Node 0 FilePmdMapped:        0 kB
Node 0 HugePages_Total:     0
Node 0 HugePages_Free:      0
Node 0 HugePages_Surp:      0

Node 1 MemTotal:       24686196 kB
Node 1 MemFree:        24360296 kB
Node 1 MemUsed:          325900 kB
Node 1 Active:            18852 kB
Node 1 Inactive:          39828 kB
Node 1 Active(anon):       6136 kB
Node 1 Inactive(anon):      520 kB
Node 1 Active(file):      12716 kB
Node 1 Inactive(file):    39308 kB
Node 1 Unevictable:       12984 kB
Node 1 Mlocked:           12984 kB
Node 1 Dirty:               140 kB
Node 1 Writeback:             0 kB
Node 1 FilePages:         55416 kB
Node 1 Mapped:            27808 kB
Node 1 AnonPages:         16316 kB
Node 1 Shmem:               732 kB
Node 1 KernelStack:        1384 kB
Node 1 PageTables:          536 kB
Node 1 NFS_Unstable:          0 kB
Node 1 Bounce:                0 kB
Node 1 WritebackTmp:          0 kB
Node 1 KReclaimable:      18772 kB
Node 1 Slab:              46136 kB
Node 1 SReclaimable:      18772 kB
Node 1 SUnreclaim:        27364 kB
Node 1 AnonHugePages:         0 kB
Node 1 ShmemHugePages:        0 kB
Node 1 ShmemPmdMapped:        0 kB
Node 1 FileHugePages:        0 kB
Node 1 FilePmdMapped:        0 kB
Node 1 HugePages_Total:     0
Node 1 HugePages_Free:      0
Node 1 HugePages_Surp:      0

Load ZFS
Node 0 MemTotal:       24743736 kB
Node 0 MemFree:        24304904 kB
Node 0 MemUsed:          438832 kB
Node 0 Active:            84976 kB
Node 0 Inactive:          62908 kB
Node 0 Active(anon):      29336 kB
Node 0 Inactive(anon):      356 kB
Node 0 Active(file):      55640 kB
Node 0 Inactive(file):    62552 kB
Node 0 Unevictable:        5536 kB
Node 0 Mlocked:            5536 kB
Node 0 Dirty:                56 kB
Node 0 Writeback:             0 kB
Node 0 FilePages:        124260 kB
Node 0 Mapped:            28240 kB
Node 0 AnonPages:         28748 kB
Node 0 Shmem:               536 kB
Node 0 KernelStack:        2264 kB
Node 0 PageTables:          800 kB
Node 0 NFS_Unstable:          0 kB
Node 0 Bounce:                0 kB
Node 0 WritebackTmp:          0 kB
Node 0 KReclaimable:      23580 kB
Node 0 Slab:              61356 kB
Node 0 SReclaimable:      23580 kB
Node 0 SUnreclaim:        37776 kB
Node 0 AnonHugePages:         0 kB
Node 0 ShmemHugePages:        0 kB
Node 0 ShmemPmdMapped:        0 kB
Node 0 FileHugePages:        0 kB
Node 0 FilePmdMapped:        0 kB
Node 0 HugePages_Total:     0
Node 0 HugePages_Free:      0
Node 0 HugePages_Surp:      0

Node 1 MemTotal:       24686196 kB
Node 1 MemFree:        24488240 kB
Node 1 MemUsed:          197956 kB
Node 1 Active:            21660 kB
Node 1 Inactive:          40144 kB
Node 1 Active(anon):       8708 kB
Node 1 Inactive(anon):      520 kB
Node 1 Active(file):      12952 kB
Node 1 Inactive(file):    39624 kB
Node 1 Unevictable:       12984 kB
Node 1 Mlocked:           12984 kB
Node 1 Dirty:               176 kB
Node 1 Writeback:             0 kB
Node 1 FilePages:         55968 kB
Node 1 Mapped:            27808 kB
Node 1 AnonPages:         18876 kB
Node 1 Shmem:               732 kB
Node 1 KernelStack:        1384 kB
Node 1 PageTables:          576 kB
Node 1 NFS_Unstable:          0 kB
Node 1 Bounce:                0 kB
Node 1 WritebackTmp:          0 kB
Node 1 KReclaimable:      19260 kB
Node 1 Slab:              47588 kB
Node 1 SReclaimable:      19260 kB
Node 1 SUnreclaim:        28328 kB
Node 1 AnonHugePages:         0 kB
Node 1 ShmemHugePages:        0 kB
Node 1 ShmemPmdMapped:        0 kB
Node 1 FileHugePages:        0 kB
Node 1 FilePmdMapped:        0 kB
Node 1 HugePages_Total:     0
Node 1 HugePages_Free:      0
Node 1 HugePages_Surp:      0

Import tank ZPool
Node 0 MemTotal:       24743736 kB
Node 0 MemFree:        24297656 kB
Node 0 MemUsed:          446080 kB
Node 0 Active:            83704 kB
Node 0 Inactive:          64104 kB
Node 0 Active(anon):      27540 kB
Node 0 Inactive(anon):      360 kB
Node 0 Active(file):      56164 kB
Node 0 Inactive(file):    63744 kB
Node 0 Unevictable:        5536 kB
Node 0 Mlocked:            5536 kB
Node 0 Dirty:                80 kB
Node 0 Writeback:             0 kB
Node 0 FilePages:        126000 kB
Node 0 Mapped:            28484 kB
Node 0 AnonPages:         27148 kB
Node 0 Shmem:               536 kB
Node 0 KernelStack:        2264 kB
Node 0 PageTables:          712 kB
Node 0 NFS_Unstable:          0 kB
Node 0 Bounce:                0 kB
Node 0 WritebackTmp:          0 kB
Node 0 KReclaimable:      23708 kB
Node 0 Slab:              66356 kB
Node 0 SReclaimable:      23708 kB
Node 0 SUnreclaim:        42648 kB
Node 0 AnonHugePages:         0 kB
Node 0 ShmemHugePages:        0 kB
Node 0 ShmemPmdMapped:        0 kB
Node 0 FileHugePages:        0 kB
Node 0 FilePmdMapped:        0 kB
Node 0 HugePages_Total:     0
Node 0 HugePages_Free:      0
Node 0 HugePages_Surp:      0

Node 1 MemTotal:       24686196 kB
Node 1 MemFree:        24474224 kB
Node 1 MemUsed:          211972 kB
Node 1 Active:            18856 kB
Node 1 Inactive:          40148 kB
Node 1 Active(anon):       5904 kB
Node 1 Inactive(anon):      520 kB
Node 1 Active(file):      12952 kB
Node 1 Inactive(file):    39628 kB
Node 1 Unevictable:       12984 kB
Node 1 Mlocked:           12984 kB
Node 1 Dirty:               196 kB
Node 1 Writeback:             0 kB
Node 1 FilePages:         55972 kB
Node 1 Mapped:            27844 kB
Node 1 AnonPages:         16016 kB
Node 1 Shmem:               732 kB
Node 1 KernelStack:        2408 kB
Node 1 PageTables:          456 kB
Node 1 NFS_Unstable:          0 kB
Node 1 Bounce:                0 kB
Node 1 WritebackTmp:          0 kB
Node 1 KReclaimable:      19260 kB
Node 1 Slab:              50112 kB
Node 1 SReclaimable:      19260 kB
Node 1 SUnreclaim:        30852 kB
Node 1 AnonHugePages:         0 kB
Node 1 ShmemHugePages:        0 kB
Node 1 ShmemPmdMapped:        0 kB
Node 1 FileHugePages:        0 kB
Node 1 FilePmdMapped:        0 kB
Node 1 HugePages_Total:     0
Node 1 HugePages_Free:      0
Node 1 HugePages_Surp:      0

After Test
Node 0 MemTotal:       24743736 kB
Node 0 MemFree:        24036976 kB
Node 0 MemUsed:          706760 kB
Node 0 Active:            84256 kB
Node 0 Inactive:          67636 kB
Node 0 Active(anon):      27216 kB
Node 0 Inactive(anon):      360 kB
Node 0 Active(file):      57040 kB
Node 0 Inactive(file):    67276 kB
Node 0 Unevictable:        5536 kB
Node 0 Mlocked:            5536 kB
Node 0 Dirty:                84 kB
Node 0 Writeback:             0 kB
Node 0 FilePages:        130384 kB
Node 0 Mapped:            28272 kB
Node 0 AnonPages:         26968 kB
Node 0 Shmem:               536 kB
Node 0 KernelStack:        2248 kB
Node 0 PageTables:          656 kB
Node 0 NFS_Unstable:          0 kB
Node 0 Bounce:                0 kB
Node 0 WritebackTmp:          0 kB
Node 0 KReclaimable:      23768 kB
Node 0 Slab:              68088 kB
Node 0 SReclaimable:      23768 kB
Node 0 SUnreclaim:        44320 kB
Node 0 AnonHugePages:         0 kB
Node 0 ShmemHugePages:        0 kB
Node 0 ShmemPmdMapped:        0 kB
Node 0 FileHugePages:        0 kB
Node 0 FilePmdMapped:        0 kB
Node 0 HugePages_Total:     0
Node 0 HugePages_Free:      0
Node 0 HugePages_Surp:      0

Node 1 MemTotal:       24686196 kB
Node 1 MemFree:        24206040 kB
Node 1 MemUsed:          480156 kB
Node 1 Active:            18688 kB
Node 1 Inactive:          40144 kB
Node 1 Active(anon):       5732 kB
Node 1 Inactive(anon):      520 kB
Node 1 Active(file):      12956 kB
Node 1 Inactive(file):    39624 kB
Node 1 Unevictable:       12984 kB
Node 1 Mlocked:           12984 kB
Node 1 Dirty:               196 kB
Node 1 Writeback:             0 kB
Node 1 FilePages:         55972 kB
Node 1 Mapped:            27808 kB
Node 1 AnonPages:         15844 kB
Node 1 Shmem:               732 kB
Node 1 KernelStack:        2408 kB
Node 1 PageTables:          456 kB
Node 1 NFS_Unstable:          0 kB
Node 1 Bounce:                0 kB
Node 1 WritebackTmp:          0 kB
Node 1 KReclaimable:      19308 kB
Node 1 Slab:              51308 kB
Node 1 SReclaimable:      19308 kB
Node 1 SUnreclaim:        32000 kB
Node 1 AnonHugePages:         0 kB
Node 1 ShmemHugePages:        0 kB
Node 1 ShmemPmdMapped:        0 kB
Node 1 FileHugePages:        0 kB
Node 1 FilePmdMapped:        0 kB
Node 1 HugePages_Total:     0
Node 1 HugePages_Free:      0
Node 1 HugePages_Surp:      0

After Opposite Node
Node 0 MemTotal:       24743736 kB
Node 0 MemFree:        24037560 kB
Node 0 MemUsed:          706176 kB
Node 0 Active:            84236 kB
Node 0 Inactive:          67448 kB
Node 0 Active(anon):      27004 kB
Node 0 Inactive(anon):      360 kB
Node 0 Active(file):      57232 kB
Node 0 Inactive(file):    67088 kB
Node 0 Unevictable:        5536 kB
Node 0 Mlocked:            5536 kB
Node 0 Dirty:                88 kB
Node 0 Writeback:             0 kB
Node 0 FilePages:        130388 kB
Node 0 Mapped:            28240 kB
Node 0 AnonPages:         26996 kB
Node 0 Shmem:               536 kB
Node 0 KernelStack:        2232 kB
Node 0 PageTables:          624 kB
Node 0 NFS_Unstable:          0 kB
Node 0 Bounce:                0 kB
Node 0 WritebackTmp:          0 kB
Node 0 KReclaimable:      23768 kB
Node 0 Slab:              68088 kB
Node 0 SReclaimable:      23768 kB
Node 0 SUnreclaim:        44320 kB
Node 0 AnonHugePages:         0 kB
Node 0 ShmemHugePages:        0 kB
Node 0 ShmemPmdMapped:        0 kB
Node 0 FileHugePages:        0 kB
Node 0 FilePmdMapped:        0 kB
Node 0 HugePages_Total:     0
Node 0 HugePages_Free:      0
Node 0 HugePages_Surp:      0

Node 1 MemTotal:       24686196 kB
Node 1 MemFree:        24205416 kB
Node 1 MemUsed:          480780 kB
Node 1 Active:            18944 kB
Node 1 Inactive:          40144 kB
Node 1 Active(anon):       5988 kB
Node 1 Inactive(anon):      520 kB
Node 1 Active(file):      12956 kB
Node 1 Inactive(file):    39624 kB
Node 1 Unevictable:       12984 kB
Node 1 Mlocked:           12984 kB
Node 1 Dirty:               196 kB
Node 1 Writeback:             0 kB
Node 1 FilePages:         55972 kB
Node 1 Mapped:            27808 kB
Node 1 AnonPages:         16132 kB
Node 1 Shmem:               732 kB
Node 1 KernelStack:        2452 kB
Node 1 PageTables:          416 kB
Node 1 NFS_Unstable:          0 kB
Node 1 Bounce:                0 kB
Node 1 WritebackTmp:          0 kB
Node 1 KReclaimable:      19308 kB
Node 1 Slab:              51308 kB
Node 1 SReclaimable:      19308 kB
Node 1 SUnreclaim:        32000 kB
Node 1 AnonHugePages:         0 kB
Node 1 ShmemHugePages:        0 kB
Node 1 ShmemPmdMapped:        0 kB
Node 1 FileHugePages:        0 kB
Node 1 FilePmdMapped:        0 kB
Node 1 HugePages_Total:     0
Node 1 HugePages_Free:      0
Node 1 HugePages_Surp:      0

U.0.4M-simpleread.250M.3.O.1M Complete!
