kernel.numa_balancing = 0
75 Tests Remaining!
U.0.8M-simpleread.250M.3.O.1M
Begin
Node 0 MemTotal:       24743736 kB
Node 0 MemFree:        24380192 kB
Node 0 MemUsed:          363544 kB
Node 0 Active:            31736 kB
Node 0 Inactive:          59320 kB
Node 0 Active(anon):      13292 kB
Node 0 Inactive(anon):      336 kB
Node 0 Active(file):      18444 kB
Node 0 Inactive(file):    58984 kB
Node 0 Unevictable:       13324 kB
Node 0 Mlocked:           13324 kB
Node 0 Dirty:               396 kB
Node 0 Writeback:             0 kB
Node 0 FilePages:         80920 kB
Node 0 Mapped:            12588 kB
Node 0 AnonPages:         23524 kB
Node 0 Shmem:               496 kB
Node 0 KernelStack:        1832 kB
Node 0 PageTables:          516 kB
Node 0 NFS_Unstable:          0 kB
Node 0 Bounce:                0 kB
Node 0 WritebackTmp:          0 kB
Node 0 KReclaimable:      18596 kB
Node 0 Slab:              45328 kB
Node 0 SReclaimable:      18596 kB
Node 0 SUnreclaim:        26732 kB
Node 0 AnonHugePages:         0 kB
Node 0 ShmemHugePages:        0 kB
Node 0 ShmemPmdMapped:        0 kB
Node 0 FileHugePages:        0 kB
Node 0 FilePmdMapped:        0 kB
Node 0 HugePages_Total:     0
Node 0 HugePages_Free:      0
Node 0 HugePages_Surp:      0

Node 1 MemTotal:       24686196 kB
Node 1 MemFree:        24425340 kB
Node 1 MemUsed:          260856 kB
Node 1 Active:            65416 kB
Node 1 Inactive:          42648 kB
Node 1 Active(anon):      21472 kB
Node 1 Inactive(anon):      556 kB
Node 1 Active(file):      43944 kB
Node 1 Inactive(file):    42092 kB
Node 1 Unevictable:        5200 kB
Node 1 Mlocked:            5200 kB
Node 1 Dirty:               120 kB
Node 1 Writeback:             0 kB
Node 1 FilePages:         92024 kB
Node 1 Mapped:            36872 kB
Node 1 AnonPages:         21084 kB
Node 1 Shmem:               772 kB
Node 1 KernelStack:        1976 kB
Node 1 PageTables:          752 kB
Node 1 NFS_Unstable:          0 kB
Node 1 Bounce:                0 kB
Node 1 WritebackTmp:          0 kB
Node 1 KReclaimable:      23976 kB
Node 1 Slab:              62912 kB
Node 1 SReclaimable:      23976 kB
Node 1 SUnreclaim:        38936 kB
Node 1 AnonHugePages:         0 kB
Node 1 ShmemHugePages:        0 kB
Node 1 ShmemPmdMapped:        0 kB
Node 1 FileHugePages:        0 kB
Node 1 FilePmdMapped:        0 kB
Node 1 HugePages_Total:     0
Node 1 HugePages_Free:      0
Node 1 HugePages_Surp:      0

Load ZFS
Node 0 MemTotal:       24743736 kB
Node 0 MemFree:        24508072 kB
Node 0 MemUsed:          235664 kB
Node 0 Active:            41700 kB
Node 0 Inactive:          54796 kB
Node 0 Active(anon):      17940 kB
Node 0 Inactive(anon):      336 kB
Node 0 Active(file):      23760 kB
Node 0 Inactive(file):    54460 kB
Node 0 Unevictable:       13324 kB
Node 0 Mlocked:           13324 kB
Node 0 Dirty:               136 kB
Node 0 Writeback:             0 kB
Node 0 FilePages:         81712 kB
Node 0 Mapped:            12588 kB
Node 0 AnonPages:         28184 kB
Node 0 Shmem:               496 kB
Node 0 KernelStack:        1912 kB
Node 0 PageTables:          844 kB
Node 0 NFS_Unstable:          0 kB
Node 0 Bounce:                0 kB
Node 0 WritebackTmp:          0 kB
Node 0 KReclaimable:      19084 kB
Node 0 Slab:              47000 kB
Node 0 SReclaimable:      19084 kB
Node 0 SUnreclaim:        27916 kB
Node 0 AnonHugePages:         0 kB
Node 0 ShmemHugePages:        0 kB
Node 0 ShmemPmdMapped:        0 kB
Node 0 FileHugePages:        0 kB
Node 0 FilePmdMapped:        0 kB
Node 0 HugePages_Total:     0
Node 0 HugePages_Free:      0
Node 0 HugePages_Surp:      0

Node 1 MemTotal:       24686196 kB
Node 1 MemFree:        24283404 kB
Node 1 MemUsed:          402792 kB
Node 1 Active:            68160 kB
Node 1 Inactive:          43168 kB
Node 1 Active(anon):      22964 kB
Node 1 Inactive(anon):      556 kB
Node 1 Active(file):      45196 kB
Node 1 Inactive(file):    42612 kB
Node 1 Unevictable:        5200 kB
Node 1 Mlocked:            5200 kB
Node 1 Dirty:               172 kB
Node 1 Writeback:             0 kB
Node 1 FilePages:         93784 kB
Node 1 Mapped:            36868 kB
Node 1 AnonPages:         22724 kB
Node 1 Shmem:               772 kB
Node 1 KernelStack:        1816 kB
Node 1 PageTables:          644 kB
Node 1 NFS_Unstable:          0 kB
Node 1 Bounce:                0 kB
Node 1 WritebackTmp:          0 kB
Node 1 KReclaimable:      24248 kB
Node 1 Slab:              64344 kB
Node 1 SReclaimable:      24248 kB
Node 1 SUnreclaim:        40096 kB
Node 1 AnonHugePages:         0 kB
Node 1 ShmemHugePages:        0 kB
Node 1 ShmemPmdMapped:        0 kB
Node 1 FileHugePages:        0 kB
Node 1 FilePmdMapped:        0 kB
Node 1 HugePages_Total:     0
Node 1 HugePages_Free:      0
Node 1 HugePages_Surp:      0

Import tank ZPool
Node 0 MemTotal:       24743736 kB
Node 0 MemFree:        24512184 kB
Node 0 MemUsed:          231552 kB
Node 0 Active:            36028 kB
Node 0 Inactive:          54748 kB
Node 0 Active(anon):      12220 kB
Node 0 Inactive(anon):      336 kB
Node 0 Active(file):      23808 kB
Node 0 Inactive(file):    54412 kB
Node 0 Unevictable:       13324 kB
Node 0 Mlocked:           13324 kB
Node 0 Dirty:               152 kB
Node 0 Writeback:             0 kB
Node 0 FilePages:         81712 kB
Node 0 Mapped:            12608 kB
Node 0 AnonPages:         22388 kB
Node 0 Shmem:               496 kB
Node 0 KernelStack:        1768 kB
Node 0 PageTables:          428 kB
Node 0 NFS_Unstable:          0 kB
Node 0 Bounce:                0 kB
Node 0 WritebackTmp:          0 kB
Node 0 KReclaimable:      19084 kB
Node 0 Slab:              46968 kB
Node 0 SReclaimable:      19084 kB
Node 0 SUnreclaim:        27884 kB
Node 0 AnonHugePages:         0 kB
Node 0 ShmemHugePages:        0 kB
Node 0 ShmemPmdMapped:        0 kB
Node 0 FileHugePages:        0 kB
Node 0 FilePmdMapped:        0 kB
Node 0 HugePages_Total:     0
Node 0 HugePages_Free:      0
Node 0 HugePages_Surp:      0

Node 1 MemTotal:       24686196 kB
Node 1 MemFree:        24266856 kB
Node 1 MemUsed:          419340 kB
Node 1 Active:            67024 kB
Node 1 Inactive:          44392 kB
Node 1 Active(anon):      21316 kB
Node 1 Inactive(anon):      560 kB
Node 1 Active(file):      45708 kB
Node 1 Inactive(file):    43832 kB
Node 1 Unevictable:        5200 kB
Node 1 Mlocked:            5200 kB
Node 1 Dirty:               216 kB
Node 1 Writeback:             0 kB
Node 1 FilePages:         95508 kB
Node 1 Mapped:            36956 kB
Node 1 AnonPages:         20732 kB
Node 1 Shmem:               772 kB
Node 1 KernelStack:        2920 kB
Node 1 PageTables:          724 kB
Node 1 NFS_Unstable:          0 kB
Node 1 Bounce:                0 kB
Node 1 WritebackTmp:          0 kB
Node 1 KReclaimable:      24372 kB
Node 1 Slab:              71488 kB
Node 1 SReclaimable:      24372 kB
Node 1 SUnreclaim:        47116 kB
Node 1 AnonHugePages:         0 kB
Node 1 ShmemHugePages:        0 kB
Node 1 ShmemPmdMapped:        0 kB
Node 1 FileHugePages:        0 kB
Node 1 FilePmdMapped:        0 kB
Node 1 HugePages_Total:     0
Node 1 HugePages_Free:      0
Node 1 HugePages_Surp:      0

After Test
Node 0 MemTotal:       24743736 kB
Node 0 MemFree:        24245832 kB
Node 0 MemUsed:          497904 kB
Node 0 Active:            37080 kB
Node 0 Inactive:          62488 kB
Node 0 Active(anon):      12764 kB
Node 0 Inactive(anon):      336 kB
Node 0 Active(file):      24316 kB
Node 0 Inactive(file):    62152 kB
Node 0 Unevictable:       13324 kB
Node 0 Mlocked:           13324 kB
Node 0 Dirty:                48 kB
Node 0 Writeback:             0 kB
Node 0 FilePages:         89960 kB
Node 0 Mapped:            12652 kB
Node 0 AnonPages:         23040 kB
Node 0 Shmem:               496 kB
Node 0 KernelStack:        1784 kB
Node 0 PageTables:          548 kB
Node 0 NFS_Unstable:          0 kB
Node 0 Bounce:                0 kB
Node 0 WritebackTmp:          0 kB
Node 0 KReclaimable:      19128 kB
Node 0 Slab:              48776 kB
Node 0 SReclaimable:      19128 kB
Node 0 SUnreclaim:        29648 kB
Node 0 AnonHugePages:         0 kB
Node 0 ShmemHugePages:        0 kB
Node 0 ShmemPmdMapped:        0 kB
Node 0 FileHugePages:        0 kB
Node 0 FilePmdMapped:        0 kB
Node 0 HugePages_Total:     0
Node 0 HugePages_Free:      0
Node 0 HugePages_Surp:      0

Node 1 MemTotal:       24686196 kB
Node 1 MemFree:        23998168 kB
Node 1 MemUsed:          688028 kB
Node 1 Active:            67292 kB
Node 1 Inactive:          44132 kB
Node 1 Active(anon):      21292 kB
Node 1 Inactive(anon):      560 kB
Node 1 Active(file):      46000 kB
Node 1 Inactive(file):    43572 kB
Node 1 Unevictable:        5200 kB
Node 1 Mlocked:            5200 kB
Node 1 Dirty:               216 kB
Node 1 Writeback:             0 kB
Node 1 FilePages:         95540 kB
Node 1 Mapped:            36708 kB
Node 1 AnonPages:         21176 kB
Node 1 Shmem:               772 kB
Node 1 KernelStack:        2904 kB
Node 1 PageTables:          612 kB
Node 1 NFS_Unstable:          0 kB
Node 1 Bounce:                0 kB
Node 1 WritebackTmp:          0 kB
Node 1 KReclaimable:      24372 kB
Node 1 Slab:              72536 kB
Node 1 SReclaimable:      24372 kB
Node 1 SUnreclaim:        48164 kB
Node 1 AnonHugePages:         0 kB
Node 1 ShmemHugePages:        0 kB
Node 1 ShmemPmdMapped:        0 kB
Node 1 FileHugePages:        0 kB
Node 1 FilePmdMapped:        0 kB
Node 1 HugePages_Total:     0
Node 1 HugePages_Free:      0
Node 1 HugePages_Surp:      0

After Opposite Node
Node 0 MemTotal:       24743736 kB
Node 0 MemFree:        24245848 kB
Node 0 MemUsed:          497888 kB
Node 0 Active:            37088 kB
Node 0 Inactive:          62280 kB
Node 0 Active(anon):      12560 kB
Node 0 Inactive(anon):      336 kB
Node 0 Active(file):      24528 kB
Node 0 Inactive(file):    61944 kB
Node 0 Unevictable:       13324 kB
Node 0 Mlocked:           13324 kB
Node 0 Dirty:                52 kB
Node 0 Writeback:             0 kB
Node 0 FilePages:         89964 kB
Node 0 Mapped:            12588 kB
Node 0 AnonPages:         22780 kB
Node 0 Shmem:               496 kB
Node 0 KernelStack:        1784 kB
Node 0 PageTables:          520 kB
Node 0 NFS_Unstable:          0 kB
Node 0 Bounce:                0 kB
Node 0 WritebackTmp:          0 kB
Node 0 KReclaimable:      19128 kB
Node 0 Slab:              48776 kB
Node 0 SReclaimable:      19128 kB
Node 0 SUnreclaim:        29648 kB
Node 0 AnonHugePages:         0 kB
Node 0 ShmemHugePages:        0 kB
Node 0 ShmemPmdMapped:        0 kB
Node 0 FileHugePages:        0 kB
Node 0 FilePmdMapped:        0 kB
Node 0 HugePages_Total:     0
Node 0 HugePages_Free:      0
Node 0 HugePages_Surp:      0

Node 1 MemTotal:       24686196 kB
Node 1 MemFree:        23996560 kB
Node 1 MemUsed:          689636 kB
Node 1 Active:            67688 kB
Node 1 Inactive:          44136 kB
Node 1 Active(anon):      21688 kB
Node 1 Inactive(anon):      560 kB
Node 1 Active(file):      46000 kB
Node 1 Inactive(file):    43576 kB
Node 1 Unevictable:        5200 kB
Node 1 Mlocked:            5200 kB
Node 1 Dirty:               220 kB
Node 1 Writeback:             0 kB
Node 1 FilePages:         95544 kB
Node 1 Mapped:            36708 kB
Node 1 AnonPages:         21300 kB
Node 1 Shmem:               772 kB
Node 1 KernelStack:        2872 kB
Node 1 PageTables:          588 kB
Node 1 NFS_Unstable:          0 kB
Node 1 Bounce:                0 kB
Node 1 WritebackTmp:          0 kB
Node 1 KReclaimable:      24388 kB
Node 1 Slab:              72596 kB
Node 1 SReclaimable:      24388 kB
Node 1 SUnreclaim:        48208 kB
Node 1 AnonHugePages:         0 kB
Node 1 ShmemHugePages:        0 kB
Node 1 ShmemPmdMapped:        0 kB
Node 1 FileHugePages:        0 kB
Node 1 FilePmdMapped:        0 kB
Node 1 HugePages_Total:     0
Node 1 HugePages_Free:      0
Node 1 HugePages_Surp:      0

U.0.8M-simpleread.250M.3.O.1M Complete!
