kernel.numa_balancing = 0
U.0.32M-simpleread.2G.2.O.1M
Begin
Node 0 MemTotal:       24743736 kB
Node 0 MemFree:        24453320 kB
Node 0 MemUsed:          290416 kB
Node 0 Active:            41080 kB
Node 0 Inactive:          90720 kB
Node 0 Active(anon):      18568 kB
Node 0 Inactive(anon):      400 kB
Node 0 Active(file):      22512 kB
Node 0 Inactive(file):    90320 kB
Node 0 Unevictable:       17576 kB
Node 0 Mlocked:           17576 kB
Node 0 Dirty:               256 kB
Node 0 Writeback:             0 kB
Node 0 FilePages:        120644 kB
Node 0 Mapped:            47780 kB
Node 0 AnonPages:         28820 kB
Node 0 Shmem:               564 kB
Node 0 KernelStack:        2008 kB
Node 0 PageTables:          672 kB
Node 0 NFS_Unstable:          0 kB
Node 0 Bounce:                0 kB
Node 0 WritebackTmp:          0 kB
Node 0 KReclaimable:      22636 kB
Node 0 Slab:              53560 kB
Node 0 SReclaimable:      22636 kB
Node 0 SUnreclaim:        30924 kB
Node 0 AnonHugePages:         0 kB
Node 0 ShmemHugePages:        0 kB
Node 0 ShmemPmdMapped:        0 kB
Node 0 FileHugePages:        0 kB
Node 0 FilePmdMapped:        0 kB
Node 0 HugePages_Total:     0
Node 0 HugePages_Free:      0
Node 0 HugePages_Surp:      0

Node 1 MemTotal:       24686196 kB
Node 1 MemFree:        24333260 kB
Node 1 MemUsed:          352936 kB
Node 1 Active:            55704 kB
Node 1 Inactive:          29660 kB
Node 1 Active(anon):      15304 kB
Node 1 Inactive(anon):      480 kB
Node 1 Active(file):      40400 kB
Node 1 Inactive(file):    29180 kB
Node 1 Unevictable:         944 kB
Node 1 Mlocked:             944 kB
Node 1 Dirty:               276 kB
Node 1 Writeback:             0 kB
Node 1 FilePages:         71688 kB
Node 1 Mapped:            17812 kB
Node 1 AnonPages:         15088 kB
Node 1 Shmem:               704 kB
Node 1 KernelStack:        1624 kB
Node 1 PageTables:          476 kB
Node 1 NFS_Unstable:          0 kB
Node 1 Bounce:                0 kB
Node 1 WritebackTmp:          0 kB
Node 1 KReclaimable:      19548 kB
Node 1 Slab:              52364 kB
Node 1 SReclaimable:      19548 kB
Node 1 SUnreclaim:        32816 kB
Node 1 AnonHugePages:         0 kB
Node 1 ShmemHugePages:        0 kB
Node 1 ShmemPmdMapped:        0 kB
Node 1 FileHugePages:        0 kB
Node 1 FilePmdMapped:        0 kB
Node 1 HugePages_Total:     0
Node 1 HugePages_Free:      0
Node 1 HugePages_Surp:      0

Load ZFS
Node 0 MemTotal:       24743736 kB
Node 0 MemFree:        24445256 kB
Node 0 MemUsed:          298480 kB
Node 0 Active:            47608 kB
Node 0 Inactive:          90656 kB
Node 0 Active(anon):      23744 kB
Node 0 Inactive(anon):      400 kB
Node 0 Active(file):      23864 kB
Node 0 Inactive(file):    90256 kB
Node 0 Unevictable:       17576 kB
Node 0 Mlocked:           17576 kB
Node 0 Dirty:               300 kB
Node 0 Writeback:             0 kB
Node 0 FilePages:        121932 kB
Node 0 Mapped:            47812 kB
Node 0 AnonPages:         33864 kB
Node 0 Shmem:               564 kB
Node 0 KernelStack:        2120 kB
Node 0 PageTables:          980 kB
Node 0 NFS_Unstable:          0 kB
Node 0 Bounce:                0 kB
Node 0 WritebackTmp:          0 kB
Node 0 KReclaimable:      23132 kB
Node 0 Slab:              55648 kB
Node 0 SReclaimable:      23132 kB
Node 0 SUnreclaim:        32516 kB
Node 0 AnonHugePages:         0 kB
Node 0 ShmemHugePages:        0 kB
Node 0 ShmemPmdMapped:        0 kB
Node 0 FileHugePages:        0 kB
Node 0 FilePmdMapped:        0 kB
Node 0 HugePages_Total:     0
Node 0 HugePages_Free:      0
Node 0 HugePages_Surp:      0

Node 1 MemTotal:       24686196 kB
Node 1 MemFree:        24330884 kB
Node 1 MemUsed:          355312 kB
Node 1 Active:            61340 kB
Node 1 Inactive:          25608 kB
Node 1 Active(anon):      15296 kB
Node 1 Inactive(anon):      484 kB
Node 1 Active(file):      46044 kB
Node 1 Inactive(file):    25124 kB
Node 1 Unevictable:         944 kB
Node 1 Mlocked:             944 kB
Node 1 Dirty:               276 kB
Node 1 Writeback:             0 kB
Node 1 FilePages:         72816 kB
Node 1 Mapped:            17952 kB
Node 1 AnonPages:         15076 kB
Node 1 Shmem:               704 kB
Node 1 KernelStack:        1608 kB
Node 1 PageTables:          496 kB
Node 1 NFS_Unstable:          0 kB
Node 1 Bounce:                0 kB
Node 1 WritebackTmp:          0 kB
Node 1 KReclaimable:      20112 kB
Node 1 Slab:              54328 kB
Node 1 SReclaimable:      20112 kB
Node 1 SUnreclaim:        34216 kB
Node 1 AnonHugePages:         0 kB
Node 1 ShmemHugePages:        0 kB
Node 1 ShmemPmdMapped:        0 kB
Node 1 FileHugePages:        0 kB
Node 1 FilePmdMapped:        0 kB
Node 1 HugePages_Total:     0
Node 1 HugePages_Free:      0
Node 1 HugePages_Surp:      0

Import tank ZPool
Node 0 MemTotal:       24743736 kB
Node 0 MemFree:        24443876 kB
Node 0 MemUsed:          299860 kB
Node 0 Active:            42768 kB
Node 0 Inactive:          91852 kB
Node 0 Active(anon):      18404 kB
Node 0 Inactive(anon):      404 kB
Node 0 Active(file):      24364 kB
Node 0 Inactive(file):    91448 kB
Node 0 Unevictable:       17576 kB
Node 0 Mlocked:           17576 kB
Node 0 Dirty:               364 kB
Node 0 Writeback:             0 kB
Node 0 FilePages:        123644 kB
Node 0 Mapped:            48012 kB
Node 0 AnonPages:         28244 kB
Node 0 Shmem:               564 kB
Node 0 KernelStack:        2056 kB
Node 0 PageTables:          700 kB
Node 0 NFS_Unstable:          0 kB
Node 0 Bounce:                0 kB
Node 0 WritebackTmp:          0 kB
Node 0 KReclaimable:      23272 kB
Node 0 Slab:              60292 kB
Node 0 SReclaimable:      23272 kB
Node 0 SUnreclaim:        37020 kB
Node 0 AnonHugePages:         0 kB
Node 0 ShmemHugePages:        0 kB
Node 0 ShmemPmdMapped:        0 kB
Node 0 FileHugePages:        0 kB
Node 0 FilePmdMapped:        0 kB
Node 0 HugePages_Total:     0
Node 0 HugePages_Free:      0
Node 0 HugePages_Surp:      0

Node 1 MemTotal:       24686196 kB
Node 1 MemFree:        24319104 kB
Node 1 MemUsed:          367092 kB
Node 1 Active:            61064 kB
Node 1 Inactive:          25600 kB
Node 1 Active(anon):      14984 kB
Node 1 Inactive(anon):      484 kB
Node 1 Active(file):      46080 kB
Node 1 Inactive(file):    25116 kB
Node 1 Unevictable:         944 kB
Node 1 Mlocked:             944 kB
Node 1 Dirty:                32 kB
Node 1 Writeback:             0 kB
Node 1 FilePages:         72860 kB
Node 1 Mapped:            17812 kB
Node 1 AnonPages:         14764 kB
Node 1 Shmem:               704 kB
Node 1 KernelStack:        2680 kB
Node 1 PageTables:          496 kB
Node 1 NFS_Unstable:          0 kB
Node 1 Bounce:                0 kB
Node 1 WritebackTmp:          0 kB
Node 1 KReclaimable:      20136 kB
Node 1 Slab:              56960 kB
Node 1 SReclaimable:      20136 kB
Node 1 SUnreclaim:        36824 kB
Node 1 AnonHugePages:         0 kB
Node 1 ShmemHugePages:        0 kB
Node 1 ShmemPmdMapped:        0 kB
Node 1 FileHugePages:        0 kB
Node 1 FilePmdMapped:        0 kB
Node 1 HugePages_Total:     0
Node 1 HugePages_Free:      0
Node 1 HugePages_Surp:      0

After Test
Node 0 MemTotal:       24743736 kB
Node 0 MemFree:        22307480 kB
Node 0 MemUsed:         2436256 kB
Node 0 Active:            43424 kB
Node 0 Inactive:         122860 kB
Node 0 Active(anon):      18324 kB
Node 0 Inactive(anon):      404 kB
Node 0 Active(file):      25100 kB
Node 0 Inactive(file):   122456 kB
Node 0 Unevictable:       17576 kB
Node 0 Mlocked:           17576 kB
Node 0 Dirty:                40 kB
Node 0 Writeback:             0 kB
Node 0 FilePages:        155368 kB
Node 0 Mapped:            47824 kB
Node 0 AnonPages:         28372 kB
Node 0 Shmem:               564 kB
Node 0 KernelStack:        1976 kB
Node 0 PageTables:          708 kB
Node 0 NFS_Unstable:          0 kB
Node 0 Bounce:                0 kB
Node 0 WritebackTmp:          0 kB
Node 0 KReclaimable:      23472 kB
Node 0 Slab:              70380 kB
Node 0 SReclaimable:      23472 kB
Node 0 SUnreclaim:        46908 kB
Node 0 AnonHugePages:         0 kB
Node 0 ShmemHugePages:        0 kB
Node 0 ShmemPmdMapped:        0 kB
Node 0 FileHugePages:        0 kB
Node 0 FilePmdMapped:        0 kB
Node 0 HugePages_Total:     0
Node 0 HugePages_Free:      0
Node 0 HugePages_Surp:      0

Node 1 MemTotal:       24686196 kB
Node 1 MemFree:        23502608 kB
Node 1 MemUsed:         1183588 kB
Node 1 Active:            61076 kB
Node 1 Inactive:          25528 kB
Node 1 Active(anon):      14888 kB
Node 1 Inactive(anon):      484 kB
Node 1 Active(file):      46188 kB
Node 1 Inactive(file):    25044 kB
Node 1 Unevictable:         944 kB
Node 1 Mlocked:             944 kB
Node 1 Dirty:                 4 kB
Node 1 Writeback:             0 kB
Node 1 FilePages:         72892 kB
Node 1 Mapped:            17840 kB
Node 1 AnonPages:         14684 kB
Node 1 Shmem:               704 kB
Node 1 KernelStack:        2664 kB
Node 1 PageTables:          496 kB
Node 1 NFS_Unstable:          0 kB
Node 1 Bounce:                0 kB
Node 1 WritebackTmp:          0 kB
Node 1 KReclaimable:      20180 kB
Node 1 Slab:              60388 kB
Node 1 SReclaimable:      20180 kB
Node 1 SUnreclaim:        40208 kB
Node 1 AnonHugePages:         0 kB
Node 1 ShmemHugePages:        0 kB
Node 1 ShmemPmdMapped:        0 kB
Node 1 FileHugePages:        0 kB
Node 1 FilePmdMapped:        0 kB
Node 1 HugePages_Total:     0
Node 1 HugePages_Free:      0
Node 1 HugePages_Surp:      0

After Opposite Node
Node 0 MemTotal:       24743736 kB
Node 0 MemFree:        22308044 kB
Node 0 MemUsed:         2435692 kB
Node 0 Active:            43000 kB
Node 0 Inactive:         122844 kB
Node 0 Active(anon):      17872 kB
Node 0 Inactive(anon):      404 kB
Node 0 Active(file):      25128 kB
Node 0 Inactive(file):   122440 kB
Node 0 Unevictable:       17576 kB
Node 0 Mlocked:           17576 kB
Node 0 Dirty:                56 kB
Node 0 Writeback:             0 kB
Node 0 FilePages:        155380 kB
Node 0 Mapped:            47840 kB
Node 0 AnonPages:         28072 kB
Node 0 Shmem:               564 kB
Node 0 KernelStack:        1960 kB
Node 0 PageTables:          592 kB
Node 0 NFS_Unstable:          0 kB
Node 0 Bounce:                0 kB
Node 0 WritebackTmp:          0 kB
Node 0 KReclaimable:      23472 kB
Node 0 Slab:              70380 kB
Node 0 SReclaimable:      23472 kB
Node 0 SUnreclaim:        46908 kB
Node 0 AnonHugePages:         0 kB
Node 0 ShmemHugePages:        0 kB
Node 0 ShmemPmdMapped:        0 kB
Node 0 FileHugePages:        0 kB
Node 0 FilePmdMapped:        0 kB
Node 0 HugePages_Total:     0
Node 0 HugePages_Free:      0
Node 0 HugePages_Surp:      0

Node 1 MemTotal:       24686196 kB
Node 1 MemFree:        23499028 kB
Node 1 MemUsed:         1187168 kB
Node 1 Active:            61764 kB
Node 1 Inactive:          25252 kB
Node 1 Active(anon):      15280 kB
Node 1 Inactive(anon):      484 kB
Node 1 Active(file):      46484 kB
Node 1 Inactive(file):    24768 kB
Node 1 Unevictable:         944 kB
Node 1 Mlocked:             944 kB
Node 1 Dirty:                 8 kB
Node 1 Writeback:             0 kB
Node 1 FilePages:         72900 kB
Node 1 Mapped:            17856 kB
Node 1 AnonPages:         14992 kB
Node 1 Shmem:               704 kB
Node 1 KernelStack:        2680 kB
Node 1 PageTables:          612 kB
Node 1 NFS_Unstable:          0 kB
Node 1 Bounce:                0 kB
Node 1 WritebackTmp:          0 kB
Node 1 KReclaimable:      20212 kB
Node 1 Slab:              61084 kB
Node 1 SReclaimable:      20212 kB
Node 1 SUnreclaim:        40872 kB
Node 1 AnonHugePages:         0 kB
Node 1 ShmemHugePages:        0 kB
Node 1 ShmemPmdMapped:        0 kB
Node 1 FileHugePages:        0 kB
Node 1 FilePmdMapped:        0 kB
Node 1 HugePages_Total:     0
Node 1 HugePages_Free:      0
Node 1 HugePages_Surp:      0

U.0.32M-simpleread.2G.2.O.1M Complete!
