kernel.numa_balancing = 0
U.0.32M-simpleread.4G.3.O.1M
Begin
Node 0 MemTotal:       24768352 kB
Node 0 MemFree:        24370272 kB
Node 0 MemUsed:          398080 kB
Node 0 Active:            27344 kB
Node 0 Inactive:          73092 kB
Node 0 Active(anon):       9372 kB
Node 0 Inactive(anon):      524 kB
Node 0 Active(file):      17972 kB
Node 0 Inactive(file):    72568 kB
Node 0 Unevictable:       13372 kB
Node 0 Mlocked:           13372 kB
Node 0 Dirty:               180 kB
Node 0 Writeback:             0 kB
Node 0 FilePages:         94308 kB
Node 0 Mapped:            47792 kB
Node 0 AnonPages:         19536 kB
Node 0 Shmem:               724 kB
Node 0 KernelStack:        2232 kB
Node 0 PageTables:          496 kB
Node 0 NFS_Unstable:          0 kB
Node 0 Bounce:                0 kB
Node 0 WritebackTmp:          0 kB
Node 0 KReclaimable:      20952 kB
Node 0 Slab:              60052 kB
Node 0 SReclaimable:      20952 kB
Node 0 SUnreclaim:        39100 kB
Node 0 AnonHugePages:         0 kB
Node 0 ShmemHugePages:        0 kB
Node 0 ShmemPmdMapped:        0 kB
Node 0 FileHugePages:        0 kB
Node 0 FilePmdMapped:        0 kB
Node 0 HugePages_Total:     0
Node 0 HugePages_Free:      0
Node 0 HugePages_Surp:      0

Node 1 MemTotal:       24661580 kB
Node 1 MemFree:        24413060 kB
Node 1 MemUsed:          248520 kB
Node 1 Active:            69608 kB
Node 1 Inactive:          50504 kB
Node 1 Active(anon):      24348 kB
Node 1 Inactive(anon):      360 kB
Node 1 Active(file):      45260 kB
Node 1 Inactive(file):    50144 kB
Node 1 Unevictable:        5152 kB
Node 1 Mlocked:            5152 kB
Node 1 Dirty:               100 kB
Node 1 Writeback:             0 kB
Node 1 FilePages:        101264 kB
Node 1 Mapped:            21664 kB
Node 1 AnonPages:         24300 kB
Node 1 Shmem:               544 kB
Node 1 KernelStack:        1416 kB
Node 1 PageTables:          656 kB
Node 1 NFS_Unstable:          0 kB
Node 1 Bounce:                0 kB
Node 1 WritebackTmp:          0 kB
Node 1 KReclaimable:      21360 kB
Node 1 Slab:              47428 kB
Node 1 SReclaimable:      21360 kB
Node 1 SUnreclaim:        26068 kB
Node 1 AnonHugePages:         0 kB
Node 1 ShmemHugePages:        0 kB
Node 1 ShmemPmdMapped:        0 kB
Node 1 FileHugePages:        0 kB
Node 1 FilePmdMapped:        0 kB
Node 1 HugePages_Total:     0
Node 1 HugePages_Free:      0
Node 1 HugePages_Surp:      0

Load ZFS
Node 0 MemTotal:       24768352 kB
Node 0 MemFree:        24504132 kB
Node 0 MemUsed:          264220 kB
Node 0 Active:            34648 kB
Node 0 Inactive:          68612 kB
Node 0 Active(anon):      11092 kB
Node 0 Inactive(anon):      524 kB
Node 0 Active(file):      23556 kB
Node 0 Inactive(file):    68088 kB
Node 0 Unevictable:       13372 kB
Node 0 Mlocked:           13372 kB
Node 0 Dirty:               208 kB
Node 0 Writeback:             0 kB
Node 0 FilePages:         95412 kB
Node 0 Mapped:            48016 kB
Node 0 AnonPages:         21296 kB
Node 0 Shmem:               724 kB
Node 0 KernelStack:        2248 kB
Node 0 PageTables:          580 kB
Node 0 NFS_Unstable:          0 kB
Node 0 Bounce:                0 kB
Node 0 WritebackTmp:          0 kB
Node 0 KReclaimable:      21396 kB
Node 0 Slab:              61368 kB
Node 0 SReclaimable:      21396 kB
Node 0 SUnreclaim:        39972 kB
Node 0 AnonHugePages:         0 kB
Node 0 ShmemHugePages:        0 kB
Node 0 ShmemPmdMapped:        0 kB
Node 0 FileHugePages:        0 kB
Node 0 FilePmdMapped:        0 kB
Node 0 HugePages_Total:     0
Node 0 HugePages_Free:      0
Node 0 HugePages_Surp:      0

Node 1 MemTotal:       24661580 kB
Node 1 MemFree:        24269548 kB
Node 1 MemUsed:          392032 kB
Node 1 Active:            72496 kB
Node 1 Inactive:          50956 kB
Node 1 Active(anon):      26220 kB
Node 1 Inactive(anon):      360 kB
Node 1 Active(file):      46276 kB
Node 1 Inactive(file):    50596 kB
Node 1 Unevictable:        5152 kB
Node 1 Mlocked:            5152 kB
Node 1 Dirty:               104 kB
Node 1 Writeback:             0 kB
Node 1 FilePages:        102564 kB
Node 1 Mapped:            21752 kB
Node 1 AnonPages:         25912 kB
Node 1 Shmem:               544 kB
Node 1 KernelStack:        1448 kB
Node 1 PageTables:          740 kB
Node 1 NFS_Unstable:          0 kB
Node 1 Bounce:                0 kB
Node 1 WritebackTmp:          0 kB
Node 1 KReclaimable:      21872 kB
Node 1 Slab:              49712 kB
Node 1 SReclaimable:      21872 kB
Node 1 SUnreclaim:        27840 kB
Node 1 AnonHugePages:         0 kB
Node 1 ShmemHugePages:        0 kB
Node 1 ShmemPmdMapped:        0 kB
Node 1 FileHugePages:        0 kB
Node 1 FilePmdMapped:        0 kB
Node 1 HugePages_Total:     0
Node 1 HugePages_Free:      0
Node 1 HugePages_Surp:      0

Import tank ZPool
Node 0 MemTotal:       24768352 kB
Node 0 MemFree:        24481616 kB
Node 0 MemUsed:          286736 kB
Node 0 Active:            35564 kB
Node 0 Inactive:          69808 kB
Node 0 Active(anon):      11584 kB
Node 0 Inactive(anon):      528 kB
Node 0 Active(file):      23980 kB
Node 0 Inactive(file):    69280 kB
Node 0 Unevictable:       13372 kB
Node 0 Mlocked:           13372 kB
Node 0 Dirty:                44 kB
Node 0 Writeback:             0 kB
Node 0 FilePages:         97100 kB
Node 0 Mapped:            48076 kB
Node 0 AnonPages:         21772 kB
Node 0 Shmem:               724 kB
Node 0 KernelStack:        3416 kB
Node 0 PageTables:          660 kB
Node 0 NFS_Unstable:          0 kB
Node 0 Bounce:                0 kB
Node 0 WritebackTmp:          0 kB
Node 0 KReclaimable:      21552 kB
Node 0 Slab:              68256 kB
Node 0 SReclaimable:      21552 kB
Node 0 SUnreclaim:        46704 kB
Node 0 AnonHugePages:         0 kB
Node 0 ShmemHugePages:        0 kB
Node 0 ShmemPmdMapped:        0 kB
Node 0 FileHugePages:        0 kB
Node 0 FilePmdMapped:        0 kB
Node 0 HugePages_Total:     0
Node 0 HugePages_Free:      0
Node 0 HugePages_Surp:      0

Node 1 MemTotal:       24661580 kB
Node 1 MemFree:        24270956 kB
Node 1 MemUsed:          390624 kB
Node 1 Active:            72152 kB
Node 1 Inactive:          50956 kB
Node 1 Active(anon):      25876 kB
Node 1 Inactive(anon):      360 kB
Node 1 Active(file):      46276 kB
Node 1 Inactive(file):    50596 kB
Node 1 Unevictable:        5152 kB
Node 1 Mlocked:            5152 kB
Node 1 Dirty:                32 kB
Node 1 Writeback:             0 kB
Node 1 FilePages:        102588 kB
Node 1 Mapped:            21760 kB
Node 1 AnonPages:         25700 kB
Node 1 Shmem:               544 kB
Node 1 KernelStack:        1432 kB
Node 1 PageTables:          716 kB
Node 1 NFS_Unstable:          0 kB
Node 1 Bounce:                0 kB
Node 1 WritebackTmp:          0 kB
Node 1 KReclaimable:      21872 kB
Node 1 Slab:              49780 kB
Node 1 SReclaimable:      21872 kB
Node 1 SUnreclaim:        27908 kB
Node 1 AnonHugePages:         0 kB
Node 1 ShmemHugePages:        0 kB
Node 1 ShmemPmdMapped:        0 kB
Node 1 FileHugePages:        0 kB
Node 1 FilePmdMapped:        0 kB
Node 1 HugePages_Total:     0
Node 1 HugePages_Free:      0
Node 1 HugePages_Surp:      0

After Test
Node 0 MemTotal:       24768352 kB
Node 0 MemFree:        19426872 kB
Node 0 MemUsed:         5341480 kB
Node 0 Active:            35340 kB
Node 0 Inactive:         100784 kB
Node 0 Active(anon):      10572 kB
Node 0 Inactive(anon):      524 kB
Node 0 Active(file):      24768 kB
Node 0 Inactive(file):   100260 kB
Node 0 Unevictable:       13372 kB
Node 0 Mlocked:           13372 kB
Node 0 Dirty:                16 kB
Node 0 Writeback:             0 kB
Node 0 FilePages:        128792 kB
Node 0 Mapped:            47868 kB
Node 0 AnonPages:         20596 kB
Node 0 Shmem:               720 kB
Node 0 KernelStack:        3256 kB
Node 0 PageTables:          612 kB
Node 0 NFS_Unstable:          0 kB
Node 0 Bounce:                0 kB
Node 0 WritebackTmp:          0 kB
Node 0 KReclaimable:      21668 kB
Node 0 Slab:              87392 kB
Node 0 SReclaimable:      21668 kB
Node 0 SUnreclaim:        65724 kB
Node 0 AnonHugePages:         0 kB
Node 0 ShmemHugePages:        0 kB
Node 0 ShmemPmdMapped:        0 kB
Node 0 FileHugePages:        0 kB
Node 0 FilePmdMapped:        0 kB
Node 0 HugePages_Total:     0
Node 0 HugePages_Free:      0
Node 0 HugePages_Surp:      0

Node 1 MemTotal:       24661580 kB
Node 1 MemFree:        24276204 kB
Node 1 MemUsed:          385376 kB
Node 1 Active:            69088 kB
Node 1 Inactive:          50956 kB
Node 1 Active(anon):      22680 kB
Node 1 Inactive(anon):      364 kB
Node 1 Active(file):      46408 kB
Node 1 Inactive(file):    50592 kB
Node 1 Unevictable:        5152 kB
Node 1 Mlocked:            5152 kB
Node 1 Dirty:                12 kB
Node 1 Writeback:             0 kB
Node 1 FilePages:        102704 kB
Node 1 Mapped:            21844 kB
Node 1 AnonPages:         22496 kB
Node 1 Shmem:               548 kB
Node 1 KernelStack:        1336 kB
Node 1 PageTables:          604 kB
Node 1 NFS_Unstable:          0 kB
Node 1 Bounce:                0 kB
Node 1 WritebackTmp:          0 kB
Node 1 KReclaimable:      21904 kB
Node 1 Slab:              50552 kB
Node 1 SReclaimable:      21904 kB
Node 1 SUnreclaim:        28648 kB
Node 1 AnonHugePages:         0 kB
Node 1 ShmemHugePages:        0 kB
Node 1 ShmemPmdMapped:        0 kB
Node 1 FileHugePages:        0 kB
Node 1 FilePmdMapped:        0 kB
Node 1 HugePages_Total:     0
Node 1 HugePages_Free:      0
Node 1 HugePages_Surp:      0

After Opposite Node
Node 0 MemTotal:       24768352 kB
Node 0 MemFree:        19426588 kB
Node 0 MemUsed:         5341764 kB
Node 0 Active:            34612 kB
Node 0 Inactive:         100776 kB
Node 0 Active(anon):       9832 kB
Node 0 Inactive(anon):      524 kB
Node 0 Active(file):      24780 kB
Node 0 Inactive(file):   100252 kB
Node 0 Unevictable:       13372 kB
Node 0 Mlocked:           13372 kB
Node 0 Dirty:                24 kB
Node 0 Writeback:             0 kB
Node 0 FilePages:        128796 kB
Node 0 Mapped:            47860 kB
Node 0 AnonPages:         19972 kB
Node 0 Shmem:               720 kB
Node 0 KernelStack:        3224 kB
Node 0 PageTables:          496 kB
Node 0 NFS_Unstable:          0 kB
Node 0 Bounce:                0 kB
Node 0 WritebackTmp:          0 kB
Node 0 KReclaimable:      21668 kB
Node 0 Slab:              86992 kB
Node 0 SReclaimable:      21668 kB
Node 0 SUnreclaim:        65324 kB
Node 0 AnonHugePages:         0 kB
Node 0 ShmemHugePages:        0 kB
Node 0 ShmemPmdMapped:        0 kB
Node 0 FileHugePages:        0 kB
Node 0 FilePmdMapped:        0 kB
Node 0 HugePages_Total:     0
Node 0 HugePages_Free:      0
Node 0 HugePages_Surp:      0

Node 1 MemTotal:       24661580 kB
Node 1 MemFree:        24275356 kB
Node 1 MemUsed:          386224 kB
Node 1 Active:            69876 kB
Node 1 Inactive:          50684 kB
Node 1 Active(anon):      23176 kB
Node 1 Inactive(anon):      364 kB
Node 1 Active(file):      46700 kB
Node 1 Inactive(file):    50320 kB
Node 1 Unevictable:        5152 kB
Node 1 Mlocked:            5152 kB
Node 1 Dirty:                20 kB
Node 1 Writeback:             0 kB
Node 1 FilePages:        102716 kB
Node 1 Mapped:            21800 kB
Node 1 AnonPages:         22920 kB
Node 1 Shmem:               548 kB
Node 1 KernelStack:        1352 kB
Node 1 PageTables:          636 kB
Node 1 NFS_Unstable:          0 kB
Node 1 Bounce:                0 kB
Node 1 WritebackTmp:          0 kB
Node 1 KReclaimable:      21936 kB
Node 1 Slab:              51692 kB
Node 1 SReclaimable:      21936 kB
Node 1 SUnreclaim:        29756 kB
Node 1 AnonHugePages:         0 kB
Node 1 ShmemHugePages:        0 kB
Node 1 ShmemPmdMapped:        0 kB
Node 1 FileHugePages:        0 kB
Node 1 FilePmdMapped:        0 kB
Node 1 HugePages_Total:     0
Node 1 HugePages_Free:      0
Node 1 HugePages_Surp:      0

U.0.32M-simpleread.4G.3.O.1M Complete!
