kernel.numa_balancing = 0
U.0.8M-simpleread.16G.1.O.1M
Begin
Node 0 MemTotal:       24768352 kB
Node 0 MemFree:        24368916 kB
Node 0 MemUsed:          399436 kB
Node 0 Active:            43852 kB
Node 0 Inactive:          61468 kB
Node 0 Active(anon):      21808 kB
Node 0 Inactive(anon):      408 kB
Node 0 Active(file):      22044 kB
Node 0 Inactive(file):    61060 kB
Node 0 Unevictable:       17424 kB
Node 0 Mlocked:           17424 kB
Node 0 Dirty:               460 kB
Node 0 Writeback:             0 kB
Node 0 FilePages:         90784 kB
Node 0 Mapped:            27352 kB
Node 0 AnonPages:         31996 kB
Node 0 Shmem:               588 kB
Node 0 KernelStack:        2184 kB
Node 0 PageTables:          660 kB
Node 0 NFS_Unstable:          0 kB
Node 0 Bounce:                0 kB
Node 0 WritebackTmp:          0 kB
Node 0 KReclaimable:      21264 kB
Node 0 Slab:              62220 kB
Node 0 SReclaimable:      21264 kB
Node 0 SUnreclaim:        40956 kB
Node 0 AnonHugePages:         0 kB
Node 0 ShmemHugePages:        0 kB
Node 0 ShmemPmdMapped:        0 kB
Node 0 FileHugePages:        0 kB
Node 0 FilePmdMapped:        0 kB
Node 0 HugePages_Total:     0
Node 0 HugePages_Free:      0
Node 0 HugePages_Surp:      0

Node 1 MemTotal:       24661580 kB
Node 1 MemFree:        24421060 kB
Node 1 MemUsed:          240520 kB
Node 1 Active:            52552 kB
Node 1 Inactive:          54924 kB
Node 1 Active(anon):      11980 kB
Node 1 Inactive(anon):      464 kB
Node 1 Active(file):      40572 kB
Node 1 Inactive(file):    54460 kB
Node 1 Unevictable:        1100 kB
Node 1 Mlocked:            1100 kB
Node 1 Dirty:                72 kB
Node 1 Writeback:             0 kB
Node 1 FilePages:         96856 kB
Node 1 Mapped:            37396 kB
Node 1 AnonPages:         11828 kB
Node 1 Shmem:               680 kB
Node 1 KernelStack:        1416 kB
Node 1 PageTables:          536 kB
Node 1 NFS_Unstable:          0 kB
Node 1 Bounce:                0 kB
Node 1 WritebackTmp:          0 kB
Node 1 KReclaimable:      20528 kB
Node 1 Slab:              44028 kB
Node 1 SReclaimable:      20528 kB
Node 1 SUnreclaim:        23500 kB
Node 1 AnonHugePages:         0 kB
Node 1 ShmemHugePages:        0 kB
Node 1 ShmemPmdMapped:        0 kB
Node 1 FileHugePages:        0 kB
Node 1 FilePmdMapped:        0 kB
Node 1 HugePages_Total:     0
Node 1 HugePages_Free:      0
Node 1 HugePages_Surp:      0

Load ZFS
Node 0 MemTotal:       24768352 kB
Node 0 MemFree:        24492788 kB
Node 0 MemUsed:          275564 kB
Node 0 Active:            51652 kB
Node 0 Inactive:          61172 kB
Node 0 Active(anon):      28340 kB
Node 0 Inactive(anon):      412 kB
Node 0 Active(file):      23312 kB
Node 0 Inactive(file):    60760 kB
Node 0 Unevictable:       17424 kB
Node 0 Mlocked:           17424 kB
Node 0 Dirty:               484 kB
Node 0 Writeback:             0 kB
Node 0 FilePages:         91752 kB
Node 0 Mapped:            27308 kB
Node 0 AnonPages:         38624 kB
Node 0 Shmem:               588 kB
Node 0 KernelStack:        2312 kB
Node 0 PageTables:          980 kB
Node 0 NFS_Unstable:          0 kB
Node 0 Bounce:                0 kB
Node 0 WritebackTmp:          0 kB
Node 0 KReclaimable:      21772 kB
Node 0 Slab:              63744 kB
Node 0 SReclaimable:      21772 kB
Node 0 SUnreclaim:        41972 kB
Node 0 AnonHugePages:         0 kB
Node 0 ShmemHugePages:        0 kB
Node 0 ShmemPmdMapped:        0 kB
Node 0 FileHugePages:        0 kB
Node 0 FilePmdMapped:        0 kB
Node 0 HugePages_Total:     0
Node 0 HugePages_Free:      0
Node 0 HugePages_Surp:      0

Node 1 MemTotal:       24661580 kB
Node 1 MemFree:        24287428 kB
Node 1 MemUsed:          374152 kB
Node 1 Active:            57704 kB
Node 1 Inactive:          51164 kB
Node 1 Active(anon):      11776 kB
Node 1 Inactive(anon):      464 kB
Node 1 Active(file):      45928 kB
Node 1 Inactive(file):    50700 kB
Node 1 Unevictable:        1100 kB
Node 1 Mlocked:            1100 kB
Node 1 Dirty:                88 kB
Node 1 Writeback:             0 kB
Node 1 FilePages:         98408 kB
Node 1 Mapped:            37524 kB
Node 1 AnonPages:         12104 kB
Node 1 Shmem:               680 kB
Node 1 KernelStack:        1432 kB
Node 1 PageTables:          516 kB
Node 1 NFS_Unstable:          0 kB
Node 1 Bounce:                0 kB
Node 1 WritebackTmp:          0 kB
Node 1 KReclaimable:      20812 kB
Node 1 Slab:              45680 kB
Node 1 SReclaimable:      20812 kB
Node 1 SUnreclaim:        24868 kB
Node 1 AnonHugePages:         0 kB
Node 1 ShmemHugePages:        0 kB
Node 1 ShmemPmdMapped:        0 kB
Node 1 FileHugePages:        0 kB
Node 1 FilePmdMapped:        0 kB
Node 1 HugePages_Total:     0
Node 1 HugePages_Free:      0
Node 1 HugePages_Surp:      0

Import tank ZPool
Node 0 MemTotal:       24768352 kB
Node 0 MemFree:        24496008 kB
Node 0 MemUsed:          272344 kB
Node 0 Active:            45544 kB
Node 0 Inactive:          61136 kB
Node 0 Active(anon):      22196 kB
Node 0 Inactive(anon):      412 kB
Node 0 Active(file):      23348 kB
Node 0 Inactive(file):    60724 kB
Node 0 Unevictable:       17424 kB
Node 0 Mlocked:           17424 kB
Node 0 Dirty:               260 kB
Node 0 Writeback:             0 kB
Node 0 FilePages:         91748 kB
Node 0 Mapped:            27308 kB
Node 0 AnonPages:         32144 kB
Node 0 Shmem:               584 kB
Node 0 KernelStack:        2248 kB
Node 0 PageTables:          820 kB
Node 0 NFS_Unstable:          0 kB
Node 0 Bounce:                0 kB
Node 0 WritebackTmp:          0 kB
Node 0 KReclaimable:      21772 kB
Node 0 Slab:              63972 kB
Node 0 SReclaimable:      21772 kB
Node 0 SUnreclaim:        42200 kB
Node 0 AnonHugePages:         0 kB
Node 0 ShmemHugePages:        0 kB
Node 0 ShmemPmdMapped:        0 kB
Node 0 FileHugePages:        0 kB
Node 0 FilePmdMapped:        0 kB
Node 0 HugePages_Total:     0
Node 0 HugePages_Free:      0
Node 0 HugePages_Surp:      0

Node 1 MemTotal:       24661580 kB
Node 1 MemFree:        24267132 kB
Node 1 MemUsed:          394448 kB
Node 1 Active:            57872 kB
Node 1 Inactive:          52280 kB
Node 1 Active(anon):      11404 kB
Node 1 Inactive(anon):      468 kB
Node 1 Active(file):      46468 kB
Node 1 Inactive(file):    51812 kB
Node 1 Unevictable:        1100 kB
Node 1 Mlocked:            1100 kB
Node 1 Dirty:               128 kB
Node 1 Writeback:             0 kB
Node 1 FilePages:        100080 kB
Node 1 Mapped:            37580 kB
Node 1 AnonPages:         11112 kB
Node 1 Shmem:               684 kB
Node 1 KernelStack:        2552 kB
Node 1 PageTables:          560 kB
Node 1 NFS_Unstable:          0 kB
Node 1 Bounce:                0 kB
Node 1 WritebackTmp:          0 kB
Node 1 KReclaimable:      21016 kB
Node 1 Slab:              52748 kB
Node 1 SReclaimable:      21016 kB
Node 1 SUnreclaim:        31732 kB
Node 1 AnonHugePages:         0 kB
Node 1 ShmemHugePages:        0 kB
Node 1 ShmemPmdMapped:        0 kB
Node 1 FileHugePages:        0 kB
Node 1 FilePmdMapped:        0 kB
Node 1 HugePages_Total:     0
Node 1 HugePages_Free:      0
Node 1 HugePages_Surp:      0

After Test
Node 0 MemTotal:       24768352 kB
Node 0 MemFree:         7654880 kB
Node 0 MemUsed:        17113472 kB
Node 0 Active:            45752 kB
Node 0 Inactive:          68964 kB
Node 0 Active(anon):      21988 kB
Node 0 Inactive(anon):      408 kB
Node 0 Active(file):      23764 kB
Node 0 Inactive(file):    68556 kB
Node 0 Unevictable:       17424 kB
Node 0 Mlocked:           17424 kB
Node 0 Dirty:                44 kB
Node 0 Writeback:             0 kB
Node 0 FilePages:         99992 kB
Node 0 Mapped:            27328 kB
Node 0 AnonPages:         32232 kB
Node 0 Shmem:               580 kB
Node 0 KernelStack:        2024 kB
Node 0 PageTables:          724 kB
Node 0 NFS_Unstable:          0 kB
Node 0 Bounce:                0 kB
Node 0 WritebackTmp:          0 kB
Node 0 KReclaimable:      21860 kB
Node 0 Slab:             120448 kB
Node 0 SReclaimable:      21860 kB
Node 0 SUnreclaim:        98588 kB
Node 0 AnonHugePages:         0 kB
Node 0 ShmemHugePages:        0 kB
Node 0 ShmemPmdMapped:        0 kB
Node 0 FileHugePages:        0 kB
Node 0 FilePmdMapped:        0 kB
Node 0 HugePages_Total:     0
Node 0 HugePages_Free:      0
Node 0 HugePages_Surp:      0

Node 1 MemTotal:       24661580 kB
Node 1 MemFree:        23453164 kB
Node 1 MemUsed:         1208416 kB
Node 1 Active:            58276 kB
Node 1 Inactive:          51928 kB
Node 1 Active(anon):      11036 kB
Node 1 Inactive(anon):      472 kB
Node 1 Active(file):      47240 kB
Node 1 Inactive(file):    51456 kB
Node 1 Unevictable:        1100 kB
Node 1 Mlocked:            1100 kB
Node 1 Dirty:                 4 kB
Node 1 Writeback:             0 kB
Node 1 FilePages:        100500 kB
Node 1 Mapped:            37428 kB
Node 1 AnonPages:         10820 kB
Node 1 Shmem:               688 kB
Node 1 KernelStack:        2408 kB
Node 1 PageTables:          424 kB
Node 1 NFS_Unstable:          0 kB
Node 1 Bounce:                0 kB
Node 1 WritebackTmp:          0 kB
Node 1 KReclaimable:      21180 kB
Node 1 Slab:              56916 kB
Node 1 SReclaimable:      21180 kB
Node 1 SUnreclaim:        35736 kB
Node 1 AnonHugePages:         0 kB
Node 1 ShmemHugePages:        0 kB
Node 1 ShmemPmdMapped:        0 kB
Node 1 FileHugePages:        0 kB
Node 1 FilePmdMapped:        0 kB
Node 1 HugePages_Total:     0
Node 1 HugePages_Free:      0
Node 1 HugePages_Surp:      0

After Opposite Node
Node 0 MemTotal:       24768352 kB
Node 0 MemFree:         7656912 kB
Node 0 MemUsed:        17111440 kB
Node 0 Active:            45432 kB
Node 0 Inactive:          68964 kB
Node 0 Active(anon):      21664 kB
Node 0 Inactive(anon):      408 kB
Node 0 Active(file):      23768 kB
Node 0 Inactive(file):    68556 kB
Node 0 Unevictable:       17424 kB
Node 0 Mlocked:           17424 kB
Node 0 Dirty:                20 kB
Node 0 Writeback:             0 kB
Node 0 FilePages:         99996 kB
Node 0 Mapped:            27336 kB
Node 0 AnonPages:         31820 kB
Node 0 Shmem:               580 kB
Node 0 KernelStack:        1992 kB
Node 0 PageTables:          660 kB
Node 0 NFS_Unstable:          0 kB
Node 0 Bounce:                0 kB
Node 0 WritebackTmp:          0 kB
Node 0 KReclaimable:      21864 kB
Node 0 Slab:             118960 kB
Node 0 SReclaimable:      21864 kB
Node 0 SUnreclaim:        97096 kB
Node 0 AnonHugePages:         0 kB
Node 0 ShmemHugePages:        0 kB
Node 0 ShmemPmdMapped:        0 kB
Node 0 FileHugePages:        0 kB
Node 0 FilePmdMapped:        0 kB
Node 0 HugePages_Total:     0
Node 0 HugePages_Free:      0
Node 0 HugePages_Surp:      0

Node 1 MemTotal:       24661580 kB
Node 1 MemFree:        23450740 kB
Node 1 MemUsed:         1210840 kB
Node 1 Active:            58940 kB
Node 1 Inactive:          51680 kB
Node 1 Active(anon):      11420 kB
Node 1 Inactive(anon):      472 kB
Node 1 Active(file):      47520 kB
Node 1 Inactive(file):    51208 kB
Node 1 Unevictable:        1100 kB
Node 1 Mlocked:            1100 kB
Node 1 Dirty:                24 kB
Node 1 Writeback:             0 kB
Node 1 FilePages:        100532 kB
Node 1 Mapped:            37648 kB
Node 1 AnonPages:         11244 kB
Node 1 Shmem:               688 kB
Node 1 KernelStack:        2440 kB
Node 1 PageTables:          496 kB
Node 1 NFS_Unstable:          0 kB
Node 1 Bounce:                0 kB
Node 1 WritebackTmp:          0 kB
Node 1 KReclaimable:      21212 kB
Node 1 Slab:              58780 kB
Node 1 SReclaimable:      21212 kB
Node 1 SUnreclaim:        37568 kB
Node 1 AnonHugePages:         0 kB
Node 1 ShmemHugePages:        0 kB
Node 1 ShmemPmdMapped:        0 kB
Node 1 FileHugePages:        0 kB
Node 1 FilePmdMapped:        0 kB
Node 1 HugePages_Total:     0
Node 1 HugePages_Free:      0
Node 1 HugePages_Surp:      0

U.0.8M-simpleread.16G.1.O.1M Complete!
