kernel.numa_balancing = 0
U.0.512M-simpleread.250M.3.O.1M
Begin
Node 0 MemTotal:       24743736 kB
Node 0 MemFree:        24342916 kB
Node 0 MemUsed:          400820 kB
Node 0 Active:            44284 kB
Node 0 Inactive:          68364 kB
Node 0 Active(anon):      18496 kB
Node 0 Inactive(anon):      280 kB
Node 0 Active(file):      25788 kB
Node 0 Inactive(file):    68084 kB
Node 0 Unevictable:        5240 kB
Node 0 Mlocked:            5240 kB
Node 0 Dirty:               396 kB
Node 0 Writeback:             0 kB
Node 0 FilePages:         99552 kB
Node 0 Mapped:            52156 kB
Node 0 AnonPages:         18372 kB
Node 0 Shmem:               436 kB
Node 0 KernelStack:        2184 kB
Node 0 PageTables:          696 kB
Node 0 NFS_Unstable:          0 kB
Node 0 Bounce:                0 kB
Node 0 WritebackTmp:          0 kB
Node 0 KReclaimable:      20492 kB
Node 0 Slab:              61676 kB
Node 0 SReclaimable:      20492 kB
Node 0 SUnreclaim:        41184 kB
Node 0 AnonHugePages:         0 kB
Node 0 ShmemHugePages:        0 kB
Node 0 ShmemPmdMapped:        0 kB
Node 0 FileHugePages:        0 kB
Node 0 FilePmdMapped:        0 kB
Node 0 HugePages_Total:     0
Node 0 HugePages_Free:      0
Node 0 HugePages_Surp:      0

Node 1 MemTotal:       24686196 kB
Node 1 MemFree:        24441052 kB
Node 1 MemUsed:          245144 kB
Node 1 Active:            52896 kB
Node 1 Inactive:          55096 kB
Node 1 Active(anon):      15056 kB
Node 1 Inactive(anon):      592 kB
Node 1 Active(file):      37840 kB
Node 1 Inactive(file):    54504 kB
Node 1 Unevictable:       13280 kB
Node 1 Mlocked:           13280 kB
Node 1 Dirty:               112 kB
Node 1 Writeback:             0 kB
Node 1 FilePages:         96164 kB
Node 1 Mapped:            17404 kB
Node 1 AnonPages:         25160 kB
Node 1 Shmem:               832 kB
Node 1 KernelStack:        1448 kB
Node 1 PageTables:          508 kB
Node 1 NFS_Unstable:          0 kB
Node 1 Bounce:                0 kB
Node 1 WritebackTmp:          0 kB
Node 1 KReclaimable:      21564 kB
Node 1 Slab:              45152 kB
Node 1 SReclaimable:      21564 kB
Node 1 SUnreclaim:        23588 kB
Node 1 AnonHugePages:         0 kB
Node 1 ShmemHugePages:        0 kB
Node 1 ShmemPmdMapped:        0 kB
Node 1 FileHugePages:        0 kB
Node 1 FilePmdMapped:        0 kB
Node 1 HugePages_Total:     0
Node 1 HugePages_Free:      0
Node 1 HugePages_Surp:      0

Load ZFS
Node 0 MemTotal:       24743736 kB
Node 0 MemFree:        24476604 kB
Node 0 MemUsed:          267132 kB
Node 0 Active:            52768 kB
Node 0 Inactive:          63632 kB
Node 0 Active(anon):      21480 kB
Node 0 Inactive(anon):      280 kB
Node 0 Active(file):      31288 kB
Node 0 Inactive(file):    63352 kB
Node 0 Unevictable:        5240 kB
Node 0 Mlocked:            5240 kB
Node 0 Dirty:               204 kB
Node 0 Writeback:             0 kB
Node 0 FilePages:        100312 kB
Node 0 Mapped:            52104 kB
Node 0 AnonPages:         21428 kB
Node 0 Shmem:               436 kB
Node 0 KernelStack:        2104 kB
Node 0 PageTables:          936 kB
Node 0 NFS_Unstable:          0 kB
Node 0 Bounce:                0 kB
Node 0 WritebackTmp:          0 kB
Node 0 KReclaimable:      20952 kB
Node 0 Slab:              63048 kB
Node 0 SReclaimable:      20952 kB
Node 0 SUnreclaim:        42096 kB
Node 0 AnonHugePages:         0 kB
Node 0 ShmemHugePages:        0 kB
Node 0 ShmemPmdMapped:        0 kB
Node 0 FileHugePages:        0 kB
Node 0 FilePmdMapped:        0 kB
Node 0 HugePages_Total:     0
Node 0 HugePages_Free:      0
Node 0 HugePages_Surp:      0

Node 1 MemTotal:       24686196 kB
Node 1 MemFree:        24297560 kB
Node 1 MemUsed:          388636 kB
Node 1 Active:            54328 kB
Node 1 Inactive:          55788 kB
Node 1 Active(anon):      15352 kB
Node 1 Inactive(anon):      592 kB
Node 1 Active(file):      38976 kB
Node 1 Inactive(file):    55196 kB
Node 1 Unevictable:       13280 kB
Node 1 Mlocked:           13280 kB
Node 1 Dirty:               144 kB
Node 1 Writeback:             0 kB
Node 1 FilePages:         97960 kB
Node 1 Mapped:            17532 kB
Node 1 AnonPages:         25316 kB
Node 1 Shmem:               832 kB
Node 1 KernelStack:        1592 kB
Node 1 PageTables:          512 kB
Node 1 NFS_Unstable:          0 kB
Node 1 Bounce:                0 kB
Node 1 WritebackTmp:          0 kB
Node 1 KReclaimable:      21928 kB
Node 1 Slab:              47352 kB
Node 1 SReclaimable:      21928 kB
Node 1 SUnreclaim:        25424 kB
Node 1 AnonHugePages:         0 kB
Node 1 ShmemHugePages:        0 kB
Node 1 ShmemPmdMapped:        0 kB
Node 1 FileHugePages:        0 kB
Node 1 FilePmdMapped:        0 kB
Node 1 HugePages_Total:     0
Node 1 HugePages_Free:      0
Node 1 HugePages_Surp:      0

Import tank ZPool
Node 0 MemTotal:       24743736 kB
Node 0 MemFree:        24477612 kB
Node 0 MemUsed:          266124 kB
Node 0 Active:            52904 kB
Node 0 Inactive:          63552 kB
Node 0 Active(anon):      21536 kB
Node 0 Inactive(anon):      280 kB
Node 0 Active(file):      31368 kB
Node 0 Inactive(file):    63272 kB
Node 0 Unevictable:        5240 kB
Node 0 Mlocked:            5240 kB
Node 0 Dirty:               224 kB
Node 0 Writeback:             0 kB
Node 0 FilePages:        100308 kB
Node 0 Mapped:            52364 kB
Node 0 AnonPages:         21460 kB
Node 0 Shmem:               432 kB
Node 0 KernelStack:        2104 kB
Node 0 PageTables:          936 kB
Node 0 NFS_Unstable:          0 kB
Node 0 Bounce:                0 kB
Node 0 WritebackTmp:          0 kB
Node 0 KReclaimable:      20952 kB
Node 0 Slab:              63044 kB
Node 0 SReclaimable:      20952 kB
Node 0 SUnreclaim:        42092 kB
Node 0 AnonHugePages:         0 kB
Node 0 ShmemHugePages:        0 kB
Node 0 ShmemPmdMapped:        0 kB
Node 0 FileHugePages:        0 kB
Node 0 FilePmdMapped:        0 kB
Node 0 HugePages_Total:     0
Node 0 HugePages_Free:      0
Node 0 HugePages_Surp:      0

Node 1 MemTotal:       24686196 kB
Node 1 MemFree:        24278388 kB
Node 1 MemUsed:          407808 kB
Node 1 Active:            54528 kB
Node 1 Inactive:          56972 kB
Node 1 Active(anon):      15132 kB
Node 1 Inactive(anon):      596 kB
Node 1 Active(file):      39396 kB
Node 1 Inactive(file):    56376 kB
Node 1 Unevictable:       13280 kB
Node 1 Mlocked:           13280 kB
Node 1 Dirty:               148 kB
Node 1 Writeback:             0 kB
Node 1 FilePages:         99584 kB
Node 1 Mapped:            17572 kB
Node 1 AnonPages:         25288 kB
Node 1 Shmem:               836 kB
Node 1 KernelStack:        2760 kB
Node 1 PageTables:          588 kB
Node 1 NFS_Unstable:          0 kB
Node 1 Bounce:                0 kB
Node 1 WritebackTmp:          0 kB
Node 1 KReclaimable:      22068 kB
Node 1 Slab:              54464 kB
Node 1 SReclaimable:      22068 kB
Node 1 SUnreclaim:        32396 kB
Node 1 AnonHugePages:         0 kB
Node 1 ShmemHugePages:        0 kB
Node 1 ShmemPmdMapped:        0 kB
Node 1 FileHugePages:        0 kB
Node 1 FilePmdMapped:        0 kB
Node 1 HugePages_Total:     0
Node 1 HugePages_Free:      0
Node 1 HugePages_Surp:      0

After Test
Node 0 MemTotal:       24743736 kB
Node 0 MemFree:        23722568 kB
Node 0 MemUsed:         1021168 kB
Node 0 Active:            50432 kB
Node 0 Inactive:         563532 kB
Node 0 Active(anon):      18584 kB
Node 0 Inactive(anon):      280 kB
Node 0 Active(file):      31848 kB
Node 0 Inactive(file):   563252 kB
Node 0 Unevictable:        5240 kB
Node 0 Mlocked:            5240 kB
Node 0 Dirty:               152 kB
Node 0 Writeback:             0 kB
Node 0 FilePages:        600788 kB
Node 0 Mapped:            52120 kB
Node 0 AnonPages:         18268 kB
Node 0 Shmem:               432 kB
Node 0 KernelStack:        2056 kB
Node 0 PageTables:          932 kB
Node 0 NFS_Unstable:          0 kB
Node 0 Bounce:                0 kB
Node 0 WritebackTmp:          0 kB
Node 0 KReclaimable:      22204 kB
Node 0 Slab:              66624 kB
Node 0 SReclaimable:      22204 kB
Node 0 SUnreclaim:        44420 kB
Node 0 AnonHugePages:         0 kB
Node 0 ShmemHugePages:        0 kB
Node 0 ShmemPmdMapped:        0 kB
Node 0 FileHugePages:        0 kB
Node 0 FilePmdMapped:        0 kB
Node 0 HugePages_Total:     0
Node 0 HugePages_Free:      0
Node 0 HugePages_Surp:      0

Node 1 MemTotal:       24686196 kB
Node 1 MemFree:        24007960 kB
Node 1 MemUsed:          678236 kB
Node 1 Active:            54456 kB
Node 1 Inactive:          56680 kB
Node 1 Active(anon):      14632 kB
Node 1 Inactive(anon):      596 kB
Node 1 Active(file):      39824 kB
Node 1 Inactive(file):    56084 kB
Node 1 Unevictable:       13280 kB
Node 1 Mlocked:           13280 kB
Node 1 Dirty:                 8 kB
Node 1 Writeback:             0 kB
Node 1 FilePages:         99700 kB
Node 1 Mapped:            17436 kB
Node 1 AnonPages:         24716 kB
Node 1 Shmem:               836 kB
Node 1 KernelStack:        2648 kB
Node 1 PageTables:          480 kB
Node 1 NFS_Unstable:          0 kB
Node 1 Bounce:                0 kB
Node 1 WritebackTmp:          0 kB
Node 1 KReclaimable:      22084 kB
Node 1 Slab:              55748 kB
Node 1 SReclaimable:      22084 kB
Node 1 SUnreclaim:        33664 kB
Node 1 AnonHugePages:         0 kB
Node 1 ShmemHugePages:        0 kB
Node 1 ShmemPmdMapped:        0 kB
Node 1 FileHugePages:        0 kB
Node 1 FilePmdMapped:        0 kB
Node 1 HugePages_Total:     0
Node 1 HugePages_Free:      0
Node 1 HugePages_Surp:      0

After Opposite Node
Node 0 MemTotal:       24743736 kB
Node 0 MemFree:        23723424 kB
Node 0 MemUsed:         1020312 kB
Node 0 Active:            50028 kB
Node 0 Inactive:         563532 kB
Node 0 Active(anon):      18176 kB
Node 0 Inactive(anon):      280 kB
Node 0 Active(file):      31852 kB
Node 0 Inactive(file):   563252 kB
Node 0 Unevictable:        5240 kB
Node 0 Mlocked:            5240 kB
Node 0 Dirty:               156 kB
Node 0 Writeback:             0 kB
Node 0 FilePages:        600792 kB
Node 0 Mapped:            52164 kB
Node 0 AnonPages:         18024 kB
Node 0 Shmem:               432 kB
Node 0 KernelStack:        2040 kB
Node 0 PageTables:          660 kB
Node 0 NFS_Unstable:          0 kB
Node 0 Bounce:                0 kB
Node 0 WritebackTmp:          0 kB
Node 0 KReclaimable:      22204 kB
Node 0 Slab:              66724 kB
Node 0 SReclaimable:      22204 kB
Node 0 SUnreclaim:        44520 kB
Node 0 AnonHugePages:         0 kB
Node 0 ShmemHugePages:        0 kB
Node 0 ShmemPmdMapped:        0 kB
Node 0 FileHugePages:        0 kB
Node 0 FilePmdMapped:        0 kB
Node 0 HugePages_Total:     0
Node 0 HugePages_Free:      0
Node 0 HugePages_Surp:      0

Node 1 MemTotal:       24686196 kB
Node 1 MemFree:        24007352 kB
Node 1 MemUsed:          678844 kB
Node 1 Active:            55172 kB
Node 1 Inactive:          56412 kB
Node 1 Active(anon):      15064 kB
Node 1 Inactive(anon):      596 kB
Node 1 Active(file):      40108 kB
Node 1 Inactive(file):    55816 kB
Node 1 Unevictable:       13280 kB
Node 1 Mlocked:           13280 kB
Node 1 Dirty:                20 kB
Node 1 Writeback:             0 kB
Node 1 FilePages:         99716 kB
Node 1 Mapped:            17436 kB
Node 1 AnonPages:         25056 kB
Node 1 Shmem:               836 kB
Node 1 KernelStack:        2664 kB
Node 1 PageTables:          764 kB
Node 1 NFS_Unstable:          0 kB
Node 1 Bounce:                0 kB
Node 1 WritebackTmp:          0 kB
Node 1 KReclaimable:      22116 kB
Node 1 Slab:              55908 kB
Node 1 SReclaimable:      22116 kB
Node 1 SUnreclaim:        33792 kB
Node 1 AnonHugePages:         0 kB
Node 1 ShmemHugePages:        0 kB
Node 1 ShmemPmdMapped:        0 kB
Node 1 FileHugePages:        0 kB
Node 1 FilePmdMapped:        0 kB
Node 1 HugePages_Total:     0
Node 1 HugePages_Free:      0
Node 1 HugePages_Surp:      0

U.0.512M-simpleread.250M.3.O.1M Complete!
