kernel.numa_balancing = 0
U.0.8M-simpleread.16G.2.O.1M
Begin
Node 0 MemTotal:       24768352 kB
Node 0 MemFree:        24393700 kB
Node 0 MemUsed:          374652 kB
Node 0 Active:            59916 kB
Node 0 Inactive:          36492 kB
Node 0 Active(anon):      23548 kB
Node 0 Inactive(anon):      452 kB
Node 0 Active(file):      36368 kB
Node 0 Inactive(file):    36040 kB
Node 0 Unevictable:         468 kB
Node 0 Mlocked:             468 kB
Node 0 Dirty:               288 kB
Node 0 Writeback:             0 kB
Node 0 FilePages:         73984 kB
Node 0 Mapped:            20716 kB
Node 0 AnonPages:         23348 kB
Node 0 Shmem:               668 kB
Node 0 KernelStack:        2232 kB
Node 0 PageTables:          564 kB
Node 0 NFS_Unstable:          0 kB
Node 0 Bounce:                0 kB
Node 0 WritebackTmp:          0 kB
Node 0 KReclaimable:      19696 kB
Node 0 Slab:              58196 kB
Node 0 SReclaimable:      19696 kB
Node 0 SUnreclaim:        38500 kB
Node 0 AnonHugePages:         0 kB
Node 0 ShmemHugePages:        0 kB
Node 0 ShmemPmdMapped:        0 kB
Node 0 FileHugePages:        0 kB
Node 0 FilePmdMapped:        0 kB
Node 0 HugePages_Total:     0
Node 0 HugePages_Free:      0
Node 0 HugePages_Surp:      0

Node 1 MemTotal:       24661580 kB
Node 1 MemFree:        24362640 kB
Node 1 MemUsed:          298940 kB
Node 1 Active:            38504 kB
Node 1 Inactive:         109588 kB
Node 1 Active(anon):      10404 kB
Node 1 Inactive(anon):      424 kB
Node 1 Active(file):      28100 kB
Node 1 Inactive(file):   109164 kB
Node 1 Unevictable:       18052 kB
Node 1 Mlocked:           18052 kB
Node 1 Dirty:               252 kB
Node 1 Writeback:             0 kB
Node 1 FilePages:        145588 kB
Node 1 Mapped:            68448 kB
Node 1 AnonPages:         20600 kB
Node 1 Shmem:               600 kB
Node 1 KernelStack:        1416 kB
Node 1 PageTables:          712 kB
Node 1 NFS_Unstable:          0 kB
Node 1 Bounce:                0 kB
Node 1 WritebackTmp:          0 kB
Node 1 KReclaimable:      21652 kB
Node 1 Slab:              47076 kB
Node 1 SReclaimable:      21652 kB
Node 1 SUnreclaim:        25424 kB
Node 1 AnonHugePages:         0 kB
Node 1 ShmemHugePages:        0 kB
Node 1 ShmemPmdMapped:        0 kB
Node 1 FileHugePages:        0 kB
Node 1 FilePmdMapped:        0 kB
Node 1 HugePages_Total:     0
Node 1 HugePages_Free:      0
Node 1 HugePages_Surp:      0

Load ZFS
Node 0 MemTotal:       24768352 kB
Node 0 MemFree:        24525288 kB
Node 0 MemUsed:          243064 kB
Node 0 Active:            68476 kB
Node 0 Inactive:          32140 kB
Node 0 Active(anon):      25492 kB
Node 0 Inactive(anon):      452 kB
Node 0 Active(file):      42984 kB
Node 0 Inactive(file):    31688 kB
Node 0 Unevictable:         468 kB
Node 0 Mlocked:             468 kB
Node 0 Dirty:                32 kB
Node 0 Writeback:             0 kB
Node 0 FilePages:         75808 kB
Node 0 Mapped:            20876 kB
Node 0 AnonPages:         25796 kB
Node 0 Shmem:               668 kB
Node 0 KernelStack:        2232 kB
Node 0 PageTables:          600 kB
Node 0 NFS_Unstable:          0 kB
Node 0 Bounce:                0 kB
Node 0 WritebackTmp:          0 kB
Node 0 KReclaimable:      20232 kB
Node 0 Slab:              59776 kB
Node 0 SReclaimable:      20232 kB
Node 0 SUnreclaim:        39544 kB
Node 0 AnonHugePages:         0 kB
Node 0 ShmemHugePages:        0 kB
Node 0 ShmemPmdMapped:        0 kB
Node 0 FileHugePages:        0 kB
Node 0 FilePmdMapped:        0 kB
Node 0 HugePages_Total:     0
Node 0 HugePages_Free:      0
Node 0 HugePages_Surp:      0

Node 1 MemTotal:       24661580 kB
Node 1 MemFree:        24220340 kB
Node 1 MemUsed:          441240 kB
Node 1 Active:            42840 kB
Node 1 Inactive:         109760 kB
Node 1 Active(anon):      14296 kB
Node 1 Inactive(anon):      424 kB
Node 1 Active(file):      28544 kB
Node 1 Inactive(file):   109336 kB
Node 1 Unevictable:       18052 kB
Node 1 Mlocked:           18052 kB
Node 1 Dirty:               280 kB
Node 1 Writeback:             0 kB
Node 1 FilePages:        146204 kB
Node 1 Mapped:            68464 kB
Node 1 AnonPages:         24552 kB
Node 1 Shmem:               600 kB
Node 1 KernelStack:        1592 kB
Node 1 PageTables:         1072 kB
Node 1 NFS_Unstable:          0 kB
Node 1 Bounce:                0 kB
Node 1 WritebackTmp:          0 kB
Node 1 KReclaimable:      22060 kB
Node 1 Slab:              49372 kB
Node 1 SReclaimable:      22060 kB
Node 1 SUnreclaim:        27312 kB
Node 1 AnonHugePages:         0 kB
Node 1 ShmemHugePages:        0 kB
Node 1 ShmemPmdMapped:        0 kB
Node 1 FileHugePages:        0 kB
Node 1 FilePmdMapped:        0 kB
Node 1 HugePages_Total:     0
Node 1 HugePages_Free:      0
Node 1 HugePages_Surp:      0

Import tank ZPool
Node 0 MemTotal:       24768352 kB
Node 0 MemFree:        24508600 kB
Node 0 MemUsed:          259752 kB
Node 0 Active:            66404 kB
Node 0 Inactive:          32108 kB
Node 0 Active(anon):      23384 kB
Node 0 Inactive(anon):      452 kB
Node 0 Active(file):      43020 kB
Node 0 Inactive(file):    31656 kB
Node 0 Unevictable:         468 kB
Node 0 Mlocked:             468 kB
Node 0 Dirty:                64 kB
Node 0 Writeback:             0 kB
Node 0 FilePages:         75848 kB
Node 0 Mapped:            20720 kB
Node 0 AnonPages:         23024 kB
Node 0 Shmem:               668 kB
Node 0 KernelStack:        3336 kB
Node 0 PageTables:          576 kB
Node 0 NFS_Unstable:          0 kB
Node 0 Bounce:                0 kB
Node 0 WritebackTmp:          0 kB
Node 0 KReclaimable:      20232 kB
Node 0 Slab:              62396 kB
Node 0 SReclaimable:      20232 kB
Node 0 SUnreclaim:        42164 kB
Node 0 AnonHugePages:         0 kB
Node 0 ShmemHugePages:        0 kB
Node 0 ShmemPmdMapped:        0 kB
Node 0 FileHugePages:        0 kB
Node 0 FilePmdMapped:        0 kB
Node 0 HugePages_Total:     0
Node 0 HugePages_Free:      0
Node 0 HugePages_Surp:      0

Node 1 MemTotal:       24661580 kB
Node 1 MemFree:        24215500 kB
Node 1 MemUsed:          446080 kB
Node 1 Active:            39368 kB
Node 1 Inactive:         110712 kB
Node 1 Active(anon):      10068 kB
Node 1 Inactive(anon):      428 kB
Node 1 Active(file):      29300 kB
Node 1 Inactive(file):   110284 kB
Node 1 Unevictable:       18052 kB
Node 1 Mlocked:           18052 kB
Node 1 Dirty:               332 kB
Node 1 Writeback:             0 kB
Node 1 FilePages:        147908 kB
Node 1 Mapped:            68676 kB
Node 1 AnonPages:         19896 kB
Node 1 Shmem:               600 kB
Node 1 KernelStack:        1448 kB
Node 1 PageTables:          792 kB
Node 1 NFS_Unstable:          0 kB
Node 1 Bounce:                0 kB
Node 1 WritebackTmp:          0 kB
Node 1 KReclaimable:      22300 kB
Node 1 Slab:              55328 kB
Node 1 SReclaimable:      22300 kB
Node 1 SUnreclaim:        33028 kB
Node 1 AnonHugePages:         0 kB
Node 1 ShmemHugePages:        0 kB
Node 1 ShmemPmdMapped:        0 kB
Node 1 FileHugePages:        0 kB
Node 1 FilePmdMapped:        0 kB
Node 1 HugePages_Total:     0
Node 1 HugePages_Free:      0
Node 1 HugePages_Surp:      0

After Test
Node 0 MemTotal:       24768352 kB
Node 0 MemFree:         6851076 kB
Node 0 MemUsed:        17917276 kB
Node 0 Active:            67000 kB
Node 0 Inactive:          39936 kB
Node 0 Active(anon):      23496 kB
Node 0 Inactive(anon):      448 kB
Node 0 Active(file):      43504 kB
Node 0 Inactive(file):    39488 kB
Node 0 Unevictable:         468 kB
Node 0 Mlocked:             468 kB
Node 0 Dirty:                28 kB
Node 0 Writeback:             0 kB
Node 0 FilePages:         84124 kB
Node 0 Mapped:            20724 kB
Node 0 AnonPages:         23372 kB
Node 0 Shmem:               664 kB
Node 0 KernelStack:        3176 kB
Node 0 PageTables:          636 kB
Node 0 NFS_Unstable:          0 kB
Node 0 Bounce:                0 kB
Node 0 WritebackTmp:          0 kB
Node 0 KReclaimable:      20344 kB
Node 0 Slab:             121232 kB
Node 0 SReclaimable:      20344 kB
Node 0 SUnreclaim:       100888 kB
Node 0 AnonHugePages:         0 kB
Node 0 ShmemHugePages:        0 kB
Node 0 ShmemPmdMapped:        0 kB
Node 0 FileHugePages:        0 kB
Node 0 FilePmdMapped:        0 kB
Node 0 HugePages_Total:     0
Node 0 HugePages_Free:      0
Node 0 HugePages_Surp:      0

Node 1 MemTotal:       24661580 kB
Node 1 MemFree:        24221356 kB
Node 1 MemUsed:          440224 kB
Node 1 Active:            39248 kB
Node 1 Inactive:         110640 kB
Node 1 Active(anon):       9648 kB
Node 1 Inactive(anon):      432 kB
Node 1 Active(file):      29600 kB
Node 1 Inactive(file):   110208 kB
Node 1 Unevictable:       18052 kB
Node 1 Mlocked:           18052 kB
Node 1 Dirty:                20 kB
Node 1 Writeback:             0 kB
Node 1 FilePages:        148212 kB
Node 1 Mapped:            68532 kB
Node 1 AnonPages:         19800 kB
Node 1 Shmem:               604 kB
Node 1 KernelStack:        1224 kB
Node 1 PageTables:          644 kB
Node 1 NFS_Unstable:          0 kB
Node 1 Bounce:                0 kB
Node 1 WritebackTmp:          0 kB
Node 1 KReclaimable:      22440 kB
Node 1 Slab:              55992 kB
Node 1 SReclaimable:      22440 kB
Node 1 SUnreclaim:        33552 kB
Node 1 AnonHugePages:         0 kB
Node 1 ShmemHugePages:        0 kB
Node 1 ShmemPmdMapped:        0 kB
Node 1 FileHugePages:        0 kB
Node 1 FilePmdMapped:        0 kB
Node 1 HugePages_Total:     0
Node 1 HugePages_Free:      0
Node 1 HugePages_Surp:      0

After Opposite Node
Node 0 MemTotal:       24768352 kB
Node 0 MemFree:         6850644 kB
Node 0 MemUsed:        17917708 kB
Node 0 Active:            66704 kB
Node 0 Inactive:          39900 kB
Node 0 Active(anon):      23160 kB
Node 0 Inactive(anon):      448 kB
Node 0 Active(file):      43544 kB
Node 0 Inactive(file):    39452 kB
Node 0 Unevictable:         468 kB
Node 0 Mlocked:             468 kB
Node 0 Dirty:                20 kB
Node 0 Writeback:             0 kB
Node 0 FilePages:         84144 kB
Node 0 Mapped:            20724 kB
Node 0 AnonPages:         22944 kB
Node 0 Shmem:               664 kB
Node 0 KernelStack:        3160 kB
Node 0 PageTables:          576 kB
Node 0 NFS_Unstable:          0 kB
Node 0 Bounce:                0 kB
Node 0 WritebackTmp:          0 kB
Node 0 KReclaimable:      20352 kB
Node 0 Slab:             119924 kB
Node 0 SReclaimable:      20352 kB
Node 0 SUnreclaim:        99572 kB
Node 0 AnonHugePages:         0 kB
Node 0 ShmemHugePages:        0 kB
Node 0 ShmemPmdMapped:        0 kB
Node 0 FileHugePages:        0 kB
Node 0 FilePmdMapped:        0 kB
Node 0 HugePages_Total:     0
Node 0 HugePages_Free:      0
Node 0 HugePages_Surp:      0

Node 1 MemTotal:       24661580 kB
Node 1 MemFree:        24218112 kB
Node 1 MemUsed:          443468 kB
Node 1 Active:            39892 kB
Node 1 Inactive:         110440 kB
Node 1 Active(anon):       9996 kB
Node 1 Inactive(anon):      432 kB
Node 1 Active(file):      29896 kB
Node 1 Inactive(file):   110008 kB
Node 1 Unevictable:       18052 kB
Node 1 Mlocked:           18052 kB
Node 1 Dirty:                24 kB
Node 1 Writeback:             0 kB
Node 1 FilePages:        148232 kB
Node 1 Mapped:            68752 kB
Node 1 AnonPages:         20240 kB
Node 1 Shmem:               604 kB
Node 1 KernelStack:        1240 kB
Node 1 PageTables:          708 kB
Node 1 NFS_Unstable:          0 kB
Node 1 Bounce:                0 kB
Node 1 WritebackTmp:          0 kB
Node 1 KReclaimable:      22476 kB
Node 1 Slab:              57896 kB
Node 1 SReclaimable:      22476 kB
Node 1 SUnreclaim:        35420 kB
Node 1 AnonHugePages:         0 kB
Node 1 ShmemHugePages:        0 kB
Node 1 ShmemPmdMapped:        0 kB
Node 1 FileHugePages:        0 kB
Node 1 FilePmdMapped:        0 kB
Node 1 HugePages_Total:     0
Node 1 HugePages_Free:      0
Node 1 HugePages_Surp:      0

U.0.8M-simpleread.16G.2.O.1M Complete!
