kernel.numa_balancing = 0
40 Tests Remaining!
U.0.2M-simpleread.8G.2.O.1M
Begin
Node 0 MemTotal:       24743736 kB
Node 0 MemFree:        24478692 kB
Node 0 MemUsed:          265044 kB
Node 0 Active:            42048 kB
Node 0 Inactive:          81116 kB
Node 0 Active(anon):      19540 kB
Node 0 Inactive(anon):      424 kB
Node 0 Active(file):      22508 kB
Node 0 Inactive(file):    80692 kB
Node 0 Unevictable:        5820 kB
Node 0 Mlocked:            5820 kB
Node 0 Dirty:               492 kB
Node 0 Writeback:             0 kB
Node 0 FilePages:        109676 kB
Node 0 Mapped:            41728 kB
Node 0 AnonPages:         19400 kB
Node 0 Shmem:               660 kB
Node 0 KernelStack:        2328 kB
Node 0 PageTables:          568 kB
Node 0 NFS_Unstable:          0 kB
Node 0 Bounce:                0 kB
Node 0 WritebackTmp:          0 kB
Node 0 KReclaimable:      19160 kB
Node 0 Slab:              52476 kB
Node 0 SReclaimable:      19160 kB
Node 0 SUnreclaim:        33316 kB
Node 0 AnonHugePages:         0 kB
Node 0 ShmemHugePages:        0 kB
Node 0 ShmemPmdMapped:        0 kB
Node 0 FileHugePages:        0 kB
Node 0 FilePmdMapped:        0 kB
Node 0 HugePages_Total:     0
Node 0 HugePages_Free:      0
Node 0 HugePages_Surp:      0

Node 1 MemTotal:       24686196 kB
Node 1 MemFree:        24315872 kB
Node 1 MemUsed:          370324 kB
Node 1 Active:            56412 kB
Node 1 Inactive:          29792 kB
Node 1 Active(anon):      15092 kB
Node 1 Inactive(anon):      456 kB
Node 1 Active(file):      41320 kB
Node 1 Inactive(file):    29336 kB
Node 1 Unevictable:       12704 kB
Node 1 Mlocked:           12704 kB
Node 1 Dirty:                28 kB
Node 1 Writeback:             0 kB
Node 1 FilePages:         73640 kB
Node 1 Mapped:            15164 kB
Node 1 AnonPages:         25108 kB
Node 1 Shmem:               608 kB
Node 1 KernelStack:        1544 kB
Node 1 PageTables:          740 kB
Node 1 NFS_Unstable:          0 kB
Node 1 Bounce:                0 kB
Node 1 WritebackTmp:          0 kB
Node 1 KReclaimable:      23620 kB
Node 1 Slab:              56340 kB
Node 1 SReclaimable:      23620 kB
Node 1 SUnreclaim:        32720 kB
Node 1 AnonHugePages:         0 kB
Node 1 ShmemHugePages:        0 kB
Node 1 ShmemPmdMapped:        0 kB
Node 1 FileHugePages:        0 kB
Node 1 FilePmdMapped:        0 kB
Node 1 HugePages_Total:     0
Node 1 HugePages_Free:      0
Node 1 HugePages_Surp:      0

Load ZFS
Node 0 MemTotal:       24743736 kB
Node 0 MemFree:        24477832 kB
Node 0 MemUsed:          265904 kB
Node 0 Active:            43432 kB
Node 0 Inactive:          81184 kB
Node 0 Active(anon):      19768 kB
Node 0 Inactive(anon):      424 kB
Node 0 Active(file):      23664 kB
Node 0 Inactive(file):    80760 kB
Node 0 Unevictable:        5820 kB
Node 0 Mlocked:            5820 kB
Node 0 Dirty:               288 kB
Node 0 Writeback:             0 kB
Node 0 FilePages:        110900 kB
Node 0 Mapped:            41892 kB
Node 0 AnonPages:         19568 kB
Node 0 Shmem:               660 kB
Node 0 KernelStack:        2152 kB
Node 0 PageTables:          556 kB
Node 0 NFS_Unstable:          0 kB
Node 0 Bounce:                0 kB
Node 0 WritebackTmp:          0 kB
Node 0 KReclaimable:      19600 kB
Node 0 Slab:              54244 kB
Node 0 SReclaimable:      19600 kB
Node 0 SUnreclaim:        34644 kB
Node 0 AnonHugePages:         0 kB
Node 0 ShmemHugePages:        0 kB
Node 0 ShmemPmdMapped:        0 kB
Node 0 FileHugePages:        0 kB
Node 0 FilePmdMapped:        0 kB
Node 0 HugePages_Total:     0
Node 0 HugePages_Free:      0
Node 0 HugePages_Surp:      0

Node 1 MemTotal:       24686196 kB
Node 1 MemFree:        24307356 kB
Node 1 MemUsed:          378840 kB
Node 1 Active:            63316 kB
Node 1 Inactive:          25772 kB
Node 1 Active(anon):      16668 kB
Node 1 Inactive(anon):      456 kB
Node 1 Active(file):      46648 kB
Node 1 Inactive(file):    25316 kB
Node 1 Unevictable:       12704 kB
Node 1 Mlocked:           12704 kB
Node 1 Dirty:                44 kB
Node 1 Writeback:             0 kB
Node 1 FilePages:         74956 kB
Node 1 Mapped:            15000 kB
Node 1 AnonPages:         26364 kB
Node 1 Shmem:               608 kB
Node 1 KernelStack:        1528 kB
Node 1 PageTables:          712 kB
Node 1 NFS_Unstable:          0 kB
Node 1 Bounce:                0 kB
Node 1 WritebackTmp:          0 kB
Node 1 KReclaimable:      23900 kB
Node 1 Slab:              57176 kB
Node 1 SReclaimable:      23900 kB
Node 1 SUnreclaim:        33276 kB
Node 1 AnonHugePages:         0 kB
Node 1 ShmemHugePages:        0 kB
Node 1 ShmemPmdMapped:        0 kB
Node 1 FileHugePages:        0 kB
Node 1 FilePmdMapped:        0 kB
Node 1 HugePages_Total:     0
Node 1 HugePages_Free:      0
Node 1 HugePages_Surp:      0

Import tank ZPool
Node 0 MemTotal:       24743736 kB
Node 0 MemFree:        24478232 kB
Node 0 MemUsed:          265504 kB
Node 0 Active:            43520 kB
Node 0 Inactive:          81092 kB
Node 0 Active(anon):      19764 kB
Node 0 Inactive(anon):      424 kB
Node 0 Active(file):      23756 kB
Node 0 Inactive(file):    80668 kB
Node 0 Unevictable:        5820 kB
Node 0 Mlocked:            5820 kB
Node 0 Dirty:               212 kB
Node 0 Writeback:             0 kB
Node 0 FilePages:        110896 kB
Node 0 Mapped:            42040 kB
Node 0 AnonPages:         19572 kB
Node 0 Shmem:               656 kB
Node 0 KernelStack:        2168 kB
Node 0 PageTables:          556 kB
Node 0 NFS_Unstable:          0 kB
Node 0 Bounce:                0 kB
Node 0 WritebackTmp:          0 kB
Node 0 KReclaimable:      19600 kB
Node 0 Slab:              54908 kB
Node 0 SReclaimable:      19600 kB
Node 0 SUnreclaim:        35308 kB
Node 0 AnonHugePages:         0 kB
Node 0 ShmemHugePages:        0 kB
Node 0 ShmemPmdMapped:        0 kB
Node 0 FileHugePages:        0 kB
Node 0 FilePmdMapped:        0 kB
Node 0 HugePages_Total:     0
Node 0 HugePages_Free:      0
Node 0 HugePages_Surp:      0

Node 1 MemTotal:       24686196 kB
Node 1 MemFree:        24287804 kB
Node 1 MemUsed:          398392 kB
Node 1 Active:            64248 kB
Node 1 Inactive:          26708 kB
Node 1 Active(anon):      16808 kB
Node 1 Inactive(anon):      460 kB
Node 1 Active(file):      47440 kB
Node 1 Inactive(file):    26248 kB
Node 1 Unevictable:       12704 kB
Node 1 Mlocked:           12704 kB
Node 1 Dirty:                56 kB
Node 1 Writeback:             0 kB
Node 1 FilePages:         76696 kB
Node 1 Mapped:            15252 kB
Node 1 AnonPages:         26620 kB
Node 1 Shmem:               612 kB
Node 1 KernelStack:        2680 kB
Node 1 PageTables:          792 kB
Node 1 NFS_Unstable:          0 kB
Node 1 Bounce:                0 kB
Node 1 WritebackTmp:          0 kB
Node 1 KReclaimable:      24060 kB
Node 1 Slab:              64040 kB
Node 1 SReclaimable:      24060 kB
Node 1 SUnreclaim:        39980 kB
Node 1 AnonHugePages:         0 kB
Node 1 ShmemHugePages:        0 kB
Node 1 ShmemPmdMapped:        0 kB
Node 1 FileHugePages:        0 kB
Node 1 FilePmdMapped:        0 kB
Node 1 HugePages_Total:     0
Node 1 HugePages_Free:      0
Node 1 HugePages_Surp:      0

After Test
Node 0 MemTotal:       24743736 kB
Node 0 MemFree:        16059368 kB
Node 0 MemUsed:         8684368 kB
Node 0 Active:            43888 kB
Node 0 Inactive:          83096 kB
Node 0 Active(anon):      19712 kB
Node 0 Inactive(anon):      424 kB
Node 0 Active(file):      24176 kB
Node 0 Inactive(file):    82672 kB
Node 0 Unevictable:        5820 kB
Node 0 Mlocked:            5820 kB
Node 0 Dirty:                24 kB
Node 0 Writeback:             0 kB
Node 0 FilePages:        113320 kB
Node 0 Mapped:            41788 kB
Node 0 AnonPages:         19404 kB
Node 0 Shmem:               656 kB
Node 0 KernelStack:        2104 kB
Node 0 PageTables:          608 kB
Node 0 NFS_Unstable:          0 kB
Node 0 Bounce:                0 kB
Node 0 WritebackTmp:          0 kB
Node 0 KReclaimable:      19680 kB
Node 0 Slab:              84396 kB
Node 0 SReclaimable:      19680 kB
Node 0 SUnreclaim:        64716 kB
Node 0 AnonHugePages:         0 kB
Node 0 ShmemHugePages:        0 kB
Node 0 ShmemPmdMapped:        0 kB
Node 0 FileHugePages:        0 kB
Node 0 FilePmdMapped:        0 kB
Node 0 HugePages_Total:     0
Node 0 HugePages_Free:      0
Node 0 HugePages_Surp:      0

Node 1 MemTotal:       24686196 kB
Node 1 MemFree:        23475492 kB
Node 1 MemUsed:         1210704 kB
Node 1 Active:            61052 kB
Node 1 Inactive:          26620 kB
Node 1 Active(anon):      13448 kB
Node 1 Inactive(anon):      460 kB
Node 1 Active(file):      47604 kB
Node 1 Inactive(file):    26160 kB
Node 1 Unevictable:       12704 kB
Node 1 Mlocked:           12704 kB
Node 1 Dirty:                 4 kB
Node 1 Writeback:             0 kB
Node 1 FilePages:         76816 kB
Node 1 Mapped:            15284 kB
Node 1 AnonPages:         23636 kB
Node 1 Shmem:               612 kB
Node 1 KernelStack:        2536 kB
Node 1 PageTables:          508 kB
Node 1 NFS_Unstable:          0 kB
Node 1 Bounce:                0 kB
Node 1 WritebackTmp:          0 kB
Node 1 KReclaimable:      24108 kB
Node 1 Slab:              68144 kB
Node 1 SReclaimable:      24108 kB
Node 1 SUnreclaim:        44036 kB
Node 1 AnonHugePages:         0 kB
Node 1 ShmemHugePages:        0 kB
Node 1 ShmemPmdMapped:        0 kB
Node 1 FileHugePages:        0 kB
Node 1 FilePmdMapped:        0 kB
Node 1 HugePages_Total:     0
Node 1 HugePages_Free:      0
Node 1 HugePages_Surp:      0

After Opposite Node
Node 0 MemTotal:       24743736 kB
Node 0 MemFree:        16059720 kB
Node 0 MemUsed:         8684016 kB
Node 0 Active:            43992 kB
Node 0 Inactive:          83040 kB
Node 0 Active(anon):      19748 kB
Node 0 Inactive(anon):      424 kB
Node 0 Active(file):      24244 kB
Node 0 Inactive(file):    82616 kB
Node 0 Unevictable:        5820 kB
Node 0 Mlocked:            5820 kB
Node 0 Dirty:                60 kB
Node 0 Writeback:             0 kB
Node 0 FilePages:        113332 kB
Node 0 Mapped:            41740 kB
Node 0 AnonPages:         19516 kB
Node 0 Shmem:               656 kB
Node 0 KernelStack:        2104 kB
Node 0 PageTables:          552 kB
Node 0 NFS_Unstable:          0 kB
Node 0 Bounce:                0 kB
Node 0 WritebackTmp:          0 kB
Node 0 KReclaimable:      19696 kB
Node 0 Slab:              83688 kB
Node 0 SReclaimable:      19696 kB
Node 0 SUnreclaim:        63992 kB
Node 0 AnonHugePages:         0 kB
Node 0 ShmemHugePages:        0 kB
Node 0 ShmemPmdMapped:        0 kB
Node 0 FileHugePages:        0 kB
Node 0 FilePmdMapped:        0 kB
Node 0 HugePages_Total:     0
Node 0 HugePages_Free:      0
Node 0 HugePages_Surp:      0

Node 1 MemTotal:       24686196 kB
Node 1 MemFree:        23471360 kB
Node 1 MemUsed:         1214836 kB
Node 1 Active:            61300 kB
Node 1 Inactive:          26436 kB
Node 1 Active(anon):      13436 kB
Node 1 Inactive(anon):      460 kB
Node 1 Active(file):      47864 kB
Node 1 Inactive(file):    25976 kB
Node 1 Unevictable:       12704 kB
Node 1 Mlocked:           12704 kB
Node 1 Dirty:                24 kB
Node 1 Writeback:             0 kB
Node 1 FilePages:         76836 kB
Node 1 Mapped:            15064 kB
Node 1 AnonPages:         23536 kB
Node 1 Shmem:               612 kB
Node 1 KernelStack:        2536 kB
Node 1 PageTables:          556 kB
Node 1 NFS_Unstable:          0 kB
Node 1 Bounce:                0 kB
Node 1 WritebackTmp:          0 kB
Node 1 KReclaimable:      24144 kB
Node 1 Slab:              69416 kB
Node 1 SReclaimable:      24144 kB
Node 1 SUnreclaim:        45272 kB
Node 1 AnonHugePages:         0 kB
Node 1 ShmemHugePages:        0 kB
Node 1 ShmemPmdMapped:        0 kB
Node 1 FileHugePages:        0 kB
Node 1 FilePmdMapped:        0 kB
Node 1 HugePages_Total:     0
Node 1 HugePages_Free:      0
Node 1 HugePages_Surp:      0

U.0.2M-simpleread.8G.2.O.1M Complete!
