kernel.numa_balancing = 0
U.0.64M-simpleread.500M.1.O.1M
Begin
Node 0 MemTotal:       24743736 kB
Node 0 MemFree:        24388280 kB
Node 0 MemUsed:          355456 kB
Node 0 Active:            30960 kB
Node 0 Inactive:          52592 kB
Node 0 Active(anon):       8356 kB
Node 0 Inactive(anon):      296 kB
Node 0 Active(file):      22604 kB
Node 0 Inactive(file):    52296 kB
Node 0 Unevictable:       13352 kB
Node 0 Mlocked:           13352 kB
Node 0 Dirty:               128 kB
Node 0 Writeback:             0 kB
Node 0 FilePages:         78376 kB
Node 0 Mapped:             9044 kB
Node 0 AnonPages:         18608 kB
Node 0 Shmem:               404 kB
Node 0 KernelStack:        2184 kB
Node 0 PageTables:          288 kB
Node 0 NFS_Unstable:          0 kB
Node 0 Bounce:                0 kB
Node 0 WritebackTmp:          0 kB
Node 0 KReclaimable:      18012 kB
Node 0 Slab:              47560 kB
Node 0 SReclaimable:      18012 kB
Node 0 SUnreclaim:        29548 kB
Node 0 AnonHugePages:         0 kB
Node 0 ShmemHugePages:        0 kB
Node 0 ShmemPmdMapped:        0 kB
Node 0 FileHugePages:        0 kB
Node 0 FilePmdMapped:        0 kB
Node 0 HugePages_Total:     0
Node 0 HugePages_Free:      0
Node 0 HugePages_Surp:      0

Node 1 MemTotal:       24686196 kB
Node 1 MemFree:        24419688 kB
Node 1 MemUsed:          266508 kB
Node 1 Active:            65240 kB
Node 1 Inactive:          44300 kB
Node 1 Active(anon):      25844 kB
Node 1 Inactive(anon):      588 kB
Node 1 Active(file):      39396 kB
Node 1 Inactive(file):    43712 kB
Node 1 Unevictable:        5168 kB
Node 1 Mlocked:            5168 kB
Node 1 Dirty:               388 kB
Node 1 Writeback:             0 kB
Node 1 FilePages:         89140 kB
Node 1 Mapped:            39684 kB
Node 1 AnonPages:         25628 kB
Node 1 Shmem:               864 kB
Node 1 KernelStack:        1448 kB
Node 1 PageTables:          844 kB
Node 1 NFS_Unstable:          0 kB
Node 1 Bounce:                0 kB
Node 1 WritebackTmp:          0 kB
Node 1 KReclaimable:      24096 kB
Node 1 Slab:              60368 kB
Node 1 SReclaimable:      24096 kB
Node 1 SUnreclaim:        36272 kB
Node 1 AnonHugePages:         0 kB
Node 1 ShmemHugePages:        0 kB
Node 1 ShmemPmdMapped:        0 kB
Node 1 FileHugePages:        0 kB
Node 1 FilePmdMapped:        0 kB
Node 1 HugePages_Total:     0
Node 1 HugePages_Free:      0
Node 1 HugePages_Surp:      0

Load ZFS
Node 0 MemTotal:       24743736 kB
Node 0 MemFree:        24380500 kB
Node 0 MemUsed:          363236 kB
Node 0 Active:            31924 kB
Node 0 Inactive:          53108 kB
Node 0 Active(anon):       8436 kB
Node 0 Inactive(anon):      296 kB
Node 0 Active(file):      23488 kB
Node 0 Inactive(file):    52812 kB
Node 0 Unevictable:       13352 kB
Node 0 Mlocked:           13352 kB
Node 0 Dirty:               128 kB
Node 0 Writeback:             0 kB
Node 0 FilePages:         79728 kB
Node 0 Mapped:             9044 kB
Node 0 AnonPages:         18400 kB
Node 0 Shmem:               404 kB
Node 0 KernelStack:        2184 kB
Node 0 PageTables:          312 kB
Node 0 NFS_Unstable:          0 kB
Node 0 Bounce:                0 kB
Node 0 WritebackTmp:          0 kB
Node 0 KReclaimable:      18380 kB
Node 0 Slab:              49620 kB
Node 0 SReclaimable:      18380 kB
Node 0 SUnreclaim:        31240 kB
Node 0 AnonHugePages:         0 kB
Node 0 ShmemHugePages:        0 kB
Node 0 ShmemPmdMapped:        0 kB
Node 0 FileHugePages:        0 kB
Node 0 FilePmdMapped:        0 kB
Node 0 HugePages_Total:     0
Node 0 HugePages_Free:      0
Node 0 HugePages_Surp:      0

Node 1 MemTotal:       24686196 kB
Node 1 MemFree:        24419580 kB
Node 1 MemUsed:          266616 kB
Node 1 Active:            75376 kB
Node 1 Inactive:          39716 kB
Node 1 Active(anon):      30228 kB
Node 1 Inactive(anon):      588 kB
Node 1 Active(file):      45148 kB
Node 1 Inactive(file):    39128 kB
Node 1 Unevictable:        5168 kB
Node 1 Mlocked:            5168 kB
Node 1 Dirty:               416 kB
Node 1 Writeback:             0 kB
Node 1 FilePages:         90308 kB
Node 1 Mapped:            39852 kB
Node 1 AnonPages:         30036 kB
Node 1 Shmem:               864 kB
Node 1 KernelStack:        1528 kB
Node 1 PageTables:         1084 kB
Node 1 NFS_Unstable:          0 kB
Node 1 Bounce:                0 kB
Node 1 WritebackTmp:          0 kB
Node 1 KReclaimable:      24572 kB
Node 1 Slab:              62388 kB
Node 1 SReclaimable:      24572 kB
Node 1 SUnreclaim:        37816 kB
Node 1 AnonHugePages:         0 kB
Node 1 ShmemHugePages:        0 kB
Node 1 ShmemPmdMapped:        0 kB
Node 1 FileHugePages:        0 kB
Node 1 FilePmdMapped:        0 kB
Node 1 HugePages_Total:     0
Node 1 HugePages_Free:      0
Node 1 HugePages_Surp:      0

Import tank ZPool
Node 0 MemTotal:       24743736 kB
Node 0 MemFree:        24373976 kB
Node 0 MemUsed:          369760 kB
Node 0 Active:            32040 kB
Node 0 Inactive:          54336 kB
Node 0 Active(anon):       8084 kB
Node 0 Inactive(anon):      300 kB
Node 0 Active(file):      23956 kB
Node 0 Inactive(file):    54036 kB
Node 0 Unevictable:       13352 kB
Node 0 Mlocked:           13352 kB
Node 0 Dirty:               156 kB
Node 0 Writeback:             0 kB
Node 0 FilePages:         81440 kB
Node 0 Mapped:             9268 kB
Node 0 AnonPages:         18064 kB
Node 0 Shmem:               404 kB
Node 0 KernelStack:        2152 kB
Node 0 PageTables:          344 kB
Node 0 NFS_Unstable:          0 kB
Node 0 Bounce:                0 kB
Node 0 WritebackTmp:          0 kB
Node 0 KReclaimable:      18500 kB
Node 0 Slab:              54616 kB
Node 0 SReclaimable:      18500 kB
Node 0 SUnreclaim:        36116 kB
Node 0 AnonHugePages:         0 kB
Node 0 ShmemHugePages:        0 kB
Node 0 ShmemPmdMapped:        0 kB
Node 0 FileHugePages:        0 kB
Node 0 FilePmdMapped:        0 kB
Node 0 HugePages_Total:     0
Node 0 HugePages_Free:      0
Node 0 HugePages_Surp:      0

Node 1 MemTotal:       24686196 kB
Node 1 MemFree:        24406656 kB
Node 1 MemUsed:          279540 kB
Node 1 Active:            70940 kB
Node 1 Inactive:          39676 kB
Node 1 Active(anon):      25724 kB
Node 1 Inactive(anon):      588 kB
Node 1 Active(file):      45216 kB
Node 1 Inactive(file):    39088 kB
Node 1 Unevictable:        5168 kB
Node 1 Mlocked:            5168 kB
Node 1 Dirty:               200 kB
Node 1 Writeback:             0 kB
Node 1 FilePages:         90352 kB
Node 1 Mapped:            39816 kB
Node 1 AnonPages:         25448 kB
Node 1 Shmem:               864 kB
Node 1 KernelStack:        2552 kB
Node 1 PageTables:          764 kB
Node 1 NFS_Unstable:          0 kB
Node 1 Bounce:                0 kB
Node 1 WritebackTmp:          0 kB
Node 1 KReclaimable:      24572 kB
Node 1 Slab:              65140 kB
Node 1 SReclaimable:      24572 kB
Node 1 SUnreclaim:        40568 kB
Node 1 AnonHugePages:         0 kB
Node 1 ShmemHugePages:        0 kB
Node 1 ShmemPmdMapped:        0 kB
Node 1 FileHugePages:        0 kB
Node 1 FilePmdMapped:        0 kB
Node 1 HugePages_Total:     0
Node 1 HugePages_Free:      0
Node 1 HugePages_Surp:      0

After Test
Node 0 MemTotal:       24743736 kB
Node 0 MemFree:        23798400 kB
Node 0 MemUsed:          945336 kB
Node 0 Active:            32624 kB
Node 0 Inactive:         116552 kB
Node 0 Active(anon):       7944 kB
Node 0 Inactive(anon):      300 kB
Node 0 Active(file):      24680 kB
Node 0 Inactive(file):   116252 kB
Node 0 Unevictable:       13352 kB
Node 0 Mlocked:           13352 kB
Node 0 Dirty:                60 kB
Node 0 Writeback:             0 kB
Node 0 FilePages:        144408 kB
Node 0 Mapped:             9052 kB
Node 0 AnonPages:         18360 kB
Node 0 Shmem:               404 kB
Node 0 KernelStack:        2168 kB
Node 0 PageTables:          352 kB
Node 0 NFS_Unstable:          0 kB
Node 0 Bounce:                0 kB
Node 0 WritebackTmp:          0 kB
Node 0 KReclaimable:      18692 kB
Node 0 Slab:              57764 kB
Node 0 SReclaimable:      18692 kB
Node 0 SUnreclaim:        39072 kB
Node 0 AnonHugePages:         0 kB
Node 0 ShmemHugePages:        0 kB
Node 0 ShmemPmdMapped:        0 kB
Node 0 FileHugePages:        0 kB
Node 0 FilePmdMapped:        0 kB
Node 0 HugePages_Total:     0
Node 0 HugePages_Free:      0
Node 0 HugePages_Surp:      0

Node 1 MemTotal:       24686196 kB
Node 1 MemFree:        23870880 kB
Node 1 MemUsed:          815316 kB
Node 1 Active:            70748 kB
Node 1 Inactive:          39580 kB
Node 1 Active(anon):      25436 kB
Node 1 Inactive(anon):      588 kB
Node 1 Active(file):      45312 kB
Node 1 Inactive(file):    38992 kB
Node 1 Unevictable:        5168 kB
Node 1 Mlocked:            5168 kB
Node 1 Dirty:               220 kB
Node 1 Writeback:             0 kB
Node 1 FilePages:         90360 kB
Node 1 Mapped:            39748 kB
Node 1 AnonPages:         25160 kB
Node 1 Shmem:               864 kB
Node 1 KernelStack:        2536 kB
Node 1 PageTables:          764 kB
Node 1 NFS_Unstable:          0 kB
Node 1 Bounce:                0 kB
Node 1 WritebackTmp:          0 kB
Node 1 KReclaimable:      24588 kB
Node 1 Slab:              67540 kB
Node 1 SReclaimable:      24588 kB
Node 1 SUnreclaim:        42952 kB
Node 1 AnonHugePages:         0 kB
Node 1 ShmemHugePages:        0 kB
Node 1 ShmemPmdMapped:        0 kB
Node 1 FileHugePages:        0 kB
Node 1 FilePmdMapped:        0 kB
Node 1 HugePages_Total:     0
Node 1 HugePages_Free:      0
Node 1 HugePages_Surp:      0

After Opposite Node
Node 0 MemTotal:       24743736 kB
Node 0 MemFree:        23798416 kB
Node 0 MemUsed:          945320 kB
Node 0 Active:            32348 kB
Node 0 Inactive:         116544 kB
Node 0 Active(anon):       7600 kB
Node 0 Inactive(anon):      300 kB
Node 0 Active(file):      24748 kB
Node 0 Inactive(file):   116244 kB
Node 0 Unevictable:       13352 kB
Node 0 Mlocked:           13352 kB
Node 0 Dirty:                72 kB
Node 0 Writeback:             0 kB
Node 0 FilePages:        144420 kB
Node 0 Mapped:             9052 kB
Node 0 AnonPages:         17872 kB
Node 0 Shmem:               404 kB
Node 0 KernelStack:        2152 kB
Node 0 PageTables:          288 kB
Node 0 NFS_Unstable:          0 kB
Node 0 Bounce:                0 kB
Node 0 WritebackTmp:          0 kB
Node 0 KReclaimable:      18692 kB
Node 0 Slab:              57764 kB
Node 0 SReclaimable:      18692 kB
Node 0 SUnreclaim:        39072 kB
Node 0 AnonHugePages:         0 kB
Node 0 ShmemHugePages:        0 kB
Node 0 ShmemPmdMapped:        0 kB
Node 0 FileHugePages:        0 kB
Node 0 FilePmdMapped:        0 kB
Node 0 HugePages_Total:     0
Node 0 HugePages_Free:      0
Node 0 HugePages_Surp:      0

Node 1 MemTotal:       24686196 kB
Node 1 MemFree:        23870184 kB
Node 1 MemUsed:          816012 kB
Node 1 Active:            71276 kB
Node 1 Inactive:          39352 kB
Node 1 Active(anon):      25704 kB
Node 1 Inactive(anon):      588 kB
Node 1 Active(file):      45572 kB
Node 1 Inactive(file):    38764 kB
Node 1 Unevictable:        5168 kB
Node 1 Mlocked:            5168 kB
Node 1 Dirty:               224 kB
Node 1 Writeback:             0 kB
Node 1 FilePages:         90368 kB
Node 1 Mapped:            39720 kB
Node 1 AnonPages:         25620 kB
Node 1 Shmem:               864 kB
Node 1 KernelStack:        2552 kB
Node 1 PageTables:          820 kB
Node 1 NFS_Unstable:          0 kB
Node 1 Bounce:                0 kB
Node 1 WritebackTmp:          0 kB
Node 1 KReclaimable:      24656 kB
Node 1 Slab:              67724 kB
Node 1 SReclaimable:      24656 kB
Node 1 SUnreclaim:        43068 kB
Node 1 AnonHugePages:         0 kB
Node 1 ShmemHugePages:        0 kB
Node 1 ShmemPmdMapped:        0 kB
Node 1 FileHugePages:        0 kB
Node 1 FilePmdMapped:        0 kB
Node 1 HugePages_Total:     0
Node 1 HugePages_Free:      0
Node 1 HugePages_Surp:      0

U.0.64M-simpleread.500M.1.O.1M Complete!
