kernel.numa_balancing = 0
U.0.32M-simpleread.16G.2.O.1M
Begin
Node 0 MemTotal:       24768352 kB
Node 0 MemFree:        24546020 kB
Node 0 MemUsed:          222332 kB
Node 0 Active:            49276 kB
Node 0 Inactive:          19228 kB
Node 0 Active(anon):      15604 kB
Node 0 Inactive(anon):      400 kB
Node 0 Active(file):      33672 kB
Node 0 Inactive(file):    18828 kB
Node 0 Unevictable:       12776 kB
Node 0 Mlocked:           12776 kB
Node 0 Dirty:                 0 kB
Node 0 Writeback:             0 kB
Node 0 FilePages:         55552 kB
Node 0 Mapped:            18616 kB
Node 0 AnonPages:         25728 kB
Node 0 Shmem:               604 kB
Node 0 KernelStack:        1928 kB
Node 0 PageTables:          616 kB
Node 0 NFS_Unstable:          0 kB
Node 0 Bounce:                0 kB
Node 0 WritebackTmp:          0 kB
Node 0 KReclaimable:      23428 kB
Node 0 Slab:              55880 kB
Node 0 SReclaimable:      23428 kB
Node 0 SUnreclaim:        32452 kB
Node 0 AnonHugePages:         0 kB
Node 0 ShmemHugePages:        0 kB
Node 0 ShmemPmdMapped:        0 kB
Node 0 FileHugePages:        0 kB
Node 0 FilePmdMapped:        0 kB
Node 0 HugePages_Total:     0
Node 0 HugePages_Free:      0
Node 0 HugePages_Surp:      0

Node 1 MemTotal:       24661580 kB
Node 1 MemFree:        24242084 kB
Node 1 MemUsed:          419496 kB
Node 1 Active:            47368 kB
Node 1 Inactive:         100292 kB
Node 1 Active(anon):      18288 kB
Node 1 Inactive(anon):      468 kB
Node 1 Active(file):      29080 kB
Node 1 Inactive(file):    99824 kB
Node 1 Unevictable:        5748 kB
Node 1 Mlocked:            5748 kB
Node 1 Dirty:                24 kB
Node 1 Writeback:             0 kB
Node 1 FilePages:        135768 kB
Node 1 Mapped:            45660 kB
Node 1 AnonPages:         18092 kB
Node 1 Shmem:               664 kB
Node 1 KernelStack:        1656 kB
Node 1 PageTables:          444 kB
Node 1 NFS_Unstable:          0 kB
Node 1 Bounce:                0 kB
Node 1 WritebackTmp:          0 kB
Node 1 KReclaimable:      17500 kB
Node 1 Slab:              50060 kB
Node 1 SReclaimable:      17500 kB
Node 1 SUnreclaim:        32560 kB
Node 1 AnonHugePages:         0 kB
Node 1 ShmemHugePages:        0 kB
Node 1 ShmemPmdMapped:        0 kB
Node 1 FileHugePages:        0 kB
Node 1 FilePmdMapped:        0 kB
Node 1 HugePages_Total:     0
Node 1 HugePages_Free:      0
Node 1 HugePages_Surp:      0

Load ZFS
Node 0 MemTotal:       24768352 kB
Node 0 MemFree:        24540148 kB
Node 0 MemUsed:          228204 kB
Node 0 Active:            52340 kB
Node 0 Inactive:          19712 kB
Node 0 Active(anon):      17968 kB
Node 0 Inactive(anon):      400 kB
Node 0 Active(file):      34372 kB
Node 0 Inactive(file):    19312 kB
Node 0 Unevictable:       12776 kB
Node 0 Mlocked:           12776 kB
Node 0 Dirty:                 4 kB
Node 0 Writeback:             0 kB
Node 0 FilePages:         56736 kB
Node 0 Mapped:            18704 kB
Node 0 AnonPages:         28208 kB
Node 0 Shmem:               604 kB
Node 0 KernelStack:        2024 kB
Node 0 PageTables:          872 kB
Node 0 NFS_Unstable:          0 kB
Node 0 Bounce:                0 kB
Node 0 WritebackTmp:          0 kB
Node 0 KReclaimable:      23880 kB
Node 0 Slab:              57844 kB
Node 0 SReclaimable:      23880 kB
Node 0 SUnreclaim:        33964 kB
Node 0 AnonHugePages:         0 kB
Node 0 ShmemHugePages:        0 kB
Node 0 ShmemPmdMapped:        0 kB
Node 0 FileHugePages:        0 kB
Node 0 FilePmdMapped:        0 kB
Node 0 HugePages_Total:     0
Node 0 HugePages_Free:      0
Node 0 HugePages_Surp:      0

Node 1 MemTotal:       24661580 kB
Node 1 MemFree:        24238808 kB
Node 1 MemUsed:          422772 kB
Node 1 Active:            54144 kB
Node 1 Inactive:          95736 kB
Node 1 Active(anon):      18820 kB
Node 1 Inactive(anon):      468 kB
Node 1 Active(file):      35324 kB
Node 1 Inactive(file):    95268 kB
Node 1 Unevictable:        5748 kB
Node 1 Mlocked:            5748 kB
Node 1 Dirty:                92 kB
Node 1 Writeback:             0 kB
Node 1 FilePages:        137000 kB
Node 1 Mapped:            45660 kB
Node 1 AnonPages:         18260 kB
Node 1 Shmem:               664 kB
Node 1 KernelStack:        1688 kB
Node 1 PageTables:          516 kB
Node 1 NFS_Unstable:          0 kB
Node 1 Bounce:                0 kB
Node 1 WritebackTmp:          0 kB
Node 1 KReclaimable:      18120 kB
Node 1 Slab:              52144 kB
Node 1 SReclaimable:      18120 kB
Node 1 SUnreclaim:        34024 kB
Node 1 AnonHugePages:         0 kB
Node 1 ShmemHugePages:        0 kB
Node 1 ShmemPmdMapped:        0 kB
Node 1 FileHugePages:        0 kB
Node 1 FilePmdMapped:        0 kB
Node 1 HugePages_Total:     0
Node 1 HugePages_Free:      0
Node 1 HugePages_Surp:      0

Import tank ZPool
Node 0 MemTotal:       24768352 kB
Node 0 MemFree:        24541180 kB
Node 0 MemUsed:          227172 kB
Node 0 Active:            49520 kB
Node 0 Inactive:          19712 kB
Node 0 Active(anon):      15148 kB
Node 0 Inactive(anon):      400 kB
Node 0 Active(file):      34372 kB
Node 0 Inactive(file):    19312 kB
Node 0 Unevictable:       12776 kB
Node 0 Mlocked:           12776 kB
Node 0 Dirty:                 8 kB
Node 0 Writeback:             0 kB
Node 0 FilePages:         56736 kB
Node 0 Mapped:            18596 kB
Node 0 AnonPages:         25156 kB
Node 0 Shmem:               604 kB
Node 0 KernelStack:        1976 kB
Node 0 PageTables:          712 kB
Node 0 NFS_Unstable:          0 kB
Node 0 Bounce:                0 kB
Node 0 WritebackTmp:          0 kB
Node 0 KReclaimable:      23880 kB
Node 0 Slab:              57844 kB
Node 0 SReclaimable:      23880 kB
Node 0 SUnreclaim:        33964 kB
Node 0 AnonHugePages:         0 kB
Node 0 ShmemHugePages:        0 kB
Node 0 ShmemPmdMapped:        0 kB
Node 0 FileHugePages:        0 kB
Node 0 FilePmdMapped:        0 kB
Node 0 HugePages_Total:     0
Node 0 HugePages_Free:      0
Node 0 HugePages_Surp:      0

Node 1 MemTotal:       24661580 kB
Node 1 MemFree:        24221404 kB
Node 1 MemUsed:          440176 kB
Node 1 Active:            54272 kB
Node 1 Inactive:          96816 kB
Node 1 Active(anon):      18424 kB
Node 1 Inactive(anon):      472 kB
Node 1 Active(file):      35848 kB
Node 1 Inactive(file):    96344 kB
Node 1 Unevictable:        5748 kB
Node 1 Mlocked:            5748 kB
Node 1 Dirty:               148 kB
Node 1 Writeback:             0 kB
Node 1 FilePages:        138648 kB
Node 1 Mapped:            45832 kB
Node 1 AnonPages:         17908 kB
Node 1 Shmem:               664 kB
Node 1 KernelStack:        2776 kB
Node 1 PageTables:          584 kB
Node 1 NFS_Unstable:          0 kB
Node 1 Bounce:                0 kB
Node 1 WritebackTmp:          0 kB
Node 1 KReclaimable:      18228 kB
Node 1 Slab:              58552 kB
Node 1 SReclaimable:      18228 kB
Node 1 SUnreclaim:        40324 kB
Node 1 AnonHugePages:         0 kB
Node 1 ShmemHugePages:        0 kB
Node 1 ShmemPmdMapped:        0 kB
Node 1 FileHugePages:        0 kB
Node 1 FilePmdMapped:        0 kB
Node 1 HugePages_Total:     0
Node 1 HugePages_Free:      0
Node 1 HugePages_Surp:      0

After Test
Node 0 MemTotal:       24768352 kB
Node 0 MemFree:         7676368 kB
Node 0 MemUsed:        17091984 kB
Node 0 Active:            49824 kB
Node 0 Inactive:          50904 kB
Node 0 Active(anon):      14956 kB
Node 0 Inactive(anon):      396 kB
Node 0 Active(file):      34868 kB
Node 0 Inactive(file):    50508 kB
Node 0 Unevictable:       12776 kB
Node 0 Mlocked:           12776 kB
Node 0 Dirty:                16 kB
Node 0 Writeback:             0 kB
Node 0 FilePages:         88424 kB
Node 0 Mapped:            18612 kB
Node 0 AnonPages:         24972 kB
Node 0 Shmem:               600 kB
Node 0 KernelStack:        1816 kB
Node 0 PageTables:          704 kB
Node 0 NFS_Unstable:          0 kB
Node 0 Bounce:                0 kB
Node 0 WritebackTmp:          0 kB
Node 0 KReclaimable:      24120 kB
Node 0 Slab:             114436 kB
Node 0 SReclaimable:      24120 kB
Node 0 SUnreclaim:        90316 kB
Node 0 AnonHugePages:         0 kB
Node 0 ShmemHugePages:        0 kB
Node 0 ShmemPmdMapped:        0 kB
Node 0 FileHugePages:        0 kB
Node 0 FilePmdMapped:        0 kB
Node 0 HugePages_Total:     0
Node 0 HugePages_Free:      0
Node 0 HugePages_Surp:      0

Node 1 MemTotal:       24661580 kB
Node 1 MemFree:        23406280 kB
Node 1 MemUsed:         1255300 kB
Node 1 Active:            54672 kB
Node 1 Inactive:          96604 kB
Node 1 Active(anon):      18196 kB
Node 1 Inactive(anon):      476 kB
Node 1 Active(file):      36476 kB
Node 1 Inactive(file):    96128 kB
Node 1 Unevictable:        5748 kB
Node 1 Mlocked:            5748 kB
Node 1 Dirty:                32 kB
Node 1 Writeback:             0 kB
Node 1 FilePages:        139064 kB
Node 1 Mapped:            45660 kB
Node 1 AnonPages:         18016 kB
Node 1 Shmem:               668 kB
Node 1 KernelStack:        2600 kB
Node 1 PageTables:          492 kB
Node 1 NFS_Unstable:          0 kB
Node 1 Bounce:                0 kB
Node 1 WritebackTmp:          0 kB
Node 1 KReclaimable:      18332 kB
Node 1 Slab:              62468 kB
Node 1 SReclaimable:      18332 kB
Node 1 SUnreclaim:        44136 kB
Node 1 AnonHugePages:         0 kB
Node 1 ShmemHugePages:        0 kB
Node 1 ShmemPmdMapped:        0 kB
Node 1 FileHugePages:        0 kB
Node 1 FilePmdMapped:        0 kB
Node 1 HugePages_Total:     0
Node 1 HugePages_Free:      0
Node 1 HugePages_Surp:      0

After Opposite Node
Node 0 MemTotal:       24768352 kB
Node 0 MemFree:         7677468 kB
Node 0 MemUsed:        17090884 kB
Node 0 Active:            49676 kB
Node 0 Inactive:          50632 kB
Node 0 Active(anon):      14532 kB
Node 0 Inactive(anon):      396 kB
Node 0 Active(file):      35144 kB
Node 0 Inactive(file):    50236 kB
Node 0 Unevictable:       12776 kB
Node 0 Mlocked:           12776 kB
Node 0 Dirty:                 8 kB
Node 0 Writeback:             0 kB
Node 0 FilePages:         88428 kB
Node 0 Mapped:            18596 kB
Node 0 AnonPages:         24660 kB
Node 0 Shmem:               600 kB
Node 0 KernelStack:        1784 kB
Node 0 PageTables:          592 kB
Node 0 NFS_Unstable:          0 kB
Node 0 Bounce:                0 kB
Node 0 WritebackTmp:          0 kB
Node 0 KReclaimable:      24120 kB
Node 0 Slab:             113380 kB
Node 0 SReclaimable:      24120 kB
Node 0 SUnreclaim:        89260 kB
Node 0 AnonHugePages:         0 kB
Node 0 ShmemHugePages:        0 kB
Node 0 ShmemPmdMapped:        0 kB
Node 0 FileHugePages:        0 kB
Node 0 FilePmdMapped:        0 kB
Node 0 HugePages_Total:     0
Node 0 HugePages_Free:      0
Node 0 HugePages_Surp:      0

Node 1 MemTotal:       24661580 kB
Node 1 MemFree:        23403604 kB
Node 1 MemUsed:         1257976 kB
Node 1 Active:            55152 kB
Node 1 Inactive:          96592 kB
Node 1 Active(anon):      18600 kB
Node 1 Inactive(anon):      476 kB
Node 1 Active(file):      36552 kB
Node 1 Inactive(file):    96116 kB
Node 1 Unevictable:        5748 kB
Node 1 Mlocked:            5748 kB
Node 1 Dirty:                16 kB
Node 1 Writeback:             0 kB
Node 1 FilePages:        139092 kB
Node 1 Mapped:            45660 kB
Node 1 AnonPages:         18332 kB
Node 1 Shmem:               668 kB
Node 1 KernelStack:        2632 kB
Node 1 PageTables:          608 kB
Node 1 NFS_Unstable:          0 kB
Node 1 Bounce:                0 kB
Node 1 WritebackTmp:          0 kB
Node 1 KReclaimable:      18364 kB
Node 1 Slab:              64200 kB
Node 1 SReclaimable:      18364 kB
Node 1 SUnreclaim:        45836 kB
Node 1 AnonHugePages:         0 kB
Node 1 ShmemHugePages:        0 kB
Node 1 ShmemPmdMapped:        0 kB
Node 1 FileHugePages:        0 kB
Node 1 FilePmdMapped:        0 kB
Node 1 HugePages_Total:     0
Node 1 HugePages_Free:      0
Node 1 HugePages_Surp:      0

U.0.32M-simpleread.16G.2.O.1M Complete!
