kernel.numa_balancing = 0
U.0.32M-simpleread.16G.1.O.1M
Begin
Node 0 MemTotal:       24743736 kB
Node 0 MemFree:        24390532 kB
Node 0 MemUsed:          353204 kB
Node 0 Active:            45160 kB
Node 0 Inactive:          26680 kB
Node 0 Active(anon):      21560 kB
Node 0 Inactive(anon):      500 kB
Node 0 Active(file):      23600 kB
Node 0 Inactive(file):    26180 kB
Node 0 Unevictable:        4968 kB
Node 0 Mlocked:            4968 kB
Node 0 Dirty:               316 kB
Node 0 Writeback:             0 kB
Node 0 FilePages:         55544 kB
Node 0 Mapped:            19312 kB
Node 0 AnonPages:         21376 kB
Node 0 Shmem:               756 kB
Node 0 KernelStack:        2200 kB
Node 0 PageTables:          732 kB
Node 0 NFS_Unstable:          0 kB
Node 0 Bounce:                0 kB
Node 0 WritebackTmp:          0 kB
Node 0 KReclaimable:      20488 kB
Node 0 Slab:              58800 kB
Node 0 SReclaimable:      20488 kB
Node 0 SUnreclaim:        38312 kB
Node 0 AnonHugePages:         0 kB
Node 0 ShmemHugePages:        0 kB
Node 0 ShmemPmdMapped:        0 kB
Node 0 FileHugePages:        0 kB
Node 0 FilePmdMapped:        0 kB
Node 0 HugePages_Total:     0
Node 0 HugePages_Free:      0
Node 0 HugePages_Surp:      0

Node 1 MemTotal:       24686196 kB
Node 1 MemFree:        24400564 kB
Node 1 MemUsed:          285632 kB
Node 1 Active:            51796 kB
Node 1 Inactive:          87344 kB
Node 1 Active(anon):      12100 kB
Node 1 Inactive(anon):      364 kB
Node 1 Active(file):      39696 kB
Node 1 Inactive(file):    86980 kB
Node 1 Unevictable:       13556 kB
Node 1 Mlocked:           13556 kB
Node 1 Dirty:               192 kB
Node 1 Writeback:             0 kB
Node 1 FilePages:        130416 kB
Node 1 Mapped:            43628 kB
Node 1 AnonPages:         22280 kB
Node 1 Shmem:               512 kB
Node 1 KernelStack:        1464 kB
Node 1 PageTables:          444 kB
Node 1 NFS_Unstable:          0 kB
Node 1 Bounce:                0 kB
Node 1 WritebackTmp:          0 kB
Node 1 KReclaimable:      21836 kB
Node 1 Slab:              48088 kB
Node 1 SReclaimable:      21836 kB
Node 1 SUnreclaim:        26252 kB
Node 1 AnonHugePages:         0 kB
Node 1 ShmemHugePages:        0 kB
Node 1 ShmemPmdMapped:        0 kB
Node 1 FileHugePages:        0 kB
Node 1 FilePmdMapped:        0 kB
Node 1 HugePages_Total:     0
Node 1 HugePages_Free:      0
Node 1 HugePages_Surp:      0

Load ZFS
Node 0 MemTotal:       24743736 kB
Node 0 MemFree:        24450800 kB
Node 0 MemUsed:          292936 kB
Node 0 Active:            52388 kB
Node 0 Inactive:          22300 kB
Node 0 Active(anon):      22948 kB
Node 0 Inactive(anon):      500 kB
Node 0 Active(file):      29440 kB
Node 0 Inactive(file):    21800 kB
Node 0 Unevictable:        4968 kB
Node 0 Mlocked:            4968 kB
Node 0 Dirty:               316 kB
Node 0 Writeback:             0 kB
Node 0 FilePages:         56960 kB
Node 0 Mapped:            19312 kB
Node 0 AnonPages:         22932 kB
Node 0 Shmem:               756 kB
Node 0 KernelStack:        2248 kB
Node 0 PageTables:          876 kB
Node 0 NFS_Unstable:          0 kB
Node 0 Bounce:                0 kB
Node 0 WritebackTmp:          0 kB
Node 0 KReclaimable:      20848 kB
Node 0 Slab:              60332 kB
Node 0 SReclaimable:      20848 kB
Node 0 SUnreclaim:        39484 kB
Node 0 AnonHugePages:         0 kB
Node 0 ShmemHugePages:        0 kB
Node 0 ShmemPmdMapped:        0 kB
Node 0 FileHugePages:        0 kB
Node 0 FilePmdMapped:        0 kB
Node 0 HugePages_Total:     0
Node 0 HugePages_Free:      0
Node 0 HugePages_Surp:      0

Node 1 MemTotal:       24686196 kB
Node 1 MemFree:        24332532 kB
Node 1 MemUsed:          353664 kB
Node 1 Active:            52780 kB
Node 1 Inactive:          87768 kB
Node 1 Active(anon):      12404 kB
Node 1 Inactive(anon):      364 kB
Node 1 Active(file):      40376 kB
Node 1 Inactive(file):    87404 kB
Node 1 Unevictable:       13556 kB
Node 1 Mlocked:           13556 kB
Node 1 Dirty:               232 kB
Node 1 Writeback:             0 kB
Node 1 FilePages:        131520 kB
Node 1 Mapped:            43788 kB
Node 1 AnonPages:         22608 kB
Node 1 Shmem:               512 kB
Node 1 KernelStack:        1480 kB
Node 1 PageTables:          444 kB
Node 1 NFS_Unstable:          0 kB
Node 1 Bounce:                0 kB
Node 1 WritebackTmp:          0 kB
Node 1 KReclaimable:      22368 kB
Node 1 Slab:              50168 kB
Node 1 SReclaimable:      22368 kB
Node 1 SUnreclaim:        27800 kB
Node 1 AnonHugePages:         0 kB
Node 1 ShmemHugePages:        0 kB
Node 1 ShmemPmdMapped:        0 kB
Node 1 FileHugePages:        0 kB
Node 1 FilePmdMapped:        0 kB
Node 1 HugePages_Total:     0
Node 1 HugePages_Free:      0
Node 1 HugePages_Surp:      0

Import tank ZPool
Node 0 MemTotal:       24743736 kB
Node 0 MemFree:        24431292 kB
Node 0 MemUsed:          312444 kB
Node 0 Active:            51696 kB
Node 0 Inactive:          23136 kB
Node 0 Active(anon):      21352 kB
Node 0 Inactive(anon):      504 kB
Node 0 Active(file):      30344 kB
Node 0 Inactive(file):    22632 kB
Node 0 Unevictable:        4968 kB
Node 0 Mlocked:            4968 kB
Node 0 Dirty:               120 kB
Node 0 Writeback:             0 kB
Node 0 FilePages:         58716 kB
Node 0 Mapped:            19532 kB
Node 0 AnonPages:         20760 kB
Node 0 Shmem:               756 kB
Node 0 KernelStack:        3368 kB
Node 0 PageTables:          884 kB
Node 0 NFS_Unstable:          0 kB
Node 0 Bounce:                0 kB
Node 0 WritebackTmp:          0 kB
Node 0 KReclaimable:      20968 kB
Node 0 Slab:              66964 kB
Node 0 SReclaimable:      20968 kB
Node 0 SUnreclaim:        45996 kB
Node 0 AnonHugePages:         0 kB
Node 0 ShmemHugePages:        0 kB
Node 0 ShmemPmdMapped:        0 kB
Node 0 FileHugePages:        0 kB
Node 0 FilePmdMapped:        0 kB
Node 0 HugePages_Total:     0
Node 0 HugePages_Free:      0
Node 0 HugePages_Surp:      0

Node 1 MemTotal:       24686196 kB
Node 1 MemFree:        24333556 kB
Node 1 MemUsed:          352640 kB
Node 1 Active:            52488 kB
Node 1 Inactive:          87768 kB
Node 1 Active(anon):      12112 kB
Node 1 Inactive(anon):      364 kB
Node 1 Active(file):      40376 kB
Node 1 Inactive(file):    87404 kB
Node 1 Unevictable:       13556 kB
Node 1 Mlocked:           13556 kB
Node 1 Dirty:               252 kB
Node 1 Writeback:             0 kB
Node 1 FilePages:        131520 kB
Node 1 Mapped:            43672 kB
Node 1 AnonPages:         22192 kB
Node 1 Shmem:               512 kB
Node 1 KernelStack:        1448 kB
Node 1 PageTables:          444 kB
Node 1 NFS_Unstable:          0 kB
Node 1 Bounce:                0 kB
Node 1 WritebackTmp:          0 kB
Node 1 KReclaimable:      22384 kB
Node 1 Slab:              50164 kB
Node 1 SReclaimable:      22384 kB
Node 1 SUnreclaim:        27780 kB
Node 1 AnonHugePages:         0 kB
Node 1 ShmemHugePages:        0 kB
Node 1 ShmemPmdMapped:        0 kB
Node 1 FileHugePages:        0 kB
Node 1 FilePmdMapped:        0 kB
Node 1 HugePages_Total:     0
Node 1 HugePages_Free:      0
Node 1 HugePages_Surp:      0

After Test
Node 0 MemTotal:       24743736 kB
Node 0 MemFree:         6749084 kB
Node 0 MemUsed:        17994652 kB
Node 0 Active:            51824 kB
Node 0 Inactive:          54432 kB
Node 0 Active(anon):      21004 kB
Node 0 Inactive(anon):      500 kB
Node 0 Active(file):      30820 kB
Node 0 Inactive(file):    53932 kB
Node 0 Unevictable:        4968 kB
Node 0 Mlocked:            4968 kB
Node 0 Dirty:                28 kB
Node 0 Writeback:             0 kB
Node 0 FilePages:         90468 kB
Node 0 Mapped:            19608 kB
Node 0 AnonPages:         20676 kB
Node 0 Shmem:               752 kB
Node 0 KernelStack:        3144 kB
Node 0 PageTables:          764 kB
Node 0 NFS_Unstable:          0 kB
Node 0 Bounce:                0 kB
Node 0 WritebackTmp:          0 kB
Node 0 KReclaimable:      21084 kB
Node 0 Slab:             125012 kB
Node 0 SReclaimable:      21084 kB
Node 0 SUnreclaim:       103928 kB
Node 0 AnonHugePages:         0 kB
Node 0 ShmemHugePages:        0 kB
Node 0 ShmemPmdMapped:        0 kB
Node 0 FileHugePages:        0 kB
Node 0 FilePmdMapped:        0 kB
Node 0 HugePages_Total:     0
Node 0 HugePages_Free:      0
Node 0 HugePages_Surp:      0

Node 1 MemTotal:       24686196 kB
Node 1 MemFree:        24335868 kB
Node 1 MemUsed:          350328 kB
Node 1 Active:            52664 kB
Node 1 Inactive:          87768 kB
Node 1 Active(anon):      12108 kB
Node 1 Inactive(anon):      368 kB
Node 1 Active(file):      40556 kB
Node 1 Inactive(file):    87400 kB
Node 1 Unevictable:       13556 kB
Node 1 Mlocked:           13556 kB
Node 1 Dirty:                 0 kB
Node 1 Writeback:             0 kB
Node 1 FilePages:        131772 kB
Node 1 Mapped:            43648 kB
Node 1 AnonPages:         22288 kB
Node 1 Shmem:               516 kB
Node 1 KernelStack:        1288 kB
Node 1 PageTables:          444 kB
Node 1 NFS_Unstable:          0 kB
Node 1 Bounce:                0 kB
Node 1 WritebackTmp:          0 kB
Node 1 KReclaimable:      22452 kB
Node 1 Slab:              52136 kB
Node 1 SReclaimable:      22452 kB
Node 1 SUnreclaim:        29684 kB
Node 1 AnonHugePages:         0 kB
Node 1 ShmemHugePages:        0 kB
Node 1 ShmemPmdMapped:        0 kB
Node 1 FileHugePages:        0 kB
Node 1 FilePmdMapped:        0 kB
Node 1 HugePages_Total:     0
Node 1 HugePages_Free:      0
Node 1 HugePages_Surp:      0

After Opposite Node
Node 0 MemTotal:       24743736 kB
Node 0 MemFree:         6751848 kB
Node 0 MemUsed:        17991888 kB
Node 0 Active:            51668 kB
Node 0 Inactive:          54176 kB
Node 0 Active(anon):      20580 kB
Node 0 Inactive(anon):      500 kB
Node 0 Active(file):      31088 kB
Node 0 Inactive(file):    53676 kB
Node 0 Unevictable:        4968 kB
Node 0 Mlocked:            4968 kB
Node 0 Dirty:                64 kB
Node 0 Writeback:             0 kB
Node 0 FilePages:         90480 kB
Node 0 Mapped:            19384 kB
Node 0 AnonPages:         20376 kB
Node 0 Shmem:               752 kB
Node 0 KernelStack:        3128 kB
Node 0 PageTables:          656 kB
Node 0 NFS_Unstable:          0 kB
Node 0 Bounce:                0 kB
Node 0 WritebackTmp:          0 kB
Node 0 KReclaimable:      21088 kB
Node 0 Slab:             123600 kB
Node 0 SReclaimable:      21088 kB
Node 0 SUnreclaim:       102512 kB
Node 0 AnonHugePages:         0 kB
Node 0 ShmemHugePages:        0 kB
Node 0 ShmemPmdMapped:        0 kB
Node 0 FileHugePages:        0 kB
Node 0 FilePmdMapped:        0 kB
Node 0 HugePages_Total:     0
Node 0 HugePages_Free:      0
Node 0 HugePages_Surp:      0

Node 1 MemTotal:       24686196 kB
Node 1 MemFree:        24332648 kB
Node 1 MemUsed:          353548 kB
Node 1 Active:            53188 kB
Node 1 Inactive:          87736 kB
Node 1 Active(anon):      12544 kB
Node 1 Inactive(anon):      368 kB
Node 1 Active(file):      40644 kB
Node 1 Inactive(file):    87368 kB
Node 1 Unevictable:       13556 kB
Node 1 Mlocked:           13556 kB
Node 1 Dirty:                16 kB
Node 1 Writeback:             0 kB
Node 1 FilePages:        131804 kB
Node 1 Mapped:            43632 kB
Node 1 AnonPages:         22604 kB
Node 1 Shmem:               516 kB
Node 1 KernelStack:        1304 kB
Node 1 PageTables:          552 kB
Node 1 NFS_Unstable:          0 kB
Node 1 Bounce:                0 kB
Node 1 WritebackTmp:          0 kB
Node 1 KReclaimable:      22492 kB
Node 1 Slab:              54476 kB
Node 1 SReclaimable:      22492 kB
Node 1 SUnreclaim:        31984 kB
Node 1 AnonHugePages:         0 kB
Node 1 ShmemHugePages:        0 kB
Node 1 ShmemPmdMapped:        0 kB
Node 1 FileHugePages:        0 kB
Node 1 FilePmdMapped:        0 kB
Node 1 HugePages_Total:     0
Node 1 HugePages_Free:      0
Node 1 HugePages_Surp:      0

U.0.32M-simpleread.16G.1.O.1M Complete!
