kernel.numa_balancing = 0
70 Tests Remaining!
U.0.512M-simpleread.2G.1.O.1M
Begin
Node 0 MemTotal:       24743736 kB
Node 0 MemFree:        24497820 kB
Node 0 MemUsed:          245916 kB
Node 0 Active:            29956 kB
Node 0 Inactive:          15372 kB
Node 0 Active(anon):      18608 kB
Node 0 Inactive(anon):      288 kB
Node 0 Active(file):      11348 kB
Node 0 Inactive(file):    15084 kB
Node 0 Unevictable:       12816 kB
Node 0 Mlocked:           12816 kB
Node 0 Dirty:                 8 kB
Node 0 Writeback:             0 kB
Node 0 FilePages:         29304 kB
Node 0 Mapped:             7088 kB
Node 0 AnonPages:         28840 kB
Node 0 Shmem:               380 kB
Node 0 KernelStack:        2088 kB
Node 0 PageTables:          460 kB
Node 0 NFS_Unstable:          0 kB
Node 0 Bounce:                0 kB
Node 0 WritebackTmp:          0 kB
Node 0 KReclaimable:      17184 kB
Node 0 Slab:              45260 kB
Node 0 SReclaimable:      17184 kB
Node 0 SUnreclaim:        28076 kB
Node 0 AnonHugePages:         0 kB
Node 0 ShmemHugePages:        0 kB
Node 0 ShmemPmdMapped:        0 kB
Node 0 FileHugePages:        0 kB
Node 0 FilePmdMapped:        0 kB
Node 0 HugePages_Total:     0
Node 0 HugePages_Free:      0
Node 0 HugePages_Surp:      0

Node 1 MemTotal:       24686196 kB
Node 1 MemFree:        24303668 kB
Node 1 MemUsed:          382528 kB
Node 1 Active:            67076 kB
Node 1 Inactive:          91104 kB
Node 1 Active(anon):      15228 kB
Node 1 Inactive(anon):      604 kB
Node 1 Active(file):      51848 kB
Node 1 Inactive(file):    90500 kB
Node 1 Unevictable:        5704 kB
Node 1 Mlocked:            5704 kB
Node 1 Dirty:               508 kB
Node 1 Writeback:             0 kB
Node 1 FilePages:        148936 kB
Node 1 Mapped:            45596 kB
Node 1 AnonPages:         14944 kB
Node 1 Shmem:               888 kB
Node 1 KernelStack:        1592 kB
Node 1 PageTables:          700 kB
Node 1 NFS_Unstable:          0 kB
Node 1 Bounce:                0 kB
Node 1 WritebackTmp:          0 kB
Node 1 KReclaimable:      25460 kB
Node 1 Slab:              62500 kB
Node 1 SReclaimable:      25460 kB
Node 1 SUnreclaim:        37040 kB
Node 1 AnonHugePages:         0 kB
Node 1 ShmemHugePages:        0 kB
Node 1 ShmemPmdMapped:        0 kB
Node 1 FileHugePages:        0 kB
Node 1 FilePmdMapped:        0 kB
Node 1 HugePages_Total:     0
Node 1 HugePages_Free:      0
Node 1 HugePages_Surp:      0

Load ZFS
Node 0 MemTotal:       24743736 kB
Node 0 MemFree:        24421188 kB
Node 0 MemUsed:          322548 kB
Node 0 Active:            33428 kB
Node 0 Inactive:          15256 kB
Node 0 Active(anon):      20252 kB
Node 0 Inactive(anon):      288 kB
Node 0 Active(file):      13176 kB
Node 0 Inactive(file):    14968 kB
Node 0 Unevictable:       12816 kB
Node 0 Mlocked:           12816 kB
Node 0 Dirty:                16 kB
Node 0 Writeback:             0 kB
Node 0 FilePages:         31016 kB
Node 0 Mapped:             7088 kB
Node 0 AnonPages:         30388 kB
Node 0 Shmem:               380 kB
Node 0 KernelStack:        2088 kB
Node 0 PageTables:          576 kB
Node 0 NFS_Unstable:          0 kB
Node 0 Bounce:                0 kB
Node 0 WritebackTmp:          0 kB
Node 0 KReclaimable:      17472 kB
Node 0 Slab:              46820 kB
Node 0 SReclaimable:      17472 kB
Node 0 SUnreclaim:        29348 kB
Node 0 AnonHugePages:         0 kB
Node 0 ShmemHugePages:        0 kB
Node 0 ShmemPmdMapped:        0 kB
Node 0 FileHugePages:        0 kB
Node 0 FilePmdMapped:        0 kB
Node 0 HugePages_Total:     0
Node 0 HugePages_Free:      0
Node 0 HugePages_Surp:      0

Node 1 MemTotal:       24686196 kB
Node 1 MemFree:        24370988 kB
Node 1 MemUsed:          315208 kB
Node 1 Active:            71824 kB
Node 1 Inactive:          87192 kB
Node 1 Active(anon):      15228 kB
Node 1 Inactive(anon):      604 kB
Node 1 Active(file):      56596 kB
Node 1 Inactive(file):    86588 kB
Node 1 Unevictable:        5704 kB
Node 1 Mlocked:            5704 kB
Node 1 Dirty:               300 kB
Node 1 Writeback:             0 kB
Node 1 FilePages:        149780 kB
Node 1 Mapped:            45756 kB
Node 1 AnonPages:         14944 kB
Node 1 Shmem:               888 kB
Node 1 KernelStack:        1608 kB
Node 1 PageTables:          700 kB
Node 1 NFS_Unstable:          0 kB
Node 1 Bounce:                0 kB
Node 1 WritebackTmp:          0 kB
Node 1 KReclaimable:      25856 kB
Node 1 Slab:              64340 kB
Node 1 SReclaimable:      25856 kB
Node 1 SUnreclaim:        38484 kB
Node 1 AnonHugePages:         0 kB
Node 1 ShmemHugePages:        0 kB
Node 1 ShmemPmdMapped:        0 kB
Node 1 FileHugePages:        0 kB
Node 1 FilePmdMapped:        0 kB
Node 1 HugePages_Total:     0
Node 1 HugePages_Free:      0
Node 1 HugePages_Surp:      0

Import tank ZPool
Node 0 MemTotal:       24743736 kB
Node 0 MemFree:        24414912 kB
Node 0 MemUsed:          328824 kB
Node 0 Active:            31544 kB
Node 0 Inactive:          16452 kB
Node 0 Active(anon):      17944 kB
Node 0 Inactive(anon):      292 kB
Node 0 Active(file):      13600 kB
Node 0 Inactive(file):    16160 kB
Node 0 Unevictable:       12816 kB
Node 0 Mlocked:           12816 kB
Node 0 Dirty:                36 kB
Node 0 Writeback:             0 kB
Node 0 FilePages:         32708 kB
Node 0 Mapped:             7288 kB
Node 0 AnonPages:         28256 kB
Node 0 Shmem:               384 kB
Node 0 KernelStack:        2088 kB
Node 0 PageTables:          432 kB
Node 0 NFS_Unstable:          0 kB
Node 0 Bounce:                0 kB
Node 0 WritebackTmp:          0 kB
Node 0 KReclaimable:      17596 kB
Node 0 Slab:              51616 kB
Node 0 SReclaimable:      17596 kB
Node 0 SUnreclaim:        34020 kB
Node 0 AnonHugePages:         0 kB
Node 0 ShmemHugePages:        0 kB
Node 0 ShmemPmdMapped:        0 kB
Node 0 FileHugePages:        0 kB
Node 0 FilePmdMapped:        0 kB
Node 0 HugePages_Total:     0
Node 0 HugePages_Free:      0
Node 0 HugePages_Surp:      0

Node 1 MemTotal:       24686196 kB
Node 1 MemFree:        24357760 kB
Node 1 MemUsed:          328436 kB
Node 1 Active:            72120 kB
Node 1 Inactive:          87172 kB
Node 1 Active(anon):      15504 kB
Node 1 Inactive(anon):      604 kB
Node 1 Active(file):      56616 kB
Node 1 Inactive(file):    86568 kB
Node 1 Unevictable:        5704 kB
Node 1 Mlocked:            5704 kB
Node 1 Dirty:               340 kB
Node 1 Writeback:             0 kB
Node 1 FilePages:        149808 kB
Node 1 Mapped:            45820 kB
Node 1 AnonPages:         15224 kB
Node 1 Shmem:               884 kB
Node 1 KernelStack:        2680 kB
Node 1 PageTables:          700 kB
Node 1 NFS_Unstable:          0 kB
Node 1 Bounce:                0 kB
Node 1 WritebackTmp:          0 kB
Node 1 KReclaimable:      25856 kB
Node 1 Slab:              66824 kB
Node 1 SReclaimable:      25856 kB
Node 1 SUnreclaim:        40968 kB
Node 1 AnonHugePages:         0 kB
Node 1 ShmemHugePages:        0 kB
Node 1 ShmemPmdMapped:        0 kB
Node 1 FileHugePages:        0 kB
Node 1 FilePmdMapped:        0 kB
Node 1 HugePages_Total:     0
Node 1 HugePages_Free:      0
Node 1 HugePages_Surp:      0

After Test
Node 0 MemTotal:       24743736 kB
Node 0 MemFree:        21812388 kB
Node 0 MemUsed:         2931348 kB
Node 0 Active:            32312 kB
Node 0 Inactive:         516124 kB
Node 0 Active(anon):      17896 kB
Node 0 Inactive(anon):      292 kB
Node 0 Active(file):      14416 kB
Node 0 Inactive(file):   515832 kB
Node 0 Unevictable:       12816 kB
Node 0 Mlocked:           12816 kB
Node 0 Dirty:                 4 kB
Node 0 Writeback:             0 kB
Node 0 FilePages:        533180 kB
Node 0 Mapped:             7176 kB
Node 0 AnonPages:         28004 kB
Node 0 Shmem:               384 kB
Node 0 KernelStack:        1912 kB
Node 0 PageTables:          524 kB
Node 0 NFS_Unstable:          0 kB
Node 0 Bounce:                0 kB
Node 0 WritebackTmp:          0 kB
Node 0 KReclaimable:      18824 kB
Node 0 Slab:              61932 kB
Node 0 SReclaimable:      18824 kB
Node 0 SUnreclaim:        43108 kB
Node 0 AnonHugePages:         0 kB
Node 0 ShmemHugePages:        0 kB
Node 0 ShmemPmdMapped:        0 kB
Node 0 FileHugePages:        0 kB
Node 0 FilePmdMapped:        0 kB
Node 0 HugePages_Total:     0
Node 0 HugePages_Free:      0
Node 0 HugePages_Surp:      0

Node 1 MemTotal:       24686196 kB
Node 1 MemFree:        23542832 kB
Node 1 MemUsed:         1143364 kB
Node 1 Active:            71976 kB
Node 1 Inactive:          87176 kB
Node 1 Active(anon):      15320 kB
Node 1 Inactive(anon):      604 kB
Node 1 Active(file):      56656 kB
Node 1 Inactive(file):    86572 kB
Node 1 Unevictable:        5704 kB
Node 1 Mlocked:            5704 kB
Node 1 Dirty:                24 kB
Node 1 Writeback:             0 kB
Node 1 FilePages:        149852 kB
Node 1 Mapped:            45596 kB
Node 1 AnonPages:         15064 kB
Node 1 Shmem:               884 kB
Node 1 KernelStack:        2632 kB
Node 1 PageTables:          700 kB
Node 1 NFS_Unstable:          0 kB
Node 1 Bounce:                0 kB
Node 1 WritebackTmp:          0 kB
Node 1 KReclaimable:      25912 kB
Node 1 Slab:              70664 kB
Node 1 SReclaimable:      25912 kB
Node 1 SUnreclaim:        44752 kB
Node 1 AnonHugePages:         0 kB
Node 1 ShmemHugePages:        0 kB
Node 1 ShmemPmdMapped:        0 kB
Node 1 FileHugePages:        0 kB
Node 1 FilePmdMapped:        0 kB
Node 1 HugePages_Total:     0
Node 1 HugePages_Free:      0
Node 1 HugePages_Surp:      0

After Opposite Node
Node 0 MemTotal:       24743736 kB
Node 0 MemFree:        21812384 kB
Node 0 MemUsed:         2931352 kB
Node 0 Active:            32088 kB
Node 0 Inactive:         515912 kB
Node 0 Active(anon):      17392 kB
Node 0 Inactive(anon):      292 kB
Node 0 Active(file):      14696 kB
Node 0 Inactive(file):   515620 kB
Node 0 Unevictable:       12816 kB
Node 0 Mlocked:           12816 kB
Node 0 Dirty:                20 kB
Node 0 Writeback:             0 kB
Node 0 FilePages:        533192 kB
Node 0 Mapped:             7164 kB
Node 0 AnonPages:         27644 kB
Node 0 Shmem:               384 kB
Node 0 KernelStack:        1896 kB
Node 0 PageTables:          368 kB
Node 0 NFS_Unstable:          0 kB
Node 0 Bounce:                0 kB
Node 0 WritebackTmp:          0 kB
Node 0 KReclaimable:      18824 kB
Node 0 Slab:              61856 kB
Node 0 SReclaimable:      18824 kB
Node 0 SUnreclaim:        43032 kB
Node 0 AnonHugePages:         0 kB
Node 0 ShmemHugePages:        0 kB
Node 0 ShmemPmdMapped:        0 kB
Node 0 FileHugePages:        0 kB
Node 0 FilePmdMapped:        0 kB
Node 0 HugePages_Total:     0
Node 0 HugePages_Free:      0
Node 0 HugePages_Surp:      0

Node 1 MemTotal:       24686196 kB
Node 1 MemFree:        23541824 kB
Node 1 MemUsed:         1144372 kB
Node 1 Active:            72532 kB
Node 1 Inactive:          87180 kB
Node 1 Active(anon):      15832 kB
Node 1 Inactive(anon):      604 kB
Node 1 Active(file):      56700 kB
Node 1 Inactive(file):    86576 kB
Node 1 Unevictable:        5704 kB
Node 1 Mlocked:            5704 kB
Node 1 Dirty:                28 kB
Node 1 Writeback:             0 kB
Node 1 FilePages:        149860 kB
Node 1 Mapped:            45596 kB
Node 1 AnonPages:         15428 kB
Node 1 Shmem:               884 kB
Node 1 KernelStack:        2712 kB
Node 1 PageTables:          860 kB
Node 1 NFS_Unstable:          0 kB
Node 1 Bounce:                0 kB
Node 1 WritebackTmp:          0 kB
Node 1 KReclaimable:      25944 kB
Node 1 Slab:              71360 kB
Node 1 SReclaimable:      25944 kB
Node 1 SUnreclaim:        45416 kB
Node 1 AnonHugePages:         0 kB
Node 1 ShmemHugePages:        0 kB
Node 1 ShmemPmdMapped:        0 kB
Node 1 FileHugePages:        0 kB
Node 1 FilePmdMapped:        0 kB
Node 1 HugePages_Total:     0
Node 1 HugePages_Free:      0
Node 1 HugePages_Surp:      0

U.0.512M-simpleread.2G.1.O.1M Complete!
