kernel.numa_balancing = 0
10 Tests Remaining!
U.0.32M-simpleread.16G.3.O.1M
Begin
Node 0 MemTotal:       24768360 kB
Node 0 MemFree:        24342944 kB
Node 0 MemUsed:          425416 kB
Node 0 Active:            54840 kB
Node 0 Inactive:          72964 kB
Node 0 Active(anon):      26468 kB
Node 0 Inactive(anon):      620 kB
Node 0 Active(file):      28372 kB
Node 0 Inactive(file):    72344 kB
Node 0 Unevictable:        5556 kB
Node 0 Mlocked:            5556 kB
Node 0 Dirty:               312 kB
Node 0 Writeback:             0 kB
Node 0 FilePages:        107120 kB
Node 0 Mapped:            53864 kB
Node 0 AnonPages:         26236 kB
Node 0 Shmem:               852 kB
Node 0 KernelStack:        1976 kB
Node 0 PageTables:          788 kB
Node 0 NFS_Unstable:          0 kB
Node 0 Bounce:                0 kB
Node 0 WritebackTmp:          0 kB
Node 0 KReclaimable:      24652 kB
Node 0 Slab:              68560 kB
Node 0 SReclaimable:      24652 kB
Node 0 SUnreclaim:        43908 kB
Node 0 AnonHugePages:         0 kB
Node 0 ShmemHugePages:        0 kB
Node 0 ShmemPmdMapped:        0 kB
Node 0 FileHugePages:        0 kB
Node 0 FilePmdMapped:        0 kB
Node 0 HugePages_Total:     0
Node 0 HugePages_Free:      0
Node 0 HugePages_Surp:      0

Node 1 MemTotal:       24661580 kB
Node 1 MemFree:        24437148 kB
Node 1 MemUsed:          224432 kB
Node 1 Active:            44096 kB
Node 1 Inactive:          51896 kB
Node 1 Active(anon):       8400 kB
Node 1 Inactive(anon):      260 kB
Node 1 Active(file):      35696 kB
Node 1 Inactive(file):    51636 kB
Node 1 Unevictable:       12964 kB
Node 1 Mlocked:           12964 kB
Node 1 Dirty:               124 kB
Node 1 Writeback:             0 kB
Node 1 FilePages:         90404 kB
Node 1 Mapped:            13704 kB
Node 1 AnonPages:         18588 kB
Node 1 Shmem:               416 kB
Node 1 KernelStack:        1736 kB
Node 1 PageTables:          424 kB
Node 1 NFS_Unstable:          0 kB
Node 1 Bounce:                0 kB
Node 1 WritebackTmp:          0 kB
Node 1 KReclaimable:      17976 kB
Node 1 Slab:              38348 kB
Node 1 SReclaimable:      17976 kB
Node 1 SUnreclaim:        20372 kB
Node 1 AnonHugePages:         0 kB
Node 1 ShmemHugePages:        0 kB
Node 1 ShmemPmdMapped:        0 kB
Node 1 FileHugePages:        0 kB
Node 1 FilePmdMapped:        0 kB
Node 1 HugePages_Total:     0
Node 1 HugePages_Free:      0
Node 1 HugePages_Surp:      0

Load ZFS
Node 0 MemTotal:       24768360 kB
Node 0 MemFree:        24337432 kB
Node 0 MemUsed:          430928 kB
Node 0 Active:            62116 kB
Node 0 Inactive:          68444 kB
Node 0 Active(anon):      27464 kB
Node 0 Inactive(anon):      620 kB
Node 0 Active(file):      34652 kB
Node 0 Inactive(file):    67824 kB
Node 0 Unevictable:        5556 kB
Node 0 Mlocked:            5556 kB
Node 0 Dirty:               140 kB
Node 0 Writeback:             0 kB
Node 0 FilePages:        108880 kB
Node 0 Mapped:            53864 kB
Node 0 AnonPages:         27172 kB
Node 0 Shmem:               852 kB
Node 0 KernelStack:        1992 kB
Node 0 PageTables:          828 kB
Node 0 NFS_Unstable:          0 kB
Node 0 Bounce:                0 kB
Node 0 WritebackTmp:          0 kB
Node 0 KReclaimable:      24872 kB
Node 0 Slab:              69492 kB
Node 0 SReclaimable:      24872 kB
Node 0 SUnreclaim:        44620 kB
Node 0 AnonHugePages:         0 kB
Node 0 ShmemHugePages:        0 kB
Node 0 ShmemPmdMapped:        0 kB
Node 0 FileHugePages:        0 kB
Node 0 FilePmdMapped:        0 kB
Node 0 HugePages_Total:     0
Node 0 HugePages_Free:      0
Node 0 HugePages_Surp:      0

Node 1 MemTotal:       24661580 kB
Node 1 MemFree:        24430212 kB
Node 1 MemUsed:          231368 kB
Node 1 Active:            48396 kB
Node 1 Inactive:          52324 kB
Node 1 Active(anon):      12328 kB
Node 1 Inactive(anon):      260 kB
Node 1 Active(file):      36068 kB
Node 1 Inactive(file):    52064 kB
Node 1 Unevictable:       12964 kB
Node 1 Mlocked:           12964 kB
Node 1 Dirty:               124 kB
Node 1 Writeback:             0 kB
Node 1 FilePages:         91188 kB
Node 1 Mapped:            13864 kB
Node 1 AnonPages:         22608 kB
Node 1 Shmem:               416 kB
Node 1 KernelStack:        1768 kB
Node 1 PageTables:          648 kB
Node 1 NFS_Unstable:          0 kB
Node 1 Bounce:                0 kB
Node 1 WritebackTmp:          0 kB
Node 1 KReclaimable:      18412 kB
Node 1 Slab:              40356 kB
Node 1 SReclaimable:      18412 kB
Node 1 SUnreclaim:        21944 kB
Node 1 AnonHugePages:         0 kB
Node 1 ShmemHugePages:        0 kB
Node 1 ShmemPmdMapped:        0 kB
Node 1 FileHugePages:        0 kB
Node 1 FilePmdMapped:        0 kB
Node 1 HugePages_Total:     0
Node 1 HugePages_Free:      0
Node 1 HugePages_Surp:      0

Import tank ZPool
Node 0 MemTotal:       24768360 kB
Node 0 MemFree:        24339708 kB
Node 0 MemUsed:          428652 kB
Node 0 Active:            60372 kB
Node 0 Inactive:          68444 kB
Node 0 Active(anon):      25720 kB
Node 0 Inactive(anon):      620 kB
Node 0 Active(file):      34652 kB
Node 0 Inactive(file):    67824 kB
Node 0 Unevictable:        5556 kB
Node 0 Mlocked:            5556 kB
Node 0 Dirty:               208 kB
Node 0 Writeback:             0 kB
Node 0 FilePages:        108876 kB
Node 0 Mapped:            54148 kB
Node 0 AnonPages:         25228 kB
Node 0 Shmem:               848 kB
Node 0 KernelStack:        1896 kB
Node 0 PageTables:          768 kB
Node 0 NFS_Unstable:          0 kB
Node 0 Bounce:                0 kB
Node 0 WritebackTmp:          0 kB
Node 0 KReclaimable:      24872 kB
Node 0 Slab:              69492 kB
Node 0 SReclaimable:      24872 kB
Node 0 SUnreclaim:        44620 kB
Node 0 AnonHugePages:         0 kB
Node 0 ShmemHugePages:        0 kB
Node 0 ShmemPmdMapped:        0 kB
Node 0 FileHugePages:        0 kB
Node 0 FilePmdMapped:        0 kB
Node 0 HugePages_Total:     0
Node 0 HugePages_Free:      0
Node 0 HugePages_Surp:      0

Node 1 MemTotal:       24661580 kB
Node 1 MemFree:        24414248 kB
Node 1 MemUsed:          247332 kB
Node 1 Active:            45524 kB
Node 1 Inactive:          53560 kB
Node 1 Active(anon):       8696 kB
Node 1 Inactive(anon):      264 kB
Node 1 Active(file):      36828 kB
Node 1 Inactive(file):    53296 kB
Node 1 Unevictable:       12964 kB
Node 1 Mlocked:           12964 kB
Node 1 Dirty:                28 kB
Node 1 Writeback:             0 kB
Node 1 FilePages:         92928 kB
Node 1 Mapped:            13936 kB
Node 1 AnonPages:         18644 kB
Node 1 Shmem:               420 kB
Node 1 KernelStack:        2888 kB
Node 1 PageTables:          532 kB
Node 1 NFS_Unstable:          0 kB
Node 1 Bounce:                0 kB
Node 1 WritebackTmp:          0 kB
Node 1 KReclaimable:      18540 kB
Node 1 Slab:              47052 kB
Node 1 SReclaimable:      18540 kB
Node 1 SUnreclaim:        28512 kB
Node 1 AnonHugePages:         0 kB
Node 1 ShmemHugePages:        0 kB
Node 1 ShmemPmdMapped:        0 kB
Node 1 FileHugePages:        0 kB
Node 1 FilePmdMapped:        0 kB
Node 1 HugePages_Total:     0
Node 1 HugePages_Free:      0
Node 1 HugePages_Surp:      0

After Test
Node 0 MemTotal:       24768360 kB
Node 0 MemFree:         7473140 kB
Node 0 MemUsed:        17295220 kB
Node 0 Active:            60928 kB
Node 0 Inactive:          99540 kB
Node 0 Active(anon):      25684 kB
Node 0 Inactive(anon):      616 kB
Node 0 Active(file):      35244 kB
Node 0 Inactive(file):    98924 kB
Node 0 Unevictable:        5556 kB
Node 0 Mlocked:            5556 kB
Node 0 Dirty:                44 kB
Node 0 Writeback:             0 kB
Node 0 FilePages:        140564 kB
Node 0 Mapped:            53948 kB
Node 0 AnonPages:         25340 kB
Node 0 Shmem:               844 kB
Node 0 KernelStack:        1752 kB
Node 0 PageTables:          880 kB
Node 0 NFS_Unstable:          0 kB
Node 0 Bounce:                0 kB
Node 0 WritebackTmp:          0 kB
Node 0 KReclaimable:      24972 kB
Node 0 Slab:             126592 kB
Node 0 SReclaimable:      24972 kB
Node 0 SUnreclaim:       101620 kB
Node 0 AnonHugePages:         0 kB
Node 0 ShmemHugePages:        0 kB
Node 0 ShmemPmdMapped:        0 kB
Node 0 FileHugePages:        0 kB
Node 0 FilePmdMapped:        0 kB
Node 0 HugePages_Total:     0
Node 0 HugePages_Free:      0
Node 0 HugePages_Surp:      0

Node 1 MemTotal:       24661580 kB
Node 1 MemFree:        23598780 kB
Node 1 MemUsed:         1062800 kB
Node 1 Active:            44776 kB
Node 1 Inactive:          53312 kB
Node 1 Active(anon):       7652 kB
Node 1 Inactive(anon):      268 kB
Node 1 Active(file):      37124 kB
Node 1 Inactive(file):    53044 kB
Node 1 Unevictable:       12964 kB
Node 1 Mlocked:           12964 kB
Node 1 Dirty:                 4 kB
Node 1 Writeback:             0 kB
Node 1 FilePages:         93260 kB
Node 1 Mapped:            13704 kB
Node 1 AnonPages:         17820 kB
Node 1 Shmem:               424 kB
Node 1 KernelStack:        2664 kB
Node 1 PageTables:          328 kB
Node 1 NFS_Unstable:          0 kB
Node 1 Bounce:                0 kB
Node 1 WritebackTmp:          0 kB
Node 1 KReclaimable:      18676 kB
Node 1 Slab:              50348 kB
Node 1 SReclaimable:      18676 kB
Node 1 SUnreclaim:        31672 kB
Node 1 AnonHugePages:         0 kB
Node 1 ShmemHugePages:        0 kB
Node 1 ShmemPmdMapped:        0 kB
Node 1 FileHugePages:        0 kB
Node 1 FilePmdMapped:        0 kB
Node 1 HugePages_Total:     0
Node 1 HugePages_Free:      0
Node 1 HugePages_Surp:      0

After Opposite Node
Node 0 MemTotal:       24768360 kB
Node 0 MemFree:         7473544 kB
Node 0 MemUsed:        17294816 kB
Node 0 Active:            60712 kB
Node 0 Inactive:          99316 kB
Node 0 Active(anon):      25240 kB
Node 0 Inactive(anon):      616 kB
Node 0 Active(file):      35472 kB
Node 0 Inactive(file):    98700 kB
Node 0 Unevictable:        5556 kB
Node 0 Mlocked:            5556 kB
Node 0 Dirty:                52 kB
Node 0 Writeback:             0 kB
Node 0 FilePages:        140568 kB
Node 0 Mapped:            53936 kB
Node 0 AnonPages:         25012 kB
Node 0 Shmem:               844 kB
Node 0 KernelStack:        1720 kB
Node 0 PageTables:          768 kB
Node 0 NFS_Unstable:          0 kB
Node 0 Bounce:                0 kB
Node 0 WritebackTmp:          0 kB
Node 0 KReclaimable:      24972 kB
Node 0 Slab:             125800 kB
Node 0 SReclaimable:      24972 kB
Node 0 SUnreclaim:       100828 kB
Node 0 AnonHugePages:         0 kB
Node 0 ShmemHugePages:        0 kB
Node 0 ShmemPmdMapped:        0 kB
Node 0 FileHugePages:        0 kB
Node 0 FilePmdMapped:        0 kB
Node 0 HugePages_Total:     0
Node 0 HugePages_Free:      0
Node 0 HugePages_Surp:      0

Node 1 MemTotal:       24661580 kB
Node 1 MemFree:        23597064 kB
Node 1 MemUsed:         1064516 kB
Node 1 Active:            45240 kB
Node 1 Inactive:          53296 kB
Node 1 Active(anon):       8056 kB
Node 1 Inactive(anon):      268 kB
Node 1 Active(file):      37184 kB
Node 1 Inactive(file):    53028 kB
Node 1 Unevictable:       12964 kB
Node 1 Mlocked:           12964 kB
Node 1 Dirty:                32 kB
Node 1 Writeback:             0 kB
Node 1 FilePages:         93288 kB
Node 1 Mapped:            13708 kB
Node 1 AnonPages:         18148 kB
Node 1 Shmem:               424 kB
Node 1 KernelStack:        2696 kB
Node 1 PageTables:          444 kB
Node 1 NFS_Unstable:          0 kB
Node 1 Bounce:                0 kB
Node 1 WritebackTmp:          0 kB
Node 1 KReclaimable:      18716 kB
Node 1 Slab:              51792 kB
Node 1 SReclaimable:      18716 kB
Node 1 SUnreclaim:        33076 kB
Node 1 AnonHugePages:         0 kB
Node 1 ShmemHugePages:        0 kB
Node 1 ShmemPmdMapped:        0 kB
Node 1 FileHugePages:        0 kB
Node 1 FilePmdMapped:        0 kB
Node 1 HugePages_Total:     0
Node 1 HugePages_Free:      0
Node 1 HugePages_Surp:      0

U.0.32M-simpleread.16G.3.O.1M Complete!
