kernel.numa_balancing = 0
5 Tests Remaining!
U.0.32M-simpleread.500M.2.O.1M
Begin
Node 0 MemTotal:       24743736 kB
Node 0 MemFree:        24460104 kB
Node 0 MemUsed:          283632 kB
Node 0 Active:            35612 kB
Node 0 Inactive:          94292 kB
Node 0 Active(anon):      14692 kB
Node 0 Inactive(anon):      376 kB
Node 0 Active(file):      20920 kB
Node 0 Inactive(file):    93916 kB
Node 0 Unevictable:       13284 kB
Node 0 Mlocked:           13284 kB
Node 0 Dirty:                40 kB
Node 0 Writeback:             0 kB
Node 0 FilePages:        118440 kB
Node 0 Mapped:            44972 kB
Node 0 AnonPages:         24596 kB
Node 0 Shmem:               652 kB
Node 0 KernelStack:        1960 kB
Node 0 PageTables:          500 kB
Node 0 NFS_Unstable:          0 kB
Node 0 Bounce:                0 kB
Node 0 WritebackTmp:          0 kB
Node 0 KReclaimable:      22024 kB
Node 0 Slab:              57892 kB
Node 0 SReclaimable:      22024 kB
Node 0 SUnreclaim:        35868 kB
Node 0 AnonHugePages:         0 kB
Node 0 ShmemHugePages:        0 kB
Node 0 ShmemPmdMapped:        0 kB
Node 0 FileHugePages:        0 kB
Node 0 FilePmdMapped:        0 kB
Node 0 HugePages_Total:     0
Node 0 HugePages_Free:      0
Node 0 HugePages_Surp:      0

Node 1 MemTotal:       24686196 kB
Node 1 MemFree:        24314036 kB
Node 1 MemUsed:          372160 kB
Node 1 Active:            63756 kB
Node 1 Inactive:          35424 kB
Node 1 Active(anon):      19952 kB
Node 1 Inactive(anon):      488 kB
Node 1 Active(file):      43804 kB
Node 1 Inactive(file):    34936 kB
Node 1 Unevictable:        5240 kB
Node 1 Mlocked:            5240 kB
Node 1 Dirty:                32 kB
Node 1 Writeback:             0 kB
Node 1 FilePages:         84612 kB
Node 1 Mapped:            26008 kB
Node 1 AnonPages:         19664 kB
Node 1 Shmem:               616 kB
Node 1 KernelStack:        1928 kB
Node 1 PageTables:          896 kB
Node 1 NFS_Unstable:          0 kB
Node 1 Bounce:                0 kB
Node 1 WritebackTmp:          0 kB
Node 1 KReclaimable:      20808 kB
Node 1 Slab:              49408 kB
Node 1 SReclaimable:      20808 kB
Node 1 SUnreclaim:        28600 kB
Node 1 AnonHugePages:         0 kB
Node 1 ShmemHugePages:        0 kB
Node 1 ShmemPmdMapped:        0 kB
Node 1 FileHugePages:        0 kB
Node 1 FilePmdMapped:        0 kB
Node 1 HugePages_Total:     0
Node 1 HugePages_Free:      0
Node 1 HugePages_Surp:      0

Load ZFS
Node 0 MemTotal:       24743736 kB
Node 0 MemFree:        24457252 kB
Node 0 MemUsed:          286484 kB
Node 0 Active:            38616 kB
Node 0 Inactive:          94296 kB
Node 0 Active(anon):      16624 kB
Node 0 Inactive(anon):      380 kB
Node 0 Active(file):      21992 kB
Node 0 Inactive(file):    93916 kB
Node 0 Unevictable:       13284 kB
Node 0 Mlocked:           13284 kB
Node 0 Dirty:               112 kB
Node 0 Writeback:             0 kB
Node 0 FilePages:        119512 kB
Node 0 Mapped:            45132 kB
Node 0 AnonPages:         26716 kB
Node 0 Shmem:               652 kB
Node 0 KernelStack:        1928 kB
Node 0 PageTables:          492 kB
Node 0 NFS_Unstable:          0 kB
Node 0 Bounce:                0 kB
Node 0 WritebackTmp:          0 kB
Node 0 KReclaimable:      22480 kB
Node 0 Slab:              59684 kB
Node 0 SReclaimable:      22480 kB
Node 0 SUnreclaim:        37204 kB
Node 0 AnonHugePages:         0 kB
Node 0 ShmemHugePages:        0 kB
Node 0 ShmemPmdMapped:        0 kB
Node 0 FileHugePages:        0 kB
Node 0 FilePmdMapped:        0 kB
Node 0 HugePages_Total:     0
Node 0 HugePages_Free:      0
Node 0 HugePages_Surp:      0

Node 1 MemTotal:       24686196 kB
Node 1 MemFree:        24304352 kB
Node 1 MemUsed:          381844 kB
Node 1 Active:            72576 kB
Node 1 Inactive:          31428 kB
Node 1 Active(anon):      23312 kB
Node 1 Inactive(anon):      488 kB
Node 1 Active(file):      49264 kB
Node 1 Inactive(file):    30940 kB
Node 1 Unevictable:        5240 kB
Node 1 Mlocked:            5240 kB
Node 1 Dirty:                32 kB
Node 1 Writeback:             0 kB
Node 1 FilePages:         86060 kB
Node 1 Mapped:            25860 kB
Node 1 AnonPages:         23176 kB
Node 1 Shmem:               616 kB
Node 1 KernelStack:        1896 kB
Node 1 PageTables:         1072 kB
Node 1 NFS_Unstable:          0 kB
Node 1 Bounce:                0 kB
Node 1 WritebackTmp:          0 kB
Node 1 KReclaimable:      21116 kB
Node 1 Slab:              50504 kB
Node 1 SReclaimable:      21116 kB
Node 1 SUnreclaim:        29388 kB
Node 1 AnonHugePages:         0 kB
Node 1 ShmemHugePages:        0 kB
Node 1 ShmemPmdMapped:        0 kB
Node 1 FileHugePages:        0 kB
Node 1 FilePmdMapped:        0 kB
Node 1 HugePages_Total:     0
Node 1 HugePages_Free:      0
Node 1 HugePages_Surp:      0

Import tank ZPool
Node 0 MemTotal:       24743736 kB
Node 0 MemFree:        24457724 kB
Node 0 MemUsed:          286012 kB
Node 0 Active:            38952 kB
Node 0 Inactive:          94304 kB
Node 0 Active(anon):      16900 kB
Node 0 Inactive(anon):      380 kB
Node 0 Active(file):      22052 kB
Node 0 Inactive(file):    93924 kB
Node 0 Unevictable:       13284 kB
Node 0 Mlocked:           13284 kB
Node 0 Dirty:               136 kB
Node 0 Writeback:             0 kB
Node 0 FilePages:        119584 kB
Node 0 Mapped:            45032 kB
Node 0 AnonPages:         26928 kB
Node 0 Shmem:               648 kB
Node 0 KernelStack:        1944 kB
Node 0 PageTables:          556 kB
Node 0 NFS_Unstable:          0 kB
Node 0 Bounce:                0 kB
Node 0 WritebackTmp:          0 kB
Node 0 KReclaimable:      22500 kB
Node 0 Slab:              59704 kB
Node 0 SReclaimable:      22500 kB
Node 0 SUnreclaim:        37204 kB
Node 0 AnonHugePages:         0 kB
Node 0 ShmemHugePages:        0 kB
Node 0 ShmemPmdMapped:        0 kB
Node 0 FileHugePages:        0 kB
Node 0 FilePmdMapped:        0 kB
Node 0 HugePages_Total:     0
Node 0 HugePages_Free:      0
Node 0 HugePages_Surp:      0

Node 1 MemTotal:       24686196 kB
Node 1 MemFree:        24287392 kB
Node 1 MemUsed:          398804 kB
Node 1 Active:            73452 kB
Node 1 Inactive:          32588 kB
Node 1 Active(anon):      23688 kB
Node 1 Inactive(anon):      492 kB
Node 1 Active(file):      49764 kB
Node 1 Inactive(file):    32096 kB
Node 1 Unevictable:        5240 kB
Node 1 Mlocked:            5240 kB
Node 1 Dirty:                56 kB
Node 1 Writeback:             0 kB
Node 1 FilePages:         87720 kB
Node 1 Mapped:            26024 kB
Node 1 AnonPages:         23500 kB
Node 1 Shmem:               620 kB
Node 1 KernelStack:        3000 kB
Node 1 PageTables:         1092 kB
Node 1 NFS_Unstable:          0 kB
Node 1 Bounce:                0 kB
Node 1 WritebackTmp:          0 kB
Node 1 KReclaimable:      21236 kB
Node 1 Slab:              57228 kB
Node 1 SReclaimable:      21236 kB
Node 1 SUnreclaim:        35992 kB
Node 1 AnonHugePages:         0 kB
Node 1 ShmemHugePages:        0 kB
Node 1 ShmemPmdMapped:        0 kB
Node 1 FileHugePages:        0 kB
Node 1 FilePmdMapped:        0 kB
Node 1 HugePages_Total:     0
Node 1 HugePages_Free:      0
Node 1 HugePages_Surp:      0

After Test
Node 0 MemTotal:       24743736 kB
Node 0 MemFree:        23912508 kB
Node 0 MemUsed:          831228 kB
Node 0 Active:            37068 kB
Node 0 Inactive:         125540 kB
Node 0 Active(anon):      14556 kB
Node 0 Inactive(anon):      380 kB
Node 0 Active(file):      22512 kB
Node 0 Inactive(file):   125160 kB
Node 0 Unevictable:       13284 kB
Node 0 Mlocked:           13284 kB
Node 0 Dirty:               152 kB
Node 0 Writeback:             0 kB
Node 0 FilePages:        151272 kB
Node 0 Mapped:            44972 kB
Node 0 AnonPages:         24472 kB
Node 0 Shmem:               648 kB
Node 0 KernelStack:        1912 kB
Node 0 PageTables:          528 kB
Node 0 NFS_Unstable:          0 kB
Node 0 Bounce:                0 kB
Node 0 WritebackTmp:          0 kB
Node 0 KReclaimable:      22656 kB
Node 0 Slab:              63132 kB
Node 0 SReclaimable:      22656 kB
Node 0 SUnreclaim:        40476 kB
Node 0 AnonHugePages:         0 kB
Node 0 ShmemHugePages:        0 kB
Node 0 ShmemPmdMapped:        0 kB
Node 0 FileHugePages:        0 kB
Node 0 FilePmdMapped:        0 kB
Node 0 HugePages_Total:     0
Node 0 HugePages_Free:      0
Node 0 HugePages_Surp:      0

Node 1 MemTotal:       24686196 kB
Node 1 MemFree:        23751644 kB
Node 1 MemUsed:          934552 kB
Node 1 Active:            68604 kB
Node 1 Inactive:          32252 kB
Node 1 Active(anon):      18472 kB
Node 1 Inactive(anon):      492 kB
Node 1 Active(file):      50132 kB
Node 1 Inactive(file):    31760 kB
Node 1 Unevictable:        5240 kB
Node 1 Mlocked:            5240 kB
Node 1 Dirty:                60 kB
Node 1 Writeback:             0 kB
Node 1 FilePages:         87760 kB
Node 1 Mapped:            26136 kB
Node 1 AnonPages:         18344 kB
Node 1 Shmem:               620 kB
Node 1 KernelStack:        2776 kB
Node 1 PageTables:          628 kB
Node 1 NFS_Unstable:          0 kB
Node 1 Bounce:                0 kB
Node 1 WritebackTmp:          0 kB
Node 1 KReclaimable:      21244 kB
Node 1 Slab:              59348 kB
Node 1 SReclaimable:      21244 kB
Node 1 SUnreclaim:        38104 kB
Node 1 AnonHugePages:         0 kB
Node 1 ShmemHugePages:        0 kB
Node 1 ShmemPmdMapped:        0 kB
Node 1 FileHugePages:        0 kB
Node 1 FilePmdMapped:        0 kB
Node 1 HugePages_Total:     0
Node 1 HugePages_Free:      0
Node 1 HugePages_Surp:      0

After Opposite Node
Node 0 MemTotal:       24743736 kB
Node 0 MemFree:        23912508 kB
Node 0 MemUsed:          831228 kB
Node 0 Active:            37068 kB
Node 0 Inactive:         125540 kB
Node 0 Active(anon):      14556 kB
Node 0 Inactive(anon):      380 kB
Node 0 Active(file):      22512 kB
Node 0 Inactive(file):   125160 kB
Node 0 Unevictable:       13284 kB
Node 0 Mlocked:           13284 kB
Node 0 Dirty:               152 kB
Node 0 Writeback:             0 kB
Node 0 FilePages:        151272 kB
Node 0 Mapped:            44972 kB
Node 0 AnonPages:         24472 kB
Node 0 Shmem:               648 kB
Node 0 KernelStack:        1912 kB
Node 0 PageTables:          528 kB
Node 0 NFS_Unstable:          0 kB
Node 0 Bounce:                0 kB
Node 0 WritebackTmp:          0 kB
Node 0 KReclaimable:      22656 kB
Node 0 Slab:              63132 kB
Node 0 SReclaimable:      22656 kB
Node 0 SUnreclaim:        40476 kB
Node 0 AnonHugePages:         0 kB
Node 0 ShmemHugePages:        0 kB
Node 0 ShmemPmdMapped:        0 kB
Node 0 FileHugePages:        0 kB
Node 0 FilePmdMapped:        0 kB
Node 0 HugePages_Total:     0
Node 0 HugePages_Free:      0
Node 0 HugePages_Surp:      0

Node 1 MemTotal:       24686196 kB
Node 1 MemFree:        23751472 kB
Node 1 MemUsed:          934724 kB
Node 1 Active:            68792 kB
Node 1 Inactive:          32252 kB
Node 1 Active(anon):      18652 kB
Node 1 Inactive(anon):      492 kB
Node 1 Active(file):      50140 kB
Node 1 Inactive(file):    31760 kB
Node 1 Unevictable:        5240 kB
Node 1 Mlocked:            5240 kB
Node 1 Dirty:                60 kB
Node 1 Writeback:             0 kB
Node 1 FilePages:         87760 kB
Node 1 Mapped:            26136 kB
Node 1 AnonPages:         18364 kB
Node 1 Shmem:               620 kB
Node 1 KernelStack:        2788 kB
Node 1 PageTables:          532 kB
Node 1 NFS_Unstable:          0 kB
Node 1 Bounce:                0 kB
Node 1 WritebackTmp:          0 kB
Node 1 KReclaimable:      21244 kB
Node 1 Slab:              59348 kB
Node 1 SReclaimable:      21244 kB
Node 1 SUnreclaim:        38104 kB
Node 1 AnonHugePages:         0 kB
Node 1 ShmemHugePages:        0 kB
Node 1 ShmemPmdMapped:        0 kB
Node 1 FileHugePages:        0 kB
Node 1 FilePmdMapped:        0 kB
Node 1 HugePages_Total:     0
Node 1 HugePages_Free:      0
Node 1 HugePages_Surp:      0

U.0.32M-simpleread.500M.2.O.1M Complete!
