kernel.numa_balancing = 0
U.0.128M-simpleread.2G.3.O.1M
Begin
Node 0 MemTotal:       24768352 kB
Node 0 MemFree:        24524852 kB
Node 0 MemUsed:          243500 kB
Node 0 Active:            61908 kB
Node 0 Inactive:          39424 kB
Node 0 Active(anon):      23076 kB
Node 0 Inactive(anon):      396 kB
Node 0 Active(file):      38832 kB
Node 0 Inactive(file):    39028 kB
Node 0 Unevictable:         800 kB
Node 0 Mlocked:             800 kB
Node 0 Dirty:               128 kB
Node 0 Writeback:             0 kB
Node 0 FilePages:         79284 kB
Node 0 Mapped:            23960 kB
Node 0 AnonPages:         22924 kB
Node 0 Shmem:               576 kB
Node 0 KernelStack:        2152 kB
Node 0 PageTables:          552 kB
Node 0 NFS_Unstable:          0 kB
Node 0 Bounce:                0 kB
Node 0 WritebackTmp:          0 kB
Node 0 KReclaimable:      17540 kB
Node 0 Slab:              48652 kB
Node 0 SReclaimable:      17540 kB
Node 0 SUnreclaim:        31112 kB
Node 0 AnonHugePages:         0 kB
Node 0 ShmemHugePages:        0 kB
Node 0 ShmemPmdMapped:        0 kB
Node 0 FileHugePages:        0 kB
Node 0 FilePmdMapped:        0 kB
Node 0 HugePages_Total:     0
Node 0 HugePages_Free:      0
Node 0 HugePages_Surp:      0

Node 1 MemTotal:       24661580 kB
Node 1 MemFree:        24287848 kB
Node 1 MemUsed:          373732 kB
Node 1 Active:            33488 kB
Node 1 Inactive:          52720 kB
Node 1 Active(anon):      10608 kB
Node 1 Inactive(anon):      472 kB
Node 1 Active(file):      22880 kB
Node 1 Inactive(file):    52248 kB
Node 1 Unevictable:       17720 kB
Node 1 Mlocked:           17720 kB
Node 1 Dirty:                52 kB
Node 1 Writeback:             0 kB
Node 1 FilePages:         83212 kB
Node 1 Mapped:            19948 kB
Node 1 AnonPages:         20776 kB
Node 1 Shmem:               692 kB
Node 1 KernelStack:        1448 kB
Node 1 PageTables:          508 kB
Node 1 NFS_Unstable:          0 kB
Node 1 Bounce:                0 kB
Node 1 WritebackTmp:          0 kB
Node 1 KReclaimable:      24768 kB
Node 1 Slab:              57520 kB
Node 1 SReclaimable:      24768 kB
Node 1 SUnreclaim:        32752 kB
Node 1 AnonHugePages:         0 kB
Node 1 ShmemHugePages:        0 kB
Node 1 ShmemPmdMapped:        0 kB
Node 1 FileHugePages:        0 kB
Node 1 FilePmdMapped:        0 kB
Node 1 HugePages_Total:     0
Node 1 HugePages_Free:      0
Node 1 HugePages_Surp:      0

Load ZFS
Node 0 MemTotal:       24768352 kB
Node 0 MemFree:        24390688 kB
Node 0 MemUsed:          377664 kB
Node 0 Active:            67904 kB
Node 0 Inactive:          35188 kB
Node 0 Active(anon):      23172 kB
Node 0 Inactive(anon):      396 kB
Node 0 Active(file):      44732 kB
Node 0 Inactive(file):    34792 kB
Node 0 Unevictable:         800 kB
Node 0 Mlocked:             800 kB
Node 0 Dirty:               160 kB
Node 0 Writeback:             0 kB
Node 0 FilePages:         80900 kB
Node 0 Mapped:            23960 kB
Node 0 AnonPages:         22860 kB
Node 0 Shmem:               576 kB
Node 0 KernelStack:        2200 kB
Node 0 PageTables:          580 kB
Node 0 NFS_Unstable:          0 kB
Node 0 Bounce:                0 kB
Node 0 WritebackTmp:          0 kB
Node 0 KReclaimable:      17912 kB
Node 0 Slab:              50648 kB
Node 0 SReclaimable:      17912 kB
Node 0 SUnreclaim:        32736 kB
Node 0 AnonHugePages:         0 kB
Node 0 ShmemHugePages:        0 kB
Node 0 ShmemPmdMapped:        0 kB
Node 0 FileHugePages:        0 kB
Node 0 FilePmdMapped:        0 kB
Node 0 HugePages_Total:     0
Node 0 HugePages_Free:      0
Node 0 HugePages_Surp:      0

Node 1 MemTotal:       24661580 kB
Node 1 MemFree:        24412324 kB
Node 1 MemUsed:          249256 kB
Node 1 Active:            39332 kB
Node 1 Inactive:          53012 kB
Node 1 Active(anon):      15840 kB
Node 1 Inactive(anon):      472 kB
Node 1 Active(file):      23492 kB
Node 1 Inactive(file):    52540 kB
Node 1 Unevictable:       17720 kB
Node 1 Mlocked:           17720 kB
Node 1 Dirty:                52 kB
Node 1 Writeback:             0 kB
Node 1 FilePages:         84116 kB
Node 1 Mapped:            20108 kB
Node 1 AnonPages:         26044 kB
Node 1 Shmem:               692 kB
Node 1 KernelStack:        1512 kB
Node 1 PageTables:          796 kB
Node 1 NFS_Unstable:          0 kB
Node 1 Bounce:                0 kB
Node 1 WritebackTmp:          0 kB
Node 1 KReclaimable:      25216 kB
Node 1 Slab:              59276 kB
Node 1 SReclaimable:      25216 kB
Node 1 SUnreclaim:        34060 kB
Node 1 AnonHugePages:         0 kB
Node 1 ShmemHugePages:        0 kB
Node 1 ShmemPmdMapped:        0 kB
Node 1 FileHugePages:        0 kB
Node 1 FilePmdMapped:        0 kB
Node 1 HugePages_Total:     0
Node 1 HugePages_Free:      0
Node 1 HugePages_Surp:      0

Import tank ZPool
Node 0 MemTotal:       24768352 kB
Node 0 MemFree:        24373264 kB
Node 0 MemUsed:          395088 kB
Node 0 Active:            68748 kB
Node 0 Inactive:          36328 kB
Node 0 Active(anon):      23436 kB
Node 0 Inactive(anon):      400 kB
Node 0 Active(file):      45312 kB
Node 0 Inactive(file):    35928 kB
Node 0 Unevictable:         800 kB
Node 0 Mlocked:             800 kB
Node 0 Dirty:               200 kB
Node 0 Writeback:             0 kB
Node 0 FilePages:         82648 kB
Node 0 Mapped:            24252 kB
Node 0 AnonPages:         23376 kB
Node 0 Shmem:               580 kB
Node 0 KernelStack:        3288 kB
Node 0 PageTables:          656 kB
Node 0 NFS_Unstable:          0 kB
Node 0 Bounce:                0 kB
Node 0 WritebackTmp:          0 kB
Node 0 KReclaimable:      18032 kB
Node 0 Slab:              57388 kB
Node 0 SReclaimable:      18032 kB
Node 0 SUnreclaim:        39356 kB
Node 0 AnonHugePages:         0 kB
Node 0 ShmemHugePages:        0 kB
Node 0 ShmemPmdMapped:        0 kB
Node 0 FileHugePages:        0 kB
Node 0 FilePmdMapped:        0 kB
Node 0 HugePages_Total:     0
Node 0 HugePages_Free:      0
Node 0 HugePages_Surp:      0

Node 1 MemTotal:       24661580 kB
Node 1 MemFree:        24415264 kB
Node 1 MemUsed:          246316 kB
Node 1 Active:            33684 kB
Node 1 Inactive:          53012 kB
Node 1 Active(anon):      10192 kB
Node 1 Inactive(anon):      472 kB
Node 1 Active(file):      23492 kB
Node 1 Inactive(file):    52540 kB
Node 1 Unevictable:       17720 kB
Node 1 Mlocked:           17720 kB
Node 1 Dirty:                60 kB
Node 1 Writeback:             0 kB
Node 1 FilePages:         84112 kB
Node 1 Mapped:            20180 kB
Node 1 AnonPages:         20168 kB
Node 1 Shmem:               688 kB
Node 1 KernelStack:        1480 kB
Node 1 PageTables:          544 kB
Node 1 NFS_Unstable:          0 kB
Node 1 Bounce:                0 kB
Node 1 WritebackTmp:          0 kB
Node 1 KReclaimable:      25216 kB
Node 1 Slab:              59208 kB
Node 1 SReclaimable:      25216 kB
Node 1 SUnreclaim:        33992 kB
Node 1 AnonHugePages:         0 kB
Node 1 ShmemHugePages:        0 kB
Node 1 ShmemPmdMapped:        0 kB
Node 1 FileHugePages:        0 kB
Node 1 FilePmdMapped:        0 kB
Node 1 HugePages_Total:     0
Node 1 HugePages_Free:      0
Node 1 HugePages_Surp:      0

After Test
Node 0 MemTotal:       24768352 kB
Node 0 MemFree:        21332528 kB
Node 0 MemUsed:         3435824 kB
Node 0 Active:            69716 kB
Node 0 Inactive:         161096 kB
Node 0 Active(anon):      23512 kB
Node 0 Inactive(anon):      400 kB
Node 0 Active(file):      46204 kB
Node 0 Inactive(file):   160696 kB
Node 0 Unevictable:         800 kB
Node 0 Mlocked:             800 kB
Node 0 Dirty:                60 kB
Node 0 Writeback:             0 kB
Node 0 FilePages:        208280 kB
Node 0 Mapped:            23968 kB
Node 0 AnonPages:         23284 kB
Node 0 Shmem:               580 kB
Node 0 KernelStack:        3256 kB
Node 0 PageTables:          852 kB
Node 0 NFS_Unstable:          0 kB
Node 0 Bounce:                0 kB
Node 0 WritebackTmp:          0 kB
Node 0 KReclaimable:      18368 kB
Node 0 Slab:              69644 kB
Node 0 SReclaimable:      18368 kB
Node 0 SUnreclaim:        51276 kB
Node 0 AnonHugePages:         0 kB
Node 0 ShmemHugePages:        0 kB
Node 0 ShmemPmdMapped:        0 kB
Node 0 FileHugePages:        0 kB
Node 0 FilePmdMapped:        0 kB
Node 0 HugePages_Total:     0
Node 0 HugePages_Free:      0
Node 0 HugePages_Surp:      0

Node 1 MemTotal:       24661580 kB
Node 1 MemFree:        24419144 kB
Node 1 MemUsed:          242436 kB
Node 1 Active:            33476 kB
Node 1 Inactive:          53456 kB
Node 1 Active(anon):       9676 kB
Node 1 Inactive(anon):      472 kB
Node 1 Active(file):      23800 kB
Node 1 Inactive(file):    52984 kB
Node 1 Unevictable:       17720 kB
Node 1 Mlocked:           17720 kB
Node 1 Dirty:                84 kB
Node 1 Writeback:             0 kB
Node 1 FilePages:         84864 kB
Node 1 Mapped:            20004 kB
Node 1 AnonPages:         19784 kB
Node 1 Shmem:               688 kB
Node 1 KernelStack:        1336 kB
Node 1 PageTables:          472 kB
Node 1 NFS_Unstable:          0 kB
Node 1 Bounce:                0 kB
Node 1 WritebackTmp:          0 kB
Node 1 KReclaimable:      25432 kB
Node 1 Slab:              60280 kB
Node 1 SReclaimable:      25432 kB
Node 1 SUnreclaim:        34848 kB
Node 1 AnonHugePages:         0 kB
Node 1 ShmemHugePages:        0 kB
Node 1 ShmemPmdMapped:        0 kB
Node 1 FileHugePages:        0 kB
Node 1 FilePmdMapped:        0 kB
Node 1 HugePages_Total:     0
Node 1 HugePages_Free:      0
Node 1 HugePages_Surp:      0

After Opposite Node
Node 0 MemTotal:       24768352 kB
Node 0 MemFree:        21329132 kB
Node 0 MemUsed:         3439220 kB
Node 0 Active:            69320 kB
Node 0 Inactive:         161080 kB
Node 0 Active(anon):      23088 kB
Node 0 Inactive(anon):      400 kB
Node 0 Active(file):      46232 kB
Node 0 Inactive(file):   160680 kB
Node 0 Unevictable:         800 kB
Node 0 Mlocked:             800 kB
Node 0 Dirty:                76 kB
Node 0 Writeback:             0 kB
Node 0 FilePages:        208292 kB
Node 0 Mapped:            23968 kB
Node 0 AnonPages:         22964 kB
Node 0 Shmem:               580 kB
Node 0 KernelStack:        3240 kB
Node 0 PageTables:          556 kB
Node 0 NFS_Unstable:          0 kB
Node 0 Bounce:                0 kB
Node 0 WritebackTmp:          0 kB
Node 0 KReclaimable:      18372 kB
Node 0 Slab:              69712 kB
Node 0 SReclaimable:      18372 kB
Node 0 SUnreclaim:        51340 kB
Node 0 AnonHugePages:         0 kB
Node 0 ShmemHugePages:        0 kB
Node 0 ShmemPmdMapped:        0 kB
Node 0 FileHugePages:        0 kB
Node 0 FilePmdMapped:        0 kB
Node 0 HugePages_Total:     0
Node 0 HugePages_Free:      0
Node 0 HugePages_Surp:      0

Node 1 MemTotal:       24661580 kB
Node 1 MemFree:        24418588 kB
Node 1 MemUsed:          242992 kB
Node 1 Active:            34144 kB
Node 1 Inactive:          53220 kB
Node 1 Active(anon):      10092 kB
Node 1 Inactive(anon):      472 kB
Node 1 Active(file):      24052 kB
Node 1 Inactive(file):    52748 kB
Node 1 Unevictable:       17720 kB
Node 1 Mlocked:           17720 kB
Node 1 Dirty:                88 kB
Node 1 Writeback:             0 kB
Node 1 FilePages:         84880 kB
Node 1 Mapped:            19964 kB
Node 1 AnonPages:         20104 kB
Node 1 Shmem:               688 kB
Node 1 KernelStack:        1352 kB
Node 1 PageTables:          768 kB
Node 1 NFS_Unstable:          0 kB
Node 1 Bounce:                0 kB
Node 1 WritebackTmp:          0 kB
Node 1 KReclaimable:      25464 kB
Node 1 Slab:              60924 kB
Node 1 SReclaimable:      25464 kB
Node 1 SUnreclaim:        35460 kB
Node 1 AnonHugePages:         0 kB
Node 1 ShmemHugePages:        0 kB
Node 1 ShmemPmdMapped:        0 kB
Node 1 FileHugePages:        0 kB
Node 1 FilePmdMapped:        0 kB
Node 1 HugePages_Total:     0
Node 1 HugePages_Free:      0
Node 1 HugePages_Surp:      0

U.0.128M-simpleread.2G.3.O.1M Complete!
