kernel.numa_balancing = 0
10 Tests Remaining!
U.0.512M-simpleread.8G.1.O.1M
Begin
Node 0 MemTotal:       24743736 kB
Node 0 MemFree:        24325056 kB
Node 0 MemUsed:          418680 kB
Node 0 Active:            44492 kB
Node 0 Inactive:          95896 kB
Node 0 Active(anon):      22508 kB
Node 0 Inactive(anon):      436 kB
Node 0 Active(file):      21984 kB
Node 0 Inactive(file):    95460 kB
Node 0 Unevictable:         548 kB
Node 0 Mlocked:             548 kB
Node 0 Dirty:               168 kB
Node 0 Writeback:             0 kB
Node 0 FilePages:        118588 kB
Node 0 Mapped:            61640 kB
Node 0 AnonPages:         22024 kB
Node 0 Shmem:               596 kB
Node 0 KernelStack:        2328 kB
Node 0 PageTables:          900 kB
Node 0 NFS_Unstable:          0 kB
Node 0 Bounce:                0 kB
Node 0 WritebackTmp:          0 kB
Node 0 KReclaimable:      24092 kB
Node 0 Slab:              61984 kB
Node 0 SReclaimable:      24092 kB
Node 0 SUnreclaim:        37892 kB
Node 0 AnonHugePages:         0 kB
Node 0 ShmemHugePages:        0 kB
Node 0 ShmemPmdMapped:        0 kB
Node 0 FileHugePages:        0 kB
Node 0 FilePmdMapped:        0 kB
Node 0 HugePages_Total:     0
Node 0 HugePages_Free:      0
Node 0 HugePages_Surp:      0

Node 1 MemTotal:       24686196 kB
Node 1 MemFree:        24434140 kB
Node 1 MemUsed:          252056 kB
Node 1 Active:            54452 kB
Node 1 Inactive:          52160 kB
Node 1 Active(anon):      11540 kB
Node 1 Inactive(anon):      448 kB
Node 1 Active(file):      42912 kB
Node 1 Inactive(file):    51712 kB
Node 1 Unevictable:       17976 kB
Node 1 Mlocked:           17976 kB
Node 1 Dirty:                44 kB
Node 1 Writeback:             0 kB
Node 1 FilePages:        102956 kB
Node 1 Mapped:            23480 kB
Node 1 AnonPages:         21460 kB
Node 1 Shmem:               672 kB
Node 1 KernelStack:        1544 kB
Node 1 PageTables:          556 kB
Node 1 NFS_Unstable:          0 kB
Node 1 Bounce:                0 kB
Node 1 WritebackTmp:          0 kB
Node 1 KReclaimable:      18200 kB
Node 1 Slab:              45080 kB
Node 1 SReclaimable:      18200 kB
Node 1 SUnreclaim:        26880 kB
Node 1 AnonHugePages:         0 kB
Node 1 ShmemHugePages:        0 kB
Node 1 ShmemPmdMapped:        0 kB
Node 1 FileHugePages:        0 kB
Node 1 FilePmdMapped:        0 kB
Node 1 HugePages_Total:     0
Node 1 HugePages_Free:      0
Node 1 HugePages_Surp:      0

Load ZFS
Node 0 MemTotal:       24743736 kB
Node 0 MemFree:        24321176 kB
Node 0 MemUsed:          422560 kB
Node 0 Active:            52188 kB
Node 0 Inactive:          91604 kB
Node 0 Active(anon):      23792 kB
Node 0 Inactive(anon):      436 kB
Node 0 Active(file):      28396 kB
Node 0 Inactive(file):    91168 kB
Node 0 Unevictable:         548 kB
Node 0 Mlocked:             548 kB
Node 0 Dirty:               196 kB
Node 0 Writeback:             0 kB
Node 0 FilePages:        120708 kB
Node 0 Mapped:            61580 kB
Node 0 AnonPages:         23540 kB
Node 0 Shmem:               596 kB
Node 0 KernelStack:        2216 kB
Node 0 PageTables:          828 kB
Node 0 NFS_Unstable:          0 kB
Node 0 Bounce:                0 kB
Node 0 WritebackTmp:          0 kB
Node 0 KReclaimable:      24312 kB
Node 0 Slab:              62664 kB
Node 0 SReclaimable:      24312 kB
Node 0 SUnreclaim:        38352 kB
Node 0 AnonHugePages:         0 kB
Node 0 ShmemHugePages:        0 kB
Node 0 ShmemPmdMapped:        0 kB
Node 0 FileHugePages:        0 kB
Node 0 FilePmdMapped:        0 kB
Node 0 HugePages_Total:     0
Node 0 HugePages_Free:      0
Node 0 HugePages_Surp:      0

Node 1 MemTotal:       24686196 kB
Node 1 MemFree:        24427828 kB
Node 1 MemUsed:          258368 kB
Node 1 Active:            59416 kB
Node 1 Inactive:          52332 kB
Node 1 Active(anon):      16260 kB
Node 1 Inactive(anon):      448 kB
Node 1 Active(file):      43156 kB
Node 1 Inactive(file):    51884 kB
Node 1 Unevictable:       17976 kB
Node 1 Mlocked:           17976 kB
Node 1 Dirty:                48 kB
Node 1 Writeback:             0 kB
Node 1 FilePages:        103356 kB
Node 1 Mapped:            23536 kB
Node 1 AnonPages:         26488 kB
Node 1 Shmem:               672 kB
Node 1 KernelStack:        1592 kB
Node 1 PageTables:          956 kB
Node 1 NFS_Unstable:          0 kB
Node 1 Bounce:                0 kB
Node 1 WritebackTmp:          0 kB
Node 1 KReclaimable:      18516 kB
Node 1 Slab:              46552 kB
Node 1 SReclaimable:      18516 kB
Node 1 SUnreclaim:        28036 kB
Node 1 AnonHugePages:         0 kB
Node 1 ShmemHugePages:        0 kB
Node 1 ShmemPmdMapped:        0 kB
Node 1 FileHugePages:        0 kB
Node 1 FilePmdMapped:        0 kB
Node 1 HugePages_Total:     0
Node 1 HugePages_Free:      0
Node 1 HugePages_Surp:      0

Import tank ZPool
Node 0 MemTotal:       24743736 kB
Node 0 MemFree:        24310632 kB
Node 0 MemUsed:          433104 kB
Node 0 Active:            51456 kB
Node 0 Inactive:          92812 kB
Node 0 Active(anon):      22576 kB
Node 0 Inactive(anon):      440 kB
Node 0 Active(file):      28880 kB
Node 0 Inactive(file):    92372 kB
Node 0 Unevictable:         548 kB
Node 0 Mlocked:             548 kB
Node 0 Dirty:               232 kB
Node 0 Writeback:             0 kB
Node 0 FilePages:        122412 kB
Node 0 Mapped:            61884 kB
Node 0 AnonPages:         22484 kB
Node 0 Shmem:               600 kB
Node 0 KernelStack:        3256 kB
Node 0 PageTables:          900 kB
Node 0 NFS_Unstable:          0 kB
Node 0 Bounce:                0 kB
Node 0 WritebackTmp:          0 kB
Node 0 KReclaimable:      24456 kB
Node 0 Slab:              70096 kB
Node 0 SReclaimable:      24456 kB
Node 0 SUnreclaim:        45640 kB
Node 0 AnonHugePages:         0 kB
Node 0 ShmemHugePages:        0 kB
Node 0 ShmemPmdMapped:        0 kB
Node 0 FileHugePages:        0 kB
Node 0 FilePmdMapped:        0 kB
Node 0 HugePages_Total:     0
Node 0 HugePages_Free:      0
Node 0 HugePages_Surp:      0

Node 1 MemTotal:       24686196 kB
Node 1 MemFree:        24419364 kB
Node 1 MemUsed:          266832 kB
Node 1 Active:            53964 kB
Node 1 Inactive:          52336 kB
Node 1 Active(anon):      10784 kB
Node 1 Inactive(anon):      448 kB
Node 1 Active(file):      43180 kB
Node 1 Inactive(file):    51888 kB
Node 1 Unevictable:       17976 kB
Node 1 Mlocked:           17976 kB
Node 1 Dirty:                52 kB
Node 1 Writeback:             0 kB
Node 1 FilePages:        103396 kB
Node 1 Mapped:            23644 kB
Node 1 AnonPages:         20892 kB
Node 1 Shmem:               668 kB
Node 1 KernelStack:        1496 kB
Node 1 PageTables:          412 kB
Node 1 NFS_Unstable:          0 kB
Node 1 Bounce:                0 kB
Node 1 WritebackTmp:          0 kB
Node 1 KReclaimable:      18516 kB
Node 1 Slab:              47180 kB
Node 1 SReclaimable:      18516 kB
Node 1 SUnreclaim:        28664 kB
Node 1 AnonHugePages:         0 kB
Node 1 ShmemHugePages:        0 kB
Node 1 ShmemPmdMapped:        0 kB
Node 1 FileHugePages:        0 kB
Node 1 FilePmdMapped:        0 kB
Node 1 HugePages_Total:     0
Node 1 HugePages_Free:      0
Node 1 HugePages_Surp:      0

After Test
Node 0 MemTotal:       24743736 kB
Node 0 MemFree:        15392312 kB
Node 0 MemUsed:         9351424 kB
Node 0 Active:            52152 kB
Node 0 Inactive:         592488 kB
Node 0 Active(anon):      22540 kB
Node 0 Inactive(anon):      436 kB
Node 0 Active(file):      29612 kB
Node 0 Inactive(file):   592052 kB
Node 0 Unevictable:         548 kB
Node 0 Mlocked:             548 kB
Node 0 Dirty:                36 kB
Node 0 Writeback:             0 kB
Node 0 FilePages:        622884 kB
Node 0 Mapped:            61608 kB
Node 0 AnonPages:         22528 kB
Node 0 Shmem:               596 kB
Node 0 KernelStack:        3176 kB
Node 0 PageTables:          944 kB
Node 0 NFS_Unstable:          0 kB
Node 0 Bounce:                0 kB
Node 0 WritebackTmp:          0 kB
Node 0 KReclaimable:      25628 kB
Node 0 Slab:              99752 kB
Node 0 SReclaimable:      25628 kB
Node 0 SUnreclaim:        74124 kB
Node 0 AnonHugePages:         0 kB
Node 0 ShmemHugePages:        0 kB
Node 0 ShmemPmdMapped:        0 kB
Node 0 FileHugePages:        0 kB
Node 0 FilePmdMapped:        0 kB
Node 0 HugePages_Total:     0
Node 0 HugePages_Free:      0
Node 0 HugePages_Surp:      0

Node 1 MemTotal:       24686196 kB
Node 1 MemFree:        23607180 kB
Node 1 MemUsed:         1079016 kB
Node 1 Active:            53848 kB
Node 1 Inactive:          52276 kB
Node 1 Active(anon):      10500 kB
Node 1 Inactive(anon):      452 kB
Node 1 Active(file):      43348 kB
Node 1 Inactive(file):    51824 kB
Node 1 Unevictable:       17976 kB
Node 1 Mlocked:           17976 kB
Node 1 Dirty:                12 kB
Node 1 Writeback:             0 kB
Node 1 FilePages:        103536 kB
Node 1 Mapped:            23412 kB
Node 1 AnonPages:         20612 kB
Node 1 Shmem:               672 kB
Node 1 KernelStack:        1432 kB
Node 1 PageTables:          412 kB
Node 1 NFS_Unstable:          0 kB
Node 1 Bounce:                0 kB
Node 1 WritebackTmp:          0 kB
Node 1 KReclaimable:      18744 kB
Node 1 Slab:              51828 kB
Node 1 SReclaimable:      18744 kB
Node 1 SUnreclaim:        33084 kB
Node 1 AnonHugePages:         0 kB
Node 1 ShmemHugePages:        0 kB
Node 1 ShmemPmdMapped:        0 kB
Node 1 FileHugePages:        0 kB
Node 1 FilePmdMapped:        0 kB
Node 1 HugePages_Total:     0
Node 1 HugePages_Free:      0
Node 1 HugePages_Surp:      0

After Opposite Node
Node 0 MemTotal:       24743736 kB
Node 0 MemFree:        15392868 kB
Node 0 MemUsed:         9350868 kB
Node 0 Active:            51836 kB
Node 0 Inactive:         592552 kB
Node 0 Active(anon):      22200 kB
Node 0 Inactive(anon):      436 kB
Node 0 Active(file):      29636 kB
Node 0 Inactive(file):   592116 kB
Node 0 Unevictable:         548 kB
Node 0 Mlocked:             548 kB
Node 0 Dirty:                48 kB
Node 0 Writeback:             0 kB
Node 0 FilePages:        622896 kB
Node 0 Mapped:            61604 kB
Node 0 AnonPages:         22072 kB
Node 0 Shmem:               596 kB
Node 0 KernelStack:        3160 kB
Node 0 PageTables:          788 kB
Node 0 NFS_Unstable:          0 kB
Node 0 Bounce:                0 kB
Node 0 WritebackTmp:          0 kB
Node 0 KReclaimable:      25628 kB
Node 0 Slab:              99668 kB
Node 0 SReclaimable:      25628 kB
Node 0 SUnreclaim:        74040 kB
Node 0 AnonHugePages:         0 kB
Node 0 ShmemHugePages:        0 kB
Node 0 ShmemPmdMapped:        0 kB
Node 0 FileHugePages:        0 kB
Node 0 FilePmdMapped:        0 kB
Node 0 HugePages_Total:     0
Node 0 HugePages_Free:      0
Node 0 HugePages_Surp:      0

Node 1 MemTotal:       24686196 kB
Node 1 MemFree:        23604676 kB
Node 1 MemUsed:         1081520 kB
Node 1 Active:            54564 kB
Node 1 Inactive:          52048 kB
Node 1 Active(anon):      10936 kB
Node 1 Inactive(anon):      452 kB
Node 1 Active(file):      43628 kB
Node 1 Inactive(file):    51596 kB
Node 1 Unevictable:       17976 kB
Node 1 Mlocked:           17976 kB
Node 1 Dirty:                24 kB
Node 1 Writeback:             0 kB
Node 1 FilePages:        103556 kB
Node 1 Mapped:            23488 kB
Node 1 AnonPages:         20972 kB
Node 1 Shmem:               672 kB
Node 1 KernelStack:        1448 kB
Node 1 PageTables:          572 kB
Node 1 NFS_Unstable:          0 kB
Node 1 Bounce:                0 kB
Node 1 WritebackTmp:          0 kB
Node 1 KReclaimable:      18816 kB
Node 1 Slab:              53204 kB
Node 1 SReclaimable:      18816 kB
Node 1 SUnreclaim:        34388 kB
Node 1 AnonHugePages:         0 kB
Node 1 ShmemHugePages:        0 kB
Node 1 ShmemPmdMapped:        0 kB
Node 1 FileHugePages:        0 kB
Node 1 FilePmdMapped:        0 kB
Node 1 HugePages_Total:     0
Node 1 HugePages_Free:      0
Node 1 HugePages_Surp:      0

U.0.512M-simpleread.8G.1.O.1M Complete!
