kernel.numa_balancing = 0
U.0.32M-simpleread.2-1G.1.O.1M
Begin
Node 0 MemTotal:       24768352 kB
Node 0 MemFree:        24491228 kB
Node 0 MemUsed:          277124 kB
Node 0 Active:            73396 kB
Node 0 Inactive:          40492 kB
Node 0 Active(anon):      26528 kB
Node 0 Inactive(anon):      576 kB
Node 0 Active(file):      46868 kB
Node 0 Inactive(file):    39916 kB
Node 0 Unevictable:       18156 kB
Node 0 Mlocked:           18156 kB
Node 0 Dirty:               188 kB
Node 0 Writeback:             0 kB
Node 0 FilePages:         95852 kB
Node 0 Mapped:            41988 kB
Node 0 AnonPages:         36680 kB
Node 0 Shmem:               796 kB
Node 0 KernelStack:        2296 kB
Node 0 PageTables:          708 kB
Node 0 NFS_Unstable:          0 kB
Node 0 Bounce:                0 kB
Node 0 WritebackTmp:          0 kB
Node 0 KReclaimable:      21000 kB
Node 0 Slab:              61952 kB
Node 0 SReclaimable:      21000 kB
Node 0 SUnreclaim:        40952 kB
Node 0 AnonHugePages:         0 kB
Node 0 ShmemHugePages:        0 kB
Node 0 ShmemPmdMapped:        0 kB
Node 0 FileHugePages:        0 kB
Node 0 FilePmdMapped:        0 kB
Node 0 HugePages_Total:     0
Node 0 HugePages_Free:      0
Node 0 HugePages_Surp:      0

Node 1 MemTotal:       24661580 kB
Node 1 MemFree:        24290924 kB
Node 1 MemUsed:          370656 kB
Node 1 Active:            23828 kB
Node 1 Inactive:          82468 kB
Node 1 Active(anon):       7112 kB
Node 1 Inactive(anon):      312 kB
Node 1 Active(file):      16716 kB
Node 1 Inactive(file):    82156 kB
Node 1 Unevictable:         368 kB
Node 1 Mlocked:             368 kB
Node 1 Dirty:               148 kB
Node 1 Writeback:             0 kB
Node 1 FilePages:         99712 kB
Node 1 Mapped:            28556 kB
Node 1 AnonPages:          7072 kB
Node 1 Shmem:               472 kB
Node 1 KernelStack:        1352 kB
Node 1 PageTables:          464 kB
Node 1 NFS_Unstable:          0 kB
Node 1 Bounce:                0 kB
Node 1 WritebackTmp:          0 kB
Node 1 KReclaimable:      21144 kB
Node 1 Slab:              44868 kB
Node 1 SReclaimable:      21144 kB
Node 1 SUnreclaim:        23724 kB
Node 1 AnonHugePages:         0 kB
Node 1 ShmemHugePages:        0 kB
Node 1 ShmemPmdMapped:        0 kB
Node 1 FileHugePages:        0 kB
Node 1 FilePmdMapped:        0 kB
Node 1 HugePages_Total:     0
Node 1 HugePages_Free:      0
Node 1 HugePages_Surp:      0

Load ZFS
Node 0 MemTotal:       24768352 kB
Node 0 MemFree:        24350076 kB
Node 0 MemUsed:          418276 kB
Node 0 Active:            75164 kB
Node 0 Inactive:          40944 kB
Node 0 Active(anon):      27212 kB
Node 0 Inactive(anon):      580 kB
Node 0 Active(file):      47952 kB
Node 0 Inactive(file):    40364 kB
Node 0 Unevictable:       18156 kB
Node 0 Mlocked:           18156 kB
Node 0 Dirty:                88 kB
Node 0 Writeback:            88 kB
Node 0 FilePages:         96936 kB
Node 0 Mapped:            42148 kB
Node 0 AnonPages:         37244 kB
Node 0 Shmem:               796 kB
Node 0 KernelStack:        2328 kB
Node 0 PageTables:          788 kB
Node 0 NFS_Unstable:          0 kB
Node 0 Bounce:                0 kB
Node 0 WritebackTmp:          0 kB
Node 0 KReclaimable:      21496 kB
Node 0 Slab:              64356 kB
Node 0 SReclaimable:      21496 kB
Node 0 SUnreclaim:        42860 kB
Node 0 AnonHugePages:         0 kB
Node 0 ShmemHugePages:        0 kB
Node 0 ShmemPmdMapped:        0 kB
Node 0 FileHugePages:        0 kB
Node 0 FilePmdMapped:        0 kB
Node 0 HugePages_Total:     0
Node 0 HugePages_Free:      0
Node 0 HugePages_Surp:      0

Node 1 MemTotal:       24661580 kB
Node 1 MemFree:        24418280 kB
Node 1 MemUsed:          243300 kB
Node 1 Active:            36820 kB
Node 1 Inactive:          77960 kB
Node 1 Active(anon):      14276 kB
Node 1 Inactive(anon):      312 kB
Node 1 Active(file):      22544 kB
Node 1 Inactive(file):    77648 kB
Node 1 Unevictable:         368 kB
Node 1 Mlocked:             368 kB
Node 1 Dirty:                16 kB
Node 1 Writeback:           144 kB
Node 1 FilePages:        101032 kB
Node 1 Mapped:            28556 kB
Node 1 AnonPages:         14152 kB
Node 1 Shmem:               472 kB
Node 1 KernelStack:        1496 kB
Node 1 PageTables:          892 kB
Node 1 NFS_Unstable:          0 kB
Node 1 Bounce:                0 kB
Node 1 WritebackTmp:          0 kB
Node 1 KReclaimable:      21548 kB
Node 1 Slab:              46752 kB
Node 1 SReclaimable:      21548 kB
Node 1 SUnreclaim:        25204 kB
Node 1 AnonHugePages:         0 kB
Node 1 ShmemHugePages:        0 kB
Node 1 ShmemPmdMapped:        0 kB
Node 1 FileHugePages:        0 kB
Node 1 FilePmdMapped:        0 kB
Node 1 HugePages_Total:     0
Node 1 HugePages_Free:      0
Node 1 HugePages_Surp:      0

Import tank ZPool
Node 0 MemTotal:       24768352 kB
Node 0 MemFree:        24351904 kB
Node 0 MemUsed:          416448 kB
Node 0 Active:            74580 kB
Node 0 Inactive:          40944 kB
Node 0 Active(anon):      26628 kB
Node 0 Inactive(anon):      580 kB
Node 0 Active(file):      47952 kB
Node 0 Inactive(file):    40364 kB
Node 0 Unevictable:       18156 kB
Node 0 Mlocked:           18156 kB
Node 0 Dirty:                36 kB
Node 0 Writeback:             0 kB
Node 0 FilePages:         96972 kB
Node 0 Mapped:            42244 kB
Node 0 AnonPages:         36600 kB
Node 0 Shmem:               792 kB
Node 0 KernelStack:        2296 kB
Node 0 PageTables:          724 kB
Node 0 NFS_Unstable:          0 kB
Node 0 Bounce:                0 kB
Node 0 WritebackTmp:          0 kB
Node 0 KReclaimable:      21512 kB
Node 0 Slab:              64384 kB
Node 0 SReclaimable:      21512 kB
Node 0 SUnreclaim:        42872 kB
Node 0 AnonHugePages:         0 kB
Node 0 ShmemHugePages:        0 kB
Node 0 ShmemPmdMapped:        0 kB
Node 0 FileHugePages:        0 kB
Node 0 FilePmdMapped:        0 kB
Node 0 HugePages_Total:     0
Node 0 HugePages_Free:      0
Node 0 HugePages_Surp:      0

Node 1 MemTotal:       24661580 kB
Node 1 MemFree:        24402744 kB
Node 1 MemUsed:          258836 kB
Node 1 Active:            29796 kB
Node 1 Inactive:          79116 kB
Node 1 Active(anon):       6756 kB
Node 1 Inactive(anon):      316 kB
Node 1 Active(file):      23040 kB
Node 1 Inactive(file):    78800 kB
Node 1 Unevictable:         368 kB
Node 1 Mlocked:             368 kB
Node 1 Dirty:                60 kB
Node 1 Writeback:             0 kB
Node 1 FilePages:        102736 kB
Node 1 Mapped:            28788 kB
Node 1 AnonPages:          6368 kB
Node 1 Shmem:               476 kB
Node 1 KernelStack:        2476 kB
Node 1 PageTables:          720 kB
Node 1 NFS_Unstable:          0 kB
Node 1 Bounce:                0 kB
Node 1 WritebackTmp:          0 kB
Node 1 KReclaimable:      21684 kB
Node 1 Slab:              52520 kB
Node 1 SReclaimable:      21684 kB
Node 1 SUnreclaim:        30836 kB
Node 1 AnonHugePages:         0 kB
Node 1 ShmemHugePages:        0 kB
Node 1 ShmemPmdMapped:        0 kB
Node 1 FileHugePages:        0 kB
Node 1 FilePmdMapped:        0 kB
Node 1 HugePages_Total:     0
Node 1 HugePages_Free:      0
Node 1 HugePages_Surp:      0

After Test
Node 0 MemTotal:       24768352 kB
Node 0 MemFree:        23268248 kB
Node 0 MemUsed:         1500104 kB
Node 0 Active:            75336 kB
Node 0 Inactive:          72128 kB
Node 0 Active(anon):      26824 kB
Node 0 Inactive(anon):      580 kB
Node 0 Active(file):      48512 kB
Node 0 Inactive(file):    71548 kB
Node 0 Unevictable:       18156 kB
Node 0 Mlocked:           18156 kB
Node 0 Dirty:                48 kB
Node 0 Writeback:             0 kB
Node 0 FilePages:        128676 kB
Node 0 Mapped:            42276 kB
Node 0 AnonPages:         36988 kB
Node 0 Shmem:               792 kB
Node 0 KernelStack:        2280 kB
Node 0 PageTables:          748 kB
Node 0 NFS_Unstable:          0 kB
Node 0 Bounce:                0 kB
Node 0 WritebackTmp:          0 kB
Node 0 KReclaimable:      21668 kB
Node 0 Slab:              70352 kB
Node 0 SReclaimable:      21668 kB
Node 0 SUnreclaim:        48684 kB
Node 0 AnonHugePages:         0 kB
Node 0 ShmemHugePages:        0 kB
Node 0 ShmemPmdMapped:        0 kB
Node 0 FileHugePages:        0 kB
Node 0 FilePmdMapped:        0 kB
Node 0 HugePages_Total:     0
Node 0 HugePages_Free:      0
Node 0 HugePages_Surp:      0

Node 1 MemTotal:       24661580 kB
Node 1 MemFree:        23593948 kB
Node 1 MemUsed:         1067632 kB
Node 1 Active:            29724 kB
Node 1 Inactive:          78884 kB
Node 1 Active(anon):       6364 kB
Node 1 Inactive(anon):      316 kB
Node 1 Active(file):      23360 kB
Node 1 Inactive(file):    78568 kB
Node 1 Unevictable:         368 kB
Node 1 Mlocked:             368 kB
Node 1 Dirty:                48 kB
Node 1 Writeback:             0 kB
Node 1 FilePages:        102772 kB
Node 1 Mapped:            28556 kB
Node 1 AnonPages:          6248 kB
Node 1 Shmem:               476 kB
Node 1 KernelStack:        2360 kB
Node 1 PageTables:          392 kB
Node 1 NFS_Unstable:          0 kB
Node 1 Bounce:                0 kB
Node 1 WritebackTmp:          0 kB
Node 1 KReclaimable:      21724 kB
Node 1 Slab:              56148 kB
Node 1 SReclaimable:      21724 kB
Node 1 SUnreclaim:        34424 kB
Node 1 AnonHugePages:         0 kB
Node 1 ShmemHugePages:        0 kB
Node 1 ShmemPmdMapped:        0 kB
Node 1 FileHugePages:        0 kB
Node 1 FilePmdMapped:        0 kB
Node 1 HugePages_Total:     0
Node 1 HugePages_Free:      0
Node 1 HugePages_Surp:      0

After Opposite Node
Node 0 MemTotal:       24768352 kB
Node 0 MemFree:        23268756 kB
Node 0 MemUsed:         1499596 kB
Node 0 Active:            74996 kB
Node 0 Inactive:          71916 kB
Node 0 Active(anon):      26264 kB
Node 0 Inactive(anon):      580 kB
Node 0 Active(file):      48732 kB
Node 0 Inactive(file):    71336 kB
Node 0 Unevictable:       18156 kB
Node 0 Mlocked:           18156 kB
Node 0 Dirty:                56 kB
Node 0 Writeback:             0 kB
Node 0 FilePages:        128684 kB
Node 0 Mapped:            42028 kB
Node 0 AnonPages:         36428 kB
Node 0 Shmem:               792 kB
Node 0 KernelStack:        2280 kB
Node 0 PageTables:          720 kB
Node 0 NFS_Unstable:          0 kB
Node 0 Bounce:                0 kB
Node 0 WritebackTmp:          0 kB
Node 0 KReclaimable:      21668 kB
Node 0 Slab:              70416 kB
Node 0 SReclaimable:      21668 kB
Node 0 SUnreclaim:        48748 kB
Node 0 AnonHugePages:         0 kB
Node 0 ShmemHugePages:        0 kB
Node 0 ShmemPmdMapped:        0 kB
Node 0 FileHugePages:        0 kB
Node 0 FilePmdMapped:        0 kB
Node 0 HugePages_Total:     0
Node 0 HugePages_Free:      0
Node 0 HugePages_Surp:      0

Node 1 MemTotal:       24661580 kB
Node 1 MemFree:        23590172 kB
Node 1 MemUsed:         1071408 kB
Node 1 Active:            30212 kB
Node 1 Inactive:          78872 kB
Node 1 Active(anon):       6824 kB
Node 1 Inactive(anon):      316 kB
Node 1 Active(file):      23388 kB
Node 1 Inactive(file):    78556 kB
Node 1 Unevictable:         368 kB
Node 1 Mlocked:             368 kB
Node 1 Dirty:                60 kB
Node 1 Writeback:             0 kB
Node 1 FilePages:        102788 kB
Node 1 Mapped:            28556 kB
Node 1 AnonPages:          6576 kB
Node 1 Shmem:               476 kB
Node 1 KernelStack:        2440 kB
Node 1 PageTables:          508 kB
Node 1 NFS_Unstable:          0 kB
Node 1 Bounce:                0 kB
Node 1 WritebackTmp:          0 kB
Node 1 KReclaimable:      21788 kB
Node 1 Slab:              56664 kB
Node 1 SReclaimable:      21788 kB
Node 1 SUnreclaim:        34876 kB
Node 1 AnonHugePages:         0 kB
Node 1 ShmemHugePages:        0 kB
Node 1 ShmemPmdMapped:        0 kB
Node 1 FileHugePages:        0 kB
Node 1 FilePmdMapped:        0 kB
Node 1 HugePages_Total:     0
Node 1 HugePages_Free:      0
Node 1 HugePages_Surp:      0

U.0.32M-simpleread.2-1G.1.O.1M Complete!
