kernel.numa_balancing = 0
U.0.64M-simpleread.8G.2.O.1M
Begin
Node 0 MemTotal:       24743736 kB
Node 0 MemFree:        24382156 kB
Node 0 MemUsed:          361580 kB
Node 0 Active:            42676 kB
Node 0 Inactive:          51464 kB
Node 0 Active(anon):       9436 kB
Node 0 Inactive(anon):      300 kB
Node 0 Active(file):      33240 kB
Node 0 Inactive(file):    51164 kB
Node 0 Unevictable:         968 kB
Node 0 Mlocked:             968 kB
Node 0 Dirty:               120 kB
Node 0 Writeback:             0 kB
Node 0 FilePages:         85836 kB
Node 0 Mapped:            14192 kB
Node 0 AnonPages:          9316 kB
Node 0 Shmem:               460 kB
Node 0 KernelStack:        2152 kB
Node 0 PageTables:          328 kB
Node 0 NFS_Unstable:          0 kB
Node 0 Bounce:                0 kB
Node 0 WritebackTmp:          0 kB
Node 0 KReclaimable:      18424 kB
Node 0 Slab:              48760 kB
Node 0 SReclaimable:      18424 kB
Node 0 SUnreclaim:        30336 kB
Node 0 AnonHugePages:         0 kB
Node 0 ShmemHugePages:        0 kB
Node 0 ShmemPmdMapped:        0 kB
Node 0 FileHugePages:        0 kB
Node 0 FilePmdMapped:        0 kB
Node 0 HugePages_Total:     0
Node 0 HugePages_Free:      0
Node 0 HugePages_Surp:      0

Node 1 MemTotal:       24686196 kB
Node 1 MemFree:        24439692 kB
Node 1 MemUsed:          246504 kB
Node 1 Active:            52420 kB
Node 1 Inactive:          33528 kB
Node 1 Active(anon):      24480 kB
Node 1 Inactive(anon):      580 kB
Node 1 Active(file):      27940 kB
Node 1 Inactive(file):    32948 kB
Node 1 Unevictable:       17556 kB
Node 1 Mlocked:           17556 kB
Node 1 Dirty:               300 kB
Node 1 Writeback:             0 kB
Node 1 FilePages:         69356 kB
Node 1 Mapped:            30088 kB
Node 1 AnonPages:         34580 kB
Node 1 Shmem:               808 kB
Node 1 KernelStack:        1480 kB
Node 1 PageTables:          656 kB
Node 1 NFS_Unstable:          0 kB
Node 1 Bounce:                0 kB
Node 1 WritebackTmp:          0 kB
Node 1 KReclaimable:      23384 kB
Node 1 Slab:              57036 kB
Node 1 SReclaimable:      23384 kB
Node 1 SUnreclaim:        33652 kB
Node 1 AnonHugePages:         0 kB
Node 1 ShmemHugePages:        0 kB
Node 1 ShmemPmdMapped:        0 kB
Node 1 FileHugePages:        0 kB
Node 1 FilePmdMapped:        0 kB
Node 1 HugePages_Total:     0
Node 1 HugePages_Free:      0
Node 1 HugePages_Surp:      0

Load ZFS
Node 0 MemTotal:       24743736 kB
Node 0 MemFree:        24509480 kB
Node 0 MemUsed:          234256 kB
Node 0 Active:            54564 kB
Node 0 Inactive:          47272 kB
Node 0 Active(anon):      16448 kB
Node 0 Inactive(anon):      300 kB
Node 0 Active(file):      38116 kB
Node 0 Inactive(file):    46972 kB
Node 0 Unevictable:         968 kB
Node 0 Mlocked:             968 kB
Node 0 Dirty:               136 kB
Node 0 Writeback:             0 kB
Node 0 FilePages:         86516 kB
Node 0 Mapped:            14180 kB
Node 0 AnonPages:         16372 kB
Node 0 Shmem:               460 kB
Node 0 KernelStack:        2264 kB
Node 0 PageTables:          832 kB
Node 0 NFS_Unstable:          0 kB
Node 0 Bounce:                0 kB
Node 0 WritebackTmp:          0 kB
Node 0 KReclaimable:      18956 kB
Node 0 Slab:              50524 kB
Node 0 SReclaimable:      18956 kB
Node 0 SUnreclaim:        31568 kB
Node 0 AnonHugePages:         0 kB
Node 0 ShmemHugePages:        0 kB
Node 0 ShmemPmdMapped:        0 kB
Node 0 FileHugePages:        0 kB
Node 0 FilePmdMapped:        0 kB
Node 0 HugePages_Total:     0
Node 0 HugePages_Free:      0
Node 0 HugePages_Surp:      0

Node 1 MemTotal:       24686196 kB
Node 1 MemFree:        24298176 kB
Node 1 MemUsed:          388020 kB
Node 1 Active:            56152 kB
Node 1 Inactive:          33620 kB
Node 1 Active(anon):      26132 kB
Node 1 Inactive(anon):      580 kB
Node 1 Active(file):      30020 kB
Node 1 Inactive(file):    33040 kB
Node 1 Unevictable:       17556 kB
Node 1 Mlocked:           17556 kB
Node 1 Dirty:               344 kB
Node 1 Writeback:             0 kB
Node 1 FilePages:         71092 kB
Node 1 Mapped:            30224 kB
Node 1 AnonPages:         36152 kB
Node 1 Shmem:               808 kB
Node 1 KernelStack:        1576 kB
Node 1 PageTables:          700 kB
Node 1 NFS_Unstable:          0 kB
Node 1 Bounce:                0 kB
Node 1 WritebackTmp:          0 kB
Node 1 KReclaimable:      23932 kB
Node 1 Slab:              59644 kB
Node 1 SReclaimable:      23932 kB
Node 1 SUnreclaim:        35712 kB
Node 1 AnonHugePages:         0 kB
Node 1 ShmemHugePages:        0 kB
Node 1 ShmemPmdMapped:        0 kB
Node 1 FileHugePages:        0 kB
Node 1 FilePmdMapped:        0 kB
Node 1 HugePages_Total:     0
Node 1 HugePages_Free:      0
Node 1 HugePages_Surp:      0

Import tank ZPool
Node 0 MemTotal:       24743736 kB
Node 0 MemFree:        24500288 kB
Node 0 MemUsed:          243448 kB
Node 0 Active:            47008 kB
Node 0 Inactive:          47272 kB
Node 0 Active(anon):       8700 kB
Node 0 Inactive(anon):      300 kB
Node 0 Active(file):      38308 kB
Node 0 Inactive(file):    46972 kB
Node 0 Unevictable:         968 kB
Node 0 Mlocked:             968 kB
Node 0 Dirty:               144 kB
Node 0 Writeback:             0 kB
Node 0 FilePages:         86732 kB
Node 0 Mapped:            14200 kB
Node 0 AnonPages:          8216 kB
Node 0 Shmem:               460 kB
Node 0 KernelStack:        3256 kB
Node 0 PageTables:          380 kB
Node 0 NFS_Unstable:          0 kB
Node 0 Bounce:                0 kB
Node 0 WritebackTmp:          0 kB
Node 0 KReclaimable:      18972 kB
Node 0 Slab:              52960 kB
Node 0 SReclaimable:      18972 kB
Node 0 SUnreclaim:        33988 kB
Node 0 AnonHugePages:         0 kB
Node 0 ShmemHugePages:        0 kB
Node 0 ShmemPmdMapped:        0 kB
Node 0 FileHugePages:        0 kB
Node 0 FilePmdMapped:        0 kB
Node 0 HugePages_Total:     0
Node 0 HugePages_Free:      0
Node 0 HugePages_Surp:      0

Node 1 MemTotal:       24686196 kB
Node 1 MemFree:        24293380 kB
Node 1 MemUsed:          392816 kB
Node 1 Active:            55032 kB
Node 1 Inactive:          34760 kB
Node 1 Active(anon):      24680 kB
Node 1 Inactive(anon):      584 kB
Node 1 Active(file):      30352 kB
Node 1 Inactive(file):    34176 kB
Node 1 Unevictable:       17556 kB
Node 1 Mlocked:           17556 kB
Node 1 Dirty:               152 kB
Node 1 Writeback:             0 kB
Node 1 FilePages:         72560 kB
Node 1 Mapped:            30264 kB
Node 1 AnonPages:         34496 kB
Node 1 Shmem:               808 kB
Node 1 KernelStack:        1528 kB
Node 1 PageTables:          720 kB
Node 1 NFS_Unstable:          0 kB
Node 1 Bounce:                0 kB
Node 1 WritebackTmp:          0 kB
Node 1 KReclaimable:      24048 kB
Node 1 Slab:              63900 kB
Node 1 SReclaimable:      24048 kB
Node 1 SUnreclaim:        39852 kB
Node 1 AnonHugePages:         0 kB
Node 1 ShmemHugePages:        0 kB
Node 1 ShmemPmdMapped:        0 kB
Node 1 FileHugePages:        0 kB
Node 1 FilePmdMapped:        0 kB
Node 1 HugePages_Total:     0
Node 1 HugePages_Free:      0
Node 1 HugePages_Surp:      0

After Test
Node 0 MemTotal:       24743736 kB
Node 0 MemFree:        15201876 kB
Node 0 MemUsed:         9541860 kB
Node 0 Active:            47604 kB
Node 0 Inactive:         109848 kB
Node 0 Active(anon):       8748 kB
Node 0 Inactive(anon):      296 kB
Node 0 Active(file):      38856 kB
Node 0 Inactive(file):   109552 kB
Node 0 Unevictable:         968 kB
Node 0 Mlocked:             968 kB
Node 0 Dirty:                 4 kB
Node 0 Writeback:             0 kB
Node 0 FilePages:        149856 kB
Node 0 Mapped:            14192 kB
Node 0 AnonPages:          8312 kB
Node 0 Shmem:               456 kB
Node 0 KernelStack:        3112 kB
Node 0 PageTables:          500 kB
Node 0 NFS_Unstable:          0 kB
Node 0 Bounce:                0 kB
Node 0 WritebackTmp:          0 kB
Node 0 KReclaimable:      19340 kB
Node 0 Slab:              85732 kB
Node 0 SReclaimable:      19340 kB
Node 0 SUnreclaim:        66392 kB
Node 0 AnonHugePages:         0 kB
Node 0 ShmemHugePages:        0 kB
Node 0 ShmemPmdMapped:        0 kB
Node 0 FileHugePages:        0 kB
Node 0 FilePmdMapped:        0 kB
Node 0 HugePages_Total:     0
Node 0 HugePages_Free:      0
Node 0 HugePages_Surp:      0

Node 1 MemTotal:       24686196 kB
Node 1 MemFree:        24298404 kB
Node 1 MemUsed:          387792 kB
Node 1 Active:            55068 kB
Node 1 Inactive:          34480 kB
Node 1 Active(anon):      24400 kB
Node 1 Inactive(anon):      588 kB
Node 1 Active(file):      30668 kB
Node 1 Inactive(file):    33892 kB
Node 1 Unevictable:       17556 kB
Node 1 Mlocked:           17556 kB
Node 1 Dirty:                24 kB
Node 1 Writeback:             0 kB
Node 1 FilePages:         72596 kB
Node 1 Mapped:            30068 kB
Node 1 AnonPages:         34556 kB
Node 1 Shmem:               812 kB
Node 1 KernelStack:        1464 kB
Node 1 PageTables:          672 kB
Node 1 NFS_Unstable:          0 kB
Node 1 Bounce:                0 kB
Node 1 WritebackTmp:          0 kB
Node 1 KReclaimable:      24088 kB
Node 1 Slab:              64656 kB
Node 1 SReclaimable:      24088 kB
Node 1 SUnreclaim:        40568 kB
Node 1 AnonHugePages:         0 kB
Node 1 ShmemHugePages:        0 kB
Node 1 ShmemPmdMapped:        0 kB
Node 1 FileHugePages:        0 kB
Node 1 FilePmdMapped:        0 kB
Node 1 HugePages_Total:     0
Node 1 HugePages_Free:      0
Node 1 HugePages_Surp:      0

After Opposite Node
Node 0 MemTotal:       24743736 kB
Node 0 MemFree:        15200796 kB
Node 0 MemUsed:         9542940 kB
Node 0 Active:            47188 kB
Node 0 Inactive:         109848 kB
Node 0 Active(anon):       8304 kB
Node 0 Inactive(anon):      296 kB
Node 0 Active(file):      38884 kB
Node 0 Inactive(file):   109552 kB
Node 0 Unevictable:         968 kB
Node 0 Mlocked:             968 kB
Node 0 Dirty:                20 kB
Node 0 Writeback:             0 kB
Node 0 FilePages:        149868 kB
Node 0 Mapped:            14188 kB
Node 0 AnonPages:          8144 kB
Node 0 Shmem:               456 kB
Node 0 KernelStack:        3096 kB
Node 0 PageTables:          328 kB
Node 0 NFS_Unstable:          0 kB
Node 0 Bounce:                0 kB
Node 0 WritebackTmp:          0 kB
Node 0 KReclaimable:      19340 kB
Node 0 Slab:              85324 kB
Node 0 SReclaimable:      19340 kB
Node 0 SUnreclaim:        65984 kB
Node 0 AnonHugePages:         0 kB
Node 0 ShmemHugePages:        0 kB
Node 0 ShmemPmdMapped:        0 kB
Node 0 FileHugePages:        0 kB
Node 0 FilePmdMapped:        0 kB
Node 0 HugePages_Total:     0
Node 0 HugePages_Free:      0
Node 0 HugePages_Surp:      0

Node 1 MemTotal:       24686196 kB
Node 1 MemFree:        24295856 kB
Node 1 MemUsed:          390340 kB
Node 1 Active:            55768 kB
Node 1 Inactive:          34224 kB
Node 1 Active(anon):      24828 kB
Node 1 Inactive(anon):      588 kB
Node 1 Active(file):      30940 kB
Node 1 Inactive(file):    33636 kB
Node 1 Unevictable:       17556 kB
Node 1 Mlocked:           17556 kB
Node 1 Dirty:                56 kB
Node 1 Writeback:             0 kB
Node 1 FilePages:         72612 kB
Node 1 Mapped:            30348 kB
Node 1 AnonPages:         34736 kB
Node 1 Shmem:               812 kB
Node 1 KernelStack:        1480 kB
Node 1 PageTables:          852 kB
Node 1 NFS_Unstable:          0 kB
Node 1 Bounce:                0 kB
Node 1 WritebackTmp:          0 kB
Node 1 KReclaimable:      24128 kB
Node 1 Slab:              65948 kB
Node 1 SReclaimable:      24128 kB
Node 1 SUnreclaim:        41820 kB
Node 1 AnonHugePages:         0 kB
Node 1 ShmemHugePages:        0 kB
Node 1 ShmemPmdMapped:        0 kB
Node 1 FileHugePages:        0 kB
Node 1 FilePmdMapped:        0 kB
Node 1 HugePages_Total:     0
Node 1 HugePages_Free:      0
Node 1 HugePages_Surp:      0

U.0.64M-simpleread.8G.2.O.1M Complete!
