kernel.numa_balancing = 0
U.0.64M-simpleread.2G.3.O.1M
Begin
Node 0 MemTotal:       24768352 kB
Node 0 MemFree:        24586736 kB
Node 0 MemUsed:          181616 kB
Node 0 Active:            46584 kB
Node 0 Inactive:          12104 kB
Node 0 Active(anon):      10652 kB
Node 0 Inactive(anon):      328 kB
Node 0 Active(file):      35932 kB
Node 0 Inactive(file):    11776 kB
Node 0 Unevictable:        1028 kB
Node 0 Mlocked:            1028 kB
Node 0 Dirty:               264 kB
Node 0 Writeback:             0 kB
Node 0 FilePages:         49664 kB
Node 0 Mapped:             9940 kB
Node 0 AnonPages:         10488 kB
Node 0 Shmem:               492 kB
Node 0 KernelStack:        1992 kB
Node 0 PageTables:          328 kB
Node 0 NFS_Unstable:          0 kB
Node 0 Bounce:                0 kB
Node 0 WritebackTmp:          0 kB
Node 0 KReclaimable:      16780 kB
Node 0 Slab:              42544 kB
Node 0 SReclaimable:      16780 kB
Node 0 SUnreclaim:        25764 kB
Node 0 AnonHugePages:         0 kB
Node 0 ShmemHugePages:        0 kB
Node 0 ShmemPmdMapped:        0 kB
Node 0 FileHugePages:        0 kB
Node 0 FilePmdMapped:        0 kB
Node 0 HugePages_Total:     0
Node 0 HugePages_Free:      0
Node 0 HugePages_Surp:      0

Node 1 MemTotal:       24661580 kB
Node 1 MemFree:        24192192 kB
Node 1 MemUsed:          469388 kB
Node 1 Active:            49800 kB
Node 1 Inactive:         114728 kB
Node 1 Active(anon):      23200 kB
Node 1 Inactive(anon):      548 kB
Node 1 Active(file):      26600 kB
Node 1 Inactive(file):   114180 kB
Node 1 Unevictable:       17496 kB
Node 1 Mlocked:           17496 kB
Node 1 Dirty:               260 kB
Node 1 Writeback:             0 kB
Node 1 FilePages:        148720 kB
Node 1 Mapped:            62216 kB
Node 1 AnonPages:         33384 kB
Node 1 Shmem:               776 kB
Node 1 KernelStack:        1608 kB
Node 1 PageTables:          836 kB
Node 1 NFS_Unstable:          0 kB
Node 1 Bounce:                0 kB
Node 1 WritebackTmp:          0 kB
Node 1 KReclaimable:      24612 kB
Node 1 Slab:              62104 kB
Node 1 SReclaimable:      24612 kB
Node 1 SUnreclaim:        37492 kB
Node 1 AnonHugePages:         0 kB
Node 1 ShmemHugePages:        0 kB
Node 1 ShmemPmdMapped:        0 kB
Node 1 FileHugePages:        0 kB
Node 1 FilePmdMapped:        0 kB
Node 1 HugePages_Total:     0
Node 1 HugePages_Free:      0
Node 1 HugePages_Surp:      0

Load ZFS
Node 0 MemTotal:       24768352 kB
Node 0 MemFree:        24446520 kB
Node 0 MemUsed:          321832 kB
Node 0 Active:            48568 kB
Node 0 Inactive:          12728 kB
Node 0 Active(anon):      11376 kB
Node 0 Inactive(anon):      328 kB
Node 0 Active(file):      37192 kB
Node 0 Inactive(file):    12400 kB
Node 0 Unevictable:        1028 kB
Node 0 Mlocked:            1028 kB
Node 0 Dirty:               264 kB
Node 0 Writeback:             0 kB
Node 0 FilePages:         51112 kB
Node 0 Mapped:            10100 kB
Node 0 AnonPages:         10832 kB
Node 0 Shmem:               492 kB
Node 0 KernelStack:        1992 kB
Node 0 PageTables:          400 kB
Node 0 NFS_Unstable:          0 kB
Node 0 Bounce:                0 kB
Node 0 WritebackTmp:          0 kB
Node 0 KReclaimable:      17360 kB
Node 0 Slab:              45036 kB
Node 0 SReclaimable:      17360 kB
Node 0 SUnreclaim:        27676 kB
Node 0 AnonHugePages:         0 kB
Node 0 ShmemHugePages:        0 kB
Node 0 ShmemPmdMapped:        0 kB
Node 0 FileHugePages:        0 kB
Node 0 FilePmdMapped:        0 kB
Node 0 HugePages_Total:     0
Node 0 HugePages_Free:      0
Node 0 HugePages_Surp:      0

Node 1 MemTotal:       24661580 kB
Node 1 MemFree:        24321420 kB
Node 1 MemUsed:          340160 kB
Node 1 Active:            60544 kB
Node 1 Inactive:         110004 kB
Node 1 Active(anon):      28252 kB
Node 1 Inactive(anon):      548 kB
Node 1 Active(file):      32292 kB
Node 1 Inactive(file):   109456 kB
Node 1 Unevictable:       17496 kB
Node 1 Mlocked:           17496 kB
Node 1 Dirty:               292 kB
Node 1 Writeback:             0 kB
Node 1 FilePages:        149688 kB
Node 1 Mapped:            62216 kB
Node 1 AnonPages:         38464 kB
Node 1 Shmem:               776 kB
Node 1 KernelStack:        1752 kB
Node 1 PageTables:         1156 kB
Node 1 NFS_Unstable:          0 kB
Node 1 Bounce:                0 kB
Node 1 WritebackTmp:          0 kB
Node 1 KReclaimable:      25112 kB
Node 1 Slab:              63480 kB
Node 1 SReclaimable:      25112 kB
Node 1 SUnreclaim:        38368 kB
Node 1 AnonHugePages:         0 kB
Node 1 ShmemHugePages:        0 kB
Node 1 ShmemPmdMapped:        0 kB
Node 1 FileHugePages:        0 kB
Node 1 FilePmdMapped:        0 kB
Node 1 HugePages_Total:     0
Node 1 HugePages_Free:      0
Node 1 HugePages_Surp:      0

Import tank ZPool
Node 0 MemTotal:       24768352 kB
Node 0 MemFree:        24433188 kB
Node 0 MemUsed:          335164 kB
Node 0 Active:            49308 kB
Node 0 Inactive:          13964 kB
Node 0 Active(anon):      11668 kB
Node 0 Inactive(anon):      332 kB
Node 0 Active(file):      37640 kB
Node 0 Inactive(file):    13632 kB
Node 0 Unevictable:        1028 kB
Node 0 Mlocked:            1028 kB
Node 0 Dirty:                36 kB
Node 0 Writeback:             0 kB
Node 0 FilePages:         52812 kB
Node 0 Mapped:            10196 kB
Node 0 AnonPages:         11340 kB
Node 0 Shmem:               492 kB
Node 0 KernelStack:        2040 kB
Node 0 PageTables:          492 kB
Node 0 NFS_Unstable:          0 kB
Node 0 Bounce:                0 kB
Node 0 WritebackTmp:          0 kB
Node 0 KReclaimable:      17464 kB
Node 0 Slab:              50280 kB
Node 0 SReclaimable:      17464 kB
Node 0 SUnreclaim:        32816 kB
Node 0 AnonHugePages:         0 kB
Node 0 ShmemHugePages:        0 kB
Node 0 ShmemPmdMapped:        0 kB
Node 0 FileHugePages:        0 kB
Node 0 FilePmdMapped:        0 kB
Node 0 HugePages_Total:     0
Node 0 HugePages_Free:      0
Node 0 HugePages_Surp:      0

Node 1 MemTotal:       24661580 kB
Node 1 MemFree:        24311548 kB
Node 1 MemUsed:          350032 kB
Node 1 Active:            60740 kB
Node 1 Inactive:         109964 kB
Node 1 Active(anon):      28376 kB
Node 1 Inactive(anon):      548 kB
Node 1 Active(file):      32364 kB
Node 1 Inactive(file):   109416 kB
Node 1 Unevictable:       17496 kB
Node 1 Mlocked:           17496 kB
Node 1 Dirty:               356 kB
Node 1 Writeback:             0 kB
Node 1 FilePages:        149740 kB
Node 1 Mapped:            62476 kB
Node 1 AnonPages:         38528 kB
Node 1 Shmem:               776 kB
Node 1 KernelStack:        2856 kB
Node 1 PageTables:         1156 kB
Node 1 NFS_Unstable:          0 kB
Node 1 Bounce:                0 kB
Node 1 WritebackTmp:          0 kB
Node 1 KReclaimable:      25112 kB
Node 1 Slab:              65920 kB
Node 1 SReclaimable:      25112 kB
Node 1 SUnreclaim:        40808 kB
Node 1 AnonHugePages:         0 kB
Node 1 ShmemHugePages:        0 kB
Node 1 ShmemPmdMapped:        0 kB
Node 1 FileHugePages:        0 kB
Node 1 FilePmdMapped:        0 kB
Node 1 HugePages_Total:     0
Node 1 HugePages_Free:      0
Node 1 HugePages_Surp:      0

After Test
Node 0 MemTotal:       24768352 kB
Node 0 MemFree:        21450588 kB
Node 0 MemUsed:         3317764 kB
Node 0 Active:            49424 kB
Node 0 Inactive:          76192 kB
Node 0 Active(anon):      11028 kB
Node 0 Inactive(anon):      332 kB
Node 0 Active(file):      38396 kB
Node 0 Inactive(file):    75860 kB
Node 0 Unevictable:        1028 kB
Node 0 Mlocked:            1028 kB
Node 0 Dirty:                 8 kB
Node 0 Writeback:             0 kB
Node 0 FilePages:        115776 kB
Node 0 Mapped:            10236 kB
Node 0 AnonPages:         10684 kB
Node 0 Shmem:               492 kB
Node 0 KernelStack:        1848 kB
Node 0 PageTables:          512 kB
Node 0 NFS_Unstable:          0 kB
Node 0 Bounce:                0 kB
Node 0 WritebackTmp:          0 kB
Node 0 KReclaimable:      17700 kB
Node 0 Slab:              62868 kB
Node 0 SReclaimable:      17700 kB
Node 0 SUnreclaim:        45168 kB
Node 0 AnonHugePages:         0 kB
Node 0 ShmemHugePages:        0 kB
Node 0 ShmemPmdMapped:        0 kB
Node 0 FileHugePages:        0 kB
Node 0 FilePmdMapped:        0 kB
Node 0 HugePages_Total:     0
Node 0 HugePages_Free:      0
Node 0 HugePages_Surp:      0

Node 1 MemTotal:       24661580 kB
Node 1 MemFree:        24319256 kB
Node 1 MemUsed:          342324 kB
Node 1 Active:            54536 kB
Node 1 Inactive:         109964 kB
Node 1 Active(anon):      22116 kB
Node 1 Inactive(anon):      548 kB
Node 1 Active(file):      32420 kB
Node 1 Inactive(file):   109416 kB
Node 1 Unevictable:       17496 kB
Node 1 Mlocked:           17496 kB
Node 1 Dirty:                28 kB
Node 1 Writeback:             0 kB
Node 1 FilePages:        149788 kB
Node 1 Mapped:            62232 kB
Node 1 AnonPages:         32216 kB
Node 1 Shmem:               776 kB
Node 1 KernelStack:        2664 kB
Node 1 PageTables:          764 kB
Node 1 NFS_Unstable:          0 kB
Node 1 Bounce:                0 kB
Node 1 WritebackTmp:          0 kB
Node 1 KReclaimable:      25112 kB
Node 1 Slab:              66324 kB
Node 1 SReclaimable:      25112 kB
Node 1 SUnreclaim:        41212 kB
Node 1 AnonHugePages:         0 kB
Node 1 ShmemHugePages:        0 kB
Node 1 ShmemPmdMapped:        0 kB
Node 1 FileHugePages:        0 kB
Node 1 FilePmdMapped:        0 kB
Node 1 HugePages_Total:     0
Node 1 HugePages_Free:      0
Node 1 HugePages_Surp:      0

After Opposite Node
Node 0 MemTotal:       24768352 kB
Node 0 MemFree:        21450320 kB
Node 0 MemUsed:         3318032 kB
Node 0 Active:            49380 kB
Node 0 Inactive:          75932 kB
Node 0 Active(anon):      10708 kB
Node 0 Inactive(anon):      332 kB
Node 0 Active(file):      38672 kB
Node 0 Inactive(file):    75600 kB
Node 0 Unevictable:        1028 kB
Node 0 Mlocked:            1028 kB
Node 0 Dirty:                28 kB
Node 0 Writeback:             0 kB
Node 0 FilePages:        115792 kB
Node 0 Mapped:            10016 kB
Node 0 AnonPages:         10576 kB
Node 0 Shmem:               492 kB
Node 0 KernelStack:        1848 kB
Node 0 PageTables:          372 kB
Node 0 NFS_Unstable:          0 kB
Node 0 Bounce:                0 kB
Node 0 WritebackTmp:          0 kB
Node 0 KReclaimable:      17708 kB
Node 0 Slab:              63004 kB
Node 0 SReclaimable:      17708 kB
Node 0 SUnreclaim:        45296 kB
Node 0 AnonHugePages:         0 kB
Node 0 ShmemHugePages:        0 kB
Node 0 ShmemPmdMapped:        0 kB
Node 0 FileHugePages:        0 kB
Node 0 FilePmdMapped:        0 kB
Node 0 HugePages_Total:     0
Node 0 HugePages_Free:      0
Node 0 HugePages_Surp:      0

Node 1 MemTotal:       24661580 kB
Node 1 MemFree:        24317408 kB
Node 1 MemUsed:          344172 kB
Node 1 Active:            54860 kB
Node 1 Inactive:         109968 kB
Node 1 Active(anon):      22424 kB
Node 1 Inactive(anon):      548 kB
Node 1 Active(file):      32436 kB
Node 1 Inactive(file):   109420 kB
Node 1 Unevictable:       17496 kB
Node 1 Mlocked:           17496 kB
Node 1 Dirty:                32 kB
Node 1 Writeback:             0 kB
Node 1 FilePages:        149796 kB
Node 1 Mapped:            62220 kB
Node 1 AnonPages:         32688 kB
Node 1 Shmem:               776 kB
Node 1 KernelStack:        2744 kB
Node 1 PageTables:          836 kB
Node 1 NFS_Unstable:          0 kB
Node 1 Bounce:                0 kB
Node 1 WritebackTmp:          0 kB
Node 1 KReclaimable:      25144 kB
Node 1 Slab:              66876 kB
Node 1 SReclaimable:      25144 kB
Node 1 SUnreclaim:        41732 kB
Node 1 AnonHugePages:         0 kB
Node 1 ShmemHugePages:        0 kB
Node 1 ShmemPmdMapped:        0 kB
Node 1 FileHugePages:        0 kB
Node 1 FilePmdMapped:        0 kB
Node 1 HugePages_Total:     0
Node 1 HugePages_Free:      0
Node 1 HugePages_Surp:      0

U.0.64M-simpleread.2G.3.O.1M Complete!
