kernel.numa_balancing = 0
U.0.512M-simpleread.2G.2.O.1M
Begin
Node 0 MemTotal:       24768352 kB
Node 0 MemFree:        24400144 kB
Node 0 MemUsed:          368208 kB
Node 0 Active:            37280 kB
Node 0 Inactive:          45476 kB
Node 0 Active(anon):      14172 kB
Node 0 Inactive(anon):      280 kB
Node 0 Active(file):      23108 kB
Node 0 Inactive(file):    45196 kB
Node 0 Unevictable:       18444 kB
Node 0 Mlocked:           18444 kB
Node 0 Dirty:                76 kB
Node 0 Writeback:             0 kB
Node 0 FilePages:         76840 kB
Node 0 Mapped:            20256 kB
Node 0 AnonPages:         24392 kB
Node 0 Shmem:               424 kB
Node 0 KernelStack:        1912 kB
Node 0 PageTables:          476 kB
Node 0 NFS_Unstable:          0 kB
Node 0 Bounce:                0 kB
Node 0 WritebackTmp:          0 kB
Node 0 KReclaimable:      20672 kB
Node 0 Slab:              50044 kB
Node 0 SReclaimable:      20672 kB
Node 0 SUnreclaim:        29372 kB
Node 0 AnonHugePages:         0 kB
Node 0 ShmemHugePages:        0 kB
Node 0 ShmemPmdMapped:        0 kB
Node 0 FileHugePages:        0 kB
Node 0 FilePmdMapped:        0 kB
Node 0 HugePages_Total:     0
Node 0 HugePages_Free:      0
Node 0 HugePages_Surp:      0

Node 1 MemTotal:       24661580 kB
Node 1 MemFree:        24390864 kB
Node 1 MemUsed:          270716 kB
Node 1 Active:            60240 kB
Node 1 Inactive:          69948 kB
Node 1 Active(anon):      19476 kB
Node 1 Inactive(anon):      596 kB
Node 1 Active(file):      40764 kB
Node 1 Inactive(file):    69352 kB
Node 1 Unevictable:          80 kB
Node 1 Mlocked:              80 kB
Node 1 Dirty:               448 kB
Node 1 Writeback:             0 kB
Node 1 FilePages:        111088 kB
Node 1 Mapped:            41992 kB
Node 1 AnonPages:         19248 kB
Node 1 Shmem:               844 kB
Node 1 KernelStack:        1688 kB
Node 1 PageTables:          696 kB
Node 1 NFS_Unstable:          0 kB
Node 1 Bounce:                0 kB
Node 1 WritebackTmp:          0 kB
Node 1 KReclaimable:      22048 kB
Node 1 Slab:              57124 kB
Node 1 SReclaimable:      22048 kB
Node 1 SUnreclaim:        35076 kB
Node 1 AnonHugePages:         0 kB
Node 1 ShmemHugePages:        0 kB
Node 1 ShmemPmdMapped:        0 kB
Node 1 FileHugePages:        0 kB
Node 1 FilePmdMapped:        0 kB
Node 1 HugePages_Total:     0
Node 1 HugePages_Free:      0
Node 1 HugePages_Surp:      0

Load ZFS
Node 0 MemTotal:       24768352 kB
Node 0 MemFree:        24524040 kB
Node 0 MemUsed:          244312 kB
Node 0 Active:            41500 kB
Node 0 Inactive:          45980 kB
Node 0 Active(anon):      17636 kB
Node 0 Inactive(anon):      284 kB
Node 0 Active(file):      23864 kB
Node 0 Inactive(file):    45696 kB
Node 0 Unevictable:       18444 kB
Node 0 Mlocked:           18444 kB
Node 0 Dirty:                80 kB
Node 0 Writeback:             0 kB
Node 0 FilePages:         78096 kB
Node 0 Mapped:            20416 kB
Node 0 AnonPages:         27960 kB
Node 0 Shmem:               424 kB
Node 0 KernelStack:        1976 kB
Node 0 PageTables:          716 kB
Node 0 NFS_Unstable:          0 kB
Node 0 Bounce:                0 kB
Node 0 WritebackTmp:          0 kB
Node 0 KReclaimable:      21152 kB
Node 0 Slab:              51488 kB
Node 0 SReclaimable:      21152 kB
Node 0 SUnreclaim:        30336 kB
Node 0 AnonHugePages:         0 kB
Node 0 ShmemHugePages:        0 kB
Node 0 ShmemPmdMapped:        0 kB
Node 0 FileHugePages:        0 kB
Node 0 FilePmdMapped:        0 kB
Node 0 HugePages_Total:     0
Node 0 HugePages_Free:      0
Node 0 HugePages_Surp:      0

Node 1 MemTotal:       24661580 kB
Node 1 MemFree:        24256804 kB
Node 1 MemUsed:          404776 kB
Node 1 Active:            67244 kB
Node 1 Inactive:          65488 kB
Node 1 Active(anon):      20708 kB
Node 1 Inactive(anon):      596 kB
Node 1 Active(file):      46536 kB
Node 1 Inactive(file):    64892 kB
Node 1 Unevictable:          80 kB
Node 1 Mlocked:              80 kB
Node 1 Dirty:               472 kB
Node 1 Writeback:             0 kB
Node 1 FilePages:        112352 kB
Node 1 Mapped:            41992 kB
Node 1 AnonPages:         20384 kB
Node 1 Shmem:               844 kB
Node 1 KernelStack:        1720 kB
Node 1 PageTables:          768 kB
Node 1 NFS_Unstable:          0 kB
Node 1 Bounce:                0 kB
Node 1 WritebackTmp:          0 kB
Node 1 KReclaimable:      22420 kB
Node 1 Slab:              59012 kB
Node 1 SReclaimable:      22420 kB
Node 1 SUnreclaim:        36592 kB
Node 1 AnonHugePages:         0 kB
Node 1 ShmemHugePages:        0 kB
Node 1 ShmemPmdMapped:        0 kB
Node 1 FileHugePages:        0 kB
Node 1 FilePmdMapped:        0 kB
Node 1 HugePages_Total:     0
Node 1 HugePages_Free:      0
Node 1 HugePages_Surp:      0

Import tank ZPool
Node 0 MemTotal:       24768352 kB
Node 0 MemFree:        24527096 kB
Node 0 MemUsed:          241256 kB
Node 0 Active:            37192 kB
Node 0 Inactive:          45976 kB
Node 0 Active(anon):      13284 kB
Node 0 Inactive(anon):      284 kB
Node 0 Active(file):      23908 kB
Node 0 Inactive(file):    45692 kB
Node 0 Unevictable:       18444 kB
Node 0 Mlocked:           18444 kB
Node 0 Dirty:               104 kB
Node 0 Writeback:             0 kB
Node 0 FilePages:         78132 kB
Node 0 Mapped:            20484 kB
Node 0 AnonPages:         23476 kB
Node 0 Shmem:               420 kB
Node 0 KernelStack:        1880 kB
Node 0 PageTables:          396 kB
Node 0 NFS_Unstable:          0 kB
Node 0 Bounce:                0 kB
Node 0 WritebackTmp:          0 kB
Node 0 KReclaimable:      21152 kB
Node 0 Slab:              51484 kB
Node 0 SReclaimable:      21152 kB
Node 0 SUnreclaim:        30332 kB
Node 0 AnonHugePages:         0 kB
Node 0 ShmemHugePages:        0 kB
Node 0 ShmemPmdMapped:        0 kB
Node 0 FileHugePages:        0 kB
Node 0 FilePmdMapped:        0 kB
Node 0 HugePages_Total:     0
Node 0 HugePages_Free:      0
Node 0 HugePages_Surp:      0

Node 1 MemTotal:       24661580 kB
Node 1 MemFree:        24240316 kB
Node 1 MemUsed:          421264 kB
Node 1 Active:            67144 kB
Node 1 Inactive:          66608 kB
Node 1 Active(anon):      20008 kB
Node 1 Inactive(anon):      600 kB
Node 1 Active(file):      47136 kB
Node 1 Inactive(file):    66008 kB
Node 1 Unevictable:          80 kB
Node 1 Mlocked:              80 kB
Node 1 Dirty:               280 kB
Node 1 Writeback:             0 kB
Node 1 FilePages:        114072 kB
Node 1 Mapped:            42276 kB
Node 1 AnonPages:         19828 kB
Node 1 Shmem:               848 kB
Node 1 KernelStack:        2824 kB
Node 1 PageTables:          812 kB
Node 1 NFS_Unstable:          0 kB
Node 1 Bounce:                0 kB
Node 1 WritebackTmp:          0 kB
Node 1 KReclaimable:      22548 kB
Node 1 Slab:              65904 kB
Node 1 SReclaimable:      22548 kB
Node 1 SUnreclaim:        43356 kB
Node 1 AnonHugePages:         0 kB
Node 1 ShmemHugePages:        0 kB
Node 1 ShmemPmdMapped:        0 kB
Node 1 FileHugePages:        0 kB
Node 1 FilePmdMapped:        0 kB
Node 1 HugePages_Total:     0
Node 1 HugePages_Free:      0
Node 1 HugePages_Surp:      0

After Test
Node 0 MemTotal:       24768352 kB
Node 0 MemFree:        21923436 kB
Node 0 MemUsed:         2844916 kB
Node 0 Active:            37968 kB
Node 0 Inactive:         546000 kB
Node 0 Active(anon):      13600 kB
Node 0 Inactive(anon):      284 kB
Node 0 Active(file):      24368 kB
Node 0 Inactive(file):   545716 kB
Node 0 Unevictable:       18444 kB
Node 0 Mlocked:           18444 kB
Node 0 Dirty:                20 kB
Node 0 Writeback:             0 kB
Node 0 FilePages:        578616 kB
Node 0 Mapped:            20264 kB
Node 0 AnonPages:         23676 kB
Node 0 Shmem:               420 kB
Node 0 KernelStack:        1848 kB
Node 0 PageTables:          552 kB
Node 0 NFS_Unstable:          0 kB
Node 0 Bounce:                0 kB
Node 0 WritebackTmp:          0 kB
Node 0 KReclaimable:      22340 kB
Node 0 Slab:              61848 kB
Node 0 SReclaimable:      22340 kB
Node 0 SUnreclaim:        39508 kB
Node 0 AnonHugePages:         0 kB
Node 0 ShmemHugePages:        0 kB
Node 0 ShmemPmdMapped:        0 kB
Node 0 FileHugePages:        0 kB
Node 0 FilePmdMapped:        0 kB
Node 0 HugePages_Total:     0
Node 0 HugePages_Free:      0
Node 0 HugePages_Surp:      0

Node 1 MemTotal:       24661580 kB
Node 1 MemFree:        23424572 kB
Node 1 MemUsed:         1237008 kB
Node 1 Active:            66972 kB
Node 1 Inactive:          66336 kB
Node 1 Active(anon):      19532 kB
Node 1 Inactive(anon):      600 kB
Node 1 Active(file):      47440 kB
Node 1 Inactive(file):    65736 kB
Node 1 Unevictable:          80 kB
Node 1 Mlocked:              80 kB
Node 1 Dirty:                 8 kB
Node 1 Writeback:             0 kB
Node 1 FilePages:        114104 kB
Node 1 Mapped:            42040 kB
Node 1 AnonPages:         19284 kB
Node 1 Shmem:               848 kB
Node 1 KernelStack:        2728 kB
Node 1 PageTables:          700 kB
Node 1 NFS_Unstable:          0 kB
Node 1 Bounce:                0 kB
Node 1 WritebackTmp:          0 kB
Node 1 KReclaimable:      22620 kB
Node 1 Slab:              69720 kB
Node 1 SReclaimable:      22620 kB
Node 1 SUnreclaim:        47100 kB
Node 1 AnonHugePages:         0 kB
Node 1 ShmemHugePages:        0 kB
Node 1 ShmemPmdMapped:        0 kB
Node 1 FileHugePages:        0 kB
Node 1 FilePmdMapped:        0 kB
Node 1 HugePages_Total:     0
Node 1 HugePages_Free:      0
Node 1 HugePages_Surp:      0

After Opposite Node
Node 0 MemTotal:       24768352 kB
Node 0 MemFree:        21923672 kB
Node 0 MemUsed:         2844680 kB
Node 0 Active:            37492 kB
Node 0 Inactive:         546000 kB
Node 0 Active(anon):      13120 kB
Node 0 Inactive(anon):      284 kB
Node 0 Active(file):      24372 kB
Node 0 Inactive(file):   545716 kB
Node 0 Unevictable:       18444 kB
Node 0 Mlocked:           18444 kB
Node 0 Dirty:                24 kB
Node 0 Writeback:             0 kB
Node 0 FilePages:        578620 kB
Node 0 Mapped:            20264 kB
Node 0 AnonPages:         23312 kB
Node 0 Shmem:               420 kB
Node 0 KernelStack:        1816 kB
Node 0 PageTables:          396 kB
Node 0 NFS_Unstable:          0 kB
Node 0 Bounce:                0 kB
Node 0 WritebackTmp:          0 kB
Node 0 KReclaimable:      22340 kB
Node 0 Slab:              61824 kB
Node 0 SReclaimable:      22340 kB
Node 0 SUnreclaim:        39484 kB
Node 0 AnonHugePages:         0 kB
Node 0 ShmemHugePages:        0 kB
Node 0 ShmemPmdMapped:        0 kB
Node 0 FileHugePages:        0 kB
Node 0 FilePmdMapped:        0 kB
Node 0 HugePages_Total:     0
Node 0 HugePages_Free:      0
Node 0 HugePages_Surp:      0

Node 1 MemTotal:       24661580 kB
Node 1 MemFree:        23424484 kB
Node 1 MemUsed:         1237096 kB
Node 1 Active:            67616 kB
Node 1 Inactive:          66056 kB
Node 1 Active(anon):      19884 kB
Node 1 Inactive(anon):      600 kB
Node 1 Active(file):      47732 kB
Node 1 Inactive(file):    65456 kB
Node 1 Unevictable:          80 kB
Node 1 Mlocked:              80 kB
Node 1 Dirty:                24 kB
Node 1 Writeback:             0 kB
Node 1 FilePages:        114120 kB
Node 1 Mapped:            42068 kB
Node 1 AnonPages:         19500 kB
Node 1 Shmem:               848 kB
Node 1 KernelStack:        2760 kB
Node 1 PageTables:          652 kB
Node 1 NFS_Unstable:          0 kB
Node 1 Bounce:                0 kB
Node 1 WritebackTmp:          0 kB
Node 1 KReclaimable:      22652 kB
Node 1 Slab:              70212 kB
Node 1 SReclaimable:      22652 kB
Node 1 SUnreclaim:        47560 kB
Node 1 AnonHugePages:         0 kB
Node 1 ShmemHugePages:        0 kB
Node 1 ShmemPmdMapped:        0 kB
Node 1 FileHugePages:        0 kB
Node 1 FilePmdMapped:        0 kB
Node 1 HugePages_Total:     0
Node 1 HugePages_Free:      0
Node 1 HugePages_Surp:      0

U.0.512M-simpleread.2G.2.O.1M Complete!
