kernel.numa_balancing = 0
5 Tests Remaining!
U.0.1M-simpleread.16G.3.O.1M
Begin
Node 0 MemTotal:       24768352 kB
Node 0 MemFree:        24389412 kB
Node 0 MemUsed:          378940 kB
Node 0 Active:            59288 kB
Node 0 Inactive:          47536 kB
Node 0 Active(anon):      21668 kB
Node 0 Inactive(anon):      288 kB
Node 0 Active(file):      37620 kB
Node 0 Inactive(file):    47248 kB
Node 0 Unevictable:        1332 kB
Node 0 Mlocked:            1332 kB
Node 0 Dirty:                36 kB
Node 0 Writeback:             0 kB
Node 0 FilePages:         86628 kB
Node 0 Mapped:            30892 kB
Node 0 AnonPages:         21652 kB
Node 0 Shmem:               428 kB
Node 0 KernelStack:        2408 kB
Node 0 PageTables:          880 kB
Node 0 NFS_Unstable:          0 kB
Node 0 Bounce:                0 kB
Node 0 WritebackTmp:          0 kB
Node 0 KReclaimable:      22732 kB
Node 0 Slab:              55252 kB
Node 0 SReclaimable:      22732 kB
Node 0 SUnreclaim:        32520 kB
Node 0 AnonHugePages:         0 kB
Node 0 ShmemHugePages:        0 kB
Node 0 ShmemPmdMapped:        0 kB
Node 0 FileHugePages:        0 kB
Node 0 FilePmdMapped:        0 kB
Node 0 HugePages_Total:     0
Node 0 HugePages_Free:      0
Node 0 HugePages_Surp:      0

Node 1 MemTotal:       24661580 kB
Node 1 MemFree:        24362084 kB
Node 1 MemUsed:          299496 kB
Node 1 Active:            41212 kB
Node 1 Inactive:         103728 kB
Node 1 Active(anon):      13312 kB
Node 1 Inactive(anon):      588 kB
Node 1 Active(file):      27900 kB
Node 1 Inactive(file):   103140 kB
Node 1 Unevictable:       17188 kB
Node 1 Mlocked:           17188 kB
Node 1 Dirty:               500 kB
Node 1 Writeback:             0 kB
Node 1 FilePages:        138744 kB
Node 1 Mapped:            57876 kB
Node 1 AnonPages:         23456 kB
Node 1 Shmem:               840 kB
Node 1 KernelStack:        1512 kB
Node 1 PageTables:          684 kB
Node 1 NFS_Unstable:          0 kB
Node 1 Bounce:                0 kB
Node 1 WritebackTmp:          0 kB
Node 1 KReclaimable:      20180 kB
Node 1 Slab:              52220 kB
Node 1 SReclaimable:      20180 kB
Node 1 SUnreclaim:        32040 kB
Node 1 AnonHugePages:         0 kB
Node 1 ShmemHugePages:        0 kB
Node 1 ShmemPmdMapped:        0 kB
Node 1 FileHugePages:        0 kB
Node 1 FilePmdMapped:        0 kB
Node 1 HugePages_Total:     0
Node 1 HugePages_Free:      0
Node 1 HugePages_Surp:      0

Load ZFS
Node 0 MemTotal:       24768352 kB
Node 0 MemFree:        24379228 kB
Node 0 MemUsed:          389124 kB
Node 0 Active:            70632 kB
Node 0 Inactive:          43008 kB
Node 0 Active(anon):      27108 kB
Node 0 Inactive(anon):      288 kB
Node 0 Active(file):      43524 kB
Node 0 Inactive(file):    42720 kB
Node 0 Unevictable:        1332 kB
Node 0 Mlocked:            1332 kB
Node 0 Dirty:                60 kB
Node 0 Writeback:             0 kB
Node 0 FilePages:         88000 kB
Node 0 Mapped:            30888 kB
Node 0 AnonPages:         26700 kB
Node 0 Shmem:               428 kB
Node 0 KernelStack:        2424 kB
Node 0 PageTables:         1248 kB
Node 0 NFS_Unstable:          0 kB
Node 0 Bounce:                0 kB
Node 0 WritebackTmp:          0 kB
Node 0 KReclaimable:      22944 kB
Node 0 Slab:              56344 kB
Node 0 SReclaimable:      22944 kB
Node 0 SUnreclaim:        33400 kB
Node 0 AnonHugePages:         0 kB
Node 0 ShmemHugePages:        0 kB
Node 0 ShmemPmdMapped:        0 kB
Node 0 FileHugePages:        0 kB
Node 0 FilePmdMapped:        0 kB
Node 0 HugePages_Total:     0
Node 0 HugePages_Free:      0
Node 0 HugePages_Surp:      0

Node 1 MemTotal:       24661580 kB
Node 1 MemFree:        24359200 kB
Node 1 MemUsed:          302380 kB
Node 1 Active:            44652 kB
Node 1 Inactive:         104244 kB
Node 1 Active(anon):      16084 kB
Node 1 Inactive(anon):      588 kB
Node 1 Active(file):      28568 kB
Node 1 Inactive(file):   103656 kB
Node 1 Unevictable:       17188 kB
Node 1 Mlocked:           17188 kB
Node 1 Dirty:               304 kB
Node 1 Writeback:             0 kB
Node 1 FilePages:        139936 kB
Node 1 Mapped:            57896 kB
Node 1 AnonPages:         26276 kB
Node 1 Shmem:               840 kB
Node 1 KernelStack:        1448 kB
Node 1 PageTables:          696 kB
Node 1 NFS_Unstable:          0 kB
Node 1 Bounce:                0 kB
Node 1 WritebackTmp:          0 kB
Node 1 KReclaimable:      20544 kB
Node 1 Slab:              54024 kB
Node 1 SReclaimable:      20544 kB
Node 1 SUnreclaim:        33480 kB
Node 1 AnonHugePages:         0 kB
Node 1 ShmemHugePages:        0 kB
Node 1 ShmemPmdMapped:        0 kB
Node 1 FileHugePages:        0 kB
Node 1 FilePmdMapped:        0 kB
Node 1 HugePages_Total:     0
Node 1 HugePages_Free:      0
Node 1 HugePages_Surp:      0

Import tank ZPool
Node 0 MemTotal:       24768352 kB
Node 0 MemFree:        24365660 kB
Node 0 MemUsed:          402692 kB
Node 0 Active:            65200 kB
Node 0 Inactive:          43844 kB
Node 0 Active(anon):      20804 kB
Node 0 Inactive(anon):      292 kB
Node 0 Active(file):      44396 kB
Node 0 Inactive(file):    43552 kB
Node 0 Unevictable:        1332 kB
Node 0 Mlocked:            1332 kB
Node 0 Dirty:                76 kB
Node 0 Writeback:             0 kB
Node 0 FilePages:         89704 kB
Node 0 Mapped:            30968 kB
Node 0 AnonPages:         20272 kB
Node 0 Shmem:               428 kB
Node 0 KernelStack:        3448 kB
Node 0 PageTables:          948 kB
Node 0 NFS_Unstable:          0 kB
Node 0 Bounce:                0 kB
Node 0 WritebackTmp:          0 kB
Node 0 KReclaimable:      23076 kB
Node 0 Slab:              63248 kB
Node 0 SReclaimable:      23076 kB
Node 0 SUnreclaim:        40172 kB
Node 0 AnonHugePages:         0 kB
Node 0 ShmemHugePages:        0 kB
Node 0 ShmemPmdMapped:        0 kB
Node 0 FileHugePages:        0 kB
Node 0 FilePmdMapped:        0 kB
Node 0 HugePages_Total:     0
Node 0 HugePages_Free:      0
Node 0 HugePages_Surp:      0

Node 1 MemTotal:       24661580 kB
Node 1 MemFree:        24360900 kB
Node 1 MemUsed:          300680 kB
Node 1 Active:            42400 kB
Node 1 Inactive:         104244 kB
Node 1 Active(anon):      13792 kB
Node 1 Inactive(anon):      588 kB
Node 1 Active(file):      28608 kB
Node 1 Inactive(file):   103656 kB
Node 1 Unevictable:       17188 kB
Node 1 Mlocked:           17188 kB
Node 1 Dirty:               224 kB
Node 1 Writeback:             0 kB
Node 1 FilePages:        139968 kB
Node 1 Mapped:            58144 kB
Node 1 AnonPages:         23376 kB
Node 1 Shmem:               840 kB
Node 1 KernelStack:        1432 kB
Node 1 PageTables:          688 kB
Node 1 NFS_Unstable:          0 kB
Node 1 Bounce:                0 kB
Node 1 WritebackTmp:          0 kB
Node 1 KReclaimable:      20544 kB
Node 1 Slab:              54104 kB
Node 1 SReclaimable:      20544 kB
Node 1 SUnreclaim:        33560 kB
Node 1 AnonHugePages:         0 kB
Node 1 ShmemHugePages:        0 kB
Node 1 ShmemPmdMapped:        0 kB
Node 1 FileHugePages:        0 kB
Node 1 FilePmdMapped:        0 kB
Node 1 HugePages_Total:     0
Node 1 HugePages_Free:      0
Node 1 HugePages_Surp:      0

After Test
Node 0 MemTotal:       24768352 kB
Node 0 MemFree:         6709916 kB
Node 0 MemUsed:        18058436 kB
Node 0 Active:            64824 kB
Node 0 Inactive:          44868 kB
Node 0 Active(anon):      20000 kB
Node 0 Inactive(anon):      292 kB
Node 0 Active(file):      44824 kB
Node 0 Inactive(file):    44576 kB
Node 0 Unevictable:        1332 kB
Node 0 Mlocked:            1332 kB
Node 0 Dirty:                20 kB
Node 0 Writeback:             0 kB
Node 0 FilePages:         91156 kB
Node 0 Mapped:            30740 kB
Node 0 AnonPages:         19496 kB
Node 0 Shmem:               428 kB
Node 0 KernelStack:        3112 kB
Node 0 PageTables:          628 kB
Node 0 NFS_Unstable:          0 kB
Node 0 Bounce:                0 kB
Node 0 WritebackTmp:          0 kB
Node 0 KReclaimable:      23140 kB
Node 0 Slab:             121252 kB
Node 0 SReclaimable:      23140 kB
Node 0 SUnreclaim:        98112 kB
Node 0 AnonHugePages:         0 kB
Node 0 ShmemHugePages:        0 kB
Node 0 ShmemPmdMapped:        0 kB
Node 0 FileHugePages:        0 kB
Node 0 FilePmdMapped:        0 kB
Node 0 HugePages_Total:     0
Node 0 HugePages_Free:      0
Node 0 HugePages_Surp:      0

Node 1 MemTotal:       24661580 kB
Node 1 MemFree:        24362948 kB
Node 1 MemUsed:          298632 kB
Node 1 Active:            42248 kB
Node 1 Inactive:         104196 kB
Node 1 Active(anon):      13332 kB
Node 1 Inactive(anon):      588 kB
Node 1 Active(file):      28916 kB
Node 1 Inactive(file):   103608 kB
Node 1 Unevictable:       17188 kB
Node 1 Mlocked:           17188 kB
Node 1 Dirty:                28 kB
Node 1 Writeback:             0 kB
Node 1 FilePages:        140264 kB
Node 1 Mapped:            57952 kB
Node 1 AnonPages:         23404 kB
Node 1 Shmem:               840 kB
Node 1 KernelStack:        1288 kB
Node 1 PageTables:          672 kB
Node 1 NFS_Unstable:          0 kB
Node 1 Bounce:                0 kB
Node 1 WritebackTmp:          0 kB
Node 1 KReclaimable:      20676 kB
Node 1 Slab:              56464 kB
Node 1 SReclaimable:      20676 kB
Node 1 SUnreclaim:        35788 kB
Node 1 AnonHugePages:         0 kB
Node 1 ShmemHugePages:        0 kB
Node 1 ShmemPmdMapped:        0 kB
Node 1 FileHugePages:        0 kB
Node 1 FilePmdMapped:        0 kB
Node 1 HugePages_Total:     0
Node 1 HugePages_Free:      0
Node 1 HugePages_Surp:      0

After Opposite Node
Node 0 MemTotal:       24768352 kB
Node 0 MemFree:         6708420 kB
Node 0 MemUsed:        18059932 kB
Node 0 Active:            64376 kB
Node 0 Inactive:          44816 kB
Node 0 Active(anon):      19488 kB
Node 0 Inactive(anon):      292 kB
Node 0 Active(file):      44888 kB
Node 0 Inactive(file):    44524 kB
Node 0 Unevictable:        1332 kB
Node 0 Mlocked:            1332 kB
Node 0 Dirty:                40 kB
Node 0 Writeback:             0 kB
Node 0 FilePages:         91168 kB
Node 0 Mapped:            30748 kB
Node 0 AnonPages:         19384 kB
Node 0 Shmem:               428 kB
Node 0 KernelStack:        3096 kB
Node 0 PageTables:          584 kB
Node 0 NFS_Unstable:          0 kB
Node 0 Bounce:                0 kB
Node 0 WritebackTmp:          0 kB
Node 0 KReclaimable:      23140 kB
Node 0 Slab:             120384 kB
Node 0 SReclaimable:      23140 kB
Node 0 SUnreclaim:        97244 kB
Node 0 AnonHugePages:         0 kB
Node 0 ShmemHugePages:        0 kB
Node 0 ShmemPmdMapped:        0 kB
Node 0 FileHugePages:        0 kB
Node 0 FilePmdMapped:        0 kB
Node 0 HugePages_Total:     0
Node 0 HugePages_Free:      0
Node 0 HugePages_Surp:      0

Node 1 MemTotal:       24661580 kB
Node 1 MemFree:        24359796 kB
Node 1 MemUsed:          301784 kB
Node 1 Active:            42936 kB
Node 1 Inactive:         104012 kB
Node 1 Active(anon):      13776 kB
Node 1 Inactive(anon):      588 kB
Node 1 Active(file):      29160 kB
Node 1 Inactive(file):   103424 kB
Node 1 Unevictable:       17188 kB
Node 1 Mlocked:           17188 kB
Node 1 Dirty:                40 kB
Node 1 Writeback:             0 kB
Node 1 FilePages:        140288 kB
Node 1 Mapped:            57936 kB
Node 1 AnonPages:         23524 kB
Node 1 Shmem:               840 kB
Node 1 KernelStack:        1304 kB
Node 1 PageTables:          728 kB
Node 1 NFS_Unstable:          0 kB
Node 1 Bounce:                0 kB
Node 1 WritebackTmp:          0 kB
Node 1 KReclaimable:      20712 kB
Node 1 Slab:              58548 kB
Node 1 SReclaimable:      20712 kB
Node 1 SUnreclaim:        37836 kB
Node 1 AnonHugePages:         0 kB
Node 1 ShmemHugePages:        0 kB
Node 1 ShmemPmdMapped:        0 kB
Node 1 FileHugePages:        0 kB
Node 1 FilePmdMapped:        0 kB
Node 1 HugePages_Total:     0
Node 1 HugePages_Free:      0
Node 1 HugePages_Surp:      0

U.0.1M-simpleread.16G.3.O.1M Complete!
