kernel.numa_balancing = 0
U.0.8M-simpleread.500M.1.O.1M
Begin
Node 0 MemTotal:       24768352 kB
Node 0 MemFree:        24520764 kB
Node 0 MemUsed:          247588 kB
Node 0 Active:            27744 kB
Node 0 Inactive:          79392 kB
Node 0 Active(anon):       7940 kB
Node 0 Inactive(anon):      384 kB
Node 0 Active(file):      19804 kB
Node 0 Inactive(file):    79008 kB
Node 0 Unevictable:        1264 kB
Node 0 Mlocked:            1264 kB
Node 0 Dirty:               452 kB
Node 0 Writeback:             0 kB
Node 0 FilePages:        100596 kB
Node 0 Mapped:            29444 kB
Node 0 AnonPages:          7936 kB
Node 0 Shmem:               524 kB
Node 0 KernelStack:        2088 kB
Node 0 PageTables:          640 kB
Node 0 NFS_Unstable:          0 kB
Node 0 Bounce:                0 kB
Node 0 WritebackTmp:          0 kB
Node 0 KReclaimable:      23320 kB
Node 0 Slab:              57484 kB
Node 0 SReclaimable:      23320 kB
Node 0 SUnreclaim:        34164 kB
Node 0 AnonHugePages:         0 kB
Node 0 ShmemHugePages:        0 kB
Node 0 ShmemPmdMapped:        0 kB
Node 0 FileHugePages:        0 kB
Node 0 FilePmdMapped:        0 kB
Node 0 HugePages_Total:     0
Node 0 HugePages_Free:      0
Node 0 HugePages_Surp:      0

Node 1 MemTotal:       24661580 kB
Node 1 MemFree:        24236308 kB
Node 1 MemUsed:          425272 kB
Node 1 Active:            70772 kB
Node 1 Inactive:          68816 kB
Node 1 Active(anon):      25964 kB
Node 1 Inactive(anon):      484 kB
Node 1 Active(file):      44808 kB
Node 1 Inactive(file):    68332 kB
Node 1 Unevictable:       17256 kB
Node 1 Mlocked:           17256 kB
Node 1 Dirty:                88 kB
Node 1 Writeback:             0 kB
Node 1 FilePages:        120860 kB
Node 1 Mapped:            60740 kB
Node 1 AnonPages:         36052 kB
Node 1 Shmem:               744 kB
Node 1 KernelStack:        1544 kB
Node 1 PageTables:          720 kB
Node 1 NFS_Unstable:          0 kB
Node 1 Bounce:                0 kB
Node 1 WritebackTmp:          0 kB
Node 1 KReclaimable:      18176 kB
Node 1 Slab:              49220 kB
Node 1 SReclaimable:      18176 kB
Node 1 SUnreclaim:        31044 kB
Node 1 AnonHugePages:         0 kB
Node 1 ShmemHugePages:        0 kB
Node 1 ShmemPmdMapped:        0 kB
Node 1 FileHugePages:        0 kB
Node 1 FilePmdMapped:        0 kB
Node 1 HugePages_Total:     0
Node 1 HugePages_Free:      0
Node 1 HugePages_Surp:      0

Load ZFS
Node 0 MemTotal:       24768352 kB
Node 0 MemFree:        24514208 kB
Node 0 MemUsed:          254144 kB
Node 0 Active:            33816 kB
Node 0 Inactive:          79164 kB
Node 0 Active(anon):      13064 kB
Node 0 Inactive(anon):      384 kB
Node 0 Active(file):      20752 kB
Node 0 Inactive(file):    78780 kB
Node 0 Unevictable:        1264 kB
Node 0 Mlocked:            1264 kB
Node 0 Dirty:               476 kB
Node 0 Writeback:             0 kB
Node 0 FilePages:        101316 kB
Node 0 Mapped:            29408 kB
Node 0 AnonPages:         13100 kB
Node 0 Shmem:               524 kB
Node 0 KernelStack:        2152 kB
Node 0 PageTables:          872 kB
Node 0 NFS_Unstable:          0 kB
Node 0 Bounce:                0 kB
Node 0 WritebackTmp:          0 kB
Node 0 KReclaimable:      23788 kB
Node 0 Slab:              59368 kB
Node 0 SReclaimable:      23788 kB
Node 0 SUnreclaim:        35580 kB
Node 0 AnonHugePages:         0 kB
Node 0 ShmemHugePages:        0 kB
Node 0 ShmemPmdMapped:        0 kB
Node 0 FileHugePages:        0 kB
Node 0 FilePmdMapped:        0 kB
Node 0 HugePages_Total:     0
Node 0 HugePages_Free:      0
Node 0 HugePages_Surp:      0

Node 1 MemTotal:       24661580 kB
Node 1 MemFree:        24228948 kB
Node 1 MemUsed:          432632 kB
Node 1 Active:            80372 kB
Node 1 Inactive:          64912 kB
Node 1 Active(anon):      29812 kB
Node 1 Inactive(anon):      488 kB
Node 1 Active(file):      50560 kB
Node 1 Inactive(file):    64424 kB
Node 1 Unevictable:       17256 kB
Node 1 Mlocked:           17256 kB
Node 1 Dirty:                96 kB
Node 1 Writeback:             0 kB
Node 1 FilePages:        122660 kB
Node 1 Mapped:            60896 kB
Node 1 AnonPages:         39424 kB
Node 1 Shmem:               744 kB
Node 1 KernelStack:        1656 kB
Node 1 PageTables:         1008 kB
Node 1 NFS_Unstable:          0 kB
Node 1 Bounce:                0 kB
Node 1 WritebackTmp:          0 kB
Node 1 KReclaimable:      18568 kB
Node 1 Slab:              50828 kB
Node 1 SReclaimable:      18568 kB
Node 1 SUnreclaim:        32260 kB
Node 1 AnonHugePages:         0 kB
Node 1 ShmemHugePages:        0 kB
Node 1 ShmemPmdMapped:        0 kB
Node 1 FileHugePages:        0 kB
Node 1 FilePmdMapped:        0 kB
Node 1 HugePages_Total:     0
Node 1 HugePages_Free:      0
Node 1 HugePages_Surp:      0

Import tank ZPool
Node 0 MemTotal:       24768352 kB
Node 0 MemFree:        24501428 kB
Node 0 MemUsed:          266924 kB
Node 0 Active:            27968 kB
Node 0 Inactive:          79132 kB
Node 0 Active(anon):       7136 kB
Node 0 Inactive(anon):      384 kB
Node 0 Active(file):      20832 kB
Node 0 Inactive(file):    78748 kB
Node 0 Unevictable:        1264 kB
Node 0 Mlocked:            1264 kB
Node 0 Dirty:               272 kB
Node 0 Writeback:             0 kB
Node 0 FilePages:        101376 kB
Node 0 Mapped:            29480 kB
Node 0 AnonPages:          7004 kB
Node 0 Shmem:               520 kB
Node 0 KernelStack:        3176 kB
Node 0 PageTables:          600 kB
Node 0 NFS_Unstable:          0 kB
Node 0 Bounce:                0 kB
Node 0 WritebackTmp:          0 kB
Node 0 KReclaimable:      23788 kB
Node 0 Slab:              62008 kB
Node 0 SReclaimable:      23788 kB
Node 0 SUnreclaim:        38220 kB
Node 0 AnonHugePages:         0 kB
Node 0 ShmemHugePages:        0 kB
Node 0 ShmemPmdMapped:        0 kB
Node 0 FileHugePages:        0 kB
Node 0 FilePmdMapped:        0 kB
Node 0 HugePages_Total:     0
Node 0 HugePages_Free:      0
Node 0 HugePages_Surp:      0

Node 1 MemTotal:       24661580 kB
Node 1 MemFree:        24224092 kB
Node 1 MemUsed:          437488 kB
Node 1 Active:            77844 kB
Node 1 Inactive:          66096 kB
Node 1 Active(anon):      26556 kB
Node 1 Inactive(anon):      492 kB
Node 1 Active(file):      51288 kB
Node 1 Inactive(file):    65604 kB
Node 1 Unevictable:       17256 kB
Node 1 Mlocked:           17256 kB
Node 1 Dirty:               116 kB
Node 1 Writeback:             0 kB
Node 1 FilePages:        124300 kB
Node 1 Mapped:            60800 kB
Node 1 AnonPages:         36396 kB
Node 1 Shmem:               748 kB
Node 1 KernelStack:        1560 kB
Node 1 PageTables:          868 kB
Node 1 NFS_Unstable:          0 kB
Node 1 Bounce:                0 kB
Node 1 WritebackTmp:          0 kB
Node 1 KReclaimable:      18712 kB
Node 1 Slab:              55036 kB
Node 1 SReclaimable:      18712 kB
Node 1 SUnreclaim:        36324 kB
Node 1 AnonHugePages:         0 kB
Node 1 ShmemHugePages:        0 kB
Node 1 ShmemPmdMapped:        0 kB
Node 1 FileHugePages:        0 kB
Node 1 FilePmdMapped:        0 kB
Node 1 HugePages_Total:     0
Node 1 HugePages_Free:      0
Node 1 HugePages_Surp:      0

After Test
Node 0 MemTotal:       24768352 kB
Node 0 MemFree:        23949768 kB
Node 0 MemUsed:          818584 kB
Node 0 Active:            28536 kB
Node 0 Inactive:          86948 kB
Node 0 Active(anon):       7292 kB
Node 0 Inactive(anon):      384 kB
Node 0 Active(file):      21244 kB
Node 0 Inactive(file):    86564 kB
Node 0 Unevictable:        1264 kB
Node 0 Mlocked:            1264 kB
Node 0 Dirty:               180 kB
Node 0 Writeback:             0 kB
Node 0 FilePages:        109632 kB
Node 0 Mapped:            29416 kB
Node 0 AnonPages:          6964 kB
Node 0 Shmem:               520 kB
Node 0 KernelStack:        3160 kB
Node 0 PageTables:          616 kB
Node 0 NFS_Unstable:          0 kB
Node 0 Bounce:                0 kB
Node 0 WritebackTmp:          0 kB
Node 0 KReclaimable:      23888 kB
Node 0 Slab:              65508 kB
Node 0 SReclaimable:      23888 kB
Node 0 SUnreclaim:        41620 kB
Node 0 AnonHugePages:         0 kB
Node 0 ShmemHugePages:        0 kB
Node 0 ShmemPmdMapped:        0 kB
Node 0 FileHugePages:        0 kB
Node 0 FilePmdMapped:        0 kB
Node 0 HugePages_Total:     0
Node 0 HugePages_Free:      0
Node 0 HugePages_Surp:      0

Node 1 MemTotal:       24661580 kB
Node 1 MemFree:        23719692 kB
Node 1 MemUsed:          941888 kB
Node 1 Active:            77192 kB
Node 1 Inactive:          65780 kB
Node 1 Active(anon):      25756 kB
Node 1 Inactive(anon):      492 kB
Node 1 Active(file):      51436 kB
Node 1 Inactive(file):    65288 kB
Node 1 Unevictable:       17256 kB
Node 1 Mlocked:           17256 kB
Node 1 Dirty:               128 kB
Node 1 Writeback:             0 kB
Node 1 FilePages:        124404 kB
Node 1 Mapped:            60976 kB
Node 1 AnonPages:         35872 kB
Node 1 Shmem:               748 kB
Node 1 KernelStack:        1512 kB
Node 1 PageTables:          684 kB
Node 1 NFS_Unstable:          0 kB
Node 1 Bounce:                0 kB
Node 1 WritebackTmp:          0 kB
Node 1 KReclaimable:      18712 kB
Node 1 Slab:              56764 kB
Node 1 SReclaimable:      18712 kB
Node 1 SUnreclaim:        38052 kB
Node 1 AnonHugePages:         0 kB
Node 1 ShmemHugePages:        0 kB
Node 1 ShmemPmdMapped:        0 kB
Node 1 FileHugePages:        0 kB
Node 1 FilePmdMapped:        0 kB
Node 1 HugePages_Total:     0
Node 1 HugePages_Free:      0
Node 1 HugePages_Surp:      0

After Opposite Node
Node 0 MemTotal:       24768352 kB
Node 0 MemFree:        23950028 kB
Node 0 MemUsed:          818324 kB
Node 0 Active:            28384 kB
Node 0 Inactive:          86944 kB
Node 0 Active(anon):       7136 kB
Node 0 Inactive(anon):      384 kB
Node 0 Active(file):      21248 kB
Node 0 Inactive(file):    86560 kB
Node 0 Unevictable:        1264 kB
Node 0 Mlocked:            1264 kB
Node 0 Dirty:               180 kB
Node 0 Writeback:             0 kB
Node 0 FilePages:        109632 kB
Node 0 Mapped:            29436 kB
Node 0 AnonPages:          7000 kB
Node 0 Shmem:               520 kB
Node 0 KernelStack:        3128 kB
Node 0 PageTables:          560 kB
Node 0 NFS_Unstable:          0 kB
Node 0 Bounce:                0 kB
Node 0 WritebackTmp:          0 kB
Node 0 KReclaimable:      23888 kB
Node 0 Slab:              65508 kB
Node 0 SReclaimable:      23888 kB
Node 0 SUnreclaim:        41620 kB
Node 0 AnonHugePages:         0 kB
Node 0 ShmemHugePages:        0 kB
Node 0 ShmemPmdMapped:        0 kB
Node 0 FileHugePages:        0 kB
Node 0 FilePmdMapped:        0 kB
Node 0 HugePages_Total:     0
Node 0 HugePages_Free:      0
Node 0 HugePages_Surp:      0

Node 1 MemTotal:       24661580 kB
Node 1 MemFree:        23720108 kB
Node 1 MemUsed:          941472 kB
Node 1 Active:            77612 kB
Node 1 Inactive:          65724 kB
Node 1 Active(anon):      26104 kB
Node 1 Inactive(anon):      492 kB
Node 1 Active(file):      51508 kB
Node 1 Inactive(file):    65232 kB
Node 1 Unevictable:       17256 kB
Node 1 Mlocked:           17256 kB
Node 1 Dirty:               132 kB
Node 1 Writeback:             0 kB
Node 1 FilePages:        124420 kB
Node 1 Mapped:            61040 kB
Node 1 AnonPages:         36264 kB
Node 1 Shmem:               748 kB
Node 1 KernelStack:        1544 kB
Node 1 PageTables:          736 kB
Node 1 NFS_Unstable:          0 kB
Node 1 Bounce:                0 kB
Node 1 WritebackTmp:          0 kB
Node 1 KReclaimable:      18744 kB
Node 1 Slab:              56872 kB
Node 1 SReclaimable:      18744 kB
Node 1 SUnreclaim:        38128 kB
Node 1 AnonHugePages:         0 kB
Node 1 ShmemHugePages:        0 kB
Node 1 ShmemPmdMapped:        0 kB
Node 1 FileHugePages:        0 kB
Node 1 FilePmdMapped:        0 kB
Node 1 HugePages_Total:     0
Node 1 HugePages_Free:      0
Node 1 HugePages_Surp:      0

U.0.8M-simpleread.500M.1.O.1M Complete!
