kernel.numa_balancing = 0
55 Tests Remaining!
U.0.2M-simpleread.2-1G.2.O.1M
Begin
Node 0 MemTotal:       24743736 kB
Node 0 MemFree:        24539020 kB
Node 0 MemUsed:          204716 kB
Node 0 Active:            40284 kB
Node 0 Inactive:          15892 kB
Node 0 Active(anon):      20744 kB
Node 0 Inactive(anon):      420 kB
Node 0 Active(file):      19540 kB
Node 0 Inactive(file):    15472 kB
Node 0 Unevictable:        4852 kB
Node 0 Mlocked:            4852 kB
Node 0 Dirty:               284 kB
Node 0 Writeback:             0 kB
Node 0 FilePages:         40448 kB
Node 0 Mapped:            18028 kB
Node 0 AnonPages:         20644 kB
Node 0 Shmem:               588 kB
Node 0 KernelStack:        2168 kB
Node 0 PageTables:          664 kB
Node 0 NFS_Unstable:          0 kB
Node 0 Bounce:                0 kB
Node 0 WritebackTmp:          0 kB
Node 0 KReclaimable:      20076 kB
Node 0 Slab:              57380 kB
Node 0 SReclaimable:      20076 kB
Node 0 SUnreclaim:        37304 kB
Node 0 AnonHugePages:         0 kB
Node 0 ShmemHugePages:        0 kB
Node 0 ShmemPmdMapped:        0 kB
Node 0 FileHugePages:        0 kB
Node 0 FilePmdMapped:        0 kB
Node 0 HugePages_Total:     0
Node 0 HugePages_Free:      0
Node 0 HugePages_Surp:      0

Node 1 MemTotal:       24686196 kB
Node 1 MemFree:        24267888 kB
Node 1 MemUsed:          418308 kB
Node 1 Active:            57344 kB
Node 1 Inactive:          82568 kB
Node 1 Active(anon):      14104 kB
Node 1 Inactive(anon):      448 kB
Node 1 Active(file):      43240 kB
Node 1 Inactive(file):    82120 kB
Node 1 Unevictable:       13672 kB
Node 1 Mlocked:           13672 kB
Node 1 Dirty:               148 kB
Node 1 Writeback:             0 kB
Node 1 FilePages:        129396 kB
Node 1 Mapped:            27644 kB
Node 1 AnonPages:         24036 kB
Node 1 Shmem:               680 kB
Node 1 KernelStack:        1640 kB
Node 1 PageTables:          624 kB
Node 1 NFS_Unstable:          0 kB
Node 1 Bounce:                0 kB
Node 1 WritebackTmp:          0 kB
Node 1 KReclaimable:      23324 kB
Node 1 Slab:              52460 kB
Node 1 SReclaimable:      23324 kB
Node 1 SUnreclaim:        29136 kB
Node 1 AnonHugePages:         0 kB
Node 1 ShmemHugePages:        0 kB
Node 1 ShmemPmdMapped:        0 kB
Node 1 FileHugePages:        0 kB
Node 1 FilePmdMapped:        0 kB
Node 1 HugePages_Total:     0
Node 1 HugePages_Free:      0
Node 1 HugePages_Surp:      0

Load ZFS
Node 0 MemTotal:       24743736 kB
Node 0 MemFree:        24530332 kB
Node 0 MemUsed:          213404 kB
Node 0 Active:            44248 kB
Node 0 Inactive:          16480 kB
Node 0 Active(anon):      24152 kB
Node 0 Inactive(anon):      420 kB
Node 0 Active(file):      20096 kB
Node 0 Inactive(file):    16060 kB
Node 0 Unevictable:        4852 kB
Node 0 Mlocked:            4852 kB
Node 0 Dirty:                56 kB
Node 0 Writeback:             0 kB
Node 0 FilePages:         41600 kB
Node 0 Mapped:            18028 kB
Node 0 AnonPages:         24008 kB
Node 0 Shmem:               588 kB
Node 0 KernelStack:        2216 kB
Node 0 PageTables:          836 kB
Node 0 NFS_Unstable:          0 kB
Node 0 Bounce:                0 kB
Node 0 WritebackTmp:          0 kB
Node 0 KReclaimable:      20564 kB
Node 0 Slab:              59204 kB
Node 0 SReclaimable:      20564 kB
Node 0 SUnreclaim:        38640 kB
Node 0 AnonHugePages:         0 kB
Node 0 ShmemHugePages:        0 kB
Node 0 ShmemPmdMapped:        0 kB
Node 0 FileHugePages:        0 kB
Node 0 FilePmdMapped:        0 kB
Node 0 HugePages_Total:     0
Node 0 HugePages_Free:      0
Node 0 HugePages_Surp:      0

Node 1 MemTotal:       24686196 kB
Node 1 MemFree:        24264720 kB
Node 1 MemUsed:          421476 kB
Node 1 Active:            63152 kB
Node 1 Inactive:          77904 kB
Node 1 Active(anon):      13820 kB
Node 1 Inactive(anon):      448 kB
Node 1 Active(file):      49332 kB
Node 1 Inactive(file):    77456 kB
Node 1 Unevictable:       13672 kB
Node 1 Mlocked:           13672 kB
Node 1 Dirty:               232 kB
Node 1 Writeback:             0 kB
Node 1 FilePages:        130828 kB
Node 1 Mapped:            27640 kB
Node 1 AnonPages:         23536 kB
Node 1 Shmem:               680 kB
Node 1 KernelStack:        1480 kB
Node 1 PageTables:          472 kB
Node 1 NFS_Unstable:          0 kB
Node 1 Bounce:                0 kB
Node 1 WritebackTmp:          0 kB
Node 1 KReclaimable:      23556 kB
Node 1 Slab:              53456 kB
Node 1 SReclaimable:      23556 kB
Node 1 SUnreclaim:        29900 kB
Node 1 AnonHugePages:         0 kB
Node 1 ShmemHugePages:        0 kB
Node 1 ShmemPmdMapped:        0 kB
Node 1 FileHugePages:        0 kB
Node 1 FilePmdMapped:        0 kB
Node 1 HugePages_Total:     0
Node 1 HugePages_Free:      0
Node 1 HugePages_Surp:      0

Import tank ZPool
Node 0 MemTotal:       24743736 kB
Node 0 MemFree:        24518356 kB
Node 0 MemUsed:          225380 kB
Node 0 Active:            40336 kB
Node 0 Inactive:          16480 kB
Node 0 Active(anon):      20240 kB
Node 0 Inactive(anon):      420 kB
Node 0 Active(file):      20096 kB
Node 0 Inactive(file):    16060 kB
Node 0 Unevictable:        4852 kB
Node 0 Mlocked:            4852 kB
Node 0 Dirty:                72 kB
Node 0 Writeback:             0 kB
Node 0 FilePages:         41628 kB
Node 0 Mapped:            18304 kB
Node 0 AnonPages:         19700 kB
Node 0 Shmem:               584 kB
Node 0 KernelStack:        3304 kB
Node 0 PageTables:          740 kB
Node 0 NFS_Unstable:          0 kB
Node 0 Bounce:                0 kB
Node 0 WritebackTmp:          0 kB
Node 0 KReclaimable:      20564 kB
Node 0 Slab:              61832 kB
Node 0 SReclaimable:      20564 kB
Node 0 SUnreclaim:        41268 kB
Node 0 AnonHugePages:         0 kB
Node 0 ShmemHugePages:        0 kB
Node 0 ShmemPmdMapped:        0 kB
Node 0 FileHugePages:        0 kB
Node 0 FilePmdMapped:        0 kB
Node 0 HugePages_Total:     0
Node 0 HugePages_Free:      0
Node 0 HugePages_Surp:      0

Node 1 MemTotal:       24686196 kB
Node 1 MemFree:        24258140 kB
Node 1 MemUsed:          428056 kB
Node 1 Active:            63632 kB
Node 1 Inactive:          79080 kB
Node 1 Active(anon):      13784 kB
Node 1 Inactive(anon):      452 kB
Node 1 Active(file):      49848 kB
Node 1 Inactive(file):    78628 kB
Node 1 Unevictable:       13672 kB
Node 1 Mlocked:           13672 kB
Node 1 Dirty:               136 kB
Node 1 Writeback:             0 kB
Node 1 FilePages:        132504 kB
Node 1 Mapped:            27784 kB
Node 1 AnonPages:         23660 kB
Node 1 Shmem:               684 kB
Node 1 KernelStack:        1480 kB
Node 1 PageTables:          596 kB
Node 1 NFS_Unstable:          0 kB
Node 1 Bounce:                0 kB
Node 1 WritebackTmp:          0 kB
Node 1 KReclaimable:      23700 kB
Node 1 Slab:              58596 kB
Node 1 SReclaimable:      23700 kB
Node 1 SUnreclaim:        34896 kB
Node 1 AnonHugePages:         0 kB
Node 1 ShmemHugePages:        0 kB
Node 1 ShmemPmdMapped:        0 kB
Node 1 FileHugePages:        0 kB
Node 1 FilePmdMapped:        0 kB
Node 1 HugePages_Total:     0
Node 1 HugePages_Free:      0
Node 1 HugePages_Surp:      0

After Test
Node 0 MemTotal:       24743736 kB
Node 0 MemFree:        22653480 kB
Node 0 MemUsed:         2090256 kB
Node 0 Active:            40284 kB
Node 0 Inactive:          18456 kB
Node 0 Active(anon):      19736 kB
Node 0 Inactive(anon):      420 kB
Node 0 Active(file):      20548 kB
Node 0 Inactive(file):    18036 kB
Node 0 Unevictable:        4852 kB
Node 0 Mlocked:            4852 kB
Node 0 Dirty:                24 kB
Node 0 Writeback:             0 kB
Node 0 FilePages:         44032 kB
Node 0 Mapped:            18060 kB
Node 0 AnonPages:         19448 kB
Node 0 Shmem:               584 kB
Node 0 KernelStack:        3112 kB
Node 0 PageTables:          580 kB
Node 0 NFS_Unstable:          0 kB
Node 0 Bounce:                0 kB
Node 0 WritebackTmp:          0 kB
Node 0 KReclaimable:      20600 kB
Node 0 Slab:              70928 kB
Node 0 SReclaimable:      20600 kB
Node 0 SUnreclaim:        50328 kB
Node 0 AnonHugePages:         0 kB
Node 0 ShmemHugePages:        0 kB
Node 0 ShmemPmdMapped:        0 kB
Node 0 FileHugePages:        0 kB
Node 0 FilePmdMapped:        0 kB
Node 0 HugePages_Total:     0
Node 0 HugePages_Free:      0
Node 0 HugePages_Surp:      0

Node 1 MemTotal:       24686196 kB
Node 1 MemFree:        24263512 kB
Node 1 MemUsed:          422684 kB
Node 1 Active:            63536 kB
Node 1 Inactive:          78732 kB
Node 1 Active(anon):      13312 kB
Node 1 Inactive(anon):      452 kB
Node 1 Active(file):      50224 kB
Node 1 Inactive(file):    78280 kB
Node 1 Unevictable:       13672 kB
Node 1 Mlocked:           13672 kB
Node 1 Dirty:                84 kB
Node 1 Writeback:             0 kB
Node 1 FilePages:        132532 kB
Node 1 Mapped:            27532 kB
Node 1 AnonPages:         23412 kB
Node 1 Shmem:               684 kB
Node 1 KernelStack:        1416 kB
Node 1 PageTables:          476 kB
Node 1 NFS_Unstable:          0 kB
Node 1 Bounce:                0 kB
Node 1 WritebackTmp:          0 kB
Node 1 KReclaimable:      23740 kB
Node 1 Slab:              59124 kB
Node 1 SReclaimable:      23740 kB
Node 1 SUnreclaim:        35384 kB
Node 1 AnonHugePages:         0 kB
Node 1 ShmemHugePages:        0 kB
Node 1 ShmemPmdMapped:        0 kB
Node 1 FileHugePages:        0 kB
Node 1 FilePmdMapped:        0 kB
Node 1 HugePages_Total:     0
Node 1 HugePages_Free:      0
Node 1 HugePages_Surp:      0

After Opposite Node
Node 0 MemTotal:       24743736 kB
Node 0 MemFree:        22653428 kB
Node 0 MemUsed:         2090308 kB
Node 0 Active:            40008 kB
Node 0 Inactive:          18460 kB
Node 0 Active(anon):      19456 kB
Node 0 Inactive(anon):      420 kB
Node 0 Active(file):      20552 kB
Node 0 Inactive(file):    18040 kB
Node 0 Unevictable:        4852 kB
Node 0 Mlocked:            4852 kB
Node 0 Dirty:                32 kB
Node 0 Writeback:             0 kB
Node 0 FilePages:         44040 kB
Node 0 Mapped:            18036 kB
Node 0 AnonPages:         19292 kB
Node 0 Shmem:               584 kB
Node 0 KernelStack:        3112 kB
Node 0 PageTables:          548 kB
Node 0 NFS_Unstable:          0 kB
Node 0 Bounce:                0 kB
Node 0 WritebackTmp:          0 kB
Node 0 KReclaimable:      20600 kB
Node 0 Slab:              70476 kB
Node 0 SReclaimable:      20600 kB
Node 0 SUnreclaim:        49876 kB
Node 0 AnonHugePages:         0 kB
Node 0 ShmemHugePages:        0 kB
Node 0 ShmemPmdMapped:        0 kB
Node 0 FileHugePages:        0 kB
Node 0 FilePmdMapped:        0 kB
Node 0 HugePages_Total:     0
Node 0 HugePages_Free:      0
Node 0 HugePages_Surp:      0

Node 1 MemTotal:       24686196 kB
Node 1 MemFree:        24262240 kB
Node 1 MemUsed:          423956 kB
Node 1 Active:            64136 kB
Node 1 Inactive:          78460 kB
Node 1 Active(anon):      13624 kB
Node 1 Inactive(anon):      452 kB
Node 1 Active(file):      50512 kB
Node 1 Inactive(file):    78008 kB
Node 1 Unevictable:       13672 kB
Node 1 Mlocked:           13672 kB
Node 1 Dirty:                96 kB
Node 1 Writeback:             0 kB
Node 1 FilePages:        132548 kB
Node 1 Mapped:            27752 kB
Node 1 AnonPages:         23640 kB
Node 1 Shmem:               684 kB
Node 1 KernelStack:        1432 kB
Node 1 PageTables:          528 kB
Node 1 NFS_Unstable:          0 kB
Node 1 Bounce:                0 kB
Node 1 WritebackTmp:          0 kB
Node 1 KReclaimable:      23772 kB
Node 1 Slab:              59708 kB
Node 1 SReclaimable:      23772 kB
Node 1 SUnreclaim:        35936 kB
Node 1 AnonHugePages:         0 kB
Node 1 ShmemHugePages:        0 kB
Node 1 ShmemPmdMapped:        0 kB
Node 1 FileHugePages:        0 kB
Node 1 FilePmdMapped:        0 kB
Node 1 HugePages_Total:     0
Node 1 HugePages_Free:      0
Node 1 HugePages_Surp:      0

U.0.2M-simpleread.2-1G.2.O.1M Complete!
