kernel.numa_balancing = 0
35 Tests Remaining!
U.0.1M-simpleread.2G.2.O.1M
Begin
Node 0 MemTotal:       24768352 kB
Node 0 MemFree:        24486544 kB
Node 0 MemUsed:          281808 kB
Node 0 Active:            62872 kB
Node 0 Inactive:          61144 kB
Node 0 Active(anon):      19260 kB
Node 0 Inactive(anon):      372 kB
Node 0 Active(file):      43612 kB
Node 0 Inactive(file):    60772 kB
Node 0 Unevictable:        4900 kB
Node 0 Mlocked:            4900 kB
Node 0 Dirty:                68 kB
Node 0 Writeback:             0 kB
Node 0 FilePages:        109816 kB
Node 0 Mapped:            23096 kB
Node 0 AnonPages:         19196 kB
Node 0 Shmem:               536 kB
Node 0 KernelStack:        2296 kB
Node 0 PageTables:          636 kB
Node 0 NFS_Unstable:          0 kB
Node 0 Bounce:                0 kB
Node 0 WritebackTmp:          0 kB
Node 0 KReclaimable:      26464 kB
Node 0 Slab:              59656 kB
Node 0 SReclaimable:      26464 kB
Node 0 SUnreclaim:        33192 kB
Node 0 AnonHugePages:         0 kB
Node 0 ShmemHugePages:        0 kB
Node 0 ShmemPmdMapped:        0 kB
Node 0 FileHugePages:        0 kB
Node 0 FilePmdMapped:        0 kB
Node 0 HugePages_Total:     0
Node 0 HugePages_Free:      0
Node 0 HugePages_Surp:      0

Node 1 MemTotal:       24661580 kB
Node 1 MemFree:        24289044 kB
Node 1 MemUsed:          372536 kB
Node 1 Active:            35184 kB
Node 1 Inactive:          72052 kB
Node 1 Active(anon):      14832 kB
Node 1 Inactive(anon):      516 kB
Node 1 Active(file):      20352 kB
Node 1 Inactive(file):    71536 kB
Node 1 Unevictable:       13620 kB
Node 1 Mlocked:           13620 kB
Node 1 Dirty:               284 kB
Node 1 Writeback:             0 kB
Node 1 FilePages:         95916 kB
Node 1 Mapped:            51696 kB
Node 1 AnonPages:         24680 kB
Node 1 Shmem:               732 kB
Node 1 KernelStack:        1592 kB
Node 1 PageTables:          788 kB
Node 1 NFS_Unstable:          0 kB
Node 1 Bounce:                0 kB
Node 1 WritebackTmp:          0 kB
Node 1 KReclaimable:      16256 kB
Node 1 Slab:              46876 kB
Node 1 SReclaimable:      16256 kB
Node 1 SUnreclaim:        30620 kB
Node 1 AnonHugePages:         0 kB
Node 1 ShmemHugePages:        0 kB
Node 1 ShmemPmdMapped:        0 kB
Node 1 FileHugePages:        0 kB
Node 1 FilePmdMapped:        0 kB
Node 1 HugePages_Total:     0
Node 1 HugePages_Free:      0
Node 1 HugePages_Surp:      0

Load ZFS
Node 0 MemTotal:       24768352 kB
Node 0 MemFree:        24486880 kB
Node 0 MemUsed:          281472 kB
Node 0 Active:            70124 kB
Node 0 Inactive:          56580 kB
Node 0 Active(anon):      21260 kB
Node 0 Inactive(anon):      372 kB
Node 0 Active(file):      48864 kB
Node 0 Inactive(file):    56208 kB
Node 0 Unevictable:        4900 kB
Node 0 Mlocked:            4900 kB
Node 0 Dirty:                80 kB
Node 0 Writeback:             0 kB
Node 0 FilePages:        110504 kB
Node 0 Mapped:            23256 kB
Node 0 AnonPages:         21208 kB
Node 0 Shmem:               536 kB
Node 0 KernelStack:        2216 kB
Node 0 PageTables:          680 kB
Node 0 NFS_Unstable:          0 kB
Node 0 Bounce:                0 kB
Node 0 WritebackTmp:          0 kB
Node 0 KReclaimable:      26836 kB
Node 0 Slab:              60952 kB
Node 0 SReclaimable:      26836 kB
Node 0 SUnreclaim:        34116 kB
Node 0 AnonHugePages:         0 kB
Node 0 ShmemHugePages:        0 kB
Node 0 ShmemPmdMapped:        0 kB
Node 0 FileHugePages:        0 kB
Node 0 FilePmdMapped:        0 kB
Node 0 HugePages_Total:     0
Node 0 HugePages_Free:      0
Node 0 HugePages_Surp:      0

Node 1 MemTotal:       24661580 kB
Node 1 MemFree:        24275656 kB
Node 1 MemUsed:          385924 kB
Node 1 Active:            39436 kB
Node 1 Inactive:          72628 kB
Node 1 Active(anon):      17820 kB
Node 1 Inactive(anon):      516 kB
Node 1 Active(file):      21616 kB
Node 1 Inactive(file):    72112 kB
Node 1 Unevictable:       13620 kB
Node 1 Mlocked:           13620 kB
Node 1 Dirty:               316 kB
Node 1 Writeback:             0 kB
Node 1 FilePages:         97756 kB
Node 1 Mapped:            51528 kB
Node 1 AnonPages:         27876 kB
Node 1 Shmem:               732 kB
Node 1 KernelStack:        1560 kB
Node 1 PageTables:          916 kB
Node 1 NFS_Unstable:          0 kB
Node 1 Bounce:                0 kB
Node 1 WritebackTmp:          0 kB
Node 1 KReclaimable:      16552 kB
Node 1 Slab:              48256 kB
Node 1 SReclaimable:      16552 kB
Node 1 SUnreclaim:        31704 kB
Node 1 AnonHugePages:         0 kB
Node 1 ShmemHugePages:        0 kB
Node 1 ShmemPmdMapped:        0 kB
Node 1 FileHugePages:        0 kB
Node 1 FilePmdMapped:        0 kB
Node 1 HugePages_Total:     0
Node 1 HugePages_Free:      0
Node 1 HugePages_Surp:      0

Import tank ZPool
Node 0 MemTotal:       24768352 kB
Node 0 MemFree:        24473428 kB
Node 0 MemUsed:          294924 kB
Node 0 Active:            66648 kB
Node 0 Inactive:          56540 kB
Node 0 Active(anon):      17724 kB
Node 0 Inactive(anon):      372 kB
Node 0 Active(file):      48924 kB
Node 0 Inactive(file):    56168 kB
Node 0 Unevictable:        4900 kB
Node 0 Mlocked:            4900 kB
Node 0 Dirty:                32 kB
Node 0 Writeback:             0 kB
Node 0 FilePages:        110536 kB
Node 0 Mapped:            23372 kB
Node 0 AnonPages:         17564 kB
Node 0 Shmem:               532 kB
Node 0 KernelStack:        3288 kB
Node 0 PageTables:          536 kB
Node 0 NFS_Unstable:          0 kB
Node 0 Bounce:                0 kB
Node 0 WritebackTmp:          0 kB
Node 0 KReclaimable:      26836 kB
Node 0 Slab:              63736 kB
Node 0 SReclaimable:      26836 kB
Node 0 SUnreclaim:        36900 kB
Node 0 AnonHugePages:         0 kB
Node 0 ShmemHugePages:        0 kB
Node 0 ShmemPmdMapped:        0 kB
Node 0 FileHugePages:        0 kB
Node 0 FilePmdMapped:        0 kB
Node 0 HugePages_Total:     0
Node 0 HugePages_Free:      0
Node 0 HugePages_Surp:      0

Node 1 MemTotal:       24661580 kB
Node 1 MemFree:        24270716 kB
Node 1 MemUsed:          390864 kB
Node 1 Active:            37552 kB
Node 1 Inactive:          73864 kB
Node 1 Active(anon):      15484 kB
Node 1 Inactive(anon):      520 kB
Node 1 Active(file):      22068 kB
Node 1 Inactive(file):    73344 kB
Node 1 Unevictable:       13620 kB
Node 1 Mlocked:           13620 kB
Node 1 Dirty:                24 kB
Node 1 Writeback:             0 kB
Node 1 FilePages:         99460 kB
Node 1 Mapped:            51760 kB
Node 1 AnonPages:         25272 kB
Node 1 Shmem:               736 kB
Node 1 KernelStack:        1480 kB
Node 1 PageTables:          744 kB
Node 1 NFS_Unstable:          0 kB
Node 1 Bounce:                0 kB
Node 1 WritebackTmp:          0 kB
Node 1 KReclaimable:      16672 kB
Node 1 Slab:              52844 kB
Node 1 SReclaimable:      16672 kB
Node 1 SUnreclaim:        36172 kB
Node 1 AnonHugePages:         0 kB
Node 1 ShmemHugePages:        0 kB
Node 1 ShmemPmdMapped:        0 kB
Node 1 FileHugePages:        0 kB
Node 1 FilePmdMapped:        0 kB
Node 1 HugePages_Total:     0
Node 1 HugePages_Free:      0
Node 1 HugePages_Surp:      0

After Test
Node 0 MemTotal:       24768352 kB
Node 0 MemFree:        21556368 kB
Node 0 MemUsed:         3211984 kB
Node 0 Active:            67320 kB
Node 0 Inactive:          57516 kB
Node 0 Active(anon):      17964 kB
Node 0 Inactive(anon):      372 kB
Node 0 Active(file):      49356 kB
Node 0 Inactive(file):    57144 kB
Node 0 Unevictable:        4900 kB
Node 0 Mlocked:            4900 kB
Node 0 Dirty:                24 kB
Node 0 Writeback:             0 kB
Node 0 FilePages:        111980 kB
Node 0 Mapped:            23116 kB
Node 0 AnonPages:         17968 kB
Node 0 Shmem:               532 kB
Node 0 KernelStack:        3240 kB
Node 0 PageTables:          612 kB
Node 0 NFS_Unstable:          0 kB
Node 0 Bounce:                0 kB
Node 0 WritebackTmp:          0 kB
Node 0 KReclaimable:      26864 kB
Node 0 Slab:              75984 kB
Node 0 SReclaimable:      26864 kB
Node 0 SUnreclaim:        49120 kB
Node 0 AnonHugePages:         0 kB
Node 0 ShmemHugePages:        0 kB
Node 0 ShmemPmdMapped:        0 kB
Node 0 FileHugePages:        0 kB
Node 0 FilePmdMapped:        0 kB
Node 0 HugePages_Total:     0
Node 0 HugePages_Free:      0
Node 0 HugePages_Surp:      0

Node 1 MemTotal:       24661580 kB
Node 1 MemFree:        24276496 kB
Node 1 MemUsed:          385084 kB
Node 1 Active:            37476 kB
Node 1 Inactive:          73460 kB
Node 1 Active(anon):      14956 kB
Node 1 Inactive(anon):      520 kB
Node 1 Active(file):      22520 kB
Node 1 Inactive(file):    72940 kB
Node 1 Unevictable:       13620 kB
Node 1 Mlocked:           13620 kB
Node 1 Dirty:                12 kB
Node 1 Writeback:             0 kB
Node 1 FilePages:         99492 kB
Node 1 Mapped:            51592 kB
Node 1 AnonPages:         25076 kB
Node 1 Shmem:               736 kB
Node 1 KernelStack:        1384 kB
Node 1 PageTables:          636 kB
Node 1 NFS_Unstable:          0 kB
Node 1 Bounce:                0 kB
Node 1 WritebackTmp:          0 kB
Node 1 KReclaimable:      16672 kB
Node 1 Slab:              52728 kB
Node 1 SReclaimable:      16672 kB
Node 1 SUnreclaim:        36056 kB
Node 1 AnonHugePages:         0 kB
Node 1 ShmemHugePages:        0 kB
Node 1 ShmemPmdMapped:        0 kB
Node 1 FileHugePages:        0 kB
Node 1 FilePmdMapped:        0 kB
Node 1 HugePages_Total:     0
Node 1 HugePages_Free:      0
Node 1 HugePages_Surp:      0

After Opposite Node
Node 0 MemTotal:       24768352 kB
Node 0 MemFree:        21556036 kB
Node 0 MemUsed:         3212316 kB
Node 0 Active:            67044 kB
Node 0 Inactive:          57480 kB
Node 0 Active(anon):      17648 kB
Node 0 Inactive(anon):      372 kB
Node 0 Active(file):      49396 kB
Node 0 Inactive(file):    57108 kB
Node 0 Unevictable:        4900 kB
Node 0 Mlocked:            4900 kB
Node 0 Dirty:                28 kB
Node 0 Writeback:             0 kB
Node 0 FilePages:        111984 kB
Node 0 Mapped:            23104 kB
Node 0 AnonPages:         17488 kB
Node 0 Shmem:               532 kB
Node 0 KernelStack:        3192 kB
Node 0 PageTables:          536 kB
Node 0 NFS_Unstable:          0 kB
Node 0 Bounce:                0 kB
Node 0 WritebackTmp:          0 kB
Node 0 KReclaimable:      26864 kB
Node 0 Slab:              76032 kB
Node 0 SReclaimable:      26864 kB
Node 0 SUnreclaim:        49168 kB
Node 0 AnonHugePages:         0 kB
Node 0 ShmemHugePages:        0 kB
Node 0 ShmemPmdMapped:        0 kB
Node 0 FileHugePages:        0 kB
Node 0 FilePmdMapped:        0 kB
Node 0 HugePages_Total:     0
Node 0 HugePages_Free:      0
Node 0 HugePages_Surp:      0

Node 1 MemTotal:       24661580 kB
Node 1 MemFree:        24275308 kB
Node 1 MemUsed:          386272 kB
Node 1 Active:            38128 kB
Node 1 Inactive:          73248 kB
Node 1 Active(anon):      15384 kB
Node 1 Inactive(anon):      520 kB
Node 1 Active(file):      22744 kB
Node 1 Inactive(file):    72728 kB
Node 1 Unevictable:       13620 kB
Node 1 Mlocked:           13620 kB
Node 1 Dirty:                28 kB
Node 1 Writeback:             0 kB
Node 1 FilePages:         99508 kB
Node 1 Mapped:            51592 kB
Node 1 AnonPages:         25204 kB
Node 1 Shmem:               736 kB
Node 1 KernelStack:        1416 kB
Node 1 PageTables:          688 kB
Node 1 NFS_Unstable:          0 kB
Node 1 Bounce:                0 kB
Node 1 WritebackTmp:          0 kB
Node 1 KReclaimable:      16704 kB
Node 1 Slab:              53384 kB
Node 1 SReclaimable:      16704 kB
Node 1 SUnreclaim:        36680 kB
Node 1 AnonHugePages:         0 kB
Node 1 ShmemHugePages:        0 kB
Node 1 ShmemPmdMapped:        0 kB
Node 1 FileHugePages:        0 kB
Node 1 FilePmdMapped:        0 kB
Node 1 HugePages_Total:     0
Node 1 HugePages_Free:      0
Node 1 HugePages_Surp:      0

U.0.1M-simpleread.2G.2.O.1M Complete!
