kernel.numa_balancing = 0
U.0.128M-simpleread.8G.2.O.1M
Begin
Node 0 MemTotal:       24768352 kB
Node 0 MemFree:        24404540 kB
Node 0 MemUsed:          363812 kB
Node 0 Active:            47072 kB
Node 0 Inactive:          32032 kB
Node 0 Active(anon):      22920 kB
Node 0 Inactive(anon):      536 kB
Node 0 Active(file):      24152 kB
Node 0 Inactive(file):    31496 kB
Node 0 Unevictable:        5028 kB
Node 0 Mlocked:            5028 kB
Node 0 Dirty:               364 kB
Node 0 Writeback:             0 kB
Node 0 FilePages:         61880 kB
Node 0 Mapped:            20980 kB
Node 0 AnonPages:         22744 kB
Node 0 Shmem:               744 kB
Node 0 KernelStack:        1832 kB
Node 0 PageTables:          544 kB
Node 0 NFS_Unstable:          0 kB
Node 0 Bounce:                0 kB
Node 0 WritebackTmp:          0 kB
Node 0 KReclaimable:      20632 kB
Node 0 Slab:              54836 kB
Node 0 SReclaimable:      20632 kB
Node 0 SUnreclaim:        34204 kB
Node 0 AnonHugePages:         0 kB
Node 0 ShmemHugePages:        0 kB
Node 0 ShmemPmdMapped:        0 kB
Node 0 FileHugePages:        0 kB
Node 0 FilePmdMapped:        0 kB
Node 0 HugePages_Total:     0
Node 0 HugePages_Free:      0
Node 0 HugePages_Surp:      0

Node 1 MemTotal:       24661580 kB
Node 1 MemFree:        24409940 kB
Node 1 MemUsed:          251640 kB
Node 1 Active:            47884 kB
Node 1 Inactive:          61680 kB
Node 1 Active(anon):      10904 kB
Node 1 Inactive(anon):      344 kB
Node 1 Active(file):      36980 kB
Node 1 Inactive(file):    61336 kB
Node 1 Unevictable:       13492 kB
Node 1 Mlocked:           13492 kB
Node 1 Dirty:               152 kB
Node 1 Writeback:             0 kB
Node 1 FilePages:        102008 kB
Node 1 Mapped:            24800 kB
Node 1 AnonPages:         21148 kB
Node 1 Shmem:               524 kB
Node 1 KernelStack:        1864 kB
Node 1 PageTables:          536 kB
Node 1 NFS_Unstable:          0 kB
Node 1 Bounce:                0 kB
Node 1 WritebackTmp:          0 kB
Node 1 KReclaimable:      21244 kB
Node 1 Slab:              52128 kB
Node 1 SReclaimable:      21244 kB
Node 1 SUnreclaim:        30884 kB
Node 1 AnonHugePages:         0 kB
Node 1 ShmemHugePages:        0 kB
Node 1 ShmemPmdMapped:        0 kB
Node 1 FileHugePages:        0 kB
Node 1 FilePmdMapped:        0 kB
Node 1 HugePages_Total:     0
Node 1 HugePages_Free:      0
Node 1 HugePages_Surp:      0

Load ZFS
Node 0 MemTotal:       24768352 kB
Node 0 MemFree:        24396436 kB
Node 0 MemUsed:          371916 kB
Node 0 Active:            57108 kB
Node 0 Inactive:          27644 kB
Node 0 Active(anon):      26756 kB
Node 0 Inactive(anon):      536 kB
Node 0 Active(file):      30352 kB
Node 0 Inactive(file):    27108 kB
Node 0 Unevictable:        5028 kB
Node 0 Mlocked:            5028 kB
Node 0 Dirty:               364 kB
Node 0 Writeback:             0 kB
Node 0 FilePages:         63228 kB
Node 0 Mapped:            20980 kB
Node 0 AnonPages:         26076 kB
Node 0 Shmem:               744 kB
Node 0 KernelStack:        2120 kB
Node 0 PageTables:          980 kB
Node 0 NFS_Unstable:          0 kB
Node 0 Bounce:                0 kB
Node 0 WritebackTmp:          0 kB
Node 0 KReclaimable:      21088 kB
Node 0 Slab:              56936 kB
Node 0 SReclaimable:      21088 kB
Node 0 SUnreclaim:        35848 kB
Node 0 AnonHugePages:         0 kB
Node 0 ShmemHugePages:        0 kB
Node 0 ShmemPmdMapped:        0 kB
Node 0 FileHugePages:        0 kB
Node 0 FilePmdMapped:        0 kB
Node 0 HugePages_Total:     0
Node 0 HugePages_Free:      0
Node 0 HugePages_Surp:      0

Node 1 MemTotal:       24661580 kB
Node 1 MemFree:        24405268 kB
Node 1 MemUsed:          256312 kB
Node 1 Active:            52504 kB
Node 1 Inactive:          62020 kB
Node 1 Active(anon):      14808 kB
Node 1 Inactive(anon):      344 kB
Node 1 Active(file):      37696 kB
Node 1 Inactive(file):    61676 kB
Node 1 Unevictable:       13492 kB
Node 1 Mlocked:           13492 kB
Node 1 Dirty:               176 kB
Node 1 Writeback:             0 kB
Node 1 FilePages:        103064 kB
Node 1 Mapped:            24960 kB
Node 1 AnonPages:         25004 kB
Node 1 Shmem:               524 kB
Node 1 KernelStack:        1752 kB
Node 1 PageTables:          656 kB
Node 1 NFS_Unstable:          0 kB
Node 1 Bounce:                0 kB
Node 1 WritebackTmp:          0 kB
Node 1 KReclaimable:      21668 kB
Node 1 Slab:              53792 kB
Node 1 SReclaimable:      21668 kB
Node 1 SUnreclaim:        32124 kB
Node 1 AnonHugePages:         0 kB
Node 1 ShmemHugePages:        0 kB
Node 1 ShmemPmdMapped:        0 kB
Node 1 FileHugePages:        0 kB
Node 1 FilePmdMapped:        0 kB
Node 1 HugePages_Total:     0
Node 1 HugePages_Free:      0
Node 1 HugePages_Surp:      0

Import tank ZPool
Node 0 MemTotal:       24768352 kB
Node 0 MemFree:        24379520 kB
Node 0 MemUsed:          388832 kB
Node 0 Active:            54812 kB
Node 0 Inactive:          28472 kB
Node 0 Active(anon):      23664 kB
Node 0 Inactive(anon):      540 kB
Node 0 Active(file):      31148 kB
Node 0 Inactive(file):    27932 kB
Node 0 Unevictable:        5028 kB
Node 0 Mlocked:            5028 kB
Node 0 Dirty:               148 kB
Node 0 Writeback:             0 kB
Node 0 FilePages:         64848 kB
Node 0 Mapped:            21244 kB
Node 0 AnonPages:         23220 kB
Node 0 Shmem:               744 kB
Node 0 KernelStack:        3192 kB
Node 0 PageTables:          948 kB
Node 0 NFS_Unstable:          0 kB
Node 0 Bounce:                0 kB
Node 0 WritebackTmp:          0 kB
Node 0 KReclaimable:      21248 kB
Node 0 Slab:              63740 kB
Node 0 SReclaimable:      21248 kB
Node 0 SUnreclaim:        42492 kB
Node 0 AnonHugePages:         0 kB
Node 0 ShmemHugePages:        0 kB
Node 0 ShmemPmdMapped:        0 kB
Node 0 FileHugePages:        0 kB
Node 0 FilePmdMapped:        0 kB
Node 0 HugePages_Total:     0
Node 0 HugePages_Free:      0
Node 0 HugePages_Surp:      0

Node 1 MemTotal:       24661580 kB
Node 1 MemFree:        24407080 kB
Node 1 MemUsed:          254500 kB
Node 1 Active:            48448 kB
Node 1 Inactive:          62020 kB
Node 1 Active(anon):      10752 kB
Node 1 Inactive(anon):      344 kB
Node 1 Active(file):      37696 kB
Node 1 Inactive(file):    61676 kB
Node 1 Unevictable:       13492 kB
Node 1 Mlocked:           13492 kB
Node 1 Dirty:               192 kB
Node 1 Writeback:             0 kB
Node 1 FilePages:        103064 kB
Node 1 Mapped:            24840 kB
Node 1 AnonPages:         20212 kB
Node 1 Shmem:               524 kB
Node 1 KernelStack:        1720 kB
Node 1 PageTables:          576 kB
Node 1 NFS_Unstable:          0 kB
Node 1 Bounce:                0 kB
Node 1 WritebackTmp:          0 kB
Node 1 KReclaimable:      21668 kB
Node 1 Slab:              53784 kB
Node 1 SReclaimable:      21668 kB
Node 1 SUnreclaim:        32116 kB
Node 1 AnonHugePages:         0 kB
Node 1 ShmemHugePages:        0 kB
Node 1 ShmemPmdMapped:        0 kB
Node 1 FileHugePages:        0 kB
Node 1 FilePmdMapped:        0 kB
Node 1 HugePages_Total:     0
Node 1 HugePages_Free:      0
Node 1 HugePages_Surp:      0

After Test
Node 0 MemTotal:       24768352 kB
Node 0 MemFree:        15020336 kB
Node 0 MemUsed:         9748016 kB
Node 0 Active:            55248 kB
Node 0 Inactive:         153528 kB
Node 0 Active(anon):      23352 kB
Node 0 Inactive(anon):      540 kB
Node 0 Active(file):      31896 kB
Node 0 Inactive(file):   152988 kB
Node 0 Unevictable:        5028 kB
Node 0 Mlocked:            5028 kB
Node 0 Dirty:                20 kB
Node 0 Writeback:             0 kB
Node 0 FilePages:        190700 kB
Node 0 Mapped:            21056 kB
Node 0 AnonPages:         23100 kB
Node 0 Shmem:               744 kB
Node 0 KernelStack:        2984 kB
Node 0 PageTables:          852 kB
Node 0 NFS_Unstable:          0 kB
Node 0 Bounce:                0 kB
Node 0 WritebackTmp:          0 kB
Node 0 KReclaimable:      21596 kB
Node 0 Slab:              96324 kB
Node 0 SReclaimable:      21596 kB
Node 0 SUnreclaim:        74728 kB
Node 0 AnonHugePages:         0 kB
Node 0 ShmemHugePages:        0 kB
Node 0 ShmemPmdMapped:        0 kB
Node 0 FileHugePages:        0 kB
Node 0 FilePmdMapped:        0 kB
Node 0 HugePages_Total:     0
Node 0 HugePages_Free:      0
Node 0 HugePages_Surp:      0

Node 1 MemTotal:       24661580 kB
Node 1 MemFree:        24411624 kB
Node 1 MemUsed:          249956 kB
Node 1 Active:            47788 kB
Node 1 Inactive:          61956 kB
Node 1 Active(anon):      10028 kB
Node 1 Inactive(anon):      344 kB
Node 1 Active(file):      37760 kB
Node 1 Inactive(file):    61612 kB
Node 1 Unevictable:       13492 kB
Node 1 Mlocked:           13492 kB
Node 1 Dirty:                 8 kB
Node 1 Writeback:             0 kB
Node 1 FilePages:        103064 kB
Node 1 Mapped:            24892 kB
Node 1 AnonPages:         20180 kB
Node 1 Shmem:               524 kB
Node 1 KernelStack:        1640 kB
Node 1 PageTables:          456 kB
Node 1 NFS_Unstable:          0 kB
Node 1 Bounce:                0 kB
Node 1 WritebackTmp:          0 kB
Node 1 KReclaimable:      21772 kB
Node 1 Slab:              55480 kB
Node 1 SReclaimable:      21772 kB
Node 1 SUnreclaim:        33708 kB
Node 1 AnonHugePages:         0 kB
Node 1 ShmemHugePages:        0 kB
Node 1 ShmemPmdMapped:        0 kB
Node 1 FileHugePages:        0 kB
Node 1 FilePmdMapped:        0 kB
Node 1 HugePages_Total:     0
Node 1 HugePages_Free:      0
Node 1 HugePages_Surp:      0

After Opposite Node
Node 0 MemTotal:       24768352 kB
Node 0 MemFree:        15019300 kB
Node 0 MemUsed:         9749052 kB
Node 0 Active:            54980 kB
Node 0 Inactive:         153504 kB
Node 0 Active(anon):      23000 kB
Node 0 Inactive(anon):      540 kB
Node 0 Active(file):      31980 kB
Node 0 Inactive(file):   152964 kB
Node 0 Unevictable:        5028 kB
Node 0 Mlocked:            5028 kB
Node 0 Dirty:                20 kB
Node 0 Writeback:             0 kB
Node 0 FilePages:        190720 kB
Node 0 Mapped:            20988 kB
Node 0 AnonPages:         22796 kB
Node 0 Shmem:               744 kB
Node 0 KernelStack:        2984 kB
Node 0 PageTables:          552 kB
Node 0 NFS_Unstable:          0 kB
Node 0 Bounce:                0 kB
Node 0 WritebackTmp:          0 kB
Node 0 KReclaimable:      21596 kB
Node 0 Slab:              95664 kB
Node 0 SReclaimable:      21596 kB
Node 0 SUnreclaim:        74068 kB
Node 0 AnonHugePages:         0 kB
Node 0 ShmemHugePages:        0 kB
Node 0 ShmemPmdMapped:        0 kB
Node 0 FileHugePages:        0 kB
Node 0 FilePmdMapped:        0 kB
Node 0 HugePages_Total:     0
Node 0 HugePages_Free:      0
Node 0 HugePages_Surp:      0

Node 1 MemTotal:       24661580 kB
Node 1 MemFree:        24410648 kB
Node 1 MemUsed:          250932 kB
Node 1 Active:            48436 kB
Node 1 Inactive:          61692 kB
Node 1 Active(anon):      10404 kB
Node 1 Inactive(anon):      344 kB
Node 1 Active(file):      38032 kB
Node 1 Inactive(file):    61348 kB
Node 1 Unevictable:       13492 kB
Node 1 Mlocked:           13492 kB
Node 1 Dirty:                 4 kB
Node 1 Writeback:             0 kB
Node 1 FilePages:        103072 kB
Node 1 Mapped:            24864 kB
Node 1 AnonPages:         20500 kB
Node 1 Shmem:               524 kB
Node 1 KernelStack:        1640 kB
Node 1 PageTables:          752 kB
Node 1 NFS_Unstable:          0 kB
Node 1 Bounce:                0 kB
Node 1 WritebackTmp:          0 kB
Node 1 KReclaimable:      21808 kB
Node 1 Slab:              57104 kB
Node 1 SReclaimable:      21808 kB
Node 1 SUnreclaim:        35296 kB
Node 1 AnonHugePages:         0 kB
Node 1 ShmemHugePages:        0 kB
Node 1 ShmemPmdMapped:        0 kB
Node 1 FileHugePages:        0 kB
Node 1 FilePmdMapped:        0 kB
Node 1 HugePages_Total:     0
Node 1 HugePages_Free:      0
Node 1 HugePages_Surp:      0

U.0.128M-simpleread.8G.2.O.1M Complete!
