kernel.numa_balancing = 0
U.0.8M-simpleread.8G.1.O.1M
Begin
Node 0 MemTotal:       24768352 kB
Node 0 MemFree:        24478800 kB
Node 0 MemUsed:          289552 kB
Node 0 Active:            46584 kB
Node 0 Inactive:          93644 kB
Node 0 Active(anon):      27312 kB
Node 0 Inactive(anon):      488 kB
Node 0 Active(file):      19272 kB
Node 0 Inactive(file):    93156 kB
Node 0 Unevictable:       12760 kB
Node 0 Mlocked:           12760 kB
Node 0 Dirty:               352 kB
Node 0 Writeback:             0 kB
Node 0 FilePages:        115484 kB
Node 0 Mapped:            46468 kB
Node 0 AnonPages:         37580 kB
Node 0 Shmem:               624 kB
Node 0 KernelStack:        2360 kB
Node 0 PageTables:          996 kB
Node 0 NFS_Unstable:          0 kB
Node 0 Bounce:                0 kB
Node 0 WritebackTmp:          0 kB
Node 0 KReclaimable:      21208 kB
Node 0 Slab:              55804 kB
Node 0 SReclaimable:      21208 kB
Node 0 SUnreclaim:        34596 kB
Node 0 AnonHugePages:         0 kB
Node 0 ShmemHugePages:        0 kB
Node 0 ShmemPmdMapped:        0 kB
Node 0 FileHugePages:        0 kB
Node 0 FilePmdMapped:        0 kB
Node 0 HugePages_Total:     0
Node 0 HugePages_Free:      0
Node 0 HugePages_Surp:      0

Node 1 MemTotal:       24661580 kB
Node 1 MemFree:        24254068 kB
Node 1 MemUsed:          407512 kB
Node 1 Active:            61132 kB
Node 1 Inactive:          69260 kB
Node 1 Active(anon):      12664 kB
Node 1 Inactive(anon):      396 kB
Node 1 Active(file):      48468 kB
Node 1 Inactive(file):    68864 kB
Node 1 Unevictable:        5760 kB
Node 1 Mlocked:            5760 kB
Node 1 Dirty:                60 kB
Node 1 Writeback:             0 kB
Node 1 FilePages:        123824 kB
Node 1 Mapped:            22980 kB
Node 1 AnonPages:         12504 kB
Node 1 Shmem:               644 kB
Node 1 KernelStack:        1400 kB
Node 1 PageTables:          492 kB
Node 1 NFS_Unstable:          0 kB
Node 1 Bounce:                0 kB
Node 1 WritebackTmp:          0 kB
Node 1 KReclaimable:      21736 kB
Node 1 Slab:              50648 kB
Node 1 SReclaimable:      21736 kB
Node 1 SUnreclaim:        28912 kB
Node 1 AnonHugePages:         0 kB
Node 1 ShmemHugePages:        0 kB
Node 1 ShmemPmdMapped:        0 kB
Node 1 FileHugePages:        0 kB
Node 1 FilePmdMapped:        0 kB
Node 1 HugePages_Total:     0
Node 1 HugePages_Free:      0
Node 1 HugePages_Surp:      0

Load ZFS
Node 0 MemTotal:       24768352 kB
Node 0 MemFree:        24472864 kB
Node 0 MemUsed:          295488 kB
Node 0 Active:            46920 kB
Node 0 Inactive:          94064 kB
Node 0 Active(anon):      27316 kB
Node 0 Inactive(anon):      488 kB
Node 0 Active(file):      19604 kB
Node 0 Inactive(file):    93576 kB
Node 0 Unevictable:       12760 kB
Node 0 Mlocked:           12760 kB
Node 0 Dirty:               380 kB
Node 0 Writeback:             0 kB
Node 0 FilePages:        116236 kB
Node 0 Mapped:            46532 kB
Node 0 AnonPages:         37540 kB
Node 0 Shmem:               624 kB
Node 0 KernelStack:        2376 kB
Node 0 PageTables:          968 kB
Node 0 NFS_Unstable:          0 kB
Node 0 Bounce:                0 kB
Node 0 WritebackTmp:          0 kB
Node 0 KReclaimable:      21692 kB
Node 0 Slab:              57920 kB
Node 0 SReclaimable:      21692 kB
Node 0 SUnreclaim:        36228 kB
Node 0 AnonHugePages:         0 kB
Node 0 ShmemHugePages:        0 kB
Node 0 ShmemPmdMapped:        0 kB
Node 0 FileHugePages:        0 kB
Node 0 FilePmdMapped:        0 kB
Node 0 HugePages_Total:     0
Node 0 HugePages_Free:      0
Node 0 HugePages_Surp:      0

Node 1 MemTotal:       24661580 kB
Node 1 MemFree:        24248984 kB
Node 1 MemUsed:          412596 kB
Node 1 Active:            67464 kB
Node 1 Inactive:          64960 kB
Node 1 Active(anon):      12828 kB
Node 1 Inactive(anon):      396 kB
Node 1 Active(file):      54636 kB
Node 1 Inactive(file):    64564 kB
Node 1 Unevictable:        5760 kB
Node 1 Mlocked:            5760 kB
Node 1 Dirty:                64 kB
Node 1 Writeback:             0 kB
Node 1 FilePages:        125604 kB
Node 1 Mapped:            22980 kB
Node 1 AnonPages:         12360 kB
Node 1 Shmem:               644 kB
Node 1 KernelStack:        1352 kB
Node 1 PageTables:          520 kB
Node 1 NFS_Unstable:          0 kB
Node 1 Bounce:                0 kB
Node 1 WritebackTmp:          0 kB
Node 1 KReclaimable:      22140 kB
Node 1 Slab:              52468 kB
Node 1 SReclaimable:      22140 kB
Node 1 SUnreclaim:        30328 kB
Node 1 AnonHugePages:         0 kB
Node 1 ShmemHugePages:        0 kB
Node 1 ShmemPmdMapped:        0 kB
Node 1 FileHugePages:        0 kB
Node 1 FilePmdMapped:        0 kB
Node 1 HugePages_Total:     0
Node 1 HugePages_Free:      0
Node 1 HugePages_Surp:      0

Import tank ZPool
Node 0 MemTotal:       24768352 kB
Node 0 MemFree:        24462196 kB
Node 0 MemUsed:          306156 kB
Node 0 Active:            46944 kB
Node 0 Inactive:          94068 kB
Node 0 Active(anon):      27340 kB
Node 0 Inactive(anon):      488 kB
Node 0 Active(file):      19604 kB
Node 0 Inactive(file):    93580 kB
Node 0 Unevictable:       12760 kB
Node 0 Mlocked:           12760 kB
Node 0 Dirty:               424 kB
Node 0 Writeback:             0 kB
Node 0 FilePages:        116260 kB
Node 0 Mapped:            46460 kB
Node 0 AnonPages:         37540 kB
Node 0 Shmem:               620 kB
Node 0 KernelStack:        3464 kB
Node 0 PageTables:          968 kB
Node 0 NFS_Unstable:          0 kB
Node 0 Bounce:                0 kB
Node 0 WritebackTmp:          0 kB
Node 0 KReclaimable:      21692 kB
Node 0 Slab:              60428 kB
Node 0 SReclaimable:      21692 kB
Node 0 SUnreclaim:        38736 kB
Node 0 AnonHugePages:         0 kB
Node 0 ShmemHugePages:        0 kB
Node 0 ShmemPmdMapped:        0 kB
Node 0 FileHugePages:        0 kB
Node 0 FilePmdMapped:        0 kB
Node 0 HugePages_Total:     0
Node 0 HugePages_Free:      0
Node 0 HugePages_Surp:      0

Node 1 MemTotal:       24661580 kB
Node 1 MemFree:        24238576 kB
Node 1 MemUsed:          423004 kB
Node 1 Active:            68824 kB
Node 1 Inactive:          65904 kB
Node 1 Active(anon):      13476 kB
Node 1 Inactive(anon):      400 kB
Node 1 Active(file):      55348 kB
Node 1 Inactive(file):    65504 kB
Node 1 Unevictable:        5760 kB
Node 1 Mlocked:            5760 kB
Node 1 Dirty:                84 kB
Node 1 Writeback:             0 kB
Node 1 FilePages:        127308 kB
Node 1 Mapped:            23128 kB
Node 1 AnonPages:         13024 kB
Node 1 Shmem:               648 kB
Node 1 KernelStack:        1416 kB
Node 1 PageTables:          604 kB
Node 1 NFS_Unstable:          0 kB
Node 1 Bounce:                0 kB
Node 1 WritebackTmp:          0 kB
Node 1 KReclaimable:      22296 kB
Node 1 Slab:              57092 kB
Node 1 SReclaimable:      22296 kB
Node 1 SUnreclaim:        34796 kB
Node 1 AnonHugePages:         0 kB
Node 1 ShmemHugePages:        0 kB
Node 1 ShmemPmdMapped:        0 kB
Node 1 FileHugePages:        0 kB
Node 1 FilePmdMapped:        0 kB
Node 1 HugePages_Total:     0
Node 1 HugePages_Free:      0
Node 1 HugePages_Surp:      0

After Test
Node 0 MemTotal:       24768352 kB
Node 0 MemFree:        16043340 kB
Node 0 MemUsed:         8725012 kB
Node 0 Active:            42512 kB
Node 0 Inactive:         101816 kB
Node 0 Active(anon):      22268 kB
Node 0 Inactive(anon):      488 kB
Node 0 Active(file):      20244 kB
Node 0 Inactive(file):   101328 kB
Node 0 Unevictable:       12760 kB
Node 0 Mlocked:           12760 kB
Node 0 Dirty:                24 kB
Node 0 Writeback:             0 kB
Node 0 FilePages:        124648 kB
Node 0 Mapped:            46668 kB
Node 0 AnonPages:         32552 kB
Node 0 Shmem:               620 kB
Node 0 KernelStack:        3368 kB
Node 0 PageTables:          808 kB
Node 0 NFS_Unstable:          0 kB
Node 0 Bounce:                0 kB
Node 0 WritebackTmp:          0 kB
Node 0 KReclaimable:      21768 kB
Node 0 Slab:              89128 kB
Node 0 SReclaimable:      21768 kB
Node 0 SUnreclaim:        67360 kB
Node 0 AnonHugePages:         0 kB
Node 0 ShmemHugePages:        0 kB
Node 0 ShmemPmdMapped:        0 kB
Node 0 FileHugePages:        0 kB
Node 0 FilePmdMapped:        0 kB
Node 0 HugePages_Total:     0
Node 0 HugePages_Free:      0
Node 0 HugePages_Surp:      0

Node 1 MemTotal:       24661580 kB
Node 1 MemFree:        23425196 kB
Node 1 MemUsed:         1236384 kB
Node 1 Active:            66416 kB
Node 1 Inactive:          65888 kB
Node 1 Active(anon):      10972 kB
Node 1 Inactive(anon):      400 kB
Node 1 Active(file):      55444 kB
Node 1 Inactive(file):    65488 kB
Node 1 Unevictable:        5760 kB
Node 1 Mlocked:            5760 kB
Node 1 Dirty:                 4 kB
Node 1 Writeback:             0 kB
Node 1 FilePages:        127340 kB
Node 1 Mapped:            22980 kB
Node 1 AnonPages:         10724 kB
Node 1 Shmem:               648 kB
Node 1 KernelStack:        1224 kB
Node 1 PageTables:          396 kB
Node 1 NFS_Unstable:          0 kB
Node 1 Bounce:                0 kB
Node 1 WritebackTmp:          0 kB
Node 1 KReclaimable:      22296 kB
Node 1 Slab:              61096 kB
Node 1 SReclaimable:      22296 kB
Node 1 SUnreclaim:        38800 kB
Node 1 AnonHugePages:         0 kB
Node 1 ShmemHugePages:        0 kB
Node 1 ShmemPmdMapped:        0 kB
Node 1 FileHugePages:        0 kB
Node 1 FilePmdMapped:        0 kB
Node 1 HugePages_Total:     0
Node 1 HugePages_Free:      0
Node 1 HugePages_Surp:      0

After Opposite Node
Node 0 MemTotal:       24768352 kB
Node 0 MemFree:        16043708 kB
Node 0 MemUsed:         8724644 kB
Node 0 Active:            42440 kB
Node 0 Inactive:         101588 kB
Node 0 Active(anon):      21940 kB
Node 0 Inactive(anon):      488 kB
Node 0 Active(file):      20500 kB
Node 0 Inactive(file):   101100 kB
Node 0 Unevictable:       12760 kB
Node 0 Mlocked:           12760 kB
Node 0 Dirty:                40 kB
Node 0 Writeback:             0 kB
Node 0 FilePages:        124660 kB
Node 0 Mapped:            46444 kB
Node 0 AnonPages:         32132 kB
Node 0 Shmem:               620 kB
Node 0 KernelStack:        3336 kB
Node 0 PageTables:          744 kB
Node 0 NFS_Unstable:          0 kB
Node 0 Bounce:                0 kB
Node 0 WritebackTmp:          0 kB
Node 0 KReclaimable:      21772 kB
Node 0 Slab:              88604 kB
Node 0 SReclaimable:      21772 kB
Node 0 SUnreclaim:        66832 kB
Node 0 AnonHugePages:         0 kB
Node 0 ShmemHugePages:        0 kB
Node 0 ShmemPmdMapped:        0 kB
Node 0 FileHugePages:        0 kB
Node 0 FilePmdMapped:        0 kB
Node 0 HugePages_Total:     0
Node 0 HugePages_Free:      0
Node 0 HugePages_Surp:      0

Node 1 MemTotal:       24661580 kB
Node 1 MemFree:        23420584 kB
Node 1 MemUsed:         1240996 kB
Node 1 Active:            66728 kB
Node 1 Inactive:          65876 kB
Node 1 Active(anon):      11256 kB
Node 1 Inactive(anon):      400 kB
Node 1 Active(file):      55472 kB
Node 1 Inactive(file):    65476 kB
Node 1 Unevictable:        5760 kB
Node 1 Mlocked:            5760 kB
Node 1 Dirty:                20 kB
Node 1 Writeback:             0 kB
Node 1 FilePages:        127356 kB
Node 1 Mapped:            22980 kB
Node 1 AnonPages:         11144 kB
Node 1 Shmem:               648 kB
Node 1 KernelStack:        1256 kB
Node 1 PageTables:          468 kB
Node 1 NFS_Unstable:          0 kB
Node 1 Bounce:                0 kB
Node 1 WritebackTmp:          0 kB
Node 1 KReclaimable:      22328 kB
Node 1 Slab:              62628 kB
Node 1 SReclaimable:      22328 kB
Node 1 SUnreclaim:        40300 kB
Node 1 AnonHugePages:         0 kB
Node 1 ShmemHugePages:        0 kB
Node 1 ShmemPmdMapped:        0 kB
Node 1 FileHugePages:        0 kB
Node 1 FilePmdMapped:        0 kB
Node 1 HugePages_Total:     0
Node 1 HugePages_Free:      0
Node 1 HugePages_Surp:      0

U.0.8M-simpleread.8G.1.O.1M Complete!
