kernel.numa_balancing = 0
U.0.64M-simpleread.8G.1.O.1M
Begin
Node 0 MemTotal:       24768352 kB
Node 0 MemFree:        24376664 kB
Node 0 MemUsed:          391688 kB
Node 0 Active:            39316 kB
Node 0 Inactive:          76312 kB
Node 0 Active(anon):      13108 kB
Node 0 Inactive(anon):      400 kB
Node 0 Active(file):      26208 kB
Node 0 Inactive(file):    75912 kB
Node 0 Unevictable:         532 kB
Node 0 Mlocked:             532 kB
Node 0 Dirty:               184 kB
Node 0 Writeback:             0 kB
Node 0 FilePages:        103260 kB
Node 0 Mapped:            24632 kB
Node 0 AnonPages:         13020 kB
Node 0 Shmem:               564 kB
Node 0 KernelStack:        2264 kB
Node 0 PageTables:          432 kB
Node 0 NFS_Unstable:          0 kB
Node 0 Bounce:                0 kB
Node 0 WritebackTmp:          0 kB
Node 0 KReclaimable:      22032 kB
Node 0 Slab:              53852 kB
Node 0 SReclaimable:      22032 kB
Node 0 SUnreclaim:        31820 kB
Node 0 AnonHugePages:         0 kB
Node 0 ShmemHugePages:        0 kB
Node 0 ShmemPmdMapped:        0 kB
Node 0 FileHugePages:        0 kB
Node 0 FilePmdMapped:        0 kB
Node 0 HugePages_Total:     0
Node 0 HugePages_Free:      0
Node 0 HugePages_Surp:      0

Node 1 MemTotal:       24661580 kB
Node 1 MemFree:        24416232 kB
Node 1 MemUsed:          245348 kB
Node 1 Active:            57408 kB
Node 1 Inactive:          39720 kB
Node 1 Active(anon):      20764 kB
Node 1 Inactive(anon):      476 kB
Node 1 Active(file):      36644 kB
Node 1 Inactive(file):    39244 kB
Node 1 Unevictable:       17988 kB
Node 1 Mlocked:           17988 kB
Node 1 Dirty:               336 kB
Node 1 Writeback:             0 kB
Node 1 FilePages:         84256 kB
Node 1 Mapped:            39220 kB
Node 1 AnonPages:         30860 kB
Node 1 Shmem:               704 kB
Node 1 KernelStack:        1384 kB
Node 1 PageTables:          716 kB
Node 1 NFS_Unstable:          0 kB
Node 1 Bounce:                0 kB
Node 1 WritebackTmp:          0 kB
Node 1 KReclaimable:      19764 kB
Node 1 Slab:              51848 kB
Node 1 SReclaimable:      19764 kB
Node 1 SUnreclaim:        32084 kB
Node 1 AnonHugePages:         0 kB
Node 1 ShmemHugePages:        0 kB
Node 1 ShmemPmdMapped:        0 kB
Node 1 FileHugePages:        0 kB
Node 1 FilePmdMapped:        0 kB
Node 1 HugePages_Total:     0
Node 1 HugePages_Free:      0
Node 1 HugePages_Surp:      0

Load ZFS
Node 0 MemTotal:       24768352 kB
Node 0 MemFree:        24369212 kB
Node 0 MemUsed:          399140 kB
Node 0 Active:            47736 kB
Node 0 Inactive:          71896 kB
Node 0 Active(anon):      15520 kB
Node 0 Inactive(anon):      400 kB
Node 0 Active(file):      32216 kB
Node 0 Inactive(file):    71496 kB
Node 0 Unevictable:         532 kB
Node 0 Mlocked:             532 kB
Node 0 Dirty:               204 kB
Node 0 Writeback:             0 kB
Node 0 FilePages:        104816 kB
Node 0 Mapped:            24696 kB
Node 0 AnonPages:         15104 kB
Node 0 Shmem:               564 kB
Node 0 KernelStack:        2312 kB
Node 0 PageTables:          560 kB
Node 0 NFS_Unstable:          0 kB
Node 0 Bounce:                0 kB
Node 0 WritebackTmp:          0 kB
Node 0 KReclaimable:      22500 kB
Node 0 Slab:              55492 kB
Node 0 SReclaimable:      22500 kB
Node 0 SUnreclaim:        32992 kB
Node 0 AnonHugePages:         0 kB
Node 0 ShmemHugePages:        0 kB
Node 0 ShmemPmdMapped:        0 kB
Node 0 FileHugePages:        0 kB
Node 0 FilePmdMapped:        0 kB
Node 0 HugePages_Total:     0
Node 0 HugePages_Free:      0
Node 0 HugePages_Surp:      0

Node 1 MemTotal:       24661580 kB
Node 1 MemFree:        24415248 kB
Node 1 MemUsed:          246332 kB
Node 1 Active:            57976 kB
Node 1 Inactive:          40140 kB
Node 1 Active(anon):      20764 kB
Node 1 Inactive(anon):      476 kB
Node 1 Active(file):      37212 kB
Node 1 Inactive(file):    39664 kB
Node 1 Unevictable:       17988 kB
Node 1 Mlocked:           17988 kB
Node 1 Dirty:                80 kB
Node 1 Writeback:             0 kB
Node 1 FilePages:         85244 kB
Node 1 Mapped:            39380 kB
Node 1 AnonPages:         30860 kB
Node 1 Shmem:               704 kB
Node 1 KernelStack:        1400 kB
Node 1 PageTables:          716 kB
Node 1 NFS_Unstable:          0 kB
Node 1 Bounce:                0 kB
Node 1 WritebackTmp:          0 kB
Node 1 KReclaimable:      20172 kB
Node 1 Slab:              53496 kB
Node 1 SReclaimable:      20172 kB
Node 1 SUnreclaim:        33324 kB
Node 1 AnonHugePages:         0 kB
Node 1 ShmemHugePages:        0 kB
Node 1 ShmemPmdMapped:        0 kB
Node 1 FileHugePages:        0 kB
Node 1 FilePmdMapped:        0 kB
Node 1 HugePages_Total:     0
Node 1 HugePages_Free:      0
Node 1 HugePages_Surp:      0

Import tank ZPool
Node 0 MemTotal:       24768352 kB
Node 0 MemFree:        24356132 kB
Node 0 MemUsed:          412220 kB
Node 0 Active:            45380 kB
Node 0 Inactive:          71920 kB
Node 0 Active(anon):      13132 kB
Node 0 Inactive(anon):      400 kB
Node 0 Active(file):      32248 kB
Node 0 Inactive(file):    71520 kB
Node 0 Unevictable:         532 kB
Node 0 Mlocked:             532 kB
Node 0 Dirty:               276 kB
Node 0 Writeback:             0 kB
Node 0 FilePages:        104884 kB
Node 0 Mapped:            24632 kB
Node 0 AnonPages:         13028 kB
Node 0 Shmem:               560 kB
Node 0 KernelStack:        3352 kB
Node 0 PageTables:          528 kB
Node 0 NFS_Unstable:          0 kB
Node 0 Bounce:                0 kB
Node 0 WritebackTmp:          0 kB
Node 0 KReclaimable:      22500 kB
Node 0 Slab:              58292 kB
Node 0 SReclaimable:      22500 kB
Node 0 SUnreclaim:        35792 kB
Node 0 AnonHugePages:         0 kB
Node 0 ShmemHugePages:        0 kB
Node 0 ShmemPmdMapped:        0 kB
Node 0 FileHugePages:        0 kB
Node 0 FilePmdMapped:        0 kB
Node 0 HugePages_Total:     0
Node 0 HugePages_Free:      0
Node 0 HugePages_Surp:      0

Node 1 MemTotal:       24661580 kB
Node 1 MemFree:        24408944 kB
Node 1 MemUsed:          252636 kB
Node 1 Active:            58848 kB
Node 1 Inactive:          41340 kB
Node 1 Active(anon):      21192 kB
Node 1 Inactive(anon):      480 kB
Node 1 Active(file):      37656 kB
Node 1 Inactive(file):    40860 kB
Node 1 Unevictable:       17988 kB
Node 1 Mlocked:           17988 kB
Node 1 Dirty:               120 kB
Node 1 Writeback:             0 kB
Node 1 FilePages:         86908 kB
Node 1 Mapped:            39364 kB
Node 1 AnonPages:         31096 kB
Node 1 Shmem:               708 kB
Node 1 KernelStack:        1500 kB
Node 1 PageTables:          776 kB
Node 1 NFS_Unstable:          0 kB
Node 1 Bounce:                0 kB
Node 1 WritebackTmp:          0 kB
Node 1 KReclaimable:      20364 kB
Node 1 Slab:              58008 kB
Node 1 SReclaimable:      20364 kB
Node 1 SUnreclaim:        37644 kB
Node 1 AnonHugePages:         0 kB
Node 1 ShmemHugePages:        0 kB
Node 1 ShmemPmdMapped:        0 kB
Node 1 FileHugePages:        0 kB
Node 1 FilePmdMapped:        0 kB
Node 1 HugePages_Total:     0
Node 1 HugePages_Free:      0
Node 1 HugePages_Surp:      0

After Test
Node 0 MemTotal:       24768352 kB
Node 0 MemFree:        15062428 kB
Node 0 MemUsed:         9705924 kB
Node 0 Active:            45132 kB
Node 0 Inactive:         134448 kB
Node 0 Active(anon):      12448 kB
Node 0 Inactive(anon):      400 kB
Node 0 Active(file):      32684 kB
Node 0 Inactive(file):   134048 kB
Node 0 Unevictable:         532 kB
Node 0 Mlocked:             532 kB
Node 0 Dirty:                36 kB
Node 0 Writeback:             0 kB
Node 0 FilePages:        167820 kB
Node 0 Mapped:            24648 kB
Node 0 AnonPages:         12016 kB
Node 0 Shmem:               560 kB
Node 0 KernelStack:        3240 kB
Node 0 PageTables:          540 kB
Node 0 NFS_Unstable:          0 kB
Node 0 Bounce:                0 kB
Node 0 WritebackTmp:          0 kB
Node 0 KReclaimable:      22684 kB
Node 0 Slab:              90228 kB
Node 0 SReclaimable:      22684 kB
Node 0 SUnreclaim:        67544 kB
Node 0 AnonHugePages:         0 kB
Node 0 ShmemHugePages:        0 kB
Node 0 ShmemPmdMapped:        0 kB
Node 0 FileHugePages:        0 kB
Node 0 FilePmdMapped:        0 kB
Node 0 HugePages_Total:     0
Node 0 HugePages_Free:      0
Node 0 HugePages_Surp:      0

Node 1 MemTotal:       24661580 kB
Node 1 MemFree:        24412576 kB
Node 1 MemUsed:          249004 kB
Node 1 Active:            58908 kB
Node 1 Inactive:          40988 kB
Node 1 Active(anon):      20772 kB
Node 1 Inactive(anon):      480 kB
Node 1 Active(file):      38136 kB
Node 1 Inactive(file):    40508 kB
Node 1 Unevictable:       17988 kB
Node 1 Mlocked:           17988 kB
Node 1 Dirty:                12 kB
Node 1 Writeback:             0 kB
Node 1 FilePages:         87060 kB
Node 1 Mapped:            39500 kB
Node 1 AnonPages:         30868 kB
Node 1 Shmem:               708 kB
Node 1 KernelStack:        1400 kB
Node 1 PageTables:          716 kB
Node 1 NFS_Unstable:          0 kB
Node 1 Bounce:                0 kB
Node 1 WritebackTmp:          0 kB
Node 1 KReclaimable:      20420 kB
Node 1 Slab:              59124 kB
Node 1 SReclaimable:      20420 kB
Node 1 SUnreclaim:        38704 kB
Node 1 AnonHugePages:         0 kB
Node 1 ShmemHugePages:        0 kB
Node 1 ShmemPmdMapped:        0 kB
Node 1 FileHugePages:        0 kB
Node 1 FilePmdMapped:        0 kB
Node 1 HugePages_Total:     0
Node 1 HugePages_Free:      0
Node 1 HugePages_Surp:      0

After Opposite Node
Node 0 MemTotal:       24768352 kB
Node 0 MemFree:        15061204 kB
Node 0 MemUsed:         9707148 kB
Node 0 Active:            44684 kB
Node 0 Inactive:         134448 kB
Node 0 Active(anon):      11996 kB
Node 0 Inactive(anon):      400 kB
Node 0 Active(file):      32688 kB
Node 0 Inactive(file):   134048 kB
Node 0 Unevictable:         532 kB
Node 0 Mlocked:             532 kB
Node 0 Dirty:                52 kB
Node 0 Writeback:             0 kB
Node 0 FilePages:        167824 kB
Node 0 Mapped:            24648 kB
Node 0 AnonPages:         11836 kB
Node 0 Shmem:               560 kB
Node 0 KernelStack:        3224 kB
Node 0 PageTables:          368 kB
Node 0 NFS_Unstable:          0 kB
Node 0 Bounce:                0 kB
Node 0 WritebackTmp:          0 kB
Node 0 KReclaimable:      22684 kB
Node 0 Slab:              90160 kB
Node 0 SReclaimable:      22684 kB
Node 0 SUnreclaim:        67476 kB
Node 0 AnonHugePages:         0 kB
Node 0 ShmemHugePages:        0 kB
Node 0 ShmemPmdMapped:        0 kB
Node 0 FileHugePages:        0 kB
Node 0 FilePmdMapped:        0 kB
Node 0 HugePages_Total:     0
Node 0 HugePages_Free:      0
Node 0 HugePages_Surp:      0

Node 1 MemTotal:       24661580 kB
Node 1 MemFree:        24410724 kB
Node 1 MemUsed:          250856 kB
Node 1 Active:            59592 kB
Node 1 Inactive:          40752 kB
Node 1 Active(anon):      21188 kB
Node 1 Inactive(anon):      480 kB
Node 1 Active(file):      38404 kB
Node 1 Inactive(file):    40272 kB
Node 1 Unevictable:       17988 kB
Node 1 Mlocked:           17988 kB
Node 1 Dirty:                28 kB
Node 1 Writeback:             0 kB
Node 1 FilePages:         87084 kB
Node 1 Mapped:            39268 kB
Node 1 AnonPages:         31052 kB
Node 1 Shmem:               708 kB
Node 1 KernelStack:        1416 kB
Node 1 PageTables:          896 kB
Node 1 NFS_Unstable:          0 kB
Node 1 Bounce:                0 kB
Node 1 WritebackTmp:          0 kB
Node 1 KReclaimable:      20452 kB
Node 1 Slab:              60300 kB
Node 1 SReclaimable:      20452 kB
Node 1 SUnreclaim:        39848 kB
Node 1 AnonHugePages:         0 kB
Node 1 ShmemHugePages:        0 kB
Node 1 ShmemPmdMapped:        0 kB
Node 1 FileHugePages:        0 kB
Node 1 FilePmdMapped:        0 kB
Node 1 HugePages_Total:     0
Node 1 HugePages_Free:      0
Node 1 HugePages_Surp:      0

U.0.64M-simpleread.8G.1.O.1M Complete!
