U.0.huge-simpleread.2G.3.O.1M
Begin
Node 0 MemTotal:       24768352 kB
Node 0 MemFree:        24405208 kB
Node 0 MemUsed:          363144 kB
Node 0 Active:            37016 kB
Node 0 Inactive:          39484 kB
Node 0 Active(anon):      13624 kB
Node 0 Inactive(anon):      320 kB
Node 0 Active(file):      23392 kB
Node 0 Inactive(file):    39164 kB
Node 0 Unevictable:       18024 kB
Node 0 Mlocked:           18024 kB
Node 0 Dirty:                24 kB
Node 0 Writeback:             0 kB
Node 0 FilePages:         70724 kB
Node 0 Mapped:            35488 kB
Node 0 AnonPages:         23800 kB
Node 0 Shmem:               468 kB
Node 0 KernelStack:        2072 kB
Node 0 PageTables:          504 kB
Node 0 NFS_Unstable:          0 kB
Node 0 Bounce:                0 kB
Node 0 WritebackTmp:          0 kB
Node 0 KReclaimable:      19304 kB
Node 0 Slab:              51184 kB
Node 0 SReclaimable:      19304 kB
Node 0 SUnreclaim:        31880 kB
Node 0 AnonHugePages:         0 kB
Node 0 ShmemHugePages:        0 kB
Node 0 ShmemPmdMapped:        0 kB
Node 0 FileHugePages:        0 kB
Node 0 FilePmdMapped:        0 kB
Node 0 HugePages_Total:     0
Node 0 HugePages_Free:      0
Node 0 HugePages_Surp:      0

Node 1 MemTotal:       24661580 kB
Node 1 MemFree:        24409644 kB
Node 1 MemUsed:          251936 kB
Node 1 Active:            58240 kB
Node 1 Inactive:          53744 kB
Node 1 Active(anon):      20676 kB
Node 1 Inactive(anon):      552 kB
Node 1 Active(file):      37564 kB
Node 1 Inactive(file):    53192 kB
Node 1 Unevictable:         496 kB
Node 1 Mlocked:             496 kB
Node 1 Dirty:               396 kB
Node 1 Writeback:             0 kB
Node 1 FilePages:         92208 kB
Node 1 Mapped:            14332 kB
Node 1 AnonPages:         20428 kB
Node 1 Shmem:               800 kB
Node 1 KernelStack:        1528 kB
Node 1 PageTables:          536 kB
Node 1 NFS_Unstable:          0 kB
Node 1 Bounce:                0 kB
Node 1 WritebackTmp:          0 kB
Node 1 KReclaimable:      22536 kB
Node 1 Slab:              54872 kB
Node 1 SReclaimable:      22536 kB
Node 1 SUnreclaim:        32336 kB
Node 1 AnonHugePages:         0 kB
Node 1 ShmemHugePages:        0 kB
Node 1 ShmemPmdMapped:        0 kB
Node 1 FileHugePages:        0 kB
Node 1 FilePmdMapped:        0 kB
Node 1 HugePages_Total:     0
Node 1 HugePages_Free:      0
Node 1 HugePages_Surp:      0

Load ZFS
Node 0 MemTotal:       24768352 kB
Node 0 MemFree:        24535332 kB
Node 0 MemUsed:          233020 kB
Node 0 Active:            45560 kB
Node 0 Inactive:          34952 kB
Node 0 Active(anon):      16916 kB
Node 0 Inactive(anon):      320 kB
Node 0 Active(file):      28644 kB
Node 0 Inactive(file):    34632 kB
Node 0 Unevictable:       18024 kB
Node 0 Mlocked:           18024 kB
Node 0 Dirty:                80 kB
Node 0 Writeback:             0 kB
Node 0 FilePages:         71444 kB
Node 0 Mapped:            35476 kB
Node 0 AnonPages:         27216 kB
Node 0 Shmem:               468 kB
Node 0 KernelStack:        2152 kB
Node 0 PageTables:          732 kB
Node 0 NFS_Unstable:          0 kB
Node 0 Bounce:                0 kB
Node 0 WritebackTmp:          0 kB
Node 0 KReclaimable:      19836 kB
Node 0 Slab:              52932 kB
Node 0 SReclaimable:      19836 kB
Node 0 SUnreclaim:        33096 kB
Node 0 AnonHugePages:         0 kB
Node 0 ShmemHugePages:        0 kB
Node 0 ShmemPmdMapped:        0 kB
Node 0 FileHugePages:        0 kB
Node 0 FilePmdMapped:        0 kB
Node 0 HugePages_Total:     0
Node 0 HugePages_Free:      0
Node 0 HugePages_Surp:      0

Node 1 MemTotal:       24661580 kB
Node 1 MemFree:        24269592 kB
Node 1 MemUsed:          391988 kB
Node 1 Active:            59800 kB
Node 1 Inactive:          54268 kB
Node 1 Active(anon):      20784 kB
Node 1 Inactive(anon):      552 kB
Node 1 Active(file):      39016 kB
Node 1 Inactive(file):    53716 kB
Node 1 Unevictable:         496 kB
Node 1 Mlocked:             496 kB
Node 1 Dirty:               400 kB
Node 1 Writeback:             0 kB
Node 1 FilePages:         94024 kB
Node 1 Mapped:            14336 kB
Node 1 AnonPages:         20772 kB
Node 1 Shmem:               800 kB
Node 1 KernelStack:        1544 kB
Node 1 PageTables:          608 kB
Node 1 NFS_Unstable:          0 kB
Node 1 Bounce:                0 kB
Node 1 WritebackTmp:          0 kB
Node 1 KReclaimable:      23088 kB
Node 1 Slab:              57568 kB
Node 1 SReclaimable:      23088 kB
Node 1 SUnreclaim:        34480 kB
Node 1 AnonHugePages:         0 kB
Node 1 ShmemHugePages:        0 kB
Node 1 ShmemPmdMapped:        0 kB
Node 1 FileHugePages:        0 kB
Node 1 FilePmdMapped:        0 kB
Node 1 HugePages_Total:     0
Node 1 HugePages_Free:      0
Node 1 HugePages_Surp:      0

Import tank ZPool
Node 0 MemTotal:       24768352 kB
Node 0 MemFree:        24533416 kB
Node 0 MemUsed:          234936 kB
Node 0 Active:            42140 kB
Node 0 Inactive:          34956 kB
Node 0 Active(anon):      13412 kB
Node 0 Inactive(anon):      324 kB
Node 0 Active(file):      28728 kB
Node 0 Inactive(file):    34632 kB
Node 0 Unevictable:       18024 kB
Node 0 Mlocked:           18024 kB
Node 0 Dirty:               128 kB
Node 0 Writeback:             0 kB
Node 0 FilePages:         71536 kB
Node 0 Mapped:            35764 kB
Node 0 AnonPages:         23564 kB
Node 0 Shmem:               472 kB
Node 0 KernelStack:        2104 kB
Node 0 PageTables:          556 kB
Node 0 NFS_Unstable:          0 kB
Node 0 Bounce:                0 kB
Node 0 WritebackTmp:          0 kB
Node 0 KReclaimable:      19848 kB
Node 0 Slab:              57380 kB
Node 0 SReclaimable:      19848 kB
Node 0 SUnreclaim:        37532 kB
Node 0 AnonHugePages:         0 kB
Node 0 ShmemHugePages:        0 kB
Node 0 ShmemPmdMapped:        0 kB
Node 0 FileHugePages:        0 kB
Node 0 FilePmdMapped:        0 kB
Node 0 HugePages_Total:     0
Node 0 HugePages_Free:      0
Node 0 HugePages_Surp:      0

Node 1 MemTotal:       24661580 kB
Node 1 MemFree:        24255008 kB
Node 1 MemUsed:          406572 kB
Node 1 Active:            59624 kB
Node 1 Inactive:          55392 kB
Node 1 Active(anon):      20256 kB
Node 1 Inactive(anon):      552 kB
Node 1 Active(file):      39368 kB
Node 1 Inactive(file):    54840 kB
Node 1 Unevictable:         496 kB
Node 1 Mlocked:             496 kB
Node 1 Dirty:               180 kB
Node 1 Writeback:             0 kB
Node 1 FilePages:         95512 kB
Node 1 Mapped:            14548 kB
Node 1 AnonPages:         19908 kB
Node 1 Shmem:               796 kB
Node 1 KernelStack:        2632 kB
Node 1 PageTables:          620 kB
Node 1 NFS_Unstable:          0 kB
Node 1 Bounce:                0 kB
Node 1 WritebackTmp:          0 kB
Node 1 KReclaimable:      23228 kB
Node 1 Slab:              60276 kB
Node 1 SReclaimable:      23228 kB
Node 1 SUnreclaim:        37048 kB
Node 1 AnonHugePages:         0 kB
Node 1 ShmemHugePages:        0 kB
Node 1 ShmemPmdMapped:        0 kB
Node 1 FileHugePages:        0 kB
Node 1 FilePmdMapped:        0 kB
Node 1 HugePages_Total:     0
Node 1 HugePages_Free:      0
Node 1 HugePages_Surp:      0

After Test
Node 0 MemTotal:       24768352 kB
Node 0 MemFree:        21919492 kB
Node 0 MemUsed:         2848860 kB
Node 0 Active:            42288 kB
Node 0 Inactive:         132464 kB
Node 0 Active(anon):      12976 kB
Node 0 Inactive(anon):      324 kB
Node 0 Active(file):      29312 kB
Node 0 Inactive(file):   132140 kB
Node 0 Unevictable:       18024 kB
Node 0 Mlocked:           18024 kB
Node 0 Dirty:                16 kB
Node 0 Writeback:             0 kB
Node 0 FilePages:        169624 kB
Node 0 Mapped:            35484 kB
Node 0 AnonPages:         23356 kB
Node 0 Shmem:               472 kB
Node 0 KernelStack:        1976 kB
Node 0 PageTables:          724 kB
Node 0 NFS_Unstable:          0 kB
Node 0 Bounce:                0 kB
Node 0 WritebackTmp:          0 kB
Node 0 KReclaimable:      20108 kB
Node 0 Slab:              68860 kB
Node 0 SReclaimable:      20108 kB
Node 0 SUnreclaim:        48752 kB
Node 0 AnonHugePages:         0 kB
Node 0 ShmemHugePages:        0 kB
Node 0 ShmemPmdMapped:        0 kB
Node 0 FileHugePages:        0 kB
Node 0 FilePmdMapped:        0 kB
Node 0 HugePages_Total:     0
Node 0 HugePages_Free:      0
Node 0 HugePages_Surp:      0

Node 1 MemTotal:       24661580 kB
Node 1 MemFree:        23840580 kB
Node 1 MemUsed:          821000 kB
Node 1 Active:            59764 kB
Node 1 Inactive:          55140 kB
Node 1 Active(anon):      20080 kB
Node 1 Inactive(anon):      552 kB
Node 1 Active(file):      39684 kB
Node 1 Inactive(file):    54588 kB
Node 1 Unevictable:         496 kB
Node 1 Mlocked:             496 kB
Node 1 Dirty:                12 kB
Node 1 Writeback:             0 kB
Node 1 FilePages:         95568 kB
Node 1 Mapped:            14352 kB
Node 1 AnonPages:         19860 kB
Node 1 Shmem:               796 kB
Node 1 KernelStack:        2616 kB
Node 1 PageTables:          584 kB
Node 1 NFS_Unstable:          0 kB
Node 1 Bounce:                0 kB
Node 1 WritebackTmp:          0 kB
Node 1 KReclaimable:      23324 kB
Node 1 Slab:              62540 kB
Node 1 SReclaimable:      23324 kB
Node 1 SUnreclaim:        39216 kB
Node 1 AnonHugePages:         0 kB
Node 1 ShmemHugePages:        0 kB
Node 1 ShmemPmdMapped:        0 kB
Node 1 FileHugePages:        0 kB
Node 1 FilePmdMapped:        0 kB
Node 1 HugePages_Total:     0
Node 1 HugePages_Free:      0
Node 1 HugePages_Surp:      0

After Opposite Node
Node 0 MemTotal:       24768352 kB
Node 0 MemFree:        21919748 kB
Node 0 MemUsed:         2848604 kB
Node 0 Active:            42316 kB
Node 0 Inactive:         132200 kB
Node 0 Active(anon):      12736 kB
Node 0 Inactive(anon):      324 kB
Node 0 Active(file):      29580 kB
Node 0 Inactive(file):   131876 kB
Node 0 Unevictable:       18024 kB
Node 0 Mlocked:           18024 kB
Node 0 Dirty:                20 kB
Node 0 Writeback:             0 kB
Node 0 FilePages:        169628 kB
Node 0 Mapped:            35548 kB
Node 0 AnonPages:         22912 kB
Node 0 Shmem:               472 kB
Node 0 KernelStack:        1960 kB
Node 0 PageTables:          480 kB
Node 0 NFS_Unstable:          0 kB
Node 0 Bounce:                0 kB
Node 0 WritebackTmp:          0 kB
Node 0 KReclaimable:      20108 kB
Node 0 Slab:              68864 kB
Node 0 SReclaimable:      20108 kB
Node 0 SUnreclaim:        48756 kB
Node 0 AnonHugePages:         0 kB
Node 0 ShmemHugePages:        0 kB
Node 0 ShmemPmdMapped:        0 kB
Node 0 FileHugePages:        0 kB
Node 0 FilePmdMapped:        0 kB
Node 0 HugePages_Total:     0
Node 0 HugePages_Free:      0
Node 0 HugePages_Surp:      0

Node 1 MemTotal:       24661580 kB
Node 1 MemFree:        23837112 kB
Node 1 MemUsed:          824468 kB
Node 1 Active:            60016 kB
Node 1 Inactive:          55132 kB
Node 1 Active(anon):      20296 kB
Node 1 Inactive(anon):      552 kB
Node 1 Active(file):      39720 kB
Node 1 Inactive(file):    54580 kB
Node 1 Unevictable:         496 kB
Node 1 Mlocked:             496 kB
Node 1 Dirty:                28 kB
Node 1 Writeback:             0 kB
Node 1 FilePages:         95588 kB
Node 1 Mapped:            14336 kB
Node 1 AnonPages:         20304 kB
Node 1 Shmem:               796 kB
Node 1 KernelStack:        2632 kB
Node 1 PageTables:          820 kB
Node 1 NFS_Unstable:          0 kB
Node 1 Bounce:                0 kB
Node 1 WritebackTmp:          0 kB
Node 1 KReclaimable:      23356 kB
Node 1 Slab:              63152 kB
Node 1 SReclaimable:      23356 kB
Node 1 SUnreclaim:        39796 kB
Node 1 AnonHugePages:         0 kB
Node 1 ShmemHugePages:        0 kB
Node 1 ShmemPmdMapped:        0 kB
Node 1 FileHugePages:        0 kB
Node 1 FilePmdMapped:        0 kB
Node 1 HugePages_Total:     0
Node 1 HugePages_Free:      0
Node 1 HugePages_Surp:      0

U.0.huge-simpleread.2G.3.O.1M Complete!
