U.0.2Mfio.2G.2.O
Begin
Node 0 MemTotal:       24743736 kB
Node 0 MemFree:        24388136 kB
Node 0 MemUsed:          355600 kB
Node 0 Active:            42916 kB
Node 0 Inactive:          36096 kB
Node 0 Active(anon):       5724 kB
Node 0 Inactive(anon):      484 kB
Node 0 Active(file):      37192 kB
Node 0 Inactive(file):    35612 kB
Node 0 Unevictable:         584 kB
Node 0 Mlocked:             584 kB
Node 0 Dirty:                80 kB
Node 0 Writeback:             0 kB
Node 0 FilePages:         74112 kB
Node 0 Mapped:            22220 kB
Node 0 AnonPages:          5512 kB
Node 0 Shmem:               708 kB
Node 0 KernelStack:        1960 kB
Node 0 PageTables:          372 kB
Node 0 NFS_Unstable:          0 kB
Node 0 Bounce:                0 kB
Node 0 WritebackTmp:          0 kB
Node 0 KReclaimable:      23884 kB
Node 0 Slab:              59332 kB
Node 0 SReclaimable:      23884 kB
Node 0 SUnreclaim:        35448 kB
Node 0 AnonHugePages:         0 kB
Node 0 ShmemHugePages:        0 kB
Node 0 ShmemPmdMapped:        0 kB
Node 0 FileHugePages:        0 kB
Node 0 FilePmdMapped:        0 kB
Node 0 HugePages_Total:     0
Node 0 HugePages_Free:      0
Node 0 HugePages_Surp:      0

Node 1 MemTotal:       24686196 kB
Node 1 MemFree:        24378916 kB
Node 1 MemUsed:          307280 kB
Node 1 Active:            55368 kB
Node 1 Inactive:         102624 kB
Node 1 Active(anon):      27720 kB
Node 1 Inactive(anon):      388 kB
Node 1 Active(file):      27648 kB
Node 1 Inactive(file):   102236 kB
Node 1 Unevictable:       17940 kB
Node 1 Mlocked:           17940 kB
Node 1 Dirty:               460 kB
Node 1 Writeback:             0 kB
Node 1 FilePages:        138196 kB
Node 1 Mapped:            62940 kB
Node 1 AnonPages:         37928 kB
Node 1 Shmem:               560 kB
Node 1 KernelStack:        1672 kB
Node 1 PageTables:          848 kB
Node 1 NFS_Unstable:          0 kB
Node 1 Bounce:                0 kB
Node 1 WritebackTmp:          0 kB
Node 1 KReclaimable:      18136 kB
Node 1 Slab:              47572 kB
Node 1 SReclaimable:      18136 kB
Node 1 SUnreclaim:        29436 kB
Node 1 AnonHugePages:         0 kB
Node 1 ShmemHugePages:        0 kB
Node 1 ShmemPmdMapped:        0 kB
Node 1 FileHugePages:        0 kB
Node 1 FilePmdMapped:        0 kB
Node 1 HugePages_Total:     0
Node 1 HugePages_Free:      0
Node 1 HugePages_Surp:      0

Load ZFS
Node 0 MemTotal:       24743736 kB
Node 0 MemFree:        24520980 kB
Node 0 MemUsed:          222756 kB
Node 0 Active:            48480 kB
Node 0 Inactive:          31612 kB
Node 0 Active(anon):       5732 kB
Node 0 Inactive(anon):      480 kB
Node 0 Active(file):      42748 kB
Node 0 Inactive(file):    31132 kB
Node 0 Unevictable:         584 kB
Node 0 Mlocked:             584 kB
Node 0 Dirty:               132 kB
Node 0 Writeback:             0 kB
Node 0 FilePages:         75168 kB
Node 0 Mapped:            22220 kB
Node 0 AnonPages:          5508 kB
Node 0 Shmem:               704 kB
Node 0 KernelStack:        1944 kB
Node 0 PageTables:          372 kB
Node 0 NFS_Unstable:          0 kB
Node 0 Bounce:                0 kB
Node 0 WritebackTmp:          0 kB
Node 0 KReclaimable:      24308 kB
Node 0 Slab:              60712 kB
Node 0 SReclaimable:      24308 kB
Node 0 SUnreclaim:        36404 kB
Node 0 AnonHugePages:         0 kB
Node 0 ShmemHugePages:        0 kB
Node 0 ShmemPmdMapped:        0 kB
Node 0 FileHugePages:        0 kB
Node 0 FilePmdMapped:        0 kB
Node 0 HugePages_Total:     0
Node 0 HugePages_Free:      0
Node 0 HugePages_Surp:      0

Node 1 MemTotal:       24686196 kB
Node 1 MemFree:        24236364 kB
Node 1 MemUsed:          449832 kB
Node 1 Active:            58052 kB
Node 1 Inactive:         103116 kB
Node 1 Active(anon):      29260 kB
Node 1 Inactive(anon):      392 kB
Node 1 Active(file):      28792 kB
Node 1 Inactive(file):   102724 kB
Node 1 Unevictable:       17940 kB
Node 1 Mlocked:           17940 kB
Node 1 Dirty:               216 kB
Node 1 Writeback:             0 kB
Node 1 FilePages:        139700 kB
Node 1 Mapped:            63100 kB
Node 1 AnonPages:         39392 kB
Node 1 Shmem:               564 kB
Node 1 KernelStack:        1720 kB
Node 1 PageTables:          980 kB
Node 1 NFS_Unstable:          0 kB
Node 1 Bounce:                0 kB
Node 1 WritebackTmp:          0 kB
Node 1 KReclaimable:      18724 kB
Node 1 Slab:              50288 kB
Node 1 SReclaimable:      18724 kB
Node 1 SUnreclaim:        31564 kB
Node 1 AnonHugePages:         0 kB
Node 1 ShmemHugePages:        0 kB
Node 1 ShmemPmdMapped:        0 kB
Node 1 FileHugePages:        0 kB
Node 1 FilePmdMapped:        0 kB
Node 1 HugePages_Total:     0
Node 1 HugePages_Free:      0
Node 1 HugePages_Surp:      0

Import tank ZPool
Node 0 MemTotal:       24743736 kB
Node 0 MemFree:        24521856 kB
Node 0 MemUsed:          221880 kB
Node 0 Active:            48548 kB
Node 0 Inactive:          31544 kB
Node 0 Active(anon):       5732 kB
Node 0 Inactive(anon):      480 kB
Node 0 Active(file):      42816 kB
Node 0 Inactive(file):    31064 kB
Node 0 Unevictable:         584 kB
Node 0 Mlocked:             584 kB
Node 0 Dirty:               136 kB
Node 0 Writeback:             0 kB
Node 0 FilePages:         75184 kB
Node 0 Mapped:            22264 kB
Node 0 AnonPages:          5508 kB
Node 0 Shmem:               704 kB
Node 0 KernelStack:        1944 kB
Node 0 PageTables:          372 kB
Node 0 NFS_Unstable:          0 kB
Node 0 Bounce:                0 kB
Node 0 WritebackTmp:          0 kB
Node 0 KReclaimable:      24308 kB
Node 0 Slab:              61116 kB
Node 0 SReclaimable:      24308 kB
Node 0 SUnreclaim:        36808 kB
Node 0 AnonHugePages:         0 kB
Node 0 ShmemHugePages:        0 kB
Node 0 ShmemPmdMapped:        0 kB
Node 0 FileHugePages:        0 kB
Node 0 FilePmdMapped:        0 kB
Node 0 HugePages_Total:     0
Node 0 HugePages_Free:      0
Node 0 HugePages_Surp:      0

Node 1 MemTotal:       24686196 kB
Node 1 MemFree:        24216452 kB
Node 1 MemUsed:          469744 kB
Node 1 Active:            57228 kB
Node 1 Inactive:         103984 kB
Node 1 Active(anon):      27828 kB
Node 1 Inactive(anon):      396 kB
Node 1 Active(file):      29400 kB
Node 1 Inactive(file):   103588 kB
Node 1 Unevictable:       17940 kB
Node 1 Mlocked:           17940 kB
Node 1 Dirty:               156 kB
Node 1 Writeback:             0 kB
Node 1 FilePages:        141164 kB
Node 1 Mapped:            63068 kB
Node 1 AnonPages:         37940 kB
Node 1 Shmem:               564 kB
Node 1 KernelStack:        2872 kB
Node 1 PageTables:         1040 kB
Node 1 NFS_Unstable:          0 kB
Node 1 Bounce:                0 kB
Node 1 WritebackTmp:          0 kB
Node 1 KReclaimable:      18856 kB
Node 1 Slab:              57024 kB
Node 1 SReclaimable:      18856 kB
Node 1 SUnreclaim:        38168 kB
Node 1 AnonHugePages:         0 kB
Node 1 ShmemHugePages:        0 kB
Node 1 ShmemPmdMapped:        0 kB
Node 1 FileHugePages:        0 kB
Node 1 FilePmdMapped:        0 kB
Node 1 HugePages_Total:     0
Node 1 HugePages_Free:      0
Node 1 HugePages_Surp:      0

After Test
Node 0 MemTotal:       24743736 kB
Node 0 MemFree:        22092388 kB
Node 0 MemUsed:         2651348 kB
Node 0 Active:            49384 kB
Node 0 Inactive:          32640 kB
Node 0 Active(anon):       5648 kB
Node 0 Inactive(anon):      508 kB
Node 0 Active(file):      43736 kB
Node 0 Inactive(file):    32132 kB
Node 0 Unevictable:         584 kB
Node 0 Mlocked:             584 kB
Node 0 Dirty:                24 kB
Node 0 Writeback:             0 kB
Node 0 FilePages:         77200 kB
Node 0 Mapped:            22484 kB
Node 0 AnonPages:          5312 kB
Node 0 Shmem:               748 kB
Node 0 KernelStack:        1848 kB
Node 0 PageTables:          484 kB
Node 0 NFS_Unstable:          0 kB
Node 0 Bounce:                0 kB
Node 0 WritebackTmp:          0 kB
Node 0 KReclaimable:      25712 kB
Node 0 Slab:              75144 kB
Node 0 SReclaimable:      25712 kB
Node 0 SUnreclaim:        49432 kB
Node 0 AnonHugePages:         0 kB
Node 0 ShmemHugePages:        0 kB
Node 0 ShmemPmdMapped:        0 kB
Node 0 FileHugePages:        0 kB
Node 0 FilePmdMapped:        0 kB
Node 0 HugePages_Total:     0
Node 0 HugePages_Free:      0
Node 0 HugePages_Surp:      0

Node 1 MemTotal:       24686196 kB
Node 1 MemFree:        23704920 kB
Node 1 MemUsed:          981276 kB
Node 1 Active:            56572 kB
Node 1 Inactive:         104060 kB
Node 1 Active(anon):      27140 kB
Node 1 Inactive(anon):      396 kB
Node 1 Active(file):      29432 kB
Node 1 Inactive(file):   103664 kB
Node 1 Unevictable:       17940 kB
Node 1 Mlocked:           17940 kB
Node 1 Dirty:                12 kB
Node 1 Writeback:             0 kB
Node 1 FilePages:        141268 kB
Node 1 Mapped:            62940 kB
Node 1 AnonPages:         37300 kB
Node 1 Shmem:               564 kB
Node 1 KernelStack:        2792 kB
Node 1 PageTables:          828 kB
Node 1 NFS_Unstable:          0 kB
Node 1 Bounce:                0 kB
Node 1 WritebackTmp:          0 kB
Node 1 KReclaimable:      18888 kB
Node 1 Slab:              58788 kB
Node 1 SReclaimable:      18888 kB
Node 1 SUnreclaim:        39900 kB
Node 1 AnonHugePages:         0 kB
Node 1 ShmemHugePages:        0 kB
Node 1 ShmemPmdMapped:        0 kB
Node 1 FileHugePages:        0 kB
Node 1 FilePmdMapped:        0 kB
Node 1 HugePages_Total:     0
Node 1 HugePages_Free:      0
Node 1 HugePages_Surp:      0

After Opposite Node
Node 0 MemTotal:       24743736 kB
Node 0 MemFree:        22094304 kB
Node 0 MemUsed:         2649432 kB
Node 0 Active:            49396 kB
Node 0 Inactive:          32464 kB
Node 0 Active(anon):       5504 kB
Node 0 Inactive(anon):      480 kB
Node 0 Active(file):      43892 kB
Node 0 Inactive(file):    31984 kB
Node 0 Unevictable:         584 kB
Node 0 Mlocked:             584 kB
Node 0 Dirty:                44 kB
Node 0 Writeback:             0 kB
Node 0 FilePages:         77172 kB
Node 0 Mapped:            22448 kB
Node 0 AnonPages:          5280 kB
Node 0 Shmem:               704 kB
Node 0 KernelStack:        1832 kB
Node 0 PageTables:          372 kB
Node 0 NFS_Unstable:          0 kB
Node 0 Bounce:                0 kB
Node 0 WritebackTmp:          0 kB
Node 0 KReclaimable:      25712 kB
Node 0 Slab:              75120 kB
Node 0 SReclaimable:      25712 kB
Node 0 SUnreclaim:        49408 kB
Node 0 AnonHugePages:         0 kB
Node 0 ShmemHugePages:        0 kB
Node 0 ShmemPmdMapped:        0 kB
Node 0 FileHugePages:        0 kB
Node 0 FilePmdMapped:        0 kB
Node 0 HugePages_Total:     0
Node 0 HugePages_Free:      0
Node 0 HugePages_Surp:      0

Node 1 MemTotal:       24686196 kB
Node 1 MemFree:        23703868 kB
Node 1 MemUsed:          982328 kB
Node 1 Active:            56764 kB
Node 1 Inactive:         104080 kB
Node 1 Active(anon):      27304 kB
Node 1 Inactive(anon):      420 kB
Node 1 Active(file):      29460 kB
Node 1 Inactive(file):   103660 kB
Node 1 Unevictable:       17940 kB
Node 1 Mlocked:           17940 kB
Node 1 Dirty:                48 kB
Node 1 Writeback:             0 kB
Node 1 FilePages:        141336 kB
Node 1 Mapped:            62984 kB
Node 1 AnonPages:         37360 kB
Node 1 Shmem:               608 kB
Node 1 KernelStack:        2792 kB
Node 1 PageTables:          944 kB
Node 1 NFS_Unstable:          0 kB
Node 1 Bounce:                0 kB
Node 1 WritebackTmp:          0 kB
Node 1 KReclaimable:      18936 kB
Node 1 Slab:              59692 kB
Node 1 SReclaimable:      18936 kB
Node 1 SUnreclaim:        40756 kB
Node 1 AnonHugePages:         0 kB
Node 1 ShmemHugePages:        0 kB
Node 1 ShmemPmdMapped:        0 kB
Node 1 FileHugePages:        0 kB
Node 1 FilePmdMapped:        0 kB
Node 1 HugePages_Total:     0
Node 1 HugePages_Free:      0
Node 1 HugePages_Surp:      0

U.0.2Mfio.2G.2.O Complete!
