U.0.4Mfio.4G.2.O
Begin
Node 0 MemTotal:       24743736 kB
Node 0 MemFree:        24388136 kB
Node 0 MemUsed:          355600 kB
Node 0 Active:            34968 kB
Node 0 Inactive:          59972 kB
Node 0 Active(anon):      20252 kB
Node 0 Inactive(anon):      552 kB
Node 0 Active(file):      14716 kB
Node 0 Inactive(file):    59420 kB
Node 0 Unevictable:         904 kB
Node 0 Mlocked:             904 kB
Node 0 Dirty:                96 kB
Node 0 Writeback:             0 kB
Node 0 FilePages:         75876 kB
Node 0 Mapped:             9760 kB
Node 0 AnonPages:         20072 kB
Node 0 Shmem:               780 kB
Node 0 KernelStack:        2264 kB
Node 0 PageTables:          384 kB
Node 0 NFS_Unstable:          0 kB
Node 0 Bounce:                0 kB
Node 0 WritebackTmp:          0 kB
Node 0 KReclaimable:      15964 kB
Node 0 Slab:              43284 kB
Node 0 SReclaimable:      15964 kB
Node 0 SUnreclaim:        27320 kB
Node 0 AnonHugePages:         0 kB
Node 0 ShmemHugePages:        0 kB
Node 0 ShmemPmdMapped:        0 kB
Node 0 FileHugePages:        0 kB
Node 0 FilePmdMapped:        0 kB
Node 0 HugePages_Total:     0
Node 0 HugePages_Free:      0
Node 0 HugePages_Surp:      0

Node 1 MemTotal:       24686196 kB
Node 1 MemFree:        24433556 kB
Node 1 MemUsed:          252640 kB
Node 1 Active:            59596 kB
Node 1 Inactive:          26744 kB
Node 1 Active(anon):      13784 kB
Node 1 Inactive(anon):      332 kB
Node 1 Active(file):      45812 kB
Node 1 Inactive(file):    26412 kB
Node 1 Unevictable:       17620 kB
Node 1 Mlocked:           17620 kB
Node 1 Dirty:               324 kB
Node 1 Writeback:             0 kB
Node 1 FilePages:         80000 kB
Node 1 Mapped:            29380 kB
Node 1 AnonPages:         23960 kB
Node 1 Shmem:               488 kB
Node 1 KernelStack:        1352 kB
Node 1 PageTables:          716 kB
Node 1 NFS_Unstable:          0 kB
Node 1 Bounce:                0 kB
Node 1 WritebackTmp:          0 kB
Node 1 KReclaimable:      25612 kB
Node 1 Slab:              64864 kB
Node 1 SReclaimable:      25612 kB
Node 1 SUnreclaim:        39252 kB
Node 1 AnonHugePages:         0 kB
Node 1 ShmemHugePages:        0 kB
Node 1 ShmemPmdMapped:        0 kB
Node 1 FileHugePages:        0 kB
Node 1 FilePmdMapped:        0 kB
Node 1 HugePages_Total:     0
Node 1 HugePages_Free:      0
Node 1 HugePages_Surp:      0

Load ZFS
Node 0 MemTotal:       24743736 kB
Node 0 MemFree:        24383448 kB
Node 0 MemUsed:          360288 kB
Node 0 Active:            43592 kB
Node 0 Inactive:          55724 kB
Node 0 Active(anon):      22516 kB
Node 0 Inactive(anon):      552 kB
Node 0 Active(file):      21076 kB
Node 0 Inactive(file):    55172 kB
Node 0 Unevictable:         904 kB
Node 0 Mlocked:             904 kB
Node 0 Dirty:                96 kB
Node 0 Writeback:             0 kB
Node 0 FilePages:         77932 kB
Node 0 Mapped:             9936 kB
Node 0 AnonPages:         22156 kB
Node 0 Shmem:               780 kB
Node 0 KernelStack:        2216 kB
Node 0 PageTables:          756 kB
Node 0 NFS_Unstable:          0 kB
Node 0 Bounce:                0 kB
Node 0 WritebackTmp:          0 kB
Node 0 KReclaimable:      16428 kB
Node 0 Slab:              45020 kB
Node 0 SReclaimable:      16428 kB
Node 0 SUnreclaim:        28592 kB
Node 0 AnonHugePages:         0 kB
Node 0 ShmemHugePages:        0 kB
Node 0 ShmemPmdMapped:        0 kB
Node 0 FileHugePages:        0 kB
Node 0 FilePmdMapped:        0 kB
Node 0 HugePages_Total:     0
Node 0 HugePages_Free:      0
Node 0 HugePages_Surp:      0

Node 1 MemTotal:       24686196 kB
Node 1 MemFree:        24428568 kB
Node 1 MemUsed:          257628 kB
Node 1 Active:            61328 kB
Node 1 Inactive:          27008 kB
Node 1 Active(anon):      15296 kB
Node 1 Inactive(anon):      336 kB
Node 1 Active(file):      46032 kB
Node 1 Inactive(file):    26672 kB
Node 1 Unevictable:       17620 kB
Node 1 Mlocked:           17620 kB
Node 1 Dirty:               380 kB
Node 1 Writeback:             0 kB
Node 1 FilePages:         80480 kB
Node 1 Mapped:            29424 kB
Node 1 AnonPages:         25652 kB
Node 1 Shmem:               488 kB
Node 1 KernelStack:        1512 kB
Node 1 PageTables:          716 kB
Node 1 NFS_Unstable:          0 kB
Node 1 Bounce:                0 kB
Node 1 WritebackTmp:          0 kB
Node 1 KReclaimable:      26044 kB
Node 1 Slab:              66764 kB
Node 1 SReclaimable:      26044 kB
Node 1 SUnreclaim:        40720 kB
Node 1 AnonHugePages:         0 kB
Node 1 ShmemHugePages:        0 kB
Node 1 ShmemPmdMapped:        0 kB
Node 1 FileHugePages:        0 kB
Node 1 FilePmdMapped:        0 kB
Node 1 HugePages_Total:     0
Node 1 HugePages_Free:      0
Node 1 HugePages_Surp:      0

Import tank ZPool
Node 0 MemTotal:       24743736 kB
Node 0 MemFree:        24375240 kB
Node 0 MemUsed:          368496 kB
Node 0 Active:            44348 kB
Node 0 Inactive:          56880 kB
Node 0 Active(anon):      22852 kB
Node 0 Inactive(anon):      556 kB
Node 0 Active(file):      21496 kB
Node 0 Inactive(file):    56324 kB
Node 0 Unevictable:         904 kB
Node 0 Mlocked:             904 kB
Node 0 Dirty:               100 kB
Node 0 Writeback:             0 kB
Node 0 FilePages:         79512 kB
Node 0 Mapped:            10040 kB
Node 0 AnonPages:         22260 kB
Node 0 Shmem:               784 kB
Node 0 KernelStack:        2280 kB
Node 0 PageTables:          844 kB
Node 0 NFS_Unstable:          0 kB
Node 0 Bounce:                0 kB
Node 0 WritebackTmp:          0 kB
Node 0 KReclaimable:      16556 kB
Node 0 Slab:              50404 kB
Node 0 SReclaimable:      16556 kB
Node 0 SUnreclaim:        33848 kB
Node 0 AnonHugePages:         0 kB
Node 0 ShmemHugePages:        0 kB
Node 0 ShmemPmdMapped:        0 kB
Node 0 FileHugePages:        0 kB
Node 0 FilePmdMapped:        0 kB
Node 0 HugePages_Total:     0
Node 0 HugePages_Free:      0
Node 0 HugePages_Surp:      0

Node 1 MemTotal:       24686196 kB
Node 1 MemFree:        24414348 kB
Node 1 MemUsed:          271848 kB
Node 1 Active:            61444 kB
Node 1 Inactive:          27012 kB
Node 1 Active(anon):      15388 kB
Node 1 Inactive(anon):      336 kB
Node 1 Active(file):      46056 kB
Node 1 Inactive(file):    26676 kB
Node 1 Unevictable:       17620 kB
Node 1 Mlocked:           17620 kB
Node 1 Dirty:               180 kB
Node 1 Writeback:             0 kB
Node 1 FilePages:         80504 kB
Node 1 Mapped:            29440 kB
Node 1 AnonPages:         25652 kB
Node 1 Shmem:               484 kB
Node 1 KernelStack:        2600 kB
Node 1 PageTables:          716 kB
Node 1 NFS_Unstable:          0 kB
Node 1 Bounce:                0 kB
Node 1 WritebackTmp:          0 kB
Node 1 KReclaimable:      26060 kB
Node 1 Slab:              69304 kB
Node 1 SReclaimable:      26060 kB
Node 1 SUnreclaim:        43244 kB
Node 1 AnonHugePages:         0 kB
Node 1 ShmemHugePages:        0 kB
Node 1 ShmemPmdMapped:        0 kB
Node 1 FileHugePages:        0 kB
Node 1 FilePmdMapped:        0 kB
Node 1 HugePages_Total:     0
Node 1 HugePages_Free:      0
Node 1 HugePages_Surp:      0

After Test
Node 0 MemTotal:       24743736 kB
Node 0 MemFree:        19963852 kB
Node 0 MemUsed:         4779884 kB
Node 0 Active:            42084 kB
Node 0 Inactive:          57840 kB
Node 0 Active(anon):      19504 kB
Node 0 Inactive(anon):      584 kB
Node 0 Active(file):      22580 kB
Node 0 Inactive(file):    57256 kB
Node 0 Unevictable:         904 kB
Node 0 Mlocked:             904 kB
Node 0 Dirty:                12 kB
Node 0 Writeback:             0 kB
Node 0 FilePages:         81568 kB
Node 0 Mapped:            10028 kB
Node 0 AnonPages:         19172 kB
Node 0 Shmem:               828 kB
Node 0 KernelStack:        2008 kB
Node 0 PageTables:          436 kB
Node 0 NFS_Unstable:          0 kB
Node 0 Bounce:                0 kB
Node 0 WritebackTmp:          0 kB
Node 0 KReclaimable:      17872 kB
Node 0 Slab:              69456 kB
Node 0 SReclaimable:      17872 kB
Node 0 SUnreclaim:        51584 kB
Node 0 AnonHugePages:         0 kB
Node 0 ShmemHugePages:        0 kB
Node 0 ShmemPmdMapped:        0 kB
Node 0 FileHugePages:        0 kB
Node 0 FilePmdMapped:        0 kB
Node 0 HugePages_Total:     0
Node 0 HugePages_Free:      0
Node 0 HugePages_Surp:      0

Node 1 MemTotal:       24686196 kB
Node 1 MemFree:        23788228 kB
Node 1 MemUsed:          897968 kB
Node 1 Active:            59496 kB
Node 1 Inactive:          26972 kB
Node 1 Active(anon):      13400 kB
Node 1 Inactive(anon):      336 kB
Node 1 Active(file):      46096 kB
Node 1 Inactive(file):    26636 kB
Node 1 Unevictable:       17620 kB
Node 1 Mlocked:           17620 kB
Node 1 Dirty:                20 kB
Node 1 Writeback:             0 kB
Node 1 FilePages:         80504 kB
Node 1 Mapped:            29400 kB
Node 1 AnonPages:         23580 kB
Node 1 Shmem:               484 kB
Node 1 KernelStack:        2568 kB
Node 1 PageTables:          692 kB
Node 1 NFS_Unstable:          0 kB
Node 1 Bounce:                0 kB
Node 1 WritebackTmp:          0 kB
Node 1 KReclaimable:      26072 kB
Node 1 Slab:              71404 kB
Node 1 SReclaimable:      26072 kB
Node 1 SUnreclaim:        45332 kB
Node 1 AnonHugePages:         0 kB
Node 1 ShmemHugePages:        0 kB
Node 1 ShmemPmdMapped:        0 kB
Node 1 FileHugePages:        0 kB
Node 1 FilePmdMapped:        0 kB
Node 1 HugePages_Total:     0
Node 1 HugePages_Free:      0
Node 1 HugePages_Surp:      0

After Opposite Node
Node 0 MemTotal:       24743736 kB
Node 0 MemFree:        19965964 kB
Node 0 MemUsed:         4777772 kB
Node 0 Active:            42128 kB
Node 0 Inactive:          57636 kB
Node 0 Active(anon):      19352 kB
Node 0 Inactive(anon):      556 kB
Node 0 Active(file):      22776 kB
Node 0 Inactive(file):    57080 kB
Node 0 Unevictable:         904 kB
Node 0 Mlocked:             904 kB
Node 0 Dirty:                48 kB
Node 0 Writeback:             0 kB
Node 0 FilePages:         81552 kB
Node 0 Mapped:             9980 kB
Node 0 AnonPages:         19124 kB
Node 0 Shmem:               784 kB
Node 0 KernelStack:        1992 kB
Node 0 PageTables:          312 kB
Node 0 NFS_Unstable:          0 kB
Node 0 Bounce:                0 kB
Node 0 WritebackTmp:          0 kB
Node 0 KReclaimable:      17872 kB
Node 0 Slab:              69412 kB
Node 0 SReclaimable:      17872 kB
Node 0 SUnreclaim:        51540 kB
Node 0 AnonHugePages:         0 kB
Node 0 ShmemHugePages:        0 kB
Node 0 ShmemPmdMapped:        0 kB
Node 0 FileHugePages:        0 kB
Node 0 FilePmdMapped:        0 kB
Node 0 HugePages_Total:     0
Node 0 HugePages_Free:      0
Node 0 HugePages_Surp:      0

Node 1 MemTotal:       24686196 kB
Node 1 MemFree:        23785028 kB
Node 1 MemUsed:          901168 kB
Node 1 Active:            59732 kB
Node 1 Inactive:          27008 kB
Node 1 Active(anon):      13632 kB
Node 1 Inactive(anon):      364 kB
Node 1 Active(file):      46100 kB
Node 1 Inactive(file):    26644 kB
Node 1 Unevictable:       17620 kB
Node 1 Mlocked:           17620 kB
Node 1 Dirty:                44 kB
Node 1 Writeback:             0 kB
Node 1 FilePages:         80560 kB
Node 1 Mapped:            29444 kB
Node 1 AnonPages:         23440 kB
Node 1 Shmem:               528 kB
Node 1 KernelStack:        2600 kB
Node 1 PageTables:          872 kB
Node 1 NFS_Unstable:          0 kB
Node 1 Bounce:                0 kB
Node 1 WritebackTmp:          0 kB
Node 1 KReclaimable:      26104 kB
Node 1 Slab:              72648 kB
Node 1 SReclaimable:      26104 kB
Node 1 SUnreclaim:        46544 kB
Node 1 AnonHugePages:         0 kB
Node 1 ShmemHugePages:        0 kB
Node 1 ShmemPmdMapped:        0 kB
Node 1 FileHugePages:        0 kB
Node 1 FilePmdMapped:        0 kB
Node 1 HugePages_Total:     0
Node 1 HugePages_Free:      0
Node 1 HugePages_Surp:      0

U.0.4Mfio.4G.2.O Complete!
