U.0.2Mfio.2-1G.1.O
Begin
Node 0 MemTotal:       24743736 kB
Node 0 MemFree:        24363640 kB
Node 0 MemUsed:          380096 kB
Node 0 Active:            64144 kB
Node 0 Inactive:          81336 kB
Node 0 Active(anon):      13432 kB
Node 0 Inactive(anon):      324 kB
Node 0 Active(file):      50712 kB
Node 0 Inactive(file):    81012 kB
Node 0 Unevictable:       18248 kB
Node 0 Mlocked:           18248 kB
Node 0 Dirty:                40 kB
Node 0 Writeback:             0 kB
Node 0 FilePages:        140180 kB
Node 0 Mapped:            46220 kB
Node 0 AnonPages:         23604 kB
Node 0 Shmem:               508 kB
Node 0 KernelStack:        1928 kB
Node 0 PageTables:          636 kB
Node 0 NFS_Unstable:          0 kB
Node 0 Bounce:                0 kB
Node 0 WritebackTmp:          0 kB
Node 0 KReclaimable:      26080 kB
Node 0 Slab:              64444 kB
Node 0 SReclaimable:      26080 kB
Node 0 SUnreclaim:        38364 kB
Node 0 AnonHugePages:         0 kB
Node 0 ShmemHugePages:        0 kB
Node 0 ShmemPmdMapped:        0 kB
Node 0 FileHugePages:        0 kB
Node 0 FilePmdMapped:        0 kB
Node 0 HugePages_Total:     0
Node 0 HugePages_Free:      0
Node 0 HugePages_Surp:      0

Node 1 MemTotal:       24686196 kB
Node 1 MemFree:        24399000 kB
Node 1 MemUsed:          287196 kB
Node 1 Active:            37888 kB
Node 1 Inactive:          57600 kB
Node 1 Active(anon):      21128 kB
Node 1 Inactive(anon):      556 kB
Node 1 Active(file):      16760 kB
Node 1 Inactive(file):    57044 kB
Node 1 Unevictable:         272 kB
Node 1 Mlocked:             272 kB
Node 1 Dirty:               380 kB
Node 1 Writeback:             0 kB
Node 1 FilePages:         74860 kB
Node 1 Mapped:             9560 kB
Node 1 AnonPages:         20968 kB
Node 1 Shmem:               760 kB
Node 1 KernelStack:        1704 kB
Node 1 PageTables:          536 kB
Node 1 NFS_Unstable:          0 kB
Node 1 Bounce:                0 kB
Node 1 WritebackTmp:          0 kB
Node 1 KReclaimable:      16692 kB
Node 1 Slab:              43024 kB
Node 1 SReclaimable:      16692 kB
Node 1 SUnreclaim:        26332 kB
Node 1 AnonHugePages:         0 kB
Node 1 ShmemHugePages:        0 kB
Node 1 ShmemPmdMapped:        0 kB
Node 1 FileHugePages:        0 kB
Node 1 FilePmdMapped:        0 kB
Node 1 HugePages_Total:     0
Node 1 HugePages_Free:      0
Node 1 HugePages_Surp:      0

Load ZFS
Node 0 MemTotal:       24743736 kB
Node 0 MemFree:        24287796 kB
Node 0 MemUsed:          455940 kB
Node 0 Active:            66984 kB
Node 0 Inactive:          81816 kB
Node 0 Active(anon):      15108 kB
Node 0 Inactive(anon):      324 kB
Node 0 Active(file):      51876 kB
Node 0 Inactive(file):    81492 kB
Node 0 Unevictable:       18248 kB
Node 0 Mlocked:           18248 kB
Node 0 Dirty:                96 kB
Node 0 Writeback:             0 kB
Node 0 FilePages:        141796 kB
Node 0 Mapped:            46348 kB
Node 0 AnonPages:         25160 kB
Node 0 Shmem:               508 kB
Node 0 KernelStack:        1928 kB
Node 0 PageTables:          716 kB
Node 0 NFS_Unstable:          0 kB
Node 0 Bounce:                0 kB
Node 0 WritebackTmp:          0 kB
Node 0 KReclaimable:      26572 kB
Node 0 Slab:              66516 kB
Node 0 SReclaimable:      26572 kB
Node 0 SUnreclaim:        39944 kB
Node 0 AnonHugePages:         0 kB
Node 0 ShmemHugePages:        0 kB
Node 0 ShmemPmdMapped:        0 kB
Node 0 FileHugePages:        0 kB
Node 0 FilePmdMapped:        0 kB
Node 0 HugePages_Total:     0
Node 0 HugePages_Free:      0
Node 0 HugePages_Surp:      0

Node 1 MemTotal:       24686196 kB
Node 1 MemFree:        24462020 kB
Node 1 MemUsed:          224176 kB
Node 1 Active:            48576 kB
Node 1 Inactive:          53092 kB
Node 1 Active(anon):      26364 kB
Node 1 Inactive(anon):      556 kB
Node 1 Active(file):      22212 kB
Node 1 Inactive(file):    52536 kB
Node 1 Unevictable:         272 kB
Node 1 Mlocked:             272 kB
Node 1 Dirty:               384 kB
Node 1 Writeback:             0 kB
Node 1 FilePages:         75780 kB
Node 1 Mapped:             9616 kB
Node 1 AnonPages:         26196 kB
Node 1 Shmem:               760 kB
Node 1 KernelStack:        1864 kB
Node 1 PageTables:          948 kB
Node 1 NFS_Unstable:          0 kB
Node 1 Bounce:                0 kB
Node 1 WritebackTmp:          0 kB
Node 1 KReclaimable:      17160 kB
Node 1 Slab:              44860 kB
Node 1 SReclaimable:      17160 kB
Node 1 SUnreclaim:        27700 kB
Node 1 AnonHugePages:         0 kB
Node 1 ShmemHugePages:        0 kB
Node 1 ShmemPmdMapped:        0 kB
Node 1 FileHugePages:        0 kB
Node 1 FilePmdMapped:        0 kB
Node 1 HugePages_Total:     0
Node 1 HugePages_Free:      0
Node 1 HugePages_Surp:      0

Import tank ZPool
Node 0 MemTotal:       24743736 kB
Node 0 MemFree:        24281760 kB
Node 0 MemUsed:          461976 kB
Node 0 Active:            65480 kB
Node 0 Inactive:          83004 kB
Node 0 Active(anon):      12800 kB
Node 0 Inactive(anon):      328 kB
Node 0 Active(file):      52680 kB
Node 0 Inactive(file):    82676 kB
Node 0 Unevictable:       18248 kB
Node 0 Mlocked:           18248 kB
Node 0 Dirty:               164 kB
Node 0 Writeback:             0 kB
Node 0 FilePages:        143788 kB
Node 0 Mapped:            46420 kB
Node 0 AnonPages:         23148 kB
Node 0 Shmem:               508 kB
Node 0 KernelStack:        2040 kB
Node 0 PageTables:          784 kB
Node 0 NFS_Unstable:          0 kB
Node 0 Bounce:                0 kB
Node 0 WritebackTmp:          0 kB
Node 0 KReclaimable:      26740 kB
Node 0 Slab:              71604 kB
Node 0 SReclaimable:      26740 kB
Node 0 SUnreclaim:        44864 kB
Node 0 AnonHugePages:         0 kB
Node 0 ShmemHugePages:        0 kB
Node 0 ShmemPmdMapped:        0 kB
Node 0 FileHugePages:        0 kB
Node 0 FilePmdMapped:        0 kB
Node 0 HugePages_Total:     0
Node 0 HugePages_Free:      0
Node 0 HugePages_Surp:      0

Node 1 MemTotal:       24686196 kB
Node 1 MemFree:        24452544 kB
Node 1 MemUsed:          233652 kB
Node 1 Active:            43140 kB
Node 1 Inactive:          53048 kB
Node 1 Active(anon):      20860 kB
Node 1 Inactive(anon):      556 kB
Node 1 Active(file):      22280 kB
Node 1 Inactive(file):    52492 kB
Node 1 Unevictable:         272 kB
Node 1 Mlocked:             272 kB
Node 1 Dirty:               136 kB
Node 1 Writeback:             0 kB
Node 1 FilePages:         75820 kB
Node 1 Mapped:             9628 kB
Node 1 AnonPages:         20648 kB
Node 1 Shmem:               760 kB
Node 1 KernelStack:        2712 kB
Node 1 PageTables:          448 kB
Node 1 NFS_Unstable:          0 kB
Node 1 Bounce:                0 kB
Node 1 WritebackTmp:          0 kB
Node 1 KReclaimable:      17176 kB
Node 1 Slab:              47236 kB
Node 1 SReclaimable:      17176 kB
Node 1 SUnreclaim:        30060 kB
Node 1 AnonHugePages:         0 kB
Node 1 ShmemHugePages:        0 kB
Node 1 ShmemPmdMapped:        0 kB
Node 1 FileHugePages:        0 kB
Node 1 FilePmdMapped:        0 kB
Node 1 HugePages_Total:     0
Node 1 HugePages_Free:      0
Node 1 HugePages_Surp:      0

After Test
Node 0 MemTotal:       24743736 kB
Node 0 MemFree:        22672568 kB
Node 0 MemUsed:         2071168 kB
Node 0 Active:            66068 kB
Node 0 Inactive:          84228 kB
Node 0 Active(anon):      12612 kB
Node 0 Inactive(anon):      364 kB
Node 0 Active(file):      53456 kB
Node 0 Inactive(file):    83864 kB
Node 0 Unevictable:       18248 kB
Node 0 Mlocked:           18248 kB
Node 0 Dirty:                 0 kB
Node 0 Writeback:             0 kB
Node 0 FilePages:        145792 kB
Node 0 Mapped:            46444 kB
Node 0 AnonPages:         22564 kB
Node 0 Shmem:               552 kB
Node 0 KernelStack:        2040 kB
Node 0 PageTables:          796 kB
Node 0 NFS_Unstable:          0 kB
Node 0 Bounce:                0 kB
Node 0 WritebackTmp:          0 kB
Node 0 KReclaimable:      28068 kB
Node 0 Slab:              81424 kB
Node 0 SReclaimable:      28068 kB
Node 0 SUnreclaim:        53356 kB
Node 0 AnonHugePages:         0 kB
Node 0 ShmemHugePages:        0 kB
Node 0 ShmemPmdMapped:        0 kB
Node 0 FileHugePages:        0 kB
Node 0 FilePmdMapped:        0 kB
Node 0 HugePages_Total:     0
Node 0 HugePages_Free:      0
Node 0 HugePages_Surp:      0

Node 1 MemTotal:       24686196 kB
Node 1 MemFree:        24178388 kB
Node 1 MemUsed:          507808 kB
Node 1 Active:            42888 kB
Node 1 Inactive:          56336 kB
Node 1 Active(anon):      20468 kB
Node 1 Inactive(anon):      556 kB
Node 1 Active(file):      22420 kB
Node 1 Inactive(file):    55780 kB
Node 1 Unevictable:         272 kB
Node 1 Mlocked:             272 kB
Node 1 Dirty:              3656 kB
Node 1 Writeback:             0 kB
Node 1 FilePages:         79232 kB
Node 1 Mapped:            13268 kB
Node 1 AnonPages:         20264 kB
Node 1 Shmem:               760 kB
Node 1 KernelStack:        2696 kB
Node 1 PageTables:          456 kB
Node 1 NFS_Unstable:          0 kB
Node 1 Bounce:                0 kB
Node 1 WritebackTmp:          0 kB
Node 1 KReclaimable:      17324 kB
Node 1 Slab:              49052 kB
Node 1 SReclaimable:      17324 kB
Node 1 SUnreclaim:        31728 kB
Node 1 AnonHugePages:         0 kB
Node 1 ShmemHugePages:        0 kB
Node 1 ShmemPmdMapped:        0 kB
Node 1 FileHugePages:        0 kB
Node 1 FilePmdMapped:        0 kB
Node 1 HugePages_Total:     0
Node 1 HugePages_Free:      0
Node 1 HugePages_Surp:      0

After Opposite Node
Node 0 MemTotal:       24743736 kB
Node 0 MemFree:        22672644 kB
Node 0 MemUsed:         2071092 kB
Node 0 Active:            66112 kB
Node 0 Inactive:          83992 kB
Node 0 Active(anon):      12436 kB
Node 0 Inactive(anon):      328 kB
Node 0 Active(file):      53676 kB
Node 0 Inactive(file):    83664 kB
Node 0 Unevictable:       18248 kB
Node 0 Mlocked:           18248 kB
Node 0 Dirty:                12 kB
Node 0 Writeback:             0 kB
Node 0 FilePages:        145768 kB
Node 0 Mapped:            46404 kB
Node 0 AnonPages:         22580 kB
Node 0 Shmem:               508 kB
Node 0 KernelStack:        1992 kB
Node 0 PageTables:          620 kB
Node 0 NFS_Unstable:          0 kB
Node 0 Bounce:                0 kB
Node 0 WritebackTmp:          0 kB
Node 0 KReclaimable:      28068 kB
Node 0 Slab:              81452 kB
Node 0 SReclaimable:      28068 kB
Node 0 SUnreclaim:        53384 kB
Node 0 AnonHugePages:         0 kB
Node 0 ShmemHugePages:        0 kB
Node 0 ShmemPmdMapped:        0 kB
Node 0 FileHugePages:        0 kB
Node 0 FilePmdMapped:        0 kB
Node 0 HugePages_Total:     0
Node 0 HugePages_Free:      0
Node 0 HugePages_Surp:      0

Node 1 MemTotal:       24686196 kB
Node 1 MemFree:        24177704 kB
Node 1 MemUsed:          508492 kB
Node 1 Active:            43076 kB
Node 1 Inactive:          56376 kB
Node 1 Active(anon):      20636 kB
Node 1 Inactive(anon):      580 kB
Node 1 Active(file):      22440 kB
Node 1 Inactive(file):    55796 kB
Node 1 Unevictable:         272 kB
Node 1 Mlocked:             272 kB
Node 1 Dirty:              3656 kB
Node 1 Writeback:             0 kB
Node 1 FilePages:         79312 kB
Node 1 Mapped:            13312 kB
Node 1 AnonPages:         20328 kB
Node 1 Shmem:               804 kB
Node 1 KernelStack:        2728 kB
Node 1 PageTables:          568 kB
Node 1 NFS_Unstable:          0 kB
Node 1 Bounce:                0 kB
Node 1 WritebackTmp:          0 kB
Node 1 KReclaimable:      17356 kB
Node 1 Slab:              49392 kB
Node 1 SReclaimable:      17356 kB
Node 1 SUnreclaim:        32036 kB
Node 1 AnonHugePages:         0 kB
Node 1 ShmemHugePages:        0 kB
Node 1 ShmemPmdMapped:        0 kB
Node 1 FileHugePages:        0 kB
Node 1 FilePmdMapped:        0 kB
Node 1 HugePages_Total:     0
Node 1 HugePages_Free:      0
Node 1 HugePages_Surp:      0

U.0.2Mfio.2-1G.1.O Complete!
