U.0.4Mfio.250M.1.O
Begin
Node 0 MemTotal:       24768360 kB
Node 0 MemFree:        24346132 kB
Node 0 MemUsed:          422228 kB
Node 0 Active:            33524 kB
Node 0 Inactive:         104120 kB
Node 0 Active(anon):      14128 kB
Node 0 Inactive(anon):      572 kB
Node 0 Active(file):      19396 kB
Node 0 Inactive(file):   103548 kB
Node 0 Unevictable:          76 kB
Node 0 Mlocked:              76 kB
Node 0 Dirty:                52 kB
Node 0 Writeback:             0 kB
Node 0 FilePages:        123968 kB
Node 0 Mapped:            60556 kB
Node 0 AnonPages:         13912 kB
Node 0 Shmem:               804 kB
Node 0 KernelStack:        2232 kB
Node 0 PageTables:          632 kB
Node 0 NFS_Unstable:          0 kB
Node 0 Bounce:                0 kB
Node 0 WritebackTmp:          0 kB
Node 0 KReclaimable:      22644 kB
Node 0 Slab:              60960 kB
Node 0 SReclaimable:      22644 kB
Node 0 SUnreclaim:        38316 kB
Node 0 AnonHugePages:         0 kB
Node 0 ShmemHugePages:        0 kB
Node 0 ShmemPmdMapped:        0 kB
Node 0 FileHugePages:        0 kB
Node 0 FilePmdMapped:        0 kB
Node 0 HugePages_Total:     0
Node 0 HugePages_Free:      0
Node 0 HugePages_Surp:      0

Node 1 MemTotal:       24661580 kB
Node 1 MemFree:        24417760 kB
Node 1 MemUsed:          243820 kB
Node 1 Active:            61360 kB
Node 1 Inactive:          38160 kB
Node 1 Active(anon):      19836 kB
Node 1 Inactive(anon):      308 kB
Node 1 Active(file):      41524 kB
Node 1 Inactive(file):    37852 kB
Node 1 Unevictable:       18448 kB
Node 1 Mlocked:           18448 kB
Node 1 Dirty:               356 kB
Node 1 Writeback:             0 kB
Node 1 FilePages:         87964 kB
Node 1 Mapped:            24152 kB
Node 1 AnonPages:         30008 kB
Node 1 Shmem:               464 kB
Node 1 KernelStack:        1352 kB
Node 1 PageTables:          528 kB
Node 1 NFS_Unstable:          0 kB
Node 1 Bounce:                0 kB
Node 1 WritebackTmp:          0 kB
Node 1 KReclaimable:      19588 kB
Node 1 Slab:              46132 kB
Node 1 SReclaimable:      19588 kB
Node 1 SUnreclaim:        26544 kB
Node 1 AnonHugePages:         0 kB
Node 1 ShmemHugePages:        0 kB
Node 1 ShmemPmdMapped:        0 kB
Node 1 FileHugePages:        0 kB
Node 1 FilePmdMapped:        0 kB
Node 1 HugePages_Total:     0
Node 1 HugePages_Free:      0
Node 1 HugePages_Surp:      0

Load ZFS
Node 0 MemTotal:       24768360 kB
Node 0 MemFree:        24340732 kB
Node 0 MemUsed:          427628 kB
Node 0 Active:            41952 kB
Node 0 Inactive:          99484 kB
Node 0 Active(anon):      16508 kB
Node 0 Inactive(anon):      576 kB
Node 0 Active(file):      25444 kB
Node 0 Inactive(file):    98908 kB
Node 0 Unevictable:          76 kB
Node 0 Mlocked:              76 kB
Node 0 Dirty:               140 kB
Node 0 Writeback:             0 kB
Node 0 FilePages:        125232 kB
Node 0 Mapped:            60556 kB
Node 0 AnonPages:         16228 kB
Node 0 Shmem:               804 kB
Node 0 KernelStack:        2328 kB
Node 0 PageTables:          832 kB
Node 0 NFS_Unstable:          0 kB
Node 0 Bounce:                0 kB
Node 0 WritebackTmp:          0 kB
Node 0 KReclaimable:      23256 kB
Node 0 Slab:              63144 kB
Node 0 SReclaimable:      23256 kB
Node 0 SUnreclaim:        39888 kB
Node 0 AnonHugePages:         0 kB
Node 0 ShmemHugePages:        0 kB
Node 0 ShmemPmdMapped:        0 kB
Node 0 FileHugePages:        0 kB
Node 0 FilePmdMapped:        0 kB
Node 0 HugePages_Total:     0
Node 0 HugePages_Free:      0
Node 0 HugePages_Surp:      0

Node 1 MemTotal:       24661580 kB
Node 1 MemFree:        24411604 kB
Node 1 MemUsed:          249976 kB
Node 1 Active:            65772 kB
Node 1 Inactive:          38684 kB
Node 1 Active(anon):      23504 kB
Node 1 Inactive(anon):      308 kB
Node 1 Active(file):      42268 kB
Node 1 Inactive(file):    38376 kB
Node 1 Unevictable:       18448 kB
Node 1 Mlocked:           18448 kB
Node 1 Dirty:               364 kB
Node 1 Writeback:             0 kB
Node 1 FilePages:         89224 kB
Node 1 Mapped:            24280 kB
Node 1 AnonPages:         33792 kB
Node 1 Shmem:               464 kB
Node 1 KernelStack:        1416 kB
Node 1 PageTables:          724 kB
Node 1 NFS_Unstable:          0 kB
Node 1 Bounce:                0 kB
Node 1 WritebackTmp:          0 kB
Node 1 KReclaimable:      20108 kB
Node 1 Slab:              48152 kB
Node 1 SReclaimable:      20108 kB
Node 1 SUnreclaim:        28044 kB
Node 1 AnonHugePages:         0 kB
Node 1 ShmemHugePages:        0 kB
Node 1 ShmemPmdMapped:        0 kB
Node 1 FileHugePages:        0 kB
Node 1 FilePmdMapped:        0 kB
Node 1 HugePages_Total:     0
Node 1 HugePages_Free:      0
Node 1 HugePages_Surp:      0

Import tank ZPool
Node 0 MemTotal:       24768360 kB
Node 0 MemFree:        24322000 kB
Node 0 MemUsed:          446360 kB
Node 0 Active:            42820 kB
Node 0 Inactive:         100572 kB
Node 0 Active(anon):      16900 kB
Node 0 Inactive(anon):      580 kB
Node 0 Active(file):      25920 kB
Node 0 Inactive(file):    99992 kB
Node 0 Unevictable:          76 kB
Node 0 Mlocked:              76 kB
Node 0 Dirty:               152 kB
Node 0 Writeback:             0 kB
Node 0 FilePages:        126796 kB
Node 0 Mapped:            60816 kB
Node 0 AnonPages:         16304 kB
Node 0 Shmem:               808 kB
Node 0 KernelStack:        3496 kB
Node 0 PageTables:          920 kB
Node 0 NFS_Unstable:          0 kB
Node 0 Bounce:                0 kB
Node 0 WritebackTmp:          0 kB
Node 0 KReclaimable:      23436 kB
Node 0 Slab:              69872 kB
Node 0 SReclaimable:      23436 kB
Node 0 SUnreclaim:        46436 kB
Node 0 AnonHugePages:         0 kB
Node 0 ShmemHugePages:        0 kB
Node 0 ShmemPmdMapped:        0 kB
Node 0 FileHugePages:        0 kB
Node 0 FilePmdMapped:        0 kB
Node 0 HugePages_Total:     0
Node 0 HugePages_Free:      0
Node 0 HugePages_Surp:      0

Node 1 MemTotal:       24661580 kB
Node 1 MemFree:        24412548 kB
Node 1 MemUsed:          249032 kB
Node 1 Active:            65884 kB
Node 1 Inactive:          38688 kB
Node 1 Active(anon):      23588 kB
Node 1 Inactive(anon):      308 kB
Node 1 Active(file):      42296 kB
Node 1 Inactive(file):    38380 kB
Node 1 Unevictable:       18448 kB
Node 1 Mlocked:           18448 kB
Node 1 Dirty:                44 kB
Node 1 Writeback:             0 kB
Node 1 FilePages:         89252 kB
Node 1 Mapped:            24404 kB
Node 1 AnonPages:         33832 kB
Node 1 Shmem:               460 kB
Node 1 KernelStack:        1400 kB
Node 1 PageTables:          724 kB
Node 1 NFS_Unstable:          0 kB
Node 1 Bounce:                0 kB
Node 1 WritebackTmp:          0 kB
Node 1 KReclaimable:      20108 kB
Node 1 Slab:              48228 kB
Node 1 SReclaimable:      20108 kB
Node 1 SUnreclaim:        28120 kB
Node 1 AnonHugePages:         0 kB
Node 1 ShmemHugePages:        0 kB
Node 1 ShmemPmdMapped:        0 kB
Node 1 FileHugePages:        0 kB
Node 1 FilePmdMapped:        0 kB
Node 1 HugePages_Total:     0
Node 1 HugePages_Free:      0
Node 1 HugePages_Surp:      0

After Test
Node 0 MemTotal:       24768360 kB
Node 0 MemFree:        23985048 kB
Node 0 MemUsed:          783312 kB
Node 0 Active:            40576 kB
Node 0 Inactive:         101448 kB
Node 0 Active(anon):      13528 kB
Node 0 Inactive(anon):      608 kB
Node 0 Active(file):      27048 kB
Node 0 Inactive(file):   100840 kB
Node 0 Unevictable:          76 kB
Node 0 Mlocked:              76 kB
Node 0 Dirty:               152 kB
Node 0 Writeback:             0 kB
Node 0 FilePages:        128816 kB
Node 0 Mapped:            60812 kB
Node 0 AnonPages:         13184 kB
Node 0 Shmem:               852 kB
Node 0 KernelStack:        3432 kB
Node 0 PageTables:          792 kB
Node 0 NFS_Unstable:          0 kB
Node 0 Bounce:                0 kB
Node 0 WritebackTmp:          0 kB
Node 0 KReclaimable:      24760 kB
Node 0 Slab:              73560 kB
Node 0 SReclaimable:      24760 kB
Node 0 SUnreclaim:        48800 kB
Node 0 AnonHugePages:         0 kB
Node 0 ShmemHugePages:        0 kB
Node 0 ShmemPmdMapped:        0 kB
Node 0 FileHugePages:        0 kB
Node 0 FilePmdMapped:        0 kB
Node 0 HugePages_Total:     0
Node 0 HugePages_Free:      0
Node 0 HugePages_Surp:      0

Node 1 MemTotal:       24661580 kB
Node 1 MemFree:        24215292 kB
Node 1 MemUsed:          446288 kB
Node 1 Active:            61712 kB
Node 1 Inactive:          38684 kB
Node 1 Active(anon):      19412 kB
Node 1 Inactive(anon):      308 kB
Node 1 Active(file):      42300 kB
Node 1 Inactive(file):    38376 kB
Node 1 Unevictable:       18448 kB
Node 1 Mlocked:           18448 kB
Node 1 Dirty:                44 kB
Node 1 Writeback:             0 kB
Node 1 FilePages:         89252 kB
Node 1 Mapped:            24120 kB
Node 1 AnonPages:         29588 kB
Node 1 Shmem:               460 kB
Node 1 KernelStack:        1304 kB
Node 1 PageTables:          500 kB
Node 1 NFS_Unstable:          0 kB
Node 1 Bounce:                0 kB
Node 1 WritebackTmp:          0 kB
Node 1 KReclaimable:      20108 kB
Node 1 Slab:              48912 kB
Node 1 SReclaimable:      20108 kB
Node 1 SUnreclaim:        28804 kB
Node 1 AnonHugePages:         0 kB
Node 1 ShmemHugePages:        0 kB
Node 1 ShmemPmdMapped:        0 kB
Node 1 FileHugePages:        0 kB
Node 1 FilePmdMapped:        0 kB
Node 1 HugePages_Total:     0
Node 1 HugePages_Free:      0
Node 1 HugePages_Surp:      0

After Opposite Node
Node 0 MemTotal:       24768360 kB
Node 0 MemFree:        23985892 kB
Node 0 MemUsed:          782468 kB
Node 0 Active:            40612 kB
Node 0 Inactive:         101256 kB
Node 0 Active(anon):      13380 kB
Node 0 Inactive(anon):      580 kB
Node 0 Active(file):      27232 kB
Node 0 Inactive(file):   100676 kB
Node 0 Unevictable:          76 kB
Node 0 Mlocked:              76 kB
Node 0 Dirty:               164 kB
Node 0 Writeback:             0 kB
Node 0 FilePages:        128792 kB
Node 0 Mapped:            60756 kB
Node 0 AnonPages:         13152 kB
Node 0 Shmem:               808 kB
Node 0 KernelStack:        3416 kB
Node 0 PageTables:          676 kB
Node 0 NFS_Unstable:          0 kB
Node 0 Bounce:                0 kB
Node 0 WritebackTmp:          0 kB
Node 0 KReclaimable:      24760 kB
Node 0 Slab:              73520 kB
Node 0 SReclaimable:      24760 kB
Node 0 SUnreclaim:        48760 kB
Node 0 AnonHugePages:         0 kB
Node 0 ShmemHugePages:        0 kB
Node 0 ShmemPmdMapped:        0 kB
Node 0 FileHugePages:        0 kB
Node 0 FilePmdMapped:        0 kB
Node 0 HugePages_Total:     0
Node 0 HugePages_Free:      0
Node 0 HugePages_Surp:      0

Node 1 MemTotal:       24661580 kB
Node 1 MemFree:        24215320 kB
Node 1 MemUsed:          446260 kB
Node 1 Active:            61904 kB
Node 1 Inactive:          38764 kB
Node 1 Active(anon):      19576 kB
Node 1 Inactive(anon):      332 kB
Node 1 Active(file):      42328 kB
Node 1 Inactive(file):    38432 kB
Node 1 Unevictable:       18448 kB
Node 1 Mlocked:           18448 kB
Node 1 Dirty:                44 kB
Node 1 Writeback:             0 kB
Node 1 FilePages:         89380 kB
Node 1 Mapped:            24164 kB
Node 1 AnonPages:         29644 kB
Node 1 Shmem:               504 kB
Node 1 KernelStack:        1320 kB
Node 1 PageTables:          612 kB
Node 1 NFS_Unstable:          0 kB
Node 1 Bounce:                0 kB
Node 1 WritebackTmp:          0 kB
Node 1 KReclaimable:      20144 kB
Node 1 Slab:              49184 kB
Node 1 SReclaimable:      20144 kB
Node 1 SUnreclaim:        29040 kB
Node 1 AnonHugePages:         0 kB
Node 1 ShmemHugePages:        0 kB
Node 1 ShmemPmdMapped:        0 kB
Node 1 FileHugePages:        0 kB
Node 1 FilePmdMapped:        0 kB
Node 1 HugePages_Total:     0
Node 1 HugePages_Free:      0
Node 1 HugePages_Surp:      0

U.0.4Mfio.250M.1.O Complete!
