U.0.2Mfio.4G.1.O
Begin
Node 0 MemTotal:       24743736 kB
Node 0 MemFree:        24390652 kB
Node 0 MemUsed:          353084 kB
Node 0 Active:            39172 kB
Node 0 Inactive:          27780 kB
Node 0 Active(anon):      19100 kB
Node 0 Inactive(anon):      460 kB
Node 0 Active(file):      20072 kB
Node 0 Inactive(file):    27320 kB
Node 0 Unevictable:       17756 kB
Node 0 Mlocked:           17756 kB
Node 0 Dirty:               272 kB
Node 0 Writeback:             0 kB
Node 0 FilePages:         55540 kB
Node 0 Mapped:            22856 kB
Node 0 AnonPages:         29268 kB
Node 0 Shmem:               684 kB
Node 0 KernelStack:        1976 kB
Node 0 PageTables:          688 kB
Node 0 NFS_Unstable:          0 kB
Node 0 Bounce:                0 kB
Node 0 WritebackTmp:          0 kB
Node 0 KReclaimable:      19360 kB
Node 0 Slab:              51764 kB
Node 0 SReclaimable:      19360 kB
Node 0 SUnreclaim:        32404 kB
Node 0 AnonHugePages:         0 kB
Node 0 ShmemHugePages:        0 kB
Node 0 ShmemPmdMapped:        0 kB
Node 0 FileHugePages:        0 kB
Node 0 FilePmdMapped:        0 kB
Node 0 HugePages_Total:     0
Node 0 HugePages_Free:      0
Node 0 HugePages_Surp:      0

Node 1 MemTotal:       24686196 kB
Node 1 MemFree:        24377360 kB
Node 1 MemUsed:          308836 kB
Node 1 Active:            57368 kB
Node 1 Inactive:         111368 kB
Node 1 Active(anon):      14792 kB
Node 1 Inactive(anon):      400 kB
Node 1 Active(file):      42576 kB
Node 1 Inactive(file):   110968 kB
Node 1 Unevictable:         764 kB
Node 1 Mlocked:             764 kB
Node 1 Dirty:               252 kB
Node 1 Writeback:             0 kB
Node 1 FilePages:        154892 kB
Node 1 Mapped:            56748 kB
Node 1 AnonPages:         14664 kB
Node 1 Shmem:               584 kB
Node 1 KernelStack:        1624 kB
Node 1 PageTables:          536 kB
Node 1 NFS_Unstable:          0 kB
Node 1 Bounce:                0 kB
Node 1 WritebackTmp:          0 kB
Node 1 KReclaimable:      22588 kB
Node 1 Slab:              55500 kB
Node 1 SReclaimable:      22588 kB
Node 1 SUnreclaim:        32912 kB
Node 1 AnonHugePages:         0 kB
Node 1 ShmemHugePages:        0 kB
Node 1 ShmemPmdMapped:        0 kB
Node 1 FileHugePages:        0 kB
Node 1 FilePmdMapped:        0 kB
Node 1 HugePages_Total:     0
Node 1 HugePages_Free:      0
Node 1 HugePages_Surp:      0

Load ZFS
Node 0 MemTotal:       24743736 kB
Node 0 MemFree:        24386860 kB
Node 0 MemUsed:          356876 kB
Node 0 Active:            45532 kB
Node 0 Inactive:          23480 kB
Node 0 Active(anon):      19204 kB
Node 0 Inactive(anon):      460 kB
Node 0 Active(file):      26328 kB
Node 0 Inactive(file):    23020 kB
Node 0 Unevictable:       17756 kB
Node 0 Mlocked:           17756 kB
Node 0 Dirty:                28 kB
Node 0 Writeback:             0 kB
Node 0 FilePages:         57460 kB
Node 0 Mapped:            23060 kB
Node 0 AnonPages:         29216 kB
Node 0 Shmem:               684 kB
Node 0 KernelStack:        1960 kB
Node 0 PageTables:          744 kB
Node 0 NFS_Unstable:          0 kB
Node 0 Bounce:                0 kB
Node 0 WritebackTmp:          0 kB
Node 0 KReclaimable:      19784 kB
Node 0 Slab:              53568 kB
Node 0 SReclaimable:      19784 kB
Node 0 SUnreclaim:        33784 kB
Node 0 AnonHugePages:         0 kB
Node 0 ShmemHugePages:        0 kB
Node 0 ShmemPmdMapped:        0 kB
Node 0 FileHugePages:        0 kB
Node 0 FilePmdMapped:        0 kB
Node 0 HugePages_Total:     0
Node 0 HugePages_Free:      0
Node 0 HugePages_Surp:      0

Node 1 MemTotal:       24686196 kB
Node 1 MemFree:        24371832 kB
Node 1 MemUsed:          314364 kB
Node 1 Active:            61104 kB
Node 1 Inactive:         111672 kB
Node 1 Active(anon):      18192 kB
Node 1 Inactive(anon):      400 kB
Node 1 Active(file):      42912 kB
Node 1 Inactive(file):   111272 kB
Node 1 Unevictable:         764 kB
Node 1 Mlocked:             764 kB
Node 1 Dirty:               304 kB
Node 1 Writeback:             0 kB
Node 1 FilePages:        155532 kB
Node 1 Mapped:            56756 kB
Node 1 AnonPages:         18124 kB
Node 1 Shmem:               584 kB
Node 1 KernelStack:        1736 kB
Node 1 PageTables:          716 kB
Node 1 NFS_Unstable:          0 kB
Node 1 Bounce:                0 kB
Node 1 WritebackTmp:          0 kB
Node 1 KReclaimable:      23004 kB
Node 1 Slab:              57656 kB
Node 1 SReclaimable:      23004 kB
Node 1 SUnreclaim:        34652 kB
Node 1 AnonHugePages:         0 kB
Node 1 ShmemHugePages:        0 kB
Node 1 ShmemPmdMapped:        0 kB
Node 1 FileHugePages:        0 kB
Node 1 FilePmdMapped:        0 kB
Node 1 HugePages_Total:     0
Node 1 HugePages_Free:      0
Node 1 HugePages_Surp:      0

Import tank ZPool
Node 0 MemTotal:       24743736 kB
Node 0 MemFree:        24380584 kB
Node 0 MemUsed:          363152 kB
Node 0 Active:            46588 kB
Node 0 Inactive:          24632 kB
Node 0 Active(anon):      19848 kB
Node 0 Inactive(anon):      464 kB
Node 0 Active(file):      26740 kB
Node 0 Inactive(file):    24168 kB
Node 0 Unevictable:       17756 kB
Node 0 Mlocked:           17756 kB
Node 0 Dirty:                52 kB
Node 0 Writeback:             0 kB
Node 0 FilePages:         59024 kB
Node 0 Mapped:            23100 kB
Node 0 AnonPages:         29736 kB
Node 0 Shmem:               684 kB
Node 0 KernelStack:        1976 kB
Node 0 PageTables:          820 kB
Node 0 NFS_Unstable:          0 kB
Node 0 Bounce:                0 kB
Node 0 WritebackTmp:          0 kB
Node 0 KReclaimable:      19916 kB
Node 0 Slab:              58296 kB
Node 0 SReclaimable:      19916 kB
Node 0 SUnreclaim:        38380 kB
Node 0 AnonHugePages:         0 kB
Node 0 ShmemHugePages:        0 kB
Node 0 ShmemPmdMapped:        0 kB
Node 0 FileHugePages:        0 kB
Node 0 FilePmdMapped:        0 kB
Node 0 HugePages_Total:     0
Node 0 HugePages_Free:      0
Node 0 HugePages_Surp:      0

Node 1 MemTotal:       24686196 kB
Node 1 MemFree:        24357928 kB
Node 1 MemUsed:          328268 kB
Node 1 Active:            57400 kB
Node 1 Inactive:         111676 kB
Node 1 Active(anon):      14488 kB
Node 1 Inactive(anon):      400 kB
Node 1 Active(file):      42912 kB
Node 1 Inactive(file):   111276 kB
Node 1 Unevictable:         764 kB
Node 1 Mlocked:             764 kB
Node 1 Dirty:               224 kB
Node 1 Writeback:             0 kB
Node 1 FilePages:        155536 kB
Node 1 Mapped:            56860 kB
Node 1 AnonPages:         14092 kB
Node 1 Shmem:               584 kB
Node 1 KernelStack:        2840 kB
Node 1 PageTables:          716 kB
Node 1 NFS_Unstable:          0 kB
Node 1 Bounce:                0 kB
Node 1 WritebackTmp:          0 kB
Node 1 KReclaimable:      23008 kB
Node 1 Slab:              60264 kB
Node 1 SReclaimable:      23008 kB
Node 1 SUnreclaim:        37256 kB
Node 1 AnonHugePages:         0 kB
Node 1 ShmemHugePages:        0 kB
Node 1 ShmemPmdMapped:        0 kB
Node 1 FileHugePages:        0 kB
Node 1 FilePmdMapped:        0 kB
Node 1 HugePages_Total:     0
Node 1 HugePages_Free:      0
Node 1 HugePages_Surp:      0

After Test
Node 0 MemTotal:       24743736 kB
Node 0 MemFree:        19858392 kB
Node 0 MemUsed:         4885344 kB
Node 0 Active:            46968 kB
Node 0 Inactive:          25588 kB
Node 0 Active(anon):      19128 kB
Node 0 Inactive(anon):      492 kB
Node 0 Active(file):      27840 kB
Node 0 Inactive(file):    25096 kB
Node 0 Unevictable:       17756 kB
Node 0 Mlocked:           17756 kB
Node 0 Dirty:                12 kB
Node 0 Writeback:             0 kB
Node 0 FilePages:         61092 kB
Node 0 Mapped:            23160 kB
Node 0 AnonPages:         29048 kB
Node 0 Shmem:               728 kB
Node 0 KernelStack:        1928 kB
Node 0 PageTables:          892 kB
Node 0 NFS_Unstable:          0 kB
Node 0 Bounce:                0 kB
Node 0 WritebackTmp:          0 kB
Node 0 KReclaimable:      21264 kB
Node 0 Slab:              77920 kB
Node 0 SReclaimable:      21264 kB
Node 0 SUnreclaim:        56656 kB
Node 0 AnonHugePages:         0 kB
Node 0 ShmemHugePages:        0 kB
Node 0 ShmemPmdMapped:        0 kB
Node 0 FileHugePages:        0 kB
Node 0 FilePmdMapped:        0 kB
Node 0 HugePages_Total:     0
Node 0 HugePages_Free:      0
Node 0 HugePages_Surp:      0

Node 1 MemTotal:       24686196 kB
Node 1 MemFree:        23837800 kB
Node 1 MemUsed:          848396 kB
Node 1 Active:            56884 kB
Node 1 Inactive:         111636 kB
Node 1 Active(anon):      13932 kB
Node 1 Inactive(anon):      400 kB
Node 1 Active(file):      42952 kB
Node 1 Inactive(file):   111236 kB
Node 1 Unevictable:         764 kB
Node 1 Mlocked:             764 kB
Node 1 Dirty:                12 kB
Node 1 Writeback:             0 kB
Node 1 FilePages:        155536 kB
Node 1 Mapped:            56756 kB
Node 1 AnonPages:         13748 kB
Node 1 Shmem:               584 kB
Node 1 KernelStack:        2696 kB
Node 1 PageTables:          464 kB
Node 1 NFS_Unstable:          0 kB
Node 1 Bounce:                0 kB
Node 1 WritebackTmp:          0 kB
Node 1 KReclaimable:      23088 kB
Node 1 Slab:              62524 kB
Node 1 SReclaimable:      23088 kB
Node 1 SUnreclaim:        39436 kB
Node 1 AnonHugePages:         0 kB
Node 1 ShmemHugePages:        0 kB
Node 1 ShmemPmdMapped:        0 kB
Node 1 FileHugePages:        0 kB
Node 1 FilePmdMapped:        0 kB
Node 1 HugePages_Total:     0
Node 1 HugePages_Free:      0
Node 1 HugePages_Surp:      0

After Opposite Node
Node 0 MemTotal:       24743736 kB
Node 0 MemFree:        19859940 kB
Node 0 MemUsed:         4883796 kB
Node 0 Active:            47000 kB
Node 0 Inactive:          25384 kB
Node 0 Active(anon):      18956 kB
Node 0 Inactive(anon):      464 kB
Node 0 Active(file):      28044 kB
Node 0 Inactive(file):    24920 kB
Node 0 Unevictable:       17756 kB
Node 0 Mlocked:           17756 kB
Node 0 Dirty:                44 kB
Node 0 Writeback:             0 kB
Node 0 FilePages:         61076 kB
Node 0 Mapped:            23128 kB
Node 0 AnonPages:         29060 kB
Node 0 Shmem:               684 kB
Node 0 KernelStack:        1896 kB
Node 0 PageTables:          716 kB
Node 0 NFS_Unstable:          0 kB
Node 0 Bounce:                0 kB
Node 0 WritebackTmp:          0 kB
Node 0 KReclaimable:      21264 kB
Node 0 Slab:              77496 kB
Node 0 SReclaimable:      21264 kB
Node 0 SUnreclaim:        56232 kB
Node 0 AnonHugePages:         0 kB
Node 0 ShmemHugePages:        0 kB
Node 0 ShmemPmdMapped:        0 kB
Node 0 FileHugePages:        0 kB
Node 0 FilePmdMapped:        0 kB
Node 0 HugePages_Total:     0
Node 0 HugePages_Free:      0
Node 0 HugePages_Surp:      0

Node 1 MemTotal:       24686196 kB
Node 1 MemFree:        23839220 kB
Node 1 MemUsed:          846976 kB
Node 1 Active:            57044 kB
Node 1 Inactive:         111668 kB
Node 1 Active(anon):      14088 kB
Node 1 Inactive(anon):      424 kB
Node 1 Active(file):      42956 kB
Node 1 Inactive(file):   111244 kB
Node 1 Unevictable:         764 kB
Node 1 Mlocked:             764 kB
Node 1 Dirty:                12 kB
Node 1 Writeback:             0 kB
Node 1 FilePages:        155592 kB
Node 1 Mapped:            56800 kB
Node 1 AnonPages:         13804 kB
Node 1 Shmem:               628 kB
Node 1 KernelStack:        2712 kB
Node 1 PageTables:          580 kB
Node 1 NFS_Unstable:          0 kB
Node 1 Bounce:                0 kB
Node 1 WritebackTmp:          0 kB
Node 1 KReclaimable:      23140 kB
Node 1 Slab:              63528 kB
Node 1 SReclaimable:      23140 kB
Node 1 SUnreclaim:        40388 kB
Node 1 AnonHugePages:         0 kB
Node 1 ShmemHugePages:        0 kB
Node 1 ShmemPmdMapped:        0 kB
Node 1 FileHugePages:        0 kB
Node 1 FilePmdMapped:        0 kB
Node 1 HugePages_Total:     0
Node 1 HugePages_Free:      0
Node 1 HugePages_Surp:      0

U.0.2Mfio.4G.1.O Complete!
