U.0.4Mfio.2-1G.1.O
Begin
Node 0 MemTotal:       24743736 kB
Node 0 MemFree:        24483724 kB
Node 0 MemUsed:          260012 kB
Node 0 Active:            28700 kB
Node 0 Inactive:          78836 kB
Node 0 Active(anon):      10032 kB
Node 0 Inactive(anon):      300 kB
Node 0 Active(file):      18668 kB
Node 0 Inactive(file):    78536 kB
Node 0 Unevictable:       13240 kB
Node 0 Mlocked:           13240 kB
Node 0 Dirty:               524 kB
Node 0 Writeback:             0 kB
Node 0 FilePages:        100588 kB
Node 0 Mapped:            34216 kB
Node 0 AnonPages:         20264 kB
Node 0 Shmem:               468 kB
Node 0 KernelStack:        2024 kB
Node 0 PageTables:          484 kB
Node 0 NFS_Unstable:          0 kB
Node 0 Bounce:                0 kB
Node 0 WritebackTmp:          0 kB
Node 0 KReclaimable:      23556 kB
Node 0 Slab:              57220 kB
Node 0 SReclaimable:      23556 kB
Node 0 SUnreclaim:        33664 kB
Node 0 AnonHugePages:         0 kB
Node 0 ShmemHugePages:        0 kB
Node 0 ShmemPmdMapped:        0 kB
Node 0 FileHugePages:        0 kB
Node 0 FilePmdMapped:        0 kB
Node 0 HugePages_Total:     0
Node 0 HugePages_Free:      0
Node 0 HugePages_Surp:      0

Node 1 MemTotal:       24686196 kB
Node 1 MemFree:        24312024 kB
Node 1 MemUsed:          374172 kB
Node 1 Active:            67240 kB
Node 1 Inactive:          33252 kB
Node 1 Active(anon):      23440 kB
Node 1 Inactive(anon):      564 kB
Node 1 Active(file):      43800 kB
Node 1 Inactive(file):    32688 kB
Node 1 Unevictable:        5284 kB
Node 1 Mlocked:            5284 kB
Node 1 Dirty:                12 kB
Node 1 Writeback:             0 kB
Node 1 FilePages:         82572 kB
Node 1 Mapped:            27696 kB
Node 1 AnonPages:         23272 kB
Node 1 Shmem:               800 kB
Node 1 KernelStack:        1624 kB
Node 1 PageTables:          688 kB
Node 1 NFS_Unstable:          0 kB
Node 1 Bounce:                0 kB
Node 1 WritebackTmp:          0 kB
Node 1 KReclaimable:      18084 kB
Node 1 Slab:              49224 kB
Node 1 SReclaimable:      18084 kB
Node 1 SUnreclaim:        31140 kB
Node 1 AnonHugePages:         0 kB
Node 1 ShmemHugePages:        0 kB
Node 1 ShmemPmdMapped:        0 kB
Node 1 FileHugePages:        0 kB
Node 1 FilePmdMapped:        0 kB
Node 1 HugePages_Total:     0
Node 1 HugePages_Free:      0
Node 1 HugePages_Surp:      0

Load ZFS
Node 0 MemTotal:       24743736 kB
Node 0 MemFree:        24342988 kB
Node 0 MemUsed:          400748 kB
Node 0 Active:            31168 kB
Node 0 Inactive:          79652 kB
Node 0 Active(anon):      11068 kB
Node 0 Inactive(anon):      300 kB
Node 0 Active(file):      20100 kB
Node 0 Inactive(file):    79352 kB
Node 0 Unevictable:       13240 kB
Node 0 Mlocked:           13240 kB
Node 0 Dirty:               556 kB
Node 0 Writeback:             0 kB
Node 0 FilePages:        102828 kB
Node 0 Mapped:            34216 kB
Node 0 AnonPages:         21152 kB
Node 0 Shmem:               468 kB
Node 0 KernelStack:        2088 kB
Node 0 PageTables:          508 kB
Node 0 NFS_Unstable:          0 kB
Node 0 Bounce:                0 kB
Node 0 WritebackTmp:          0 kB
Node 0 KReclaimable:      23948 kB
Node 0 Slab:              59524 kB
Node 0 SReclaimable:      23948 kB
Node 0 SUnreclaim:        35576 kB
Node 0 AnonHugePages:         0 kB
Node 0 ShmemHugePages:        0 kB
Node 0 ShmemPmdMapped:        0 kB
Node 0 FileHugePages:        0 kB
Node 0 FilePmdMapped:        0 kB
Node 0 HugePages_Total:     0
Node 0 HugePages_Free:      0
Node 0 HugePages_Surp:      0

Node 1 MemTotal:       24686196 kB
Node 1 MemFree:        24439332 kB
Node 1 MemUsed:          246864 kB
Node 1 Active:            78548 kB
Node 1 Inactive:          28404 kB
Node 1 Active(anon):      29612 kB
Node 1 Inactive(anon):      564 kB
Node 1 Active(file):      48936 kB
Node 1 Inactive(file):    27840 kB
Node 1 Unevictable:        5284 kB
Node 1 Mlocked:            5284 kB
Node 1 Dirty:                12 kB
Node 1 Writeback:             0 kB
Node 1 FilePages:         82860 kB
Node 1 Mapped:            27920 kB
Node 1 AnonPages:         29548 kB
Node 1 Shmem:               800 kB
Node 1 KernelStack:        1752 kB
Node 1 PageTables:         1128 kB
Node 1 NFS_Unstable:          0 kB
Node 1 Bounce:                0 kB
Node 1 WritebackTmp:          0 kB
Node 1 KReclaimable:      18448 kB
Node 1 Slab:              50592 kB
Node 1 SReclaimable:      18448 kB
Node 1 SUnreclaim:        32144 kB
Node 1 AnonHugePages:         0 kB
Node 1 ShmemHugePages:        0 kB
Node 1 ShmemPmdMapped:        0 kB
Node 1 FileHugePages:        0 kB
Node 1 FilePmdMapped:        0 kB
Node 1 HugePages_Total:     0
Node 1 HugePages_Free:      0
Node 1 HugePages_Surp:      0

Import tank ZPool
Node 0 MemTotal:       24743736 kB
Node 0 MemFree:        24335928 kB
Node 0 MemUsed:          407808 kB
Node 0 Active:            30648 kB
Node 0 Inactive:          80796 kB
Node 0 Active(anon):      10244 kB
Node 0 Inactive(anon):      304 kB
Node 0 Active(file):      20404 kB
Node 0 Inactive(file):    80492 kB
Node 0 Unevictable:       13240 kB
Node 0 Mlocked:           13240 kB
Node 0 Dirty:               368 kB
Node 0 Writeback:             0 kB
Node 0 FilePages:        104276 kB
Node 0 Mapped:            34440 kB
Node 0 AnonPages:         20508 kB
Node 0 Shmem:               468 kB
Node 0 KernelStack:        2056 kB
Node 0 PageTables:          584 kB
Node 0 NFS_Unstable:          0 kB
Node 0 Bounce:                0 kB
Node 0 WritebackTmp:          0 kB
Node 0 KReclaimable:      24080 kB
Node 0 Slab:              64980 kB
Node 0 SReclaimable:      24080 kB
Node 0 SUnreclaim:        40900 kB
Node 0 AnonHugePages:         0 kB
Node 0 ShmemHugePages:        0 kB
Node 0 ShmemPmdMapped:        0 kB
Node 0 FileHugePages:        0 kB
Node 0 FilePmdMapped:        0 kB
Node 0 HugePages_Total:     0
Node 0 HugePages_Free:      0
Node 0 HugePages_Surp:      0

Node 1 MemTotal:       24686196 kB
Node 1 MemFree:        24427548 kB
Node 1 MemUsed:          258648 kB
Node 1 Active:            71924 kB
Node 1 Inactive:          28388 kB
Node 1 Active(anon):      22868 kB
Node 1 Inactive(anon):      564 kB
Node 1 Active(file):      49056 kB
Node 1 Inactive(file):    27824 kB
Node 1 Unevictable:        5284 kB
Node 1 Mlocked:            5284 kB
Node 1 Dirty:                36 kB
Node 1 Writeback:             0 kB
Node 1 FilePages:         82980 kB
Node 1 Mapped:            27912 kB
Node 1 AnonPages:         22632 kB
Node 1 Shmem:               800 kB
Node 1 KernelStack:        2696 kB
Node 1 PageTables:          608 kB
Node 1 NFS_Unstable:          0 kB
Node 1 Bounce:                0 kB
Node 1 WritebackTmp:          0 kB
Node 1 KReclaimable:      18452 kB
Node 1 Slab:              53008 kB
Node 1 SReclaimable:      18452 kB
Node 1 SUnreclaim:        34556 kB
Node 1 AnonHugePages:         0 kB
Node 1 ShmemHugePages:        0 kB
Node 1 ShmemPmdMapped:        0 kB
Node 1 FileHugePages:        0 kB
Node 1 FilePmdMapped:        0 kB
Node 1 HugePages_Total:     0
Node 1 HugePages_Free:      0
Node 1 HugePages_Surp:      0

After Test
Node 0 MemTotal:       24743736 kB
Node 0 MemFree:        23062704 kB
Node 0 MemUsed:         1681032 kB
Node 0 Active:            31604 kB
Node 0 Inactive:          81808 kB
Node 0 Active(anon):      10144 kB
Node 0 Inactive(anon):      332 kB
Node 0 Active(file):      21460 kB
Node 0 Inactive(file):    81476 kB
Node 0 Unevictable:       13240 kB
Node 0 Mlocked:           13240 kB
Node 0 Dirty:               172 kB
Node 0 Writeback:             0 kB
Node 0 FilePages:        106356 kB
Node 0 Mapped:            34220 kB
Node 0 AnonPages:         20432 kB
Node 0 Shmem:               512 kB
Node 0 KernelStack:        2088 kB
Node 0 PageTables:          676 kB
Node 0 NFS_Unstable:          0 kB
Node 0 Bounce:                0 kB
Node 0 WritebackTmp:          0 kB
Node 0 KReclaimable:      25404 kB
Node 0 Slab:              73372 kB
Node 0 SReclaimable:      25404 kB
Node 0 SUnreclaim:        47968 kB
Node 0 AnonHugePages:         0 kB
Node 0 ShmemHugePages:        0 kB
Node 0 ShmemPmdMapped:        0 kB
Node 0 FileHugePages:        0 kB
Node 0 FilePmdMapped:        0 kB
Node 0 HugePages_Total:     0
Node 0 HugePages_Free:      0
Node 0 HugePages_Surp:      0

Node 1 MemTotal:       24686196 kB
Node 1 MemFree:        23820736 kB
Node 1 MemUsed:          865460 kB
Node 1 Active:            71864 kB
Node 1 Inactive:          28388 kB
Node 1 Active(anon):      22784 kB
Node 1 Inactive(anon):      564 kB
Node 1 Active(file):      49080 kB
Node 1 Inactive(file):    27824 kB
Node 1 Unevictable:        5284 kB
Node 1 Mlocked:            5284 kB
Node 1 Dirty:                 0 kB
Node 1 Writeback:             0 kB
Node 1 FilePages:         82988 kB
Node 1 Mapped:            27688 kB
Node 1 AnonPages:         22548 kB
Node 1 Shmem:               800 kB
Node 1 KernelStack:        2680 kB
Node 1 PageTables:          608 kB
Node 1 NFS_Unstable:          0 kB
Node 1 Bounce:                0 kB
Node 1 WritebackTmp:          0 kB
Node 1 KReclaimable:      18492 kB
Node 1 Slab:              55424 kB
Node 1 SReclaimable:      18492 kB
Node 1 SUnreclaim:        36932 kB
Node 1 AnonHugePages:         0 kB
Node 1 ShmemHugePages:        0 kB
Node 1 ShmemPmdMapped:        0 kB
Node 1 FileHugePages:        0 kB
Node 1 FilePmdMapped:        0 kB
Node 1 HugePages_Total:     0
Node 1 HugePages_Free:      0
Node 1 HugePages_Surp:      0

After Opposite Node
Node 0 MemTotal:       24743736 kB
Node 0 MemFree:        23063312 kB
Node 0 MemUsed:         1680424 kB
Node 0 Active:            31620 kB
Node 0 Inactive:          81616 kB
Node 0 Active(anon):       9976 kB
Node 0 Inactive(anon):      304 kB
Node 0 Active(file):      21644 kB
Node 0 Inactive(file):    81312 kB
Node 0 Unevictable:       13240 kB
Node 0 Mlocked:           13240 kB
Node 0 Dirty:               192 kB
Node 0 Writeback:             0 kB
Node 0 FilePages:        106332 kB
Node 0 Mapped:            34432 kB
Node 0 AnonPages:         20140 kB
Node 0 Shmem:               468 kB
Node 0 KernelStack:        2024 kB
Node 0 PageTables:          484 kB
Node 0 NFS_Unstable:          0 kB
Node 0 Bounce:                0 kB
Node 0 WritebackTmp:          0 kB
Node 0 KReclaimable:      25404 kB
Node 0 Slab:              73340 kB
Node 0 SReclaimable:      25404 kB
Node 0 SUnreclaim:        47936 kB
Node 0 AnonHugePages:         0 kB
Node 0 ShmemHugePages:        0 kB
Node 0 ShmemPmdMapped:        0 kB
Node 0 FileHugePages:        0 kB
Node 0 FilePmdMapped:        0 kB
Node 0 HugePages_Total:     0
Node 0 HugePages_Free:      0
Node 0 HugePages_Surp:      0

Node 1 MemTotal:       24686196 kB
Node 1 MemFree:        23818960 kB
Node 1 MemUsed:          867236 kB
Node 1 Active:            72056 kB
Node 1 Inactive:          28424 kB
Node 1 Active(anon):      22972 kB
Node 1 Inactive(anon):      592 kB
Node 1 Active(file):      49084 kB
Node 1 Inactive(file):    27832 kB
Node 1 Unevictable:        5284 kB
Node 1 Mlocked:            5284 kB
Node 1 Dirty:                 8 kB
Node 1 Writeback:             0 kB
Node 1 FilePages:         83044 kB
Node 1 Mapped:            27732 kB
Node 1 AnonPages:         22836 kB
Node 1 Shmem:               844 kB
Node 1 KernelStack:        2728 kB
Node 1 PageTables:          784 kB
Node 1 NFS_Unstable:          0 kB
Node 1 Bounce:                0 kB
Node 1 WritebackTmp:          0 kB
Node 1 KReclaimable:      18656 kB
Node 1 Slab:              55908 kB
Node 1 SReclaimable:      18656 kB
Node 1 SUnreclaim:        37252 kB
Node 1 AnonHugePages:         0 kB
Node 1 ShmemHugePages:        0 kB
Node 1 ShmemPmdMapped:        0 kB
Node 1 FileHugePages:        0 kB
Node 1 FilePmdMapped:        0 kB
Node 1 HugePages_Total:     0
Node 1 HugePages_Free:      0
Node 1 HugePages_Surp:      0

U.0.4Mfio.2-1G.1.O Complete!
