U.0.2Mfio.250M.2.O
Begin
Node 0 MemTotal:       24743736 kB
Node 0 MemFree:        24546292 kB
Node 0 MemUsed:          197444 kB
Node 0 Active:            42064 kB
Node 0 Inactive:          22656 kB
Node 0 Active(anon):      12772 kB
Node 0 Inactive(anon):      392 kB
Node 0 Active(file):      29292 kB
Node 0 Inactive(file):    22264 kB
Node 0 Unevictable:       13344 kB
Node 0 Mlocked:           13344 kB
Node 0 Dirty:               296 kB
Node 0 Writeback:             0 kB
Node 0 FilePages:         55152 kB
Node 0 Mapped:            11572 kB
Node 0 AnonPages:         22948 kB
Node 0 Shmem:               556 kB
Node 0 KernelStack:        1816 kB
Node 0 PageTables:          396 kB
Node 0 NFS_Unstable:          0 kB
Node 0 Bounce:                0 kB
Node 0 WritebackTmp:          0 kB
Node 0 KReclaimable:      16400 kB
Node 0 Slab:              39724 kB
Node 0 SReclaimable:      16400 kB
Node 0 SUnreclaim:        23324 kB
Node 0 AnonHugePages:         0 kB
Node 0 ShmemHugePages:        0 kB
Node 0 ShmemPmdMapped:        0 kB
Node 0 FileHugePages:        0 kB
Node 0 FilePmdMapped:        0 kB
Node 0 HugePages_Total:     0
Node 0 HugePages_Free:      0
Node 0 HugePages_Surp:      0

Node 1 MemTotal:       24686196 kB
Node 1 MemFree:        24268496 kB
Node 1 MemUsed:          417700 kB
Node 1 Active:            51944 kB
Node 1 Inactive:          70120 kB
Node 1 Active(anon):      21016 kB
Node 1 Inactive(anon):      492 kB
Node 1 Active(file):      30928 kB
Node 1 Inactive(file):    69628 kB
Node 1 Unevictable:        5180 kB
Node 1 Mlocked:            5180 kB
Node 1 Dirty:               216 kB
Node 1 Writeback:             0 kB
Node 1 FilePages:        106504 kB
Node 1 Mapped:            34108 kB
Node 1 AnonPages:         20920 kB
Node 1 Shmem:               712 kB
Node 1 KernelStack:        1784 kB
Node 1 PageTables:          660 kB
Node 1 NFS_Unstable:          0 kB
Node 1 Bounce:                0 kB
Node 1 WritebackTmp:          0 kB
Node 1 KReclaimable:      25184 kB
Node 1 Slab:              67520 kB
Node 1 SReclaimable:      25184 kB
Node 1 SUnreclaim:        42336 kB
Node 1 AnonHugePages:         0 kB
Node 1 ShmemHugePages:        0 kB
Node 1 ShmemPmdMapped:        0 kB
Node 1 FileHugePages:        0 kB
Node 1 FilePmdMapped:        0 kB
Node 1 HugePages_Total:     0
Node 1 HugePages_Free:      0
Node 1 HugePages_Surp:      0

Load ZFS
Node 0 MemTotal:       24743736 kB
Node 0 MemFree:        24542572 kB
Node 0 MemUsed:          201164 kB
Node 0 Active:            44748 kB
Node 0 Inactive:          23112 kB
Node 0 Active(anon):      14832 kB
Node 0 Inactive(anon):      392 kB
Node 0 Active(file):      29916 kB
Node 0 Inactive(file):    22720 kB
Node 0 Unevictable:       13344 kB
Node 0 Mlocked:           13344 kB
Node 0 Dirty:               296 kB
Node 0 Writeback:             0 kB
Node 0 FilePages:         56204 kB
Node 0 Mapped:            11584 kB
Node 0 AnonPages:         25132 kB
Node 0 Shmem:               556 kB
Node 0 KernelStack:        1800 kB
Node 0 PageTables:          396 kB
Node 0 NFS_Unstable:          0 kB
Node 0 Bounce:                0 kB
Node 0 WritebackTmp:          0 kB
Node 0 KReclaimable:      16936 kB
Node 0 Slab:              41624 kB
Node 0 SReclaimable:      16936 kB
Node 0 SUnreclaim:        24688 kB
Node 0 AnonHugePages:         0 kB
Node 0 ShmemHugePages:        0 kB
Node 0 ShmemPmdMapped:        0 kB
Node 0 FileHugePages:        0 kB
Node 0 FilePmdMapped:        0 kB
Node 0 HugePages_Total:     0
Node 0 HugePages_Free:      0
Node 0 HugePages_Surp:      0

Node 1 MemTotal:       24686196 kB
Node 1 MemFree:        24260276 kB
Node 1 MemUsed:          425920 kB
Node 1 Active:            63044 kB
Node 1 Inactive:          65696 kB
Node 1 Active(anon):      26160 kB
Node 1 Inactive(anon):      492 kB
Node 1 Active(file):      36884 kB
Node 1 Inactive(file):    65204 kB
Node 1 Unevictable:        5180 kB
Node 1 Mlocked:            5180 kB
Node 1 Dirty:               240 kB
Node 1 Writeback:             0 kB
Node 1 FilePages:        107980 kB
Node 1 Mapped:            34292 kB
Node 1 AnonPages:         25852 kB
Node 1 Shmem:               712 kB
Node 1 KernelStack:        1960 kB
Node 1 PageTables:         1068 kB
Node 1 NFS_Unstable:          0 kB
Node 1 Bounce:                0 kB
Node 1 WritebackTmp:          0 kB
Node 1 KReclaimable:      25600 kB
Node 1 Slab:              69332 kB
Node 1 SReclaimable:      25600 kB
Node 1 SUnreclaim:        43732 kB
Node 1 AnonHugePages:         0 kB
Node 1 ShmemHugePages:        0 kB
Node 1 ShmemPmdMapped:        0 kB
Node 1 FileHugePages:        0 kB
Node 1 FilePmdMapped:        0 kB
Node 1 HugePages_Total:     0
Node 1 HugePages_Free:      0
Node 1 HugePages_Surp:      0

Import tank ZPool
Node 0 MemTotal:       24743736 kB
Node 0 MemFree:        24539856 kB
Node 0 MemUsed:          203880 kB
Node 0 Active:            43196 kB
Node 0 Inactive:          23116 kB
Node 0 Active(anon):      13248 kB
Node 0 Inactive(anon):      392 kB
Node 0 Active(file):      29948 kB
Node 0 Inactive(file):    22724 kB
Node 0 Unevictable:       13344 kB
Node 0 Mlocked:           13344 kB
Node 0 Dirty:                56 kB
Node 0 Writeback:             0 kB
Node 0 FilePages:         56252 kB
Node 0 Mapped:            11612 kB
Node 0 AnonPages:         22984 kB
Node 0 Shmem:               556 kB
Node 0 KernelStack:        1800 kB
Node 0 PageTables:          396 kB
Node 0 NFS_Unstable:          0 kB
Node 0 Bounce:                0 kB
Node 0 WritebackTmp:          0 kB
Node 0 KReclaimable:      16944 kB
Node 0 Slab:              42648 kB
Node 0 SReclaimable:      16944 kB
Node 0 SUnreclaim:        25704 kB
Node 0 AnonHugePages:         0 kB
Node 0 ShmemHugePages:        0 kB
Node 0 ShmemPmdMapped:        0 kB
Node 0 FileHugePages:        0 kB
Node 0 FilePmdMapped:        0 kB
Node 0 HugePages_Total:     0
Node 0 HugePages_Free:      0
Node 0 HugePages_Surp:      0

Node 1 MemTotal:       24686196 kB
Node 1 MemFree:        24245396 kB
Node 1 MemUsed:          440800 kB
Node 1 Active:            57848 kB
Node 1 Inactive:          66812 kB
Node 1 Active(anon):      20616 kB
Node 1 Inactive(anon):      496 kB
Node 1 Active(file):      37232 kB
Node 1 Inactive(file):    66316 kB
Node 1 Unevictable:        5180 kB
Node 1 Mlocked:            5180 kB
Node 1 Dirty:               296 kB
Node 1 Writeback:             0 kB
Node 1 FilePages:        109440 kB
Node 1 Mapped:            34316 kB
Node 1 AnonPages:         20796 kB
Node 1 Shmem:               712 kB
Node 1 KernelStack:        3032 kB
Node 1 PageTables:          984 kB
Node 1 NFS_Unstable:          0 kB
Node 1 Bounce:                0 kB
Node 1 WritebackTmp:          0 kB
Node 1 KReclaimable:      25768 kB
Node 1 Slab:              75844 kB
Node 1 SReclaimable:      25768 kB
Node 1 SUnreclaim:        50076 kB
Node 1 AnonHugePages:         0 kB
Node 1 ShmemHugePages:        0 kB
Node 1 ShmemPmdMapped:        0 kB
Node 1 FileHugePages:        0 kB
Node 1 FilePmdMapped:        0 kB
Node 1 HugePages_Total:     0
Node 1 HugePages_Free:      0
Node 1 HugePages_Surp:      0

After Test
Node 0 MemTotal:       24743736 kB
Node 0 MemFree:        24082400 kB
Node 0 MemUsed:          661336 kB
Node 0 Active:            43888 kB
Node 0 Inactive:          24312 kB
Node 0 Active(anon):      13140 kB
Node 0 Inactive(anon):      428 kB
Node 0 Active(file):      30748 kB
Node 0 Inactive(file):    23884 kB
Node 0 Unevictable:       13344 kB
Node 0 Mlocked:           13344 kB
Node 0 Dirty:                64 kB
Node 0 Writeback:             0 kB
Node 0 FilePages:         58244 kB
Node 0 Mapped:            11844 kB
Node 0 AnonPages:         23112 kB
Node 0 Shmem:               600 kB
Node 0 KernelStack:        1864 kB
Node 0 PageTables:          604 kB
Node 0 NFS_Unstable:          0 kB
Node 0 Bounce:                0 kB
Node 0 WritebackTmp:          0 kB
Node 0 KReclaimable:      18284 kB
Node 0 Slab:              47592 kB
Node 0 SReclaimable:      18284 kB
Node 0 SUnreclaim:        29308 kB
Node 0 AnonHugePages:         0 kB
Node 0 ShmemHugePages:        0 kB
Node 0 ShmemPmdMapped:        0 kB
Node 0 FileHugePages:        0 kB
Node 0 FilePmdMapped:        0 kB
Node 0 HugePages_Total:     0
Node 0 HugePages_Free:      0
Node 0 HugePages_Surp:      0

Node 1 MemTotal:       24686196 kB
Node 1 MemFree:        24167176 kB
Node 1 MemUsed:          519020 kB
Node 1 Active:            57924 kB
Node 1 Inactive:          66516 kB
Node 1 Active(anon):      20288 kB
Node 1 Inactive(anon):      496 kB
Node 1 Active(file):      37636 kB
Node 1 Inactive(file):    66020 kB
Node 1 Unevictable:        5180 kB
Node 1 Mlocked:            5180 kB
Node 1 Dirty:               188 kB
Node 1 Writeback:             0 kB
Node 1 FilePages:        109548 kB
Node 1 Mapped:            34132 kB
Node 1 AnonPages:         20072 kB
Node 1 Shmem:               712 kB
Node 1 KernelStack:        2856 kB
Node 1 PageTables:          624 kB
Node 1 NFS_Unstable:          0 kB
Node 1 Bounce:                0 kB
Node 1 WritebackTmp:          0 kB
Node 1 KReclaimable:      25768 kB
Node 1 Slab:              75856 kB
Node 1 SReclaimable:      25768 kB
Node 1 SUnreclaim:        50088 kB
Node 1 AnonHugePages:         0 kB
Node 1 ShmemHugePages:        0 kB
Node 1 ShmemPmdMapped:        0 kB
Node 1 FileHugePages:        0 kB
Node 1 FilePmdMapped:        0 kB
Node 1 HugePages_Total:     0
Node 1 HugePages_Free:      0
Node 1 HugePages_Surp:      0

After Opposite Node
Node 0 MemTotal:       24743736 kB
Node 0 MemFree:        24082856 kB
Node 0 MemUsed:          660880 kB
Node 0 Active:            43516 kB
Node 0 Inactive:          24116 kB
Node 0 Active(anon):      12600 kB
Node 0 Inactive(anon):      392 kB
Node 0 Active(file):      30916 kB
Node 0 Inactive(file):    23724 kB
Node 0 Unevictable:       13344 kB
Node 0 Mlocked:           13344 kB
Node 0 Dirty:                72 kB
Node 0 Writeback:             0 kB
Node 0 FilePages:         58208 kB
Node 0 Mapped:            11584 kB
Node 0 AnonPages:         22764 kB
Node 0 Shmem:               556 kB
Node 0 KernelStack:        1800 kB
Node 0 PageTables:          396 kB
Node 0 NFS_Unstable:          0 kB
Node 0 Bounce:                0 kB
Node 0 WritebackTmp:          0 kB
Node 0 KReclaimable:      18284 kB
Node 0 Slab:              47576 kB
Node 0 SReclaimable:      18284 kB
Node 0 SUnreclaim:        29292 kB
Node 0 AnonHugePages:         0 kB
Node 0 ShmemHugePages:        0 kB
Node 0 ShmemPmdMapped:        0 kB
Node 0 FileHugePages:        0 kB
Node 0 FilePmdMapped:        0 kB
Node 0 HugePages_Total:     0
Node 0 HugePages_Free:      0
Node 0 HugePages_Surp:      0

Node 1 MemTotal:       24686196 kB
Node 1 MemFree:        24164152 kB
Node 1 MemUsed:          522044 kB
Node 1 Active:            58532 kB
Node 1 Inactive:          67100 kB
Node 1 Active(anon):      20896 kB
Node 1 Inactive(anon):     1080 kB
Node 1 Active(file):      37636 kB
Node 1 Inactive(file):    66020 kB
Node 1 Unevictable:        5180 kB
Node 1 Mlocked:            5180 kB
Node 1 Dirty:               188 kB
Node 1 Writeback:             0 kB
Node 1 FilePages:        110132 kB
Node 1 Mapped:            34132 kB
Node 1 AnonPages:         20128 kB
Node 1 Shmem:               712 kB
Node 1 KernelStack:        2940 kB
Node 1 PageTables:          624 kB
Node 1 NFS_Unstable:          0 kB
Node 1 Bounce:                0 kB
Node 1 WritebackTmp:          0 kB
Node 1 KReclaimable:      25768 kB
Node 1 Slab:              75856 kB
Node 1 SReclaimable:      25768 kB
Node 1 SUnreclaim:        50088 kB
Node 1 AnonHugePages:         0 kB
Node 1 ShmemHugePages:        0 kB
Node 1 ShmemPmdMapped:        0 kB
Node 1 FileHugePages:        0 kB
Node 1 FilePmdMapped:        0 kB
Node 1 HugePages_Total:     0
Node 1 HugePages_Free:      0
Node 1 HugePages_Surp:      0

U.0.2Mfio.250M.2.O Complete!
