U.0.fio.4G.1.O
Begin
Node 0 MemTotal:       24743736 kB
Node 0 MemFree:        24460092 kB
Node 0 MemUsed:          283644 kB
Node 0 Active:            67908 kB
Node 0 Inactive:          56836 kB
Node 0 Active(anon):      21684 kB
Node 0 Inactive(anon):      480 kB
Node 0 Active(file):      46224 kB
Node 0 Inactive(file):    56356 kB
Node 0 Unevictable:       18076 kB
Node 0 Mlocked:           18076 kB
Node 0 Dirty:               128 kB
Node 0 Writeback:             0 kB
Node 0 FilePages:        110992 kB
Node 0 Mapped:            28988 kB
Node 0 AnonPages:         31956 kB
Node 0 Shmem:               668 kB
Node 0 KernelStack:        2024 kB
Node 0 PageTables:          608 kB
Node 0 NFS_Unstable:          0 kB
Node 0 Bounce:                0 kB
Node 0 WritebackTmp:          0 kB
Node 0 KReclaimable:      23564 kB
Node 0 Slab:              59436 kB
Node 0 SReclaimable:      23564 kB
Node 0 SUnreclaim:        35872 kB
Node 0 AnonHugePages:         0 kB
Node 0 ShmemHugePages:        0 kB
Node 0 ShmemPmdMapped:        0 kB
Node 0 FileHugePages:        0 kB
Node 0 FilePmdMapped:        0 kB
Node 0 HugePages_Total:     0
Node 0 HugePages_Free:      0
Node 0 HugePages_Surp:      0

Node 1 MemTotal:       24686196 kB
Node 1 MemFree:        24343004 kB
Node 1 MemUsed:          343192 kB
Node 1 Active:            28020 kB
Node 1 Inactive:          49092 kB
Node 1 Active(anon):      12584 kB
Node 1 Inactive(anon):      400 kB
Node 1 Active(file):      15436 kB
Node 1 Inactive(file):    48692 kB
Node 1 Unevictable:         448 kB
Node 1 Mlocked:             448 kB
Node 1 Dirty:               416 kB
Node 1 Writeback:             0 kB
Node 1 FilePages:         65208 kB
Node 1 Mapped:            32504 kB
Node 1 AnonPages:         12396 kB
Node 1 Shmem:               600 kB
Node 1 KernelStack:        1560 kB
Node 1 PageTables:          544 kB
Node 1 NFS_Unstable:          0 kB
Node 1 Bounce:                0 kB
Node 1 WritebackTmp:          0 kB
Node 1 KReclaimable:      17492 kB
Node 1 Slab:              45612 kB
Node 1 SReclaimable:      17492 kB
Node 1 SUnreclaim:        28120 kB
Node 1 AnonHugePages:         0 kB
Node 1 ShmemHugePages:        0 kB
Node 1 ShmemPmdMapped:        0 kB
Node 1 FileHugePages:        0 kB
Node 1 FilePmdMapped:        0 kB
Node 1 HugePages_Total:     0
Node 1 HugePages_Free:      0
Node 1 HugePages_Surp:      0

Load ZFS
Node 0 MemTotal:       24743736 kB
Node 0 MemFree:        24452292 kB
Node 0 MemUsed:          291444 kB
Node 0 Active:            74420 kB
Node 0 Inactive:          56620 kB
Node 0 Active(anon):      26664 kB
Node 0 Inactive(anon):      480 kB
Node 0 Active(file):      47756 kB
Node 0 Inactive(file):    56140 kB
Node 0 Unevictable:       18076 kB
Node 0 Mlocked:           18076 kB
Node 0 Dirty:               128 kB
Node 0 Writeback:             0 kB
Node 0 FilePages:        112308 kB
Node 0 Mapped:            29148 kB
Node 0 AnonPages:         36916 kB
Node 0 Shmem:               668 kB
Node 0 KernelStack:        2216 kB
Node 0 PageTables:          932 kB
Node 0 NFS_Unstable:          0 kB
Node 0 Bounce:                0 kB
Node 0 WritebackTmp:          0 kB
Node 0 KReclaimable:      24088 kB
Node 0 Slab:              61288 kB
Node 0 SReclaimable:      24088 kB
Node 0 SUnreclaim:        37200 kB
Node 0 AnonHugePages:         0 kB
Node 0 ShmemHugePages:        0 kB
Node 0 ShmemPmdMapped:        0 kB
Node 0 FileHugePages:        0 kB
Node 0 FilePmdMapped:        0 kB
Node 0 HugePages_Total:     0
Node 0 HugePages_Free:      0
Node 0 HugePages_Surp:      0

Node 1 MemTotal:       24686196 kB
Node 1 MemFree:        24339476 kB
Node 1 MemUsed:          346720 kB
Node 1 Active:            34740 kB
Node 1 Inactive:          45136 kB
Node 1 Active(anon):      13976 kB
Node 1 Inactive(anon):      400 kB
Node 1 Active(file):      20764 kB
Node 1 Inactive(file):    44736 kB
Node 1 Unevictable:         448 kB
Node 1 Mlocked:             448 kB
Node 1 Dirty:               440 kB
Node 1 Writeback:             0 kB
Node 1 FilePages:         66548 kB
Node 1 Mapped:            32504 kB
Node 1 AnonPages:         13716 kB
Node 1 Shmem:               600 kB
Node 1 KernelStack:        1512 kB
Node 1 PageTables:          608 kB
Node 1 NFS_Unstable:          0 kB
Node 1 Bounce:                0 kB
Node 1 WritebackTmp:          0 kB
Node 1 KReclaimable:      17964 kB
Node 1 Slab:              47068 kB
Node 1 SReclaimable:      17964 kB
Node 1 SUnreclaim:        29104 kB
Node 1 AnonHugePages:         0 kB
Node 1 ShmemHugePages:        0 kB
Node 1 ShmemPmdMapped:        0 kB
Node 1 FileHugePages:        0 kB
Node 1 FilePmdMapped:        0 kB
Node 1 HugePages_Total:     0
Node 1 HugePages_Free:      0
Node 1 HugePages_Surp:      0

Import tank ZPool
Node 0 MemTotal:       24743736 kB
Node 0 MemFree:        24449608 kB
Node 0 MemUsed:          294128 kB
Node 0 Active:            74452 kB
Node 0 Inactive:          56584 kB
Node 0 Active(anon):      26660 kB
Node 0 Inactive(anon):      480 kB
Node 0 Active(file):      47792 kB
Node 0 Inactive(file):    56104 kB
Node 0 Unevictable:       18076 kB
Node 0 Mlocked:           18076 kB
Node 0 Dirty:               144 kB
Node 0 Writeback:             0 kB
Node 0 FilePages:        112304 kB
Node 0 Mapped:            29228 kB
Node 0 AnonPages:         36916 kB
Node 0 Shmem:               664 kB
Node 0 KernelStack:        3240 kB
Node 0 PageTables:          932 kB
Node 0 NFS_Unstable:          0 kB
Node 0 Bounce:                0 kB
Node 0 WritebackTmp:          0 kB
Node 0 KReclaimable:      24088 kB
Node 0 Slab:              63848 kB
Node 0 SReclaimable:      24088 kB
Node 0 SUnreclaim:        39760 kB
Node 0 AnonHugePages:         0 kB
Node 0 ShmemHugePages:        0 kB
Node 0 ShmemPmdMapped:        0 kB
Node 0 FileHugePages:        0 kB
Node 0 FilePmdMapped:        0 kB
Node 0 HugePages_Total:     0
Node 0 HugePages_Free:      0
Node 0 HugePages_Surp:      0

Node 1 MemTotal:       24686196 kB
Node 1 MemFree:        24320848 kB
Node 1 MemUsed:          365348 kB
Node 1 Active:            35820 kB
Node 1 Inactive:          46028 kB
Node 1 Active(anon):      14384 kB
Node 1 Inactive(anon):      404 kB
Node 1 Active(file):      21436 kB
Node 1 Inactive(file):    45624 kB
Node 1 Unevictable:         448 kB
Node 1 Mlocked:             448 kB
Node 1 Dirty:               224 kB
Node 1 Writeback:             0 kB
Node 1 FilePages:         68116 kB
Node 1 Mapped:            32784 kB
Node 1 AnonPages:         13860 kB
Node 1 Shmem:               604 kB
Node 1 KernelStack:        1640 kB
Node 1 PageTables:          688 kB
Node 1 NFS_Unstable:          0 kB
Node 1 Bounce:                0 kB
Node 1 WritebackTmp:          0 kB
Node 1 KReclaimable:      18064 kB
Node 1 Slab:              52120 kB
Node 1 SReclaimable:      18064 kB
Node 1 SUnreclaim:        34056 kB
Node 1 AnonHugePages:         0 kB
Node 1 ShmemHugePages:        0 kB
Node 1 ShmemPmdMapped:        0 kB
Node 1 FileHugePages:        0 kB
Node 1 FilePmdMapped:        0 kB
Node 1 HugePages_Total:     0
Node 1 HugePages_Free:      0
Node 1 HugePages_Surp:      0

After Opposite Node
Node 0 MemTotal:       24743736 kB
Node 0 MemFree:        24074716 kB
Node 0 MemUsed:          669020 kB
Node 0 Active:            68056 kB
Node 0 Inactive:          56540 kB
Node 0 Active(anon):      20224 kB
Node 0 Inactive(anon):      476 kB
Node 0 Active(file):      47832 kB
Node 0 Inactive(file):    56064 kB
Node 0 Unevictable:       18076 kB
Node 0 Mlocked:           18076 kB
Node 0 Dirty:                12 kB
Node 0 Writeback:             0 kB
Node 0 FilePages:        112300 kB
Node 0 Mapped:            28988 kB
Node 0 AnonPages:         30368 kB
Node 0 Shmem:               660 kB
Node 0 KernelStack:        2968 kB
Node 0 PageTables:          500 kB
Node 0 NFS_Unstable:          0 kB
Node 0 Bounce:                0 kB
Node 0 WritebackTmp:          0 kB
Node 0 KReclaimable:      24104 kB
Node 0 Slab:              64560 kB
Node 0 SReclaimable:      24104 kB
Node 0 SUnreclaim:        40456 kB
Node 0 AnonHugePages:         0 kB
Node 0 ShmemHugePages:        0 kB
Node 0 ShmemPmdMapped:        0 kB
Node 0 FileHugePages:        0 kB
Node 0 FilePmdMapped:        0 kB
Node 0 HugePages_Total:     0
Node 0 HugePages_Free:      0
Node 0 HugePages_Surp:      0

Node 1 MemTotal:       24686196 kB
Node 1 MemFree:        19663980 kB
Node 1 MemUsed:         5022216 kB
Node 1 Active:            35012 kB
Node 1 Inactive:          47304 kB
Node 1 Active(anon):      12768 kB
Node 1 Inactive(anon):      452 kB
Node 1 Active(file):      22244 kB
Node 1 Inactive(file):    46852 kB
Node 1 Unevictable:         448 kB
Node 1 Mlocked:             448 kB
Node 1 Dirty:                44 kB
Node 1 Writeback:             0 kB
Node 1 FilePages:         70196 kB
Node 1 Mapped:            32772 kB
Node 1 AnonPages:         12484 kB
Node 1 Shmem:               652 kB
Node 1 KernelStack:        1608 kB
Node 1 PageTables:          752 kB
Node 1 NFS_Unstable:          0 kB
Node 1 Bounce:                0 kB
Node 1 WritebackTmp:          0 kB
Node 1 KReclaimable:      19472 kB
Node 1 Slab:              72528 kB
Node 1 SReclaimable:      19472 kB
Node 1 SUnreclaim:        53056 kB
Node 1 AnonHugePages:         0 kB
Node 1 ShmemHugePages:        0 kB
Node 1 ShmemPmdMapped:        0 kB
Node 1 FileHugePages:        0 kB
Node 1 FilePmdMapped:        0 kB
Node 1 HugePages_Total:     0
Node 1 HugePages_Free:      0
Node 1 HugePages_Surp:      0

After Test
Node 0 MemTotal:       24743736 kB
Node 0 MemFree:        24074484 kB
Node 0 MemUsed:          669252 kB
Node 0 Active:            68248 kB
Node 0 Inactive:          56576 kB
Node 0 Active(anon):      20416 kB
Node 0 Inactive(anon):      504 kB
Node 0 Active(file):      47832 kB
Node 0 Inactive(file):    56072 kB
Node 0 Unevictable:       18076 kB
Node 0 Mlocked:           18076 kB
Node 0 Dirty:                20 kB
Node 0 Writeback:             0 kB
Node 0 FilePages:        112352 kB
Node 0 Mapped:            29032 kB
Node 0 AnonPages:         30512 kB
Node 0 Shmem:               704 kB
Node 0 KernelStack:        3016 kB
Node 0 PageTables:          680 kB
Node 0 NFS_Unstable:          0 kB
Node 0 Bounce:                0 kB
Node 0 WritebackTmp:          0 kB
Node 0 KReclaimable:      24144 kB
Node 0 Slab:              66048 kB
Node 0 SReclaimable:      24144 kB
Node 0 SUnreclaim:        41904 kB
Node 0 AnonHugePages:         0 kB
Node 0 ShmemHugePages:        0 kB
Node 0 ShmemPmdMapped:        0 kB
Node 0 FileHugePages:        0 kB
Node 0 FilePmdMapped:        0 kB
Node 0 HugePages_Total:     0
Node 0 HugePages_Free:      0
Node 0 HugePages_Surp:      0

Node 1 MemTotal:       24686196 kB
Node 1 MemFree:        19667288 kB
Node 1 MemUsed:         5018908 kB
Node 1 Active:            35044 kB
Node 1 Inactive:          47036 kB
Node 1 Active(anon):      12548 kB
Node 1 Inactive(anon):      408 kB
Node 1 Active(file):      22496 kB
Node 1 Inactive(file):    46628 kB
Node 1 Unevictable:         448 kB
Node 1 Mlocked:             448 kB
Node 1 Dirty:                76 kB
Node 1 Writeback:             0 kB
Node 1 FilePages:         70188 kB
Node 1 Mapped:            32712 kB
Node 1 AnonPages:         12348 kB
Node 1 Shmem:               608 kB
Node 1 KernelStack:        1560 kB
Node 1 PageTables:          580 kB
Node 1 NFS_Unstable:          0 kB
Node 1 Bounce:                0 kB
Node 1 WritebackTmp:          0 kB
Node 1 KReclaimable:      19472 kB
Node 1 Slab:              72396 kB
Node 1 SReclaimable:      19472 kB
Node 1 SUnreclaim:        52924 kB
Node 1 AnonHugePages:         0 kB
Node 1 ShmemHugePages:        0 kB
Node 1 ShmemPmdMapped:        0 kB
Node 1 FileHugePages:        0 kB
Node 1 FilePmdMapped:        0 kB
Node 1 HugePages_Total:     0
Node 1 HugePages_Free:      0
Node 1 HugePages_Surp:      0

U.0.fio.4G.1.O Complete!
