kernel.numa_balancing = 0
B.1.fio.2G.2.O
Begin
Node 0 MemTotal:       24743736 kB
Node 0 MemFree:        24354184 kB
Node 0 MemUsed:          389552 kB
Node 0 Active:            37168 kB
Node 0 Inactive:          57012 kB
Node 0 Active(anon):      11840 kB
Node 0 Inactive(anon):      508 kB
Node 0 Active(file):      25328 kB
Node 0 Inactive(file):    56504 kB
Node 0 Unevictable:       17508 kB
Node 0 Mlocked:           17508 kB
Node 0 Dirty:               228 kB
Node 0 Writeback:             0 kB
Node 0 FilePages:         89724 kB
Node 0 Mapped:            25640 kB
Node 0 AnonPages:         22100 kB
Node 0 Shmem:               676 kB
Node 0 KernelStack:        2088 kB
Node 0 PageTables:          440 kB
Node 0 NFS_Unstable:          0 kB
Node 0 Bounce:                0 kB
Node 0 WritebackTmp:          0 kB
Node 0 KReclaimable:      23976 kB
Node 0 Slab:              55360 kB
Node 0 SReclaimable:      23976 kB
Node 0 SUnreclaim:        31384 kB
Node 0 AnonHugePages:         0 kB
Node 0 ShmemHugePages:        0 kB
Node 0 ShmemPmdMapped:        0 kB
Node 0 FileHugePages:        0 kB
Node 0 FilePmdMapped:        0 kB
Node 0 HugePages_Total:     0
Node 0 HugePages_Free:      0
Node 0 HugePages_Surp:      0

Node 1 MemTotal:       24686196 kB
Node 1 MemFree:        24474416 kB
Node 1 MemUsed:          211780 kB
Node 1 Active:            59308 kB
Node 1 Inactive:          23192 kB
Node 1 Active(anon):      22160 kB
Node 1 Inactive(anon):      368 kB
Node 1 Active(file):      37148 kB
Node 1 Inactive(file):    22824 kB
Node 1 Unevictable:        1012 kB
Node 1 Mlocked:            1012 kB
Node 1 Dirty:               276 kB
Node 1 Writeback:             0 kB
Node 1 FilePages:         61580 kB
Node 1 Mapped:            17456 kB
Node 1 AnonPages:         21976 kB
Node 1 Shmem:               592 kB
Node 1 KernelStack:        1560 kB
Node 1 PageTables:          652 kB
Node 1 NFS_Unstable:          0 kB
Node 1 Bounce:                0 kB
Node 1 WritebackTmp:          0 kB
Node 1 KReclaimable:      17656 kB
Node 1 Slab:              50428 kB
Node 1 SReclaimable:      17656 kB
Node 1 SUnreclaim:        32772 kB
Node 1 AnonHugePages:         0 kB
Node 1 ShmemHugePages:        0 kB
Node 1 ShmemPmdMapped:        0 kB
Node 1 FileHugePages:        0 kB
Node 1 FilePmdMapped:        0 kB
Node 1 HugePages_Total:     0
Node 1 HugePages_Free:      0
Node 1 HugePages_Surp:      0

Load ZFS
Node 0 MemTotal:       24743736 kB
Node 0 MemFree:        24454088 kB
Node 0 MemUsed:          289648 kB
Node 0 Active:            55664 kB
Node 0 Inactive:          68884 kB
Node 0 Active(anon):      28692 kB
Node 0 Inactive(anon):      500 kB
Node 0 Active(file):      26972 kB
Node 0 Inactive(file):    68384 kB
Node 0 Unevictable:       17588 kB
Node 0 Mlocked:           17588 kB
Node 0 Dirty:               380 kB
Node 0 Writeback:             0 kB
Node 0 FilePages:        103344 kB
Node 0 Mapped:            28852 kB
Node 0 AnonPages:         38724 kB
Node 0 Shmem:               656 kB
Node 0 KernelStack:        2428 kB
Node 0 PageTables:         1720 kB
Node 0 NFS_Unstable:          0 kB
Node 0 Bounce:                0 kB
Node 0 WritebackTmp:          0 kB
Node 0 KReclaimable:      24680 kB
Node 0 Slab:              58452 kB
Node 0 SReclaimable:      24680 kB
Node 0 SUnreclaim:        33772 kB
Node 0 AnonHugePages:         0 kB
Node 0 ShmemHugePages:        0 kB
Node 0 ShmemPmdMapped:        0 kB
Node 0 FileHugePages:        0 kB
Node 0 FilePmdMapped:        0 kB
Node 0 HugePages_Total:     0
Node 0 HugePages_Free:      0
Node 0 HugePages_Surp:      0

Node 1 MemTotal:       24686196 kB
Node 1 MemFree:        24227504 kB
Node 1 MemUsed:          458692 kB
Node 1 Active:            70768 kB
Node 1 Inactive:         114792 kB
Node 1 Active(anon):      32536 kB
Node 1 Inactive(anon):      408 kB
Node 1 Active(file):      38232 kB
Node 1 Inactive(file):   114384 kB
Node 1 Unevictable:        1012 kB
Node 1 Mlocked:            1012 kB
Node 1 Dirty:                20 kB
Node 1 Writeback:             0 kB
Node 1 FilePages:        154240 kB
Node 1 Mapped:            18824 kB
Node 1 AnonPages:         32576 kB
Node 1 Shmem:               612 kB
Node 1 KernelStack:        1900 kB
Node 1 PageTables:         1596 kB
Node 1 NFS_Unstable:          0 kB
Node 1 Bounce:                0 kB
Node 1 WritebackTmp:          0 kB
Node 1 KReclaimable:      18544 kB
Node 1 Slab:              54920 kB
Node 1 SReclaimable:      18544 kB
Node 1 SUnreclaim:        36376 kB
Node 1 AnonHugePages:         0 kB
Node 1 ShmemHugePages:        0 kB
Node 1 ShmemPmdMapped:        0 kB
Node 1 FileHugePages:        0 kB
Node 1 FilePmdMapped:        0 kB
Node 1 HugePages_Total:     0
Node 1 HugePages_Free:      0
Node 1 HugePages_Surp:      0

Import tank ZPool
Node 0 MemTotal:       24743736 kB
Node 0 MemFree:        24446196 kB
Node 0 MemUsed:          297540 kB
Node 0 Active:            55652 kB
Node 0 Inactive:          70128 kB
Node 0 Active(anon):      28380 kB
Node 0 Inactive(anon):      548 kB
Node 0 Active(file):      27272 kB
Node 0 Inactive(file):    69580 kB
Node 0 Unevictable:       17736 kB
Node 0 Mlocked:           17736 kB
Node 0 Dirty:               448 kB
Node 0 Writeback:             0 kB
Node 0 FilePages:        104700 kB
Node 0 Mapped:            28372 kB
Node 0 AnonPages:         38528 kB
Node 0 Shmem:               668 kB
Node 0 KernelStack:        2360 kB
Node 0 PageTables:         1696 kB
Node 0 NFS_Unstable:          0 kB
Node 0 Bounce:                0 kB
Node 0 WritebackTmp:          0 kB
Node 0 KReclaimable:      24844 kB
Node 0 Slab:              63724 kB
Node 0 SReclaimable:      24844 kB
Node 0 SUnreclaim:        38880 kB
Node 0 AnonHugePages:         0 kB
Node 0 ShmemHugePages:        0 kB
Node 0 ShmemPmdMapped:        0 kB
Node 0 FileHugePages:        0 kB
Node 0 FilePmdMapped:        0 kB
Node 0 HugePages_Total:     0
Node 0 HugePages_Free:      0
Node 0 HugePages_Surp:      0

Node 1 MemTotal:       24686196 kB
Node 1 MemFree:        24219156 kB
Node 1 MemUsed:          467040 kB
Node 1 Active:            70400 kB
Node 1 Inactive:         114708 kB
Node 1 Active(anon):      32240 kB
Node 1 Inactive(anon):      400 kB
Node 1 Active(file):      38160 kB
Node 1 Inactive(file):   114308 kB
Node 1 Unevictable:        1012 kB
Node 1 Mlocked:            1012 kB
Node 1 Dirty:                44 kB
Node 1 Writeback:             0 kB
Node 1 FilePages:        154080 kB
Node 1 Mapped:            18680 kB
Node 1 AnonPages:         32040 kB
Node 1 Shmem:               600 kB
Node 1 KernelStack:        2904 kB
Node 1 PageTables:         1472 kB
Node 1 NFS_Unstable:          0 kB
Node 1 Bounce:                0 kB
Node 1 WritebackTmp:          0 kB
Node 1 KReclaimable:      18560 kB
Node 1 Slab:              57140 kB
Node 1 SReclaimable:      18560 kB
Node 1 SUnreclaim:        38580 kB
Node 1 AnonHugePages:         0 kB
Node 1 ShmemHugePages:        0 kB
Node 1 ShmemPmdMapped:        0 kB
Node 1 FileHugePages:        0 kB
Node 1 FilePmdMapped:        0 kB
Node 1 HugePages_Total:     0
Node 1 HugePages_Free:      0
Node 1 HugePages_Surp:      0

After Test
Node 0 MemTotal:       24743736 kB
Node 0 MemFree:        24284060 kB
Node 0 MemUsed:          459676 kB
Node 0 Active:            38512 kB
Node 0 Inactive:          69536 kB
Node 0 Active(anon):      10544 kB
Node 0 Inactive(anon):      548 kB
Node 0 Active(file):      27968 kB
Node 0 Inactive(file):    68988 kB
Node 0 Unevictable:       17736 kB
Node 0 Mlocked:           17736 kB
Node 0 Dirty:                36 kB
Node 0 Writeback:             0 kB
Node 0 FilePages:        104808 kB
Node 0 Mapped:            25656 kB
Node 0 AnonPages:         20972 kB
Node 0 Shmem:               672 kB
Node 0 KernelStack:        1992 kB
Node 0 PageTables:          416 kB
Node 0 NFS_Unstable:          0 kB
Node 0 Bounce:                0 kB
Node 0 WritebackTmp:          0 kB
Node 0 KReclaimable:      25020 kB
Node 0 Slab:              64588 kB
Node 0 SReclaimable:      25020 kB
Node 0 SUnreclaim:        39568 kB
Node 0 AnonHugePages:         0 kB
Node 0 ShmemHugePages:        0 kB
Node 0 ShmemPmdMapped:        0 kB
Node 0 FileHugePages:        0 kB
Node 0 FilePmdMapped:        0 kB
Node 0 HugePages_Total:     0
Node 0 HugePages_Free:      0
Node 0 HugePages_Surp:      0

Node 1 MemTotal:       24686196 kB
Node 1 MemFree:        21472964 kB
Node 1 MemUsed:         3213232 kB
Node 1 Active:            62236 kB
Node 1 Inactive:         115524 kB
Node 1 Active(anon):      22900 kB
Node 1 Inactive(anon):      416 kB
Node 1 Active(file):      39336 kB
Node 1 Inactive(file):   115108 kB
Node 1 Unevictable:        1012 kB
Node 1 Mlocked:            1012 kB
Node 1 Dirty:                12 kB
Node 1 Writeback:             0 kB
Node 1 FilePages:        156096 kB
Node 1 Mapped:            17680 kB
Node 1 AnonPages:         22592 kB
Node 1 Shmem:               640 kB
Node 1 KernelStack:        2648 kB
Node 1 PageTables:          748 kB
Node 1 NFS_Unstable:          0 kB
Node 1 Bounce:                0 kB
Node 1 WritebackTmp:          0 kB
Node 1 KReclaimable:      19872 kB
Node 1 Slab:              71136 kB
Node 1 SReclaimable:      19872 kB
Node 1 SUnreclaim:        51264 kB
Node 1 AnonHugePages:         0 kB
Node 1 ShmemHugePages:        0 kB
Node 1 ShmemPmdMapped:        0 kB
Node 1 FileHugePages:        0 kB
Node 1 FilePmdMapped:        0 kB
Node 1 HugePages_Total:     0
Node 1 HugePages_Free:      0
Node 1 HugePages_Surp:      0

After Opposite Node
Node 0 MemTotal:       24743736 kB
Node 0 MemFree:        24283104 kB
Node 0 MemUsed:          460632 kB
Node 0 Active:            38820 kB
Node 0 Inactive:          69572 kB
Node 0 Active(anon):      10824 kB
Node 0 Inactive(anon):      592 kB
Node 0 Active(file):      27996 kB
Node 0 Inactive(file):    68980 kB
Node 0 Unevictable:       17736 kB
Node 0 Mlocked:           17736 kB
Node 0 Dirty:                20 kB
Node 0 Writeback:             0 kB
Node 0 FilePages:        104872 kB
Node 0 Mapped:            25700 kB
Node 0 AnonPages:         21112 kB
Node 0 Shmem:               716 kB
Node 0 KernelStack:        2024 kB
Node 0 PageTables:          588 kB
Node 0 NFS_Unstable:          0 kB
Node 0 Bounce:                0 kB
Node 0 WritebackTmp:          0 kB
Node 0 KReclaimable:      25076 kB
Node 0 Slab:              64752 kB
Node 0 SReclaimable:      25076 kB
Node 0 SUnreclaim:        39676 kB
Node 0 AnonHugePages:         0 kB
Node 0 ShmemHugePages:        0 kB
Node 0 ShmemPmdMapped:        0 kB
Node 0 FileHugePages:        0 kB
Node 0 FilePmdMapped:        0 kB
Node 0 HugePages_Total:     0
Node 0 HugePages_Free:      0
Node 0 HugePages_Surp:      0

Node 1 MemTotal:       24686196 kB
Node 1 MemFree:        21477224 kB
Node 1 MemUsed:         3208972 kB
Node 1 Active:            62260 kB
Node 1 Inactive:         115332 kB
Node 1 Active(anon):      22740 kB
Node 1 Inactive(anon):      392 kB
Node 1 Active(file):      39520 kB
Node 1 Inactive(file):   114940 kB
Node 1 Unevictable:        1012 kB
Node 1 Mlocked:            1012 kB
Node 1 Dirty:                16 kB
Node 1 Writeback:             0 kB
Node 1 FilePages:        156068 kB
Node 1 Mapped:            17612 kB
Node 1 AnonPages:         22536 kB
Node 1 Shmem:               596 kB
Node 1 KernelStack:        2632 kB
Node 1 PageTables:          628 kB
Node 1 NFS_Unstable:          0 kB
Node 1 Bounce:                0 kB
Node 1 WritebackTmp:          0 kB
Node 1 KReclaimable:      19872 kB
Node 1 Slab:              71128 kB
Node 1 SReclaimable:      19872 kB
Node 1 SUnreclaim:        51256 kB
Node 1 AnonHugePages:         0 kB
Node 1 ShmemHugePages:        0 kB
Node 1 ShmemPmdMapped:        0 kB
Node 1 FileHugePages:        0 kB
Node 1 FilePmdMapped:        0 kB
Node 1 HugePages_Total:     0
Node 1 HugePages_Free:      0
Node 1 HugePages_Surp:      0

B.1.fio.2G.2.O Complete!
