kernel.numa_balancing = 0
B.1.fio.250M.3.O
Begin
Node 0 MemTotal:       24743736 kB
Node 0 MemFree:        24378136 kB
Node 0 MemUsed:          365600 kB
Node 0 Active:            38956 kB
Node 0 Inactive:          34540 kB
Node 0 Active(anon):      20348 kB
Node 0 Inactive(anon):      464 kB
Node 0 Active(file):      18608 kB
Node 0 Inactive(file):    34076 kB
Node 0 Unevictable:       13092 kB
Node 0 Mlocked:           13092 kB
Node 0 Dirty:               128 kB
Node 0 Writeback:             0 kB
Node 0 FilePages:         56136 kB
Node 0 Mapped:            19752 kB
Node 0 AnonPages:         30488 kB
Node 0 Shmem:               660 kB
Node 0 KernelStack:        2120 kB
Node 0 PageTables:          612 kB
Node 0 NFS_Unstable:          0 kB
Node 0 Bounce:                0 kB
Node 0 WritebackTmp:          0 kB
Node 0 KReclaimable:      18568 kB
Node 0 Slab:              56248 kB
Node 0 SReclaimable:      18568 kB
Node 0 SUnreclaim:        37680 kB
Node 0 AnonHugePages:         0 kB
Node 0 ShmemHugePages:        0 kB
Node 0 ShmemPmdMapped:        0 kB
Node 0 FileHugePages:        0 kB
Node 0 FilePmdMapped:        0 kB
Node 0 HugePages_Total:     0
Node 0 HugePages_Free:      0
Node 0 HugePages_Surp:      0

Node 1 MemTotal:       24686196 kB
Node 1 MemFree:        24441268 kB
Node 1 MemUsed:          244928 kB
Node 1 Active:            56868 kB
Node 1 Inactive:          54572 kB
Node 1 Active(anon):      13236 kB
Node 1 Inactive(anon):      428 kB
Node 1 Active(file):      43632 kB
Node 1 Inactive(file):    54144 kB
Node 1 Unevictable:        5432 kB
Node 1 Mlocked:            5432 kB
Node 1 Dirty:                28 kB
Node 1 Writeback:             0 kB
Node 1 FilePages:        103816 kB
Node 1 Mapped:            23396 kB
Node 1 AnonPages:         13164 kB
Node 1 Shmem:               608 kB
Node 1 KernelStack:        1560 kB
Node 1 PageTables:          516 kB
Node 1 NFS_Unstable:          0 kB
Node 1 Bounce:                0 kB
Node 1 WritebackTmp:          0 kB
Node 1 KReclaimable:      23260 kB
Node 1 Slab:              50068 kB
Node 1 SReclaimable:      23260 kB
Node 1 SUnreclaim:        26808 kB
Node 1 AnonHugePages:         0 kB
Node 1 ShmemHugePages:        0 kB
Node 1 ShmemPmdMapped:        0 kB
Node 1 FileHugePages:        0 kB
Node 1 FilePmdMapped:        0 kB
Node 1 HugePages_Total:     0
Node 1 HugePages_Free:      0
Node 1 HugePages_Surp:      0

Load ZFS
Node 0 MemTotal:       24743736 kB
Node 0 MemFree:        24280152 kB
Node 0 MemUsed:          463584 kB
Node 0 Active:            47080 kB
Node 0 Inactive:         118048 kB
Node 0 Active(anon):      27300 kB
Node 0 Inactive(anon):      436 kB
Node 0 Active(file):      19780 kB
Node 0 Inactive(file):   117612 kB
Node 0 Unevictable:       13304 kB
Node 0 Mlocked:           13304 kB
Node 0 Dirty:               372 kB
Node 0 Writeback:             0 kB
Node 0 FilePages:        140712 kB
Node 0 Mapped:            22456 kB
Node 0 AnonPages:         37620 kB
Node 0 Shmem:               560 kB
Node 0 KernelStack:        2300 kB
Node 0 PageTables:         1136 kB
Node 0 NFS_Unstable:          0 kB
Node 0 Bounce:                0 kB
Node 0 WritebackTmp:          0 kB
Node 0 KReclaimable:      19292 kB
Node 0 Slab:              59240 kB
Node 0 SReclaimable:      19292 kB
Node 0 SUnreclaim:        39948 kB
Node 0 AnonHugePages:         0 kB
Node 0 ShmemHugePages:        0 kB
Node 0 ShmemPmdMapped:        0 kB
Node 0 FileHugePages:        0 kB
Node 0 FilePmdMapped:        0 kB
Node 0 HugePages_Total:     0
Node 0 HugePages_Free:      0
Node 0 HugePages_Surp:      0

Node 1 MemTotal:       24686196 kB
Node 1 MemFree:        24397684 kB
Node 1 MemUsed:          288512 kB
Node 1 Active:            73528 kB
Node 1 Inactive:          74508 kB
Node 1 Active(anon):      28668 kB
Node 1 Inactive(anon):      512 kB
Node 1 Active(file):      44860 kB
Node 1 Inactive(file):    73996 kB
Node 1 Unevictable:        5432 kB
Node 1 Mlocked:            5432 kB
Node 1 Dirty:                36 kB
Node 1 Writeback:             0 kB
Node 1 FilePages:        124996 kB
Node 1 Mapped:            24576 kB
Node 1 AnonPages:         28428 kB
Node 1 Shmem:               708 kB
Node 1 KernelStack:        1976 kB
Node 1 PageTables:         1576 kB
Node 1 NFS_Unstable:          0 kB
Node 1 Bounce:                0 kB
Node 1 WritebackTmp:          0 kB
Node 1 KReclaimable:      23988 kB
Node 1 Slab:              53996 kB
Node 1 SReclaimable:      23988 kB
Node 1 SUnreclaim:        30008 kB
Node 1 AnonHugePages:         0 kB
Node 1 ShmemHugePages:        0 kB
Node 1 ShmemPmdMapped:        0 kB
Node 1 FileHugePages:        0 kB
Node 1 FilePmdMapped:        0 kB
Node 1 HugePages_Total:     0
Node 1 HugePages_Free:      0
Node 1 HugePages_Surp:      0

Import tank ZPool
Node 0 MemTotal:       24743736 kB
Node 0 MemFree:        24283212 kB
Node 0 MemUsed:          460524 kB
Node 0 Active:            41456 kB
Node 0 Inactive:         118608 kB
Node 0 Active(anon):      20760 kB
Node 0 Inactive(anon):      440 kB
Node 0 Active(file):      20696 kB
Node 0 Inactive(file):   118168 kB
Node 0 Unevictable:       13320 kB
Node 0 Mlocked:           13320 kB
Node 0 Dirty:               404 kB
Node 0 Writeback:             0 kB
Node 0 FilePages:        142188 kB
Node 0 Mapped:            20000 kB
Node 0 AnonPages:         30904 kB
Node 0 Shmem:               564 kB
Node 0 KernelStack:        2184 kB
Node 0 PageTables:          640 kB
Node 0 NFS_Unstable:          0 kB
Node 0 Bounce:                0 kB
Node 0 WritebackTmp:          0 kB
Node 0 KReclaimable:      19432 kB
Node 0 Slab:              61748 kB
Node 0 SReclaimable:      19432 kB
Node 0 SUnreclaim:        42316 kB
Node 0 AnonHugePages:         0 kB
Node 0 ShmemHugePages:        0 kB
Node 0 ShmemPmdMapped:        0 kB
Node 0 FileHugePages:        0 kB
Node 0 FilePmdMapped:        0 kB
Node 0 HugePages_Total:     0
Node 0 HugePages_Free:      0
Node 0 HugePages_Surp:      0

Node 1 MemTotal:       24686196 kB
Node 1 MemFree:        24397836 kB
Node 1 MemUsed:          288360 kB
Node 1 Active:            58272 kB
Node 1 Inactive:          74584 kB
Node 1 Active(anon):      13268 kB
Node 1 Inactive(anon):      508 kB
Node 1 Active(file):      45004 kB
Node 1 Inactive(file):    74076 kB
Node 1 Unevictable:        5432 kB
Node 1 Mlocked:            5432 kB
Node 1 Dirty:                44 kB
Node 1 Writeback:             0 kB
Node 1 FilePages:        125256 kB
Node 1 Mapped:            23644 kB
Node 1 AnonPages:         12852 kB
Node 1 Shmem:               704 kB
Node 1 KernelStack:        2584 kB
Node 1 PageTables:          520 kB
Node 1 NFS_Unstable:          0 kB
Node 1 Bounce:                0 kB
Node 1 WritebackTmp:          0 kB
Node 1 KReclaimable:      23992 kB
Node 1 Slab:              59460 kB
Node 1 SReclaimable:      23992 kB
Node 1 SUnreclaim:        35468 kB
Node 1 AnonHugePages:         0 kB
Node 1 ShmemHugePages:        0 kB
Node 1 ShmemPmdMapped:        0 kB
Node 1 FileHugePages:        0 kB
Node 1 FilePmdMapped:        0 kB
Node 1 HugePages_Total:     0
Node 1 HugePages_Free:      0
Node 1 HugePages_Surp:      0

After Test
Node 0 MemTotal:       24743736 kB
Node 0 MemFree:        24223376 kB
Node 0 MemUsed:          520360 kB
Node 0 Active:            40936 kB
Node 0 Inactive:         118388 kB
Node 0 Active(anon):      20020 kB
Node 0 Inactive(anon):      440 kB
Node 0 Active(file):      20916 kB
Node 0 Inactive(file):   117948 kB
Node 0 Unevictable:       13320 kB
Node 0 Mlocked:           13320 kB
Node 0 Dirty:               404 kB
Node 0 Writeback:             0 kB
Node 0 FilePages:        142188 kB
Node 0 Mapped:            19728 kB
Node 0 AnonPages:         30452 kB
Node 0 Shmem:               564 kB
Node 0 KernelStack:        2168 kB
Node 0 PageTables:          596 kB
Node 0 NFS_Unstable:          0 kB
Node 0 Bounce:                0 kB
Node 0 WritebackTmp:          0 kB
Node 0 KReclaimable:      19432 kB
Node 0 Slab:              61744 kB
Node 0 SReclaimable:      19432 kB
Node 0 SUnreclaim:        42312 kB
Node 0 AnonHugePages:         0 kB
Node 0 ShmemHugePages:        0 kB
Node 0 ShmemPmdMapped:        0 kB
Node 0 FileHugePages:        0 kB
Node 0 FilePmdMapped:        0 kB
Node 0 HugePages_Total:     0
Node 0 HugePages_Free:      0
Node 0 HugePages_Surp:      0

Node 1 MemTotal:       24686196 kB
Node 1 MemFree:        23921800 kB
Node 1 MemUsed:          764396 kB
Node 1 Active:            58984 kB
Node 1 Inactive:          75888 kB
Node 1 Active(anon):      13128 kB
Node 1 Inactive(anon):      648 kB
Node 1 Active(file):      45856 kB
Node 1 Inactive(file):    75240 kB
Node 1 Unevictable:        5432 kB
Node 1 Mlocked:            5432 kB
Node 1 Dirty:                60 kB
Node 1 Writeback:             0 kB
Node 1 FilePages:        127376 kB
Node 1 Mapped:            23512 kB
Node 1 AnonPages:         12836 kB
Node 1 Shmem:               848 kB
Node 1 KernelStack:        2584 kB
Node 1 PageTables:          620 kB
Node 1 NFS_Unstable:          0 kB
Node 1 Bounce:                0 kB
Node 1 WritebackTmp:          0 kB
Node 1 KReclaimable:      25320 kB
Node 1 Slab:              63980 kB
Node 1 SReclaimable:      25320 kB
Node 1 SUnreclaim:        38660 kB
Node 1 AnonHugePages:         0 kB
Node 1 ShmemHugePages:        0 kB
Node 1 ShmemPmdMapped:        0 kB
Node 1 FileHugePages:        0 kB
Node 1 FilePmdMapped:        0 kB
Node 1 HugePages_Total:     0
Node 1 HugePages_Free:      0
Node 1 HugePages_Surp:      0

After Opposite Node
Node 0 MemTotal:       24743736 kB
Node 0 MemFree:        24222656 kB
Node 0 MemUsed:          521080 kB
Node 0 Active:            41100 kB
Node 0 Inactive:         118432 kB
Node 0 Active(anon):      20180 kB
Node 0 Inactive(anon):      476 kB
Node 0 Active(file):      20920 kB
Node 0 Inactive(file):   117956 kB
Node 0 Unevictable:       13320 kB
Node 0 Mlocked:           13320 kB
Node 0 Dirty:               412 kB
Node 0 Writeback:             0 kB
Node 0 FilePages:        142244 kB
Node 0 Mapped:            19772 kB
Node 0 AnonPages:         30544 kB
Node 0 Shmem:               608 kB
Node 0 KernelStack:        2184 kB
Node 0 PageTables:          764 kB
Node 0 NFS_Unstable:          0 kB
Node 0 Bounce:                0 kB
Node 0 WritebackTmp:          0 kB
Node 0 KReclaimable:      19464 kB
Node 0 Slab:              61916 kB
Node 0 SReclaimable:      19464 kB
Node 0 SUnreclaim:        42452 kB
Node 0 AnonHugePages:         0 kB
Node 0 ShmemHugePages:        0 kB
Node 0 ShmemPmdMapped:        0 kB
Node 0 FileHugePages:        0 kB
Node 0 FilePmdMapped:        0 kB
Node 0 HugePages_Total:     0
Node 0 HugePages_Free:      0
Node 0 HugePages_Surp:      0

Node 1 MemTotal:       24686196 kB
Node 1 MemFree:        23921756 kB
Node 1 MemUsed:          764440 kB
Node 1 Active:            58984 kB
Node 1 Inactive:          75540 kB
Node 1 Active(anon):      12920 kB
Node 1 Inactive(anon):      500 kB
Node 1 Active(file):      46064 kB
Node 1 Inactive(file):    75040 kB
Node 1 Unevictable:        5432 kB
Node 1 Mlocked:            5432 kB
Node 1 Dirty:                68 kB
Node 1 Writeback:             0 kB
Node 1 FilePages:        127240 kB
Node 1 Mapped:            23588 kB
Node 1 AnonPages:         12716 kB
Node 1 Shmem:               704 kB
Node 1 KernelStack:        2536 kB
Node 1 PageTables:          452 kB
Node 1 NFS_Unstable:          0 kB
Node 1 Bounce:                0 kB
Node 1 WritebackTmp:          0 kB
Node 1 KReclaimable:      25324 kB
Node 1 Slab:              63988 kB
Node 1 SReclaimable:      25324 kB
Node 1 SUnreclaim:        38664 kB
Node 1 AnonHugePages:         0 kB
Node 1 ShmemHugePages:        0 kB
Node 1 ShmemPmdMapped:        0 kB
Node 1 FileHugePages:        0 kB
Node 1 FilePmdMapped:        0 kB
Node 1 HugePages_Total:     0
Node 1 HugePages_Free:      0
Node 1 HugePages_Surp:      0

B.1.fio.250M.3.O Complete!
