kernel.numa_balancing = 0
B.1.fio.4G.3.O
Begin
Node 0 MemTotal:       24743736 kB
Node 0 MemFree:        24458940 kB
Node 0 MemUsed:          284796 kB
Node 0 Active:            56576 kB
Node 0 Inactive:          66952 kB
Node 0 Active(anon):      14248 kB
Node 0 Inactive(anon):      456 kB
Node 0 Active(file):      42328 kB
Node 0 Inactive(file):    66496 kB
Node 0 Unevictable:       17752 kB
Node 0 Mlocked:           17752 kB
Node 0 Dirty:               396 kB
Node 0 Writeback:             0 kB
Node 0 FilePages:        116908 kB
Node 0 Mapped:            23132 kB
Node 0 AnonPages:         24460 kB
Node 0 Shmem:               664 kB
Node 0 KernelStack:        1944 kB
Node 0 PageTables:          564 kB
Node 0 NFS_Unstable:          0 kB
Node 0 Bounce:                0 kB
Node 0 WritebackTmp:          0 kB
Node 0 KReclaimable:      25292 kB
Node 0 Slab:              57044 kB
Node 0 SReclaimable:      25292 kB
Node 0 SUnreclaim:        31752 kB
Node 0 AnonHugePages:         0 kB
Node 0 ShmemHugePages:        0 kB
Node 0 ShmemPmdMapped:        0 kB
Node 0 FileHugePages:        0 kB
Node 0 FilePmdMapped:        0 kB
Node 0 HugePages_Total:     0
Node 0 HugePages_Free:      0
Node 0 HugePages_Surp:      0

Node 1 MemTotal:       24686196 kB
Node 1 MemFree:        24341184 kB
Node 1 MemUsed:          345012 kB
Node 1 Active:            38980 kB
Node 1 Inactive:          41336 kB
Node 1 Active(anon):      19612 kB
Node 1 Inactive(anon):      412 kB
Node 1 Active(file):      19368 kB
Node 1 Inactive(file):    40924 kB
Node 1 Unevictable:         772 kB
Node 1 Mlocked:             772 kB
Node 1 Dirty:               140 kB
Node 1 Writeback:             0 kB
Node 1 FilePages:         61712 kB
Node 1 Mapped:            34008 kB
Node 1 AnonPages:         19448 kB
Node 1 Shmem:               604 kB
Node 1 KernelStack:        1768 kB
Node 1 PageTables:          612 kB
Node 1 NFS_Unstable:          0 kB
Node 1 Bounce:                0 kB
Node 1 WritebackTmp:          0 kB
Node 1 KReclaimable:      17172 kB
Node 1 Slab:              49608 kB
Node 1 SReclaimable:      17172 kB
Node 1 SUnreclaim:        32436 kB
Node 1 AnonHugePages:         0 kB
Node 1 ShmemHugePages:        0 kB
Node 1 ShmemPmdMapped:        0 kB
Node 1 FileHugePages:        0 kB
Node 1 FilePmdMapped:        0 kB
Node 1 HugePages_Total:     0
Node 1 HugePages_Free:      0
Node 1 HugePages_Surp:      0

Load ZFS
Node 0 MemTotal:       24743736 kB
Node 0 MemFree:        24429988 kB
Node 0 MemUsed:          313748 kB
Node 0 Active:            72420 kB
Node 0 Inactive:          79192 kB
Node 0 Active(anon):      28780 kB
Node 0 Inactive(anon):      592 kB
Node 0 Active(file):      43640 kB
Node 0 Inactive(file):    78600 kB
Node 0 Unevictable:       17968 kB
Node 0 Mlocked:           17968 kB
Node 0 Dirty:               172 kB
Node 0 Writeback:             0 kB
Node 0 FilePages:        130420 kB
Node 0 Mapped:            25580 kB
Node 0 AnonPages:         39092 kB
Node 0 Shmem:               760 kB
Node 0 KernelStack:        2180 kB
Node 0 PageTables:         1540 kB
Node 0 NFS_Unstable:          0 kB
Node 0 Bounce:                0 kB
Node 0 WritebackTmp:          0 kB
Node 0 KReclaimable:      26012 kB
Node 0 Slab:              60000 kB
Node 0 SReclaimable:      26012 kB
Node 0 SUnreclaim:        33988 kB
Node 0 AnonHugePages:         0 kB
Node 0 ShmemHugePages:        0 kB
Node 0 ShmemPmdMapped:        0 kB
Node 0 FileHugePages:        0 kB
Node 0 FilePmdMapped:        0 kB
Node 0 HugePages_Total:     0
Node 0 HugePages_Free:      0
Node 0 HugePages_Surp:      0

Node 1 MemTotal:       24686196 kB
Node 1 MemFree:        24223876 kB
Node 1 MemUsed:          462320 kB
Node 1 Active:            51956 kB
Node 1 Inactive:         132536 kB
Node 1 Active(anon):      31440 kB
Node 1 Inactive(anon):      352 kB
Node 1 Active(file):      20516 kB
Node 1 Inactive(file):   132184 kB
Node 1 Unevictable:         772 kB
Node 1 Mlocked:             772 kB
Node 1 Dirty:               428 kB
Node 1 Writeback:             0 kB
Node 1 FilePages:        153980 kB
Node 1 Mapped:            35636 kB
Node 1 AnonPages:         30852 kB
Node 1 Shmem:               508 kB
Node 1 KernelStack:        2168 kB
Node 1 PageTables:         1168 kB
Node 1 NFS_Unstable:          0 kB
Node 1 Bounce:                0 kB
Node 1 WritebackTmp:          0 kB
Node 1 KReclaimable:      18204 kB
Node 1 Slab:              53800 kB
Node 1 SReclaimable:      18204 kB
Node 1 SUnreclaim:        35596 kB
Node 1 AnonHugePages:         0 kB
Node 1 ShmemHugePages:        0 kB
Node 1 ShmemPmdMapped:        0 kB
Node 1 FileHugePages:        0 kB
Node 1 FilePmdMapped:        0 kB
Node 1 HugePages_Total:     0
Node 1 HugePages_Free:      0
Node 1 HugePages_Surp:      0

Import tank ZPool
Node 0 MemTotal:       24743736 kB
Node 0 MemFree:        24430728 kB
Node 0 MemUsed:          313008 kB
Node 0 Active:            71956 kB
Node 0 Inactive:          79192 kB
Node 0 Active(anon):      28316 kB
Node 0 Inactive(anon):      592 kB
Node 0 Active(file):      43640 kB
Node 0 Inactive(file):    78600 kB
Node 0 Unevictable:       17984 kB
Node 0 Mlocked:           17984 kB
Node 0 Dirty:                68 kB
Node 0 Writeback:             0 kB
Node 0 FilePages:        130424 kB
Node 0 Mapped:            25532 kB
Node 0 AnonPages:         38704 kB
Node 0 Shmem:               764 kB
Node 0 KernelStack:        2056 kB
Node 0 PageTables:         1448 kB
Node 0 NFS_Unstable:          0 kB
Node 0 Bounce:                0 kB
Node 0 WritebackTmp:          0 kB
Node 0 KReclaimable:      26028 kB
Node 0 Slab:              60016 kB
Node 0 SReclaimable:      26028 kB
Node 0 SUnreclaim:        33988 kB
Node 0 AnonHugePages:         0 kB
Node 0 ShmemHugePages:        0 kB
Node 0 ShmemPmdMapped:        0 kB
Node 0 FileHugePages:        0 kB
Node 0 FilePmdMapped:        0 kB
Node 0 HugePages_Total:     0
Node 0 HugePages_Free:      0
Node 0 HugePages_Surp:      0

Node 1 MemTotal:       24686196 kB
Node 1 MemFree:        24208088 kB
Node 1 MemUsed:          478108 kB
Node 1 Active:            52184 kB
Node 1 Inactive:         133740 kB
Node 1 Active(anon):      31208 kB
Node 1 Inactive(anon):      356 kB
Node 1 Active(file):      20976 kB
Node 1 Inactive(file):   133384 kB
Node 1 Unevictable:         772 kB
Node 1 Mlocked:             772 kB
Node 1 Dirty:               488 kB
Node 1 Writeback:             0 kB
Node 1 FilePages:        155708 kB
Node 1 Mapped:            35640 kB
Node 1 AnonPages:         30680 kB
Node 1 Shmem:               504 kB
Node 1 KernelStack:        3240 kB
Node 1 PageTables:         1200 kB
Node 1 NFS_Unstable:          0 kB
Node 1 Bounce:                0 kB
Node 1 WritebackTmp:          0 kB
Node 1 KReclaimable:      18304 kB
Node 1 Slab:              60100 kB
Node 1 SReclaimable:      18304 kB
Node 1 SUnreclaim:        41796 kB
Node 1 AnonHugePages:         0 kB
Node 1 ShmemHugePages:        0 kB
Node 1 ShmemPmdMapped:        0 kB
Node 1 FileHugePages:        0 kB
Node 1 FilePmdMapped:        0 kB
Node 1 HugePages_Total:     0
Node 1 HugePages_Free:      0
Node 1 HugePages_Surp:      0

After Test
Node 0 MemTotal:       24743736 kB
Node 0 MemFree:        24330564 kB
Node 0 MemUsed:          413172 kB
Node 0 Active:            57616 kB
Node 0 Inactive:          79180 kB
Node 0 Active(anon):      13176 kB
Node 0 Inactive(anon):      588 kB
Node 0 Active(file):      44440 kB
Node 0 Inactive(file):    78592 kB
Node 0 Unevictable:       17984 kB
Node 0 Mlocked:           17984 kB
Node 0 Dirty:                40 kB
Node 0 Writeback:             0 kB
Node 0 FilePages:        131220 kB
Node 0 Mapped:            23124 kB
Node 0 AnonPages:         23556 kB
Node 0 Shmem:               768 kB
Node 0 KernelStack:        1672 kB
Node 0 PageTables:          504 kB
Node 0 NFS_Unstable:          0 kB
Node 0 Bounce:                0 kB
Node 0 WritebackTmp:          0 kB
Node 0 KReclaimable:      26200 kB
Node 0 Slab:              61356 kB
Node 0 SReclaimable:      26200 kB
Node 0 SUnreclaim:        35156 kB
Node 0 AnonHugePages:         0 kB
Node 0 ShmemHugePages:        0 kB
Node 0 ShmemPmdMapped:        0 kB
Node 0 FileHugePages:        0 kB
Node 0 FilePmdMapped:        0 kB
Node 0 HugePages_Total:     0
Node 0 HugePages_Free:      0
Node 0 HugePages_Surp:      0

Node 1 MemTotal:       24686196 kB
Node 1 MemFree:        19293536 kB
Node 1 MemUsed:         5392660 kB
Node 1 Active:            42556 kB
Node 1 Inactive:         134324 kB
Node 1 Active(anon):      20168 kB
Node 1 Inactive(anon):      380 kB
Node 1 Active(file):      22388 kB
Node 1 Inactive(file):   133944 kB
Node 1 Unevictable:         772 kB
Node 1 Mlocked:             772 kB
Node 1 Dirty:               176 kB
Node 1 Writeback:             0 kB
Node 1 FilePages:        157656 kB
Node 1 Mapped:            34316 kB
Node 1 AnonPages:         19976 kB
Node 1 Shmem:               544 kB
Node 1 KernelStack:        3000 kB
Node 1 PageTables:          748 kB
Node 1 NFS_Unstable:          0 kB
Node 1 Bounce:                0 kB
Node 1 WritebackTmp:          0 kB
Node 1 KReclaimable:      19608 kB
Node 1 Slab:              80372 kB
Node 1 SReclaimable:      19608 kB
Node 1 SUnreclaim:        60764 kB
Node 1 AnonHugePages:         0 kB
Node 1 ShmemHugePages:        0 kB
Node 1 ShmemPmdMapped:        0 kB
Node 1 FileHugePages:        0 kB
Node 1 FilePmdMapped:        0 kB
Node 1 HugePages_Total:     0
Node 1 HugePages_Free:      0
Node 1 HugePages_Surp:      0

After Opposite Node
Node 0 MemTotal:       24743736 kB
Node 0 MemFree:        24329804 kB
Node 0 MemUsed:          413932 kB
Node 0 Active:            57896 kB
Node 0 Inactive:          79232 kB
Node 0 Active(anon):      13452 kB
Node 0 Inactive(anon):      632 kB
Node 0 Active(file):      44444 kB
Node 0 Inactive(file):    78600 kB
Node 0 Unevictable:       17984 kB
Node 0 Mlocked:           17984 kB
Node 0 Dirty:                48 kB
Node 0 Writeback:             0 kB
Node 0 FilePages:        131276 kB
Node 0 Mapped:            23168 kB
Node 0 AnonPages:         23700 kB
Node 0 Shmem:               812 kB
Node 0 KernelStack:        1720 kB
Node 0 PageTables:          676 kB
Node 0 NFS_Unstable:          0 kB
Node 0 Bounce:                0 kB
Node 0 WritebackTmp:          0 kB
Node 0 KReclaimable:      26268 kB
Node 0 Slab:              61532 kB
Node 0 SReclaimable:      26268 kB
Node 0 SUnreclaim:        35264 kB
Node 0 AnonHugePages:         0 kB
Node 0 ShmemHugePages:        0 kB
Node 0 ShmemPmdMapped:        0 kB
Node 0 FileHugePages:        0 kB
Node 0 FilePmdMapped:        0 kB
Node 0 HugePages_Total:     0
Node 0 HugePages_Free:      0
Node 0 HugePages_Surp:      0

Node 1 MemTotal:       24686196 kB
Node 1 MemFree:        19296532 kB
Node 1 MemUsed:         5389664 kB
Node 1 Active:            42588 kB
Node 1 Inactive:         134132 kB
Node 1 Active(anon):      19992 kB
Node 1 Inactive(anon):      352 kB
Node 1 Active(file):      22596 kB
Node 1 Inactive(file):   133780 kB
Node 1 Unevictable:         772 kB
Node 1 Mlocked:             772 kB
Node 1 Dirty:                52 kB
Node 1 Writeback:             0 kB
Node 1 FilePages:        157656 kB
Node 1 Mapped:            34256 kB
Node 1 AnonPages:         19844 kB
Node 1 Shmem:               500 kB
Node 1 KernelStack:        2952 kB
Node 1 PageTables:          572 kB
Node 1 NFS_Unstable:          0 kB
Node 1 Bounce:                0 kB
Node 1 WritebackTmp:          0 kB
Node 1 KReclaimable:      19640 kB
Node 1 Slab:              80584 kB
Node 1 SReclaimable:      19640 kB
Node 1 SUnreclaim:        60944 kB
Node 1 AnonHugePages:         0 kB
Node 1 ShmemHugePages:        0 kB
Node 1 ShmemPmdMapped:        0 kB
Node 1 FileHugePages:        0 kB
Node 1 FilePmdMapped:        0 kB
Node 1 HugePages_Total:     0
Node 1 HugePages_Free:      0
Node 1 HugePages_Surp:      0

B.1.fio.4G.3.O Complete!
