Fio Node 0 pages
55fc59d37000 bind:1 file=/usr/bin/dash mapped=19 mapmax=3 N0=19 kernelpagesize_kB=4
55fc59d4a000 bind:1 file=/usr/bin/dash mapped=6 mapmax=3 N0=6 kernelpagesize_kB=4
Fio Node 1 pages
55fc59d50000 bind:1 file=/usr/bin/dash anon=2 dirty=2 mapmax=2 N1=2 kernelpagesize_kB=4
55fc59d52000 bind:1 file=/usr/bin/dash anon=1 dirty=1 N1=1 kernelpagesize_kB=4
55fc59d53000 bind:1 anon=1 dirty=1 N1=1 kernelpagesize_kB=4
55fc5a449000 bind:1 heap anon=2 dirty=2 mapmax=2 N1=2 kernelpagesize_kB=4
7fdaa6028000 bind:1 file=/usr/lib/x86_64-linux-gnu/libc-2.31.so mapped=128 mapmax=26 N1=128 kernelpagesize_kB=4
7fdaa61a0000 bind:1 file=/usr/lib/x86_64-linux-gnu/libc-2.31.so mapped=32 mapmax=25 N1=32 kernelpagesize_kB=4
7fdaa61eb000 bind:1 file=/usr/lib/x86_64-linux-gnu/libc-2.31.so anon=3 dirty=3 mapmax=2 N1=3 kernelpagesize_kB=4
7fdaa61ee000 bind:1 file=/usr/lib/x86_64-linux-gnu/libc-2.31.so anon=3 dirty=3 mapmax=2 N1=3 kernelpagesize_kB=4
7fdaa61f1000 bind:1 anon=6 dirty=6 mapmax=2 N1=6 kernelpagesize_kB=4
7fdaa622e000 bind:1 file=/usr/lib/x86_64-linux-gnu/ld-2.31.so anon=1 dirty=1 mapmax=2 N1=1 kernelpagesize_kB=4
7fdaa622f000 bind:1 file=/usr/lib/x86_64-linux-gnu/ld-2.31.so anon=1 dirty=1 N1=1 kernelpagesize_kB=4
7fdaa6230000 bind:1 anon=1 dirty=1 mapmax=2 N1=1 kernelpagesize_kB=4
7ffd39d2c000 bind:1 stack anon=3 dirty=3 mapmax=2 N1=3 kernelpagesize_kB=4
Fio Node 0 pages
7f6dc90ec000 bind:1 file=/usr/lib/x86_64-linux-gnu/libaio.so.1.0.1 mapped=1 mapmax=2 N0=1 kernelpagesize_kB=4
7f6dc9297000 bind:1 file=/usr/lib/x86_64-linux-gnu/libz.so.1.2.11 mapped=2 mapmax=8 N0=2 kernelpagesize_kB=4
7f6dc92be000 bind:1 file=/usr/lib/x86_64-linux-gnu/libnuma.so.1.0.0 mapped=3 mapmax=2 N0=3 kernelpagesize_kB=4
Fio Node 1 pages
55a2e3f8c000 bind:1 file=/usr/local/bin/fio mapped=24 active=1 N1=24 kernelpagesize_kB=4
55a2e3fa4000 bind:1 file=/usr/local/bin/fio mapped=68 N1=68 kernelpagesize_kB=4
55a2e4029000 bind:1 file=/usr/local/bin/fio mapped=23 active=19 N1=23 kernelpagesize_kB=4
55a2e4050000 bind:1 file=/usr/local/bin/fio anon=2 dirty=2 N1=2 kernelpagesize_kB=4
55a2e4052000 bind:1 file=/usr/local/bin/fio anon=112 dirty=112 mapped=116 active=112 N1=116 kernelpagesize_kB=4
55a2e412e000 bind:1 anon=2 dirty=2 N1=2 kernelpagesize_kB=4
55a2e4461000 bind:1 heap anon=4 dirty=4 N1=4 kernelpagesize_kB=4
7f6dc8ef8000 bind:1 anon=2 dirty=2 N1=2 kernelpagesize_kB=4
7f6dc8efa000 bind:1 file=/usr/lib/x86_64-linux-gnu/libc-2.31.so mapped=37 mapmax=25 N1=37 kernelpagesize_kB=4
7f6dc8f1f000 bind:1 file=/usr/lib/x86_64-linux-gnu/libc-2.31.so mapped=289 mapmax=25 N1=289 kernelpagesize_kB=4
7f6dc9097000 bind:1 file=/usr/lib/x86_64-linux-gnu/libc-2.31.so mapped=41 mapmax=24 N1=41 kernelpagesize_kB=4
7f6dc90e2000 bind:1 file=/usr/lib/x86_64-linux-gnu/libc-2.31.so anon=3 dirty=3 N1=3 kernelpagesize_kB=4
7f6dc90e5000 bind:1 file=/usr/lib/x86_64-linux-gnu/libc-2.31.so anon=3 dirty=3 N1=3 kernelpagesize_kB=4
7f6dc90e8000 bind:1 anon=4 dirty=4 N1=4 kernelpagesize_kB=4
7f6dc90ef000 bind:1 file=/usr/lib/x86_64-linux-gnu/libaio.so.1.0.1 anon=1 dirty=1 N1=1 kernelpagesize_kB=4
7f6dc90f0000 bind:1 file=/usr/lib/x86_64-linux-gnu/libaio.so.1.0.1 anon=1 dirty=1 N1=1 kernelpagesize_kB=4
7f6dc90f1000 bind:1 file=/usr/lib/x86_64-linux-gnu/libdl-2.31.so mapped=1 mapmax=20 N1=1 kernelpagesize_kB=4
7f6dc90f2000 bind:1 file=/usr/lib/x86_64-linux-gnu/libdl-2.31.so mapped=2 mapmax=19 N1=2 kernelpagesize_kB=4
7f6dc90f5000 bind:1 file=/usr/lib/x86_64-linux-gnu/libdl-2.31.so anon=1 dirty=1 N1=1 kernelpagesize_kB=4
7f6dc90f6000 bind:1 file=/usr/lib/x86_64-linux-gnu/libdl-2.31.so anon=1 dirty=1 N1=1 kernelpagesize_kB=4
7f6dc90f7000 bind:1 anon=2 dirty=2 N1=2 kernelpagesize_kB=4
7f6dc90f9000 bind:1 file=/usr/lib/x86_64-linux-gnu/libmvec-2.31.so mapped=2 active=1 N1=2 kernelpagesize_kB=4
7f6dc90fb000 bind:1 file=/usr/lib/x86_64-linux-gnu/libmvec-2.31.so mapped=12 active=0 N1=12 kernelpagesize_kB=4
7f6dc9123000 bind:1 file=/usr/lib/x86_64-linux-gnu/libmvec-2.31.so anon=1 dirty=1 N1=1 kernelpagesize_kB=4
7f6dc9124000 bind:1 file=/usr/lib/x86_64-linux-gnu/libmvec-2.31.so anon=1 dirty=1 N1=1 kernelpagesize_kB=4
7f6dc9125000 bind:1 file=/usr/lib/x86_64-linux-gnu/libm-2.31.so mapped=15 mapmax=12 N1=15 kernelpagesize_kB=4
7f6dc9134000 bind:1 file=/usr/lib/x86_64-linux-gnu/libm-2.31.so mapped=76 mapmax=12 N1=76 kernelpagesize_kB=4
7f6dc9272000 bind:1 file=/usr/lib/x86_64-linux-gnu/libm-2.31.so anon=1 dirty=1 N1=1 kernelpagesize_kB=4
7f6dc9273000 bind:1 file=/usr/lib/x86_64-linux-gnu/libm-2.31.so anon=1 dirty=1 N1=1 kernelpagesize_kB=4
7f6dc9274000 bind:1 file=/usr/lib/x86_64-linux-gnu/libpthread-2.31.so mapped=7 mapmax=22 N1=7 kernelpagesize_kB=4
7f6dc927b000 bind:1 file=/usr/lib/x86_64-linux-gnu/libpthread-2.31.so mapped=17 mapmax=22 N1=17 kernelpagesize_kB=4
7f6dc9291000 bind:1 file=/usr/lib/x86_64-linux-gnu/libpthread-2.31.so anon=1 dirty=1 N1=1 kernelpagesize_kB=4
7f6dc9292000 bind:1 file=/usr/lib/x86_64-linux-gnu/libpthread-2.31.so anon=1 dirty=1 N1=1 kernelpagesize_kB=4
7f6dc9293000 bind:1 anon=1 dirty=1 N1=1 kernelpagesize_kB=4
7f6dc92b1000 bind:1 file=/usr/lib/x86_64-linux-gnu/libz.so.1.2.11 anon=1 dirty=1 N1=1 kernelpagesize_kB=4
7f6dc92b2000 bind:1 file=/usr/lib/x86_64-linux-gnu/libz.so.1.2.11 anon=1 dirty=1 N1=1 kernelpagesize_kB=4
7f6dc92b3000 bind:1 file=/usr/lib/x86_64-linux-gnu/librt-2.31.so mapped=3 mapmax=17 N1=3 kernelpagesize_kB=4
7f6dc92b6000 bind:1 file=/usr/lib/x86_64-linux-gnu/librt-2.31.so mapped=4 mapmax=17 N1=4 kernelpagesize_kB=4
7f6dc92bc000 bind:1 file=/usr/lib/x86_64-linux-gnu/librt-2.31.so anon=1 dirty=1 N1=1 kernelpagesize_kB=4
7f6dc92bd000 bind:1 file=/usr/lib/x86_64-linux-gnu/librt-2.31.so anon=1 dirty=1 N1=1 kernelpagesize_kB=4
7f6dc92c9000 bind:1 file=/usr/lib/x86_64-linux-gnu/libnuma.so.1.0.0 anon=1 dirty=1 N1=1 kernelpagesize_kB=4
7f6dc92ca000 bind:1 file=/usr/lib/x86_64-linux-gnu/libnuma.so.1.0.0 anon=1 dirty=1 N1=1 kernelpagesize_kB=4
7f6dc92cb000 bind:1 anon=2 dirty=2 N1=2 kernelpagesize_kB=4
7f6dc92d6000 bind:1 file=/dev/zero\040(deleted) dirty=1 active=0 N1=1 kernelpagesize_kB=4
7f6dc92d7000 bind:1 file=/usr/lib/x86_64-linux-gnu/ld-2.31.so mapped=1 mapmax=25 N1=1 kernelpagesize_kB=4
7f6dc92d8000 bind:1 file=/usr/lib/x86_64-linux-gnu/ld-2.31.so mapped=35 mapmax=25 N1=35 kernelpagesize_kB=4
7f6dc92fb000 bind:1 file=/usr/lib/x86_64-linux-gnu/ld-2.31.so mapped=8 mapmax=25 N1=8 kernelpagesize_kB=4
7f6dc9303000 bind:1 file=/dev/zero\040(deleted) dirty=1 active=0 N1=1 kernelpagesize_kB=4
7f6dc9304000 bind:1 file=/usr/lib/x86_64-linux-gnu/ld-2.31.so anon=1 dirty=1 N1=1 kernelpagesize_kB=4
7f6dc9305000 bind:1 file=/usr/lib/x86_64-linux-gnu/ld-2.31.so anon=1 dirty=1 N1=1 kernelpagesize_kB=4
7f6dc9306000 bind:1 anon=1 dirty=1 N1=1 kernelpagesize_kB=4
7fffcfe86000 bind:1 stack anon=3 dirty=3 N1=3 kernelpagesize_kB=4
B.1.fio.8G.1.O
Begin
Node 0 MemTotal:       24768352 kB
Node 0 MemFree:        24481340 kB
Node 0 MemUsed:          287012 kB
Node 0 Active:            26392 kB
Node 0 Inactive:          52512 kB
Node 0 Active(anon):      11008 kB
Node 0 Inactive(anon):      408 kB
Node 0 Active(file):      15384 kB
Node 0 Inactive(file):    52104 kB
Node 0 Unevictable:         896 kB
Node 0 Mlocked:             896 kB
Node 0 Dirty:                24 kB
Node 0 Writeback:             0 kB
Node 0 FilePages:         69120 kB
Node 0 Mapped:             8952 kB
Node 0 AnonPages:         10908 kB
Node 0 Shmem:               584 kB
Node 0 KernelStack:        2184 kB
Node 0 PageTables:          360 kB
Node 0 NFS_Unstable:          0 kB
Node 0 Bounce:                0 kB
Node 0 WritebackTmp:          0 kB
Node 0 KReclaimable:      21524 kB
Node 0 Slab:              54996 kB
Node 0 SReclaimable:      21524 kB
Node 0 SUnreclaim:        33472 kB
Node 0 AnonHugePages:         0 kB
Node 0 ShmemHugePages:        0 kB
Node 0 ShmemPmdMapped:        0 kB
Node 0 FileHugePages:        0 kB
Node 0 FilePmdMapped:        0 kB
Node 0 HugePages_Total:     0
Node 0 HugePages_Free:      0
Node 0 HugePages_Surp:      0

Node 1 MemTotal:       24661580 kB
Node 1 MemFree:        24331764 kB
Node 1 MemUsed:          329816 kB
Node 1 Active:            67476 kB
Node 1 Inactive:          45480 kB
Node 1 Active(anon):      22824 kB
Node 1 Inactive(anon):      480 kB
Node 1 Active(file):      44652 kB
Node 1 Inactive(file):    45000 kB
Node 1 Unevictable:       17628 kB
Node 1 Mlocked:           17628 kB
Node 1 Dirty:               156 kB
Node 1 Writeback:             0 kB
Node 1 FilePages:         97632 kB
Node 1 Mapped:            44816 kB
Node 1 AnonPages:         33068 kB
Node 1 Shmem:               684 kB
Node 1 KernelStack:        1432 kB
Node 1 PageTables:          744 kB
Node 1 NFS_Unstable:          0 kB
Node 1 Bounce:                0 kB
Node 1 WritebackTmp:          0 kB
Node 1 KReclaimable:      19816 kB
Node 1 Slab:              50660 kB
Node 1 SReclaimable:      19816 kB
Node 1 SUnreclaim:        30844 kB
Node 1 AnonHugePages:         0 kB
Node 1 ShmemHugePages:        0 kB
Node 1 ShmemPmdMapped:        0 kB
Node 1 FileHugePages:        0 kB
Node 1 FilePmdMapped:        0 kB
Node 1 HugePages_Total:     0
Node 1 HugePages_Free:      0
Node 1 HugePages_Surp:      0

Load ZFS
Node 0 MemTotal:       24768352 kB
Node 0 MemFree:        24288620 kB
Node 0 MemUsed:          479732 kB
Node 0 Active:            44624 kB
Node 0 Inactive:         153620 kB
Node 0 Active(anon):      27640 kB
Node 0 Inactive(anon):      504 kB
Node 0 Active(file):      16984 kB
Node 0 Inactive(file):   153116 kB
Node 0 Unevictable:         896 kB
Node 0 Mlocked:             896 kB
Node 0 Dirty:                40 kB
Node 0 Writeback:             0 kB
Node 0 FilePages:        171676 kB
Node 0 Mapped:             9380 kB
Node 0 AnonPages:         27616 kB
Node 0 Shmem:               680 kB
Node 0 KernelStack:        2676 kB
Node 0 PageTables:         1424 kB
Node 0 NFS_Unstable:          0 kB
Node 0 Bounce:                0 kB
Node 0 WritebackTmp:          0 kB
Node 0 KReclaimable:      22476 kB
Node 0 Slab:              58996 kB
Node 0 SReclaimable:      22476 kB
Node 0 SUnreclaim:        36520 kB
Node 0 AnonHugePages:         0 kB
Node 0 ShmemHugePages:        0 kB
Node 0 ShmemPmdMapped:        0 kB
Node 0 FileHugePages:        0 kB
Node 0 FilePmdMapped:        0 kB
Node 0 HugePages_Total:     0
Node 0 HugePages_Free:      0
Node 0 HugePages_Surp:      0

Node 1 MemTotal:       24661580 kB
Node 1 MemFree:        24379768 kB
Node 1 MemUsed:          281812 kB
Node 1 Active:            78984 kB
Node 1 Inactive:          47780 kB
Node 1 Active(anon):      33344 kB
Node 1 Inactive(anon):      440 kB
Node 1 Active(file):      45640 kB
Node 1 Inactive(file):    47340 kB
Node 1 Unevictable:       17844 kB
Node 1 Mlocked:           17844 kB
Node 1 Dirty:               432 kB
Node 1 Writeback:             0 kB
Node 1 FilePages:        100864 kB
Node 1 Mapped:            48120 kB
Node 1 AnonPages:         43888 kB
Node 1 Shmem:               588 kB
Node 1 KernelStack:        1680 kB
Node 1 PageTables:         1276 kB
Node 1 NFS_Unstable:          0 kB
Node 1 Bounce:                0 kB
Node 1 WritebackTmp:          0 kB
Node 1 KReclaimable:      20700 kB
Node 1 Slab:              52888 kB
Node 1 SReclaimable:      20700 kB
Node 1 SUnreclaim:        32188 kB
Node 1 AnonHugePages:         0 kB
Node 1 ShmemHugePages:        0 kB
Node 1 ShmemPmdMapped:        0 kB
Node 1 FileHugePages:        0 kB
Node 1 FilePmdMapped:        0 kB
Node 1 HugePages_Total:     0
Node 1 HugePages_Free:      0
Node 1 HugePages_Surp:      0

Import tank ZPool
Node 0 MemTotal:       24768352 kB
Node 0 MemFree:        24286308 kB
Node 0 MemUsed:          482044 kB
Node 0 Active:            30636 kB
Node 0 Inactive:         154748 kB
Node 0 Active(anon):      13252 kB
Node 0 Inactive(anon):      512 kB
Node 0 Active(file):      17384 kB
Node 0 Inactive(file):   154236 kB
Node 0 Unevictable:         896 kB
Node 0 Mlocked:             896 kB
Node 0 Dirty:                16 kB
Node 0 Writeback:             0 kB
Node 0 FilePages:        173208 kB
Node 0 Mapped:             9156 kB
Node 0 AnonPages:         12560 kB
Node 0 Shmem:               688 kB
Node 0 KernelStack:        3416 kB
Node 0 PageTables:          660 kB
Node 0 NFS_Unstable:          0 kB
Node 0 Bounce:                0 kB
Node 0 WritebackTmp:          0 kB
Node 0 KReclaimable:      22596 kB
Node 0 Slab:              65600 kB
Node 0 SReclaimable:      22596 kB
Node 0 SUnreclaim:        43004 kB
Node 0 AnonHugePages:         0 kB
Node 0 ShmemHugePages:        0 kB
Node 0 ShmemPmdMapped:        0 kB
Node 0 FileHugePages:        0 kB
Node 0 FilePmdMapped:        0 kB
Node 0 HugePages_Total:     0
Node 0 HugePages_Free:      0
Node 0 HugePages_Surp:      0

Node 1 MemTotal:       24661580 kB
Node 1 MemFree:        24390456 kB
Node 1 MemUsed:          271124 kB
Node 1 Active:            67540 kB
Node 1 Inactive:          47148 kB
Node 1 Active(anon):      21256 kB
Node 1 Inactive(anon):      436 kB
Node 1 Active(file):      46284 kB
Node 1 Inactive(file):    46712 kB
Node 1 Unevictable:       17860 kB
Node 1 Mlocked:           17860 kB
Node 1 Dirty:                24 kB
Node 1 Writeback:             0 kB
Node 1 FilePages:        100888 kB
Node 1 Mapped:            45228 kB
Node 1 AnonPages:         31676 kB
Node 1 Shmem:               580 kB
Node 1 KernelStack:        1400 kB
Node 1 PageTables:          828 kB
Node 1 NFS_Unstable:          0 kB
Node 1 Bounce:                0 kB
Node 1 WritebackTmp:          0 kB
Node 1 KReclaimable:      20700 kB
Node 1 Slab:              53196 kB
Node 1 SReclaimable:      20700 kB
Node 1 SUnreclaim:        32496 kB
Node 1 AnonHugePages:         0 kB
Node 1 ShmemHugePages:        0 kB
Node 1 ShmemPmdMapped:        0 kB
Node 1 FileHugePages:        0 kB
Node 1 FilePmdMapped:        0 kB
Node 1 HugePages_Total:     0
Node 1 HugePages_Free:      0
Node 1 HugePages_Surp:      0

After Test
Node 0 MemTotal:       24768352 kB
Node 0 MemFree:        15345628 kB
Node 0 MemUsed:         9422724 kB
Node 0 Active:            30016 kB
Node 0 Inactive:         154528 kB
Node 0 Active(anon):      12228 kB
Node 0 Inactive(anon):      512 kB
Node 0 Active(file):      17788 kB
Node 0 Inactive(file):   154016 kB
Node 0 Unevictable:         896 kB
Node 0 Mlocked:             896 kB
Node 0 Dirty:                28 kB
Node 0 Writeback:             0 kB
Node 0 FilePages:        173388 kB
Node 0 Mapped:             8952 kB
Node 0 AnonPages:         12052 kB
Node 0 Shmem:               688 kB
Node 0 KernelStack:        3240 kB
Node 0 PageTables:          372 kB
Node 0 NFS_Unstable:          0 kB
Node 0 Bounce:                0 kB
Node 0 WritebackTmp:          0 kB
Node 0 KReclaimable:      22692 kB
Node 0 Slab:              69332 kB
Node 0 SReclaimable:      22692 kB
Node 0 SUnreclaim:        46640 kB
Node 0 AnonHugePages:         0 kB
Node 0 ShmemHugePages:        0 kB
Node 0 ShmemPmdMapped:        0 kB
Node 0 FileHugePages:        0 kB
Node 0 FilePmdMapped:        0 kB
Node 0 HugePages_Total:     0
Node 0 HugePages_Free:      0
Node 0 HugePages_Surp:      0
Fio Node 0 pages
5627a9674000 bind:0 file=/usr/bin/dash mapped=19 mapmax=3 N0=19 kernelpagesize_kB=4
5627a9687000 bind:0 file=/usr/bin/dash mapped=6 mapmax=3 N0=6 kernelpagesize_kB=4
5627a968d000 bind:0 file=/usr/bin/dash anon=2 dirty=2 mapmax=2 N0=2 kernelpagesize_kB=4
5627a968f000 bind:0 file=/usr/bin/dash anon=1 dirty=1 N0=1 kernelpagesize_kB=4
5627a9690000 bind:0 anon=1 dirty=1 N0=1 kernelpagesize_kB=4
5627a98cd000 bind:0 heap anon=2 dirty=2 mapmax=2 N0=2 kernelpagesize_kB=4
7f92dec25000 bind:0 file=/usr/lib/x86_64-linux-gnu/libc-2.31.so anon=3 dirty=3 mapmax=2 N0=3 kernelpagesize_kB=4
7f92dec28000 bind:0 file=/usr/lib/x86_64-linux-gnu/libc-2.31.so anon=3 dirty=3 mapmax=2 N0=3 kernelpagesize_kB=4
7f92dec2b000 bind:0 anon=6 dirty=6 mapmax=2 N0=6 kernelpagesize_kB=4
7f92dec68000 bind:0 file=/usr/lib/x86_64-linux-gnu/ld-2.31.so anon=1 dirty=1 mapmax=2 N0=1 kernelpagesize_kB=4
7f92dec69000 bind:0 file=/usr/lib/x86_64-linux-gnu/ld-2.31.so anon=1 dirty=1 N0=1 kernelpagesize_kB=4
7f92dec6a000 bind:0 anon=1 dirty=1 mapmax=2 N0=1 kernelpagesize_kB=4
7ffce67ba000 bind:0 stack anon=3 dirty=3 mapmax=2 N0=3 kernelpagesize_kB=4
Fio Node 1 pages
7f92dea62000 bind:0 file=/usr/lib/x86_64-linux-gnu/libc-2.31.so mapped=112 mapmax=25 N1=112 kernelpagesize_kB=4
7f92debda000 bind:0 file=/usr/lib/x86_64-linux-gnu/libc-2.31.so mapped=22 mapmax=24 N1=22 kernelpagesize_kB=4
Fio Node 0 pages
55ef09ef3000 bind:0 file=/usr/local/bin/fio anon=2 dirty=2 mapped=17 active=4 N0=2 N1=15 kernelpagesize_kB=4
7f52981da000 bind:0 anon=2 dirty=2 N0=2 kernelpagesize_kB=4
7f52983c4000 bind:0 file=/usr/lib/x86_64-linux-gnu/libc-2.31.so anon=3 dirty=3 N0=3 kernelpagesize_kB=4
7f52983c7000 bind:0 file=/usr/lib/x86_64-linux-gnu/libc-2.31.so anon=3 dirty=3 N0=3 kernelpagesize_kB=4
7f52983ce000 bind:0 file=/usr/lib/x86_64-linux-gnu/libaio.so.1.0.1 mapped=1 mapmax=2 N0=1 kernelpagesize_kB=4
7f52983d1000 bind:0 file=/usr/lib/x86_64-linux-gnu/libaio.so.1.0.1 anon=2 dirty=2 N0=2 kernelpagesize_kB=4
7f52983d7000 bind:0 file=/usr/lib/x86_64-linux-gnu/libdl-2.31.so anon=2 dirty=2 N0=2 kernelpagesize_kB=4
7f52983d9000 bind:0 anon=2 dirty=2 N0=2 kernelpagesize_kB=4
7f5298405000 bind:0 file=/usr/lib/x86_64-linux-gnu/libmvec-2.31.so anon=2 dirty=2 N0=2 kernelpagesize_kB=4
7f5298554000 bind:0 file=/usr/lib/x86_64-linux-gnu/libm-2.31.so anon=2 dirty=2 N0=2 kernelpagesize_kB=4
7f5298573000 bind:0 file=/usr/lib/x86_64-linux-gnu/libpthread-2.31.so anon=2 dirty=2 N0=2 kernelpagesize_kB=4
7f5298579000 bind:0 file=/usr/lib/x86_64-linux-gnu/libz.so.1.2.11 mapped=2 mapmax=8 N0=2 kernelpagesize_kB=4
7f5298593000 bind:0 file=/usr/lib/x86_64-linux-gnu/libz.so.1.2.11 anon=2 dirty=2 N0=2 kernelpagesize_kB=4
7f529859e000 bind:0 file=/usr/lib/x86_64-linux-gnu/librt-2.31.so anon=2 dirty=2 N0=2 kernelpagesize_kB=4
7f52985a0000 bind:0 file=/usr/lib/x86_64-linux-gnu/libnuma.so.1.0.0 mapped=3 mapmax=2 N0=3 kernelpagesize_kB=4
7f52985ab000 bind:0 file=/usr/lib/x86_64-linux-gnu/libnuma.so.1.0.0 anon=2 dirty=2 N0=2 kernelpagesize_kB=4
7f52985ad000 bind:0 anon=2 dirty=2 N0=2 kernelpagesize_kB=4
7f52985e6000 bind:0 file=/usr/lib/x86_64-linux-gnu/ld-2.31.so anon=2 dirty=2 N0=2 kernelpagesize_kB=4
7f52985e8000 bind:0 anon=1 dirty=1 N0=1 kernelpagesize_kB=4
7ffe9d9f2000 bind:0 stack anon=2 dirty=2 N0=2 kernelpagesize_kB=4
Fio Node 1 pages
55ef09e2f000 bind:0 file=/usr/local/bin/fio mapped=24 N1=24 kernelpagesize_kB=4
55ef09e47000 bind:0 file=/usr/local/bin/fio mapped=67 N1=67 kernelpagesize_kB=4
55ef09ecc000 bind:0 file=/usr/local/bin/fio mapped=20 N1=20 kernelpagesize_kB=4
55ef09ef5000 bind:0 file=/usr/local/bin/fio anon=111 dirty=111 mapped=115 active=113 N0=111 N1=4 kernelpagesize_kB=4
7f52981dc000 bind:0 file=/usr/lib/x86_64-linux-gnu/libc-2.31.so mapped=37 mapmax=25 N1=37 kernelpagesize_kB=4
7f5298201000 bind:0 file=/usr/lib/x86_64-linux-gnu/libc-2.31.so mapped=271 mapmax=25 N1=271 kernelpagesize_kB=4
7f5298379000 bind:0 file=/usr/lib/x86_64-linux-gnu/libc-2.31.so mapped=39 mapmax=25 N1=39 kernelpagesize_kB=4
7f52983d3000 bind:0 file=/usr/lib/x86_64-linux-gnu/libdl-2.31.so mapped=1 mapmax=20 N1=1 kernelpagesize_kB=4
7f52983d4000 bind:0 file=/usr/lib/x86_64-linux-gnu/libdl-2.31.so mapped=2 mapmax=20 N1=2 kernelpagesize_kB=4
7f52983db000 bind:0 file=/usr/lib/x86_64-linux-gnu/libmvec-2.31.so mapped=2 N1=2 kernelpagesize_kB=4
7f52983dd000 bind:0 file=/usr/lib/x86_64-linux-gnu/libmvec-2.31.so mapped=12 N1=12 kernelpagesize_kB=4
7f5298407000 bind:0 file=/usr/lib/x86_64-linux-gnu/libm-2.31.so mapped=15 mapmax=12 N1=15 kernelpagesize_kB=4
7f5298416000 bind:0 file=/usr/lib/x86_64-linux-gnu/libm-2.31.so mapped=74 mapmax=12 N1=74 kernelpagesize_kB=4
7f5298556000 bind:0 file=/usr/lib/x86_64-linux-gnu/libpthread-2.31.so mapped=7 mapmax=22 N1=7 kernelpagesize_kB=4
7f529855d000 bind:0 file=/usr/lib/x86_64-linux-gnu/libpthread-2.31.so mapped=17 mapmax=22 N1=17 kernelpagesize_kB=4
7f5298595000 bind:0 file=/usr/lib/x86_64-linux-gnu/librt-2.31.so mapped=3 mapmax=17 N1=3 kernelpagesize_kB=4
7f5298598000 bind:0 file=/usr/lib/x86_64-linux-gnu/librt-2.31.so mapped=4 mapmax=17 N1=4 kernelpagesize_kB=4
7f52985b9000 bind:0 file=/usr/lib/x86_64-linux-gnu/ld-2.31.so mapped=1 mapmax=25 N1=1 kernelpagesize_kB=4
7f52985ba000 bind:0 file=/usr/lib/x86_64-linux-gnu/ld-2.31.so mapped=35 mapmax=25 N1=35 kernelpagesize_kB=4
7f52985dd000 bind:0 file=/usr/lib/x86_64-linux-gnu/ld-2.31.so mapped=8 mapmax=25 N1=8 kernelpagesize_kB=4

Node 1 MemTotal:       24661580 kB
Node 1 MemFree:        24085656 kB
Node 1 MemUsed:          575924 kB
Node 1 Active:            68424 kB
Node 1 Inactive:          48356 kB
Node 1 Active(anon):      21268 kB
Node 1 Inactive(anon):      464 kB
Node 1 Active(file):      47156 kB
Node 1 Inactive(file):    47892 kB
Node 1 Unevictable:       17860 kB
Node 1 Mlocked:           17860 kB
Node 1 Dirty:               120 kB
Node 1 Writeback:             0 kB
Node 1 FilePages:        102976 kB
Node 1 Mapped:            45132 kB
Node 1 AnonPages:         31536 kB
Node 1 Shmem:               624 kB
Node 1 KernelStack:        1352 kB
Node 1 PageTables:          788 kB
Node 1 NFS_Unstable:          0 kB
Node 1 Bounce:                0 kB
Node 1 WritebackTmp:          0 kB
Node 1 KReclaimable:      22004 kB
Node 1 Slab:              85748 kB
Node 1 SReclaimable:      22004 kB
Node 1 SUnreclaim:        63744 kB
Node 1 AnonHugePages:         0 kB
Node 1 ShmemHugePages:        0 kB
Node 1 ShmemPmdMapped:        0 kB
Node 1 FileHugePages:        0 kB
Node 1 FilePmdMapped:        0 kB
Node 1 HugePages_Total:     0
Node 1 HugePages_Free:      0
Node 1 HugePages_Surp:      0

After Opposite Node
Node 0 MemTotal:       24768352 kB
Node 0 MemFree:        15341604 kB
Node 0 MemUsed:         9426748 kB
Node 0 Active:            30256 kB
Node 0 Inactive:         154564 kB
Node 0 Active(anon):      12440 kB
Node 0 Inactive(anon):      548 kB
Node 0 Active(file):      17816 kB
Node 0 Inactive(file):   154016 kB
Node 0 Unevictable:         896 kB
Node 0 Mlocked:             896 kB
Node 0 Dirty:                24 kB
Node 0 Writeback:             0 kB
Node 0 FilePages:        173460 kB
Node 0 Mapped:             8996 kB
Node 0 AnonPages:         12116 kB
Node 0 Shmem:               732 kB
Node 0 KernelStack:        3256 kB
Node 0 PageTables:          484 kB
Node 0 NFS_Unstable:          0 kB
Node 0 Bounce:                0 kB
Node 0 WritebackTmp:          0 kB
Node 0 KReclaimable:      22752 kB
Node 0 Slab:              70688 kB
Node 0 SReclaimable:      22752 kB
Node 0 SUnreclaim:        47936 kB
Node 0 AnonHugePages:         0 kB
Node 0 ShmemHugePages:        0 kB
Node 0 ShmemPmdMapped:        0 kB
Node 0 FileHugePages:        0 kB
Node 0 FilePmdMapped:        0 kB
Node 0 HugePages_Total:     0
Node 0 HugePages_Free:      0
Node 0 HugePages_Surp:      0

Node 1 MemTotal:       24661580 kB
Node 1 MemFree:        24090848 kB
Node 1 MemUsed:          570732 kB
Node 1 Active:            68400 kB
Node 1 Inactive:          48176 kB
Node 1 Active(anon):      21064 kB
Node 1 Inactive(anon):      428 kB
Node 1 Active(file):      47336 kB
Node 1 Inactive(file):    47748 kB
Node 1 Unevictable:       17860 kB
Node 1 Mlocked:           17860 kB
Node 1 Dirty:                36 kB
Node 1 Writeback:             0 kB
Node 1 FilePages:        102976 kB
Node 1 Mapped:            45140 kB
Node 1 AnonPages:         31472 kB
Node 1 Shmem:               580 kB
Node 1 KernelStack:        1320 kB
Node 1 PageTables:          676 kB
Node 1 NFS_Unstable:          0 kB
Node 1 Bounce:                0 kB
Node 1 WritebackTmp:          0 kB
Node 1 KReclaimable:      22008 kB
Node 1 Slab:              84852 kB
Node 1 SReclaimable:      22008 kB
Node 1 SUnreclaim:        62844 kB
Node 1 AnonHugePages:         0 kB
Node 1 ShmemHugePages:        0 kB
Node 1 ShmemPmdMapped:        0 kB
Node 1 FileHugePages:        0 kB
Node 1 FilePmdMapped:        0 kB
Node 1 HugePages_Total:     0
Node 1 HugePages_Free:      0
Node 1 HugePages_Surp:      0

B.1.fio.8G.1.O Complete!
