Fio Node 0 pages
Fio Node 1 pages
561609905000 bind:1 file=/usr/bin/dash mapped=19 mapmax=3 N1=19 kernelpagesize_kB=4
561609918000 bind:1 file=/usr/bin/dash mapped=6 mapmax=3 N1=6 kernelpagesize_kB=4
56160991e000 bind:1 file=/usr/bin/dash anon=2 dirty=2 mapmax=2 N1=2 kernelpagesize_kB=4
561609920000 bind:1 file=/usr/bin/dash anon=1 dirty=1 N1=1 kernelpagesize_kB=4
561609921000 bind:1 anon=1 dirty=1 N1=1 kernelpagesize_kB=4
56160a0f6000 bind:1 heap anon=2 dirty=2 mapmax=2 N1=2 kernelpagesize_kB=4
7f9e0cdb2000 bind:1 file=/usr/lib/x86_64-linux-gnu/libc-2.31.so mapped=112 mapmax=26 N1=112 kernelpagesize_kB=4
7f9e0cf2a000 bind:1 file=/usr/lib/x86_64-linux-gnu/libc-2.31.so mapped=22 mapmax=25 N1=22 kernelpagesize_kB=4
7f9e0cf75000 bind:1 file=/usr/lib/x86_64-linux-gnu/libc-2.31.so anon=3 dirty=3 mapmax=2 N1=3 kernelpagesize_kB=4
7f9e0cf78000 bind:1 file=/usr/lib/x86_64-linux-gnu/libc-2.31.so anon=3 dirty=3 mapmax=2 N1=3 kernelpagesize_kB=4
7f9e0cf7b000 bind:1 anon=6 dirty=6 mapmax=2 N1=6 kernelpagesize_kB=4
7f9e0cfb8000 bind:1 file=/usr/lib/x86_64-linux-gnu/ld-2.31.so anon=1 dirty=1 mapmax=2 N1=1 kernelpagesize_kB=4
7f9e0cfb9000 bind:1 file=/usr/lib/x86_64-linux-gnu/ld-2.31.so anon=1 dirty=1 N1=1 kernelpagesize_kB=4
7f9e0cfba000 bind:1 anon=1 dirty=1 mapmax=2 N1=1 kernelpagesize_kB=4
7ffe0362f000 bind:1 stack anon=3 dirty=3 mapmax=2 N1=3 kernelpagesize_kB=4
Fio Node 0 pages
7f288a2d3000 bind:1 file=/usr/lib/x86_64-linux-gnu/libnuma.so.1.0.0 mapped=3 mapmax=2 N0=3 kernelpagesize_kB=4
Fio Node 1 pages
55f83574d000 bind:1 file=/usr/local/bin/fio mapped=24 active=1 N1=24 kernelpagesize_kB=4
55f835765000 bind:1 file=/usr/local/bin/fio mapped=68 N1=68 kernelpagesize_kB=4
55f8357ea000 bind:1 file=/usr/local/bin/fio mapped=22 N1=22 kernelpagesize_kB=4
55f835811000 bind:1 file=/usr/local/bin/fio anon=2 dirty=2 N1=2 kernelpagesize_kB=4
55f835813000 bind:1 file=/usr/local/bin/fio anon=112 dirty=112 mapped=116 active=112 N1=116 kernelpagesize_kB=4
55f8358ef000 bind:1 anon=2 dirty=2 N1=2 kernelpagesize_kB=4
55f836e15000 bind:1 heap anon=4 dirty=4 N1=4 kernelpagesize_kB=4
7f2889f0d000 bind:1 anon=2 dirty=2 N1=2 kernelpagesize_kB=4
7f2889f0f000 bind:1 file=/usr/lib/x86_64-linux-gnu/libc-2.31.so mapped=36 mapmax=25 N1=36 kernelpagesize_kB=4
7f2889f34000 bind:1 file=/usr/lib/x86_64-linux-gnu/libc-2.31.so mapped=268 mapmax=25 N1=268 kernelpagesize_kB=4
7f288a0ac000 bind:1 file=/usr/lib/x86_64-linux-gnu/libc-2.31.so mapped=32 mapmax=25 N1=32 kernelpagesize_kB=4
7f288a0f7000 bind:1 file=/usr/lib/x86_64-linux-gnu/libc-2.31.so anon=3 dirty=3 N1=3 kernelpagesize_kB=4
7f288a0fa000 bind:1 file=/usr/lib/x86_64-linux-gnu/libc-2.31.so anon=3 dirty=3 N1=3 kernelpagesize_kB=4
7f288a0fd000 bind:1 anon=4 dirty=4 N1=4 kernelpagesize_kB=4
7f288a101000 bind:1 file=/usr/lib/x86_64-linux-gnu/libaio.so.1.0.1 mapped=1 mapmax=2 N1=1 kernelpagesize_kB=4
7f288a102000 bind:1 file=/usr/lib/x86_64-linux-gnu/libaio.so.1.0.1 mapped=1 mapmax=2 N1=1 kernelpagesize_kB=4
7f288a104000 bind:1 file=/usr/lib/x86_64-linux-gnu/libaio.so.1.0.1 anon=1 dirty=1 N1=1 kernelpagesize_kB=4
7f288a105000 bind:1 file=/usr/lib/x86_64-linux-gnu/libaio.so.1.0.1 anon=1 dirty=1 N1=1 kernelpagesize_kB=4
7f288a106000 bind:1 file=/usr/lib/x86_64-linux-gnu/libdl-2.31.so mapped=1 mapmax=20 N1=1 kernelpagesize_kB=4
7f288a107000 bind:1 file=/usr/lib/x86_64-linux-gnu/libdl-2.31.so mapped=2 mapmax=20 N1=2 kernelpagesize_kB=4
7f288a10a000 bind:1 file=/usr/lib/x86_64-linux-gnu/libdl-2.31.so anon=1 dirty=1 N1=1 kernelpagesize_kB=4
7f288a10b000 bind:1 file=/usr/lib/x86_64-linux-gnu/libdl-2.31.so anon=1 dirty=1 N1=1 kernelpagesize_kB=4
7f288a10c000 bind:1 anon=2 dirty=2 N1=2 kernelpagesize_kB=4
7f288a10e000 bind:1 file=/usr/lib/x86_64-linux-gnu/libmvec-2.31.so mapped=2 active=1 N1=2 kernelpagesize_kB=4
7f288a110000 bind:1 file=/usr/lib/x86_64-linux-gnu/libmvec-2.31.so mapped=12 active=0 N1=12 kernelpagesize_kB=4
7f288a138000 bind:1 file=/usr/lib/x86_64-linux-gnu/libmvec-2.31.so anon=1 dirty=1 N1=1 kernelpagesize_kB=4
7f288a139000 bind:1 file=/usr/lib/x86_64-linux-gnu/libmvec-2.31.so anon=1 dirty=1 N1=1 kernelpagesize_kB=4
7f288a13a000 bind:1 file=/usr/lib/x86_64-linux-gnu/libm-2.31.so mapped=15 mapmax=12 N1=15 kernelpagesize_kB=4
7f288a149000 bind:1 file=/usr/lib/x86_64-linux-gnu/libm-2.31.so mapped=64 mapmax=12 N1=64 kernelpagesize_kB=4
7f288a287000 bind:1 file=/usr/lib/x86_64-linux-gnu/libm-2.31.so anon=1 dirty=1 N1=1 kernelpagesize_kB=4
7f288a288000 bind:1 file=/usr/lib/x86_64-linux-gnu/libm-2.31.so anon=1 dirty=1 N1=1 kernelpagesize_kB=4
7f288a289000 bind:1 file=/usr/lib/x86_64-linux-gnu/libpthread-2.31.so mapped=7 mapmax=22 N1=7 kernelpagesize_kB=4
7f288a290000 bind:1 file=/usr/lib/x86_64-linux-gnu/libpthread-2.31.so mapped=17 mapmax=22 N1=17 kernelpagesize_kB=4
7f288a2a6000 bind:1 file=/usr/lib/x86_64-linux-gnu/libpthread-2.31.so anon=1 dirty=1 N1=1 kernelpagesize_kB=4
7f288a2a7000 bind:1 file=/usr/lib/x86_64-linux-gnu/libpthread-2.31.so anon=1 dirty=1 N1=1 kernelpagesize_kB=4
7f288a2a8000 bind:1 anon=1 dirty=1 N1=1 kernelpagesize_kB=4
7f288a2ac000 bind:1 file=/usr/lib/x86_64-linux-gnu/libz.so.1.2.11 mapped=2 mapmax=8 N1=2 kernelpagesize_kB=4
7f288a2ae000 bind:1 file=/usr/lib/x86_64-linux-gnu/libz.so.1.2.11 mapped=15 mapmax=8 N1=15 kernelpagesize_kB=4
7f288a2c6000 bind:1 file=/usr/lib/x86_64-linux-gnu/libz.so.1.2.11 anon=1 dirty=1 N1=1 kernelpagesize_kB=4
7f288a2c7000 bind:1 file=/usr/lib/x86_64-linux-gnu/libz.so.1.2.11 anon=1 dirty=1 N1=1 kernelpagesize_kB=4
7f288a2c8000 bind:1 file=/usr/lib/x86_64-linux-gnu/librt-2.31.so mapped=3 mapmax=17 N1=3 kernelpagesize_kB=4
7f288a2cb000 bind:1 file=/usr/lib/x86_64-linux-gnu/librt-2.31.so mapped=4 mapmax=17 N1=4 kernelpagesize_kB=4
7f288a2d1000 bind:1 file=/usr/lib/x86_64-linux-gnu/librt-2.31.so anon=1 dirty=1 N1=1 kernelpagesize_kB=4
7f288a2d2000 bind:1 file=/usr/lib/x86_64-linux-gnu/librt-2.31.so anon=1 dirty=1 N1=1 kernelpagesize_kB=4
7f288a2de000 bind:1 file=/usr/lib/x86_64-linux-gnu/libnuma.so.1.0.0 anon=1 dirty=1 N1=1 kernelpagesize_kB=4
7f288a2df000 bind:1 file=/usr/lib/x86_64-linux-gnu/libnuma.so.1.0.0 anon=1 dirty=1 N1=1 kernelpagesize_kB=4
7f288a2e0000 bind:1 anon=2 dirty=2 N1=2 kernelpagesize_kB=4
7f288a2eb000 bind:1 file=/dev/zero\040(deleted) dirty=1 active=0 N1=1 kernelpagesize_kB=4
7f288a2ec000 bind:1 file=/usr/lib/x86_64-linux-gnu/ld-2.31.so mapped=1 mapmax=25 N1=1 kernelpagesize_kB=4
7f288a2ed000 bind:1 file=/usr/lib/x86_64-linux-gnu/ld-2.31.so mapped=35 mapmax=25 N1=35 kernelpagesize_kB=4
7f288a310000 bind:1 file=/usr/lib/x86_64-linux-gnu/ld-2.31.so mapped=8 mapmax=25 N1=8 kernelpagesize_kB=4
7f288a318000 bind:1 file=/dev/zero\040(deleted) dirty=1 active=0 N1=1 kernelpagesize_kB=4
7f288a319000 bind:1 file=/usr/lib/x86_64-linux-gnu/ld-2.31.so anon=1 dirty=1 N1=1 kernelpagesize_kB=4
7f288a31a000 bind:1 file=/usr/lib/x86_64-linux-gnu/ld-2.31.so anon=1 dirty=1 N1=1 kernelpagesize_kB=4
7f288a31b000 bind:1 anon=1 dirty=1 N1=1 kernelpagesize_kB=4
7ffc1752b000 bind:1 stack anon=4 dirty=4 N1=4 kernelpagesize_kB=4
B.1.fio.2G.1.O
Begin
Node 0 MemTotal:       24768352 kB
Node 0 MemFree:        24407584 kB
Node 0 MemUsed:          360768 kB
Node 0 Active:            34136 kB
Node 0 Inactive:          40292 kB
Node 0 Active(anon):      16992 kB
Node 0 Inactive(anon):      500 kB
Node 0 Active(file):      17144 kB
Node 0 Inactive(file):    39792 kB
Node 0 Unevictable:        1008 kB
Node 0 Mlocked:            1008 kB
Node 0 Dirty:               160 kB
Node 0 Writeback:             0 kB
Node 0 FilePages:         58684 kB
Node 0 Mapped:            27908 kB
Node 0 AnonPages:         16756 kB
Node 0 Shmem:               740 kB
Node 0 KernelStack:        2152 kB
Node 0 PageTables:          736 kB
Node 0 NFS_Unstable:          0 kB
Node 0 Bounce:                0 kB
Node 0 WritebackTmp:          0 kB
Node 0 KReclaimable:      24560 kB
Node 0 Slab:              68224 kB
Node 0 SReclaimable:      24560 kB
Node 0 SUnreclaim:        43664 kB
Node 0 AnonHugePages:         0 kB
Node 0 ShmemHugePages:        0 kB
Node 0 ShmemPmdMapped:        0 kB
Node 0 FileHugePages:        0 kB
Node 0 FilePmdMapped:        0 kB
Node 0 HugePages_Total:     0
Node 0 HugePages_Free:      0
Node 0 HugePages_Surp:      0

Node 1 MemTotal:       24661580 kB
Node 1 MemFree:        24385280 kB
Node 1 MemUsed:          276300 kB
Node 1 Active:            62352 kB
Node 1 Inactive:          73108 kB
Node 1 Active(anon):      17068 kB
Node 1 Inactive(anon):      360 kB
Node 1 Active(file):      45284 kB
Node 1 Inactive(file):    72748 kB
Node 1 Unevictable:       17512 kB
Node 1 Mlocked:           17512 kB
Node 1 Dirty:               120 kB
Node 1 Writeback:             0 kB
Node 1 FilePages:        125804 kB
Node 1 Mapped:            36736 kB
Node 1 AnonPages:         27248 kB
Node 1 Shmem:               528 kB
Node 1 KernelStack:        1512 kB
Node 1 PageTables:          484 kB
Node 1 NFS_Unstable:          0 kB
Node 1 Bounce:                0 kB
Node 1 WritebackTmp:          0 kB
Node 1 KReclaimable:      17556 kB
Node 1 Slab:              40324 kB
Node 1 SReclaimable:      17556 kB
Node 1 SUnreclaim:        22768 kB
Node 1 AnonHugePages:         0 kB
Node 1 ShmemHugePages:        0 kB
Node 1 ShmemPmdMapped:        0 kB
Node 1 FileHugePages:        0 kB
Node 1 FilePmdMapped:        0 kB
Node 1 HugePages_Total:     0
Node 1 HugePages_Free:      0
Node 1 HugePages_Surp:      0

Load ZFS
Node 0 MemTotal:       24768352 kB
Node 0 MemFree:        24287932 kB
Node 0 MemUsed:          480420 kB
Node 0 Active:            48200 kB
Node 0 Inactive:         136588 kB
Node 0 Active(anon):      30520 kB
Node 0 Inactive(anon):      376 kB
Node 0 Active(file):      17680 kB
Node 0 Inactive(file):   136212 kB
Node 0 Unevictable:        1008 kB
Node 0 Mlocked:            1008 kB
Node 0 Dirty:               384 kB
Node 0 Writeback:             0 kB
Node 0 FilePages:        155504 kB
Node 0 Mapped:            30260 kB
Node 0 AnonPages:         30364 kB
Node 0 Shmem:               612 kB
Node 0 KernelStack:        2676 kB
Node 0 PageTables:         1476 kB
Node 0 NFS_Unstable:          0 kB
Node 0 Bounce:                0 kB
Node 0 WritebackTmp:          0 kB
Node 0 KReclaimable:      25504 kB
Node 0 Slab:              71804 kB
Node 0 SReclaimable:      25504 kB
Node 0 SUnreclaim:        46300 kB
Node 0 AnonHugePages:         0 kB
Node 0 ShmemHugePages:        0 kB
Node 0 ShmemPmdMapped:        0 kB
Node 0 FileHugePages:        0 kB
Node 0 FilePmdMapped:        0 kB
Node 0 HugePages_Total:     0
Node 0 HugePages_Free:      0
Node 0 HugePages_Surp:      0

Node 1 MemTotal:       24661580 kB
Node 1 MemFree:        24360472 kB
Node 1 MemUsed:          301108 kB
Node 1 Active:            76276 kB
Node 1 Inactive:          80148 kB
Node 1 Active(anon):      29040 kB
Node 1 Inactive(anon):      484 kB
Node 1 Active(file):      47236 kB
Node 1 Inactive(file):    79664 kB
Node 1 Unevictable:       17712 kB
Node 1 Mlocked:           17712 kB
Node 1 Dirty:               220 kB
Node 1 Writeback:             0 kB
Node 1 FilePages:        135028 kB
Node 1 Mapped:            39004 kB
Node 1 AnonPages:         38880 kB
Node 1 Shmem:               656 kB
Node 1 KernelStack:        1564 kB
Node 1 PageTables:          852 kB
Node 1 NFS_Unstable:          0 kB
Node 1 Bounce:                0 kB
Node 1 WritebackTmp:          0 kB
Node 1 KReclaimable:      18064 kB
Node 1 Slab:              43904 kB
Node 1 SReclaimable:      18064 kB
Node 1 SUnreclaim:        25840 kB
Node 1 AnonHugePages:         0 kB
Node 1 ShmemHugePages:        0 kB
Node 1 ShmemPmdMapped:        0 kB
Node 1 FileHugePages:        0 kB
Node 1 FilePmdMapped:        0 kB
Node 1 HugePages_Total:     0
Node 1 HugePages_Free:      0
Node 1 HugePages_Surp:      0

Import tank ZPool
Node 0 MemTotal:       24768352 kB
Node 0 MemFree:        24284444 kB
Node 0 MemUsed:          483908 kB
Node 0 Active:            35408 kB
Node 0 Inactive:         136572 kB
Node 0 Active(anon):      17568 kB
Node 0 Inactive(anon):      484 kB
Node 0 Active(file):      17840 kB
Node 0 Inactive(file):   136088 kB
Node 0 Unevictable:        1008 kB
Node 0 Mlocked:            1008 kB
Node 0 Dirty:                88 kB
Node 0 Writeback:             0 kB
Node 0 FilePages:        155584 kB
Node 0 Mapped:            28308 kB
Node 0 AnonPages:         17124 kB
Node 0 Shmem:               648 kB
Node 0 KernelStack:        3464 kB
Node 0 PageTables:          928 kB
Node 0 NFS_Unstable:          0 kB
Node 0 Bounce:                0 kB
Node 0 WritebackTmp:          0 kB
Node 0 KReclaimable:      25608 kB
Node 0 Slab:              73572 kB
Node 0 SReclaimable:      25608 kB
Node 0 SUnreclaim:        47964 kB
Node 0 AnonHugePages:         0 kB
Node 0 ShmemHugePages:        0 kB
Node 0 ShmemPmdMapped:        0 kB
Node 0 FileHugePages:        0 kB
Node 0 FilePmdMapped:        0 kB
Node 0 HugePages_Total:     0
Node 0 HugePages_Free:      0
Node 0 HugePages_Surp:      0

Node 1 MemTotal:       24661580 kB
Node 1 MemFree:        24366308 kB
Node 1 MemUsed:          295272 kB
Node 1 Active:            64492 kB
Node 1 Inactive:          81072 kB
Node 1 Active(anon):      16756 kB
Node 1 Inactive(anon):      464 kB
Node 1 Active(file):      47736 kB
Node 1 Inactive(file):    80608 kB
Node 1 Unevictable:       17744 kB
Node 1 Mlocked:           17744 kB
Node 1 Dirty:                44 kB
Node 1 Writeback:             0 kB
Node 1 FilePages:        136168 kB
Node 1 Mapped:            37092 kB
Node 1 AnonPages:         26936 kB
Node 1 Shmem:               620 kB
Node 1 KernelStack:        1400 kB
Node 1 PageTables:          684 kB
Node 1 NFS_Unstable:          0 kB
Node 1 Bounce:                0 kB
Node 1 WritebackTmp:          0 kB
Node 1 KReclaimable:      18184 kB
Node 1 Slab:              48712 kB
Node 1 SReclaimable:      18184 kB
Node 1 SUnreclaim:        30528 kB
Node 1 AnonHugePages:         0 kB
Node 1 ShmemHugePages:        0 kB
Node 1 ShmemPmdMapped:        0 kB
Node 1 FileHugePages:        0 kB
Node 1 FilePmdMapped:        0 kB
Node 1 HugePages_Total:     0
Node 1 HugePages_Free:      0
Node 1 HugePages_Surp:      0

After Test
Node 0 MemTotal:       24768352 kB
Node 0 MemFree:        23612768 kB
Node 0 MemUsed:         1155584 kB
Node 0 Active:            34964 kB
Node 0 Inactive:         136364 kB
Node 0 Active(anon):      16924 kB
Node 0 Inactive(anon):      476 kB
Node 0 Active(file):      18040 kB
Node 0 Inactive(file):   135888 kB
Node 0 Unevictable:        1008 kB
Node 0 Mlocked:            1008 kB
Node 0 Dirty:                 0 kB
Node 0 Writeback:             0 kB
Node 0 FilePages:        155580 kB
Node 0 Mapped:            28024 kB
Node 0 AnonPages:         16756 kB
Node 0 Shmem:               644 kB
Node 0 KernelStack:        3304 kB
Node 0 PageTables:          736 kB
Node 0 NFS_Unstable:          0 kB
Node 0 Bounce:                0 kB
Node 0 WritebackTmp:          0 kB
Node 0 KReclaimable:      25608 kB
Node 0 Slab:              75944 kB
Node 0 SReclaimable:      25608 kB
Node 0 SUnreclaim:        50336 kB
Node 0 AnonHugePages:         0 kB
Node 0 ShmemHugePages:        0 kB
Node 0 ShmemPmdMapped:        0 kB
Node 0 FileHugePages:        0 kB
Node 0 FilePmdMapped:        0 kB
Node 0 HugePages_Total:     0
Node 0 HugePages_Free:      0
Node 0 HugePages_Surp:      0
Fio Node 0 pages
55a168f84000 bind:0 file=/usr/local/bin/fio anon=2 dirty=2 mapped=17 active=4 N0=2 N1=15 kernelpagesize_kB=4
7f377aa4a000 bind:0 anon=2 dirty=2 N0=2 kernelpagesize_kB=4
7f377ac34000 bind:0 file=/usr/lib/x86_64-linux-gnu/libc-2.31.so anon=6 dirty=6 N0=6 kernelpagesize_kB=4
7f377ac41000 bind:0 file=/usr/lib/x86_64-linux-gnu/libaio.so.1.0.1 anon=2 dirty=2 N0=2 kernelpagesize_kB=4
7f377ac47000 bind:0 file=/usr/lib/x86_64-linux-gnu/libdl-2.31.so anon=2 dirty=2 N0=2 kernelpagesize_kB=4
7f377ac49000 bind:0 anon=2 dirty=2 N0=2 kernelpagesize_kB=4
7f377ac75000 bind:0 file=/usr/lib/x86_64-linux-gnu/libmvec-2.31.so anon=2 dirty=2 N0=2 kernelpagesize_kB=4
7f377adc4000 bind:0 file=/usr/lib/x86_64-linux-gnu/libm-2.31.so anon=2 dirty=2 N0=2 kernelpagesize_kB=4
7f377ade3000 bind:0 file=/usr/lib/x86_64-linux-gnu/libpthread-2.31.so anon=2 dirty=2 N0=2 kernelpagesize_kB=4
7f377ae03000 bind:0 file=/usr/lib/x86_64-linux-gnu/libz.so.1.2.11 anon=2 dirty=2 N0=2 kernelpagesize_kB=4
7f377ae0e000 bind:0 file=/usr/lib/x86_64-linux-gnu/librt-2.31.so anon=2 dirty=2 N0=2 kernelpagesize_kB=4
7f377ae10000 bind:0 file=/usr/lib/x86_64-linux-gnu/libnuma.so.1.0.0 mapped=3 mapmax=2 N0=3 kernelpagesize_kB=4
7f377ae1b000 bind:0 file=/usr/lib/x86_64-linux-gnu/libnuma.so.1.0.0 anon=2 dirty=2 N0=2 kernelpagesize_kB=4
7f377ae1d000 bind:0 anon=2 dirty=2 N0=2 kernelpagesize_kB=4
7f377ae56000 bind:0 file=/usr/lib/x86_64-linux-gnu/ld-2.31.so anon=2 dirty=2 N0=2 kernelpagesize_kB=4
7f377ae58000 bind:0 anon=1 dirty=1 N0=1 kernelpagesize_kB=4
7ffcf1567000 bind:0 stack anon=3 dirty=3 N0=3 kernelpagesize_kB=4
Fio Node 1 pages
55a168ec0000 bind:0 file=/usr/local/bin/fio mapped=24 N1=24 kernelpagesize_kB=4
55a168ed8000 bind:0 file=/usr/local/bin/fio mapped=99 N1=99 kernelpagesize_kB=4
55a168f5d000 bind:0 file=/usr/local/bin/fio mapped=35 active=24 N1=35 kernelpagesize_kB=4
55a168f86000 bind:0 file=/usr/local/bin/fio anon=112 dirty=112 mapped=116 active=114 N0=112 N1=4 kernelpagesize_kB=4
7f377aa4c000 bind:0 file=/usr/lib/x86_64-linux-gnu/libc-2.31.so mapped=37 mapmax=25 N1=37 kernelpagesize_kB=4
7f377aa71000 bind:0 file=/usr/lib/x86_64-linux-gnu/libc-2.31.so mapped=271 mapmax=25 N1=271 kernelpagesize_kB=4
7f377abe9000 bind:0 file=/usr/lib/x86_64-linux-gnu/libc-2.31.so mapped=39 mapmax=24 N1=39 kernelpagesize_kB=4
7f377ac3e000 bind:0 file=/usr/lib/x86_64-linux-gnu/libaio.so.1.0.1 mapped=1 mapmax=2 N1=1 kernelpagesize_kB=4
7f377ac3f000 bind:0 file=/usr/lib/x86_64-linux-gnu/libaio.so.1.0.1 mapped=1 mapmax=2 N1=1 kernelpagesize_kB=4
7f377ac43000 bind:0 file=/usr/lib/x86_64-linux-gnu/libdl-2.31.so mapped=1 mapmax=20 N1=1 kernelpagesize_kB=4
7f377ac44000 bind:0 file=/usr/lib/x86_64-linux-gnu/libdl-2.31.so mapped=2 mapmax=19 N1=2 kernelpagesize_kB=4
7f377ac4b000 bind:0 file=/usr/lib/x86_64-linux-gnu/libmvec-2.31.so mapped=2 N1=2 kernelpagesize_kB=4
7f377ac4d000 bind:0 file=/usr/lib/x86_64-linux-gnu/libmvec-2.31.so mapped=12 active=5 N1=12 kernelpagesize_kB=4
7f377ac77000 bind:0 file=/usr/lib/x86_64-linux-gnu/libm-2.31.so mapped=15 mapmax=12 N1=15 kernelpagesize_kB=4
7f377ac86000 bind:0 file=/usr/lib/x86_64-linux-gnu/libm-2.31.so mapped=74 mapmax=12 N1=74 kernelpagesize_kB=4
7f377adc6000 bind:0 file=/usr/lib/x86_64-linux-gnu/libpthread-2.31.so mapped=7 mapmax=22 N1=7 kernelpagesize_kB=4
7f377adcd000 bind:0 file=/usr/lib/x86_64-linux-gnu/libpthread-2.31.so mapped=17 mapmax=22 N1=17 kernelpagesize_kB=4
7f377ade9000 bind:0 file=/usr/lib/x86_64-linux-gnu/libz.so.1.2.11 mapped=2 mapmax=8 N1=2 kernelpagesize_kB=4
7f377adeb000 bind:0 file=/usr/lib/x86_64-linux-gnu/libz.so.1.2.11 mapped=15 mapmax=8 N1=15 kernelpagesize_kB=4
7f377ae05000 bind:0 file=/usr/lib/x86_64-linux-gnu/librt-2.31.so mapped=3 mapmax=17 N1=3 kernelpagesize_kB=4
7f377ae08000 bind:0 file=/usr/lib/x86_64-linux-gnu/librt-2.31.so mapped=4 mapmax=17 N1=4 kernelpagesize_kB=4
7f377ae29000 bind:0 file=/usr/lib/x86_64-linux-gnu/ld-2.31.so mapped=1 mapmax=25 N1=1 kernelpagesize_kB=4
7f377ae2a000 bind:0 file=/usr/lib/x86_64-linux-gnu/ld-2.31.so mapped=35 mapmax=25 N1=35 kernelpagesize_kB=4
7f377ae4d000 bind:0 file=/usr/lib/x86_64-linux-gnu/ld-2.31.so mapped=8 mapmax=25 N1=8 kernelpagesize_kB=4
Fio Node 0 pages
561e6e965000 bind:0 file=/usr/local/bin/fio anon=2 dirty=2 mapped=17 active=4 N0=2 N1=15 kernelpagesize_kB=4
7f5f4a18f000 bind:0 anon=2 dirty=2 N0=2 kernelpagesize_kB=4
7f5f4a379000 bind:0 file=/usr/lib/x86_64-linux-gnu/libc-2.31.so anon=6 dirty=6 N0=6 kernelpagesize_kB=4
7f5f4a386000 bind:0 file=/usr/lib/x86_64-linux-gnu/libaio.so.1.0.1 anon=2 dirty=2 N0=2 kernelpagesize_kB=4
7f5f4a38c000 bind:0 file=/usr/lib/x86_64-linux-gnu/libdl-2.31.so anon=2 dirty=2 N0=2 kernelpagesize_kB=4
7f5f4a38e000 bind:0 anon=2 dirty=2 N0=2 kernelpagesize_kB=4
7f5f4a3ba000 bind:0 file=/usr/lib/x86_64-linux-gnu/libmvec-2.31.so anon=2 dirty=2 N0=2 kernelpagesize_kB=4
7f5f4a509000 bind:0 file=/usr/lib/x86_64-linux-gnu/libm-2.31.so anon=2 dirty=2 N0=2 kernelpagesize_kB=4
7f5f4a528000 bind:0 file=/usr/lib/x86_64-linux-gnu/libpthread-2.31.so anon=2 dirty=2 N0=2 kernelpagesize_kB=4
7f5f4a548000 bind:0 file=/usr/lib/x86_64-linux-gnu/libz.so.1.2.11 anon=2 dirty=2 N0=2 kernelpagesize_kB=4
7f5f4a553000 bind:0 file=/usr/lib/x86_64-linux-gnu/librt-2.31.so anon=2 dirty=2 N0=2 kernelpagesize_kB=4
7f5f4a555000 bind:0 file=/usr/lib/x86_64-linux-gnu/libnuma.so.1.0.0 mapped=3 mapmax=2 N0=3 kernelpagesize_kB=4
7f5f4a560000 bind:0 file=/usr/lib/x86_64-linux-gnu/libnuma.so.1.0.0 anon=2 dirty=2 N0=2 kernelpagesize_kB=4
7f5f4a562000 bind:0 anon=2 dirty=2 N0=2 kernelpagesize_kB=4
7f5f4a59b000 bind:0 file=/usr/lib/x86_64-linux-gnu/ld-2.31.so anon=2 dirty=2 N0=2 kernelpagesize_kB=4
7f5f4a59d000 bind:0 anon=1 dirty=1 N0=1 kernelpagesize_kB=4
7ffe9594e000 bind:0 stack anon=4 dirty=4 N0=4 kernelpagesize_kB=4
Fio Node 1 pages
561e6e8a1000 bind:0 file=/usr/local/bin/fio mapped=24 N1=24 kernelpagesize_kB=4
561e6e8b9000 bind:0 file=/usr/local/bin/fio mapped=99 N1=99 kernelpagesize_kB=4
561e6e93e000 bind:0 file=/usr/local/bin/fio mapped=32 active=22 N1=32 kernelpagesize_kB=4
561e6e967000 bind:0 file=/usr/local/bin/fio anon=112 dirty=112 mapped=116 active=114 N0=112 N1=4 kernelpagesize_kB=4
7f5f4a191000 bind:0 file=/usr/lib/x86_64-linux-gnu/libc-2.31.so mapped=37 mapmax=25 N1=37 kernelpagesize_kB=4
7f5f4a1b6000 bind:0 file=/usr/lib/x86_64-linux-gnu/libc-2.31.so mapped=266 mapmax=25 N1=266 kernelpagesize_kB=4
7f5f4a32e000 bind:0 file=/usr/lib/x86_64-linux-gnu/libc-2.31.so mapped=50 mapmax=25 N1=50 kernelpagesize_kB=4
7f5f4a383000 bind:0 file=/usr/lib/x86_64-linux-gnu/libaio.so.1.0.1 mapped=1 mapmax=2 N1=1 kernelpagesize_kB=4
7f5f4a384000 bind:0 file=/usr/lib/x86_64-linux-gnu/libaio.so.1.0.1 mapped=1 mapmax=2 N1=1 kernelpagesize_kB=4
7f5f4a388000 bind:0 file=/usr/lib/x86_64-linux-gnu/libdl-2.31.so mapped=1 mapmax=20 N1=1 kernelpagesize_kB=4
7f5f4a389000 bind:0 file=/usr/lib/x86_64-linux-gnu/libdl-2.31.so mapped=2 mapmax=20 N1=2 kernelpagesize_kB=4
7f5f4a390000 bind:0 file=/usr/lib/x86_64-linux-gnu/libmvec-2.31.so mapped=2 N1=2 kernelpagesize_kB=4
7f5f4a392000 bind:0 file=/usr/lib/x86_64-linux-gnu/libmvec-2.31.so mapped=12 N1=12 kernelpagesize_kB=4
7f5f4a3bc000 bind:0 file=/usr/lib/x86_64-linux-gnu/libm-2.31.so mapped=15 mapmax=12 N1=15 kernelpagesize_kB=4
7f5f4a3cb000 bind:0 file=/usr/lib/x86_64-linux-gnu/libm-2.31.so mapped=64 mapmax=12 N1=64 kernelpagesize_kB=4
7f5f4a50b000 bind:0 file=/usr/lib/x86_64-linux-gnu/libpthread-2.31.so mapped=7 mapmax=22 N1=7 kernelpagesize_kB=4
7f5f4a512000 bind:0 file=/usr/lib/x86_64-linux-gnu/libpthread-2.31.so mapped=17 mapmax=22 N1=17 kernelpagesize_kB=4
7f5f4a52e000 bind:0 file=/usr/lib/x86_64-linux-gnu/libz.so.1.2.11 mapped=2 mapmax=8 N1=2 kernelpagesize_kB=4
7f5f4a530000 bind:0 file=/usr/lib/x86_64-linux-gnu/libz.so.1.2.11 mapped=15 mapmax=8 N1=15 kernelpagesize_kB=4
7f5f4a54a000 bind:0 file=/usr/lib/x86_64-linux-gnu/librt-2.31.so mapped=3 mapmax=17 N1=3 kernelpagesize_kB=4
7f5f4a54d000 bind:0 file=/usr/lib/x86_64-linux-gnu/librt-2.31.so mapped=4 mapmax=17 N1=4 kernelpagesize_kB=4
7f5f4a56e000 bind:0 file=/usr/lib/x86_64-linux-gnu/ld-2.31.so mapped=1 mapmax=25 N1=1 kernelpagesize_kB=4
7f5f4a56f000 bind:0 file=/usr/lib/x86_64-linux-gnu/ld-2.31.so mapped=35 mapmax=25 N1=35 kernelpagesize_kB=4
7f5f4a592000 bind:0 file=/usr/lib/x86_64-linux-gnu/ld-2.31.so mapped=8 mapmax=25 N1=8 kernelpagesize_kB=4

Node 1 MemTotal:       24661580 kB
Node 1 MemFree:        22114672 kB
Node 1 MemUsed:         2546908 kB
Node 1 Active:            65544 kB
Node 1 Inactive:          82056 kB
Node 1 Active(anon):      16508 kB
Node 1 Inactive(anon):      500 kB
Node 1 Active(file):      49036 kB
Node 1 Inactive(file):    81556 kB
Node 1 Unevictable:       17744 kB
Node 1 Mlocked:           17744 kB
Node 1 Dirty:                32 kB
Node 1 Writeback:             0 kB
Node 1 FilePages:        138452 kB
Node 1 Mapped:            37032 kB
Node 1 AnonPages:         26764 kB
Node 1 Shmem:               668 kB
Node 1 KernelStack:        1336 kB
Node 1 PageTables:          496 kB
Node 1 NFS_Unstable:          0 kB
Node 1 Bounce:                0 kB
Node 1 WritebackTmp:          0 kB
Node 1 KReclaimable:      19564 kB
Node 1 Slab:              60724 kB
Node 1 SReclaimable:      19564 kB
Node 1 SUnreclaim:        41160 kB
Node 1 AnonHugePages:         0 kB
Node 1 ShmemHugePages:        0 kB
Node 1 ShmemPmdMapped:        0 kB
Node 1 FileHugePages:        0 kB
Node 1 FilePmdMapped:        0 kB
Node 1 HugePages_Total:     0
Node 1 HugePages_Free:      0
Node 1 HugePages_Surp:      0

After Opposite Node
Node 0 MemTotal:       24768352 kB
Node 0 MemFree:        23611420 kB
Node 0 MemUsed:         1156932 kB
Node 0 Active:            35256 kB
Node 0 Inactive:         136420 kB
Node 0 Active(anon):      17200 kB
Node 0 Inactive(anon):      520 kB
Node 0 Active(file):      18056 kB
Node 0 Inactive(file):   135900 kB
Node 0 Unevictable:        1008 kB
Node 0 Mlocked:            1008 kB
Node 0 Dirty:               128 kB
Node 0 Writeback:             0 kB
Node 0 FilePages:        155652 kB
Node 0 Mapped:            28092 kB
Node 0 AnonPages:         16900 kB
Node 0 Shmem:               688 kB
Node 0 KernelStack:        3336 kB
Node 0 PageTables:          916 kB
Node 0 NFS_Unstable:          0 kB
Node 0 Bounce:                0 kB
Node 0 WritebackTmp:          0 kB
Node 0 KReclaimable:      25644 kB
Node 0 Slab:              76116 kB
Node 0 SReclaimable:      25644 kB
Node 0 SUnreclaim:        50472 kB
Node 0 AnonHugePages:         0 kB
Node 0 ShmemHugePages:        0 kB
Node 0 ShmemPmdMapped:        0 kB
Node 0 FileHugePages:        0 kB
Node 0 FilePmdMapped:        0 kB
Node 0 HugePages_Total:     0
Node 0 HugePages_Free:      0
Node 0 HugePages_Surp:      0

Node 1 MemTotal:       24661580 kB
Node 1 MemFree:        22115788 kB
Node 1 MemUsed:         2545792 kB
Node 1 Active:            65528 kB
Node 1 Inactive:          81860 kB
Node 1 Active(anon):      16308 kB
Node 1 Inactive(anon):      464 kB
Node 1 Active(file):      49220 kB
Node 1 Inactive(file):    81396 kB
Node 1 Unevictable:       17744 kB
Node 1 Mlocked:           17744 kB
Node 1 Dirty:                88 kB
Node 1 Writeback:             0 kB
Node 1 FilePages:        138424 kB
Node 1 Mapped:            37036 kB
Node 1 AnonPages:         26704 kB
Node 1 Shmem:               624 kB
Node 1 KernelStack:        1336 kB
Node 1 PageTables:          384 kB
Node 1 NFS_Unstable:          0 kB
Node 1 Bounce:                0 kB
Node 1 WritebackTmp:          0 kB
Node 1 KReclaimable:      19564 kB
Node 1 Slab:              60840 kB
Node 1 SReclaimable:      19564 kB
Node 1 SUnreclaim:        41276 kB
Node 1 AnonHugePages:         0 kB
Node 1 ShmemHugePages:        0 kB
Node 1 ShmemPmdMapped:        0 kB
Node 1 FileHugePages:        0 kB
Node 1 FilePmdMapped:        0 kB
Node 1 HugePages_Total:     0
Node 1 HugePages_Free:      0
Node 1 HugePages_Surp:      0

B.1.fio.2G.1.O Complete!
