kernel.numa_balancing = 0
U.1.simpleread.4G.3.O
Begin
Node 0 MemTotal:       24743736 kB
Node 0 MemFree:        24460376 kB
Node 0 MemUsed:          283360 kB
Node 0 Active:            59040 kB
Node 0 Inactive:          67436 kB
Node 0 Active(anon):      17828 kB
Node 0 Inactive(anon):      408 kB
Node 0 Active(file):      41212 kB
Node 0 Inactive(file):    67028 kB
Node 0 Unevictable:       12840 kB
Node 0 Mlocked:           12840 kB
Node 0 Dirty:               408 kB
Node 0 Writeback:             0 kB
Node 0 FilePages:        111384 kB
Node 0 Mapped:            48592 kB
Node 0 AnonPages:         28004 kB
Node 0 Shmem:               628 kB
Node 0 KernelStack:        2024 kB
Node 0 PageTables:          856 kB
Node 0 NFS_Unstable:          0 kB
Node 0 Bounce:                0 kB
Node 0 WritebackTmp:          0 kB
Node 0 KReclaimable:      24420 kB
Node 0 Slab:              58608 kB
Node 0 SReclaimable:      24420 kB
Node 0 SUnreclaim:        34188 kB
Node 0 AnonHugePages:         0 kB
Node 0 ShmemHugePages:        0 kB
Node 0 ShmemPmdMapped:        0 kB
Node 0 FileHugePages:        0 kB
Node 0 FilePmdMapped:        0 kB
Node 0 HugePages_Total:     0
Node 0 HugePages_Free:      0
Node 0 HugePages_Surp:      0

Node 1 MemTotal:       24686196 kB
Node 1 MemFree:        24335352 kB
Node 1 MemUsed:          350844 kB
Node 1 Active:            37828 kB
Node 1 Inactive:          46000 kB
Node 1 Active(anon):      15816 kB
Node 1 Inactive(anon):      468 kB
Node 1 Active(file):      22012 kB
Node 1 Inactive(file):    45532 kB
Node 1 Unevictable:        5680 kB
Node 1 Mlocked:            5680 kB
Node 1 Dirty:                96 kB
Node 1 Writeback:             0 kB
Node 1 FilePages:         73908 kB
Node 1 Mapped:            15984 kB
Node 1 AnonPages:         15704 kB
Node 1 Shmem:               640 kB
Node 1 KernelStack:        1624 kB
Node 1 PageTables:          320 kB
Node 1 NFS_Unstable:          0 kB
Node 1 Bounce:                0 kB
Node 1 WritebackTmp:          0 kB
Node 1 KReclaimable:      17484 kB
Node 1 Slab:              46844 kB
Node 1 SReclaimable:      17484 kB
Node 1 SUnreclaim:        29360 kB
Node 1 AnonHugePages:         0 kB
Node 1 ShmemHugePages:        0 kB
Node 1 ShmemPmdMapped:        0 kB
Node 1 FileHugePages:        0 kB
Node 1 FilePmdMapped:        0 kB
Node 1 HugePages_Total:     0
Node 1 HugePages_Free:      0
Node 1 HugePages_Surp:      0

Load ZFS
Node 0 MemTotal:       24743736 kB
Node 0 MemFree:        24450456 kB
Node 0 MemUsed:          293280 kB
Node 0 Active:            66404 kB
Node 0 Inactive:          67812 kB
Node 0 Active(anon):      24644 kB
Node 0 Inactive(anon):      408 kB
Node 0 Active(file):      41760 kB
Node 0 Inactive(file):    67404 kB
Node 0 Unevictable:       12840 kB
Node 0 Mlocked:           12840 kB
Node 0 Dirty:                 8 kB
Node 0 Writeback:            28 kB
Node 0 FilePages:        112308 kB
Node 0 Mapped:            48748 kB
Node 0 AnonPages:         34800 kB
Node 0 Shmem:               628 kB
Node 0 KernelStack:        2328 kB
Node 0 PageTables:         1204 kB
Node 0 NFS_Unstable:          0 kB
Node 0 Bounce:                0 kB
Node 0 WritebackTmp:          0 kB
Node 0 KReclaimable:      24800 kB
Node 0 Slab:              60568 kB
Node 0 SReclaimable:      24800 kB
Node 0 SUnreclaim:        35768 kB
Node 0 AnonHugePages:         0 kB
Node 0 ShmemHugePages:        0 kB
Node 0 ShmemPmdMapped:        0 kB
Node 0 FileHugePages:        0 kB
Node 0 FilePmdMapped:        0 kB
Node 0 HugePages_Total:     0
Node 0 HugePages_Free:      0
Node 0 HugePages_Surp:      0

Node 1 MemTotal:       24686196 kB
Node 1 MemFree:        24333280 kB
Node 1 MemUsed:          352916 kB
Node 1 Active:            44608 kB
Node 1 Inactive:          41576 kB
Node 1 Active(anon):      16640 kB
Node 1 Inactive(anon):      468 kB
Node 1 Active(file):      27968 kB
Node 1 Inactive(file):    41108 kB
Node 1 Unevictable:        5680 kB
Node 1 Mlocked:            5680 kB
Node 1 Dirty:                 0 kB
Node 1 Writeback:             8 kB
Node 1 FilePages:         75392 kB
Node 1 Mapped:            15952 kB
Node 1 AnonPages:         16400 kB
Node 1 Shmem:               640 kB
Node 1 KernelStack:        1464 kB
Node 1 PageTables:          328 kB
Node 1 NFS_Unstable:          0 kB
Node 1 Bounce:                0 kB
Node 1 WritebackTmp:          0 kB
Node 1 KReclaimable:      17848 kB
Node 1 Slab:              48276 kB
Node 1 SReclaimable:      17848 kB
Node 1 SUnreclaim:        30428 kB
Node 1 AnonHugePages:         0 kB
Node 1 ShmemHugePages:        0 kB
Node 1 ShmemPmdMapped:        0 kB
Node 1 FileHugePages:        0 kB
Node 1 FilePmdMapped:        0 kB
Node 1 HugePages_Total:     0
Node 1 HugePages_Free:      0
Node 1 HugePages_Surp:      0

Import tank ZPool
Node 0 MemTotal:       24743736 kB
Node 0 MemFree:        24444252 kB
Node 0 MemUsed:          299484 kB
Node 0 Active:            59072 kB
Node 0 Inactive:          67812 kB
Node 0 Active(anon):      17312 kB
Node 0 Inactive(anon):      408 kB
Node 0 Active(file):      41760 kB
Node 0 Inactive(file):    67404 kB
Node 0 Unevictable:       12840 kB
Node 0 Mlocked:           12840 kB
Node 0 Dirty:                64 kB
Node 0 Writeback:             0 kB
Node 0 FilePages:        112324 kB
Node 0 Mapped:            48608 kB
Node 0 AnonPages:         27456 kB
Node 0 Shmem:               628 kB
Node 0 KernelStack:        3224 kB
Node 0 PageTables:          892 kB
Node 0 NFS_Unstable:          0 kB
Node 0 Bounce:                0 kB
Node 0 WritebackTmp:          0 kB
Node 0 KReclaimable:      24800 kB
Node 0 Slab:              63220 kB
Node 0 SReclaimable:      24800 kB
Node 0 SUnreclaim:        38420 kB
Node 0 AnonHugePages:         0 kB
Node 0 ShmemHugePages:        0 kB
Node 0 ShmemPmdMapped:        0 kB
Node 0 FileHugePages:        0 kB
Node 0 FilePmdMapped:        0 kB
Node 0 HugePages_Total:     0
Node 0 HugePages_Free:      0
Node 0 HugePages_Surp:      0

Node 1 MemTotal:       24686196 kB
Node 1 MemFree:        24321524 kB
Node 1 MemUsed:          364672 kB
Node 1 Active:            44728 kB
Node 1 Inactive:          42752 kB
Node 1 Active(anon):      16244 kB
Node 1 Inactive(anon):      472 kB
Node 1 Active(file):      28484 kB
Node 1 Inactive(file):    42280 kB
Node 1 Unevictable:        5680 kB
Node 1 Mlocked:            5680 kB
Node 1 Dirty:                28 kB
Node 1 Writeback:             0 kB
Node 1 FilePages:         77096 kB
Node 1 Mapped:            16092 kB
Node 1 AnonPages:         15888 kB
Node 1 Shmem:               640 kB
Node 1 KernelStack:        1560 kB
Node 1 PageTables:          348 kB
Node 1 NFS_Unstable:          0 kB
Node 1 Bounce:                0 kB
Node 1 WritebackTmp:          0 kB
Node 1 KReclaimable:      17980 kB
Node 1 Slab:              53656 kB
Node 1 SReclaimable:      17980 kB
Node 1 SUnreclaim:        35676 kB
Node 1 AnonHugePages:         0 kB
Node 1 ShmemHugePages:        0 kB
Node 1 ShmemPmdMapped:        0 kB
Node 1 FileHugePages:        0 kB
Node 1 FilePmdMapped:        0 kB
Node 1 HugePages_Total:     0
Node 1 HugePages_Free:      0
Node 1 HugePages_Surp:      0

After Test
Node 0 MemTotal:       24743736 kB
Node 0 MemFree:        24008516 kB
Node 0 MemUsed:          735220 kB
Node 0 Active:            59020 kB
Node 0 Inactive:          67684 kB
Node 0 Active(anon):      17076 kB
Node 0 Inactive(anon):      408 kB
Node 0 Active(file):      41944 kB
Node 0 Inactive(file):    67276 kB
Node 0 Unevictable:       12840 kB
Node 0 Mlocked:           12840 kB
Node 0 Dirty:                16 kB
Node 0 Writeback:             0 kB
Node 0 FilePages:        112380 kB
Node 0 Mapped:            48652 kB
Node 0 AnonPages:         27180 kB
Node 0 Shmem:               628 kB
Node 0 KernelStack:        3096 kB
Node 0 PageTables:          796 kB
Node 0 NFS_Unstable:          0 kB
Node 0 Bounce:                0 kB
Node 0 WritebackTmp:          0 kB
Node 0 KReclaimable:      24816 kB
Node 0 Slab:              65196 kB
Node 0 SReclaimable:      24816 kB
Node 0 SUnreclaim:        40380 kB
Node 0 AnonHugePages:         0 kB
Node 0 ShmemHugePages:        0 kB
Node 0 ShmemPmdMapped:        0 kB
Node 0 FileHugePages:        0 kB
Node 0 FilePmdMapped:        0 kB
Node 0 HugePages_Total:     0
Node 0 HugePages_Free:      0
Node 0 HugePages_Surp:      0

Node 1 MemTotal:       24686196 kB
Node 1 MemFree:        19724356 kB
Node 1 MemUsed:         4961840 kB
Node 1 Active:            45072 kB
Node 1 Inactive:          42596 kB
Node 1 Active(anon):      15956 kB
Node 1 Inactive(anon):      472 kB
Node 1 Active(file):      29116 kB
Node 1 Inactive(file):    42124 kB
Node 1 Unevictable:        5680 kB
Node 1 Mlocked:            5680 kB
Node 1 Dirty:                12 kB
Node 1 Writeback:             0 kB
Node 1 FilePages:         77564 kB
Node 1 Mapped:            15960 kB
Node 1 AnonPages:         15820 kB
Node 1 Shmem:               640 kB
Node 1 KernelStack:        1528 kB
Node 1 PageTables:          340 kB
Node 1 NFS_Unstable:          0 kB
Node 1 Bounce:                0 kB
Node 1 WritebackTmp:          0 kB
Node 1 KReclaimable:      18068 kB
Node 1 Slab:              71840 kB
Node 1 SReclaimable:      18068 kB
Node 1 SUnreclaim:        53772 kB
Node 1 AnonHugePages:         0 kB
Node 1 ShmemHugePages:        0 kB
Node 1 ShmemPmdMapped:        0 kB
Node 1 FileHugePages:        0 kB
Node 1 FilePmdMapped:        0 kB
Node 1 HugePages_Total:     0
Node 1 HugePages_Free:      0
Node 1 HugePages_Surp:      0

After Opposite Node
Node 0 MemTotal:       24743736 kB
Node 0 MemFree:        24010128 kB
Node 0 MemUsed:          733608 kB
Node 0 Active:            59592 kB
Node 0 Inactive:          67464 kB
Node 0 Active(anon):      17400 kB
Node 0 Inactive(anon):      408 kB
Node 0 Active(file):      42192 kB
Node 0 Inactive(file):    67056 kB
Node 0 Unevictable:       12840 kB
Node 0 Mlocked:           12840 kB
Node 0 Dirty:                 4 kB
Node 0 Writeback:             0 kB
Node 0 FilePages:        112392 kB
Node 0 Mapped:            48636 kB
Node 0 AnonPages:         27528 kB
Node 0 Shmem:               628 kB
Node 0 KernelStack:        3112 kB
Node 0 PageTables:          848 kB
Node 0 NFS_Unstable:          0 kB
Node 0 Bounce:                0 kB
Node 0 WritebackTmp:          0 kB
Node 0 KReclaimable:      24900 kB
Node 0 Slab:              66240 kB
Node 0 SReclaimable:      24900 kB
Node 0 SUnreclaim:        41340 kB
Node 0 AnonHugePages:         0 kB
Node 0 ShmemHugePages:        0 kB
Node 0 ShmemPmdMapped:        0 kB
Node 0 FileHugePages:        0 kB
Node 0 FilePmdMapped:        0 kB
Node 0 HugePages_Total:     0
Node 0 HugePages_Free:      0
Node 0 HugePages_Surp:      0

Node 1 MemTotal:       24686196 kB
Node 1 MemFree:        19725828 kB
Node 1 MemUsed:         4960368 kB
Node 1 Active:            44912 kB
Node 1 Inactive:          42588 kB
Node 1 Active(anon):      15644 kB
Node 1 Inactive(anon):      472 kB
Node 1 Active(file):      29268 kB
Node 1 Inactive(file):    42116 kB
Node 1 Unevictable:        5680 kB
Node 1 Mlocked:            5680 kB
Node 1 Dirty:                20 kB
Node 1 Writeback:             0 kB
Node 1 FilePages:         77716 kB
Node 1 Mapped:            15964 kB
Node 1 AnonPages:         15484 kB
Node 1 Shmem:               640 kB
Node 1 KernelStack:        1512 kB
Node 1 PageTables:          292 kB
Node 1 NFS_Unstable:          0 kB
Node 1 Bounce:                0 kB
Node 1 WritebackTmp:          0 kB
Node 1 KReclaimable:      18088 kB
Node 1 Slab:              71856 kB
Node 1 SReclaimable:      18088 kB
Node 1 SUnreclaim:        53768 kB
Node 1 AnonHugePages:         0 kB
Node 1 ShmemHugePages:        0 kB
Node 1 ShmemPmdMapped:        0 kB
Node 1 FileHugePages:        0 kB
Node 1 FilePmdMapped:        0 kB
Node 1 HugePages_Total:     0
Node 1 HugePages_Free:      0
Node 1 HugePages_Surp:      0

U.1.simpleread.4G.3.O Complete!
