kernel.numa_balancing = 0
55 Tests Remaining!
U.1.simpleread.8G.2.O
Begin
Node 0 MemTotal:       24768352 kB
Node 0 MemFree:        24320456 kB
Node 0 MemUsed:          447896 kB
Node 0 Active:            74856 kB
Node 0 Inactive:          73064 kB
Node 0 Active(anon):      17916 kB
Node 0 Inactive(anon):      368 kB
Node 0 Active(file):      56940 kB
Node 0 Inactive(file):    72696 kB
Node 0 Unevictable:       17332 kB
Node 0 Mlocked:           17332 kB
Node 0 Dirty:                72 kB
Node 0 Writeback:             0 kB
Node 0 FilePages:        137212 kB
Node 0 Mapped:            25272 kB
Node 0 AnonPages:         28100 kB
Node 0 Shmem:               576 kB
Node 0 KernelStack:        2072 kB
Node 0 PageTables:          592 kB
Node 0 NFS_Unstable:          0 kB
Node 0 Bounce:                0 kB
Node 0 WritebackTmp:          0 kB
Node 0 KReclaimable:      27596 kB
Node 0 Slab:              61256 kB
Node 0 SReclaimable:      27596 kB
Node 0 SUnreclaim:        33660 kB
Node 0 AnonHugePages:         0 kB
Node 0 ShmemHugePages:        0 kB
Node 0 ShmemPmdMapped:        0 kB
Node 0 FileHugePages:        0 kB
Node 0 FilePmdMapped:        0 kB
Node 0 HugePages_Total:     0
Node 0 HugePages_Free:      0
Node 0 HugePages_Surp:      0

Node 1 MemTotal:       24661580 kB
Node 1 MemFree:        24443536 kB
Node 1 MemUsed:          218044 kB
Node 1 Active:            30392 kB
Node 1 Inactive:          63372 kB
Node 1 Active(anon):      15072 kB
Node 1 Inactive(anon):      512 kB
Node 1 Active(file):      15320 kB
Node 1 Inactive(file):    62860 kB
Node 1 Unevictable:        1192 kB
Node 1 Mlocked:            1192 kB
Node 1 Dirty:                36 kB
Node 1 Writeback:             0 kB
Node 1 FilePages:         80072 kB
Node 1 Mapped:            13376 kB
Node 1 AnonPages:         14976 kB
Node 1 Shmem:               692 kB
Node 1 KernelStack:        1752 kB
Node 1 PageTables:          588 kB
Node 1 NFS_Unstable:          0 kB
Node 1 Bounce:                0 kB
Node 1 WritebackTmp:          0 kB
Node 1 KReclaimable:      15132 kB
Node 1 Slab:              45388 kB
Node 1 SReclaimable:      15132 kB
Node 1 SUnreclaim:        30256 kB
Node 1 AnonHugePages:         0 kB
Node 1 ShmemHugePages:        0 kB
Node 1 ShmemPmdMapped:        0 kB
Node 1 FileHugePages:        0 kB
Node 1 FilePmdMapped:        0 kB
Node 1 HugePages_Total:     0
Node 1 HugePages_Free:      0
Node 1 HugePages_Surp:      0

Load ZFS
Node 0 MemTotal:       24768352 kB
Node 0 MemFree:        24448976 kB
Node 0 MemUsed:          319376 kB
Node 0 Active:            85032 kB
Node 0 Inactive:          68676 kB
Node 0 Active(anon):      22336 kB
Node 0 Inactive(anon):      368 kB
Node 0 Active(file):      62696 kB
Node 0 Inactive(file):    68308 kB
Node 0 Unevictable:       17332 kB
Node 0 Mlocked:           17332 kB
Node 0 Dirty:                 0 kB
Node 0 Writeback:             0 kB
Node 0 FilePages:        138580 kB
Node 0 Mapped:            25272 kB
Node 0 AnonPages:         32600 kB
Node 0 Shmem:               576 kB
Node 0 KernelStack:        2104 kB
Node 0 PageTables:          748 kB
Node 0 NFS_Unstable:          0 kB
Node 0 Bounce:                0 kB
Node 0 WritebackTmp:          0 kB
Node 0 KReclaimable:      27996 kB
Node 0 Slab:              62632 kB
Node 0 SReclaimable:      27996 kB
Node 0 SUnreclaim:        34636 kB
Node 0 AnonHugePages:         0 kB
Node 0 ShmemHugePages:        0 kB
Node 0 ShmemPmdMapped:        0 kB
Node 0 FileHugePages:        0 kB
Node 0 FilePmdMapped:        0 kB
Node 0 HugePages_Total:     0
Node 0 HugePages_Free:      0
Node 0 HugePages_Surp:      0

Node 1 MemTotal:       24661580 kB
Node 1 MemFree:        24300156 kB
Node 1 MemUsed:          361424 kB
Node 1 Active:            35208 kB
Node 1 Inactive:          63700 kB
Node 1 Active(anon):      19188 kB
Node 1 Inactive(anon):      512 kB
Node 1 Active(file):      16020 kB
Node 1 Inactive(file):    63188 kB
Node 1 Unevictable:        1192 kB
Node 1 Mlocked:            1192 kB
Node 1 Dirty:                 0 kB
Node 1 Writeback:             0 kB
Node 1 FilePages:         81092 kB
Node 1 Mapped:            13372 kB
Node 1 AnonPages:         18472 kB
Node 1 Shmem:               692 kB
Node 1 KernelStack:        1736 kB
Node 1 PageTables:          860 kB
Node 1 NFS_Unstable:          0 kB
Node 1 Bounce:                0 kB
Node 1 WritebackTmp:          0 kB
Node 1 KReclaimable:      15360 kB
Node 1 Slab:              46988 kB
Node 1 SReclaimable:      15360 kB
Node 1 SUnreclaim:        31628 kB
Node 1 AnonHugePages:         0 kB
Node 1 ShmemHugePages:        0 kB
Node 1 ShmemPmdMapped:        0 kB
Node 1 FileHugePages:        0 kB
Node 1 FilePmdMapped:        0 kB
Node 1 HugePages_Total:     0
Node 1 HugePages_Free:      0
Node 1 HugePages_Surp:      0

Import tank ZPool
Node 0 MemTotal:       24768352 kB
Node 0 MemFree:        24448868 kB
Node 0 MemUsed:          319484 kB
Node 0 Active:            85244 kB
Node 0 Inactive:          68580 kB
Node 0 Active(anon):      22452 kB
Node 0 Inactive(anon):      368 kB
Node 0 Active(file):      62792 kB
Node 0 Inactive(file):    68212 kB
Node 0 Unevictable:       17332 kB
Node 0 Mlocked:           17332 kB
Node 0 Dirty:                48 kB
Node 0 Writeback:             0 kB
Node 0 FilePages:        138576 kB
Node 0 Mapped:            25596 kB
Node 0 AnonPages:         32644 kB
Node 0 Shmem:               572 kB
Node 0 KernelStack:        2104 kB
Node 0 PageTables:          748 kB
Node 0 NFS_Unstable:          0 kB
Node 0 Bounce:                0 kB
Node 0 WritebackTmp:          0 kB
Node 0 KReclaimable:      27996 kB
Node 0 Slab:              63528 kB
Node 0 SReclaimable:      27996 kB
Node 0 SUnreclaim:        35532 kB
Node 0 AnonHugePages:         0 kB
Node 0 ShmemHugePages:        0 kB
Node 0 ShmemPmdMapped:        0 kB
Node 0 FileHugePages:        0 kB
Node 0 FilePmdMapped:        0 kB
Node 0 HugePages_Total:     0
Node 0 HugePages_Free:      0
Node 0 HugePages_Surp:      0

Node 1 MemTotal:       24661580 kB
Node 1 MemFree:        24277224 kB
Node 1 MemUsed:          384356 kB
Node 1 Active:            36008 kB
Node 1 Inactive:          64932 kB
Node 1 Active(anon):      19528 kB
Node 1 Inactive(anon):      516 kB
Node 1 Active(file):      16480 kB
Node 1 Inactive(file):    64416 kB
Node 1 Unevictable:        1192 kB
Node 1 Mlocked:            1192 kB
Node 1 Dirty:                64 kB
Node 1 Writeback:             0 kB
Node 1 FilePages:         82820 kB
Node 1 Mapped:            13456 kB
Node 1 AnonPages:         19124 kB
Node 1 Shmem:               696 kB
Node 1 KernelStack:        2888 kB
Node 1 PageTables:          952 kB
Node 1 NFS_Unstable:          0 kB
Node 1 Bounce:                0 kB
Node 1 WritebackTmp:          0 kB
Node 1 KReclaimable:      15480 kB
Node 1 Slab:              53460 kB
Node 1 SReclaimable:      15480 kB
Node 1 SUnreclaim:        37980 kB
Node 1 AnonHugePages:         0 kB
Node 1 ShmemHugePages:        0 kB
Node 1 ShmemPmdMapped:        0 kB
Node 1 FileHugePages:        0 kB
Node 1 FilePmdMapped:        0 kB
Node 1 HugePages_Total:     0
Node 1 HugePages_Free:      0
Node 1 HugePages_Surp:      0

After Test
Node 0 MemTotal:       24768352 kB
Node 0 MemFree:        24249880 kB
Node 0 MemUsed:          518472 kB
Node 0 Active:            80480 kB
Node 0 Inactive:          68504 kB
Node 0 Active(anon):      17580 kB
Node 0 Inactive(anon):      368 kB
Node 0 Active(file):      62900 kB
Node 0 Inactive(file):    68136 kB
Node 0 Unevictable:       17332 kB
Node 0 Mlocked:           17332 kB
Node 0 Dirty:                 0 kB
Node 0 Writeback:             0 kB
Node 0 FilePages:        138664 kB
Node 0 Mapped:            25548 kB
Node 0 AnonPages:         27704 kB
Node 0 Shmem:               572 kB
Node 0 KernelStack:        1976 kB
Node 0 PageTables:          568 kB
Node 0 NFS_Unstable:          0 kB
Node 0 Bounce:                0 kB
Node 0 WritebackTmp:          0 kB
Node 0 KReclaimable:      28052 kB
Node 0 Slab:              65292 kB
Node 0 SReclaimable:      28052 kB
Node 0 SUnreclaim:        37240 kB
Node 0 AnonHugePages:         0 kB
Node 0 ShmemHugePages:        0 kB
Node 0 ShmemPmdMapped:        0 kB
Node 0 FileHugePages:        0 kB
Node 0 FilePmdMapped:        0 kB
Node 0 HugePages_Total:     0
Node 0 HugePages_Free:      0
Node 0 HugePages_Surp:      0

Node 1 MemTotal:       24661580 kB
Node 1 MemFree:        15242180 kB
Node 1 MemUsed:         9419400 kB
Node 1 Active:            32608 kB
Node 1 Inactive:          64688 kB
Node 1 Active(anon):      15496 kB
Node 1 Inactive(anon):      516 kB
Node 1 Active(file):      17112 kB
Node 1 Inactive(file):    64172 kB
Node 1 Unevictable:        1192 kB
Node 1 Mlocked:            1192 kB
Node 1 Dirty:                 0 kB
Node 1 Writeback:             0 kB
Node 1 FilePages:         83172 kB
Node 1 Mapped:            13224 kB
Node 1 AnonPages:         15340 kB
Node 1 Shmem:               696 kB
Node 1 KernelStack:        2616 kB
Node 1 PageTables:          492 kB
Node 1 NFS_Unstable:          0 kB
Node 1 Bounce:                0 kB
Node 1 WritebackTmp:          0 kB
Node 1 KReclaimable:      15568 kB
Node 1 Slab:              85916 kB
Node 1 SReclaimable:      15568 kB
Node 1 SUnreclaim:        70348 kB
Node 1 AnonHugePages:         0 kB
Node 1 ShmemHugePages:        0 kB
Node 1 ShmemPmdMapped:        0 kB
Node 1 FileHugePages:        0 kB
Node 1 FilePmdMapped:        0 kB
Node 1 HugePages_Total:     0
Node 1 HugePages_Free:      0
Node 1 HugePages_Surp:      0

After Opposite Node
Node 0 MemTotal:       24768352 kB
Node 0 MemFree:        24251192 kB
Node 0 MemUsed:          517160 kB
Node 0 Active:            81120 kB
Node 0 Inactive:          68260 kB
Node 0 Active(anon):      17908 kB
Node 0 Inactive(anon):      368 kB
Node 0 Active(file):      63212 kB
Node 0 Inactive(file):    67892 kB
Node 0 Unevictable:       17332 kB
Node 0 Mlocked:           17332 kB
Node 0 Dirty:                16 kB
Node 0 Writeback:             0 kB
Node 0 FilePages:        138688 kB
Node 0 Mapped:            25336 kB
Node 0 AnonPages:         28056 kB
Node 0 Shmem:               572 kB
Node 0 KernelStack:        1992 kB
Node 0 PageTables:          620 kB
Node 0 NFS_Unstable:          0 kB
Node 0 Bounce:                0 kB
Node 0 WritebackTmp:          0 kB
Node 0 KReclaimable:      28104 kB
Node 0 Slab:              66800 kB
Node 0 SReclaimable:      28104 kB
Node 0 SUnreclaim:        38696 kB
Node 0 AnonHugePages:         0 kB
Node 0 ShmemHugePages:        0 kB
Node 0 ShmemPmdMapped:        0 kB
Node 0 FileHugePages:        0 kB
Node 0 FilePmdMapped:        0 kB
Node 0 HugePages_Total:     0
Node 0 HugePages_Free:      0
Node 0 HugePages_Surp:      0

Node 1 MemTotal:       24661580 kB
Node 1 MemFree:        15250224 kB
Node 1 MemUsed:         9411356 kB
Node 1 Active:            32472 kB
Node 1 Inactive:          64672 kB
Node 1 Active(anon):      15180 kB
Node 1 Inactive(anon):      516 kB
Node 1 Active(file):      17292 kB
Node 1 Inactive(file):    64156 kB
Node 1 Unevictable:        1192 kB
Node 1 Mlocked:            1192 kB
Node 1 Dirty:                 8 kB
Node 1 Writeback:             0 kB
Node 1 FilePages:         83340 kB
Node 1 Mapped:            13224 kB
Node 1 AnonPages:         15000 kB
Node 1 Shmem:               696 kB
Node 1 KernelStack:        2600 kB
Node 1 PageTables:          440 kB
Node 1 NFS_Unstable:          0 kB
Node 1 Bounce:                0 kB
Node 1 WritebackTmp:          0 kB
Node 1 KReclaimable:      15604 kB
Node 1 Slab:              85368 kB
Node 1 SReclaimable:      15604 kB
Node 1 SUnreclaim:        69764 kB
Node 1 AnonHugePages:         0 kB
Node 1 ShmemHugePages:        0 kB
Node 1 ShmemPmdMapped:        0 kB
Node 1 FileHugePages:        0 kB
Node 1 FilePmdMapped:        0 kB
Node 1 HugePages_Total:     0
Node 1 HugePages_Free:      0
Node 1 HugePages_Surp:      0

U.1.simpleread.8G.2.O Complete!
