kernel.numa_balancing = 0
U.1.simpleread.16G.1.O
Begin
Node 0 MemTotal:       24768352 kB
Node 0 MemFree:        24364972 kB
Node 0 MemUsed:          403380 kB
Node 0 Active:            49468 kB
Node 0 Inactive:          54336 kB
Node 0 Active(anon):       9716 kB
Node 0 Inactive(anon):      604 kB
Node 0 Active(file):      39752 kB
Node 0 Inactive(file):    53732 kB
Node 0 Unevictable:       16988 kB
Node 0 Mlocked:           16988 kB
Node 0 Dirty:               152 kB
Node 0 Writeback:             0 kB
Node 0 FilePages:        100924 kB
Node 0 Mapped:            23328 kB
Node 0 AnonPages:         19976 kB
Node 0 Shmem:               784 kB
Node 0 KernelStack:        2120 kB
Node 0 PageTables:          500 kB
Node 0 NFS_Unstable:          0 kB
Node 0 Bounce:                0 kB
Node 0 WritebackTmp:          0 kB
Node 0 KReclaimable:      23708 kB
Node 0 Slab:              60748 kB
Node 0 SReclaimable:      23708 kB
Node 0 SUnreclaim:        37040 kB
Node 0 AnonHugePages:         0 kB
Node 0 ShmemHugePages:        0 kB
Node 0 ShmemPmdMapped:        0 kB
Node 0 FileHugePages:        0 kB
Node 0 FilePmdMapped:        0 kB
Node 0 HugePages_Total:     0
Node 0 HugePages_Free:      0
Node 0 HugePages_Surp:      0

Node 1 MemTotal:       24661580 kB
Node 1 MemFree:        24458200 kB
Node 1 MemUsed:          203380 kB
Node 1 Active:            45820 kB
Node 1 Inactive:          33504 kB
Node 1 Active(anon):      24120 kB
Node 1 Inactive(anon):      284 kB
Node 1 Active(file):      21700 kB
Node 1 Inactive(file):    33220 kB
Node 1 Unevictable:        1536 kB
Node 1 Mlocked:            1536 kB
Node 1 Dirty:               360 kB
Node 1 Writeback:             0 kB
Node 1 FilePages:         56988 kB
Node 1 Mapped:            18060 kB
Node 1 AnonPages:         23940 kB
Node 1 Shmem:               484 kB
Node 1 KernelStack:        1480 kB
Node 1 PageTables:          588 kB
Node 1 NFS_Unstable:          0 kB
Node 1 Bounce:                0 kB
Node 1 WritebackTmp:          0 kB
Node 1 KReclaimable:      18100 kB
Node 1 Slab:              45844 kB
Node 1 SReclaimable:      18100 kB
Node 1 SUnreclaim:        27744 kB
Node 1 AnonHugePages:         0 kB
Node 1 ShmemHugePages:        0 kB
Node 1 ShmemPmdMapped:        0 kB
Node 1 FileHugePages:        0 kB
Node 1 FilePmdMapped:        0 kB
Node 1 HugePages_Total:     0
Node 1 HugePages_Free:      0
Node 1 HugePages_Surp:      0

Load ZFS
Node 0 MemTotal:       24768352 kB
Node 0 MemFree:        24493628 kB
Node 0 MemUsed:          274724 kB
Node 0 Active:            60272 kB
Node 0 Inactive:          49496 kB
Node 0 Active(anon):      15040 kB
Node 0 Inactive(anon):      604 kB
Node 0 Active(file):      45232 kB
Node 0 Inactive(file):    48892 kB
Node 0 Unevictable:       16988 kB
Node 0 Mlocked:           16988 kB
Node 0 Dirty:               156 kB
Node 0 Writeback:             0 kB
Node 0 FilePages:        101564 kB
Node 0 Mapped:            23492 kB
Node 0 AnonPages:         25308 kB
Node 0 Shmem:               784 kB
Node 0 KernelStack:        2184 kB
Node 0 PageTables:          824 kB
Node 0 NFS_Unstable:          0 kB
Node 0 Bounce:                0 kB
Node 0 WritebackTmp:          0 kB
Node 0 KReclaimable:      24184 kB
Node 0 Slab:              62012 kB
Node 0 SReclaimable:      24184 kB
Node 0 SUnreclaim:        37828 kB
Node 0 AnonHugePages:         0 kB
Node 0 ShmemHugePages:        0 kB
Node 0 ShmemPmdMapped:        0 kB
Node 0 FileHugePages:        0 kB
Node 0 FilePmdMapped:        0 kB
Node 0 HugePages_Total:     0
Node 0 HugePages_Free:      0
Node 0 HugePages_Surp:      0

Node 1 MemTotal:       24661580 kB
Node 1 MemFree:        24317336 kB
Node 1 MemUsed:          344244 kB
Node 1 Active:            47288 kB
Node 1 Inactive:          34280 kB
Node 1 Active(anon):      24568 kB
Node 1 Inactive(anon):      284 kB
Node 1 Active(file):      22720 kB
Node 1 Inactive(file):    33996 kB
Node 1 Unevictable:        1536 kB
Node 1 Mlocked:            1536 kB
Node 1 Dirty:               388 kB
Node 1 Writeback:             0 kB
Node 1 FilePages:         58736 kB
Node 1 Mapped:            18060 kB
Node 1 AnonPages:         24304 kB
Node 1 Shmem:               484 kB
Node 1 KernelStack:        1576 kB
Node 1 PageTables:          616 kB
Node 1 NFS_Unstable:          0 kB
Node 1 Bounce:                0 kB
Node 1 WritebackTmp:          0 kB
Node 1 KReclaimable:      18432 kB
Node 1 Slab:              47680 kB
Node 1 SReclaimable:      18432 kB
Node 1 SUnreclaim:        29248 kB
Node 1 AnonHugePages:         0 kB
Node 1 ShmemHugePages:        0 kB
Node 1 ShmemPmdMapped:        0 kB
Node 1 FileHugePages:        0 kB
Node 1 FilePmdMapped:        0 kB
Node 1 HugePages_Total:     0
Node 1 HugePages_Free:      0
Node 1 HugePages_Surp:      0

Import tank ZPool
Node 0 MemTotal:       24768352 kB
Node 0 MemFree:        24498480 kB
Node 0 MemUsed:          269872 kB
Node 0 Active:            54432 kB
Node 0 Inactive:          49392 kB
Node 0 Active(anon):       9048 kB
Node 0 Inactive(anon):      604 kB
Node 0 Active(file):      45384 kB
Node 0 Inactive(file):    48788 kB
Node 0 Unevictable:       16988 kB
Node 0 Mlocked:           16988 kB
Node 0 Dirty:               184 kB
Node 0 Writeback:             0 kB
Node 0 FilePages:        101628 kB
Node 0 Mapped:            23592 kB
Node 0 AnonPages:         19196 kB
Node 0 Shmem:               784 kB
Node 0 KernelStack:        2056 kB
Node 0 PageTables:          428 kB
Node 0 NFS_Unstable:          0 kB
Node 0 Bounce:                0 kB
Node 0 WritebackTmp:          0 kB
Node 0 KReclaimable:      24192 kB
Node 0 Slab:              62016 kB
Node 0 SReclaimable:      24192 kB
Node 0 SUnreclaim:        37824 kB
Node 0 AnonHugePages:         0 kB
Node 0 ShmemHugePages:        0 kB
Node 0 ShmemPmdMapped:        0 kB
Node 0 FileHugePages:        0 kB
Node 0 FilePmdMapped:        0 kB
Node 0 HugePages_Total:     0
Node 0 HugePages_Free:      0
Node 0 HugePages_Surp:      0

Node 1 MemTotal:       24661580 kB
Node 1 MemFree:        24298560 kB
Node 1 MemUsed:          363020 kB
Node 1 Active:            47584 kB
Node 1 Inactive:          35520 kB
Node 1 Active(anon):      24420 kB
Node 1 Inactive(anon):      288 kB
Node 1 Active(file):      23164 kB
Node 1 Inactive(file):    35232 kB
Node 1 Unevictable:        1536 kB
Node 1 Mlocked:            1536 kB
Node 1 Dirty:               180 kB
Node 1 Writeback:             0 kB
Node 1 FilePages:         60440 kB
Node 1 Mapped:            18356 kB
Node 1 AnonPages:         23860 kB
Node 1 Shmem:               484 kB
Node 1 KernelStack:        2648 kB
Node 1 PageTables:          696 kB
Node 1 NFS_Unstable:          0 kB
Node 1 Bounce:                0 kB
Node 1 WritebackTmp:          0 kB
Node 1 KReclaimable:      18548 kB
Node 1 Slab:              54612 kB
Node 1 SReclaimable:      18548 kB
Node 1 SUnreclaim:        36064 kB
Node 1 AnonHugePages:         0 kB
Node 1 ShmemHugePages:        0 kB
Node 1 ShmemPmdMapped:        0 kB
Node 1 FileHugePages:        0 kB
Node 1 FilePmdMapped:        0 kB
Node 1 HugePages_Total:     0
Node 1 HugePages_Free:      0
Node 1 HugePages_Surp:      0

After Test
Node 0 MemTotal:       24768352 kB
Node 0 MemFree:        23687420 kB
Node 0 MemUsed:         1080932 kB
Node 0 Active:            54376 kB
Node 0 Inactive:          49384 kB
Node 0 Active(anon):       8928 kB
Node 0 Inactive(anon):      600 kB
Node 0 Active(file):      45448 kB
Node 0 Inactive(file):    48784 kB
Node 0 Unevictable:       16988 kB
Node 0 Mlocked:           16988 kB
Node 0 Dirty:                24 kB
Node 0 Writeback:             0 kB
Node 0 FilePages:        101720 kB
Node 0 Mapped:            23344 kB
Node 0 AnonPages:         19076 kB
Node 0 Shmem:               780 kB
Node 0 KernelStack:        1896 kB
Node 0 PageTables:          428 kB
Node 0 NFS_Unstable:          0 kB
Node 0 Bounce:                0 kB
Node 0 WritebackTmp:          0 kB
Node 0 KReclaimable:      24288 kB
Node 0 Slab:              64548 kB
Node 0 SReclaimable:      24288 kB
Node 0 SUnreclaim:        40260 kB
Node 0 AnonHugePages:         0 kB
Node 0 ShmemHugePages:        0 kB
Node 0 ShmemPmdMapped:        0 kB
Node 0 FileHugePages:        0 kB
Node 0 FilePmdMapped:        0 kB
Node 0 HugePages_Total:     0
Node 0 HugePages_Free:      0
Node 0 HugePages_Surp:      0

Node 1 MemTotal:       24661580 kB
Node 1 MemFree:         7445396 kB
Node 1 MemUsed:        17216184 kB
Node 1 Active:            48296 kB
Node 1 Inactive:          35180 kB
Node 1 Active(anon):      24196 kB
Node 1 Inactive(anon):      292 kB
Node 1 Active(file):      24100 kB
Node 1 Inactive(file):    34888 kB
Node 1 Unevictable:        1536 kB
Node 1 Mlocked:            1536 kB
Node 1 Dirty:                24 kB
Node 1 Writeback:             0 kB
Node 1 FilePages:         61032 kB
Node 1 Mapped:            18104 kB
Node 1 AnonPages:         24064 kB
Node 1 Shmem:               488 kB
Node 1 KernelStack:        2568 kB
Node 1 PageTables:          640 kB
Node 1 NFS_Unstable:          0 kB
Node 1 Bounce:                0 kB
Node 1 WritebackTmp:          0 kB
Node 1 KReclaimable:      18788 kB
Node 1 Slab:             112552 kB
Node 1 SReclaimable:      18788 kB
Node 1 SUnreclaim:        93764 kB
Node 1 AnonHugePages:         0 kB
Node 1 ShmemHugePages:        0 kB
Node 1 ShmemPmdMapped:        0 kB
Node 1 FileHugePages:        0 kB
Node 1 FilePmdMapped:        0 kB
Node 1 HugePages_Total:     0
Node 1 HugePages_Free:      0
Node 1 HugePages_Surp:      0

After Opposite Node
Node 0 MemTotal:       24768352 kB
Node 0 MemFree:        23687460 kB
Node 0 MemUsed:         1080892 kB
Node 0 Active:            54748 kB
Node 0 Inactive:          49352 kB
Node 0 Active(anon):       9208 kB
Node 0 Inactive(anon):      600 kB
Node 0 Active(file):      45540 kB
Node 0 Inactive(file):    48752 kB
Node 0 Unevictable:       16988 kB
Node 0 Mlocked:           16988 kB
Node 0 Dirty:                36 kB
Node 0 Writeback:             0 kB
Node 0 FilePages:        101732 kB
Node 0 Mapped:            23340 kB
Node 0 AnonPages:         19424 kB
Node 0 Shmem:               780 kB
Node 0 KernelStack:        1912 kB
Node 0 PageTables:          476 kB
Node 0 NFS_Unstable:          0 kB
Node 0 Bounce:                0 kB
Node 0 WritebackTmp:          0 kB
Node 0 KReclaimable:      24380 kB
Node 0 Slab:              67216 kB
Node 0 SReclaimable:      24380 kB
Node 0 SUnreclaim:        42836 kB
Node 0 AnonHugePages:         0 kB
Node 0 ShmemHugePages:        0 kB
Node 0 ShmemPmdMapped:        0 kB
Node 0 FileHugePages:        0 kB
Node 0 FilePmdMapped:        0 kB
Node 0 HugePages_Total:     0
Node 0 HugePages_Free:      0
Node 0 HugePages_Surp:      0

Node 1 MemTotal:       24661580 kB
Node 1 MemFree:         7450580 kB
Node 1 MemUsed:        17211000 kB
Node 1 Active:            48396 kB
Node 1 Inactive:          34952 kB
Node 1 Active(anon):      23904 kB
Node 1 Inactive(anon):      292 kB
Node 1 Active(file):      24492 kB
Node 1 Inactive(file):    34660 kB
Node 1 Unevictable:        1536 kB
Node 1 Mlocked:            1536 kB
Node 1 Dirty:                32 kB
Node 1 Writeback:             0 kB
Node 1 FilePages:         61228 kB
Node 1 Mapped:            18348 kB
Node 1 AnonPages:         23724 kB
Node 1 Shmem:               488 kB
Node 1 KernelStack:        2568 kB
Node 1 PageTables:          588 kB
Node 1 NFS_Unstable:          0 kB
Node 1 Bounce:                0 kB
Node 1 WritebackTmp:          0 kB
Node 1 KReclaimable:      18788 kB
Node 1 Slab:             111736 kB
Node 1 SReclaimable:      18788 kB
Node 1 SUnreclaim:        92948 kB
Node 1 AnonHugePages:         0 kB
Node 1 ShmemHugePages:        0 kB
Node 1 ShmemPmdMapped:        0 kB
Node 1 FileHugePages:        0 kB
Node 1 FilePmdMapped:        0 kB
Node 1 HugePages_Total:     0
Node 1 HugePages_Free:      0
Node 1 HugePages_Surp:      0

U.1.simpleread.16G.1.O Complete!
