kernel.numa_balancing = 0
U.1.simpleread.500M.2.O
Begin
Node 0 MemTotal:       24768352 kB
Node 0 MemFree:        24469648 kB
Node 0 MemUsed:          298704 kB
Node 0 Active:            47828 kB
Node 0 Inactive:         101816 kB
Node 0 Active(anon):      20160 kB
Node 0 Inactive(anon):      460 kB
Node 0 Active(file):      27668 kB
Node 0 Inactive(file):   101356 kB
Node 0 Unevictable:        5744 kB
Node 0 Mlocked:            5744 kB
Node 0 Dirty:               172 kB
Node 0 Writeback:             0 kB
Node 0 FilePages:        135476 kB
Node 0 Mapped:            57148 kB
Node 0 AnonPages:         20064 kB
Node 0 Shmem:               680 kB
Node 0 KernelStack:        1864 kB
Node 0 PageTables:          676 kB
Node 0 NFS_Unstable:          0 kB
Node 0 Bounce:                0 kB
Node 0 WritebackTmp:          0 kB
Node 0 KReclaimable:      20024 kB
Node 0 Slab:              57200 kB
Node 0 SReclaimable:      20024 kB
Node 0 SUnreclaim:        37176 kB
Node 0 AnonHugePages:         0 kB
Node 0 ShmemHugePages:        0 kB
Node 0 ShmemPmdMapped:        0 kB
Node 0 FileHugePages:        0 kB
Node 0 FilePmdMapped:        0 kB
Node 0 HugePages_Total:     0
Node 0 HugePages_Free:      0
Node 0 HugePages_Surp:      0

Node 1 MemTotal:       24661580 kB
Node 1 MemFree:        24307152 kB
Node 1 MemUsed:          354428 kB
Node 1 Active:            50280 kB
Node 1 Inactive:          27284 kB
Node 1 Active(anon):      13664 kB
Node 1 Inactive(anon):      416 kB
Node 1 Active(file):      36616 kB
Node 1 Inactive(file):    26868 kB
Node 1 Unevictable:       12780 kB
Node 1 Mlocked:           12780 kB
Node 1 Dirty:               352 kB
Node 1 Writeback:             0 kB
Node 1 FilePages:         66544 kB
Node 1 Mapped:            19156 kB
Node 1 AnonPages:         23820 kB
Node 1 Shmem:               588 kB
Node 1 KernelStack:        1720 kB
Node 1 PageTables:          464 kB
Node 1 NFS_Unstable:          0 kB
Node 1 Bounce:                0 kB
Node 1 WritebackTmp:          0 kB
Node 1 KReclaimable:      22584 kB
Node 1 Slab:              49576 kB
Node 1 SReclaimable:      22584 kB
Node 1 SUnreclaim:        26992 kB
Node 1 AnonHugePages:         0 kB
Node 1 ShmemHugePages:        0 kB
Node 1 ShmemPmdMapped:        0 kB
Node 1 FileHugePages:        0 kB
Node 1 FilePmdMapped:        0 kB
Node 1 HugePages_Total:     0
Node 1 HugePages_Free:      0
Node 1 HugePages_Surp:      0

Load ZFS
Node 0 MemTotal:       24768352 kB
Node 0 MemFree:        24327584 kB
Node 0 MemUsed:          440768 kB
Node 0 Active:            50560 kB
Node 0 Inactive:         102168 kB
Node 0 Active(anon):      22240 kB
Node 0 Inactive(anon):      460 kB
Node 0 Active(file):      28320 kB
Node 0 Inactive(file):   101708 kB
Node 0 Unevictable:        5744 kB
Node 0 Mlocked:            5744 kB
Node 0 Dirty:               204 kB
Node 0 Writeback:             0 kB
Node 0 FilePages:        136448 kB
Node 0 Mapped:            57308 kB
Node 0 AnonPages:         21916 kB
Node 0 Shmem:               680 kB
Node 0 KernelStack:        1880 kB
Node 0 PageTables:          828 kB
Node 0 NFS_Unstable:          0 kB
Node 0 Bounce:                0 kB
Node 0 WritebackTmp:          0 kB
Node 0 KReclaimable:      20460 kB
Node 0 Slab:              59396 kB
Node 0 SReclaimable:      20460 kB
Node 0 SUnreclaim:        38936 kB
Node 0 AnonHugePages:         0 kB
Node 0 ShmemHugePages:        0 kB
Node 0 ShmemPmdMapped:        0 kB
Node 0 FileHugePages:        0 kB
Node 0 FilePmdMapped:        0 kB
Node 0 HugePages_Total:     0
Node 0 HugePages_Free:      0
Node 0 HugePages_Surp:      0

Node 1 MemTotal:       24661580 kB
Node 1 MemFree:        24441764 kB
Node 1 MemUsed:          219816 kB
Node 1 Active:            56360 kB
Node 1 Inactive:          22992 kB
Node 1 Active(anon):      13956 kB
Node 1 Inactive(anon):      416 kB
Node 1 Active(file):      42404 kB
Node 1 Inactive(file):    22576 kB
Node 1 Unevictable:       12780 kB
Node 1 Mlocked:           12780 kB
Node 1 Dirty:               160 kB
Node 1 Writeback:             0 kB
Node 1 FilePages:         68024 kB
Node 1 Mapped:            19156 kB
Node 1 AnonPages:         24112 kB
Node 1 Shmem:               588 kB
Node 1 KernelStack:        1736 kB
Node 1 PageTables:          464 kB
Node 1 NFS_Unstable:          0 kB
Node 1 Bounce:                0 kB
Node 1 WritebackTmp:          0 kB
Node 1 KReclaimable:      23096 kB
Node 1 Slab:              51244 kB
Node 1 SReclaimable:      23096 kB
Node 1 SUnreclaim:        28148 kB
Node 1 AnonHugePages:         0 kB
Node 1 ShmemHugePages:        0 kB
Node 1 ShmemPmdMapped:        0 kB
Node 1 FileHugePages:        0 kB
Node 1 FilePmdMapped:        0 kB
Node 1 HugePages_Total:     0
Node 1 HugePages_Free:      0
Node 1 HugePages_Surp:      0

Import tank ZPool
Node 0 MemTotal:       24768352 kB
Node 0 MemFree:        24325776 kB
Node 0 MemUsed:          442576 kB
Node 0 Active:            50148 kB
Node 0 Inactive:         102168 kB
Node 0 Active(anon):      21828 kB
Node 0 Inactive(anon):      460 kB
Node 0 Active(file):      28320 kB
Node 0 Inactive(file):   101708 kB
Node 0 Unevictable:        5744 kB
Node 0 Mlocked:            5744 kB
Node 0 Dirty:               220 kB
Node 0 Writeback:             0 kB
Node 0 FilePages:        136444 kB
Node 0 Mapped:            57304 kB
Node 0 AnonPages:         21676 kB
Node 0 Shmem:               676 kB
Node 0 KernelStack:        1896 kB
Node 0 PageTables:          832 kB
Node 0 NFS_Unstable:          0 kB
Node 0 Bounce:                0 kB
Node 0 WritebackTmp:          0 kB
Node 0 KReclaimable:      20492 kB
Node 0 Slab:              60256 kB
Node 0 SReclaimable:      20492 kB
Node 0 SUnreclaim:        39764 kB
Node 0 AnonHugePages:         0 kB
Node 0 ShmemHugePages:        0 kB
Node 0 ShmemPmdMapped:        0 kB
Node 0 FileHugePages:        0 kB
Node 0 FilePmdMapped:        0 kB
Node 0 HugePages_Total:     0
Node 0 HugePages_Free:      0
Node 0 HugePages_Surp:      0

Node 1 MemTotal:       24661580 kB
Node 1 MemFree:        24422696 kB
Node 1 MemUsed:          238884 kB
Node 1 Active:            57820 kB
Node 1 Inactive:          24228 kB
Node 1 Active(anon):      14944 kB
Node 1 Inactive(anon):      420 kB
Node 1 Active(file):      42876 kB
Node 1 Inactive(file):    23808 kB
Node 1 Unevictable:       12780 kB
Node 1 Mlocked:           12780 kB
Node 1 Dirty:               188 kB
Node 1 Writeback:             0 kB
Node 1 FilePages:         69752 kB
Node 1 Mapped:            19464 kB
Node 1 AnonPages:         24892 kB
Node 1 Shmem:               592 kB
Node 1 KernelStack:        2888 kB
Node 1 PageTables:          576 kB
Node 1 NFS_Unstable:          0 kB
Node 1 Bounce:                0 kB
Node 1 WritebackTmp:          0 kB
Node 1 KReclaimable:      23208 kB
Node 1 Slab:              57756 kB
Node 1 SReclaimable:      23208 kB
Node 1 SUnreclaim:        34548 kB
Node 1 AnonHugePages:         0 kB
Node 1 ShmemHugePages:        0 kB
Node 1 ShmemPmdMapped:        0 kB
Node 1 FileHugePages:        0 kB
Node 1 FilePmdMapped:        0 kB
Node 1 HugePages_Total:     0
Node 1 HugePages_Free:      0
Node 1 HugePages_Surp:      0

After Test
Node 0 MemTotal:       24768352 kB
Node 0 MemFree:        24187244 kB
Node 0 MemUsed:          581108 kB
Node 0 Active:            47104 kB
Node 0 Inactive:         102168 kB
Node 0 Active(anon):      18752 kB
Node 0 Inactive(anon):      460 kB
Node 0 Active(file):      28352 kB
Node 0 Inactive(file):   101708 kB
Node 0 Unevictable:        5744 kB
Node 0 Mlocked:            5744 kB
Node 0 Dirty:               100 kB
Node 0 Writeback:             0 kB
Node 0 FilePages:        136476 kB
Node 0 Mapped:            57436 kB
Node 0 AnonPages:         18536 kB
Node 0 Shmem:               676 kB
Node 0 KernelStack:        1816 kB
Node 0 PageTables:          672 kB
Node 0 NFS_Unstable:          0 kB
Node 0 Bounce:                0 kB
Node 0 WritebackTmp:          0 kB
Node 0 KReclaimable:      20548 kB
Node 0 Slab:              60996 kB
Node 0 SReclaimable:      20548 kB
Node 0 SUnreclaim:        40448 kB
Node 0 AnonHugePages:         0 kB
Node 0 ShmemHugePages:        0 kB
Node 0 ShmemPmdMapped:        0 kB
Node 0 FileHugePages:        0 kB
Node 0 FilePmdMapped:        0 kB
Node 0 HugePages_Total:     0
Node 0 HugePages_Free:      0
Node 0 HugePages_Surp:      0

Node 1 MemTotal:       24661580 kB
Node 1 MemFree:        23502892 kB
Node 1 MemUsed:         1158688 kB
Node 1 Active:            57804 kB
Node 1 Inactive:          23972 kB
Node 1 Active(anon):      14340 kB
Node 1 Inactive(anon):      420 kB
Node 1 Active(file):      43464 kB
Node 1 Inactive(file):    23552 kB
Node 1 Unevictable:       12780 kB
Node 1 Mlocked:           12780 kB
Node 1 Dirty:               124 kB
Node 1 Writeback:             0 kB
Node 1 FilePages:         70060 kB
Node 1 Mapped:            19164 kB
Node 1 AnonPages:         24568 kB
Node 1 Shmem:               592 kB
Node 1 KernelStack:        2856 kB
Node 1 PageTables:          512 kB
Node 1 NFS_Unstable:          0 kB
Node 1 Bounce:                0 kB
Node 1 WritebackTmp:          0 kB
Node 1 KReclaimable:      23248 kB
Node 1 Slab:              62604 kB
Node 1 SReclaimable:      23248 kB
Node 1 SUnreclaim:        39356 kB
Node 1 AnonHugePages:         0 kB
Node 1 ShmemHugePages:        0 kB
Node 1 ShmemPmdMapped:        0 kB
Node 1 FileHugePages:        0 kB
Node 1 FilePmdMapped:        0 kB
Node 1 HugePages_Total:     0
Node 1 HugePages_Free:      0
Node 1 HugePages_Surp:      0

After Opposite Node
Node 0 MemTotal:       24768352 kB
Node 0 MemFree:        24187320 kB
Node 0 MemUsed:          581032 kB
Node 0 Active:            48136 kB
Node 0 Inactive:         101940 kB
Node 0 Active(anon):      19404 kB
Node 0 Inactive(anon):      460 kB
Node 0 Active(file):      28732 kB
Node 0 Inactive(file):   101480 kB
Node 0 Unevictable:        5744 kB
Node 0 Mlocked:            5744 kB
Node 0 Dirty:               112 kB
Node 0 Writeback:             0 kB
Node 0 FilePages:        136628 kB
Node 0 Mapped:            57420 kB
Node 0 AnonPages:         19212 kB
Node 0 Shmem:               676 kB
Node 0 KernelStack:        1848 kB
Node 0 PageTables:          728 kB
Node 0 NFS_Unstable:          0 kB
Node 0 Bounce:                0 kB
Node 0 WritebackTmp:          0 kB
Node 0 KReclaimable:      20580 kB
Node 0 Slab:              61160 kB
Node 0 SReclaimable:      20580 kB
Node 0 SUnreclaim:        40580 kB
Node 0 AnonHugePages:         0 kB
Node 0 ShmemHugePages:        0 kB
Node 0 ShmemPmdMapped:        0 kB
Node 0 FileHugePages:        0 kB
Node 0 FilePmdMapped:        0 kB
Node 0 HugePages_Total:     0
Node 0 HugePages_Free:      0
Node 0 HugePages_Surp:      0

Node 1 MemTotal:       24661580 kB
Node 1 MemFree:        23503152 kB
Node 1 MemUsed:         1158428 kB
Node 1 Active:            57220 kB
Node 1 Inactive:          23968 kB
Node 1 Active(anon):      13748 kB
Node 1 Inactive(anon):      420 kB
Node 1 Active(file):      43472 kB
Node 1 Inactive(file):    23548 kB
Node 1 Unevictable:       12780 kB
Node 1 Mlocked:           12780 kB
Node 1 Dirty:               128 kB
Node 1 Writeback:             0 kB
Node 1 FilePages:         70064 kB
Node 1 Mapped:            19200 kB
Node 1 AnonPages:         23904 kB
Node 1 Shmem:               592 kB
Node 1 KernelStack:        2824 kB
Node 1 PageTables:          464 kB
Node 1 NFS_Unstable:          0 kB
Node 1 Bounce:                0 kB
Node 1 WritebackTmp:          0 kB
Node 1 KReclaimable:      23248 kB
Node 1 Slab:              62604 kB
Node 1 SReclaimable:      23248 kB
Node 1 SUnreclaim:        39356 kB
Node 1 AnonHugePages:         0 kB
Node 1 ShmemHugePages:        0 kB
Node 1 ShmemPmdMapped:        0 kB
Node 1 FileHugePages:        0 kB
Node 1 FilePmdMapped:        0 kB
Node 1 HugePages_Total:     0
Node 1 HugePages_Free:      0
Node 1 HugePages_Surp:      0

U.1.simpleread.500M.2.O Complete!
