kernel.numa_balancing = 0
U.1.simpleread.250M.2.O
Begin
Node 0 MemTotal:       24768352 kB
Node 0 MemFree:        24532368 kB
Node 0 MemUsed:          235984 kB
Node 0 Active:            46644 kB
Node 0 Inactive:          46076 kB
Node 0 Active(anon):      11352 kB
Node 0 Inactive(anon):      344 kB
Node 0 Active(file):      35292 kB
Node 0 Inactive(file):    45732 kB
Node 0 Unevictable:       13032 kB
Node 0 Mlocked:           13032 kB
Node 0 Dirty:               120 kB
Node 0 Writeback:             0 kB
Node 0 FilePages:         84232 kB
Node 0 Mapped:            16672 kB
Node 0 AnonPages:         21644 kB
Node 0 Shmem:               500 kB
Node 0 KernelStack:        2248 kB
Node 0 PageTables:          456 kB
Node 0 NFS_Unstable:          0 kB
Node 0 Bounce:                0 kB
Node 0 WritebackTmp:          0 kB
Node 0 KReclaimable:      20916 kB
Node 0 Slab:              48540 kB
Node 0 SReclaimable:      20916 kB
Node 0 SUnreclaim:        27624 kB
Node 0 AnonHugePages:         0 kB
Node 0 ShmemHugePages:        0 kB
Node 0 ShmemPmdMapped:        0 kB
Node 0 FileHugePages:        0 kB
Node 0 FilePmdMapped:        0 kB
Node 0 HugePages_Total:     0
Node 0 HugePages_Free:      0
Node 0 HugePages_Surp:      0

Node 1 MemTotal:       24661580 kB
Node 1 MemFree:        24253444 kB
Node 1 MemUsed:          408136 kB
Node 1 Active:            49824 kB
Node 1 Inactive:          76348 kB
Node 1 Active(anon):      22372 kB
Node 1 Inactive(anon):      520 kB
Node 1 Active(file):      27452 kB
Node 1 Inactive(file):    75828 kB
Node 1 Unevictable:        5488 kB
Node 1 Mlocked:            5488 kB
Node 1 Dirty:               392 kB
Node 1 Writeback:             0 kB
Node 1 FilePages:        109572 kB
Node 1 Mapped:            55028 kB
Node 1 AnonPages:         22164 kB
Node 1 Shmem:               768 kB
Node 1 KernelStack:        1400 kB
Node 1 PageTables:          772 kB
Node 1 NFS_Unstable:          0 kB
Node 1 Bounce:                0 kB
Node 1 WritebackTmp:          0 kB
Node 1 KReclaimable:      20968 kB
Node 1 Slab:              57592 kB
Node 1 SReclaimable:      20968 kB
Node 1 SUnreclaim:        36624 kB
Node 1 AnonHugePages:         0 kB
Node 1 ShmemHugePages:        0 kB
Node 1 ShmemPmdMapped:        0 kB
Node 1 FileHugePages:        0 kB
Node 1 FilePmdMapped:        0 kB
Node 1 HugePages_Total:     0
Node 1 HugePages_Free:      0
Node 1 HugePages_Surp:      0

Load ZFS
Node 0 MemTotal:       24768352 kB
Node 0 MemFree:        24524352 kB
Node 0 MemUsed:          244000 kB
Node 0 Active:            52728 kB
Node 0 Inactive:          46300 kB
Node 0 Active(anon):      16756 kB
Node 0 Inactive(anon):      344 kB
Node 0 Active(file):      35972 kB
Node 0 Inactive(file):    45956 kB
Node 0 Unevictable:       13032 kB
Node 0 Mlocked:           13032 kB
Node 0 Dirty:               144 kB
Node 0 Writeback:             0 kB
Node 0 FilePages:         85140 kB
Node 0 Mapped:            16676 kB
Node 0 AnonPages:         26948 kB
Node 0 Shmem:               500 kB
Node 0 KernelStack:        2328 kB
Node 0 PageTables:          816 kB
Node 0 NFS_Unstable:          0 kB
Node 0 Bounce:                0 kB
Node 0 WritebackTmp:          0 kB
Node 0 KReclaimable:      21392 kB
Node 0 Slab:              50656 kB
Node 0 SReclaimable:      21392 kB
Node 0 SUnreclaim:        29264 kB
Node 0 AnonHugePages:         0 kB
Node 0 ShmemHugePages:        0 kB
Node 0 ShmemPmdMapped:        0 kB
Node 0 FileHugePages:        0 kB
Node 0 FilePmdMapped:        0 kB
Node 0 HugePages_Total:     0
Node 0 HugePages_Free:      0
Node 0 HugePages_Surp:      0

Node 1 MemTotal:       24661580 kB
Node 1 MemFree:        24249716 kB
Node 1 MemUsed:          411864 kB
Node 1 Active:            55600 kB
Node 1 Inactive:          72044 kB
Node 1 Active(anon):      22288 kB
Node 1 Inactive(anon):      524 kB
Node 1 Active(file):      33312 kB
Node 1 Inactive(file):    71520 kB
Node 1 Unevictable:        5488 kB
Node 1 Mlocked:            5488 kB
Node 1 Dirty:               224 kB
Node 1 Writeback:             0 kB
Node 1 FilePages:        111100 kB
Node 1 Mapped:            55060 kB
Node 1 AnonPages:         22000 kB
Node 1 Shmem:               768 kB
Node 1 KernelStack:        1400 kB
Node 1 PageTables:          736 kB
Node 1 NFS_Unstable:          0 kB
Node 1 Bounce:                0 kB
Node 1 WritebackTmp:          0 kB
Node 1 KReclaimable:      21360 kB
Node 1 Slab:              59400 kB
Node 1 SReclaimable:      21360 kB
Node 1 SUnreclaim:        38040 kB
Node 1 AnonHugePages:         0 kB
Node 1 ShmemHugePages:        0 kB
Node 1 ShmemPmdMapped:        0 kB
Node 1 FileHugePages:        0 kB
Node 1 FilePmdMapped:        0 kB
Node 1 HugePages_Total:     0
Node 1 HugePages_Free:      0
Node 1 HugePages_Surp:      0

Import tank ZPool
Node 0 MemTotal:       24768352 kB
Node 0 MemFree:        24509744 kB
Node 0 MemUsed:          258608 kB
Node 0 Active:            52728 kB
Node 0 Inactive:          46300 kB
Node 0 Active(anon):      16756 kB
Node 0 Inactive(anon):      344 kB
Node 0 Active(file):      35972 kB
Node 0 Inactive(file):    45956 kB
Node 0 Unevictable:       13032 kB
Node 0 Mlocked:           13032 kB
Node 0 Dirty:               144 kB
Node 0 Writeback:             0 kB
Node 0 FilePages:         85156 kB
Node 0 Mapped:            16612 kB
Node 0 AnonPages:         26952 kB
Node 0 Shmem:               500 kB
Node 0 KernelStack:        3448 kB
Node 0 PageTables:          816 kB
Node 0 NFS_Unstable:          0 kB
Node 0 Bounce:                0 kB
Node 0 WritebackTmp:          0 kB
Node 0 KReclaimable:      21392 kB
Node 0 Slab:              53280 kB
Node 0 SReclaimable:      21392 kB
Node 0 SUnreclaim:        31888 kB
Node 0 AnonHugePages:         0 kB
Node 0 ShmemHugePages:        0 kB
Node 0 ShmemPmdMapped:        0 kB
Node 0 FileHugePages:        0 kB
Node 0 FilePmdMapped:        0 kB
Node 0 HugePages_Total:     0
Node 0 HugePages_Free:      0
Node 0 HugePages_Surp:      0

Node 1 MemTotal:       24661580 kB
Node 1 MemFree:        24242800 kB
Node 1 MemUsed:          418780 kB
Node 1 Active:            56168 kB
Node 1 Inactive:          73236 kB
Node 1 Active(anon):      22452 kB
Node 1 Inactive(anon):      528 kB
Node 1 Active(file):      33716 kB
Node 1 Inactive(file):    72708 kB
Node 1 Unevictable:        5488 kB
Node 1 Mlocked:            5488 kB
Node 1 Dirty:               248 kB
Node 1 Writeback:             0 kB
Node 1 FilePages:        112704 kB
Node 1 Mapped:            55180 kB
Node 1 AnonPages:         22432 kB
Node 1 Shmem:               768 kB
Node 1 KernelStack:        1432 kB
Node 1 PageTables:          780 kB
Node 1 NFS_Unstable:          0 kB
Node 1 Bounce:                0 kB
Node 1 WritebackTmp:          0 kB
Node 1 KReclaimable:      21460 kB
Node 1 Slab:              64056 kB
Node 1 SReclaimable:      21460 kB
Node 1 SUnreclaim:        42596 kB
Node 1 AnonHugePages:         0 kB
Node 1 ShmemHugePages:        0 kB
Node 1 ShmemPmdMapped:        0 kB
Node 1 FileHugePages:        0 kB
Node 1 FilePmdMapped:        0 kB
Node 1 HugePages_Total:     0
Node 1 HugePages_Free:      0
Node 1 HugePages_Surp:      0

After Test
Node 0 MemTotal:       24768352 kB
Node 0 MemFree:        24490464 kB
Node 0 MemUsed:          277888 kB
Node 0 Active:            52876 kB
Node 0 Inactive:          46176 kB
Node 0 Active(anon):      16756 kB
Node 0 Inactive(anon):      344 kB
Node 0 Active(file):      36120 kB
Node 0 Inactive(file):    45832 kB
Node 0 Unevictable:       13032 kB
Node 0 Mlocked:           13032 kB
Node 0 Dirty:                28 kB
Node 0 Writeback:             0 kB
Node 0 FilePages:         85176 kB
Node 0 Mapped:            16676 kB
Node 0 AnonPages:         26952 kB
Node 0 Shmem:               500 kB
Node 0 KernelStack:        3448 kB
Node 0 PageTables:          816 kB
Node 0 NFS_Unstable:          0 kB
Node 0 Bounce:                0 kB
Node 0 WritebackTmp:          0 kB
Node 0 KReclaimable:      21404 kB
Node 0 Slab:              53464 kB
Node 0 SReclaimable:      21404 kB
Node 0 SUnreclaim:        32060 kB
Node 0 AnonHugePages:         0 kB
Node 0 ShmemHugePages:        0 kB
Node 0 ShmemPmdMapped:        0 kB
Node 0 FileHugePages:        0 kB
Node 0 FilePmdMapped:        0 kB
Node 0 HugePages_Total:     0
Node 0 HugePages_Free:      0
Node 0 HugePages_Surp:      0

Node 1 MemTotal:       24661580 kB
Node 1 MemFree:        23730912 kB
Node 1 MemUsed:          930668 kB
Node 1 Active:            57088 kB
Node 1 Inactive:          73028 kB
Node 1 Active(anon):      22740 kB
Node 1 Inactive(anon):      528 kB
Node 1 Active(file):      34348 kB
Node 1 Inactive(file):    72500 kB
Node 1 Unevictable:        5488 kB
Node 1 Mlocked:            5488 kB
Node 1 Dirty:               252 kB
Node 1 Writeback:             0 kB
Node 1 FilePages:        113104 kB
Node 1 Mapped:            55060 kB
Node 1 AnonPages:         22540 kB
Node 1 Shmem:               768 kB
Node 1 KernelStack:        1416 kB
Node 1 PageTables:          780 kB
Node 1 NFS_Unstable:          0 kB
Node 1 Bounce:                0 kB
Node 1 WritebackTmp:          0 kB
Node 1 KReclaimable:      21516 kB
Node 1 Slab:              67548 kB
Node 1 SReclaimable:      21516 kB
Node 1 SUnreclaim:        46032 kB
Node 1 AnonHugePages:         0 kB
Node 1 ShmemHugePages:        0 kB
Node 1 ShmemPmdMapped:        0 kB
Node 1 FileHugePages:        0 kB
Node 1 FilePmdMapped:        0 kB
Node 1 HugePages_Total:     0
Node 1 HugePages_Free:      0
Node 1 HugePages_Surp:      0

After Opposite Node
Node 0 MemTotal:       24768352 kB
Node 0 MemFree:        24489768 kB
Node 0 MemUsed:          278584 kB
Node 0 Active:            53436 kB
Node 0 Inactive:          45956 kB
Node 0 Active(anon):      17068 kB
Node 0 Inactive(anon):      344 kB
Node 0 Active(file):      36368 kB
Node 0 Inactive(file):    45612 kB
Node 0 Unevictable:       13032 kB
Node 0 Mlocked:           13032 kB
Node 0 Dirty:                32 kB
Node 0 Writeback:             0 kB
Node 0 FilePages:         85188 kB
Node 0 Mapped:            16892 kB
Node 0 AnonPages:         27300 kB
Node 0 Shmem:               500 kB
Node 0 KernelStack:        3464 kB
Node 0 PageTables:          868 kB
Node 0 NFS_Unstable:          0 kB
Node 0 Bounce:                0 kB
Node 0 WritebackTmp:          0 kB
Node 0 KReclaimable:      21488 kB
Node 0 Slab:              53656 kB
Node 0 SReclaimable:      21488 kB
Node 0 SUnreclaim:        32168 kB
Node 0 AnonHugePages:         0 kB
Node 0 ShmemHugePages:        0 kB
Node 0 ShmemPmdMapped:        0 kB
Node 0 FileHugePages:        0 kB
Node 0 FilePmdMapped:        0 kB
Node 0 HugePages_Total:     0
Node 0 HugePages_Free:      0
Node 0 HugePages_Surp:      0

Node 1 MemTotal:       24661580 kB
Node 1 MemFree:        23730408 kB
Node 1 MemUsed:          931172 kB
Node 1 Active:            56984 kB
Node 1 Inactive:          73020 kB
Node 1 Active(anon):      22480 kB
Node 1 Inactive(anon):      528 kB
Node 1 Active(file):      34504 kB
Node 1 Inactive(file):    72492 kB
Node 1 Unevictable:        5488 kB
Node 1 Mlocked:            5488 kB
Node 1 Dirty:               264 kB
Node 1 Writeback:             0 kB
Node 1 FilePages:        113248 kB
Node 1 Mapped:            55068 kB
Node 1 AnonPages:         22240 kB
Node 1 Shmem:               768 kB
Node 1 KernelStack:        1400 kB
Node 1 PageTables:          728 kB
Node 1 NFS_Unstable:          0 kB
Node 1 Bounce:                0 kB
Node 1 WritebackTmp:          0 kB
Node 1 KReclaimable:      21520 kB
Node 1 Slab:              67488 kB
Node 1 SReclaimable:      21520 kB
Node 1 SUnreclaim:        45968 kB
Node 1 AnonHugePages:         0 kB
Node 1 ShmemHugePages:        0 kB
Node 1 ShmemPmdMapped:        0 kB
Node 1 FileHugePages:        0 kB
Node 1 FilePmdMapped:        0 kB
Node 1 HugePages_Total:     0
Node 1 HugePages_Free:      0
Node 1 HugePages_Surp:      0

U.1.simpleread.250M.2.O Complete!
