kernel.numa_balancing = 0
U.1.simpleread.2G.3.O
Begin
Node 0 MemTotal:       24743736 kB
Node 0 MemFree:        24376924 kB
Node 0 MemUsed:          366812 kB
Node 0 Active:            30236 kB
Node 0 Inactive:          59796 kB
Node 0 Active(anon):      13364 kB
Node 0 Inactive(anon):      352 kB
Node 0 Active(file):      16872 kB
Node 0 Inactive(file):    59444 kB
Node 0 Unevictable:         624 kB
Node 0 Mlocked:             624 kB
Node 0 Dirty:               372 kB
Node 0 Writeback:             0 kB
Node 0 FilePages:         77868 kB
Node 0 Mapped:             9176 kB
Node 0 AnonPages:         13224 kB
Node 0 Shmem:               492 kB
Node 0 KernelStack:        2024 kB
Node 0 PageTables:          424 kB
Node 0 NFS_Unstable:          0 kB
Node 0 Bounce:                0 kB
Node 0 WritebackTmp:          0 kB
Node 0 KReclaimable:      22316 kB
Node 0 Slab:              56488 kB
Node 0 SReclaimable:      22316 kB
Node 0 SUnreclaim:        34172 kB
Node 0 AnonHugePages:         0 kB
Node 0 ShmemHugePages:        0 kB
Node 0 ShmemPmdMapped:        0 kB
Node 0 FileHugePages:        0 kB
Node 0 FilePmdMapped:        0 kB
Node 0 HugePages_Total:     0
Node 0 HugePages_Free:      0
Node 0 HugePages_Surp:      0

Node 1 MemTotal:       24686196 kB
Node 1 MemFree:        24432824 kB
Node 1 MemUsed:          253372 kB
Node 1 Active:            65124 kB
Node 1 Inactive:          41188 kB
Node 1 Active(anon):      20464 kB
Node 1 Inactive(anon):      520 kB
Node 1 Active(file):      44660 kB
Node 1 Inactive(file):    40668 kB
Node 1 Unevictable:       17900 kB
Node 1 Mlocked:           17900 kB
Node 1 Dirty:                48 kB
Node 1 Writeback:             0 kB
Node 1 FilePages:         93696 kB
Node 1 Mapped:            44480 kB
Node 1 AnonPages:         30580 kB
Node 1 Shmem:               776 kB
Node 1 KernelStack:        1560 kB
Node 1 PageTables:          620 kB
Node 1 NFS_Unstable:          0 kB
Node 1 Bounce:                0 kB
Node 1 WritebackTmp:          0 kB
Node 1 KReclaimable:      19664 kB
Node 1 Slab:              49508 kB
Node 1 SReclaimable:      19664 kB
Node 1 SUnreclaim:        29844 kB
Node 1 AnonHugePages:         0 kB
Node 1 ShmemHugePages:        0 kB
Node 1 ShmemPmdMapped:        0 kB
Node 1 FileHugePages:        0 kB
Node 1 FilePmdMapped:        0 kB
Node 1 HugePages_Total:     0
Node 1 HugePages_Free:      0
Node 1 HugePages_Surp:      0

Load ZFS
Node 0 MemTotal:       24743736 kB
Node 0 MemFree:        24371296 kB
Node 0 MemUsed:          372440 kB
Node 0 Active:            36644 kB
Node 0 Inactive:          55804 kB
Node 0 Active(anon):      14060 kB
Node 0 Inactive(anon):      352 kB
Node 0 Active(file):      22584 kB
Node 0 Inactive(file):    55452 kB
Node 0 Unevictable:         624 kB
Node 0 Mlocked:             624 kB
Node 0 Dirty:               376 kB
Node 0 Writeback:             0 kB
Node 0 FilePages:         79152 kB
Node 0 Mapped:             9304 kB
Node 0 AnonPages:         13408 kB
Node 0 Shmem:               492 kB
Node 0 KernelStack:        2168 kB
Node 0 PageTables:          480 kB
Node 0 NFS_Unstable:          0 kB
Node 0 Bounce:                0 kB
Node 0 WritebackTmp:          0 kB
Node 0 KReclaimable:      22852 kB
Node 0 Slab:              58512 kB
Node 0 SReclaimable:      22852 kB
Node 0 SUnreclaim:        35660 kB
Node 0 AnonHugePages:         0 kB
Node 0 ShmemHugePages:        0 kB
Node 0 ShmemPmdMapped:        0 kB
Node 0 FileHugePages:        0 kB
Node 0 FilePmdMapped:        0 kB
Node 0 HugePages_Total:     0
Node 0 HugePages_Free:      0
Node 0 HugePages_Surp:      0

Node 1 MemTotal:       24686196 kB
Node 1 MemFree:        24428728 kB
Node 1 MemUsed:          257468 kB
Node 1 Active:            69688 kB
Node 1 Inactive:          41036 kB
Node 1 Active(anon):      23860 kB
Node 1 Inactive(anon):      520 kB
Node 1 Active(file):      45828 kB
Node 1 Inactive(file):    40516 kB
Node 1 Unevictable:       17900 kB
Node 1 Mlocked:           17900 kB
Node 1 Dirty:               104 kB
Node 1 Writeback:             0 kB
Node 1 FilePages:         94688 kB
Node 1 Mapped:            44480 kB
Node 1 AnonPages:         33996 kB
Node 1 Shmem:               776 kB
Node 1 KernelStack:        1544 kB
Node 1 PageTables:          944 kB
Node 1 NFS_Unstable:          0 kB
Node 1 Bounce:                0 kB
Node 1 WritebackTmp:          0 kB
Node 1 KReclaimable:      20168 kB
Node 1 Slab:              51816 kB
Node 1 SReclaimable:      20168 kB
Node 1 SUnreclaim:        31648 kB
Node 1 AnonHugePages:         0 kB
Node 1 ShmemHugePages:        0 kB
Node 1 ShmemPmdMapped:        0 kB
Node 1 FileHugePages:        0 kB
Node 1 FilePmdMapped:        0 kB
Node 1 HugePages_Total:     0
Node 1 HugePages_Free:      0
Node 1 HugePages_Surp:      0

Import tank ZPool
Node 0 MemTotal:       24743736 kB
Node 0 MemFree:        24352020 kB
Node 0 MemUsed:          391716 kB
Node 0 Active:            37196 kB
Node 0 Inactive:          57036 kB
Node 0 Active(anon):      14132 kB
Node 0 Inactive(anon):      356 kB
Node 0 Active(file):      23064 kB
Node 0 Inactive(file):    56680 kB
Node 0 Unevictable:         624 kB
Node 0 Mlocked:             624 kB
Node 0 Dirty:               160 kB
Node 0 Writeback:             0 kB
Node 0 FilePages:         80884 kB
Node 0 Mapped:             9196 kB
Node 0 AnonPages:         13628 kB
Node 0 Shmem:               496 kB
Node 0 KernelStack:        3320 kB
Node 0 PageTables:          564 kB
Node 0 NFS_Unstable:          0 kB
Node 0 Bounce:                0 kB
Node 0 WritebackTmp:          0 kB
Node 0 KReclaimable:      22976 kB
Node 0 Slab:              65312 kB
Node 0 SReclaimable:      22976 kB
Node 0 SUnreclaim:        42336 kB
Node 0 AnonHugePages:         0 kB
Node 0 ShmemHugePages:        0 kB
Node 0 ShmemPmdMapped:        0 kB
Node 0 FileHugePages:        0 kB
Node 0 FilePmdMapped:        0 kB
Node 0 HugePages_Total:     0
Node 0 HugePages_Free:      0
Node 0 HugePages_Surp:      0

Node 1 MemTotal:       24686196 kB
Node 1 MemFree:        24430028 kB
Node 1 MemUsed:          256168 kB
Node 1 Active:            69776 kB
Node 1 Inactive:          41004 kB
Node 1 Active(anon):      23884 kB
Node 1 Inactive(anon):      520 kB
Node 1 Active(file):      45892 kB
Node 1 Inactive(file):    40484 kB
Node 1 Unevictable:       17900 kB
Node 1 Mlocked:           17900 kB
Node 1 Dirty:               140 kB
Node 1 Writeback:             0 kB
Node 1 FilePages:         94724 kB
Node 1 Mapped:            44760 kB
Node 1 AnonPages:         34020 kB
Node 1 Shmem:               772 kB
Node 1 KernelStack:        1544 kB
Node 1 PageTables:          944 kB
Node 1 NFS_Unstable:          0 kB
Node 1 Bounce:                0 kB
Node 1 WritebackTmp:          0 kB
Node 1 KReclaimable:      20172 kB
Node 1 Slab:              51780 kB
Node 1 SReclaimable:      20172 kB
Node 1 SUnreclaim:        31608 kB
Node 1 AnonHugePages:         0 kB
Node 1 ShmemHugePages:        0 kB
Node 1 ShmemPmdMapped:        0 kB
Node 1 FileHugePages:        0 kB
Node 1 FilePmdMapped:        0 kB
Node 1 HugePages_Total:     0
Node 1 HugePages_Free:      0
Node 1 HugePages_Surp:      0

After Test
Node 0 MemTotal:       24743736 kB
Node 0 MemFree:        23525936 kB
Node 0 MemUsed:         1217800 kB
Node 0 Active:            36464 kB
Node 0 Inactive:          56776 kB
Node 0 Active(anon):      13084 kB
Node 0 Inactive(anon):      360 kB
Node 0 Active(file):      23380 kB
Node 0 Inactive(file):    56416 kB
Node 0 Unevictable:         624 kB
Node 0 Mlocked:             624 kB
Node 0 Dirty:                 4 kB
Node 0 Writeback:             0 kB
Node 0 FilePages:         80920 kB
Node 0 Mapped:             9144 kB
Node 0 AnonPages:         12944 kB
Node 0 Shmem:               500 kB
Node 0 KernelStack:        3224 kB
Node 0 PageTables:          452 kB
Node 0 NFS_Unstable:          0 kB
Node 0 Bounce:                0 kB
Node 0 WritebackTmp:          0 kB
Node 0 KReclaimable:      22976 kB
Node 0 Slab:              68040 kB
Node 0 SReclaimable:      22976 kB
Node 0 SUnreclaim:        45064 kB
Node 0 AnonHugePages:         0 kB
Node 0 ShmemHugePages:        0 kB
Node 0 ShmemPmdMapped:        0 kB
Node 0 FileHugePages:        0 kB
Node 0 FilePmdMapped:        0 kB
Node 0 HugePages_Total:     0
Node 0 HugePages_Free:      0
Node 0 HugePages_Surp:      0

Node 1 MemTotal:       24686196 kB
Node 1 MemFree:        22320832 kB
Node 1 MemUsed:         2365364 kB
Node 1 Active:            66136 kB
Node 1 Inactive:          40992 kB
Node 1 Active(anon):      19904 kB
Node 1 Inactive(anon):      516 kB
Node 1 Active(file):      46232 kB
Node 1 Inactive(file):    40476 kB
Node 1 Unevictable:       17900 kB
Node 1 Mlocked:           17900 kB
Node 1 Dirty:                32 kB
Node 1 Writeback:             0 kB
Node 1 FilePages:         95044 kB
Node 1 Mapped:            44776 kB
Node 1 AnonPages:         30016 kB
Node 1 Shmem:               768 kB
Node 1 KernelStack:        1400 kB
Node 1 PageTables:          672 kB
Node 1 NFS_Unstable:          0 kB
Node 1 Bounce:                0 kB
Node 1 WritebackTmp:          0 kB
Node 1 KReclaimable:      20264 kB
Node 1 Slab:              62808 kB
Node 1 SReclaimable:      20264 kB
Node 1 SUnreclaim:        42544 kB
Node 1 AnonHugePages:         0 kB
Node 1 ShmemHugePages:        0 kB
Node 1 ShmemPmdMapped:        0 kB
Node 1 FileHugePages:        0 kB
Node 1 FilePmdMapped:        0 kB
Node 1 HugePages_Total:     0
Node 1 HugePages_Free:      0
Node 1 HugePages_Surp:      0

After Opposite Node
Node 0 MemTotal:       24743736 kB
Node 0 MemFree:        23525688 kB
Node 0 MemUsed:         1218048 kB
Node 0 Active:            36852 kB
Node 0 Inactive:          56772 kB
Node 0 Active(anon):      13316 kB
Node 0 Inactive(anon):      360 kB
Node 0 Active(file):      23536 kB
Node 0 Inactive(file):    56412 kB
Node 0 Unevictable:         624 kB
Node 0 Mlocked:             624 kB
Node 0 Dirty:                20 kB
Node 0 Writeback:             0 kB
Node 0 FilePages:         81072 kB
Node 0 Mapped:             9196 kB
Node 0 AnonPages:         13296 kB
Node 0 Shmem:               500 kB
Node 0 KernelStack:        3224 kB
Node 0 PageTables:          496 kB
Node 0 NFS_Unstable:          0 kB
Node 0 Bounce:                0 kB
Node 0 WritebackTmp:          0 kB
Node 0 KReclaimable:      23008 kB
Node 0 Slab:              68752 kB
Node 0 SReclaimable:      23008 kB
Node 0 SUnreclaim:        45744 kB
Node 0 AnonHugePages:         0 kB
Node 0 ShmemHugePages:        0 kB
Node 0 ShmemPmdMapped:        0 kB
Node 0 FileHugePages:        0 kB
Node 0 FilePmdMapped:        0 kB
Node 0 HugePages_Total:     0
Node 0 HugePages_Free:      0
Node 0 HugePages_Surp:      0

Node 1 MemTotal:       24686196 kB
Node 1 MemFree:        22322360 kB
Node 1 MemUsed:         2363836 kB
Node 1 Active:            66048 kB
Node 1 Inactive:          40776 kB
Node 1 Active(anon):      19596 kB
Node 1 Inactive(anon):      516 kB
Node 1 Active(file):      46452 kB
Node 1 Inactive(file):    40260 kB
Node 1 Unevictable:       17900 kB
Node 1 Mlocked:           17900 kB
Node 1 Dirty:                56 kB
Node 1 Writeback:             0 kB
Node 1 FilePages:         95056 kB
Node 1 Mapped:            44776 kB
Node 1 AnonPages:         29672 kB
Node 1 Shmem:               768 kB
Node 1 KernelStack:        1384 kB
Node 1 PageTables:          620 kB
Node 1 NFS_Unstable:          0 kB
Node 1 Bounce:                0 kB
Node 1 WritebackTmp:          0 kB
Node 1 KReclaimable:      20264 kB
Node 1 Slab:              62804 kB
Node 1 SReclaimable:      20264 kB
Node 1 SUnreclaim:        42540 kB
Node 1 AnonHugePages:         0 kB
Node 1 ShmemHugePages:        0 kB
Node 1 ShmemPmdMapped:        0 kB
Node 1 FileHugePages:        0 kB
Node 1 FilePmdMapped:        0 kB
Node 1 HugePages_Total:     0
Node 1 HugePages_Free:      0
Node 1 HugePages_Surp:      0

U.1.simpleread.2G.3.O Complete!
