B.0.fio.2-1G.3.O
Begin
Node 0 MemTotal:       24768352 kB
Node 0 MemFree:        24548608 kB
Node 0 MemUsed:          219744 kB
Node 0 Active:            50552 kB
Node 0 Inactive:          19596 kB
Node 0 Active(anon):      24344 kB
Node 0 Inactive(anon):      316 kB
Node 0 Active(file):      26208 kB
Node 0 Inactive(file):    19280 kB
Node 0 Unevictable:       18040 kB
Node 0 Mlocked:           18040 kB
Node 0 Dirty:               284 kB
Node 0 Writeback:             0 kB
Node 0 FilePages:         53688 kB
Node 0 Mapped:            21796 kB
Node 0 AnonPages:         34564 kB
Node 0 Shmem:               472 kB
Node 0 KernelStack:        2056 kB
Node 0 PageTables:          600 kB
Node 0 NFS_Unstable:          0 kB
Node 0 Bounce:                0 kB
Node 0 WritebackTmp:          0 kB
Node 0 KReclaimable:      18652 kB
Node 0 Slab:              50600 kB
Node 0 SReclaimable:      18652 kB
Node 0 SUnreclaim:        31948 kB
Node 0 AnonHugePages:         0 kB
Node 0 ShmemHugePages:        0 kB
Node 0 ShmemPmdMapped:        0 kB
Node 0 FileHugePages:        0 kB
Node 0 FilePmdMapped:        0 kB
Node 0 HugePages_Total:     0
Node 0 HugePages_Free:      0
Node 0 HugePages_Surp:      0

Node 1 MemTotal:       24661580 kB
Node 1 MemFree:        24272316 kB
Node 1 MemUsed:          389264 kB
Node 1 Active:            44076 kB
Node 1 Inactive:          68252 kB
Node 1 Active(anon):       9740 kB
Node 1 Inactive(anon):      544 kB
Node 1 Active(file):      34336 kB
Node 1 Inactive(file):    67708 kB
Node 1 Unevictable:         484 kB
Node 1 Mlocked:             484 kB
Node 1 Dirty:               232 kB
Node 1 Writeback:             0 kB
Node 1 FilePages:        103324 kB
Node 1 Mapped:            24204 kB
Node 1 AnonPages:          9500 kB
Node 1 Shmem:               796 kB
Node 1 KernelStack:        1512 kB
Node 1 PageTables:          436 kB
Node 1 NFS_Unstable:          0 kB
Node 1 Bounce:                0 kB
Node 1 WritebackTmp:          0 kB
Node 1 KReclaimable:      23024 kB
Node 1 Slab:              55916 kB
Node 1 SReclaimable:      23024 kB
Node 1 SUnreclaim:        32892 kB
Node 1 AnonHugePages:         0 kB
Node 1 ShmemHugePages:        0 kB
Node 1 ShmemPmdMapped:        0 kB
Node 1 FileHugePages:        0 kB
Node 1 FilePmdMapped:        0 kB
Node 1 HugePages_Total:     0
Node 1 HugePages_Free:      0
Node 1 HugePages_Surp:      0

Load ZFS
Node 0 MemTotal:       24768352 kB
Node 0 MemFree:        24458044 kB
Node 0 MemUsed:          310308 kB
Node 0 Active:            66064 kB
Node 0 Inactive:          86828 kB
Node 0 Active(anon):      38316 kB
Node 0 Inactive(anon):      432 kB
Node 0 Active(file):      27748 kB
Node 0 Inactive(file):    86396 kB
Node 0 Unevictable:       18256 kB
Node 0 Mlocked:           18256 kB
Node 0 Dirty:                40 kB
Node 0 Writeback:             0 kB
Node 0 FilePages:        122468 kB
Node 0 Mapped:            23836 kB
Node 0 AnonPages:         48824 kB
Node 0 Shmem:               616 kB
Node 0 KernelStack:        2720 kB
Node 0 PageTables:         2416 kB
Node 0 NFS_Unstable:          0 kB
Node 0 Bounce:                0 kB
Node 0 WritebackTmp:          0 kB
Node 0 KReclaimable:      19416 kB
Node 0 Slab:              53796 kB
Node 0 SReclaimable:      19416 kB
Node 0 SUnreclaim:        34380 kB
Node 0 AnonHugePages:         0 kB
Node 0 ShmemHugePages:        0 kB
Node 0 ShmemPmdMapped:        0 kB
Node 0 FileHugePages:        0 kB
Node 0 FilePmdMapped:        0 kB
Node 0 HugePages_Total:     0
Node 0 HugePages_Free:      0
Node 0 HugePages_Surp:      0

Node 1 MemTotal:       24661580 kB
Node 1 MemFree:        24217524 kB
Node 1 MemUsed:          444056 kB
Node 1 Active:            57492 kB
Node 1 Inactive:         104436 kB
Node 1 Active(anon):      22244 kB
Node 1 Inactive(anon):      512 kB
Node 1 Active(file):      35248 kB
Node 1 Inactive(file):   103924 kB
Node 1 Unevictable:         484 kB
Node 1 Mlocked:             484 kB
Node 1 Dirty:               504 kB
Node 1 Writeback:             0 kB
Node 1 FilePages:        140308 kB
Node 1 Mapped:            26344 kB
Node 1 AnonPages:         22736 kB
Node 1 Shmem:               652 kB
Node 1 KernelStack:        1596 kB
Node 1 PageTables:          868 kB
Node 1 NFS_Unstable:          0 kB
Node 1 Bounce:                0 kB
Node 1 WritebackTmp:          0 kB
Node 1 KReclaimable:      23748 kB
Node 1 Slab:              59896 kB
Node 1 SReclaimable:      23748 kB
Node 1 SUnreclaim:        36148 kB
Node 1 AnonHugePages:         0 kB
Node 1 ShmemHugePages:        0 kB
Node 1 ShmemPmdMapped:        0 kB
Node 1 FileHugePages:        0 kB
Node 1 FilePmdMapped:        0 kB
Node 1 HugePages_Total:     0
Node 1 HugePages_Free:      0
Node 1 HugePages_Surp:      0

Import tank ZPool
Node 0 MemTotal:       24768352 kB
Node 0 MemFree:        24451552 kB
Node 0 MemUsed:          316800 kB
Node 0 Active:            66300 kB
Node 0 Inactive:          88012 kB
Node 0 Active(anon):      38220 kB
Node 0 Inactive(anon):      432 kB
Node 0 Active(file):      28080 kB
Node 0 Inactive(file):    87580 kB
Node 0 Unevictable:       18272 kB
Node 0 Mlocked:           18272 kB
Node 0 Dirty:                44 kB
Node 0 Writeback:             0 kB
Node 0 FilePages:        123988 kB
Node 0 Mapped:            23448 kB
Node 0 AnonPages:         48340 kB
Node 0 Shmem:               616 kB
Node 0 KernelStack:        2584 kB
Node 0 PageTables:         2020 kB
Node 0 NFS_Unstable:          0 kB
Node 0 Bounce:                0 kB
Node 0 WritebackTmp:          0 kB
Node 0 KReclaimable:      19536 kB
Node 0 Slab:              58896 kB
Node 0 SReclaimable:      19536 kB
Node 0 SUnreclaim:        39360 kB
Node 0 AnonHugePages:         0 kB
Node 0 ShmemHugePages:        0 kB
Node 0 ShmemPmdMapped:        0 kB
Node 0 FileHugePages:        0 kB
Node 0 FilePmdMapped:        0 kB
Node 0 HugePages_Total:     0
Node 0 HugePages_Free:      0
Node 0 HugePages_Surp:      0

Node 1 MemTotal:       24661580 kB
Node 1 MemFree:        24203916 kB
Node 1 MemUsed:          457664 kB
Node 1 Active:            57408 kB
Node 1 Inactive:         104444 kB
Node 1 Active(anon):      22160 kB
Node 1 Inactive(anon):      516 kB
Node 1 Active(file):      35248 kB
Node 1 Inactive(file):   103928 kB
Node 1 Unevictable:         484 kB
Node 1 Mlocked:             484 kB
Node 1 Dirty:               568 kB
Node 1 Writeback:             0 kB
Node 1 FilePages:        140312 kB
Node 1 Mapped:            26340 kB
Node 1 AnonPages:         22024 kB
Node 1 Shmem:               652 kB
Node 1 KernelStack:        2600 kB
Node 1 PageTables:          672 kB
Node 1 NFS_Unstable:          0 kB
Node 1 Bounce:                0 kB
Node 1 WritebackTmp:          0 kB
Node 1 KReclaimable:      23748 kB
Node 1 Slab:              62028 kB
Node 1 SReclaimable:      23748 kB
Node 1 SUnreclaim:        38280 kB
Node 1 AnonHugePages:         0 kB
Node 1 ShmemHugePages:        0 kB
Node 1 ShmemPmdMapped:        0 kB
Node 1 FileHugePages:        0 kB
Node 1 FilePmdMapped:        0 kB
Node 1 HugePages_Total:     0
Node 1 HugePages_Free:      0
Node 1 HugePages_Surp:      0

After Test
Node 0 MemTotal:       24768352 kB
Node 0 MemFree:        23172152 kB
Node 0 MemUsed:         1596200 kB
Node 0 Active:            53036 kB
Node 0 Inactive:          88692 kB
Node 0 Active(anon):      23436 kB
Node 0 Inactive(anon):      460 kB
Node 0 Active(file):      29600 kB
Node 0 Inactive(file):    88232 kB
Node 0 Unevictable:       18272 kB
Node 0 Mlocked:           18272 kB
Node 0 Dirty:                36 kB
Node 0 Writeback:             0 kB
Node 0 FilePages:        126200 kB
Node 0 Mapped:            22080 kB
Node 0 AnonPages:         33764 kB
Node 0 Shmem:               660 kB
Node 0 KernelStack:        2152 kB
Node 0 PageTables:          756 kB
Node 0 NFS_Unstable:          0 kB
Node 0 Bounce:                0 kB
Node 0 WritebackTmp:          0 kB
Node 0 KReclaimable:      20796 kB
Node 0 Slab:              67316 kB
Node 0 SReclaimable:      20796 kB
Node 0 SUnreclaim:        46520 kB
Node 0 AnonHugePages:         0 kB
Node 0 ShmemHugePages:        0 kB
Node 0 ShmemPmdMapped:        0 kB
Node 0 FileHugePages:        0 kB
Node 0 FilePmdMapped:        0 kB
Node 0 HugePages_Total:     0
Node 0 HugePages_Free:      0
Node 0 HugePages_Surp:      0

Node 1 MemTotal:       24661580 kB
Node 1 MemFree:        23631848 kB
Node 1 MemUsed:         1029732 kB
Node 1 Active:            45688 kB
Node 1 Inactive:         104080 kB
Node 1 Active(anon):      10084 kB
Node 1 Inactive(anon):      508 kB
Node 1 Active(file):      35604 kB
Node 1 Inactive(file):   103572 kB
Node 1 Unevictable:         484 kB
Node 1 Mlocked:             484 kB
Node 1 Dirty:               432 kB
Node 1 Writeback:             0 kB
Node 1 FilePages:        140312 kB
Node 1 Mapped:            24216 kB
Node 1 AnonPages:          9940 kB
Node 1 Shmem:               652 kB
Node 1 KernelStack:        2568 kB
Node 1 PageTables:          440 kB
Node 1 NFS_Unstable:          0 kB
Node 1 Bounce:                0 kB
Node 1 WritebackTmp:          0 kB
Node 1 KReclaimable:      23788 kB
Node 1 Slab:              64664 kB
Node 1 SReclaimable:      23788 kB
Node 1 SUnreclaim:        40876 kB
Node 1 AnonHugePages:         0 kB
Node 1 ShmemHugePages:        0 kB
Node 1 ShmemPmdMapped:        0 kB
Node 1 FileHugePages:        0 kB
Node 1 FilePmdMapped:        0 kB
Node 1 HugePages_Total:     0
Node 1 HugePages_Free:      0
Node 1 HugePages_Surp:      0

After Opposite Node
Node 0 MemTotal:       24768352 kB
Node 0 MemFree:        23170468 kB
Node 0 MemUsed:         1597884 kB
Node 0 Active:            53100 kB
Node 0 Inactive:          88448 kB
Node 0 Active(anon):      23260 kB
Node 0 Inactive(anon):      432 kB
Node 0 Active(file):      29840 kB
Node 0 Inactive(file):    88016 kB
Node 0 Unevictable:       18272 kB
Node 0 Mlocked:           18272 kB
Node 0 Dirty:                56 kB
Node 0 Writeback:             0 kB
Node 0 FilePages:        126180 kB
Node 0 Mapped:            22024 kB
Node 0 AnonPages:         33636 kB
Node 0 Shmem:               616 kB
Node 0 KernelStack:        2024 kB
Node 0 PageTables:          580 kB
Node 0 NFS_Unstable:          0 kB
Node 0 Bounce:                0 kB
Node 0 WritebackTmp:          0 kB
Node 0 KReclaimable:      20800 kB
Node 0 Slab:              67368 kB
Node 0 SReclaimable:      20800 kB
Node 0 SUnreclaim:        46568 kB
Node 0 AnonHugePages:         0 kB
Node 0 ShmemHugePages:        0 kB
Node 0 ShmemPmdMapped:        0 kB
Node 0 FileHugePages:        0 kB
Node 0 FilePmdMapped:        0 kB
Node 0 HugePages_Total:     0
Node 0 HugePages_Free:      0
Node 0 HugePages_Surp:      0

Node 1 MemTotal:       24661580 kB
Node 1 MemFree:        23631288 kB
Node 1 MemUsed:         1030292 kB
Node 1 Active:            45964 kB
Node 1 Inactive:         104132 kB
Node 1 Active(anon):      10360 kB
Node 1 Inactive(anon):      552 kB
Node 1 Active(file):      35604 kB
Node 1 Inactive(file):   103580 kB
Node 1 Unevictable:         484 kB
Node 1 Mlocked:             484 kB
Node 1 Dirty:               456 kB
Node 1 Writeback:             0 kB
Node 1 FilePages:        140364 kB
Node 1 Mapped:            24260 kB
Node 1 AnonPages:         10080 kB
Node 1 Shmem:               696 kB
Node 1 KernelStack:        2600 kB
Node 1 PageTables:          620 kB
Node 1 NFS_Unstable:          0 kB
Node 1 Bounce:                0 kB
Node 1 WritebackTmp:          0 kB
Node 1 KReclaimable:      23888 kB
Node 1 Slab:              65132 kB
Node 1 SReclaimable:      23888 kB
Node 1 SUnreclaim:        41244 kB
Node 1 AnonHugePages:         0 kB
Node 1 ShmemHugePages:        0 kB
Node 1 ShmemPmdMapped:        0 kB
Node 1 FileHugePages:        0 kB
Node 1 FilePmdMapped:        0 kB
Node 1 HugePages_Total:     0
Node 1 HugePages_Free:      0
Node 1 HugePages_Surp:      0

B.0.fio.2-1G.3.O Complete!
