B.0.fio.500M.3.O
Begin
Node 0 MemTotal:       24743736 kB
Node 0 MemFree:        24467632 kB
Node 0 MemUsed:          276104 kB
Node 0 Active:            40168 kB
Node 0 Inactive:          84436 kB
Node 0 Active(anon):      17636 kB
Node 0 Inactive(anon):      568 kB
Node 0 Active(file):      22532 kB
Node 0 Inactive(file):    83868 kB
Node 0 Unevictable:        4968 kB
Node 0 Mlocked:            4968 kB
Node 0 Dirty:               164 kB
Node 0 Writeback:             0 kB
Node 0 FilePages:        112200 kB
Node 0 Mapped:            43804 kB
Node 0 AnonPages:         17424 kB
Node 0 Shmem:               824 kB
Node 0 KernelStack:        2056 kB
Node 0 PageTables:          768 kB
Node 0 NFS_Unstable:          0 kB
Node 0 Bounce:                0 kB
Node 0 WritebackTmp:          0 kB
Node 0 KReclaimable:      22020 kB
Node 0 Slab:              63016 kB
Node 0 SReclaimable:      22020 kB
Node 0 SUnreclaim:        40996 kB
Node 0 AnonHugePages:         0 kB
Node 0 ShmemHugePages:        0 kB
Node 0 ShmemPmdMapped:        0 kB
Node 0 FileHugePages:        0 kB
Node 0 FilePmdMapped:        0 kB
Node 0 HugePages_Total:     0
Node 0 HugePages_Free:      0
Node 0 HugePages_Surp:      0

Node 1 MemTotal:       24686196 kB
Node 1 MemFree:        24293096 kB
Node 1 MemUsed:          393100 kB
Node 1 Active:            54920 kB
Node 1 Inactive:          64204 kB
Node 1 Active(anon):      16160 kB
Node 1 Inactive(anon):      312 kB
Node 1 Active(file):      38760 kB
Node 1 Inactive(file):    63892 kB
Node 1 Unevictable:       13552 kB
Node 1 Mlocked:           13552 kB
Node 1 Dirty:                76 kB
Node 1 Writeback:             0 kB
Node 1 FilePages:        106324 kB
Node 1 Mapped:            48500 kB
Node 1 AnonPages:         26440 kB
Node 1 Shmem:               444 kB
Node 1 KernelStack:        1544 kB
Node 1 PageTables:          532 kB
Node 1 NFS_Unstable:          0 kB
Node 1 Bounce:                0 kB
Node 1 WritebackTmp:          0 kB
Node 1 KReclaimable:      19460 kB
Node 1 Slab:              41920 kB
Node 1 SReclaimable:      19460 kB
Node 1 SUnreclaim:        22460 kB
Node 1 AnonHugePages:         0 kB
Node 1 ShmemHugePages:        0 kB
Node 1 ShmemPmdMapped:        0 kB
Node 1 FileHugePages:        0 kB
Node 1 FilePmdMapped:        0 kB
Node 1 HugePages_Total:     0
Node 1 HugePages_Free:      0
Node 1 HugePages_Surp:      0

Load ZFS
Node 0 MemTotal:       24743736 kB
Node 0 MemFree:        24415492 kB
Node 0 MemUsed:          328244 kB
Node 0 Active:            55128 kB
Node 0 Inactive:         117436 kB
Node 0 Active(anon):      31420 kB
Node 0 Inactive(anon):      500 kB
Node 0 Active(file):      23708 kB
Node 0 Inactive(file):   116936 kB
Node 0 Unevictable:        4968 kB
Node 0 Mlocked:            4968 kB
Node 0 Dirty:               332 kB
Node 0 Writeback:             0 kB
Node 0 FilePages:        146584 kB
Node 0 Mapped:            46768 kB
Node 0 AnonPages:         30804 kB
Node 0 Shmem:               688 kB
Node 0 KernelStack:        2324 kB
Node 0 PageTables:         1368 kB
Node 0 NFS_Unstable:          0 kB
Node 0 Bounce:                0 kB
Node 0 WritebackTmp:          0 kB
Node 0 KReclaimable:      22896 kB
Node 0 Slab:              65020 kB
Node 0 SReclaimable:      22896 kB
Node 0 SUnreclaim:        42124 kB
Node 0 AnonHugePages:         0 kB
Node 0 ShmemHugePages:        0 kB
Node 0 ShmemPmdMapped:        0 kB
Node 0 FileHugePages:        0 kB
Node 0 FilePmdMapped:        0 kB
Node 0 HugePages_Total:     0
Node 0 HugePages_Free:      0
Node 0 HugePages_Surp:      0

Node 1 MemTotal:       24686196 kB
Node 1 MemFree:        24198640 kB
Node 1 MemUsed:          487556 kB
Node 1 Active:            69824 kB
Node 1 Inactive:         135140 kB
Node 1 Active(anon):      30104 kB
Node 1 Inactive(anon):      432 kB
Node 1 Active(file):      39720 kB
Node 1 Inactive(file):   134708 kB
Node 1 Unevictable:       13768 kB
Node 1 Mlocked:           13768 kB
Node 1 Dirty:               272 kB
Node 1 Writeback:             0 kB
Node 1 FilePages:        178236 kB
Node 1 Mapped:            49912 kB
Node 1 AnonPages:         40400 kB
Node 1 Shmem:               580 kB
Node 1 KernelStack:        1872 kB
Node 1 PageTables:         2124 kB
Node 1 NFS_Unstable:          0 kB
Node 1 Bounce:                0 kB
Node 1 WritebackTmp:          0 kB
Node 1 KReclaimable:      20496 kB
Node 1 Slab:              47468 kB
Node 1 SReclaimable:      20496 kB
Node 1 SUnreclaim:        26972 kB
Node 1 AnonHugePages:         0 kB
Node 1 ShmemHugePages:        0 kB
Node 1 ShmemPmdMapped:        0 kB
Node 1 FileHugePages:        0 kB
Node 1 FilePmdMapped:        0 kB
Node 1 HugePages_Total:     0
Node 1 HugePages_Free:      0
Node 1 HugePages_Surp:      0

Import tank ZPool
Node 0 MemTotal:       24743736 kB
Node 0 MemFree:        24411056 kB
Node 0 MemUsed:          332680 kB
Node 0 Active:            55292 kB
Node 0 Inactive:         118460 kB
Node 0 Active(anon):      31008 kB
Node 0 Inactive(anon):      520 kB
Node 0 Active(file):      24284 kB
Node 0 Inactive(file):   117940 kB
Node 0 Unevictable:        4968 kB
Node 0 Mlocked:            4968 kB
Node 0 Dirty:               396 kB
Node 0 Writeback:             0 kB
Node 0 FilePages:        147892 kB
Node 0 Mapped:            46688 kB
Node 0 AnonPages:         30948 kB
Node 0 Shmem:               700 kB
Node 0 KernelStack:        2312 kB
Node 0 PageTables:         1544 kB
Node 0 NFS_Unstable:          0 kB
Node 0 Bounce:                0 kB
Node 0 WritebackTmp:          0 kB
Node 0 KReclaimable:      22936 kB
Node 0 Slab:              69820 kB
Node 0 SReclaimable:      22936 kB
Node 0 SUnreclaim:        46884 kB
Node 0 AnonHugePages:         0 kB
Node 0 ShmemHugePages:        0 kB
Node 0 ShmemPmdMapped:        0 kB
Node 0 FileHugePages:        0 kB
Node 0 FilePmdMapped:        0 kB
Node 0 HugePages_Total:     0
Node 0 HugePages_Free:      0
Node 0 HugePages_Surp:      0

Node 1 MemTotal:       24686196 kB
Node 1 MemFree:        24184944 kB
Node 1 MemUsed:          501252 kB
Node 1 Active:            69400 kB
Node 1 Inactive:         135140 kB
Node 1 Active(anon):      29680 kB
Node 1 Inactive(anon):      428 kB
Node 1 Active(file):      39720 kB
Node 1 Inactive(file):   134712 kB
Node 1 Unevictable:       13784 kB
Node 1 Mlocked:           13784 kB
Node 1 Dirty:               336 kB
Node 1 Writeback:             0 kB
Node 1 FilePages:        178228 kB
Node 1 Mapped:            50028 kB
Node 1 AnonPages:         40096 kB
Node 1 Shmem:               568 kB
Node 1 KernelStack:        2920 kB
Node 1 PageTables:         1404 kB
Node 1 NFS_Unstable:          0 kB
Node 1 Bounce:                0 kB
Node 1 WritebackTmp:          0 kB
Node 1 KReclaimable:      20504 kB
Node 1 Slab:              49612 kB
Node 1 SReclaimable:      20504 kB
Node 1 SUnreclaim:        29108 kB
Node 1 AnonHugePages:         0 kB
Node 1 ShmemHugePages:        0 kB
Node 1 ShmemPmdMapped:        0 kB
Node 1 FileHugePages:        0 kB
Node 1 FilePmdMapped:        0 kB
Node 1 HugePages_Total:     0
Node 1 HugePages_Free:      0
Node 1 HugePages_Surp:      0

After Test
Node 0 MemTotal:       24743736 kB
Node 0 MemFree:        23460412 kB
Node 0 MemUsed:         1283324 kB
Node 0 Active:            44156 kB
Node 0 Inactive:         119088 kB
Node 0 Active(anon):      18132 kB
Node 0 Inactive(anon):      544 kB
Node 0 Active(file):      26024 kB
Node 0 Inactive(file):   118544 kB
Node 0 Unevictable:        4968 kB
Node 0 Mlocked:            4968 kB
Node 0 Dirty:                60 kB
Node 0 Writeback:             0 kB
Node 0 FilePages:        150276 kB
Node 0 Mapped:            44540 kB
Node 0 AnonPages:         17852 kB
Node 0 Shmem:               744 kB
Node 0 KernelStack:        2184 kB
Node 0 PageTables:          908 kB
Node 0 NFS_Unstable:          0 kB
Node 0 Bounce:                0 kB
Node 0 WritebackTmp:          0 kB
Node 0 KReclaimable:      24324 kB
Node 0 Slab:              77128 kB
Node 0 SReclaimable:      24324 kB
Node 0 SUnreclaim:        52804 kB
Node 0 AnonHugePages:         0 kB
Node 0 ShmemHugePages:        0 kB
Node 0 ShmemPmdMapped:        0 kB
Node 0 FileHugePages:        0 kB
Node 0 FilePmdMapped:        0 kB
Node 0 HugePages_Total:     0
Node 0 HugePages_Free:      0
Node 0 HugePages_Surp:      0

Node 1 MemTotal:       24686196 kB
Node 1 MemFree:        24095504 kB
Node 1 MemUsed:          590692 kB
Node 1 Active:            54980 kB
Node 1 Inactive:         134884 kB
Node 1 Active(anon):      15012 kB
Node 1 Inactive(anon):      420 kB
Node 1 Active(file):      39968 kB
Node 1 Inactive(file):   134464 kB
Node 1 Unevictable:       13784 kB
Node 1 Mlocked:           13784 kB
Node 1 Dirty:                 0 kB
Node 1 Writeback:             0 kB
Node 1 FilePages:        178228 kB
Node 1 Mapped:            48496 kB
Node 1 AnonPages:         25420 kB
Node 1 Shmem:               568 kB
Node 1 KernelStack:        2600 kB
Node 1 PageTables:          440 kB
Node 1 NFS_Unstable:          0 kB
Node 1 Bounce:                0 kB
Node 1 WritebackTmp:          0 kB
Node 1 KReclaimable:      20504 kB
Node 1 Slab:              49952 kB
Node 1 SReclaimable:      20504 kB
Node 1 SUnreclaim:        29448 kB
Node 1 AnonHugePages:         0 kB
Node 1 ShmemHugePages:        0 kB
Node 1 ShmemPmdMapped:        0 kB
Node 1 FileHugePages:        0 kB
Node 1 FilePmdMapped:        0 kB
Node 1 HugePages_Total:     0
Node 1 HugePages_Free:      0
Node 1 HugePages_Surp:      0

After Opposite Node
Node 0 MemTotal:       24743736 kB
Node 0 MemFree:        23461224 kB
Node 0 MemUsed:         1282512 kB
Node 0 Active:            44288 kB
Node 0 Inactive:         118844 kB
Node 0 Active(anon):      18024 kB
Node 0 Inactive(anon):      520 kB
Node 0 Active(file):      26264 kB
Node 0 Inactive(file):   118324 kB
Node 0 Unevictable:        4968 kB
Node 0 Mlocked:            4968 kB
Node 0 Dirty:                80 kB
Node 0 Writeback:             0 kB
Node 0 FilePages:        150252 kB
Node 0 Mapped:            44504 kB
Node 0 AnonPages:         17844 kB
Node 0 Shmem:               700 kB
Node 0 KernelStack:        2072 kB
Node 0 PageTables:          792 kB
Node 0 NFS_Unstable:          0 kB
Node 0 Bounce:                0 kB
Node 0 WritebackTmp:          0 kB
Node 0 KReclaimable:      24324 kB
Node 0 Slab:              77136 kB
Node 0 SReclaimable:      24324 kB
Node 0 SUnreclaim:        52812 kB
Node 0 AnonHugePages:         0 kB
Node 0 ShmemHugePages:        0 kB
Node 0 ShmemPmdMapped:        0 kB
Node 0 FileHugePages:        0 kB
Node 0 FilePmdMapped:        0 kB
Node 0 HugePages_Total:     0
Node 0 HugePages_Free:      0
Node 0 HugePages_Surp:      0

Node 1 MemTotal:       24686196 kB
Node 1 MemFree:        24094948 kB
Node 1 MemUsed:          591248 kB
Node 1 Active:            55168 kB
Node 1 Inactive:         134920 kB
Node 1 Active(anon):      15196 kB
Node 1 Inactive(anon):      448 kB
Node 1 Active(file):      39972 kB
Node 1 Inactive(file):   134472 kB
Node 1 Unevictable:       13784 kB
Node 1 Mlocked:           13784 kB
Node 1 Dirty:                 8 kB
Node 1 Writeback:             0 kB
Node 1 FilePages:        178284 kB
Node 1 Mapped:            48540 kB
Node 1 AnonPages:         25540 kB
Node 1 Shmem:               612 kB
Node 1 KernelStack:        2648 kB
Node 1 PageTables:          608 kB
Node 1 NFS_Unstable:          0 kB
Node 1 Bounce:                0 kB
Node 1 WritebackTmp:          0 kB
Node 1 KReclaimable:      20552 kB
Node 1 Slab:              50188 kB
Node 1 SReclaimable:      20552 kB
Node 1 SUnreclaim:        29636 kB
Node 1 AnonHugePages:         0 kB
Node 1 ShmemHugePages:        0 kB
Node 1 ShmemPmdMapped:        0 kB
Node 1 FileHugePages:        0 kB
Node 1 FilePmdMapped:        0 kB
Node 1 HugePages_Total:     0
Node 1 HugePages_Free:      0
Node 1 HugePages_Surp:      0

B.0.fio.500M.3.O Complete!
