B.0.fio.2-1G.2.O
Begin
Node 0 MemTotal:       24768352 kB
Node 0 MemFree:        24468236 kB
Node 0 MemUsed:          300116 kB
Node 0 Active:            49144 kB
Node 0 Inactive:          89068 kB
Node 0 Active(anon):      23324 kB
Node 0 Inactive(anon):      556 kB
Node 0 Active(file):      25820 kB
Node 0 Inactive(file):    88512 kB
Node 0 Unevictable:       17120 kB
Node 0 Mlocked:           17120 kB
Node 0 Dirty:               228 kB
Node 0 Writeback:             0 kB
Node 0 FilePages:        121912 kB
Node 0 Mapped:            50256 kB
Node 0 AnonPages:         33612 kB
Node 0 Shmem:               788 kB
Node 0 KernelStack:        2440 kB
Node 0 PageTables:          828 kB
Node 0 NFS_Unstable:          0 kB
Node 0 Bounce:                0 kB
Node 0 WritebackTmp:          0 kB
Node 0 KReclaimable:      25740 kB
Node 0 Slab:              60584 kB
Node 0 SReclaimable:      25740 kB
Node 0 SUnreclaim:        34844 kB
Node 0 AnonHugePages:         0 kB
Node 0 ShmemHugePages:        0 kB
Node 0 ShmemPmdMapped:        0 kB
Node 0 FileHugePages:        0 kB
Node 0 FilePmdMapped:        0 kB
Node 0 HugePages_Total:     0
Node 0 HugePages_Free:      0
Node 0 HugePages_Surp:      0

Node 1 MemTotal:       24661580 kB
Node 1 MemFree:        24326528 kB
Node 1 MemUsed:          335052 kB
Node 1 Active:            45132 kB
Node 1 Inactive:          24488 kB
Node 1 Active(anon):      10380 kB
Node 1 Inactive(anon):      308 kB
Node 1 Active(file):      34752 kB
Node 1 Inactive(file):    24180 kB
Node 1 Unevictable:        1400 kB
Node 1 Mlocked:            1400 kB
Node 1 Dirty:                20 kB
Node 1 Writeback:             0 kB
Node 1 FilePages:         60976 kB
Node 1 Mapped:            16016 kB
Node 1 AnonPages:         10216 kB
Node 1 Shmem:               480 kB
Node 1 KernelStack:        1224 kB
Node 1 PageTables:          368 kB
Node 1 NFS_Unstable:          0 kB
Node 1 Bounce:                0 kB
Node 1 WritebackTmp:          0 kB
Node 1 KReclaimable:      15728 kB
Node 1 Slab:              45828 kB
Node 1 SReclaimable:      15728 kB
Node 1 SUnreclaim:        30100 kB
Node 1 AnonHugePages:         0 kB
Node 1 ShmemHugePages:        0 kB
Node 1 ShmemPmdMapped:        0 kB
Node 1 FileHugePages:        0 kB
Node 1 FilePmdMapped:        0 kB
Node 1 HugePages_Total:     0
Node 1 HugePages_Free:      0
Node 1 HugePages_Surp:      0

Load ZFS
Node 0 MemTotal:       24768352 kB
Node 0 MemFree:        24232980 kB
Node 0 MemUsed:          535372 kB
Node 0 Active:            63536 kB
Node 0 Inactive:         168244 kB
Node 0 Active(anon):      36412 kB
Node 0 Inactive(anon):      496 kB
Node 0 Active(file):      27124 kB
Node 0 Inactive(file):   167748 kB
Node 0 Unevictable:       17320 kB
Node 0 Mlocked:           17320 kB
Node 0 Dirty:               540 kB
Node 0 Writeback:             0 kB
Node 0 FilePages:        202332 kB
Node 0 Mapped:            53836 kB
Node 0 AnonPages:         46184 kB
Node 0 Shmem:               668 kB
Node 0 KernelStack:        2676 kB
Node 0 PageTables:         2144 kB
Node 0 NFS_Unstable:          0 kB
Node 0 Bounce:                0 kB
Node 0 WritebackTmp:          0 kB
Node 0 KReclaimable:      26728 kB
Node 0 Slab:              65468 kB
Node 0 SReclaimable:      26728 kB
Node 0 SUnreclaim:        38740 kB
Node 0 AnonHugePages:         0 kB
Node 0 ShmemHugePages:        0 kB
Node 0 ShmemPmdMapped:        0 kB
Node 0 FileHugePages:        0 kB
Node 0 FilePmdMapped:        0 kB
Node 0 HugePages_Total:     0
Node 0 HugePages_Free:      0
Node 0 HugePages_Surp:      0

Node 1 MemTotal:       24661580 kB
Node 1 MemFree:        24417392 kB
Node 1 MemUsed:          244188 kB
Node 1 Active:            60784 kB
Node 1 Inactive:          48676 kB
Node 1 Active(anon):      24840 kB
Node 1 Inactive(anon):      432 kB
Node 1 Active(file):      35944 kB
Node 1 Inactive(file):    48244 kB
Node 1 Unevictable:        1400 kB
Node 1 Mlocked:            1400 kB
Node 1 Dirty:                44 kB
Node 1 Writeback:             0 kB
Node 1 FilePages:         86612 kB
Node 1 Mapped:            17704 kB
Node 1 AnonPages:         24356 kB
Node 1 Shmem:               600 kB
Node 1 KernelStack:        1772 kB
Node 1 PageTables:         1004 kB
Node 1 NFS_Unstable:          0 kB
Node 1 Bounce:                0 kB
Node 1 WritebackTmp:          0 kB
Node 1 KReclaimable:      16436 kB
Node 1 Slab:              47900 kB
Node 1 SReclaimable:      16436 kB
Node 1 SUnreclaim:        31464 kB
Node 1 AnonHugePages:         0 kB
Node 1 ShmemHugePages:        0 kB
Node 1 ShmemPmdMapped:        0 kB
Node 1 FileHugePages:        0 kB
Node 1 FilePmdMapped:        0 kB
Node 1 HugePages_Total:     0
Node 1 HugePages_Free:      0
Node 1 HugePages_Surp:      0

Import tank ZPool
Node 0 MemTotal:       24768352 kB
Node 0 MemFree:        24246896 kB
Node 0 MemUsed:          521456 kB
Node 0 Active:            50368 kB
Node 0 Inactive:         167736 kB
Node 0 Active(anon):      22736 kB
Node 0 Inactive(anon):      496 kB
Node 0 Active(file):      27632 kB
Node 0 Inactive(file):   167240 kB
Node 0 Unevictable:       17352 kB
Node 0 Mlocked:           17352 kB
Node 0 Dirty:               488 kB
Node 0 Writeback:             0 kB
Node 0 FilePages:        202316 kB
Node 0 Mapped:            50660 kB
Node 0 AnonPages:         33136 kB
Node 0 Shmem:               652 kB
Node 0 KernelStack:        2264 kB
Node 0 PageTables:          752 kB
Node 0 NFS_Unstable:          0 kB
Node 0 Bounce:                0 kB
Node 0 WritebackTmp:          0 kB
Node 0 KReclaimable:      26696 kB
Node 0 Slab:              65300 kB
Node 0 SReclaimable:      26696 kB
Node 0 SUnreclaim:        38604 kB
Node 0 AnonHugePages:         0 kB
Node 0 ShmemHugePages:        0 kB
Node 0 ShmemPmdMapped:        0 kB
Node 0 FileHugePages:        0 kB
Node 0 FilePmdMapped:        0 kB
Node 0 HugePages_Total:     0
Node 0 HugePages_Free:      0
Node 0 HugePages_Surp:      0

Node 1 MemTotal:       24661580 kB
Node 1 MemFree:        24411228 kB
Node 1 MemUsed:          250352 kB
Node 1 Active:            47656 kB
Node 1 Inactive:          49700 kB
Node 1 Active(anon):      11000 kB
Node 1 Inactive(anon):      460 kB
Node 1 Active(file):      36656 kB
Node 1 Inactive(file):    49240 kB
Node 1 Unevictable:        1400 kB
Node 1 Mlocked:            1400 kB
Node 1 Dirty:                20 kB
Node 1 Writeback:             0 kB
Node 1 FilePages:         87912 kB
Node 1 Mapped:            16328 kB
Node 1 AnonPages:         10432 kB
Node 1 Shmem:               616 kB
Node 1 KernelStack:        2504 kB
Node 1 PageTables:          500 kB
Node 1 NFS_Unstable:          0 kB
Node 1 Bounce:                0 kB
Node 1 WritebackTmp:          0 kB
Node 1 KReclaimable:      16592 kB
Node 1 Slab:              53808 kB
Node 1 SReclaimable:      16592 kB
Node 1 SUnreclaim:        37216 kB
Node 1 AnonHugePages:         0 kB
Node 1 ShmemHugePages:        0 kB
Node 1 ShmemPmdMapped:        0 kB
Node 1 FileHugePages:        0 kB
Node 1 FilePmdMapped:        0 kB
Node 1 HugePages_Total:     0
Node 1 HugePages_Free:      0
Node 1 HugePages_Surp:      0

After Test
Node 0 MemTotal:       24768352 kB
Node 0 MemFree:        22491960 kB
Node 0 MemUsed:         2276392 kB
Node 0 Active:            51336 kB
Node 0 Inactive:         168884 kB
Node 0 Active(anon):      22888 kB
Node 0 Inactive(anon):      520 kB
Node 0 Active(file):      28448 kB
Node 0 Inactive(file):   168364 kB
Node 0 Unevictable:       17352 kB
Node 0 Mlocked:           17352 kB
Node 0 Dirty:                68 kB
Node 0 Writeback:             0 kB
Node 0 FilePages:        204300 kB
Node 0 Mapped:            50624 kB
Node 0 AnonPages:         33188 kB
Node 0 Shmem:               696 kB
Node 0 KernelStack:        2248 kB
Node 0 PageTables:          868 kB
Node 0 NFS_Unstable:          0 kB
Node 0 Bounce:                0 kB
Node 0 WritebackTmp:          0 kB
Node 0 KReclaimable:      27964 kB
Node 0 Slab:              76356 kB
Node 0 SReclaimable:      27964 kB
Node 0 SUnreclaim:        48392 kB
Node 0 AnonHugePages:         0 kB
Node 0 ShmemHugePages:        0 kB
Node 0 ShmemPmdMapped:        0 kB
Node 0 FileHugePages:        0 kB
Node 0 FilePmdMapped:        0 kB
Node 0 HugePages_Total:     0
Node 0 HugePages_Free:      0
Node 0 HugePages_Surp:      0

Node 1 MemTotal:       24661580 kB
Node 1 MemFree:        24286868 kB
Node 1 MemUsed:          374712 kB
Node 1 Active:            47428 kB
Node 1 Inactive:          49436 kB
Node 1 Active(anon):      10340 kB
Node 1 Inactive(anon):      452 kB
Node 1 Active(file):      37088 kB
Node 1 Inactive(file):    48984 kB
Node 1 Unevictable:        1400 kB
Node 1 Mlocked:            1400 kB
Node 1 Dirty:                16 kB
Node 1 Writeback:             0 kB
Node 1 FilePages:         88088 kB
Node 1 Mapped:            16052 kB
Node 1 AnonPages:         10176 kB
Node 1 Shmem:               616 kB
Node 1 KernelStack:        2488 kB
Node 1 PageTables:          388 kB
Node 1 NFS_Unstable:          0 kB
Node 1 Bounce:                0 kB
Node 1 WritebackTmp:          0 kB
Node 1 KReclaimable:      16652 kB
Node 1 Slab:              54412 kB
Node 1 SReclaimable:      16652 kB
Node 1 SUnreclaim:        37760 kB
Node 1 AnonHugePages:         0 kB
Node 1 ShmemHugePages:        0 kB
Node 1 ShmemPmdMapped:        0 kB
Node 1 FileHugePages:        0 kB
Node 1 FilePmdMapped:        0 kB
Node 1 HugePages_Total:     0
Node 1 HugePages_Free:      0
Node 1 HugePages_Surp:      0

After Opposite Node
Node 0 MemTotal:       24768352 kB
Node 0 MemFree:        22488884 kB
Node 0 MemUsed:         2279468 kB
Node 0 Active:            51356 kB
Node 0 Inactive:         168696 kB
Node 0 Active(anon):      22736 kB
Node 0 Inactive(anon):      496 kB
Node 0 Active(file):      28620 kB
Node 0 Inactive(file):   168200 kB
Node 0 Unevictable:       17352 kB
Node 0 Mlocked:           17352 kB
Node 0 Dirty:               100 kB
Node 0 Writeback:             0 kB
Node 0 FilePages:        204264 kB
Node 0 Mapped:            50600 kB
Node 0 AnonPages:         33136 kB
Node 0 Shmem:               652 kB
Node 0 KernelStack:        2200 kB
Node 0 PageTables:          752 kB
Node 0 NFS_Unstable:          0 kB
Node 0 Bounce:                0 kB
Node 0 WritebackTmp:          0 kB
Node 0 KReclaimable:      27964 kB
Node 0 Slab:              76036 kB
Node 0 SReclaimable:      27964 kB
Node 0 SUnreclaim:        48072 kB
Node 0 AnonHugePages:         0 kB
Node 0 ShmemHugePages:        0 kB
Node 0 ShmemPmdMapped:        0 kB
Node 0 FileHugePages:        0 kB
Node 0 FilePmdMapped:        0 kB
Node 0 HugePages_Total:     0
Node 0 HugePages_Free:      0
Node 0 HugePages_Surp:      0

Node 1 MemTotal:       24661580 kB
Node 1 MemFree:        24285732 kB
Node 1 MemUsed:          375848 kB
Node 1 Active:            47660 kB
Node 1 Inactive:          49468 kB
Node 1 Active(anon):      10544 kB
Node 1 Inactive(anon):      488 kB
Node 1 Active(file):      37116 kB
Node 1 Inactive(file):    48980 kB
Node 1 Unevictable:        1400 kB
Node 1 Mlocked:            1400 kB
Node 1 Dirty:                20 kB
Node 1 Writeback:             0 kB
Node 1 FilePages:         88156 kB
Node 1 Mapped:            16096 kB
Node 1 AnonPages:         10236 kB
Node 1 Shmem:               660 kB
Node 1 KernelStack:        2428 kB
Node 1 PageTables:          504 kB
Node 1 NFS_Unstable:          0 kB
Node 1 Bounce:                0 kB
Node 1 WritebackTmp:          0 kB
Node 1 KReclaimable:      16740 kB
Node 1 Slab:              55016 kB
Node 1 SReclaimable:      16740 kB
Node 1 SUnreclaim:        38276 kB
Node 1 AnonHugePages:         0 kB
Node 1 ShmemHugePages:        0 kB
Node 1 ShmemPmdMapped:        0 kB
Node 1 FileHugePages:        0 kB
Node 1 FilePmdMapped:        0 kB
Node 1 HugePages_Total:     0
Node 1 HugePages_Free:      0
Node 1 HugePages_Surp:      0

B.0.fio.2-1G.2.O Complete!
