B.0.fio.1-128K.1.O
Begin
Node 0 MemTotal:       24768352 kB
Node 0 MemFree:        24538532 kB
Node 0 MemUsed:          229820 kB
Node 0 Active:            54384 kB
Node 0 Inactive:          29532 kB
Node 0 Active(anon):      13828 kB
Node 0 Inactive(anon):      448 kB
Node 0 Active(file):      40556 kB
Node 0 Inactive(file):    29084 kB
Node 0 Unevictable:        4760 kB
Node 0 Mlocked:            4760 kB
Node 0 Dirty:                28 kB
Node 0 Writeback:             0 kB
Node 0 FilePages:         75116 kB
Node 0 Mapped:            25076 kB
Node 0 AnonPages:         13636 kB
Node 0 Shmem:               704 kB
Node 0 KernelStack:        2120 kB
Node 0 PageTables:          504 kB
Node 0 NFS_Unstable:          0 kB
Node 0 Bounce:                0 kB
Node 0 WritebackTmp:          0 kB
Node 0 KReclaimable:      20604 kB
Node 0 Slab:              53184 kB
Node 0 SReclaimable:      20604 kB
Node 0 SUnreclaim:        32580 kB
Node 0 AnonHugePages:         0 kB
Node 0 ShmemHugePages:        0 kB
Node 0 ShmemPmdMapped:        0 kB
Node 0 FileHugePages:        0 kB
Node 0 FilePmdMapped:        0 kB
Node 0 HugePages_Total:     0
Node 0 HugePages_Free:      0
Node 0 HugePages_Surp:      0

Node 1 MemTotal:       24661580 kB
Node 1 MemFree:        24278024 kB
Node 1 MemUsed:          383556 kB
Node 1 Active:            39260 kB
Node 1 Inactive:          62948 kB
Node 1 Active(anon):      19648 kB
Node 1 Inactive(anon):      432 kB
Node 1 Active(file):      19612 kB
Node 1 Inactive(file):    62516 kB
Node 1 Unevictable:       13764 kB
Node 1 Mlocked:           13764 kB
Node 1 Dirty:               496 kB
Node 1 Writeback:             0 kB
Node 1 FilePages:         86280 kB
Node 1 Mapped:            25048 kB
Node 1 AnonPages:         29936 kB
Node 1 Shmem:               564 kB
Node 1 KernelStack:        1512 kB
Node 1 PageTables:          600 kB
Node 1 NFS_Unstable:          0 kB
Node 1 Bounce:                0 kB
Node 1 WritebackTmp:          0 kB
Node 1 KReclaimable:      20904 kB
Node 1 Slab:              52660 kB
Node 1 SReclaimable:      20904 kB
Node 1 SUnreclaim:        31756 kB
Node 1 AnonHugePages:         0 kB
Node 1 ShmemHugePages:        0 kB
Node 1 ShmemPmdMapped:        0 kB
Node 1 FileHugePages:        0 kB
Node 1 FilePmdMapped:        0 kB
Node 1 HugePages_Total:     0
Node 1 HugePages_Free:      0
Node 1 HugePages_Surp:      0

Load ZFS
Node 0 MemTotal:       24768352 kB
Node 0 MemFree:        24498924 kB
Node 0 MemUsed:          269428 kB
Node 0 Active:            69852 kB
Node 0 Inactive:          48436 kB
Node 0 Active(anon):      28716 kB
Node 0 Inactive(anon):      604 kB
Node 0 Active(file):      41136 kB
Node 0 Inactive(file):    47832 kB
Node 0 Unevictable:        4760 kB
Node 0 Mlocked:            4760 kB
Node 0 Dirty:                16 kB
Node 0 Writeback:             0 kB
Node 0 FilePages:         94400 kB
Node 0 Mapped:            27020 kB
Node 0 AnonPages:         28520 kB
Node 0 Shmem:               676 kB
Node 0 KernelStack:        2504 kB
Node 0 PageTables:         1268 kB
Node 0 NFS_Unstable:          0 kB
Node 0 Bounce:                0 kB
Node 0 WritebackTmp:          0 kB
Node 0 KReclaimable:      21276 kB
Node 0 Slab:              57052 kB
Node 0 SReclaimable:      21276 kB
Node 0 SUnreclaim:        35776 kB
Node 0 AnonHugePages:         0 kB
Node 0 ShmemHugePages:        0 kB
Node 0 ShmemPmdMapped:        0 kB
Node 0 FileHugePages:        0 kB
Node 0 FilePmdMapped:        0 kB
Node 0 HugePages_Total:     0
Node 0 HugePages_Free:      0
Node 0 HugePages_Surp:      0

Node 1 MemTotal:       24661580 kB
Node 1 MemFree:        24172676 kB
Node 1 MemUsed:          488904 kB
Node 1 Active:            52736 kB
Node 1 Inactive:         147452 kB
Node 1 Active(anon):      31204 kB
Node 1 Inactive(anon):      552 kB
Node 1 Active(file):      21532 kB
Node 1 Inactive(file):   146900 kB
Node 1 Unevictable:       13828 kB
Node 1 Mlocked:           13828 kB
Node 1 Dirty:               564 kB
Node 1 Writeback:             0 kB
Node 1 FilePages:        172896 kB
Node 1 Mapped:            27036 kB
Node 1 AnonPages:         41444 kB
Node 1 Shmem:               592 kB
Node 1 KernelStack:        1828 kB
Node 1 PageTables:         1528 kB
Node 1 NFS_Unstable:          0 kB
Node 1 Bounce:                0 kB
Node 1 WritebackTmp:          0 kB
Node 1 KReclaimable:      21800 kB
Node 1 Slab:              55924 kB
Node 1 SReclaimable:      21800 kB
Node 1 SUnreclaim:        34124 kB
Node 1 AnonHugePages:         0 kB
Node 1 ShmemHugePages:        0 kB
Node 1 ShmemPmdMapped:        0 kB
Node 1 FileHugePages:        0 kB
Node 1 FilePmdMapped:        0 kB
Node 1 HugePages_Total:     0
Node 1 HugePages_Free:      0
Node 1 HugePages_Surp:      0

Import tank ZPool
Node 0 MemTotal:       24768352 kB
Node 0 MemFree:        24484872 kB
Node 0 MemUsed:          283480 kB
Node 0 Active:            69528 kB
Node 0 Inactive:          48284 kB
Node 0 Active(anon):      28392 kB
Node 0 Inactive(anon):      448 kB
Node 0 Active(file):      41136 kB
Node 0 Inactive(file):    47836 kB
Node 0 Unevictable:        4760 kB
Node 0 Mlocked:            4760 kB
Node 0 Dirty:                36 kB
Node 0 Writeback:             0 kB
Node 0 FilePages:         94376 kB
Node 0 Mapped:            26972 kB
Node 0 AnonPages:         28224 kB
Node 0 Shmem:               616 kB
Node 0 KernelStack:        3464 kB
Node 0 PageTables:         1316 kB
Node 0 NFS_Unstable:          0 kB
Node 0 Bounce:                0 kB
Node 0 WritebackTmp:          0 kB
Node 0 KReclaimable:      21276 kB
Node 0 Slab:              59004 kB
Node 0 SReclaimable:      21276 kB
Node 0 SUnreclaim:        37728 kB
Node 0 AnonHugePages:         0 kB
Node 0 ShmemHugePages:        0 kB
Node 0 ShmemPmdMapped:        0 kB
Node 0 FileHugePages:        0 kB
Node 0 FilePmdMapped:        0 kB
Node 0 HugePages_Total:     0
Node 0 HugePages_Free:      0
Node 0 HugePages_Surp:      0

Node 1 MemTotal:       24661580 kB
Node 1 MemFree:        24165440 kB
Node 1 MemUsed:          496140 kB
Node 1 Active:            52716 kB
Node 1 Inactive:         148732 kB
Node 1 Active(anon):      30788 kB
Node 1 Inactive(anon):      500 kB
Node 1 Active(file):      21928 kB
Node 1 Inactive(file):   148232 kB
Node 1 Unevictable:       13992 kB
Node 1 Mlocked:           13992 kB
Node 1 Dirty:               664 kB
Node 1 Writeback:             0 kB
Node 1 FilePages:        174304 kB
Node 1 Mapped:            27060 kB
Node 1 AnonPages:         41300 kB
Node 1 Shmem:               652 kB
Node 1 KernelStack:        1768 kB
Node 1 PageTables:         1428 kB
Node 1 NFS_Unstable:          0 kB
Node 1 Bounce:                0 kB
Node 1 WritebackTmp:          0 kB
Node 1 KReclaimable:      22048 kB
Node 1 Slab:              61196 kB
Node 1 SReclaimable:      22048 kB
Node 1 SUnreclaim:        39148 kB
Node 1 AnonHugePages:         0 kB
Node 1 ShmemHugePages:        0 kB
Node 1 ShmemPmdMapped:        0 kB
Node 1 FileHugePages:        0 kB
Node 1 FilePmdMapped:        0 kB
Node 1 HugePages_Total:     0
Node 1 HugePages_Free:      0
Node 1 HugePages_Surp:      0

After Test
Node 0 MemTotal:       24768352 kB
Node 0 MemFree:        24479672 kB
Node 0 MemUsed:          288680 kB
Node 0 Active:            70508 kB
Node 0 Inactive:          49452 kB
Node 0 Active(anon):      28544 kB
Node 0 Inactive(anon):      472 kB
Node 0 Active(file):      41964 kB
Node 0 Inactive(file):    48980 kB
Node 0 Unevictable:        4760 kB
Node 0 Mlocked:            4760 kB
Node 0 Dirty:                44 kB
Node 0 Writeback:             0 kB
Node 0 FilePages:         96360 kB
Node 0 Mapped:            27220 kB
Node 0 AnonPages:         28260 kB
Node 0 Shmem:               660 kB
Node 0 KernelStack:        3480 kB
Node 0 PageTables:         1428 kB
Node 0 NFS_Unstable:          0 kB
Node 0 Bounce:                0 kB
Node 0 WritebackTmp:          0 kB
Node 0 KReclaimable:      22596 kB
Node 0 Slab:              60620 kB
Node 0 SReclaimable:      22596 kB
Node 0 SUnreclaim:        38024 kB
Node 0 AnonHugePages:         0 kB
Node 0 ShmemHugePages:        0 kB
Node 0 ShmemPmdMapped:        0 kB
Node 0 FileHugePages:        0 kB
Node 0 FilePmdMapped:        0 kB
Node 0 HugePages_Total:     0
Node 0 HugePages_Free:      0
Node 0 HugePages_Surp:      0

Node 1 MemTotal:       24661580 kB
Node 1 MemFree:        24166124 kB
Node 1 MemUsed:          495456 kB
Node 1 Active:            53088 kB
Node 1 Inactive:         148544 kB
Node 1 Active(anon):      30756 kB
Node 1 Inactive(anon):      496 kB
Node 1 Active(file):      22332 kB
Node 1 Inactive(file):   148048 kB
Node 1 Unevictable:       13992 kB
Node 1 Mlocked:           13992 kB
Node 1 Dirty:               560 kB
Node 1 Writeback:             0 kB
Node 1 FilePages:        174468 kB
Node 1 Mapped:            26820 kB
Node 1 AnonPages:         41156 kB
Node 1 Shmem:               652 kB
Node 1 KernelStack:        1736 kB
Node 1 PageTables:         1348 kB
Node 1 NFS_Unstable:          0 kB
Node 1 Bounce:                0 kB
Node 1 WritebackTmp:          0 kB
Node 1 KReclaimable:      22052 kB
Node 1 Slab:              61264 kB
Node 1 SReclaimable:      22052 kB
Node 1 SUnreclaim:        39212 kB
Node 1 AnonHugePages:         0 kB
Node 1 ShmemHugePages:        0 kB
Node 1 ShmemPmdMapped:        0 kB
Node 1 FileHugePages:        0 kB
Node 1 FilePmdMapped:        0 kB
Node 1 HugePages_Total:     0
Node 1 HugePages_Free:      0
Node 1 HugePages_Surp:      0

After Opposite Node
Node 0 MemTotal:       24768352 kB
Node 0 MemFree:        24480020 kB
Node 0 MemUsed:          288332 kB
Node 0 Active:            70516 kB
Node 0 Inactive:          49276 kB
Node 0 Active(anon):      28396 kB
Node 0 Inactive(anon):      444 kB
Node 0 Active(file):      42120 kB
Node 0 Inactive(file):    48832 kB
Node 0 Unevictable:        4760 kB
Node 0 Mlocked:            4760 kB
Node 0 Dirty:                52 kB
Node 0 Writeback:             0 kB
Node 0 FilePages:         96324 kB
Node 0 Mapped:            27216 kB
Node 0 AnonPages:         28224 kB
Node 0 Shmem:               616 kB
Node 0 KernelStack:        3480 kB
Node 0 PageTables:         1316 kB
Node 0 NFS_Unstable:          0 kB
Node 0 Bounce:                0 kB
Node 0 WritebackTmp:          0 kB
Node 0 KReclaimable:      22600 kB
Node 0 Slab:              60576 kB
Node 0 SReclaimable:      22600 kB
Node 0 SUnreclaim:        37976 kB
Node 0 AnonHugePages:         0 kB
Node 0 ShmemHugePages:        0 kB
Node 0 ShmemPmdMapped:        0 kB
Node 0 FileHugePages:        0 kB
Node 0 FilePmdMapped:        0 kB
Node 0 HugePages_Total:     0
Node 0 HugePages_Free:      0
Node 0 HugePages_Surp:      0

Node 1 MemTotal:       24661580 kB
Node 1 MemFree:        24165192 kB
Node 1 MemUsed:          496388 kB
Node 1 Active:            53276 kB
Node 1 Inactive:         148564 kB
Node 1 Active(anon):      30916 kB
Node 1 Inactive(anon):      520 kB
Node 1 Active(file):      22360 kB
Node 1 Inactive(file):   148044 kB
Node 1 Unevictable:       13992 kB
Node 1 Mlocked:           13992 kB
Node 1 Dirty:               580 kB
Node 1 Writeback:             0 kB
Node 1 FilePages:        174536 kB
Node 1 Mapped:            26864 kB
Node 1 AnonPages:         41212 kB
Node 1 Shmem:               696 kB
Node 1 KernelStack:        1736 kB
Node 1 PageTables:         1460 kB
Node 1 NFS_Unstable:          0 kB
Node 1 Bounce:                0 kB
Node 1 WritebackTmp:          0 kB
Node 1 KReclaimable:      22084 kB
Node 1 Slab:              61364 kB
Node 1 SReclaimable:      22084 kB
Node 1 SUnreclaim:        39280 kB
Node 1 AnonHugePages:         0 kB
Node 1 ShmemHugePages:        0 kB
Node 1 ShmemPmdMapped:        0 kB
Node 1 FileHugePages:        0 kB
Node 1 FilePmdMapped:        0 kB
Node 1 HugePages_Total:     0
Node 1 HugePages_Free:      0
Node 1 HugePages_Surp:      0

B.0.fio.1-128K.1.O Complete!
