1.onefio.128K
Begin
Node 0 MemTotal:       24743524 kB
Node 0 MemFree:        24526608 kB
Node 0 MemUsed:          216916 kB
Node 0 Active:            43428 kB
Node 0 Inactive:          14840 kB
Node 0 Active(anon):      18656 kB
Node 0 Inactive(anon):      300 kB
Node 0 Active(file):      24772 kB
Node 0 Inactive(file):    14540 kB
Node 0 Unevictable:       17664 kB
Node 0 Mlocked:           17664 kB
Node 0 Dirty:                28 kB
Node 0 Writeback:             0 kB
Node 0 FilePages:         47160 kB
Node 0 Mapped:            21516 kB
Node 0 AnonPages:         28864 kB
Node 0 Shmem:               452 kB
Node 0 KernelStack:        2680 kB
Node 0 PageTables:          636 kB
Node 0 NFS_Unstable:          0 kB
Node 0 Bounce:                0 kB
Node 0 WritebackTmp:          0 kB
Node 0 KReclaimable:      16188 kB
Node 0 Slab:              49368 kB
Node 0 SReclaimable:      16188 kB
Node 0 SUnreclaim:        33180 kB
Node 0 AnonHugePages:         0 kB
Node 0 ShmemHugePages:        0 kB
Node 0 ShmemPmdMapped:        0 kB
Node 0 FileHugePages:        0 kB
Node 0 FilePmdMapped:        0 kB
Node 0 HugePages_Total:     0
Node 0 HugePages_Free:      0
Node 0 HugePages_Surp:      0

Node 1 MemTotal:       24686196 kB
Node 1 MemFree:        24410944 kB
Node 1 MemUsed:          275252 kB
Node 1 Active:            52400 kB
Node 1 Inactive:          56804 kB
Node 1 Active(anon):      16156 kB
Node 1 Inactive(anon):      576 kB
Node 1 Active(file):      36244 kB
Node 1 Inactive(file):    56228 kB
Node 1 Unevictable:         784 kB
Node 1 Mlocked:             784 kB
Node 1 Dirty:                44 kB
Node 1 Writeback:             0 kB
Node 1 FilePages:         94200 kB
Node 1 Mapped:            34248 kB
Node 1 AnonPages:         16016 kB
Node 1 Shmem:               760 kB
Node 1 KernelStack:        1848 kB
Node 1 PageTables:          536 kB
Node 1 NFS_Unstable:          0 kB
Node 1 Bounce:                0 kB
Node 1 WritebackTmp:          0 kB
Node 1 KReclaimable:      28788 kB
Node 1 Slab:              69208 kB
Node 1 SReclaimable:      28788 kB
Node 1 SUnreclaim:        40420 kB
Node 1 AnonHugePages:         0 kB
Node 1 ShmemHugePages:        0 kB
Node 1 ShmemPmdMapped:        0 kB
Node 1 FileHugePages:        0 kB
Node 1 FilePmdMapped:        0 kB
Node 1 HugePages_Total:     0
Node 1 HugePages_Free:      0
Node 1 HugePages_Surp:      0

Mount tmpfs
Node 0 MemTotal:       24743524 kB
Node 0 MemFree:        24526608 kB
Node 0 MemUsed:          216916 kB
Node 0 Active:            43428 kB
Node 0 Inactive:          14840 kB
Node 0 Active(anon):      18656 kB
Node 0 Inactive(anon):      300 kB
Node 0 Active(file):      24772 kB
Node 0 Inactive(file):    14540 kB
Node 0 Unevictable:       17664 kB
Node 0 Mlocked:           17664 kB
Node 0 Dirty:                28 kB
Node 0 Writeback:             0 kB
Node 0 FilePages:         47160 kB
Node 0 Mapped:            21516 kB
Node 0 AnonPages:         28864 kB
Node 0 Shmem:               452 kB
Node 0 KernelStack:        2680 kB
Node 0 PageTables:          636 kB
Node 0 NFS_Unstable:          0 kB
Node 0 Bounce:                0 kB
Node 0 WritebackTmp:          0 kB
Node 0 KReclaimable:      16188 kB
Node 0 Slab:              49368 kB
Node 0 SReclaimable:      16188 kB
Node 0 SUnreclaim:        33180 kB
Node 0 AnonHugePages:         0 kB
Node 0 ShmemHugePages:        0 kB
Node 0 ShmemPmdMapped:        0 kB
Node 0 FileHugePages:        0 kB
Node 0 FilePmdMapped:        0 kB
Node 0 HugePages_Total:     0
Node 0 HugePages_Free:      0
Node 0 HugePages_Surp:      0

Node 1 MemTotal:       24686196 kB
Node 1 MemFree:        24409892 kB
Node 1 MemUsed:          276304 kB
Node 1 Active:            52400 kB
Node 1 Inactive:          56804 kB
Node 1 Active(anon):      16156 kB
Node 1 Inactive(anon):      576 kB
Node 1 Active(file):      36244 kB
Node 1 Inactive(file):    56228 kB
Node 1 Unevictable:         784 kB
Node 1 Mlocked:             784 kB
Node 1 Dirty:                44 kB
Node 1 Writeback:             0 kB
Node 1 FilePages:         94200 kB
Node 1 Mapped:            34248 kB
Node 1 AnonPages:         16200 kB
Node 1 Shmem:               760 kB
Node 1 KernelStack:        1848 kB
Node 1 PageTables:          536 kB
Node 1 NFS_Unstable:          0 kB
Node 1 Bounce:                0 kB
Node 1 WritebackTmp:          0 kB
Node 1 KReclaimable:      28788 kB
Node 1 Slab:              69572 kB
Node 1 SReclaimable:      28788 kB
Node 1 SUnreclaim:        40784 kB
Node 1 AnonHugePages:         0 kB
Node 1 ShmemHugePages:        0 kB
Node 1 ShmemPmdMapped:        0 kB
Node 1 FileHugePages:        0 kB
Node 1 FilePmdMapped:        0 kB
Node 1 HugePages_Total:     0
Node 1 HugePages_Free:      0
Node 1 HugePages_Surp:      0

Create File
Node 0 MemTotal:       24743524 kB
Node 0 MemFree:        24526608 kB
Node 0 MemUsed:          216916 kB
Node 0 Active:            43488 kB
Node 0 Inactive:          14840 kB
Node 0 Active(anon):      18716 kB
Node 0 Inactive(anon):      300 kB
Node 0 Active(file):      24772 kB
Node 0 Inactive(file):    14540 kB
Node 0 Unevictable:       17664 kB
Node 0 Mlocked:           17664 kB
Node 0 Dirty:                28 kB
Node 0 Writeback:             0 kB
Node 0 FilePages:         47160 kB
Node 0 Mapped:            21516 kB
Node 0 AnonPages:         28908 kB
Node 0 Shmem:               452 kB
Node 0 KernelStack:        2680 kB
Node 0 PageTables:          636 kB
Node 0 NFS_Unstable:          0 kB
Node 0 Bounce:                0 kB
Node 0 WritebackTmp:          0 kB
Node 0 KReclaimable:      16188 kB
Node 0 Slab:              49368 kB
Node 0 SReclaimable:      16188 kB
Node 0 SUnreclaim:        33180 kB
Node 0 AnonHugePages:         0 kB
Node 0 ShmemHugePages:        0 kB
Node 0 ShmemPmdMapped:        0 kB
Node 0 FileHugePages:        0 kB
Node 0 FilePmdMapped:        0 kB
Node 0 HugePages_Total:     0
Node 0 HugePages_Free:      0
Node 0 HugePages_Surp:      0

Node 1 MemTotal:       24686196 kB
Node 1 MemFree:        24408860 kB
Node 1 MemUsed:          277336 kB
Node 1 Active:            52400 kB
Node 1 Inactive:          56804 kB
Node 1 Active(anon):      16156 kB
Node 1 Inactive(anon):      576 kB
Node 1 Active(file):      36244 kB
Node 1 Inactive(file):    56228 kB
Node 1 Unevictable:         784 kB
Node 1 Mlocked:             784 kB
Node 1 Dirty:                44 kB
Node 1 Writeback:             0 kB
Node 1 FilePages:         94200 kB
Node 1 Mapped:            34248 kB
Node 1 AnonPages:         16384 kB
Node 1 Shmem:               760 kB
Node 1 KernelStack:        1848 kB
Node 1 PageTables:          536 kB
Node 1 NFS_Unstable:          0 kB
Node 1 Bounce:                0 kB
Node 1 WritebackTmp:          0 kB
Node 1 KReclaimable:      28788 kB
Node 1 Slab:              69572 kB
Node 1 SReclaimable:      28788 kB
Node 1 SUnreclaim:        40784 kB
Node 1 AnonHugePages:         0 kB
Node 1 ShmemHugePages:        0 kB
Node 1 ShmemPmdMapped:        0 kB
Node 1 FileHugePages:        0 kB
Node 1 FilePmdMapped:        0 kB
Node 1 HugePages_Total:     0
Node 1 HugePages_Free:      0
Node 1 HugePages_Surp:      0

After Test
Node 0 MemTotal:       24743524 kB
Node 0 MemFree:        24527152 kB
Node 0 MemUsed:          216372 kB
Node 0 Active:            45056 kB
Node 0 Inactive:          13344 kB
Node 0 Active(anon):      18788 kB
Node 0 Inactive(anon):      300 kB
Node 0 Active(file):      26268 kB
Node 0 Inactive(file):    13044 kB
Node 0 Unevictable:       17664 kB
Node 0 Mlocked:           17664 kB
Node 0 Dirty:                28 kB
Node 0 Writeback:             0 kB
Node 0 FilePages:         47160 kB
Node 0 Mapped:            21780 kB
Node 0 AnonPages:         28908 kB
Node 0 Shmem:               452 kB
Node 0 KernelStack:        2696 kB
Node 0 PageTables:          636 kB
Node 0 NFS_Unstable:          0 kB
Node 0 Bounce:                0 kB
Node 0 WritebackTmp:          0 kB
Node 0 KReclaimable:      16188 kB
Node 0 Slab:              49368 kB
Node 0 SReclaimable:      16188 kB
Node 0 SUnreclaim:        33180 kB
Node 0 AnonHugePages:         0 kB
Node 0 ShmemHugePages:        0 kB
Node 0 ShmemPmdMapped:        0 kB
Node 0 FileHugePages:        0 kB
Node 0 FilePmdMapped:        0 kB
Node 0 HugePages_Total:     0
Node 0 HugePages_Free:      0
Node 0 HugePages_Surp:      0

Node 1 MemTotal:       24686196 kB
Node 1 MemFree:        24391760 kB
Node 1 MemUsed:          294436 kB
Node 1 Active:            54508 kB
Node 1 Inactive:          71320 kB
Node 1 Active(anon):      16880 kB
Node 1 Inactive(anon):      576 kB
Node 1 Active(file):      37628 kB
Node 1 Inactive(file):    70744 kB
Node 1 Unevictable:         784 kB
Node 1 Mlocked:             784 kB
Node 1 Dirty:                48 kB
Node 1 Writeback:             0 kB
Node 1 FilePages:        110080 kB
Node 1 Mapped:            34320 kB
Node 1 AnonPages:         16432 kB
Node 1 Shmem:               888 kB
Node 1 KernelStack:        1960 kB
Node 1 PageTables:          704 kB
Node 1 NFS_Unstable:          0 kB
Node 1 Bounce:                0 kB
Node 1 WritebackTmp:          0 kB
Node 1 KReclaimable:      30624 kB
Node 1 Slab:              72752 kB
Node 1 SReclaimable:      30624 kB
Node 1 SUnreclaim:        42128 kB
Node 1 AnonHugePages:         0 kB
Node 1 ShmemHugePages:        0 kB
Node 1 ShmemPmdMapped:        0 kB
Node 1 FileHugePages:        0 kB
Node 1 FilePmdMapped:        0 kB
Node 1 HugePages_Total:     0
Node 1 HugePages_Free:      0
Node 1 HugePages_Surp:      0

1.onefio.128K Complete!
