1.onefio.1M
Begin
Node 0 MemTotal:       24768352 kB
Node 0 MemFree:        24489720 kB
Node 0 MemUsed:          278632 kB
Node 0 Active:            60508 kB
Node 0 Inactive:          30352 kB
Node 0 Active(anon):      10904 kB
Node 0 Inactive(anon):      508 kB
Node 0 Active(file):      49604 kB
Node 0 Inactive(file):    29844 kB
Node 0 Unevictable:       18336 kB
Node 0 Mlocked:           18336 kB
Node 0 Dirty:                76 kB
Node 0 Writeback:             0 kB
Node 0 FilePages:         88216 kB
Node 0 Mapped:            35912 kB
Node 0 AnonPages:         21076 kB
Node 0 Shmem:               696 kB
Node 0 KernelStack:        2632 kB
Node 0 PageTables:          584 kB
Node 0 NFS_Unstable:          0 kB
Node 0 Bounce:                0 kB
Node 0 WritebackTmp:          0 kB
Node 0 KReclaimable:      25024 kB
Node 0 Slab:              68304 kB
Node 0 SReclaimable:      25024 kB
Node 0 SUnreclaim:        43280 kB
Node 0 AnonHugePages:         0 kB
Node 0 ShmemHugePages:        0 kB
Node 0 ShmemPmdMapped:        0 kB
Node 0 FileHugePages:        0 kB
Node 0 FilePmdMapped:        0 kB
Node 0 HugePages_Total:     0
Node 0 HugePages_Free:      0
Node 0 HugePages_Surp:      0

Node 1 MemTotal:       24661368 kB
Node 1 MemFree:        24453344 kB
Node 1 MemUsed:          208024 kB
Node 1 Active:            33992 kB
Node 1 Inactive:          35688 kB
Node 1 Active(anon):      23128 kB
Node 1 Inactive(anon):      352 kB
Node 1 Active(file):      10864 kB
Node 1 Inactive(file):    35336 kB
Node 1 Unevictable:         108 kB
Node 1 Mlocked:             108 kB
Node 1 Dirty:               404 kB
Node 1 Writeback:             0 kB
Node 1 FilePages:         46860 kB
Node 1 Mapped:            14996 kB
Node 1 AnonPages:         23036 kB
Node 1 Shmem:               516 kB
Node 1 KernelStack:        1848 kB
Node 1 PageTables:          524 kB
Node 1 NFS_Unstable:          0 kB
Node 1 Bounce:                0 kB
Node 1 WritebackTmp:          0 kB
Node 1 KReclaimable:      20568 kB
Node 1 Slab:              54864 kB
Node 1 SReclaimable:      20568 kB
Node 1 SUnreclaim:        34296 kB
Node 1 AnonHugePages:         0 kB
Node 1 ShmemHugePages:        0 kB
Node 1 ShmemPmdMapped:        0 kB
Node 1 FileHugePages:        0 kB
Node 1 FilePmdMapped:        0 kB
Node 1 HugePages_Total:     0
Node 1 HugePages_Free:      0
Node 1 HugePages_Surp:      0

Mount tmpfs
Node 0 MemTotal:       24768352 kB
Node 0 MemFree:        24489720 kB
Node 0 MemUsed:          278632 kB
Node 0 Active:            60508 kB
Node 0 Inactive:          30352 kB
Node 0 Active(anon):      10904 kB
Node 0 Inactive(anon):      508 kB
Node 0 Active(file):      49604 kB
Node 0 Inactive(file):    29844 kB
Node 0 Unevictable:       18336 kB
Node 0 Mlocked:           18336 kB
Node 0 Dirty:                76 kB
Node 0 Writeback:             0 kB
Node 0 FilePages:         88216 kB
Node 0 Mapped:            35912 kB
Node 0 AnonPages:         21076 kB
Node 0 Shmem:               696 kB
Node 0 KernelStack:        2632 kB
Node 0 PageTables:          584 kB
Node 0 NFS_Unstable:          0 kB
Node 0 Bounce:                0 kB
Node 0 WritebackTmp:          0 kB
Node 0 KReclaimable:      25024 kB
Node 0 Slab:              68304 kB
Node 0 SReclaimable:      25024 kB
Node 0 SUnreclaim:        43280 kB
Node 0 AnonHugePages:         0 kB
Node 0 ShmemHugePages:        0 kB
Node 0 ShmemPmdMapped:        0 kB
Node 0 FileHugePages:        0 kB
Node 0 FilePmdMapped:        0 kB
Node 0 HugePages_Total:     0
Node 0 HugePages_Free:      0
Node 0 HugePages_Surp:      0

Node 1 MemTotal:       24661368 kB
Node 1 MemFree:        24451896 kB
Node 1 MemUsed:          209472 kB
Node 1 Active:            33992 kB
Node 1 Inactive:          35688 kB
Node 1 Active(anon):      23128 kB
Node 1 Inactive(anon):      352 kB
Node 1 Active(file):      10864 kB
Node 1 Inactive(file):    35336 kB
Node 1 Unevictable:         108 kB
Node 1 Mlocked:             108 kB
Node 1 Dirty:               404 kB
Node 1 Writeback:             0 kB
Node 1 FilePages:         46860 kB
Node 1 Mapped:            14996 kB
Node 1 AnonPages:         22856 kB
Node 1 Shmem:               516 kB
Node 1 KernelStack:        1848 kB
Node 1 PageTables:          524 kB
Node 1 NFS_Unstable:          0 kB
Node 1 Bounce:                0 kB
Node 1 WritebackTmp:          0 kB
Node 1 KReclaimable:      20568 kB
Node 1 Slab:              54864 kB
Node 1 SReclaimable:      20568 kB
Node 1 SUnreclaim:        34296 kB
Node 1 AnonHugePages:         0 kB
Node 1 ShmemHugePages:        0 kB
Node 1 ShmemPmdMapped:        0 kB
Node 1 FileHugePages:        0 kB
Node 1 FilePmdMapped:        0 kB
Node 1 HugePages_Total:     0
Node 1 HugePages_Free:      0
Node 1 HugePages_Surp:      0

Create File
Node 0 MemTotal:       24768352 kB
Node 0 MemFree:        24489720 kB
Node 0 MemUsed:          278632 kB
Node 0 Active:            60508 kB
Node 0 Inactive:          30352 kB
Node 0 Active(anon):      10904 kB
Node 0 Inactive(anon):      508 kB
Node 0 Active(file):      49604 kB
Node 0 Inactive(file):    29844 kB
Node 0 Unevictable:       18336 kB
Node 0 Mlocked:           18336 kB
Node 0 Dirty:                76 kB
Node 0 Writeback:             0 kB
Node 0 FilePages:         88216 kB
Node 0 Mapped:            35928 kB
Node 0 AnonPages:         21076 kB
Node 0 Shmem:               696 kB
Node 0 KernelStack:        2632 kB
Node 0 PageTables:          584 kB
Node 0 NFS_Unstable:          0 kB
Node 0 Bounce:                0 kB
Node 0 WritebackTmp:          0 kB
Node 0 KReclaimable:      25024 kB
Node 0 Slab:              68304 kB
Node 0 SReclaimable:      25024 kB
Node 0 SUnreclaim:        43280 kB
Node 0 AnonHugePages:         0 kB
Node 0 ShmemHugePages:        0 kB
Node 0 ShmemPmdMapped:        0 kB
Node 0 FileHugePages:        0 kB
Node 0 FilePmdMapped:        0 kB
Node 0 HugePages_Total:     0
Node 0 HugePages_Free:      0
Node 0 HugePages_Surp:      0

Node 1 MemTotal:       24661368 kB
Node 1 MemFree:        24451628 kB
Node 1 MemUsed:          209740 kB
Node 1 Active:            34604 kB
Node 1 Inactive:          36408 kB
Node 1 Active(anon):      23432 kB
Node 1 Inactive(anon):     1080 kB
Node 1 Active(file):      11172 kB
Node 1 Inactive(file):    35328 kB
Node 1 Unevictable:         108 kB
Node 1 Mlocked:             108 kB
Node 1 Dirty:               404 kB
Node 1 Writeback:             0 kB
Node 1 FilePages:         47856 kB
Node 1 Mapped:            14996 kB
Node 1 AnonPages:         22992 kB
Node 1 Shmem:              1244 kB
Node 1 KernelStack:        1864 kB
Node 1 PageTables:          592 kB
Node 1 NFS_Unstable:          0 kB
Node 1 Bounce:                0 kB
Node 1 WritebackTmp:          0 kB
Node 1 KReclaimable:      20640 kB
Node 1 Slab:              55244 kB
Node 1 SReclaimable:      20640 kB
Node 1 SUnreclaim:        34604 kB
Node 1 AnonHugePages:         0 kB
Node 1 ShmemHugePages:        0 kB
Node 1 ShmemPmdMapped:        0 kB
Node 1 FileHugePages:        0 kB
Node 1 FilePmdMapped:        0 kB
Node 1 HugePages_Total:     0
Node 1 HugePages_Free:      0
Node 1 HugePages_Surp:      0

After Test
Node 0 MemTotal:       24768352 kB
Node 0 MemFree:        24490232 kB
Node 0 MemUsed:          278120 kB
Node 0 Active:            62384 kB
Node 0 Inactive:          28532 kB
Node 0 Active(anon):      10960 kB
Node 0 Inactive(anon):      508 kB
Node 0 Active(file):      51424 kB
Node 0 Inactive(file):    28024 kB
Node 0 Unevictable:       18336 kB
Node 0 Mlocked:           18336 kB
Node 0 Dirty:                76 kB
Node 0 Writeback:             0 kB
Node 0 FilePages:         88216 kB
Node 0 Mapped:            35980 kB
Node 0 AnonPages:         21076 kB
Node 0 Shmem:               696 kB
Node 0 KernelStack:        2648 kB
Node 0 PageTables:          584 kB
Node 0 NFS_Unstable:          0 kB
Node 0 Bounce:                0 kB
Node 0 WritebackTmp:          0 kB
Node 0 KReclaimable:      25024 kB
Node 0 Slab:              68304 kB
Node 0 SReclaimable:      25024 kB
Node 0 SUnreclaim:        43280 kB
Node 0 AnonHugePages:         0 kB
Node 0 ShmemHugePages:        0 kB
Node 0 ShmemPmdMapped:        0 kB
Node 0 FileHugePages:        0 kB
Node 0 FilePmdMapped:        0 kB
Node 0 HugePages_Total:     0
Node 0 HugePages_Free:      0
Node 0 HugePages_Surp:      0

Node 1 MemTotal:       24661368 kB
Node 1 MemFree:        24432732 kB
Node 1 MemUsed:          228636 kB
Node 1 Active:            36756 kB
Node 1 Inactive:          50408 kB
Node 1 Active(anon):      24716 kB
Node 1 Inactive(anon):      352 kB
Node 1 Active(file):      12040 kB
Node 1 Inactive(file):    50056 kB
Node 1 Unevictable:         108 kB
Node 1 Mlocked:             108 kB
Node 1 Dirty:               408 kB
Node 1 Writeback:             0 kB
Node 1 FilePages:         63764 kB
Node 1 Mapped:            15144 kB
Node 1 AnonPages:         23380 kB
Node 1 Shmem:              1540 kB
Node 1 KernelStack:        2008 kB
Node 1 PageTables:          696 kB
Node 1 NFS_Unstable:          0 kB
Node 1 Bounce:                0 kB
Node 1 WritebackTmp:          0 kB
Node 1 KReclaimable:      22348 kB
Node 1 Slab:              58460 kB
Node 1 SReclaimable:      22348 kB
Node 1 SUnreclaim:        36112 kB
Node 1 AnonHugePages:         0 kB
Node 1 ShmemHugePages:        0 kB
Node 1 ShmemPmdMapped:        0 kB
Node 1 FileHugePages:        0 kB
Node 1 FilePmdMapped:        0 kB
Node 1 HugePages_Total:     0
Node 1 HugePages_Free:      0
Node 1 HugePages_Surp:      0

1.onefio.1M Complete!
