1.onefio.2G
Begin
Node 0 MemTotal:       24768352 kB
Node 0 MemFree:        24529112 kB
Node 0 MemUsed:          239240 kB
Node 0 Active:            36596 kB
Node 0 Inactive:          27884 kB
Node 0 Active(anon):       8964 kB
Node 0 Inactive(anon):      452 kB
Node 0 Active(file):      27632 kB
Node 0 Inactive(file):    27432 kB
Node 0 Unevictable:       17864 kB
Node 0 Mlocked:           17864 kB
Node 0 Dirty:               644 kB
Node 0 Writeback:             0 kB
Node 0 FilePages:         63272 kB
Node 0 Mapped:            32712 kB
Node 0 AnonPages:         19136 kB
Node 0 Shmem:               608 kB
Node 0 KernelStack:        2584 kB
Node 0 PageTables:          572 kB
Node 0 NFS_Unstable:          0 kB
Node 0 Bounce:                0 kB
Node 0 WritebackTmp:          0 kB
Node 0 KReclaimable:      20928 kB
Node 0 Slab:              56616 kB
Node 0 SReclaimable:      20928 kB
Node 0 SUnreclaim:        35688 kB
Node 0 AnonHugePages:         0 kB
Node 0 ShmemHugePages:        0 kB
Node 0 ShmemPmdMapped:        0 kB
Node 0 FileHugePages:        0 kB
Node 0 FilePmdMapped:        0 kB
Node 0 HugePages_Total:     0
Node 0 HugePages_Free:      0
Node 0 HugePages_Surp:      0

Node 1 MemTotal:       24661368 kB
Node 1 MemFree:        24422372 kB
Node 1 MemUsed:          238996 kB
Node 1 Active:            57988 kB
Node 1 Inactive:          36312 kB
Node 1 Active(anon):      25020 kB
Node 1 Inactive(anon):      412 kB
Node 1 Active(file):      32968 kB
Node 1 Inactive(file):    35900 kB
Node 1 Unevictable:         580 kB
Node 1 Mlocked:             580 kB
Node 1 Dirty:               140 kB
Node 1 Writeback:             0 kB
Node 1 FilePages:         70060 kB
Node 1 Mapped:            15900 kB
Node 1 AnonPages:         24856 kB
Node 1 Shmem:               604 kB
Node 1 KernelStack:        1960 kB
Node 1 PageTables:          576 kB
Node 1 NFS_Unstable:          0 kB
Node 1 Bounce:                0 kB
Node 1 WritebackTmp:          0 kB
Node 1 KReclaimable:      24644 kB
Node 1 Slab:              64320 kB
Node 1 SReclaimable:      24644 kB
Node 1 SUnreclaim:        39676 kB
Node 1 AnonHugePages:         0 kB
Node 1 ShmemHugePages:        0 kB
Node 1 ShmemPmdMapped:        0 kB
Node 1 FileHugePages:        0 kB
Node 1 FilePmdMapped:        0 kB
Node 1 HugePages_Total:     0
Node 1 HugePages_Free:      0
Node 1 HugePages_Surp:      0

Mount tmpfs
Node 0 MemTotal:       24768352 kB
Node 0 MemFree:        24529112 kB
Node 0 MemUsed:          239240 kB
Node 0 Active:            36596 kB
Node 0 Inactive:          27884 kB
Node 0 Active(anon):       8964 kB
Node 0 Inactive(anon):      452 kB
Node 0 Active(file):      27632 kB
Node 0 Inactive(file):    27432 kB
Node 0 Unevictable:       17864 kB
Node 0 Mlocked:           17864 kB
Node 0 Dirty:               644 kB
Node 0 Writeback:             0 kB
Node 0 FilePages:         63272 kB
Node 0 Mapped:            32712 kB
Node 0 AnonPages:         19136 kB
Node 0 Shmem:               608 kB
Node 0 KernelStack:        2584 kB
Node 0 PageTables:          572 kB
Node 0 NFS_Unstable:          0 kB
Node 0 Bounce:                0 kB
Node 0 WritebackTmp:          0 kB
Node 0 KReclaimable:      20928 kB
Node 0 Slab:              56616 kB
Node 0 SReclaimable:      20928 kB
Node 0 SUnreclaim:        35688 kB
Node 0 AnonHugePages:         0 kB
Node 0 ShmemHugePages:        0 kB
Node 0 ShmemPmdMapped:        0 kB
Node 0 FileHugePages:        0 kB
Node 0 FilePmdMapped:        0 kB
Node 0 HugePages_Total:     0
Node 0 HugePages_Free:      0
Node 0 HugePages_Surp:      0

Node 1 MemTotal:       24661368 kB
Node 1 MemFree:        24421192 kB
Node 1 MemUsed:          240176 kB
Node 1 Active:            57988 kB
Node 1 Inactive:          36312 kB
Node 1 Active(anon):      25020 kB
Node 1 Inactive(anon):      412 kB
Node 1 Active(file):      32968 kB
Node 1 Inactive(file):    35900 kB
Node 1 Unevictable:         580 kB
Node 1 Mlocked:             580 kB
Node 1 Dirty:               140 kB
Node 1 Writeback:             0 kB
Node 1 FilePages:         70060 kB
Node 1 Mapped:            15900 kB
Node 1 AnonPages:         25040 kB
Node 1 Shmem:               604 kB
Node 1 KernelStack:        1960 kB
Node 1 PageTables:          576 kB
Node 1 NFS_Unstable:          0 kB
Node 1 Bounce:                0 kB
Node 1 WritebackTmp:          0 kB
Node 1 KReclaimable:      24644 kB
Node 1 Slab:              64320 kB
Node 1 SReclaimable:      24644 kB
Node 1 SUnreclaim:        39676 kB
Node 1 AnonHugePages:         0 kB
Node 1 ShmemHugePages:        0 kB
Node 1 ShmemPmdMapped:        0 kB
Node 1 FileHugePages:        0 kB
Node 1 FilePmdMapped:        0 kB
Node 1 HugePages_Total:     0
Node 1 HugePages_Free:      0
Node 1 HugePages_Surp:      0

Create File
Node 0 MemTotal:       24768352 kB
Node 0 MemFree:        24531112 kB
Node 0 MemUsed:          237240 kB
Node 0 Active:            35788 kB
Node 0 Inactive:          27880 kB
Node 0 Active(anon):       8152 kB
Node 0 Inactive(anon):      452 kB
Node 0 Active(file):      27636 kB
Node 0 Inactive(file):    27428 kB
Node 0 Unevictable:       17864 kB
Node 0 Mlocked:           17864 kB
Node 0 Dirty:                 0 kB
Node 0 Writeback:            96 kB
Node 0 FilePages:         63280 kB
Node 0 Mapped:            32740 kB
Node 0 AnonPages:         18292 kB
Node 0 Shmem:               608 kB
Node 0 KernelStack:        2536 kB
Node 0 PageTables:          448 kB
Node 0 NFS_Unstable:          0 kB
Node 0 Bounce:                0 kB
Node 0 WritebackTmp:          0 kB
Node 0 KReclaimable:      20932 kB
Node 0 Slab:              56652 kB
Node 0 SReclaimable:      20932 kB
Node 0 SUnreclaim:        35720 kB
Node 0 AnonHugePages:         0 kB
Node 0 ShmemHugePages:        0 kB
Node 0 ShmemPmdMapped:        0 kB
Node 0 FileHugePages:        0 kB
Node 0 FilePmdMapped:        0 kB
Node 0 HugePages_Total:     0
Node 0 HugePages_Free:      0
Node 0 HugePages_Surp:      0

Node 1 MemTotal:       24661368 kB
Node 1 MemFree:        22319504 kB
Node 1 MemUsed:         2341864 kB
Node 1 Active:            59048 kB
Node 1 Inactive:        2133392 kB
Node 1 Active(anon):      25532 kB
Node 1 Inactive(anon):  2097448 kB
Node 1 Active(file):      33516 kB
Node 1 Inactive(file):    35944 kB
Node 1 Unevictable:         580 kB
Node 1 Mlocked:             580 kB
Node 1 Dirty:                 4 kB
Node 1 Writeback:           136 kB
Node 1 FilePages:       2167760 kB
Node 1 Mapped:            15944 kB
Node 1 AnonPages:         25392 kB
Node 1 Shmem:           2097684 kB
Node 1 KernelStack:        1992 kB
Node 1 PageTables:          660 kB
Node 1 NFS_Unstable:          0 kB
Node 1 Bounce:                0 kB
Node 1 WritebackTmp:          0 kB
Node 1 KReclaimable:      29636 kB
Node 1 Slab:              69920 kB
Node 1 SReclaimable:      29636 kB
Node 1 SUnreclaim:        40284 kB
Node 1 AnonHugePages:         0 kB
Node 1 ShmemHugePages:        0 kB
Node 1 ShmemPmdMapped:        0 kB
Node 1 FileHugePages:        0 kB
Node 1 FilePmdMapped:        0 kB
Node 1 HugePages_Total:     0
Node 1 HugePages_Free:      0
Node 1 HugePages_Surp:      0

After Test
Node 0 MemTotal:       24768352 kB
Node 0 MemFree:        24532992 kB
Node 0 MemUsed:          235360 kB
Node 0 Active:            36960 kB
Node 0 Inactive:          26752 kB
Node 0 Active(anon):       8188 kB
Node 0 Inactive(anon):      452 kB
Node 0 Active(file):      28772 kB
Node 0 Inactive(file):    26300 kB
Node 0 Unevictable:       17864 kB
Node 0 Mlocked:           17864 kB
Node 0 Dirty:                 0 kB
Node 0 Writeback:             0 kB
Node 0 FilePages:         63280 kB
Node 0 Mapped:            32864 kB
Node 0 AnonPages:         18292 kB
Node 0 Shmem:               608 kB
Node 0 KernelStack:        2552 kB
Node 0 PageTables:          448 kB
Node 0 NFS_Unstable:          0 kB
Node 0 Bounce:                0 kB
Node 0 WritebackTmp:          0 kB
Node 0 KReclaimable:      20940 kB
Node 0 Slab:              56796 kB
Node 0 SReclaimable:      20940 kB
Node 0 SUnreclaim:        35856 kB
Node 0 AnonHugePages:         0 kB
Node 0 ShmemHugePages:        0 kB
Node 0 ShmemPmdMapped:        0 kB
Node 0 FileHugePages:        0 kB
Node 0 FilePmdMapped:        0 kB
Node 0 HugePages_Total:     0
Node 0 HugePages_Free:      0
Node 0 HugePages_Surp:      0

Node 1 MemTotal:       24661368 kB
Node 1 MemFree:        22300516 kB
Node 1 MemUsed:         2360852 kB
Node 1 Active:          2157612 kB
Node 1 Inactive:          50460 kB
Node 1 Active(anon):    2122800 kB
Node 1 Inactive(anon):      412 kB
Node 1 Active(file):      34812 kB
Node 1 Inactive(file):    50048 kB
Node 1 Unevictable:         580 kB
Node 1 Mlocked:             580 kB
Node 1 Dirty:                 8 kB
Node 1 Writeback:             0 kB
Node 1 FilePages:       2183228 kB
Node 1 Mapped:            16040 kB
Node 1 AnonPages:         25288 kB
Node 1 Shmem:           2097756 kB
Node 1 KernelStack:        1976 kB
Node 1 PageTables:          764 kB
Node 1 NFS_Unstable:          0 kB
Node 1 Bounce:                0 kB
Node 1 WritebackTmp:          0 kB
Node 1 KReclaimable:      31144 kB
Node 1 Slab:              72396 kB
Node 1 SReclaimable:      31144 kB
Node 1 SUnreclaim:        41252 kB
Node 1 AnonHugePages:         0 kB
Node 1 ShmemHugePages:        0 kB
Node 1 ShmemPmdMapped:        0 kB
Node 1 FileHugePages:        0 kB
Node 1 FilePmdMapped:        0 kB
Node 1 HugePages_Total:     0
Node 1 HugePages_Free:      0
Node 1 HugePages_Surp:      0

1.onefio.2G Complete!
