1.onefio.16G
Begin
Node 0 MemTotal:       24743524 kB
Node 0 MemFree:        24515592 kB
Node 0 MemUsed:          227932 kB
Node 0 Active:            25844 kB
Node 0 Inactive:          38264 kB
Node 0 Active(anon):       7600 kB
Node 0 Inactive(anon):      484 kB
Node 0 Active(file):      18244 kB
Node 0 Inactive(file):    37780 kB
Node 0 Unevictable:       17284 kB
Node 0 Mlocked:           17284 kB
Node 0 Dirty:                96 kB
Node 0 Writeback:             0 kB
Node 0 FilePages:         63684 kB
Node 0 Mapped:            23588 kB
Node 0 AnonPages:         17732 kB
Node 0 Shmem:               632 kB
Node 0 KernelStack:        2520 kB
Node 0 PageTables:          400 kB
Node 0 NFS_Unstable:          0 kB
Node 0 Bounce:                0 kB
Node 0 WritebackTmp:          0 kB
Node 0 KReclaimable:      18080 kB
Node 0 Slab:              52988 kB
Node 0 SReclaimable:      18080 kB
Node 0 SUnreclaim:        34908 kB
Node 0 AnonHugePages:         0 kB
Node 0 ShmemHugePages:        0 kB
Node 0 ShmemPmdMapped:        0 kB
Node 0 FileHugePages:        0 kB
Node 0 FilePmdMapped:        0 kB
Node 0 HugePages_Total:     0
Node 0 HugePages_Free:      0
Node 0 HugePages_Surp:      0

Node 1 MemTotal:       24686196 kB
Node 1 MemFree:        24422872 kB
Node 1 MemUsed:          263324 kB
Node 1 Active:            69108 kB
Node 1 Inactive:          30960 kB
Node 1 Active(anon):      26680 kB
Node 1 Inactive(anon):      388 kB
Node 1 Active(file):      42428 kB
Node 1 Inactive(file):    30572 kB
Node 1 Unevictable:        1160 kB
Node 1 Mlocked:            1160 kB
Node 1 Dirty:                84 kB
Node 1 Writeback:             0 kB
Node 1 FilePages:         74920 kB
Node 1 Mapped:            30020 kB
Node 1 AnonPages:         26540 kB
Node 1 Shmem:               580 kB
Node 1 KernelStack:        2008 kB
Node 1 PageTables:          720 kB
Node 1 NFS_Unstable:          0 kB
Node 1 Bounce:                0 kB
Node 1 WritebackTmp:          0 kB
Node 1 KReclaimable:      27480 kB
Node 1 Slab:              69236 kB
Node 1 SReclaimable:      27480 kB
Node 1 SUnreclaim:        41756 kB
Node 1 AnonHugePages:         0 kB
Node 1 ShmemHugePages:        0 kB
Node 1 ShmemPmdMapped:        0 kB
Node 1 FileHugePages:        0 kB
Node 1 FilePmdMapped:        0 kB
Node 1 HugePages_Total:     0
Node 1 HugePages_Free:      0
Node 1 HugePages_Surp:      0

Mount tmpfs
Node 0 MemTotal:       24743524 kB
Node 0 MemFree:        24515592 kB
Node 0 MemUsed:          227932 kB
Node 0 Active:            25844 kB
Node 0 Inactive:          38264 kB
Node 0 Active(anon):       7600 kB
Node 0 Inactive(anon):      484 kB
Node 0 Active(file):      18244 kB
Node 0 Inactive(file):    37780 kB
Node 0 Unevictable:       17284 kB
Node 0 Mlocked:           17284 kB
Node 0 Dirty:                96 kB
Node 0 Writeback:             0 kB
Node 0 FilePages:         63684 kB
Node 0 Mapped:            23616 kB
Node 0 AnonPages:         17732 kB
Node 0 Shmem:               632 kB
Node 0 KernelStack:        2520 kB
Node 0 PageTables:          400 kB
Node 0 NFS_Unstable:          0 kB
Node 0 Bounce:                0 kB
Node 0 WritebackTmp:          0 kB
Node 0 KReclaimable:      18080 kB
Node 0 Slab:              52988 kB
Node 0 SReclaimable:      18080 kB
Node 0 SUnreclaim:        34908 kB
Node 0 AnonHugePages:         0 kB
Node 0 ShmemHugePages:        0 kB
Node 0 ShmemPmdMapped:        0 kB
Node 0 FileHugePages:        0 kB
Node 0 FilePmdMapped:        0 kB
Node 0 HugePages_Total:     0
Node 0 HugePages_Free:      0
Node 0 HugePages_Surp:      0

Node 1 MemTotal:       24686196 kB
Node 1 MemFree:        24421828 kB
Node 1 MemUsed:          264368 kB
Node 1 Active:            69388 kB
Node 1 Inactive:          30968 kB
Node 1 Active(anon):      26888 kB
Node 1 Inactive(anon):      388 kB
Node 1 Active(file):      42500 kB
Node 1 Inactive(file):    30580 kB
Node 1 Unevictable:        1160 kB
Node 1 Mlocked:            1160 kB
Node 1 Dirty:                84 kB
Node 1 Writeback:             0 kB
Node 1 FilePages:         75052 kB
Node 1 Mapped:            30088 kB
Node 1 AnonPages:         26740 kB
Node 1 Shmem:               580 kB
Node 1 KernelStack:        2008 kB
Node 1 PageTables:          712 kB
Node 1 NFS_Unstable:          0 kB
Node 1 Bounce:                0 kB
Node 1 WritebackTmp:          0 kB
Node 1 KReclaimable:      27540 kB
Node 1 Slab:              69772 kB
Node 1 SReclaimable:      27540 kB
Node 1 SUnreclaim:        42232 kB
Node 1 AnonHugePages:         0 kB
Node 1 ShmemHugePages:        0 kB
Node 1 ShmemPmdMapped:        0 kB
Node 1 FileHugePages:        0 kB
Node 1 FilePmdMapped:        0 kB
Node 1 HugePages_Total:     0
Node 1 HugePages_Free:      0
Node 1 HugePages_Surp:      0

Create File
Node 0 MemTotal:       24743524 kB
Node 0 MemFree:        24516936 kB
Node 0 MemUsed:          226588 kB
Node 0 Active:            24936 kB
Node 0 Inactive:          38164 kB
Node 0 Active(anon):       6592 kB
Node 0 Inactive(anon):      484 kB
Node 0 Active(file):      18344 kB
Node 0 Inactive(file):    37680 kB
Node 0 Unevictable:       17284 kB
Node 0 Mlocked:           17284 kB
Node 0 Dirty:                44 kB
Node 0 Writeback:             0 kB
Node 0 FilePages:         63740 kB
Node 0 Mapped:            23556 kB
Node 0 AnonPages:         16732 kB
Node 0 Shmem:               632 kB
Node 0 KernelStack:        2520 kB
Node 0 PageTables:          296 kB
Node 0 NFS_Unstable:          0 kB
Node 0 Bounce:                0 kB
Node 0 WritebackTmp:          0 kB
Node 0 KReclaimable:      18288 kB
Node 0 Slab:              53744 kB
Node 0 SReclaimable:      18288 kB
Node 0 SUnreclaim:        35456 kB
Node 0 AnonHugePages:         0 kB
Node 0 ShmemHugePages:        0 kB
Node 0 ShmemPmdMapped:        0 kB
Node 0 FileHugePages:        0 kB
Node 0 FilePmdMapped:        0 kB
Node 0 HugePages_Total:     0
Node 0 HugePages_Free:      0
Node 0 HugePages_Surp:      0

Node 1 MemTotal:       24686196 kB
Node 1 MemFree:         7610880 kB
Node 1 MemUsed:        17075316 kB
Node 1 Active:            70096 kB
Node 1 Inactive:       16808120 kB
Node 1 Active(anon):      27228 kB
Node 1 Inactive(anon): 16777452 kB
Node 1 Active(file):      42868 kB
Node 1 Inactive(file):    30668 kB
Node 1 Unevictable:        1160 kB
Node 1 Mlocked:            1160 kB
Node 1 Dirty:                60 kB
Node 1 Writeback:             0 kB
Node 1 FilePages:      16852352 kB
Node 1 Mapped:            30052 kB
Node 1 AnonPages:         27088 kB
Node 1 Shmem:          16777652 kB
Node 1 KernelStack:        2008 kB
Node 1 PageTables:          820 kB
Node 1 NFS_Unstable:          0 kB
Node 1 Bounce:                0 kB
Node 1 WritebackTmp:          0 kB
Node 1 KReclaimable:      65800 kB
Node 1 Slab:             108688 kB
Node 1 SReclaimable:      65800 kB
Node 1 SUnreclaim:        42888 kB
Node 1 AnonHugePages:         0 kB
Node 1 ShmemHugePages:        0 kB
Node 1 ShmemPmdMapped:        0 kB
Node 1 FileHugePages:        0 kB
Node 1 FilePmdMapped:        0 kB
Node 1 HugePages_Total:     0
Node 1 HugePages_Free:      0
Node 1 HugePages_Surp:      0

After Test
Node 0 MemTotal:       24743524 kB
Node 0 MemFree:        24518236 kB
Node 0 MemUsed:          225288 kB
Node 0 Active:            25428 kB
Node 0 Inactive:          37764 kB
Node 0 Active(anon):       6620 kB
Node 0 Inactive(anon):      484 kB
Node 0 Active(file):      18808 kB
Node 0 Inactive(file):    37280 kB
Node 0 Unevictable:       17284 kB
Node 0 Mlocked:           17284 kB
Node 0 Dirty:                52 kB
Node 0 Writeback:             0 kB
Node 0 FilePages:         63748 kB
Node 0 Mapped:            23576 kB
Node 0 AnonPages:         16732 kB
Node 0 Shmem:               632 kB
Node 0 KernelStack:        2488 kB
Node 0 PageTables:          296 kB
Node 0 NFS_Unstable:          0 kB
Node 0 Bounce:                0 kB
Node 0 WritebackTmp:          0 kB
Node 0 KReclaimable:      18288 kB
Node 0 Slab:              53728 kB
Node 0 SReclaimable:      18288 kB
Node 0 SUnreclaim:        35440 kB
Node 0 AnonHugePages:         0 kB
Node 0 ShmemHugePages:        0 kB
Node 0 ShmemPmdMapped:        0 kB
Node 0 FileHugePages:        0 kB
Node 0 FilePmdMapped:        0 kB
Node 0 HugePages_Total:     0
Node 0 HugePages_Free:      0
Node 0 HugePages_Surp:      0

Node 1 MemTotal:       24686196 kB
Node 1 MemFree:         7592440 kB
Node 1 MemUsed:        17093756 kB
Node 1 Active:         16849408 kB
Node 1 Inactive:          45120 kB
Node 1 Active(anon):   16804516 kB
Node 1 Inactive(anon):      888 kB
Node 1 Active(file):      44892 kB
Node 1 Inactive(file):    44232 kB
Node 1 Unevictable:        1160 kB
Node 1 Mlocked:            1160 kB
Node 1 Dirty:                84 kB
Node 1 Writeback:             0 kB
Node 1 FilePages:      16867700 kB
Node 1 Mapped:            30288 kB
Node 1 AnonPages:         27208 kB
Node 1 Shmem:          16777964 kB
Node 1 KernelStack:        2072 kB
Node 1 PageTables:          756 kB
Node 1 NFS_Unstable:          0 kB
Node 1 Bounce:                0 kB
Node 1 WritebackTmp:          0 kB
Node 1 KReclaimable:      67380 kB
Node 1 Slab:             110812 kB
Node 1 SReclaimable:      67380 kB
Node 1 SUnreclaim:        43432 kB
Node 1 AnonHugePages:         0 kB
Node 1 ShmemHugePages:        0 kB
Node 1 ShmemPmdMapped:        0 kB
Node 1 FileHugePages:        0 kB
Node 1 FilePmdMapped:        0 kB
Node 1 HugePages_Total:     0
Node 1 HugePages_Free:      0
Node 1 HugePages_Surp:      0

1.onefio.16G Complete!
