U.0.huge-simpleread.4G.1.O.1M
Begin
Node 0 MemTotal:       24743736 kB
Node 0 MemFree:        24461084 kB
Node 0 MemUsed:          282652 kB
Node 0 Active:            37108 kB
Node 0 Inactive:          88820 kB
Node 0 Active(anon):      14772 kB
Node 0 Inactive(anon):      468 kB
Node 0 Active(file):      22336 kB
Node 0 Inactive(file):    88352 kB
Node 0 Unevictable:       17028 kB
Node 0 Mlocked:           17028 kB
Node 0 Dirty:               268 kB
Node 0 Writeback:             0 kB
Node 0 FilePages:        117988 kB
Node 0 Mapped:            50208 kB
Node 0 AnonPages:         25068 kB
Node 0 Shmem:               604 kB
Node 0 KernelStack:        1976 kB
Node 0 PageTables:          764 kB
Node 0 NFS_Unstable:          0 kB
Node 0 Bounce:                0 kB
Node 0 WritebackTmp:          0 kB
Node 0 KReclaimable:      24272 kB
Node 0 Slab:              58084 kB
Node 0 SReclaimable:      24272 kB
Node 0 SUnreclaim:        33812 kB
Node 0 AnonHugePages:         0 kB
Node 0 ShmemHugePages:        0 kB
Node 0 ShmemPmdMapped:        0 kB
Node 0 FileHugePages:        0 kB
Node 0 FilePmdMapped:        0 kB
Node 0 HugePages_Total:     0
Node 0 HugePages_Free:      0
Node 0 HugePages_Surp:      0

Node 1 MemTotal:       24686196 kB
Node 1 MemFree:        24329564 kB
Node 1 MemUsed:          356632 kB
Node 1 Active:            60344 kB
Node 1 Inactive:          27244 kB
Node 1 Active(anon):      19028 kB
Node 1 Inactive(anon):      400 kB
Node 1 Active(file):      41316 kB
Node 1 Inactive(file):    26844 kB
Node 1 Unevictable:        1496 kB
Node 1 Mlocked:            1496 kB
Node 1 Dirty:               280 kB
Node 1 Writeback:             0 kB
Node 1 FilePages:         70480 kB
Node 1 Mapped:            20236 kB
Node 1 AnonPages:         18768 kB
Node 1 Shmem:               664 kB
Node 1 KernelStack:        1624 kB
Node 1 PageTables:          380 kB
Node 1 NFS_Unstable:          0 kB
Node 1 Bounce:                0 kB
Node 1 WritebackTmp:          0 kB
Node 1 KReclaimable:      17104 kB
Node 1 Slab:              47104 kB
Node 1 SReclaimable:      17104 kB
Node 1 SUnreclaim:        30000 kB
Node 1 AnonHugePages:         0 kB
Node 1 ShmemHugePages:        0 kB
Node 1 ShmemPmdMapped:        0 kB
Node 1 FileHugePages:        0 kB
Node 1 FilePmdMapped:        0 kB
Node 1 HugePages_Total:     0
Node 1 HugePages_Free:      0
Node 1 HugePages_Surp:      0

Load ZFS
Node 0 MemTotal:       24743736 kB
Node 0 MemFree:        24456376 kB
Node 0 MemUsed:          287360 kB
Node 0 Active:            40068 kB
Node 0 Inactive:          89112 kB
Node 0 Active(anon):      17240 kB
Node 0 Inactive(anon):      468 kB
Node 0 Active(file):      22828 kB
Node 0 Inactive(file):    88644 kB
Node 0 Unevictable:       17028 kB
Node 0 Mlocked:           17028 kB
Node 0 Dirty:               296 kB
Node 0 Writeback:             0 kB
Node 0 FilePages:        118772 kB
Node 0 Mapped:            50232 kB
Node 0 AnonPages:         27264 kB
Node 0 Shmem:               604 kB
Node 0 KernelStack:        1992 kB
Node 0 PageTables:          872 kB
Node 0 NFS_Unstable:          0 kB
Node 0 Bounce:                0 kB
Node 0 WritebackTmp:          0 kB
Node 0 KReclaimable:      24724 kB
Node 0 Slab:              60192 kB
Node 0 SReclaimable:      24724 kB
Node 0 SUnreclaim:        35468 kB
Node 0 AnonHugePages:         0 kB
Node 0 ShmemHugePages:        0 kB
Node 0 ShmemPmdMapped:        0 kB
Node 0 FileHugePages:        0 kB
Node 0 FilePmdMapped:        0 kB
Node 0 HugePages_Total:     0
Node 0 HugePages_Free:      0
Node 0 HugePages_Surp:      0

Node 1 MemTotal:       24686196 kB
Node 1 MemFree:        24326800 kB
Node 1 MemUsed:          359396 kB
Node 1 Active:            66748 kB
Node 1 Inactive:          22828 kB
Node 1 Active(anon):      19100 kB
Node 1 Inactive(anon):      404 kB
Node 1 Active(file):      47648 kB
Node 1 Inactive(file):    22424 kB
Node 1 Unevictable:        1496 kB
Node 1 Mlocked:            1496 kB
Node 1 Dirty:               280 kB
Node 1 Writeback:             0 kB
Node 1 FilePages:         72232 kB
Node 1 Mapped:            20396 kB
Node 1 AnonPages:         18756 kB
Node 1 Shmem:               664 kB
Node 1 KernelStack:        1688 kB
Node 1 PageTables:          452 kB
Node 1 NFS_Unstable:          0 kB
Node 1 Bounce:                0 kB
Node 1 WritebackTmp:          0 kB
Node 1 KReclaimable:      17676 kB
Node 1 Slab:              49176 kB
Node 1 SReclaimable:      17676 kB
Node 1 SUnreclaim:        31500 kB
Node 1 AnonHugePages:         0 kB
Node 1 ShmemHugePages:        0 kB
Node 1 ShmemPmdMapped:        0 kB
Node 1 FileHugePages:        0 kB
Node 1 FilePmdMapped:        0 kB
Node 1 HugePages_Total:     0
Node 1 HugePages_Free:      0
Node 1 HugePages_Surp:      0

Import tank ZPool
Node 0 MemTotal:       24743736 kB
Node 0 MemFree:        24457140 kB
Node 0 MemUsed:          286596 kB
Node 0 Active:            40492 kB
Node 0 Inactive:          89112 kB
Node 0 Active(anon):      17664 kB
Node 0 Inactive(anon):      468 kB
Node 0 Active(file):      22828 kB
Node 0 Inactive(file):    88644 kB
Node 0 Unevictable:       17028 kB
Node 0 Mlocked:           17028 kB
Node 0 Dirty:               332 kB
Node 0 Writeback:             0 kB
Node 0 FilePages:        118768 kB
Node 0 Mapped:            50436 kB
Node 0 AnonPages:         27948 kB
Node 0 Shmem:               600 kB
Node 0 KernelStack:        2008 kB
Node 0 PageTables:          908 kB
Node 0 NFS_Unstable:          0 kB
Node 0 Bounce:                0 kB
Node 0 WritebackTmp:          0 kB
Node 0 KReclaimable:      24724 kB
Node 0 Slab:              60176 kB
Node 0 SReclaimable:      24724 kB
Node 0 SUnreclaim:        35452 kB
Node 0 AnonHugePages:         0 kB
Node 0 ShmemHugePages:        0 kB
Node 0 ShmemPmdMapped:        0 kB
Node 0 FileHugePages:        0 kB
Node 0 FilePmdMapped:        0 kB
Node 0 HugePages_Total:     0
Node 0 HugePages_Free:      0
Node 0 HugePages_Surp:      0

Node 1 MemTotal:       24686196 kB
Node 1 MemFree:        24309112 kB
Node 1 MemUsed:          377084 kB
Node 1 Active:            67624 kB
Node 1 Inactive:          23976 kB
Node 1 Active(anon):      19552 kB
Node 1 Inactive(anon):      408 kB
Node 1 Active(file):      48072 kB
Node 1 Inactive(file):    23568 kB
Node 1 Unevictable:        1496 kB
Node 1 Mlocked:            1496 kB
Node 1 Dirty:                52 kB
Node 1 Writeback:             0 kB
Node 1 FilePages:         73824 kB
Node 1 Mapped:            20500 kB
Node 1 AnonPages:         19080 kB
Node 1 Shmem:               668 kB
Node 1 KernelStack:        2792 kB
Node 1 PageTables:          484 kB
Node 1 NFS_Unstable:          0 kB
Node 1 Bounce:                0 kB
Node 1 WritebackTmp:          0 kB
Node 1 KReclaimable:      17828 kB
Node 1 Slab:              55608 kB
Node 1 SReclaimable:      17828 kB
Node 1 SUnreclaim:        37780 kB
Node 1 AnonHugePages:         0 kB
Node 1 ShmemHugePages:        0 kB
Node 1 ShmemPmdMapped:        0 kB
Node 1 FileHugePages:        0 kB
Node 1 FilePmdMapped:        0 kB
Node 1 HugePages_Total:     0
Node 1 HugePages_Free:      0
Node 1 HugePages_Surp:      0

After Test
Node 0 MemTotal:       24743736 kB
Node 0 MemFree:        19215940 kB
Node 0 MemUsed:         5527796 kB
Node 0 Active:            37740 kB
Node 0 Inactive:        1065676 kB
Node 0 Active(anon):      14372 kB
Node 0 Inactive(anon):      468 kB
Node 0 Active(file):      23368 kB
Node 0 Inactive(file):  1065208 kB
Node 0 Unevictable:       17028 kB
Node 0 Mlocked:           17028 kB
Node 0 Dirty:                36 kB
Node 0 Writeback:             0 kB
Node 0 FilePages:       1095900 kB
Node 0 Mapped:            50272 kB
Node 0 AnonPages:         24440 kB
Node 0 Shmem:               600 kB
Node 0 KernelStack:        1912 kB
Node 0 PageTables:          908 kB
Node 0 NFS_Unstable:          0 kB
Node 0 Bounce:                0 kB
Node 0 WritebackTmp:          0 kB
Node 0 KReclaimable:      27076 kB
Node 0 Slab:              80328 kB
Node 0 SReclaimable:      27076 kB
Node 0 SUnreclaim:        53252 kB
Node 0 AnonHugePages:         0 kB
Node 0 ShmemHugePages:        0 kB
Node 0 ShmemPmdMapped:        0 kB
Node 0 FileHugePages:        0 kB
Node 0 FilePmdMapped:        0 kB
Node 0 HugePages_Total:     0
Node 0 HugePages_Free:      0
Node 0 HugePages_Surp:      0

Node 1 MemTotal:       24686196 kB
Node 1 MemFree:        23536352 kB
Node 1 MemUsed:         1149844 kB
Node 1 Active:            67436 kB
Node 1 Inactive:          23624 kB
Node 1 Active(anon):      18912 kB
Node 1 Inactive(anon):      408 kB
Node 1 Active(file):      48524 kB
Node 1 Inactive(file):    23216 kB
Node 1 Unevictable:        1496 kB
Node 1 Mlocked:            1496 kB
Node 1 Dirty:                12 kB
Node 1 Writeback:             0 kB
Node 1 FilePages:         73920 kB
Node 1 Mapped:            20504 kB
Node 1 AnonPages:         18660 kB
Node 1 Shmem:               668 kB
Node 1 KernelStack:        2664 kB
Node 1 PageTables:          424 kB
Node 1 NFS_Unstable:          0 kB
Node 1 Bounce:                0 kB
Node 1 WritebackTmp:          0 kB
Node 1 KReclaimable:      18152 kB
Node 1 Slab:              59016 kB
Node 1 SReclaimable:      18152 kB
Node 1 SUnreclaim:        40864 kB
Node 1 AnonHugePages:         0 kB
Node 1 ShmemHugePages:        0 kB
Node 1 ShmemPmdMapped:        0 kB
Node 1 FileHugePages:        0 kB
Node 1 FilePmdMapped:        0 kB
Node 1 HugePages_Total:     0
Node 1 HugePages_Free:      0
Node 1 HugePages_Surp:      0

After Opposite Node
Node 0 MemTotal:       24743736 kB
Node 0 MemFree:        19217904 kB
Node 0 MemUsed:         5525832 kB
Node 0 Active:            37296 kB
Node 0 Inactive:        1065632 kB
Node 0 Active(anon):      13880 kB
Node 0 Inactive(anon):      468 kB
Node 0 Active(file):      23416 kB
Node 0 Inactive(file):  1065164 kB
Node 0 Unevictable:       17028 kB
Node 0 Mlocked:           17028 kB
Node 0 Dirty:                44 kB
Node 0 Writeback:             0 kB
Node 0 FilePages:       1095904 kB
Node 0 Mapped:            50240 kB
Node 0 AnonPages:         24076 kB
Node 0 Shmem:               600 kB
Node 0 KernelStack:        1912 kB
Node 0 PageTables:          692 kB
Node 0 NFS_Unstable:          0 kB
Node 0 Bounce:                0 kB
Node 0 WritebackTmp:          0 kB
Node 0 KReclaimable:      27076 kB
Node 0 Slab:              80116 kB
Node 0 SReclaimable:      27076 kB
Node 0 SUnreclaim:        53040 kB
Node 0 AnonHugePages:         0 kB
Node 0 ShmemHugePages:        0 kB
Node 0 ShmemPmdMapped:        0 kB
Node 0 FileHugePages:        0 kB
Node 0 FilePmdMapped:        0 kB
Node 0 HugePages_Total:     0
Node 0 HugePages_Free:      0
Node 0 HugePages_Surp:      0

Node 1 MemTotal:       24686196 kB
Node 1 MemFree:        23534732 kB
Node 1 MemUsed:         1151464 kB
Node 1 Active:            68196 kB
Node 1 Inactive:          23420 kB
Node 1 Active(anon):      19448 kB
Node 1 Inactive(anon):      408 kB
Node 1 Active(file):      48748 kB
Node 1 Inactive(file):    23012 kB
Node 1 Unevictable:        1496 kB
Node 1 Mlocked:            1496 kB
Node 1 Dirty:                32 kB
Node 1 Writeback:             0 kB
Node 1 FilePages:         73948 kB
Node 1 Mapped:            20512 kB
Node 1 AnonPages:         19036 kB
Node 1 Shmem:               668 kB
Node 1 KernelStack:        2664 kB
Node 1 PageTables:          644 kB
Node 1 NFS_Unstable:          0 kB
Node 1 Bounce:                0 kB
Node 1 WritebackTmp:          0 kB
Node 1 KReclaimable:      18184 kB
Node 1 Slab:              60016 kB
Node 1 SReclaimable:      18184 kB
Node 1 SUnreclaim:        41832 kB
Node 1 AnonHugePages:         0 kB
Node 1 ShmemHugePages:        0 kB
Node 1 ShmemPmdMapped:        0 kB
Node 1 FileHugePages:        0 kB
Node 1 FilePmdMapped:        0 kB
Node 1 HugePages_Total:     0
Node 1 HugePages_Free:      0
Node 1 HugePages_Surp:      0

U.0.huge-simpleread.4G.1.O.1M Complete!
