U.0.huge-simpleread.8G.3.O.1M
Begin
Node 0 MemTotal:       24743736 kB
Node 0 MemFree:        24331472 kB
Node 0 MemUsed:          412264 kB
Node 0 Active:            54648 kB
Node 0 Inactive:          76100 kB
Node 0 Active(anon):      20168 kB
Node 0 Inactive(anon):      348 kB
Node 0 Active(file):      34480 kB
Node 0 Inactive(file):    75752 kB
Node 0 Unevictable:       12904 kB
Node 0 Mlocked:           12904 kB
Node 0 Dirty:               128 kB
Node 0 Writeback:             0 kB
Node 0 FilePages:        113320 kB
Node 0 Mapped:            32620 kB
Node 0 AnonPages:         30440 kB
Node 0 Shmem:               472 kB
Node 0 KernelStack:        2024 kB
Node 0 PageTables:          524 kB
Node 0 NFS_Unstable:          0 kB
Node 0 Bounce:                0 kB
Node 0 WritebackTmp:          0 kB
Node 0 KReclaimable:      21472 kB
Node 0 Slab:              52104 kB
Node 0 SReclaimable:      21472 kB
Node 0 SUnreclaim:        30632 kB
Node 0 AnonHugePages:         0 kB
Node 0 ShmemHugePages:        0 kB
Node 0 ShmemPmdMapped:        0 kB
Node 0 FileHugePages:        0 kB
Node 0 FilePmdMapped:        0 kB
Node 0 HugePages_Total:     0
Node 0 HugePages_Free:      0
Node 0 HugePages_Surp:      0

Node 1 MemTotal:       24686196 kB
Node 1 MemFree:        24440208 kB
Node 1 MemUsed:          245988 kB
Node 1 Active:            41028 kB
Node 1 Inactive:          61172 kB
Node 1 Active(anon):      14076 kB
Node 1 Inactive(anon):      528 kB
Node 1 Active(file):      26952 kB
Node 1 Inactive(file):    60644 kB
Node 1 Unevictable:        5620 kB
Node 1 Mlocked:            5620 kB
Node 1 Dirty:               300 kB
Node 1 Writeback:             0 kB
Node 1 FilePages:         94008 kB
Node 1 Mapped:            51368 kB
Node 1 AnonPages:         13908 kB
Node 1 Shmem:               796 kB
Node 1 KernelStack:        1624 kB
Node 1 PageTables:          792 kB
Node 1 NFS_Unstable:          0 kB
Node 1 Bounce:                0 kB
Node 1 WritebackTmp:          0 kB
Node 1 KReclaimable:      20384 kB
Node 1 Slab:              53836 kB
Node 1 SReclaimable:      20384 kB
Node 1 SUnreclaim:        33452 kB
Node 1 AnonHugePages:         0 kB
Node 1 ShmemHugePages:        0 kB
Node 1 ShmemPmdMapped:        0 kB
Node 1 FileHugePages:        0 kB
Node 1 FilePmdMapped:        0 kB
Node 1 HugePages_Total:     0
Node 1 HugePages_Free:      0
Node 1 HugePages_Surp:      0

Load ZFS
Node 0 MemTotal:       24743736 kB
Node 0 MemFree:        24326880 kB
Node 0 MemUsed:          416856 kB
Node 0 Active:            62624 kB
Node 0 Inactive:          71708 kB
Node 0 Active(anon):      21964 kB
Node 0 Inactive(anon):      348 kB
Node 0 Active(file):      40660 kB
Node 0 Inactive(file):    71360 kB
Node 0 Unevictable:       12904 kB
Node 0 Mlocked:           12904 kB
Node 0 Dirty:               136 kB
Node 0 Writeback:             0 kB
Node 0 FilePages:        115068 kB
Node 0 Mapped:            32780 kB
Node 0 AnonPages:         32120 kB
Node 0 Shmem:               472 kB
Node 0 KernelStack:        2136 kB
Node 0 PageTables:          720 kB
Node 0 NFS_Unstable:          0 kB
Node 0 Bounce:                0 kB
Node 0 WritebackTmp:          0 kB
Node 0 KReclaimable:      21876 kB
Node 0 Slab:              53684 kB
Node 0 SReclaimable:      21876 kB
Node 0 SUnreclaim:        31808 kB
Node 0 AnonHugePages:         0 kB
Node 0 ShmemHugePages:        0 kB
Node 0 ShmemPmdMapped:        0 kB
Node 0 FileHugePages:        0 kB
Node 0 FilePmdMapped:        0 kB
Node 0 HugePages_Total:     0
Node 0 HugePages_Free:      0
Node 0 HugePages_Surp:      0

Node 1 MemTotal:       24686196 kB
Node 1 MemFree:        24434224 kB
Node 1 MemUsed:          251972 kB
Node 1 Active:            43904 kB
Node 1 Inactive:          61604 kB
Node 1 Active(anon):      16612 kB
Node 1 Inactive(anon):      528 kB
Node 1 Active(file):      27292 kB
Node 1 Inactive(file):    61076 kB
Node 1 Unevictable:        5620 kB
Node 1 Mlocked:            5620 kB
Node 1 Dirty:               360 kB
Node 1 Writeback:             0 kB
Node 1 FilePages:         94780 kB
Node 1 Mapped:            51408 kB
Node 1 AnonPages:         16408 kB
Node 1 Shmem:               796 kB
Node 1 KernelStack:        1592 kB
Node 1 PageTables:          888 kB
Node 1 NFS_Unstable:          0 kB
Node 1 Bounce:                0 kB
Node 1 WritebackTmp:          0 kB
Node 1 KReclaimable:      20864 kB
Node 1 Slab:              55892 kB
Node 1 SReclaimable:      20864 kB
Node 1 SUnreclaim:        35028 kB
Node 1 AnonHugePages:         0 kB
Node 1 ShmemHugePages:        0 kB
Node 1 ShmemPmdMapped:        0 kB
Node 1 FileHugePages:        0 kB
Node 1 FilePmdMapped:        0 kB
Node 1 HugePages_Total:     0
Node 1 HugePages_Free:      0
Node 1 HugePages_Surp:      0

Import tank ZPool
Node 0 MemTotal:       24743736 kB
Node 0 MemFree:        24320172 kB
Node 0 MemUsed:          423564 kB
Node 0 Active:            61252 kB
Node 0 Inactive:          72860 kB
Node 0 Active(anon):      20208 kB
Node 0 Inactive(anon):      352 kB
Node 0 Active(file):      41044 kB
Node 0 Inactive(file):    72508 kB
Node 0 Unevictable:       12904 kB
Node 0 Mlocked:           12904 kB
Node 0 Dirty:               148 kB
Node 0 Writeback:             0 kB
Node 0 FilePages:        116608 kB
Node 0 Mapped:            32908 kB
Node 0 AnonPages:         30096 kB
Node 0 Shmem:               476 kB
Node 0 KernelStack:        2120 kB
Node 0 PageTables:          636 kB
Node 0 NFS_Unstable:          0 kB
Node 0 Bounce:                0 kB
Node 0 WritebackTmp:          0 kB
Node 0 KReclaimable:      22016 kB
Node 0 Slab:              59048 kB
Node 0 SReclaimable:      22016 kB
Node 0 SUnreclaim:        37032 kB
Node 0 AnonHugePages:         0 kB
Node 0 ShmemHugePages:        0 kB
Node 0 ShmemPmdMapped:        0 kB
Node 0 FileHugePages:        0 kB
Node 0 FilePmdMapped:        0 kB
Node 0 HugePages_Total:     0
Node 0 HugePages_Free:      0
Node 0 HugePages_Surp:      0

Node 1 MemTotal:       24686196 kB
Node 1 MemFree:        24422728 kB
Node 1 MemUsed:          263468 kB
Node 1 Active:            40400 kB
Node 1 Inactive:          61604 kB
Node 1 Active(anon):      13060 kB
Node 1 Inactive(anon):      528 kB
Node 1 Active(file):      27340 kB
Node 1 Inactive(file):    61076 kB
Node 1 Unevictable:        5620 kB
Node 1 Mlocked:            5620 kB
Node 1 Dirty:               160 kB
Node 1 Writeback:             0 kB
Node 1 FilePages:         94840 kB
Node 1 Mapped:            51628 kB
Node 1 AnonPages:         12796 kB
Node 1 Shmem:               792 kB
Node 1 KernelStack:        2616 kB
Node 1 PageTables:          664 kB
Node 1 NFS_Unstable:          0 kB
Node 1 Bounce:                0 kB
Node 1 WritebackTmp:          0 kB
Node 1 KReclaimable:      20864 kB
Node 1 Slab:              58424 kB
Node 1 SReclaimable:      20864 kB
Node 1 SUnreclaim:        37560 kB
Node 1 AnonHugePages:         0 kB
Node 1 ShmemHugePages:        0 kB
Node 1 ShmemPmdMapped:        0 kB
Node 1 FileHugePages:        0 kB
Node 1 FilePmdMapped:        0 kB
Node 1 HugePages_Total:     0
Node 1 HugePages_Free:      0
Node 1 HugePages_Surp:      0

After Test
Node 0 MemTotal:       24743736 kB
Node 0 MemFree:        14790352 kB
Node 0 MemUsed:         9953384 kB
Node 0 Active:            62056 kB
Node 0 Inactive:        1049256 kB
Node 0 Active(anon):      20164 kB
Node 0 Inactive(anon):      352 kB
Node 0 Active(file):      41892 kB
Node 0 Inactive(file):  1048904 kB
Node 0 Unevictable:       12904 kB
Node 0 Mlocked:           12904 kB
Node 0 Dirty:                24 kB
Node 0 Writeback:             0 kB
Node 0 FilePages:       1093872 kB
Node 0 Mapped:            32644 kB
Node 0 AnonPages:         30216 kB
Node 0 Shmem:               476 kB
Node 0 KernelStack:        1976 kB
Node 0 PageTables:          740 kB
Node 0 NFS_Unstable:          0 kB
Node 0 Bounce:                0 kB
Node 0 WritebackTmp:          0 kB
Node 0 KReclaimable:      24384 kB
Node 0 Slab:              92792 kB
Node 0 SReclaimable:      24384 kB
Node 0 SUnreclaim:        68408 kB
Node 0 AnonHugePages:         0 kB
Node 0 ShmemHugePages:        0 kB
Node 0 ShmemPmdMapped:        0 kB
Node 0 FileHugePages:        0 kB
Node 0 FilePmdMapped:        0 kB
Node 0 HugePages_Total:     0
Node 0 HugePages_Free:      0
Node 0 HugePages_Surp:      0

Node 1 MemTotal:       24686196 kB
Node 1 MemFree:        23730920 kB
Node 1 MemUsed:          955276 kB
Node 1 Active:            40568 kB
Node 1 Inactive:          61452 kB
Node 1 Active(anon):      13060 kB
Node 1 Inactive(anon):      528 kB
Node 1 Active(file):      27508 kB
Node 1 Inactive(file):    60924 kB
Node 1 Unevictable:        5620 kB
Node 1 Mlocked:            5620 kB
Node 1 Dirty:                24 kB
Node 1 Writeback:             0 kB
Node 1 FilePages:         94848 kB
Node 1 Mapped:            51692 kB
Node 1 AnonPages:         12796 kB
Node 1 Shmem:               792 kB
Node 1 KernelStack:        2600 kB
Node 1 PageTables:          664 kB
Node 1 NFS_Unstable:          0 kB
Node 1 Bounce:                0 kB
Node 1 WritebackTmp:          0 kB
Node 1 KReclaimable:      20864 kB
Node 1 Slab:              61180 kB
Node 1 SReclaimable:      20864 kB
Node 1 SUnreclaim:        40316 kB
Node 1 AnonHugePages:         0 kB
Node 1 ShmemHugePages:        0 kB
Node 1 ShmemPmdMapped:        0 kB
Node 1 FileHugePages:        0 kB
Node 1 FilePmdMapped:        0 kB
Node 1 HugePages_Total:     0
Node 1 HugePages_Free:      0
Node 1 HugePages_Surp:      0

After Opposite Node
Node 0 MemTotal:       24743736 kB
Node 0 MemFree:        14794236 kB
Node 0 MemUsed:         9949500 kB
Node 0 Active:            61624 kB
Node 0 Inactive:        1049208 kB
Node 0 Active(anon):      19644 kB
Node 0 Inactive(anon):      352 kB
Node 0 Active(file):      41980 kB
Node 0 Inactive(file):  1048856 kB
Node 0 Unevictable:       12904 kB
Node 0 Mlocked:           12904 kB
Node 0 Dirty:                40 kB
Node 0 Writeback:             0 kB
Node 0 FilePages:       1093896 kB
Node 0 Mapped:            32628 kB
Node 0 AnonPages:         29852 kB
Node 0 Shmem:               476 kB
Node 0 KernelStack:        1960 kB
Node 0 PageTables:          520 kB
Node 0 NFS_Unstable:          0 kB
Node 0 Bounce:                0 kB
Node 0 WritebackTmp:          0 kB
Node 0 KReclaimable:      24384 kB
Node 0 Slab:              92752 kB
Node 0 SReclaimable:      24384 kB
Node 0 SUnreclaim:        68368 kB
Node 0 AnonHugePages:         0 kB
Node 0 ShmemHugePages:        0 kB
Node 0 ShmemPmdMapped:        0 kB
Node 0 FileHugePages:        0 kB
Node 0 FilePmdMapped:        0 kB
Node 0 HugePages_Total:     0
Node 0 HugePages_Free:      0
Node 0 HugePages_Surp:      0

Node 1 MemTotal:       24686196 kB
Node 1 MemFree:        23730668 kB
Node 1 MemUsed:          955528 kB
Node 1 Active:            41276 kB
Node 1 Inactive:          61228 kB
Node 1 Active(anon):      13536 kB
Node 1 Inactive(anon):      528 kB
Node 1 Active(file):      27740 kB
Node 1 Inactive(file):    60700 kB
Node 1 Unevictable:        5620 kB
Node 1 Mlocked:            5620 kB
Node 1 Dirty:                36 kB
Node 1 Writeback:             0 kB
Node 1 FilePages:         94856 kB
Node 1 Mapped:            51472 kB
Node 1 AnonPages:         13164 kB
Node 1 Shmem:               792 kB
Node 1 KernelStack:        2616 kB
Node 1 PageTables:          872 kB
Node 1 NFS_Unstable:          0 kB
Node 1 Bounce:                0 kB
Node 1 WritebackTmp:          0 kB
Node 1 KReclaimable:      20900 kB
Node 1 Slab:              62640 kB
Node 1 SReclaimable:      20900 kB
Node 1 SUnreclaim:        41740 kB
Node 1 AnonHugePages:         0 kB
Node 1 ShmemHugePages:        0 kB
Node 1 ShmemPmdMapped:        0 kB
Node 1 FileHugePages:        0 kB
Node 1 FilePmdMapped:        0 kB
Node 1 HugePages_Total:     0
Node 1 HugePages_Free:      0
Node 1 HugePages_Surp:      0

U.0.huge-simpleread.8G.3.O.1M Complete!
