B.1.fio.750M.1.O
Begin
Node 0 MemTotal:       24743736 kB
Node 0 MemFree:        24347412 kB
Node 0 MemUsed:          396324 kB
Node 0 Active:            39016 kB
Node 0 Inactive:          83324 kB
Node 0 Active(anon):      23576 kB
Node 0 Inactive(anon):      392 kB
Node 0 Active(file):      15440 kB
Node 0 Inactive(file):    82932 kB
Node 0 Unevictable:        1572 kB
Node 0 Mlocked:            1572 kB
Node 0 Dirty:               152 kB
Node 0 Writeback:             0 kB
Node 0 FilePages:        100704 kB
Node 0 Mapped:            27904 kB
Node 0 AnonPages:         23476 kB
Node 0 Shmem:               616 kB
Node 0 KernelStack:        2296 kB
Node 0 PageTables:          468 kB
Node 0 NFS_Unstable:          0 kB
Node 0 Bounce:                0 kB
Node 0 WritebackTmp:          0 kB
Node 0 KReclaimable:      16764 kB
Node 0 Slab:              48664 kB
Node 0 SReclaimable:      16764 kB
Node 0 SUnreclaim:        31900 kB
Node 0 AnonHugePages:         0 kB
Node 0 ShmemHugePages:        0 kB
Node 0 ShmemPmdMapped:        0 kB
Node 0 FileHugePages:        0 kB
Node 0 FilePmdMapped:        0 kB
Node 0 HugePages_Total:     0
Node 0 HugePages_Free:      0
Node 0 HugePages_Surp:      0

Node 1 MemTotal:       24686196 kB
Node 1 MemFree:        24403484 kB
Node 1 MemUsed:          282712 kB
Node 1 Active:            58172 kB
Node 1 Inactive:          70908 kB
Node 1 Active(anon):      10196 kB
Node 1 Inactive(anon):      484 kB
Node 1 Active(file):      47976 kB
Node 1 Inactive(file):    70424 kB
Node 1 Unevictable:       16952 kB
Node 1 Mlocked:           16952 kB
Node 1 Dirty:               408 kB
Node 1 Writeback:             0 kB
Node 1 FilePages:        125676 kB
Node 1 Mapped:            70116 kB
Node 1 AnonPages:         20372 kB
Node 1 Shmem:               652 kB
Node 1 KernelStack:        1336 kB
Node 1 PageTables:          788 kB
Node 1 NFS_Unstable:          0 kB
Node 1 Bounce:                0 kB
Node 1 WritebackTmp:          0 kB
Node 1 KReclaimable:      25056 kB
Node 1 Slab:              57552 kB
Node 1 SReclaimable:      25056 kB
Node 1 SUnreclaim:        32496 kB
Node 1 AnonHugePages:         0 kB
Node 1 ShmemHugePages:        0 kB
Node 1 ShmemPmdMapped:        0 kB
Node 1 FileHugePages:        0 kB
Node 1 FilePmdMapped:        0 kB
Node 1 HugePages_Total:     0
Node 1 HugePages_Free:      0
Node 1 HugePages_Surp:      0

Load ZFS
Node 0 MemTotal:       24743736 kB
Node 0 MemFree:        24427604 kB
Node 0 MemUsed:          316132 kB
Node 0 Active:            58224 kB
Node 0 Inactive:         112612 kB
Node 0 Active(anon):      41192 kB
Node 0 Inactive(anon):      504 kB
Node 0 Active(file):      17032 kB
Node 0 Inactive(file):   112108 kB
Node 0 Unevictable:        1572 kB
Node 0 Mlocked:            1572 kB
Node 0 Dirty:               272 kB
Node 0 Writeback:             0 kB
Node 0 FilePages:        131384 kB
Node 0 Mapped:            29660 kB
Node 0 AnonPages:         40892 kB
Node 0 Shmem:               672 kB
Node 0 KernelStack:        2728 kB
Node 0 PageTables:         1196 kB
Node 0 NFS_Unstable:          0 kB
Node 0 Bounce:                0 kB
Node 0 WritebackTmp:          0 kB
Node 0 KReclaimable:      17780 kB
Node 0 Slab:              52504 kB
Node 0 SReclaimable:      17780 kB
Node 0 SUnreclaim:        34724 kB
Node 0 AnonHugePages:         0 kB
Node 0 ShmemHugePages:        0 kB
Node 0 ShmemPmdMapped:        0 kB
Node 0 FileHugePages:        0 kB
Node 0 FilePmdMapped:        0 kB
Node 0 HugePages_Total:     0
Node 0 HugePages_Free:      0
Node 0 HugePages_Surp:      0

Node 1 MemTotal:       24686196 kB
Node 1 MemFree:        24179632 kB
Node 1 MemUsed:          506564 kB
Node 1 Active:            67752 kB
Node 1 Inactive:         145232 kB
Node 1 Active(anon):      18944 kB
Node 1 Inactive(anon):      440 kB
Node 1 Active(file):      48808 kB
Node 1 Inactive(file):   144792 kB
Node 1 Unevictable:       17164 kB
Node 1 Mlocked:           17164 kB
Node 1 Dirty:               496 kB
Node 1 Writeback:             0 kB
Node 1 FilePages:        200816 kB
Node 1 Mapped:            72408 kB
Node 1 AnonPages:         29480 kB
Node 1 Shmem:               596 kB
Node 1 KernelStack:        1572 kB
Node 1 PageTables:         1016 kB
Node 1 NFS_Unstable:          0 kB
Node 1 Bounce:                0 kB
Node 1 WritebackTmp:          0 kB
Node 1 KReclaimable:      26000 kB
Node 1 Slab:              61576 kB
Node 1 SReclaimable:      26000 kB
Node 1 SUnreclaim:        35576 kB
Node 1 AnonHugePages:         0 kB
Node 1 ShmemHugePages:        0 kB
Node 1 ShmemPmdMapped:        0 kB
Node 1 FileHugePages:        0 kB
Node 1 FilePmdMapped:        0 kB
Node 1 HugePages_Total:     0
Node 1 HugePages_Free:      0
Node 1 HugePages_Surp:      0

Import tank ZPool
Node 0 MemTotal:       24743736 kB
Node 0 MemFree:        24446324 kB
Node 0 MemUsed:          297412 kB
Node 0 Active:            40424 kB
Node 0 Inactive:         112096 kB
Node 0 Active(anon):      22860 kB
Node 0 Inactive(anon):      504 kB
Node 0 Active(file):      17564 kB
Node 0 Inactive(file):   111592 kB
Node 0 Unevictable:        1572 kB
Node 0 Mlocked:            1572 kB
Node 0 Dirty:               196 kB
Node 0 Writeback:             0 kB
Node 0 FilePages:        131396 kB
Node 0 Mapped:            28108 kB
Node 0 AnonPages:         22696 kB
Node 0 Shmem:               668 kB
Node 0 KernelStack:        2216 kB
Node 0 PageTables:          476 kB
Node 0 NFS_Unstable:          0 kB
Node 0 Bounce:                0 kB
Node 0 WritebackTmp:          0 kB
Node 0 KReclaimable:      17780 kB
Node 0 Slab:              53212 kB
Node 0 SReclaimable:      17780 kB
Node 0 SUnreclaim:        35432 kB
Node 0 AnonHugePages:         0 kB
Node 0 ShmemHugePages:        0 kB
Node 0 ShmemPmdMapped:        0 kB
Node 0 FileHugePages:        0 kB
Node 0 FilePmdMapped:        0 kB
Node 0 HugePages_Total:     0
Node 0 HugePages_Free:      0
Node 0 HugePages_Surp:      0

Node 1 MemTotal:       24686196 kB
Node 1 MemFree:        24167028 kB
Node 1 MemUsed:          519168 kB
Node 1 Active:            60512 kB
Node 1 Inactive:         146196 kB
Node 1 Active(anon):      10844 kB
Node 1 Inactive(anon):      444 kB
Node 1 Active(file):      49668 kB
Node 1 Inactive(file):   145752 kB
Node 1 Unevictable:       17180 kB
Node 1 Mlocked:           17180 kB
Node 1 Dirty:               552 kB
Node 1 Writeback:             0 kB
Node 1 FilePages:        202368 kB
Node 1 Mapped:            70440 kB
Node 1 AnonPages:         20876 kB
Node 1 Shmem:               600 kB
Node 1 KernelStack:        2536 kB
Node 1 PageTables:          880 kB
Node 1 NFS_Unstable:          0 kB
Node 1 Bounce:                0 kB
Node 1 WritebackTmp:          0 kB
Node 1 KReclaimable:      26128 kB
Node 1 Slab:              67860 kB
Node 1 SReclaimable:      26128 kB
Node 1 SUnreclaim:        41732 kB
Node 1 AnonHugePages:         0 kB
Node 1 ShmemHugePages:        0 kB
Node 1 ShmemPmdMapped:        0 kB
Node 1 FileHugePages:        0 kB
Node 1 FilePmdMapped:        0 kB
Node 1 HugePages_Total:     0
Node 1 HugePages_Free:      0
Node 1 HugePages_Surp:      0

After Test
Node 0 MemTotal:       24743736 kB
Node 0 MemFree:        24225328 kB
Node 0 MemUsed:          518408 kB
Node 0 Active:            40024 kB
Node 0 Inactive:         112092 kB
Node 0 Active(anon):      22460 kB
Node 0 Inactive(anon):      500 kB
Node 0 Active(file):      17564 kB
Node 0 Inactive(file):   111592 kB
Node 0 Unevictable:        1572 kB
Node 0 Mlocked:            1572 kB
Node 0 Dirty:               200 kB
Node 0 Writeback:             0 kB
Node 0 FilePages:        131396 kB
Node 0 Mapped:            27988 kB
Node 0 AnonPages:         22292 kB
Node 0 Shmem:               668 kB
Node 0 KernelStack:        2168 kB
Node 0 PageTables:          476 kB
Node 0 NFS_Unstable:          0 kB
Node 0 Bounce:                0 kB
Node 0 WritebackTmp:          0 kB
Node 0 KReclaimable:      17780 kB
Node 0 Slab:              53752 kB
Node 0 SReclaimable:      17780 kB
Node 0 SUnreclaim:        35972 kB
Node 0 AnonHugePages:         0 kB
Node 0 ShmemHugePages:        0 kB
Node 0 ShmemPmdMapped:        0 kB
Node 0 FileHugePages:        0 kB
Node 0 FilePmdMapped:        0 kB
Node 0 HugePages_Total:     0
Node 0 HugePages_Free:      0
Node 0 HugePages_Surp:      0

Node 1 MemTotal:       24686196 kB
Node 1 MemFree:        22798724 kB
Node 1 MemUsed:         1887472 kB
Node 1 Active:            61684 kB
Node 1 Inactive:         147100 kB
Node 1 Active(anon):      10780 kB
Node 1 Inactive(anon):      464 kB
Node 1 Active(file):      50904 kB
Node 1 Inactive(file):   146636 kB
Node 1 Unevictable:       17180 kB
Node 1 Mlocked:           17180 kB
Node 1 Dirty:               620 kB
Node 1 Writeback:             0 kB
Node 1 FilePages:        204804 kB
Node 1 Mapped:            70488 kB
Node 1 AnonPages:         21072 kB
Node 1 Shmem:               644 kB
Node 1 KernelStack:        2536 kB
Node 1 PageTables:          888 kB
Node 1 NFS_Unstable:          0 kB
Node 1 Bounce:                0 kB
Node 1 WritebackTmp:          0 kB
Node 1 KReclaimable:      27424 kB
Node 1 Slab:              77404 kB
Node 1 SReclaimable:      27424 kB
Node 1 SUnreclaim:        49980 kB
Node 1 AnonHugePages:         0 kB
Node 1 ShmemHugePages:        0 kB
Node 1 ShmemPmdMapped:        0 kB
Node 1 FileHugePages:        0 kB
Node 1 FilePmdMapped:        0 kB
Node 1 HugePages_Total:     0
Node 1 HugePages_Free:      0
Node 1 HugePages_Surp:      0

After Opposite Node
Node 0 MemTotal:       24743736 kB
Node 0 MemFree:        24197988 kB
Node 0 MemUsed:          545748 kB
Node 0 Active:            40280 kB
Node 0 Inactive:         112144 kB
Node 0 Active(anon):      22716 kB
Node 0 Inactive(anon):      544 kB
Node 0 Active(file):      17564 kB
Node 0 Inactive(file):   111600 kB
Node 0 Unevictable:        1572 kB
Node 0 Mlocked:            1572 kB
Node 0 Dirty:               172 kB
Node 0 Writeback:             0 kB
Node 0 FilePages:        131448 kB
Node 0 Mapped:            28032 kB
Node 0 AnonPages:         22412 kB
Node 0 Shmem:               712 kB
Node 0 KernelStack:        2200 kB
Node 0 PageTables:          648 kB
Node 0 NFS_Unstable:          0 kB
Node 0 Bounce:                0 kB
Node 0 WritebackTmp:          0 kB
Node 0 KReclaimable:      17844 kB
Node 0 Slab:              54232 kB
Node 0 SReclaimable:      17844 kB
Node 0 SUnreclaim:        36388 kB
Node 0 AnonHugePages:         0 kB
Node 0 ShmemHugePages:        0 kB
Node 0 ShmemPmdMapped:        0 kB
Node 0 FileHugePages:        0 kB
Node 0 FilePmdMapped:        0 kB
Node 0 HugePages_Total:     0
Node 0 HugePages_Free:      0
Node 0 HugePages_Surp:      0

Node 1 MemTotal:       24686196 kB
Node 1 MemFree:        22863684 kB
Node 1 MemUsed:         1822512 kB
Node 1 Active:            61748 kB
Node 1 Inactive:         146896 kB
Node 1 Active(anon):      10640 kB
Node 1 Inactive(anon):      440 kB
Node 1 Active(file):      51108 kB
Node 1 Inactive(file):   146456 kB
Node 1 Unevictable:       17180 kB
Node 1 Mlocked:           17180 kB
Node 1 Dirty:               472 kB
Node 1 Writeback:             0 kB
Node 1 FilePages:        204788 kB
Node 1 Mapped:            70448 kB
Node 1 AnonPages:         21036 kB
Node 1 Shmem:               600 kB
Node 1 KernelStack:        2520 kB
Node 1 PageTables:          768 kB
Node 1 NFS_Unstable:          0 kB
Node 1 Bounce:                0 kB
Node 1 WritebackTmp:          0 kB
Node 1 KReclaimable:      27464 kB
Node 1 Slab:              77208 kB
Node 1 SReclaimable:      27464 kB
Node 1 SUnreclaim:        49744 kB
Node 1 AnonHugePages:         0 kB
Node 1 ShmemHugePages:        0 kB
Node 1 ShmemPmdMapped:        0 kB
Node 1 FileHugePages:        0 kB
Node 1 FilePmdMapped:        0 kB
Node 1 HugePages_Total:     0
Node 1 HugePages_Free:      0
Node 1 HugePages_Surp:      0

B.1.fio.750M.1.O Complete!
