B.1.fio.500M.1.O
Begin
Node 0 MemTotal:       24743736 kB
Node 0 MemFree:        24467924 kB
Node 0 MemUsed:          275812 kB
Node 0 Active:            46632 kB
Node 0 Inactive:          71244 kB
Node 0 Active(anon):      23988 kB
Node 0 Inactive(anon):      352 kB
Node 0 Active(file):      22644 kB
Node 0 Inactive(file):    70892 kB
Node 0 Unevictable:       17488 kB
Node 0 Mlocked:           17488 kB
Node 0 Dirty:               504 kB
Node 0 Writeback:             0 kB
Node 0 FilePages:        101364 kB
Node 0 Mapped:            44016 kB
Node 0 AnonPages:         34148 kB
Node 0 Shmem:               528 kB
Node 0 KernelStack:        2392 kB
Node 0 PageTables:          700 kB
Node 0 NFS_Unstable:          0 kB
Node 0 Bounce:                0 kB
Node 0 WritebackTmp:          0 kB
Node 0 KReclaimable:      22056 kB
Node 0 Slab:              56964 kB
Node 0 SReclaimable:      22056 kB
Node 0 SUnreclaim:        34908 kB
Node 0 AnonHugePages:         0 kB
Node 0 ShmemHugePages:        0 kB
Node 0 ShmemPmdMapped:        0 kB
Node 0 FileHugePages:        0 kB
Node 0 FilePmdMapped:        0 kB
Node 0 HugePages_Total:     0
Node 0 HugePages_Free:      0
Node 0 HugePages_Surp:      0

Node 1 MemTotal:       24686196 kB
Node 1 MemFree:        24339452 kB
Node 1 MemUsed:          346744 kB
Node 1 Active:            48872 kB
Node 1 Inactive:          30364 kB
Node 1 Active(anon):       9460 kB
Node 1 Inactive(anon):      528 kB
Node 1 Active(file):      39412 kB
Node 1 Inactive(file):    29836 kB
Node 1 Unevictable:        1036 kB
Node 1 Mlocked:            1036 kB
Node 1 Dirty:                32 kB
Node 1 Writeback:             0 kB
Node 1 FilePages:         71024 kB
Node 1 Mapped:            15800 kB
Node 1 AnonPages:          9300 kB
Node 1 Shmem:               740 kB
Node 1 KernelStack:        1240 kB
Node 1 PageTables:          384 kB
Node 1 NFS_Unstable:          0 kB
Node 1 Bounce:                0 kB
Node 1 WritebackTmp:          0 kB
Node 1 KReclaimable:      19180 kB
Node 1 Slab:              49540 kB
Node 1 SReclaimable:      19180 kB
Node 1 SUnreclaim:        30360 kB
Node 1 AnonHugePages:         0 kB
Node 1 ShmemHugePages:        0 kB
Node 1 ShmemPmdMapped:        0 kB
Node 1 FileHugePages:        0 kB
Node 1 FilePmdMapped:        0 kB
Node 1 HugePages_Total:     0
Node 1 HugePages_Free:      0
Node 1 HugePages_Surp:      0

Load ZFS
Node 0 MemTotal:       24743736 kB
Node 0 MemFree:        24420936 kB
Node 0 MemUsed:          322800 kB
Node 0 Active:            62532 kB
Node 0 Inactive:          95232 kB
Node 0 Active(anon):      38412 kB
Node 0 Inactive(anon):      500 kB
Node 0 Active(file):      24120 kB
Node 0 Inactive(file):    94732 kB
Node 0 Unevictable:       17700 kB
Node 0 Mlocked:           17700 kB
Node 0 Dirty:               576 kB
Node 0 Writeback:             0 kB
Node 0 FilePages:        126660 kB
Node 0 Mapped:            46372 kB
Node 0 AnonPages:         48688 kB
Node 0 Shmem:               652 kB
Node 0 KernelStack:        2948 kB
Node 0 PageTables:         1976 kB
Node 0 NFS_Unstable:          0 kB
Node 0 Bounce:                0 kB
Node 0 WritebackTmp:          0 kB
Node 0 KReclaimable:      23024 kB
Node 0 Slab:              60728 kB
Node 0 SReclaimable:      23024 kB
Node 0 SUnreclaim:        37704 kB
Node 0 AnonHugePages:         0 kB
Node 0 ShmemHugePages:        0 kB
Node 0 ShmemPmdMapped:        0 kB
Node 0 FileHugePages:        0 kB
Node 0 FilePmdMapped:        0 kB
Node 0 HugePages_Total:     0
Node 0 HugePages_Free:      0
Node 0 HugePages_Surp:      0

Node 1 MemTotal:       24686196 kB
Node 1 MemFree:        24240848 kB
Node 1 MemUsed:          445348 kB
Node 1 Active:            59532 kB
Node 1 Inactive:         109872 kB
Node 1 Active(anon):      19068 kB
Node 1 Inactive(anon):      448 kB
Node 1 Active(file):      40464 kB
Node 1 Inactive(file):   109424 kB
Node 1 Unevictable:        1036 kB
Node 1 Mlocked:            1036 kB
Node 1 Dirty:                52 kB
Node 1 Writeback:             0 kB
Node 1 FilePages:        151540 kB
Node 1 Mapped:            17444 kB
Node 1 AnonPages:         18612 kB
Node 1 Shmem:               616 kB
Node 1 KernelStack:        1320 kB
Node 1 PageTables:          824 kB
Node 1 NFS_Unstable:          0 kB
Node 1 Bounce:                0 kB
Node 1 WritebackTmp:          0 kB
Node 1 KReclaimable:      20228 kB
Node 1 Slab:              53620 kB
Node 1 SReclaimable:      20228 kB
Node 1 SUnreclaim:        33392 kB
Node 1 AnonHugePages:         0 kB
Node 1 ShmemHugePages:        0 kB
Node 1 ShmemPmdMapped:        0 kB
Node 1 FileHugePages:        0 kB
Node 1 FilePmdMapped:        0 kB
Node 1 HugePages_Total:     0
Node 1 HugePages_Free:      0
Node 1 HugePages_Surp:      0

Import tank ZPool
Node 0 MemTotal:       24743736 kB
Node 0 MemFree:        24402400 kB
Node 0 MemUsed:          341336 kB
Node 0 Active:            62584 kB
Node 0 Inactive:          96380 kB
Node 0 Active(anon):      38156 kB
Node 0 Inactive(anon):      508 kB
Node 0 Active(file):      24428 kB
Node 0 Inactive(file):    95872 kB
Node 0 Unevictable:       17716 kB
Node 0 Mlocked:           17716 kB
Node 0 Dirty:               520 kB
Node 0 Writeback:             0 kB
Node 0 FilePages:        128108 kB
Node 0 Mapped:            46332 kB
Node 0 AnonPages:         48408 kB
Node 0 Shmem:               652 kB
Node 0 KernelStack:        3976 kB
Node 0 PageTables:         2032 kB
Node 0 NFS_Unstable:          0 kB
Node 0 Bounce:                0 kB
Node 0 WritebackTmp:          0 kB
Node 0 KReclaimable:      23176 kB
Node 0 Slab:              67420 kB
Node 0 SReclaimable:      23176 kB
Node 0 SUnreclaim:        44244 kB
Node 0 AnonHugePages:         0 kB
Node 0 ShmemHugePages:        0 kB
Node 0 ShmemPmdMapped:        0 kB
Node 0 FileHugePages:        0 kB
Node 0 FilePmdMapped:        0 kB
Node 0 HugePages_Total:     0
Node 0 HugePages_Free:      0
Node 0 HugePages_Surp:      0

Node 1 MemTotal:       24686196 kB
Node 1 MemFree:        24242320 kB
Node 1 MemUsed:          443876 kB
Node 1 Active:            59308 kB
Node 1 Inactive:         109868 kB
Node 1 Active(anon):      18828 kB
Node 1 Inactive(anon):      444 kB
Node 1 Active(file):      40480 kB
Node 1 Inactive(file):   109424 kB
Node 1 Unevictable:        1036 kB
Node 1 Mlocked:            1036 kB
Node 1 Dirty:                52 kB
Node 1 Writeback:             0 kB
Node 1 FilePages:        151556 kB
Node 1 Mapped:            17444 kB
Node 1 AnonPages:         18656 kB
Node 1 Shmem:               616 kB
Node 1 KernelStack:        1304 kB
Node 1 PageTables:          792 kB
Node 1 NFS_Unstable:          0 kB
Node 1 Bounce:                0 kB
Node 1 WritebackTmp:          0 kB
Node 1 KReclaimable:      20228 kB
Node 1 Slab:              53592 kB
Node 1 SReclaimable:      20228 kB
Node 1 SUnreclaim:        33364 kB
Node 1 AnonHugePages:         0 kB
Node 1 ShmemHugePages:        0 kB
Node 1 ShmemPmdMapped:        0 kB
Node 1 FileHugePages:        0 kB
Node 1 FilePmdMapped:        0 kB
Node 1 HugePages_Total:     0
Node 1 HugePages_Free:      0
Node 1 HugePages_Surp:      0

After Test
Node 0 MemTotal:       24743736 kB
Node 0 MemFree:        24243592 kB
Node 0 MemUsed:          500144 kB
Node 0 Active:            49156 kB
Node 0 Inactive:          96120 kB
Node 0 Active(anon):      24236 kB
Node 0 Inactive(anon):      504 kB
Node 0 Active(file):      24920 kB
Node 0 Inactive(file):    95616 kB
Node 0 Unevictable:       17716 kB
Node 0 Mlocked:           17716 kB
Node 0 Dirty:               432 kB
Node 0 Writeback:             0 kB
Node 0 FilePages:        128344 kB
Node 0 Mapped:            43964 kB
Node 0 AnonPages:         34644 kB
Node 0 Shmem:               652 kB
Node 0 KernelStack:        3496 kB
Node 0 PageTables:          744 kB
Node 0 NFS_Unstable:          0 kB
Node 0 Bounce:                0 kB
Node 0 WritebackTmp:          0 kB
Node 0 KReclaimable:      23236 kB
Node 0 Slab:              67816 kB
Node 0 SReclaimable:      23236 kB
Node 0 SUnreclaim:        44580 kB
Node 0 AnonHugePages:         0 kB
Node 0 ShmemHugePages:        0 kB
Node 0 ShmemPmdMapped:        0 kB
Node 0 FileHugePages:        0 kB
Node 0 FilePmdMapped:        0 kB
Node 0 HugePages_Total:     0
Node 0 HugePages_Free:      0
Node 0 HugePages_Surp:      0

Node 1 MemTotal:       24686196 kB
Node 1 MemFree:        23359796 kB
Node 1 MemUsed:         1326400 kB
Node 1 Active:            50908 kB
Node 1 Inactive:         110556 kB
Node 1 Active(anon):       9004 kB
Node 1 Inactive(anon):      464 kB
Node 1 Active(file):      41904 kB
Node 1 Inactive(file):   110092 kB
Node 1 Unevictable:        1036 kB
Node 1 Mlocked:            1036 kB
Node 1 Dirty:                40 kB
Node 1 Writeback:             0 kB
Node 1 FilePages:        153692 kB
Node 1 Mapped:            16100 kB
Node 1 AnonPages:          8728 kB
Node 1 Shmem:               660 kB
Node 1 KernelStack:        1256 kB
Node 1 PageTables:          464 kB
Node 1 NFS_Unstable:          0 kB
Node 1 Bounce:                0 kB
Node 1 WritebackTmp:          0 kB
Node 1 KReclaimable:      21516 kB
Node 1 Slab:              61124 kB
Node 1 SReclaimable:      21516 kB
Node 1 SUnreclaim:        39608 kB
Node 1 AnonHugePages:         0 kB
Node 1 ShmemHugePages:        0 kB
Node 1 ShmemPmdMapped:        0 kB
Node 1 FileHugePages:        0 kB
Node 1 FilePmdMapped:        0 kB
Node 1 HugePages_Total:     0
Node 1 HugePages_Free:      0
Node 1 HugePages_Surp:      0

After Opposite Node
Node 0 MemTotal:       24743736 kB
Node 0 MemFree:        24244284 kB
Node 0 MemUsed:          499452 kB
Node 0 Active:            49440 kB
Node 0 Inactive:          96144 kB
Node 0 Active(anon):      24364 kB
Node 0 Inactive(anon):      532 kB
Node 0 Active(file):      25076 kB
Node 0 Inactive(file):    95612 kB
Node 0 Unevictable:       17716 kB
Node 0 Mlocked:           17716 kB
Node 0 Dirty:               452 kB
Node 0 Writeback:             0 kB
Node 0 FilePages:        128540 kB
Node 0 Mapped:            44008 kB
Node 0 AnonPages:         34664 kB
Node 0 Shmem:               696 kB
Node 0 KernelStack:        3544 kB
Node 0 PageTables:          864 kB
Node 0 NFS_Unstable:          0 kB
Node 0 Bounce:                0 kB
Node 0 WritebackTmp:          0 kB
Node 0 KReclaimable:      23296 kB
Node 0 Slab:              67908 kB
Node 0 SReclaimable:      23296 kB
Node 0 SUnreclaim:        44612 kB
Node 0 AnonHugePages:         0 kB
Node 0 ShmemHugePages:        0 kB
Node 0 ShmemPmdMapped:        0 kB
Node 0 FileHugePages:        0 kB
Node 0 FilePmdMapped:        0 kB
Node 0 HugePages_Total:     0
Node 0 HugePages_Free:      0
Node 0 HugePages_Surp:      0

Node 1 MemTotal:       24686196 kB
Node 1 MemFree:        23359940 kB
Node 1 MemUsed:         1326256 kB
Node 1 Active:            50924 kB
Node 1 Inactive:         110372 kB
Node 1 Active(anon):       8852 kB
Node 1 Inactive(anon):      440 kB
Node 1 Active(file):      42072 kB
Node 1 Inactive(file):   109932 kB
Node 1 Unevictable:        1036 kB
Node 1 Mlocked:            1036 kB
Node 1 Dirty:                48 kB
Node 1 Writeback:             0 kB
Node 1 FilePages:        153656 kB
Node 1 Mapped:            16040 kB
Node 1 AnonPages:          8676 kB
Node 1 Shmem:               616 kB
Node 1 KernelStack:        1240 kB
Node 1 PageTables:          348 kB
Node 1 NFS_Unstable:          0 kB
Node 1 Bounce:                0 kB
Node 1 WritebackTmp:          0 kB
Node 1 KReclaimable:      21516 kB
Node 1 Slab:              61108 kB
Node 1 SReclaimable:      21516 kB
Node 1 SUnreclaim:        39592 kB
Node 1 AnonHugePages:         0 kB
Node 1 ShmemHugePages:        0 kB
Node 1 ShmemPmdMapped:        0 kB
Node 1 FileHugePages:        0 kB
Node 1 FilePmdMapped:        0 kB
Node 1 HugePages_Total:     0
Node 1 HugePages_Free:      0
Node 1 HugePages_Surp:      0

B.1.fio.500M.1.O Complete!
