B.1.fio.10M.2.O
Begin
Node 0 MemTotal:       24743736 kB
Node 0 MemFree:        24487492 kB
Node 0 MemUsed:          256244 kB
Node 0 Active:            58848 kB
Node 0 Inactive:          35116 kB
Node 0 Active(anon):      18024 kB
Node 0 Inactive(anon):      524 kB
Node 0 Active(file):      40824 kB
Node 0 Inactive(file):    34592 kB
Node 0 Unevictable:       17028 kB
Node 0 Mlocked:           17028 kB
Node 0 Dirty:               384 kB
Node 0 Writeback:             0 kB
Node 0 FilePages:         82880 kB
Node 0 Mapped:            32740 kB
Node 0 AnonPages:         28164 kB
Node 0 Shmem:               764 kB
Node 0 KernelStack:        1992 kB
Node 0 PageTables:          688 kB
Node 0 NFS_Unstable:          0 kB
Node 0 Bounce:                0 kB
Node 0 WritebackTmp:          0 kB
Node 0 KReclaimable:      22960 kB
Node 0 Slab:              57696 kB
Node 0 SReclaimable:      22960 kB
Node 0 SUnreclaim:        34736 kB
Node 0 AnonHugePages:         0 kB
Node 0 ShmemHugePages:        0 kB
Node 0 ShmemPmdMapped:        0 kB
Node 0 FileHugePages:        0 kB
Node 0 FilePmdMapped:        0 kB
Node 0 HugePages_Total:     0
Node 0 HugePages_Free:      0
Node 0 HugePages_Surp:      0

Node 1 MemTotal:       24686196 kB
Node 1 MemFree:        24333788 kB
Node 1 MemUsed:          352408 kB
Node 1 Active:            36116 kB
Node 1 Inactive:          51788 kB
Node 1 Active(anon):      16176 kB
Node 1 Inactive(anon):      336 kB
Node 1 Active(file):      19940 kB
Node 1 Inactive(file):    51452 kB
Node 1 Unevictable:        1492 kB
Node 1 Mlocked:            1492 kB
Node 1 Dirty:               116 kB
Node 1 Writeback:             0 kB
Node 1 FilePages:         73428 kB
Node 1 Mapped:            12156 kB
Node 1 AnonPages:         16064 kB
Node 1 Shmem:               504 kB
Node 1 KernelStack:        1624 kB
Node 1 PageTables:          412 kB
Node 1 NFS_Unstable:          0 kB
Node 1 Bounce:                0 kB
Node 1 WritebackTmp:          0 kB
Node 1 KReclaimable:      18116 kB
Node 1 Slab:              48800 kB
Node 1 SReclaimable:      18116 kB
Node 1 SUnreclaim:        30684 kB
Node 1 AnonHugePages:         0 kB
Node 1 ShmemHugePages:        0 kB
Node 1 ShmemPmdMapped:        0 kB
Node 1 FileHugePages:        0 kB
Node 1 FilePmdMapped:        0 kB
Node 1 HugePages_Total:     0
Node 1 HugePages_Free:      0
Node 1 HugePages_Surp:      0

Load ZFS
Node 0 MemTotal:       24743736 kB
Node 0 MemFree:        24445892 kB
Node 0 MemUsed:          297844 kB
Node 0 Active:            70832 kB
Node 0 Inactive:          60868 kB
Node 0 Active(anon):      29328 kB
Node 0 Inactive(anon):      528 kB
Node 0 Active(file):      41504 kB
Node 0 Inactive(file):    60340 kB
Node 0 Unevictable:       17228 kB
Node 0 Mlocked:           17228 kB
Node 0 Dirty:               404 kB
Node 0 Writeback:             0 kB
Node 0 FilePages:        109212 kB
Node 0 Mapped:            35256 kB
Node 0 AnonPages:         39860 kB
Node 0 Shmem:               668 kB
Node 0 KernelStack:        2100 kB
Node 0 PageTables:          968 kB
Node 0 NFS_Unstable:          0 kB
Node 0 Bounce:                0 kB
Node 0 WritebackTmp:          0 kB
Node 0 KReclaimable:      23568 kB
Node 0 Slab:              59952 kB
Node 0 SReclaimable:      23568 kB
Node 0 SUnreclaim:        36384 kB
Node 0 AnonHugePages:         0 kB
Node 0 ShmemHugePages:        0 kB
Node 0 ShmemPmdMapped:        0 kB
Node 0 FileHugePages:        0 kB
Node 0 FilePmdMapped:        0 kB
Node 0 HugePages_Total:     0
Node 0 HugePages_Free:      0
Node 0 HugePages_Surp:      0

Node 1 MemTotal:       24686196 kB
Node 1 MemFree:        24232072 kB
Node 1 MemUsed:          454124 kB
Node 1 Active:            51496 kB
Node 1 Inactive:         129504 kB
Node 1 Active(anon):      29796 kB
Node 1 Inactive(anon):      416 kB
Node 1 Active(file):      21700 kB
Node 1 Inactive(file):   129088 kB
Node 1 Unevictable:        1492 kB
Node 1 Mlocked:            1492 kB
Node 1 Dirty:               124 kB
Node 1 Writeback:             0 kB
Node 1 FilePages:        152868 kB
Node 1 Mapped:            14000 kB
Node 1 AnonPages:         29776 kB
Node 1 Shmem:               600 kB
Node 1 KernelStack:        2148 kB
Node 1 PageTables:         1752 kB
Node 1 NFS_Unstable:          0 kB
Node 1 Bounce:                0 kB
Node 1 WritebackTmp:          0 kB
Node 1 KReclaimable:      19156 kB
Node 1 Slab:              53548 kB
Node 1 SReclaimable:      19156 kB
Node 1 SUnreclaim:        34392 kB
Node 1 AnonHugePages:         0 kB
Node 1 ShmemHugePages:        0 kB
Node 1 ShmemPmdMapped:        0 kB
Node 1 FileHugePages:        0 kB
Node 1 FilePmdMapped:        0 kB
Node 1 HugePages_Total:     0
Node 1 HugePages_Free:      0
Node 1 HugePages_Surp:      0

Import tank ZPool
Node 0 MemTotal:       24743736 kB
Node 0 MemFree:        24456504 kB
Node 0 MemUsed:          287232 kB
Node 0 Active:            59484 kB
Node 0 Inactive:          60496 kB
Node 0 Active(anon):      17584 kB
Node 0 Inactive(anon):      532 kB
Node 0 Active(file):      41900 kB
Node 0 Inactive(file):    59964 kB
Node 0 Unevictable:       17260 kB
Node 0 Mlocked:           17260 kB
Node 0 Dirty:               500 kB
Node 0 Writeback:             0 kB
Node 0 FilePages:        109248 kB
Node 0 Mapped:            33088 kB
Node 0 AnonPages:         28004 kB
Node 0 Shmem:               668 kB
Node 0 KernelStack:        1944 kB
Node 0 PageTables:          604 kB
Node 0 NFS_Unstable:          0 kB
Node 0 Bounce:                0 kB
Node 0 WritebackTmp:          0 kB
Node 0 KReclaimable:      23572 kB
Node 0 Slab:              59900 kB
Node 0 SReclaimable:      23572 kB
Node 0 SUnreclaim:        36328 kB
Node 0 AnonHugePages:         0 kB
Node 0 ShmemHugePages:        0 kB
Node 0 ShmemPmdMapped:        0 kB
Node 0 FileHugePages:        0 kB
Node 0 FilePmdMapped:        0 kB
Node 0 HugePages_Total:     0
Node 0 HugePages_Free:      0
Node 0 HugePages_Surp:      0

Node 1 MemTotal:       24686196 kB
Node 1 MemFree:        24231648 kB
Node 1 MemUsed:          454548 kB
Node 1 Active:            38732 kB
Node 1 Inactive:         130536 kB
Node 1 Active(anon):      16552 kB
Node 1 Inactive(anon):      416 kB
Node 1 Active(file):      22180 kB
Node 1 Inactive(file):   130120 kB
Node 1 Unevictable:        1492 kB
Node 1 Mlocked:            1492 kB
Node 1 Dirty:                20 kB
Node 1 Writeback:             0 kB
Node 1 FilePages:        154396 kB
Node 1 Mapped:            12360 kB
Node 1 AnonPages:         16000 kB
Node 1 Shmem:               600 kB
Node 1 KernelStack:        2776 kB
Node 1 PageTables:          556 kB
Node 1 NFS_Unstable:          0 kB
Node 1 Bounce:                0 kB
Node 1 WritebackTmp:          0 kB
Node 1 KReclaimable:      19276 kB
Node 1 Slab:              59148 kB
Node 1 SReclaimable:      19276 kB
Node 1 SUnreclaim:        39872 kB
Node 1 AnonHugePages:         0 kB
Node 1 ShmemHugePages:        0 kB
Node 1 ShmemPmdMapped:        0 kB
Node 1 FileHugePages:        0 kB
Node 1 FilePmdMapped:        0 kB
Node 1 HugePages_Total:     0
Node 1 HugePages_Free:      0
Node 1 HugePages_Surp:      0

After Test
Node 0 MemTotal:       24743736 kB
Node 0 MemFree:        24456504 kB
Node 0 MemUsed:          287232 kB
Node 0 Active:            59532 kB
Node 0 Inactive:          60448 kB
Node 0 Active(anon):      17592 kB
Node 0 Inactive(anon):      524 kB
Node 0 Active(file):      41940 kB
Node 0 Inactive(file):    59924 kB
Node 0 Unevictable:       17260 kB
Node 0 Mlocked:           17260 kB
Node 0 Dirty:               500 kB
Node 0 Writeback:             0 kB
Node 0 FilePages:        109248 kB
Node 0 Mapped:            32824 kB
Node 0 AnonPages:         28004 kB
Node 0 Shmem:               668 kB
Node 0 KernelStack:        1944 kB
Node 0 PageTables:          604 kB
Node 0 NFS_Unstable:          0 kB
Node 0 Bounce:                0 kB
Node 0 WritebackTmp:          0 kB
Node 0 KReclaimable:      23572 kB
Node 0 Slab:              59904 kB
Node 0 SReclaimable:      23572 kB
Node 0 SUnreclaim:        36332 kB
Node 0 AnonHugePages:         0 kB
Node 0 ShmemHugePages:        0 kB
Node 0 ShmemPmdMapped:        0 kB
Node 0 FileHugePages:        0 kB
Node 0 FilePmdMapped:        0 kB
Node 0 HugePages_Total:     0
Node 0 HugePages_Free:      0
Node 0 HugePages_Surp:      0

Node 1 MemTotal:       24686196 kB
Node 1 MemFree:        24203100 kB
Node 1 MemUsed:          483096 kB
Node 1 Active:            39904 kB
Node 1 Inactive:         131704 kB
Node 1 Active(anon):      16500 kB
Node 1 Inactive(anon):      704 kB
Node 1 Active(file):      23404 kB
Node 1 Inactive(file):   131000 kB
Node 1 Unevictable:        1492 kB
Node 1 Mlocked:            1492 kB
Node 1 Dirty:                28 kB
Node 1 Writeback:             0 kB
Node 1 FilePages:        156788 kB
Node 1 Mapped:            12444 kB
Node 1 AnonPages:         16464 kB
Node 1 Shmem:               600 kB
Node 1 KernelStack:        2820 kB
Node 1 PageTables:          472 kB
Node 1 NFS_Unstable:          0 kB
Node 1 Bounce:                0 kB
Node 1 WritebackTmp:          0 kB
Node 1 KReclaimable:      20516 kB
Node 1 Slab:              60796 kB
Node 1 SReclaimable:      20516 kB
Node 1 SUnreclaim:        40280 kB
Node 1 AnonHugePages:         0 kB
Node 1 ShmemHugePages:        0 kB
Node 1 ShmemPmdMapped:        0 kB
Node 1 FileHugePages:        0 kB
Node 1 FilePmdMapped:        0 kB
Node 1 HugePages_Total:     0
Node 1 HugePages_Free:      0
Node 1 HugePages_Surp:      0

After Opposite Node
Node 0 MemTotal:       24743736 kB
Node 0 MemFree:        24456656 kB
Node 0 MemUsed:          287080 kB
Node 0 Active:            59760 kB
Node 0 Inactive:          60500 kB
Node 0 Active(anon):      17800 kB
Node 0 Inactive(anon):      576 kB
Node 0 Active(file):      41960 kB
Node 0 Inactive(file):    59924 kB
Node 0 Unevictable:       17260 kB
Node 0 Mlocked:           17260 kB
Node 0 Dirty:               500 kB
Node 0 Writeback:             0 kB
Node 0 FilePages:        109340 kB
Node 0 Mapped:            32912 kB
Node 0 AnonPages:         28000 kB
Node 0 Shmem:               756 kB
Node 0 KernelStack:        2040 kB
Node 0 PageTables:          864 kB
Node 0 NFS_Unstable:          0 kB
Node 0 Bounce:                0 kB
Node 0 WritebackTmp:          0 kB
Node 0 KReclaimable:      23604 kB
Node 0 Slab:              60156 kB
Node 0 SReclaimable:      23604 kB
Node 0 SUnreclaim:        36552 kB
Node 0 AnonHugePages:         0 kB
Node 0 ShmemHugePages:        0 kB
Node 0 ShmemPmdMapped:        0 kB
Node 0 FileHugePages:        0 kB
Node 0 FilePmdMapped:        0 kB
Node 0 HugePages_Total:     0
Node 0 HugePages_Free:      0
Node 0 HugePages_Surp:      0

Node 1 MemTotal:       24686196 kB
Node 1 MemFree:        24203432 kB
Node 1 MemUsed:          482764 kB
Node 1 Active:            40084 kB
Node 1 Inactive:         131268 kB
Node 1 Active(anon):      16384 kB
Node 1 Inactive(anon):      416 kB
Node 1 Active(file):      23700 kB
Node 1 Inactive(file):   130852 kB
Node 1 Unevictable:        1492 kB
Node 1 Mlocked:            1492 kB
Node 1 Dirty:                48 kB
Node 1 Writeback:             0 kB
Node 1 FilePages:        156644 kB
Node 1 Mapped:            12572 kB
Node 1 AnonPages:         16200 kB
Node 1 Shmem:               600 kB
Node 1 KernelStack:        2760 kB
Node 1 PageTables:          484 kB
Node 1 NFS_Unstable:          0 kB
Node 1 Bounce:                0 kB
Node 1 WritebackTmp:          0 kB
Node 1 KReclaimable:      20552 kB
Node 1 Slab:              60884 kB
Node 1 SReclaimable:      20552 kB
Node 1 SUnreclaim:        40332 kB
Node 1 AnonHugePages:         0 kB
Node 1 ShmemHugePages:        0 kB
Node 1 ShmemPmdMapped:        0 kB
Node 1 FileHugePages:        0 kB
Node 1 FilePmdMapped:        0 kB
Node 1 HugePages_Total:     0
Node 1 HugePages_Free:      0
Node 1 HugePages_Surp:      0

B.1.fio.10M.2.O Complete!
