kernel.numa_balancing = 0
B.0.100M-simpleread.16G.2.O.1M
Begin
Node 0 MemTotal:       24743736 kB
Node 0 MemFree:        24409100 kB
Node 0 MemUsed:          334636 kB
Node 0 Active:            48860 kB
Node 0 Inactive:          25744 kB
Node 0 Active(anon):      11468 kB
Node 0 Inactive(anon):      376 kB
Node 0 Active(file):      37392 kB
Node 0 Inactive(file):    25368 kB
Node 0 Unevictable:        1336 kB
Node 0 Mlocked:            1336 kB
Node 0 Dirty:               272 kB
Node 0 Writeback:             0 kB
Node 0 FilePages:         64704 kB
Node 0 Mapped:            14520 kB
Node 0 AnonPages:         11332 kB
Node 0 Shmem:               552 kB
Node 0 KernelStack:        1832 kB
Node 0 PageTables:          312 kB
Node 0 NFS_Unstable:          0 kB
Node 0 Bounce:                0 kB
Node 0 WritebackTmp:          0 kB
Node 0 KReclaimable:      15964 kB
Node 0 Slab:              40456 kB
Node 0 SReclaimable:      15964 kB
Node 0 SUnreclaim:        24492 kB
Node 0 AnonHugePages:         0 kB
Node 0 ShmemHugePages:        0 kB
Node 0 ShmemPmdMapped:        0 kB
Node 0 FileHugePages:        0 kB
Node 0 FilePmdMapped:        0 kB
Node 0 HugePages_Total:     0
Node 0 HugePages_Free:      0
Node 0 HugePages_Surp:      0

Node 1 MemTotal:       24686196 kB
Node 1 MemFree:        24381756 kB
Node 1 MemUsed:          304440 kB
Node 1 Active:            48096 kB
Node 1 Inactive:          91160 kB
Node 1 Active(anon):      22252 kB
Node 1 Inactive(anon):      524 kB
Node 1 Active(file):      25844 kB
Node 1 Inactive(file):    90636 kB
Node 1 Unevictable:       17184 kB
Node 1 Mlocked:           17184 kB
Node 1 Dirty:               252 kB
Node 1 Writeback:             0 kB
Node 1 FilePages:        124052 kB
Node 1 Mapped:            50600 kB
Node 1 AnonPages:         32388 kB
Node 1 Shmem:               716 kB
Node 1 KernelStack:        1768 kB
Node 1 PageTables:          856 kB
Node 1 NFS_Unstable:          0 kB
Node 1 Bounce:                0 kB
Node 1 WritebackTmp:          0 kB
Node 1 KReclaimable:      25480 kB
Node 1 Slab:              65388 kB
Node 1 SReclaimable:      25480 kB
Node 1 SUnreclaim:        39908 kB
Node 1 AnonHugePages:         0 kB
Node 1 ShmemHugePages:        0 kB
Node 1 ShmemPmdMapped:        0 kB
Node 1 FileHugePages:        0 kB
Node 1 FilePmdMapped:        0 kB
Node 1 HugePages_Total:     0
Node 1 HugePages_Free:      0
Node 1 HugePages_Surp:      0

Load ZFS
Node 0 MemTotal:       24743736 kB
Node 0 MemFree:        24360872 kB
Node 0 MemUsed:          382864 kB
Node 0 Active:            64056 kB
Node 0 Inactive:         115172 kB
Node 0 Active(anon):      25580 kB
Node 0 Inactive(anon):      472 kB
Node 0 Active(file):      38476 kB
Node 0 Inactive(file):   114700 kB
Node 0 Unevictable:        1336 kB
Node 0 Mlocked:            1336 kB
Node 0 Dirty:                60 kB
Node 0 Writeback:             0 kB
Node 0 FilePages:        155144 kB
Node 0 Mapped:            17100 kB
Node 0 AnonPages:         25712 kB
Node 0 Shmem:               632 kB
Node 0 KernelStack:        2184 kB
Node 0 PageTables:         1556 kB
Node 0 NFS_Unstable:          0 kB
Node 0 Bounce:                0 kB
Node 0 WritebackTmp:          0 kB
Node 0 KReclaimable:      16968 kB
Node 0 Slab:              44568 kB
Node 0 SReclaimable:      16968 kB
Node 0 SUnreclaim:        27600 kB
Node 0 AnonHugePages:         0 kB
Node 0 ShmemHugePages:        0 kB
Node 0 ShmemPmdMapped:        0 kB
Node 0 FileHugePages:        0 kB
Node 0 FilePmdMapped:        0 kB
Node 0 HugePages_Total:     0
Node 0 HugePages_Free:      0
Node 0 HugePages_Surp:      0

Node 1 MemTotal:       24686196 kB
Node 1 MemFree:        24287700 kB
Node 1 MemUsed:          398496 kB
Node 1 Active:            59760 kB
Node 1 Inactive:         105228 kB
Node 1 Active(anon):      32616 kB
Node 1 Inactive(anon):      472 kB
Node 1 Active(file):      27144 kB
Node 1 Inactive(file):   104756 kB
Node 1 Unevictable:       17396 kB
Node 1 Mlocked:           17396 kB
Node 1 Dirty:               588 kB
Node 1 Writeback:             0 kB
Node 1 FilePages:        139392 kB
Node 1 Mapped:            52096 kB
Node 1 AnonPages:         42856 kB
Node 1 Shmem:               636 kB
Node 1 KernelStack:        2008 kB
Node 1 PageTables:         1400 kB
Node 1 NFS_Unstable:          0 kB
Node 1 Bounce:                0 kB
Node 1 WritebackTmp:          0 kB
Node 1 KReclaimable:      26200 kB
Node 1 Slab:              68404 kB
Node 1 SReclaimable:      26200 kB
Node 1 SUnreclaim:        42204 kB
Node 1 AnonHugePages:         0 kB
Node 1 ShmemHugePages:        0 kB
Node 1 ShmemPmdMapped:        0 kB
Node 1 FileHugePages:        0 kB
Node 1 FilePmdMapped:        0 kB
Node 1 HugePages_Total:     0
Node 1 HugePages_Free:      0
Node 1 HugePages_Surp:      0

Import tank ZPool
Node 0 MemTotal:       24743736 kB
Node 0 MemFree:        24355772 kB
Node 0 MemUsed:          387964 kB
Node 0 Active:            64980 kB
Node 0 Inactive:         116412 kB
Node 0 Active(anon):      25756 kB
Node 0 Inactive(anon):      476 kB
Node 0 Active(file):      39224 kB
Node 0 Inactive(file):   115936 kB
Node 0 Unevictable:        1336 kB
Node 0 Mlocked:            1336 kB
Node 0 Dirty:                72 kB
Node 0 Writeback:             0 kB
Node 0 FilePages:        156880 kB
Node 0 Mapped:            17356 kB
Node 0 AnonPages:         25228 kB
Node 0 Shmem:               636 kB
Node 0 KernelStack:        2248 kB
Node 0 PageTables:         1540 kB
Node 0 NFS_Unstable:          0 kB
Node 0 Bounce:                0 kB
Node 0 WritebackTmp:          0 kB
Node 0 KReclaimable:      17096 kB
Node 0 Slab:              49904 kB
Node 0 SReclaimable:      17096 kB
Node 0 SUnreclaim:        32808 kB
Node 0 AnonHugePages:         0 kB
Node 0 ShmemHugePages:        0 kB
Node 0 ShmemPmdMapped:        0 kB
Node 0 FileHugePages:        0 kB
Node 0 FilePmdMapped:        0 kB
Node 0 HugePages_Total:     0
Node 0 HugePages_Free:      0
Node 0 HugePages_Surp:      0

Node 1 MemTotal:       24686196 kB
Node 1 MemFree:        24275532 kB
Node 1 MemUsed:          410664 kB
Node 1 Active:            59712 kB
Node 1 Inactive:         105228 kB
Node 1 Active(anon):      32568 kB
Node 1 Inactive(anon):      472 kB
Node 1 Active(file):      27144 kB
Node 1 Inactive(file):   104756 kB
Node 1 Unevictable:       17412 kB
Node 1 Mlocked:           17412 kB
Node 1 Dirty:               536 kB
Node 1 Writeback:             0 kB
Node 1 FilePages:        139388 kB
Node 1 Mapped:            52048 kB
Node 1 AnonPages:         42960 kB
Node 1 Shmem:               632 kB
Node 1 KernelStack:        2952 kB
Node 1 PageTables:         1388 kB
Node 1 NFS_Unstable:          0 kB
Node 1 Bounce:                0 kB
Node 1 WritebackTmp:          0 kB
Node 1 KReclaimable:      26224 kB
Node 1 Slab:              70524 kB
Node 1 SReclaimable:      26224 kB
Node 1 SUnreclaim:        44300 kB
Node 1 AnonHugePages:         0 kB
Node 1 ShmemHugePages:        0 kB
Node 1 ShmemPmdMapped:        0 kB
Node 1 FileHugePages:        0 kB
Node 1 FilePmdMapped:        0 kB
Node 1 HugePages_Total:     0
Node 1 HugePages_Free:      0
Node 1 HugePages_Surp:      0

After Test
Node 0 MemTotal:       24743736 kB
Node 0 MemFree:         7559064 kB
Node 0 MemUsed:        17184672 kB
Node 0 Active:            51292 kB
Node 0 Inactive:         213504 kB
Node 0 Active(anon):      11316 kB
Node 0 Inactive(anon):      468 kB
Node 0 Active(file):      39976 kB
Node 0 Inactive(file):   213036 kB
Node 0 Unevictable:        1336 kB
Node 0 Mlocked:            1336 kB
Node 0 Dirty:                24 kB
Node 0 Writeback:             0 kB
Node 0 FilePages:        255004 kB
Node 0 Mapped:            14612 kB
Node 0 AnonPages:         11320 kB
Node 0 Shmem:               636 kB
Node 0 KernelStack:        1784 kB
Node 0 PageTables:          484 kB
Node 0 NFS_Unstable:          0 kB
Node 0 Bounce:                0 kB
Node 0 WritebackTmp:          0 kB
Node 0 KReclaimable:      17588 kB
Node 0 Slab:             107344 kB
Node 0 SReclaimable:      17588 kB
Node 0 SUnreclaim:        89756 kB
Node 0 AnonHugePages:         0 kB
Node 0 ShmemHugePages:        0 kB
Node 0 ShmemPmdMapped:        0 kB
Node 0 FileHugePages:        0 kB
Node 0 FilePmdMapped:        0 kB
Node 0 HugePages_Total:     0
Node 0 HugePages_Free:      0
Node 0 HugePages_Surp:      0

Node 1 MemTotal:       24686196 kB
Node 1 MemFree:        23337468 kB
Node 1 MemUsed:         1348728 kB
Node 1 Active:            49828 kB
Node 1 Inactive:         104804 kB
Node 1 Active(anon):      22156 kB
Node 1 Inactive(anon):      472 kB
Node 1 Active(file):      27672 kB
Node 1 Inactive(file):   104332 kB
Node 1 Unevictable:       17412 kB
Node 1 Mlocked:           17412 kB
Node 1 Dirty:                24 kB
Node 1 Writeback:             0 kB
Node 1 FilePages:        139492 kB
Node 1 Mapped:            50804 kB
Node 1 AnonPages:         32596 kB
Node 1 Shmem:               632 kB
Node 1 KernelStack:        2648 kB
Node 1 PageTables:          860 kB
Node 1 NFS_Unstable:          0 kB
Node 1 Bounce:                0 kB
Node 1 WritebackTmp:          0 kB
Node 1 KReclaimable:      26316 kB
Node 1 Slab:              73600 kB
Node 1 SReclaimable:      26316 kB
Node 1 SUnreclaim:        47284 kB
Node 1 AnonHugePages:         0 kB
Node 1 ShmemHugePages:        0 kB
Node 1 ShmemPmdMapped:        0 kB
Node 1 FileHugePages:        0 kB
Node 1 FilePmdMapped:        0 kB
Node 1 HugePages_Total:     0
Node 1 HugePages_Free:      0
Node 1 HugePages_Surp:      0

After Opposite Node
Node 0 MemTotal:       24743736 kB
Node 0 MemFree:         7561496 kB
Node 0 MemUsed:        17182240 kB
Node 0 Active:            51168 kB
Node 0 Inactive:         213484 kB
Node 0 Active(anon):      11132 kB
Node 0 Inactive(anon):      468 kB
Node 0 Active(file):      40036 kB
Node 0 Inactive(file):   213016 kB
Node 0 Unevictable:        1336 kB
Node 0 Mlocked:            1336 kB
Node 0 Dirty:                20 kB
Node 0 Writeback:             0 kB
Node 0 FilePages:        255028 kB
Node 0 Mapped:            14604 kB
Node 0 AnonPages:         10984 kB
Node 0 Shmem:               636 kB
Node 0 KernelStack:        1800 kB
Node 0 PageTables:          244 kB
Node 0 NFS_Unstable:          0 kB
Node 0 Bounce:                0 kB
Node 0 WritebackTmp:          0 kB
Node 0 KReclaimable:      17588 kB
Node 0 Slab:             107188 kB
Node 0 SReclaimable:      17588 kB
Node 0 SUnreclaim:        89600 kB
Node 0 AnonHugePages:         0 kB
Node 0 ShmemHugePages:        0 kB
Node 0 ShmemPmdMapped:        0 kB
Node 0 FileHugePages:        0 kB
Node 0 FilePmdMapped:        0 kB
Node 0 HugePages_Total:     0
Node 0 HugePages_Free:      0
Node 0 HugePages_Surp:      0

Node 1 MemTotal:       24686196 kB
Node 1 MemFree:        23335596 kB
Node 1 MemUsed:         1350600 kB
Node 1 Active:            50576 kB
Node 1 Inactive:         104584 kB
Node 1 Active(anon):      22676 kB
Node 1 Inactive(anon):      472 kB
Node 1 Active(file):      27900 kB
Node 1 Inactive(file):   104112 kB
Node 1 Unevictable:       17412 kB
Node 1 Mlocked:           17412 kB
Node 1 Dirty:                 4 kB
Node 1 Writeback:             0 kB
Node 1 FilePages:        139500 kB
Node 1 Mapped:            50808 kB
Node 1 AnonPages:         32932 kB
Node 1 Shmem:               632 kB
Node 1 KernelStack:        2648 kB
Node 1 PageTables:         1104 kB
Node 1 NFS_Unstable:          0 kB
Node 1 Bounce:                0 kB
Node 1 WritebackTmp:          0 kB
Node 1 KReclaimable:      26348 kB
Node 1 Slab:              73768 kB
Node 1 SReclaimable:      26348 kB
Node 1 SUnreclaim:        47420 kB
Node 1 AnonHugePages:         0 kB
Node 1 ShmemHugePages:        0 kB
Node 1 ShmemPmdMapped:        0 kB
Node 1 FileHugePages:        0 kB
Node 1 FilePmdMapped:        0 kB
Node 1 HugePages_Total:     0
Node 1 HugePages_Free:      0
Node 1 HugePages_Surp:      0

B.0.100M-simpleread.16G.2.O.1M Complete!
