35 Tests Remaining!
U.1.huge-simpleread.2-1G.3.O.1M
Begin
Node 0 MemTotal:       24743736 kB
Node 0 MemFree:        24334388 kB
Node 0 MemUsed:          409348 kB
Node 0 Active:            61148 kB
Node 0 Inactive:          51588 kB
Node 0 Active(anon):      19536 kB
Node 0 Inactive(anon):      520 kB
Node 0 Active(file):      41612 kB
Node 0 Inactive(file):    51068 kB
Node 0 Unevictable:        5092 kB
Node 0 Mlocked:            5092 kB
Node 0 Dirty:               148 kB
Node 0 Writeback:             0 kB
Node 0 FilePages:         98580 kB
Node 0 Mapped:            41648 kB
Node 0 AnonPages:         19352 kB
Node 0 Shmem:               796 kB
Node 0 KernelStack:        2360 kB
Node 0 PageTables:          948 kB
Node 0 NFS_Unstable:          0 kB
Node 0 Bounce:                0 kB
Node 0 WritebackTmp:          0 kB
Node 0 KReclaimable:      26584 kB
Node 0 Slab:              67060 kB
Node 0 SReclaimable:      26584 kB
Node 0 SUnreclaim:        40476 kB
Node 0 AnonHugePages:         0 kB
Node 0 ShmemHugePages:        0 kB
Node 0 ShmemPmdMapped:        0 kB
Node 0 FileHugePages:        0 kB
Node 0 FilePmdMapped:        0 kB
Node 0 HugePages_Total:     0
Node 0 HugePages_Free:      0
Node 0 HugePages_Surp:      0

Node 1 MemTotal:       24686196 kB
Node 1 MemFree:        24469764 kB
Node 1 MemUsed:          216432 kB
Node 1 Active:            35844 kB
Node 1 Inactive:          51952 kB
Node 1 Active(anon):      14748 kB
Node 1 Inactive(anon):      360 kB
Node 1 Active(file):      21096 kB
Node 1 Inactive(file):    51592 kB
Node 1 Unevictable:       13432 kB
Node 1 Mlocked:           13432 kB
Node 1 Dirty:               380 kB
Node 1 Writeback:             0 kB
Node 1 FilePages:         76272 kB
Node 1 Mapped:            14576 kB
Node 1 AnonPages:         25024 kB
Node 1 Shmem:               472 kB
Node 1 KernelStack:        1464 kB
Node 1 PageTables:          368 kB
Node 1 NFS_Unstable:          0 kB
Node 1 Bounce:                0 kB
Node 1 WritebackTmp:          0 kB
Node 1 KReclaimable:      15336 kB
Node 1 Slab:              38924 kB
Node 1 SReclaimable:      15336 kB
Node 1 SUnreclaim:        23588 kB
Node 1 AnonHugePages:         0 kB
Node 1 ShmemHugePages:        0 kB
Node 1 ShmemPmdMapped:        0 kB
Node 1 FileHugePages:        0 kB
Node 1 FilePmdMapped:        0 kB
Node 1 HugePages_Total:     0
Node 1 HugePages_Free:      0
Node 1 HugePages_Surp:      0

Load ZFS
Node 0 MemTotal:       24743736 kB
Node 0 MemFree:        24327268 kB
Node 0 MemUsed:          416468 kB
Node 0 Active:            71192 kB
Node 0 Inactive:          47088 kB
Node 0 Active(anon):      23364 kB
Node 0 Inactive(anon):      520 kB
Node 0 Active(file):      47828 kB
Node 0 Inactive(file):    46568 kB
Node 0 Unevictable:        5092 kB
Node 0 Mlocked:            5092 kB
Node 0 Dirty:               184 kB
Node 0 Writeback:             0 kB
Node 0 FilePages:        100280 kB
Node 0 Mapped:            41480 kB
Node 0 AnonPages:         23092 kB
Node 0 Shmem:               796 kB
Node 0 KernelStack:        2200 kB
Node 0 PageTables:         1148 kB
Node 0 NFS_Unstable:          0 kB
Node 0 Bounce:                0 kB
Node 0 WritebackTmp:          0 kB
Node 0 KReclaimable:      26884 kB
Node 0 Slab:              68196 kB
Node 0 SReclaimable:      26884 kB
Node 0 SUnreclaim:        41312 kB
Node 0 AnonHugePages:         0 kB
Node 0 ShmemHugePages:        0 kB
Node 0 ShmemPmdMapped:        0 kB
Node 0 FileHugePages:        0 kB
Node 0 FilePmdMapped:        0 kB
Node 0 HugePages_Total:     0
Node 0 HugePages_Free:      0
Node 0 HugePages_Surp:      0

Node 1 MemTotal:       24686196 kB
Node 1 MemFree:        24465736 kB
Node 1 MemUsed:          220460 kB
Node 1 Active:            38096 kB
Node 1 Inactive:          52380 kB
Node 1 Active(anon):      16572 kB
Node 1 Inactive(anon):      360 kB
Node 1 Active(file):      21524 kB
Node 1 Inactive(file):    52020 kB
Node 1 Unevictable:       13432 kB
Node 1 Mlocked:           13432 kB
Node 1 Dirty:               156 kB
Node 1 Writeback:             0 kB
Node 1 FilePages:         77120 kB
Node 1 Mapped:            14736 kB
Node 1 AnonPages:         26848 kB
Node 1 Shmem:               472 kB
Node 1 KernelStack:        1512 kB
Node 1 PageTables:          344 kB
Node 1 NFS_Unstable:          0 kB
Node 1 Bounce:                0 kB
Node 1 WritebackTmp:          0 kB
Node 1 KReclaimable:      15780 kB
Node 1 Slab:              40796 kB
Node 1 SReclaimable:      15780 kB
Node 1 SUnreclaim:        25016 kB
Node 1 AnonHugePages:         0 kB
Node 1 ShmemHugePages:        0 kB
Node 1 ShmemPmdMapped:        0 kB
Node 1 FileHugePages:        0 kB
Node 1 FilePmdMapped:        0 kB
Node 1 HugePages_Total:     0
Node 1 HugePages_Free:      0
Node 1 HugePages_Surp:      0

Import tank ZPool
Node 0 MemTotal:       24743736 kB
Node 0 MemFree:        24323668 kB
Node 0 MemUsed:          420068 kB
Node 0 Active:            71856 kB
Node 0 Inactive:          48180 kB
Node 0 Active(anon):      23684 kB
Node 0 Inactive(anon):      524 kB
Node 0 Active(file):      48172 kB
Node 0 Inactive(file):    47656 kB
Node 0 Unevictable:        5092 kB
Node 0 Mlocked:            5092 kB
Node 0 Dirty:               204 kB
Node 0 Writeback:             0 kB
Node 0 FilePages:        101712 kB
Node 0 Mapped:            41708 kB
Node 0 AnonPages:         23160 kB
Node 0 Shmem:               796 kB
Node 0 KernelStack:        2200 kB
Node 0 PageTables:         1164 kB
Node 0 NFS_Unstable:          0 kB
Node 0 Bounce:                0 kB
Node 0 WritebackTmp:          0 kB
Node 0 KReclaimable:      27044 kB
Node 0 Slab:              70432 kB
Node 0 SReclaimable:      27044 kB
Node 0 SUnreclaim:        43388 kB
Node 0 AnonHugePages:         0 kB
Node 0 ShmemHugePages:        0 kB
Node 0 ShmemPmdMapped:        0 kB
Node 0 FileHugePages:        0 kB
Node 0 FilePmdMapped:        0 kB
Node 0 HugePages_Total:     0
Node 0 HugePages_Free:      0
Node 0 HugePages_Surp:      0

Node 1 MemTotal:       24686196 kB
Node 1 MemFree:        24446156 kB
Node 1 MemUsed:          240040 kB
Node 1 Active:            38624 kB
Node 1 Inactive:          52448 kB
Node 1 Active(anon):      17044 kB
Node 1 Inactive(anon):      360 kB
Node 1 Active(file):      21580 kB
Node 1 Inactive(file):    52088 kB
Node 1 Unevictable:       13432 kB
Node 1 Mlocked:           13432 kB
Node 1 Dirty:                72 kB
Node 1 Writeback:             0 kB
Node 1 FilePages:         77244 kB
Node 1 Mapped:            14616 kB
Node 1 AnonPages:         26888 kB
Node 1 Shmem:               472 kB
Node 1 KernelStack:        2664 kB
Node 1 PageTables:          412 kB
Node 1 NFS_Unstable:          0 kB
Node 1 Bounce:                0 kB
Node 1 WritebackTmp:          0 kB
Node 1 KReclaimable:      15848 kB
Node 1 Slab:              46724 kB
Node 1 SReclaimable:      15848 kB
Node 1 SUnreclaim:        30876 kB
Node 1 AnonHugePages:         0 kB
Node 1 ShmemHugePages:        0 kB
Node 1 ShmemPmdMapped:        0 kB
Node 1 FileHugePages:        0 kB
Node 1 FilePmdMapped:        0 kB
Node 1 HugePages_Total:     0
Node 1 HugePages_Free:      0
Node 1 HugePages_Surp:      0

After Test
Node 0 MemTotal:       24743736 kB
Node 0 MemFree:        23693868 kB
Node 0 MemUsed:         1049868 kB
Node 0 Active:            66708 kB
Node 0 Inactive:          47836 kB
Node 0 Active(anon):      18160 kB
Node 0 Inactive(anon):      524 kB
Node 0 Active(file):      48548 kB
Node 0 Inactive(file):    47312 kB
Node 0 Unevictable:        5092 kB
Node 0 Mlocked:            5092 kB
Node 0 Dirty:               108 kB
Node 0 Writeback:             0 kB
Node 0 FilePages:        101744 kB
Node 0 Mapped:            41488 kB
Node 0 AnonPages:         17888 kB
Node 0 Shmem:               796 kB
Node 0 KernelStack:        2024 kB
Node 0 PageTables:          724 kB
Node 0 NFS_Unstable:          0 kB
Node 0 Bounce:                0 kB
Node 0 WritebackTmp:          0 kB
Node 0 KReclaimable:      27124 kB
Node 0 Slab:              72664 kB
Node 0 SReclaimable:      27124 kB
Node 0 SUnreclaim:        45540 kB
Node 0 AnonHugePages:         0 kB
Node 0 ShmemHugePages:        0 kB
Node 0 ShmemPmdMapped:        0 kB
Node 0 FileHugePages:        0 kB
Node 0 FilePmdMapped:        0 kB
Node 0 HugePages_Total:     0
Node 0 HugePages_Free:      0
Node 0 HugePages_Surp:      0

Node 1 MemTotal:       24686196 kB
Node 1 MemFree:        23104196 kB
Node 1 MemUsed:         1582000 kB
Node 1 Active:            36904 kB
Node 1 Inactive:         150124 kB
Node 1 Active(anon):      14904 kB
Node 1 Inactive(anon):      360 kB
Node 1 Active(file):      22000 kB
Node 1 Inactive(file):   149764 kB
Node 1 Unevictable:       13432 kB
Node 1 Mlocked:           13432 kB
Node 1 Dirty:                40 kB
Node 1 Writeback:             0 kB
Node 1 FilePages:        175340 kB
Node 1 Mapped:            14584 kB
Node 1 AnonPages:         25292 kB
Node 1 Shmem:               472 kB
Node 1 KernelStack:        2664 kB
Node 1 PageTables:          584 kB
Node 1 NFS_Unstable:          0 kB
Node 1 Bounce:                0 kB
Node 1 WritebackTmp:          0 kB
Node 1 KReclaimable:      16108 kB
Node 1 Slab:              54284 kB
Node 1 SReclaimable:      16108 kB
Node 1 SUnreclaim:        38176 kB
Node 1 AnonHugePages:         0 kB
Node 1 ShmemHugePages:        0 kB
Node 1 ShmemPmdMapped:        0 kB
Node 1 FileHugePages:        0 kB
Node 1 FilePmdMapped:        0 kB
Node 1 HugePages_Total:     0
Node 1 HugePages_Free:      0
Node 1 HugePages_Surp:      0

After Opposite Node
Node 0 MemTotal:       24743736 kB
Node 0 MemFree:        23690588 kB
Node 0 MemUsed:         1053148 kB
Node 0 Active:            67140 kB
Node 0 Inactive:          47644 kB
Node 0 Active(anon):      18380 kB
Node 0 Inactive(anon):      524 kB
Node 0 Active(file):      48760 kB
Node 0 Inactive(file):    47120 kB
Node 0 Unevictable:        5092 kB
Node 0 Mlocked:            5092 kB
Node 0 Dirty:               156 kB
Node 0 Writeback:             0 kB
Node 0 FilePages:        101764 kB
Node 0 Mapped:            41564 kB
Node 0 AnonPages:         18072 kB
Node 0 Shmem:               796 kB
Node 0 KernelStack:        1992 kB
Node 0 PageTables:          784 kB
Node 0 NFS_Unstable:          0 kB
Node 0 Bounce:                0 kB
Node 0 WritebackTmp:          0 kB
Node 0 KReclaimable:      27124 kB
Node 0 Slab:              73240 kB
Node 0 SReclaimable:      27124 kB
Node 0 SUnreclaim:        46116 kB
Node 0 AnonHugePages:         0 kB
Node 0 ShmemHugePages:        0 kB
Node 0 ShmemPmdMapped:        0 kB
Node 0 FileHugePages:        0 kB
Node 0 FilePmdMapped:        0 kB
Node 0 HugePages_Total:     0
Node 0 HugePages_Free:      0
Node 0 HugePages_Surp:      0

Node 1 MemTotal:       24686196 kB
Node 1 MemFree:        23104644 kB
Node 1 MemUsed:         1581552 kB
Node 1 Active:            36672 kB
Node 1 Inactive:         150088 kB
Node 1 Active(anon):      14632 kB
Node 1 Inactive(anon):      360 kB
Node 1 Active(file):      22040 kB
Node 1 Inactive(file):   149728 kB
Node 1 Unevictable:       13432 kB
Node 1 Mlocked:           13432 kB
Node 1 Dirty:                48 kB
Node 1 Writeback:             0 kB
Node 1 FilePages:        175352 kB
Node 1 Mapped:            14576 kB
Node 1 AnonPages:         24848 kB
Node 1 Shmem:               472 kB
Node 1 KernelStack:        2680 kB
Node 1 PageTables:          344 kB
Node 1 NFS_Unstable:          0 kB
Node 1 Bounce:                0 kB
Node 1 WritebackTmp:          0 kB
Node 1 KReclaimable:      16108 kB
Node 1 Slab:              54044 kB
Node 1 SReclaimable:      16108 kB
Node 1 SUnreclaim:        37936 kB
Node 1 AnonHugePages:         0 kB
Node 1 ShmemHugePages:        0 kB
Node 1 ShmemPmdMapped:        0 kB
Node 1 FileHugePages:        0 kB
Node 1 FilePmdMapped:        0 kB
Node 1 HugePages_Total:     0
Node 1 HugePages_Free:      0
Node 1 HugePages_Surp:      0

U.1.huge-simpleread.2-1G.3.O.1M Complete!
