U.1.huge-simpleread.4G.3.O.1M
Begin
Node 0 MemTotal:       24768352 kB
Node 0 MemFree:        24431052 kB
Node 0 MemUsed:          337300 kB
Node 0 Active:            41136 kB
Node 0 Inactive:          23020 kB
Node 0 Active(anon):       6676 kB
Node 0 Inactive(anon):      488 kB
Node 0 Active(file):      34460 kB
Node 0 Inactive(file):    22532 kB
Node 0 Unevictable:       13424 kB
Node 0 Mlocked:           13424 kB
Node 0 Dirty:               284 kB
Node 0 Writeback:             0 kB
Node 0 FilePages:         60768 kB
Node 0 Mapped:            13944 kB
Node 0 AnonPages:         16912 kB
Node 0 Shmem:               676 kB
Node 0 KernelStack:        1880 kB
Node 0 PageTables:          372 kB
Node 0 NFS_Unstable:          0 kB
Node 0 Bounce:                0 kB
Node 0 WritebackTmp:          0 kB
Node 0 KReclaimable:      20764 kB
Node 0 Slab:              45132 kB
Node 0 SReclaimable:      20764 kB
Node 0 SUnreclaim:        24368 kB
Node 0 AnonHugePages:         0 kB
Node 0 ShmemHugePages:        0 kB
Node 0 ShmemPmdMapped:        0 kB
Node 0 FileHugePages:        0 kB
Node 0 FilePmdMapped:        0 kB
Node 0 HugePages_Total:     0
Node 0 HugePages_Free:      0
Node 0 HugePages_Surp:      0

Node 1 MemTotal:       24661580 kB
Node 1 MemFree:        24385452 kB
Node 1 MemUsed:          276128 kB
Node 1 Active:            53052 kB
Node 1 Inactive:          69020 kB
Node 1 Active(anon):      26932 kB
Node 1 Inactive(anon):      388 kB
Node 1 Active(file):      26120 kB
Node 1 Inactive(file):    68632 kB
Node 1 Unevictable:        5096 kB
Node 1 Mlocked:            5096 kB
Node 1 Dirty:               240 kB
Node 1 Writeback:             0 kB
Node 1 FilePages:        100448 kB
Node 1 Mapped:            34372 kB
Node 1 AnonPages:         26780 kB
Node 1 Shmem:               592 kB
Node 1 KernelStack:        1736 kB
Node 1 PageTables:          716 kB
Node 1 NFS_Unstable:          0 kB
Node 1 Bounce:                0 kB
Node 1 WritebackTmp:          0 kB
Node 1 KReclaimable:      21036 kB
Node 1 Slab:              62856 kB
Node 1 SReclaimable:      21036 kB
Node 1 SUnreclaim:        41820 kB
Node 1 AnonHugePages:         0 kB
Node 1 ShmemHugePages:        0 kB
Node 1 ShmemPmdMapped:        0 kB
Node 1 FileHugePages:        0 kB
Node 1 FilePmdMapped:        0 kB
Node 1 HugePages_Total:     0
Node 1 HugePages_Free:      0
Node 1 HugePages_Surp:      0

Load ZFS
Node 0 MemTotal:       24768352 kB
Node 0 MemFree:        24560232 kB
Node 0 MemUsed:          208120 kB
Node 0 Active:            49788 kB
Node 0 Inactive:          19272 kB
Node 0 Active(anon):      10048 kB
Node 0 Inactive(anon):      488 kB
Node 0 Active(file):      39740 kB
Node 0 Inactive(file):    18784 kB
Node 0 Unevictable:       13424 kB
Node 0 Mlocked:           13424 kB
Node 0 Dirty:               284 kB
Node 0 Writeback:             0 kB
Node 0 FilePages:         62300 kB
Node 0 Mapped:            14104 kB
Node 0 AnonPages:         20272 kB
Node 0 Shmem:               676 kB
Node 0 KernelStack:        1944 kB
Node 0 PageTables:          612 kB
Node 0 NFS_Unstable:          0 kB
Node 0 Bounce:                0 kB
Node 0 WritebackTmp:          0 kB
Node 0 KReclaimable:      21272 kB
Node 0 Slab:              46568 kB
Node 0 SReclaimable:      21272 kB
Node 0 SUnreclaim:        25296 kB
Node 0 AnonHugePages:         0 kB
Node 0 ShmemHugePages:        0 kB
Node 0 ShmemPmdMapped:        0 kB
Node 0 FileHugePages:        0 kB
Node 0 FilePmdMapped:        0 kB
Node 0 HugePages_Total:     0
Node 0 HugePages_Free:      0
Node 0 HugePages_Surp:      0

Node 1 MemTotal:       24661580 kB
Node 1 MemFree:        24246104 kB
Node 1 MemUsed:          415476 kB
Node 1 Active:            54932 kB
Node 1 Inactive:          68792 kB
Node 1 Active(anon):      27556 kB
Node 1 Inactive(anon):      388 kB
Node 1 Active(file):      27376 kB
Node 1 Inactive(file):    68404 kB
Node 1 Unevictable:        5096 kB
Node 1 Mlocked:            5096 kB
Node 1 Dirty:               272 kB
Node 1 Writeback:             0 kB
Node 1 FilePages:        101464 kB
Node 1 Mapped:            34380 kB
Node 1 AnonPages:         27248 kB
Node 1 Shmem:               592 kB
Node 1 KernelStack:        1752 kB
Node 1 PageTables:          772 kB
Node 1 NFS_Unstable:          0 kB
Node 1 Bounce:                0 kB
Node 1 WritebackTmp:          0 kB
Node 1 KReclaimable:      21440 kB
Node 1 Slab:              65020 kB
Node 1 SReclaimable:      21440 kB
Node 1 SUnreclaim:        43580 kB
Node 1 AnonHugePages:         0 kB
Node 1 ShmemHugePages:        0 kB
Node 1 ShmemPmdMapped:        0 kB
Node 1 FileHugePages:        0 kB
Node 1 FilePmdMapped:        0 kB
Node 1 HugePages_Total:     0
Node 1 HugePages_Free:      0
Node 1 HugePages_Surp:      0

Import tank ZPool
Node 0 MemTotal:       24768352 kB
Node 0 MemFree:        24556240 kB
Node 0 MemUsed:          212112 kB
Node 0 Active:            46448 kB
Node 0 Inactive:          20044 kB
Node 0 Active(anon):       6348 kB
Node 0 Inactive(anon):      492 kB
Node 0 Active(file):      40100 kB
Node 0 Inactive(file):    19552 kB
Node 0 Unevictable:       13424 kB
Node 0 Mlocked:           13424 kB
Node 0 Dirty:                32 kB
Node 0 Writeback:             0 kB
Node 0 FilePages:         63436 kB
Node 0 Mapped:            14224 kB
Node 0 AnonPages:         16268 kB
Node 0 Shmem:               680 kB
Node 0 KernelStack:        1864 kB
Node 0 PageTables:          340 kB
Node 0 NFS_Unstable:          0 kB
Node 0 Bounce:                0 kB
Node 0 WritebackTmp:          0 kB
Node 0 KReclaimable:      21368 kB
Node 0 Slab:              51644 kB
Node 0 SReclaimable:      21368 kB
Node 0 SUnreclaim:        30276 kB
Node 0 AnonHugePages:         0 kB
Node 0 ShmemHugePages:        0 kB
Node 0 ShmemPmdMapped:        0 kB
Node 0 FileHugePages:        0 kB
Node 0 FilePmdMapped:        0 kB
Node 0 HugePages_Total:     0
Node 0 HugePages_Free:      0
Node 0 HugePages_Surp:      0

Node 1 MemTotal:       24661580 kB
Node 1 MemFree:        24230848 kB
Node 1 MemUsed:          430732 kB
Node 1 Active:            54548 kB
Node 1 Inactive:          69112 kB
Node 1 Active(anon):      27032 kB
Node 1 Inactive(anon):      388 kB
Node 1 Active(file):      27516 kB
Node 1 Inactive(file):    68724 kB
Node 1 Unevictable:        5096 kB
Node 1 Mlocked:            5096 kB
Node 1 Dirty:               340 kB
Node 1 Writeback:             0 kB
Node 1 FilePages:        101920 kB
Node 1 Mapped:            34556 kB
Node 1 AnonPages:         26832 kB
Node 1 Shmem:               588 kB
Node 1 KernelStack:        2856 kB
Node 1 PageTables:          752 kB
Node 1 NFS_Unstable:          0 kB
Node 1 Bounce:                0 kB
Node 1 WritebackTmp:          0 kB
Node 1 KReclaimable:      21468 kB
Node 1 Slab:              67832 kB
Node 1 SReclaimable:      21468 kB
Node 1 SUnreclaim:        46364 kB
Node 1 AnonHugePages:         0 kB
Node 1 ShmemHugePages:        0 kB
Node 1 ShmemPmdMapped:        0 kB
Node 1 FileHugePages:        0 kB
Node 1 FilePmdMapped:        0 kB
Node 1 HugePages_Total:     0
Node 1 HugePages_Free:      0
Node 1 HugePages_Surp:      0

After Test
Node 0 MemTotal:       24768352 kB
Node 0 MemFree:        24126088 kB
Node 0 MemUsed:          642264 kB
Node 0 Active:            46356 kB
Node 0 Inactive:          19876 kB
Node 0 Active(anon):       6052 kB
Node 0 Inactive(anon):      492 kB
Node 0 Active(file):      40304 kB
Node 0 Inactive(file):    19384 kB
Node 0 Unevictable:       13424 kB
Node 0 Mlocked:           13424 kB
Node 0 Dirty:                 0 kB
Node 0 Writeback:             0 kB
Node 0 FilePages:         63516 kB
Node 0 Mapped:            13968 kB
Node 0 AnonPages:         16212 kB
Node 0 Shmem:               680 kB
Node 0 KernelStack:        1736 kB
Node 0 PageTables:          292 kB
Node 0 NFS_Unstable:          0 kB
Node 0 Bounce:                0 kB
Node 0 WritebackTmp:          0 kB
Node 0 KReclaimable:      21416 kB
Node 0 Slab:              52556 kB
Node 0 SReclaimable:      21416 kB
Node 0 SUnreclaim:        31140 kB
Node 0 AnonHugePages:         0 kB
Node 0 ShmemHugePages:        0 kB
Node 0 ShmemPmdMapped:        0 kB
Node 0 FileHugePages:        0 kB
Node 0 FilePmdMapped:        0 kB
Node 0 HugePages_Total:     0
Node 0 HugePages_Free:      0
Node 0 HugePages_Surp:      0

Node 1 MemTotal:       24661580 kB
Node 1 MemFree:        19526180 kB
Node 1 MemUsed:         5135400 kB
Node 1 Active:            54928 kB
Node 1 Inactive:         166612 kB
Node 1 Active(anon):      26848 kB
Node 1 Inactive(anon):      388 kB
Node 1 Active(file):      28080 kB
Node 1 Inactive(file):   166224 kB
Node 1 Unevictable:        5096 kB
Node 1 Mlocked:            5096 kB
Node 1 Dirty:                28 kB
Node 1 Writeback:             0 kB
Node 1 FilePages:        200004 kB
Node 1 Mapped:            34388 kB
Node 1 AnonPages:         26824 kB
Node 1 Shmem:               588 kB
Node 1 KernelStack:        2808 kB
Node 1 PageTables:          984 kB
Node 1 NFS_Unstable:          0 kB
Node 1 Bounce:                0 kB
Node 1 WritebackTmp:          0 kB
Node 1 KReclaimable:      21732 kB
Node 1 Slab:              87148 kB
Node 1 SReclaimable:      21732 kB
Node 1 SUnreclaim:        65416 kB
Node 1 AnonHugePages:         0 kB
Node 1 ShmemHugePages:        0 kB
Node 1 ShmemPmdMapped:        0 kB
Node 1 FileHugePages:        0 kB
Node 1 FilePmdMapped:        0 kB
Node 1 HugePages_Total:     0
Node 1 HugePages_Free:      0
Node 1 HugePages_Surp:      0

After Opposite Node
Node 0 MemTotal:       24768352 kB
Node 0 MemFree:        24122668 kB
Node 0 MemUsed:          645684 kB
Node 0 Active:            46672 kB
Node 0 Inactive:          19868 kB
Node 0 Active(anon):       6288 kB
Node 0 Inactive(anon):      492 kB
Node 0 Active(file):      40384 kB
Node 0 Inactive(file):    19376 kB
Node 0 Unevictable:       13424 kB
Node 0 Mlocked:           13424 kB
Node 0 Dirty:                24 kB
Node 0 Writeback:             0 kB
Node 0 FilePages:         63540 kB
Node 0 Mapped:            13944 kB
Node 0 AnonPages:         16672 kB
Node 0 Shmem:               680 kB
Node 0 KernelStack:        1768 kB
Node 0 PageTables:          540 kB
Node 0 NFS_Unstable:          0 kB
Node 0 Bounce:                0 kB
Node 0 WritebackTmp:          0 kB
Node 0 KReclaimable:      21452 kB
Node 0 Slab:              53484 kB
Node 0 SReclaimable:      21452 kB
Node 0 SUnreclaim:        32032 kB
Node 0 AnonHugePages:         0 kB
Node 0 ShmemHugePages:        0 kB
Node 0 ShmemPmdMapped:        0 kB
Node 0 FileHugePages:        0 kB
Node 0 FilePmdMapped:        0 kB
Node 0 HugePages_Total:     0
Node 0 HugePages_Free:      0
Node 0 HugePages_Surp:      0

Node 1 MemTotal:       24661580 kB
Node 1 MemFree:        19528556 kB
Node 1 MemUsed:         5133024 kB
Node 1 Active:            54876 kB
Node 1 Inactive:         166388 kB
Node 1 Active(anon):      26568 kB
Node 1 Inactive(anon):      388 kB
Node 1 Active(file):      28308 kB
Node 1 Inactive(file):   166000 kB
Node 1 Unevictable:        5096 kB
Node 1 Mlocked:            5096 kB
Node 1 Dirty:                56 kB
Node 1 Writeback:             0 kB
Node 1 FilePages:        200008 kB
Node 1 Mapped:            34380 kB
Node 1 AnonPages:         26372 kB
Node 1 Shmem:               588 kB
Node 1 KernelStack:        2776 kB
Node 1 PageTables:          740 kB
Node 1 NFS_Unstable:          0 kB
Node 1 Bounce:                0 kB
Node 1 WritebackTmp:          0 kB
Node 1 KReclaimable:      21732 kB
Node 1 Slab:              87048 kB
Node 1 SReclaimable:      21732 kB
Node 1 SUnreclaim:        65316 kB
Node 1 AnonHugePages:         0 kB
Node 1 ShmemHugePages:        0 kB
Node 1 ShmemPmdMapped:        0 kB
Node 1 FileHugePages:        0 kB
Node 1 FilePmdMapped:        0 kB
Node 1 HugePages_Total:     0
Node 1 HugePages_Free:      0
Node 1 HugePages_Surp:      0

U.1.huge-simpleread.4G.3.O.1M Complete!
